[0.015s][info][gc,init] CardTable entry size: 512
[0.016s][info][gc     ] Using G1
[0.031s][info][gc,init] Version: 20+36-2344 (release)
[0.031s][info][gc,init] CPUs: 48 total, 48 available
[0.031s][info][gc,init] Memory: 382G
[0.031s][info][gc,init] Large Page Support: Disabled
[0.031s][info][gc,init] NUMA Support: Disabled
[0.031s][info][gc,init] Compressed Oops: Enabled (Zero based)
[0.031s][info][gc,init] Heap Region Size: 2M
[0.031s][info][gc,init] Heap Min Capacity: 8M
[0.031s][info][gc,init] Heap Initial Capacity: 2G
[0.031s][info][gc,init] Heap Max Capacity: 4G
[0.042s][info][gc,init] Pre-touch: Disabled
[0.042s][info][gc,init] Parallel Workers: 33
[0.042s][info][gc,init] Concurrent Workers: 8
[0.042s][info][gc,init] Concurrent Refinement Workers: 33
[0.042s][info][gc,init] Periodic GC: Disabled
[0.043s][info][gc,metaspace] CDS archive(s) mapped at: [0x0000000800000000-0x0000000800c60000-0x0000000800c60000), size 12976128, SharedBaseAddress: 0x0000000800000000, ArchiveRelocationMode: 0.
[0.043s][info][gc,metaspace] Compressed class space mapped at: 0x0000000801000000-0x0000000841000000, reserved size: 1073741824
[0.043s][info][gc,metaspace] Narrow klass base: 0x0000000800000000, Narrow klass shift: 0, Narrow klass range: 0x100000000
[1.074s][info][gc,start    ] GC(0) Pause Full (System.gc())
[1.075s][info][gc,task     ] GC(0) Using 14 workers of 33 for full compaction
[1.076s][info][gc,phases,start] GC(0) Phase 1: Mark live objects
[1.080s][info][gc,phases      ] GC(0) Phase 1: Mark live objects 4.021ms
[1.080s][info][gc,phases,start] GC(0) Phase 2: Prepare compaction
[1.082s][info][gc,phases      ] GC(0) Phase 2: Prepare compaction 2.732ms
[1.082s][info][gc,phases,start] GC(0) Phase 3: Adjust pointers
[1.085s][info][gc,phases      ] GC(0) Phase 3: Adjust pointers 2.331ms
[1.085s][info][gc,phases,start] GC(0) Phase 4: Compact heap
[1.087s][info][gc,phases      ] GC(0) Phase 4: Compact heap 2.114ms
[1.105s][info][gc,heap        ] GC(0) Eden regions: 14->0(11)
[1.105s][info][gc,heap        ] GC(0) Survivor regions: 0->0(0)
[1.105s][info][gc,heap        ] GC(0) Old regions: 0->14
[1.105s][info][gc,heap        ] GC(0) Archive regions: 0->0
[1.105s][info][gc,heap        ] GC(0) Humongous regions: 0->0
[1.105s][info][gc,metaspace   ] GC(0) Metaspace: 8309K(8512K)->8309K(8512K) NonClass: 7192K(7296K)->7192K(7296K) Class: 1116K(1216K)->1116K(1216K)
[1.106s][info][gc             ] GC(0) Pause Full (System.gc()) 27M->3M(94M) 31.991ms
[1.106s][info][gc,cpu         ] GC(0) User=0.03s Sys=0.20s Real=0.03s
[1.338s][info][gc,start       ] GC(1) Pause Young (Normal) (G1 Evacuation Pause)
[1.338s][info][gc,task        ] GC(1) Using 8 workers of 33 for evacuation
[1.340s][info][gc,phases      ] GC(1)   Pre Evacuate Collection Set: 0.1ms
[1.340s][info][gc,phases      ] GC(1)   Merge Heap Roots: 0.2ms
[1.340s][info][gc,phases      ] GC(1)   Evacuate Collection Set: 1.5ms
[1.340s][info][gc,phases      ] GC(1)   Post Evacuate Collection Set: 0.6ms
[1.340s][info][gc,phases      ] GC(1)   Other: 0.2ms
[1.341s][info][gc,heap        ] GC(1) Eden regions: 11->0(26)
[1.341s][info][gc,heap        ] GC(1) Survivor regions: 0->1(2)
[1.341s][info][gc,heap        ] GC(1) Old regions: 14->14
[1.341s][info][gc,heap        ] GC(1) Archive regions: 0->0
[1.341s][info][gc,heap        ] GC(1) Humongous regions: 0->0
[1.341s][info][gc,metaspace   ] GC(1) Metaspace: 9718K(9984K)->9718K(9984K) NonClass: 8417K(8576K)->8417K(8576K) Class: 1301K(1408K)->1301K(1408K)
[1.341s][info][gc             ] GC(1) Pause Young (Normal) (G1 Evacuation Pause) 25M->5M(94M) 3.065ms
[1.341s][info][gc,cpu         ] GC(1) User=0.02s Sys=0.02s Real=0.02s
[1.607s][info][gc,start       ] GC(2) Pause Young (Normal) (G1 Evacuation Pause)
[1.607s][info][gc,task        ] GC(2) Using 5 workers of 33 for evacuation
[1.610s][info][gc,phases      ] GC(2)   Pre Evacuate Collection Set: 0.1ms
[1.610s][info][gc,phases      ] GC(2)   Merge Heap Roots: 0.1ms
[1.610s][info][gc,phases      ] GC(2)   Evacuate Collection Set: 1.9ms
[1.610s][info][gc,phases      ] GC(2)   Post Evacuate Collection Set: 0.5ms
[1.610s][info][gc,phases      ] GC(2)   Other: 0.1ms
[1.610s][info][gc,heap        ] GC(2) Eden regions: 26->0(27)
[1.610s][info][gc,heap        ] GC(2) Survivor regions: 1->1(4)
[1.610s][info][gc,heap        ] GC(2) Old regions: 14->14
[1.610s][info][gc,heap        ] GC(2) Archive regions: 0->0
[1.610s][info][gc,heap        ] GC(2) Humongous regions: 0->0
[1.610s][info][gc,metaspace   ] GC(2) Metaspace: 9802K(10112K)->9802K(10112K) NonClass: 8500K(8704K)->8500K(8704K) Class: 1301K(1408K)->1301K(1408K)
[1.611s][info][gc             ] GC(2) Pause Young (Normal) (G1 Evacuation Pause) 57M->5M(94M) 3.385ms
[1.611s][info][gc,cpu         ] GC(2) User=0.08s Sys=0.03s Real=0.02s
[1.846s][info][gc,start       ] GC(3) Pause Young (Normal) (G1 Evacuation Pause)
[1.846s][info][gc,task        ] GC(3) Using 3 workers of 33 for evacuation
[1.850s][info][gc,phases      ] GC(3)   Pre Evacuate Collection Set: 0.1ms
[1.850s][info][gc,phases      ] GC(3)   Merge Heap Roots: 0.1ms
[1.850s][info][gc,phases      ] GC(3)   Evacuate Collection Set: 3.8ms
[1.850s][info][gc,phases      ] GC(3)   Post Evacuate Collection Set: 0.5ms
[1.850s][info][gc,phases      ] GC(3)   Other: 0.1ms
[1.850s][info][gc,heap        ] GC(3) Eden regions: 27->0(27)
[1.851s][info][gc,heap        ] GC(3) Survivor regions: 1->1(4)
[1.851s][info][gc,heap        ] GC(3) Old regions: 14->14
[1.851s][info][gc,heap        ] GC(3) Archive regions: 0->0
[1.851s][info][gc,heap        ] GC(3) Humongous regions: 0->0
[1.851s][info][gc,metaspace   ] GC(3) Metaspace: 9826K(10112K)->9826K(10112K) NonClass: 8524K(8704K)->8524K(8704K) Class: 1301K(1408K)->1301K(1408K)
[1.851s][info][gc             ] GC(3) Pause Young (Normal) (G1 Evacuation Pause) 59M->5M(94M) 5.079ms
[1.851s][info][gc,cpu         ] GC(3) User=0.00s Sys=0.00s Real=0.00s
[2.091s][info][gc,start       ] GC(4) Pause Young (Normal) (G1 Evacuation Pause)
[2.091s][info][gc,task        ] GC(4) Using 2 workers of 33 for evacuation
[2.097s][info][gc,phases      ] GC(4)   Pre Evacuate Collection Set: 0.1ms
[2.097s][info][gc,phases      ] GC(4)   Merge Heap Roots: 0.1ms
[2.097s][info][gc,phases      ] GC(4)   Evacuate Collection Set: 4.9ms
[2.097s][info][gc,phases      ] GC(4)   Post Evacuate Collection Set: 0.5ms
[2.097s][info][gc,phases      ] GC(4)   Other: 0.1ms
[2.097s][info][gc,heap        ] GC(4) Eden regions: 27->0(27)
[2.097s][info][gc,heap        ] GC(4) Survivor regions: 1->1(4)
[2.097s][info][gc,heap        ] GC(4) Old regions: 14->14
[2.097s][info][gc,heap        ] GC(4) Archive regions: 0->0
[2.097s][info][gc,heap        ] GC(4) Humongous regions: 0->0
[2.097s][info][gc,metaspace   ] GC(4) Metaspace: 9826K(10112K)->9826K(10112K) NonClass: 8524K(8704K)->8524K(8704K) Class: 1301K(1408K)->1301K(1408K)
[2.097s][info][gc             ] GC(4) Pause Young (Normal) (G1 Evacuation Pause) 59M->5M(94M) 6.239ms
[2.097s][info][gc,cpu         ] GC(4) User=0.03s Sys=0.00s Real=0.01s
[2.334s][info][gc,start       ] GC(5) Pause Young (Normal) (G1 Evacuation Pause)
[2.334s][info][gc,task        ] GC(5) Using 2 workers of 33 for evacuation
[2.347s][info][gc,phases      ] GC(5)   Pre Evacuate Collection Set: 0.1ms
[2.347s][info][gc,phases      ] GC(5)   Merge Heap Roots: 0.1ms
[2.347s][info][gc,phases      ] GC(5)   Evacuate Collection Set: 4.8ms
[2.347s][info][gc,phases      ] GC(5)   Post Evacuate Collection Set: 8.2ms
[2.347s][info][gc,phases      ] GC(5)   Other: 0.1ms
[2.347s][info][gc,heap        ] GC(5) Eden regions: 27->0(320)
[2.348s][info][gc,heap        ] GC(5) Survivor regions: 1->1(4)
[2.348s][info][gc,heap        ] GC(5) Old regions: 14->14
[2.348s][info][gc,heap        ] GC(5) Archive regions: 0->0
[2.348s][info][gc,heap        ] GC(5) Humongous regions: 0->0
[2.348s][info][gc,metaspace   ] GC(5) Metaspace: 9826K(10112K)->9826K(10112K) NonClass: 8524K(8704K)->8524K(8704K) Class: 1301K(1408K)->1301K(1408K)
[2.348s][info][gc             ] GC(5) Pause Young (Normal) (G1 Evacuation Pause) 59M->5M(1072M) 13.871ms
[2.348s][info][gc,cpu         ] GC(5) User=0.03s Sys=0.00s Real=0.02s
[5.443s][info][gc,start       ] GC(6) Pause Young (Normal) (G1 Evacuation Pause)
[5.444s][info][gc,task        ] GC(6) Using 25 workers of 33 for evacuation
[5.448s][info][gc,phases      ] GC(6)   Pre Evacuate Collection Set: 0.2ms
[5.448s][info][gc,phases      ] GC(6)   Merge Heap Roots: 0.3ms
[5.448s][info][gc,phases      ] GC(6)   Evacuate Collection Set: 1.9ms
[5.448s][info][gc,phases      ] GC(6)   Post Evacuate Collection Set: 1.0ms
[5.448s][info][gc,phases      ] GC(6)   Other: 1.1ms
[5.448s][info][gc,heap        ] GC(6) Eden regions: 320->0(320)
[5.448s][info][gc,heap        ] GC(6) Survivor regions: 1->1(41)
[5.448s][info][gc,heap        ] GC(6) Old regions: 14->14
[5.448s][info][gc,heap        ] GC(6) Archive regions: 0->0
[5.448s][info][gc,heap        ] GC(6) Humongous regions: 0->0
[5.448s][info][gc,metaspace   ] GC(6) Metaspace: 9827K(10112K)->9827K(10112K) NonClass: 8525K(8704K)->8525K(8704K) Class: 1301K(1408K)->1301K(1408K)
[5.448s][info][gc             ] GC(6) Pause Young (Normal) (G1 Evacuation Pause) 645M->5M(1072M) 5.010ms
[5.448s][info][gc,cpu         ] GC(6) User=0.00s Sys=0.00s Real=0.00s
[8.312s][info][gc,start       ] GC(7) Pause Young (Normal) (G1 Evacuation Pause)
[8.312s][info][gc,task        ] GC(7) Using 25 workers of 33 for evacuation
[8.316s][info][gc,phases      ] GC(7)   Pre Evacuate Collection Set: 0.2ms
[8.316s][info][gc,phases      ] GC(7)   Merge Heap Roots: 0.3ms
[8.316s][info][gc,phases      ] GC(7)   Evacuate Collection Set: 2.2ms
[8.316s][info][gc,phases      ] GC(7)   Post Evacuate Collection Set: 1.0ms
[8.316s][info][gc,phases      ] GC(7)   Other: 0.2ms
[8.316s][info][gc,heap        ] GC(7) Eden regions: 320->0(320)
[8.316s][info][gc,heap        ] GC(7) Survivor regions: 1->1(41)
[8.316s][info][gc,heap        ] GC(7) Old regions: 14->14
[8.316s][info][gc,heap        ] GC(7) Archive regions: 0->0
[8.316s][info][gc,heap        ] GC(7) Humongous regions: 0->0
[8.316s][info][gc,metaspace   ] GC(7) Metaspace: 9827K(10112K)->9827K(10112K) NonClass: 8525K(8704K)->8525K(8704K) Class: 1301K(1408K)->1301K(1408K)
[8.316s][info][gc             ] GC(7) Pause Young (Normal) (G1 Evacuation Pause) 645M->5M(1072M) 4.424ms
[8.316s][info][gc,cpu         ] GC(7) User=0.00s Sys=0.00s Real=0.00s
[8.704s][info][gc,start       ] GC(8) Pause Full (System.gc())
[8.704s][info][gc,task        ] GC(8) Using 25 workers of 33 for full compaction
[8.705s][info][gc,phases,start] GC(8) Phase 1: Mark live objects
[8.714s][info][gc,phases      ] GC(8) Phase 1: Mark live objects 8.687ms
[8.714s][info][gc,phases,start] GC(8) Phase 2: Prepare compaction
[8.717s][info][gc,phases      ] GC(8) Phase 2: Prepare compaction 3.587ms
[8.718s][info][gc,phases,start] GC(8) Phase 3: Adjust pointers
[8.722s][info][gc,phases      ] GC(8) Phase 3: Adjust pointers 4.387ms
[8.722s][info][gc,phases,start] GC(8) Phase 4: Compact heap
[8.723s][info][gc,phases      ] GC(8) Phase 4: Compact heap 0.692ms
[8.735s][info][gc,heap        ] GC(8) Eden regions: 44->0(34)
[8.735s][info][gc,heap        ] GC(8) Survivor regions: 1->0(41)
[8.735s][info][gc,heap        ] GC(8) Old regions: 14->17
[8.735s][info][gc,heap        ] GC(8) Archive regions: 0->0
[8.735s][info][gc,heap        ] GC(8) Humongous regions: 0->0
[8.735s][info][gc,metaspace   ] GC(8) Metaspace: 9888K(10176K)->9849K(10176K) NonClass: 8575K(8768K)->8548K(8768K) Class: 1312K(1408K)->1301K(1408K)
[8.735s][info][gc             ] GC(8) Pause Full (System.gc()) 92M->3M(114M) 31.046ms
[8.735s][info][gc,cpu         ] GC(8) User=0.03s Sys=0.25s Real=0.03s
[9.016s][info][gc,start       ] GC(9) Pause Young (Normal) (G1 Evacuation Pause)
[9.017s][info][gc,task        ] GC(9) Using 13 workers of 33 for evacuation
[9.018s][info][gc,phases      ] GC(9)   Pre Evacuate Collection Set: 0.1ms
[9.018s][info][gc,phases      ] GC(9)   Merge Heap Roots: 0.1ms
[9.018s][info][gc,phases      ] GC(9)   Evacuate Collection Set: 0.9ms
[9.018s][info][gc,phases      ] GC(9)   Post Evacuate Collection Set: 0.5ms
[9.018s][info][gc,phases      ] GC(9)   Other: 0.1ms
[9.018s][info][gc,heap        ] GC(9) Eden regions: 34->0(33)
[9.019s][info][gc,heap        ] GC(9) Survivor regions: 0->1(5)
[9.019s][info][gc,heap        ] GC(9) Old regions: 17->17
[9.019s][info][gc,heap        ] GC(9) Archive regions: 0->0
[9.019s][info][gc,heap        ] GC(9) Humongous regions: 0->0
[9.019s][info][gc,metaspace   ] GC(9) Metaspace: 9852K(10176K)->9852K(10176K) NonClass: 8550K(8768K)->8550K(8768K) Class: 1302K(1408K)->1302K(1408K)
[9.019s][info][gc             ] GC(9) Pause Young (Normal) (G1 Evacuation Pause) 71M->5M(114M) 2.311ms
[9.019s][info][gc,cpu         ] GC(9) User=0.00s Sys=0.00s Real=0.00s
[9.304s][info][gc,start       ] GC(10) Pause Young (Normal) (G1 Evacuation Pause)
[9.304s][info][gc,task        ] GC(10) Using 7 workers of 33 for evacuation
[9.306s][info][gc,phases      ] GC(10)   Pre Evacuate Collection Set: 0.1ms
[9.307s][info][gc,phases      ] GC(10)   Merge Heap Roots: 0.1ms
[9.307s][info][gc,phases      ] GC(10)   Evacuate Collection Set: 1.3ms
[9.307s][info][gc,phases      ] GC(10)   Post Evacuate Collection Set: 0.5ms
[9.307s][info][gc,phases      ] GC(10)   Other: 0.1ms
[9.307s][info][gc,heap        ] GC(10) Eden regions: 33->0(33)
[9.307s][info][gc,heap        ] GC(10) Survivor regions: 1->1(5)
[9.307s][info][gc,heap        ] GC(10) Old regions: 17->17
[9.307s][info][gc,heap        ] GC(10) Archive regions: 0->0
[9.307s][info][gc,heap        ] GC(10) Humongous regions: 0->0
[9.307s][info][gc,metaspace   ] GC(10) Metaspace: 9852K(10176K)->9852K(10176K) NonClass: 8550K(8768K)->8550K(8768K) Class: 1302K(1408K)->1302K(1408K)
[9.307s][info][gc             ] GC(10) Pause Young (Normal) (G1 Evacuation Pause) 71M->5M(114M) 2.582ms
[9.307s][info][gc,cpu         ] GC(10) User=0.00s Sys=0.00s Real=0.00s
[9.605s][info][gc,start       ] GC(11) Pause Young (Normal) (G1 Evacuation Pause)
[9.605s][info][gc,task        ] GC(11) Using 4 workers of 33 for evacuation
[9.607s][info][gc,phases      ] GC(11)   Pre Evacuate Collection Set: 0.1ms
[9.607s][info][gc,phases      ] GC(11)   Merge Heap Roots: 0.1ms
[9.607s][info][gc,phases      ] GC(11)   Evacuate Collection Set: 1.6ms
[9.607s][info][gc,phases      ] GC(11)   Post Evacuate Collection Set: 0.5ms
[9.607s][info][gc,phases      ] GC(11)   Other: 0.1ms
[9.607s][info][gc,heap        ] GC(11) Eden regions: 33->0(33)
[9.607s][info][gc,heap        ] GC(11) Survivor regions: 1->1(5)
[9.607s][info][gc,heap        ] GC(11) Old regions: 17->17
[9.607s][info][gc,heap        ] GC(11) Archive regions: 0->0
[9.608s][info][gc,heap        ] GC(11) Humongous regions: 0->0
[9.608s][info][gc,metaspace   ] GC(11) Metaspace: 9852K(10176K)->9852K(10176K) NonClass: 8550K(8768K)->8550K(8768K) Class: 1302K(1408K)->1302K(1408K)
[9.608s][info][gc             ] GC(11) Pause Young (Normal) (G1 Evacuation Pause) 71M->5M(114M) 2.939ms
[9.608s][info][gc,cpu         ] GC(11) User=0.00s Sys=0.00s Real=0.00s
[9.902s][info][gc,start       ] GC(12) Pause Young (Normal) (G1 Evacuation Pause)
[9.902s][info][gc,task        ] GC(12) Using 3 workers of 33 for evacuation
[9.905s][info][gc,phases      ] GC(12)   Pre Evacuate Collection Set: 0.1ms
[9.905s][info][gc,phases      ] GC(12)   Merge Heap Roots: 0.1ms
[9.905s][info][gc,phases      ] GC(12)   Evacuate Collection Set: 2.4ms
[9.905s][info][gc,phases      ] GC(12)   Post Evacuate Collection Set: 0.5ms
[9.905s][info][gc,phases      ] GC(12)   Other: 0.1ms
[9.905s][info][gc,heap        ] GC(12) Eden regions: 33->0(33)
[9.906s][info][gc,heap        ] GC(12) Survivor regions: 1->1(5)
[9.906s][info][gc,heap        ] GC(12) Old regions: 17->17
[9.906s][info][gc,heap        ] GC(12) Archive regions: 0->0
[9.906s][info][gc,heap        ] GC(12) Humongous regions: 0->0
[9.906s][info][gc,metaspace   ] GC(12) Metaspace: 9852K(10176K)->9852K(10176K) NonClass: 8550K(8768K)->8550K(8768K) Class: 1302K(1408K)->1302K(1408K)
[9.906s][info][gc             ] GC(12) Pause Young (Normal) (G1 Evacuation Pause) 71M->5M(114M) 3.756ms
[9.906s][info][gc,cpu         ] GC(12) User=0.00s Sys=0.00s Real=0.00s
[10.196s][info][gc,start       ] GC(13) Pause Young (Normal) (G1 Evacuation Pause)
[10.197s][info][gc,task        ] GC(13) Using 2 workers of 33 for evacuation
[10.201s][info][gc,phases      ] GC(13)   Pre Evacuate Collection Set: 0.1ms
[10.201s][info][gc,phases      ] GC(13)   Merge Heap Roots: 0.1ms
[10.201s][info][gc,phases      ] GC(13)   Evacuate Collection Set: 4.0ms
[10.201s][info][gc,phases      ] GC(13)   Post Evacuate Collection Set: 0.3ms
[10.201s][info][gc,phases      ] GC(13)   Other: 0.1ms
[10.201s][info][gc,heap        ] GC(13) Eden regions: 33->0(33)
[10.201s][info][gc,heap        ] GC(13) Survivor regions: 1->1(5)
[10.201s][info][gc,heap        ] GC(13) Old regions: 17->17
[10.201s][info][gc,heap        ] GC(13) Archive regions: 0->0
[10.201s][info][gc,heap        ] GC(13) Humongous regions: 0->0
[10.201s][info][gc,metaspace   ] GC(13) Metaspace: 9852K(10176K)->9852K(10176K) NonClass: 8550K(8768K)->8550K(8768K) Class: 1302K(1408K)->1302K(1408K)
[10.202s][info][gc             ] GC(13) Pause Young (Normal) (G1 Evacuation Pause) 71M->5M(114M) 5.197ms
[10.202s][info][gc,cpu         ] GC(13) User=0.03s Sys=0.00s Real=0.02s
[10.501s][info][gc,start       ] GC(14) Pause Young (Normal) (G1 Evacuation Pause)
[10.501s][info][gc,task        ] GC(14) Using 2 workers of 33 for evacuation
[10.514s][info][gc,phases      ] GC(14)   Pre Evacuate Collection Set: 0.1ms
[10.514s][info][gc,phases      ] GC(14)   Merge Heap Roots: 0.1ms
[10.514s][info][gc,phases      ] GC(14)   Evacuate Collection Set: 3.5ms
[10.514s][info][gc,phases      ] GC(14)   Post Evacuate Collection Set: 8.5ms
[10.514s][info][gc,phases      ] GC(14)   Other: 0.1ms
[10.514s][info][gc,heap        ] GC(14) Eden regions: 33->0(323)
[10.514s][info][gc,heap        ] GC(14) Survivor regions: 1->1(5)
[10.514s][info][gc,heap        ] GC(14) Old regions: 17->17
[10.514s][info][gc,heap        ] GC(14) Archive regions: 0->0
[10.514s][info][gc,heap        ] GC(14) Humongous regions: 0->0
[10.514s][info][gc,metaspace   ] GC(14) Metaspace: 9852K(10176K)->9852K(10176K) NonClass: 8550K(8768K)->8550K(8768K) Class: 1302K(1408K)->1302K(1408K)
[10.514s][info][gc             ] GC(14) Pause Young (Normal) (G1 Evacuation Pause) 71M->5M(1082M) 12.845ms
[10.514s][info][gc,cpu         ] GC(14) User=0.00s Sys=0.02s Real=0.02s
[13.617s][info][gc,start       ] GC(15) Pause Young (Normal) (G1 Evacuation Pause)
[13.618s][info][gc,task        ] GC(15) Using 26 workers of 33 for evacuation
[13.621s][info][gc,phases      ] GC(15)   Pre Evacuate Collection Set: 0.2ms
[13.621s][info][gc,phases      ] GC(15)   Merge Heap Roots: 0.2ms
[13.621s][info][gc,phases      ] GC(15)   Evacuate Collection Set: 1.8ms
[13.621s][info][gc,phases      ] GC(15)   Post Evacuate Collection Set: 0.9ms
[13.621s][info][gc,phases      ] GC(15)   Other: 0.3ms
[13.621s][info][gc,heap        ] GC(15) Eden regions: 323->0(323)
[13.621s][info][gc,heap        ] GC(15) Survivor regions: 1->1(41)
[13.621s][info][gc,heap        ] GC(15) Old regions: 17->17
[13.621s][info][gc,heap        ] GC(15) Archive regions: 0->0
[13.621s][info][gc,heap        ] GC(15) Humongous regions: 0->0
[13.621s][info][gc,metaspace   ] GC(15) Metaspace: 9852K(10176K)->9852K(10176K) NonClass: 8550K(8768K)->8550K(8768K) Class: 1302K(1408K)->1302K(1408K)
[13.621s][info][gc             ] GC(15) Pause Young (Normal) (G1 Evacuation Pause) 651M->5M(1082M) 4.007ms
[13.621s][info][gc,cpu         ] GC(15) User=0.00s Sys=0.00s Real=0.00s
[16.153s][info][gc,start       ] GC(16) Pause Full (System.gc())
[16.153s][info][gc,task        ] GC(16) Using 26 workers of 33 for full compaction
[16.154s][info][gc,phases,start] GC(16) Phase 1: Mark live objects
[16.162s][info][gc,phases      ] GC(16) Phase 1: Mark live objects 8.001ms
[16.162s][info][gc,phases,start] GC(16) Phase 2: Prepare compaction
[16.170s][info][gc,phases      ] GC(16) Phase 2: Prepare compaction 7.884ms
[16.170s][info][gc,phases,start] GC(16) Phase 3: Adjust pointers
[16.173s][info][gc,phases      ] GC(16) Phase 3: Adjust pointers 2.906ms
[16.173s][info][gc,phases,start] GC(16) Phase 4: Compact heap
[16.174s][info][gc,phases      ] GC(16) Phase 4: Compact heap 0.860ms
[16.181s][info][gc,heap        ] GC(16) Eden regions: 280->0(34)
[16.181s][info][gc,heap        ] GC(16) Survivor regions: 1->0(41)
[16.181s][info][gc,heap        ] GC(16) Old regions: 17->17
[16.181s][info][gc,heap        ] GC(16) Archive regions: 0->0
[16.181s][info][gc,heap        ] GC(16) Humongous regions: 0->0
[16.181s][info][gc,metaspace   ] GC(16) Metaspace: 9852K(10176K)->9852K(10176K) NonClass: 8550K(8768K)->8550K(8768K) Class: 1302K(1408K)->1302K(1408K)
[16.181s][info][gc             ] GC(16) Pause Full (System.gc()) 563M->3M(114M) 28.637ms
[16.181s][info][gc,cpu         ] GC(16) User=0.81s Sys=0.00s Real=0.03s
[16.470s][info][gc,start       ] GC(17) Pause Young (Normal) (G1 Evacuation Pause)
[16.470s][info][gc,task        ] GC(17) Using 14 workers of 33 for evacuation
[16.472s][info][gc,phases      ] GC(17)   Pre Evacuate Collection Set: 0.1ms
[16.472s][info][gc,phases      ] GC(17)   Merge Heap Roots: 0.1ms
[16.472s][info][gc,phases      ] GC(17)   Evacuate Collection Set: 0.8ms
[16.472s][info][gc,phases      ] GC(17)   Post Evacuate Collection Set: 0.3ms
[16.472s][info][gc,phases      ] GC(17)   Other: 0.1ms
[16.472s][info][gc,heap        ] GC(17) Eden regions: 34->0(33)
[16.472s][info][gc,heap        ] GC(17) Survivor regions: 0->1(5)
[16.472s][info][gc,heap        ] GC(17) Old regions: 17->17
[16.472s][info][gc,heap        ] GC(17) Archive regions: 0->0
[16.472s][info][gc,heap        ] GC(17) Humongous regions: 0->0
[16.472s][info][gc,metaspace   ] GC(17) Metaspace: 9860K(10176K)->9860K(10176K) NonClass: 8558K(8768K)->8558K(8768K) Class: 1302K(1408K)->1302K(1408K)
[16.472s][info][gc             ] GC(17) Pause Young (Normal) (G1 Evacuation Pause) 71M->5M(114M) 1.844ms
[16.472s][info][gc,cpu         ] GC(17) User=0.00s Sys=0.00s Real=0.00s
[16.762s][info][gc,start       ] GC(18) Pause Young (Normal) (G1 Evacuation Pause)
[16.762s][info][gc,task        ] GC(18) Using 8 workers of 33 for evacuation
[16.764s][info][gc,phases      ] GC(18)   Pre Evacuate Collection Set: 0.1ms
[16.764s][info][gc,phases      ] GC(18)   Merge Heap Roots: 0.1ms
[16.764s][info][gc,phases      ] GC(18)   Evacuate Collection Set: 1.2ms
[16.764s][info][gc,phases      ] GC(18)   Post Evacuate Collection Set: 0.3ms
[16.764s][info][gc,phases      ] GC(18)   Other: 0.1ms
[16.764s][info][gc,heap        ] GC(18) Eden regions: 33->0(33)
[16.764s][info][gc,heap        ] GC(18) Survivor regions: 1->1(5)
[16.764s][info][gc,heap        ] GC(18) Old regions: 17->17
[16.764s][info][gc,heap        ] GC(18) Archive regions: 0->0
[16.764s][info][gc,heap        ] GC(18) Humongous regions: 0->0
[16.764s][info][gc,metaspace   ] GC(18) Metaspace: 9860K(10176K)->9860K(10176K) NonClass: 8558K(8768K)->8558K(8768K) Class: 1302K(1408K)->1302K(1408K)
[16.764s][info][gc             ] GC(18) Pause Young (Normal) (G1 Evacuation Pause) 71M->5M(114M) 2.321ms
[16.764s][info][gc,cpu         ] GC(18) User=0.00s Sys=0.00s Real=0.00s
[17.072s][info][gc,start       ] GC(19) Pause Young (Normal) (G1 Evacuation Pause)
[17.072s][info][gc,task        ] GC(19) Using 5 workers of 33 for evacuation
[17.074s][info][gc,phases      ] GC(19)   Pre Evacuate Collection Set: 0.1ms
[17.074s][info][gc,phases      ] GC(19)   Merge Heap Roots: 0.1ms
[17.074s][info][gc,phases      ] GC(19)   Evacuate Collection Set: 1.5ms
[17.074s][info][gc,phases      ] GC(19)   Post Evacuate Collection Set: 0.3ms
[17.074s][info][gc,phases      ] GC(19)   Other: 0.1ms
[17.074s][info][gc,heap        ] GC(19) Eden regions: 33->0(33)
[17.074s][info][gc,heap        ] GC(19) Survivor regions: 1->1(5)
[17.074s][info][gc,heap        ] GC(19) Old regions: 17->17
[17.074s][info][gc,heap        ] GC(19) Archive regions: 0->0
[17.074s][info][gc,heap        ] GC(19) Humongous regions: 0->0
[17.074s][info][gc,metaspace   ] GC(19) Metaspace: 9860K(10176K)->9860K(10176K) NonClass: 8558K(8768K)->8558K(8768K) Class: 1302K(1408K)->1302K(1408K)
[17.074s][info][gc             ] GC(19) Pause Young (Normal) (G1 Evacuation Pause) 71M->5M(114M) 2.669ms
[17.074s][info][gc,cpu         ] GC(19) User=0.00s Sys=0.00s Real=0.00s
[17.375s][info][gc,start       ] GC(20) Pause Young (Normal) (G1 Evacuation Pause)
[17.375s][info][gc,task        ] GC(20) Using 3 workers of 33 for evacuation
[17.378s][info][gc,phases      ] GC(20)   Pre Evacuate Collection Set: 0.1ms
[17.378s][info][gc,phases      ] GC(20)   Merge Heap Roots: 0.1ms
[17.378s][info][gc,phases      ] GC(20)   Evacuate Collection Set: 2.4ms
[17.378s][info][gc,phases      ] GC(20)   Post Evacuate Collection Set: 0.3ms
[17.378s][info][gc,phases      ] GC(20)   Other: 0.1ms
[17.378s][info][gc,heap        ] GC(20) Eden regions: 33->0(33)
[17.378s][info][gc,heap        ] GC(20) Survivor regions: 1->1(5)
[17.378s][info][gc,heap        ] GC(20) Old regions: 17->17
[17.378s][info][gc,heap        ] GC(20) Archive regions: 0->0
[17.378s][info][gc,heap        ] GC(20) Humongous regions: 0->0
[17.378s][info][gc,metaspace   ] GC(20) Metaspace: 9860K(10176K)->9860K(10176K) NonClass: 8558K(8768K)->8558K(8768K) Class: 1302K(1408K)->1302K(1408K)
[17.378s][info][gc             ] GC(20) Pause Young (Normal) (G1 Evacuation Pause) 71M->5M(114M) 3.552ms
[17.378s][info][gc,cpu         ] GC(20) User=0.00s Sys=0.00s Real=0.00s
[17.668s][info][gc,start       ] GC(21) Pause Young (Normal) (G1 Evacuation Pause)
[17.668s][info][gc,task        ] GC(21) Using 2 workers of 33 for evacuation
[17.672s][info][gc,phases      ] GC(21)   Pre Evacuate Collection Set: 0.1ms
[17.672s][info][gc,phases      ] GC(21)   Merge Heap Roots: 0.1ms
[17.672s][info][gc,phases      ] GC(21)   Evacuate Collection Set: 3.4ms
[17.672s][info][gc,phases      ] GC(21)   Post Evacuate Collection Set: 0.3ms
[17.672s][info][gc,phases      ] GC(21)   Other: 0.1ms
[17.672s][info][gc,heap        ] GC(21) Eden regions: 33->0(33)
[17.672s][info][gc,heap        ] GC(21) Survivor regions: 1->1(5)
[17.672s][info][gc,heap        ] GC(21) Old regions: 17->17
[17.672s][info][gc,heap        ] GC(21) Archive regions: 0->0
[17.672s][info][gc,heap        ] GC(21) Humongous regions: 0->0
[17.673s][info][gc,metaspace   ] GC(21) Metaspace: 9860K(10176K)->9860K(10176K) NonClass: 8558K(8768K)->8558K(8768K) Class: 1302K(1408K)->1302K(1408K)
[17.673s][info][gc             ] GC(21) Pause Young (Normal) (G1 Evacuation Pause) 71M->5M(114M) 4.592ms
[17.673s][info][gc,cpu         ] GC(21) User=0.03s Sys=0.00s Real=0.01s
[17.977s][info][gc,start       ] GC(22) Pause Young (Normal) (G1 Evacuation Pause)
[17.977s][info][gc,task        ] GC(22) Using 2 workers of 33 for evacuation
[17.981s][info][gc,phases      ] GC(22)   Pre Evacuate Collection Set: 0.1ms
[17.981s][info][gc,phases      ] GC(22)   Merge Heap Roots: 0.1ms
[17.981s][info][gc,phases      ] GC(22)   Evacuate Collection Set: 3.5ms
[17.981s][info][gc,phases      ] GC(22)   Post Evacuate Collection Set: 0.3ms
[17.981s][info][gc,phases      ] GC(22)   Other: 0.1ms
[17.981s][info][gc,heap        ] GC(22) Eden regions: 33->0(33)
[17.981s][info][gc,heap        ] GC(22) Survivor regions: 1->1(5)
[17.981s][info][gc,heap        ] GC(22) Old regions: 17->17
[17.981s][info][gc,heap        ] GC(22) Archive regions: 0->0
[17.982s][info][gc,heap        ] GC(22) Humongous regions: 0->0
[17.982s][info][gc,metaspace   ] GC(22) Metaspace: 9860K(10176K)->9860K(10176K) NonClass: 8558K(8768K)->8558K(8768K) Class: 1302K(1408K)->1302K(1408K)
[17.982s][info][gc             ] GC(22) Pause Young (Normal) (G1 Evacuation Pause) 71M->5M(114M) 4.650ms
[17.982s][info][gc,cpu         ] GC(22) User=0.00s Sys=0.00s Real=0.00s
[18.283s][info][gc,start       ] GC(23) Pause Young (Normal) (G1 Evacuation Pause)
[18.283s][info][gc,task        ] GC(23) Using 2 workers of 33 for evacuation
[18.288s][info][gc,phases      ] GC(23)   Pre Evacuate Collection Set: 0.1ms
[18.288s][info][gc,phases      ] GC(23)   Merge Heap Roots: 0.1ms
[18.288s][info][gc,phases      ] GC(23)   Evacuate Collection Set: 3.7ms
[18.288s][info][gc,phases      ] GC(23)   Post Evacuate Collection Set: 0.3ms
[18.288s][info][gc,phases      ] GC(23)   Other: 0.1ms
[18.288s][info][gc,heap        ] GC(23) Eden regions: 33->0(33)
[18.288s][info][gc,heap        ] GC(23) Survivor regions: 1->1(5)
[18.288s][info][gc,heap        ] GC(23) Old regions: 17->17
[18.288s][info][gc,heap        ] GC(23) Archive regions: 0->0
[18.288s][info][gc,heap        ] GC(23) Humongous regions: 0->0
[18.288s][info][gc,metaspace   ] GC(23) Metaspace: 9860K(10176K)->9860K(10176K) NonClass: 8558K(8768K)->8558K(8768K) Class: 1302K(1408K)->1302K(1408K)
[18.288s][info][gc             ] GC(23) Pause Young (Normal) (G1 Evacuation Pause) 71M->5M(114M) 4.891ms
[18.288s][info][gc,cpu         ] GC(23) User=0.03s Sys=0.00s Real=0.02s
[18.588s][info][gc,start       ] GC(24) Pause Young (Normal) (G1 Evacuation Pause)
[18.589s][info][gc,task        ] GC(24) Using 2 workers of 33 for evacuation
[18.593s][info][gc,phases      ] GC(24)   Pre Evacuate Collection Set: 0.1ms
[18.593s][info][gc,phases      ] GC(24)   Merge Heap Roots: 0.1ms
[18.593s][info][gc,phases      ] GC(24)   Evacuate Collection Set: 3.7ms
[18.593s][info][gc,phases      ] GC(24)   Post Evacuate Collection Set: 0.3ms
[18.593s][info][gc,phases      ] GC(24)   Other: 0.1ms
[18.593s][info][gc,heap        ] GC(24) Eden regions: 33->0(33)
[18.593s][info][gc,heap        ] GC(24) Survivor regions: 1->1(5)
[18.593s][info][gc,heap        ] GC(24) Old regions: 17->17
[18.593s][info][gc,heap        ] GC(24) Archive regions: 0->0
[18.593s][info][gc,heap        ] GC(24) Humongous regions: 0->0
[18.593s][info][gc,metaspace   ] GC(24) Metaspace: 9860K(10176K)->9860K(10176K) NonClass: 8558K(8768K)->8558K(8768K) Class: 1302K(1408K)->1302K(1408K)
[18.593s][info][gc             ] GC(24) Pause Young (Normal) (G1 Evacuation Pause) 71M->5M(114M) 4.861ms
[18.593s][info][gc,cpu         ] GC(24) User=0.03s Sys=0.00s Real=0.02s
[18.905s][info][gc,start       ] GC(25) Pause Young (Normal) (G1 Evacuation Pause)
[18.906s][info][gc,task        ] GC(25) Using 2 workers of 33 for evacuation
[18.918s][info][gc,phases      ] GC(25)   Pre Evacuate Collection Set: 0.1ms
[18.918s][info][gc,phases      ] GC(25)   Merge Heap Roots: 0.1ms
[18.918s][info][gc,phases      ] GC(25)   Evacuate Collection Set: 3.5ms
[18.918s][info][gc,phases      ] GC(25)   Post Evacuate Collection Set: 8.2ms
[18.918s][info][gc,phases      ] GC(25)   Other: 0.1ms
[18.918s][info][gc,heap        ] GC(25) Eden regions: 33->0(323)
[18.918s][info][gc,heap        ] GC(25) Survivor regions: 1->1(5)
[18.918s][info][gc,heap        ] GC(25) Old regions: 17->17
[18.918s][info][gc,heap        ] GC(25) Archive regions: 0->0
[18.918s][info][gc,heap        ] GC(25) Humongous regions: 0->0
[18.918s][info][gc,metaspace   ] GC(25) Metaspace: 9860K(10176K)->9860K(10176K) NonClass: 8558K(8768K)->8558K(8768K) Class: 1302K(1408K)->1302K(1408K)
[18.918s][info][gc             ] GC(25) Pause Young (Normal) (G1 Evacuation Pause) 71M->5M(1082M) 12.533ms
[18.918s][info][gc,cpu         ] GC(25) User=0.00s Sys=0.00s Real=0.00s
[22.053s][info][gc,start       ] GC(26) Pause Young (Normal) (G1 Evacuation Pause)
[22.053s][info][gc,task        ] GC(26) Using 26 workers of 33 for evacuation
[22.057s][info][gc,phases      ] GC(26)   Pre Evacuate Collection Set: 0.2ms
[22.057s][info][gc,phases      ] GC(26)   Merge Heap Roots: 0.2ms
[22.057s][info][gc,phases      ] GC(26)   Evacuate Collection Set: 1.9ms
[22.057s][info][gc,phases      ] GC(26)   Post Evacuate Collection Set: 0.7ms
[22.057s][info][gc,phases      ] GC(26)   Other: 0.2ms
[22.057s][info][gc,heap        ] GC(26) Eden regions: 323->0(323)
[22.057s][info][gc,heap        ] GC(26) Survivor regions: 1->1(41)
[22.057s][info][gc,heap        ] GC(26) Old regions: 17->17
[22.057s][info][gc,heap        ] GC(26) Archive regions: 0->0
[22.057s][info][gc,heap        ] GC(26) Humongous regions: 0->0
[22.057s][info][gc,metaspace   ] GC(26) Metaspace: 9860K(10176K)->9860K(10176K) NonClass: 8558K(8768K)->8558K(8768K) Class: 1302K(1408K)->1302K(1408K)
[22.057s][info][gc             ] GC(26) Pause Young (Normal) (G1 Evacuation Pause) 651M->5M(1082M) 3.890ms
[22.057s][info][gc,cpu         ] GC(26) User=0.00s Sys=0.00s Real=0.00s
[23.685s][info][gc,start       ] GC(27) Pause Full (System.gc())
[23.685s][info][gc,task        ] GC(27) Using 26 workers of 33 for full compaction
[23.686s][info][gc,phases,start] GC(27) Phase 1: Mark live objects
[23.693s][info][gc,phases      ] GC(27) Phase 1: Mark live objects 6.277ms
[23.693s][info][gc,phases,start] GC(27) Phase 2: Prepare compaction
[23.699s][info][gc,phases      ] GC(27) Phase 2: Prepare compaction 6.404ms
[23.699s][info][gc,phases,start] GC(27) Phase 3: Adjust pointers
[23.703s][info][gc,phases      ] GC(27) Phase 3: Adjust pointers 3.859ms
[23.703s][info][gc,phases,start] GC(27) Phase 4: Compact heap
[23.704s][info][gc,phases      ] GC(27) Phase 4: Compact heap 0.627ms
[23.714s][info][gc,heap        ] GC(27) Eden regions: 182->0(36)
[23.714s][info][gc,heap        ] GC(27) Survivor regions: 1->0(41)
[23.714s][info][gc,heap        ] GC(27) Old regions: 17->18
[23.714s][info][gc,heap        ] GC(27) Archive regions: 0->0
[23.714s][info][gc,heap        ] GC(27) Humongous regions: 0->0
[23.714s][info][gc,metaspace   ] GC(27) Metaspace: 9860K(10176K)->9860K(10176K) NonClass: 8558K(8768K)->8558K(8768K) Class: 1302K(1408K)->1302K(1408K)
[23.714s][info][gc             ] GC(27) Pause Full (System.gc()) 369M->3M(120M) 28.932ms
[23.714s][info][gc,cpu         ] GC(27) User=0.06s Sys=0.36s Real=0.03s
[24.015s][info][gc,start       ] GC(28) Pause Young (Normal) (G1 Evacuation Pause)
[24.015s][info][gc,task        ] GC(28) Using 14 workers of 33 for evacuation
[24.017s][info][gc,phases      ] GC(28)   Pre Evacuate Collection Set: 0.1ms
[24.017s][info][gc,phases      ] GC(28)   Merge Heap Roots: 0.1ms
[24.017s][info][gc,phases      ] GC(28)   Evacuate Collection Set: 0.9ms
[24.017s][info][gc,phases      ] GC(28)   Post Evacuate Collection Set: 0.4ms
[24.017s][info][gc,phases      ] GC(28)   Other: 0.1ms
[24.017s][info][gc,heap        ] GC(28) Eden regions: 36->0(35)
[24.017s][info][gc,heap        ] GC(28) Survivor regions: 0->1(5)
[24.017s][info][gc,heap        ] GC(28) Old regions: 18->18
[24.017s][info][gc,heap        ] GC(28) Archive regions: 0->0
[24.017s][info][gc,heap        ] GC(28) Humongous regions: 0->0
[24.017s][info][gc,metaspace   ] GC(28) Metaspace: 9862K(10176K)->9862K(10176K) NonClass: 8560K(8768K)->8560K(8768K) Class: 1302K(1408K)->1302K(1408K)
[24.017s][info][gc             ] GC(28) Pause Young (Normal) (G1 Evacuation Pause) 75M->5M(120M) 2.159ms
[24.017s][info][gc,cpu         ] GC(28) User=0.00s Sys=0.00s Real=0.00s
[24.324s][info][gc,start       ] GC(29) Pause Young (Normal) (G1 Evacuation Pause)
[24.324s][info][gc,task        ] GC(29) Using 8 workers of 33 for evacuation
[24.326s][info][gc,phases      ] GC(29)   Pre Evacuate Collection Set: 0.1ms
[24.326s][info][gc,phases      ] GC(29)   Merge Heap Roots: 0.1ms
[24.326s][info][gc,phases      ] GC(29)   Evacuate Collection Set: 1.1ms
[24.326s][info][gc,phases      ] GC(29)   Post Evacuate Collection Set: 0.3ms
[24.326s][info][gc,phases      ] GC(29)   Other: 0.1ms
[24.326s][info][gc,heap        ] GC(29) Eden regions: 35->0(35)
[24.326s][info][gc,heap        ] GC(29) Survivor regions: 1->1(5)
[24.326s][info][gc,heap        ] GC(29) Old regions: 18->18
[24.326s][info][gc,heap        ] GC(29) Archive regions: 0->0
[24.326s][info][gc,heap        ] GC(29) Humongous regions: 0->0
[24.326s][info][gc,metaspace   ] GC(29) Metaspace: 9862K(10176K)->9862K(10176K) NonClass: 8560K(8768K)->8560K(8768K) Class: 1302K(1408K)->1302K(1408K)
[24.326s][info][gc             ] GC(29) Pause Young (Normal) (G1 Evacuation Pause) 75M->5M(120M) 2.234ms
[24.326s][info][gc,cpu         ] GC(29) User=0.00s Sys=0.00s Real=0.00s
[24.647s][info][gc,start       ] GC(30) Pause Young (Normal) (G1 Evacuation Pause)
[24.647s][info][gc,task        ] GC(30) Using 5 workers of 33 for evacuation
[24.649s][info][gc,phases      ] GC(30)   Pre Evacuate Collection Set: 0.1ms
[24.649s][info][gc,phases      ] GC(30)   Merge Heap Roots: 0.1ms
[24.649s][info][gc,phases      ] GC(30)   Evacuate Collection Set: 1.6ms
[24.649s][info][gc,phases      ] GC(30)   Post Evacuate Collection Set: 0.3ms
[24.649s][info][gc,phases      ] GC(30)   Other: 0.1ms
[24.649s][info][gc,heap        ] GC(30) Eden regions: 35->0(35)
[24.649s][info][gc,heap        ] GC(30) Survivor regions: 1->1(5)
[24.649s][info][gc,heap        ] GC(30) Old regions: 18->18
[24.649s][info][gc,heap        ] GC(30) Archive regions: 0->0
[24.649s][info][gc,heap        ] GC(30) Humongous regions: 0->0
[24.649s][info][gc,metaspace   ] GC(30) Metaspace: 9862K(10176K)->9862K(10176K) NonClass: 8560K(8768K)->8560K(8768K) Class: 1302K(1408K)->1302K(1408K)
[24.649s][info][gc             ] GC(30) Pause Young (Normal) (G1 Evacuation Pause) 75M->5M(120M) 2.715ms
[24.649s][info][gc,cpu         ] GC(30) User=0.00s Sys=0.00s Real=0.00s
[24.960s][info][gc,start       ] GC(31) Pause Young (Normal) (G1 Evacuation Pause)
[24.960s][info][gc,task        ] GC(31) Using 3 workers of 33 for evacuation
[24.963s][info][gc,phases      ] GC(31)   Pre Evacuate Collection Set: 0.1ms
[24.963s][info][gc,phases      ] GC(31)   Merge Heap Roots: 0.1ms
[24.963s][info][gc,phases      ] GC(31)   Evacuate Collection Set: 2.4ms
[24.963s][info][gc,phases      ] GC(31)   Post Evacuate Collection Set: 0.3ms
[24.964s][info][gc,phases      ] GC(31)   Other: 0.1ms
[24.964s][info][gc,heap        ] GC(31) Eden regions: 35->0(35)
[24.964s][info][gc,heap        ] GC(31) Survivor regions: 1->1(5)
[24.964s][info][gc,heap        ] GC(31) Old regions: 18->18
[24.964s][info][gc,heap        ] GC(31) Archive regions: 0->0
[24.964s][info][gc,heap        ] GC(31) Humongous regions: 0->0
[24.964s][info][gc,metaspace   ] GC(31) Metaspace: 9862K(10176K)->9862K(10176K) NonClass: 8560K(8768K)->8560K(8768K) Class: 1302K(1408K)->1302K(1408K)
[24.964s][info][gc             ] GC(31) Pause Young (Normal) (G1 Evacuation Pause) 75M->5M(120M) 3.493ms
[24.964s][info][gc,cpu         ] GC(31) User=0.00s Sys=0.00s Real=0.00s
[25.270s][info][gc,start       ] GC(32) Pause Young (Normal) (G1 Evacuation Pause)
[25.271s][info][gc,task        ] GC(32) Using 2 workers of 33 for evacuation
[25.275s][info][gc,phases      ] GC(32)   Pre Evacuate Collection Set: 0.1ms
[25.275s][info][gc,phases      ] GC(32)   Merge Heap Roots: 0.1ms
[25.275s][info][gc,phases      ] GC(32)   Evacuate Collection Set: 3.3ms
[25.275s][info][gc,phases      ] GC(32)   Post Evacuate Collection Set: 0.3ms
[25.275s][info][gc,phases      ] GC(32)   Other: 0.1ms
[25.275s][info][gc,heap        ] GC(32) Eden regions: 35->0(35)
[25.275s][info][gc,heap        ] GC(32) Survivor regions: 1->1(5)
[25.275s][info][gc,heap        ] GC(32) Old regions: 18->18
[25.275s][info][gc,heap        ] GC(32) Archive regions: 0->0
[25.275s][info][gc,heap        ] GC(32) Humongous regions: 0->0
[25.275s][info][gc,metaspace   ] GC(32) Metaspace: 9862K(10176K)->9862K(10176K) NonClass: 8560K(8768K)->8560K(8768K) Class: 1302K(1408K)->1302K(1408K)
[25.275s][info][gc             ] GC(32) Pause Young (Normal) (G1 Evacuation Pause) 75M->5M(120M) 4.468ms
[25.275s][info][gc,cpu         ] GC(32) User=0.00s Sys=0.00s Real=0.00s
[25.599s][info][gc,start       ] GC(33) Pause Young (Normal) (G1 Evacuation Pause)
[25.599s][info][gc,task        ] GC(33) Using 2 workers of 33 for evacuation
[25.603s][info][gc,phases      ] GC(33)   Pre Evacuate Collection Set: 0.1ms
[25.603s][info][gc,phases      ] GC(33)   Merge Heap Roots: 0.1ms
[25.603s][info][gc,phases      ] GC(33)   Evacuate Collection Set: 3.4ms
[25.603s][info][gc,phases      ] GC(33)   Post Evacuate Collection Set: 0.3ms
[25.603s][info][gc,phases      ] GC(33)   Other: 0.1ms
[25.603s][info][gc,heap        ] GC(33) Eden regions: 35->0(35)
[25.603s][info][gc,heap        ] GC(33) Survivor regions: 1->1(5)
[25.603s][info][gc,heap        ] GC(33) Old regions: 18->18
[25.603s][info][gc,heap        ] GC(33) Archive regions: 0->0
[25.603s][info][gc,heap        ] GC(33) Humongous regions: 0->0
[25.603s][info][gc,metaspace   ] GC(33) Metaspace: 9862K(10176K)->9862K(10176K) NonClass: 8560K(8768K)->8560K(8768K) Class: 1302K(1408K)->1302K(1408K)
[25.603s][info][gc             ] GC(33) Pause Young (Normal) (G1 Evacuation Pause) 75M->5M(120M) 4.653ms
[25.603s][info][gc,cpu         ] GC(33) User=0.00s Sys=0.00s Real=0.00s
[25.921s][info][gc,start       ] GC(34) Pause Young (Normal) (G1 Evacuation Pause)
[25.921s][info][gc,task        ] GC(34) Using 2 workers of 33 for evacuation
[25.925s][info][gc,phases      ] GC(34)   Pre Evacuate Collection Set: 0.1ms
[25.925s][info][gc,phases      ] GC(34)   Merge Heap Roots: 0.1ms
[25.925s][info][gc,phases      ] GC(34)   Evacuate Collection Set: 3.3ms
[25.925s][info][gc,phases      ] GC(34)   Post Evacuate Collection Set: 0.3ms
[25.925s][info][gc,phases      ] GC(34)   Other: 0.1ms
[25.925s][info][gc,heap        ] GC(34) Eden regions: 35->0(35)
[25.925s][info][gc,heap        ] GC(34) Survivor regions: 1->1(5)
[25.925s][info][gc,heap        ] GC(34) Old regions: 18->18
[25.925s][info][gc,heap        ] GC(34) Archive regions: 0->0
[25.925s][info][gc,heap        ] GC(34) Humongous regions: 0->0
[25.925s][info][gc,metaspace   ] GC(34) Metaspace: 9862K(10176K)->9862K(10176K) NonClass: 8560K(8768K)->8560K(8768K) Class: 1302K(1408K)->1302K(1408K)
[25.925s][info][gc             ] GC(34) Pause Young (Normal) (G1 Evacuation Pause) 75M->5M(120M) 4.458ms
[25.925s][info][gc,cpu         ] GC(34) User=0.00s Sys=0.02s Real=0.01s
[26.240s][info][gc,start       ] GC(35) Pause Young (Normal) (G1 Evacuation Pause)
[26.240s][info][gc,task        ] GC(35) Using 2 workers of 33 for evacuation
[26.252s][info][gc,phases      ] GC(35)   Pre Evacuate Collection Set: 0.1ms
[26.252s][info][gc,phases      ] GC(35)   Merge Heap Roots: 0.1ms
[26.252s][info][gc,phases      ] GC(35)   Evacuate Collection Set: 3.5ms
[26.252s][info][gc,phases      ] GC(35)   Post Evacuate Collection Set: 8.2ms
[26.252s][info][gc,phases      ] GC(35)   Other: 0.1ms
[26.252s][info][gc,heap        ] GC(35) Eden regions: 35->0(324)
[26.252s][info][gc,heap        ] GC(35) Survivor regions: 1->1(5)
[26.252s][info][gc,heap        ] GC(35) Old regions: 18->18
[26.252s][info][gc,heap        ] GC(35) Archive regions: 0->0
[26.252s][info][gc,heap        ] GC(35) Humongous regions: 0->0
[26.252s][info][gc,metaspace   ] GC(35) Metaspace: 9862K(10176K)->9862K(10176K) NonClass: 8560K(8768K)->8560K(8768K) Class: 1302K(1408K)->1302K(1408K)
[26.253s][info][gc             ] GC(35) Pause Young (Normal) (G1 Evacuation Pause) 75M->5M(1084M) 12.617ms
[26.253s][info][gc,cpu         ] GC(35) User=0.00s Sys=0.00s Real=0.00s
[29.382s][info][gc,start       ] GC(36) Pause Young (Normal) (G1 Evacuation Pause)
[29.383s][info][gc,task        ] GC(36) Using 26 workers of 33 for evacuation
[29.386s][info][gc,phases      ] GC(36)   Pre Evacuate Collection Set: 0.2ms
[29.386s][info][gc,phases      ] GC(36)   Merge Heap Roots: 0.3ms
[29.386s][info][gc,phases      ] GC(36)   Evacuate Collection Set: 1.8ms
[29.386s][info][gc,phases      ] GC(36)   Post Evacuate Collection Set: 0.7ms
[29.386s][info][gc,phases      ] GC(36)   Other: 0.2ms
[29.386s][info][gc,heap        ] GC(36) Eden regions: 324->0(324)
[29.386s][info][gc,heap        ] GC(36) Survivor regions: 1->1(41)
[29.386s][info][gc,heap        ] GC(36) Old regions: 18->18
[29.386s][info][gc,heap        ] GC(36) Archive regions: 0->0
[29.386s][info][gc,heap        ] GC(36) Humongous regions: 0->0
[29.386s][info][gc,metaspace   ] GC(36) Metaspace: 9862K(10176K)->9862K(10176K) NonClass: 8560K(8768K)->8560K(8768K) Class: 1302K(1408K)->1302K(1408K)
[29.386s][info][gc             ] GC(36) Pause Young (Normal) (G1 Evacuation Pause) 653M->5M(1084M) 3.688ms
[29.386s][info][gc,cpu         ] GC(36) User=0.00s Sys=0.00s Real=0.00s
[31.156s][info][gc,start       ] GC(37) Pause Full (System.gc())
[31.156s][info][gc,task        ] GC(37) Using 26 workers of 33 for full compaction
[31.158s][info][gc,phases,start] GC(37) Phase 1: Mark live objects
[31.164s][info][gc,phases      ] GC(37) Phase 1: Mark live objects 5.973ms
[31.164s][info][gc,phases,start] GC(37) Phase 2: Prepare compaction
[31.170s][info][gc,phases      ] GC(37) Phase 2: Prepare compaction 6.341ms
[31.170s][info][gc,phases,start] GC(37) Phase 3: Adjust pointers
[31.174s][info][gc,phases      ] GC(37) Phase 3: Adjust pointers 3.884ms
[31.174s][info][gc,phases,start] GC(37) Phase 4: Compact heap
[31.175s][info][gc,phases      ] GC(37) Phase 4: Compact heap 0.700ms
[31.184s][info][gc,heap        ] GC(37) Eden regions: 195->0(34)
[31.184s][info][gc,heap        ] GC(37) Survivor regions: 1->0(41)
[31.184s][info][gc,heap        ] GC(37) Old regions: 18->17
[31.184s][info][gc,heap        ] GC(37) Archive regions: 0->0
[31.184s][info][gc,heap        ] GC(37) Humongous regions: 0->0
[31.184s][info][gc,metaspace   ] GC(37) Metaspace: 9862K(10176K)->9862K(10176K) NonClass: 8560K(8768K)->8560K(8768K) Class: 1302K(1408K)->1302K(1408K)
[31.184s][info][gc             ] GC(37) Pause Full (System.gc()) 394M->3M(114M) 27.926ms
[31.184s][info][gc,cpu         ] GC(37) User=0.42s Sys=0.00s Real=0.03s
[31.459s][info][gc,start       ] GC(38) Pause Young (Normal) (G1 Evacuation Pause)
[31.459s][info][gc,task        ] GC(38) Using 14 workers of 33 for evacuation
[31.460s][info][gc,phases      ] GC(38)   Pre Evacuate Collection Set: 0.1ms
[31.461s][info][gc,phases      ] GC(38)   Merge Heap Roots: 0.1ms
[31.461s][info][gc,phases      ] GC(38)   Evacuate Collection Set: 0.8ms
[31.461s][info][gc,phases      ] GC(38)   Post Evacuate Collection Set: 0.3ms
[31.461s][info][gc,phases      ] GC(38)   Other: 0.1ms
[31.461s][info][gc,heap        ] GC(38) Eden regions: 34->0(33)
[31.461s][info][gc,heap        ] GC(38) Survivor regions: 0->1(5)
[31.461s][info][gc,heap        ] GC(38) Old regions: 17->17
[31.461s][info][gc,heap        ] GC(38) Archive regions: 0->0
[31.461s][info][gc,heap        ] GC(38) Humongous regions: 0->0
[31.461s][info][gc,metaspace   ] GC(38) Metaspace: 9864K(10176K)->9864K(10176K) NonClass: 8562K(8768K)->8562K(8768K) Class: 1302K(1408K)->1302K(1408K)
[31.461s][info][gc             ] GC(38) Pause Young (Normal) (G1 Evacuation Pause) 71M->5M(114M) 2.091ms
[31.461s][info][gc,cpu         ] GC(38) User=0.00s Sys=0.00s Real=0.00s
[31.735s][info][gc,start       ] GC(39) Pause Young (Normal) (G1 Evacuation Pause)
[31.735s][info][gc,task        ] GC(39) Using 8 workers of 33 for evacuation
[31.737s][info][gc,phases      ] GC(39)   Pre Evacuate Collection Set: 0.1ms
[31.737s][info][gc,phases      ] GC(39)   Merge Heap Roots: 0.1ms
[31.737s][info][gc,phases      ] GC(39)   Evacuate Collection Set: 1.2ms
[31.737s][info][gc,phases      ] GC(39)   Post Evacuate Collection Set: 0.3ms
[31.737s][info][gc,phases      ] GC(39)   Other: 0.1ms
[31.737s][info][gc,heap        ] GC(39) Eden regions: 33->0(33)
[31.737s][info][gc,heap        ] GC(39) Survivor regions: 1->1(5)
[31.737s][info][gc,heap        ] GC(39) Old regions: 17->17
[31.737s][info][gc,heap        ] GC(39) Archive regions: 0->0
[31.737s][info][gc,heap        ] GC(39) Humongous regions: 0->0
[31.737s][info][gc,metaspace   ] GC(39) Metaspace: 9864K(10176K)->9864K(10176K) NonClass: 8562K(8768K)->8562K(8768K) Class: 1302K(1408K)->1302K(1408K)
[31.737s][info][gc             ] GC(39) Pause Young (Normal) (G1 Evacuation Pause) 71M->5M(114M) 2.394ms
[31.737s][info][gc,cpu         ] GC(39) User=0.00s Sys=0.00s Real=0.00s
[32.028s][info][gc,start       ] GC(40) Pause Young (Normal) (G1 Evacuation Pause)
[32.028s][info][gc,task        ] GC(40) Using 5 workers of 33 for evacuation
[32.030s][info][gc,phases      ] GC(40)   Pre Evacuate Collection Set: 0.1ms
[32.030s][info][gc,phases      ] GC(40)   Merge Heap Roots: 0.1ms
[32.030s][info][gc,phases      ] GC(40)   Evacuate Collection Set: 1.6ms
[32.030s][info][gc,phases      ] GC(40)   Post Evacuate Collection Set: 0.3ms
[32.030s][info][gc,phases      ] GC(40)   Other: 0.1ms
[32.030s][info][gc,heap        ] GC(40) Eden regions: 33->0(33)
[32.031s][info][gc,heap        ] GC(40) Survivor regions: 1->1(5)
[32.031s][info][gc,heap        ] GC(40) Old regions: 17->17
[32.031s][info][gc,heap        ] GC(40) Archive regions: 0->0
[32.031s][info][gc,heap        ] GC(40) Humongous regions: 0->0
[32.031s][info][gc,metaspace   ] GC(40) Metaspace: 9864K(10176K)->9864K(10176K) NonClass: 8562K(8768K)->8562K(8768K) Class: 1302K(1408K)->1302K(1408K)
[32.031s][info][gc             ] GC(40) Pause Young (Normal) (G1 Evacuation Pause) 71M->5M(114M) 2.720ms
[32.031s][info][gc,cpu         ] GC(40) User=0.00s Sys=0.00s Real=0.00s
[32.329s][info][gc,start       ] GC(41) Pause Young (Normal) (G1 Evacuation Pause)
[32.329s][info][gc,task        ] GC(41) Using 3 workers of 33 for evacuation
[32.332s][info][gc,phases      ] GC(41)   Pre Evacuate Collection Set: 0.1ms
[32.332s][info][gc,phases      ] GC(41)   Merge Heap Roots: 0.1ms
[32.332s][info][gc,phases      ] GC(41)   Evacuate Collection Set: 2.4ms
[32.332s][info][gc,phases      ] GC(41)   Post Evacuate Collection Set: 0.3ms
[32.332s][info][gc,phases      ] GC(41)   Other: 0.1ms
[32.332s][info][gc,heap        ] GC(41) Eden regions: 33->0(33)
[32.332s][info][gc,heap        ] GC(41) Survivor regions: 1->1(5)
[32.332s][info][gc,heap        ] GC(41) Old regions: 17->17
[32.332s][info][gc,heap        ] GC(41) Archive regions: 0->0
[32.332s][info][gc,heap        ] GC(41) Humongous regions: 0->0
[32.332s][info][gc,metaspace   ] GC(41) Metaspace: 9864K(10176K)->9864K(10176K) NonClass: 8562K(8768K)->8562K(8768K) Class: 1302K(1408K)->1302K(1408K)
[32.332s][info][gc             ] GC(41) Pause Young (Normal) (G1 Evacuation Pause) 71M->5M(114M) 3.653ms
[32.332s][info][gc,cpu         ] GC(41) User=0.00s Sys=0.00s Real=0.00s
[32.631s][info][gc,start       ] GC(42) Pause Young (Normal) (G1 Evacuation Pause)
[32.631s][info][gc,task        ] GC(42) Using 2 workers of 33 for evacuation
[32.635s][info][gc,phases      ] GC(42)   Pre Evacuate Collection Set: 0.1ms
[32.635s][info][gc,phases      ] GC(42)   Merge Heap Roots: 0.1ms
[32.635s][info][gc,phases      ] GC(42)   Evacuate Collection Set: 3.4ms
[32.636s][info][gc,phases      ] GC(42)   Post Evacuate Collection Set: 0.3ms
[32.636s][info][gc,phases      ] GC(42)   Other: 0.1ms
[32.636s][info][gc,heap        ] GC(42) Eden regions: 33->0(33)
[32.636s][info][gc,heap        ] GC(42) Survivor regions: 1->1(5)
[32.636s][info][gc,heap        ] GC(42) Old regions: 17->17
[32.636s][info][gc,heap        ] GC(42) Archive regions: 0->0
[32.636s][info][gc,heap        ] GC(42) Humongous regions: 0->0
[32.636s][info][gc,metaspace   ] GC(42) Metaspace: 9864K(10176K)->9864K(10176K) NonClass: 8562K(8768K)->8562K(8768K) Class: 1302K(1408K)->1302K(1408K)
[32.636s][info][gc             ] GC(42) Pause Young (Normal) (G1 Evacuation Pause) 71M->5M(114M) 4.509ms
[32.636s][info][gc,cpu         ] GC(42) User=0.00s Sys=0.00s Real=0.00s
[32.928s][info][gc,start       ] GC(43) Pause Young (Normal) (G1 Evacuation Pause)
[32.928s][info][gc,task        ] GC(43) Using 2 workers of 33 for evacuation
[32.932s][info][gc,phases      ] GC(43)   Pre Evacuate Collection Set: 0.1ms
[32.932s][info][gc,phases      ] GC(43)   Merge Heap Roots: 0.1ms
[32.932s][info][gc,phases      ] GC(43)   Evacuate Collection Set: 3.3ms
[32.932s][info][gc,phases      ] GC(43)   Post Evacuate Collection Set: 0.3ms
[32.932s][info][gc,phases      ] GC(43)   Other: 0.1ms
[32.932s][info][gc,heap        ] GC(43) Eden regions: 33->0(33)
[32.932s][info][gc,heap        ] GC(43) Survivor regions: 1->1(5)
[32.932s][info][gc,heap        ] GC(43) Old regions: 17->17
[32.932s][info][gc,heap        ] GC(43) Archive regions: 0->0
[32.932s][info][gc,heap        ] GC(43) Humongous regions: 0->0
[32.932s][info][gc,metaspace   ] GC(43) Metaspace: 9864K(10176K)->9864K(10176K) NonClass: 8562K(8768K)->8562K(8768K) Class: 1302K(1408K)->1302K(1408K)
[32.932s][info][gc             ] GC(43) Pause Young (Normal) (G1 Evacuation Pause) 71M->5M(114M) 4.427ms
[32.932s][info][gc,cpu         ] GC(43) User=0.00s Sys=0.00s Real=0.00s
[33.229s][info][gc,start       ] GC(44) Pause Young (Normal) (G1 Evacuation Pause)
[33.230s][info][gc,task        ] GC(44) Using 2 workers of 33 for evacuation
[33.233s][info][gc,phases      ] GC(44)   Pre Evacuate Collection Set: 0.1ms
[33.234s][info][gc,phases      ] GC(44)   Merge Heap Roots: 0.1ms
[33.234s][info][gc,phases      ] GC(44)   Evacuate Collection Set: 3.3ms
[33.234s][info][gc,phases      ] GC(44)   Post Evacuate Collection Set: 0.3ms
[33.234s][info][gc,phases      ] GC(44)   Other: 0.1ms
[33.234s][info][gc,heap        ] GC(44) Eden regions: 33->0(33)
[33.234s][info][gc,heap        ] GC(44) Survivor regions: 1->1(5)
[33.234s][info][gc,heap        ] GC(44) Old regions: 17->17
[33.234s][info][gc,heap        ] GC(44) Archive regions: 0->0
[33.234s][info][gc,heap        ] GC(44) Humongous regions: 0->0
[33.234s][info][gc,metaspace   ] GC(44) Metaspace: 9864K(10176K)->9864K(10176K) NonClass: 8562K(8768K)->8562K(8768K) Class: 1302K(1408K)->1302K(1408K)
[33.234s][info][gc             ] GC(44) Pause Young (Normal) (G1 Evacuation Pause) 71M->5M(114M) 4.428ms
[33.234s][info][gc,cpu         ] GC(44) User=0.00s Sys=0.00s Real=0.00s
[33.523s][info][gc,start       ] GC(45) Pause Young (Normal) (G1 Evacuation Pause)
[33.523s][info][gc,task        ] GC(45) Using 2 workers of 33 for evacuation
[33.535s][info][gc,phases      ] GC(45)   Pre Evacuate Collection Set: 0.1ms
[33.535s][info][gc,phases      ] GC(45)   Merge Heap Roots: 0.1ms
[33.535s][info][gc,phases      ] GC(45)   Evacuate Collection Set: 3.9ms
[33.535s][info][gc,phases      ] GC(45)   Post Evacuate Collection Set: 8.3ms
[33.535s][info][gc,phases      ] GC(45)   Other: 0.1ms
[33.535s][info][gc,heap        ] GC(45) Eden regions: 33->0(323)
[33.535s][info][gc,heap        ] GC(45) Survivor regions: 1->1(5)
[33.535s][info][gc,heap        ] GC(45) Old regions: 17->17
[33.535s][info][gc,heap        ] GC(45) Archive regions: 0->0
[33.536s][info][gc,heap        ] GC(45) Humongous regions: 0->0
[33.536s][info][gc,metaspace   ] GC(45) Metaspace: 9864K(10176K)->9864K(10176K) NonClass: 8562K(8768K)->8562K(8768K) Class: 1302K(1408K)->1302K(1408K)
[33.536s][info][gc             ] GC(45) Pause Young (Normal) (G1 Evacuation Pause) 71M->5M(1082M) 13.075ms
[33.536s][info][gc,cpu         ] GC(45) User=0.02s Sys=0.00s Real=0.03s
[36.653s][info][gc,start       ] GC(46) Pause Young (Normal) (G1 Evacuation Pause)
[36.654s][info][gc,task        ] GC(46) Using 26 workers of 33 for evacuation
[36.657s][info][gc,phases      ] GC(46)   Pre Evacuate Collection Set: 0.2ms
[36.657s][info][gc,phases      ] GC(46)   Merge Heap Roots: 0.3ms
[36.657s][info][gc,phases      ] GC(46)   Evacuate Collection Set: 2.0ms
[36.657s][info][gc,phases      ] GC(46)   Post Evacuate Collection Set: 0.7ms
[36.657s][info][gc,phases      ] GC(46)   Other: 0.2ms
[36.657s][info][gc,heap        ] GC(46) Eden regions: 323->0(323)
[36.657s][info][gc,heap        ] GC(46) Survivor regions: 1->1(41)
[36.657s][info][gc,heap        ] GC(46) Old regions: 17->17
[36.657s][info][gc,heap        ] GC(46) Archive regions: 0->0
[36.657s][info][gc,heap        ] GC(46) Humongous regions: 0->0
[36.657s][info][gc,metaspace   ] GC(46) Metaspace: 9864K(10176K)->9864K(10176K) NonClass: 8562K(8768K)->8562K(8768K) Class: 1302K(1408K)->1302K(1408K)
[36.657s][info][gc             ] GC(46) Pause Young (Normal) (G1 Evacuation Pause) 651M->5M(1082M) 3.904ms
[36.657s][info][gc,cpu         ] GC(46) User=0.00s Sys=0.02s Real=0.02s
[38.537s][info][gc,start       ] GC(47) Pause Full (System.gc())
[38.537s][info][gc,task        ] GC(47) Using 26 workers of 33 for full compaction
[38.538s][info][gc,phases,start] GC(47) Phase 1: Mark live objects
[38.544s][info][gc,phases      ] GC(47) Phase 1: Mark live objects 5.748ms
[38.544s][info][gc,phases,start] GC(47) Phase 2: Prepare compaction
[38.550s][info][gc,phases      ] GC(47) Phase 2: Prepare compaction 6.604ms
[38.550s][info][gc,phases,start] GC(47) Phase 3: Adjust pointers
[38.554s][info][gc,phases      ] GC(47) Phase 3: Adjust pointers 3.358ms
[38.554s][info][gc,phases,start] GC(47) Phase 4: Compact heap
[38.554s][info][gc,phases      ] GC(47) Phase 4: Compact heap 0.576ms
[38.564s][info][gc,heap        ] GC(47) Eden regions: 209->0(36)
[38.564s][info][gc,heap        ] GC(47) Survivor regions: 1->0(41)
[38.564s][info][gc,heap        ] GC(47) Old regions: 17->18
[38.564s][info][gc,heap        ] GC(47) Archive regions: 0->0
[38.564s][info][gc,heap        ] GC(47) Humongous regions: 0->0
[38.564s][info][gc,metaspace   ] GC(47) Metaspace: 9864K(10176K)->9864K(10176K) NonClass: 8562K(8768K)->8562K(8768K) Class: 1302K(1408K)->1302K(1408K)
[38.564s][info][gc             ] GC(47) Pause Full (System.gc()) 422M->3M(120M) 27.601ms
[38.564s][info][gc,cpu         ] GC(47) User=0.02s Sys=0.41s Real=0.03s
[38.862s][info][gc,start       ] GC(48) Pause Young (Normal) (G1 Evacuation Pause)
[38.862s][info][gc,task        ] GC(48) Using 14 workers of 33 for evacuation
[38.864s][info][gc,phases      ] GC(48)   Pre Evacuate Collection Set: 0.1ms
[38.864s][info][gc,phases      ] GC(48)   Merge Heap Roots: 0.1ms
[38.864s][info][gc,phases      ] GC(48)   Evacuate Collection Set: 0.8ms
[38.864s][info][gc,phases      ] GC(48)   Post Evacuate Collection Set: 0.3ms
[38.864s][info][gc,phases      ] GC(48)   Other: 0.1ms
[38.864s][info][gc,heap        ] GC(48) Eden regions: 36->0(35)
[38.864s][info][gc,heap        ] GC(48) Survivor regions: 0->1(5)
[38.864s][info][gc,heap        ] GC(48) Old regions: 18->18
[38.864s][info][gc,heap        ] GC(48) Archive regions: 0->0
[38.864s][info][gc,heap        ] GC(48) Humongous regions: 0->0
[38.864s][info][gc,metaspace   ] GC(48) Metaspace: 9865K(10176K)->9865K(10176K) NonClass: 8563K(8768K)->8563K(8768K) Class: 1302K(1408K)->1302K(1408K)
[38.864s][info][gc             ] GC(48) Pause Young (Normal) (G1 Evacuation Pause) 75M->5M(120M) 2.017ms
[38.864s][info][gc,cpu         ] GC(48) User=0.00s Sys=0.00s Real=0.00s
[39.166s][info][gc,start       ] GC(49) Pause Young (Normal) (G1 Evacuation Pause)
[39.166s][info][gc,task        ] GC(49) Using 8 workers of 33 for evacuation
[39.168s][info][gc,phases      ] GC(49)   Pre Evacuate Collection Set: 0.1ms
[39.168s][info][gc,phases      ] GC(49)   Merge Heap Roots: 0.1ms
[39.168s][info][gc,phases      ] GC(49)   Evacuate Collection Set: 1.0ms
[39.168s][info][gc,phases      ] GC(49)   Post Evacuate Collection Set: 0.3ms
[39.168s][info][gc,phases      ] GC(49)   Other: 0.1ms
[39.168s][info][gc,heap        ] GC(49) Eden regions: 35->0(35)
[39.168s][info][gc,heap        ] GC(49) Survivor regions: 1->1(5)
[39.168s][info][gc,heap        ] GC(49) Old regions: 18->18
[39.168s][info][gc,heap        ] GC(49) Archive regions: 0->0
[39.168s][info][gc,heap        ] GC(49) Humongous regions: 0->0
[39.168s][info][gc,metaspace   ] GC(49) Metaspace: 9865K(10176K)->9865K(10176K) NonClass: 8563K(8768K)->8563K(8768K) Class: 1302K(1408K)->1302K(1408K)
[39.168s][info][gc             ] GC(49) Pause Young (Normal) (G1 Evacuation Pause) 75M->5M(120M) 2.173ms
[39.168s][info][gc,cpu         ] GC(49) User=0.00s Sys=0.00s Real=0.00s
[39.488s][info][gc,start       ] GC(50) Pause Young (Normal) (G1 Evacuation Pause)
[39.488s][info][gc,task        ] GC(50) Using 5 workers of 33 for evacuation
[39.490s][info][gc,phases      ] GC(50)   Pre Evacuate Collection Set: 0.1ms
[39.490s][info][gc,phases      ] GC(50)   Merge Heap Roots: 0.1ms
[39.490s][info][gc,phases      ] GC(50)   Evacuate Collection Set: 1.5ms
[39.490s][info][gc,phases      ] GC(50)   Post Evacuate Collection Set: 0.3ms
[39.490s][info][gc,phases      ] GC(50)   Other: 0.1ms
[39.490s][info][gc,heap        ] GC(50) Eden regions: 35->0(35)
[39.490s][info][gc,heap        ] GC(50) Survivor regions: 1->1(5)
[39.490s][info][gc,heap        ] GC(50) Old regions: 18->18
[39.490s][info][gc,heap        ] GC(50) Archive regions: 0->0
[39.490s][info][gc,heap        ] GC(50) Humongous regions: 0->0
[39.490s][info][gc,metaspace   ] GC(50) Metaspace: 9865K(10176K)->9865K(10176K) NonClass: 8563K(8768K)->8563K(8768K) Class: 1302K(1408K)->1302K(1408K)
[39.490s][info][gc             ] GC(50) Pause Young (Normal) (G1 Evacuation Pause) 75M->5M(120M) 2.666ms
[39.490s][info][gc,cpu         ] GC(50) User=0.08s Sys=0.00s Real=0.01s
[39.801s][info][gc,start       ] GC(51) Pause Young (Normal) (G1 Evacuation Pause)
[39.801s][info][gc,task        ] GC(51) Using 3 workers of 33 for evacuation
[39.804s][info][gc,phases      ] GC(51)   Pre Evacuate Collection Set: 0.1ms
[39.804s][info][gc,phases      ] GC(51)   Merge Heap Roots: 0.1ms
[39.804s][info][gc,phases      ] GC(51)   Evacuate Collection Set: 2.5ms
[39.804s][info][gc,phases      ] GC(51)   Post Evacuate Collection Set: 0.3ms
[39.804s][info][gc,phases      ] GC(51)   Other: 0.1ms
[39.804s][info][gc,heap        ] GC(51) Eden regions: 35->0(35)
[39.804s][info][gc,heap        ] GC(51) Survivor regions: 1->1(5)
[39.804s][info][gc,heap        ] GC(51) Old regions: 18->18
[39.804s][info][gc,heap        ] GC(51) Archive regions: 0->0
[39.804s][info][gc,heap        ] GC(51) Humongous regions: 0->0
[39.805s][info][gc,metaspace   ] GC(51) Metaspace: 9865K(10176K)->9865K(10176K) NonClass: 8563K(8768K)->8563K(8768K) Class: 1302K(1408K)->1302K(1408K)
[39.805s][info][gc             ] GC(51) Pause Young (Normal) (G1 Evacuation Pause) 75M->5M(120M) 3.667ms
[39.805s][info][gc,cpu         ] GC(51) User=0.00s Sys=0.00s Real=0.00s
[40.122s][info][gc,start       ] GC(52) Pause Young (Normal) (G1 Evacuation Pause)
[40.122s][info][gc,task        ] GC(52) Using 2 workers of 33 for evacuation
[40.126s][info][gc,phases      ] GC(52)   Pre Evacuate Collection Set: 0.1ms
[40.126s][info][gc,phases      ] GC(52)   Merge Heap Roots: 0.1ms
[40.126s][info][gc,phases      ] GC(52)   Evacuate Collection Set: 3.4ms
[40.126s][info][gc,phases      ] GC(52)   Post Evacuate Collection Set: 0.3ms
[40.126s][info][gc,phases      ] GC(52)   Other: 0.1ms
[40.126s][info][gc,heap        ] GC(52) Eden regions: 35->0(35)
[40.126s][info][gc,heap        ] GC(52) Survivor regions: 1->1(5)
[40.126s][info][gc,heap        ] GC(52) Old regions: 18->18
[40.126s][info][gc,heap        ] GC(52) Archive regions: 0->0
[40.126s][info][gc,heap        ] GC(52) Humongous regions: 0->0
[40.126s][info][gc,metaspace   ] GC(52) Metaspace: 9865K(10176K)->9865K(10176K) NonClass: 8563K(8768K)->8563K(8768K) Class: 1302K(1408K)->1302K(1408K)
[40.126s][info][gc             ] GC(52) Pause Young (Normal) (G1 Evacuation Pause) 75M->5M(120M) 4.296ms
[40.126s][info][gc,cpu         ] GC(52) User=0.00s Sys=0.00s Real=0.00s
[40.430s][info][gc,start       ] GC(53) Pause Young (Normal) (G1 Evacuation Pause)
[40.431s][info][gc,task        ] GC(53) Using 2 workers of 33 for evacuation
[40.435s][info][gc,phases      ] GC(53)   Pre Evacuate Collection Set: 0.1ms
[40.435s][info][gc,phases      ] GC(53)   Merge Heap Roots: 0.1ms
[40.435s][info][gc,phases      ] GC(53)   Evacuate Collection Set: 3.5ms
[40.435s][info][gc,phases      ] GC(53)   Post Evacuate Collection Set: 0.3ms
[40.435s][info][gc,phases      ] GC(53)   Other: 0.1ms
[40.435s][info][gc,heap        ] GC(53) Eden regions: 35->0(35)
[40.435s][info][gc,heap        ] GC(53) Survivor regions: 1->1(5)
[40.435s][info][gc,heap        ] GC(53) Old regions: 18->18
[40.435s][info][gc,heap        ] GC(53) Archive regions: 0->0
[40.435s][info][gc,heap        ] GC(53) Humongous regions: 0->0
[40.435s][info][gc,metaspace   ] GC(53) Metaspace: 9865K(10176K)->9865K(10176K) NonClass: 8563K(8768K)->8563K(8768K) Class: 1302K(1408K)->1302K(1408K)
[40.435s][info][gc             ] GC(53) Pause Young (Normal) (G1 Evacuation Pause) 75M->5M(120M) 4.665ms
[40.435s][info][gc,cpu         ] GC(53) User=0.00s Sys=0.00s Real=0.00s
[40.751s][info][gc,start       ] GC(54) Pause Young (Normal) (G1 Evacuation Pause)
[40.752s][info][gc,task        ] GC(54) Using 2 workers of 33 for evacuation
[40.764s][info][gc,phases      ] GC(54)   Pre Evacuate Collection Set: 0.1ms
[40.764s][info][gc,phases      ] GC(54)   Merge Heap Roots: 0.1ms
[40.764s][info][gc,phases      ] GC(54)   Evacuate Collection Set: 3.5ms
[40.764s][info][gc,phases      ] GC(54)   Post Evacuate Collection Set: 8.2ms
[40.764s][info][gc,phases      ] GC(54)   Other: 0.1ms
[40.764s][info][gc,heap        ] GC(54) Eden regions: 35->0(324)
[40.764s][info][gc,heap        ] GC(54) Survivor regions: 1->1(5)
[40.764s][info][gc,heap        ] GC(54) Old regions: 18->18
[40.764s][info][gc,heap        ] GC(54) Archive regions: 0->0
[40.764s][info][gc,heap        ] GC(54) Humongous regions: 0->0
[40.764s][info][gc,metaspace   ] GC(54) Metaspace: 9865K(10176K)->9865K(10176K) NonClass: 8563K(8768K)->8563K(8768K) Class: 1302K(1408K)->1302K(1408K)
[40.764s][info][gc             ] GC(54) Pause Young (Normal) (G1 Evacuation Pause) 75M->5M(1084M) 12.693ms
[40.764s][info][gc,cpu         ] GC(54) User=0.03s Sys=0.00s Real=0.02s
[43.909s][info][gc,start       ] GC(55) Pause Young (Normal) (G1 Evacuation Pause)
[43.909s][info][gc,task        ] GC(55) Using 26 workers of 33 for evacuation
[43.912s][info][gc,phases      ] GC(55)   Pre Evacuate Collection Set: 0.2ms
[43.912s][info][gc,phases      ] GC(55)   Merge Heap Roots: 0.3ms
[43.912s][info][gc,phases      ] GC(55)   Evacuate Collection Set: 1.7ms
[43.912s][info][gc,phases      ] GC(55)   Post Evacuate Collection Set: 0.7ms
[43.912s][info][gc,phases      ] GC(55)   Other: 0.2ms
[43.912s][info][gc,heap        ] GC(55) Eden regions: 324->0(324)
[43.912s][info][gc,heap        ] GC(55) Survivor regions: 1->1(41)
[43.912s][info][gc,heap        ] GC(55) Old regions: 18->18
[43.912s][info][gc,heap        ] GC(55) Archive regions: 0->0
[43.912s][info][gc,heap        ] GC(55) Humongous regions: 0->0
[43.912s][info][gc,metaspace   ] GC(55) Metaspace: 9865K(10176K)->9865K(10176K) NonClass: 8563K(8768K)->8563K(8768K) Class: 1302K(1408K)->1302K(1408K)
[43.912s][info][gc             ] GC(55) Pause Young (Normal) (G1 Evacuation Pause) 653M->5M(1084M) 3.598ms
[43.912s][info][gc,cpu         ] GC(55) User=0.02s Sys=0.00s Real=0.01s
[46.020s][info][gc,start       ] GC(56) Pause Full (System.gc())
[46.020s][info][gc,task        ] GC(56) Using 26 workers of 33 for full compaction
[46.022s][info][gc,phases,start] GC(56) Phase 1: Mark live objects
[46.027s][info][gc,phases      ] GC(56) Phase 1: Mark live objects 5.722ms
[46.027s][info][gc,phases,start] GC(56) Phase 2: Prepare compaction
[46.034s][info][gc,phases      ] GC(56) Phase 2: Prepare compaction 6.800ms
[46.034s][info][gc,phases,start] GC(56) Phase 3: Adjust pointers
[46.038s][info][gc,phases      ] GC(56) Phase 3: Adjust pointers 3.572ms
[46.038s][info][gc,phases,start] GC(56) Phase 4: Compact heap
[46.039s][info][gc,phases      ] GC(56) Phase 4: Compact heap 0.845ms
[46.048s][info][gc,heap        ] GC(56) Eden regions: 229->0(34)
[46.048s][info][gc,heap        ] GC(56) Survivor regions: 1->0(41)
[46.048s][info][gc,heap        ] GC(56) Old regions: 18->17
[46.048s][info][gc,heap        ] GC(56) Archive regions: 0->0
[46.048s][info][gc,heap        ] GC(56) Humongous regions: 0->0
[46.048s][info][gc,metaspace   ] GC(56) Metaspace: 9865K(10176K)->9865K(10176K) NonClass: 8563K(8768K)->8563K(8768K) Class: 1302K(1408K)->1302K(1408K)
[46.048s][info][gc             ] GC(56) Pause Full (System.gc()) 461M->3M(114M) 28.139ms
[46.048s][info][gc,cpu         ] GC(56) User=0.02s Sys=0.22s Real=0.02s
[46.330s][info][gc,start       ] GC(57) Pause Young (Normal) (G1 Evacuation Pause)
[46.330s][info][gc,task        ] GC(57) Using 14 workers of 33 for evacuation
[46.332s][info][gc,phases      ] GC(57)   Pre Evacuate Collection Set: 0.1ms
[46.332s][info][gc,phases      ] GC(57)   Merge Heap Roots: 0.1ms
[46.332s][info][gc,phases      ] GC(57)   Evacuate Collection Set: 0.8ms
[46.332s][info][gc,phases      ] GC(57)   Post Evacuate Collection Set: 0.4ms
[46.332s][info][gc,phases      ] GC(57)   Other: 0.1ms
[46.332s][info][gc,heap        ] GC(57) Eden regions: 34->0(33)
[46.332s][info][gc,heap        ] GC(57) Survivor regions: 0->1(5)
[46.332s][info][gc,heap        ] GC(57) Old regions: 17->17
[46.332s][info][gc,heap        ] GC(57) Archive regions: 0->0
[46.332s][info][gc,heap        ] GC(57) Humongous regions: 0->0
[46.332s][info][gc,metaspace   ] GC(57) Metaspace: 9866K(10176K)->9866K(10176K) NonClass: 8564K(8768K)->8564K(8768K) Class: 1302K(1408K)->1302K(1408K)
[46.332s][info][gc             ] GC(57) Pause Young (Normal) (G1 Evacuation Pause) 71M->5M(114M) 2.019ms
[46.332s][info][gc,cpu         ] GC(57) User=0.00s Sys=0.00s Real=0.00s
[46.619s][info][gc,start       ] GC(58) Pause Young (Normal) (G1 Evacuation Pause)
[46.619s][info][gc,task        ] GC(58) Using 8 workers of 33 for evacuation
[46.621s][info][gc,phases      ] GC(58)   Pre Evacuate Collection Set: 0.1ms
[46.621s][info][gc,phases      ] GC(58)   Merge Heap Roots: 0.1ms
[46.621s][info][gc,phases      ] GC(58)   Evacuate Collection Set: 1.1ms
[46.621s][info][gc,phases      ] GC(58)   Post Evacuate Collection Set: 0.3ms
[46.621s][info][gc,phases      ] GC(58)   Other: 0.1ms
[46.621s][info][gc,heap        ] GC(58) Eden regions: 33->0(33)
[46.621s][info][gc,heap        ] GC(58) Survivor regions: 1->1(5)
[46.621s][info][gc,heap        ] GC(58) Old regions: 17->17
[46.621s][info][gc,heap        ] GC(58) Archive regions: 0->0
[46.621s][info][gc,heap        ] GC(58) Humongous regions: 0->0
[46.621s][info][gc,metaspace   ] GC(58) Metaspace: 9866K(10176K)->9866K(10176K) NonClass: 8564K(8768K)->8564K(8768K) Class: 1302K(1408K)->1302K(1408K)
[46.621s][info][gc             ] GC(58) Pause Young (Normal) (G1 Evacuation Pause) 71M->5M(114M) 2.229ms
[46.621s][info][gc,cpu         ] GC(58) User=0.00s Sys=0.00s Real=0.00s
[46.925s][info][gc,start       ] GC(59) Pause Young (Normal) (G1 Evacuation Pause)
[46.926s][info][gc,task        ] GC(59) Using 5 workers of 33 for evacuation
[46.928s][info][gc,phases      ] GC(59)   Pre Evacuate Collection Set: 0.1ms
[46.928s][info][gc,phases      ] GC(59)   Merge Heap Roots: 0.1ms
[46.928s][info][gc,phases      ] GC(59)   Evacuate Collection Set: 1.8ms
[46.928s][info][gc,phases      ] GC(59)   Post Evacuate Collection Set: 0.3ms
[46.928s][info][gc,phases      ] GC(59)   Other: 0.1ms
[46.928s][info][gc,heap        ] GC(59) Eden regions: 33->0(33)
[46.928s][info][gc,heap        ] GC(59) Survivor regions: 1->1(5)
[46.928s][info][gc,heap        ] GC(59) Old regions: 17->17
[46.928s][info][gc,heap        ] GC(59) Archive regions: 0->0
[46.928s][info][gc,heap        ] GC(59) Humongous regions: 0->0
[46.928s][info][gc,metaspace   ] GC(59) Metaspace: 9866K(10176K)->9866K(10176K) NonClass: 8564K(8768K)->8564K(8768K) Class: 1302K(1408K)->1302K(1408K)
[46.928s][info][gc             ] GC(59) Pause Young (Normal) (G1 Evacuation Pause) 71M->5M(114M) 2.926ms
[46.928s][info][gc,cpu         ] GC(59) User=0.08s Sys=0.00s Real=0.02s
[47.230s][info][gc,start       ] GC(60) Pause Young (Normal) (G1 Evacuation Pause)
[47.230s][info][gc,task        ] GC(60) Using 3 workers of 33 for evacuation
[47.233s][info][gc,phases      ] GC(60)   Pre Evacuate Collection Set: 0.1ms
[47.233s][info][gc,phases      ] GC(60)   Merge Heap Roots: 0.1ms
[47.233s][info][gc,phases      ] GC(60)   Evacuate Collection Set: 2.4ms
[47.233s][info][gc,phases      ] GC(60)   Post Evacuate Collection Set: 0.3ms
[47.233s][info][gc,phases      ] GC(60)   Other: 0.1ms
[47.233s][info][gc,heap        ] GC(60) Eden regions: 33->0(33)
[47.233s][info][gc,heap        ] GC(60) Survivor regions: 1->1(5)
[47.233s][info][gc,heap        ] GC(60) Old regions: 17->17
[47.233s][info][gc,heap        ] GC(60) Archive regions: 0->0
[47.233s][info][gc,heap        ] GC(60) Humongous regions: 0->0
[47.233s][info][gc,metaspace   ] GC(60) Metaspace: 9866K(10176K)->9866K(10176K) NonClass: 8564K(8768K)->8564K(8768K) Class: 1302K(1408K)->1302K(1408K)
[47.233s][info][gc             ] GC(60) Pause Young (Normal) (G1 Evacuation Pause) 71M->5M(114M) 3.533ms
[47.233s][info][gc,cpu         ] GC(60) User=0.00s Sys=0.00s Real=0.00s
[47.536s][info][gc,start       ] GC(61) Pause Young (Normal) (G1 Evacuation Pause)
[47.536s][info][gc,task        ] GC(61) Using 2 workers of 33 for evacuation
[47.540s][info][gc,phases      ] GC(61)   Pre Evacuate Collection Set: 0.1ms
[47.540s][info][gc,phases      ] GC(61)   Merge Heap Roots: 0.1ms
[47.540s][info][gc,phases      ] GC(61)   Evacuate Collection Set: 3.3ms
[47.540s][info][gc,phases      ] GC(61)   Post Evacuate Collection Set: 0.3ms
[47.540s][info][gc,phases      ] GC(61)   Other: 0.1ms
[47.540s][info][gc,heap        ] GC(61) Eden regions: 33->0(33)
[47.540s][info][gc,heap        ] GC(61) Survivor regions: 1->1(5)
[47.540s][info][gc,heap        ] GC(61) Old regions: 17->17
[47.540s][info][gc,heap        ] GC(61) Archive regions: 0->0
[47.540s][info][gc,heap        ] GC(61) Humongous regions: 0->0
[47.540s][info][gc,metaspace   ] GC(61) Metaspace: 9866K(10176K)->9866K(10176K) NonClass: 8564K(8768K)->8564K(8768K) Class: 1302K(1408K)->1302K(1408K)
[47.540s][info][gc             ] GC(61) Pause Young (Normal) (G1 Evacuation Pause) 71M->5M(114M) 4.456ms
[47.540s][info][gc,cpu         ] GC(61) User=0.00s Sys=0.00s Real=0.00s
[47.832s][info][gc,start       ] GC(62) Pause Young (Normal) (G1 Evacuation Pause)
[47.833s][info][gc,task        ] GC(62) Using 2 workers of 33 for evacuation
[47.836s][info][gc,phases      ] GC(62)   Pre Evacuate Collection Set: 0.1ms
[47.836s][info][gc,phases      ] GC(62)   Merge Heap Roots: 0.1ms
[47.836s][info][gc,phases      ] GC(62)   Evacuate Collection Set: 3.2ms
[47.837s][info][gc,phases      ] GC(62)   Post Evacuate Collection Set: 0.3ms
[47.837s][info][gc,phases      ] GC(62)   Other: 0.1ms
[47.837s][info][gc,heap        ] GC(62) Eden regions: 33->0(33)
[47.837s][info][gc,heap        ] GC(62) Survivor regions: 1->1(5)
[47.837s][info][gc,heap        ] GC(62) Old regions: 17->17
[47.837s][info][gc,heap        ] GC(62) Archive regions: 0->0
[47.837s][info][gc,heap        ] GC(62) Humongous regions: 0->0
[47.837s][info][gc,metaspace   ] GC(62) Metaspace: 9866K(10176K)->9866K(10176K) NonClass: 8564K(8768K)->8564K(8768K) Class: 1302K(1408K)->1302K(1408K)
[47.837s][info][gc             ] GC(62) Pause Young (Normal) (G1 Evacuation Pause) 71M->5M(114M) 4.391ms
[47.837s][info][gc,cpu         ] GC(62) User=0.00s Sys=0.00s Real=0.00s
[48.139s][info][gc,start       ] GC(63) Pause Young (Normal) (G1 Evacuation Pause)
[48.139s][info][gc,task        ] GC(63) Using 2 workers of 33 for evacuation
[48.143s][info][gc,phases      ] GC(63)   Pre Evacuate Collection Set: 0.1ms
[48.143s][info][gc,phases      ] GC(63)   Merge Heap Roots: 0.1ms
[48.144s][info][gc,phases      ] GC(63)   Evacuate Collection Set: 3.4ms
[48.144s][info][gc,phases      ] GC(63)   Post Evacuate Collection Set: 0.3ms
[48.144s][info][gc,phases      ] GC(63)   Other: 0.1ms
[48.144s][info][gc,heap        ] GC(63) Eden regions: 33->0(33)
[48.144s][info][gc,heap        ] GC(63) Survivor regions: 1->1(5)
[48.144s][info][gc,heap        ] GC(63) Old regions: 17->17
[48.144s][info][gc,heap        ] GC(63) Archive regions: 0->0
[48.144s][info][gc,heap        ] GC(63) Humongous regions: 0->0
[48.144s][info][gc,metaspace   ] GC(63) Metaspace: 9866K(10176K)->9866K(10176K) NonClass: 8564K(8768K)->8564K(8768K) Class: 1302K(1408K)->1302K(1408K)
[48.144s][info][gc             ] GC(63) Pause Young (Normal) (G1 Evacuation Pause) 71M->5M(114M) 4.542ms
[48.144s][info][gc,cpu         ] GC(63) User=0.00s Sys=0.00s Real=0.00s
[48.441s][info][gc,start       ] GC(64) Pause Young (Normal) (G1 Evacuation Pause)
[48.441s][info][gc,task        ] GC(64) Using 2 workers of 33 for evacuation
[48.453s][info][gc,phases      ] GC(64)   Pre Evacuate Collection Set: 0.1ms
[48.453s][info][gc,phases      ] GC(64)   Merge Heap Roots: 0.1ms
[48.453s][info][gc,phases      ] GC(64)   Evacuate Collection Set: 3.3ms
[48.453s][info][gc,phases      ] GC(64)   Post Evacuate Collection Set: 8.2ms
[48.453s][info][gc,phases      ] GC(64)   Other: 0.1ms
[48.453s][info][gc,heap        ] GC(64) Eden regions: 33->0(323)
[48.453s][info][gc,heap        ] GC(64) Survivor regions: 1->1(5)
[48.453s][info][gc,heap        ] GC(64) Old regions: 17->17
[48.453s][info][gc,heap        ] GC(64) Archive regions: 0->0
[48.453s][info][gc,heap        ] GC(64) Humongous regions: 0->0
[48.453s][info][gc,metaspace   ] GC(64) Metaspace: 9866K(10176K)->9866K(10176K) NonClass: 8564K(8768K)->8564K(8768K) Class: 1302K(1408K)->1302K(1408K)
[48.453s][info][gc             ] GC(64) Pause Young (Normal) (G1 Evacuation Pause) 71M->5M(1082M) 12.386ms
[48.453s][info][gc,cpu         ] GC(64) User=0.00s Sys=0.02s Real=0.02s
[51.604s][info][gc,start       ] GC(65) Pause Young (Normal) (G1 Evacuation Pause)
[51.604s][info][gc,task        ] GC(65) Using 26 workers of 33 for evacuation
[51.607s][info][gc,phases      ] GC(65)   Pre Evacuate Collection Set: 0.2ms
[51.607s][info][gc,phases      ] GC(65)   Merge Heap Roots: 0.2ms
[51.607s][info][gc,phases      ] GC(65)   Evacuate Collection Set: 1.7ms
[51.607s][info][gc,phases      ] GC(65)   Post Evacuate Collection Set: 0.7ms
[51.607s][info][gc,phases      ] GC(65)   Other: 0.2ms
[51.607s][info][gc,heap        ] GC(65) Eden regions: 323->0(323)
[51.607s][info][gc,heap        ] GC(65) Survivor regions: 1->1(41)
[51.607s][info][gc,heap        ] GC(65) Old regions: 17->17
[51.608s][info][gc,heap        ] GC(65) Archive regions: 0->0
[51.608s][info][gc,heap        ] GC(65) Humongous regions: 0->0
[51.608s][info][gc,metaspace   ] GC(65) Metaspace: 9866K(10176K)->9866K(10176K) NonClass: 8564K(8768K)->8564K(8768K) Class: 1302K(1408K)->1302K(1408K)
[51.608s][info][gc             ] GC(65) Pause Young (Normal) (G1 Evacuation Pause) 651M->5M(1082M) 3.592ms
[51.608s][info][gc,cpu         ] GC(65) User=0.00s Sys=0.00s Real=0.00s
[53.500s][info][gc,start       ] GC(66) Pause Full (System.gc())
[53.500s][info][gc,task        ] GC(66) Using 26 workers of 33 for full compaction
[53.501s][info][gc,phases,start] GC(66) Phase 1: Mark live objects
[53.507s][info][gc,phases      ] GC(66) Phase 1: Mark live objects 6.174ms
[53.507s][info][gc,phases,start] GC(66) Phase 2: Prepare compaction
[53.514s][info][gc,phases      ] GC(66) Phase 2: Prepare compaction 6.920ms
[53.524s][info][gc,phases,start] GC(66) Phase 3: Adjust pointers
[53.528s][info][gc,phases      ] GC(66) Phase 3: Adjust pointers 4.264ms
[53.528s][info][gc,phases,start] GC(66) Phase 4: Compact heap
[53.529s][info][gc,phases      ] GC(66) Phase 4: Compact heap 0.935ms
[53.540s][info][gc,heap        ] GC(66) Eden regions: 211->0(36)
[53.540s][info][gc,heap        ] GC(66) Survivor regions: 1->0(41)
[53.540s][info][gc,heap        ] GC(66) Old regions: 17->18
[53.540s][info][gc,heap        ] GC(66) Archive regions: 0->0
[53.540s][info][gc,heap        ] GC(66) Humongous regions: 0->0
[53.540s][info][gc,metaspace   ] GC(66) Metaspace: 9867K(10176K)->9867K(10176K) NonClass: 8565K(8768K)->8565K(8768K) Class: 1302K(1408K)->1302K(1408K)
[53.540s][info][gc             ] GC(66) Pause Full (System.gc()) 425M->3M(120M) 40.034ms
[53.540s][info][gc,cpu         ] GC(66) User=0.06s Sys=0.34s Real=0.04s
[53.845s][info][gc,start       ] GC(67) Pause Young (Normal) (G1 Evacuation Pause)
[53.845s][info][gc,task        ] GC(67) Using 14 workers of 33 for evacuation
[53.847s][info][gc,phases      ] GC(67)   Pre Evacuate Collection Set: 0.1ms
[53.847s][info][gc,phases      ] GC(67)   Merge Heap Roots: 0.1ms
[53.847s][info][gc,phases      ] GC(67)   Evacuate Collection Set: 0.8ms
[53.847s][info][gc,phases      ] GC(67)   Post Evacuate Collection Set: 0.3ms
[53.847s][info][gc,phases      ] GC(67)   Other: 0.1ms
[53.847s][info][gc,heap        ] GC(67) Eden regions: 36->0(35)
[53.847s][info][gc,heap        ] GC(67) Survivor regions: 0->1(5)
[53.847s][info][gc,heap        ] GC(67) Old regions: 18->18
[53.847s][info][gc,heap        ] GC(67) Archive regions: 0->0
[53.847s][info][gc,heap        ] GC(67) Humongous regions: 0->0
[53.847s][info][gc,metaspace   ] GC(67) Metaspace: 9868K(10176K)->9868K(10176K) NonClass: 8566K(8768K)->8566K(8768K) Class: 1302K(1408K)->1302K(1408K)
[53.847s][info][gc             ] GC(67) Pause Young (Normal) (G1 Evacuation Pause) 75M->5M(120M) 1.989ms
[53.847s][info][gc,cpu         ] GC(67) User=0.00s Sys=0.00s Real=0.00s
[54.151s][info][gc,start       ] GC(68) Pause Young (Normal) (G1 Evacuation Pause)
[54.151s][info][gc,task        ] GC(68) Using 8 workers of 33 for evacuation
[54.153s][info][gc,phases      ] GC(68)   Pre Evacuate Collection Set: 0.1ms
[54.153s][info][gc,phases      ] GC(68)   Merge Heap Roots: 0.1ms
[54.153s][info][gc,phases      ] GC(68)   Evacuate Collection Set: 1.1ms
[54.153s][info][gc,phases      ] GC(68)   Post Evacuate Collection Set: 0.3ms
[54.153s][info][gc,phases      ] GC(68)   Other: 0.1ms
[54.153s][info][gc,heap        ] GC(68) Eden regions: 35->0(35)
[54.153s][info][gc,heap        ] GC(68) Survivor regions: 1->1(5)
[54.153s][info][gc,heap        ] GC(68) Old regions: 18->18
[54.153s][info][gc,heap        ] GC(68) Archive regions: 0->0
[54.153s][info][gc,heap        ] GC(68) Humongous regions: 0->0
[54.153s][info][gc,metaspace   ] GC(68) Metaspace: 9868K(10176K)->9868K(10176K) NonClass: 8566K(8768K)->8566K(8768K) Class: 1302K(1408K)->1302K(1408K)
[54.153s][info][gc             ] GC(68) Pause Young (Normal) (G1 Evacuation Pause) 75M->5M(120M) 2.315ms
[54.153s][info][gc,cpu         ] GC(68) User=0.00s Sys=0.00s Real=0.00s
[54.466s][info][gc,start       ] GC(69) Pause Young (Normal) (G1 Evacuation Pause)
[54.467s][info][gc,task        ] GC(69) Using 5 workers of 33 for evacuation
[54.469s][info][gc,phases      ] GC(69)   Pre Evacuate Collection Set: 0.1ms
[54.469s][info][gc,phases      ] GC(69)   Merge Heap Roots: 0.1ms
[54.469s][info][gc,phases      ] GC(69)   Evacuate Collection Set: 1.7ms
[54.469s][info][gc,phases      ] GC(69)   Post Evacuate Collection Set: 0.3ms
[54.469s][info][gc,phases      ] GC(69)   Other: 0.1ms
[54.469s][info][gc,heap        ] GC(69) Eden regions: 35->0(35)
[54.469s][info][gc,heap        ] GC(69) Survivor regions: 1->1(5)
[54.469s][info][gc,heap        ] GC(69) Old regions: 18->18
[54.469s][info][gc,heap        ] GC(69) Archive regions: 0->0
[54.469s][info][gc,heap        ] GC(69) Humongous regions: 0->0
[54.469s][info][gc,metaspace   ] GC(69) Metaspace: 9868K(10176K)->9868K(10176K) NonClass: 8566K(8768K)->8566K(8768K) Class: 1302K(1408K)->1302K(1408K)
[54.469s][info][gc             ] GC(69) Pause Young (Normal) (G1 Evacuation Pause) 75M->5M(120M) 2.827ms
[54.469s][info][gc,cpu         ] GC(69) User=0.00s Sys=0.00s Real=0.00s
[54.787s][info][gc,start       ] GC(70) Pause Young (Normal) (G1 Evacuation Pause)
[54.787s][info][gc,task        ] GC(70) Using 3 workers of 33 for evacuation
[54.790s][info][gc,phases      ] GC(70)   Pre Evacuate Collection Set: 0.1ms
[54.790s][info][gc,phases      ] GC(70)   Merge Heap Roots: 0.1ms
[54.790s][info][gc,phases      ] GC(70)   Evacuate Collection Set: 2.5ms
[54.790s][info][gc,phases      ] GC(70)   Post Evacuate Collection Set: 0.3ms
[54.790s][info][gc,phases      ] GC(70)   Other: 0.1ms
[54.790s][info][gc,heap        ] GC(70) Eden regions: 35->0(35)
[54.790s][info][gc,heap        ] GC(70) Survivor regions: 1->1(5)
[54.790s][info][gc,heap        ] GC(70) Old regions: 18->18
[54.790s][info][gc,heap        ] GC(70) Archive regions: 0->0
[54.790s][info][gc,heap        ] GC(70) Humongous regions: 0->0
[54.790s][info][gc,metaspace   ] GC(70) Metaspace: 9868K(10176K)->9868K(10176K) NonClass: 8566K(8768K)->8566K(8768K) Class: 1302K(1408K)->1302K(1408K)
[54.790s][info][gc             ] GC(70) Pause Young (Normal) (G1 Evacuation Pause) 75M->5M(120M) 3.587ms
[54.790s][info][gc,cpu         ] GC(70) User=0.00s Sys=0.00s Real=0.00s
[55.109s][info][gc,start       ] GC(71) Pause Young (Normal) (G1 Evacuation Pause)
[55.109s][info][gc,task        ] GC(71) Using 2 workers of 33 for evacuation
[55.113s][info][gc,phases      ] GC(71)   Pre Evacuate Collection Set: 0.1ms
[55.113s][info][gc,phases      ] GC(71)   Merge Heap Roots: 0.1ms
[55.113s][info][gc,phases      ] GC(71)   Evacuate Collection Set: 3.7ms
[55.113s][info][gc,phases      ] GC(71)   Post Evacuate Collection Set: 0.3ms
[55.113s][info][gc,phases      ] GC(71)   Other: 0.1ms
[55.113s][info][gc,heap        ] GC(71) Eden regions: 35->0(35)
[55.113s][info][gc,heap        ] GC(71) Survivor regions: 1->1(5)
[55.113s][info][gc,heap        ] GC(71) Old regions: 18->18
[55.113s][info][gc,heap        ] GC(71) Archive regions: 0->0
[55.113s][info][gc,heap        ] GC(71) Humongous regions: 0->0
[55.114s][info][gc,metaspace   ] GC(71) Metaspace: 9868K(10176K)->9868K(10176K) NonClass: 8566K(8768K)->8566K(8768K) Class: 1302K(1408K)->1302K(1408K)
[55.114s][info][gc             ] GC(71) Pause Young (Normal) (G1 Evacuation Pause) 75M->5M(120M) 4.902ms
[55.114s][info][gc,cpu         ] GC(71) User=0.00s Sys=0.00s Real=0.00s
[55.433s][info][gc,start       ] GC(72) Pause Young (Normal) (G1 Evacuation Pause)
[55.433s][info][gc,task        ] GC(72) Using 2 workers of 33 for evacuation
[55.438s][info][gc,phases      ] GC(72)   Pre Evacuate Collection Set: 0.1ms
[55.438s][info][gc,phases      ] GC(72)   Merge Heap Roots: 0.1ms
[55.438s][info][gc,phases      ] GC(72)   Evacuate Collection Set: 3.5ms
[55.438s][info][gc,phases      ] GC(72)   Post Evacuate Collection Set: 0.3ms
[55.438s][info][gc,phases      ] GC(72)   Other: 0.1ms
[55.438s][info][gc,heap        ] GC(72) Eden regions: 35->0(35)
[55.438s][info][gc,heap        ] GC(72) Survivor regions: 1->1(5)
[55.438s][info][gc,heap        ] GC(72) Old regions: 18->18
[55.438s][info][gc,heap        ] GC(72) Archive regions: 0->0
[55.438s][info][gc,heap        ] GC(72) Humongous regions: 0->0
[55.438s][info][gc,metaspace   ] GC(72) Metaspace: 9868K(10176K)->9868K(10176K) NonClass: 8566K(8768K)->8566K(8768K) Class: 1302K(1408K)->1302K(1408K)
[55.438s][info][gc             ] GC(72) Pause Young (Normal) (G1 Evacuation Pause) 75M->5M(120M) 4.677ms
[55.438s][info][gc,cpu         ] GC(72) User=0.00s Sys=0.00s Real=0.00s
[55.762s][info][gc,start       ] GC(73) Pause Young (Normal) (G1 Evacuation Pause)
[55.763s][info][gc,task        ] GC(73) Using 2 workers of 33 for evacuation
[55.767s][info][gc,phases      ] GC(73)   Pre Evacuate Collection Set: 0.1ms
[55.767s][info][gc,phases      ] GC(73)   Merge Heap Roots: 0.1ms
[55.767s][info][gc,phases      ] GC(73)   Evacuate Collection Set: 3.6ms
[55.767s][info][gc,phases      ] GC(73)   Post Evacuate Collection Set: 0.3ms
[55.767s][info][gc,phases      ] GC(73)   Other: 0.1ms
[55.767s][info][gc,heap        ] GC(73) Eden regions: 35->0(35)
[55.767s][info][gc,heap        ] GC(73) Survivor regions: 1->1(5)
[55.767s][info][gc,heap        ] GC(73) Old regions: 18->18
[55.767s][info][gc,heap        ] GC(73) Archive regions: 0->0
[55.767s][info][gc,heap        ] GC(73) Humongous regions: 0->0
[55.767s][info][gc,metaspace   ] GC(73) Metaspace: 9868K(10176K)->9868K(10176K) NonClass: 8566K(8768K)->8566K(8768K) Class: 1302K(1408K)->1302K(1408K)
[55.767s][info][gc             ] GC(73) Pause Young (Normal) (G1 Evacuation Pause) 75M->5M(120M) 4.749ms
[55.767s][info][gc,cpu         ] GC(73) User=0.00s Sys=0.00s Real=0.00s
[56.083s][info][gc,start       ] GC(74) Pause Young (Normal) (G1 Evacuation Pause)
[56.084s][info][gc,task        ] GC(74) Using 2 workers of 33 for evacuation
[56.096s][info][gc,phases      ] GC(74)   Pre Evacuate Collection Set: 0.1ms
[56.096s][info][gc,phases      ] GC(74)   Merge Heap Roots: 0.1ms
[56.096s][info][gc,phases      ] GC(74)   Evacuate Collection Set: 3.6ms
[56.096s][info][gc,phases      ] GC(74)   Post Evacuate Collection Set: 8.2ms
[56.096s][info][gc,phases      ] GC(74)   Other: 0.1ms
[56.096s][info][gc,heap        ] GC(74) Eden regions: 35->0(324)
[56.096s][info][gc,heap        ] GC(74) Survivor regions: 1->1(5)
[56.096s][info][gc,heap        ] GC(74) Old regions: 18->18
[56.096s][info][gc,heap        ] GC(74) Archive regions: 0->0
[56.096s][info][gc,heap        ] GC(74) Humongous regions: 0->0
[56.096s][info][gc,metaspace   ] GC(74) Metaspace: 9868K(10176K)->9868K(10176K) NonClass: 8566K(8768K)->8566K(8768K) Class: 1302K(1408K)->1302K(1408K)
[56.096s][info][gc             ] GC(74) Pause Young (Normal) (G1 Evacuation Pause) 75M->5M(1084M) 12.625ms
[56.096s][info][gc,cpu         ] GC(74) User=0.00s Sys=0.02s Real=0.02s
[59.248s][info][gc,start       ] GC(75) Pause Young (Normal) (G1 Evacuation Pause)
[59.248s][info][gc,task        ] GC(75) Using 26 workers of 33 for evacuation
[59.251s][info][gc,phases      ] GC(75)   Pre Evacuate Collection Set: 0.2ms
[59.251s][info][gc,phases      ] GC(75)   Merge Heap Roots: 0.3ms
[59.251s][info][gc,phases      ] GC(75)   Evacuate Collection Set: 1.7ms
[59.251s][info][gc,phases      ] GC(75)   Post Evacuate Collection Set: 0.7ms
[59.251s][info][gc,phases      ] GC(75)   Other: 0.2ms
[59.251s][info][gc,heap        ] GC(75) Eden regions: 324->0(324)
[59.251s][info][gc,heap        ] GC(75) Survivor regions: 1->1(41)
[59.251s][info][gc,heap        ] GC(75) Old regions: 18->18
[59.251s][info][gc,heap        ] GC(75) Archive regions: 0->0
[59.251s][info][gc,heap        ] GC(75) Humongous regions: 0->0
[59.252s][info][gc,metaspace   ] GC(75) Metaspace: 9868K(10176K)->9868K(10176K) NonClass: 8566K(8768K)->8566K(8768K) Class: 1302K(1408K)->1302K(1408K)
[59.252s][info][gc             ] GC(75) Pause Young (Normal) (G1 Evacuation Pause) 653M->5M(1084M) 3.611ms
[59.252s][info][gc,cpu         ] GC(75) User=0.14s Sys=0.27s Real=0.02s
[61.005s][info][gc,start       ] GC(76) Pause Full (System.gc())
[61.005s][info][gc,task        ] GC(76) Using 26 workers of 33 for full compaction
[61.006s][info][gc,phases,start] GC(76) Phase 1: Mark live objects
[61.012s][info][gc,phases      ] GC(76) Phase 1: Mark live objects 5.776ms
[61.012s][info][gc,phases,start] GC(76) Phase 2: Prepare compaction
[61.018s][info][gc,phases      ] GC(76) Phase 2: Prepare compaction 5.921ms
[61.018s][info][gc,phases,start] GC(76) Phase 3: Adjust pointers
[61.022s][info][gc,phases      ] GC(76) Phase 3: Adjust pointers 3.392ms
[61.022s][info][gc,phases,start] GC(76) Phase 4: Compact heap
[61.022s][info][gc,phases      ] GC(76) Phase 4: Compact heap 0.633ms
[61.029s][info][gc,heap        ] GC(76) Eden regions: 195->0(34)
[61.029s][info][gc,heap        ] GC(76) Survivor regions: 1->0(41)
[61.029s][info][gc,heap        ] GC(76) Old regions: 18->17
[61.029s][info][gc,heap        ] GC(76) Archive regions: 0->0
[61.029s][info][gc,heap        ] GC(76) Humongous regions: 0->0
[61.029s][info][gc,metaspace   ] GC(76) Metaspace: 9868K(10176K)->9868K(10176K) NonClass: 8566K(8768K)->8566K(8768K) Class: 1302K(1408K)->1302K(1408K)
[61.029s][info][gc             ] GC(76) Pause Full (System.gc()) 393M->3M(114M) 23.564ms
[61.029s][info][gc,cpu         ] GC(76) User=0.02s Sys=0.00s Real=0.02s
[61.322s][info][gc,start       ] GC(77) Pause Young (Normal) (G1 Evacuation Pause)
[61.322s][info][gc,task        ] GC(77) Using 14 workers of 33 for evacuation
[61.324s][info][gc,phases      ] GC(77)   Pre Evacuate Collection Set: 0.1ms
[61.324s][info][gc,phases      ] GC(77)   Merge Heap Roots: 0.1ms
[61.324s][info][gc,phases      ] GC(77)   Evacuate Collection Set: 0.9ms
[61.324s][info][gc,phases      ] GC(77)   Post Evacuate Collection Set: 0.6ms
[61.324s][info][gc,phases      ] GC(77)   Other: 0.1ms
[61.324s][info][gc,heap        ] GC(77) Eden regions: 34->0(33)
[61.324s][info][gc,heap        ] GC(77) Survivor regions: 0->1(5)
[61.324s][info][gc,heap        ] GC(77) Old regions: 17->17
[61.324s][info][gc,heap        ] GC(77) Archive regions: 0->0
[61.324s][info][gc,heap        ] GC(77) Humongous regions: 0->0
[61.324s][info][gc,metaspace   ] GC(77) Metaspace: 9872K(10176K)->9872K(10176K) NonClass: 8570K(8768K)->8570K(8768K) Class: 1302K(1408K)->1302K(1408K)
[61.324s][info][gc             ] GC(77) Pause Young (Normal) (G1 Evacuation Pause) 71M->5M(114M) 2.302ms
[61.324s][info][gc,cpu         ] GC(77) User=0.00s Sys=0.00s Real=0.00s
[61.600s][info][gc,start       ] GC(78) Pause Young (Normal) (G1 Evacuation Pause)
[61.600s][info][gc,task        ] GC(78) Using 8 workers of 33 for evacuation
[61.602s][info][gc,phases      ] GC(78)   Pre Evacuate Collection Set: 0.1ms
[61.602s][info][gc,phases      ] GC(78)   Merge Heap Roots: 0.1ms
[61.602s][info][gc,phases      ] GC(78)   Evacuate Collection Set: 1.0ms
[61.602s][info][gc,phases      ] GC(78)   Post Evacuate Collection Set: 0.3ms
[61.602s][info][gc,phases      ] GC(78)   Other: 0.1ms
[61.602s][info][gc,heap        ] GC(78) Eden regions: 33->0(33)
[61.602s][info][gc,heap        ] GC(78) Survivor regions: 1->1(5)
[61.602s][info][gc,heap        ] GC(78) Old regions: 17->17
[61.602s][info][gc,heap        ] GC(78) Archive regions: 0->0
[61.602s][info][gc,heap        ] GC(78) Humongous regions: 0->0
[61.602s][info][gc,metaspace   ] GC(78) Metaspace: 9872K(10176K)->9872K(10176K) NonClass: 8570K(8768K)->8570K(8768K) Class: 1302K(1408K)->1302K(1408K)
[61.602s][info][gc             ] GC(78) Pause Young (Normal) (G1 Evacuation Pause) 71M->5M(114M) 2.168ms
[61.602s][info][gc,cpu         ] GC(78) User=0.00s Sys=0.00s Real=0.00s
[61.904s][info][gc,start       ] GC(79) Pause Young (Normal) (G1 Evacuation Pause)
[61.904s][info][gc,task        ] GC(79) Using 5 workers of 33 for evacuation
[61.907s][info][gc,phases      ] GC(79)   Pre Evacuate Collection Set: 0.1ms
[61.907s][info][gc,phases      ] GC(79)   Merge Heap Roots: 0.1ms
[61.907s][info][gc,phases      ] GC(79)   Evacuate Collection Set: 1.7ms
[61.907s][info][gc,phases      ] GC(79)   Post Evacuate Collection Set: 0.3ms
[61.907s][info][gc,phases      ] GC(79)   Other: 0.1ms
[61.907s][info][gc,heap        ] GC(79) Eden regions: 33->0(33)
[61.907s][info][gc,heap        ] GC(79) Survivor regions: 1->1(5)
[61.907s][info][gc,heap        ] GC(79) Old regions: 17->17
[61.907s][info][gc,heap        ] GC(79) Archive regions: 0->0
[61.907s][info][gc,heap        ] GC(79) Humongous regions: 0->0
[61.907s][info][gc,metaspace   ] GC(79) Metaspace: 9872K(10176K)->9872K(10176K) NonClass: 8570K(8768K)->8570K(8768K) Class: 1302K(1408K)->1302K(1408K)
[61.907s][info][gc             ] GC(79) Pause Young (Normal) (G1 Evacuation Pause) 71M->5M(114M) 2.807ms
[61.907s][info][gc,cpu         ] GC(79) User=0.00s Sys=0.00s Real=0.00s
[62.214s][info][gc,start       ] GC(80) Pause Young (Normal) (G1 Evacuation Pause)
[62.214s][info][gc,task        ] GC(80) Using 3 workers of 33 for evacuation
[62.217s][info][gc,phases      ] GC(80)   Pre Evacuate Collection Set: 0.1ms
[62.217s][info][gc,phases      ] GC(80)   Merge Heap Roots: 0.1ms
[62.217s][info][gc,phases      ] GC(80)   Evacuate Collection Set: 2.5ms
[62.217s][info][gc,phases      ] GC(80)   Post Evacuate Collection Set: 0.3ms
[62.217s][info][gc,phases      ] GC(80)   Other: 0.1ms
[62.217s][info][gc,heap        ] GC(80) Eden regions: 33->0(33)
[62.217s][info][gc,heap        ] GC(80) Survivor regions: 1->1(5)
[62.217s][info][gc,heap        ] GC(80) Old regions: 17->17
[62.217s][info][gc,heap        ] GC(80) Archive regions: 0->0
[62.218s][info][gc,heap        ] GC(80) Humongous regions: 0->0
[62.218s][info][gc,metaspace   ] GC(80) Metaspace: 9872K(10176K)->9872K(10176K) NonClass: 8570K(8768K)->8570K(8768K) Class: 1302K(1408K)->1302K(1408K)
[62.218s][info][gc             ] GC(80) Pause Young (Normal) (G1 Evacuation Pause) 71M->5M(114M) 3.646ms
[62.218s][info][gc,cpu         ] GC(80) User=0.00s Sys=0.00s Real=0.00s
[62.507s][info][gc,start       ] GC(81) Pause Young (Normal) (G1 Evacuation Pause)
[62.507s][info][gc,task        ] GC(81) Using 2 workers of 33 for evacuation
[62.512s][info][gc,phases      ] GC(81)   Pre Evacuate Collection Set: 0.1ms
[62.512s][info][gc,phases      ] GC(81)   Merge Heap Roots: 0.1ms
[62.512s][info][gc,phases      ] GC(81)   Evacuate Collection Set: 3.6ms
[62.512s][info][gc,phases      ] GC(81)   Post Evacuate Collection Set: 0.5ms
[62.512s][info][gc,phases      ] GC(81)   Other: 0.1ms
[62.512s][info][gc,heap        ] GC(81) Eden regions: 33->0(33)
[62.512s][info][gc,heap        ] GC(81) Survivor regions: 1->1(5)
[62.512s][info][gc,heap        ] GC(81) Old regions: 17->17
[62.512s][info][gc,heap        ] GC(81) Archive regions: 0->0
[62.512s][info][gc,heap        ] GC(81) Humongous regions: 0->0
[62.512s][info][gc,metaspace   ] GC(81) Metaspace: 9872K(10176K)->9872K(10176K) NonClass: 8570K(8768K)->8570K(8768K) Class: 1302K(1408K)->1302K(1408K)
[62.512s][info][gc             ] GC(81) Pause Young (Normal) (G1 Evacuation Pause) 71M->5M(114M) 4.944ms
[62.512s][info][gc,cpu         ] GC(81) User=0.00s Sys=0.00s Real=0.00s
[62.811s][info][gc,start       ] GC(82) Pause Young (Normal) (G1 Evacuation Pause)
[62.812s][info][gc,task        ] GC(82) Using 2 workers of 33 for evacuation
[62.816s][info][gc,phases      ] GC(82)   Pre Evacuate Collection Set: 0.1ms
[62.816s][info][gc,phases      ] GC(82)   Merge Heap Roots: 0.1ms
[62.816s][info][gc,phases      ] GC(82)   Evacuate Collection Set: 3.4ms
[62.816s][info][gc,phases      ] GC(82)   Post Evacuate Collection Set: 0.5ms
[62.816s][info][gc,phases      ] GC(82)   Other: 0.1ms
[62.816s][info][gc,heap        ] GC(82) Eden regions: 33->0(33)
[62.816s][info][gc,heap        ] GC(82) Survivor regions: 1->1(5)
[62.816s][info][gc,heap        ] GC(82) Old regions: 17->17
[62.816s][info][gc,heap        ] GC(82) Archive regions: 0->0
[62.816s][info][gc,heap        ] GC(82) Humongous regions: 0->0
[62.816s][info][gc,metaspace   ] GC(82) Metaspace: 9872K(10176K)->9872K(10176K) NonClass: 8570K(8768K)->8570K(8768K) Class: 1302K(1408K)->1302K(1408K)
[62.816s][info][gc             ] GC(82) Pause Young (Normal) (G1 Evacuation Pause) 71M->5M(114M) 4.639ms
[62.816s][info][gc,cpu         ] GC(82) User=0.00s Sys=0.00s Real=0.00s
[63.108s][info][gc,start       ] GC(83) Pause Young (Normal) (G1 Evacuation Pause)
[63.108s][info][gc,task        ] GC(83) Using 2 workers of 33 for evacuation
[63.112s][info][gc,phases      ] GC(83)   Pre Evacuate Collection Set: 0.1ms
[63.112s][info][gc,phases      ] GC(83)   Merge Heap Roots: 0.1ms
[63.112s][info][gc,phases      ] GC(83)   Evacuate Collection Set: 3.6ms
[63.112s][info][gc,phases      ] GC(83)   Post Evacuate Collection Set: 0.3ms
[63.112s][info][gc,phases      ] GC(83)   Other: 0.1ms
[63.112s][info][gc,heap        ] GC(83) Eden regions: 33->0(33)
[63.112s][info][gc,heap        ] GC(83) Survivor regions: 1->1(5)
[63.112s][info][gc,heap        ] GC(83) Old regions: 17->17
[63.113s][info][gc,heap        ] GC(83) Archive regions: 0->0
[63.113s][info][gc,heap        ] GC(83) Humongous regions: 0->0
[63.113s][info][gc,metaspace   ] GC(83) Metaspace: 9872K(10176K)->9872K(10176K) NonClass: 8570K(8768K)->8570K(8768K) Class: 1302K(1408K)->1302K(1408K)
[63.113s][info][gc             ] GC(83) Pause Young (Normal) (G1 Evacuation Pause) 71M->5M(114M) 4.756ms
[63.113s][info][gc,cpu         ] GC(83) User=0.00s Sys=0.00s Real=0.00s
[63.409s][info][gc,start       ] GC(84) Pause Young (Normal) (G1 Evacuation Pause)
[63.410s][info][gc,task        ] GC(84) Using 2 workers of 33 for evacuation
[63.422s][info][gc,phases      ] GC(84)   Pre Evacuate Collection Set: 0.1ms
[63.422s][info][gc,phases      ] GC(84)   Merge Heap Roots: 0.1ms
[63.422s][info][gc,phases      ] GC(84)   Evacuate Collection Set: 3.7ms
[63.422s][info][gc,phases      ] GC(84)   Post Evacuate Collection Set: 8.4ms
[63.422s][info][gc,phases      ] GC(84)   Other: 0.1ms
[63.422s][info][gc,heap        ] GC(84) Eden regions: 33->0(323)
[63.422s][info][gc,heap        ] GC(84) Survivor regions: 1->1(5)
[63.422s][info][gc,heap        ] GC(84) Old regions: 17->17
[63.422s][info][gc,heap        ] GC(84) Archive regions: 0->0
[63.422s][info][gc,heap        ] GC(84) Humongous regions: 0->0
[63.422s][info][gc,metaspace   ] GC(84) Metaspace: 9872K(10176K)->9872K(10176K) NonClass: 8570K(8768K)->8570K(8768K) Class: 1302K(1408K)->1302K(1408K)
[63.422s][info][gc             ] GC(84) Pause Young (Normal) (G1 Evacuation Pause) 71M->5M(1082M) 12.995ms
[63.423s][info][gc,cpu         ] GC(84) User=0.00s Sys=0.00s Real=0.00s
[66.551s][info][gc,start       ] GC(85) Pause Young (Normal) (G1 Evacuation Pause)
[66.551s][info][gc,task        ] GC(85) Using 26 workers of 33 for evacuation
[66.554s][info][gc,phases      ] GC(85)   Pre Evacuate Collection Set: 0.2ms
[66.554s][info][gc,phases      ] GC(85)   Merge Heap Roots: 0.3ms
[66.554s][info][gc,phases      ] GC(85)   Evacuate Collection Set: 1.7ms
[66.554s][info][gc,phases      ] GC(85)   Post Evacuate Collection Set: 0.7ms
[66.554s][info][gc,phases      ] GC(85)   Other: 0.2ms
[66.554s][info][gc,heap        ] GC(85) Eden regions: 323->0(323)
[66.554s][info][gc,heap        ] GC(85) Survivor regions: 1->1(41)
[66.554s][info][gc,heap        ] GC(85) Old regions: 17->17
[66.554s][info][gc,heap        ] GC(85) Archive regions: 0->0
[66.554s][info][gc,heap        ] GC(85) Humongous regions: 0->0
[66.554s][info][gc,metaspace   ] GC(85) Metaspace: 9872K(10176K)->9872K(10176K) NonClass: 8570K(8768K)->8570K(8768K) Class: 1302K(1408K)->1302K(1408K)
[66.555s][info][gc             ] GC(85) Pause Young (Normal) (G1 Evacuation Pause) 651M->5M(1082M) 3.580ms
[66.555s][info][gc,cpu         ] GC(85) User=0.00s Sys=0.00s Real=0.00s
[68.459s][info][gc,start       ] GC(86) Pause Full (System.gc())
[68.459s][info][gc,task        ] GC(86) Using 26 workers of 33 for full compaction
[68.460s][info][gc,phases,start] GC(86) Phase 1: Mark live objects
[68.467s][info][gc,phases      ] GC(86) Phase 1: Mark live objects 6.656ms
[68.467s][info][gc,phases,start] GC(86) Phase 2: Prepare compaction
[68.473s][info][gc,phases      ] GC(86) Phase 2: Prepare compaction 6.535ms
[68.473s][info][gc,phases,start] GC(86) Phase 3: Adjust pointers
[68.477s][info][gc,phases      ] GC(86) Phase 3: Adjust pointers 3.401ms
[68.477s][info][gc,phases,start] GC(86) Phase 4: Compact heap
[68.477s][info][gc,phases      ] GC(86) Phase 4: Compact heap 0.744ms
[68.488s][info][gc,heap        ] GC(86) Eden regions: 213->0(36)
[68.488s][info][gc,heap        ] GC(86) Survivor regions: 1->0(41)
[68.488s][info][gc,heap        ] GC(86) Old regions: 17->18
[68.488s][info][gc,heap        ] GC(86) Archive regions: 0->0
[68.488s][info][gc,heap        ] GC(86) Humongous regions: 0->0
[68.488s][info][gc,metaspace   ] GC(86) Metaspace: 9872K(10176K)->9872K(10176K) NonClass: 8570K(8768K)->8570K(8768K) Class: 1302K(1408K)->1302K(1408K)
[68.488s][info][gc             ] GC(86) Pause Full (System.gc()) 430M->3M(120M) 29.415ms
[68.488s][info][gc,cpu         ] GC(86) User=0.50s Sys=0.00s Real=0.03s
[68.778s][info][gc,start       ] GC(87) Pause Young (Normal) (G1 Evacuation Pause)
[68.778s][info][gc,task        ] GC(87) Using 14 workers of 33 for evacuation
[68.779s][info][gc,phases      ] GC(87)   Pre Evacuate Collection Set: 0.1ms
[68.780s][info][gc,phases      ] GC(87)   Merge Heap Roots: 0.1ms
[68.780s][info][gc,phases      ] GC(87)   Evacuate Collection Set: 0.7ms
[68.780s][info][gc,phases      ] GC(87)   Post Evacuate Collection Set: 0.3ms
[68.780s][info][gc,phases      ] GC(87)   Other: 0.1ms
[68.780s][info][gc,heap        ] GC(87) Eden regions: 36->0(35)
[68.780s][info][gc,heap        ] GC(87) Survivor regions: 0->1(5)
[68.780s][info][gc,heap        ] GC(87) Old regions: 18->18
[68.780s][info][gc,heap        ] GC(87) Archive regions: 0->0
[68.780s][info][gc,heap        ] GC(87) Humongous regions: 0->0
[68.780s][info][gc,metaspace   ] GC(87) Metaspace: 9872K(10176K)->9872K(10176K) NonClass: 8570K(8768K)->8570K(8768K) Class: 1302K(1408K)->1302K(1408K)
[68.780s][info][gc             ] GC(87) Pause Young (Normal) (G1 Evacuation Pause) 75M->5M(120M) 1.705ms
[68.780s][info][gc,cpu         ] GC(87) User=0.00s Sys=0.00s Real=0.00s
[69.082s][info][gc,start       ] GC(88) Pause Young (Normal) (G1 Evacuation Pause)
[69.082s][info][gc,task        ] GC(88) Using 8 workers of 33 for evacuation
[69.084s][info][gc,phases      ] GC(88)   Pre Evacuate Collection Set: 0.1ms
[69.084s][info][gc,phases      ] GC(88)   Merge Heap Roots: 0.1ms
[69.084s][info][gc,phases      ] GC(88)   Evacuate Collection Set: 1.2ms
[69.084s][info][gc,phases      ] GC(88)   Post Evacuate Collection Set: 0.3ms
[69.084s][info][gc,phases      ] GC(88)   Other: 0.1ms
[69.084s][info][gc,heap        ] GC(88) Eden regions: 35->0(35)
[69.084s][info][gc,heap        ] GC(88) Survivor regions: 1->1(5)
[69.084s][info][gc,heap        ] GC(88) Old regions: 18->18
[69.084s][info][gc,heap        ] GC(88) Archive regions: 0->0
[69.084s][info][gc,heap        ] GC(88) Humongous regions: 0->0
[69.084s][info][gc,metaspace   ] GC(88) Metaspace: 9872K(10176K)->9872K(10176K) NonClass: 8570K(8768K)->8570K(8768K) Class: 1302K(1408K)->1302K(1408K)
[69.084s][info][gc             ] GC(88) Pause Young (Normal) (G1 Evacuation Pause) 75M->5M(120M) 2.331ms
[69.084s][info][gc,cpu         ] GC(88) User=0.00s Sys=0.00s Real=0.00s
[69.402s][info][gc,start       ] GC(89) Pause Young (Normal) (G1 Evacuation Pause)
[69.402s][info][gc,task        ] GC(89) Using 5 workers of 33 for evacuation
[69.405s][info][gc,phases      ] GC(89)   Pre Evacuate Collection Set: 0.1ms
[69.405s][info][gc,phases      ] GC(89)   Merge Heap Roots: 0.1ms
[69.405s][info][gc,phases      ] GC(89)   Evacuate Collection Set: 1.7ms
[69.405s][info][gc,phases      ] GC(89)   Post Evacuate Collection Set: 0.3ms
[69.405s][info][gc,phases      ] GC(89)   Other: 0.1ms
[69.405s][info][gc,heap        ] GC(89) Eden regions: 35->0(35)
[69.405s][info][gc,heap        ] GC(89) Survivor regions: 1->1(5)
[69.405s][info][gc,heap        ] GC(89) Old regions: 18->18
[69.405s][info][gc,heap        ] GC(89) Archive regions: 0->0
[69.405s][info][gc,heap        ] GC(89) Humongous regions: 0->0
[69.405s][info][gc,metaspace   ] GC(89) Metaspace: 9872K(10176K)->9872K(10176K) NonClass: 8570K(8768K)->8570K(8768K) Class: 1302K(1408K)->1302K(1408K)
[69.405s][info][gc             ] GC(89) Pause Young (Normal) (G1 Evacuation Pause) 75M->5M(120M) 2.821ms
[69.405s][info][gc,cpu         ] GC(89) User=0.00s Sys=0.00s Real=0.00s
[69.713s][info][gc,start       ] GC(90) Pause Young (Normal) (G1 Evacuation Pause)
[69.713s][info][gc,task        ] GC(90) Using 3 workers of 33 for evacuation
[69.716s][info][gc,phases      ] GC(90)   Pre Evacuate Collection Set: 0.1ms
[69.716s][info][gc,phases      ] GC(90)   Merge Heap Roots: 0.1ms
[69.716s][info][gc,phases      ] GC(90)   Evacuate Collection Set: 2.5ms
[69.716s][info][gc,phases      ] GC(90)   Post Evacuate Collection Set: 0.3ms
[69.716s][info][gc,phases      ] GC(90)   Other: 0.1ms
[69.716s][info][gc,heap        ] GC(90) Eden regions: 35->0(35)
[69.716s][info][gc,heap        ] GC(90) Survivor regions: 1->1(5)
[69.716s][info][gc,heap        ] GC(90) Old regions: 18->18
[69.716s][info][gc,heap        ] GC(90) Archive regions: 0->0
[69.716s][info][gc,heap        ] GC(90) Humongous regions: 0->0
[69.716s][info][gc,metaspace   ] GC(90) Metaspace: 9872K(10176K)->9872K(10176K) NonClass: 8570K(8768K)->8570K(8768K) Class: 1302K(1408K)->1302K(1408K)
[69.717s][info][gc             ] GC(90) Pause Young (Normal) (G1 Evacuation Pause) 75M->5M(120M) 3.624ms
[69.717s][info][gc,cpu         ] GC(90) User=0.00s Sys=0.00s Real=0.00s
[70.037s][info][gc,start       ] GC(91) Pause Young (Normal) (G1 Evacuation Pause)
[70.037s][info][gc,task        ] GC(91) Using 2 workers of 33 for evacuation
[70.041s][info][gc,phases      ] GC(91)   Pre Evacuate Collection Set: 0.1ms
[70.041s][info][gc,phases      ] GC(91)   Merge Heap Roots: 0.1ms
[70.041s][info][gc,phases      ] GC(91)   Evacuate Collection Set: 3.2ms
[70.041s][info][gc,phases      ] GC(91)   Post Evacuate Collection Set: 0.3ms
[70.041s][info][gc,phases      ] GC(91)   Other: 0.1ms
[70.041s][info][gc,heap        ] GC(91) Eden regions: 35->0(35)
[70.041s][info][gc,heap        ] GC(91) Survivor regions: 1->1(5)
[70.041s][info][gc,heap        ] GC(91) Old regions: 18->18
[70.041s][info][gc,heap        ] GC(91) Archive regions: 0->0
[70.041s][info][gc,heap        ] GC(91) Humongous regions: 0->0
[70.041s][info][gc,metaspace   ] GC(91) Metaspace: 9872K(10176K)->9872K(10176K) NonClass: 8570K(8768K)->8570K(8768K) Class: 1302K(1408K)->1302K(1408K)
[70.041s][info][gc             ] GC(91) Pause Young (Normal) (G1 Evacuation Pause) 75M->5M(120M) 4.404ms
[70.041s][info][gc,cpu         ] GC(91) User=0.00s Sys=0.00s Real=0.00s
[70.350s][info][gc,start       ] GC(92) Pause Young (Normal) (G1 Evacuation Pause)
[70.350s][info][gc,task        ] GC(92) Using 2 workers of 33 for evacuation
[70.354s][info][gc,phases      ] GC(92)   Pre Evacuate Collection Set: 0.1ms
[70.354s][info][gc,phases      ] GC(92)   Merge Heap Roots: 0.1ms
[70.354s][info][gc,phases      ] GC(92)   Evacuate Collection Set: 3.5ms
[70.354s][info][gc,phases      ] GC(92)   Post Evacuate Collection Set: 0.3ms
[70.354s][info][gc,phases      ] GC(92)   Other: 0.1ms
[70.354s][info][gc,heap        ] GC(92) Eden regions: 35->0(35)
[70.354s][info][gc,heap        ] GC(92) Survivor regions: 1->1(5)
[70.354s][info][gc,heap        ] GC(92) Old regions: 18->18
[70.354s][info][gc,heap        ] GC(92) Archive regions: 0->0
[70.354s][info][gc,heap        ] GC(92) Humongous regions: 0->0
[70.354s][info][gc,metaspace   ] GC(92) Metaspace: 9872K(10176K)->9872K(10176K) NonClass: 8570K(8768K)->8570K(8768K) Class: 1302K(1408K)->1302K(1408K)
[70.354s][info][gc             ] GC(92) Pause Young (Normal) (G1 Evacuation Pause) 75M->5M(120M) 4.711ms
[70.354s][info][gc,cpu         ] GC(92) User=0.00s Sys=0.00s Real=0.00s
[70.664s][info][gc,start       ] GC(93) Pause Young (Normal) (G1 Evacuation Pause)
[70.665s][info][gc,task        ] GC(93) Using 2 workers of 33 for evacuation
[70.669s][info][gc,phases      ] GC(93)   Pre Evacuate Collection Set: 0.1ms
[70.669s][info][gc,phases      ] GC(93)   Merge Heap Roots: 0.1ms
[70.669s][info][gc,phases      ] GC(93)   Evacuate Collection Set: 3.8ms
[70.669s][info][gc,phases      ] GC(93)   Post Evacuate Collection Set: 0.3ms
[70.669s][info][gc,phases      ] GC(93)   Other: 0.1ms
[70.669s][info][gc,heap        ] GC(93) Eden regions: 35->0(35)
[70.669s][info][gc,heap        ] GC(93) Survivor regions: 1->1(5)
[70.669s][info][gc,heap        ] GC(93) Old regions: 18->18
[70.669s][info][gc,heap        ] GC(93) Archive regions: 0->0
[70.669s][info][gc,heap        ] GC(93) Humongous regions: 0->0
[70.669s][info][gc,metaspace   ] GC(93) Metaspace: 9872K(10176K)->9872K(10176K) NonClass: 8570K(8768K)->8570K(8768K) Class: 1302K(1408K)->1302K(1408K)
[70.669s][info][gc             ] GC(93) Pause Young (Normal) (G1 Evacuation Pause) 75M->5M(120M) 4.990ms
[70.670s][info][gc,cpu         ] GC(93) User=0.00s Sys=0.00s Real=0.00s
[70.983s][info][gc,start       ] GC(94) Pause Young (Normal) (G1 Evacuation Pause)
[70.983s][info][gc,task        ] GC(94) Using 2 workers of 33 for evacuation
[70.995s][info][gc,phases      ] GC(94)   Pre Evacuate Collection Set: 0.1ms
[70.996s][info][gc,phases      ] GC(94)   Merge Heap Roots: 0.1ms
[70.996s][info][gc,phases      ] GC(94)   Evacuate Collection Set: 3.5ms
[70.996s][info][gc,phases      ] GC(94)   Post Evacuate Collection Set: 8.2ms
[70.996s][info][gc,phases      ] GC(94)   Other: 0.1ms
[70.996s][info][gc,heap        ] GC(94) Eden regions: 35->0(324)
[70.996s][info][gc,heap        ] GC(94) Survivor regions: 1->1(5)
[70.996s][info][gc,heap        ] GC(94) Old regions: 18->18
[70.996s][info][gc,heap        ] GC(94) Archive regions: 0->0
[70.996s][info][gc,heap        ] GC(94) Humongous regions: 0->0
[70.996s][info][gc,metaspace   ] GC(94) Metaspace: 9872K(10176K)->9872K(10176K) NonClass: 8570K(8768K)->8570K(8768K) Class: 1302K(1408K)->1302K(1408K)
[70.996s][info][gc             ] GC(94) Pause Young (Normal) (G1 Evacuation Pause) 75M->5M(1084M) 12.578ms
[70.996s][info][gc,cpu         ] GC(94) User=0.02s Sys=0.00s Real=0.02s
[74.105s][info][gc,start       ] GC(95) Pause Young (Normal) (G1 Evacuation Pause)
[74.105s][info][gc,task        ] GC(95) Using 26 workers of 33 for evacuation
[74.108s][info][gc,phases      ] GC(95)   Pre Evacuate Collection Set: 0.2ms
[74.108s][info][gc,phases      ] GC(95)   Merge Heap Roots: 0.2ms
[74.108s][info][gc,phases      ] GC(95)   Evacuate Collection Set: 1.9ms
[74.108s][info][gc,phases      ] GC(95)   Post Evacuate Collection Set: 0.7ms
[74.108s][info][gc,phases      ] GC(95)   Other: 0.2ms
[74.108s][info][gc,heap        ] GC(95) Eden regions: 324->0(324)
[74.108s][info][gc,heap        ] GC(95) Survivor regions: 1->1(41)
[74.108s][info][gc,heap        ] GC(95) Old regions: 18->18
[74.108s][info][gc,heap        ] GC(95) Archive regions: 0->0
[74.108s][info][gc,heap        ] GC(95) Humongous regions: 0->0
[74.108s][info][gc,metaspace   ] GC(95) Metaspace: 9872K(10176K)->9872K(10176K) NonClass: 8570K(8768K)->8570K(8768K) Class: 1302K(1408K)->1302K(1408K)
[74.109s][info][gc             ] GC(95) Pause Young (Normal) (G1 Evacuation Pause) 653M->5M(1084M) 3.669ms
[74.109s][info][gc,cpu         ] GC(95) User=0.00s Sys=0.00s Real=0.00s
[75.860s][info][gc,start       ] GC(96) Pause Full (System.gc())
[75.860s][info][gc,task        ] GC(96) Using 26 workers of 33 for full compaction
[75.861s][info][gc,phases,start] GC(96) Phase 1: Mark live objects
[75.867s][info][gc,phases      ] GC(96) Phase 1: Mark live objects 6.009ms
[75.867s][info][gc,phases,start] GC(96) Phase 2: Prepare compaction
[75.873s][info][gc,phases      ] GC(96) Phase 2: Prepare compaction 6.375ms
[75.873s][info][gc,phases,start] GC(96) Phase 3: Adjust pointers
[75.877s][info][gc,phases      ] GC(96) Phase 3: Adjust pointers 3.207ms
[75.877s][info][gc,phases,start] GC(96) Phase 4: Compact heap
[75.877s][info][gc,phases      ] GC(96) Phase 4: Compact heap 0.552ms
[75.886s][info][gc,heap        ] GC(96) Eden regions: 193->0(34)
[75.886s][info][gc,heap        ] GC(96) Survivor regions: 1->0(41)
[75.886s][info][gc,heap        ] GC(96) Old regions: 18->17
[75.886s][info][gc,heap        ] GC(96) Archive regions: 0->0
[75.886s][info][gc,heap        ] GC(96) Humongous regions: 0->0
[75.886s][info][gc,metaspace   ] GC(96) Metaspace: 9872K(10176K)->9872K(10176K) NonClass: 8570K(8768K)->8570K(8768K) Class: 1302K(1408K)->1302K(1408K)
[75.886s][info][gc             ] GC(96) Pause Full (System.gc()) 390M->3M(114M) 26.069ms
[75.886s][info][gc,cpu         ] GC(96) User=0.03s Sys=0.00s Real=0.03s
[76.172s][info][gc,start       ] GC(97) Pause Young (Normal) (G1 Evacuation Pause)
[76.172s][info][gc,task        ] GC(97) Using 14 workers of 33 for evacuation
[76.174s][info][gc,phases      ] GC(97)   Pre Evacuate Collection Set: 0.1ms
[76.174s][info][gc,phases      ] GC(97)   Merge Heap Roots: 0.1ms
[76.174s][info][gc,phases      ] GC(97)   Evacuate Collection Set: 0.8ms
[76.174s][info][gc,phases      ] GC(97)   Post Evacuate Collection Set: 0.3ms
[76.174s][info][gc,phases      ] GC(97)   Other: 0.1ms
[76.174s][info][gc,heap        ] GC(97) Eden regions: 34->0(33)
[76.174s][info][gc,heap        ] GC(97) Survivor regions: 0->1(5)
[76.174s][info][gc,heap        ] GC(97) Old regions: 17->17
[76.174s][info][gc,heap        ] GC(97) Archive regions: 0->0
[76.174s][info][gc,heap        ] GC(97) Humongous regions: 0->0
[76.174s][info][gc,metaspace   ] GC(97) Metaspace: 9873K(10176K)->9873K(10176K) NonClass: 8571K(8768K)->8571K(8768K) Class: 1302K(1408K)->1302K(1408K)
[76.174s][info][gc             ] GC(97) Pause Young (Normal) (G1 Evacuation Pause) 71M->5M(114M) 2.030ms
[76.174s][info][gc,cpu         ] GC(97) User=0.22s Sys=0.00s Real=0.02s
[76.453s][info][gc,start       ] GC(98) Pause Young (Normal) (G1 Evacuation Pause)
[76.454s][info][gc,task        ] GC(98) Using 8 workers of 33 for evacuation
[76.455s][info][gc,phases      ] GC(98)   Pre Evacuate Collection Set: 0.1ms
[76.455s][info][gc,phases      ] GC(98)   Merge Heap Roots: 0.1ms
[76.455s][info][gc,phases      ] GC(98)   Evacuate Collection Set: 1.1ms
[76.455s][info][gc,phases      ] GC(98)   Post Evacuate Collection Set: 0.3ms
[76.455s][info][gc,phases      ] GC(98)   Other: 0.1ms
[76.455s][info][gc,heap        ] GC(98) Eden regions: 33->0(33)
[76.455s][info][gc,heap        ] GC(98) Survivor regions: 1->1(5)
[76.455s][info][gc,heap        ] GC(98) Old regions: 17->17
[76.456s][info][gc,heap        ] GC(98) Archive regions: 0->0
[76.456s][info][gc,heap        ] GC(98) Humongous regions: 0->0
[76.456s][info][gc,metaspace   ] GC(98) Metaspace: 9873K(10176K)->9873K(10176K) NonClass: 8571K(8768K)->8571K(8768K) Class: 1302K(1408K)->1302K(1408K)
[76.456s][info][gc             ] GC(98) Pause Young (Normal) (G1 Evacuation Pause) 71M->5M(114M) 2.257ms
[76.456s][info][gc,cpu         ] GC(98) User=0.13s Sys=0.00s Real=0.01s
[76.753s][info][gc,start       ] GC(99) Pause Young (Normal) (G1 Evacuation Pause)
[76.753s][info][gc,task        ] GC(99) Using 5 workers of 33 for evacuation
[76.755s][info][gc,phases      ] GC(99)   Pre Evacuate Collection Set: 0.1ms
[76.755s][info][gc,phases      ] GC(99)   Merge Heap Roots: 0.1ms
[76.755s][info][gc,phases      ] GC(99)   Evacuate Collection Set: 1.6ms
[76.755s][info][gc,phases      ] GC(99)   Post Evacuate Collection Set: 0.3ms
[76.755s][info][gc,phases      ] GC(99)   Other: 0.1ms
[76.755s][info][gc,heap        ] GC(99) Eden regions: 33->0(33)
[76.755s][info][gc,heap        ] GC(99) Survivor regions: 1->1(5)
[76.755s][info][gc,heap        ] GC(99) Old regions: 17->17
[76.755s][info][gc,heap        ] GC(99) Archive regions: 0->0
[76.755s][info][gc,heap        ] GC(99) Humongous regions: 0->0
[76.755s][info][gc,metaspace   ] GC(99) Metaspace: 9873K(10176K)->9873K(10176K) NonClass: 8571K(8768K)->8571K(8768K) Class: 1302K(1408K)->1302K(1408K)
[76.755s][info][gc             ] GC(99) Pause Young (Normal) (G1 Evacuation Pause) 71M->5M(114M) 2.728ms
[76.755s][info][gc,cpu         ] GC(99) User=0.00s Sys=0.00s Real=0.00s
[77.052s][info][gc,start       ] GC(100) Pause Young (Normal) (G1 Evacuation Pause)
[77.052s][info][gc,task        ] GC(100) Using 3 workers of 33 for evacuation
[77.055s][info][gc,phases      ] GC(100)   Pre Evacuate Collection Set: 0.1ms
[77.055s][info][gc,phases      ] GC(100)   Merge Heap Roots: 0.1ms
[77.055s][info][gc,phases      ] GC(100)   Evacuate Collection Set: 2.5ms
[77.055s][info][gc,phases      ] GC(100)   Post Evacuate Collection Set: 0.3ms
[77.055s][info][gc,phases      ] GC(100)   Other: 0.1ms
[77.055s][info][gc,heap        ] GC(100) Eden regions: 33->0(33)
[77.055s][info][gc,heap        ] GC(100) Survivor regions: 1->1(5)
[77.055s][info][gc,heap        ] GC(100) Old regions: 17->17
[77.055s][info][gc,heap        ] GC(100) Archive regions: 0->0
[77.055s][info][gc,heap        ] GC(100) Humongous regions: 0->0
[77.056s][info][gc,metaspace   ] GC(100) Metaspace: 9873K(10176K)->9873K(10176K) NonClass: 8571K(8768K)->8571K(8768K) Class: 1302K(1408K)->1302K(1408K)
[77.056s][info][gc             ] GC(100) Pause Young (Normal) (G1 Evacuation Pause) 71M->5M(114M) 3.645ms
[77.056s][info][gc,cpu         ] GC(100) User=0.00s Sys=0.00s Real=0.00s
[77.365s][info][gc,start       ] GC(101) Pause Young (Normal) (G1 Evacuation Pause)
[77.365s][info][gc,task        ] GC(101) Using 2 workers of 33 for evacuation
[77.369s][info][gc,phases      ] GC(101)   Pre Evacuate Collection Set: 0.1ms
[77.369s][info][gc,phases      ] GC(101)   Merge Heap Roots: 0.1ms
[77.369s][info][gc,phases      ] GC(101)   Evacuate Collection Set: 3.3ms
[77.369s][info][gc,phases      ] GC(101)   Post Evacuate Collection Set: 0.3ms
[77.369s][info][gc,phases      ] GC(101)   Other: 0.1ms
[77.369s][info][gc,heap        ] GC(101) Eden regions: 33->0(33)
[77.369s][info][gc,heap        ] GC(101) Survivor regions: 1->1(5)
[77.369s][info][gc,heap        ] GC(101) Old regions: 17->17
[77.369s][info][gc,heap        ] GC(101) Archive regions: 0->0
[77.369s][info][gc,heap        ] GC(101) Humongous regions: 0->0
[77.369s][info][gc,metaspace   ] GC(101) Metaspace: 9873K(10176K)->9873K(10176K) NonClass: 8571K(8768K)->8571K(8768K) Class: 1302K(1408K)->1302K(1408K)
[77.369s][info][gc             ] GC(101) Pause Young (Normal) (G1 Evacuation Pause) 71M->5M(114M) 4.480ms
[77.369s][info][gc,cpu         ] GC(101) User=0.00s Sys=0.00s Real=0.00s
[77.668s][info][gc,start       ] GC(102) Pause Young (Normal) (G1 Evacuation Pause)
[77.668s][info][gc,task        ] GC(102) Using 2 workers of 33 for evacuation
[77.672s][info][gc,phases      ] GC(102)   Pre Evacuate Collection Set: 0.1ms
[77.672s][info][gc,phases      ] GC(102)   Merge Heap Roots: 0.1ms
[77.672s][info][gc,phases      ] GC(102)   Evacuate Collection Set: 3.3ms
[77.672s][info][gc,phases      ] GC(102)   Post Evacuate Collection Set: 0.3ms
[77.672s][info][gc,phases      ] GC(102)   Other: 0.1ms
[77.672s][info][gc,heap        ] GC(102) Eden regions: 33->0(33)
[77.672s][info][gc,heap        ] GC(102) Survivor regions: 1->1(5)
[77.672s][info][gc,heap        ] GC(102) Old regions: 17->17
[77.672s][info][gc,heap        ] GC(102) Archive regions: 0->0
[77.672s][info][gc,heap        ] GC(102) Humongous regions: 0->0
[77.672s][info][gc,metaspace   ] GC(102) Metaspace: 9873K(10176K)->9873K(10176K) NonClass: 8571K(8768K)->8571K(8768K) Class: 1302K(1408K)->1302K(1408K)
[77.672s][info][gc             ] GC(102) Pause Young (Normal) (G1 Evacuation Pause) 71M->5M(114M) 4.458ms
[77.672s][info][gc,cpu         ] GC(102) User=0.00s Sys=0.00s Real=0.00s
[77.975s][info][gc,start       ] GC(103) Pause Young (Normal) (G1 Evacuation Pause)
[77.975s][info][gc,task        ] GC(103) Using 2 workers of 33 for evacuation
[77.987s][info][gc,phases      ] GC(103)   Pre Evacuate Collection Set: 0.1ms
[77.987s][info][gc,phases      ] GC(103)   Merge Heap Roots: 0.1ms
[77.987s][info][gc,phases      ] GC(103)   Evacuate Collection Set: 3.5ms
[77.987s][info][gc,phases      ] GC(103)   Post Evacuate Collection Set: 8.2ms
[77.987s][info][gc,phases      ] GC(103)   Other: 0.1ms
[77.987s][info][gc,heap        ] GC(103) Eden regions: 33->0(323)
[77.987s][info][gc,heap        ] GC(103) Survivor regions: 1->1(5)
[77.987s][info][gc,heap        ] GC(103) Old regions: 17->17
[77.987s][info][gc,heap        ] GC(103) Archive regions: 0->0
[77.987s][info][gc,heap        ] GC(103) Humongous regions: 0->0
[77.987s][info][gc,metaspace   ] GC(103) Metaspace: 9873K(10176K)->9873K(10176K) NonClass: 8571K(8768K)->8571K(8768K) Class: 1302K(1408K)->1302K(1408K)
[77.987s][info][gc             ] GC(103) Pause Young (Normal) (G1 Evacuation Pause) 71M->5M(1082M) 12.608ms
[77.987s][info][gc,cpu         ] GC(103) User=0.02s Sys=0.00s Real=0.02s
[81.096s][info][gc,start       ] GC(104) Pause Young (Normal) (G1 Evacuation Pause)
[81.097s][info][gc,task        ] GC(104) Using 26 workers of 33 for evacuation
[81.100s][info][gc,phases      ] GC(104)   Pre Evacuate Collection Set: 0.2ms
[81.100s][info][gc,phases      ] GC(104)   Merge Heap Roots: 0.3ms
[81.100s][info][gc,phases      ] GC(104)   Evacuate Collection Set: 1.8ms
[81.100s][info][gc,phases      ] GC(104)   Post Evacuate Collection Set: 0.7ms
[81.100s][info][gc,phases      ] GC(104)   Other: 0.2ms
[81.100s][info][gc,heap        ] GC(104) Eden regions: 323->0(323)
[81.100s][info][gc,heap        ] GC(104) Survivor regions: 1->1(41)
[81.100s][info][gc,heap        ] GC(104) Old regions: 17->17
[81.100s][info][gc,heap        ] GC(104) Archive regions: 0->0
[81.100s][info][gc,heap        ] GC(104) Humongous regions: 0->0
[81.100s][info][gc,metaspace   ] GC(104) Metaspace: 9873K(10176K)->9873K(10176K) NonClass: 8571K(8768K)->8571K(8768K) Class: 1302K(1408K)->1302K(1408K)
[81.100s][info][gc             ] GC(104) Pause Young (Normal) (G1 Evacuation Pause) 651M->5M(1082M) 3.694ms
[81.100s][info][gc,cpu         ] GC(104) User=0.00s Sys=0.00s Real=0.00s
[83.339s][info][gc,start       ] GC(105) Pause Full (System.gc())
[83.339s][info][gc,task        ] GC(105) Using 26 workers of 33 for full compaction
[83.341s][info][gc,phases,start] GC(105) Phase 1: Mark live objects
[83.346s][info][gc,phases      ] GC(105) Phase 1: Mark live objects 5.918ms
[83.347s][info][gc,phases,start] GC(105) Phase 2: Prepare compaction
[83.354s][info][gc,phases      ] GC(105) Phase 2: Prepare compaction 7.667ms
[83.354s][info][gc,phases,start] GC(105) Phase 3: Adjust pointers
[83.358s][info][gc,phases      ] GC(105) Phase 3: Adjust pointers 3.922ms
[83.358s][info][gc,phases,start] GC(105) Phase 4: Compact heap
[83.359s][info][gc,phases      ] GC(105) Phase 4: Compact heap 0.785ms
[83.368s][info][gc,heap        ] GC(105) Eden regions: 249->0(34)
[83.368s][info][gc,heap        ] GC(105) Survivor regions: 1->0(41)
[83.368s][info][gc,heap        ] GC(105) Old regions: 17->17
[83.368s][info][gc,heap        ] GC(105) Archive regions: 0->0
[83.368s][info][gc,heap        ] GC(105) Humongous regions: 0->0
[83.368s][info][gc,metaspace   ] GC(105) Metaspace: 9874K(10176K)->9874K(10176K) NonClass: 8572K(8768K)->8572K(8768K) Class: 1302K(1408K)->1302K(1408K)
[83.368s][info][gc             ] GC(105) Pause Full (System.gc()) 501M->3M(114M) 28.689ms
[83.368s][info][gc,cpu         ] GC(105) User=0.42s Sys=0.00s Real=0.03s
[83.659s][info][gc,start       ] GC(106) Pause Young (Normal) (G1 Evacuation Pause)
[83.659s][info][gc,task        ] GC(106) Using 14 workers of 33 for evacuation
[83.661s][info][gc,phases      ] GC(106)   Pre Evacuate Collection Set: 0.1ms
[83.661s][info][gc,phases      ] GC(106)   Merge Heap Roots: 0.1ms
[83.661s][info][gc,phases      ] GC(106)   Evacuate Collection Set: 0.8ms
[83.661s][info][gc,phases      ] GC(106)   Post Evacuate Collection Set: 0.3ms
[83.661s][info][gc,phases      ] GC(106)   Other: 0.1ms
[83.661s][info][gc,heap        ] GC(106) Eden regions: 34->0(33)
[83.661s][info][gc,heap        ] GC(106) Survivor regions: 0->1(5)
[83.661s][info][gc,heap        ] GC(106) Old regions: 17->17
[83.661s][info][gc,heap        ] GC(106) Archive regions: 0->0
[83.661s][info][gc,heap        ] GC(106) Humongous regions: 0->0
[83.661s][info][gc,metaspace   ] GC(106) Metaspace: 9889K(10240K)->9889K(10240K) NonClass: 8587K(8832K)->8587K(8832K) Class: 1302K(1408K)->1302K(1408K)
[83.661s][info][gc             ] GC(106) Pause Young (Normal) (G1 Evacuation Pause) 71M->5M(114M) 1.932ms
[83.661s][info][gc,cpu         ] GC(106) User=0.00s Sys=0.00s Real=0.00s
[83.942s][info][gc,start       ] GC(107) Pause Young (Normal) (G1 Evacuation Pause)
[83.942s][info][gc,task        ] GC(107) Using 8 workers of 33 for evacuation
[83.944s][info][gc,phases      ] GC(107)   Pre Evacuate Collection Set: 0.1ms
[83.944s][info][gc,phases      ] GC(107)   Merge Heap Roots: 0.1ms
[83.944s][info][gc,phases      ] GC(107)   Evacuate Collection Set: 1.1ms
[83.944s][info][gc,phases      ] GC(107)   Post Evacuate Collection Set: 0.3ms
[83.944s][info][gc,phases      ] GC(107)   Other: 0.1ms
[83.944s][info][gc,heap        ] GC(107) Eden regions: 33->0(33)
[83.944s][info][gc,heap        ] GC(107) Survivor regions: 1->1(5)
[83.944s][info][gc,heap        ] GC(107) Old regions: 17->17
[83.944s][info][gc,heap        ] GC(107) Archive regions: 0->0
[83.944s][info][gc,heap        ] GC(107) Humongous regions: 0->0
[83.944s][info][gc,metaspace   ] GC(107) Metaspace: 9889K(10240K)->9889K(10240K) NonClass: 8587K(8832K)->8587K(8832K) Class: 1302K(1408K)->1302K(1408K)
[83.944s][info][gc             ] GC(107) Pause Young (Normal) (G1 Evacuation Pause) 71M->5M(114M) 2.407ms
[83.944s][info][gc,cpu         ] GC(107) User=0.11s Sys=0.02s Real=0.02s
[84.242s][info][gc,start       ] GC(108) Pause Young (Normal) (G1 Evacuation Pause)
[84.243s][info][gc,task        ] GC(108) Using 5 workers of 33 for evacuation
[84.245s][info][gc,phases      ] GC(108)   Pre Evacuate Collection Set: 0.1ms
[84.245s][info][gc,phases      ] GC(108)   Merge Heap Roots: 0.1ms
[84.245s][info][gc,phases      ] GC(108)   Evacuate Collection Set: 1.6ms
[84.245s][info][gc,phases      ] GC(108)   Post Evacuate Collection Set: 0.3ms
[84.245s][info][gc,phases      ] GC(108)   Other: 0.1ms
[84.245s][info][gc,heap        ] GC(108) Eden regions: 33->0(33)
[84.245s][info][gc,heap        ] GC(108) Survivor regions: 1->1(5)
[84.245s][info][gc,heap        ] GC(108) Old regions: 17->17
[84.245s][info][gc,heap        ] GC(108) Archive regions: 0->0
[84.245s][info][gc,heap        ] GC(108) Humongous regions: 0->0
[84.245s][info][gc,metaspace   ] GC(108) Metaspace: 9889K(10240K)->9889K(10240K) NonClass: 8587K(8832K)->8587K(8832K) Class: 1302K(1408K)->1302K(1408K)
[84.245s][info][gc             ] GC(108) Pause Young (Normal) (G1 Evacuation Pause) 71M->5M(114M) 2.696ms
[84.245s][info][gc,cpu         ] GC(108) User=0.00s Sys=0.00s Real=0.00s
[84.542s][info][gc,start       ] GC(109) Pause Young (Normal) (G1 Evacuation Pause)
[84.542s][info][gc,task        ] GC(109) Using 3 workers of 33 for evacuation
[84.545s][info][gc,phases      ] GC(109)   Pre Evacuate Collection Set: 0.1ms
[84.545s][info][gc,phases      ] GC(109)   Merge Heap Roots: 0.1ms
[84.545s][info][gc,phases      ] GC(109)   Evacuate Collection Set: 2.4ms
[84.545s][info][gc,phases      ] GC(109)   Post Evacuate Collection Set: 0.3ms
[84.545s][info][gc,phases      ] GC(109)   Other: 0.1ms
[84.545s][info][gc,heap        ] GC(109) Eden regions: 33->0(33)
[84.545s][info][gc,heap        ] GC(109) Survivor regions: 1->1(5)
[84.545s][info][gc,heap        ] GC(109) Old regions: 17->17
[84.545s][info][gc,heap        ] GC(109) Archive regions: 0->0
[84.545s][info][gc,heap        ] GC(109) Humongous regions: 0->0
[84.545s][info][gc,metaspace   ] GC(109) Metaspace: 9889K(10240K)->9889K(10240K) NonClass: 8587K(8832K)->8587K(8832K) Class: 1302K(1408K)->1302K(1408K)
[84.545s][info][gc             ] GC(109) Pause Young (Normal) (G1 Evacuation Pause) 71M->5M(114M) 3.641ms
[84.545s][info][gc,cpu         ] GC(109) User=0.05s Sys=0.00s Real=0.02s
[84.838s][info][gc,start       ] GC(110) Pause Young (Normal) (G1 Evacuation Pause)
[84.838s][info][gc,task        ] GC(110) Using 2 workers of 33 for evacuation
[84.842s][info][gc,phases      ] GC(110)   Pre Evacuate Collection Set: 0.1ms
[84.842s][info][gc,phases      ] GC(110)   Merge Heap Roots: 0.1ms
[84.842s][info][gc,phases      ] GC(110)   Evacuate Collection Set: 3.4ms
[84.843s][info][gc,phases      ] GC(110)   Post Evacuate Collection Set: 0.3ms
[84.843s][info][gc,phases      ] GC(110)   Other: 0.1ms
[84.843s][info][gc,heap        ] GC(110) Eden regions: 33->0(33)
[84.843s][info][gc,heap        ] GC(110) Survivor regions: 1->1(5)
[84.843s][info][gc,heap        ] GC(110) Old regions: 17->17
[84.843s][info][gc,heap        ] GC(110) Archive regions: 0->0
[84.843s][info][gc,heap        ] GC(110) Humongous regions: 0->0
[84.843s][info][gc,metaspace   ] GC(110) Metaspace: 9889K(10240K)->9889K(10240K) NonClass: 8587K(8832K)->8587K(8832K) Class: 1302K(1408K)->1302K(1408K)
[84.843s][info][gc             ] GC(110) Pause Young (Normal) (G1 Evacuation Pause) 71M->5M(114M) 4.520ms
[84.843s][info][gc,cpu         ] GC(110) User=0.03s Sys=0.00s Real=0.02s
[85.125s][info][gc,start       ] GC(111) Pause Young (Normal) (G1 Evacuation Pause)
[85.126s][info][gc,task        ] GC(111) Using 2 workers of 33 for evacuation
[85.130s][info][gc,phases      ] GC(111)   Pre Evacuate Collection Set: 0.1ms
[85.130s][info][gc,phases      ] GC(111)   Merge Heap Roots: 0.1ms
[85.130s][info][gc,phases      ] GC(111)   Evacuate Collection Set: 3.4ms
[85.130s][info][gc,phases      ] GC(111)   Post Evacuate Collection Set: 0.3ms
[85.130s][info][gc,phases      ] GC(111)   Other: 0.1ms
[85.130s][info][gc,heap        ] GC(111) Eden regions: 33->0(33)
[85.130s][info][gc,heap        ] GC(111) Survivor regions: 1->1(5)
[85.130s][info][gc,heap        ] GC(111) Old regions: 17->17
[85.130s][info][gc,heap        ] GC(111) Archive regions: 0->0
[85.130s][info][gc,heap        ] GC(111) Humongous regions: 0->0
[85.130s][info][gc,metaspace   ] GC(111) Metaspace: 9889K(10240K)->9889K(10240K) NonClass: 8587K(8832K)->8587K(8832K) Class: 1302K(1408K)->1302K(1408K)
[85.130s][info][gc             ] GC(111) Pause Young (Normal) (G1 Evacuation Pause) 71M->5M(114M) 4.532ms
[85.130s][info][gc,cpu         ] GC(111) User=0.03s Sys=0.00s Real=0.02s
[85.429s][info][gc,start       ] GC(112) Pause Young (Normal) (G1 Evacuation Pause)
[85.429s][info][gc,task        ] GC(112) Using 2 workers of 33 for evacuation
[85.433s][info][gc,phases      ] GC(112)   Pre Evacuate Collection Set: 0.1ms
[85.433s][info][gc,phases      ] GC(112)   Merge Heap Roots: 0.1ms
[85.433s][info][gc,phases      ] GC(112)   Evacuate Collection Set: 3.5ms
[85.433s][info][gc,phases      ] GC(112)   Post Evacuate Collection Set: 0.3ms
[85.433s][info][gc,phases      ] GC(112)   Other: 0.1ms
[85.433s][info][gc,heap        ] GC(112) Eden regions: 33->0(33)
[85.433s][info][gc,heap        ] GC(112) Survivor regions: 1->1(5)
[85.433s][info][gc,heap        ] GC(112) Old regions: 17->17
[85.433s][info][gc,heap        ] GC(112) Archive regions: 0->0
[85.433s][info][gc,heap        ] GC(112) Humongous regions: 0->0
[85.433s][info][gc,metaspace   ] GC(112) Metaspace: 9889K(10240K)->9889K(10240K) NonClass: 8587K(8832K)->8587K(8832K) Class: 1302K(1408K)->1302K(1408K)
[85.434s][info][gc             ] GC(112) Pause Young (Normal) (G1 Evacuation Pause) 71M->5M(114M) 4.821ms
[85.434s][info][gc,cpu         ] GC(112) User=0.00s Sys=0.00s Real=0.00s
[85.732s][info][gc,start       ] GC(113) Pause Young (Normal) (G1 Evacuation Pause)
[85.733s][info][gc,task        ] GC(113) Using 2 workers of 33 for evacuation
[85.745s][info][gc,phases      ] GC(113)   Pre Evacuate Collection Set: 0.1ms
[85.745s][info][gc,phases      ] GC(113)   Merge Heap Roots: 0.1ms
[85.745s][info][gc,phases      ] GC(113)   Evacuate Collection Set: 3.4ms
[85.745s][info][gc,phases      ] GC(113)   Post Evacuate Collection Set: 8.2ms
[85.745s][info][gc,phases      ] GC(113)   Other: 0.1ms
[85.745s][info][gc,heap        ] GC(113) Eden regions: 33->0(323)
[85.745s][info][gc,heap        ] GC(113) Survivor regions: 1->1(5)
[85.745s][info][gc,heap        ] GC(113) Old regions: 17->17
[85.745s][info][gc,heap        ] GC(113) Archive regions: 0->0
[85.745s][info][gc,heap        ] GC(113) Humongous regions: 0->0
[85.745s][info][gc,metaspace   ] GC(113) Metaspace: 9889K(10240K)->9889K(10240K) NonClass: 8587K(8832K)->8587K(8832K) Class: 1302K(1408K)->1302K(1408K)
[85.745s][info][gc             ] GC(113) Pause Young (Normal) (G1 Evacuation Pause) 71M->5M(1082M) 12.456ms
[85.745s][info][gc,cpu         ] GC(113) User=0.00s Sys=0.00s Real=0.00s
[88.839s][info][gc,start       ] GC(114) Pause Young (Normal) (G1 Evacuation Pause)
[88.840s][info][gc,task        ] GC(114) Using 26 workers of 33 for evacuation
[88.843s][info][gc,phases      ] GC(114)   Pre Evacuate Collection Set: 0.2ms
[88.843s][info][gc,phases      ] GC(114)   Merge Heap Roots: 0.2ms
[88.843s][info][gc,phases      ] GC(114)   Evacuate Collection Set: 1.7ms
[88.843s][info][gc,phases      ] GC(114)   Post Evacuate Collection Set: 0.7ms
[88.843s][info][gc,phases      ] GC(114)   Other: 0.2ms
[88.843s][info][gc,heap        ] GC(114) Eden regions: 323->0(323)
[88.843s][info][gc,heap        ] GC(114) Survivor regions: 1->1(41)
[88.843s][info][gc,heap        ] GC(114) Old regions: 17->17
[88.843s][info][gc,heap        ] GC(114) Archive regions: 0->0
[88.843s][info][gc,heap        ] GC(114) Humongous regions: 0->0
[88.843s][info][gc,metaspace   ] GC(114) Metaspace: 9889K(10240K)->9889K(10240K) NonClass: 8587K(8832K)->8587K(8832K) Class: 1302K(1408K)->1302K(1408K)
[88.843s][info][gc             ] GC(114) Pause Young (Normal) (G1 Evacuation Pause) 651M->5M(1082M) 3.662ms
[88.843s][info][gc,cpu         ] GC(114) User=0.00s Sys=0.00s Real=0.00s
[90.712s][info][gc,start       ] GC(115) Pause Full (System.gc())
[90.712s][info][gc,task        ] GC(115) Using 26 workers of 33 for full compaction
[90.713s][info][gc,phases,start] GC(115) Phase 1: Mark live objects
[90.719s][info][gc,phases      ] GC(115) Phase 1: Mark live objects 6.319ms
[90.719s][info][gc,phases,start] GC(115) Phase 2: Prepare compaction
[90.726s][info][gc,phases      ] GC(115) Phase 2: Prepare compaction 6.647ms
[90.726s][info][gc,phases,start] GC(115) Phase 3: Adjust pointers
[90.730s][info][gc,phases      ] GC(115) Phase 3: Adjust pointers 3.692ms
[90.730s][info][gc,phases,start] GC(115) Phase 4: Compact heap
[90.730s][info][gc,phases      ] GC(115) Phase 4: Compact heap 0.671ms
[90.739s][info][gc,heap        ] GC(115) Eden regions: 211->0(36)
[90.739s][info][gc,heap        ] GC(115) Survivor regions: 1->0(41)
[90.739s][info][gc,heap        ] GC(115) Old regions: 17->18
[90.739s][info][gc,heap        ] GC(115) Archive regions: 0->0
[90.739s][info][gc,heap        ] GC(115) Humongous regions: 0->0
[90.739s][info][gc,metaspace   ] GC(115) Metaspace: 9890K(10240K)->9890K(10240K) NonClass: 8588K(8832K)->8588K(8832K) Class: 1302K(1408K)->1302K(1408K)
[90.739s][info][gc             ] GC(115) Pause Full (System.gc()) 426M->3M(120M) 27.651ms
[90.739s][info][gc,cpu         ] GC(115) User=0.02s Sys=0.19s Real=0.02s
[91.042s][info][gc,start       ] GC(116) Pause Young (Normal) (G1 Evacuation Pause)
[91.042s][info][gc,task        ] GC(116) Using 14 workers of 33 for evacuation
[91.043s][info][gc,phases      ] GC(116)   Pre Evacuate Collection Set: 0.1ms
[91.043s][info][gc,phases      ] GC(116)   Merge Heap Roots: 0.1ms
[91.043s][info][gc,phases      ] GC(116)   Evacuate Collection Set: 0.8ms
[91.043s][info][gc,phases      ] GC(116)   Post Evacuate Collection Set: 0.3ms
[91.043s][info][gc,phases      ] GC(116)   Other: 0.2ms
[91.043s][info][gc,heap        ] GC(116) Eden regions: 36->0(35)
[91.043s][info][gc,heap        ] GC(116) Survivor regions: 0->1(5)
[91.043s][info][gc,heap        ] GC(116) Old regions: 18->18
[91.043s][info][gc,heap        ] GC(116) Archive regions: 0->0
[91.043s][info][gc,heap        ] GC(116) Humongous regions: 0->0
[91.043s][info][gc,metaspace   ] GC(116) Metaspace: 9891K(10240K)->9891K(10240K) NonClass: 8589K(8832K)->8589K(8832K) Class: 1302K(1408K)->1302K(1408K)
[91.044s][info][gc             ] GC(116) Pause Young (Normal) (G1 Evacuation Pause) 75M->5M(120M) 1.985ms
[91.044s][info][gc,cpu         ] GC(116) User=0.00s Sys=0.00s Real=0.00s
[91.346s][info][gc,start       ] GC(117) Pause Young (Normal) (G1 Evacuation Pause)
[91.346s][info][gc,task        ] GC(117) Using 8 workers of 33 for evacuation
[91.348s][info][gc,phases      ] GC(117)   Pre Evacuate Collection Set: 0.1ms
[91.348s][info][gc,phases      ] GC(117)   Merge Heap Roots: 0.1ms
[91.348s][info][gc,phases      ] GC(117)   Evacuate Collection Set: 1.1ms
[91.348s][info][gc,phases      ] GC(117)   Post Evacuate Collection Set: 0.3ms
[91.348s][info][gc,phases      ] GC(117)   Other: 0.1ms
[91.348s][info][gc,heap        ] GC(117) Eden regions: 35->0(35)
[91.348s][info][gc,heap        ] GC(117) Survivor regions: 1->1(5)
[91.348s][info][gc,heap        ] GC(117) Old regions: 18->18
[91.348s][info][gc,heap        ] GC(117) Archive regions: 0->0
[91.348s][info][gc,heap        ] GC(117) Humongous regions: 0->0
[91.348s][info][gc,metaspace   ] GC(117) Metaspace: 9891K(10240K)->9891K(10240K) NonClass: 8589K(8832K)->8589K(8832K) Class: 1302K(1408K)->1302K(1408K)
[91.348s][info][gc             ] GC(117) Pause Young (Normal) (G1 Evacuation Pause) 75M->5M(120M) 2.250ms
[91.348s][info][gc,cpu         ] GC(117) User=0.00s Sys=0.00s Real=0.00s
[91.665s][info][gc,start       ] GC(118) Pause Young (Normal) (G1 Evacuation Pause)
[91.666s][info][gc,task        ] GC(118) Using 5 workers of 33 for evacuation
[91.668s][info][gc,phases      ] GC(118)   Pre Evacuate Collection Set: 0.1ms
[91.668s][info][gc,phases      ] GC(118)   Merge Heap Roots: 0.1ms
[91.668s][info][gc,phases      ] GC(118)   Evacuate Collection Set: 1.5ms
[91.668s][info][gc,phases      ] GC(118)   Post Evacuate Collection Set: 0.3ms
[91.668s][info][gc,phases      ] GC(118)   Other: 0.1ms
[91.668s][info][gc,heap        ] GC(118) Eden regions: 35->0(35)
[91.668s][info][gc,heap        ] GC(118) Survivor regions: 1->1(5)
[91.668s][info][gc,heap        ] GC(118) Old regions: 18->18
[91.668s][info][gc,heap        ] GC(118) Archive regions: 0->0
[91.668s][info][gc,heap        ] GC(118) Humongous regions: 0->0
[91.668s][info][gc,metaspace   ] GC(118) Metaspace: 9891K(10240K)->9891K(10240K) NonClass: 8589K(8832K)->8589K(8832K) Class: 1302K(1408K)->1302K(1408K)
[91.668s][info][gc             ] GC(118) Pause Young (Normal) (G1 Evacuation Pause) 75M->5M(120M) 2.686ms
[91.668s][info][gc,cpu         ] GC(118) User=0.00s Sys=0.00s Real=0.00s
[91.987s][info][gc,start       ] GC(119) Pause Young (Normal) (G1 Evacuation Pause)
[91.987s][info][gc,task        ] GC(119) Using 3 workers of 33 for evacuation
[91.990s][info][gc,phases      ] GC(119)   Pre Evacuate Collection Set: 0.1ms
[91.990s][info][gc,phases      ] GC(119)   Merge Heap Roots: 0.1ms
[91.990s][info][gc,phases      ] GC(119)   Evacuate Collection Set: 2.6ms
[91.990s][info][gc,phases      ] GC(119)   Post Evacuate Collection Set: 0.3ms
[91.990s][info][gc,phases      ] GC(119)   Other: 0.1ms
[91.990s][info][gc,heap        ] GC(119) Eden regions: 35->0(35)
[91.990s][info][gc,heap        ] GC(119) Survivor regions: 1->1(5)
[91.990s][info][gc,heap        ] GC(119) Old regions: 18->18
[91.990s][info][gc,heap        ] GC(119) Archive regions: 0->0
[91.990s][info][gc,heap        ] GC(119) Humongous regions: 0->0
[91.990s][info][gc,metaspace   ] GC(119) Metaspace: 9891K(10240K)->9891K(10240K) NonClass: 8589K(8832K)->8589K(8832K) Class: 1302K(1408K)->1302K(1408K)
[91.990s][info][gc             ] GC(119) Pause Young (Normal) (G1 Evacuation Pause) 75M->5M(120M) 3.805ms
[91.990s][info][gc,cpu         ] GC(119) User=0.05s Sys=0.00s Real=0.02s
[92.307s][info][gc,start       ] GC(120) Pause Young (Normal) (G1 Evacuation Pause)
[92.308s][info][gc,task        ] GC(120) Using 2 workers of 33 for evacuation
[92.312s][info][gc,phases      ] GC(120)   Pre Evacuate Collection Set: 0.1ms
[92.312s][info][gc,phases      ] GC(120)   Merge Heap Roots: 0.1ms
[92.312s][info][gc,phases      ] GC(120)   Evacuate Collection Set: 3.7ms
[92.312s][info][gc,phases      ] GC(120)   Post Evacuate Collection Set: 0.3ms
[92.312s][info][gc,phases      ] GC(120)   Other: 0.1ms
[92.312s][info][gc,heap        ] GC(120) Eden regions: 35->0(35)
[92.312s][info][gc,heap        ] GC(120) Survivor regions: 1->1(5)
[92.312s][info][gc,heap        ] GC(120) Old regions: 18->18
[92.312s][info][gc,heap        ] GC(120) Archive regions: 0->0
[92.312s][info][gc,heap        ] GC(120) Humongous regions: 0->0
[92.312s][info][gc,metaspace   ] GC(120) Metaspace: 9891K(10240K)->9891K(10240K) NonClass: 8589K(8832K)->8589K(8832K) Class: 1302K(1408K)->1302K(1408K)
[92.312s][info][gc             ] GC(120) Pause Young (Normal) (G1 Evacuation Pause) 75M->5M(120M) 4.901ms
[92.312s][info][gc,cpu         ] GC(120) User=0.03s Sys=0.00s Real=0.02s
[92.626s][info][gc,start       ] GC(121) Pause Young (Normal) (G1 Evacuation Pause)
[92.626s][info][gc,task        ] GC(121) Using 2 workers of 33 for evacuation
[92.629s][info][gc,phases      ] GC(121)   Pre Evacuate Collection Set: 0.1ms
[92.629s][info][gc,phases      ] GC(121)   Merge Heap Roots: 0.1ms
[92.630s][info][gc,phases      ] GC(121)   Evacuate Collection Set: 2.4ms
[92.630s][info][gc,phases      ] GC(121)   Post Evacuate Collection Set: 0.3ms
[92.630s][info][gc,phases      ] GC(121)   Other: 0.1ms
[92.630s][info][gc,heap        ] GC(121) Eden regions: 35->0(35)
[92.630s][info][gc,heap        ] GC(121) Survivor regions: 1->1(5)
[92.630s][info][gc,heap        ] GC(121) Old regions: 18->18
[92.630s][info][gc,heap        ] GC(121) Archive regions: 0->0
[92.630s][info][gc,heap        ] GC(121) Humongous regions: 0->0
[92.630s][info][gc,metaspace   ] GC(121) Metaspace: 9891K(10240K)->9891K(10240K) NonClass: 8589K(8832K)->8589K(8832K) Class: 1302K(1408K)->1302K(1408K)
[92.630s][info][gc             ] GC(121) Pause Young (Normal) (G1 Evacuation Pause) 75M->5M(120M) 3.605ms
[92.630s][info][gc,cpu         ] GC(121) User=0.00s Sys=0.00s Real=0.00s
[92.935s][info][gc,start       ] GC(122) Pause Young (Normal) (G1 Evacuation Pause)
[92.936s][info][gc,task        ] GC(122) Using 2 workers of 33 for evacuation
[92.940s][info][gc,phases      ] GC(122)   Pre Evacuate Collection Set: 0.1ms
[92.940s][info][gc,phases      ] GC(122)   Merge Heap Roots: 0.1ms
[92.940s][info][gc,phases      ] GC(122)   Evacuate Collection Set: 3.6ms
[92.940s][info][gc,phases      ] GC(122)   Post Evacuate Collection Set: 0.3ms
[92.940s][info][gc,phases      ] GC(122)   Other: 0.1ms
[92.940s][info][gc,heap        ] GC(122) Eden regions: 35->0(35)
[92.940s][info][gc,heap        ] GC(122) Survivor regions: 1->1(5)
[92.940s][info][gc,heap        ] GC(122) Old regions: 18->18
[92.940s][info][gc,heap        ] GC(122) Archive regions: 0->0
[92.940s][info][gc,heap        ] GC(122) Humongous regions: 0->0
[92.940s][info][gc,metaspace   ] GC(122) Metaspace: 9891K(10240K)->9891K(10240K) NonClass: 8589K(8832K)->8589K(8832K) Class: 1302K(1408K)->1302K(1408K)
[92.940s][info][gc             ] GC(122) Pause Young (Normal) (G1 Evacuation Pause) 75M->5M(120M) 4.845ms
[92.940s][info][gc,cpu         ] GC(122) User=0.02s Sys=0.00s Real=0.02s
[93.268s][info][gc,start       ] GC(123) Pause Young (Normal) (G1 Evacuation Pause)
[93.268s][info][gc,task        ] GC(123) Using 2 workers of 33 for evacuation
[93.272s][info][gc,phases      ] GC(123)   Pre Evacuate Collection Set: 0.1ms
[93.273s][info][gc,phases      ] GC(123)   Merge Heap Roots: 0.1ms
[93.273s][info][gc,phases      ] GC(123)   Evacuate Collection Set: 3.4ms
[93.273s][info][gc,phases      ] GC(123)   Post Evacuate Collection Set: 0.3ms
[93.273s][info][gc,phases      ] GC(123)   Other: 0.1ms
[93.273s][info][gc,heap        ] GC(123) Eden regions: 35->0(35)
[93.273s][info][gc,heap        ] GC(123) Survivor regions: 1->1(5)
[93.273s][info][gc,heap        ] GC(123) Old regions: 18->18
[93.273s][info][gc,heap        ] GC(123) Archive regions: 0->0
[93.273s][info][gc,heap        ] GC(123) Humongous regions: 0->0
[93.273s][info][gc,metaspace   ] GC(123) Metaspace: 9891K(10240K)->9891K(10240K) NonClass: 8589K(8832K)->8589K(8832K) Class: 1302K(1408K)->1302K(1408K)
[93.273s][info][gc             ] GC(123) Pause Young (Normal) (G1 Evacuation Pause) 75M->5M(120M) 4.580ms
[93.273s][info][gc,cpu         ] GC(123) User=0.00s Sys=0.00s Real=0.00s
[93.585s][info][gc,start       ] GC(124) Pause Young (Normal) (G1 Evacuation Pause)
[93.585s][info][gc,task        ] GC(124) Using 2 workers of 33 for evacuation
[93.597s][info][gc,phases      ] GC(124)   Pre Evacuate Collection Set: 0.1ms
[93.597s][info][gc,phases      ] GC(124)   Merge Heap Roots: 0.1ms
[93.597s][info][gc,phases      ] GC(124)   Evacuate Collection Set: 3.5ms
[93.597s][info][gc,phases      ] GC(124)   Post Evacuate Collection Set: 8.2ms
[93.597s][info][gc,phases      ] GC(124)   Other: 0.1ms
[93.598s][info][gc,heap        ] GC(124) Eden regions: 35->0(324)
[93.598s][info][gc,heap        ] GC(124) Survivor regions: 1->1(5)
[93.598s][info][gc,heap        ] GC(124) Old regions: 18->18
[93.598s][info][gc,heap        ] GC(124) Archive regions: 0->0
[93.598s][info][gc,heap        ] GC(124) Humongous regions: 0->0
[93.598s][info][gc,metaspace   ] GC(124) Metaspace: 9891K(10240K)->9891K(10240K) NonClass: 8589K(8832K)->8589K(8832K) Class: 1302K(1408K)->1302K(1408K)
[93.598s][info][gc             ] GC(124) Pause Young (Normal) (G1 Evacuation Pause) 75M->5M(1084M) 12.552ms
[93.598s][info][gc,cpu         ] GC(124) User=0.03s Sys=0.00s Real=0.02s
[96.723s][info][gc,start       ] GC(125) Pause Young (Normal) (G1 Evacuation Pause)
[96.723s][info][gc,task        ] GC(125) Using 26 workers of 33 for evacuation
[96.726s][info][gc,phases      ] GC(125)   Pre Evacuate Collection Set: 0.2ms
[96.726s][info][gc,phases      ] GC(125)   Merge Heap Roots: 0.2ms
[96.726s][info][gc,phases      ] GC(125)   Evacuate Collection Set: 1.6ms
[96.726s][info][gc,phases      ] GC(125)   Post Evacuate Collection Set: 0.7ms
[96.726s][info][gc,phases      ] GC(125)   Other: 0.2ms
[96.726s][info][gc,heap        ] GC(125) Eden regions: 324->0(324)
[96.726s][info][gc,heap        ] GC(125) Survivor regions: 1->1(41)
[96.726s][info][gc,heap        ] GC(125) Old regions: 18->18
[96.726s][info][gc,heap        ] GC(125) Archive regions: 0->0
[96.726s][info][gc,heap        ] GC(125) Humongous regions: 0->0
[96.726s][info][gc,metaspace   ] GC(125) Metaspace: 9891K(10240K)->9891K(10240K) NonClass: 8589K(8832K)->8589K(8832K) Class: 1302K(1408K)->1302K(1408K)
[96.726s][info][gc             ] GC(125) Pause Young (Normal) (G1 Evacuation Pause) 653M->5M(1084M) 3.479ms
[96.726s][info][gc,cpu         ] GC(125) User=0.00s Sys=0.00s Real=0.00s
[98.144s][info][gc,start       ] GC(126) Pause Full (System.gc())
[98.144s][info][gc,task        ] GC(126) Using 26 workers of 33 for full compaction
[98.145s][info][gc,phases,start] GC(126) Phase 1: Mark live objects
[98.151s][info][gc,phases      ] GC(126) Phase 1: Mark live objects 6.406ms
[98.151s][info][gc,phases,start] GC(126) Phase 2: Prepare compaction
[98.157s][info][gc,phases      ] GC(126) Phase 2: Prepare compaction 5.698ms
[98.157s][info][gc,phases,start] GC(126) Phase 3: Adjust pointers
[98.161s][info][gc,phases      ] GC(126) Phase 3: Adjust pointers 3.584ms
[98.161s][info][gc,phases,start] GC(126) Phase 4: Compact heap
[98.161s][info][gc,phases      ] GC(126) Phase 4: Compact heap 0.662ms
[98.170s][info][gc,heap        ] GC(126) Eden regions: 158->0(36)
[98.170s][info][gc,heap        ] GC(126) Survivor regions: 1->0(41)
[98.171s][info][gc,heap        ] GC(126) Old regions: 18->18
[98.171s][info][gc,heap        ] GC(126) Archive regions: 0->0
[98.171s][info][gc,heap        ] GC(126) Humongous regions: 0->0
[98.171s][info][gc,metaspace   ] GC(126) Metaspace: 9894K(10240K)->9894K(10240K) NonClass: 8592K(8832K)->8592K(8832K) Class: 1302K(1408K)->1302K(1408K)
[98.171s][info][gc             ] GC(126) Pause Full (System.gc()) 320M->3M(120M) 27.110ms
[98.171s][info][gc,cpu         ] GC(126) User=0.09s Sys=0.00s Real=0.01s
[98.471s][info][gc,start       ] GC(127) Pause Young (Normal) (G1 Evacuation Pause)
[98.471s][info][gc,task        ] GC(127) Using 14 workers of 33 for evacuation
[98.472s][info][gc,phases      ] GC(127)   Pre Evacuate Collection Set: 0.1ms
[98.472s][info][gc,phases      ] GC(127)   Merge Heap Roots: 0.1ms
[98.473s][info][gc,phases      ] GC(127)   Evacuate Collection Set: 0.8ms
[98.473s][info][gc,phases      ] GC(127)   Post Evacuate Collection Set: 0.3ms
[98.473s][info][gc,phases      ] GC(127)   Other: 0.1ms
[98.473s][info][gc,heap        ] GC(127) Eden regions: 36->0(35)
[98.473s][info][gc,heap        ] GC(127) Survivor regions: 0->1(5)
[98.473s][info][gc,heap        ] GC(127) Old regions: 18->18
[98.473s][info][gc,heap        ] GC(127) Archive regions: 0->0
[98.473s][info][gc,heap        ] GC(127) Humongous regions: 0->0
[98.473s][info][gc,metaspace   ] GC(127) Metaspace: 9900K(10240K)->9900K(10240K) NonClass: 8598K(8832K)->8598K(8832K) Class: 1302K(1408K)->1302K(1408K)
[98.473s][info][gc             ] GC(127) Pause Young (Normal) (G1 Evacuation Pause) 75M->5M(120M) 1.924ms
[98.473s][info][gc,cpu         ] GC(127) User=0.00s Sys=0.00s Real=0.00s
[98.772s][info][gc,start       ] GC(128) Pause Young (Normal) (G1 Evacuation Pause)
[98.773s][info][gc,task        ] GC(128) Using 8 workers of 33 for evacuation
[98.774s][info][gc,phases      ] GC(128)   Pre Evacuate Collection Set: 0.1ms
[98.774s][info][gc,phases      ] GC(128)   Merge Heap Roots: 0.1ms
[98.774s][info][gc,phases      ] GC(128)   Evacuate Collection Set: 1.1ms
[98.774s][info][gc,phases      ] GC(128)   Post Evacuate Collection Set: 0.3ms
[98.775s][info][gc,phases      ] GC(128)   Other: 0.1ms
[98.775s][info][gc,heap        ] GC(128) Eden regions: 35->0(35)
[98.775s][info][gc,heap        ] GC(128) Survivor regions: 1->1(5)
[98.775s][info][gc,heap        ] GC(128) Old regions: 18->18
[98.775s][info][gc,heap        ] GC(128) Archive regions: 0->0
[98.775s][info][gc,heap        ] GC(128) Humongous regions: 0->0
[98.775s][info][gc,metaspace   ] GC(128) Metaspace: 9900K(10240K)->9900K(10240K) NonClass: 8598K(8832K)->8598K(8832K) Class: 1302K(1408K)->1302K(1408K)
[98.775s][info][gc             ] GC(128) Pause Young (Normal) (G1 Evacuation Pause) 75M->5M(120M) 2.341ms
[98.775s][info][gc,cpu         ] GC(128) User=0.13s Sys=0.00s Real=0.02s
[99.095s][info][gc,start       ] GC(129) Pause Young (Normal) (G1 Evacuation Pause)
[99.095s][info][gc,task        ] GC(129) Using 5 workers of 33 for evacuation
[99.098s][info][gc,phases      ] GC(129)   Pre Evacuate Collection Set: 0.1ms
[99.098s][info][gc,phases      ] GC(129)   Merge Heap Roots: 0.1ms
[99.098s][info][gc,phases      ] GC(129)   Evacuate Collection Set: 1.7ms
[99.098s][info][gc,phases      ] GC(129)   Post Evacuate Collection Set: 0.3ms
[99.098s][info][gc,phases      ] GC(129)   Other: 0.1ms
[99.098s][info][gc,heap        ] GC(129) Eden regions: 35->0(35)
[99.098s][info][gc,heap        ] GC(129) Survivor regions: 1->1(5)
[99.098s][info][gc,heap        ] GC(129) Old regions: 18->18
[99.098s][info][gc,heap        ] GC(129) Archive regions: 0->0
[99.098s][info][gc,heap        ] GC(129) Humongous regions: 0->0
[99.098s][info][gc,metaspace   ] GC(129) Metaspace: 9900K(10240K)->9900K(10240K) NonClass: 8598K(8832K)->8598K(8832K) Class: 1302K(1408K)->1302K(1408K)
[99.098s][info][gc             ] GC(129) Pause Young (Normal) (G1 Evacuation Pause) 75M->5M(120M) 2.812ms
[99.098s][info][gc,cpu         ] GC(129) User=0.00s Sys=0.00s Real=0.00s
[99.413s][info][gc,start       ] GC(130) Pause Young (Normal) (G1 Evacuation Pause)
[99.413s][info][gc,task        ] GC(130) Using 3 workers of 33 for evacuation
[99.416s][info][gc,phases      ] GC(130)   Pre Evacuate Collection Set: 0.1ms
[99.416s][info][gc,phases      ] GC(130)   Merge Heap Roots: 0.1ms
[99.416s][info][gc,phases      ] GC(130)   Evacuate Collection Set: 2.5ms
[99.416s][info][gc,phases      ] GC(130)   Post Evacuate Collection Set: 0.3ms
[99.416s][info][gc,phases      ] GC(130)   Other: 0.1ms
[99.416s][info][gc,heap        ] GC(130) Eden regions: 35->0(35)
[99.416s][info][gc,heap        ] GC(130) Survivor regions: 1->1(5)
[99.416s][info][gc,heap        ] GC(130) Old regions: 18->18
[99.416s][info][gc,heap        ] GC(130) Archive regions: 0->0
[99.416s][info][gc,heap        ] GC(130) Humongous regions: 0->0
[99.416s][info][gc,metaspace   ] GC(130) Metaspace: 9900K(10240K)->9900K(10240K) NonClass: 8598K(8832K)->8598K(8832K) Class: 1302K(1408K)->1302K(1408K)
[99.416s][info][gc             ] GC(130) Pause Young (Normal) (G1 Evacuation Pause) 75M->5M(120M) 3.534ms
[99.416s][info][gc,cpu         ] GC(130) User=0.00s Sys=0.00s Real=0.00s
[99.736s][info][gc,start       ] GC(131) Pause Young (Normal) (G1 Evacuation Pause)
[99.736s][info][gc,task        ] GC(131) Using 2 workers of 33 for evacuation
[99.740s][info][gc,phases      ] GC(131)   Pre Evacuate Collection Set: 0.1ms
[99.740s][info][gc,phases      ] GC(131)   Merge Heap Roots: 0.1ms
[99.740s][info][gc,phases      ] GC(131)   Evacuate Collection Set: 3.6ms
[99.740s][info][gc,phases      ] GC(131)   Post Evacuate Collection Set: 0.3ms
[99.740s][info][gc,phases      ] GC(131)   Other: 0.1ms
[99.740s][info][gc,heap        ] GC(131) Eden regions: 35->0(35)
[99.740s][info][gc,heap        ] GC(131) Survivor regions: 1->1(5)
[99.741s][info][gc,heap        ] GC(131) Old regions: 18->18
[99.741s][info][gc,heap        ] GC(131) Archive regions: 0->0
[99.741s][info][gc,heap        ] GC(131) Humongous regions: 0->0
[99.741s][info][gc,metaspace   ] GC(131) Metaspace: 9900K(10240K)->9900K(10240K) NonClass: 8598K(8832K)->8598K(8832K) Class: 1302K(1408K)->1302K(1408K)
[99.741s][info][gc             ] GC(131) Pause Young (Normal) (G1 Evacuation Pause) 75M->5M(120M) 4.726ms
[99.741s][info][gc,cpu         ] GC(131) User=0.00s Sys=0.00s Real=0.00s
[100.062s][info][gc,start       ] GC(132) Pause Young (Normal) (G1 Evacuation Pause)
[100.062s][info][gc,task        ] GC(132) Using 2 workers of 33 for evacuation
[100.066s][info][gc,phases      ] GC(132)   Pre Evacuate Collection Set: 0.1ms
[100.066s][info][gc,phases      ] GC(132)   Merge Heap Roots: 0.1ms
[100.066s][info][gc,phases      ] GC(132)   Evacuate Collection Set: 3.3ms
[100.066s][info][gc,phases      ] GC(132)   Post Evacuate Collection Set: 0.3ms
[100.066s][info][gc,phases      ] GC(132)   Other: 0.1ms
[100.066s][info][gc,heap        ] GC(132) Eden regions: 35->0(35)
[100.066s][info][gc,heap        ] GC(132) Survivor regions: 1->1(5)
[100.066s][info][gc,heap        ] GC(132) Old regions: 18->18
[100.066s][info][gc,heap        ] GC(132) Archive regions: 0->0
[100.066s][info][gc,heap        ] GC(132) Humongous regions: 0->0
[100.066s][info][gc,metaspace   ] GC(132) Metaspace: 9900K(10240K)->9900K(10240K) NonClass: 8598K(8832K)->8598K(8832K) Class: 1302K(1408K)->1302K(1408K)
[100.066s][info][gc             ] GC(132) Pause Young (Normal) (G1 Evacuation Pause) 75M->5M(120M) 4.530ms
[100.066s][info][gc,cpu         ] GC(132) User=0.00s Sys=0.00s Real=0.00s
[100.380s][info][gc,start       ] GC(133) Pause Young (Normal) (G1 Evacuation Pause)
[100.380s][info][gc,task        ] GC(133) Using 2 workers of 33 for evacuation
[100.385s][info][gc,phases      ] GC(133)   Pre Evacuate Collection Set: 0.1ms
[100.385s][info][gc,phases      ] GC(133)   Merge Heap Roots: 0.1ms
[100.385s][info][gc,phases      ] GC(133)   Evacuate Collection Set: 3.6ms
[100.385s][info][gc,phases      ] GC(133)   Post Evacuate Collection Set: 0.3ms
[100.385s][info][gc,phases      ] GC(133)   Other: 0.1ms
[100.385s][info][gc,heap        ] GC(133) Eden regions: 35->0(35)
[100.385s][info][gc,heap        ] GC(133) Survivor regions: 1->1(5)
[100.385s][info][gc,heap        ] GC(133) Old regions: 18->18
[100.385s][info][gc,heap        ] GC(133) Archive regions: 0->0
[100.385s][info][gc,heap        ] GC(133) Humongous regions: 0->0
[100.385s][info][gc,metaspace   ] GC(133) Metaspace: 9900K(10240K)->9900K(10240K) NonClass: 8598K(8832K)->8598K(8832K) Class: 1302K(1408K)->1302K(1408K)
[100.385s][info][gc             ] GC(133) Pause Young (Normal) (G1 Evacuation Pause) 75M->5M(120M) 4.774ms
[100.385s][info][gc,cpu         ] GC(133) User=0.03s Sys=0.00s Real=0.02s
[100.708s][info][gc,start       ] GC(134) Pause Young (Normal) (G1 Evacuation Pause)
[100.708s][info][gc,task        ] GC(134) Using 2 workers of 33 for evacuation
[100.720s][info][gc,phases      ] GC(134)   Pre Evacuate Collection Set: 0.1ms
[100.720s][info][gc,phases      ] GC(134)   Merge Heap Roots: 0.1ms
[100.720s][info][gc,phases      ] GC(134)   Evacuate Collection Set: 3.4ms
[100.720s][info][gc,phases      ] GC(134)   Post Evacuate Collection Set: 8.3ms
[100.720s][info][gc,phases      ] GC(134)   Other: 0.1ms
[100.720s][info][gc,heap        ] GC(134) Eden regions: 35->0(324)
[100.720s][info][gc,heap        ] GC(134) Survivor regions: 1->1(5)
[100.720s][info][gc,heap        ] GC(134) Old regions: 18->18
[100.720s][info][gc,heap        ] GC(134) Archive regions: 0->0
[100.720s][info][gc,heap        ] GC(134) Humongous regions: 0->0
[100.720s][info][gc,metaspace   ] GC(134) Metaspace: 9900K(10240K)->9900K(10240K) NonClass: 8598K(8832K)->8598K(8832K) Class: 1302K(1408K)->1302K(1408K)
[100.721s][info][gc             ] GC(134) Pause Young (Normal) (G1 Evacuation Pause) 75M->5M(1084M) 12.622ms
[100.721s][info][gc,cpu         ] GC(134) User=0.00s Sys=0.02s Real=0.02s
[103.857s][info][gc,start       ] GC(135) Pause Young (Normal) (G1 Evacuation Pause)
[103.857s][info][gc,task        ] GC(135) Using 26 workers of 33 for evacuation
[103.860s][info][gc,phases      ] GC(135)   Pre Evacuate Collection Set: 0.2ms
[103.860s][info][gc,phases      ] GC(135)   Merge Heap Roots: 0.2ms
[103.860s][info][gc,phases      ] GC(135)   Evacuate Collection Set: 1.9ms
[103.860s][info][gc,phases      ] GC(135)   Post Evacuate Collection Set: 0.7ms
[103.860s][info][gc,phases      ] GC(135)   Other: 0.2ms
[103.860s][info][gc,heap        ] GC(135) Eden regions: 324->0(324)
[103.860s][info][gc,heap        ] GC(135) Survivor regions: 1->1(41)
[103.860s][info][gc,heap        ] GC(135) Old regions: 18->18
[103.860s][info][gc,heap        ] GC(135) Archive regions: 0->0
[103.860s][info][gc,heap        ] GC(135) Humongous regions: 0->0
[103.860s][info][gc,metaspace   ] GC(135) Metaspace: 9900K(10240K)->9900K(10240K) NonClass: 8598K(8832K)->8598K(8832K) Class: 1302K(1408K)->1302K(1408K)
[103.860s][info][gc             ] GC(135) Pause Young (Normal) (G1 Evacuation Pause) 653M->5M(1084M) 3.711ms
[103.860s][info][gc,cpu         ] GC(135) User=0.03s Sys=0.00s Real=0.02s
[105.645s][info][gc,start       ] GC(136) Pause Full (System.gc())
[105.645s][info][gc,task        ] GC(136) Using 26 workers of 33 for full compaction
[105.646s][info][gc,phases,start] GC(136) Phase 1: Mark live objects
[105.652s][info][gc,phases      ] GC(136) Phase 1: Mark live objects 5.843ms
[105.652s][info][gc,phases,start] GC(136) Phase 2: Prepare compaction
[105.658s][info][gc,phases      ] GC(136) Phase 2: Prepare compaction 6.014ms
[105.658s][info][gc,phases,start] GC(136) Phase 3: Adjust pointers
[105.661s][info][gc,phases      ] GC(136) Phase 3: Adjust pointers 3.138ms
[105.661s][info][gc,phases,start] GC(136) Phase 4: Compact heap
[105.662s][info][gc,phases      ] GC(136) Phase 4: Compact heap 0.746ms
[105.669s][info][gc,heap        ] GC(136) Eden regions: 198->0(36)
[105.669s][info][gc,heap        ] GC(136) Survivor regions: 1->0(41)
[105.669s][info][gc,heap        ] GC(136) Old regions: 18->18
[105.669s][info][gc,heap        ] GC(136) Archive regions: 0->0
[105.669s][info][gc,heap        ] GC(136) Humongous regions: 0->0
[105.669s][info][gc,metaspace   ] GC(136) Metaspace: 9900K(10240K)->9900K(10240K) NonClass: 8598K(8832K)->8598K(8832K) Class: 1302K(1408K)->1302K(1408K)
[105.669s][info][gc             ] GC(136) Pause Full (System.gc()) 399M->3M(120M) 24.567ms
[105.669s][info][gc,cpu         ] GC(136) User=0.44s Sys=0.00s Real=0.03s
[105.976s][info][gc,start       ] GC(137) Pause Young (Normal) (G1 Evacuation Pause)
[105.977s][info][gc,task        ] GC(137) Using 14 workers of 33 for evacuation
[105.978s][info][gc,phases      ] GC(137)   Pre Evacuate Collection Set: 0.1ms
[105.978s][info][gc,phases      ] GC(137)   Merge Heap Roots: 0.1ms
[105.978s][info][gc,phases      ] GC(137)   Evacuate Collection Set: 0.9ms
[105.978s][info][gc,phases      ] GC(137)   Post Evacuate Collection Set: 0.3ms
[105.978s][info][gc,phases      ] GC(137)   Other: 0.1ms
[105.978s][info][gc,heap        ] GC(137) Eden regions: 36->0(35)
[105.978s][info][gc,heap        ] GC(137) Survivor regions: 0->1(5)
[105.978s][info][gc,heap        ] GC(137) Old regions: 18->18
[105.978s][info][gc,heap        ] GC(137) Archive regions: 0->0
[105.978s][info][gc,heap        ] GC(137) Humongous regions: 0->0
[105.978s][info][gc,metaspace   ] GC(137) Metaspace: 9905K(10240K)->9905K(10240K) NonClass: 8603K(8832K)->8603K(8832K) Class: 1302K(1408K)->1302K(1408K)
[105.978s][info][gc             ] GC(137) Pause Young (Normal) (G1 Evacuation Pause) 75M->5M(120M) 2.070ms
[105.979s][info][gc,cpu         ] GC(137) User=0.00s Sys=0.00s Real=0.00s
[106.275s][info][gc,start       ] GC(138) Pause Young (Normal) (G1 Evacuation Pause)
[106.276s][info][gc,task        ] GC(138) Using 8 workers of 33 for evacuation
[106.277s][info][gc,phases      ] GC(138)   Pre Evacuate Collection Set: 0.1ms
[106.277s][info][gc,phases      ] GC(138)   Merge Heap Roots: 0.1ms
[106.278s][info][gc,phases      ] GC(138)   Evacuate Collection Set: 1.2ms
[106.278s][info][gc,phases      ] GC(138)   Post Evacuate Collection Set: 0.3ms
[106.278s][info][gc,phases      ] GC(138)   Other: 0.1ms
[106.278s][info][gc,heap        ] GC(138) Eden regions: 35->0(35)
[106.278s][info][gc,heap        ] GC(138) Survivor regions: 1->1(5)
[106.278s][info][gc,heap        ] GC(138) Old regions: 18->18
[106.278s][info][gc,heap        ] GC(138) Archive regions: 0->0
[106.278s][info][gc,heap        ] GC(138) Humongous regions: 0->0
[106.278s][info][gc,metaspace   ] GC(138) Metaspace: 9905K(10240K)->9905K(10240K) NonClass: 8603K(8832K)->8603K(8832K) Class: 1302K(1408K)->1302K(1408K)
[106.278s][info][gc             ] GC(138) Pause Young (Normal) (G1 Evacuation Pause) 75M->5M(120M) 2.342ms
[106.278s][info][gc,cpu         ] GC(138) User=0.00s Sys=0.00s Real=0.00s
[106.595s][info][gc,start       ] GC(139) Pause Young (Normal) (G1 Evacuation Pause)
[106.595s][info][gc,task        ] GC(139) Using 5 workers of 33 for evacuation
[106.597s][info][gc,phases      ] GC(139)   Pre Evacuate Collection Set: 0.1ms
[106.597s][info][gc,phases      ] GC(139)   Merge Heap Roots: 0.1ms
[106.597s][info][gc,phases      ] GC(139)   Evacuate Collection Set: 1.5ms
[106.598s][info][gc,phases      ] GC(139)   Post Evacuate Collection Set: 0.3ms
[106.598s][info][gc,phases      ] GC(139)   Other: 0.1ms
[106.598s][info][gc,heap        ] GC(139) Eden regions: 35->0(35)
[106.598s][info][gc,heap        ] GC(139) Survivor regions: 1->1(5)
[106.598s][info][gc,heap        ] GC(139) Old regions: 18->18
[106.598s][info][gc,heap        ] GC(139) Archive regions: 0->0
[106.598s][info][gc,heap        ] GC(139) Humongous regions: 0->0
[106.598s][info][gc,metaspace   ] GC(139) Metaspace: 9905K(10240K)->9905K(10240K) NonClass: 8603K(8832K)->8603K(8832K) Class: 1302K(1408K)->1302K(1408K)
[106.598s][info][gc             ] GC(139) Pause Young (Normal) (G1 Evacuation Pause) 75M->5M(120M) 2.690ms
[106.598s][info][gc,cpu         ] GC(139) User=0.00s Sys=0.00s Real=0.00s
[106.906s][info][gc,start       ] GC(140) Pause Young (Normal) (G1 Evacuation Pause)
[106.906s][info][gc,task        ] GC(140) Using 3 workers of 33 for evacuation
[106.909s][info][gc,phases      ] GC(140)   Pre Evacuate Collection Set: 0.1ms
[106.909s][info][gc,phases      ] GC(140)   Merge Heap Roots: 0.1ms
[106.909s][info][gc,phases      ] GC(140)   Evacuate Collection Set: 2.3ms
[106.909s][info][gc,phases      ] GC(140)   Post Evacuate Collection Set: 0.3ms
[106.909s][info][gc,phases      ] GC(140)   Other: 0.1ms
[106.909s][info][gc,heap        ] GC(140) Eden regions: 35->0(35)
[106.909s][info][gc,heap        ] GC(140) Survivor regions: 1->1(5)
[106.909s][info][gc,heap        ] GC(140) Old regions: 18->18
[106.909s][info][gc,heap        ] GC(140) Archive regions: 0->0
[106.909s][info][gc,heap        ] GC(140) Humongous regions: 0->0
[106.909s][info][gc,metaspace   ] GC(140) Metaspace: 9905K(10240K)->9905K(10240K) NonClass: 8603K(8832K)->8603K(8832K) Class: 1302K(1408K)->1302K(1408K)
[106.910s][info][gc             ] GC(140) Pause Young (Normal) (G1 Evacuation Pause) 75M->5M(120M) 3.411ms
[106.910s][info][gc,cpu         ] GC(140) User=0.00s Sys=0.00s Real=0.00s
[107.225s][info][gc,start       ] GC(141) Pause Young (Normal) (G1 Evacuation Pause)
[107.225s][info][gc,task        ] GC(141) Using 2 workers of 33 for evacuation
[107.229s][info][gc,phases      ] GC(141)   Pre Evacuate Collection Set: 0.1ms
[107.229s][info][gc,phases      ] GC(141)   Merge Heap Roots: 0.1ms
[107.229s][info][gc,phases      ] GC(141)   Evacuate Collection Set: 3.5ms
[107.230s][info][gc,phases      ] GC(141)   Post Evacuate Collection Set: 0.3ms
[107.230s][info][gc,phases      ] GC(141)   Other: 0.1ms
[107.230s][info][gc,heap        ] GC(141) Eden regions: 35->0(35)
[107.230s][info][gc,heap        ] GC(141) Survivor regions: 1->1(5)
[107.230s][info][gc,heap        ] GC(141) Old regions: 18->18
[107.230s][info][gc,heap        ] GC(141) Archive regions: 0->0
[107.230s][info][gc,heap        ] GC(141) Humongous regions: 0->0
[107.230s][info][gc,metaspace   ] GC(141) Metaspace: 9905K(10240K)->9905K(10240K) NonClass: 8603K(8832K)->8603K(8832K) Class: 1302K(1408K)->1302K(1408K)
[107.230s][info][gc             ] GC(141) Pause Young (Normal) (G1 Evacuation Pause) 75M->5M(120M) 4.693ms
[107.230s][info][gc,cpu         ] GC(141) User=0.00s Sys=0.00s Real=0.00s
[107.544s][info][gc,start       ] GC(142) Pause Young (Normal) (G1 Evacuation Pause)
[107.544s][info][gc,task        ] GC(142) Using 2 workers of 33 for evacuation
[107.548s][info][gc,phases      ] GC(142)   Pre Evacuate Collection Set: 0.1ms
[107.548s][info][gc,phases      ] GC(142)   Merge Heap Roots: 0.1ms
[107.548s][info][gc,phases      ] GC(142)   Evacuate Collection Set: 3.4ms
[107.548s][info][gc,phases      ] GC(142)   Post Evacuate Collection Set: 0.3ms
[107.548s][info][gc,phases      ] GC(142)   Other: 0.1ms
[107.548s][info][gc,heap        ] GC(142) Eden regions: 35->0(35)
[107.548s][info][gc,heap        ] GC(142) Survivor regions: 1->1(5)
[107.548s][info][gc,heap        ] GC(142) Old regions: 18->18
[107.548s][info][gc,heap        ] GC(142) Archive regions: 0->0
[107.549s][info][gc,heap        ] GC(142) Humongous regions: 0->0
[107.549s][info][gc,metaspace   ] GC(142) Metaspace: 9905K(10240K)->9905K(10240K) NonClass: 8603K(8832K)->8603K(8832K) Class: 1302K(1408K)->1302K(1408K)
[107.549s][info][gc             ] GC(142) Pause Young (Normal) (G1 Evacuation Pause) 75M->5M(120M) 4.574ms
[107.549s][info][gc,cpu         ] GC(142) User=0.00s Sys=0.00s Real=0.00s
[107.859s][info][gc,start       ] GC(143) Pause Young (Normal) (G1 Evacuation Pause)
[107.859s][info][gc,task        ] GC(143) Using 2 workers of 33 for evacuation
[107.863s][info][gc,phases      ] GC(143)   Pre Evacuate Collection Set: 0.1ms
[107.863s][info][gc,phases      ] GC(143)   Merge Heap Roots: 0.1ms
[107.863s][info][gc,phases      ] GC(143)   Evacuate Collection Set: 3.3ms
[107.863s][info][gc,phases      ] GC(143)   Post Evacuate Collection Set: 0.3ms
[107.863s][info][gc,phases      ] GC(143)   Other: 0.1ms
[107.863s][info][gc,heap        ] GC(143) Eden regions: 35->0(35)
[107.863s][info][gc,heap        ] GC(143) Survivor regions: 1->1(5)
[107.863s][info][gc,heap        ] GC(143) Old regions: 18->18
[107.863s][info][gc,heap        ] GC(143) Archive regions: 0->0
[107.863s][info][gc,heap        ] GC(143) Humongous regions: 0->0
[107.863s][info][gc,metaspace   ] GC(143) Metaspace: 9905K(10240K)->9905K(10240K) NonClass: 8603K(8832K)->8603K(8832K) Class: 1302K(1408K)->1302K(1408K)
[107.863s][info][gc             ] GC(143) Pause Young (Normal) (G1 Evacuation Pause) 75M->5M(120M) 4.491ms
[107.863s][info][gc,cpu         ] GC(143) User=0.00s Sys=0.00s Real=0.00s
[108.178s][info][gc,start       ] GC(144) Pause Young (Normal) (G1 Evacuation Pause)
[108.178s][info][gc,task        ] GC(144) Using 2 workers of 33 for evacuation
[108.190s][info][gc,phases      ] GC(144)   Pre Evacuate Collection Set: 0.1ms
[108.190s][info][gc,phases      ] GC(144)   Merge Heap Roots: 0.1ms
[108.190s][info][gc,phases      ] GC(144)   Evacuate Collection Set: 3.4ms
[108.190s][info][gc,phases      ] GC(144)   Post Evacuate Collection Set: 8.2ms
[108.190s][info][gc,phases      ] GC(144)   Other: 0.1ms
[108.190s][info][gc,heap        ] GC(144) Eden regions: 35->0(324)
[108.190s][info][gc,heap        ] GC(144) Survivor regions: 1->1(5)
[108.190s][info][gc,heap        ] GC(144) Old regions: 18->18
[108.190s][info][gc,heap        ] GC(144) Archive regions: 0->0
[108.190s][info][gc,heap        ] GC(144) Humongous regions: 0->0
[108.190s][info][gc,metaspace   ] GC(144) Metaspace: 9905K(10240K)->9905K(10240K) NonClass: 8603K(8832K)->8603K(8832K) Class: 1302K(1408K)->1302K(1408K)
[108.190s][info][gc             ] GC(144) Pause Young (Normal) (G1 Evacuation Pause) 75M->5M(1084M) 12.453ms
[108.190s][info][gc,cpu         ] GC(144) User=0.00s Sys=0.00s Real=0.00s
[111.299s][info][gc,start       ] GC(145) Pause Young (Normal) (G1 Evacuation Pause)
[111.299s][info][gc,task        ] GC(145) Using 26 workers of 33 for evacuation
[111.302s][info][gc,phases      ] GC(145)   Pre Evacuate Collection Set: 0.2ms
[111.303s][info][gc,phases      ] GC(145)   Merge Heap Roots: 0.3ms
[111.303s][info][gc,phases      ] GC(145)   Evacuate Collection Set: 1.7ms
[111.303s][info][gc,phases      ] GC(145)   Post Evacuate Collection Set: 0.7ms
[111.303s][info][gc,phases      ] GC(145)   Other: 0.2ms
[111.303s][info][gc,heap        ] GC(145) Eden regions: 324->0(324)
[111.303s][info][gc,heap        ] GC(145) Survivor regions: 1->1(41)
[111.303s][info][gc,heap        ] GC(145) Old regions: 18->18
[111.303s][info][gc,heap        ] GC(145) Archive regions: 0->0
[111.303s][info][gc,heap        ] GC(145) Humongous regions: 0->0
[111.303s][info][gc,metaspace   ] GC(145) Metaspace: 9905K(10240K)->9905K(10240K) NonClass: 8603K(8832K)->8603K(8832K) Class: 1302K(1408K)->1302K(1408K)
[111.303s][info][gc             ] GC(145) Pause Young (Normal) (G1 Evacuation Pause) 653M->5M(1084M) 3.575ms
[111.303s][info][gc,cpu         ] GC(145) User=0.13s Sys=0.28s Real=0.02s
[113.028s][info][gc,start       ] GC(146) Pause Full (System.gc())
[113.028s][info][gc,task        ] GC(146) Using 26 workers of 33 for full compaction
[113.029s][info][gc,phases,start] GC(146) Phase 1: Mark live objects
[113.035s][info][gc,phases      ] GC(146) Phase 1: Mark live objects 5.946ms
[113.035s][info][gc,phases,start] GC(146) Phase 2: Prepare compaction
[113.041s][info][gc,phases      ] GC(146) Phase 2: Prepare compaction 6.400ms
[113.041s][info][gc,phases,start] GC(146) Phase 3: Adjust pointers
[113.045s][info][gc,phases      ] GC(146) Phase 3: Adjust pointers 4.116ms
[113.045s][info][gc,phases,start] GC(146) Phase 4: Compact heap
[113.046s][info][gc,phases      ] GC(146) Phase 4: Compact heap 0.558ms
[113.054s][info][gc,heap        ] GC(146) Eden regions: 194->0(36)
[113.054s][info][gc,heap        ] GC(146) Survivor regions: 1->0(41)
[113.054s][info][gc,heap        ] GC(146) Old regions: 18->18
[113.054s][info][gc,heap        ] GC(146) Archive regions: 0->0
[113.054s][info][gc,heap        ] GC(146) Humongous regions: 0->0
[113.054s][info][gc,metaspace   ] GC(146) Metaspace: 9905K(10240K)->9905K(10240K) NonClass: 8603K(8832K)->8603K(8832K) Class: 1302K(1408K)->1302K(1408K)
[113.055s][info][gc             ] GC(146) Pause Full (System.gc()) 393M->3M(120M) 27.043ms
[113.055s][info][gc,cpu         ] GC(146) User=0.03s Sys=0.00s Real=0.03s
[113.364s][info][gc,start       ] GC(147) Pause Young (Normal) (G1 Evacuation Pause)
[113.364s][info][gc,task        ] GC(147) Using 14 workers of 33 for evacuation
[113.365s][info][gc,phases      ] GC(147)   Pre Evacuate Collection Set: 0.1ms
[113.365s][info][gc,phases      ] GC(147)   Merge Heap Roots: 0.1ms
[113.365s][info][gc,phases      ] GC(147)   Evacuate Collection Set: 0.8ms
[113.365s][info][gc,phases      ] GC(147)   Post Evacuate Collection Set: 0.3ms
[113.365s][info][gc,phases      ] GC(147)   Other: 0.1ms
[113.365s][info][gc,heap        ] GC(147) Eden regions: 36->0(35)
[113.365s][info][gc,heap        ] GC(147) Survivor regions: 0->1(5)
[113.366s][info][gc,heap        ] GC(147) Old regions: 18->18
[113.366s][info][gc,heap        ] GC(147) Archive regions: 0->0
[113.366s][info][gc,heap        ] GC(147) Humongous regions: 0->0
[113.366s][info][gc,metaspace   ] GC(147) Metaspace: 9905K(10240K)->9905K(10240K) NonClass: 8603K(8832K)->8603K(8832K) Class: 1302K(1408K)->1302K(1408K)
[113.366s][info][gc             ] GC(147) Pause Young (Normal) (G1 Evacuation Pause) 75M->5M(120M) 1.926ms
[113.366s][info][gc,cpu         ] GC(147) User=0.00s Sys=0.00s Real=0.00s
[113.669s][info][gc,start       ] GC(148) Pause Young (Normal) (G1 Evacuation Pause)
[113.675s][info][gc,task        ] GC(148) Using 8 workers of 33 for evacuation
[113.677s][info][gc,phases      ] GC(148)   Pre Evacuate Collection Set: 0.1ms
[113.677s][info][gc,phases      ] GC(148)   Merge Heap Roots: 0.1ms
[113.677s][info][gc,phases      ] GC(148)   Evacuate Collection Set: 1.2ms
[113.677s][info][gc,phases      ] GC(148)   Post Evacuate Collection Set: 0.3ms
[113.677s][info][gc,phases      ] GC(148)   Other: 0.1ms
[113.677s][info][gc,heap        ] GC(148) Eden regions: 35->0(35)
[113.677s][info][gc,heap        ] GC(148) Survivor regions: 1->1(5)
[113.677s][info][gc,heap        ] GC(148) Old regions: 18->18
[113.677s][info][gc,heap        ] GC(148) Archive regions: 0->0
[113.677s][info][gc,heap        ] GC(148) Humongous regions: 0->0
[113.677s][info][gc,metaspace   ] GC(148) Metaspace: 9905K(10240K)->9905K(10240K) NonClass: 8603K(8832K)->8603K(8832K) Class: 1302K(1408K)->1302K(1408K)
[113.677s][info][gc             ] GC(148) Pause Young (Normal) (G1 Evacuation Pause) 75M->5M(120M) 7.773ms
[113.677s][info][gc,cpu         ] GC(148) User=0.13s Sys=0.00s Real=0.02s
[113.991s][info][gc,start       ] GC(149) Pause Young (Normal) (G1 Evacuation Pause)
[113.992s][info][gc,task        ] GC(149) Using 5 workers of 33 for evacuation
[113.994s][info][gc,phases      ] GC(149)   Pre Evacuate Collection Set: 0.1ms
[113.994s][info][gc,phases      ] GC(149)   Merge Heap Roots: 0.1ms
[113.994s][info][gc,phases      ] GC(149)   Evacuate Collection Set: 1.6ms
[113.994s][info][gc,phases      ] GC(149)   Post Evacuate Collection Set: 0.3ms
[113.994s][info][gc,phases      ] GC(149)   Other: 0.1ms
[113.994s][info][gc,heap        ] GC(149) Eden regions: 35->0(35)
[113.994s][info][gc,heap        ] GC(149) Survivor regions: 1->1(5)
[113.994s][info][gc,heap        ] GC(149) Old regions: 18->18
[113.994s][info][gc,heap        ] GC(149) Archive regions: 0->0
[113.994s][info][gc,heap        ] GC(149) Humongous regions: 0->0
[113.994s][info][gc,metaspace   ] GC(149) Metaspace: 9905K(10240K)->9905K(10240K) NonClass: 8603K(8832K)->8603K(8832K) Class: 1302K(1408K)->1302K(1408K)
[113.994s][info][gc             ] GC(149) Pause Young (Normal) (G1 Evacuation Pause) 75M->5M(120M) 2.843ms
[113.994s][info][gc,cpu         ] GC(149) User=0.00s Sys=0.00s Real=0.00s
[114.312s][info][gc,start       ] GC(150) Pause Young (Normal) (G1 Evacuation Pause)
[114.312s][info][gc,task        ] GC(150) Using 3 workers of 33 for evacuation
[114.315s][info][gc,phases      ] GC(150)   Pre Evacuate Collection Set: 0.1ms
[114.315s][info][gc,phases      ] GC(150)   Merge Heap Roots: 0.1ms
[114.315s][info][gc,phases      ] GC(150)   Evacuate Collection Set: 2.4ms
[114.315s][info][gc,phases      ] GC(150)   Post Evacuate Collection Set: 0.3ms
[114.315s][info][gc,phases      ] GC(150)   Other: 0.1ms
[114.315s][info][gc,heap        ] GC(150) Eden regions: 35->0(35)
[114.315s][info][gc,heap        ] GC(150) Survivor regions: 1->1(5)
[114.315s][info][gc,heap        ] GC(150) Old regions: 18->18
[114.315s][info][gc,heap        ] GC(150) Archive regions: 0->0
[114.315s][info][gc,heap        ] GC(150) Humongous regions: 0->0
[114.315s][info][gc,metaspace   ] GC(150) Metaspace: 9905K(10240K)->9905K(10240K) NonClass: 8603K(8832K)->8603K(8832K) Class: 1302K(1408K)->1302K(1408K)
[114.315s][info][gc             ] GC(150) Pause Young (Normal) (G1 Evacuation Pause) 75M->5M(120M) 3.612ms
[114.315s][info][gc,cpu         ] GC(150) User=0.00s Sys=0.00s Real=0.00s
[114.624s][info][gc,start       ] GC(151) Pause Young (Normal) (G1 Evacuation Pause)
[114.624s][info][gc,task        ] GC(151) Using 2 workers of 33 for evacuation
[114.629s][info][gc,phases      ] GC(151)   Pre Evacuate Collection Set: 0.1ms
[114.629s][info][gc,phases      ] GC(151)   Merge Heap Roots: 0.1ms
[114.629s][info][gc,phases      ] GC(151)   Evacuate Collection Set: 3.9ms
[114.629s][info][gc,phases      ] GC(151)   Post Evacuate Collection Set: 0.3ms
[114.629s][info][gc,phases      ] GC(151)   Other: 0.1ms
[114.629s][info][gc,heap        ] GC(151) Eden regions: 35->0(35)
[114.629s][info][gc,heap        ] GC(151) Survivor regions: 1->1(5)
[114.629s][info][gc,heap        ] GC(151) Old regions: 18->18
[114.629s][info][gc,heap        ] GC(151) Archive regions: 0->0
[114.629s][info][gc,heap        ] GC(151) Humongous regions: 0->0
[114.629s][info][gc,metaspace   ] GC(151) Metaspace: 9905K(10240K)->9905K(10240K) NonClass: 8603K(8832K)->8603K(8832K) Class: 1302K(1408K)->1302K(1408K)
[114.629s][info][gc             ] GC(151) Pause Young (Normal) (G1 Evacuation Pause) 75M->5M(120M) 5.048ms
[114.629s][info][gc,cpu         ] GC(151) User=0.00s Sys=0.00s Real=0.00s
[114.947s][info][gc,start       ] GC(152) Pause Young (Normal) (G1 Evacuation Pause)
[114.947s][info][gc,task        ] GC(152) Using 2 workers of 33 for evacuation
[114.951s][info][gc,phases      ] GC(152)   Pre Evacuate Collection Set: 0.1ms
[114.951s][info][gc,phases      ] GC(152)   Merge Heap Roots: 0.1ms
[114.951s][info][gc,phases      ] GC(152)   Evacuate Collection Set: 3.8ms
[114.951s][info][gc,phases      ] GC(152)   Post Evacuate Collection Set: 0.3ms
[114.951s][info][gc,phases      ] GC(152)   Other: 0.1ms
[114.951s][info][gc,heap        ] GC(152) Eden regions: 35->0(35)
[114.951s][info][gc,heap        ] GC(152) Survivor regions: 1->1(5)
[114.951s][info][gc,heap        ] GC(152) Old regions: 18->18
[114.951s][info][gc,heap        ] GC(152) Archive regions: 0->0
[114.951s][info][gc,heap        ] GC(152) Humongous regions: 0->0
[114.951s][info][gc,metaspace   ] GC(152) Metaspace: 9905K(10240K)->9905K(10240K) NonClass: 8603K(8832K)->8603K(8832K) Class: 1302K(1408K)->1302K(1408K)
[114.952s][info][gc             ] GC(152) Pause Young (Normal) (G1 Evacuation Pause) 75M->5M(120M) 5.016ms
[114.952s][info][gc,cpu         ] GC(152) User=0.03s Sys=0.00s Real=0.01s
[115.269s][info][gc,start       ] GC(153) Pause Young (Normal) (G1 Evacuation Pause)
[115.269s][info][gc,task        ] GC(153) Using 2 workers of 33 for evacuation
[115.274s][info][gc,phases      ] GC(153)   Pre Evacuate Collection Set: 0.1ms
[115.274s][info][gc,phases      ] GC(153)   Merge Heap Roots: 0.1ms
[115.274s][info][gc,phases      ] GC(153)   Evacuate Collection Set: 3.6ms
[115.274s][info][gc,phases      ] GC(153)   Post Evacuate Collection Set: 0.3ms
[115.274s][info][gc,phases      ] GC(153)   Other: 0.1ms
[115.274s][info][gc,heap        ] GC(153) Eden regions: 35->0(35)
[115.274s][info][gc,heap        ] GC(153) Survivor regions: 1->1(5)
[115.274s][info][gc,heap        ] GC(153) Old regions: 18->18
[115.274s][info][gc,heap        ] GC(153) Archive regions: 0->0
[115.274s][info][gc,heap        ] GC(153) Humongous regions: 0->0
[115.274s][info][gc,metaspace   ] GC(153) Metaspace: 9905K(10240K)->9905K(10240K) NonClass: 8603K(8832K)->8603K(8832K) Class: 1302K(1408K)->1302K(1408K)
[115.274s][info][gc             ] GC(153) Pause Young (Normal) (G1 Evacuation Pause) 75M->5M(120M) 4.843ms
[115.274s][info][gc,cpu         ] GC(153) User=0.00s Sys=0.00s Real=0.00s
[115.594s][info][gc,start       ] GC(154) Pause Young (Normal) (G1 Evacuation Pause)
[115.595s][info][gc,task        ] GC(154) Using 2 workers of 33 for evacuation
[115.607s][info][gc,phases      ] GC(154)   Pre Evacuate Collection Set: 0.1ms
[115.607s][info][gc,phases      ] GC(154)   Merge Heap Roots: 0.1ms
[115.607s][info][gc,phases      ] GC(154)   Evacuate Collection Set: 3.5ms
[115.607s][info][gc,phases      ] GC(154)   Post Evacuate Collection Set: 8.2ms
[115.607s][info][gc,phases      ] GC(154)   Other: 0.1ms
[115.607s][info][gc,heap        ] GC(154) Eden regions: 35->0(324)
[115.607s][info][gc,heap        ] GC(154) Survivor regions: 1->1(5)
[115.607s][info][gc,heap        ] GC(154) Old regions: 18->18
[115.607s][info][gc,heap        ] GC(154) Archive regions: 0->0
[115.607s][info][gc,heap        ] GC(154) Humongous regions: 0->0
[115.607s][info][gc,metaspace   ] GC(154) Metaspace: 9905K(10240K)->9905K(10240K) NonClass: 8603K(8832K)->8603K(8832K) Class: 1302K(1408K)->1302K(1408K)
[115.607s][info][gc             ] GC(154) Pause Young (Normal) (G1 Evacuation Pause) 75M->5M(1084M) 12.580ms
[115.607s][info][gc,cpu         ] GC(154) User=0.03s Sys=0.00s Real=0.02s
[118.710s][info][gc,start       ] GC(155) Pause Young (Normal) (G1 Evacuation Pause)
[118.711s][info][gc,task        ] GC(155) Using 26 workers of 33 for evacuation
[118.714s][info][gc,phases      ] GC(155)   Pre Evacuate Collection Set: 0.2ms
[118.714s][info][gc,phases      ] GC(155)   Merge Heap Roots: 0.3ms
[118.714s][info][gc,phases      ] GC(155)   Evacuate Collection Set: 1.7ms
[118.714s][info][gc,phases      ] GC(155)   Post Evacuate Collection Set: 0.7ms
[118.714s][info][gc,phases      ] GC(155)   Other: 0.2ms
[118.714s][info][gc,heap        ] GC(155) Eden regions: 324->0(324)
[118.714s][info][gc,heap        ] GC(155) Survivor regions: 1->1(41)
[118.714s][info][gc,heap        ] GC(155) Old regions: 18->18
[118.714s][info][gc,heap        ] GC(155) Archive regions: 0->0
[118.714s][info][gc,heap        ] GC(155) Humongous regions: 0->0
[118.714s][info][gc,metaspace   ] GC(155) Metaspace: 9905K(10240K)->9905K(10240K) NonClass: 8603K(8832K)->8603K(8832K) Class: 1302K(1408K)->1302K(1408K)
[118.714s][info][gc             ] GC(155) Pause Young (Normal) (G1 Evacuation Pause) 653M->5M(1084M) 3.597ms
[118.714s][info][gc,cpu         ] GC(155) User=0.00s Sys=0.00s Real=0.00s
[120.438s][info][gc,start       ] GC(156) Pause Full (System.gc())
[120.438s][info][gc,task        ] GC(156) Using 26 workers of 33 for full compaction
[120.440s][info][gc,phases,start] GC(156) Phase 1: Mark live objects
[120.445s][info][gc,phases      ] GC(156) Phase 1: Mark live objects 5.815ms
[120.446s][info][gc,phases,start] GC(156) Phase 2: Prepare compaction
[120.452s][info][gc,phases      ] GC(156) Phase 2: Prepare compaction 6.308ms
[120.452s][info][gc,phases,start] GC(156) Phase 3: Adjust pointers
[120.456s][info][gc,phases      ] GC(156) Phase 3: Adjust pointers 3.944ms
[120.456s][info][gc,phases,start] GC(156) Phase 4: Compact heap
[120.456s][info][gc,phases      ] GC(156) Phase 4: Compact heap 0.527ms
[120.466s][info][gc,heap        ] GC(156) Eden regions: 193->0(36)
[120.466s][info][gc,heap        ] GC(156) Survivor regions: 1->0(41)
[120.466s][info][gc,heap        ] GC(156) Old regions: 18->18
[120.466s][info][gc,heap        ] GC(156) Archive regions: 0->0
[120.466s][info][gc,heap        ] GC(156) Humongous regions: 0->0
[120.466s][info][gc,metaspace   ] GC(156) Metaspace: 9906K(10240K)->9906K(10240K) NonClass: 8603K(8832K)->8603K(8832K) Class: 1302K(1408K)->1302K(1408K)
[120.466s][info][gc             ] GC(156) Pause Full (System.gc()) 391M->3M(120M) 28.120ms
[120.467s][info][gc,cpu         ] GC(156) User=0.41s Sys=0.27s Real=0.03s
[120.779s][info][gc,start       ] GC(157) Pause Young (Normal) (G1 Evacuation Pause)
[120.779s][info][gc,task        ] GC(157) Using 14 workers of 33 for evacuation
[120.780s][info][gc,phases      ] GC(157)   Pre Evacuate Collection Set: 0.1ms
[120.780s][info][gc,phases      ] GC(157)   Merge Heap Roots: 0.1ms
[120.781s][info][gc,phases      ] GC(157)   Evacuate Collection Set: 0.9ms
[120.781s][info][gc,phases      ] GC(157)   Post Evacuate Collection Set: 0.3ms
[120.781s][info][gc,phases      ] GC(157)   Other: 0.1ms
[120.781s][info][gc,heap        ] GC(157) Eden regions: 36->0(35)
[120.781s][info][gc,heap        ] GC(157) Survivor regions: 0->1(5)
[120.781s][info][gc,heap        ] GC(157) Old regions: 18->18
[120.781s][info][gc,heap        ] GC(157) Archive regions: 0->0
[120.781s][info][gc,heap        ] GC(157) Humongous regions: 0->0
[120.781s][info][gc,metaspace   ] GC(157) Metaspace: 9906K(10240K)->9906K(10240K) NonClass: 8603K(8832K)->8603K(8832K) Class: 1302K(1408K)->1302K(1408K)
[120.781s][info][gc             ] GC(157) Pause Young (Normal) (G1 Evacuation Pause) 75M->5M(120M) 1.721ms
[120.781s][info][gc,cpu         ] GC(157) User=0.22s Sys=0.00s Real=0.02s
[121.082s][info][gc,start       ] GC(158) Pause Young (Normal) (G1 Evacuation Pause)
[121.082s][info][gc,task        ] GC(158) Using 8 workers of 33 for evacuation
[121.084s][info][gc,phases      ] GC(158)   Pre Evacuate Collection Set: 0.1ms
[121.084s][info][gc,phases      ] GC(158)   Merge Heap Roots: 0.1ms
[121.084s][info][gc,phases      ] GC(158)   Evacuate Collection Set: 1.1ms
[121.084s][info][gc,phases      ] GC(158)   Post Evacuate Collection Set: 0.3ms
[121.084s][info][gc,phases      ] GC(158)   Other: 0.1ms
[121.084s][info][gc,heap        ] GC(158) Eden regions: 35->0(35)
[121.084s][info][gc,heap        ] GC(158) Survivor regions: 1->1(5)
[121.084s][info][gc,heap        ] GC(158) Old regions: 18->18
[121.084s][info][gc,heap        ] GC(158) Archive regions: 0->0
[121.084s][info][gc,heap        ] GC(158) Humongous regions: 0->0
[121.084s][info][gc,metaspace   ] GC(158) Metaspace: 9906K(10240K)->9906K(10240K) NonClass: 8603K(8832K)->8603K(8832K) Class: 1302K(1408K)->1302K(1408K)
[121.084s][info][gc             ] GC(158) Pause Young (Normal) (G1 Evacuation Pause) 75M->5M(120M) 2.309ms
[121.084s][info][gc,cpu         ] GC(158) User=0.00s Sys=0.00s Real=0.00s
[121.399s][info][gc,start       ] GC(159) Pause Young (Normal) (G1 Evacuation Pause)
[121.399s][info][gc,task        ] GC(159) Using 5 workers of 33 for evacuation
[121.401s][info][gc,phases      ] GC(159)   Pre Evacuate Collection Set: 0.1ms
[121.401s][info][gc,phases      ] GC(159)   Merge Heap Roots: 0.1ms
[121.401s][info][gc,phases      ] GC(159)   Evacuate Collection Set: 1.5ms
[121.401s][info][gc,phases      ] GC(159)   Post Evacuate Collection Set: 0.3ms
[121.401s][info][gc,phases      ] GC(159)   Other: 0.1ms
[121.401s][info][gc,heap        ] GC(159) Eden regions: 35->0(35)
[121.401s][info][gc,heap        ] GC(159) Survivor regions: 1->1(5)
[121.401s][info][gc,heap        ] GC(159) Old regions: 18->18
[121.401s][info][gc,heap        ] GC(159) Archive regions: 0->0
[121.401s][info][gc,heap        ] GC(159) Humongous regions: 0->0
[121.401s][info][gc,metaspace   ] GC(159) Metaspace: 9906K(10240K)->9906K(10240K) NonClass: 8603K(8832K)->8603K(8832K) Class: 1302K(1408K)->1302K(1408K)
[121.401s][info][gc             ] GC(159) Pause Young (Normal) (G1 Evacuation Pause) 75M->5M(120M) 2.624ms
[121.402s][info][gc,cpu         ] GC(159) User=0.00s Sys=0.00s Real=0.00s
[121.705s][info][gc,start       ] GC(160) Pause Young (Normal) (G1 Evacuation Pause)
[121.706s][info][gc,task        ] GC(160) Using 3 workers of 33 for evacuation
[121.709s][info][gc,phases      ] GC(160)   Pre Evacuate Collection Set: 0.1ms
[121.709s][info][gc,phases      ] GC(160)   Merge Heap Roots: 0.1ms
[121.709s][info][gc,phases      ] GC(160)   Evacuate Collection Set: 2.4ms
[121.709s][info][gc,phases      ] GC(160)   Post Evacuate Collection Set: 0.3ms
[121.709s][info][gc,phases      ] GC(160)   Other: 0.1ms
[121.709s][info][gc,heap        ] GC(160) Eden regions: 35->0(35)
[121.709s][info][gc,heap        ] GC(160) Survivor regions: 1->1(5)
[121.709s][info][gc,heap        ] GC(160) Old regions: 18->18
[121.709s][info][gc,heap        ] GC(160) Archive regions: 0->0
[121.709s][info][gc,heap        ] GC(160) Humongous regions: 0->0
[121.709s][info][gc,metaspace   ] GC(160) Metaspace: 9906K(10240K)->9906K(10240K) NonClass: 8603K(8832K)->8603K(8832K) Class: 1302K(1408K)->1302K(1408K)
[121.709s][info][gc             ] GC(160) Pause Young (Normal) (G1 Evacuation Pause) 75M->5M(120M) 3.601ms
[121.709s][info][gc,cpu         ] GC(160) User=0.03s Sys=0.00s Real=0.02s
[122.025s][info][gc,start       ] GC(161) Pause Young (Normal) (G1 Evacuation Pause)
[122.025s][info][gc,task        ] GC(161) Using 2 workers of 33 for evacuation
[122.029s][info][gc,phases      ] GC(161)   Pre Evacuate Collection Set: 0.1ms
[122.029s][info][gc,phases      ] GC(161)   Merge Heap Roots: 0.1ms
[122.029s][info][gc,phases      ] GC(161)   Evacuate Collection Set: 3.5ms
[122.029s][info][gc,phases      ] GC(161)   Post Evacuate Collection Set: 0.3ms
[122.029s][info][gc,phases      ] GC(161)   Other: 0.1ms
[122.029s][info][gc,heap        ] GC(161) Eden regions: 35->0(35)
[122.029s][info][gc,heap        ] GC(161) Survivor regions: 1->1(5)
[122.029s][info][gc,heap        ] GC(161) Old regions: 18->18
[122.029s][info][gc,heap        ] GC(161) Archive regions: 0->0
[122.029s][info][gc,heap        ] GC(161) Humongous regions: 0->0
[122.030s][info][gc,metaspace   ] GC(161) Metaspace: 9906K(10240K)->9906K(10240K) NonClass: 8603K(8832K)->8603K(8832K) Class: 1302K(1408K)->1302K(1408K)
[122.030s][info][gc             ] GC(161) Pause Young (Normal) (G1 Evacuation Pause) 75M->5M(120M) 4.660ms
[122.030s][info][gc,cpu         ] GC(161) User=0.03s Sys=0.00s Real=0.01s
[122.352s][info][gc,start       ] GC(162) Pause Young (Normal) (G1 Evacuation Pause)
[122.352s][info][gc,task        ] GC(162) Using 2 workers of 33 for evacuation
[122.356s][info][gc,phases      ] GC(162)   Pre Evacuate Collection Set: 0.1ms
[122.356s][info][gc,phases      ] GC(162)   Merge Heap Roots: 0.1ms
[122.356s][info][gc,phases      ] GC(162)   Evacuate Collection Set: 3.3ms
[122.356s][info][gc,phases      ] GC(162)   Post Evacuate Collection Set: 0.3ms
[122.356s][info][gc,phases      ] GC(162)   Other: 0.1ms
[122.356s][info][gc,heap        ] GC(162) Eden regions: 35->0(35)
[122.356s][info][gc,heap        ] GC(162) Survivor regions: 1->1(5)
[122.356s][info][gc,heap        ] GC(162) Old regions: 18->18
[122.356s][info][gc,heap        ] GC(162) Archive regions: 0->0
[122.356s][info][gc,heap        ] GC(162) Humongous regions: 0->0
[122.356s][info][gc,metaspace   ] GC(162) Metaspace: 9906K(10240K)->9906K(10240K) NonClass: 8603K(8832K)->8603K(8832K) Class: 1302K(1408K)->1302K(1408K)
[122.356s][info][gc             ] GC(162) Pause Young (Normal) (G1 Evacuation Pause) 75M->5M(120M) 4.449ms
[122.356s][info][gc,cpu         ] GC(162) User=0.00s Sys=0.00s Real=0.00s
[122.666s][info][gc,start       ] GC(163) Pause Young (Normal) (G1 Evacuation Pause)
[122.666s][info][gc,task        ] GC(163) Using 2 workers of 33 for evacuation
[122.670s][info][gc,phases      ] GC(163)   Pre Evacuate Collection Set: 0.1ms
[122.670s][info][gc,phases      ] GC(163)   Merge Heap Roots: 0.1ms
[122.670s][info][gc,phases      ] GC(163)   Evacuate Collection Set: 3.5ms
[122.670s][info][gc,phases      ] GC(163)   Post Evacuate Collection Set: 0.3ms
[122.670s][info][gc,phases      ] GC(163)   Other: 0.1ms
[122.670s][info][gc,heap        ] GC(163) Eden regions: 35->0(35)
[122.670s][info][gc,heap        ] GC(163) Survivor regions: 1->1(5)
[122.670s][info][gc,heap        ] GC(163) Old regions: 18->18
[122.670s][info][gc,heap        ] GC(163) Archive regions: 0->0
[122.670s][info][gc,heap        ] GC(163) Humongous regions: 0->0
[122.670s][info][gc,metaspace   ] GC(163) Metaspace: 9906K(10240K)->9906K(10240K) NonClass: 8603K(8832K)->8603K(8832K) Class: 1302K(1408K)->1302K(1408K)
[122.670s][info][gc             ] GC(163) Pause Young (Normal) (G1 Evacuation Pause) 75M->5M(120M) 4.621ms
[122.670s][info][gc,cpu         ] GC(163) User=0.00s Sys=0.00s Real=0.00s
[122.985s][info][gc,start       ] GC(164) Pause Young (Normal) (G1 Evacuation Pause)
[122.985s][info][gc,task        ] GC(164) Using 2 workers of 33 for evacuation
[122.997s][info][gc,phases      ] GC(164)   Pre Evacuate Collection Set: 0.1ms
[122.997s][info][gc,phases      ] GC(164)   Merge Heap Roots: 0.1ms
[122.997s][info][gc,phases      ] GC(164)   Evacuate Collection Set: 3.6ms
[122.997s][info][gc,phases      ] GC(164)   Post Evacuate Collection Set: 8.2ms
[122.997s][info][gc,phases      ] GC(164)   Other: 0.1ms
[122.997s][info][gc,heap        ] GC(164) Eden regions: 35->0(324)
[122.997s][info][gc,heap        ] GC(164) Survivor regions: 1->1(5)
[122.997s][info][gc,heap        ] GC(164) Old regions: 18->18
[122.997s][info][gc,heap        ] GC(164) Archive regions: 0->0
[122.997s][info][gc,heap        ] GC(164) Humongous regions: 0->0
[122.997s][info][gc,metaspace   ] GC(164) Metaspace: 9906K(10240K)->9906K(10240K) NonClass: 8603K(8832K)->8603K(8832K) Class: 1302K(1408K)->1302K(1408K)
[122.997s][info][gc             ] GC(164) Pause Young (Normal) (G1 Evacuation Pause) 75M->5M(1084M) 12.732ms
[122.998s][info][gc,cpu         ] GC(164) User=0.02s Sys=0.00s Real=0.01s
[126.081s][info][gc,start       ] GC(165) Pause Young (Normal) (G1 Evacuation Pause)
[126.081s][info][gc,task        ] GC(165) Using 26 workers of 33 for evacuation
[126.084s][info][gc,phases      ] GC(165)   Pre Evacuate Collection Set: 0.2ms
[126.084s][info][gc,phases      ] GC(165)   Merge Heap Roots: 0.2ms
[126.084s][info][gc,phases      ] GC(165)   Evacuate Collection Set: 1.7ms
[126.084s][info][gc,phases      ] GC(165)   Post Evacuate Collection Set: 0.7ms
[126.084s][info][gc,phases      ] GC(165)   Other: 0.2ms
[126.084s][info][gc,heap        ] GC(165) Eden regions: 324->0(324)
[126.084s][info][gc,heap        ] GC(165) Survivor regions: 1->1(41)
[126.084s][info][gc,heap        ] GC(165) Old regions: 18->18
[126.084s][info][gc,heap        ] GC(165) Archive regions: 0->0
[126.084s][info][gc,heap        ] GC(165) Humongous regions: 0->0
[126.084s][info][gc,metaspace   ] GC(165) Metaspace: 9906K(10240K)->9906K(10240K) NonClass: 8603K(8832K)->8603K(8832K) Class: 1302K(1408K)->1302K(1408K)
[126.084s][info][gc             ] GC(165) Pause Young (Normal) (G1 Evacuation Pause) 653M->5M(1084M) 3.506ms
[126.084s][info][gc,cpu         ] GC(165) User=0.00s Sys=0.00s Real=0.00s
[127.889s][info][gc,start       ] GC(166) Pause Full (System.gc())
[127.889s][info][gc,task        ] GC(166) Using 26 workers of 33 for full compaction
[127.890s][info][gc,phases,start] GC(166) Phase 1: Mark live objects
[127.897s][info][gc,phases      ] GC(166) Phase 1: Mark live objects 6.214ms
[127.897s][info][gc,phases,start] GC(166) Phase 2: Prepare compaction
[127.903s][info][gc,phases      ] GC(166) Phase 2: Prepare compaction 6.509ms
[127.903s][info][gc,phases,start] GC(166) Phase 3: Adjust pointers
[127.907s][info][gc,phases      ] GC(166) Phase 3: Adjust pointers 4.124ms
[127.907s][info][gc,phases,start] GC(166) Phase 4: Compact heap
[127.908s][info][gc,phases      ] GC(166) Phase 4: Compact heap 0.579ms
[127.918s][info][gc,heap        ] GC(166) Eden regions: 199->0(36)
[127.918s][info][gc,heap        ] GC(166) Survivor regions: 1->0(41)
[127.918s][info][gc,heap        ] GC(166) Old regions: 18->18
[127.918s][info][gc,heap        ] GC(166) Archive regions: 0->0
[127.918s][info][gc,heap        ] GC(166) Humongous regions: 0->0
[127.918s][info][gc,metaspace   ] GC(166) Metaspace: 9906K(10240K)->9906K(10240K) NonClass: 8603K(8832K)->8603K(8832K) Class: 1302K(1408K)->1302K(1408K)
[127.918s][info][gc             ] GC(166) Pause Full (System.gc()) 402M->3M(120M) 28.881ms
[127.918s][info][gc,cpu         ] GC(166) User=0.42s Sys=0.25s Real=0.03s
[128.222s][info][gc,start       ] GC(167) Pause Young (Normal) (G1 Evacuation Pause)
[128.222s][info][gc,task        ] GC(167) Using 14 workers of 33 for evacuation
[128.224s][info][gc,phases      ] GC(167)   Pre Evacuate Collection Set: 0.1ms
[128.224s][info][gc,phases      ] GC(167)   Merge Heap Roots: 0.1ms
[128.224s][info][gc,phases      ] GC(167)   Evacuate Collection Set: 0.7ms
[128.224s][info][gc,phases      ] GC(167)   Post Evacuate Collection Set: 0.3ms
[128.224s][info][gc,phases      ] GC(167)   Other: 0.1ms
[128.224s][info][gc,heap        ] GC(167) Eden regions: 36->0(35)
[128.224s][info][gc,heap        ] GC(167) Survivor regions: 0->1(5)
[128.224s][info][gc,heap        ] GC(167) Old regions: 18->18
[128.224s][info][gc,heap        ] GC(167) Archive regions: 0->0
[128.224s][info][gc,heap        ] GC(167) Humongous regions: 0->0
[128.224s][info][gc,metaspace   ] GC(167) Metaspace: 9906K(10240K)->9906K(10240K) NonClass: 8603K(8832K)->8603K(8832K) Class: 1302K(1408K)->1302K(1408K)
[128.224s][info][gc             ] GC(167) Pause Young (Normal) (G1 Evacuation Pause) 75M->5M(120M) 1.903ms
[128.224s][info][gc,cpu         ] GC(167) User=0.22s Sys=0.00s Real=0.02s
[128.519s][info][gc,start       ] GC(168) Pause Young (Normal) (G1 Evacuation Pause)
[128.519s][info][gc,task        ] GC(168) Using 8 workers of 33 for evacuation
[128.521s][info][gc,phases      ] GC(168)   Pre Evacuate Collection Set: 0.1ms
[128.521s][info][gc,phases      ] GC(168)   Merge Heap Roots: 0.1ms
[128.521s][info][gc,phases      ] GC(168)   Evacuate Collection Set: 1.1ms
[128.521s][info][gc,phases      ] GC(168)   Post Evacuate Collection Set: 0.3ms
[128.521s][info][gc,phases      ] GC(168)   Other: 0.1ms
[128.521s][info][gc,heap        ] GC(168) Eden regions: 35->0(35)
[128.521s][info][gc,heap        ] GC(168) Survivor regions: 1->1(5)
[128.521s][info][gc,heap        ] GC(168) Old regions: 18->18
[128.521s][info][gc,heap        ] GC(168) Archive regions: 0->0
[128.521s][info][gc,heap        ] GC(168) Humongous regions: 0->0
[128.521s][info][gc,metaspace   ] GC(168) Metaspace: 9906K(10240K)->9906K(10240K) NonClass: 8603K(8832K)->8603K(8832K) Class: 1302K(1408K)->1302K(1408K)
[128.521s][info][gc             ] GC(168) Pause Young (Normal) (G1 Evacuation Pause) 75M->5M(120M) 2.310ms
[128.521s][info][gc,cpu         ] GC(168) User=0.00s Sys=0.00s Real=0.00s
[128.830s][info][gc,start       ] GC(169) Pause Young (Normal) (G1 Evacuation Pause)
[128.830s][info][gc,task        ] GC(169) Using 5 workers of 33 for evacuation
[128.832s][info][gc,phases      ] GC(169)   Pre Evacuate Collection Set: 0.1ms
[128.832s][info][gc,phases      ] GC(169)   Merge Heap Roots: 0.1ms
[128.832s][info][gc,phases      ] GC(169)   Evacuate Collection Set: 1.6ms
[128.832s][info][gc,phases      ] GC(169)   Post Evacuate Collection Set: 0.3ms
[128.832s][info][gc,phases      ] GC(169)   Other: 0.1ms
[128.832s][info][gc,heap        ] GC(169) Eden regions: 35->0(35)
[128.832s][info][gc,heap        ] GC(169) Survivor regions: 1->1(5)
[128.832s][info][gc,heap        ] GC(169) Old regions: 18->18
[128.832s][info][gc,heap        ] GC(169) Archive regions: 0->0
[128.832s][info][gc,heap        ] GC(169) Humongous regions: 0->0
[128.832s][info][gc,metaspace   ] GC(169) Metaspace: 9906K(10240K)->9906K(10240K) NonClass: 8603K(8832K)->8603K(8832K) Class: 1302K(1408K)->1302K(1408K)
[128.832s][info][gc             ] GC(169) Pause Young (Normal) (G1 Evacuation Pause) 75M->5M(120M) 2.714ms
[128.832s][info][gc,cpu         ] GC(169) User=0.00s Sys=0.00s Real=0.00s
[129.148s][info][gc,start       ] GC(170) Pause Young (Normal) (G1 Evacuation Pause)
[129.148s][info][gc,task        ] GC(170) Using 3 workers of 33 for evacuation
[129.151s][info][gc,phases      ] GC(170)   Pre Evacuate Collection Set: 0.1ms
[129.151s][info][gc,phases      ] GC(170)   Merge Heap Roots: 0.1ms
[129.151s][info][gc,phases      ] GC(170)   Evacuate Collection Set: 2.4ms
[129.152s][info][gc,phases      ] GC(170)   Post Evacuate Collection Set: 0.3ms
[129.152s][info][gc,phases      ] GC(170)   Other: 0.1ms
[129.152s][info][gc,heap        ] GC(170) Eden regions: 35->0(35)
[129.152s][info][gc,heap        ] GC(170) Survivor regions: 1->1(5)
[129.152s][info][gc,heap        ] GC(170) Old regions: 18->18
[129.152s][info][gc,heap        ] GC(170) Archive regions: 0->0
[129.152s][info][gc,heap        ] GC(170) Humongous regions: 0->0
[129.152s][info][gc,metaspace   ] GC(170) Metaspace: 9906K(10240K)->9906K(10240K) NonClass: 8603K(8832K)->8603K(8832K) Class: 1302K(1408K)->1302K(1408K)
[129.152s][info][gc             ] GC(170) Pause Young (Normal) (G1 Evacuation Pause) 75M->5M(120M) 3.599ms
[129.152s][info][gc,cpu         ] GC(170) User=0.00s Sys=0.00s Real=0.00s
[129.468s][info][gc,start       ] GC(171) Pause Young (Normal) (G1 Evacuation Pause)
[129.468s][info][gc,task        ] GC(171) Using 2 workers of 33 for evacuation
[129.472s][info][gc,phases      ] GC(171)   Pre Evacuate Collection Set: 0.1ms
[129.472s][info][gc,phases      ] GC(171)   Merge Heap Roots: 0.1ms
[129.472s][info][gc,phases      ] GC(171)   Evacuate Collection Set: 3.6ms
[129.472s][info][gc,phases      ] GC(171)   Post Evacuate Collection Set: 0.3ms
[129.472s][info][gc,phases      ] GC(171)   Other: 0.1ms
[129.472s][info][gc,heap        ] GC(171) Eden regions: 35->0(35)
[129.472s][info][gc,heap        ] GC(171) Survivor regions: 1->1(5)
[129.473s][info][gc,heap        ] GC(171) Old regions: 18->18
[129.473s][info][gc,heap        ] GC(171) Archive regions: 0->0
[129.473s][info][gc,heap        ] GC(171) Humongous regions: 0->0
[129.473s][info][gc,metaspace   ] GC(171) Metaspace: 9906K(10240K)->9906K(10240K) NonClass: 8603K(8832K)->8603K(8832K) Class: 1302K(1408K)->1302K(1408K)
[129.473s][info][gc             ] GC(171) Pause Young (Normal) (G1 Evacuation Pause) 75M->5M(120M) 4.813ms
[129.473s][info][gc,cpu         ] GC(171) User=0.03s Sys=0.00s Real=0.02s
[129.780s][info][gc,start       ] GC(172) Pause Young (Normal) (G1 Evacuation Pause)
[129.781s][info][gc,task        ] GC(172) Using 2 workers of 33 for evacuation
[129.785s][info][gc,phases      ] GC(172)   Pre Evacuate Collection Set: 0.1ms
[129.785s][info][gc,phases      ] GC(172)   Merge Heap Roots: 0.1ms
[129.785s][info][gc,phases      ] GC(172)   Evacuate Collection Set: 3.3ms
[129.785s][info][gc,phases      ] GC(172)   Post Evacuate Collection Set: 0.3ms
[129.785s][info][gc,phases      ] GC(172)   Other: 0.1ms
[129.785s][info][gc,heap        ] GC(172) Eden regions: 35->0(35)
[129.785s][info][gc,heap        ] GC(172) Survivor regions: 1->1(5)
[129.785s][info][gc,heap        ] GC(172) Old regions: 18->18
[129.785s][info][gc,heap        ] GC(172) Archive regions: 0->0
[129.785s][info][gc,heap        ] GC(172) Humongous regions: 0->0
[129.785s][info][gc,metaspace   ] GC(172) Metaspace: 9906K(10240K)->9906K(10240K) NonClass: 8603K(8832K)->8603K(8832K) Class: 1302K(1408K)->1302K(1408K)
[129.785s][info][gc             ] GC(172) Pause Young (Normal) (G1 Evacuation Pause) 75M->5M(120M) 4.460ms
[129.785s][info][gc,cpu         ] GC(172) User=0.00s Sys=0.00s Real=0.00s
[130.099s][info][gc,start       ] GC(173) Pause Young (Normal) (G1 Evacuation Pause)
[130.099s][info][gc,task        ] GC(173) Using 2 workers of 33 for evacuation
[130.103s][info][gc,phases      ] GC(173)   Pre Evacuate Collection Set: 0.1ms
[130.103s][info][gc,phases      ] GC(173)   Merge Heap Roots: 0.1ms
[130.103s][info][gc,phases      ] GC(173)   Evacuate Collection Set: 3.6ms
[130.103s][info][gc,phases      ] GC(173)   Post Evacuate Collection Set: 0.3ms
[130.103s][info][gc,phases      ] GC(173)   Other: 0.1ms
[130.103s][info][gc,heap        ] GC(173) Eden regions: 35->0(35)
[130.104s][info][gc,heap        ] GC(173) Survivor regions: 1->1(5)
[130.104s][info][gc,heap        ] GC(173) Old regions: 18->18
[130.104s][info][gc,heap        ] GC(173) Archive regions: 0->0
[130.104s][info][gc,heap        ] GC(173) Humongous regions: 0->0
[130.104s][info][gc,metaspace   ] GC(173) Metaspace: 9906K(10240K)->9906K(10240K) NonClass: 8603K(8832K)->8603K(8832K) Class: 1302K(1408K)->1302K(1408K)
[130.104s][info][gc             ] GC(173) Pause Young (Normal) (G1 Evacuation Pause) 75M->5M(120M) 4.744ms
[130.104s][info][gc,cpu         ] GC(173) User=0.03s Sys=0.00s Real=0.02s
[130.411s][info][gc,start       ] GC(174) Pause Young (Normal) (G1 Evacuation Pause)
[130.411s][info][gc,task        ] GC(174) Using 2 workers of 33 for evacuation
[130.423s][info][gc,phases      ] GC(174)   Pre Evacuate Collection Set: 0.1ms
[130.423s][info][gc,phases      ] GC(174)   Merge Heap Roots: 0.1ms
[130.423s][info][gc,phases      ] GC(174)   Evacuate Collection Set: 3.4ms
[130.423s][info][gc,phases      ] GC(174)   Post Evacuate Collection Set: 8.2ms
[130.423s][info][gc,phases      ] GC(174)   Other: 0.1ms
[130.423s][info][gc,heap        ] GC(174) Eden regions: 35->0(324)
[130.423s][info][gc,heap        ] GC(174) Survivor regions: 1->1(5)
[130.423s][info][gc,heap        ] GC(174) Old regions: 18->18
[130.424s][info][gc,heap        ] GC(174) Archive regions: 0->0
[130.424s][info][gc,heap        ] GC(174) Humongous regions: 0->0
[130.424s][info][gc,metaspace   ] GC(174) Metaspace: 9906K(10240K)->9906K(10240K) NonClass: 8603K(8832K)->8603K(8832K) Class: 1302K(1408K)->1302K(1408K)
[130.424s][info][gc             ] GC(174) Pause Young (Normal) (G1 Evacuation Pause) 75M->5M(1084M) 12.590ms
[130.424s][info][gc,cpu         ] GC(174) User=0.00s Sys=0.02s Real=0.02s
[133.566s][info][gc,start       ] GC(175) Pause Young (Normal) (G1 Evacuation Pause)
[133.566s][info][gc,task        ] GC(175) Using 26 workers of 33 for evacuation
[133.569s][info][gc,phases      ] GC(175)   Pre Evacuate Collection Set: 0.2ms
[133.569s][info][gc,phases      ] GC(175)   Merge Heap Roots: 0.3ms
[133.569s][info][gc,phases      ] GC(175)   Evacuate Collection Set: 1.8ms
[133.569s][info][gc,phases      ] GC(175)   Post Evacuate Collection Set: 0.7ms
[133.569s][info][gc,phases      ] GC(175)   Other: 0.2ms
[133.569s][info][gc,heap        ] GC(175) Eden regions: 324->0(324)
[133.569s][info][gc,heap        ] GC(175) Survivor regions: 1->1(41)
[133.569s][info][gc,heap        ] GC(175) Old regions: 18->18
[133.569s][info][gc,heap        ] GC(175) Archive regions: 0->0
[133.569s][info][gc,heap        ] GC(175) Humongous regions: 0->0
[133.569s][info][gc,metaspace   ] GC(175) Metaspace: 9906K(10240K)->9906K(10240K) NonClass: 8603K(8832K)->8603K(8832K) Class: 1302K(1408K)->1302K(1408K)
[133.569s][info][gc             ] GC(175) Pause Young (Normal) (G1 Evacuation Pause) 653M->5M(1084M) 3.691ms
[133.569s][info][gc,cpu         ] GC(175) User=0.00s Sys=0.00s Real=0.00s
[135.357s][info][gc,start       ] GC(176) Pause Full (System.gc())
[135.357s][info][gc,task        ] GC(176) Using 26 workers of 33 for full compaction
[135.358s][info][gc,phases,start] GC(176) Phase 1: Mark live objects
[135.365s][info][gc,phases      ] GC(176) Phase 1: Mark live objects 6.779ms
[135.365s][info][gc,phases,start] GC(176) Phase 2: Prepare compaction
[135.371s][info][gc,phases      ] GC(176) Phase 2: Prepare compaction 6.221ms
[135.371s][info][gc,phases,start] GC(176) Phase 3: Adjust pointers
[135.375s][info][gc,phases      ] GC(176) Phase 3: Adjust pointers 3.738ms
[135.375s][info][gc,phases,start] GC(176) Phase 4: Compact heap
[135.376s][info][gc,phases      ] GC(176) Phase 4: Compact heap 0.706ms
[135.386s][info][gc,heap        ] GC(176) Eden regions: 196->0(36)
[135.386s][info][gc,heap        ] GC(176) Survivor regions: 1->0(41)
[135.386s][info][gc,heap        ] GC(176) Old regions: 18->18
[135.386s][info][gc,heap        ] GC(176) Archive regions: 0->0
[135.386s][info][gc,heap        ] GC(176) Humongous regions: 0->0
[135.386s][info][gc,metaspace   ] GC(176) Metaspace: 9907K(10240K)->9907K(10240K) NonClass: 8605K(8832K)->8605K(8832K) Class: 1302K(1408K)->1302K(1408K)
[135.386s][info][gc             ] GC(176) Pause Full (System.gc()) 395M->3M(120M) 29.237ms
[135.386s][info][gc,cpu         ] GC(176) User=0.02s Sys=0.41s Real=0.03s
[135.686s][info][gc,start       ] GC(177) Pause Young (Normal) (G1 Evacuation Pause)
[135.686s][info][gc,task        ] GC(177) Using 14 workers of 33 for evacuation
[135.687s][info][gc,phases      ] GC(177)   Pre Evacuate Collection Set: 0.1ms
[135.688s][info][gc,phases      ] GC(177)   Merge Heap Roots: 0.1ms
[135.688s][info][gc,phases      ] GC(177)   Evacuate Collection Set: 0.7ms
[135.688s][info][gc,phases      ] GC(177)   Post Evacuate Collection Set: 0.3ms
[135.688s][info][gc,phases      ] GC(177)   Other: 0.1ms
[135.688s][info][gc,heap        ] GC(177) Eden regions: 36->0(35)
[135.688s][info][gc,heap        ] GC(177) Survivor regions: 0->1(5)
[135.688s][info][gc,heap        ] GC(177) Old regions: 18->18
[135.688s][info][gc,heap        ] GC(177) Archive regions: 0->0
[135.688s][info][gc,heap        ] GC(177) Humongous regions: 0->0
[135.688s][info][gc,metaspace   ] GC(177) Metaspace: 9907K(10240K)->9907K(10240K) NonClass: 8605K(8832K)->8605K(8832K) Class: 1302K(1408K)->1302K(1408K)
[135.688s][info][gc             ] GC(177) Pause Young (Normal) (G1 Evacuation Pause) 75M->5M(120M) 1.947ms
[135.688s][info][gc,cpu         ] GC(177) User=0.22s Sys=0.00s Real=0.01s
[135.987s][info][gc,start       ] GC(178) Pause Young (Normal) (G1 Evacuation Pause)
[135.988s][info][gc,task        ] GC(178) Using 8 workers of 33 for evacuation
[135.989s][info][gc,phases      ] GC(178)   Pre Evacuate Collection Set: 0.1ms
[135.989s][info][gc,phases      ] GC(178)   Merge Heap Roots: 0.1ms
[135.989s][info][gc,phases      ] GC(178)   Evacuate Collection Set: 1.1ms
[135.989s][info][gc,phases      ] GC(178)   Post Evacuate Collection Set: 0.3ms
[135.990s][info][gc,phases      ] GC(178)   Other: 0.1ms
[135.990s][info][gc,heap        ] GC(178) Eden regions: 35->0(35)
[135.990s][info][gc,heap        ] GC(178) Survivor regions: 1->1(5)
[135.990s][info][gc,heap        ] GC(178) Old regions: 18->18
[135.990s][info][gc,heap        ] GC(178) Archive regions: 0->0
[135.990s][info][gc,heap        ] GC(178) Humongous regions: 0->0
[135.990s][info][gc,metaspace   ] GC(178) Metaspace: 9907K(10240K)->9907K(10240K) NonClass: 8605K(8832K)->8605K(8832K) Class: 1302K(1408K)->1302K(1408K)
[135.990s][info][gc             ] GC(178) Pause Young (Normal) (G1 Evacuation Pause) 75M->5M(120M) 2.313ms
[135.990s][info][gc,cpu         ] GC(178) User=0.00s Sys=0.00s Real=0.00s
[136.308s][info][gc,start       ] GC(179) Pause Young (Normal) (G1 Evacuation Pause)
[136.308s][info][gc,task        ] GC(179) Using 5 workers of 33 for evacuation
[136.310s][info][gc,phases      ] GC(179)   Pre Evacuate Collection Set: 0.1ms
[136.310s][info][gc,phases      ] GC(179)   Merge Heap Roots: 0.1ms
[136.310s][info][gc,phases      ] GC(179)   Evacuate Collection Set: 1.5ms
[136.310s][info][gc,phases      ] GC(179)   Post Evacuate Collection Set: 0.3ms
[136.310s][info][gc,phases      ] GC(179)   Other: 0.1ms
[136.310s][info][gc,heap        ] GC(179) Eden regions: 35->0(35)
[136.310s][info][gc,heap        ] GC(179) Survivor regions: 1->1(5)
[136.310s][info][gc,heap        ] GC(179) Old regions: 18->18
[136.310s][info][gc,heap        ] GC(179) Archive regions: 0->0
[136.310s][info][gc,heap        ] GC(179) Humongous regions: 0->0
[136.310s][info][gc,metaspace   ] GC(179) Metaspace: 9907K(10240K)->9907K(10240K) NonClass: 8605K(8832K)->8605K(8832K) Class: 1302K(1408K)->1302K(1408K)
[136.310s][info][gc             ] GC(179) Pause Young (Normal) (G1 Evacuation Pause) 75M->5M(120M) 2.641ms
[136.310s][info][gc,cpu         ] GC(179) User=0.00s Sys=0.00s Real=0.00s
[136.638s][info][gc,start       ] GC(180) Pause Young (Normal) (G1 Evacuation Pause)
[136.638s][info][gc,task        ] GC(180) Using 3 workers of 33 for evacuation
[136.641s][info][gc,phases      ] GC(180)   Pre Evacuate Collection Set: 0.1ms
[136.641s][info][gc,phases      ] GC(180)   Merge Heap Roots: 0.1ms
[136.641s][info][gc,phases      ] GC(180)   Evacuate Collection Set: 2.5ms
[136.641s][info][gc,phases      ] GC(180)   Post Evacuate Collection Set: 0.3ms
[136.641s][info][gc,phases      ] GC(180)   Other: 0.1ms
[136.641s][info][gc,heap        ] GC(180) Eden regions: 35->0(35)
[136.641s][info][gc,heap        ] GC(180) Survivor regions: 1->1(5)
[136.641s][info][gc,heap        ] GC(180) Old regions: 18->18
[136.641s][info][gc,heap        ] GC(180) Archive regions: 0->0
[136.641s][info][gc,heap        ] GC(180) Humongous regions: 0->0
[136.641s][info][gc,metaspace   ] GC(180) Metaspace: 9907K(10240K)->9907K(10240K) NonClass: 8605K(8832K)->8605K(8832K) Class: 1302K(1408K)->1302K(1408K)
[136.641s][info][gc             ] GC(180) Pause Young (Normal) (G1 Evacuation Pause) 75M->5M(120M) 3.663ms
[136.641s][info][gc,cpu         ] GC(180) User=0.00s Sys=0.00s Real=0.00s
[136.954s][info][gc,start       ] GC(181) Pause Young (Normal) (G1 Evacuation Pause)
[136.958s][info][gc,task        ] GC(181) Using 2 workers of 33 for evacuation
[136.962s][info][gc,phases      ] GC(181)   Pre Evacuate Collection Set: 0.1ms
[136.962s][info][gc,phases      ] GC(181)   Merge Heap Roots: 0.1ms
[136.962s][info][gc,phases      ] GC(181)   Evacuate Collection Set: 3.4ms
[136.962s][info][gc,phases      ] GC(181)   Post Evacuate Collection Set: 0.3ms
[136.962s][info][gc,phases      ] GC(181)   Other: 0.1ms
[136.962s][info][gc,heap        ] GC(181) Eden regions: 35->0(35)
[136.962s][info][gc,heap        ] GC(181) Survivor regions: 1->1(5)
[136.962s][info][gc,heap        ] GC(181) Old regions: 18->18
[136.962s][info][gc,heap        ] GC(181) Archive regions: 0->0
[136.962s][info][gc,heap        ] GC(181) Humongous regions: 0->0
[136.962s][info][gc,metaspace   ] GC(181) Metaspace: 9907K(10240K)->9907K(10240K) NonClass: 8605K(8832K)->8605K(8832K) Class: 1302K(1408K)->1302K(1408K)
[136.963s][info][gc             ] GC(181) Pause Young (Normal) (G1 Evacuation Pause) 75M->5M(120M) 8.342ms
[136.963s][info][gc,cpu         ] GC(181) User=0.00s Sys=0.00s Real=0.00s
[137.285s][info][gc,start       ] GC(182) Pause Young (Normal) (G1 Evacuation Pause)
[137.286s][info][gc,task        ] GC(182) Using 2 workers of 33 for evacuation
[137.290s][info][gc,phases      ] GC(182)   Pre Evacuate Collection Set: 0.1ms
[137.290s][info][gc,phases      ] GC(182)   Merge Heap Roots: 0.1ms
[137.290s][info][gc,phases      ] GC(182)   Evacuate Collection Set: 3.4ms
[137.290s][info][gc,phases      ] GC(182)   Post Evacuate Collection Set: 0.3ms
[137.290s][info][gc,phases      ] GC(182)   Other: 0.1ms
[137.290s][info][gc,heap        ] GC(182) Eden regions: 35->0(35)
[137.290s][info][gc,heap        ] GC(182) Survivor regions: 1->1(5)
[137.290s][info][gc,heap        ] GC(182) Old regions: 18->18
[137.290s][info][gc,heap        ] GC(182) Archive regions: 0->0
[137.290s][info][gc,heap        ] GC(182) Humongous regions: 0->0
[137.290s][info][gc,metaspace   ] GC(182) Metaspace: 9907K(10240K)->9907K(10240K) NonClass: 8605K(8832K)->8605K(8832K) Class: 1302K(1408K)->1302K(1408K)
[137.290s][info][gc             ] GC(182) Pause Young (Normal) (G1 Evacuation Pause) 75M->5M(120M) 4.560ms
[137.290s][info][gc,cpu         ] GC(182) User=0.00s Sys=0.00s Real=0.00s
[137.605s][info][gc,start       ] GC(183) Pause Young (Normal) (G1 Evacuation Pause)
[137.606s][info][gc,task        ] GC(183) Using 2 workers of 33 for evacuation
[137.610s][info][gc,phases      ] GC(183)   Pre Evacuate Collection Set: 0.1ms
[137.610s][info][gc,phases      ] GC(183)   Merge Heap Roots: 0.1ms
[137.610s][info][gc,phases      ] GC(183)   Evacuate Collection Set: 3.6ms
[137.610s][info][gc,phases      ] GC(183)   Post Evacuate Collection Set: 0.3ms
[137.610s][info][gc,phases      ] GC(183)   Other: 0.1ms
[137.610s][info][gc,heap        ] GC(183) Eden regions: 35->0(35)
[137.610s][info][gc,heap        ] GC(183) Survivor regions: 1->1(5)
[137.610s][info][gc,heap        ] GC(183) Old regions: 18->18
[137.610s][info][gc,heap        ] GC(183) Archive regions: 0->0
[137.610s][info][gc,heap        ] GC(183) Humongous regions: 0->0
[137.610s][info][gc,metaspace   ] GC(183) Metaspace: 9907K(10240K)->9907K(10240K) NonClass: 8605K(8832K)->8605K(8832K) Class: 1302K(1408K)->1302K(1408K)
[137.610s][info][gc             ] GC(183) Pause Young (Normal) (G1 Evacuation Pause) 75M->5M(120M) 4.792ms
[137.610s][info][gc,cpu         ] GC(183) User=0.00s Sys=0.00s Real=0.00s
[137.922s][info][gc,start       ] GC(184) Pause Young (Normal) (G1 Evacuation Pause)
[137.923s][info][gc,task        ] GC(184) Using 2 workers of 33 for evacuation
[137.935s][info][gc,phases      ] GC(184)   Pre Evacuate Collection Set: 0.1ms
[137.935s][info][gc,phases      ] GC(184)   Merge Heap Roots: 0.1ms
[137.935s][info][gc,phases      ] GC(184)   Evacuate Collection Set: 3.5ms
[137.935s][info][gc,phases      ] GC(184)   Post Evacuate Collection Set: 8.3ms
[137.935s][info][gc,phases      ] GC(184)   Other: 0.1ms
[137.935s][info][gc,heap        ] GC(184) Eden regions: 35->0(324)
[137.935s][info][gc,heap        ] GC(184) Survivor regions: 1->1(5)
[137.935s][info][gc,heap        ] GC(184) Old regions: 18->18
[137.935s][info][gc,heap        ] GC(184) Archive regions: 0->0
[137.935s][info][gc,heap        ] GC(184) Humongous regions: 0->0
[137.935s][info][gc,metaspace   ] GC(184) Metaspace: 9907K(10240K)->9907K(10240K) NonClass: 8605K(8832K)->8605K(8832K) Class: 1302K(1408K)->1302K(1408K)
[137.935s][info][gc             ] GC(184) Pause Young (Normal) (G1 Evacuation Pause) 75M->5M(1084M) 12.588ms
[137.935s][info][gc,cpu         ] GC(184) User=0.03s Sys=0.00s Real=0.03s
[141.084s][info][gc,start       ] GC(185) Pause Young (Normal) (G1 Evacuation Pause)
[141.084s][info][gc,task        ] GC(185) Using 26 workers of 33 for evacuation
[141.087s][info][gc,phases      ] GC(185)   Pre Evacuate Collection Set: 0.2ms
[141.087s][info][gc,phases      ] GC(185)   Merge Heap Roots: 0.2ms
[141.087s][info][gc,phases      ] GC(185)   Evacuate Collection Set: 2.0ms
[141.087s][info][gc,phases      ] GC(185)   Post Evacuate Collection Set: 0.7ms
[141.087s][info][gc,phases      ] GC(185)   Other: 0.2ms
[141.087s][info][gc,heap        ] GC(185) Eden regions: 324->0(324)
[141.087s][info][gc,heap        ] GC(185) Survivor regions: 1->1(41)
[141.087s][info][gc,heap        ] GC(185) Old regions: 18->18
[141.087s][info][gc,heap        ] GC(185) Archive regions: 0->0
[141.087s][info][gc,heap        ] GC(185) Humongous regions: 0->0
[141.088s][info][gc,metaspace   ] GC(185) Metaspace: 9907K(10240K)->9907K(10240K) NonClass: 8605K(8832K)->8605K(8832K) Class: 1302K(1408K)->1302K(1408K)
[141.088s][info][gc             ] GC(185) Pause Young (Normal) (G1 Evacuation Pause) 653M->5M(1084M) 3.798ms
[141.088s][info][gc,cpu         ] GC(185) User=0.17s Sys=0.23s Real=0.02s
[142.882s][info][gc,start       ] GC(186) Pause Full (System.gc())
[142.882s][info][gc,task        ] GC(186) Using 26 workers of 33 for full compaction
[142.883s][info][gc,phases,start] GC(186) Phase 1: Mark live objects
[142.889s][info][gc,phases      ] GC(186) Phase 1: Mark live objects 5.922ms
[142.889s][info][gc,phases,start] GC(186) Phase 2: Prepare compaction
[142.895s][info][gc,phases      ] GC(186) Phase 2: Prepare compaction 6.309ms
[142.895s][info][gc,phases,start] GC(186) Phase 3: Adjust pointers
[142.899s][info][gc,phases      ] GC(186) Phase 3: Adjust pointers 3.191ms
[142.899s][info][gc,phases,start] GC(186) Phase 4: Compact heap
[142.899s][info][gc,phases      ] GC(186) Phase 4: Compact heap 0.550ms
[142.908s][info][gc,heap        ] GC(186) Eden regions: 200->0(36)
[142.908s][info][gc,heap        ] GC(186) Survivor regions: 1->0(41)
[142.908s][info][gc,heap        ] GC(186) Old regions: 18->18
[142.908s][info][gc,heap        ] GC(186) Archive regions: 0->0
[142.908s][info][gc,heap        ] GC(186) Humongous regions: 0->0
[142.908s][info][gc,metaspace   ] GC(186) Metaspace: 9907K(10240K)->9907K(10240K) NonClass: 8605K(8832K)->8605K(8832K) Class: 1302K(1408K)->1302K(1408K)
[142.909s][info][gc             ] GC(186) Pause Full (System.gc()) 403M->3M(120M) 26.770ms
[142.909s][info][gc,cpu         ] GC(186) User=0.02s Sys=0.02s Real=0.03s
[143.204s][info][gc,start       ] GC(187) Pause Young (Normal) (G1 Evacuation Pause)
[143.204s][info][gc,task        ] GC(187) Using 14 workers of 33 for evacuation
[143.205s][info][gc,phases      ] GC(187)   Pre Evacuate Collection Set: 0.1ms
[143.205s][info][gc,phases      ] GC(187)   Merge Heap Roots: 0.1ms
[143.205s][info][gc,phases      ] GC(187)   Evacuate Collection Set: 0.8ms
[143.205s][info][gc,phases      ] GC(187)   Post Evacuate Collection Set: 0.3ms
[143.205s][info][gc,phases      ] GC(187)   Other: 0.1ms
[143.205s][info][gc,heap        ] GC(187) Eden regions: 36->0(35)
[143.206s][info][gc,heap        ] GC(187) Survivor regions: 0->1(5)
[143.206s][info][gc,heap        ] GC(187) Old regions: 18->18
[143.206s][info][gc,heap        ] GC(187) Archive regions: 0->0
[143.206s][info][gc,heap        ] GC(187) Humongous regions: 0->0
[143.206s][info][gc,metaspace   ] GC(187) Metaspace: 9908K(10240K)->9908K(10240K) NonClass: 8606K(8832K)->8606K(8832K) Class: 1302K(1408K)->1302K(1408K)
[143.206s][info][gc             ] GC(187) Pause Young (Normal) (G1 Evacuation Pause) 75M->5M(120M) 2.081ms
[143.206s][info][gc,cpu         ] GC(187) User=0.00s Sys=0.00s Real=0.00s
[143.509s][info][gc,start       ] GC(188) Pause Young (Normal) (G1 Evacuation Pause)
[143.509s][info][gc,task        ] GC(188) Using 8 workers of 33 for evacuation
[143.511s][info][gc,phases      ] GC(188)   Pre Evacuate Collection Set: 0.1ms
[143.511s][info][gc,phases      ] GC(188)   Merge Heap Roots: 0.1ms
[143.511s][info][gc,phases      ] GC(188)   Evacuate Collection Set: 1.1ms
[143.511s][info][gc,phases      ] GC(188)   Post Evacuate Collection Set: 0.3ms
[143.511s][info][gc,phases      ] GC(188)   Other: 0.1ms
[143.511s][info][gc,heap        ] GC(188) Eden regions: 35->0(35)
[143.511s][info][gc,heap        ] GC(188) Survivor regions: 1->1(5)
[143.511s][info][gc,heap        ] GC(188) Old regions: 18->18
[143.511s][info][gc,heap        ] GC(188) Archive regions: 0->0
[143.511s][info][gc,heap        ] GC(188) Humongous regions: 0->0
[143.511s][info][gc,metaspace   ] GC(188) Metaspace: 9908K(10240K)->9908K(10240K) NonClass: 8606K(8832K)->8606K(8832K) Class: 1302K(1408K)->1302K(1408K)
[143.511s][info][gc             ] GC(188) Pause Young (Normal) (G1 Evacuation Pause) 75M->5M(120M) 2.383ms
[143.511s][info][gc,cpu         ] GC(188) User=0.00s Sys=0.00s Real=0.00s
[143.822s][info][gc,start       ] GC(189) Pause Young (Normal) (G1 Evacuation Pause)
[143.822s][info][gc,task        ] GC(189) Using 5 workers of 33 for evacuation
[143.824s][info][gc,phases      ] GC(189)   Pre Evacuate Collection Set: 0.1ms
[143.824s][info][gc,phases      ] GC(189)   Merge Heap Roots: 0.1ms
[143.824s][info][gc,phases      ] GC(189)   Evacuate Collection Set: 1.5ms
[143.824s][info][gc,phases      ] GC(189)   Post Evacuate Collection Set: 0.3ms
[143.824s][info][gc,phases      ] GC(189)   Other: 0.1ms
[143.824s][info][gc,heap        ] GC(189) Eden regions: 35->0(35)
[143.824s][info][gc,heap        ] GC(189) Survivor regions: 1->1(5)
[143.824s][info][gc,heap        ] GC(189) Old regions: 18->18
[143.824s][info][gc,heap        ] GC(189) Archive regions: 0->0
[143.824s][info][gc,heap        ] GC(189) Humongous regions: 0->0
[143.824s][info][gc,metaspace   ] GC(189) Metaspace: 9908K(10240K)->9908K(10240K) NonClass: 8606K(8832K)->8606K(8832K) Class: 1302K(1408K)->1302K(1408K)
[143.824s][info][gc             ] GC(189) Pause Young (Normal) (G1 Evacuation Pause) 75M->5M(120M) 2.681ms
[143.825s][info][gc,cpu         ] GC(189) User=0.00s Sys=0.00s Real=0.00s
[144.146s][info][gc,start       ] GC(190) Pause Young (Normal) (G1 Evacuation Pause)
[144.146s][info][gc,task        ] GC(190) Using 3 workers of 33 for evacuation
[144.149s][info][gc,phases      ] GC(190)   Pre Evacuate Collection Set: 0.1ms
[144.149s][info][gc,phases      ] GC(190)   Merge Heap Roots: 0.1ms
[144.149s][info][gc,phases      ] GC(190)   Evacuate Collection Set: 2.6ms
[144.149s][info][gc,phases      ] GC(190)   Post Evacuate Collection Set: 0.3ms
[144.149s][info][gc,phases      ] GC(190)   Other: 0.1ms
[144.149s][info][gc,heap        ] GC(190) Eden regions: 35->0(35)
[144.149s][info][gc,heap        ] GC(190) Survivor regions: 1->1(5)
[144.149s][info][gc,heap        ] GC(190) Old regions: 18->18
[144.149s][info][gc,heap        ] GC(190) Archive regions: 0->0
[144.149s][info][gc,heap        ] GC(190) Humongous regions: 0->0
[144.149s][info][gc,metaspace   ] GC(190) Metaspace: 9908K(10240K)->9908K(10240K) NonClass: 8606K(8832K)->8606K(8832K) Class: 1302K(1408K)->1302K(1408K)
[144.150s][info][gc             ] GC(190) Pause Young (Normal) (G1 Evacuation Pause) 75M->5M(120M) 3.705ms
[144.150s][info][gc,cpu         ] GC(190) User=0.05s Sys=0.00s Real=0.02s
[144.469s][info][gc,start       ] GC(191) Pause Young (Normal) (G1 Evacuation Pause)
[144.469s][info][gc,task        ] GC(191) Using 2 workers of 33 for evacuation
[144.473s][info][gc,phases      ] GC(191)   Pre Evacuate Collection Set: 0.1ms
[144.473s][info][gc,phases      ] GC(191)   Merge Heap Roots: 0.1ms
[144.473s][info][gc,phases      ] GC(191)   Evacuate Collection Set: 3.5ms
[144.473s][info][gc,phases      ] GC(191)   Post Evacuate Collection Set: 0.3ms
[144.473s][info][gc,phases      ] GC(191)   Other: 0.1ms
[144.473s][info][gc,heap        ] GC(191) Eden regions: 35->0(35)
[144.473s][info][gc,heap        ] GC(191) Survivor regions: 1->1(5)
[144.473s][info][gc,heap        ] GC(191) Old regions: 18->18
[144.473s][info][gc,heap        ] GC(191) Archive regions: 0->0
[144.473s][info][gc,heap        ] GC(191) Humongous regions: 0->0
[144.473s][info][gc,metaspace   ] GC(191) Metaspace: 9908K(10240K)->9908K(10240K) NonClass: 8606K(8832K)->8606K(8832K) Class: 1302K(1408K)->1302K(1408K)
[144.473s][info][gc             ] GC(191) Pause Young (Normal) (G1 Evacuation Pause) 75M->5M(120M) 4.599ms
[144.473s][info][gc,cpu         ] GC(191) User=0.00s Sys=0.00s Real=0.00s
[144.782s][info][gc,start       ] GC(192) Pause Young (Normal) (G1 Evacuation Pause)
[144.782s][info][gc,task        ] GC(192) Using 2 workers of 33 for evacuation
[144.786s][info][gc,phases      ] GC(192)   Pre Evacuate Collection Set: 0.1ms
[144.786s][info][gc,phases      ] GC(192)   Merge Heap Roots: 0.1ms
[144.786s][info][gc,phases      ] GC(192)   Evacuate Collection Set: 3.4ms
[144.786s][info][gc,phases      ] GC(192)   Post Evacuate Collection Set: 0.3ms
[144.786s][info][gc,phases      ] GC(192)   Other: 0.1ms
[144.786s][info][gc,heap        ] GC(192) Eden regions: 35->0(35)
[144.786s][info][gc,heap        ] GC(192) Survivor regions: 1->1(5)
[144.786s][info][gc,heap        ] GC(192) Old regions: 18->18
[144.786s][info][gc,heap        ] GC(192) Archive regions: 0->0
[144.786s][info][gc,heap        ] GC(192) Humongous regions: 0->0
[144.786s][info][gc,metaspace   ] GC(192) Metaspace: 9908K(10240K)->9908K(10240K) NonClass: 8606K(8832K)->8606K(8832K) Class: 1302K(1408K)->1302K(1408K)
[144.786s][info][gc             ] GC(192) Pause Young (Normal) (G1 Evacuation Pause) 75M->5M(120M) 4.526ms
[144.786s][info][gc,cpu         ] GC(192) User=0.00s Sys=0.00s Real=0.00s
[145.098s][info][gc,start       ] GC(193) Pause Young (Normal) (G1 Evacuation Pause)
[145.098s][info][gc,task        ] GC(193) Using 2 workers of 33 for evacuation
[145.102s][info][gc,phases      ] GC(193)   Pre Evacuate Collection Set: 0.1ms
[145.103s][info][gc,phases      ] GC(193)   Merge Heap Roots: 0.1ms
[145.103s][info][gc,phases      ] GC(193)   Evacuate Collection Set: 3.7ms
[145.103s][info][gc,phases      ] GC(193)   Post Evacuate Collection Set: 0.3ms
[145.103s][info][gc,phases      ] GC(193)   Other: 0.1ms
[145.103s][info][gc,heap        ] GC(193) Eden regions: 35->0(35)
[145.103s][info][gc,heap        ] GC(193) Survivor regions: 1->1(5)
[145.103s][info][gc,heap        ] GC(193) Old regions: 18->18
[145.103s][info][gc,heap        ] GC(193) Archive regions: 0->0
[145.103s][info][gc,heap        ] GC(193) Humongous regions: 0->0
[145.103s][info][gc,metaspace   ] GC(193) Metaspace: 9908K(10240K)->9908K(10240K) NonClass: 8606K(8832K)->8606K(8832K) Class: 1302K(1408K)->1302K(1408K)
[145.103s][info][gc             ] GC(193) Pause Young (Normal) (G1 Evacuation Pause) 75M->5M(120M) 4.837ms
[145.103s][info][gc,cpu         ] GC(193) User=0.03s Sys=0.00s Real=0.02s
[145.422s][info][gc,start       ] GC(194) Pause Young (Normal) (G1 Evacuation Pause)
[145.422s][info][gc,task        ] GC(194) Using 2 workers of 33 for evacuation
[145.434s][info][gc,phases      ] GC(194)   Pre Evacuate Collection Set: 0.1ms
[145.434s][info][gc,phases      ] GC(194)   Merge Heap Roots: 0.1ms
[145.434s][info][gc,phases      ] GC(194)   Evacuate Collection Set: 3.3ms
[145.434s][info][gc,phases      ] GC(194)   Post Evacuate Collection Set: 8.2ms
[145.434s][info][gc,phases      ] GC(194)   Other: 0.1ms
[145.434s][info][gc,heap        ] GC(194) Eden regions: 35->0(324)
[145.434s][info][gc,heap        ] GC(194) Survivor regions: 1->1(5)
[145.434s][info][gc,heap        ] GC(194) Old regions: 18->18
[145.434s][info][gc,heap        ] GC(194) Archive regions: 0->0
[145.434s][info][gc,heap        ] GC(194) Humongous regions: 0->0
[145.434s][info][gc,metaspace   ] GC(194) Metaspace: 9908K(10240K)->9908K(10240K) NonClass: 8606K(8832K)->8606K(8832K) Class: 1302K(1408K)->1302K(1408K)
[145.434s][info][gc             ] GC(194) Pause Young (Normal) (G1 Evacuation Pause) 75M->5M(1084M) 12.386ms
[145.434s][info][gc,cpu         ] GC(194) User=0.00s Sys=0.02s Real=0.02s
[148.580s][info][gc,start       ] GC(195) Pause Young (Normal) (G1 Evacuation Pause)
[148.580s][info][gc,task        ] GC(195) Using 26 workers of 33 for evacuation
[148.583s][info][gc,phases      ] GC(195)   Pre Evacuate Collection Set: 0.2ms
[148.583s][info][gc,phases      ] GC(195)   Merge Heap Roots: 0.2ms
[148.583s][info][gc,phases      ] GC(195)   Evacuate Collection Set: 2.0ms
[148.583s][info][gc,phases      ] GC(195)   Post Evacuate Collection Set: 0.7ms
[148.583s][info][gc,phases      ] GC(195)   Other: 0.2ms
[148.583s][info][gc,heap        ] GC(195) Eden regions: 324->0(324)
[148.583s][info][gc,heap        ] GC(195) Survivor regions: 1->1(41)
[148.583s][info][gc,heap        ] GC(195) Old regions: 18->18
[148.583s][info][gc,heap        ] GC(195) Archive regions: 0->0
[148.583s][info][gc,heap        ] GC(195) Humongous regions: 0->0
[148.583s][info][gc,metaspace   ] GC(195) Metaspace: 9908K(10240K)->9908K(10240K) NonClass: 8606K(8832K)->8606K(8832K) Class: 1302K(1408K)->1302K(1408K)
[148.583s][info][gc             ] GC(195) Pause Young (Normal) (G1 Evacuation Pause) 653M->5M(1084M) 3.853ms
[148.584s][info][gc,cpu         ] GC(195) User=0.00s Sys=0.00s Real=0.00s
[150.350s][info][gc,start       ] GC(196) Pause Full (System.gc())
[150.351s][info][gc,task        ] GC(196) Using 26 workers of 33 for full compaction
[150.352s][info][gc,phases,start] GC(196) Phase 1: Mark live objects
[150.358s][info][gc,phases      ] GC(196) Phase 1: Mark live objects 6.411ms
[150.358s][info][gc,phases,start] GC(196) Phase 2: Prepare compaction
[150.365s][info][gc,phases      ] GC(196) Phase 2: Prepare compaction 6.646ms
[150.365s][info][gc,phases,start] GC(196) Phase 3: Adjust pointers
[150.369s][info][gc,phases      ] GC(196) Phase 3: Adjust pointers 4.040ms
[150.369s][info][gc,phases,start] GC(196) Phase 4: Compact heap
[150.370s][info][gc,phases      ] GC(196) Phase 4: Compact heap 0.631ms
[150.378s][info][gc,heap        ] GC(196) Eden regions: 196->0(36)
[150.378s][info][gc,heap        ] GC(196) Survivor regions: 1->0(41)
[150.379s][info][gc,heap        ] GC(196) Old regions: 18->18
[150.379s][info][gc,heap        ] GC(196) Archive regions: 0->0
[150.379s][info][gc,heap        ] GC(196) Humongous regions: 0->0
[150.379s][info][gc,metaspace   ] GC(196) Metaspace: 9908K(10240K)->9908K(10240K) NonClass: 8606K(8832K)->8606K(8832K) Class: 1302K(1408K)->1302K(1408K)
[150.379s][info][gc             ] GC(196) Pause Full (System.gc()) 396M->3M(120M) 28.174ms
[150.379s][info][gc,cpu         ] GC(196) User=0.38s Sys=0.27s Real=0.03s
[150.690s][info][gc,start       ] GC(197) Pause Young (Normal) (G1 Evacuation Pause)
[150.691s][info][gc,task        ] GC(197) Using 14 workers of 33 for evacuation
[150.692s][info][gc,phases      ] GC(197)   Pre Evacuate Collection Set: 0.1ms
[150.692s][info][gc,phases      ] GC(197)   Merge Heap Roots: 0.1ms
[150.692s][info][gc,phases      ] GC(197)   Evacuate Collection Set: 0.8ms
[150.692s][info][gc,phases      ] GC(197)   Post Evacuate Collection Set: 0.3ms
[150.692s][info][gc,phases      ] GC(197)   Other: 0.1ms
[150.692s][info][gc,heap        ] GC(197) Eden regions: 36->0(35)
[150.692s][info][gc,heap        ] GC(197) Survivor regions: 0->1(5)
[150.692s][info][gc,heap        ] GC(197) Old regions: 18->18
[150.692s][info][gc,heap        ] GC(197) Archive regions: 0->0
[150.692s][info][gc,heap        ] GC(197) Humongous regions: 0->0
[150.692s][info][gc,metaspace   ] GC(197) Metaspace: 9933K(10240K)->9933K(10240K) NonClass: 8631K(8832K)->8631K(8832K) Class: 1302K(1408K)->1302K(1408K)
[150.692s][info][gc             ] GC(197) Pause Young (Normal) (G1 Evacuation Pause) 75M->5M(120M) 1.990ms
[150.692s][info][gc,cpu         ] GC(197) User=0.00s Sys=0.00s Real=0.00s
[150.995s][info][gc,start       ] GC(198) Pause Young (Normal) (G1 Evacuation Pause)
[150.995s][info][gc,task        ] GC(198) Using 8 workers of 33 for evacuation
[150.997s][info][gc,phases      ] GC(198)   Pre Evacuate Collection Set: 0.1ms
[150.997s][info][gc,phases      ] GC(198)   Merge Heap Roots: 0.1ms
[150.997s][info][gc,phases      ] GC(198)   Evacuate Collection Set: 1.1ms
[150.997s][info][gc,phases      ] GC(198)   Post Evacuate Collection Set: 0.3ms
[150.997s][info][gc,phases      ] GC(198)   Other: 0.1ms
[150.997s][info][gc,heap        ] GC(198) Eden regions: 35->0(35)
[150.997s][info][gc,heap        ] GC(198) Survivor regions: 1->1(5)
[150.997s][info][gc,heap        ] GC(198) Old regions: 18->18
[150.997s][info][gc,heap        ] GC(198) Archive regions: 0->0
[150.997s][info][gc,heap        ] GC(198) Humongous regions: 0->0
[150.997s][info][gc,metaspace   ] GC(198) Metaspace: 9933K(10240K)->9933K(10240K) NonClass: 8631K(8832K)->8631K(8832K) Class: 1302K(1408K)->1302K(1408K)
[150.997s][info][gc             ] GC(198) Pause Young (Normal) (G1 Evacuation Pause) 75M->5M(120M) 2.326ms
[150.997s][info][gc,cpu         ] GC(198) User=0.00s Sys=0.00s Real=0.00s
[151.311s][info][gc,start       ] GC(199) Pause Young (Normal) (G1 Evacuation Pause)
[151.311s][info][gc,task        ] GC(199) Using 5 workers of 33 for evacuation
[151.313s][info][gc,phases      ] GC(199)   Pre Evacuate Collection Set: 0.1ms
[151.313s][info][gc,phases      ] GC(199)   Merge Heap Roots: 0.1ms
[151.313s][info][gc,phases      ] GC(199)   Evacuate Collection Set: 1.6ms
[151.313s][info][gc,phases      ] GC(199)   Post Evacuate Collection Set: 0.3ms
[151.313s][info][gc,phases      ] GC(199)   Other: 0.1ms
[151.314s][info][gc,heap        ] GC(199) Eden regions: 35->0(35)
[151.314s][info][gc,heap        ] GC(199) Survivor regions: 1->1(5)
[151.314s][info][gc,heap        ] GC(199) Old regions: 18->18
[151.314s][info][gc,heap        ] GC(199) Archive regions: 0->0
[151.314s][info][gc,heap        ] GC(199) Humongous regions: 0->0
[151.314s][info][gc,metaspace   ] GC(199) Metaspace: 9933K(10240K)->9933K(10240K) NonClass: 8631K(8832K)->8631K(8832K) Class: 1302K(1408K)->1302K(1408K)
[151.314s][info][gc             ] GC(199) Pause Young (Normal) (G1 Evacuation Pause) 75M->5M(120M) 2.718ms
[151.314s][info][gc,cpu         ] GC(199) User=0.00s Sys=0.00s Real=0.00s
[151.627s][info][gc,start       ] GC(200) Pause Young (Normal) (G1 Evacuation Pause)
[151.627s][info][gc,task        ] GC(200) Using 3 workers of 33 for evacuation
[151.630s][info][gc,phases      ] GC(200)   Pre Evacuate Collection Set: 0.1ms
[151.630s][info][gc,phases      ] GC(200)   Merge Heap Roots: 0.1ms
[151.630s][info][gc,phases      ] GC(200)   Evacuate Collection Set: 2.6ms
[151.630s][info][gc,phases      ] GC(200)   Post Evacuate Collection Set: 0.3ms
[151.630s][info][gc,phases      ] GC(200)   Other: 0.1ms
[151.630s][info][gc,heap        ] GC(200) Eden regions: 35->0(35)
[151.630s][info][gc,heap        ] GC(200) Survivor regions: 1->1(5)
[151.630s][info][gc,heap        ] GC(200) Old regions: 18->18
[151.630s][info][gc,heap        ] GC(200) Archive regions: 0->0
[151.631s][info][gc,heap        ] GC(200) Humongous regions: 0->0
[151.631s][info][gc,metaspace   ] GC(200) Metaspace: 9933K(10240K)->9933K(10240K) NonClass: 8631K(8832K)->8631K(8832K) Class: 1302K(1408K)->1302K(1408K)
[151.631s][info][gc             ] GC(200) Pause Young (Normal) (G1 Evacuation Pause) 75M->5M(120M) 3.778ms
[151.631s][info][gc,cpu         ] GC(200) User=0.00s Sys=0.00s Real=0.00s
[151.945s][info][gc,start       ] GC(201) Pause Young (Normal) (G1 Evacuation Pause)
[151.946s][info][gc,task        ] GC(201) Using 2 workers of 33 for evacuation
[151.950s][info][gc,phases      ] GC(201)   Pre Evacuate Collection Set: 0.1ms
[151.950s][info][gc,phases      ] GC(201)   Merge Heap Roots: 0.1ms
[151.950s][info][gc,phases      ] GC(201)   Evacuate Collection Set: 3.6ms
[151.950s][info][gc,phases      ] GC(201)   Post Evacuate Collection Set: 0.3ms
[151.950s][info][gc,phases      ] GC(201)   Other: 0.1ms
[151.950s][info][gc,heap        ] GC(201) Eden regions: 35->0(35)
[151.950s][info][gc,heap        ] GC(201) Survivor regions: 1->1(5)
[151.950s][info][gc,heap        ] GC(201) Old regions: 18->18
[151.950s][info][gc,heap        ] GC(201) Archive regions: 0->0
[151.950s][info][gc,heap        ] GC(201) Humongous regions: 0->0
[151.950s][info][gc,metaspace   ] GC(201) Metaspace: 9933K(10240K)->9933K(10240K) NonClass: 8631K(8832K)->8631K(8832K) Class: 1302K(1408K)->1302K(1408K)
[151.950s][info][gc             ] GC(201) Pause Young (Normal) (G1 Evacuation Pause) 75M->5M(120M) 4.743ms
[151.950s][info][gc,cpu         ] GC(201) User=0.00s Sys=0.00s Real=0.00s
[152.262s][info][gc,start       ] GC(202) Pause Young (Normal) (G1 Evacuation Pause)
[152.262s][info][gc,task        ] GC(202) Using 2 workers of 33 for evacuation
[152.267s][info][gc,phases      ] GC(202)   Pre Evacuate Collection Set: 0.1ms
[152.267s][info][gc,phases      ] GC(202)   Merge Heap Roots: 0.1ms
[152.267s][info][gc,phases      ] GC(202)   Evacuate Collection Set: 3.9ms
[152.267s][info][gc,phases      ] GC(202)   Post Evacuate Collection Set: 0.3ms
[152.267s][info][gc,phases      ] GC(202)   Other: 0.1ms
[152.267s][info][gc,heap        ] GC(202) Eden regions: 35->0(35)
[152.267s][info][gc,heap        ] GC(202) Survivor regions: 1->1(5)
[152.267s][info][gc,heap        ] GC(202) Old regions: 18->18
[152.267s][info][gc,heap        ] GC(202) Archive regions: 0->0
[152.267s][info][gc,heap        ] GC(202) Humongous regions: 0->0
[152.267s][info][gc,metaspace   ] GC(202) Metaspace: 9933K(10240K)->9933K(10240K) NonClass: 8631K(8832K)->8631K(8832K) Class: 1302K(1408K)->1302K(1408K)
[152.267s][info][gc             ] GC(202) Pause Young (Normal) (G1 Evacuation Pause) 75M->5M(120M) 5.066ms
[152.267s][info][gc,cpu         ] GC(202) User=0.00s Sys=0.00s Real=0.00s
[152.587s][info][gc,start       ] GC(203) Pause Young (Normal) (G1 Evacuation Pause)
[152.587s][info][gc,task        ] GC(203) Using 2 workers of 33 for evacuation
[152.591s][info][gc,phases      ] GC(203)   Pre Evacuate Collection Set: 0.1ms
[152.591s][info][gc,phases      ] GC(203)   Merge Heap Roots: 0.1ms
[152.591s][info][gc,phases      ] GC(203)   Evacuate Collection Set: 3.4ms
[152.591s][info][gc,phases      ] GC(203)   Post Evacuate Collection Set: 0.3ms
[152.591s][info][gc,phases      ] GC(203)   Other: 0.1ms
[152.591s][info][gc,heap        ] GC(203) Eden regions: 35->0(35)
[152.591s][info][gc,heap        ] GC(203) Survivor regions: 1->1(5)
[152.592s][info][gc,heap        ] GC(203) Old regions: 18->18
[152.592s][info][gc,heap        ] GC(203) Archive regions: 0->0
[152.592s][info][gc,heap        ] GC(203) Humongous regions: 0->0
[152.592s][info][gc,metaspace   ] GC(203) Metaspace: 9933K(10240K)->9933K(10240K) NonClass: 8631K(8832K)->8631K(8832K) Class: 1302K(1408K)->1302K(1408K)
[152.592s][info][gc             ] GC(203) Pause Young (Normal) (G1 Evacuation Pause) 75M->5M(120M) 4.738ms
[152.592s][info][gc,cpu         ] GC(203) User=0.00s Sys=0.02s Real=0.02s
[152.919s][info][gc,start       ] GC(204) Pause Young (Normal) (G1 Evacuation Pause)
[152.919s][info][gc,task        ] GC(204) Using 2 workers of 33 for evacuation
[152.931s][info][gc,phases      ] GC(204)   Pre Evacuate Collection Set: 0.1ms
[152.931s][info][gc,phases      ] GC(204)   Merge Heap Roots: 0.1ms
[152.931s][info][gc,phases      ] GC(204)   Evacuate Collection Set: 3.7ms
[152.931s][info][gc,phases      ] GC(204)   Post Evacuate Collection Set: 8.2ms
[152.931s][info][gc,phases      ] GC(204)   Other: 0.1ms
[152.931s][info][gc,heap        ] GC(204) Eden regions: 35->0(324)
[152.931s][info][gc,heap        ] GC(204) Survivor regions: 1->1(5)
[152.931s][info][gc,heap        ] GC(204) Old regions: 18->18
[152.931s][info][gc,heap        ] GC(204) Archive regions: 0->0
[152.931s][info][gc,heap        ] GC(204) Humongous regions: 0->0
[152.931s][info][gc,metaspace   ] GC(204) Metaspace: 9933K(10240K)->9933K(10240K) NonClass: 8631K(8832K)->8631K(8832K) Class: 1302K(1408K)->1302K(1408K)
[152.932s][info][gc             ] GC(204) Pause Young (Normal) (G1 Evacuation Pause) 75M->5M(1084M) 12.781ms
[152.932s][info][gc,cpu         ] GC(204) User=0.00s Sys=0.02s Real=0.02s
[156.051s][info][gc,start       ] GC(205) Pause Young (Normal) (G1 Evacuation Pause)
[156.051s][info][gc,task        ] GC(205) Using 26 workers of 33 for evacuation
[156.054s][info][gc,phases      ] GC(205)   Pre Evacuate Collection Set: 0.2ms
[156.054s][info][gc,phases      ] GC(205)   Merge Heap Roots: 0.3ms
[156.054s][info][gc,phases      ] GC(205)   Evacuate Collection Set: 1.7ms
[156.054s][info][gc,phases      ] GC(205)   Post Evacuate Collection Set: 0.7ms
[156.054s][info][gc,phases      ] GC(205)   Other: 0.2ms
[156.054s][info][gc,heap        ] GC(205) Eden regions: 324->0(324)
[156.054s][info][gc,heap        ] GC(205) Survivor regions: 1->1(41)
[156.054s][info][gc,heap        ] GC(205) Old regions: 18->18
[156.054s][info][gc,heap        ] GC(205) Archive regions: 0->0
[156.054s][info][gc,heap        ] GC(205) Humongous regions: 0->0
[156.054s][info][gc,metaspace   ] GC(205) Metaspace: 9933K(10240K)->9933K(10240K) NonClass: 8631K(8832K)->8631K(8832K) Class: 1302K(1408K)->1302K(1408K)
[156.054s][info][gc             ] GC(205) Pause Young (Normal) (G1 Evacuation Pause) 653M->5M(1084M) 3.610ms
[156.054s][info][gc,cpu         ] GC(205) User=0.00s Sys=0.00s Real=0.00s
[157.827s][info][gc,start       ] GC(206) Pause Full (System.gc())
[157.827s][info][gc,task        ] GC(206) Using 26 workers of 33 for full compaction
[157.828s][info][gc,phases,start] GC(206) Phase 1: Mark live objects
[157.834s][info][gc,phases      ] GC(206) Phase 1: Mark live objects 6.023ms
[157.834s][info][gc,phases,start] GC(206) Phase 2: Prepare compaction
[157.840s][info][gc,phases      ] GC(206) Phase 2: Prepare compaction 6.244ms
[157.841s][info][gc,phases,start] GC(206) Phase 3: Adjust pointers
[157.845s][info][gc,phases      ] GC(206) Phase 3: Adjust pointers 4.302ms
[157.845s][info][gc,phases,start] GC(206) Phase 4: Compact heap
[157.846s][info][gc,phases      ] GC(206) Phase 4: Compact heap 0.793ms
[157.856s][info][gc,heap        ] GC(206) Eden regions: 197->0(36)
[157.856s][info][gc,heap        ] GC(206) Survivor regions: 1->0(41)
[157.856s][info][gc,heap        ] GC(206) Old regions: 18->18
[157.856s][info][gc,heap        ] GC(206) Archive regions: 0->0
[157.856s][info][gc,heap        ] GC(206) Humongous regions: 0->0
[157.856s][info][gc,metaspace   ] GC(206) Metaspace: 9933K(10240K)->9933K(10240K) NonClass: 8631K(8832K)->8631K(8832K) Class: 1302K(1408K)->1302K(1408K)
[157.856s][info][gc             ] GC(206) Pause Full (System.gc()) 397M->3M(120M) 28.929ms
[157.856s][info][gc,cpu         ] GC(206) User=0.42s Sys=0.25s Real=0.03s
[158.152s][info][gc,start       ] GC(207) Pause Young (Normal) (G1 Evacuation Pause)
[158.152s][info][gc,task        ] GC(207) Using 14 workers of 33 for evacuation
[158.153s][info][gc,phases      ] GC(207)   Pre Evacuate Collection Set: 0.1ms
[158.153s][info][gc,phases      ] GC(207)   Merge Heap Roots: 0.1ms
[158.153s][info][gc,phases      ] GC(207)   Evacuate Collection Set: 0.7ms
[158.153s][info][gc,phases      ] GC(207)   Post Evacuate Collection Set: 0.4ms
[158.153s][info][gc,phases      ] GC(207)   Other: 0.1ms
[158.154s][info][gc,heap        ] GC(207) Eden regions: 36->0(35)
[158.154s][info][gc,heap        ] GC(207) Survivor regions: 0->1(5)
[158.154s][info][gc,heap        ] GC(207) Old regions: 18->18
[158.154s][info][gc,heap        ] GC(207) Archive regions: 0->0
[158.154s][info][gc,heap        ] GC(207) Humongous regions: 0->0
[158.154s][info][gc,metaspace   ] GC(207) Metaspace: 9933K(10240K)->9933K(10240K) NonClass: 8631K(8832K)->8631K(8832K) Class: 1302K(1408K)->1302K(1408K)
[158.154s][info][gc             ] GC(207) Pause Young (Normal) (G1 Evacuation Pause) 75M->5M(120M) 1.949ms
[158.154s][info][gc,cpu         ] GC(207) User=0.02s Sys=0.00s Real=0.02s
[158.453s][info][gc,start       ] GC(208) Pause Young (Normal) (G1 Evacuation Pause)
[158.453s][info][gc,task        ] GC(208) Using 8 workers of 33 for evacuation
[158.454s][info][gc,phases      ] GC(208)   Pre Evacuate Collection Set: 0.1ms
[158.455s][info][gc,phases      ] GC(208)   Merge Heap Roots: 0.1ms
[158.455s][info][gc,phases      ] GC(208)   Evacuate Collection Set: 1.2ms
[158.455s][info][gc,phases      ] GC(208)   Post Evacuate Collection Set: 0.3ms
[158.455s][info][gc,phases      ] GC(208)   Other: 0.1ms
[158.455s][info][gc,heap        ] GC(208) Eden regions: 35->0(35)
[158.455s][info][gc,heap        ] GC(208) Survivor regions: 1->1(5)
[158.455s][info][gc,heap        ] GC(208) Old regions: 18->18
[158.455s][info][gc,heap        ] GC(208) Archive regions: 0->0
[158.455s][info][gc,heap        ] GC(208) Humongous regions: 0->0
[158.455s][info][gc,metaspace   ] GC(208) Metaspace: 9933K(10240K)->9933K(10240K) NonClass: 8631K(8832K)->8631K(8832K) Class: 1302K(1408K)->1302K(1408K)
[158.455s][info][gc             ] GC(208) Pause Young (Normal) (G1 Evacuation Pause) 75M->5M(120M) 2.325ms
[158.455s][info][gc,cpu         ] GC(208) User=0.00s Sys=0.00s Real=0.00s
[158.764s][info][gc,start       ] GC(209) Pause Young (Normal) (G1 Evacuation Pause)
[158.764s][info][gc,task        ] GC(209) Using 5 workers of 33 for evacuation
[158.766s][info][gc,phases      ] GC(209)   Pre Evacuate Collection Set: 0.1ms
[158.766s][info][gc,phases      ] GC(209)   Merge Heap Roots: 0.1ms
[158.766s][info][gc,phases      ] GC(209)   Evacuate Collection Set: 1.5ms
[158.766s][info][gc,phases      ] GC(209)   Post Evacuate Collection Set: 0.3ms
[158.766s][info][gc,phases      ] GC(209)   Other: 0.1ms
[158.766s][info][gc,heap        ] GC(209) Eden regions: 35->0(35)
[158.766s][info][gc,heap        ] GC(209) Survivor regions: 1->1(5)
[158.766s][info][gc,heap        ] GC(209) Old regions: 18->18
[158.766s][info][gc,heap        ] GC(209) Archive regions: 0->0
[158.766s][info][gc,heap        ] GC(209) Humongous regions: 0->0
[158.766s][info][gc,metaspace   ] GC(209) Metaspace: 9933K(10240K)->9933K(10240K) NonClass: 8631K(8832K)->8631K(8832K) Class: 1302K(1408K)->1302K(1408K)
[158.766s][info][gc             ] GC(209) Pause Young (Normal) (G1 Evacuation Pause) 75M->5M(120M) 2.568ms
[158.766s][info][gc,cpu         ] GC(209) User=0.00s Sys=0.00s Real=0.00s
[159.081s][info][gc,start       ] GC(210) Pause Young (Normal) (G1 Evacuation Pause)
[159.081s][info][gc,task        ] GC(210) Using 3 workers of 33 for evacuation
[159.084s][info][gc,phases      ] GC(210)   Pre Evacuate Collection Set: 0.1ms
[159.084s][info][gc,phases      ] GC(210)   Merge Heap Roots: 0.1ms
[159.084s][info][gc,phases      ] GC(210)   Evacuate Collection Set: 2.4ms
[159.084s][info][gc,phases      ] GC(210)   Post Evacuate Collection Set: 0.3ms
[159.084s][info][gc,phases      ] GC(210)   Other: 0.1ms
[159.085s][info][gc,heap        ] GC(210) Eden regions: 35->0(35)
[159.085s][info][gc,heap        ] GC(210) Survivor regions: 1->1(5)
[159.085s][info][gc,heap        ] GC(210) Old regions: 18->18
[159.085s][info][gc,heap        ] GC(210) Archive regions: 0->0
[159.085s][info][gc,heap        ] GC(210) Humongous regions: 0->0
[159.085s][info][gc,metaspace   ] GC(210) Metaspace: 9933K(10240K)->9933K(10240K) NonClass: 8631K(8832K)->8631K(8832K) Class: 1302K(1408K)->1302K(1408K)
[159.085s][info][gc             ] GC(210) Pause Young (Normal) (G1 Evacuation Pause) 75M->5M(120M) 3.545ms
[159.085s][info][gc,cpu         ] GC(210) User=0.02s Sys=0.00s Real=0.02s
[159.398s][info][gc,start       ] GC(211) Pause Young (Normal) (G1 Evacuation Pause)
[159.399s][info][gc,task        ] GC(211) Using 2 workers of 33 for evacuation
[159.403s][info][gc,phases      ] GC(211)   Pre Evacuate Collection Set: 0.1ms
[159.403s][info][gc,phases      ] GC(211)   Merge Heap Roots: 0.1ms
[159.403s][info][gc,phases      ] GC(211)   Evacuate Collection Set: 3.6ms
[159.403s][info][gc,phases      ] GC(211)   Post Evacuate Collection Set: 0.3ms
[159.403s][info][gc,phases      ] GC(211)   Other: 0.1ms
[159.403s][info][gc,heap        ] GC(211) Eden regions: 35->0(35)
[159.403s][info][gc,heap        ] GC(211) Survivor regions: 1->1(5)
[159.403s][info][gc,heap        ] GC(211) Old regions: 18->18
[159.403s][info][gc,heap        ] GC(211) Archive regions: 0->0
[159.403s][info][gc,heap        ] GC(211) Humongous regions: 0->0
[159.403s][info][gc,metaspace   ] GC(211) Metaspace: 9933K(10240K)->9933K(10240K) NonClass: 8631K(8832K)->8631K(8832K) Class: 1302K(1408K)->1302K(1408K)
[159.403s][info][gc             ] GC(211) Pause Young (Normal) (G1 Evacuation Pause) 75M->5M(120M) 4.732ms
[159.403s][info][gc,cpu         ] GC(211) User=0.03s Sys=0.00s Real=0.02s
[159.721s][info][gc,start       ] GC(212) Pause Young (Normal) (G1 Evacuation Pause)
[159.721s][info][gc,task        ] GC(212) Using 2 workers of 33 for evacuation
[159.726s][info][gc,phases      ] GC(212)   Pre Evacuate Collection Set: 0.2ms
[159.726s][info][gc,phases      ] GC(212)   Merge Heap Roots: 0.1ms
[159.726s][info][gc,phases      ] GC(212)   Evacuate Collection Set: 3.7ms
[159.726s][info][gc,phases      ] GC(212)   Post Evacuate Collection Set: 0.3ms
[159.726s][info][gc,phases      ] GC(212)   Other: 0.1ms
[159.726s][info][gc,heap        ] GC(212) Eden regions: 35->0(35)
[159.726s][info][gc,heap        ] GC(212) Survivor regions: 1->1(5)
[159.726s][info][gc,heap        ] GC(212) Old regions: 18->18
[159.726s][info][gc,heap        ] GC(212) Archive regions: 0->0
[159.726s][info][gc,heap        ] GC(212) Humongous regions: 0->0
[159.726s][info][gc,metaspace   ] GC(212) Metaspace: 9933K(10240K)->9933K(10240K) NonClass: 8631K(8832K)->8631K(8832K) Class: 1302K(1408K)->1302K(1408K)
[159.726s][info][gc             ] GC(212) Pause Young (Normal) (G1 Evacuation Pause) 75M->5M(120M) 4.862ms
[159.726s][info][gc,cpu         ] GC(212) User=0.03s Sys=0.00s Real=0.00s
[160.042s][info][gc,start       ] GC(213) Pause Young (Normal) (G1 Evacuation Pause)
[160.042s][info][gc,task        ] GC(213) Using 2 workers of 33 for evacuation
[160.046s][info][gc,phases      ] GC(213)   Pre Evacuate Collection Set: 0.1ms
[160.046s][info][gc,phases      ] GC(213)   Merge Heap Roots: 0.1ms
[160.046s][info][gc,phases      ] GC(213)   Evacuate Collection Set: 3.5ms
[160.046s][info][gc,phases      ] GC(213)   Post Evacuate Collection Set: 0.3ms
[160.046s][info][gc,phases      ] GC(213)   Other: 0.1ms
[160.046s][info][gc,heap        ] GC(213) Eden regions: 35->0(35)
[160.046s][info][gc,heap        ] GC(213) Survivor regions: 1->1(5)
[160.046s][info][gc,heap        ] GC(213) Old regions: 18->18
[160.046s][info][gc,heap        ] GC(213) Archive regions: 0->0
[160.046s][info][gc,heap        ] GC(213) Humongous regions: 0->0
[160.046s][info][gc,metaspace   ] GC(213) Metaspace: 9933K(10240K)->9933K(10240K) NonClass: 8631K(8832K)->8631K(8832K) Class: 1302K(1408K)->1302K(1408K)
[160.046s][info][gc             ] GC(213) Pause Young (Normal) (G1 Evacuation Pause) 75M->5M(120M) 4.688ms
[160.046s][info][gc,cpu         ] GC(213) User=0.00s Sys=0.00s Real=0.00s
[160.368s][info][gc,start       ] GC(214) Pause Young (Normal) (G1 Evacuation Pause)
[160.369s][info][gc,task        ] GC(214) Using 2 workers of 33 for evacuation
[160.380s][info][gc,phases      ] GC(214)   Pre Evacuate Collection Set: 0.1ms
[160.381s][info][gc,phases      ] GC(214)   Merge Heap Roots: 0.1ms
[160.381s][info][gc,phases      ] GC(214)   Evacuate Collection Set: 3.4ms
[160.381s][info][gc,phases      ] GC(214)   Post Evacuate Collection Set: 8.2ms
[160.381s][info][gc,phases      ] GC(214)   Other: 0.1ms
[160.381s][info][gc,heap        ] GC(214) Eden regions: 35->0(324)
[160.381s][info][gc,heap        ] GC(214) Survivor regions: 1->1(5)
[160.381s][info][gc,heap        ] GC(214) Old regions: 18->18
[160.381s][info][gc,heap        ] GC(214) Archive regions: 0->0
[160.381s][info][gc,heap        ] GC(214) Humongous regions: 0->0
[160.381s][info][gc,metaspace   ] GC(214) Metaspace: 9933K(10240K)->9933K(10240K) NonClass: 8631K(8832K)->8631K(8832K) Class: 1302K(1408K)->1302K(1408K)
[160.381s][info][gc             ] GC(214) Pause Young (Normal) (G1 Evacuation Pause) 75M->5M(1084M) 12.509ms
[160.381s][info][gc,cpu         ] GC(214) User=0.00s Sys=0.00s Real=0.00s
[163.510s][info][gc,start       ] GC(215) Pause Young (Normal) (G1 Evacuation Pause)
[163.510s][info][gc,task        ] GC(215) Using 26 workers of 33 for evacuation
[163.513s][info][gc,phases      ] GC(215)   Pre Evacuate Collection Set: 0.2ms
[163.513s][info][gc,phases      ] GC(215)   Merge Heap Roots: 0.2ms
[163.513s][info][gc,phases      ] GC(215)   Evacuate Collection Set: 1.7ms
[163.513s][info][gc,phases      ] GC(215)   Post Evacuate Collection Set: 0.7ms
[163.513s][info][gc,phases      ] GC(215)   Other: 0.2ms
[163.513s][info][gc,heap        ] GC(215) Eden regions: 324->0(324)
[163.513s][info][gc,heap        ] GC(215) Survivor regions: 1->1(41)
[163.513s][info][gc,heap        ] GC(215) Old regions: 18->18
[163.513s][info][gc,heap        ] GC(215) Archive regions: 0->0
[163.513s][info][gc,heap        ] GC(215) Humongous regions: 0->0
[163.513s][info][gc,metaspace   ] GC(215) Metaspace: 9933K(10240K)->9933K(10240K) NonClass: 8631K(8832K)->8631K(8832K) Class: 1302K(1408K)->1302K(1408K)
[163.514s][info][gc             ] GC(215) Pause Young (Normal) (G1 Evacuation Pause) 653M->5M(1084M) 3.569ms
[163.514s][info][gc,cpu         ] GC(215) User=0.41s Sys=0.00s Real=0.02s
[165.285s][info][gc,start       ] GC(216) Pause Full (System.gc())
[165.285s][info][gc,task        ] GC(216) Using 26 workers of 33 for full compaction
[165.286s][info][gc,phases,start] GC(216) Phase 1: Mark live objects
[165.292s][info][gc,phases      ] GC(216) Phase 1: Mark live objects 5.895ms
[165.292s][info][gc,phases,start] GC(216) Phase 2: Prepare compaction
[165.298s][info][gc,phases      ] GC(216) Phase 2: Prepare compaction 6.518ms
[165.298s][info][gc,phases,start] GC(216) Phase 3: Adjust pointers
[165.301s][info][gc,phases      ] GC(216) Phase 3: Adjust pointers 3.147ms
[165.302s][info][gc,phases,start] GC(216) Phase 4: Compact heap
[165.302s][info][gc,phases      ] GC(216) Phase 4: Compact heap 0.509ms
[165.310s][info][gc,heap        ] GC(216) Eden regions: 197->0(36)
[165.310s][info][gc,heap        ] GC(216) Survivor regions: 1->0(41)
[165.310s][info][gc,heap        ] GC(216) Old regions: 18->18
[165.310s][info][gc,heap        ] GC(216) Archive regions: 0->0
[165.310s][info][gc,heap        ] GC(216) Humongous regions: 0->0
[165.310s][info][gc,metaspace   ] GC(216) Metaspace: 9933K(10240K)->9933K(10240K) NonClass: 8631K(8832K)->8631K(8832K) Class: 1302K(1408K)->1302K(1408K)
[165.310s][info][gc             ] GC(216) Pause Full (System.gc()) 399M->3M(120M) 25.767ms
[165.310s][info][gc,cpu         ] GC(216) User=0.02s Sys=0.39s Real=0.02s
[165.605s][info][gc,start       ] GC(217) Pause Young (Normal) (G1 Evacuation Pause)
[165.605s][info][gc,task        ] GC(217) Using 14 workers of 33 for evacuation
[165.607s][info][gc,phases      ] GC(217)   Pre Evacuate Collection Set: 0.1ms
[165.607s][info][gc,phases      ] GC(217)   Merge Heap Roots: 0.1ms
[165.607s][info][gc,phases      ] GC(217)   Evacuate Collection Set: 0.8ms
[165.607s][info][gc,phases      ] GC(217)   Post Evacuate Collection Set: 0.3ms
[165.607s][info][gc,phases      ] GC(217)   Other: 0.1ms
[165.607s][info][gc,heap        ] GC(217) Eden regions: 36->0(35)
[165.607s][info][gc,heap        ] GC(217) Survivor regions: 0->1(5)
[165.607s][info][gc,heap        ] GC(217) Old regions: 18->18
[165.607s][info][gc,heap        ] GC(217) Archive regions: 0->0
[165.607s][info][gc,heap        ] GC(217) Humongous regions: 0->0
[165.607s][info][gc,metaspace   ] GC(217) Metaspace: 9933K(10240K)->9933K(10240K) NonClass: 8631K(8832K)->8631K(8832K) Class: 1302K(1408K)->1302K(1408K)
[165.607s][info][gc             ] GC(217) Pause Young (Normal) (G1 Evacuation Pause) 75M->5M(120M) 2.134ms
[165.607s][info][gc,cpu         ] GC(217) User=0.00s Sys=0.00s Real=0.00s
[165.911s][info][gc,start       ] GC(218) Pause Young (Normal) (G1 Evacuation Pause)
[165.911s][info][gc,task        ] GC(218) Using 8 workers of 33 for evacuation
[165.913s][info][gc,phases      ] GC(218)   Pre Evacuate Collection Set: 0.1ms
[165.913s][info][gc,phases      ] GC(218)   Merge Heap Roots: 0.1ms
[165.913s][info][gc,phases      ] GC(218)   Evacuate Collection Set: 1.0ms
[165.913s][info][gc,phases      ] GC(218)   Post Evacuate Collection Set: 0.4ms
[165.913s][info][gc,phases      ] GC(218)   Other: 0.1ms
[165.913s][info][gc,heap        ] GC(218) Eden regions: 35->0(35)
[165.913s][info][gc,heap        ] GC(218) Survivor regions: 1->1(5)
[165.913s][info][gc,heap        ] GC(218) Old regions: 18->18
[165.913s][info][gc,heap        ] GC(218) Archive regions: 0->0
[165.913s][info][gc,heap        ] GC(218) Humongous regions: 0->0
[165.914s][info][gc,metaspace   ] GC(218) Metaspace: 9933K(10240K)->9933K(10240K) NonClass: 8631K(8832K)->8631K(8832K) Class: 1302K(1408K)->1302K(1408K)
[165.914s][info][gc             ] GC(218) Pause Young (Normal) (G1 Evacuation Pause) 75M->5M(120M) 2.382ms
[165.914s][info][gc,cpu         ] GC(218) User=0.14s Sys=0.00s Real=0.01s
[166.233s][info][gc,start       ] GC(219) Pause Young (Normal) (G1 Evacuation Pause)
[166.233s][info][gc,task        ] GC(219) Using 5 workers of 33 for evacuation
[166.235s][info][gc,phases      ] GC(219)   Pre Evacuate Collection Set: 0.1ms
[166.235s][info][gc,phases      ] GC(219)   Merge Heap Roots: 0.1ms
[166.235s][info][gc,phases      ] GC(219)   Evacuate Collection Set: 1.6ms
[166.235s][info][gc,phases      ] GC(219)   Post Evacuate Collection Set: 0.3ms
[166.235s][info][gc,phases      ] GC(219)   Other: 0.1ms
[166.235s][info][gc,heap        ] GC(219) Eden regions: 35->0(35)
[166.235s][info][gc,heap        ] GC(219) Survivor regions: 1->1(5)
[166.235s][info][gc,heap        ] GC(219) Old regions: 18->18
[166.235s][info][gc,heap        ] GC(219) Archive regions: 0->0
[166.235s][info][gc,heap        ] GC(219) Humongous regions: 0->0
[166.235s][info][gc,metaspace   ] GC(219) Metaspace: 9933K(10240K)->9933K(10240K) NonClass: 8631K(8832K)->8631K(8832K) Class: 1302K(1408K)->1302K(1408K)
[166.235s][info][gc             ] GC(219) Pause Young (Normal) (G1 Evacuation Pause) 75M->5M(120M) 2.729ms
[166.235s][info][gc,cpu         ] GC(219) User=0.00s Sys=0.00s Real=0.00s
[166.561s][info][gc,start       ] GC(220) Pause Young (Normal) (G1 Evacuation Pause)
[166.561s][info][gc,task        ] GC(220) Using 3 workers of 33 for evacuation
[166.564s][info][gc,phases      ] GC(220)   Pre Evacuate Collection Set: 0.1ms
[166.564s][info][gc,phases      ] GC(220)   Merge Heap Roots: 0.1ms
[166.564s][info][gc,phases      ] GC(220)   Evacuate Collection Set: 2.4ms
[166.564s][info][gc,phases      ] GC(220)   Post Evacuate Collection Set: 0.3ms
[166.564s][info][gc,phases      ] GC(220)   Other: 0.1ms
[166.564s][info][gc,heap        ] GC(220) Eden regions: 35->0(35)
[166.564s][info][gc,heap        ] GC(220) Survivor regions: 1->1(5)
[166.564s][info][gc,heap        ] GC(220) Old regions: 18->18
[166.565s][info][gc,heap        ] GC(220) Archive regions: 0->0
[166.565s][info][gc,heap        ] GC(220) Humongous regions: 0->0
[166.565s][info][gc,metaspace   ] GC(220) Metaspace: 9933K(10240K)->9933K(10240K) NonClass: 8631K(8832K)->8631K(8832K) Class: 1302K(1408K)->1302K(1408K)
[166.565s][info][gc             ] GC(220) Pause Young (Normal) (G1 Evacuation Pause) 75M->5M(120M) 3.531ms
[166.565s][info][gc,cpu         ] GC(220) User=0.00s Sys=0.00s Real=0.00s
[166.879s][info][gc,start       ] GC(221) Pause Young (Normal) (G1 Evacuation Pause)
[166.879s][info][gc,task        ] GC(221) Using 2 workers of 33 for evacuation
[166.883s][info][gc,phases      ] GC(221)   Pre Evacuate Collection Set: 0.1ms
[166.883s][info][gc,phases      ] GC(221)   Merge Heap Roots: 0.1ms
[166.883s][info][gc,phases      ] GC(221)   Evacuate Collection Set: 3.4ms
[166.883s][info][gc,phases      ] GC(221)   Post Evacuate Collection Set: 0.3ms
[166.883s][info][gc,phases      ] GC(221)   Other: 0.1ms
[166.883s][info][gc,heap        ] GC(221) Eden regions: 35->0(35)
[166.884s][info][gc,heap        ] GC(221) Survivor regions: 1->1(5)
[166.884s][info][gc,heap        ] GC(221) Old regions: 18->18
[166.884s][info][gc,heap        ] GC(221) Archive regions: 0->0
[166.884s][info][gc,heap        ] GC(221) Humongous regions: 0->0
[166.884s][info][gc,metaspace   ] GC(221) Metaspace: 9933K(10240K)->9933K(10240K) NonClass: 8631K(8832K)->8631K(8832K) Class: 1302K(1408K)->1302K(1408K)
[166.884s][info][gc             ] GC(221) Pause Young (Normal) (G1 Evacuation Pause) 75M->5M(120M) 4.613ms
[166.884s][info][gc,cpu         ] GC(221) User=0.00s Sys=0.00s Real=0.00s
[167.203s][info][gc,start       ] GC(222) Pause Young (Normal) (G1 Evacuation Pause)
[167.203s][info][gc,task        ] GC(222) Using 2 workers of 33 for evacuation
[167.207s][info][gc,phases      ] GC(222)   Pre Evacuate Collection Set: 0.1ms
[167.207s][info][gc,phases      ] GC(222)   Merge Heap Roots: 0.1ms
[167.207s][info][gc,phases      ] GC(222)   Evacuate Collection Set: 3.5ms
[167.207s][info][gc,phases      ] GC(222)   Post Evacuate Collection Set: 0.3ms
[167.207s][info][gc,phases      ] GC(222)   Other: 0.1ms
[167.207s][info][gc,heap        ] GC(222) Eden regions: 35->0(35)
[167.207s][info][gc,heap        ] GC(222) Survivor regions: 1->1(5)
[167.207s][info][gc,heap        ] GC(222) Old regions: 18->18
[167.207s][info][gc,heap        ] GC(222) Archive regions: 0->0
[167.207s][info][gc,heap        ] GC(222) Humongous regions: 0->0
[167.208s][info][gc,metaspace   ] GC(222) Metaspace: 9933K(10240K)->9933K(10240K) NonClass: 8631K(8832K)->8631K(8832K) Class: 1302K(1408K)->1302K(1408K)
[167.208s][info][gc             ] GC(222) Pause Young (Normal) (G1 Evacuation Pause) 75M->5M(120M) 4.651ms
[167.208s][info][gc,cpu         ] GC(222) User=0.02s Sys=0.00s Real=0.02s
[167.527s][info][gc,start       ] GC(223) Pause Young (Normal) (G1 Evacuation Pause)
[167.527s][info][gc,task        ] GC(223) Using 2 workers of 33 for evacuation
[167.531s][info][gc,phases      ] GC(223)   Pre Evacuate Collection Set: 0.1ms
[167.531s][info][gc,phases      ] GC(223)   Merge Heap Roots: 0.1ms
[167.531s][info][gc,phases      ] GC(223)   Evacuate Collection Set: 3.5ms
[167.531s][info][gc,phases      ] GC(223)   Post Evacuate Collection Set: 0.3ms
[167.531s][info][gc,phases      ] GC(223)   Other: 0.1ms
[167.531s][info][gc,heap        ] GC(223) Eden regions: 35->0(35)
[167.531s][info][gc,heap        ] GC(223) Survivor regions: 1->1(5)
[167.531s][info][gc,heap        ] GC(223) Old regions: 18->18
[167.531s][info][gc,heap        ] GC(223) Archive regions: 0->0
[167.531s][info][gc,heap        ] GC(223) Humongous regions: 0->0
[167.531s][info][gc,metaspace   ] GC(223) Metaspace: 9933K(10240K)->9933K(10240K) NonClass: 8631K(8832K)->8631K(8832K) Class: 1302K(1408K)->1302K(1408K)
[167.531s][info][gc             ] GC(223) Pause Young (Normal) (G1 Evacuation Pause) 75M->5M(120M) 4.625ms
[167.531s][info][gc,cpu         ] GC(223) User=0.00s Sys=0.00s Real=0.00s
[167.842s][info][gc,start       ] GC(224) Pause Young (Normal) (G1 Evacuation Pause)
[167.851s][info][gc,task        ] GC(224) Using 2 workers of 33 for evacuation
[167.863s][info][gc,phases      ] GC(224)   Pre Evacuate Collection Set: 0.1ms
[167.863s][info][gc,phases      ] GC(224)   Merge Heap Roots: 0.1ms
[167.863s][info][gc,phases      ] GC(224)   Evacuate Collection Set: 3.3ms
[167.863s][info][gc,phases      ] GC(224)   Post Evacuate Collection Set: 8.2ms
[167.863s][info][gc,phases      ] GC(224)   Other: 0.1ms
[167.863s][info][gc,heap        ] GC(224) Eden regions: 35->0(324)
[167.863s][info][gc,heap        ] GC(224) Survivor regions: 1->1(5)
[167.863s][info][gc,heap        ] GC(224) Old regions: 18->18
[167.863s][info][gc,heap        ] GC(224) Archive regions: 0->0
[167.863s][info][gc,heap        ] GC(224) Humongous regions: 0->0
[167.863s][info][gc,metaspace   ] GC(224) Metaspace: 9933K(10240K)->9933K(10240K) NonClass: 8631K(8832K)->8631K(8832K) Class: 1302K(1408K)->1302K(1408K)
[167.864s][info][gc             ] GC(224) Pause Young (Normal) (G1 Evacuation Pause) 75M->5M(1084M) 21.510ms
[167.864s][info][gc,cpu         ] GC(224) User=0.02s Sys=0.00s Real=0.02s
[171.008s][info][gc,start       ] GC(225) Pause Young (Normal) (G1 Evacuation Pause)
[171.008s][info][gc,task        ] GC(225) Using 26 workers of 33 for evacuation
[171.011s][info][gc,phases      ] GC(225)   Pre Evacuate Collection Set: 0.2ms
[171.011s][info][gc,phases      ] GC(225)   Merge Heap Roots: 0.2ms
[171.011s][info][gc,phases      ] GC(225)   Evacuate Collection Set: 1.8ms
[171.012s][info][gc,phases      ] GC(225)   Post Evacuate Collection Set: 0.7ms
[171.012s][info][gc,phases      ] GC(225)   Other: 0.2ms
[171.012s][info][gc,heap        ] GC(225) Eden regions: 324->0(324)
[171.012s][info][gc,heap        ] GC(225) Survivor regions: 1->1(41)
[171.012s][info][gc,heap        ] GC(225) Old regions: 18->18
[171.012s][info][gc,heap        ] GC(225) Archive regions: 0->0
[171.012s][info][gc,heap        ] GC(225) Humongous regions: 0->0
[171.012s][info][gc,metaspace   ] GC(225) Metaspace: 9933K(10240K)->9933K(10240K) NonClass: 8631K(8832K)->8631K(8832K) Class: 1302K(1408K)->1302K(1408K)
[171.012s][info][gc             ] GC(225) Pause Young (Normal) (G1 Evacuation Pause) 653M->5M(1084M) 3.662ms
[171.012s][info][gc,cpu         ] GC(225) User=0.00s Sys=0.00s Real=0.00s
[172.783s][info][gc,start       ] GC(226) Pause Full (System.gc())
[172.783s][info][gc,task        ] GC(226) Using 26 workers of 33 for full compaction
[172.784s][info][gc,phases,start] GC(226) Phase 1: Mark live objects
[172.791s][info][gc,phases      ] GC(226) Phase 1: Mark live objects 7.094ms
[172.791s][info][gc,phases,start] GC(226) Phase 2: Prepare compaction
[172.797s][info][gc,phases      ] GC(226) Phase 2: Prepare compaction 6.212ms
[172.797s][info][gc,phases,start] GC(226) Phase 3: Adjust pointers
[172.800s][info][gc,phases      ] GC(226) Phase 3: Adjust pointers 2.832ms
[172.800s][info][gc,phases,start] GC(226) Phase 4: Compact heap
[172.801s][info][gc,phases      ] GC(226) Phase 4: Compact heap 0.602ms
[172.808s][info][gc,heap        ] GC(226) Eden regions: 196->0(36)
[172.808s][info][gc,heap        ] GC(226) Survivor regions: 1->0(41)
[172.808s][info][gc,heap        ] GC(226) Old regions: 18->18
[172.808s][info][gc,heap        ] GC(226) Archive regions: 0->0
[172.808s][info][gc,heap        ] GC(226) Humongous regions: 0->0
[172.808s][info][gc,metaspace   ] GC(226) Metaspace: 9933K(10240K)->9933K(10240K) NonClass: 8631K(8832K)->8631K(8832K) Class: 1302K(1408K)->1302K(1408K)
[172.808s][info][gc             ] GC(226) Pause Full (System.gc()) 396M->3M(120M) 25.491ms
[172.808s][info][gc,cpu         ] GC(226) User=0.42s Sys=0.00s Real=0.03s
[173.115s][info][gc,start       ] GC(227) Pause Young (Normal) (G1 Evacuation Pause)
[173.115s][info][gc,task        ] GC(227) Using 14 workers of 33 for evacuation
[173.116s][info][gc,phases      ] GC(227)   Pre Evacuate Collection Set: 0.1ms
[173.116s][info][gc,phases      ] GC(227)   Merge Heap Roots: 0.1ms
[173.116s][info][gc,phases      ] GC(227)   Evacuate Collection Set: 0.8ms
[173.116s][info][gc,phases      ] GC(227)   Post Evacuate Collection Set: 0.3ms
[173.116s][info][gc,phases      ] GC(227)   Other: 0.1ms
[173.116s][info][gc,heap        ] GC(227) Eden regions: 36->0(35)
[173.117s][info][gc,heap        ] GC(227) Survivor regions: 0->1(5)
[173.117s][info][gc,heap        ] GC(227) Old regions: 18->18
[173.117s][info][gc,heap        ] GC(227) Archive regions: 0->0
[173.117s][info][gc,heap        ] GC(227) Humongous regions: 0->0
[173.117s][info][gc,metaspace   ] GC(227) Metaspace: 9938K(10240K)->9938K(10240K) NonClass: 8636K(8832K)->8636K(8832K) Class: 1302K(1408K)->1302K(1408K)
[173.117s][info][gc             ] GC(227) Pause Young (Normal) (G1 Evacuation Pause) 75M->5M(120M) 2.015ms
[173.117s][info][gc,cpu         ] GC(227) User=0.00s Sys=0.00s Real=0.00s
[173.415s][info][gc,start       ] GC(228) Pause Young (Normal) (G1 Evacuation Pause)
[173.415s][info][gc,task        ] GC(228) Using 8 workers of 33 for evacuation
[173.417s][info][gc,phases      ] GC(228)   Pre Evacuate Collection Set: 0.1ms
[173.417s][info][gc,phases      ] GC(228)   Merge Heap Roots: 0.1ms
[173.417s][info][gc,phases      ] GC(228)   Evacuate Collection Set: 1.1ms
[173.417s][info][gc,phases      ] GC(228)   Post Evacuate Collection Set: 0.3ms
[173.417s][info][gc,phases      ] GC(228)   Other: 0.1ms
[173.417s][info][gc,heap        ] GC(228) Eden regions: 35->0(35)
[173.417s][info][gc,heap        ] GC(228) Survivor regions: 1->1(5)
[173.418s][info][gc,heap        ] GC(228) Old regions: 18->18
[173.418s][info][gc,heap        ] GC(228) Archive regions: 0->0
[173.418s][info][gc,heap        ] GC(228) Humongous regions: 0->0
[173.418s][info][gc,metaspace   ] GC(228) Metaspace: 9938K(10240K)->9938K(10240K) NonClass: 8636K(8832K)->8636K(8832K) Class: 1302K(1408K)->1302K(1408K)
[173.418s][info][gc             ] GC(228) Pause Young (Normal) (G1 Evacuation Pause) 75M->5M(120M) 2.365ms
[173.418s][info][gc,cpu         ] GC(228) User=0.00s Sys=0.00s Real=0.00s
[173.739s][info][gc,start       ] GC(229) Pause Young (Normal) (G1 Evacuation Pause)
[173.739s][info][gc,task        ] GC(229) Using 5 workers of 33 for evacuation
[173.741s][info][gc,phases      ] GC(229)   Pre Evacuate Collection Set: 0.1ms
[173.741s][info][gc,phases      ] GC(229)   Merge Heap Roots: 0.1ms
[173.741s][info][gc,phases      ] GC(229)   Evacuate Collection Set: 1.6ms
[173.741s][info][gc,phases      ] GC(229)   Post Evacuate Collection Set: 0.3ms
[173.741s][info][gc,phases      ] GC(229)   Other: 0.1ms
[173.741s][info][gc,heap        ] GC(229) Eden regions: 35->0(35)
[173.741s][info][gc,heap        ] GC(229) Survivor regions: 1->1(5)
[173.741s][info][gc,heap        ] GC(229) Old regions: 18->18
[173.741s][info][gc,heap        ] GC(229) Archive regions: 0->0
[173.741s][info][gc,heap        ] GC(229) Humongous regions: 0->0
[173.741s][info][gc,metaspace   ] GC(229) Metaspace: 9938K(10240K)->9938K(10240K) NonClass: 8636K(8832K)->8636K(8832K) Class: 1302K(1408K)->1302K(1408K)
[173.741s][info][gc             ] GC(229) Pause Young (Normal) (G1 Evacuation Pause) 75M->5M(120M) 2.732ms
[173.741s][info][gc,cpu         ] GC(229) User=0.00s Sys=0.00s Real=0.00s
[174.061s][info][gc,start       ] GC(230) Pause Young (Normal) (G1 Evacuation Pause)
[174.061s][info][gc,task        ] GC(230) Using 3 workers of 33 for evacuation
[174.064s][info][gc,phases      ] GC(230)   Pre Evacuate Collection Set: 0.1ms
[174.064s][info][gc,phases      ] GC(230)   Merge Heap Roots: 0.1ms
[174.064s][info][gc,phases      ] GC(230)   Evacuate Collection Set: 2.4ms
[174.064s][info][gc,phases      ] GC(230)   Post Evacuate Collection Set: 0.3ms
[174.064s][info][gc,phases      ] GC(230)   Other: 0.1ms
[174.064s][info][gc,heap        ] GC(230) Eden regions: 35->0(35)
[174.064s][info][gc,heap        ] GC(230) Survivor regions: 1->1(5)
[174.064s][info][gc,heap        ] GC(230) Old regions: 18->18
[174.064s][info][gc,heap        ] GC(230) Archive regions: 0->0
[174.064s][info][gc,heap        ] GC(230) Humongous regions: 0->0
[174.064s][info][gc,metaspace   ] GC(230) Metaspace: 9938K(10240K)->9938K(10240K) NonClass: 8636K(8832K)->8636K(8832K) Class: 1302K(1408K)->1302K(1408K)
[174.064s][info][gc             ] GC(230) Pause Young (Normal) (G1 Evacuation Pause) 75M->5M(120M) 3.523ms
[174.064s][info][gc,cpu         ] GC(230) User=0.00s Sys=0.00s Real=0.00s
[174.385s][info][gc,start       ] GC(231) Pause Young (Normal) (G1 Evacuation Pause)
[174.385s][info][gc,task        ] GC(231) Using 2 workers of 33 for evacuation
[174.389s][info][gc,phases      ] GC(231)   Pre Evacuate Collection Set: 0.1ms
[174.389s][info][gc,phases      ] GC(231)   Merge Heap Roots: 0.1ms
[174.389s][info][gc,phases      ] GC(231)   Evacuate Collection Set: 3.7ms
[174.389s][info][gc,phases      ] GC(231)   Post Evacuate Collection Set: 0.3ms
[174.389s][info][gc,phases      ] GC(231)   Other: 0.1ms
[174.389s][info][gc,heap        ] GC(231) Eden regions: 35->0(35)
[174.389s][info][gc,heap        ] GC(231) Survivor regions: 1->1(5)
[174.389s][info][gc,heap        ] GC(231) Old regions: 18->18
[174.389s][info][gc,heap        ] GC(231) Archive regions: 0->0
[174.389s][info][gc,heap        ] GC(231) Humongous regions: 0->0
[174.389s][info][gc,metaspace   ] GC(231) Metaspace: 9938K(10240K)->9938K(10240K) NonClass: 8636K(8832K)->8636K(8832K) Class: 1302K(1408K)->1302K(1408K)
[174.389s][info][gc             ] GC(231) Pause Young (Normal) (G1 Evacuation Pause) 75M->5M(120M) 4.885ms
[174.389s][info][gc,cpu         ] GC(231) User=0.03s Sys=0.00s Real=0.02s
[174.689s][info][gc,start       ] GC(232) Pause Young (Normal) (G1 Evacuation Pause)
[174.689s][info][gc,task        ] GC(232) Using 2 workers of 33 for evacuation
[174.693s][info][gc,phases      ] GC(232)   Pre Evacuate Collection Set: 0.1ms
[174.693s][info][gc,phases      ] GC(232)   Merge Heap Roots: 0.1ms
[174.693s][info][gc,phases      ] GC(232)   Evacuate Collection Set: 3.5ms
[174.693s][info][gc,phases      ] GC(232)   Post Evacuate Collection Set: 0.3ms
[174.693s][info][gc,phases      ] GC(232)   Other: 0.1ms
[174.693s][info][gc,heap        ] GC(232) Eden regions: 35->0(35)
[174.693s][info][gc,heap        ] GC(232) Survivor regions: 1->1(5)
[174.693s][info][gc,heap        ] GC(232) Old regions: 18->18
[174.693s][info][gc,heap        ] GC(232) Archive regions: 0->0
[174.693s][info][gc,heap        ] GC(232) Humongous regions: 0->0
[174.693s][info][gc,metaspace   ] GC(232) Metaspace: 9938K(10240K)->9938K(10240K) NonClass: 8636K(8832K)->8636K(8832K) Class: 1302K(1408K)->1302K(1408K)
[174.693s][info][gc             ] GC(232) Pause Young (Normal) (G1 Evacuation Pause) 75M->5M(120M) 4.629ms
[174.693s][info][gc,cpu         ] GC(232) User=0.00s Sys=0.00s Real=0.00s
[175.006s][info][gc,start       ] GC(233) Pause Young (Normal) (G1 Evacuation Pause)
[175.006s][info][gc,task        ] GC(233) Using 2 workers of 33 for evacuation
[175.010s][info][gc,phases      ] GC(233)   Pre Evacuate Collection Set: 0.1ms
[175.010s][info][gc,phases      ] GC(233)   Merge Heap Roots: 0.1ms
[175.010s][info][gc,phases      ] GC(233)   Evacuate Collection Set: 3.6ms
[175.010s][info][gc,phases      ] GC(233)   Post Evacuate Collection Set: 0.3ms
[175.010s][info][gc,phases      ] GC(233)   Other: 0.1ms
[175.010s][info][gc,heap        ] GC(233) Eden regions: 35->0(35)
[175.010s][info][gc,heap        ] GC(233) Survivor regions: 1->1(5)
[175.010s][info][gc,heap        ] GC(233) Old regions: 18->18
[175.010s][info][gc,heap        ] GC(233) Archive regions: 0->0
[175.010s][info][gc,heap        ] GC(233) Humongous regions: 0->0
[175.010s][info][gc,metaspace   ] GC(233) Metaspace: 9938K(10240K)->9938K(10240K) NonClass: 8636K(8832K)->8636K(8832K) Class: 1302K(1408K)->1302K(1408K)
[175.011s][info][gc             ] GC(233) Pause Young (Normal) (G1 Evacuation Pause) 75M->5M(120M) 4.690ms
[175.011s][info][gc,cpu         ] GC(233) User=0.00s Sys=0.00s Real=0.00s
[175.323s][info][gc,start       ] GC(234) Pause Young (Normal) (G1 Evacuation Pause)
[175.323s][info][gc,task        ] GC(234) Using 2 workers of 33 for evacuation
[175.335s][info][gc,phases      ] GC(234)   Pre Evacuate Collection Set: 0.1ms
[175.335s][info][gc,phases      ] GC(234)   Merge Heap Roots: 0.1ms
[175.335s][info][gc,phases      ] GC(234)   Evacuate Collection Set: 3.5ms
[175.335s][info][gc,phases      ] GC(234)   Post Evacuate Collection Set: 8.2ms
[175.335s][info][gc,phases      ] GC(234)   Other: 0.1ms
[175.335s][info][gc,heap        ] GC(234) Eden regions: 35->0(324)
[175.335s][info][gc,heap        ] GC(234) Survivor regions: 1->1(5)
[175.335s][info][gc,heap        ] GC(234) Old regions: 18->18
[175.335s][info][gc,heap        ] GC(234) Archive regions: 0->0
[175.335s][info][gc,heap        ] GC(234) Humongous regions: 0->0
[175.335s][info][gc,metaspace   ] GC(234) Metaspace: 9938K(10240K)->9938K(10240K) NonClass: 8636K(8832K)->8636K(8832K) Class: 1302K(1408K)->1302K(1408K)
[175.336s][info][gc             ] GC(234) Pause Young (Normal) (G1 Evacuation Pause) 75M->5M(1084M) 12.566ms
[175.336s][info][gc,cpu         ] GC(234) User=0.03s Sys=0.00s Real=0.02s
[178.469s][info][gc,start       ] GC(235) Pause Young (Normal) (G1 Evacuation Pause)
[178.469s][info][gc,task        ] GC(235) Using 26 workers of 33 for evacuation
[178.472s][info][gc,phases      ] GC(235)   Pre Evacuate Collection Set: 0.2ms
[178.472s][info][gc,phases      ] GC(235)   Merge Heap Roots: 0.2ms
[178.472s][info][gc,phases      ] GC(235)   Evacuate Collection Set: 1.9ms
[178.472s][info][gc,phases      ] GC(235)   Post Evacuate Collection Set: 0.7ms
[178.472s][info][gc,phases      ] GC(235)   Other: 0.2ms
[178.472s][info][gc,heap        ] GC(235) Eden regions: 324->0(324)
[178.473s][info][gc,heap        ] GC(235) Survivor regions: 1->1(41)
[178.473s][info][gc,heap        ] GC(235) Old regions: 18->18
[178.473s][info][gc,heap        ] GC(235) Archive regions: 0->0
[178.473s][info][gc,heap        ] GC(235) Humongous regions: 0->0
[178.473s][info][gc,metaspace   ] GC(235) Metaspace: 9938K(10240K)->9938K(10240K) NonClass: 8636K(8832K)->8636K(8832K) Class: 1302K(1408K)->1302K(1408K)
[178.473s][info][gc             ] GC(235) Pause Young (Normal) (G1 Evacuation Pause) 653M->5M(1084M) 3.760ms
[178.473s][info][gc,cpu         ] GC(235) User=0.00s Sys=0.00s Real=0.00s
[180.274s][info][gc,start       ] GC(236) Pause Full (System.gc())
[180.274s][info][gc,task        ] GC(236) Using 26 workers of 33 for full compaction
[180.275s][info][gc,phases,start] GC(236) Phase 1: Mark live objects
[180.281s][info][gc,phases      ] GC(236) Phase 1: Mark live objects 5.792ms
[180.281s][info][gc,phases,start] GC(236) Phase 2: Prepare compaction
[180.288s][info][gc,phases      ] GC(236) Phase 2: Prepare compaction 6.212ms
[180.288s][info][gc,phases,start] GC(236) Phase 3: Adjust pointers
[180.291s][info][gc,phases      ] GC(236) Phase 3: Adjust pointers 3.246ms
[180.291s][info][gc,phases,start] GC(236) Phase 4: Compact heap
[180.291s][info][gc,phases      ] GC(236) Phase 4: Compact heap 0.542ms
[180.300s][info][gc,heap        ] GC(236) Eden regions: 199->0(36)
[180.300s][info][gc,heap        ] GC(236) Survivor regions: 1->0(41)
[180.300s][info][gc,heap        ] GC(236) Old regions: 18->18
[180.300s][info][gc,heap        ] GC(236) Archive regions: 0->0
[180.300s][info][gc,heap        ] GC(236) Humongous regions: 0->0
[180.300s][info][gc,metaspace   ] GC(236) Metaspace: 9941K(10240K)->9941K(10240K) NonClass: 8639K(8832K)->8639K(8832K) Class: 1302K(1408K)->1302K(1408K)
[180.300s][info][gc             ] GC(236) Pause Full (System.gc()) 401M->3M(120M) 25.497ms
[180.300s][info][gc,cpu         ] GC(236) User=0.59s Sys=0.08s Real=0.03s
[180.605s][info][gc,start       ] GC(237) Pause Young (Normal) (G1 Evacuation Pause)
[180.605s][info][gc,task        ] GC(237) Using 14 workers of 33 for evacuation
[180.606s][info][gc,phases      ] GC(237)   Pre Evacuate Collection Set: 0.1ms
[180.606s][info][gc,phases      ] GC(237)   Merge Heap Roots: 0.1ms
[180.606s][info][gc,phases      ] GC(237)   Evacuate Collection Set: 0.7ms
[180.606s][info][gc,phases      ] GC(237)   Post Evacuate Collection Set: 0.3ms
[180.606s][info][gc,phases      ] GC(237)   Other: 0.1ms
[180.606s][info][gc,heap        ] GC(237) Eden regions: 36->0(35)
[180.606s][info][gc,heap        ] GC(237) Survivor regions: 0->1(5)
[180.606s][info][gc,heap        ] GC(237) Old regions: 18->18
[180.606s][info][gc,heap        ] GC(237) Archive regions: 0->0
[180.606s][info][gc,heap        ] GC(237) Humongous regions: 0->0
[180.606s][info][gc,metaspace   ] GC(237) Metaspace: 9941K(10240K)->9941K(10240K) NonClass: 8639K(8832K)->8639K(8832K) Class: 1302K(1408K)->1302K(1408K)
[180.606s][info][gc             ] GC(237) Pause Young (Normal) (G1 Evacuation Pause) 75M->5M(120M) 1.911ms
[180.606s][info][gc,cpu         ] GC(237) User=0.00s Sys=0.00s Real=0.00s
[180.916s][info][gc,start       ] GC(238) Pause Young (Normal) (G1 Evacuation Pause)
[180.916s][info][gc,task        ] GC(238) Using 8 workers of 33 for evacuation
[180.918s][info][gc,phases      ] GC(238)   Pre Evacuate Collection Set: 0.1ms
[180.918s][info][gc,phases      ] GC(238)   Merge Heap Roots: 0.1ms
[180.918s][info][gc,phases      ] GC(238)   Evacuate Collection Set: 1.2ms
[180.918s][info][gc,phases      ] GC(238)   Post Evacuate Collection Set: 0.3ms
[180.918s][info][gc,phases      ] GC(238)   Other: 0.1ms
[180.918s][info][gc,heap        ] GC(238) Eden regions: 35->0(35)
[180.918s][info][gc,heap        ] GC(238) Survivor regions: 1->1(5)
[180.918s][info][gc,heap        ] GC(238) Old regions: 18->18
[180.919s][info][gc,heap        ] GC(238) Archive regions: 0->0
[180.919s][info][gc,heap        ] GC(238) Humongous regions: 0->0
[180.919s][info][gc,metaspace   ] GC(238) Metaspace: 9941K(10240K)->9941K(10240K) NonClass: 8639K(8832K)->8639K(8832K) Class: 1302K(1408K)->1302K(1408K)
[180.919s][info][gc             ] GC(238) Pause Young (Normal) (G1 Evacuation Pause) 75M->5M(120M) 2.340ms
[180.919s][info][gc,cpu         ] GC(238) User=0.02s Sys=0.00s Real=0.01s
[181.234s][info][gc,start       ] GC(239) Pause Young (Normal) (G1 Evacuation Pause)
[181.234s][info][gc,task        ] GC(239) Using 5 workers of 33 for evacuation
[181.237s][info][gc,phases      ] GC(239)   Pre Evacuate Collection Set: 0.1ms
[181.237s][info][gc,phases      ] GC(239)   Merge Heap Roots: 0.1ms
[181.237s][info][gc,phases      ] GC(239)   Evacuate Collection Set: 1.5ms
[181.237s][info][gc,phases      ] GC(239)   Post Evacuate Collection Set: 0.3ms
[181.237s][info][gc,phases      ] GC(239)   Other: 0.1ms
[181.237s][info][gc,heap        ] GC(239) Eden regions: 35->0(35)
[181.237s][info][gc,heap        ] GC(239) Survivor regions: 1->1(5)
[181.237s][info][gc,heap        ] GC(239) Old regions: 18->18
[181.237s][info][gc,heap        ] GC(239) Archive regions: 0->0
[181.237s][info][gc,heap        ] GC(239) Humongous regions: 0->0
[181.237s][info][gc,metaspace   ] GC(239) Metaspace: 9941K(10240K)->9941K(10240K) NonClass: 8639K(8832K)->8639K(8832K) Class: 1302K(1408K)->1302K(1408K)
[181.237s][info][gc             ] GC(239) Pause Young (Normal) (G1 Evacuation Pause) 75M->5M(120M) 2.619ms
[181.237s][info][gc,cpu         ] GC(239) User=0.00s Sys=0.00s Real=0.00s
[181.557s][info][gc,start       ] GC(240) Pause Young (Normal) (G1 Evacuation Pause)
[181.557s][info][gc,task        ] GC(240) Using 3 workers of 33 for evacuation
[181.560s][info][gc,phases      ] GC(240)   Pre Evacuate Collection Set: 0.1ms
[181.560s][info][gc,phases      ] GC(240)   Merge Heap Roots: 0.1ms
[181.560s][info][gc,phases      ] GC(240)   Evacuate Collection Set: 2.5ms
[181.560s][info][gc,phases      ] GC(240)   Post Evacuate Collection Set: 0.3ms
[181.560s][info][gc,phases      ] GC(240)   Other: 0.1ms
[181.560s][info][gc,heap        ] GC(240) Eden regions: 35->0(35)
[181.560s][info][gc,heap        ] GC(240) Survivor regions: 1->1(5)
[181.560s][info][gc,heap        ] GC(240) Old regions: 18->18
[181.560s][info][gc,heap        ] GC(240) Archive regions: 0->0
[181.560s][info][gc,heap        ] GC(240) Humongous regions: 0->0
[181.560s][info][gc,metaspace   ] GC(240) Metaspace: 9941K(10240K)->9941K(10240K) NonClass: 8639K(8832K)->8639K(8832K) Class: 1302K(1408K)->1302K(1408K)
[181.561s][info][gc             ] GC(240) Pause Young (Normal) (G1 Evacuation Pause) 75M->5M(120M) 3.634ms
[181.561s][info][gc,cpu         ] GC(240) User=0.05s Sys=0.00s Real=0.02s
[181.874s][info][gc,start       ] GC(241) Pause Young (Normal) (G1 Evacuation Pause)
[181.874s][info][gc,task        ] GC(241) Using 2 workers of 33 for evacuation
[181.878s][info][gc,phases      ] GC(241)   Pre Evacuate Collection Set: 0.1ms
[181.878s][info][gc,phases      ] GC(241)   Merge Heap Roots: 0.1ms
[181.878s][info][gc,phases      ] GC(241)   Evacuate Collection Set: 3.4ms
[181.878s][info][gc,phases      ] GC(241)   Post Evacuate Collection Set: 0.3ms
[181.878s][info][gc,phases      ] GC(241)   Other: 0.1ms
[181.878s][info][gc,heap        ] GC(241) Eden regions: 35->0(35)
[181.878s][info][gc,heap        ] GC(241) Survivor regions: 1->1(5)
[181.878s][info][gc,heap        ] GC(241) Old regions: 18->18
[181.878s][info][gc,heap        ] GC(241) Archive regions: 0->0
[181.878s][info][gc,heap        ] GC(241) Humongous regions: 0->0
[181.878s][info][gc,metaspace   ] GC(241) Metaspace: 9941K(10240K)->9941K(10240K) NonClass: 8639K(8832K)->8639K(8832K) Class: 1302K(1408K)->1302K(1408K)
[181.879s][info][gc             ] GC(241) Pause Young (Normal) (G1 Evacuation Pause) 75M->5M(120M) 4.552ms
[181.879s][info][gc,cpu         ] GC(241) User=0.00s Sys=0.00s Real=0.00s
[182.185s][info][gc,start       ] GC(242) Pause Young (Normal) (G1 Evacuation Pause)
[182.186s][info][gc,task        ] GC(242) Using 2 workers of 33 for evacuation
[182.189s][info][gc,phases      ] GC(242)   Pre Evacuate Collection Set: 0.1ms
[182.189s][info][gc,phases      ] GC(242)   Merge Heap Roots: 0.1ms
[182.189s][info][gc,phases      ] GC(242)   Evacuate Collection Set: 3.3ms
[182.190s][info][gc,phases      ] GC(242)   Post Evacuate Collection Set: 0.3ms
[182.190s][info][gc,phases      ] GC(242)   Other: 0.1ms
[182.190s][info][gc,heap        ] GC(242) Eden regions: 35->0(35)
[182.190s][info][gc,heap        ] GC(242) Survivor regions: 1->1(5)
[182.190s][info][gc,heap        ] GC(242) Old regions: 18->18
[182.190s][info][gc,heap        ] GC(242) Archive regions: 0->0
[182.190s][info][gc,heap        ] GC(242) Humongous regions: 0->0
[182.190s][info][gc,metaspace   ] GC(242) Metaspace: 9941K(10240K)->9941K(10240K) NonClass: 8639K(8832K)->8639K(8832K) Class: 1302K(1408K)->1302K(1408K)
[182.190s][info][gc             ] GC(242) Pause Young (Normal) (G1 Evacuation Pause) 75M->5M(120M) 4.431ms
[182.190s][info][gc,cpu         ] GC(242) User=0.00s Sys=0.00s Real=0.00s
[182.511s][info][gc,start       ] GC(243) Pause Young (Normal) (G1 Evacuation Pause)
[182.511s][info][gc,task        ] GC(243) Using 2 workers of 33 for evacuation
[182.515s][info][gc,phases      ] GC(243)   Pre Evacuate Collection Set: 0.1ms
[182.515s][info][gc,phases      ] GC(243)   Merge Heap Roots: 0.1ms
[182.515s][info][gc,phases      ] GC(243)   Evacuate Collection Set: 3.6ms
[182.515s][info][gc,phases      ] GC(243)   Post Evacuate Collection Set: 0.3ms
[182.515s][info][gc,phases      ] GC(243)   Other: 0.1ms
[182.515s][info][gc,heap        ] GC(243) Eden regions: 35->0(35)
[182.515s][info][gc,heap        ] GC(243) Survivor regions: 1->1(5)
[182.515s][info][gc,heap        ] GC(243) Old regions: 18->18
[182.515s][info][gc,heap        ] GC(243) Archive regions: 0->0
[182.515s][info][gc,heap        ] GC(243) Humongous regions: 0->0
[182.515s][info][gc,metaspace   ] GC(243) Metaspace: 9941K(10240K)->9941K(10240K) NonClass: 8639K(8832K)->8639K(8832K) Class: 1302K(1408K)->1302K(1408K)
[182.515s][info][gc             ] GC(243) Pause Young (Normal) (G1 Evacuation Pause) 75M->5M(120M) 4.816ms
[182.515s][info][gc,cpu         ] GC(243) User=0.00s Sys=0.00s Real=0.00s
[182.815s][info][gc,start       ] GC(244) Pause Young (Normal) (G1 Evacuation Pause)
[182.815s][info][gc,task        ] GC(244) Using 2 workers of 33 for evacuation
[182.827s][info][gc,phases      ] GC(244)   Pre Evacuate Collection Set: 0.1ms
[182.827s][info][gc,phases      ] GC(244)   Merge Heap Roots: 0.1ms
[182.827s][info][gc,phases      ] GC(244)   Evacuate Collection Set: 3.3ms
[182.827s][info][gc,phases      ] GC(244)   Post Evacuate Collection Set: 8.3ms
[182.827s][info][gc,phases      ] GC(244)   Other: 0.1ms
[182.828s][info][gc,heap        ] GC(244) Eden regions: 35->0(324)
[182.828s][info][gc,heap        ] GC(244) Survivor regions: 1->1(5)
[182.828s][info][gc,heap        ] GC(244) Old regions: 18->18
[182.828s][info][gc,heap        ] GC(244) Archive regions: 0->0
[182.828s][info][gc,heap        ] GC(244) Humongous regions: 0->0
[182.828s][info][gc,metaspace   ] GC(244) Metaspace: 9941K(10240K)->9941K(10240K) NonClass: 8639K(8832K)->8639K(8832K) Class: 1302K(1408K)->1302K(1408K)
[182.828s][info][gc             ] GC(244) Pause Young (Normal) (G1 Evacuation Pause) 75M->5M(1084M) 12.525ms
[182.828s][info][gc,cpu         ] GC(244) User=0.00s Sys=0.02s Real=0.02s
[185.945s][info][gc,start       ] GC(245) Pause Young (Normal) (G1 Evacuation Pause)
[185.946s][info][gc,task        ] GC(245) Using 26 workers of 33 for evacuation
[185.949s][info][gc,phases      ] GC(245)   Pre Evacuate Collection Set: 0.3ms
[185.949s][info][gc,phases      ] GC(245)   Merge Heap Roots: 0.3ms
[185.949s][info][gc,phases      ] GC(245)   Evacuate Collection Set: 1.8ms
[185.949s][info][gc,phases      ] GC(245)   Post Evacuate Collection Set: 0.7ms
[185.949s][info][gc,phases      ] GC(245)   Other: 0.2ms
[185.949s][info][gc,heap        ] GC(245) Eden regions: 324->0(324)
[185.949s][info][gc,heap        ] GC(245) Survivor regions: 1->1(41)
[185.949s][info][gc,heap        ] GC(245) Old regions: 18->18
[185.949s][info][gc,heap        ] GC(245) Archive regions: 0->0
[185.949s][info][gc,heap        ] GC(245) Humongous regions: 0->0
[185.949s][info][gc,metaspace   ] GC(245) Metaspace: 9941K(10240K)->9941K(10240K) NonClass: 8639K(8832K)->8639K(8832K) Class: 1302K(1408K)->1302K(1408K)
[185.949s][info][gc             ] GC(245) Pause Young (Normal) (G1 Evacuation Pause) 653M->5M(1084M) 3.782ms
[185.949s][info][gc,cpu         ] GC(245) User=0.00s Sys=0.00s Real=0.00s
[187.674s][info][gc,start       ] GC(246) Pause Full (System.gc())
[187.674s][info][gc,task        ] GC(246) Using 26 workers of 33 for full compaction
[187.675s][info][gc,phases,start] GC(246) Phase 1: Mark live objects
[187.681s][info][gc,phases      ] GC(246) Phase 1: Mark live objects 6.227ms
[187.681s][info][gc,phases,start] GC(246) Phase 2: Prepare compaction
[187.688s][info][gc,phases      ] GC(246) Phase 2: Prepare compaction 6.491ms
[187.688s][info][gc,phases,start] GC(246) Phase 3: Adjust pointers
[187.691s][info][gc,phases      ] GC(246) Phase 3: Adjust pointers 3.687ms
[187.692s][info][gc,phases,start] GC(246) Phase 4: Compact heap
[187.692s][info][gc,phases      ] GC(246) Phase 4: Compact heap 0.662ms
[187.702s][info][gc,heap        ] GC(246) Eden regions: 194->0(36)
[187.702s][info][gc,heap        ] GC(246) Survivor regions: 1->0(41)
[187.702s][info][gc,heap        ] GC(246) Old regions: 18->18
[187.702s][info][gc,heap        ] GC(246) Archive regions: 0->0
[187.702s][info][gc,heap        ] GC(246) Humongous regions: 0->0
[187.702s][info][gc,metaspace   ] GC(246) Metaspace: 9941K(10240K)->9941K(10240K) NonClass: 8639K(8832K)->8639K(8832K) Class: 1302K(1408K)->1302K(1408K)
[187.702s][info][gc             ] GC(246) Pause Full (System.gc()) 393M->3M(120M) 28.209ms
[187.702s][info][gc,cpu         ] GC(246) User=0.02s Sys=0.41s Real=0.03s
[188.009s][info][gc,start       ] GC(247) Pause Young (Normal) (G1 Evacuation Pause)
[188.009s][info][gc,task        ] GC(247) Using 14 workers of 33 for evacuation
[188.011s][info][gc,phases      ] GC(247)   Pre Evacuate Collection Set: 0.1ms
[188.011s][info][gc,phases      ] GC(247)   Merge Heap Roots: 0.1ms
[188.011s][info][gc,phases      ] GC(247)   Evacuate Collection Set: 0.8ms
[188.011s][info][gc,phases      ] GC(247)   Post Evacuate Collection Set: 0.3ms
[188.011s][info][gc,phases      ] GC(247)   Other: 0.1ms
[188.011s][info][gc,heap        ] GC(247) Eden regions: 36->0(35)
[188.011s][info][gc,heap        ] GC(247) Survivor regions: 0->1(5)
[188.011s][info][gc,heap        ] GC(247) Old regions: 18->18
[188.011s][info][gc,heap        ] GC(247) Archive regions: 0->0
[188.011s][info][gc,heap        ] GC(247) Humongous regions: 0->0
[188.011s][info][gc,metaspace   ] GC(247) Metaspace: 9942K(10240K)->9942K(10240K) NonClass: 8640K(8832K)->8640K(8832K) Class: 1302K(1408K)->1302K(1408K)
[188.011s][info][gc             ] GC(247) Pause Young (Normal) (G1 Evacuation Pause) 75M->5M(120M) 2.030ms
[188.011s][info][gc,cpu         ] GC(247) User=0.00s Sys=0.00s Real=0.00s
[188.317s][info][gc,start       ] GC(248) Pause Young (Normal) (G1 Evacuation Pause)
[188.317s][info][gc,task        ] GC(248) Using 8 workers of 33 for evacuation
[188.318s][info][gc,phases      ] GC(248)   Pre Evacuate Collection Set: 0.1ms
[188.318s][info][gc,phases      ] GC(248)   Merge Heap Roots: 0.1ms
[188.319s][info][gc,phases      ] GC(248)   Evacuate Collection Set: 1.1ms
[188.319s][info][gc,phases      ] GC(248)   Post Evacuate Collection Set: 0.3ms
[188.319s][info][gc,phases      ] GC(248)   Other: 0.1ms
[188.319s][info][gc,heap        ] GC(248) Eden regions: 35->0(35)
[188.319s][info][gc,heap        ] GC(248) Survivor regions: 1->1(5)
[188.319s][info][gc,heap        ] GC(248) Old regions: 18->18
[188.319s][info][gc,heap        ] GC(248) Archive regions: 0->0
[188.319s][info][gc,heap        ] GC(248) Humongous regions: 0->0
[188.319s][info][gc,metaspace   ] GC(248) Metaspace: 9942K(10240K)->9942K(10240K) NonClass: 8640K(8832K)->8640K(8832K) Class: 1302K(1408K)->1302K(1408K)
[188.319s][info][gc             ] GC(248) Pause Young (Normal) (G1 Evacuation Pause) 75M->5M(120M) 2.244ms
[188.319s][info][gc,cpu         ] GC(248) User=0.00s Sys=0.00s Real=0.00s
[188.634s][info][gc,start       ] GC(249) Pause Young (Normal) (G1 Evacuation Pause)
[188.634s][info][gc,task        ] GC(249) Using 5 workers of 33 for evacuation
[188.636s][info][gc,phases      ] GC(249)   Pre Evacuate Collection Set: 0.1ms
[188.636s][info][gc,phases      ] GC(249)   Merge Heap Roots: 0.1ms
[188.636s][info][gc,phases      ] GC(249)   Evacuate Collection Set: 1.5ms
[188.636s][info][gc,phases      ] GC(249)   Post Evacuate Collection Set: 0.3ms
[188.636s][info][gc,phases      ] GC(249)   Other: 0.1ms
[188.636s][info][gc,heap        ] GC(249) Eden regions: 35->0(35)
[188.636s][info][gc,heap        ] GC(249) Survivor regions: 1->1(5)
[188.636s][info][gc,heap        ] GC(249) Old regions: 18->18
[188.636s][info][gc,heap        ] GC(249) Archive regions: 0->0
[188.636s][info][gc,heap        ] GC(249) Humongous regions: 0->0
[188.636s][info][gc,metaspace   ] GC(249) Metaspace: 9942K(10240K)->9942K(10240K) NonClass: 8640K(8832K)->8640K(8832K) Class: 1302K(1408K)->1302K(1408K)
[188.636s][info][gc             ] GC(249) Pause Young (Normal) (G1 Evacuation Pause) 75M->5M(120M) 2.654ms
[188.637s][info][gc,cpu         ] GC(249) User=0.00s Sys=0.00s Real=0.00s
[188.947s][info][gc,start       ] GC(250) Pause Young (Normal) (G1 Evacuation Pause)
[188.947s][info][gc,task        ] GC(250) Using 3 workers of 33 for evacuation
[188.950s][info][gc,phases      ] GC(250)   Pre Evacuate Collection Set: 0.1ms
[188.950s][info][gc,phases      ] GC(250)   Merge Heap Roots: 0.1ms
[188.950s][info][gc,phases      ] GC(250)   Evacuate Collection Set: 2.4ms
[188.950s][info][gc,phases      ] GC(250)   Post Evacuate Collection Set: 0.3ms
[188.950s][info][gc,phases      ] GC(250)   Other: 0.1ms
[188.950s][info][gc,heap        ] GC(250) Eden regions: 35->0(35)
[188.950s][info][gc,heap        ] GC(250) Survivor regions: 1->1(5)
[188.950s][info][gc,heap        ] GC(250) Old regions: 18->18
[188.950s][info][gc,heap        ] GC(250) Archive regions: 0->0
[188.950s][info][gc,heap        ] GC(250) Humongous regions: 0->0
[188.950s][info][gc,metaspace   ] GC(250) Metaspace: 9942K(10240K)->9942K(10240K) NonClass: 8640K(8832K)->8640K(8832K) Class: 1302K(1408K)->1302K(1408K)
[188.951s][info][gc             ] GC(250) Pause Young (Normal) (G1 Evacuation Pause) 75M->5M(120M) 3.598ms
[188.951s][info][gc,cpu         ] GC(250) User=0.05s Sys=0.00s Real=0.02s
[189.270s][info][gc,start       ] GC(251) Pause Young (Normal) (G1 Evacuation Pause)
[189.270s][info][gc,task        ] GC(251) Using 2 workers of 33 for evacuation
[189.274s][info][gc,phases      ] GC(251)   Pre Evacuate Collection Set: 0.1ms
[189.274s][info][gc,phases      ] GC(251)   Merge Heap Roots: 0.1ms
[189.274s][info][gc,phases      ] GC(251)   Evacuate Collection Set: 3.4ms
[189.274s][info][gc,phases      ] GC(251)   Post Evacuate Collection Set: 0.3ms
[189.274s][info][gc,phases      ] GC(251)   Other: 0.1ms
[189.274s][info][gc,heap        ] GC(251) Eden regions: 35->0(35)
[189.274s][info][gc,heap        ] GC(251) Survivor regions: 1->1(5)
[189.275s][info][gc,heap        ] GC(251) Old regions: 18->18
[189.275s][info][gc,heap        ] GC(251) Archive regions: 0->0
[189.275s][info][gc,heap        ] GC(251) Humongous regions: 0->0
[189.275s][info][gc,metaspace   ] GC(251) Metaspace: 9942K(10240K)->9942K(10240K) NonClass: 8640K(8832K)->8640K(8832K) Class: 1302K(1408K)->1302K(1408K)
[189.275s][info][gc             ] GC(251) Pause Young (Normal) (G1 Evacuation Pause) 75M->5M(120M) 4.605ms
[189.275s][info][gc,cpu         ] GC(251) User=0.00s Sys=0.00s Real=0.00s
[189.592s][info][gc,start       ] GC(252) Pause Young (Normal) (G1 Evacuation Pause)
[189.592s][info][gc,task        ] GC(252) Using 2 workers of 33 for evacuation
[189.596s][info][gc,phases      ] GC(252)   Pre Evacuate Collection Set: 0.1ms
[189.596s][info][gc,phases      ] GC(252)   Merge Heap Roots: 0.1ms
[189.596s][info][gc,phases      ] GC(252)   Evacuate Collection Set: 3.4ms
[189.596s][info][gc,phases      ] GC(252)   Post Evacuate Collection Set: 0.3ms
[189.596s][info][gc,phases      ] GC(252)   Other: 0.1ms
[189.596s][info][gc,heap        ] GC(252) Eden regions: 35->0(35)
[189.596s][info][gc,heap        ] GC(252) Survivor regions: 1->1(5)
[189.596s][info][gc,heap        ] GC(252) Old regions: 18->18
[189.596s][info][gc,heap        ] GC(252) Archive regions: 0->0
[189.596s][info][gc,heap        ] GC(252) Humongous regions: 0->0
[189.596s][info][gc,metaspace   ] GC(252) Metaspace: 9942K(10240K)->9942K(10240K) NonClass: 8640K(8832K)->8640K(8832K) Class: 1302K(1408K)->1302K(1408K)
[189.597s][info][gc             ] GC(252) Pause Young (Normal) (G1 Evacuation Pause) 75M->5M(120M) 4.557ms
[189.597s][info][gc,cpu         ] GC(252) User=0.00s Sys=0.00s Real=0.00s
[189.910s][info][gc,start       ] GC(253) Pause Young (Normal) (G1 Evacuation Pause)
[189.910s][info][gc,task        ] GC(253) Using 2 workers of 33 for evacuation
[189.914s][info][gc,phases      ] GC(253)   Pre Evacuate Collection Set: 0.1ms
[189.914s][info][gc,phases      ] GC(253)   Merge Heap Roots: 0.1ms
[189.914s][info][gc,phases      ] GC(253)   Evacuate Collection Set: 3.7ms
[189.914s][info][gc,phases      ] GC(253)   Post Evacuate Collection Set: 0.3ms
[189.914s][info][gc,phases      ] GC(253)   Other: 0.1ms
[189.914s][info][gc,heap        ] GC(253) Eden regions: 35->0(35)
[189.914s][info][gc,heap        ] GC(253) Survivor regions: 1->1(5)
[189.914s][info][gc,heap        ] GC(253) Old regions: 18->18
[189.914s][info][gc,heap        ] GC(253) Archive regions: 0->0
[189.914s][info][gc,heap        ] GC(253) Humongous regions: 0->0
[189.914s][info][gc,metaspace   ] GC(253) Metaspace: 9942K(10240K)->9942K(10240K) NonClass: 8640K(8832K)->8640K(8832K) Class: 1302K(1408K)->1302K(1408K)
[189.915s][info][gc             ] GC(253) Pause Young (Normal) (G1 Evacuation Pause) 75M->5M(120M) 4.963ms
[189.915s][info][gc,cpu         ] GC(253) User=0.00s Sys=0.00s Real=0.00s
[190.233s][info][gc,start       ] GC(254) Pause Young (Normal) (G1 Evacuation Pause)
[190.234s][info][gc,task        ] GC(254) Using 2 workers of 33 for evacuation
[190.245s][info][gc,phases      ] GC(254)   Pre Evacuate Collection Set: 0.1ms
[190.246s][info][gc,phases      ] GC(254)   Merge Heap Roots: 0.1ms
[190.246s][info][gc,phases      ] GC(254)   Evacuate Collection Set: 3.4ms
[190.246s][info][gc,phases      ] GC(254)   Post Evacuate Collection Set: 8.2ms
[190.246s][info][gc,phases      ] GC(254)   Other: 0.1ms
[190.246s][info][gc,heap        ] GC(254) Eden regions: 35->0(324)
[190.246s][info][gc,heap        ] GC(254) Survivor regions: 1->1(5)
[190.246s][info][gc,heap        ] GC(254) Old regions: 18->18
[190.246s][info][gc,heap        ] GC(254) Archive regions: 0->0
[190.246s][info][gc,heap        ] GC(254) Humongous regions: 0->0
[190.246s][info][gc,metaspace   ] GC(254) Metaspace: 9942K(10240K)->9942K(10240K) NonClass: 8640K(8832K)->8640K(8832K) Class: 1302K(1408K)->1302K(1408K)
[190.246s][info][gc             ] GC(254) Pause Young (Normal) (G1 Evacuation Pause) 75M->5M(1084M) 12.531ms
[190.246s][info][gc,cpu         ] GC(254) User=0.00s Sys=0.02s Real=0.02s
[193.372s][info][gc,start       ] GC(255) Pause Young (Normal) (G1 Evacuation Pause)
[193.372s][info][gc,task        ] GC(255) Using 26 workers of 33 for evacuation
[193.375s][info][gc,phases      ] GC(255)   Pre Evacuate Collection Set: 0.2ms
[193.375s][info][gc,phases      ] GC(255)   Merge Heap Roots: 0.3ms
[193.375s][info][gc,phases      ] GC(255)   Evacuate Collection Set: 1.8ms
[193.375s][info][gc,phases      ] GC(255)   Post Evacuate Collection Set: 0.7ms
[193.375s][info][gc,phases      ] GC(255)   Other: 0.2ms
[193.375s][info][gc,heap        ] GC(255) Eden regions: 324->0(324)
[193.375s][info][gc,heap        ] GC(255) Survivor regions: 1->1(41)
[193.375s][info][gc,heap        ] GC(255) Old regions: 18->18
[193.375s][info][gc,heap        ] GC(255) Archive regions: 0->0
[193.375s][info][gc,heap        ] GC(255) Humongous regions: 0->0
[193.376s][info][gc,metaspace   ] GC(255) Metaspace: 9942K(10240K)->9942K(10240K) NonClass: 8640K(8832K)->8640K(8832K) Class: 1302K(1408K)->1302K(1408K)
[193.376s][info][gc             ] GC(255) Pause Young (Normal) (G1 Evacuation Pause) 653M->5M(1084M) 3.644ms
[193.376s][info][gc,cpu         ] GC(255) User=0.14s Sys=0.27s Real=0.01s
[195.107s][info][gc,start       ] GC(256) Pause Full (System.gc())
[195.107s][info][gc,task        ] GC(256) Using 26 workers of 33 for full compaction
[195.109s][info][gc,phases,start] GC(256) Phase 1: Mark live objects
[195.115s][info][gc,phases      ] GC(256) Phase 1: Mark live objects 6.526ms
[195.115s][info][gc,phases,start] GC(256) Phase 2: Prepare compaction
[195.121s][info][gc,phases      ] GC(256) Phase 2: Prepare compaction 6.293ms
[195.121s][info][gc,phases,start] GC(256) Phase 3: Adjust pointers
[195.125s][info][gc,phases      ] GC(256) Phase 3: Adjust pointers 3.047ms
[195.125s][info][gc,phases,start] GC(256) Phase 4: Compact heap
[195.125s][info][gc,phases      ] GC(256) Phase 4: Compact heap 0.521ms
[195.133s][info][gc,heap        ] GC(256) Eden regions: 197->0(36)
[195.133s][info][gc,heap        ] GC(256) Survivor regions: 1->0(41)
[195.133s][info][gc,heap        ] GC(256) Old regions: 18->18
[195.133s][info][gc,heap        ] GC(256) Archive regions: 0->0
[195.133s][info][gc,heap        ] GC(256) Humongous regions: 0->0
[195.133s][info][gc,metaspace   ] GC(256) Metaspace: 9942K(10240K)->9942K(10240K) NonClass: 8640K(8832K)->8640K(8832K) Class: 1302K(1408K)->1302K(1408K)
[195.133s][info][gc             ] GC(256) Pause Full (System.gc()) 399M->3M(120M) 26.234ms
[195.134s][info][gc,cpu         ] GC(256) User=0.44s Sys=0.23s Real=0.03s
[195.436s][info][gc,start       ] GC(257) Pause Young (Normal) (G1 Evacuation Pause)
[195.437s][info][gc,task        ] GC(257) Using 14 workers of 33 for evacuation
[195.438s][info][gc,phases      ] GC(257)   Pre Evacuate Collection Set: 0.1ms
[195.438s][info][gc,phases      ] GC(257)   Merge Heap Roots: 0.1ms
[195.438s][info][gc,phases      ] GC(257)   Evacuate Collection Set: 0.8ms
[195.438s][info][gc,phases      ] GC(257)   Post Evacuate Collection Set: 0.3ms
[195.438s][info][gc,phases      ] GC(257)   Other: 0.1ms
[195.438s][info][gc,heap        ] GC(257) Eden regions: 36->0(35)
[195.438s][info][gc,heap        ] GC(257) Survivor regions: 0->1(5)
[195.438s][info][gc,heap        ] GC(257) Old regions: 18->18
[195.438s][info][gc,heap        ] GC(257) Archive regions: 0->0
[195.438s][info][gc,heap        ] GC(257) Humongous regions: 0->0
[195.438s][info][gc,metaspace   ] GC(257) Metaspace: 9942K(10240K)->9942K(10240K) NonClass: 8640K(8832K)->8640K(8832K) Class: 1302K(1408K)->1302K(1408K)
[195.438s][info][gc             ] GC(257) Pause Young (Normal) (G1 Evacuation Pause) 75M->5M(120M) 1.669ms
[195.438s][info][gc,cpu         ] GC(257) User=0.00s Sys=0.00s Real=0.00s
[195.742s][info][gc,start       ] GC(258) Pause Young (Normal) (G1 Evacuation Pause)
[195.742s][info][gc,task        ] GC(258) Using 8 workers of 33 for evacuation
[195.744s][info][gc,phases      ] GC(258)   Pre Evacuate Collection Set: 0.1ms
[195.744s][info][gc,phases      ] GC(258)   Merge Heap Roots: 0.1ms
[195.744s][info][gc,phases      ] GC(258)   Evacuate Collection Set: 1.1ms
[195.744s][info][gc,phases      ] GC(258)   Post Evacuate Collection Set: 0.3ms
[195.744s][info][gc,phases      ] GC(258)   Other: 0.1ms
[195.744s][info][gc,heap        ] GC(258) Eden regions: 35->0(35)
[195.744s][info][gc,heap        ] GC(258) Survivor regions: 1->1(5)
[195.744s][info][gc,heap        ] GC(258) Old regions: 18->18
[195.744s][info][gc,heap        ] GC(258) Archive regions: 0->0
[195.744s][info][gc,heap        ] GC(258) Humongous regions: 0->0
[195.744s][info][gc,metaspace   ] GC(258) Metaspace: 9942K(10240K)->9942K(10240K) NonClass: 8640K(8832K)->8640K(8832K) Class: 1302K(1408K)->1302K(1408K)
[195.744s][info][gc             ] GC(258) Pause Young (Normal) (G1 Evacuation Pause) 75M->5M(120M) 2.288ms
[195.744s][info][gc,cpu         ] GC(258) User=0.02s Sys=0.00s Real=0.01s
[196.058s][info][gc,start       ] GC(259) Pause Young (Normal) (G1 Evacuation Pause)
[196.058s][info][gc,task        ] GC(259) Using 5 workers of 33 for evacuation
[196.060s][info][gc,phases      ] GC(259)   Pre Evacuate Collection Set: 0.1ms
[196.060s][info][gc,phases      ] GC(259)   Merge Heap Roots: 0.1ms
[196.060s][info][gc,phases      ] GC(259)   Evacuate Collection Set: 1.6ms
[196.061s][info][gc,phases      ] GC(259)   Post Evacuate Collection Set: 0.3ms
[196.061s][info][gc,phases      ] GC(259)   Other: 0.1ms
[196.061s][info][gc,heap        ] GC(259) Eden regions: 35->0(35)
[196.061s][info][gc,heap        ] GC(259) Survivor regions: 1->1(5)
[196.061s][info][gc,heap        ] GC(259) Old regions: 18->18
[196.061s][info][gc,heap        ] GC(259) Archive regions: 0->0
[196.061s][info][gc,heap        ] GC(259) Humongous regions: 0->0
[196.061s][info][gc,metaspace   ] GC(259) Metaspace: 9942K(10240K)->9942K(10240K) NonClass: 8640K(8832K)->8640K(8832K) Class: 1302K(1408K)->1302K(1408K)
[196.061s][info][gc             ] GC(259) Pause Young (Normal) (G1 Evacuation Pause) 75M->5M(120M) 2.734ms
[196.061s][info][gc,cpu         ] GC(259) User=0.00s Sys=0.00s Real=0.00s
[196.385s][info][gc,start       ] GC(260) Pause Young (Normal) (G1 Evacuation Pause)
[196.385s][info][gc,task        ] GC(260) Using 3 workers of 33 for evacuation
[196.388s][info][gc,phases      ] GC(260)   Pre Evacuate Collection Set: 0.1ms
[196.388s][info][gc,phases      ] GC(260)   Merge Heap Roots: 0.1ms
[196.388s][info][gc,phases      ] GC(260)   Evacuate Collection Set: 2.6ms
[196.388s][info][gc,phases      ] GC(260)   Post Evacuate Collection Set: 0.3ms
[196.388s][info][gc,phases      ] GC(260)   Other: 0.1ms
[196.388s][info][gc,heap        ] GC(260) Eden regions: 35->0(35)
[196.388s][info][gc,heap        ] GC(260) Survivor regions: 1->1(5)
[196.388s][info][gc,heap        ] GC(260) Old regions: 18->18
[196.388s][info][gc,heap        ] GC(260) Archive regions: 0->0
[196.388s][info][gc,heap        ] GC(260) Humongous regions: 0->0
[196.388s][info][gc,metaspace   ] GC(260) Metaspace: 9942K(10240K)->9942K(10240K) NonClass: 8640K(8832K)->8640K(8832K) Class: 1302K(1408K)->1302K(1408K)
[196.388s][info][gc             ] GC(260) Pause Young (Normal) (G1 Evacuation Pause) 75M->5M(120M) 3.723ms
[196.388s][info][gc,cpu         ] GC(260) User=0.00s Sys=0.00s Real=0.00s
[196.715s][info][gc,start       ] GC(261) Pause Young (Normal) (G1 Evacuation Pause)
[196.715s][info][gc,task        ] GC(261) Using 2 workers of 33 for evacuation
[196.720s][info][gc,phases      ] GC(261)   Pre Evacuate Collection Set: 0.1ms
[196.720s][info][gc,phases      ] GC(261)   Merge Heap Roots: 0.1ms
[196.720s][info][gc,phases      ] GC(261)   Evacuate Collection Set: 3.8ms
[196.720s][info][gc,phases      ] GC(261)   Post Evacuate Collection Set: 0.3ms
[196.720s][info][gc,phases      ] GC(261)   Other: 0.1ms
[196.720s][info][gc,heap        ] GC(261) Eden regions: 35->0(35)
[196.720s][info][gc,heap        ] GC(261) Survivor regions: 1->1(5)
[196.720s][info][gc,heap        ] GC(261) Old regions: 18->18
[196.720s][info][gc,heap        ] GC(261) Archive regions: 0->0
[196.720s][info][gc,heap        ] GC(261) Humongous regions: 0->0
[196.720s][info][gc,metaspace   ] GC(261) Metaspace: 9942K(10240K)->9942K(10240K) NonClass: 8640K(8832K)->8640K(8832K) Class: 1302K(1408K)->1302K(1408K)
[196.720s][info][gc             ] GC(261) Pause Young (Normal) (G1 Evacuation Pause) 75M->5M(120M) 4.954ms
[196.720s][info][gc,cpu         ] GC(261) User=0.00s Sys=0.00s Real=0.00s
[197.038s][info][gc,start       ] GC(262) Pause Young (Normal) (G1 Evacuation Pause)
[197.039s][info][gc,task        ] GC(262) Using 2 workers of 33 for evacuation
[197.043s][info][gc,phases      ] GC(262)   Pre Evacuate Collection Set: 0.1ms
[197.043s][info][gc,phases      ] GC(262)   Merge Heap Roots: 0.1ms
[197.043s][info][gc,phases      ] GC(262)   Evacuate Collection Set: 3.5ms
[197.043s][info][gc,phases      ] GC(262)   Post Evacuate Collection Set: 0.3ms
[197.043s][info][gc,phases      ] GC(262)   Other: 0.1ms
[197.043s][info][gc,heap        ] GC(262) Eden regions: 35->0(35)
[197.043s][info][gc,heap        ] GC(262) Survivor regions: 1->1(5)
[197.043s][info][gc,heap        ] GC(262) Old regions: 18->18
[197.043s][info][gc,heap        ] GC(262) Archive regions: 0->0
[197.043s][info][gc,heap        ] GC(262) Humongous regions: 0->0
[197.043s][info][gc,metaspace   ] GC(262) Metaspace: 9942K(10240K)->9942K(10240K) NonClass: 8640K(8832K)->8640K(8832K) Class: 1302K(1408K)->1302K(1408K)
[197.043s][info][gc             ] GC(262) Pause Young (Normal) (G1 Evacuation Pause) 75M->5M(120M) 4.685ms
[197.043s][info][gc,cpu         ] GC(262) User=0.03s Sys=0.00s Real=0.02s
[197.357s][info][gc,start       ] GC(263) Pause Young (Normal) (G1 Evacuation Pause)
[197.358s][info][gc,task        ] GC(263) Using 2 workers of 33 for evacuation
[197.362s][info][gc,phases      ] GC(263)   Pre Evacuate Collection Set: 0.1ms
[197.362s][info][gc,phases      ] GC(263)   Merge Heap Roots: 0.1ms
[197.362s][info][gc,phases      ] GC(263)   Evacuate Collection Set: 3.7ms
[197.362s][info][gc,phases      ] GC(263)   Post Evacuate Collection Set: 0.3ms
[197.362s][info][gc,phases      ] GC(263)   Other: 0.1ms
[197.362s][info][gc,heap        ] GC(263) Eden regions: 35->0(35)
[197.362s][info][gc,heap        ] GC(263) Survivor regions: 1->1(5)
[197.362s][info][gc,heap        ] GC(263) Old regions: 18->18
[197.362s][info][gc,heap        ] GC(263) Archive regions: 0->0
[197.362s][info][gc,heap        ] GC(263) Humongous regions: 0->0
[197.362s][info][gc,metaspace   ] GC(263) Metaspace: 9942K(10240K)->9942K(10240K) NonClass: 8640K(8832K)->8640K(8832K) Class: 1302K(1408K)->1302K(1408K)
[197.362s][info][gc             ] GC(263) Pause Young (Normal) (G1 Evacuation Pause) 75M->5M(120M) 4.898ms
[197.362s][info][gc,cpu         ] GC(263) User=0.03s Sys=0.00s Real=0.02s
[197.681s][info][gc,start       ] GC(264) Pause Young (Normal) (G1 Evacuation Pause)
[197.681s][info][gc,task        ] GC(264) Using 2 workers of 33 for evacuation
[197.693s][info][gc,phases      ] GC(264)   Pre Evacuate Collection Set: 0.1ms
[197.693s][info][gc,phases      ] GC(264)   Merge Heap Roots: 0.1ms
[197.693s][info][gc,phases      ] GC(264)   Evacuate Collection Set: 3.5ms
[197.693s][info][gc,phases      ] GC(264)   Post Evacuate Collection Set: 8.2ms
[197.693s][info][gc,phases      ] GC(264)   Other: 0.1ms
[197.693s][info][gc,heap        ] GC(264) Eden regions: 35->0(324)
[197.693s][info][gc,heap        ] GC(264) Survivor regions: 1->1(5)
[197.693s][info][gc,heap        ] GC(264) Old regions: 18->18
[197.693s][info][gc,heap        ] GC(264) Archive regions: 0->0
[197.693s][info][gc,heap        ] GC(264) Humongous regions: 0->0
[197.693s][info][gc,metaspace   ] GC(264) Metaspace: 9942K(10240K)->9942K(10240K) NonClass: 8640K(8832K)->8640K(8832K) Class: 1302K(1408K)->1302K(1408K)
[197.694s][info][gc             ] GC(264) Pause Young (Normal) (G1 Evacuation Pause) 75M->5M(1084M) 12.595ms
[197.694s][info][gc,cpu         ] GC(264) User=0.00s Sys=0.02s Real=0.02s
[200.821s][info][gc,start       ] GC(265) Pause Young (Normal) (G1 Evacuation Pause)
[200.822s][info][gc,task        ] GC(265) Using 26 workers of 33 for evacuation
[200.825s][info][gc,phases      ] GC(265)   Pre Evacuate Collection Set: 0.2ms
[200.825s][info][gc,phases      ] GC(265)   Merge Heap Roots: 0.3ms
[200.825s][info][gc,phases      ] GC(265)   Evacuate Collection Set: 1.8ms
[200.825s][info][gc,phases      ] GC(265)   Post Evacuate Collection Set: 0.7ms
[200.825s][info][gc,phases      ] GC(265)   Other: 0.2ms
[200.825s][info][gc,heap        ] GC(265) Eden regions: 324->0(324)
[200.825s][info][gc,heap        ] GC(265) Survivor regions: 1->1(41)
[200.825s][info][gc,heap        ] GC(265) Old regions: 18->18
[200.825s][info][gc,heap        ] GC(265) Archive regions: 0->0
[200.825s][info][gc,heap        ] GC(265) Humongous regions: 0->0
[200.825s][info][gc,metaspace   ] GC(265) Metaspace: 9942K(10240K)->9942K(10240K) NonClass: 8640K(8832K)->8640K(8832K) Class: 1302K(1408K)->1302K(1408K)
[200.825s][info][gc             ] GC(265) Pause Young (Normal) (G1 Evacuation Pause) 653M->5M(1084M) 3.676ms
[200.825s][info][gc,cpu         ] GC(265) User=0.00s Sys=0.00s Real=0.00s
[202.566s][info][gc,start       ] GC(266) Pause Full (System.gc())
[202.566s][info][gc,task        ] GC(266) Using 26 workers of 33 for full compaction
[202.567s][info][gc,phases,start] GC(266) Phase 1: Mark live objects
[202.573s][info][gc,phases      ] GC(266) Phase 1: Mark live objects 6.180ms
[202.573s][info][gc,phases,start] GC(266) Phase 2: Prepare compaction
[202.580s][info][gc,phases      ] GC(266) Phase 2: Prepare compaction 6.387ms
[202.580s][info][gc,phases,start] GC(266) Phase 3: Adjust pointers
[202.583s][info][gc,phases      ] GC(266) Phase 3: Adjust pointers 3.466ms
[202.583s][info][gc,phases,start] GC(266) Phase 4: Compact heap
[202.584s][info][gc,phases      ] GC(266) Phase 4: Compact heap 0.649ms
[202.594s][info][gc,heap        ] GC(266) Eden regions: 193->0(36)
[202.594s][info][gc,heap        ] GC(266) Survivor regions: 1->0(41)
[202.594s][info][gc,heap        ] GC(266) Old regions: 18->18
[202.594s][info][gc,heap        ] GC(266) Archive regions: 0->0
[202.594s][info][gc,heap        ] GC(266) Humongous regions: 0->0
[202.594s][info][gc,metaspace   ] GC(266) Metaspace: 9945K(10304K)->9945K(10304K) NonClass: 8643K(8896K)->8643K(8896K) Class: 1302K(1408K)->1302K(1408K)
[202.594s][info][gc             ] GC(266) Pause Full (System.gc()) 391M->3M(120M) 28.351ms
[202.594s][info][gc,cpu         ] GC(266) User=0.02s Sys=0.41s Real=0.03s
[202.905s][info][gc,start       ] GC(267) Pause Young (Normal) (G1 Evacuation Pause)
[202.905s][info][gc,task        ] GC(267) Using 14 workers of 33 for evacuation
[202.906s][info][gc,phases      ] GC(267)   Pre Evacuate Collection Set: 0.1ms
[202.906s][info][gc,phases      ] GC(267)   Merge Heap Roots: 0.2ms
[202.906s][info][gc,phases      ] GC(267)   Evacuate Collection Set: 0.8ms
[202.906s][info][gc,phases      ] GC(267)   Post Evacuate Collection Set: 0.3ms
[202.906s][info][gc,phases      ] GC(267)   Other: 0.1ms
[202.906s][info][gc,heap        ] GC(267) Eden regions: 36->0(35)
[202.906s][info][gc,heap        ] GC(267) Survivor regions: 0->1(5)
[202.907s][info][gc,heap        ] GC(267) Old regions: 18->18
[202.907s][info][gc,heap        ] GC(267) Archive regions: 0->0
[202.907s][info][gc,heap        ] GC(267) Humongous regions: 0->0
[202.907s][info][gc,metaspace   ] GC(267) Metaspace: 9945K(10304K)->9945K(10304K) NonClass: 8643K(8896K)->8643K(8896K) Class: 1302K(1408K)->1302K(1408K)
[202.907s][info][gc             ] GC(267) Pause Young (Normal) (G1 Evacuation Pause) 75M->5M(120M) 2.055ms
[202.907s][info][gc,cpu         ] GC(267) User=0.00s Sys=0.00s Real=0.00s
[203.207s][info][gc,start       ] GC(268) Pause Young (Normal) (G1 Evacuation Pause)
[203.207s][info][gc,task        ] GC(268) Using 8 workers of 33 for evacuation
[203.209s][info][gc,phases      ] GC(268)   Pre Evacuate Collection Set: 0.1ms
[203.209s][info][gc,phases      ] GC(268)   Merge Heap Roots: 0.1ms
[203.209s][info][gc,phases      ] GC(268)   Evacuate Collection Set: 1.2ms
[203.209s][info][gc,phases      ] GC(268)   Post Evacuate Collection Set: 0.3ms
[203.209s][info][gc,phases      ] GC(268)   Other: 0.1ms
[203.209s][info][gc,heap        ] GC(268) Eden regions: 35->0(35)
[203.209s][info][gc,heap        ] GC(268) Survivor regions: 1->1(5)
[203.209s][info][gc,heap        ] GC(268) Old regions: 18->18
[203.209s][info][gc,heap        ] GC(268) Archive regions: 0->0
[203.209s][info][gc,heap        ] GC(268) Humongous regions: 0->0
[203.209s][info][gc,metaspace   ] GC(268) Metaspace: 9945K(10304K)->9945K(10304K) NonClass: 8643K(8896K)->8643K(8896K) Class: 1302K(1408K)->1302K(1408K)
[203.209s][info][gc             ] GC(268) Pause Young (Normal) (G1 Evacuation Pause) 75M->5M(120M) 2.360ms
[203.209s][info][gc,cpu         ] GC(268) User=0.13s Sys=0.00s Real=0.02s
[203.517s][info][gc,start       ] GC(269) Pause Young (Normal) (G1 Evacuation Pause)
[203.517s][info][gc,task        ] GC(269) Using 5 workers of 33 for evacuation
[203.519s][info][gc,phases      ] GC(269)   Pre Evacuate Collection Set: 0.1ms
[203.519s][info][gc,phases      ] GC(269)   Merge Heap Roots: 0.1ms
[203.520s][info][gc,phases      ] GC(269)   Evacuate Collection Set: 1.6ms
[203.520s][info][gc,phases      ] GC(269)   Post Evacuate Collection Set: 0.3ms
[203.520s][info][gc,phases      ] GC(269)   Other: 0.1ms
[203.520s][info][gc,heap        ] GC(269) Eden regions: 35->0(35)
[203.520s][info][gc,heap        ] GC(269) Survivor regions: 1->1(5)
[203.520s][info][gc,heap        ] GC(269) Old regions: 18->18
[203.520s][info][gc,heap        ] GC(269) Archive regions: 0->0
[203.520s][info][gc,heap        ] GC(269) Humongous regions: 0->0
[203.520s][info][gc,metaspace   ] GC(269) Metaspace: 9945K(10304K)->9945K(10304K) NonClass: 8643K(8896K)->8643K(8896K) Class: 1302K(1408K)->1302K(1408K)
[203.520s][info][gc             ] GC(269) Pause Young (Normal) (G1 Evacuation Pause) 75M->5M(120M) 2.788ms
[203.520s][info][gc,cpu         ] GC(269) User=0.02s Sys=0.00s Real=0.02s
[203.830s][info][gc,start       ] GC(270) Pause Young (Normal) (G1 Evacuation Pause)
[203.830s][info][gc,task        ] GC(270) Using 3 workers of 33 for evacuation
[203.833s][info][gc,phases      ] GC(270)   Pre Evacuate Collection Set: 0.1ms
[203.833s][info][gc,phases      ] GC(270)   Merge Heap Roots: 0.1ms
[203.833s][info][gc,phases      ] GC(270)   Evacuate Collection Set: 2.3ms
[203.833s][info][gc,phases      ] GC(270)   Post Evacuate Collection Set: 0.3ms
[203.833s][info][gc,phases      ] GC(270)   Other: 0.1ms
[203.833s][info][gc,heap        ] GC(270) Eden regions: 35->0(35)
[203.833s][info][gc,heap        ] GC(270) Survivor regions: 1->1(5)
[203.834s][info][gc,heap        ] GC(270) Old regions: 18->18
[203.834s][info][gc,heap        ] GC(270) Archive regions: 0->0
[203.834s][info][gc,heap        ] GC(270) Humongous regions: 0->0
[203.834s][info][gc,metaspace   ] GC(270) Metaspace: 9945K(10304K)->9945K(10304K) NonClass: 8643K(8896K)->8643K(8896K) Class: 1302K(1408K)->1302K(1408K)
[203.834s][info][gc             ] GC(270) Pause Young (Normal) (G1 Evacuation Pause) 75M->5M(120M) 3.457ms
[203.834s][info][gc,cpu         ] GC(270) User=0.00s Sys=0.00s Real=0.00s
[204.141s][info][gc,start       ] GC(271) Pause Young (Normal) (G1 Evacuation Pause)
[204.141s][info][gc,task        ] GC(271) Using 2 workers of 33 for evacuation
[204.145s][info][gc,phases      ] GC(271)   Pre Evacuate Collection Set: 0.1ms
[204.145s][info][gc,phases      ] GC(271)   Merge Heap Roots: 0.1ms
[204.145s][info][gc,phases      ] GC(271)   Evacuate Collection Set: 3.7ms
[204.145s][info][gc,phases      ] GC(271)   Post Evacuate Collection Set: 0.3ms
[204.146s][info][gc,phases      ] GC(271)   Other: 0.1ms
[204.146s][info][gc,heap        ] GC(271) Eden regions: 35->0(35)
[204.146s][info][gc,heap        ] GC(271) Survivor regions: 1->1(5)
[204.146s][info][gc,heap        ] GC(271) Old regions: 18->18
[204.146s][info][gc,heap        ] GC(271) Archive regions: 0->0
[204.146s][info][gc,heap        ] GC(271) Humongous regions: 0->0
[204.146s][info][gc,metaspace   ] GC(271) Metaspace: 9945K(10304K)->9945K(10304K) NonClass: 8643K(8896K)->8643K(8896K) Class: 1302K(1408K)->1302K(1408K)
[204.146s][info][gc             ] GC(271) Pause Young (Normal) (G1 Evacuation Pause) 75M->5M(120M) 5.047ms
[204.146s][info][gc,cpu         ] GC(271) User=0.00s Sys=0.00s Real=0.00s
[204.464s][info][gc,start       ] GC(272) Pause Young (Normal) (G1 Evacuation Pause)
[204.464s][info][gc,task        ] GC(272) Using 2 workers of 33 for evacuation
[204.469s][info][gc,phases      ] GC(272)   Pre Evacuate Collection Set: 0.1ms
[204.469s][info][gc,phases      ] GC(272)   Merge Heap Roots: 0.1ms
[204.469s][info][gc,phases      ] GC(272)   Evacuate Collection Set: 3.5ms
[204.469s][info][gc,phases      ] GC(272)   Post Evacuate Collection Set: 0.3ms
[204.469s][info][gc,phases      ] GC(272)   Other: 0.1ms
[204.469s][info][gc,heap        ] GC(272) Eden regions: 35->0(35)
[204.469s][info][gc,heap        ] GC(272) Survivor regions: 1->1(5)
[204.469s][info][gc,heap        ] GC(272) Old regions: 18->18
[204.469s][info][gc,heap        ] GC(272) Archive regions: 0->0
[204.469s][info][gc,heap        ] GC(272) Humongous regions: 0->0
[204.469s][info][gc,metaspace   ] GC(272) Metaspace: 9945K(10304K)->9945K(10304K) NonClass: 8643K(8896K)->8643K(8896K) Class: 1302K(1408K)->1302K(1408K)
[204.469s][info][gc             ] GC(272) Pause Young (Normal) (G1 Evacuation Pause) 75M->5M(120M) 4.696ms
[204.469s][info][gc,cpu         ] GC(272) User=0.00s Sys=0.00s Real=0.00s
[204.780s][info][gc,start       ] GC(273) Pause Young (Normal) (G1 Evacuation Pause)
[204.780s][info][gc,task        ] GC(273) Using 2 workers of 33 for evacuation
[204.784s][info][gc,phases      ] GC(273)   Pre Evacuate Collection Set: 0.1ms
[204.784s][info][gc,phases      ] GC(273)   Merge Heap Roots: 0.1ms
[204.784s][info][gc,phases      ] GC(273)   Evacuate Collection Set: 3.2ms
[204.784s][info][gc,phases      ] GC(273)   Post Evacuate Collection Set: 0.3ms
[204.784s][info][gc,phases      ] GC(273)   Other: 0.1ms
[204.784s][info][gc,heap        ] GC(273) Eden regions: 35->0(35)
[204.784s][info][gc,heap        ] GC(273) Survivor regions: 1->1(5)
[204.784s][info][gc,heap        ] GC(273) Old regions: 18->18
[204.784s][info][gc,heap        ] GC(273) Archive regions: 0->0
[204.784s][info][gc,heap        ] GC(273) Humongous regions: 0->0
[204.785s][info][gc,metaspace   ] GC(273) Metaspace: 9945K(10304K)->9945K(10304K) NonClass: 8643K(8896K)->8643K(8896K) Class: 1302K(1408K)->1302K(1408K)
[204.785s][info][gc             ] GC(273) Pause Young (Normal) (G1 Evacuation Pause) 75M->5M(120M) 4.371ms
[204.785s][info][gc,cpu         ] GC(273) User=0.03s Sys=0.00s Real=0.02s
[205.101s][info][gc,start       ] GC(274) Pause Young (Normal) (G1 Evacuation Pause)
[205.101s][info][gc,task        ] GC(274) Using 2 workers of 33 for evacuation
[205.113s][info][gc,phases      ] GC(274)   Pre Evacuate Collection Set: 0.1ms
[205.114s][info][gc,phases      ] GC(274)   Merge Heap Roots: 0.1ms
[205.114s][info][gc,phases      ] GC(274)   Evacuate Collection Set: 3.6ms
[205.114s][info][gc,phases      ] GC(274)   Post Evacuate Collection Set: 8.2ms
[205.114s][info][gc,phases      ] GC(274)   Other: 0.1ms
[205.114s][info][gc,heap        ] GC(274) Eden regions: 35->0(324)
[205.114s][info][gc,heap        ] GC(274) Survivor regions: 1->1(5)
[205.114s][info][gc,heap        ] GC(274) Old regions: 18->18
[205.114s][info][gc,heap        ] GC(274) Archive regions: 0->0
[205.114s][info][gc,heap        ] GC(274) Humongous regions: 0->0
[205.114s][info][gc,metaspace   ] GC(274) Metaspace: 9945K(10304K)->9945K(10304K) NonClass: 8643K(8896K)->8643K(8896K) Class: 1302K(1408K)->1302K(1408K)
[205.114s][info][gc             ] GC(274) Pause Young (Normal) (G1 Evacuation Pause) 75M->5M(1084M) 12.766ms
[205.114s][info][gc,cpu         ] GC(274) User=0.03s Sys=0.00s Real=0.02s
[208.254s][info][gc,start       ] GC(275) Pause Young (Normal) (G1 Evacuation Pause)
[208.254s][info][gc,task        ] GC(275) Using 26 workers of 33 for evacuation
[208.257s][info][gc,phases      ] GC(275)   Pre Evacuate Collection Set: 0.3ms
[208.257s][info][gc,phases      ] GC(275)   Merge Heap Roots: 0.2ms
[208.257s][info][gc,phases      ] GC(275)   Evacuate Collection Set: 1.7ms
[208.257s][info][gc,phases      ] GC(275)   Post Evacuate Collection Set: 0.7ms
[208.257s][info][gc,phases      ] GC(275)   Other: 0.2ms
[208.257s][info][gc,heap        ] GC(275) Eden regions: 324->0(324)
[208.257s][info][gc,heap        ] GC(275) Survivor regions: 1->1(41)
[208.257s][info][gc,heap        ] GC(275) Old regions: 18->18
[208.258s][info][gc,heap        ] GC(275) Archive regions: 0->0
[208.258s][info][gc,heap        ] GC(275) Humongous regions: 0->0
[208.258s][info][gc,metaspace   ] GC(275) Metaspace: 9945K(10304K)->9945K(10304K) NonClass: 8643K(8896K)->8643K(8896K) Class: 1302K(1408K)->1302K(1408K)
[208.258s][info][gc             ] GC(275) Pause Young (Normal) (G1 Evacuation Pause) 653M->5M(1084M) 3.754ms
[208.258s][info][gc,cpu         ] GC(275) User=0.00s Sys=0.00s Real=0.00s
[209.995s][info][gc,start       ] GC(276) Pause Full (System.gc())
[209.995s][info][gc,task        ] GC(276) Using 26 workers of 33 for full compaction
[209.996s][info][gc,phases,start] GC(276) Phase 1: Mark live objects
[210.002s][info][gc,phases      ] GC(276) Phase 1: Mark live objects 6.092ms
[210.002s][info][gc,phases,start] GC(276) Phase 2: Prepare compaction
[210.009s][info][gc,phases      ] GC(276) Phase 2: Prepare compaction 6.234ms
[210.009s][info][gc,phases,start] GC(276) Phase 3: Adjust pointers
[210.012s][info][gc,phases      ] GC(276) Phase 3: Adjust pointers 3.126ms
[210.012s][info][gc,phases,start] GC(276) Phase 4: Compact heap
[210.012s][info][gc,phases      ] GC(276) Phase 4: Compact heap 0.623ms
[210.020s][info][gc,heap        ] GC(276) Eden regions: 194->0(36)
[210.020s][info][gc,heap        ] GC(276) Survivor regions: 1->0(41)
[210.020s][info][gc,heap        ] GC(276) Old regions: 18->18
[210.021s][info][gc,heap        ] GC(276) Archive regions: 0->0
[210.021s][info][gc,heap        ] GC(276) Humongous regions: 0->0
[210.021s][info][gc,metaspace   ] GC(276) Metaspace: 9945K(10304K)->9945K(10304K) NonClass: 8643K(8896K)->8643K(8896K) Class: 1302K(1408K)->1302K(1408K)
[210.021s][info][gc             ] GC(276) Pause Full (System.gc()) 391M->3M(120M) 25.757ms
[210.021s][info][gc,cpu         ] GC(276) User=0.02s Sys=0.02s Real=0.03s
[210.326s][info][gc,start       ] GC(277) Pause Young (Normal) (G1 Evacuation Pause)
[210.326s][info][gc,task        ] GC(277) Using 14 workers of 33 for evacuation
[210.328s][info][gc,phases      ] GC(277)   Pre Evacuate Collection Set: 0.1ms
[210.328s][info][gc,phases      ] GC(277)   Merge Heap Roots: 0.1ms
[210.328s][info][gc,phases      ] GC(277)   Evacuate Collection Set: 0.8ms
[210.328s][info][gc,phases      ] GC(277)   Post Evacuate Collection Set: 0.3ms
[210.328s][info][gc,phases      ] GC(277)   Other: 0.1ms
[210.328s][info][gc,heap        ] GC(277) Eden regions: 36->0(35)
[210.328s][info][gc,heap        ] GC(277) Survivor regions: 0->1(5)
[210.328s][info][gc,heap        ] GC(277) Old regions: 18->18
[210.328s][info][gc,heap        ] GC(277) Archive regions: 0->0
[210.328s][info][gc,heap        ] GC(277) Humongous regions: 0->0
[210.328s][info][gc,metaspace   ] GC(277) Metaspace: 9945K(10304K)->9945K(10304K) NonClass: 8643K(8896K)->8643K(8896K) Class: 1302K(1408K)->1302K(1408K)
[210.328s][info][gc             ] GC(277) Pause Young (Normal) (G1 Evacuation Pause) 75M->5M(120M) 2.117ms
[210.328s][info][gc,cpu         ] GC(277) User=0.00s Sys=0.00s Real=0.00s
[210.632s][info][gc,start       ] GC(278) Pause Young (Normal) (G1 Evacuation Pause)
[210.632s][info][gc,task        ] GC(278) Using 8 workers of 33 for evacuation
[210.634s][info][gc,phases      ] GC(278)   Pre Evacuate Collection Set: 0.1ms
[210.634s][info][gc,phases      ] GC(278)   Merge Heap Roots: 0.1ms
[210.634s][info][gc,phases      ] GC(278)   Evacuate Collection Set: 1.0ms
[210.634s][info][gc,phases      ] GC(278)   Post Evacuate Collection Set: 0.3ms
[210.634s][info][gc,phases      ] GC(278)   Other: 0.1ms
[210.634s][info][gc,heap        ] GC(278) Eden regions: 35->0(35)
[210.634s][info][gc,heap        ] GC(278) Survivor regions: 1->1(5)
[210.634s][info][gc,heap        ] GC(278) Old regions: 18->18
[210.634s][info][gc,heap        ] GC(278) Archive regions: 0->0
[210.634s][info][gc,heap        ] GC(278) Humongous regions: 0->0
[210.634s][info][gc,metaspace   ] GC(278) Metaspace: 9945K(10304K)->9945K(10304K) NonClass: 8643K(8896K)->8643K(8896K) Class: 1302K(1408K)->1302K(1408K)
[210.634s][info][gc             ] GC(278) Pause Young (Normal) (G1 Evacuation Pause) 75M->5M(120M) 2.194ms
[210.634s][info][gc,cpu         ] GC(278) User=0.00s Sys=0.00s Real=0.00s
[210.957s][info][gc,start       ] GC(279) Pause Young (Normal) (G1 Evacuation Pause)
[210.957s][info][gc,task        ] GC(279) Using 5 workers of 33 for evacuation
[210.960s][info][gc,phases      ] GC(279)   Pre Evacuate Collection Set: 0.1ms
[210.960s][info][gc,phases      ] GC(279)   Merge Heap Roots: 0.1ms
[210.960s][info][gc,phases      ] GC(279)   Evacuate Collection Set: 1.5ms
[210.960s][info][gc,phases      ] GC(279)   Post Evacuate Collection Set: 0.3ms
[210.960s][info][gc,phases      ] GC(279)   Other: 0.1ms
[210.960s][info][gc,heap        ] GC(279) Eden regions: 35->0(35)
[210.960s][info][gc,heap        ] GC(279) Survivor regions: 1->1(5)
[210.960s][info][gc,heap        ] GC(279) Old regions: 18->18
[210.960s][info][gc,heap        ] GC(279) Archive regions: 0->0
[210.960s][info][gc,heap        ] GC(279) Humongous regions: 0->0
[210.960s][info][gc,metaspace   ] GC(279) Metaspace: 9945K(10304K)->9945K(10304K) NonClass: 8643K(8896K)->8643K(8896K) Class: 1302K(1408K)->1302K(1408K)
[210.960s][info][gc             ] GC(279) Pause Young (Normal) (G1 Evacuation Pause) 75M->5M(120M) 2.620ms
[210.960s][info][gc,cpu         ] GC(279) User=0.00s Sys=0.00s Real=0.00s
[211.276s][info][gc,start       ] GC(280) Pause Young (Normal) (G1 Evacuation Pause)
[211.276s][info][gc,task        ] GC(280) Using 3 workers of 33 for evacuation
[211.279s][info][gc,phases      ] GC(280)   Pre Evacuate Collection Set: 0.1ms
[211.279s][info][gc,phases      ] GC(280)   Merge Heap Roots: 0.1ms
[211.279s][info][gc,phases      ] GC(280)   Evacuate Collection Set: 2.4ms
[211.279s][info][gc,phases      ] GC(280)   Post Evacuate Collection Set: 0.3ms
[211.280s][info][gc,phases      ] GC(280)   Other: 0.1ms
[211.280s][info][gc,heap        ] GC(280) Eden regions: 35->0(35)
[211.280s][info][gc,heap        ] GC(280) Survivor regions: 1->1(5)
[211.280s][info][gc,heap        ] GC(280) Old regions: 18->18
[211.280s][info][gc,heap        ] GC(280) Archive regions: 0->0
[211.280s][info][gc,heap        ] GC(280) Humongous regions: 0->0
[211.280s][info][gc,metaspace   ] GC(280) Metaspace: 9945K(10304K)->9945K(10304K) NonClass: 8643K(8896K)->8643K(8896K) Class: 1302K(1408K)->1302K(1408K)
[211.280s][info][gc             ] GC(280) Pause Young (Normal) (G1 Evacuation Pause) 75M->5M(120M) 3.609ms
[211.280s][info][gc,cpu         ] GC(280) User=0.00s Sys=0.00s Real=0.02s
[211.595s][info][gc,start       ] GC(281) Pause Young (Normal) (G1 Evacuation Pause)
[211.595s][info][gc,task        ] GC(281) Using 2 workers of 33 for evacuation
[211.599s][info][gc,phases      ] GC(281)   Pre Evacuate Collection Set: 0.1ms
[211.600s][info][gc,phases      ] GC(281)   Merge Heap Roots: 0.1ms
[211.600s][info][gc,phases      ] GC(281)   Evacuate Collection Set: 3.4ms
[211.600s][info][gc,phases      ] GC(281)   Post Evacuate Collection Set: 0.3ms
[211.600s][info][gc,phases      ] GC(281)   Other: 0.1ms
[211.600s][info][gc,heap        ] GC(281) Eden regions: 35->0(35)
[211.600s][info][gc,heap        ] GC(281) Survivor regions: 1->1(5)
[211.600s][info][gc,heap        ] GC(281) Old regions: 18->18
[211.600s][info][gc,heap        ] GC(281) Archive regions: 0->0
[211.600s][info][gc,heap        ] GC(281) Humongous regions: 0->0
[211.600s][info][gc,metaspace   ] GC(281) Metaspace: 9945K(10304K)->9945K(10304K) NonClass: 8643K(8896K)->8643K(8896K) Class: 1302K(1408K)->1302K(1408K)
[211.600s][info][gc             ] GC(281) Pause Young (Normal) (G1 Evacuation Pause) 75M->5M(120M) 4.726ms
[211.600s][info][gc,cpu         ] GC(281) User=0.00s Sys=0.00s Real=0.00s
[211.914s][info][gc,start       ] GC(282) Pause Young (Normal) (G1 Evacuation Pause)
[211.914s][info][gc,task        ] GC(282) Using 2 workers of 33 for evacuation
[211.918s][info][gc,phases      ] GC(282)   Pre Evacuate Collection Set: 0.1ms
[211.918s][info][gc,phases      ] GC(282)   Merge Heap Roots: 0.1ms
[211.918s][info][gc,phases      ] GC(282)   Evacuate Collection Set: 3.6ms
[211.918s][info][gc,phases      ] GC(282)   Post Evacuate Collection Set: 0.3ms
[211.918s][info][gc,phases      ] GC(282)   Other: 0.1ms
[211.918s][info][gc,heap        ] GC(282) Eden regions: 35->0(35)
[211.919s][info][gc,heap        ] GC(282) Survivor regions: 1->1(5)
[211.919s][info][gc,heap        ] GC(282) Old regions: 18->18
[211.919s][info][gc,heap        ] GC(282) Archive regions: 0->0
[211.919s][info][gc,heap        ] GC(282) Humongous regions: 0->0
[211.919s][info][gc,metaspace   ] GC(282) Metaspace: 9945K(10304K)->9945K(10304K) NonClass: 8643K(8896K)->8643K(8896K) Class: 1302K(1408K)->1302K(1408K)
[211.919s][info][gc             ] GC(282) Pause Young (Normal) (G1 Evacuation Pause) 75M->5M(120M) 4.784ms
[211.919s][info][gc,cpu         ] GC(282) User=0.03s Sys=0.00s Real=0.02s
[212.244s][info][gc,start       ] GC(283) Pause Young (Normal) (G1 Evacuation Pause)
[212.244s][info][gc,task        ] GC(283) Using 2 workers of 33 for evacuation
[212.248s][info][gc,phases      ] GC(283)   Pre Evacuate Collection Set: 0.1ms
[212.249s][info][gc,phases      ] GC(283)   Merge Heap Roots: 0.1ms
[212.249s][info][gc,phases      ] GC(283)   Evacuate Collection Set: 3.6ms
[212.249s][info][gc,phases      ] GC(283)   Post Evacuate Collection Set: 0.3ms
[212.249s][info][gc,phases      ] GC(283)   Other: 0.1ms
[212.249s][info][gc,heap        ] GC(283) Eden regions: 35->0(35)
[212.249s][info][gc,heap        ] GC(283) Survivor regions: 1->1(5)
[212.249s][info][gc,heap        ] GC(283) Old regions: 18->18
[212.249s][info][gc,heap        ] GC(283) Archive regions: 0->0
[212.249s][info][gc,heap        ] GC(283) Humongous regions: 0->0
[212.249s][info][gc,metaspace   ] GC(283) Metaspace: 9945K(10304K)->9945K(10304K) NonClass: 8643K(8896K)->8643K(8896K) Class: 1302K(1408K)->1302K(1408K)
[212.249s][info][gc             ] GC(283) Pause Young (Normal) (G1 Evacuation Pause) 75M->5M(120M) 4.775ms
[212.249s][info][gc,cpu         ] GC(283) User=0.03s Sys=0.00s Real=0.01s
[212.579s][info][gc,start       ] GC(284) Pause Young (Normal) (G1 Evacuation Pause)
[212.579s][info][gc,task        ] GC(284) Using 2 workers of 33 for evacuation
[212.591s][info][gc,phases      ] GC(284)   Pre Evacuate Collection Set: 0.1ms
[212.591s][info][gc,phases      ] GC(284)   Merge Heap Roots: 0.1ms
[212.591s][info][gc,phases      ] GC(284)   Evacuate Collection Set: 3.3ms
[212.591s][info][gc,phases      ] GC(284)   Post Evacuate Collection Set: 8.2ms
[212.591s][info][gc,phases      ] GC(284)   Other: 0.1ms
[212.591s][info][gc,heap        ] GC(284) Eden regions: 35->0(324)
[212.591s][info][gc,heap        ] GC(284) Survivor regions: 1->1(5)
[212.591s][info][gc,heap        ] GC(284) Old regions: 18->18
[212.591s][info][gc,heap        ] GC(284) Archive regions: 0->0
[212.591s][info][gc,heap        ] GC(284) Humongous regions: 0->0
[212.591s][info][gc,metaspace   ] GC(284) Metaspace: 9945K(10304K)->9945K(10304K) NonClass: 8643K(8896K)->8643K(8896K) Class: 1302K(1408K)->1302K(1408K)
[212.591s][info][gc             ] GC(284) Pause Young (Normal) (G1 Evacuation Pause) 75M->5M(1084M) 12.424ms
[212.591s][info][gc,cpu         ] GC(284) User=0.00s Sys=0.02s Real=0.02s
[215.720s][info][gc,start       ] GC(285) Pause Young (Normal) (G1 Evacuation Pause)
[215.720s][info][gc,task        ] GC(285) Using 26 workers of 33 for evacuation
[215.723s][info][gc,phases      ] GC(285)   Pre Evacuate Collection Set: 0.2ms
[215.723s][info][gc,phases      ] GC(285)   Merge Heap Roots: 0.2ms
[215.723s][info][gc,phases      ] GC(285)   Evacuate Collection Set: 1.6ms
[215.723s][info][gc,phases      ] GC(285)   Post Evacuate Collection Set: 0.7ms
[215.723s][info][gc,phases      ] GC(285)   Other: 0.2ms
[215.723s][info][gc,heap        ] GC(285) Eden regions: 324->0(324)
[215.723s][info][gc,heap        ] GC(285) Survivor regions: 1->1(41)
[215.723s][info][gc,heap        ] GC(285) Old regions: 18->18
[215.724s][info][gc,heap        ] GC(285) Archive regions: 0->0
[215.724s][info][gc,heap        ] GC(285) Humongous regions: 0->0
[215.724s][info][gc,metaspace   ] GC(285) Metaspace: 9945K(10304K)->9945K(10304K) NonClass: 8643K(8896K)->8643K(8896K) Class: 1302K(1408K)->1302K(1408K)
[215.724s][info][gc             ] GC(285) Pause Young (Normal) (G1 Evacuation Pause) 653M->5M(1084M) 3.477ms
[215.724s][info][gc,cpu         ] GC(285) User=0.00s Sys=0.00s Real=0.00s
[217.456s][info][gc,start       ] GC(286) Pause Full (System.gc())
[217.456s][info][gc,task        ] GC(286) Using 26 workers of 33 for full compaction
[217.457s][info][gc,phases,start] GC(286) Phase 1: Mark live objects
[217.464s][info][gc,phases      ] GC(286) Phase 1: Mark live objects 6.487ms
[217.464s][info][gc,phases,start] GC(286) Phase 2: Prepare compaction
[217.470s][info][gc,phases      ] GC(286) Phase 2: Prepare compaction 6.047ms
[217.470s][info][gc,phases,start] GC(286) Phase 3: Adjust pointers
[217.473s][info][gc,phases      ] GC(286) Phase 3: Adjust pointers 3.546ms
[217.473s][info][gc,phases,start] GC(286) Phase 4: Compact heap
[217.474s][info][gc,phases      ] GC(286) Phase 4: Compact heap 0.661ms
[217.482s][info][gc,heap        ] GC(286) Eden regions: 196->0(36)
[217.482s][info][gc,heap        ] GC(286) Survivor regions: 1->0(41)
[217.482s][info][gc,heap        ] GC(286) Old regions: 18->18
[217.482s][info][gc,heap        ] GC(286) Archive regions: 0->0
[217.482s][info][gc,heap        ] GC(286) Humongous regions: 0->0
[217.482s][info][gc,metaspace   ] GC(286) Metaspace: 9947K(10304K)->9947K(10304K) NonClass: 8644K(8896K)->8644K(8896K) Class: 1302K(1408K)->1302K(1408K)
[217.482s][info][gc             ] GC(286) Pause Full (System.gc()) 396M->3M(120M) 26.233ms
[217.482s][info][gc,cpu         ] GC(286) User=0.02s Sys=0.00s Real=0.02s
[217.784s][info][gc,start       ] GC(287) Pause Young (Normal) (G1 Evacuation Pause)
[217.784s][info][gc,task        ] GC(287) Using 14 workers of 33 for evacuation
[217.785s][info][gc,phases      ] GC(287)   Pre Evacuate Collection Set: 0.1ms
[217.785s][info][gc,phases      ] GC(287)   Merge Heap Roots: 0.1ms
[217.786s][info][gc,phases      ] GC(287)   Evacuate Collection Set: 0.9ms
[217.786s][info][gc,phases      ] GC(287)   Post Evacuate Collection Set: 0.3ms
[217.786s][info][gc,phases      ] GC(287)   Other: 0.1ms
[217.786s][info][gc,heap        ] GC(287) Eden regions: 36->0(35)
[217.786s][info][gc,heap        ] GC(287) Survivor regions: 0->1(5)
[217.786s][info][gc,heap        ] GC(287) Old regions: 18->18
[217.786s][info][gc,heap        ] GC(287) Archive regions: 0->0
[217.786s][info][gc,heap        ] GC(287) Humongous regions: 0->0
[217.786s][info][gc,metaspace   ] GC(287) Metaspace: 9948K(10304K)->9948K(10304K) NonClass: 8646K(8896K)->8646K(8896K) Class: 1302K(1408K)->1302K(1408K)
[217.786s][info][gc             ] GC(287) Pause Young (Normal) (G1 Evacuation Pause) 75M->5M(120M) 2.056ms
[217.786s][info][gc,cpu         ] GC(287) User=0.00s Sys=0.00s Real=0.00s
[218.084s][info][gc,start       ] GC(288) Pause Young (Normal) (G1 Evacuation Pause)
[218.084s][info][gc,task        ] GC(288) Using 8 workers of 33 for evacuation
[218.086s][info][gc,phases      ] GC(288)   Pre Evacuate Collection Set: 0.1ms
[218.086s][info][gc,phases      ] GC(288)   Merge Heap Roots: 0.1ms
[218.086s][info][gc,phases      ] GC(288)   Evacuate Collection Set: 1.1ms
[218.086s][info][gc,phases      ] GC(288)   Post Evacuate Collection Set: 0.3ms
[218.086s][info][gc,phases      ] GC(288)   Other: 0.1ms
[218.086s][info][gc,heap        ] GC(288) Eden regions: 35->0(35)
[218.086s][info][gc,heap        ] GC(288) Survivor regions: 1->1(5)
[218.086s][info][gc,heap        ] GC(288) Old regions: 18->18
[218.086s][info][gc,heap        ] GC(288) Archive regions: 0->0
[218.086s][info][gc,heap        ] GC(288) Humongous regions: 0->0
[218.086s][info][gc,metaspace   ] GC(288) Metaspace: 9948K(10304K)->9948K(10304K) NonClass: 8646K(8896K)->8646K(8896K) Class: 1302K(1408K)->1302K(1408K)
[218.086s][info][gc             ] GC(288) Pause Young (Normal) (G1 Evacuation Pause) 75M->5M(120M) 2.261ms
[218.086s][info][gc,cpu         ] GC(288) User=0.00s Sys=0.00s Real=0.00s
[218.406s][info][gc,start       ] GC(289) Pause Young (Normal) (G1 Evacuation Pause)
[218.406s][info][gc,task        ] GC(289) Using 5 workers of 33 for evacuation
[218.408s][info][gc,phases      ] GC(289)   Pre Evacuate Collection Set: 0.1ms
[218.408s][info][gc,phases      ] GC(289)   Merge Heap Roots: 0.1ms
[218.408s][info][gc,phases      ] GC(289)   Evacuate Collection Set: 1.5ms
[218.408s][info][gc,phases      ] GC(289)   Post Evacuate Collection Set: 0.3ms
[218.408s][info][gc,phases      ] GC(289)   Other: 0.1ms
[218.408s][info][gc,heap        ] GC(289) Eden regions: 35->0(35)
[218.408s][info][gc,heap        ] GC(289) Survivor regions: 1->1(5)
[218.408s][info][gc,heap        ] GC(289) Old regions: 18->18
[218.408s][info][gc,heap        ] GC(289) Archive regions: 0->0
[218.408s][info][gc,heap        ] GC(289) Humongous regions: 0->0
[218.408s][info][gc,metaspace   ] GC(289) Metaspace: 9948K(10304K)->9948K(10304K) NonClass: 8646K(8896K)->8646K(8896K) Class: 1302K(1408K)->1302K(1408K)
[218.408s][info][gc             ] GC(289) Pause Young (Normal) (G1 Evacuation Pause) 75M->5M(120M) 2.691ms
[218.408s][info][gc,cpu         ] GC(289) User=0.02s Sys=0.00s Real=0.01s
[218.720s][info][gc,start       ] GC(290) Pause Young (Normal) (G1 Evacuation Pause)
[218.720s][info][gc,task        ] GC(290) Using 3 workers of 33 for evacuation
[218.723s][info][gc,phases      ] GC(290)   Pre Evacuate Collection Set: 0.1ms
[218.723s][info][gc,phases      ] GC(290)   Merge Heap Roots: 0.1ms
[218.723s][info][gc,phases      ] GC(290)   Evacuate Collection Set: 2.3ms
[218.723s][info][gc,phases      ] GC(290)   Post Evacuate Collection Set: 0.3ms
[218.723s][info][gc,phases      ] GC(290)   Other: 0.1ms
[218.723s][info][gc,heap        ] GC(290) Eden regions: 35->0(35)
[218.723s][info][gc,heap        ] GC(290) Survivor regions: 1->1(5)
[218.723s][info][gc,heap        ] GC(290) Old regions: 18->18
[218.723s][info][gc,heap        ] GC(290) Archive regions: 0->0
[218.723s][info][gc,heap        ] GC(290) Humongous regions: 0->0
[218.723s][info][gc,metaspace   ] GC(290) Metaspace: 9948K(10304K)->9948K(10304K) NonClass: 8646K(8896K)->8646K(8896K) Class: 1302K(1408K)->1302K(1408K)
[218.723s][info][gc             ] GC(290) Pause Young (Normal) (G1 Evacuation Pause) 75M->5M(120M) 3.421ms
[218.723s][info][gc,cpu         ] GC(290) User=0.00s Sys=0.00s Real=0.00s
[219.045s][info][gc,start       ] GC(291) Pause Young (Normal) (G1 Evacuation Pause)
[219.045s][info][gc,task        ] GC(291) Using 2 workers of 33 for evacuation
[219.049s][info][gc,phases      ] GC(291)   Pre Evacuate Collection Set: 0.1ms
[219.049s][info][gc,phases      ] GC(291)   Merge Heap Roots: 0.1ms
[219.049s][info][gc,phases      ] GC(291)   Evacuate Collection Set: 3.2ms
[219.049s][info][gc,phases      ] GC(291)   Post Evacuate Collection Set: 0.3ms
[219.049s][info][gc,phases      ] GC(291)   Other: 0.1ms
[219.049s][info][gc,heap        ] GC(291) Eden regions: 35->0(35)
[219.049s][info][gc,heap        ] GC(291) Survivor regions: 1->1(5)
[219.049s][info][gc,heap        ] GC(291) Old regions: 18->18
[219.050s][info][gc,heap        ] GC(291) Archive regions: 0->0
[219.050s][info][gc,heap        ] GC(291) Humongous regions: 0->0
[219.050s][info][gc,metaspace   ] GC(291) Metaspace: 9948K(10304K)->9948K(10304K) NonClass: 8646K(8896K)->8646K(8896K) Class: 1302K(1408K)->1302K(1408K)
[219.050s][info][gc             ] GC(291) Pause Young (Normal) (G1 Evacuation Pause) 75M->5M(120M) 4.416ms
[219.050s][info][gc,cpu         ] GC(291) User=0.03s Sys=0.00s Real=0.02s
[219.369s][info][gc,start       ] GC(292) Pause Young (Normal) (G1 Evacuation Pause)
[219.369s][info][gc,task        ] GC(292) Using 2 workers of 33 for evacuation
[219.373s][info][gc,phases      ] GC(292)   Pre Evacuate Collection Set: 0.1ms
[219.373s][info][gc,phases      ] GC(292)   Merge Heap Roots: 0.1ms
[219.373s][info][gc,phases      ] GC(292)   Evacuate Collection Set: 3.6ms
[219.373s][info][gc,phases      ] GC(292)   Post Evacuate Collection Set: 0.3ms
[219.373s][info][gc,phases      ] GC(292)   Other: 0.1ms
[219.373s][info][gc,heap        ] GC(292) Eden regions: 35->0(35)
[219.373s][info][gc,heap        ] GC(292) Survivor regions: 1->1(5)
[219.373s][info][gc,heap        ] GC(292) Old regions: 18->18
[219.373s][info][gc,heap        ] GC(292) Archive regions: 0->0
[219.374s][info][gc,heap        ] GC(292) Humongous regions: 0->0
[219.374s][info][gc,metaspace   ] GC(292) Metaspace: 9948K(10304K)->9948K(10304K) NonClass: 8646K(8896K)->8646K(8896K) Class: 1302K(1408K)->1302K(1408K)
[219.374s][info][gc             ] GC(292) Pause Young (Normal) (G1 Evacuation Pause) 75M->5M(120M) 4.779ms
[219.374s][info][gc,cpu         ] GC(292) User=0.00s Sys=0.00s Real=0.00s
[219.696s][info][gc,start       ] GC(293) Pause Young (Normal) (G1 Evacuation Pause)
[219.696s][info][gc,task        ] GC(293) Using 2 workers of 33 for evacuation
[219.700s][info][gc,phases      ] GC(293)   Pre Evacuate Collection Set: 0.1ms
[219.700s][info][gc,phases      ] GC(293)   Merge Heap Roots: 0.1ms
[219.701s][info][gc,phases      ] GC(293)   Evacuate Collection Set: 3.5ms
[219.701s][info][gc,phases      ] GC(293)   Post Evacuate Collection Set: 0.3ms
[219.701s][info][gc,phases      ] GC(293)   Other: 0.1ms
[219.701s][info][gc,heap        ] GC(293) Eden regions: 35->0(35)
[219.701s][info][gc,heap        ] GC(293) Survivor regions: 1->1(5)
[219.701s][info][gc,heap        ] GC(293) Old regions: 18->18
[219.701s][info][gc,heap        ] GC(293) Archive regions: 0->0
[219.701s][info][gc,heap        ] GC(293) Humongous regions: 0->0
[219.701s][info][gc,metaspace   ] GC(293) Metaspace: 9948K(10304K)->9948K(10304K) NonClass: 8646K(8896K)->8646K(8896K) Class: 1302K(1408K)->1302K(1408K)
[219.701s][info][gc             ] GC(293) Pause Young (Normal) (G1 Evacuation Pause) 75M->5M(120M) 4.643ms
[219.701s][info][gc,cpu         ] GC(293) User=0.00s Sys=0.00s Real=0.00s
[220.017s][info][gc,start       ] GC(294) Pause Young (Normal) (G1 Evacuation Pause)
[220.017s][info][gc,task        ] GC(294) Using 2 workers of 33 for evacuation
[220.029s][info][gc,phases      ] GC(294)   Pre Evacuate Collection Set: 0.1ms
[220.029s][info][gc,phases      ] GC(294)   Merge Heap Roots: 0.1ms
[220.029s][info][gc,phases      ] GC(294)   Evacuate Collection Set: 3.5ms
[220.029s][info][gc,phases      ] GC(294)   Post Evacuate Collection Set: 8.3ms
[220.029s][info][gc,phases      ] GC(294)   Other: 0.1ms
[220.029s][info][gc,heap        ] GC(294) Eden regions: 35->0(324)
[220.029s][info][gc,heap        ] GC(294) Survivor regions: 1->1(5)
[220.029s][info][gc,heap        ] GC(294) Old regions: 18->18
[220.029s][info][gc,heap        ] GC(294) Archive regions: 0->0
[220.029s][info][gc,heap        ] GC(294) Humongous regions: 0->0
[220.029s][info][gc,metaspace   ] GC(294) Metaspace: 9948K(10304K)->9948K(10304K) NonClass: 8646K(8896K)->8646K(8896K) Class: 1302K(1408K)->1302K(1408K)
[220.029s][info][gc             ] GC(294) Pause Young (Normal) (G1 Evacuation Pause) 75M->5M(1084M) 12.639ms
[220.029s][info][gc,cpu         ] GC(294) User=0.00s Sys=0.02s Real=0.02s
[223.136s][info][gc,start       ] GC(295) Pause Young (Normal) (G1 Evacuation Pause)
[223.136s][info][gc,task        ] GC(295) Using 26 workers of 33 for evacuation
[223.139s][info][gc,phases      ] GC(295)   Pre Evacuate Collection Set: 0.2ms
[223.139s][info][gc,phases      ] GC(295)   Merge Heap Roots: 0.3ms
[223.139s][info][gc,phases      ] GC(295)   Evacuate Collection Set: 1.7ms
[223.139s][info][gc,phases      ] GC(295)   Post Evacuate Collection Set: 0.7ms
[223.139s][info][gc,phases      ] GC(295)   Other: 0.2ms
[223.140s][info][gc,heap        ] GC(295) Eden regions: 324->0(324)
[223.140s][info][gc,heap        ] GC(295) Survivor regions: 1->1(41)
[223.140s][info][gc,heap        ] GC(295) Old regions: 18->18
[223.140s][info][gc,heap        ] GC(295) Archive regions: 0->0
[223.140s][info][gc,heap        ] GC(295) Humongous regions: 0->0
[223.140s][info][gc,metaspace   ] GC(295) Metaspace: 9948K(10304K)->9948K(10304K) NonClass: 8646K(8896K)->8646K(8896K) Class: 1302K(1408K)->1302K(1408K)
[223.140s][info][gc             ] GC(295) Pause Young (Normal) (G1 Evacuation Pause) 653M->5M(1084M) 3.577ms
[223.140s][info][gc,cpu         ] GC(295) User=0.00s Sys=0.00s Real=0.00s
[224.898s][info][gc,start       ] GC(296) Pause Full (System.gc())
[224.898s][info][gc,task        ] GC(296) Using 26 workers of 33 for full compaction
[224.899s][info][gc,phases,start] GC(296) Phase 1: Mark live objects
[224.906s][info][gc,phases      ] GC(296) Phase 1: Mark live objects 6.617ms
[224.906s][info][gc,phases,start] GC(296) Phase 2: Prepare compaction
[224.912s][info][gc,phases      ] GC(296) Phase 2: Prepare compaction 6.488ms
[224.912s][info][gc,phases,start] GC(296) Phase 3: Adjust pointers
[224.916s][info][gc,phases      ] GC(296) Phase 3: Adjust pointers 3.509ms
[224.916s][info][gc,phases,start] GC(296) Phase 4: Compact heap
[224.916s][info][gc,phases      ] GC(296) Phase 4: Compact heap 0.506ms
[224.926s][info][gc,heap        ] GC(296) Eden regions: 195->0(36)
[224.926s][info][gc,heap        ] GC(296) Survivor regions: 1->0(41)
[224.926s][info][gc,heap        ] GC(296) Old regions: 18->18
[224.926s][info][gc,heap        ] GC(296) Archive regions: 0->0
[224.926s][info][gc,heap        ] GC(296) Humongous regions: 0->0
[224.926s][info][gc,metaspace   ] GC(296) Metaspace: 9950K(10304K)->9950K(10304K) NonClass: 8648K(8896K)->8648K(8896K) Class: 1302K(1408K)->1302K(1408K)
[224.927s][info][gc             ] GC(296) Pause Full (System.gc()) 394M->3M(120M) 28.693ms
[224.927s][info][gc,cpu         ] GC(296) User=0.03s Sys=0.41s Real=0.03s
[225.219s][info][gc,start       ] GC(297) Pause Young (Normal) (G1 Evacuation Pause)
[225.220s][info][gc,task        ] GC(297) Using 14 workers of 33 for evacuation
[225.221s][info][gc,phases      ] GC(297)   Pre Evacuate Collection Set: 0.1ms
[225.221s][info][gc,phases      ] GC(297)   Merge Heap Roots: 0.1ms
[225.221s][info][gc,phases      ] GC(297)   Evacuate Collection Set: 0.8ms
[225.221s][info][gc,phases      ] GC(297)   Post Evacuate Collection Set: 0.3ms
[225.221s][info][gc,phases      ] GC(297)   Other: 0.1ms
[225.221s][info][gc,heap        ] GC(297) Eden regions: 36->0(35)
[225.221s][info][gc,heap        ] GC(297) Survivor regions: 0->1(5)
[225.221s][info][gc,heap        ] GC(297) Old regions: 18->18
[225.221s][info][gc,heap        ] GC(297) Archive regions: 0->0
[225.221s][info][gc,heap        ] GC(297) Humongous regions: 0->0
[225.221s][info][gc,metaspace   ] GC(297) Metaspace: 9951K(10304K)->9951K(10304K) NonClass: 8649K(8896K)->8649K(8896K) Class: 1302K(1408K)->1302K(1408K)
[225.221s][info][gc             ] GC(297) Pause Young (Normal) (G1 Evacuation Pause) 75M->5M(120M) 2.012ms
[225.221s][info][gc,cpu         ] GC(297) User=0.00s Sys=0.00s Real=0.00s
[225.515s][info][gc,start       ] GC(298) Pause Young (Normal) (G1 Evacuation Pause)
[225.515s][info][gc,task        ] GC(298) Using 8 workers of 33 for evacuation
[225.517s][info][gc,phases      ] GC(298)   Pre Evacuate Collection Set: 0.1ms
[225.517s][info][gc,phases      ] GC(298)   Merge Heap Roots: 0.1ms
[225.517s][info][gc,phases      ] GC(298)   Evacuate Collection Set: 1.1ms
[225.517s][info][gc,phases      ] GC(298)   Post Evacuate Collection Set: 0.3ms
[225.517s][info][gc,phases      ] GC(298)   Other: 0.1ms
[225.517s][info][gc,heap        ] GC(298) Eden regions: 35->0(35)
[225.517s][info][gc,heap        ] GC(298) Survivor regions: 1->1(5)
[225.517s][info][gc,heap        ] GC(298) Old regions: 18->18
[225.517s][info][gc,heap        ] GC(298) Archive regions: 0->0
[225.517s][info][gc,heap        ] GC(298) Humongous regions: 0->0
[225.517s][info][gc,metaspace   ] GC(298) Metaspace: 9951K(10304K)->9951K(10304K) NonClass: 8649K(8896K)->8649K(8896K) Class: 1302K(1408K)->1302K(1408K)
[225.518s][info][gc             ] GC(298) Pause Young (Normal) (G1 Evacuation Pause) 75M->5M(120M) 2.290ms
[225.518s][info][gc,cpu         ] GC(298) User=0.00s Sys=0.00s Real=0.00s
[225.831s][info][gc,start       ] GC(299) Pause Young (Normal) (G1 Evacuation Pause)
[225.831s][info][gc,task        ] GC(299) Using 5 workers of 33 for evacuation
[225.833s][info][gc,phases      ] GC(299)   Pre Evacuate Collection Set: 0.1ms
[225.834s][info][gc,phases      ] GC(299)   Merge Heap Roots: 0.1ms
[225.834s][info][gc,phases      ] GC(299)   Evacuate Collection Set: 1.5ms
[225.834s][info][gc,phases      ] GC(299)   Post Evacuate Collection Set: 0.3ms
[225.834s][info][gc,phases      ] GC(299)   Other: 0.1ms
[225.834s][info][gc,heap        ] GC(299) Eden regions: 35->0(35)
[225.834s][info][gc,heap        ] GC(299) Survivor regions: 1->1(5)
[225.834s][info][gc,heap        ] GC(299) Old regions: 18->18
[225.834s][info][gc,heap        ] GC(299) Archive regions: 0->0
[225.834s][info][gc,heap        ] GC(299) Humongous regions: 0->0
[225.834s][info][gc,metaspace   ] GC(299) Metaspace: 9951K(10304K)->9951K(10304K) NonClass: 8649K(8896K)->8649K(8896K) Class: 1302K(1408K)->1302K(1408K)
[225.834s][info][gc             ] GC(299) Pause Young (Normal) (G1 Evacuation Pause) 75M->5M(120M) 2.724ms
[225.834s][info][gc,cpu         ] GC(299) User=0.00s Sys=0.00s Real=0.00s
[226.144s][info][gc,start       ] GC(300) Pause Young (Normal) (G1 Evacuation Pause)
[226.144s][info][gc,task        ] GC(300) Using 3 workers of 33 for evacuation
[226.147s][info][gc,phases      ] GC(300)   Pre Evacuate Collection Set: 0.1ms
[226.147s][info][gc,phases      ] GC(300)   Merge Heap Roots: 0.1ms
[226.147s][info][gc,phases      ] GC(300)   Evacuate Collection Set: 2.4ms
[226.147s][info][gc,phases      ] GC(300)   Post Evacuate Collection Set: 0.3ms
[226.147s][info][gc,phases      ] GC(300)   Other: 0.1ms
[226.147s][info][gc,heap        ] GC(300) Eden regions: 35->0(35)
[226.147s][info][gc,heap        ] GC(300) Survivor regions: 1->1(5)
[226.147s][info][gc,heap        ] GC(300) Old regions: 18->18
[226.147s][info][gc,heap        ] GC(300) Archive regions: 0->0
[226.147s][info][gc,heap        ] GC(300) Humongous regions: 0->0
[226.148s][info][gc,metaspace   ] GC(300) Metaspace: 9951K(10304K)->9951K(10304K) NonClass: 8649K(8896K)->8649K(8896K) Class: 1302K(1408K)->1302K(1408K)
[226.148s][info][gc             ] GC(300) Pause Young (Normal) (G1 Evacuation Pause) 75M->5M(120M) 3.574ms
[226.148s][info][gc,cpu         ] GC(300) User=0.00s Sys=0.00s Real=0.00s
[226.459s][info][gc,start       ] GC(301) Pause Young (Normal) (G1 Evacuation Pause)
[226.460s][info][gc,task        ] GC(301) Using 2 workers of 33 for evacuation
[226.464s][info][gc,phases      ] GC(301)   Pre Evacuate Collection Set: 0.1ms
[226.464s][info][gc,phases      ] GC(301)   Merge Heap Roots: 0.1ms
[226.464s][info][gc,phases      ] GC(301)   Evacuate Collection Set: 3.4ms
[226.464s][info][gc,phases      ] GC(301)   Post Evacuate Collection Set: 0.3ms
[226.464s][info][gc,phases      ] GC(301)   Other: 0.1ms
[226.464s][info][gc,heap        ] GC(301) Eden regions: 35->0(35)
[226.464s][info][gc,heap        ] GC(301) Survivor regions: 1->1(5)
[226.464s][info][gc,heap        ] GC(301) Old regions: 18->18
[226.464s][info][gc,heap        ] GC(301) Archive regions: 0->0
[226.464s][info][gc,heap        ] GC(301) Humongous regions: 0->0
[226.464s][info][gc,metaspace   ] GC(301) Metaspace: 9951K(10304K)->9951K(10304K) NonClass: 8649K(8896K)->8649K(8896K) Class: 1302K(1408K)->1302K(1408K)
[226.464s][info][gc             ] GC(301) Pause Young (Normal) (G1 Evacuation Pause) 75M->5M(120M) 4.600ms
[226.464s][info][gc,cpu         ] GC(301) User=0.03s Sys=0.00s Real=0.02s
[226.775s][info][gc,start       ] GC(302) Pause Young (Normal) (G1 Evacuation Pause)
[226.776s][info][gc,task        ] GC(302) Using 2 workers of 33 for evacuation
[226.780s][info][gc,phases      ] GC(302)   Pre Evacuate Collection Set: 0.1ms
[226.780s][info][gc,phases      ] GC(302)   Merge Heap Roots: 0.1ms
[226.780s][info][gc,phases      ] GC(302)   Evacuate Collection Set: 3.6ms
[226.780s][info][gc,phases      ] GC(302)   Post Evacuate Collection Set: 0.3ms
[226.780s][info][gc,phases      ] GC(302)   Other: 0.1ms
[226.780s][info][gc,heap        ] GC(302) Eden regions: 35->0(35)
[226.780s][info][gc,heap        ] GC(302) Survivor regions: 1->1(5)
[226.780s][info][gc,heap        ] GC(302) Old regions: 18->18
[226.780s][info][gc,heap        ] GC(302) Archive regions: 0->0
[226.780s][info][gc,heap        ] GC(302) Humongous regions: 0->0
[226.780s][info][gc,metaspace   ] GC(302) Metaspace: 9951K(10304K)->9951K(10304K) NonClass: 8649K(8896K)->8649K(8896K) Class: 1302K(1408K)->1302K(1408K)
[226.780s][info][gc             ] GC(302) Pause Young (Normal) (G1 Evacuation Pause) 75M->5M(120M) 4.800ms
[226.780s][info][gc,cpu         ] GC(302) User=0.00s Sys=0.00s Real=0.00s
[227.106s][info][gc,start       ] GC(303) Pause Young (Normal) (G1 Evacuation Pause)
[227.107s][info][gc,task        ] GC(303) Using 2 workers of 33 for evacuation
[227.111s][info][gc,phases      ] GC(303)   Pre Evacuate Collection Set: 0.1ms
[227.111s][info][gc,phases      ] GC(303)   Merge Heap Roots: 0.1ms
[227.111s][info][gc,phases      ] GC(303)   Evacuate Collection Set: 3.6ms
[227.111s][info][gc,phases      ] GC(303)   Post Evacuate Collection Set: 0.3ms
[227.111s][info][gc,phases      ] GC(303)   Other: 0.1ms
[227.111s][info][gc,heap        ] GC(303) Eden regions: 35->0(35)
[227.111s][info][gc,heap        ] GC(303) Survivor regions: 1->1(5)
[227.111s][info][gc,heap        ] GC(303) Old regions: 18->18
[227.111s][info][gc,heap        ] GC(303) Archive regions: 0->0
[227.111s][info][gc,heap        ] GC(303) Humongous regions: 0->0
[227.111s][info][gc,metaspace   ] GC(303) Metaspace: 9951K(10304K)->9951K(10304K) NonClass: 8649K(8896K)->8649K(8896K) Class: 1302K(1408K)->1302K(1408K)
[227.111s][info][gc             ] GC(303) Pause Young (Normal) (G1 Evacuation Pause) 75M->5M(120M) 4.763ms
[227.111s][info][gc,cpu         ] GC(303) User=0.03s Sys=0.00s Real=0.02s
[227.420s][info][gc,start       ] GC(304) Pause Young (Normal) (G1 Evacuation Pause)
[227.420s][info][gc,task        ] GC(304) Using 2 workers of 33 for evacuation
[227.432s][info][gc,phases      ] GC(304)   Pre Evacuate Collection Set: 0.1ms
[227.432s][info][gc,phases      ] GC(304)   Merge Heap Roots: 0.1ms
[227.432s][info][gc,phases      ] GC(304)   Evacuate Collection Set: 3.6ms
[227.432s][info][gc,phases      ] GC(304)   Post Evacuate Collection Set: 8.2ms
[227.432s][info][gc,phases      ] GC(304)   Other: 0.1ms
[227.432s][info][gc,heap        ] GC(304) Eden regions: 35->0(324)
[227.432s][info][gc,heap        ] GC(304) Survivor regions: 1->1(5)
[227.432s][info][gc,heap        ] GC(304) Old regions: 18->18
[227.432s][info][gc,heap        ] GC(304) Archive regions: 0->0
[227.432s][info][gc,heap        ] GC(304) Humongous regions: 0->0
[227.432s][info][gc,metaspace   ] GC(304) Metaspace: 9951K(10304K)->9951K(10304K) NonClass: 8649K(8896K)->8649K(8896K) Class: 1302K(1408K)->1302K(1408K)
[227.432s][info][gc             ] GC(304) Pause Young (Normal) (G1 Evacuation Pause) 75M->5M(1084M) 12.648ms
[227.432s][info][gc,cpu         ] GC(304) User=0.00s Sys=0.02s Real=0.02s
[230.558s][info][gc,start       ] GC(305) Pause Young (Normal) (G1 Evacuation Pause)
[230.558s][info][gc,task        ] GC(305) Using 26 workers of 33 for evacuation
[230.561s][info][gc,phases      ] GC(305)   Pre Evacuate Collection Set: 0.2ms
[230.561s][info][gc,phases      ] GC(305)   Merge Heap Roots: 0.2ms
[230.561s][info][gc,phases      ] GC(305)   Evacuate Collection Set: 1.7ms
[230.561s][info][gc,phases      ] GC(305)   Post Evacuate Collection Set: 0.7ms
[230.561s][info][gc,phases      ] GC(305)   Other: 0.2ms
[230.561s][info][gc,heap        ] GC(305) Eden regions: 324->0(324)
[230.562s][info][gc,heap        ] GC(305) Survivor regions: 1->1(41)
[230.562s][info][gc,heap        ] GC(305) Old regions: 18->18
[230.562s][info][gc,heap        ] GC(305) Archive regions: 0->0
[230.562s][info][gc,heap        ] GC(305) Humongous regions: 0->0
[230.562s][info][gc,metaspace   ] GC(305) Metaspace: 9951K(10304K)->9951K(10304K) NonClass: 8649K(8896K)->8649K(8896K) Class: 1302K(1408K)->1302K(1408K)
[230.562s][info][gc             ] GC(305) Pause Young (Normal) (G1 Evacuation Pause) 653M->5M(1084M) 3.592ms
[230.562s][info][gc,cpu         ] GC(305) User=0.00s Sys=0.00s Real=0.00s
[232.301s][info][gc,start       ] GC(306) Pause Full (System.gc())
[232.301s][info][gc,task        ] GC(306) Using 26 workers of 33 for full compaction
[232.302s][info][gc,phases,start] GC(306) Phase 1: Mark live objects
[232.309s][info][gc,phases      ] GC(306) Phase 1: Mark live objects 6.537ms
[232.309s][info][gc,phases,start] GC(306) Phase 2: Prepare compaction
[232.315s][info][gc,phases      ] GC(306) Phase 2: Prepare compaction 6.240ms
[232.315s][info][gc,phases,start] GC(306) Phase 3: Adjust pointers
[232.318s][info][gc,phases      ] GC(306) Phase 3: Adjust pointers 3.166ms
[232.318s][info][gc,phases,start] GC(306) Phase 4: Compact heap
[232.319s][info][gc,phases      ] GC(306) Phase 4: Compact heap 0.504ms
[232.328s][info][gc,heap        ] GC(306) Eden regions: 194->0(36)
[232.328s][info][gc,heap        ] GC(306) Survivor regions: 1->0(41)
[232.328s][info][gc,heap        ] GC(306) Old regions: 18->18
[232.328s][info][gc,heap        ] GC(306) Archive regions: 0->0
[232.328s][info][gc,heap        ] GC(306) Humongous regions: 0->0
[232.328s][info][gc,metaspace   ] GC(306) Metaspace: 9952K(10304K)->9952K(10304K) NonClass: 8650K(8896K)->8650K(8896K) Class: 1302K(1408K)->1302K(1408K)
[232.328s][info][gc             ] GC(306) Pause Full (System.gc()) 391M->3M(120M) 27.175ms
[232.328s][info][gc,cpu         ] GC(306) User=0.03s Sys=0.39s Real=0.03s
[232.626s][info][gc,start       ] GC(307) Pause Young (Normal) (G1 Evacuation Pause)
[232.626s][info][gc,task        ] GC(307) Using 14 workers of 33 for evacuation
[232.627s][info][gc,phases      ] GC(307)   Pre Evacuate Collection Set: 0.1ms
[232.627s][info][gc,phases      ] GC(307)   Merge Heap Roots: 0.1ms
[232.627s][info][gc,phases      ] GC(307)   Evacuate Collection Set: 0.8ms
[232.627s][info][gc,phases      ] GC(307)   Post Evacuate Collection Set: 0.3ms
[232.627s][info][gc,phases      ] GC(307)   Other: 0.1ms
[232.627s][info][gc,heap        ] GC(307) Eden regions: 36->0(35)
[232.627s][info][gc,heap        ] GC(307) Survivor regions: 0->1(5)
[232.627s][info][gc,heap        ] GC(307) Old regions: 18->18
[232.627s][info][gc,heap        ] GC(307) Archive regions: 0->0
[232.627s][info][gc,heap        ] GC(307) Humongous regions: 0->0
[232.627s][info][gc,metaspace   ] GC(307) Metaspace: 9952K(10304K)->9952K(10304K) NonClass: 8650K(8896K)->8650K(8896K) Class: 1302K(1408K)->1302K(1408K)
[232.628s][info][gc             ] GC(307) Pause Young (Normal) (G1 Evacuation Pause) 75M->5M(120M) 1.962ms
[232.628s][info][gc,cpu         ] GC(307) User=0.00s Sys=0.00s Real=0.00s
[232.927s][info][gc,start       ] GC(308) Pause Young (Normal) (G1 Evacuation Pause)
[232.928s][info][gc,task        ] GC(308) Using 8 workers of 33 for evacuation
[232.929s][info][gc,phases      ] GC(308)   Pre Evacuate Collection Set: 0.1ms
[232.929s][info][gc,phases      ] GC(308)   Merge Heap Roots: 0.1ms
[232.929s][info][gc,phases      ] GC(308)   Evacuate Collection Set: 1.1ms
[232.929s][info][gc,phases      ] GC(308)   Post Evacuate Collection Set: 0.3ms
[232.929s][info][gc,phases      ] GC(308)   Other: 0.2ms
[232.929s][info][gc,heap        ] GC(308) Eden regions: 35->0(35)
[232.930s][info][gc,heap        ] GC(308) Survivor regions: 1->1(5)
[232.930s][info][gc,heap        ] GC(308) Old regions: 18->18
[232.930s][info][gc,heap        ] GC(308) Archive regions: 0->0
[232.930s][info][gc,heap        ] GC(308) Humongous regions: 0->0
[232.930s][info][gc,metaspace   ] GC(308) Metaspace: 9952K(10304K)->9952K(10304K) NonClass: 8650K(8896K)->8650K(8896K) Class: 1302K(1408K)->1302K(1408K)
[232.930s][info][gc             ] GC(308) Pause Young (Normal) (G1 Evacuation Pause) 75M->5M(120M) 2.376ms
[232.930s][info][gc,cpu         ] GC(308) User=0.13s Sys=0.00s Real=0.02s
[233.235s][info][gc,start       ] GC(309) Pause Young (Normal) (G1 Evacuation Pause)
[233.235s][info][gc,task        ] GC(309) Using 5 workers of 33 for evacuation
[233.237s][info][gc,phases      ] GC(309)   Pre Evacuate Collection Set: 0.1ms
[233.237s][info][gc,phases      ] GC(309)   Merge Heap Roots: 0.1ms
[233.237s][info][gc,phases      ] GC(309)   Evacuate Collection Set: 1.5ms
[233.237s][info][gc,phases      ] GC(309)   Post Evacuate Collection Set: 0.3ms
[233.238s][info][gc,phases      ] GC(309)   Other: 0.1ms
[233.238s][info][gc,heap        ] GC(309) Eden regions: 35->0(35)
[233.238s][info][gc,heap        ] GC(309) Survivor regions: 1->1(5)
[233.238s][info][gc,heap        ] GC(309) Old regions: 18->18
[233.238s][info][gc,heap        ] GC(309) Archive regions: 0->0
[233.238s][info][gc,heap        ] GC(309) Humongous regions: 0->0
[233.238s][info][gc,metaspace   ] GC(309) Metaspace: 9952K(10304K)->9952K(10304K) NonClass: 8650K(8896K)->8650K(8896K) Class: 1302K(1408K)->1302K(1408K)
[233.238s][info][gc             ] GC(309) Pause Young (Normal) (G1 Evacuation Pause) 75M->5M(120M) 2.599ms
[233.238s][info][gc,cpu         ] GC(309) User=0.00s Sys=0.00s Real=0.00s
[233.544s][info][gc,start       ] GC(310) Pause Young (Normal) (G1 Evacuation Pause)
[233.544s][info][gc,task        ] GC(310) Using 3 workers of 33 for evacuation
[233.547s][info][gc,phases      ] GC(310)   Pre Evacuate Collection Set: 0.1ms
[233.548s][info][gc,phases      ] GC(310)   Merge Heap Roots: 0.1ms
[233.548s][info][gc,phases      ] GC(310)   Evacuate Collection Set: 2.5ms
[233.548s][info][gc,phases      ] GC(310)   Post Evacuate Collection Set: 0.3ms
[233.548s][info][gc,phases      ] GC(310)   Other: 0.1ms
[233.548s][info][gc,heap        ] GC(310) Eden regions: 35->0(35)
[233.548s][info][gc,heap        ] GC(310) Survivor regions: 1->1(5)
[233.548s][info][gc,heap        ] GC(310) Old regions: 18->18
[233.548s][info][gc,heap        ] GC(310) Archive regions: 0->0
[233.548s][info][gc,heap        ] GC(310) Humongous regions: 0->0
[233.548s][info][gc,metaspace   ] GC(310) Metaspace: 9952K(10304K)->9952K(10304K) NonClass: 8650K(8896K)->8650K(8896K) Class: 1302K(1408K)->1302K(1408K)
[233.548s][info][gc             ] GC(310) Pause Young (Normal) (G1 Evacuation Pause) 75M->5M(120M) 3.607ms
[233.548s][info][gc,cpu         ] GC(310) User=0.00s Sys=0.00s Real=0.00s
[233.860s][info][gc,start       ] GC(311) Pause Young (Normal) (G1 Evacuation Pause)
[233.860s][info][gc,task        ] GC(311) Using 2 workers of 33 for evacuation
[233.864s][info][gc,phases      ] GC(311)   Pre Evacuate Collection Set: 0.1ms
[233.865s][info][gc,phases      ] GC(311)   Merge Heap Roots: 0.1ms
[233.865s][info][gc,phases      ] GC(311)   Evacuate Collection Set: 3.4ms
[233.865s][info][gc,phases      ] GC(311)   Post Evacuate Collection Set: 0.3ms
[233.865s][info][gc,phases      ] GC(311)   Other: 0.1ms
[233.865s][info][gc,heap        ] GC(311) Eden regions: 35->0(35)
[233.865s][info][gc,heap        ] GC(311) Survivor regions: 1->1(5)
[233.865s][info][gc,heap        ] GC(311) Old regions: 18->18
[233.865s][info][gc,heap        ] GC(311) Archive regions: 0->0
[233.865s][info][gc,heap        ] GC(311) Humongous regions: 0->0
[233.865s][info][gc,metaspace   ] GC(311) Metaspace: 9952K(10304K)->9952K(10304K) NonClass: 8650K(8896K)->8650K(8896K) Class: 1302K(1408K)->1302K(1408K)
[233.865s][info][gc             ] GC(311) Pause Young (Normal) (G1 Evacuation Pause) 75M->5M(120M) 4.550ms
[233.865s][info][gc,cpu         ] GC(311) User=0.00s Sys=0.00s Real=0.00s
[234.176s][info][gc,start       ] GC(312) Pause Young (Normal) (G1 Evacuation Pause)
[234.176s][info][gc,task        ] GC(312) Using 2 workers of 33 for evacuation
[234.180s][info][gc,phases      ] GC(312)   Pre Evacuate Collection Set: 0.1ms
[234.180s][info][gc,phases      ] GC(312)   Merge Heap Roots: 0.1ms
[234.180s][info][gc,phases      ] GC(312)   Evacuate Collection Set: 3.7ms
[234.180s][info][gc,phases      ] GC(312)   Post Evacuate Collection Set: 0.3ms
[234.181s][info][gc,phases      ] GC(312)   Other: 0.1ms
[234.181s][info][gc,heap        ] GC(312) Eden regions: 35->0(35)
[234.181s][info][gc,heap        ] GC(312) Survivor regions: 1->1(5)
[234.181s][info][gc,heap        ] GC(312) Old regions: 18->18
[234.181s][info][gc,heap        ] GC(312) Archive regions: 0->0
[234.181s][info][gc,heap        ] GC(312) Humongous regions: 0->0
[234.181s][info][gc,metaspace   ] GC(312) Metaspace: 9952K(10304K)->9952K(10304K) NonClass: 8650K(8896K)->8650K(8896K) Class: 1302K(1408K)->1302K(1408K)
[234.181s][info][gc             ] GC(312) Pause Young (Normal) (G1 Evacuation Pause) 75M->5M(120M) 4.880ms
[234.181s][info][gc,cpu         ] GC(312) User=0.02s Sys=0.00s Real=0.02s
[234.492s][info][gc,start       ] GC(313) Pause Young (Normal) (G1 Evacuation Pause)
[234.492s][info][gc,task        ] GC(313) Using 2 workers of 33 for evacuation
[234.496s][info][gc,phases      ] GC(313)   Pre Evacuate Collection Set: 0.1ms
[234.496s][info][gc,phases      ] GC(313)   Merge Heap Roots: 0.1ms
[234.496s][info][gc,phases      ] GC(313)   Evacuate Collection Set: 3.5ms
[234.496s][info][gc,phases      ] GC(313)   Post Evacuate Collection Set: 0.3ms
[234.496s][info][gc,phases      ] GC(313)   Other: 0.1ms
[234.496s][info][gc,heap        ] GC(313) Eden regions: 35->0(35)
[234.496s][info][gc,heap        ] GC(313) Survivor regions: 1->1(5)
[234.496s][info][gc,heap        ] GC(313) Old regions: 18->18
[234.496s][info][gc,heap        ] GC(313) Archive regions: 0->0
[234.496s][info][gc,heap        ] GC(313) Humongous regions: 0->0
[234.496s][info][gc,metaspace   ] GC(313) Metaspace: 9952K(10304K)->9952K(10304K) NonClass: 8650K(8896K)->8650K(8896K) Class: 1302K(1408K)->1302K(1408K)
[234.496s][info][gc             ] GC(313) Pause Young (Normal) (G1 Evacuation Pause) 75M->5M(120M) 4.716ms
[234.496s][info][gc,cpu         ] GC(313) User=0.00s Sys=0.00s Real=0.00s
[234.812s][info][gc,start       ] GC(314) Pause Young (Normal) (G1 Evacuation Pause)
[234.812s][info][gc,task        ] GC(314) Using 2 workers of 33 for evacuation
[234.824s][info][gc,phases      ] GC(314)   Pre Evacuate Collection Set: 0.1ms
[234.824s][info][gc,phases      ] GC(314)   Merge Heap Roots: 0.1ms
[234.824s][info][gc,phases      ] GC(314)   Evacuate Collection Set: 3.5ms
[234.824s][info][gc,phases      ] GC(314)   Post Evacuate Collection Set: 8.2ms
[234.824s][info][gc,phases      ] GC(314)   Other: 0.1ms
[234.824s][info][gc,heap        ] GC(314) Eden regions: 35->0(324)
[234.824s][info][gc,heap        ] GC(314) Survivor regions: 1->1(5)
[234.824s][info][gc,heap        ] GC(314) Old regions: 18->18
[234.824s][info][gc,heap        ] GC(314) Archive regions: 0->0
[234.824s][info][gc,heap        ] GC(314) Humongous regions: 0->0
[234.824s][info][gc,metaspace   ] GC(314) Metaspace: 9952K(10304K)->9952K(10304K) NonClass: 8650K(8896K)->8650K(8896K) Class: 1302K(1408K)->1302K(1408K)
[234.824s][info][gc             ] GC(314) Pause Young (Normal) (G1 Evacuation Pause) 75M->5M(1084M) 12.636ms
[234.824s][info][gc,cpu         ] GC(314) User=0.00s Sys=0.02s Real=0.02s
[237.954s][info][gc,start       ] GC(315) Pause Young (Normal) (G1 Evacuation Pause)
[237.954s][info][gc,task        ] GC(315) Using 26 workers of 33 for evacuation
[237.957s][info][gc,phases      ] GC(315)   Pre Evacuate Collection Set: 0.2ms
[237.957s][info][gc,phases      ] GC(315)   Merge Heap Roots: 0.2ms
[237.957s][info][gc,phases      ] GC(315)   Evacuate Collection Set: 1.6ms
[237.957s][info][gc,phases      ] GC(315)   Post Evacuate Collection Set: 0.7ms
[237.957s][info][gc,phases      ] GC(315)   Other: 0.2ms
[237.957s][info][gc,heap        ] GC(315) Eden regions: 324->0(324)
[237.957s][info][gc,heap        ] GC(315) Survivor regions: 1->1(41)
[237.957s][info][gc,heap        ] GC(315) Old regions: 18->18
[237.957s][info][gc,heap        ] GC(315) Archive regions: 0->0
[237.958s][info][gc,heap        ] GC(315) Humongous regions: 0->0
[237.958s][info][gc,metaspace   ] GC(315) Metaspace: 9952K(10304K)->9952K(10304K) NonClass: 8650K(8896K)->8650K(8896K) Class: 1302K(1408K)->1302K(1408K)
[237.958s][info][gc             ] GC(315) Pause Young (Normal) (G1 Evacuation Pause) 653M->5M(1084M) 3.430ms
[237.958s][info][gc,cpu         ] GC(315) User=0.00s Sys=0.00s Real=0.00s
[239.712s][info][gc,start       ] GC(316) Pause Full (System.gc())
[239.712s][info][gc,task        ] GC(316) Using 26 workers of 33 for full compaction
[239.713s][info][gc,phases,start] GC(316) Phase 1: Mark live objects
[239.719s][info][gc,phases      ] GC(316) Phase 1: Mark live objects 6.099ms
[239.719s][info][gc,phases,start] GC(316) Phase 2: Prepare compaction
[239.726s][info][gc,phases      ] GC(316) Phase 2: Prepare compaction 6.474ms
[239.726s][info][gc,phases,start] GC(316) Phase 3: Adjust pointers
[239.729s][info][gc,phases      ] GC(316) Phase 3: Adjust pointers 3.490ms
[239.729s][info][gc,phases,start] GC(316) Phase 4: Compact heap
[239.730s][info][gc,phases      ] GC(316) Phase 4: Compact heap 0.541ms
[239.739s][info][gc,heap        ] GC(316) Eden regions: 195->0(36)
[239.739s][info][gc,heap        ] GC(316) Survivor regions: 1->0(41)
[239.739s][info][gc,heap        ] GC(316) Old regions: 18->18
[239.739s][info][gc,heap        ] GC(316) Archive regions: 0->0
[239.739s][info][gc,heap        ] GC(316) Humongous regions: 0->0
[239.739s][info][gc,metaspace   ] GC(316) Metaspace: 9952K(10304K)->9952K(10304K) NonClass: 8650K(8896K)->8650K(8896K) Class: 1302K(1408K)->1302K(1408K)
[239.739s][info][gc             ] GC(316) Pause Full (System.gc()) 394M->3M(120M) 27.646ms
[239.739s][info][gc,cpu         ] GC(316) User=0.02s Sys=0.41s Real=0.03s
[240.066s][info][gc,start       ] GC(317) Pause Young (Normal) (G1 Evacuation Pause)
[240.067s][info][gc,task        ] GC(317) Using 14 workers of 33 for evacuation
[240.068s][info][gc,phases      ] GC(317)   Pre Evacuate Collection Set: 0.1ms
[240.068s][info][gc,phases      ] GC(317)   Merge Heap Roots: 0.1ms
[240.068s][info][gc,phases      ] GC(317)   Evacuate Collection Set: 0.9ms
[240.068s][info][gc,phases      ] GC(317)   Post Evacuate Collection Set: 0.3ms
[240.068s][info][gc,phases      ] GC(317)   Other: 0.1ms
[240.068s][info][gc,heap        ] GC(317) Eden regions: 36->0(35)
[240.068s][info][gc,heap        ] GC(317) Survivor regions: 0->1(5)
[240.068s][info][gc,heap        ] GC(317) Old regions: 18->18
[240.068s][info][gc,heap        ] GC(317) Archive regions: 0->0
[240.068s][info][gc,heap        ] GC(317) Humongous regions: 0->0
[240.068s][info][gc,metaspace   ] GC(317) Metaspace: 9952K(10304K)->9952K(10304K) NonClass: 8650K(8896K)->8650K(8896K) Class: 1302K(1408K)->1302K(1408K)
[240.068s][info][gc             ] GC(317) Pause Young (Normal) (G1 Evacuation Pause) 75M->5M(120M) 1.820ms
[240.068s][info][gc,cpu         ] GC(317) User=0.00s Sys=0.00s Real=0.00s
[240.370s][info][gc,start       ] GC(318) Pause Young (Normal) (G1 Evacuation Pause)
[240.370s][info][gc,task        ] GC(318) Using 8 workers of 33 for evacuation
[240.371s][info][gc,phases      ] GC(318)   Pre Evacuate Collection Set: 0.1ms
[240.372s][info][gc,phases      ] GC(318)   Merge Heap Roots: 0.1ms
[240.372s][info][gc,phases      ] GC(318)   Evacuate Collection Set: 1.1ms
[240.372s][info][gc,phases      ] GC(318)   Post Evacuate Collection Set: 0.3ms
[240.372s][info][gc,phases      ] GC(318)   Other: 0.1ms
[240.372s][info][gc,heap        ] GC(318) Eden regions: 35->0(35)
[240.372s][info][gc,heap        ] GC(318) Survivor regions: 1->1(5)
[240.372s][info][gc,heap        ] GC(318) Old regions: 18->18
[240.372s][info][gc,heap        ] GC(318) Archive regions: 0->0
[240.372s][info][gc,heap        ] GC(318) Humongous regions: 0->0
[240.372s][info][gc,metaspace   ] GC(318) Metaspace: 9952K(10304K)->9952K(10304K) NonClass: 8650K(8896K)->8650K(8896K) Class: 1302K(1408K)->1302K(1408K)
[240.372s][info][gc             ] GC(318) Pause Young (Normal) (G1 Evacuation Pause) 75M->5M(120M) 2.307ms
[240.372s][info][gc,cpu         ] GC(318) User=0.00s Sys=0.00s Real=0.00s
[240.676s][info][gc,start       ] GC(319) Pause Young (Normal) (G1 Evacuation Pause)
[240.677s][info][gc,task        ] GC(319) Using 5 workers of 33 for evacuation
[240.679s][info][gc,phases      ] GC(319)   Pre Evacuate Collection Set: 0.1ms
[240.679s][info][gc,phases      ] GC(319)   Merge Heap Roots: 0.1ms
[240.679s][info][gc,phases      ] GC(319)   Evacuate Collection Set: 1.5ms
[240.679s][info][gc,phases      ] GC(319)   Post Evacuate Collection Set: 0.3ms
[240.679s][info][gc,phases      ] GC(319)   Other: 0.1ms
[240.679s][info][gc,heap        ] GC(319) Eden regions: 35->0(35)
[240.679s][info][gc,heap        ] GC(319) Survivor regions: 1->1(5)
[240.679s][info][gc,heap        ] GC(319) Old regions: 18->18
[240.679s][info][gc,heap        ] GC(319) Archive regions: 0->0
[240.679s][info][gc,heap        ] GC(319) Humongous regions: 0->0
[240.679s][info][gc,metaspace   ] GC(319) Metaspace: 9952K(10304K)->9952K(10304K) NonClass: 8650K(8896K)->8650K(8896K) Class: 1302K(1408K)->1302K(1408K)
[240.679s][info][gc             ] GC(319) Pause Young (Normal) (G1 Evacuation Pause) 75M->5M(120M) 2.670ms
[240.679s][info][gc,cpu         ] GC(319) User=0.00s Sys=0.00s Real=0.00s
[240.996s][info][gc,start       ] GC(320) Pause Young (Normal) (G1 Evacuation Pause)
[240.996s][info][gc,task        ] GC(320) Using 3 workers of 33 for evacuation
[240.999s][info][gc,phases      ] GC(320)   Pre Evacuate Collection Set: 0.1ms
[240.999s][info][gc,phases      ] GC(320)   Merge Heap Roots: 0.1ms
[240.999s][info][gc,phases      ] GC(320)   Evacuate Collection Set: 2.4ms
[240.999s][info][gc,phases      ] GC(320)   Post Evacuate Collection Set: 0.3ms
[240.999s][info][gc,phases      ] GC(320)   Other: 0.1ms
[240.999s][info][gc,heap        ] GC(320) Eden regions: 35->0(35)
[240.999s][info][gc,heap        ] GC(320) Survivor regions: 1->1(5)
[240.999s][info][gc,heap        ] GC(320) Old regions: 18->18
[240.999s][info][gc,heap        ] GC(320) Archive regions: 0->0
[240.999s][info][gc,heap        ] GC(320) Humongous regions: 0->0
[240.999s][info][gc,metaspace   ] GC(320) Metaspace: 9952K(10304K)->9952K(10304K) NonClass: 8650K(8896K)->8650K(8896K) Class: 1302K(1408K)->1302K(1408K)
[240.999s][info][gc             ] GC(320) Pause Young (Normal) (G1 Evacuation Pause) 75M->5M(120M) 3.539ms
[240.999s][info][gc,cpu         ] GC(320) User=0.00s Sys=0.00s Real=0.00s
[241.315s][info][gc,start       ] GC(321) Pause Young (Normal) (G1 Evacuation Pause)
[241.315s][info][gc,task        ] GC(321) Using 2 workers of 33 for evacuation
[241.319s][info][gc,phases      ] GC(321)   Pre Evacuate Collection Set: 0.1ms
[241.319s][info][gc,phases      ] GC(321)   Merge Heap Roots: 0.1ms
[241.319s][info][gc,phases      ] GC(321)   Evacuate Collection Set: 3.3ms
[241.319s][info][gc,phases      ] GC(321)   Post Evacuate Collection Set: 0.3ms
[241.319s][info][gc,phases      ] GC(321)   Other: 0.1ms
[241.319s][info][gc,heap        ] GC(321) Eden regions: 35->0(35)
[241.319s][info][gc,heap        ] GC(321) Survivor regions: 1->1(5)
[241.319s][info][gc,heap        ] GC(321) Old regions: 18->18
[241.319s][info][gc,heap        ] GC(321) Archive regions: 0->0
[241.319s][info][gc,heap        ] GC(321) Humongous regions: 0->0
[241.319s][info][gc,metaspace   ] GC(321) Metaspace: 9952K(10304K)->9952K(10304K) NonClass: 8650K(8896K)->8650K(8896K) Class: 1302K(1408K)->1302K(1408K)
[241.319s][info][gc             ] GC(321) Pause Young (Normal) (G1 Evacuation Pause) 75M->5M(120M) 4.486ms
[241.319s][info][gc,cpu         ] GC(321) User=0.00s Sys=0.00s Real=0.00s
[241.639s][info][gc,start       ] GC(322) Pause Young (Normal) (G1 Evacuation Pause)
[241.639s][info][gc,task        ] GC(322) Using 2 workers of 33 for evacuation
[241.643s][info][gc,phases      ] GC(322)   Pre Evacuate Collection Set: 0.1ms
[241.643s][info][gc,phases      ] GC(322)   Merge Heap Roots: 0.1ms
[241.643s][info][gc,phases      ] GC(322)   Evacuate Collection Set: 3.4ms
[241.644s][info][gc,phases      ] GC(322)   Post Evacuate Collection Set: 0.3ms
[241.644s][info][gc,phases      ] GC(322)   Other: 0.1ms
[241.644s][info][gc,heap        ] GC(322) Eden regions: 35->0(35)
[241.644s][info][gc,heap        ] GC(322) Survivor regions: 1->1(5)
[241.644s][info][gc,heap        ] GC(322) Old regions: 18->18
[241.644s][info][gc,heap        ] GC(322) Archive regions: 0->0
[241.644s][info][gc,heap        ] GC(322) Humongous regions: 0->0
[241.644s][info][gc,metaspace   ] GC(322) Metaspace: 9952K(10304K)->9952K(10304K) NonClass: 8650K(8896K)->8650K(8896K) Class: 1302K(1408K)->1302K(1408K)
[241.644s][info][gc             ] GC(322) Pause Young (Normal) (G1 Evacuation Pause) 75M->5M(120M) 4.507ms
[241.644s][info][gc,cpu         ] GC(322) User=0.00s Sys=0.00s Real=0.00s
[241.960s][info][gc,start       ] GC(323) Pause Young (Normal) (G1 Evacuation Pause)
[241.961s][info][gc,task        ] GC(323) Using 2 workers of 33 for evacuation
[241.965s][info][gc,phases      ] GC(323)   Pre Evacuate Collection Set: 0.1ms
[241.965s][info][gc,phases      ] GC(323)   Merge Heap Roots: 0.1ms
[241.965s][info][gc,phases      ] GC(323)   Evacuate Collection Set: 3.7ms
[241.965s][info][gc,phases      ] GC(323)   Post Evacuate Collection Set: 0.3ms
[241.965s][info][gc,phases      ] GC(323)   Other: 0.1ms
[241.965s][info][gc,heap        ] GC(323) Eden regions: 35->0(35)
[241.965s][info][gc,heap        ] GC(323) Survivor regions: 1->1(5)
[241.965s][info][gc,heap        ] GC(323) Old regions: 18->18
[241.965s][info][gc,heap        ] GC(323) Archive regions: 0->0
[241.965s][info][gc,heap        ] GC(323) Humongous regions: 0->0
[241.965s][info][gc,metaspace   ] GC(323) Metaspace: 9952K(10304K)->9952K(10304K) NonClass: 8650K(8896K)->8650K(8896K) Class: 1302K(1408K)->1302K(1408K)
[241.965s][info][gc             ] GC(323) Pause Young (Normal) (G1 Evacuation Pause) 75M->5M(120M) 4.842ms
[241.965s][info][gc,cpu         ] GC(323) User=0.03s Sys=0.00s Real=0.02s
[242.285s][info][gc,start       ] GC(324) Pause Young (Normal) (G1 Evacuation Pause)
[242.285s][info][gc,task        ] GC(324) Using 2 workers of 33 for evacuation
[242.297s][info][gc,phases      ] GC(324)   Pre Evacuate Collection Set: 0.1ms
[242.297s][info][gc,phases      ] GC(324)   Merge Heap Roots: 0.1ms
[242.297s][info][gc,phases      ] GC(324)   Evacuate Collection Set: 3.7ms
[242.297s][info][gc,phases      ] GC(324)   Post Evacuate Collection Set: 8.2ms
[242.297s][info][gc,phases      ] GC(324)   Other: 0.1ms
[242.297s][info][gc,heap        ] GC(324) Eden regions: 35->0(324)
[242.297s][info][gc,heap        ] GC(324) Survivor regions: 1->1(5)
[242.297s][info][gc,heap        ] GC(324) Old regions: 18->18
[242.297s][info][gc,heap        ] GC(324) Archive regions: 0->0
[242.297s][info][gc,heap        ] GC(324) Humongous regions: 0->0
[242.297s][info][gc,metaspace   ] GC(324) Metaspace: 9952K(10304K)->9952K(10304K) NonClass: 8650K(8896K)->8650K(8896K) Class: 1302K(1408K)->1302K(1408K)
[242.297s][info][gc             ] GC(324) Pause Young (Normal) (G1 Evacuation Pause) 75M->5M(1084M) 12.796ms
[242.297s][info][gc,cpu         ] GC(324) User=0.02s Sys=0.00s Real=0.02s
[245.436s][info][gc,start       ] GC(325) Pause Young (Normal) (G1 Evacuation Pause)
[245.436s][info][gc,task        ] GC(325) Using 26 workers of 33 for evacuation
[245.439s][info][gc,phases      ] GC(325)   Pre Evacuate Collection Set: 0.2ms
[245.439s][info][gc,phases      ] GC(325)   Merge Heap Roots: 0.3ms
[245.439s][info][gc,phases      ] GC(325)   Evacuate Collection Set: 1.8ms
[245.439s][info][gc,phases      ] GC(325)   Post Evacuate Collection Set: 0.7ms
[245.439s][info][gc,phases      ] GC(325)   Other: 0.2ms
[245.439s][info][gc,heap        ] GC(325) Eden regions: 324->0(324)
[245.439s][info][gc,heap        ] GC(325) Survivor regions: 1->1(41)
[245.439s][info][gc,heap        ] GC(325) Old regions: 18->18
[245.439s][info][gc,heap        ] GC(325) Archive regions: 0->0
[245.439s][info][gc,heap        ] GC(325) Humongous regions: 0->0
[245.439s][info][gc,metaspace   ] GC(325) Metaspace: 9952K(10304K)->9952K(10304K) NonClass: 8650K(8896K)->8650K(8896K) Class: 1302K(1408K)->1302K(1408K)
[245.439s][info][gc             ] GC(325) Pause Young (Normal) (G1 Evacuation Pause) 653M->5M(1084M) 3.639ms
[245.439s][info][gc,cpu         ] GC(325) User=0.00s Sys=0.00s Real=0.00s
[247.152s][info][gc,start       ] GC(326) Pause Full (System.gc())
[247.152s][info][gc,task        ] GC(326) Using 26 workers of 33 for full compaction
[247.154s][info][gc,phases,start] GC(326) Phase 1: Mark live objects
[247.160s][info][gc,phases      ] GC(326) Phase 1: Mark live objects 6.058ms
[247.160s][info][gc,phases,start] GC(326) Phase 2: Prepare compaction
[247.166s][info][gc,phases      ] GC(326) Phase 2: Prepare compaction 6.374ms
[247.166s][info][gc,phases,start] GC(326) Phase 3: Adjust pointers
[247.170s][info][gc,phases      ] GC(326) Phase 3: Adjust pointers 4.114ms
[247.170s][info][gc,phases,start] GC(326) Phase 4: Compact heap
[247.171s][info][gc,phases      ] GC(326) Phase 4: Compact heap 0.673ms
[247.181s][info][gc,heap        ] GC(326) Eden regions: 196->0(36)
[247.181s][info][gc,heap        ] GC(326) Survivor regions: 1->0(41)
[247.181s][info][gc,heap        ] GC(326) Old regions: 18->18
[247.181s][info][gc,heap        ] GC(326) Archive regions: 0->0
[247.181s][info][gc,heap        ] GC(326) Humongous regions: 0->0
[247.181s][info][gc,metaspace   ] GC(326) Metaspace: 9952K(10304K)->9952K(10304K) NonClass: 8650K(8896K)->8650K(8896K) Class: 1302K(1408K)->1302K(1408K)
[247.182s][info][gc             ] GC(326) Pause Full (System.gc()) 396M->3M(120M) 29.260ms
[247.182s][info][gc,cpu         ] GC(326) User=0.03s Sys=0.39s Real=0.03s
[247.490s][info][gc,start       ] GC(327) Pause Young (Normal) (G1 Evacuation Pause)
[247.490s][info][gc,task        ] GC(327) Using 14 workers of 33 for evacuation
[247.491s][info][gc,phases      ] GC(327)   Pre Evacuate Collection Set: 0.1ms
[247.491s][info][gc,phases      ] GC(327)   Merge Heap Roots: 0.1ms
[247.491s][info][gc,phases      ] GC(327)   Evacuate Collection Set: 0.8ms
[247.491s][info][gc,phases      ] GC(327)   Post Evacuate Collection Set: 0.3ms
[247.491s][info][gc,phases      ] GC(327)   Other: 0.1ms
[247.491s][info][gc,heap        ] GC(327) Eden regions: 36->0(35)
[247.491s][info][gc,heap        ] GC(327) Survivor regions: 0->1(5)
[247.492s][info][gc,heap        ] GC(327) Old regions: 18->18
[247.492s][info][gc,heap        ] GC(327) Archive regions: 0->0
[247.492s][info][gc,heap        ] GC(327) Humongous regions: 0->0
[247.492s][info][gc,metaspace   ] GC(327) Metaspace: 9952K(10304K)->9952K(10304K) NonClass: 8650K(8896K)->8650K(8896K) Class: 1302K(1408K)->1302K(1408K)
[247.492s][info][gc             ] GC(327) Pause Young (Normal) (G1 Evacuation Pause) 75M->5M(120M) 2.055ms
[247.492s][info][gc,cpu         ] GC(327) User=0.00s Sys=0.02s Real=0.02s
[247.773s][info][gc,start       ] GC(328) Pause Young (Normal) (G1 Evacuation Pause)
[247.773s][info][gc,task        ] GC(328) Using 8 workers of 33 for evacuation
[247.775s][info][gc,phases      ] GC(328)   Pre Evacuate Collection Set: 0.1ms
[247.775s][info][gc,phases      ] GC(328)   Merge Heap Roots: 0.1ms
[247.775s][info][gc,phases      ] GC(328)   Evacuate Collection Set: 1.1ms
[247.775s][info][gc,phases      ] GC(328)   Post Evacuate Collection Set: 0.3ms
[247.775s][info][gc,phases      ] GC(328)   Other: 0.1ms
[247.775s][info][gc,heap        ] GC(328) Eden regions: 35->0(35)
[247.775s][info][gc,heap        ] GC(328) Survivor regions: 1->1(5)
[247.775s][info][gc,heap        ] GC(328) Old regions: 18->18
[247.775s][info][gc,heap        ] GC(328) Archive regions: 0->0
[247.775s][info][gc,heap        ] GC(328) Humongous regions: 0->0
[247.775s][info][gc,metaspace   ] GC(328) Metaspace: 9952K(10304K)->9952K(10304K) NonClass: 8650K(8896K)->8650K(8896K) Class: 1302K(1408K)->1302K(1408K)
[247.775s][info][gc             ] GC(328) Pause Young (Normal) (G1 Evacuation Pause) 75M->5M(120M) 2.300ms
[247.775s][info][gc,cpu         ] GC(328) User=0.00s Sys=0.00s Real=0.00s
[248.090s][info][gc,start       ] GC(329) Pause Young (Normal) (G1 Evacuation Pause)
[248.090s][info][gc,task        ] GC(329) Using 5 workers of 33 for evacuation
[248.092s][info][gc,phases      ] GC(329)   Pre Evacuate Collection Set: 0.1ms
[248.092s][info][gc,phases      ] GC(329)   Merge Heap Roots: 0.1ms
[248.092s][info][gc,phases      ] GC(329)   Evacuate Collection Set: 1.7ms
[248.092s][info][gc,phases      ] GC(329)   Post Evacuate Collection Set: 0.3ms
[248.092s][info][gc,phases      ] GC(329)   Other: 0.1ms
[248.092s][info][gc,heap        ] GC(329) Eden regions: 35->0(35)
[248.092s][info][gc,heap        ] GC(329) Survivor regions: 1->1(5)
[248.092s][info][gc,heap        ] GC(329) Old regions: 18->18
[248.092s][info][gc,heap        ] GC(329) Archive regions: 0->0
[248.092s][info][gc,heap        ] GC(329) Humongous regions: 0->0
[248.092s][info][gc,metaspace   ] GC(329) Metaspace: 9952K(10304K)->9952K(10304K) NonClass: 8650K(8896K)->8650K(8896K) Class: 1302K(1408K)->1302K(1408K)
[248.092s][info][gc             ] GC(329) Pause Young (Normal) (G1 Evacuation Pause) 75M->5M(120M) 2.805ms
[248.093s][info][gc,cpu         ] GC(329) User=0.00s Sys=0.00s Real=0.00s
[248.407s][info][gc,start       ] GC(330) Pause Young (Normal) (G1 Evacuation Pause)
[248.408s][info][gc,task        ] GC(330) Using 3 workers of 33 for evacuation
[248.411s][info][gc,phases      ] GC(330)   Pre Evacuate Collection Set: 0.1ms
[248.411s][info][gc,phases      ] GC(330)   Merge Heap Roots: 0.1ms
[248.411s][info][gc,phases      ] GC(330)   Evacuate Collection Set: 2.5ms
[248.411s][info][gc,phases      ] GC(330)   Post Evacuate Collection Set: 0.3ms
[248.411s][info][gc,phases      ] GC(330)   Other: 0.1ms
[248.411s][info][gc,heap        ] GC(330) Eden regions: 35->0(35)
[248.411s][info][gc,heap        ] GC(330) Survivor regions: 1->1(5)
[248.411s][info][gc,heap        ] GC(330) Old regions: 18->18
[248.411s][info][gc,heap        ] GC(330) Archive regions: 0->0
[248.411s][info][gc,heap        ] GC(330) Humongous regions: 0->0
[248.411s][info][gc,metaspace   ] GC(330) Metaspace: 9952K(10304K)->9952K(10304K) NonClass: 8650K(8896K)->8650K(8896K) Class: 1302K(1408K)->1302K(1408K)
[248.411s][info][gc             ] GC(330) Pause Young (Normal) (G1 Evacuation Pause) 75M->5M(120M) 3.680ms
[248.411s][info][gc,cpu         ] GC(330) User=0.00s Sys=0.00s Real=0.00s
[248.713s][info][gc,start       ] GC(331) Pause Young (Normal) (G1 Evacuation Pause)
[248.713s][info][gc,task        ] GC(331) Using 2 workers of 33 for evacuation
[248.717s][info][gc,phases      ] GC(331)   Pre Evacuate Collection Set: 0.1ms
[248.717s][info][gc,phases      ] GC(331)   Merge Heap Roots: 0.1ms
[248.717s][info][gc,phases      ] GC(331)   Evacuate Collection Set: 3.3ms
[248.717s][info][gc,phases      ] GC(331)   Post Evacuate Collection Set: 0.3ms
[248.717s][info][gc,phases      ] GC(331)   Other: 0.1ms
[248.717s][info][gc,heap        ] GC(331) Eden regions: 35->0(35)
[248.717s][info][gc,heap        ] GC(331) Survivor regions: 1->1(5)
[248.717s][info][gc,heap        ] GC(331) Old regions: 18->18
[248.717s][info][gc,heap        ] GC(331) Archive regions: 0->0
[248.717s][info][gc,heap        ] GC(331) Humongous regions: 0->0
[248.717s][info][gc,metaspace   ] GC(331) Metaspace: 9952K(10304K)->9952K(10304K) NonClass: 8650K(8896K)->8650K(8896K) Class: 1302K(1408K)->1302K(1408K)
[248.717s][info][gc             ] GC(331) Pause Young (Normal) (G1 Evacuation Pause) 75M->5M(120M) 4.546ms
[248.718s][info][gc,cpu         ] GC(331) User=0.00s Sys=0.00s Real=0.00s
[249.028s][info][gc,start       ] GC(332) Pause Young (Normal) (G1 Evacuation Pause)
[249.028s][info][gc,task        ] GC(332) Using 2 workers of 33 for evacuation
[249.032s][info][gc,phases      ] GC(332)   Pre Evacuate Collection Set: 0.1ms
[249.032s][info][gc,phases      ] GC(332)   Merge Heap Roots: 0.1ms
[249.032s][info][gc,phases      ] GC(332)   Evacuate Collection Set: 3.5ms
[249.032s][info][gc,phases      ] GC(332)   Post Evacuate Collection Set: 0.3ms
[249.032s][info][gc,phases      ] GC(332)   Other: 0.1ms
[249.032s][info][gc,heap        ] GC(332) Eden regions: 35->0(35)
[249.032s][info][gc,heap        ] GC(332) Survivor regions: 1->1(5)
[249.032s][info][gc,heap        ] GC(332) Old regions: 18->18
[249.032s][info][gc,heap        ] GC(332) Archive regions: 0->0
[249.032s][info][gc,heap        ] GC(332) Humongous regions: 0->0
[249.032s][info][gc,metaspace   ] GC(332) Metaspace: 9952K(10304K)->9952K(10304K) NonClass: 8650K(8896K)->8650K(8896K) Class: 1302K(1408K)->1302K(1408K)
[249.033s][info][gc             ] GC(332) Pause Young (Normal) (G1 Evacuation Pause) 75M->5M(120M) 4.729ms
[249.033s][info][gc,cpu         ] GC(332) User=0.00s Sys=0.00s Real=0.00s
[249.345s][info][gc,start       ] GC(333) Pause Young (Normal) (G1 Evacuation Pause)
[249.345s][info][gc,task        ] GC(333) Using 2 workers of 33 for evacuation
[249.349s][info][gc,phases      ] GC(333)   Pre Evacuate Collection Set: 0.1ms
[249.349s][info][gc,phases      ] GC(333)   Merge Heap Roots: 0.1ms
[249.349s][info][gc,phases      ] GC(333)   Evacuate Collection Set: 3.5ms
[249.350s][info][gc,phases      ] GC(333)   Post Evacuate Collection Set: 0.3ms
[249.350s][info][gc,phases      ] GC(333)   Other: 0.1ms
[249.350s][info][gc,heap        ] GC(333) Eden regions: 35->0(35)
[249.350s][info][gc,heap        ] GC(333) Survivor regions: 1->1(5)
[249.350s][info][gc,heap        ] GC(333) Old regions: 18->18
[249.350s][info][gc,heap        ] GC(333) Archive regions: 0->0
[249.350s][info][gc,heap        ] GC(333) Humongous regions: 0->0
[249.350s][info][gc,metaspace   ] GC(333) Metaspace: 9952K(10304K)->9952K(10304K) NonClass: 8650K(8896K)->8650K(8896K) Class: 1302K(1408K)->1302K(1408K)
[249.350s][info][gc             ] GC(333) Pause Young (Normal) (G1 Evacuation Pause) 75M->5M(120M) 4.693ms
[249.350s][info][gc,cpu         ] GC(333) User=0.02s Sys=0.00s Real=0.02s
[249.658s][info][gc,start       ] GC(334) Pause Young (Normal) (G1 Evacuation Pause)
[249.658s][info][gc,task        ] GC(334) Using 2 workers of 33 for evacuation
[249.669s][info][gc,phases      ] GC(334)   Pre Evacuate Collection Set: 0.1ms
[249.669s][info][gc,phases      ] GC(334)   Merge Heap Roots: 0.1ms
[249.669s][info][gc,phases      ] GC(334)   Evacuate Collection Set: 2.4ms
[249.669s][info][gc,phases      ] GC(334)   Post Evacuate Collection Set: 8.3ms
[249.669s][info][gc,phases      ] GC(334)   Other: 0.1ms
[249.669s][info][gc,heap        ] GC(334) Eden regions: 35->0(324)
[249.669s][info][gc,heap        ] GC(334) Survivor regions: 1->1(5)
[249.669s][info][gc,heap        ] GC(334) Old regions: 18->18
[249.669s][info][gc,heap        ] GC(334) Archive regions: 0->0
[249.669s][info][gc,heap        ] GC(334) Humongous regions: 0->0
[249.670s][info][gc,metaspace   ] GC(334) Metaspace: 9952K(10304K)->9952K(10304K) NonClass: 8650K(8896K)->8650K(8896K) Class: 1302K(1408K)->1302K(1408K)
[249.670s][info][gc             ] GC(334) Pause Young (Normal) (G1 Evacuation Pause) 75M->5M(1084M) 11.591ms
[249.670s][info][gc,cpu         ] GC(334) User=0.00s Sys=0.02s Real=0.02s
[252.790s][info][gc,start       ] GC(335) Pause Young (Normal) (G1 Evacuation Pause)
[252.790s][info][gc,task        ] GC(335) Using 26 workers of 33 for evacuation
[252.793s][info][gc,phases      ] GC(335)   Pre Evacuate Collection Set: 0.2ms
[252.793s][info][gc,phases      ] GC(335)   Merge Heap Roots: 0.3ms
[252.793s][info][gc,phases      ] GC(335)   Evacuate Collection Set: 1.8ms
[252.793s][info][gc,phases      ] GC(335)   Post Evacuate Collection Set: 0.7ms
[252.793s][info][gc,phases      ] GC(335)   Other: 0.2ms
[252.793s][info][gc,heap        ] GC(335) Eden regions: 324->0(324)
[252.794s][info][gc,heap        ] GC(335) Survivor regions: 1->1(41)
[252.794s][info][gc,heap        ] GC(335) Old regions: 18->18
[252.794s][info][gc,heap        ] GC(335) Archive regions: 0->0
[252.794s][info][gc,heap        ] GC(335) Humongous regions: 0->0
[252.794s][info][gc,metaspace   ] GC(335) Metaspace: 9952K(10304K)->9952K(10304K) NonClass: 8650K(8896K)->8650K(8896K) Class: 1302K(1408K)->1302K(1408K)
[252.794s][info][gc             ] GC(335) Pause Young (Normal) (G1 Evacuation Pause) 653M->5M(1084M) 3.657ms
[252.794s][info][gc,cpu         ] GC(335) User=0.00s Sys=0.00s Real=0.00s
[254.537s][info][gc,start       ] GC(336) Pause Full (System.gc())
[254.537s][info][gc,task        ] GC(336) Using 26 workers of 33 for full compaction
[254.538s][info][gc,phases,start] GC(336) Phase 1: Mark live objects
[254.544s][info][gc,phases      ] GC(336) Phase 1: Mark live objects 6.512ms
[254.544s][info][gc,phases,start] GC(336) Phase 2: Prepare compaction
[254.551s][info][gc,phases      ] GC(336) Phase 2: Prepare compaction 6.305ms
[254.551s][info][gc,phases,start] GC(336) Phase 3: Adjust pointers
[254.554s][info][gc,phases      ] GC(336) Phase 3: Adjust pointers 3.724ms
[254.555s][info][gc,phases,start] GC(336) Phase 4: Compact heap
[254.555s][info][gc,phases      ] GC(336) Phase 4: Compact heap 0.816ms
[254.565s][info][gc,heap        ] GC(336) Eden regions: 197->0(36)
[254.565s][info][gc,heap        ] GC(336) Survivor regions: 1->0(41)
[254.565s][info][gc,heap        ] GC(336) Old regions: 18->18
[254.565s][info][gc,heap        ] GC(336) Archive regions: 0->0
[254.565s][info][gc,heap        ] GC(336) Humongous regions: 0->0
[254.565s][info][gc,metaspace   ] GC(336) Metaspace: 9952K(10304K)->9952K(10304K) NonClass: 8650K(8896K)->8650K(8896K) Class: 1302K(1408K)->1302K(1408K)
[254.565s][info][gc             ] GC(336) Pause Full (System.gc()) 398M->3M(120M) 28.276ms
[254.565s][info][gc,cpu         ] GC(336) User=0.41s Sys=0.27s Real=0.03s
[254.866s][info][gc,start       ] GC(337) Pause Young (Normal) (G1 Evacuation Pause)
[254.866s][info][gc,task        ] GC(337) Using 14 workers of 33 for evacuation
[254.867s][info][gc,phases      ] GC(337)   Pre Evacuate Collection Set: 0.1ms
[254.867s][info][gc,phases      ] GC(337)   Merge Heap Roots: 0.1ms
[254.867s][info][gc,phases      ] GC(337)   Evacuate Collection Set: 0.8ms
[254.867s][info][gc,phases      ] GC(337)   Post Evacuate Collection Set: 0.3ms
[254.867s][info][gc,phases      ] GC(337)   Other: 0.1ms
[254.867s][info][gc,heap        ] GC(337) Eden regions: 36->0(35)
[254.868s][info][gc,heap        ] GC(337) Survivor regions: 0->1(5)
[254.868s][info][gc,heap        ] GC(337) Old regions: 18->18
[254.868s][info][gc,heap        ] GC(337) Archive regions: 0->0
[254.868s][info][gc,heap        ] GC(337) Humongous regions: 0->0
[254.868s][info][gc,metaspace   ] GC(337) Metaspace: 9952K(10304K)->9952K(10304K) NonClass: 8650K(8896K)->8650K(8896K) Class: 1302K(1408K)->1302K(1408K)
[254.868s][info][gc             ] GC(337) Pause Young (Normal) (G1 Evacuation Pause) 75M->5M(120M) 1.873ms
[254.868s][info][gc,cpu         ] GC(337) User=0.00s Sys=0.00s Real=0.00s
[255.161s][info][gc,start       ] GC(338) Pause Young (Normal) (G1 Evacuation Pause)
[255.161s][info][gc,task        ] GC(338) Using 8 workers of 33 for evacuation
[255.163s][info][gc,phases      ] GC(338)   Pre Evacuate Collection Set: 0.1ms
[255.163s][info][gc,phases      ] GC(338)   Merge Heap Roots: 0.1ms
[255.163s][info][gc,phases      ] GC(338)   Evacuate Collection Set: 1.1ms
[255.163s][info][gc,phases      ] GC(338)   Post Evacuate Collection Set: 0.3ms
[255.163s][info][gc,phases      ] GC(338)   Other: 0.1ms
[255.163s][info][gc,heap        ] GC(338) Eden regions: 35->0(35)
[255.163s][info][gc,heap        ] GC(338) Survivor regions: 1->1(5)
[255.163s][info][gc,heap        ] GC(338) Old regions: 18->18
[255.163s][info][gc,heap        ] GC(338) Archive regions: 0->0
[255.163s][info][gc,heap        ] GC(338) Humongous regions: 0->0
[255.164s][info][gc,metaspace   ] GC(338) Metaspace: 9952K(10304K)->9952K(10304K) NonClass: 8650K(8896K)->8650K(8896K) Class: 1302K(1408K)->1302K(1408K)
[255.164s][info][gc             ] GC(338) Pause Young (Normal) (G1 Evacuation Pause) 75M->5M(120M) 2.280ms
[255.164s][info][gc,cpu         ] GC(338) User=0.00s Sys=0.00s Real=0.00s
[255.481s][info][gc,start       ] GC(339) Pause Young (Normal) (G1 Evacuation Pause)
[255.481s][info][gc,task        ] GC(339) Using 5 workers of 33 for evacuation
[255.483s][info][gc,phases      ] GC(339)   Pre Evacuate Collection Set: 0.1ms
[255.483s][info][gc,phases      ] GC(339)   Merge Heap Roots: 0.1ms
[255.483s][info][gc,phases      ] GC(339)   Evacuate Collection Set: 1.5ms
[255.483s][info][gc,phases      ] GC(339)   Post Evacuate Collection Set: 0.3ms
[255.483s][info][gc,phases      ] GC(339)   Other: 0.1ms
[255.483s][info][gc,heap        ] GC(339) Eden regions: 35->0(35)
[255.483s][info][gc,heap        ] GC(339) Survivor regions: 1->1(5)
[255.483s][info][gc,heap        ] GC(339) Old regions: 18->18
[255.483s][info][gc,heap        ] GC(339) Archive regions: 0->0
[255.483s][info][gc,heap        ] GC(339) Humongous regions: 0->0
[255.483s][info][gc,metaspace   ] GC(339) Metaspace: 9952K(10304K)->9952K(10304K) NonClass: 8650K(8896K)->8650K(8896K) Class: 1302K(1408K)->1302K(1408K)
[255.483s][info][gc             ] GC(339) Pause Young (Normal) (G1 Evacuation Pause) 75M->5M(120M) 2.695ms
[255.483s][info][gc,cpu         ] GC(339) User=0.00s Sys=0.00s Real=0.00s
[255.788s][info][gc,start       ] GC(340) Pause Young (Normal) (G1 Evacuation Pause)
[255.788s][info][gc,task        ] GC(340) Using 3 workers of 33 for evacuation
[255.791s][info][gc,phases      ] GC(340)   Pre Evacuate Collection Set: 0.1ms
[255.791s][info][gc,phases      ] GC(340)   Merge Heap Roots: 0.1ms
[255.791s][info][gc,phases      ] GC(340)   Evacuate Collection Set: 2.6ms
[255.791s][info][gc,phases      ] GC(340)   Post Evacuate Collection Set: 0.3ms
[255.791s][info][gc,phases      ] GC(340)   Other: 0.1ms
[255.792s][info][gc,heap        ] GC(340) Eden regions: 35->0(35)
[255.792s][info][gc,heap        ] GC(340) Survivor regions: 1->1(5)
[255.792s][info][gc,heap        ] GC(340) Old regions: 18->18
[255.792s][info][gc,heap        ] GC(340) Archive regions: 0->0
[255.792s][info][gc,heap        ] GC(340) Humongous regions: 0->0
[255.792s][info][gc,metaspace   ] GC(340) Metaspace: 9952K(10304K)->9952K(10304K) NonClass: 8650K(8896K)->8650K(8896K) Class: 1302K(1408K)->1302K(1408K)
[255.792s][info][gc             ] GC(340) Pause Young (Normal) (G1 Evacuation Pause) 75M->5M(120M) 3.741ms
[255.792s][info][gc,cpu         ] GC(340) User=0.05s Sys=0.00s Real=0.02s
[256.103s][info][gc,start       ] GC(341) Pause Young (Normal) (G1 Evacuation Pause)
[256.103s][info][gc,task        ] GC(341) Using 2 workers of 33 for evacuation
[256.107s][info][gc,phases      ] GC(341)   Pre Evacuate Collection Set: 0.1ms
[256.107s][info][gc,phases      ] GC(341)   Merge Heap Roots: 0.1ms
[256.107s][info][gc,phases      ] GC(341)   Evacuate Collection Set: 3.4ms
[256.107s][info][gc,phases      ] GC(341)   Post Evacuate Collection Set: 0.3ms
[256.107s][info][gc,phases      ] GC(341)   Other: 0.1ms
[256.107s][info][gc,heap        ] GC(341) Eden regions: 35->0(35)
[256.107s][info][gc,heap        ] GC(341) Survivor regions: 1->1(5)
[256.107s][info][gc,heap        ] GC(341) Old regions: 18->18
[256.107s][info][gc,heap        ] GC(341) Archive regions: 0->0
[256.107s][info][gc,heap        ] GC(341) Humongous regions: 0->0
[256.107s][info][gc,metaspace   ] GC(341) Metaspace: 9952K(10304K)->9952K(10304K) NonClass: 8650K(8896K)->8650K(8896K) Class: 1302K(1408K)->1302K(1408K)
[256.107s][info][gc             ] GC(341) Pause Young (Normal) (G1 Evacuation Pause) 75M->5M(120M) 4.605ms
[256.108s][info][gc,cpu         ] GC(341) User=0.00s Sys=0.00s Real=0.00s
[256.420s][info][gc,start       ] GC(342) Pause Young (Normal) (G1 Evacuation Pause)
[256.420s][info][gc,task        ] GC(342) Using 2 workers of 33 for evacuation
[256.424s][info][gc,phases      ] GC(342)   Pre Evacuate Collection Set: 0.1ms
[256.424s][info][gc,phases      ] GC(342)   Merge Heap Roots: 0.1ms
[256.424s][info][gc,phases      ] GC(342)   Evacuate Collection Set: 3.6ms
[256.424s][info][gc,phases      ] GC(342)   Post Evacuate Collection Set: 0.3ms
[256.424s][info][gc,phases      ] GC(342)   Other: 0.1ms
[256.424s][info][gc,heap        ] GC(342) Eden regions: 35->0(35)
[256.424s][info][gc,heap        ] GC(342) Survivor regions: 1->1(5)
[256.424s][info][gc,heap        ] GC(342) Old regions: 18->18
[256.424s][info][gc,heap        ] GC(342) Archive regions: 0->0
[256.425s][info][gc,heap        ] GC(342) Humongous regions: 0->0
[256.425s][info][gc,metaspace   ] GC(342) Metaspace: 9952K(10304K)->9952K(10304K) NonClass: 8650K(8896K)->8650K(8896K) Class: 1302K(1408K)->1302K(1408K)
[256.425s][info][gc             ] GC(342) Pause Young (Normal) (G1 Evacuation Pause) 75M->5M(120M) 4.827ms
[256.425s][info][gc,cpu         ] GC(342) User=0.03s Sys=0.00s Real=0.02s
[256.729s][info][gc,start       ] GC(343) Pause Young (Normal) (G1 Evacuation Pause)
[256.730s][info][gc,task        ] GC(343) Using 2 workers of 33 for evacuation
[256.742s][info][gc,phases      ] GC(343)   Pre Evacuate Collection Set: 0.1ms
[256.742s][info][gc,phases      ] GC(343)   Merge Heap Roots: 0.1ms
[256.742s][info][gc,phases      ] GC(343)   Evacuate Collection Set: 3.3ms
[256.742s][info][gc,phases      ] GC(343)   Post Evacuate Collection Set: 8.2ms
[256.742s][info][gc,phases      ] GC(343)   Other: 0.1ms
[256.742s][info][gc,heap        ] GC(343) Eden regions: 35->0(324)
[256.742s][info][gc,heap        ] GC(343) Survivor regions: 1->1(5)
[256.742s][info][gc,heap        ] GC(343) Old regions: 18->18
[256.742s][info][gc,heap        ] GC(343) Archive regions: 0->0
[256.742s][info][gc,heap        ] GC(343) Humongous regions: 0->0
[256.742s][info][gc,metaspace   ] GC(343) Metaspace: 9952K(10304K)->9952K(10304K) NonClass: 8650K(8896K)->8650K(8896K) Class: 1302K(1408K)->1302K(1408K)
[256.742s][info][gc             ] GC(343) Pause Young (Normal) (G1 Evacuation Pause) 75M->5M(1084M) 12.413ms
[256.742s][info][gc,cpu         ] GC(343) User=0.00s Sys=0.02s Real=0.02s
[259.880s][info][gc,start       ] GC(344) Pause Young (Normal) (G1 Evacuation Pause)
[259.880s][info][gc,task        ] GC(344) Using 26 workers of 33 for evacuation
[259.883s][info][gc,phases      ] GC(344)   Pre Evacuate Collection Set: 0.2ms
[259.883s][info][gc,phases      ] GC(344)   Merge Heap Roots: 0.3ms
[259.883s][info][gc,phases      ] GC(344)   Evacuate Collection Set: 1.7ms
[259.883s][info][gc,phases      ] GC(344)   Post Evacuate Collection Set: 0.7ms
[259.883s][info][gc,phases      ] GC(344)   Other: 0.2ms
[259.883s][info][gc,heap        ] GC(344) Eden regions: 324->0(324)
[259.883s][info][gc,heap        ] GC(344) Survivor regions: 1->1(41)
[259.883s][info][gc,heap        ] GC(344) Old regions: 18->18
[259.883s][info][gc,heap        ] GC(344) Archive regions: 0->0
[259.883s][info][gc,heap        ] GC(344) Humongous regions: 0->0
[259.883s][info][gc,metaspace   ] GC(344) Metaspace: 9952K(10304K)->9952K(10304K) NonClass: 8650K(8896K)->8650K(8896K) Class: 1302K(1408K)->1302K(1408K)
[259.883s][info][gc             ] GC(344) Pause Young (Normal) (G1 Evacuation Pause) 653M->5M(1084M) 3.555ms
[259.884s][info][gc,cpu         ] GC(344) User=0.41s Sys=0.00s Real=0.02s
[261.949s][info][gc,start       ] GC(345) Pause Full (System.gc())
[261.949s][info][gc,task        ] GC(345) Using 26 workers of 33 for full compaction
[261.950s][info][gc,phases,start] GC(345) Phase 1: Mark live objects
[261.956s][info][gc,phases      ] GC(345) Phase 1: Mark live objects 6.056ms
[261.956s][info][gc,phases,start] GC(345) Phase 2: Prepare compaction
[261.963s][info][gc,phases      ] GC(345) Phase 2: Prepare compaction 7.271ms
[261.963s][info][gc,phases,start] GC(345) Phase 3: Adjust pointers
[261.967s][info][gc,phases      ] GC(345) Phase 3: Adjust pointers 3.668ms
[261.967s][info][gc,phases,start] GC(345) Phase 4: Compact heap
[261.968s][info][gc,phases      ] GC(345) Phase 4: Compact heap 0.578ms
[261.977s][info][gc,heap        ] GC(345) Eden regions: 229->0(36)
[261.977s][info][gc,heap        ] GC(345) Survivor regions: 1->0(41)
[261.977s][info][gc,heap        ] GC(345) Old regions: 18->18
[261.977s][info][gc,heap        ] GC(345) Archive regions: 0->0
[261.977s][info][gc,heap        ] GC(345) Humongous regions: 0->0
[261.977s][info][gc,metaspace   ] GC(345) Metaspace: 9952K(10304K)->9952K(10304K) NonClass: 8650K(8896K)->8650K(8896K) Class: 1302K(1408K)->1302K(1408K)
[261.977s][info][gc             ] GC(345) Pause Full (System.gc()) 462M->3M(120M) 28.750ms
[261.977s][info][gc,cpu         ] GC(345) User=0.42s Sys=0.25s Real=0.03s
[262.283s][info][gc,start       ] GC(346) Pause Young (Normal) (G1 Evacuation Pause)
[262.284s][info][gc,task        ] GC(346) Using 14 workers of 33 for evacuation
[262.285s][info][gc,phases      ] GC(346)   Pre Evacuate Collection Set: 0.1ms
[262.285s][info][gc,phases      ] GC(346)   Merge Heap Roots: 0.1ms
[262.285s][info][gc,phases      ] GC(346)   Evacuate Collection Set: 0.7ms
[262.285s][info][gc,phases      ] GC(346)   Post Evacuate Collection Set: 0.3ms
[262.285s][info][gc,phases      ] GC(346)   Other: 0.1ms
[262.285s][info][gc,heap        ] GC(346) Eden regions: 36->0(35)
[262.285s][info][gc,heap        ] GC(346) Survivor regions: 0->1(5)
[262.285s][info][gc,heap        ] GC(346) Old regions: 18->18
[262.285s][info][gc,heap        ] GC(346) Archive regions: 0->0
[262.285s][info][gc,heap        ] GC(346) Humongous regions: 0->0
[262.285s][info][gc,metaspace   ] GC(346) Metaspace: 9952K(10304K)->9952K(10304K) NonClass: 8650K(8896K)->8650K(8896K) Class: 1302K(1408K)->1302K(1408K)
[262.285s][info][gc             ] GC(346) Pause Young (Normal) (G1 Evacuation Pause) 75M->5M(120M) 1.886ms
[262.285s][info][gc,cpu         ] GC(346) User=0.00s Sys=0.00s Real=0.00s
[262.587s][info][gc,start       ] GC(347) Pause Young (Normal) (G1 Evacuation Pause)
[262.588s][info][gc,task        ] GC(347) Using 8 workers of 33 for evacuation
[262.589s][info][gc,phases      ] GC(347)   Pre Evacuate Collection Set: 0.1ms
[262.589s][info][gc,phases      ] GC(347)   Merge Heap Roots: 0.1ms
[262.589s][info][gc,phases      ] GC(347)   Evacuate Collection Set: 1.1ms
[262.589s][info][gc,phases      ] GC(347)   Post Evacuate Collection Set: 0.3ms
[262.589s][info][gc,phases      ] GC(347)   Other: 0.1ms
[262.589s][info][gc,heap        ] GC(347) Eden regions: 35->0(35)
[262.589s][info][gc,heap        ] GC(347) Survivor regions: 1->1(5)
[262.589s][info][gc,heap        ] GC(347) Old regions: 18->18
[262.590s][info][gc,heap        ] GC(347) Archive regions: 0->0
[262.590s][info][gc,heap        ] GC(347) Humongous regions: 0->0
[262.590s][info][gc,metaspace   ] GC(347) Metaspace: 9952K(10304K)->9952K(10304K) NonClass: 8650K(8896K)->8650K(8896K) Class: 1302K(1408K)->1302K(1408K)
[262.590s][info][gc             ] GC(347) Pause Young (Normal) (G1 Evacuation Pause) 75M->5M(120M) 2.262ms
[262.590s][info][gc,cpu         ] GC(347) User=0.00s Sys=0.00s Real=0.00s
[262.899s][info][gc,start       ] GC(348) Pause Young (Normal) (G1 Evacuation Pause)
[262.899s][info][gc,task        ] GC(348) Using 5 workers of 33 for evacuation
[262.901s][info][gc,phases      ] GC(348)   Pre Evacuate Collection Set: 0.1ms
[262.901s][info][gc,phases      ] GC(348)   Merge Heap Roots: 0.1ms
[262.901s][info][gc,phases      ] GC(348)   Evacuate Collection Set: 1.5ms
[262.901s][info][gc,phases      ] GC(348)   Post Evacuate Collection Set: 0.3ms
[262.901s][info][gc,phases      ] GC(348)   Other: 0.1ms
[262.902s][info][gc,heap        ] GC(348) Eden regions: 35->0(35)
[262.902s][info][gc,heap        ] GC(348) Survivor regions: 1->1(5)
[262.902s][info][gc,heap        ] GC(348) Old regions: 18->18
[262.902s][info][gc,heap        ] GC(348) Archive regions: 0->0
[262.902s][info][gc,heap        ] GC(348) Humongous regions: 0->0
[262.902s][info][gc,metaspace   ] GC(348) Metaspace: 9952K(10304K)->9952K(10304K) NonClass: 8650K(8896K)->8650K(8896K) Class: 1302K(1408K)->1302K(1408K)
[262.902s][info][gc             ] GC(348) Pause Young (Normal) (G1 Evacuation Pause) 75M->5M(120M) 2.654ms
[262.902s][info][gc,cpu         ] GC(348) User=0.00s Sys=0.00s Real=0.00s
[263.209s][info][gc,start       ] GC(349) Pause Young (Normal) (G1 Evacuation Pause)
[263.209s][info][gc,task        ] GC(349) Using 3 workers of 33 for evacuation
[263.212s][info][gc,phases      ] GC(349)   Pre Evacuate Collection Set: 0.1ms
[263.212s][info][gc,phases      ] GC(349)   Merge Heap Roots: 0.1ms
[263.212s][info][gc,phases      ] GC(349)   Evacuate Collection Set: 2.4ms
[263.212s][info][gc,phases      ] GC(349)   Post Evacuate Collection Set: 0.3ms
[263.212s][info][gc,phases      ] GC(349)   Other: 0.1ms
[263.212s][info][gc,heap        ] GC(349) Eden regions: 35->0(35)
[263.212s][info][gc,heap        ] GC(349) Survivor regions: 1->1(5)
[263.212s][info][gc,heap        ] GC(349) Old regions: 18->18
[263.212s][info][gc,heap        ] GC(349) Archive regions: 0->0
[263.212s][info][gc,heap        ] GC(349) Humongous regions: 0->0
[263.212s][info][gc,metaspace   ] GC(349) Metaspace: 9952K(10304K)->9952K(10304K) NonClass: 8650K(8896K)->8650K(8896K) Class: 1302K(1408K)->1302K(1408K)
[263.212s][info][gc             ] GC(349) Pause Young (Normal) (G1 Evacuation Pause) 75M->5M(120M) 3.528ms
[263.212s][info][gc,cpu         ] GC(349) User=0.00s Sys=0.00s Real=0.00s
[263.522s][info][gc,start       ] GC(350) Pause Young (Normal) (G1 Evacuation Pause)
[263.522s][info][gc,task        ] GC(350) Using 2 workers of 33 for evacuation
[263.526s][info][gc,phases      ] GC(350)   Pre Evacuate Collection Set: 0.1ms
[263.526s][info][gc,phases      ] GC(350)   Merge Heap Roots: 0.1ms
[263.526s][info][gc,phases      ] GC(350)   Evacuate Collection Set: 3.5ms
[263.527s][info][gc,phases      ] GC(350)   Post Evacuate Collection Set: 0.3ms
[263.527s][info][gc,phases      ] GC(350)   Other: 0.1ms
[263.527s][info][gc,heap        ] GC(350) Eden regions: 35->0(35)
[263.527s][info][gc,heap        ] GC(350) Survivor regions: 1->1(5)
[263.527s][info][gc,heap        ] GC(350) Old regions: 18->18
[263.527s][info][gc,heap        ] GC(350) Archive regions: 0->0
[263.527s][info][gc,heap        ] GC(350) Humongous regions: 0->0
[263.527s][info][gc,metaspace   ] GC(350) Metaspace: 9952K(10304K)->9952K(10304K) NonClass: 8650K(8896K)->8650K(8896K) Class: 1302K(1408K)->1302K(1408K)
[263.527s][info][gc             ] GC(350) Pause Young (Normal) (G1 Evacuation Pause) 75M->5M(120M) 4.696ms
[263.527s][info][gc,cpu         ] GC(350) User=0.00s Sys=0.00s Real=0.00s
[263.837s][info][gc,start       ] GC(351) Pause Young (Normal) (G1 Evacuation Pause)
[263.837s][info][gc,task        ] GC(351) Using 2 workers of 33 for evacuation
[263.840s][info][gc,phases      ] GC(351)   Pre Evacuate Collection Set: 0.1ms
[263.840s][info][gc,phases      ] GC(351)   Merge Heap Roots: 0.1ms
[263.840s][info][gc,phases      ] GC(351)   Evacuate Collection Set: 2.4ms
[263.840s][info][gc,phases      ] GC(351)   Post Evacuate Collection Set: 0.3ms
[263.840s][info][gc,phases      ] GC(351)   Other: 0.1ms
[263.840s][info][gc,heap        ] GC(351) Eden regions: 35->0(35)
[263.840s][info][gc,heap        ] GC(351) Survivor regions: 1->1(5)
[263.840s][info][gc,heap        ] GC(351) Old regions: 18->18
[263.840s][info][gc,heap        ] GC(351) Archive regions: 0->0
[263.840s][info][gc,heap        ] GC(351) Humongous regions: 0->0
[263.840s][info][gc,metaspace   ] GC(351) Metaspace: 9952K(10304K)->9952K(10304K) NonClass: 8650K(8896K)->8650K(8896K) Class: 1302K(1408K)->1302K(1408K)
[263.840s][info][gc             ] GC(351) Pause Young (Normal) (G1 Evacuation Pause) 75M->5M(120M) 3.583ms
[263.840s][info][gc,cpu         ] GC(351) User=0.00s Sys=0.00s Real=0.00s
[264.156s][info][gc,start       ] GC(352) Pause Young (Normal) (G1 Evacuation Pause)
[264.156s][info][gc,task        ] GC(352) Using 2 workers of 33 for evacuation
[264.160s][info][gc,phases      ] GC(352)   Pre Evacuate Collection Set: 0.1ms
[264.160s][info][gc,phases      ] GC(352)   Merge Heap Roots: 0.1ms
[264.160s][info][gc,phases      ] GC(352)   Evacuate Collection Set: 3.3ms
[264.160s][info][gc,phases      ] GC(352)   Post Evacuate Collection Set: 0.3ms
[264.160s][info][gc,phases      ] GC(352)   Other: 0.1ms
[264.160s][info][gc,heap        ] GC(352) Eden regions: 35->0(35)
[264.160s][info][gc,heap        ] GC(352) Survivor regions: 1->1(5)
[264.160s][info][gc,heap        ] GC(352) Old regions: 18->18
[264.160s][info][gc,heap        ] GC(352) Archive regions: 0->0
[264.160s][info][gc,heap        ] GC(352) Humongous regions: 0->0
[264.160s][info][gc,metaspace   ] GC(352) Metaspace: 9952K(10304K)->9952K(10304K) NonClass: 8650K(8896K)->8650K(8896K) Class: 1302K(1408K)->1302K(1408K)
[264.161s][info][gc             ] GC(352) Pause Young (Normal) (G1 Evacuation Pause) 75M->5M(120M) 4.498ms
[264.161s][info][gc,cpu         ] GC(352) User=0.00s Sys=0.00s Real=0.00s
[264.480s][info][gc,start       ] GC(353) Pause Young (Normal) (G1 Evacuation Pause)
[264.480s][info][gc,task        ] GC(353) Using 2 workers of 33 for evacuation
[264.484s][info][gc,phases      ] GC(353)   Pre Evacuate Collection Set: 0.1ms
[264.484s][info][gc,phases      ] GC(353)   Merge Heap Roots: 0.1ms
[264.484s][info][gc,phases      ] GC(353)   Evacuate Collection Set: 3.5ms
[264.484s][info][gc,phases      ] GC(353)   Post Evacuate Collection Set: 0.3ms
[264.484s][info][gc,phases      ] GC(353)   Other: 0.1ms
[264.484s][info][gc,heap        ] GC(353) Eden regions: 35->0(35)
[264.484s][info][gc,heap        ] GC(353) Survivor regions: 1->1(5)
[264.484s][info][gc,heap        ] GC(353) Old regions: 18->18
[264.484s][info][gc,heap        ] GC(353) Archive regions: 0->0
[264.484s][info][gc,heap        ] GC(353) Humongous regions: 0->0
[264.484s][info][gc,metaspace   ] GC(353) Metaspace: 9952K(10304K)->9952K(10304K) NonClass: 8650K(8896K)->8650K(8896K) Class: 1302K(1408K)->1302K(1408K)
[264.484s][info][gc             ] GC(353) Pause Young (Normal) (G1 Evacuation Pause) 75M->5M(120M) 4.617ms
[264.484s][info][gc,cpu         ] GC(353) User=0.03s Sys=0.00s Real=0.01s
[264.799s][info][gc,start       ] GC(354) Pause Young (Normal) (G1 Evacuation Pause)
[264.799s][info][gc,task        ] GC(354) Using 2 workers of 33 for evacuation
[264.811s][info][gc,phases      ] GC(354)   Pre Evacuate Collection Set: 0.1ms
[264.811s][info][gc,phases      ] GC(354)   Merge Heap Roots: 0.1ms
[264.811s][info][gc,phases      ] GC(354)   Evacuate Collection Set: 3.4ms
[264.811s][info][gc,phases      ] GC(354)   Post Evacuate Collection Set: 8.2ms
[264.812s][info][gc,phases      ] GC(354)   Other: 0.1ms
[264.812s][info][gc,heap        ] GC(354) Eden regions: 35->0(324)
[264.812s][info][gc,heap        ] GC(354) Survivor regions: 1->1(5)
[264.812s][info][gc,heap        ] GC(354) Old regions: 18->18
[264.812s][info][gc,heap        ] GC(354) Archive regions: 0->0
[264.812s][info][gc,heap        ] GC(354) Humongous regions: 0->0
[264.812s][info][gc,metaspace   ] GC(354) Metaspace: 9952K(10304K)->9952K(10304K) NonClass: 8650K(8896K)->8650K(8896K) Class: 1302K(1408K)->1302K(1408K)
[264.812s][info][gc             ] GC(354) Pause Young (Normal) (G1 Evacuation Pause) 75M->5M(1084M) 12.462ms
[264.812s][info][gc,cpu         ] GC(354) User=0.03s Sys=0.00s Real=0.02s
[267.939s][info][gc,start       ] GC(355) Pause Young (Normal) (G1 Evacuation Pause)
[267.939s][info][gc,task        ] GC(355) Using 26 workers of 33 for evacuation
[267.942s][info][gc,phases      ] GC(355)   Pre Evacuate Collection Set: 0.2ms
[267.942s][info][gc,phases      ] GC(355)   Merge Heap Roots: 0.2ms
[267.942s][info][gc,phases      ] GC(355)   Evacuate Collection Set: 1.7ms
[267.942s][info][gc,phases      ] GC(355)   Post Evacuate Collection Set: 0.7ms
[267.942s][info][gc,phases      ] GC(355)   Other: 0.2ms
[267.942s][info][gc,heap        ] GC(355) Eden regions: 324->0(324)
[267.942s][info][gc,heap        ] GC(355) Survivor regions: 1->1(41)
[267.942s][info][gc,heap        ] GC(355) Old regions: 18->18
[267.942s][info][gc,heap        ] GC(355) Archive regions: 0->0
[267.942s][info][gc,heap        ] GC(355) Humongous regions: 0->0
[267.942s][info][gc,metaspace   ] GC(355) Metaspace: 9952K(10304K)->9952K(10304K) NonClass: 8650K(8896K)->8650K(8896K) Class: 1302K(1408K)->1302K(1408K)
[267.942s][info][gc             ] GC(355) Pause Young (Normal) (G1 Evacuation Pause) 653M->5M(1084M) 3.553ms
[267.942s][info][gc,cpu         ] GC(355) User=0.00s Sys=0.00s Real=0.00s
[269.369s][info][gc,start       ] GC(356) Pause Full (System.gc())
[269.369s][info][gc,task        ] GC(356) Using 26 workers of 33 for full compaction
[269.370s][info][gc,phases,start] GC(356) Phase 1: Mark live objects
[269.376s][info][gc,phases      ] GC(356) Phase 1: Mark live objects 6.118ms
[269.376s][info][gc,phases,start] GC(356) Phase 2: Prepare compaction
[269.382s][info][gc,phases      ] GC(356) Phase 2: Prepare compaction 5.866ms
[269.382s][info][gc,phases,start] GC(356) Phase 3: Adjust pointers
[269.386s][info][gc,phases      ] GC(356) Phase 3: Adjust pointers 4.045ms
[269.386s][info][gc,phases,start] GC(356) Phase 4: Compact heap
[269.387s][info][gc,phases      ] GC(356) Phase 4: Compact heap 0.659ms
[269.397s][info][gc,heap        ] GC(356) Eden regions: 161->0(36)
[269.397s][info][gc,heap        ] GC(356) Survivor regions: 1->0(41)
[269.397s][info][gc,heap        ] GC(356) Old regions: 18->18
[269.397s][info][gc,heap        ] GC(356) Archive regions: 0->0
[269.397s][info][gc,heap        ] GC(356) Humongous regions: 0->0
[269.397s][info][gc,metaspace   ] GC(356) Metaspace: 9952K(10304K)->9952K(10304K) NonClass: 8650K(8896K)->8650K(8896K) Class: 1302K(1408K)->1302K(1408K)
[269.397s][info][gc             ] GC(356) Pause Full (System.gc()) 326M->3M(120M) 28.899ms
[269.398s][info][gc,cpu         ] GC(356) User=0.00s Sys=0.42s Real=0.03s
[269.714s][info][gc,start       ] GC(357) Pause Young (Normal) (G1 Evacuation Pause)
[269.714s][info][gc,task        ] GC(357) Using 14 workers of 33 for evacuation
[269.716s][info][gc,phases      ] GC(357)   Pre Evacuate Collection Set: 0.1ms
[269.716s][info][gc,phases      ] GC(357)   Merge Heap Roots: 0.1ms
[269.716s][info][gc,phases      ] GC(357)   Evacuate Collection Set: 0.7ms
[269.716s][info][gc,phases      ] GC(357)   Post Evacuate Collection Set: 0.3ms
[269.716s][info][gc,phases      ] GC(357)   Other: 0.1ms
[269.716s][info][gc,heap        ] GC(357) Eden regions: 36->0(35)
[269.716s][info][gc,heap        ] GC(357) Survivor regions: 0->1(5)
[269.716s][info][gc,heap        ] GC(357) Old regions: 18->18
[269.716s][info][gc,heap        ] GC(357) Archive regions: 0->0
[269.716s][info][gc,heap        ] GC(357) Humongous regions: 0->0
[269.716s][info][gc,metaspace   ] GC(357) Metaspace: 9953K(10304K)->9953K(10304K) NonClass: 8650K(8896K)->8650K(8896K) Class: 1302K(1408K)->1302K(1408K)
[269.716s][info][gc             ] GC(357) Pause Young (Normal) (G1 Evacuation Pause) 75M->5M(120M) 1.924ms
[269.716s][info][gc,cpu         ] GC(357) User=0.22s Sys=0.00s Real=0.02s
[270.019s][info][gc,start       ] GC(358) Pause Young (Normal) (G1 Evacuation Pause)
[270.019s][info][gc,task        ] GC(358) Using 8 workers of 33 for evacuation
[270.021s][info][gc,phases      ] GC(358)   Pre Evacuate Collection Set: 0.1ms
[270.021s][info][gc,phases      ] GC(358)   Merge Heap Roots: 0.1ms
[270.021s][info][gc,phases      ] GC(358)   Evacuate Collection Set: 1.1ms
[270.021s][info][gc,phases      ] GC(358)   Post Evacuate Collection Set: 0.3ms
[270.021s][info][gc,phases      ] GC(358)   Other: 0.1ms
[270.021s][info][gc,heap        ] GC(358) Eden regions: 35->0(35)
[270.021s][info][gc,heap        ] GC(358) Survivor regions: 1->1(5)
[270.021s][info][gc,heap        ] GC(358) Old regions: 18->18
[270.021s][info][gc,heap        ] GC(358) Archive regions: 0->0
[270.021s][info][gc,heap        ] GC(358) Humongous regions: 0->0
[270.022s][info][gc,metaspace   ] GC(358) Metaspace: 9953K(10304K)->9953K(10304K) NonClass: 8650K(8896K)->8650K(8896K) Class: 1302K(1408K)->1302K(1408K)
[270.022s][info][gc             ] GC(358) Pause Young (Normal) (G1 Evacuation Pause) 75M->5M(120M) 2.279ms
[270.022s][info][gc,cpu         ] GC(358) User=0.00s Sys=0.00s Real=0.00s
[270.349s][info][gc,start       ] GC(359) Pause Young (Normal) (G1 Evacuation Pause)
[270.349s][info][gc,task        ] GC(359) Using 5 workers of 33 for evacuation
[270.351s][info][gc,phases      ] GC(359)   Pre Evacuate Collection Set: 0.1ms
[270.351s][info][gc,phases      ] GC(359)   Merge Heap Roots: 0.1ms
[270.351s][info][gc,phases      ] GC(359)   Evacuate Collection Set: 1.5ms
[270.351s][info][gc,phases      ] GC(359)   Post Evacuate Collection Set: 0.3ms
[270.351s][info][gc,phases      ] GC(359)   Other: 0.1ms
[270.351s][info][gc,heap        ] GC(359) Eden regions: 35->0(35)
[270.351s][info][gc,heap        ] GC(359) Survivor regions: 1->1(5)
[270.351s][info][gc,heap        ] GC(359) Old regions: 18->18
[270.351s][info][gc,heap        ] GC(359) Archive regions: 0->0
[270.351s][info][gc,heap        ] GC(359) Humongous regions: 0->0
[270.351s][info][gc,metaspace   ] GC(359) Metaspace: 9953K(10304K)->9953K(10304K) NonClass: 8650K(8896K)->8650K(8896K) Class: 1302K(1408K)->1302K(1408K)
[270.352s][info][gc             ] GC(359) Pause Young (Normal) (G1 Evacuation Pause) 75M->5M(120M) 2.666ms
[270.352s][info][gc,cpu         ] GC(359) User=0.00s Sys=0.00s Real=0.00s
[270.665s][info][gc,start       ] GC(360) Pause Young (Normal) (G1 Evacuation Pause)
[270.665s][info][gc,task        ] GC(360) Using 3 workers of 33 for evacuation
[270.668s][info][gc,phases      ] GC(360)   Pre Evacuate Collection Set: 0.1ms
[270.668s][info][gc,phases      ] GC(360)   Merge Heap Roots: 0.1ms
[270.668s][info][gc,phases      ] GC(360)   Evacuate Collection Set: 2.4ms
[270.668s][info][gc,phases      ] GC(360)   Post Evacuate Collection Set: 0.3ms
[270.668s][info][gc,phases      ] GC(360)   Other: 0.1ms
[270.668s][info][gc,heap        ] GC(360) Eden regions: 35->0(35)
[270.668s][info][gc,heap        ] GC(360) Survivor regions: 1->1(5)
[270.668s][info][gc,heap        ] GC(360) Old regions: 18->18
[270.668s][info][gc,heap        ] GC(360) Archive regions: 0->0
[270.668s][info][gc,heap        ] GC(360) Humongous regions: 0->0
[270.669s][info][gc,metaspace   ] GC(360) Metaspace: 9953K(10304K)->9953K(10304K) NonClass: 8650K(8896K)->8650K(8896K) Class: 1302K(1408K)->1302K(1408K)
[270.669s][info][gc             ] GC(360) Pause Young (Normal) (G1 Evacuation Pause) 75M->5M(120M) 3.499ms
[270.669s][info][gc,cpu         ] GC(360) User=0.00s Sys=0.00s Real=0.00s
[270.993s][info][gc,start       ] GC(361) Pause Young (Normal) (G1 Evacuation Pause)
[270.993s][info][gc,task        ] GC(361) Using 2 workers of 33 for evacuation
[270.997s][info][gc,phases      ] GC(361)   Pre Evacuate Collection Set: 0.1ms
[270.997s][info][gc,phases      ] GC(361)   Merge Heap Roots: 0.1ms
[270.997s][info][gc,phases      ] GC(361)   Evacuate Collection Set: 3.4ms
[270.997s][info][gc,phases      ] GC(361)   Post Evacuate Collection Set: 0.3ms
[270.997s][info][gc,phases      ] GC(361)   Other: 0.1ms
[270.997s][info][gc,heap        ] GC(361) Eden regions: 35->0(35)
[270.997s][info][gc,heap        ] GC(361) Survivor regions: 1->1(5)
[270.997s][info][gc,heap        ] GC(361) Old regions: 18->18
[270.997s][info][gc,heap        ] GC(361) Archive regions: 0->0
[270.997s][info][gc,heap        ] GC(361) Humongous regions: 0->0
[270.997s][info][gc,metaspace   ] GC(361) Metaspace: 9953K(10304K)->9953K(10304K) NonClass: 8650K(8896K)->8650K(8896K) Class: 1302K(1408K)->1302K(1408K)
[270.997s][info][gc             ] GC(361) Pause Young (Normal) (G1 Evacuation Pause) 75M->5M(120M) 4.525ms
[270.997s][info][gc,cpu         ] GC(361) User=0.03s Sys=0.00s Real=0.01s
[271.305s][info][gc,start       ] GC(362) Pause Young (Normal) (G1 Evacuation Pause)
[271.306s][info][gc,task        ] GC(362) Using 2 workers of 33 for evacuation
[271.310s][info][gc,phases      ] GC(362)   Pre Evacuate Collection Set: 0.1ms
[271.310s][info][gc,phases      ] GC(362)   Merge Heap Roots: 0.1ms
[271.310s][info][gc,phases      ] GC(362)   Evacuate Collection Set: 3.5ms
[271.310s][info][gc,phases      ] GC(362)   Post Evacuate Collection Set: 0.3ms
[271.310s][info][gc,phases      ] GC(362)   Other: 0.1ms
[271.310s][info][gc,heap        ] GC(362) Eden regions: 35->0(35)
[271.310s][info][gc,heap        ] GC(362) Survivor regions: 1->1(5)
[271.310s][info][gc,heap        ] GC(362) Old regions: 18->18
[271.310s][info][gc,heap        ] GC(362) Archive regions: 0->0
[271.310s][info][gc,heap        ] GC(362) Humongous regions: 0->0
[271.310s][info][gc,metaspace   ] GC(362) Metaspace: 9953K(10304K)->9953K(10304K) NonClass: 8650K(8896K)->8650K(8896K) Class: 1302K(1408K)->1302K(1408K)
[271.310s][info][gc             ] GC(362) Pause Young (Normal) (G1 Evacuation Pause) 75M->5M(120M) 4.710ms
[271.310s][info][gc,cpu         ] GC(362) User=0.03s Sys=0.00s Real=0.02s
[271.633s][info][gc,start       ] GC(363) Pause Young (Normal) (G1 Evacuation Pause)
[271.633s][info][gc,task        ] GC(363) Using 2 workers of 33 for evacuation
[271.637s][info][gc,phases      ] GC(363)   Pre Evacuate Collection Set: 0.1ms
[271.637s][info][gc,phases      ] GC(363)   Merge Heap Roots: 0.1ms
[271.637s][info][gc,phases      ] GC(363)   Evacuate Collection Set: 3.4ms
[271.637s][info][gc,phases      ] GC(363)   Post Evacuate Collection Set: 0.3ms
[271.637s][info][gc,phases      ] GC(363)   Other: 0.1ms
[271.637s][info][gc,heap        ] GC(363) Eden regions: 35->0(35)
[271.637s][info][gc,heap        ] GC(363) Survivor regions: 1->1(5)
[271.637s][info][gc,heap        ] GC(363) Old regions: 18->18
[271.637s][info][gc,heap        ] GC(363) Archive regions: 0->0
[271.637s][info][gc,heap        ] GC(363) Humongous regions: 0->0
[271.637s][info][gc,metaspace   ] GC(363) Metaspace: 9953K(10304K)->9953K(10304K) NonClass: 8650K(8896K)->8650K(8896K) Class: 1302K(1408K)->1302K(1408K)
[271.637s][info][gc             ] GC(363) Pause Young (Normal) (G1 Evacuation Pause) 75M->5M(120M) 4.580ms
[271.637s][info][gc,cpu         ] GC(363) User=0.00s Sys=0.00s Real=0.00s
[271.954s][info][gc,start       ] GC(364) Pause Young (Normal) (G1 Evacuation Pause)
[271.954s][info][gc,task        ] GC(364) Using 2 workers of 33 for evacuation
[271.966s][info][gc,phases      ] GC(364)   Pre Evacuate Collection Set: 0.1ms
[271.966s][info][gc,phases      ] GC(364)   Merge Heap Roots: 0.1ms
[271.966s][info][gc,phases      ] GC(364)   Evacuate Collection Set: 3.7ms
[271.966s][info][gc,phases      ] GC(364)   Post Evacuate Collection Set: 8.3ms
[271.966s][info][gc,phases      ] GC(364)   Other: 0.1ms
[271.966s][info][gc,heap        ] GC(364) Eden regions: 35->0(324)
[271.966s][info][gc,heap        ] GC(364) Survivor regions: 1->1(5)
[271.966s][info][gc,heap        ] GC(364) Old regions: 18->18
[271.966s][info][gc,heap        ] GC(364) Archive regions: 0->0
[271.966s][info][gc,heap        ] GC(364) Humongous regions: 0->0
[271.966s][info][gc,metaspace   ] GC(364) Metaspace: 9953K(10304K)->9953K(10304K) NonClass: 8650K(8896K)->8650K(8896K) Class: 1302K(1408K)->1302K(1408K)
[271.966s][info][gc             ] GC(364) Pause Young (Normal) (G1 Evacuation Pause) 75M->5M(1084M) 12.840ms
[271.966s][info][gc,cpu         ] GC(364) User=0.00s Sys=0.02s Real=0.01s
[275.099s][info][gc,start       ] GC(365) Pause Young (Normal) (G1 Evacuation Pause)
[275.099s][info][gc,task        ] GC(365) Using 26 workers of 33 for evacuation
[275.102s][info][gc,phases      ] GC(365)   Pre Evacuate Collection Set: 0.2ms
[275.102s][info][gc,phases      ] GC(365)   Merge Heap Roots: 0.2ms
[275.102s][info][gc,phases      ] GC(365)   Evacuate Collection Set: 1.7ms
[275.102s][info][gc,phases      ] GC(365)   Post Evacuate Collection Set: 0.7ms
[275.102s][info][gc,phases      ] GC(365)   Other: 0.2ms
[275.102s][info][gc,heap        ] GC(365) Eden regions: 324->0(324)
[275.102s][info][gc,heap        ] GC(365) Survivor regions: 1->1(41)
[275.102s][info][gc,heap        ] GC(365) Old regions: 18->18
[275.102s][info][gc,heap        ] GC(365) Archive regions: 0->0
[275.102s][info][gc,heap        ] GC(365) Humongous regions: 0->0
[275.102s][info][gc,metaspace   ] GC(365) Metaspace: 9953K(10304K)->9953K(10304K) NonClass: 8650K(8896K)->8650K(8896K) Class: 1302K(1408K)->1302K(1408K)
[275.103s][info][gc             ] GC(365) Pause Young (Normal) (G1 Evacuation Pause) 653M->5M(1084M) 3.553ms
[275.103s][info][gc,cpu         ] GC(365) User=0.00s Sys=0.00s Real=0.00s
[276.877s][info][gc,start       ] GC(366) Pause Full (System.gc())
[276.877s][info][gc,task        ] GC(366) Using 26 workers of 33 for full compaction
[276.878s][info][gc,phases,start] GC(366) Phase 1: Mark live objects
[276.884s][info][gc,phases      ] GC(366) Phase 1: Mark live objects 6.572ms
[276.884s][info][gc,phases,start] GC(366) Phase 2: Prepare compaction
[276.891s][info][gc,phases      ] GC(366) Phase 2: Prepare compaction 6.524ms
[276.891s][info][gc,phases,start] GC(366) Phase 3: Adjust pointers
[276.895s][info][gc,phases      ] GC(366) Phase 3: Adjust pointers 3.458ms
[276.895s][info][gc,phases,start] GC(366) Phase 4: Compact heap
[276.895s][info][gc,phases      ] GC(366) Phase 4: Compact heap 0.537ms
[276.904s][info][gc,heap        ] GC(366) Eden regions: 196->0(36)
[276.904s][info][gc,heap        ] GC(366) Survivor regions: 1->0(41)
[276.904s][info][gc,heap        ] GC(366) Old regions: 18->18
[276.904s][info][gc,heap        ] GC(366) Archive regions: 0->0
[276.904s][info][gc,heap        ] GC(366) Humongous regions: 0->0
[276.904s][info][gc,metaspace   ] GC(366) Metaspace: 9953K(10304K)->9953K(10304K) NonClass: 8650K(8896K)->8650K(8896K) Class: 1302K(1408K)->1302K(1408K)
[276.904s][info][gc             ] GC(366) Pause Full (System.gc()) 395M->3M(120M) 27.923ms
[276.905s][info][gc,cpu         ] GC(366) User=0.23s Sys=0.25s Real=0.03s
[277.218s][info][gc,start       ] GC(367) Pause Young (Normal) (G1 Evacuation Pause)
[277.218s][info][gc,task        ] GC(367) Using 14 workers of 33 for evacuation
[277.219s][info][gc,phases      ] GC(367)   Pre Evacuate Collection Set: 0.1ms
[277.219s][info][gc,phases      ] GC(367)   Merge Heap Roots: 0.1ms
[277.219s][info][gc,phases      ] GC(367)   Evacuate Collection Set: 0.8ms
[277.219s][info][gc,phases      ] GC(367)   Post Evacuate Collection Set: 0.3ms
[277.219s][info][gc,phases      ] GC(367)   Other: 0.1ms
[277.219s][info][gc,heap        ] GC(367) Eden regions: 36->0(35)
[277.219s][info][gc,heap        ] GC(367) Survivor regions: 0->1(5)
[277.219s][info][gc,heap        ] GC(367) Old regions: 18->18
[277.219s][info][gc,heap        ] GC(367) Archive regions: 0->0
[277.220s][info][gc,heap        ] GC(367) Humongous regions: 0->0
[277.220s][info][gc,metaspace   ] GC(367) Metaspace: 9953K(10304K)->9953K(10304K) NonClass: 8650K(8896K)->8650K(8896K) Class: 1302K(1408K)->1302K(1408K)
[277.220s][info][gc             ] GC(367) Pause Young (Normal) (G1 Evacuation Pause) 75M->5M(120M) 2.047ms
[277.220s][info][gc,cpu         ] GC(367) User=0.00s Sys=0.00s Real=0.00s
[277.511s][info][gc,start       ] GC(368) Pause Young (Normal) (G1 Evacuation Pause)
[277.511s][info][gc,task        ] GC(368) Using 8 workers of 33 for evacuation
[277.513s][info][gc,phases      ] GC(368)   Pre Evacuate Collection Set: 0.1ms
[277.513s][info][gc,phases      ] GC(368)   Merge Heap Roots: 0.1ms
[277.513s][info][gc,phases      ] GC(368)   Evacuate Collection Set: 1.1ms
[277.513s][info][gc,phases      ] GC(368)   Post Evacuate Collection Set: 0.3ms
[277.513s][info][gc,phases      ] GC(368)   Other: 0.1ms
[277.513s][info][gc,heap        ] GC(368) Eden regions: 35->0(35)
[277.513s][info][gc,heap        ] GC(368) Survivor regions: 1->1(5)
[277.513s][info][gc,heap        ] GC(368) Old regions: 18->18
[277.513s][info][gc,heap        ] GC(368) Archive regions: 0->0
[277.513s][info][gc,heap        ] GC(368) Humongous regions: 0->0
[277.513s][info][gc,metaspace   ] GC(368) Metaspace: 9953K(10304K)->9953K(10304K) NonClass: 8650K(8896K)->8650K(8896K) Class: 1302K(1408K)->1302K(1408K)
[277.513s][info][gc             ] GC(368) Pause Young (Normal) (G1 Evacuation Pause) 75M->5M(120M) 2.327ms
[277.513s][info][gc,cpu         ] GC(368) User=0.00s Sys=0.00s Real=0.00s
[277.812s][info][gc,start       ] GC(369) Pause Young (Normal) (G1 Evacuation Pause)
[277.812s][info][gc,task        ] GC(369) Using 5 workers of 33 for evacuation
[277.815s][info][gc,phases      ] GC(369)   Pre Evacuate Collection Set: 0.1ms
[277.815s][info][gc,phases      ] GC(369)   Merge Heap Roots: 0.1ms
[277.815s][info][gc,phases      ] GC(369)   Evacuate Collection Set: 1.5ms
[277.815s][info][gc,phases      ] GC(369)   Post Evacuate Collection Set: 0.3ms
[277.815s][info][gc,phases      ] GC(369)   Other: 0.1ms
[277.815s][info][gc,heap        ] GC(369) Eden regions: 35->0(35)
[277.815s][info][gc,heap        ] GC(369) Survivor regions: 1->1(5)
[277.815s][info][gc,heap        ] GC(369) Old regions: 18->18
[277.815s][info][gc,heap        ] GC(369) Archive regions: 0->0
[277.815s][info][gc,heap        ] GC(369) Humongous regions: 0->0
[277.815s][info][gc,metaspace   ] GC(369) Metaspace: 9953K(10304K)->9953K(10304K) NonClass: 8650K(8896K)->8650K(8896K) Class: 1302K(1408K)->1302K(1408K)
[277.815s][info][gc             ] GC(369) Pause Young (Normal) (G1 Evacuation Pause) 75M->5M(120M) 2.682ms
[277.815s][info][gc,cpu         ] GC(369) User=0.00s Sys=0.00s Real=0.00s
[278.138s][info][gc,start       ] GC(370) Pause Young (Normal) (G1 Evacuation Pause)
[278.138s][info][gc,task        ] GC(370) Using 3 workers of 33 for evacuation
[278.141s][info][gc,phases      ] GC(370)   Pre Evacuate Collection Set: 0.1ms
[278.141s][info][gc,phases      ] GC(370)   Merge Heap Roots: 0.1ms
[278.141s][info][gc,phases      ] GC(370)   Evacuate Collection Set: 2.3ms
[278.141s][info][gc,phases      ] GC(370)   Post Evacuate Collection Set: 0.3ms
[278.141s][info][gc,phases      ] GC(370)   Other: 0.1ms
[278.141s][info][gc,heap        ] GC(370) Eden regions: 35->0(35)
[278.141s][info][gc,heap        ] GC(370) Survivor regions: 1->1(5)
[278.141s][info][gc,heap        ] GC(370) Old regions: 18->18
[278.141s][info][gc,heap        ] GC(370) Archive regions: 0->0
[278.141s][info][gc,heap        ] GC(370) Humongous regions: 0->0
[278.142s][info][gc,metaspace   ] GC(370) Metaspace: 9953K(10304K)->9953K(10304K) NonClass: 8650K(8896K)->8650K(8896K) Class: 1302K(1408K)->1302K(1408K)
[278.142s][info][gc             ] GC(370) Pause Young (Normal) (G1 Evacuation Pause) 75M->5M(120M) 3.402ms
[278.142s][info][gc,cpu         ] GC(370) User=0.00s Sys=0.00s Real=0.00s
[278.457s][info][gc,start       ] GC(371) Pause Young (Normal) (G1 Evacuation Pause)
[278.458s][info][gc,task        ] GC(371) Using 2 workers of 33 for evacuation
[278.462s][info][gc,phases      ] GC(371)   Pre Evacuate Collection Set: 0.1ms
[278.462s][info][gc,phases      ] GC(371)   Merge Heap Roots: 0.1ms
[278.462s][info][gc,phases      ] GC(371)   Evacuate Collection Set: 3.6ms
[278.462s][info][gc,phases      ] GC(371)   Post Evacuate Collection Set: 0.3ms
[278.462s][info][gc,phases      ] GC(371)   Other: 0.1ms
[278.462s][info][gc,heap        ] GC(371) Eden regions: 35->0(35)
[278.462s][info][gc,heap        ] GC(371) Survivor regions: 1->1(5)
[278.462s][info][gc,heap        ] GC(371) Old regions: 18->18
[278.462s][info][gc,heap        ] GC(371) Archive regions: 0->0
[278.462s][info][gc,heap        ] GC(371) Humongous regions: 0->0
[278.462s][info][gc,metaspace   ] GC(371) Metaspace: 9953K(10304K)->9953K(10304K) NonClass: 8650K(8896K)->8650K(8896K) Class: 1302K(1408K)->1302K(1408K)
[278.462s][info][gc             ] GC(371) Pause Young (Normal) (G1 Evacuation Pause) 75M->5M(120M) 4.801ms
[278.462s][info][gc,cpu         ] GC(371) User=0.03s Sys=0.00s Real=0.02s
[278.775s][info][gc,start       ] GC(372) Pause Young (Normal) (G1 Evacuation Pause)
[278.775s][info][gc,task        ] GC(372) Using 2 workers of 33 for evacuation
[278.778s][info][gc,phases      ] GC(372)   Pre Evacuate Collection Set: 0.1ms
[278.778s][info][gc,phases      ] GC(372)   Merge Heap Roots: 0.1ms
[278.778s][info][gc,phases      ] GC(372)   Evacuate Collection Set: 3.1ms
[278.779s][info][gc,phases      ] GC(372)   Post Evacuate Collection Set: 0.3ms
[278.779s][info][gc,phases      ] GC(372)   Other: 0.1ms
[278.779s][info][gc,heap        ] GC(372) Eden regions: 35->0(35)
[278.779s][info][gc,heap        ] GC(372) Survivor regions: 1->1(5)
[278.779s][info][gc,heap        ] GC(372) Old regions: 18->18
[278.779s][info][gc,heap        ] GC(372) Archive regions: 0->0
[278.779s][info][gc,heap        ] GC(372) Humongous regions: 0->0
[278.779s][info][gc,metaspace   ] GC(372) Metaspace: 9953K(10304K)->9953K(10304K) NonClass: 8650K(8896K)->8650K(8896K) Class: 1302K(1408K)->1302K(1408K)
[278.779s][info][gc             ] GC(372) Pause Young (Normal) (G1 Evacuation Pause) 75M->5M(120M) 4.275ms
[278.779s][info][gc,cpu         ] GC(372) User=0.00s Sys=0.00s Real=0.00s
[279.092s][info][gc,start       ] GC(373) Pause Young (Normal) (G1 Evacuation Pause)
[279.092s][info][gc,task        ] GC(373) Using 2 workers of 33 for evacuation
[279.096s][info][gc,phases      ] GC(373)   Pre Evacuate Collection Set: 0.1ms
[279.096s][info][gc,phases      ] GC(373)   Merge Heap Roots: 0.1ms
[279.096s][info][gc,phases      ] GC(373)   Evacuate Collection Set: 3.6ms
[279.096s][info][gc,phases      ] GC(373)   Post Evacuate Collection Set: 0.3ms
[279.096s][info][gc,phases      ] GC(373)   Other: 0.1ms
[279.097s][info][gc,heap        ] GC(373) Eden regions: 35->0(35)
[279.097s][info][gc,heap        ] GC(373) Survivor regions: 1->1(5)
[279.097s][info][gc,heap        ] GC(373) Old regions: 18->18
[279.097s][info][gc,heap        ] GC(373) Archive regions: 0->0
[279.097s][info][gc,heap        ] GC(373) Humongous regions: 0->0
[279.097s][info][gc,metaspace   ] GC(373) Metaspace: 9953K(10304K)->9953K(10304K) NonClass: 8650K(8896K)->8650K(8896K) Class: 1302K(1408K)->1302K(1408K)
[279.097s][info][gc             ] GC(373) Pause Young (Normal) (G1 Evacuation Pause) 75M->5M(120M) 4.759ms
[279.097s][info][gc,cpu         ] GC(373) User=0.00s Sys=0.00s Real=0.00s
[279.397s][info][gc,start       ] GC(374) Pause Young (Normal) (G1 Evacuation Pause)
[279.397s][info][gc,task        ] GC(374) Using 2 workers of 33 for evacuation
[279.410s][info][gc,phases      ] GC(374)   Pre Evacuate Collection Set: 0.1ms
[279.410s][info][gc,phases      ] GC(374)   Merge Heap Roots: 0.1ms
[279.410s][info][gc,phases      ] GC(374)   Evacuate Collection Set: 3.6ms
[279.410s][info][gc,phases      ] GC(374)   Post Evacuate Collection Set: 8.2ms
[279.410s][info][gc,phases      ] GC(374)   Other: 0.1ms
[279.410s][info][gc,heap        ] GC(374) Eden regions: 35->0(324)
[279.410s][info][gc,heap        ] GC(374) Survivor regions: 1->1(5)
[279.410s][info][gc,heap        ] GC(374) Old regions: 18->18
[279.410s][info][gc,heap        ] GC(374) Archive regions: 0->0
[279.410s][info][gc,heap        ] GC(374) Humongous regions: 0->0
[279.410s][info][gc,metaspace   ] GC(374) Metaspace: 9953K(10304K)->9953K(10304K) NonClass: 8650K(8896K)->8650K(8896K) Class: 1302K(1408K)->1302K(1408K)
[279.410s][info][gc             ] GC(374) Pause Young (Normal) (G1 Evacuation Pause) 75M->5M(1084M) 12.668ms
[279.410s][info][gc,cpu         ] GC(374) User=0.03s Sys=0.00s Real=0.01s
[282.536s][info][gc,start       ] GC(375) Pause Young (Normal) (G1 Evacuation Pause)
[282.536s][info][gc,task        ] GC(375) Using 26 workers of 33 for evacuation
[282.539s][info][gc,phases      ] GC(375)   Pre Evacuate Collection Set: 0.2ms
[282.540s][info][gc,phases      ] GC(375)   Merge Heap Roots: 0.2ms
[282.540s][info][gc,phases      ] GC(375)   Evacuate Collection Set: 1.8ms
[282.540s][info][gc,phases      ] GC(375)   Post Evacuate Collection Set: 0.7ms
[282.540s][info][gc,phases      ] GC(375)   Other: 0.2ms
[282.540s][info][gc,heap        ] GC(375) Eden regions: 324->0(324)
[282.540s][info][gc,heap        ] GC(375) Survivor regions: 1->1(41)
[282.540s][info][gc,heap        ] GC(375) Old regions: 18->18
[282.540s][info][gc,heap        ] GC(375) Archive regions: 0->0
[282.540s][info][gc,heap        ] GC(375) Humongous regions: 0->0
[282.540s][info][gc,metaspace   ] GC(375) Metaspace: 9953K(10304K)->9953K(10304K) NonClass: 8650K(8896K)->8650K(8896K) Class: 1302K(1408K)->1302K(1408K)
[282.540s][info][gc             ] GC(375) Pause Young (Normal) (G1 Evacuation Pause) 653M->5M(1084M) 3.682ms
[282.540s][info][gc,cpu         ] GC(375) User=0.13s Sys=0.28s Real=0.02s
[284.311s][info][gc,start       ] GC(376) Pause Full (System.gc())
[284.311s][info][gc,task        ] GC(376) Using 26 workers of 33 for full compaction
[284.313s][info][gc,phases,start] GC(376) Phase 1: Mark live objects
[284.319s][info][gc,phases      ] GC(376) Phase 1: Mark live objects 5.877ms
[284.319s][info][gc,phases,start] GC(376) Phase 2: Prepare compaction
[284.325s][info][gc,phases      ] GC(376) Phase 2: Prepare compaction 6.670ms
[284.325s][info][gc,phases,start] GC(376) Phase 3: Adjust pointers
[284.328s][info][gc,phases      ] GC(376) Phase 3: Adjust pointers 2.853ms
[284.328s][info][gc,phases,start] GC(376) Phase 4: Compact heap
[284.329s][info][gc,phases      ] GC(376) Phase 4: Compact heap 0.688ms
[284.337s][info][gc,heap        ] GC(376) Eden regions: 198->0(36)
[284.337s][info][gc,heap        ] GC(376) Survivor regions: 1->0(41)
[284.337s][info][gc,heap        ] GC(376) Old regions: 18->18
[284.337s][info][gc,heap        ] GC(376) Archive regions: 0->0
[284.337s][info][gc,heap        ] GC(376) Humongous regions: 0->0
[284.337s][info][gc,metaspace   ] GC(376) Metaspace: 9953K(10304K)->9953K(10304K) NonClass: 8650K(8896K)->8650K(8896K) Class: 1302K(1408K)->1302K(1408K)
[284.337s][info][gc             ] GC(376) Pause Full (System.gc()) 399M->3M(120M) 25.414ms
[284.337s][info][gc,cpu         ] GC(376) User=0.02s Sys=0.03s Real=0.03s
[284.638s][info][gc,start       ] GC(377) Pause Young (Normal) (G1 Evacuation Pause)
[284.638s][info][gc,task        ] GC(377) Using 14 workers of 33 for evacuation
[284.640s][info][gc,phases      ] GC(377)   Pre Evacuate Collection Set: 0.1ms
[284.640s][info][gc,phases      ] GC(377)   Merge Heap Roots: 0.1ms
[284.640s][info][gc,phases      ] GC(377)   Evacuate Collection Set: 0.8ms
[284.640s][info][gc,phases      ] GC(377)   Post Evacuate Collection Set: 0.3ms
[284.640s][info][gc,phases      ] GC(377)   Other: 0.1ms
[284.640s][info][gc,heap        ] GC(377) Eden regions: 36->0(35)
[284.640s][info][gc,heap        ] GC(377) Survivor regions: 0->1(5)
[284.640s][info][gc,heap        ] GC(377) Old regions: 18->18
[284.640s][info][gc,heap        ] GC(377) Archive regions: 0->0
[284.640s][info][gc,heap        ] GC(377) Humongous regions: 0->0
[284.640s][info][gc,metaspace   ] GC(377) Metaspace: 9953K(10304K)->9953K(10304K) NonClass: 8650K(8896K)->8650K(8896K) Class: 1302K(1408K)->1302K(1408K)
[284.640s][info][gc             ] GC(377) Pause Young (Normal) (G1 Evacuation Pause) 75M->5M(120M) 2.024ms
[284.640s][info][gc,cpu         ] GC(377) User=0.00s Sys=0.00s Real=0.00s
[284.932s][info][gc,start       ] GC(378) Pause Young (Normal) (G1 Evacuation Pause)
[284.932s][info][gc,task        ] GC(378) Using 8 workers of 33 for evacuation
[284.933s][info][gc,phases      ] GC(378)   Pre Evacuate Collection Set: 0.1ms
[284.934s][info][gc,phases      ] GC(378)   Merge Heap Roots: 0.1ms
[284.934s][info][gc,phases      ] GC(378)   Evacuate Collection Set: 1.1ms
[284.934s][info][gc,phases      ] GC(378)   Post Evacuate Collection Set: 0.3ms
[284.934s][info][gc,phases      ] GC(378)   Other: 0.1ms
[284.934s][info][gc,heap        ] GC(378) Eden regions: 35->0(35)
[284.934s][info][gc,heap        ] GC(378) Survivor regions: 1->1(5)
[284.934s][info][gc,heap        ] GC(378) Old regions: 18->18
[284.934s][info][gc,heap        ] GC(378) Archive regions: 0->0
[284.934s][info][gc,heap        ] GC(378) Humongous regions: 0->0
[284.934s][info][gc,metaspace   ] GC(378) Metaspace: 9953K(10304K)->9953K(10304K) NonClass: 8650K(8896K)->8650K(8896K) Class: 1302K(1408K)->1302K(1408K)
[284.934s][info][gc             ] GC(378) Pause Young (Normal) (G1 Evacuation Pause) 75M->5M(120M) 2.376ms
[284.934s][info][gc,cpu         ] GC(378) User=0.00s Sys=0.00s Real=0.00s
[285.254s][info][gc,start       ] GC(379) Pause Young (Normal) (G1 Evacuation Pause)
[285.254s][info][gc,task        ] GC(379) Using 5 workers of 33 for evacuation
[285.256s][info][gc,phases      ] GC(379)   Pre Evacuate Collection Set: 0.1ms
[285.256s][info][gc,phases      ] GC(379)   Merge Heap Roots: 0.1ms
[285.256s][info][gc,phases      ] GC(379)   Evacuate Collection Set: 1.6ms
[285.256s][info][gc,phases      ] GC(379)   Post Evacuate Collection Set: 0.3ms
[285.256s][info][gc,phases      ] GC(379)   Other: 0.1ms
[285.257s][info][gc,heap        ] GC(379) Eden regions: 35->0(35)
[285.257s][info][gc,heap        ] GC(379) Survivor regions: 1->1(5)
[285.257s][info][gc,heap        ] GC(379) Old regions: 18->18
[285.257s][info][gc,heap        ] GC(379) Archive regions: 0->0
[285.257s][info][gc,heap        ] GC(379) Humongous regions: 0->0
[285.257s][info][gc,metaspace   ] GC(379) Metaspace: 9953K(10304K)->9953K(10304K) NonClass: 8650K(8896K)->8650K(8896K) Class: 1302K(1408K)->1302K(1408K)
[285.257s][info][gc             ] GC(379) Pause Young (Normal) (G1 Evacuation Pause) 75M->5M(120M) 2.776ms
[285.257s][info][gc,cpu         ] GC(379) User=0.02s Sys=0.00s Real=0.01s
[285.570s][info][gc,start       ] GC(380) Pause Young (Normal) (G1 Evacuation Pause)
[285.570s][info][gc,task        ] GC(380) Using 3 workers of 33 for evacuation
[285.573s][info][gc,phases      ] GC(380)   Pre Evacuate Collection Set: 0.1ms
[285.573s][info][gc,phases      ] GC(380)   Merge Heap Roots: 0.1ms
[285.573s][info][gc,phases      ] GC(380)   Evacuate Collection Set: 2.4ms
[285.573s][info][gc,phases      ] GC(380)   Post Evacuate Collection Set: 0.3ms
[285.573s][info][gc,phases      ] GC(380)   Other: 0.1ms
[285.573s][info][gc,heap        ] GC(380) Eden regions: 35->0(35)
[285.573s][info][gc,heap        ] GC(380) Survivor regions: 1->1(5)
[285.573s][info][gc,heap        ] GC(380) Old regions: 18->18
[285.573s][info][gc,heap        ] GC(380) Archive regions: 0->0
[285.573s][info][gc,heap        ] GC(380) Humongous regions: 0->0
[285.573s][info][gc,metaspace   ] GC(380) Metaspace: 9953K(10304K)->9953K(10304K) NonClass: 8650K(8896K)->8650K(8896K) Class: 1302K(1408K)->1302K(1408K)
[285.573s][info][gc             ] GC(380) Pause Young (Normal) (G1 Evacuation Pause) 75M->5M(120M) 3.531ms
[285.574s][info][gc,cpu         ] GC(380) User=0.00s Sys=0.00s Real=0.00s
[285.883s][info][gc,start       ] GC(381) Pause Young (Normal) (G1 Evacuation Pause)
[285.883s][info][gc,task        ] GC(381) Using 2 workers of 33 for evacuation
[285.887s][info][gc,phases      ] GC(381)   Pre Evacuate Collection Set: 0.1ms
[285.887s][info][gc,phases      ] GC(381)   Merge Heap Roots: 0.1ms
[285.887s][info][gc,phases      ] GC(381)   Evacuate Collection Set: 3.6ms
[285.887s][info][gc,phases      ] GC(381)   Post Evacuate Collection Set: 0.3ms
[285.887s][info][gc,phases      ] GC(381)   Other: 0.1ms
[285.887s][info][gc,heap        ] GC(381) Eden regions: 35->0(35)
[285.887s][info][gc,heap        ] GC(381) Survivor regions: 1->1(5)
[285.887s][info][gc,heap        ] GC(381) Old regions: 18->18
[285.887s][info][gc,heap        ] GC(381) Archive regions: 0->0
[285.887s][info][gc,heap        ] GC(381) Humongous regions: 0->0
[285.887s][info][gc,metaspace   ] GC(381) Metaspace: 9953K(10304K)->9953K(10304K) NonClass: 8650K(8896K)->8650K(8896K) Class: 1302K(1408K)->1302K(1408K)
[285.887s][info][gc             ] GC(381) Pause Young (Normal) (G1 Evacuation Pause) 75M->5M(120M) 4.772ms
[285.887s][info][gc,cpu         ] GC(381) User=0.00s Sys=0.00s Real=0.00s
[286.203s][info][gc,start       ] GC(382) Pause Young (Normal) (G1 Evacuation Pause)
[286.204s][info][gc,task        ] GC(382) Using 2 workers of 33 for evacuation
[286.208s][info][gc,phases      ] GC(382)   Pre Evacuate Collection Set: 0.1ms
[286.208s][info][gc,phases      ] GC(382)   Merge Heap Roots: 0.1ms
[286.208s][info][gc,phases      ] GC(382)   Evacuate Collection Set: 3.3ms
[286.208s][info][gc,phases      ] GC(382)   Post Evacuate Collection Set: 0.3ms
[286.208s][info][gc,phases      ] GC(382)   Other: 0.1ms
[286.208s][info][gc,heap        ] GC(382) Eden regions: 35->0(35)
[286.208s][info][gc,heap        ] GC(382) Survivor regions: 1->1(5)
[286.208s][info][gc,heap        ] GC(382) Old regions: 18->18
[286.208s][info][gc,heap        ] GC(382) Archive regions: 0->0
[286.208s][info][gc,heap        ] GC(382) Humongous regions: 0->0
[286.208s][info][gc,metaspace   ] GC(382) Metaspace: 9953K(10304K)->9953K(10304K) NonClass: 8650K(8896K)->8650K(8896K) Class: 1302K(1408K)->1302K(1408K)
[286.208s][info][gc             ] GC(382) Pause Young (Normal) (G1 Evacuation Pause) 75M->5M(120M) 4.478ms
[286.208s][info][gc,cpu         ] GC(382) User=0.00s Sys=0.00s Real=0.00s
[286.522s][info][gc,start       ] GC(383) Pause Young (Normal) (G1 Evacuation Pause)
[286.522s][info][gc,task        ] GC(383) Using 2 workers of 33 for evacuation
[286.527s][info][gc,phases      ] GC(383)   Pre Evacuate Collection Set: 0.1ms
[286.527s][info][gc,phases      ] GC(383)   Merge Heap Roots: 0.1ms
[286.527s][info][gc,phases      ] GC(383)   Evacuate Collection Set: 3.5ms
[286.527s][info][gc,phases      ] GC(383)   Post Evacuate Collection Set: 0.3ms
[286.527s][info][gc,phases      ] GC(383)   Other: 0.1ms
[286.527s][info][gc,heap        ] GC(383) Eden regions: 35->0(35)
[286.527s][info][gc,heap        ] GC(383) Survivor regions: 1->1(5)
[286.527s][info][gc,heap        ] GC(383) Old regions: 18->18
[286.527s][info][gc,heap        ] GC(383) Archive regions: 0->0
[286.527s][info][gc,heap        ] GC(383) Humongous regions: 0->0
[286.527s][info][gc,metaspace   ] GC(383) Metaspace: 9953K(10304K)->9953K(10304K) NonClass: 8650K(8896K)->8650K(8896K) Class: 1302K(1408K)->1302K(1408K)
[286.527s][info][gc             ] GC(383) Pause Young (Normal) (G1 Evacuation Pause) 75M->5M(120M) 4.684ms
[286.527s][info][gc,cpu         ] GC(383) User=0.00s Sys=0.00s Real=0.00s
[286.844s][info][gc,start       ] GC(384) Pause Young (Normal) (G1 Evacuation Pause)
[286.844s][info][gc,task        ] GC(384) Using 2 workers of 33 for evacuation
[286.856s][info][gc,phases      ] GC(384)   Pre Evacuate Collection Set: 0.1ms
[286.856s][info][gc,phases      ] GC(384)   Merge Heap Roots: 0.1ms
[286.856s][info][gc,phases      ] GC(384)   Evacuate Collection Set: 3.3ms
[286.856s][info][gc,phases      ] GC(384)   Post Evacuate Collection Set: 8.2ms
[286.856s][info][gc,phases      ] GC(384)   Other: 0.1ms
[286.856s][info][gc,heap        ] GC(384) Eden regions: 35->0(324)
[286.856s][info][gc,heap        ] GC(384) Survivor regions: 1->1(5)
[286.856s][info][gc,heap        ] GC(384) Old regions: 18->18
[286.856s][info][gc,heap        ] GC(384) Archive regions: 0->0
[286.856s][info][gc,heap        ] GC(384) Humongous regions: 0->0
[286.856s][info][gc,metaspace   ] GC(384) Metaspace: 9953K(10304K)->9953K(10304K) NonClass: 8650K(8896K)->8650K(8896K) Class: 1302K(1408K)->1302K(1408K)
[286.856s][info][gc             ] GC(384) Pause Young (Normal) (G1 Evacuation Pause) 75M->5M(1084M) 12.407ms
[286.856s][info][gc,cpu         ] GC(384) User=0.02s Sys=0.00s Real=0.02s
[289.976s][info][gc,start       ] GC(385) Pause Young (Normal) (G1 Evacuation Pause)
[289.976s][info][gc,task        ] GC(385) Using 26 workers of 33 for evacuation
[289.979s][info][gc,phases      ] GC(385)   Pre Evacuate Collection Set: 0.2ms
[289.979s][info][gc,phases      ] GC(385)   Merge Heap Roots: 0.3ms
[289.979s][info][gc,phases      ] GC(385)   Evacuate Collection Set: 1.8ms
[289.979s][info][gc,phases      ] GC(385)   Post Evacuate Collection Set: 0.7ms
[289.979s][info][gc,phases      ] GC(385)   Other: 0.2ms
[289.979s][info][gc,heap        ] GC(385) Eden regions: 324->0(324)
[289.979s][info][gc,heap        ] GC(385) Survivor regions: 1->1(41)
[289.979s][info][gc,heap        ] GC(385) Old regions: 18->18
[289.979s][info][gc,heap        ] GC(385) Archive regions: 0->0
[289.979s][info][gc,heap        ] GC(385) Humongous regions: 0->0
[289.979s][info][gc,metaspace   ] GC(385) Metaspace: 9953K(10304K)->9953K(10304K) NonClass: 8650K(8896K)->8650K(8896K) Class: 1302K(1408K)->1302K(1408K)
[289.979s][info][gc             ] GC(385) Pause Young (Normal) (G1 Evacuation Pause) 653M->5M(1084M) 3.762ms
[289.979s][info][gc,cpu         ] GC(385) User=0.02s Sys=0.00s Real=0.02s
[291.744s][info][gc,start       ] GC(386) Pause Full (System.gc())
[291.744s][info][gc,task        ] GC(386) Using 26 workers of 33 for full compaction
[291.745s][info][gc,phases,start] GC(386) Phase 1: Mark live objects
[291.751s][info][gc,phases      ] GC(386) Phase 1: Mark live objects 5.973ms
[291.751s][info][gc,phases,start] GC(386) Phase 2: Prepare compaction
[291.758s][info][gc,phases      ] GC(386) Phase 2: Prepare compaction 6.774ms
[291.758s][info][gc,phases,start] GC(386) Phase 3: Adjust pointers
[291.762s][info][gc,phases      ] GC(386) Phase 3: Adjust pointers 4.285ms
[291.762s][info][gc,phases,start] GC(386) Phase 4: Compact heap
[291.763s][info][gc,phases      ] GC(386) Phase 4: Compact heap 0.576ms
[291.773s][info][gc,heap        ] GC(386) Eden regions: 195->0(36)
[291.773s][info][gc,heap        ] GC(386) Survivor regions: 1->0(41)
[291.773s][info][gc,heap        ] GC(386) Old regions: 18->18
[291.773s][info][gc,heap        ] GC(386) Archive regions: 0->0
[291.773s][info][gc,heap        ] GC(386) Humongous regions: 0->0
[291.773s][info][gc,metaspace   ] GC(386) Metaspace: 9953K(10304K)->9953K(10304K) NonClass: 8650K(8896K)->8650K(8896K) Class: 1302K(1408K)->1302K(1408K)
[291.773s][info][gc             ] GC(386) Pause Full (System.gc()) 394M->3M(120M) 29.120ms
[291.773s][info][gc,cpu         ] GC(386) User=0.03s Sys=0.00s Real=0.03s
[292.078s][info][gc,start       ] GC(387) Pause Young (Normal) (G1 Evacuation Pause)
[292.078s][info][gc,task        ] GC(387) Using 14 workers of 33 for evacuation
[292.079s][info][gc,phases      ] GC(387)   Pre Evacuate Collection Set: 0.1ms
[292.079s][info][gc,phases      ] GC(387)   Merge Heap Roots: 0.1ms
[292.079s][info][gc,phases      ] GC(387)   Evacuate Collection Set: 0.8ms
[292.079s][info][gc,phases      ] GC(387)   Post Evacuate Collection Set: 0.3ms
[292.079s][info][gc,phases      ] GC(387)   Other: 0.1ms
[292.079s][info][gc,heap        ] GC(387) Eden regions: 36->0(35)
[292.079s][info][gc,heap        ] GC(387) Survivor regions: 0->1(5)
[292.079s][info][gc,heap        ] GC(387) Old regions: 18->18
[292.079s][info][gc,heap        ] GC(387) Archive regions: 0->0
[292.079s][info][gc,heap        ] GC(387) Humongous regions: 0->0
[292.079s][info][gc,metaspace   ] GC(387) Metaspace: 9953K(10304K)->9953K(10304K) NonClass: 8650K(8896K)->8650K(8896K) Class: 1302K(1408K)->1302K(1408K)
[292.080s][info][gc             ] GC(387) Pause Young (Normal) (G1 Evacuation Pause) 75M->5M(120M) 1.742ms
[292.080s][info][gc,cpu         ] GC(387) User=0.00s Sys=0.00s Real=0.00s
[292.383s][info][gc,start       ] GC(388) Pause Young (Normal) (G1 Evacuation Pause)
[292.384s][info][gc,task        ] GC(388) Using 8 workers of 33 for evacuation
[292.385s][info][gc,phases      ] GC(388)   Pre Evacuate Collection Set: 0.1ms
[292.385s][info][gc,phases      ] GC(388)   Merge Heap Roots: 0.1ms
[292.385s][info][gc,phases      ] GC(388)   Evacuate Collection Set: 1.0ms
[292.385s][info][gc,phases      ] GC(388)   Post Evacuate Collection Set: 0.3ms
[292.385s][info][gc,phases      ] GC(388)   Other: 0.1ms
[292.385s][info][gc,heap        ] GC(388) Eden regions: 35->0(35)
[292.386s][info][gc,heap        ] GC(388) Survivor regions: 1->1(5)
[292.386s][info][gc,heap        ] GC(388) Old regions: 18->18
[292.386s][info][gc,heap        ] GC(388) Archive regions: 0->0
[292.386s][info][gc,heap        ] GC(388) Humongous regions: 0->0
[292.386s][info][gc,metaspace   ] GC(388) Metaspace: 9953K(10304K)->9953K(10304K) NonClass: 8650K(8896K)->8650K(8896K) Class: 1302K(1408K)->1302K(1408K)
[292.386s][info][gc             ] GC(388) Pause Young (Normal) (G1 Evacuation Pause) 75M->5M(120M) 2.257ms
[292.386s][info][gc,cpu         ] GC(388) User=0.00s Sys=0.02s Real=0.02s
[292.706s][info][gc,start       ] GC(389) Pause Young (Normal) (G1 Evacuation Pause)
[292.706s][info][gc,task        ] GC(389) Using 5 workers of 33 for evacuation
[292.708s][info][gc,phases      ] GC(389)   Pre Evacuate Collection Set: 0.1ms
[292.708s][info][gc,phases      ] GC(389)   Merge Heap Roots: 0.1ms
[292.708s][info][gc,phases      ] GC(389)   Evacuate Collection Set: 1.6ms
[292.708s][info][gc,phases      ] GC(389)   Post Evacuate Collection Set: 0.3ms
[292.708s][info][gc,phases      ] GC(389)   Other: 0.1ms
[292.708s][info][gc,heap        ] GC(389) Eden regions: 35->0(35)
[292.708s][info][gc,heap        ] GC(389) Survivor regions: 1->1(5)
[292.708s][info][gc,heap        ] GC(389) Old regions: 18->18
[292.708s][info][gc,heap        ] GC(389) Archive regions: 0->0
[292.708s][info][gc,heap        ] GC(389) Humongous regions: 0->0
[292.708s][info][gc,metaspace   ] GC(389) Metaspace: 9953K(10304K)->9953K(10304K) NonClass: 8650K(8896K)->8650K(8896K) Class: 1302K(1408K)->1302K(1408K)
[292.708s][info][gc             ] GC(389) Pause Young (Normal) (G1 Evacuation Pause) 75M->5M(120M) 2.655ms
[292.708s][info][gc,cpu         ] GC(389) User=0.00s Sys=0.00s Real=0.00s
[293.021s][info][gc,start       ] GC(390) Pause Young (Normal) (G1 Evacuation Pause)
[293.022s][info][gc,task        ] GC(390) Using 3 workers of 33 for evacuation
[293.024s][info][gc,phases      ] GC(390)   Pre Evacuate Collection Set: 0.1ms
[293.025s][info][gc,phases      ] GC(390)   Merge Heap Roots: 0.1ms
[293.025s][info][gc,phases      ] GC(390)   Evacuate Collection Set: 2.4ms
[293.025s][info][gc,phases      ] GC(390)   Post Evacuate Collection Set: 0.3ms
[293.025s][info][gc,phases      ] GC(390)   Other: 0.1ms
[293.025s][info][gc,heap        ] GC(390) Eden regions: 35->0(35)
[293.025s][info][gc,heap        ] GC(390) Survivor regions: 1->1(5)
[293.025s][info][gc,heap        ] GC(390) Old regions: 18->18
[293.025s][info][gc,heap        ] GC(390) Archive regions: 0->0
[293.025s][info][gc,heap        ] GC(390) Humongous regions: 0->0
[293.025s][info][gc,metaspace   ] GC(390) Metaspace: 9953K(10304K)->9953K(10304K) NonClass: 8650K(8896K)->8650K(8896K) Class: 1302K(1408K)->1302K(1408K)
[293.025s][info][gc             ] GC(390) Pause Young (Normal) (G1 Evacuation Pause) 75M->5M(120M) 3.500ms
[293.025s][info][gc,cpu         ] GC(390) User=0.00s Sys=0.00s Real=0.00s
[293.332s][info][gc,start       ] GC(391) Pause Young (Normal) (G1 Evacuation Pause)
[293.332s][info][gc,task        ] GC(391) Using 2 workers of 33 for evacuation
[293.336s][info][gc,phases      ] GC(391)   Pre Evacuate Collection Set: 0.1ms
[293.336s][info][gc,phases      ] GC(391)   Merge Heap Roots: 0.1ms
[293.336s][info][gc,phases      ] GC(391)   Evacuate Collection Set: 3.5ms
[293.336s][info][gc,phases      ] GC(391)   Post Evacuate Collection Set: 0.3ms
[293.336s][info][gc,phases      ] GC(391)   Other: 0.1ms
[293.336s][info][gc,heap        ] GC(391) Eden regions: 35->0(35)
[293.336s][info][gc,heap        ] GC(391) Survivor regions: 1->1(5)
[293.336s][info][gc,heap        ] GC(391) Old regions: 18->18
[293.336s][info][gc,heap        ] GC(391) Archive regions: 0->0
[293.336s][info][gc,heap        ] GC(391) Humongous regions: 0->0
[293.336s][info][gc,metaspace   ] GC(391) Metaspace: 9953K(10304K)->9953K(10304K) NonClass: 8650K(8896K)->8650K(8896K) Class: 1302K(1408K)->1302K(1408K)
[293.336s][info][gc             ] GC(391) Pause Young (Normal) (G1 Evacuation Pause) 75M->5M(120M) 4.699ms
[293.336s][info][gc,cpu         ] GC(391) User=0.00s Sys=0.02s Real=0.01s
[293.653s][info][gc,start       ] GC(392) Pause Young (Normal) (G1 Evacuation Pause)
[293.654s][info][gc,task        ] GC(392) Using 2 workers of 33 for evacuation
[293.658s][info][gc,phases      ] GC(392)   Pre Evacuate Collection Set: 0.1ms
[293.658s][info][gc,phases      ] GC(392)   Merge Heap Roots: 0.1ms
[293.658s][info][gc,phases      ] GC(392)   Evacuate Collection Set: 3.4ms
[293.658s][info][gc,phases      ] GC(392)   Post Evacuate Collection Set: 0.3ms
[293.658s][info][gc,phases      ] GC(392)   Other: 0.1ms
[293.658s][info][gc,heap        ] GC(392) Eden regions: 35->0(35)
[293.658s][info][gc,heap        ] GC(392) Survivor regions: 1->1(5)
[293.658s][info][gc,heap        ] GC(392) Old regions: 18->18
[293.658s][info][gc,heap        ] GC(392) Archive regions: 0->0
[293.658s][info][gc,heap        ] GC(392) Humongous regions: 0->0
[293.658s][info][gc,metaspace   ] GC(392) Metaspace: 9953K(10304K)->9953K(10304K) NonClass: 8650K(8896K)->8650K(8896K) Class: 1302K(1408K)->1302K(1408K)
[293.658s][info][gc             ] GC(392) Pause Young (Normal) (G1 Evacuation Pause) 75M->5M(120M) 4.545ms
[293.658s][info][gc,cpu         ] GC(392) User=0.00s Sys=0.00s Real=0.00s
[293.977s][info][gc,start       ] GC(393) Pause Young (Normal) (G1 Evacuation Pause)
[293.977s][info][gc,task        ] GC(393) Using 2 workers of 33 for evacuation
[293.981s][info][gc,phases      ] GC(393)   Pre Evacuate Collection Set: 0.1ms
[293.981s][info][gc,phases      ] GC(393)   Merge Heap Roots: 0.1ms
[293.981s][info][gc,phases      ] GC(393)   Evacuate Collection Set: 3.4ms
[293.981s][info][gc,phases      ] GC(393)   Post Evacuate Collection Set: 0.3ms
[293.981s][info][gc,phases      ] GC(393)   Other: 0.1ms
[293.981s][info][gc,heap        ] GC(393) Eden regions: 35->0(35)
[293.981s][info][gc,heap        ] GC(393) Survivor regions: 1->1(5)
[293.981s][info][gc,heap        ] GC(393) Old regions: 18->18
[293.981s][info][gc,heap        ] GC(393) Archive regions: 0->0
[293.981s][info][gc,heap        ] GC(393) Humongous regions: 0->0
[293.981s][info][gc,metaspace   ] GC(393) Metaspace: 9953K(10304K)->9953K(10304K) NonClass: 8650K(8896K)->8650K(8896K) Class: 1302K(1408K)->1302K(1408K)
[293.982s][info][gc             ] GC(393) Pause Young (Normal) (G1 Evacuation Pause) 75M->5M(120M) 4.586ms
[293.982s][info][gc,cpu         ] GC(393) User=0.00s Sys=0.00s Real=0.00s
[294.302s][info][gc,start       ] GC(394) Pause Young (Normal) (G1 Evacuation Pause)
[294.302s][info][gc,task        ] GC(394) Using 2 workers of 33 for evacuation
[294.314s][info][gc,phases      ] GC(394)   Pre Evacuate Collection Set: 0.1ms
[294.314s][info][gc,phases      ] GC(394)   Merge Heap Roots: 0.1ms
[294.314s][info][gc,phases      ] GC(394)   Evacuate Collection Set: 3.5ms
[294.315s][info][gc,phases      ] GC(394)   Post Evacuate Collection Set: 8.3ms
[294.315s][info][gc,phases      ] GC(394)   Other: 0.1ms
[294.315s][info][gc,heap        ] GC(394) Eden regions: 35->0(324)
[294.315s][info][gc,heap        ] GC(394) Survivor regions: 1->1(5)
[294.315s][info][gc,heap        ] GC(394) Old regions: 18->18
[294.315s][info][gc,heap        ] GC(394) Archive regions: 0->0
[294.315s][info][gc,heap        ] GC(394) Humongous regions: 0->0
[294.315s][info][gc,metaspace   ] GC(394) Metaspace: 9953K(10304K)->9953K(10304K) NonClass: 8650K(8896K)->8650K(8896K) Class: 1302K(1408K)->1302K(1408K)
[294.315s][info][gc             ] GC(394) Pause Young (Normal) (G1 Evacuation Pause) 75M->5M(1084M) 12.655ms
[294.315s][info][gc,cpu         ] GC(394) User=0.00s Sys=0.02s Real=0.02s
[297.462s][info][gc,start       ] GC(395) Pause Young (Normal) (G1 Evacuation Pause)
[297.462s][info][gc,task        ] GC(395) Using 26 workers of 33 for evacuation
[297.465s][info][gc,phases      ] GC(395)   Pre Evacuate Collection Set: 0.2ms
[297.465s][info][gc,phases      ] GC(395)   Merge Heap Roots: 0.3ms
[297.465s][info][gc,phases      ] GC(395)   Evacuate Collection Set: 1.8ms
[297.465s][info][gc,phases      ] GC(395)   Post Evacuate Collection Set: 0.7ms
[297.465s][info][gc,phases      ] GC(395)   Other: 0.2ms
[297.465s][info][gc,heap        ] GC(395) Eden regions: 324->0(324)
[297.465s][info][gc,heap        ] GC(395) Survivor regions: 1->1(41)
[297.465s][info][gc,heap        ] GC(395) Old regions: 18->18
[297.465s][info][gc,heap        ] GC(395) Archive regions: 0->0
[297.465s][info][gc,heap        ] GC(395) Humongous regions: 0->0
[297.465s][info][gc,metaspace   ] GC(395) Metaspace: 9953K(10304K)->9953K(10304K) NonClass: 8650K(8896K)->8650K(8896K) Class: 1302K(1408K)->1302K(1408K)
[297.466s][info][gc             ] GC(395) Pause Young (Normal) (G1 Evacuation Pause) 653M->5M(1084M) 3.720ms
[297.466s][info][gc,cpu         ] GC(395) User=0.41s Sys=0.00s Real=0.02s
[299.203s][info][gc,start       ] GC(396) Pause Full (System.gc())
[299.203s][info][gc,task        ] GC(396) Using 26 workers of 33 for full compaction
[299.204s][info][gc,phases,start] GC(396) Phase 1: Mark live objects
[299.210s][info][gc,phases      ] GC(396) Phase 1: Mark live objects 6.241ms
[299.210s][info][gc,phases,start] GC(396) Phase 2: Prepare compaction
[299.217s][info][gc,phases      ] GC(396) Phase 2: Prepare compaction 6.413ms
[299.217s][info][gc,phases,start] GC(396) Phase 3: Adjust pointers
[299.220s][info][gc,phases      ] GC(396) Phase 3: Adjust pointers 3.111ms
[299.220s][info][gc,phases,start] GC(396) Phase 4: Compact heap
[299.220s][info][gc,phases      ] GC(396) Phase 4: Compact heap 0.579ms
[299.228s][info][gc,heap        ] GC(396) Eden regions: 194->0(36)
[299.228s][info][gc,heap        ] GC(396) Survivor regions: 1->0(41)
[299.228s][info][gc,heap        ] GC(396) Old regions: 18->18
[299.228s][info][gc,heap        ] GC(396) Archive regions: 0->0
[299.228s][info][gc,heap        ] GC(396) Humongous regions: 0->0
[299.229s][info][gc,metaspace   ] GC(396) Metaspace: 9953K(10304K)->9953K(10304K) NonClass: 8650K(8896K)->8650K(8896K) Class: 1302K(1408K)->1302K(1408K)
[299.229s][info][gc             ] GC(396) Pause Full (System.gc()) 392M->3M(120M) 25.993ms
[299.229s][info][gc,cpu         ] GC(396) User=0.08s Sys=0.00s Real=0.02s
[299.540s][info][gc,start       ] GC(397) Pause Young (Normal) (G1 Evacuation Pause)
[299.540s][info][gc,task        ] GC(397) Using 14 workers of 33 for evacuation
[299.542s][info][gc,phases      ] GC(397)   Pre Evacuate Collection Set: 0.1ms
[299.542s][info][gc,phases      ] GC(397)   Merge Heap Roots: 0.1ms
[299.542s][info][gc,phases      ] GC(397)   Evacuate Collection Set: 0.8ms
[299.542s][info][gc,phases      ] GC(397)   Post Evacuate Collection Set: 0.3ms
[299.542s][info][gc,phases      ] GC(397)   Other: 0.1ms
[299.542s][info][gc,heap        ] GC(397) Eden regions: 36->0(35)
[299.542s][info][gc,heap        ] GC(397) Survivor regions: 0->1(5)
[299.542s][info][gc,heap        ] GC(397) Old regions: 18->18
[299.542s][info][gc,heap        ] GC(397) Archive regions: 0->0
[299.542s][info][gc,heap        ] GC(397) Humongous regions: 0->0
[299.542s][info][gc,metaspace   ] GC(397) Metaspace: 9953K(10304K)->9953K(10304K) NonClass: 8650K(8896K)->8650K(8896K) Class: 1302K(1408K)->1302K(1408K)
[299.542s][info][gc             ] GC(397) Pause Young (Normal) (G1 Evacuation Pause) 75M->5M(120M) 1.998ms
[299.542s][info][gc,cpu         ] GC(397) User=0.00s Sys=0.00s Real=0.00s
[299.833s][info][gc,start       ] GC(398) Pause Young (Normal) (G1 Evacuation Pause)
[299.833s][info][gc,task        ] GC(398) Using 8 workers of 33 for evacuation
[299.835s][info][gc,phases      ] GC(398)   Pre Evacuate Collection Set: 0.1ms
[299.835s][info][gc,phases      ] GC(398)   Merge Heap Roots: 0.1ms
[299.835s][info][gc,phases      ] GC(398)   Evacuate Collection Set: 1.1ms
[299.835s][info][gc,phases      ] GC(398)   Post Evacuate Collection Set: 0.3ms
[299.835s][info][gc,phases      ] GC(398)   Other: 0.1ms
[299.835s][info][gc,heap        ] GC(398) Eden regions: 35->0(35)
[299.835s][info][gc,heap        ] GC(398) Survivor regions: 1->1(5)
[299.835s][info][gc,heap        ] GC(398) Old regions: 18->18
[299.835s][info][gc,heap        ] GC(398) Archive regions: 0->0
[299.835s][info][gc,heap        ] GC(398) Humongous regions: 0->0
[299.835s][info][gc,metaspace   ] GC(398) Metaspace: 9953K(10304K)->9953K(10304K) NonClass: 8650K(8896K)->8650K(8896K) Class: 1302K(1408K)->1302K(1408K)
[299.835s][info][gc             ] GC(398) Pause Young (Normal) (G1 Evacuation Pause) 75M->5M(120M) 2.300ms
[299.835s][info][gc,cpu         ] GC(398) User=0.13s Sys=0.00s Real=0.02s
[300.145s][info][gc,start       ] GC(399) Pause Young (Normal) (G1 Evacuation Pause)
[300.146s][info][gc,task        ] GC(399) Using 5 workers of 33 for evacuation
[300.148s][info][gc,phases      ] GC(399)   Pre Evacuate Collection Set: 0.1ms
[300.148s][info][gc,phases      ] GC(399)   Merge Heap Roots: 0.1ms
[300.148s][info][gc,phases      ] GC(399)   Evacuate Collection Set: 1.6ms
[300.148s][info][gc,phases      ] GC(399)   Post Evacuate Collection Set: 0.3ms
[300.148s][info][gc,phases      ] GC(399)   Other: 0.1ms
[300.148s][info][gc,heap        ] GC(399) Eden regions: 35->0(35)
[300.148s][info][gc,heap        ] GC(399) Survivor regions: 1->1(5)
[300.148s][info][gc,heap        ] GC(399) Old regions: 18->18
[300.148s][info][gc,heap        ] GC(399) Archive regions: 0->0
[300.148s][info][gc,heap        ] GC(399) Humongous regions: 0->0
[300.148s][info][gc,metaspace   ] GC(399) Metaspace: 9953K(10304K)->9953K(10304K) NonClass: 8650K(8896K)->8650K(8896K) Class: 1302K(1408K)->1302K(1408K)
[300.148s][info][gc             ] GC(399) Pause Young (Normal) (G1 Evacuation Pause) 75M->5M(120M) 2.780ms
[300.148s][info][gc,cpu         ] GC(399) User=0.08s Sys=0.00s Real=0.02s
[300.467s][info][gc,start       ] GC(400) Pause Young (Normal) (G1 Evacuation Pause)
[300.467s][info][gc,task        ] GC(400) Using 3 workers of 33 for evacuation
[300.470s][info][gc,phases      ] GC(400)   Pre Evacuate Collection Set: 0.1ms
[300.470s][info][gc,phases      ] GC(400)   Merge Heap Roots: 0.1ms
[300.470s][info][gc,phases      ] GC(400)   Evacuate Collection Set: 2.4ms
[300.470s][info][gc,phases      ] GC(400)   Post Evacuate Collection Set: 0.3ms
[300.470s][info][gc,phases      ] GC(400)   Other: 0.1ms
[300.471s][info][gc,heap        ] GC(400) Eden regions: 35->0(35)
[300.471s][info][gc,heap        ] GC(400) Survivor regions: 1->1(5)
[300.471s][info][gc,heap        ] GC(400) Old regions: 18->18
[300.471s][info][gc,heap        ] GC(400) Archive regions: 0->0
[300.471s][info][gc,heap        ] GC(400) Humongous regions: 0->0
[300.471s][info][gc,metaspace   ] GC(400) Metaspace: 9953K(10304K)->9953K(10304K) NonClass: 8650K(8896K)->8650K(8896K) Class: 1302K(1408K)->1302K(1408K)
[300.471s][info][gc             ] GC(400) Pause Young (Normal) (G1 Evacuation Pause) 75M->5M(120M) 3.587ms
[300.471s][info][gc,cpu         ] GC(400) User=0.00s Sys=0.00s Real=0.00s
[300.784s][info][gc,start       ] GC(401) Pause Young (Normal) (G1 Evacuation Pause)
[300.784s][info][gc,task        ] GC(401) Using 2 workers of 33 for evacuation
[300.788s][info][gc,phases      ] GC(401)   Pre Evacuate Collection Set: 0.1ms
[300.788s][info][gc,phases      ] GC(401)   Merge Heap Roots: 0.1ms
[300.788s][info][gc,phases      ] GC(401)   Evacuate Collection Set: 3.7ms
[300.788s][info][gc,phases      ] GC(401)   Post Evacuate Collection Set: 0.3ms
[300.788s][info][gc,phases      ] GC(401)   Other: 0.1ms
[300.789s][info][gc,heap        ] GC(401) Eden regions: 35->0(35)
[300.789s][info][gc,heap        ] GC(401) Survivor regions: 1->1(5)
[300.789s][info][gc,heap        ] GC(401) Old regions: 18->18
[300.789s][info][gc,heap        ] GC(401) Archive regions: 0->0
[300.789s][info][gc,heap        ] GC(401) Humongous regions: 0->0
[300.789s][info][gc,metaspace   ] GC(401) Metaspace: 9953K(10304K)->9953K(10304K) NonClass: 8650K(8896K)->8650K(8896K) Class: 1302K(1408K)->1302K(1408K)
[300.789s][info][gc             ] GC(401) Pause Young (Normal) (G1 Evacuation Pause) 75M->5M(120M) 4.891ms
[300.789s][info][gc,cpu         ] GC(401) User=0.00s Sys=0.00s Real=0.00s
[301.112s][info][gc,start       ] GC(402) Pause Young (Normal) (G1 Evacuation Pause)
[301.112s][info][gc,task        ] GC(402) Using 2 workers of 33 for evacuation
[301.116s][info][gc,phases      ] GC(402)   Pre Evacuate Collection Set: 0.1ms
[301.116s][info][gc,phases      ] GC(402)   Merge Heap Roots: 0.1ms
[301.116s][info][gc,phases      ] GC(402)   Evacuate Collection Set: 3.4ms
[301.116s][info][gc,phases      ] GC(402)   Post Evacuate Collection Set: 0.3ms
[301.116s][info][gc,phases      ] GC(402)   Other: 0.1ms
[301.116s][info][gc,heap        ] GC(402) Eden regions: 35->0(35)
[301.116s][info][gc,heap        ] GC(402) Survivor regions: 1->1(5)
[301.116s][info][gc,heap        ] GC(402) Old regions: 18->18
[301.116s][info][gc,heap        ] GC(402) Archive regions: 0->0
[301.116s][info][gc,heap        ] GC(402) Humongous regions: 0->0
[301.117s][info][gc,metaspace   ] GC(402) Metaspace: 9953K(10304K)->9953K(10304K) NonClass: 8650K(8896K)->8650K(8896K) Class: 1302K(1408K)->1302K(1408K)
[301.117s][info][gc             ] GC(402) Pause Young (Normal) (G1 Evacuation Pause) 75M->5M(120M) 4.554ms
[301.117s][info][gc,cpu         ] GC(402) User=0.03s Sys=0.00s Real=0.02s
[301.442s][info][gc,start       ] GC(403) Pause Young (Normal) (G1 Evacuation Pause)
[301.443s][info][gc,task        ] GC(403) Using 2 workers of 33 for evacuation
[301.447s][info][gc,phases      ] GC(403)   Pre Evacuate Collection Set: 0.1ms
[301.447s][info][gc,phases      ] GC(403)   Merge Heap Roots: 0.1ms
[301.447s][info][gc,phases      ] GC(403)   Evacuate Collection Set: 3.3ms
[301.447s][info][gc,phases      ] GC(403)   Post Evacuate Collection Set: 0.3ms
[301.447s][info][gc,phases      ] GC(403)   Other: 0.1ms
[301.447s][info][gc,heap        ] GC(403) Eden regions: 35->0(35)
[301.447s][info][gc,heap        ] GC(403) Survivor regions: 1->1(5)
[301.447s][info][gc,heap        ] GC(403) Old regions: 18->18
[301.447s][info][gc,heap        ] GC(403) Archive regions: 0->0
[301.447s][info][gc,heap        ] GC(403) Humongous regions: 0->0
[301.447s][info][gc,metaspace   ] GC(403) Metaspace: 9953K(10304K)->9953K(10304K) NonClass: 8650K(8896K)->8650K(8896K) Class: 1302K(1408K)->1302K(1408K)
[301.447s][info][gc             ] GC(403) Pause Young (Normal) (G1 Evacuation Pause) 75M->5M(120M) 4.491ms
[301.447s][info][gc,cpu         ] GC(403) User=0.00s Sys=0.00s Real=0.00s
[301.769s][info][gc,start       ] GC(404) Pause Young (Normal) (G1 Evacuation Pause)
[301.769s][info][gc,task        ] GC(404) Using 2 workers of 33 for evacuation
[301.781s][info][gc,phases      ] GC(404)   Pre Evacuate Collection Set: 0.1ms
[301.781s][info][gc,phases      ] GC(404)   Merge Heap Roots: 0.1ms
[301.781s][info][gc,phases      ] GC(404)   Evacuate Collection Set: 3.3ms
[301.781s][info][gc,phases      ] GC(404)   Post Evacuate Collection Set: 8.2ms
[301.781s][info][gc,phases      ] GC(404)   Other: 0.1ms
[301.781s][info][gc,heap        ] GC(404) Eden regions: 35->0(324)
[301.781s][info][gc,heap        ] GC(404) Survivor regions: 1->1(5)
[301.781s][info][gc,heap        ] GC(404) Old regions: 18->18
[301.781s][info][gc,heap        ] GC(404) Archive regions: 0->0
[301.781s][info][gc,heap        ] GC(404) Humongous regions: 0->0
[301.781s][info][gc,metaspace   ] GC(404) Metaspace: 9953K(10304K)->9953K(10304K) NonClass: 8650K(8896K)->8650K(8896K) Class: 1302K(1408K)->1302K(1408K)
[301.781s][info][gc             ] GC(404) Pause Young (Normal) (G1 Evacuation Pause) 75M->5M(1084M) 12.427ms
[301.781s][info][gc,cpu         ] GC(404) User=0.00s Sys=0.02s Real=0.01s
[304.914s][info][gc,start       ] GC(405) Pause Young (Normal) (G1 Evacuation Pause)
[304.914s][info][gc,task        ] GC(405) Using 26 workers of 33 for evacuation
[304.917s][info][gc,phases      ] GC(405)   Pre Evacuate Collection Set: 0.2ms
[304.917s][info][gc,phases      ] GC(405)   Merge Heap Roots: 0.2ms
[304.917s][info][gc,phases      ] GC(405)   Evacuate Collection Set: 1.9ms
[304.917s][info][gc,phases      ] GC(405)   Post Evacuate Collection Set: 0.7ms
[304.917s][info][gc,phases      ] GC(405)   Other: 0.2ms
[304.917s][info][gc,heap        ] GC(405) Eden regions: 324->0(324)
[304.917s][info][gc,heap        ] GC(405) Survivor regions: 1->1(41)
[304.917s][info][gc,heap        ] GC(405) Old regions: 18->18
[304.917s][info][gc,heap        ] GC(405) Archive regions: 0->0
[304.917s][info][gc,heap        ] GC(405) Humongous regions: 0->0
[304.917s][info][gc,metaspace   ] GC(405) Metaspace: 9953K(10304K)->9953K(10304K) NonClass: 8650K(8896K)->8650K(8896K) Class: 1302K(1408K)->1302K(1408K)
[304.917s][info][gc             ] GC(405) Pause Young (Normal) (G1 Evacuation Pause) 653M->5M(1084M) 3.741ms
[304.917s][info][gc,cpu         ] GC(405) User=0.00s Sys=0.00s Real=0.00s
[306.694s][info][gc,start       ] GC(406) Pause Full (System.gc())
[306.694s][info][gc,task        ] GC(406) Using 26 workers of 33 for full compaction
[306.695s][info][gc,phases,start] GC(406) Phase 1: Mark live objects
[306.701s][info][gc,phases      ] GC(406) Phase 1: Mark live objects 5.904ms
[306.701s][info][gc,phases,start] GC(406) Phase 2: Prepare compaction
[306.708s][info][gc,phases      ] GC(406) Phase 2: Prepare compaction 6.457ms
[306.708s][info][gc,phases,start] GC(406) Phase 3: Adjust pointers
[306.711s][info][gc,phases      ] GC(406) Phase 3: Adjust pointers 3.114ms
[306.711s][info][gc,phases,start] GC(406) Phase 4: Compact heap
[306.712s][info][gc,phases      ] GC(406) Phase 4: Compact heap 0.540ms
[306.721s][info][gc,heap        ] GC(406) Eden regions: 198->0(36)
[306.721s][info][gc,heap        ] GC(406) Survivor regions: 1->0(41)
[306.721s][info][gc,heap        ] GC(406) Old regions: 18->18
[306.721s][info][gc,heap        ] GC(406) Archive regions: 0->0
[306.721s][info][gc,heap        ] GC(406) Humongous regions: 0->0
[306.721s][info][gc,metaspace   ] GC(406) Metaspace: 9954K(10304K)->9954K(10304K) NonClass: 8652K(8896K)->8652K(8896K) Class: 1302K(1408K)->1302K(1408K)
[306.721s][info][gc             ] GC(406) Pause Full (System.gc()) 399M->3M(120M) 26.687ms
[306.721s][info][gc,cpu         ] GC(406) User=0.02s Sys=0.39s Real=0.03s
[307.044s][info][gc,start       ] GC(407) Pause Young (Normal) (G1 Evacuation Pause)
[307.044s][info][gc,task        ] GC(407) Using 14 workers of 33 for evacuation
[307.046s][info][gc,phases      ] GC(407)   Pre Evacuate Collection Set: 0.1ms
[307.046s][info][gc,phases      ] GC(407)   Merge Heap Roots: 0.1ms
[307.046s][info][gc,phases      ] GC(407)   Evacuate Collection Set: 0.8ms
[307.046s][info][gc,phases      ] GC(407)   Post Evacuate Collection Set: 0.3ms
[307.046s][info][gc,phases      ] GC(407)   Other: 0.1ms
[307.046s][info][gc,heap        ] GC(407) Eden regions: 36->0(35)
[307.046s][info][gc,heap        ] GC(407) Survivor regions: 0->1(5)
[307.046s][info][gc,heap        ] GC(407) Old regions: 18->18
[307.046s][info][gc,heap        ] GC(407) Archive regions: 0->0
[307.046s][info][gc,heap        ] GC(407) Humongous regions: 0->0
[307.046s][info][gc,metaspace   ] GC(407) Metaspace: 9963K(10304K)->9963K(10304K) NonClass: 8661K(8896K)->8661K(8896K) Class: 1302K(1408K)->1302K(1408K)
[307.046s][info][gc             ] GC(407) Pause Young (Normal) (G1 Evacuation Pause) 75M->5M(120M) 1.716ms
[307.046s][info][gc,cpu         ] GC(407) User=0.00s Sys=0.00s Real=0.00s
[307.343s][info][gc,start       ] GC(408) Pause Young (Normal) (G1 Evacuation Pause)
[307.343s][info][gc,task        ] GC(408) Using 8 workers of 33 for evacuation
[307.345s][info][gc,phases      ] GC(408)   Pre Evacuate Collection Set: 0.1ms
[307.345s][info][gc,phases      ] GC(408)   Merge Heap Roots: 0.1ms
[307.345s][info][gc,phases      ] GC(408)   Evacuate Collection Set: 1.2ms
[307.345s][info][gc,phases      ] GC(408)   Post Evacuate Collection Set: 0.3ms
[307.345s][info][gc,phases      ] GC(408)   Other: 0.1ms
[307.345s][info][gc,heap        ] GC(408) Eden regions: 35->0(35)
[307.345s][info][gc,heap        ] GC(408) Survivor regions: 1->1(5)
[307.345s][info][gc,heap        ] GC(408) Old regions: 18->18
[307.345s][info][gc,heap        ] GC(408) Archive regions: 0->0
[307.345s][info][gc,heap        ] GC(408) Humongous regions: 0->0
[307.345s][info][gc,metaspace   ] GC(408) Metaspace: 9963K(10304K)->9963K(10304K) NonClass: 8661K(8896K)->8661K(8896K) Class: 1302K(1408K)->1302K(1408K)
[307.345s][info][gc             ] GC(408) Pause Young (Normal) (G1 Evacuation Pause) 75M->5M(120M) 2.337ms
[307.345s][info][gc,cpu         ] GC(408) User=0.00s Sys=0.00s Real=0.00s
[307.670s][info][gc,start       ] GC(409) Pause Young (Normal) (G1 Evacuation Pause)
[307.670s][info][gc,task        ] GC(409) Using 5 workers of 33 for evacuation
[307.672s][info][gc,phases      ] GC(409)   Pre Evacuate Collection Set: 0.1ms
[307.672s][info][gc,phases      ] GC(409)   Merge Heap Roots: 0.1ms
[307.673s][info][gc,phases      ] GC(409)   Evacuate Collection Set: 1.6ms
[307.673s][info][gc,phases      ] GC(409)   Post Evacuate Collection Set: 0.3ms
[307.673s][info][gc,phases      ] GC(409)   Other: 0.1ms
[307.673s][info][gc,heap        ] GC(409) Eden regions: 35->0(35)
[307.673s][info][gc,heap        ] GC(409) Survivor regions: 1->1(5)
[307.673s][info][gc,heap        ] GC(409) Old regions: 18->18
[307.673s][info][gc,heap        ] GC(409) Archive regions: 0->0
[307.673s][info][gc,heap        ] GC(409) Humongous regions: 0->0
[307.673s][info][gc,metaspace   ] GC(409) Metaspace: 9963K(10304K)->9963K(10304K) NonClass: 8661K(8896K)->8661K(8896K) Class: 1302K(1408K)->1302K(1408K)
[307.673s][info][gc             ] GC(409) Pause Young (Normal) (G1 Evacuation Pause) 75M->5M(120M) 2.754ms
[307.673s][info][gc,cpu         ] GC(409) User=0.08s Sys=0.00s Real=0.02s
[307.983s][info][gc,start       ] GC(410) Pause Young (Normal) (G1 Evacuation Pause)
[307.984s][info][gc,task        ] GC(410) Using 3 workers of 33 for evacuation
[307.987s][info][gc,phases      ] GC(410)   Pre Evacuate Collection Set: 0.1ms
[307.987s][info][gc,phases      ] GC(410)   Merge Heap Roots: 0.1ms
[307.987s][info][gc,phases      ] GC(410)   Evacuate Collection Set: 2.6ms
[307.987s][info][gc,phases      ] GC(410)   Post Evacuate Collection Set: 0.3ms
[307.987s][info][gc,phases      ] GC(410)   Other: 0.1ms
[307.987s][info][gc,heap        ] GC(410) Eden regions: 35->0(35)
[307.987s][info][gc,heap        ] GC(410) Survivor regions: 1->1(5)
[307.987s][info][gc,heap        ] GC(410) Old regions: 18->18
[307.987s][info][gc,heap        ] GC(410) Archive regions: 0->0
[307.987s][info][gc,heap        ] GC(410) Humongous regions: 0->0
[307.987s][info][gc,metaspace   ] GC(410) Metaspace: 9963K(10304K)->9963K(10304K) NonClass: 8661K(8896K)->8661K(8896K) Class: 1302K(1408K)->1302K(1408K)
[307.987s][info][gc             ] GC(410) Pause Young (Normal) (G1 Evacuation Pause) 75M->5M(120M) 3.714ms
[307.987s][info][gc,cpu         ] GC(410) User=0.05s Sys=0.00s Real=0.02s
[308.305s][info][gc,start       ] GC(411) Pause Young (Normal) (G1 Evacuation Pause)
[308.305s][info][gc,task        ] GC(411) Using 2 workers of 33 for evacuation
[308.310s][info][gc,phases      ] GC(411)   Pre Evacuate Collection Set: 0.1ms
[308.310s][info][gc,phases      ] GC(411)   Merge Heap Roots: 0.1ms
[308.310s][info][gc,phases      ] GC(411)   Evacuate Collection Set: 3.7ms
[308.310s][info][gc,phases      ] GC(411)   Post Evacuate Collection Set: 0.3ms
[308.310s][info][gc,phases      ] GC(411)   Other: 0.1ms
[308.310s][info][gc,heap        ] GC(411) Eden regions: 35->0(35)
[308.310s][info][gc,heap        ] GC(411) Survivor regions: 1->1(5)
[308.310s][info][gc,heap        ] GC(411) Old regions: 18->18
[308.310s][info][gc,heap        ] GC(411) Archive regions: 0->0
[308.310s][info][gc,heap        ] GC(411) Humongous regions: 0->0
[308.310s][info][gc,metaspace   ] GC(411) Metaspace: 9963K(10304K)->9963K(10304K) NonClass: 8661K(8896K)->8661K(8896K) Class: 1302K(1408K)->1302K(1408K)
[308.310s][info][gc             ] GC(411) Pause Young (Normal) (G1 Evacuation Pause) 75M->5M(120M) 4.910ms
[308.310s][info][gc,cpu         ] GC(411) User=0.00s Sys=0.00s Real=0.00s
[308.627s][info][gc,start       ] GC(412) Pause Young (Normal) (G1 Evacuation Pause)
[308.627s][info][gc,task        ] GC(412) Using 2 workers of 33 for evacuation
[308.631s][info][gc,phases      ] GC(412)   Pre Evacuate Collection Set: 0.1ms
[308.631s][info][gc,phases      ] GC(412)   Merge Heap Roots: 0.1ms
[308.631s][info][gc,phases      ] GC(412)   Evacuate Collection Set: 3.7ms
[308.631s][info][gc,phases      ] GC(412)   Post Evacuate Collection Set: 0.3ms
[308.631s][info][gc,phases      ] GC(412)   Other: 0.1ms
[308.631s][info][gc,heap        ] GC(412) Eden regions: 35->0(35)
[308.631s][info][gc,heap        ] GC(412) Survivor regions: 1->1(5)
[308.631s][info][gc,heap        ] GC(412) Old regions: 18->18
[308.631s][info][gc,heap        ] GC(412) Archive regions: 0->0
[308.631s][info][gc,heap        ] GC(412) Humongous regions: 0->0
[308.631s][info][gc,metaspace   ] GC(412) Metaspace: 9963K(10304K)->9963K(10304K) NonClass: 8661K(8896K)->8661K(8896K) Class: 1302K(1408K)->1302K(1408K)
[308.632s][info][gc             ] GC(412) Pause Young (Normal) (G1 Evacuation Pause) 75M->5M(120M) 4.880ms
[308.632s][info][gc,cpu         ] GC(412) User=0.02s Sys=0.00s Real=0.01s
[308.949s][info][gc,start       ] GC(413) Pause Young (Normal) (G1 Evacuation Pause)
[308.949s][info][gc,task        ] GC(413) Using 2 workers of 33 for evacuation
[308.953s][info][gc,phases      ] GC(413)   Pre Evacuate Collection Set: 0.1ms
[308.953s][info][gc,phases      ] GC(413)   Merge Heap Roots: 0.1ms
[308.953s][info][gc,phases      ] GC(413)   Evacuate Collection Set: 3.6ms
[308.954s][info][gc,phases      ] GC(413)   Post Evacuate Collection Set: 0.3ms
[308.954s][info][gc,phases      ] GC(413)   Other: 0.1ms
[308.954s][info][gc,heap        ] GC(413) Eden regions: 35->0(35)
[308.954s][info][gc,heap        ] GC(413) Survivor regions: 1->1(5)
[308.954s][info][gc,heap        ] GC(413) Old regions: 18->18
[308.954s][info][gc,heap        ] GC(413) Archive regions: 0->0
[308.954s][info][gc,heap        ] GC(413) Humongous regions: 0->0
[308.954s][info][gc,metaspace   ] GC(413) Metaspace: 9963K(10304K)->9963K(10304K) NonClass: 8661K(8896K)->8661K(8896K) Class: 1302K(1408K)->1302K(1408K)
[308.954s][info][gc             ] GC(413) Pause Young (Normal) (G1 Evacuation Pause) 75M->5M(120M) 4.797ms
[308.954s][info][gc,cpu         ] GC(413) User=0.03s Sys=0.00s Real=0.02s
[309.266s][info][gc,start       ] GC(414) Pause Young (Normal) (G1 Evacuation Pause)
[309.266s][info][gc,task        ] GC(414) Using 2 workers of 33 for evacuation
[309.278s][info][gc,phases      ] GC(414)   Pre Evacuate Collection Set: 0.1ms
[309.278s][info][gc,phases      ] GC(414)   Merge Heap Roots: 0.1ms
[309.278s][info][gc,phases      ] GC(414)   Evacuate Collection Set: 3.6ms
[309.278s][info][gc,phases      ] GC(414)   Post Evacuate Collection Set: 8.2ms
[309.278s][info][gc,phases      ] GC(414)   Other: 0.1ms
[309.278s][info][gc,heap        ] GC(414) Eden regions: 35->0(324)
[309.278s][info][gc,heap        ] GC(414) Survivor regions: 1->1(5)
[309.278s][info][gc,heap        ] GC(414) Old regions: 18->18
[309.278s][info][gc,heap        ] GC(414) Archive regions: 0->0
[309.278s][info][gc,heap        ] GC(414) Humongous regions: 0->0
[309.278s][info][gc,metaspace   ] GC(414) Metaspace: 9963K(10304K)->9963K(10304K) NonClass: 8661K(8896K)->8661K(8896K) Class: 1302K(1408K)->1302K(1408K)
[309.278s][info][gc             ] GC(414) Pause Young (Normal) (G1 Evacuation Pause) 75M->5M(1084M) 12.618ms
[309.278s][info][gc,cpu         ] GC(414) User=0.00s Sys=0.00s Real=0.00s
[312.391s][info][gc,start       ] GC(415) Pause Young (Normal) (G1 Evacuation Pause)
[312.391s][info][gc,task        ] GC(415) Using 26 workers of 33 for evacuation
[312.394s][info][gc,phases      ] GC(415)   Pre Evacuate Collection Set: 0.2ms
[312.394s][info][gc,phases      ] GC(415)   Merge Heap Roots: 0.2ms
[312.394s][info][gc,phases      ] GC(415)   Evacuate Collection Set: 1.8ms
[312.394s][info][gc,phases      ] GC(415)   Post Evacuate Collection Set: 0.7ms
[312.394s][info][gc,phases      ] GC(415)   Other: 0.2ms
[312.394s][info][gc,heap        ] GC(415) Eden regions: 324->0(324)
[312.394s][info][gc,heap        ] GC(415) Survivor regions: 1->1(41)
[312.394s][info][gc,heap        ] GC(415) Old regions: 18->18
[312.394s][info][gc,heap        ] GC(415) Archive regions: 0->0
[312.394s][info][gc,heap        ] GC(415) Humongous regions: 0->0
[312.394s][info][gc,metaspace   ] GC(415) Metaspace: 9963K(10304K)->9963K(10304K) NonClass: 8661K(8896K)->8661K(8896K) Class: 1302K(1408K)->1302K(1408K)
[312.394s][info][gc             ] GC(415) Pause Young (Normal) (G1 Evacuation Pause) 653M->5M(1084M) 3.649ms
[312.394s][info][gc,cpu         ] GC(415) User=0.00s Sys=0.00s Real=0.00s
[314.181s][info][gc,start       ] GC(416) Pause Full (System.gc())
[314.181s][info][gc,task        ] GC(416) Using 26 workers of 33 for full compaction
[314.182s][info][gc,phases,start] GC(416) Phase 1: Mark live objects
[314.188s][info][gc,phases      ] GC(416) Phase 1: Mark live objects 6.197ms
[314.188s][info][gc,phases,start] GC(416) Phase 2: Prepare compaction
[314.195s][info][gc,phases      ] GC(416) Phase 2: Prepare compaction 6.358ms
[314.195s][info][gc,phases,start] GC(416) Phase 3: Adjust pointers
[314.198s][info][gc,phases      ] GC(416) Phase 3: Adjust pointers 3.534ms
[314.198s][info][gc,phases,start] GC(416) Phase 4: Compact heap
[314.199s][info][gc,phases      ] GC(416) Phase 4: Compact heap 0.607ms
[314.207s][info][gc,heap        ] GC(416) Eden regions: 199->0(36)
[314.207s][info][gc,heap        ] GC(416) Survivor regions: 1->0(41)
[314.207s][info][gc,heap        ] GC(416) Old regions: 18->18
[314.207s][info][gc,heap        ] GC(416) Archive regions: 0->0
[314.207s][info][gc,heap        ] GC(416) Humongous regions: 0->0
[314.207s][info][gc,metaspace   ] GC(416) Metaspace: 9963K(10304K)->9963K(10304K) NonClass: 8661K(8896K)->8661K(8896K) Class: 1302K(1408K)->1302K(1408K)
[314.207s][info][gc             ] GC(416) Pause Full (System.gc()) 401M->3M(120M) 26.542ms
[314.207s][info][gc,cpu         ] GC(416) User=0.41s Sys=0.02s Real=0.03s
[314.501s][info][gc,start       ] GC(417) Pause Young (Normal) (G1 Evacuation Pause)
[314.501s][info][gc,task        ] GC(417) Using 14 workers of 33 for evacuation
[314.502s][info][gc,phases      ] GC(417)   Pre Evacuate Collection Set: 0.1ms
[314.502s][info][gc,phases      ] GC(417)   Merge Heap Roots: 0.1ms
[314.502s][info][gc,phases      ] GC(417)   Evacuate Collection Set: 0.7ms
[314.502s][info][gc,phases      ] GC(417)   Post Evacuate Collection Set: 0.3ms
[314.502s][info][gc,phases      ] GC(417)   Other: 0.1ms
[314.502s][info][gc,heap        ] GC(417) Eden regions: 36->0(35)
[314.502s][info][gc,heap        ] GC(417) Survivor regions: 0->1(5)
[314.502s][info][gc,heap        ] GC(417) Old regions: 18->18
[314.502s][info][gc,heap        ] GC(417) Archive regions: 0->0
[314.502s][info][gc,heap        ] GC(417) Humongous regions: 0->0
[314.502s][info][gc,metaspace   ] GC(417) Metaspace: 9964K(10304K)->9964K(10304K) NonClass: 8662K(8896K)->8662K(8896K) Class: 1302K(1408K)->1302K(1408K)
[314.502s][info][gc             ] GC(417) Pause Young (Normal) (G1 Evacuation Pause) 75M->5M(120M) 1.879ms
[314.502s][info][gc,cpu         ] GC(417) User=0.00s Sys=0.00s Real=0.00s
[314.804s][info][gc,start       ] GC(418) Pause Young (Normal) (G1 Evacuation Pause)
[314.804s][info][gc,task        ] GC(418) Using 8 workers of 33 for evacuation
[314.806s][info][gc,phases      ] GC(418)   Pre Evacuate Collection Set: 0.1ms
[314.806s][info][gc,phases      ] GC(418)   Merge Heap Roots: 0.1ms
[314.806s][info][gc,phases      ] GC(418)   Evacuate Collection Set: 1.1ms
[314.806s][info][gc,phases      ] GC(418)   Post Evacuate Collection Set: 0.3ms
[314.806s][info][gc,phases      ] GC(418)   Other: 0.1ms
[314.806s][info][gc,heap        ] GC(418) Eden regions: 35->0(35)
[314.806s][info][gc,heap        ] GC(418) Survivor regions: 1->1(5)
[314.806s][info][gc,heap        ] GC(418) Old regions: 18->18
[314.806s][info][gc,heap        ] GC(418) Archive regions: 0->0
[314.806s][info][gc,heap        ] GC(418) Humongous regions: 0->0
[314.806s][info][gc,metaspace   ] GC(418) Metaspace: 9964K(10304K)->9964K(10304K) NonClass: 8662K(8896K)->8662K(8896K) Class: 1302K(1408K)->1302K(1408K)
[314.806s][info][gc             ] GC(418) Pause Young (Normal) (G1 Evacuation Pause) 75M->5M(120M) 2.272ms
[314.806s][info][gc,cpu         ] GC(418) User=0.00s Sys=0.00s Real=0.00s
[315.116s][info][gc,start       ] GC(419) Pause Young (Normal) (G1 Evacuation Pause)
[315.116s][info][gc,task        ] GC(419) Using 5 workers of 33 for evacuation
[315.119s][info][gc,phases      ] GC(419)   Pre Evacuate Collection Set: 0.1ms
[315.119s][info][gc,phases      ] GC(419)   Merge Heap Roots: 0.1ms
[315.119s][info][gc,phases      ] GC(419)   Evacuate Collection Set: 1.5ms
[315.119s][info][gc,phases      ] GC(419)   Post Evacuate Collection Set: 0.3ms
[315.119s][info][gc,phases      ] GC(419)   Other: 0.1ms
[315.119s][info][gc,heap        ] GC(419) Eden regions: 35->0(35)
[315.119s][info][gc,heap        ] GC(419) Survivor regions: 1->1(5)
[315.119s][info][gc,heap        ] GC(419) Old regions: 18->18
[315.119s][info][gc,heap        ] GC(419) Archive regions: 0->0
[315.119s][info][gc,heap        ] GC(419) Humongous regions: 0->0
[315.119s][info][gc,metaspace   ] GC(419) Metaspace: 9964K(10304K)->9964K(10304K) NonClass: 8662K(8896K)->8662K(8896K) Class: 1302K(1408K)->1302K(1408K)
[315.119s][info][gc             ] GC(419) Pause Young (Normal) (G1 Evacuation Pause) 75M->5M(120M) 2.642ms
[315.119s][info][gc,cpu         ] GC(419) User=0.00s Sys=0.00s Real=0.00s
[315.436s][info][gc,start       ] GC(420) Pause Young (Normal) (G1 Evacuation Pause)
[315.436s][info][gc,task        ] GC(420) Using 3 workers of 33 for evacuation
[315.439s][info][gc,phases      ] GC(420)   Pre Evacuate Collection Set: 0.1ms
[315.439s][info][gc,phases      ] GC(420)   Merge Heap Roots: 0.1ms
[315.439s][info][gc,phases      ] GC(420)   Evacuate Collection Set: 2.3ms
[315.439s][info][gc,phases      ] GC(420)   Post Evacuate Collection Set: 0.3ms
[315.439s][info][gc,phases      ] GC(420)   Other: 0.1ms
[315.439s][info][gc,heap        ] GC(420) Eden regions: 35->0(35)
[315.439s][info][gc,heap        ] GC(420) Survivor regions: 1->1(5)
[315.439s][info][gc,heap        ] GC(420) Old regions: 18->18
[315.439s][info][gc,heap        ] GC(420) Archive regions: 0->0
[315.439s][info][gc,heap        ] GC(420) Humongous regions: 0->0
[315.439s][info][gc,metaspace   ] GC(420) Metaspace: 9964K(10304K)->9964K(10304K) NonClass: 8662K(8896K)->8662K(8896K) Class: 1302K(1408K)->1302K(1408K)
[315.439s][info][gc             ] GC(420) Pause Young (Normal) (G1 Evacuation Pause) 75M->5M(120M) 3.470ms
[315.439s][info][gc,cpu         ] GC(420) User=0.00s Sys=0.00s Real=0.00s
[315.746s][info][gc,start       ] GC(421) Pause Young (Normal) (G1 Evacuation Pause)
[315.747s][info][gc,task        ] GC(421) Using 2 workers of 33 for evacuation
[315.751s][info][gc,phases      ] GC(421)   Pre Evacuate Collection Set: 0.1ms
[315.751s][info][gc,phases      ] GC(421)   Merge Heap Roots: 0.1ms
[315.751s][info][gc,phases      ] GC(421)   Evacuate Collection Set: 3.4ms
[315.751s][info][gc,phases      ] GC(421)   Post Evacuate Collection Set: 0.3ms
[315.751s][info][gc,phases      ] GC(421)   Other: 0.1ms
[315.751s][info][gc,heap        ] GC(421) Eden regions: 35->0(35)
[315.751s][info][gc,heap        ] GC(421) Survivor regions: 1->1(5)
[315.751s][info][gc,heap        ] GC(421) Old regions: 18->18
[315.751s][info][gc,heap        ] GC(421) Archive regions: 0->0
[315.751s][info][gc,heap        ] GC(421) Humongous regions: 0->0
[315.751s][info][gc,metaspace   ] GC(421) Metaspace: 9964K(10304K)->9964K(10304K) NonClass: 8662K(8896K)->8662K(8896K) Class: 1302K(1408K)->1302K(1408K)
[315.751s][info][gc             ] GC(421) Pause Young (Normal) (G1 Evacuation Pause) 75M->5M(120M) 4.539ms
[315.751s][info][gc,cpu         ] GC(421) User=0.00s Sys=0.00s Real=0.00s
[316.059s][info][gc,start       ] GC(422) Pause Young (Normal) (G1 Evacuation Pause)
[316.059s][info][gc,task        ] GC(422) Using 2 workers of 33 for evacuation
[316.063s][info][gc,phases      ] GC(422)   Pre Evacuate Collection Set: 0.1ms
[316.063s][info][gc,phases      ] GC(422)   Merge Heap Roots: 0.1ms
[316.063s][info][gc,phases      ] GC(422)   Evacuate Collection Set: 3.4ms
[316.063s][info][gc,phases      ] GC(422)   Post Evacuate Collection Set: 0.3ms
[316.063s][info][gc,phases      ] GC(422)   Other: 0.1ms
[316.063s][info][gc,heap        ] GC(422) Eden regions: 35->0(35)
[316.063s][info][gc,heap        ] GC(422) Survivor regions: 1->1(5)
[316.063s][info][gc,heap        ] GC(422) Old regions: 18->18
[316.063s][info][gc,heap        ] GC(422) Archive regions: 0->0
[316.063s][info][gc,heap        ] GC(422) Humongous regions: 0->0
[316.063s][info][gc,metaspace   ] GC(422) Metaspace: 9964K(10304K)->9964K(10304K) NonClass: 8662K(8896K)->8662K(8896K) Class: 1302K(1408K)->1302K(1408K)
[316.063s][info][gc             ] GC(422) Pause Young (Normal) (G1 Evacuation Pause) 75M->5M(120M) 4.620ms
[316.063s][info][gc,cpu         ] GC(422) User=0.00s Sys=0.00s Real=0.00s
[316.386s][info][gc,start       ] GC(423) Pause Young (Normal) (G1 Evacuation Pause)
[316.387s][info][gc,task        ] GC(423) Using 2 workers of 33 for evacuation
[316.391s][info][gc,phases      ] GC(423)   Pre Evacuate Collection Set: 0.1ms
[316.391s][info][gc,phases      ] GC(423)   Merge Heap Roots: 0.1ms
[316.391s][info][gc,phases      ] GC(423)   Evacuate Collection Set: 3.6ms
[316.391s][info][gc,phases      ] GC(423)   Post Evacuate Collection Set: 0.3ms
[316.391s][info][gc,phases      ] GC(423)   Other: 0.1ms
[316.391s][info][gc,heap        ] GC(423) Eden regions: 35->0(35)
[316.391s][info][gc,heap        ] GC(423) Survivor regions: 1->1(5)
[316.391s][info][gc,heap        ] GC(423) Old regions: 18->18
[316.391s][info][gc,heap        ] GC(423) Archive regions: 0->0
[316.391s][info][gc,heap        ] GC(423) Humongous regions: 0->0
[316.391s][info][gc,metaspace   ] GC(423) Metaspace: 9964K(10304K)->9964K(10304K) NonClass: 8662K(8896K)->8662K(8896K) Class: 1302K(1408K)->1302K(1408K)
[316.391s][info][gc             ] GC(423) Pause Young (Normal) (G1 Evacuation Pause) 75M->5M(120M) 4.737ms
[316.391s][info][gc,cpu         ] GC(423) User=0.00s Sys=0.00s Real=0.00s
[316.707s][info][gc,start       ] GC(424) Pause Young (Normal) (G1 Evacuation Pause)
[316.707s][info][gc,task        ] GC(424) Using 2 workers of 33 for evacuation
[316.719s][info][gc,phases      ] GC(424)   Pre Evacuate Collection Set: 0.1ms
[316.719s][info][gc,phases      ] GC(424)   Merge Heap Roots: 0.1ms
[316.719s][info][gc,phases      ] GC(424)   Evacuate Collection Set: 3.5ms
[316.719s][info][gc,phases      ] GC(424)   Post Evacuate Collection Set: 8.3ms
[316.719s][info][gc,phases      ] GC(424)   Other: 0.1ms
[316.719s][info][gc,heap        ] GC(424) Eden regions: 35->0(324)
[316.719s][info][gc,heap        ] GC(424) Survivor regions: 1->1(5)
[316.719s][info][gc,heap        ] GC(424) Old regions: 18->18
[316.719s][info][gc,heap        ] GC(424) Archive regions: 0->0
[316.720s][info][gc,heap        ] GC(424) Humongous regions: 0->0
[316.720s][info][gc,metaspace   ] GC(424) Metaspace: 9964K(10304K)->9964K(10304K) NonClass: 8662K(8896K)->8662K(8896K) Class: 1302K(1408K)->1302K(1408K)
[316.720s][info][gc             ] GC(424) Pause Young (Normal) (G1 Evacuation Pause) 75M->5M(1084M) 12.646ms
[316.720s][info][gc,cpu         ] GC(424) User=0.00s Sys=0.02s Real=0.02s
[319.841s][info][gc,start       ] GC(425) Pause Young (Normal) (G1 Evacuation Pause)
[319.841s][info][gc,task        ] GC(425) Using 26 workers of 33 for evacuation
[319.844s][info][gc,phases      ] GC(425)   Pre Evacuate Collection Set: 0.2ms
[319.844s][info][gc,phases      ] GC(425)   Merge Heap Roots: 0.2ms
[319.844s][info][gc,phases      ] GC(425)   Evacuate Collection Set: 1.7ms
[319.844s][info][gc,phases      ] GC(425)   Post Evacuate Collection Set: 0.7ms
[319.844s][info][gc,phases      ] GC(425)   Other: 0.2ms
[319.844s][info][gc,heap        ] GC(425) Eden regions: 324->0(324)
[319.844s][info][gc,heap        ] GC(425) Survivor regions: 1->1(41)
[319.844s][info][gc,heap        ] GC(425) Old regions: 18->18
[319.844s][info][gc,heap        ] GC(425) Archive regions: 0->0
[319.844s][info][gc,heap        ] GC(425) Humongous regions: 0->0
[319.844s][info][gc,metaspace   ] GC(425) Metaspace: 9964K(10304K)->9964K(10304K) NonClass: 8662K(8896K)->8662K(8896K) Class: 1302K(1408K)->1302K(1408K)
[319.844s][info][gc             ] GC(425) Pause Young (Normal) (G1 Evacuation Pause) 653M->5M(1084M) 3.559ms
[319.844s][info][gc,cpu         ] GC(425) User=0.00s Sys=0.00s Real=0.00s
[321.558s][info][gc,start       ] GC(426) Pause Full (System.gc())
[321.558s][info][gc,task        ] GC(426) Using 26 workers of 33 for full compaction
[321.559s][info][gc,phases,start] GC(426) Phase 1: Mark live objects
[321.566s][info][gc,phases      ] GC(426) Phase 1: Mark live objects 6.702ms
[321.566s][info][gc,phases,start] GC(426) Phase 2: Prepare compaction
[321.573s][info][gc,phases      ] GC(426) Phase 2: Prepare compaction 6.787ms
[321.573s][info][gc,phases,start] GC(426) Phase 3: Adjust pointers
[321.577s][info][gc,phases      ] GC(426) Phase 3: Adjust pointers 3.719ms
[321.577s][info][gc,phases,start] GC(426) Phase 4: Compact heap
[321.578s][info][gc,phases      ] GC(426) Phase 4: Compact heap 0.751ms
[321.586s][info][gc,heap        ] GC(426) Eden regions: 192->0(36)
[321.586s][info][gc,heap        ] GC(426) Survivor regions: 1->0(41)
[321.586s][info][gc,heap        ] GC(426) Old regions: 18->18
[321.586s][info][gc,heap        ] GC(426) Archive regions: 0->0
[321.586s][info][gc,heap        ] GC(426) Humongous regions: 0->0
[321.586s][info][gc,metaspace   ] GC(426) Metaspace: 9964K(10304K)->9964K(10304K) NonClass: 8662K(8896K)->8662K(8896K) Class: 1302K(1408K)->1302K(1408K)
[321.586s][info][gc             ] GC(426) Pause Full (System.gc()) 387M->3M(120M) 28.216ms
[321.586s][info][gc,cpu         ] GC(426) User=0.03s Sys=0.41s Real=0.03s
[321.886s][info][gc,start       ] GC(427) Pause Young (Normal) (G1 Evacuation Pause)
[321.886s][info][gc,task        ] GC(427) Using 14 workers of 33 for evacuation
[321.888s][info][gc,phases      ] GC(427)   Pre Evacuate Collection Set: 0.1ms
[321.888s][info][gc,phases      ] GC(427)   Merge Heap Roots: 0.1ms
[321.888s][info][gc,phases      ] GC(427)   Evacuate Collection Set: 0.8ms
[321.888s][info][gc,phases      ] GC(427)   Post Evacuate Collection Set: 0.3ms
[321.888s][info][gc,phases      ] GC(427)   Other: 0.1ms
[321.888s][info][gc,heap        ] GC(427) Eden regions: 36->0(35)
[321.888s][info][gc,heap        ] GC(427) Survivor regions: 0->1(5)
[321.888s][info][gc,heap        ] GC(427) Old regions: 18->18
[321.888s][info][gc,heap        ] GC(427) Archive regions: 0->0
[321.888s][info][gc,heap        ] GC(427) Humongous regions: 0->0
[321.888s][info][gc,metaspace   ] GC(427) Metaspace: 9964K(10304K)->9964K(10304K) NonClass: 8662K(8896K)->8662K(8896K) Class: 1302K(1408K)->1302K(1408K)
[321.888s][info][gc             ] GC(427) Pause Young (Normal) (G1 Evacuation Pause) 75M->5M(120M) 1.935ms
[321.888s][info][gc,cpu         ] GC(427) User=0.00s Sys=0.00s Real=0.00s
[322.181s][info][gc,start       ] GC(428) Pause Young (Normal) (G1 Evacuation Pause)
[322.182s][info][gc,task        ] GC(428) Using 8 workers of 33 for evacuation
[322.183s][info][gc,phases      ] GC(428)   Pre Evacuate Collection Set: 0.1ms
[322.183s][info][gc,phases      ] GC(428)   Merge Heap Roots: 0.1ms
[322.183s][info][gc,phases      ] GC(428)   Evacuate Collection Set: 1.1ms
[322.183s][info][gc,phases      ] GC(428)   Post Evacuate Collection Set: 0.3ms
[322.183s][info][gc,phases      ] GC(428)   Other: 0.1ms
[322.184s][info][gc,heap        ] GC(428) Eden regions: 35->0(35)
[322.184s][info][gc,heap        ] GC(428) Survivor regions: 1->1(5)
[322.184s][info][gc,heap        ] GC(428) Old regions: 18->18
[322.184s][info][gc,heap        ] GC(428) Archive regions: 0->0
[322.184s][info][gc,heap        ] GC(428) Humongous regions: 0->0
[322.184s][info][gc,metaspace   ] GC(428) Metaspace: 9964K(10304K)->9964K(10304K) NonClass: 8662K(8896K)->8662K(8896K) Class: 1302K(1408K)->1302K(1408K)
[322.184s][info][gc             ] GC(428) Pause Young (Normal) (G1 Evacuation Pause) 75M->5M(120M) 2.325ms
[322.184s][info][gc,cpu         ] GC(428) User=0.00s Sys=0.00s Real=0.00s
[322.504s][info][gc,start       ] GC(429) Pause Young (Normal) (G1 Evacuation Pause)
[322.504s][info][gc,task        ] GC(429) Using 5 workers of 33 for evacuation
[322.506s][info][gc,phases      ] GC(429)   Pre Evacuate Collection Set: 0.1ms
[322.506s][info][gc,phases      ] GC(429)   Merge Heap Roots: 0.1ms
[322.506s][info][gc,phases      ] GC(429)   Evacuate Collection Set: 1.5ms
[322.506s][info][gc,phases      ] GC(429)   Post Evacuate Collection Set: 0.3ms
[322.506s][info][gc,phases      ] GC(429)   Other: 0.1ms
[322.506s][info][gc,heap        ] GC(429) Eden regions: 35->0(35)
[322.506s][info][gc,heap        ] GC(429) Survivor regions: 1->1(5)
[322.506s][info][gc,heap        ] GC(429) Old regions: 18->18
[322.506s][info][gc,heap        ] GC(429) Archive regions: 0->0
[322.506s][info][gc,heap        ] GC(429) Humongous regions: 0->0
[322.506s][info][gc,metaspace   ] GC(429) Metaspace: 9964K(10304K)->9964K(10304K) NonClass: 8662K(8896K)->8662K(8896K) Class: 1302K(1408K)->1302K(1408K)
[322.506s][info][gc             ] GC(429) Pause Young (Normal) (G1 Evacuation Pause) 75M->5M(120M) 2.682ms
[322.506s][info][gc,cpu         ] GC(429) User=0.00s Sys=0.00s Real=0.00s
[322.813s][info][gc,start       ] GC(430) Pause Young (Normal) (G1 Evacuation Pause)
[322.813s][info][gc,task        ] GC(430) Using 3 workers of 33 for evacuation
[322.816s][info][gc,phases      ] GC(430)   Pre Evacuate Collection Set: 0.1ms
[322.816s][info][gc,phases      ] GC(430)   Merge Heap Roots: 0.1ms
[322.816s][info][gc,phases      ] GC(430)   Evacuate Collection Set: 2.5ms
[322.816s][info][gc,phases      ] GC(430)   Post Evacuate Collection Set: 0.3ms
[322.816s][info][gc,phases      ] GC(430)   Other: 0.1ms
[322.816s][info][gc,heap        ] GC(430) Eden regions: 35->0(35)
[322.816s][info][gc,heap        ] GC(430) Survivor regions: 1->1(5)
[322.816s][info][gc,heap        ] GC(430) Old regions: 18->18
[322.816s][info][gc,heap        ] GC(430) Archive regions: 0->0
[322.816s][info][gc,heap        ] GC(430) Humongous regions: 0->0
[322.816s][info][gc,metaspace   ] GC(430) Metaspace: 9964K(10304K)->9964K(10304K) NonClass: 8662K(8896K)->8662K(8896K) Class: 1302K(1408K)->1302K(1408K)
[322.816s][info][gc             ] GC(430) Pause Young (Normal) (G1 Evacuation Pause) 75M->5M(120M) 3.688ms
[322.816s][info][gc,cpu         ] GC(430) User=0.00s Sys=0.00s Real=0.00s
[323.128s][info][gc,start       ] GC(431) Pause Young (Normal) (G1 Evacuation Pause)
[323.129s][info][gc,task        ] GC(431) Using 2 workers of 33 for evacuation
[323.133s][info][gc,phases      ] GC(431)   Pre Evacuate Collection Set: 0.1ms
[323.133s][info][gc,phases      ] GC(431)   Merge Heap Roots: 0.1ms
[323.133s][info][gc,phases      ] GC(431)   Evacuate Collection Set: 3.5ms
[323.133s][info][gc,phases      ] GC(431)   Post Evacuate Collection Set: 0.3ms
[323.133s][info][gc,phases      ] GC(431)   Other: 0.1ms
[323.133s][info][gc,heap        ] GC(431) Eden regions: 35->0(35)
[323.133s][info][gc,heap        ] GC(431) Survivor regions: 1->1(5)
[323.133s][info][gc,heap        ] GC(431) Old regions: 18->18
[323.133s][info][gc,heap        ] GC(431) Archive regions: 0->0
[323.133s][info][gc,heap        ] GC(431) Humongous regions: 0->0
[323.133s][info][gc,metaspace   ] GC(431) Metaspace: 9964K(10304K)->9964K(10304K) NonClass: 8662K(8896K)->8662K(8896K) Class: 1302K(1408K)->1302K(1408K)
[323.133s][info][gc             ] GC(431) Pause Young (Normal) (G1 Evacuation Pause) 75M->5M(120M) 4.705ms
[323.133s][info][gc,cpu         ] GC(431) User=0.03s Sys=0.00s Real=0.01s
[323.454s][info][gc,start       ] GC(432) Pause Young (Normal) (G1 Evacuation Pause)
[323.454s][info][gc,task        ] GC(432) Using 2 workers of 33 for evacuation
[323.458s][info][gc,phases      ] GC(432)   Pre Evacuate Collection Set: 0.1ms
[323.458s][info][gc,phases      ] GC(432)   Merge Heap Roots: 0.1ms
[323.458s][info][gc,phases      ] GC(432)   Evacuate Collection Set: 3.5ms
[323.458s][info][gc,phases      ] GC(432)   Post Evacuate Collection Set: 0.3ms
[323.458s][info][gc,phases      ] GC(432)   Other: 0.1ms
[323.458s][info][gc,heap        ] GC(432) Eden regions: 35->0(35)
[323.458s][info][gc,heap        ] GC(432) Survivor regions: 1->1(5)
[323.458s][info][gc,heap        ] GC(432) Old regions: 18->18
[323.458s][info][gc,heap        ] GC(432) Archive regions: 0->0
[323.458s][info][gc,heap        ] GC(432) Humongous regions: 0->0
[323.459s][info][gc,metaspace   ] GC(432) Metaspace: 9964K(10304K)->9964K(10304K) NonClass: 8662K(8896K)->8662K(8896K) Class: 1302K(1408K)->1302K(1408K)
[323.459s][info][gc             ] GC(432) Pause Young (Normal) (G1 Evacuation Pause) 75M->5M(120M) 4.912ms
[323.459s][info][gc,cpu         ] GC(432) User=0.00s Sys=0.00s Real=0.00s
[323.782s][info][gc,start       ] GC(433) Pause Young (Normal) (G1 Evacuation Pause)
[323.782s][info][gc,task        ] GC(433) Using 2 workers of 33 for evacuation
[323.786s][info][gc,phases      ] GC(433)   Pre Evacuate Collection Set: 0.1ms
[323.786s][info][gc,phases      ] GC(433)   Merge Heap Roots: 0.1ms
[323.786s][info][gc,phases      ] GC(433)   Evacuate Collection Set: 3.3ms
[323.786s][info][gc,phases      ] GC(433)   Post Evacuate Collection Set: 0.3ms
[323.786s][info][gc,phases      ] GC(433)   Other: 0.1ms
[323.786s][info][gc,heap        ] GC(433) Eden regions: 35->0(35)
[323.786s][info][gc,heap        ] GC(433) Survivor regions: 1->1(5)
[323.786s][info][gc,heap        ] GC(433) Old regions: 18->18
[323.786s][info][gc,heap        ] GC(433) Archive regions: 0->0
[323.786s][info][gc,heap        ] GC(433) Humongous regions: 0->0
[323.786s][info][gc,metaspace   ] GC(433) Metaspace: 9964K(10304K)->9964K(10304K) NonClass: 8662K(8896K)->8662K(8896K) Class: 1302K(1408K)->1302K(1408K)
[323.786s][info][gc             ] GC(433) Pause Young (Normal) (G1 Evacuation Pause) 75M->5M(120M) 4.518ms
[323.786s][info][gc,cpu         ] GC(433) User=0.00s Sys=0.00s Real=0.00s
[324.105s][info][gc,start       ] GC(434) Pause Young (Normal) (G1 Evacuation Pause)
[324.105s][info][gc,task        ] GC(434) Using 2 workers of 33 for evacuation
[324.117s][info][gc,phases      ] GC(434)   Pre Evacuate Collection Set: 0.1ms
[324.117s][info][gc,phases      ] GC(434)   Merge Heap Roots: 0.1ms
[324.117s][info][gc,phases      ] GC(434)   Evacuate Collection Set: 3.5ms
[324.117s][info][gc,phases      ] GC(434)   Post Evacuate Collection Set: 8.2ms
[324.117s][info][gc,phases      ] GC(434)   Other: 0.1ms
[324.117s][info][gc,heap        ] GC(434) Eden regions: 35->0(324)
[324.117s][info][gc,heap        ] GC(434) Survivor regions: 1->1(5)
[324.117s][info][gc,heap        ] GC(434) Old regions: 18->18
[324.117s][info][gc,heap        ] GC(434) Archive regions: 0->0
[324.118s][info][gc,heap        ] GC(434) Humongous regions: 0->0
[324.118s][info][gc,metaspace   ] GC(434) Metaspace: 9964K(10304K)->9964K(10304K) NonClass: 8662K(8896K)->8662K(8896K) Class: 1302K(1408K)->1302K(1408K)
[324.118s][info][gc             ] GC(434) Pause Young (Normal) (G1 Evacuation Pause) 75M->5M(1084M) 12.543ms
[324.118s][info][gc,cpu         ] GC(434) User=0.02s Sys=0.00s Real=0.02s
[327.233s][info][gc,start       ] GC(435) Pause Young (Normal) (G1 Evacuation Pause)
[327.233s][info][gc,task        ] GC(435) Using 26 workers of 33 for evacuation
[327.236s][info][gc,phases      ] GC(435)   Pre Evacuate Collection Set: 0.2ms
[327.236s][info][gc,phases      ] GC(435)   Merge Heap Roots: 0.2ms
[327.236s][info][gc,phases      ] GC(435)   Evacuate Collection Set: 1.8ms
[327.236s][info][gc,phases      ] GC(435)   Post Evacuate Collection Set: 0.7ms
[327.236s][info][gc,phases      ] GC(435)   Other: 0.2ms
[327.236s][info][gc,heap        ] GC(435) Eden regions: 324->0(324)
[327.236s][info][gc,heap        ] GC(435) Survivor regions: 1->1(41)
[327.236s][info][gc,heap        ] GC(435) Old regions: 18->18
[327.236s][info][gc,heap        ] GC(435) Archive regions: 0->0
[327.236s][info][gc,heap        ] GC(435) Humongous regions: 0->0
[327.236s][info][gc,metaspace   ] GC(435) Metaspace: 9964K(10304K)->9964K(10304K) NonClass: 8662K(8896K)->8662K(8896K) Class: 1302K(1408K)->1302K(1408K)
[327.236s][info][gc             ] GC(435) Pause Young (Normal) (G1 Evacuation Pause) 653M->5M(1084M) 3.707ms
[327.236s][info][gc,cpu         ] GC(435) User=0.00s Sys=0.00s Real=0.00s
[329.008s][info][gc,start       ] GC(436) Pause Full (System.gc())
[329.008s][info][gc,task        ] GC(436) Using 26 workers of 33 for full compaction
[329.010s][info][gc,phases,start] GC(436) Phase 1: Mark live objects
[329.016s][info][gc,phases      ] GC(436) Phase 1: Mark live objects 6.139ms
[329.016s][info][gc,phases,start] GC(436) Phase 2: Prepare compaction
[329.022s][info][gc,phases      ] GC(436) Phase 2: Prepare compaction 6.441ms
[329.026s][info][gc,phases,start] GC(436) Phase 3: Adjust pointers
[329.030s][info][gc,phases      ] GC(436) Phase 3: Adjust pointers 3.900ms
[329.030s][info][gc,phases,start] GC(436) Phase 4: Compact heap
[329.031s][info][gc,phases      ] GC(436) Phase 4: Compact heap 0.940ms
[329.040s][info][gc,heap        ] GC(436) Eden regions: 199->0(36)
[329.040s][info][gc,heap        ] GC(436) Survivor regions: 1->0(41)
[329.041s][info][gc,heap        ] GC(436) Old regions: 18->18
[329.041s][info][gc,heap        ] GC(436) Archive regions: 0->0
[329.041s][info][gc,heap        ] GC(436) Humongous regions: 0->0
[329.041s][info][gc,metaspace   ] GC(436) Metaspace: 9964K(10304K)->9964K(10304K) NonClass: 8662K(8896K)->8662K(8896K) Class: 1302K(1408K)->1302K(1408K)
[329.041s][info][gc             ] GC(436) Pause Full (System.gc()) 401M->3M(120M) 32.357ms
[329.041s][info][gc,cpu         ] GC(436) User=0.17s Sys=0.50s Real=0.03s
[329.354s][info][gc,start       ] GC(437) Pause Young (Normal) (G1 Evacuation Pause)
[329.354s][info][gc,task        ] GC(437) Using 14 workers of 33 for evacuation
[329.355s][info][gc,phases      ] GC(437)   Pre Evacuate Collection Set: 0.1ms
[329.355s][info][gc,phases      ] GC(437)   Merge Heap Roots: 0.1ms
[329.355s][info][gc,phases      ] GC(437)   Evacuate Collection Set: 0.8ms
[329.355s][info][gc,phases      ] GC(437)   Post Evacuate Collection Set: 0.3ms
[329.355s][info][gc,phases      ] GC(437)   Other: 0.1ms
[329.356s][info][gc,heap        ] GC(437) Eden regions: 36->0(35)
[329.356s][info][gc,heap        ] GC(437) Survivor regions: 0->1(5)
[329.356s][info][gc,heap        ] GC(437) Old regions: 18->18
[329.356s][info][gc,heap        ] GC(437) Archive regions: 0->0
[329.356s][info][gc,heap        ] GC(437) Humongous regions: 0->0
[329.356s][info][gc,metaspace   ] GC(437) Metaspace: 9964K(10304K)->9964K(10304K) NonClass: 8662K(8896K)->8662K(8896K) Class: 1302K(1408K)->1302K(1408K)
[329.356s][info][gc             ] GC(437) Pause Young (Normal) (G1 Evacuation Pause) 75M->5M(120M) 1.872ms
[329.356s][info][gc,cpu         ] GC(437) User=0.00s Sys=0.00s Real=0.00s
[329.643s][info][gc,start       ] GC(438) Pause Young (Normal) (G1 Evacuation Pause)
[329.643s][info][gc,task        ] GC(438) Using 8 workers of 33 for evacuation
[329.645s][info][gc,phases      ] GC(438)   Pre Evacuate Collection Set: 0.1ms
[329.645s][info][gc,phases      ] GC(438)   Merge Heap Roots: 0.1ms
[329.645s][info][gc,phases      ] GC(438)   Evacuate Collection Set: 1.0ms
[329.645s][info][gc,phases      ] GC(438)   Post Evacuate Collection Set: 0.3ms
[329.645s][info][gc,phases      ] GC(438)   Other: 0.1ms
[329.645s][info][gc,heap        ] GC(438) Eden regions: 35->0(35)
[329.645s][info][gc,heap        ] GC(438) Survivor regions: 1->1(5)
[329.645s][info][gc,heap        ] GC(438) Old regions: 18->18
[329.645s][info][gc,heap        ] GC(438) Archive regions: 0->0
[329.645s][info][gc,heap        ] GC(438) Humongous regions: 0->0
[329.645s][info][gc,metaspace   ] GC(438) Metaspace: 9964K(10304K)->9964K(10304K) NonClass: 8662K(8896K)->8662K(8896K) Class: 1302K(1408K)->1302K(1408K)
[329.645s][info][gc             ] GC(438) Pause Young (Normal) (G1 Evacuation Pause) 75M->5M(120M) 2.156ms
[329.645s][info][gc,cpu         ] GC(438) User=0.00s Sys=0.00s Real=0.00s
[329.958s][info][gc,start       ] GC(439) Pause Young (Normal) (G1 Evacuation Pause)
[329.958s][info][gc,task        ] GC(439) Using 5 workers of 33 for evacuation
[329.960s][info][gc,phases      ] GC(439)   Pre Evacuate Collection Set: 0.1ms
[329.960s][info][gc,phases      ] GC(439)   Merge Heap Roots: 0.1ms
[329.960s][info][gc,phases      ] GC(439)   Evacuate Collection Set: 1.5ms
[329.960s][info][gc,phases      ] GC(439)   Post Evacuate Collection Set: 0.3ms
[329.960s][info][gc,phases      ] GC(439)   Other: 0.1ms
[329.960s][info][gc,heap        ] GC(439) Eden regions: 35->0(35)
[329.960s][info][gc,heap        ] GC(439) Survivor regions: 1->1(5)
[329.960s][info][gc,heap        ] GC(439) Old regions: 18->18
[329.960s][info][gc,heap        ] GC(439) Archive regions: 0->0
[329.960s][info][gc,heap        ] GC(439) Humongous regions: 0->0
[329.960s][info][gc,metaspace   ] GC(439) Metaspace: 9964K(10304K)->9964K(10304K) NonClass: 8662K(8896K)->8662K(8896K) Class: 1302K(1408K)->1302K(1408K)
[329.960s][info][gc             ] GC(439) Pause Young (Normal) (G1 Evacuation Pause) 75M->5M(120M) 2.671ms
[329.960s][info][gc,cpu         ] GC(439) User=0.00s Sys=0.00s Real=0.00s
[330.277s][info][gc,start       ] GC(440) Pause Young (Normal) (G1 Evacuation Pause)
[330.277s][info][gc,task        ] GC(440) Using 3 workers of 33 for evacuation
[330.281s][info][gc,phases      ] GC(440)   Pre Evacuate Collection Set: 0.1ms
[330.281s][info][gc,phases      ] GC(440)   Merge Heap Roots: 0.1ms
[330.281s][info][gc,phases      ] GC(440)   Evacuate Collection Set: 2.6ms
[330.281s][info][gc,phases      ] GC(440)   Post Evacuate Collection Set: 0.3ms
[330.281s][info][gc,phases      ] GC(440)   Other: 0.1ms
[330.281s][info][gc,heap        ] GC(440) Eden regions: 35->0(35)
[330.281s][info][gc,heap        ] GC(440) Survivor regions: 1->1(5)
[330.281s][info][gc,heap        ] GC(440) Old regions: 18->18
[330.281s][info][gc,heap        ] GC(440) Archive regions: 0->0
[330.281s][info][gc,heap        ] GC(440) Humongous regions: 0->0
[330.281s][info][gc,metaspace   ] GC(440) Metaspace: 9964K(10304K)->9964K(10304K) NonClass: 8662K(8896K)->8662K(8896K) Class: 1302K(1408K)->1302K(1408K)
[330.281s][info][gc             ] GC(440) Pause Young (Normal) (G1 Evacuation Pause) 75M->5M(120M) 3.748ms
[330.281s][info][gc,cpu         ] GC(440) User=0.05s Sys=0.00s Real=0.02s
[330.591s][info][gc,start       ] GC(441) Pause Young (Normal) (G1 Evacuation Pause)
[330.591s][info][gc,task        ] GC(441) Using 2 workers of 33 for evacuation
[330.595s][info][gc,phases      ] GC(441)   Pre Evacuate Collection Set: 0.1ms
[330.595s][info][gc,phases      ] GC(441)   Merge Heap Roots: 0.1ms
[330.595s][info][gc,phases      ] GC(441)   Evacuate Collection Set: 3.6ms
[330.595s][info][gc,phases      ] GC(441)   Post Evacuate Collection Set: 0.3ms
[330.595s][info][gc,phases      ] GC(441)   Other: 0.1ms
[330.595s][info][gc,heap        ] GC(441) Eden regions: 35->0(35)
[330.595s][info][gc,heap        ] GC(441) Survivor regions: 1->1(5)
[330.595s][info][gc,heap        ] GC(441) Old regions: 18->18
[330.595s][info][gc,heap        ] GC(441) Archive regions: 0->0
[330.595s][info][gc,heap        ] GC(441) Humongous regions: 0->0
[330.595s][info][gc,metaspace   ] GC(441) Metaspace: 9964K(10304K)->9964K(10304K) NonClass: 8662K(8896K)->8662K(8896K) Class: 1302K(1408K)->1302K(1408K)
[330.595s][info][gc             ] GC(441) Pause Young (Normal) (G1 Evacuation Pause) 75M->5M(120M) 4.729ms
[330.595s][info][gc,cpu         ] GC(441) User=0.00s Sys=0.00s Real=0.00s
[330.907s][info][gc,start       ] GC(442) Pause Young (Normal) (G1 Evacuation Pause)
[330.908s][info][gc,task        ] GC(442) Using 2 workers of 33 for evacuation
[330.912s][info][gc,phases      ] GC(442)   Pre Evacuate Collection Set: 0.1ms
[330.912s][info][gc,phases      ] GC(442)   Merge Heap Roots: 0.1ms
[330.912s][info][gc,phases      ] GC(442)   Evacuate Collection Set: 3.5ms
[330.912s][info][gc,phases      ] GC(442)   Post Evacuate Collection Set: 0.4ms
[330.912s][info][gc,phases      ] GC(442)   Other: 0.1ms
[330.912s][info][gc,heap        ] GC(442) Eden regions: 35->0(35)
[330.912s][info][gc,heap        ] GC(442) Survivor regions: 1->1(5)
[330.912s][info][gc,heap        ] GC(442) Old regions: 18->18
[330.912s][info][gc,heap        ] GC(442) Archive regions: 0->0
[330.912s][info][gc,heap        ] GC(442) Humongous regions: 0->0
[330.912s][info][gc,metaspace   ] GC(442) Metaspace: 9964K(10304K)->9964K(10304K) NonClass: 8662K(8896K)->8662K(8896K) Class: 1302K(1408K)->1302K(1408K)
[330.912s][info][gc             ] GC(442) Pause Young (Normal) (G1 Evacuation Pause) 75M->5M(120M) 4.799ms
[330.912s][info][gc,cpu         ] GC(442) User=0.02s Sys=0.00s Real=0.02s
[331.228s][info][gc,start       ] GC(443) Pause Young (Normal) (G1 Evacuation Pause)
[331.228s][info][gc,task        ] GC(443) Using 2 workers of 33 for evacuation
[331.233s][info][gc,phases      ] GC(443)   Pre Evacuate Collection Set: 0.1ms
[331.233s][info][gc,phases      ] GC(443)   Merge Heap Roots: 0.1ms
[331.233s][info][gc,phases      ] GC(443)   Evacuate Collection Set: 3.9ms
[331.233s][info][gc,phases      ] GC(443)   Post Evacuate Collection Set: 0.4ms
[331.233s][info][gc,phases      ] GC(443)   Other: 0.1ms
[331.233s][info][gc,heap        ] GC(443) Eden regions: 35->0(35)
[331.233s][info][gc,heap        ] GC(443) Survivor regions: 1->1(5)
[331.233s][info][gc,heap        ] GC(443) Old regions: 18->18
[331.233s][info][gc,heap        ] GC(443) Archive regions: 0->0
[331.233s][info][gc,heap        ] GC(443) Humongous regions: 0->0
[331.233s][info][gc,metaspace   ] GC(443) Metaspace: 9964K(10304K)->9964K(10304K) NonClass: 8662K(8896K)->8662K(8896K) Class: 1302K(1408K)->1302K(1408K)
[331.233s][info][gc             ] GC(443) Pause Young (Normal) (G1 Evacuation Pause) 75M->5M(120M) 5.090ms
[331.233s][info][gc,cpu         ] GC(443) User=0.00s Sys=0.02s Real=0.02s
[331.553s][info][gc,start       ] GC(444) Pause Young (Normal) (G1 Evacuation Pause)
[331.553s][info][gc,task        ] GC(444) Using 2 workers of 33 for evacuation
[331.565s][info][gc,phases      ] GC(444)   Pre Evacuate Collection Set: 0.1ms
[331.565s][info][gc,phases      ] GC(444)   Merge Heap Roots: 0.1ms
[331.565s][info][gc,phases      ] GC(444)   Evacuate Collection Set: 3.6ms
[331.565s][info][gc,phases      ] GC(444)   Post Evacuate Collection Set: 8.3ms
[331.565s][info][gc,phases      ] GC(444)   Other: 0.1ms
[331.565s][info][gc,heap        ] GC(444) Eden regions: 35->0(324)
[331.565s][info][gc,heap        ] GC(444) Survivor regions: 1->1(5)
[331.565s][info][gc,heap        ] GC(444) Old regions: 18->18
[331.565s][info][gc,heap        ] GC(444) Archive regions: 0->0
[331.565s][info][gc,heap        ] GC(444) Humongous regions: 0->0
[331.565s][info][gc,metaspace   ] GC(444) Metaspace: 9964K(10304K)->9964K(10304K) NonClass: 8662K(8896K)->8662K(8896K) Class: 1302K(1408K)->1302K(1408K)
[331.566s][info][gc             ] GC(444) Pause Young (Normal) (G1 Evacuation Pause) 75M->5M(1084M) 12.742ms
[331.566s][info][gc,cpu         ] GC(444) User=0.00s Sys=0.02s Real=0.02s
[334.693s][info][gc,start       ] GC(445) Pause Young (Normal) (G1 Evacuation Pause)
[334.693s][info][gc,task        ] GC(445) Using 26 workers of 33 for evacuation
[334.696s][info][gc,phases      ] GC(445)   Pre Evacuate Collection Set: 0.2ms
[334.696s][info][gc,phases      ] GC(445)   Merge Heap Roots: 0.2ms
[334.696s][info][gc,phases      ] GC(445)   Evacuate Collection Set: 1.6ms
[334.696s][info][gc,phases      ] GC(445)   Post Evacuate Collection Set: 0.7ms
[334.696s][info][gc,phases      ] GC(445)   Other: 0.2ms
[334.696s][info][gc,heap        ] GC(445) Eden regions: 324->0(324)
[334.696s][info][gc,heap        ] GC(445) Survivor regions: 1->1(41)
[334.696s][info][gc,heap        ] GC(445) Old regions: 18->18
[334.696s][info][gc,heap        ] GC(445) Archive regions: 0->0
[334.696s][info][gc,heap        ] GC(445) Humongous regions: 0->0
[334.696s][info][gc,metaspace   ] GC(445) Metaspace: 9964K(10304K)->9964K(10304K) NonClass: 8662K(8896K)->8662K(8896K) Class: 1302K(1408K)->1302K(1408K)
[334.696s][info][gc             ] GC(445) Pause Young (Normal) (G1 Evacuation Pause) 653M->5M(1084M) 3.508ms
[334.696s][info][gc,cpu         ] GC(445) User=0.00s Sys=0.00s Real=0.00s
[336.439s][info][gc,start       ] GC(446) Pause Full (System.gc())
[336.439s][info][gc,task        ] GC(446) Using 26 workers of 33 for full compaction
[336.440s][info][gc,phases,start] GC(446) Phase 1: Mark live objects
[336.446s][info][gc,phases      ] GC(446) Phase 1: Mark live objects 6.131ms
[336.446s][info][gc,phases,start] GC(446) Phase 2: Prepare compaction
[336.453s][info][gc,phases      ] GC(446) Phase 2: Prepare compaction 6.494ms
[336.453s][info][gc,phases,start] GC(446) Phase 3: Adjust pointers
[336.456s][info][gc,phases      ] GC(446) Phase 3: Adjust pointers 3.697ms
[336.456s][info][gc,phases,start] GC(446) Phase 4: Compact heap
[336.457s][info][gc,phases      ] GC(446) Phase 4: Compact heap 0.587ms
[336.466s][info][gc,heap        ] GC(446) Eden regions: 194->0(36)
[336.466s][info][gc,heap        ] GC(446) Survivor regions: 1->0(41)
[336.466s][info][gc,heap        ] GC(446) Old regions: 18->18
[336.466s][info][gc,heap        ] GC(446) Archive regions: 0->0
[336.466s][info][gc,heap        ] GC(446) Humongous regions: 0->0
[336.466s][info][gc,metaspace   ] GC(446) Metaspace: 9964K(10304K)->9964K(10304K) NonClass: 8662K(8896K)->8662K(8896K) Class: 1302K(1408K)->1302K(1408K)
[336.466s][info][gc             ] GC(446) Pause Full (System.gc()) 392M->3M(120M) 27.488ms
[336.466s][info][gc,cpu         ] GC(446) User=0.41s Sys=0.27s Real=0.03s
[336.780s][info][gc,start       ] GC(447) Pause Young (Normal) (G1 Evacuation Pause)
[336.781s][info][gc,task        ] GC(447) Using 14 workers of 33 for evacuation
[336.782s][info][gc,phases      ] GC(447)   Pre Evacuate Collection Set: 0.1ms
[336.782s][info][gc,phases      ] GC(447)   Merge Heap Roots: 0.1ms
[336.782s][info][gc,phases      ] GC(447)   Evacuate Collection Set: 0.7ms
[336.782s][info][gc,phases      ] GC(447)   Post Evacuate Collection Set: 0.3ms
[336.782s][info][gc,phases      ] GC(447)   Other: 0.1ms
[336.782s][info][gc,heap        ] GC(447) Eden regions: 36->0(35)
[336.782s][info][gc,heap        ] GC(447) Survivor regions: 0->1(5)
[336.782s][info][gc,heap        ] GC(447) Old regions: 18->18
[336.782s][info][gc,heap        ] GC(447) Archive regions: 0->0
[336.782s][info][gc,heap        ] GC(447) Humongous regions: 0->0
[336.782s][info][gc,metaspace   ] GC(447) Metaspace: 9964K(10304K)->9964K(10304K) NonClass: 8662K(8896K)->8662K(8896K) Class: 1302K(1408K)->1302K(1408K)
[336.782s][info][gc             ] GC(447) Pause Young (Normal) (G1 Evacuation Pause) 75M->5M(120M) 1.899ms
[336.782s][info][gc,cpu         ] GC(447) User=0.00s Sys=0.00s Real=0.00s
[337.088s][info][gc,start       ] GC(448) Pause Young (Normal) (G1 Evacuation Pause)
[337.088s][info][gc,task        ] GC(448) Using 8 workers of 33 for evacuation
[337.090s][info][gc,phases      ] GC(448)   Pre Evacuate Collection Set: 0.1ms
[337.090s][info][gc,phases      ] GC(448)   Merge Heap Roots: 0.1ms
[337.090s][info][gc,phases      ] GC(448)   Evacuate Collection Set: 1.2ms
[337.090s][info][gc,phases      ] GC(448)   Post Evacuate Collection Set: 0.3ms
[337.090s][info][gc,phases      ] GC(448)   Other: 0.1ms
[337.090s][info][gc,heap        ] GC(448) Eden regions: 35->0(35)
[337.090s][info][gc,heap        ] GC(448) Survivor regions: 1->1(5)
[337.090s][info][gc,heap        ] GC(448) Old regions: 18->18
[337.090s][info][gc,heap        ] GC(448) Archive regions: 0->0
[337.090s][info][gc,heap        ] GC(448) Humongous regions: 0->0
[337.090s][info][gc,metaspace   ] GC(448) Metaspace: 9964K(10304K)->9964K(10304K) NonClass: 8662K(8896K)->8662K(8896K) Class: 1302K(1408K)->1302K(1408K)
[337.090s][info][gc             ] GC(448) Pause Young (Normal) (G1 Evacuation Pause) 75M->5M(120M) 2.319ms
[337.091s][info][gc,cpu         ] GC(448) User=0.00s Sys=0.00s Real=0.00s
[337.401s][info][gc,start       ] GC(449) Pause Young (Normal) (G1 Evacuation Pause)
[337.401s][info][gc,task        ] GC(449) Using 5 workers of 33 for evacuation
[337.403s][info][gc,phases      ] GC(449)   Pre Evacuate Collection Set: 0.1ms
[337.403s][info][gc,phases      ] GC(449)   Merge Heap Roots: 0.1ms
[337.403s][info][gc,phases      ] GC(449)   Evacuate Collection Set: 1.7ms
[337.403s][info][gc,phases      ] GC(449)   Post Evacuate Collection Set: 0.3ms
[337.403s][info][gc,phases      ] GC(449)   Other: 0.1ms
[337.403s][info][gc,heap        ] GC(449) Eden regions: 35->0(35)
[337.403s][info][gc,heap        ] GC(449) Survivor regions: 1->1(5)
[337.403s][info][gc,heap        ] GC(449) Old regions: 18->18
[337.404s][info][gc,heap        ] GC(449) Archive regions: 0->0
[337.404s][info][gc,heap        ] GC(449) Humongous regions: 0->0
[337.404s][info][gc,metaspace   ] GC(449) Metaspace: 9964K(10304K)->9964K(10304K) NonClass: 8662K(8896K)->8662K(8896K) Class: 1302K(1408K)->1302K(1408K)
[337.404s][info][gc             ] GC(449) Pause Young (Normal) (G1 Evacuation Pause) 75M->5M(120M) 2.841ms
[337.404s][info][gc,cpu         ] GC(449) User=0.00s Sys=0.00s Real=0.00s
[337.718s][info][gc,start       ] GC(450) Pause Young (Normal) (G1 Evacuation Pause)
[337.718s][info][gc,task        ] GC(450) Using 3 workers of 33 for evacuation
[337.721s][info][gc,phases      ] GC(450)   Pre Evacuate Collection Set: 0.1ms
[337.721s][info][gc,phases      ] GC(450)   Merge Heap Roots: 0.1ms
[337.721s][info][gc,phases      ] GC(450)   Evacuate Collection Set: 2.4ms
[337.722s][info][gc,phases      ] GC(450)   Post Evacuate Collection Set: 0.3ms
[337.722s][info][gc,phases      ] GC(450)   Other: 0.1ms
[337.722s][info][gc,heap        ] GC(450) Eden regions: 35->0(35)
[337.722s][info][gc,heap        ] GC(450) Survivor regions: 1->1(5)
[337.722s][info][gc,heap        ] GC(450) Old regions: 18->18
[337.722s][info][gc,heap        ] GC(450) Archive regions: 0->0
[337.722s][info][gc,heap        ] GC(450) Humongous regions: 0->0
[337.722s][info][gc,metaspace   ] GC(450) Metaspace: 9964K(10304K)->9964K(10304K) NonClass: 8662K(8896K)->8662K(8896K) Class: 1302K(1408K)->1302K(1408K)
[337.722s][info][gc             ] GC(450) Pause Young (Normal) (G1 Evacuation Pause) 75M->5M(120M) 3.549ms
[337.722s][info][gc,cpu         ] GC(450) User=0.00s Sys=0.00s Real=0.00s
[338.041s][info][gc,start       ] GC(451) Pause Young (Normal) (G1 Evacuation Pause)
[338.041s][info][gc,task        ] GC(451) Using 2 workers of 33 for evacuation
[338.045s][info][gc,phases      ] GC(451)   Pre Evacuate Collection Set: 0.1ms
[338.045s][info][gc,phases      ] GC(451)   Merge Heap Roots: 0.1ms
[338.045s][info][gc,phases      ] GC(451)   Evacuate Collection Set: 3.6ms
[338.045s][info][gc,phases      ] GC(451)   Post Evacuate Collection Set: 0.3ms
[338.045s][info][gc,phases      ] GC(451)   Other: 0.1ms
[338.045s][info][gc,heap        ] GC(451) Eden regions: 35->0(35)
[338.045s][info][gc,heap        ] GC(451) Survivor regions: 1->1(5)
[338.045s][info][gc,heap        ] GC(451) Old regions: 18->18
[338.045s][info][gc,heap        ] GC(451) Archive regions: 0->0
[338.045s][info][gc,heap        ] GC(451) Humongous regions: 0->0
[338.045s][info][gc,metaspace   ] GC(451) Metaspace: 9964K(10304K)->9964K(10304K) NonClass: 8662K(8896K)->8662K(8896K) Class: 1302K(1408K)->1302K(1408K)
[338.045s][info][gc             ] GC(451) Pause Young (Normal) (G1 Evacuation Pause) 75M->5M(120M) 4.777ms
[338.046s][info][gc,cpu         ] GC(451) User=0.03s Sys=0.00s Real=0.02s
[338.364s][info][gc,start       ] GC(452) Pause Young (Normal) (G1 Evacuation Pause)
[338.364s][info][gc,task        ] GC(452) Using 2 workers of 33 for evacuation
[338.369s][info][gc,phases      ] GC(452)   Pre Evacuate Collection Set: 0.1ms
[338.369s][info][gc,phases      ] GC(452)   Merge Heap Roots: 0.1ms
[338.369s][info][gc,phases      ] GC(452)   Evacuate Collection Set: 3.6ms
[338.369s][info][gc,phases      ] GC(452)   Post Evacuate Collection Set: 0.3ms
[338.369s][info][gc,phases      ] GC(452)   Other: 0.1ms
[338.369s][info][gc,heap        ] GC(452) Eden regions: 35->0(35)
[338.369s][info][gc,heap        ] GC(452) Survivor regions: 1->1(5)
[338.369s][info][gc,heap        ] GC(452) Old regions: 18->18
[338.369s][info][gc,heap        ] GC(452) Archive regions: 0->0
[338.369s][info][gc,heap        ] GC(452) Humongous regions: 0->0
[338.369s][info][gc,metaspace   ] GC(452) Metaspace: 9964K(10304K)->9964K(10304K) NonClass: 8662K(8896K)->8662K(8896K) Class: 1302K(1408K)->1302K(1408K)
[338.369s][info][gc             ] GC(452) Pause Young (Normal) (G1 Evacuation Pause) 75M->5M(120M) 4.738ms
[338.369s][info][gc,cpu         ] GC(452) User=0.00s Sys=0.00s Real=0.00s
[338.684s][info][gc,start       ] GC(453) Pause Young (Normal) (G1 Evacuation Pause)
[338.685s][info][gc,task        ] GC(453) Using 2 workers of 33 for evacuation
[338.689s][info][gc,phases      ] GC(453)   Pre Evacuate Collection Set: 0.1ms
[338.689s][info][gc,phases      ] GC(453)   Merge Heap Roots: 0.1ms
[338.689s][info][gc,phases      ] GC(453)   Evacuate Collection Set: 3.5ms
[338.689s][info][gc,phases      ] GC(453)   Post Evacuate Collection Set: 0.3ms
[338.689s][info][gc,phases      ] GC(453)   Other: 0.1ms
[338.689s][info][gc,heap        ] GC(453) Eden regions: 35->0(35)
[338.689s][info][gc,heap        ] GC(453) Survivor regions: 1->1(5)
[338.689s][info][gc,heap        ] GC(453) Old regions: 18->18
[338.689s][info][gc,heap        ] GC(453) Archive regions: 0->0
[338.689s][info][gc,heap        ] GC(453) Humongous regions: 0->0
[338.689s][info][gc,metaspace   ] GC(453) Metaspace: 9964K(10304K)->9964K(10304K) NonClass: 8662K(8896K)->8662K(8896K) Class: 1302K(1408K)->1302K(1408K)
[338.689s][info][gc             ] GC(453) Pause Young (Normal) (G1 Evacuation Pause) 75M->5M(120M) 4.620ms
[338.689s][info][gc,cpu         ] GC(453) User=0.02s Sys=0.00s Real=0.02s
[338.999s][info][gc,start       ] GC(454) Pause Young (Normal) (G1 Evacuation Pause)
[338.999s][info][gc,task        ] GC(454) Using 2 workers of 33 for evacuation
[339.011s][info][gc,phases      ] GC(454)   Pre Evacuate Collection Set: 0.1ms
[339.011s][info][gc,phases      ] GC(454)   Merge Heap Roots: 0.1ms
[339.011s][info][gc,phases      ] GC(454)   Evacuate Collection Set: 3.6ms
[339.011s][info][gc,phases      ] GC(454)   Post Evacuate Collection Set: 8.2ms
[339.011s][info][gc,phases      ] GC(454)   Other: 0.1ms
[339.011s][info][gc,heap        ] GC(454) Eden regions: 35->0(324)
[339.011s][info][gc,heap        ] GC(454) Survivor regions: 1->1(5)
[339.011s][info][gc,heap        ] GC(454) Old regions: 18->18
[339.011s][info][gc,heap        ] GC(454) Archive regions: 0->0
[339.011s][info][gc,heap        ] GC(454) Humongous regions: 0->0
[339.011s][info][gc,metaspace   ] GC(454) Metaspace: 9964K(10304K)->9964K(10304K) NonClass: 8662K(8896K)->8662K(8896K) Class: 1302K(1408K)->1302K(1408K)
[339.011s][info][gc             ] GC(454) Pause Young (Normal) (G1 Evacuation Pause) 75M->5M(1084M) 12.735ms
[339.011s][info][gc,cpu         ] GC(454) User=0.00s Sys=0.02s Real=0.02s
[342.115s][info][gc,start       ] GC(455) Pause Young (Normal) (G1 Evacuation Pause)
[342.116s][info][gc,task        ] GC(455) Using 26 workers of 33 for evacuation
[342.119s][info][gc,phases      ] GC(455)   Pre Evacuate Collection Set: 0.2ms
[342.119s][info][gc,phases      ] GC(455)   Merge Heap Roots: 0.3ms
[342.119s][info][gc,phases      ] GC(455)   Evacuate Collection Set: 1.7ms
[342.119s][info][gc,phases      ] GC(455)   Post Evacuate Collection Set: 0.7ms
[342.119s][info][gc,phases      ] GC(455)   Other: 0.2ms
[342.119s][info][gc,heap        ] GC(455) Eden regions: 324->0(324)
[342.119s][info][gc,heap        ] GC(455) Survivor regions: 1->1(41)
[342.119s][info][gc,heap        ] GC(455) Old regions: 18->18
[342.119s][info][gc,heap        ] GC(455) Archive regions: 0->0
[342.119s][info][gc,heap        ] GC(455) Humongous regions: 0->0
[342.119s][info][gc,metaspace   ] GC(455) Metaspace: 9964K(10304K)->9964K(10304K) NonClass: 8662K(8896K)->8662K(8896K) Class: 1302K(1408K)->1302K(1408K)
[342.119s][info][gc             ] GC(455) Pause Young (Normal) (G1 Evacuation Pause) 653M->5M(1084M) 3.570ms
[342.119s][info][gc,cpu         ] GC(455) User=0.00s Sys=0.00s Real=0.00s
[343.856s][info][gc,start       ] GC(456) Pause Full (System.gc())
[343.856s][info][gc,task        ] GC(456) Using 26 workers of 33 for full compaction
[343.857s][info][gc,phases,start] GC(456) Phase 1: Mark live objects
[343.863s][info][gc,phases      ] GC(456) Phase 1: Mark live objects 6.292ms
[343.864s][info][gc,phases,start] GC(456) Phase 2: Prepare compaction
[343.870s][info][gc,phases      ] GC(456) Phase 2: Prepare compaction 6.120ms
[343.870s][info][gc,phases,start] GC(456) Phase 3: Adjust pointers
[343.873s][info][gc,phases      ] GC(456) Phase 3: Adjust pointers 3.329ms
[343.873s][info][gc,phases,start] GC(456) Phase 4: Compact heap
[343.874s][info][gc,phases      ] GC(456) Phase 4: Compact heap 0.588ms
[343.882s][info][gc,heap        ] GC(456) Eden regions: 193->0(36)
[343.882s][info][gc,heap        ] GC(456) Survivor regions: 1->0(41)
[343.882s][info][gc,heap        ] GC(456) Old regions: 18->18
[343.882s][info][gc,heap        ] GC(456) Archive regions: 0->0
[343.882s][info][gc,heap        ] GC(456) Humongous regions: 0->0
[343.882s][info][gc,metaspace   ] GC(456) Metaspace: 9964K(10304K)->9964K(10304K) NonClass: 8662K(8896K)->8662K(8896K) Class: 1302K(1408K)->1302K(1408K)
[343.882s][info][gc             ] GC(456) Pause Full (System.gc()) 389M->3M(120M) 25.822ms
[343.882s][info][gc,cpu         ] GC(456) User=0.41s Sys=0.00s Real=0.02s
[344.185s][info][gc,start       ] GC(457) Pause Young (Normal) (G1 Evacuation Pause)
[344.185s][info][gc,task        ] GC(457) Using 14 workers of 33 for evacuation
[344.187s][info][gc,phases      ] GC(457)   Pre Evacuate Collection Set: 0.1ms
[344.187s][info][gc,phases      ] GC(457)   Merge Heap Roots: 0.1ms
[344.187s][info][gc,phases      ] GC(457)   Evacuate Collection Set: 0.8ms
[344.187s][info][gc,phases      ] GC(457)   Post Evacuate Collection Set: 0.3ms
[344.187s][info][gc,phases      ] GC(457)   Other: 0.1ms
[344.187s][info][gc,heap        ] GC(457) Eden regions: 36->0(35)
[344.187s][info][gc,heap        ] GC(457) Survivor regions: 0->1(5)
[344.187s][info][gc,heap        ] GC(457) Old regions: 18->18
[344.187s][info][gc,heap        ] GC(457) Archive regions: 0->0
[344.187s][info][gc,heap        ] GC(457) Humongous regions: 0->0
[344.187s][info][gc,metaspace   ] GC(457) Metaspace: 9964K(10304K)->9964K(10304K) NonClass: 8662K(8896K)->8662K(8896K) Class: 1302K(1408K)->1302K(1408K)
[344.187s][info][gc             ] GC(457) Pause Young (Normal) (G1 Evacuation Pause) 75M->5M(120M) 1.937ms
[344.187s][info][gc,cpu         ] GC(457) User=0.00s Sys=0.00s Real=0.00s
[344.488s][info][gc,start       ] GC(458) Pause Young (Normal) (G1 Evacuation Pause)
[344.488s][info][gc,task        ] GC(458) Using 8 workers of 33 for evacuation
[344.490s][info][gc,phases      ] GC(458)   Pre Evacuate Collection Set: 0.1ms
[344.490s][info][gc,phases      ] GC(458)   Merge Heap Roots: 0.1ms
[344.490s][info][gc,phases      ] GC(458)   Evacuate Collection Set: 1.1ms
[344.490s][info][gc,phases      ] GC(458)   Post Evacuate Collection Set: 0.3ms
[344.490s][info][gc,phases      ] GC(458)   Other: 0.1ms
[344.490s][info][gc,heap        ] GC(458) Eden regions: 35->0(35)
[344.490s][info][gc,heap        ] GC(458) Survivor regions: 1->1(5)
[344.490s][info][gc,heap        ] GC(458) Old regions: 18->18
[344.490s][info][gc,heap        ] GC(458) Archive regions: 0->0
[344.490s][info][gc,heap        ] GC(458) Humongous regions: 0->0
[344.490s][info][gc,metaspace   ] GC(458) Metaspace: 9964K(10304K)->9964K(10304K) NonClass: 8662K(8896K)->8662K(8896K) Class: 1302K(1408K)->1302K(1408K)
[344.491s][info][gc             ] GC(458) Pause Young (Normal) (G1 Evacuation Pause) 75M->5M(120M) 2.288ms
[344.491s][info][gc,cpu         ] GC(458) User=0.00s Sys=0.00s Real=0.00s
[344.801s][info][gc,start       ] GC(459) Pause Young (Normal) (G1 Evacuation Pause)
[344.802s][info][gc,task        ] GC(459) Using 5 workers of 33 for evacuation
[344.804s][info][gc,phases      ] GC(459)   Pre Evacuate Collection Set: 0.1ms
[344.804s][info][gc,phases      ] GC(459)   Merge Heap Roots: 0.1ms
[344.804s][info][gc,phases      ] GC(459)   Evacuate Collection Set: 1.7ms
[344.804s][info][gc,phases      ] GC(459)   Post Evacuate Collection Set: 0.3ms
[344.804s][info][gc,phases      ] GC(459)   Other: 0.1ms
[344.804s][info][gc,heap        ] GC(459) Eden regions: 35->0(35)
[344.804s][info][gc,heap        ] GC(459) Survivor regions: 1->1(5)
[344.804s][info][gc,heap        ] GC(459) Old regions: 18->18
[344.804s][info][gc,heap        ] GC(459) Archive regions: 0->0
[344.804s][info][gc,heap        ] GC(459) Humongous regions: 0->0
[344.804s][info][gc,metaspace   ] GC(459) Metaspace: 9964K(10304K)->9964K(10304K) NonClass: 8662K(8896K)->8662K(8896K) Class: 1302K(1408K)->1302K(1408K)
[344.804s][info][gc             ] GC(459) Pause Young (Normal) (G1 Evacuation Pause) 75M->5M(120M) 2.820ms
[344.804s][info][gc,cpu         ] GC(459) User=0.00s Sys=0.00s Real=0.00s
[345.131s][info][gc,start       ] GC(460) Pause Young (Normal) (G1 Evacuation Pause)
[345.131s][info][gc,task        ] GC(460) Using 3 workers of 33 for evacuation
[345.134s][info][gc,phases      ] GC(460)   Pre Evacuate Collection Set: 0.1ms
[345.134s][info][gc,phases      ] GC(460)   Merge Heap Roots: 0.1ms
[345.134s][info][gc,phases      ] GC(460)   Evacuate Collection Set: 2.4ms
[345.134s][info][gc,phases      ] GC(460)   Post Evacuate Collection Set: 0.3ms
[345.134s][info][gc,phases      ] GC(460)   Other: 0.1ms
[345.134s][info][gc,heap        ] GC(460) Eden regions: 35->0(35)
[345.135s][info][gc,heap        ] GC(460) Survivor regions: 1->1(5)
[345.135s][info][gc,heap        ] GC(460) Old regions: 18->18
[345.135s][info][gc,heap        ] GC(460) Archive regions: 0->0
[345.135s][info][gc,heap        ] GC(460) Humongous regions: 0->0
[345.135s][info][gc,metaspace   ] GC(460) Metaspace: 9964K(10304K)->9964K(10304K) NonClass: 8662K(8896K)->8662K(8896K) Class: 1302K(1408K)->1302K(1408K)
[345.135s][info][gc             ] GC(460) Pause Young (Normal) (G1 Evacuation Pause) 75M->5M(120M) 3.566ms
[345.135s][info][gc,cpu         ] GC(460) User=0.00s Sys=0.00s Real=0.00s
[345.449s][info][gc,start       ] GC(461) Pause Young (Normal) (G1 Evacuation Pause)
[345.449s][info][gc,task        ] GC(461) Using 2 workers of 33 for evacuation
[345.453s][info][gc,phases      ] GC(461)   Pre Evacuate Collection Set: 0.1ms
[345.453s][info][gc,phases      ] GC(461)   Merge Heap Roots: 0.1ms
[345.453s][info][gc,phases      ] GC(461)   Evacuate Collection Set: 3.3ms
[345.453s][info][gc,phases      ] GC(461)   Post Evacuate Collection Set: 0.3ms
[345.453s][info][gc,phases      ] GC(461)   Other: 0.1ms
[345.453s][info][gc,heap        ] GC(461) Eden regions: 35->0(35)
[345.453s][info][gc,heap        ] GC(461) Survivor regions: 1->1(5)
[345.453s][info][gc,heap        ] GC(461) Old regions: 18->18
[345.453s][info][gc,heap        ] GC(461) Archive regions: 0->0
[345.453s][info][gc,heap        ] GC(461) Humongous regions: 0->0
[345.453s][info][gc,metaspace   ] GC(461) Metaspace: 9964K(10304K)->9964K(10304K) NonClass: 8662K(8896K)->8662K(8896K) Class: 1302K(1408K)->1302K(1408K)
[345.453s][info][gc             ] GC(461) Pause Young (Normal) (G1 Evacuation Pause) 75M->5M(120M) 4.501ms
[345.453s][info][gc,cpu         ] GC(461) User=0.00s Sys=0.00s Real=0.00s
[345.758s][info][gc,start       ] GC(462) Pause Young (Normal) (G1 Evacuation Pause)
[345.758s][info][gc,task        ] GC(462) Using 2 workers of 33 for evacuation
[345.762s][info][gc,phases      ] GC(462)   Pre Evacuate Collection Set: 0.1ms
[345.762s][info][gc,phases      ] GC(462)   Merge Heap Roots: 0.1ms
[345.762s][info][gc,phases      ] GC(462)   Evacuate Collection Set: 3.2ms
[345.762s][info][gc,phases      ] GC(462)   Post Evacuate Collection Set: 0.3ms
[345.762s][info][gc,phases      ] GC(462)   Other: 0.1ms
[345.762s][info][gc,heap        ] GC(462) Eden regions: 35->0(35)
[345.762s][info][gc,heap        ] GC(462) Survivor regions: 1->1(5)
[345.762s][info][gc,heap        ] GC(462) Old regions: 18->18
[345.762s][info][gc,heap        ] GC(462) Archive regions: 0->0
[345.762s][info][gc,heap        ] GC(462) Humongous regions: 0->0
[345.762s][info][gc,metaspace   ] GC(462) Metaspace: 9964K(10304K)->9964K(10304K) NonClass: 8662K(8896K)->8662K(8896K) Class: 1302K(1408K)->1302K(1408K)
[345.762s][info][gc             ] GC(462) Pause Young (Normal) (G1 Evacuation Pause) 75M->5M(120M) 4.416ms
[345.762s][info][gc,cpu         ] GC(462) User=0.03s Sys=0.00s Real=0.02s
[346.072s][info][gc,start       ] GC(463) Pause Young (Normal) (G1 Evacuation Pause)
[346.073s][info][gc,task        ] GC(463) Using 2 workers of 33 for evacuation
[346.077s][info][gc,phases      ] GC(463)   Pre Evacuate Collection Set: 0.1ms
[346.077s][info][gc,phases      ] GC(463)   Merge Heap Roots: 0.1ms
[346.077s][info][gc,phases      ] GC(463)   Evacuate Collection Set: 3.4ms
[346.077s][info][gc,phases      ] GC(463)   Post Evacuate Collection Set: 0.3ms
[346.077s][info][gc,phases      ] GC(463)   Other: 0.1ms
[346.077s][info][gc,heap        ] GC(463) Eden regions: 35->0(35)
[346.077s][info][gc,heap        ] GC(463) Survivor regions: 1->1(5)
[346.077s][info][gc,heap        ] GC(463) Old regions: 18->18
[346.077s][info][gc,heap        ] GC(463) Archive regions: 0->0
[346.077s][info][gc,heap        ] GC(463) Humongous regions: 0->0
[346.077s][info][gc,metaspace   ] GC(463) Metaspace: 9964K(10304K)->9964K(10304K) NonClass: 8662K(8896K)->8662K(8896K) Class: 1302K(1408K)->1302K(1408K)
[346.077s][info][gc             ] GC(463) Pause Young (Normal) (G1 Evacuation Pause) 75M->5M(120M) 4.502ms
[346.077s][info][gc,cpu         ] GC(463) User=0.02s Sys=0.00s Real=0.02s
[346.387s][info][gc,start       ] GC(464) Pause Young (Normal) (G1 Evacuation Pause)
[346.387s][info][gc,task        ] GC(464) Using 2 workers of 33 for evacuation
[346.399s][info][gc,phases      ] GC(464)   Pre Evacuate Collection Set: 0.1ms
[346.399s][info][gc,phases      ] GC(464)   Merge Heap Roots: 0.1ms
[346.399s][info][gc,phases      ] GC(464)   Evacuate Collection Set: 3.4ms
[346.399s][info][gc,phases      ] GC(464)   Post Evacuate Collection Set: 8.2ms
[346.399s][info][gc,phases      ] GC(464)   Other: 0.1ms
[346.399s][info][gc,heap        ] GC(464) Eden regions: 35->0(324)
[346.399s][info][gc,heap        ] GC(464) Survivor regions: 1->1(5)
[346.400s][info][gc,heap        ] GC(464) Old regions: 18->18
[346.400s][info][gc,heap        ] GC(464) Archive regions: 0->0
[346.400s][info][gc,heap        ] GC(464) Humongous regions: 0->0
[346.400s][info][gc,metaspace   ] GC(464) Metaspace: 9964K(10304K)->9964K(10304K) NonClass: 8662K(8896K)->8662K(8896K) Class: 1302K(1408K)->1302K(1408K)
[346.400s][info][gc             ] GC(464) Pause Young (Normal) (G1 Evacuation Pause) 75M->5M(1084M) 12.420ms
[346.400s][info][gc,cpu         ] GC(464) User=0.00s Sys=0.00s Real=0.00s
[349.509s][info][gc,start       ] GC(465) Pause Young (Normal) (G1 Evacuation Pause)
[349.510s][info][gc,task        ] GC(465) Using 26 workers of 33 for evacuation
[349.513s][info][gc,phases      ] GC(465)   Pre Evacuate Collection Set: 0.2ms
[349.513s][info][gc,phases      ] GC(465)   Merge Heap Roots: 0.3ms
[349.513s][info][gc,phases      ] GC(465)   Evacuate Collection Set: 1.8ms
[349.513s][info][gc,phases      ] GC(465)   Post Evacuate Collection Set: 0.7ms
[349.513s][info][gc,phases      ] GC(465)   Other: 0.2ms
[349.513s][info][gc,heap        ] GC(465) Eden regions: 324->0(324)
[349.513s][info][gc,heap        ] GC(465) Survivor regions: 1->1(41)
[349.513s][info][gc,heap        ] GC(465) Old regions: 18->18
[349.513s][info][gc,heap        ] GC(465) Archive regions: 0->0
[349.513s][info][gc,heap        ] GC(465) Humongous regions: 0->0
[349.513s][info][gc,metaspace   ] GC(465) Metaspace: 9964K(10304K)->9964K(10304K) NonClass: 8662K(8896K)->8662K(8896K) Class: 1302K(1408K)->1302K(1408K)
[349.513s][info][gc             ] GC(465) Pause Young (Normal) (G1 Evacuation Pause) 653M->5M(1084M) 3.763ms
[349.513s][info][gc,cpu         ] GC(465) User=0.00s Sys=0.00s Real=0.00s
[351.246s][info][gc,start       ] GC(466) Pause Full (System.gc())
[351.246s][info][gc,task        ] GC(466) Using 26 workers of 33 for full compaction
[351.247s][info][gc,phases,start] GC(466) Phase 1: Mark live objects
[351.253s][info][gc,phases      ] GC(466) Phase 1: Mark live objects 6.164ms
[351.253s][info][gc,phases,start] GC(466) Phase 2: Prepare compaction
[351.260s][info][gc,phases      ] GC(466) Phase 2: Prepare compaction 6.398ms
[351.260s][info][gc,phases,start] GC(466) Phase 3: Adjust pointers
[351.264s][info][gc,phases      ] GC(466) Phase 3: Adjust pointers 3.807ms
[351.264s][info][gc,phases,start] GC(466) Phase 4: Compact heap
[351.265s][info][gc,phases      ] GC(466) Phase 4: Compact heap 0.775ms
[351.274s][info][gc,heap        ] GC(466) Eden regions: 197->0(36)
[351.274s][info][gc,heap        ] GC(466) Survivor regions: 1->0(41)
[351.274s][info][gc,heap        ] GC(466) Old regions: 18->18
[351.274s][info][gc,heap        ] GC(466) Archive regions: 0->0
[351.274s][info][gc,heap        ] GC(466) Humongous regions: 0->0
[351.274s][info][gc,metaspace   ] GC(466) Metaspace: 9964K(10304K)->9964K(10304K) NonClass: 8662K(8896K)->8662K(8896K) Class: 1302K(1408K)->1302K(1408K)
[351.274s][info][gc             ] GC(466) Pause Full (System.gc()) 397M->3M(120M) 28.128ms
[351.274s][info][gc,cpu         ] GC(466) User=0.41s Sys=0.27s Real=0.03s
[351.581s][info][gc,start       ] GC(467) Pause Young (Normal) (G1 Evacuation Pause)
[351.581s][info][gc,task        ] GC(467) Using 14 workers of 33 for evacuation
[351.582s][info][gc,phases      ] GC(467)   Pre Evacuate Collection Set: 0.1ms
[351.582s][info][gc,phases      ] GC(467)   Merge Heap Roots: 0.1ms
[351.582s][info][gc,phases      ] GC(467)   Evacuate Collection Set: 0.8ms
[351.582s][info][gc,phases      ] GC(467)   Post Evacuate Collection Set: 0.3ms
[351.582s][info][gc,phases      ] GC(467)   Other: 0.1ms
[351.582s][info][gc,heap        ] GC(467) Eden regions: 36->0(35)
[351.582s][info][gc,heap        ] GC(467) Survivor regions: 0->1(5)
[351.582s][info][gc,heap        ] GC(467) Old regions: 18->18
[351.582s][info][gc,heap        ] GC(467) Archive regions: 0->0
[351.582s][info][gc,heap        ] GC(467) Humongous regions: 0->0
[351.582s][info][gc,metaspace   ] GC(467) Metaspace: 9979K(10304K)->9979K(10304K) NonClass: 8677K(8896K)->8677K(8896K) Class: 1302K(1408K)->1302K(1408K)
[351.583s][info][gc             ] GC(467) Pause Young (Normal) (G1 Evacuation Pause) 75M->5M(120M) 1.944ms
[351.583s][info][gc,cpu         ] GC(467) User=0.00s Sys=0.00s Real=0.00s
[351.883s][info][gc,start       ] GC(468) Pause Young (Normal) (G1 Evacuation Pause)
[351.883s][info][gc,task        ] GC(468) Using 8 workers of 33 for evacuation
[351.885s][info][gc,phases      ] GC(468)   Pre Evacuate Collection Set: 0.1ms
[351.885s][info][gc,phases      ] GC(468)   Merge Heap Roots: 0.1ms
[351.885s][info][gc,phases      ] GC(468)   Evacuate Collection Set: 1.2ms
[351.885s][info][gc,phases      ] GC(468)   Post Evacuate Collection Set: 0.3ms
[351.885s][info][gc,phases      ] GC(468)   Other: 0.1ms
[351.885s][info][gc,heap        ] GC(468) Eden regions: 35->0(35)
[351.885s][info][gc,heap        ] GC(468) Survivor regions: 1->1(5)
[351.885s][info][gc,heap        ] GC(468) Old regions: 18->18
[351.885s][info][gc,heap        ] GC(468) Archive regions: 0->0
[351.885s][info][gc,heap        ] GC(468) Humongous regions: 0->0
[351.886s][info][gc,metaspace   ] GC(468) Metaspace: 9979K(10304K)->9979K(10304K) NonClass: 8677K(8896K)->8677K(8896K) Class: 1302K(1408K)->1302K(1408K)
[351.886s][info][gc             ] GC(468) Pause Young (Normal) (G1 Evacuation Pause) 75M->5M(120M) 2.430ms
[351.886s][info][gc,cpu         ] GC(468) User=0.13s Sys=0.00s Real=0.02s
[352.203s][info][gc,start       ] GC(469) Pause Young (Normal) (G1 Evacuation Pause)
[352.203s][info][gc,task        ] GC(469) Using 5 workers of 33 for evacuation
[352.205s][info][gc,phases      ] GC(469)   Pre Evacuate Collection Set: 0.1ms
[352.205s][info][gc,phases      ] GC(469)   Merge Heap Roots: 0.1ms
[352.205s][info][gc,phases      ] GC(469)   Evacuate Collection Set: 1.6ms
[352.205s][info][gc,phases      ] GC(469)   Post Evacuate Collection Set: 0.3ms
[352.205s][info][gc,phases      ] GC(469)   Other: 0.1ms
[352.205s][info][gc,heap        ] GC(469) Eden regions: 35->0(35)
[352.205s][info][gc,heap        ] GC(469) Survivor regions: 1->1(5)
[352.205s][info][gc,heap        ] GC(469) Old regions: 18->18
[352.205s][info][gc,heap        ] GC(469) Archive regions: 0->0
[352.205s][info][gc,heap        ] GC(469) Humongous regions: 0->0
[352.206s][info][gc,metaspace   ] GC(469) Metaspace: 9979K(10304K)->9979K(10304K) NonClass: 8677K(8896K)->8677K(8896K) Class: 1302K(1408K)->1302K(1408K)
[352.206s][info][gc             ] GC(469) Pause Young (Normal) (G1 Evacuation Pause) 75M->5M(120M) 2.802ms
[352.206s][info][gc,cpu         ] GC(469) User=0.00s Sys=0.00s Real=0.00s
[352.530s][info][gc,start       ] GC(470) Pause Young (Normal) (G1 Evacuation Pause)
[352.530s][info][gc,task        ] GC(470) Using 3 workers of 33 for evacuation
[352.533s][info][gc,phases      ] GC(470)   Pre Evacuate Collection Set: 0.1ms
[352.533s][info][gc,phases      ] GC(470)   Merge Heap Roots: 0.1ms
[352.533s][info][gc,phases      ] GC(470)   Evacuate Collection Set: 2.5ms
[352.533s][info][gc,phases      ] GC(470)   Post Evacuate Collection Set: 0.3ms
[352.533s][info][gc,phases      ] GC(470)   Other: 0.1ms
[352.533s][info][gc,heap        ] GC(470) Eden regions: 35->0(35)
[352.533s][info][gc,heap        ] GC(470) Survivor regions: 1->1(5)
[352.533s][info][gc,heap        ] GC(470) Old regions: 18->18
[352.533s][info][gc,heap        ] GC(470) Archive regions: 0->0
[352.533s][info][gc,heap        ] GC(470) Humongous regions: 0->0
[352.533s][info][gc,metaspace   ] GC(470) Metaspace: 9979K(10304K)->9979K(10304K) NonClass: 8677K(8896K)->8677K(8896K) Class: 1302K(1408K)->1302K(1408K)
[352.533s][info][gc             ] GC(470) Pause Young (Normal) (G1 Evacuation Pause) 75M->5M(120M) 3.686ms
[352.533s][info][gc,cpu         ] GC(470) User=0.05s Sys=0.00s Real=0.02s
[352.855s][info][gc,start       ] GC(471) Pause Young (Normal) (G1 Evacuation Pause)
[352.855s][info][gc,task        ] GC(471) Using 2 workers of 33 for evacuation
[352.859s][info][gc,phases      ] GC(471)   Pre Evacuate Collection Set: 0.1ms
[352.874s][info][gc,phases      ] GC(471)   Merge Heap Roots: 0.1ms
[352.874s][info][gc,phases      ] GC(471)   Evacuate Collection Set: 3.8ms
[352.874s][info][gc,phases      ] GC(471)   Post Evacuate Collection Set: 0.3ms
[352.874s][info][gc,phases      ] GC(471)   Other: 0.1ms
[352.874s][info][gc,heap        ] GC(471) Eden regions: 35->0(35)
[352.874s][info][gc,heap        ] GC(471) Survivor regions: 1->1(5)
[352.874s][info][gc,heap        ] GC(471) Old regions: 18->18
[352.874s][info][gc,heap        ] GC(471) Archive regions: 0->0
[352.874s][info][gc,heap        ] GC(471) Humongous regions: 0->0
[352.874s][info][gc,metaspace   ] GC(471) Metaspace: 9979K(10304K)->9979K(10304K) NonClass: 8677K(8896K)->8677K(8896K) Class: 1302K(1408K)->1302K(1408K)
[352.874s][info][gc             ] GC(471) Pause Young (Normal) (G1 Evacuation Pause) 75M->5M(120M) 19.340ms
[352.874s][info][gc,cpu         ] GC(471) User=0.03s Sys=0.00s Real=0.02s
[353.192s][info][gc,start       ] GC(472) Pause Young (Normal) (G1 Evacuation Pause)
[353.193s][info][gc,task        ] GC(472) Using 2 workers of 33 for evacuation
[353.197s][info][gc,phases      ] GC(472)   Pre Evacuate Collection Set: 0.1ms
[353.197s][info][gc,phases      ] GC(472)   Merge Heap Roots: 0.1ms
[353.197s][info][gc,phases      ] GC(472)   Evacuate Collection Set: 3.5ms
[353.197s][info][gc,phases      ] GC(472)   Post Evacuate Collection Set: 0.3ms
[353.197s][info][gc,phases      ] GC(472)   Other: 0.1ms
[353.197s][info][gc,heap        ] GC(472) Eden regions: 35->0(35)
[353.197s][info][gc,heap        ] GC(472) Survivor regions: 1->1(5)
[353.197s][info][gc,heap        ] GC(472) Old regions: 18->18
[353.197s][info][gc,heap        ] GC(472) Archive regions: 0->0
[353.197s][info][gc,heap        ] GC(472) Humongous regions: 0->0
[353.197s][info][gc,metaspace   ] GC(472) Metaspace: 9979K(10304K)->9979K(10304K) NonClass: 8677K(8896K)->8677K(8896K) Class: 1302K(1408K)->1302K(1408K)
[353.197s][info][gc             ] GC(472) Pause Young (Normal) (G1 Evacuation Pause) 75M->5M(120M) 4.625ms
[353.197s][info][gc,cpu         ] GC(472) User=0.03s Sys=0.00s Real=0.01s
[353.518s][info][gc,start       ] GC(473) Pause Young (Normal) (G1 Evacuation Pause)
[353.518s][info][gc,task        ] GC(473) Using 2 workers of 33 for evacuation
[353.523s][info][gc,phases      ] GC(473)   Pre Evacuate Collection Set: 0.1ms
[353.523s][info][gc,phases      ] GC(473)   Merge Heap Roots: 0.1ms
[353.523s][info][gc,phases      ] GC(473)   Evacuate Collection Set: 3.7ms
[353.523s][info][gc,phases      ] GC(473)   Post Evacuate Collection Set: 0.3ms
[353.523s][info][gc,phases      ] GC(473)   Other: 0.1ms
[353.523s][info][gc,heap        ] GC(473) Eden regions: 35->0(35)
[353.523s][info][gc,heap        ] GC(473) Survivor regions: 1->1(5)
[353.523s][info][gc,heap        ] GC(473) Old regions: 18->18
[353.523s][info][gc,heap        ] GC(473) Archive regions: 0->0
[353.523s][info][gc,heap        ] GC(473) Humongous regions: 0->0
[353.523s][info][gc,metaspace   ] GC(473) Metaspace: 9979K(10304K)->9979K(10304K) NonClass: 8677K(8896K)->8677K(8896K) Class: 1302K(1408K)->1302K(1408K)
[353.523s][info][gc             ] GC(473) Pause Young (Normal) (G1 Evacuation Pause) 75M->5M(120M) 4.902ms
[353.523s][info][gc,cpu         ] GC(473) User=0.03s Sys=0.00s Real=0.02s
[353.844s][info][gc,start       ] GC(474) Pause Young (Normal) (G1 Evacuation Pause)
[353.844s][info][gc,task        ] GC(474) Using 2 workers of 33 for evacuation
[353.857s][info][gc,phases      ] GC(474)   Pre Evacuate Collection Set: 0.1ms
[353.857s][info][gc,phases      ] GC(474)   Merge Heap Roots: 0.1ms
[353.857s][info][gc,phases      ] GC(474)   Evacuate Collection Set: 3.8ms
[353.857s][info][gc,phases      ] GC(474)   Post Evacuate Collection Set: 8.2ms
[353.857s][info][gc,phases      ] GC(474)   Other: 0.1ms
[353.857s][info][gc,heap        ] GC(474) Eden regions: 35->0(324)
[353.857s][info][gc,heap        ] GC(474) Survivor regions: 1->1(5)
[353.857s][info][gc,heap        ] GC(474) Old regions: 18->18
[353.857s][info][gc,heap        ] GC(474) Archive regions: 0->0
[353.857s][info][gc,heap        ] GC(474) Humongous regions: 0->0
[353.857s][info][gc,metaspace   ] GC(474) Metaspace: 9979K(10304K)->9979K(10304K) NonClass: 8677K(8896K)->8677K(8896K) Class: 1302K(1408K)->1302K(1408K)
[353.857s][info][gc             ] GC(474) Pause Young (Normal) (G1 Evacuation Pause) 75M->5M(1084M) 12.891ms
[353.857s][info][gc,cpu         ] GC(474) User=0.00s Sys=0.02s Real=0.02s
[356.966s][info][gc,start       ] GC(475) Pause Young (Normal) (G1 Evacuation Pause)
[356.966s][info][gc,task        ] GC(475) Using 26 workers of 33 for evacuation
[356.969s][info][gc,phases      ] GC(475)   Pre Evacuate Collection Set: 0.2ms
[356.969s][info][gc,phases      ] GC(475)   Merge Heap Roots: 0.2ms
[356.969s][info][gc,phases      ] GC(475)   Evacuate Collection Set: 1.8ms
[356.969s][info][gc,phases      ] GC(475)   Post Evacuate Collection Set: 0.7ms
[356.969s][info][gc,phases      ] GC(475)   Other: 0.2ms
[356.969s][info][gc,heap        ] GC(475) Eden regions: 324->0(324)
[356.969s][info][gc,heap        ] GC(475) Survivor regions: 1->1(41)
[356.969s][info][gc,heap        ] GC(475) Old regions: 18->18
[356.969s][info][gc,heap        ] GC(475) Archive regions: 0->0
[356.969s][info][gc,heap        ] GC(475) Humongous regions: 0->0
[356.969s][info][gc,metaspace   ] GC(475) Metaspace: 9979K(10304K)->9979K(10304K) NonClass: 8677K(8896K)->8677K(8896K) Class: 1302K(1408K)->1302K(1408K)
[356.969s][info][gc             ] GC(475) Pause Young (Normal) (G1 Evacuation Pause) 653M->5M(1084M) 3.703ms
[356.970s][info][gc,cpu         ] GC(475) User=0.00s Sys=0.00s Real=0.00s
[358.733s][info][gc,start       ] GC(476) Pause Full (System.gc())
[358.734s][info][gc,task        ] GC(476) Using 26 workers of 33 for full compaction
[358.735s][info][gc,phases,start] GC(476) Phase 1: Mark live objects
[358.741s][info][gc,phases      ] GC(476) Phase 1: Mark live objects 6.376ms
[358.741s][info][gc,phases,start] GC(476) Phase 2: Prepare compaction
[358.747s][info][gc,phases      ] GC(476) Phase 2: Prepare compaction 6.109ms
[358.747s][info][gc,phases,start] GC(476) Phase 3: Adjust pointers
[358.750s][info][gc,phases      ] GC(476) Phase 3: Adjust pointers 3.158ms
[358.750s][info][gc,phases,start] GC(476) Phase 4: Compact heap
[358.751s][info][gc,phases      ] GC(476) Phase 4: Compact heap 0.541ms
[358.760s][info][gc,heap        ] GC(476) Eden regions: 196->0(36)
[358.760s][info][gc,heap        ] GC(476) Survivor regions: 1->0(41)
[358.760s][info][gc,heap        ] GC(476) Old regions: 18->18
[358.760s][info][gc,heap        ] GC(476) Archive regions: 0->0
[358.760s][info][gc,heap        ] GC(476) Humongous regions: 0->0
[358.760s][info][gc,metaspace   ] GC(476) Metaspace: 9979K(10304K)->9979K(10304K) NonClass: 8677K(8896K)->8677K(8896K) Class: 1302K(1408K)->1302K(1408K)
[358.760s][info][gc             ] GC(476) Pause Full (System.gc()) 395M->3M(120M) 27.027ms
[358.760s][info][gc,cpu         ] GC(476) User=0.50s Sys=0.17s Real=0.03s
[359.053s][info][gc,start       ] GC(477) Pause Young (Normal) (G1 Evacuation Pause)
[359.053s][info][gc,task        ] GC(477) Using 14 workers of 33 for evacuation
[359.055s][info][gc,phases      ] GC(477)   Pre Evacuate Collection Set: 0.1ms
[359.055s][info][gc,phases      ] GC(477)   Merge Heap Roots: 0.1ms
[359.055s][info][gc,phases      ] GC(477)   Evacuate Collection Set: 0.7ms
[359.055s][info][gc,phases      ] GC(477)   Post Evacuate Collection Set: 0.3ms
[359.055s][info][gc,phases      ] GC(477)   Other: 0.1ms
[359.055s][info][gc,heap        ] GC(477) Eden regions: 36->0(35)
[359.055s][info][gc,heap        ] GC(477) Survivor regions: 0->1(5)
[359.055s][info][gc,heap        ] GC(477) Old regions: 18->18
[359.055s][info][gc,heap        ] GC(477) Archive regions: 0->0
[359.055s][info][gc,heap        ] GC(477) Humongous regions: 0->0
[359.055s][info][gc,metaspace   ] GC(477) Metaspace: 9979K(10304K)->9979K(10304K) NonClass: 8677K(8896K)->8677K(8896K) Class: 1302K(1408K)->1302K(1408K)
[359.055s][info][gc             ] GC(477) Pause Young (Normal) (G1 Evacuation Pause) 75M->5M(120M) 1.715ms
[359.055s][info][gc,cpu         ] GC(477) User=0.00s Sys=0.00s Real=0.00s
[359.356s][info][gc,start       ] GC(478) Pause Young (Normal) (G1 Evacuation Pause)
[359.356s][info][gc,task        ] GC(478) Using 8 workers of 33 for evacuation
[359.358s][info][gc,phases      ] GC(478)   Pre Evacuate Collection Set: 0.1ms
[359.358s][info][gc,phases      ] GC(478)   Merge Heap Roots: 0.1ms
[359.358s][info][gc,phases      ] GC(478)   Evacuate Collection Set: 1.1ms
[359.358s][info][gc,phases      ] GC(478)   Post Evacuate Collection Set: 0.3ms
[359.358s][info][gc,phases      ] GC(478)   Other: 0.1ms
[359.358s][info][gc,heap        ] GC(478) Eden regions: 35->0(35)
[359.358s][info][gc,heap        ] GC(478) Survivor regions: 1->1(5)
[359.358s][info][gc,heap        ] GC(478) Old regions: 18->18
[359.358s][info][gc,heap        ] GC(478) Archive regions: 0->0
[359.358s][info][gc,heap        ] GC(478) Humongous regions: 0->0
[359.358s][info][gc,metaspace   ] GC(478) Metaspace: 9979K(10304K)->9979K(10304K) NonClass: 8677K(8896K)->8677K(8896K) Class: 1302K(1408K)->1302K(1408K)
[359.359s][info][gc             ] GC(478) Pause Young (Normal) (G1 Evacuation Pause) 75M->5M(120M) 2.264ms
[359.359s][info][gc,cpu         ] GC(478) User=0.00s Sys=0.00s Real=0.00s
[359.668s][info][gc,start       ] GC(479) Pause Young (Normal) (G1 Evacuation Pause)
[359.668s][info][gc,task        ] GC(479) Using 5 workers of 33 for evacuation
[359.671s][info][gc,phases      ] GC(479)   Pre Evacuate Collection Set: 0.1ms
[359.671s][info][gc,phases      ] GC(479)   Merge Heap Roots: 0.1ms
[359.671s][info][gc,phases      ] GC(479)   Evacuate Collection Set: 1.5ms
[359.671s][info][gc,phases      ] GC(479)   Post Evacuate Collection Set: 0.3ms
[359.671s][info][gc,phases      ] GC(479)   Other: 0.1ms
[359.671s][info][gc,heap        ] GC(479) Eden regions: 35->0(35)
[359.671s][info][gc,heap        ] GC(479) Survivor regions: 1->1(5)
[359.671s][info][gc,heap        ] GC(479) Old regions: 18->18
[359.671s][info][gc,heap        ] GC(479) Archive regions: 0->0
[359.671s][info][gc,heap        ] GC(479) Humongous regions: 0->0
[359.671s][info][gc,metaspace   ] GC(479) Metaspace: 9979K(10304K)->9979K(10304K) NonClass: 8677K(8896K)->8677K(8896K) Class: 1302K(1408K)->1302K(1408K)
[359.671s][info][gc             ] GC(479) Pause Young (Normal) (G1 Evacuation Pause) 75M->5M(120M) 2.709ms
[359.671s][info][gc,cpu         ] GC(479) User=0.00s Sys=0.00s Real=0.00s
[359.987s][info][gc,start       ] GC(480) Pause Young (Normal) (G1 Evacuation Pause)
[359.987s][info][gc,task        ] GC(480) Using 3 workers of 33 for evacuation
[359.990s][info][gc,phases      ] GC(480)   Pre Evacuate Collection Set: 0.1ms
[359.990s][info][gc,phases      ] GC(480)   Merge Heap Roots: 0.1ms
[359.991s][info][gc,phases      ] GC(480)   Evacuate Collection Set: 2.5ms
[359.991s][info][gc,phases      ] GC(480)   Post Evacuate Collection Set: 0.3ms
[359.991s][info][gc,phases      ] GC(480)   Other: 0.1ms
[359.991s][info][gc,heap        ] GC(480) Eden regions: 35->0(35)
[359.991s][info][gc,heap        ] GC(480) Survivor regions: 1->1(5)
[359.991s][info][gc,heap        ] GC(480) Old regions: 18->18
[359.991s][info][gc,heap        ] GC(480) Archive regions: 0->0
[359.991s][info][gc,heap        ] GC(480) Humongous regions: 0->0
[359.991s][info][gc,metaspace   ] GC(480) Metaspace: 9979K(10304K)->9979K(10304K) NonClass: 8677K(8896K)->8677K(8896K) Class: 1302K(1408K)->1302K(1408K)
[359.991s][info][gc             ] GC(480) Pause Young (Normal) (G1 Evacuation Pause) 75M->5M(120M) 3.614ms
[359.991s][info][gc,cpu         ] GC(480) User=0.00s Sys=0.00s Real=0.00s
[360.305s][info][gc,start       ] GC(481) Pause Young (Normal) (G1 Evacuation Pause)
[360.306s][info][gc,task        ] GC(481) Using 2 workers of 33 for evacuation
[360.310s][info][gc,phases      ] GC(481)   Pre Evacuate Collection Set: 0.1ms
[360.310s][info][gc,phases      ] GC(481)   Merge Heap Roots: 0.1ms
[360.310s][info][gc,phases      ] GC(481)   Evacuate Collection Set: 3.4ms
[360.310s][info][gc,phases      ] GC(481)   Post Evacuate Collection Set: 0.3ms
[360.310s][info][gc,phases      ] GC(481)   Other: 0.1ms
[360.310s][info][gc,heap        ] GC(481) Eden regions: 35->0(35)
[360.310s][info][gc,heap        ] GC(481) Survivor regions: 1->1(5)
[360.310s][info][gc,heap        ] GC(481) Old regions: 18->18
[360.310s][info][gc,heap        ] GC(481) Archive regions: 0->0
[360.310s][info][gc,heap        ] GC(481) Humongous regions: 0->0
[360.310s][info][gc,metaspace   ] GC(481) Metaspace: 9979K(10304K)->9979K(10304K) NonClass: 8677K(8896K)->8677K(8896K) Class: 1302K(1408K)->1302K(1408K)
[360.310s][info][gc             ] GC(481) Pause Young (Normal) (G1 Evacuation Pause) 75M->5M(120M) 4.573ms
[360.310s][info][gc,cpu         ] GC(481) User=0.00s Sys=0.02s Real=0.00s
[360.626s][info][gc,start       ] GC(482) Pause Young (Normal) (G1 Evacuation Pause)
[360.626s][info][gc,task        ] GC(482) Using 2 workers of 33 for evacuation
[360.630s][info][gc,phases      ] GC(482)   Pre Evacuate Collection Set: 0.1ms
[360.630s][info][gc,phases      ] GC(482)   Merge Heap Roots: 0.1ms
[360.630s][info][gc,phases      ] GC(482)   Evacuate Collection Set: 3.1ms
[360.630s][info][gc,phases      ] GC(482)   Post Evacuate Collection Set: 0.3ms
[360.630s][info][gc,phases      ] GC(482)   Other: 0.1ms
[360.630s][info][gc,heap        ] GC(482) Eden regions: 35->0(35)
[360.630s][info][gc,heap        ] GC(482) Survivor regions: 1->1(5)
[360.630s][info][gc,heap        ] GC(482) Old regions: 18->18
[360.630s][info][gc,heap        ] GC(482) Archive regions: 0->0
[360.630s][info][gc,heap        ] GC(482) Humongous regions: 0->0
[360.630s][info][gc,metaspace   ] GC(482) Metaspace: 9979K(10304K)->9979K(10304K) NonClass: 8677K(8896K)->8677K(8896K) Class: 1302K(1408K)->1302K(1408K)
[360.631s][info][gc             ] GC(482) Pause Young (Normal) (G1 Evacuation Pause) 75M->5M(120M) 4.266ms
[360.631s][info][gc,cpu         ] GC(482) User=0.00s Sys=0.00s Real=0.00s
[360.948s][info][gc,start       ] GC(483) Pause Young (Normal) (G1 Evacuation Pause)
[360.948s][info][gc,task        ] GC(483) Using 2 workers of 33 for evacuation
[360.952s][info][gc,phases      ] GC(483)   Pre Evacuate Collection Set: 0.1ms
[360.952s][info][gc,phases      ] GC(483)   Merge Heap Roots: 0.1ms
[360.952s][info][gc,phases      ] GC(483)   Evacuate Collection Set: 3.4ms
[360.952s][info][gc,phases      ] GC(483)   Post Evacuate Collection Set: 0.3ms
[360.952s][info][gc,phases      ] GC(483)   Other: 0.1ms
[360.952s][info][gc,heap        ] GC(483) Eden regions: 35->0(35)
[360.952s][info][gc,heap        ] GC(483) Survivor regions: 1->1(5)
[360.952s][info][gc,heap        ] GC(483) Old regions: 18->18
[360.952s][info][gc,heap        ] GC(483) Archive regions: 0->0
[360.952s][info][gc,heap        ] GC(483) Humongous regions: 0->0
[360.952s][info][gc,metaspace   ] GC(483) Metaspace: 9979K(10304K)->9979K(10304K) NonClass: 8677K(8896K)->8677K(8896K) Class: 1302K(1408K)->1302K(1408K)
[360.952s][info][gc             ] GC(483) Pause Young (Normal) (G1 Evacuation Pause) 75M->5M(120M) 4.601ms
[360.952s][info][gc,cpu         ] GC(483) User=0.00s Sys=0.00s Real=0.00s
[361.272s][info][gc,start       ] GC(484) Pause Young (Normal) (G1 Evacuation Pause)
[361.272s][info][gc,task        ] GC(484) Using 2 workers of 33 for evacuation
[361.283s][info][gc,phases      ] GC(484)   Pre Evacuate Collection Set: 0.1ms
[361.283s][info][gc,phases      ] GC(484)   Merge Heap Roots: 0.1ms
[361.284s][info][gc,phases      ] GC(484)   Evacuate Collection Set: 3.2ms
[361.284s][info][gc,phases      ] GC(484)   Post Evacuate Collection Set: 8.2ms
[361.284s][info][gc,phases      ] GC(484)   Other: 0.1ms
[361.284s][info][gc,heap        ] GC(484) Eden regions: 35->0(324)
[361.284s][info][gc,heap        ] GC(484) Survivor regions: 1->1(5)
[361.284s][info][gc,heap        ] GC(484) Old regions: 18->18
[361.284s][info][gc,heap        ] GC(484) Archive regions: 0->0
[361.284s][info][gc,heap        ] GC(484) Humongous regions: 0->0
[361.284s][info][gc,metaspace   ] GC(484) Metaspace: 9979K(10304K)->9979K(10304K) NonClass: 8677K(8896K)->8677K(8896K) Class: 1302K(1408K)->1302K(1408K)
[361.284s][info][gc             ] GC(484) Pause Young (Normal) (G1 Evacuation Pause) 75M->5M(1084M) 12.283ms
[361.284s][info][gc,cpu         ] GC(484) User=0.00s Sys=0.02s Real=0.02s
[364.414s][info][gc,start       ] GC(485) Pause Young (Normal) (G1 Evacuation Pause)
[364.414s][info][gc,task        ] GC(485) Using 26 workers of 33 for evacuation
[364.417s][info][gc,phases      ] GC(485)   Pre Evacuate Collection Set: 0.2ms
[364.417s][info][gc,phases      ] GC(485)   Merge Heap Roots: 0.3ms
[364.417s][info][gc,phases      ] GC(485)   Evacuate Collection Set: 1.9ms
[364.417s][info][gc,phases      ] GC(485)   Post Evacuate Collection Set: 0.7ms
[364.417s][info][gc,phases      ] GC(485)   Other: 0.2ms
[364.417s][info][gc,heap        ] GC(485) Eden regions: 324->0(324)
[364.417s][info][gc,heap        ] GC(485) Survivor regions: 1->1(41)
[364.417s][info][gc,heap        ] GC(485) Old regions: 18->18
[364.417s][info][gc,heap        ] GC(485) Archive regions: 0->0
[364.417s][info][gc,heap        ] GC(485) Humongous regions: 0->0
[364.417s][info][gc,metaspace   ] GC(485) Metaspace: 9979K(10304K)->9979K(10304K) NonClass: 8677K(8896K)->8677K(8896K) Class: 1302K(1408K)->1302K(1408K)
[364.417s][info][gc             ] GC(485) Pause Young (Normal) (G1 Evacuation Pause) 653M->5M(1084M) 3.796ms
[364.417s][info][gc,cpu         ] GC(485) User=0.17s Sys=0.23s Real=0.02s
[366.156s][info][gc,start       ] GC(486) Pause Full (System.gc())
[366.156s][info][gc,task        ] GC(486) Using 26 workers of 33 for full compaction
[366.157s][info][gc,phases,start] GC(486) Phase 1: Mark live objects
[366.163s][info][gc,phases      ] GC(486) Phase 1: Mark live objects 6.276ms
[366.163s][info][gc,phases,start] GC(486) Phase 2: Prepare compaction
[366.169s][info][gc,phases      ] GC(486) Phase 2: Prepare compaction 6.298ms
[366.170s][info][gc,phases,start] GC(486) Phase 3: Adjust pointers
[366.173s][info][gc,phases      ] GC(486) Phase 3: Adjust pointers 3.668ms
[366.173s][info][gc,phases,start] GC(486) Phase 4: Compact heap
[366.174s][info][gc,phases      ] GC(486) Phase 4: Compact heap 0.560ms
[366.182s][info][gc,heap        ] GC(486) Eden regions: 193->0(36)
[366.182s][info][gc,heap        ] GC(486) Survivor regions: 1->0(41)
[366.182s][info][gc,heap        ] GC(486) Old regions: 18->18
[366.182s][info][gc,heap        ] GC(486) Archive regions: 0->0
[366.182s][info][gc,heap        ] GC(486) Humongous regions: 0->0
[366.182s][info][gc,metaspace   ] GC(486) Metaspace: 9979K(10304K)->9979K(10304K) NonClass: 8677K(8896K)->8677K(8896K) Class: 1302K(1408K)->1302K(1408K)
[366.182s][info][gc             ] GC(486) Pause Full (System.gc()) 389M->3M(120M) 26.793ms
[366.182s][info][gc,cpu         ] GC(486) User=0.09s Sys=0.00s Real=0.02s
[366.487s][info][gc,start       ] GC(487) Pause Young (Normal) (G1 Evacuation Pause)
[366.487s][info][gc,task        ] GC(487) Using 14 workers of 33 for evacuation
[366.489s][info][gc,phases      ] GC(487)   Pre Evacuate Collection Set: 0.2ms
[366.489s][info][gc,phases      ] GC(487)   Merge Heap Roots: 0.1ms
[366.489s][info][gc,phases      ] GC(487)   Evacuate Collection Set: 0.8ms
[366.489s][info][gc,phases      ] GC(487)   Post Evacuate Collection Set: 0.3ms
[366.489s][info][gc,phases      ] GC(487)   Other: 0.1ms
[366.489s][info][gc,heap        ] GC(487) Eden regions: 36->0(35)
[366.489s][info][gc,heap        ] GC(487) Survivor regions: 0->1(5)
[366.489s][info][gc,heap        ] GC(487) Old regions: 18->18
[366.489s][info][gc,heap        ] GC(487) Archive regions: 0->0
[366.489s][info][gc,heap        ] GC(487) Humongous regions: 0->0
[366.489s][info][gc,metaspace   ] GC(487) Metaspace: 9979K(10304K)->9979K(10304K) NonClass: 8677K(8896K)->8677K(8896K) Class: 1302K(1408K)->1302K(1408K)
[366.489s][info][gc             ] GC(487) Pause Young (Normal) (G1 Evacuation Pause) 75M->5M(120M) 2.014ms
[366.489s][info][gc,cpu         ] GC(487) User=0.00s Sys=0.00s Real=0.00s
[366.791s][info][gc,start       ] GC(488) Pause Young (Normal) (G1 Evacuation Pause)
[366.791s][info][gc,task        ] GC(488) Using 8 workers of 33 for evacuation
[366.793s][info][gc,phases      ] GC(488)   Pre Evacuate Collection Set: 0.1ms
[366.793s][info][gc,phases      ] GC(488)   Merge Heap Roots: 0.1ms
[366.793s][info][gc,phases      ] GC(488)   Evacuate Collection Set: 1.0ms
[366.793s][info][gc,phases      ] GC(488)   Post Evacuate Collection Set: 0.3ms
[366.793s][info][gc,phases      ] GC(488)   Other: 0.1ms
[366.793s][info][gc,heap        ] GC(488) Eden regions: 35->0(35)
[366.793s][info][gc,heap        ] GC(488) Survivor regions: 1->1(5)
[366.793s][info][gc,heap        ] GC(488) Old regions: 18->18
[366.793s][info][gc,heap        ] GC(488) Archive regions: 0->0
[366.793s][info][gc,heap        ] GC(488) Humongous regions: 0->0
[366.793s][info][gc,metaspace   ] GC(488) Metaspace: 9979K(10304K)->9979K(10304K) NonClass: 8677K(8896K)->8677K(8896K) Class: 1302K(1408K)->1302K(1408K)
[366.793s][info][gc             ] GC(488) Pause Young (Normal) (G1 Evacuation Pause) 75M->5M(120M) 2.217ms
[366.793s][info][gc,cpu         ] GC(488) User=0.00s Sys=0.00s Real=0.00s
[367.111s][info][gc,start       ] GC(489) Pause Young (Normal) (G1 Evacuation Pause)
[367.111s][info][gc,task        ] GC(489) Using 5 workers of 33 for evacuation
[367.114s][info][gc,phases      ] GC(489)   Pre Evacuate Collection Set: 0.1ms
[367.114s][info][gc,phases      ] GC(489)   Merge Heap Roots: 0.1ms
[367.114s][info][gc,phases      ] GC(489)   Evacuate Collection Set: 1.6ms
[367.114s][info][gc,phases      ] GC(489)   Post Evacuate Collection Set: 0.3ms
[367.114s][info][gc,phases      ] GC(489)   Other: 0.1ms
[367.114s][info][gc,heap        ] GC(489) Eden regions: 35->0(35)
[367.114s][info][gc,heap        ] GC(489) Survivor regions: 1->1(5)
[367.114s][info][gc,heap        ] GC(489) Old regions: 18->18
[367.114s][info][gc,heap        ] GC(489) Archive regions: 0->0
[367.114s][info][gc,heap        ] GC(489) Humongous regions: 0->0
[367.114s][info][gc,metaspace   ] GC(489) Metaspace: 9979K(10304K)->9979K(10304K) NonClass: 8677K(8896K)->8677K(8896K) Class: 1302K(1408K)->1302K(1408K)
[367.114s][info][gc             ] GC(489) Pause Young (Normal) (G1 Evacuation Pause) 75M->5M(120M) 2.759ms
[367.114s][info][gc,cpu         ] GC(489) User=0.00s Sys=0.00s Real=0.00s
[367.420s][info][gc,start       ] GC(490) Pause Young (Normal) (G1 Evacuation Pause)
[367.420s][info][gc,task        ] GC(490) Using 3 workers of 33 for evacuation
[367.423s][info][gc,phases      ] GC(490)   Pre Evacuate Collection Set: 0.1ms
[367.423s][info][gc,phases      ] GC(490)   Merge Heap Roots: 0.1ms
[367.423s][info][gc,phases      ] GC(490)   Evacuate Collection Set: 2.4ms
[367.423s][info][gc,phases      ] GC(490)   Post Evacuate Collection Set: 0.3ms
[367.423s][info][gc,phases      ] GC(490)   Other: 0.1ms
[367.423s][info][gc,heap        ] GC(490) Eden regions: 35->0(35)
[367.423s][info][gc,heap        ] GC(490) Survivor regions: 1->1(5)
[367.423s][info][gc,heap        ] GC(490) Old regions: 18->18
[367.423s][info][gc,heap        ] GC(490) Archive regions: 0->0
[367.423s][info][gc,heap        ] GC(490) Humongous regions: 0->0
[367.423s][info][gc,metaspace   ] GC(490) Metaspace: 9979K(10304K)->9979K(10304K) NonClass: 8677K(8896K)->8677K(8896K) Class: 1302K(1408K)->1302K(1408K)
[367.423s][info][gc             ] GC(490) Pause Young (Normal) (G1 Evacuation Pause) 75M->5M(120M) 3.565ms
[367.423s][info][gc,cpu         ] GC(490) User=0.00s Sys=0.00s Real=0.00s
[367.747s][info][gc,start       ] GC(491) Pause Young (Normal) (G1 Evacuation Pause)
[367.747s][info][gc,task        ] GC(491) Using 2 workers of 33 for evacuation
[367.751s][info][gc,phases      ] GC(491)   Pre Evacuate Collection Set: 0.1ms
[367.751s][info][gc,phases      ] GC(491)   Merge Heap Roots: 0.1ms
[367.751s][info][gc,phases      ] GC(491)   Evacuate Collection Set: 3.6ms
[367.751s][info][gc,phases      ] GC(491)   Post Evacuate Collection Set: 0.3ms
[367.751s][info][gc,phases      ] GC(491)   Other: 0.1ms
[367.751s][info][gc,heap        ] GC(491) Eden regions: 35->0(35)
[367.751s][info][gc,heap        ] GC(491) Survivor regions: 1->1(5)
[367.751s][info][gc,heap        ] GC(491) Old regions: 18->18
[367.751s][info][gc,heap        ] GC(491) Archive regions: 0->0
[367.751s][info][gc,heap        ] GC(491) Humongous regions: 0->0
[367.752s][info][gc,metaspace   ] GC(491) Metaspace: 9979K(10304K)->9979K(10304K) NonClass: 8677K(8896K)->8677K(8896K) Class: 1302K(1408K)->1302K(1408K)
[367.752s][info][gc             ] GC(491) Pause Young (Normal) (G1 Evacuation Pause) 75M->5M(120M) 4.847ms
[367.752s][info][gc,cpu         ] GC(491) User=0.00s Sys=0.00s Real=0.00s
[368.064s][info][gc,start       ] GC(492) Pause Young (Normal) (G1 Evacuation Pause)
[368.064s][info][gc,task        ] GC(492) Using 2 workers of 33 for evacuation
[368.068s][info][gc,phases      ] GC(492)   Pre Evacuate Collection Set: 0.1ms
[368.068s][info][gc,phases      ] GC(492)   Merge Heap Roots: 0.1ms
[368.068s][info][gc,phases      ] GC(492)   Evacuate Collection Set: 3.7ms
[368.068s][info][gc,phases      ] GC(492)   Post Evacuate Collection Set: 0.3ms
[368.068s][info][gc,phases      ] GC(492)   Other: 0.1ms
[368.068s][info][gc,heap        ] GC(492) Eden regions: 35->0(35)
[368.068s][info][gc,heap        ] GC(492) Survivor regions: 1->1(5)
[368.068s][info][gc,heap        ] GC(492) Old regions: 18->18
[368.068s][info][gc,heap        ] GC(492) Archive regions: 0->0
[368.068s][info][gc,heap        ] GC(492) Humongous regions: 0->0
[368.068s][info][gc,metaspace   ] GC(492) Metaspace: 9979K(10304K)->9979K(10304K) NonClass: 8677K(8896K)->8677K(8896K) Class: 1302K(1408K)->1302K(1408K)
[368.068s][info][gc             ] GC(492) Pause Young (Normal) (G1 Evacuation Pause) 75M->5M(120M) 4.913ms
[368.069s][info][gc,cpu         ] GC(492) User=0.03s Sys=0.00s Real=0.02s
[368.387s][info][gc,start       ] GC(493) Pause Young (Normal) (G1 Evacuation Pause)
[368.387s][info][gc,task        ] GC(493) Using 2 workers of 33 for evacuation
[368.391s][info][gc,phases      ] GC(493)   Pre Evacuate Collection Set: 0.1ms
[368.391s][info][gc,phases      ] GC(493)   Merge Heap Roots: 0.1ms
[368.391s][info][gc,phases      ] GC(493)   Evacuate Collection Set: 3.5ms
[368.391s][info][gc,phases      ] GC(493)   Post Evacuate Collection Set: 0.3ms
[368.391s][info][gc,phases      ] GC(493)   Other: 0.1ms
[368.391s][info][gc,heap        ] GC(493) Eden regions: 35->0(35)
[368.391s][info][gc,heap        ] GC(493) Survivor regions: 1->1(5)
[368.391s][info][gc,heap        ] GC(493) Old regions: 18->18
[368.391s][info][gc,heap        ] GC(493) Archive regions: 0->0
[368.391s][info][gc,heap        ] GC(493) Humongous regions: 0->0
[368.392s][info][gc,metaspace   ] GC(493) Metaspace: 9979K(10304K)->9979K(10304K) NonClass: 8677K(8896K)->8677K(8896K) Class: 1302K(1408K)->1302K(1408K)
[368.392s][info][gc             ] GC(493) Pause Young (Normal) (G1 Evacuation Pause) 75M->5M(120M) 4.685ms
[368.392s][info][gc,cpu         ] GC(493) User=0.00s Sys=0.00s Real=0.00s
[368.709s][info][gc,start       ] GC(494) Pause Young (Normal) (G1 Evacuation Pause)
[368.709s][info][gc,task        ] GC(494) Using 2 workers of 33 for evacuation
[368.721s][info][gc,phases      ] GC(494)   Pre Evacuate Collection Set: 0.1ms
[368.721s][info][gc,phases      ] GC(494)   Merge Heap Roots: 0.1ms
[368.721s][info][gc,phases      ] GC(494)   Evacuate Collection Set: 3.5ms
[368.721s][info][gc,phases      ] GC(494)   Post Evacuate Collection Set: 8.2ms
[368.721s][info][gc,phases      ] GC(494)   Other: 0.1ms
[368.721s][info][gc,heap        ] GC(494) Eden regions: 35->0(324)
[368.721s][info][gc,heap        ] GC(494) Survivor regions: 1->1(5)
[368.722s][info][gc,heap        ] GC(494) Old regions: 18->18
[368.722s][info][gc,heap        ] GC(494) Archive regions: 0->0
[368.722s][info][gc,heap        ] GC(494) Humongous regions: 0->0
[368.722s][info][gc,metaspace   ] GC(494) Metaspace: 9979K(10304K)->9979K(10304K) NonClass: 8677K(8896K)->8677K(8896K) Class: 1302K(1408K)->1302K(1408K)
[368.722s][info][gc             ] GC(494) Pause Young (Normal) (G1 Evacuation Pause) 75M->5M(1084M) 12.580ms
[368.722s][info][gc,cpu         ] GC(494) User=0.03s Sys=0.00s Real=0.01s
[371.856s][info][gc,start       ] GC(495) Pause Young (Normal) (G1 Evacuation Pause)
[371.856s][info][gc,task        ] GC(495) Using 26 workers of 33 for evacuation
[371.859s][info][gc,phases      ] GC(495)   Pre Evacuate Collection Set: 0.2ms
[371.859s][info][gc,phases      ] GC(495)   Merge Heap Roots: 0.3ms
[371.859s][info][gc,phases      ] GC(495)   Evacuate Collection Set: 1.8ms
[371.859s][info][gc,phases      ] GC(495)   Post Evacuate Collection Set: 0.7ms
[371.859s][info][gc,phases      ] GC(495)   Other: 0.2ms
[371.859s][info][gc,heap        ] GC(495) Eden regions: 324->0(324)
[371.859s][info][gc,heap        ] GC(495) Survivor regions: 1->1(41)
[371.859s][info][gc,heap        ] GC(495) Old regions: 18->18
[371.859s][info][gc,heap        ] GC(495) Archive regions: 0->0
[371.859s][info][gc,heap        ] GC(495) Humongous regions: 0->0
[371.859s][info][gc,metaspace   ] GC(495) Metaspace: 9979K(10304K)->9979K(10304K) NonClass: 8677K(8896K)->8677K(8896K) Class: 1302K(1408K)->1302K(1408K)
[371.859s][info][gc             ] GC(495) Pause Young (Normal) (G1 Evacuation Pause) 653M->5M(1084M) 3.717ms
[371.859s][info][gc,cpu         ] GC(495) User=0.02s Sys=0.00s Real=0.02s
[373.623s][info][gc,heap,exit   ] Heap
[373.623s][info][gc,heap,exit   ]  garbage-first heap   total 1110016K, used 404897K [0x0000000700000000, 0x0000000800000000)
[373.623s][info][gc,heap,exit   ]   region size 2048K, 196 young (401408K), 1 survivors (2048K)
[373.623s][info][gc,heap,exit   ]  Metaspace       used 10040K, committed 10368K, reserved 1114112K
[373.623s][info][gc,heap,exit   ]   class space    used 1311K, committed 1408K, reserved 1048576K
