[0.015s][info][gc,init] CardTable entry size: 512
[0.016s][info][gc     ] Using G1
[0.039s][info][gc,init] Version: 20+36-2344 (release)
[0.039s][info][gc,init] CPUs: 48 total, 48 available
[0.039s][info][gc,init] Memory: 382G
[0.039s][info][gc,init] Large Page Support: Disabled
[0.039s][info][gc,init] NUMA Support: Disabled
[0.039s][info][gc,init] Compressed Oops: Enabled (32-bit)
[0.039s][info][gc,init] Heap Region Size: 1M
[0.039s][info][gc,init] Heap Min Capacity: 8M
[0.039s][info][gc,init] Heap Initial Capacity: 2G
[0.039s][info][gc,init] Heap Max Capacity: 2G
[0.049s][info][gc,init] Pre-touch: Disabled
[0.049s][info][gc,init] Parallel Workers: 33
[0.049s][info][gc,init] Concurrent Workers: 8
[0.049s][info][gc,init] Concurrent Refinement Workers: 33
[0.049s][info][gc,init] Periodic GC: Disabled
[0.050s][info][gc,metaspace] CDS archive(s) mapped at: [0x0000000800000000-0x0000000800c60000-0x0000000800c60000), size 12976128, SharedBaseAddress: 0x0000000800000000, ArchiveRelocationMode: 0.
[0.050s][info][gc,metaspace] Compressed class space mapped at: 0x0000000801000000-0x0000000841000000, reserved size: 1073741824
[0.050s][info][gc,metaspace] Narrow klass base: 0x0000000800000000, Narrow klass shift: 0, Narrow klass range: 0x100000000
[1.109s][info][gc,start    ] GC(0) Pause Full (System.gc())
[1.110s][info][gc,task     ] GC(0) Using 24 workers of 33 for full compaction
[1.112s][info][gc,phases,start] GC(0) Phase 1: Mark live objects
[1.117s][info][gc,phases      ] GC(0) Phase 1: Mark live objects 4.907ms
[1.117s][info][gc,phases,start] GC(0) Phase 2: Prepare compaction
[1.123s][info][gc,phases      ] GC(0) Phase 2: Prepare compaction 6.308ms
[1.123s][info][gc,phases,start] GC(0) Phase 3: Adjust pointers
[1.126s][info][gc,phases      ] GC(0) Phase 3: Adjust pointers 2.410ms
[1.126s][info][gc,phases,start] GC(0) Phase 4: Compact heap
[1.128s][info][gc,phases      ] GC(0) Phase 4: Compact heap 1.854ms
[1.147s][info][gc,heap        ] GC(0) Eden regions: 24->0(23)
[1.147s][info][gc,heap        ] GC(0) Survivor regions: 0->0(0)
[1.147s][info][gc,heap        ] GC(0) Old regions: 0->24
[1.147s][info][gc,heap        ] GC(0) Archive regions: 0->0
[1.147s][info][gc,heap        ] GC(0) Humongous regions: 0->0
[1.147s][info][gc,metaspace   ] GC(0) Metaspace: 8309K(8512K)->8309K(8512K) NonClass: 7192K(7296K)->7192K(7296K) Class: 1116K(1216K)->1116K(1216K)
[1.147s][info][gc             ] GC(0) Pause Full (System.gc()) 23M->3M(80M) 38.262ms
[1.147s][info][gc,cpu         ] GC(0) User=0.39s Sys=0.38s Real=0.05s
[1.394s][info][gc,start       ] GC(1) Pause Young (Normal) (G1 Evacuation Pause)
[1.394s][info][gc,task        ] GC(1) Using 13 workers of 33 for evacuation
[1.396s][info][gc,phases      ] GC(1)   Pre Evacuate Collection Set: 0.1ms
[1.396s][info][gc,phases      ] GC(1)   Merge Heap Roots: 0.2ms
[1.396s][info][gc,phases      ] GC(1)   Evacuate Collection Set: 1.2ms
[1.396s][info][gc,phases      ] GC(1)   Post Evacuate Collection Set: 0.6ms
[1.396s][info][gc,phases      ] GC(1)   Other: 0.2ms
[1.396s][info][gc,heap        ] GC(1) Eden regions: 23->0(43)
[1.396s][info][gc,heap        ] GC(1) Survivor regions: 0->2(3)
[1.397s][info][gc,heap        ] GC(1) Old regions: 24->24
[1.397s][info][gc,heap        ] GC(1) Archive regions: 0->0
[1.397s][info][gc,heap        ] GC(1) Humongous regions: 0->0
[1.397s][info][gc,metaspace   ] GC(1) Metaspace: 9724K(9984K)->9724K(9984K) NonClass: 8421K(8576K)->8421K(8576K) Class: 1303K(1408K)->1303K(1408K)
[1.397s][info][gc             ] GC(1) Pause Young (Normal) (G1 Evacuation Pause) 26M->5M(80M) 2.653ms
[1.397s][info][gc,cpu         ] GC(1) User=0.00s Sys=0.00s Real=0.00s
[1.599s][info][gc,start       ] GC(2) Pause Young (Normal) (G1 Evacuation Pause)
[1.599s][info][gc,task        ] GC(2) Using 7 workers of 33 for evacuation
[1.602s][info][gc,phases      ] GC(2)   Pre Evacuate Collection Set: 0.1ms
[1.602s][info][gc,phases      ] GC(2)   Merge Heap Roots: 0.1ms
[1.602s][info][gc,phases      ] GC(2)   Evacuate Collection Set: 1.9ms
[1.602s][info][gc,phases      ] GC(2)   Post Evacuate Collection Set: 0.4ms
[1.602s][info][gc,phases      ] GC(2)   Other: 0.2ms
[1.602s][info][gc,heap        ] GC(2) Eden regions: 43->0(46)
[1.602s][info][gc,heap        ] GC(2) Survivor regions: 2->2(6)
[1.602s][info][gc,heap        ] GC(2) Old regions: 24->24
[1.602s][info][gc,heap        ] GC(2) Archive regions: 0->0
[1.602s][info][gc,heap        ] GC(2) Humongous regions: 0->0
[1.602s][info][gc,metaspace   ] GC(2) Metaspace: 9780K(9984K)->9780K(9984K) NonClass: 8476K(8576K)->8476K(8576K) Class: 1303K(1408K)->1303K(1408K)
[1.602s][info][gc             ] GC(2) Pause Young (Normal) (G1 Evacuation Pause) 48M->5M(80M) 3.122ms
[1.602s][info][gc,cpu         ] GC(2) User=0.00s Sys=0.00s Real=0.00s
[1.801s][info][gc,start       ] GC(3) Pause Young (Normal) (G1 Evacuation Pause)
[1.801s][info][gc,task        ] GC(3) Using 4 workers of 33 for evacuation
[1.805s][info][gc,phases      ] GC(3)   Pre Evacuate Collection Set: 0.1ms
[1.805s][info][gc,phases      ] GC(3)   Merge Heap Roots: 0.1ms
[1.805s][info][gc,phases      ] GC(3)   Evacuate Collection Set: 2.7ms
[1.805s][info][gc,phases      ] GC(3)   Post Evacuate Collection Set: 0.4ms
[1.805s][info][gc,phases      ] GC(3)   Other: 0.1ms
[1.805s][info][gc,heap        ] GC(3) Eden regions: 46->0(46)
[1.805s][info][gc,heap        ] GC(3) Survivor regions: 2->2(6)
[1.805s][info][gc,heap        ] GC(3) Old regions: 24->24
[1.805s][info][gc,heap        ] GC(3) Archive regions: 0->0
[1.805s][info][gc,heap        ] GC(3) Humongous regions: 0->0
[1.805s][info][gc,metaspace   ] GC(3) Metaspace: 9818K(10112K)->9818K(10112K) NonClass: 8515K(8704K)->8515K(8704K) Class: 1303K(1408K)->1303K(1408K)
[1.805s][info][gc             ] GC(3) Pause Young (Normal) (G1 Evacuation Pause) 51M->5M(80M) 4.030ms
[1.805s][info][gc,cpu         ] GC(3) User=0.00s Sys=0.00s Real=0.00s
[2.019s][info][gc,start       ] GC(4) Pause Young (Normal) (G1 Evacuation Pause)
[2.019s][info][gc,task        ] GC(4) Using 3 workers of 33 for evacuation
[2.024s][info][gc,phases      ] GC(4)   Pre Evacuate Collection Set: 0.1ms
[2.024s][info][gc,phases      ] GC(4)   Merge Heap Roots: 0.1ms
[2.024s][info][gc,phases      ] GC(4)   Evacuate Collection Set: 3.4ms
[2.024s][info][gc,phases      ] GC(4)   Post Evacuate Collection Set: 0.5ms
[2.024s][info][gc,phases      ] GC(4)   Other: 0.1ms
[2.024s][info][gc,heap        ] GC(4) Eden regions: 46->0(46)
[2.024s][info][gc,heap        ] GC(4) Survivor regions: 2->2(6)
[2.024s][info][gc,heap        ] GC(4) Old regions: 24->24
[2.024s][info][gc,heap        ] GC(4) Archive regions: 0->0
[2.024s][info][gc,heap        ] GC(4) Humongous regions: 0->0
[2.024s][info][gc,metaspace   ] GC(4) Metaspace: 9818K(10112K)->9818K(10112K) NonClass: 8515K(8704K)->8515K(8704K) Class: 1303K(1408K)->1303K(1408K)
[2.024s][info][gc             ] GC(4) Pause Young (Normal) (G1 Evacuation Pause) 51M->5M(80M) 4.807ms
[2.024s][info][gc,cpu         ] GC(4) User=0.00s Sys=0.00s Real=0.00s
[2.218s][info][gc,start       ] GC(5) Pause Young (Normal) (G1 Evacuation Pause)
[2.219s][info][gc,task        ] GC(5) Using 2 workers of 33 for evacuation
[2.237s][info][gc,phases      ] GC(5)   Pre Evacuate Collection Set: 0.1ms
[2.237s][info][gc,phases      ] GC(5)   Merge Heap Roots: 0.1ms
[2.237s][info][gc,phases      ] GC(5)   Evacuate Collection Set: 4.9ms
[2.237s][info][gc,phases      ] GC(5)   Post Evacuate Collection Set: 13.0ms
[2.237s][info][gc,phases      ] GC(5)   Other: 0.2ms
[2.237s][info][gc,heap        ] GC(5) Eden regions: 46->0(636)
[2.237s][info][gc,heap        ] GC(5) Survivor regions: 2->2(6)
[2.237s][info][gc,heap        ] GC(5) Old regions: 24->24
[2.237s][info][gc,heap        ] GC(5) Archive regions: 0->0
[2.237s][info][gc,heap        ] GC(5) Humongous regions: 0->0
[2.237s][info][gc,metaspace   ] GC(5) Metaspace: 9818K(10112K)->9818K(10112K) NonClass: 8515K(8704K)->8515K(8704K) Class: 1303K(1408K)->1303K(1408K)
[2.237s][info][gc             ] GC(5) Pause Young (Normal) (G1 Evacuation Pause) 51M->5M(1064M) 18.843ms
[2.237s][info][gc,cpu         ] GC(5) User=0.02s Sys=0.00s Real=0.02s
[5.286s][info][gc,start       ] GC(6) Pause Young (Normal) (G1 Evacuation Pause)
[5.287s][info][gc,task        ] GC(6) Using 25 workers of 33 for evacuation
[5.291s][info][gc,phases      ] GC(6)   Pre Evacuate Collection Set: 0.2ms
[5.291s][info][gc,phases      ] GC(6)   Merge Heap Roots: 0.4ms
[5.291s][info][gc,phases      ] GC(6)   Evacuate Collection Set: 2.2ms
[5.291s][info][gc,phases      ] GC(6)   Post Evacuate Collection Set: 1.1ms
[5.291s][info][gc,phases      ] GC(6)   Other: 0.7ms
[5.291s][info][gc,heap        ] GC(6) Eden regions: 636->0(636)
[5.291s][info][gc,heap        ] GC(6) Survivor regions: 2->2(80)
[5.291s][info][gc,heap        ] GC(6) Old regions: 24->24
[5.291s][info][gc,heap        ] GC(6) Archive regions: 0->0
[5.291s][info][gc,heap        ] GC(6) Humongous regions: 0->0
[5.291s][info][gc,metaspace   ] GC(6) Metaspace: 9818K(10112K)->9818K(10112K) NonClass: 8515K(8704K)->8515K(8704K) Class: 1303K(1408K)->1303K(1408K)
[5.292s][info][gc             ] GC(6) Pause Young (Normal) (G1 Evacuation Pause) 641M->5M(1064M) 5.222ms
[5.292s][info][gc,cpu         ] GC(6) User=0.00s Sys=0.00s Real=0.00s
[8.117s][info][gc,start       ] GC(7) Pause Young (Normal) (G1 Evacuation Pause)
[8.117s][info][gc,task        ] GC(7) Using 25 workers of 33 for evacuation
[8.122s][info][gc,phases      ] GC(7)   Pre Evacuate Collection Set: 0.2ms
[8.122s][info][gc,phases      ] GC(7)   Merge Heap Roots: 0.4ms
[8.122s][info][gc,phases      ] GC(7)   Evacuate Collection Set: 2.5ms
[8.122s][info][gc,phases      ] GC(7)   Post Evacuate Collection Set: 1.0ms
[8.122s][info][gc,phases      ] GC(7)   Other: 0.2ms
[8.122s][info][gc,heap        ] GC(7) Eden regions: 636->0(636)
[8.122s][info][gc,heap        ] GC(7) Survivor regions: 2->2(80)
[8.122s][info][gc,heap        ] GC(7) Old regions: 24->24
[8.122s][info][gc,heap        ] GC(7) Archive regions: 0->0
[8.122s][info][gc,heap        ] GC(7) Humongous regions: 0->0
[8.122s][info][gc,metaspace   ] GC(7) Metaspace: 9818K(10112K)->9818K(10112K) NonClass: 8515K(8704K)->8515K(8704K) Class: 1303K(1408K)->1303K(1408K)
[8.122s][info][gc             ] GC(7) Pause Young (Normal) (G1 Evacuation Pause) 641M->5M(1064M) 4.999ms
[8.122s][info][gc,cpu         ] GC(7) User=0.00s Sys=0.00s Real=0.00s
[8.679s][info][gc,start       ] GC(8) Pause Full (System.gc())
[8.679s][info][gc,task        ] GC(8) Using 25 workers of 33 for full compaction
[8.680s][info][gc,phases,start] GC(8) Phase 1: Mark live objects
[8.689s][info][gc,phases      ] GC(8) Phase 1: Mark live objects 8.904ms
[8.689s][info][gc,phases,start] GC(8) Phase 2: Prepare compaction
[8.694s][info][gc,phases      ] GC(8) Phase 2: Prepare compaction 4.516ms
[8.694s][info][gc,phases,start] GC(8) Phase 3: Adjust pointers
[8.698s][info][gc,phases      ] GC(8) Phase 3: Adjust pointers 4.453ms
[8.698s][info][gc,phases,start] GC(8) Phase 4: Compact heap
[8.699s][info][gc,phases      ] GC(8) Phase 4: Compact heap 0.873ms
[8.712s][info][gc,heap        ] GC(8) Eden regions: 126->0(50)
[8.712s][info][gc,heap        ] GC(8) Survivor regions: 2->0(80)
[8.712s][info][gc,heap        ] GC(8) Old regions: 24->25
[8.712s][info][gc,heap        ] GC(8) Archive regions: 0->0
[8.712s][info][gc,heap        ] GC(8) Humongous regions: 0->0
[8.712s][info][gc,metaspace   ] GC(8) Metaspace: 9879K(10176K)->9843K(10176K) NonClass: 8564K(8768K)->8539K(8768K) Class: 1314K(1408K)->1303K(1408K)
[8.712s][info][gc             ] GC(8) Pause Full (System.gc()) 131M->3M(84M) 33.210ms
[8.712s][info][gc,cpu         ] GC(8) User=0.02s Sys=0.39s Real=0.03s
[8.927s][info][gc,start       ] GC(9) Pause Young (Normal) (G1 Evacuation Pause)
[8.927s][info][gc,task        ] GC(9) Using 13 workers of 33 for evacuation
[8.928s][info][gc,phases      ] GC(9)   Pre Evacuate Collection Set: 0.2ms
[8.928s][info][gc,phases      ] GC(9)   Merge Heap Roots: 0.1ms
[8.928s][info][gc,phases      ] GC(9)   Evacuate Collection Set: 0.8ms
[8.928s][info][gc,phases      ] GC(9)   Post Evacuate Collection Set: 0.4ms
[8.928s][info][gc,phases      ] GC(9)   Other: 0.1ms
[8.929s][info][gc,heap        ] GC(9) Eden regions: 50->0(48)
[8.929s][info][gc,heap        ] GC(9) Survivor regions: 0->2(7)
[8.929s][info][gc,heap        ] GC(9) Old regions: 25->25
[8.929s][info][gc,heap        ] GC(9) Archive regions: 0->0
[8.929s][info][gc,heap        ] GC(9) Humongous regions: 0->0
[8.929s][info][gc,metaspace   ] GC(9) Metaspace: 9843K(10176K)->9843K(10176K) NonClass: 8539K(8768K)->8539K(8768K) Class: 1303K(1408K)->1303K(1408K)
[8.929s][info][gc             ] GC(9) Pause Young (Normal) (G1 Evacuation Pause) 53M->5M(84M) 2.179ms
[8.929s][info][gc,cpu         ] GC(9) User=0.20s Sys=0.00s Real=0.02s
[9.127s][info][gc,start       ] GC(10) Pause Young (Normal) (G1 Evacuation Pause)
[9.127s][info][gc,task        ] GC(10) Using 7 workers of 33 for evacuation
[9.129s][info][gc,phases      ] GC(10)   Pre Evacuate Collection Set: 0.1ms
[9.129s][info][gc,phases      ] GC(10)   Merge Heap Roots: 0.1ms
[9.129s][info][gc,phases      ] GC(10)   Evacuate Collection Set: 1.2ms
[9.129s][info][gc,phases      ] GC(10)   Post Evacuate Collection Set: 0.3ms
[9.129s][info][gc,phases      ] GC(10)   Other: 0.1ms
[9.129s][info][gc,heap        ] GC(10) Eden regions: 48->0(48)
[9.129s][info][gc,heap        ] GC(10) Survivor regions: 2->2(7)
[9.129s][info][gc,heap        ] GC(10) Old regions: 25->25
[9.129s][info][gc,heap        ] GC(10) Archive regions: 0->0
[9.129s][info][gc,heap        ] GC(10) Humongous regions: 0->0
[9.130s][info][gc,metaspace   ] GC(10) Metaspace: 9843K(10176K)->9843K(10176K) NonClass: 8539K(8768K)->8539K(8768K) Class: 1303K(1408K)->1303K(1408K)
[9.130s][info][gc             ] GC(10) Pause Young (Normal) (G1 Evacuation Pause) 53M->5M(84M) 2.319ms
[9.130s][info][gc,cpu         ] GC(10) User=0.00s Sys=0.00s Real=0.00s
[9.340s][info][gc,start       ] GC(11) Pause Young (Normal) (G1 Evacuation Pause)
[9.340s][info][gc,task        ] GC(11) Using 4 workers of 33 for evacuation
[9.343s][info][gc,phases      ] GC(11)   Pre Evacuate Collection Set: 0.1ms
[9.343s][info][gc,phases      ] GC(11)   Merge Heap Roots: 0.1ms
[9.343s][info][gc,phases      ] GC(11)   Evacuate Collection Set: 2.0ms
[9.343s][info][gc,phases      ] GC(11)   Post Evacuate Collection Set: 0.3ms
[9.343s][info][gc,phases      ] GC(11)   Other: 0.1ms
[9.343s][info][gc,heap        ] GC(11) Eden regions: 48->0(48)
[9.343s][info][gc,heap        ] GC(11) Survivor regions: 2->2(7)
[9.343s][info][gc,heap        ] GC(11) Old regions: 25->25
[9.343s][info][gc,heap        ] GC(11) Archive regions: 0->0
[9.343s][info][gc,heap        ] GC(11) Humongous regions: 0->0
[9.343s][info][gc,metaspace   ] GC(11) Metaspace: 9843K(10176K)->9843K(10176K) NonClass: 8539K(8768K)->8539K(8768K) Class: 1303K(1408K)->1303K(1408K)
[9.343s][info][gc             ] GC(11) Pause Young (Normal) (G1 Evacuation Pause) 53M->5M(84M) 3.166ms
[9.343s][info][gc,cpu         ] GC(11) User=0.06s Sys=0.00s Real=0.02s
[9.561s][info][gc,start       ] GC(12) Pause Young (Normal) (G1 Evacuation Pause)
[9.561s][info][gc,task        ] GC(12) Using 3 workers of 33 for evacuation
[9.564s][info][gc,phases      ] GC(12)   Pre Evacuate Collection Set: 0.1ms
[9.564s][info][gc,phases      ] GC(12)   Merge Heap Roots: 0.1ms
[9.564s][info][gc,phases      ] GC(12)   Evacuate Collection Set: 2.4ms
[9.564s][info][gc,phases      ] GC(12)   Post Evacuate Collection Set: 0.3ms
[9.564s][info][gc,phases      ] GC(12)   Other: 0.1ms
[9.564s][info][gc,heap        ] GC(12) Eden regions: 48->0(48)
[9.564s][info][gc,heap        ] GC(12) Survivor regions: 2->2(7)
[9.564s][info][gc,heap        ] GC(12) Old regions: 25->25
[9.564s][info][gc,heap        ] GC(12) Archive regions: 0->0
[9.564s][info][gc,heap        ] GC(12) Humongous regions: 0->0
[9.564s][info][gc,metaspace   ] GC(12) Metaspace: 9843K(10176K)->9843K(10176K) NonClass: 8539K(8768K)->8539K(8768K) Class: 1303K(1408K)->1303K(1408K)
[9.564s][info][gc             ] GC(12) Pause Young (Normal) (G1 Evacuation Pause) 53M->5M(84M) 3.594ms
[9.564s][info][gc,cpu         ] GC(12) User=0.00s Sys=0.00s Real=0.00s
[9.779s][info][gc,start       ] GC(13) Pause Young (Normal) (G1 Evacuation Pause)
[9.779s][info][gc,task        ] GC(13) Using 2 workers of 33 for evacuation
[9.796s][info][gc,phases      ] GC(13)   Pre Evacuate Collection Set: 0.1ms
[9.796s][info][gc,phases      ] GC(13)   Merge Heap Roots: 0.1ms
[9.796s][info][gc,phases      ] GC(13)   Evacuate Collection Set: 3.6ms
[9.796s][info][gc,phases      ] GC(13)   Post Evacuate Collection Set: 12.8ms
[9.796s][info][gc,phases      ] GC(13)   Other: 0.1ms
[9.796s][info][gc,heap        ] GC(13) Eden regions: 48->0(637)
[9.796s][info][gc,heap        ] GC(13) Survivor regions: 2->2(7)
[9.796s][info][gc,heap        ] GC(13) Old regions: 25->25
[9.796s][info][gc,heap        ] GC(13) Archive regions: 0->0
[9.796s][info][gc,heap        ] GC(13) Humongous regions: 0->0
[9.796s][info][gc,metaspace   ] GC(13) Metaspace: 9843K(10176K)->9843K(10176K) NonClass: 8539K(8768K)->8539K(8768K) Class: 1303K(1408K)->1303K(1408K)
[9.796s][info][gc             ] GC(13) Pause Young (Normal) (G1 Evacuation Pause) 53M->5M(1066M) 17.185ms
[9.796s][info][gc,cpu         ] GC(13) User=0.00s Sys=0.02s Real=0.02s
[12.818s][info][gc,start       ] GC(14) Pause Young (Normal) (G1 Evacuation Pause)
[12.818s][info][gc,task        ] GC(14) Using 25 workers of 33 for evacuation
[12.821s][info][gc,phases      ] GC(14)   Pre Evacuate Collection Set: 0.2ms
[12.821s][info][gc,phases      ] GC(14)   Merge Heap Roots: 0.4ms
[12.821s][info][gc,phases      ] GC(14)   Evacuate Collection Set: 1.7ms
[12.821s][info][gc,phases      ] GC(14)   Post Evacuate Collection Set: 0.8ms
[12.821s][info][gc,phases      ] GC(14)   Other: 0.2ms
[12.821s][info][gc,heap        ] GC(14) Eden regions: 637->0(637)
[12.822s][info][gc,heap        ] GC(14) Survivor regions: 2->2(80)
[12.822s][info][gc,heap        ] GC(14) Old regions: 25->25
[12.822s][info][gc,heap        ] GC(14) Archive regions: 0->0
[12.822s][info][gc,heap        ] GC(14) Humongous regions: 0->0
[12.822s][info][gc,metaspace   ] GC(14) Metaspace: 9843K(10176K)->9843K(10176K) NonClass: 8539K(8768K)->8539K(8768K) Class: 1303K(1408K)->1303K(1408K)
[12.822s][info][gc             ] GC(14) Pause Young (Normal) (G1 Evacuation Pause) 642M->5M(1066M) 3.950ms
[12.822s][info][gc,cpu         ] GC(14) User=0.00s Sys=0.00s Real=0.00s
[15.649s][info][gc,start       ] GC(15) Pause Young (Normal) (G1 Evacuation Pause)
[15.649s][info][gc,task        ] GC(15) Using 25 workers of 33 for evacuation
[15.652s][info][gc,phases      ] GC(15)   Pre Evacuate Collection Set: 0.2ms
[15.652s][info][gc,phases      ] GC(15)   Merge Heap Roots: 0.4ms
[15.652s][info][gc,phases      ] GC(15)   Evacuate Collection Set: 1.9ms
[15.652s][info][gc,phases      ] GC(15)   Post Evacuate Collection Set: 0.8ms
[15.653s][info][gc,phases      ] GC(15)   Other: 0.2ms
[15.653s][info][gc,heap        ] GC(15) Eden regions: 637->0(637)
[15.653s][info][gc,heap        ] GC(15) Survivor regions: 2->2(80)
[15.653s][info][gc,heap        ] GC(15) Old regions: 25->25
[15.653s][info][gc,heap        ] GC(15) Archive regions: 0->0
[15.653s][info][gc,heap        ] GC(15) Humongous regions: 0->0
[15.653s][info][gc,metaspace   ] GC(15) Metaspace: 9843K(10176K)->9843K(10176K) NonClass: 8539K(8768K)->8539K(8768K) Class: 1303K(1408K)->1303K(1408K)
[15.653s][info][gc             ] GC(15) Pause Young (Normal) (G1 Evacuation Pause) 642M->5M(1066M) 4.100ms
[15.653s][info][gc,cpu         ] GC(15) User=0.00s Sys=0.00s Real=0.00s
[15.985s][info][gc,start       ] GC(16) Pause Full (System.gc())
[15.985s][info][gc,task        ] GC(16) Using 25 workers of 33 for full compaction
[15.987s][info][gc,phases,start] GC(16) Phase 1: Mark live objects
[15.994s][info][gc,phases      ] GC(16) Phase 1: Mark live objects 7.332ms
[15.994s][info][gc,phases,start] GC(16) Phase 2: Prepare compaction
[15.999s][info][gc,phases      ] GC(16) Phase 2: Prepare compaction 4.492ms
[15.999s][info][gc,phases,start] GC(16) Phase 3: Adjust pointers
[16.001s][info][gc,phases      ] GC(16) Phase 3: Adjust pointers 2.791ms
[16.001s][info][gc,phases,start] GC(16) Phase 4: Compact heap
[16.002s][info][gc,phases      ] GC(16) Phase 4: Compact heap 0.546ms
[16.011s][info][gc,heap        ] GC(16) Eden regions: 77->0(50)
[16.011s][info][gc,heap        ] GC(16) Survivor regions: 2->0(80)
[16.011s][info][gc,heap        ] GC(16) Old regions: 25->25
[16.011s][info][gc,heap        ] GC(16) Archive regions: 0->0
[16.011s][info][gc,heap        ] GC(16) Humongous regions: 0->0
[16.011s][info][gc,metaspace   ] GC(16) Metaspace: 9843K(10176K)->9843K(10176K) NonClass: 8539K(8768K)->8539K(8768K) Class: 1303K(1408K)->1303K(1408K)
[16.011s][info][gc             ] GC(16) Pause Full (System.gc()) 82M->3M(84M) 26.126ms
[16.011s][info][gc,cpu         ] GC(16) User=0.08s Sys=0.00s Real=0.02s
[16.258s][info][gc,start       ] GC(17) Pause Young (Normal) (G1 Evacuation Pause)
[16.258s][info][gc,task        ] GC(17) Using 13 workers of 33 for evacuation
[16.260s][info][gc,phases      ] GC(17)   Pre Evacuate Collection Set: 0.2ms
[16.260s][info][gc,phases      ] GC(17)   Merge Heap Roots: 0.1ms
[16.260s][info][gc,phases      ] GC(17)   Evacuate Collection Set: 0.9ms
[16.260s][info][gc,phases      ] GC(17)   Post Evacuate Collection Set: 0.4ms
[16.260s][info][gc,phases      ] GC(17)   Other: 0.1ms
[16.260s][info][gc,heap        ] GC(17) Eden regions: 50->0(48)
[16.260s][info][gc,heap        ] GC(17) Survivor regions: 0->2(7)
[16.260s][info][gc,heap        ] GC(17) Old regions: 25->25
[16.260s][info][gc,heap        ] GC(17) Archive regions: 0->0
[16.260s][info][gc,heap        ] GC(17) Humongous regions: 0->0
[16.260s][info][gc,metaspace   ] GC(17) Metaspace: 9850K(10176K)->9850K(10176K) NonClass: 8546K(8768K)->8546K(8768K) Class: 1303K(1408K)->1303K(1408K)
[16.260s][info][gc             ] GC(17) Pause Young (Normal) (G1 Evacuation Pause) 53M->5M(84M) 2.127ms
[16.260s][info][gc,cpu         ] GC(17) User=0.00s Sys=0.00s Real=0.00s
[16.455s][info][gc,start       ] GC(18) Pause Young (Normal) (G1 Evacuation Pause)
[16.455s][info][gc,task        ] GC(18) Using 7 workers of 33 for evacuation
[16.457s][info][gc,phases      ] GC(18)   Pre Evacuate Collection Set: 0.1ms
[16.457s][info][gc,phases      ] GC(18)   Merge Heap Roots: 0.1ms
[16.457s][info][gc,phases      ] GC(18)   Evacuate Collection Set: 1.1ms
[16.457s][info][gc,phases      ] GC(18)   Post Evacuate Collection Set: 0.3ms
[16.457s][info][gc,phases      ] GC(18)   Other: 0.1ms
[16.457s][info][gc,heap        ] GC(18) Eden regions: 48->0(48)
[16.457s][info][gc,heap        ] GC(18) Survivor regions: 2->2(7)
[16.457s][info][gc,heap        ] GC(18) Old regions: 25->25
[16.457s][info][gc,heap        ] GC(18) Archive regions: 0->0
[16.457s][info][gc,heap        ] GC(18) Humongous regions: 0->0
[16.457s][info][gc,metaspace   ] GC(18) Metaspace: 9850K(10176K)->9850K(10176K) NonClass: 8546K(8768K)->8546K(8768K) Class: 1303K(1408K)->1303K(1408K)
[16.457s][info][gc             ] GC(18) Pause Young (Normal) (G1 Evacuation Pause) 53M->5M(84M) 2.271ms
[16.457s][info][gc,cpu         ] GC(18) User=0.00s Sys=0.00s Real=0.00s
[16.663s][info][gc,start       ] GC(19) Pause Young (Normal) (G1 Evacuation Pause)
[16.663s][info][gc,task        ] GC(19) Using 4 workers of 33 for evacuation
[16.665s][info][gc,phases      ] GC(19)   Pre Evacuate Collection Set: 0.1ms
[16.665s][info][gc,phases      ] GC(19)   Merge Heap Roots: 0.1ms
[16.665s][info][gc,phases      ] GC(19)   Evacuate Collection Set: 1.9ms
[16.665s][info][gc,phases      ] GC(19)   Post Evacuate Collection Set: 0.3ms
[16.666s][info][gc,phases      ] GC(19)   Other: 0.1ms
[16.666s][info][gc,heap        ] GC(19) Eden regions: 48->0(48)
[16.666s][info][gc,heap        ] GC(19) Survivor regions: 2->2(7)
[16.666s][info][gc,heap        ] GC(19) Old regions: 25->25
[16.666s][info][gc,heap        ] GC(19) Archive regions: 0->0
[16.666s][info][gc,heap        ] GC(19) Humongous regions: 0->0
[16.666s][info][gc,metaspace   ] GC(19) Metaspace: 9850K(10176K)->9850K(10176K) NonClass: 8546K(8768K)->8546K(8768K) Class: 1303K(1408K)->1303K(1408K)
[16.666s][info][gc             ] GC(19) Pause Young (Normal) (G1 Evacuation Pause) 53M->5M(84M) 3.099ms
[16.666s][info][gc,cpu         ] GC(19) User=0.00s Sys=0.00s Real=0.00s
[16.886s][info][gc,start       ] GC(20) Pause Young (Normal) (G1 Evacuation Pause)
[16.886s][info][gc,task        ] GC(20) Using 3 workers of 33 for evacuation
[16.890s][info][gc,phases      ] GC(20)   Pre Evacuate Collection Set: 0.1ms
[16.890s][info][gc,phases      ] GC(20)   Merge Heap Roots: 0.1ms
[16.890s][info][gc,phases      ] GC(20)   Evacuate Collection Set: 2.5ms
[16.890s][info][gc,phases      ] GC(20)   Post Evacuate Collection Set: 0.3ms
[16.890s][info][gc,phases      ] GC(20)   Other: 0.1ms
[16.890s][info][gc,heap        ] GC(20) Eden regions: 48->0(48)
[16.890s][info][gc,heap        ] GC(20) Survivor regions: 2->2(7)
[16.890s][info][gc,heap        ] GC(20) Old regions: 25->25
[16.890s][info][gc,heap        ] GC(20) Archive regions: 0->0
[16.890s][info][gc,heap        ] GC(20) Humongous regions: 0->0
[16.890s][info][gc,metaspace   ] GC(20) Metaspace: 9850K(10176K)->9850K(10176K) NonClass: 8546K(8768K)->8546K(8768K) Class: 1303K(1408K)->1303K(1408K)
[16.890s][info][gc             ] GC(20) Pause Young (Normal) (G1 Evacuation Pause) 53M->5M(84M) 3.800ms
[16.890s][info][gc,cpu         ] GC(20) User=0.05s Sys=0.00s Real=0.02s
[17.093s][info][gc,start       ] GC(21) Pause Young (Normal) (G1 Evacuation Pause)
[17.093s][info][gc,task        ] GC(21) Using 2 workers of 33 for evacuation
[17.097s][info][gc,phases      ] GC(21)   Pre Evacuate Collection Set: 0.1ms
[17.097s][info][gc,phases      ] GC(21)   Merge Heap Roots: 0.1ms
[17.097s][info][gc,phases      ] GC(21)   Evacuate Collection Set: 3.4ms
[17.097s][info][gc,phases      ] GC(21)   Post Evacuate Collection Set: 0.4ms
[17.097s][info][gc,phases      ] GC(21)   Other: 0.1ms
[17.097s][info][gc,heap        ] GC(21) Eden regions: 48->0(48)
[17.097s][info][gc,heap        ] GC(21) Survivor regions: 2->2(7)
[17.097s][info][gc,heap        ] GC(21) Old regions: 25->25
[17.097s][info][gc,heap        ] GC(21) Archive regions: 0->0
[17.097s][info][gc,heap        ] GC(21) Humongous regions: 0->0
[17.097s][info][gc,metaspace   ] GC(21) Metaspace: 9850K(10176K)->9850K(10176K) NonClass: 8546K(8768K)->8546K(8768K) Class: 1303K(1408K)->1303K(1408K)
[17.098s][info][gc             ] GC(21) Pause Young (Normal) (G1 Evacuation Pause) 53M->5M(84M) 4.635ms
[17.098s][info][gc,cpu         ] GC(21) User=0.00s Sys=0.00s Real=0.00s
[17.309s][info][gc,start       ] GC(22) Pause Young (Normal) (G1 Evacuation Pause)
[17.310s][info][gc,task        ] GC(22) Using 2 workers of 33 for evacuation
[17.326s][info][gc,phases      ] GC(22)   Pre Evacuate Collection Set: 0.1ms
[17.326s][info][gc,phases      ] GC(22)   Merge Heap Roots: 0.1ms
[17.326s][info][gc,phases      ] GC(22)   Evacuate Collection Set: 3.6ms
[17.326s][info][gc,phases      ] GC(22)   Post Evacuate Collection Set: 12.7ms
[17.326s][info][gc,phases      ] GC(22)   Other: 0.1ms
[17.326s][info][gc,heap        ] GC(22) Eden regions: 48->0(637)
[17.326s][info][gc,heap        ] GC(22) Survivor regions: 2->2(7)
[17.326s][info][gc,heap        ] GC(22) Old regions: 25->25
[17.326s][info][gc,heap        ] GC(22) Archive regions: 0->0
[17.327s][info][gc,heap        ] GC(22) Humongous regions: 0->0
[17.327s][info][gc,metaspace   ] GC(22) Metaspace: 9850K(10176K)->9850K(10176K) NonClass: 8546K(8768K)->8546K(8768K) Class: 1303K(1408K)->1303K(1408K)
[17.327s][info][gc             ] GC(22) Pause Young (Normal) (G1 Evacuation Pause) 53M->5M(1066M) 17.120ms
[17.327s][info][gc,cpu         ] GC(22) User=0.02s Sys=0.00s Real=0.02s
[20.322s][info][gc,start       ] GC(23) Pause Young (Normal) (G1 Evacuation Pause)
[20.322s][info][gc,task        ] GC(23) Using 25 workers of 33 for evacuation
[20.325s][info][gc,phases      ] GC(23)   Pre Evacuate Collection Set: 0.2ms
[20.325s][info][gc,phases      ] GC(23)   Merge Heap Roots: 0.4ms
[20.325s][info][gc,phases      ] GC(23)   Evacuate Collection Set: 1.7ms
[20.325s][info][gc,phases      ] GC(23)   Post Evacuate Collection Set: 0.8ms
[20.325s][info][gc,phases      ] GC(23)   Other: 0.2ms
[20.325s][info][gc,heap        ] GC(23) Eden regions: 637->0(637)
[20.325s][info][gc,heap        ] GC(23) Survivor regions: 2->2(80)
[20.325s][info][gc,heap        ] GC(23) Old regions: 25->25
[20.326s][info][gc,heap        ] GC(23) Archive regions: 0->0
[20.326s][info][gc,heap        ] GC(23) Humongous regions: 0->0
[20.326s][info][gc,metaspace   ] GC(23) Metaspace: 9850K(10176K)->9850K(10176K) NonClass: 8546K(8768K)->8546K(8768K) Class: 1303K(1408K)->1303K(1408K)
[20.326s][info][gc             ] GC(23) Pause Young (Normal) (G1 Evacuation Pause) 642M->5M(1066M) 3.855ms
[20.326s][info][gc,cpu         ] GC(23) User=0.00s Sys=0.00s Real=0.00s
[23.142s][info][gc,start       ] GC(24) Pause Young (Normal) (G1 Evacuation Pause)
[23.142s][info][gc,task        ] GC(24) Using 25 workers of 33 for evacuation
[23.146s][info][gc,phases      ] GC(24)   Pre Evacuate Collection Set: 0.2ms
[23.146s][info][gc,phases      ] GC(24)   Merge Heap Roots: 0.4ms
[23.146s][info][gc,phases      ] GC(24)   Evacuate Collection Set: 1.6ms
[23.146s][info][gc,phases      ] GC(24)   Post Evacuate Collection Set: 0.8ms
[23.146s][info][gc,phases      ] GC(24)   Other: 0.2ms
[23.146s][info][gc,heap        ] GC(24) Eden regions: 637->0(637)
[23.146s][info][gc,heap        ] GC(24) Survivor regions: 2->2(80)
[23.146s][info][gc,heap        ] GC(24) Old regions: 25->25
[23.146s][info][gc,heap        ] GC(24) Archive regions: 0->0
[23.146s][info][gc,heap        ] GC(24) Humongous regions: 0->0
[23.146s][info][gc,metaspace   ] GC(24) Metaspace: 9850K(10176K)->9850K(10176K) NonClass: 8546K(8768K)->8546K(8768K) Class: 1303K(1408K)->1303K(1408K)
[23.146s][info][gc             ] GC(24) Pause Young (Normal) (G1 Evacuation Pause) 642M->5M(1066M) 3.774ms
[23.146s][info][gc,cpu         ] GC(24) User=0.02s Sys=0.00s Real=0.01s
[23.294s][info][gc,start       ] GC(25) Pause Full (System.gc())
[23.295s][info][gc,task        ] GC(25) Using 25 workers of 33 for full compaction
[23.296s][info][gc,phases,start] GC(25) Phase 1: Mark live objects
[23.302s][info][gc,phases      ] GC(25) Phase 1: Mark live objects 5.837ms
[23.302s][info][gc,phases,start] GC(25) Phase 2: Prepare compaction
[23.306s][info][gc,phases      ] GC(25) Phase 2: Prepare compaction 4.148ms
[23.306s][info][gc,phases,start] GC(25) Phase 3: Adjust pointers
[23.309s][info][gc,phases      ] GC(25) Phase 3: Adjust pointers 3.455ms
[23.309s][info][gc,phases,start] GC(25) Phase 4: Compact heap
[23.310s][info][gc,phases      ] GC(25) Phase 4: Compact heap 0.513ms
[23.320s][info][gc,heap        ] GC(25) Eden regions: 35->0(50)
[23.321s][info][gc,heap        ] GC(25) Survivor regions: 2->0(80)
[23.321s][info][gc,heap        ] GC(25) Old regions: 25->25
[23.321s][info][gc,heap        ] GC(25) Archive regions: 0->0
[23.321s][info][gc,heap        ] GC(25) Humongous regions: 0->0
[23.321s][info][gc,metaspace   ] GC(25) Metaspace: 9850K(10176K)->9850K(10176K) NonClass: 8546K(8768K)->8546K(8768K) Class: 1303K(1408K)->1303K(1408K)
[23.321s][info][gc             ] GC(25) Pause Full (System.gc()) 40M->3M(84M) 26.175ms
[23.321s][info][gc,cpu         ] GC(25) User=0.42s Sys=0.23s Real=0.03s
[23.536s][info][gc,start       ] GC(26) Pause Young (Normal) (G1 Evacuation Pause)
[23.536s][info][gc,task        ] GC(26) Using 13 workers of 33 for evacuation
[23.538s][info][gc,phases      ] GC(26)   Pre Evacuate Collection Set: 0.1ms
[23.538s][info][gc,phases      ] GC(26)   Merge Heap Roots: 0.1ms
[23.538s][info][gc,phases      ] GC(26)   Evacuate Collection Set: 0.8ms
[23.538s][info][gc,phases      ] GC(26)   Post Evacuate Collection Set: 0.5ms
[23.538s][info][gc,phases      ] GC(26)   Other: 0.1ms
[23.538s][info][gc,heap        ] GC(26) Eden regions: 50->0(48)
[23.538s][info][gc,heap        ] GC(26) Survivor regions: 0->2(7)
[23.538s][info][gc,heap        ] GC(26) Old regions: 25->25
[23.538s][info][gc,heap        ] GC(26) Archive regions: 0->0
[23.538s][info][gc,heap        ] GC(26) Humongous regions: 0->0
[23.538s][info][gc,metaspace   ] GC(26) Metaspace: 9852K(10176K)->9852K(10176K) NonClass: 8548K(8768K)->8548K(8768K) Class: 1303K(1408K)->1303K(1408K)
[23.538s][info][gc             ] GC(26) Pause Young (Normal) (G1 Evacuation Pause) 53M->5M(84M) 2.390ms
[23.538s][info][gc,cpu         ] GC(26) User=0.00s Sys=0.00s Real=0.00s
[23.739s][info][gc,start       ] GC(27) Pause Young (Normal) (G1 Evacuation Pause)
[23.739s][info][gc,task        ] GC(27) Using 7 workers of 33 for evacuation
[23.741s][info][gc,phases      ] GC(27)   Pre Evacuate Collection Set: 0.1ms
[23.741s][info][gc,phases      ] GC(27)   Merge Heap Roots: 0.1ms
[23.741s][info][gc,phases      ] GC(27)   Evacuate Collection Set: 1.0ms
[23.741s][info][gc,phases      ] GC(27)   Post Evacuate Collection Set: 0.3ms
[23.741s][info][gc,phases      ] GC(27)   Other: 0.1ms
[23.741s][info][gc,heap        ] GC(27) Eden regions: 48->0(48)
[23.741s][info][gc,heap        ] GC(27) Survivor regions: 2->2(7)
[23.741s][info][gc,heap        ] GC(27) Old regions: 25->25
[23.741s][info][gc,heap        ] GC(27) Archive regions: 0->0
[23.741s][info][gc,heap        ] GC(27) Humongous regions: 0->0
[23.741s][info][gc,metaspace   ] GC(27) Metaspace: 9852K(10176K)->9852K(10176K) NonClass: 8548K(8768K)->8548K(8768K) Class: 1303K(1408K)->1303K(1408K)
[23.741s][info][gc             ] GC(27) Pause Young (Normal) (G1 Evacuation Pause) 53M->5M(84M) 2.080ms
[23.741s][info][gc,cpu         ] GC(27) User=0.00s Sys=0.00s Real=0.00s
[23.942s][info][gc,start       ] GC(28) Pause Young (Normal) (G1 Evacuation Pause)
[23.942s][info][gc,task        ] GC(28) Using 4 workers of 33 for evacuation
[23.945s][info][gc,phases      ] GC(28)   Pre Evacuate Collection Set: 0.1ms
[23.945s][info][gc,phases      ] GC(28)   Merge Heap Roots: 0.1ms
[23.945s][info][gc,phases      ] GC(28)   Evacuate Collection Set: 2.1ms
[23.945s][info][gc,phases      ] GC(28)   Post Evacuate Collection Set: 0.3ms
[23.945s][info][gc,phases      ] GC(28)   Other: 0.1ms
[23.945s][info][gc,heap        ] GC(28) Eden regions: 48->0(48)
[23.945s][info][gc,heap        ] GC(28) Survivor regions: 2->2(7)
[23.945s][info][gc,heap        ] GC(28) Old regions: 25->25
[23.945s][info][gc,heap        ] GC(28) Archive regions: 0->0
[23.945s][info][gc,heap        ] GC(28) Humongous regions: 0->0
[23.945s][info][gc,metaspace   ] GC(28) Metaspace: 9852K(10176K)->9852K(10176K) NonClass: 8548K(8768K)->8548K(8768K) Class: 1303K(1408K)->1303K(1408K)
[23.945s][info][gc             ] GC(28) Pause Young (Normal) (G1 Evacuation Pause) 53M->5M(84M) 3.231ms
[23.945s][info][gc,cpu         ] GC(28) User=0.00s Sys=0.00s Real=0.00s
[24.152s][info][gc,start       ] GC(29) Pause Young (Normal) (G1 Evacuation Pause)
[24.153s][info][gc,task        ] GC(29) Using 3 workers of 33 for evacuation
[24.156s][info][gc,phases      ] GC(29)   Pre Evacuate Collection Set: 0.1ms
[24.156s][info][gc,phases      ] GC(29)   Merge Heap Roots: 0.1ms
[24.156s][info][gc,phases      ] GC(29)   Evacuate Collection Set: 2.5ms
[24.156s][info][gc,phases      ] GC(29)   Post Evacuate Collection Set: 0.3ms
[24.156s][info][gc,phases      ] GC(29)   Other: 0.1ms
[24.156s][info][gc,heap        ] GC(29) Eden regions: 48->0(48)
[24.156s][info][gc,heap        ] GC(29) Survivor regions: 2->2(7)
[24.156s][info][gc,heap        ] GC(29) Old regions: 25->25
[24.156s][info][gc,heap        ] GC(29) Archive regions: 0->0
[24.156s][info][gc,heap        ] GC(29) Humongous regions: 0->0
[24.156s][info][gc,metaspace   ] GC(29) Metaspace: 9852K(10176K)->9852K(10176K) NonClass: 8548K(8768K)->8548K(8768K) Class: 1303K(1408K)->1303K(1408K)
[24.156s][info][gc             ] GC(29) Pause Young (Normal) (G1 Evacuation Pause) 53M->5M(84M) 3.668ms
[24.156s][info][gc,cpu         ] GC(29) User=0.00s Sys=0.00s Real=0.00s
[24.364s][info][gc,start       ] GC(30) Pause Young (Normal) (G1 Evacuation Pause)
[24.364s][info][gc,task        ] GC(30) Using 2 workers of 33 for evacuation
[24.369s][info][gc,phases      ] GC(30)   Pre Evacuate Collection Set: 0.1ms
[24.369s][info][gc,phases      ] GC(30)   Merge Heap Roots: 0.1ms
[24.369s][info][gc,phases      ] GC(30)   Evacuate Collection Set: 3.6ms
[24.369s][info][gc,phases      ] GC(30)   Post Evacuate Collection Set: 0.3ms
[24.369s][info][gc,phases      ] GC(30)   Other: 0.1ms
[24.369s][info][gc,heap        ] GC(30) Eden regions: 48->0(48)
[24.369s][info][gc,heap        ] GC(30) Survivor regions: 2->2(7)
[24.369s][info][gc,heap        ] GC(30) Old regions: 25->25
[24.369s][info][gc,heap        ] GC(30) Archive regions: 0->0
[24.369s][info][gc,heap        ] GC(30) Humongous regions: 0->0
[24.369s][info][gc,metaspace   ] GC(30) Metaspace: 9852K(10176K)->9852K(10176K) NonClass: 8548K(8768K)->8548K(8768K) Class: 1303K(1408K)->1303K(1408K)
[24.369s][info][gc             ] GC(30) Pause Young (Normal) (G1 Evacuation Pause) 53M->5M(84M) 4.828ms
[24.369s][info][gc,cpu         ] GC(30) User=0.00s Sys=0.00s Real=0.00s
[24.576s][info][gc,start       ] GC(31) Pause Young (Normal) (G1 Evacuation Pause)
[24.576s][info][gc,task        ] GC(31) Using 2 workers of 33 for evacuation
[24.593s][info][gc,phases      ] GC(31)   Pre Evacuate Collection Set: 0.1ms
[24.593s][info][gc,phases      ] GC(31)   Merge Heap Roots: 0.1ms
[24.593s][info][gc,phases      ] GC(31)   Evacuate Collection Set: 3.7ms
[24.593s][info][gc,phases      ] GC(31)   Post Evacuate Collection Set: 13.1ms
[24.593s][info][gc,phases      ] GC(31)   Other: 0.1ms
[24.593s][info][gc,heap        ] GC(31) Eden regions: 48->0(637)
[24.593s][info][gc,heap        ] GC(31) Survivor regions: 2->2(7)
[24.593s][info][gc,heap        ] GC(31) Old regions: 25->25
[24.593s][info][gc,heap        ] GC(31) Archive regions: 0->0
[24.593s][info][gc,heap        ] GC(31) Humongous regions: 0->0
[24.593s][info][gc,metaspace   ] GC(31) Metaspace: 9852K(10176K)->9852K(10176K) NonClass: 8548K(8768K)->8548K(8768K) Class: 1303K(1408K)->1303K(1408K)
[24.593s][info][gc             ] GC(31) Pause Young (Normal) (G1 Evacuation Pause) 53M->5M(1066M) 17.668ms
[24.593s][info][gc,cpu         ] GC(31) User=0.00s Sys=0.02s Real=0.01s
[27.585s][info][gc,start       ] GC(32) Pause Young (Normal) (G1 Evacuation Pause)
[27.585s][info][gc,task        ] GC(32) Using 25 workers of 33 for evacuation
[27.588s][info][gc,phases      ] GC(32)   Pre Evacuate Collection Set: 0.3ms
[27.588s][info][gc,phases      ] GC(32)   Merge Heap Roots: 0.4ms
[27.588s][info][gc,phases      ] GC(32)   Evacuate Collection Set: 1.6ms
[27.588s][info][gc,phases      ] GC(32)   Post Evacuate Collection Set: 0.8ms
[27.588s][info][gc,phases      ] GC(32)   Other: 0.2ms
[27.588s][info][gc,heap        ] GC(32) Eden regions: 637->0(637)
[27.588s][info][gc,heap        ] GC(32) Survivor regions: 2->2(80)
[27.588s][info][gc,heap        ] GC(32) Old regions: 25->25
[27.588s][info][gc,heap        ] GC(32) Archive regions: 0->0
[27.588s][info][gc,heap        ] GC(32) Humongous regions: 0->0
[27.589s][info][gc,metaspace   ] GC(32) Metaspace: 9852K(10176K)->9852K(10176K) NonClass: 8548K(8768K)->8548K(8768K) Class: 1303K(1408K)->1303K(1408K)
[27.589s][info][gc             ] GC(32) Pause Young (Normal) (G1 Evacuation Pause) 642M->5M(1066M) 3.779ms
[27.589s][info][gc,cpu         ] GC(32) User=0.00s Sys=0.00s Real=0.00s
[30.386s][info][gc,start       ] GC(33) Pause Young (Normal) (G1 Evacuation Pause)
[30.386s][info][gc,task        ] GC(33) Using 25 workers of 33 for evacuation
[30.390s][info][gc,phases      ] GC(33)   Pre Evacuate Collection Set: 0.2ms
[30.390s][info][gc,phases      ] GC(33)   Merge Heap Roots: 0.4ms
[30.390s][info][gc,phases      ] GC(33)   Evacuate Collection Set: 1.5ms
[30.390s][info][gc,phases      ] GC(33)   Post Evacuate Collection Set: 0.9ms
[30.390s][info][gc,phases      ] GC(33)   Other: 0.2ms
[30.390s][info][gc,heap        ] GC(33) Eden regions: 637->0(637)
[30.390s][info][gc,heap        ] GC(33) Survivor regions: 2->2(80)
[30.390s][info][gc,heap        ] GC(33) Old regions: 25->25
[30.390s][info][gc,heap        ] GC(33) Archive regions: 0->0
[30.390s][info][gc,heap        ] GC(33) Humongous regions: 0->0
[30.390s][info][gc,metaspace   ] GC(33) Metaspace: 9852K(10176K)->9852K(10176K) NonClass: 8548K(8768K)->8548K(8768K) Class: 1303K(1408K)->1303K(1408K)
[30.390s][info][gc             ] GC(33) Pause Young (Normal) (G1 Evacuation Pause) 642M->5M(1066M) 3.860ms
[30.390s][info][gc,cpu         ] GC(33) User=0.00s Sys=0.00s Real=0.00s
[30.535s][info][gc,start       ] GC(34) Pause Full (System.gc())
[30.535s][info][gc,task        ] GC(34) Using 25 workers of 33 for full compaction
[30.536s][info][gc,phases,start] GC(34) Phase 1: Mark live objects
[30.542s][info][gc,phases      ] GC(34) Phase 1: Mark live objects 6.234ms
[30.542s][info][gc,phases,start] GC(34) Phase 2: Prepare compaction
[30.547s][info][gc,phases      ] GC(34) Phase 2: Prepare compaction 4.167ms
[30.547s][info][gc,phases,start] GC(34) Phase 3: Adjust pointers
[30.551s][info][gc,phases      ] GC(34) Phase 3: Adjust pointers 4.136ms
[30.551s][info][gc,phases,start] GC(34) Phase 4: Compact heap
[30.551s][info][gc,phases      ] GC(34) Phase 4: Compact heap 0.594ms
[30.564s][info][gc,heap        ] GC(34) Eden regions: 36->0(50)
[30.564s][info][gc,heap        ] GC(34) Survivor regions: 2->0(80)
[30.564s][info][gc,heap        ] GC(34) Old regions: 25->25
[30.564s][info][gc,heap        ] GC(34) Archive regions: 0->0
[30.564s][info][gc,heap        ] GC(34) Humongous regions: 0->0
[30.564s][info][gc,metaspace   ] GC(34) Metaspace: 9852K(10176K)->9852K(10176K) NonClass: 8548K(8768K)->8548K(8768K) Class: 1303K(1408K)->1303K(1408K)
[30.564s][info][gc             ] GC(34) Pause Full (System.gc()) 40M->3M(84M) 29.576ms
[30.565s][info][gc,cpu         ] GC(34) User=0.39s Sys=0.27s Real=0.03s
[30.767s][info][gc,start       ] GC(35) Pause Young (Normal) (G1 Evacuation Pause)
[30.767s][info][gc,task        ] GC(35) Using 13 workers of 33 for evacuation
[30.768s][info][gc,phases      ] GC(35)   Pre Evacuate Collection Set: 0.2ms
[30.768s][info][gc,phases      ] GC(35)   Merge Heap Roots: 0.1ms
[30.768s][info][gc,phases      ] GC(35)   Evacuate Collection Set: 0.9ms
[30.769s][info][gc,phases      ] GC(35)   Post Evacuate Collection Set: 0.4ms
[30.769s][info][gc,phases      ] GC(35)   Other: 0.1ms
[30.769s][info][gc,heap        ] GC(35) Eden regions: 50->0(48)
[30.769s][info][gc,heap        ] GC(35) Survivor regions: 0->2(7)
[30.769s][info][gc,heap        ] GC(35) Old regions: 25->25
[30.769s][info][gc,heap        ] GC(35) Archive regions: 0->0
[30.769s][info][gc,heap        ] GC(35) Humongous regions: 0->0
[30.769s][info][gc,metaspace   ] GC(35) Metaspace: 9854K(10176K)->9854K(10176K) NonClass: 8550K(8768K)->8550K(8768K) Class: 1303K(1408K)->1303K(1408K)
[30.769s][info][gc             ] GC(35) Pause Young (Normal) (G1 Evacuation Pause) 53M->5M(84M) 2.140ms
[30.769s][info][gc,cpu         ] GC(35) User=0.00s Sys=0.00s Real=0.00s
[30.966s][info][gc,start       ] GC(36) Pause Young (Normal) (G1 Evacuation Pause)
[30.966s][info][gc,task        ] GC(36) Using 7 workers of 33 for evacuation
[30.968s][info][gc,phases      ] GC(36)   Pre Evacuate Collection Set: 0.1ms
[30.968s][info][gc,phases      ] GC(36)   Merge Heap Roots: 0.1ms
[30.968s][info][gc,phases      ] GC(36)   Evacuate Collection Set: 1.1ms
[30.968s][info][gc,phases      ] GC(36)   Post Evacuate Collection Set: 0.3ms
[30.968s][info][gc,phases      ] GC(36)   Other: 0.1ms
[30.968s][info][gc,heap        ] GC(36) Eden regions: 48->0(48)
[30.968s][info][gc,heap        ] GC(36) Survivor regions: 2->2(7)
[30.968s][info][gc,heap        ] GC(36) Old regions: 25->25
[30.968s][info][gc,heap        ] GC(36) Archive regions: 0->0
[30.968s][info][gc,heap        ] GC(36) Humongous regions: 0->0
[30.968s][info][gc,metaspace   ] GC(36) Metaspace: 9854K(10176K)->9854K(10176K) NonClass: 8550K(8768K)->8550K(8768K) Class: 1303K(1408K)->1303K(1408K)
[30.968s][info][gc             ] GC(36) Pause Young (Normal) (G1 Evacuation Pause) 53M->5M(84M) 2.194ms
[30.968s][info][gc,cpu         ] GC(36) User=0.00s Sys=0.00s Real=0.00s
[31.172s][info][gc,start       ] GC(37) Pause Young (Normal) (G1 Evacuation Pause)
[31.172s][info][gc,task        ] GC(37) Using 4 workers of 33 for evacuation
[31.175s][info][gc,phases      ] GC(37)   Pre Evacuate Collection Set: 0.1ms
[31.175s][info][gc,phases      ] GC(37)   Merge Heap Roots: 0.1ms
[31.175s][info][gc,phases      ] GC(37)   Evacuate Collection Set: 1.9ms
[31.175s][info][gc,phases      ] GC(37)   Post Evacuate Collection Set: 0.3ms
[31.175s][info][gc,phases      ] GC(37)   Other: 0.1ms
[31.175s][info][gc,heap        ] GC(37) Eden regions: 48->0(48)
[31.175s][info][gc,heap        ] GC(37) Survivor regions: 2->2(7)
[31.175s][info][gc,heap        ] GC(37) Old regions: 25->25
[31.175s][info][gc,heap        ] GC(37) Archive regions: 0->0
[31.175s][info][gc,heap        ] GC(37) Humongous regions: 0->0
[31.175s][info][gc,metaspace   ] GC(37) Metaspace: 9854K(10176K)->9854K(10176K) NonClass: 8550K(8768K)->8550K(8768K) Class: 1303K(1408K)->1303K(1408K)
[31.175s][info][gc             ] GC(37) Pause Young (Normal) (G1 Evacuation Pause) 53M->5M(84M) 3.047ms
[31.175s][info][gc,cpu         ] GC(37) User=0.03s Sys=0.00s Real=0.00s
[31.382s][info][gc,start       ] GC(38) Pause Young (Normal) (G1 Evacuation Pause)
[31.382s][info][gc,task        ] GC(38) Using 3 workers of 33 for evacuation
[31.385s][info][gc,phases      ] GC(38)   Pre Evacuate Collection Set: 0.1ms
[31.385s][info][gc,phases      ] GC(38)   Merge Heap Roots: 0.1ms
[31.385s][info][gc,phases      ] GC(38)   Evacuate Collection Set: 1.9ms
[31.385s][info][gc,phases      ] GC(38)   Post Evacuate Collection Set: 0.3ms
[31.385s][info][gc,phases      ] GC(38)   Other: 0.2ms
[31.385s][info][gc,heap        ] GC(38) Eden regions: 48->0(48)
[31.385s][info][gc,heap        ] GC(38) Survivor regions: 2->2(7)
[31.385s][info][gc,heap        ] GC(38) Old regions: 25->25
[31.385s][info][gc,heap        ] GC(38) Archive regions: 0->0
[31.385s][info][gc,heap        ] GC(38) Humongous regions: 0->0
[31.385s][info][gc,metaspace   ] GC(38) Metaspace: 9854K(10176K)->9854K(10176K) NonClass: 8550K(8768K)->8550K(8768K) Class: 1303K(1408K)->1303K(1408K)
[31.386s][info][gc             ] GC(38) Pause Young (Normal) (G1 Evacuation Pause) 53M->5M(84M) 3.193ms
[31.386s][info][gc,cpu         ] GC(38) User=0.00s Sys=0.00s Real=0.00s
[31.597s][info][gc,start       ] GC(39) Pause Young (Normal) (G1 Evacuation Pause)
[31.597s][info][gc,task        ] GC(39) Using 2 workers of 33 for evacuation
[31.601s][info][gc,phases      ] GC(39)   Pre Evacuate Collection Set: 0.1ms
[31.601s][info][gc,phases      ] GC(39)   Merge Heap Roots: 0.1ms
[31.601s][info][gc,phases      ] GC(39)   Evacuate Collection Set: 3.6ms
[31.601s][info][gc,phases      ] GC(39)   Post Evacuate Collection Set: 0.4ms
[31.601s][info][gc,phases      ] GC(39)   Other: 0.1ms
[31.601s][info][gc,heap        ] GC(39) Eden regions: 48->0(48)
[31.601s][info][gc,heap        ] GC(39) Survivor regions: 2->2(7)
[31.601s][info][gc,heap        ] GC(39) Old regions: 25->25
[31.602s][info][gc,heap        ] GC(39) Archive regions: 0->0
[31.602s][info][gc,heap        ] GC(39) Humongous regions: 0->0
[31.602s][info][gc,metaspace   ] GC(39) Metaspace: 9854K(10176K)->9854K(10176K) NonClass: 8550K(8768K)->8550K(8768K) Class: 1303K(1408K)->1303K(1408K)
[31.602s][info][gc             ] GC(39) Pause Young (Normal) (G1 Evacuation Pause) 53M->5M(84M) 4.782ms
[31.602s][info][gc,cpu         ] GC(39) User=0.03s Sys=0.00s Real=0.01s
[31.815s][info][gc,start       ] GC(40) Pause Young (Normal) (G1 Evacuation Pause)
[31.815s][info][gc,task        ] GC(40) Using 2 workers of 33 for evacuation
[31.831s][info][gc,phases      ] GC(40)   Pre Evacuate Collection Set: 0.1ms
[31.831s][info][gc,phases      ] GC(40)   Merge Heap Roots: 0.1ms
[31.831s][info][gc,phases      ] GC(40)   Evacuate Collection Set: 3.3ms
[31.831s][info][gc,phases      ] GC(40)   Post Evacuate Collection Set: 12.6ms
[31.831s][info][gc,phases      ] GC(40)   Other: 0.1ms
[31.831s][info][gc,heap        ] GC(40) Eden regions: 48->0(637)
[31.831s][info][gc,heap        ] GC(40) Survivor regions: 2->2(7)
[31.831s][info][gc,heap        ] GC(40) Old regions: 25->25
[31.831s][info][gc,heap        ] GC(40) Archive regions: 0->0
[31.831s][info][gc,heap        ] GC(40) Humongous regions: 0->0
[31.831s][info][gc,metaspace   ] GC(40) Metaspace: 9854K(10176K)->9854K(10176K) NonClass: 8550K(8768K)->8550K(8768K) Class: 1303K(1408K)->1303K(1408K)
[31.832s][info][gc             ] GC(40) Pause Young (Normal) (G1 Evacuation Pause) 53M->5M(1066M) 16.721ms
[31.832s][info][gc,cpu         ] GC(40) User=0.03s Sys=0.00s Real=0.02s
[34.825s][info][gc,start       ] GC(41) Pause Young (Normal) (G1 Evacuation Pause)
[34.825s][info][gc,task        ] GC(41) Using 25 workers of 33 for evacuation
[34.829s][info][gc,phases      ] GC(41)   Pre Evacuate Collection Set: 0.2ms
[34.829s][info][gc,phases      ] GC(41)   Merge Heap Roots: 0.4ms
[34.829s][info][gc,phases      ] GC(41)   Evacuate Collection Set: 1.6ms
[34.829s][info][gc,phases      ] GC(41)   Post Evacuate Collection Set: 0.8ms
[34.829s][info][gc,phases      ] GC(41)   Other: 0.2ms
[34.829s][info][gc,heap        ] GC(41) Eden regions: 637->0(637)
[34.829s][info][gc,heap        ] GC(41) Survivor regions: 2->2(80)
[34.829s][info][gc,heap        ] GC(41) Old regions: 25->25
[34.829s][info][gc,heap        ] GC(41) Archive regions: 0->0
[34.829s][info][gc,heap        ] GC(41) Humongous regions: 0->0
[34.829s][info][gc,metaspace   ] GC(41) Metaspace: 9854K(10176K)->9854K(10176K) NonClass: 8550K(8768K)->8550K(8768K) Class: 1303K(1408K)->1303K(1408K)
[34.829s][info][gc             ] GC(41) Pause Young (Normal) (G1 Evacuation Pause) 642M->5M(1066M) 3.784ms
[34.829s][info][gc,cpu         ] GC(41) User=0.00s Sys=0.00s Real=0.00s
[37.680s][info][gc,start       ] GC(42) Pause Young (Normal) (G1 Evacuation Pause)
[37.681s][info][gc,task        ] GC(42) Using 25 workers of 33 for evacuation
[37.684s][info][gc,phases      ] GC(42)   Pre Evacuate Collection Set: 0.2ms
[37.684s][info][gc,phases      ] GC(42)   Merge Heap Roots: 0.4ms
[37.684s][info][gc,phases      ] GC(42)   Evacuate Collection Set: 1.5ms
[37.684s][info][gc,phases      ] GC(42)   Post Evacuate Collection Set: 0.8ms
[37.684s][info][gc,phases      ] GC(42)   Other: 0.2ms
[37.684s][info][gc,heap        ] GC(42) Eden regions: 637->0(637)
[37.684s][info][gc,heap        ] GC(42) Survivor regions: 2->2(80)
[37.684s][info][gc,heap        ] GC(42) Old regions: 25->25
[37.684s][info][gc,heap        ] GC(42) Archive regions: 0->0
[37.684s][info][gc,heap        ] GC(42) Humongous regions: 0->0
[37.684s][info][gc,metaspace   ] GC(42) Metaspace: 9854K(10176K)->9854K(10176K) NonClass: 8550K(8768K)->8550K(8768K) Class: 1303K(1408K)->1303K(1408K)
[37.684s][info][gc             ] GC(42) Pause Young (Normal) (G1 Evacuation Pause) 642M->5M(1066M) 3.715ms
[37.684s][info][gc,cpu         ] GC(42) User=0.00s Sys=0.00s Real=0.00s
[37.853s][info][gc,start       ] GC(43) Pause Full (System.gc())
[37.853s][info][gc,task        ] GC(43) Using 25 workers of 33 for full compaction
[37.854s][info][gc,phases,start] GC(43) Phase 1: Mark live objects
[37.860s][info][gc,phases      ] GC(43) Phase 1: Mark live objects 5.570ms
[37.860s][info][gc,phases,start] GC(43) Phase 2: Prepare compaction
[37.864s][info][gc,phases      ] GC(43) Phase 2: Prepare compaction 4.211ms
[37.864s][info][gc,phases,start] GC(43) Phase 3: Adjust pointers
[37.868s][info][gc,phases      ] GC(43) Phase 3: Adjust pointers 3.480ms
[37.868s][info][gc,phases,start] GC(43) Phase 4: Compact heap
[37.868s][info][gc,phases      ] GC(43) Phase 4: Compact heap 0.584ms
[37.881s][info][gc,heap        ] GC(43) Eden regions: 39->0(50)
[37.881s][info][gc,heap        ] GC(43) Survivor regions: 2->0(80)
[37.881s][info][gc,heap        ] GC(43) Old regions: 25->25
[37.881s][info][gc,heap        ] GC(43) Archive regions: 0->0
[37.881s][info][gc,heap        ] GC(43) Humongous regions: 0->0
[37.881s][info][gc,metaspace   ] GC(43) Metaspace: 9854K(10176K)->9854K(10176K) NonClass: 8550K(8768K)->8550K(8768K) Class: 1303K(1408K)->1303K(1408K)
[37.881s][info][gc             ] GC(43) Pause Full (System.gc()) 43M->3M(84M) 28.331ms
[37.881s][info][gc,cpu         ] GC(43) User=0.03s Sys=0.38s Real=0.03s
[38.108s][info][gc,start       ] GC(44) Pause Young (Normal) (G1 Evacuation Pause)
[38.108s][info][gc,task        ] GC(44) Using 13 workers of 33 for evacuation
[38.110s][info][gc,phases      ] GC(44)   Pre Evacuate Collection Set: 0.1ms
[38.110s][info][gc,phases      ] GC(44)   Merge Heap Roots: 0.1ms
[38.110s][info][gc,phases      ] GC(44)   Evacuate Collection Set: 0.8ms
[38.110s][info][gc,phases      ] GC(44)   Post Evacuate Collection Set: 0.4ms
[38.110s][info][gc,phases      ] GC(44)   Other: 0.1ms
[38.110s][info][gc,heap        ] GC(44) Eden regions: 50->0(48)
[38.110s][info][gc,heap        ] GC(44) Survivor regions: 0->2(7)
[38.110s][info][gc,heap        ] GC(44) Old regions: 25->25
[38.110s][info][gc,heap        ] GC(44) Archive regions: 0->0
[38.110s][info][gc,heap        ] GC(44) Humongous regions: 0->0
[38.110s][info][gc,metaspace   ] GC(44) Metaspace: 9855K(10176K)->9855K(10176K) NonClass: 8551K(8768K)->8551K(8768K) Class: 1303K(1408K)->1303K(1408K)
[38.110s][info][gc             ] GC(44) Pause Young (Normal) (G1 Evacuation Pause) 53M->5M(84M) 2.152ms
[38.110s][info][gc,cpu         ] GC(44) User=0.00s Sys=0.00s Real=0.00s
[38.316s][info][gc,start       ] GC(45) Pause Young (Normal) (G1 Evacuation Pause)
[38.316s][info][gc,task        ] GC(45) Using 7 workers of 33 for evacuation
[38.318s][info][gc,phases      ] GC(45)   Pre Evacuate Collection Set: 0.1ms
[38.318s][info][gc,phases      ] GC(45)   Merge Heap Roots: 0.1ms
[38.318s][info][gc,phases      ] GC(45)   Evacuate Collection Set: 1.1ms
[38.318s][info][gc,phases      ] GC(45)   Post Evacuate Collection Set: 0.3ms
[38.318s][info][gc,phases      ] GC(45)   Other: 0.1ms
[38.318s][info][gc,heap        ] GC(45) Eden regions: 48->0(48)
[38.318s][info][gc,heap        ] GC(45) Survivor regions: 2->2(7)
[38.318s][info][gc,heap        ] GC(45) Old regions: 25->25
[38.318s][info][gc,heap        ] GC(45) Archive regions: 0->0
[38.318s][info][gc,heap        ] GC(45) Humongous regions: 0->0
[38.318s][info][gc,metaspace   ] GC(45) Metaspace: 9855K(10176K)->9855K(10176K) NonClass: 8551K(8768K)->8551K(8768K) Class: 1303K(1408K)->1303K(1408K)
[38.318s][info][gc             ] GC(45) Pause Young (Normal) (G1 Evacuation Pause) 53M->5M(84M) 2.284ms
[38.318s][info][gc,cpu         ] GC(45) User=0.00s Sys=0.00s Real=0.00s
[38.512s][info][gc,start       ] GC(46) Pause Young (Normal) (G1 Evacuation Pause)
[38.512s][info][gc,task        ] GC(46) Using 4 workers of 33 for evacuation
[38.515s][info][gc,phases      ] GC(46)   Pre Evacuate Collection Set: 0.1ms
[38.515s][info][gc,phases      ] GC(46)   Merge Heap Roots: 0.1ms
[38.515s][info][gc,phases      ] GC(46)   Evacuate Collection Set: 2.0ms
[38.515s][info][gc,phases      ] GC(46)   Post Evacuate Collection Set: 0.3ms
[38.515s][info][gc,phases      ] GC(46)   Other: 0.1ms
[38.515s][info][gc,heap        ] GC(46) Eden regions: 48->0(48)
[38.515s][info][gc,heap        ] GC(46) Survivor regions: 2->2(7)
[38.515s][info][gc,heap        ] GC(46) Old regions: 25->25
[38.515s][info][gc,heap        ] GC(46) Archive regions: 0->0
[38.515s][info][gc,heap        ] GC(46) Humongous regions: 0->0
[38.515s][info][gc,metaspace   ] GC(46) Metaspace: 9855K(10176K)->9855K(10176K) NonClass: 8551K(8768K)->8551K(8768K) Class: 1303K(1408K)->1303K(1408K)
[38.515s][info][gc             ] GC(46) Pause Young (Normal) (G1 Evacuation Pause) 53M->5M(84M) 2.748ms
[38.515s][info][gc,cpu         ] GC(46) User=0.00s Sys=0.00s Real=0.00s
[38.722s][info][gc,start       ] GC(47) Pause Young (Normal) (G1 Evacuation Pause)
[38.722s][info][gc,task        ] GC(47) Using 3 workers of 33 for evacuation
[38.725s][info][gc,phases      ] GC(47)   Pre Evacuate Collection Set: 0.1ms
[38.725s][info][gc,phases      ] GC(47)   Merge Heap Roots: 0.1ms
[38.725s][info][gc,phases      ] GC(47)   Evacuate Collection Set: 2.2ms
[38.725s][info][gc,phases      ] GC(47)   Post Evacuate Collection Set: 0.3ms
[38.725s][info][gc,phases      ] GC(47)   Other: 0.1ms
[38.725s][info][gc,heap        ] GC(47) Eden regions: 48->0(48)
[38.725s][info][gc,heap        ] GC(47) Survivor regions: 2->2(7)
[38.725s][info][gc,heap        ] GC(47) Old regions: 25->25
[38.725s][info][gc,heap        ] GC(47) Archive regions: 0->0
[38.725s][info][gc,heap        ] GC(47) Humongous regions: 0->0
[38.725s][info][gc,metaspace   ] GC(47) Metaspace: 9855K(10176K)->9855K(10176K) NonClass: 8551K(8768K)->8551K(8768K) Class: 1303K(1408K)->1303K(1408K)
[38.726s][info][gc             ] GC(47) Pause Young (Normal) (G1 Evacuation Pause) 53M->5M(84M) 3.392ms
[38.726s][info][gc,cpu         ] GC(47) User=0.00s Sys=0.00s Real=0.00s
[38.933s][info][gc,start       ] GC(48) Pause Young (Normal) (G1 Evacuation Pause)
[38.933s][info][gc,task        ] GC(48) Using 2 workers of 33 for evacuation
[38.937s][info][gc,phases      ] GC(48)   Pre Evacuate Collection Set: 0.1ms
[38.937s][info][gc,phases      ] GC(48)   Merge Heap Roots: 0.1ms
[38.937s][info][gc,phases      ] GC(48)   Evacuate Collection Set: 3.5ms
[38.937s][info][gc,phases      ] GC(48)   Post Evacuate Collection Set: 0.4ms
[38.938s][info][gc,phases      ] GC(48)   Other: 0.1ms
[38.938s][info][gc,heap        ] GC(48) Eden regions: 48->0(48)
[38.938s][info][gc,heap        ] GC(48) Survivor regions: 2->2(7)
[38.938s][info][gc,heap        ] GC(48) Old regions: 25->25
[38.938s][info][gc,heap        ] GC(48) Archive regions: 0->0
[38.938s][info][gc,heap        ] GC(48) Humongous regions: 0->0
[38.938s][info][gc,metaspace   ] GC(48) Metaspace: 9855K(10176K)->9855K(10176K) NonClass: 8551K(8768K)->8551K(8768K) Class: 1303K(1408K)->1303K(1408K)
[38.938s][info][gc             ] GC(48) Pause Young (Normal) (G1 Evacuation Pause) 53M->5M(84M) 4.684ms
[38.938s][info][gc,cpu         ] GC(48) User=0.00s Sys=0.00s Real=0.00s
[39.140s][info][gc,start       ] GC(49) Pause Young (Normal) (G1 Evacuation Pause)
[39.140s][info][gc,task        ] GC(49) Using 2 workers of 33 for evacuation
[39.157s][info][gc,phases      ] GC(49)   Pre Evacuate Collection Set: 0.1ms
[39.157s][info][gc,phases      ] GC(49)   Merge Heap Roots: 0.1ms
[39.157s][info][gc,phases      ] GC(49)   Evacuate Collection Set: 3.2ms
[39.157s][info][gc,phases      ] GC(49)   Post Evacuate Collection Set: 13.0ms
[39.157s][info][gc,phases      ] GC(49)   Other: 0.1ms
[39.157s][info][gc,heap        ] GC(49) Eden regions: 48->0(637)
[39.157s][info][gc,heap        ] GC(49) Survivor regions: 2->2(7)
[39.157s][info][gc,heap        ] GC(49) Old regions: 25->25
[39.157s][info][gc,heap        ] GC(49) Archive regions: 0->0
[39.157s][info][gc,heap        ] GC(49) Humongous regions: 0->0
[39.157s][info][gc,metaspace   ] GC(49) Metaspace: 9855K(10176K)->9855K(10176K) NonClass: 8551K(8768K)->8551K(8768K) Class: 1303K(1408K)->1303K(1408K)
[39.157s][info][gc             ] GC(49) Pause Young (Normal) (G1 Evacuation Pause) 53M->5M(1066M) 17.037ms
[39.157s][info][gc,cpu         ] GC(49) User=0.03s Sys=0.00s Real=0.01s
[42.138s][info][gc,start       ] GC(50) Pause Young (Normal) (G1 Evacuation Pause)
[42.138s][info][gc,task        ] GC(50) Using 25 workers of 33 for evacuation
[42.141s][info][gc,phases      ] GC(50)   Pre Evacuate Collection Set: 0.2ms
[42.142s][info][gc,phases      ] GC(50)   Merge Heap Roots: 0.4ms
[42.142s][info][gc,phases      ] GC(50)   Evacuate Collection Set: 1.6ms
[42.142s][info][gc,phases      ] GC(50)   Post Evacuate Collection Set: 0.8ms
[42.142s][info][gc,phases      ] GC(50)   Other: 0.2ms
[42.142s][info][gc,heap        ] GC(50) Eden regions: 637->0(637)
[42.142s][info][gc,heap        ] GC(50) Survivor regions: 2->2(80)
[42.142s][info][gc,heap        ] GC(50) Old regions: 25->25
[42.142s][info][gc,heap        ] GC(50) Archive regions: 0->0
[42.142s][info][gc,heap        ] GC(50) Humongous regions: 0->0
[42.142s][info][gc,metaspace   ] GC(50) Metaspace: 9855K(10176K)->9855K(10176K) NonClass: 8551K(8768K)->8551K(8768K) Class: 1303K(1408K)->1303K(1408K)
[42.142s][info][gc             ] GC(50) Pause Young (Normal) (G1 Evacuation Pause) 642M->5M(1066M) 3.801ms
[42.142s][info][gc,cpu         ] GC(50) User=0.00s Sys=0.00s Real=0.00s
[44.986s][info][gc,start       ] GC(51) Pause Young (Normal) (G1 Evacuation Pause)
[44.986s][info][gc,task        ] GC(51) Using 25 workers of 33 for evacuation
[44.989s][info][gc,phases      ] GC(51)   Pre Evacuate Collection Set: 0.2ms
[44.989s][info][gc,phases      ] GC(51)   Merge Heap Roots: 0.4ms
[44.990s][info][gc,phases      ] GC(51)   Evacuate Collection Set: 1.6ms
[44.990s][info][gc,phases      ] GC(51)   Post Evacuate Collection Set: 0.8ms
[44.990s][info][gc,phases      ] GC(51)   Other: 0.2ms
[44.990s][info][gc,heap        ] GC(51) Eden regions: 637->0(637)
[44.990s][info][gc,heap        ] GC(51) Survivor regions: 2->2(80)
[44.990s][info][gc,heap        ] GC(51) Old regions: 25->25
[44.990s][info][gc,heap        ] GC(51) Archive regions: 0->0
[44.990s][info][gc,heap        ] GC(51) Humongous regions: 0->0
[44.990s][info][gc,metaspace   ] GC(51) Metaspace: 9855K(10176K)->9855K(10176K) NonClass: 8552K(8768K)->8552K(8768K) Class: 1303K(1408K)->1303K(1408K)
[44.990s][info][gc             ] GC(51) Pause Young (Normal) (G1 Evacuation Pause) 642M->5M(1066M) 3.807ms
[44.990s][info][gc,cpu         ] GC(51) User=0.00s Sys=0.02s Real=0.02s
[45.149s][info][gc,start       ] GC(52) Pause Full (System.gc())
[45.149s][info][gc,task        ] GC(52) Using 25 workers of 33 for full compaction
[45.150s][info][gc,phases,start] GC(52) Phase 1: Mark live objects
[45.156s][info][gc,phases      ] GC(52) Phase 1: Mark live objects 5.997ms
[45.156s][info][gc,phases,start] GC(52) Phase 2: Prepare compaction
[45.161s][info][gc,phases      ] GC(52) Phase 2: Prepare compaction 4.150ms
[45.161s][info][gc,phases,start] GC(52) Phase 3: Adjust pointers
[45.164s][info][gc,phases      ] GC(52) Phase 3: Adjust pointers 3.664ms
[45.164s][info][gc,phases,start] GC(52) Phase 4: Compact heap
[45.165s][info][gc,phases      ] GC(52) Phase 4: Compact heap 0.555ms
[45.176s][info][gc,heap        ] GC(52) Eden regions: 38->0(50)
[45.176s][info][gc,heap        ] GC(52) Survivor regions: 2->0(80)
[45.176s][info][gc,heap        ] GC(52) Old regions: 25->25
[45.176s][info][gc,heap        ] GC(52) Archive regions: 0->0
[45.176s][info][gc,heap        ] GC(52) Humongous regions: 0->0
[45.176s][info][gc,metaspace   ] GC(52) Metaspace: 9855K(10176K)->9855K(10176K) NonClass: 8552K(8768K)->8552K(8768K) Class: 1303K(1408K)->1303K(1408K)
[45.176s][info][gc             ] GC(52) Pause Full (System.gc()) 42M->3M(84M) 27.422ms
[45.177s][info][gc,cpu         ] GC(52) User=0.06s Sys=0.00s Real=0.02s
[45.396s][info][gc,start       ] GC(53) Pause Young (Normal) (G1 Evacuation Pause)
[45.396s][info][gc,task        ] GC(53) Using 13 workers of 33 for evacuation
[45.397s][info][gc,phases      ] GC(53)   Pre Evacuate Collection Set: 0.1ms
[45.397s][info][gc,phases      ] GC(53)   Merge Heap Roots: 0.1ms
[45.397s][info][gc,phases      ] GC(53)   Evacuate Collection Set: 0.7ms
[45.397s][info][gc,phases      ] GC(53)   Post Evacuate Collection Set: 0.3ms
[45.397s][info][gc,phases      ] GC(53)   Other: 0.1ms
[45.397s][info][gc,heap        ] GC(53) Eden regions: 50->0(48)
[45.397s][info][gc,heap        ] GC(53) Survivor regions: 0->2(7)
[45.398s][info][gc,heap        ] GC(53) Old regions: 25->25
[45.398s][info][gc,heap        ] GC(53) Archive regions: 0->0
[45.398s][info][gc,heap        ] GC(53) Humongous regions: 0->0
[45.398s][info][gc,metaspace   ] GC(53) Metaspace: 9856K(10176K)->9856K(10176K) NonClass: 8552K(8768K)->8552K(8768K) Class: 1303K(1408K)->1303K(1408K)
[45.398s][info][gc             ] GC(53) Pause Young (Normal) (G1 Evacuation Pause) 53M->5M(84M) 1.941ms
[45.398s][info][gc,cpu         ] GC(53) User=0.00s Sys=0.00s Real=0.00s
[45.592s][info][gc,start       ] GC(54) Pause Young (Normal) (G1 Evacuation Pause)
[45.592s][info][gc,task        ] GC(54) Using 7 workers of 33 for evacuation
[45.594s][info][gc,phases      ] GC(54)   Pre Evacuate Collection Set: 0.1ms
[45.594s][info][gc,phases      ] GC(54)   Merge Heap Roots: 0.1ms
[45.594s][info][gc,phases      ] GC(54)   Evacuate Collection Set: 1.3ms
[45.594s][info][gc,phases      ] GC(54)   Post Evacuate Collection Set: 0.3ms
[45.594s][info][gc,phases      ] GC(54)   Other: 0.1ms
[45.594s][info][gc,heap        ] GC(54) Eden regions: 48->0(48)
[45.594s][info][gc,heap        ] GC(54) Survivor regions: 2->2(7)
[45.594s][info][gc,heap        ] GC(54) Old regions: 25->25
[45.594s][info][gc,heap        ] GC(54) Archive regions: 0->0
[45.594s][info][gc,heap        ] GC(54) Humongous regions: 0->0
[45.594s][info][gc,metaspace   ] GC(54) Metaspace: 9856K(10176K)->9856K(10176K) NonClass: 8552K(8768K)->8552K(8768K) Class: 1303K(1408K)->1303K(1408K)
[45.594s][info][gc             ] GC(54) Pause Young (Normal) (G1 Evacuation Pause) 53M->5M(84M) 2.577ms
[45.594s][info][gc,cpu         ] GC(54) User=0.00s Sys=0.00s Real=0.00s
[45.790s][info][gc,start       ] GC(55) Pause Young (Normal) (G1 Evacuation Pause)
[45.790s][info][gc,task        ] GC(55) Using 4 workers of 33 for evacuation
[45.793s][info][gc,phases      ] GC(55)   Pre Evacuate Collection Set: 0.1ms
[45.793s][info][gc,phases      ] GC(55)   Merge Heap Roots: 0.1ms
[45.793s][info][gc,phases      ] GC(55)   Evacuate Collection Set: 1.9ms
[45.793s][info][gc,phases      ] GC(55)   Post Evacuate Collection Set: 0.3ms
[45.793s][info][gc,phases      ] GC(55)   Other: 0.1ms
[45.793s][info][gc,heap        ] GC(55) Eden regions: 48->0(48)
[45.793s][info][gc,heap        ] GC(55) Survivor regions: 2->2(7)
[45.793s][info][gc,heap        ] GC(55) Old regions: 25->25
[45.793s][info][gc,heap        ] GC(55) Archive regions: 0->0
[45.793s][info][gc,heap        ] GC(55) Humongous regions: 0->0
[45.793s][info][gc,metaspace   ] GC(55) Metaspace: 9856K(10176K)->9856K(10176K) NonClass: 8552K(8768K)->8552K(8768K) Class: 1303K(1408K)->1303K(1408K)
[45.793s][info][gc             ] GC(55) Pause Young (Normal) (G1 Evacuation Pause) 53M->5M(84M) 3.051ms
[45.793s][info][gc,cpu         ] GC(55) User=0.00s Sys=0.00s Real=0.00s
[46.009s][info][gc,start       ] GC(56) Pause Young (Normal) (G1 Evacuation Pause)
[46.009s][info][gc,task        ] GC(56) Using 3 workers of 33 for evacuation
[46.012s][info][gc,phases      ] GC(56)   Pre Evacuate Collection Set: 0.1ms
[46.012s][info][gc,phases      ] GC(56)   Merge Heap Roots: 0.1ms
[46.012s][info][gc,phases      ] GC(56)   Evacuate Collection Set: 2.6ms
[46.012s][info][gc,phases      ] GC(56)   Post Evacuate Collection Set: 0.3ms
[46.012s][info][gc,phases      ] GC(56)   Other: 0.1ms
[46.012s][info][gc,heap        ] GC(56) Eden regions: 48->0(48)
[46.012s][info][gc,heap        ] GC(56) Survivor regions: 2->2(7)
[46.012s][info][gc,heap        ] GC(56) Old regions: 25->25
[46.012s][info][gc,heap        ] GC(56) Archive regions: 0->0
[46.012s][info][gc,heap        ] GC(56) Humongous regions: 0->0
[46.012s][info][gc,metaspace   ] GC(56) Metaspace: 9856K(10176K)->9856K(10176K) NonClass: 8552K(8768K)->8552K(8768K) Class: 1303K(1408K)->1303K(1408K)
[46.013s][info][gc             ] GC(56) Pause Young (Normal) (G1 Evacuation Pause) 53M->5M(84M) 3.758ms
[46.013s][info][gc,cpu         ] GC(56) User=0.00s Sys=0.00s Real=0.00s
[46.218s][info][gc,start       ] GC(57) Pause Young (Normal) (G1 Evacuation Pause)
[46.218s][info][gc,task        ] GC(57) Using 2 workers of 33 for evacuation
[46.222s][info][gc,phases      ] GC(57)   Pre Evacuate Collection Set: 0.1ms
[46.222s][info][gc,phases      ] GC(57)   Merge Heap Roots: 0.1ms
[46.222s][info][gc,phases      ] GC(57)   Evacuate Collection Set: 3.4ms
[46.222s][info][gc,phases      ] GC(57)   Post Evacuate Collection Set: 0.3ms
[46.222s][info][gc,phases      ] GC(57)   Other: 0.1ms
[46.222s][info][gc,heap        ] GC(57) Eden regions: 48->0(48)
[46.222s][info][gc,heap        ] GC(57) Survivor regions: 2->2(7)
[46.222s][info][gc,heap        ] GC(57) Old regions: 25->25
[46.222s][info][gc,heap        ] GC(57) Archive regions: 0->0
[46.222s][info][gc,heap        ] GC(57) Humongous regions: 0->0
[46.222s][info][gc,metaspace   ] GC(57) Metaspace: 9856K(10176K)->9856K(10176K) NonClass: 8552K(8768K)->8552K(8768K) Class: 1303K(1408K)->1303K(1408K)
[46.222s][info][gc             ] GC(57) Pause Young (Normal) (G1 Evacuation Pause) 53M->5M(84M) 4.577ms
[46.223s][info][gc,cpu         ] GC(57) User=0.00s Sys=0.00s Real=0.00s
[46.436s][info][gc,start       ] GC(58) Pause Young (Normal) (G1 Evacuation Pause)
[46.436s][info][gc,task        ] GC(58) Using 2 workers of 33 for evacuation
[46.446s][info][gc,phases      ] GC(58)   Pre Evacuate Collection Set: 0.1ms
[46.446s][info][gc,phases      ] GC(58)   Merge Heap Roots: 0.1ms
[46.446s][info][gc,phases      ] GC(58)   Evacuate Collection Set: 3.6ms
[46.446s][info][gc,phases      ] GC(58)   Post Evacuate Collection Set: 6.6ms
[46.446s][info][gc,phases      ] GC(58)   Other: 0.1ms
[46.446s][info][gc,heap        ] GC(58) Eden regions: 48->0(637)
[46.446s][info][gc,heap        ] GC(58) Survivor regions: 2->2(7)
[46.446s][info][gc,heap        ] GC(58) Old regions: 25->25
[46.446s][info][gc,heap        ] GC(58) Archive regions: 0->0
[46.446s][info][gc,heap        ] GC(58) Humongous regions: 0->0
[46.446s][info][gc,metaspace   ] GC(58) Metaspace: 9856K(10176K)->9856K(10176K) NonClass: 8552K(8768K)->8552K(8768K) Class: 1303K(1408K)->1303K(1408K)
[46.446s][info][gc             ] GC(58) Pause Young (Normal) (G1 Evacuation Pause) 53M->5M(1066M) 10.696ms
[46.446s][info][gc,cpu         ] GC(58) User=0.00s Sys=0.00s Real=0.00s
[49.423s][info][gc,start       ] GC(59) Pause Young (Normal) (G1 Evacuation Pause)
[49.423s][info][gc,task        ] GC(59) Using 25 workers of 33 for evacuation
[49.426s][info][gc,phases      ] GC(59)   Pre Evacuate Collection Set: 0.3ms
[49.426s][info][gc,phases      ] GC(59)   Merge Heap Roots: 0.3ms
[49.426s][info][gc,phases      ] GC(59)   Evacuate Collection Set: 1.5ms
[49.426s][info][gc,phases      ] GC(59)   Post Evacuate Collection Set: 0.8ms
[49.426s][info][gc,phases      ] GC(59)   Other: 0.3ms
[49.426s][info][gc,heap        ] GC(59) Eden regions: 637->0(637)
[49.426s][info][gc,heap        ] GC(59) Survivor regions: 2->2(80)
[49.426s][info][gc,heap        ] GC(59) Old regions: 25->25
[49.426s][info][gc,heap        ] GC(59) Archive regions: 0->0
[49.426s][info][gc,heap        ] GC(59) Humongous regions: 0->0
[49.426s][info][gc,metaspace   ] GC(59) Metaspace: 9856K(10176K)->9856K(10176K) NonClass: 8552K(8768K)->8552K(8768K) Class: 1303K(1408K)->1303K(1408K)
[49.426s][info][gc             ] GC(59) Pause Young (Normal) (G1 Evacuation Pause) 642M->5M(1066M) 3.723ms
[49.426s][info][gc,cpu         ] GC(59) User=0.02s Sys=0.00s Real=0.02s
[52.232s][info][gc,start       ] GC(60) Pause Young (Normal) (G1 Evacuation Pause)
[52.232s][info][gc,task        ] GC(60) Using 25 workers of 33 for evacuation
[52.235s][info][gc,phases      ] GC(60)   Pre Evacuate Collection Set: 0.3ms
[52.235s][info][gc,phases      ] GC(60)   Merge Heap Roots: 0.4ms
[52.235s][info][gc,phases      ] GC(60)   Evacuate Collection Set: 1.6ms
[52.235s][info][gc,phases      ] GC(60)   Post Evacuate Collection Set: 0.8ms
[52.235s][info][gc,phases      ] GC(60)   Other: 0.2ms
[52.235s][info][gc,heap        ] GC(60) Eden regions: 637->0(637)
[52.235s][info][gc,heap        ] GC(60) Survivor regions: 2->2(80)
[52.235s][info][gc,heap        ] GC(60) Old regions: 25->25
[52.235s][info][gc,heap        ] GC(60) Archive regions: 0->0
[52.235s][info][gc,heap        ] GC(60) Humongous regions: 0->0
[52.235s][info][gc,metaspace   ] GC(60) Metaspace: 9856K(10176K)->9856K(10176K) NonClass: 8552K(8768K)->8552K(8768K) Class: 1303K(1408K)->1303K(1408K)
[52.235s][info][gc             ] GC(60) Pause Young (Normal) (G1 Evacuation Pause) 642M->5M(1066M) 3.841ms
[52.236s][info][gc,cpu         ] GC(60) User=0.00s Sys=0.00s Real=0.00s
[52.388s][info][gc,start       ] GC(61) Pause Full (System.gc())
[52.388s][info][gc,task        ] GC(61) Using 25 workers of 33 for full compaction
[52.389s][info][gc,phases,start] GC(61) Phase 1: Mark live objects
[52.396s][info][gc,phases      ] GC(61) Phase 1: Mark live objects 6.218ms
[52.396s][info][gc,phases,start] GC(61) Phase 2: Prepare compaction
[52.400s][info][gc,phases      ] GC(61) Phase 2: Prepare compaction 4.021ms
[52.400s][info][gc,phases,start] GC(61) Phase 3: Adjust pointers
[52.403s][info][gc,phases      ] GC(61) Phase 3: Adjust pointers 3.732ms
[52.403s][info][gc,phases,start] GC(61) Phase 4: Compact heap
[52.404s][info][gc,phases      ] GC(61) Phase 4: Compact heap 0.592ms
[52.417s][info][gc,heap        ] GC(61) Eden regions: 34->0(50)
[52.417s][info][gc,heap        ] GC(61) Survivor regions: 2->0(80)
[52.417s][info][gc,heap        ] GC(61) Old regions: 25->25
[52.417s][info][gc,heap        ] GC(61) Archive regions: 0->0
[52.417s][info][gc,heap        ] GC(61) Humongous regions: 0->0
[52.417s][info][gc,metaspace   ] GC(61) Metaspace: 9857K(10176K)->9857K(10176K) NonClass: 8554K(8768K)->8554K(8768K) Class: 1303K(1408K)->1303K(1408K)
[52.417s][info][gc             ] GC(61) Pause Full (System.gc()) 38M->3M(84M) 29.110ms
[52.417s][info][gc,cpu         ] GC(61) User=0.30s Sys=0.25s Real=0.03s
[52.642s][info][gc,start       ] GC(62) Pause Young (Normal) (G1 Evacuation Pause)
[52.643s][info][gc,task        ] GC(62) Using 13 workers of 33 for evacuation
[52.644s][info][gc,phases      ] GC(62)   Pre Evacuate Collection Set: 0.1ms
[52.644s][info][gc,phases      ] GC(62)   Merge Heap Roots: 0.1ms
[52.644s][info][gc,phases      ] GC(62)   Evacuate Collection Set: 0.8ms
[52.644s][info][gc,phases      ] GC(62)   Post Evacuate Collection Set: 0.3ms
[52.644s][info][gc,phases      ] GC(62)   Other: 0.1ms
[52.644s][info][gc,heap        ] GC(62) Eden regions: 50->0(48)
[52.644s][info][gc,heap        ] GC(62) Survivor regions: 0->2(7)
[52.644s][info][gc,heap        ] GC(62) Old regions: 25->25
[52.644s][info][gc,heap        ] GC(62) Archive regions: 0->0
[52.644s][info][gc,heap        ] GC(62) Humongous regions: 0->0
[52.644s][info][gc,metaspace   ] GC(62) Metaspace: 9858K(10176K)->9858K(10176K) NonClass: 8554K(8768K)->8554K(8768K) Class: 1303K(1408K)->1303K(1408K)
[52.644s][info][gc             ] GC(62) Pause Young (Normal) (G1 Evacuation Pause) 53M->5M(84M) 1.659ms
[52.644s][info][gc,cpu         ] GC(62) User=0.00s Sys=0.02s Real=0.02s
[52.844s][info][gc,start       ] GC(63) Pause Young (Normal) (G1 Evacuation Pause)
[52.844s][info][gc,task        ] GC(63) Using 7 workers of 33 for evacuation
[52.846s][info][gc,phases      ] GC(63)   Pre Evacuate Collection Set: 0.1ms
[52.846s][info][gc,phases      ] GC(63)   Merge Heap Roots: 0.1ms
[52.846s][info][gc,phases      ] GC(63)   Evacuate Collection Set: 1.0ms
[52.846s][info][gc,phases      ] GC(63)   Post Evacuate Collection Set: 0.3ms
[52.846s][info][gc,phases      ] GC(63)   Other: 0.1ms
[52.846s][info][gc,heap        ] GC(63) Eden regions: 48->0(48)
[52.846s][info][gc,heap        ] GC(63) Survivor regions: 2->2(7)
[52.846s][info][gc,heap        ] GC(63) Old regions: 25->25
[52.846s][info][gc,heap        ] GC(63) Archive regions: 0->0
[52.846s][info][gc,heap        ] GC(63) Humongous regions: 0->0
[52.846s][info][gc,metaspace   ] GC(63) Metaspace: 9858K(10176K)->9858K(10176K) NonClass: 8554K(8768K)->8554K(8768K) Class: 1303K(1408K)->1303K(1408K)
[52.846s][info][gc             ] GC(63) Pause Young (Normal) (G1 Evacuation Pause) 53M->5M(84M) 2.130ms
[52.846s][info][gc,cpu         ] GC(63) User=0.00s Sys=0.00s Real=0.00s
[53.047s][info][gc,start       ] GC(64) Pause Young (Normal) (G1 Evacuation Pause)
[53.047s][info][gc,task        ] GC(64) Using 4 workers of 33 for evacuation
[53.049s][info][gc,phases      ] GC(64)   Pre Evacuate Collection Set: 0.1ms
[53.049s][info][gc,phases      ] GC(64)   Merge Heap Roots: 0.1ms
[53.049s][info][gc,phases      ] GC(64)   Evacuate Collection Set: 1.7ms
[53.049s][info][gc,phases      ] GC(64)   Post Evacuate Collection Set: 0.3ms
[53.049s][info][gc,phases      ] GC(64)   Other: 0.1ms
[53.050s][info][gc,heap        ] GC(64) Eden regions: 48->0(48)
[53.050s][info][gc,heap        ] GC(64) Survivor regions: 2->2(7)
[53.050s][info][gc,heap        ] GC(64) Old regions: 25->25
[53.050s][info][gc,heap        ] GC(64) Archive regions: 0->0
[53.050s][info][gc,heap        ] GC(64) Humongous regions: 0->0
[53.050s][info][gc,metaspace   ] GC(64) Metaspace: 9858K(10176K)->9858K(10176K) NonClass: 8554K(8768K)->8554K(8768K) Class: 1303K(1408K)->1303K(1408K)
[53.050s][info][gc             ] GC(64) Pause Young (Normal) (G1 Evacuation Pause) 53M->5M(84M) 2.879ms
[53.050s][info][gc,cpu         ] GC(64) User=0.00s Sys=0.00s Real=0.00s
[53.256s][info][gc,start       ] GC(65) Pause Young (Normal) (G1 Evacuation Pause)
[53.257s][info][gc,task        ] GC(65) Using 3 workers of 33 for evacuation
[53.260s][info][gc,phases      ] GC(65)   Pre Evacuate Collection Set: 0.1ms
[53.260s][info][gc,phases      ] GC(65)   Merge Heap Roots: 0.1ms
[53.260s][info][gc,phases      ] GC(65)   Evacuate Collection Set: 2.5ms
[53.260s][info][gc,phases      ] GC(65)   Post Evacuate Collection Set: 0.3ms
[53.260s][info][gc,phases      ] GC(65)   Other: 0.1ms
[53.260s][info][gc,heap        ] GC(65) Eden regions: 48->0(48)
[53.260s][info][gc,heap        ] GC(65) Survivor regions: 2->2(7)
[53.260s][info][gc,heap        ] GC(65) Old regions: 25->25
[53.260s][info][gc,heap        ] GC(65) Archive regions: 0->0
[53.260s][info][gc,heap        ] GC(65) Humongous regions: 0->0
[53.260s][info][gc,metaspace   ] GC(65) Metaspace: 9858K(10176K)->9858K(10176K) NonClass: 8554K(8768K)->8554K(8768K) Class: 1303K(1408K)->1303K(1408K)
[53.260s][info][gc             ] GC(65) Pause Young (Normal) (G1 Evacuation Pause) 53M->5M(84M) 3.642ms
[53.260s][info][gc,cpu         ] GC(65) User=0.00s Sys=0.00s Real=0.00s
[53.474s][info][gc,start       ] GC(66) Pause Young (Normal) (G1 Evacuation Pause)
[53.474s][info][gc,task        ] GC(66) Using 2 workers of 33 for evacuation
[53.478s][info][gc,phases      ] GC(66)   Pre Evacuate Collection Set: 0.1ms
[53.478s][info][gc,phases      ] GC(66)   Merge Heap Roots: 0.1ms
[53.478s][info][gc,phases      ] GC(66)   Evacuate Collection Set: 3.4ms
[53.478s][info][gc,phases      ] GC(66)   Post Evacuate Collection Set: 0.3ms
[53.478s][info][gc,phases      ] GC(66)   Other: 0.1ms
[53.478s][info][gc,heap        ] GC(66) Eden regions: 48->0(48)
[53.478s][info][gc,heap        ] GC(66) Survivor regions: 2->2(7)
[53.478s][info][gc,heap        ] GC(66) Old regions: 25->25
[53.478s][info][gc,heap        ] GC(66) Archive regions: 0->0
[53.478s][info][gc,heap        ] GC(66) Humongous regions: 0->0
[53.478s][info][gc,metaspace   ] GC(66) Metaspace: 9858K(10176K)->9858K(10176K) NonClass: 8554K(8768K)->8554K(8768K) Class: 1303K(1408K)->1303K(1408K)
[53.478s][info][gc             ] GC(66) Pause Young (Normal) (G1 Evacuation Pause) 53M->5M(84M) 4.636ms
[53.478s][info][gc,cpu         ] GC(66) User=0.00s Sys=0.00s Real=0.00s
[53.693s][info][gc,start       ] GC(67) Pause Young (Normal) (G1 Evacuation Pause)
[53.693s][info][gc,task        ] GC(67) Using 2 workers of 33 for evacuation
[53.710s][info][gc,phases      ] GC(67)   Pre Evacuate Collection Set: 0.1ms
[53.710s][info][gc,phases      ] GC(67)   Merge Heap Roots: 0.1ms
[53.710s][info][gc,phases      ] GC(67)   Evacuate Collection Set: 3.5ms
[53.710s][info][gc,phases      ] GC(67)   Post Evacuate Collection Set: 13.0ms
[53.710s][info][gc,phases      ] GC(67)   Other: 0.1ms
[53.710s][info][gc,heap        ] GC(67) Eden regions: 48->0(637)
[53.710s][info][gc,heap        ] GC(67) Survivor regions: 2->2(7)
[53.710s][info][gc,heap        ] GC(67) Old regions: 25->25
[53.710s][info][gc,heap        ] GC(67) Archive regions: 0->0
[53.711s][info][gc,heap        ] GC(67) Humongous regions: 0->0
[53.711s][info][gc,metaspace   ] GC(67) Metaspace: 9858K(10176K)->9858K(10176K) NonClass: 8554K(8768K)->8554K(8768K) Class: 1303K(1408K)->1303K(1408K)
[53.711s][info][gc             ] GC(67) Pause Young (Normal) (G1 Evacuation Pause) 53M->5M(1066M) 17.424ms
[53.711s][info][gc,cpu         ] GC(67) User=0.00s Sys=0.02s Real=0.02s
[56.690s][info][gc,start       ] GC(68) Pause Young (Normal) (G1 Evacuation Pause)
[56.690s][info][gc,task        ] GC(68) Using 25 workers of 33 for evacuation
[56.693s][info][gc,phases      ] GC(68)   Pre Evacuate Collection Set: 0.2ms
[56.693s][info][gc,phases      ] GC(68)   Merge Heap Roots: 0.4ms
[56.693s][info][gc,phases      ] GC(68)   Evacuate Collection Set: 1.7ms
[56.693s][info][gc,phases      ] GC(68)   Post Evacuate Collection Set: 0.8ms
[56.693s][info][gc,phases      ] GC(68)   Other: 0.2ms
[56.693s][info][gc,heap        ] GC(68) Eden regions: 637->0(637)
[56.693s][info][gc,heap        ] GC(68) Survivor regions: 2->2(80)
[56.693s][info][gc,heap        ] GC(68) Old regions: 25->25
[56.693s][info][gc,heap        ] GC(68) Archive regions: 0->0
[56.694s][info][gc,heap        ] GC(68) Humongous regions: 0->0
[56.694s][info][gc,metaspace   ] GC(68) Metaspace: 9858K(10176K)->9858K(10176K) NonClass: 8554K(8768K)->8554K(8768K) Class: 1303K(1408K)->1303K(1408K)
[56.694s][info][gc             ] GC(68) Pause Young (Normal) (G1 Evacuation Pause) 642M->5M(1066M) 3.902ms
[56.694s][info][gc,cpu         ] GC(68) User=0.25s Sys=0.14s Real=0.02s
[59.513s][info][gc,start       ] GC(69) Pause Young (Normal) (G1 Evacuation Pause)
[59.513s][info][gc,task        ] GC(69) Using 25 workers of 33 for evacuation
[59.516s][info][gc,phases      ] GC(69)   Pre Evacuate Collection Set: 0.2ms
[59.516s][info][gc,phases      ] GC(69)   Merge Heap Roots: 0.3ms
[59.516s][info][gc,phases      ] GC(69)   Evacuate Collection Set: 1.5ms
[59.516s][info][gc,phases      ] GC(69)   Post Evacuate Collection Set: 0.8ms
[59.516s][info][gc,phases      ] GC(69)   Other: 0.1ms
[59.516s][info][gc,heap        ] GC(69) Eden regions: 637->0(637)
[59.516s][info][gc,heap        ] GC(69) Survivor regions: 2->2(80)
[59.516s][info][gc,heap        ] GC(69) Old regions: 25->25
[59.516s][info][gc,heap        ] GC(69) Archive regions: 0->0
[59.516s][info][gc,heap        ] GC(69) Humongous regions: 0->0
[59.516s][info][gc,metaspace   ] GC(69) Metaspace: 9858K(10176K)->9858K(10176K) NonClass: 8554K(8768K)->8554K(8768K) Class: 1303K(1408K)->1303K(1408K)
[59.516s][info][gc             ] GC(69) Pause Young (Normal) (G1 Evacuation Pause) 642M->5M(1066M) 3.259ms
[59.516s][info][gc,cpu         ] GC(69) User=0.05s Sys=0.00s Real=0.02s
[59.668s][info][gc,start       ] GC(70) Pause Full (System.gc())
[59.668s][info][gc,task        ] GC(70) Using 25 workers of 33 for full compaction
[59.669s][info][gc,phases,start] GC(70) Phase 1: Mark live objects
[59.675s][info][gc,phases      ] GC(70) Phase 1: Mark live objects 5.922ms
[59.675s][info][gc,phases,start] GC(70) Phase 2: Prepare compaction
[59.679s][info][gc,phases      ] GC(70) Phase 2: Prepare compaction 4.213ms
[59.679s][info][gc,phases,start] GC(70) Phase 3: Adjust pointers
[59.683s][info][gc,phases      ] GC(70) Phase 3: Adjust pointers 3.756ms
[59.683s][info][gc,phases,start] GC(70) Phase 4: Compact heap
[59.683s][info][gc,phases      ] GC(70) Phase 4: Compact heap 0.591ms
[59.697s][info][gc,heap        ] GC(70) Eden regions: 36->0(50)
[59.697s][info][gc,heap        ] GC(70) Survivor regions: 2->0(80)
[59.697s][info][gc,heap        ] GC(70) Old regions: 25->25
[59.697s][info][gc,heap        ] GC(70) Archive regions: 0->0
[59.697s][info][gc,heap        ] GC(70) Humongous regions: 0->0
[59.697s][info][gc,metaspace   ] GC(70) Metaspace: 9858K(10176K)->9858K(10176K) NonClass: 8555K(8768K)->8555K(8768K) Class: 1303K(1408K)->1303K(1408K)
[59.697s][info][gc             ] GC(70) Pause Full (System.gc()) 40M->3M(84M) 29.250ms
[59.697s][info][gc,cpu         ] GC(70) User=0.03s Sys=0.38s Real=0.03s
[59.909s][info][gc,start       ] GC(71) Pause Young (Normal) (G1 Evacuation Pause)
[59.910s][info][gc,task        ] GC(71) Using 13 workers of 33 for evacuation
[59.911s][info][gc,phases      ] GC(71)   Pre Evacuate Collection Set: 0.1ms
[59.911s][info][gc,phases      ] GC(71)   Merge Heap Roots: 0.1ms
[59.911s][info][gc,phases      ] GC(71)   Evacuate Collection Set: 0.7ms
[59.911s][info][gc,phases      ] GC(71)   Post Evacuate Collection Set: 0.4ms
[59.911s][info][gc,phases      ] GC(71)   Other: 0.1ms
[59.911s][info][gc,heap        ] GC(71) Eden regions: 50->0(48)
[59.911s][info][gc,heap        ] GC(71) Survivor regions: 0->2(7)
[59.911s][info][gc,heap        ] GC(71) Old regions: 25->25
[59.911s][info][gc,heap        ] GC(71) Archive regions: 0->0
[59.911s][info][gc,heap        ] GC(71) Humongous regions: 0->0
[59.911s][info][gc,metaspace   ] GC(71) Metaspace: 9862K(10176K)->9862K(10176K) NonClass: 8558K(8768K)->8558K(8768K) Class: 1303K(1408K)->1303K(1408K)
[59.911s][info][gc             ] GC(71) Pause Young (Normal) (G1 Evacuation Pause) 53M->5M(84M) 1.967ms
[59.912s][info][gc,cpu         ] GC(71) User=0.00s Sys=0.00s Real=0.00s
[60.112s][info][gc,start       ] GC(72) Pause Young (Normal) (G1 Evacuation Pause)
[60.112s][info][gc,task        ] GC(72) Using 7 workers of 33 for evacuation
[60.114s][info][gc,phases      ] GC(72)   Pre Evacuate Collection Set: 0.1ms
[60.114s][info][gc,phases      ] GC(72)   Merge Heap Roots: 0.1ms
[60.114s][info][gc,phases      ] GC(72)   Evacuate Collection Set: 1.1ms
[60.114s][info][gc,phases      ] GC(72)   Post Evacuate Collection Set: 0.3ms
[60.114s][info][gc,phases      ] GC(72)   Other: 0.1ms
[60.114s][info][gc,heap        ] GC(72) Eden regions: 48->0(48)
[60.114s][info][gc,heap        ] GC(72) Survivor regions: 2->2(7)
[60.114s][info][gc,heap        ] GC(72) Old regions: 25->25
[60.114s][info][gc,heap        ] GC(72) Archive regions: 0->0
[60.114s][info][gc,heap        ] GC(72) Humongous regions: 0->0
[60.114s][info][gc,metaspace   ] GC(72) Metaspace: 9862K(10176K)->9862K(10176K) NonClass: 8558K(8768K)->8558K(8768K) Class: 1303K(1408K)->1303K(1408K)
[60.114s][info][gc             ] GC(72) Pause Young (Normal) (G1 Evacuation Pause) 53M->5M(84M) 2.246ms
[60.114s][info][gc,cpu         ] GC(72) User=0.00s Sys=0.00s Real=0.00s
[60.309s][info][gc,start       ] GC(73) Pause Young (Normal) (G1 Evacuation Pause)
[60.310s][info][gc,task        ] GC(73) Using 4 workers of 33 for evacuation
[60.312s][info][gc,phases      ] GC(73)   Pre Evacuate Collection Set: 0.1ms
[60.312s][info][gc,phases      ] GC(73)   Merge Heap Roots: 0.1ms
[60.312s][info][gc,phases      ] GC(73)   Evacuate Collection Set: 1.9ms
[60.312s][info][gc,phases      ] GC(73)   Post Evacuate Collection Set: 0.4ms
[60.312s][info][gc,phases      ] GC(73)   Other: 0.1ms
[60.312s][info][gc,heap        ] GC(73) Eden regions: 48->0(48)
[60.312s][info][gc,heap        ] GC(73) Survivor regions: 2->2(7)
[60.312s][info][gc,heap        ] GC(73) Old regions: 25->25
[60.312s][info][gc,heap        ] GC(73) Archive regions: 0->0
[60.312s][info][gc,heap        ] GC(73) Humongous regions: 0->0
[60.313s][info][gc,metaspace   ] GC(73) Metaspace: 9862K(10176K)->9862K(10176K) NonClass: 8558K(8768K)->8558K(8768K) Class: 1303K(1408K)->1303K(1408K)
[60.313s][info][gc             ] GC(73) Pause Young (Normal) (G1 Evacuation Pause) 53M->5M(84M) 3.140ms
[60.313s][info][gc,cpu         ] GC(73) User=0.06s Sys=0.00s Real=0.01s
[60.520s][info][gc,start       ] GC(74) Pause Young (Normal) (G1 Evacuation Pause)
[60.520s][info][gc,task        ] GC(74) Using 3 workers of 33 for evacuation
[60.523s][info][gc,phases      ] GC(74)   Pre Evacuate Collection Set: 0.1ms
[60.523s][info][gc,phases      ] GC(74)   Merge Heap Roots: 0.1ms
[60.523s][info][gc,phases      ] GC(74)   Evacuate Collection Set: 2.5ms
[60.523s][info][gc,phases      ] GC(74)   Post Evacuate Collection Set: 0.3ms
[60.523s][info][gc,phases      ] GC(74)   Other: 0.1ms
[60.523s][info][gc,heap        ] GC(74) Eden regions: 48->0(48)
[60.523s][info][gc,heap        ] GC(74) Survivor regions: 2->2(7)
[60.523s][info][gc,heap        ] GC(74) Old regions: 25->25
[60.523s][info][gc,heap        ] GC(74) Archive regions: 0->0
[60.523s][info][gc,heap        ] GC(74) Humongous regions: 0->0
[60.523s][info][gc,metaspace   ] GC(74) Metaspace: 9862K(10176K)->9862K(10176K) NonClass: 8558K(8768K)->8558K(8768K) Class: 1303K(1408K)->1303K(1408K)
[60.523s][info][gc             ] GC(74) Pause Young (Normal) (G1 Evacuation Pause) 53M->5M(84M) 3.478ms
[60.523s][info][gc,cpu         ] GC(74) User=0.00s Sys=0.00s Real=0.00s
[60.737s][info][gc,start       ] GC(75) Pause Young (Normal) (G1 Evacuation Pause)
[60.737s][info][gc,task        ] GC(75) Using 2 workers of 33 for evacuation
[60.741s][info][gc,phases      ] GC(75)   Pre Evacuate Collection Set: 0.1ms
[60.741s][info][gc,phases      ] GC(75)   Merge Heap Roots: 0.1ms
[60.741s][info][gc,phases      ] GC(75)   Evacuate Collection Set: 3.4ms
[60.741s][info][gc,phases      ] GC(75)   Post Evacuate Collection Set: 0.3ms
[60.741s][info][gc,phases      ] GC(75)   Other: 0.1ms
[60.741s][info][gc,heap        ] GC(75) Eden regions: 48->0(48)
[60.741s][info][gc,heap        ] GC(75) Survivor regions: 2->2(7)
[60.741s][info][gc,heap        ] GC(75) Old regions: 25->25
[60.741s][info][gc,heap        ] GC(75) Archive regions: 0->0
[60.741s][info][gc,heap        ] GC(75) Humongous regions: 0->0
[60.741s][info][gc,metaspace   ] GC(75) Metaspace: 9862K(10176K)->9862K(10176K) NonClass: 8558K(8768K)->8558K(8768K) Class: 1303K(1408K)->1303K(1408K)
[60.741s][info][gc             ] GC(75) Pause Young (Normal) (G1 Evacuation Pause) 53M->5M(84M) 4.634ms
[60.741s][info][gc,cpu         ] GC(75) User=0.00s Sys=0.00s Real=0.00s
[60.957s][info][gc,start       ] GC(76) Pause Young (Normal) (G1 Evacuation Pause)
[60.957s][info][gc,task        ] GC(76) Using 2 workers of 33 for evacuation
[60.974s][info][gc,phases      ] GC(76)   Pre Evacuate Collection Set: 0.1ms
[60.974s][info][gc,phases      ] GC(76)   Merge Heap Roots: 0.1ms
[60.974s][info][gc,phases      ] GC(76)   Evacuate Collection Set: 3.3ms
[60.974s][info][gc,phases      ] GC(76)   Post Evacuate Collection Set: 13.1ms
[60.974s][info][gc,phases      ] GC(76)   Other: 0.1ms
[60.974s][info][gc,heap        ] GC(76) Eden regions: 48->0(637)
[60.974s][info][gc,heap        ] GC(76) Survivor regions: 2->2(7)
[60.974s][info][gc,heap        ] GC(76) Old regions: 25->25
[60.974s][info][gc,heap        ] GC(76) Archive regions: 0->0
[60.974s][info][gc,heap        ] GC(76) Humongous regions: 0->0
[60.974s][info][gc,metaspace   ] GC(76) Metaspace: 9862K(10176K)->9862K(10176K) NonClass: 8558K(8768K)->8558K(8768K) Class: 1303K(1408K)->1303K(1408K)
[60.974s][info][gc             ] GC(76) Pause Young (Normal) (G1 Evacuation Pause) 53M->5M(1066M) 17.250ms
[60.974s][info][gc,cpu         ] GC(76) User=0.05s Sys=0.00s Real=0.03s
[63.972s][info][gc,start       ] GC(77) Pause Young (Normal) (G1 Evacuation Pause)
[63.972s][info][gc,task        ] GC(77) Using 25 workers of 33 for evacuation
[63.976s][info][gc,phases      ] GC(77)   Pre Evacuate Collection Set: 0.2ms
[63.976s][info][gc,phases      ] GC(77)   Merge Heap Roots: 0.4ms
[63.976s][info][gc,phases      ] GC(77)   Evacuate Collection Set: 1.7ms
[63.976s][info][gc,phases      ] GC(77)   Post Evacuate Collection Set: 0.8ms
[63.976s][info][gc,phases      ] GC(77)   Other: 0.2ms
[63.976s][info][gc,heap        ] GC(77) Eden regions: 637->0(637)
[63.976s][info][gc,heap        ] GC(77) Survivor regions: 2->2(80)
[63.976s][info][gc,heap        ] GC(77) Old regions: 25->25
[63.976s][info][gc,heap        ] GC(77) Archive regions: 0->0
[63.976s][info][gc,heap        ] GC(77) Humongous regions: 0->0
[63.976s][info][gc,metaspace   ] GC(77) Metaspace: 9862K(10176K)->9862K(10176K) NonClass: 8558K(8768K)->8558K(8768K) Class: 1303K(1408K)->1303K(1408K)
[63.976s][info][gc             ] GC(77) Pause Young (Normal) (G1 Evacuation Pause) 642M->5M(1066M) 3.858ms
[63.976s][info][gc,cpu         ] GC(77) User=0.00s Sys=0.00s Real=0.00s
[66.792s][info][gc,start       ] GC(78) Pause Young (Normal) (G1 Evacuation Pause)
[66.792s][info][gc,task        ] GC(78) Using 25 workers of 33 for evacuation
[66.796s][info][gc,phases      ] GC(78)   Pre Evacuate Collection Set: 0.2ms
[66.796s][info][gc,phases      ] GC(78)   Merge Heap Roots: 0.4ms
[66.796s][info][gc,phases      ] GC(78)   Evacuate Collection Set: 1.6ms
[66.796s][info][gc,phases      ] GC(78)   Post Evacuate Collection Set: 0.8ms
[66.796s][info][gc,phases      ] GC(78)   Other: 0.2ms
[66.796s][info][gc,heap        ] GC(78) Eden regions: 637->0(637)
[66.796s][info][gc,heap        ] GC(78) Survivor regions: 2->2(80)
[66.796s][info][gc,heap        ] GC(78) Old regions: 25->25
[66.796s][info][gc,heap        ] GC(78) Archive regions: 0->0
[66.796s][info][gc,heap        ] GC(78) Humongous regions: 0->0
[66.796s][info][gc,metaspace   ] GC(78) Metaspace: 9862K(10176K)->9862K(10176K) NonClass: 8558K(8768K)->8558K(8768K) Class: 1303K(1408K)->1303K(1408K)
[66.796s][info][gc             ] GC(78) Pause Young (Normal) (G1 Evacuation Pause) 642M->5M(1066M) 3.817ms
[66.796s][info][gc,cpu         ] GC(78) User=0.00s Sys=0.00s Real=0.00s
[66.929s][info][gc,start       ] GC(79) Pause Full (System.gc())
[66.929s][info][gc,task        ] GC(79) Using 25 workers of 33 for full compaction
[66.930s][info][gc,phases,start] GC(79) Phase 1: Mark live objects
[66.936s][info][gc,phases      ] GC(79) Phase 1: Mark live objects 5.963ms
[66.936s][info][gc,phases,start] GC(79) Phase 2: Prepare compaction
[66.940s][info][gc,phases      ] GC(79) Phase 2: Prepare compaction 4.145ms
[66.940s][info][gc,phases,start] GC(79) Phase 3: Adjust pointers
[66.944s][info][gc,phases      ] GC(79) Phase 3: Adjust pointers 3.756ms
[66.944s][info][gc,phases,start] GC(79) Phase 4: Compact heap
[66.945s][info][gc,phases      ] GC(79) Phase 4: Compact heap 0.636ms
[66.958s][info][gc,heap        ] GC(79) Eden regions: 33->0(50)
[66.958s][info][gc,heap        ] GC(79) Survivor regions: 2->0(80)
[66.958s][info][gc,heap        ] GC(79) Old regions: 25->25
[66.958s][info][gc,heap        ] GC(79) Archive regions: 0->0
[66.958s][info][gc,heap        ] GC(79) Humongous regions: 0->0
[66.958s][info][gc,metaspace   ] GC(79) Metaspace: 9862K(10176K)->9862K(10176K) NonClass: 8558K(8768K)->8558K(8768K) Class: 1303K(1408K)->1303K(1408K)
[66.958s][info][gc             ] GC(79) Pause Full (System.gc()) 37M->3M(84M) 29.019ms
[66.958s][info][gc,cpu         ] GC(79) User=0.39s Sys=0.27s Real=0.03s
[67.194s][info][gc,start       ] GC(80) Pause Young (Normal) (G1 Evacuation Pause)
[67.194s][info][gc,task        ] GC(80) Using 13 workers of 33 for evacuation
[67.195s][info][gc,phases      ] GC(80)   Pre Evacuate Collection Set: 0.1ms
[67.195s][info][gc,phases      ] GC(80)   Merge Heap Roots: 0.1ms
[67.195s][info][gc,phases      ] GC(80)   Evacuate Collection Set: 0.8ms
[67.195s][info][gc,phases      ] GC(80)   Post Evacuate Collection Set: 0.4ms
[67.195s][info][gc,phases      ] GC(80)   Other: 0.1ms
[67.195s][info][gc,heap        ] GC(80) Eden regions: 50->0(48)
[67.195s][info][gc,heap        ] GC(80) Survivor regions: 0->2(7)
[67.195s][info][gc,heap        ] GC(80) Old regions: 25->25
[67.196s][info][gc,heap        ] GC(80) Archive regions: 0->0
[67.196s][info][gc,heap        ] GC(80) Humongous regions: 0->0
[67.196s][info][gc,metaspace   ] GC(80) Metaspace: 9862K(10176K)->9862K(10176K) NonClass: 8558K(8768K)->8558K(8768K) Class: 1303K(1408K)->1303K(1408K)
[67.196s][info][gc             ] GC(80) Pause Young (Normal) (G1 Evacuation Pause) 53M->5M(84M) 2.143ms
[67.196s][info][gc,cpu         ] GC(80) User=0.00s Sys=0.00s Real=0.00s
[67.389s][info][gc,start       ] GC(81) Pause Young (Normal) (G1 Evacuation Pause)
[67.389s][info][gc,task        ] GC(81) Using 7 workers of 33 for evacuation
[67.391s][info][gc,phases      ] GC(81)   Pre Evacuate Collection Set: 0.1ms
[67.391s][info][gc,phases      ] GC(81)   Merge Heap Roots: 0.1ms
[67.391s][info][gc,phases      ] GC(81)   Evacuate Collection Set: 1.1ms
[67.391s][info][gc,phases      ] GC(81)   Post Evacuate Collection Set: 0.3ms
[67.391s][info][gc,phases      ] GC(81)   Other: 0.1ms
[67.391s][info][gc,heap        ] GC(81) Eden regions: 48->0(48)
[67.391s][info][gc,heap        ] GC(81) Survivor regions: 2->2(7)
[67.391s][info][gc,heap        ] GC(81) Old regions: 25->25
[67.391s][info][gc,heap        ] GC(81) Archive regions: 0->0
[67.391s][info][gc,heap        ] GC(81) Humongous regions: 0->0
[67.391s][info][gc,metaspace   ] GC(81) Metaspace: 9862K(10176K)->9862K(10176K) NonClass: 8558K(8768K)->8558K(8768K) Class: 1303K(1408K)->1303K(1408K)
[67.391s][info][gc             ] GC(81) Pause Young (Normal) (G1 Evacuation Pause) 53M->5M(84M) 2.264ms
[67.391s][info][gc,cpu         ] GC(81) User=0.00s Sys=0.00s Real=0.00s
[67.591s][info][gc,start       ] GC(82) Pause Young (Normal) (G1 Evacuation Pause)
[67.591s][info][gc,task        ] GC(82) Using 4 workers of 33 for evacuation
[67.594s][info][gc,phases      ] GC(82)   Pre Evacuate Collection Set: 0.2ms
[67.594s][info][gc,phases      ] GC(82)   Merge Heap Roots: 0.1ms
[67.594s][info][gc,phases      ] GC(82)   Evacuate Collection Set: 1.8ms
[67.594s][info][gc,phases      ] GC(82)   Post Evacuate Collection Set: 0.3ms
[67.594s][info][gc,phases      ] GC(82)   Other: 0.1ms
[67.594s][info][gc,heap        ] GC(82) Eden regions: 48->0(48)
[67.594s][info][gc,heap        ] GC(82) Survivor regions: 2->2(7)
[67.594s][info][gc,heap        ] GC(82) Old regions: 25->25
[67.594s][info][gc,heap        ] GC(82) Archive regions: 0->0
[67.594s][info][gc,heap        ] GC(82) Humongous regions: 0->0
[67.594s][info][gc,metaspace   ] GC(82) Metaspace: 9862K(10176K)->9862K(10176K) NonClass: 8558K(8768K)->8558K(8768K) Class: 1303K(1408K)->1303K(1408K)
[67.594s][info][gc             ] GC(82) Pause Young (Normal) (G1 Evacuation Pause) 53M->5M(84M) 3.063ms
[67.594s][info][gc,cpu         ] GC(82) User=0.00s Sys=0.00s Real=0.00s
[67.811s][info][gc,start       ] GC(83) Pause Young (Normal) (G1 Evacuation Pause)
[67.811s][info][gc,task        ] GC(83) Using 3 workers of 33 for evacuation
[67.814s][info][gc,phases      ] GC(83)   Pre Evacuate Collection Set: 0.1ms
[67.814s][info][gc,phases      ] GC(83)   Merge Heap Roots: 0.1ms
[67.814s][info][gc,phases      ] GC(83)   Evacuate Collection Set: 2.3ms
[67.814s][info][gc,phases      ] GC(83)   Post Evacuate Collection Set: 0.3ms
[67.814s][info][gc,phases      ] GC(83)   Other: 0.1ms
[67.814s][info][gc,heap        ] GC(83) Eden regions: 48->0(48)
[67.814s][info][gc,heap        ] GC(83) Survivor regions: 2->2(7)
[67.814s][info][gc,heap        ] GC(83) Old regions: 25->25
[67.814s][info][gc,heap        ] GC(83) Archive regions: 0->0
[67.814s][info][gc,heap        ] GC(83) Humongous regions: 0->0
[67.814s][info][gc,metaspace   ] GC(83) Metaspace: 9862K(10176K)->9862K(10176K) NonClass: 8558K(8768K)->8558K(8768K) Class: 1303K(1408K)->1303K(1408K)
[67.814s][info][gc             ] GC(83) Pause Young (Normal) (G1 Evacuation Pause) 53M->5M(84M) 3.462ms
[67.814s][info][gc,cpu         ] GC(83) User=0.00s Sys=0.00s Real=0.00s
[68.027s][info][gc,start       ] GC(84) Pause Young (Normal) (G1 Evacuation Pause)
[68.027s][info][gc,task        ] GC(84) Using 2 workers of 33 for evacuation
[68.032s][info][gc,phases      ] GC(84)   Pre Evacuate Collection Set: 0.1ms
[68.032s][info][gc,phases      ] GC(84)   Merge Heap Roots: 0.1ms
[68.032s][info][gc,phases      ] GC(84)   Evacuate Collection Set: 3.6ms
[68.032s][info][gc,phases      ] GC(84)   Post Evacuate Collection Set: 0.4ms
[68.032s][info][gc,phases      ] GC(84)   Other: 0.1ms
[68.032s][info][gc,heap        ] GC(84) Eden regions: 48->0(48)
[68.032s][info][gc,heap        ] GC(84) Survivor regions: 2->2(7)
[68.032s][info][gc,heap        ] GC(84) Old regions: 25->25
[68.032s][info][gc,heap        ] GC(84) Archive regions: 0->0
[68.032s][info][gc,heap        ] GC(84) Humongous regions: 0->0
[68.032s][info][gc,metaspace   ] GC(84) Metaspace: 9862K(10176K)->9862K(10176K) NonClass: 8558K(8768K)->8558K(8768K) Class: 1303K(1408K)->1303K(1408K)
[68.032s][info][gc             ] GC(84) Pause Young (Normal) (G1 Evacuation Pause) 53M->5M(84M) 4.762ms
[68.032s][info][gc,cpu         ] GC(84) User=0.00s Sys=0.00s Real=0.00s
[68.232s][info][gc,start       ] GC(85) Pause Young (Normal) (G1 Evacuation Pause)
[68.232s][info][gc,task        ] GC(85) Using 2 workers of 33 for evacuation
[68.249s][info][gc,phases      ] GC(85)   Pre Evacuate Collection Set: 0.1ms
[68.249s][info][gc,phases      ] GC(85)   Merge Heap Roots: 0.1ms
[68.249s][info][gc,phases      ] GC(85)   Evacuate Collection Set: 3.4ms
[68.249s][info][gc,phases      ] GC(85)   Post Evacuate Collection Set: 13.1ms
[68.249s][info][gc,phases      ] GC(85)   Other: 0.1ms
[68.249s][info][gc,heap        ] GC(85) Eden regions: 48->0(637)
[68.249s][info][gc,heap        ] GC(85) Survivor regions: 2->2(7)
[68.249s][info][gc,heap        ] GC(85) Old regions: 25->25
[68.249s][info][gc,heap        ] GC(85) Archive regions: 0->0
[68.249s][info][gc,heap        ] GC(85) Humongous regions: 0->0
[68.249s][info][gc,metaspace   ] GC(85) Metaspace: 9862K(10176K)->9862K(10176K) NonClass: 8558K(8768K)->8558K(8768K) Class: 1303K(1408K)->1303K(1408K)
[68.249s][info][gc             ] GC(85) Pause Young (Normal) (G1 Evacuation Pause) 53M->5M(1066M) 17.383ms
[68.249s][info][gc,cpu         ] GC(85) User=0.00s Sys=0.02s Real=0.01s
[71.191s][info][gc,start       ] GC(86) Pause Young (Normal) (G1 Evacuation Pause)
[71.191s][info][gc,task        ] GC(86) Using 25 workers of 33 for evacuation
[71.194s][info][gc,phases      ] GC(86)   Pre Evacuate Collection Set: 0.2ms
[71.194s][info][gc,phases      ] GC(86)   Merge Heap Roots: 0.4ms
[71.194s][info][gc,phases      ] GC(86)   Evacuate Collection Set: 1.5ms
[71.194s][info][gc,phases      ] GC(86)   Post Evacuate Collection Set: 0.8ms
[71.194s][info][gc,phases      ] GC(86)   Other: 0.2ms
[71.194s][info][gc,heap        ] GC(86) Eden regions: 637->0(637)
[71.194s][info][gc,heap        ] GC(86) Survivor regions: 2->2(80)
[71.194s][info][gc,heap        ] GC(86) Old regions: 25->25
[71.194s][info][gc,heap        ] GC(86) Archive regions: 0->0
[71.194s][info][gc,heap        ] GC(86) Humongous regions: 0->0
[71.194s][info][gc,metaspace   ] GC(86) Metaspace: 9862K(10176K)->9862K(10176K) NonClass: 8558K(8768K)->8558K(8768K) Class: 1303K(1408K)->1303K(1408K)
[71.194s][info][gc             ] GC(86) Pause Young (Normal) (G1 Evacuation Pause) 642M->5M(1066M) 3.682ms
[71.195s][info][gc,cpu         ] GC(86) User=0.00s Sys=0.00s Real=0.00s
[73.986s][info][gc,start       ] GC(87) Pause Young (Normal) (G1 Evacuation Pause)
[73.986s][info][gc,task        ] GC(87) Using 25 workers of 33 for evacuation
[73.989s][info][gc,phases      ] GC(87)   Pre Evacuate Collection Set: 0.2ms
[73.989s][info][gc,phases      ] GC(87)   Merge Heap Roots: 0.4ms
[73.989s][info][gc,phases      ] GC(87)   Evacuate Collection Set: 1.6ms
[73.989s][info][gc,phases      ] GC(87)   Post Evacuate Collection Set: 0.8ms
[73.989s][info][gc,phases      ] GC(87)   Other: 0.2ms
[73.989s][info][gc,heap        ] GC(87) Eden regions: 637->0(637)
[73.989s][info][gc,heap        ] GC(87) Survivor regions: 2->2(80)
[73.989s][info][gc,heap        ] GC(87) Old regions: 25->25
[73.989s][info][gc,heap        ] GC(87) Archive regions: 0->0
[73.989s][info][gc,heap        ] GC(87) Humongous regions: 0->0
[73.989s][info][gc,metaspace   ] GC(87) Metaspace: 9862K(10176K)->9862K(10176K) NonClass: 8558K(8768K)->8558K(8768K) Class: 1303K(1408K)->1303K(1408K)
[73.990s][info][gc             ] GC(87) Pause Young (Normal) (G1 Evacuation Pause) 642M->5M(1066M) 3.795ms
[73.990s][info][gc,cpu         ] GC(87) User=0.00s Sys=0.00s Real=0.00s
[74.165s][info][gc,start       ] GC(88) Pause Full (System.gc())
[74.165s][info][gc,task        ] GC(88) Using 25 workers of 33 for full compaction
[74.166s][info][gc,phases,start] GC(88) Phase 1: Mark live objects
[74.173s][info][gc,phases      ] GC(88) Phase 1: Mark live objects 6.278ms
[74.173s][info][gc,phases,start] GC(88) Phase 2: Prepare compaction
[74.177s][info][gc,phases      ] GC(88) Phase 2: Prepare compaction 4.190ms
[74.177s][info][gc,phases,start] GC(88) Phase 3: Adjust pointers
[74.181s][info][gc,phases      ] GC(88) Phase 3: Adjust pointers 3.641ms
[74.181s][info][gc,phases,start] GC(88) Phase 4: Compact heap
[74.181s][info][gc,phases      ] GC(88) Phase 4: Compact heap 0.540ms
[74.193s][info][gc,heap        ] GC(88) Eden regions: 41->0(50)
[74.193s][info][gc,heap        ] GC(88) Survivor regions: 2->0(80)
[74.193s][info][gc,heap        ] GC(88) Old regions: 25->25
[74.193s][info][gc,heap        ] GC(88) Archive regions: 0->0
[74.193s][info][gc,heap        ] GC(88) Humongous regions: 0->0
[74.193s][info][gc,metaspace   ] GC(88) Metaspace: 9862K(10176K)->9862K(10176K) NonClass: 8558K(8768K)->8558K(8768K) Class: 1303K(1408K)->1303K(1408K)
[74.193s][info][gc             ] GC(88) Pause Full (System.gc()) 45M->3M(84M) 27.896ms
[74.193s][info][gc,cpu         ] GC(88) User=0.02s Sys=0.00s Real=0.02s
[74.411s][info][gc,start       ] GC(89) Pause Young (Normal) (G1 Evacuation Pause)
[74.411s][info][gc,task        ] GC(89) Using 13 workers of 33 for evacuation
[74.413s][info][gc,phases      ] GC(89)   Pre Evacuate Collection Set: 0.1ms
[74.413s][info][gc,phases      ] GC(89)   Merge Heap Roots: 0.1ms
[74.413s][info][gc,phases      ] GC(89)   Evacuate Collection Set: 0.9ms
[74.413s][info][gc,phases      ] GC(89)   Post Evacuate Collection Set: 0.4ms
[74.413s][info][gc,phases      ] GC(89)   Other: 0.1ms
[74.413s][info][gc,heap        ] GC(89) Eden regions: 50->0(48)
[74.413s][info][gc,heap        ] GC(89) Survivor regions: 0->2(7)
[74.413s][info][gc,heap        ] GC(89) Old regions: 25->25
[74.413s][info][gc,heap        ] GC(89) Archive regions: 0->0
[74.413s][info][gc,heap        ] GC(89) Humongous regions: 0->0
[74.413s][info][gc,metaspace   ] GC(89) Metaspace: 9863K(10176K)->9863K(10176K) NonClass: 8559K(8768K)->8559K(8768K) Class: 1303K(1408K)->1303K(1408K)
[74.413s][info][gc             ] GC(89) Pause Young (Normal) (G1 Evacuation Pause) 53M->5M(84M) 2.172ms
[74.413s][info][gc,cpu         ] GC(89) User=0.00s Sys=0.00s Real=0.00s
[74.605s][info][gc,start       ] GC(90) Pause Young (Normal) (G1 Evacuation Pause)
[74.606s][info][gc,task        ] GC(90) Using 7 workers of 33 for evacuation
[74.607s][info][gc,phases      ] GC(90)   Pre Evacuate Collection Set: 0.1ms
[74.607s][info][gc,phases      ] GC(90)   Merge Heap Roots: 0.1ms
[74.607s][info][gc,phases      ] GC(90)   Evacuate Collection Set: 1.1ms
[74.607s][info][gc,phases      ] GC(90)   Post Evacuate Collection Set: 0.3ms
[74.607s][info][gc,phases      ] GC(90)   Other: 0.1ms
[74.608s][info][gc,heap        ] GC(90) Eden regions: 48->0(48)
[74.608s][info][gc,heap        ] GC(90) Survivor regions: 2->2(7)
[74.608s][info][gc,heap        ] GC(90) Old regions: 25->25
[74.608s][info][gc,heap        ] GC(90) Archive regions: 0->0
[74.608s][info][gc,heap        ] GC(90) Humongous regions: 0->0
[74.608s][info][gc,metaspace   ] GC(90) Metaspace: 9863K(10176K)->9863K(10176K) NonClass: 8559K(8768K)->8559K(8768K) Class: 1303K(1408K)->1303K(1408K)
[74.608s][info][gc             ] GC(90) Pause Young (Normal) (G1 Evacuation Pause) 53M->5M(84M) 2.226ms
[74.608s][info][gc,cpu         ] GC(90) User=0.00s Sys=0.00s Real=0.00s
[74.808s][info][gc,start       ] GC(91) Pause Young (Normal) (G1 Evacuation Pause)
[74.808s][info][gc,task        ] GC(91) Using 4 workers of 33 for evacuation
[74.810s][info][gc,phases      ] GC(91)   Pre Evacuate Collection Set: 0.1ms
[74.810s][info][gc,phases      ] GC(91)   Merge Heap Roots: 0.1ms
[74.810s][info][gc,phases      ] GC(91)   Evacuate Collection Set: 1.9ms
[74.810s][info][gc,phases      ] GC(91)   Post Evacuate Collection Set: 0.3ms
[74.810s][info][gc,phases      ] GC(91)   Other: 0.1ms
[74.810s][info][gc,heap        ] GC(91) Eden regions: 48->0(48)
[74.810s][info][gc,heap        ] GC(91) Survivor regions: 2->2(7)
[74.810s][info][gc,heap        ] GC(91) Old regions: 25->25
[74.810s][info][gc,heap        ] GC(91) Archive regions: 0->0
[74.811s][info][gc,heap        ] GC(91) Humongous regions: 0->0
[74.811s][info][gc,metaspace   ] GC(91) Metaspace: 9863K(10176K)->9863K(10176K) NonClass: 8559K(8768K)->8559K(8768K) Class: 1303K(1408K)->1303K(1408K)
[74.811s][info][gc             ] GC(91) Pause Young (Normal) (G1 Evacuation Pause) 53M->5M(84M) 3.050ms
[74.811s][info][gc,cpu         ] GC(91) User=0.00s Sys=0.00s Real=0.00s
[75.026s][info][gc,start       ] GC(92) Pause Young (Normal) (G1 Evacuation Pause)
[75.027s][info][gc,task        ] GC(92) Using 3 workers of 33 for evacuation
[75.030s][info][gc,phases      ] GC(92)   Pre Evacuate Collection Set: 0.1ms
[75.030s][info][gc,phases      ] GC(92)   Merge Heap Roots: 0.1ms
[75.030s][info][gc,phases      ] GC(92)   Evacuate Collection Set: 2.6ms
[75.030s][info][gc,phases      ] GC(92)   Post Evacuate Collection Set: 0.3ms
[75.030s][info][gc,phases      ] GC(92)   Other: 0.1ms
[75.030s][info][gc,heap        ] GC(92) Eden regions: 48->0(48)
[75.030s][info][gc,heap        ] GC(92) Survivor regions: 2->2(7)
[75.030s][info][gc,heap        ] GC(92) Old regions: 25->25
[75.030s][info][gc,heap        ] GC(92) Archive regions: 0->0
[75.030s][info][gc,heap        ] GC(92) Humongous regions: 0->0
[75.030s][info][gc,metaspace   ] GC(92) Metaspace: 9863K(10176K)->9863K(10176K) NonClass: 8559K(8768K)->8559K(8768K) Class: 1303K(1408K)->1303K(1408K)
[75.030s][info][gc             ] GC(92) Pause Young (Normal) (G1 Evacuation Pause) 53M->5M(84M) 3.759ms
[75.030s][info][gc,cpu         ] GC(92) User=0.00s Sys=0.00s Real=0.00s
[75.243s][info][gc,start       ] GC(93) Pause Young (Normal) (G1 Evacuation Pause)
[75.244s][info][gc,task        ] GC(93) Using 2 workers of 33 for evacuation
[75.248s][info][gc,phases      ] GC(93)   Pre Evacuate Collection Set: 0.1ms
[75.248s][info][gc,phases      ] GC(93)   Merge Heap Roots: 0.1ms
[75.248s][info][gc,phases      ] GC(93)   Evacuate Collection Set: 3.5ms
[75.248s][info][gc,phases      ] GC(93)   Post Evacuate Collection Set: 0.4ms
[75.248s][info][gc,phases      ] GC(93)   Other: 0.1ms
[75.248s][info][gc,heap        ] GC(93) Eden regions: 48->0(48)
[75.248s][info][gc,heap        ] GC(93) Survivor regions: 2->2(7)
[75.248s][info][gc,heap        ] GC(93) Old regions: 25->25
[75.248s][info][gc,heap        ] GC(93) Archive regions: 0->0
[75.248s][info][gc,heap        ] GC(93) Humongous regions: 0->0
[75.248s][info][gc,metaspace   ] GC(93) Metaspace: 9863K(10176K)->9863K(10176K) NonClass: 8559K(8768K)->8559K(8768K) Class: 1303K(1408K)->1303K(1408K)
[75.248s][info][gc             ] GC(93) Pause Young (Normal) (G1 Evacuation Pause) 53M->5M(84M) 4.684ms
[75.248s][info][gc,cpu         ] GC(93) User=0.00s Sys=0.00s Real=0.00s
[75.456s][info][gc,start       ] GC(94) Pause Young (Normal) (G1 Evacuation Pause)
[75.456s][info][gc,task        ] GC(94) Using 2 workers of 33 for evacuation
[75.466s][info][gc,phases      ] GC(94)   Pre Evacuate Collection Set: 0.1ms
[75.466s][info][gc,phases      ] GC(94)   Merge Heap Roots: 0.1ms
[75.466s][info][gc,phases      ] GC(94)   Evacuate Collection Set: 3.2ms
[75.466s][info][gc,phases      ] GC(94)   Post Evacuate Collection Set: 6.6ms
[75.466s][info][gc,phases      ] GC(94)   Other: 0.1ms
[75.466s][info][gc,heap        ] GC(94) Eden regions: 48->0(637)
[75.466s][info][gc,heap        ] GC(94) Survivor regions: 2->2(7)
[75.466s][info][gc,heap        ] GC(94) Old regions: 25->25
[75.466s][info][gc,heap        ] GC(94) Archive regions: 0->0
[75.466s][info][gc,heap        ] GC(94) Humongous regions: 0->0
[75.466s][info][gc,metaspace   ] GC(94) Metaspace: 9863K(10176K)->9863K(10176K) NonClass: 8559K(8768K)->8559K(8768K) Class: 1303K(1408K)->1303K(1408K)
[75.466s][info][gc             ] GC(94) Pause Young (Normal) (G1 Evacuation Pause) 53M->5M(1066M) 10.411ms
[75.466s][info][gc,cpu         ] GC(94) User=0.00s Sys=0.02s Real=0.01s
[78.465s][info][gc,start       ] GC(95) Pause Young (Normal) (G1 Evacuation Pause)
[78.465s][info][gc,task        ] GC(95) Using 25 workers of 33 for evacuation
[78.468s][info][gc,phases      ] GC(95)   Pre Evacuate Collection Set: 0.2ms
[78.468s][info][gc,phases      ] GC(95)   Merge Heap Roots: 0.4ms
[78.468s][info][gc,phases      ] GC(95)   Evacuate Collection Set: 1.7ms
[78.468s][info][gc,phases      ] GC(95)   Post Evacuate Collection Set: 0.7ms
[78.468s][info][gc,phases      ] GC(95)   Other: 0.1ms
[78.468s][info][gc,heap        ] GC(95) Eden regions: 637->0(637)
[78.468s][info][gc,heap        ] GC(95) Survivor regions: 2->2(80)
[78.468s][info][gc,heap        ] GC(95) Old regions: 25->25
[78.468s][info][gc,heap        ] GC(95) Archive regions: 0->0
[78.468s][info][gc,heap        ] GC(95) Humongous regions: 0->0
[78.468s][info][gc,metaspace   ] GC(95) Metaspace: 9863K(10176K)->9863K(10176K) NonClass: 8559K(8768K)->8559K(8768K) Class: 1303K(1408K)->1303K(1408K)
[78.468s][info][gc             ] GC(95) Pause Young (Normal) (G1 Evacuation Pause) 642M->5M(1066M) 3.451ms
[78.468s][info][gc,cpu         ] GC(95) User=0.00s Sys=0.00s Real=0.00s
[81.292s][info][gc,start       ] GC(96) Pause Young (Normal) (G1 Evacuation Pause)
[81.292s][info][gc,task        ] GC(96) Using 25 workers of 33 for evacuation
[81.295s][info][gc,phases      ] GC(96)   Pre Evacuate Collection Set: 0.2ms
[81.295s][info][gc,phases      ] GC(96)   Merge Heap Roots: 0.4ms
[81.296s][info][gc,phases      ] GC(96)   Evacuate Collection Set: 1.6ms
[81.296s][info][gc,phases      ] GC(96)   Post Evacuate Collection Set: 0.8ms
[81.296s][info][gc,phases      ] GC(96)   Other: 0.2ms
[81.296s][info][gc,heap        ] GC(96) Eden regions: 637->0(637)
[81.296s][info][gc,heap        ] GC(96) Survivor regions: 2->2(80)
[81.296s][info][gc,heap        ] GC(96) Old regions: 25->25
[81.296s][info][gc,heap        ] GC(96) Archive regions: 0->0
[81.296s][info][gc,heap        ] GC(96) Humongous regions: 0->0
[81.296s][info][gc,metaspace   ] GC(96) Metaspace: 9863K(10176K)->9863K(10176K) NonClass: 8559K(8768K)->8559K(8768K) Class: 1303K(1408K)->1303K(1408K)
[81.296s][info][gc             ] GC(96) Pause Young (Normal) (G1 Evacuation Pause) 642M->5M(1066M) 3.785ms
[81.296s][info][gc,cpu         ] GC(96) User=0.00s Sys=0.00s Real=0.00s
[81.468s][info][gc,start       ] GC(97) Pause Full (System.gc())
[81.468s][info][gc,task        ] GC(97) Using 25 workers of 33 for full compaction
[81.469s][info][gc,phases,start] GC(97) Phase 1: Mark live objects
[81.475s][info][gc,phases      ] GC(97) Phase 1: Mark live objects 5.646ms
[81.475s][info][gc,phases,start] GC(97) Phase 2: Prepare compaction
[81.479s][info][gc,phases      ] GC(97) Phase 2: Prepare compaction 4.237ms
[81.479s][info][gc,phases,start] GC(97) Phase 3: Adjust pointers
[81.483s][info][gc,phases      ] GC(97) Phase 3: Adjust pointers 3.544ms
[81.483s][info][gc,phases,start] GC(97) Phase 4: Compact heap
[81.484s][info][gc,phases      ] GC(97) Phase 4: Compact heap 0.546ms
[81.495s][info][gc,heap        ] GC(97) Eden regions: 40->0(50)
[81.495s][info][gc,heap        ] GC(97) Survivor regions: 2->0(80)
[81.495s][info][gc,heap        ] GC(97) Old regions: 25->25
[81.495s][info][gc,heap        ] GC(97) Archive regions: 0->0
[81.495s][info][gc,heap        ] GC(97) Humongous regions: 0->0
[81.495s][info][gc,metaspace   ] GC(97) Metaspace: 9864K(10176K)->9864K(10176K) NonClass: 8560K(8768K)->8560K(8768K) Class: 1303K(1408K)->1303K(1408K)
[81.495s][info][gc             ] GC(97) Pause Full (System.gc()) 44M->3M(84M) 27.235ms
[81.495s][info][gc,cpu         ] GC(97) User=0.00s Sys=0.03s Real=0.03s
[81.723s][info][gc,start       ] GC(98) Pause Young (Normal) (G1 Evacuation Pause)
[81.723s][info][gc,task        ] GC(98) Using 13 workers of 33 for evacuation
[81.725s][info][gc,phases      ] GC(98)   Pre Evacuate Collection Set: 0.1ms
[81.725s][info][gc,phases      ] GC(98)   Merge Heap Roots: 0.1ms
[81.725s][info][gc,phases      ] GC(98)   Evacuate Collection Set: 0.9ms
[81.725s][info][gc,phases      ] GC(98)   Post Evacuate Collection Set: 0.4ms
[81.725s][info][gc,phases      ] GC(98)   Other: 0.2ms
[81.725s][info][gc,heap        ] GC(98) Eden regions: 50->0(48)
[81.725s][info][gc,heap        ] GC(98) Survivor regions: 0->2(7)
[81.725s][info][gc,heap        ] GC(98) Old regions: 25->25
[81.725s][info][gc,heap        ] GC(98) Archive regions: 0->0
[81.725s][info][gc,heap        ] GC(98) Humongous regions: 0->0
[81.725s][info][gc,metaspace   ] GC(98) Metaspace: 9879K(10176K)->9879K(10176K) NonClass: 8575K(8768K)->8575K(8768K) Class: 1303K(1408K)->1303K(1408K)
[81.725s][info][gc             ] GC(98) Pause Young (Normal) (G1 Evacuation Pause) 53M->5M(84M) 2.158ms
[81.725s][info][gc,cpu         ] GC(98) User=0.00s Sys=0.00s Real=0.00s
[81.925s][info][gc,start       ] GC(99) Pause Young (Normal) (G1 Evacuation Pause)
[81.925s][info][gc,task        ] GC(99) Using 7 workers of 33 for evacuation
[81.926s][info][gc,phases      ] GC(99)   Pre Evacuate Collection Set: 0.1ms
[81.926s][info][gc,phases      ] GC(99)   Merge Heap Roots: 0.1ms
[81.926s][info][gc,phases      ] GC(99)   Evacuate Collection Set: 1.1ms
[81.926s][info][gc,phases      ] GC(99)   Post Evacuate Collection Set: 0.3ms
[81.927s][info][gc,phases      ] GC(99)   Other: 0.1ms
[81.927s][info][gc,heap        ] GC(99) Eden regions: 48->0(48)
[81.927s][info][gc,heap        ] GC(99) Survivor regions: 2->2(7)
[81.927s][info][gc,heap        ] GC(99) Old regions: 25->25
[81.927s][info][gc,heap        ] GC(99) Archive regions: 0->0
[81.927s][info][gc,heap        ] GC(99) Humongous regions: 0->0
[81.927s][info][gc,metaspace   ] GC(99) Metaspace: 9879K(10176K)->9879K(10176K) NonClass: 8575K(8768K)->8575K(8768K) Class: 1303K(1408K)->1303K(1408K)
[81.927s][info][gc             ] GC(99) Pause Young (Normal) (G1 Evacuation Pause) 53M->5M(84M) 2.212ms
[81.927s][info][gc,cpu         ] GC(99) User=0.00s Sys=0.00s Real=0.00s
[82.124s][info][gc,start       ] GC(100) Pause Young (Normal) (G1 Evacuation Pause)
[82.124s][info][gc,task        ] GC(100) Using 4 workers of 33 for evacuation
[82.126s][info][gc,phases      ] GC(100)   Pre Evacuate Collection Set: 0.1ms
[82.126s][info][gc,phases      ] GC(100)   Merge Heap Roots: 0.1ms
[82.126s][info][gc,phases      ] GC(100)   Evacuate Collection Set: 2.0ms
[82.126s][info][gc,phases      ] GC(100)   Post Evacuate Collection Set: 0.3ms
[82.127s][info][gc,phases      ] GC(100)   Other: 0.1ms
[82.127s][info][gc,heap        ] GC(100) Eden regions: 48->0(48)
[82.127s][info][gc,heap        ] GC(100) Survivor regions: 2->2(7)
[82.127s][info][gc,heap        ] GC(100) Old regions: 25->25
[82.127s][info][gc,heap        ] GC(100) Archive regions: 0->0
[82.127s][info][gc,heap        ] GC(100) Humongous regions: 0->0
[82.127s][info][gc,metaspace   ] GC(100) Metaspace: 9879K(10176K)->9879K(10176K) NonClass: 8575K(8768K)->8575K(8768K) Class: 1303K(1408K)->1303K(1408K)
[82.127s][info][gc             ] GC(100) Pause Young (Normal) (G1 Evacuation Pause) 53M->5M(84M) 3.143ms
[82.127s][info][gc,cpu         ] GC(100) User=0.00s Sys=0.00s Real=0.00s
[82.334s][info][gc,start       ] GC(101) Pause Young (Normal) (G1 Evacuation Pause)
[82.334s][info][gc,task        ] GC(101) Using 3 workers of 33 for evacuation
[82.337s][info][gc,phases      ] GC(101)   Pre Evacuate Collection Set: 0.1ms
[82.337s][info][gc,phases      ] GC(101)   Merge Heap Roots: 0.1ms
[82.337s][info][gc,phases      ] GC(101)   Evacuate Collection Set: 2.4ms
[82.337s][info][gc,phases      ] GC(101)   Post Evacuate Collection Set: 0.3ms
[82.337s][info][gc,phases      ] GC(101)   Other: 0.1ms
[82.337s][info][gc,heap        ] GC(101) Eden regions: 48->0(48)
[82.337s][info][gc,heap        ] GC(101) Survivor regions: 2->2(7)
[82.337s][info][gc,heap        ] GC(101) Old regions: 25->25
[82.337s][info][gc,heap        ] GC(101) Archive regions: 0->0
[82.337s][info][gc,heap        ] GC(101) Humongous regions: 0->0
[82.337s][info][gc,metaspace   ] GC(101) Metaspace: 9879K(10176K)->9879K(10176K) NonClass: 8575K(8768K)->8575K(8768K) Class: 1303K(1408K)->1303K(1408K)
[82.337s][info][gc             ] GC(101) Pause Young (Normal) (G1 Evacuation Pause) 53M->5M(84M) 3.556ms
[82.338s][info][gc,cpu         ] GC(101) User=0.00s Sys=0.00s Real=0.00s
[82.546s][info][gc,start       ] GC(102) Pause Young (Normal) (G1 Evacuation Pause)
[82.546s][info][gc,task        ] GC(102) Using 2 workers of 33 for evacuation
[82.550s][info][gc,phases      ] GC(102)   Pre Evacuate Collection Set: 0.1ms
[82.550s][info][gc,phases      ] GC(102)   Merge Heap Roots: 0.1ms
[82.550s][info][gc,phases      ] GC(102)   Evacuate Collection Set: 3.8ms
[82.550s][info][gc,phases      ] GC(102)   Post Evacuate Collection Set: 0.3ms
[82.550s][info][gc,phases      ] GC(102)   Other: 0.1ms
[82.550s][info][gc,heap        ] GC(102) Eden regions: 48->0(48)
[82.551s][info][gc,heap        ] GC(102) Survivor regions: 2->2(7)
[82.551s][info][gc,heap        ] GC(102) Old regions: 25->25
[82.551s][info][gc,heap        ] GC(102) Archive regions: 0->0
[82.551s][info][gc,heap        ] GC(102) Humongous regions: 0->0
[82.551s][info][gc,metaspace   ] GC(102) Metaspace: 9879K(10176K)->9879K(10176K) NonClass: 8575K(8768K)->8575K(8768K) Class: 1303K(1408K)->1303K(1408K)
[82.551s][info][gc             ] GC(102) Pause Young (Normal) (G1 Evacuation Pause) 53M->5M(84M) 5.041ms
[82.551s][info][gc,cpu         ] GC(102) User=0.03s Sys=0.00s Real=0.02s
[82.758s][info][gc,start       ] GC(103) Pause Young (Normal) (G1 Evacuation Pause)
[82.759s][info][gc,task        ] GC(103) Using 2 workers of 33 for evacuation
[82.775s][info][gc,phases      ] GC(103)   Pre Evacuate Collection Set: 0.1ms
[82.776s][info][gc,phases      ] GC(103)   Merge Heap Roots: 0.1ms
[82.776s][info][gc,phases      ] GC(103)   Evacuate Collection Set: 3.5ms
[82.776s][info][gc,phases      ] GC(103)   Post Evacuate Collection Set: 13.0ms
[82.776s][info][gc,phases      ] GC(103)   Other: 0.1ms
[82.776s][info][gc,heap        ] GC(103) Eden regions: 48->0(637)
[82.776s][info][gc,heap        ] GC(103) Survivor regions: 2->2(7)
[82.776s][info][gc,heap        ] GC(103) Old regions: 25->25
[82.776s][info][gc,heap        ] GC(103) Archive regions: 0->0
[82.776s][info][gc,heap        ] GC(103) Humongous regions: 0->0
[82.776s][info][gc,metaspace   ] GC(103) Metaspace: 9879K(10176K)->9879K(10176K) NonClass: 8575K(8768K)->8575K(8768K) Class: 1303K(1408K)->1303K(1408K)
[82.776s][info][gc             ] GC(103) Pause Young (Normal) (G1 Evacuation Pause) 53M->5M(1066M) 17.419ms
[82.776s][info][gc,cpu         ] GC(103) User=0.05s Sys=0.00s Real=0.03s
[85.775s][info][gc,start       ] GC(104) Pause Young (Normal) (G1 Evacuation Pause)
[85.776s][info][gc,task        ] GC(104) Using 25 workers of 33 for evacuation
[85.779s][info][gc,phases      ] GC(104)   Pre Evacuate Collection Set: 0.2ms
[85.779s][info][gc,phases      ] GC(104)   Merge Heap Roots: 0.4ms
[85.779s][info][gc,phases      ] GC(104)   Evacuate Collection Set: 1.7ms
[85.779s][info][gc,phases      ] GC(104)   Post Evacuate Collection Set: 0.8ms
[85.779s][info][gc,phases      ] GC(104)   Other: 0.2ms
[85.779s][info][gc,heap        ] GC(104) Eden regions: 637->0(637)
[85.779s][info][gc,heap        ] GC(104) Survivor regions: 2->2(80)
[85.779s][info][gc,heap        ] GC(104) Old regions: 25->25
[85.779s][info][gc,heap        ] GC(104) Archive regions: 0->0
[85.779s][info][gc,heap        ] GC(104) Humongous regions: 0->0
[85.779s][info][gc,metaspace   ] GC(104) Metaspace: 9879K(10176K)->9879K(10176K) NonClass: 8575K(8768K)->8575K(8768K) Class: 1303K(1408K)->1303K(1408K)
[85.779s][info][gc             ] GC(104) Pause Young (Normal) (G1 Evacuation Pause) 642M->5M(1066M) 3.837ms
[85.779s][info][gc,cpu         ] GC(104) User=0.00s Sys=0.00s Real=0.00s
[88.604s][info][gc,start       ] GC(105) Pause Young (Normal) (G1 Evacuation Pause)
[88.604s][info][gc,task        ] GC(105) Using 25 workers of 33 for evacuation
[88.607s][info][gc,phases      ] GC(105)   Pre Evacuate Collection Set: 0.3ms
[88.607s][info][gc,phases      ] GC(105)   Merge Heap Roots: 0.4ms
[88.607s][info][gc,phases      ] GC(105)   Evacuate Collection Set: 1.7ms
[88.607s][info][gc,phases      ] GC(105)   Post Evacuate Collection Set: 0.8ms
[88.607s][info][gc,phases      ] GC(105)   Other: 0.2ms
[88.607s][info][gc,heap        ] GC(105) Eden regions: 637->0(637)
[88.607s][info][gc,heap        ] GC(105) Survivor regions: 2->2(80)
[88.607s][info][gc,heap        ] GC(105) Old regions: 25->25
[88.607s][info][gc,heap        ] GC(105) Archive regions: 0->0
[88.607s][info][gc,heap        ] GC(105) Humongous regions: 0->0
[88.607s][info][gc,metaspace   ] GC(105) Metaspace: 9879K(10176K)->9879K(10176K) NonClass: 8575K(8768K)->8575K(8768K) Class: 1303K(1408K)->1303K(1408K)
[88.607s][info][gc             ] GC(105) Pause Young (Normal) (G1 Evacuation Pause) 642M->5M(1066M) 3.942ms
[88.607s][info][gc,cpu         ] GC(105) User=0.00s Sys=0.00s Real=0.00s
[88.734s][info][gc,start       ] GC(106) Pause Full (System.gc())
[88.734s][info][gc,task        ] GC(106) Using 25 workers of 33 for full compaction
[88.735s][info][gc,phases,start] GC(106) Phase 1: Mark live objects
[88.741s][info][gc,phases      ] GC(106) Phase 1: Mark live objects 5.891ms
[88.741s][info][gc,phases,start] GC(106) Phase 2: Prepare compaction
[88.745s][info][gc,phases      ] GC(106) Phase 2: Prepare compaction 4.155ms
[88.745s][info][gc,phases,start] GC(106) Phase 3: Adjust pointers
[88.749s][info][gc,phases      ] GC(106) Phase 3: Adjust pointers 3.776ms
[88.749s][info][gc,phases,start] GC(106) Phase 4: Compact heap
[88.750s][info][gc,phases      ] GC(106) Phase 4: Compact heap 0.587ms
[88.762s][info][gc,heap        ] GC(106) Eden regions: 30->0(50)
[88.762s][info][gc,heap        ] GC(106) Survivor regions: 2->0(80)
[88.762s][info][gc,heap        ] GC(106) Old regions: 25->25
[88.762s][info][gc,heap        ] GC(106) Archive regions: 0->0
[88.762s][info][gc,heap        ] GC(106) Humongous regions: 0->0
[88.762s][info][gc,metaspace   ] GC(106) Metaspace: 9880K(10176K)->9880K(10176K) NonClass: 8576K(8768K)->8576K(8768K) Class: 1303K(1408K)->1303K(1408K)
[88.763s][info][gc             ] GC(106) Pause Full (System.gc()) 34M->3M(84M) 28.695ms
[88.763s][info][gc,cpu         ] GC(106) User=0.41s Sys=0.25s Real=0.03s
[88.972s][info][gc,start       ] GC(107) Pause Young (Normal) (G1 Evacuation Pause)
[88.972s][info][gc,task        ] GC(107) Using 13 workers of 33 for evacuation
[88.973s][info][gc,phases      ] GC(107)   Pre Evacuate Collection Set: 0.1ms
[88.973s][info][gc,phases      ] GC(107)   Merge Heap Roots: 0.1ms
[88.973s][info][gc,phases      ] GC(107)   Evacuate Collection Set: 0.8ms
[88.973s][info][gc,phases      ] GC(107)   Post Evacuate Collection Set: 0.3ms
[88.973s][info][gc,phases      ] GC(107)   Other: 0.1ms
[88.973s][info][gc,heap        ] GC(107) Eden regions: 50->0(48)
[88.973s][info][gc,heap        ] GC(107) Survivor regions: 0->2(7)
[88.973s][info][gc,heap        ] GC(107) Old regions: 25->25
[88.973s][info][gc,heap        ] GC(107) Archive regions: 0->0
[88.973s][info][gc,heap        ] GC(107) Humongous regions: 0->0
[88.973s][info][gc,metaspace   ] GC(107) Metaspace: 9881K(10176K)->9881K(10176K) NonClass: 8578K(8768K)->8578K(8768K) Class: 1303K(1408K)->1303K(1408K)
[88.973s][info][gc             ] GC(107) Pause Young (Normal) (G1 Evacuation Pause) 53M->5M(84M) 1.583ms
[88.973s][info][gc,cpu         ] GC(107) User=0.00s Sys=0.00s Real=0.00s
[89.172s][info][gc,start       ] GC(108) Pause Young (Normal) (G1 Evacuation Pause)
[89.172s][info][gc,task        ] GC(108) Using 7 workers of 33 for evacuation
[89.174s][info][gc,phases      ] GC(108)   Pre Evacuate Collection Set: 0.1ms
[89.174s][info][gc,phases      ] GC(108)   Merge Heap Roots: 0.1ms
[89.174s][info][gc,phases      ] GC(108)   Evacuate Collection Set: 1.2ms
[89.174s][info][gc,phases      ] GC(108)   Post Evacuate Collection Set: 0.3ms
[89.174s][info][gc,phases      ] GC(108)   Other: 0.1ms
[89.174s][info][gc,heap        ] GC(108) Eden regions: 48->0(48)
[89.174s][info][gc,heap        ] GC(108) Survivor regions: 2->2(7)
[89.174s][info][gc,heap        ] GC(108) Old regions: 25->25
[89.174s][info][gc,heap        ] GC(108) Archive regions: 0->0
[89.174s][info][gc,heap        ] GC(108) Humongous regions: 0->0
[89.174s][info][gc,metaspace   ] GC(108) Metaspace: 9881K(10176K)->9881K(10176K) NonClass: 8578K(8768K)->8578K(8768K) Class: 1303K(1408K)->1303K(1408K)
[89.174s][info][gc             ] GC(108) Pause Young (Normal) (G1 Evacuation Pause) 53M->5M(84M) 2.328ms
[89.174s][info][gc,cpu         ] GC(108) User=0.00s Sys=0.00s Real=0.00s
[89.373s][info][gc,start       ] GC(109) Pause Young (Normal) (G1 Evacuation Pause)
[89.373s][info][gc,task        ] GC(109) Using 4 workers of 33 for evacuation
[89.376s][info][gc,phases      ] GC(109)   Pre Evacuate Collection Set: 0.1ms
[89.376s][info][gc,phases      ] GC(109)   Merge Heap Roots: 0.1ms
[89.376s][info][gc,phases      ] GC(109)   Evacuate Collection Set: 1.9ms
[89.376s][info][gc,phases      ] GC(109)   Post Evacuate Collection Set: 0.3ms
[89.376s][info][gc,phases      ] GC(109)   Other: 0.1ms
[89.376s][info][gc,heap        ] GC(109) Eden regions: 48->0(48)
[89.376s][info][gc,heap        ] GC(109) Survivor regions: 2->2(7)
[89.376s][info][gc,heap        ] GC(109) Old regions: 25->25
[89.376s][info][gc,heap        ] GC(109) Archive regions: 0->0
[89.376s][info][gc,heap        ] GC(109) Humongous regions: 0->0
[89.376s][info][gc,metaspace   ] GC(109) Metaspace: 9881K(10176K)->9881K(10176K) NonClass: 8578K(8768K)->8578K(8768K) Class: 1303K(1408K)->1303K(1408K)
[89.376s][info][gc             ] GC(109) Pause Young (Normal) (G1 Evacuation Pause) 53M->5M(84M) 3.235ms
[89.376s][info][gc,cpu         ] GC(109) User=0.00s Sys=0.00s Real=0.00s
[89.590s][info][gc,start       ] GC(110) Pause Young (Normal) (G1 Evacuation Pause)
[89.590s][info][gc,task        ] GC(110) Using 3 workers of 33 for evacuation
[89.593s][info][gc,phases      ] GC(110)   Pre Evacuate Collection Set: 0.1ms
[89.593s][info][gc,phases      ] GC(110)   Merge Heap Roots: 0.1ms
[89.593s][info][gc,phases      ] GC(110)   Evacuate Collection Set: 2.6ms
[89.594s][info][gc,phases      ] GC(110)   Post Evacuate Collection Set: 0.3ms
[89.594s][info][gc,phases      ] GC(110)   Other: 0.1ms
[89.594s][info][gc,heap        ] GC(110) Eden regions: 48->0(48)
[89.594s][info][gc,heap        ] GC(110) Survivor regions: 2->2(7)
[89.594s][info][gc,heap        ] GC(110) Old regions: 25->25
[89.594s][info][gc,heap        ] GC(110) Archive regions: 0->0
[89.594s][info][gc,heap        ] GC(110) Humongous regions: 0->0
[89.594s][info][gc,metaspace   ] GC(110) Metaspace: 9881K(10176K)->9881K(10176K) NonClass: 8578K(8768K)->8578K(8768K) Class: 1303K(1408K)->1303K(1408K)
[89.594s][info][gc             ] GC(110) Pause Young (Normal) (G1 Evacuation Pause) 53M->5M(84M) 3.736ms
[89.594s][info][gc,cpu         ] GC(110) User=0.00s Sys=0.00s Real=0.00s
[89.805s][info][gc,start       ] GC(111) Pause Young (Normal) (G1 Evacuation Pause)
[89.805s][info][gc,task        ] GC(111) Using 2 workers of 33 for evacuation
[89.810s][info][gc,phases      ] GC(111)   Pre Evacuate Collection Set: 0.1ms
[89.810s][info][gc,phases      ] GC(111)   Merge Heap Roots: 0.1ms
[89.810s][info][gc,phases      ] GC(111)   Evacuate Collection Set: 3.4ms
[89.810s][info][gc,phases      ] GC(111)   Post Evacuate Collection Set: 0.3ms
[89.810s][info][gc,phases      ] GC(111)   Other: 0.1ms
[89.810s][info][gc,heap        ] GC(111) Eden regions: 48->0(48)
[89.810s][info][gc,heap        ] GC(111) Survivor regions: 2->2(7)
[89.810s][info][gc,heap        ] GC(111) Old regions: 25->25
[89.810s][info][gc,heap        ] GC(111) Archive regions: 0->0
[89.810s][info][gc,heap        ] GC(111) Humongous regions: 0->0
[89.810s][info][gc,metaspace   ] GC(111) Metaspace: 9881K(10176K)->9881K(10176K) NonClass: 8578K(8768K)->8578K(8768K) Class: 1303K(1408K)->1303K(1408K)
[89.810s][info][gc             ] GC(111) Pause Young (Normal) (G1 Evacuation Pause) 53M->5M(84M) 4.619ms
[89.810s][info][gc,cpu         ] GC(111) User=0.00s Sys=0.00s Real=0.00s
[90.024s][info][gc,start       ] GC(112) Pause Young (Normal) (G1 Evacuation Pause)
[90.024s][info][gc,task        ] GC(112) Using 2 workers of 33 for evacuation
[90.041s][info][gc,phases      ] GC(112)   Pre Evacuate Collection Set: 0.1ms
[90.041s][info][gc,phases      ] GC(112)   Merge Heap Roots: 0.1ms
[90.041s][info][gc,phases      ] GC(112)   Evacuate Collection Set: 3.6ms
[90.041s][info][gc,phases      ] GC(112)   Post Evacuate Collection Set: 12.5ms
[90.041s][info][gc,phases      ] GC(112)   Other: 0.1ms
[90.041s][info][gc,heap        ] GC(112) Eden regions: 48->0(637)
[90.041s][info][gc,heap        ] GC(112) Survivor regions: 2->2(7)
[90.041s][info][gc,heap        ] GC(112) Old regions: 25->25
[90.041s][info][gc,heap        ] GC(112) Archive regions: 0->0
[90.041s][info][gc,heap        ] GC(112) Humongous regions: 0->0
[90.041s][info][gc,metaspace   ] GC(112) Metaspace: 9881K(10176K)->9881K(10176K) NonClass: 8578K(8768K)->8578K(8768K) Class: 1303K(1408K)->1303K(1408K)
[90.041s][info][gc             ] GC(112) Pause Young (Normal) (G1 Evacuation Pause) 53M->5M(1066M) 16.891ms
[90.041s][info][gc,cpu         ] GC(112) User=0.00s Sys=0.02s Real=0.02s
[93.028s][info][gc,start       ] GC(113) Pause Young (Normal) (G1 Evacuation Pause)
[93.028s][info][gc,task        ] GC(113) Using 25 workers of 33 for evacuation
[93.031s][info][gc,phases      ] GC(113)   Pre Evacuate Collection Set: 0.3ms
[93.031s][info][gc,phases      ] GC(113)   Merge Heap Roots: 0.4ms
[93.031s][info][gc,phases      ] GC(113)   Evacuate Collection Set: 1.6ms
[93.031s][info][gc,phases      ] GC(113)   Post Evacuate Collection Set: 0.8ms
[93.031s][info][gc,phases      ] GC(113)   Other: 0.2ms
[93.031s][info][gc,heap        ] GC(113) Eden regions: 637->0(637)
[93.031s][info][gc,heap        ] GC(113) Survivor regions: 2->2(80)
[93.031s][info][gc,heap        ] GC(113) Old regions: 25->25
[93.031s][info][gc,heap        ] GC(113) Archive regions: 0->0
[93.031s][info][gc,heap        ] GC(113) Humongous regions: 0->0
[93.031s][info][gc,metaspace   ] GC(113) Metaspace: 9881K(10176K)->9881K(10176K) NonClass: 8578K(8768K)->8578K(8768K) Class: 1303K(1408K)->1303K(1408K)
[93.031s][info][gc             ] GC(113) Pause Young (Normal) (G1 Evacuation Pause) 642M->5M(1066M) 3.892ms
[93.032s][info][gc,cpu         ] GC(113) User=0.00s Sys=0.00s Real=0.00s
[95.843s][info][gc,start       ] GC(114) Pause Young (Normal) (G1 Evacuation Pause)
[95.843s][info][gc,task        ] GC(114) Using 25 workers of 33 for evacuation
[95.846s][info][gc,phases      ] GC(114)   Pre Evacuate Collection Set: 0.2ms
[95.846s][info][gc,phases      ] GC(114)   Merge Heap Roots: 0.4ms
[95.846s][info][gc,phases      ] GC(114)   Evacuate Collection Set: 1.7ms
[95.846s][info][gc,phases      ] GC(114)   Post Evacuate Collection Set: 0.8ms
[95.846s][info][gc,phases      ] GC(114)   Other: 0.2ms
[95.846s][info][gc,heap        ] GC(114) Eden regions: 637->0(637)
[95.846s][info][gc,heap        ] GC(114) Survivor regions: 2->2(80)
[95.846s][info][gc,heap        ] GC(114) Old regions: 25->25
[95.847s][info][gc,heap        ] GC(114) Archive regions: 0->0
[95.847s][info][gc,heap        ] GC(114) Humongous regions: 0->0
[95.847s][info][gc,metaspace   ] GC(114) Metaspace: 9881K(10176K)->9881K(10176K) NonClass: 8578K(8768K)->8578K(8768K) Class: 1303K(1408K)->1303K(1408K)
[95.847s][info][gc             ] GC(114) Pause Young (Normal) (G1 Evacuation Pause) 642M->5M(1066M) 3.825ms
[95.847s][info][gc,cpu         ] GC(114) User=0.00s Sys=0.00s Real=0.00s
[95.988s][info][gc,start       ] GC(115) Pause Full (System.gc())
[95.988s][info][gc,task        ] GC(115) Using 25 workers of 33 for full compaction
[95.989s][info][gc,phases,start] GC(115) Phase 1: Mark live objects
[95.995s][info][gc,phases      ] GC(115) Phase 1: Mark live objects 6.340ms
[95.995s][info][gc,phases,start] GC(115) Phase 2: Prepare compaction
[96.000s][info][gc,phases      ] GC(115) Phase 2: Prepare compaction 4.191ms
[96.000s][info][gc,phases,start] GC(115) Phase 3: Adjust pointers
[96.003s][info][gc,phases      ] GC(115) Phase 3: Adjust pointers 3.773ms
[96.003s][info][gc,phases,start] GC(115) Phase 4: Compact heap
[96.004s][info][gc,phases      ] GC(115) Phase 4: Compact heap 0.541ms
[96.016s][info][gc,heap        ] GC(115) Eden regions: 34->0(50)
[96.027s][info][gc,heap        ] GC(115) Survivor regions: 2->0(80)
[96.027s][info][gc,heap        ] GC(115) Old regions: 25->25
[96.027s][info][gc,heap        ] GC(115) Archive regions: 0->0
[96.027s][info][gc,heap        ] GC(115) Humongous regions: 0->0
[96.027s][info][gc,metaspace   ] GC(115) Metaspace: 9884K(10240K)->9884K(10240K) NonClass: 8580K(8832K)->8580K(8832K) Class: 1303K(1408K)->1303K(1408K)
[96.027s][info][gc             ] GC(115) Pause Full (System.gc()) 38M->3M(84M) 39.554ms
[96.027s][info][gc,cpu         ] GC(115) User=0.41s Sys=0.25s Real=0.05s
[96.236s][info][gc,start       ] GC(116) Pause Young (Normal) (G1 Evacuation Pause)
[96.237s][info][gc,task        ] GC(116) Using 13 workers of 33 for evacuation
[96.238s][info][gc,phases      ] GC(116)   Pre Evacuate Collection Set: 0.1ms
[96.238s][info][gc,phases      ] GC(116)   Merge Heap Roots: 0.1ms
[96.238s][info][gc,phases      ] GC(116)   Evacuate Collection Set: 0.8ms
[96.238s][info][gc,phases      ] GC(116)   Post Evacuate Collection Set: 0.4ms
[96.238s][info][gc,phases      ] GC(116)   Other: 0.1ms
[96.238s][info][gc,heap        ] GC(116) Eden regions: 50->0(48)
[96.238s][info][gc,heap        ] GC(116) Survivor regions: 0->2(7)
[96.238s][info][gc,heap        ] GC(116) Old regions: 25->25
[96.238s][info][gc,heap        ] GC(116) Archive regions: 0->0
[96.238s][info][gc,heap        ] GC(116) Humongous regions: 0->0
[96.238s][info][gc,metaspace   ] GC(116) Metaspace: 9890K(10240K)->9890K(10240K) NonClass: 8586K(8832K)->8586K(8832K) Class: 1303K(1408K)->1303K(1408K)
[96.239s][info][gc             ] GC(116) Pause Young (Normal) (G1 Evacuation Pause) 53M->5M(84M) 2.139ms
[96.239s][info][gc,cpu         ] GC(116) User=0.00s Sys=0.00s Real=0.00s
[96.440s][info][gc,start       ] GC(117) Pause Young (Normal) (G1 Evacuation Pause)
[96.441s][info][gc,task        ] GC(117) Using 7 workers of 33 for evacuation
[96.442s][info][gc,phases      ] GC(117)   Pre Evacuate Collection Set: 0.1ms
[96.442s][info][gc,phases      ] GC(117)   Merge Heap Roots: 0.1ms
[96.442s][info][gc,phases      ] GC(117)   Evacuate Collection Set: 1.2ms
[96.442s][info][gc,phases      ] GC(117)   Post Evacuate Collection Set: 0.3ms
[96.442s][info][gc,phases      ] GC(117)   Other: 0.1ms
[96.443s][info][gc,heap        ] GC(117) Eden regions: 48->0(48)
[96.443s][info][gc,heap        ] GC(117) Survivor regions: 2->2(7)
[96.443s][info][gc,heap        ] GC(117) Old regions: 25->25
[96.443s][info][gc,heap        ] GC(117) Archive regions: 0->0
[96.443s][info][gc,heap        ] GC(117) Humongous regions: 0->0
[96.443s][info][gc,metaspace   ] GC(117) Metaspace: 9890K(10240K)->9890K(10240K) NonClass: 8586K(8832K)->8586K(8832K) Class: 1303K(1408K)->1303K(1408K)
[96.443s][info][gc             ] GC(117) Pause Young (Normal) (G1 Evacuation Pause) 53M->5M(84M) 2.323ms
[96.443s][info][gc,cpu         ] GC(117) User=0.00s Sys=0.00s Real=0.00s
[96.638s][info][gc,start       ] GC(118) Pause Young (Normal) (G1 Evacuation Pause)
[96.638s][info][gc,task        ] GC(118) Using 4 workers of 33 for evacuation
[96.640s][info][gc,phases      ] GC(118)   Pre Evacuate Collection Set: 0.1ms
[96.640s][info][gc,phases      ] GC(118)   Merge Heap Roots: 0.1ms
[96.640s][info][gc,phases      ] GC(118)   Evacuate Collection Set: 1.9ms
[96.640s][info][gc,phases      ] GC(118)   Post Evacuate Collection Set: 0.3ms
[96.641s][info][gc,phases      ] GC(118)   Other: 0.1ms
[96.641s][info][gc,heap        ] GC(118) Eden regions: 48->0(48)
[96.641s][info][gc,heap        ] GC(118) Survivor regions: 2->2(7)
[96.641s][info][gc,heap        ] GC(118) Old regions: 25->25
[96.641s][info][gc,heap        ] GC(118) Archive regions: 0->0
[96.641s][info][gc,heap        ] GC(118) Humongous regions: 0->0
[96.641s][info][gc,metaspace   ] GC(118) Metaspace: 9890K(10240K)->9890K(10240K) NonClass: 8586K(8832K)->8586K(8832K) Class: 1303K(1408K)->1303K(1408K)
[96.641s][info][gc             ] GC(118) Pause Young (Normal) (G1 Evacuation Pause) 53M->5M(84M) 3.095ms
[96.641s][info][gc,cpu         ] GC(118) User=0.02s Sys=0.00s Real=0.02s
[96.855s][info][gc,start       ] GC(119) Pause Young (Normal) (G1 Evacuation Pause)
[96.855s][info][gc,task        ] GC(119) Using 3 workers of 33 for evacuation
[96.858s][info][gc,phases      ] GC(119)   Pre Evacuate Collection Set: 0.1ms
[96.858s][info][gc,phases      ] GC(119)   Merge Heap Roots: 0.1ms
[96.858s][info][gc,phases      ] GC(119)   Evacuate Collection Set: 2.6ms
[96.858s][info][gc,phases      ] GC(119)   Post Evacuate Collection Set: 0.3ms
[96.858s][info][gc,phases      ] GC(119)   Other: 0.1ms
[96.858s][info][gc,heap        ] GC(119) Eden regions: 48->0(48)
[96.858s][info][gc,heap        ] GC(119) Survivor regions: 2->2(7)
[96.858s][info][gc,heap        ] GC(119) Old regions: 25->25
[96.858s][info][gc,heap        ] GC(119) Archive regions: 0->0
[96.858s][info][gc,heap        ] GC(119) Humongous regions: 0->0
[96.858s][info][gc,metaspace   ] GC(119) Metaspace: 9890K(10240K)->9890K(10240K) NonClass: 8586K(8832K)->8586K(8832K) Class: 1303K(1408K)->1303K(1408K)
[96.858s][info][gc             ] GC(119) Pause Young (Normal) (G1 Evacuation Pause) 53M->5M(84M) 3.792ms
[96.858s][info][gc,cpu         ] GC(119) User=0.05s Sys=0.00s Real=0.02s
[97.065s][info][gc,start       ] GC(120) Pause Young (Normal) (G1 Evacuation Pause)
[97.065s][info][gc,task        ] GC(120) Using 2 workers of 33 for evacuation
[97.069s][info][gc,phases      ] GC(120)   Pre Evacuate Collection Set: 0.1ms
[97.069s][info][gc,phases      ] GC(120)   Merge Heap Roots: 0.1ms
[97.069s][info][gc,phases      ] GC(120)   Evacuate Collection Set: 3.4ms
[97.069s][info][gc,phases      ] GC(120)   Post Evacuate Collection Set: 0.4ms
[97.069s][info][gc,phases      ] GC(120)   Other: 0.1ms
[97.069s][info][gc,heap        ] GC(120) Eden regions: 48->0(48)
[97.069s][info][gc,heap        ] GC(120) Survivor regions: 2->2(7)
[97.069s][info][gc,heap        ] GC(120) Old regions: 25->25
[97.069s][info][gc,heap        ] GC(120) Archive regions: 0->0
[97.069s][info][gc,heap        ] GC(120) Humongous regions: 0->0
[97.069s][info][gc,metaspace   ] GC(120) Metaspace: 9890K(10240K)->9890K(10240K) NonClass: 8586K(8832K)->8586K(8832K) Class: 1303K(1408K)->1303K(1408K)
[97.069s][info][gc             ] GC(120) Pause Young (Normal) (G1 Evacuation Pause) 53M->5M(84M) 4.602ms
[97.069s][info][gc,cpu         ] GC(120) User=0.00s Sys=0.00s Real=0.00s
[97.275s][info][gc,start       ] GC(121) Pause Young (Normal) (G1 Evacuation Pause)
[97.275s][info][gc,task        ] GC(121) Using 2 workers of 33 for evacuation
[97.292s][info][gc,phases      ] GC(121)   Pre Evacuate Collection Set: 0.1ms
[97.292s][info][gc,phases      ] GC(121)   Merge Heap Roots: 0.1ms
[97.292s][info][gc,phases      ] GC(121)   Evacuate Collection Set: 3.6ms
[97.292s][info][gc,phases      ] GC(121)   Post Evacuate Collection Set: 12.4ms
[97.292s][info][gc,phases      ] GC(121)   Other: 0.1ms
[97.292s][info][gc,heap        ] GC(121) Eden regions: 48->0(637)
[97.292s][info][gc,heap        ] GC(121) Survivor regions: 2->2(7)
[97.292s][info][gc,heap        ] GC(121) Old regions: 25->25
[97.292s][info][gc,heap        ] GC(121) Archive regions: 0->0
[97.292s][info][gc,heap        ] GC(121) Humongous regions: 0->0
[97.292s][info][gc,metaspace   ] GC(121) Metaspace: 9890K(10240K)->9890K(10240K) NonClass: 8586K(8832K)->8586K(8832K) Class: 1303K(1408K)->1303K(1408K)
[97.292s][info][gc             ] GC(121) Pause Young (Normal) (G1 Evacuation Pause) 53M->5M(1066M) 16.773ms
[97.292s][info][gc,cpu         ] GC(121) User=0.00s Sys=0.02s Real=0.02s
[100.287s][info][gc,start       ] GC(122) Pause Young (Normal) (G1 Evacuation Pause)
[100.287s][info][gc,task        ] GC(122) Using 25 workers of 33 for evacuation
[100.290s][info][gc,phases      ] GC(122)   Pre Evacuate Collection Set: 0.2ms
[100.290s][info][gc,phases      ] GC(122)   Merge Heap Roots: 0.4ms
[100.290s][info][gc,phases      ] GC(122)   Evacuate Collection Set: 1.5ms
[100.290s][info][gc,phases      ] GC(122)   Post Evacuate Collection Set: 0.8ms
[100.290s][info][gc,phases      ] GC(122)   Other: 0.2ms
[100.291s][info][gc,heap        ] GC(122) Eden regions: 637->0(637)
[100.291s][info][gc,heap        ] GC(122) Survivor regions: 2->2(80)
[100.291s][info][gc,heap        ] GC(122) Old regions: 25->25
[100.291s][info][gc,heap        ] GC(122) Archive regions: 0->0
[100.291s][info][gc,heap        ] GC(122) Humongous regions: 0->0
[100.291s][info][gc,metaspace   ] GC(122) Metaspace: 9890K(10240K)->9890K(10240K) NonClass: 8586K(8832K)->8586K(8832K) Class: 1303K(1408K)->1303K(1408K)
[100.291s][info][gc             ] GC(122) Pause Young (Normal) (G1 Evacuation Pause) 642M->5M(1066M) 3.667ms
[100.291s][info][gc,cpu         ] GC(122) User=0.00s Sys=0.00s Real=0.00s
[103.082s][info][gc,start       ] GC(123) Pause Young (Normal) (G1 Evacuation Pause)
[103.082s][info][gc,task        ] GC(123) Using 25 workers of 33 for evacuation
[103.085s][info][gc,phases      ] GC(123)   Pre Evacuate Collection Set: 0.2ms
[103.086s][info][gc,phases      ] GC(123)   Merge Heap Roots: 0.4ms
[103.086s][info][gc,phases      ] GC(123)   Evacuate Collection Set: 1.6ms
[103.086s][info][gc,phases      ] GC(123)   Post Evacuate Collection Set: 0.8ms
[103.086s][info][gc,phases      ] GC(123)   Other: 0.2ms
[103.086s][info][gc,heap        ] GC(123) Eden regions: 637->0(637)
[103.086s][info][gc,heap        ] GC(123) Survivor regions: 2->2(80)
[103.086s][info][gc,heap        ] GC(123) Old regions: 25->25
[103.086s][info][gc,heap        ] GC(123) Archive regions: 0->0
[103.086s][info][gc,heap        ] GC(123) Humongous regions: 0->0
[103.086s][info][gc,metaspace   ] GC(123) Metaspace: 9890K(10240K)->9890K(10240K) NonClass: 8586K(8832K)->8586K(8832K) Class: 1303K(1408K)->1303K(1408K)
[103.086s][info][gc             ] GC(123) Pause Young (Normal) (G1 Evacuation Pause) 642M->5M(1066M) 3.788ms
[103.086s][info][gc,cpu         ] GC(123) User=0.00s Sys=0.00s Real=0.00s
[103.200s][info][gc,start       ] GC(124) Pause Full (System.gc())
[103.200s][info][gc,task        ] GC(124) Using 25 workers of 33 for full compaction
[103.201s][info][gc,phases,start] GC(124) Phase 1: Mark live objects
[103.206s][info][gc,phases      ] GC(124) Phase 1: Mark live objects 5.290ms
[103.207s][info][gc,phases,start] GC(124) Phase 2: Prepare compaction
[103.211s][info][gc,phases      ] GC(124) Phase 2: Prepare compaction 4.133ms
[103.211s][info][gc,phases,start] GC(124) Phase 3: Adjust pointers
[103.215s][info][gc,phases      ] GC(124) Phase 3: Adjust pointers 4.106ms
[103.215s][info][gc,phases,start] GC(124) Phase 4: Compact heap
[103.216s][info][gc,phases      ] GC(124) Phase 4: Compact heap 0.601ms
[103.229s][info][gc,heap        ] GC(124) Eden regions: 28->0(50)
[103.229s][info][gc,heap        ] GC(124) Survivor regions: 2->0(80)
[103.229s][info][gc,heap        ] GC(124) Old regions: 25->25
[103.229s][info][gc,heap        ] GC(124) Archive regions: 0->0
[103.229s][info][gc,heap        ] GC(124) Humongous regions: 0->0
[103.229s][info][gc,metaspace   ] GC(124) Metaspace: 9890K(10240K)->9890K(10240K) NonClass: 8586K(8832K)->8586K(8832K) Class: 1303K(1408K)->1303K(1408K)
[103.229s][info][gc             ] GC(124) Pause Full (System.gc()) 32M->3M(84M) 29.441ms
[103.229s][info][gc,cpu         ] GC(124) User=0.42s Sys=0.23s Real=0.03s
[103.439s][info][gc,start       ] GC(125) Pause Young (Normal) (G1 Evacuation Pause)
[103.439s][info][gc,task        ] GC(125) Using 13 workers of 33 for evacuation
[103.440s][info][gc,phases      ] GC(125)   Pre Evacuate Collection Set: 0.1ms
[103.440s][info][gc,phases      ] GC(125)   Merge Heap Roots: 0.1ms
[103.440s][info][gc,phases      ] GC(125)   Evacuate Collection Set: 0.8ms
[103.440s][info][gc,phases      ] GC(125)   Post Evacuate Collection Set: 0.3ms
[103.440s][info][gc,phases      ] GC(125)   Other: 0.1ms
[103.440s][info][gc,heap        ] GC(125) Eden regions: 50->0(48)
[103.440s][info][gc,heap        ] GC(125) Survivor regions: 0->2(7)
[103.440s][info][gc,heap        ] GC(125) Old regions: 25->25
[103.440s][info][gc,heap        ] GC(125) Archive regions: 0->0
[103.440s][info][gc,heap        ] GC(125) Humongous regions: 0->0
[103.440s][info][gc,metaspace   ] GC(125) Metaspace: 9895K(10240K)->9895K(10240K) NonClass: 8591K(8832K)->8591K(8832K) Class: 1303K(1408K)->1303K(1408K)
[103.440s][info][gc             ] GC(125) Pause Young (Normal) (G1 Evacuation Pause) 53M->5M(84M) 1.605ms
[103.440s][info][gc,cpu         ] GC(125) User=0.00s Sys=0.00s Real=0.00s
[103.645s][info][gc,start       ] GC(126) Pause Young (Normal) (G1 Evacuation Pause)
[103.645s][info][gc,task        ] GC(126) Using 7 workers of 33 for evacuation
[103.647s][info][gc,phases      ] GC(126)   Pre Evacuate Collection Set: 0.1ms
[103.647s][info][gc,phases      ] GC(126)   Merge Heap Roots: 0.1ms
[103.647s][info][gc,phases      ] GC(126)   Evacuate Collection Set: 1.2ms
[103.647s][info][gc,phases      ] GC(126)   Post Evacuate Collection Set: 0.3ms
[103.647s][info][gc,phases      ] GC(126)   Other: 0.1ms
[103.647s][info][gc,heap        ] GC(126) Eden regions: 48->0(48)
[103.647s][info][gc,heap        ] GC(126) Survivor regions: 2->2(7)
[103.647s][info][gc,heap        ] GC(126) Old regions: 25->25
[103.647s][info][gc,heap        ] GC(126) Archive regions: 0->0
[103.647s][info][gc,heap        ] GC(126) Humongous regions: 0->0
[103.647s][info][gc,metaspace   ] GC(126) Metaspace: 9895K(10240K)->9895K(10240K) NonClass: 8591K(8832K)->8591K(8832K) Class: 1303K(1408K)->1303K(1408K)
[103.647s][info][gc             ] GC(126) Pause Young (Normal) (G1 Evacuation Pause) 53M->5M(84M) 2.365ms
[103.647s][info][gc,cpu         ] GC(126) User=0.00s Sys=0.00s Real=0.00s
[103.852s][info][gc,start       ] GC(127) Pause Young (Normal) (G1 Evacuation Pause)
[103.852s][info][gc,task        ] GC(127) Using 4 workers of 33 for evacuation
[103.855s][info][gc,phases      ] GC(127)   Pre Evacuate Collection Set: 0.1ms
[103.855s][info][gc,phases      ] GC(127)   Merge Heap Roots: 0.1ms
[103.855s][info][gc,phases      ] GC(127)   Evacuate Collection Set: 2.0ms
[103.855s][info][gc,phases      ] GC(127)   Post Evacuate Collection Set: 0.3ms
[103.855s][info][gc,phases      ] GC(127)   Other: 0.1ms
[103.855s][info][gc,heap        ] GC(127) Eden regions: 48->0(48)
[103.855s][info][gc,heap        ] GC(127) Survivor regions: 2->2(7)
[103.855s][info][gc,heap        ] GC(127) Old regions: 25->25
[103.855s][info][gc,heap        ] GC(127) Archive regions: 0->0
[103.855s][info][gc,heap        ] GC(127) Humongous regions: 0->0
[103.855s][info][gc,metaspace   ] GC(127) Metaspace: 9895K(10240K)->9895K(10240K) NonClass: 8591K(8832K)->8591K(8832K) Class: 1303K(1408K)->1303K(1408K)
[103.855s][info][gc             ] GC(127) Pause Young (Normal) (G1 Evacuation Pause) 53M->5M(84M) 3.175ms
[103.855s][info][gc,cpu         ] GC(127) User=0.00s Sys=0.00s Real=0.00s
[104.065s][info][gc,start       ] GC(128) Pause Young (Normal) (G1 Evacuation Pause)
[104.065s][info][gc,task        ] GC(128) Using 3 workers of 33 for evacuation
[104.068s][info][gc,phases      ] GC(128)   Pre Evacuate Collection Set: 0.1ms
[104.068s][info][gc,phases      ] GC(128)   Merge Heap Roots: 0.1ms
[104.068s][info][gc,phases      ] GC(128)   Evacuate Collection Set: 2.4ms
[104.068s][info][gc,phases      ] GC(128)   Post Evacuate Collection Set: 0.3ms
[104.068s][info][gc,phases      ] GC(128)   Other: 0.1ms
[104.068s][info][gc,heap        ] GC(128) Eden regions: 48->0(48)
[104.068s][info][gc,heap        ] GC(128) Survivor regions: 2->2(7)
[104.068s][info][gc,heap        ] GC(128) Old regions: 25->25
[104.068s][info][gc,heap        ] GC(128) Archive regions: 0->0
[104.068s][info][gc,heap        ] GC(128) Humongous regions: 0->0
[104.068s][info][gc,metaspace   ] GC(128) Metaspace: 9895K(10240K)->9895K(10240K) NonClass: 8591K(8832K)->8591K(8832K) Class: 1303K(1408K)->1303K(1408K)
[104.069s][info][gc             ] GC(128) Pause Young (Normal) (G1 Evacuation Pause) 53M->5M(84M) 3.565ms
[104.069s][info][gc,cpu         ] GC(128) User=0.00s Sys=0.00s Real=0.00s
[104.282s][info][gc,start       ] GC(129) Pause Young (Normal) (G1 Evacuation Pause)
[104.282s][info][gc,task        ] GC(129) Using 2 workers of 33 for evacuation
[104.286s][info][gc,phases      ] GC(129)   Pre Evacuate Collection Set: 0.1ms
[104.286s][info][gc,phases      ] GC(129)   Merge Heap Roots: 0.1ms
[104.286s][info][gc,phases      ] GC(129)   Evacuate Collection Set: 3.2ms
[104.286s][info][gc,phases      ] GC(129)   Post Evacuate Collection Set: 0.4ms
[104.286s][info][gc,phases      ] GC(129)   Other: 0.1ms
[104.286s][info][gc,heap        ] GC(129) Eden regions: 48->0(48)
[104.286s][info][gc,heap        ] GC(129) Survivor regions: 2->2(7)
[104.286s][info][gc,heap        ] GC(129) Old regions: 25->25
[104.286s][info][gc,heap        ] GC(129) Archive regions: 0->0
[104.286s][info][gc,heap        ] GC(129) Humongous regions: 0->0
[104.286s][info][gc,metaspace   ] GC(129) Metaspace: 9895K(10240K)->9895K(10240K) NonClass: 8591K(8832K)->8591K(8832K) Class: 1303K(1408K)->1303K(1408K)
[104.286s][info][gc             ] GC(129) Pause Young (Normal) (G1 Evacuation Pause) 53M->5M(84M) 4.470ms
[104.286s][info][gc,cpu         ] GC(129) User=0.00s Sys=0.00s Real=0.00s
[104.504s][info][gc,start       ] GC(130) Pause Young (Normal) (G1 Evacuation Pause)
[104.504s][info][gc,task        ] GC(130) Using 2 workers of 33 for evacuation
[104.515s][info][gc,phases      ] GC(130)   Pre Evacuate Collection Set: 0.1ms
[104.515s][info][gc,phases      ] GC(130)   Merge Heap Roots: 0.1ms
[104.515s][info][gc,phases      ] GC(130)   Evacuate Collection Set: 3.5ms
[104.515s][info][gc,phases      ] GC(130)   Post Evacuate Collection Set: 6.6ms
[104.515s][info][gc,phases      ] GC(130)   Other: 0.1ms
[104.515s][info][gc,heap        ] GC(130) Eden regions: 48->0(637)
[104.515s][info][gc,heap        ] GC(130) Survivor regions: 2->2(7)
[104.515s][info][gc,heap        ] GC(130) Old regions: 25->25
[104.515s][info][gc,heap        ] GC(130) Archive regions: 0->0
[104.515s][info][gc,heap        ] GC(130) Humongous regions: 0->0
[104.515s][info][gc,metaspace   ] GC(130) Metaspace: 9895K(10240K)->9895K(10240K) NonClass: 8591K(8832K)->8591K(8832K) Class: 1303K(1408K)->1303K(1408K)
[104.515s][info][gc             ] GC(130) Pause Young (Normal) (G1 Evacuation Pause) 53M->5M(1066M) 10.674ms
[104.515s][info][gc,cpu         ] GC(130) User=0.00s Sys=0.00s Real=0.00s
[107.490s][info][gc,start       ] GC(131) Pause Young (Normal) (G1 Evacuation Pause)
[107.490s][info][gc,task        ] GC(131) Using 25 workers of 33 for evacuation
[107.493s][info][gc,phases      ] GC(131)   Pre Evacuate Collection Set: 0.2ms
[107.493s][info][gc,phases      ] GC(131)   Merge Heap Roots: 0.3ms
[107.493s][info][gc,phases      ] GC(131)   Evacuate Collection Set: 1.7ms
[107.493s][info][gc,phases      ] GC(131)   Post Evacuate Collection Set: 0.8ms
[107.493s][info][gc,phases      ] GC(131)   Other: 0.1ms
[107.493s][info][gc,heap        ] GC(131) Eden regions: 637->0(637)
[107.493s][info][gc,heap        ] GC(131) Survivor regions: 2->2(80)
[107.493s][info][gc,heap        ] GC(131) Old regions: 25->25
[107.493s][info][gc,heap        ] GC(131) Archive regions: 0->0
[107.493s][info][gc,heap        ] GC(131) Humongous regions: 0->0
[107.493s][info][gc,metaspace   ] GC(131) Metaspace: 9895K(10240K)->9895K(10240K) NonClass: 8591K(8832K)->8591K(8832K) Class: 1303K(1408K)->1303K(1408K)
[107.493s][info][gc             ] GC(131) Pause Young (Normal) (G1 Evacuation Pause) 642M->5M(1066M) 3.352ms
[107.493s][info][gc,cpu         ] GC(131) User=0.00s Sys=0.00s Real=0.00s
[110.295s][info][gc,start       ] GC(132) Pause Young (Normal) (G1 Evacuation Pause)
[110.295s][info][gc,task        ] GC(132) Using 25 workers of 33 for evacuation
[110.298s][info][gc,phases      ] GC(132)   Pre Evacuate Collection Set: 0.2ms
[110.299s][info][gc,phases      ] GC(132)   Merge Heap Roots: 0.3ms
[110.299s][info][gc,phases      ] GC(132)   Evacuate Collection Set: 1.6ms
[110.299s][info][gc,phases      ] GC(132)   Post Evacuate Collection Set: 0.8ms
[110.299s][info][gc,phases      ] GC(132)   Other: 0.2ms
[110.299s][info][gc,heap        ] GC(132) Eden regions: 637->0(637)
[110.299s][info][gc,heap        ] GC(132) Survivor regions: 2->2(80)
[110.299s][info][gc,heap        ] GC(132) Old regions: 25->25
[110.299s][info][gc,heap        ] GC(132) Archive regions: 0->0
[110.299s][info][gc,heap        ] GC(132) Humongous regions: 0->0
[110.299s][info][gc,metaspace   ] GC(132) Metaspace: 9895K(10240K)->9895K(10240K) NonClass: 8591K(8832K)->8591K(8832K) Class: 1303K(1408K)->1303K(1408K)
[110.299s][info][gc             ] GC(132) Pause Young (Normal) (G1 Evacuation Pause) 642M->5M(1066M) 3.720ms
[110.299s][info][gc,cpu         ] GC(132) User=0.02s Sys=0.00s Real=0.02s
[110.446s][info][gc,start       ] GC(133) Pause Full (System.gc())
[110.446s][info][gc,task        ] GC(133) Using 25 workers of 33 for full compaction
[110.446s][info][gc,phases,start] GC(133) Phase 1: Mark live objects
[110.452s][info][gc,phases      ] GC(133) Phase 1: Mark live objects 5.524ms
[110.452s][info][gc,phases,start] GC(133) Phase 2: Prepare compaction
[110.456s][info][gc,phases      ] GC(133) Phase 2: Prepare compaction 4.065ms
[110.456s][info][gc,phases,start] GC(133) Phase 3: Adjust pointers
[110.459s][info][gc,phases      ] GC(133) Phase 3: Adjust pointers 3.247ms
[110.459s][info][gc,phases,start] GC(133) Phase 4: Compact heap
[110.460s][info][gc,phases      ] GC(133) Phase 4: Compact heap 0.435ms
[110.468s][info][gc,heap        ] GC(133) Eden regions: 36->0(50)
[110.468s][info][gc,heap        ] GC(133) Survivor regions: 2->0(80)
[110.468s][info][gc,heap        ] GC(133) Old regions: 25->25
[110.468s][info][gc,heap        ] GC(133) Archive regions: 0->0
[110.468s][info][gc,heap        ] GC(133) Humongous regions: 0->0
[110.468s][info][gc,metaspace   ] GC(133) Metaspace: 9895K(10240K)->9895K(10240K) NonClass: 8591K(8832K)->8591K(8832K) Class: 1303K(1408K)->1303K(1408K)
[110.468s][info][gc             ] GC(133) Pause Full (System.gc()) 40M->3M(84M) 22.648ms
[110.468s][info][gc,cpu         ] GC(133) User=0.41s Sys=0.25s Real=0.03s
[110.675s][info][gc,start       ] GC(134) Pause Young (Normal) (G1 Evacuation Pause)
[110.675s][info][gc,task        ] GC(134) Using 13 workers of 33 for evacuation
[110.677s][info][gc,phases      ] GC(134)   Pre Evacuate Collection Set: 0.1ms
[110.677s][info][gc,phases      ] GC(134)   Merge Heap Roots: 0.1ms
[110.677s][info][gc,phases      ] GC(134)   Evacuate Collection Set: 0.8ms
[110.677s][info][gc,phases      ] GC(134)   Post Evacuate Collection Set: 0.6ms
[110.677s][info][gc,phases      ] GC(134)   Other: 0.1ms
[110.677s][info][gc,heap        ] GC(134) Eden regions: 50->0(48)
[110.677s][info][gc,heap        ] GC(134) Survivor regions: 0->2(7)
[110.677s][info][gc,heap        ] GC(134) Old regions: 25->25
[110.677s][info][gc,heap        ] GC(134) Archive regions: 0->0
[110.677s][info][gc,heap        ] GC(134) Humongous regions: 0->0
[110.677s][info][gc,metaspace   ] GC(134) Metaspace: 9895K(10240K)->9895K(10240K) NonClass: 8591K(8832K)->8591K(8832K) Class: 1303K(1408K)->1303K(1408K)
[110.677s][info][gc             ] GC(134) Pause Young (Normal) (G1 Evacuation Pause) 53M->5M(84M) 2.299ms
[110.677s][info][gc,cpu         ] GC(134) User=0.00s Sys=0.00s Real=0.00s
[110.878s][info][gc,start       ] GC(135) Pause Young (Normal) (G1 Evacuation Pause)
[110.878s][info][gc,task        ] GC(135) Using 7 workers of 33 for evacuation
[110.880s][info][gc,phases      ] GC(135)   Pre Evacuate Collection Set: 0.1ms
[110.880s][info][gc,phases      ] GC(135)   Merge Heap Roots: 0.1ms
[110.880s][info][gc,phases      ] GC(135)   Evacuate Collection Set: 1.1ms
[110.880s][info][gc,phases      ] GC(135)   Post Evacuate Collection Set: 0.5ms
[110.880s][info][gc,phases      ] GC(135)   Other: 0.1ms
[110.880s][info][gc,heap        ] GC(135) Eden regions: 48->0(48)
[110.880s][info][gc,heap        ] GC(135) Survivor regions: 2->2(7)
[110.880s][info][gc,heap        ] GC(135) Old regions: 25->25
[110.880s][info][gc,heap        ] GC(135) Archive regions: 0->0
[110.880s][info][gc,heap        ] GC(135) Humongous regions: 0->0
[110.880s][info][gc,metaspace   ] GC(135) Metaspace: 9895K(10240K)->9895K(10240K) NonClass: 8591K(8832K)->8591K(8832K) Class: 1303K(1408K)->1303K(1408K)
[110.880s][info][gc             ] GC(135) Pause Young (Normal) (G1 Evacuation Pause) 53M->5M(84M) 2.387ms
[110.880s][info][gc,cpu         ] GC(135) User=0.00s Sys=0.00s Real=0.00s
[111.079s][info][gc,start       ] GC(136) Pause Young (Normal) (G1 Evacuation Pause)
[111.079s][info][gc,task        ] GC(136) Using 4 workers of 33 for evacuation
[111.082s][info][gc,phases      ] GC(136)   Pre Evacuate Collection Set: 0.1ms
[111.082s][info][gc,phases      ] GC(136)   Merge Heap Roots: 0.1ms
[111.082s][info][gc,phases      ] GC(136)   Evacuate Collection Set: 1.9ms
[111.082s][info][gc,phases      ] GC(136)   Post Evacuate Collection Set: 0.5ms
[111.082s][info][gc,phases      ] GC(136)   Other: 0.1ms
[111.082s][info][gc,heap        ] GC(136) Eden regions: 48->0(48)
[111.082s][info][gc,heap        ] GC(136) Survivor regions: 2->2(7)
[111.082s][info][gc,heap        ] GC(136) Old regions: 25->25
[111.082s][info][gc,heap        ] GC(136) Archive regions: 0->0
[111.082s][info][gc,heap        ] GC(136) Humongous regions: 0->0
[111.082s][info][gc,metaspace   ] GC(136) Metaspace: 9895K(10240K)->9895K(10240K) NonClass: 8591K(8832K)->8591K(8832K) Class: 1303K(1408K)->1303K(1408K)
[111.083s][info][gc             ] GC(136) Pause Young (Normal) (G1 Evacuation Pause) 53M->5M(84M) 3.204ms
[111.083s][info][gc,cpu         ] GC(136) User=0.00s Sys=0.00s Real=0.00s
[111.289s][info][gc,start       ] GC(137) Pause Young (Normal) (G1 Evacuation Pause)
[111.289s][info][gc,task        ] GC(137) Using 3 workers of 33 for evacuation
[111.292s][info][gc,phases      ] GC(137)   Pre Evacuate Collection Set: 0.1ms
[111.292s][info][gc,phases      ] GC(137)   Merge Heap Roots: 0.1ms
[111.292s][info][gc,phases      ] GC(137)   Evacuate Collection Set: 2.4ms
[111.292s][info][gc,phases      ] GC(137)   Post Evacuate Collection Set: 0.5ms
[111.292s][info][gc,phases      ] GC(137)   Other: 0.1ms
[111.292s][info][gc,heap        ] GC(137) Eden regions: 48->0(48)
[111.292s][info][gc,heap        ] GC(137) Survivor regions: 2->2(7)
[111.292s][info][gc,heap        ] GC(137) Old regions: 25->25
[111.292s][info][gc,heap        ] GC(137) Archive regions: 0->0
[111.292s][info][gc,heap        ] GC(137) Humongous regions: 0->0
[111.292s][info][gc,metaspace   ] GC(137) Metaspace: 9895K(10240K)->9895K(10240K) NonClass: 8591K(8832K)->8591K(8832K) Class: 1303K(1408K)->1303K(1408K)
[111.292s][info][gc             ] GC(137) Pause Young (Normal) (G1 Evacuation Pause) 53M->5M(84M) 3.716ms
[111.292s][info][gc,cpu         ] GC(137) User=0.00s Sys=0.00s Real=0.00s
[111.503s][info][gc,start       ] GC(138) Pause Young (Normal) (G1 Evacuation Pause)
[111.503s][info][gc,task        ] GC(138) Using 2 workers of 33 for evacuation
[111.507s][info][gc,phases      ] GC(138)   Pre Evacuate Collection Set: 0.1ms
[111.507s][info][gc,phases      ] GC(138)   Merge Heap Roots: 0.1ms
[111.507s][info][gc,phases      ] GC(138)   Evacuate Collection Set: 3.0ms
[111.507s][info][gc,phases      ] GC(138)   Post Evacuate Collection Set: 0.4ms
[111.507s][info][gc,phases      ] GC(138)   Other: 0.1ms
[111.507s][info][gc,heap        ] GC(138) Eden regions: 48->0(48)
[111.507s][info][gc,heap        ] GC(138) Survivor regions: 2->2(7)
[111.507s][info][gc,heap        ] GC(138) Old regions: 25->25
[111.507s][info][gc,heap        ] GC(138) Archive regions: 0->0
[111.507s][info][gc,heap        ] GC(138) Humongous regions: 0->0
[111.507s][info][gc,metaspace   ] GC(138) Metaspace: 9895K(10240K)->9895K(10240K) NonClass: 8591K(8832K)->8591K(8832K) Class: 1303K(1408K)->1303K(1408K)
[111.507s][info][gc             ] GC(138) Pause Young (Normal) (G1 Evacuation Pause) 53M->5M(84M) 3.855ms
[111.507s][info][gc,cpu         ] GC(138) User=0.00s Sys=0.00s Real=0.00s
[111.720s][info][gc,start       ] GC(139) Pause Young (Normal) (G1 Evacuation Pause)
[111.720s][info][gc,task        ] GC(139) Using 2 workers of 33 for evacuation
[111.737s][info][gc,phases      ] GC(139)   Pre Evacuate Collection Set: 0.1ms
[111.737s][info][gc,phases      ] GC(139)   Merge Heap Roots: 0.1ms
[111.737s][info][gc,phases      ] GC(139)   Evacuate Collection Set: 3.3ms
[111.737s][info][gc,phases      ] GC(139)   Post Evacuate Collection Set: 12.6ms
[111.737s][info][gc,phases      ] GC(139)   Other: 0.1ms
[111.737s][info][gc,heap        ] GC(139) Eden regions: 48->0(637)
[111.737s][info][gc,heap        ] GC(139) Survivor regions: 2->2(7)
[111.737s][info][gc,heap        ] GC(139) Old regions: 25->25
[111.737s][info][gc,heap        ] GC(139) Archive regions: 0->0
[111.737s][info][gc,heap        ] GC(139) Humongous regions: 0->0
[111.737s][info][gc,metaspace   ] GC(139) Metaspace: 9895K(10240K)->9895K(10240K) NonClass: 8591K(8832K)->8591K(8832K) Class: 1303K(1408K)->1303K(1408K)
[111.737s][info][gc             ] GC(139) Pause Young (Normal) (G1 Evacuation Pause) 53M->5M(1066M) 16.646ms
[111.737s][info][gc,cpu         ] GC(139) User=0.00s Sys=0.02s Real=0.02s
[114.734s][info][gc,start       ] GC(140) Pause Young (Normal) (G1 Evacuation Pause)
[114.734s][info][gc,task        ] GC(140) Using 25 workers of 33 for evacuation
[114.737s][info][gc,phases      ] GC(140)   Pre Evacuate Collection Set: 0.2ms
[114.737s][info][gc,phases      ] GC(140)   Merge Heap Roots: 0.4ms
[114.737s][info][gc,phases      ] GC(140)   Evacuate Collection Set: 1.6ms
[114.737s][info][gc,phases      ] GC(140)   Post Evacuate Collection Set: 1.0ms
[114.737s][info][gc,phases      ] GC(140)   Other: 0.2ms
[114.737s][info][gc,heap        ] GC(140) Eden regions: 637->0(637)
[114.738s][info][gc,heap        ] GC(140) Survivor regions: 2->2(80)
[114.738s][info][gc,heap        ] GC(140) Old regions: 25->25
[114.738s][info][gc,heap        ] GC(140) Archive regions: 0->0
[114.738s][info][gc,heap        ] GC(140) Humongous regions: 0->0
[114.738s][info][gc,metaspace   ] GC(140) Metaspace: 9895K(10240K)->9895K(10240K) NonClass: 8591K(8832K)->8591K(8832K) Class: 1303K(1408K)->1303K(1408K)
[114.738s][info][gc             ] GC(140) Pause Young (Normal) (G1 Evacuation Pause) 642M->5M(1066M) 3.956ms
[114.738s][info][gc,cpu         ] GC(140) User=0.00s Sys=0.00s Real=0.00s
[117.558s][info][gc,start       ] GC(141) Pause Young (Normal) (G1 Evacuation Pause)
[117.558s][info][gc,task        ] GC(141) Using 25 workers of 33 for evacuation
[117.561s][info][gc,phases      ] GC(141)   Pre Evacuate Collection Set: 0.3ms
[117.561s][info][gc,phases      ] GC(141)   Merge Heap Roots: 0.4ms
[117.561s][info][gc,phases      ] GC(141)   Evacuate Collection Set: 1.6ms
[117.561s][info][gc,phases      ] GC(141)   Post Evacuate Collection Set: 0.8ms
[117.561s][info][gc,phases      ] GC(141)   Other: 0.2ms
[117.561s][info][gc,heap        ] GC(141) Eden regions: 637->0(637)
[117.561s][info][gc,heap        ] GC(141) Survivor regions: 2->2(80)
[117.561s][info][gc,heap        ] GC(141) Old regions: 25->25
[117.561s][info][gc,heap        ] GC(141) Archive regions: 0->0
[117.561s][info][gc,heap        ] GC(141) Humongous regions: 0->0
[117.561s][info][gc,metaspace   ] GC(141) Metaspace: 9895K(10240K)->9895K(10240K) NonClass: 8591K(8832K)->8591K(8832K) Class: 1303K(1408K)->1303K(1408K)
[117.561s][info][gc             ] GC(141) Pause Young (Normal) (G1 Evacuation Pause) 642M->5M(1066M) 3.815ms
[117.561s][info][gc,cpu         ] GC(141) User=0.00s Sys=0.00s Real=0.00s
[117.703s][info][gc,start       ] GC(142) Pause Full (System.gc())
[117.704s][info][gc,task        ] GC(142) Using 25 workers of 33 for full compaction
[117.705s][info][gc,phases,start] GC(142) Phase 1: Mark live objects
[117.710s][info][gc,phases      ] GC(142) Phase 1: Mark live objects 5.646ms
[117.711s][info][gc,phases,start] GC(142) Phase 2: Prepare compaction
[117.715s][info][gc,phases      ] GC(142) Phase 2: Prepare compaction 4.382ms
[117.715s][info][gc,phases,start] GC(142) Phase 3: Adjust pointers
[117.719s][info][gc,phases      ] GC(142) Phase 3: Adjust pointers 3.878ms
[117.719s][info][gc,phases,start] GC(142) Phase 4: Compact heap
[117.719s][info][gc,phases      ] GC(142) Phase 4: Compact heap 0.577ms
[117.732s][info][gc,heap        ] GC(142) Eden regions: 35->0(50)
[117.732s][info][gc,heap        ] GC(142) Survivor regions: 2->0(80)
[117.732s][info][gc,heap        ] GC(142) Old regions: 25->25
[117.732s][info][gc,heap        ] GC(142) Archive regions: 0->0
[117.732s][info][gc,heap        ] GC(142) Humongous regions: 0->0
[117.732s][info][gc,metaspace   ] GC(142) Metaspace: 9895K(10240K)->9895K(10240K) NonClass: 8592K(8832K)->8592K(8832K) Class: 1303K(1408K)->1303K(1408K)
[117.732s][info][gc             ] GC(142) Pause Full (System.gc()) 39M->3M(84M) 28.292ms
[117.732s][info][gc,cpu         ] GC(142) User=0.02s Sys=0.03s Real=0.03s
[117.937s][info][gc,start       ] GC(143) Pause Young (Normal) (G1 Evacuation Pause)
[117.938s][info][gc,task        ] GC(143) Using 13 workers of 33 for evacuation
[117.939s][info][gc,phases      ] GC(143)   Pre Evacuate Collection Set: 0.1ms
[117.958s][info][gc,phases      ] GC(143)   Merge Heap Roots: 0.1ms
[117.958s][info][gc,phases      ] GC(143)   Evacuate Collection Set: 0.9ms
[117.958s][info][gc,phases      ] GC(143)   Post Evacuate Collection Set: 0.4ms
[117.958s][info][gc,phases      ] GC(143)   Other: 0.1ms
[117.958s][info][gc,heap        ] GC(143) Eden regions: 50->0(48)
[117.958s][info][gc,heap        ] GC(143) Survivor regions: 0->2(7)
[117.959s][info][gc,heap        ] GC(143) Old regions: 25->25
[117.959s][info][gc,heap        ] GC(143) Archive regions: 0->0
[117.959s][info][gc,heap        ] GC(143) Humongous regions: 0->0
[117.959s][info][gc,metaspace   ] GC(143) Metaspace: 9895K(10240K)->9895K(10240K) NonClass: 8592K(8832K)->8592K(8832K) Class: 1303K(1408K)->1303K(1408K)
[117.959s][info][gc             ] GC(143) Pause Young (Normal) (G1 Evacuation Pause) 53M->5M(84M) 21.205ms
[117.959s][info][gc,cpu         ] GC(143) User=0.20s Sys=0.00s Real=0.03s
[118.161s][info][gc,start       ] GC(144) Pause Young (Normal) (G1 Evacuation Pause)
[118.161s][info][gc,task        ] GC(144) Using 7 workers of 33 for evacuation
[118.162s][info][gc,phases      ] GC(144)   Pre Evacuate Collection Set: 0.1ms
[118.162s][info][gc,phases      ] GC(144)   Merge Heap Roots: 0.1ms
[118.162s][info][gc,phases      ] GC(144)   Evacuate Collection Set: 1.0ms
[118.162s][info][gc,phases      ] GC(144)   Post Evacuate Collection Set: 0.3ms
[118.162s][info][gc,phases      ] GC(144)   Other: 0.1ms
[118.162s][info][gc,heap        ] GC(144) Eden regions: 48->0(48)
[118.162s][info][gc,heap        ] GC(144) Survivor regions: 2->2(7)
[118.162s][info][gc,heap        ] GC(144) Old regions: 25->25
[118.162s][info][gc,heap        ] GC(144) Archive regions: 0->0
[118.162s][info][gc,heap        ] GC(144) Humongous regions: 0->0
[118.163s][info][gc,metaspace   ] GC(144) Metaspace: 9895K(10240K)->9895K(10240K) NonClass: 8592K(8832K)->8592K(8832K) Class: 1303K(1408K)->1303K(1408K)
[118.163s][info][gc             ] GC(144) Pause Young (Normal) (G1 Evacuation Pause) 53M->5M(84M) 2.089ms
[118.163s][info][gc,cpu         ] GC(144) User=0.00s Sys=0.00s Real=0.00s
[118.361s][info][gc,start       ] GC(145) Pause Young (Normal) (G1 Evacuation Pause)
[118.361s][info][gc,task        ] GC(145) Using 4 workers of 33 for evacuation
[118.363s][info][gc,phases      ] GC(145)   Pre Evacuate Collection Set: 0.1ms
[118.363s][info][gc,phases      ] GC(145)   Merge Heap Roots: 0.1ms
[118.363s][info][gc,phases      ] GC(145)   Evacuate Collection Set: 1.7ms
[118.363s][info][gc,phases      ] GC(145)   Post Evacuate Collection Set: 0.3ms
[118.363s][info][gc,phases      ] GC(145)   Other: 0.1ms
[118.363s][info][gc,heap        ] GC(145) Eden regions: 48->0(48)
[118.363s][info][gc,heap        ] GC(145) Survivor regions: 2->2(7)
[118.364s][info][gc,heap        ] GC(145) Old regions: 25->25
[118.364s][info][gc,heap        ] GC(145) Archive regions: 0->0
[118.364s][info][gc,heap        ] GC(145) Humongous regions: 0->0
[118.364s][info][gc,metaspace   ] GC(145) Metaspace: 9895K(10240K)->9895K(10240K) NonClass: 8592K(8832K)->8592K(8832K) Class: 1303K(1408K)->1303K(1408K)
[118.364s][info][gc             ] GC(145) Pause Young (Normal) (G1 Evacuation Pause) 53M->5M(84M) 2.821ms
[118.364s][info][gc,cpu         ] GC(145) User=0.00s Sys=0.00s Real=0.00s
[118.579s][info][gc,start       ] GC(146) Pause Young (Normal) (G1 Evacuation Pause)
[118.579s][info][gc,task        ] GC(146) Using 3 workers of 33 for evacuation
[118.582s][info][gc,phases      ] GC(146)   Pre Evacuate Collection Set: 0.1ms
[118.582s][info][gc,phases      ] GC(146)   Merge Heap Roots: 0.1ms
[118.582s][info][gc,phases      ] GC(146)   Evacuate Collection Set: 2.4ms
[118.582s][info][gc,phases      ] GC(146)   Post Evacuate Collection Set: 0.3ms
[118.582s][info][gc,phases      ] GC(146)   Other: 0.1ms
[118.582s][info][gc,heap        ] GC(146) Eden regions: 48->0(48)
[118.582s][info][gc,heap        ] GC(146) Survivor regions: 2->2(7)
[118.582s][info][gc,heap        ] GC(146) Old regions: 25->25
[118.582s][info][gc,heap        ] GC(146) Archive regions: 0->0
[118.582s][info][gc,heap        ] GC(146) Humongous regions: 0->0
[118.582s][info][gc,metaspace   ] GC(146) Metaspace: 9895K(10240K)->9895K(10240K) NonClass: 8592K(8832K)->8592K(8832K) Class: 1303K(1408K)->1303K(1408K)
[118.582s][info][gc             ] GC(146) Pause Young (Normal) (G1 Evacuation Pause) 53M->5M(84M) 3.585ms
[118.582s][info][gc,cpu         ] GC(146) User=0.00s Sys=0.00s Real=0.00s
[118.793s][info][gc,start       ] GC(147) Pause Young (Normal) (G1 Evacuation Pause)
[118.793s][info][gc,task        ] GC(147) Using 2 workers of 33 for evacuation
[118.797s][info][gc,phases      ] GC(147)   Pre Evacuate Collection Set: 0.1ms
[118.798s][info][gc,phases      ] GC(147)   Merge Heap Roots: 0.1ms
[118.798s][info][gc,phases      ] GC(147)   Evacuate Collection Set: 3.4ms
[118.798s][info][gc,phases      ] GC(147)   Post Evacuate Collection Set: 0.3ms
[118.798s][info][gc,phases      ] GC(147)   Other: 0.1ms
[118.798s][info][gc,heap        ] GC(147) Eden regions: 48->0(48)
[118.798s][info][gc,heap        ] GC(147) Survivor regions: 2->2(7)
[118.798s][info][gc,heap        ] GC(147) Old regions: 25->25
[118.798s][info][gc,heap        ] GC(147) Archive regions: 0->0
[118.798s][info][gc,heap        ] GC(147) Humongous regions: 0->0
[118.798s][info][gc,metaspace   ] GC(147) Metaspace: 9895K(10240K)->9895K(10240K) NonClass: 8592K(8832K)->8592K(8832K) Class: 1303K(1408K)->1303K(1408K)
[118.798s][info][gc             ] GC(147) Pause Young (Normal) (G1 Evacuation Pause) 53M->5M(84M) 4.627ms
[118.798s][info][gc,cpu         ] GC(147) User=0.03s Sys=0.00s Real=0.02s
[119.010s][info][gc,start       ] GC(148) Pause Young (Normal) (G1 Evacuation Pause)
[119.010s][info][gc,task        ] GC(148) Using 2 workers of 33 for evacuation
[119.027s][info][gc,phases      ] GC(148)   Pre Evacuate Collection Set: 0.1ms
[119.027s][info][gc,phases      ] GC(148)   Merge Heap Roots: 0.1ms
[119.027s][info][gc,phases      ] GC(148)   Evacuate Collection Set: 3.5ms
[119.027s][info][gc,phases      ] GC(148)   Post Evacuate Collection Set: 13.1ms
[119.027s][info][gc,phases      ] GC(148)   Other: 0.1ms
[119.027s][info][gc,heap        ] GC(148) Eden regions: 48->0(637)
[119.027s][info][gc,heap        ] GC(148) Survivor regions: 2->2(7)
[119.027s][info][gc,heap        ] GC(148) Old regions: 25->25
[119.027s][info][gc,heap        ] GC(148) Archive regions: 0->0
[119.027s][info][gc,heap        ] GC(148) Humongous regions: 0->0
[119.027s][info][gc,metaspace   ] GC(148) Metaspace: 9895K(10240K)->9895K(10240K) NonClass: 8592K(8832K)->8592K(8832K) Class: 1303K(1408K)->1303K(1408K)
[119.027s][info][gc             ] GC(148) Pause Young (Normal) (G1 Evacuation Pause) 53M->5M(1066M) 17.478ms
[119.027s][info][gc,cpu         ] GC(148) User=0.00s Sys=0.02s Real=0.02s
[122.008s][info][gc,start       ] GC(149) Pause Young (Normal) (G1 Evacuation Pause)
[122.009s][info][gc,task        ] GC(149) Using 25 workers of 33 for evacuation
[122.012s][info][gc,phases      ] GC(149)   Pre Evacuate Collection Set: 0.2ms
[122.012s][info][gc,phases      ] GC(149)   Merge Heap Roots: 0.4ms
[122.012s][info][gc,phases      ] GC(149)   Evacuate Collection Set: 1.6ms
[122.012s][info][gc,phases      ] GC(149)   Post Evacuate Collection Set: 0.8ms
[122.012s][info][gc,phases      ] GC(149)   Other: 0.2ms
[122.012s][info][gc,heap        ] GC(149) Eden regions: 637->0(637)
[122.012s][info][gc,heap        ] GC(149) Survivor regions: 2->2(80)
[122.012s][info][gc,heap        ] GC(149) Old regions: 25->25
[122.012s][info][gc,heap        ] GC(149) Archive regions: 0->0
[122.012s][info][gc,heap        ] GC(149) Humongous regions: 0->0
[122.012s][info][gc,metaspace   ] GC(149) Metaspace: 9895K(10240K)->9895K(10240K) NonClass: 8592K(8832K)->8592K(8832K) Class: 1303K(1408K)->1303K(1408K)
[122.012s][info][gc             ] GC(149) Pause Young (Normal) (G1 Evacuation Pause) 642M->5M(1066M) 3.747ms
[122.012s][info][gc,cpu         ] GC(149) User=0.00s Sys=0.00s Real=0.00s
[124.815s][info][gc,start       ] GC(150) Pause Young (Normal) (G1 Evacuation Pause)
[124.815s][info][gc,task        ] GC(150) Using 25 workers of 33 for evacuation
[124.818s][info][gc,phases      ] GC(150)   Pre Evacuate Collection Set: 0.3ms
[124.818s][info][gc,phases      ] GC(150)   Merge Heap Roots: 0.4ms
[124.818s][info][gc,phases      ] GC(150)   Evacuate Collection Set: 1.6ms
[124.818s][info][gc,phases      ] GC(150)   Post Evacuate Collection Set: 0.8ms
[124.818s][info][gc,phases      ] GC(150)   Other: 0.2ms
[124.818s][info][gc,heap        ] GC(150) Eden regions: 637->0(637)
[124.819s][info][gc,heap        ] GC(150) Survivor regions: 2->2(80)
[124.819s][info][gc,heap        ] GC(150) Old regions: 25->25
[124.819s][info][gc,heap        ] GC(150) Archive regions: 0->0
[124.819s][info][gc,heap        ] GC(150) Humongous regions: 0->0
[124.819s][info][gc,metaspace   ] GC(150) Metaspace: 9895K(10240K)->9895K(10240K) NonClass: 8592K(8832K)->8592K(8832K) Class: 1303K(1408K)->1303K(1408K)
[124.819s][info][gc             ] GC(150) Pause Young (Normal) (G1 Evacuation Pause) 642M->5M(1066M) 3.768ms
[124.819s][info][gc,cpu         ] GC(150) User=0.09s Sys=0.30s Real=0.02s
[124.951s][info][gc,start       ] GC(151) Pause Full (System.gc())
[124.951s][info][gc,task        ] GC(151) Using 25 workers of 33 for full compaction
[124.952s][info][gc,phases,start] GC(151) Phase 1: Mark live objects
[124.957s][info][gc,phases      ] GC(151) Phase 1: Mark live objects 5.563ms
[124.957s][info][gc,phases,start] GC(151) Phase 2: Prepare compaction
[124.962s][info][gc,phases      ] GC(151) Phase 2: Prepare compaction 4.243ms
[124.962s][info][gc,phases,start] GC(151) Phase 3: Adjust pointers
[124.965s][info][gc,phases      ] GC(151) Phase 3: Adjust pointers 3.422ms
[124.965s][info][gc,phases,start] GC(151) Phase 4: Compact heap
[124.966s][info][gc,phases      ] GC(151) Phase 4: Compact heap 0.508ms
[124.977s][info][gc,heap        ] GC(151) Eden regions: 31->0(50)
[124.977s][info][gc,heap        ] GC(151) Survivor regions: 2->0(80)
[124.977s][info][gc,heap        ] GC(151) Old regions: 25->25
[124.977s][info][gc,heap        ] GC(151) Archive regions: 0->0
[124.977s][info][gc,heap        ] GC(151) Humongous regions: 0->0
[124.977s][info][gc,metaspace   ] GC(151) Metaspace: 9895K(10240K)->9895K(10240K) NonClass: 8592K(8832K)->8592K(8832K) Class: 1303K(1408K)->1303K(1408K)
[124.977s][info][gc             ] GC(151) Pause Full (System.gc()) 35M->3M(84M) 26.419ms
[124.977s][info][gc,cpu         ] GC(151) User=0.16s Sys=0.00s Real=0.03s
[125.195s][info][gc,start       ] GC(152) Pause Young (Normal) (G1 Evacuation Pause)
[125.195s][info][gc,task        ] GC(152) Using 13 workers of 33 for evacuation
[125.197s][info][gc,phases      ] GC(152)   Pre Evacuate Collection Set: 0.2ms
[125.197s][info][gc,phases      ] GC(152)   Merge Heap Roots: 0.1ms
[125.197s][info][gc,phases      ] GC(152)   Evacuate Collection Set: 0.8ms
[125.197s][info][gc,phases      ] GC(152)   Post Evacuate Collection Set: 0.4ms
[125.197s][info][gc,phases      ] GC(152)   Other: 0.1ms
[125.197s][info][gc,heap        ] GC(152) Eden regions: 50->0(48)
[125.197s][info][gc,heap        ] GC(152) Survivor regions: 0->2(7)
[125.197s][info][gc,heap        ] GC(152) Old regions: 25->25
[125.197s][info][gc,heap        ] GC(152) Archive regions: 0->0
[125.197s][info][gc,heap        ] GC(152) Humongous regions: 0->0
[125.197s][info][gc,metaspace   ] GC(152) Metaspace: 9895K(10240K)->9895K(10240K) NonClass: 8592K(8832K)->8592K(8832K) Class: 1303K(1408K)->1303K(1408K)
[125.197s][info][gc             ] GC(152) Pause Young (Normal) (G1 Evacuation Pause) 53M->5M(84M) 2.106ms
[125.197s][info][gc,cpu         ] GC(152) User=0.00s Sys=0.00s Real=0.00s
[125.394s][info][gc,start       ] GC(153) Pause Young (Normal) (G1 Evacuation Pause)
[125.394s][info][gc,task        ] GC(153) Using 7 workers of 33 for evacuation
[125.396s][info][gc,phases      ] GC(153)   Pre Evacuate Collection Set: 0.1ms
[125.396s][info][gc,phases      ] GC(153)   Merge Heap Roots: 0.1ms
[125.396s][info][gc,phases      ] GC(153)   Evacuate Collection Set: 1.1ms
[125.396s][info][gc,phases      ] GC(153)   Post Evacuate Collection Set: 0.3ms
[125.396s][info][gc,phases      ] GC(153)   Other: 0.1ms
[125.396s][info][gc,heap        ] GC(153) Eden regions: 48->0(48)
[125.396s][info][gc,heap        ] GC(153) Survivor regions: 2->2(7)
[125.396s][info][gc,heap        ] GC(153) Old regions: 25->25
[125.396s][info][gc,heap        ] GC(153) Archive regions: 0->0
[125.396s][info][gc,heap        ] GC(153) Humongous regions: 0->0
[125.396s][info][gc,metaspace   ] GC(153) Metaspace: 9895K(10240K)->9895K(10240K) NonClass: 8592K(8832K)->8592K(8832K) Class: 1303K(1408K)->1303K(1408K)
[125.396s][info][gc             ] GC(153) Pause Young (Normal) (G1 Evacuation Pause) 53M->5M(84M) 2.249ms
[125.396s][info][gc,cpu         ] GC(153) User=0.00s Sys=0.00s Real=0.00s
[125.606s][info][gc,start       ] GC(154) Pause Young (Normal) (G1 Evacuation Pause)
[125.606s][info][gc,task        ] GC(154) Using 4 workers of 33 for evacuation
[125.609s][info][gc,phases      ] GC(154)   Pre Evacuate Collection Set: 0.1ms
[125.609s][info][gc,phases      ] GC(154)   Merge Heap Roots: 0.1ms
[125.609s][info][gc,phases      ] GC(154)   Evacuate Collection Set: 1.9ms
[125.609s][info][gc,phases      ] GC(154)   Post Evacuate Collection Set: 0.3ms
[125.609s][info][gc,phases      ] GC(154)   Other: 0.1ms
[125.609s][info][gc,heap        ] GC(154) Eden regions: 48->0(48)
[125.609s][info][gc,heap        ] GC(154) Survivor regions: 2->2(7)
[125.609s][info][gc,heap        ] GC(154) Old regions: 25->25
[125.609s][info][gc,heap        ] GC(154) Archive regions: 0->0
[125.609s][info][gc,heap        ] GC(154) Humongous regions: 0->0
[125.609s][info][gc,metaspace   ] GC(154) Metaspace: 9895K(10240K)->9895K(10240K) NonClass: 8592K(8832K)->8592K(8832K) Class: 1303K(1408K)->1303K(1408K)
[125.609s][info][gc             ] GC(154) Pause Young (Normal) (G1 Evacuation Pause) 53M->5M(84M) 3.027ms
[125.609s][info][gc,cpu         ] GC(154) User=0.00s Sys=0.00s Real=0.00s
[125.810s][info][gc,start       ] GC(155) Pause Young (Normal) (G1 Evacuation Pause)
[125.810s][info][gc,task        ] GC(155) Using 3 workers of 33 for evacuation
[125.813s][info][gc,phases      ] GC(155)   Pre Evacuate Collection Set: 0.1ms
[125.813s][info][gc,phases      ] GC(155)   Merge Heap Roots: 0.1ms
[125.813s][info][gc,phases      ] GC(155)   Evacuate Collection Set: 2.6ms
[125.813s][info][gc,phases      ] GC(155)   Post Evacuate Collection Set: 0.3ms
[125.813s][info][gc,phases      ] GC(155)   Other: 0.1ms
[125.813s][info][gc,heap        ] GC(155) Eden regions: 48->0(48)
[125.813s][info][gc,heap        ] GC(155) Survivor regions: 2->2(7)
[125.813s][info][gc,heap        ] GC(155) Old regions: 25->25
[125.813s][info][gc,heap        ] GC(155) Archive regions: 0->0
[125.813s][info][gc,heap        ] GC(155) Humongous regions: 0->0
[125.813s][info][gc,metaspace   ] GC(155) Metaspace: 9895K(10240K)->9895K(10240K) NonClass: 8592K(8832K)->8592K(8832K) Class: 1303K(1408K)->1303K(1408K)
[125.813s][info][gc             ] GC(155) Pause Young (Normal) (G1 Evacuation Pause) 53M->5M(84M) 3.773ms
[125.813s][info][gc,cpu         ] GC(155) User=0.00s Sys=0.00s Real=0.00s
[126.020s][info][gc,start       ] GC(156) Pause Young (Normal) (G1 Evacuation Pause)
[126.021s][info][gc,task        ] GC(156) Using 2 workers of 33 for evacuation
[126.025s][info][gc,phases      ] GC(156)   Pre Evacuate Collection Set: 0.1ms
[126.025s][info][gc,phases      ] GC(156)   Merge Heap Roots: 0.1ms
[126.025s][info][gc,phases      ] GC(156)   Evacuate Collection Set: 3.6ms
[126.025s][info][gc,phases      ] GC(156)   Post Evacuate Collection Set: 0.4ms
[126.025s][info][gc,phases      ] GC(156)   Other: 0.1ms
[126.025s][info][gc,heap        ] GC(156) Eden regions: 48->0(48)
[126.025s][info][gc,heap        ] GC(156) Survivor regions: 2->2(7)
[126.025s][info][gc,heap        ] GC(156) Old regions: 25->25
[126.025s][info][gc,heap        ] GC(156) Archive regions: 0->0
[126.025s][info][gc,heap        ] GC(156) Humongous regions: 0->0
[126.025s][info][gc,metaspace   ] GC(156) Metaspace: 9895K(10240K)->9895K(10240K) NonClass: 8592K(8832K)->8592K(8832K) Class: 1303K(1408K)->1303K(1408K)
[126.025s][info][gc             ] GC(156) Pause Young (Normal) (G1 Evacuation Pause) 53M->5M(84M) 4.758ms
[126.025s][info][gc,cpu         ] GC(156) User=0.00s Sys=0.00s Real=0.00s
[126.243s][info][gc,start       ] GC(157) Pause Young (Normal) (G1 Evacuation Pause)
[126.243s][info][gc,task        ] GC(157) Using 2 workers of 33 for evacuation
[126.260s][info][gc,phases      ] GC(157)   Pre Evacuate Collection Set: 0.1ms
[126.260s][info][gc,phases      ] GC(157)   Merge Heap Roots: 0.1ms
[126.260s][info][gc,phases      ] GC(157)   Evacuate Collection Set: 3.4ms
[126.260s][info][gc,phases      ] GC(157)   Post Evacuate Collection Set: 13.1ms
[126.260s][info][gc,phases      ] GC(157)   Other: 0.1ms
[126.260s][info][gc,heap        ] GC(157) Eden regions: 48->0(637)
[126.260s][info][gc,heap        ] GC(157) Survivor regions: 2->2(7)
[126.260s][info][gc,heap        ] GC(157) Old regions: 25->25
[126.260s][info][gc,heap        ] GC(157) Archive regions: 0->0
[126.260s][info][gc,heap        ] GC(157) Humongous regions: 0->0
[126.260s][info][gc,metaspace   ] GC(157) Metaspace: 9895K(10240K)->9895K(10240K) NonClass: 8592K(8832K)->8592K(8832K) Class: 1303K(1408K)->1303K(1408K)
[126.260s][info][gc             ] GC(157) Pause Young (Normal) (G1 Evacuation Pause) 53M->5M(1066M) 17.422ms
[126.260s][info][gc,cpu         ] GC(157) User=0.00s Sys=0.02s Real=0.02s
[129.233s][info][gc,start       ] GC(158) Pause Young (Normal) (G1 Evacuation Pause)
[129.233s][info][gc,task        ] GC(158) Using 25 workers of 33 for evacuation
[129.236s][info][gc,phases      ] GC(158)   Pre Evacuate Collection Set: 0.3ms
[129.236s][info][gc,phases      ] GC(158)   Merge Heap Roots: 0.3ms
[129.236s][info][gc,phases      ] GC(158)   Evacuate Collection Set: 1.7ms
[129.236s][info][gc,phases      ] GC(158)   Post Evacuate Collection Set: 0.8ms
[129.236s][info][gc,phases      ] GC(158)   Other: 0.2ms
[129.236s][info][gc,heap        ] GC(158) Eden regions: 637->0(637)
[129.236s][info][gc,heap        ] GC(158) Survivor regions: 2->2(80)
[129.236s][info][gc,heap        ] GC(158) Old regions: 25->25
[129.236s][info][gc,heap        ] GC(158) Archive regions: 0->0
[129.236s][info][gc,heap        ] GC(158) Humongous regions: 0->0
[129.236s][info][gc,metaspace   ] GC(158) Metaspace: 9895K(10240K)->9895K(10240K) NonClass: 8592K(8832K)->8592K(8832K) Class: 1303K(1408K)->1303K(1408K)
[129.237s][info][gc             ] GC(158) Pause Young (Normal) (G1 Evacuation Pause) 642M->5M(1066M) 3.915ms
[129.237s][info][gc,cpu         ] GC(158) User=0.00s Sys=0.00s Real=0.00s
[132.051s][info][gc,start       ] GC(159) Pause Young (Normal) (G1 Evacuation Pause)
[132.051s][info][gc,task        ] GC(159) Using 25 workers of 33 for evacuation
[132.054s][info][gc,phases      ] GC(159)   Pre Evacuate Collection Set: 0.2ms
[132.054s][info][gc,phases      ] GC(159)   Merge Heap Roots: 0.4ms
[132.054s][info][gc,phases      ] GC(159)   Evacuate Collection Set: 1.5ms
[132.054s][info][gc,phases      ] GC(159)   Post Evacuate Collection Set: 0.8ms
[132.054s][info][gc,phases      ] GC(159)   Other: 0.2ms
[132.054s][info][gc,heap        ] GC(159) Eden regions: 637->0(637)
[132.054s][info][gc,heap        ] GC(159) Survivor regions: 2->2(80)
[132.054s][info][gc,heap        ] GC(159) Old regions: 25->25
[132.054s][info][gc,heap        ] GC(159) Archive regions: 0->0
[132.054s][info][gc,heap        ] GC(159) Humongous regions: 0->0
[132.054s][info][gc,metaspace   ] GC(159) Metaspace: 9895K(10240K)->9895K(10240K) NonClass: 8592K(8832K)->8592K(8832K) Class: 1303K(1408K)->1303K(1408K)
[132.054s][info][gc             ] GC(159) Pause Young (Normal) (G1 Evacuation Pause) 642M->5M(1066M) 3.732ms
[132.054s][info][gc,cpu         ] GC(159) User=0.30s Sys=0.03s Real=0.02s
[132.211s][info][gc,start       ] GC(160) Pause Full (System.gc())
[132.211s][info][gc,task        ] GC(160) Using 25 workers of 33 for full compaction
[132.212s][info][gc,phases,start] GC(160) Phase 1: Mark live objects
[132.218s][info][gc,phases      ] GC(160) Phase 1: Mark live objects 5.758ms
[132.218s][info][gc,phases,start] GC(160) Phase 2: Prepare compaction
[132.222s][info][gc,phases      ] GC(160) Phase 2: Prepare compaction 4.213ms
[132.222s][info][gc,phases,start] GC(160) Phase 3: Adjust pointers
[132.226s][info][gc,phases      ] GC(160) Phase 3: Adjust pointers 4.130ms
[132.226s][info][gc,phases,start] GC(160) Phase 4: Compact heap
[132.227s][info][gc,phases      ] GC(160) Phase 4: Compact heap 0.564ms
[132.239s][info][gc,heap        ] GC(160) Eden regions: 38->0(50)
[132.239s][info][gc,heap        ] GC(160) Survivor regions: 2->0(80)
[132.239s][info][gc,heap        ] GC(160) Old regions: 25->25
[132.239s][info][gc,heap        ] GC(160) Archive regions: 0->0
[132.239s][info][gc,heap        ] GC(160) Humongous regions: 0->0
[132.239s][info][gc,metaspace   ] GC(160) Metaspace: 9897K(10240K)->9897K(10240K) NonClass: 8593K(8832K)->8593K(8832K) Class: 1303K(1408K)->1303K(1408K)
[132.239s][info][gc             ] GC(160) Pause Full (System.gc()) 42M->3M(84M) 28.684ms
[132.239s][info][gc,cpu         ] GC(160) User=0.02s Sys=0.00s Real=0.02s
[132.477s][info][gc,start       ] GC(161) Pause Young (Normal) (G1 Evacuation Pause)
[132.477s][info][gc,task        ] GC(161) Using 13 workers of 33 for evacuation
[132.478s][info][gc,phases      ] GC(161)   Pre Evacuate Collection Set: 0.1ms
[132.478s][info][gc,phases      ] GC(161)   Merge Heap Roots: 0.1ms
[132.478s][info][gc,phases      ] GC(161)   Evacuate Collection Set: 0.8ms
[132.478s][info][gc,phases      ] GC(161)   Post Evacuate Collection Set: 0.3ms
[132.479s][info][gc,phases      ] GC(161)   Other: 0.1ms
[132.479s][info][gc,heap        ] GC(161) Eden regions: 50->0(48)
[132.479s][info][gc,heap        ] GC(161) Survivor regions: 0->2(7)
[132.479s][info][gc,heap        ] GC(161) Old regions: 25->25
[132.479s][info][gc,heap        ] GC(161) Archive regions: 0->0
[132.479s][info][gc,heap        ] GC(161) Humongous regions: 0->0
[132.479s][info][gc,metaspace   ] GC(161) Metaspace: 9897K(10240K)->9897K(10240K) NonClass: 8593K(8832K)->8593K(8832K) Class: 1303K(1408K)->1303K(1408K)
[132.479s][info][gc             ] GC(161) Pause Young (Normal) (G1 Evacuation Pause) 53M->5M(84M) 1.575ms
[132.479s][info][gc,cpu         ] GC(161) User=0.00s Sys=0.00s Real=0.00s
[132.671s][info][gc,start       ] GC(162) Pause Young (Normal) (G1 Evacuation Pause)
[132.671s][info][gc,task        ] GC(162) Using 7 workers of 33 for evacuation
[132.672s][info][gc,phases      ] GC(162)   Pre Evacuate Collection Set: 0.1ms
[132.672s][info][gc,phases      ] GC(162)   Merge Heap Roots: 0.1ms
[132.673s][info][gc,phases      ] GC(162)   Evacuate Collection Set: 1.1ms
[132.673s][info][gc,phases      ] GC(162)   Post Evacuate Collection Set: 0.3ms
[132.673s][info][gc,phases      ] GC(162)   Other: 0.1ms
[132.673s][info][gc,heap        ] GC(162) Eden regions: 48->0(48)
[132.673s][info][gc,heap        ] GC(162) Survivor regions: 2->2(7)
[132.673s][info][gc,heap        ] GC(162) Old regions: 25->25
[132.673s][info][gc,heap        ] GC(162) Archive regions: 0->0
[132.673s][info][gc,heap        ] GC(162) Humongous regions: 0->0
[132.673s][info][gc,metaspace   ] GC(162) Metaspace: 9897K(10240K)->9897K(10240K) NonClass: 8593K(8832K)->8593K(8832K) Class: 1303K(1408K)->1303K(1408K)
[132.673s][info][gc             ] GC(162) Pause Young (Normal) (G1 Evacuation Pause) 53M->5M(84M) 2.268ms
[132.673s][info][gc,cpu         ] GC(162) User=0.00s Sys=0.00s Real=0.00s
[132.881s][info][gc,start       ] GC(163) Pause Young (Normal) (G1 Evacuation Pause)
[132.881s][info][gc,task        ] GC(163) Using 4 workers of 33 for evacuation
[132.883s][info][gc,phases      ] GC(163)   Pre Evacuate Collection Set: 0.1ms
[132.883s][info][gc,phases      ] GC(163)   Merge Heap Roots: 0.1ms
[132.883s][info][gc,phases      ] GC(163)   Evacuate Collection Set: 1.9ms
[132.883s][info][gc,phases      ] GC(163)   Post Evacuate Collection Set: 0.3ms
[132.883s][info][gc,phases      ] GC(163)   Other: 0.1ms
[132.884s][info][gc,heap        ] GC(163) Eden regions: 48->0(48)
[132.884s][info][gc,heap        ] GC(163) Survivor regions: 2->2(7)
[132.884s][info][gc,heap        ] GC(163) Old regions: 25->25
[132.884s][info][gc,heap        ] GC(163) Archive regions: 0->0
[132.884s][info][gc,heap        ] GC(163) Humongous regions: 0->0
[132.884s][info][gc,metaspace   ] GC(163) Metaspace: 9897K(10240K)->9897K(10240K) NonClass: 8593K(8832K)->8593K(8832K) Class: 1303K(1408K)->1303K(1408K)
[132.884s][info][gc             ] GC(163) Pause Young (Normal) (G1 Evacuation Pause) 53M->5M(84M) 3.229ms
[132.884s][info][gc,cpu         ] GC(163) User=0.00s Sys=0.00s Real=0.00s
[133.090s][info][gc,start       ] GC(164) Pause Young (Normal) (G1 Evacuation Pause)
[133.090s][info][gc,task        ] GC(164) Using 3 workers of 33 for evacuation
[133.093s][info][gc,phases      ] GC(164)   Pre Evacuate Collection Set: 0.1ms
[133.093s][info][gc,phases      ] GC(164)   Merge Heap Roots: 0.1ms
[133.093s][info][gc,phases      ] GC(164)   Evacuate Collection Set: 2.2ms
[133.093s][info][gc,phases      ] GC(164)   Post Evacuate Collection Set: 0.3ms
[133.093s][info][gc,phases      ] GC(164)   Other: 0.1ms
[133.093s][info][gc,heap        ] GC(164) Eden regions: 48->0(48)
[133.093s][info][gc,heap        ] GC(164) Survivor regions: 2->2(7)
[133.093s][info][gc,heap        ] GC(164) Old regions: 25->25
[133.093s][info][gc,heap        ] GC(164) Archive regions: 0->0
[133.093s][info][gc,heap        ] GC(164) Humongous regions: 0->0
[133.093s][info][gc,metaspace   ] GC(164) Metaspace: 9897K(10240K)->9897K(10240K) NonClass: 8593K(8832K)->8593K(8832K) Class: 1303K(1408K)->1303K(1408K)
[133.093s][info][gc             ] GC(164) Pause Young (Normal) (G1 Evacuation Pause) 53M->5M(84M) 3.418ms
[133.093s][info][gc,cpu         ] GC(164) User=0.05s Sys=0.00s Real=0.02s
[133.295s][info][gc,start       ] GC(165) Pause Young (Normal) (G1 Evacuation Pause)
[133.295s][info][gc,task        ] GC(165) Using 2 workers of 33 for evacuation
[133.299s][info][gc,phases      ] GC(165)   Pre Evacuate Collection Set: 0.1ms
[133.299s][info][gc,phases      ] GC(165)   Merge Heap Roots: 0.1ms
[133.299s][info][gc,phases      ] GC(165)   Evacuate Collection Set: 3.4ms
[133.299s][info][gc,phases      ] GC(165)   Post Evacuate Collection Set: 0.4ms
[133.299s][info][gc,phases      ] GC(165)   Other: 0.1ms
[133.299s][info][gc,heap        ] GC(165) Eden regions: 48->0(48)
[133.299s][info][gc,heap        ] GC(165) Survivor regions: 2->2(7)
[133.299s][info][gc,heap        ] GC(165) Old regions: 25->25
[133.299s][info][gc,heap        ] GC(165) Archive regions: 0->0
[133.299s][info][gc,heap        ] GC(165) Humongous regions: 0->0
[133.299s][info][gc,metaspace   ] GC(165) Metaspace: 9897K(10240K)->9897K(10240K) NonClass: 8593K(8832K)->8593K(8832K) Class: 1303K(1408K)->1303K(1408K)
[133.299s][info][gc             ] GC(165) Pause Young (Normal) (G1 Evacuation Pause) 53M->5M(84M) 4.562ms
[133.299s][info][gc,cpu         ] GC(165) User=0.00s Sys=0.00s Real=0.00s
[133.513s][info][gc,start       ] GC(166) Pause Young (Normal) (G1 Evacuation Pause)
[133.513s][info][gc,task        ] GC(166) Using 2 workers of 33 for evacuation
[133.525s][info][gc,phases      ] GC(166)   Pre Evacuate Collection Set: 0.1ms
[133.525s][info][gc,phases      ] GC(166)   Merge Heap Roots: 0.1ms
[133.525s][info][gc,phases      ] GC(166)   Evacuate Collection Set: 3.5ms
[133.525s][info][gc,phases      ] GC(166)   Post Evacuate Collection Set: 8.2ms
[133.525s][info][gc,phases      ] GC(166)   Other: 0.1ms
[133.525s][info][gc,heap        ] GC(166) Eden regions: 48->0(637)
[133.525s][info][gc,heap        ] GC(166) Survivor regions: 2->2(7)
[133.525s][info][gc,heap        ] GC(166) Old regions: 25->25
[133.525s][info][gc,heap        ] GC(166) Archive regions: 0->0
[133.525s][info][gc,heap        ] GC(166) Humongous regions: 0->0
[133.525s][info][gc,metaspace   ] GC(166) Metaspace: 9897K(10240K)->9897K(10240K) NonClass: 8593K(8832K)->8593K(8832K) Class: 1303K(1408K)->1303K(1408K)
[133.525s][info][gc             ] GC(166) Pause Young (Normal) (G1 Evacuation Pause) 53M->5M(1066M) 12.434ms
[133.525s][info][gc,cpu         ] GC(166) User=0.00s Sys=0.00s Real=0.00s
[136.506s][info][gc,start       ] GC(167) Pause Young (Normal) (G1 Evacuation Pause)
[136.506s][info][gc,task        ] GC(167) Using 25 workers of 33 for evacuation
[136.509s][info][gc,phases      ] GC(167)   Pre Evacuate Collection Set: 0.2ms
[136.509s][info][gc,phases      ] GC(167)   Merge Heap Roots: 0.3ms
[136.509s][info][gc,phases      ] GC(167)   Evacuate Collection Set: 1.6ms
[136.509s][info][gc,phases      ] GC(167)   Post Evacuate Collection Set: 0.8ms
[136.509s][info][gc,phases      ] GC(167)   Other: 0.1ms
[136.509s][info][gc,heap        ] GC(167) Eden regions: 637->0(637)
[136.509s][info][gc,heap        ] GC(167) Survivor regions: 2->2(80)
[136.509s][info][gc,heap        ] GC(167) Old regions: 25->25
[136.509s][info][gc,heap        ] GC(167) Archive regions: 0->0
[136.509s][info][gc,heap        ] GC(167) Humongous regions: 0->0
[136.509s][info][gc,metaspace   ] GC(167) Metaspace: 9897K(10240K)->9897K(10240K) NonClass: 8593K(8832K)->8593K(8832K) Class: 1303K(1408K)->1303K(1408K)
[136.509s][info][gc             ] GC(167) Pause Young (Normal) (G1 Evacuation Pause) 642M->5M(1066M) 3.321ms
[136.509s][info][gc,cpu         ] GC(167) User=0.00s Sys=0.00s Real=0.00s
[139.345s][info][gc,start       ] GC(168) Pause Young (Normal) (G1 Evacuation Pause)
[139.345s][info][gc,task        ] GC(168) Using 25 workers of 33 for evacuation
[139.348s][info][gc,phases      ] GC(168)   Pre Evacuate Collection Set: 0.2ms
[139.348s][info][gc,phases      ] GC(168)   Merge Heap Roots: 0.4ms
[139.348s][info][gc,phases      ] GC(168)   Evacuate Collection Set: 1.6ms
[139.348s][info][gc,phases      ] GC(168)   Post Evacuate Collection Set: 0.8ms
[139.348s][info][gc,phases      ] GC(168)   Other: 0.2ms
[139.348s][info][gc,heap        ] GC(168) Eden regions: 637->0(637)
[139.349s][info][gc,heap        ] GC(168) Survivor regions: 2->2(80)
[139.349s][info][gc,heap        ] GC(168) Old regions: 25->25
[139.349s][info][gc,heap        ] GC(168) Archive regions: 0->0
[139.349s][info][gc,heap        ] GC(168) Humongous regions: 0->0
[139.349s][info][gc,metaspace   ] GC(168) Metaspace: 9897K(10240K)->9897K(10240K) NonClass: 8593K(8832K)->8593K(8832K) Class: 1303K(1408K)->1303K(1408K)
[139.349s][info][gc             ] GC(168) Pause Young (Normal) (G1 Evacuation Pause) 642M->5M(1066M) 3.809ms
[139.349s][info][gc,cpu         ] GC(168) User=0.00s Sys=0.00s Real=0.00s
[139.534s][info][gc,start       ] GC(169) Pause Full (System.gc())
[139.534s][info][gc,task        ] GC(169) Using 25 workers of 33 for full compaction
[139.535s][info][gc,phases,start] GC(169) Phase 1: Mark live objects
[139.541s][info][gc,phases      ] GC(169) Phase 1: Mark live objects 5.799ms
[139.541s][info][gc,phases,start] GC(169) Phase 2: Prepare compaction
[139.545s][info][gc,phases      ] GC(169) Phase 2: Prepare compaction 4.328ms
[139.545s][info][gc,phases,start] GC(169) Phase 3: Adjust pointers
[139.549s][info][gc,phases      ] GC(169) Phase 3: Adjust pointers 4.093ms
[139.549s][info][gc,phases,start] GC(169) Phase 4: Compact heap
[139.550s][info][gc,phases      ] GC(169) Phase 4: Compact heap 0.609ms
[139.562s][info][gc,heap        ] GC(169) Eden regions: 44->0(50)
[139.562s][info][gc,heap        ] GC(169) Survivor regions: 2->0(80)
[139.562s][info][gc,heap        ] GC(169) Old regions: 25->25
[139.562s][info][gc,heap        ] GC(169) Archive regions: 0->0
[139.562s][info][gc,heap        ] GC(169) Humongous regions: 0->0
[139.562s][info][gc,metaspace   ] GC(169) Metaspace: 9897K(10240K)->9897K(10240K) NonClass: 8593K(8832K)->8593K(8832K) Class: 1303K(1408K)->1303K(1408K)
[139.562s][info][gc             ] GC(169) Pause Full (System.gc()) 48M->3M(84M) 28.756ms
[139.562s][info][gc,cpu         ] GC(169) User=0.03s Sys=0.38s Real=0.03s
[139.775s][info][gc,start       ] GC(170) Pause Young (Normal) (G1 Evacuation Pause)
[139.775s][info][gc,task        ] GC(170) Using 13 workers of 33 for evacuation
[139.776s][info][gc,phases      ] GC(170)   Pre Evacuate Collection Set: 0.1ms
[139.776s][info][gc,phases      ] GC(170)   Merge Heap Roots: 0.1ms
[139.776s][info][gc,phases      ] GC(170)   Evacuate Collection Set: 0.8ms
[139.776s][info][gc,phases      ] GC(170)   Post Evacuate Collection Set: 0.3ms
[139.776s][info][gc,phases      ] GC(170)   Other: 0.1ms
[139.776s][info][gc,heap        ] GC(170) Eden regions: 50->0(48)
[139.776s][info][gc,heap        ] GC(170) Survivor regions: 0->2(7)
[139.776s][info][gc,heap        ] GC(170) Old regions: 25->25
[139.776s][info][gc,heap        ] GC(170) Archive regions: 0->0
[139.776s][info][gc,heap        ] GC(170) Humongous regions: 0->0
[139.776s][info][gc,metaspace   ] GC(170) Metaspace: 9898K(10240K)->9898K(10240K) NonClass: 8594K(8832K)->8594K(8832K) Class: 1303K(1408K)->1303K(1408K)
[139.776s][info][gc             ] GC(170) Pause Young (Normal) (G1 Evacuation Pause) 53M->5M(84M) 1.625ms
[139.776s][info][gc,cpu         ] GC(170) User=0.00s Sys=0.00s Real=0.00s
[139.978s][info][gc,start       ] GC(171) Pause Young (Normal) (G1 Evacuation Pause)
[139.978s][info][gc,task        ] GC(171) Using 7 workers of 33 for evacuation
[139.980s][info][gc,phases      ] GC(171)   Pre Evacuate Collection Set: 0.1ms
[139.980s][info][gc,phases      ] GC(171)   Merge Heap Roots: 0.1ms
[139.980s][info][gc,phases      ] GC(171)   Evacuate Collection Set: 1.2ms
[139.980s][info][gc,phases      ] GC(171)   Post Evacuate Collection Set: 0.3ms
[139.980s][info][gc,phases      ] GC(171)   Other: 0.1ms
[139.980s][info][gc,heap        ] GC(171) Eden regions: 48->0(48)
[139.980s][info][gc,heap        ] GC(171) Survivor regions: 2->2(7)
[139.980s][info][gc,heap        ] GC(171) Old regions: 25->25
[139.980s][info][gc,heap        ] GC(171) Archive regions: 0->0
[139.980s][info][gc,heap        ] GC(171) Humongous regions: 0->0
[139.980s][info][gc,metaspace   ] GC(171) Metaspace: 9898K(10240K)->9898K(10240K) NonClass: 8594K(8832K)->8594K(8832K) Class: 1303K(1408K)->1303K(1408K)
[139.980s][info][gc             ] GC(171) Pause Young (Normal) (G1 Evacuation Pause) 53M->5M(84M) 2.339ms
[139.980s][info][gc,cpu         ] GC(171) User=0.00s Sys=0.02s Real=0.02s
[140.179s][info][gc,start       ] GC(172) Pause Young (Normal) (G1 Evacuation Pause)
[140.179s][info][gc,task        ] GC(172) Using 4 workers of 33 for evacuation
[140.182s][info][gc,phases      ] GC(172)   Pre Evacuate Collection Set: 0.1ms
[140.182s][info][gc,phases      ] GC(172)   Merge Heap Roots: 0.1ms
[140.182s][info][gc,phases      ] GC(172)   Evacuate Collection Set: 1.8ms
[140.182s][info][gc,phases      ] GC(172)   Post Evacuate Collection Set: 0.3ms
[140.182s][info][gc,phases      ] GC(172)   Other: 0.1ms
[140.182s][info][gc,heap        ] GC(172) Eden regions: 48->0(48)
[140.182s][info][gc,heap        ] GC(172) Survivor regions: 2->2(7)
[140.182s][info][gc,heap        ] GC(172) Old regions: 25->25
[140.182s][info][gc,heap        ] GC(172) Archive regions: 0->0
[140.182s][info][gc,heap        ] GC(172) Humongous regions: 0->0
[140.182s][info][gc,metaspace   ] GC(172) Metaspace: 9898K(10240K)->9898K(10240K) NonClass: 8594K(8832K)->8594K(8832K) Class: 1303K(1408K)->1303K(1408K)
[140.182s][info][gc             ] GC(172) Pause Young (Normal) (G1 Evacuation Pause) 53M->5M(84M) 2.970ms
[140.182s][info][gc,cpu         ] GC(172) User=0.00s Sys=0.00s Real=0.00s
[140.396s][info][gc,start       ] GC(173) Pause Young (Normal) (G1 Evacuation Pause)
[140.396s][info][gc,task        ] GC(173) Using 3 workers of 33 for evacuation
[140.399s][info][gc,phases      ] GC(173)   Pre Evacuate Collection Set: 0.1ms
[140.399s][info][gc,phases      ] GC(173)   Merge Heap Roots: 0.1ms
[140.400s][info][gc,phases      ] GC(173)   Evacuate Collection Set: 2.5ms
[140.400s][info][gc,phases      ] GC(173)   Post Evacuate Collection Set: 0.3ms
[140.400s][info][gc,phases      ] GC(173)   Other: 0.1ms
[140.400s][info][gc,heap        ] GC(173) Eden regions: 48->0(48)
[140.400s][info][gc,heap        ] GC(173) Survivor regions: 2->2(7)
[140.400s][info][gc,heap        ] GC(173) Old regions: 25->25
[140.400s][info][gc,heap        ] GC(173) Archive regions: 0->0
[140.400s][info][gc,heap        ] GC(173) Humongous regions: 0->0
[140.400s][info][gc,metaspace   ] GC(173) Metaspace: 9898K(10240K)->9898K(10240K) NonClass: 8594K(8832K)->8594K(8832K) Class: 1303K(1408K)->1303K(1408K)
[140.400s][info][gc             ] GC(173) Pause Young (Normal) (G1 Evacuation Pause) 53M->5M(84M) 3.788ms
[140.400s][info][gc,cpu         ] GC(173) User=0.00s Sys=0.00s Real=0.00s
[140.598s][info][gc,start       ] GC(174) Pause Young (Normal) (G1 Evacuation Pause)
[140.598s][info][gc,task        ] GC(174) Using 2 workers of 33 for evacuation
[140.602s][info][gc,phases      ] GC(174)   Pre Evacuate Collection Set: 0.1ms
[140.602s][info][gc,phases      ] GC(174)   Merge Heap Roots: 0.1ms
[140.602s][info][gc,phases      ] GC(174)   Evacuate Collection Set: 3.6ms
[140.602s][info][gc,phases      ] GC(174)   Post Evacuate Collection Set: 0.4ms
[140.602s][info][gc,phases      ] GC(174)   Other: 0.1ms
[140.602s][info][gc,heap        ] GC(174) Eden regions: 48->0(48)
[140.602s][info][gc,heap        ] GC(174) Survivor regions: 2->2(7)
[140.602s][info][gc,heap        ] GC(174) Old regions: 25->25
[140.602s][info][gc,heap        ] GC(174) Archive regions: 0->0
[140.602s][info][gc,heap        ] GC(174) Humongous regions: 0->0
[140.602s][info][gc,metaspace   ] GC(174) Metaspace: 9898K(10240K)->9898K(10240K) NonClass: 8594K(8832K)->8594K(8832K) Class: 1303K(1408K)->1303K(1408K)
[140.603s][info][gc             ] GC(174) Pause Young (Normal) (G1 Evacuation Pause) 53M->5M(84M) 4.843ms
[140.603s][info][gc,cpu         ] GC(174) User=0.00s Sys=0.00s Real=0.00s
[140.813s][info][gc,start       ] GC(175) Pause Young (Normal) (G1 Evacuation Pause)
[140.813s][info][gc,task        ] GC(175) Using 2 workers of 33 for evacuation
[140.829s][info][gc,phases      ] GC(175)   Pre Evacuate Collection Set: 0.1ms
[140.829s][info][gc,phases      ] GC(175)   Merge Heap Roots: 0.1ms
[140.829s][info][gc,phases      ] GC(175)   Evacuate Collection Set: 3.7ms
[140.829s][info][gc,phases      ] GC(175)   Post Evacuate Collection Set: 12.5ms
[140.829s][info][gc,phases      ] GC(175)   Other: 0.1ms
[140.829s][info][gc,heap        ] GC(175) Eden regions: 48->0(637)
[140.829s][info][gc,heap        ] GC(175) Survivor regions: 2->2(7)
[140.829s][info][gc,heap        ] GC(175) Old regions: 25->25
[140.829s][info][gc,heap        ] GC(175) Archive regions: 0->0
[140.829s][info][gc,heap        ] GC(175) Humongous regions: 0->0
[140.829s][info][gc,metaspace   ] GC(175) Metaspace: 9898K(10240K)->9898K(10240K) NonClass: 8594K(8832K)->8594K(8832K) Class: 1303K(1408K)->1303K(1408K)
[140.830s][info][gc             ] GC(175) Pause Young (Normal) (G1 Evacuation Pause) 53M->5M(1066M) 16.972ms
[140.830s][info][gc,cpu         ] GC(175) User=0.00s Sys=0.02s Real=0.02s
[143.781s][info][gc,start       ] GC(176) Pause Young (Normal) (G1 Evacuation Pause)
[143.782s][info][gc,task        ] GC(176) Using 25 workers of 33 for evacuation
[143.785s][info][gc,phases      ] GC(176)   Pre Evacuate Collection Set: 0.2ms
[143.785s][info][gc,phases      ] GC(176)   Merge Heap Roots: 0.4ms
[143.785s][info][gc,phases      ] GC(176)   Evacuate Collection Set: 1.7ms
[143.785s][info][gc,phases      ] GC(176)   Post Evacuate Collection Set: 0.8ms
[143.785s][info][gc,phases      ] GC(176)   Other: 0.2ms
[143.785s][info][gc,heap        ] GC(176) Eden regions: 637->0(637)
[143.785s][info][gc,heap        ] GC(176) Survivor regions: 2->2(80)
[143.785s][info][gc,heap        ] GC(176) Old regions: 25->25
[143.785s][info][gc,heap        ] GC(176) Archive regions: 0->0
[143.785s][info][gc,heap        ] GC(176) Humongous regions: 0->0
[143.785s][info][gc,metaspace   ] GC(176) Metaspace: 9898K(10240K)->9898K(10240K) NonClass: 8594K(8832K)->8594K(8832K) Class: 1303K(1408K)->1303K(1408K)
[143.785s][info][gc             ] GC(176) Pause Young (Normal) (G1 Evacuation Pause) 642M->5M(1066M) 4.043ms
[143.785s][info][gc,cpu         ] GC(176) User=0.00s Sys=0.00s Real=0.00s
[146.597s][info][gc,start       ] GC(177) Pause Young (Normal) (G1 Evacuation Pause)
[146.597s][info][gc,task        ] GC(177) Using 25 workers of 33 for evacuation
[146.600s][info][gc,phases      ] GC(177)   Pre Evacuate Collection Set: 0.2ms
[146.600s][info][gc,phases      ] GC(177)   Merge Heap Roots: 0.4ms
[146.600s][info][gc,phases      ] GC(177)   Evacuate Collection Set: 1.6ms
[146.600s][info][gc,phases      ] GC(177)   Post Evacuate Collection Set: 0.8ms
[146.600s][info][gc,phases      ] GC(177)   Other: 0.2ms
[146.600s][info][gc,heap        ] GC(177) Eden regions: 637->0(637)
[146.600s][info][gc,heap        ] GC(177) Survivor regions: 2->2(80)
[146.600s][info][gc,heap        ] GC(177) Old regions: 25->25
[146.600s][info][gc,heap        ] GC(177) Archive regions: 0->0
[146.600s][info][gc,heap        ] GC(177) Humongous regions: 0->0
[146.600s][info][gc,metaspace   ] GC(177) Metaspace: 9898K(10240K)->9898K(10240K) NonClass: 8594K(8832K)->8594K(8832K) Class: 1303K(1408K)->1303K(1408K)
[146.600s][info][gc             ] GC(177) Pause Young (Normal) (G1 Evacuation Pause) 642M->5M(1066M) 3.759ms
[146.601s][info][gc,cpu         ] GC(177) User=0.03s Sys=0.00s Real=0.01s
[146.732s][info][gc,start       ] GC(178) Pause Full (System.gc())
[146.732s][info][gc,task        ] GC(178) Using 25 workers of 33 for full compaction
[146.733s][info][gc,phases,start] GC(178) Phase 1: Mark live objects
[146.739s][info][gc,phases      ] GC(178) Phase 1: Mark live objects 5.674ms
[146.739s][info][gc,phases,start] GC(178) Phase 2: Prepare compaction
[146.743s][info][gc,phases      ] GC(178) Phase 2: Prepare compaction 4.130ms
[146.743s][info][gc,phases,start] GC(178) Phase 3: Adjust pointers
[146.747s][info][gc,phases      ] GC(178) Phase 3: Adjust pointers 3.957ms
[146.747s][info][gc,phases,start] GC(178) Phase 4: Compact heap
[146.748s][info][gc,phases      ] GC(178) Phase 4: Compact heap 0.585ms
[146.761s][info][gc,heap        ] GC(178) Eden regions: 32->0(50)
[146.761s][info][gc,heap        ] GC(178) Survivor regions: 2->0(80)
[146.761s][info][gc,heap        ] GC(178) Old regions: 25->25
[146.761s][info][gc,heap        ] GC(178) Archive regions: 0->0
[146.761s][info][gc,heap        ] GC(178) Humongous regions: 0->0
[146.761s][info][gc,metaspace   ] GC(178) Metaspace: 9898K(10240K)->9898K(10240K) NonClass: 8594K(8832K)->8594K(8832K) Class: 1303K(1408K)->1303K(1408K)
[146.761s][info][gc             ] GC(178) Pause Full (System.gc()) 36M->3M(84M) 28.811ms
[146.761s][info][gc,cpu         ] GC(178) User=0.03s Sys=0.38s Real=0.03s
[146.969s][info][gc,start       ] GC(179) Pause Young (Normal) (G1 Evacuation Pause)
[146.969s][info][gc,task        ] GC(179) Using 13 workers of 33 for evacuation
[146.970s][info][gc,phases      ] GC(179)   Pre Evacuate Collection Set: 0.1ms
[146.970s][info][gc,phases      ] GC(179)   Merge Heap Roots: 0.1ms
[146.971s][info][gc,phases      ] GC(179)   Evacuate Collection Set: 0.8ms
[146.971s][info][gc,phases      ] GC(179)   Post Evacuate Collection Set: 0.4ms
[146.971s][info][gc,phases      ] GC(179)   Other: 0.2ms
[146.971s][info][gc,heap        ] GC(179) Eden regions: 50->0(48)
[146.971s][info][gc,heap        ] GC(179) Survivor regions: 0->2(7)
[146.971s][info][gc,heap        ] GC(179) Old regions: 25->25
[146.971s][info][gc,heap        ] GC(179) Archive regions: 0->0
[146.971s][info][gc,heap        ] GC(179) Humongous regions: 0->0
[146.971s][info][gc,metaspace   ] GC(179) Metaspace: 9923K(10240K)->9923K(10240K) NonClass: 8619K(8832K)->8619K(8832K) Class: 1303K(1408K)->1303K(1408K)
[146.971s][info][gc             ] GC(179) Pause Young (Normal) (G1 Evacuation Pause) 53M->5M(84M) 2.280ms
[146.971s][info][gc,cpu         ] GC(179) User=0.00s Sys=0.00s Real=0.00s
[147.166s][info][gc,start       ] GC(180) Pause Young (Normal) (G1 Evacuation Pause)
[147.166s][info][gc,task        ] GC(180) Using 7 workers of 33 for evacuation
[147.168s][info][gc,phases      ] GC(180)   Pre Evacuate Collection Set: 0.1ms
[147.168s][info][gc,phases      ] GC(180)   Merge Heap Roots: 0.1ms
[147.168s][info][gc,phases      ] GC(180)   Evacuate Collection Set: 1.2ms
[147.168s][info][gc,phases      ] GC(180)   Post Evacuate Collection Set: 0.3ms
[147.168s][info][gc,phases      ] GC(180)   Other: 0.1ms
[147.168s][info][gc,heap        ] GC(180) Eden regions: 48->0(48)
[147.168s][info][gc,heap        ] GC(180) Survivor regions: 2->2(7)
[147.168s][info][gc,heap        ] GC(180) Old regions: 25->25
[147.168s][info][gc,heap        ] GC(180) Archive regions: 0->0
[147.168s][info][gc,heap        ] GC(180) Humongous regions: 0->0
[147.168s][info][gc,metaspace   ] GC(180) Metaspace: 9923K(10240K)->9923K(10240K) NonClass: 8619K(8832K)->8619K(8832K) Class: 1303K(1408K)->1303K(1408K)
[147.168s][info][gc             ] GC(180) Pause Young (Normal) (G1 Evacuation Pause) 53M->5M(84M) 2.320ms
[147.168s][info][gc,cpu         ] GC(180) User=0.00s Sys=0.00s Real=0.00s
[147.361s][info][gc,start       ] GC(181) Pause Young (Normal) (G1 Evacuation Pause)
[147.361s][info][gc,task        ] GC(181) Using 4 workers of 33 for evacuation
[147.364s][info][gc,phases      ] GC(181)   Pre Evacuate Collection Set: 0.1ms
[147.364s][info][gc,phases      ] GC(181)   Merge Heap Roots: 0.1ms
[147.364s][info][gc,phases      ] GC(181)   Evacuate Collection Set: 2.0ms
[147.364s][info][gc,phases      ] GC(181)   Post Evacuate Collection Set: 0.3ms
[147.364s][info][gc,phases      ] GC(181)   Other: 0.1ms
[147.364s][info][gc,heap        ] GC(181) Eden regions: 48->0(48)
[147.364s][info][gc,heap        ] GC(181) Survivor regions: 2->2(7)
[147.364s][info][gc,heap        ] GC(181) Old regions: 25->25
[147.364s][info][gc,heap        ] GC(181) Archive regions: 0->0
[147.364s][info][gc,heap        ] GC(181) Humongous regions: 0->0
[147.364s][info][gc,metaspace   ] GC(181) Metaspace: 9923K(10240K)->9923K(10240K) NonClass: 8619K(8832K)->8619K(8832K) Class: 1303K(1408K)->1303K(1408K)
[147.364s][info][gc             ] GC(181) Pause Young (Normal) (G1 Evacuation Pause) 53M->5M(84M) 3.195ms
[147.364s][info][gc,cpu         ] GC(181) User=0.00s Sys=0.00s Real=0.00s
[147.577s][info][gc,start       ] GC(182) Pause Young (Normal) (G1 Evacuation Pause)
[147.577s][info][gc,task        ] GC(182) Using 3 workers of 33 for evacuation
[147.581s][info][gc,phases      ] GC(182)   Pre Evacuate Collection Set: 0.1ms
[147.581s][info][gc,phases      ] GC(182)   Merge Heap Roots: 0.1ms
[147.581s][info][gc,phases      ] GC(182)   Evacuate Collection Set: 2.7ms
[147.581s][info][gc,phases      ] GC(182)   Post Evacuate Collection Set: 0.3ms
[147.581s][info][gc,phases      ] GC(182)   Other: 0.1ms
[147.581s][info][gc,heap        ] GC(182) Eden regions: 48->0(48)
[147.581s][info][gc,heap        ] GC(182) Survivor regions: 2->2(7)
[147.581s][info][gc,heap        ] GC(182) Old regions: 25->25
[147.581s][info][gc,heap        ] GC(182) Archive regions: 0->0
[147.581s][info][gc,heap        ] GC(182) Humongous regions: 0->0
[147.581s][info][gc,metaspace   ] GC(182) Metaspace: 9923K(10240K)->9923K(10240K) NonClass: 8619K(8832K)->8619K(8832K) Class: 1303K(1408K)->1303K(1408K)
[147.581s][info][gc             ] GC(182) Pause Young (Normal) (G1 Evacuation Pause) 53M->5M(84M) 3.875ms
[147.581s][info][gc,cpu         ] GC(182) User=0.00s Sys=0.00s Real=0.00s
[147.794s][info][gc,start       ] GC(183) Pause Young (Normal) (G1 Evacuation Pause)
[147.794s][info][gc,task        ] GC(183) Using 2 workers of 33 for evacuation
[147.798s][info][gc,phases      ] GC(183)   Pre Evacuate Collection Set: 0.1ms
[147.798s][info][gc,phases      ] GC(183)   Merge Heap Roots: 0.1ms
[147.799s][info][gc,phases      ] GC(183)   Evacuate Collection Set: 3.8ms
[147.799s][info][gc,phases      ] GC(183)   Post Evacuate Collection Set: 0.4ms
[147.799s][info][gc,phases      ] GC(183)   Other: 0.1ms
[147.799s][info][gc,heap        ] GC(183) Eden regions: 48->0(48)
[147.799s][info][gc,heap        ] GC(183) Survivor regions: 2->2(7)
[147.799s][info][gc,heap        ] GC(183) Old regions: 25->25
[147.799s][info][gc,heap        ] GC(183) Archive regions: 0->0
[147.799s][info][gc,heap        ] GC(183) Humongous regions: 0->0
[147.799s][info][gc,metaspace   ] GC(183) Metaspace: 9923K(10240K)->9923K(10240K) NonClass: 8619K(8832K)->8619K(8832K) Class: 1303K(1408K)->1303K(1408K)
[147.799s][info][gc             ] GC(183) Pause Young (Normal) (G1 Evacuation Pause) 53M->5M(84M) 5.172ms
[147.799s][info][gc,cpu         ] GC(183) User=0.00s Sys=0.00s Real=0.00s
[148.005s][info][gc,start       ] GC(184) Pause Young (Normal) (G1 Evacuation Pause)
[148.005s][info][gc,task        ] GC(184) Using 2 workers of 33 for evacuation
[148.022s][info][gc,phases      ] GC(184)   Pre Evacuate Collection Set: 0.1ms
[148.022s][info][gc,phases      ] GC(184)   Merge Heap Roots: 0.1ms
[148.022s][info][gc,phases      ] GC(184)   Evacuate Collection Set: 3.7ms
[148.022s][info][gc,phases      ] GC(184)   Post Evacuate Collection Set: 12.8ms
[148.022s][info][gc,phases      ] GC(184)   Other: 0.1ms
[148.022s][info][gc,heap        ] GC(184) Eden regions: 48->0(637)
[148.022s][info][gc,heap        ] GC(184) Survivor regions: 2->2(7)
[148.022s][info][gc,heap        ] GC(184) Old regions: 25->25
[148.022s][info][gc,heap        ] GC(184) Archive regions: 0->0
[148.022s][info][gc,heap        ] GC(184) Humongous regions: 0->0
[148.022s][info][gc,metaspace   ] GC(184) Metaspace: 9923K(10240K)->9923K(10240K) NonClass: 8619K(8832K)->8619K(8832K) Class: 1303K(1408K)->1303K(1408K)
[148.022s][info][gc             ] GC(184) Pause Young (Normal) (G1 Evacuation Pause) 53M->5M(1066M) 17.398ms
[148.022s][info][gc,cpu         ] GC(184) User=0.03s Sys=0.00s Real=0.03s
[150.999s][info][gc,start       ] GC(185) Pause Young (Normal) (G1 Evacuation Pause)
[150.999s][info][gc,task        ] GC(185) Using 25 workers of 33 for evacuation
[151.002s][info][gc,phases      ] GC(185)   Pre Evacuate Collection Set: 0.2ms
[151.002s][info][gc,phases      ] GC(185)   Merge Heap Roots: 0.4ms
[151.002s][info][gc,phases      ] GC(185)   Evacuate Collection Set: 1.6ms
[151.002s][info][gc,phases      ] GC(185)   Post Evacuate Collection Set: 0.8ms
[151.002s][info][gc,phases      ] GC(185)   Other: 0.2ms
[151.002s][info][gc,heap        ] GC(185) Eden regions: 637->0(637)
[151.002s][info][gc,heap        ] GC(185) Survivor regions: 2->2(80)
[151.002s][info][gc,heap        ] GC(185) Old regions: 25->25
[151.002s][info][gc,heap        ] GC(185) Archive regions: 0->0
[151.002s][info][gc,heap        ] GC(185) Humongous regions: 0->0
[151.002s][info][gc,metaspace   ] GC(185) Metaspace: 9923K(10240K)->9923K(10240K) NonClass: 8619K(8832K)->8619K(8832K) Class: 1303K(1408K)->1303K(1408K)
[151.003s][info][gc             ] GC(185) Pause Young (Normal) (G1 Evacuation Pause) 642M->5M(1066M) 3.762ms
[151.003s][info][gc,cpu         ] GC(185) User=0.00s Sys=0.00s Real=0.00s
[153.803s][info][gc,start       ] GC(186) Pause Young (Normal) (G1 Evacuation Pause)
[153.803s][info][gc,task        ] GC(186) Using 25 workers of 33 for evacuation
[153.807s][info][gc,phases      ] GC(186)   Pre Evacuate Collection Set: 0.2ms
[153.807s][info][gc,phases      ] GC(186)   Merge Heap Roots: 0.4ms
[153.807s][info][gc,phases      ] GC(186)   Evacuate Collection Set: 1.7ms
[153.807s][info][gc,phases      ] GC(186)   Post Evacuate Collection Set: 0.8ms
[153.807s][info][gc,phases      ] GC(186)   Other: 0.2ms
[153.807s][info][gc,heap        ] GC(186) Eden regions: 637->0(637)
[153.807s][info][gc,heap        ] GC(186) Survivor regions: 2->2(80)
[153.807s][info][gc,heap        ] GC(186) Old regions: 25->25
[153.807s][info][gc,heap        ] GC(186) Archive regions: 0->0
[153.807s][info][gc,heap        ] GC(186) Humongous regions: 0->0
[153.807s][info][gc,metaspace   ] GC(186) Metaspace: 9923K(10240K)->9923K(10240K) NonClass: 8619K(8832K)->8619K(8832K) Class: 1303K(1408K)->1303K(1408K)
[153.807s][info][gc             ] GC(186) Pause Young (Normal) (G1 Evacuation Pause) 642M->5M(1066M) 3.880ms
[153.807s][info][gc,cpu         ] GC(186) User=0.00s Sys=0.00s Real=0.00s
[153.997s][info][gc,start       ] GC(187) Pause Full (System.gc())
[153.997s][info][gc,task        ] GC(187) Using 25 workers of 33 for full compaction
[153.999s][info][gc,phases,start] GC(187) Phase 1: Mark live objects
[154.004s][info][gc,phases      ] GC(187) Phase 1: Mark live objects 5.237ms
[154.004s][info][gc,phases,start] GC(187) Phase 2: Prepare compaction
[154.008s][info][gc,phases      ] GC(187) Phase 2: Prepare compaction 4.318ms
[154.008s][info][gc,phases,start] GC(187) Phase 3: Adjust pointers
[154.012s][info][gc,phases      ] GC(187) Phase 3: Adjust pointers 3.886ms
[154.012s][info][gc,phases,start] GC(187) Phase 4: Compact heap
[154.013s][info][gc,phases      ] GC(187) Phase 4: Compact heap 0.542ms
[154.026s][info][gc,heap        ] GC(187) Eden regions: 42->0(50)
[154.026s][info][gc,heap        ] GC(187) Survivor regions: 2->0(80)
[154.026s][info][gc,heap        ] GC(187) Old regions: 25->25
[154.026s][info][gc,heap        ] GC(187) Archive regions: 0->0
[154.026s][info][gc,heap        ] GC(187) Humongous regions: 0->0
[154.026s][info][gc,metaspace   ] GC(187) Metaspace: 9923K(10240K)->9923K(10240K) NonClass: 8619K(8832K)->8619K(8832K) Class: 1303K(1408K)->1303K(1408K)
[154.026s][info][gc             ] GC(187) Pause Full (System.gc()) 46M->3M(84M) 28.441ms
[154.026s][info][gc,cpu         ] GC(187) User=0.16s Sys=0.13s Real=0.03s
[154.229s][info][gc,start       ] GC(188) Pause Young (Normal) (G1 Evacuation Pause)
[154.229s][info][gc,task        ] GC(188) Using 13 workers of 33 for evacuation
[154.231s][info][gc,phases      ] GC(188)   Pre Evacuate Collection Set: 0.1ms
[154.231s][info][gc,phases      ] GC(188)   Merge Heap Roots: 0.1ms
[154.231s][info][gc,phases      ] GC(188)   Evacuate Collection Set: 0.8ms
[154.231s][info][gc,phases      ] GC(188)   Post Evacuate Collection Set: 0.4ms
[154.231s][info][gc,phases      ] GC(188)   Other: 0.1ms
[154.231s][info][gc,heap        ] GC(188) Eden regions: 50->0(48)
[154.231s][info][gc,heap        ] GC(188) Survivor regions: 0->2(7)
[154.231s][info][gc,heap        ] GC(188) Old regions: 25->25
[154.231s][info][gc,heap        ] GC(188) Archive regions: 0->0
[154.231s][info][gc,heap        ] GC(188) Humongous regions: 0->0
[154.231s][info][gc,metaspace   ] GC(188) Metaspace: 9923K(10240K)->9923K(10240K) NonClass: 8619K(8832K)->8619K(8832K) Class: 1303K(1408K)->1303K(1408K)
[154.231s][info][gc             ] GC(188) Pause Young (Normal) (G1 Evacuation Pause) 53M->5M(84M) 2.077ms
[154.231s][info][gc,cpu         ] GC(188) User=0.00s Sys=0.00s Real=0.00s
[154.432s][info][gc,start       ] GC(189) Pause Young (Normal) (G1 Evacuation Pause)
[154.432s][info][gc,task        ] GC(189) Using 7 workers of 33 for evacuation
[154.434s][info][gc,phases      ] GC(189)   Pre Evacuate Collection Set: 0.1ms
[154.434s][info][gc,phases      ] GC(189)   Merge Heap Roots: 0.1ms
[154.434s][info][gc,phases      ] GC(189)   Evacuate Collection Set: 1.1ms
[154.434s][info][gc,phases      ] GC(189)   Post Evacuate Collection Set: 0.2ms
[154.434s][info][gc,phases      ] GC(189)   Other: 0.1ms
[154.434s][info][gc,heap        ] GC(189) Eden regions: 48->0(48)
[154.434s][info][gc,heap        ] GC(189) Survivor regions: 2->2(7)
[154.434s][info][gc,heap        ] GC(189) Old regions: 25->25
[154.434s][info][gc,heap        ] GC(189) Archive regions: 0->0
[154.434s][info][gc,heap        ] GC(189) Humongous regions: 0->0
[154.434s][info][gc,metaspace   ] GC(189) Metaspace: 9923K(10240K)->9923K(10240K) NonClass: 8619K(8832K)->8619K(8832K) Class: 1303K(1408K)->1303K(1408K)
[154.434s][info][gc             ] GC(189) Pause Young (Normal) (G1 Evacuation Pause) 53M->5M(84M) 1.762ms
[154.434s][info][gc,cpu         ] GC(189) User=0.00s Sys=0.00s Real=0.00s
[154.637s][info][gc,start       ] GC(190) Pause Young (Normal) (G1 Evacuation Pause)
[154.637s][info][gc,task        ] GC(190) Using 4 workers of 33 for evacuation
[154.640s][info][gc,phases      ] GC(190)   Pre Evacuate Collection Set: 0.1ms
[154.640s][info][gc,phases      ] GC(190)   Merge Heap Roots: 0.1ms
[154.640s][info][gc,phases      ] GC(190)   Evacuate Collection Set: 2.0ms
[154.640s][info][gc,phases      ] GC(190)   Post Evacuate Collection Set: 0.3ms
[154.640s][info][gc,phases      ] GC(190)   Other: 0.1ms
[154.640s][info][gc,heap        ] GC(190) Eden regions: 48->0(48)
[154.640s][info][gc,heap        ] GC(190) Survivor regions: 2->2(7)
[154.640s][info][gc,heap        ] GC(190) Old regions: 25->25
[154.640s][info][gc,heap        ] GC(190) Archive regions: 0->0
[154.640s][info][gc,heap        ] GC(190) Humongous regions: 0->0
[154.640s][info][gc,metaspace   ] GC(190) Metaspace: 9923K(10240K)->9923K(10240K) NonClass: 8619K(8832K)->8619K(8832K) Class: 1303K(1408K)->1303K(1408K)
[154.640s][info][gc             ] GC(190) Pause Young (Normal) (G1 Evacuation Pause) 53M->5M(84M) 3.217ms
[154.640s][info][gc,cpu         ] GC(190) User=0.00s Sys=0.00s Real=0.00s
[154.851s][info][gc,start       ] GC(191) Pause Young (Normal) (G1 Evacuation Pause)
[154.851s][info][gc,task        ] GC(191) Using 3 workers of 33 for evacuation
[154.854s][info][gc,phases      ] GC(191)   Pre Evacuate Collection Set: 0.1ms
[154.854s][info][gc,phases      ] GC(191)   Merge Heap Roots: 0.1ms
[154.854s][info][gc,phases      ] GC(191)   Evacuate Collection Set: 2.4ms
[154.854s][info][gc,phases      ] GC(191)   Post Evacuate Collection Set: 0.3ms
[154.854s][info][gc,phases      ] GC(191)   Other: 0.1ms
[154.854s][info][gc,heap        ] GC(191) Eden regions: 48->0(48)
[154.854s][info][gc,heap        ] GC(191) Survivor regions: 2->2(7)
[154.854s][info][gc,heap        ] GC(191) Old regions: 25->25
[154.854s][info][gc,heap        ] GC(191) Archive regions: 0->0
[154.854s][info][gc,heap        ] GC(191) Humongous regions: 0->0
[154.854s][info][gc,metaspace   ] GC(191) Metaspace: 9923K(10240K)->9923K(10240K) NonClass: 8619K(8832K)->8619K(8832K) Class: 1303K(1408K)->1303K(1408K)
[154.854s][info][gc             ] GC(191) Pause Young (Normal) (G1 Evacuation Pause) 53M->5M(84M) 3.632ms
[154.854s][info][gc,cpu         ] GC(191) User=0.00s Sys=0.00s Real=0.00s
[155.063s][info][gc,start       ] GC(192) Pause Young (Normal) (G1 Evacuation Pause)
[155.063s][info][gc,task        ] GC(192) Using 2 workers of 33 for evacuation
[155.067s][info][gc,phases      ] GC(192)   Pre Evacuate Collection Set: 0.1ms
[155.067s][info][gc,phases      ] GC(192)   Merge Heap Roots: 0.1ms
[155.067s][info][gc,phases      ] GC(192)   Evacuate Collection Set: 3.6ms
[155.067s][info][gc,phases      ] GC(192)   Post Evacuate Collection Set: 0.3ms
[155.067s][info][gc,phases      ] GC(192)   Other: 0.1ms
[155.067s][info][gc,heap        ] GC(192) Eden regions: 48->0(48)
[155.067s][info][gc,heap        ] GC(192) Survivor regions: 2->2(7)
[155.067s][info][gc,heap        ] GC(192) Old regions: 25->25
[155.067s][info][gc,heap        ] GC(192) Archive regions: 0->0
[155.067s][info][gc,heap        ] GC(192) Humongous regions: 0->0
[155.068s][info][gc,metaspace   ] GC(192) Metaspace: 9923K(10240K)->9923K(10240K) NonClass: 8619K(8832K)->8619K(8832K) Class: 1303K(1408K)->1303K(1408K)
[155.068s][info][gc             ] GC(192) Pause Young (Normal) (G1 Evacuation Pause) 53M->5M(84M) 4.757ms
[155.068s][info][gc,cpu         ] GC(192) User=0.00s Sys=0.00s Real=0.00s
[155.276s][info][gc,start       ] GC(193) Pause Young (Normal) (G1 Evacuation Pause)
[155.276s][info][gc,task        ] GC(193) Using 2 workers of 33 for evacuation
[155.292s][info][gc,phases      ] GC(193)   Pre Evacuate Collection Set: 0.1ms
[155.293s][info][gc,phases      ] GC(193)   Merge Heap Roots: 0.1ms
[155.293s][info][gc,phases      ] GC(193)   Evacuate Collection Set: 3.4ms
[155.293s][info][gc,phases      ] GC(193)   Post Evacuate Collection Set: 12.6ms
[155.293s][info][gc,phases      ] GC(193)   Other: 0.1ms
[155.293s][info][gc,heap        ] GC(193) Eden regions: 48->0(637)
[155.293s][info][gc,heap        ] GC(193) Survivor regions: 2->2(7)
[155.293s][info][gc,heap        ] GC(193) Old regions: 25->25
[155.293s][info][gc,heap        ] GC(193) Archive regions: 0->0
[155.293s][info][gc,heap        ] GC(193) Humongous regions: 0->0
[155.293s][info][gc,metaspace   ] GC(193) Metaspace: 9923K(10240K)->9923K(10240K) NonClass: 8619K(8832K)->8619K(8832K) Class: 1303K(1408K)->1303K(1408K)
[155.293s][info][gc             ] GC(193) Pause Young (Normal) (G1 Evacuation Pause) 53M->5M(1066M) 16.902ms
[155.293s][info][gc,cpu         ] GC(193) User=0.05s Sys=0.00s Real=0.03s
[158.255s][info][gc,start       ] GC(194) Pause Young (Normal) (G1 Evacuation Pause)
[158.255s][info][gc,task        ] GC(194) Using 25 workers of 33 for evacuation
[158.258s][info][gc,phases      ] GC(194)   Pre Evacuate Collection Set: 0.2ms
[158.258s][info][gc,phases      ] GC(194)   Merge Heap Roots: 0.4ms
[158.258s][info][gc,phases      ] GC(194)   Evacuate Collection Set: 1.6ms
[158.258s][info][gc,phases      ] GC(194)   Post Evacuate Collection Set: 0.8ms
[158.258s][info][gc,phases      ] GC(194)   Other: 0.2ms
[158.258s][info][gc,heap        ] GC(194) Eden regions: 637->0(637)
[158.258s][info][gc,heap        ] GC(194) Survivor regions: 2->2(80)
[158.258s][info][gc,heap        ] GC(194) Old regions: 25->25
[158.258s][info][gc,heap        ] GC(194) Archive regions: 0->0
[158.258s][info][gc,heap        ] GC(194) Humongous regions: 0->0
[158.258s][info][gc,metaspace   ] GC(194) Metaspace: 9923K(10240K)->9923K(10240K) NonClass: 8619K(8832K)->8619K(8832K) Class: 1303K(1408K)->1303K(1408K)
[158.259s][info][gc             ] GC(194) Pause Young (Normal) (G1 Evacuation Pause) 642M->5M(1066M) 3.767ms
[158.259s][info][gc,cpu         ] GC(194) User=0.00s Sys=0.00s Real=0.00s
[161.050s][info][gc,start       ] GC(195) Pause Young (Normal) (G1 Evacuation Pause)
[161.050s][info][gc,task        ] GC(195) Using 25 workers of 33 for evacuation
[161.053s][info][gc,phases      ] GC(195)   Pre Evacuate Collection Set: 0.2ms
[161.053s][info][gc,phases      ] GC(195)   Merge Heap Roots: 0.4ms
[161.053s][info][gc,phases      ] GC(195)   Evacuate Collection Set: 1.8ms
[161.053s][info][gc,phases      ] GC(195)   Post Evacuate Collection Set: 0.8ms
[161.053s][info][gc,phases      ] GC(195)   Other: 0.2ms
[161.054s][info][gc,heap        ] GC(195) Eden regions: 637->0(637)
[161.054s][info][gc,heap        ] GC(195) Survivor regions: 2->2(80)
[161.054s][info][gc,heap        ] GC(195) Old regions: 25->25
[161.054s][info][gc,heap        ] GC(195) Archive regions: 0->0
[161.054s][info][gc,heap        ] GC(195) Humongous regions: 0->0
[161.054s][info][gc,metaspace   ] GC(195) Metaspace: 9923K(10240K)->9923K(10240K) NonClass: 8619K(8832K)->8619K(8832K) Class: 1303K(1408K)->1303K(1408K)
[161.054s][info][gc             ] GC(195) Pause Young (Normal) (G1 Evacuation Pause) 642M->5M(1066M) 3.954ms
[161.054s][info][gc,cpu         ] GC(195) User=0.00s Sys=0.00s Real=0.00s
[161.222s][info][gc,start       ] GC(196) Pause Full (System.gc())
[161.222s][info][gc,task        ] GC(196) Using 25 workers of 33 for full compaction
[161.223s][info][gc,phases,start] GC(196) Phase 1: Mark live objects
[161.229s][info][gc,phases      ] GC(196) Phase 1: Mark live objects 5.586ms
[161.229s][info][gc,phases,start] GC(196) Phase 2: Prepare compaction
[161.233s][info][gc,phases      ] GC(196) Phase 2: Prepare compaction 4.226ms
[161.233s][info][gc,phases,start] GC(196) Phase 3: Adjust pointers
[161.236s][info][gc,phases      ] GC(196) Phase 3: Adjust pointers 3.277ms
[161.236s][info][gc,phases,start] GC(196) Phase 4: Compact heap
[161.237s][info][gc,phases      ] GC(196) Phase 4: Compact heap 0.415ms
[161.247s][info][gc,heap        ] GC(196) Eden regions: 39->0(50)
[161.247s][info][gc,heap        ] GC(196) Survivor regions: 2->0(80)
[161.247s][info][gc,heap        ] GC(196) Old regions: 25->25
[161.247s][info][gc,heap        ] GC(196) Archive regions: 0->0
[161.247s][info][gc,heap        ] GC(196) Humongous regions: 0->0
[161.247s][info][gc,metaspace   ] GC(196) Metaspace: 9923K(10240K)->9923K(10240K) NonClass: 8619K(8832K)->8619K(8832K) Class: 1303K(1408K)->1303K(1408K)
[161.247s][info][gc             ] GC(196) Pause Full (System.gc()) 44M->3M(84M) 25.173ms
[161.247s][info][gc,cpu         ] GC(196) User=0.02s Sys=0.00s Real=0.02s
[161.452s][info][gc,start       ] GC(197) Pause Young (Normal) (G1 Evacuation Pause)
[161.452s][info][gc,task        ] GC(197) Using 13 workers of 33 for evacuation
[161.454s][info][gc,phases      ] GC(197)   Pre Evacuate Collection Set: 0.1ms
[161.454s][info][gc,phases      ] GC(197)   Merge Heap Roots: 0.1ms
[161.454s][info][gc,phases      ] GC(197)   Evacuate Collection Set: 0.8ms
[161.454s][info][gc,phases      ] GC(197)   Post Evacuate Collection Set: 0.4ms
[161.454s][info][gc,phases      ] GC(197)   Other: 0.1ms
[161.454s][info][gc,heap        ] GC(197) Eden regions: 50->0(48)
[161.454s][info][gc,heap        ] GC(197) Survivor regions: 0->2(7)
[161.454s][info][gc,heap        ] GC(197) Old regions: 25->25
[161.454s][info][gc,heap        ] GC(197) Archive regions: 0->0
[161.454s][info][gc,heap        ] GC(197) Humongous regions: 0->0
[161.454s][info][gc,metaspace   ] GC(197) Metaspace: 9923K(10240K)->9923K(10240K) NonClass: 8619K(8832K)->8619K(8832K) Class: 1303K(1408K)->1303K(1408K)
[161.454s][info][gc             ] GC(197) Pause Young (Normal) (G1 Evacuation Pause) 53M->5M(84M) 2.079ms
[161.454s][info][gc,cpu         ] GC(197) User=0.00s Sys=0.00s Real=0.00s
[161.649s][info][gc,start       ] GC(198) Pause Young (Normal) (G1 Evacuation Pause)
[161.649s][info][gc,task        ] GC(198) Using 7 workers of 33 for evacuation
[161.650s][info][gc,phases      ] GC(198)   Pre Evacuate Collection Set: 0.1ms
[161.650s][info][gc,phases      ] GC(198)   Merge Heap Roots: 0.1ms
[161.650s][info][gc,phases      ] GC(198)   Evacuate Collection Set: 1.0ms
[161.650s][info][gc,phases      ] GC(198)   Post Evacuate Collection Set: 0.3ms
[161.650s][info][gc,phases      ] GC(198)   Other: 0.1ms
[161.650s][info][gc,heap        ] GC(198) Eden regions: 48->0(48)
[161.651s][info][gc,heap        ] GC(198) Survivor regions: 2->2(7)
[161.651s][info][gc,heap        ] GC(198) Old regions: 25->25
[161.651s][info][gc,heap        ] GC(198) Archive regions: 0->0
[161.651s][info][gc,heap        ] GC(198) Humongous regions: 0->0
[161.651s][info][gc,metaspace   ] GC(198) Metaspace: 9923K(10240K)->9923K(10240K) NonClass: 8619K(8832K)->8619K(8832K) Class: 1303K(1408K)->1303K(1408K)
[161.651s][info][gc             ] GC(198) Pause Young (Normal) (G1 Evacuation Pause) 53M->5M(84M) 2.189ms
[161.651s][info][gc,cpu         ] GC(198) User=0.02s Sys=0.00s Real=0.02s
[161.847s][info][gc,start       ] GC(199) Pause Young (Normal) (G1 Evacuation Pause)
[161.847s][info][gc,task        ] GC(199) Using 4 workers of 33 for evacuation
[161.850s][info][gc,phases      ] GC(199)   Pre Evacuate Collection Set: 0.1ms
[161.850s][info][gc,phases      ] GC(199)   Merge Heap Roots: 0.1ms
[161.850s][info][gc,phases      ] GC(199)   Evacuate Collection Set: 2.0ms
[161.850s][info][gc,phases      ] GC(199)   Post Evacuate Collection Set: 0.3ms
[161.850s][info][gc,phases      ] GC(199)   Other: 0.1ms
[161.850s][info][gc,heap        ] GC(199) Eden regions: 48->0(48)
[161.850s][info][gc,heap        ] GC(199) Survivor regions: 2->2(7)
[161.850s][info][gc,heap        ] GC(199) Old regions: 25->25
[161.850s][info][gc,heap        ] GC(199) Archive regions: 0->0
[161.850s][info][gc,heap        ] GC(199) Humongous regions: 0->0
[161.850s][info][gc,metaspace   ] GC(199) Metaspace: 9923K(10240K)->9923K(10240K) NonClass: 8619K(8832K)->8619K(8832K) Class: 1303K(1408K)->1303K(1408K)
[161.850s][info][gc             ] GC(199) Pause Young (Normal) (G1 Evacuation Pause) 53M->5M(84M) 3.171ms
[161.850s][info][gc,cpu         ] GC(199) User=0.00s Sys=0.00s Real=0.00s
[162.064s][info][gc,start       ] GC(200) Pause Young (Normal) (G1 Evacuation Pause)
[162.064s][info][gc,task        ] GC(200) Using 3 workers of 33 for evacuation
[162.067s][info][gc,phases      ] GC(200)   Pre Evacuate Collection Set: 0.1ms
[162.067s][info][gc,phases      ] GC(200)   Merge Heap Roots: 0.1ms
[162.067s][info][gc,phases      ] GC(200)   Evacuate Collection Set: 2.4ms
[162.067s][info][gc,phases      ] GC(200)   Post Evacuate Collection Set: 0.3ms
[162.067s][info][gc,phases      ] GC(200)   Other: 0.1ms
[162.067s][info][gc,heap        ] GC(200) Eden regions: 48->0(48)
[162.067s][info][gc,heap        ] GC(200) Survivor regions: 2->2(7)
[162.067s][info][gc,heap        ] GC(200) Old regions: 25->25
[162.067s][info][gc,heap        ] GC(200) Archive regions: 0->0
[162.067s][info][gc,heap        ] GC(200) Humongous regions: 0->0
[162.067s][info][gc,metaspace   ] GC(200) Metaspace: 9923K(10240K)->9923K(10240K) NonClass: 8619K(8832K)->8619K(8832K) Class: 1303K(1408K)->1303K(1408K)
[162.067s][info][gc             ] GC(200) Pause Young (Normal) (G1 Evacuation Pause) 53M->5M(84M) 3.586ms
[162.067s][info][gc,cpu         ] GC(200) User=0.00s Sys=0.00s Real=0.00s
[162.275s][info][gc,start       ] GC(201) Pause Young (Normal) (G1 Evacuation Pause)
[162.275s][info][gc,task        ] GC(201) Using 2 workers of 33 for evacuation
[162.279s][info][gc,phases      ] GC(201)   Pre Evacuate Collection Set: 0.1ms
[162.279s][info][gc,phases      ] GC(201)   Merge Heap Roots: 0.1ms
[162.280s][info][gc,phases      ] GC(201)   Evacuate Collection Set: 3.6ms
[162.280s][info][gc,phases      ] GC(201)   Post Evacuate Collection Set: 0.3ms
[162.280s][info][gc,phases      ] GC(201)   Other: 0.1ms
[162.280s][info][gc,heap        ] GC(201) Eden regions: 48->0(48)
[162.280s][info][gc,heap        ] GC(201) Survivor regions: 2->2(7)
[162.280s][info][gc,heap        ] GC(201) Old regions: 25->25
[162.280s][info][gc,heap        ] GC(201) Archive regions: 0->0
[162.280s][info][gc,heap        ] GC(201) Humongous regions: 0->0
[162.280s][info][gc,metaspace   ] GC(201) Metaspace: 9923K(10240K)->9923K(10240K) NonClass: 8619K(8832K)->8619K(8832K) Class: 1303K(1408K)->1303K(1408K)
[162.280s][info][gc             ] GC(201) Pause Young (Normal) (G1 Evacuation Pause) 53M->5M(84M) 4.778ms
[162.280s][info][gc,cpu         ] GC(201) User=0.00s Sys=0.00s Real=0.00s
[162.492s][info][gc,start       ] GC(202) Pause Young (Normal) (G1 Evacuation Pause)
[162.492s][info][gc,task        ] GC(202) Using 2 workers of 33 for evacuation
[162.509s][info][gc,phases      ] GC(202)   Pre Evacuate Collection Set: 0.1ms
[162.509s][info][gc,phases      ] GC(202)   Merge Heap Roots: 0.1ms
[162.509s][info][gc,phases      ] GC(202)   Evacuate Collection Set: 3.8ms
[162.509s][info][gc,phases      ] GC(202)   Post Evacuate Collection Set: 13.0ms
[162.509s][info][gc,phases      ] GC(202)   Other: 0.1ms
[162.509s][info][gc,heap        ] GC(202) Eden regions: 48->0(637)
[162.509s][info][gc,heap        ] GC(202) Survivor regions: 2->2(7)
[162.509s][info][gc,heap        ] GC(202) Old regions: 25->25
[162.509s][info][gc,heap        ] GC(202) Archive regions: 0->0
[162.509s][info][gc,heap        ] GC(202) Humongous regions: 0->0
[162.510s][info][gc,metaspace   ] GC(202) Metaspace: 9923K(10240K)->9923K(10240K) NonClass: 8619K(8832K)->8619K(8832K) Class: 1303K(1408K)->1303K(1408K)
[162.510s][info][gc             ] GC(202) Pause Young (Normal) (G1 Evacuation Pause) 53M->5M(1066M) 17.719ms
[162.510s][info][gc,cpu         ] GC(202) User=0.00s Sys=0.02s Real=0.02s
[165.446s][info][gc,start       ] GC(203) Pause Young (Normal) (G1 Evacuation Pause)
[165.446s][info][gc,task        ] GC(203) Using 25 workers of 33 for evacuation
[165.449s][info][gc,phases      ] GC(203)   Pre Evacuate Collection Set: 0.2ms
[165.449s][info][gc,phases      ] GC(203)   Merge Heap Roots: 0.3ms
[165.449s][info][gc,phases      ] GC(203)   Evacuate Collection Set: 1.6ms
[165.449s][info][gc,phases      ] GC(203)   Post Evacuate Collection Set: 0.7ms
[165.449s][info][gc,phases      ] GC(203)   Other: 0.1ms
[165.449s][info][gc,heap        ] GC(203) Eden regions: 637->0(637)
[165.449s][info][gc,heap        ] GC(203) Survivor regions: 2->2(80)
[165.449s][info][gc,heap        ] GC(203) Old regions: 25->25
[165.449s][info][gc,heap        ] GC(203) Archive regions: 0->0
[165.449s][info][gc,heap        ] GC(203) Humongous regions: 0->0
[165.449s][info][gc,metaspace   ] GC(203) Metaspace: 9923K(10240K)->9923K(10240K) NonClass: 8619K(8832K)->8619K(8832K) Class: 1303K(1408K)->1303K(1408K)
[165.449s][info][gc             ] GC(203) Pause Young (Normal) (G1 Evacuation Pause) 642M->5M(1066M) 3.333ms
[165.449s][info][gc,cpu         ] GC(203) User=0.00s Sys=0.00s Real=0.00s
[168.201s][info][gc,start       ] GC(204) Pause Young (Normal) (G1 Evacuation Pause)
[168.201s][info][gc,task        ] GC(204) Using 25 workers of 33 for evacuation
[168.204s][info][gc,phases      ] GC(204)   Pre Evacuate Collection Set: 0.2ms
[168.204s][info][gc,phases      ] GC(204)   Merge Heap Roots: 0.4ms
[168.204s][info][gc,phases      ] GC(204)   Evacuate Collection Set: 1.4ms
[168.204s][info][gc,phases      ] GC(204)   Post Evacuate Collection Set: 0.8ms
[168.204s][info][gc,phases      ] GC(204)   Other: 0.2ms
[168.204s][info][gc,heap        ] GC(204) Eden regions: 637->0(637)
[168.204s][info][gc,heap        ] GC(204) Survivor regions: 2->2(80)
[168.204s][info][gc,heap        ] GC(204) Old regions: 25->25
[168.204s][info][gc,heap        ] GC(204) Archive regions: 0->0
[168.204s][info][gc,heap        ] GC(204) Humongous regions: 0->0
[168.204s][info][gc,metaspace   ] GC(204) Metaspace: 9923K(10240K)->9923K(10240K) NonClass: 8619K(8832K)->8619K(8832K) Class: 1303K(1408K)->1303K(1408K)
[168.204s][info][gc             ] GC(204) Pause Young (Normal) (G1 Evacuation Pause) 642M->5M(1066M) 3.547ms
[168.204s][info][gc,cpu         ] GC(204) User=0.00s Sys=0.00s Real=0.00s
[168.341s][info][gc,start       ] GC(205) Pause Full (System.gc())
[168.341s][info][gc,task        ] GC(205) Using 25 workers of 33 for full compaction
[168.342s][info][gc,phases,start] GC(205) Phase 1: Mark live objects
[168.348s][info][gc,phases      ] GC(205) Phase 1: Mark live objects 5.730ms
[168.348s][info][gc,phases,start] GC(205) Phase 2: Prepare compaction
[168.352s][info][gc,phases      ] GC(205) Phase 2: Prepare compaction 3.978ms
[168.352s][info][gc,phases,start] GC(205) Phase 3: Adjust pointers
[168.356s][info][gc,phases      ] GC(205) Phase 3: Adjust pointers 4.213ms
[168.356s][info][gc,phases,start] GC(205) Phase 4: Compact heap
[168.357s][info][gc,phases      ] GC(205) Phase 4: Compact heap 0.531ms
[168.369s][info][gc,heap        ] GC(205) Eden regions: 34->0(50)
[168.369s][info][gc,heap        ] GC(205) Survivor regions: 2->0(80)
[168.369s][info][gc,heap        ] GC(205) Old regions: 25->25
[168.369s][info][gc,heap        ] GC(205) Archive regions: 0->0
[168.369s][info][gc,heap        ] GC(205) Humongous regions: 0->0
[168.369s][info][gc,metaspace   ] GC(205) Metaspace: 9923K(10240K)->9923K(10240K) NonClass: 8619K(8832K)->8619K(8832K) Class: 1303K(1408K)->1303K(1408K)
[168.369s][info][gc             ] GC(205) Pause Full (System.gc()) 38M->3M(84M) 28.132ms
[168.369s][info][gc,cpu         ] GC(205) User=0.39s Sys=0.00s Real=0.02s
[168.587s][info][gc,start       ] GC(206) Pause Young (Normal) (G1 Evacuation Pause)
[168.588s][info][gc,task        ] GC(206) Using 13 workers of 33 for evacuation
[168.589s][info][gc,phases      ] GC(206)   Pre Evacuate Collection Set: 0.1ms
[168.589s][info][gc,phases      ] GC(206)   Merge Heap Roots: 0.1ms
[168.589s][info][gc,phases      ] GC(206)   Evacuate Collection Set: 0.9ms
[168.589s][info][gc,phases      ] GC(206)   Post Evacuate Collection Set: 0.4ms
[168.589s][info][gc,phases      ] GC(206)   Other: 0.1ms
[168.589s][info][gc,heap        ] GC(206) Eden regions: 50->0(48)
[168.589s][info][gc,heap        ] GC(206) Survivor regions: 0->2(7)
[168.589s][info][gc,heap        ] GC(206) Old regions: 25->25
[168.589s][info][gc,heap        ] GC(206) Archive regions: 0->0
[168.589s][info][gc,heap        ] GC(206) Humongous regions: 0->0
[168.589s][info][gc,metaspace   ] GC(206) Metaspace: 9928K(10240K)->9928K(10240K) NonClass: 8624K(8832K)->8624K(8832K) Class: 1303K(1408K)->1303K(1408K)
[168.590s][info][gc             ] GC(206) Pause Young (Normal) (G1 Evacuation Pause) 53M->5M(84M) 2.136ms
[168.590s][info][gc,cpu         ] GC(206) User=0.00s Sys=0.00s Real=0.00s
[168.781s][info][gc,start       ] GC(207) Pause Young (Normal) (G1 Evacuation Pause)
[168.782s][info][gc,task        ] GC(207) Using 7 workers of 33 for evacuation
[168.783s][info][gc,phases      ] GC(207)   Pre Evacuate Collection Set: 0.1ms
[168.783s][info][gc,phases      ] GC(207)   Merge Heap Roots: 0.1ms
[168.783s][info][gc,phases      ] GC(207)   Evacuate Collection Set: 1.1ms
[168.783s][info][gc,phases      ] GC(207)   Post Evacuate Collection Set: 0.3ms
[168.783s][info][gc,phases      ] GC(207)   Other: 0.1ms
[168.784s][info][gc,heap        ] GC(207) Eden regions: 48->0(48)
[168.784s][info][gc,heap        ] GC(207) Survivor regions: 2->2(7)
[168.784s][info][gc,heap        ] GC(207) Old regions: 25->25
[168.784s][info][gc,heap        ] GC(207) Archive regions: 0->0
[168.784s][info][gc,heap        ] GC(207) Humongous regions: 0->0
[168.784s][info][gc,metaspace   ] GC(207) Metaspace: 9928K(10240K)->9928K(10240K) NonClass: 8624K(8832K)->8624K(8832K) Class: 1303K(1408K)->1303K(1408K)
[168.784s][info][gc             ] GC(207) Pause Young (Normal) (G1 Evacuation Pause) 53M->5M(84M) 2.254ms
[168.784s][info][gc,cpu         ] GC(207) User=0.00s Sys=0.00s Real=0.00s
[168.985s][info][gc,start       ] GC(208) Pause Young (Normal) (G1 Evacuation Pause)
[168.985s][info][gc,task        ] GC(208) Using 4 workers of 33 for evacuation
[168.987s][info][gc,phases      ] GC(208)   Pre Evacuate Collection Set: 0.1ms
[168.987s][info][gc,phases      ] GC(208)   Merge Heap Roots: 0.1ms
[168.988s][info][gc,phases      ] GC(208)   Evacuate Collection Set: 1.9ms
[168.988s][info][gc,phases      ] GC(208)   Post Evacuate Collection Set: 0.3ms
[168.988s][info][gc,phases      ] GC(208)   Other: 0.1ms
[168.988s][info][gc,heap        ] GC(208) Eden regions: 48->0(48)
[168.988s][info][gc,heap        ] GC(208) Survivor regions: 2->2(7)
[168.988s][info][gc,heap        ] GC(208) Old regions: 25->25
[168.988s][info][gc,heap        ] GC(208) Archive regions: 0->0
[168.988s][info][gc,heap        ] GC(208) Humongous regions: 0->0
[168.988s][info][gc,metaspace   ] GC(208) Metaspace: 9928K(10240K)->9928K(10240K) NonClass: 8624K(8832K)->8624K(8832K) Class: 1303K(1408K)->1303K(1408K)
[168.988s][info][gc             ] GC(208) Pause Young (Normal) (G1 Evacuation Pause) 53M->5M(84M) 3.120ms
[168.988s][info][gc,cpu         ] GC(208) User=0.00s Sys=0.00s Real=0.00s
[169.187s][info][gc,start       ] GC(209) Pause Young (Normal) (G1 Evacuation Pause)
[169.187s][info][gc,task        ] GC(209) Using 3 workers of 33 for evacuation
[169.190s][info][gc,phases      ] GC(209)   Pre Evacuate Collection Set: 0.1ms
[169.190s][info][gc,phases      ] GC(209)   Merge Heap Roots: 0.1ms
[169.191s][info][gc,phases      ] GC(209)   Evacuate Collection Set: 2.4ms
[169.191s][info][gc,phases      ] GC(209)   Post Evacuate Collection Set: 0.3ms
[169.191s][info][gc,phases      ] GC(209)   Other: 0.1ms
[169.191s][info][gc,heap        ] GC(209) Eden regions: 48->0(48)
[169.191s][info][gc,heap        ] GC(209) Survivor regions: 2->2(7)
[169.191s][info][gc,heap        ] GC(209) Old regions: 25->25
[169.191s][info][gc,heap        ] GC(209) Archive regions: 0->0
[169.191s][info][gc,heap        ] GC(209) Humongous regions: 0->0
[169.191s][info][gc,metaspace   ] GC(209) Metaspace: 9928K(10240K)->9928K(10240K) NonClass: 8624K(8832K)->8624K(8832K) Class: 1303K(1408K)->1303K(1408K)
[169.191s][info][gc             ] GC(209) Pause Young (Normal) (G1 Evacuation Pause) 53M->5M(84M) 3.587ms
[169.191s][info][gc,cpu         ] GC(209) User=0.00s Sys=0.00s Real=0.00s
[169.399s][info][gc,start       ] GC(210) Pause Young (Normal) (G1 Evacuation Pause)
[169.399s][info][gc,task        ] GC(210) Using 2 workers of 33 for evacuation
[169.404s][info][gc,phases      ] GC(210)   Pre Evacuate Collection Set: 0.1ms
[169.404s][info][gc,phases      ] GC(210)   Merge Heap Roots: 0.1ms
[169.404s][info][gc,phases      ] GC(210)   Evacuate Collection Set: 3.7ms
[169.404s][info][gc,phases      ] GC(210)   Post Evacuate Collection Set: 0.4ms
[169.404s][info][gc,phases      ] GC(210)   Other: 0.1ms
[169.404s][info][gc,heap        ] GC(210) Eden regions: 48->0(48)
[169.404s][info][gc,heap        ] GC(210) Survivor regions: 2->2(7)
[169.404s][info][gc,heap        ] GC(210) Old regions: 25->25
[169.404s][info][gc,heap        ] GC(210) Archive regions: 0->0
[169.404s][info][gc,heap        ] GC(210) Humongous regions: 0->0
[169.404s][info][gc,metaspace   ] GC(210) Metaspace: 9928K(10240K)->9928K(10240K) NonClass: 8624K(8832K)->8624K(8832K) Class: 1303K(1408K)->1303K(1408K)
[169.404s][info][gc             ] GC(210) Pause Young (Normal) (G1 Evacuation Pause) 53M->5M(84M) 4.962ms
[169.404s][info][gc,cpu         ] GC(210) User=0.03s Sys=0.00s Real=0.02s
[169.613s][info][gc,start       ] GC(211) Pause Young (Normal) (G1 Evacuation Pause)
[169.613s][info][gc,task        ] GC(211) Using 2 workers of 33 for evacuation
[169.630s][info][gc,phases      ] GC(211)   Pre Evacuate Collection Set: 0.1ms
[169.630s][info][gc,phases      ] GC(211)   Merge Heap Roots: 0.1ms
[169.630s][info][gc,phases      ] GC(211)   Evacuate Collection Set: 3.5ms
[169.630s][info][gc,phases      ] GC(211)   Post Evacuate Collection Set: 13.1ms
[169.630s][info][gc,phases      ] GC(211)   Other: 0.1ms
[169.630s][info][gc,heap        ] GC(211) Eden regions: 48->0(637)
[169.630s][info][gc,heap        ] GC(211) Survivor regions: 2->2(7)
[169.630s][info][gc,heap        ] GC(211) Old regions: 25->25
[169.630s][info][gc,heap        ] GC(211) Archive regions: 0->0
[169.630s][info][gc,heap        ] GC(211) Humongous regions: 0->0
[169.630s][info][gc,metaspace   ] GC(211) Metaspace: 9928K(10240K)->9928K(10240K) NonClass: 8624K(8832K)->8624K(8832K) Class: 1303K(1408K)->1303K(1408K)
[169.630s][info][gc             ] GC(211) Pause Young (Normal) (G1 Evacuation Pause) 53M->5M(1066M) 17.470ms
[169.630s][info][gc,cpu         ] GC(211) User=0.02s Sys=0.00s Real=0.02s
[172.597s][info][gc,start       ] GC(212) Pause Young (Normal) (G1 Evacuation Pause)
[172.598s][info][gc,task        ] GC(212) Using 25 workers of 33 for evacuation
[172.601s][info][gc,phases      ] GC(212)   Pre Evacuate Collection Set: 0.2ms
[172.601s][info][gc,phases      ] GC(212)   Merge Heap Roots: 0.4ms
[172.601s][info][gc,phases      ] GC(212)   Evacuate Collection Set: 1.7ms
[172.601s][info][gc,phases      ] GC(212)   Post Evacuate Collection Set: 0.8ms
[172.601s][info][gc,phases      ] GC(212)   Other: 0.2ms
[172.601s][info][gc,heap        ] GC(212) Eden regions: 637->0(637)
[172.601s][info][gc,heap        ] GC(212) Survivor regions: 2->2(80)
[172.601s][info][gc,heap        ] GC(212) Old regions: 25->25
[172.601s][info][gc,heap        ] GC(212) Archive regions: 0->0
[172.601s][info][gc,heap        ] GC(212) Humongous regions: 0->0
[172.601s][info][gc,metaspace   ] GC(212) Metaspace: 9928K(10240K)->9928K(10240K) NonClass: 8624K(8832K)->8624K(8832K) Class: 1303K(1408K)->1303K(1408K)
[172.601s][info][gc             ] GC(212) Pause Young (Normal) (G1 Evacuation Pause) 642M->5M(1066M) 3.882ms
[172.601s][info][gc,cpu         ] GC(212) User=0.00s Sys=0.00s Real=0.00s
[175.378s][info][gc,start       ] GC(213) Pause Young (Normal) (G1 Evacuation Pause)
[175.378s][info][gc,task        ] GC(213) Using 25 workers of 33 for evacuation
[175.381s][info][gc,phases      ] GC(213)   Pre Evacuate Collection Set: 0.2ms
[175.381s][info][gc,phases      ] GC(213)   Merge Heap Roots: 0.4ms
[175.381s][info][gc,phases      ] GC(213)   Evacuate Collection Set: 1.6ms
[175.381s][info][gc,phases      ] GC(213)   Post Evacuate Collection Set: 0.8ms
[175.381s][info][gc,phases      ] GC(213)   Other: 0.2ms
[175.381s][info][gc,heap        ] GC(213) Eden regions: 637->0(637)
[175.381s][info][gc,heap        ] GC(213) Survivor regions: 2->2(80)
[175.381s][info][gc,heap        ] GC(213) Old regions: 25->25
[175.382s][info][gc,heap        ] GC(213) Archive regions: 0->0
[175.382s][info][gc,heap        ] GC(213) Humongous regions: 0->0
[175.382s][info][gc,metaspace   ] GC(213) Metaspace: 9928K(10240K)->9928K(10240K) NonClass: 8624K(8832K)->8624K(8832K) Class: 1303K(1408K)->1303K(1408K)
[175.382s][info][gc             ] GC(213) Pause Young (Normal) (G1 Evacuation Pause) 642M->5M(1066M) 3.828ms
[175.382s][info][gc,cpu         ] GC(213) User=0.00s Sys=0.00s Real=0.00s
[175.540s][info][gc,start       ] GC(214) Pause Full (System.gc())
[175.540s][info][gc,task        ] GC(214) Using 25 workers of 33 for full compaction
[175.541s][info][gc,phases,start] GC(214) Phase 1: Mark live objects
[175.546s][info][gc,phases      ] GC(214) Phase 1: Mark live objects 5.289ms
[175.546s][info][gc,phases,start] GC(214) Phase 2: Prepare compaction
[175.551s][info][gc,phases      ] GC(214) Phase 2: Prepare compaction 4.276ms
[175.551s][info][gc,phases,start] GC(214) Phase 3: Adjust pointers
[175.555s][info][gc,phases      ] GC(214) Phase 3: Adjust pointers 4.222ms
[175.555s][info][gc,phases,start] GC(214) Phase 4: Compact heap
[175.555s][info][gc,phases      ] GC(214) Phase 4: Compact heap 0.586ms
[175.569s][info][gc,heap        ] GC(214) Eden regions: 38->0(50)
[175.569s][info][gc,heap        ] GC(214) Survivor regions: 2->0(80)
[175.569s][info][gc,heap        ] GC(214) Old regions: 25->25
[175.569s][info][gc,heap        ] GC(214) Archive regions: 0->0
[175.569s][info][gc,heap        ] GC(214) Humongous regions: 0->0
[175.569s][info][gc,metaspace   ] GC(214) Metaspace: 9931K(10240K)->9931K(10240K) NonClass: 8627K(8832K)->8627K(8832K) Class: 1303K(1408K)->1303K(1408K)
[175.569s][info][gc             ] GC(214) Pause Full (System.gc()) 43M->3M(84M) 29.638ms
[175.569s][info][gc,cpu         ] GC(214) User=0.41s Sys=0.25s Real=0.03s
[175.810s][info][gc,start       ] GC(215) Pause Young (Normal) (G1 Evacuation Pause)
[175.810s][info][gc,task        ] GC(215) Using 13 workers of 33 for evacuation
[175.811s][info][gc,phases      ] GC(215)   Pre Evacuate Collection Set: 0.1ms
[175.811s][info][gc,phases      ] GC(215)   Merge Heap Roots: 0.1ms
[175.812s][info][gc,phases      ] GC(215)   Evacuate Collection Set: 0.8ms
[175.812s][info][gc,phases      ] GC(215)   Post Evacuate Collection Set: 0.3ms
[175.812s][info][gc,phases      ] GC(215)   Other: 0.1ms
[175.812s][info][gc,heap        ] GC(215) Eden regions: 50->0(48)
[175.812s][info][gc,heap        ] GC(215) Survivor regions: 0->2(7)
[175.812s][info][gc,heap        ] GC(215) Old regions: 25->25
[175.812s][info][gc,heap        ] GC(215) Archive regions: 0->0
[175.812s][info][gc,heap        ] GC(215) Humongous regions: 0->0
[175.812s][info][gc,metaspace   ] GC(215) Metaspace: 9931K(10240K)->9931K(10240K) NonClass: 8627K(8832K)->8627K(8832K) Class: 1303K(1408K)->1303K(1408K)
[175.812s][info][gc             ] GC(215) Pause Young (Normal) (G1 Evacuation Pause) 53M->5M(84M) 1.604ms
[175.812s][info][gc,cpu         ] GC(215) User=0.00s Sys=0.00s Real=0.00s
[176.004s][info][gc,start       ] GC(216) Pause Young (Normal) (G1 Evacuation Pause)
[176.004s][info][gc,task        ] GC(216) Using 7 workers of 33 for evacuation
[176.006s][info][gc,phases      ] GC(216)   Pre Evacuate Collection Set: 0.1ms
[176.006s][info][gc,phases      ] GC(216)   Merge Heap Roots: 0.1ms
[176.006s][info][gc,phases      ] GC(216)   Evacuate Collection Set: 1.1ms
[176.006s][info][gc,phases      ] GC(216)   Post Evacuate Collection Set: 0.3ms
[176.006s][info][gc,phases      ] GC(216)   Other: 0.1ms
[176.006s][info][gc,heap        ] GC(216) Eden regions: 48->0(48)
[176.006s][info][gc,heap        ] GC(216) Survivor regions: 2->2(7)
[176.006s][info][gc,heap        ] GC(216) Old regions: 25->25
[176.006s][info][gc,heap        ] GC(216) Archive regions: 0->0
[176.006s][info][gc,heap        ] GC(216) Humongous regions: 0->0
[176.006s][info][gc,metaspace   ] GC(216) Metaspace: 9931K(10240K)->9931K(10240K) NonClass: 8627K(8832K)->8627K(8832K) Class: 1303K(1408K)->1303K(1408K)
[176.007s][info][gc             ] GC(216) Pause Young (Normal) (G1 Evacuation Pause) 53M->5M(84M) 2.261ms
[176.007s][info][gc,cpu         ] GC(216) User=0.00s Sys=0.00s Real=0.00s
[176.214s][info][gc,start       ] GC(217) Pause Young (Normal) (G1 Evacuation Pause)
[176.215s][info][gc,task        ] GC(217) Using 4 workers of 33 for evacuation
[176.217s][info][gc,phases      ] GC(217)   Pre Evacuate Collection Set: 0.1ms
[176.217s][info][gc,phases      ] GC(217)   Merge Heap Roots: 0.1ms
[176.217s][info][gc,phases      ] GC(217)   Evacuate Collection Set: 1.9ms
[176.217s][info][gc,phases      ] GC(217)   Post Evacuate Collection Set: 0.3ms
[176.217s][info][gc,phases      ] GC(217)   Other: 0.1ms
[176.217s][info][gc,heap        ] GC(217) Eden regions: 48->0(48)
[176.217s][info][gc,heap        ] GC(217) Survivor regions: 2->2(7)
[176.217s][info][gc,heap        ] GC(217) Old regions: 25->25
[176.217s][info][gc,heap        ] GC(217) Archive regions: 0->0
[176.217s][info][gc,heap        ] GC(217) Humongous regions: 0->0
[176.217s][info][gc,metaspace   ] GC(217) Metaspace: 9931K(10240K)->9931K(10240K) NonClass: 8627K(8832K)->8627K(8832K) Class: 1303K(1408K)->1303K(1408K)
[176.217s][info][gc             ] GC(217) Pause Young (Normal) (G1 Evacuation Pause) 53M->5M(84M) 2.987ms
[176.217s][info][gc,cpu         ] GC(217) User=0.00s Sys=0.00s Real=0.00s
[176.426s][info][gc,start       ] GC(218) Pause Young (Normal) (G1 Evacuation Pause)
[176.426s][info][gc,task        ] GC(218) Using 3 workers of 33 for evacuation
[176.429s][info][gc,phases      ] GC(218)   Pre Evacuate Collection Set: 0.1ms
[176.429s][info][gc,phases      ] GC(218)   Merge Heap Roots: 0.1ms
[176.429s][info][gc,phases      ] GC(218)   Evacuate Collection Set: 2.2ms
[176.429s][info][gc,phases      ] GC(218)   Post Evacuate Collection Set: 0.3ms
[176.429s][info][gc,phases      ] GC(218)   Other: 0.1ms
[176.429s][info][gc,heap        ] GC(218) Eden regions: 48->0(48)
[176.429s][info][gc,heap        ] GC(218) Survivor regions: 2->2(7)
[176.429s][info][gc,heap        ] GC(218) Old regions: 25->25
[176.429s][info][gc,heap        ] GC(218) Archive regions: 0->0
[176.429s][info][gc,heap        ] GC(218) Humongous regions: 0->0
[176.429s][info][gc,metaspace   ] GC(218) Metaspace: 9931K(10240K)->9931K(10240K) NonClass: 8627K(8832K)->8627K(8832K) Class: 1303K(1408K)->1303K(1408K)
[176.429s][info][gc             ] GC(218) Pause Young (Normal) (G1 Evacuation Pause) 53M->5M(84M) 3.354ms
[176.429s][info][gc,cpu         ] GC(218) User=0.00s Sys=0.00s Real=0.00s
[176.640s][info][gc,start       ] GC(219) Pause Young (Normal) (G1 Evacuation Pause)
[176.640s][info][gc,task        ] GC(219) Using 2 workers of 33 for evacuation
[176.644s][info][gc,phases      ] GC(219)   Pre Evacuate Collection Set: 0.1ms
[176.644s][info][gc,phases      ] GC(219)   Merge Heap Roots: 0.1ms
[176.644s][info][gc,phases      ] GC(219)   Evacuate Collection Set: 3.6ms
[176.644s][info][gc,phases      ] GC(219)   Post Evacuate Collection Set: 0.4ms
[176.644s][info][gc,phases      ] GC(219)   Other: 0.1ms
[176.644s][info][gc,heap        ] GC(219) Eden regions: 48->0(48)
[176.644s][info][gc,heap        ] GC(219) Survivor regions: 2->2(7)
[176.645s][info][gc,heap        ] GC(219) Old regions: 25->25
[176.645s][info][gc,heap        ] GC(219) Archive regions: 0->0
[176.645s][info][gc,heap        ] GC(219) Humongous regions: 0->0
[176.645s][info][gc,metaspace   ] GC(219) Metaspace: 9931K(10240K)->9931K(10240K) NonClass: 8627K(8832K)->8627K(8832K) Class: 1303K(1408K)->1303K(1408K)
[176.645s][info][gc             ] GC(219) Pause Young (Normal) (G1 Evacuation Pause) 53M->5M(84M) 4.729ms
[176.645s][info][gc,cpu         ] GC(219) User=0.00s Sys=0.00s Real=0.00s
[176.846s][info][gc,start       ] GC(220) Pause Young (Normal) (G1 Evacuation Pause)
[176.846s][info][gc,task        ] GC(220) Using 2 workers of 33 for evacuation
[176.863s][info][gc,phases      ] GC(220)   Pre Evacuate Collection Set: 0.1ms
[176.863s][info][gc,phases      ] GC(220)   Merge Heap Roots: 0.1ms
[176.863s][info][gc,phases      ] GC(220)   Evacuate Collection Set: 3.6ms
[176.863s][info][gc,phases      ] GC(220)   Post Evacuate Collection Set: 13.1ms
[176.863s][info][gc,phases      ] GC(220)   Other: 0.1ms
[176.863s][info][gc,heap        ] GC(220) Eden regions: 48->0(637)
[176.863s][info][gc,heap        ] GC(220) Survivor regions: 2->2(7)
[176.864s][info][gc,heap        ] GC(220) Old regions: 25->25
[176.864s][info][gc,heap        ] GC(220) Archive regions: 0->0
[176.864s][info][gc,heap        ] GC(220) Humongous regions: 0->0
[176.864s][info][gc,metaspace   ] GC(220) Metaspace: 9931K(10240K)->9931K(10240K) NonClass: 8627K(8832K)->8627K(8832K) Class: 1303K(1408K)->1303K(1408K)
[176.864s][info][gc             ] GC(220) Pause Young (Normal) (G1 Evacuation Pause) 53M->5M(1066M) 17.548ms
[176.864s][info][gc,cpu         ] GC(220) User=0.03s Sys=0.02s Real=0.03s
[179.819s][info][gc,start       ] GC(221) Pause Young (Normal) (G1 Evacuation Pause)
[179.819s][info][gc,task        ] GC(221) Using 25 workers of 33 for evacuation
[179.823s][info][gc,phases      ] GC(221)   Pre Evacuate Collection Set: 0.2ms
[179.823s][info][gc,phases      ] GC(221)   Merge Heap Roots: 0.4ms
[179.823s][info][gc,phases      ] GC(221)   Evacuate Collection Set: 1.6ms
[179.823s][info][gc,phases      ] GC(221)   Post Evacuate Collection Set: 0.8ms
[179.823s][info][gc,phases      ] GC(221)   Other: 0.2ms
[179.823s][info][gc,heap        ] GC(221) Eden regions: 637->0(637)
[179.823s][info][gc,heap        ] GC(221) Survivor regions: 2->2(80)
[179.823s][info][gc,heap        ] GC(221) Old regions: 25->25
[179.823s][info][gc,heap        ] GC(221) Archive regions: 0->0
[179.823s][info][gc,heap        ] GC(221) Humongous regions: 0->0
[179.823s][info][gc,metaspace   ] GC(221) Metaspace: 9931K(10240K)->9931K(10240K) NonClass: 8627K(8832K)->8627K(8832K) Class: 1303K(1408K)->1303K(1408K)
[179.823s][info][gc             ] GC(221) Pause Young (Normal) (G1 Evacuation Pause) 642M->5M(1066M) 3.778ms
[179.823s][info][gc,cpu         ] GC(221) User=0.00s Sys=0.00s Real=0.00s
[182.623s][info][gc,start       ] GC(222) Pause Young (Normal) (G1 Evacuation Pause)
[182.623s][info][gc,task        ] GC(222) Using 25 workers of 33 for evacuation
[182.626s][info][gc,phases      ] GC(222)   Pre Evacuate Collection Set: 0.2ms
[182.626s][info][gc,phases      ] GC(222)   Merge Heap Roots: 0.4ms
[182.626s][info][gc,phases      ] GC(222)   Evacuate Collection Set: 1.6ms
[182.626s][info][gc,phases      ] GC(222)   Post Evacuate Collection Set: 0.8ms
[182.626s][info][gc,phases      ] GC(222)   Other: 0.2ms
[182.627s][info][gc,heap        ] GC(222) Eden regions: 637->0(637)
[182.627s][info][gc,heap        ] GC(222) Survivor regions: 2->2(80)
[182.627s][info][gc,heap        ] GC(222) Old regions: 25->25
[182.627s][info][gc,heap        ] GC(222) Archive regions: 0->0
[182.627s][info][gc,heap        ] GC(222) Humongous regions: 0->0
[182.627s][info][gc,metaspace   ] GC(222) Metaspace: 9931K(10240K)->9931K(10240K) NonClass: 8627K(8832K)->8627K(8832K) Class: 1303K(1408K)->1303K(1408K)
[182.627s][info][gc             ] GC(222) Pause Young (Normal) (G1 Evacuation Pause) 642M->5M(1066M) 3.708ms
[182.627s][info][gc,cpu         ] GC(222) User=0.00s Sys=0.00s Real=0.00s
[182.791s][info][gc,start       ] GC(223) Pause Full (System.gc())
[182.791s][info][gc,task        ] GC(223) Using 25 workers of 33 for full compaction
[182.792s][info][gc,phases,start] GC(223) Phase 1: Mark live objects
[182.798s][info][gc,phases      ] GC(223) Phase 1: Mark live objects 5.978ms
[182.799s][info][gc,phases,start] GC(223) Phase 2: Prepare compaction
[182.803s][info][gc,phases      ] GC(223) Phase 2: Prepare compaction 4.256ms
[182.803s][info][gc,phases,start] GC(223) Phase 3: Adjust pointers
[182.807s][info][gc,phases      ] GC(223) Phase 3: Adjust pointers 3.937ms
[182.807s][info][gc,phases,start] GC(223) Phase 4: Compact heap
[182.807s][info][gc,phases      ] GC(223) Phase 4: Compact heap 0.579ms
[182.820s][info][gc,heap        ] GC(223) Eden regions: 41->0(50)
[182.820s][info][gc,heap        ] GC(223) Survivor regions: 2->0(80)
[182.820s][info][gc,heap        ] GC(223) Old regions: 25->25
[182.820s][info][gc,heap        ] GC(223) Archive regions: 0->0
[182.820s][info][gc,heap        ] GC(223) Humongous regions: 0->0
[182.820s][info][gc,metaspace   ] GC(223) Metaspace: 9931K(10240K)->9931K(10240K) NonClass: 8627K(8832K)->8627K(8832K) Class: 1303K(1408K)->1303K(1408K)
[182.820s][info][gc             ] GC(223) Pause Full (System.gc()) 46M->3M(84M) 29.254ms
[182.820s][info][gc,cpu         ] GC(223) User=0.03s Sys=0.39s Real=0.03s
[183.030s][info][gc,start       ] GC(224) Pause Young (Normal) (G1 Evacuation Pause)
[183.030s][info][gc,task        ] GC(224) Using 13 workers of 33 for evacuation
[183.032s][info][gc,phases      ] GC(224)   Pre Evacuate Collection Set: 0.1ms
[183.032s][info][gc,phases      ] GC(224)   Merge Heap Roots: 0.1ms
[183.032s][info][gc,phases      ] GC(224)   Evacuate Collection Set: 0.9ms
[183.032s][info][gc,phases      ] GC(224)   Post Evacuate Collection Set: 0.4ms
[183.032s][info][gc,phases      ] GC(224)   Other: 0.1ms
[183.032s][info][gc,heap        ] GC(224) Eden regions: 50->0(48)
[183.032s][info][gc,heap        ] GC(224) Survivor regions: 0->2(7)
[183.032s][info][gc,heap        ] GC(224) Old regions: 25->25
[183.032s][info][gc,heap        ] GC(224) Archive regions: 0->0
[183.032s][info][gc,heap        ] GC(224) Humongous regions: 0->0
[183.032s][info][gc,metaspace   ] GC(224) Metaspace: 9932K(10240K)->9932K(10240K) NonClass: 8628K(8832K)->8628K(8832K) Class: 1303K(1408K)->1303K(1408K)
[183.032s][info][gc             ] GC(224) Pause Young (Normal) (G1 Evacuation Pause) 53M->5M(84M) 2.172ms
[183.032s][info][gc,cpu         ] GC(224) User=0.00s Sys=0.00s Real=0.00s
[183.241s][info][gc,start       ] GC(225) Pause Young (Normal) (G1 Evacuation Pause)
[183.241s][info][gc,task        ] GC(225) Using 7 workers of 33 for evacuation
[183.243s][info][gc,phases      ] GC(225)   Pre Evacuate Collection Set: 0.1ms
[183.243s][info][gc,phases      ] GC(225)   Merge Heap Roots: 0.1ms
[183.243s][info][gc,phases      ] GC(225)   Evacuate Collection Set: 1.1ms
[183.243s][info][gc,phases      ] GC(225)   Post Evacuate Collection Set: 0.3ms
[183.243s][info][gc,phases      ] GC(225)   Other: 0.1ms
[183.243s][info][gc,heap        ] GC(225) Eden regions: 48->0(48)
[183.243s][info][gc,heap        ] GC(225) Survivor regions: 2->2(7)
[183.243s][info][gc,heap        ] GC(225) Old regions: 25->25
[183.243s][info][gc,heap        ] GC(225) Archive regions: 0->0
[183.243s][info][gc,heap        ] GC(225) Humongous regions: 0->0
[183.243s][info][gc,metaspace   ] GC(225) Metaspace: 9932K(10240K)->9932K(10240K) NonClass: 8628K(8832K)->8628K(8832K) Class: 1303K(1408K)->1303K(1408K)
[183.243s][info][gc             ] GC(225) Pause Young (Normal) (G1 Evacuation Pause) 53M->5M(84M) 2.214ms
[183.243s][info][gc,cpu         ] GC(225) User=0.00s Sys=0.00s Real=0.00s
[183.448s][info][gc,start       ] GC(226) Pause Young (Normal) (G1 Evacuation Pause)
[183.448s][info][gc,task        ] GC(226) Using 4 workers of 33 for evacuation
[183.450s][info][gc,phases      ] GC(226)   Pre Evacuate Collection Set: 0.1ms
[183.450s][info][gc,phases      ] GC(226)   Merge Heap Roots: 0.1ms
[183.450s][info][gc,phases      ] GC(226)   Evacuate Collection Set: 1.7ms
[183.450s][info][gc,phases      ] GC(226)   Post Evacuate Collection Set: 0.3ms
[183.451s][info][gc,phases      ] GC(226)   Other: 0.1ms
[183.451s][info][gc,heap        ] GC(226) Eden regions: 48->0(48)
[183.451s][info][gc,heap        ] GC(226) Survivor regions: 2->2(7)
[183.451s][info][gc,heap        ] GC(226) Old regions: 25->25
[183.451s][info][gc,heap        ] GC(226) Archive regions: 0->0
[183.451s][info][gc,heap        ] GC(226) Humongous regions: 0->0
[183.451s][info][gc,metaspace   ] GC(226) Metaspace: 9932K(10240K)->9932K(10240K) NonClass: 8628K(8832K)->8628K(8832K) Class: 1303K(1408K)->1303K(1408K)
[183.451s][info][gc             ] GC(226) Pause Young (Normal) (G1 Evacuation Pause) 53M->5M(84M) 2.918ms
[183.451s][info][gc,cpu         ] GC(226) User=0.06s Sys=0.00s Real=0.02s
[183.659s][info][gc,start       ] GC(227) Pause Young (Normal) (G1 Evacuation Pause)
[183.659s][info][gc,task        ] GC(227) Using 3 workers of 33 for evacuation
[183.662s][info][gc,phases      ] GC(227)   Pre Evacuate Collection Set: 0.1ms
[183.663s][info][gc,phases      ] GC(227)   Merge Heap Roots: 0.1ms
[183.663s][info][gc,phases      ] GC(227)   Evacuate Collection Set: 2.4ms
[183.663s][info][gc,phases      ] GC(227)   Post Evacuate Collection Set: 0.3ms
[183.663s][info][gc,phases      ] GC(227)   Other: 0.1ms
[183.663s][info][gc,heap        ] GC(227) Eden regions: 48->0(48)
[183.663s][info][gc,heap        ] GC(227) Survivor regions: 2->2(7)
[183.663s][info][gc,heap        ] GC(227) Old regions: 25->25
[183.663s][info][gc,heap        ] GC(227) Archive regions: 0->0
[183.663s][info][gc,heap        ] GC(227) Humongous regions: 0->0
[183.663s][info][gc,metaspace   ] GC(227) Metaspace: 9932K(10240K)->9932K(10240K) NonClass: 8628K(8832K)->8628K(8832K) Class: 1303K(1408K)->1303K(1408K)
[183.663s][info][gc             ] GC(227) Pause Young (Normal) (G1 Evacuation Pause) 53M->5M(84M) 3.549ms
[183.663s][info][gc,cpu         ] GC(227) User=0.00s Sys=0.00s Real=0.00s
[183.864s][info][gc,start       ] GC(228) Pause Young (Normal) (G1 Evacuation Pause)
[183.864s][info][gc,task        ] GC(228) Using 2 workers of 33 for evacuation
[183.881s][info][gc,phases      ] GC(228)   Pre Evacuate Collection Set: 0.1ms
[183.881s][info][gc,phases      ] GC(228)   Merge Heap Roots: 0.1ms
[183.881s][info][gc,phases      ] GC(228)   Evacuate Collection Set: 3.6ms
[183.881s][info][gc,phases      ] GC(228)   Post Evacuate Collection Set: 13.0ms
[183.881s][info][gc,phases      ] GC(228)   Other: 0.1ms
[183.881s][info][gc,heap        ] GC(228) Eden regions: 48->0(637)
[183.881s][info][gc,heap        ] GC(228) Survivor regions: 2->2(7)
[183.881s][info][gc,heap        ] GC(228) Old regions: 25->25
[183.881s][info][gc,heap        ] GC(228) Archive regions: 0->0
[183.881s][info][gc,heap        ] GC(228) Humongous regions: 0->0
[183.881s][info][gc,metaspace   ] GC(228) Metaspace: 9932K(10240K)->9932K(10240K) NonClass: 8628K(8832K)->8628K(8832K) Class: 1303K(1408K)->1303K(1408K)
[183.881s][info][gc             ] GC(228) Pause Young (Normal) (G1 Evacuation Pause) 53M->5M(1066M) 17.467ms
[183.881s][info][gc,cpu         ] GC(228) User=0.00s Sys=0.02s Real=0.01s
[186.861s][info][gc,start       ] GC(229) Pause Young (Normal) (G1 Evacuation Pause)
[186.861s][info][gc,task        ] GC(229) Using 25 workers of 33 for evacuation
[186.864s][info][gc,phases      ] GC(229)   Pre Evacuate Collection Set: 0.2ms
[186.864s][info][gc,phases      ] GC(229)   Merge Heap Roots: 0.4ms
[186.864s][info][gc,phases      ] GC(229)   Evacuate Collection Set: 1.7ms
[186.864s][info][gc,phases      ] GC(229)   Post Evacuate Collection Set: 0.8ms
[186.864s][info][gc,phases      ] GC(229)   Other: 0.2ms
[186.864s][info][gc,heap        ] GC(229) Eden regions: 637->0(637)
[186.864s][info][gc,heap        ] GC(229) Survivor regions: 2->2(80)
[186.864s][info][gc,heap        ] GC(229) Old regions: 25->25
[186.865s][info][gc,heap        ] GC(229) Archive regions: 0->0
[186.865s][info][gc,heap        ] GC(229) Humongous regions: 0->0
[186.865s][info][gc,metaspace   ] GC(229) Metaspace: 9932K(10240K)->9932K(10240K) NonClass: 8628K(8832K)->8628K(8832K) Class: 1303K(1408K)->1303K(1408K)
[186.865s][info][gc             ] GC(229) Pause Young (Normal) (G1 Evacuation Pause) 642M->5M(1066M) 3.822ms
[186.865s][info][gc,cpu         ] GC(229) User=0.00s Sys=0.00s Real=0.00s
[189.679s][info][gc,start       ] GC(230) Pause Young (Normal) (G1 Evacuation Pause)
[189.679s][info][gc,task        ] GC(230) Using 25 workers of 33 for evacuation
[189.683s][info][gc,phases      ] GC(230)   Pre Evacuate Collection Set: 0.2ms
[189.683s][info][gc,phases      ] GC(230)   Merge Heap Roots: 0.4ms
[189.683s][info][gc,phases      ] GC(230)   Evacuate Collection Set: 1.7ms
[189.683s][info][gc,phases      ] GC(230)   Post Evacuate Collection Set: 0.8ms
[189.683s][info][gc,phases      ] GC(230)   Other: 0.2ms
[189.683s][info][gc,heap        ] GC(230) Eden regions: 637->0(637)
[189.683s][info][gc,heap        ] GC(230) Survivor regions: 2->2(80)
[189.683s][info][gc,heap        ] GC(230) Old regions: 25->25
[189.683s][info][gc,heap        ] GC(230) Archive regions: 0->0
[189.683s][info][gc,heap        ] GC(230) Humongous regions: 0->0
[189.683s][info][gc,metaspace   ] GC(230) Metaspace: 9932K(10240K)->9932K(10240K) NonClass: 8628K(8832K)->8628K(8832K) Class: 1303K(1408K)->1303K(1408K)
[189.683s][info][gc             ] GC(230) Pause Young (Normal) (G1 Evacuation Pause) 642M->5M(1066M) 3.838ms
[189.683s][info][gc,cpu         ] GC(230) User=0.00s Sys=0.00s Real=0.00s
[190.045s][info][gc,start       ] GC(231) Pause Full (System.gc())
[190.045s][info][gc,task        ] GC(231) Using 25 workers of 33 for full compaction
[190.047s][info][gc,phases,start] GC(231) Phase 1: Mark live objects
[190.052s][info][gc,phases      ] GC(231) Phase 1: Mark live objects 5.472ms
[190.052s][info][gc,phases,start] GC(231) Phase 2: Prepare compaction
[190.057s][info][gc,phases      ] GC(231) Phase 2: Prepare compaction 4.647ms
[190.057s][info][gc,phases,start] GC(231) Phase 3: Adjust pointers
[190.061s][info][gc,phases      ] GC(231) Phase 3: Adjust pointers 4.232ms
[190.061s][info][gc,phases,start] GC(231) Phase 4: Compact heap
[190.062s][info][gc,phases      ] GC(231) Phase 4: Compact heap 0.541ms
[190.074s][info][gc,heap        ] GC(231) Eden regions: 82->0(50)
[190.074s][info][gc,heap        ] GC(231) Survivor regions: 2->0(80)
[190.074s][info][gc,heap        ] GC(231) Old regions: 25->25
[190.074s][info][gc,heap        ] GC(231) Archive regions: 0->0
[190.074s][info][gc,heap        ] GC(231) Humongous regions: 0->0
[190.074s][info][gc,metaspace   ] GC(231) Metaspace: 9932K(10240K)->9932K(10240K) NonClass: 8628K(8832K)->8628K(8832K) Class: 1303K(1408K)->1303K(1408K)
[190.075s][info][gc             ] GC(231) Pause Full (System.gc()) 86M->3M(84M) 29.156ms
[190.075s][info][gc,cpu         ] GC(231) User=0.08s Sys=0.02s Real=0.03s
[190.290s][info][gc,start       ] GC(232) Pause Young (Normal) (G1 Evacuation Pause)
[190.290s][info][gc,task        ] GC(232) Using 13 workers of 33 for evacuation
[190.291s][info][gc,phases      ] GC(232)   Pre Evacuate Collection Set: 0.1ms
[190.291s][info][gc,phases      ] GC(232)   Merge Heap Roots: 0.1ms
[190.291s][info][gc,phases      ] GC(232)   Evacuate Collection Set: 0.7ms
[190.291s][info][gc,phases      ] GC(232)   Post Evacuate Collection Set: 0.4ms
[190.291s][info][gc,phases      ] GC(232)   Other: 0.1ms
[190.291s][info][gc,heap        ] GC(232) Eden regions: 50->0(48)
[190.291s][info][gc,heap        ] GC(232) Survivor regions: 0->2(7)
[190.291s][info][gc,heap        ] GC(232) Old regions: 25->25
[190.291s][info][gc,heap        ] GC(232) Archive regions: 0->0
[190.291s][info][gc,heap        ] GC(232) Humongous regions: 0->0
[190.291s][info][gc,metaspace   ] GC(232) Metaspace: 9932K(10240K)->9932K(10240K) NonClass: 8628K(8832K)->8628K(8832K) Class: 1303K(1408K)->1303K(1408K)
[190.292s][info][gc             ] GC(232) Pause Young (Normal) (G1 Evacuation Pause) 53M->5M(84M) 1.987ms
[190.292s][info][gc,cpu         ] GC(232) User=0.00s Sys=0.00s Real=0.00s
[190.495s][info][gc,start       ] GC(233) Pause Young (Normal) (G1 Evacuation Pause)
[190.495s][info][gc,task        ] GC(233) Using 7 workers of 33 for evacuation
[190.496s][info][gc,phases      ] GC(233)   Pre Evacuate Collection Set: 0.1ms
[190.496s][info][gc,phases      ] GC(233)   Merge Heap Roots: 0.1ms
[190.496s][info][gc,phases      ] GC(233)   Evacuate Collection Set: 1.0ms
[190.496s][info][gc,phases      ] GC(233)   Post Evacuate Collection Set: 0.2ms
[190.496s][info][gc,phases      ] GC(233)   Other: 0.1ms
[190.496s][info][gc,heap        ] GC(233) Eden regions: 48->0(48)
[190.496s][info][gc,heap        ] GC(233) Survivor regions: 2->2(7)
[190.496s][info][gc,heap        ] GC(233) Old regions: 25->25
[190.496s][info][gc,heap        ] GC(233) Archive regions: 0->0
[190.496s][info][gc,heap        ] GC(233) Humongous regions: 0->0
[190.496s][info][gc,metaspace   ] GC(233) Metaspace: 9932K(10240K)->9932K(10240K) NonClass: 8628K(8832K)->8628K(8832K) Class: 1303K(1408K)->1303K(1408K)
[190.496s][info][gc             ] GC(233) Pause Young (Normal) (G1 Evacuation Pause) 53M->5M(84M) 1.661ms
[190.497s][info][gc,cpu         ] GC(233) User=0.02s Sys=0.00s Real=0.02s
[190.693s][info][gc,start       ] GC(234) Pause Young (Normal) (G1 Evacuation Pause)
[190.693s][info][gc,task        ] GC(234) Using 4 workers of 33 for evacuation
[190.696s][info][gc,phases      ] GC(234)   Pre Evacuate Collection Set: 0.1ms
[190.696s][info][gc,phases      ] GC(234)   Merge Heap Roots: 0.1ms
[190.696s][info][gc,phases      ] GC(234)   Evacuate Collection Set: 2.1ms
[190.696s][info][gc,phases      ] GC(234)   Post Evacuate Collection Set: 0.3ms
[190.696s][info][gc,phases      ] GC(234)   Other: 0.1ms
[190.696s][info][gc,heap        ] GC(234) Eden regions: 48->0(48)
[190.696s][info][gc,heap        ] GC(234) Survivor regions: 2->2(7)
[190.696s][info][gc,heap        ] GC(234) Old regions: 25->25
[190.696s][info][gc,heap        ] GC(234) Archive regions: 0->0
[190.696s][info][gc,heap        ] GC(234) Humongous regions: 0->0
[190.696s][info][gc,metaspace   ] GC(234) Metaspace: 9932K(10240K)->9932K(10240K) NonClass: 8628K(8832K)->8628K(8832K) Class: 1303K(1408K)->1303K(1408K)
[190.696s][info][gc             ] GC(234) Pause Young (Normal) (G1 Evacuation Pause) 53M->5M(84M) 3.307ms
[190.696s][info][gc,cpu         ] GC(234) User=0.00s Sys=0.00s Real=0.00s
[190.901s][info][gc,start       ] GC(235) Pause Young (Normal) (G1 Evacuation Pause)
[190.901s][info][gc,task        ] GC(235) Using 3 workers of 33 for evacuation
[190.904s][info][gc,phases      ] GC(235)   Pre Evacuate Collection Set: 0.1ms
[190.904s][info][gc,phases      ] GC(235)   Merge Heap Roots: 0.1ms
[190.905s][info][gc,phases      ] GC(235)   Evacuate Collection Set: 2.4ms
[190.905s][info][gc,phases      ] GC(235)   Post Evacuate Collection Set: 0.3ms
[190.905s][info][gc,phases      ] GC(235)   Other: 0.1ms
[190.905s][info][gc,heap        ] GC(235) Eden regions: 48->0(48)
[190.905s][info][gc,heap        ] GC(235) Survivor regions: 2->2(7)
[190.905s][info][gc,heap        ] GC(235) Old regions: 25->25
[190.905s][info][gc,heap        ] GC(235) Archive regions: 0->0
[190.905s][info][gc,heap        ] GC(235) Humongous regions: 0->0
[190.905s][info][gc,metaspace   ] GC(235) Metaspace: 9932K(10240K)->9932K(10240K) NonClass: 8628K(8832K)->8628K(8832K) Class: 1303K(1408K)->1303K(1408K)
[190.905s][info][gc             ] GC(235) Pause Young (Normal) (G1 Evacuation Pause) 53M->5M(84M) 3.506ms
[190.905s][info][gc,cpu         ] GC(235) User=0.00s Sys=0.00s Real=0.00s
[191.115s][info][gc,start       ] GC(236) Pause Young (Normal) (G1 Evacuation Pause)
[191.116s][info][gc,task        ] GC(236) Using 2 workers of 33 for evacuation
[191.132s][info][gc,phases      ] GC(236)   Pre Evacuate Collection Set: 0.1ms
[191.132s][info][gc,phases      ] GC(236)   Merge Heap Roots: 0.1ms
[191.132s][info][gc,phases      ] GC(236)   Evacuate Collection Set: 3.5ms
[191.132s][info][gc,phases      ] GC(236)   Post Evacuate Collection Set: 13.0ms
[191.133s][info][gc,phases      ] GC(236)   Other: 0.1ms
[191.133s][info][gc,heap        ] GC(236) Eden regions: 48->0(637)
[191.133s][info][gc,heap        ] GC(236) Survivor regions: 2->2(7)
[191.133s][info][gc,heap        ] GC(236) Old regions: 25->25
[191.133s][info][gc,heap        ] GC(236) Archive regions: 0->0
[191.133s][info][gc,heap        ] GC(236) Humongous regions: 0->0
[191.133s][info][gc,metaspace   ] GC(236) Metaspace: 9932K(10240K)->9932K(10240K) NonClass: 8628K(8832K)->8628K(8832K) Class: 1303K(1408K)->1303K(1408K)
[191.133s][info][gc             ] GC(236) Pause Young (Normal) (G1 Evacuation Pause) 53M->5M(1066M) 17.341ms
[191.133s][info][gc,cpu         ] GC(236) User=0.00s Sys=0.02s Real=0.02s
[194.113s][info][gc,start       ] GC(237) Pause Young (Normal) (G1 Evacuation Pause)
[194.114s][info][gc,task        ] GC(237) Using 25 workers of 33 for evacuation
[194.117s][info][gc,phases      ] GC(237)   Pre Evacuate Collection Set: 0.3ms
[194.117s][info][gc,phases      ] GC(237)   Merge Heap Roots: 0.3ms
[194.117s][info][gc,phases      ] GC(237)   Evacuate Collection Set: 1.6ms
[194.117s][info][gc,phases      ] GC(237)   Post Evacuate Collection Set: 0.8ms
[194.117s][info][gc,phases      ] GC(237)   Other: 0.2ms
[194.117s][info][gc,heap        ] GC(237) Eden regions: 637->0(637)
[194.117s][info][gc,heap        ] GC(237) Survivor regions: 2->2(80)
[194.117s][info][gc,heap        ] GC(237) Old regions: 25->25
[194.117s][info][gc,heap        ] GC(237) Archive regions: 0->0
[194.117s][info][gc,heap        ] GC(237) Humongous regions: 0->0
[194.117s][info][gc,metaspace   ] GC(237) Metaspace: 9932K(10240K)->9932K(10240K) NonClass: 8628K(8832K)->8628K(8832K) Class: 1303K(1408K)->1303K(1408K)
[194.117s][info][gc             ] GC(237) Pause Young (Normal) (G1 Evacuation Pause) 642M->5M(1066M) 3.792ms
[194.117s][info][gc,cpu         ] GC(237) User=0.19s Sys=0.05s Real=0.02s
[196.926s][info][gc,start       ] GC(238) Pause Young (Normal) (G1 Evacuation Pause)
[196.926s][info][gc,task        ] GC(238) Using 25 workers of 33 for evacuation
[196.929s][info][gc,phases      ] GC(238)   Pre Evacuate Collection Set: 0.2ms
[196.929s][info][gc,phases      ] GC(238)   Merge Heap Roots: 0.4ms
[196.929s][info][gc,phases      ] GC(238)   Evacuate Collection Set: 1.7ms
[196.930s][info][gc,phases      ] GC(238)   Post Evacuate Collection Set: 0.9ms
[196.930s][info][gc,phases      ] GC(238)   Other: 0.2ms
[196.930s][info][gc,heap        ] GC(238) Eden regions: 637->0(637)
[196.930s][info][gc,heap        ] GC(238) Survivor regions: 2->2(80)
[196.930s][info][gc,heap        ] GC(238) Old regions: 25->25
[196.930s][info][gc,heap        ] GC(238) Archive regions: 0->0
[196.930s][info][gc,heap        ] GC(238) Humongous regions: 0->0
[196.930s][info][gc,metaspace   ] GC(238) Metaspace: 9932K(10240K)->9932K(10240K) NonClass: 8628K(8832K)->8628K(8832K) Class: 1303K(1408K)->1303K(1408K)
[196.930s][info][gc             ] GC(238) Pause Young (Normal) (G1 Evacuation Pause) 642M->5M(1066M) 3.928ms
[196.930s][info][gc,cpu         ] GC(238) User=0.28s Sys=0.05s Real=0.02s
[197.284s][info][gc,start       ] GC(239) Pause Full (System.gc())
[197.284s][info][gc,task        ] GC(239) Using 25 workers of 33 for full compaction
[197.286s][info][gc,phases,start] GC(239) Phase 1: Mark live objects
[197.292s][info][gc,phases      ] GC(239) Phase 1: Mark live objects 6.048ms
[197.292s][info][gc,phases,start] GC(239) Phase 2: Prepare compaction
[197.296s][info][gc,phases      ] GC(239) Phase 2: Prepare compaction 4.634ms
[197.296s][info][gc,phases,start] GC(239) Phase 3: Adjust pointers
[197.300s][info][gc,phases      ] GC(239) Phase 3: Adjust pointers 3.882ms
[197.300s][info][gc,phases,start] GC(239) Phase 4: Compact heap
[197.301s][info][gc,phases      ] GC(239) Phase 4: Compact heap 0.595ms
[197.312s][info][gc,heap        ] GC(239) Eden regions: 85->0(50)
[197.312s][info][gc,heap        ] GC(239) Survivor regions: 2->0(80)
[197.312s][info][gc,heap        ] GC(239) Old regions: 25->25
[197.312s][info][gc,heap        ] GC(239) Archive regions: 0->0
[197.312s][info][gc,heap        ] GC(239) Humongous regions: 0->0
[197.312s][info][gc,metaspace   ] GC(239) Metaspace: 9935K(10240K)->9935K(10240K) NonClass: 8631K(8832K)->8631K(8832K) Class: 1303K(1408K)->1303K(1408K)
[197.312s][info][gc             ] GC(239) Pause Full (System.gc()) 89M->3M(84M) 27.791ms
[197.312s][info][gc,cpu         ] GC(239) User=0.03s Sys=0.38s Real=0.03s
[197.519s][info][gc,start       ] GC(240) Pause Young (Normal) (G1 Evacuation Pause)
[197.520s][info][gc,task        ] GC(240) Using 13 workers of 33 for evacuation
[197.521s][info][gc,phases      ] GC(240)   Pre Evacuate Collection Set: 0.1ms
[197.521s][info][gc,phases      ] GC(240)   Merge Heap Roots: 0.1ms
[197.521s][info][gc,phases      ] GC(240)   Evacuate Collection Set: 0.8ms
[197.521s][info][gc,phases      ] GC(240)   Post Evacuate Collection Set: 0.3ms
[197.521s][info][gc,phases      ] GC(240)   Other: 0.1ms
[197.521s][info][gc,heap        ] GC(240) Eden regions: 50->0(48)
[197.521s][info][gc,heap        ] GC(240) Survivor regions: 0->2(7)
[197.521s][info][gc,heap        ] GC(240) Old regions: 25->25
[197.521s][info][gc,heap        ] GC(240) Archive regions: 0->0
[197.521s][info][gc,heap        ] GC(240) Humongous regions: 0->0
[197.521s][info][gc,metaspace   ] GC(240) Metaspace: 9935K(10240K)->9935K(10240K) NonClass: 8631K(8832K)->8631K(8832K) Class: 1303K(1408K)->1303K(1408K)
[197.521s][info][gc             ] GC(240) Pause Young (Normal) (G1 Evacuation Pause) 53M->5M(84M) 1.962ms
[197.521s][info][gc,cpu         ] GC(240) User=0.00s Sys=0.00s Real=0.00s
[197.717s][info][gc,start       ] GC(241) Pause Young (Normal) (G1 Evacuation Pause)
[197.717s][info][gc,task        ] GC(241) Using 7 workers of 33 for evacuation
[197.719s][info][gc,phases      ] GC(241)   Pre Evacuate Collection Set: 0.1ms
[197.719s][info][gc,phases      ] GC(241)   Merge Heap Roots: 0.1ms
[197.719s][info][gc,phases      ] GC(241)   Evacuate Collection Set: 1.0ms
[197.719s][info][gc,phases      ] GC(241)   Post Evacuate Collection Set: 0.3ms
[197.719s][info][gc,phases      ] GC(241)   Other: 0.1ms
[197.719s][info][gc,heap        ] GC(241) Eden regions: 48->0(48)
[197.719s][info][gc,heap        ] GC(241) Survivor regions: 2->2(7)
[197.719s][info][gc,heap        ] GC(241) Old regions: 25->25
[197.719s][info][gc,heap        ] GC(241) Archive regions: 0->0
[197.719s][info][gc,heap        ] GC(241) Humongous regions: 0->0
[197.719s][info][gc,metaspace   ] GC(241) Metaspace: 9935K(10240K)->9935K(10240K) NonClass: 8631K(8832K)->8631K(8832K) Class: 1303K(1408K)->1303K(1408K)
[197.719s][info][gc             ] GC(241) Pause Young (Normal) (G1 Evacuation Pause) 53M->5M(84M) 2.052ms
[197.719s][info][gc,cpu         ] GC(241) User=0.00s Sys=0.00s Real=0.00s
[197.907s][info][gc,start       ] GC(242) Pause Young (Normal) (G1 Evacuation Pause)
[197.907s][info][gc,task        ] GC(242) Using 4 workers of 33 for evacuation
[197.910s][info][gc,phases      ] GC(242)   Pre Evacuate Collection Set: 0.1ms
[197.910s][info][gc,phases      ] GC(242)   Merge Heap Roots: 0.1ms
[197.910s][info][gc,phases      ] GC(242)   Evacuate Collection Set: 1.9ms
[197.910s][info][gc,phases      ] GC(242)   Post Evacuate Collection Set: 0.3ms
[197.910s][info][gc,phases      ] GC(242)   Other: 0.1ms
[197.910s][info][gc,heap        ] GC(242) Eden regions: 48->0(48)
[197.910s][info][gc,heap        ] GC(242) Survivor regions: 2->2(7)
[197.910s][info][gc,heap        ] GC(242) Old regions: 25->25
[197.910s][info][gc,heap        ] GC(242) Archive regions: 0->0
[197.910s][info][gc,heap        ] GC(242) Humongous regions: 0->0
[197.910s][info][gc,metaspace   ] GC(242) Metaspace: 9935K(10240K)->9935K(10240K) NonClass: 8631K(8832K)->8631K(8832K) Class: 1303K(1408K)->1303K(1408K)
[197.910s][info][gc             ] GC(242) Pause Young (Normal) (G1 Evacuation Pause) 53M->5M(84M) 3.010ms
[197.910s][info][gc,cpu         ] GC(242) User=0.00s Sys=0.00s Real=0.00s
[198.119s][info][gc,start       ] GC(243) Pause Young (Normal) (G1 Evacuation Pause)
[198.120s][info][gc,task        ] GC(243) Using 3 workers of 33 for evacuation
[198.123s][info][gc,phases      ] GC(243)   Pre Evacuate Collection Set: 0.1ms
[198.123s][info][gc,phases      ] GC(243)   Merge Heap Roots: 0.1ms
[198.123s][info][gc,phases      ] GC(243)   Evacuate Collection Set: 2.6ms
[198.123s][info][gc,phases      ] GC(243)   Post Evacuate Collection Set: 0.3ms
[198.123s][info][gc,phases      ] GC(243)   Other: 0.1ms
[198.123s][info][gc,heap        ] GC(243) Eden regions: 48->0(48)
[198.123s][info][gc,heap        ] GC(243) Survivor regions: 2->2(7)
[198.123s][info][gc,heap        ] GC(243) Old regions: 25->25
[198.123s][info][gc,heap        ] GC(243) Archive regions: 0->0
[198.123s][info][gc,heap        ] GC(243) Humongous regions: 0->0
[198.123s][info][gc,metaspace   ] GC(243) Metaspace: 9935K(10240K)->9935K(10240K) NonClass: 8631K(8832K)->8631K(8832K) Class: 1303K(1408K)->1303K(1408K)
[198.123s][info][gc             ] GC(243) Pause Young (Normal) (G1 Evacuation Pause) 53M->5M(84M) 3.753ms
[198.123s][info][gc,cpu         ] GC(243) User=0.00s Sys=0.00s Real=0.00s
[198.332s][info][gc,start       ] GC(244) Pause Young (Normal) (G1 Evacuation Pause)
[198.332s][info][gc,task        ] GC(244) Using 2 workers of 33 for evacuation
[198.337s][info][gc,phases      ] GC(244)   Pre Evacuate Collection Set: 0.1ms
[198.337s][info][gc,phases      ] GC(244)   Merge Heap Roots: 0.1ms
[198.337s][info][gc,phases      ] GC(244)   Evacuate Collection Set: 3.7ms
[198.337s][info][gc,phases      ] GC(244)   Post Evacuate Collection Set: 0.4ms
[198.337s][info][gc,phases      ] GC(244)   Other: 0.1ms
[198.337s][info][gc,heap        ] GC(244) Eden regions: 48->0(48)
[198.337s][info][gc,heap        ] GC(244) Survivor regions: 2->2(7)
[198.337s][info][gc,heap        ] GC(244) Old regions: 25->25
[198.337s][info][gc,heap        ] GC(244) Archive regions: 0->0
[198.337s][info][gc,heap        ] GC(244) Humongous regions: 0->0
[198.337s][info][gc,metaspace   ] GC(244) Metaspace: 9935K(10240K)->9935K(10240K) NonClass: 8631K(8832K)->8631K(8832K) Class: 1303K(1408K)->1303K(1408K)
[198.337s][info][gc             ] GC(244) Pause Young (Normal) (G1 Evacuation Pause) 53M->5M(84M) 4.902ms
[198.337s][info][gc,cpu         ] GC(244) User=0.03s Sys=0.00s Real=0.02s
[198.546s][info][gc,start       ] GC(245) Pause Young (Normal) (G1 Evacuation Pause)
[198.546s][info][gc,task        ] GC(245) Using 2 workers of 33 for evacuation
[198.562s][info][gc,phases      ] GC(245)   Pre Evacuate Collection Set: 0.1ms
[198.563s][info][gc,phases      ] GC(245)   Merge Heap Roots: 0.1ms
[198.563s][info][gc,phases      ] GC(245)   Evacuate Collection Set: 3.5ms
[198.563s][info][gc,phases      ] GC(245)   Post Evacuate Collection Set: 12.7ms
[198.563s][info][gc,phases      ] GC(245)   Other: 0.1ms
[198.563s][info][gc,heap        ] GC(245) Eden regions: 48->0(637)
[198.563s][info][gc,heap        ] GC(245) Survivor regions: 2->2(7)
[198.563s][info][gc,heap        ] GC(245) Old regions: 25->25
[198.563s][info][gc,heap        ] GC(245) Archive regions: 0->0
[198.563s][info][gc,heap        ] GC(245) Humongous regions: 0->0
[198.563s][info][gc,metaspace   ] GC(245) Metaspace: 9935K(10240K)->9935K(10240K) NonClass: 8631K(8832K)->8631K(8832K) Class: 1303K(1408K)->1303K(1408K)
[198.563s][info][gc             ] GC(245) Pause Young (Normal) (G1 Evacuation Pause) 53M->5M(1066M) 16.997ms
[198.563s][info][gc,cpu         ] GC(245) User=0.02s Sys=0.00s Real=0.01s
[201.531s][info][gc,start       ] GC(246) Pause Young (Normal) (G1 Evacuation Pause)
[201.531s][info][gc,task        ] GC(246) Using 25 workers of 33 for evacuation
[201.535s][info][gc,phases      ] GC(246)   Pre Evacuate Collection Set: 0.2ms
[201.535s][info][gc,phases      ] GC(246)   Merge Heap Roots: 0.4ms
[201.535s][info][gc,phases      ] GC(246)   Evacuate Collection Set: 1.7ms
[201.535s][info][gc,phases      ] GC(246)   Post Evacuate Collection Set: 0.8ms
[201.535s][info][gc,phases      ] GC(246)   Other: 0.2ms
[201.535s][info][gc,heap        ] GC(246) Eden regions: 637->0(637)
[201.535s][info][gc,heap        ] GC(246) Survivor regions: 2->2(80)
[201.535s][info][gc,heap        ] GC(246) Old regions: 25->25
[201.535s][info][gc,heap        ] GC(246) Archive regions: 0->0
[201.535s][info][gc,heap        ] GC(246) Humongous regions: 0->0
[201.535s][info][gc,metaspace   ] GC(246) Metaspace: 9935K(10240K)->9935K(10240K) NonClass: 8631K(8832K)->8631K(8832K) Class: 1303K(1408K)->1303K(1408K)
[201.535s][info][gc             ] GC(246) Pause Young (Normal) (G1 Evacuation Pause) 642M->5M(1066M) 3.834ms
[201.535s][info][gc,cpu         ] GC(246) User=0.00s Sys=0.00s Real=0.00s
[204.327s][info][gc,start       ] GC(247) Pause Young (Normal) (G1 Evacuation Pause)
[204.327s][info][gc,task        ] GC(247) Using 25 workers of 33 for evacuation
[204.331s][info][gc,phases      ] GC(247)   Pre Evacuate Collection Set: 0.2ms
[204.331s][info][gc,phases      ] GC(247)   Merge Heap Roots: 0.4ms
[204.331s][info][gc,phases      ] GC(247)   Evacuate Collection Set: 1.6ms
[204.331s][info][gc,phases      ] GC(247)   Post Evacuate Collection Set: 0.8ms
[204.331s][info][gc,phases      ] GC(247)   Other: 0.2ms
[204.331s][info][gc,heap        ] GC(247) Eden regions: 637->0(637)
[204.331s][info][gc,heap        ] GC(247) Survivor regions: 2->2(80)
[204.331s][info][gc,heap        ] GC(247) Old regions: 25->25
[204.331s][info][gc,heap        ] GC(247) Archive regions: 0->0
[204.331s][info][gc,heap        ] GC(247) Humongous regions: 0->0
[204.331s][info][gc,metaspace   ] GC(247) Metaspace: 9935K(10240K)->9935K(10240K) NonClass: 8631K(8832K)->8631K(8832K) Class: 1303K(1408K)->1303K(1408K)
[204.331s][info][gc             ] GC(247) Pause Young (Normal) (G1 Evacuation Pause) 642M->5M(1066M) 3.770ms
[204.331s][info][gc,cpu         ] GC(247) User=0.00s Sys=0.00s Real=0.00s
[204.488s][info][gc,start       ] GC(248) Pause Full (System.gc())
[204.488s][info][gc,task        ] GC(248) Using 25 workers of 33 for full compaction
[204.489s][info][gc,phases,start] GC(248) Phase 1: Mark live objects
[204.494s][info][gc,phases      ] GC(248) Phase 1: Mark live objects 5.333ms
[204.494s][info][gc,phases,start] GC(248) Phase 2: Prepare compaction
[204.498s][info][gc,phases      ] GC(248) Phase 2: Prepare compaction 4.056ms
[204.498s][info][gc,phases,start] GC(248) Phase 3: Adjust pointers
[204.502s][info][gc,phases      ] GC(248) Phase 3: Adjust pointers 3.858ms
[204.502s][info][gc,phases,start] GC(248) Phase 4: Compact heap
[204.503s][info][gc,phases      ] GC(248) Phase 4: Compact heap 0.551ms
[204.512s][info][gc,heap        ] GC(248) Eden regions: 38->0(50)
[204.512s][info][gc,heap        ] GC(248) Survivor regions: 2->0(80)
[204.513s][info][gc,heap        ] GC(248) Old regions: 25->25
[204.513s][info][gc,heap        ] GC(248) Archive regions: 0->0
[204.513s][info][gc,heap        ] GC(248) Humongous regions: 0->0
[204.513s][info][gc,metaspace   ] GC(248) Metaspace: 9935K(10240K)->9935K(10240K) NonClass: 8631K(8832K)->8631K(8832K) Class: 1303K(1408K)->1303K(1408K)
[204.513s][info][gc             ] GC(248) Pause Full (System.gc()) 42M->3M(84M) 24.438ms
[204.513s][info][gc,cpu         ] GC(248) User=0.00s Sys=0.27s Real=0.02s
[204.715s][info][gc,start       ] GC(249) Pause Young (Normal) (G1 Evacuation Pause)
[204.715s][info][gc,task        ] GC(249) Using 13 workers of 33 for evacuation
[204.717s][info][gc,phases      ] GC(249)   Pre Evacuate Collection Set: 0.1ms
[204.717s][info][gc,phases      ] GC(249)   Merge Heap Roots: 0.1ms
[204.717s][info][gc,phases      ] GC(249)   Evacuate Collection Set: 0.9ms
[204.717s][info][gc,phases      ] GC(249)   Post Evacuate Collection Set: 0.3ms
[204.717s][info][gc,phases      ] GC(249)   Other: 0.1ms
[204.717s][info][gc,heap        ] GC(249) Eden regions: 50->0(48)
[204.717s][info][gc,heap        ] GC(249) Survivor regions: 0->2(7)
[204.717s][info][gc,heap        ] GC(249) Old regions: 25->25
[204.717s][info][gc,heap        ] GC(249) Archive regions: 0->0
[204.717s][info][gc,heap        ] GC(249) Humongous regions: 0->0
[204.717s][info][gc,metaspace   ] GC(249) Metaspace: 9935K(10240K)->9935K(10240K) NonClass: 8631K(8832K)->8631K(8832K) Class: 1303K(1408K)->1303K(1408K)
[204.717s][info][gc             ] GC(249) Pause Young (Normal) (G1 Evacuation Pause) 53M->5M(84M) 1.764ms
[204.717s][info][gc,cpu         ] GC(249) User=0.00s Sys=0.00s Real=0.00s
[204.914s][info][gc,start       ] GC(250) Pause Young (Normal) (G1 Evacuation Pause)
[204.914s][info][gc,task        ] GC(250) Using 7 workers of 33 for evacuation
[204.916s][info][gc,phases      ] GC(250)   Pre Evacuate Collection Set: 0.1ms
[204.916s][info][gc,phases      ] GC(250)   Merge Heap Roots: 0.1ms
[204.916s][info][gc,phases      ] GC(250)   Evacuate Collection Set: 1.1ms
[204.916s][info][gc,phases      ] GC(250)   Post Evacuate Collection Set: 0.3ms
[204.916s][info][gc,phases      ] GC(250)   Other: 0.1ms
[204.916s][info][gc,heap        ] GC(250) Eden regions: 48->0(48)
[204.916s][info][gc,heap        ] GC(250) Survivor regions: 2->2(7)
[204.916s][info][gc,heap        ] GC(250) Old regions: 25->25
[204.916s][info][gc,heap        ] GC(250) Archive regions: 0->0
[204.916s][info][gc,heap        ] GC(250) Humongous regions: 0->0
[204.916s][info][gc,metaspace   ] GC(250) Metaspace: 9935K(10240K)->9935K(10240K) NonClass: 8631K(8832K)->8631K(8832K) Class: 1303K(1408K)->1303K(1408K)
[204.916s][info][gc             ] GC(250) Pause Young (Normal) (G1 Evacuation Pause) 53M->5M(84M) 2.203ms
[204.916s][info][gc,cpu         ] GC(250) User=0.00s Sys=0.00s Real=0.00s
[205.114s][info][gc,start       ] GC(251) Pause Young (Normal) (G1 Evacuation Pause)
[205.114s][info][gc,task        ] GC(251) Using 4 workers of 33 for evacuation
[205.116s][info][gc,phases      ] GC(251)   Pre Evacuate Collection Set: 0.1ms
[205.116s][info][gc,phases      ] GC(251)   Merge Heap Roots: 0.1ms
[205.116s][info][gc,phases      ] GC(251)   Evacuate Collection Set: 2.0ms
[205.116s][info][gc,phases      ] GC(251)   Post Evacuate Collection Set: 0.3ms
[205.116s][info][gc,phases      ] GC(251)   Other: 0.1ms
[205.116s][info][gc,heap        ] GC(251) Eden regions: 48->0(48)
[205.117s][info][gc,heap        ] GC(251) Survivor regions: 2->2(7)
[205.117s][info][gc,heap        ] GC(251) Old regions: 25->25
[205.117s][info][gc,heap        ] GC(251) Archive regions: 0->0
[205.117s][info][gc,heap        ] GC(251) Humongous regions: 0->0
[205.117s][info][gc,metaspace   ] GC(251) Metaspace: 9935K(10240K)->9935K(10240K) NonClass: 8631K(8832K)->8631K(8832K) Class: 1303K(1408K)->1303K(1408K)
[205.117s][info][gc             ] GC(251) Pause Young (Normal) (G1 Evacuation Pause) 53M->5M(84M) 3.131ms
[205.117s][info][gc,cpu         ] GC(251) User=0.00s Sys=0.00s Real=0.00s
[205.328s][info][gc,start       ] GC(252) Pause Young (Normal) (G1 Evacuation Pause)
[205.328s][info][gc,task        ] GC(252) Using 3 workers of 33 for evacuation
[205.331s][info][gc,phases      ] GC(252)   Pre Evacuate Collection Set: 0.1ms
[205.331s][info][gc,phases      ] GC(252)   Merge Heap Roots: 0.1ms
[205.331s][info][gc,phases      ] GC(252)   Evacuate Collection Set: 2.3ms
[205.331s][info][gc,phases      ] GC(252)   Post Evacuate Collection Set: 0.3ms
[205.331s][info][gc,phases      ] GC(252)   Other: 0.1ms
[205.331s][info][gc,heap        ] GC(252) Eden regions: 48->0(48)
[205.331s][info][gc,heap        ] GC(252) Survivor regions: 2->2(7)
[205.331s][info][gc,heap        ] GC(252) Old regions: 25->25
[205.331s][info][gc,heap        ] GC(252) Archive regions: 0->0
[205.331s][info][gc,heap        ] GC(252) Humongous regions: 0->0
[205.331s][info][gc,metaspace   ] GC(252) Metaspace: 9935K(10240K)->9935K(10240K) NonClass: 8631K(8832K)->8631K(8832K) Class: 1303K(1408K)->1303K(1408K)
[205.331s][info][gc             ] GC(252) Pause Young (Normal) (G1 Evacuation Pause) 53M->5M(84M) 3.528ms
[205.331s][info][gc,cpu         ] GC(252) User=0.00s Sys=0.00s Real=0.00s
[205.542s][info][gc,start       ] GC(253) Pause Young (Normal) (G1 Evacuation Pause)
[205.543s][info][gc,task        ] GC(253) Using 2 workers of 33 for evacuation
[205.547s][info][gc,phases      ] GC(253)   Pre Evacuate Collection Set: 0.1ms
[205.547s][info][gc,phases      ] GC(253)   Merge Heap Roots: 0.1ms
[205.547s][info][gc,phases      ] GC(253)   Evacuate Collection Set: 3.6ms
[205.547s][info][gc,phases      ] GC(253)   Post Evacuate Collection Set: 0.4ms
[205.547s][info][gc,phases      ] GC(253)   Other: 0.1ms
[205.547s][info][gc,heap        ] GC(253) Eden regions: 48->0(48)
[205.547s][info][gc,heap        ] GC(253) Survivor regions: 2->2(7)
[205.547s][info][gc,heap        ] GC(253) Old regions: 25->25
[205.547s][info][gc,heap        ] GC(253) Archive regions: 0->0
[205.547s][info][gc,heap        ] GC(253) Humongous regions: 0->0
[205.547s][info][gc,metaspace   ] GC(253) Metaspace: 9935K(10240K)->9935K(10240K) NonClass: 8631K(8832K)->8631K(8832K) Class: 1303K(1408K)->1303K(1408K)
[205.547s][info][gc             ] GC(253) Pause Young (Normal) (G1 Evacuation Pause) 53M->5M(84M) 4.839ms
[205.547s][info][gc,cpu         ] GC(253) User=0.00s Sys=0.00s Real=0.00s
[205.759s][info][gc,start       ] GC(254) Pause Young (Normal) (G1 Evacuation Pause)
[205.759s][info][gc,task        ] GC(254) Using 2 workers of 33 for evacuation
[205.776s][info][gc,phases      ] GC(254)   Pre Evacuate Collection Set: 0.1ms
[205.776s][info][gc,phases      ] GC(254)   Merge Heap Roots: 0.1ms
[205.776s][info][gc,phases      ] GC(254)   Evacuate Collection Set: 3.6ms
[205.776s][info][gc,phases      ] GC(254)   Post Evacuate Collection Set: 12.4ms
[205.776s][info][gc,phases      ] GC(254)   Other: 0.1ms
[205.776s][info][gc,heap        ] GC(254) Eden regions: 48->0(637)
[205.776s][info][gc,heap        ] GC(254) Survivor regions: 2->2(7)
[205.776s][info][gc,heap        ] GC(254) Old regions: 25->25
[205.776s][info][gc,heap        ] GC(254) Archive regions: 0->0
[205.776s][info][gc,heap        ] GC(254) Humongous regions: 0->0
[205.776s][info][gc,metaspace   ] GC(254) Metaspace: 9935K(10240K)->9935K(10240K) NonClass: 8631K(8832K)->8631K(8832K) Class: 1303K(1408K)->1303K(1408K)
[205.776s][info][gc             ] GC(254) Pause Young (Normal) (G1 Evacuation Pause) 53M->5M(1066M) 16.805ms
[205.776s][info][gc,cpu         ] GC(254) User=0.02s Sys=0.00s Real=0.01s
[208.779s][info][gc,start       ] GC(255) Pause Young (Normal) (G1 Evacuation Pause)
[208.780s][info][gc,task        ] GC(255) Using 25 workers of 33 for evacuation
[208.783s][info][gc,phases      ] GC(255)   Pre Evacuate Collection Set: 0.2ms
[208.783s][info][gc,phases      ] GC(255)   Merge Heap Roots: 0.4ms
[208.783s][info][gc,phases      ] GC(255)   Evacuate Collection Set: 1.6ms
[208.783s][info][gc,phases      ] GC(255)   Post Evacuate Collection Set: 0.8ms
[208.783s][info][gc,phases      ] GC(255)   Other: 0.2ms
[208.783s][info][gc,heap        ] GC(255) Eden regions: 637->0(637)
[208.783s][info][gc,heap        ] GC(255) Survivor regions: 2->2(80)
[208.783s][info][gc,heap        ] GC(255) Old regions: 25->25
[208.783s][info][gc,heap        ] GC(255) Archive regions: 0->0
[208.783s][info][gc,heap        ] GC(255) Humongous regions: 0->0
[208.783s][info][gc,metaspace   ] GC(255) Metaspace: 9935K(10240K)->9935K(10240K) NonClass: 8631K(8832K)->8631K(8832K) Class: 1303K(1408K)->1303K(1408K)
[208.783s][info][gc             ] GC(255) Pause Young (Normal) (G1 Evacuation Pause) 642M->5M(1066M) 3.761ms
[208.783s][info][gc,cpu         ] GC(255) User=0.00s Sys=0.00s Real=0.00s
[211.558s][info][gc,start       ] GC(256) Pause Young (Normal) (G1 Evacuation Pause)
[211.558s][info][gc,task        ] GC(256) Using 25 workers of 33 for evacuation
[211.562s][info][gc,phases      ] GC(256)   Pre Evacuate Collection Set: 0.2ms
[211.562s][info][gc,phases      ] GC(256)   Merge Heap Roots: 0.4ms
[211.562s][info][gc,phases      ] GC(256)   Evacuate Collection Set: 1.9ms
[211.562s][info][gc,phases      ] GC(256)   Post Evacuate Collection Set: 0.8ms
[211.562s][info][gc,phases      ] GC(256)   Other: 0.2ms
[211.562s][info][gc,heap        ] GC(256) Eden regions: 637->0(637)
[211.562s][info][gc,heap        ] GC(256) Survivor regions: 2->2(80)
[211.562s][info][gc,heap        ] GC(256) Old regions: 25->25
[211.562s][info][gc,heap        ] GC(256) Archive regions: 0->0
[211.562s][info][gc,heap        ] GC(256) Humongous regions: 0->0
[211.562s][info][gc,metaspace   ] GC(256) Metaspace: 9935K(10240K)->9935K(10240K) NonClass: 8631K(8832K)->8631K(8832K) Class: 1303K(1408K)->1303K(1408K)
[211.562s][info][gc             ] GC(256) Pause Young (Normal) (G1 Evacuation Pause) 642M->5M(1066M) 4.033ms
[211.562s][info][gc,cpu         ] GC(256) User=0.00s Sys=0.00s Real=0.00s
[211.706s][info][gc,start       ] GC(257) Pause Full (System.gc())
[211.706s][info][gc,task        ] GC(257) Using 25 workers of 33 for full compaction
[211.707s][info][gc,phases,start] GC(257) Phase 1: Mark live objects
[211.713s][info][gc,phases      ] GC(257) Phase 1: Mark live objects 5.796ms
[211.713s][info][gc,phases,start] GC(257) Phase 2: Prepare compaction
[211.718s][info][gc,phases      ] GC(257) Phase 2: Prepare compaction 4.223ms
[211.718s][info][gc,phases,start] GC(257) Phase 3: Adjust pointers
[211.721s][info][gc,phases      ] GC(257) Phase 3: Adjust pointers 3.337ms
[211.721s][info][gc,phases,start] GC(257) Phase 4: Compact heap
[211.721s][info][gc,phases      ] GC(257) Phase 4: Compact heap 0.480ms
[211.732s][info][gc,heap        ] GC(257) Eden regions: 37->0(50)
[211.732s][info][gc,heap        ] GC(257) Survivor regions: 2->0(80)
[211.732s][info][gc,heap        ] GC(257) Old regions: 25->25
[211.732s][info][gc,heap        ] GC(257) Archive regions: 0->0
[211.732s][info][gc,heap        ] GC(257) Humongous regions: 0->0
[211.732s][info][gc,metaspace   ] GC(257) Metaspace: 9937K(10240K)->9937K(10240K) NonClass: 8633K(8832K)->8633K(8832K) Class: 1303K(1408K)->1303K(1408K)
[211.732s][info][gc             ] GC(257) Pause Full (System.gc()) 41M->3M(84M) 25.796ms
[211.732s][info][gc,cpu         ] GC(257) User=0.02s Sys=0.00s Real=0.02s
[211.950s][info][gc,start       ] GC(258) Pause Young (Normal) (G1 Evacuation Pause)
[211.950s][info][gc,task        ] GC(258) Using 13 workers of 33 for evacuation
[211.952s][info][gc,phases      ] GC(258)   Pre Evacuate Collection Set: 0.1ms
[211.952s][info][gc,phases      ] GC(258)   Merge Heap Roots: 0.1ms
[211.952s][info][gc,phases      ] GC(258)   Evacuate Collection Set: 0.8ms
[211.952s][info][gc,phases      ] GC(258)   Post Evacuate Collection Set: 0.4ms
[211.952s][info][gc,phases      ] GC(258)   Other: 0.1ms
[211.952s][info][gc,heap        ] GC(258) Eden regions: 50->0(48)
[211.952s][info][gc,heap        ] GC(258) Survivor regions: 0->2(7)
[211.952s][info][gc,heap        ] GC(258) Old regions: 25->25
[211.952s][info][gc,heap        ] GC(258) Archive regions: 0->0
[211.952s][info][gc,heap        ] GC(258) Humongous regions: 0->0
[211.952s][info][gc,metaspace   ] GC(258) Metaspace: 9938K(10240K)->9938K(10240K) NonClass: 8635K(8832K)->8635K(8832K) Class: 1303K(1408K)->1303K(1408K)
[211.952s][info][gc             ] GC(258) Pause Young (Normal) (G1 Evacuation Pause) 53M->5M(84M) 2.098ms
[211.952s][info][gc,cpu         ] GC(258) User=0.00s Sys=0.00s Real=0.00s
[212.153s][info][gc,start       ] GC(259) Pause Young (Normal) (G1 Evacuation Pause)
[212.153s][info][gc,task        ] GC(259) Using 7 workers of 33 for evacuation
[212.155s][info][gc,phases      ] GC(259)   Pre Evacuate Collection Set: 0.1ms
[212.155s][info][gc,phases      ] GC(259)   Merge Heap Roots: 0.1ms
[212.155s][info][gc,phases      ] GC(259)   Evacuate Collection Set: 1.2ms
[212.155s][info][gc,phases      ] GC(259)   Post Evacuate Collection Set: 0.3ms
[212.155s][info][gc,phases      ] GC(259)   Other: 0.1ms
[212.155s][info][gc,heap        ] GC(259) Eden regions: 48->0(48)
[212.155s][info][gc,heap        ] GC(259) Survivor regions: 2->2(7)
[212.155s][info][gc,heap        ] GC(259) Old regions: 25->25
[212.155s][info][gc,heap        ] GC(259) Archive regions: 0->0
[212.155s][info][gc,heap        ] GC(259) Humongous regions: 0->0
[212.155s][info][gc,metaspace   ] GC(259) Metaspace: 9938K(10240K)->9938K(10240K) NonClass: 8635K(8832K)->8635K(8832K) Class: 1303K(1408K)->1303K(1408K)
[212.155s][info][gc             ] GC(259) Pause Young (Normal) (G1 Evacuation Pause) 53M->5M(84M) 2.285ms
[212.155s][info][gc,cpu         ] GC(259) User=0.00s Sys=0.00s Real=0.00s
[212.354s][info][gc,start       ] GC(260) Pause Young (Normal) (G1 Evacuation Pause)
[212.354s][info][gc,task        ] GC(260) Using 4 workers of 33 for evacuation
[212.356s][info][gc,phases      ] GC(260)   Pre Evacuate Collection Set: 0.1ms
[212.356s][info][gc,phases      ] GC(260)   Merge Heap Roots: 0.1ms
[212.356s][info][gc,phases      ] GC(260)   Evacuate Collection Set: 2.1ms
[212.356s][info][gc,phases      ] GC(260)   Post Evacuate Collection Set: 0.3ms
[212.356s][info][gc,phases      ] GC(260)   Other: 0.1ms
[212.357s][info][gc,heap        ] GC(260) Eden regions: 48->0(48)
[212.357s][info][gc,heap        ] GC(260) Survivor regions: 2->2(7)
[212.357s][info][gc,heap        ] GC(260) Old regions: 25->25
[212.357s][info][gc,heap        ] GC(260) Archive regions: 0->0
[212.357s][info][gc,heap        ] GC(260) Humongous regions: 0->0
[212.357s][info][gc,metaspace   ] GC(260) Metaspace: 9938K(10240K)->9938K(10240K) NonClass: 8635K(8832K)->8635K(8832K) Class: 1303K(1408K)->1303K(1408K)
[212.357s][info][gc             ] GC(260) Pause Young (Normal) (G1 Evacuation Pause) 53M->5M(84M) 3.222ms
[212.357s][info][gc,cpu         ] GC(260) User=0.00s Sys=0.00s Real=0.00s
[212.564s][info][gc,start       ] GC(261) Pause Young (Normal) (G1 Evacuation Pause)
[212.564s][info][gc,task        ] GC(261) Using 3 workers of 33 for evacuation
[212.567s][info][gc,phases      ] GC(261)   Pre Evacuate Collection Set: 0.1ms
[212.567s][info][gc,phases      ] GC(261)   Merge Heap Roots: 0.1ms
[212.567s][info][gc,phases      ] GC(261)   Evacuate Collection Set: 2.3ms
[212.567s][info][gc,phases      ] GC(261)   Post Evacuate Collection Set: 0.3ms
[212.567s][info][gc,phases      ] GC(261)   Other: 0.1ms
[212.567s][info][gc,heap        ] GC(261) Eden regions: 48->0(48)
[212.567s][info][gc,heap        ] GC(261) Survivor regions: 2->2(7)
[212.567s][info][gc,heap        ] GC(261) Old regions: 25->25
[212.567s][info][gc,heap        ] GC(261) Archive regions: 0->0
[212.567s][info][gc,heap        ] GC(261) Humongous regions: 0->0
[212.567s][info][gc,metaspace   ] GC(261) Metaspace: 9938K(10240K)->9938K(10240K) NonClass: 8635K(8832K)->8635K(8832K) Class: 1303K(1408K)->1303K(1408K)
[212.567s][info][gc             ] GC(261) Pause Young (Normal) (G1 Evacuation Pause) 53M->5M(84M) 3.493ms
[212.567s][info][gc,cpu         ] GC(261) User=0.00s Sys=0.00s Real=0.00s
[212.781s][info][gc,start       ] GC(262) Pause Young (Normal) (G1 Evacuation Pause)
[212.781s][info][gc,task        ] GC(262) Using 2 workers of 33 for evacuation
[212.786s][info][gc,phases      ] GC(262)   Pre Evacuate Collection Set: 0.1ms
[212.786s][info][gc,phases      ] GC(262)   Merge Heap Roots: 0.1ms
[212.786s][info][gc,phases      ] GC(262)   Evacuate Collection Set: 3.6ms
[212.786s][info][gc,phases      ] GC(262)   Post Evacuate Collection Set: 0.3ms
[212.786s][info][gc,phases      ] GC(262)   Other: 0.1ms
[212.786s][info][gc,heap        ] GC(262) Eden regions: 48->0(48)
[212.786s][info][gc,heap        ] GC(262) Survivor regions: 2->2(7)
[212.786s][info][gc,heap        ] GC(262) Old regions: 25->25
[212.786s][info][gc,heap        ] GC(262) Archive regions: 0->0
[212.786s][info][gc,heap        ] GC(262) Humongous regions: 0->0
[212.786s][info][gc,metaspace   ] GC(262) Metaspace: 9938K(10240K)->9938K(10240K) NonClass: 8635K(8832K)->8635K(8832K) Class: 1303K(1408K)->1303K(1408K)
[212.786s][info][gc             ] GC(262) Pause Young (Normal) (G1 Evacuation Pause) 53M->5M(84M) 4.813ms
[212.786s][info][gc,cpu         ] GC(262) User=0.00s Sys=0.00s Real=0.00s
[212.988s][info][gc,start       ] GC(263) Pause Young (Normal) (G1 Evacuation Pause)
[212.989s][info][gc,task        ] GC(263) Using 2 workers of 33 for evacuation
[213.005s][info][gc,phases      ] GC(263)   Pre Evacuate Collection Set: 0.1ms
[213.005s][info][gc,phases      ] GC(263)   Merge Heap Roots: 0.1ms
[213.005s][info][gc,phases      ] GC(263)   Evacuate Collection Set: 3.1ms
[213.005s][info][gc,phases      ] GC(263)   Post Evacuate Collection Set: 12.7ms
[213.005s][info][gc,phases      ] GC(263)   Other: 0.1ms
[213.005s][info][gc,heap        ] GC(263) Eden regions: 48->0(637)
[213.005s][info][gc,heap        ] GC(263) Survivor regions: 2->2(7)
[213.005s][info][gc,heap        ] GC(263) Old regions: 25->25
[213.005s][info][gc,heap        ] GC(263) Archive regions: 0->0
[213.005s][info][gc,heap        ] GC(263) Humongous regions: 0->0
[213.005s][info][gc,metaspace   ] GC(263) Metaspace: 9938K(10240K)->9938K(10240K) NonClass: 8635K(8832K)->8635K(8832K) Class: 1303K(1408K)->1303K(1408K)
[213.005s][info][gc             ] GC(263) Pause Young (Normal) (G1 Evacuation Pause) 53M->5M(1066M) 16.576ms
[213.005s][info][gc,cpu         ] GC(263) User=0.02s Sys=0.00s Real=0.02s
[215.980s][info][gc,start       ] GC(264) Pause Young (Normal) (G1 Evacuation Pause)
[215.980s][info][gc,task        ] GC(264) Using 25 workers of 33 for evacuation
[215.983s][info][gc,phases      ] GC(264)   Pre Evacuate Collection Set: 0.2ms
[215.983s][info][gc,phases      ] GC(264)   Merge Heap Roots: 0.4ms
[215.983s][info][gc,phases      ] GC(264)   Evacuate Collection Set: 1.7ms
[215.983s][info][gc,phases      ] GC(264)   Post Evacuate Collection Set: 0.8ms
[215.983s][info][gc,phases      ] GC(264)   Other: 0.2ms
[215.983s][info][gc,heap        ] GC(264) Eden regions: 637->0(637)
[215.983s][info][gc,heap        ] GC(264) Survivor regions: 2->2(80)
[215.983s][info][gc,heap        ] GC(264) Old regions: 25->25
[215.983s][info][gc,heap        ] GC(264) Archive regions: 0->0
[215.983s][info][gc,heap        ] GC(264) Humongous regions: 0->0
[215.984s][info][gc,metaspace   ] GC(264) Metaspace: 9938K(10240K)->9938K(10240K) NonClass: 8635K(8832K)->8635K(8832K) Class: 1303K(1408K)->1303K(1408K)
[215.984s][info][gc             ] GC(264) Pause Young (Normal) (G1 Evacuation Pause) 642M->5M(1066M) 3.822ms
[215.984s][info][gc,cpu         ] GC(264) User=0.39s Sys=0.00s Real=0.02s
[218.765s][info][gc,start       ] GC(265) Pause Young (Normal) (G1 Evacuation Pause)
[218.765s][info][gc,task        ] GC(265) Using 25 workers of 33 for evacuation
[218.768s][info][gc,phases      ] GC(265)   Pre Evacuate Collection Set: 0.2ms
[218.768s][info][gc,phases      ] GC(265)   Merge Heap Roots: 0.4ms
[218.768s][info][gc,phases      ] GC(265)   Evacuate Collection Set: 1.7ms
[218.768s][info][gc,phases      ] GC(265)   Post Evacuate Collection Set: 0.8ms
[218.768s][info][gc,phases      ] GC(265)   Other: 0.2ms
[218.768s][info][gc,heap        ] GC(265) Eden regions: 637->0(637)
[218.768s][info][gc,heap        ] GC(265) Survivor regions: 2->2(80)
[218.768s][info][gc,heap        ] GC(265) Old regions: 25->25
[218.768s][info][gc,heap        ] GC(265) Archive regions: 0->0
[218.768s][info][gc,heap        ] GC(265) Humongous regions: 0->0
[218.768s][info][gc,metaspace   ] GC(265) Metaspace: 9938K(10240K)->9938K(10240K) NonClass: 8635K(8832K)->8635K(8832K) Class: 1303K(1408K)->1303K(1408K)
[218.768s][info][gc             ] GC(265) Pause Young (Normal) (G1 Evacuation Pause) 642M->5M(1066M) 3.825ms
[218.768s][info][gc,cpu         ] GC(265) User=0.00s Sys=0.00s Real=0.00s
[218.926s][info][gc,start       ] GC(266) Pause Full (System.gc())
[218.926s][info][gc,task        ] GC(266) Using 25 workers of 33 for full compaction
[218.927s][info][gc,phases,start] GC(266) Phase 1: Mark live objects
[218.933s][info][gc,phases      ] GC(266) Phase 1: Mark live objects 5.363ms
[218.933s][info][gc,phases,start] GC(266) Phase 2: Prepare compaction
[218.937s][info][gc,phases      ] GC(266) Phase 2: Prepare compaction 4.268ms
[218.937s][info][gc,phases,start] GC(266) Phase 3: Adjust pointers
[218.940s][info][gc,phases      ] GC(266) Phase 3: Adjust pointers 3.237ms
[218.940s][info][gc,phases,start] GC(266) Phase 4: Compact heap
[218.941s][info][gc,phases      ] GC(266) Phase 4: Compact heap 0.453ms
[218.951s][info][gc,heap        ] GC(266) Eden regions: 38->0(50)
[218.951s][info][gc,heap        ] GC(266) Survivor regions: 2->0(80)
[218.951s][info][gc,heap        ] GC(266) Old regions: 25->25
[218.951s][info][gc,heap        ] GC(266) Archive regions: 0->0
[218.951s][info][gc,heap        ] GC(266) Humongous regions: 0->0
[218.951s][info][gc,metaspace   ] GC(266) Metaspace: 9940K(10240K)->9940K(10240K) NonClass: 8636K(8832K)->8636K(8832K) Class: 1303K(1408K)->1303K(1408K)
[218.951s][info][gc             ] GC(266) Pause Full (System.gc()) 42M->3M(84M) 24.955ms
[218.951s][info][gc,cpu         ] GC(266) User=0.05s Sys=0.36s Real=0.03s
[219.160s][info][gc,start       ] GC(267) Pause Young (Normal) (G1 Evacuation Pause)
[219.160s][info][gc,task        ] GC(267) Using 13 workers of 33 for evacuation
[219.162s][info][gc,phases      ] GC(267)   Pre Evacuate Collection Set: 0.1ms
[219.162s][info][gc,phases      ] GC(267)   Merge Heap Roots: 0.1ms
[219.162s][info][gc,phases      ] GC(267)   Evacuate Collection Set: 0.8ms
[219.162s][info][gc,phases      ] GC(267)   Post Evacuate Collection Set: 0.4ms
[219.162s][info][gc,phases      ] GC(267)   Other: 0.1ms
[219.162s][info][gc,heap        ] GC(267) Eden regions: 50->0(48)
[219.162s][info][gc,heap        ] GC(267) Survivor regions: 0->2(7)
[219.162s][info][gc,heap        ] GC(267) Old regions: 25->25
[219.162s][info][gc,heap        ] GC(267) Archive regions: 0->0
[219.162s][info][gc,heap        ] GC(267) Humongous regions: 0->0
[219.162s][info][gc,metaspace   ] GC(267) Metaspace: 9941K(10240K)->9941K(10240K) NonClass: 8637K(8832K)->8637K(8832K) Class: 1303K(1408K)->1303K(1408K)
[219.162s][info][gc             ] GC(267) Pause Young (Normal) (G1 Evacuation Pause) 53M->5M(84M) 2.185ms
[219.162s][info][gc,cpu         ] GC(267) User=0.00s Sys=0.02s Real=0.00s
[219.360s][info][gc,start       ] GC(268) Pause Young (Normal) (G1 Evacuation Pause)
[219.360s][info][gc,task        ] GC(268) Using 7 workers of 33 for evacuation
[219.361s][info][gc,phases      ] GC(268)   Pre Evacuate Collection Set: 0.1ms
[219.362s][info][gc,phases      ] GC(268)   Merge Heap Roots: 0.1ms
[219.362s][info][gc,phases      ] GC(268)   Evacuate Collection Set: 1.2ms
[219.362s][info][gc,phases      ] GC(268)   Post Evacuate Collection Set: 0.3ms
[219.362s][info][gc,phases      ] GC(268)   Other: 0.1ms
[219.362s][info][gc,heap        ] GC(268) Eden regions: 48->0(48)
[219.362s][info][gc,heap        ] GC(268) Survivor regions: 2->2(7)
[219.362s][info][gc,heap        ] GC(268) Old regions: 25->25
[219.362s][info][gc,heap        ] GC(268) Archive regions: 0->0
[219.362s][info][gc,heap        ] GC(268) Humongous regions: 0->0
[219.362s][info][gc,metaspace   ] GC(268) Metaspace: 9941K(10240K)->9941K(10240K) NonClass: 8637K(8832K)->8637K(8832K) Class: 1303K(1408K)->1303K(1408K)
[219.362s][info][gc             ] GC(268) Pause Young (Normal) (G1 Evacuation Pause) 53M->5M(84M) 2.270ms
[219.362s][info][gc,cpu         ] GC(268) User=0.00s Sys=0.00s Real=0.00s
[219.551s][info][gc,start       ] GC(269) Pause Young (Normal) (G1 Evacuation Pause)
[219.552s][info][gc,task        ] GC(269) Using 4 workers of 33 for evacuation
[219.554s][info][gc,phases      ] GC(269)   Pre Evacuate Collection Set: 0.1ms
[219.554s][info][gc,phases      ] GC(269)   Merge Heap Roots: 0.1ms
[219.554s][info][gc,phases      ] GC(269)   Evacuate Collection Set: 1.9ms
[219.554s][info][gc,phases      ] GC(269)   Post Evacuate Collection Set: 0.3ms
[219.554s][info][gc,phases      ] GC(269)   Other: 0.1ms
[219.554s][info][gc,heap        ] GC(269) Eden regions: 48->0(48)
[219.554s][info][gc,heap        ] GC(269) Survivor regions: 2->2(7)
[219.554s][info][gc,heap        ] GC(269) Old regions: 25->25
[219.554s][info][gc,heap        ] GC(269) Archive regions: 0->0
[219.554s][info][gc,heap        ] GC(269) Humongous regions: 0->0
[219.554s][info][gc,metaspace   ] GC(269) Metaspace: 9941K(10240K)->9941K(10240K) NonClass: 8637K(8832K)->8637K(8832K) Class: 1303K(1408K)->1303K(1408K)
[219.554s][info][gc             ] GC(269) Pause Young (Normal) (G1 Evacuation Pause) 53M->5M(84M) 2.984ms
[219.555s][info][gc,cpu         ] GC(269) User=0.00s Sys=0.00s Real=0.00s
[219.762s][info][gc,start       ] GC(270) Pause Young (Normal) (G1 Evacuation Pause)
[219.762s][info][gc,task        ] GC(270) Using 3 workers of 33 for evacuation
[219.765s][info][gc,phases      ] GC(270)   Pre Evacuate Collection Set: 0.1ms
[219.765s][info][gc,phases      ] GC(270)   Merge Heap Roots: 0.1ms
[219.765s][info][gc,phases      ] GC(270)   Evacuate Collection Set: 2.3ms
[219.765s][info][gc,phases      ] GC(270)   Post Evacuate Collection Set: 0.3ms
[219.765s][info][gc,phases      ] GC(270)   Other: 0.1ms
[219.765s][info][gc,heap        ] GC(270) Eden regions: 48->0(48)
[219.765s][info][gc,heap        ] GC(270) Survivor regions: 2->2(7)
[219.765s][info][gc,heap        ] GC(270) Old regions: 25->25
[219.765s][info][gc,heap        ] GC(270) Archive regions: 0->0
[219.765s][info][gc,heap        ] GC(270) Humongous regions: 0->0
[219.765s][info][gc,metaspace   ] GC(270) Metaspace: 9941K(10240K)->9941K(10240K) NonClass: 8637K(8832K)->8637K(8832K) Class: 1303K(1408K)->1303K(1408K)
[219.765s][info][gc             ] GC(270) Pause Young (Normal) (G1 Evacuation Pause) 53M->5M(84M) 3.660ms
[219.765s][info][gc,cpu         ] GC(270) User=0.00s Sys=0.00s Real=0.00s
[219.971s][info][gc,start       ] GC(271) Pause Young (Normal) (G1 Evacuation Pause)
[219.971s][info][gc,task        ] GC(271) Using 2 workers of 33 for evacuation
[219.975s][info][gc,phases      ] GC(271)   Pre Evacuate Collection Set: 0.1ms
[219.975s][info][gc,phases      ] GC(271)   Merge Heap Roots: 0.1ms
[219.975s][info][gc,phases      ] GC(271)   Evacuate Collection Set: 3.3ms
[219.975s][info][gc,phases      ] GC(271)   Post Evacuate Collection Set: 0.4ms
[219.975s][info][gc,phases      ] GC(271)   Other: 0.1ms
[219.975s][info][gc,heap        ] GC(271) Eden regions: 48->0(48)
[219.975s][info][gc,heap        ] GC(271) Survivor regions: 2->2(7)
[219.975s][info][gc,heap        ] GC(271) Old regions: 25->25
[219.975s][info][gc,heap        ] GC(271) Archive regions: 0->0
[219.975s][info][gc,heap        ] GC(271) Humongous regions: 0->0
[219.975s][info][gc,metaspace   ] GC(271) Metaspace: 9941K(10240K)->9941K(10240K) NonClass: 8637K(8832K)->8637K(8832K) Class: 1303K(1408K)->1303K(1408K)
[219.975s][info][gc             ] GC(271) Pause Young (Normal) (G1 Evacuation Pause) 53M->5M(84M) 4.535ms
[219.975s][info][gc,cpu         ] GC(271) User=0.00s Sys=0.00s Real=0.00s
[220.183s][info][gc,start       ] GC(272) Pause Young (Normal) (G1 Evacuation Pause)
[220.183s][info][gc,task        ] GC(272) Using 2 workers of 33 for evacuation
[220.199s][info][gc,phases      ] GC(272)   Pre Evacuate Collection Set: 0.1ms
[220.199s][info][gc,phases      ] GC(272)   Merge Heap Roots: 0.1ms
[220.199s][info][gc,phases      ] GC(272)   Evacuate Collection Set: 3.3ms
[220.199s][info][gc,phases      ] GC(272)   Post Evacuate Collection Set: 12.6ms
[220.199s][info][gc,phases      ] GC(272)   Other: 0.1ms
[220.199s][info][gc,heap        ] GC(272) Eden regions: 48->0(637)
[220.199s][info][gc,heap        ] GC(272) Survivor regions: 2->2(7)
[220.199s][info][gc,heap        ] GC(272) Old regions: 25->25
[220.199s][info][gc,heap        ] GC(272) Archive regions: 0->0
[220.199s][info][gc,heap        ] GC(272) Humongous regions: 0->0
[220.199s][info][gc,metaspace   ] GC(272) Metaspace: 9941K(10240K)->9941K(10240K) NonClass: 8637K(8832K)->8637K(8832K) Class: 1303K(1408K)->1303K(1408K)
[220.199s][info][gc             ] GC(272) Pause Young (Normal) (G1 Evacuation Pause) 53M->5M(1066M) 16.670ms
[220.199s][info][gc,cpu         ] GC(272) User=0.00s Sys=0.02s Real=0.02s
[223.157s][info][gc,start       ] GC(273) Pause Young (Normal) (G1 Evacuation Pause)
[223.157s][info][gc,task        ] GC(273) Using 25 workers of 33 for evacuation
[223.160s][info][gc,phases      ] GC(273)   Pre Evacuate Collection Set: 0.3ms
[223.160s][info][gc,phases      ] GC(273)   Merge Heap Roots: 0.4ms
[223.160s][info][gc,phases      ] GC(273)   Evacuate Collection Set: 1.6ms
[223.160s][info][gc,phases      ] GC(273)   Post Evacuate Collection Set: 0.8ms
[223.160s][info][gc,phases      ] GC(273)   Other: 0.2ms
[223.160s][info][gc,heap        ] GC(273) Eden regions: 637->0(637)
[223.160s][info][gc,heap        ] GC(273) Survivor regions: 2->2(80)
[223.160s][info][gc,heap        ] GC(273) Old regions: 25->25
[223.160s][info][gc,heap        ] GC(273) Archive regions: 0->0
[223.161s][info][gc,heap        ] GC(273) Humongous regions: 0->0
[223.161s][info][gc,metaspace   ] GC(273) Metaspace: 9941K(10240K)->9941K(10240K) NonClass: 8637K(8832K)->8637K(8832K) Class: 1303K(1408K)->1303K(1408K)
[223.161s][info][gc             ] GC(273) Pause Young (Normal) (G1 Evacuation Pause) 642M->5M(1066M) 3.819ms
[223.161s][info][gc,cpu         ] GC(273) User=0.03s Sys=0.03s Real=0.00s
[225.963s][info][gc,start       ] GC(274) Pause Young (Normal) (G1 Evacuation Pause)
[225.963s][info][gc,task        ] GC(274) Using 25 workers of 33 for evacuation
[225.966s][info][gc,phases      ] GC(274)   Pre Evacuate Collection Set: 0.2ms
[225.966s][info][gc,phases      ] GC(274)   Merge Heap Roots: 0.3ms
[225.966s][info][gc,phases      ] GC(274)   Evacuate Collection Set: 1.6ms
[225.966s][info][gc,phases      ] GC(274)   Post Evacuate Collection Set: 0.8ms
[225.967s][info][gc,phases      ] GC(274)   Other: 0.2ms
[225.967s][info][gc,heap        ] GC(274) Eden regions: 637->0(637)
[225.967s][info][gc,heap        ] GC(274) Survivor regions: 2->2(80)
[225.967s][info][gc,heap        ] GC(274) Old regions: 25->25
[225.967s][info][gc,heap        ] GC(274) Archive regions: 0->0
[225.967s][info][gc,heap        ] GC(274) Humongous regions: 0->0
[225.967s][info][gc,metaspace   ] GC(274) Metaspace: 9941K(10240K)->9941K(10240K) NonClass: 8637K(8832K)->8637K(8832K) Class: 1303K(1408K)->1303K(1408K)
[225.967s][info][gc             ] GC(274) Pause Young (Normal) (G1 Evacuation Pause) 642M->5M(1066M) 3.692ms
[225.967s][info][gc,cpu         ] GC(274) User=0.00s Sys=0.00s Real=0.00s
[226.090s][info][gc,start       ] GC(275) Pause Full (System.gc())
[226.090s][info][gc,task        ] GC(275) Using 25 workers of 33 for full compaction
[226.092s][info][gc,phases,start] GC(275) Phase 1: Mark live objects
[226.097s][info][gc,phases      ] GC(275) Phase 1: Mark live objects 5.746ms
[226.097s][info][gc,phases,start] GC(275) Phase 2: Prepare compaction
[226.102s][info][gc,phases      ] GC(275) Phase 2: Prepare compaction 4.243ms
[226.102s][info][gc,phases,start] GC(275) Phase 3: Adjust pointers
[226.106s][info][gc,phases      ] GC(275) Phase 3: Adjust pointers 3.865ms
[226.106s][info][gc,phases,start] GC(275) Phase 4: Compact heap
[226.106s][info][gc,phases      ] GC(275) Phase 4: Compact heap 0.586ms
[226.117s][info][gc,heap        ] GC(275) Eden regions: 32->0(50)
[226.117s][info][gc,heap        ] GC(275) Survivor regions: 2->0(80)
[226.118s][info][gc,heap        ] GC(275) Old regions: 25->25
[226.118s][info][gc,heap        ] GC(275) Archive regions: 0->0
[226.118s][info][gc,heap        ] GC(275) Humongous regions: 0->0
[226.118s][info][gc,metaspace   ] GC(275) Metaspace: 9942K(10240K)->9942K(10240K) NonClass: 8638K(8832K)->8638K(8832K) Class: 1303K(1408K)->1303K(1408K)
[226.118s][info][gc             ] GC(275) Pause Full (System.gc()) 36M->3M(84M) 27.322ms
[226.118s][info][gc,cpu         ] GC(275) User=0.39s Sys=0.27s Real=0.03s
[226.333s][info][gc,start       ] GC(276) Pause Young (Normal) (G1 Evacuation Pause)
[226.333s][info][gc,task        ] GC(276) Using 13 workers of 33 for evacuation
[226.334s][info][gc,phases      ] GC(276)   Pre Evacuate Collection Set: 0.1ms
[226.334s][info][gc,phases      ] GC(276)   Merge Heap Roots: 0.1ms
[226.334s][info][gc,phases      ] GC(276)   Evacuate Collection Set: 0.7ms
[226.334s][info][gc,phases      ] GC(276)   Post Evacuate Collection Set: 0.4ms
[226.334s][info][gc,phases      ] GC(276)   Other: 0.1ms
[226.334s][info][gc,heap        ] GC(276) Eden regions: 50->0(48)
[226.334s][info][gc,heap        ] GC(276) Survivor regions: 0->2(7)
[226.334s][info][gc,heap        ] GC(276) Old regions: 25->25
[226.334s][info][gc,heap        ] GC(276) Archive regions: 0->0
[226.334s][info][gc,heap        ] GC(276) Humongous regions: 0->0
[226.334s][info][gc,metaspace   ] GC(276) Metaspace: 9942K(10240K)->9942K(10240K) NonClass: 8638K(8832K)->8638K(8832K) Class: 1303K(1408K)->1303K(1408K)
[226.334s][info][gc             ] GC(276) Pause Young (Normal) (G1 Evacuation Pause) 53M->5M(84M) 1.897ms
[226.334s][info][gc,cpu         ] GC(276) User=0.00s Sys=0.00s Real=0.00s
[226.533s][info][gc,start       ] GC(277) Pause Young (Normal) (G1 Evacuation Pause)
[226.534s][info][gc,task        ] GC(277) Using 7 workers of 33 for evacuation
[226.535s][info][gc,phases      ] GC(277)   Pre Evacuate Collection Set: 0.1ms
[226.535s][info][gc,phases      ] GC(277)   Merge Heap Roots: 0.1ms
[226.536s][info][gc,phases      ] GC(277)   Evacuate Collection Set: 1.1ms
[226.536s][info][gc,phases      ] GC(277)   Post Evacuate Collection Set: 0.3ms
[226.536s][info][gc,phases      ] GC(277)   Other: 0.1ms
[226.536s][info][gc,heap        ] GC(277) Eden regions: 48->0(48)
[226.536s][info][gc,heap        ] GC(277) Survivor regions: 2->2(7)
[226.536s][info][gc,heap        ] GC(277) Old regions: 25->25
[226.536s][info][gc,heap        ] GC(277) Archive regions: 0->0
[226.536s][info][gc,heap        ] GC(277) Humongous regions: 0->0
[226.536s][info][gc,metaspace   ] GC(277) Metaspace: 9942K(10240K)->9942K(10240K) NonClass: 8638K(8832K)->8638K(8832K) Class: 1303K(1408K)->1303K(1408K)
[226.536s][info][gc             ] GC(277) Pause Young (Normal) (G1 Evacuation Pause) 53M->5M(84M) 2.326ms
[226.536s][info][gc,cpu         ] GC(277) User=0.00s Sys=0.00s Real=0.00s
[226.739s][info][gc,start       ] GC(278) Pause Young (Normal) (G1 Evacuation Pause)
[226.739s][info][gc,task        ] GC(278) Using 4 workers of 33 for evacuation
[226.741s][info][gc,phases      ] GC(278)   Pre Evacuate Collection Set: 0.1ms
[226.742s][info][gc,phases      ] GC(278)   Merge Heap Roots: 0.1ms
[226.742s][info][gc,phases      ] GC(278)   Evacuate Collection Set: 1.8ms
[226.742s][info][gc,phases      ] GC(278)   Post Evacuate Collection Set: 0.3ms
[226.742s][info][gc,phases      ] GC(278)   Other: 0.1ms
[226.742s][info][gc,heap        ] GC(278) Eden regions: 48->0(48)
[226.742s][info][gc,heap        ] GC(278) Survivor regions: 2->2(7)
[226.742s][info][gc,heap        ] GC(278) Old regions: 25->25
[226.742s][info][gc,heap        ] GC(278) Archive regions: 0->0
[226.742s][info][gc,heap        ] GC(278) Humongous regions: 0->0
[226.742s][info][gc,metaspace   ] GC(278) Metaspace: 9942K(10240K)->9942K(10240K) NonClass: 8638K(8832K)->8638K(8832K) Class: 1303K(1408K)->1303K(1408K)
[226.742s][info][gc             ] GC(278) Pause Young (Normal) (G1 Evacuation Pause) 53M->5M(84M) 2.998ms
[226.742s][info][gc,cpu         ] GC(278) User=0.00s Sys=0.00s Real=0.00s
[226.948s][info][gc,start       ] GC(279) Pause Young (Normal) (G1 Evacuation Pause)
[226.948s][info][gc,task        ] GC(279) Using 3 workers of 33 for evacuation
[226.951s][info][gc,phases      ] GC(279)   Pre Evacuate Collection Set: 0.1ms
[226.951s][info][gc,phases      ] GC(279)   Merge Heap Roots: 0.1ms
[226.951s][info][gc,phases      ] GC(279)   Evacuate Collection Set: 2.6ms
[226.951s][info][gc,phases      ] GC(279)   Post Evacuate Collection Set: 0.3ms
[226.951s][info][gc,phases      ] GC(279)   Other: 0.1ms
[226.951s][info][gc,heap        ] GC(279) Eden regions: 48->0(48)
[226.951s][info][gc,heap        ] GC(279) Survivor regions: 2->2(7)
[226.951s][info][gc,heap        ] GC(279) Old regions: 25->25
[226.951s][info][gc,heap        ] GC(279) Archive regions: 0->0
[226.952s][info][gc,heap        ] GC(279) Humongous regions: 0->0
[226.952s][info][gc,metaspace   ] GC(279) Metaspace: 9942K(10240K)->9942K(10240K) NonClass: 8638K(8832K)->8638K(8832K) Class: 1303K(1408K)->1303K(1408K)
[226.952s][info][gc             ] GC(279) Pause Young (Normal) (G1 Evacuation Pause) 53M->5M(84M) 3.812ms
[226.952s][info][gc,cpu         ] GC(279) User=0.00s Sys=0.00s Real=0.00s
[227.159s][info][gc,start       ] GC(280) Pause Young (Normal) (G1 Evacuation Pause)
[227.160s][info][gc,task        ] GC(280) Using 2 workers of 33 for evacuation
[227.164s][info][gc,phases      ] GC(280)   Pre Evacuate Collection Set: 0.1ms
[227.164s][info][gc,phases      ] GC(280)   Merge Heap Roots: 0.1ms
[227.164s][info][gc,phases      ] GC(280)   Evacuate Collection Set: 3.7ms
[227.164s][info][gc,phases      ] GC(280)   Post Evacuate Collection Set: 0.4ms
[227.164s][info][gc,phases      ] GC(280)   Other: 0.1ms
[227.164s][info][gc,heap        ] GC(280) Eden regions: 48->0(48)
[227.164s][info][gc,heap        ] GC(280) Survivor regions: 2->2(7)
[227.164s][info][gc,heap        ] GC(280) Old regions: 25->25
[227.164s][info][gc,heap        ] GC(280) Archive regions: 0->0
[227.164s][info][gc,heap        ] GC(280) Humongous regions: 0->0
[227.164s][info][gc,metaspace   ] GC(280) Metaspace: 9942K(10240K)->9942K(10240K) NonClass: 8638K(8832K)->8638K(8832K) Class: 1303K(1408K)->1303K(1408K)
[227.164s][info][gc             ] GC(280) Pause Young (Normal) (G1 Evacuation Pause) 53M->5M(84M) 4.898ms
[227.164s][info][gc,cpu         ] GC(280) User=0.00s Sys=0.00s Real=0.00s
[227.376s][info][gc,start       ] GC(281) Pause Young (Normal) (G1 Evacuation Pause)
[227.376s][info][gc,task        ] GC(281) Using 2 workers of 33 for evacuation
[227.393s][info][gc,phases      ] GC(281)   Pre Evacuate Collection Set: 0.1ms
[227.393s][info][gc,phases      ] GC(281)   Merge Heap Roots: 0.1ms
[227.393s][info][gc,phases      ] GC(281)   Evacuate Collection Set: 3.5ms
[227.393s][info][gc,phases      ] GC(281)   Post Evacuate Collection Set: 13.0ms
[227.393s][info][gc,phases      ] GC(281)   Other: 0.1ms
[227.393s][info][gc,heap        ] GC(281) Eden regions: 48->0(637)
[227.393s][info][gc,heap        ] GC(281) Survivor regions: 2->2(7)
[227.393s][info][gc,heap        ] GC(281) Old regions: 25->25
[227.393s][info][gc,heap        ] GC(281) Archive regions: 0->0
[227.393s][info][gc,heap        ] GC(281) Humongous regions: 0->0
[227.393s][info][gc,metaspace   ] GC(281) Metaspace: 9942K(10240K)->9942K(10240K) NonClass: 8638K(8832K)->8638K(8832K) Class: 1303K(1408K)->1303K(1408K)
[227.393s][info][gc             ] GC(281) Pause Young (Normal) (G1 Evacuation Pause) 53M->5M(1066M) 17.428ms
[227.393s][info][gc,cpu         ] GC(281) User=0.03s Sys=0.00s Real=0.01s
[230.368s][info][gc,start       ] GC(282) Pause Young (Normal) (G1 Evacuation Pause)
[230.369s][info][gc,task        ] GC(282) Using 25 workers of 33 for evacuation
[230.372s][info][gc,phases      ] GC(282)   Pre Evacuate Collection Set: 0.2ms
[230.372s][info][gc,phases      ] GC(282)   Merge Heap Roots: 0.4ms
[230.372s][info][gc,phases      ] GC(282)   Evacuate Collection Set: 1.8ms
[230.372s][info][gc,phases      ] GC(282)   Post Evacuate Collection Set: 0.8ms
[230.372s][info][gc,phases      ] GC(282)   Other: 0.2ms
[230.372s][info][gc,heap        ] GC(282) Eden regions: 637->0(637)
[230.372s][info][gc,heap        ] GC(282) Survivor regions: 2->2(80)
[230.372s][info][gc,heap        ] GC(282) Old regions: 25->25
[230.372s][info][gc,heap        ] GC(282) Archive regions: 0->0
[230.372s][info][gc,heap        ] GC(282) Humongous regions: 0->0
[230.372s][info][gc,metaspace   ] GC(282) Metaspace: 9942K(10240K)->9942K(10240K) NonClass: 8638K(8832K)->8638K(8832K) Class: 1303K(1408K)->1303K(1408K)
[230.372s][info][gc             ] GC(282) Pause Young (Normal) (G1 Evacuation Pause) 642M->5M(1066M) 3.944ms
[230.372s][info][gc,cpu         ] GC(282) User=0.00s Sys=0.00s Real=0.00s
[233.155s][info][gc,start       ] GC(283) Pause Young (Normal) (G1 Evacuation Pause)
[233.155s][info][gc,task        ] GC(283) Using 25 workers of 33 for evacuation
[233.159s][info][gc,phases      ] GC(283)   Pre Evacuate Collection Set: 0.2ms
[233.159s][info][gc,phases      ] GC(283)   Merge Heap Roots: 0.4ms
[233.159s][info][gc,phases      ] GC(283)   Evacuate Collection Set: 1.7ms
[233.159s][info][gc,phases      ] GC(283)   Post Evacuate Collection Set: 0.8ms
[233.159s][info][gc,phases      ] GC(283)   Other: 0.2ms
[233.159s][info][gc,heap        ] GC(283) Eden regions: 637->0(637)
[233.159s][info][gc,heap        ] GC(283) Survivor regions: 2->2(80)
[233.159s][info][gc,heap        ] GC(283) Old regions: 25->25
[233.159s][info][gc,heap        ] GC(283) Archive regions: 0->0
[233.159s][info][gc,heap        ] GC(283) Humongous regions: 0->0
[233.159s][info][gc,metaspace   ] GC(283) Metaspace: 9942K(10240K)->9942K(10240K) NonClass: 8638K(8832K)->8638K(8832K) Class: 1303K(1408K)->1303K(1408K)
[233.159s][info][gc             ] GC(283) Pause Young (Normal) (G1 Evacuation Pause) 642M->5M(1066M) 3.790ms
[233.159s][info][gc,cpu         ] GC(283) User=0.00s Sys=0.00s Real=0.00s
[233.279s][info][gc,start       ] GC(284) Pause Full (System.gc())
[233.279s][info][gc,task        ] GC(284) Using 25 workers of 33 for full compaction
[233.281s][info][gc,phases,start] GC(284) Phase 1: Mark live objects
[233.286s][info][gc,phases      ] GC(284) Phase 1: Mark live objects 5.533ms
[233.286s][info][gc,phases,start] GC(284) Phase 2: Prepare compaction
[233.290s][info][gc,phases      ] GC(284) Phase 2: Prepare compaction 4.116ms
[233.290s][info][gc,phases,start] GC(284) Phase 3: Adjust pointers
[233.294s][info][gc,phases      ] GC(284) Phase 3: Adjust pointers 3.925ms
[233.294s][info][gc,phases,start] GC(284) Phase 4: Compact heap
[233.295s][info][gc,phases      ] GC(284) Phase 4: Compact heap 0.583ms
[233.308s][info][gc,heap        ] GC(284) Eden regions: 28->0(50)
[233.308s][info][gc,heap        ] GC(284) Survivor regions: 2->0(80)
[233.308s][info][gc,heap        ] GC(284) Old regions: 25->25
[233.309s][info][gc,heap        ] GC(284) Archive regions: 0->0
[233.309s][info][gc,heap        ] GC(284) Humongous regions: 0->0
[233.309s][info][gc,metaspace   ] GC(284) Metaspace: 9942K(10240K)->9942K(10240K) NonClass: 8638K(8832K)->8638K(8832K) Class: 1303K(1408K)->1303K(1408K)
[233.309s][info][gc             ] GC(284) Pause Full (System.gc()) 32M->3M(84M) 29.248ms
[233.309s][info][gc,cpu         ] GC(284) User=0.11s Sys=0.30s Real=0.03s
[233.509s][info][gc,start       ] GC(285) Pause Young (Normal) (G1 Evacuation Pause)
[233.509s][info][gc,task        ] GC(285) Using 13 workers of 33 for evacuation
[233.510s][info][gc,phases      ] GC(285)   Pre Evacuate Collection Set: 0.1ms
[233.511s][info][gc,phases      ] GC(285)   Merge Heap Roots: 0.1ms
[233.511s][info][gc,phases      ] GC(285)   Evacuate Collection Set: 0.8ms
[233.511s][info][gc,phases      ] GC(285)   Post Evacuate Collection Set: 0.3ms
[233.511s][info][gc,phases      ] GC(285)   Other: 0.1ms
[233.511s][info][gc,heap        ] GC(285) Eden regions: 50->0(48)
[233.511s][info][gc,heap        ] GC(285) Survivor regions: 0->2(7)
[233.511s][info][gc,heap        ] GC(285) Old regions: 25->25
[233.511s][info][gc,heap        ] GC(285) Archive regions: 0->0
[233.511s][info][gc,heap        ] GC(285) Humongous regions: 0->0
[233.511s][info][gc,metaspace   ] GC(285) Metaspace: 9942K(10240K)->9942K(10240K) NonClass: 8638K(8832K)->8638K(8832K) Class: 1303K(1408K)->1303K(1408K)
[233.511s][info][gc             ] GC(285) Pause Young (Normal) (G1 Evacuation Pause) 53M->5M(84M) 1.650ms
[233.511s][info][gc,cpu         ] GC(285) User=0.00s Sys=0.00s Real=0.00s
[233.702s][info][gc,start       ] GC(286) Pause Young (Normal) (G1 Evacuation Pause)
[233.702s][info][gc,task        ] GC(286) Using 7 workers of 33 for evacuation
[233.704s][info][gc,phases      ] GC(286)   Pre Evacuate Collection Set: 0.1ms
[233.704s][info][gc,phases      ] GC(286)   Merge Heap Roots: 0.1ms
[233.704s][info][gc,phases      ] GC(286)   Evacuate Collection Set: 1.0ms
[233.704s][info][gc,phases      ] GC(286)   Post Evacuate Collection Set: 0.3ms
[233.704s][info][gc,phases      ] GC(286)   Other: 0.1ms
[233.704s][info][gc,heap        ] GC(286) Eden regions: 48->0(48)
[233.704s][info][gc,heap        ] GC(286) Survivor regions: 2->2(7)
[233.704s][info][gc,heap        ] GC(286) Old regions: 25->25
[233.704s][info][gc,heap        ] GC(286) Archive regions: 0->0
[233.704s][info][gc,heap        ] GC(286) Humongous regions: 0->0
[233.704s][info][gc,metaspace   ] GC(286) Metaspace: 9942K(10240K)->9942K(10240K) NonClass: 8638K(8832K)->8638K(8832K) Class: 1303K(1408K)->1303K(1408K)
[233.704s][info][gc             ] GC(286) Pause Young (Normal) (G1 Evacuation Pause) 53M->5M(84M) 2.155ms
[233.704s][info][gc,cpu         ] GC(286) User=0.00s Sys=0.00s Real=0.00s
[233.907s][info][gc,start       ] GC(287) Pause Young (Normal) (G1 Evacuation Pause)
[233.907s][info][gc,task        ] GC(287) Using 4 workers of 33 for evacuation
[233.909s][info][gc,phases      ] GC(287)   Pre Evacuate Collection Set: 0.1ms
[233.909s][info][gc,phases      ] GC(287)   Merge Heap Roots: 0.1ms
[233.909s][info][gc,phases      ] GC(287)   Evacuate Collection Set: 1.8ms
[233.909s][info][gc,phases      ] GC(287)   Post Evacuate Collection Set: 0.3ms
[233.910s][info][gc,phases      ] GC(287)   Other: 0.1ms
[233.910s][info][gc,heap        ] GC(287) Eden regions: 48->0(48)
[233.910s][info][gc,heap        ] GC(287) Survivor regions: 2->2(7)
[233.910s][info][gc,heap        ] GC(287) Old regions: 25->25
[233.910s][info][gc,heap        ] GC(287) Archive regions: 0->0
[233.910s][info][gc,heap        ] GC(287) Humongous regions: 0->0
[233.910s][info][gc,metaspace   ] GC(287) Metaspace: 9942K(10240K)->9942K(10240K) NonClass: 8638K(8832K)->8638K(8832K) Class: 1303K(1408K)->1303K(1408K)
[233.910s][info][gc             ] GC(287) Pause Young (Normal) (G1 Evacuation Pause) 53M->5M(84M) 2.992ms
[233.910s][info][gc,cpu         ] GC(287) User=0.00s Sys=0.00s Real=0.00s
[234.125s][info][gc,start       ] GC(288) Pause Young (Normal) (G1 Evacuation Pause)
[234.126s][info][gc,task        ] GC(288) Using 3 workers of 33 for evacuation
[234.129s][info][gc,phases      ] GC(288)   Pre Evacuate Collection Set: 0.1ms
[234.129s][info][gc,phases      ] GC(288)   Merge Heap Roots: 0.1ms
[234.129s][info][gc,phases      ] GC(288)   Evacuate Collection Set: 2.4ms
[234.129s][info][gc,phases      ] GC(288)   Post Evacuate Collection Set: 0.4ms
[234.129s][info][gc,phases      ] GC(288)   Other: 0.1ms
[234.129s][info][gc,heap        ] GC(288) Eden regions: 48->0(48)
[234.129s][info][gc,heap        ] GC(288) Survivor regions: 2->2(7)
[234.129s][info][gc,heap        ] GC(288) Old regions: 25->25
[234.129s][info][gc,heap        ] GC(288) Archive regions: 0->0
[234.129s][info][gc,heap        ] GC(288) Humongous regions: 0->0
[234.129s][info][gc,metaspace   ] GC(288) Metaspace: 9942K(10240K)->9942K(10240K) NonClass: 8638K(8832K)->8638K(8832K) Class: 1303K(1408K)->1303K(1408K)
[234.129s][info][gc             ] GC(288) Pause Young (Normal) (G1 Evacuation Pause) 53M->5M(84M) 3.669ms
[234.129s][info][gc,cpu         ] GC(288) User=0.02s Sys=0.00s Real=0.02s
[234.340s][info][gc,start       ] GC(289) Pause Young (Normal) (G1 Evacuation Pause)
[234.340s][info][gc,task        ] GC(289) Using 2 workers of 33 for evacuation
[234.345s][info][gc,phases      ] GC(289)   Pre Evacuate Collection Set: 0.1ms
[234.345s][info][gc,phases      ] GC(289)   Merge Heap Roots: 0.1ms
[234.345s][info][gc,phases      ] GC(289)   Evacuate Collection Set: 3.5ms
[234.345s][info][gc,phases      ] GC(289)   Post Evacuate Collection Set: 0.3ms
[234.345s][info][gc,phases      ] GC(289)   Other: 0.1ms
[234.345s][info][gc,heap        ] GC(289) Eden regions: 48->0(48)
[234.345s][info][gc,heap        ] GC(289) Survivor regions: 2->2(7)
[234.345s][info][gc,heap        ] GC(289) Old regions: 25->25
[234.345s][info][gc,heap        ] GC(289) Archive regions: 0->0
[234.345s][info][gc,heap        ] GC(289) Humongous regions: 0->0
[234.345s][info][gc,metaspace   ] GC(289) Metaspace: 9942K(10240K)->9942K(10240K) NonClass: 8638K(8832K)->8638K(8832K) Class: 1303K(1408K)->1303K(1408K)
[234.345s][info][gc             ] GC(289) Pause Young (Normal) (G1 Evacuation Pause) 53M->5M(84M) 4.702ms
[234.345s][info][gc,cpu         ] GC(289) User=0.00s Sys=0.00s Real=0.00s
[234.554s][info][gc,start       ] GC(290) Pause Young (Normal) (G1 Evacuation Pause)
[234.554s][info][gc,task        ] GC(290) Using 2 workers of 33 for evacuation
[234.571s][info][gc,phases      ] GC(290)   Pre Evacuate Collection Set: 0.1ms
[234.571s][info][gc,phases      ] GC(290)   Merge Heap Roots: 0.1ms
[234.571s][info][gc,phases      ] GC(290)   Evacuate Collection Set: 3.5ms
[234.571s][info][gc,phases      ] GC(290)   Post Evacuate Collection Set: 13.1ms
[234.571s][info][gc,phases      ] GC(290)   Other: 0.1ms
[234.571s][info][gc,heap        ] GC(290) Eden regions: 48->0(637)
[234.571s][info][gc,heap        ] GC(290) Survivor regions: 2->2(7)
[234.571s][info][gc,heap        ] GC(290) Old regions: 25->25
[234.572s][info][gc,heap        ] GC(290) Archive regions: 0->0
[234.572s][info][gc,heap        ] GC(290) Humongous regions: 0->0
[234.572s][info][gc,metaspace   ] GC(290) Metaspace: 9942K(10240K)->9942K(10240K) NonClass: 8638K(8832K)->8638K(8832K) Class: 1303K(1408K)->1303K(1408K)
[234.572s][info][gc             ] GC(290) Pause Young (Normal) (G1 Evacuation Pause) 53M->5M(1066M) 17.514ms
[234.572s][info][gc,cpu         ] GC(290) User=0.02s Sys=0.00s Real=0.02s
[237.565s][info][gc,start       ] GC(291) Pause Young (Normal) (G1 Evacuation Pause)
[237.565s][info][gc,task        ] GC(291) Using 25 workers of 33 for evacuation
[237.568s][info][gc,phases      ] GC(291)   Pre Evacuate Collection Set: 0.2ms
[237.568s][info][gc,phases      ] GC(291)   Merge Heap Roots: 0.4ms
[237.568s][info][gc,phases      ] GC(291)   Evacuate Collection Set: 1.7ms
[237.568s][info][gc,phases      ] GC(291)   Post Evacuate Collection Set: 0.8ms
[237.568s][info][gc,phases      ] GC(291)   Other: 0.2ms
[237.568s][info][gc,heap        ] GC(291) Eden regions: 637->0(637)
[237.568s][info][gc,heap        ] GC(291) Survivor regions: 2->2(80)
[237.568s][info][gc,heap        ] GC(291) Old regions: 25->25
[237.568s][info][gc,heap        ] GC(291) Archive regions: 0->0
[237.568s][info][gc,heap        ] GC(291) Humongous regions: 0->0
[237.568s][info][gc,metaspace   ] GC(291) Metaspace: 9942K(10240K)->9942K(10240K) NonClass: 8638K(8832K)->8638K(8832K) Class: 1303K(1408K)->1303K(1408K)
[237.568s][info][gc             ] GC(291) Pause Young (Normal) (G1 Evacuation Pause) 642M->5M(1066M) 3.846ms
[237.568s][info][gc,cpu         ] GC(291) User=0.00s Sys=0.00s Real=0.00s
[240.360s][info][gc,start       ] GC(292) Pause Young (Normal) (G1 Evacuation Pause)
[240.361s][info][gc,task        ] GC(292) Using 25 workers of 33 for evacuation
[240.364s][info][gc,phases      ] GC(292)   Pre Evacuate Collection Set: 0.2ms
[240.364s][info][gc,phases      ] GC(292)   Merge Heap Roots: 0.4ms
[240.364s][info][gc,phases      ] GC(292)   Evacuate Collection Set: 1.7ms
[240.364s][info][gc,phases      ] GC(292)   Post Evacuate Collection Set: 0.8ms
[240.364s][info][gc,phases      ] GC(292)   Other: 0.2ms
[240.364s][info][gc,heap        ] GC(292) Eden regions: 637->0(637)
[240.364s][info][gc,heap        ] GC(292) Survivor regions: 2->2(80)
[240.364s][info][gc,heap        ] GC(292) Old regions: 25->25
[240.364s][info][gc,heap        ] GC(292) Archive regions: 0->0
[240.364s][info][gc,heap        ] GC(292) Humongous regions: 0->0
[240.364s][info][gc,metaspace   ] GC(292) Metaspace: 9942K(10240K)->9942K(10240K) NonClass: 8638K(8832K)->8638K(8832K) Class: 1303K(1408K)->1303K(1408K)
[240.364s][info][gc             ] GC(292) Pause Young (Normal) (G1 Evacuation Pause) 642M->5M(1066M) 3.845ms
[240.364s][info][gc,cpu         ] GC(292) User=0.00s Sys=0.00s Real=0.00s
[240.507s][info][gc,start       ] GC(293) Pause Full (System.gc())
[240.507s][info][gc,task        ] GC(293) Using 25 workers of 33 for full compaction
[240.508s][info][gc,phases,start] GC(293) Phase 1: Mark live objects
[240.514s][info][gc,phases      ] GC(293) Phase 1: Mark live objects 5.961ms
[240.514s][info][gc,phases,start] GC(293) Phase 2: Prepare compaction
[240.518s][info][gc,phases      ] GC(293) Phase 2: Prepare compaction 4.207ms
[240.518s][info][gc,phases,start] GC(293) Phase 3: Adjust pointers
[240.522s][info][gc,phases      ] GC(293) Phase 3: Adjust pointers 3.990ms
[240.522s][info][gc,phases,start] GC(293) Phase 4: Compact heap
[240.523s][info][gc,phases      ] GC(293) Phase 4: Compact heap 0.579ms
[240.535s][info][gc,heap        ] GC(293) Eden regions: 34->0(50)
[240.535s][info][gc,heap        ] GC(293) Survivor regions: 2->0(80)
[240.535s][info][gc,heap        ] GC(293) Old regions: 25->25
[240.535s][info][gc,heap        ] GC(293) Archive regions: 0->0
[240.535s][info][gc,heap        ] GC(293) Humongous regions: 0->0
[240.535s][info][gc,metaspace   ] GC(293) Metaspace: 9942K(10240K)->9942K(10240K) NonClass: 8638K(8832K)->8638K(8832K) Class: 1303K(1408K)->1303K(1408K)
[240.535s][info][gc             ] GC(293) Pause Full (System.gc()) 38M->3M(84M) 28.622ms
[240.535s][info][gc,cpu         ] GC(293) User=0.41s Sys=0.25s Real=0.03s
[240.742s][info][gc,start       ] GC(294) Pause Young (Normal) (G1 Evacuation Pause)
[240.742s][info][gc,task        ] GC(294) Using 13 workers of 33 for evacuation
[240.744s][info][gc,phases      ] GC(294)   Pre Evacuate Collection Set: 0.1ms
[240.744s][info][gc,phases      ] GC(294)   Merge Heap Roots: 0.1ms
[240.744s][info][gc,phases      ] GC(294)   Evacuate Collection Set: 0.9ms
[240.744s][info][gc,phases      ] GC(294)   Post Evacuate Collection Set: 0.4ms
[240.744s][info][gc,phases      ] GC(294)   Other: 0.1ms
[240.744s][info][gc,heap        ] GC(294) Eden regions: 50->0(48)
[240.744s][info][gc,heap        ] GC(294) Survivor regions: 0->2(7)
[240.744s][info][gc,heap        ] GC(294) Old regions: 25->25
[240.744s][info][gc,heap        ] GC(294) Archive regions: 0->0
[240.744s][info][gc,heap        ] GC(294) Humongous regions: 0->0
[240.744s][info][gc,metaspace   ] GC(294) Metaspace: 9942K(10240K)->9942K(10240K) NonClass: 8638K(8832K)->8638K(8832K) Class: 1303K(1408K)->1303K(1408K)
[240.744s][info][gc             ] GC(294) Pause Young (Normal) (G1 Evacuation Pause) 53M->5M(84M) 2.134ms
[240.744s][info][gc,cpu         ] GC(294) User=0.00s Sys=0.00s Real=0.00s
[240.937s][info][gc,start       ] GC(295) Pause Young (Normal) (G1 Evacuation Pause)
[240.937s][info][gc,task        ] GC(295) Using 7 workers of 33 for evacuation
[240.939s][info][gc,phases      ] GC(295)   Pre Evacuate Collection Set: 0.1ms
[240.939s][info][gc,phases      ] GC(295)   Merge Heap Roots: 0.1ms
[240.939s][info][gc,phases      ] GC(295)   Evacuate Collection Set: 1.2ms
[240.939s][info][gc,phases      ] GC(295)   Post Evacuate Collection Set: 0.3ms
[240.939s][info][gc,phases      ] GC(295)   Other: 0.1ms
[240.939s][info][gc,heap        ] GC(295) Eden regions: 48->0(48)
[240.939s][info][gc,heap        ] GC(295) Survivor regions: 2->2(7)
[240.939s][info][gc,heap        ] GC(295) Old regions: 25->25
[240.939s][info][gc,heap        ] GC(295) Archive regions: 0->0
[240.939s][info][gc,heap        ] GC(295) Humongous regions: 0->0
[240.940s][info][gc,metaspace   ] GC(295) Metaspace: 9942K(10240K)->9942K(10240K) NonClass: 8638K(8832K)->8638K(8832K) Class: 1303K(1408K)->1303K(1408K)
[240.940s][info][gc             ] GC(295) Pause Young (Normal) (G1 Evacuation Pause) 53M->5M(84M) 2.304ms
[240.940s][info][gc,cpu         ] GC(295) User=0.00s Sys=0.00s Real=0.00s
[241.142s][info][gc,start       ] GC(296) Pause Young (Normal) (G1 Evacuation Pause)
[241.142s][info][gc,task        ] GC(296) Using 4 workers of 33 for evacuation
[241.144s][info][gc,phases      ] GC(296)   Pre Evacuate Collection Set: 0.1ms
[241.144s][info][gc,phases      ] GC(296)   Merge Heap Roots: 0.1ms
[241.144s][info][gc,phases      ] GC(296)   Evacuate Collection Set: 1.7ms
[241.144s][info][gc,phases      ] GC(296)   Post Evacuate Collection Set: 0.3ms
[241.144s][info][gc,phases      ] GC(296)   Other: 0.1ms
[241.144s][info][gc,heap        ] GC(296) Eden regions: 48->0(48)
[241.144s][info][gc,heap        ] GC(296) Survivor regions: 2->2(7)
[241.144s][info][gc,heap        ] GC(296) Old regions: 25->25
[241.145s][info][gc,heap        ] GC(296) Archive regions: 0->0
[241.145s][info][gc,heap        ] GC(296) Humongous regions: 0->0
[241.145s][info][gc,metaspace   ] GC(296) Metaspace: 9942K(10240K)->9942K(10240K) NonClass: 8638K(8832K)->8638K(8832K) Class: 1303K(1408K)->1303K(1408K)
[241.145s][info][gc             ] GC(296) Pause Young (Normal) (G1 Evacuation Pause) 53M->5M(84M) 2.880ms
[241.145s][info][gc,cpu         ] GC(296) User=0.00s Sys=0.00s Real=0.00s
[241.358s][info][gc,start       ] GC(297) Pause Young (Normal) (G1 Evacuation Pause)
[241.359s][info][gc,task        ] GC(297) Using 3 workers of 33 for evacuation
[241.362s][info][gc,phases      ] GC(297)   Pre Evacuate Collection Set: 0.1ms
[241.362s][info][gc,phases      ] GC(297)   Merge Heap Roots: 0.1ms
[241.362s][info][gc,phases      ] GC(297)   Evacuate Collection Set: 2.7ms
[241.362s][info][gc,phases      ] GC(297)   Post Evacuate Collection Set: 0.3ms
[241.362s][info][gc,phases      ] GC(297)   Other: 0.1ms
[241.362s][info][gc,heap        ] GC(297) Eden regions: 48->0(48)
[241.362s][info][gc,heap        ] GC(297) Survivor regions: 2->2(7)
[241.362s][info][gc,heap        ] GC(297) Old regions: 25->25
[241.362s][info][gc,heap        ] GC(297) Archive regions: 0->0
[241.362s][info][gc,heap        ] GC(297) Humongous regions: 0->0
[241.362s][info][gc,metaspace   ] GC(297) Metaspace: 9942K(10240K)->9942K(10240K) NonClass: 8638K(8832K)->8638K(8832K) Class: 1303K(1408K)->1303K(1408K)
[241.362s][info][gc             ] GC(297) Pause Young (Normal) (G1 Evacuation Pause) 53M->5M(84M) 3.843ms
[241.362s][info][gc,cpu         ] GC(297) User=0.00s Sys=0.00s Real=0.00s
[241.571s][info][gc,start       ] GC(298) Pause Young (Normal) (G1 Evacuation Pause)
[241.572s][info][gc,task        ] GC(298) Using 2 workers of 33 for evacuation
[241.576s][info][gc,phases      ] GC(298)   Pre Evacuate Collection Set: 0.1ms
[241.576s][info][gc,phases      ] GC(298)   Merge Heap Roots: 0.1ms
[241.576s][info][gc,phases      ] GC(298)   Evacuate Collection Set: 3.5ms
[241.576s][info][gc,phases      ] GC(298)   Post Evacuate Collection Set: 0.3ms
[241.576s][info][gc,phases      ] GC(298)   Other: 0.1ms
[241.576s][info][gc,heap        ] GC(298) Eden regions: 48->0(48)
[241.576s][info][gc,heap        ] GC(298) Survivor regions: 2->2(7)
[241.576s][info][gc,heap        ] GC(298) Old regions: 25->25
[241.576s][info][gc,heap        ] GC(298) Archive regions: 0->0
[241.576s][info][gc,heap        ] GC(298) Humongous regions: 0->0
[241.576s][info][gc,metaspace   ] GC(298) Metaspace: 9942K(10240K)->9942K(10240K) NonClass: 8638K(8832K)->8638K(8832K) Class: 1303K(1408K)->1303K(1408K)
[241.576s][info][gc             ] GC(298) Pause Young (Normal) (G1 Evacuation Pause) 53M->5M(84M) 4.687ms
[241.576s][info][gc,cpu         ] GC(298) User=0.03s Sys=0.00s Real=0.01s
[241.777s][info][gc,start       ] GC(299) Pause Young (Normal) (G1 Evacuation Pause)
[241.777s][info][gc,task        ] GC(299) Using 2 workers of 33 for evacuation
[241.793s][info][gc,phases      ] GC(299)   Pre Evacuate Collection Set: 0.1ms
[241.793s][info][gc,phases      ] GC(299)   Merge Heap Roots: 0.1ms
[241.793s][info][gc,phases      ] GC(299)   Evacuate Collection Set: 3.5ms
[241.793s][info][gc,phases      ] GC(299)   Post Evacuate Collection Set: 12.6ms
[241.793s][info][gc,phases      ] GC(299)   Other: 0.1ms
[241.793s][info][gc,heap        ] GC(299) Eden regions: 48->0(637)
[241.793s][info][gc,heap        ] GC(299) Survivor regions: 2->2(7)
[241.793s][info][gc,heap        ] GC(299) Old regions: 25->25
[241.793s][info][gc,heap        ] GC(299) Archive regions: 0->0
[241.793s][info][gc,heap        ] GC(299) Humongous regions: 0->0
[241.794s][info][gc,metaspace   ] GC(299) Metaspace: 9942K(10240K)->9942K(10240K) NonClass: 8638K(8832K)->8638K(8832K) Class: 1303K(1408K)->1303K(1408K)
[241.794s][info][gc             ] GC(299) Pause Young (Normal) (G1 Evacuation Pause) 53M->5M(1066M) 16.891ms
[241.794s][info][gc,cpu         ] GC(299) User=0.05s Sys=0.00s Real=0.03s
[244.767s][info][gc,start       ] GC(300) Pause Young (Normal) (G1 Evacuation Pause)
[244.767s][info][gc,task        ] GC(300) Using 25 workers of 33 for evacuation
[244.771s][info][gc,phases      ] GC(300)   Pre Evacuate Collection Set: 0.2ms
[244.771s][info][gc,phases      ] GC(300)   Merge Heap Roots: 0.3ms
[244.771s][info][gc,phases      ] GC(300)   Evacuate Collection Set: 1.8ms
[244.771s][info][gc,phases      ] GC(300)   Post Evacuate Collection Set: 0.8ms
[244.771s][info][gc,phases      ] GC(300)   Other: 0.2ms
[244.771s][info][gc,heap        ] GC(300) Eden regions: 637->0(637)
[244.771s][info][gc,heap        ] GC(300) Survivor regions: 2->2(80)
[244.771s][info][gc,heap        ] GC(300) Old regions: 25->25
[244.771s][info][gc,heap        ] GC(300) Archive regions: 0->0
[244.771s][info][gc,heap        ] GC(300) Humongous regions: 0->0
[244.771s][info][gc,metaspace   ] GC(300) Metaspace: 9942K(10240K)->9942K(10240K) NonClass: 8638K(8832K)->8638K(8832K) Class: 1303K(1408K)->1303K(1408K)
[244.771s][info][gc             ] GC(300) Pause Young (Normal) (G1 Evacuation Pause) 642M->5M(1066M) 3.908ms
[244.771s][info][gc,cpu         ] GC(300) User=0.00s Sys=0.00s Real=0.00s
[247.573s][info][gc,start       ] GC(301) Pause Young (Normal) (G1 Evacuation Pause)
[247.573s][info][gc,task        ] GC(301) Using 25 workers of 33 for evacuation
[247.576s][info][gc,phases      ] GC(301)   Pre Evacuate Collection Set: 0.2ms
[247.576s][info][gc,phases      ] GC(301)   Merge Heap Roots: 0.4ms
[247.576s][info][gc,phases      ] GC(301)   Evacuate Collection Set: 1.5ms
[247.576s][info][gc,phases      ] GC(301)   Post Evacuate Collection Set: 0.8ms
[247.576s][info][gc,phases      ] GC(301)   Other: 0.2ms
[247.576s][info][gc,heap        ] GC(301) Eden regions: 637->0(637)
[247.576s][info][gc,heap        ] GC(301) Survivor regions: 2->2(80)
[247.576s][info][gc,heap        ] GC(301) Old regions: 25->25
[247.576s][info][gc,heap        ] GC(301) Archive regions: 0->0
[247.576s][info][gc,heap        ] GC(301) Humongous regions: 0->0
[247.576s][info][gc,metaspace   ] GC(301) Metaspace: 9942K(10240K)->9942K(10240K) NonClass: 8638K(8832K)->8638K(8832K) Class: 1303K(1408K)->1303K(1408K)
[247.576s][info][gc             ] GC(301) Pause Young (Normal) (G1 Evacuation Pause) 642M->5M(1066M) 3.667ms
[247.577s][info][gc,cpu         ] GC(301) User=0.00s Sys=0.00s Real=0.00s
[247.722s][info][gc,start       ] GC(302) Pause Full (System.gc())
[247.723s][info][gc,task        ] GC(302) Using 25 workers of 33 for full compaction
[247.724s][info][gc,phases,start] GC(302) Phase 1: Mark live objects
[247.730s][info][gc,phases      ] GC(302) Phase 1: Mark live objects 6.384ms
[247.730s][info][gc,phases,start] GC(302) Phase 2: Prepare compaction
[247.734s][info][gc,phases      ] GC(302) Phase 2: Prepare compaction 4.189ms
[247.734s][info][gc,phases,start] GC(302) Phase 3: Adjust pointers
[247.738s][info][gc,phases      ] GC(302) Phase 3: Adjust pointers 3.421ms
[247.738s][info][gc,phases,start] GC(302) Phase 4: Compact heap
[247.738s][info][gc,phases      ] GC(302) Phase 4: Compact heap 0.482ms
[247.749s][info][gc,heap        ] GC(302) Eden regions: 36->0(50)
[247.749s][info][gc,heap        ] GC(302) Survivor regions: 2->0(80)
[247.749s][info][gc,heap        ] GC(302) Old regions: 25->25
[247.749s][info][gc,heap        ] GC(302) Archive regions: 0->0
[247.749s][info][gc,heap        ] GC(302) Humongous regions: 0->0
[247.749s][info][gc,metaspace   ] GC(302) Metaspace: 9942K(10240K)->9942K(10240K) NonClass: 8638K(8832K)->8638K(8832K) Class: 1303K(1408K)->1303K(1408K)
[247.749s][info][gc             ] GC(302) Pause Full (System.gc()) 40M->3M(84M) 26.411ms
[247.749s][info][gc,cpu         ] GC(302) User=0.17s Sys=0.25s Real=0.03s
[247.955s][info][gc,start       ] GC(303) Pause Young (Normal) (G1 Evacuation Pause)
[247.955s][info][gc,task        ] GC(303) Using 13 workers of 33 for evacuation
[247.957s][info][gc,phases      ] GC(303)   Pre Evacuate Collection Set: 0.1ms
[247.957s][info][gc,phases      ] GC(303)   Merge Heap Roots: 0.1ms
[247.957s][info][gc,phases      ] GC(303)   Evacuate Collection Set: 0.8ms
[247.957s][info][gc,phases      ] GC(303)   Post Evacuate Collection Set: 0.4ms
[247.957s][info][gc,phases      ] GC(303)   Other: 0.1ms
[247.957s][info][gc,heap        ] GC(303) Eden regions: 50->0(48)
[247.957s][info][gc,heap        ] GC(303) Survivor regions: 0->2(7)
[247.957s][info][gc,heap        ] GC(303) Old regions: 25->25
[247.957s][info][gc,heap        ] GC(303) Archive regions: 0->0
[247.957s][info][gc,heap        ] GC(303) Humongous regions: 0->0
[247.957s][info][gc,metaspace   ] GC(303) Metaspace: 9942K(10240K)->9942K(10240K) NonClass: 8638K(8832K)->8638K(8832K) Class: 1303K(1408K)->1303K(1408K)
[247.957s][info][gc             ] GC(303) Pause Young (Normal) (G1 Evacuation Pause) 53M->5M(84M) 2.154ms
[247.957s][info][gc,cpu         ] GC(303) User=0.00s Sys=0.00s Real=0.00s
[248.158s][info][gc,start       ] GC(304) Pause Young (Normal) (G1 Evacuation Pause)
[248.158s][info][gc,task        ] GC(304) Using 7 workers of 33 for evacuation
[248.160s][info][gc,phases      ] GC(304)   Pre Evacuate Collection Set: 0.1ms
[248.160s][info][gc,phases      ] GC(304)   Merge Heap Roots: 0.1ms
[248.160s][info][gc,phases      ] GC(304)   Evacuate Collection Set: 1.1ms
[248.160s][info][gc,phases      ] GC(304)   Post Evacuate Collection Set: 0.3ms
[248.160s][info][gc,phases      ] GC(304)   Other: 0.1ms
[248.160s][info][gc,heap        ] GC(304) Eden regions: 48->0(48)
[248.160s][info][gc,heap        ] GC(304) Survivor regions: 2->2(7)
[248.160s][info][gc,heap        ] GC(304) Old regions: 25->25
[248.160s][info][gc,heap        ] GC(304) Archive regions: 0->0
[248.160s][info][gc,heap        ] GC(304) Humongous regions: 0->0
[248.160s][info][gc,metaspace   ] GC(304) Metaspace: 9942K(10240K)->9942K(10240K) NonClass: 8638K(8832K)->8638K(8832K) Class: 1303K(1408K)->1303K(1408K)
[248.160s][info][gc             ] GC(304) Pause Young (Normal) (G1 Evacuation Pause) 53M->5M(84M) 2.263ms
[248.160s][info][gc,cpu         ] GC(304) User=0.00s Sys=0.00s Real=0.00s
[248.358s][info][gc,start       ] GC(305) Pause Young (Normal) (G1 Evacuation Pause)
[248.358s][info][gc,task        ] GC(305) Using 4 workers of 33 for evacuation
[248.360s][info][gc,phases      ] GC(305)   Pre Evacuate Collection Set: 0.1ms
[248.360s][info][gc,phases      ] GC(305)   Merge Heap Roots: 0.1ms
[248.360s][info][gc,phases      ] GC(305)   Evacuate Collection Set: 1.9ms
[248.360s][info][gc,phases      ] GC(305)   Post Evacuate Collection Set: 0.3ms
[248.361s][info][gc,phases      ] GC(305)   Other: 0.1ms
[248.361s][info][gc,heap        ] GC(305) Eden regions: 48->0(48)
[248.361s][info][gc,heap        ] GC(305) Survivor regions: 2->2(7)
[248.361s][info][gc,heap        ] GC(305) Old regions: 25->25
[248.361s][info][gc,heap        ] GC(305) Archive regions: 0->0
[248.361s][info][gc,heap        ] GC(305) Humongous regions: 0->0
[248.361s][info][gc,metaspace   ] GC(305) Metaspace: 9942K(10240K)->9942K(10240K) NonClass: 8638K(8832K)->8638K(8832K) Class: 1303K(1408K)->1303K(1408K)
[248.361s][info][gc             ] GC(305) Pause Young (Normal) (G1 Evacuation Pause) 53M->5M(84M) 3.069ms
[248.361s][info][gc,cpu         ] GC(305) User=0.06s Sys=0.00s Real=0.02s
[248.570s][info][gc,start       ] GC(306) Pause Young (Normal) (G1 Evacuation Pause)
[248.571s][info][gc,task        ] GC(306) Using 3 workers of 33 for evacuation
[248.574s][info][gc,phases      ] GC(306)   Pre Evacuate Collection Set: 0.1ms
[248.574s][info][gc,phases      ] GC(306)   Merge Heap Roots: 0.1ms
[248.574s][info][gc,phases      ] GC(306)   Evacuate Collection Set: 2.4ms
[248.574s][info][gc,phases      ] GC(306)   Post Evacuate Collection Set: 0.3ms
[248.574s][info][gc,phases      ] GC(306)   Other: 0.1ms
[248.574s][info][gc,heap        ] GC(306) Eden regions: 48->0(48)
[248.574s][info][gc,heap        ] GC(306) Survivor regions: 2->2(7)
[248.574s][info][gc,heap        ] GC(306) Old regions: 25->25
[248.574s][info][gc,heap        ] GC(306) Archive regions: 0->0
[248.574s][info][gc,heap        ] GC(306) Humongous regions: 0->0
[248.574s][info][gc,metaspace   ] GC(306) Metaspace: 9942K(10240K)->9942K(10240K) NonClass: 8638K(8832K)->8638K(8832K) Class: 1303K(1408K)->1303K(1408K)
[248.574s][info][gc             ] GC(306) Pause Young (Normal) (G1 Evacuation Pause) 53M->5M(84M) 3.538ms
[248.574s][info][gc,cpu         ] GC(306) User=0.00s Sys=0.00s Real=0.00s
[248.778s][info][gc,start       ] GC(307) Pause Young (Normal) (G1 Evacuation Pause)
[248.778s][info][gc,task        ] GC(307) Using 2 workers of 33 for evacuation
[248.782s][info][gc,phases      ] GC(307)   Pre Evacuate Collection Set: 0.1ms
[248.782s][info][gc,phases      ] GC(307)   Merge Heap Roots: 0.1ms
[248.782s][info][gc,phases      ] GC(307)   Evacuate Collection Set: 3.6ms
[248.782s][info][gc,phases      ] GC(307)   Post Evacuate Collection Set: 0.5ms
[248.782s][info][gc,phases      ] GC(307)   Other: 0.1ms
[248.782s][info][gc,heap        ] GC(307) Eden regions: 48->0(48)
[248.782s][info][gc,heap        ] GC(307) Survivor regions: 2->2(7)
[248.782s][info][gc,heap        ] GC(307) Old regions: 25->25
[248.783s][info][gc,heap        ] GC(307) Archive regions: 0->0
[248.783s][info][gc,heap        ] GC(307) Humongous regions: 0->0
[248.783s][info][gc,metaspace   ] GC(307) Metaspace: 9942K(10240K)->9942K(10240K) NonClass: 8638K(8832K)->8638K(8832K) Class: 1303K(1408K)->1303K(1408K)
[248.783s][info][gc             ] GC(307) Pause Young (Normal) (G1 Evacuation Pause) 53M->5M(84M) 5.016ms
[248.783s][info][gc,cpu         ] GC(307) User=0.02s Sys=0.00s Real=0.02s
[248.992s][info][gc,start       ] GC(308) Pause Young (Normal) (G1 Evacuation Pause)
[248.992s][info][gc,task        ] GC(308) Using 2 workers of 33 for evacuation
[249.009s][info][gc,phases      ] GC(308)   Pre Evacuate Collection Set: 0.1ms
[249.009s][info][gc,phases      ] GC(308)   Merge Heap Roots: 0.1ms
[249.009s][info][gc,phases      ] GC(308)   Evacuate Collection Set: 3.5ms
[249.009s][info][gc,phases      ] GC(308)   Post Evacuate Collection Set: 13.0ms
[249.009s][info][gc,phases      ] GC(308)   Other: 0.1ms
[249.009s][info][gc,heap        ] GC(308) Eden regions: 48->0(637)
[249.009s][info][gc,heap        ] GC(308) Survivor regions: 2->2(7)
[249.009s][info][gc,heap        ] GC(308) Old regions: 25->25
[249.009s][info][gc,heap        ] GC(308) Archive regions: 0->0
[249.009s][info][gc,heap        ] GC(308) Humongous regions: 0->0
[249.009s][info][gc,metaspace   ] GC(308) Metaspace: 9942K(10240K)->9942K(10240K) NonClass: 8638K(8832K)->8638K(8832K) Class: 1303K(1408K)->1303K(1408K)
[249.009s][info][gc             ] GC(308) Pause Young (Normal) (G1 Evacuation Pause) 53M->5M(1066M) 17.444ms
[249.009s][info][gc,cpu         ] GC(308) User=0.00s Sys=0.02s Real=0.02s
[251.998s][info][gc,start       ] GC(309) Pause Young (Normal) (G1 Evacuation Pause)
[251.999s][info][gc,task        ] GC(309) Using 25 workers of 33 for evacuation
[252.002s][info][gc,phases      ] GC(309)   Pre Evacuate Collection Set: 0.2ms
[252.002s][info][gc,phases      ] GC(309)   Merge Heap Roots: 0.4ms
[252.002s][info][gc,phases      ] GC(309)   Evacuate Collection Set: 1.5ms
[252.002s][info][gc,phases      ] GC(309)   Post Evacuate Collection Set: 0.8ms
[252.002s][info][gc,phases      ] GC(309)   Other: 0.2ms
[252.002s][info][gc,heap        ] GC(309) Eden regions: 637->0(637)
[252.002s][info][gc,heap        ] GC(309) Survivor regions: 2->2(80)
[252.002s][info][gc,heap        ] GC(309) Old regions: 25->25
[252.002s][info][gc,heap        ] GC(309) Archive regions: 0->0
[252.002s][info][gc,heap        ] GC(309) Humongous regions: 0->0
[252.002s][info][gc,metaspace   ] GC(309) Metaspace: 9942K(10240K)->9942K(10240K) NonClass: 8638K(8832K)->8638K(8832K) Class: 1303K(1408K)->1303K(1408K)
[252.002s][info][gc             ] GC(309) Pause Young (Normal) (G1 Evacuation Pause) 642M->5M(1066M) 3.655ms
[252.002s][info][gc,cpu         ] GC(309) User=0.00s Sys=0.00s Real=0.00s
[254.809s][info][gc,start       ] GC(310) Pause Young (Normal) (G1 Evacuation Pause)
[254.810s][info][gc,task        ] GC(310) Using 25 workers of 33 for evacuation
[254.813s][info][gc,phases      ] GC(310)   Pre Evacuate Collection Set: 0.2ms
[254.813s][info][gc,phases      ] GC(310)   Merge Heap Roots: 0.4ms
[254.813s][info][gc,phases      ] GC(310)   Evacuate Collection Set: 1.6ms
[254.813s][info][gc,phases      ] GC(310)   Post Evacuate Collection Set: 0.8ms
[254.813s][info][gc,phases      ] GC(310)   Other: 0.2ms
[254.813s][info][gc,heap        ] GC(310) Eden regions: 637->0(637)
[254.813s][info][gc,heap        ] GC(310) Survivor regions: 2->2(80)
[254.813s][info][gc,heap        ] GC(310) Old regions: 25->25
[254.813s][info][gc,heap        ] GC(310) Archive regions: 0->0
[254.813s][info][gc,heap        ] GC(310) Humongous regions: 0->0
[254.813s][info][gc,metaspace   ] GC(310) Metaspace: 9942K(10240K)->9942K(10240K) NonClass: 8638K(8832K)->8638K(8832K) Class: 1303K(1408K)->1303K(1408K)
[254.813s][info][gc             ] GC(310) Pause Young (Normal) (G1 Evacuation Pause) 642M->5M(1066M) 3.725ms
[254.813s][info][gc,cpu         ] GC(310) User=0.00s Sys=0.00s Real=0.00s
[254.961s][info][gc,start       ] GC(311) Pause Full (System.gc())
[254.961s][info][gc,task        ] GC(311) Using 25 workers of 33 for full compaction
[254.963s][info][gc,phases,start] GC(311) Phase 1: Mark live objects
[254.969s][info][gc,phases      ] GC(311) Phase 1: Mark live objects 6.626ms
[254.969s][info][gc,phases,start] GC(311) Phase 2: Prepare compaction
[254.974s][info][gc,phases      ] GC(311) Phase 2: Prepare compaction 4.443ms
[254.974s][info][gc,phases,start] GC(311) Phase 3: Adjust pointers
[254.978s][info][gc,phases      ] GC(311) Phase 3: Adjust pointers 3.895ms
[254.978s][info][gc,phases,start] GC(311) Phase 4: Compact heap
[254.978s][info][gc,phases      ] GC(311) Phase 4: Compact heap 0.580ms
[254.991s][info][gc,heap        ] GC(311) Eden regions: 36->0(50)
[254.991s][info][gc,heap        ] GC(311) Survivor regions: 2->0(80)
[254.991s][info][gc,heap        ] GC(311) Old regions: 25->25
[254.991s][info][gc,heap        ] GC(311) Archive regions: 0->0
[254.991s][info][gc,heap        ] GC(311) Humongous regions: 0->0
[254.991s][info][gc,metaspace   ] GC(311) Metaspace: 9942K(10240K)->9942K(10240K) NonClass: 8638K(8832K)->8638K(8832K) Class: 1303K(1408K)->1303K(1408K)
[254.991s][info][gc             ] GC(311) Pause Full (System.gc()) 40M->3M(84M) 29.476ms
[254.991s][info][gc,cpu         ] GC(311) User=0.41s Sys=0.25s Real=0.03s
[255.208s][info][gc,start       ] GC(312) Pause Young (Normal) (G1 Evacuation Pause)
[255.208s][info][gc,task        ] GC(312) Using 13 workers of 33 for evacuation
[255.209s][info][gc,phases      ] GC(312)   Pre Evacuate Collection Set: 0.2ms
[255.209s][info][gc,phases      ] GC(312)   Merge Heap Roots: 0.1ms
[255.209s][info][gc,phases      ] GC(312)   Evacuate Collection Set: 0.9ms
[255.209s][info][gc,phases      ] GC(312)   Post Evacuate Collection Set: 0.4ms
[255.210s][info][gc,phases      ] GC(312)   Other: 0.1ms
[255.210s][info][gc,heap        ] GC(312) Eden regions: 50->0(48)
[255.210s][info][gc,heap        ] GC(312) Survivor regions: 0->2(7)
[255.210s][info][gc,heap        ] GC(312) Old regions: 25->25
[255.210s][info][gc,heap        ] GC(312) Archive regions: 0->0
[255.210s][info][gc,heap        ] GC(312) Humongous regions: 0->0
[255.210s][info][gc,metaspace   ] GC(312) Metaspace: 9942K(10240K)->9942K(10240K) NonClass: 8638K(8832K)->8638K(8832K) Class: 1303K(1408K)->1303K(1408K)
[255.210s][info][gc             ] GC(312) Pause Young (Normal) (G1 Evacuation Pause) 53M->5M(84M) 2.218ms
[255.210s][info][gc,cpu         ] GC(312) User=0.00s Sys=0.00s Real=0.00s
[255.413s][info][gc,start       ] GC(313) Pause Young (Normal) (G1 Evacuation Pause)
[255.413s][info][gc,task        ] GC(313) Using 7 workers of 33 for evacuation
[255.415s][info][gc,phases      ] GC(313)   Pre Evacuate Collection Set: 0.1ms
[255.415s][info][gc,phases      ] GC(313)   Merge Heap Roots: 0.1ms
[255.415s][info][gc,phases      ] GC(313)   Evacuate Collection Set: 1.0ms
[255.415s][info][gc,phases      ] GC(313)   Post Evacuate Collection Set: 0.3ms
[255.415s][info][gc,phases      ] GC(313)   Other: 0.1ms
[255.415s][info][gc,heap        ] GC(313) Eden regions: 48->0(48)
[255.415s][info][gc,heap        ] GC(313) Survivor regions: 2->2(7)
[255.415s][info][gc,heap        ] GC(313) Old regions: 25->25
[255.415s][info][gc,heap        ] GC(313) Archive regions: 0->0
[255.415s][info][gc,heap        ] GC(313) Humongous regions: 0->0
[255.415s][info][gc,metaspace   ] GC(313) Metaspace: 9942K(10240K)->9942K(10240K) NonClass: 8638K(8832K)->8638K(8832K) Class: 1303K(1408K)->1303K(1408K)
[255.415s][info][gc             ] GC(313) Pause Young (Normal) (G1 Evacuation Pause) 53M->5M(84M) 2.062ms
[255.415s][info][gc,cpu         ] GC(313) User=0.00s Sys=0.00s Real=0.00s
[255.619s][info][gc,start       ] GC(314) Pause Young (Normal) (G1 Evacuation Pause)
[255.619s][info][gc,task        ] GC(314) Using 4 workers of 33 for evacuation
[255.622s][info][gc,phases      ] GC(314)   Pre Evacuate Collection Set: 0.1ms
[255.622s][info][gc,phases      ] GC(314)   Merge Heap Roots: 0.1ms
[255.622s][info][gc,phases      ] GC(314)   Evacuate Collection Set: 2.0ms
[255.622s][info][gc,phases      ] GC(314)   Post Evacuate Collection Set: 0.3ms
[255.622s][info][gc,phases      ] GC(314)   Other: 0.1ms
[255.622s][info][gc,heap        ] GC(314) Eden regions: 48->0(48)
[255.622s][info][gc,heap        ] GC(314) Survivor regions: 2->2(7)
[255.622s][info][gc,heap        ] GC(314) Old regions: 25->25
[255.622s][info][gc,heap        ] GC(314) Archive regions: 0->0
[255.622s][info][gc,heap        ] GC(314) Humongous regions: 0->0
[255.622s][info][gc,metaspace   ] GC(314) Metaspace: 9942K(10240K)->9942K(10240K) NonClass: 8638K(8832K)->8638K(8832K) Class: 1303K(1408K)->1303K(1408K)
[255.622s][info][gc             ] GC(314) Pause Young (Normal) (G1 Evacuation Pause) 53M->5M(84M) 3.223ms
[255.622s][info][gc,cpu         ] GC(314) User=0.00s Sys=0.00s Real=0.00s
[255.838s][info][gc,start       ] GC(315) Pause Young (Normal) (G1 Evacuation Pause)
[255.838s][info][gc,task        ] GC(315) Using 3 workers of 33 for evacuation
[255.841s][info][gc,phases      ] GC(315)   Pre Evacuate Collection Set: 0.1ms
[255.841s][info][gc,phases      ] GC(315)   Merge Heap Roots: 0.1ms
[255.841s][info][gc,phases      ] GC(315)   Evacuate Collection Set: 2.5ms
[255.841s][info][gc,phases      ] GC(315)   Post Evacuate Collection Set: 0.3ms
[255.841s][info][gc,phases      ] GC(315)   Other: 0.1ms
[255.841s][info][gc,heap        ] GC(315) Eden regions: 48->0(48)
[255.841s][info][gc,heap        ] GC(315) Survivor regions: 2->2(7)
[255.841s][info][gc,heap        ] GC(315) Old regions: 25->25
[255.841s][info][gc,heap        ] GC(315) Archive regions: 0->0
[255.841s][info][gc,heap        ] GC(315) Humongous regions: 0->0
[255.841s][info][gc,metaspace   ] GC(315) Metaspace: 9942K(10240K)->9942K(10240K) NonClass: 8638K(8832K)->8638K(8832K) Class: 1303K(1408K)->1303K(1408K)
[255.842s][info][gc             ] GC(315) Pause Young (Normal) (G1 Evacuation Pause) 53M->5M(84M) 3.730ms
[255.842s][info][gc,cpu         ] GC(315) User=0.05s Sys=0.00s Real=0.02s
[256.045s][info][gc,start       ] GC(316) Pause Young (Normal) (G1 Evacuation Pause)
[256.046s][info][gc,task        ] GC(316) Using 2 workers of 33 for evacuation
[256.050s][info][gc,phases      ] GC(316)   Pre Evacuate Collection Set: 0.1ms
[256.050s][info][gc,phases      ] GC(316)   Merge Heap Roots: 0.1ms
[256.050s][info][gc,phases      ] GC(316)   Evacuate Collection Set: 3.6ms
[256.050s][info][gc,phases      ] GC(316)   Post Evacuate Collection Set: 0.4ms
[256.050s][info][gc,phases      ] GC(316)   Other: 0.1ms
[256.050s][info][gc,heap        ] GC(316) Eden regions: 48->0(48)
[256.050s][info][gc,heap        ] GC(316) Survivor regions: 2->2(7)
[256.050s][info][gc,heap        ] GC(316) Old regions: 25->25
[256.050s][info][gc,heap        ] GC(316) Archive regions: 0->0
[256.050s][info][gc,heap        ] GC(316) Humongous regions: 0->0
[256.050s][info][gc,metaspace   ] GC(316) Metaspace: 9942K(10240K)->9942K(10240K) NonClass: 8638K(8832K)->8638K(8832K) Class: 1303K(1408K)->1303K(1408K)
[256.050s][info][gc             ] GC(316) Pause Young (Normal) (G1 Evacuation Pause) 53M->5M(84M) 4.788ms
[256.050s][info][gc,cpu         ] GC(316) User=0.00s Sys=0.00s Real=0.00s
[256.264s][info][gc,start       ] GC(317) Pause Young (Normal) (G1 Evacuation Pause)
[256.264s][info][gc,task        ] GC(317) Using 2 workers of 33 for evacuation
[256.281s][info][gc,phases      ] GC(317)   Pre Evacuate Collection Set: 0.1ms
[256.281s][info][gc,phases      ] GC(317)   Merge Heap Roots: 0.1ms
[256.281s][info][gc,phases      ] GC(317)   Evacuate Collection Set: 3.4ms
[256.281s][info][gc,phases      ] GC(317)   Post Evacuate Collection Set: 13.0ms
[256.281s][info][gc,phases      ] GC(317)   Other: 0.1ms
[256.281s][info][gc,heap        ] GC(317) Eden regions: 48->0(637)
[256.281s][info][gc,heap        ] GC(317) Survivor regions: 2->2(7)
[256.281s][info][gc,heap        ] GC(317) Old regions: 25->25
[256.281s][info][gc,heap        ] GC(317) Archive regions: 0->0
[256.281s][info][gc,heap        ] GC(317) Humongous regions: 0->0
[256.281s][info][gc,metaspace   ] GC(317) Metaspace: 9942K(10240K)->9942K(10240K) NonClass: 8638K(8832K)->8638K(8832K) Class: 1303K(1408K)->1303K(1408K)
[256.281s][info][gc             ] GC(317) Pause Young (Normal) (G1 Evacuation Pause) 53M->5M(1066M) 17.390ms
[256.281s][info][gc,cpu         ] GC(317) User=0.00s Sys=0.02s Real=0.02s
[259.274s][info][gc,start       ] GC(318) Pause Young (Normal) (G1 Evacuation Pause)
[259.274s][info][gc,task        ] GC(318) Using 25 workers of 33 for evacuation
[259.278s][info][gc,phases      ] GC(318)   Pre Evacuate Collection Set: 0.2ms
[259.278s][info][gc,phases      ] GC(318)   Merge Heap Roots: 0.4ms
[259.278s][info][gc,phases      ] GC(318)   Evacuate Collection Set: 1.7ms
[259.278s][info][gc,phases      ] GC(318)   Post Evacuate Collection Set: 0.8ms
[259.278s][info][gc,phases      ] GC(318)   Other: 0.2ms
[259.278s][info][gc,heap        ] GC(318) Eden regions: 637->0(637)
[259.278s][info][gc,heap        ] GC(318) Survivor regions: 2->2(80)
[259.278s][info][gc,heap        ] GC(318) Old regions: 25->25
[259.278s][info][gc,heap        ] GC(318) Archive regions: 0->0
[259.278s][info][gc,heap        ] GC(318) Humongous regions: 0->0
[259.278s][info][gc,metaspace   ] GC(318) Metaspace: 9942K(10240K)->9942K(10240K) NonClass: 8638K(8832K)->8638K(8832K) Class: 1303K(1408K)->1303K(1408K)
[259.278s][info][gc             ] GC(318) Pause Young (Normal) (G1 Evacuation Pause) 642M->5M(1066M) 3.773ms
[259.278s][info][gc,cpu         ] GC(318) User=0.00s Sys=0.00s Real=0.00s
[262.087s][info][gc,start       ] GC(319) Pause Young (Normal) (G1 Evacuation Pause)
[262.087s][info][gc,task        ] GC(319) Using 25 workers of 33 for evacuation
[262.090s][info][gc,phases      ] GC(319)   Pre Evacuate Collection Set: 0.2ms
[262.090s][info][gc,phases      ] GC(319)   Merge Heap Roots: 0.4ms
[262.090s][info][gc,phases      ] GC(319)   Evacuate Collection Set: 1.7ms
[262.090s][info][gc,phases      ] GC(319)   Post Evacuate Collection Set: 0.8ms
[262.090s][info][gc,phases      ] GC(319)   Other: 0.2ms
[262.090s][info][gc,heap        ] GC(319) Eden regions: 637->0(637)
[262.090s][info][gc,heap        ] GC(319) Survivor regions: 2->2(80)
[262.090s][info][gc,heap        ] GC(319) Old regions: 25->25
[262.090s][info][gc,heap        ] GC(319) Archive regions: 0->0
[262.090s][info][gc,heap        ] GC(319) Humongous regions: 0->0
[262.090s][info][gc,metaspace   ] GC(319) Metaspace: 9942K(10240K)->9942K(10240K) NonClass: 8638K(8832K)->8638K(8832K) Class: 1303K(1408K)->1303K(1408K)
[262.090s][info][gc             ] GC(319) Pause Young (Normal) (G1 Evacuation Pause) 642M->5M(1066M) 3.804ms
[262.091s][info][gc,cpu         ] GC(319) User=0.00s Sys=0.00s Real=0.00s
[262.237s][info][gc,start       ] GC(320) Pause Full (System.gc())
[262.237s][info][gc,task        ] GC(320) Using 25 workers of 33 for full compaction
[262.238s][info][gc,phases,start] GC(320) Phase 1: Mark live objects
[262.244s][info][gc,phases      ] GC(320) Phase 1: Mark live objects 5.671ms
[262.244s][info][gc,phases,start] GC(320) Phase 2: Prepare compaction
[262.248s][info][gc,phases      ] GC(320) Phase 2: Prepare compaction 4.228ms
[262.248s][info][gc,phases,start] GC(320) Phase 3: Adjust pointers
[262.251s][info][gc,phases      ] GC(320) Phase 3: Adjust pointers 3.302ms
[262.252s][info][gc,phases,start] GC(320) Phase 4: Compact heap
[262.252s][info][gc,phases      ] GC(320) Phase 4: Compact heap 0.442ms
[262.262s][info][gc,heap        ] GC(320) Eden regions: 36->0(50)
[262.262s][info][gc,heap        ] GC(320) Survivor regions: 2->0(80)
[262.262s][info][gc,heap        ] GC(320) Old regions: 25->25
[262.262s][info][gc,heap        ] GC(320) Archive regions: 0->0
[262.262s][info][gc,heap        ] GC(320) Humongous regions: 0->0
[262.262s][info][gc,metaspace   ] GC(320) Metaspace: 9942K(10240K)->9942K(10240K) NonClass: 8638K(8832K)->8638K(8832K) Class: 1303K(1408K)->1303K(1408K)
[262.262s][info][gc             ] GC(320) Pause Full (System.gc()) 40M->3M(84M) 25.303ms
[262.262s][info][gc,cpu         ] GC(320) User=0.02s Sys=0.00s Real=0.02s
[262.468s][info][gc,start       ] GC(321) Pause Young (Normal) (G1 Evacuation Pause)
[262.468s][info][gc,task        ] GC(321) Using 13 workers of 33 for evacuation
[262.469s][info][gc,phases      ] GC(321)   Pre Evacuate Collection Set: 0.1ms
[262.469s][info][gc,phases      ] GC(321)   Merge Heap Roots: 0.1ms
[262.469s][info][gc,phases      ] GC(321)   Evacuate Collection Set: 0.8ms
[262.469s][info][gc,phases      ] GC(321)   Post Evacuate Collection Set: 0.3ms
[262.469s][info][gc,phases      ] GC(321)   Other: 0.1ms
[262.469s][info][gc,heap        ] GC(321) Eden regions: 50->0(48)
[262.469s][info][gc,heap        ] GC(321) Survivor regions: 0->2(7)
[262.469s][info][gc,heap        ] GC(321) Old regions: 25->25
[262.469s][info][gc,heap        ] GC(321) Archive regions: 0->0
[262.469s][info][gc,heap        ] GC(321) Humongous regions: 0->0
[262.469s][info][gc,metaspace   ] GC(321) Metaspace: 9943K(10240K)->9943K(10240K) NonClass: 8639K(8832K)->8639K(8832K) Class: 1303K(1408K)->1303K(1408K)
[262.470s][info][gc             ] GC(321) Pause Young (Normal) (G1 Evacuation Pause) 53M->5M(84M) 1.922ms
[262.470s][info][gc,cpu         ] GC(321) User=0.00s Sys=0.00s Real=0.00s
[262.663s][info][gc,start       ] GC(322) Pause Young (Normal) (G1 Evacuation Pause)
[262.663s][info][gc,task        ] GC(322) Using 7 workers of 33 for evacuation
[262.665s][info][gc,phases      ] GC(322)   Pre Evacuate Collection Set: 0.1ms
[262.665s][info][gc,phases      ] GC(322)   Merge Heap Roots: 0.1ms
[262.665s][info][gc,phases      ] GC(322)   Evacuate Collection Set: 1.2ms
[262.665s][info][gc,phases      ] GC(322)   Post Evacuate Collection Set: 0.2ms
[262.665s][info][gc,phases      ] GC(322)   Other: 0.1ms
[262.665s][info][gc,heap        ] GC(322) Eden regions: 48->0(48)
[262.665s][info][gc,heap        ] GC(322) Survivor regions: 2->2(7)
[262.665s][info][gc,heap        ] GC(322) Old regions: 25->25
[262.665s][info][gc,heap        ] GC(322) Archive regions: 0->0
[262.665s][info][gc,heap        ] GC(322) Humongous regions: 0->0
[262.665s][info][gc,metaspace   ] GC(322) Metaspace: 9943K(10240K)->9943K(10240K) NonClass: 8639K(8832K)->8639K(8832K) Class: 1303K(1408K)->1303K(1408K)
[262.665s][info][gc             ] GC(322) Pause Young (Normal) (G1 Evacuation Pause) 53M->5M(84M) 1.884ms
[262.665s][info][gc,cpu         ] GC(322) User=0.02s Sys=0.00s Real=0.01s
[262.871s][info][gc,start       ] GC(323) Pause Young (Normal) (G1 Evacuation Pause)
[262.871s][info][gc,task        ] GC(323) Using 4 workers of 33 for evacuation
[262.874s][info][gc,phases      ] GC(323)   Pre Evacuate Collection Set: 0.1ms
[262.874s][info][gc,phases      ] GC(323)   Merge Heap Roots: 0.1ms
[262.874s][info][gc,phases      ] GC(323)   Evacuate Collection Set: 1.9ms
[262.874s][info][gc,phases      ] GC(323)   Post Evacuate Collection Set: 0.3ms
[262.874s][info][gc,phases      ] GC(323)   Other: 0.1ms
[262.874s][info][gc,heap        ] GC(323) Eden regions: 48->0(48)
[262.874s][info][gc,heap        ] GC(323) Survivor regions: 2->2(7)
[262.874s][info][gc,heap        ] GC(323) Old regions: 25->25
[262.874s][info][gc,heap        ] GC(323) Archive regions: 0->0
[262.874s][info][gc,heap        ] GC(323) Humongous regions: 0->0
[262.874s][info][gc,metaspace   ] GC(323) Metaspace: 9943K(10240K)->9943K(10240K) NonClass: 8639K(8832K)->8639K(8832K) Class: 1303K(1408K)->1303K(1408K)
[262.874s][info][gc             ] GC(323) Pause Young (Normal) (G1 Evacuation Pause) 53M->5M(84M) 3.082ms
[262.874s][info][gc,cpu         ] GC(323) User=0.00s Sys=0.00s Real=0.00s
[263.076s][info][gc,start       ] GC(324) Pause Young (Normal) (G1 Evacuation Pause)
[263.077s][info][gc,task        ] GC(324) Using 3 workers of 33 for evacuation
[263.080s][info][gc,phases      ] GC(324)   Pre Evacuate Collection Set: 0.1ms
[263.080s][info][gc,phases      ] GC(324)   Merge Heap Roots: 0.1ms
[263.080s][info][gc,phases      ] GC(324)   Evacuate Collection Set: 2.4ms
[263.080s][info][gc,phases      ] GC(324)   Post Evacuate Collection Set: 0.3ms
[263.080s][info][gc,phases      ] GC(324)   Other: 0.1ms
[263.080s][info][gc,heap        ] GC(324) Eden regions: 48->0(48)
[263.080s][info][gc,heap        ] GC(324) Survivor regions: 2->2(7)
[263.080s][info][gc,heap        ] GC(324) Old regions: 25->25
[263.080s][info][gc,heap        ] GC(324) Archive regions: 0->0
[263.080s][info][gc,heap        ] GC(324) Humongous regions: 0->0
[263.080s][info][gc,metaspace   ] GC(324) Metaspace: 9943K(10240K)->9943K(10240K) NonClass: 8639K(8832K)->8639K(8832K) Class: 1303K(1408K)->1303K(1408K)
[263.080s][info][gc             ] GC(324) Pause Young (Normal) (G1 Evacuation Pause) 53M->5M(84M) 3.635ms
[263.080s][info][gc,cpu         ] GC(324) User=0.00s Sys=0.00s Real=0.00s
[263.290s][info][gc,start       ] GC(325) Pause Young (Normal) (G1 Evacuation Pause)
[263.291s][info][gc,task        ] GC(325) Using 2 workers of 33 for evacuation
[263.294s][info][gc,phases      ] GC(325)   Pre Evacuate Collection Set: 0.1ms
[263.295s][info][gc,phases      ] GC(325)   Merge Heap Roots: 0.1ms
[263.295s][info][gc,phases      ] GC(325)   Evacuate Collection Set: 3.2ms
[263.295s][info][gc,phases      ] GC(325)   Post Evacuate Collection Set: 0.3ms
[263.295s][info][gc,phases      ] GC(325)   Other: 0.1ms
[263.295s][info][gc,heap        ] GC(325) Eden regions: 48->0(48)
[263.295s][info][gc,heap        ] GC(325) Survivor regions: 2->2(7)
[263.295s][info][gc,heap        ] GC(325) Old regions: 25->25
[263.295s][info][gc,heap        ] GC(325) Archive regions: 0->0
[263.295s][info][gc,heap        ] GC(325) Humongous regions: 0->0
[263.295s][info][gc,metaspace   ] GC(325) Metaspace: 9943K(10240K)->9943K(10240K) NonClass: 8639K(8832K)->8639K(8832K) Class: 1303K(1408K)->1303K(1408K)
[263.295s][info][gc             ] GC(325) Pause Young (Normal) (G1 Evacuation Pause) 53M->5M(84M) 4.348ms
[263.295s][info][gc,cpu         ] GC(325) User=0.00s Sys=0.00s Real=0.00s
[263.501s][info][gc,start       ] GC(326) Pause Young (Normal) (G1 Evacuation Pause)
[263.502s][info][gc,task        ] GC(326) Using 2 workers of 33 for evacuation
[263.512s][info][gc,phases      ] GC(326)   Pre Evacuate Collection Set: 0.1ms
[263.512s][info][gc,phases      ] GC(326)   Merge Heap Roots: 0.1ms
[263.512s][info][gc,phases      ] GC(326)   Evacuate Collection Set: 3.6ms
[263.512s][info][gc,phases      ] GC(326)   Post Evacuate Collection Set: 6.6ms
[263.512s][info][gc,phases      ] GC(326)   Other: 0.1ms
[263.512s][info][gc,heap        ] GC(326) Eden regions: 48->0(637)
[263.512s][info][gc,heap        ] GC(326) Survivor regions: 2->2(7)
[263.512s][info][gc,heap        ] GC(326) Old regions: 25->25
[263.512s][info][gc,heap        ] GC(326) Archive regions: 0->0
[263.512s][info][gc,heap        ] GC(326) Humongous regions: 0->0
[263.512s][info][gc,metaspace   ] GC(326) Metaspace: 9943K(10240K)->9943K(10240K) NonClass: 8639K(8832K)->8639K(8832K) Class: 1303K(1408K)->1303K(1408K)
[263.512s][info][gc             ] GC(326) Pause Young (Normal) (G1 Evacuation Pause) 53M->5M(1066M) 10.690ms
[263.512s][info][gc,cpu         ] GC(326) User=0.00s Sys=0.00s Real=0.00s
[266.483s][info][gc,start       ] GC(327) Pause Young (Normal) (G1 Evacuation Pause)
[266.483s][info][gc,task        ] GC(327) Using 25 workers of 33 for evacuation
[266.486s][info][gc,phases      ] GC(327)   Pre Evacuate Collection Set: 0.2ms
[266.486s][info][gc,phases      ] GC(327)   Merge Heap Roots: 0.3ms
[266.486s][info][gc,phases      ] GC(327)   Evacuate Collection Set: 1.6ms
[266.486s][info][gc,phases      ] GC(327)   Post Evacuate Collection Set: 0.8ms
[266.486s][info][gc,phases      ] GC(327)   Other: 0.1ms
[266.486s][info][gc,heap        ] GC(327) Eden regions: 637->0(637)
[266.486s][info][gc,heap        ] GC(327) Survivor regions: 2->2(80)
[266.486s][info][gc,heap        ] GC(327) Old regions: 25->25
[266.486s][info][gc,heap        ] GC(327) Archive regions: 0->0
[266.486s][info][gc,heap        ] GC(327) Humongous regions: 0->0
[266.486s][info][gc,metaspace   ] GC(327) Metaspace: 9943K(10240K)->9943K(10240K) NonClass: 8639K(8832K)->8639K(8832K) Class: 1303K(1408K)->1303K(1408K)
[266.486s][info][gc             ] GC(327) Pause Young (Normal) (G1 Evacuation Pause) 642M->5M(1066M) 3.535ms
[266.486s][info][gc,cpu         ] GC(327) User=0.38s Sys=0.00s Real=0.02s
[269.251s][info][gc,start       ] GC(328) Pause Young (Normal) (G1 Evacuation Pause)
[269.251s][info][gc,task        ] GC(328) Using 25 workers of 33 for evacuation
[269.254s][info][gc,phases      ] GC(328)   Pre Evacuate Collection Set: 0.2ms
[269.254s][info][gc,phases      ] GC(328)   Merge Heap Roots: 0.4ms
[269.254s][info][gc,phases      ] GC(328)   Evacuate Collection Set: 1.4ms
[269.254s][info][gc,phases      ] GC(328)   Post Evacuate Collection Set: 0.8ms
[269.254s][info][gc,phases      ] GC(328)   Other: 0.2ms
[269.254s][info][gc,heap        ] GC(328) Eden regions: 637->0(637)
[269.254s][info][gc,heap        ] GC(328) Survivor regions: 2->2(80)
[269.254s][info][gc,heap        ] GC(328) Old regions: 25->25
[269.254s][info][gc,heap        ] GC(328) Archive regions: 0->0
[269.254s][info][gc,heap        ] GC(328) Humongous regions: 0->0
[269.254s][info][gc,metaspace   ] GC(328) Metaspace: 9943K(10240K)->9943K(10240K) NonClass: 8639K(8832K)->8639K(8832K) Class: 1303K(1408K)->1303K(1408K)
[269.254s][info][gc             ] GC(328) Pause Young (Normal) (G1 Evacuation Pause) 642M->5M(1066M) 3.663ms
[269.254s][info][gc,cpu         ] GC(328) User=0.02s Sys=0.00s Real=0.02s
[269.386s][info][gc,start       ] GC(329) Pause Full (System.gc())
[269.386s][info][gc,task        ] GC(329) Using 25 workers of 33 for full compaction
[269.388s][info][gc,phases,start] GC(329) Phase 1: Mark live objects
[269.394s][info][gc,phases      ] GC(329) Phase 1: Mark live objects 6.337ms
[269.394s][info][gc,phases,start] GC(329) Phase 2: Prepare compaction
[269.398s][info][gc,phases      ] GC(329) Phase 2: Prepare compaction 4.191ms
[269.398s][info][gc,phases,start] GC(329) Phase 3: Adjust pointers
[269.402s][info][gc,phases      ] GC(329) Phase 3: Adjust pointers 4.276ms
[269.402s][info][gc,phases,start] GC(329) Phase 4: Compact heap
[269.403s][info][gc,phases      ] GC(329) Phase 4: Compact heap 0.521ms
[269.415s][info][gc,heap        ] GC(329) Eden regions: 30->0(50)
[269.415s][info][gc,heap        ] GC(329) Survivor regions: 2->0(80)
[269.415s][info][gc,heap        ] GC(329) Old regions: 25->25
[269.415s][info][gc,heap        ] GC(329) Archive regions: 0->0
[269.416s][info][gc,heap        ] GC(329) Humongous regions: 0->0
[269.416s][info][gc,metaspace   ] GC(329) Metaspace: 9943K(10240K)->9943K(10240K) NonClass: 8639K(8832K)->8639K(8832K) Class: 1303K(1408K)->1303K(1408K)
[269.416s][info][gc             ] GC(329) Pause Full (System.gc()) 34M->3M(84M) 29.355ms
[269.416s][info][gc,cpu         ] GC(329) User=0.05s Sys=0.23s Real=0.03s
[269.625s][info][gc,start       ] GC(330) Pause Young (Normal) (G1 Evacuation Pause)
[269.625s][info][gc,task        ] GC(330) Using 13 workers of 33 for evacuation
[269.626s][info][gc,phases      ] GC(330)   Pre Evacuate Collection Set: 0.1ms
[269.626s][info][gc,phases      ] GC(330)   Merge Heap Roots: 0.1ms
[269.626s][info][gc,phases      ] GC(330)   Evacuate Collection Set: 0.7ms
[269.626s][info][gc,phases      ] GC(330)   Post Evacuate Collection Set: 0.4ms
[269.627s][info][gc,phases      ] GC(330)   Other: 0.1ms
[269.627s][info][gc,heap        ] GC(330) Eden regions: 50->0(48)
[269.627s][info][gc,heap        ] GC(330) Survivor regions: 0->2(7)
[269.627s][info][gc,heap        ] GC(330) Old regions: 25->25
[269.627s][info][gc,heap        ] GC(330) Archive regions: 0->0
[269.627s][info][gc,heap        ] GC(330) Humongous regions: 0->0
[269.627s][info][gc,metaspace   ] GC(330) Metaspace: 9943K(10240K)->9943K(10240K) NonClass: 8639K(8832K)->8639K(8832K) Class: 1303K(1408K)->1303K(1408K)
[269.627s][info][gc             ] GC(330) Pause Young (Normal) (G1 Evacuation Pause) 53M->5M(84M) 2.027ms
[269.627s][info][gc,cpu         ] GC(330) User=0.00s Sys=0.00s Real=0.00s
[269.818s][info][gc,start       ] GC(331) Pause Young (Normal) (G1 Evacuation Pause)
[269.818s][info][gc,task        ] GC(331) Using 7 workers of 33 for evacuation
[269.820s][info][gc,phases      ] GC(331)   Pre Evacuate Collection Set: 0.1ms
[269.820s][info][gc,phases      ] GC(331)   Merge Heap Roots: 0.1ms
[269.820s][info][gc,phases      ] GC(331)   Evacuate Collection Set: 1.1ms
[269.820s][info][gc,phases      ] GC(331)   Post Evacuate Collection Set: 0.3ms
[269.820s][info][gc,phases      ] GC(331)   Other: 0.1ms
[269.820s][info][gc,heap        ] GC(331) Eden regions: 48->0(48)
[269.820s][info][gc,heap        ] GC(331) Survivor regions: 2->2(7)
[269.820s][info][gc,heap        ] GC(331) Old regions: 25->25
[269.820s][info][gc,heap        ] GC(331) Archive regions: 0->0
[269.820s][info][gc,heap        ] GC(331) Humongous regions: 0->0
[269.820s][info][gc,metaspace   ] GC(331) Metaspace: 9943K(10240K)->9943K(10240K) NonClass: 8639K(8832K)->8639K(8832K) Class: 1303K(1408K)->1303K(1408K)
[269.820s][info][gc             ] GC(331) Pause Young (Normal) (G1 Evacuation Pause) 53M->5M(84M) 2.233ms
[269.820s][info][gc,cpu         ] GC(331) User=0.00s Sys=0.00s Real=0.00s
[270.023s][info][gc,start       ] GC(332) Pause Young (Normal) (G1 Evacuation Pause)
[270.023s][info][gc,task        ] GC(332) Using 4 workers of 33 for evacuation
[270.026s][info][gc,phases      ] GC(332)   Pre Evacuate Collection Set: 0.1ms
[270.026s][info][gc,phases      ] GC(332)   Merge Heap Roots: 0.1ms
[270.026s][info][gc,phases      ] GC(332)   Evacuate Collection Set: 1.9ms
[270.026s][info][gc,phases      ] GC(332)   Post Evacuate Collection Set: 0.4ms
[270.026s][info][gc,phases      ] GC(332)   Other: 0.1ms
[270.026s][info][gc,heap        ] GC(332) Eden regions: 48->0(48)
[270.026s][info][gc,heap        ] GC(332) Survivor regions: 2->2(7)
[270.026s][info][gc,heap        ] GC(332) Old regions: 25->25
[270.026s][info][gc,heap        ] GC(332) Archive regions: 0->0
[270.026s][info][gc,heap        ] GC(332) Humongous regions: 0->0
[270.026s][info][gc,metaspace   ] GC(332) Metaspace: 9943K(10240K)->9943K(10240K) NonClass: 8639K(8832K)->8639K(8832K) Class: 1303K(1408K)->1303K(1408K)
[270.026s][info][gc             ] GC(332) Pause Young (Normal) (G1 Evacuation Pause) 53M->5M(84M) 3.087ms
[270.026s][info][gc,cpu         ] GC(332) User=0.03s Sys=0.02s Real=0.02s
[270.229s][info][gc,start       ] GC(333) Pause Young (Normal) (G1 Evacuation Pause)
[270.229s][info][gc,task        ] GC(333) Using 3 workers of 33 for evacuation
[270.232s][info][gc,phases      ] GC(333)   Pre Evacuate Collection Set: 0.1ms
[270.232s][info][gc,phases      ] GC(333)   Merge Heap Roots: 0.1ms
[270.232s][info][gc,phases      ] GC(333)   Evacuate Collection Set: 2.5ms
[270.232s][info][gc,phases      ] GC(333)   Post Evacuate Collection Set: 0.3ms
[270.232s][info][gc,phases      ] GC(333)   Other: 0.1ms
[270.232s][info][gc,heap        ] GC(333) Eden regions: 48->0(48)
[270.232s][info][gc,heap        ] GC(333) Survivor regions: 2->2(7)
[270.232s][info][gc,heap        ] GC(333) Old regions: 25->25
[270.232s][info][gc,heap        ] GC(333) Archive regions: 0->0
[270.232s][info][gc,heap        ] GC(333) Humongous regions: 0->0
[270.232s][info][gc,metaspace   ] GC(333) Metaspace: 9943K(10240K)->9943K(10240K) NonClass: 8639K(8832K)->8639K(8832K) Class: 1303K(1408K)->1303K(1408K)
[270.232s][info][gc             ] GC(333) Pause Young (Normal) (G1 Evacuation Pause) 53M->5M(84M) 3.666ms
[270.232s][info][gc,cpu         ] GC(333) User=0.00s Sys=0.00s Real=0.00s
[270.438s][info][gc,start       ] GC(334) Pause Young (Normal) (G1 Evacuation Pause)
[270.438s][info][gc,task        ] GC(334) Using 2 workers of 33 for evacuation
[270.442s][info][gc,phases      ] GC(334)   Pre Evacuate Collection Set: 0.1ms
[270.442s][info][gc,phases      ] GC(334)   Merge Heap Roots: 0.1ms
[270.442s][info][gc,phases      ] GC(334)   Evacuate Collection Set: 3.4ms
[270.442s][info][gc,phases      ] GC(334)   Post Evacuate Collection Set: 0.3ms
[270.442s][info][gc,phases      ] GC(334)   Other: 0.1ms
[270.442s][info][gc,heap        ] GC(334) Eden regions: 48->0(48)
[270.442s][info][gc,heap        ] GC(334) Survivor regions: 2->2(7)
[270.442s][info][gc,heap        ] GC(334) Old regions: 25->25
[270.442s][info][gc,heap        ] GC(334) Archive regions: 0->0
[270.442s][info][gc,heap        ] GC(334) Humongous regions: 0->0
[270.442s][info][gc,metaspace   ] GC(334) Metaspace: 9943K(10240K)->9943K(10240K) NonClass: 8639K(8832K)->8639K(8832K) Class: 1303K(1408K)->1303K(1408K)
[270.442s][info][gc             ] GC(334) Pause Young (Normal) (G1 Evacuation Pause) 53M->5M(84M) 4.286ms
[270.442s][info][gc,cpu         ] GC(334) User=0.03s Sys=0.00s Real=0.02s
[270.646s][info][gc,start       ] GC(335) Pause Young (Normal) (G1 Evacuation Pause)
[270.646s][info][gc,task        ] GC(335) Using 2 workers of 33 for evacuation
[270.662s][info][gc,phases      ] GC(335)   Pre Evacuate Collection Set: 0.1ms
[270.662s][info][gc,phases      ] GC(335)   Merge Heap Roots: 0.1ms
[270.662s][info][gc,phases      ] GC(335)   Evacuate Collection Set: 3.4ms
[270.662s][info][gc,phases      ] GC(335)   Post Evacuate Collection Set: 12.8ms
[270.662s][info][gc,phases      ] GC(335)   Other: 0.1ms
[270.662s][info][gc,heap        ] GC(335) Eden regions: 48->0(637)
[270.662s][info][gc,heap        ] GC(335) Survivor regions: 2->2(7)
[270.662s][info][gc,heap        ] GC(335) Old regions: 25->25
[270.662s][info][gc,heap        ] GC(335) Archive regions: 0->0
[270.662s][info][gc,heap        ] GC(335) Humongous regions: 0->0
[270.663s][info][gc,metaspace   ] GC(335) Metaspace: 9943K(10240K)->9943K(10240K) NonClass: 8639K(8832K)->8639K(8832K) Class: 1303K(1408K)->1303K(1408K)
[270.663s][info][gc             ] GC(335) Pause Young (Normal) (G1 Evacuation Pause) 53M->5M(1066M) 17.007ms
[270.663s][info][gc,cpu         ] GC(335) User=0.00s Sys=0.02s Real=0.02s
[273.635s][info][gc,start       ] GC(336) Pause Young (Normal) (G1 Evacuation Pause)
[273.635s][info][gc,task        ] GC(336) Using 25 workers of 33 for evacuation
[273.638s][info][gc,phases      ] GC(336)   Pre Evacuate Collection Set: 0.2ms
[273.638s][info][gc,phases      ] GC(336)   Merge Heap Roots: 0.4ms
[273.638s][info][gc,phases      ] GC(336)   Evacuate Collection Set: 1.7ms
[273.638s][info][gc,phases      ] GC(336)   Post Evacuate Collection Set: 0.8ms
[273.638s][info][gc,phases      ] GC(336)   Other: 0.2ms
[273.638s][info][gc,heap        ] GC(336) Eden regions: 637->0(637)
[273.638s][info][gc,heap        ] GC(336) Survivor regions: 2->2(80)
[273.638s][info][gc,heap        ] GC(336) Old regions: 25->25
[273.638s][info][gc,heap        ] GC(336) Archive regions: 0->0
[273.638s][info][gc,heap        ] GC(336) Humongous regions: 0->0
[273.638s][info][gc,metaspace   ] GC(336) Metaspace: 9943K(10240K)->9943K(10240K) NonClass: 8639K(8832K)->8639K(8832K) Class: 1303K(1408K)->1303K(1408K)
[273.638s][info][gc             ] GC(336) Pause Young (Normal) (G1 Evacuation Pause) 642M->5M(1066M) 3.821ms
[273.638s][info][gc,cpu         ] GC(336) User=0.00s Sys=0.00s Real=0.00s
[276.462s][info][gc,start       ] GC(337) Pause Young (Normal) (G1 Evacuation Pause)
[276.462s][info][gc,task        ] GC(337) Using 25 workers of 33 for evacuation
[276.465s][info][gc,phases      ] GC(337)   Pre Evacuate Collection Set: 0.2ms
[276.465s][info][gc,phases      ] GC(337)   Merge Heap Roots: 0.3ms
[276.465s][info][gc,phases      ] GC(337)   Evacuate Collection Set: 1.6ms
[276.465s][info][gc,phases      ] GC(337)   Post Evacuate Collection Set: 0.7ms
[276.465s][info][gc,phases      ] GC(337)   Other: 0.1ms
[276.465s][info][gc,heap        ] GC(337) Eden regions: 637->0(637)
[276.465s][info][gc,heap        ] GC(337) Survivor regions: 2->2(80)
[276.465s][info][gc,heap        ] GC(337) Old regions: 25->25
[276.465s][info][gc,heap        ] GC(337) Archive regions: 0->0
[276.465s][info][gc,heap        ] GC(337) Humongous regions: 0->0
[276.465s][info][gc,metaspace   ] GC(337) Metaspace: 9943K(10240K)->9943K(10240K) NonClass: 8639K(8832K)->8639K(8832K) Class: 1303K(1408K)->1303K(1408K)
[276.465s][info][gc             ] GC(337) Pause Young (Normal) (G1 Evacuation Pause) 642M->5M(1066M) 3.267ms
[276.465s][info][gc,cpu         ] GC(337) User=0.00s Sys=0.00s Real=0.00s
[276.611s][info][gc,start       ] GC(338) Pause Full (System.gc())
[276.612s][info][gc,task        ] GC(338) Using 25 workers of 33 for full compaction
[276.613s][info][gc,phases,start] GC(338) Phase 1: Mark live objects
[276.619s][info][gc,phases      ] GC(338) Phase 1: Mark live objects 6.022ms
[276.619s][info][gc,phases,start] GC(338) Phase 2: Prepare compaction
[276.623s][info][gc,phases      ] GC(338) Phase 2: Prepare compaction 4.168ms
[276.623s][info][gc,phases,start] GC(338) Phase 3: Adjust pointers
[276.626s][info][gc,phases      ] GC(338) Phase 3: Adjust pointers 3.396ms
[276.626s][info][gc,phases,start] GC(338) Phase 4: Compact heap
[276.627s][info][gc,phases      ] GC(338) Phase 4: Compact heap 0.470ms
[276.637s][info][gc,heap        ] GC(338) Eden regions: 36->0(50)
[276.637s][info][gc,heap        ] GC(338) Survivor regions: 2->0(80)
[276.637s][info][gc,heap        ] GC(338) Old regions: 25->25
[276.637s][info][gc,heap        ] GC(338) Archive regions: 0->0
[276.637s][info][gc,heap        ] GC(338) Humongous regions: 0->0
[276.637s][info][gc,metaspace   ] GC(338) Metaspace: 9943K(10240K)->9943K(10240K) NonClass: 8639K(8832K)->8639K(8832K) Class: 1303K(1408K)->1303K(1408K)
[276.637s][info][gc             ] GC(338) Pause Full (System.gc()) 40M->3M(84M) 25.958ms
[276.637s][info][gc,cpu         ] GC(338) User=0.00s Sys=0.28s Real=0.03s
[276.847s][info][gc,start       ] GC(339) Pause Young (Normal) (G1 Evacuation Pause)
[276.847s][info][gc,task        ] GC(339) Using 13 workers of 33 for evacuation
[276.849s][info][gc,phases      ] GC(339)   Pre Evacuate Collection Set: 0.1ms
[276.849s][info][gc,phases      ] GC(339)   Merge Heap Roots: 0.1ms
[276.849s][info][gc,phases      ] GC(339)   Evacuate Collection Set: 0.8ms
[276.849s][info][gc,phases      ] GC(339)   Post Evacuate Collection Set: 0.4ms
[276.849s][info][gc,phases      ] GC(339)   Other: 0.1ms
[276.849s][info][gc,heap        ] GC(339) Eden regions: 50->0(48)
[276.849s][info][gc,heap        ] GC(339) Survivor regions: 0->2(7)
[276.849s][info][gc,heap        ] GC(339) Old regions: 25->25
[276.849s][info][gc,heap        ] GC(339) Archive regions: 0->0
[276.849s][info][gc,heap        ] GC(339) Humongous regions: 0->0
[276.849s][info][gc,metaspace   ] GC(339) Metaspace: 9943K(10240K)->9943K(10240K) NonClass: 8639K(8832K)->8639K(8832K) Class: 1303K(1408K)->1303K(1408K)
[276.849s][info][gc             ] GC(339) Pause Young (Normal) (G1 Evacuation Pause) 53M->5M(84M) 2.085ms
[276.849s][info][gc,cpu         ] GC(339) User=0.00s Sys=0.00s Real=0.00s
[277.045s][info][gc,start       ] GC(340) Pause Young (Normal) (G1 Evacuation Pause)
[277.046s][info][gc,task        ] GC(340) Using 7 workers of 33 for evacuation
[277.047s][info][gc,phases      ] GC(340)   Pre Evacuate Collection Set: 0.1ms
[277.047s][info][gc,phases      ] GC(340)   Merge Heap Roots: 0.1ms
[277.047s][info][gc,phases      ] GC(340)   Evacuate Collection Set: 1.1ms
[277.047s][info][gc,phases      ] GC(340)   Post Evacuate Collection Set: 0.3ms
[277.047s][info][gc,phases      ] GC(340)   Other: 0.1ms
[277.047s][info][gc,heap        ] GC(340) Eden regions: 48->0(48)
[277.047s][info][gc,heap        ] GC(340) Survivor regions: 2->2(7)
[277.047s][info][gc,heap        ] GC(340) Old regions: 25->25
[277.047s][info][gc,heap        ] GC(340) Archive regions: 0->0
[277.048s][info][gc,heap        ] GC(340) Humongous regions: 0->0
[277.048s][info][gc,metaspace   ] GC(340) Metaspace: 9943K(10240K)->9943K(10240K) NonClass: 8639K(8832K)->8639K(8832K) Class: 1303K(1408K)->1303K(1408K)
[277.048s][info][gc             ] GC(340) Pause Young (Normal) (G1 Evacuation Pause) 53M->5M(84M) 2.182ms
[277.048s][info][gc,cpu         ] GC(340) User=0.00s Sys=0.00s Real=0.00s
[277.255s][info][gc,start       ] GC(341) Pause Young (Normal) (G1 Evacuation Pause)
[277.255s][info][gc,task        ] GC(341) Using 4 workers of 33 for evacuation
[277.258s][info][gc,phases      ] GC(341)   Pre Evacuate Collection Set: 0.1ms
[277.258s][info][gc,phases      ] GC(341)   Merge Heap Roots: 0.1ms
[277.258s][info][gc,phases      ] GC(341)   Evacuate Collection Set: 1.8ms
[277.258s][info][gc,phases      ] GC(341)   Post Evacuate Collection Set: 0.3ms
[277.258s][info][gc,phases      ] GC(341)   Other: 0.1ms
[277.258s][info][gc,heap        ] GC(341) Eden regions: 48->0(48)
[277.258s][info][gc,heap        ] GC(341) Survivor regions: 2->2(7)
[277.258s][info][gc,heap        ] GC(341) Old regions: 25->25
[277.258s][info][gc,heap        ] GC(341) Archive regions: 0->0
[277.258s][info][gc,heap        ] GC(341) Humongous regions: 0->0
[277.258s][info][gc,metaspace   ] GC(341) Metaspace: 9943K(10240K)->9943K(10240K) NonClass: 8639K(8832K)->8639K(8832K) Class: 1303K(1408K)->1303K(1408K)
[277.258s][info][gc             ] GC(341) Pause Young (Normal) (G1 Evacuation Pause) 53M->5M(84M) 2.972ms
[277.258s][info][gc,cpu         ] GC(341) User=0.00s Sys=0.00s Real=0.00s
[277.466s][info][gc,start       ] GC(342) Pause Young (Normal) (G1 Evacuation Pause)
[277.467s][info][gc,task        ] GC(342) Using 3 workers of 33 for evacuation
[277.470s][info][gc,phases      ] GC(342)   Pre Evacuate Collection Set: 0.1ms
[277.470s][info][gc,phases      ] GC(342)   Merge Heap Roots: 0.1ms
[277.470s][info][gc,phases      ] GC(342)   Evacuate Collection Set: 2.4ms
[277.470s][info][gc,phases      ] GC(342)   Post Evacuate Collection Set: 0.3ms
[277.470s][info][gc,phases      ] GC(342)   Other: 0.1ms
[277.470s][info][gc,heap        ] GC(342) Eden regions: 48->0(48)
[277.470s][info][gc,heap        ] GC(342) Survivor regions: 2->2(7)
[277.470s][info][gc,heap        ] GC(342) Old regions: 25->25
[277.470s][info][gc,heap        ] GC(342) Archive regions: 0->0
[277.470s][info][gc,heap        ] GC(342) Humongous regions: 0->0
[277.470s][info][gc,metaspace   ] GC(342) Metaspace: 9943K(10240K)->9943K(10240K) NonClass: 8639K(8832K)->8639K(8832K) Class: 1303K(1408K)->1303K(1408K)
[277.470s][info][gc             ] GC(342) Pause Young (Normal) (G1 Evacuation Pause) 53M->5M(84M) 3.618ms
[277.470s][info][gc,cpu         ] GC(342) User=0.00s Sys=0.00s Real=0.00s
[277.680s][info][gc,start       ] GC(343) Pause Young (Normal) (G1 Evacuation Pause)
[277.680s][info][gc,task        ] GC(343) Using 2 workers of 33 for evacuation
[277.684s][info][gc,phases      ] GC(343)   Pre Evacuate Collection Set: 0.1ms
[277.684s][info][gc,phases      ] GC(343)   Merge Heap Roots: 0.1ms
[277.684s][info][gc,phases      ] GC(343)   Evacuate Collection Set: 3.4ms
[277.684s][info][gc,phases      ] GC(343)   Post Evacuate Collection Set: 0.4ms
[277.684s][info][gc,phases      ] GC(343)   Other: 0.1ms
[277.684s][info][gc,heap        ] GC(343) Eden regions: 48->0(48)
[277.684s][info][gc,heap        ] GC(343) Survivor regions: 2->2(7)
[277.684s][info][gc,heap        ] GC(343) Old regions: 25->25
[277.684s][info][gc,heap        ] GC(343) Archive regions: 0->0
[277.684s][info][gc,heap        ] GC(343) Humongous regions: 0->0
[277.684s][info][gc,metaspace   ] GC(343) Metaspace: 9943K(10240K)->9943K(10240K) NonClass: 8639K(8832K)->8639K(8832K) Class: 1303K(1408K)->1303K(1408K)
[277.684s][info][gc             ] GC(343) Pause Young (Normal) (G1 Evacuation Pause) 53M->5M(84M) 4.616ms
[277.684s][info][gc,cpu         ] GC(343) User=0.00s Sys=0.00s Real=0.00s
[277.883s][info][gc,start       ] GC(344) Pause Young (Normal) (G1 Evacuation Pause)
[277.883s][info][gc,task        ] GC(344) Using 2 workers of 33 for evacuation
[277.899s][info][gc,phases      ] GC(344)   Pre Evacuate Collection Set: 0.1ms
[277.899s][info][gc,phases      ] GC(344)   Merge Heap Roots: 0.1ms
[277.899s][info][gc,phases      ] GC(344)   Evacuate Collection Set: 3.2ms
[277.899s][info][gc,phases      ] GC(344)   Post Evacuate Collection Set: 13.1ms
[277.899s][info][gc,phases      ] GC(344)   Other: 0.1ms
[277.899s][info][gc,heap        ] GC(344) Eden regions: 48->0(637)
[277.900s][info][gc,heap        ] GC(344) Survivor regions: 2->2(7)
[277.900s][info][gc,heap        ] GC(344) Old regions: 25->25
[277.900s][info][gc,heap        ] GC(344) Archive regions: 0->0
[277.900s][info][gc,heap        ] GC(344) Humongous regions: 0->0
[277.900s][info][gc,metaspace   ] GC(344) Metaspace: 9943K(10240K)->9943K(10240K) NonClass: 8639K(8832K)->8639K(8832K) Class: 1303K(1408K)->1303K(1408K)
[277.900s][info][gc             ] GC(344) Pause Young (Normal) (G1 Evacuation Pause) 53M->5M(1066M) 17.151ms
[277.900s][info][gc,cpu         ] GC(344) User=0.00s Sys=0.02s Real=0.02s
[280.867s][info][gc,start       ] GC(345) Pause Young (Normal) (G1 Evacuation Pause)
[280.867s][info][gc,task        ] GC(345) Using 25 workers of 33 for evacuation
[280.870s][info][gc,phases      ] GC(345)   Pre Evacuate Collection Set: 0.2ms
[280.870s][info][gc,phases      ] GC(345)   Merge Heap Roots: 0.3ms
[280.870s][info][gc,phases      ] GC(345)   Evacuate Collection Set: 1.5ms
[280.870s][info][gc,phases      ] GC(345)   Post Evacuate Collection Set: 0.8ms
[280.870s][info][gc,phases      ] GC(345)   Other: 0.2ms
[280.870s][info][gc,heap        ] GC(345) Eden regions: 637->0(637)
[280.870s][info][gc,heap        ] GC(345) Survivor regions: 2->2(80)
[280.870s][info][gc,heap        ] GC(345) Old regions: 25->25
[280.870s][info][gc,heap        ] GC(345) Archive regions: 0->0
[280.870s][info][gc,heap        ] GC(345) Humongous regions: 0->0
[280.870s][info][gc,metaspace   ] GC(345) Metaspace: 9943K(10240K)->9943K(10240K) NonClass: 8639K(8832K)->8639K(8832K) Class: 1303K(1408K)->1303K(1408K)
[280.870s][info][gc             ] GC(345) Pause Young (Normal) (G1 Evacuation Pause) 642M->5M(1066M) 3.575ms
[280.870s][info][gc,cpu         ] GC(345) User=0.00s Sys=0.00s Real=0.00s
[283.678s][info][gc,start       ] GC(346) Pause Young (Normal) (G1 Evacuation Pause)
[283.678s][info][gc,task        ] GC(346) Using 25 workers of 33 for evacuation
[283.681s][info][gc,phases      ] GC(346)   Pre Evacuate Collection Set: 0.2ms
[283.681s][info][gc,phases      ] GC(346)   Merge Heap Roots: 0.4ms
[283.681s][info][gc,phases      ] GC(346)   Evacuate Collection Set: 1.6ms
[283.681s][info][gc,phases      ] GC(346)   Post Evacuate Collection Set: 0.8ms
[283.681s][info][gc,phases      ] GC(346)   Other: 0.2ms
[283.681s][info][gc,heap        ] GC(346) Eden regions: 637->0(637)
[283.681s][info][gc,heap        ] GC(346) Survivor regions: 2->2(80)
[283.681s][info][gc,heap        ] GC(346) Old regions: 25->25
[283.681s][info][gc,heap        ] GC(346) Archive regions: 0->0
[283.681s][info][gc,heap        ] GC(346) Humongous regions: 0->0
[283.681s][info][gc,metaspace   ] GC(346) Metaspace: 9943K(10240K)->9943K(10240K) NonClass: 8639K(8832K)->8639K(8832K) Class: 1303K(1408K)->1303K(1408K)
[283.681s][info][gc             ] GC(346) Pause Young (Normal) (G1 Evacuation Pause) 642M->5M(1066M) 3.715ms
[283.681s][info][gc,cpu         ] GC(346) User=0.06s Sys=0.33s Real=0.02s
[283.791s][info][gc,start       ] GC(347) Pause Full (System.gc())
[283.791s][info][gc,task        ] GC(347) Using 25 workers of 33 for full compaction
[283.792s][info][gc,phases,start] GC(347) Phase 1: Mark live objects
[283.798s][info][gc,phases      ] GC(347) Phase 1: Mark live objects 5.944ms
[283.798s][info][gc,phases,start] GC(347) Phase 2: Prepare compaction
[283.802s][info][gc,phases      ] GC(347) Phase 2: Prepare compaction 4.149ms
[283.802s][info][gc,phases,start] GC(347) Phase 3: Adjust pointers
[283.806s][info][gc,phases      ] GC(347) Phase 3: Adjust pointers 3.521ms
[283.806s][info][gc,phases,start] GC(347) Phase 4: Compact heap
[283.806s][info][gc,phases      ] GC(347) Phase 4: Compact heap 0.468ms
[283.818s][info][gc,heap        ] GC(347) Eden regions: 28->0(50)
[283.818s][info][gc,heap        ] GC(347) Survivor regions: 2->0(80)
[283.818s][info][gc,heap        ] GC(347) Old regions: 25->25
[283.818s][info][gc,heap        ] GC(347) Archive regions: 0->0
[283.818s][info][gc,heap        ] GC(347) Humongous regions: 0->0
[283.818s][info][gc,metaspace   ] GC(347) Metaspace: 9943K(10240K)->9943K(10240K) NonClass: 8639K(8832K)->8639K(8832K) Class: 1303K(1408K)->1303K(1408K)
[283.818s][info][gc             ] GC(347) Pause Full (System.gc()) 32M->3M(84M) 27.010ms
[283.818s][info][gc,cpu         ] GC(347) User=0.02s Sys=0.00s Real=0.02s
[284.047s][info][gc,start       ] GC(348) Pause Young (Normal) (G1 Evacuation Pause)
[284.047s][info][gc,task        ] GC(348) Using 13 workers of 33 for evacuation
[284.048s][info][gc,phases      ] GC(348)   Pre Evacuate Collection Set: 0.1ms
[284.048s][info][gc,phases      ] GC(348)   Merge Heap Roots: 0.1ms
[284.048s][info][gc,phases      ] GC(348)   Evacuate Collection Set: 0.9ms
[284.048s][info][gc,phases      ] GC(348)   Post Evacuate Collection Set: 0.3ms
[284.048s][info][gc,phases      ] GC(348)   Other: 0.1ms
[284.048s][info][gc,heap        ] GC(348) Eden regions: 50->0(48)
[284.048s][info][gc,heap        ] GC(348) Survivor regions: 0->2(7)
[284.048s][info][gc,heap        ] GC(348) Old regions: 25->25
[284.048s][info][gc,heap        ] GC(348) Archive regions: 0->0
[284.048s][info][gc,heap        ] GC(348) Humongous regions: 0->0
[284.048s][info][gc,metaspace   ] GC(348) Metaspace: 9943K(10240K)->9943K(10240K) NonClass: 8639K(8832K)->8639K(8832K) Class: 1303K(1408K)->1303K(1408K)
[284.048s][info][gc             ] GC(348) Pause Young (Normal) (G1 Evacuation Pause) 53M->5M(84M) 1.729ms
[284.048s][info][gc,cpu         ] GC(348) User=0.00s Sys=0.00s Real=0.00s
[284.249s][info][gc,start       ] GC(349) Pause Young (Normal) (G1 Evacuation Pause)
[284.249s][info][gc,task        ] GC(349) Using 7 workers of 33 for evacuation
[284.251s][info][gc,phases      ] GC(349)   Pre Evacuate Collection Set: 0.1ms
[284.251s][info][gc,phases      ] GC(349)   Merge Heap Roots: 0.1ms
[284.251s][info][gc,phases      ] GC(349)   Evacuate Collection Set: 1.2ms
[284.251s][info][gc,phases      ] GC(349)   Post Evacuate Collection Set: 0.3ms
[284.251s][info][gc,phases      ] GC(349)   Other: 0.1ms
[284.251s][info][gc,heap        ] GC(349) Eden regions: 48->0(48)
[284.251s][info][gc,heap        ] GC(349) Survivor regions: 2->2(7)
[284.251s][info][gc,heap        ] GC(349) Old regions: 25->25
[284.251s][info][gc,heap        ] GC(349) Archive regions: 0->0
[284.251s][info][gc,heap        ] GC(349) Humongous regions: 0->0
[284.251s][info][gc,metaspace   ] GC(349) Metaspace: 9943K(10240K)->9943K(10240K) NonClass: 8639K(8832K)->8639K(8832K) Class: 1303K(1408K)->1303K(1408K)
[284.251s][info][gc             ] GC(349) Pause Young (Normal) (G1 Evacuation Pause) 53M->5M(84M) 2.317ms
[284.251s][info][gc,cpu         ] GC(349) User=0.00s Sys=0.00s Real=0.00s
[284.450s][info][gc,start       ] GC(350) Pause Young (Normal) (G1 Evacuation Pause)
[284.450s][info][gc,task        ] GC(350) Using 4 workers of 33 for evacuation
[284.453s][info][gc,phases      ] GC(350)   Pre Evacuate Collection Set: 0.1ms
[284.453s][info][gc,phases      ] GC(350)   Merge Heap Roots: 0.1ms
[284.453s][info][gc,phases      ] GC(350)   Evacuate Collection Set: 1.9ms
[284.453s][info][gc,phases      ] GC(350)   Post Evacuate Collection Set: 0.3ms
[284.453s][info][gc,phases      ] GC(350)   Other: 0.1ms
[284.453s][info][gc,heap        ] GC(350) Eden regions: 48->0(48)
[284.453s][info][gc,heap        ] GC(350) Survivor regions: 2->2(7)
[284.453s][info][gc,heap        ] GC(350) Old regions: 25->25
[284.453s][info][gc,heap        ] GC(350) Archive regions: 0->0
[284.453s][info][gc,heap        ] GC(350) Humongous regions: 0->0
[284.453s][info][gc,metaspace   ] GC(350) Metaspace: 9943K(10240K)->9943K(10240K) NonClass: 8639K(8832K)->8639K(8832K) Class: 1303K(1408K)->1303K(1408K)
[284.453s][info][gc             ] GC(350) Pause Young (Normal) (G1 Evacuation Pause) 53M->5M(84M) 2.665ms
[284.453s][info][gc,cpu         ] GC(350) User=0.00s Sys=0.00s Real=0.00s
[284.659s][info][gc,start       ] GC(351) Pause Young (Normal) (G1 Evacuation Pause)
[284.660s][info][gc,task        ] GC(351) Using 3 workers of 33 for evacuation
[284.663s][info][gc,phases      ] GC(351)   Pre Evacuate Collection Set: 0.1ms
[284.663s][info][gc,phases      ] GC(351)   Merge Heap Roots: 0.1ms
[284.663s][info][gc,phases      ] GC(351)   Evacuate Collection Set: 2.3ms
[284.663s][info][gc,phases      ] GC(351)   Post Evacuate Collection Set: 0.3ms
[284.663s][info][gc,phases      ] GC(351)   Other: 0.2ms
[284.663s][info][gc,heap        ] GC(351) Eden regions: 48->0(48)
[284.663s][info][gc,heap        ] GC(351) Survivor regions: 2->2(7)
[284.663s][info][gc,heap        ] GC(351) Old regions: 25->25
[284.663s][info][gc,heap        ] GC(351) Archive regions: 0->0
[284.663s][info][gc,heap        ] GC(351) Humongous regions: 0->0
[284.663s][info][gc,metaspace   ] GC(351) Metaspace: 9943K(10240K)->9943K(10240K) NonClass: 8639K(8832K)->8639K(8832K) Class: 1303K(1408K)->1303K(1408K)
[284.663s][info][gc             ] GC(351) Pause Young (Normal) (G1 Evacuation Pause) 53M->5M(84M) 3.594ms
[284.663s][info][gc,cpu         ] GC(351) User=0.00s Sys=0.02s Real=0.01s
[284.880s][info][gc,start       ] GC(352) Pause Young (Normal) (G1 Evacuation Pause)
[284.891s][info][gc,task        ] GC(352) Using 2 workers of 33 for evacuation
[284.895s][info][gc,phases      ] GC(352)   Pre Evacuate Collection Set: 0.1ms
[284.895s][info][gc,phases      ] GC(352)   Merge Heap Roots: 0.1ms
[284.895s][info][gc,phases      ] GC(352)   Evacuate Collection Set: 3.5ms
[284.895s][info][gc,phases      ] GC(352)   Post Evacuate Collection Set: 0.4ms
[284.895s][info][gc,phases      ] GC(352)   Other: 0.1ms
[284.896s][info][gc,heap        ] GC(352) Eden regions: 48->0(48)
[284.896s][info][gc,heap        ] GC(352) Survivor regions: 2->2(7)
[284.896s][info][gc,heap        ] GC(352) Old regions: 25->25
[284.896s][info][gc,heap        ] GC(352) Archive regions: 0->0
[284.896s][info][gc,heap        ] GC(352) Humongous regions: 0->0
[284.896s][info][gc,metaspace   ] GC(352) Metaspace: 9943K(10240K)->9943K(10240K) NonClass: 8639K(8832K)->8639K(8832K) Class: 1303K(1408K)->1303K(1408K)
[284.896s][info][gc             ] GC(352) Pause Young (Normal) (G1 Evacuation Pause) 53M->5M(84M) 16.041ms
[284.896s][info][gc,cpu         ] GC(352) User=0.00s Sys=0.00s Real=0.02s
[285.109s][info][gc,start       ] GC(353) Pause Young (Normal) (G1 Evacuation Pause)
[285.110s][info][gc,task        ] GC(353) Using 2 workers of 33 for evacuation
[285.125s][info][gc,phases      ] GC(353)   Pre Evacuate Collection Set: 0.1ms
[285.125s][info][gc,phases      ] GC(353)   Merge Heap Roots: 0.1ms
[285.126s][info][gc,phases      ] GC(353)   Evacuate Collection Set: 3.1ms
[285.126s][info][gc,phases      ] GC(353)   Post Evacuate Collection Set: 12.5ms
[285.126s][info][gc,phases      ] GC(353)   Other: 0.1ms
[285.126s][info][gc,heap        ] GC(353) Eden regions: 48->0(637)
[285.126s][info][gc,heap        ] GC(353) Survivor regions: 2->2(7)
[285.126s][info][gc,heap        ] GC(353) Old regions: 25->25
[285.126s][info][gc,heap        ] GC(353) Archive regions: 0->0
[285.126s][info][gc,heap        ] GC(353) Humongous regions: 0->0
[285.126s][info][gc,metaspace   ] GC(353) Metaspace: 9943K(10240K)->9943K(10240K) NonClass: 8639K(8832K)->8639K(8832K) Class: 1303K(1408K)->1303K(1408K)
[285.126s][info][gc             ] GC(353) Pause Young (Normal) (G1 Evacuation Pause) 53M->5M(1066M) 16.402ms
[285.126s][info][gc,cpu         ] GC(353) User=0.00s Sys=0.02s Real=0.02s
[288.100s][info][gc,start       ] GC(354) Pause Young (Normal) (G1 Evacuation Pause)
[288.100s][info][gc,task        ] GC(354) Using 25 workers of 33 for evacuation
[288.104s][info][gc,phases      ] GC(354)   Pre Evacuate Collection Set: 0.2ms
[288.104s][info][gc,phases      ] GC(354)   Merge Heap Roots: 0.4ms
[288.104s][info][gc,phases      ] GC(354)   Evacuate Collection Set: 1.5ms
[288.104s][info][gc,phases      ] GC(354)   Post Evacuate Collection Set: 0.8ms
[288.104s][info][gc,phases      ] GC(354)   Other: 0.2ms
[288.104s][info][gc,heap        ] GC(354) Eden regions: 637->0(637)
[288.104s][info][gc,heap        ] GC(354) Survivor regions: 2->2(80)
[288.104s][info][gc,heap        ] GC(354) Old regions: 25->25
[288.104s][info][gc,heap        ] GC(354) Archive regions: 0->0
[288.104s][info][gc,heap        ] GC(354) Humongous regions: 0->0
[288.104s][info][gc,metaspace   ] GC(354) Metaspace: 9943K(10240K)->9943K(10240K) NonClass: 8639K(8832K)->8639K(8832K) Class: 1303K(1408K)->1303K(1408K)
[288.104s][info][gc             ] GC(354) Pause Young (Normal) (G1 Evacuation Pause) 642M->5M(1066M) 3.750ms
[288.104s][info][gc,cpu         ] GC(354) User=0.00s Sys=0.00s Real=0.00s
[290.907s][info][gc,start       ] GC(355) Pause Young (Normal) (G1 Evacuation Pause)
[290.907s][info][gc,task        ] GC(355) Using 25 workers of 33 for evacuation
[290.910s][info][gc,phases      ] GC(355)   Pre Evacuate Collection Set: 0.2ms
[290.910s][info][gc,phases      ] GC(355)   Merge Heap Roots: 0.4ms
[290.910s][info][gc,phases      ] GC(355)   Evacuate Collection Set: 1.7ms
[290.910s][info][gc,phases      ] GC(355)   Post Evacuate Collection Set: 0.8ms
[290.910s][info][gc,phases      ] GC(355)   Other: 0.2ms
[290.911s][info][gc,heap        ] GC(355) Eden regions: 637->0(637)
[290.911s][info][gc,heap        ] GC(355) Survivor regions: 2->2(80)
[290.911s][info][gc,heap        ] GC(355) Old regions: 25->25
[290.911s][info][gc,heap        ] GC(355) Archive regions: 0->0
[290.911s][info][gc,heap        ] GC(355) Humongous regions: 0->0
[290.911s][info][gc,metaspace   ] GC(355) Metaspace: 9943K(10240K)->9943K(10240K) NonClass: 8639K(8832K)->8639K(8832K) Class: 1303K(1408K)->1303K(1408K)
[290.911s][info][gc             ] GC(355) Pause Young (Normal) (G1 Evacuation Pause) 642M->5M(1066M) 3.849ms
[290.911s][info][gc,cpu         ] GC(355) User=0.00s Sys=0.00s Real=0.00s
[291.051s][info][gc,start       ] GC(356) Pause Full (System.gc())
[291.051s][info][gc,task        ] GC(356) Using 25 workers of 33 for full compaction
[291.052s][info][gc,phases,start] GC(356) Phase 1: Mark live objects
[291.058s][info][gc,phases      ] GC(356) Phase 1: Mark live objects 5.581ms
[291.058s][info][gc,phases,start] GC(356) Phase 2: Prepare compaction
[291.062s][info][gc,phases      ] GC(356) Phase 2: Prepare compaction 4.217ms
[291.062s][info][gc,phases,start] GC(356) Phase 3: Adjust pointers
[291.066s][info][gc,phases      ] GC(356) Phase 3: Adjust pointers 4.203ms
[291.066s][info][gc,phases,start] GC(356) Phase 4: Compact heap
[291.067s][info][gc,phases      ] GC(356) Phase 4: Compact heap 0.578ms
[291.079s][info][gc,heap        ] GC(356) Eden regions: 36->0(50)
[291.079s][info][gc,heap        ] GC(356) Survivor regions: 2->0(80)
[291.079s][info][gc,heap        ] GC(356) Old regions: 25->25
[291.079s][info][gc,heap        ] GC(356) Archive regions: 0->0
[291.079s][info][gc,heap        ] GC(356) Humongous regions: 0->0
[291.080s][info][gc,metaspace   ] GC(356) Metaspace: 9943K(10240K)->9943K(10240K) NonClass: 8639K(8832K)->8639K(8832K) Class: 1303K(1408K)->1303K(1408K)
[291.080s][info][gc             ] GC(356) Pause Full (System.gc()) 40M->3M(84M) 28.913ms
[291.080s][info][gc,cpu         ] GC(356) User=0.28s Sys=0.25s Real=0.03s
[291.293s][info][gc,start       ] GC(357) Pause Young (Normal) (G1 Evacuation Pause)
[291.294s][info][gc,task        ] GC(357) Using 13 workers of 33 for evacuation
[291.295s][info][gc,phases      ] GC(357)   Pre Evacuate Collection Set: 0.1ms
[291.295s][info][gc,phases      ] GC(357)   Merge Heap Roots: 0.1ms
[291.295s][info][gc,phases      ] GC(357)   Evacuate Collection Set: 0.8ms
[291.295s][info][gc,phases      ] GC(357)   Post Evacuate Collection Set: 0.4ms
[291.295s][info][gc,phases      ] GC(357)   Other: 0.1ms
[291.295s][info][gc,heap        ] GC(357) Eden regions: 50->0(48)
[291.295s][info][gc,heap        ] GC(357) Survivor regions: 0->2(7)
[291.295s][info][gc,heap        ] GC(357) Old regions: 25->25
[291.295s][info][gc,heap        ] GC(357) Archive regions: 0->0
[291.295s][info][gc,heap        ] GC(357) Humongous regions: 0->0
[291.295s][info][gc,metaspace   ] GC(357) Metaspace: 9943K(10240K)->9943K(10240K) NonClass: 8639K(8832K)->8639K(8832K) Class: 1303K(1408K)->1303K(1408K)
[291.296s][info][gc             ] GC(357) Pause Young (Normal) (G1 Evacuation Pause) 53M->5M(84M) 2.103ms
[291.296s][info][gc,cpu         ] GC(357) User=0.00s Sys=0.00s Real=0.00s
[291.489s][info][gc,start       ] GC(358) Pause Young (Normal) (G1 Evacuation Pause)
[291.489s][info][gc,task        ] GC(358) Using 7 workers of 33 for evacuation
[291.491s][info][gc,phases      ] GC(358)   Pre Evacuate Collection Set: 0.1ms
[291.491s][info][gc,phases      ] GC(358)   Merge Heap Roots: 0.1ms
[291.491s][info][gc,phases      ] GC(358)   Evacuate Collection Set: 1.1ms
[291.491s][info][gc,phases      ] GC(358)   Post Evacuate Collection Set: 0.3ms
[291.491s][info][gc,phases      ] GC(358)   Other: 0.1ms
[291.491s][info][gc,heap        ] GC(358) Eden regions: 48->0(48)
[291.491s][info][gc,heap        ] GC(358) Survivor regions: 2->2(7)
[291.491s][info][gc,heap        ] GC(358) Old regions: 25->25
[291.491s][info][gc,heap        ] GC(358) Archive regions: 0->0
[291.491s][info][gc,heap        ] GC(358) Humongous regions: 0->0
[291.491s][info][gc,metaspace   ] GC(358) Metaspace: 9943K(10240K)->9943K(10240K) NonClass: 8639K(8832K)->8639K(8832K) Class: 1303K(1408K)->1303K(1408K)
[291.491s][info][gc             ] GC(358) Pause Young (Normal) (G1 Evacuation Pause) 53M->5M(84M) 2.191ms
[291.491s][info][gc,cpu         ] GC(358) User=0.00s Sys=0.00s Real=0.00s
[291.690s][info][gc,start       ] GC(359) Pause Young (Normal) (G1 Evacuation Pause)
[291.690s][info][gc,task        ] GC(359) Using 4 workers of 33 for evacuation
[291.692s][info][gc,phases      ] GC(359)   Pre Evacuate Collection Set: 0.1ms
[291.693s][info][gc,phases      ] GC(359)   Merge Heap Roots: 0.1ms
[291.693s][info][gc,phases      ] GC(359)   Evacuate Collection Set: 2.0ms
[291.693s][info][gc,phases      ] GC(359)   Post Evacuate Collection Set: 0.3ms
[291.693s][info][gc,phases      ] GC(359)   Other: 0.1ms
[291.693s][info][gc,heap        ] GC(359) Eden regions: 48->0(48)
[291.693s][info][gc,heap        ] GC(359) Survivor regions: 2->2(7)
[291.693s][info][gc,heap        ] GC(359) Old regions: 25->25
[291.693s][info][gc,heap        ] GC(359) Archive regions: 0->0
[291.693s][info][gc,heap        ] GC(359) Humongous regions: 0->0
[291.693s][info][gc,metaspace   ] GC(359) Metaspace: 9943K(10240K)->9943K(10240K) NonClass: 8639K(8832K)->8639K(8832K) Class: 1303K(1408K)->1303K(1408K)
[291.693s][info][gc             ] GC(359) Pause Young (Normal) (G1 Evacuation Pause) 53M->5M(84M) 3.191ms
[291.693s][info][gc,cpu         ] GC(359) User=0.00s Sys=0.00s Real=0.00s
[291.899s][info][gc,start       ] GC(360) Pause Young (Normal) (G1 Evacuation Pause)
[291.899s][info][gc,task        ] GC(360) Using 3 workers of 33 for evacuation
[291.903s][info][gc,phases      ] GC(360)   Pre Evacuate Collection Set: 0.1ms
[291.903s][info][gc,phases      ] GC(360)   Merge Heap Roots: 0.1ms
[291.903s][info][gc,phases      ] GC(360)   Evacuate Collection Set: 2.7ms
[291.903s][info][gc,phases      ] GC(360)   Post Evacuate Collection Set: 0.3ms
[291.903s][info][gc,phases      ] GC(360)   Other: 0.1ms
[291.903s][info][gc,heap        ] GC(360) Eden regions: 48->0(48)
[291.903s][info][gc,heap        ] GC(360) Survivor regions: 2->2(7)
[291.903s][info][gc,heap        ] GC(360) Old regions: 25->25
[291.903s][info][gc,heap        ] GC(360) Archive regions: 0->0
[291.903s][info][gc,heap        ] GC(360) Humongous regions: 0->0
[291.903s][info][gc,metaspace   ] GC(360) Metaspace: 9943K(10240K)->9943K(10240K) NonClass: 8639K(8832K)->8639K(8832K) Class: 1303K(1408K)->1303K(1408K)
[291.903s][info][gc             ] GC(360) Pause Young (Normal) (G1 Evacuation Pause) 53M->5M(84M) 3.844ms
[291.903s][info][gc,cpu         ] GC(360) User=0.00s Sys=0.00s Real=0.00s
[292.113s][info][gc,start       ] GC(361) Pause Young (Normal) (G1 Evacuation Pause)
[292.113s][info][gc,task        ] GC(361) Using 2 workers of 33 for evacuation
[292.118s][info][gc,phases      ] GC(361)   Pre Evacuate Collection Set: 0.1ms
[292.118s][info][gc,phases      ] GC(361)   Merge Heap Roots: 0.1ms
[292.118s][info][gc,phases      ] GC(361)   Evacuate Collection Set: 3.7ms
[292.118s][info][gc,phases      ] GC(361)   Post Evacuate Collection Set: 0.4ms
[292.118s][info][gc,phases      ] GC(361)   Other: 0.1ms
[292.118s][info][gc,heap        ] GC(361) Eden regions: 48->0(48)
[292.118s][info][gc,heap        ] GC(361) Survivor regions: 2->2(7)
[292.118s][info][gc,heap        ] GC(361) Old regions: 25->25
[292.118s][info][gc,heap        ] GC(361) Archive regions: 0->0
[292.118s][info][gc,heap        ] GC(361) Humongous regions: 0->0
[292.118s][info][gc,metaspace   ] GC(361) Metaspace: 9943K(10240K)->9943K(10240K) NonClass: 8639K(8832K)->8639K(8832K) Class: 1303K(1408K)->1303K(1408K)
[292.118s][info][gc             ] GC(361) Pause Young (Normal) (G1 Evacuation Pause) 53M->5M(84M) 4.914ms
[292.118s][info][gc,cpu         ] GC(361) User=0.02s Sys=0.00s Real=0.02s
[292.321s][info][gc,start       ] GC(362) Pause Young (Normal) (G1 Evacuation Pause)
[292.321s][info][gc,task        ] GC(362) Using 2 workers of 33 for evacuation
[292.338s][info][gc,phases      ] GC(362)   Pre Evacuate Collection Set: 0.1ms
[292.338s][info][gc,phases      ] GC(362)   Merge Heap Roots: 0.1ms
[292.338s][info][gc,phases      ] GC(362)   Evacuate Collection Set: 3.6ms
[292.338s][info][gc,phases      ] GC(362)   Post Evacuate Collection Set: 12.8ms
[292.338s][info][gc,phases      ] GC(362)   Other: 0.1ms
[292.338s][info][gc,heap        ] GC(362) Eden regions: 48->0(637)
[292.338s][info][gc,heap        ] GC(362) Survivor regions: 2->2(7)
[292.338s][info][gc,heap        ] GC(362) Old regions: 25->25
[292.338s][info][gc,heap        ] GC(362) Archive regions: 0->0
[292.338s][info][gc,heap        ] GC(362) Humongous regions: 0->0
[292.338s][info][gc,metaspace   ] GC(362) Metaspace: 9943K(10240K)->9943K(10240K) NonClass: 8639K(8832K)->8639K(8832K) Class: 1303K(1408K)->1303K(1408K)
[292.338s][info][gc             ] GC(362) Pause Young (Normal) (G1 Evacuation Pause) 53M->5M(1066M) 17.377ms
[292.338s][info][gc,cpu         ] GC(362) User=0.00s Sys=0.02s Real=0.02s
[295.329s][info][gc,start       ] GC(363) Pause Young (Normal) (G1 Evacuation Pause)
[295.329s][info][gc,task        ] GC(363) Using 25 workers of 33 for evacuation
[295.333s][info][gc,phases      ] GC(363)   Pre Evacuate Collection Set: 0.2ms
[295.333s][info][gc,phases      ] GC(363)   Merge Heap Roots: 0.4ms
[295.333s][info][gc,phases      ] GC(363)   Evacuate Collection Set: 1.7ms
[295.333s][info][gc,phases      ] GC(363)   Post Evacuate Collection Set: 0.8ms
[295.333s][info][gc,phases      ] GC(363)   Other: 0.2ms
[295.333s][info][gc,heap        ] GC(363) Eden regions: 637->0(637)
[295.333s][info][gc,heap        ] GC(363) Survivor regions: 2->2(80)
[295.333s][info][gc,heap        ] GC(363) Old regions: 25->25
[295.333s][info][gc,heap        ] GC(363) Archive regions: 0->0
[295.333s][info][gc,heap        ] GC(363) Humongous regions: 0->0
[295.333s][info][gc,metaspace   ] GC(363) Metaspace: 9943K(10240K)->9943K(10240K) NonClass: 8639K(8832K)->8639K(8832K) Class: 1303K(1408K)->1303K(1408K)
[295.333s][info][gc             ] GC(363) Pause Young (Normal) (G1 Evacuation Pause) 642M->5M(1066M) 3.876ms
[295.333s][info][gc,cpu         ] GC(363) User=0.00s Sys=0.00s Real=0.00s
[298.131s][info][gc,start       ] GC(364) Pause Young (Normal) (G1 Evacuation Pause)
[298.131s][info][gc,task        ] GC(364) Using 25 workers of 33 for evacuation
[298.134s][info][gc,phases      ] GC(364)   Pre Evacuate Collection Set: 0.2ms
[298.134s][info][gc,phases      ] GC(364)   Merge Heap Roots: 0.4ms
[298.134s][info][gc,phases      ] GC(364)   Evacuate Collection Set: 1.7ms
[298.134s][info][gc,phases      ] GC(364)   Post Evacuate Collection Set: 0.8ms
[298.134s][info][gc,phases      ] GC(364)   Other: 0.2ms
[298.134s][info][gc,heap        ] GC(364) Eden regions: 637->0(637)
[298.134s][info][gc,heap        ] GC(364) Survivor regions: 2->2(80)
[298.134s][info][gc,heap        ] GC(364) Old regions: 25->25
[298.134s][info][gc,heap        ] GC(364) Archive regions: 0->0
[298.134s][info][gc,heap        ] GC(364) Humongous regions: 0->0
[298.134s][info][gc,metaspace   ] GC(364) Metaspace: 9943K(10240K)->9943K(10240K) NonClass: 8639K(8832K)->8639K(8832K) Class: 1303K(1408K)->1303K(1408K)
[298.134s][info][gc             ] GC(364) Pause Young (Normal) (G1 Evacuation Pause) 642M->5M(1066M) 3.803ms
[298.134s][info][gc,cpu         ] GC(364) User=0.00s Sys=0.00s Real=0.00s
[298.270s][info][gc,start       ] GC(365) Pause Full (System.gc())
[298.270s][info][gc,task        ] GC(365) Using 25 workers of 33 for full compaction
[298.272s][info][gc,phases,start] GC(365) Phase 1: Mark live objects
[298.277s][info][gc,phases      ] GC(365) Phase 1: Mark live objects 5.805ms
[298.277s][info][gc,phases,start] GC(365) Phase 2: Prepare compaction
[298.282s][info][gc,phases      ] GC(365) Phase 2: Prepare compaction 4.132ms
[298.282s][info][gc,phases,start] GC(365) Phase 3: Adjust pointers
[298.285s][info][gc,phases      ] GC(365) Phase 3: Adjust pointers 3.586ms
[298.285s][info][gc,phases,start] GC(365) Phase 4: Compact heap
[298.286s][info][gc,phases      ] GC(365) Phase 4: Compact heap 0.502ms
[298.296s][info][gc,heap        ] GC(365) Eden regions: 33->0(50)
[298.296s][info][gc,heap        ] GC(365) Survivor regions: 2->0(80)
[298.296s][info][gc,heap        ] GC(365) Old regions: 25->25
[298.296s][info][gc,heap        ] GC(365) Archive regions: 0->0
[298.296s][info][gc,heap        ] GC(365) Humongous regions: 0->0
[298.296s][info][gc,metaspace   ] GC(365) Metaspace: 9944K(10240K)->9944K(10240K) NonClass: 8641K(8832K)->8641K(8832K) Class: 1303K(1408K)->1303K(1408K)
[298.296s][info][gc             ] GC(365) Pause Full (System.gc()) 37M->3M(84M) 26.008ms
[298.296s][info][gc,cpu         ] GC(365) User=0.05s Sys=0.36s Real=0.03s
[298.509s][info][gc,start       ] GC(366) Pause Young (Normal) (G1 Evacuation Pause)
[298.509s][info][gc,task        ] GC(366) Using 13 workers of 33 for evacuation
[298.510s][info][gc,phases      ] GC(366)   Pre Evacuate Collection Set: 0.1ms
[298.510s][info][gc,phases      ] GC(366)   Merge Heap Roots: 0.1ms
[298.510s][info][gc,phases      ] GC(366)   Evacuate Collection Set: 0.8ms
[298.510s][info][gc,phases      ] GC(366)   Post Evacuate Collection Set: 0.3ms
[298.510s][info][gc,phases      ] GC(366)   Other: 0.1ms
[298.510s][info][gc,heap        ] GC(366) Eden regions: 50->0(48)
[298.510s][info][gc,heap        ] GC(366) Survivor regions: 0->2(7)
[298.510s][info][gc,heap        ] GC(366) Old regions: 25->25
[298.510s][info][gc,heap        ] GC(366) Archive regions: 0->0
[298.510s][info][gc,heap        ] GC(366) Humongous regions: 0->0
[298.510s][info][gc,metaspace   ] GC(366) Metaspace: 9953K(10304K)->9953K(10304K) NonClass: 8649K(8896K)->8649K(8896K) Class: 1303K(1408K)->1303K(1408K)
[298.511s][info][gc             ] GC(366) Pause Young (Normal) (G1 Evacuation Pause) 53M->5M(84M) 1.669ms
[298.511s][info][gc,cpu         ] GC(366) User=0.00s Sys=0.00s Real=0.00s
[298.709s][info][gc,start       ] GC(367) Pause Young (Normal) (G1 Evacuation Pause)
[298.709s][info][gc,task        ] GC(367) Using 7 workers of 33 for evacuation
[298.711s][info][gc,phases      ] GC(367)   Pre Evacuate Collection Set: 0.1ms
[298.711s][info][gc,phases      ] GC(367)   Merge Heap Roots: 0.1ms
[298.711s][info][gc,phases      ] GC(367)   Evacuate Collection Set: 1.0ms
[298.711s][info][gc,phases      ] GC(367)   Post Evacuate Collection Set: 0.3ms
[298.711s][info][gc,phases      ] GC(367)   Other: 0.1ms
[298.711s][info][gc,heap        ] GC(367) Eden regions: 48->0(48)
[298.711s][info][gc,heap        ] GC(367) Survivor regions: 2->2(7)
[298.711s][info][gc,heap        ] GC(367) Old regions: 25->25
[298.711s][info][gc,heap        ] GC(367) Archive regions: 0->0
[298.711s][info][gc,heap        ] GC(367) Humongous regions: 0->0
[298.711s][info][gc,metaspace   ] GC(367) Metaspace: 9953K(10304K)->9953K(10304K) NonClass: 8649K(8896K)->8649K(8896K) Class: 1303K(1408K)->1303K(1408K)
[298.711s][info][gc             ] GC(367) Pause Young (Normal) (G1 Evacuation Pause) 53M->5M(84M) 2.096ms
[298.711s][info][gc,cpu         ] GC(367) User=0.00s Sys=0.00s Real=0.00s
[298.917s][info][gc,start       ] GC(368) Pause Young (Normal) (G1 Evacuation Pause)
[298.918s][info][gc,task        ] GC(368) Using 4 workers of 33 for evacuation
[298.920s][info][gc,phases      ] GC(368)   Pre Evacuate Collection Set: 0.1ms
[298.920s][info][gc,phases      ] GC(368)   Merge Heap Roots: 0.1ms
[298.920s][info][gc,phases      ] GC(368)   Evacuate Collection Set: 2.0ms
[298.920s][info][gc,phases      ] GC(368)   Post Evacuate Collection Set: 0.3ms
[298.920s][info][gc,phases      ] GC(368)   Other: 0.1ms
[298.920s][info][gc,heap        ] GC(368) Eden regions: 48->0(48)
[298.920s][info][gc,heap        ] GC(368) Survivor regions: 2->2(7)
[298.920s][info][gc,heap        ] GC(368) Old regions: 25->25
[298.920s][info][gc,heap        ] GC(368) Archive regions: 0->0
[298.920s][info][gc,heap        ] GC(368) Humongous regions: 0->0
[298.921s][info][gc,metaspace   ] GC(368) Metaspace: 9953K(10304K)->9953K(10304K) NonClass: 8649K(8896K)->8649K(8896K) Class: 1303K(1408K)->1303K(1408K)
[298.921s][info][gc             ] GC(368) Pause Young (Normal) (G1 Evacuation Pause) 53M->5M(84M) 3.183ms
[298.921s][info][gc,cpu         ] GC(368) User=0.00s Sys=0.00s Real=0.00s
[299.131s][info][gc,start       ] GC(369) Pause Young (Normal) (G1 Evacuation Pause)
[299.131s][info][gc,task        ] GC(369) Using 3 workers of 33 for evacuation
[299.134s][info][gc,phases      ] GC(369)   Pre Evacuate Collection Set: 0.1ms
[299.134s][info][gc,phases      ] GC(369)   Merge Heap Roots: 0.1ms
[299.134s][info][gc,phases      ] GC(369)   Evacuate Collection Set: 2.3ms
[299.134s][info][gc,phases      ] GC(369)   Post Evacuate Collection Set: 0.3ms
[299.134s][info][gc,phases      ] GC(369)   Other: 0.1ms
[299.134s][info][gc,heap        ] GC(369) Eden regions: 48->0(48)
[299.134s][info][gc,heap        ] GC(369) Survivor regions: 2->2(7)
[299.134s][info][gc,heap        ] GC(369) Old regions: 25->25
[299.134s][info][gc,heap        ] GC(369) Archive regions: 0->0
[299.134s][info][gc,heap        ] GC(369) Humongous regions: 0->0
[299.134s][info][gc,metaspace   ] GC(369) Metaspace: 9953K(10304K)->9953K(10304K) NonClass: 8649K(8896K)->8649K(8896K) Class: 1303K(1408K)->1303K(1408K)
[299.135s][info][gc             ] GC(369) Pause Young (Normal) (G1 Evacuation Pause) 53M->5M(84M) 3.522ms
[299.135s][info][gc,cpu         ] GC(369) User=0.00s Sys=0.00s Real=0.00s
[299.343s][info][gc,start       ] GC(370) Pause Young (Normal) (G1 Evacuation Pause)
[299.344s][info][gc,task        ] GC(370) Using 2 workers of 33 for evacuation
[299.348s][info][gc,phases      ] GC(370)   Pre Evacuate Collection Set: 0.1ms
[299.348s][info][gc,phases      ] GC(370)   Merge Heap Roots: 0.1ms
[299.348s][info][gc,phases      ] GC(370)   Evacuate Collection Set: 3.5ms
[299.348s][info][gc,phases      ] GC(370)   Post Evacuate Collection Set: 0.3ms
[299.348s][info][gc,phases      ] GC(370)   Other: 0.1ms
[299.348s][info][gc,heap        ] GC(370) Eden regions: 48->0(48)
[299.348s][info][gc,heap        ] GC(370) Survivor regions: 2->2(7)
[299.348s][info][gc,heap        ] GC(370) Old regions: 25->25
[299.348s][info][gc,heap        ] GC(370) Archive regions: 0->0
[299.348s][info][gc,heap        ] GC(370) Humongous regions: 0->0
[299.348s][info][gc,metaspace   ] GC(370) Metaspace: 9953K(10304K)->9953K(10304K) NonClass: 8649K(8896K)->8649K(8896K) Class: 1303K(1408K)->1303K(1408K)
[299.348s][info][gc             ] GC(370) Pause Young (Normal) (G1 Evacuation Pause) 53M->5M(84M) 4.711ms
[299.348s][info][gc,cpu         ] GC(370) User=0.00s Sys=0.00s Real=0.00s
[299.555s][info][gc,start       ] GC(371) Pause Young (Normal) (G1 Evacuation Pause)
[299.555s][info][gc,task        ] GC(371) Using 2 workers of 33 for evacuation
[299.572s][info][gc,phases      ] GC(371)   Pre Evacuate Collection Set: 0.1ms
[299.573s][info][gc,phases      ] GC(371)   Merge Heap Roots: 0.1ms
[299.573s][info][gc,phases      ] GC(371)   Evacuate Collection Set: 3.8ms
[299.573s][info][gc,phases      ] GC(371)   Post Evacuate Collection Set: 13.0ms
[299.573s][info][gc,phases      ] GC(371)   Other: 0.1ms
[299.573s][info][gc,heap        ] GC(371) Eden regions: 48->0(637)
[299.573s][info][gc,heap        ] GC(371) Survivor regions: 2->2(7)
[299.573s][info][gc,heap        ] GC(371) Old regions: 25->25
[299.573s][info][gc,heap        ] GC(371) Archive regions: 0->0
[299.573s][info][gc,heap        ] GC(371) Humongous regions: 0->0
[299.573s][info][gc,metaspace   ] GC(371) Metaspace: 9953K(10304K)->9953K(10304K) NonClass: 8649K(8896K)->8649K(8896K) Class: 1303K(1408K)->1303K(1408K)
[299.573s][info][gc             ] GC(371) Pause Young (Normal) (G1 Evacuation Pause) 53M->5M(1066M) 17.660ms
[299.573s][info][gc,cpu         ] GC(371) User=0.03s Sys=0.00s Real=0.02s
[302.559s][info][gc,start       ] GC(372) Pause Young (Normal) (G1 Evacuation Pause)
[302.560s][info][gc,task        ] GC(372) Using 25 workers of 33 for evacuation
[302.563s][info][gc,phases      ] GC(372)   Pre Evacuate Collection Set: 0.2ms
[302.563s][info][gc,phases      ] GC(372)   Merge Heap Roots: 0.4ms
[302.563s][info][gc,phases      ] GC(372)   Evacuate Collection Set: 1.6ms
[302.563s][info][gc,phases      ] GC(372)   Post Evacuate Collection Set: 0.8ms
[302.563s][info][gc,phases      ] GC(372)   Other: 0.2ms
[302.563s][info][gc,heap        ] GC(372) Eden regions: 637->0(637)
[302.563s][info][gc,heap        ] GC(372) Survivor regions: 2->2(80)
[302.563s][info][gc,heap        ] GC(372) Old regions: 25->25
[302.563s][info][gc,heap        ] GC(372) Archive regions: 0->0
[302.563s][info][gc,heap        ] GC(372) Humongous regions: 0->0
[302.563s][info][gc,metaspace   ] GC(372) Metaspace: 9953K(10304K)->9953K(10304K) NonClass: 8649K(8896K)->8649K(8896K) Class: 1303K(1408K)->1303K(1408K)
[302.563s][info][gc             ] GC(372) Pause Young (Normal) (G1 Evacuation Pause) 642M->5M(1066M) 3.749ms
[302.563s][info][gc,cpu         ] GC(372) User=0.34s Sys=0.05s Real=0.02s
[305.353s][info][gc,start       ] GC(373) Pause Young (Normal) (G1 Evacuation Pause)
[305.353s][info][gc,task        ] GC(373) Using 25 workers of 33 for evacuation
[305.356s][info][gc,phases      ] GC(373)   Pre Evacuate Collection Set: 0.2ms
[305.357s][info][gc,phases      ] GC(373)   Merge Heap Roots: 0.3ms
[305.357s][info][gc,phases      ] GC(373)   Evacuate Collection Set: 1.5ms
[305.357s][info][gc,phases      ] GC(373)   Post Evacuate Collection Set: 0.8ms
[305.357s][info][gc,phases      ] GC(373)   Other: 0.2ms
[305.357s][info][gc,heap        ] GC(373) Eden regions: 637->0(637)
[305.357s][info][gc,heap        ] GC(373) Survivor regions: 2->2(80)
[305.357s][info][gc,heap        ] GC(373) Old regions: 25->25
[305.357s][info][gc,heap        ] GC(373) Archive regions: 0->0
[305.357s][info][gc,heap        ] GC(373) Humongous regions: 0->0
[305.357s][info][gc,metaspace   ] GC(373) Metaspace: 9953K(10304K)->9953K(10304K) NonClass: 8649K(8896K)->8649K(8896K) Class: 1303K(1408K)->1303K(1408K)
[305.357s][info][gc             ] GC(373) Pause Young (Normal) (G1 Evacuation Pause) 642M->5M(1066M) 3.644ms
[305.357s][info][gc,cpu         ] GC(373) User=0.00s Sys=0.00s Real=0.00s
[305.507s][info][gc,start       ] GC(374) Pause Full (System.gc())
[305.507s][info][gc,task        ] GC(374) Using 25 workers of 33 for full compaction
[305.508s][info][gc,phases,start] GC(374) Phase 1: Mark live objects
[305.514s][info][gc,phases      ] GC(374) Phase 1: Mark live objects 5.795ms
[305.514s][info][gc,phases,start] GC(374) Phase 2: Prepare compaction
[305.518s][info][gc,phases      ] GC(374) Phase 2: Prepare compaction 4.171ms
[305.518s][info][gc,phases,start] GC(374) Phase 3: Adjust pointers
[305.522s][info][gc,phases      ] GC(374) Phase 3: Adjust pointers 3.726ms
[305.522s][info][gc,phases,start] GC(374) Phase 4: Compact heap
[305.522s][info][gc,phases      ] GC(374) Phase 4: Compact heap 0.539ms
[305.535s][info][gc,heap        ] GC(374) Eden regions: 36->0(50)
[305.535s][info][gc,heap        ] GC(374) Survivor regions: 2->0(80)
[305.535s][info][gc,heap        ] GC(374) Old regions: 25->25
[305.535s][info][gc,heap        ] GC(374) Archive regions: 0->0
[305.535s][info][gc,heap        ] GC(374) Humongous regions: 0->0
[305.535s][info][gc,metaspace   ] GC(374) Metaspace: 9953K(10304K)->9953K(10304K) NonClass: 8649K(8896K)->8649K(8896K) Class: 1303K(1408K)->1303K(1408K)
[305.535s][info][gc             ] GC(374) Pause Full (System.gc()) 40M->3M(84M) 27.896ms
[305.535s][info][gc,cpu         ] GC(374) User=0.05s Sys=0.36s Real=0.03s
[305.741s][info][gc,start       ] GC(375) Pause Young (Normal) (G1 Evacuation Pause)
[305.741s][info][gc,task        ] GC(375) Using 13 workers of 33 for evacuation
[305.743s][info][gc,phases      ] GC(375)   Pre Evacuate Collection Set: 0.1ms
[305.743s][info][gc,phases      ] GC(375)   Merge Heap Roots: 0.1ms
[305.743s][info][gc,phases      ] GC(375)   Evacuate Collection Set: 0.9ms
[305.743s][info][gc,phases      ] GC(375)   Post Evacuate Collection Set: 0.4ms
[305.743s][info][gc,phases      ] GC(375)   Other: 0.1ms
[305.743s][info][gc,heap        ] GC(375) Eden regions: 50->0(48)
[305.743s][info][gc,heap        ] GC(375) Survivor regions: 0->2(7)
[305.743s][info][gc,heap        ] GC(375) Old regions: 25->25
[305.743s][info][gc,heap        ] GC(375) Archive regions: 0->0
[305.743s][info][gc,heap        ] GC(375) Humongous regions: 0->0
[305.743s][info][gc,metaspace   ] GC(375) Metaspace: 9954K(10304K)->9954K(10304K) NonClass: 8650K(8896K)->8650K(8896K) Class: 1303K(1408K)->1303K(1408K)
[305.743s][info][gc             ] GC(375) Pause Young (Normal) (G1 Evacuation Pause) 53M->5M(84M) 2.107ms
[305.743s][info][gc,cpu         ] GC(375) User=0.00s Sys=0.00s Real=0.00s
[305.943s][info][gc,start       ] GC(376) Pause Young (Normal) (G1 Evacuation Pause)
[305.943s][info][gc,task        ] GC(376) Using 7 workers of 33 for evacuation
[305.945s][info][gc,phases      ] GC(376)   Pre Evacuate Collection Set: 0.1ms
[305.945s][info][gc,phases      ] GC(376)   Merge Heap Roots: 0.1ms
[305.945s][info][gc,phases      ] GC(376)   Evacuate Collection Set: 1.0ms
[305.945s][info][gc,phases      ] GC(376)   Post Evacuate Collection Set: 0.3ms
[305.945s][info][gc,phases      ] GC(376)   Other: 0.1ms
[305.945s][info][gc,heap        ] GC(376) Eden regions: 48->0(48)
[305.945s][info][gc,heap        ] GC(376) Survivor regions: 2->2(7)
[305.945s][info][gc,heap        ] GC(376) Old regions: 25->25
[305.945s][info][gc,heap        ] GC(376) Archive regions: 0->0
[305.945s][info][gc,heap        ] GC(376) Humongous regions: 0->0
[305.945s][info][gc,metaspace   ] GC(376) Metaspace: 9954K(10304K)->9954K(10304K) NonClass: 8650K(8896K)->8650K(8896K) Class: 1303K(1408K)->1303K(1408K)
[305.945s][info][gc             ] GC(376) Pause Young (Normal) (G1 Evacuation Pause) 53M->5M(84M) 2.154ms
[305.945s][info][gc,cpu         ] GC(376) User=0.14s Sys=0.00s Real=0.02s
[306.148s][info][gc,start       ] GC(377) Pause Young (Normal) (G1 Evacuation Pause)
[306.148s][info][gc,task        ] GC(377) Using 4 workers of 33 for evacuation
[306.151s][info][gc,phases      ] GC(377)   Pre Evacuate Collection Set: 0.1ms
[306.151s][info][gc,phases      ] GC(377)   Merge Heap Roots: 0.1ms
[306.151s][info][gc,phases      ] GC(377)   Evacuate Collection Set: 2.0ms
[306.151s][info][gc,phases      ] GC(377)   Post Evacuate Collection Set: 0.3ms
[306.151s][info][gc,phases      ] GC(377)   Other: 0.1ms
[306.151s][info][gc,heap        ] GC(377) Eden regions: 48->0(48)
[306.151s][info][gc,heap        ] GC(377) Survivor regions: 2->2(7)
[306.151s][info][gc,heap        ] GC(377) Old regions: 25->25
[306.151s][info][gc,heap        ] GC(377) Archive regions: 0->0
[306.151s][info][gc,heap        ] GC(377) Humongous regions: 0->0
[306.151s][info][gc,metaspace   ] GC(377) Metaspace: 9954K(10304K)->9954K(10304K) NonClass: 8650K(8896K)->8650K(8896K) Class: 1303K(1408K)->1303K(1408K)
[306.151s][info][gc             ] GC(377) Pause Young (Normal) (G1 Evacuation Pause) 53M->5M(84M) 3.203ms
[306.151s][info][gc,cpu         ] GC(377) User=0.00s Sys=0.02s Real=0.02s
[306.358s][info][gc,start       ] GC(378) Pause Young (Normal) (G1 Evacuation Pause)
[306.358s][info][gc,task        ] GC(378) Using 3 workers of 33 for evacuation
[306.361s][info][gc,phases      ] GC(378)   Pre Evacuate Collection Set: 0.1ms
[306.361s][info][gc,phases      ] GC(378)   Merge Heap Roots: 0.1ms
[306.361s][info][gc,phases      ] GC(378)   Evacuate Collection Set: 2.3ms
[306.361s][info][gc,phases      ] GC(378)   Post Evacuate Collection Set: 0.3ms
[306.361s][info][gc,phases      ] GC(378)   Other: 0.1ms
[306.361s][info][gc,heap        ] GC(378) Eden regions: 48->0(48)
[306.361s][info][gc,heap        ] GC(378) Survivor regions: 2->2(7)
[306.361s][info][gc,heap        ] GC(378) Old regions: 25->25
[306.362s][info][gc,heap        ] GC(378) Archive regions: 0->0
[306.362s][info][gc,heap        ] GC(378) Humongous regions: 0->0
[306.362s][info][gc,metaspace   ] GC(378) Metaspace: 9954K(10304K)->9954K(10304K) NonClass: 8650K(8896K)->8650K(8896K) Class: 1303K(1408K)->1303K(1408K)
[306.362s][info][gc             ] GC(378) Pause Young (Normal) (G1 Evacuation Pause) 53M->5M(84M) 3.524ms
[306.362s][info][gc,cpu         ] GC(378) User=0.00s Sys=0.00s Real=0.00s
[306.561s][info][gc,start       ] GC(379) Pause Young (Normal) (G1 Evacuation Pause)
[306.561s][info][gc,task        ] GC(379) Using 2 workers of 33 for evacuation
[306.566s][info][gc,phases      ] GC(379)   Pre Evacuate Collection Set: 0.1ms
[306.566s][info][gc,phases      ] GC(379)   Merge Heap Roots: 0.1ms
[306.566s][info][gc,phases      ] GC(379)   Evacuate Collection Set: 3.4ms
[306.566s][info][gc,phases      ] GC(379)   Post Evacuate Collection Set: 0.4ms
[306.566s][info][gc,phases      ] GC(379)   Other: 0.1ms
[306.566s][info][gc,heap        ] GC(379) Eden regions: 48->0(48)
[306.566s][info][gc,heap        ] GC(379) Survivor regions: 2->2(7)
[306.566s][info][gc,heap        ] GC(379) Old regions: 25->25
[306.566s][info][gc,heap        ] GC(379) Archive regions: 0->0
[306.566s][info][gc,heap        ] GC(379) Humongous regions: 0->0
[306.566s][info][gc,metaspace   ] GC(379) Metaspace: 9954K(10304K)->9954K(10304K) NonClass: 8650K(8896K)->8650K(8896K) Class: 1303K(1408K)->1303K(1408K)
[306.566s][info][gc             ] GC(379) Pause Young (Normal) (G1 Evacuation Pause) 53M->5M(84M) 4.632ms
[306.566s][info][gc,cpu         ] GC(379) User=0.00s Sys=0.00s Real=0.00s
[306.780s][info][gc,start       ] GC(380) Pause Young (Normal) (G1 Evacuation Pause)
[306.780s][info][gc,task        ] GC(380) Using 2 workers of 33 for evacuation
[306.797s][info][gc,phases      ] GC(380)   Pre Evacuate Collection Set: 0.1ms
[306.797s][info][gc,phases      ] GC(380)   Merge Heap Roots: 0.1ms
[306.797s][info][gc,phases      ] GC(380)   Evacuate Collection Set: 3.4ms
[306.797s][info][gc,phases      ] GC(380)   Post Evacuate Collection Set: 13.1ms
[306.797s][info][gc,phases      ] GC(380)   Other: 0.1ms
[306.797s][info][gc,heap        ] GC(380) Eden regions: 48->0(637)
[306.797s][info][gc,heap        ] GC(380) Survivor regions: 2->2(7)
[306.797s][info][gc,heap        ] GC(380) Old regions: 25->25
[306.797s][info][gc,heap        ] GC(380) Archive regions: 0->0
[306.797s][info][gc,heap        ] GC(380) Humongous regions: 0->0
[306.797s][info][gc,metaspace   ] GC(380) Metaspace: 9954K(10304K)->9954K(10304K) NonClass: 8650K(8896K)->8650K(8896K) Class: 1303K(1408K)->1303K(1408K)
[306.797s][info][gc             ] GC(380) Pause Young (Normal) (G1 Evacuation Pause) 53M->5M(1066M) 17.346ms
[306.797s][info][gc,cpu         ] GC(380) User=0.00s Sys=0.02s Real=0.02s
[309.765s][info][gc,start       ] GC(381) Pause Young (Normal) (G1 Evacuation Pause)
[309.765s][info][gc,task        ] GC(381) Using 25 workers of 33 for evacuation
[309.768s][info][gc,phases      ] GC(381)   Pre Evacuate Collection Set: 0.2ms
[309.768s][info][gc,phases      ] GC(381)   Merge Heap Roots: 0.4ms
[309.768s][info][gc,phases      ] GC(381)   Evacuate Collection Set: 1.8ms
[309.768s][info][gc,phases      ] GC(381)   Post Evacuate Collection Set: 0.8ms
[309.769s][info][gc,phases      ] GC(381)   Other: 0.2ms
[309.769s][info][gc,heap        ] GC(381) Eden regions: 637->0(637)
[309.769s][info][gc,heap        ] GC(381) Survivor regions: 2->2(80)
[309.769s][info][gc,heap        ] GC(381) Old regions: 25->25
[309.769s][info][gc,heap        ] GC(381) Archive regions: 0->0
[309.769s][info][gc,heap        ] GC(381) Humongous regions: 0->0
[309.769s][info][gc,metaspace   ] GC(381) Metaspace: 9954K(10304K)->9954K(10304K) NonClass: 8650K(8896K)->8650K(8896K) Class: 1303K(1408K)->1303K(1408K)
[309.769s][info][gc             ] GC(381) Pause Young (Normal) (G1 Evacuation Pause) 642M->5M(1066M) 4.102ms
[309.769s][info][gc,cpu         ] GC(381) User=0.00s Sys=0.00s Real=0.00s
[312.550s][info][gc,start       ] GC(382) Pause Young (Normal) (G1 Evacuation Pause)
[312.550s][info][gc,task        ] GC(382) Using 25 workers of 33 for evacuation
[312.553s][info][gc,phases      ] GC(382)   Pre Evacuate Collection Set: 0.2ms
[312.553s][info][gc,phases      ] GC(382)   Merge Heap Roots: 0.4ms
[312.553s][info][gc,phases      ] GC(382)   Evacuate Collection Set: 1.9ms
[312.553s][info][gc,phases      ] GC(382)   Post Evacuate Collection Set: 0.8ms
[312.553s][info][gc,phases      ] GC(382)   Other: 0.2ms
[312.554s][info][gc,heap        ] GC(382) Eden regions: 637->0(637)
[312.554s][info][gc,heap        ] GC(382) Survivor regions: 2->2(80)
[312.554s][info][gc,heap        ] GC(382) Old regions: 25->25
[312.554s][info][gc,heap        ] GC(382) Archive regions: 0->0
[312.554s][info][gc,heap        ] GC(382) Humongous regions: 0->0
[312.554s][info][gc,metaspace   ] GC(382) Metaspace: 9954K(10304K)->9954K(10304K) NonClass: 8650K(8896K)->8650K(8896K) Class: 1303K(1408K)->1303K(1408K)
[312.554s][info][gc             ] GC(382) Pause Young (Normal) (G1 Evacuation Pause) 642M->5M(1066M) 4.049ms
[312.554s][info][gc,cpu         ] GC(382) User=0.00s Sys=0.00s Real=0.00s
[312.700s][info][gc,start       ] GC(383) Pause Full (System.gc())
[312.700s][info][gc,task        ] GC(383) Using 25 workers of 33 for full compaction
[312.702s][info][gc,phases,start] GC(383) Phase 1: Mark live objects
[312.708s][info][gc,phases      ] GC(383) Phase 1: Mark live objects 6.569ms
[312.708s][info][gc,phases,start] GC(383) Phase 2: Prepare compaction
[312.713s][info][gc,phases      ] GC(383) Phase 2: Prepare compaction 4.278ms
[312.713s][info][gc,phases,start] GC(383) Phase 3: Adjust pointers
[312.716s][info][gc,phases      ] GC(383) Phase 3: Adjust pointers 3.166ms
[312.716s][info][gc,phases,start] GC(383) Phase 4: Compact heap
[312.716s][info][gc,phases      ] GC(383) Phase 4: Compact heap 0.441ms
[312.727s][info][gc,heap        ] GC(383) Eden regions: 38->0(50)
[312.727s][info][gc,heap        ] GC(383) Survivor regions: 2->0(80)
[312.727s][info][gc,heap        ] GC(383) Old regions: 25->25
[312.727s][info][gc,heap        ] GC(383) Archive regions: 0->0
[312.727s][info][gc,heap        ] GC(383) Humongous regions: 0->0
[312.727s][info][gc,metaspace   ] GC(383) Metaspace: 9954K(10304K)->9954K(10304K) NonClass: 8651K(8896K)->8651K(8896K) Class: 1303K(1408K)->1303K(1408K)
[312.727s][info][gc             ] GC(383) Pause Full (System.gc()) 42M->3M(84M) 26.347ms
[312.727s][info][gc,cpu         ] GC(383) User=0.05s Sys=0.34s Real=0.02s
[312.941s][info][gc,start       ] GC(384) Pause Young (Normal) (G1 Evacuation Pause)
[312.942s][info][gc,task        ] GC(384) Using 13 workers of 33 for evacuation
[312.943s][info][gc,phases      ] GC(384)   Pre Evacuate Collection Set: 0.1ms
[312.943s][info][gc,phases      ] GC(384)   Merge Heap Roots: 0.1ms
[312.943s][info][gc,phases      ] GC(384)   Evacuate Collection Set: 0.8ms
[312.943s][info][gc,phases      ] GC(384)   Post Evacuate Collection Set: 0.4ms
[312.943s][info][gc,phases      ] GC(384)   Other: 0.1ms
[312.943s][info][gc,heap        ] GC(384) Eden regions: 50->0(48)
[312.943s][info][gc,heap        ] GC(384) Survivor regions: 0->2(7)
[312.943s][info][gc,heap        ] GC(384) Old regions: 25->25
[312.943s][info][gc,heap        ] GC(384) Archive regions: 0->0
[312.943s][info][gc,heap        ] GC(384) Humongous regions: 0->0
[312.943s][info][gc,metaspace   ] GC(384) Metaspace: 9954K(10304K)->9954K(10304K) NonClass: 8651K(8896K)->8651K(8896K) Class: 1303K(1408K)->1303K(1408K)
[312.943s][info][gc             ] GC(384) Pause Young (Normal) (G1 Evacuation Pause) 53M->5M(84M) 2.127ms
[312.944s][info][gc,cpu         ] GC(384) User=0.00s Sys=0.00s Real=0.00s
[313.142s][info][gc,start       ] GC(385) Pause Young (Normal) (G1 Evacuation Pause)
[313.142s][info][gc,task        ] GC(385) Using 7 workers of 33 for evacuation
[313.143s][info][gc,phases      ] GC(385)   Pre Evacuate Collection Set: 0.1ms
[313.143s][info][gc,phases      ] GC(385)   Merge Heap Roots: 0.1ms
[313.143s][info][gc,phases      ] GC(385)   Evacuate Collection Set: 1.0ms
[313.143s][info][gc,phases      ] GC(385)   Post Evacuate Collection Set: 0.3ms
[313.143s][info][gc,phases      ] GC(385)   Other: 0.1ms
[313.143s][info][gc,heap        ] GC(385) Eden regions: 48->0(48)
[313.143s][info][gc,heap        ] GC(385) Survivor regions: 2->2(7)
[313.143s][info][gc,heap        ] GC(385) Old regions: 25->25
[313.144s][info][gc,heap        ] GC(385) Archive regions: 0->0
[313.144s][info][gc,heap        ] GC(385) Humongous regions: 0->0
[313.144s][info][gc,metaspace   ] GC(385) Metaspace: 9954K(10304K)->9954K(10304K) NonClass: 8651K(8896K)->8651K(8896K) Class: 1303K(1408K)->1303K(1408K)
[313.144s][info][gc             ] GC(385) Pause Young (Normal) (G1 Evacuation Pause) 53M->5M(84M) 2.142ms
[313.144s][info][gc,cpu         ] GC(385) User=0.00s Sys=0.00s Real=0.00s
[313.346s][info][gc,start       ] GC(386) Pause Young (Normal) (G1 Evacuation Pause)
[313.346s][info][gc,task        ] GC(386) Using 4 workers of 33 for evacuation
[313.349s][info][gc,phases      ] GC(386)   Pre Evacuate Collection Set: 0.1ms
[313.349s][info][gc,phases      ] GC(386)   Merge Heap Roots: 0.1ms
[313.349s][info][gc,phases      ] GC(386)   Evacuate Collection Set: 1.8ms
[313.349s][info][gc,phases      ] GC(386)   Post Evacuate Collection Set: 0.3ms
[313.349s][info][gc,phases      ] GC(386)   Other: 0.1ms
[313.349s][info][gc,heap        ] GC(386) Eden regions: 48->0(48)
[313.349s][info][gc,heap        ] GC(386) Survivor regions: 2->2(7)
[313.349s][info][gc,heap        ] GC(386) Old regions: 25->25
[313.349s][info][gc,heap        ] GC(386) Archive regions: 0->0
[313.349s][info][gc,heap        ] GC(386) Humongous regions: 0->0
[313.349s][info][gc,metaspace   ] GC(386) Metaspace: 9954K(10304K)->9954K(10304K) NonClass: 8651K(8896K)->8651K(8896K) Class: 1303K(1408K)->1303K(1408K)
[313.349s][info][gc             ] GC(386) Pause Young (Normal) (G1 Evacuation Pause) 53M->5M(84M) 2.975ms
[313.349s][info][gc,cpu         ] GC(386) User=0.00s Sys=0.00s Real=0.00s
[313.554s][info][gc,start       ] GC(387) Pause Young (Normal) (G1 Evacuation Pause)
[313.554s][info][gc,task        ] GC(387) Using 3 workers of 33 for evacuation
[313.557s][info][gc,phases      ] GC(387)   Pre Evacuate Collection Set: 0.1ms
[313.557s][info][gc,phases      ] GC(387)   Merge Heap Roots: 0.1ms
[313.558s][info][gc,phases      ] GC(387)   Evacuate Collection Set: 2.3ms
[313.558s][info][gc,phases      ] GC(387)   Post Evacuate Collection Set: 0.3ms
[313.558s][info][gc,phases      ] GC(387)   Other: 0.1ms
[313.558s][info][gc,heap        ] GC(387) Eden regions: 48->0(48)
[313.558s][info][gc,heap        ] GC(387) Survivor regions: 2->2(7)
[313.558s][info][gc,heap        ] GC(387) Old regions: 25->25
[313.558s][info][gc,heap        ] GC(387) Archive regions: 0->0
[313.558s][info][gc,heap        ] GC(387) Humongous regions: 0->0
[313.558s][info][gc,metaspace   ] GC(387) Metaspace: 9954K(10304K)->9954K(10304K) NonClass: 8651K(8896K)->8651K(8896K) Class: 1303K(1408K)->1303K(1408K)
[313.558s][info][gc             ] GC(387) Pause Young (Normal) (G1 Evacuation Pause) 53M->5M(84M) 3.469ms
[313.558s][info][gc,cpu         ] GC(387) User=0.05s Sys=0.00s Real=0.02s
[313.761s][info][gc,start       ] GC(388) Pause Young (Normal) (G1 Evacuation Pause)
[313.764s][info][gc,task        ] GC(388) Using 2 workers of 33 for evacuation
[313.768s][info][gc,phases      ] GC(388)   Pre Evacuate Collection Set: 0.1ms
[313.768s][info][gc,phases      ] GC(388)   Merge Heap Roots: 0.1ms
[313.768s][info][gc,phases      ] GC(388)   Evacuate Collection Set: 3.2ms
[313.768s][info][gc,phases      ] GC(388)   Post Evacuate Collection Set: 0.4ms
[313.768s][info][gc,phases      ] GC(388)   Other: 0.1ms
[313.769s][info][gc,heap        ] GC(388) Eden regions: 48->0(48)
[313.769s][info][gc,heap        ] GC(388) Survivor regions: 2->2(7)
[313.769s][info][gc,heap        ] GC(388) Old regions: 25->25
[313.769s][info][gc,heap        ] GC(388) Archive regions: 0->0
[313.769s][info][gc,heap        ] GC(388) Humongous regions: 0->0
[313.769s][info][gc,metaspace   ] GC(388) Metaspace: 9954K(10304K)->9954K(10304K) NonClass: 8651K(8896K)->8651K(8896K) Class: 1303K(1408K)->1303K(1408K)
[313.769s][info][gc             ] GC(388) Pause Young (Normal) (G1 Evacuation Pause) 53M->5M(84M) 7.932ms
[313.769s][info][gc,cpu         ] GC(388) User=0.00s Sys=0.00s Real=0.00s
[313.977s][info][gc,start       ] GC(389) Pause Young (Normal) (G1 Evacuation Pause)
[313.978s][info][gc,task        ] GC(389) Using 2 workers of 33 for evacuation
[313.994s][info][gc,phases      ] GC(389)   Pre Evacuate Collection Set: 0.1ms
[313.994s][info][gc,phases      ] GC(389)   Merge Heap Roots: 0.1ms
[313.994s][info][gc,phases      ] GC(389)   Evacuate Collection Set: 3.4ms
[313.994s][info][gc,phases      ] GC(389)   Post Evacuate Collection Set: 12.6ms
[313.994s][info][gc,phases      ] GC(389)   Other: 0.1ms
[313.994s][info][gc,heap        ] GC(389) Eden regions: 48->0(637)
[313.994s][info][gc,heap        ] GC(389) Survivor regions: 2->2(7)
[313.994s][info][gc,heap        ] GC(389) Old regions: 25->25
[313.994s][info][gc,heap        ] GC(389) Archive regions: 0->0
[313.994s][info][gc,heap        ] GC(389) Humongous regions: 0->0
[313.994s][info][gc,metaspace   ] GC(389) Metaspace: 9954K(10304K)->9954K(10304K) NonClass: 8651K(8896K)->8651K(8896K) Class: 1303K(1408K)->1303K(1408K)
[313.994s][info][gc             ] GC(389) Pause Young (Normal) (G1 Evacuation Pause) 53M->5M(1066M) 16.827ms
[313.994s][info][gc,cpu         ] GC(389) User=0.02s Sys=0.00s Real=0.02s
[316.974s][info][gc,start       ] GC(390) Pause Young (Normal) (G1 Evacuation Pause)
[316.974s][info][gc,task        ] GC(390) Using 25 workers of 33 for evacuation
[316.977s][info][gc,phases      ] GC(390)   Pre Evacuate Collection Set: 0.2ms
[316.977s][info][gc,phases      ] GC(390)   Merge Heap Roots: 0.4ms
[316.977s][info][gc,phases      ] GC(390)   Evacuate Collection Set: 1.7ms
[316.977s][info][gc,phases      ] GC(390)   Post Evacuate Collection Set: 0.9ms
[316.977s][info][gc,phases      ] GC(390)   Other: 0.2ms
[316.977s][info][gc,heap        ] GC(390) Eden regions: 637->0(637)
[316.977s][info][gc,heap        ] GC(390) Survivor regions: 2->2(80)
[316.977s][info][gc,heap        ] GC(390) Old regions: 25->25
[316.977s][info][gc,heap        ] GC(390) Archive regions: 0->0
[316.977s][info][gc,heap        ] GC(390) Humongous regions: 0->0
[316.977s][info][gc,metaspace   ] GC(390) Metaspace: 9954K(10304K)->9954K(10304K) NonClass: 8651K(8896K)->8651K(8896K) Class: 1303K(1408K)->1303K(1408K)
[316.977s][info][gc             ] GC(390) Pause Young (Normal) (G1 Evacuation Pause) 642M->5M(1066M) 3.921ms
[316.977s][info][gc,cpu         ] GC(390) User=0.39s Sys=0.00s Real=0.02s
[319.775s][info][gc,start       ] GC(391) Pause Young (Normal) (G1 Evacuation Pause)
[319.775s][info][gc,task        ] GC(391) Using 25 workers of 33 for evacuation
[319.778s][info][gc,phases      ] GC(391)   Pre Evacuate Collection Set: 0.2ms
[319.778s][info][gc,phases      ] GC(391)   Merge Heap Roots: 0.4ms
[319.778s][info][gc,phases      ] GC(391)   Evacuate Collection Set: 1.7ms
[319.778s][info][gc,phases      ] GC(391)   Post Evacuate Collection Set: 0.8ms
[319.778s][info][gc,phases      ] GC(391)   Other: 0.2ms
[319.778s][info][gc,heap        ] GC(391) Eden regions: 637->0(637)
[319.778s][info][gc,heap        ] GC(391) Survivor regions: 2->2(80)
[319.778s][info][gc,heap        ] GC(391) Old regions: 25->25
[319.779s][info][gc,heap        ] GC(391) Archive regions: 0->0
[319.779s][info][gc,heap        ] GC(391) Humongous regions: 0->0
[319.779s][info][gc,metaspace   ] GC(391) Metaspace: 9954K(10304K)->9954K(10304K) NonClass: 8651K(8896K)->8651K(8896K) Class: 1303K(1408K)->1303K(1408K)
[319.779s][info][gc             ] GC(391) Pause Young (Normal) (G1 Evacuation Pause) 642M->5M(1066M) 3.852ms
[319.779s][info][gc,cpu         ] GC(391) User=0.00s Sys=0.00s Real=0.00s
[319.918s][info][gc,start       ] GC(392) Pause Full (System.gc())
[319.918s][info][gc,task        ] GC(392) Using 25 workers of 33 for full compaction
[319.919s][info][gc,phases,start] GC(392) Phase 1: Mark live objects
[319.925s][info][gc,phases      ] GC(392) Phase 1: Mark live objects 6.111ms
[319.925s][info][gc,phases,start] GC(392) Phase 2: Prepare compaction
[319.929s][info][gc,phases      ] GC(392) Phase 2: Prepare compaction 4.140ms
[319.929s][info][gc,phases,start] GC(392) Phase 3: Adjust pointers
[319.934s][info][gc,phases      ] GC(392) Phase 3: Adjust pointers 4.415ms
[319.934s][info][gc,phases,start] GC(392) Phase 4: Compact heap
[319.934s][info][gc,phases      ] GC(392) Phase 4: Compact heap 0.580ms
[319.946s][info][gc,heap        ] GC(392) Eden regions: 31->0(50)
[319.946s][info][gc,heap        ] GC(392) Survivor regions: 2->0(80)
[319.947s][info][gc,heap        ] GC(392) Old regions: 25->25
[319.947s][info][gc,heap        ] GC(392) Archive regions: 0->0
[319.947s][info][gc,heap        ] GC(392) Humongous regions: 0->0
[319.947s][info][gc,metaspace   ] GC(392) Metaspace: 9954K(10304K)->9954K(10304K) NonClass: 8651K(8896K)->8651K(8896K) Class: 1303K(1408K)->1303K(1408K)
[319.947s][info][gc             ] GC(392) Pause Full (System.gc()) 35M->3M(84M) 29.045ms
[319.947s][info][gc,cpu         ] GC(392) User=0.03s Sys=0.38s Real=0.03s
[320.150s][info][gc,start       ] GC(393) Pause Young (Normal) (G1 Evacuation Pause)
[320.150s][info][gc,task        ] GC(393) Using 13 workers of 33 for evacuation
[320.152s][info][gc,phases      ] GC(393)   Pre Evacuate Collection Set: 0.1ms
[320.152s][info][gc,phases      ] GC(393)   Merge Heap Roots: 0.1ms
[320.152s][info][gc,phases      ] GC(393)   Evacuate Collection Set: 0.9ms
[320.152s][info][gc,phases      ] GC(393)   Post Evacuate Collection Set: 0.4ms
[320.152s][info][gc,phases      ] GC(393)   Other: 0.1ms
[320.152s][info][gc,heap        ] GC(393) Eden regions: 50->0(48)
[320.152s][info][gc,heap        ] GC(393) Survivor regions: 0->2(7)
[320.152s][info][gc,heap        ] GC(393) Old regions: 25->25
[320.152s][info][gc,heap        ] GC(393) Archive regions: 0->0
[320.152s][info][gc,heap        ] GC(393) Humongous regions: 0->0
[320.152s][info][gc,metaspace   ] GC(393) Metaspace: 9954K(10304K)->9954K(10304K) NonClass: 8651K(8896K)->8651K(8896K) Class: 1303K(1408K)->1303K(1408K)
[320.152s][info][gc             ] GC(393) Pause Young (Normal) (G1 Evacuation Pause) 53M->5M(84M) 2.228ms
[320.153s][info][gc,cpu         ] GC(393) User=0.00s Sys=0.00s Real=0.00s
[320.350s][info][gc,start       ] GC(394) Pause Young (Normal) (G1 Evacuation Pause)
[320.351s][info][gc,task        ] GC(394) Using 7 workers of 33 for evacuation
[320.352s][info][gc,phases      ] GC(394)   Pre Evacuate Collection Set: 0.1ms
[320.352s][info][gc,phases      ] GC(394)   Merge Heap Roots: 0.1ms
[320.352s][info][gc,phases      ] GC(394)   Evacuate Collection Set: 0.9ms
[320.352s][info][gc,phases      ] GC(394)   Post Evacuate Collection Set: 0.3ms
[320.352s][info][gc,phases      ] GC(394)   Other: 0.1ms
[320.352s][info][gc,heap        ] GC(394) Eden regions: 48->0(48)
[320.352s][info][gc,heap        ] GC(394) Survivor regions: 2->2(7)
[320.352s][info][gc,heap        ] GC(394) Old regions: 25->25
[320.352s][info][gc,heap        ] GC(394) Archive regions: 0->0
[320.352s][info][gc,heap        ] GC(394) Humongous regions: 0->0
[320.352s][info][gc,metaspace   ] GC(394) Metaspace: 9954K(10304K)->9954K(10304K) NonClass: 8651K(8896K)->8651K(8896K) Class: 1303K(1408K)->1303K(1408K)
[320.353s][info][gc             ] GC(394) Pause Young (Normal) (G1 Evacuation Pause) 53M->5M(84M) 2.074ms
[320.353s][info][gc,cpu         ] GC(394) User=0.00s Sys=0.00s Real=0.00s
[320.559s][info][gc,start       ] GC(395) Pause Young (Normal) (G1 Evacuation Pause)
[320.560s][info][gc,task        ] GC(395) Using 4 workers of 33 for evacuation
[320.562s][info][gc,phases      ] GC(395)   Pre Evacuate Collection Set: 0.1ms
[320.562s][info][gc,phases      ] GC(395)   Merge Heap Roots: 0.1ms
[320.562s][info][gc,phases      ] GC(395)   Evacuate Collection Set: 1.9ms
[320.562s][info][gc,phases      ] GC(395)   Post Evacuate Collection Set: 0.3ms
[320.562s][info][gc,phases      ] GC(395)   Other: 0.1ms
[320.562s][info][gc,heap        ] GC(395) Eden regions: 48->0(48)
[320.562s][info][gc,heap        ] GC(395) Survivor regions: 2->2(7)
[320.562s][info][gc,heap        ] GC(395) Old regions: 25->25
[320.562s][info][gc,heap        ] GC(395) Archive regions: 0->0
[320.562s][info][gc,heap        ] GC(395) Humongous regions: 0->0
[320.563s][info][gc,metaspace   ] GC(395) Metaspace: 9954K(10304K)->9954K(10304K) NonClass: 8651K(8896K)->8651K(8896K) Class: 1303K(1408K)->1303K(1408K)
[320.563s][info][gc             ] GC(395) Pause Young (Normal) (G1 Evacuation Pause) 53M->5M(84M) 3.087ms
[320.563s][info][gc,cpu         ] GC(395) User=0.00s Sys=0.00s Real=0.00s
[320.773s][info][gc,start       ] GC(396) Pause Young (Normal) (G1 Evacuation Pause)
[320.773s][info][gc,task        ] GC(396) Using 3 workers of 33 for evacuation
[320.776s][info][gc,phases      ] GC(396)   Pre Evacuate Collection Set: 0.1ms
[320.776s][info][gc,phases      ] GC(396)   Merge Heap Roots: 0.1ms
[320.776s][info][gc,phases      ] GC(396)   Evacuate Collection Set: 2.5ms
[320.776s][info][gc,phases      ] GC(396)   Post Evacuate Collection Set: 0.3ms
[320.776s][info][gc,phases      ] GC(396)   Other: 0.1ms
[320.776s][info][gc,heap        ] GC(396) Eden regions: 48->0(48)
[320.776s][info][gc,heap        ] GC(396) Survivor regions: 2->2(7)
[320.776s][info][gc,heap        ] GC(396) Old regions: 25->25
[320.776s][info][gc,heap        ] GC(396) Archive regions: 0->0
[320.776s][info][gc,heap        ] GC(396) Humongous regions: 0->0
[320.776s][info][gc,metaspace   ] GC(396) Metaspace: 9954K(10304K)->9954K(10304K) NonClass: 8651K(8896K)->8651K(8896K) Class: 1303K(1408K)->1303K(1408K)
[320.776s][info][gc             ] GC(396) Pause Young (Normal) (G1 Evacuation Pause) 53M->5M(84M) 3.737ms
[320.776s][info][gc,cpu         ] GC(396) User=0.00s Sys=0.00s Real=0.00s
[320.983s][info][gc,start       ] GC(397) Pause Young (Normal) (G1 Evacuation Pause)
[320.983s][info][gc,task        ] GC(397) Using 2 workers of 33 for evacuation
[320.987s][info][gc,phases      ] GC(397)   Pre Evacuate Collection Set: 0.1ms
[320.987s][info][gc,phases      ] GC(397)   Merge Heap Roots: 0.1ms
[320.987s][info][gc,phases      ] GC(397)   Evacuate Collection Set: 3.4ms
[320.987s][info][gc,phases      ] GC(397)   Post Evacuate Collection Set: 0.3ms
[320.987s][info][gc,phases      ] GC(397)   Other: 0.1ms
[320.987s][info][gc,heap        ] GC(397) Eden regions: 48->0(48)
[320.987s][info][gc,heap        ] GC(397) Survivor regions: 2->2(7)
[320.987s][info][gc,heap        ] GC(397) Old regions: 25->25
[320.987s][info][gc,heap        ] GC(397) Archive regions: 0->0
[320.988s][info][gc,heap        ] GC(397) Humongous regions: 0->0
[320.988s][info][gc,metaspace   ] GC(397) Metaspace: 9954K(10304K)->9954K(10304K) NonClass: 8651K(8896K)->8651K(8896K) Class: 1303K(1408K)->1303K(1408K)
[320.988s][info][gc             ] GC(397) Pause Young (Normal) (G1 Evacuation Pause) 53M->5M(84M) 4.598ms
[320.988s][info][gc,cpu         ] GC(397) User=0.00s Sys=0.00s Real=0.00s
[321.203s][info][gc,start       ] GC(398) Pause Young (Normal) (G1 Evacuation Pause)
[321.203s][info][gc,task        ] GC(398) Using 2 workers of 33 for evacuation
[321.220s][info][gc,phases      ] GC(398)   Pre Evacuate Collection Set: 0.1ms
[321.220s][info][gc,phases      ] GC(398)   Merge Heap Roots: 0.1ms
[321.220s][info][gc,phases      ] GC(398)   Evacuate Collection Set: 3.4ms
[321.220s][info][gc,phases      ] GC(398)   Post Evacuate Collection Set: 13.0ms
[321.220s][info][gc,phases      ] GC(398)   Other: 0.1ms
[321.220s][info][gc,heap        ] GC(398) Eden regions: 48->0(637)
[321.220s][info][gc,heap        ] GC(398) Survivor regions: 2->2(7)
[321.220s][info][gc,heap        ] GC(398) Old regions: 25->25
[321.221s][info][gc,heap        ] GC(398) Archive regions: 0->0
[321.221s][info][gc,heap        ] GC(398) Humongous regions: 0->0
[321.221s][info][gc,metaspace   ] GC(398) Metaspace: 9954K(10304K)->9954K(10304K) NonClass: 8651K(8896K)->8651K(8896K) Class: 1303K(1408K)->1303K(1408K)
[321.221s][info][gc             ] GC(398) Pause Young (Normal) (G1 Evacuation Pause) 53M->5M(1066M) 17.322ms
[321.221s][info][gc,cpu         ] GC(398) User=0.00s Sys=0.02s Real=0.02s
[324.199s][info][gc,start       ] GC(399) Pause Young (Normal) (G1 Evacuation Pause)
[324.199s][info][gc,task        ] GC(399) Using 25 workers of 33 for evacuation
[324.203s][info][gc,phases      ] GC(399)   Pre Evacuate Collection Set: 0.2ms
[324.203s][info][gc,phases      ] GC(399)   Merge Heap Roots: 0.4ms
[324.203s][info][gc,phases      ] GC(399)   Evacuate Collection Set: 1.7ms
[324.203s][info][gc,phases      ] GC(399)   Post Evacuate Collection Set: 0.8ms
[324.203s][info][gc,phases      ] GC(399)   Other: 0.2ms
[324.203s][info][gc,heap        ] GC(399) Eden regions: 637->0(637)
[324.203s][info][gc,heap        ] GC(399) Survivor regions: 2->2(80)
[324.203s][info][gc,heap        ] GC(399) Old regions: 25->25
[324.203s][info][gc,heap        ] GC(399) Archive regions: 0->0
[324.203s][info][gc,heap        ] GC(399) Humongous regions: 0->0
[324.203s][info][gc,metaspace   ] GC(399) Metaspace: 9954K(10304K)->9954K(10304K) NonClass: 8651K(8896K)->8651K(8896K) Class: 1303K(1408K)->1303K(1408K)
[324.203s][info][gc             ] GC(399) Pause Young (Normal) (G1 Evacuation Pause) 642M->5M(1066M) 3.771ms
[324.203s][info][gc,cpu         ] GC(399) User=0.00s Sys=0.00s Real=0.00s
[326.997s][info][gc,start       ] GC(400) Pause Young (Normal) (G1 Evacuation Pause)
[326.997s][info][gc,task        ] GC(400) Using 25 workers of 33 for evacuation
[327.000s][info][gc,phases      ] GC(400)   Pre Evacuate Collection Set: 0.2ms
[327.000s][info][gc,phases      ] GC(400)   Merge Heap Roots: 0.4ms
[327.000s][info][gc,phases      ] GC(400)   Evacuate Collection Set: 1.5ms
[327.000s][info][gc,phases      ] GC(400)   Post Evacuate Collection Set: 0.8ms
[327.000s][info][gc,phases      ] GC(400)   Other: 0.2ms
[327.000s][info][gc,heap        ] GC(400) Eden regions: 637->0(637)
[327.000s][info][gc,heap        ] GC(400) Survivor regions: 2->2(80)
[327.000s][info][gc,heap        ] GC(400) Old regions: 25->25
[327.000s][info][gc,heap        ] GC(400) Archive regions: 0->0
[327.000s][info][gc,heap        ] GC(400) Humongous regions: 0->0
[327.000s][info][gc,metaspace   ] GC(400) Metaspace: 9954K(10304K)->9954K(10304K) NonClass: 8651K(8896K)->8651K(8896K) Class: 1303K(1408K)->1303K(1408K)
[327.000s][info][gc             ] GC(400) Pause Young (Normal) (G1 Evacuation Pause) 642M->5M(1066M) 3.656ms
[327.000s][info][gc,cpu         ] GC(400) User=0.00s Sys=0.00s Real=0.00s
[327.159s][info][gc,start       ] GC(401) Pause Full (System.gc())
[327.159s][info][gc,task        ] GC(401) Using 25 workers of 33 for full compaction
[327.160s][info][gc,phases,start] GC(401) Phase 1: Mark live objects
[327.166s][info][gc,phases      ] GC(401) Phase 1: Mark live objects 5.851ms
[327.166s][info][gc,phases,start] GC(401) Phase 2: Prepare compaction
[327.170s][info][gc,phases      ] GC(401) Phase 2: Prepare compaction 4.249ms
[327.171s][info][gc,phases,start] GC(401) Phase 3: Adjust pointers
[327.175s][info][gc,phases      ] GC(401) Phase 3: Adjust pointers 3.969ms
[327.175s][info][gc,phases,start] GC(401) Phase 4: Compact heap
[327.175s][info][gc,phases      ] GC(401) Phase 4: Compact heap 0.587ms
[327.188s][info][gc,heap        ] GC(401) Eden regions: 38->0(50)
[327.188s][info][gc,heap        ] GC(401) Survivor regions: 2->0(80)
[327.188s][info][gc,heap        ] GC(401) Old regions: 25->25
[327.188s][info][gc,heap        ] GC(401) Archive regions: 0->0
[327.188s][info][gc,heap        ] GC(401) Humongous regions: 0->0
[327.188s][info][gc,metaspace   ] GC(401) Metaspace: 9954K(10304K)->9954K(10304K) NonClass: 8651K(8896K)->8651K(8896K) Class: 1303K(1408K)->1303K(1408K)
[327.188s][info][gc             ] GC(401) Pause Full (System.gc()) 42M->3M(84M) 28.992ms
[327.188s][info][gc,cpu         ] GC(401) User=0.41s Sys=0.25s Real=0.03s
[327.394s][info][gc,start       ] GC(402) Pause Young (Normal) (G1 Evacuation Pause)
[327.394s][info][gc,task        ] GC(402) Using 13 workers of 33 for evacuation
[327.396s][info][gc,phases      ] GC(402)   Pre Evacuate Collection Set: 0.1ms
[327.396s][info][gc,phases      ] GC(402)   Merge Heap Roots: 0.1ms
[327.396s][info][gc,phases      ] GC(402)   Evacuate Collection Set: 0.9ms
[327.396s][info][gc,phases      ] GC(402)   Post Evacuate Collection Set: 0.4ms
[327.396s][info][gc,phases      ] GC(402)   Other: 0.1ms
[327.396s][info][gc,heap        ] GC(402) Eden regions: 50->0(48)
[327.396s][info][gc,heap        ] GC(402) Survivor regions: 0->2(7)
[327.396s][info][gc,heap        ] GC(402) Old regions: 25->25
[327.396s][info][gc,heap        ] GC(402) Archive regions: 0->0
[327.396s][info][gc,heap        ] GC(402) Humongous regions: 0->0
[327.396s][info][gc,metaspace   ] GC(402) Metaspace: 9954K(10304K)->9954K(10304K) NonClass: 8651K(8896K)->8651K(8896K) Class: 1303K(1408K)->1303K(1408K)
[327.396s][info][gc             ] GC(402) Pause Young (Normal) (G1 Evacuation Pause) 53M->5M(84M) 2.131ms
[327.396s][info][gc,cpu         ] GC(402) User=0.00s Sys=0.00s Real=0.00s
[327.590s][info][gc,start       ] GC(403) Pause Young (Normal) (G1 Evacuation Pause)
[327.590s][info][gc,task        ] GC(403) Using 7 workers of 33 for evacuation
[327.592s][info][gc,phases      ] GC(403)   Pre Evacuate Collection Set: 0.1ms
[327.592s][info][gc,phases      ] GC(403)   Merge Heap Roots: 0.1ms
[327.592s][info][gc,phases      ] GC(403)   Evacuate Collection Set: 1.2ms
[327.592s][info][gc,phases      ] GC(403)   Post Evacuate Collection Set: 0.3ms
[327.592s][info][gc,phases      ] GC(403)   Other: 0.1ms
[327.592s][info][gc,heap        ] GC(403) Eden regions: 48->0(48)
[327.592s][info][gc,heap        ] GC(403) Survivor regions: 2->2(7)
[327.592s][info][gc,heap        ] GC(403) Old regions: 25->25
[327.592s][info][gc,heap        ] GC(403) Archive regions: 0->0
[327.592s][info][gc,heap        ] GC(403) Humongous regions: 0->0
[327.592s][info][gc,metaspace   ] GC(403) Metaspace: 9954K(10304K)->9954K(10304K) NonClass: 8651K(8896K)->8651K(8896K) Class: 1303K(1408K)->1303K(1408K)
[327.592s][info][gc             ] GC(403) Pause Young (Normal) (G1 Evacuation Pause) 53M->5M(84M) 2.277ms
[327.593s][info][gc,cpu         ] GC(403) User=0.00s Sys=0.00s Real=0.00s
[327.787s][info][gc,start       ] GC(404) Pause Young (Normal) (G1 Evacuation Pause)
[327.788s][info][gc,task        ] GC(404) Using 4 workers of 33 for evacuation
[327.790s][info][gc,phases      ] GC(404)   Pre Evacuate Collection Set: 0.1ms
[327.790s][info][gc,phases      ] GC(404)   Merge Heap Roots: 0.1ms
[327.790s][info][gc,phases      ] GC(404)   Evacuate Collection Set: 1.8ms
[327.790s][info][gc,phases      ] GC(404)   Post Evacuate Collection Set: 0.3ms
[327.790s][info][gc,phases      ] GC(404)   Other: 0.1ms
[327.790s][info][gc,heap        ] GC(404) Eden regions: 48->0(48)
[327.790s][info][gc,heap        ] GC(404) Survivor regions: 2->2(7)
[327.790s][info][gc,heap        ] GC(404) Old regions: 25->25
[327.790s][info][gc,heap        ] GC(404) Archive regions: 0->0
[327.790s][info][gc,heap        ] GC(404) Humongous regions: 0->0
[327.790s][info][gc,metaspace   ] GC(404) Metaspace: 9954K(10304K)->9954K(10304K) NonClass: 8651K(8896K)->8651K(8896K) Class: 1303K(1408K)->1303K(1408K)
[327.790s][info][gc             ] GC(404) Pause Young (Normal) (G1 Evacuation Pause) 53M->5M(84M) 2.954ms
[327.791s][info][gc,cpu         ] GC(404) User=0.00s Sys=0.00s Real=0.00s
[327.999s][info][gc,start       ] GC(405) Pause Young (Normal) (G1 Evacuation Pause)
[328.000s][info][gc,task        ] GC(405) Using 3 workers of 33 for evacuation
[328.003s][info][gc,phases      ] GC(405)   Pre Evacuate Collection Set: 0.1ms
[328.003s][info][gc,phases      ] GC(405)   Merge Heap Roots: 0.1ms
[328.003s][info][gc,phases      ] GC(405)   Evacuate Collection Set: 2.5ms
[328.003s][info][gc,phases      ] GC(405)   Post Evacuate Collection Set: 0.3ms
[328.003s][info][gc,phases      ] GC(405)   Other: 0.1ms
[328.003s][info][gc,heap        ] GC(405) Eden regions: 48->0(48)
[328.003s][info][gc,heap        ] GC(405) Survivor regions: 2->2(7)
[328.003s][info][gc,heap        ] GC(405) Old regions: 25->25
[328.003s][info][gc,heap        ] GC(405) Archive regions: 0->0
[328.003s][info][gc,heap        ] GC(405) Humongous regions: 0->0
[328.003s][info][gc,metaspace   ] GC(405) Metaspace: 9954K(10304K)->9954K(10304K) NonClass: 8651K(8896K)->8651K(8896K) Class: 1303K(1408K)->1303K(1408K)
[328.003s][info][gc             ] GC(405) Pause Young (Normal) (G1 Evacuation Pause) 53M->5M(84M) 3.642ms
[328.003s][info][gc,cpu         ] GC(405) User=0.00s Sys=0.00s Real=0.00s
[328.216s][info][gc,start       ] GC(406) Pause Young (Normal) (G1 Evacuation Pause)
[328.216s][info][gc,task        ] GC(406) Using 2 workers of 33 for evacuation
[328.220s][info][gc,phases      ] GC(406)   Pre Evacuate Collection Set: 0.1ms
[328.220s][info][gc,phases      ] GC(406)   Merge Heap Roots: 0.1ms
[328.221s][info][gc,phases      ] GC(406)   Evacuate Collection Set: 3.7ms
[328.221s][info][gc,phases      ] GC(406)   Post Evacuate Collection Set: 0.4ms
[328.221s][info][gc,phases      ] GC(406)   Other: 0.1ms
[328.221s][info][gc,heap        ] GC(406) Eden regions: 48->0(48)
[328.221s][info][gc,heap        ] GC(406) Survivor regions: 2->2(7)
[328.221s][info][gc,heap        ] GC(406) Old regions: 25->25
[328.221s][info][gc,heap        ] GC(406) Archive regions: 0->0
[328.221s][info][gc,heap        ] GC(406) Humongous regions: 0->0
[328.221s][info][gc,metaspace   ] GC(406) Metaspace: 9954K(10304K)->9954K(10304K) NonClass: 8651K(8896K)->8651K(8896K) Class: 1303K(1408K)->1303K(1408K)
[328.221s][info][gc             ] GC(406) Pause Young (Normal) (G1 Evacuation Pause) 53M->5M(84M) 4.824ms
[328.221s][info][gc,cpu         ] GC(406) User=0.00s Sys=0.00s Real=0.00s
[328.433s][info][gc,start       ] GC(407) Pause Young (Normal) (G1 Evacuation Pause)
[328.433s][info][gc,task        ] GC(407) Using 2 workers of 33 for evacuation
[328.447s][info][gc,phases      ] GC(407)   Pre Evacuate Collection Set: 0.1ms
[328.447s][info][gc,phases      ] GC(407)   Merge Heap Roots: 0.1ms
[328.447s][info][gc,phases      ] GC(407)   Evacuate Collection Set: 3.4ms
[328.447s][info][gc,phases      ] GC(407)   Post Evacuate Collection Set: 10.4ms
[328.447s][info][gc,phases      ] GC(407)   Other: 0.1ms
[328.447s][info][gc,heap        ] GC(407) Eden regions: 48->0(637)
[328.447s][info][gc,heap        ] GC(407) Survivor regions: 2->2(7)
[328.447s][info][gc,heap        ] GC(407) Old regions: 25->25
[328.447s][info][gc,heap        ] GC(407) Archive regions: 0->0
[328.447s][info][gc,heap        ] GC(407) Humongous regions: 0->0
[328.447s][info][gc,metaspace   ] GC(407) Metaspace: 9954K(10304K)->9954K(10304K) NonClass: 8651K(8896K)->8651K(8896K) Class: 1303K(1408K)->1303K(1408K)
[328.447s][info][gc             ] GC(407) Pause Young (Normal) (G1 Evacuation Pause) 53M->5M(1066M) 14.511ms
[328.447s][info][gc,cpu         ] GC(407) User=0.00s Sys=0.02s Real=0.02s
[331.437s][info][gc,start       ] GC(408) Pause Young (Normal) (G1 Evacuation Pause)
[331.437s][info][gc,task        ] GC(408) Using 25 workers of 33 for evacuation
[331.440s][info][gc,phases      ] GC(408)   Pre Evacuate Collection Set: 0.2ms
[331.440s][info][gc,phases      ] GC(408)   Merge Heap Roots: 0.3ms
[331.440s][info][gc,phases      ] GC(408)   Evacuate Collection Set: 1.6ms
[331.440s][info][gc,phases      ] GC(408)   Post Evacuate Collection Set: 0.7ms
[331.440s][info][gc,phases      ] GC(408)   Other: 0.1ms
[331.440s][info][gc,heap        ] GC(408) Eden regions: 637->0(637)
[331.440s][info][gc,heap        ] GC(408) Survivor regions: 2->2(80)
[331.440s][info][gc,heap        ] GC(408) Old regions: 25->25
[331.440s][info][gc,heap        ] GC(408) Archive regions: 0->0
[331.440s][info][gc,heap        ] GC(408) Humongous regions: 0->0
[331.440s][info][gc,metaspace   ] GC(408) Metaspace: 9954K(10304K)->9954K(10304K) NonClass: 8651K(8896K)->8651K(8896K) Class: 1303K(1408K)->1303K(1408K)
[331.440s][info][gc             ] GC(408) Pause Young (Normal) (G1 Evacuation Pause) 642M->5M(1066M) 3.227ms
[331.440s][info][gc,cpu         ] GC(408) User=0.00s Sys=0.00s Real=0.00s
[334.217s][info][gc,start       ] GC(409) Pause Young (Normal) (G1 Evacuation Pause)
[334.218s][info][gc,task        ] GC(409) Using 25 workers of 33 for evacuation
[334.221s][info][gc,phases      ] GC(409)   Pre Evacuate Collection Set: 0.2ms
[334.221s][info][gc,phases      ] GC(409)   Merge Heap Roots: 0.4ms
[334.221s][info][gc,phases      ] GC(409)   Evacuate Collection Set: 1.7ms
[334.221s][info][gc,phases      ] GC(409)   Post Evacuate Collection Set: 0.8ms
[334.221s][info][gc,phases      ] GC(409)   Other: 0.2ms
[334.221s][info][gc,heap        ] GC(409) Eden regions: 637->0(637)
[334.221s][info][gc,heap        ] GC(409) Survivor regions: 2->2(80)
[334.221s][info][gc,heap        ] GC(409) Old regions: 25->25
[334.221s][info][gc,heap        ] GC(409) Archive regions: 0->0
[334.221s][info][gc,heap        ] GC(409) Humongous regions: 0->0
[334.221s][info][gc,metaspace   ] GC(409) Metaspace: 9954K(10304K)->9954K(10304K) NonClass: 8651K(8896K)->8651K(8896K) Class: 1303K(1408K)->1303K(1408K)
[334.221s][info][gc             ] GC(409) Pause Young (Normal) (G1 Evacuation Pause) 642M->5M(1066M) 3.843ms
[334.221s][info][gc,cpu         ] GC(409) User=0.00s Sys=0.00s Real=0.00s
[334.336s][info][gc,start       ] GC(410) Pause Full (System.gc())
[334.336s][info][gc,task        ] GC(410) Using 25 workers of 33 for full compaction
[334.337s][info][gc,phases,start] GC(410) Phase 1: Mark live objects
[334.343s][info][gc,phases      ] GC(410) Phase 1: Mark live objects 5.787ms
[334.343s][info][gc,phases,start] GC(410) Phase 2: Prepare compaction
[334.347s][info][gc,phases      ] GC(410) Phase 2: Prepare compaction 4.184ms
[334.347s][info][gc,phases,start] GC(410) Phase 3: Adjust pointers
[334.351s][info][gc,phases      ] GC(410) Phase 3: Adjust pointers 3.612ms
[334.351s][info][gc,phases,start] GC(410) Phase 4: Compact heap
[334.351s][info][gc,phases      ] GC(410) Phase 4: Compact heap 0.433ms
[334.362s][info][gc,heap        ] GC(410) Eden regions: 30->0(50)
[334.362s][info][gc,heap        ] GC(410) Survivor regions: 2->0(80)
[334.362s][info][gc,heap        ] GC(410) Old regions: 25->25
[334.362s][info][gc,heap        ] GC(410) Archive regions: 0->0
[334.362s][info][gc,heap        ] GC(410) Humongous regions: 0->0
[334.362s][info][gc,metaspace   ] GC(410) Metaspace: 9954K(10304K)->9954K(10304K) NonClass: 8651K(8896K)->8651K(8896K) Class: 1303K(1408K)->1303K(1408K)
[334.362s][info][gc             ] GC(410) Pause Full (System.gc()) 34M->3M(84M) 26.524ms
[334.362s][info][gc,cpu         ] GC(410) User=0.39s Sys=0.27s Real=0.03s
[334.567s][info][gc,start       ] GC(411) Pause Young (Normal) (G1 Evacuation Pause)
[334.568s][info][gc,task        ] GC(411) Using 13 workers of 33 for evacuation
[334.569s][info][gc,phases      ] GC(411)   Pre Evacuate Collection Set: 0.1ms
[334.569s][info][gc,phases      ] GC(411)   Merge Heap Roots: 0.1ms
[334.569s][info][gc,phases      ] GC(411)   Evacuate Collection Set: 0.9ms
[334.569s][info][gc,phases      ] GC(411)   Post Evacuate Collection Set: 0.4ms
[334.569s][info][gc,phases      ] GC(411)   Other: 0.1ms
[334.569s][info][gc,heap        ] GC(411) Eden regions: 50->0(48)
[334.569s][info][gc,heap        ] GC(411) Survivor regions: 0->2(7)
[334.569s][info][gc,heap        ] GC(411) Old regions: 25->25
[334.569s][info][gc,heap        ] GC(411) Archive regions: 0->0
[334.569s][info][gc,heap        ] GC(411) Humongous regions: 0->0
[334.570s][info][gc,metaspace   ] GC(411) Metaspace: 9954K(10304K)->9954K(10304K) NonClass: 8651K(8896K)->8651K(8896K) Class: 1303K(1408K)->1303K(1408K)
[334.570s][info][gc             ] GC(411) Pause Young (Normal) (G1 Evacuation Pause) 53M->5M(84M) 2.161ms
[334.570s][info][gc,cpu         ] GC(411) User=0.00s Sys=0.00s Real=0.00s
[334.767s][info][gc,start       ] GC(412) Pause Young (Normal) (G1 Evacuation Pause)
[334.767s][info][gc,task        ] GC(412) Using 7 workers of 33 for evacuation
[334.768s][info][gc,phases      ] GC(412)   Pre Evacuate Collection Set: 0.1ms
[334.768s][info][gc,phases      ] GC(412)   Merge Heap Roots: 0.1ms
[334.768s][info][gc,phases      ] GC(412)   Evacuate Collection Set: 1.1ms
[334.768s][info][gc,phases      ] GC(412)   Post Evacuate Collection Set: 0.3ms
[334.769s][info][gc,phases      ] GC(412)   Other: 0.1ms
[334.769s][info][gc,heap        ] GC(412) Eden regions: 48->0(48)
[334.769s][info][gc,heap        ] GC(412) Survivor regions: 2->2(7)
[334.769s][info][gc,heap        ] GC(412) Old regions: 25->25
[334.769s][info][gc,heap        ] GC(412) Archive regions: 0->0
[334.769s][info][gc,heap        ] GC(412) Humongous regions: 0->0
[334.769s][info][gc,metaspace   ] GC(412) Metaspace: 9954K(10304K)->9954K(10304K) NonClass: 8651K(8896K)->8651K(8896K) Class: 1303K(1408K)->1303K(1408K)
[334.769s][info][gc             ] GC(412) Pause Young (Normal) (G1 Evacuation Pause) 53M->5M(84M) 2.155ms
[334.769s][info][gc,cpu         ] GC(412) User=0.03s Sys=0.00s Real=0.00s
[334.966s][info][gc,start       ] GC(413) Pause Young (Normal) (G1 Evacuation Pause)
[334.966s][info][gc,task        ] GC(413) Using 4 workers of 33 for evacuation
[334.968s][info][gc,phases      ] GC(413)   Pre Evacuate Collection Set: 0.1ms
[334.968s][info][gc,phases      ] GC(413)   Merge Heap Roots: 0.1ms
[334.968s][info][gc,phases      ] GC(413)   Evacuate Collection Set: 2.0ms
[334.969s][info][gc,phases      ] GC(413)   Post Evacuate Collection Set: 0.3ms
[334.969s][info][gc,phases      ] GC(413)   Other: 0.1ms
[334.969s][info][gc,heap        ] GC(413) Eden regions: 48->0(48)
[334.969s][info][gc,heap        ] GC(413) Survivor regions: 2->2(7)
[334.969s][info][gc,heap        ] GC(413) Old regions: 25->25
[334.969s][info][gc,heap        ] GC(413) Archive regions: 0->0
[334.969s][info][gc,heap        ] GC(413) Humongous regions: 0->0
[334.969s][info][gc,metaspace   ] GC(413) Metaspace: 9954K(10304K)->9954K(10304K) NonClass: 8651K(8896K)->8651K(8896K) Class: 1303K(1408K)->1303K(1408K)
[334.969s][info][gc             ] GC(413) Pause Young (Normal) (G1 Evacuation Pause) 53M->5M(84M) 3.076ms
[334.969s][info][gc,cpu         ] GC(413) User=0.00s Sys=0.00s Real=0.00s
[335.179s][info][gc,start       ] GC(414) Pause Young (Normal) (G1 Evacuation Pause)
[335.179s][info][gc,task        ] GC(414) Using 3 workers of 33 for evacuation
[335.183s][info][gc,phases      ] GC(414)   Pre Evacuate Collection Set: 0.1ms
[335.183s][info][gc,phases      ] GC(414)   Merge Heap Roots: 0.1ms
[335.183s][info][gc,phases      ] GC(414)   Evacuate Collection Set: 2.8ms
[335.183s][info][gc,phases      ] GC(414)   Post Evacuate Collection Set: 0.3ms
[335.183s][info][gc,phases      ] GC(414)   Other: 0.1ms
[335.183s][info][gc,heap        ] GC(414) Eden regions: 48->0(48)
[335.183s][info][gc,heap        ] GC(414) Survivor regions: 2->2(7)
[335.183s][info][gc,heap        ] GC(414) Old regions: 25->25
[335.183s][info][gc,heap        ] GC(414) Archive regions: 0->0
[335.183s][info][gc,heap        ] GC(414) Humongous regions: 0->0
[335.183s][info][gc,metaspace   ] GC(414) Metaspace: 9954K(10304K)->9954K(10304K) NonClass: 8651K(8896K)->8651K(8896K) Class: 1303K(1408K)->1303K(1408K)
[335.183s][info][gc             ] GC(414) Pause Young (Normal) (G1 Evacuation Pause) 53M->5M(84M) 3.985ms
[335.183s][info][gc,cpu         ] GC(414) User=0.00s Sys=0.00s Real=0.00s
[335.390s][info][gc,start       ] GC(415) Pause Young (Normal) (G1 Evacuation Pause)
[335.390s][info][gc,task        ] GC(415) Using 2 workers of 33 for evacuation
[335.394s][info][gc,phases      ] GC(415)   Pre Evacuate Collection Set: 0.1ms
[335.394s][info][gc,phases      ] GC(415)   Merge Heap Roots: 0.1ms
[335.394s][info][gc,phases      ] GC(415)   Evacuate Collection Set: 3.4ms
[335.394s][info][gc,phases      ] GC(415)   Post Evacuate Collection Set: 0.4ms
[335.395s][info][gc,phases      ] GC(415)   Other: 0.1ms
[335.395s][info][gc,heap        ] GC(415) Eden regions: 48->0(48)
[335.395s][info][gc,heap        ] GC(415) Survivor regions: 2->2(7)
[335.395s][info][gc,heap        ] GC(415) Old regions: 25->25
[335.395s][info][gc,heap        ] GC(415) Archive regions: 0->0
[335.395s][info][gc,heap        ] GC(415) Humongous regions: 0->0
[335.395s][info][gc,metaspace   ] GC(415) Metaspace: 9954K(10304K)->9954K(10304K) NonClass: 8651K(8896K)->8651K(8896K) Class: 1303K(1408K)->1303K(1408K)
[335.395s][info][gc             ] GC(415) Pause Young (Normal) (G1 Evacuation Pause) 53M->5M(84M) 4.606ms
[335.395s][info][gc,cpu         ] GC(415) User=0.00s Sys=0.00s Real=0.00s
[335.598s][info][gc,start       ] GC(416) Pause Young (Normal) (G1 Evacuation Pause)
[335.599s][info][gc,task        ] GC(416) Using 2 workers of 33 for evacuation
[335.615s][info][gc,phases      ] GC(416)   Pre Evacuate Collection Set: 0.1ms
[335.615s][info][gc,phases      ] GC(416)   Merge Heap Roots: 0.1ms
[335.616s][info][gc,phases      ] GC(416)   Evacuate Collection Set: 3.5ms
[335.616s][info][gc,phases      ] GC(416)   Post Evacuate Collection Set: 13.1ms
[335.616s][info][gc,phases      ] GC(416)   Other: 0.1ms
[335.616s][info][gc,heap        ] GC(416) Eden regions: 48->0(637)
[335.616s][info][gc,heap        ] GC(416) Survivor regions: 2->2(7)
[335.616s][info][gc,heap        ] GC(416) Old regions: 25->25
[335.616s][info][gc,heap        ] GC(416) Archive regions: 0->0
[335.616s][info][gc,heap        ] GC(416) Humongous regions: 0->0
[335.616s][info][gc,metaspace   ] GC(416) Metaspace: 9954K(10304K)->9954K(10304K) NonClass: 8651K(8896K)->8651K(8896K) Class: 1303K(1408K)->1303K(1408K)
[335.616s][info][gc             ] GC(416) Pause Young (Normal) (G1 Evacuation Pause) 53M->5M(1066M) 17.454ms
[335.616s][info][gc,cpu         ] GC(416) User=0.00s Sys=0.02s Real=0.02s
[338.596s][info][gc,start       ] GC(417) Pause Young (Normal) (G1 Evacuation Pause)
[338.596s][info][gc,task        ] GC(417) Using 25 workers of 33 for evacuation
[338.599s][info][gc,phases      ] GC(417)   Pre Evacuate Collection Set: 0.2ms
[338.600s][info][gc,phases      ] GC(417)   Merge Heap Roots: 0.4ms
[338.600s][info][gc,phases      ] GC(417)   Evacuate Collection Set: 1.7ms
[338.600s][info][gc,phases      ] GC(417)   Post Evacuate Collection Set: 0.8ms
[338.600s][info][gc,phases      ] GC(417)   Other: 0.2ms
[338.600s][info][gc,heap        ] GC(417) Eden regions: 637->0(637)
[338.600s][info][gc,heap        ] GC(417) Survivor regions: 2->2(80)
[338.600s][info][gc,heap        ] GC(417) Old regions: 25->25
[338.600s][info][gc,heap        ] GC(417) Archive regions: 0->0
[338.600s][info][gc,heap        ] GC(417) Humongous regions: 0->0
[338.600s][info][gc,metaspace   ] GC(417) Metaspace: 9954K(10304K)->9954K(10304K) NonClass: 8651K(8896K)->8651K(8896K) Class: 1303K(1408K)->1303K(1408K)
[338.600s][info][gc             ] GC(417) Pause Young (Normal) (G1 Evacuation Pause) 642M->5M(1066M) 3.873ms
[338.600s][info][gc,cpu         ] GC(417) User=0.00s Sys=0.00s Real=0.00s
[341.393s][info][gc,start       ] GC(418) Pause Young (Normal) (G1 Evacuation Pause)
[341.393s][info][gc,task        ] GC(418) Using 25 workers of 33 for evacuation
[341.396s][info][gc,phases      ] GC(418)   Pre Evacuate Collection Set: 0.2ms
[341.396s][info][gc,phases      ] GC(418)   Merge Heap Roots: 0.3ms
[341.396s][info][gc,phases      ] GC(418)   Evacuate Collection Set: 1.4ms
[341.396s][info][gc,phases      ] GC(418)   Post Evacuate Collection Set: 0.7ms
[341.396s][info][gc,phases      ] GC(418)   Other: 0.2ms
[341.396s][info][gc,heap        ] GC(418) Eden regions: 637->0(637)
[341.396s][info][gc,heap        ] GC(418) Survivor regions: 2->2(80)
[341.396s][info][gc,heap        ] GC(418) Old regions: 25->25
[341.396s][info][gc,heap        ] GC(418) Archive regions: 0->0
[341.396s][info][gc,heap        ] GC(418) Humongous regions: 0->0
[341.396s][info][gc,metaspace   ] GC(418) Metaspace: 9954K(10304K)->9954K(10304K) NonClass: 8651K(8896K)->8651K(8896K) Class: 1303K(1408K)->1303K(1408K)
[341.397s][info][gc             ] GC(418) Pause Young (Normal) (G1 Evacuation Pause) 642M->5M(1066M) 3.392ms
[341.397s][info][gc,cpu         ] GC(418) User=0.00s Sys=0.00s Real=0.00s
[341.508s][info][gc,start       ] GC(419) Pause Full (System.gc())
[341.508s][info][gc,task        ] GC(419) Using 25 workers of 33 for full compaction
[341.509s][info][gc,phases,start] GC(419) Phase 1: Mark live objects
[341.515s][info][gc,phases      ] GC(419) Phase 1: Mark live objects 6.399ms
[341.516s][info][gc,phases,start] GC(419) Phase 2: Prepare compaction
[341.520s][info][gc,phases      ] GC(419) Phase 2: Prepare compaction 4.193ms
[341.520s][info][gc,phases,start] GC(419) Phase 3: Adjust pointers
[341.523s][info][gc,phases      ] GC(419) Phase 3: Adjust pointers 3.549ms
[341.523s][info][gc,phases,start] GC(419) Phase 4: Compact heap
[341.524s][info][gc,phases      ] GC(419) Phase 4: Compact heap 0.503ms
[341.536s][info][gc,heap        ] GC(419) Eden regions: 29->0(50)
[341.536s][info][gc,heap        ] GC(419) Survivor regions: 2->0(80)
[341.536s][info][gc,heap        ] GC(419) Old regions: 25->25
[341.536s][info][gc,heap        ] GC(419) Archive regions: 0->0
[341.536s][info][gc,heap        ] GC(419) Humongous regions: 0->0
[341.536s][info][gc,metaspace   ] GC(419) Metaspace: 9954K(10304K)->9954K(10304K) NonClass: 8651K(8896K)->8651K(8896K) Class: 1303K(1408K)->1303K(1408K)
[341.536s][info][gc             ] GC(419) Pause Full (System.gc()) 33M->3M(84M) 28.571ms
[341.536s][info][gc,cpu         ] GC(419) User=0.31s Sys=0.28s Real=0.03s
[341.771s][info][gc,start       ] GC(420) Pause Young (Normal) (G1 Evacuation Pause)
[341.771s][info][gc,task        ] GC(420) Using 13 workers of 33 for evacuation
[341.773s][info][gc,phases      ] GC(420)   Pre Evacuate Collection Set: 0.2ms
[341.773s][info][gc,phases      ] GC(420)   Merge Heap Roots: 0.1ms
[341.773s][info][gc,phases      ] GC(420)   Evacuate Collection Set: 0.8ms
[341.773s][info][gc,phases      ] GC(420)   Post Evacuate Collection Set: 0.4ms
[341.773s][info][gc,phases      ] GC(420)   Other: 0.1ms
[341.773s][info][gc,heap        ] GC(420) Eden regions: 50->0(48)
[341.773s][info][gc,heap        ] GC(420) Survivor regions: 0->2(7)
[341.773s][info][gc,heap        ] GC(420) Old regions: 25->25
[341.773s][info][gc,heap        ] GC(420) Archive regions: 0->0
[341.773s][info][gc,heap        ] GC(420) Humongous regions: 0->0
[341.773s][info][gc,metaspace   ] GC(420) Metaspace: 9954K(10304K)->9954K(10304K) NonClass: 8651K(8896K)->8651K(8896K) Class: 1303K(1408K)->1303K(1408K)
[341.773s][info][gc             ] GC(420) Pause Young (Normal) (G1 Evacuation Pause) 53M->5M(84M) 2.054ms
[341.773s][info][gc,cpu         ] GC(420) User=0.00s Sys=0.00s Real=0.00s
[341.965s][info][gc,start       ] GC(421) Pause Young (Normal) (G1 Evacuation Pause)
[341.966s][info][gc,task        ] GC(421) Using 7 workers of 33 for evacuation
[341.967s][info][gc,phases      ] GC(421)   Pre Evacuate Collection Set: 0.1ms
[341.967s][info][gc,phases      ] GC(421)   Merge Heap Roots: 0.1ms
[341.967s][info][gc,phases      ] GC(421)   Evacuate Collection Set: 1.1ms
[341.967s][info][gc,phases      ] GC(421)   Post Evacuate Collection Set: 0.3ms
[341.967s][info][gc,phases      ] GC(421)   Other: 0.1ms
[341.968s][info][gc,heap        ] GC(421) Eden regions: 48->0(48)
[341.968s][info][gc,heap        ] GC(421) Survivor regions: 2->2(7)
[341.968s][info][gc,heap        ] GC(421) Old regions: 25->25
[341.968s][info][gc,heap        ] GC(421) Archive regions: 0->0
[341.968s][info][gc,heap        ] GC(421) Humongous regions: 0->0
[341.968s][info][gc,metaspace   ] GC(421) Metaspace: 9954K(10304K)->9954K(10304K) NonClass: 8651K(8896K)->8651K(8896K) Class: 1303K(1408K)->1303K(1408K)
[341.968s][info][gc             ] GC(421) Pause Young (Normal) (G1 Evacuation Pause) 53M->5M(84M) 2.278ms
[341.968s][info][gc,cpu         ] GC(421) User=0.00s Sys=0.02s Real=0.02s
[342.169s][info][gc,start       ] GC(422) Pause Young (Normal) (G1 Evacuation Pause)
[342.169s][info][gc,task        ] GC(422) Using 4 workers of 33 for evacuation
[342.171s][info][gc,phases      ] GC(422)   Pre Evacuate Collection Set: 0.1ms
[342.171s][info][gc,phases      ] GC(422)   Merge Heap Roots: 0.1ms
[342.171s][info][gc,phases      ] GC(422)   Evacuate Collection Set: 1.8ms
[342.171s][info][gc,phases      ] GC(422)   Post Evacuate Collection Set: 0.3ms
[342.171s][info][gc,phases      ] GC(422)   Other: 0.1ms
[342.171s][info][gc,heap        ] GC(422) Eden regions: 48->0(48)
[342.171s][info][gc,heap        ] GC(422) Survivor regions: 2->2(7)
[342.171s][info][gc,heap        ] GC(422) Old regions: 25->25
[342.171s][info][gc,heap        ] GC(422) Archive regions: 0->0
[342.171s][info][gc,heap        ] GC(422) Humongous regions: 0->0
[342.172s][info][gc,metaspace   ] GC(422) Metaspace: 9954K(10304K)->9954K(10304K) NonClass: 8651K(8896K)->8651K(8896K) Class: 1303K(1408K)->1303K(1408K)
[342.172s][info][gc             ] GC(422) Pause Young (Normal) (G1 Evacuation Pause) 53M->5M(84M) 2.946ms
[342.172s][info][gc,cpu         ] GC(422) User=0.00s Sys=0.00s Real=0.00s
[342.384s][info][gc,start       ] GC(423) Pause Young (Normal) (G1 Evacuation Pause)
[342.385s][info][gc,task        ] GC(423) Using 3 workers of 33 for evacuation
[342.388s][info][gc,phases      ] GC(423)   Pre Evacuate Collection Set: 0.1ms
[342.388s][info][gc,phases      ] GC(423)   Merge Heap Roots: 0.1ms
[342.388s][info][gc,phases      ] GC(423)   Evacuate Collection Set: 2.4ms
[342.388s][info][gc,phases      ] GC(423)   Post Evacuate Collection Set: 0.3ms
[342.388s][info][gc,phases      ] GC(423)   Other: 0.1ms
[342.388s][info][gc,heap        ] GC(423) Eden regions: 48->0(48)
[342.388s][info][gc,heap        ] GC(423) Survivor regions: 2->2(7)
[342.388s][info][gc,heap        ] GC(423) Old regions: 25->25
[342.388s][info][gc,heap        ] GC(423) Archive regions: 0->0
[342.388s][info][gc,heap        ] GC(423) Humongous regions: 0->0
[342.388s][info][gc,metaspace   ] GC(423) Metaspace: 9954K(10304K)->9954K(10304K) NonClass: 8651K(8896K)->8651K(8896K) Class: 1303K(1408K)->1303K(1408K)
[342.388s][info][gc             ] GC(423) Pause Young (Normal) (G1 Evacuation Pause) 53M->5M(84M) 3.597ms
[342.388s][info][gc,cpu         ] GC(423) User=0.00s Sys=0.00s Real=0.00s
[342.596s][info][gc,start       ] GC(424) Pause Young (Normal) (G1 Evacuation Pause)
[342.602s][info][gc,task        ] GC(424) Using 2 workers of 33 for evacuation
[342.607s][info][gc,phases      ] GC(424)   Pre Evacuate Collection Set: 0.1ms
[342.607s][info][gc,phases      ] GC(424)   Merge Heap Roots: 0.1ms
[342.607s][info][gc,phases      ] GC(424)   Evacuate Collection Set: 3.6ms
[342.607s][info][gc,phases      ] GC(424)   Post Evacuate Collection Set: 0.4ms
[342.607s][info][gc,phases      ] GC(424)   Other: 0.1ms
[342.607s][info][gc,heap        ] GC(424) Eden regions: 48->0(48)
[342.607s][info][gc,heap        ] GC(424) Survivor regions: 2->2(7)
[342.607s][info][gc,heap        ] GC(424) Old regions: 25->25
[342.607s][info][gc,heap        ] GC(424) Archive regions: 0->0
[342.607s][info][gc,heap        ] GC(424) Humongous regions: 0->0
[342.607s][info][gc,metaspace   ] GC(424) Metaspace: 9954K(10304K)->9954K(10304K) NonClass: 8651K(8896K)->8651K(8896K) Class: 1303K(1408K)->1303K(1408K)
[342.607s][info][gc             ] GC(424) Pause Young (Normal) (G1 Evacuation Pause) 53M->5M(84M) 10.793ms
[342.607s][info][gc,cpu         ] GC(424) User=0.03s Sys=0.00s Real=0.01s
[342.818s][info][gc,start       ] GC(425) Pause Young (Normal) (G1 Evacuation Pause)
[342.818s][info][gc,task        ] GC(425) Using 2 workers of 33 for evacuation
[342.836s][info][gc,phases      ] GC(425)   Pre Evacuate Collection Set: 0.1ms
[342.836s][info][gc,phases      ] GC(425)   Merge Heap Roots: 0.1ms
[342.836s][info][gc,phases      ] GC(425)   Evacuate Collection Set: 3.6ms
[342.836s][info][gc,phases      ] GC(425)   Post Evacuate Collection Set: 13.1ms
[342.836s][info][gc,phases      ] GC(425)   Other: 0.1ms
[342.836s][info][gc,heap        ] GC(425) Eden regions: 48->0(637)
[342.836s][info][gc,heap        ] GC(425) Survivor regions: 2->2(7)
[342.836s][info][gc,heap        ] GC(425) Old regions: 25->25
[342.836s][info][gc,heap        ] GC(425) Archive regions: 0->0
[342.836s][info][gc,heap        ] GC(425) Humongous regions: 0->0
[342.836s][info][gc,metaspace   ] GC(425) Metaspace: 9954K(10304K)->9954K(10304K) NonClass: 8651K(8896K)->8651K(8896K) Class: 1303K(1408K)->1303K(1408K)
[342.836s][info][gc             ] GC(425) Pause Young (Normal) (G1 Evacuation Pause) 53M->5M(1066M) 17.564ms
[342.836s][info][gc,cpu         ] GC(425) User=0.00s Sys=0.02s Real=0.02s
[345.796s][info][gc,start       ] GC(426) Pause Young (Normal) (G1 Evacuation Pause)
[345.797s][info][gc,task        ] GC(426) Using 25 workers of 33 for evacuation
[345.800s][info][gc,phases      ] GC(426)   Pre Evacuate Collection Set: 0.2ms
[345.800s][info][gc,phases      ] GC(426)   Merge Heap Roots: 0.4ms
[345.800s][info][gc,phases      ] GC(426)   Evacuate Collection Set: 1.7ms
[345.800s][info][gc,phases      ] GC(426)   Post Evacuate Collection Set: 0.8ms
[345.800s][info][gc,phases      ] GC(426)   Other: 0.2ms
[345.800s][info][gc,heap        ] GC(426) Eden regions: 637->0(637)
[345.800s][info][gc,heap        ] GC(426) Survivor regions: 2->2(80)
[345.800s][info][gc,heap        ] GC(426) Old regions: 25->25
[345.800s][info][gc,heap        ] GC(426) Archive regions: 0->0
[345.800s][info][gc,heap        ] GC(426) Humongous regions: 0->0
[345.800s][info][gc,metaspace   ] GC(426) Metaspace: 9954K(10304K)->9954K(10304K) NonClass: 8651K(8896K)->8651K(8896K) Class: 1303K(1408K)->1303K(1408K)
[345.800s][info][gc             ] GC(426) Pause Young (Normal) (G1 Evacuation Pause) 642M->5M(1066M) 3.922ms
[345.800s][info][gc,cpu         ] GC(426) User=0.03s Sys=0.00s Real=0.02s
[348.618s][info][gc,start       ] GC(427) Pause Young (Normal) (G1 Evacuation Pause)
[348.619s][info][gc,task        ] GC(427) Using 25 workers of 33 for evacuation
[348.622s][info][gc,phases      ] GC(427)   Pre Evacuate Collection Set: 0.2ms
[348.622s][info][gc,phases      ] GC(427)   Merge Heap Roots: 0.4ms
[348.622s][info][gc,phases      ] GC(427)   Evacuate Collection Set: 1.6ms
[348.622s][info][gc,phases      ] GC(427)   Post Evacuate Collection Set: 0.8ms
[348.622s][info][gc,phases      ] GC(427)   Other: 0.2ms
[348.622s][info][gc,heap        ] GC(427) Eden regions: 637->0(637)
[348.622s][info][gc,heap        ] GC(427) Survivor regions: 2->2(80)
[348.622s][info][gc,heap        ] GC(427) Old regions: 25->25
[348.622s][info][gc,heap        ] GC(427) Archive regions: 0->0
[348.622s][info][gc,heap        ] GC(427) Humongous regions: 0->0
[348.622s][info][gc,metaspace   ] GC(427) Metaspace: 9954K(10304K)->9954K(10304K) NonClass: 8651K(8896K)->8651K(8896K) Class: 1303K(1408K)->1303K(1408K)
[348.622s][info][gc             ] GC(427) Pause Young (Normal) (G1 Evacuation Pause) 642M->5M(1066M) 3.702ms
[348.622s][info][gc,cpu         ] GC(427) User=0.00s Sys=0.00s Real=0.00s
[348.760s][info][gc,start       ] GC(428) Pause Full (System.gc())
[348.760s][info][gc,task        ] GC(428) Using 25 workers of 33 for full compaction
[348.761s][info][gc,phases,start] GC(428) Phase 1: Mark live objects
[348.767s][info][gc,phases      ] GC(428) Phase 1: Mark live objects 6.080ms
[348.767s][info][gc,phases,start] GC(428) Phase 2: Prepare compaction
[348.771s][info][gc,phases      ] GC(428) Phase 2: Prepare compaction 4.103ms
[348.771s][info][gc,phases,start] GC(428) Phase 3: Adjust pointers
[348.775s][info][gc,phases      ] GC(428) Phase 3: Adjust pointers 4.050ms
[348.775s][info][gc,phases,start] GC(428) Phase 4: Compact heap
[348.776s][info][gc,phases      ] GC(428) Phase 4: Compact heap 0.499ms
[348.787s][info][gc,heap        ] GC(428) Eden regions: 33->0(50)
[348.787s][info][gc,heap        ] GC(428) Survivor regions: 2->0(80)
[348.787s][info][gc,heap        ] GC(428) Old regions: 25->25
[348.787s][info][gc,heap        ] GC(428) Archive regions: 0->0
[348.787s][info][gc,heap        ] GC(428) Humongous regions: 0->0
[348.787s][info][gc,metaspace   ] GC(428) Metaspace: 9954K(10304K)->9954K(10304K) NonClass: 8651K(8896K)->8651K(8896K) Class: 1303K(1408K)->1303K(1408K)
[348.787s][info][gc             ] GC(428) Pause Full (System.gc()) 37M->3M(84M) 27.220ms
[348.787s][info][gc,cpu         ] GC(428) User=0.06s Sys=0.34s Real=0.03s
[348.996s][info][gc,start       ] GC(429) Pause Young (Normal) (G1 Evacuation Pause)
[348.996s][info][gc,task        ] GC(429) Using 13 workers of 33 for evacuation
[348.998s][info][gc,phases      ] GC(429)   Pre Evacuate Collection Set: 0.1ms
[348.998s][info][gc,phases      ] GC(429)   Merge Heap Roots: 0.1ms
[348.998s][info][gc,phases      ] GC(429)   Evacuate Collection Set: 0.9ms
[348.998s][info][gc,phases      ] GC(429)   Post Evacuate Collection Set: 0.4ms
[348.998s][info][gc,phases      ] GC(429)   Other: 0.1ms
[348.998s][info][gc,heap        ] GC(429) Eden regions: 50->0(48)
[348.998s][info][gc,heap        ] GC(429) Survivor regions: 0->2(7)
[348.998s][info][gc,heap        ] GC(429) Old regions: 25->25
[348.998s][info][gc,heap        ] GC(429) Archive regions: 0->0
[348.998s][info][gc,heap        ] GC(429) Humongous regions: 0->0
[348.998s][info][gc,metaspace   ] GC(429) Metaspace: 9954K(10304K)->9954K(10304K) NonClass: 8651K(8896K)->8651K(8896K) Class: 1303K(1408K)->1303K(1408K)
[348.998s][info][gc             ] GC(429) Pause Young (Normal) (G1 Evacuation Pause) 53M->5M(84M) 2.223ms
[348.998s][info][gc,cpu         ] GC(429) User=0.00s Sys=0.00s Real=0.00s
[349.191s][info][gc,start       ] GC(430) Pause Young (Normal) (G1 Evacuation Pause)
[349.191s][info][gc,task        ] GC(430) Using 7 workers of 33 for evacuation
[349.193s][info][gc,phases      ] GC(430)   Pre Evacuate Collection Set: 0.1ms
[349.193s][info][gc,phases      ] GC(430)   Merge Heap Roots: 0.1ms
[349.193s][info][gc,phases      ] GC(430)   Evacuate Collection Set: 1.1ms
[349.193s][info][gc,phases      ] GC(430)   Post Evacuate Collection Set: 0.3ms
[349.193s][info][gc,phases      ] GC(430)   Other: 0.1ms
[349.193s][info][gc,heap        ] GC(430) Eden regions: 48->0(48)
[349.193s][info][gc,heap        ] GC(430) Survivor regions: 2->2(7)
[349.193s][info][gc,heap        ] GC(430) Old regions: 25->25
[349.193s][info][gc,heap        ] GC(430) Archive regions: 0->0
[349.193s][info][gc,heap        ] GC(430) Humongous regions: 0->0
[349.193s][info][gc,metaspace   ] GC(430) Metaspace: 9954K(10304K)->9954K(10304K) NonClass: 8651K(8896K)->8651K(8896K) Class: 1303K(1408K)->1303K(1408K)
[349.193s][info][gc             ] GC(430) Pause Young (Normal) (G1 Evacuation Pause) 53M->5M(84M) 2.226ms
[349.193s][info][gc,cpu         ] GC(430) User=0.00s Sys=0.00s Real=0.00s
[349.389s][info][gc,start       ] GC(431) Pause Young (Normal) (G1 Evacuation Pause)
[349.389s][info][gc,task        ] GC(431) Using 4 workers of 33 for evacuation
[349.391s][info][gc,phases      ] GC(431)   Pre Evacuate Collection Set: 0.1ms
[349.391s][info][gc,phases      ] GC(431)   Merge Heap Roots: 0.1ms
[349.391s][info][gc,phases      ] GC(431)   Evacuate Collection Set: 1.8ms
[349.391s][info][gc,phases      ] GC(431)   Post Evacuate Collection Set: 0.3ms
[349.391s][info][gc,phases      ] GC(431)   Other: 0.1ms
[349.391s][info][gc,heap        ] GC(431) Eden regions: 48->0(48)
[349.391s][info][gc,heap        ] GC(431) Survivor regions: 2->2(7)
[349.391s][info][gc,heap        ] GC(431) Old regions: 25->25
[349.391s][info][gc,heap        ] GC(431) Archive regions: 0->0
[349.392s][info][gc,heap        ] GC(431) Humongous regions: 0->0
[349.392s][info][gc,metaspace   ] GC(431) Metaspace: 9954K(10304K)->9954K(10304K) NonClass: 8651K(8896K)->8651K(8896K) Class: 1303K(1408K)->1303K(1408K)
[349.392s][info][gc             ] GC(431) Pause Young (Normal) (G1 Evacuation Pause) 53M->5M(84M) 3.094ms
[349.392s][info][gc,cpu         ] GC(431) User=0.00s Sys=0.00s Real=0.00s
[349.603s][info][gc,start       ] GC(432) Pause Young (Normal) (G1 Evacuation Pause)
[349.603s][info][gc,task        ] GC(432) Using 3 workers of 33 for evacuation
[349.606s][info][gc,phases      ] GC(432)   Pre Evacuate Collection Set: 0.1ms
[349.606s][info][gc,phases      ] GC(432)   Merge Heap Roots: 0.1ms
[349.606s][info][gc,phases      ] GC(432)   Evacuate Collection Set: 2.1ms
[349.606s][info][gc,phases      ] GC(432)   Post Evacuate Collection Set: 0.3ms
[349.606s][info][gc,phases      ] GC(432)   Other: 0.1ms
[349.606s][info][gc,heap        ] GC(432) Eden regions: 48->0(48)
[349.606s][info][gc,heap        ] GC(432) Survivor regions: 2->2(7)
[349.606s][info][gc,heap        ] GC(432) Old regions: 25->25
[349.606s][info][gc,heap        ] GC(432) Archive regions: 0->0
[349.606s][info][gc,heap        ] GC(432) Humongous regions: 0->0
[349.606s][info][gc,metaspace   ] GC(432) Metaspace: 9954K(10304K)->9954K(10304K) NonClass: 8651K(8896K)->8651K(8896K) Class: 1303K(1408K)->1303K(1408K)
[349.606s][info][gc             ] GC(432) Pause Young (Normal) (G1 Evacuation Pause) 53M->5M(84M) 3.364ms
[349.606s][info][gc,cpu         ] GC(432) User=0.00s Sys=0.00s Real=0.00s
[349.813s][info][gc,start       ] GC(433) Pause Young (Normal) (G1 Evacuation Pause)
[349.814s][info][gc,task        ] GC(433) Using 2 workers of 33 for evacuation
[349.818s][info][gc,phases      ] GC(433)   Pre Evacuate Collection Set: 0.1ms
[349.818s][info][gc,phases      ] GC(433)   Merge Heap Roots: 0.1ms
[349.818s][info][gc,phases      ] GC(433)   Evacuate Collection Set: 3.6ms
[349.818s][info][gc,phases      ] GC(433)   Post Evacuate Collection Set: 0.4ms
[349.818s][info][gc,phases      ] GC(433)   Other: 0.1ms
[349.818s][info][gc,heap        ] GC(433) Eden regions: 48->0(48)
[349.818s][info][gc,heap        ] GC(433) Survivor regions: 2->2(7)
[349.818s][info][gc,heap        ] GC(433) Old regions: 25->25
[349.818s][info][gc,heap        ] GC(433) Archive regions: 0->0
[349.818s][info][gc,heap        ] GC(433) Humongous regions: 0->0
[349.818s][info][gc,metaspace   ] GC(433) Metaspace: 9954K(10304K)->9954K(10304K) NonClass: 8651K(8896K)->8651K(8896K) Class: 1303K(1408K)->1303K(1408K)
[349.818s][info][gc             ] GC(433) Pause Young (Normal) (G1 Evacuation Pause) 53M->5M(84M) 4.744ms
[349.818s][info][gc,cpu         ] GC(433) User=0.03s Sys=0.00s Real=0.02s
[350.025s][info][gc,start       ] GC(434) Pause Young (Normal) (G1 Evacuation Pause)
[350.026s][info][gc,task        ] GC(434) Using 2 workers of 33 for evacuation
[350.042s][info][gc,phases      ] GC(434)   Pre Evacuate Collection Set: 0.1ms
[350.042s][info][gc,phases      ] GC(434)   Merge Heap Roots: 0.1ms
[350.042s][info][gc,phases      ] GC(434)   Evacuate Collection Set: 3.3ms
[350.042s][info][gc,phases      ] GC(434)   Post Evacuate Collection Set: 12.4ms
[350.042s][info][gc,phases      ] GC(434)   Other: 0.1ms
[350.042s][info][gc,heap        ] GC(434) Eden regions: 48->0(637)
[350.042s][info][gc,heap        ] GC(434) Survivor regions: 2->2(7)
[350.042s][info][gc,heap        ] GC(434) Old regions: 25->25
[350.042s][info][gc,heap        ] GC(434) Archive regions: 0->0
[350.042s][info][gc,heap        ] GC(434) Humongous regions: 0->0
[350.042s][info][gc,metaspace   ] GC(434) Metaspace: 9954K(10304K)->9954K(10304K) NonClass: 8651K(8896K)->8651K(8896K) Class: 1303K(1408K)->1303K(1408K)
[350.042s][info][gc             ] GC(434) Pause Young (Normal) (G1 Evacuation Pause) 53M->5M(1066M) 16.425ms
[350.042s][info][gc,cpu         ] GC(434) User=0.00s Sys=0.02s Real=0.02s
[353.004s][info][gc,start       ] GC(435) Pause Young (Normal) (G1 Evacuation Pause)
[353.004s][info][gc,task        ] GC(435) Using 25 workers of 33 for evacuation
[353.008s][info][gc,phases      ] GC(435)   Pre Evacuate Collection Set: 0.2ms
[353.008s][info][gc,phases      ] GC(435)   Merge Heap Roots: 0.4ms
[353.008s][info][gc,phases      ] GC(435)   Evacuate Collection Set: 1.6ms
[353.008s][info][gc,phases      ] GC(435)   Post Evacuate Collection Set: 0.8ms
[353.008s][info][gc,phases      ] GC(435)   Other: 0.2ms
[353.008s][info][gc,heap        ] GC(435) Eden regions: 637->0(637)
[353.008s][info][gc,heap        ] GC(435) Survivor regions: 2->2(80)
[353.008s][info][gc,heap        ] GC(435) Old regions: 25->25
[353.008s][info][gc,heap        ] GC(435) Archive regions: 0->0
[353.008s][info][gc,heap        ] GC(435) Humongous regions: 0->0
[353.008s][info][gc,metaspace   ] GC(435) Metaspace: 9954K(10304K)->9954K(10304K) NonClass: 8651K(8896K)->8651K(8896K) Class: 1303K(1408K)->1303K(1408K)
[353.008s][info][gc             ] GC(435) Pause Young (Normal) (G1 Evacuation Pause) 642M->5M(1066M) 3.781ms
[353.008s][info][gc,cpu         ] GC(435) User=0.00s Sys=0.00s Real=0.00s
[355.768s][info][gc,start       ] GC(436) Pause Young (Normal) (G1 Evacuation Pause)
[355.768s][info][gc,task        ] GC(436) Using 25 workers of 33 for evacuation
[355.771s][info][gc,phases      ] GC(436)   Pre Evacuate Collection Set: 0.2ms
[355.771s][info][gc,phases      ] GC(436)   Merge Heap Roots: 0.4ms
[355.771s][info][gc,phases      ] GC(436)   Evacuate Collection Set: 1.6ms
[355.771s][info][gc,phases      ] GC(436)   Post Evacuate Collection Set: 0.8ms
[355.771s][info][gc,phases      ] GC(436)   Other: 0.2ms
[355.771s][info][gc,heap        ] GC(436) Eden regions: 637->0(637)
[355.771s][info][gc,heap        ] GC(436) Survivor regions: 2->2(80)
[355.771s][info][gc,heap        ] GC(436) Old regions: 25->25
[355.771s][info][gc,heap        ] GC(436) Archive regions: 0->0
[355.771s][info][gc,heap        ] GC(436) Humongous regions: 0->0
[355.771s][info][gc,metaspace   ] GC(436) Metaspace: 9954K(10304K)->9954K(10304K) NonClass: 8651K(8896K)->8651K(8896K) Class: 1303K(1408K)->1303K(1408K)
[355.771s][info][gc             ] GC(436) Pause Young (Normal) (G1 Evacuation Pause) 642M->5M(1066M) 3.761ms
[355.772s][info][gc,cpu         ] GC(436) User=0.28s Sys=0.00s Real=0.02s
[355.897s][info][gc,start       ] GC(437) Pause Full (System.gc())
[355.897s][info][gc,task        ] GC(437) Using 25 workers of 33 for full compaction
[355.898s][info][gc,phases,start] GC(437) Phase 1: Mark live objects
[355.904s][info][gc,phases      ] GC(437) Phase 1: Mark live objects 5.588ms
[355.904s][info][gc,phases,start] GC(437) Phase 2: Prepare compaction
[355.908s][info][gc,phases      ] GC(437) Phase 2: Prepare compaction 4.174ms
[355.908s][info][gc,phases,start] GC(437) Phase 3: Adjust pointers
[355.912s][info][gc,phases      ] GC(437) Phase 3: Adjust pointers 3.982ms
[355.912s][info][gc,phases,start] GC(437) Phase 4: Compact heap
[355.913s][info][gc,phases      ] GC(437) Phase 4: Compact heap 0.586ms
[355.925s][info][gc,heap        ] GC(437) Eden regions: 31->0(50)
[355.926s][info][gc,heap        ] GC(437) Survivor regions: 2->0(80)
[355.926s][info][gc,heap        ] GC(437) Old regions: 25->25
[355.926s][info][gc,heap        ] GC(437) Archive regions: 0->0
[355.926s][info][gc,heap        ] GC(437) Humongous regions: 0->0
[355.926s][info][gc,metaspace   ] GC(437) Metaspace: 9954K(10304K)->9954K(10304K) NonClass: 8651K(8896K)->8651K(8896K) Class: 1303K(1408K)->1303K(1408K)
[355.926s][info][gc             ] GC(437) Pause Full (System.gc()) 35M->3M(84M) 28.768ms
[355.926s][info][gc,cpu         ] GC(437) User=0.02s Sys=0.00s Real=0.02s
[356.140s][info][gc,start       ] GC(438) Pause Young (Normal) (G1 Evacuation Pause)
[356.140s][info][gc,task        ] GC(438) Using 13 workers of 33 for evacuation
[356.142s][info][gc,phases      ] GC(438)   Pre Evacuate Collection Set: 0.1ms
[356.142s][info][gc,phases      ] GC(438)   Merge Heap Roots: 0.1ms
[356.142s][info][gc,phases      ] GC(438)   Evacuate Collection Set: 0.9ms
[356.142s][info][gc,phases      ] GC(438)   Post Evacuate Collection Set: 0.4ms
[356.142s][info][gc,phases      ] GC(438)   Other: 0.1ms
[356.142s][info][gc,heap        ] GC(438) Eden regions: 50->0(48)
[356.142s][info][gc,heap        ] GC(438) Survivor regions: 0->2(7)
[356.142s][info][gc,heap        ] GC(438) Old regions: 25->25
[356.142s][info][gc,heap        ] GC(438) Archive regions: 0->0
[356.142s][info][gc,heap        ] GC(438) Humongous regions: 0->0
[356.142s][info][gc,metaspace   ] GC(438) Metaspace: 9954K(10304K)->9954K(10304K) NonClass: 8651K(8896K)->8651K(8896K) Class: 1303K(1408K)->1303K(1408K)
[356.142s][info][gc             ] GC(438) Pause Young (Normal) (G1 Evacuation Pause) 53M->5M(84M) 2.136ms
[356.142s][info][gc,cpu         ] GC(438) User=0.00s Sys=0.00s Real=0.00s
[356.336s][info][gc,start       ] GC(439) Pause Young (Normal) (G1 Evacuation Pause)
[356.336s][info][gc,task        ] GC(439) Using 7 workers of 33 for evacuation
[356.337s][info][gc,phases      ] GC(439)   Pre Evacuate Collection Set: 0.1ms
[356.337s][info][gc,phases      ] GC(439)   Merge Heap Roots: 0.1ms
[356.337s][info][gc,phases      ] GC(439)   Evacuate Collection Set: 1.0ms
[356.337s][info][gc,phases      ] GC(439)   Post Evacuate Collection Set: 0.3ms
[356.338s][info][gc,phases      ] GC(439)   Other: 0.1ms
[356.338s][info][gc,heap        ] GC(439) Eden regions: 48->0(48)
[356.338s][info][gc,heap        ] GC(439) Survivor regions: 2->2(7)
[356.338s][info][gc,heap        ] GC(439) Old regions: 25->25
[356.338s][info][gc,heap        ] GC(439) Archive regions: 0->0
[356.338s][info][gc,heap        ] GC(439) Humongous regions: 0->0
[356.338s][info][gc,metaspace   ] GC(439) Metaspace: 9954K(10304K)->9954K(10304K) NonClass: 8651K(8896K)->8651K(8896K) Class: 1303K(1408K)->1303K(1408K)
[356.338s][info][gc             ] GC(439) Pause Young (Normal) (G1 Evacuation Pause) 53M->5M(84M) 2.089ms
[356.338s][info][gc,cpu         ] GC(439) User=0.00s Sys=0.00s Real=0.00s
[356.537s][info][gc,start       ] GC(440) Pause Young (Normal) (G1 Evacuation Pause)
[356.537s][info][gc,task        ] GC(440) Using 4 workers of 33 for evacuation
[356.539s][info][gc,phases      ] GC(440)   Pre Evacuate Collection Set: 0.1ms
[356.539s][info][gc,phases      ] GC(440)   Merge Heap Roots: 0.1ms
[356.539s][info][gc,phases      ] GC(440)   Evacuate Collection Set: 1.8ms
[356.539s][info][gc,phases      ] GC(440)   Post Evacuate Collection Set: 0.3ms
[356.539s][info][gc,phases      ] GC(440)   Other: 0.1ms
[356.539s][info][gc,heap        ] GC(440) Eden regions: 48->0(48)
[356.539s][info][gc,heap        ] GC(440) Survivor regions: 2->2(7)
[356.539s][info][gc,heap        ] GC(440) Old regions: 25->25
[356.539s][info][gc,heap        ] GC(440) Archive regions: 0->0
[356.539s][info][gc,heap        ] GC(440) Humongous regions: 0->0
[356.539s][info][gc,metaspace   ] GC(440) Metaspace: 9954K(10304K)->9954K(10304K) NonClass: 8651K(8896K)->8651K(8896K) Class: 1303K(1408K)->1303K(1408K)
[356.539s][info][gc             ] GC(440) Pause Young (Normal) (G1 Evacuation Pause) 53M->5M(84M) 2.816ms
[356.539s][info][gc,cpu         ] GC(440) User=0.00s Sys=0.00s Real=0.00s
[356.748s][info][gc,start       ] GC(441) Pause Young (Normal) (G1 Evacuation Pause)
[356.748s][info][gc,task        ] GC(441) Using 3 workers of 33 for evacuation
[356.751s][info][gc,phases      ] GC(441)   Pre Evacuate Collection Set: 0.1ms
[356.751s][info][gc,phases      ] GC(441)   Merge Heap Roots: 0.1ms
[356.751s][info][gc,phases      ] GC(441)   Evacuate Collection Set: 2.3ms
[356.751s][info][gc,phases      ] GC(441)   Post Evacuate Collection Set: 0.3ms
[356.751s][info][gc,phases      ] GC(441)   Other: 0.1ms
[356.751s][info][gc,heap        ] GC(441) Eden regions: 48->0(48)
[356.751s][info][gc,heap        ] GC(441) Survivor regions: 2->2(7)
[356.751s][info][gc,heap        ] GC(441) Old regions: 25->25
[356.751s][info][gc,heap        ] GC(441) Archive regions: 0->0
[356.751s][info][gc,heap        ] GC(441) Humongous regions: 0->0
[356.751s][info][gc,metaspace   ] GC(441) Metaspace: 9954K(10304K)->9954K(10304K) NonClass: 8651K(8896K)->8651K(8896K) Class: 1303K(1408K)->1303K(1408K)
[356.752s][info][gc             ] GC(441) Pause Young (Normal) (G1 Evacuation Pause) 53M->5M(84M) 3.492ms
[356.752s][info][gc,cpu         ] GC(441) User=0.00s Sys=0.00s Real=0.00s
[356.957s][info][gc,start       ] GC(442) Pause Young (Normal) (G1 Evacuation Pause)
[356.957s][info][gc,task        ] GC(442) Using 2 workers of 33 for evacuation
[356.961s][info][gc,phases      ] GC(442)   Pre Evacuate Collection Set: 0.1ms
[356.961s][info][gc,phases      ] GC(442)   Merge Heap Roots: 0.1ms
[356.961s][info][gc,phases      ] GC(442)   Evacuate Collection Set: 3.6ms
[356.961s][info][gc,phases      ] GC(442)   Post Evacuate Collection Set: 0.4ms
[356.962s][info][gc,phases      ] GC(442)   Other: 0.1ms
[356.962s][info][gc,heap        ] GC(442) Eden regions: 48->0(48)
[356.962s][info][gc,heap        ] GC(442) Survivor regions: 2->2(7)
[356.962s][info][gc,heap        ] GC(442) Old regions: 25->25
[356.962s][info][gc,heap        ] GC(442) Archive regions: 0->0
[356.962s][info][gc,heap        ] GC(442) Humongous regions: 0->0
[356.962s][info][gc,metaspace   ] GC(442) Metaspace: 9954K(10304K)->9954K(10304K) NonClass: 8651K(8896K)->8651K(8896K) Class: 1303K(1408K)->1303K(1408K)
[356.962s][info][gc             ] GC(442) Pause Young (Normal) (G1 Evacuation Pause) 53M->5M(84M) 4.857ms
[356.962s][info][gc,cpu         ] GC(442) User=0.00s Sys=0.02s Real=0.02s
[357.168s][info][gc,start       ] GC(443) Pause Young (Normal) (G1 Evacuation Pause)
[357.168s][info][gc,task        ] GC(443) Using 2 workers of 33 for evacuation
[357.184s][info][gc,phases      ] GC(443)   Pre Evacuate Collection Set: 0.1ms
[357.184s][info][gc,phases      ] GC(443)   Merge Heap Roots: 0.1ms
[357.184s][info][gc,phases      ] GC(443)   Evacuate Collection Set: 3.4ms
[357.184s][info][gc,phases      ] GC(443)   Post Evacuate Collection Set: 12.4ms
[357.184s][info][gc,phases      ] GC(443)   Other: 0.1ms
[357.185s][info][gc,heap        ] GC(443) Eden regions: 48->0(637)
[357.185s][info][gc,heap        ] GC(443) Survivor regions: 2->2(7)
[357.185s][info][gc,heap        ] GC(443) Old regions: 25->25
[357.185s][info][gc,heap        ] GC(443) Archive regions: 0->0
[357.185s][info][gc,heap        ] GC(443) Humongous regions: 0->0
[357.185s][info][gc,metaspace   ] GC(443) Metaspace: 9954K(10304K)->9954K(10304K) NonClass: 8651K(8896K)->8651K(8896K) Class: 1303K(1408K)->1303K(1408K)
[357.185s][info][gc             ] GC(443) Pause Young (Normal) (G1 Evacuation Pause) 53M->5M(1066M) 16.603ms
[357.185s][info][gc,cpu         ] GC(443) User=0.02s Sys=0.00s Real=0.02s
[360.146s][info][gc,start       ] GC(444) Pause Young (Normal) (G1 Evacuation Pause)
[360.146s][info][gc,task        ] GC(444) Using 25 workers of 33 for evacuation
[360.149s][info][gc,phases      ] GC(444)   Pre Evacuate Collection Set: 0.2ms
[360.150s][info][gc,phases      ] GC(444)   Merge Heap Roots: 0.4ms
[360.150s][info][gc,phases      ] GC(444)   Evacuate Collection Set: 1.7ms
[360.150s][info][gc,phases      ] GC(444)   Post Evacuate Collection Set: 0.8ms
[360.150s][info][gc,phases      ] GC(444)   Other: 0.2ms
[360.150s][info][gc,heap        ] GC(444) Eden regions: 637->0(637)
[360.150s][info][gc,heap        ] GC(444) Survivor regions: 2->2(80)
[360.150s][info][gc,heap        ] GC(444) Old regions: 25->25
[360.150s][info][gc,heap        ] GC(444) Archive regions: 0->0
[360.150s][info][gc,heap        ] GC(444) Humongous regions: 0->0
[360.150s][info][gc,metaspace   ] GC(444) Metaspace: 9954K(10304K)->9954K(10304K) NonClass: 8651K(8896K)->8651K(8896K) Class: 1303K(1408K)->1303K(1408K)
[360.150s][info][gc             ] GC(444) Pause Young (Normal) (G1 Evacuation Pause) 642M->5M(1066M) 3.878ms
[360.150s][info][gc,cpu         ] GC(444) User=0.00s Sys=0.00s Real=0.00s
[362.924s][info][gc,start       ] GC(445) Pause Young (Normal) (G1 Evacuation Pause)
[362.924s][info][gc,task        ] GC(445) Using 25 workers of 33 for evacuation
[362.927s][info][gc,phases      ] GC(445)   Pre Evacuate Collection Set: 0.2ms
[362.927s][info][gc,phases      ] GC(445)   Merge Heap Roots: 0.3ms
[362.927s][info][gc,phases      ] GC(445)   Evacuate Collection Set: 1.5ms
[362.927s][info][gc,phases      ] GC(445)   Post Evacuate Collection Set: 0.8ms
[362.927s][info][gc,phases      ] GC(445)   Other: 0.2ms
[362.927s][info][gc,heap        ] GC(445) Eden regions: 637->0(637)
[362.927s][info][gc,heap        ] GC(445) Survivor regions: 2->2(80)
[362.927s][info][gc,heap        ] GC(445) Old regions: 25->25
[362.928s][info][gc,heap        ] GC(445) Archive regions: 0->0
[362.928s][info][gc,heap        ] GC(445) Humongous regions: 0->0
[362.928s][info][gc,metaspace   ] GC(445) Metaspace: 9954K(10304K)->9954K(10304K) NonClass: 8651K(8896K)->8651K(8896K) Class: 1303K(1408K)->1303K(1408K)
[362.928s][info][gc             ] GC(445) Pause Young (Normal) (G1 Evacuation Pause) 642M->5M(1066M) 3.646ms
[362.928s][info][gc,cpu         ] GC(445) User=0.00s Sys=0.00s Real=0.00s
[363.071s][info][gc,heap,exit   ] Heap
[363.071s][info][gc,heap,exit   ]  garbage-first heap   total 1091584K, used 41215K [0x0000000080000000, 0x0000000100000000)
[363.071s][info][gc,heap,exit   ]   region size 1024K, 38 young (38912K), 2 survivors (2048K)
[363.071s][info][gc,heap,exit   ]  Metaspace       used 10015K, committed 10304K, reserved 1114112K
[363.072s][info][gc,heap,exit   ]   class space    used 1313K, committed 1408K, reserved 1048576K
