[0.017s][info][gc,init] CardTable entry size: 512
[0.018s][info][gc     ] Using G1
[0.031s][info][gc,init] Version: 20+36-2344 (release)
[0.032s][info][gc,init] CPUs: 48 total, 48 available
[0.032s][info][gc,init] Memory: 382G
[0.032s][info][gc,init] Large Page Support: Disabled
[0.032s][info][gc,init] NUMA Support: Disabled
[0.032s][info][gc,init] Compressed Oops: Enabled (32-bit)
[0.032s][info][gc,init] Heap Region Size: 1M
[0.032s][info][gc,init] Heap Min Capacity: 8M
[0.032s][info][gc,init] Heap Initial Capacity: 1G
[0.032s][info][gc,init] Heap Max Capacity: 1G
[0.052s][info][gc,init] Pre-touch: Disabled
[0.052s][info][gc,init] Parallel Workers: 33
[0.052s][info][gc,init] Concurrent Workers: 8
[0.052s][info][gc,init] Concurrent Refinement Workers: 33
[0.052s][info][gc,init] Periodic GC: Disabled
[0.053s][info][gc,metaspace] CDS archive(s) mapped at: [0x0000000800000000-0x0000000800c60000-0x0000000800c60000), size 12976128, SharedBaseAddress: 0x0000000800000000, ArchiveRelocationMode: 0.
[0.053s][info][gc,metaspace] Compressed class space mapped at: 0x0000000801000000-0x0000000841000000, reserved size: 1073741824
[0.053s][info][gc,metaspace] Narrow klass base: 0x0000000800000000, Narrow klass shift: 0, Narrow klass range: 0x100000000
[1.122s][info][gc,start    ] GC(0) Pause Full (System.gc())
[1.123s][info][gc,task     ] GC(0) Using 24 workers of 33 for full compaction
[1.125s][info][gc,phases,start] GC(0) Phase 1: Mark live objects
[1.130s][info][gc,phases      ] GC(0) Phase 1: Mark live objects 5.205ms
[1.130s][info][gc,phases,start] GC(0) Phase 2: Prepare compaction
[1.133s][info][gc,phases      ] GC(0) Phase 2: Prepare compaction 3.253ms
[1.133s][info][gc,phases,start] GC(0) Phase 3: Adjust pointers
[1.136s][info][gc,phases      ] GC(0) Phase 3: Adjust pointers 2.416ms
[1.136s][info][gc,phases,start] GC(0) Phase 4: Compact heap
[1.138s][info][gc,phases      ] GC(0) Phase 4: Compact heap 2.051ms
[1.150s][info][gc,heap        ] GC(0) Eden regions: 24->0(23)
[1.150s][info][gc,heap        ] GC(0) Survivor regions: 0->0(0)
[1.150s][info][gc,heap        ] GC(0) Old regions: 0->24
[1.150s][info][gc,heap        ] GC(0) Archive regions: 0->0
[1.150s][info][gc,heap        ] GC(0) Humongous regions: 0->0
[1.150s][info][gc,metaspace   ] GC(0) Metaspace: 8309K(8512K)->8309K(8512K) NonClass: 7192K(7296K)->7192K(7296K) Class: 1116K(1216K)->1116K(1216K)
[1.150s][info][gc             ] GC(0) Pause Full (System.gc()) 23M->3M(80M) 28.549ms
[1.150s][info][gc,cpu         ] GC(0) User=0.05s Sys=0.08s Real=0.02s
[1.411s][info][gc,start       ] GC(1) Pause Young (Normal) (G1 Evacuation Pause)
[1.411s][info][gc,task        ] GC(1) Using 13 workers of 33 for evacuation
[1.414s][info][gc,phases      ] GC(1)   Pre Evacuate Collection Set: 0.1ms
[1.414s][info][gc,phases      ] GC(1)   Merge Heap Roots: 0.1ms
[1.414s][info][gc,phases      ] GC(1)   Evacuate Collection Set: 1.8ms
[1.414s][info][gc,phases      ] GC(1)   Post Evacuate Collection Set: 0.5ms
[1.414s][info][gc,phases      ] GC(1)   Other: 0.1ms
[1.414s][info][gc,heap        ] GC(1) Eden regions: 23->0(43)
[1.414s][info][gc,heap        ] GC(1) Survivor regions: 0->2(3)
[1.414s][info][gc,heap        ] GC(1) Old regions: 24->24
[1.414s][info][gc,heap        ] GC(1) Archive regions: 0->0
[1.414s][info][gc,heap        ] GC(1) Humongous regions: 0->0
[1.414s][info][gc,metaspace   ] GC(1) Metaspace: 9740K(9984K)->9740K(9984K) NonClass: 8436K(8576K)->8436K(8576K) Class: 1303K(1408K)->1303K(1408K)
[1.414s][info][gc             ] GC(1) Pause Young (Normal) (G1 Evacuation Pause) 26M->5M(80M) 3.044ms
[1.414s][info][gc,cpu         ] GC(1) User=0.00s Sys=0.00s Real=0.00s
[1.625s][info][gc,start       ] GC(2) Pause Young (Normal) (G1 Evacuation Pause)
[1.625s][info][gc,task        ] GC(2) Using 7 workers of 33 for evacuation
[1.628s][info][gc,phases      ] GC(2)   Pre Evacuate Collection Set: 0.1ms
[1.628s][info][gc,phases      ] GC(2)   Merge Heap Roots: 0.1ms
[1.628s][info][gc,phases      ] GC(2)   Evacuate Collection Set: 2.0ms
[1.628s][info][gc,phases      ] GC(2)   Post Evacuate Collection Set: 0.5ms
[1.628s][info][gc,phases      ] GC(2)   Other: 0.2ms
[1.629s][info][gc,heap        ] GC(2) Eden regions: 43->0(46)
[1.629s][info][gc,heap        ] GC(2) Survivor regions: 2->2(6)
[1.629s][info][gc,heap        ] GC(2) Old regions: 24->24
[1.629s][info][gc,heap        ] GC(2) Archive regions: 0->0
[1.629s][info][gc,heap        ] GC(2) Humongous regions: 0->0
[1.629s][info][gc,metaspace   ] GC(2) Metaspace: 9789K(10048K)->9789K(10048K) NonClass: 8485K(8640K)->8485K(8640K) Class: 1303K(1408K)->1303K(1408K)
[1.629s][info][gc             ] GC(2) Pause Young (Normal) (G1 Evacuation Pause) 48M->5M(80M) 3.389ms
[1.629s][info][gc,cpu         ] GC(2) User=0.00s Sys=0.00s Real=0.00s
[1.842s][info][gc,start       ] GC(3) Pause Young (Normal) (G1 Evacuation Pause)
[1.842s][info][gc,task        ] GC(3) Using 4 workers of 33 for evacuation
[1.846s][info][gc,phases      ] GC(3)   Pre Evacuate Collection Set: 0.1ms
[1.846s][info][gc,phases      ] GC(3)   Merge Heap Roots: 0.1ms
[1.846s][info][gc,phases      ] GC(3)   Evacuate Collection Set: 3.1ms
[1.846s][info][gc,phases      ] GC(3)   Post Evacuate Collection Set: 0.4ms
[1.846s][info][gc,phases      ] GC(3)   Other: 0.1ms
[1.846s][info][gc,heap        ] GC(3) Eden regions: 46->0(46)
[1.846s][info][gc,heap        ] GC(3) Survivor regions: 2->2(6)
[1.846s][info][gc,heap        ] GC(3) Old regions: 24->24
[1.846s][info][gc,heap        ] GC(3) Archive regions: 0->0
[1.846s][info][gc,heap        ] GC(3) Humongous regions: 0->0
[1.846s][info][gc,metaspace   ] GC(3) Metaspace: 9832K(10112K)->9832K(10112K) NonClass: 8528K(8704K)->8528K(8704K) Class: 1303K(1408K)->1303K(1408K)
[1.847s][info][gc             ] GC(3) Pause Young (Normal) (G1 Evacuation Pause) 51M->5M(80M) 4.387ms
[1.847s][info][gc,cpu         ] GC(3) User=0.09s Sys=0.00s Real=0.02s
[2.056s][info][gc,start       ] GC(4) Pause Young (Normal) (G1 Evacuation Pause)
[2.056s][info][gc,task        ] GC(4) Using 3 workers of 33 for evacuation
[2.060s][info][gc,phases      ] GC(4)   Pre Evacuate Collection Set: 0.1ms
[2.060s][info][gc,phases      ] GC(4)   Merge Heap Roots: 0.1ms
[2.060s][info][gc,phases      ] GC(4)   Evacuate Collection Set: 3.1ms
[2.060s][info][gc,phases      ] GC(4)   Post Evacuate Collection Set: 0.4ms
[2.060s][info][gc,phases      ] GC(4)   Other: 0.1ms
[2.061s][info][gc,heap        ] GC(4) Eden regions: 46->0(46)
[2.061s][info][gc,heap        ] GC(4) Survivor regions: 2->2(6)
[2.061s][info][gc,heap        ] GC(4) Old regions: 24->24
[2.061s][info][gc,heap        ] GC(4) Archive regions: 0->0
[2.061s][info][gc,heap        ] GC(4) Humongous regions: 0->0
[2.061s][info][gc,metaspace   ] GC(4) Metaspace: 9832K(10112K)->9832K(10112K) NonClass: 8528K(8704K)->8528K(8704K) Class: 1303K(1408K)->1303K(1408K)
[2.061s][info][gc             ] GC(4) Pause Young (Normal) (G1 Evacuation Pause) 51M->5M(80M) 4.387ms
[2.061s][info][gc,cpu         ] GC(4) User=0.00s Sys=0.00s Real=0.00s
[2.274s][info][gc,start       ] GC(5) Pause Young (Normal) (G1 Evacuation Pause)
[2.274s][info][gc,task        ] GC(5) Using 2 workers of 33 for evacuation
[2.285s][info][gc,phases      ] GC(5)   Pre Evacuate Collection Set: 0.1ms
[2.285s][info][gc,phases      ] GC(5)   Merge Heap Roots: 0.1ms
[2.285s][info][gc,phases      ] GC(5)   Evacuate Collection Set: 5.4ms
[2.285s][info][gc,phases      ] GC(5)   Post Evacuate Collection Set: 5.6ms
[2.285s][info][gc,phases      ] GC(5)   Other: 0.1ms
[2.285s][info][gc,heap        ] GC(5) Eden regions: 46->0(329)
[2.285s][info][gc,heap        ] GC(5) Survivor regions: 2->2(6)
[2.285s][info][gc,heap        ] GC(5) Old regions: 24->24
[2.285s][info][gc,heap        ] GC(5) Archive regions: 0->0
[2.285s][info][gc,heap        ] GC(5) Humongous regions: 0->0
[2.285s][info][gc,metaspace   ] GC(5) Metaspace: 9832K(10112K)->9832K(10112K) NonClass: 8528K(8704K)->8528K(8704K) Class: 1303K(1408K)->1303K(1408K)
[2.286s][info][gc             ] GC(5) Pause Young (Normal) (G1 Evacuation Pause) 51M->5M(552M) 11.732ms
[2.286s][info][gc,cpu         ] GC(5) User=0.06s Sys=0.00s Real=0.02s
[3.848s][info][gc,start       ] GC(6) Pause Young (Normal) (G1 Evacuation Pause)
[3.848s][info][gc,task        ] GC(6) Using 13 workers of 33 for evacuation
[3.851s][info][gc,phases      ] GC(6)   Pre Evacuate Collection Set: 0.1ms
[3.851s][info][gc,phases      ] GC(6)   Merge Heap Roots: 0.1ms
[3.851s][info][gc,phases      ] GC(6)   Evacuate Collection Set: 1.4ms
[3.851s][info][gc,phases      ] GC(6)   Post Evacuate Collection Set: 0.7ms
[3.851s][info][gc,phases      ] GC(6)   Other: 0.3ms
[3.851s][info][gc,heap        ] GC(6) Eden regions: 329->0(329)
[3.851s][info][gc,heap        ] GC(6) Survivor regions: 2->2(42)
[3.851s][info][gc,heap        ] GC(6) Old regions: 24->24
[3.851s][info][gc,heap        ] GC(6) Archive regions: 0->0
[3.851s][info][gc,heap        ] GC(6) Humongous regions: 0->0
[3.851s][info][gc,metaspace   ] GC(6) Metaspace: 9832K(10112K)->9832K(10112K) NonClass: 8528K(8704K)->8528K(8704K) Class: 1303K(1408K)->1303K(1408K)
[3.851s][info][gc             ] GC(6) Pause Young (Normal) (G1 Evacuation Pause) 334M->5M(552M) 3.184ms
[3.851s][info][gc,cpu         ] GC(6) User=0.20s Sys=0.05s Real=0.01s
[5.307s][info][gc,start       ] GC(7) Pause Young (Normal) (G1 Evacuation Pause)
[5.307s][info][gc,task        ] GC(7) Using 13 workers of 33 for evacuation
[5.310s][info][gc,phases      ] GC(7)   Pre Evacuate Collection Set: 0.1ms
[5.310s][info][gc,phases      ] GC(7)   Merge Heap Roots: 0.2ms
[5.310s][info][gc,phases      ] GC(7)   Evacuate Collection Set: 1.6ms
[5.310s][info][gc,phases      ] GC(7)   Post Evacuate Collection Set: 0.8ms
[5.310s][info][gc,phases      ] GC(7)   Other: 0.2ms
[5.310s][info][gc,heap        ] GC(7) Eden regions: 329->0(329)
[5.310s][info][gc,heap        ] GC(7) Survivor regions: 2->2(42)
[5.310s][info][gc,heap        ] GC(7) Old regions: 24->24
[5.310s][info][gc,heap        ] GC(7) Archive regions: 0->0
[5.310s][info][gc,heap        ] GC(7) Humongous regions: 0->0
[5.311s][info][gc,metaspace   ] GC(7) Metaspace: 9832K(10112K)->9832K(10112K) NonClass: 8529K(8704K)->8529K(8704K) Class: 1303K(1408K)->1303K(1408K)
[5.311s][info][gc             ] GC(7) Pause Young (Normal) (G1 Evacuation Pause) 334M->5M(552M) 3.454ms
[5.311s][info][gc,cpu         ] GC(7) User=0.02s Sys=0.00s Real=0.02s
[6.720s][info][gc,start       ] GC(8) Pause Young (Normal) (G1 Evacuation Pause)
[6.720s][info][gc,task        ] GC(8) Using 13 workers of 33 for evacuation
[6.723s][info][gc,phases      ] GC(8)   Pre Evacuate Collection Set: 0.2ms
[6.723s][info][gc,phases      ] GC(8)   Merge Heap Roots: 0.2ms
[6.723s][info][gc,phases      ] GC(8)   Evacuate Collection Set: 1.5ms
[6.723s][info][gc,phases      ] GC(8)   Post Evacuate Collection Set: 0.7ms
[6.723s][info][gc,phases      ] GC(8)   Other: 0.2ms
[6.723s][info][gc,heap        ] GC(8) Eden regions: 329->0(329)
[6.723s][info][gc,heap        ] GC(8) Survivor regions: 2->2(42)
[6.723s][info][gc,heap        ] GC(8) Old regions: 24->24
[6.723s][info][gc,heap        ] GC(8) Archive regions: 0->0
[6.723s][info][gc,heap        ] GC(8) Humongous regions: 0->0
[6.723s][info][gc,metaspace   ] GC(8) Metaspace: 9832K(10112K)->9832K(10112K) NonClass: 8529K(8704K)->8529K(8704K) Class: 1303K(1408K)->1303K(1408K)
[6.723s][info][gc             ] GC(8) Pause Young (Normal) (G1 Evacuation Pause) 334M->5M(552M) 3.279ms
[6.723s][info][gc,cpu         ] GC(8) User=0.02s Sys=0.00s Real=0.02s
[8.130s][info][gc,start       ] GC(9) Pause Young (Normal) (G1 Evacuation Pause)
[8.130s][info][gc,task        ] GC(9) Using 13 workers of 33 for evacuation
[8.133s][info][gc,phases      ] GC(9)   Pre Evacuate Collection Set: 0.1ms
[8.133s][info][gc,phases      ] GC(9)   Merge Heap Roots: 0.2ms
[8.133s][info][gc,phases      ] GC(9)   Evacuate Collection Set: 1.3ms
[8.133s][info][gc,phases      ] GC(9)   Post Evacuate Collection Set: 0.7ms
[8.133s][info][gc,phases      ] GC(9)   Other: 0.2ms
[8.133s][info][gc,heap        ] GC(9) Eden regions: 329->0(329)
[8.133s][info][gc,heap        ] GC(9) Survivor regions: 2->2(42)
[8.133s][info][gc,heap        ] GC(9) Old regions: 24->24
[8.133s][info][gc,heap        ] GC(9) Archive regions: 0->0
[8.133s][info][gc,heap        ] GC(9) Humongous regions: 0->0
[8.133s][info][gc,metaspace   ] GC(9) Metaspace: 9832K(10112K)->9832K(10112K) NonClass: 8529K(8704K)->8529K(8704K) Class: 1303K(1408K)->1303K(1408K)
[8.133s][info][gc             ] GC(9) Pause Young (Normal) (G1 Evacuation Pause) 334M->5M(552M) 3.069ms
[8.133s][info][gc,cpu         ] GC(9) User=0.00s Sys=0.00s Real=0.00s
[8.536s][info][gc,start       ] GC(10) Pause Full (System.gc())
[8.536s][info][gc,task        ] GC(10) Using 13 workers of 33 for full compaction
[8.537s][info][gc,phases,start] GC(10) Phase 1: Mark live objects
[8.544s][info][gc,phases      ] GC(10) Phase 1: Mark live objects 7.143ms
[8.544s][info][gc,phases,start] GC(10) Phase 2: Prepare compaction
[8.546s][info][gc,phases      ] GC(10) Phase 2: Prepare compaction 1.707ms
[8.546s][info][gc,phases,start] GC(10) Phase 3: Adjust pointers
[8.550s][info][gc,phases      ] GC(10) Phase 3: Adjust pointers 4.351ms
[8.550s][info][gc,phases,start] GC(10) Phase 4: Compact heap
[8.552s][info][gc,phases      ] GC(10) Phase 4: Compact heap 1.342ms
[8.559s][info][gc,heap        ] GC(10) Eden regions: 93->0(26)
[8.559s][info][gc,heap        ] GC(10) Survivor regions: 2->0(42)
[8.559s][info][gc,heap        ] GC(10) Old regions: 24->13
[8.559s][info][gc,heap        ] GC(10) Archive regions: 0->0
[8.559s][info][gc,heap        ] GC(10) Humongous regions: 0->0
[8.559s][info][gc,metaspace   ] GC(10) Metaspace: 9893K(10176K)->9857K(10176K) NonClass: 8578K(8768K)->8553K(8768K) Class: 1315K(1408K)->1304K(1408K)
[8.559s][info][gc             ] GC(10) Pause Full (System.gc()) 98M->3M(44M) 23.244ms
[8.559s][info][gc,cpu         ] GC(10) User=0.17s Sys=0.03s Real=0.03s
[8.662s][info][gc,start       ] GC(11) Pause Young (Normal) (G1 Evacuation Pause)
[8.662s][info][gc,task        ] GC(11) Using 7 workers of 33 for evacuation
[8.664s][info][gc,phases      ] GC(11)   Pre Evacuate Collection Set: 0.1ms
[8.664s][info][gc,phases      ] GC(11)   Merge Heap Roots: 0.1ms
[8.664s][info][gc,phases      ] GC(11)   Evacuate Collection Set: 1.1ms
[8.664s][info][gc,phases      ] GC(11)   Post Evacuate Collection Set: 0.3ms
[8.664s][info][gc,phases      ] GC(11)   Other: 0.1ms
[8.664s][info][gc,heap        ] GC(11) Eden regions: 26->0(24)
[8.664s][info][gc,heap        ] GC(11) Survivor regions: 0->2(4)
[8.664s][info][gc,heap        ] GC(11) Old regions: 13->13
[8.664s][info][gc,heap        ] GC(11) Archive regions: 0->0
[8.664s][info][gc,heap        ] GC(11) Humongous regions: 0->0
[8.664s][info][gc,metaspace   ] GC(11) Metaspace: 9857K(10176K)->9857K(10176K) NonClass: 8553K(8768K)->8553K(8768K) Class: 1304K(1408K)->1304K(1408K)
[8.664s][info][gc             ] GC(11) Pause Young (Normal) (G1 Evacuation Pause) 29M->5M(44M) 2.147ms
[8.664s][info][gc,cpu         ] GC(11) User=0.00s Sys=0.00s Real=0.00s
[8.763s][info][gc,start       ] GC(12) Pause Young (Normal) (G1 Evacuation Pause)
[8.763s][info][gc,task        ] GC(12) Using 4 workers of 33 for evacuation
[8.766s][info][gc,phases      ] GC(12)   Pre Evacuate Collection Set: 0.1ms
[8.766s][info][gc,phases      ] GC(12)   Merge Heap Roots: 0.1ms
[8.766s][info][gc,phases      ] GC(12)   Evacuate Collection Set: 2.1ms
[8.766s][info][gc,phases      ] GC(12)   Post Evacuate Collection Set: 0.2ms
[8.766s][info][gc,phases      ] GC(12)   Other: 0.1ms
[8.766s][info][gc,heap        ] GC(12) Eden regions: 24->0(24)
[8.766s][info][gc,heap        ] GC(12) Survivor regions: 2->2(4)
[8.766s][info][gc,heap        ] GC(12) Old regions: 13->13
[8.766s][info][gc,heap        ] GC(12) Archive regions: 0->0
[8.766s][info][gc,heap        ] GC(12) Humongous regions: 0->0
[8.766s][info][gc,metaspace   ] GC(12) Metaspace: 9857K(10176K)->9857K(10176K) NonClass: 8553K(8768K)->8553K(8768K) Class: 1304K(1408K)->1304K(1408K)
[8.766s][info][gc             ] GC(12) Pause Young (Normal) (G1 Evacuation Pause) 29M->5M(44M) 2.774ms
[8.766s][info][gc,cpu         ] GC(12) User=0.00s Sys=0.00s Real=0.00s
[8.863s][info][gc,start       ] GC(13) Pause Young (Normal) (G1 Evacuation Pause)
[8.863s][info][gc,task        ] GC(13) Using 3 workers of 33 for evacuation
[8.866s][info][gc,phases      ] GC(13)   Pre Evacuate Collection Set: 0.1ms
[8.866s][info][gc,phases      ] GC(13)   Merge Heap Roots: 0.1ms
[8.866s][info][gc,phases      ] GC(13)   Evacuate Collection Set: 2.5ms
[8.866s][info][gc,phases      ] GC(13)   Post Evacuate Collection Set: 0.2ms
[8.866s][info][gc,phases      ] GC(13)   Other: 0.1ms
[8.866s][info][gc,heap        ] GC(13) Eden regions: 24->0(24)
[8.866s][info][gc,heap        ] GC(13) Survivor regions: 2->2(4)
[8.866s][info][gc,heap        ] GC(13) Old regions: 13->13
[8.866s][info][gc,heap        ] GC(13) Archive regions: 0->0
[8.866s][info][gc,heap        ] GC(13) Humongous regions: 0->0
[8.866s][info][gc,metaspace   ] GC(13) Metaspace: 9857K(10176K)->9857K(10176K) NonClass: 8553K(8768K)->8553K(8768K) Class: 1304K(1408K)->1304K(1408K)
[8.866s][info][gc             ] GC(13) Pause Young (Normal) (G1 Evacuation Pause) 29M->5M(44M) 3.471ms
[8.866s][info][gc,cpu         ] GC(13) User=0.00s Sys=0.00s Real=0.00s
[8.960s][info][gc,start       ] GC(14) Pause Young (Normal) (G1 Evacuation Pause)
[8.960s][info][gc,task        ] GC(14) Using 2 workers of 33 for evacuation
[8.971s][info][gc,phases      ] GC(14)   Pre Evacuate Collection Set: 0.1ms
[8.971s][info][gc,phases      ] GC(14)   Merge Heap Roots: 0.1ms
[8.971s][info][gc,phases      ] GC(14)   Evacuate Collection Set: 3.3ms
[8.971s][info][gc,phases      ] GC(14)   Post Evacuate Collection Set: 6.5ms
[8.971s][info][gc,phases      ] GC(14)   Other: 0.1ms
[8.971s][info][gc,heap        ] GC(14) Eden regions: 24->0(318)
[8.971s][info][gc,heap        ] GC(14) Survivor regions: 2->2(4)
[8.971s][info][gc,heap        ] GC(14) Old regions: 13->13
[8.971s][info][gc,heap        ] GC(14) Archive regions: 0->0
[8.971s][info][gc,heap        ] GC(14) Humongous regions: 0->0
[8.971s][info][gc,metaspace   ] GC(14) Metaspace: 9857K(10176K)->9857K(10176K) NonClass: 8553K(8768K)->8553K(8768K) Class: 1304K(1408K)->1304K(1408K)
[8.971s][info][gc             ] GC(14) Pause Young (Normal) (G1 Evacuation Pause) 29M->5M(534M) 10.574ms
[8.971s][info][gc,cpu         ] GC(14) User=0.00s Sys=0.00s Real=0.00s
[10.383s][info][gc,start       ] GC(15) Pause Young (Normal) (G1 Evacuation Pause)
[10.384s][info][gc,task        ] GC(15) Using 12 workers of 33 for evacuation
[10.386s][info][gc,phases      ] GC(15)   Pre Evacuate Collection Set: 0.2ms
[10.386s][info][gc,phases      ] GC(15)   Merge Heap Roots: 0.2ms
[10.386s][info][gc,phases      ] GC(15)   Evacuate Collection Set: 1.1ms
[10.386s][info][gc,phases      ] GC(15)   Post Evacuate Collection Set: 0.5ms
[10.386s][info][gc,phases      ] GC(15)   Other: 0.2ms
[10.386s][info][gc,heap        ] GC(15) Eden regions: 318->0(318)
[10.386s][info][gc,heap        ] GC(15) Survivor regions: 2->2(40)
[10.386s][info][gc,heap        ] GC(15) Old regions: 13->13
[10.386s][info][gc,heap        ] GC(15) Archive regions: 0->0
[10.386s][info][gc,heap        ] GC(15) Humongous regions: 0->0
[10.386s][info][gc,metaspace   ] GC(15) Metaspace: 9857K(10176K)->9857K(10176K) NonClass: 8553K(8768K)->8553K(8768K) Class: 1304K(1408K)->1304K(1408K)
[10.386s][info][gc             ] GC(15) Pause Young (Normal) (G1 Evacuation Pause) 323M->5M(534M) 2.628ms
[10.386s][info][gc,cpu         ] GC(15) User=0.00s Sys=0.00s Real=0.00s
[11.721s][info][gc,start       ] GC(16) Pause Young (Normal) (G1 Evacuation Pause)
[11.722s][info][gc,task        ] GC(16) Using 12 workers of 33 for evacuation
[11.724s][info][gc,phases      ] GC(16)   Pre Evacuate Collection Set: 0.2ms
[11.724s][info][gc,phases      ] GC(16)   Merge Heap Roots: 0.2ms
[11.724s][info][gc,phases      ] GC(16)   Evacuate Collection Set: 1.2ms
[11.724s][info][gc,phases      ] GC(16)   Post Evacuate Collection Set: 0.5ms
[11.724s][info][gc,phases      ] GC(16)   Other: 0.2ms
[11.724s][info][gc,heap        ] GC(16) Eden regions: 318->0(318)
[11.724s][info][gc,heap        ] GC(16) Survivor regions: 2->2(40)
[11.724s][info][gc,heap        ] GC(16) Old regions: 13->13
[11.724s][info][gc,heap        ] GC(16) Archive regions: 0->0
[11.724s][info][gc,heap        ] GC(16) Humongous regions: 0->0
[11.724s][info][gc,metaspace   ] GC(16) Metaspace: 9857K(10176K)->9857K(10176K) NonClass: 8553K(8768K)->8553K(8768K) Class: 1304K(1408K)->1304K(1408K)
[11.724s][info][gc             ] GC(16) Pause Young (Normal) (G1 Evacuation Pause) 323M->5M(534M) 2.701ms
[11.724s][info][gc,cpu         ] GC(16) User=0.00s Sys=0.00s Real=0.00s
[13.058s][info][gc,start       ] GC(17) Pause Young (Normal) (G1 Evacuation Pause)
[13.058s][info][gc,task        ] GC(17) Using 12 workers of 33 for evacuation
[13.060s][info][gc,phases      ] GC(17)   Pre Evacuate Collection Set: 0.1ms
[13.060s][info][gc,phases      ] GC(17)   Merge Heap Roots: 0.2ms
[13.060s][info][gc,phases      ] GC(17)   Evacuate Collection Set: 1.0ms
[13.060s][info][gc,phases      ] GC(17)   Post Evacuate Collection Set: 0.5ms
[13.060s][info][gc,phases      ] GC(17)   Other: 0.2ms
[13.060s][info][gc,heap        ] GC(17) Eden regions: 318->0(318)
[13.060s][info][gc,heap        ] GC(17) Survivor regions: 2->2(40)
[13.060s][info][gc,heap        ] GC(17) Old regions: 13->13
[13.060s][info][gc,heap        ] GC(17) Archive regions: 0->0
[13.060s][info][gc,heap        ] GC(17) Humongous regions: 0->0
[13.060s][info][gc,metaspace   ] GC(17) Metaspace: 9857K(10176K)->9857K(10176K) NonClass: 8553K(8768K)->8553K(8768K) Class: 1304K(1408K)->1304K(1408K)
[13.061s][info][gc             ] GC(17) Pause Young (Normal) (G1 Evacuation Pause) 323M->5M(534M) 2.539ms
[13.061s][info][gc,cpu         ] GC(17) User=0.00s Sys=0.00s Real=0.00s
[14.389s][info][gc,start       ] GC(18) Pause Young (Normal) (G1 Evacuation Pause)
[14.389s][info][gc,task        ] GC(18) Using 12 workers of 33 for evacuation
[14.391s][info][gc,phases      ] GC(18)   Pre Evacuate Collection Set: 0.2ms
[14.391s][info][gc,phases      ] GC(18)   Merge Heap Roots: 0.2ms
[14.391s][info][gc,phases      ] GC(18)   Evacuate Collection Set: 0.9ms
[14.391s][info][gc,phases      ] GC(18)   Post Evacuate Collection Set: 0.5ms
[14.391s][info][gc,phases      ] GC(18)   Other: 0.2ms
[14.391s][info][gc,heap        ] GC(18) Eden regions: 318->0(318)
[14.391s][info][gc,heap        ] GC(18) Survivor regions: 2->2(40)
[14.391s][info][gc,heap        ] GC(18) Old regions: 13->13
[14.391s][info][gc,heap        ] GC(18) Archive regions: 0->0
[14.391s][info][gc,heap        ] GC(18) Humongous regions: 0->0
[14.391s][info][gc,metaspace   ] GC(18) Metaspace: 9857K(10176K)->9857K(10176K) NonClass: 8553K(8768K)->8553K(8768K) Class: 1304K(1408K)->1304K(1408K)
[14.391s][info][gc             ] GC(18) Pause Young (Normal) (G1 Evacuation Pause) 323M->5M(534M) 2.447ms
[14.391s][info][gc,cpu         ] GC(18) User=0.00s Sys=0.00s Real=0.00s
[15.411s][info][gc,start       ] GC(19) Pause Full (System.gc())
[15.411s][info][gc,task        ] GC(19) Using 12 workers of 33 for full compaction
[15.412s][info][gc,phases,start] GC(19) Phase 1: Mark live objects
[15.418s][info][gc,phases      ] GC(19) Phase 1: Mark live objects 6.437ms
[15.418s][info][gc,phases,start] GC(19) Phase 2: Prepare compaction
[15.421s][info][gc,phases      ] GC(19) Phase 2: Prepare compaction 3.009ms
[15.421s][info][gc,phases,start] GC(19) Phase 3: Adjust pointers
[15.425s][info][gc,phases      ] GC(19) Phase 3: Adjust pointers 3.732ms
[15.425s][info][gc,phases,start] GC(19) Phase 4: Compact heap
[15.426s][info][gc,phases      ] GC(19) Phase 4: Compact heap 0.640ms
[15.432s][info][gc,heap        ] GC(19) Eden regions: 238->0(26)
[15.432s][info][gc,heap        ] GC(19) Survivor regions: 2->0(40)
[15.432s][info][gc,heap        ] GC(19) Old regions: 13->13
[15.432s][info][gc,heap        ] GC(19) Archive regions: 0->0
[15.432s][info][gc,heap        ] GC(19) Humongous regions: 0->0
[15.432s][info][gc,metaspace   ] GC(19) Metaspace: 9857K(10176K)->9857K(10176K) NonClass: 8553K(8768K)->8553K(8768K) Class: 1304K(1408K)->1304K(1408K)
[15.433s][info][gc             ] GC(19) Pause Full (System.gc()) 242M->3M(44M) 21.550ms
[15.433s][info][gc,cpu         ] GC(19) User=0.02s Sys=0.02s Real=0.03s
[15.538s][info][gc,start       ] GC(20) Pause Young (Normal) (G1 Evacuation Pause)
[15.538s][info][gc,task        ] GC(20) Using 7 workers of 33 for evacuation
[15.540s][info][gc,phases      ] GC(20)   Pre Evacuate Collection Set: 0.1ms
[15.540s][info][gc,phases      ] GC(20)   Merge Heap Roots: 0.1ms
[15.540s][info][gc,phases      ] GC(20)   Evacuate Collection Set: 1.2ms
[15.540s][info][gc,phases      ] GC(20)   Post Evacuate Collection Set: 0.3ms
[15.540s][info][gc,phases      ] GC(20)   Other: 0.1ms
[15.540s][info][gc,heap        ] GC(20) Eden regions: 26->0(24)
[15.540s][info][gc,heap        ] GC(20) Survivor regions: 0->2(4)
[15.540s][info][gc,heap        ] GC(20) Old regions: 13->13
[15.540s][info][gc,heap        ] GC(20) Archive regions: 0->0
[15.540s][info][gc,heap        ] GC(20) Humongous regions: 0->0
[15.540s][info][gc,metaspace   ] GC(20) Metaspace: 9865K(10176K)->9865K(10176K) NonClass: 8561K(8768K)->8561K(8768K) Class: 1304K(1408K)->1304K(1408K)
[15.540s][info][gc             ] GC(20) Pause Young (Normal) (G1 Evacuation Pause) 29M->5M(44M) 2.325ms
[15.540s][info][gc,cpu         ] GC(20) User=0.00s Sys=0.00s Real=0.00s
[15.656s][info][gc,start       ] GC(21) Pause Young (Normal) (G1 Evacuation Pause)
[15.656s][info][gc,task        ] GC(21) Using 4 workers of 33 for evacuation
[15.658s][info][gc,phases      ] GC(21)   Pre Evacuate Collection Set: 0.1ms
[15.658s][info][gc,phases      ] GC(21)   Merge Heap Roots: 0.1ms
[15.658s][info][gc,phases      ] GC(21)   Evacuate Collection Set: 1.7ms
[15.658s][info][gc,phases      ] GC(21)   Post Evacuate Collection Set: 0.2ms
[15.658s][info][gc,phases      ] GC(21)   Other: 0.1ms
[15.658s][info][gc,heap        ] GC(21) Eden regions: 24->0(24)
[15.658s][info][gc,heap        ] GC(21) Survivor regions: 2->2(4)
[15.658s][info][gc,heap        ] GC(21) Old regions: 13->13
[15.658s][info][gc,heap        ] GC(21) Archive regions: 0->0
[15.658s][info][gc,heap        ] GC(21) Humongous regions: 0->0
[15.658s][info][gc,metaspace   ] GC(21) Metaspace: 9865K(10176K)->9865K(10176K) NonClass: 8561K(8768K)->8561K(8768K) Class: 1304K(1408K)->1304K(1408K)
[15.658s][info][gc             ] GC(21) Pause Young (Normal) (G1 Evacuation Pause) 29M->5M(44M) 2.283ms
[15.658s][info][gc,cpu         ] GC(21) User=0.00s Sys=0.00s Real=0.00s
[15.752s][info][gc,start       ] GC(22) Pause Young (Normal) (G1 Evacuation Pause)
[15.752s][info][gc,task        ] GC(22) Using 3 workers of 33 for evacuation
[15.761s][info][gc,phases      ] GC(22)   Pre Evacuate Collection Set: 0.1ms
[15.761s][info][gc,phases      ] GC(22)   Merge Heap Roots: 0.1ms
[15.761s][info][gc,phases      ] GC(22)   Evacuate Collection Set: 2.2ms
[15.761s][info][gc,phases      ] GC(22)   Post Evacuate Collection Set: 6.4ms
[15.761s][info][gc,phases      ] GC(22)   Other: 0.1ms
[15.761s][info][gc,heap        ] GC(22) Eden regions: 24->0(318)
[15.761s][info][gc,heap        ] GC(22) Survivor regions: 2->2(4)
[15.761s][info][gc,heap        ] GC(22) Old regions: 13->13
[15.761s][info][gc,heap        ] GC(22) Archive regions: 0->0
[15.761s][info][gc,heap        ] GC(22) Humongous regions: 0->0
[15.761s][info][gc,metaspace   ] GC(22) Metaspace: 9865K(10176K)->9865K(10176K) NonClass: 8561K(8768K)->8561K(8768K) Class: 1304K(1408K)->1304K(1408K)
[15.761s][info][gc             ] GC(22) Pause Young (Normal) (G1 Evacuation Pause) 29M->5M(534M) 9.333ms
[15.761s][info][gc,cpu         ] GC(22) User=0.05s Sys=0.00s Real=0.02s
[17.190s][info][gc,start       ] GC(23) Pause Young (Normal) (G1 Evacuation Pause)
[17.190s][info][gc,task        ] GC(23) Using 12 workers of 33 for evacuation
[17.192s][info][gc,phases      ] GC(23)   Pre Evacuate Collection Set: 0.1ms
[17.192s][info][gc,phases      ] GC(23)   Merge Heap Roots: 0.2ms
[17.192s][info][gc,phases      ] GC(23)   Evacuate Collection Set: 1.1ms
[17.192s][info][gc,phases      ] GC(23)   Post Evacuate Collection Set: 0.5ms
[17.192s][info][gc,phases      ] GC(23)   Other: 0.2ms
[17.193s][info][gc,heap        ] GC(23) Eden regions: 318->0(318)
[17.193s][info][gc,heap        ] GC(23) Survivor regions: 2->2(40)
[17.193s][info][gc,heap        ] GC(23) Old regions: 13->13
[17.193s][info][gc,heap        ] GC(23) Archive regions: 0->0
[17.193s][info][gc,heap        ] GC(23) Humongous regions: 0->0
[17.193s][info][gc,metaspace   ] GC(23) Metaspace: 9865K(10176K)->9865K(10176K) NonClass: 8561K(8768K)->8561K(8768K) Class: 1304K(1408K)->1304K(1408K)
[17.193s][info][gc             ] GC(23) Pause Young (Normal) (G1 Evacuation Pause) 323M->5M(534M) 2.561ms
[17.193s][info][gc,cpu         ] GC(23) User=0.00s Sys=0.00s Real=0.00s
[18.534s][info][gc,start       ] GC(24) Pause Young (Normal) (G1 Evacuation Pause)
[18.534s][info][gc,task        ] GC(24) Using 12 workers of 33 for evacuation
[18.537s][info][gc,phases      ] GC(24)   Pre Evacuate Collection Set: 0.1ms
[18.537s][info][gc,phases      ] GC(24)   Merge Heap Roots: 0.2ms
[18.537s][info][gc,phases      ] GC(24)   Evacuate Collection Set: 1.3ms
[18.537s][info][gc,phases      ] GC(24)   Post Evacuate Collection Set: 0.5ms
[18.537s][info][gc,phases      ] GC(24)   Other: 0.2ms
[18.537s][info][gc,heap        ] GC(24) Eden regions: 318->0(318)
[18.537s][info][gc,heap        ] GC(24) Survivor regions: 2->2(40)
[18.537s][info][gc,heap        ] GC(24) Old regions: 13->13
[18.537s][info][gc,heap        ] GC(24) Archive regions: 0->0
[18.537s][info][gc,heap        ] GC(24) Humongous regions: 0->0
[18.537s][info][gc,metaspace   ] GC(24) Metaspace: 9865K(10176K)->9865K(10176K) NonClass: 8561K(8768K)->8561K(8768K) Class: 1304K(1408K)->1304K(1408K)
[18.537s][info][gc             ] GC(24) Pause Young (Normal) (G1 Evacuation Pause) 323M->5M(534M) 2.769ms
[18.537s][info][gc,cpu         ] GC(24) User=0.00s Sys=0.00s Real=0.00s
[19.882s][info][gc,start       ] GC(25) Pause Young (Normal) (G1 Evacuation Pause)
[19.882s][info][gc,task        ] GC(25) Using 12 workers of 33 for evacuation
[19.884s][info][gc,phases      ] GC(25)   Pre Evacuate Collection Set: 0.1ms
[19.884s][info][gc,phases      ] GC(25)   Merge Heap Roots: 0.2ms
[19.884s][info][gc,phases      ] GC(25)   Evacuate Collection Set: 0.9ms
[19.884s][info][gc,phases      ] GC(25)   Post Evacuate Collection Set: 0.5ms
[19.884s][info][gc,phases      ] GC(25)   Other: 0.2ms
[19.884s][info][gc,heap        ] GC(25) Eden regions: 318->0(318)
[19.884s][info][gc,heap        ] GC(25) Survivor regions: 2->2(40)
[19.884s][info][gc,heap        ] GC(25) Old regions: 13->13
[19.884s][info][gc,heap        ] GC(25) Archive regions: 0->0
[19.884s][info][gc,heap        ] GC(25) Humongous regions: 0->0
[19.884s][info][gc,metaspace   ] GC(25) Metaspace: 9865K(10176K)->9865K(10176K) NonClass: 8561K(8768K)->8561K(8768K) Class: 1304K(1408K)->1304K(1408K)
[19.884s][info][gc             ] GC(25) Pause Young (Normal) (G1 Evacuation Pause) 323M->5M(534M) 2.328ms
[19.884s][info][gc,cpu         ] GC(25) User=0.00s Sys=0.00s Real=0.00s
[21.230s][info][gc,start       ] GC(26) Pause Young (Normal) (G1 Evacuation Pause)
[21.231s][info][gc,task        ] GC(26) Using 12 workers of 33 for evacuation
[21.232s][info][gc,phases      ] GC(26)   Pre Evacuate Collection Set: 0.1ms
[21.232s][info][gc,phases      ] GC(26)   Merge Heap Roots: 0.2ms
[21.232s][info][gc,phases      ] GC(26)   Evacuate Collection Set: 0.9ms
[21.232s][info][gc,phases      ] GC(26)   Post Evacuate Collection Set: 0.5ms
[21.233s][info][gc,phases      ] GC(26)   Other: 0.2ms
[21.233s][info][gc,heap        ] GC(26) Eden regions: 318->0(318)
[21.233s][info][gc,heap        ] GC(26) Survivor regions: 2->2(40)
[21.233s][info][gc,heap        ] GC(26) Old regions: 13->13
[21.233s][info][gc,heap        ] GC(26) Archive regions: 0->0
[21.233s][info][gc,heap        ] GC(26) Humongous regions: 0->0
[21.233s][info][gc,metaspace   ] GC(26) Metaspace: 9865K(10176K)->9865K(10176K) NonClass: 8561K(8768K)->8561K(8768K) Class: 1304K(1408K)->1304K(1408K)
[21.233s][info][gc             ] GC(26) Pause Young (Normal) (G1 Evacuation Pause) 323M->5M(534M) 2.465ms
[21.233s][info][gc,cpu         ] GC(26) User=0.00s Sys=0.00s Real=0.00s
[22.327s][info][gc,start       ] GC(27) Pause Full (System.gc())
[22.327s][info][gc,task        ] GC(27) Using 12 workers of 33 for full compaction
[22.327s][info][gc,phases,start] GC(27) Phase 1: Mark live objects
[22.333s][info][gc,phases      ] GC(27) Phase 1: Mark live objects 5.258ms
[22.333s][info][gc,phases,start] GC(27) Phase 2: Prepare compaction
[22.336s][info][gc,phases      ] GC(27) Phase 2: Prepare compaction 3.194ms
[22.336s][info][gc,phases,start] GC(27) Phase 3: Adjust pointers
[22.339s][info][gc,phases      ] GC(27) Phase 3: Adjust pointers 3.452ms
[22.339s][info][gc,phases,start] GC(27) Phase 4: Compact heap
[22.340s][info][gc,phases      ] GC(27) Phase 4: Compact heap 0.625ms
[22.346s][info][gc,heap        ] GC(27) Eden regions: 256->0(26)
[22.346s][info][gc,heap        ] GC(27) Survivor regions: 2->0(40)
[22.346s][info][gc,heap        ] GC(27) Old regions: 13->13
[22.346s][info][gc,heap        ] GC(27) Archive regions: 0->0
[22.346s][info][gc,heap        ] GC(27) Humongous regions: 0->0
[22.346s][info][gc,metaspace   ] GC(27) Metaspace: 9865K(10176K)->9865K(10176K) NonClass: 8561K(8768K)->8561K(8768K) Class: 1304K(1408K)->1304K(1408K)
[22.346s][info][gc             ] GC(27) Pause Full (System.gc()) 261M->3M(44M) 19.803ms
[22.346s][info][gc,cpu         ] GC(27) User=0.19s Sys=0.02s Real=0.03s
[22.453s][info][gc,start       ] GC(28) Pause Young (Normal) (G1 Evacuation Pause)
[22.454s][info][gc,task        ] GC(28) Using 7 workers of 33 for evacuation
[22.455s][info][gc,phases      ] GC(28)   Pre Evacuate Collection Set: 0.1ms
[22.456s][info][gc,phases      ] GC(28)   Merge Heap Roots: 0.1ms
[22.456s][info][gc,phases      ] GC(28)   Evacuate Collection Set: 1.3ms
[22.456s][info][gc,phases      ] GC(28)   Post Evacuate Collection Set: 0.3ms
[22.456s][info][gc,phases      ] GC(28)   Other: 0.1ms
[22.456s][info][gc,heap        ] GC(28) Eden regions: 26->0(24)
[22.456s][info][gc,heap        ] GC(28) Survivor regions: 0->2(4)
[22.456s][info][gc,heap        ] GC(28) Old regions: 13->13
[22.456s][info][gc,heap        ] GC(28) Archive regions: 0->0
[22.456s][info][gc,heap        ] GC(28) Humongous regions: 0->0
[22.456s][info][gc,metaspace   ] GC(28) Metaspace: 9867K(10176K)->9867K(10176K) NonClass: 8563K(8768K)->8563K(8768K) Class: 1304K(1408K)->1304K(1408K)
[22.456s][info][gc             ] GC(28) Pause Young (Normal) (G1 Evacuation Pause) 29M->5M(44M) 2.399ms
[22.456s][info][gc,cpu         ] GC(28) User=0.11s Sys=0.00s Real=0.02s
[22.565s][info][gc,start       ] GC(29) Pause Young (Normal) (G1 Evacuation Pause)
[22.565s][info][gc,task        ] GC(29) Using 4 workers of 33 for evacuation
[22.567s][info][gc,phases      ] GC(29)   Pre Evacuate Collection Set: 0.1ms
[22.567s][info][gc,phases      ] GC(29)   Merge Heap Roots: 0.1ms
[22.568s][info][gc,phases      ] GC(29)   Evacuate Collection Set: 1.5ms
[22.568s][info][gc,phases      ] GC(29)   Post Evacuate Collection Set: 0.2ms
[22.568s][info][gc,phases      ] GC(29)   Other: 0.1ms
[22.568s][info][gc,heap        ] GC(29) Eden regions: 24->0(24)
[22.568s][info][gc,heap        ] GC(29) Survivor regions: 2->2(4)
[22.568s][info][gc,heap        ] GC(29) Old regions: 13->13
[22.568s][info][gc,heap        ] GC(29) Archive regions: 0->0
[22.568s][info][gc,heap        ] GC(29) Humongous regions: 0->0
[22.568s][info][gc,metaspace   ] GC(29) Metaspace: 9867K(10176K)->9867K(10176K) NonClass: 8563K(8768K)->8563K(8768K) Class: 1304K(1408K)->1304K(1408K)
[22.568s][info][gc             ] GC(29) Pause Young (Normal) (G1 Evacuation Pause) 29M->5M(44M) 2.525ms
[22.568s][info][gc,cpu         ] GC(29) User=0.00s Sys=0.00s Real=0.00s
[22.662s][info][gc,start       ] GC(30) Pause Young (Normal) (G1 Evacuation Pause)
[22.662s][info][gc,task        ] GC(30) Using 3 workers of 33 for evacuation
[22.671s][info][gc,phases      ] GC(30)   Pre Evacuate Collection Set: 0.1ms
[22.671s][info][gc,phases      ] GC(30)   Merge Heap Roots: 0.1ms
[22.671s][info][gc,phases      ] GC(30)   Evacuate Collection Set: 2.2ms
[22.672s][info][gc,phases      ] GC(30)   Post Evacuate Collection Set: 6.4ms
[22.672s][info][gc,phases      ] GC(30)   Other: 0.2ms
[22.672s][info][gc,heap        ] GC(30) Eden regions: 24->0(318)
[22.672s][info][gc,heap        ] GC(30) Survivor regions: 2->2(4)
[22.672s][info][gc,heap        ] GC(30) Old regions: 13->13
[22.672s][info][gc,heap        ] GC(30) Archive regions: 0->0
[22.672s][info][gc,heap        ] GC(30) Humongous regions: 0->0
[22.672s][info][gc,metaspace   ] GC(30) Metaspace: 9867K(10176K)->9867K(10176K) NonClass: 8563K(8768K)->8563K(8768K) Class: 1304K(1408K)->1304K(1408K)
[22.672s][info][gc             ] GC(30) Pause Young (Normal) (G1 Evacuation Pause) 29M->5M(534M) 9.440ms
[22.672s][info][gc,cpu         ] GC(30) User=0.00s Sys=0.00s Real=0.00s
[24.085s][info][gc,start       ] GC(31) Pause Young (Normal) (G1 Evacuation Pause)
[24.085s][info][gc,task        ] GC(31) Using 12 workers of 33 for evacuation
[24.087s][info][gc,phases      ] GC(31)   Pre Evacuate Collection Set: 0.1ms
[24.087s][info][gc,phases      ] GC(31)   Merge Heap Roots: 0.2ms
[24.087s][info][gc,phases      ] GC(31)   Evacuate Collection Set: 1.3ms
[24.087s][info][gc,phases      ] GC(31)   Post Evacuate Collection Set: 0.5ms
[24.087s][info][gc,phases      ] GC(31)   Other: 0.2ms
[24.087s][info][gc,heap        ] GC(31) Eden regions: 318->0(318)
[24.087s][info][gc,heap        ] GC(31) Survivor regions: 2->2(40)
[24.087s][info][gc,heap        ] GC(31) Old regions: 13->13
[24.087s][info][gc,heap        ] GC(31) Archive regions: 0->0
[24.087s][info][gc,heap        ] GC(31) Humongous regions: 0->0
[24.088s][info][gc,metaspace   ] GC(31) Metaspace: 9867K(10176K)->9867K(10176K) NonClass: 8563K(8768K)->8563K(8768K) Class: 1304K(1408K)->1304K(1408K)
[24.088s][info][gc             ] GC(31) Pause Young (Normal) (G1 Evacuation Pause) 323M->5M(534M) 2.780ms
[24.088s][info][gc,cpu         ] GC(31) User=0.09s Sys=0.09s Real=0.01s
[25.429s][info][gc,start       ] GC(32) Pause Young (Normal) (G1 Evacuation Pause)
[25.429s][info][gc,task        ] GC(32) Using 12 workers of 33 for evacuation
[25.431s][info][gc,phases      ] GC(32)   Pre Evacuate Collection Set: 0.1ms
[25.431s][info][gc,phases      ] GC(32)   Merge Heap Roots: 0.2ms
[25.432s][info][gc,phases      ] GC(32)   Evacuate Collection Set: 1.2ms
[25.432s][info][gc,phases      ] GC(32)   Post Evacuate Collection Set: 0.5ms
[25.432s][info][gc,phases      ] GC(32)   Other: 0.2ms
[25.432s][info][gc,heap        ] GC(32) Eden regions: 318->0(318)
[25.432s][info][gc,heap        ] GC(32) Survivor regions: 2->2(40)
[25.432s][info][gc,heap        ] GC(32) Old regions: 13->13
[25.432s][info][gc,heap        ] GC(32) Archive regions: 0->0
[25.432s][info][gc,heap        ] GC(32) Humongous regions: 0->0
[25.432s][info][gc,metaspace   ] GC(32) Metaspace: 9867K(10176K)->9867K(10176K) NonClass: 8563K(8768K)->8563K(8768K) Class: 1304K(1408K)->1304K(1408K)
[25.432s][info][gc             ] GC(32) Pause Young (Normal) (G1 Evacuation Pause) 323M->5M(534M) 2.653ms
[25.432s][info][gc,cpu         ] GC(32) User=0.00s Sys=0.00s Real=0.00s
[26.762s][info][gc,start       ] GC(33) Pause Young (Normal) (G1 Evacuation Pause)
[26.762s][info][gc,task        ] GC(33) Using 12 workers of 33 for evacuation
[26.763s][info][gc,phases      ] GC(33)   Pre Evacuate Collection Set: 0.1ms
[26.763s][info][gc,phases      ] GC(33)   Merge Heap Roots: 0.2ms
[26.764s][info][gc,phases      ] GC(33)   Evacuate Collection Set: 0.9ms
[26.764s][info][gc,phases      ] GC(33)   Post Evacuate Collection Set: 0.5ms
[26.764s][info][gc,phases      ] GC(33)   Other: 0.2ms
[26.764s][info][gc,heap        ] GC(33) Eden regions: 318->0(318)
[26.764s][info][gc,heap        ] GC(33) Survivor regions: 2->2(40)
[26.764s][info][gc,heap        ] GC(33) Old regions: 13->13
[26.764s][info][gc,heap        ] GC(33) Archive regions: 0->0
[26.764s][info][gc,heap        ] GC(33) Humongous regions: 0->0
[26.764s][info][gc,metaspace   ] GC(33) Metaspace: 9867K(10176K)->9867K(10176K) NonClass: 8563K(8768K)->8563K(8768K) Class: 1304K(1408K)->1304K(1408K)
[26.764s][info][gc             ] GC(33) Pause Young (Normal) (G1 Evacuation Pause) 323M->5M(534M) 2.335ms
[26.764s][info][gc,cpu         ] GC(33) User=0.00s Sys=0.00s Real=0.00s
[28.100s][info][gc,start       ] GC(34) Pause Young (Normal) (G1 Evacuation Pause)
[28.101s][info][gc,task        ] GC(34) Using 12 workers of 33 for evacuation
[28.102s][info][gc,phases      ] GC(34)   Pre Evacuate Collection Set: 0.1ms
[28.102s][info][gc,phases      ] GC(34)   Merge Heap Roots: 0.2ms
[28.102s][info][gc,phases      ] GC(34)   Evacuate Collection Set: 0.9ms
[28.103s][info][gc,phases      ] GC(34)   Post Evacuate Collection Set: 0.5ms
[28.103s][info][gc,phases      ] GC(34)   Other: 0.2ms
[28.103s][info][gc,heap        ] GC(34) Eden regions: 318->0(318)
[28.103s][info][gc,heap        ] GC(34) Survivor regions: 2->2(40)
[28.103s][info][gc,heap        ] GC(34) Old regions: 13->13
[28.103s][info][gc,heap        ] GC(34) Archive regions: 0->0
[28.103s][info][gc,heap        ] GC(34) Humongous regions: 0->0
[28.103s][info][gc,metaspace   ] GC(34) Metaspace: 9867K(10176K)->9867K(10176K) NonClass: 8563K(8768K)->8563K(8768K) Class: 1304K(1408K)->1304K(1408K)
[28.103s][info][gc             ] GC(34) Pause Young (Normal) (G1 Evacuation Pause) 323M->5M(534M) 2.349ms
[28.103s][info][gc,cpu         ] GC(34) User=0.00s Sys=0.00s Real=0.00s
[29.170s][info][gc,start       ] GC(35) Pause Full (System.gc())
[29.170s][info][gc,task        ] GC(35) Using 12 workers of 33 for full compaction
[29.171s][info][gc,phases,start] GC(35) Phase 1: Mark live objects
[29.176s][info][gc,phases      ] GC(35) Phase 1: Mark live objects 4.635ms
[29.176s][info][gc,phases,start] GC(35) Phase 2: Prepare compaction
[29.179s][info][gc,phases      ] GC(35) Phase 2: Prepare compaction 3.098ms
[29.179s][info][gc,phases,start] GC(35) Phase 3: Adjust pointers
[29.183s][info][gc,phases      ] GC(35) Phase 3: Adjust pointers 3.873ms
[29.183s][info][gc,phases,start] GC(35) Phase 4: Compact heap
[29.183s][info][gc,phases      ] GC(35) Phase 4: Compact heap 0.581ms
[29.189s][info][gc,heap        ] GC(35) Eden regions: 253->0(26)
[29.189s][info][gc,heap        ] GC(35) Survivor regions: 2->0(40)
[29.189s][info][gc,heap        ] GC(35) Old regions: 13->13
[29.190s][info][gc,heap        ] GC(35) Archive regions: 0->0
[29.190s][info][gc,heap        ] GC(35) Humongous regions: 0->0
[29.190s][info][gc,metaspace   ] GC(35) Metaspace: 9867K(10176K)->9867K(10176K) NonClass: 8563K(8768K)->8563K(8768K) Class: 1304K(1408K)->1304K(1408K)
[29.190s][info][gc             ] GC(35) Pause Full (System.gc()) 257M->3M(44M) 19.471ms
[29.190s][info][gc,cpu         ] GC(35) User=0.03s Sys=0.16s Real=0.02s
[29.295s][info][gc,start       ] GC(36) Pause Young (Normal) (G1 Evacuation Pause)
[29.295s][info][gc,task        ] GC(36) Using 7 workers of 33 for evacuation
[29.296s][info][gc,phases      ] GC(36)   Pre Evacuate Collection Set: 0.1ms
[29.297s][info][gc,phases      ] GC(36)   Merge Heap Roots: 0.1ms
[29.297s][info][gc,phases      ] GC(36)   Evacuate Collection Set: 1.2ms
[29.297s][info][gc,phases      ] GC(36)   Post Evacuate Collection Set: 0.3ms
[29.297s][info][gc,phases      ] GC(36)   Other: 0.1ms
[29.297s][info][gc,heap        ] GC(36) Eden regions: 26->0(24)
[29.297s][info][gc,heap        ] GC(36) Survivor regions: 0->2(4)
[29.297s][info][gc,heap        ] GC(36) Old regions: 13->13
[29.297s][info][gc,heap        ] GC(36) Archive regions: 0->0
[29.297s][info][gc,heap        ] GC(36) Humongous regions: 0->0
[29.297s][info][gc,metaspace   ] GC(36) Metaspace: 9869K(10176K)->9869K(10176K) NonClass: 8565K(8768K)->8565K(8768K) Class: 1304K(1408K)->1304K(1408K)
[29.297s][info][gc             ] GC(36) Pause Young (Normal) (G1 Evacuation Pause) 29M->5M(44M) 2.325ms
[29.297s][info][gc,cpu         ] GC(36) User=0.00s Sys=0.00s Real=0.00s
[29.401s][info][gc,start       ] GC(37) Pause Young (Normal) (G1 Evacuation Pause)
[29.402s][info][gc,task        ] GC(37) Using 4 workers of 33 for evacuation
[29.404s][info][gc,phases      ] GC(37)   Pre Evacuate Collection Set: 0.1ms
[29.404s][info][gc,phases      ] GC(37)   Merge Heap Roots: 0.1ms
[29.404s][info][gc,phases      ] GC(37)   Evacuate Collection Set: 1.7ms
[29.404s][info][gc,phases      ] GC(37)   Post Evacuate Collection Set: 0.3ms
[29.404s][info][gc,phases      ] GC(37)   Other: 0.1ms
[29.404s][info][gc,heap        ] GC(37) Eden regions: 24->0(24)
[29.404s][info][gc,heap        ] GC(37) Survivor regions: 2->2(4)
[29.404s][info][gc,heap        ] GC(37) Old regions: 13->13
[29.404s][info][gc,heap        ] GC(37) Archive regions: 0->0
[29.404s][info][gc,heap        ] GC(37) Humongous regions: 0->0
[29.404s][info][gc,metaspace   ] GC(37) Metaspace: 9869K(10176K)->9869K(10176K) NonClass: 8565K(8768K)->8565K(8768K) Class: 1304K(1408K)->1304K(1408K)
[29.404s][info][gc             ] GC(37) Pause Young (Normal) (G1 Evacuation Pause) 29M->5M(44M) 2.739ms
[29.404s][info][gc,cpu         ] GC(37) User=0.00s Sys=0.00s Real=0.00s
[29.501s][info][gc,start       ] GC(38) Pause Young (Normal) (G1 Evacuation Pause)
[29.501s][info][gc,task        ] GC(38) Using 3 workers of 33 for evacuation
[29.510s][info][gc,phases      ] GC(38)   Pre Evacuate Collection Set: 0.1ms
[29.510s][info][gc,phases      ] GC(38)   Merge Heap Roots: 0.1ms
[29.510s][info][gc,phases      ] GC(38)   Evacuate Collection Set: 2.2ms
[29.510s][info][gc,phases      ] GC(38)   Post Evacuate Collection Set: 6.4ms
[29.510s][info][gc,phases      ] GC(38)   Other: 0.1ms
[29.510s][info][gc,heap        ] GC(38) Eden regions: 24->0(318)
[29.510s][info][gc,heap        ] GC(38) Survivor regions: 2->2(4)
[29.510s][info][gc,heap        ] GC(38) Old regions: 13->13
[29.510s][info][gc,heap        ] GC(38) Archive regions: 0->0
[29.510s][info][gc,heap        ] GC(38) Humongous regions: 0->0
[29.510s][info][gc,metaspace   ] GC(38) Metaspace: 9869K(10176K)->9869K(10176K) NonClass: 8565K(8768K)->8565K(8768K) Class: 1304K(1408K)->1304K(1408K)
[29.510s][info][gc             ] GC(38) Pause Young (Normal) (G1 Evacuation Pause) 29M->5M(534M) 9.400ms
[29.510s][info][gc,cpu         ] GC(38) User=0.02s Sys=0.00s Real=0.02s
[30.921s][info][gc,start       ] GC(39) Pause Young (Normal) (G1 Evacuation Pause)
[30.921s][info][gc,task        ] GC(39) Using 12 workers of 33 for evacuation
[30.923s][info][gc,phases      ] GC(39)   Pre Evacuate Collection Set: 0.2ms
[30.923s][info][gc,phases      ] GC(39)   Merge Heap Roots: 0.2ms
[30.923s][info][gc,phases      ] GC(39)   Evacuate Collection Set: 1.0ms
[30.923s][info][gc,phases      ] GC(39)   Post Evacuate Collection Set: 0.5ms
[30.923s][info][gc,phases      ] GC(39)   Other: 0.2ms
[30.923s][info][gc,heap        ] GC(39) Eden regions: 318->0(318)
[30.923s][info][gc,heap        ] GC(39) Survivor regions: 2->2(40)
[30.923s][info][gc,heap        ] GC(39) Old regions: 13->13
[30.923s][info][gc,heap        ] GC(39) Archive regions: 0->0
[30.923s][info][gc,heap        ] GC(39) Humongous regions: 0->0
[30.923s][info][gc,metaspace   ] GC(39) Metaspace: 9869K(10176K)->9869K(10176K) NonClass: 8565K(8768K)->8565K(8768K) Class: 1304K(1408K)->1304K(1408K)
[30.923s][info][gc             ] GC(39) Pause Young (Normal) (G1 Evacuation Pause) 323M->5M(534M) 2.530ms
[30.924s][info][gc,cpu         ] GC(39) User=0.00s Sys=0.00s Real=0.00s
[32.257s][info][gc,start       ] GC(40) Pause Young (Normal) (G1 Evacuation Pause)
[32.257s][info][gc,task        ] GC(40) Using 12 workers of 33 for evacuation
[32.259s][info][gc,phases      ] GC(40)   Pre Evacuate Collection Set: 0.2ms
[32.259s][info][gc,phases      ] GC(40)   Merge Heap Roots: 0.2ms
[32.259s][info][gc,phases      ] GC(40)   Evacuate Collection Set: 1.0ms
[32.259s][info][gc,phases      ] GC(40)   Post Evacuate Collection Set: 0.5ms
[32.259s][info][gc,phases      ] GC(40)   Other: 0.2ms
[32.259s][info][gc,heap        ] GC(40) Eden regions: 318->0(318)
[32.259s][info][gc,heap        ] GC(40) Survivor regions: 2->2(40)
[32.259s][info][gc,heap        ] GC(40) Old regions: 13->13
[32.259s][info][gc,heap        ] GC(40) Archive regions: 0->0
[32.259s][info][gc,heap        ] GC(40) Humongous regions: 0->0
[32.259s][info][gc,metaspace   ] GC(40) Metaspace: 9869K(10176K)->9869K(10176K) NonClass: 8565K(8768K)->8565K(8768K) Class: 1304K(1408K)->1304K(1408K)
[32.260s][info][gc             ] GC(40) Pause Young (Normal) (G1 Evacuation Pause) 323M->5M(534M) 2.495ms
[32.260s][info][gc,cpu         ] GC(40) User=0.00s Sys=0.00s Real=0.00s
[33.597s][info][gc,start       ] GC(41) Pause Young (Normal) (G1 Evacuation Pause)
[33.597s][info][gc,task        ] GC(41) Using 12 workers of 33 for evacuation
[33.599s][info][gc,phases      ] GC(41)   Pre Evacuate Collection Set: 0.2ms
[33.599s][info][gc,phases      ] GC(41)   Merge Heap Roots: 0.2ms
[33.599s][info][gc,phases      ] GC(41)   Evacuate Collection Set: 0.8ms
[33.599s][info][gc,phases      ] GC(41)   Post Evacuate Collection Set: 0.5ms
[33.599s][info][gc,phases      ] GC(41)   Other: 0.2ms
[33.599s][info][gc,heap        ] GC(41) Eden regions: 318->0(318)
[33.599s][info][gc,heap        ] GC(41) Survivor regions: 2->2(40)
[33.599s][info][gc,heap        ] GC(41) Old regions: 13->13
[33.599s][info][gc,heap        ] GC(41) Archive regions: 0->0
[33.599s][info][gc,heap        ] GC(41) Humongous regions: 0->0
[33.599s][info][gc,metaspace   ] GC(41) Metaspace: 9869K(10176K)->9869K(10176K) NonClass: 8565K(8768K)->8565K(8768K) Class: 1304K(1408K)->1304K(1408K)
[33.599s][info][gc             ] GC(41) Pause Young (Normal) (G1 Evacuation Pause) 323M->5M(534M) 2.318ms
[33.599s][info][gc,cpu         ] GC(41) User=0.00s Sys=0.00s Real=0.00s
[34.924s][info][gc,start       ] GC(42) Pause Young (Normal) (G1 Evacuation Pause)
[34.924s][info][gc,task        ] GC(42) Using 12 workers of 33 for evacuation
[34.926s][info][gc,phases      ] GC(42)   Pre Evacuate Collection Set: 0.2ms
[34.926s][info][gc,phases      ] GC(42)   Merge Heap Roots: 0.2ms
[34.926s][info][gc,phases      ] GC(42)   Evacuate Collection Set: 0.7ms
[34.926s][info][gc,phases      ] GC(42)   Post Evacuate Collection Set: 0.5ms
[34.926s][info][gc,phases      ] GC(42)   Other: 0.2ms
[34.926s][info][gc,heap        ] GC(42) Eden regions: 318->0(318)
[34.926s][info][gc,heap        ] GC(42) Survivor regions: 2->2(40)
[34.926s][info][gc,heap        ] GC(42) Old regions: 13->13
[34.926s][info][gc,heap        ] GC(42) Archive regions: 0->0
[34.926s][info][gc,heap        ] GC(42) Humongous regions: 0->0
[34.926s][info][gc,metaspace   ] GC(42) Metaspace: 9869K(10176K)->9869K(10176K) NonClass: 8565K(8768K)->8565K(8768K) Class: 1304K(1408K)->1304K(1408K)
[34.926s][info][gc             ] GC(42) Pause Young (Normal) (G1 Evacuation Pause) 323M->5M(534M) 2.339ms
[34.927s][info][gc,cpu         ] GC(42) User=0.02s Sys=0.00s Real=0.02s
[35.990s][info][gc,start       ] GC(43) Pause Full (System.gc())
[35.991s][info][gc,task        ] GC(43) Using 12 workers of 33 for full compaction
[35.991s][info][gc,phases,start] GC(43) Phase 1: Mark live objects
[35.995s][info][gc,phases      ] GC(43) Phase 1: Mark live objects 3.970ms
[35.995s][info][gc,phases,start] GC(43) Phase 2: Prepare compaction
[35.999s][info][gc,phases      ] GC(43) Phase 2: Prepare compaction 3.275ms
[35.999s][info][gc,phases,start] GC(43) Phase 3: Adjust pointers
[36.002s][info][gc,phases      ] GC(43) Phase 3: Adjust pointers 3.787ms
[36.002s][info][gc,phases,start] GC(43) Phase 4: Compact heap
[36.003s][info][gc,phases      ] GC(43) Phase 4: Compact heap 0.587ms
[36.009s][info][gc,heap        ] GC(43) Eden regions: 252->0(26)
[36.009s][info][gc,heap        ] GC(43) Survivor regions: 2->0(40)
[36.009s][info][gc,heap        ] GC(43) Old regions: 13->13
[36.009s][info][gc,heap        ] GC(43) Archive regions: 0->0
[36.009s][info][gc,heap        ] GC(43) Humongous regions: 0->0
[36.009s][info][gc,metaspace   ] GC(43) Metaspace: 9869K(10176K)->9869K(10176K) NonClass: 8565K(8768K)->8565K(8768K) Class: 1304K(1408K)->1304K(1408K)
[36.009s][info][gc             ] GC(43) Pause Full (System.gc()) 256M->3M(44M) 18.793ms
[36.009s][info][gc,cpu         ] GC(43) User=0.02s Sys=0.00s Real=0.02s
[36.111s][info][gc,start       ] GC(44) Pause Young (Normal) (G1 Evacuation Pause)
[36.111s][info][gc,task        ] GC(44) Using 7 workers of 33 for evacuation
[36.113s][info][gc,phases      ] GC(44)   Pre Evacuate Collection Set: 0.1ms
[36.113s][info][gc,phases      ] GC(44)   Merge Heap Roots: 0.1ms
[36.113s][info][gc,phases      ] GC(44)   Evacuate Collection Set: 1.2ms
[36.113s][info][gc,phases      ] GC(44)   Post Evacuate Collection Set: 0.3ms
[36.113s][info][gc,phases      ] GC(44)   Other: 0.1ms
[36.113s][info][gc,heap        ] GC(44) Eden regions: 26->0(24)
[36.113s][info][gc,heap        ] GC(44) Survivor regions: 0->2(4)
[36.113s][info][gc,heap        ] GC(44) Old regions: 13->13
[36.113s][info][gc,heap        ] GC(44) Archive regions: 0->0
[36.113s][info][gc,heap        ] GC(44) Humongous regions: 0->0
[36.113s][info][gc,metaspace   ] GC(44) Metaspace: 9870K(10176K)->9870K(10176K) NonClass: 8566K(8768K)->8566K(8768K) Class: 1304K(1408K)->1304K(1408K)
[36.113s][info][gc             ] GC(44) Pause Young (Normal) (G1 Evacuation Pause) 29M->5M(44M) 2.300ms
[36.113s][info][gc,cpu         ] GC(44) User=0.11s Sys=0.00s Real=0.01s
[36.212s][info][gc,start       ] GC(45) Pause Young (Normal) (G1 Evacuation Pause)
[36.212s][info][gc,task        ] GC(45) Using 4 workers of 33 for evacuation
[36.214s][info][gc,phases      ] GC(45)   Pre Evacuate Collection Set: 0.1ms
[36.214s][info][gc,phases      ] GC(45)   Merge Heap Roots: 0.1ms
[36.214s][info][gc,phases      ] GC(45)   Evacuate Collection Set: 1.8ms
[36.214s][info][gc,phases      ] GC(45)   Post Evacuate Collection Set: 0.3ms
[36.214s][info][gc,phases      ] GC(45)   Other: 0.1ms
[36.214s][info][gc,heap        ] GC(45) Eden regions: 24->0(24)
[36.214s][info][gc,heap        ] GC(45) Survivor regions: 2->2(4)
[36.215s][info][gc,heap        ] GC(45) Old regions: 13->13
[36.215s][info][gc,heap        ] GC(45) Archive regions: 0->0
[36.215s][info][gc,heap        ] GC(45) Humongous regions: 0->0
[36.215s][info][gc,metaspace   ] GC(45) Metaspace: 9870K(10176K)->9870K(10176K) NonClass: 8566K(8768K)->8566K(8768K) Class: 1304K(1408K)->1304K(1408K)
[36.215s][info][gc             ] GC(45) Pause Young (Normal) (G1 Evacuation Pause) 29M->5M(44M) 2.838ms
[36.215s][info][gc,cpu         ] GC(45) User=0.06s Sys=0.00s Real=0.02s
[36.311s][info][gc,start       ] GC(46) Pause Young (Normal) (G1 Evacuation Pause)
[36.311s][info][gc,task        ] GC(46) Using 3 workers of 33 for evacuation
[36.320s][info][gc,phases      ] GC(46)   Pre Evacuate Collection Set: 0.1ms
[36.320s][info][gc,phases      ] GC(46)   Merge Heap Roots: 0.1ms
[36.320s][info][gc,phases      ] GC(46)   Evacuate Collection Set: 2.4ms
[36.320s][info][gc,phases      ] GC(46)   Post Evacuate Collection Set: 6.4ms
[36.320s][info][gc,phases      ] GC(46)   Other: 0.1ms
[36.320s][info][gc,heap        ] GC(46) Eden regions: 24->0(318)
[36.320s][info][gc,heap        ] GC(46) Survivor regions: 2->2(4)
[36.320s][info][gc,heap        ] GC(46) Old regions: 13->13
[36.320s][info][gc,heap        ] GC(46) Archive regions: 0->0
[36.320s][info][gc,heap        ] GC(46) Humongous regions: 0->0
[36.320s][info][gc,metaspace   ] GC(46) Metaspace: 9870K(10176K)->9870K(10176K) NonClass: 8566K(8768K)->8566K(8768K) Class: 1304K(1408K)->1304K(1408K)
[36.320s][info][gc             ] GC(46) Pause Young (Normal) (G1 Evacuation Pause) 29M->5M(534M) 9.487ms
[36.320s][info][gc,cpu         ] GC(46) User=0.00s Sys=0.00s Real=0.00s
[37.746s][info][gc,start       ] GC(47) Pause Young (Normal) (G1 Evacuation Pause)
[37.746s][info][gc,task        ] GC(47) Using 12 workers of 33 for evacuation
[37.748s][info][gc,phases      ] GC(47)   Pre Evacuate Collection Set: 0.2ms
[37.748s][info][gc,phases      ] GC(47)   Merge Heap Roots: 0.2ms
[37.748s][info][gc,phases      ] GC(47)   Evacuate Collection Set: 1.1ms
[37.748s][info][gc,phases      ] GC(47)   Post Evacuate Collection Set: 0.5ms
[37.748s][info][gc,phases      ] GC(47)   Other: 0.2ms
[37.748s][info][gc,heap        ] GC(47) Eden regions: 318->0(318)
[37.748s][info][gc,heap        ] GC(47) Survivor regions: 2->2(40)
[37.748s][info][gc,heap        ] GC(47) Old regions: 13->13
[37.748s][info][gc,heap        ] GC(47) Archive regions: 0->0
[37.748s][info][gc,heap        ] GC(47) Humongous regions: 0->0
[37.748s][info][gc,metaspace   ] GC(47) Metaspace: 9870K(10176K)->9870K(10176K) NonClass: 8566K(8768K)->8566K(8768K) Class: 1304K(1408K)->1304K(1408K)
[37.748s][info][gc             ] GC(47) Pause Young (Normal) (G1 Evacuation Pause) 323M->5M(534M) 2.554ms
[37.748s][info][gc,cpu         ] GC(47) User=0.00s Sys=0.00s Real=0.00s
[39.069s][info][gc,start       ] GC(48) Pause Young (Normal) (G1 Evacuation Pause)
[39.069s][info][gc,task        ] GC(48) Using 12 workers of 33 for evacuation
[39.071s][info][gc,phases      ] GC(48)   Pre Evacuate Collection Set: 0.2ms
[39.071s][info][gc,phases      ] GC(48)   Merge Heap Roots: 0.2ms
[39.071s][info][gc,phases      ] GC(48)   Evacuate Collection Set: 1.2ms
[39.071s][info][gc,phases      ] GC(48)   Post Evacuate Collection Set: 0.6ms
[39.072s][info][gc,phases      ] GC(48)   Other: 0.2ms
[39.072s][info][gc,heap        ] GC(48) Eden regions: 318->0(318)
[39.072s][info][gc,heap        ] GC(48) Survivor regions: 2->2(40)
[39.072s][info][gc,heap        ] GC(48) Old regions: 13->13
[39.072s][info][gc,heap        ] GC(48) Archive regions: 0->0
[39.072s][info][gc,heap        ] GC(48) Humongous regions: 0->0
[39.072s][info][gc,metaspace   ] GC(48) Metaspace: 9870K(10176K)->9870K(10176K) NonClass: 8566K(8768K)->8566K(8768K) Class: 1304K(1408K)->1304K(1408K)
[39.072s][info][gc             ] GC(48) Pause Young (Normal) (G1 Evacuation Pause) 323M->5M(534M) 2.843ms
[39.072s][info][gc,cpu         ] GC(48) User=0.02s Sys=0.00s Real=0.02s
[40.401s][info][gc,start       ] GC(49) Pause Young (Normal) (G1 Evacuation Pause)
[40.402s][info][gc,task        ] GC(49) Using 12 workers of 33 for evacuation
[40.403s][info][gc,phases      ] GC(49)   Pre Evacuate Collection Set: 0.2ms
[40.403s][info][gc,phases      ] GC(49)   Merge Heap Roots: 0.2ms
[40.403s][info][gc,phases      ] GC(49)   Evacuate Collection Set: 0.9ms
[40.403s][info][gc,phases      ] GC(49)   Post Evacuate Collection Set: 0.5ms
[40.404s][info][gc,phases      ] GC(49)   Other: 0.2ms
[40.404s][info][gc,heap        ] GC(49) Eden regions: 318->0(318)
[40.404s][info][gc,heap        ] GC(49) Survivor regions: 2->2(40)
[40.404s][info][gc,heap        ] GC(49) Old regions: 13->13
[40.404s][info][gc,heap        ] GC(49) Archive regions: 0->0
[40.404s][info][gc,heap        ] GC(49) Humongous regions: 0->0
[40.404s][info][gc,metaspace   ] GC(49) Metaspace: 9870K(10176K)->9870K(10176K) NonClass: 8566K(8768K)->8566K(8768K) Class: 1304K(1408K)->1304K(1408K)
[40.404s][info][gc             ] GC(49) Pause Young (Normal) (G1 Evacuation Pause) 323M->5M(534M) 2.402ms
[40.404s][info][gc,cpu         ] GC(49) User=0.00s Sys=0.00s Real=0.00s
[41.741s][info][gc,start       ] GC(50) Pause Young (Normal) (G1 Evacuation Pause)
[41.741s][info][gc,task        ] GC(50) Using 12 workers of 33 for evacuation
[41.743s][info][gc,phases      ] GC(50)   Pre Evacuate Collection Set: 0.2ms
[41.743s][info][gc,phases      ] GC(50)   Merge Heap Roots: 0.2ms
[41.743s][info][gc,phases      ] GC(50)   Evacuate Collection Set: 0.9ms
[41.743s][info][gc,phases      ] GC(50)   Post Evacuate Collection Set: 0.5ms
[41.743s][info][gc,phases      ] GC(50)   Other: 0.2ms
[41.743s][info][gc,heap        ] GC(50) Eden regions: 318->0(318)
[41.743s][info][gc,heap        ] GC(50) Survivor regions: 2->2(40)
[41.743s][info][gc,heap        ] GC(50) Old regions: 13->13
[41.743s][info][gc,heap        ] GC(50) Archive regions: 0->0
[41.743s][info][gc,heap        ] GC(50) Humongous regions: 0->0
[41.743s][info][gc,metaspace   ] GC(50) Metaspace: 9870K(10176K)->9870K(10176K) NonClass: 8566K(8768K)->8566K(8768K) Class: 1304K(1408K)->1304K(1408K)
[41.743s][info][gc             ] GC(50) Pause Young (Normal) (G1 Evacuation Pause) 323M->5M(534M) 2.411ms
[41.743s][info][gc,cpu         ] GC(50) User=0.00s Sys=0.00s Real=0.00s
[42.821s][info][gc,start       ] GC(51) Pause Full (System.gc())
[42.821s][info][gc,task        ] GC(51) Using 12 workers of 33 for full compaction
[42.822s][info][gc,phases,start] GC(51) Phase 1: Mark live objects
[42.826s][info][gc,phases      ] GC(51) Phase 1: Mark live objects 4.337ms
[42.826s][info][gc,phases,start] GC(51) Phase 2: Prepare compaction
[42.830s][info][gc,phases      ] GC(51) Phase 2: Prepare compaction 3.636ms
[42.830s][info][gc,phases,start] GC(51) Phase 3: Adjust pointers
[42.833s][info][gc,phases      ] GC(51) Phase 3: Adjust pointers 3.844ms
[42.833s][info][gc,phases,start] GC(51) Phase 4: Compact heap
[42.834s][info][gc,phases      ] GC(51) Phase 4: Compact heap 0.605ms
[42.840s][info][gc,heap        ] GC(51) Eden regions: 255->0(26)
[42.840s][info][gc,heap        ] GC(51) Survivor regions: 2->0(40)
[42.840s][info][gc,heap        ] GC(51) Old regions: 13->13
[42.840s][info][gc,heap        ] GC(51) Archive regions: 0->0
[42.840s][info][gc,heap        ] GC(51) Humongous regions: 0->0
[42.840s][info][gc,metaspace   ] GC(51) Metaspace: 9870K(10176K)->9870K(10176K) NonClass: 8566K(8768K)->8566K(8768K) Class: 1304K(1408K)->1304K(1408K)
[42.840s][info][gc             ] GC(51) Pause Full (System.gc()) 259M->3M(44M) 19.735ms
[42.841s][info][gc,cpu         ] GC(51) User=0.19s Sys=0.02s Real=0.03s
[42.946s][info][gc,start       ] GC(52) Pause Young (Normal) (G1 Evacuation Pause)
[42.946s][info][gc,task        ] GC(52) Using 7 workers of 33 for evacuation
[42.948s][info][gc,phases      ] GC(52)   Pre Evacuate Collection Set: 0.1ms
[42.948s][info][gc,phases      ] GC(52)   Merge Heap Roots: 0.1ms
[42.948s][info][gc,phases      ] GC(52)   Evacuate Collection Set: 1.2ms
[42.948s][info][gc,phases      ] GC(52)   Post Evacuate Collection Set: 0.5ms
[42.948s][info][gc,phases      ] GC(52)   Other: 0.1ms
[42.948s][info][gc,heap        ] GC(52) Eden regions: 26->0(24)
[42.948s][info][gc,heap        ] GC(52) Survivor regions: 0->2(4)
[42.948s][info][gc,heap        ] GC(52) Old regions: 13->13
[42.948s][info][gc,heap        ] GC(52) Archive regions: 0->0
[42.948s][info][gc,heap        ] GC(52) Humongous regions: 0->0
[42.948s][info][gc,metaspace   ] GC(52) Metaspace: 9871K(10176K)->9871K(10176K) NonClass: 8567K(8768K)->8567K(8768K) Class: 1304K(1408K)->1304K(1408K)
[42.948s][info][gc             ] GC(52) Pause Young (Normal) (G1 Evacuation Pause) 29M->5M(44M) 2.428ms
[42.948s][info][gc,cpu         ] GC(52) User=0.00s Sys=0.00s Real=0.00s
[43.050s][info][gc,start       ] GC(53) Pause Young (Normal) (G1 Evacuation Pause)
[43.050s][info][gc,task        ] GC(53) Using 4 workers of 33 for evacuation
[43.052s][info][gc,phases      ] GC(53)   Pre Evacuate Collection Set: 0.1ms
[43.052s][info][gc,phases      ] GC(53)   Merge Heap Roots: 0.1ms
[43.052s][info][gc,phases      ] GC(53)   Evacuate Collection Set: 1.5ms
[43.052s][info][gc,phases      ] GC(53)   Post Evacuate Collection Set: 0.4ms
[43.052s][info][gc,phases      ] GC(53)   Other: 0.1ms
[43.052s][info][gc,heap        ] GC(53) Eden regions: 24->0(24)
[43.052s][info][gc,heap        ] GC(53) Survivor regions: 2->2(4)
[43.052s][info][gc,heap        ] GC(53) Old regions: 13->13
[43.053s][info][gc,heap        ] GC(53) Archive regions: 0->0
[43.053s][info][gc,heap        ] GC(53) Humongous regions: 0->0
[43.053s][info][gc,metaspace   ] GC(53) Metaspace: 9871K(10176K)->9871K(10176K) NonClass: 8567K(8768K)->8567K(8768K) Class: 1304K(1408K)->1304K(1408K)
[43.053s][info][gc             ] GC(53) Pause Young (Normal) (G1 Evacuation Pause) 29M->5M(44M) 2.637ms
[43.053s][info][gc,cpu         ] GC(53) User=0.00s Sys=0.00s Real=0.00s
[43.147s][info][gc,start       ] GC(54) Pause Young (Normal) (G1 Evacuation Pause)
[43.147s][info][gc,task        ] GC(54) Using 3 workers of 33 for evacuation
[43.156s][info][gc,phases      ] GC(54)   Pre Evacuate Collection Set: 0.1ms
[43.156s][info][gc,phases      ] GC(54)   Merge Heap Roots: 0.1ms
[43.156s][info][gc,phases      ] GC(54)   Evacuate Collection Set: 2.1ms
[43.156s][info][gc,phases      ] GC(54)   Post Evacuate Collection Set: 6.5ms
[43.156s][info][gc,phases      ] GC(54)   Other: 0.1ms
[43.156s][info][gc,heap        ] GC(54) Eden regions: 24->0(318)
[43.156s][info][gc,heap        ] GC(54) Survivor regions: 2->2(4)
[43.156s][info][gc,heap        ] GC(54) Old regions: 13->13
[43.156s][info][gc,heap        ] GC(54) Archive regions: 0->0
[43.156s][info][gc,heap        ] GC(54) Humongous regions: 0->0
[43.156s][info][gc,metaspace   ] GC(54) Metaspace: 9871K(10176K)->9871K(10176K) NonClass: 8567K(8768K)->8567K(8768K) Class: 1304K(1408K)->1304K(1408K)
[43.156s][info][gc             ] GC(54) Pause Young (Normal) (G1 Evacuation Pause) 29M->5M(534M) 9.293ms
[43.156s][info][gc,cpu         ] GC(54) User=0.02s Sys=0.00s Real=0.02s
[44.581s][info][gc,start       ] GC(55) Pause Young (Normal) (G1 Evacuation Pause)
[44.581s][info][gc,task        ] GC(55) Using 12 workers of 33 for evacuation
[44.583s][info][gc,phases      ] GC(55)   Pre Evacuate Collection Set: 0.1ms
[44.583s][info][gc,phases      ] GC(55)   Merge Heap Roots: 0.2ms
[44.583s][info][gc,phases      ] GC(55)   Evacuate Collection Set: 1.3ms
[44.583s][info][gc,phases      ] GC(55)   Post Evacuate Collection Set: 0.5ms
[44.583s][info][gc,phases      ] GC(55)   Other: 0.2ms
[44.583s][info][gc,heap        ] GC(55) Eden regions: 318->0(318)
[44.583s][info][gc,heap        ] GC(55) Survivor regions: 2->2(40)
[44.583s][info][gc,heap        ] GC(55) Old regions: 13->13
[44.583s][info][gc,heap        ] GC(55) Archive regions: 0->0
[44.583s][info][gc,heap        ] GC(55) Humongous regions: 0->0
[44.583s][info][gc,metaspace   ] GC(55) Metaspace: 9871K(10176K)->9871K(10176K) NonClass: 8567K(8768K)->8567K(8768K) Class: 1304K(1408K)->1304K(1408K)
[44.583s][info][gc             ] GC(55) Pause Young (Normal) (G1 Evacuation Pause) 323M->5M(534M) 2.701ms
[44.583s][info][gc,cpu         ] GC(55) User=0.00s Sys=0.00s Real=0.00s
[45.907s][info][gc,start       ] GC(56) Pause Young (Normal) (G1 Evacuation Pause)
[45.907s][info][gc,task        ] GC(56) Using 12 workers of 33 for evacuation
[45.909s][info][gc,phases      ] GC(56)   Pre Evacuate Collection Set: 0.1ms
[45.909s][info][gc,phases      ] GC(56)   Merge Heap Roots: 0.2ms
[45.909s][info][gc,phases      ] GC(56)   Evacuate Collection Set: 1.2ms
[45.909s][info][gc,phases      ] GC(56)   Post Evacuate Collection Set: 0.6ms
[45.909s][info][gc,phases      ] GC(56)   Other: 0.2ms
[45.909s][info][gc,heap        ] GC(56) Eden regions: 318->0(318)
[45.909s][info][gc,heap        ] GC(56) Survivor regions: 2->2(40)
[45.910s][info][gc,heap        ] GC(56) Old regions: 13->13
[45.910s][info][gc,heap        ] GC(56) Archive regions: 0->0
[45.910s][info][gc,heap        ] GC(56) Humongous regions: 0->0
[45.910s][info][gc,metaspace   ] GC(56) Metaspace: 9871K(10176K)->9871K(10176K) NonClass: 8567K(8768K)->8567K(8768K) Class: 1304K(1408K)->1304K(1408K)
[45.910s][info][gc             ] GC(56) Pause Young (Normal) (G1 Evacuation Pause) 323M->5M(534M) 2.820ms
[45.910s][info][gc,cpu         ] GC(56) User=0.00s Sys=0.00s Real=0.00s
[47.236s][info][gc,start       ] GC(57) Pause Young (Normal) (G1 Evacuation Pause)
[47.236s][info][gc,task        ] GC(57) Using 12 workers of 33 for evacuation
[47.238s][info][gc,phases      ] GC(57)   Pre Evacuate Collection Set: 0.1ms
[47.238s][info][gc,phases      ] GC(57)   Merge Heap Roots: 0.2ms
[47.238s][info][gc,phases      ] GC(57)   Evacuate Collection Set: 0.9ms
[47.238s][info][gc,phases      ] GC(57)   Post Evacuate Collection Set: 0.6ms
[47.238s][info][gc,phases      ] GC(57)   Other: 0.2ms
[47.238s][info][gc,heap        ] GC(57) Eden regions: 318->0(318)
[47.238s][info][gc,heap        ] GC(57) Survivor regions: 2->2(40)
[47.238s][info][gc,heap        ] GC(57) Old regions: 13->13
[47.238s][info][gc,heap        ] GC(57) Archive regions: 0->0
[47.238s][info][gc,heap        ] GC(57) Humongous regions: 0->0
[47.238s][info][gc,metaspace   ] GC(57) Metaspace: 9871K(10176K)->9871K(10176K) NonClass: 8567K(8768K)->8567K(8768K) Class: 1304K(1408K)->1304K(1408K)
[47.239s][info][gc             ] GC(57) Pause Young (Normal) (G1 Evacuation Pause) 323M->5M(534M) 2.454ms
[47.239s][info][gc,cpu         ] GC(57) User=0.00s Sys=0.00s Real=0.00s
[48.573s][info][gc,start       ] GC(58) Pause Young (Normal) (G1 Evacuation Pause)
[48.573s][info][gc,task        ] GC(58) Using 12 workers of 33 for evacuation
[48.575s][info][gc,phases      ] GC(58)   Pre Evacuate Collection Set: 0.1ms
[48.575s][info][gc,phases      ] GC(58)   Merge Heap Roots: 0.2ms
[48.575s][info][gc,phases      ] GC(58)   Evacuate Collection Set: 0.9ms
[48.575s][info][gc,phases      ] GC(58)   Post Evacuate Collection Set: 0.7ms
[48.575s][info][gc,phases      ] GC(58)   Other: 0.2ms
[48.575s][info][gc,heap        ] GC(58) Eden regions: 318->0(318)
[48.575s][info][gc,heap        ] GC(58) Survivor regions: 2->2(40)
[48.575s][info][gc,heap        ] GC(58) Old regions: 13->13
[48.575s][info][gc,heap        ] GC(58) Archive regions: 0->0
[48.575s][info][gc,heap        ] GC(58) Humongous regions: 0->0
[48.575s][info][gc,metaspace   ] GC(58) Metaspace: 9871K(10176K)->9871K(10176K) NonClass: 8567K(8768K)->8567K(8768K) Class: 1304K(1408K)->1304K(1408K)
[48.575s][info][gc             ] GC(58) Pause Young (Normal) (G1 Evacuation Pause) 323M->5M(534M) 2.594ms
[48.575s][info][gc,cpu         ] GC(58) User=0.02s Sys=0.00s Real=0.02s
[49.658s][info][gc,start       ] GC(59) Pause Full (System.gc())
[49.693s][info][gc,task        ] GC(59) Using 12 workers of 33 for full compaction
[49.694s][info][gc,phases,start] GC(59) Phase 1: Mark live objects
[49.699s][info][gc,phases      ] GC(59) Phase 1: Mark live objects 4.779ms
[49.699s][info][gc,phases,start] GC(59) Phase 2: Prepare compaction
[49.702s][info][gc,phases      ] GC(59) Phase 2: Prepare compaction 3.018ms
[49.702s][info][gc,phases,start] GC(59) Phase 3: Adjust pointers
[49.706s][info][gc,phases      ] GC(59) Phase 3: Adjust pointers 3.752ms
[49.706s][info][gc,phases,start] GC(59) Phase 4: Compact heap
[49.706s][info][gc,phases      ] GC(59) Phase 4: Compact heap 0.752ms
[49.712s][info][gc,heap        ] GC(59) Eden regions: 258->0(26)
[49.712s][info][gc,heap        ] GC(59) Survivor regions: 2->0(40)
[49.712s][info][gc,heap        ] GC(59) Old regions: 13->13
[49.713s][info][gc,heap        ] GC(59) Archive regions: 0->0
[49.713s][info][gc,heap        ] GC(59) Humongous regions: 0->0
[49.713s][info][gc,metaspace   ] GC(59) Metaspace: 9872K(10176K)->9872K(10176K) NonClass: 8568K(8768K)->8568K(8768K) Class: 1304K(1408K)->1304K(1408K)
[49.713s][info][gc             ] GC(59) Pause Full (System.gc()) 262M->3M(44M) 55.032ms
[49.713s][info][gc,cpu         ] GC(59) User=0.02s Sys=0.00s Real=0.05s
[49.812s][info][gc,start       ] GC(60) Pause Young (Normal) (G1 Evacuation Pause)
[49.812s][info][gc,task        ] GC(60) Using 7 workers of 33 for evacuation
[49.814s][info][gc,phases      ] GC(60)   Pre Evacuate Collection Set: 0.1ms
[49.814s][info][gc,phases      ] GC(60)   Merge Heap Roots: 0.1ms
[49.814s][info][gc,phases      ] GC(60)   Evacuate Collection Set: 1.2ms
[49.814s][info][gc,phases      ] GC(60)   Post Evacuate Collection Set: 0.3ms
[49.814s][info][gc,phases      ] GC(60)   Other: 0.1ms
[49.814s][info][gc,heap        ] GC(60) Eden regions: 26->0(24)
[49.814s][info][gc,heap        ] GC(60) Survivor regions: 0->2(4)
[49.814s][info][gc,heap        ] GC(60) Old regions: 13->13
[49.814s][info][gc,heap        ] GC(60) Archive regions: 0->0
[49.814s][info][gc,heap        ] GC(60) Humongous regions: 0->0
[49.814s][info][gc,metaspace   ] GC(60) Metaspace: 9873K(10176K)->9873K(10176K) NonClass: 8569K(8768K)->8569K(8768K) Class: 1304K(1408K)->1304K(1408K)
[49.814s][info][gc             ] GC(60) Pause Young (Normal) (G1 Evacuation Pause) 29M->5M(44M) 2.308ms
[49.814s][info][gc,cpu         ] GC(60) User=0.00s Sys=0.00s Real=0.00s
[49.918s][info][gc,start       ] GC(61) Pause Young (Normal) (G1 Evacuation Pause)
[49.918s][info][gc,task        ] GC(61) Using 4 workers of 33 for evacuation
[49.920s][info][gc,phases      ] GC(61)   Pre Evacuate Collection Set: 0.1ms
[49.920s][info][gc,phases      ] GC(61)   Merge Heap Roots: 0.1ms
[49.920s][info][gc,phases      ] GC(61)   Evacuate Collection Set: 1.5ms
[49.920s][info][gc,phases      ] GC(61)   Post Evacuate Collection Set: 0.2ms
[49.920s][info][gc,phases      ] GC(61)   Other: 0.1ms
[49.920s][info][gc,heap        ] GC(61) Eden regions: 24->0(24)
[49.920s][info][gc,heap        ] GC(61) Survivor regions: 2->2(4)
[49.920s][info][gc,heap        ] GC(61) Old regions: 13->13
[49.920s][info][gc,heap        ] GC(61) Archive regions: 0->0
[49.920s][info][gc,heap        ] GC(61) Humongous regions: 0->0
[49.920s][info][gc,metaspace   ] GC(61) Metaspace: 9873K(10176K)->9873K(10176K) NonClass: 8569K(8768K)->8569K(8768K) Class: 1304K(1408K)->1304K(1408K)
[49.920s][info][gc             ] GC(61) Pause Young (Normal) (G1 Evacuation Pause) 29M->5M(44M) 2.546ms
[49.920s][info][gc,cpu         ] GC(61) User=0.00s Sys=0.00s Real=0.00s
[50.013s][info][gc,start       ] GC(62) Pause Young (Normal) (G1 Evacuation Pause)
[50.013s][info][gc,task        ] GC(62) Using 3 workers of 33 for evacuation
[50.022s][info][gc,phases      ] GC(62)   Pre Evacuate Collection Set: 0.1ms
[50.022s][info][gc,phases      ] GC(62)   Merge Heap Roots: 0.1ms
[50.022s][info][gc,phases      ] GC(62)   Evacuate Collection Set: 2.3ms
[50.022s][info][gc,phases      ] GC(62)   Post Evacuate Collection Set: 6.0ms
[50.022s][info][gc,phases      ] GC(62)   Other: 0.1ms
[50.022s][info][gc,heap        ] GC(62) Eden regions: 24->0(318)
[50.022s][info][gc,heap        ] GC(62) Survivor regions: 2->2(4)
[50.022s][info][gc,heap        ] GC(62) Old regions: 13->13
[50.022s][info][gc,heap        ] GC(62) Archive regions: 0->0
[50.022s][info][gc,heap        ] GC(62) Humongous regions: 0->0
[50.022s][info][gc,metaspace   ] GC(62) Metaspace: 9873K(10176K)->9873K(10176K) NonClass: 8569K(8768K)->8569K(8768K) Class: 1304K(1408K)->1304K(1408K)
[50.022s][info][gc             ] GC(62) Pause Young (Normal) (G1 Evacuation Pause) 29M->5M(534M) 9.100ms
[50.022s][info][gc,cpu         ] GC(62) User=0.00s Sys=0.02s Real=0.02s
[51.437s][info][gc,start       ] GC(63) Pause Young (Normal) (G1 Evacuation Pause)
[51.437s][info][gc,task        ] GC(63) Using 12 workers of 33 for evacuation
[51.439s][info][gc,phases      ] GC(63)   Pre Evacuate Collection Set: 0.2ms
[51.439s][info][gc,phases      ] GC(63)   Merge Heap Roots: 0.2ms
[51.439s][info][gc,phases      ] GC(63)   Evacuate Collection Set: 1.2ms
[51.439s][info][gc,phases      ] GC(63)   Post Evacuate Collection Set: 0.5ms
[51.439s][info][gc,phases      ] GC(63)   Other: 0.2ms
[51.439s][info][gc,heap        ] GC(63) Eden regions: 318->0(318)
[51.439s][info][gc,heap        ] GC(63) Survivor regions: 2->2(40)
[51.439s][info][gc,heap        ] GC(63) Old regions: 13->13
[51.439s][info][gc,heap        ] GC(63) Archive regions: 0->0
[51.439s][info][gc,heap        ] GC(63) Humongous regions: 0->0
[51.439s][info][gc,metaspace   ] GC(63) Metaspace: 9873K(10176K)->9873K(10176K) NonClass: 8569K(8768K)->8569K(8768K) Class: 1304K(1408K)->1304K(1408K)
[51.439s][info][gc             ] GC(63) Pause Young (Normal) (G1 Evacuation Pause) 323M->5M(534M) 2.683ms
[51.439s][info][gc,cpu         ] GC(63) User=0.17s Sys=0.02s Real=0.02s
[52.768s][info][gc,start       ] GC(64) Pause Young (Normal) (G1 Evacuation Pause)
[52.768s][info][gc,task        ] GC(64) Using 12 workers of 33 for evacuation
[52.770s][info][gc,phases      ] GC(64)   Pre Evacuate Collection Set: 0.2ms
[52.770s][info][gc,phases      ] GC(64)   Merge Heap Roots: 0.2ms
[52.770s][info][gc,phases      ] GC(64)   Evacuate Collection Set: 1.1ms
[52.770s][info][gc,phases      ] GC(64)   Post Evacuate Collection Set: 0.5ms
[52.770s][info][gc,phases      ] GC(64)   Other: 0.2ms
[52.770s][info][gc,heap        ] GC(64) Eden regions: 318->0(318)
[52.770s][info][gc,heap        ] GC(64) Survivor regions: 2->2(40)
[52.770s][info][gc,heap        ] GC(64) Old regions: 13->13
[52.770s][info][gc,heap        ] GC(64) Archive regions: 0->0
[52.770s][info][gc,heap        ] GC(64) Humongous regions: 0->0
[52.771s][info][gc,metaspace   ] GC(64) Metaspace: 9873K(10176K)->9873K(10176K) NonClass: 8569K(8768K)->8569K(8768K) Class: 1304K(1408K)->1304K(1408K)
[52.771s][info][gc             ] GC(64) Pause Young (Normal) (G1 Evacuation Pause) 323M->5M(534M) 2.610ms
[52.771s][info][gc,cpu         ] GC(64) User=0.00s Sys=0.00s Real=0.00s
[54.106s][info][gc,start       ] GC(65) Pause Young (Normal) (G1 Evacuation Pause)
[54.106s][info][gc,task        ] GC(65) Using 12 workers of 33 for evacuation
[54.108s][info][gc,phases      ] GC(65)   Pre Evacuate Collection Set: 0.2ms
[54.108s][info][gc,phases      ] GC(65)   Merge Heap Roots: 0.2ms
[54.108s][info][gc,phases      ] GC(65)   Evacuate Collection Set: 0.9ms
[54.108s][info][gc,phases      ] GC(65)   Post Evacuate Collection Set: 0.5ms
[54.108s][info][gc,phases      ] GC(65)   Other: 0.2ms
[54.109s][info][gc,heap        ] GC(65) Eden regions: 318->0(318)
[54.109s][info][gc,heap        ] GC(65) Survivor regions: 2->2(40)
[54.109s][info][gc,heap        ] GC(65) Old regions: 13->13
[54.109s][info][gc,heap        ] GC(65) Archive regions: 0->0
[54.109s][info][gc,heap        ] GC(65) Humongous regions: 0->0
[54.109s][info][gc,metaspace   ] GC(65) Metaspace: 9873K(10176K)->9873K(10176K) NonClass: 8569K(8768K)->8569K(8768K) Class: 1304K(1408K)->1304K(1408K)
[54.109s][info][gc             ] GC(65) Pause Young (Normal) (G1 Evacuation Pause) 323M->5M(534M) 2.413ms
[54.109s][info][gc,cpu         ] GC(65) User=0.19s Sys=0.00s Real=0.02s
[55.451s][info][gc,start       ] GC(66) Pause Young (Normal) (G1 Evacuation Pause)
[55.452s][info][gc,task        ] GC(66) Using 12 workers of 33 for evacuation
[55.454s][info][gc,phases      ] GC(66)   Pre Evacuate Collection Set: 0.2ms
[55.454s][info][gc,phases      ] GC(66)   Merge Heap Roots: 0.2ms
[55.454s][info][gc,phases      ] GC(66)   Evacuate Collection Set: 1.0ms
[55.454s][info][gc,phases      ] GC(66)   Post Evacuate Collection Set: 0.5ms
[55.454s][info][gc,phases      ] GC(66)   Other: 0.2ms
[55.454s][info][gc,heap        ] GC(66) Eden regions: 318->0(318)
[55.454s][info][gc,heap        ] GC(66) Survivor regions: 2->2(40)
[55.454s][info][gc,heap        ] GC(66) Old regions: 13->13
[55.454s][info][gc,heap        ] GC(66) Archive regions: 0->0
[55.454s][info][gc,heap        ] GC(66) Humongous regions: 0->0
[55.454s][info][gc,metaspace   ] GC(66) Metaspace: 9873K(10176K)->9873K(10176K) NonClass: 8569K(8768K)->8569K(8768K) Class: 1304K(1408K)->1304K(1408K)
[55.454s][info][gc             ] GC(66) Pause Young (Normal) (G1 Evacuation Pause) 323M->5M(534M) 2.468ms
[55.454s][info][gc,cpu         ] GC(66) User=0.00s Sys=0.00s Real=0.00s
[56.524s][info][gc,start       ] GC(67) Pause Full (System.gc())
[56.524s][info][gc,task        ] GC(67) Using 12 workers of 33 for full compaction
[56.524s][info][gc,phases,start] GC(67) Phase 1: Mark live objects
[56.529s][info][gc,phases      ] GC(67) Phase 1: Mark live objects 4.853ms
[56.529s][info][gc,phases,start] GC(67) Phase 2: Prepare compaction
[56.533s][info][gc,phases      ] GC(67) Phase 2: Prepare compaction 3.670ms
[56.533s][info][gc,phases,start] GC(67) Phase 3: Adjust pointers
[56.537s][info][gc,phases      ] GC(67) Phase 3: Adjust pointers 3.769ms
[56.537s][info][gc,phases,start] GC(67) Phase 4: Compact heap
[56.538s][info][gc,phases      ] GC(67) Phase 4: Compact heap 0.630ms
[56.544s][info][gc,heap        ] GC(67) Eden regions: 254->0(26)
[56.544s][info][gc,heap        ] GC(67) Survivor regions: 2->0(40)
[56.544s][info][gc,heap        ] GC(67) Old regions: 13->13
[56.544s][info][gc,heap        ] GC(67) Archive regions: 0->0
[56.544s][info][gc,heap        ] GC(67) Humongous regions: 0->0
[56.544s][info][gc,metaspace   ] GC(67) Metaspace: 9873K(10176K)->9873K(10176K) NonClass: 8569K(8768K)->8569K(8768K) Class: 1304K(1408K)->1304K(1408K)
[56.544s][info][gc             ] GC(67) Pause Full (System.gc()) 259M->3M(44M) 20.176ms
[56.544s][info][gc,cpu         ] GC(67) User=0.17s Sys=0.02s Real=0.02s
[56.647s][info][gc,start       ] GC(68) Pause Young (Normal) (G1 Evacuation Pause)
[56.647s][info][gc,task        ] GC(68) Using 7 workers of 33 for evacuation
[56.648s][info][gc,phases      ] GC(68)   Pre Evacuate Collection Set: 0.1ms
[56.648s][info][gc,phases      ] GC(68)   Merge Heap Roots: 0.1ms
[56.648s][info][gc,phases      ] GC(68)   Evacuate Collection Set: 1.1ms
[56.648s][info][gc,phases      ] GC(68)   Post Evacuate Collection Set: 0.3ms
[56.648s][info][gc,phases      ] GC(68)   Other: 0.1ms
[56.648s][info][gc,heap        ] GC(68) Eden regions: 26->0(25)
[56.649s][info][gc,heap        ] GC(68) Survivor regions: 0->1(4)
[56.649s][info][gc,heap        ] GC(68) Old regions: 13->13
[56.649s][info][gc,heap        ] GC(68) Archive regions: 0->0
[56.649s][info][gc,heap        ] GC(68) Humongous regions: 0->0
[56.649s][info][gc,metaspace   ] GC(68) Metaspace: 9877K(10176K)->9877K(10176K) NonClass: 8572K(8768K)->8572K(8768K) Class: 1304K(1408K)->1304K(1408K)
[56.649s][info][gc             ] GC(68) Pause Young (Normal) (G1 Evacuation Pause) 29M->4M(44M) 2.123ms
[56.649s][info][gc,cpu         ] GC(68) User=0.00s Sys=0.00s Real=0.00s
[56.766s][info][gc,start       ] GC(69) Pause Young (Normal) (G1 Evacuation Pause)
[56.766s][info][gc,task        ] GC(69) Using 4 workers of 33 for evacuation
[56.769s][info][gc,phases      ] GC(69)   Pre Evacuate Collection Set: 0.1ms
[56.769s][info][gc,phases      ] GC(69)   Merge Heap Roots: 0.1ms
[56.769s][info][gc,phases      ] GC(69)   Evacuate Collection Set: 1.9ms
[56.769s][info][gc,phases      ] GC(69)   Post Evacuate Collection Set: 0.2ms
[56.769s][info][gc,phases      ] GC(69)   Other: 0.1ms
[56.769s][info][gc,heap        ] GC(69) Eden regions: 25->0(24)
[56.769s][info][gc,heap        ] GC(69) Survivor regions: 1->2(4)
[56.769s][info][gc,heap        ] GC(69) Old regions: 13->13
[56.769s][info][gc,heap        ] GC(69) Archive regions: 0->0
[56.769s][info][gc,heap        ] GC(69) Humongous regions: 0->0
[56.769s][info][gc,metaspace   ] GC(69) Metaspace: 9877K(10176K)->9877K(10176K) NonClass: 8572K(8768K)->8572K(8768K) Class: 1304K(1408K)->1304K(1408K)
[56.769s][info][gc             ] GC(69) Pause Young (Normal) (G1 Evacuation Pause) 29M->5M(44M) 2.870ms
[56.769s][info][gc,cpu         ] GC(69) User=0.00s Sys=0.00s Real=0.00s
[56.870s][info][gc,start       ] GC(70) Pause Young (Normal) (G1 Evacuation Pause)
[56.870s][info][gc,task        ] GC(70) Using 3 workers of 33 for evacuation
[56.879s][info][gc,phases      ] GC(70)   Pre Evacuate Collection Set: 0.1ms
[56.879s][info][gc,phases      ] GC(70)   Merge Heap Roots: 0.1ms
[56.879s][info][gc,phases      ] GC(70)   Evacuate Collection Set: 2.3ms
[56.879s][info][gc,phases      ] GC(70)   Post Evacuate Collection Set: 6.4ms
[56.879s][info][gc,phases      ] GC(70)   Other: 0.1ms
[56.879s][info][gc,heap        ] GC(70) Eden regions: 24->0(318)
[56.879s][info][gc,heap        ] GC(70) Survivor regions: 2->2(4)
[56.879s][info][gc,heap        ] GC(70) Old regions: 13->13
[56.879s][info][gc,heap        ] GC(70) Archive regions: 0->0
[56.879s][info][gc,heap        ] GC(70) Humongous regions: 0->0
[56.879s][info][gc,metaspace   ] GC(70) Metaspace: 9877K(10176K)->9877K(10176K) NonClass: 8572K(8768K)->8572K(8768K) Class: 1304K(1408K)->1304K(1408K)
[56.879s][info][gc             ] GC(70) Pause Young (Normal) (G1 Evacuation Pause) 29M->5M(534M) 9.453ms
[56.879s][info][gc,cpu         ] GC(70) User=0.00s Sys=0.02s Real=0.02s
[58.294s][info][gc,start       ] GC(71) Pause Young (Normal) (G1 Evacuation Pause)
[58.294s][info][gc,task        ] GC(71) Using 12 workers of 33 for evacuation
[58.296s][info][gc,phases      ] GC(71)   Pre Evacuate Collection Set: 0.2ms
[58.296s][info][gc,phases      ] GC(71)   Merge Heap Roots: 0.2ms
[58.296s][info][gc,phases      ] GC(71)   Evacuate Collection Set: 1.1ms
[58.296s][info][gc,phases      ] GC(71)   Post Evacuate Collection Set: 0.5ms
[58.296s][info][gc,phases      ] GC(71)   Other: 0.2ms
[58.296s][info][gc,heap        ] GC(71) Eden regions: 318->0(318)
[58.296s][info][gc,heap        ] GC(71) Survivor regions: 2->2(40)
[58.296s][info][gc,heap        ] GC(71) Old regions: 13->13
[58.296s][info][gc,heap        ] GC(71) Archive regions: 0->0
[58.296s][info][gc,heap        ] GC(71) Humongous regions: 0->0
[58.297s][info][gc,metaspace   ] GC(71) Metaspace: 9877K(10176K)->9877K(10176K) NonClass: 8572K(8768K)->8572K(8768K) Class: 1304K(1408K)->1304K(1408K)
[58.297s][info][gc             ] GC(71) Pause Young (Normal) (G1 Evacuation Pause) 323M->5M(534M) 2.604ms
[58.297s][info][gc,cpu         ] GC(71) User=0.00s Sys=0.02s Real=0.02s
[59.629s][info][gc,start       ] GC(72) Pause Young (Normal) (G1 Evacuation Pause)
[59.630s][info][gc,task        ] GC(72) Using 12 workers of 33 for evacuation
[59.631s][info][gc,phases      ] GC(72)   Pre Evacuate Collection Set: 0.2ms
[59.632s][info][gc,phases      ] GC(72)   Merge Heap Roots: 0.2ms
[59.632s][info][gc,phases      ] GC(72)   Evacuate Collection Set: 1.0ms
[59.632s][info][gc,phases      ] GC(72)   Post Evacuate Collection Set: 0.5ms
[59.632s][info][gc,phases      ] GC(72)   Other: 0.2ms
[59.632s][info][gc,heap        ] GC(72) Eden regions: 318->0(318)
[59.632s][info][gc,heap        ] GC(72) Survivor regions: 2->2(40)
[59.632s][info][gc,heap        ] GC(72) Old regions: 13->13
[59.632s][info][gc,heap        ] GC(72) Archive regions: 0->0
[59.632s][info][gc,heap        ] GC(72) Humongous regions: 0->0
[59.632s][info][gc,metaspace   ] GC(72) Metaspace: 9877K(10176K)->9877K(10176K) NonClass: 8572K(8768K)->8572K(8768K) Class: 1304K(1408K)->1304K(1408K)
[59.632s][info][gc             ] GC(72) Pause Young (Normal) (G1 Evacuation Pause) 323M->5M(534M) 2.474ms
[59.632s][info][gc,cpu         ] GC(72) User=0.00s Sys=0.00s Real=0.00s
[60.965s][info][gc,start       ] GC(73) Pause Young (Normal) (G1 Evacuation Pause)
[60.965s][info][gc,task        ] GC(73) Using 12 workers of 33 for evacuation
[60.967s][info][gc,phases      ] GC(73)   Pre Evacuate Collection Set: 0.2ms
[60.967s][info][gc,phases      ] GC(73)   Merge Heap Roots: 0.2ms
[60.967s][info][gc,phases      ] GC(73)   Evacuate Collection Set: 0.9ms
[60.967s][info][gc,phases      ] GC(73)   Post Evacuate Collection Set: 0.5ms
[60.967s][info][gc,phases      ] GC(73)   Other: 0.2ms
[60.967s][info][gc,heap        ] GC(73) Eden regions: 318->0(318)
[60.967s][info][gc,heap        ] GC(73) Survivor regions: 2->2(40)
[60.968s][info][gc,heap        ] GC(73) Old regions: 13->13
[60.968s][info][gc,heap        ] GC(73) Archive regions: 0->0
[60.968s][info][gc,heap        ] GC(73) Humongous regions: 0->0
[60.968s][info][gc,metaspace   ] GC(73) Metaspace: 9877K(10176K)->9877K(10176K) NonClass: 8572K(8768K)->8572K(8768K) Class: 1304K(1408K)->1304K(1408K)
[60.968s][info][gc             ] GC(73) Pause Young (Normal) (G1 Evacuation Pause) 323M->5M(534M) 2.383ms
[60.968s][info][gc,cpu         ] GC(73) User=0.02s Sys=0.00s Real=0.02s
[62.322s][info][gc,start       ] GC(74) Pause Young (Normal) (G1 Evacuation Pause)
[62.322s][info][gc,task        ] GC(74) Using 12 workers of 33 for evacuation
[62.324s][info][gc,phases      ] GC(74)   Pre Evacuate Collection Set: 0.2ms
[62.324s][info][gc,phases      ] GC(74)   Merge Heap Roots: 0.2ms
[62.324s][info][gc,phases      ] GC(74)   Evacuate Collection Set: 0.9ms
[62.324s][info][gc,phases      ] GC(74)   Post Evacuate Collection Set: 0.5ms
[62.324s][info][gc,phases      ] GC(74)   Other: 0.2ms
[62.324s][info][gc,heap        ] GC(74) Eden regions: 318->0(318)
[62.324s][info][gc,heap        ] GC(74) Survivor regions: 2->2(40)
[62.324s][info][gc,heap        ] GC(74) Old regions: 13->13
[62.324s][info][gc,heap        ] GC(74) Archive regions: 0->0
[62.324s][info][gc,heap        ] GC(74) Humongous regions: 0->0
[62.324s][info][gc,metaspace   ] GC(74) Metaspace: 9877K(10176K)->9877K(10176K) NonClass: 8572K(8768K)->8572K(8768K) Class: 1304K(1408K)->1304K(1408K)
[62.324s][info][gc             ] GC(74) Pause Young (Normal) (G1 Evacuation Pause) 323M->5M(534M) 2.394ms
[62.324s][info][gc,cpu         ] GC(74) User=0.02s Sys=0.00s Real=0.02s
[63.378s][info][gc,start       ] GC(75) Pause Full (System.gc())
[63.378s][info][gc,task        ] GC(75) Using 12 workers of 33 for full compaction
[63.378s][info][gc,phases,start] GC(75) Phase 1: Mark live objects
[63.383s][info][gc,phases      ] GC(75) Phase 1: Mark live objects 4.688ms
[63.383s][info][gc,phases,start] GC(75) Phase 2: Prepare compaction
[63.386s][info][gc,phases      ] GC(75) Phase 2: Prepare compaction 2.824ms
[63.386s][info][gc,phases,start] GC(75) Phase 3: Adjust pointers
[63.390s][info][gc,phases      ] GC(75) Phase 3: Adjust pointers 3.749ms
[63.390s][info][gc,phases,start] GC(75) Phase 4: Compact heap
[63.390s][info][gc,phases      ] GC(75) Phase 4: Compact heap 0.578ms
[63.396s][info][gc,heap        ] GC(75) Eden regions: 248->0(26)
[63.396s][info][gc,heap        ] GC(75) Survivor regions: 2->0(40)
[63.396s][info][gc,heap        ] GC(75) Old regions: 13->13
[63.396s][info][gc,heap        ] GC(75) Archive regions: 0->0
[63.397s][info][gc,heap        ] GC(75) Humongous regions: 0->0
[63.397s][info][gc,metaspace   ] GC(75) Metaspace: 9877K(10176K)->9877K(10176K) NonClass: 8572K(8768K)->8572K(8768K) Class: 1304K(1408K)->1304K(1408K)
[63.397s][info][gc             ] GC(75) Pause Full (System.gc()) 253M->3M(44M) 19.018ms
[63.397s][info][gc,cpu         ] GC(75) User=0.02s Sys=0.13s Real=0.02s
[63.500s][info][gc,start       ] GC(76) Pause Young (Normal) (G1 Evacuation Pause)
[63.500s][info][gc,task        ] GC(76) Using 7 workers of 33 for evacuation
[63.502s][info][gc,phases      ] GC(76)   Pre Evacuate Collection Set: 0.1ms
[63.502s][info][gc,phases      ] GC(76)   Merge Heap Roots: 0.1ms
[63.502s][info][gc,phases      ] GC(76)   Evacuate Collection Set: 1.4ms
[63.502s][info][gc,phases      ] GC(76)   Post Evacuate Collection Set: 0.3ms
[63.502s][info][gc,phases      ] GC(76)   Other: 0.1ms
[63.502s][info][gc,heap        ] GC(76) Eden regions: 26->0(24)
[63.502s][info][gc,heap        ] GC(76) Survivor regions: 0->2(4)
[63.502s][info][gc,heap        ] GC(76) Old regions: 13->13
[63.502s][info][gc,heap        ] GC(76) Archive regions: 0->0
[63.502s][info][gc,heap        ] GC(76) Humongous regions: 0->0
[63.502s][info][gc,metaspace   ] GC(76) Metaspace: 9877K(10176K)->9877K(10176K) NonClass: 8573K(8768K)->8573K(8768K) Class: 1304K(1408K)->1304K(1408K)
[63.502s][info][gc             ] GC(76) Pause Young (Normal) (G1 Evacuation Pause) 29M->5M(44M) 2.566ms
[63.502s][info][gc,cpu         ] GC(76) User=0.11s Sys=0.00s Real=0.02s
[63.602s][info][gc,start       ] GC(77) Pause Young (Normal) (G1 Evacuation Pause)
[63.603s][info][gc,task        ] GC(77) Using 4 workers of 33 for evacuation
[63.605s][info][gc,phases      ] GC(77)   Pre Evacuate Collection Set: 0.1ms
[63.605s][info][gc,phases      ] GC(77)   Merge Heap Roots: 0.1ms
[63.605s][info][gc,phases      ] GC(77)   Evacuate Collection Set: 1.9ms
[63.605s][info][gc,phases      ] GC(77)   Post Evacuate Collection Set: 0.2ms
[63.605s][info][gc,phases      ] GC(77)   Other: 0.1ms
[63.605s][info][gc,heap        ] GC(77) Eden regions: 24->0(24)
[63.605s][info][gc,heap        ] GC(77) Survivor regions: 2->2(4)
[63.605s][info][gc,heap        ] GC(77) Old regions: 13->13
[63.605s][info][gc,heap        ] GC(77) Archive regions: 0->0
[63.605s][info][gc,heap        ] GC(77) Humongous regions: 0->0
[63.605s][info][gc,metaspace   ] GC(77) Metaspace: 9877K(10176K)->9877K(10176K) NonClass: 8573K(8768K)->8573K(8768K) Class: 1304K(1408K)->1304K(1408K)
[63.605s][info][gc             ] GC(77) Pause Young (Normal) (G1 Evacuation Pause) 29M->5M(44M) 2.891ms
[63.605s][info][gc,cpu         ] GC(77) User=0.00s Sys=0.00s Real=0.00s
[63.701s][info][gc,start       ] GC(78) Pause Young (Normal) (G1 Evacuation Pause)
[63.702s][info][gc,task        ] GC(78) Using 3 workers of 33 for evacuation
[63.710s][info][gc,phases      ] GC(78)   Pre Evacuate Collection Set: 0.1ms
[63.710s][info][gc,phases      ] GC(78)   Merge Heap Roots: 0.1ms
[63.710s][info][gc,phases      ] GC(78)   Evacuate Collection Set: 2.2ms
[63.710s][info][gc,phases      ] GC(78)   Post Evacuate Collection Set: 6.4ms
[63.710s][info][gc,phases      ] GC(78)   Other: 0.1ms
[63.710s][info][gc,heap        ] GC(78) Eden regions: 24->0(318)
[63.710s][info][gc,heap        ] GC(78) Survivor regions: 2->2(4)
[63.711s][info][gc,heap        ] GC(78) Old regions: 13->13
[63.711s][info][gc,heap        ] GC(78) Archive regions: 0->0
[63.711s][info][gc,heap        ] GC(78) Humongous regions: 0->0
[63.711s][info][gc,metaspace   ] GC(78) Metaspace: 9877K(10176K)->9877K(10176K) NonClass: 8573K(8768K)->8573K(8768K) Class: 1304K(1408K)->1304K(1408K)
[63.711s][info][gc             ] GC(78) Pause Young (Normal) (G1 Evacuation Pause) 29M->5M(534M) 9.312ms
[63.711s][info][gc,cpu         ] GC(78) User=0.00s Sys=0.02s Real=0.02s
[65.128s][info][gc,start       ] GC(79) Pause Young (Normal) (G1 Evacuation Pause)
[65.129s][info][gc,task        ] GC(79) Using 12 workers of 33 for evacuation
[65.131s][info][gc,phases      ] GC(79)   Pre Evacuate Collection Set: 0.2ms
[65.131s][info][gc,phases      ] GC(79)   Merge Heap Roots: 0.2ms
[65.131s][info][gc,phases      ] GC(79)   Evacuate Collection Set: 1.1ms
[65.131s][info][gc,phases      ] GC(79)   Post Evacuate Collection Set: 0.5ms
[65.131s][info][gc,phases      ] GC(79)   Other: 0.2ms
[65.131s][info][gc,heap        ] GC(79) Eden regions: 318->0(318)
[65.131s][info][gc,heap        ] GC(79) Survivor regions: 2->2(40)
[65.131s][info][gc,heap        ] GC(79) Old regions: 13->13
[65.131s][info][gc,heap        ] GC(79) Archive regions: 0->0
[65.131s][info][gc,heap        ] GC(79) Humongous regions: 0->0
[65.131s][info][gc,metaspace   ] GC(79) Metaspace: 9877K(10176K)->9877K(10176K) NonClass: 8573K(8768K)->8573K(8768K) Class: 1304K(1408K)->1304K(1408K)
[65.131s][info][gc             ] GC(79) Pause Young (Normal) (G1 Evacuation Pause) 323M->5M(534M) 2.635ms
[65.131s][info][gc,cpu         ] GC(79) User=0.00s Sys=0.00s Real=0.00s
[66.464s][info][gc,start       ] GC(80) Pause Young (Normal) (G1 Evacuation Pause)
[66.464s][info][gc,task        ] GC(80) Using 12 workers of 33 for evacuation
[66.466s][info][gc,phases      ] GC(80)   Pre Evacuate Collection Set: 0.2ms
[66.466s][info][gc,phases      ] GC(80)   Merge Heap Roots: 0.2ms
[66.466s][info][gc,phases      ] GC(80)   Evacuate Collection Set: 1.1ms
[66.466s][info][gc,phases      ] GC(80)   Post Evacuate Collection Set: 0.5ms
[66.466s][info][gc,phases      ] GC(80)   Other: 0.2ms
[66.466s][info][gc,heap        ] GC(80) Eden regions: 318->0(318)
[66.467s][info][gc,heap        ] GC(80) Survivor regions: 2->2(40)
[66.467s][info][gc,heap        ] GC(80) Old regions: 13->13
[66.467s][info][gc,heap        ] GC(80) Archive regions: 0->0
[66.467s][info][gc,heap        ] GC(80) Humongous regions: 0->0
[66.467s][info][gc,metaspace   ] GC(80) Metaspace: 9877K(10176K)->9877K(10176K) NonClass: 8573K(8768K)->8573K(8768K) Class: 1304K(1408K)->1304K(1408K)
[66.467s][info][gc             ] GC(80) Pause Young (Normal) (G1 Evacuation Pause) 323M->5M(534M) 2.622ms
[66.467s][info][gc,cpu         ] GC(80) User=0.00s Sys=0.00s Real=0.00s
[67.788s][info][gc,start       ] GC(81) Pause Young (Normal) (G1 Evacuation Pause)
[67.788s][info][gc,task        ] GC(81) Using 12 workers of 33 for evacuation
[67.790s][info][gc,phases      ] GC(81)   Pre Evacuate Collection Set: 0.2ms
[67.790s][info][gc,phases      ] GC(81)   Merge Heap Roots: 0.2ms
[67.790s][info][gc,phases      ] GC(81)   Evacuate Collection Set: 0.9ms
[67.790s][info][gc,phases      ] GC(81)   Post Evacuate Collection Set: 0.5ms
[67.790s][info][gc,phases      ] GC(81)   Other: 0.2ms
[67.790s][info][gc,heap        ] GC(81) Eden regions: 318->0(318)
[67.790s][info][gc,heap        ] GC(81) Survivor regions: 2->2(40)
[67.790s][info][gc,heap        ] GC(81) Old regions: 13->13
[67.790s][info][gc,heap        ] GC(81) Archive regions: 0->0
[67.790s][info][gc,heap        ] GC(81) Humongous regions: 0->0
[67.790s][info][gc,metaspace   ] GC(81) Metaspace: 9877K(10176K)->9877K(10176K) NonClass: 8573K(8768K)->8573K(8768K) Class: 1304K(1408K)->1304K(1408K)
[67.790s][info][gc             ] GC(81) Pause Young (Normal) (G1 Evacuation Pause) 323M->5M(534M) 2.465ms
[67.791s][info][gc,cpu         ] GC(81) User=0.02s Sys=0.00s Real=0.02s
[69.123s][info][gc,start       ] GC(82) Pause Young (Normal) (G1 Evacuation Pause)
[69.123s][info][gc,task        ] GC(82) Using 12 workers of 33 for evacuation
[69.125s][info][gc,phases      ] GC(82)   Pre Evacuate Collection Set: 0.2ms
[69.125s][info][gc,phases      ] GC(82)   Merge Heap Roots: 0.2ms
[69.125s][info][gc,phases      ] GC(82)   Evacuate Collection Set: 0.9ms
[69.125s][info][gc,phases      ] GC(82)   Post Evacuate Collection Set: 0.5ms
[69.125s][info][gc,phases      ] GC(82)   Other: 0.2ms
[69.125s][info][gc,heap        ] GC(82) Eden regions: 318->0(318)
[69.125s][info][gc,heap        ] GC(82) Survivor regions: 2->2(40)
[69.125s][info][gc,heap        ] GC(82) Old regions: 13->13
[69.125s][info][gc,heap        ] GC(82) Archive regions: 0->0
[69.126s][info][gc,heap        ] GC(82) Humongous regions: 0->0
[69.126s][info][gc,metaspace   ] GC(82) Metaspace: 9877K(10176K)->9877K(10176K) NonClass: 8573K(8768K)->8573K(8768K) Class: 1304K(1408K)->1304K(1408K)
[69.126s][info][gc             ] GC(82) Pause Young (Normal) (G1 Evacuation Pause) 323M->5M(534M) 2.386ms
[69.126s][info][gc,cpu         ] GC(82) User=0.00s Sys=0.00s Real=0.00s
[70.185s][info][gc,start       ] GC(83) Pause Full (System.gc())
[70.185s][info][gc,task        ] GC(83) Using 12 workers of 33 for full compaction
[70.185s][info][gc,phases,start] GC(83) Phase 1: Mark live objects
[70.190s][info][gc,phases      ] GC(83) Phase 1: Mark live objects 4.850ms
[70.190s][info][gc,phases,start] GC(83) Phase 2: Prepare compaction
[70.194s][info][gc,phases      ] GC(83) Phase 2: Prepare compaction 3.594ms
[70.194s][info][gc,phases,start] GC(83) Phase 3: Adjust pointers
[70.198s][info][gc,phases      ] GC(83) Phase 3: Adjust pointers 3.733ms
[70.198s][info][gc,phases,start] GC(83) Phase 4: Compact heap
[70.198s][info][gc,phases      ] GC(83) Phase 4: Compact heap 0.578ms
[70.204s][info][gc,heap        ] GC(83) Eden regions: 254->0(26)
[70.204s][info][gc,heap        ] GC(83) Survivor regions: 2->0(40)
[70.205s][info][gc,heap        ] GC(83) Old regions: 13->13
[70.205s][info][gc,heap        ] GC(83) Archive regions: 0->0
[70.205s][info][gc,heap        ] GC(83) Humongous regions: 0->0
[70.205s][info][gc,metaspace   ] GC(83) Metaspace: 9877K(10176K)->9877K(10176K) NonClass: 8573K(8768K)->8573K(8768K) Class: 1304K(1408K)->1304K(1408K)
[70.205s][info][gc             ] GC(83) Pause Full (System.gc()) 258M->3M(44M) 19.953ms
[70.205s][info][gc,cpu         ] GC(83) User=0.06s Sys=0.13s Real=0.02s
[70.308s][info][gc,start       ] GC(84) Pause Young (Normal) (G1 Evacuation Pause)
[70.308s][info][gc,task        ] GC(84) Using 7 workers of 33 for evacuation
[70.310s][info][gc,phases      ] GC(84)   Pre Evacuate Collection Set: 0.1ms
[70.310s][info][gc,phases      ] GC(84)   Merge Heap Roots: 0.1ms
[70.310s][info][gc,phases      ] GC(84)   Evacuate Collection Set: 1.3ms
[70.310s][info][gc,phases      ] GC(84)   Post Evacuate Collection Set: 0.3ms
[70.310s][info][gc,phases      ] GC(84)   Other: 0.1ms
[70.310s][info][gc,heap        ] GC(84) Eden regions: 26->0(24)
[70.310s][info][gc,heap        ] GC(84) Survivor regions: 0->2(4)
[70.310s][info][gc,heap        ] GC(84) Old regions: 13->13
[70.310s][info][gc,heap        ] GC(84) Archive regions: 0->0
[70.311s][info][gc,heap        ] GC(84) Humongous regions: 0->0
[70.311s][info][gc,metaspace   ] GC(84) Metaspace: 9878K(10176K)->9878K(10176K) NonClass: 8573K(8768K)->8573K(8768K) Class: 1304K(1408K)->1304K(1408K)
[70.311s][info][gc             ] GC(84) Pause Young (Normal) (G1 Evacuation Pause) 29M->5M(44M) 2.358ms
[70.311s][info][gc,cpu         ] GC(84) User=0.00s Sys=0.00s Real=0.00s
[70.416s][info][gc,start       ] GC(85) Pause Young (Normal) (G1 Evacuation Pause)
[70.416s][info][gc,task        ] GC(85) Using 4 workers of 33 for evacuation
[70.419s][info][gc,phases      ] GC(85)   Pre Evacuate Collection Set: 0.1ms
[70.419s][info][gc,phases      ] GC(85)   Merge Heap Roots: 0.1ms
[70.419s][info][gc,phases      ] GC(85)   Evacuate Collection Set: 1.8ms
[70.419s][info][gc,phases      ] GC(85)   Post Evacuate Collection Set: 0.2ms
[70.419s][info][gc,phases      ] GC(85)   Other: 0.1ms
[70.419s][info][gc,heap        ] GC(85) Eden regions: 24->0(24)
[70.419s][info][gc,heap        ] GC(85) Survivor regions: 2->2(4)
[70.419s][info][gc,heap        ] GC(85) Old regions: 13->13
[70.419s][info][gc,heap        ] GC(85) Archive regions: 0->0
[70.419s][info][gc,heap        ] GC(85) Humongous regions: 0->0
[70.419s][info][gc,metaspace   ] GC(85) Metaspace: 9878K(10176K)->9878K(10176K) NonClass: 8573K(8768K)->8573K(8768K) Class: 1304K(1408K)->1304K(1408K)
[70.419s][info][gc             ] GC(85) Pause Young (Normal) (G1 Evacuation Pause) 29M->5M(44M) 2.795ms
[70.419s][info][gc,cpu         ] GC(85) User=0.00s Sys=0.00s Real=0.00s
[70.513s][info][gc,start       ] GC(86) Pause Young (Normal) (G1 Evacuation Pause)
[70.513s][info][gc,task        ] GC(86) Using 3 workers of 33 for evacuation
[70.522s][info][gc,phases      ] GC(86)   Pre Evacuate Collection Set: 0.1ms
[70.522s][info][gc,phases      ] GC(86)   Merge Heap Roots: 0.1ms
[70.522s][info][gc,phases      ] GC(86)   Evacuate Collection Set: 2.1ms
[70.522s][info][gc,phases      ] GC(86)   Post Evacuate Collection Set: 6.4ms
[70.522s][info][gc,phases      ] GC(86)   Other: 0.1ms
[70.522s][info][gc,heap        ] GC(86) Eden regions: 24->0(318)
[70.522s][info][gc,heap        ] GC(86) Survivor regions: 2->2(4)
[70.522s][info][gc,heap        ] GC(86) Old regions: 13->13
[70.522s][info][gc,heap        ] GC(86) Archive regions: 0->0
[70.522s][info][gc,heap        ] GC(86) Humongous regions: 0->0
[70.522s][info][gc,metaspace   ] GC(86) Metaspace: 9878K(10176K)->9878K(10176K) NonClass: 8573K(8768K)->8573K(8768K) Class: 1304K(1408K)->1304K(1408K)
[70.522s][info][gc             ] GC(86) Pause Young (Normal) (G1 Evacuation Pause) 29M->5M(534M) 9.259ms
[70.522s][info][gc,cpu         ] GC(86) User=0.00s Sys=0.02s Real=0.02s
[71.942s][info][gc,start       ] GC(87) Pause Young (Normal) (G1 Evacuation Pause)
[71.942s][info][gc,task        ] GC(87) Using 12 workers of 33 for evacuation
[71.944s][info][gc,phases      ] GC(87)   Pre Evacuate Collection Set: 0.2ms
[71.944s][info][gc,phases      ] GC(87)   Merge Heap Roots: 0.2ms
[71.944s][info][gc,phases      ] GC(87)   Evacuate Collection Set: 1.1ms
[71.944s][info][gc,phases      ] GC(87)   Post Evacuate Collection Set: 0.5ms
[71.944s][info][gc,phases      ] GC(87)   Other: 0.2ms
[71.944s][info][gc,heap        ] GC(87) Eden regions: 318->0(318)
[71.944s][info][gc,heap        ] GC(87) Survivor regions: 2->2(40)
[71.944s][info][gc,heap        ] GC(87) Old regions: 13->13
[71.944s][info][gc,heap        ] GC(87) Archive regions: 0->0
[71.944s][info][gc,heap        ] GC(87) Humongous regions: 0->0
[71.944s][info][gc,metaspace   ] GC(87) Metaspace: 9878K(10176K)->9878K(10176K) NonClass: 8573K(8768K)->8573K(8768K) Class: 1304K(1408K)->1304K(1408K)
[71.944s][info][gc             ] GC(87) Pause Young (Normal) (G1 Evacuation Pause) 323M->5M(534M) 2.611ms
[71.944s][info][gc,cpu         ] GC(87) User=0.00s Sys=0.00s Real=0.00s
[73.285s][info][gc,start       ] GC(88) Pause Young (Normal) (G1 Evacuation Pause)
[73.285s][info][gc,task        ] GC(88) Using 12 workers of 33 for evacuation
[73.287s][info][gc,phases      ] GC(88)   Pre Evacuate Collection Set: 0.2ms
[73.287s][info][gc,phases      ] GC(88)   Merge Heap Roots: 0.2ms
[73.287s][info][gc,phases      ] GC(88)   Evacuate Collection Set: 1.1ms
[73.287s][info][gc,phases      ] GC(88)   Post Evacuate Collection Set: 0.5ms
[73.287s][info][gc,phases      ] GC(88)   Other: 0.2ms
[73.287s][info][gc,heap        ] GC(88) Eden regions: 318->0(318)
[73.287s][info][gc,heap        ] GC(88) Survivor regions: 2->2(40)
[73.287s][info][gc,heap        ] GC(88) Old regions: 13->13
[73.287s][info][gc,heap        ] GC(88) Archive regions: 0->0
[73.287s][info][gc,heap        ] GC(88) Humongous regions: 0->0
[73.287s][info][gc,metaspace   ] GC(88) Metaspace: 9878K(10176K)->9878K(10176K) NonClass: 8573K(8768K)->8573K(8768K) Class: 1304K(1408K)->1304K(1408K)
[73.287s][info][gc             ] GC(88) Pause Young (Normal) (G1 Evacuation Pause) 323M->5M(534M) 2.583ms
[73.287s][info][gc,cpu         ] GC(88) User=0.00s Sys=0.00s Real=0.00s
[74.627s][info][gc,start       ] GC(89) Pause Young (Normal) (G1 Evacuation Pause)
[74.628s][info][gc,task        ] GC(89) Using 12 workers of 33 for evacuation
[74.629s][info][gc,phases      ] GC(89)   Pre Evacuate Collection Set: 0.2ms
[74.630s][info][gc,phases      ] GC(89)   Merge Heap Roots: 0.2ms
[74.630s][info][gc,phases      ] GC(89)   Evacuate Collection Set: 0.9ms
[74.630s][info][gc,phases      ] GC(89)   Post Evacuate Collection Set: 0.5ms
[74.630s][info][gc,phases      ] GC(89)   Other: 0.2ms
[74.630s][info][gc,heap        ] GC(89) Eden regions: 318->0(318)
[74.630s][info][gc,heap        ] GC(89) Survivor regions: 2->2(40)
[74.630s][info][gc,heap        ] GC(89) Old regions: 13->13
[74.630s][info][gc,heap        ] GC(89) Archive regions: 0->0
[74.630s][info][gc,heap        ] GC(89) Humongous regions: 0->0
[74.630s][info][gc,metaspace   ] GC(89) Metaspace: 9878K(10176K)->9878K(10176K) NonClass: 8573K(8768K)->8573K(8768K) Class: 1304K(1408K)->1304K(1408K)
[74.630s][info][gc             ] GC(89) Pause Young (Normal) (G1 Evacuation Pause) 323M->5M(534M) 2.486ms
[74.630s][info][gc,cpu         ] GC(89) User=0.00s Sys=0.00s Real=0.00s
[75.961s][info][gc,start       ] GC(90) Pause Young (Normal) (G1 Evacuation Pause)
[75.961s][info][gc,task        ] GC(90) Using 12 workers of 33 for evacuation
[75.963s][info][gc,phases      ] GC(90)   Pre Evacuate Collection Set: 0.2ms
[75.963s][info][gc,phases      ] GC(90)   Merge Heap Roots: 0.2ms
[75.963s][info][gc,phases      ] GC(90)   Evacuate Collection Set: 0.8ms
[75.963s][info][gc,phases      ] GC(90)   Post Evacuate Collection Set: 0.5ms
[75.963s][info][gc,phases      ] GC(90)   Other: 0.2ms
[75.963s][info][gc,heap        ] GC(90) Eden regions: 318->0(318)
[75.963s][info][gc,heap        ] GC(90) Survivor regions: 2->2(40)
[75.963s][info][gc,heap        ] GC(90) Old regions: 13->13
[75.963s][info][gc,heap        ] GC(90) Archive regions: 0->0
[75.963s][info][gc,heap        ] GC(90) Humongous regions: 0->0
[75.963s][info][gc,metaspace   ] GC(90) Metaspace: 9878K(10176K)->9878K(10176K) NonClass: 8573K(8768K)->8573K(8768K) Class: 1304K(1408K)->1304K(1408K)
[75.963s][info][gc             ] GC(90) Pause Young (Normal) (G1 Evacuation Pause) 323M->5M(534M) 2.318ms
[75.963s][info][gc,cpu         ] GC(90) User=0.00s Sys=0.00s Real=0.00s
[77.036s][info][gc,start       ] GC(91) Pause Full (System.gc())
[77.036s][info][gc,task        ] GC(91) Using 12 workers of 33 for full compaction
[77.037s][info][gc,phases,start] GC(91) Phase 1: Mark live objects
[77.042s][info][gc,phases      ] GC(91) Phase 1: Mark live objects 4.678ms
[77.042s][info][gc,phases,start] GC(91) Phase 2: Prepare compaction
[77.045s][info][gc,phases      ] GC(91) Phase 2: Prepare compaction 3.052ms
[77.045s][info][gc,phases,start] GC(91) Phase 3: Adjust pointers
[77.048s][info][gc,phases      ] GC(91) Phase 3: Adjust pointers 3.508ms
[77.048s][info][gc,phases,start] GC(91) Phase 4: Compact heap
[77.049s][info][gc,phases      ] GC(91) Phase 4: Compact heap 0.578ms
[77.055s][info][gc,heap        ] GC(91) Eden regions: 254->0(26)
[77.055s][info][gc,heap        ] GC(91) Survivor regions: 2->0(40)
[77.055s][info][gc,heap        ] GC(91) Old regions: 13->13
[77.055s][info][gc,heap        ] GC(91) Archive regions: 0->0
[77.055s][info][gc,heap        ] GC(91) Humongous regions: 0->0
[77.055s][info][gc,metaspace   ] GC(91) Metaspace: 9879K(10176K)->9879K(10176K) NonClass: 8575K(8768K)->8575K(8768K) Class: 1304K(1408K)->1304K(1408K)
[77.055s][info][gc             ] GC(91) Pause Full (System.gc()) 258M->3M(44M) 19.101ms
[77.055s][info][gc,cpu         ] GC(91) User=0.02s Sys=0.13s Real=0.02s
[77.157s][info][gc,start       ] GC(92) Pause Young (Normal) (G1 Evacuation Pause)
[77.157s][info][gc,task        ] GC(92) Using 7 workers of 33 for evacuation
[77.159s][info][gc,phases      ] GC(92)   Pre Evacuate Collection Set: 0.1ms
[77.159s][info][gc,phases      ] GC(92)   Merge Heap Roots: 0.1ms
[77.159s][info][gc,phases      ] GC(92)   Evacuate Collection Set: 1.1ms
[77.159s][info][gc,phases      ] GC(92)   Post Evacuate Collection Set: 0.3ms
[77.159s][info][gc,phases      ] GC(92)   Other: 0.1ms
[77.159s][info][gc,heap        ] GC(92) Eden regions: 26->0(24)
[77.159s][info][gc,heap        ] GC(92) Survivor regions: 0->2(4)
[77.159s][info][gc,heap        ] GC(92) Old regions: 13->13
[77.159s][info][gc,heap        ] GC(92) Archive regions: 0->0
[77.159s][info][gc,heap        ] GC(92) Humongous regions: 0->0
[77.159s][info][gc,metaspace   ] GC(92) Metaspace: 9894K(10240K)->9894K(10240K) NonClass: 8589K(8832K)->8589K(8832K) Class: 1304K(1408K)->1304K(1408K)
[77.159s][info][gc             ] GC(92) Pause Young (Normal) (G1 Evacuation Pause) 29M->5M(44M) 2.227ms
[77.159s][info][gc,cpu         ] GC(92) User=0.00s Sys=0.00s Real=0.00s
[77.258s][info][gc,start       ] GC(93) Pause Young (Normal) (G1 Evacuation Pause)
[77.258s][info][gc,task        ] GC(93) Using 4 workers of 33 for evacuation
[77.260s][info][gc,phases      ] GC(93)   Pre Evacuate Collection Set: 0.1ms
[77.260s][info][gc,phases      ] GC(93)   Merge Heap Roots: 0.1ms
[77.260s][info][gc,phases      ] GC(93)   Evacuate Collection Set: 1.9ms
[77.260s][info][gc,phases      ] GC(93)   Post Evacuate Collection Set: 0.3ms
[77.260s][info][gc,phases      ] GC(93)   Other: 0.1ms
[77.260s][info][gc,heap        ] GC(93) Eden regions: 24->0(24)
[77.260s][info][gc,heap        ] GC(93) Survivor regions: 2->2(4)
[77.260s][info][gc,heap        ] GC(93) Old regions: 13->13
[77.260s][info][gc,heap        ] GC(93) Archive regions: 0->0
[77.261s][info][gc,heap        ] GC(93) Humongous regions: 0->0
[77.261s][info][gc,metaspace   ] GC(93) Metaspace: 9894K(10240K)->9894K(10240K) NonClass: 8589K(8832K)->8589K(8832K) Class: 1304K(1408K)->1304K(1408K)
[77.261s][info][gc             ] GC(93) Pause Young (Normal) (G1 Evacuation Pause) 29M->5M(44M) 2.983ms
[77.261s][info][gc,cpu         ] GC(93) User=0.00s Sys=0.00s Real=0.00s
[77.356s][info][gc,start       ] GC(94) Pause Young (Normal) (G1 Evacuation Pause)
[77.356s][info][gc,task        ] GC(94) Using 3 workers of 33 for evacuation
[77.365s][info][gc,phases      ] GC(94)   Pre Evacuate Collection Set: 0.1ms
[77.365s][info][gc,phases      ] GC(94)   Merge Heap Roots: 0.1ms
[77.365s][info][gc,phases      ] GC(94)   Evacuate Collection Set: 2.2ms
[77.365s][info][gc,phases      ] GC(94)   Post Evacuate Collection Set: 6.4ms
[77.365s][info][gc,phases      ] GC(94)   Other: 0.1ms
[77.365s][info][gc,heap        ] GC(94) Eden regions: 24->0(318)
[77.365s][info][gc,heap        ] GC(94) Survivor regions: 2->2(4)
[77.365s][info][gc,heap        ] GC(94) Old regions: 13->13
[77.365s][info][gc,heap        ] GC(94) Archive regions: 0->0
[77.366s][info][gc,heap        ] GC(94) Humongous regions: 0->0
[77.366s][info][gc,metaspace   ] GC(94) Metaspace: 9894K(10240K)->9894K(10240K) NonClass: 8589K(8832K)->8589K(8832K) Class: 1304K(1408K)->1304K(1408K)
[77.366s][info][gc             ] GC(94) Pause Young (Normal) (G1 Evacuation Pause) 29M->5M(534M) 9.349ms
[77.366s][info][gc,cpu         ] GC(94) User=0.00s Sys=0.00s Real=0.00s
[78.783s][info][gc,start       ] GC(95) Pause Young (Normal) (G1 Evacuation Pause)
[78.783s][info][gc,task        ] GC(95) Using 12 workers of 33 for evacuation
[78.785s][info][gc,phases      ] GC(95)   Pre Evacuate Collection Set: 0.2ms
[78.785s][info][gc,phases      ] GC(95)   Merge Heap Roots: 0.2ms
[78.785s][info][gc,phases      ] GC(95)   Evacuate Collection Set: 1.1ms
[78.785s][info][gc,phases      ] GC(95)   Post Evacuate Collection Set: 0.5ms
[78.785s][info][gc,phases      ] GC(95)   Other: 0.2ms
[78.785s][info][gc,heap        ] GC(95) Eden regions: 318->0(318)
[78.785s][info][gc,heap        ] GC(95) Survivor regions: 2->2(40)
[78.785s][info][gc,heap        ] GC(95) Old regions: 13->13
[78.785s][info][gc,heap        ] GC(95) Archive regions: 0->0
[78.786s][info][gc,heap        ] GC(95) Humongous regions: 0->0
[78.786s][info][gc,metaspace   ] GC(95) Metaspace: 9894K(10240K)->9894K(10240K) NonClass: 8589K(8832K)->8589K(8832K) Class: 1304K(1408K)->1304K(1408K)
[78.786s][info][gc             ] GC(95) Pause Young (Normal) (G1 Evacuation Pause) 323M->5M(534M) 2.622ms
[78.786s][info][gc,cpu         ] GC(95) User=0.00s Sys=0.00s Real=0.00s
[80.137s][info][gc,start       ] GC(96) Pause Young (Normal) (G1 Evacuation Pause)
[80.137s][info][gc,task        ] GC(96) Using 12 workers of 33 for evacuation
[80.139s][info][gc,phases      ] GC(96)   Pre Evacuate Collection Set: 0.2ms
[80.139s][info][gc,phases      ] GC(96)   Merge Heap Roots: 0.2ms
[80.139s][info][gc,phases      ] GC(96)   Evacuate Collection Set: 1.1ms
[80.139s][info][gc,phases      ] GC(96)   Post Evacuate Collection Set: 0.5ms
[80.139s][info][gc,phases      ] GC(96)   Other: 0.2ms
[80.139s][info][gc,heap        ] GC(96) Eden regions: 318->0(318)
[80.139s][info][gc,heap        ] GC(96) Survivor regions: 2->2(40)
[80.139s][info][gc,heap        ] GC(96) Old regions: 13->13
[80.139s][info][gc,heap        ] GC(96) Archive regions: 0->0
[80.139s][info][gc,heap        ] GC(96) Humongous regions: 0->0
[80.139s][info][gc,metaspace   ] GC(96) Metaspace: 9894K(10240K)->9894K(10240K) NonClass: 8589K(8832K)->8589K(8832K) Class: 1304K(1408K)->1304K(1408K)
[80.139s][info][gc             ] GC(96) Pause Young (Normal) (G1 Evacuation Pause) 323M->5M(534M) 2.552ms
[80.139s][info][gc,cpu         ] GC(96) User=0.00s Sys=0.00s Real=0.00s
[81.458s][info][gc,start       ] GC(97) Pause Young (Normal) (G1 Evacuation Pause)
[81.458s][info][gc,task        ] GC(97) Using 12 workers of 33 for evacuation
[81.460s][info][gc,phases      ] GC(97)   Pre Evacuate Collection Set: 0.2ms
[81.460s][info][gc,phases      ] GC(97)   Merge Heap Roots: 0.2ms
[81.460s][info][gc,phases      ] GC(97)   Evacuate Collection Set: 0.9ms
[81.460s][info][gc,phases      ] GC(97)   Post Evacuate Collection Set: 0.5ms
[81.460s][info][gc,phases      ] GC(97)   Other: 0.2ms
[81.460s][info][gc,heap        ] GC(97) Eden regions: 318->0(318)
[81.460s][info][gc,heap        ] GC(97) Survivor regions: 2->2(40)
[81.460s][info][gc,heap        ] GC(97) Old regions: 13->13
[81.460s][info][gc,heap        ] GC(97) Archive regions: 0->0
[81.460s][info][gc,heap        ] GC(97) Humongous regions: 0->0
[81.460s][info][gc,metaspace   ] GC(97) Metaspace: 9894K(10240K)->9894K(10240K) NonClass: 8589K(8832K)->8589K(8832K) Class: 1304K(1408K)->1304K(1408K)
[81.460s][info][gc             ] GC(97) Pause Young (Normal) (G1 Evacuation Pause) 323M->5M(534M) 2.354ms
[81.460s][info][gc,cpu         ] GC(97) User=0.00s Sys=0.00s Real=0.00s
[82.788s][info][gc,start       ] GC(98) Pause Young (Normal) (G1 Evacuation Pause)
[82.788s][info][gc,task        ] GC(98) Using 12 workers of 33 for evacuation
[82.790s][info][gc,phases      ] GC(98)   Pre Evacuate Collection Set: 0.2ms
[82.790s][info][gc,phases      ] GC(98)   Merge Heap Roots: 0.2ms
[82.790s][info][gc,phases      ] GC(98)   Evacuate Collection Set: 0.9ms
[82.790s][info][gc,phases      ] GC(98)   Post Evacuate Collection Set: 0.5ms
[82.790s][info][gc,phases      ] GC(98)   Other: 0.2ms
[82.790s][info][gc,heap        ] GC(98) Eden regions: 318->0(318)
[82.790s][info][gc,heap        ] GC(98) Survivor regions: 2->2(40)
[82.790s][info][gc,heap        ] GC(98) Old regions: 13->13
[82.790s][info][gc,heap        ] GC(98) Archive regions: 0->0
[82.790s][info][gc,heap        ] GC(98) Humongous regions: 0->0
[82.790s][info][gc,metaspace   ] GC(98) Metaspace: 9894K(10240K)->9894K(10240K) NonClass: 8589K(8832K)->8589K(8832K) Class: 1304K(1408K)->1304K(1408K)
[82.790s][info][gc             ] GC(98) Pause Young (Normal) (G1 Evacuation Pause) 323M->5M(534M) 2.364ms
[82.790s][info][gc,cpu         ] GC(98) User=0.00s Sys=0.00s Real=0.00s
[83.836s][info][gc,start       ] GC(99) Pause Full (System.gc())
[83.836s][info][gc,task        ] GC(99) Using 12 workers of 33 for full compaction
[83.837s][info][gc,phases,start] GC(99) Phase 1: Mark live objects
[83.841s][info][gc,phases      ] GC(99) Phase 1: Mark live objects 4.905ms
[83.842s][info][gc,phases,start] GC(99) Phase 2: Prepare compaction
[83.845s][info][gc,phases      ] GC(99) Phase 2: Prepare compaction 3.179ms
[83.845s][info][gc,phases,start] GC(99) Phase 3: Adjust pointers
[83.849s][info][gc,phases      ] GC(99) Phase 3: Adjust pointers 3.779ms
[83.849s][info][gc,phases,start] GC(99) Phase 4: Compact heap
[83.849s][info][gc,phases      ] GC(99) Phase 4: Compact heap 0.696ms
[83.855s][info][gc,heap        ] GC(99) Eden regions: 254->0(26)
[83.856s][info][gc,heap        ] GC(99) Survivor regions: 2->0(40)
[83.856s][info][gc,heap        ] GC(99) Old regions: 13->13
[83.856s][info][gc,heap        ] GC(99) Archive regions: 0->0
[83.856s][info][gc,heap        ] GC(99) Humongous regions: 0->0
[83.856s][info][gc,metaspace   ] GC(99) Metaspace: 9895K(10240K)->9895K(10240K) NonClass: 8591K(8832K)->8591K(8832K) Class: 1304K(1408K)->1304K(1408K)
[83.856s][info][gc             ] GC(99) Pause Full (System.gc()) 258M->3M(44M) 19.899ms
[83.856s][info][gc,cpu         ] GC(99) User=0.19s Sys=0.02s Real=0.03s
[83.966s][info][gc,start       ] GC(100) Pause Young (Normal) (G1 Evacuation Pause)
[83.966s][info][gc,task        ] GC(100) Using 7 workers of 33 for evacuation
[83.968s][info][gc,phases      ] GC(100)   Pre Evacuate Collection Set: 0.1ms
[83.968s][info][gc,phases      ] GC(100)   Merge Heap Roots: 0.1ms
[83.968s][info][gc,phases      ] GC(100)   Evacuate Collection Set: 1.2ms
[83.968s][info][gc,phases      ] GC(100)   Post Evacuate Collection Set: 0.3ms
[83.968s][info][gc,phases      ] GC(100)   Other: 0.1ms
[83.968s][info][gc,heap        ] GC(100) Eden regions: 26->0(24)
[83.968s][info][gc,heap        ] GC(100) Survivor regions: 0->2(4)
[83.968s][info][gc,heap        ] GC(100) Old regions: 13->13
[83.968s][info][gc,heap        ] GC(100) Archive regions: 0->0
[83.968s][info][gc,heap        ] GC(100) Humongous regions: 0->0
[83.968s][info][gc,metaspace   ] GC(100) Metaspace: 9896K(10240K)->9896K(10240K) NonClass: 8592K(8832K)->8592K(8832K) Class: 1304K(1408K)->1304K(1408K)
[83.968s][info][gc             ] GC(100) Pause Young (Normal) (G1 Evacuation Pause) 29M->5M(44M) 2.326ms
[83.969s][info][gc,cpu         ] GC(100) User=0.00s Sys=0.00s Real=0.00s
[84.076s][info][gc,start       ] GC(101) Pause Young (Normal) (G1 Evacuation Pause)
[84.076s][info][gc,task        ] GC(101) Using 4 workers of 33 for evacuation
[84.078s][info][gc,phases      ] GC(101)   Pre Evacuate Collection Set: 0.1ms
[84.078s][info][gc,phases      ] GC(101)   Merge Heap Roots: 0.1ms
[84.079s][info][gc,phases      ] GC(101)   Evacuate Collection Set: 1.8ms
[84.079s][info][gc,phases      ] GC(101)   Post Evacuate Collection Set: 0.2ms
[84.079s][info][gc,phases      ] GC(101)   Other: 0.1ms
[84.079s][info][gc,heap        ] GC(101) Eden regions: 24->0(24)
[84.079s][info][gc,heap        ] GC(101) Survivor regions: 2->2(4)
[84.079s][info][gc,heap        ] GC(101) Old regions: 13->13
[84.079s][info][gc,heap        ] GC(101) Archive regions: 0->0
[84.079s][info][gc,heap        ] GC(101) Humongous regions: 0->0
[84.079s][info][gc,metaspace   ] GC(101) Metaspace: 9896K(10240K)->9896K(10240K) NonClass: 8592K(8832K)->8592K(8832K) Class: 1304K(1408K)->1304K(1408K)
[84.079s][info][gc             ] GC(101) Pause Young (Normal) (G1 Evacuation Pause) 29M->5M(44M) 2.778ms
[84.079s][info][gc,cpu         ] GC(101) User=0.00s Sys=0.00s Real=0.00s
[84.170s][info][gc,start       ] GC(102) Pause Young (Normal) (G1 Evacuation Pause)
[84.170s][info][gc,task        ] GC(102) Using 3 workers of 33 for evacuation
[84.179s][info][gc,phases      ] GC(102)   Pre Evacuate Collection Set: 0.1ms
[84.179s][info][gc,phases      ] GC(102)   Merge Heap Roots: 0.1ms
[84.179s][info][gc,phases      ] GC(102)   Evacuate Collection Set: 2.4ms
[84.179s][info][gc,phases      ] GC(102)   Post Evacuate Collection Set: 6.4ms
[84.179s][info][gc,phases      ] GC(102)   Other: 0.1ms
[84.179s][info][gc,heap        ] GC(102) Eden regions: 24->0(318)
[84.179s][info][gc,heap        ] GC(102) Survivor regions: 2->2(4)
[84.179s][info][gc,heap        ] GC(102) Old regions: 13->13
[84.179s][info][gc,heap        ] GC(102) Archive regions: 0->0
[84.179s][info][gc,heap        ] GC(102) Humongous regions: 0->0
[84.179s][info][gc,metaspace   ] GC(102) Metaspace: 9896K(10240K)->9896K(10240K) NonClass: 8592K(8832K)->8592K(8832K) Class: 1304K(1408K)->1304K(1408K)
[84.179s][info][gc             ] GC(102) Pause Young (Normal) (G1 Evacuation Pause) 29M->5M(534M) 9.532ms
[84.179s][info][gc,cpu         ] GC(102) User=0.00s Sys=0.00s Real=0.00s
[85.589s][info][gc,start       ] GC(103) Pause Young (Normal) (G1 Evacuation Pause)
[85.589s][info][gc,task        ] GC(103) Using 12 workers of 33 for evacuation
[85.591s][info][gc,phases      ] GC(103)   Pre Evacuate Collection Set: 0.2ms
[85.591s][info][gc,phases      ] GC(103)   Merge Heap Roots: 0.2ms
[85.591s][info][gc,phases      ] GC(103)   Evacuate Collection Set: 1.2ms
[85.591s][info][gc,phases      ] GC(103)   Post Evacuate Collection Set: 0.5ms
[85.591s][info][gc,phases      ] GC(103)   Other: 0.2ms
[85.591s][info][gc,heap        ] GC(103) Eden regions: 318->0(318)
[85.591s][info][gc,heap        ] GC(103) Survivor regions: 2->2(40)
[85.591s][info][gc,heap        ] GC(103) Old regions: 13->13
[85.591s][info][gc,heap        ] GC(103) Archive regions: 0->0
[85.591s][info][gc,heap        ] GC(103) Humongous regions: 0->0
[85.591s][info][gc,metaspace   ] GC(103) Metaspace: 9896K(10240K)->9896K(10240K) NonClass: 8592K(8832K)->8592K(8832K) Class: 1304K(1408K)->1304K(1408K)
[85.591s][info][gc             ] GC(103) Pause Young (Normal) (G1 Evacuation Pause) 323M->5M(534M) 2.620ms
[85.591s][info][gc,cpu         ] GC(103) User=0.00s Sys=0.00s Real=0.00s
[86.915s][info][gc,start       ] GC(104) Pause Young (Normal) (G1 Evacuation Pause)
[86.915s][info][gc,task        ] GC(104) Using 12 workers of 33 for evacuation
[86.917s][info][gc,phases      ] GC(104)   Pre Evacuate Collection Set: 0.2ms
[86.917s][info][gc,phases      ] GC(104)   Merge Heap Roots: 0.2ms
[86.917s][info][gc,phases      ] GC(104)   Evacuate Collection Set: 1.1ms
[86.917s][info][gc,phases      ] GC(104)   Post Evacuate Collection Set: 0.5ms
[86.917s][info][gc,phases      ] GC(104)   Other: 0.2ms
[86.917s][info][gc,heap        ] GC(104) Eden regions: 318->0(318)
[86.917s][info][gc,heap        ] GC(104) Survivor regions: 2->2(40)
[86.917s][info][gc,heap        ] GC(104) Old regions: 13->13
[86.917s][info][gc,heap        ] GC(104) Archive regions: 0->0
[86.917s][info][gc,heap        ] GC(104) Humongous regions: 0->0
[86.917s][info][gc,metaspace   ] GC(104) Metaspace: 9896K(10240K)->9896K(10240K) NonClass: 8592K(8832K)->8592K(8832K) Class: 1304K(1408K)->1304K(1408K)
[86.917s][info][gc             ] GC(104) Pause Young (Normal) (G1 Evacuation Pause) 323M->5M(534M) 2.634ms
[86.917s][info][gc,cpu         ] GC(104) User=0.19s Sys=0.00s Real=0.02s
[88.273s][info][gc,start       ] GC(105) Pause Young (Normal) (G1 Evacuation Pause)
[88.273s][info][gc,task        ] GC(105) Using 12 workers of 33 for evacuation
[88.275s][info][gc,phases      ] GC(105)   Pre Evacuate Collection Set: 0.2ms
[88.275s][info][gc,phases      ] GC(105)   Merge Heap Roots: 0.2ms
[88.275s][info][gc,phases      ] GC(105)   Evacuate Collection Set: 1.0ms
[88.275s][info][gc,phases      ] GC(105)   Post Evacuate Collection Set: 0.5ms
[88.275s][info][gc,phases      ] GC(105)   Other: 0.2ms
[88.275s][info][gc,heap        ] GC(105) Eden regions: 318->0(318)
[88.275s][info][gc,heap        ] GC(105) Survivor regions: 2->2(40)
[88.275s][info][gc,heap        ] GC(105) Old regions: 13->13
[88.275s][info][gc,heap        ] GC(105) Archive regions: 0->0
[88.275s][info][gc,heap        ] GC(105) Humongous regions: 0->0
[88.275s][info][gc,metaspace   ] GC(105) Metaspace: 9896K(10240K)->9896K(10240K) NonClass: 8592K(8832K)->8592K(8832K) Class: 1304K(1408K)->1304K(1408K)
[88.275s][info][gc             ] GC(105) Pause Young (Normal) (G1 Evacuation Pause) 323M->5M(534M) 2.513ms
[88.275s][info][gc,cpu         ] GC(105) User=0.00s Sys=0.00s Real=0.00s
[89.601s][info][gc,start       ] GC(106) Pause Young (Normal) (G1 Evacuation Pause)
[89.601s][info][gc,task        ] GC(106) Using 12 workers of 33 for evacuation
[89.603s][info][gc,phases      ] GC(106)   Pre Evacuate Collection Set: 0.2ms
[89.603s][info][gc,phases      ] GC(106)   Merge Heap Roots: 0.2ms
[89.603s][info][gc,phases      ] GC(106)   Evacuate Collection Set: 0.9ms
[89.603s][info][gc,phases      ] GC(106)   Post Evacuate Collection Set: 0.5ms
[89.603s][info][gc,phases      ] GC(106)   Other: 0.2ms
[89.603s][info][gc,heap        ] GC(106) Eden regions: 318->0(318)
[89.603s][info][gc,heap        ] GC(106) Survivor regions: 2->2(40)
[89.603s][info][gc,heap        ] GC(106) Old regions: 13->13
[89.603s][info][gc,heap        ] GC(106) Archive regions: 0->0
[89.603s][info][gc,heap        ] GC(106) Humongous regions: 0->0
[89.603s][info][gc,metaspace   ] GC(106) Metaspace: 9896K(10240K)->9896K(10240K) NonClass: 8592K(8832K)->8592K(8832K) Class: 1304K(1408K)->1304K(1408K)
[89.603s][info][gc             ] GC(106) Pause Young (Normal) (G1 Evacuation Pause) 323M->5M(534M) 2.409ms
[89.603s][info][gc,cpu         ] GC(106) User=0.02s Sys=0.02s Real=0.02s
[90.629s][info][gc,start       ] GC(107) Pause Full (System.gc())
[90.629s][info][gc,task        ] GC(107) Using 12 workers of 33 for full compaction
[90.630s][info][gc,phases,start] GC(107) Phase 1: Mark live objects
[90.634s][info][gc,phases      ] GC(107) Phase 1: Mark live objects 4.535ms
[90.634s][info][gc,phases,start] GC(107) Phase 2: Prepare compaction
[90.638s][info][gc,phases      ] GC(107) Phase 2: Prepare compaction 3.526ms
[90.638s][info][gc,phases,start] GC(107) Phase 3: Adjust pointers
[90.642s][info][gc,phases      ] GC(107) Phase 3: Adjust pointers 3.782ms
[90.642s][info][gc,phases,start] GC(107) Phase 4: Compact heap
[90.643s][info][gc,phases      ] GC(107) Phase 4: Compact heap 0.694ms
[90.649s][info][gc,heap        ] GC(107) Eden regions: 246->0(26)
[90.649s][info][gc,heap        ] GC(107) Survivor regions: 2->0(40)
[90.649s][info][gc,heap        ] GC(107) Old regions: 13->13
[90.649s][info][gc,heap        ] GC(107) Archive regions: 0->0
[90.649s][info][gc,heap        ] GC(107) Humongous regions: 0->0
[90.649s][info][gc,metaspace   ] GC(107) Metaspace: 9899K(10240K)->9899K(10240K) NonClass: 8595K(8832K)->8595K(8832K) Class: 1304K(1408K)->1304K(1408K)
[90.649s][info][gc             ] GC(107) Pause Full (System.gc()) 251M->3M(44M) 19.803ms
[90.649s][info][gc,cpu         ] GC(107) User=0.19s Sys=0.00s Real=0.01s
[90.753s][info][gc,start       ] GC(108) Pause Young (Normal) (G1 Evacuation Pause)
[90.753s][info][gc,task        ] GC(108) Using 7 workers of 33 for evacuation
[90.755s][info][gc,phases      ] GC(108)   Pre Evacuate Collection Set: 0.1ms
[90.755s][info][gc,phases      ] GC(108)   Merge Heap Roots: 0.1ms
[90.755s][info][gc,phases      ] GC(108)   Evacuate Collection Set: 1.2ms
[90.755s][info][gc,phases      ] GC(108)   Post Evacuate Collection Set: 0.3ms
[90.755s][info][gc,phases      ] GC(108)   Other: 0.1ms
[90.755s][info][gc,heap        ] GC(108) Eden regions: 26->0(24)
[90.755s][info][gc,heap        ] GC(108) Survivor regions: 0->2(4)
[90.755s][info][gc,heap        ] GC(108) Old regions: 13->13
[90.755s][info][gc,heap        ] GC(108) Archive regions: 0->0
[90.755s][info][gc,heap        ] GC(108) Humongous regions: 0->0
[90.755s][info][gc,metaspace   ] GC(108) Metaspace: 9905K(10240K)->9905K(10240K) NonClass: 8600K(8832K)->8600K(8832K) Class: 1304K(1408K)->1304K(1408K)
[90.755s][info][gc             ] GC(108) Pause Young (Normal) (G1 Evacuation Pause) 29M->5M(44M) 2.255ms
[90.755s][info][gc,cpu         ] GC(108) User=0.00s Sys=0.00s Real=0.00s
[90.871s][info][gc,start       ] GC(109) Pause Young (Normal) (G1 Evacuation Pause)
[90.872s][info][gc,task        ] GC(109) Using 4 workers of 33 for evacuation
[90.874s][info][gc,phases      ] GC(109)   Pre Evacuate Collection Set: 0.1ms
[90.874s][info][gc,phases      ] GC(109)   Merge Heap Roots: 0.1ms
[90.874s][info][gc,phases      ] GC(109)   Evacuate Collection Set: 1.6ms
[90.874s][info][gc,phases      ] GC(109)   Post Evacuate Collection Set: 0.2ms
[90.874s][info][gc,phases      ] GC(109)   Other: 0.1ms
[90.874s][info][gc,heap        ] GC(109) Eden regions: 24->0(25)
[90.874s][info][gc,heap        ] GC(109) Survivor regions: 2->1(4)
[90.874s][info][gc,heap        ] GC(109) Old regions: 13->13
[90.874s][info][gc,heap        ] GC(109) Archive regions: 0->0
[90.874s][info][gc,heap        ] GC(109) Humongous regions: 0->0
[90.874s][info][gc,metaspace   ] GC(109) Metaspace: 9905K(10240K)->9905K(10240K) NonClass: 8600K(8832K)->8600K(8832K) Class: 1304K(1408K)->1304K(1408K)
[90.874s][info][gc             ] GC(109) Pause Young (Normal) (G1 Evacuation Pause) 29M->4M(44M) 2.597ms
[90.874s][info][gc,cpu         ] GC(109) User=0.00s Sys=0.00s Real=0.00s
[90.973s][info][gc,start       ] GC(110) Pause Young (Normal) (G1 Evacuation Pause)
[90.973s][info][gc,task        ] GC(110) Using 3 workers of 33 for evacuation
[90.982s][info][gc,phases      ] GC(110)   Pre Evacuate Collection Set: 0.1ms
[90.982s][info][gc,phases      ] GC(110)   Merge Heap Roots: 0.1ms
[90.982s][info][gc,phases      ] GC(110)   Evacuate Collection Set: 2.1ms
[90.982s][info][gc,phases      ] GC(110)   Post Evacuate Collection Set: 6.4ms
[90.982s][info][gc,phases      ] GC(110)   Other: 0.1ms
[90.982s][info][gc,heap        ] GC(110) Eden regions: 25->0(318)
[90.982s][info][gc,heap        ] GC(110) Survivor regions: 1->2(4)
[90.982s][info][gc,heap        ] GC(110) Old regions: 13->13
[90.982s][info][gc,heap        ] GC(110) Archive regions: 0->0
[90.982s][info][gc,heap        ] GC(110) Humongous regions: 0->0
[90.982s][info][gc,metaspace   ] GC(110) Metaspace: 9905K(10240K)->9905K(10240K) NonClass: 8600K(8832K)->8600K(8832K) Class: 1304K(1408K)->1304K(1408K)
[90.982s][info][gc             ] GC(110) Pause Young (Normal) (G1 Evacuation Pause) 29M->5M(534M) 9.321ms
[90.982s][info][gc,cpu         ] GC(110) User=0.00s Sys=0.02s Real=0.02s
[92.383s][info][gc,start       ] GC(111) Pause Young (Normal) (G1 Evacuation Pause)
[92.389s][info][gc,task        ] GC(111) Using 12 workers of 33 for evacuation
[92.391s][info][gc,phases      ] GC(111)   Pre Evacuate Collection Set: 0.2ms
[92.391s][info][gc,phases      ] GC(111)   Merge Heap Roots: 0.2ms
[92.391s][info][gc,phases      ] GC(111)   Evacuate Collection Set: 1.2ms
[92.391s][info][gc,phases      ] GC(111)   Post Evacuate Collection Set: 0.5ms
[92.391s][info][gc,phases      ] GC(111)   Other: 0.2ms
[92.391s][info][gc,heap        ] GC(111) Eden regions: 318->0(318)
[92.391s][info][gc,heap        ] GC(111) Survivor regions: 2->2(40)
[92.391s][info][gc,heap        ] GC(111) Old regions: 13->13
[92.391s][info][gc,heap        ] GC(111) Archive regions: 0->0
[92.391s][info][gc,heap        ] GC(111) Humongous regions: 0->0
[92.391s][info][gc,metaspace   ] GC(111) Metaspace: 9905K(10240K)->9905K(10240K) NonClass: 8600K(8832K)->8600K(8832K) Class: 1304K(1408K)->1304K(1408K)
[92.391s][info][gc             ] GC(111) Pause Young (Normal) (G1 Evacuation Pause) 323M->5M(534M) 8.105ms
[92.391s][info][gc,cpu         ] GC(111) User=0.00s Sys=0.00s Real=0.00s
[93.721s][info][gc,start       ] GC(112) Pause Young (Normal) (G1 Evacuation Pause)
[93.721s][info][gc,task        ] GC(112) Using 12 workers of 33 for evacuation
[93.723s][info][gc,phases      ] GC(112)   Pre Evacuate Collection Set: 0.2ms
[93.723s][info][gc,phases      ] GC(112)   Merge Heap Roots: 0.2ms
[93.723s][info][gc,phases      ] GC(112)   Evacuate Collection Set: 1.2ms
[93.724s][info][gc,phases      ] GC(112)   Post Evacuate Collection Set: 0.5ms
[93.724s][info][gc,phases      ] GC(112)   Other: 0.2ms
[93.724s][info][gc,heap        ] GC(112) Eden regions: 318->0(318)
[93.724s][info][gc,heap        ] GC(112) Survivor regions: 2->2(40)
[93.724s][info][gc,heap        ] GC(112) Old regions: 13->13
[93.724s][info][gc,heap        ] GC(112) Archive regions: 0->0
[93.724s][info][gc,heap        ] GC(112) Humongous regions: 0->0
[93.724s][info][gc,metaspace   ] GC(112) Metaspace: 9905K(10240K)->9905K(10240K) NonClass: 8600K(8832K)->8600K(8832K) Class: 1304K(1408K)->1304K(1408K)
[93.724s][info][gc             ] GC(112) Pause Young (Normal) (G1 Evacuation Pause) 323M->5M(534M) 2.686ms
[93.724s][info][gc,cpu         ] GC(112) User=0.00s Sys=0.00s Real=0.00s
[95.064s][info][gc,start       ] GC(113) Pause Young (Normal) (G1 Evacuation Pause)
[95.064s][info][gc,task        ] GC(113) Using 12 workers of 33 for evacuation
[95.066s][info][gc,phases      ] GC(113)   Pre Evacuate Collection Set: 0.2ms
[95.066s][info][gc,phases      ] GC(113)   Merge Heap Roots: 0.2ms
[95.066s][info][gc,phases      ] GC(113)   Evacuate Collection Set: 0.9ms
[95.066s][info][gc,phases      ] GC(113)   Post Evacuate Collection Set: 0.5ms
[95.066s][info][gc,phases      ] GC(113)   Other: 0.2ms
[95.066s][info][gc,heap        ] GC(113) Eden regions: 318->0(318)
[95.066s][info][gc,heap        ] GC(113) Survivor regions: 2->2(40)
[95.066s][info][gc,heap        ] GC(113) Old regions: 13->13
[95.066s][info][gc,heap        ] GC(113) Archive regions: 0->0
[95.066s][info][gc,heap        ] GC(113) Humongous regions: 0->0
[95.066s][info][gc,metaspace   ] GC(113) Metaspace: 9905K(10240K)->9905K(10240K) NonClass: 8600K(8832K)->8600K(8832K) Class: 1304K(1408K)->1304K(1408K)
[95.066s][info][gc             ] GC(113) Pause Young (Normal) (G1 Evacuation Pause) 323M->5M(534M) 2.378ms
[95.066s][info][gc,cpu         ] GC(113) User=0.00s Sys=0.00s Real=0.00s
[96.409s][info][gc,start       ] GC(114) Pause Young (Normal) (G1 Evacuation Pause)
[96.409s][info][gc,task        ] GC(114) Using 12 workers of 33 for evacuation
[96.411s][info][gc,phases      ] GC(114)   Pre Evacuate Collection Set: 0.2ms
[96.411s][info][gc,phases      ] GC(114)   Merge Heap Roots: 0.2ms
[96.411s][info][gc,phases      ] GC(114)   Evacuate Collection Set: 0.9ms
[96.411s][info][gc,phases      ] GC(114)   Post Evacuate Collection Set: 0.5ms
[96.411s][info][gc,phases      ] GC(114)   Other: 0.2ms
[96.411s][info][gc,heap        ] GC(114) Eden regions: 318->0(318)
[96.411s][info][gc,heap        ] GC(114) Survivor regions: 2->2(40)
[96.411s][info][gc,heap        ] GC(114) Old regions: 13->13
[96.411s][info][gc,heap        ] GC(114) Archive regions: 0->0
[96.411s][info][gc,heap        ] GC(114) Humongous regions: 0->0
[96.411s][info][gc,metaspace   ] GC(114) Metaspace: 9905K(10240K)->9905K(10240K) NonClass: 8601K(8832K)->8601K(8832K) Class: 1304K(1408K)->1304K(1408K)
[96.411s][info][gc             ] GC(114) Pause Young (Normal) (G1 Evacuation Pause) 323M->5M(534M) 2.376ms
[96.411s][info][gc,cpu         ] GC(114) User=0.00s Sys=0.00s Real=0.00s
[97.455s][info][gc,start       ] GC(115) Pause Full (System.gc())
[97.456s][info][gc,task        ] GC(115) Using 12 workers of 33 for full compaction
[97.456s][info][gc,phases,start] GC(115) Phase 1: Mark live objects
[97.461s][info][gc,phases      ] GC(115) Phase 1: Mark live objects 4.753ms
[97.461s][info][gc,phases,start] GC(115) Phase 2: Prepare compaction
[97.465s][info][gc,phases      ] GC(115) Phase 2: Prepare compaction 3.891ms
[97.465s][info][gc,phases,start] GC(115) Phase 3: Adjust pointers
[97.469s][info][gc,phases      ] GC(115) Phase 3: Adjust pointers 3.818ms
[97.469s][info][gc,phases,start] GC(115) Phase 4: Compact heap
[97.469s][info][gc,phases      ] GC(115) Phase 4: Compact heap 0.484ms
[97.475s][info][gc,heap        ] GC(115) Eden regions: 250->0(26)
[97.475s][info][gc,heap        ] GC(115) Survivor regions: 2->0(40)
[97.475s][info][gc,heap        ] GC(115) Old regions: 13->13
[97.475s][info][gc,heap        ] GC(115) Archive regions: 0->0
[97.475s][info][gc,heap        ] GC(115) Humongous regions: 0->0
[97.475s][info][gc,metaspace   ] GC(115) Metaspace: 9905K(10240K)->9905K(10240K) NonClass: 8601K(8832K)->8601K(8832K) Class: 1304K(1408K)->1304K(1408K)
[97.475s][info][gc             ] GC(115) Pause Full (System.gc()) 254M->3M(44M) 19.948ms
[97.475s][info][gc,cpu         ] GC(115) User=0.00s Sys=0.02s Real=0.02s
[97.582s][info][gc,start       ] GC(116) Pause Young (Normal) (G1 Evacuation Pause)
[97.582s][info][gc,task        ] GC(116) Using 7 workers of 33 for evacuation
[97.584s][info][gc,phases      ] GC(116)   Pre Evacuate Collection Set: 0.1ms
[97.584s][info][gc,phases      ] GC(116)   Merge Heap Roots: 0.1ms
[97.584s][info][gc,phases      ] GC(116)   Evacuate Collection Set: 1.3ms
[97.584s][info][gc,phases      ] GC(116)   Post Evacuate Collection Set: 0.3ms
[97.584s][info][gc,phases      ] GC(116)   Other: 0.1ms
[97.584s][info][gc,heap        ] GC(116) Eden regions: 26->0(24)
[97.584s][info][gc,heap        ] GC(116) Survivor regions: 0->2(4)
[97.584s][info][gc,heap        ] GC(116) Old regions: 13->13
[97.584s][info][gc,heap        ] GC(116) Archive regions: 0->0
[97.584s][info][gc,heap        ] GC(116) Humongous regions: 0->0
[97.584s][info][gc,metaspace   ] GC(116) Metaspace: 9910K(10240K)->9910K(10240K) NonClass: 8606K(8832K)->8606K(8832K) Class: 1304K(1408K)->1304K(1408K)
[97.585s][info][gc             ] GC(116) Pause Young (Normal) (G1 Evacuation Pause) 29M->5M(44M) 2.425ms
[97.585s][info][gc,cpu         ] GC(116) User=0.00s Sys=0.00s Real=0.00s
[97.686s][info][gc,start       ] GC(117) Pause Young (Normal) (G1 Evacuation Pause)
[97.686s][info][gc,task        ] GC(117) Using 4 workers of 33 for evacuation
[97.689s][info][gc,phases      ] GC(117)   Pre Evacuate Collection Set: 0.1ms
[97.689s][info][gc,phases      ] GC(117)   Merge Heap Roots: 0.1ms
[97.689s][info][gc,phases      ] GC(117)   Evacuate Collection Set: 1.9ms
[97.689s][info][gc,phases      ] GC(117)   Post Evacuate Collection Set: 0.2ms
[97.689s][info][gc,phases      ] GC(117)   Other: 0.1ms
[97.689s][info][gc,heap        ] GC(117) Eden regions: 24->0(24)
[97.689s][info][gc,heap        ] GC(117) Survivor regions: 2->2(4)
[97.689s][info][gc,heap        ] GC(117) Old regions: 13->13
[97.689s][info][gc,heap        ] GC(117) Archive regions: 0->0
[97.689s][info][gc,heap        ] GC(117) Humongous regions: 0->0
[97.689s][info][gc,metaspace   ] GC(117) Metaspace: 9910K(10240K)->9910K(10240K) NonClass: 8606K(8832K)->8606K(8832K) Class: 1304K(1408K)->1304K(1408K)
[97.689s][info][gc             ] GC(117) Pause Young (Normal) (G1 Evacuation Pause) 29M->5M(44M) 2.934ms
[97.689s][info][gc,cpu         ] GC(117) User=0.00s Sys=0.00s Real=0.00s
[97.784s][info][gc,start       ] GC(118) Pause Young (Normal) (G1 Evacuation Pause)
[97.785s][info][gc,task        ] GC(118) Using 3 workers of 33 for evacuation
[97.793s][info][gc,phases      ] GC(118)   Pre Evacuate Collection Set: 0.1ms
[97.793s][info][gc,phases      ] GC(118)   Merge Heap Roots: 0.1ms
[97.793s][info][gc,phases      ] GC(118)   Evacuate Collection Set: 2.0ms
[97.793s][info][gc,phases      ] GC(118)   Post Evacuate Collection Set: 6.4ms
[97.793s][info][gc,phases      ] GC(118)   Other: 0.1ms
[97.793s][info][gc,heap        ] GC(118) Eden regions: 24->0(318)
[97.793s][info][gc,heap        ] GC(118) Survivor regions: 2->2(4)
[97.794s][info][gc,heap        ] GC(118) Old regions: 13->13
[97.794s][info][gc,heap        ] GC(118) Archive regions: 0->0
[97.794s][info][gc,heap        ] GC(118) Humongous regions: 0->0
[97.794s][info][gc,metaspace   ] GC(118) Metaspace: 9910K(10240K)->9910K(10240K) NonClass: 8606K(8832K)->8606K(8832K) Class: 1304K(1408K)->1304K(1408K)
[97.794s][info][gc             ] GC(118) Pause Young (Normal) (G1 Evacuation Pause) 29M->5M(534M) 9.171ms
[97.794s][info][gc,cpu         ] GC(118) User=0.05s Sys=0.00s Real=0.02s
[99.195s][info][gc,start       ] GC(119) Pause Young (Normal) (G1 Evacuation Pause)
[99.195s][info][gc,task        ] GC(119) Using 12 workers of 33 for evacuation
[99.197s][info][gc,phases      ] GC(119)   Pre Evacuate Collection Set: 0.2ms
[99.197s][info][gc,phases      ] GC(119)   Merge Heap Roots: 0.2ms
[99.197s][info][gc,phases      ] GC(119)   Evacuate Collection Set: 1.1ms
[99.197s][info][gc,phases      ] GC(119)   Post Evacuate Collection Set: 0.5ms
[99.197s][info][gc,phases      ] GC(119)   Other: 0.2ms
[99.197s][info][gc,heap        ] GC(119) Eden regions: 318->0(318)
[99.197s][info][gc,heap        ] GC(119) Survivor regions: 2->2(40)
[99.197s][info][gc,heap        ] GC(119) Old regions: 13->13
[99.197s][info][gc,heap        ] GC(119) Archive regions: 0->0
[99.197s][info][gc,heap        ] GC(119) Humongous regions: 0->0
[99.197s][info][gc,metaspace   ] GC(119) Metaspace: 9910K(10240K)->9910K(10240K) NonClass: 8606K(8832K)->8606K(8832K) Class: 1304K(1408K)->1304K(1408K)
[99.197s][info][gc             ] GC(119) Pause Young (Normal) (G1 Evacuation Pause) 323M->5M(534M) 2.554ms
[99.197s][info][gc,cpu         ] GC(119) User=0.00s Sys=0.00s Real=0.00s
[100.511s][info][gc,start       ] GC(120) Pause Young (Normal) (G1 Evacuation Pause)
[100.512s][info][gc,task        ] GC(120) Using 12 workers of 33 for evacuation
[100.514s][info][gc,phases      ] GC(120)   Pre Evacuate Collection Set: 0.2ms
[100.514s][info][gc,phases      ] GC(120)   Merge Heap Roots: 0.2ms
[100.514s][info][gc,phases      ] GC(120)   Evacuate Collection Set: 1.1ms
[100.514s][info][gc,phases      ] GC(120)   Post Evacuate Collection Set: 0.5ms
[100.514s][info][gc,phases      ] GC(120)   Other: 0.2ms
[100.514s][info][gc,heap        ] GC(120) Eden regions: 318->0(318)
[100.514s][info][gc,heap        ] GC(120) Survivor regions: 2->2(40)
[100.514s][info][gc,heap        ] GC(120) Old regions: 13->13
[100.514s][info][gc,heap        ] GC(120) Archive regions: 0->0
[100.514s][info][gc,heap        ] GC(120) Humongous regions: 0->0
[100.514s][info][gc,metaspace   ] GC(120) Metaspace: 9910K(10240K)->9910K(10240K) NonClass: 8606K(8832K)->8606K(8832K) Class: 1304K(1408K)->1304K(1408K)
[100.514s][info][gc             ] GC(120) Pause Young (Normal) (G1 Evacuation Pause) 323M->5M(534M) 2.545ms
[100.514s][info][gc,cpu         ] GC(120) User=0.00s Sys=0.00s Real=0.00s
[101.848s][info][gc,start       ] GC(121) Pause Young (Normal) (G1 Evacuation Pause)
[101.848s][info][gc,task        ] GC(121) Using 12 workers of 33 for evacuation
[101.850s][info][gc,phases      ] GC(121)   Pre Evacuate Collection Set: 0.2ms
[101.850s][info][gc,phases      ] GC(121)   Merge Heap Roots: 0.2ms
[101.850s][info][gc,phases      ] GC(121)   Evacuate Collection Set: 0.9ms
[101.850s][info][gc,phases      ] GC(121)   Post Evacuate Collection Set: 0.5ms
[101.850s][info][gc,phases      ] GC(121)   Other: 0.2ms
[101.850s][info][gc,heap        ] GC(121) Eden regions: 318->0(318)
[101.850s][info][gc,heap        ] GC(121) Survivor regions: 2->2(40)
[101.850s][info][gc,heap        ] GC(121) Old regions: 13->13
[101.850s][info][gc,heap        ] GC(121) Archive regions: 0->0
[101.850s][info][gc,heap        ] GC(121) Humongous regions: 0->0
[101.850s][info][gc,metaspace   ] GC(121) Metaspace: 9910K(10240K)->9910K(10240K) NonClass: 8606K(8832K)->8606K(8832K) Class: 1304K(1408K)->1304K(1408K)
[101.850s][info][gc             ] GC(121) Pause Young (Normal) (G1 Evacuation Pause) 323M->5M(534M) 2.504ms
[101.851s][info][gc,cpu         ] GC(121) User=0.00s Sys=0.00s Real=0.00s
[103.178s][info][gc,start       ] GC(122) Pause Young (Normal) (G1 Evacuation Pause)
[103.179s][info][gc,task        ] GC(122) Using 12 workers of 33 for evacuation
[103.180s][info][gc,phases      ] GC(122)   Pre Evacuate Collection Set: 0.2ms
[103.181s][info][gc,phases      ] GC(122)   Merge Heap Roots: 0.2ms
[103.181s][info][gc,phases      ] GC(122)   Evacuate Collection Set: 0.9ms
[103.181s][info][gc,phases      ] GC(122)   Post Evacuate Collection Set: 0.5ms
[103.181s][info][gc,phases      ] GC(122)   Other: 0.2ms
[103.181s][info][gc,heap        ] GC(122) Eden regions: 318->0(318)
[103.181s][info][gc,heap        ] GC(122) Survivor regions: 2->2(40)
[103.181s][info][gc,heap        ] GC(122) Old regions: 13->13
[103.181s][info][gc,heap        ] GC(122) Archive regions: 0->0
[103.181s][info][gc,heap        ] GC(122) Humongous regions: 0->0
[103.181s][info][gc,metaspace   ] GC(122) Metaspace: 9910K(10240K)->9910K(10240K) NonClass: 8606K(8832K)->8606K(8832K) Class: 1304K(1408K)->1304K(1408K)
[103.181s][info][gc             ] GC(122) Pause Young (Normal) (G1 Evacuation Pause) 323M->5M(534M) 2.432ms
[103.181s][info][gc,cpu         ] GC(122) User=0.00s Sys=0.00s Real=0.00s
[104.226s][info][gc,start       ] GC(123) Pause Full (System.gc())
[104.226s][info][gc,task        ] GC(123) Using 12 workers of 33 for full compaction
[104.227s][info][gc,phases,start] GC(123) Phase 1: Mark live objects
[104.232s][info][gc,phases      ] GC(123) Phase 1: Mark live objects 4.688ms
[104.232s][info][gc,phases,start] GC(123) Phase 2: Prepare compaction
[104.234s][info][gc,phases      ] GC(123) Phase 2: Prepare compaction 2.699ms
[104.235s][info][gc,phases,start] GC(123) Phase 3: Adjust pointers
[104.238s][info][gc,phases      ] GC(123) Phase 3: Adjust pointers 3.820ms
[104.238s][info][gc,phases,start] GC(123) Phase 4: Compact heap
[104.239s][info][gc,phases      ] GC(123) Phase 4: Compact heap 0.688ms
[104.246s][info][gc,heap        ] GC(123) Eden regions: 250->0(26)
[104.246s][info][gc,heap        ] GC(123) Survivor regions: 2->0(40)
[104.246s][info][gc,heap        ] GC(123) Old regions: 13->13
[104.246s][info][gc,heap        ] GC(123) Archive regions: 0->0
[104.246s][info][gc,heap        ] GC(123) Humongous regions: 0->0
[104.246s][info][gc,metaspace   ] GC(123) Metaspace: 9911K(10240K)->9911K(10240K) NonClass: 8606K(8832K)->8606K(8832K) Class: 1304K(1408K)->1304K(1408K)
[104.246s][info][gc             ] GC(123) Pause Full (System.gc()) 254M->3M(44M) 19.704ms
[104.246s][info][gc,cpu         ] GC(123) User=0.02s Sys=0.00s Real=0.02s
[104.347s][info][gc,start       ] GC(124) Pause Young (Normal) (G1 Evacuation Pause)
[104.347s][info][gc,task        ] GC(124) Using 7 workers of 33 for evacuation
[104.349s][info][gc,phases      ] GC(124)   Pre Evacuate Collection Set: 0.1ms
[104.349s][info][gc,phases      ] GC(124)   Merge Heap Roots: 0.1ms
[104.349s][info][gc,phases      ] GC(124)   Evacuate Collection Set: 1.3ms
[104.349s][info][gc,phases      ] GC(124)   Post Evacuate Collection Set: 0.3ms
[104.349s][info][gc,phases      ] GC(124)   Other: 0.1ms
[104.349s][info][gc,heap        ] GC(124) Eden regions: 26->0(24)
[104.349s][info][gc,heap        ] GC(124) Survivor regions: 0->2(4)
[104.349s][info][gc,heap        ] GC(124) Old regions: 13->13
[104.349s][info][gc,heap        ] GC(124) Archive regions: 0->0
[104.349s][info][gc,heap        ] GC(124) Humongous regions: 0->0
[104.349s][info][gc,metaspace   ] GC(124) Metaspace: 9911K(10240K)->9911K(10240K) NonClass: 8606K(8832K)->8606K(8832K) Class: 1304K(1408K)->1304K(1408K)
[104.349s][info][gc             ] GC(124) Pause Young (Normal) (G1 Evacuation Pause) 29M->5M(44M) 2.342ms
[104.349s][info][gc,cpu         ] GC(124) User=0.00s Sys=0.00s Real=0.00s
[104.462s][info][gc,start       ] GC(125) Pause Young (Normal) (G1 Evacuation Pause)
[104.462s][info][gc,task        ] GC(125) Using 4 workers of 33 for evacuation
[104.464s][info][gc,phases      ] GC(125)   Pre Evacuate Collection Set: 0.1ms
[104.464s][info][gc,phases      ] GC(125)   Merge Heap Roots: 0.1ms
[104.464s][info][gc,phases      ] GC(125)   Evacuate Collection Set: 1.6ms
[104.464s][info][gc,phases      ] GC(125)   Post Evacuate Collection Set: 0.3ms
[104.464s][info][gc,phases      ] GC(125)   Other: 0.1ms
[104.465s][info][gc,heap        ] GC(125) Eden regions: 24->0(24)
[104.465s][info][gc,heap        ] GC(125) Survivor regions: 2->2(4)
[104.465s][info][gc,heap        ] GC(125) Old regions: 13->13
[104.465s][info][gc,heap        ] GC(125) Archive regions: 0->0
[104.465s][info][gc,heap        ] GC(125) Humongous regions: 0->0
[104.465s][info][gc,metaspace   ] GC(125) Metaspace: 9911K(10240K)->9911K(10240K) NonClass: 8606K(8832K)->8606K(8832K) Class: 1304K(1408K)->1304K(1408K)
[104.465s][info][gc             ] GC(125) Pause Young (Normal) (G1 Evacuation Pause) 29M->5M(44M) 2.592ms
[104.465s][info][gc,cpu         ] GC(125) User=0.00s Sys=0.00s Real=0.00s
[104.562s][info][gc,start       ] GC(126) Pause Young (Normal) (G1 Evacuation Pause)
[104.562s][info][gc,task        ] GC(126) Using 3 workers of 33 for evacuation
[104.571s][info][gc,phases      ] GC(126)   Pre Evacuate Collection Set: 0.1ms
[104.571s][info][gc,phases      ] GC(126)   Merge Heap Roots: 0.1ms
[104.571s][info][gc,phases      ] GC(126)   Evacuate Collection Set: 2.2ms
[104.571s][info][gc,phases      ] GC(126)   Post Evacuate Collection Set: 6.4ms
[104.571s][info][gc,phases      ] GC(126)   Other: 0.1ms
[104.571s][info][gc,heap        ] GC(126) Eden regions: 24->0(318)
[104.571s][info][gc,heap        ] GC(126) Survivor regions: 2->2(4)
[104.571s][info][gc,heap        ] GC(126) Old regions: 13->13
[104.571s][info][gc,heap        ] GC(126) Archive regions: 0->0
[104.571s][info][gc,heap        ] GC(126) Humongous regions: 0->0
[104.571s][info][gc,metaspace   ] GC(126) Metaspace: 9911K(10240K)->9911K(10240K) NonClass: 8606K(8832K)->8606K(8832K) Class: 1304K(1408K)->1304K(1408K)
[104.571s][info][gc             ] GC(126) Pause Young (Normal) (G1 Evacuation Pause) 29M->5M(534M) 9.370ms
[104.571s][info][gc,cpu         ] GC(126) User=0.00s Sys=0.02s Real=0.02s
[106.003s][info][gc,start       ] GC(127) Pause Young (Normal) (G1 Evacuation Pause)
[106.003s][info][gc,task        ] GC(127) Using 12 workers of 33 for evacuation
[106.005s][info][gc,phases      ] GC(127)   Pre Evacuate Collection Set: 0.2ms
[106.005s][info][gc,phases      ] GC(127)   Merge Heap Roots: 0.2ms
[106.005s][info][gc,phases      ] GC(127)   Evacuate Collection Set: 1.1ms
[106.005s][info][gc,phases      ] GC(127)   Post Evacuate Collection Set: 0.5ms
[106.005s][info][gc,phases      ] GC(127)   Other: 0.2ms
[106.005s][info][gc,heap        ] GC(127) Eden regions: 318->0(318)
[106.005s][info][gc,heap        ] GC(127) Survivor regions: 2->2(40)
[106.005s][info][gc,heap        ] GC(127) Old regions: 13->13
[106.005s][info][gc,heap        ] GC(127) Archive regions: 0->0
[106.005s][info][gc,heap        ] GC(127) Humongous regions: 0->0
[106.005s][info][gc,metaspace   ] GC(127) Metaspace: 9911K(10240K)->9911K(10240K) NonClass: 8606K(8832K)->8606K(8832K) Class: 1304K(1408K)->1304K(1408K)
[106.005s][info][gc             ] GC(127) Pause Young (Normal) (G1 Evacuation Pause) 323M->5M(534M) 2.648ms
[106.005s][info][gc,cpu         ] GC(127) User=0.00s Sys=0.02s Real=0.01s
[107.338s][info][gc,start       ] GC(128) Pause Young (Normal) (G1 Evacuation Pause)
[107.338s][info][gc,task        ] GC(128) Using 12 workers of 33 for evacuation
[107.340s][info][gc,phases      ] GC(128)   Pre Evacuate Collection Set: 0.2ms
[107.340s][info][gc,phases      ] GC(128)   Merge Heap Roots: 0.2ms
[107.341s][info][gc,phases      ] GC(128)   Evacuate Collection Set: 1.2ms
[107.341s][info][gc,phases      ] GC(128)   Post Evacuate Collection Set: 0.5ms
[107.341s][info][gc,phases      ] GC(128)   Other: 0.2ms
[107.341s][info][gc,heap        ] GC(128) Eden regions: 318->0(318)
[107.341s][info][gc,heap        ] GC(128) Survivor regions: 2->2(40)
[107.341s][info][gc,heap        ] GC(128) Old regions: 13->13
[107.341s][info][gc,heap        ] GC(128) Archive regions: 0->0
[107.341s][info][gc,heap        ] GC(128) Humongous regions: 0->0
[107.341s][info][gc,metaspace   ] GC(128) Metaspace: 9911K(10240K)->9911K(10240K) NonClass: 8606K(8832K)->8606K(8832K) Class: 1304K(1408K)->1304K(1408K)
[107.341s][info][gc             ] GC(128) Pause Young (Normal) (G1 Evacuation Pause) 323M->5M(534M) 2.715ms
[107.341s][info][gc,cpu         ] GC(128) User=0.00s Sys=0.00s Real=0.00s
[108.693s][info][gc,start       ] GC(129) Pause Young (Normal) (G1 Evacuation Pause)
[108.693s][info][gc,task        ] GC(129) Using 12 workers of 33 for evacuation
[108.695s][info][gc,phases      ] GC(129)   Pre Evacuate Collection Set: 0.2ms
[108.695s][info][gc,phases      ] GC(129)   Merge Heap Roots: 0.2ms
[108.695s][info][gc,phases      ] GC(129)   Evacuate Collection Set: 0.9ms
[108.695s][info][gc,phases      ] GC(129)   Post Evacuate Collection Set: 0.5ms
[108.695s][info][gc,phases      ] GC(129)   Other: 0.2ms
[108.695s][info][gc,heap        ] GC(129) Eden regions: 318->0(318)
[108.695s][info][gc,heap        ] GC(129) Survivor regions: 2->2(40)
[108.695s][info][gc,heap        ] GC(129) Old regions: 13->13
[108.695s][info][gc,heap        ] GC(129) Archive regions: 0->0
[108.695s][info][gc,heap        ] GC(129) Humongous regions: 0->0
[108.695s][info][gc,metaspace   ] GC(129) Metaspace: 9911K(10240K)->9911K(10240K) NonClass: 8606K(8832K)->8606K(8832K) Class: 1304K(1408K)->1304K(1408K)
[108.695s][info][gc             ] GC(129) Pause Young (Normal) (G1 Evacuation Pause) 323M->5M(534M) 2.437ms
[108.695s][info][gc,cpu         ] GC(129) User=0.14s Sys=0.00s Real=0.02s
[110.010s][info][gc,start       ] GC(130) Pause Young (Normal) (G1 Evacuation Pause)
[110.011s][info][gc,task        ] GC(130) Using 12 workers of 33 for evacuation
[110.012s][info][gc,phases      ] GC(130)   Pre Evacuate Collection Set: 0.2ms
[110.012s][info][gc,phases      ] GC(130)   Merge Heap Roots: 0.2ms
[110.012s][info][gc,phases      ] GC(130)   Evacuate Collection Set: 0.8ms
[110.013s][info][gc,phases      ] GC(130)   Post Evacuate Collection Set: 0.5ms
[110.013s][info][gc,phases      ] GC(130)   Other: 0.2ms
[110.013s][info][gc,heap        ] GC(130) Eden regions: 318->0(318)
[110.013s][info][gc,heap        ] GC(130) Survivor regions: 2->2(40)
[110.013s][info][gc,heap        ] GC(130) Old regions: 13->13
[110.013s][info][gc,heap        ] GC(130) Archive regions: 0->0
[110.013s][info][gc,heap        ] GC(130) Humongous regions: 0->0
[110.013s][info][gc,metaspace   ] GC(130) Metaspace: 9911K(10240K)->9911K(10240K) NonClass: 8606K(8832K)->8606K(8832K) Class: 1304K(1408K)->1304K(1408K)
[110.013s][info][gc             ] GC(130) Pause Young (Normal) (G1 Evacuation Pause) 323M->5M(534M) 2.385ms
[110.013s][info][gc,cpu         ] GC(130) User=0.00s Sys=0.00s Real=0.00s
[111.092s][info][gc,start       ] GC(131) Pause Full (System.gc())
[111.092s][info][gc,task        ] GC(131) Using 12 workers of 33 for full compaction
[111.093s][info][gc,phases,start] GC(131) Phase 1: Mark live objects
[111.098s][info][gc,phases      ] GC(131) Phase 1: Mark live objects 4.787ms
[111.098s][info][gc,phases,start] GC(131) Phase 2: Prepare compaction
[111.101s][info][gc,phases      ] GC(131) Phase 2: Prepare compaction 3.489ms
[111.101s][info][gc,phases,start] GC(131) Phase 3: Adjust pointers
[111.105s][info][gc,phases      ] GC(131) Phase 3: Adjust pointers 3.563ms
[111.105s][info][gc,phases,start] GC(131) Phase 4: Compact heap
[111.105s][info][gc,phases      ] GC(131) Phase 4: Compact heap 0.591ms
[111.111s][info][gc,heap        ] GC(131) Eden regions: 255->0(26)
[111.112s][info][gc,heap        ] GC(131) Survivor regions: 2->0(40)
[111.112s][info][gc,heap        ] GC(131) Old regions: 13->13
[111.112s][info][gc,heap        ] GC(131) Archive regions: 0->0
[111.112s][info][gc,heap        ] GC(131) Humongous regions: 0->0
[111.112s][info][gc,metaspace   ] GC(131) Metaspace: 9911K(10240K)->9911K(10240K) NonClass: 8607K(8832K)->8607K(8832K) Class: 1304K(1408K)->1304K(1408K)
[111.112s][info][gc             ] GC(131) Pause Full (System.gc()) 259M->3M(44M) 19.635ms
[111.112s][info][gc,cpu         ] GC(131) User=0.19s Sys=0.00s Real=0.02s
[111.212s][info][gc,start       ] GC(132) Pause Young (Normal) (G1 Evacuation Pause)
[111.212s][info][gc,task        ] GC(132) Using 7 workers of 33 for evacuation
[111.214s][info][gc,phases      ] GC(132)   Pre Evacuate Collection Set: 0.1ms
[111.214s][info][gc,phases      ] GC(132)   Merge Heap Roots: 0.1ms
[111.214s][info][gc,phases      ] GC(132)   Evacuate Collection Set: 1.3ms
[111.214s][info][gc,phases      ] GC(132)   Post Evacuate Collection Set: 0.3ms
[111.214s][info][gc,phases      ] GC(132)   Other: 0.1ms
[111.214s][info][gc,heap        ] GC(132) Eden regions: 26->0(24)
[111.214s][info][gc,heap        ] GC(132) Survivor regions: 0->2(4)
[111.214s][info][gc,heap        ] GC(132) Old regions: 13->13
[111.214s][info][gc,heap        ] GC(132) Archive regions: 0->0
[111.214s][info][gc,heap        ] GC(132) Humongous regions: 0->0
[111.214s][info][gc,metaspace   ] GC(132) Metaspace: 9911K(10240K)->9911K(10240K) NonClass: 8607K(8832K)->8607K(8832K) Class: 1304K(1408K)->1304K(1408K)
[111.214s][info][gc             ] GC(132) Pause Young (Normal) (G1 Evacuation Pause) 29M->5M(44M) 2.397ms
[111.214s][info][gc,cpu         ] GC(132) User=0.00s Sys=0.00s Real=0.00s
[111.313s][info][gc,start       ] GC(133) Pause Young (Normal) (G1 Evacuation Pause)
[111.313s][info][gc,task        ] GC(133) Using 4 workers of 33 for evacuation
[111.315s][info][gc,phases      ] GC(133)   Pre Evacuate Collection Set: 0.1ms
[111.315s][info][gc,phases      ] GC(133)   Merge Heap Roots: 0.1ms
[111.315s][info][gc,phases      ] GC(133)   Evacuate Collection Set: 1.7ms
[111.315s][info][gc,phases      ] GC(133)   Post Evacuate Collection Set: 0.3ms
[111.315s][info][gc,phases      ] GC(133)   Other: 0.1ms
[111.315s][info][gc,heap        ] GC(133) Eden regions: 24->0(24)
[111.315s][info][gc,heap        ] GC(133) Survivor regions: 2->2(4)
[111.315s][info][gc,heap        ] GC(133) Old regions: 13->13
[111.315s][info][gc,heap        ] GC(133) Archive regions: 0->0
[111.315s][info][gc,heap        ] GC(133) Humongous regions: 0->0
[111.315s][info][gc,metaspace   ] GC(133) Metaspace: 9911K(10240K)->9911K(10240K) NonClass: 8607K(8832K)->8607K(8832K) Class: 1304K(1408K)->1304K(1408K)
[111.315s][info][gc             ] GC(133) Pause Young (Normal) (G1 Evacuation Pause) 29M->5M(44M) 2.717ms
[111.315s][info][gc,cpu         ] GC(133) User=0.00s Sys=0.00s Real=0.00s
[111.411s][info][gc,start       ] GC(134) Pause Young (Normal) (G1 Evacuation Pause)
[111.412s][info][gc,task        ] GC(134) Using 3 workers of 33 for evacuation
[111.420s][info][gc,phases      ] GC(134)   Pre Evacuate Collection Set: 0.1ms
[111.420s][info][gc,phases      ] GC(134)   Merge Heap Roots: 0.1ms
[111.421s][info][gc,phases      ] GC(134)   Evacuate Collection Set: 2.3ms
[111.421s][info][gc,phases      ] GC(134)   Post Evacuate Collection Set: 6.4ms
[111.421s][info][gc,phases      ] GC(134)   Other: 0.1ms
[111.421s][info][gc,heap        ] GC(134) Eden regions: 24->0(318)
[111.421s][info][gc,heap        ] GC(134) Survivor regions: 2->2(4)
[111.421s][info][gc,heap        ] GC(134) Old regions: 13->13
[111.421s][info][gc,heap        ] GC(134) Archive regions: 0->0
[111.421s][info][gc,heap        ] GC(134) Humongous regions: 0->0
[111.421s][info][gc,metaspace   ] GC(134) Metaspace: 9911K(10240K)->9911K(10240K) NonClass: 8607K(8832K)->8607K(8832K) Class: 1304K(1408K)->1304K(1408K)
[111.421s][info][gc             ] GC(134) Pause Young (Normal) (G1 Evacuation Pause) 29M->5M(534M) 9.422ms
[111.421s][info][gc,cpu         ] GC(134) User=0.00s Sys=0.00s Real=0.00s
[112.831s][info][gc,start       ] GC(135) Pause Young (Normal) (G1 Evacuation Pause)
[112.831s][info][gc,task        ] GC(135) Using 12 workers of 33 for evacuation
[112.833s][info][gc,phases      ] GC(135)   Pre Evacuate Collection Set: 0.2ms
[112.834s][info][gc,phases      ] GC(135)   Merge Heap Roots: 0.2ms
[112.834s][info][gc,phases      ] GC(135)   Evacuate Collection Set: 1.1ms
[112.834s][info][gc,phases      ] GC(135)   Post Evacuate Collection Set: 0.5ms
[112.834s][info][gc,phases      ] GC(135)   Other: 0.2ms
[112.834s][info][gc,heap        ] GC(135) Eden regions: 318->0(318)
[112.834s][info][gc,heap        ] GC(135) Survivor regions: 2->2(40)
[112.834s][info][gc,heap        ] GC(135) Old regions: 13->13
[112.834s][info][gc,heap        ] GC(135) Archive regions: 0->0
[112.834s][info][gc,heap        ] GC(135) Humongous regions: 0->0
[112.834s][info][gc,metaspace   ] GC(135) Metaspace: 9911K(10240K)->9911K(10240K) NonClass: 8607K(8832K)->8607K(8832K) Class: 1304K(1408K)->1304K(1408K)
[112.834s][info][gc             ] GC(135) Pause Young (Normal) (G1 Evacuation Pause) 323M->5M(534M) 2.557ms
[112.834s][info][gc,cpu         ] GC(135) User=0.00s Sys=0.00s Real=0.00s
[114.162s][info][gc,start       ] GC(136) Pause Young (Normal) (G1 Evacuation Pause)
[114.162s][info][gc,task        ] GC(136) Using 12 workers of 33 for evacuation
[114.164s][info][gc,phases      ] GC(136)   Pre Evacuate Collection Set: 0.2ms
[114.164s][info][gc,phases      ] GC(136)   Merge Heap Roots: 0.2ms
[114.164s][info][gc,phases      ] GC(136)   Evacuate Collection Set: 1.1ms
[114.164s][info][gc,phases      ] GC(136)   Post Evacuate Collection Set: 0.5ms
[114.164s][info][gc,phases      ] GC(136)   Other: 0.2ms
[114.164s][info][gc,heap        ] GC(136) Eden regions: 318->0(318)
[114.164s][info][gc,heap        ] GC(136) Survivor regions: 2->2(40)
[114.164s][info][gc,heap        ] GC(136) Old regions: 13->13
[114.164s][info][gc,heap        ] GC(136) Archive regions: 0->0
[114.164s][info][gc,heap        ] GC(136) Humongous regions: 0->0
[114.164s][info][gc,metaspace   ] GC(136) Metaspace: 9911K(10240K)->9911K(10240K) NonClass: 8607K(8832K)->8607K(8832K) Class: 1304K(1408K)->1304K(1408K)
[114.164s][info][gc             ] GC(136) Pause Young (Normal) (G1 Evacuation Pause) 323M->5M(534M) 2.575ms
[114.164s][info][gc,cpu         ] GC(136) User=0.00s Sys=0.00s Real=0.00s
[115.494s][info][gc,start       ] GC(137) Pause Young (Normal) (G1 Evacuation Pause)
[115.494s][info][gc,task        ] GC(137) Using 12 workers of 33 for evacuation
[115.496s][info][gc,phases      ] GC(137)   Pre Evacuate Collection Set: 0.2ms
[115.496s][info][gc,phases      ] GC(137)   Merge Heap Roots: 0.2ms
[115.496s][info][gc,phases      ] GC(137)   Evacuate Collection Set: 0.9ms
[115.496s][info][gc,phases      ] GC(137)   Post Evacuate Collection Set: 0.5ms
[115.496s][info][gc,phases      ] GC(137)   Other: 0.2ms
[115.496s][info][gc,heap        ] GC(137) Eden regions: 318->0(318)
[115.496s][info][gc,heap        ] GC(137) Survivor regions: 2->2(40)
[115.496s][info][gc,heap        ] GC(137) Old regions: 13->13
[115.496s][info][gc,heap        ] GC(137) Archive regions: 0->0
[115.496s][info][gc,heap        ] GC(137) Humongous regions: 0->0
[115.496s][info][gc,metaspace   ] GC(137) Metaspace: 9911K(10240K)->9911K(10240K) NonClass: 8607K(8832K)->8607K(8832K) Class: 1304K(1408K)->1304K(1408K)
[115.496s][info][gc             ] GC(137) Pause Young (Normal) (G1 Evacuation Pause) 323M->5M(534M) 2.369ms
[115.496s][info][gc,cpu         ] GC(137) User=0.00s Sys=0.00s Real=0.00s
[116.832s][info][gc,start       ] GC(138) Pause Young (Normal) (G1 Evacuation Pause)
[116.832s][info][gc,task        ] GC(138) Using 12 workers of 33 for evacuation
[116.834s][info][gc,phases      ] GC(138)   Pre Evacuate Collection Set: 0.2ms
[116.834s][info][gc,phases      ] GC(138)   Merge Heap Roots: 0.2ms
[116.834s][info][gc,phases      ] GC(138)   Evacuate Collection Set: 0.8ms
[116.834s][info][gc,phases      ] GC(138)   Post Evacuate Collection Set: 0.5ms
[116.834s][info][gc,phases      ] GC(138)   Other: 0.2ms
[116.834s][info][gc,heap        ] GC(138) Eden regions: 318->0(318)
[116.834s][info][gc,heap        ] GC(138) Survivor regions: 2->2(40)
[116.834s][info][gc,heap        ] GC(138) Old regions: 13->13
[116.834s][info][gc,heap        ] GC(138) Archive regions: 0->0
[116.834s][info][gc,heap        ] GC(138) Humongous regions: 0->0
[116.834s][info][gc,metaspace   ] GC(138) Metaspace: 9911K(10240K)->9911K(10240K) NonClass: 8607K(8832K)->8607K(8832K) Class: 1304K(1408K)->1304K(1408K)
[116.834s][info][gc             ] GC(138) Pause Young (Normal) (G1 Evacuation Pause) 323M->5M(534M) 2.374ms
[116.834s][info][gc,cpu         ] GC(138) User=0.00s Sys=0.00s Real=0.00s
[117.908s][info][gc,start       ] GC(139) Pause Full (System.gc())
[117.909s][info][gc,task        ] GC(139) Using 12 workers of 33 for full compaction
[117.909s][info][gc,phases,start] GC(139) Phase 1: Mark live objects
[117.914s][info][gc,phases      ] GC(139) Phase 1: Mark live objects 4.745ms
[117.914s][info][gc,phases,start] GC(139) Phase 2: Prepare compaction
[117.918s][info][gc,phases      ] GC(139) Phase 2: Prepare compaction 3.704ms
[117.918s][info][gc,phases,start] GC(139) Phase 3: Adjust pointers
[117.922s][info][gc,phases      ] GC(139) Phase 3: Adjust pointers 3.862ms
[117.922s][info][gc,phases,start] GC(139) Phase 4: Compact heap
[117.922s][info][gc,phases      ] GC(139) Phase 4: Compact heap 0.588ms
[117.928s][info][gc,heap        ] GC(139) Eden regions: 258->0(26)
[117.928s][info][gc,heap        ] GC(139) Survivor regions: 2->0(40)
[117.928s][info][gc,heap        ] GC(139) Old regions: 13->13
[117.928s][info][gc,heap        ] GC(139) Archive regions: 0->0
[117.928s][info][gc,heap        ] GC(139) Humongous regions: 0->0
[117.929s][info][gc,metaspace   ] GC(139) Metaspace: 9911K(10240K)->9911K(10240K) NonClass: 8607K(8832K)->8607K(8832K) Class: 1304K(1408K)->1304K(1408K)
[117.929s][info][gc             ] GC(139) Pause Full (System.gc()) 262M->3M(44M) 20.162ms
[117.929s][info][gc,cpu         ] GC(139) User=0.02s Sys=0.00s Real=0.02s
[118.034s][info][gc,start       ] GC(140) Pause Young (Normal) (G1 Evacuation Pause)
[118.034s][info][gc,task        ] GC(140) Using 7 workers of 33 for evacuation
[118.036s][info][gc,phases      ] GC(140)   Pre Evacuate Collection Set: 0.1ms
[118.036s][info][gc,phases      ] GC(140)   Merge Heap Roots: 0.1ms
[118.036s][info][gc,phases      ] GC(140)   Evacuate Collection Set: 1.2ms
[118.036s][info][gc,phases      ] GC(140)   Post Evacuate Collection Set: 0.3ms
[118.036s][info][gc,phases      ] GC(140)   Other: 0.1ms
[118.036s][info][gc,heap        ] GC(140) Eden regions: 26->0(24)
[118.036s][info][gc,heap        ] GC(140) Survivor regions: 0->2(4)
[118.036s][info][gc,heap        ] GC(140) Old regions: 13->13
[118.036s][info][gc,heap        ] GC(140) Archive regions: 0->0
[118.036s][info][gc,heap        ] GC(140) Humongous regions: 0->0
[118.036s][info][gc,metaspace   ] GC(140) Metaspace: 9911K(10240K)->9911K(10240K) NonClass: 8607K(8832K)->8607K(8832K) Class: 1304K(1408K)->1304K(1408K)
[118.036s][info][gc             ] GC(140) Pause Young (Normal) (G1 Evacuation Pause) 29M->5M(44M) 2.309ms
[118.036s][info][gc,cpu         ] GC(140) User=0.00s Sys=0.00s Real=0.00s
[118.144s][info][gc,start       ] GC(141) Pause Young (Normal) (G1 Evacuation Pause)
[118.145s][info][gc,task        ] GC(141) Using 4 workers of 33 for evacuation
[118.147s][info][gc,phases      ] GC(141)   Pre Evacuate Collection Set: 0.1ms
[118.147s][info][gc,phases      ] GC(141)   Merge Heap Roots: 0.1ms
[118.147s][info][gc,phases      ] GC(141)   Evacuate Collection Set: 1.8ms
[118.147s][info][gc,phases      ] GC(141)   Post Evacuate Collection Set: 0.2ms
[118.147s][info][gc,phases      ] GC(141)   Other: 0.1ms
[118.147s][info][gc,heap        ] GC(141) Eden regions: 24->0(24)
[118.147s][info][gc,heap        ] GC(141) Survivor regions: 2->2(4)
[118.147s][info][gc,heap        ] GC(141) Old regions: 13->13
[118.147s][info][gc,heap        ] GC(141) Archive regions: 0->0
[118.147s][info][gc,heap        ] GC(141) Humongous regions: 0->0
[118.147s][info][gc,metaspace   ] GC(141) Metaspace: 9911K(10240K)->9911K(10240K) NonClass: 8607K(8832K)->8607K(8832K) Class: 1304K(1408K)->1304K(1408K)
[118.147s][info][gc             ] GC(141) Pause Young (Normal) (G1 Evacuation Pause) 29M->5M(44M) 2.807ms
[118.147s][info][gc,cpu         ] GC(141) User=0.00s Sys=0.00s Real=0.00s
[118.242s][info][gc,start       ] GC(142) Pause Young (Normal) (G1 Evacuation Pause)
[118.242s][info][gc,task        ] GC(142) Using 3 workers of 33 for evacuation
[118.250s][info][gc,phases      ] GC(142)   Pre Evacuate Collection Set: 0.1ms
[118.250s][info][gc,phases      ] GC(142)   Merge Heap Roots: 0.1ms
[118.250s][info][gc,phases      ] GC(142)   Evacuate Collection Set: 2.4ms
[118.250s][info][gc,phases      ] GC(142)   Post Evacuate Collection Set: 5.8ms
[118.250s][info][gc,phases      ] GC(142)   Other: 0.1ms
[118.250s][info][gc,heap        ] GC(142) Eden regions: 24->0(318)
[118.250s][info][gc,heap        ] GC(142) Survivor regions: 2->2(4)
[118.251s][info][gc,heap        ] GC(142) Old regions: 13->13
[118.251s][info][gc,heap        ] GC(142) Archive regions: 0->0
[118.251s][info][gc,heap        ] GC(142) Humongous regions: 0->0
[118.251s][info][gc,metaspace   ] GC(142) Metaspace: 9911K(10240K)->9911K(10240K) NonClass: 8607K(8832K)->8607K(8832K) Class: 1304K(1408K)->1304K(1408K)
[118.251s][info][gc             ] GC(142) Pause Young (Normal) (G1 Evacuation Pause) 29M->5M(534M) 8.921ms
[118.251s][info][gc,cpu         ] GC(142) User=0.02s Sys=0.00s Real=0.02s
[119.669s][info][gc,start       ] GC(143) Pause Young (Normal) (G1 Evacuation Pause)
[119.670s][info][gc,task        ] GC(143) Using 12 workers of 33 for evacuation
[119.672s][info][gc,phases      ] GC(143)   Pre Evacuate Collection Set: 0.2ms
[119.672s][info][gc,phases      ] GC(143)   Merge Heap Roots: 0.2ms
[119.672s][info][gc,phases      ] GC(143)   Evacuate Collection Set: 1.1ms
[119.672s][info][gc,phases      ] GC(143)   Post Evacuate Collection Set: 0.5ms
[119.672s][info][gc,phases      ] GC(143)   Other: 0.2ms
[119.672s][info][gc,heap        ] GC(143) Eden regions: 318->0(318)
[119.672s][info][gc,heap        ] GC(143) Survivor regions: 2->2(40)
[119.672s][info][gc,heap        ] GC(143) Old regions: 13->13
[119.672s][info][gc,heap        ] GC(143) Archive regions: 0->0
[119.672s][info][gc,heap        ] GC(143) Humongous regions: 0->0
[119.672s][info][gc,metaspace   ] GC(143) Metaspace: 9911K(10240K)->9911K(10240K) NonClass: 8607K(8832K)->8607K(8832K) Class: 1304K(1408K)->1304K(1408K)
[119.672s][info][gc             ] GC(143) Pause Young (Normal) (G1 Evacuation Pause) 323M->5M(534M) 2.645ms
[119.672s][info][gc,cpu         ] GC(143) User=0.02s Sys=0.00s Real=0.02s
[120.998s][info][gc,start       ] GC(144) Pause Young (Normal) (G1 Evacuation Pause)
[120.999s][info][gc,task        ] GC(144) Using 12 workers of 33 for evacuation
[121.001s][info][gc,phases      ] GC(144)   Pre Evacuate Collection Set: 0.2ms
[121.001s][info][gc,phases      ] GC(144)   Merge Heap Roots: 0.2ms
[121.001s][info][gc,phases      ] GC(144)   Evacuate Collection Set: 1.2ms
[121.001s][info][gc,phases      ] GC(144)   Post Evacuate Collection Set: 0.5ms
[121.001s][info][gc,phases      ] GC(144)   Other: 0.2ms
[121.001s][info][gc,heap        ] GC(144) Eden regions: 318->0(318)
[121.001s][info][gc,heap        ] GC(144) Survivor regions: 2->2(40)
[121.001s][info][gc,heap        ] GC(144) Old regions: 13->13
[121.001s][info][gc,heap        ] GC(144) Archive regions: 0->0
[121.001s][info][gc,heap        ] GC(144) Humongous regions: 0->0
[121.001s][info][gc,metaspace   ] GC(144) Metaspace: 9911K(10240K)->9911K(10240K) NonClass: 8607K(8832K)->8607K(8832K) Class: 1304K(1408K)->1304K(1408K)
[121.001s][info][gc             ] GC(144) Pause Young (Normal) (G1 Evacuation Pause) 323M->5M(534M) 2.701ms
[121.001s][info][gc,cpu         ] GC(144) User=0.11s Sys=0.08s Real=0.01s
[122.340s][info][gc,start       ] GC(145) Pause Young (Normal) (G1 Evacuation Pause)
[122.340s][info][gc,task        ] GC(145) Using 12 workers of 33 for evacuation
[122.342s][info][gc,phases      ] GC(145)   Pre Evacuate Collection Set: 0.2ms
[122.342s][info][gc,phases      ] GC(145)   Merge Heap Roots: 0.2ms
[122.342s][info][gc,phases      ] GC(145)   Evacuate Collection Set: 0.9ms
[122.342s][info][gc,phases      ] GC(145)   Post Evacuate Collection Set: 0.5ms
[122.342s][info][gc,phases      ] GC(145)   Other: 0.2ms
[122.342s][info][gc,heap        ] GC(145) Eden regions: 318->0(318)
[122.342s][info][gc,heap        ] GC(145) Survivor regions: 2->2(40)
[122.342s][info][gc,heap        ] GC(145) Old regions: 13->13
[122.342s][info][gc,heap        ] GC(145) Archive regions: 0->0
[122.342s][info][gc,heap        ] GC(145) Humongous regions: 0->0
[122.342s][info][gc,metaspace   ] GC(145) Metaspace: 9911K(10240K)->9911K(10240K) NonClass: 8607K(8832K)->8607K(8832K) Class: 1304K(1408K)->1304K(1408K)
[122.342s][info][gc             ] GC(145) Pause Young (Normal) (G1 Evacuation Pause) 323M->5M(534M) 2.338ms
[122.342s][info][gc,cpu         ] GC(145) User=0.00s Sys=0.00s Real=0.00s
[123.682s][info][gc,start       ] GC(146) Pause Young (Normal) (G1 Evacuation Pause)
[123.682s][info][gc,task        ] GC(146) Using 12 workers of 33 for evacuation
[123.684s][info][gc,phases      ] GC(146)   Pre Evacuate Collection Set: 0.2ms
[123.684s][info][gc,phases      ] GC(146)   Merge Heap Roots: 0.2ms
[123.684s][info][gc,phases      ] GC(146)   Evacuate Collection Set: 0.9ms
[123.684s][info][gc,phases      ] GC(146)   Post Evacuate Collection Set: 0.5ms
[123.684s][info][gc,phases      ] GC(146)   Other: 0.2ms
[123.684s][info][gc,heap        ] GC(146) Eden regions: 318->0(318)
[123.684s][info][gc,heap        ] GC(146) Survivor regions: 2->2(40)
[123.684s][info][gc,heap        ] GC(146) Old regions: 13->13
[123.684s][info][gc,heap        ] GC(146) Archive regions: 0->0
[123.684s][info][gc,heap        ] GC(146) Humongous regions: 0->0
[123.684s][info][gc,metaspace   ] GC(146) Metaspace: 9911K(10240K)->9911K(10240K) NonClass: 8607K(8832K)->8607K(8832K) Class: 1304K(1408K)->1304K(1408K)
[123.684s][info][gc             ] GC(146) Pause Young (Normal) (G1 Evacuation Pause) 323M->5M(534M) 2.388ms
[123.684s][info][gc,cpu         ] GC(146) User=0.00s Sys=0.00s Real=0.00s
[124.741s][info][gc,start       ] GC(147) Pause Full (System.gc())
[124.742s][info][gc,task        ] GC(147) Using 12 workers of 33 for full compaction
[124.742s][info][gc,phases,start] GC(147) Phase 1: Mark live objects
[124.747s][info][gc,phases      ] GC(147) Phase 1: Mark live objects 4.864ms
[124.747s][info][gc,phases,start] GC(147) Phase 2: Prepare compaction
[124.751s][info][gc,phases      ] GC(147) Phase 2: Prepare compaction 3.758ms
[124.751s][info][gc,phases,start] GC(147) Phase 3: Adjust pointers
[124.755s][info][gc,phases      ] GC(147) Phase 3: Adjust pointers 3.857ms
[124.755s][info][gc,phases,start] GC(147) Phase 4: Compact heap
[124.755s][info][gc,phases      ] GC(147) Phase 4: Compact heap 0.655ms
[124.762s][info][gc,heap        ] GC(147) Eden regions: 254->0(26)
[124.762s][info][gc,heap        ] GC(147) Survivor regions: 2->0(40)
[124.762s][info][gc,heap        ] GC(147) Old regions: 13->13
[124.762s][info][gc,heap        ] GC(147) Archive regions: 0->0
[124.762s][info][gc,heap        ] GC(147) Humongous regions: 0->0
[124.762s][info][gc,metaspace   ] GC(147) Metaspace: 9912K(10240K)->9912K(10240K) NonClass: 8608K(8832K)->8608K(8832K) Class: 1304K(1408K)->1304K(1408K)
[124.762s][info][gc             ] GC(147) Pause Full (System.gc()) 259M->3M(44M) 20.377ms
[124.762s][info][gc,cpu         ] GC(147) User=0.13s Sys=0.00s Real=0.02s
[124.862s][info][gc,start       ] GC(148) Pause Young (Normal) (G1 Evacuation Pause)
[124.863s][info][gc,task        ] GC(148) Using 7 workers of 33 for evacuation
[124.864s][info][gc,phases      ] GC(148)   Pre Evacuate Collection Set: 0.1ms
[124.864s][info][gc,phases      ] GC(148)   Merge Heap Roots: 0.1ms
[124.864s][info][gc,phases      ] GC(148)   Evacuate Collection Set: 1.1ms
[124.864s][info][gc,phases      ] GC(148)   Post Evacuate Collection Set: 0.3ms
[124.864s][info][gc,phases      ] GC(148)   Other: 0.1ms
[124.864s][info][gc,heap        ] GC(148) Eden regions: 26->0(24)
[124.864s][info][gc,heap        ] GC(148) Survivor regions: 0->2(4)
[124.865s][info][gc,heap        ] GC(148) Old regions: 13->13
[124.865s][info][gc,heap        ] GC(148) Archive regions: 0->0
[124.865s][info][gc,heap        ] GC(148) Humongous regions: 0->0
[124.865s][info][gc,metaspace   ] GC(148) Metaspace: 9913K(10240K)->9913K(10240K) NonClass: 8608K(8832K)->8608K(8832K) Class: 1304K(1408K)->1304K(1408K)
[124.865s][info][gc             ] GC(148) Pause Young (Normal) (G1 Evacuation Pause) 29M->5M(44M) 2.283ms
[124.865s][info][gc,cpu         ] GC(148) User=0.00s Sys=0.02s Real=0.01s
[124.968s][info][gc,start       ] GC(149) Pause Young (Normal) (G1 Evacuation Pause)
[124.968s][info][gc,task        ] GC(149) Using 4 workers of 33 for evacuation
[124.970s][info][gc,phases      ] GC(149)   Pre Evacuate Collection Set: 0.1ms
[124.970s][info][gc,phases      ] GC(149)   Merge Heap Roots: 0.1ms
[124.970s][info][gc,phases      ] GC(149)   Evacuate Collection Set: 1.6ms
[124.970s][info][gc,phases      ] GC(149)   Post Evacuate Collection Set: 0.3ms
[124.970s][info][gc,phases      ] GC(149)   Other: 0.1ms
[124.970s][info][gc,heap        ] GC(149) Eden regions: 24->0(24)
[124.970s][info][gc,heap        ] GC(149) Survivor regions: 2->2(4)
[124.970s][info][gc,heap        ] GC(149) Old regions: 13->13
[124.970s][info][gc,heap        ] GC(149) Archive regions: 0->0
[124.970s][info][gc,heap        ] GC(149) Humongous regions: 0->0
[124.970s][info][gc,metaspace   ] GC(149) Metaspace: 9913K(10240K)->9913K(10240K) NonClass: 8608K(8832K)->8608K(8832K) Class: 1304K(1408K)->1304K(1408K)
[124.971s][info][gc             ] GC(149) Pause Young (Normal) (G1 Evacuation Pause) 29M->5M(44M) 2.661ms
[124.971s][info][gc,cpu         ] GC(149) User=0.00s Sys=0.00s Real=0.00s
[125.062s][info][gc,start       ] GC(150) Pause Young (Normal) (G1 Evacuation Pause)
[125.062s][info][gc,task        ] GC(150) Using 3 workers of 33 for evacuation
[125.071s][info][gc,phases      ] GC(150)   Pre Evacuate Collection Set: 0.1ms
[125.071s][info][gc,phases      ] GC(150)   Merge Heap Roots: 0.1ms
[125.071s][info][gc,phases      ] GC(150)   Evacuate Collection Set: 2.1ms
[125.071s][info][gc,phases      ] GC(150)   Post Evacuate Collection Set: 6.3ms
[125.071s][info][gc,phases      ] GC(150)   Other: 0.1ms
[125.071s][info][gc,heap        ] GC(150) Eden regions: 24->0(318)
[125.071s][info][gc,heap        ] GC(150) Survivor regions: 2->2(4)
[125.071s][info][gc,heap        ] GC(150) Old regions: 13->13
[125.071s][info][gc,heap        ] GC(150) Archive regions: 0->0
[125.071s][info][gc,heap        ] GC(150) Humongous regions: 0->0
[125.071s][info][gc,metaspace   ] GC(150) Metaspace: 9913K(10240K)->9913K(10240K) NonClass: 8608K(8832K)->8608K(8832K) Class: 1304K(1408K)->1304K(1408K)
[125.071s][info][gc             ] GC(150) Pause Young (Normal) (G1 Evacuation Pause) 29M->5M(534M) 9.207ms
[125.071s][info][gc,cpu         ] GC(150) User=0.00s Sys=0.00s Real=0.00s
[126.480s][info][gc,start       ] GC(151) Pause Young (Normal) (G1 Evacuation Pause)
[126.480s][info][gc,task        ] GC(151) Using 12 workers of 33 for evacuation
[126.482s][info][gc,phases      ] GC(151)   Pre Evacuate Collection Set: 0.2ms
[126.482s][info][gc,phases      ] GC(151)   Merge Heap Roots: 0.2ms
[126.483s][info][gc,phases      ] GC(151)   Evacuate Collection Set: 1.1ms
[126.483s][info][gc,phases      ] GC(151)   Post Evacuate Collection Set: 0.5ms
[126.483s][info][gc,phases      ] GC(151)   Other: 0.2ms
[126.483s][info][gc,heap        ] GC(151) Eden regions: 318->0(318)
[126.483s][info][gc,heap        ] GC(151) Survivor regions: 2->2(40)
[126.483s][info][gc,heap        ] GC(151) Old regions: 13->13
[126.483s][info][gc,heap        ] GC(151) Archive regions: 0->0
[126.483s][info][gc,heap        ] GC(151) Humongous regions: 0->0
[126.483s][info][gc,metaspace   ] GC(151) Metaspace: 9913K(10240K)->9913K(10240K) NonClass: 8608K(8832K)->8608K(8832K) Class: 1304K(1408K)->1304K(1408K)
[126.483s][info][gc             ] GC(151) Pause Young (Normal) (G1 Evacuation Pause) 323M->5M(534M) 2.616ms
[126.483s][info][gc,cpu         ] GC(151) User=0.00s Sys=0.00s Real=0.00s
[127.825s][info][gc,start       ] GC(152) Pause Young (Normal) (G1 Evacuation Pause)
[127.825s][info][gc,task        ] GC(152) Using 12 workers of 33 for evacuation
[127.828s][info][gc,phases      ] GC(152)   Pre Evacuate Collection Set: 0.1ms
[127.828s][info][gc,phases      ] GC(152)   Merge Heap Roots: 0.2ms
[127.828s][info][gc,phases      ] GC(152)   Evacuate Collection Set: 1.4ms
[127.828s][info][gc,phases      ] GC(152)   Post Evacuate Collection Set: 0.5ms
[127.828s][info][gc,phases      ] GC(152)   Other: 0.2ms
[127.828s][info][gc,heap        ] GC(152) Eden regions: 318->0(318)
[127.828s][info][gc,heap        ] GC(152) Survivor regions: 2->2(40)
[127.828s][info][gc,heap        ] GC(152) Old regions: 13->13
[127.828s][info][gc,heap        ] GC(152) Archive regions: 0->0
[127.828s][info][gc,heap        ] GC(152) Humongous regions: 0->0
[127.828s][info][gc,metaspace   ] GC(152) Metaspace: 9913K(10240K)->9913K(10240K) NonClass: 8608K(8832K)->8608K(8832K) Class: 1304K(1408K)->1304K(1408K)
[127.828s][info][gc             ] GC(152) Pause Young (Normal) (G1 Evacuation Pause) 323M->5M(534M) 2.905ms
[127.828s][info][gc,cpu         ] GC(152) User=0.00s Sys=0.00s Real=0.00s
[129.152s][info][gc,start       ] GC(153) Pause Young (Normal) (G1 Evacuation Pause)
[129.152s][info][gc,task        ] GC(153) Using 12 workers of 33 for evacuation
[129.154s][info][gc,phases      ] GC(153)   Pre Evacuate Collection Set: 0.1ms
[129.154s][info][gc,phases      ] GC(153)   Merge Heap Roots: 0.2ms
[129.154s][info][gc,phases      ] GC(153)   Evacuate Collection Set: 0.8ms
[129.154s][info][gc,phases      ] GC(153)   Post Evacuate Collection Set: 0.4ms
[129.154s][info][gc,phases      ] GC(153)   Other: 0.2ms
[129.154s][info][gc,heap        ] GC(153) Eden regions: 318->0(318)
[129.154s][info][gc,heap        ] GC(153) Survivor regions: 2->2(40)
[129.154s][info][gc,heap        ] GC(153) Old regions: 13->13
[129.154s][info][gc,heap        ] GC(153) Archive regions: 0->0
[129.154s][info][gc,heap        ] GC(153) Humongous regions: 0->0
[129.154s][info][gc,metaspace   ] GC(153) Metaspace: 9913K(10240K)->9913K(10240K) NonClass: 8608K(8832K)->8608K(8832K) Class: 1304K(1408K)->1304K(1408K)
[129.154s][info][gc             ] GC(153) Pause Young (Normal) (G1 Evacuation Pause) 323M->5M(534M) 2.247ms
[129.154s][info][gc,cpu         ] GC(153) User=0.00s Sys=0.00s Real=0.00s
[130.484s][info][gc,start       ] GC(154) Pause Young (Normal) (G1 Evacuation Pause)
[130.485s][info][gc,task        ] GC(154) Using 12 workers of 33 for evacuation
[130.486s][info][gc,phases      ] GC(154)   Pre Evacuate Collection Set: 0.1ms
[130.486s][info][gc,phases      ] GC(154)   Merge Heap Roots: 0.2ms
[130.486s][info][gc,phases      ] GC(154)   Evacuate Collection Set: 0.9ms
[130.486s][info][gc,phases      ] GC(154)   Post Evacuate Collection Set: 0.4ms
[130.487s][info][gc,phases      ] GC(154)   Other: 0.2ms
[130.487s][info][gc,heap        ] GC(154) Eden regions: 318->0(318)
[130.487s][info][gc,heap        ] GC(154) Survivor regions: 2->2(40)
[130.487s][info][gc,heap        ] GC(154) Old regions: 13->13
[130.487s][info][gc,heap        ] GC(154) Archive regions: 0->0
[130.487s][info][gc,heap        ] GC(154) Humongous regions: 0->0
[130.487s][info][gc,metaspace   ] GC(154) Metaspace: 9913K(10240K)->9913K(10240K) NonClass: 8608K(8832K)->8608K(8832K) Class: 1304K(1408K)->1304K(1408K)
[130.487s][info][gc             ] GC(154) Pause Young (Normal) (G1 Evacuation Pause) 323M->5M(534M) 2.352ms
[130.487s][info][gc,cpu         ] GC(154) User=0.19s Sys=0.00s Real=0.01s
[131.557s][info][gc,start       ] GC(155) Pause Full (System.gc())
[131.557s][info][gc,task        ] GC(155) Using 12 workers of 33 for full compaction
[131.558s][info][gc,phases,start] GC(155) Phase 1: Mark live objects
[131.563s][info][gc,phases      ] GC(155) Phase 1: Mark live objects 4.928ms
[131.563s][info][gc,phases,start] GC(155) Phase 2: Prepare compaction
[131.566s][info][gc,phases      ] GC(155) Phase 2: Prepare compaction 3.400ms
[131.566s][info][gc,phases,start] GC(155) Phase 3: Adjust pointers
[131.570s][info][gc,phases      ] GC(155) Phase 3: Adjust pointers 3.845ms
[131.570s][info][gc,phases,start] GC(155) Phase 4: Compact heap
[131.571s][info][gc,phases      ] GC(155) Phase 4: Compact heap 0.487ms
[131.577s][info][gc,heap        ] GC(155) Eden regions: 252->0(26)
[131.577s][info][gc,heap        ] GC(155) Survivor regions: 2->0(40)
[131.577s][info][gc,heap        ] GC(155) Old regions: 13->13
[131.577s][info][gc,heap        ] GC(155) Archive regions: 0->0
[131.577s][info][gc,heap        ] GC(155) Humongous regions: 0->0
[131.577s][info][gc,metaspace   ] GC(155) Metaspace: 9913K(10240K)->9913K(10240K) NonClass: 8608K(8832K)->8608K(8832K) Class: 1304K(1408K)->1304K(1408K)
[131.577s][info][gc             ] GC(155) Pause Full (System.gc()) 256M->3M(44M) 19.995ms
[131.577s][info][gc,cpu         ] GC(155) User=0.00s Sys=0.02s Real=0.02s
[131.667s][info][gc,start       ] GC(156) Pause Young (Normal) (G1 Evacuation Pause)
[131.667s][info][gc,task        ] GC(156) Using 7 workers of 33 for evacuation
[131.669s][info][gc,phases      ] GC(156)   Pre Evacuate Collection Set: 0.1ms
[131.669s][info][gc,phases      ] GC(156)   Merge Heap Roots: 0.1ms
[131.669s][info][gc,phases      ] GC(156)   Evacuate Collection Set: 1.2ms
[131.669s][info][gc,phases      ] GC(156)   Post Evacuate Collection Set: 0.3ms
[131.669s][info][gc,phases      ] GC(156)   Other: 0.1ms
[131.669s][info][gc,heap        ] GC(156) Eden regions: 26->0(24)
[131.669s][info][gc,heap        ] GC(156) Survivor regions: 0->2(4)
[131.669s][info][gc,heap        ] GC(156) Old regions: 13->13
[131.669s][info][gc,heap        ] GC(156) Archive regions: 0->0
[131.669s][info][gc,heap        ] GC(156) Humongous regions: 0->0
[131.669s][info][gc,metaspace   ] GC(156) Metaspace: 9913K(10240K)->9913K(10240K) NonClass: 8609K(8832K)->8609K(8832K) Class: 1304K(1408K)->1304K(1408K)
[131.669s][info][gc             ] GC(156) Pause Young (Normal) (G1 Evacuation Pause) 29M->5M(44M) 2.223ms
[131.669s][info][gc,cpu         ] GC(156) User=0.00s Sys=0.00s Real=0.00s
[131.768s][info][gc,start       ] GC(157) Pause Young (Normal) (G1 Evacuation Pause)
[131.768s][info][gc,task        ] GC(157) Using 4 workers of 33 for evacuation
[131.770s][info][gc,phases      ] GC(157)   Pre Evacuate Collection Set: 0.1ms
[131.770s][info][gc,phases      ] GC(157)   Merge Heap Roots: 0.1ms
[131.770s][info][gc,phases      ] GC(157)   Evacuate Collection Set: 1.6ms
[131.770s][info][gc,phases      ] GC(157)   Post Evacuate Collection Set: 0.3ms
[131.770s][info][gc,phases      ] GC(157)   Other: 0.1ms
[131.770s][info][gc,heap        ] GC(157) Eden regions: 24->0(24)
[131.770s][info][gc,heap        ] GC(157) Survivor regions: 2->2(4)
[131.770s][info][gc,heap        ] GC(157) Old regions: 13->13
[131.770s][info][gc,heap        ] GC(157) Archive regions: 0->0
[131.770s][info][gc,heap        ] GC(157) Humongous regions: 0->0
[131.770s][info][gc,metaspace   ] GC(157) Metaspace: 9913K(10240K)->9913K(10240K) NonClass: 8609K(8832K)->8609K(8832K) Class: 1304K(1408K)->1304K(1408K)
[131.770s][info][gc             ] GC(157) Pause Young (Normal) (G1 Evacuation Pause) 29M->5M(44M) 2.550ms
[131.770s][info][gc,cpu         ] GC(157) User=0.00s Sys=0.00s Real=0.00s
[131.865s][info][gc,start       ] GC(158) Pause Young (Normal) (G1 Evacuation Pause)
[131.865s][info][gc,task        ] GC(158) Using 3 workers of 33 for evacuation
[131.874s][info][gc,phases      ] GC(158)   Pre Evacuate Collection Set: 0.1ms
[131.874s][info][gc,phases      ] GC(158)   Merge Heap Roots: 0.1ms
[131.874s][info][gc,phases      ] GC(158)   Evacuate Collection Set: 2.1ms
[131.874s][info][gc,phases      ] GC(158)   Post Evacuate Collection Set: 6.3ms
[131.874s][info][gc,phases      ] GC(158)   Other: 0.1ms
[131.874s][info][gc,heap        ] GC(158) Eden regions: 24->0(318)
[131.874s][info][gc,heap        ] GC(158) Survivor regions: 2->2(4)
[131.874s][info][gc,heap        ] GC(158) Old regions: 13->13
[131.874s][info][gc,heap        ] GC(158) Archive regions: 0->0
[131.874s][info][gc,heap        ] GC(158) Humongous regions: 0->0
[131.874s][info][gc,metaspace   ] GC(158) Metaspace: 9913K(10240K)->9913K(10240K) NonClass: 8609K(8832K)->8609K(8832K) Class: 1304K(1408K)->1304K(1408K)
[131.874s][info][gc             ] GC(158) Pause Young (Normal) (G1 Evacuation Pause) 29M->5M(534M) 9.189ms
[131.874s][info][gc,cpu         ] GC(158) User=0.00s Sys=0.00s Real=0.00s
[133.298s][info][gc,start       ] GC(159) Pause Young (Normal) (G1 Evacuation Pause)
[133.298s][info][gc,task        ] GC(159) Using 12 workers of 33 for evacuation
[133.300s][info][gc,phases      ] GC(159)   Pre Evacuate Collection Set: 0.1ms
[133.300s][info][gc,phases      ] GC(159)   Merge Heap Roots: 0.2ms
[133.300s][info][gc,phases      ] GC(159)   Evacuate Collection Set: 1.1ms
[133.300s][info][gc,phases      ] GC(159)   Post Evacuate Collection Set: 0.5ms
[133.301s][info][gc,phases      ] GC(159)   Other: 0.2ms
[133.301s][info][gc,heap        ] GC(159) Eden regions: 318->0(318)
[133.301s][info][gc,heap        ] GC(159) Survivor regions: 2->2(40)
[133.301s][info][gc,heap        ] GC(159) Old regions: 13->13
[133.301s][info][gc,heap        ] GC(159) Archive regions: 0->0
[133.301s][info][gc,heap        ] GC(159) Humongous regions: 0->0
[133.301s][info][gc,metaspace   ] GC(159) Metaspace: 9913K(10240K)->9913K(10240K) NonClass: 8609K(8832K)->8609K(8832K) Class: 1304K(1408K)->1304K(1408K)
[133.301s][info][gc             ] GC(159) Pause Young (Normal) (G1 Evacuation Pause) 323M->5M(534M) 2.609ms
[133.301s][info][gc,cpu         ] GC(159) User=0.00s Sys=0.00s Real=0.00s
[134.639s][info][gc,start       ] GC(160) Pause Young (Normal) (G1 Evacuation Pause)
[134.639s][info][gc,task        ] GC(160) Using 12 workers of 33 for evacuation
[134.641s][info][gc,phases      ] GC(160)   Pre Evacuate Collection Set: 0.2ms
[134.641s][info][gc,phases      ] GC(160)   Merge Heap Roots: 0.2ms
[134.641s][info][gc,phases      ] GC(160)   Evacuate Collection Set: 1.1ms
[134.641s][info][gc,phases      ] GC(160)   Post Evacuate Collection Set: 0.5ms
[134.641s][info][gc,phases      ] GC(160)   Other: 0.2ms
[134.641s][info][gc,heap        ] GC(160) Eden regions: 318->0(318)
[134.641s][info][gc,heap        ] GC(160) Survivor regions: 2->2(40)
[134.641s][info][gc,heap        ] GC(160) Old regions: 13->13
[134.641s][info][gc,heap        ] GC(160) Archive regions: 0->0
[134.642s][info][gc,heap        ] GC(160) Humongous regions: 0->0
[134.642s][info][gc,metaspace   ] GC(160) Metaspace: 9913K(10240K)->9913K(10240K) NonClass: 8609K(8832K)->8609K(8832K) Class: 1304K(1408K)->1304K(1408K)
[134.642s][info][gc             ] GC(160) Pause Young (Normal) (G1 Evacuation Pause) 323M->5M(534M) 2.579ms
[134.642s][info][gc,cpu         ] GC(160) User=0.00s Sys=0.00s Real=0.00s
[135.991s][info][gc,start       ] GC(161) Pause Young (Normal) (G1 Evacuation Pause)
[135.991s][info][gc,task        ] GC(161) Using 12 workers of 33 for evacuation
[135.993s][info][gc,phases      ] GC(161)   Pre Evacuate Collection Set: 0.2ms
[135.993s][info][gc,phases      ] GC(161)   Merge Heap Roots: 0.2ms
[135.993s][info][gc,phases      ] GC(161)   Evacuate Collection Set: 1.0ms
[135.993s][info][gc,phases      ] GC(161)   Post Evacuate Collection Set: 0.5ms
[135.993s][info][gc,phases      ] GC(161)   Other: 0.2ms
[135.993s][info][gc,heap        ] GC(161) Eden regions: 318->0(318)
[135.993s][info][gc,heap        ] GC(161) Survivor regions: 2->2(40)
[135.993s][info][gc,heap        ] GC(161) Old regions: 13->13
[135.993s][info][gc,heap        ] GC(161) Archive regions: 0->0
[135.993s][info][gc,heap        ] GC(161) Humongous regions: 0->0
[135.993s][info][gc,metaspace   ] GC(161) Metaspace: 9913K(10240K)->9913K(10240K) NonClass: 8609K(8832K)->8609K(8832K) Class: 1304K(1408K)->1304K(1408K)
[135.993s][info][gc             ] GC(161) Pause Young (Normal) (G1 Evacuation Pause) 323M->5M(534M) 2.436ms
[135.993s][info][gc,cpu         ] GC(161) User=0.00s Sys=0.00s Real=0.00s
[137.352s][info][gc,start       ] GC(162) Pause Young (Normal) (G1 Evacuation Pause)
[137.352s][info][gc,task        ] GC(162) Using 12 workers of 33 for evacuation
[137.354s][info][gc,phases      ] GC(162)   Pre Evacuate Collection Set: 0.2ms
[137.354s][info][gc,phases      ] GC(162)   Merge Heap Roots: 0.2ms
[137.354s][info][gc,phases      ] GC(162)   Evacuate Collection Set: 0.9ms
[137.354s][info][gc,phases      ] GC(162)   Post Evacuate Collection Set: 0.5ms
[137.354s][info][gc,phases      ] GC(162)   Other: 0.2ms
[137.354s][info][gc,heap        ] GC(162) Eden regions: 318->0(318)
[137.354s][info][gc,heap        ] GC(162) Survivor regions: 2->2(40)
[137.354s][info][gc,heap        ] GC(162) Old regions: 13->13
[137.354s][info][gc,heap        ] GC(162) Archive regions: 0->0
[137.354s][info][gc,heap        ] GC(162) Humongous regions: 0->0
[137.354s][info][gc,metaspace   ] GC(162) Metaspace: 9913K(10240K)->9913K(10240K) NonClass: 8609K(8832K)->8609K(8832K) Class: 1304K(1408K)->1304K(1408K)
[137.354s][info][gc             ] GC(162) Pause Young (Normal) (G1 Evacuation Pause) 323M->5M(534M) 2.558ms
[137.354s][info][gc,cpu         ] GC(162) User=0.00s Sys=0.00s Real=0.00s
[138.448s][info][gc,start       ] GC(163) Pause Full (System.gc())
[138.448s][info][gc,task        ] GC(163) Using 12 workers of 33 for full compaction
[138.449s][info][gc,phases,start] GC(163) Phase 1: Mark live objects
[138.453s][info][gc,phases      ] GC(163) Phase 1: Mark live objects 4.645ms
[138.453s][info][gc,phases,start] GC(163) Phase 2: Prepare compaction
[138.457s][info][gc,phases      ] GC(163) Phase 2: Prepare compaction 3.689ms
[138.457s][info][gc,phases,start] GC(163) Phase 3: Adjust pointers
[138.461s][info][gc,phases      ] GC(163) Phase 3: Adjust pointers 3.832ms
[138.461s][info][gc,phases,start] GC(163) Phase 4: Compact heap
[138.461s][info][gc,phases      ] GC(163) Phase 4: Compact heap 0.594ms
[138.468s][info][gc,heap        ] GC(163) Eden regions: 267->0(26)
[138.468s][info][gc,heap        ] GC(163) Survivor regions: 2->0(40)
[138.468s][info][gc,heap        ] GC(163) Old regions: 13->13
[138.468s][info][gc,heap        ] GC(163) Archive regions: 0->0
[138.468s][info][gc,heap        ] GC(163) Humongous regions: 0->0
[138.468s][info][gc,metaspace   ] GC(163) Metaspace: 9913K(10240K)->9913K(10240K) NonClass: 8609K(8832K)->8609K(8832K) Class: 1304K(1408K)->1304K(1408K)
[138.468s][info][gc             ] GC(163) Pause Full (System.gc()) 271M->3M(44M) 20.021ms
[138.468s][info][gc,cpu         ] GC(163) User=0.16s Sys=0.02s Real=0.03s
[138.572s][info][gc,start       ] GC(164) Pause Young (Normal) (G1 Evacuation Pause)
[138.573s][info][gc,task        ] GC(164) Using 7 workers of 33 for evacuation
[138.574s][info][gc,phases      ] GC(164)   Pre Evacuate Collection Set: 0.1ms
[138.574s][info][gc,phases      ] GC(164)   Merge Heap Roots: 0.1ms
[138.574s][info][gc,phases      ] GC(164)   Evacuate Collection Set: 1.2ms
[138.575s][info][gc,phases      ] GC(164)   Post Evacuate Collection Set: 0.3ms
[138.575s][info][gc,phases      ] GC(164)   Other: 0.1ms
[138.575s][info][gc,heap        ] GC(164) Eden regions: 26->0(24)
[138.575s][info][gc,heap        ] GC(164) Survivor regions: 0->2(4)
[138.575s][info][gc,heap        ] GC(164) Old regions: 13->13
[138.575s][info][gc,heap        ] GC(164) Archive regions: 0->0
[138.575s][info][gc,heap        ] GC(164) Humongous regions: 0->0
[138.575s][info][gc,metaspace   ] GC(164) Metaspace: 9938K(10240K)->9938K(10240K) NonClass: 8634K(8832K)->8634K(8832K) Class: 1304K(1408K)->1304K(1408K)
[138.575s][info][gc             ] GC(164) Pause Young (Normal) (G1 Evacuation Pause) 29M->5M(44M) 2.304ms
[138.575s][info][gc,cpu         ] GC(164) User=0.00s Sys=0.00s Real=0.00s
[138.676s][info][gc,start       ] GC(165) Pause Young (Normal) (G1 Evacuation Pause)
[138.676s][info][gc,task        ] GC(165) Using 4 workers of 33 for evacuation
[138.678s][info][gc,phases      ] GC(165)   Pre Evacuate Collection Set: 0.1ms
[138.678s][info][gc,phases      ] GC(165)   Merge Heap Roots: 0.0ms
[138.678s][info][gc,phases      ] GC(165)   Evacuate Collection Set: 1.8ms
[138.678s][info][gc,phases      ] GC(165)   Post Evacuate Collection Set: 0.2ms
[138.678s][info][gc,phases      ] GC(165)   Other: 0.1ms
[138.678s][info][gc,heap        ] GC(165) Eden regions: 24->0(24)
[138.678s][info][gc,heap        ] GC(165) Survivor regions: 2->2(4)
[138.678s][info][gc,heap        ] GC(165) Old regions: 13->13
[138.678s][info][gc,heap        ] GC(165) Archive regions: 0->0
[138.678s][info][gc,heap        ] GC(165) Humongous regions: 0->0
[138.678s][info][gc,metaspace   ] GC(165) Metaspace: 9938K(10240K)->9938K(10240K) NonClass: 8634K(8832K)->8634K(8832K) Class: 1304K(1408K)->1304K(1408K)
[138.678s][info][gc             ] GC(165) Pause Young (Normal) (G1 Evacuation Pause) 29M->5M(44M) 2.637ms
[138.678s][info][gc,cpu         ] GC(165) User=0.00s Sys=0.00s Real=0.00s
[138.778s][info][gc,start       ] GC(166) Pause Young (Normal) (G1 Evacuation Pause)
[138.779s][info][gc,task        ] GC(166) Using 3 workers of 33 for evacuation
[138.787s][info][gc,phases      ] GC(166)   Pre Evacuate Collection Set: 0.1ms
[138.787s][info][gc,phases      ] GC(166)   Merge Heap Roots: 0.1ms
[138.787s][info][gc,phases      ] GC(166)   Evacuate Collection Set: 2.0ms
[138.787s][info][gc,phases      ] GC(166)   Post Evacuate Collection Set: 6.4ms
[138.787s][info][gc,phases      ] GC(166)   Other: 0.1ms
[138.787s][info][gc,heap        ] GC(166) Eden regions: 24->0(318)
[138.787s][info][gc,heap        ] GC(166) Survivor regions: 2->2(4)
[138.787s][info][gc,heap        ] GC(166) Old regions: 13->13
[138.788s][info][gc,heap        ] GC(166) Archive regions: 0->0
[138.788s][info][gc,heap        ] GC(166) Humongous regions: 0->0
[138.788s][info][gc,metaspace   ] GC(166) Metaspace: 9938K(10240K)->9938K(10240K) NonClass: 8634K(8832K)->8634K(8832K) Class: 1304K(1408K)->1304K(1408K)
[138.788s][info][gc             ] GC(166) Pause Young (Normal) (G1 Evacuation Pause) 29M->5M(534M) 9.185ms
[138.788s][info][gc,cpu         ] GC(166) User=0.00s Sys=0.02s Real=0.02s
[140.213s][info][gc,start       ] GC(167) Pause Young (Normal) (G1 Evacuation Pause)
[140.214s][info][gc,task        ] GC(167) Using 12 workers of 33 for evacuation
[140.216s][info][gc,phases      ] GC(167)   Pre Evacuate Collection Set: 0.2ms
[140.216s][info][gc,phases      ] GC(167)   Merge Heap Roots: 0.2ms
[140.216s][info][gc,phases      ] GC(167)   Evacuate Collection Set: 1.1ms
[140.216s][info][gc,phases      ] GC(167)   Post Evacuate Collection Set: 0.5ms
[140.216s][info][gc,phases      ] GC(167)   Other: 0.2ms
[140.216s][info][gc,heap        ] GC(167) Eden regions: 318->0(318)
[140.216s][info][gc,heap        ] GC(167) Survivor regions: 2->2(40)
[140.216s][info][gc,heap        ] GC(167) Old regions: 13->13
[140.216s][info][gc,heap        ] GC(167) Archive regions: 0->0
[140.216s][info][gc,heap        ] GC(167) Humongous regions: 0->0
[140.216s][info][gc,metaspace   ] GC(167) Metaspace: 9938K(10240K)->9938K(10240K) NonClass: 8634K(8832K)->8634K(8832K) Class: 1304K(1408K)->1304K(1408K)
[140.216s][info][gc             ] GC(167) Pause Young (Normal) (G1 Evacuation Pause) 323M->5M(534M) 2.627ms
[140.216s][info][gc,cpu         ] GC(167) User=0.00s Sys=0.00s Real=0.00s
[141.548s][info][gc,start       ] GC(168) Pause Young (Normal) (G1 Evacuation Pause)
[141.548s][info][gc,task        ] GC(168) Using 12 workers of 33 for evacuation
[141.550s][info][gc,phases      ] GC(168)   Pre Evacuate Collection Set: 0.2ms
[141.550s][info][gc,phases      ] GC(168)   Merge Heap Roots: 0.2ms
[141.550s][info][gc,phases      ] GC(168)   Evacuate Collection Set: 1.1ms
[141.550s][info][gc,phases      ] GC(168)   Post Evacuate Collection Set: 0.5ms
[141.550s][info][gc,phases      ] GC(168)   Other: 0.2ms
[141.550s][info][gc,heap        ] GC(168) Eden regions: 318->0(318)
[141.550s][info][gc,heap        ] GC(168) Survivor regions: 2->2(40)
[141.550s][info][gc,heap        ] GC(168) Old regions: 13->13
[141.550s][info][gc,heap        ] GC(168) Archive regions: 0->0
[141.550s][info][gc,heap        ] GC(168) Humongous regions: 0->0
[141.550s][info][gc,metaspace   ] GC(168) Metaspace: 9938K(10240K)->9938K(10240K) NonClass: 8634K(8832K)->8634K(8832K) Class: 1304K(1408K)->1304K(1408K)
[141.550s][info][gc             ] GC(168) Pause Young (Normal) (G1 Evacuation Pause) 323M->5M(534M) 2.577ms
[141.550s][info][gc,cpu         ] GC(168) User=0.14s Sys=0.05s Real=0.02s
[142.887s][info][gc,start       ] GC(169) Pause Young (Normal) (G1 Evacuation Pause)
[142.887s][info][gc,task        ] GC(169) Using 12 workers of 33 for evacuation
[142.889s][info][gc,phases      ] GC(169)   Pre Evacuate Collection Set: 0.2ms
[142.889s][info][gc,phases      ] GC(169)   Merge Heap Roots: 0.2ms
[142.889s][info][gc,phases      ] GC(169)   Evacuate Collection Set: 0.9ms
[142.889s][info][gc,phases      ] GC(169)   Post Evacuate Collection Set: 0.5ms
[142.889s][info][gc,phases      ] GC(169)   Other: 0.2ms
[142.889s][info][gc,heap        ] GC(169) Eden regions: 318->0(318)
[142.889s][info][gc,heap        ] GC(169) Survivor regions: 2->2(40)
[142.889s][info][gc,heap        ] GC(169) Old regions: 13->13
[142.889s][info][gc,heap        ] GC(169) Archive regions: 0->0
[142.889s][info][gc,heap        ] GC(169) Humongous regions: 0->0
[142.889s][info][gc,metaspace   ] GC(169) Metaspace: 9938K(10240K)->9938K(10240K) NonClass: 8634K(8832K)->8634K(8832K) Class: 1304K(1408K)->1304K(1408K)
[142.889s][info][gc             ] GC(169) Pause Young (Normal) (G1 Evacuation Pause) 323M->5M(534M) 2.355ms
[142.889s][info][gc,cpu         ] GC(169) User=0.00s Sys=0.00s Real=0.00s
[144.234s][info][gc,start       ] GC(170) Pause Young (Normal) (G1 Evacuation Pause)
[144.234s][info][gc,task        ] GC(170) Using 12 workers of 33 for evacuation
[144.236s][info][gc,phases      ] GC(170)   Pre Evacuate Collection Set: 0.2ms
[144.236s][info][gc,phases      ] GC(170)   Merge Heap Roots: 0.2ms
[144.236s][info][gc,phases      ] GC(170)   Evacuate Collection Set: 0.9ms
[144.236s][info][gc,phases      ] GC(170)   Post Evacuate Collection Set: 0.5ms
[144.236s][info][gc,phases      ] GC(170)   Other: 0.2ms
[144.236s][info][gc,heap        ] GC(170) Eden regions: 318->0(318)
[144.236s][info][gc,heap        ] GC(170) Survivor regions: 2->2(40)
[144.236s][info][gc,heap        ] GC(170) Old regions: 13->13
[144.236s][info][gc,heap        ] GC(170) Archive regions: 0->0
[144.236s][info][gc,heap        ] GC(170) Humongous regions: 0->0
[144.236s][info][gc,metaspace   ] GC(170) Metaspace: 9938K(10240K)->9938K(10240K) NonClass: 8634K(8832K)->8634K(8832K) Class: 1304K(1408K)->1304K(1408K)
[144.236s][info][gc             ] GC(170) Pause Young (Normal) (G1 Evacuation Pause) 323M->5M(534M) 2.327ms
[144.236s][info][gc,cpu         ] GC(170) User=0.00s Sys=0.00s Real=0.00s
[145.297s][info][gc,start       ] GC(171) Pause Full (System.gc())
[145.297s][info][gc,task        ] GC(171) Using 12 workers of 33 for full compaction
[145.298s][info][gc,phases,start] GC(171) Phase 1: Mark live objects
[145.303s][info][gc,phases      ] GC(171) Phase 1: Mark live objects 4.612ms
[145.303s][info][gc,phases,start] GC(171) Phase 2: Prepare compaction
[145.306s][info][gc,phases      ] GC(171) Phase 2: Prepare compaction 3.262ms
[145.306s][info][gc,phases,start] GC(171) Phase 3: Adjust pointers
[145.310s][info][gc,phases      ] GC(171) Phase 3: Adjust pointers 4.018ms
[145.310s][info][gc,phases,start] GC(171) Phase 4: Compact heap
[145.311s][info][gc,phases      ] GC(171) Phase 4: Compact heap 0.589ms
[145.317s][info][gc,heap        ] GC(171) Eden regions: 253->0(26)
[145.317s][info][gc,heap        ] GC(171) Survivor regions: 2->0(40)
[145.317s][info][gc,heap        ] GC(171) Old regions: 13->13
[145.317s][info][gc,heap        ] GC(171) Archive regions: 0->0
[145.317s][info][gc,heap        ] GC(171) Humongous regions: 0->0
[145.317s][info][gc,metaspace   ] GC(171) Metaspace: 9938K(10240K)->9938K(10240K) NonClass: 8634K(8832K)->8634K(8832K) Class: 1304K(1408K)->1304K(1408K)
[145.317s][info][gc             ] GC(171) Pause Full (System.gc()) 257M->3M(44M) 19.776ms
[145.317s][info][gc,cpu         ] GC(171) User=0.03s Sys=0.16s Real=0.02s
[145.421s][info][gc,start       ] GC(172) Pause Young (Normal) (G1 Evacuation Pause)
[145.421s][info][gc,task        ] GC(172) Using 7 workers of 33 for evacuation
[145.423s][info][gc,phases      ] GC(172)   Pre Evacuate Collection Set: 0.1ms
[145.423s][info][gc,phases      ] GC(172)   Merge Heap Roots: 0.1ms
[145.423s][info][gc,phases      ] GC(172)   Evacuate Collection Set: 1.3ms
[145.423s][info][gc,phases      ] GC(172)   Post Evacuate Collection Set: 0.3ms
[145.423s][info][gc,phases      ] GC(172)   Other: 0.1ms
[145.423s][info][gc,heap        ] GC(172) Eden regions: 26->0(24)
[145.423s][info][gc,heap        ] GC(172) Survivor regions: 0->2(4)
[145.423s][info][gc,heap        ] GC(172) Old regions: 13->13
[145.423s][info][gc,heap        ] GC(172) Archive regions: 0->0
[145.423s][info][gc,heap        ] GC(172) Humongous regions: 0->0
[145.423s][info][gc,metaspace   ] GC(172) Metaspace: 9938K(10240K)->9938K(10240K) NonClass: 8634K(8832K)->8634K(8832K) Class: 1304K(1408K)->1304K(1408K)
[145.423s][info][gc             ] GC(172) Pause Young (Normal) (G1 Evacuation Pause) 29M->5M(44M) 2.338ms
[145.423s][info][gc,cpu         ] GC(172) User=0.00s Sys=0.00s Real=0.00s
[145.528s][info][gc,start       ] GC(173) Pause Young (Normal) (G1 Evacuation Pause)
[145.528s][info][gc,task        ] GC(173) Using 4 workers of 33 for evacuation
[145.530s][info][gc,phases      ] GC(173)   Pre Evacuate Collection Set: 0.1ms
[145.530s][info][gc,phases      ] GC(173)   Merge Heap Roots: 0.1ms
[145.530s][info][gc,phases      ] GC(173)   Evacuate Collection Set: 1.5ms
[145.530s][info][gc,phases      ] GC(173)   Post Evacuate Collection Set: 0.2ms
[145.530s][info][gc,phases      ] GC(173)   Other: 0.1ms
[145.530s][info][gc,heap        ] GC(173) Eden regions: 24->0(24)
[145.530s][info][gc,heap        ] GC(173) Survivor regions: 2->2(4)
[145.530s][info][gc,heap        ] GC(173) Old regions: 13->13
[145.530s][info][gc,heap        ] GC(173) Archive regions: 0->0
[145.530s][info][gc,heap        ] GC(173) Humongous regions: 0->0
[145.530s][info][gc,metaspace   ] GC(173) Metaspace: 9938K(10240K)->9938K(10240K) NonClass: 8634K(8832K)->8634K(8832K) Class: 1304K(1408K)->1304K(1408K)
[145.530s][info][gc             ] GC(173) Pause Young (Normal) (G1 Evacuation Pause) 29M->5M(44M) 2.518ms
[145.531s][info][gc,cpu         ] GC(173) User=0.00s Sys=0.00s Real=0.00s
[145.623s][info][gc,start       ] GC(174) Pause Young (Normal) (G1 Evacuation Pause)
[145.623s][info][gc,task        ] GC(174) Using 3 workers of 33 for evacuation
[145.632s][info][gc,phases      ] GC(174)   Pre Evacuate Collection Set: 0.1ms
[145.632s][info][gc,phases      ] GC(174)   Merge Heap Roots: 0.1ms
[145.632s][info][gc,phases      ] GC(174)   Evacuate Collection Set: 2.1ms
[145.632s][info][gc,phases      ] GC(174)   Post Evacuate Collection Set: 6.4ms
[145.632s][info][gc,phases      ] GC(174)   Other: 0.1ms
[145.632s][info][gc,heap        ] GC(174) Eden regions: 24->0(318)
[145.632s][info][gc,heap        ] GC(174) Survivor regions: 2->2(4)
[145.632s][info][gc,heap        ] GC(174) Old regions: 13->13
[145.632s][info][gc,heap        ] GC(174) Archive regions: 0->0
[145.632s][info][gc,heap        ] GC(174) Humongous regions: 0->0
[145.632s][info][gc,metaspace   ] GC(174) Metaspace: 9938K(10240K)->9938K(10240K) NonClass: 8634K(8832K)->8634K(8832K) Class: 1304K(1408K)->1304K(1408K)
[145.632s][info][gc             ] GC(174) Pause Young (Normal) (G1 Evacuation Pause) 29M->5M(534M) 9.284ms
[145.632s][info][gc,cpu         ] GC(174) User=0.00s Sys=0.00s Real=0.00s
[147.040s][info][gc,start       ] GC(175) Pause Young (Normal) (G1 Evacuation Pause)
[147.040s][info][gc,task        ] GC(175) Using 12 workers of 33 for evacuation
[147.043s][info][gc,phases      ] GC(175)   Pre Evacuate Collection Set: 0.2ms
[147.043s][info][gc,phases      ] GC(175)   Merge Heap Roots: 0.2ms
[147.043s][info][gc,phases      ] GC(175)   Evacuate Collection Set: 1.1ms
[147.043s][info][gc,phases      ] GC(175)   Post Evacuate Collection Set: 0.5ms
[147.043s][info][gc,phases      ] GC(175)   Other: 0.2ms
[147.043s][info][gc,heap        ] GC(175) Eden regions: 318->0(318)
[147.043s][info][gc,heap        ] GC(175) Survivor regions: 2->2(40)
[147.043s][info][gc,heap        ] GC(175) Old regions: 13->13
[147.043s][info][gc,heap        ] GC(175) Archive regions: 0->0
[147.043s][info][gc,heap        ] GC(175) Humongous regions: 0->0
[147.043s][info][gc,metaspace   ] GC(175) Metaspace: 9938K(10240K)->9938K(10240K) NonClass: 8634K(8832K)->8634K(8832K) Class: 1304K(1408K)->1304K(1408K)
[147.043s][info][gc             ] GC(175) Pause Young (Normal) (G1 Evacuation Pause) 323M->5M(534M) 2.623ms
[147.043s][info][gc,cpu         ] GC(175) User=0.00s Sys=0.00s Real=0.00s
[148.403s][info][gc,start       ] GC(176) Pause Young (Normal) (G1 Evacuation Pause)
[148.403s][info][gc,task        ] GC(176) Using 12 workers of 33 for evacuation
[148.405s][info][gc,phases      ] GC(176)   Pre Evacuate Collection Set: 0.2ms
[148.405s][info][gc,phases      ] GC(176)   Merge Heap Roots: 0.2ms
[148.405s][info][gc,phases      ] GC(176)   Evacuate Collection Set: 1.3ms
[148.405s][info][gc,phases      ] GC(176)   Post Evacuate Collection Set: 0.5ms
[148.405s][info][gc,phases      ] GC(176)   Other: 0.2ms
[148.405s][info][gc,heap        ] GC(176) Eden regions: 318->0(318)
[148.405s][info][gc,heap        ] GC(176) Survivor regions: 2->2(40)
[148.405s][info][gc,heap        ] GC(176) Old regions: 13->13
[148.405s][info][gc,heap        ] GC(176) Archive regions: 0->0
[148.405s][info][gc,heap        ] GC(176) Humongous regions: 0->0
[148.405s][info][gc,metaspace   ] GC(176) Metaspace: 9938K(10240K)->9938K(10240K) NonClass: 8634K(8832K)->8634K(8832K) Class: 1304K(1408K)->1304K(1408K)
[148.405s][info][gc             ] GC(176) Pause Young (Normal) (G1 Evacuation Pause) 323M->5M(534M) 2.736ms
[148.405s][info][gc,cpu         ] GC(176) User=0.00s Sys=0.00s Real=0.00s
[149.745s][info][gc,start       ] GC(177) Pause Young (Normal) (G1 Evacuation Pause)
[149.745s][info][gc,task        ] GC(177) Using 12 workers of 33 for evacuation
[149.747s][info][gc,phases      ] GC(177)   Pre Evacuate Collection Set: 0.2ms
[149.747s][info][gc,phases      ] GC(177)   Merge Heap Roots: 0.2ms
[149.747s][info][gc,phases      ] GC(177)   Evacuate Collection Set: 0.9ms
[149.747s][info][gc,phases      ] GC(177)   Post Evacuate Collection Set: 0.5ms
[149.747s][info][gc,phases      ] GC(177)   Other: 0.2ms
[149.747s][info][gc,heap        ] GC(177) Eden regions: 318->0(318)
[149.747s][info][gc,heap        ] GC(177) Survivor regions: 2->2(40)
[149.747s][info][gc,heap        ] GC(177) Old regions: 13->13
[149.747s][info][gc,heap        ] GC(177) Archive regions: 0->0
[149.747s][info][gc,heap        ] GC(177) Humongous regions: 0->0
[149.747s][info][gc,metaspace   ] GC(177) Metaspace: 9938K(10240K)->9938K(10240K) NonClass: 8634K(8832K)->8634K(8832K) Class: 1304K(1408K)->1304K(1408K)
[149.747s][info][gc             ] GC(177) Pause Young (Normal) (G1 Evacuation Pause) 323M->5M(534M) 2.401ms
[149.747s][info][gc,cpu         ] GC(177) User=0.00s Sys=0.00s Real=0.00s
[151.087s][info][gc,start       ] GC(178) Pause Young (Normal) (G1 Evacuation Pause)
[151.088s][info][gc,task        ] GC(178) Using 12 workers of 33 for evacuation
[151.089s][info][gc,phases      ] GC(178)   Pre Evacuate Collection Set: 0.2ms
[151.089s][info][gc,phases      ] GC(178)   Merge Heap Roots: 0.2ms
[151.089s][info][gc,phases      ] GC(178)   Evacuate Collection Set: 0.9ms
[151.090s][info][gc,phases      ] GC(178)   Post Evacuate Collection Set: 0.5ms
[151.090s][info][gc,phases      ] GC(178)   Other: 0.2ms
[151.090s][info][gc,heap        ] GC(178) Eden regions: 318->0(318)
[151.090s][info][gc,heap        ] GC(178) Survivor regions: 2->2(40)
[151.090s][info][gc,heap        ] GC(178) Old regions: 13->13
[151.090s][info][gc,heap        ] GC(178) Archive regions: 0->0
[151.090s][info][gc,heap        ] GC(178) Humongous regions: 0->0
[151.090s][info][gc,metaspace   ] GC(178) Metaspace: 9938K(10240K)->9938K(10240K) NonClass: 8634K(8832K)->8634K(8832K) Class: 1304K(1408K)->1304K(1408K)
[151.090s][info][gc             ] GC(178) Pause Young (Normal) (G1 Evacuation Pause) 323M->5M(534M) 2.361ms
[151.090s][info][gc,cpu         ] GC(178) User=0.00s Sys=0.00s Real=0.00s
[152.167s][info][gc,start       ] GC(179) Pause Full (System.gc())
[152.167s][info][gc,task        ] GC(179) Using 12 workers of 33 for full compaction
[152.168s][info][gc,phases,start] GC(179) Phase 1: Mark live objects
[152.173s][info][gc,phases      ] GC(179) Phase 1: Mark live objects 4.731ms
[152.173s][info][gc,phases,start] GC(179) Phase 2: Prepare compaction
[152.176s][info][gc,phases      ] GC(179) Phase 2: Prepare compaction 3.571ms
[152.176s][info][gc,phases,start] GC(179) Phase 3: Adjust pointers
[152.180s][info][gc,phases      ] GC(179) Phase 3: Adjust pointers 3.957ms
[152.180s][info][gc,phases,start] GC(179) Phase 4: Compact heap
[152.181s][info][gc,phases      ] GC(179) Phase 4: Compact heap 0.492ms
[152.187s][info][gc,heap        ] GC(179) Eden regions: 253->0(26)
[152.187s][info][gc,heap        ] GC(179) Survivor regions: 2->0(40)
[152.187s][info][gc,heap        ] GC(179) Old regions: 13->13
[152.187s][info][gc,heap        ] GC(179) Archive regions: 0->0
[152.187s][info][gc,heap        ] GC(179) Humongous regions: 0->0
[152.187s][info][gc,metaspace   ] GC(179) Metaspace: 9938K(10240K)->9938K(10240K) NonClass: 8634K(8832K)->8634K(8832K) Class: 1304K(1408K)->1304K(1408K)
[152.187s][info][gc             ] GC(179) Pause Full (System.gc()) 257M->3M(44M) 20.058ms
[152.187s][info][gc,cpu         ] GC(179) User=0.02s Sys=0.00s Real=0.02s
[152.292s][info][gc,start       ] GC(180) Pause Young (Normal) (G1 Evacuation Pause)
[152.292s][info][gc,task        ] GC(180) Using 7 workers of 33 for evacuation
[152.294s][info][gc,phases      ] GC(180)   Pre Evacuate Collection Set: 0.1ms
[152.294s][info][gc,phases      ] GC(180)   Merge Heap Roots: 0.1ms
[152.294s][info][gc,phases      ] GC(180)   Evacuate Collection Set: 1.3ms
[152.294s][info][gc,phases      ] GC(180)   Post Evacuate Collection Set: 0.3ms
[152.294s][info][gc,phases      ] GC(180)   Other: 0.1ms
[152.294s][info][gc,heap        ] GC(180) Eden regions: 26->0(24)
[152.294s][info][gc,heap        ] GC(180) Survivor regions: 0->2(4)
[152.294s][info][gc,heap        ] GC(180) Old regions: 13->13
[152.294s][info][gc,heap        ] GC(180) Archive regions: 0->0
[152.294s][info][gc,heap        ] GC(180) Humongous regions: 0->0
[152.295s][info][gc,metaspace   ] GC(180) Metaspace: 9938K(10240K)->9938K(10240K) NonClass: 8634K(8832K)->8634K(8832K) Class: 1304K(1408K)->1304K(1408K)
[152.295s][info][gc             ] GC(180) Pause Young (Normal) (G1 Evacuation Pause) 29M->5M(44M) 2.417ms
[152.295s][info][gc,cpu         ] GC(180) User=0.00s Sys=0.00s Real=0.00s
[152.402s][info][gc,start       ] GC(181) Pause Young (Normal) (G1 Evacuation Pause)
[152.402s][info][gc,task        ] GC(181) Using 4 workers of 33 for evacuation
[152.405s][info][gc,phases      ] GC(181)   Pre Evacuate Collection Set: 0.1ms
[152.405s][info][gc,phases      ] GC(181)   Merge Heap Roots: 0.1ms
[152.405s][info][gc,phases      ] GC(181)   Evacuate Collection Set: 1.7ms
[152.405s][info][gc,phases      ] GC(181)   Post Evacuate Collection Set: 0.2ms
[152.405s][info][gc,phases      ] GC(181)   Other: 0.1ms
[152.405s][info][gc,heap        ] GC(181) Eden regions: 24->0(24)
[152.405s][info][gc,heap        ] GC(181) Survivor regions: 2->2(4)
[152.405s][info][gc,heap        ] GC(181) Old regions: 13->13
[152.405s][info][gc,heap        ] GC(181) Archive regions: 0->0
[152.405s][info][gc,heap        ] GC(181) Humongous regions: 0->0
[152.405s][info][gc,metaspace   ] GC(181) Metaspace: 9938K(10240K)->9938K(10240K) NonClass: 8634K(8832K)->8634K(8832K) Class: 1304K(1408K)->1304K(1408K)
[152.405s][info][gc             ] GC(181) Pause Young (Normal) (G1 Evacuation Pause) 29M->5M(44M) 2.658ms
[152.405s][info][gc,cpu         ] GC(181) User=0.00s Sys=0.00s Real=0.00s
[152.500s][info][gc,start       ] GC(182) Pause Young (Normal) (G1 Evacuation Pause)
[152.501s][info][gc,task        ] GC(182) Using 3 workers of 33 for evacuation
[152.510s][info][gc,phases      ] GC(182)   Pre Evacuate Collection Set: 0.1ms
[152.510s][info][gc,phases      ] GC(182)   Merge Heap Roots: 0.1ms
[152.510s][info][gc,phases      ] GC(182)   Evacuate Collection Set: 2.4ms
[152.510s][info][gc,phases      ] GC(182)   Post Evacuate Collection Set: 6.4ms
[152.510s][info][gc,phases      ] GC(182)   Other: 0.1ms
[152.510s][info][gc,heap        ] GC(182) Eden regions: 24->0(318)
[152.510s][info][gc,heap        ] GC(182) Survivor regions: 2->2(4)
[152.510s][info][gc,heap        ] GC(182) Old regions: 13->13
[152.510s][info][gc,heap        ] GC(182) Archive regions: 0->0
[152.510s][info][gc,heap        ] GC(182) Humongous regions: 0->0
[152.510s][info][gc,metaspace   ] GC(182) Metaspace: 9938K(10240K)->9938K(10240K) NonClass: 8634K(8832K)->8634K(8832K) Class: 1304K(1408K)->1304K(1408K)
[152.510s][info][gc             ] GC(182) Pause Young (Normal) (G1 Evacuation Pause) 29M->5M(534M) 9.477ms
[152.510s][info][gc,cpu         ] GC(182) User=0.02s Sys=0.00s Real=0.02s
[153.918s][info][gc,start       ] GC(183) Pause Young (Normal) (G1 Evacuation Pause)
[153.918s][info][gc,task        ] GC(183) Using 12 workers of 33 for evacuation
[153.920s][info][gc,phases      ] GC(183)   Pre Evacuate Collection Set: 0.2ms
[153.920s][info][gc,phases      ] GC(183)   Merge Heap Roots: 0.2ms
[153.920s][info][gc,phases      ] GC(183)   Evacuate Collection Set: 1.1ms
[153.920s][info][gc,phases      ] GC(183)   Post Evacuate Collection Set: 0.5ms
[153.920s][info][gc,phases      ] GC(183)   Other: 0.2ms
[153.920s][info][gc,heap        ] GC(183) Eden regions: 318->0(318)
[153.920s][info][gc,heap        ] GC(183) Survivor regions: 2->2(40)
[153.920s][info][gc,heap        ] GC(183) Old regions: 13->13
[153.920s][info][gc,heap        ] GC(183) Archive regions: 0->0
[153.920s][info][gc,heap        ] GC(183) Humongous regions: 0->0
[153.921s][info][gc,metaspace   ] GC(183) Metaspace: 9938K(10240K)->9938K(10240K) NonClass: 8634K(8832K)->8634K(8832K) Class: 1304K(1408K)->1304K(1408K)
[153.921s][info][gc             ] GC(183) Pause Young (Normal) (G1 Evacuation Pause) 323M->5M(534M) 2.557ms
[153.921s][info][gc,cpu         ] GC(183) User=0.00s Sys=0.00s Real=0.00s
[155.250s][info][gc,start       ] GC(184) Pause Young (Normal) (G1 Evacuation Pause)
[155.250s][info][gc,task        ] GC(184) Using 12 workers of 33 for evacuation
[155.253s][info][gc,phases      ] GC(184)   Pre Evacuate Collection Set: 0.2ms
[155.253s][info][gc,phases      ] GC(184)   Merge Heap Roots: 0.2ms
[155.253s][info][gc,phases      ] GC(184)   Evacuate Collection Set: 1.1ms
[155.253s][info][gc,phases      ] GC(184)   Post Evacuate Collection Set: 0.5ms
[155.253s][info][gc,phases      ] GC(184)   Other: 0.2ms
[155.253s][info][gc,heap        ] GC(184) Eden regions: 318->0(318)
[155.253s][info][gc,heap        ] GC(184) Survivor regions: 2->2(40)
[155.253s][info][gc,heap        ] GC(184) Old regions: 13->13
[155.253s][info][gc,heap        ] GC(184) Archive regions: 0->0
[155.253s][info][gc,heap        ] GC(184) Humongous regions: 0->0
[155.253s][info][gc,metaspace   ] GC(184) Metaspace: 9938K(10240K)->9938K(10240K) NonClass: 8634K(8832K)->8634K(8832K) Class: 1304K(1408K)->1304K(1408K)
[155.253s][info][gc             ] GC(184) Pause Young (Normal) (G1 Evacuation Pause) 323M->5M(534M) 2.569ms
[155.253s][info][gc,cpu         ] GC(184) User=0.00s Sys=0.00s Real=0.00s
[156.583s][info][gc,start       ] GC(185) Pause Young (Normal) (G1 Evacuation Pause)
[156.583s][info][gc,task        ] GC(185) Using 12 workers of 33 for evacuation
[156.585s][info][gc,phases      ] GC(185)   Pre Evacuate Collection Set: 0.2ms
[156.585s][info][gc,phases      ] GC(185)   Merge Heap Roots: 0.2ms
[156.585s][info][gc,phases      ] GC(185)   Evacuate Collection Set: 0.9ms
[156.585s][info][gc,phases      ] GC(185)   Post Evacuate Collection Set: 0.5ms
[156.585s][info][gc,phases      ] GC(185)   Other: 0.2ms
[156.585s][info][gc,heap        ] GC(185) Eden regions: 318->0(318)
[156.585s][info][gc,heap        ] GC(185) Survivor regions: 2->2(40)
[156.585s][info][gc,heap        ] GC(185) Old regions: 13->13
[156.585s][info][gc,heap        ] GC(185) Archive regions: 0->0
[156.585s][info][gc,heap        ] GC(185) Humongous regions: 0->0
[156.585s][info][gc,metaspace   ] GC(185) Metaspace: 9938K(10240K)->9938K(10240K) NonClass: 8634K(8832K)->8634K(8832K) Class: 1304K(1408K)->1304K(1408K)
[156.586s][info][gc             ] GC(185) Pause Young (Normal) (G1 Evacuation Pause) 323M->5M(534M) 2.408ms
[156.586s][info][gc,cpu         ] GC(185) User=0.00s Sys=0.00s Real=0.00s
[157.913s][info][gc,start       ] GC(186) Pause Young (Normal) (G1 Evacuation Pause)
[157.914s][info][gc,task        ] GC(186) Using 12 workers of 33 for evacuation
[157.915s][info][gc,phases      ] GC(186)   Pre Evacuate Collection Set: 0.2ms
[157.915s][info][gc,phases      ] GC(186)   Merge Heap Roots: 0.2ms
[157.915s][info][gc,phases      ] GC(186)   Evacuate Collection Set: 0.8ms
[157.915s][info][gc,phases      ] GC(186)   Post Evacuate Collection Set: 0.5ms
[157.916s][info][gc,phases      ] GC(186)   Other: 0.2ms
[157.916s][info][gc,heap        ] GC(186) Eden regions: 318->0(318)
[157.916s][info][gc,heap        ] GC(186) Survivor regions: 2->2(40)
[157.916s][info][gc,heap        ] GC(186) Old regions: 13->13
[157.916s][info][gc,heap        ] GC(186) Archive regions: 0->0
[157.916s][info][gc,heap        ] GC(186) Humongous regions: 0->0
[157.916s][info][gc,metaspace   ] GC(186) Metaspace: 9938K(10240K)->9938K(10240K) NonClass: 8634K(8832K)->8634K(8832K) Class: 1304K(1408K)->1304K(1408K)
[157.916s][info][gc             ] GC(186) Pause Young (Normal) (G1 Evacuation Pause) 323M->5M(534M) 2.384ms
[157.916s][info][gc,cpu         ] GC(186) User=0.00s Sys=0.00s Real=0.00s
[158.983s][info][gc,start       ] GC(187) Pause Full (System.gc())
[158.983s][info][gc,task        ] GC(187) Using 12 workers of 33 for full compaction
[158.984s][info][gc,phases,start] GC(187) Phase 1: Mark live objects
[158.989s][info][gc,phases      ] GC(187) Phase 1: Mark live objects 4.684ms
[158.989s][info][gc,phases,start] GC(187) Phase 2: Prepare compaction
[158.992s][info][gc,phases      ] GC(187) Phase 2: Prepare compaction 3.545ms
[158.992s][info][gc,phases,start] GC(187) Phase 3: Adjust pointers
[158.996s][info][gc,phases      ] GC(187) Phase 3: Adjust pointers 3.931ms
[158.996s][info][gc,phases,start] GC(187) Phase 4: Compact heap
[158.997s][info][gc,phases      ] GC(187) Phase 4: Compact heap 0.651ms
[159.003s][info][gc,heap        ] GC(187) Eden regions: 256->0(26)
[159.003s][info][gc,heap        ] GC(187) Survivor regions: 2->0(40)
[159.003s][info][gc,heap        ] GC(187) Old regions: 13->13
[159.003s][info][gc,heap        ] GC(187) Archive regions: 0->0
[159.003s][info][gc,heap        ] GC(187) Humongous regions: 0->0
[159.003s][info][gc,metaspace   ] GC(187) Metaspace: 9938K(10240K)->9938K(10240K) NonClass: 8634K(8832K)->8634K(8832K) Class: 1304K(1408K)->1304K(1408K)
[159.003s][info][gc             ] GC(187) Pause Full (System.gc()) 260M->3M(44M) 20.071ms
[159.003s][info][gc,cpu         ] GC(187) User=0.03s Sys=0.00s Real=0.02s
[159.108s][info][gc,start       ] GC(188) Pause Young (Normal) (G1 Evacuation Pause)
[159.108s][info][gc,task        ] GC(188) Using 7 workers of 33 for evacuation
[159.110s][info][gc,phases      ] GC(188)   Pre Evacuate Collection Set: 0.1ms
[159.110s][info][gc,phases      ] GC(188)   Merge Heap Roots: 0.1ms
[159.110s][info][gc,phases      ] GC(188)   Evacuate Collection Set: 1.4ms
[159.110s][info][gc,phases      ] GC(188)   Post Evacuate Collection Set: 0.3ms
[159.110s][info][gc,phases      ] GC(188)   Other: 0.1ms
[159.110s][info][gc,heap        ] GC(188) Eden regions: 26->0(24)
[159.110s][info][gc,heap        ] GC(188) Survivor regions: 0->2(4)
[159.110s][info][gc,heap        ] GC(188) Old regions: 13->13
[159.110s][info][gc,heap        ] GC(188) Archive regions: 0->0
[159.110s][info][gc,heap        ] GC(188) Humongous regions: 0->0
[159.110s][info][gc,metaspace   ] GC(188) Metaspace: 9944K(10240K)->9944K(10240K) NonClass: 8639K(8832K)->8639K(8832K) Class: 1304K(1408K)->1304K(1408K)
[159.110s][info][gc             ] GC(188) Pause Young (Normal) (G1 Evacuation Pause) 29M->5M(44M) 2.449ms
[159.110s][info][gc,cpu         ] GC(188) User=0.00s Sys=0.00s Real=0.00s
[159.211s][info][gc,start       ] GC(189) Pause Young (Normal) (G1 Evacuation Pause)
[159.211s][info][gc,task        ] GC(189) Using 4 workers of 33 for evacuation
[159.213s][info][gc,phases      ] GC(189)   Pre Evacuate Collection Set: 0.1ms
[159.213s][info][gc,phases      ] GC(189)   Merge Heap Roots: 0.1ms
[159.213s][info][gc,phases      ] GC(189)   Evacuate Collection Set: 1.6ms
[159.213s][info][gc,phases      ] GC(189)   Post Evacuate Collection Set: 0.2ms
[159.213s][info][gc,phases      ] GC(189)   Other: 0.1ms
[159.213s][info][gc,heap        ] GC(189) Eden regions: 24->0(24)
[159.213s][info][gc,heap        ] GC(189) Survivor regions: 2->2(4)
[159.214s][info][gc,heap        ] GC(189) Old regions: 13->13
[159.214s][info][gc,heap        ] GC(189) Archive regions: 0->0
[159.214s][info][gc,heap        ] GC(189) Humongous regions: 0->0
[159.214s][info][gc,metaspace   ] GC(189) Metaspace: 9944K(10240K)->9944K(10240K) NonClass: 8639K(8832K)->8639K(8832K) Class: 1304K(1408K)->1304K(1408K)
[159.214s][info][gc             ] GC(189) Pause Young (Normal) (G1 Evacuation Pause) 29M->5M(44M) 2.631ms
[159.214s][info][gc,cpu         ] GC(189) User=0.06s Sys=0.00s Real=0.02s
[159.308s][info][gc,start       ] GC(190) Pause Young (Normal) (G1 Evacuation Pause)
[159.308s][info][gc,task        ] GC(190) Using 3 workers of 33 for evacuation
[159.317s][info][gc,phases      ] GC(190)   Pre Evacuate Collection Set: 0.1ms
[159.317s][info][gc,phases      ] GC(190)   Merge Heap Roots: 0.1ms
[159.317s][info][gc,phases      ] GC(190)   Evacuate Collection Set: 2.3ms
[159.317s][info][gc,phases      ] GC(190)   Post Evacuate Collection Set: 6.4ms
[159.317s][info][gc,phases      ] GC(190)   Other: 0.1ms
[159.317s][info][gc,heap        ] GC(190) Eden regions: 24->0(318)
[159.318s][info][gc,heap        ] GC(190) Survivor regions: 2->2(4)
[159.318s][info][gc,heap        ] GC(190) Old regions: 13->13
[159.318s][info][gc,heap        ] GC(190) Archive regions: 0->0
[159.318s][info][gc,heap        ] GC(190) Humongous regions: 0->0
[159.318s][info][gc,metaspace   ] GC(190) Metaspace: 9944K(10240K)->9944K(10240K) NonClass: 8639K(8832K)->8639K(8832K) Class: 1304K(1408K)->1304K(1408K)
[159.318s][info][gc             ] GC(190) Pause Young (Normal) (G1 Evacuation Pause) 29M->5M(534M) 9.329ms
[159.318s][info][gc,cpu         ] GC(190) User=0.00s Sys=0.00s Real=0.00s
[160.724s][info][gc,start       ] GC(191) Pause Young (Normal) (G1 Evacuation Pause)
[160.724s][info][gc,task        ] GC(191) Using 12 workers of 33 for evacuation
[160.726s][info][gc,phases      ] GC(191)   Pre Evacuate Collection Set: 0.2ms
[160.726s][info][gc,phases      ] GC(191)   Merge Heap Roots: 0.2ms
[160.726s][info][gc,phases      ] GC(191)   Evacuate Collection Set: 1.1ms
[160.726s][info][gc,phases      ] GC(191)   Post Evacuate Collection Set: 0.5ms
[160.726s][info][gc,phases      ] GC(191)   Other: 0.2ms
[160.726s][info][gc,heap        ] GC(191) Eden regions: 318->0(318)
[160.726s][info][gc,heap        ] GC(191) Survivor regions: 2->2(40)
[160.726s][info][gc,heap        ] GC(191) Old regions: 13->13
[160.726s][info][gc,heap        ] GC(191) Archive regions: 0->0
[160.726s][info][gc,heap        ] GC(191) Humongous regions: 0->0
[160.726s][info][gc,metaspace   ] GC(191) Metaspace: 9944K(10240K)->9944K(10240K) NonClass: 8639K(8832K)->8639K(8832K) Class: 1304K(1408K)->1304K(1408K)
[160.726s][info][gc             ] GC(191) Pause Young (Normal) (G1 Evacuation Pause) 323M->5M(534M) 2.591ms
[160.727s][info][gc,cpu         ] GC(191) User=0.00s Sys=0.00s Real=0.00s
[162.060s][info][gc,start       ] GC(192) Pause Young (Normal) (G1 Evacuation Pause)
[162.060s][info][gc,task        ] GC(192) Using 12 workers of 33 for evacuation
[162.062s][info][gc,phases      ] GC(192)   Pre Evacuate Collection Set: 0.2ms
[162.062s][info][gc,phases      ] GC(192)   Merge Heap Roots: 0.2ms
[162.062s][info][gc,phases      ] GC(192)   Evacuate Collection Set: 1.1ms
[162.062s][info][gc,phases      ] GC(192)   Post Evacuate Collection Set: 0.5ms
[162.062s][info][gc,phases      ] GC(192)   Other: 0.2ms
[162.062s][info][gc,heap        ] GC(192) Eden regions: 318->0(318)
[162.062s][info][gc,heap        ] GC(192) Survivor regions: 2->2(40)
[162.062s][info][gc,heap        ] GC(192) Old regions: 13->13
[162.062s][info][gc,heap        ] GC(192) Archive regions: 0->0
[162.062s][info][gc,heap        ] GC(192) Humongous regions: 0->0
[162.062s][info][gc,metaspace   ] GC(192) Metaspace: 9944K(10240K)->9944K(10240K) NonClass: 8639K(8832K)->8639K(8832K) Class: 1304K(1408K)->1304K(1408K)
[162.062s][info][gc             ] GC(192) Pause Young (Normal) (G1 Evacuation Pause) 323M->5M(534M) 2.674ms
[162.062s][info][gc,cpu         ] GC(192) User=0.02s Sys=0.00s Real=0.02s
[163.400s][info][gc,start       ] GC(193) Pause Young (Normal) (G1 Evacuation Pause)
[163.400s][info][gc,task        ] GC(193) Using 12 workers of 33 for evacuation
[163.401s][info][gc,phases      ] GC(193)   Pre Evacuate Collection Set: 0.2ms
[163.401s][info][gc,phases      ] GC(193)   Merge Heap Roots: 0.2ms
[163.401s][info][gc,phases      ] GC(193)   Evacuate Collection Set: 0.8ms
[163.402s][info][gc,phases      ] GC(193)   Post Evacuate Collection Set: 0.5ms
[163.402s][info][gc,phases      ] GC(193)   Other: 0.2ms
[163.402s][info][gc,heap        ] GC(193) Eden regions: 318->0(318)
[163.402s][info][gc,heap        ] GC(193) Survivor regions: 2->2(40)
[163.402s][info][gc,heap        ] GC(193) Old regions: 13->13
[163.402s][info][gc,heap        ] GC(193) Archive regions: 0->0
[163.402s][info][gc,heap        ] GC(193) Humongous regions: 0->0
[163.402s][info][gc,metaspace   ] GC(193) Metaspace: 9944K(10240K)->9944K(10240K) NonClass: 8639K(8832K)->8639K(8832K) Class: 1304K(1408K)->1304K(1408K)
[163.402s][info][gc             ] GC(193) Pause Young (Normal) (G1 Evacuation Pause) 323M->5M(534M) 2.275ms
[163.402s][info][gc,cpu         ] GC(193) User=0.00s Sys=0.00s Real=0.00s
[164.745s][info][gc,start       ] GC(194) Pause Young (Normal) (G1 Evacuation Pause)
[164.745s][info][gc,task        ] GC(194) Using 12 workers of 33 for evacuation
[164.747s][info][gc,phases      ] GC(194)   Pre Evacuate Collection Set: 0.2ms
[164.747s][info][gc,phases      ] GC(194)   Merge Heap Roots: 0.2ms
[164.747s][info][gc,phases      ] GC(194)   Evacuate Collection Set: 0.9ms
[164.747s][info][gc,phases      ] GC(194)   Post Evacuate Collection Set: 0.5ms
[164.747s][info][gc,phases      ] GC(194)   Other: 0.2ms
[164.747s][info][gc,heap        ] GC(194) Eden regions: 318->0(318)
[164.747s][info][gc,heap        ] GC(194) Survivor regions: 2->2(40)
[164.747s][info][gc,heap        ] GC(194) Old regions: 13->13
[164.747s][info][gc,heap        ] GC(194) Archive regions: 0->0
[164.747s][info][gc,heap        ] GC(194) Humongous regions: 0->0
[164.747s][info][gc,metaspace   ] GC(194) Metaspace: 9944K(10240K)->9944K(10240K) NonClass: 8639K(8832K)->8639K(8832K) Class: 1304K(1408K)->1304K(1408K)
[164.747s][info][gc             ] GC(194) Pause Young (Normal) (G1 Evacuation Pause) 323M->5M(534M) 2.358ms
[164.747s][info][gc,cpu         ] GC(194) User=0.00s Sys=0.00s Real=0.00s
[165.818s][info][gc,start       ] GC(195) Pause Full (System.gc())
[165.819s][info][gc,task        ] GC(195) Using 12 workers of 33 for full compaction
[165.819s][info][gc,phases,start] GC(195) Phase 1: Mark live objects
[165.824s][info][gc,phases      ] GC(195) Phase 1: Mark live objects 4.948ms
[165.824s][info][gc,phases,start] GC(195) Phase 2: Prepare compaction
[165.828s][info][gc,phases      ] GC(195) Phase 2: Prepare compaction 3.661ms
[165.828s][info][gc,phases,start] GC(195) Phase 3: Adjust pointers
[165.832s][info][gc,phases      ] GC(195) Phase 3: Adjust pointers 3.941ms
[165.832s][info][gc,phases,start] GC(195) Phase 4: Compact heap
[165.832s][info][gc,phases      ] GC(195) Phase 4: Compact heap 0.619ms
[165.839s][info][gc,heap        ] GC(195) Eden regions: 256->0(26)
[165.839s][info][gc,heap        ] GC(195) Survivor regions: 2->0(40)
[165.839s][info][gc,heap        ] GC(195) Old regions: 13->13
[165.839s][info][gc,heap        ] GC(195) Archive regions: 0->0
[165.839s][info][gc,heap        ] GC(195) Humongous regions: 0->0
[165.839s][info][gc,metaspace   ] GC(195) Metaspace: 9946K(10240K)->9946K(10240K) NonClass: 8642K(8832K)->8642K(8832K) Class: 1304K(1408K)->1304K(1408K)
[165.839s][info][gc             ] GC(195) Pause Full (System.gc()) 260M->3M(44M) 20.455ms
[165.839s][info][gc,cpu         ] GC(195) User=0.20s Sys=0.00s Real=0.03s
[165.939s][info][gc,start       ] GC(196) Pause Young (Normal) (G1 Evacuation Pause)
[165.939s][info][gc,task        ] GC(196) Using 7 workers of 33 for evacuation
[165.941s][info][gc,phases      ] GC(196)   Pre Evacuate Collection Set: 0.1ms
[165.941s][info][gc,phases      ] GC(196)   Merge Heap Roots: 0.1ms
[165.941s][info][gc,phases      ] GC(196)   Evacuate Collection Set: 1.3ms
[165.941s][info][gc,phases      ] GC(196)   Post Evacuate Collection Set: 0.3ms
[165.941s][info][gc,phases      ] GC(196)   Other: 0.2ms
[165.941s][info][gc,heap        ] GC(196) Eden regions: 26->0(24)
[165.941s][info][gc,heap        ] GC(196) Survivor regions: 0->2(4)
[165.941s][info][gc,heap        ] GC(196) Old regions: 13->13
[165.941s][info][gc,heap        ] GC(196) Archive regions: 0->0
[165.941s][info][gc,heap        ] GC(196) Humongous regions: 0->0
[165.941s][info][gc,metaspace   ] GC(196) Metaspace: 9946K(10240K)->9946K(10240K) NonClass: 8642K(8832K)->8642K(8832K) Class: 1304K(1408K)->1304K(1408K)
[165.941s][info][gc             ] GC(196) Pause Young (Normal) (G1 Evacuation Pause) 29M->5M(44M) 2.464ms
[165.941s][info][gc,cpu         ] GC(196) User=0.00s Sys=0.00s Real=0.00s
[166.052s][info][gc,start       ] GC(197) Pause Young (Normal) (G1 Evacuation Pause)
[166.052s][info][gc,task        ] GC(197) Using 4 workers of 33 for evacuation
[166.054s][info][gc,phases      ] GC(197)   Pre Evacuate Collection Set: 0.1ms
[166.054s][info][gc,phases      ] GC(197)   Merge Heap Roots: 0.1ms
[166.054s][info][gc,phases      ] GC(197)   Evacuate Collection Set: 1.7ms
[166.054s][info][gc,phases      ] GC(197)   Post Evacuate Collection Set: 0.2ms
[166.054s][info][gc,phases      ] GC(197)   Other: 0.1ms
[166.054s][info][gc,heap        ] GC(197) Eden regions: 24->0(24)
[166.054s][info][gc,heap        ] GC(197) Survivor regions: 2->2(4)
[166.054s][info][gc,heap        ] GC(197) Old regions: 13->13
[166.054s][info][gc,heap        ] GC(197) Archive regions: 0->0
[166.054s][info][gc,heap        ] GC(197) Humongous regions: 0->0
[166.054s][info][gc,metaspace   ] GC(197) Metaspace: 9946K(10240K)->9946K(10240K) NonClass: 8642K(8832K)->8642K(8832K) Class: 1304K(1408K)->1304K(1408K)
[166.054s][info][gc             ] GC(197) Pause Young (Normal) (G1 Evacuation Pause) 29M->5M(44M) 2.675ms
[166.054s][info][gc,cpu         ] GC(197) User=0.00s Sys=0.00s Real=0.00s
[166.152s][info][gc,start       ] GC(198) Pause Young (Normal) (G1 Evacuation Pause)
[166.152s][info][gc,task        ] GC(198) Using 3 workers of 33 for evacuation
[166.161s][info][gc,phases      ] GC(198)   Pre Evacuate Collection Set: 0.1ms
[166.161s][info][gc,phases      ] GC(198)   Merge Heap Roots: 0.1ms
[166.161s][info][gc,phases      ] GC(198)   Evacuate Collection Set: 2.3ms
[166.161s][info][gc,phases      ] GC(198)   Post Evacuate Collection Set: 6.4ms
[166.161s][info][gc,phases      ] GC(198)   Other: 0.1ms
[166.161s][info][gc,heap        ] GC(198) Eden regions: 24->0(318)
[166.161s][info][gc,heap        ] GC(198) Survivor regions: 2->2(4)
[166.161s][info][gc,heap        ] GC(198) Old regions: 13->13
[166.161s][info][gc,heap        ] GC(198) Archive regions: 0->0
[166.162s][info][gc,heap        ] GC(198) Humongous regions: 0->0
[166.162s][info][gc,metaspace   ] GC(198) Metaspace: 9946K(10240K)->9946K(10240K) NonClass: 8642K(8832K)->8642K(8832K) Class: 1304K(1408K)->1304K(1408K)
[166.162s][info][gc             ] GC(198) Pause Young (Normal) (G1 Evacuation Pause) 29M->5M(534M) 9.438ms
[166.162s][info][gc,cpu         ] GC(198) User=0.00s Sys=0.02s Real=0.02s
[167.575s][info][gc,start       ] GC(199) Pause Young (Normal) (G1 Evacuation Pause)
[167.575s][info][gc,task        ] GC(199) Using 12 workers of 33 for evacuation
[167.577s][info][gc,phases      ] GC(199)   Pre Evacuate Collection Set: 0.2ms
[167.577s][info][gc,phases      ] GC(199)   Merge Heap Roots: 0.2ms
[167.577s][info][gc,phases      ] GC(199)   Evacuate Collection Set: 1.1ms
[167.577s][info][gc,phases      ] GC(199)   Post Evacuate Collection Set: 0.5ms
[167.577s][info][gc,phases      ] GC(199)   Other: 0.2ms
[167.577s][info][gc,heap        ] GC(199) Eden regions: 318->0(318)
[167.578s][info][gc,heap        ] GC(199) Survivor regions: 2->2(40)
[167.578s][info][gc,heap        ] GC(199) Old regions: 13->13
[167.578s][info][gc,heap        ] GC(199) Archive regions: 0->0
[167.578s][info][gc,heap        ] GC(199) Humongous regions: 0->0
[167.578s][info][gc,metaspace   ] GC(199) Metaspace: 9946K(10240K)->9946K(10240K) NonClass: 8642K(8832K)->8642K(8832K) Class: 1304K(1408K)->1304K(1408K)
[167.578s][info][gc             ] GC(199) Pause Young (Normal) (G1 Evacuation Pause) 323M->5M(534M) 2.630ms
[167.578s][info][gc,cpu         ] GC(199) User=0.16s Sys=0.03s Real=0.02s
[168.923s][info][gc,start       ] GC(200) Pause Young (Normal) (G1 Evacuation Pause)
[168.923s][info][gc,task        ] GC(200) Using 12 workers of 33 for evacuation
[168.925s][info][gc,phases      ] GC(200)   Pre Evacuate Collection Set: 0.2ms
[168.925s][info][gc,phases      ] GC(200)   Merge Heap Roots: 0.2ms
[168.925s][info][gc,phases      ] GC(200)   Evacuate Collection Set: 1.1ms
[168.925s][info][gc,phases      ] GC(200)   Post Evacuate Collection Set: 0.5ms
[168.925s][info][gc,phases      ] GC(200)   Other: 0.2ms
[168.925s][info][gc,heap        ] GC(200) Eden regions: 318->0(318)
[168.925s][info][gc,heap        ] GC(200) Survivor regions: 2->2(40)
[168.925s][info][gc,heap        ] GC(200) Old regions: 13->13
[168.925s][info][gc,heap        ] GC(200) Archive regions: 0->0
[168.925s][info][gc,heap        ] GC(200) Humongous regions: 0->0
[168.925s][info][gc,metaspace   ] GC(200) Metaspace: 9946K(10240K)->9946K(10240K) NonClass: 8642K(8832K)->8642K(8832K) Class: 1304K(1408K)->1304K(1408K)
[168.925s][info][gc             ] GC(200) Pause Young (Normal) (G1 Evacuation Pause) 323M->5M(534M) 2.573ms
[168.925s][info][gc,cpu         ] GC(200) User=0.00s Sys=0.00s Real=0.00s
[170.252s][info][gc,start       ] GC(201) Pause Young (Normal) (G1 Evacuation Pause)
[170.252s][info][gc,task        ] GC(201) Using 12 workers of 33 for evacuation
[170.254s][info][gc,phases      ] GC(201)   Pre Evacuate Collection Set: 0.2ms
[170.254s][info][gc,phases      ] GC(201)   Merge Heap Roots: 0.2ms
[170.254s][info][gc,phases      ] GC(201)   Evacuate Collection Set: 0.9ms
[170.254s][info][gc,phases      ] GC(201)   Post Evacuate Collection Set: 0.5ms
[170.254s][info][gc,phases      ] GC(201)   Other: 0.2ms
[170.254s][info][gc,heap        ] GC(201) Eden regions: 318->0(318)
[170.254s][info][gc,heap        ] GC(201) Survivor regions: 2->2(40)
[170.254s][info][gc,heap        ] GC(201) Old regions: 13->13
[170.254s][info][gc,heap        ] GC(201) Archive regions: 0->0
[170.254s][info][gc,heap        ] GC(201) Humongous regions: 0->0
[170.254s][info][gc,metaspace   ] GC(201) Metaspace: 9946K(10240K)->9946K(10240K) NonClass: 8642K(8832K)->8642K(8832K) Class: 1304K(1408K)->1304K(1408K)
[170.254s][info][gc             ] GC(201) Pause Young (Normal) (G1 Evacuation Pause) 323M->5M(534M) 2.374ms
[170.254s][info][gc,cpu         ] GC(201) User=0.00s Sys=0.00s Real=0.00s
[171.572s][info][gc,start       ] GC(202) Pause Young (Normal) (G1 Evacuation Pause)
[171.572s][info][gc,task        ] GC(202) Using 12 workers of 33 for evacuation
[171.574s][info][gc,phases      ] GC(202)   Pre Evacuate Collection Set: 0.2ms
[171.574s][info][gc,phases      ] GC(202)   Merge Heap Roots: 0.2ms
[171.574s][info][gc,phases      ] GC(202)   Evacuate Collection Set: 0.9ms
[171.574s][info][gc,phases      ] GC(202)   Post Evacuate Collection Set: 0.5ms
[171.574s][info][gc,phases      ] GC(202)   Other: 0.2ms
[171.574s][info][gc,heap        ] GC(202) Eden regions: 318->0(318)
[171.574s][info][gc,heap        ] GC(202) Survivor regions: 2->2(40)
[171.574s][info][gc,heap        ] GC(202) Old regions: 13->13
[171.574s][info][gc,heap        ] GC(202) Archive regions: 0->0
[171.574s][info][gc,heap        ] GC(202) Humongous regions: 0->0
[171.575s][info][gc,metaspace   ] GC(202) Metaspace: 9946K(10240K)->9946K(10240K) NonClass: 8642K(8832K)->8642K(8832K) Class: 1304K(1408K)->1304K(1408K)
[171.575s][info][gc             ] GC(202) Pause Young (Normal) (G1 Evacuation Pause) 323M->5M(534M) 2.372ms
[171.575s][info][gc,cpu         ] GC(202) User=0.00s Sys=0.00s Real=0.00s
[172.655s][info][gc,start       ] GC(203) Pause Full (System.gc())
[172.655s][info][gc,task        ] GC(203) Using 12 workers of 33 for full compaction
[172.655s][info][gc,phases,start] GC(203) Phase 1: Mark live objects
[172.660s][info][gc,phases      ] GC(203) Phase 1: Mark live objects 4.606ms
[172.660s][info][gc,phases,start] GC(203) Phase 2: Prepare compaction
[172.664s][info][gc,phases      ] GC(203) Phase 2: Prepare compaction 4.126ms
[172.664s][info][gc,phases,start] GC(203) Phase 3: Adjust pointers
[172.668s][info][gc,phases      ] GC(203) Phase 3: Adjust pointers 3.927ms
[172.668s][info][gc,phases,start] GC(203) Phase 4: Compact heap
[172.669s][info][gc,phases      ] GC(203) Phase 4: Compact heap 0.665ms
[172.675s][info][gc,heap        ] GC(203) Eden regions: 258->0(26)
[172.675s][info][gc,heap        ] GC(203) Survivor regions: 2->0(40)
[172.675s][info][gc,heap        ] GC(203) Old regions: 13->13
[172.675s][info][gc,heap        ] GC(203) Archive regions: 0->0
[172.675s][info][gc,heap        ] GC(203) Humongous regions: 0->0
[172.675s][info][gc,metaspace   ] GC(203) Metaspace: 9946K(10240K)->9946K(10240K) NonClass: 8642K(8832K)->8642K(8832K) Class: 1304K(1408K)->1304K(1408K)
[172.675s][info][gc             ] GC(203) Pause Full (System.gc()) 262M->3M(44M) 20.638ms
[172.675s][info][gc,cpu         ] GC(203) User=0.05s Sys=0.02s Real=0.02s
[172.776s][info][gc,start       ] GC(204) Pause Young (Normal) (G1 Evacuation Pause)
[172.784s][info][gc,task        ] GC(204) Using 7 workers of 33 for evacuation
[172.786s][info][gc,phases      ] GC(204)   Pre Evacuate Collection Set: 0.1ms
[172.786s][info][gc,phases      ] GC(204)   Merge Heap Roots: 0.1ms
[172.786s][info][gc,phases      ] GC(204)   Evacuate Collection Set: 1.2ms
[172.786s][info][gc,phases      ] GC(204)   Post Evacuate Collection Set: 0.3ms
[172.786s][info][gc,phases      ] GC(204)   Other: 0.1ms
[172.786s][info][gc,heap        ] GC(204) Eden regions: 26->0(24)
[172.786s][info][gc,heap        ] GC(204) Survivor regions: 0->2(4)
[172.786s][info][gc,heap        ] GC(204) Old regions: 13->13
[172.786s][info][gc,heap        ] GC(204) Archive regions: 0->0
[172.786s][info][gc,heap        ] GC(204) Humongous regions: 0->0
[172.786s][info][gc,metaspace   ] GC(204) Metaspace: 9948K(10304K)->9948K(10304K) NonClass: 8643K(8896K)->8643K(8896K) Class: 1304K(1408K)->1304K(1408K)
[172.787s][info][gc             ] GC(204) Pause Young (Normal) (G1 Evacuation Pause) 29M->5M(44M) 10.726ms
[172.787s][info][gc,cpu         ] GC(204) User=0.00s Sys=0.00s Real=0.00s
[172.888s][info][gc,start       ] GC(205) Pause Young (Normal) (G1 Evacuation Pause)
[172.888s][info][gc,task        ] GC(205) Using 4 workers of 33 for evacuation
[172.890s][info][gc,phases      ] GC(205)   Pre Evacuate Collection Set: 0.1ms
[172.890s][info][gc,phases      ] GC(205)   Merge Heap Roots: 0.1ms
[172.890s][info][gc,phases      ] GC(205)   Evacuate Collection Set: 1.7ms
[172.890s][info][gc,phases      ] GC(205)   Post Evacuate Collection Set: 0.2ms
[172.890s][info][gc,phases      ] GC(205)   Other: 0.1ms
[172.890s][info][gc,heap        ] GC(205) Eden regions: 24->0(24)
[172.890s][info][gc,heap        ] GC(205) Survivor regions: 2->2(4)
[172.890s][info][gc,heap        ] GC(205) Old regions: 13->13
[172.890s][info][gc,heap        ] GC(205) Archive regions: 0->0
[172.890s][info][gc,heap        ] GC(205) Humongous regions: 0->0
[172.891s][info][gc,metaspace   ] GC(205) Metaspace: 9948K(10304K)->9948K(10304K) NonClass: 8643K(8896K)->8643K(8896K) Class: 1304K(1408K)->1304K(1408K)
[172.891s][info][gc             ] GC(205) Pause Young (Normal) (G1 Evacuation Pause) 29M->5M(44M) 2.719ms
[172.891s][info][gc,cpu         ] GC(205) User=0.00s Sys=0.00s Real=0.00s
[172.984s][info][gc,start       ] GC(206) Pause Young (Normal) (G1 Evacuation Pause)
[172.984s][info][gc,task        ] GC(206) Using 3 workers of 33 for evacuation
[172.993s][info][gc,phases      ] GC(206)   Pre Evacuate Collection Set: 0.1ms
[172.993s][info][gc,phases      ] GC(206)   Merge Heap Roots: 0.1ms
[172.993s][info][gc,phases      ] GC(206)   Evacuate Collection Set: 2.5ms
[172.993s][info][gc,phases      ] GC(206)   Post Evacuate Collection Set: 6.4ms
[172.993s][info][gc,phases      ] GC(206)   Other: 0.1ms
[172.993s][info][gc,heap        ] GC(206) Eden regions: 24->0(318)
[172.994s][info][gc,heap        ] GC(206) Survivor regions: 2->2(4)
[172.994s][info][gc,heap        ] GC(206) Old regions: 13->13
[172.994s][info][gc,heap        ] GC(206) Archive regions: 0->0
[172.994s][info][gc,heap        ] GC(206) Humongous regions: 0->0
[172.994s][info][gc,metaspace   ] GC(206) Metaspace: 9948K(10304K)->9948K(10304K) NonClass: 8643K(8896K)->8643K(8896K) Class: 1304K(1408K)->1304K(1408K)
[172.994s][info][gc             ] GC(206) Pause Young (Normal) (G1 Evacuation Pause) 29M->5M(534M) 9.652ms
[172.994s][info][gc,cpu         ] GC(206) User=0.00s Sys=0.02s Real=0.02s
[174.389s][info][gc,start       ] GC(207) Pause Young (Normal) (G1 Evacuation Pause)
[174.390s][info][gc,task        ] GC(207) Using 12 workers of 33 for evacuation
[174.392s][info][gc,phases      ] GC(207)   Pre Evacuate Collection Set: 0.2ms
[174.392s][info][gc,phases      ] GC(207)   Merge Heap Roots: 0.2ms
[174.392s][info][gc,phases      ] GC(207)   Evacuate Collection Set: 1.2ms
[174.392s][info][gc,phases      ] GC(207)   Post Evacuate Collection Set: 0.5ms
[174.392s][info][gc,phases      ] GC(207)   Other: 0.2ms
[174.392s][info][gc,heap        ] GC(207) Eden regions: 318->0(318)
[174.392s][info][gc,heap        ] GC(207) Survivor regions: 2->2(40)
[174.392s][info][gc,heap        ] GC(207) Old regions: 13->13
[174.392s][info][gc,heap        ] GC(207) Archive regions: 0->0
[174.392s][info][gc,heap        ] GC(207) Humongous regions: 0->0
[174.392s][info][gc,metaspace   ] GC(207) Metaspace: 9948K(10304K)->9948K(10304K) NonClass: 8643K(8896K)->8643K(8896K) Class: 1304K(1408K)->1304K(1408K)
[174.392s][info][gc             ] GC(207) Pause Young (Normal) (G1 Evacuation Pause) 323M->5M(534M) 2.651ms
[174.392s][info][gc,cpu         ] GC(207) User=0.00s Sys=0.00s Real=0.00s
[175.719s][info][gc,start       ] GC(208) Pause Young (Normal) (G1 Evacuation Pause)
[175.719s][info][gc,task        ] GC(208) Using 12 workers of 33 for evacuation
[175.722s][info][gc,phases      ] GC(208)   Pre Evacuate Collection Set: 0.2ms
[175.722s][info][gc,phases      ] GC(208)   Merge Heap Roots: 0.2ms
[175.722s][info][gc,phases      ] GC(208)   Evacuate Collection Set: 1.2ms
[175.722s][info][gc,phases      ] GC(208)   Post Evacuate Collection Set: 0.5ms
[175.722s][info][gc,phases      ] GC(208)   Other: 0.2ms
[175.722s][info][gc,heap        ] GC(208) Eden regions: 318->0(318)
[175.722s][info][gc,heap        ] GC(208) Survivor regions: 2->2(40)
[175.722s][info][gc,heap        ] GC(208) Old regions: 13->13
[175.722s][info][gc,heap        ] GC(208) Archive regions: 0->0
[175.722s][info][gc,heap        ] GC(208) Humongous regions: 0->0
[175.722s][info][gc,metaspace   ] GC(208) Metaspace: 9948K(10304K)->9948K(10304K) NonClass: 8643K(8896K)->8643K(8896K) Class: 1304K(1408K)->1304K(1408K)
[175.722s][info][gc             ] GC(208) Pause Young (Normal) (G1 Evacuation Pause) 323M->5M(534M) 2.654ms
[175.722s][info][gc,cpu         ] GC(208) User=0.00s Sys=0.00s Real=0.00s
[177.059s][info][gc,start       ] GC(209) Pause Young (Normal) (G1 Evacuation Pause)
[177.059s][info][gc,task        ] GC(209) Using 12 workers of 33 for evacuation
[177.061s][info][gc,phases      ] GC(209)   Pre Evacuate Collection Set: 0.2ms
[177.061s][info][gc,phases      ] GC(209)   Merge Heap Roots: 0.2ms
[177.061s][info][gc,phases      ] GC(209)   Evacuate Collection Set: 1.0ms
[177.061s][info][gc,phases      ] GC(209)   Post Evacuate Collection Set: 0.5ms
[177.061s][info][gc,phases      ] GC(209)   Other: 0.2ms
[177.061s][info][gc,heap        ] GC(209) Eden regions: 318->0(318)
[177.061s][info][gc,heap        ] GC(209) Survivor regions: 2->2(40)
[177.061s][info][gc,heap        ] GC(209) Old regions: 13->13
[177.061s][info][gc,heap        ] GC(209) Archive regions: 0->0
[177.061s][info][gc,heap        ] GC(209) Humongous regions: 0->0
[177.061s][info][gc,metaspace   ] GC(209) Metaspace: 9948K(10304K)->9948K(10304K) NonClass: 8643K(8896K)->8643K(8896K) Class: 1304K(1408K)->1304K(1408K)
[177.061s][info][gc             ] GC(209) Pause Young (Normal) (G1 Evacuation Pause) 323M->5M(534M) 2.457ms
[177.061s][info][gc,cpu         ] GC(209) User=0.00s Sys=0.00s Real=0.00s
[178.389s][info][gc,start       ] GC(210) Pause Young (Normal) (G1 Evacuation Pause)
[178.389s][info][gc,task        ] GC(210) Using 12 workers of 33 for evacuation
[178.391s][info][gc,phases      ] GC(210)   Pre Evacuate Collection Set: 0.1ms
[178.391s][info][gc,phases      ] GC(210)   Merge Heap Roots: 0.2ms
[178.391s][info][gc,phases      ] GC(210)   Evacuate Collection Set: 1.0ms
[178.391s][info][gc,phases      ] GC(210)   Post Evacuate Collection Set: 0.5ms
[178.391s][info][gc,phases      ] GC(210)   Other: 0.2ms
[178.391s][info][gc,heap        ] GC(210) Eden regions: 318->0(318)
[178.391s][info][gc,heap        ] GC(210) Survivor regions: 2->2(40)
[178.391s][info][gc,heap        ] GC(210) Old regions: 13->13
[178.391s][info][gc,heap        ] GC(210) Archive regions: 0->0
[178.391s][info][gc,heap        ] GC(210) Humongous regions: 0->0
[178.391s][info][gc,metaspace   ] GC(210) Metaspace: 9948K(10304K)->9948K(10304K) NonClass: 8643K(8896K)->8643K(8896K) Class: 1304K(1408K)->1304K(1408K)
[178.391s][info][gc             ] GC(210) Pause Young (Normal) (G1 Evacuation Pause) 323M->5M(534M) 2.451ms
[178.391s][info][gc,cpu         ] GC(210) User=0.00s Sys=0.00s Real=0.00s
[179.458s][info][gc,start       ] GC(211) Pause Full (System.gc())
[179.458s][info][gc,task        ] GC(211) Using 12 workers of 33 for full compaction
[179.458s][info][gc,phases,start] GC(211) Phase 1: Mark live objects
[179.463s][info][gc,phases      ] GC(211) Phase 1: Mark live objects 4.569ms
[179.463s][info][gc,phases,start] GC(211) Phase 2: Prepare compaction
[179.467s][info][gc,phases      ] GC(211) Phase 2: Prepare compaction 4.038ms
[179.467s][info][gc,phases,start] GC(211) Phase 3: Adjust pointers
[179.472s][info][gc,phases      ] GC(211) Phase 3: Adjust pointers 4.340ms
[179.472s][info][gc,phases,start] GC(211) Phase 4: Compact heap
[179.472s][info][gc,phases      ] GC(211) Phase 4: Compact heap 0.624ms
[179.478s][info][gc,heap        ] GC(211) Eden regions: 257->0(26)
[179.478s][info][gc,heap        ] GC(211) Survivor regions: 2->0(40)
[179.478s][info][gc,heap        ] GC(211) Old regions: 13->13
[179.478s][info][gc,heap        ] GC(211) Archive regions: 0->0
[179.478s][info][gc,heap        ] GC(211) Humongous regions: 0->0
[179.478s][info][gc,metaspace   ] GC(211) Metaspace: 9948K(10304K)->9948K(10304K) NonClass: 8643K(8896K)->8643K(8896K) Class: 1304K(1408K)->1304K(1408K)
[179.479s][info][gc             ] GC(211) Pause Full (System.gc()) 262M->3M(44M) 20.840ms
[179.479s][info][gc,cpu         ] GC(211) User=0.20s Sys=0.00s Real=0.03s
[179.583s][info][gc,start       ] GC(212) Pause Young (Normal) (G1 Evacuation Pause)
[179.583s][info][gc,task        ] GC(212) Using 7 workers of 33 for evacuation
[179.585s][info][gc,phases      ] GC(212)   Pre Evacuate Collection Set: 0.1ms
[179.585s][info][gc,phases      ] GC(212)   Merge Heap Roots: 0.1ms
[179.585s][info][gc,phases      ] GC(212)   Evacuate Collection Set: 1.3ms
[179.585s][info][gc,phases      ] GC(212)   Post Evacuate Collection Set: 0.3ms
[179.585s][info][gc,phases      ] GC(212)   Other: 0.1ms
[179.585s][info][gc,heap        ] GC(212) Eden regions: 26->0(24)
[179.585s][info][gc,heap        ] GC(212) Survivor regions: 0->2(4)
[179.585s][info][gc,heap        ] GC(212) Old regions: 13->13
[179.585s][info][gc,heap        ] GC(212) Archive regions: 0->0
[179.585s][info][gc,heap        ] GC(212) Humongous regions: 0->0
[179.585s][info][gc,metaspace   ] GC(212) Metaspace: 9948K(10304K)->9948K(10304K) NonClass: 8643K(8896K)->8643K(8896K) Class: 1304K(1408K)->1304K(1408K)
[179.585s][info][gc             ] GC(212) Pause Young (Normal) (G1 Evacuation Pause) 29M->5M(44M) 2.327ms
[179.585s][info][gc,cpu         ] GC(212) User=0.11s Sys=0.00s Real=0.02s
[179.696s][info][gc,start       ] GC(213) Pause Young (Normal) (G1 Evacuation Pause)
[179.697s][info][gc,task        ] GC(213) Using 4 workers of 33 for evacuation
[179.699s][info][gc,phases      ] GC(213)   Pre Evacuate Collection Set: 0.1ms
[179.699s][info][gc,phases      ] GC(213)   Merge Heap Roots: 0.1ms
[179.699s][info][gc,phases      ] GC(213)   Evacuate Collection Set: 1.7ms
[179.699s][info][gc,phases      ] GC(213)   Post Evacuate Collection Set: 0.2ms
[179.699s][info][gc,phases      ] GC(213)   Other: 0.1ms
[179.699s][info][gc,heap        ] GC(213) Eden regions: 24->0(24)
[179.699s][info][gc,heap        ] GC(213) Survivor regions: 2->2(4)
[179.699s][info][gc,heap        ] GC(213) Old regions: 13->13
[179.699s][info][gc,heap        ] GC(213) Archive regions: 0->0
[179.699s][info][gc,heap        ] GC(213) Humongous regions: 0->0
[179.699s][info][gc,metaspace   ] GC(213) Metaspace: 9948K(10304K)->9948K(10304K) NonClass: 8643K(8896K)->8643K(8896K) Class: 1304K(1408K)->1304K(1408K)
[179.699s][info][gc             ] GC(213) Pause Young (Normal) (G1 Evacuation Pause) 29M->5M(44M) 2.629ms
[179.699s][info][gc,cpu         ] GC(213) User=0.00s Sys=0.00s Real=0.00s
[179.794s][info][gc,start       ] GC(214) Pause Young (Normal) (G1 Evacuation Pause)
[179.794s][info][gc,task        ] GC(214) Using 3 workers of 33 for evacuation
[179.803s][info][gc,phases      ] GC(214)   Pre Evacuate Collection Set: 0.1ms
[179.803s][info][gc,phases      ] GC(214)   Merge Heap Roots: 0.1ms
[179.803s][info][gc,phases      ] GC(214)   Evacuate Collection Set: 2.4ms
[179.803s][info][gc,phases      ] GC(214)   Post Evacuate Collection Set: 6.4ms
[179.803s][info][gc,phases      ] GC(214)   Other: 0.1ms
[179.804s][info][gc,heap        ] GC(214) Eden regions: 24->0(318)
[179.804s][info][gc,heap        ] GC(214) Survivor regions: 2->2(4)
[179.804s][info][gc,heap        ] GC(214) Old regions: 13->13
[179.804s][info][gc,heap        ] GC(214) Archive regions: 0->0
[179.804s][info][gc,heap        ] GC(214) Humongous regions: 0->0
[179.804s][info][gc,metaspace   ] GC(214) Metaspace: 9948K(10304K)->9948K(10304K) NonClass: 8643K(8896K)->8643K(8896K) Class: 1304K(1408K)->1304K(1408K)
[179.804s][info][gc             ] GC(214) Pause Young (Normal) (G1 Evacuation Pause) 29M->5M(534M) 9.482ms
[179.804s][info][gc,cpu         ] GC(214) User=0.02s Sys=0.00s Real=0.02s
[181.226s][info][gc,start       ] GC(215) Pause Young (Normal) (G1 Evacuation Pause)
[181.226s][info][gc,task        ] GC(215) Using 12 workers of 33 for evacuation
[181.228s][info][gc,phases      ] GC(215)   Pre Evacuate Collection Set: 0.2ms
[181.228s][info][gc,phases      ] GC(215)   Merge Heap Roots: 0.2ms
[181.228s][info][gc,phases      ] GC(215)   Evacuate Collection Set: 1.1ms
[181.228s][info][gc,phases      ] GC(215)   Post Evacuate Collection Set: 0.5ms
[181.228s][info][gc,phases      ] GC(215)   Other: 0.2ms
[181.228s][info][gc,heap        ] GC(215) Eden regions: 318->0(318)
[181.228s][info][gc,heap        ] GC(215) Survivor regions: 2->2(40)
[181.228s][info][gc,heap        ] GC(215) Old regions: 13->13
[181.228s][info][gc,heap        ] GC(215) Archive regions: 0->0
[181.228s][info][gc,heap        ] GC(215) Humongous regions: 0->0
[181.228s][info][gc,metaspace   ] GC(215) Metaspace: 9948K(10304K)->9948K(10304K) NonClass: 8643K(8896K)->8643K(8896K) Class: 1304K(1408K)->1304K(1408K)
[181.228s][info][gc             ] GC(215) Pause Young (Normal) (G1 Evacuation Pause) 323M->5M(534M) 2.635ms
[181.228s][info][gc,cpu         ] GC(215) User=0.00s Sys=0.00s Real=0.00s
[182.539s][info][gc,start       ] GC(216) Pause Young (Normal) (G1 Evacuation Pause)
[182.539s][info][gc,task        ] GC(216) Using 12 workers of 33 for evacuation
[182.542s][info][gc,phases      ] GC(216)   Pre Evacuate Collection Set: 0.2ms
[182.542s][info][gc,phases      ] GC(216)   Merge Heap Roots: 0.2ms
[182.542s][info][gc,phases      ] GC(216)   Evacuate Collection Set: 1.2ms
[182.542s][info][gc,phases      ] GC(216)   Post Evacuate Collection Set: 0.5ms
[182.542s][info][gc,phases      ] GC(216)   Other: 0.2ms
[182.542s][info][gc,heap        ] GC(216) Eden regions: 318->0(318)
[182.542s][info][gc,heap        ] GC(216) Survivor regions: 2->2(40)
[182.542s][info][gc,heap        ] GC(216) Old regions: 13->13
[182.542s][info][gc,heap        ] GC(216) Archive regions: 0->0
[182.542s][info][gc,heap        ] GC(216) Humongous regions: 0->0
[182.542s][info][gc,metaspace   ] GC(216) Metaspace: 9948K(10304K)->9948K(10304K) NonClass: 8643K(8896K)->8643K(8896K) Class: 1304K(1408K)->1304K(1408K)
[182.542s][info][gc             ] GC(216) Pause Young (Normal) (G1 Evacuation Pause) 323M->5M(534M) 2.903ms
[182.542s][info][gc,cpu         ] GC(216) User=0.00s Sys=0.00s Real=0.00s
[183.853s][info][gc,start       ] GC(217) Pause Young (Normal) (G1 Evacuation Pause)
[183.853s][info][gc,task        ] GC(217) Using 12 workers of 33 for evacuation
[183.855s][info][gc,phases      ] GC(217)   Pre Evacuate Collection Set: 0.2ms
[183.855s][info][gc,phases      ] GC(217)   Merge Heap Roots: 0.2ms
[183.855s][info][gc,phases      ] GC(217)   Evacuate Collection Set: 0.9ms
[183.855s][info][gc,phases      ] GC(217)   Post Evacuate Collection Set: 0.5ms
[183.855s][info][gc,phases      ] GC(217)   Other: 0.2ms
[183.855s][info][gc,heap        ] GC(217) Eden regions: 318->0(318)
[183.855s][info][gc,heap        ] GC(217) Survivor regions: 2->2(40)
[183.855s][info][gc,heap        ] GC(217) Old regions: 13->13
[183.855s][info][gc,heap        ] GC(217) Archive regions: 0->0
[183.855s][info][gc,heap        ] GC(217) Humongous regions: 0->0
[183.855s][info][gc,metaspace   ] GC(217) Metaspace: 9948K(10304K)->9948K(10304K) NonClass: 8643K(8896K)->8643K(8896K) Class: 1304K(1408K)->1304K(1408K)
[183.855s][info][gc             ] GC(217) Pause Young (Normal) (G1 Evacuation Pause) 323M->5M(534M) 2.362ms
[183.855s][info][gc,cpu         ] GC(217) User=0.00s Sys=0.00s Real=0.00s
[185.174s][info][gc,start       ] GC(218) Pause Young (Normal) (G1 Evacuation Pause)
[185.174s][info][gc,task        ] GC(218) Using 12 workers of 33 for evacuation
[185.176s][info][gc,phases      ] GC(218)   Pre Evacuate Collection Set: 0.1ms
[185.176s][info][gc,phases      ] GC(218)   Merge Heap Roots: 0.2ms
[185.176s][info][gc,phases      ] GC(218)   Evacuate Collection Set: 0.9ms
[185.176s][info][gc,phases      ] GC(218)   Post Evacuate Collection Set: 0.5ms
[185.176s][info][gc,phases      ] GC(218)   Other: 0.2ms
[185.176s][info][gc,heap        ] GC(218) Eden regions: 318->0(318)
[185.176s][info][gc,heap        ] GC(218) Survivor regions: 2->2(40)
[185.176s][info][gc,heap        ] GC(218) Old regions: 13->13
[185.176s][info][gc,heap        ] GC(218) Archive regions: 0->0
[185.176s][info][gc,heap        ] GC(218) Humongous regions: 0->0
[185.176s][info][gc,metaspace   ] GC(218) Metaspace: 9948K(10304K)->9948K(10304K) NonClass: 8643K(8896K)->8643K(8896K) Class: 1304K(1408K)->1304K(1408K)
[185.176s][info][gc             ] GC(218) Pause Young (Normal) (G1 Evacuation Pause) 323M->5M(534M) 2.324ms
[185.176s][info][gc,cpu         ] GC(218) User=0.00s Sys=0.00s Real=0.00s
[186.266s][info][gc,start       ] GC(219) Pause Full (System.gc())
[186.266s][info][gc,task        ] GC(219) Using 12 workers of 33 for full compaction
[186.267s][info][gc,phases,start] GC(219) Phase 1: Mark live objects
[186.271s][info][gc,phases      ] GC(219) Phase 1: Mark live objects 4.689ms
[186.271s][info][gc,phases,start] GC(219) Phase 2: Prepare compaction
[186.275s][info][gc,phases      ] GC(219) Phase 2: Prepare compaction 3.324ms
[186.275s][info][gc,phases,start] GC(219) Phase 3: Adjust pointers
[186.279s][info][gc,phases      ] GC(219) Phase 3: Adjust pointers 3.919ms
[186.279s][info][gc,phases,start] GC(219) Phase 4: Compact heap
[186.279s][info][gc,phases      ] GC(219) Phase 4: Compact heap 0.479ms
[186.285s][info][gc,heap        ] GC(219) Eden regions: 260->0(26)
[186.286s][info][gc,heap        ] GC(219) Survivor regions: 2->0(40)
[186.286s][info][gc,heap        ] GC(219) Old regions: 13->13
[186.286s][info][gc,heap        ] GC(219) Archive regions: 0->0
[186.286s][info][gc,heap        ] GC(219) Humongous regions: 0->0
[186.286s][info][gc,metaspace   ] GC(219) Metaspace: 9951K(10304K)->9951K(10304K) NonClass: 8646K(8896K)->8646K(8896K) Class: 1304K(1408K)->1304K(1408K)
[186.286s][info][gc             ] GC(219) Pause Full (System.gc()) 264M->3M(44M) 19.736ms
[186.286s][info][gc,cpu         ] GC(219) User=0.02s Sys=0.13s Real=0.01s
[186.390s][info][gc,start       ] GC(220) Pause Young (Normal) (G1 Evacuation Pause)
[186.390s][info][gc,task        ] GC(220) Using 7 workers of 33 for evacuation
[186.392s][info][gc,phases      ] GC(220)   Pre Evacuate Collection Set: 0.1ms
[186.392s][info][gc,phases      ] GC(220)   Merge Heap Roots: 0.1ms
[186.392s][info][gc,phases      ] GC(220)   Evacuate Collection Set: 1.3ms
[186.392s][info][gc,phases      ] GC(220)   Post Evacuate Collection Set: 0.3ms
[186.392s][info][gc,phases      ] GC(220)   Other: 0.1ms
[186.392s][info][gc,heap        ] GC(220) Eden regions: 26->0(24)
[186.392s][info][gc,heap        ] GC(220) Survivor regions: 0->2(4)
[186.392s][info][gc,heap        ] GC(220) Old regions: 13->13
[186.392s][info][gc,heap        ] GC(220) Archive regions: 0->0
[186.392s][info][gc,heap        ] GC(220) Humongous regions: 0->0
[186.392s][info][gc,metaspace   ] GC(220) Metaspace: 9951K(10304K)->9951K(10304K) NonClass: 8646K(8896K)->8646K(8896K) Class: 1304K(1408K)->1304K(1408K)
[186.392s][info][gc             ] GC(220) Pause Young (Normal) (G1 Evacuation Pause) 29M->5M(44M) 2.379ms
[186.392s][info][gc,cpu         ] GC(220) User=0.03s Sys=0.05s Real=0.02s
[186.504s][info][gc,start       ] GC(221) Pause Young (Normal) (G1 Evacuation Pause)
[186.504s][info][gc,task        ] GC(221) Using 4 workers of 33 for evacuation
[186.506s][info][gc,phases      ] GC(221)   Pre Evacuate Collection Set: 0.1ms
[186.506s][info][gc,phases      ] GC(221)   Merge Heap Roots: 0.1ms
[186.506s][info][gc,phases      ] GC(221)   Evacuate Collection Set: 1.8ms
[186.506s][info][gc,phases      ] GC(221)   Post Evacuate Collection Set: 0.2ms
[186.506s][info][gc,phases      ] GC(221)   Other: 0.1ms
[186.506s][info][gc,heap        ] GC(221) Eden regions: 24->0(24)
[186.506s][info][gc,heap        ] GC(221) Survivor regions: 2->2(4)
[186.506s][info][gc,heap        ] GC(221) Old regions: 13->13
[186.506s][info][gc,heap        ] GC(221) Archive regions: 0->0
[186.506s][info][gc,heap        ] GC(221) Humongous regions: 0->0
[186.506s][info][gc,metaspace   ] GC(221) Metaspace: 9951K(10304K)->9951K(10304K) NonClass: 8646K(8896K)->8646K(8896K) Class: 1304K(1408K)->1304K(1408K)
[186.506s][info][gc             ] GC(221) Pause Young (Normal) (G1 Evacuation Pause) 29M->5M(44M) 2.551ms
[186.506s][info][gc,cpu         ] GC(221) User=0.00s Sys=0.00s Real=0.00s
[186.601s][info][gc,start       ] GC(222) Pause Young (Normal) (G1 Evacuation Pause)
[186.601s][info][gc,task        ] GC(222) Using 3 workers of 33 for evacuation
[186.609s][info][gc,phases      ] GC(222)   Pre Evacuate Collection Set: 0.1ms
[186.610s][info][gc,phases      ] GC(222)   Merge Heap Roots: 0.1ms
[186.610s][info][gc,phases      ] GC(222)   Evacuate Collection Set: 2.5ms
[186.610s][info][gc,phases      ] GC(222)   Post Evacuate Collection Set: 5.4ms
[186.610s][info][gc,phases      ] GC(222)   Other: 0.1ms
[186.610s][info][gc,heap        ] GC(222) Eden regions: 24->0(318)
[186.610s][info][gc,heap        ] GC(222) Survivor regions: 2->2(4)
[186.610s][info][gc,heap        ] GC(222) Old regions: 13->13
[186.610s][info][gc,heap        ] GC(222) Archive regions: 0->0
[186.610s][info][gc,heap        ] GC(222) Humongous regions: 0->0
[186.610s][info][gc,metaspace   ] GC(222) Metaspace: 9951K(10304K)->9951K(10304K) NonClass: 8646K(8896K)->8646K(8896K) Class: 1304K(1408K)->1304K(1408K)
[186.610s][info][gc             ] GC(222) Pause Young (Normal) (G1 Evacuation Pause) 29M->5M(534M) 8.612ms
[186.610s][info][gc,cpu         ] GC(222) User=0.00s Sys=0.00s Real=0.00s
[188.033s][info][gc,start       ] GC(223) Pause Young (Normal) (G1 Evacuation Pause)
[188.033s][info][gc,task        ] GC(223) Using 12 workers of 33 for evacuation
[188.035s][info][gc,phases      ] GC(223)   Pre Evacuate Collection Set: 0.2ms
[188.035s][info][gc,phases      ] GC(223)   Merge Heap Roots: 0.2ms
[188.036s][info][gc,phases      ] GC(223)   Evacuate Collection Set: 1.1ms
[188.036s][info][gc,phases      ] GC(223)   Post Evacuate Collection Set: 0.5ms
[188.036s][info][gc,phases      ] GC(223)   Other: 0.2ms
[188.036s][info][gc,heap        ] GC(223) Eden regions: 318->0(318)
[188.036s][info][gc,heap        ] GC(223) Survivor regions: 2->2(40)
[188.036s][info][gc,heap        ] GC(223) Old regions: 13->13
[188.036s][info][gc,heap        ] GC(223) Archive regions: 0->0
[188.036s][info][gc,heap        ] GC(223) Humongous regions: 0->0
[188.036s][info][gc,metaspace   ] GC(223) Metaspace: 9951K(10304K)->9951K(10304K) NonClass: 8646K(8896K)->8646K(8896K) Class: 1304K(1408K)->1304K(1408K)
[188.036s][info][gc             ] GC(223) Pause Young (Normal) (G1 Evacuation Pause) 323M->5M(534M) 2.566ms
[188.036s][info][gc,cpu         ] GC(223) User=0.00s Sys=0.00s Real=0.00s
[189.369s][info][gc,start       ] GC(224) Pause Young (Normal) (G1 Evacuation Pause)
[189.369s][info][gc,task        ] GC(224) Using 12 workers of 33 for evacuation
[189.371s][info][gc,phases      ] GC(224)   Pre Evacuate Collection Set: 0.2ms
[189.371s][info][gc,phases      ] GC(224)   Merge Heap Roots: 0.2ms
[189.371s][info][gc,phases      ] GC(224)   Evacuate Collection Set: 1.2ms
[189.372s][info][gc,phases      ] GC(224)   Post Evacuate Collection Set: 0.5ms
[189.372s][info][gc,phases      ] GC(224)   Other: 0.2ms
[189.372s][info][gc,heap        ] GC(224) Eden regions: 318->0(318)
[189.372s][info][gc,heap        ] GC(224) Survivor regions: 2->2(40)
[189.372s][info][gc,heap        ] GC(224) Old regions: 13->13
[189.372s][info][gc,heap        ] GC(224) Archive regions: 0->0
[189.372s][info][gc,heap        ] GC(224) Humongous regions: 0->0
[189.372s][info][gc,metaspace   ] GC(224) Metaspace: 9951K(10304K)->9951K(10304K) NonClass: 8646K(8896K)->8646K(8896K) Class: 1304K(1408K)->1304K(1408K)
[189.372s][info][gc             ] GC(224) Pause Young (Normal) (G1 Evacuation Pause) 323M->5M(534M) 2.743ms
[189.372s][info][gc,cpu         ] GC(224) User=0.00s Sys=0.00s Real=0.00s
[190.697s][info][gc,start       ] GC(225) Pause Young (Normal) (G1 Evacuation Pause)
[190.697s][info][gc,task        ] GC(225) Using 12 workers of 33 for evacuation
[190.699s][info][gc,phases      ] GC(225)   Pre Evacuate Collection Set: 0.2ms
[190.699s][info][gc,phases      ] GC(225)   Merge Heap Roots: 0.2ms
[190.699s][info][gc,phases      ] GC(225)   Evacuate Collection Set: 0.9ms
[190.699s][info][gc,phases      ] GC(225)   Post Evacuate Collection Set: 0.5ms
[190.699s][info][gc,phases      ] GC(225)   Other: 0.2ms
[190.699s][info][gc,heap        ] GC(225) Eden regions: 318->0(318)
[190.699s][info][gc,heap        ] GC(225) Survivor regions: 2->2(40)
[190.699s][info][gc,heap        ] GC(225) Old regions: 13->13
[190.699s][info][gc,heap        ] GC(225) Archive regions: 0->0
[190.699s][info][gc,heap        ] GC(225) Humongous regions: 0->0
[190.699s][info][gc,metaspace   ] GC(225) Metaspace: 9951K(10304K)->9951K(10304K) NonClass: 8646K(8896K)->8646K(8896K) Class: 1304K(1408K)->1304K(1408K)
[190.700s][info][gc             ] GC(225) Pause Young (Normal) (G1 Evacuation Pause) 323M->5M(534M) 2.383ms
[190.700s][info][gc,cpu         ] GC(225) User=0.00s Sys=0.00s Real=0.00s
[191.994s][info][gc,start       ] GC(226) Pause Young (Normal) (G1 Evacuation Pause)
[191.994s][info][gc,task        ] GC(226) Using 12 workers of 33 for evacuation
[191.996s][info][gc,phases      ] GC(226)   Pre Evacuate Collection Set: 0.1ms
[191.996s][info][gc,phases      ] GC(226)   Merge Heap Roots: 0.2ms
[191.996s][info][gc,phases      ] GC(226)   Evacuate Collection Set: 0.8ms
[191.996s][info][gc,phases      ] GC(226)   Post Evacuate Collection Set: 0.5ms
[191.996s][info][gc,phases      ] GC(226)   Other: 0.2ms
[191.996s][info][gc,heap        ] GC(226) Eden regions: 318->0(318)
[191.996s][info][gc,heap        ] GC(226) Survivor regions: 2->2(40)
[191.996s][info][gc,heap        ] GC(226) Old regions: 13->13
[191.996s][info][gc,heap        ] GC(226) Archive regions: 0->0
[191.996s][info][gc,heap        ] GC(226) Humongous regions: 0->0
[191.996s][info][gc,metaspace   ] GC(226) Metaspace: 9951K(10304K)->9951K(10304K) NonClass: 8646K(8896K)->8646K(8896K) Class: 1304K(1408K)->1304K(1408K)
[191.996s][info][gc             ] GC(226) Pause Young (Normal) (G1 Evacuation Pause) 323M->5M(534M) 2.273ms
[191.996s][info][gc,cpu         ] GC(226) User=0.00s Sys=0.00s Real=0.00s
[193.008s][info][gc,start       ] GC(227) Pause Full (System.gc())
[193.008s][info][gc,task        ] GC(227) Using 12 workers of 33 for full compaction
[193.009s][info][gc,phases,start] GC(227) Phase 1: Mark live objects
[193.013s][info][gc,phases      ] GC(227) Phase 1: Mark live objects 4.668ms
[193.013s][info][gc,phases,start] GC(227) Phase 2: Prepare compaction
[193.016s][info][gc,phases      ] GC(227) Phase 2: Prepare compaction 2.962ms
[193.016s][info][gc,phases,start] GC(227) Phase 3: Adjust pointers
[193.018s][info][gc,phases      ] GC(227) Phase 3: Adjust pointers 2.038ms
[193.019s][info][gc,phases,start] GC(227) Phase 4: Compact heap
[193.019s][info][gc,phases      ] GC(227) Phase 4: Compact heap 0.482ms
[193.025s][info][gc,heap        ] GC(227) Eden regions: 251->0(26)
[193.025s][info][gc,heap        ] GC(227) Survivor regions: 2->0(40)
[193.025s][info][gc,heap        ] GC(227) Old regions: 13->13
[193.025s][info][gc,heap        ] GC(227) Archive regions: 0->0
[193.025s][info][gc,heap        ] GC(227) Humongous regions: 0->0
[193.025s][info][gc,metaspace   ] GC(227) Metaspace: 9951K(10304K)->9951K(10304K) NonClass: 8646K(8896K)->8646K(8896K) Class: 1304K(1408K)->1304K(1408K)
[193.025s][info][gc             ] GC(227) Pause Full (System.gc()) 255M->3M(44M) 17.409ms
[193.025s][info][gc,cpu         ] GC(227) User=0.03s Sys=0.16s Real=0.02s
[193.125s][info][gc,start       ] GC(228) Pause Young (Normal) (G1 Evacuation Pause)
[193.125s][info][gc,task        ] GC(228) Using 7 workers of 33 for evacuation
[193.127s][info][gc,phases      ] GC(228)   Pre Evacuate Collection Set: 0.1ms
[193.127s][info][gc,phases      ] GC(228)   Merge Heap Roots: 0.1ms
[193.127s][info][gc,phases      ] GC(228)   Evacuate Collection Set: 1.4ms
[193.127s][info][gc,phases      ] GC(228)   Post Evacuate Collection Set: 0.3ms
[193.127s][info][gc,phases      ] GC(228)   Other: 0.1ms
[193.127s][info][gc,heap        ] GC(228) Eden regions: 26->0(24)
[193.127s][info][gc,heap        ] GC(228) Survivor regions: 0->2(4)
[193.127s][info][gc,heap        ] GC(228) Old regions: 13->13
[193.127s][info][gc,heap        ] GC(228) Archive regions: 0->0
[193.127s][info][gc,heap        ] GC(228) Humongous regions: 0->0
[193.127s][info][gc,metaspace   ] GC(228) Metaspace: 9951K(10304K)->9951K(10304K) NonClass: 8646K(8896K)->8646K(8896K) Class: 1304K(1408K)->1304K(1408K)
[193.127s][info][gc             ] GC(228) Pause Young (Normal) (G1 Evacuation Pause) 29M->5M(44M) 2.489ms
[193.127s][info][gc,cpu         ] GC(228) User=0.11s Sys=0.00s Real=0.02s
[193.246s][info][gc,start       ] GC(229) Pause Young (Normal) (G1 Evacuation Pause)
[193.247s][info][gc,task        ] GC(229) Using 4 workers of 33 for evacuation
[193.248s][info][gc,phases      ] GC(229)   Pre Evacuate Collection Set: 0.1ms
[193.248s][info][gc,phases      ] GC(229)   Merge Heap Roots: 0.1ms
[193.248s][info][gc,phases      ] GC(229)   Evacuate Collection Set: 1.3ms
[193.248s][info][gc,phases      ] GC(229)   Post Evacuate Collection Set: 0.2ms
[193.248s][info][gc,phases      ] GC(229)   Other: 0.1ms
[193.249s][info][gc,heap        ] GC(229) Eden regions: 24->0(24)
[193.249s][info][gc,heap        ] GC(229) Survivor regions: 2->2(4)
[193.249s][info][gc,heap        ] GC(229) Old regions: 13->13
[193.249s][info][gc,heap        ] GC(229) Archive regions: 0->0
[193.249s][info][gc,heap        ] GC(229) Humongous regions: 0->0
[193.249s][info][gc,metaspace   ] GC(229) Metaspace: 9951K(10304K)->9951K(10304K) NonClass: 8646K(8896K)->8646K(8896K) Class: 1304K(1408K)->1304K(1408K)
[193.249s][info][gc             ] GC(229) Pause Young (Normal) (G1 Evacuation Pause) 29M->5M(44M) 2.355ms
[193.249s][info][gc,cpu         ] GC(229) User=0.00s Sys=0.00s Real=0.00s
[193.341s][info][gc,start       ] GC(230) Pause Young (Normal) (G1 Evacuation Pause)
[193.341s][info][gc,task        ] GC(230) Using 3 workers of 33 for evacuation
[193.350s][info][gc,phases      ] GC(230)   Pre Evacuate Collection Set: 0.1ms
[193.350s][info][gc,phases      ] GC(230)   Merge Heap Roots: 0.1ms
[193.350s][info][gc,phases      ] GC(230)   Evacuate Collection Set: 2.3ms
[193.350s][info][gc,phases      ] GC(230)   Post Evacuate Collection Set: 6.4ms
[193.350s][info][gc,phases      ] GC(230)   Other: 0.1ms
[193.350s][info][gc,heap        ] GC(230) Eden regions: 24->0(318)
[193.350s][info][gc,heap        ] GC(230) Survivor regions: 2->2(4)
[193.350s][info][gc,heap        ] GC(230) Old regions: 13->13
[193.350s][info][gc,heap        ] GC(230) Archive regions: 0->0
[193.350s][info][gc,heap        ] GC(230) Humongous regions: 0->0
[193.350s][info][gc,metaspace   ] GC(230) Metaspace: 9951K(10304K)->9951K(10304K) NonClass: 8646K(8896K)->8646K(8896K) Class: 1304K(1408K)->1304K(1408K)
[193.350s][info][gc             ] GC(230) Pause Young (Normal) (G1 Evacuation Pause) 29M->5M(534M) 9.487ms
[193.350s][info][gc,cpu         ] GC(230) User=0.00s Sys=0.00s Real=0.00s
[194.734s][info][gc,start       ] GC(231) Pause Young (Normal) (G1 Evacuation Pause)
[194.734s][info][gc,task        ] GC(231) Using 12 workers of 33 for evacuation
[194.736s][info][gc,phases      ] GC(231)   Pre Evacuate Collection Set: 0.2ms
[194.736s][info][gc,phases      ] GC(231)   Merge Heap Roots: 0.2ms
[194.736s][info][gc,phases      ] GC(231)   Evacuate Collection Set: 1.1ms
[194.736s][info][gc,phases      ] GC(231)   Post Evacuate Collection Set: 0.5ms
[194.736s][info][gc,phases      ] GC(231)   Other: 0.2ms
[194.736s][info][gc,heap        ] GC(231) Eden regions: 318->0(318)
[194.736s][info][gc,heap        ] GC(231) Survivor regions: 2->2(40)
[194.736s][info][gc,heap        ] GC(231) Old regions: 13->13
[194.736s][info][gc,heap        ] GC(231) Archive regions: 0->0
[194.736s][info][gc,heap        ] GC(231) Humongous regions: 0->0
[194.736s][info][gc,metaspace   ] GC(231) Metaspace: 9951K(10304K)->9951K(10304K) NonClass: 8646K(8896K)->8646K(8896K) Class: 1304K(1408K)->1304K(1408K)
[194.736s][info][gc             ] GC(231) Pause Young (Normal) (G1 Evacuation Pause) 323M->5M(534M) 2.564ms
[194.736s][info][gc,cpu         ] GC(231) User=0.00s Sys=0.00s Real=0.00s
[196.053s][info][gc,start       ] GC(232) Pause Young (Normal) (G1 Evacuation Pause)
[196.053s][info][gc,task        ] GC(232) Using 12 workers of 33 for evacuation
[196.055s][info][gc,phases      ] GC(232)   Pre Evacuate Collection Set: 0.2ms
[196.055s][info][gc,phases      ] GC(232)   Merge Heap Roots: 0.2ms
[196.055s][info][gc,phases      ] GC(232)   Evacuate Collection Set: 1.1ms
[196.055s][info][gc,phases      ] GC(232)   Post Evacuate Collection Set: 0.5ms
[196.055s][info][gc,phases      ] GC(232)   Other: 0.2ms
[196.055s][info][gc,heap        ] GC(232) Eden regions: 318->0(318)
[196.055s][info][gc,heap        ] GC(232) Survivor regions: 2->2(40)
[196.055s][info][gc,heap        ] GC(232) Old regions: 13->13
[196.055s][info][gc,heap        ] GC(232) Archive regions: 0->0
[196.055s][info][gc,heap        ] GC(232) Humongous regions: 0->0
[196.055s][info][gc,metaspace   ] GC(232) Metaspace: 9951K(10304K)->9951K(10304K) NonClass: 8646K(8896K)->8646K(8896K) Class: 1304K(1408K)->1304K(1408K)
[196.055s][info][gc             ] GC(232) Pause Young (Normal) (G1 Evacuation Pause) 323M->5M(534M) 2.609ms
[196.055s][info][gc,cpu         ] GC(232) User=0.00s Sys=0.00s Real=0.00s
[197.384s][info][gc,start       ] GC(233) Pause Young (Normal) (G1 Evacuation Pause)
[197.384s][info][gc,task        ] GC(233) Using 12 workers of 33 for evacuation
[197.386s][info][gc,phases      ] GC(233)   Pre Evacuate Collection Set: 0.2ms
[197.386s][info][gc,phases      ] GC(233)   Merge Heap Roots: 0.2ms
[197.386s][info][gc,phases      ] GC(233)   Evacuate Collection Set: 0.9ms
[197.386s][info][gc,phases      ] GC(233)   Post Evacuate Collection Set: 0.5ms
[197.386s][info][gc,phases      ] GC(233)   Other: 0.2ms
[197.386s][info][gc,heap        ] GC(233) Eden regions: 318->0(318)
[197.386s][info][gc,heap        ] GC(233) Survivor regions: 2->2(40)
[197.386s][info][gc,heap        ] GC(233) Old regions: 13->13
[197.386s][info][gc,heap        ] GC(233) Archive regions: 0->0
[197.386s][info][gc,heap        ] GC(233) Humongous regions: 0->0
[197.386s][info][gc,metaspace   ] GC(233) Metaspace: 9951K(10304K)->9951K(10304K) NonClass: 8646K(8896K)->8646K(8896K) Class: 1304K(1408K)->1304K(1408K)
[197.386s][info][gc             ] GC(233) Pause Young (Normal) (G1 Evacuation Pause) 323M->5M(534M) 2.418ms
[197.387s][info][gc,cpu         ] GC(233) User=0.19s Sys=0.00s Real=0.02s
[198.734s][info][gc,start       ] GC(234) Pause Young (Normal) (G1 Evacuation Pause)
[198.734s][info][gc,task        ] GC(234) Using 12 workers of 33 for evacuation
[198.736s][info][gc,phases      ] GC(234)   Pre Evacuate Collection Set: 0.1ms
[198.736s][info][gc,phases      ] GC(234)   Merge Heap Roots: 0.2ms
[198.736s][info][gc,phases      ] GC(234)   Evacuate Collection Set: 0.9ms
[198.736s][info][gc,phases      ] GC(234)   Post Evacuate Collection Set: 0.5ms
[198.736s][info][gc,phases      ] GC(234)   Other: 0.2ms
[198.736s][info][gc,heap        ] GC(234) Eden regions: 318->0(318)
[198.736s][info][gc,heap        ] GC(234) Survivor regions: 2->2(40)
[198.736s][info][gc,heap        ] GC(234) Old regions: 13->13
[198.736s][info][gc,heap        ] GC(234) Archive regions: 0->0
[198.736s][info][gc,heap        ] GC(234) Humongous regions: 0->0
[198.736s][info][gc,metaspace   ] GC(234) Metaspace: 9951K(10304K)->9951K(10304K) NonClass: 8646K(8896K)->8646K(8896K) Class: 1304K(1408K)->1304K(1408K)
[198.736s][info][gc             ] GC(234) Pause Young (Normal) (G1 Evacuation Pause) 323M->5M(534M) 2.385ms
[198.736s][info][gc,cpu         ] GC(234) User=0.00s Sys=0.00s Real=0.00s
[199.843s][info][gc,start       ] GC(235) Pause Full (System.gc())
[199.844s][info][gc,task        ] GC(235) Using 12 workers of 33 for full compaction
[199.845s][info][gc,phases,start] GC(235) Phase 1: Mark live objects
[199.850s][info][gc,phases      ] GC(235) Phase 1: Mark live objects 4.880ms
[199.850s][info][gc,phases,start] GC(235) Phase 2: Prepare compaction
[199.853s][info][gc,phases      ] GC(235) Phase 2: Prepare compaction 3.798ms
[199.853s][info][gc,phases,start] GC(235) Phase 3: Adjust pointers
[199.857s][info][gc,phases      ] GC(235) Phase 3: Adjust pointers 3.948ms
[199.857s][info][gc,phases,start] GC(235) Phase 4: Compact heap
[199.858s][info][gc,phases      ] GC(235) Phase 4: Compact heap 0.500ms
[199.864s][info][gc,heap        ] GC(235) Eden regions: 261->0(26)
[199.864s][info][gc,heap        ] GC(235) Survivor regions: 2->0(40)
[199.864s][info][gc,heap        ] GC(235) Old regions: 13->13
[199.864s][info][gc,heap        ] GC(235) Archive regions: 0->0
[199.864s][info][gc,heap        ] GC(235) Humongous regions: 0->0
[199.864s][info][gc,metaspace   ] GC(235) Metaspace: 9952K(10304K)->9952K(10304K) NonClass: 8648K(8896K)->8648K(8896K) Class: 1304K(1408K)->1304K(1408K)
[199.864s][info][gc             ] GC(235) Pause Full (System.gc()) 266M->3M(44M) 21.521ms
[199.864s][info][gc,cpu         ] GC(235) User=0.14s Sys=0.05s Real=0.02s
[199.966s][info][gc,start       ] GC(236) Pause Young (Normal) (G1 Evacuation Pause)
[199.967s][info][gc,task        ] GC(236) Using 7 workers of 33 for evacuation
[199.969s][info][gc,phases      ] GC(236)   Pre Evacuate Collection Set: 0.1ms
[199.969s][info][gc,phases      ] GC(236)   Merge Heap Roots: 0.1ms
[199.969s][info][gc,phases      ] GC(236)   Evacuate Collection Set: 1.4ms
[199.969s][info][gc,phases      ] GC(236)   Post Evacuate Collection Set: 0.3ms
[199.969s][info][gc,phases      ] GC(236)   Other: 0.1ms
[199.969s][info][gc,heap        ] GC(236) Eden regions: 26->0(24)
[199.969s][info][gc,heap        ] GC(236) Survivor regions: 0->2(4)
[199.969s][info][gc,heap        ] GC(236) Old regions: 13->13
[199.969s][info][gc,heap        ] GC(236) Archive regions: 0->0
[199.969s][info][gc,heap        ] GC(236) Humongous regions: 0->0
[199.969s][info][gc,metaspace   ] GC(236) Metaspace: 9954K(10304K)->9954K(10304K) NonClass: 8649K(8896K)->8649K(8896K) Class: 1304K(1408K)->1304K(1408K)
[199.969s][info][gc             ] GC(236) Pause Young (Normal) (G1 Evacuation Pause) 29M->5M(44M) 2.456ms
[199.969s][info][gc,cpu         ] GC(236) User=0.00s Sys=0.00s Real=0.00s
[200.067s][info][gc,start       ] GC(237) Pause Young (Normal) (G1 Evacuation Pause)
[200.067s][info][gc,task        ] GC(237) Using 4 workers of 33 for evacuation
[200.069s][info][gc,phases      ] GC(237)   Pre Evacuate Collection Set: 0.1ms
[200.069s][info][gc,phases      ] GC(237)   Merge Heap Roots: 0.1ms
[200.069s][info][gc,phases      ] GC(237)   Evacuate Collection Set: 1.8ms
[200.069s][info][gc,phases      ] GC(237)   Post Evacuate Collection Set: 0.3ms
[200.070s][info][gc,phases      ] GC(237)   Other: 0.1ms
[200.070s][info][gc,heap        ] GC(237) Eden regions: 24->0(24)
[200.070s][info][gc,heap        ] GC(237) Survivor regions: 2->2(4)
[200.070s][info][gc,heap        ] GC(237) Old regions: 13->13
[200.070s][info][gc,heap        ] GC(237) Archive regions: 0->0
[200.070s][info][gc,heap        ] GC(237) Humongous regions: 0->0
[200.070s][info][gc,metaspace   ] GC(237) Metaspace: 9954K(10304K)->9954K(10304K) NonClass: 8649K(8896K)->8649K(8896K) Class: 1304K(1408K)->1304K(1408K)
[200.070s][info][gc             ] GC(237) Pause Young (Normal) (G1 Evacuation Pause) 29M->5M(44M) 2.838ms
[200.070s][info][gc,cpu         ] GC(237) User=0.06s Sys=0.00s Real=0.02s
[200.166s][info][gc,start       ] GC(238) Pause Young (Normal) (G1 Evacuation Pause)
[200.166s][info][gc,task        ] GC(238) Using 3 workers of 33 for evacuation
[200.174s][info][gc,phases      ] GC(238)   Pre Evacuate Collection Set: 0.1ms
[200.174s][info][gc,phases      ] GC(238)   Merge Heap Roots: 0.1ms
[200.174s][info][gc,phases      ] GC(238)   Evacuate Collection Set: 2.0ms
[200.174s][info][gc,phases      ] GC(238)   Post Evacuate Collection Set: 6.0ms
[200.175s][info][gc,phases      ] GC(238)   Other: 0.1ms
[200.175s][info][gc,heap        ] GC(238) Eden regions: 24->0(318)
[200.175s][info][gc,heap        ] GC(238) Survivor regions: 2->2(4)
[200.175s][info][gc,heap        ] GC(238) Old regions: 13->13
[200.175s][info][gc,heap        ] GC(238) Archive regions: 0->0
[200.175s][info][gc,heap        ] GC(238) Humongous regions: 0->0
[200.175s][info][gc,metaspace   ] GC(238) Metaspace: 9954K(10304K)->9954K(10304K) NonClass: 8649K(8896K)->8649K(8896K) Class: 1304K(1408K)->1304K(1408K)
[200.175s][info][gc             ] GC(238) Pause Young (Normal) (G1 Evacuation Pause) 29M->5M(534M) 8.770ms
[200.175s][info][gc,cpu         ] GC(238) User=0.00s Sys=0.00s Real=0.00s
[201.583s][info][gc,start       ] GC(239) Pause Young (Normal) (G1 Evacuation Pause)
[201.583s][info][gc,task        ] GC(239) Using 12 workers of 33 for evacuation
[201.585s][info][gc,phases      ] GC(239)   Pre Evacuate Collection Set: 0.2ms
[201.585s][info][gc,phases      ] GC(239)   Merge Heap Roots: 0.2ms
[201.585s][info][gc,phases      ] GC(239)   Evacuate Collection Set: 1.1ms
[201.585s][info][gc,phases      ] GC(239)   Post Evacuate Collection Set: 0.5ms
[201.586s][info][gc,phases      ] GC(239)   Other: 0.2ms
[201.586s][info][gc,heap        ] GC(239) Eden regions: 318->0(318)
[201.586s][info][gc,heap        ] GC(239) Survivor regions: 2->2(40)
[201.586s][info][gc,heap        ] GC(239) Old regions: 13->13
[201.586s][info][gc,heap        ] GC(239) Archive regions: 0->0
[201.586s][info][gc,heap        ] GC(239) Humongous regions: 0->0
[201.586s][info][gc,metaspace   ] GC(239) Metaspace: 9954K(10304K)->9954K(10304K) NonClass: 8649K(8896K)->8649K(8896K) Class: 1304K(1408K)->1304K(1408K)
[201.586s][info][gc             ] GC(239) Pause Young (Normal) (G1 Evacuation Pause) 323M->5M(534M) 2.672ms
[201.586s][info][gc,cpu         ] GC(239) User=0.00s Sys=0.00s Real=0.00s
[202.894s][info][gc,start       ] GC(240) Pause Young (Normal) (G1 Evacuation Pause)
[202.895s][info][gc,task        ] GC(240) Using 12 workers of 33 for evacuation
[202.897s][info][gc,phases      ] GC(240)   Pre Evacuate Collection Set: 0.2ms
[202.897s][info][gc,phases      ] GC(240)   Merge Heap Roots: 0.2ms
[202.897s][info][gc,phases      ] GC(240)   Evacuate Collection Set: 1.2ms
[202.897s][info][gc,phases      ] GC(240)   Post Evacuate Collection Set: 0.5ms
[202.897s][info][gc,phases      ] GC(240)   Other: 0.2ms
[202.897s][info][gc,heap        ] GC(240) Eden regions: 318->0(318)
[202.897s][info][gc,heap        ] GC(240) Survivor regions: 2->2(40)
[202.897s][info][gc,heap        ] GC(240) Old regions: 13->13
[202.897s][info][gc,heap        ] GC(240) Archive regions: 0->0
[202.897s][info][gc,heap        ] GC(240) Humongous regions: 0->0
[202.897s][info][gc,metaspace   ] GC(240) Metaspace: 9954K(10304K)->9954K(10304K) NonClass: 8649K(8896K)->8649K(8896K) Class: 1304K(1408K)->1304K(1408K)
[202.897s][info][gc             ] GC(240) Pause Young (Normal) (G1 Evacuation Pause) 323M->5M(534M) 2.732ms
[202.897s][info][gc,cpu         ] GC(240) User=0.00s Sys=0.00s Real=0.00s
[204.219s][info][gc,start       ] GC(241) Pause Young (Normal) (G1 Evacuation Pause)
[204.220s][info][gc,task        ] GC(241) Using 12 workers of 33 for evacuation
[204.221s][info][gc,phases      ] GC(241)   Pre Evacuate Collection Set: 0.2ms
[204.221s][info][gc,phases      ] GC(241)   Merge Heap Roots: 0.2ms
[204.221s][info][gc,phases      ] GC(241)   Evacuate Collection Set: 0.9ms
[204.221s][info][gc,phases      ] GC(241)   Post Evacuate Collection Set: 0.5ms
[204.222s][info][gc,phases      ] GC(241)   Other: 0.2ms
[204.222s][info][gc,heap        ] GC(241) Eden regions: 318->0(318)
[204.222s][info][gc,heap        ] GC(241) Survivor regions: 2->2(40)
[204.222s][info][gc,heap        ] GC(241) Old regions: 13->13
[204.222s][info][gc,heap        ] GC(241) Archive regions: 0->0
[204.222s][info][gc,heap        ] GC(241) Humongous regions: 0->0
[204.222s][info][gc,metaspace   ] GC(241) Metaspace: 9954K(10304K)->9954K(10304K) NonClass: 8649K(8896K)->8649K(8896K) Class: 1304K(1408K)->1304K(1408K)
[204.222s][info][gc             ] GC(241) Pause Young (Normal) (G1 Evacuation Pause) 323M->5M(534M) 2.380ms
[204.222s][info][gc,cpu         ] GC(241) User=0.00s Sys=0.00s Real=0.00s
[205.547s][info][gc,start       ] GC(242) Pause Young (Normal) (G1 Evacuation Pause)
[205.547s][info][gc,task        ] GC(242) Using 12 workers of 33 for evacuation
[205.549s][info][gc,phases      ] GC(242)   Pre Evacuate Collection Set: 0.2ms
[205.549s][info][gc,phases      ] GC(242)   Merge Heap Roots: 0.2ms
[205.549s][info][gc,phases      ] GC(242)   Evacuate Collection Set: 0.9ms
[205.549s][info][gc,phases      ] GC(242)   Post Evacuate Collection Set: 0.5ms
[205.549s][info][gc,phases      ] GC(242)   Other: 0.2ms
[205.549s][info][gc,heap        ] GC(242) Eden regions: 318->0(318)
[205.549s][info][gc,heap        ] GC(242) Survivor regions: 2->2(40)
[205.549s][info][gc,heap        ] GC(242) Old regions: 13->13
[205.549s][info][gc,heap        ] GC(242) Archive regions: 0->0
[205.549s][info][gc,heap        ] GC(242) Humongous regions: 0->0
[205.549s][info][gc,metaspace   ] GC(242) Metaspace: 9954K(10304K)->9954K(10304K) NonClass: 8649K(8896K)->8649K(8896K) Class: 1304K(1408K)->1304K(1408K)
[205.549s][info][gc             ] GC(242) Pause Young (Normal) (G1 Evacuation Pause) 323M->5M(534M) 2.366ms
[205.549s][info][gc,cpu         ] GC(242) User=0.00s Sys=0.00s Real=0.00s
[206.642s][info][gc,start       ] GC(243) Pause Full (System.gc())
[206.642s][info][gc,task        ] GC(243) Using 12 workers of 33 for full compaction
[206.642s][info][gc,phases,start] GC(243) Phase 1: Mark live objects
[206.647s][info][gc,phases      ] GC(243) Phase 1: Mark live objects 4.590ms
[206.647s][info][gc,phases,start] GC(243) Phase 2: Prepare compaction
[206.650s][info][gc,phases      ] GC(243) Phase 2: Prepare compaction 3.379ms
[206.651s][info][gc,phases,start] GC(243) Phase 3: Adjust pointers
[206.655s][info][gc,phases      ] GC(243) Phase 3: Adjust pointers 4.095ms
[206.655s][info][gc,phases,start] GC(243) Phase 4: Compact heap
[206.655s][info][gc,phases      ] GC(243) Phase 4: Compact heap 0.690ms
[206.662s][info][gc,heap        ] GC(243) Eden regions: 260->0(26)
[206.662s][info][gc,heap        ] GC(243) Survivor regions: 2->0(40)
[206.662s][info][gc,heap        ] GC(243) Old regions: 13->13
[206.662s][info][gc,heap        ] GC(243) Archive regions: 0->0
[206.662s][info][gc,heap        ] GC(243) Humongous regions: 0->0
[206.662s][info][gc,metaspace   ] GC(243) Metaspace: 9956K(10304K)->9956K(10304K) NonClass: 8651K(8896K)->8651K(8896K) Class: 1304K(1408K)->1304K(1408K)
[206.662s][info][gc             ] GC(243) Pause Full (System.gc()) 264M->3M(44M) 20.075ms
[206.662s][info][gc,cpu         ] GC(243) User=0.19s Sys=0.00s Real=0.02s
[206.767s][info][gc,start       ] GC(244) Pause Young (Normal) (G1 Evacuation Pause)
[206.768s][info][gc,task        ] GC(244) Using 7 workers of 33 for evacuation
[206.769s][info][gc,phases      ] GC(244)   Pre Evacuate Collection Set: 0.1ms
[206.769s][info][gc,phases      ] GC(244)   Merge Heap Roots: 0.1ms
[206.769s][info][gc,phases      ] GC(244)   Evacuate Collection Set: 1.1ms
[206.769s][info][gc,phases      ] GC(244)   Post Evacuate Collection Set: 0.3ms
[206.769s][info][gc,phases      ] GC(244)   Other: 0.1ms
[206.769s][info][gc,heap        ] GC(244) Eden regions: 26->0(24)
[206.769s][info][gc,heap        ] GC(244) Survivor regions: 0->2(4)
[206.769s][info][gc,heap        ] GC(244) Old regions: 13->13
[206.770s][info][gc,heap        ] GC(244) Archive regions: 0->0
[206.770s][info][gc,heap        ] GC(244) Humongous regions: 0->0
[206.770s][info][gc,metaspace   ] GC(244) Metaspace: 9956K(10304K)->9956K(10304K) NonClass: 8652K(8896K)->8652K(8896K) Class: 1304K(1408K)->1304K(1408K)
[206.770s][info][gc             ] GC(244) Pause Young (Normal) (G1 Evacuation Pause) 29M->5M(44M) 2.206ms
[206.770s][info][gc,cpu         ] GC(244) User=0.00s Sys=0.00s Real=0.00s
[206.864s][info][gc,start       ] GC(245) Pause Young (Normal) (G1 Evacuation Pause)
[206.864s][info][gc,task        ] GC(245) Using 4 workers of 33 for evacuation
[206.866s][info][gc,phases      ] GC(245)   Pre Evacuate Collection Set: 0.1ms
[206.866s][info][gc,phases      ] GC(245)   Merge Heap Roots: 0.1ms
[206.866s][info][gc,phases      ] GC(245)   Evacuate Collection Set: 1.9ms
[206.866s][info][gc,phases      ] GC(245)   Post Evacuate Collection Set: 0.2ms
[206.866s][info][gc,phases      ] GC(245)   Other: 0.1ms
[206.866s][info][gc,heap        ] GC(245) Eden regions: 24->0(24)
[206.867s][info][gc,heap        ] GC(245) Survivor regions: 2->2(4)
[206.867s][info][gc,heap        ] GC(245) Old regions: 13->13
[206.867s][info][gc,heap        ] GC(245) Archive regions: 0->0
[206.867s][info][gc,heap        ] GC(245) Humongous regions: 0->0
[206.867s][info][gc,metaspace   ] GC(245) Metaspace: 9956K(10304K)->9956K(10304K) NonClass: 8652K(8896K)->8652K(8896K) Class: 1304K(1408K)->1304K(1408K)
[206.867s][info][gc             ] GC(245) Pause Young (Normal) (G1 Evacuation Pause) 29M->5M(44M) 2.501ms
[206.867s][info][gc,cpu         ] GC(245) User=0.00s Sys=0.00s Real=0.00s
[206.962s][info][gc,start       ] GC(246) Pause Young (Normal) (G1 Evacuation Pause)
[206.962s][info][gc,task        ] GC(246) Using 3 workers of 33 for evacuation
[206.971s][info][gc,phases      ] GC(246)   Pre Evacuate Collection Set: 0.1ms
[206.971s][info][gc,phases      ] GC(246)   Merge Heap Roots: 0.1ms
[206.971s][info][gc,phases      ] GC(246)   Evacuate Collection Set: 2.4ms
[206.971s][info][gc,phases      ] GC(246)   Post Evacuate Collection Set: 6.4ms
[206.971s][info][gc,phases      ] GC(246)   Other: 0.1ms
[206.971s][info][gc,heap        ] GC(246) Eden regions: 24->0(318)
[206.971s][info][gc,heap        ] GC(246) Survivor regions: 2->2(4)
[206.971s][info][gc,heap        ] GC(246) Old regions: 13->13
[206.971s][info][gc,heap        ] GC(246) Archive regions: 0->0
[206.971s][info][gc,heap        ] GC(246) Humongous regions: 0->0
[206.971s][info][gc,metaspace   ] GC(246) Metaspace: 9956K(10304K)->9956K(10304K) NonClass: 8652K(8896K)->8652K(8896K) Class: 1304K(1408K)->1304K(1408K)
[206.971s][info][gc             ] GC(246) Pause Young (Normal) (G1 Evacuation Pause) 29M->5M(534M) 9.579ms
[206.971s][info][gc,cpu         ] GC(246) User=0.05s Sys=0.00s Real=0.02s
[208.390s][info][gc,start       ] GC(247) Pause Young (Normal) (G1 Evacuation Pause)
[208.390s][info][gc,task        ] GC(247) Using 12 workers of 33 for evacuation
[208.392s][info][gc,phases      ] GC(247)   Pre Evacuate Collection Set: 0.2ms
[208.392s][info][gc,phases      ] GC(247)   Merge Heap Roots: 0.2ms
[208.392s][info][gc,phases      ] GC(247)   Evacuate Collection Set: 1.1ms
[208.392s][info][gc,phases      ] GC(247)   Post Evacuate Collection Set: 0.5ms
[208.392s][info][gc,phases      ] GC(247)   Other: 0.2ms
[208.392s][info][gc,heap        ] GC(247) Eden regions: 318->0(318)
[208.392s][info][gc,heap        ] GC(247) Survivor regions: 2->2(40)
[208.393s][info][gc,heap        ] GC(247) Old regions: 13->13
[208.393s][info][gc,heap        ] GC(247) Archive regions: 0->0
[208.393s][info][gc,heap        ] GC(247) Humongous regions: 0->0
[208.393s][info][gc,metaspace   ] GC(247) Metaspace: 9956K(10304K)->9956K(10304K) NonClass: 8652K(8896K)->8652K(8896K) Class: 1304K(1408K)->1304K(1408K)
[208.393s][info][gc             ] GC(247) Pause Young (Normal) (G1 Evacuation Pause) 323M->5M(534M) 2.582ms
[208.393s][info][gc,cpu         ] GC(247) User=0.03s Sys=0.00s Real=0.02s
[209.701s][info][gc,start       ] GC(248) Pause Young (Normal) (G1 Evacuation Pause)
[209.701s][info][gc,task        ] GC(248) Using 12 workers of 33 for evacuation
[209.703s][info][gc,phases      ] GC(248)   Pre Evacuate Collection Set: 0.2ms
[209.703s][info][gc,phases      ] GC(248)   Merge Heap Roots: 0.2ms
[209.704s][info][gc,phases      ] GC(248)   Evacuate Collection Set: 1.1ms
[209.704s][info][gc,phases      ] GC(248)   Post Evacuate Collection Set: 0.5ms
[209.704s][info][gc,phases      ] GC(248)   Other: 0.2ms
[209.704s][info][gc,heap        ] GC(248) Eden regions: 318->0(318)
[209.704s][info][gc,heap        ] GC(248) Survivor regions: 2->2(40)
[209.704s][info][gc,heap        ] GC(248) Old regions: 13->13
[209.704s][info][gc,heap        ] GC(248) Archive regions: 0->0
[209.704s][info][gc,heap        ] GC(248) Humongous regions: 0->0
[209.704s][info][gc,metaspace   ] GC(248) Metaspace: 9956K(10304K)->9956K(10304K) NonClass: 8652K(8896K)->8652K(8896K) Class: 1304K(1408K)->1304K(1408K)
[209.704s][info][gc             ] GC(248) Pause Young (Normal) (G1 Evacuation Pause) 323M->5M(534M) 2.541ms
[209.704s][info][gc,cpu         ] GC(248) User=0.00s Sys=0.00s Real=0.00s
[211.046s][info][gc,start       ] GC(249) Pause Young (Normal) (G1 Evacuation Pause)
[211.046s][info][gc,task        ] GC(249) Using 12 workers of 33 for evacuation
[211.048s][info][gc,phases      ] GC(249)   Pre Evacuate Collection Set: 0.1ms
[211.048s][info][gc,phases      ] GC(249)   Merge Heap Roots: 0.2ms
[211.048s][info][gc,phases      ] GC(249)   Evacuate Collection Set: 0.9ms
[211.048s][info][gc,phases      ] GC(249)   Post Evacuate Collection Set: 0.5ms
[211.048s][info][gc,phases      ] GC(249)   Other: 0.2ms
[211.049s][info][gc,heap        ] GC(249) Eden regions: 318->0(318)
[211.049s][info][gc,heap        ] GC(249) Survivor regions: 2->2(40)
[211.049s][info][gc,heap        ] GC(249) Old regions: 13->13
[211.049s][info][gc,heap        ] GC(249) Archive regions: 0->0
[211.049s][info][gc,heap        ] GC(249) Humongous regions: 0->0
[211.049s][info][gc,metaspace   ] GC(249) Metaspace: 9956K(10304K)->9956K(10304K) NonClass: 8652K(8896K)->8652K(8896K) Class: 1304K(1408K)->1304K(1408K)
[211.049s][info][gc             ] GC(249) Pause Young (Normal) (G1 Evacuation Pause) 323M->5M(534M) 2.432ms
[211.049s][info][gc,cpu         ] GC(249) User=0.02s Sys=0.00s Real=0.02s
[212.373s][info][gc,start       ] GC(250) Pause Young (Normal) (G1 Evacuation Pause)
[212.373s][info][gc,task        ] GC(250) Using 12 workers of 33 for evacuation
[212.375s][info][gc,phases      ] GC(250)   Pre Evacuate Collection Set: 0.2ms
[212.375s][info][gc,phases      ] GC(250)   Merge Heap Roots: 0.2ms
[212.375s][info][gc,phases      ] GC(250)   Evacuate Collection Set: 0.9ms
[212.375s][info][gc,phases      ] GC(250)   Post Evacuate Collection Set: 0.5ms
[212.375s][info][gc,phases      ] GC(250)   Other: 0.2ms
[212.375s][info][gc,heap        ] GC(250) Eden regions: 318->0(318)
[212.375s][info][gc,heap        ] GC(250) Survivor regions: 2->2(40)
[212.375s][info][gc,heap        ] GC(250) Old regions: 13->13
[212.375s][info][gc,heap        ] GC(250) Archive regions: 0->0
[212.375s][info][gc,heap        ] GC(250) Humongous regions: 0->0
[212.375s][info][gc,metaspace   ] GC(250) Metaspace: 9956K(10304K)->9956K(10304K) NonClass: 8652K(8896K)->8652K(8896K) Class: 1304K(1408K)->1304K(1408K)
[212.376s][info][gc             ] GC(250) Pause Young (Normal) (G1 Evacuation Pause) 323M->5M(534M) 2.435ms
[212.376s][info][gc,cpu         ] GC(250) User=0.19s Sys=0.00s Real=0.01s
[213.431s][info][gc,start       ] GC(251) Pause Full (System.gc())
[213.431s][info][gc,task        ] GC(251) Using 12 workers of 33 for full compaction
[213.432s][info][gc,phases,start] GC(251) Phase 1: Mark live objects
[213.436s][info][gc,phases      ] GC(251) Phase 1: Mark live objects 4.467ms
[213.436s][info][gc,phases,start] GC(251) Phase 2: Prepare compaction
[213.440s][info][gc,phases      ] GC(251) Phase 2: Prepare compaction 3.712ms
[213.440s][info][gc,phases,start] GC(251) Phase 3: Adjust pointers
[213.444s][info][gc,phases      ] GC(251) Phase 3: Adjust pointers 4.001ms
[213.444s][info][gc,phases,start] GC(251) Phase 4: Compact heap
[213.445s][info][gc,phases      ] GC(251) Phase 4: Compact heap 0.479ms
[213.451s][info][gc,heap        ] GC(251) Eden regions: 254->0(26)
[213.451s][info][gc,heap        ] GC(251) Survivor regions: 2->0(40)
[213.451s][info][gc,heap        ] GC(251) Old regions: 13->13
[213.451s][info][gc,heap        ] GC(251) Archive regions: 0->0
[213.451s][info][gc,heap        ] GC(251) Humongous regions: 0->0
[213.451s][info][gc,metaspace   ] GC(251) Metaspace: 9958K(10304K)->9958K(10304K) NonClass: 8653K(8896K)->8653K(8896K) Class: 1304K(1408K)->1304K(1408K)
[213.451s][info][gc             ] GC(251) Pause Full (System.gc()) 258M->3M(44M) 20.045ms
[213.451s][info][gc,cpu         ] GC(251) User=0.02s Sys=0.00s Real=0.02s
[213.551s][info][gc,start       ] GC(252) Pause Young (Normal) (G1 Evacuation Pause)
[213.552s][info][gc,task        ] GC(252) Using 7 workers of 33 for evacuation
[213.553s][info][gc,phases      ] GC(252)   Pre Evacuate Collection Set: 0.1ms
[213.554s][info][gc,phases      ] GC(252)   Merge Heap Roots: 0.1ms
[213.554s][info][gc,phases      ] GC(252)   Evacuate Collection Set: 1.4ms
[213.554s][info][gc,phases      ] GC(252)   Post Evacuate Collection Set: 0.3ms
[213.554s][info][gc,phases      ] GC(252)   Other: 0.1ms
[213.554s][info][gc,heap        ] GC(252) Eden regions: 26->0(24)
[213.554s][info][gc,heap        ] GC(252) Survivor regions: 0->2(4)
[213.554s][info][gc,heap        ] GC(252) Old regions: 13->13
[213.554s][info][gc,heap        ] GC(252) Archive regions: 0->0
[213.554s][info][gc,heap        ] GC(252) Humongous regions: 0->0
[213.554s][info][gc,metaspace   ] GC(252) Metaspace: 9958K(10304K)->9958K(10304K) NonClass: 8653K(8896K)->8653K(8896K) Class: 1304K(1408K)->1304K(1408K)
[213.554s][info][gc             ] GC(252) Pause Young (Normal) (G1 Evacuation Pause) 29M->5M(44M) 2.426ms
[213.554s][info][gc,cpu         ] GC(252) User=0.11s Sys=0.00s Real=0.02s
[213.663s][info][gc,start       ] GC(253) Pause Young (Normal) (G1 Evacuation Pause)
[213.663s][info][gc,task        ] GC(253) Using 4 workers of 33 for evacuation
[213.665s][info][gc,phases      ] GC(253)   Pre Evacuate Collection Set: 0.1ms
[213.665s][info][gc,phases      ] GC(253)   Merge Heap Roots: 0.1ms
[213.665s][info][gc,phases      ] GC(253)   Evacuate Collection Set: 1.7ms
[213.665s][info][gc,phases      ] GC(253)   Post Evacuate Collection Set: 0.2ms
[213.665s][info][gc,phases      ] GC(253)   Other: 0.1ms
[213.665s][info][gc,heap        ] GC(253) Eden regions: 24->0(24)
[213.666s][info][gc,heap        ] GC(253) Survivor regions: 2->2(4)
[213.666s][info][gc,heap        ] GC(253) Old regions: 13->13
[213.666s][info][gc,heap        ] GC(253) Archive regions: 0->0
[213.666s][info][gc,heap        ] GC(253) Humongous regions: 0->0
[213.666s][info][gc,metaspace   ] GC(253) Metaspace: 9958K(10304K)->9958K(10304K) NonClass: 8653K(8896K)->8653K(8896K) Class: 1304K(1408K)->1304K(1408K)
[213.666s][info][gc             ] GC(253) Pause Young (Normal) (G1 Evacuation Pause) 29M->5M(44M) 2.709ms
[213.666s][info][gc,cpu         ] GC(253) User=0.00s Sys=0.00s Real=0.00s
[213.763s][info][gc,start       ] GC(254) Pause Young (Normal) (G1 Evacuation Pause)
[213.763s][info][gc,task        ] GC(254) Using 3 workers of 33 for evacuation
[213.772s][info][gc,phases      ] GC(254)   Pre Evacuate Collection Set: 0.1ms
[213.772s][info][gc,phases      ] GC(254)   Merge Heap Roots: 0.1ms
[213.772s][info][gc,phases      ] GC(254)   Evacuate Collection Set: 2.3ms
[213.772s][info][gc,phases      ] GC(254)   Post Evacuate Collection Set: 6.4ms
[213.772s][info][gc,phases      ] GC(254)   Other: 0.1ms
[213.772s][info][gc,heap        ] GC(254) Eden regions: 24->0(318)
[213.772s][info][gc,heap        ] GC(254) Survivor regions: 2->2(4)
[213.772s][info][gc,heap        ] GC(254) Old regions: 13->13
[213.772s][info][gc,heap        ] GC(254) Archive regions: 0->0
[213.772s][info][gc,heap        ] GC(254) Humongous regions: 0->0
[213.772s][info][gc,metaspace   ] GC(254) Metaspace: 9958K(10304K)->9958K(10304K) NonClass: 8653K(8896K)->8653K(8896K) Class: 1304K(1408K)->1304K(1408K)
[213.772s][info][gc             ] GC(254) Pause Young (Normal) (G1 Evacuation Pause) 29M->5M(534M) 9.495ms
[213.772s][info][gc,cpu         ] GC(254) User=0.02s Sys=0.00s Real=0.02s
[215.196s][info][gc,start       ] GC(255) Pause Young (Normal) (G1 Evacuation Pause)
[215.196s][info][gc,task        ] GC(255) Using 12 workers of 33 for evacuation
[215.198s][info][gc,phases      ] GC(255)   Pre Evacuate Collection Set: 0.2ms
[215.198s][info][gc,phases      ] GC(255)   Merge Heap Roots: 0.2ms
[215.198s][info][gc,phases      ] GC(255)   Evacuate Collection Set: 1.1ms
[215.198s][info][gc,phases      ] GC(255)   Post Evacuate Collection Set: 0.5ms
[215.198s][info][gc,phases      ] GC(255)   Other: 0.2ms
[215.198s][info][gc,heap        ] GC(255) Eden regions: 318->0(318)
[215.198s][info][gc,heap        ] GC(255) Survivor regions: 2->2(40)
[215.198s][info][gc,heap        ] GC(255) Old regions: 13->13
[215.198s][info][gc,heap        ] GC(255) Archive regions: 0->0
[215.198s][info][gc,heap        ] GC(255) Humongous regions: 0->0
[215.198s][info][gc,metaspace   ] GC(255) Metaspace: 9958K(10304K)->9958K(10304K) NonClass: 8653K(8896K)->8653K(8896K) Class: 1304K(1408K)->1304K(1408K)
[215.198s][info][gc             ] GC(255) Pause Young (Normal) (G1 Evacuation Pause) 323M->5M(534M) 2.620ms
[215.198s][info][gc,cpu         ] GC(255) User=0.00s Sys=0.00s Real=0.00s
[216.525s][info][gc,start       ] GC(256) Pause Young (Normal) (G1 Evacuation Pause)
[216.526s][info][gc,task        ] GC(256) Using 12 workers of 33 for evacuation
[216.528s][info][gc,phases      ] GC(256)   Pre Evacuate Collection Set: 0.2ms
[216.528s][info][gc,phases      ] GC(256)   Merge Heap Roots: 0.2ms
[216.528s][info][gc,phases      ] GC(256)   Evacuate Collection Set: 1.1ms
[216.528s][info][gc,phases      ] GC(256)   Post Evacuate Collection Set: 0.5ms
[216.528s][info][gc,phases      ] GC(256)   Other: 0.2ms
[216.528s][info][gc,heap        ] GC(256) Eden regions: 318->0(318)
[216.528s][info][gc,heap        ] GC(256) Survivor regions: 2->2(40)
[216.528s][info][gc,heap        ] GC(256) Old regions: 13->13
[216.528s][info][gc,heap        ] GC(256) Archive regions: 0->0
[216.528s][info][gc,heap        ] GC(256) Humongous regions: 0->0
[216.528s][info][gc,metaspace   ] GC(256) Metaspace: 9958K(10304K)->9958K(10304K) NonClass: 8653K(8896K)->8653K(8896K) Class: 1304K(1408K)->1304K(1408K)
[216.528s][info][gc             ] GC(256) Pause Young (Normal) (G1 Evacuation Pause) 323M->5M(534M) 2.622ms
[216.528s][info][gc,cpu         ] GC(256) User=0.02s Sys=0.00s Real=0.02s
[217.870s][info][gc,start       ] GC(257) Pause Young (Normal) (G1 Evacuation Pause)
[217.873s][info][gc,task        ] GC(257) Using 12 workers of 33 for evacuation
[217.875s][info][gc,phases      ] GC(257)   Pre Evacuate Collection Set: 0.2ms
[217.875s][info][gc,phases      ] GC(257)   Merge Heap Roots: 0.2ms
[217.875s][info][gc,phases      ] GC(257)   Evacuate Collection Set: 0.9ms
[217.875s][info][gc,phases      ] GC(257)   Post Evacuate Collection Set: 0.5ms
[217.875s][info][gc,phases      ] GC(257)   Other: 0.2ms
[217.875s][info][gc,heap        ] GC(257) Eden regions: 318->0(318)
[217.875s][info][gc,heap        ] GC(257) Survivor regions: 2->2(40)
[217.875s][info][gc,heap        ] GC(257) Old regions: 13->13
[217.875s][info][gc,heap        ] GC(257) Archive regions: 0->0
[217.875s][info][gc,heap        ] GC(257) Humongous regions: 0->0
[217.875s][info][gc,metaspace   ] GC(257) Metaspace: 9958K(10304K)->9958K(10304K) NonClass: 8653K(8896K)->8653K(8896K) Class: 1304K(1408K)->1304K(1408K)
[217.875s][info][gc             ] GC(257) Pause Young (Normal) (G1 Evacuation Pause) 323M->5M(534M) 4.679ms
[217.875s][info][gc,cpu         ] GC(257) User=0.00s Sys=0.00s Real=0.00s
[219.213s][info][gc,start       ] GC(258) Pause Young (Normal) (G1 Evacuation Pause)
[219.214s][info][gc,task        ] GC(258) Using 12 workers of 33 for evacuation
[219.216s][info][gc,phases      ] GC(258)   Pre Evacuate Collection Set: 0.2ms
[219.216s][info][gc,phases      ] GC(258)   Merge Heap Roots: 0.2ms
[219.216s][info][gc,phases      ] GC(258)   Evacuate Collection Set: 0.9ms
[219.216s][info][gc,phases      ] GC(258)   Post Evacuate Collection Set: 0.5ms
[219.216s][info][gc,phases      ] GC(258)   Other: 0.2ms
[219.216s][info][gc,heap        ] GC(258) Eden regions: 318->0(318)
[219.216s][info][gc,heap        ] GC(258) Survivor regions: 2->2(40)
[219.216s][info][gc,heap        ] GC(258) Old regions: 13->13
[219.216s][info][gc,heap        ] GC(258) Archive regions: 0->0
[219.216s][info][gc,heap        ] GC(258) Humongous regions: 0->0
[219.216s][info][gc,metaspace   ] GC(258) Metaspace: 9958K(10304K)->9958K(10304K) NonClass: 8653K(8896K)->8653K(8896K) Class: 1304K(1408K)->1304K(1408K)
[219.216s][info][gc             ] GC(258) Pause Young (Normal) (G1 Evacuation Pause) 323M->5M(534M) 2.427ms
[219.216s][info][gc,cpu         ] GC(258) User=0.00s Sys=0.00s Real=0.00s
[220.275s][info][gc,start       ] GC(259) Pause Full (System.gc())
[220.275s][info][gc,task        ] GC(259) Using 12 workers of 33 for full compaction
[220.276s][info][gc,phases,start] GC(259) Phase 1: Mark live objects
[220.280s][info][gc,phases      ] GC(259) Phase 1: Mark live objects 4.750ms
[220.280s][info][gc,phases,start] GC(259) Phase 2: Prepare compaction
[220.284s][info][gc,phases      ] GC(259) Phase 2: Prepare compaction 3.842ms
[220.284s][info][gc,phases,start] GC(259) Phase 3: Adjust pointers
[220.288s][info][gc,phases      ] GC(259) Phase 3: Adjust pointers 3.966ms
[220.288s][info][gc,phases,start] GC(259) Phase 4: Compact heap
[220.289s][info][gc,phases      ] GC(259) Phase 4: Compact heap 0.472ms
[220.295s][info][gc,heap        ] GC(259) Eden regions: 254->0(26)
[220.295s][info][gc,heap        ] GC(259) Survivor regions: 2->0(40)
[220.295s][info][gc,heap        ] GC(259) Old regions: 13->13
[220.295s][info][gc,heap        ] GC(259) Archive regions: 0->0
[220.295s][info][gc,heap        ] GC(259) Humongous regions: 0->0
[220.295s][info][gc,metaspace   ] GC(259) Metaspace: 9958K(10304K)->9958K(10304K) NonClass: 8653K(8896K)->8653K(8896K) Class: 1304K(1408K)->1304K(1408K)
[220.295s][info][gc             ] GC(259) Pause Full (System.gc()) 258M->3M(44M) 19.938ms
[220.295s][info][gc,cpu         ] GC(259) User=0.03s Sys=0.11s Real=0.02s
[220.397s][info][gc,start       ] GC(260) Pause Young (Normal) (G1 Evacuation Pause)
[220.397s][info][gc,task        ] GC(260) Using 7 workers of 33 for evacuation
[220.398s][info][gc,phases      ] GC(260)   Pre Evacuate Collection Set: 0.1ms
[220.398s][info][gc,phases      ] GC(260)   Merge Heap Roots: 0.1ms
[220.398s][info][gc,phases      ] GC(260)   Evacuate Collection Set: 1.1ms
[220.398s][info][gc,phases      ] GC(260)   Post Evacuate Collection Set: 0.3ms
[220.398s][info][gc,phases      ] GC(260)   Other: 0.1ms
[220.398s][info][gc,heap        ] GC(260) Eden regions: 26->0(24)
[220.398s][info][gc,heap        ] GC(260) Survivor regions: 0->2(4)
[220.398s][info][gc,heap        ] GC(260) Old regions: 13->13
[220.398s][info][gc,heap        ] GC(260) Archive regions: 0->0
[220.398s][info][gc,heap        ] GC(260) Humongous regions: 0->0
[220.399s][info][gc,metaspace   ] GC(260) Metaspace: 9958K(10304K)->9958K(10304K) NonClass: 8653K(8896K)->8653K(8896K) Class: 1304K(1408K)->1304K(1408K)
[220.399s][info][gc             ] GC(260) Pause Young (Normal) (G1 Evacuation Pause) 29M->5M(44M) 2.066ms
[220.399s][info][gc,cpu         ] GC(260) User=0.00s Sys=0.00s Real=0.00s
[220.497s][info][gc,start       ] GC(261) Pause Young (Normal) (G1 Evacuation Pause)
[220.497s][info][gc,task        ] GC(261) Using 4 workers of 33 for evacuation
[220.499s][info][gc,phases      ] GC(261)   Pre Evacuate Collection Set: 0.1ms
[220.499s][info][gc,phases      ] GC(261)   Merge Heap Roots: 0.1ms
[220.499s][info][gc,phases      ] GC(261)   Evacuate Collection Set: 1.7ms
[220.499s][info][gc,phases      ] GC(261)   Post Evacuate Collection Set: 0.2ms
[220.499s][info][gc,phases      ] GC(261)   Other: 0.1ms
[220.499s][info][gc,heap        ] GC(261) Eden regions: 24->0(24)
[220.499s][info][gc,heap        ] GC(261) Survivor regions: 2->2(4)
[220.499s][info][gc,heap        ] GC(261) Old regions: 13->13
[220.499s][info][gc,heap        ] GC(261) Archive regions: 0->0
[220.499s][info][gc,heap        ] GC(261) Humongous regions: 0->0
[220.499s][info][gc,metaspace   ] GC(261) Metaspace: 9958K(10304K)->9958K(10304K) NonClass: 8653K(8896K)->8653K(8896K) Class: 1304K(1408K)->1304K(1408K)
[220.499s][info][gc             ] GC(261) Pause Young (Normal) (G1 Evacuation Pause) 29M->5M(44M) 2.640ms
[220.499s][info][gc,cpu         ] GC(261) User=0.00s Sys=0.00s Real=0.00s
[220.592s][info][gc,start       ] GC(262) Pause Young (Normal) (G1 Evacuation Pause)
[220.592s][info][gc,task        ] GC(262) Using 3 workers of 33 for evacuation
[220.601s][info][gc,phases      ] GC(262)   Pre Evacuate Collection Set: 0.1ms
[220.601s][info][gc,phases      ] GC(262)   Merge Heap Roots: 0.1ms
[220.601s][info][gc,phases      ] GC(262)   Evacuate Collection Set: 2.5ms
[220.601s][info][gc,phases      ] GC(262)   Post Evacuate Collection Set: 6.3ms
[220.601s][info][gc,phases      ] GC(262)   Other: 0.1ms
[220.601s][info][gc,heap        ] GC(262) Eden regions: 24->0(318)
[220.601s][info][gc,heap        ] GC(262) Survivor regions: 2->2(4)
[220.601s][info][gc,heap        ] GC(262) Old regions: 13->13
[220.601s][info][gc,heap        ] GC(262) Archive regions: 0->0
[220.601s][info][gc,heap        ] GC(262) Humongous regions: 0->0
[220.601s][info][gc,metaspace   ] GC(262) Metaspace: 9958K(10304K)->9958K(10304K) NonClass: 8653K(8896K)->8653K(8896K) Class: 1304K(1408K)->1304K(1408K)
[220.601s][info][gc             ] GC(262) Pause Young (Normal) (G1 Evacuation Pause) 29M->5M(534M) 9.633ms
[220.601s][info][gc,cpu         ] GC(262) User=0.05s Sys=0.00s Real=0.01s
[222.021s][info][gc,start       ] GC(263) Pause Young (Normal) (G1 Evacuation Pause)
[222.021s][info][gc,task        ] GC(263) Using 12 workers of 33 for evacuation
[222.024s][info][gc,phases      ] GC(263)   Pre Evacuate Collection Set: 0.2ms
[222.024s][info][gc,phases      ] GC(263)   Merge Heap Roots: 0.2ms
[222.024s][info][gc,phases      ] GC(263)   Evacuate Collection Set: 1.3ms
[222.024s][info][gc,phases      ] GC(263)   Post Evacuate Collection Set: 0.5ms
[222.024s][info][gc,phases      ] GC(263)   Other: 0.2ms
[222.024s][info][gc,heap        ] GC(263) Eden regions: 318->0(318)
[222.024s][info][gc,heap        ] GC(263) Survivor regions: 2->2(40)
[222.024s][info][gc,heap        ] GC(263) Old regions: 13->13
[222.024s][info][gc,heap        ] GC(263) Archive regions: 0->0
[222.024s][info][gc,heap        ] GC(263) Humongous regions: 0->0
[222.024s][info][gc,metaspace   ] GC(263) Metaspace: 9958K(10304K)->9958K(10304K) NonClass: 8653K(8896K)->8653K(8896K) Class: 1304K(1408K)->1304K(1408K)
[222.024s][info][gc             ] GC(263) Pause Young (Normal) (G1 Evacuation Pause) 323M->5M(534M) 2.843ms
[222.024s][info][gc,cpu         ] GC(263) User=0.00s Sys=0.00s Real=0.00s
[223.362s][info][gc,start       ] GC(264) Pause Young (Normal) (G1 Evacuation Pause)
[223.362s][info][gc,task        ] GC(264) Using 12 workers of 33 for evacuation
[223.364s][info][gc,phases      ] GC(264)   Pre Evacuate Collection Set: 0.2ms
[223.364s][info][gc,phases      ] GC(264)   Merge Heap Roots: 0.2ms
[223.364s][info][gc,phases      ] GC(264)   Evacuate Collection Set: 1.3ms
[223.364s][info][gc,phases      ] GC(264)   Post Evacuate Collection Set: 0.5ms
[223.364s][info][gc,phases      ] GC(264)   Other: 0.2ms
[223.364s][info][gc,heap        ] GC(264) Eden regions: 318->0(318)
[223.364s][info][gc,heap        ] GC(264) Survivor regions: 2->2(40)
[223.364s][info][gc,heap        ] GC(264) Old regions: 13->13
[223.364s][info][gc,heap        ] GC(264) Archive regions: 0->0
[223.364s][info][gc,heap        ] GC(264) Humongous regions: 0->0
[223.364s][info][gc,metaspace   ] GC(264) Metaspace: 9958K(10304K)->9958K(10304K) NonClass: 8653K(8896K)->8653K(8896K) Class: 1304K(1408K)->1304K(1408K)
[223.364s][info][gc             ] GC(264) Pause Young (Normal) (G1 Evacuation Pause) 323M->5M(534M) 2.796ms
[223.364s][info][gc,cpu         ] GC(264) User=0.09s Sys=0.09s Real=0.02s
[224.694s][info][gc,start       ] GC(265) Pause Young (Normal) (G1 Evacuation Pause)
[224.694s][info][gc,task        ] GC(265) Using 12 workers of 33 for evacuation
[224.696s][info][gc,phases      ] GC(265)   Pre Evacuate Collection Set: 0.2ms
[224.696s][info][gc,phases      ] GC(265)   Merge Heap Roots: 0.2ms
[224.696s][info][gc,phases      ] GC(265)   Evacuate Collection Set: 0.9ms
[224.696s][info][gc,phases      ] GC(265)   Post Evacuate Collection Set: 0.5ms
[224.696s][info][gc,phases      ] GC(265)   Other: 0.2ms
[224.696s][info][gc,heap        ] GC(265) Eden regions: 318->0(318)
[224.696s][info][gc,heap        ] GC(265) Survivor regions: 2->2(40)
[224.696s][info][gc,heap        ] GC(265) Old regions: 13->13
[224.697s][info][gc,heap        ] GC(265) Archive regions: 0->0
[224.697s][info][gc,heap        ] GC(265) Humongous regions: 0->0
[224.697s][info][gc,metaspace   ] GC(265) Metaspace: 9958K(10304K)->9958K(10304K) NonClass: 8653K(8896K)->8653K(8896K) Class: 1304K(1408K)->1304K(1408K)
[224.697s][info][gc             ] GC(265) Pause Young (Normal) (G1 Evacuation Pause) 323M->5M(534M) 2.341ms
[224.697s][info][gc,cpu         ] GC(265) User=0.00s Sys=0.00s Real=0.00s
[226.007s][info][gc,start       ] GC(266) Pause Young (Normal) (G1 Evacuation Pause)
[226.007s][info][gc,task        ] GC(266) Using 12 workers of 33 for evacuation
[226.009s][info][gc,phases      ] GC(266)   Pre Evacuate Collection Set: 0.2ms
[226.009s][info][gc,phases      ] GC(266)   Merge Heap Roots: 0.2ms
[226.009s][info][gc,phases      ] GC(266)   Evacuate Collection Set: 0.9ms
[226.009s][info][gc,phases      ] GC(266)   Post Evacuate Collection Set: 0.5ms
[226.009s][info][gc,phases      ] GC(266)   Other: 0.2ms
[226.009s][info][gc,heap        ] GC(266) Eden regions: 318->0(318)
[226.009s][info][gc,heap        ] GC(266) Survivor regions: 2->2(40)
[226.009s][info][gc,heap        ] GC(266) Old regions: 13->13
[226.009s][info][gc,heap        ] GC(266) Archive regions: 0->0
[226.009s][info][gc,heap        ] GC(266) Humongous regions: 0->0
[226.009s][info][gc,metaspace   ] GC(266) Metaspace: 9958K(10304K)->9958K(10304K) NonClass: 8653K(8896K)->8653K(8896K) Class: 1304K(1408K)->1304K(1408K)
[226.009s][info][gc             ] GC(266) Pause Young (Normal) (G1 Evacuation Pause) 323M->5M(534M) 2.360ms
[226.009s][info][gc,cpu         ] GC(266) User=0.00s Sys=0.00s Real=0.00s
[227.046s][info][gc,start       ] GC(267) Pause Full (System.gc())
[227.046s][info][gc,task        ] GC(267) Using 12 workers of 33 for full compaction
[227.046s][info][gc,phases,start] GC(267) Phase 1: Mark live objects
[227.051s][info][gc,phases      ] GC(267) Phase 1: Mark live objects 4.343ms
[227.051s][info][gc,phases,start] GC(267) Phase 2: Prepare compaction
[227.054s][info][gc,phases      ] GC(267) Phase 2: Prepare compaction 3.625ms
[227.055s][info][gc,phases,start] GC(267) Phase 3: Adjust pointers
[227.058s][info][gc,phases      ] GC(267) Phase 3: Adjust pointers 3.955ms
[227.059s][info][gc,phases,start] GC(267) Phase 4: Compact heap
[227.059s][info][gc,phases      ] GC(267) Phase 4: Compact heap 0.622ms
[227.065s][info][gc,heap        ] GC(267) Eden regions: 250->0(26)
[227.065s][info][gc,heap        ] GC(267) Survivor regions: 2->0(40)
[227.065s][info][gc,heap        ] GC(267) Old regions: 13->13
[227.065s][info][gc,heap        ] GC(267) Archive regions: 0->0
[227.065s][info][gc,heap        ] GC(267) Humongous regions: 0->0
[227.066s][info][gc,metaspace   ] GC(267) Metaspace: 9958K(10304K)->9958K(10304K) NonClass: 8653K(8896K)->8653K(8896K) Class: 1304K(1408K)->1304K(1408K)
[227.066s][info][gc             ] GC(267) Pause Full (System.gc()) 254M->3M(44M) 19.896ms
[227.066s][info][gc,cpu         ] GC(267) User=0.00s Sys=0.14s Real=0.02s
[227.166s][info][gc,start       ] GC(268) Pause Young (Normal) (G1 Evacuation Pause)
[227.167s][info][gc,task        ] GC(268) Using 7 workers of 33 for evacuation
[227.168s][info][gc,phases      ] GC(268)   Pre Evacuate Collection Set: 0.1ms
[227.169s][info][gc,phases      ] GC(268)   Merge Heap Roots: 0.1ms
[227.169s][info][gc,phases      ] GC(268)   Evacuate Collection Set: 1.3ms
[227.169s][info][gc,phases      ] GC(268)   Post Evacuate Collection Set: 0.3ms
[227.169s][info][gc,phases      ] GC(268)   Other: 0.1ms
[227.169s][info][gc,heap        ] GC(268) Eden regions: 26->0(24)
[227.169s][info][gc,heap        ] GC(268) Survivor regions: 0->2(4)
[227.169s][info][gc,heap        ] GC(268) Old regions: 13->13
[227.169s][info][gc,heap        ] GC(268) Archive regions: 0->0
[227.169s][info][gc,heap        ] GC(268) Humongous regions: 0->0
[227.169s][info][gc,metaspace   ] GC(268) Metaspace: 9958K(10304K)->9958K(10304K) NonClass: 8653K(8896K)->8653K(8896K) Class: 1304K(1408K)->1304K(1408K)
[227.169s][info][gc             ] GC(268) Pause Young (Normal) (G1 Evacuation Pause) 29M->5M(44M) 2.388ms
[227.169s][info][gc,cpu         ] GC(268) User=0.00s Sys=0.00s Real=0.00s
[227.284s][info][gc,start       ] GC(269) Pause Young (Normal) (G1 Evacuation Pause)
[227.285s][info][gc,task        ] GC(269) Using 4 workers of 33 for evacuation
[227.287s][info][gc,phases      ] GC(269)   Pre Evacuate Collection Set: 0.1ms
[227.287s][info][gc,phases      ] GC(269)   Merge Heap Roots: 0.1ms
[227.287s][info][gc,phases      ] GC(269)   Evacuate Collection Set: 1.9ms
[227.287s][info][gc,phases      ] GC(269)   Post Evacuate Collection Set: 0.2ms
[227.287s][info][gc,phases      ] GC(269)   Other: 0.1ms
[227.287s][info][gc,heap        ] GC(269) Eden regions: 24->0(24)
[227.287s][info][gc,heap        ] GC(269) Survivor regions: 2->2(4)
[227.287s][info][gc,heap        ] GC(269) Old regions: 13->13
[227.287s][info][gc,heap        ] GC(269) Archive regions: 0->0
[227.287s][info][gc,heap        ] GC(269) Humongous regions: 0->0
[227.287s][info][gc,metaspace   ] GC(269) Metaspace: 9958K(10304K)->9958K(10304K) NonClass: 8653K(8896K)->8653K(8896K) Class: 1304K(1408K)->1304K(1408K)
[227.287s][info][gc             ] GC(269) Pause Young (Normal) (G1 Evacuation Pause) 29M->5M(44M) 3.010ms
[227.287s][info][gc,cpu         ] GC(269) User=0.00s Sys=0.00s Real=0.00s
[227.380s][info][gc,start       ] GC(270) Pause Young (Normal) (G1 Evacuation Pause)
[227.380s][info][gc,task        ] GC(270) Using 3 workers of 33 for evacuation
[227.389s][info][gc,phases      ] GC(270)   Pre Evacuate Collection Set: 0.1ms
[227.389s][info][gc,phases      ] GC(270)   Merge Heap Roots: 0.1ms
[227.389s][info][gc,phases      ] GC(270)   Evacuate Collection Set: 2.2ms
[227.389s][info][gc,phases      ] GC(270)   Post Evacuate Collection Set: 6.4ms
[227.389s][info][gc,phases      ] GC(270)   Other: 0.1ms
[227.389s][info][gc,heap        ] GC(270) Eden regions: 24->0(318)
[227.389s][info][gc,heap        ] GC(270) Survivor regions: 2->2(4)
[227.389s][info][gc,heap        ] GC(270) Old regions: 13->13
[227.389s][info][gc,heap        ] GC(270) Archive regions: 0->0
[227.389s][info][gc,heap        ] GC(270) Humongous regions: 0->0
[227.389s][info][gc,metaspace   ] GC(270) Metaspace: 9958K(10304K)->9958K(10304K) NonClass: 8653K(8896K)->8653K(8896K) Class: 1304K(1408K)->1304K(1408K)
[227.389s][info][gc             ] GC(270) Pause Young (Normal) (G1 Evacuation Pause) 29M->5M(534M) 9.386ms
[227.389s][info][gc,cpu         ] GC(270) User=0.02s Sys=0.00s Real=0.02s
[228.802s][info][gc,start       ] GC(271) Pause Young (Normal) (G1 Evacuation Pause)
[228.802s][info][gc,task        ] GC(271) Using 12 workers of 33 for evacuation
[228.804s][info][gc,phases      ] GC(271)   Pre Evacuate Collection Set: 0.2ms
[228.804s][info][gc,phases      ] GC(271)   Merge Heap Roots: 0.2ms
[228.804s][info][gc,phases      ] GC(271)   Evacuate Collection Set: 1.1ms
[228.804s][info][gc,phases      ] GC(271)   Post Evacuate Collection Set: 0.5ms
[228.804s][info][gc,phases      ] GC(271)   Other: 0.2ms
[228.804s][info][gc,heap        ] GC(271) Eden regions: 318->0(318)
[228.804s][info][gc,heap        ] GC(271) Survivor regions: 2->2(40)
[228.804s][info][gc,heap        ] GC(271) Old regions: 13->13
[228.804s][info][gc,heap        ] GC(271) Archive regions: 0->0
[228.804s][info][gc,heap        ] GC(271) Humongous regions: 0->0
[228.804s][info][gc,metaspace   ] GC(271) Metaspace: 9958K(10304K)->9958K(10304K) NonClass: 8653K(8896K)->8653K(8896K) Class: 1304K(1408K)->1304K(1408K)
[228.804s][info][gc             ] GC(271) Pause Young (Normal) (G1 Evacuation Pause) 323M->5M(534M) 2.596ms
[228.804s][info][gc,cpu         ] GC(271) User=0.00s Sys=0.00s Real=0.00s
[230.153s][info][gc,start       ] GC(272) Pause Young (Normal) (G1 Evacuation Pause)
[230.154s][info][gc,task        ] GC(272) Using 12 workers of 33 for evacuation
[230.155s][info][gc,phases      ] GC(272)   Pre Evacuate Collection Set: 0.2ms
[230.156s][info][gc,phases      ] GC(272)   Merge Heap Roots: 0.2ms
[230.156s][info][gc,phases      ] GC(272)   Evacuate Collection Set: 1.0ms
[230.156s][info][gc,phases      ] GC(272)   Post Evacuate Collection Set: 0.5ms
[230.156s][info][gc,phases      ] GC(272)   Other: 0.2ms
[230.156s][info][gc,heap        ] GC(272) Eden regions: 318->0(318)
[230.156s][info][gc,heap        ] GC(272) Survivor regions: 2->2(40)
[230.156s][info][gc,heap        ] GC(272) Old regions: 13->13
[230.156s][info][gc,heap        ] GC(272) Archive regions: 0->0
[230.156s][info][gc,heap        ] GC(272) Humongous regions: 0->0
[230.156s][info][gc,metaspace   ] GC(272) Metaspace: 9958K(10304K)->9958K(10304K) NonClass: 8653K(8896K)->8653K(8896K) Class: 1304K(1408K)->1304K(1408K)
[230.156s][info][gc             ] GC(272) Pause Young (Normal) (G1 Evacuation Pause) 323M->5M(534M) 2.447ms
[230.156s][info][gc,cpu         ] GC(272) User=0.00s Sys=0.00s Real=0.00s
[231.489s][info][gc,start       ] GC(273) Pause Young (Normal) (G1 Evacuation Pause)
[231.489s][info][gc,task        ] GC(273) Using 12 workers of 33 for evacuation
[231.491s][info][gc,phases      ] GC(273)   Pre Evacuate Collection Set: 0.2ms
[231.491s][info][gc,phases      ] GC(273)   Merge Heap Roots: 0.2ms
[231.491s][info][gc,phases      ] GC(273)   Evacuate Collection Set: 0.8ms
[231.491s][info][gc,phases      ] GC(273)   Post Evacuate Collection Set: 0.5ms
[231.491s][info][gc,phases      ] GC(273)   Other: 0.2ms
[231.491s][info][gc,heap        ] GC(273) Eden regions: 318->0(318)
[231.491s][info][gc,heap        ] GC(273) Survivor regions: 2->2(40)
[231.491s][info][gc,heap        ] GC(273) Old regions: 13->13
[231.491s][info][gc,heap        ] GC(273) Archive regions: 0->0
[231.491s][info][gc,heap        ] GC(273) Humongous regions: 0->0
[231.491s][info][gc,metaspace   ] GC(273) Metaspace: 9958K(10304K)->9958K(10304K) NonClass: 8653K(8896K)->8653K(8896K) Class: 1304K(1408K)->1304K(1408K)
[231.491s][info][gc             ] GC(273) Pause Young (Normal) (G1 Evacuation Pause) 323M->5M(534M) 2.315ms
[231.491s][info][gc,cpu         ] GC(273) User=0.00s Sys=0.00s Real=0.00s
[232.811s][info][gc,start       ] GC(274) Pause Young (Normal) (G1 Evacuation Pause)
[232.811s][info][gc,task        ] GC(274) Using 12 workers of 33 for evacuation
[232.813s][info][gc,phases      ] GC(274)   Pre Evacuate Collection Set: 0.2ms
[232.813s][info][gc,phases      ] GC(274)   Merge Heap Roots: 0.2ms
[232.813s][info][gc,phases      ] GC(274)   Evacuate Collection Set: 0.9ms
[232.813s][info][gc,phases      ] GC(274)   Post Evacuate Collection Set: 0.5ms
[232.813s][info][gc,phases      ] GC(274)   Other: 0.2ms
[232.813s][info][gc,heap        ] GC(274) Eden regions: 318->0(318)
[232.813s][info][gc,heap        ] GC(274) Survivor regions: 2->2(40)
[232.813s][info][gc,heap        ] GC(274) Old regions: 13->13
[232.813s][info][gc,heap        ] GC(274) Archive regions: 0->0
[232.813s][info][gc,heap        ] GC(274) Humongous regions: 0->0
[232.813s][info][gc,metaspace   ] GC(274) Metaspace: 9958K(10304K)->9958K(10304K) NonClass: 8653K(8896K)->8653K(8896K) Class: 1304K(1408K)->1304K(1408K)
[232.813s][info][gc             ] GC(274) Pause Young (Normal) (G1 Evacuation Pause) 323M->5M(534M) 2.521ms
[232.813s][info][gc,cpu         ] GC(274) User=0.19s Sys=0.00s Real=0.02s
[233.871s][info][gc,start       ] GC(275) Pause Full (System.gc())
[233.871s][info][gc,task        ] GC(275) Using 12 workers of 33 for full compaction
[233.872s][info][gc,phases,start] GC(275) Phase 1: Mark live objects
[233.876s][info][gc,phases      ] GC(275) Phase 1: Mark live objects 4.817ms
[233.876s][info][gc,phases,start] GC(275) Phase 2: Prepare compaction
[233.879s][info][gc,phases      ] GC(275) Phase 2: Prepare compaction 2.526ms
[233.879s][info][gc,phases,start] GC(275) Phase 3: Adjust pointers
[233.883s][info][gc,phases      ] GC(275) Phase 3: Adjust pointers 3.878ms
[233.883s][info][gc,phases,start] GC(275) Phase 4: Compact heap
[233.884s][info][gc,phases      ] GC(275) Phase 4: Compact heap 0.660ms
[233.890s][info][gc,heap        ] GC(275) Eden regions: 256->0(26)
[233.890s][info][gc,heap        ] GC(275) Survivor regions: 2->0(40)
[233.890s][info][gc,heap        ] GC(275) Old regions: 13->13
[233.890s][info][gc,heap        ] GC(275) Archive regions: 0->0
[233.890s][info][gc,heap        ] GC(275) Humongous regions: 0->0
[233.890s][info][gc,metaspace   ] GC(275) Metaspace: 9958K(10304K)->9958K(10304K) NonClass: 8653K(8896K)->8653K(8896K) Class: 1304K(1408K)->1304K(1408K)
[233.890s][info][gc             ] GC(275) Pause Full (System.gc()) 261M->3M(44M) 18.862ms
[233.890s][info][gc,cpu         ] GC(275) User=0.19s Sys=0.02s Real=0.03s
[233.986s][info][gc,start       ] GC(276) Pause Young (Normal) (G1 Evacuation Pause)
[233.987s][info][gc,task        ] GC(276) Using 7 workers of 33 for evacuation
[233.988s][info][gc,phases      ] GC(276)   Pre Evacuate Collection Set: 0.1ms
[233.988s][info][gc,phases      ] GC(276)   Merge Heap Roots: 0.1ms
[233.988s][info][gc,phases      ] GC(276)   Evacuate Collection Set: 1.0ms
[233.988s][info][gc,phases      ] GC(276)   Post Evacuate Collection Set: 0.2ms
[233.988s][info][gc,phases      ] GC(276)   Other: 0.1ms
[233.988s][info][gc,heap        ] GC(276) Eden regions: 26->0(24)
[233.988s][info][gc,heap        ] GC(276) Survivor regions: 0->2(4)
[233.988s][info][gc,heap        ] GC(276) Old regions: 13->13
[233.988s][info][gc,heap        ] GC(276) Archive regions: 0->0
[233.988s][info][gc,heap        ] GC(276) Humongous regions: 0->0
[233.988s][info][gc,metaspace   ] GC(276) Metaspace: 9958K(10304K)->9958K(10304K) NonClass: 8653K(8896K)->8653K(8896K) Class: 1304K(1408K)->1304K(1408K)
[233.988s][info][gc             ] GC(276) Pause Young (Normal) (G1 Evacuation Pause) 29M->5M(44M) 1.634ms
[233.988s][info][gc,cpu         ] GC(276) User=0.00s Sys=0.00s Real=0.00s
[234.081s][info][gc,start       ] GC(277) Pause Young (Normal) (G1 Evacuation Pause)
[234.081s][info][gc,task        ] GC(277) Using 4 workers of 33 for evacuation
[234.083s][info][gc,phases      ] GC(277)   Pre Evacuate Collection Set: 0.1ms
[234.083s][info][gc,phases      ] GC(277)   Merge Heap Roots: 0.1ms
[234.083s][info][gc,phases      ] GC(277)   Evacuate Collection Set: 1.5ms
[234.083s][info][gc,phases      ] GC(277)   Post Evacuate Collection Set: 0.2ms
[234.084s][info][gc,phases      ] GC(277)   Other: 0.1ms
[234.084s][info][gc,heap        ] GC(277) Eden regions: 24->0(24)
[234.084s][info][gc,heap        ] GC(277) Survivor regions: 2->2(4)
[234.084s][info][gc,heap        ] GC(277) Old regions: 13->13
[234.084s][info][gc,heap        ] GC(277) Archive regions: 0->0
[234.084s][info][gc,heap        ] GC(277) Humongous regions: 0->0
[234.084s][info][gc,metaspace   ] GC(277) Metaspace: 9958K(10304K)->9958K(10304K) NonClass: 8653K(8896K)->8653K(8896K) Class: 1304K(1408K)->1304K(1408K)
[234.084s][info][gc             ] GC(277) Pause Young (Normal) (G1 Evacuation Pause) 29M->5M(44M) 2.522ms
[234.084s][info][gc,cpu         ] GC(277) User=0.00s Sys=0.00s Real=0.00s
[234.178s][info][gc,start       ] GC(278) Pause Young (Normal) (G1 Evacuation Pause)
[234.179s][info][gc,task        ] GC(278) Using 3 workers of 33 for evacuation
[234.187s][info][gc,phases      ] GC(278)   Pre Evacuate Collection Set: 0.1ms
[234.187s][info][gc,phases      ] GC(278)   Merge Heap Roots: 0.1ms
[234.187s][info][gc,phases      ] GC(278)   Evacuate Collection Set: 2.1ms
[234.187s][info][gc,phases      ] GC(278)   Post Evacuate Collection Set: 6.4ms
[234.187s][info][gc,phases      ] GC(278)   Other: 0.1ms
[234.187s][info][gc,heap        ] GC(278) Eden regions: 24->0(318)
[234.188s][info][gc,heap        ] GC(278) Survivor regions: 2->2(4)
[234.188s][info][gc,heap        ] GC(278) Old regions: 13->13
[234.188s][info][gc,heap        ] GC(278) Archive regions: 0->0
[234.188s][info][gc,heap        ] GC(278) Humongous regions: 0->0
[234.188s][info][gc,metaspace   ] GC(278) Metaspace: 9958K(10304K)->9958K(10304K) NonClass: 8653K(8896K)->8653K(8896K) Class: 1304K(1408K)->1304K(1408K)
[234.188s][info][gc             ] GC(278) Pause Young (Normal) (G1 Evacuation Pause) 29M->5M(534M) 9.229ms
[234.188s][info][gc,cpu         ] GC(278) User=0.00s Sys=0.02s Real=0.02s
[235.565s][info][gc,start       ] GC(279) Pause Young (Normal) (G1 Evacuation Pause)
[235.565s][info][gc,task        ] GC(279) Using 12 workers of 33 for evacuation
[235.567s][info][gc,phases      ] GC(279)   Pre Evacuate Collection Set: 0.1ms
[235.567s][info][gc,phases      ] GC(279)   Merge Heap Roots: 0.1ms
[235.567s][info][gc,phases      ] GC(279)   Evacuate Collection Set: 1.1ms
[235.567s][info][gc,phases      ] GC(279)   Post Evacuate Collection Set: 0.4ms
[235.567s][info][gc,phases      ] GC(279)   Other: 0.2ms
[235.567s][info][gc,heap        ] GC(279) Eden regions: 318->0(318)
[235.567s][info][gc,heap        ] GC(279) Survivor regions: 2->2(40)
[235.567s][info][gc,heap        ] GC(279) Old regions: 13->13
[235.567s][info][gc,heap        ] GC(279) Archive regions: 0->0
[235.567s][info][gc,heap        ] GC(279) Humongous regions: 0->0
[235.567s][info][gc,metaspace   ] GC(279) Metaspace: 9958K(10304K)->9958K(10304K) NonClass: 8653K(8896K)->8653K(8896K) Class: 1304K(1408K)->1304K(1408K)
[235.567s][info][gc             ] GC(279) Pause Young (Normal) (G1 Evacuation Pause) 323M->5M(534M) 2.429ms
[235.567s][info][gc,cpu         ] GC(279) User=0.00s Sys=0.00s Real=0.00s
[236.866s][info][gc,start       ] GC(280) Pause Young (Normal) (G1 Evacuation Pause)
[236.866s][info][gc,task        ] GC(280) Using 12 workers of 33 for evacuation
[236.868s][info][gc,phases      ] GC(280)   Pre Evacuate Collection Set: 0.1ms
[236.868s][info][gc,phases      ] GC(280)   Merge Heap Roots: 0.2ms
[236.868s][info][gc,phases      ] GC(280)   Evacuate Collection Set: 1.0ms
[236.868s][info][gc,phases      ] GC(280)   Post Evacuate Collection Set: 0.5ms
[236.868s][info][gc,phases      ] GC(280)   Other: 0.2ms
[236.868s][info][gc,heap        ] GC(280) Eden regions: 318->0(318)
[236.868s][info][gc,heap        ] GC(280) Survivor regions: 2->2(40)
[236.868s][info][gc,heap        ] GC(280) Old regions: 13->13
[236.868s][info][gc,heap        ] GC(280) Archive regions: 0->0
[236.868s][info][gc,heap        ] GC(280) Humongous regions: 0->0
[236.868s][info][gc,metaspace   ] GC(280) Metaspace: 9958K(10304K)->9958K(10304K) NonClass: 8653K(8896K)->8653K(8896K) Class: 1304K(1408K)->1304K(1408K)
[236.868s][info][gc             ] GC(280) Pause Young (Normal) (G1 Evacuation Pause) 323M->5M(534M) 2.480ms
[236.868s][info][gc,cpu         ] GC(280) User=0.00s Sys=0.00s Real=0.00s
[238.203s][info][gc,start       ] GC(281) Pause Young (Normal) (G1 Evacuation Pause)
[238.203s][info][gc,task        ] GC(281) Using 12 workers of 33 for evacuation
[238.205s][info][gc,phases      ] GC(281)   Pre Evacuate Collection Set: 0.2ms
[238.205s][info][gc,phases      ] GC(281)   Merge Heap Roots: 0.2ms
[238.205s][info][gc,phases      ] GC(281)   Evacuate Collection Set: 0.9ms
[238.205s][info][gc,phases      ] GC(281)   Post Evacuate Collection Set: 0.5ms
[238.205s][info][gc,phases      ] GC(281)   Other: 0.2ms
[238.205s][info][gc,heap        ] GC(281) Eden regions: 318->0(318)
[238.205s][info][gc,heap        ] GC(281) Survivor regions: 2->2(40)
[238.205s][info][gc,heap        ] GC(281) Old regions: 13->13
[238.205s][info][gc,heap        ] GC(281) Archive regions: 0->0
[238.205s][info][gc,heap        ] GC(281) Humongous regions: 0->0
[238.205s][info][gc,metaspace   ] GC(281) Metaspace: 9958K(10304K)->9958K(10304K) NonClass: 8653K(8896K)->8653K(8896K) Class: 1304K(1408K)->1304K(1408K)
[238.205s][info][gc             ] GC(281) Pause Young (Normal) (G1 Evacuation Pause) 323M->5M(534M) 2.349ms
[238.205s][info][gc,cpu         ] GC(281) User=0.00s Sys=0.00s Real=0.00s
[239.542s][info][gc,start       ] GC(282) Pause Young (Normal) (G1 Evacuation Pause)
[239.542s][info][gc,task        ] GC(282) Using 12 workers of 33 for evacuation
[239.544s][info][gc,phases      ] GC(282)   Pre Evacuate Collection Set: 0.1ms
[239.544s][info][gc,phases      ] GC(282)   Merge Heap Roots: 0.2ms
[239.544s][info][gc,phases      ] GC(282)   Evacuate Collection Set: 0.8ms
[239.544s][info][gc,phases      ] GC(282)   Post Evacuate Collection Set: 0.5ms
[239.544s][info][gc,phases      ] GC(282)   Other: 0.2ms
[239.544s][info][gc,heap        ] GC(282) Eden regions: 318->0(318)
[239.544s][info][gc,heap        ] GC(282) Survivor regions: 2->2(40)
[239.544s][info][gc,heap        ] GC(282) Old regions: 13->13
[239.544s][info][gc,heap        ] GC(282) Archive regions: 0->0
[239.544s][info][gc,heap        ] GC(282) Humongous regions: 0->0
[239.544s][info][gc,metaspace   ] GC(282) Metaspace: 9958K(10304K)->9958K(10304K) NonClass: 8653K(8896K)->8653K(8896K) Class: 1304K(1408K)->1304K(1408K)
[239.544s][info][gc             ] GC(282) Pause Young (Normal) (G1 Evacuation Pause) 323M->5M(534M) 2.324ms
[239.544s][info][gc,cpu         ] GC(282) User=0.00s Sys=0.00s Real=0.00s
[240.641s][info][gc,start       ] GC(283) Pause Full (System.gc())
[240.642s][info][gc,task        ] GC(283) Using 12 workers of 33 for full compaction
[240.642s][info][gc,phases,start] GC(283) Phase 1: Mark live objects
[240.647s][info][gc,phases      ] GC(283) Phase 1: Mark live objects 4.869ms
[240.647s][info][gc,phases,start] GC(283) Phase 2: Prepare compaction
[240.650s][info][gc,phases      ] GC(283) Phase 2: Prepare compaction 3.329ms
[240.651s][info][gc,phases,start] GC(283) Phase 3: Adjust pointers
[240.655s][info][gc,phases      ] GC(283) Phase 3: Adjust pointers 4.031ms
[240.655s][info][gc,phases,start] GC(283) Phase 4: Compact heap
[240.655s][info][gc,phases      ] GC(283) Phase 4: Compact heap 0.623ms
[240.661s][info][gc,heap        ] GC(283) Eden regions: 257->0(26)
[240.661s][info][gc,heap        ] GC(283) Survivor regions: 2->0(40)
[240.661s][info][gc,heap        ] GC(283) Old regions: 13->13
[240.661s][info][gc,heap        ] GC(283) Archive regions: 0->0
[240.661s][info][gc,heap        ] GC(283) Humongous regions: 0->0
[240.662s][info][gc,metaspace   ] GC(283) Metaspace: 9958K(10304K)->9958K(10304K) NonClass: 8653K(8896K)->8653K(8896K) Class: 1304K(1408K)->1304K(1408K)
[240.662s][info][gc             ] GC(283) Pause Full (System.gc()) 262M->3M(44M) 20.175ms
[240.662s][info][gc,cpu         ] GC(283) User=0.02s Sys=0.00s Real=0.02s
[240.765s][info][gc,start       ] GC(284) Pause Young (Normal) (G1 Evacuation Pause)
[240.765s][info][gc,task        ] GC(284) Using 7 workers of 33 for evacuation
[240.767s][info][gc,phases      ] GC(284)   Pre Evacuate Collection Set: 0.1ms
[240.767s][info][gc,phases      ] GC(284)   Merge Heap Roots: 0.1ms
[240.767s][info][gc,phases      ] GC(284)   Evacuate Collection Set: 1.3ms
[240.767s][info][gc,phases      ] GC(284)   Post Evacuate Collection Set: 0.3ms
[240.767s][info][gc,phases      ] GC(284)   Other: 0.1ms
[240.767s][info][gc,heap        ] GC(284) Eden regions: 26->0(24)
[240.767s][info][gc,heap        ] GC(284) Survivor regions: 0->2(4)
[240.768s][info][gc,heap        ] GC(284) Old regions: 13->13
[240.768s][info][gc,heap        ] GC(284) Archive regions: 0->0
[240.768s][info][gc,heap        ] GC(284) Humongous regions: 0->0
[240.768s][info][gc,metaspace   ] GC(284) Metaspace: 9958K(10304K)->9958K(10304K) NonClass: 8653K(8896K)->8653K(8896K) Class: 1304K(1408K)->1304K(1408K)
[240.768s][info][gc             ] GC(284) Pause Young (Normal) (G1 Evacuation Pause) 29M->5M(44M) 2.345ms
[240.768s][info][gc,cpu         ] GC(284) User=0.00s Sys=0.00s Real=0.00s
[240.876s][info][gc,start       ] GC(285) Pause Young (Normal) (G1 Evacuation Pause)
[240.876s][info][gc,task        ] GC(285) Using 4 workers of 33 for evacuation
[240.878s][info][gc,phases      ] GC(285)   Pre Evacuate Collection Set: 0.1ms
[240.878s][info][gc,phases      ] GC(285)   Merge Heap Roots: 0.1ms
[240.878s][info][gc,phases      ] GC(285)   Evacuate Collection Set: 1.7ms
[240.878s][info][gc,phases      ] GC(285)   Post Evacuate Collection Set: 0.2ms
[240.878s][info][gc,phases      ] GC(285)   Other: 0.1ms
[240.878s][info][gc,heap        ] GC(285) Eden regions: 24->0(24)
[240.878s][info][gc,heap        ] GC(285) Survivor regions: 2->2(4)
[240.878s][info][gc,heap        ] GC(285) Old regions: 13->13
[240.878s][info][gc,heap        ] GC(285) Archive regions: 0->0
[240.878s][info][gc,heap        ] GC(285) Humongous regions: 0->0
[240.878s][info][gc,metaspace   ] GC(285) Metaspace: 9958K(10304K)->9958K(10304K) NonClass: 8653K(8896K)->8653K(8896K) Class: 1304K(1408K)->1304K(1408K)
[240.878s][info][gc             ] GC(285) Pause Young (Normal) (G1 Evacuation Pause) 29M->5M(44M) 2.674ms
[240.878s][info][gc,cpu         ] GC(285) User=0.00s Sys=0.00s Real=0.00s
[240.977s][info][gc,start       ] GC(286) Pause Young (Normal) (G1 Evacuation Pause)
[240.977s][info][gc,task        ] GC(286) Using 3 workers of 33 for evacuation
[240.986s][info][gc,phases      ] GC(286)   Pre Evacuate Collection Set: 0.1ms
[240.986s][info][gc,phases      ] GC(286)   Merge Heap Roots: 0.1ms
[240.986s][info][gc,phases      ] GC(286)   Evacuate Collection Set: 2.3ms
[240.986s][info][gc,phases      ] GC(286)   Post Evacuate Collection Set: 6.4ms
[240.986s][info][gc,phases      ] GC(286)   Other: 0.1ms
[240.986s][info][gc,heap        ] GC(286) Eden regions: 24->0(318)
[240.986s][info][gc,heap        ] GC(286) Survivor regions: 2->2(4)
[240.986s][info][gc,heap        ] GC(286) Old regions: 13->13
[240.986s][info][gc,heap        ] GC(286) Archive regions: 0->0
[240.986s][info][gc,heap        ] GC(286) Humongous regions: 0->0
[240.986s][info][gc,metaspace   ] GC(286) Metaspace: 9958K(10304K)->9958K(10304K) NonClass: 8653K(8896K)->8653K(8896K) Class: 1304K(1408K)->1304K(1408K)
[240.986s][info][gc             ] GC(286) Pause Young (Normal) (G1 Evacuation Pause) 29M->5M(534M) 9.445ms
[240.986s][info][gc,cpu         ] GC(286) User=0.00s Sys=0.02s Real=0.01s
[242.421s][info][gc,start       ] GC(287) Pause Young (Normal) (G1 Evacuation Pause)
[242.421s][info][gc,task        ] GC(287) Using 12 workers of 33 for evacuation
[242.424s][info][gc,phases      ] GC(287)   Pre Evacuate Collection Set: 0.2ms
[242.424s][info][gc,phases      ] GC(287)   Merge Heap Roots: 0.2ms
[242.424s][info][gc,phases      ] GC(287)   Evacuate Collection Set: 1.2ms
[242.424s][info][gc,phases      ] GC(287)   Post Evacuate Collection Set: 0.5ms
[242.424s][info][gc,phases      ] GC(287)   Other: 0.2ms
[242.424s][info][gc,heap        ] GC(287) Eden regions: 318->0(318)
[242.424s][info][gc,heap        ] GC(287) Survivor regions: 2->2(40)
[242.424s][info][gc,heap        ] GC(287) Old regions: 13->13
[242.424s][info][gc,heap        ] GC(287) Archive regions: 0->0
[242.424s][info][gc,heap        ] GC(287) Humongous regions: 0->0
[242.424s][info][gc,metaspace   ] GC(287) Metaspace: 9958K(10304K)->9958K(10304K) NonClass: 8653K(8896K)->8653K(8896K) Class: 1304K(1408K)->1304K(1408K)
[242.424s][info][gc             ] GC(287) Pause Young (Normal) (G1 Evacuation Pause) 323M->5M(534M) 2.666ms
[242.424s][info][gc,cpu         ] GC(287) User=0.00s Sys=0.00s Real=0.00s
[243.759s][info][gc,start       ] GC(288) Pause Young (Normal) (G1 Evacuation Pause)
[243.760s][info][gc,task        ] GC(288) Using 12 workers of 33 for evacuation
[243.762s][info][gc,phases      ] GC(288)   Pre Evacuate Collection Set: 0.1ms
[243.762s][info][gc,phases      ] GC(288)   Merge Heap Roots: 0.2ms
[243.762s][info][gc,phases      ] GC(288)   Evacuate Collection Set: 1.1ms
[243.762s][info][gc,phases      ] GC(288)   Post Evacuate Collection Set: 0.5ms
[243.762s][info][gc,phases      ] GC(288)   Other: 0.2ms
[243.762s][info][gc,heap        ] GC(288) Eden regions: 318->0(318)
[243.762s][info][gc,heap        ] GC(288) Survivor regions: 2->2(40)
[243.762s][info][gc,heap        ] GC(288) Old regions: 13->13
[243.762s][info][gc,heap        ] GC(288) Archive regions: 0->0
[243.762s][info][gc,heap        ] GC(288) Humongous regions: 0->0
[243.762s][info][gc,metaspace   ] GC(288) Metaspace: 9958K(10304K)->9958K(10304K) NonClass: 8653K(8896K)->8653K(8896K) Class: 1304K(1408K)->1304K(1408K)
[243.762s][info][gc             ] GC(288) Pause Young (Normal) (G1 Evacuation Pause) 323M->5M(534M) 2.607ms
[243.762s][info][gc,cpu         ] GC(288) User=0.00s Sys=0.00s Real=0.00s
[245.105s][info][gc,start       ] GC(289) Pause Young (Normal) (G1 Evacuation Pause)
[245.105s][info][gc,task        ] GC(289) Using 12 workers of 33 for evacuation
[245.107s][info][gc,phases      ] GC(289)   Pre Evacuate Collection Set: 0.2ms
[245.107s][info][gc,phases      ] GC(289)   Merge Heap Roots: 0.2ms
[245.107s][info][gc,phases      ] GC(289)   Evacuate Collection Set: 0.9ms
[245.107s][info][gc,phases      ] GC(289)   Post Evacuate Collection Set: 0.5ms
[245.107s][info][gc,phases      ] GC(289)   Other: 0.2ms
[245.107s][info][gc,heap        ] GC(289) Eden regions: 318->0(318)
[245.107s][info][gc,heap        ] GC(289) Survivor regions: 2->2(40)
[245.107s][info][gc,heap        ] GC(289) Old regions: 13->13
[245.107s][info][gc,heap        ] GC(289) Archive regions: 0->0
[245.107s][info][gc,heap        ] GC(289) Humongous regions: 0->0
[245.107s][info][gc,metaspace   ] GC(289) Metaspace: 9958K(10304K)->9958K(10304K) NonClass: 8653K(8896K)->8653K(8896K) Class: 1304K(1408K)->1304K(1408K)
[245.108s][info][gc             ] GC(289) Pause Young (Normal) (G1 Evacuation Pause) 323M->5M(534M) 2.431ms
[245.108s][info][gc,cpu         ] GC(289) User=0.00s Sys=0.00s Real=0.00s
[246.451s][info][gc,start       ] GC(290) Pause Young (Normal) (G1 Evacuation Pause)
[246.451s][info][gc,task        ] GC(290) Using 12 workers of 33 for evacuation
[246.453s][info][gc,phases      ] GC(290)   Pre Evacuate Collection Set: 0.2ms
[246.453s][info][gc,phases      ] GC(290)   Merge Heap Roots: 0.2ms
[246.453s][info][gc,phases      ] GC(290)   Evacuate Collection Set: 0.9ms
[246.453s][info][gc,phases      ] GC(290)   Post Evacuate Collection Set: 0.5ms
[246.453s][info][gc,phases      ] GC(290)   Other: 0.2ms
[246.453s][info][gc,heap        ] GC(290) Eden regions: 318->0(318)
[246.453s][info][gc,heap        ] GC(290) Survivor regions: 2->2(40)
[246.453s][info][gc,heap        ] GC(290) Old regions: 13->13
[246.453s][info][gc,heap        ] GC(290) Archive regions: 0->0
[246.453s][info][gc,heap        ] GC(290) Humongous regions: 0->0
[246.453s][info][gc,metaspace   ] GC(290) Metaspace: 9958K(10304K)->9958K(10304K) NonClass: 8653K(8896K)->8653K(8896K) Class: 1304K(1408K)->1304K(1408K)
[246.453s][info][gc             ] GC(290) Pause Young (Normal) (G1 Evacuation Pause) 323M->5M(534M) 2.357ms
[246.453s][info][gc,cpu         ] GC(290) User=0.00s Sys=0.00s Real=0.00s
[247.502s][info][gc,start       ] GC(291) Pause Full (System.gc())
[247.509s][info][gc,task        ] GC(291) Using 12 workers of 33 for full compaction
[247.510s][info][gc,phases,start] GC(291) Phase 1: Mark live objects
[247.514s][info][gc,phases      ] GC(291) Phase 1: Mark live objects 4.686ms
[247.514s][info][gc,phases,start] GC(291) Phase 2: Prepare compaction
[247.518s][info][gc,phases      ] GC(291) Phase 2: Prepare compaction 3.441ms
[247.518s][info][gc,phases,start] GC(291) Phase 3: Adjust pointers
[247.522s][info][gc,phases      ] GC(291) Phase 3: Adjust pointers 3.980ms
[247.522s][info][gc,phases,start] GC(291) Phase 4: Compact heap
[247.522s][info][gc,phases      ] GC(291) Phase 4: Compact heap 0.624ms
[247.529s][info][gc,heap        ] GC(291) Eden regions: 255->0(26)
[247.529s][info][gc,heap        ] GC(291) Survivor regions: 2->0(40)
[247.529s][info][gc,heap        ] GC(291) Old regions: 13->13
[247.529s][info][gc,heap        ] GC(291) Archive regions: 0->0
[247.529s][info][gc,heap        ] GC(291) Humongous regions: 0->0
[247.529s][info][gc,metaspace   ] GC(291) Metaspace: 9958K(10304K)->9958K(10304K) NonClass: 8653K(8896K)->8653K(8896K) Class: 1304K(1408K)->1304K(1408K)
[247.529s][info][gc             ] GC(291) Pause Full (System.gc()) 260M->3M(44M) 26.656ms
[247.529s][info][gc,cpu         ] GC(291) User=0.02s Sys=0.00s Real=0.02s
[247.630s][info][gc,start       ] GC(292) Pause Young (Normal) (G1 Evacuation Pause)
[247.630s][info][gc,task        ] GC(292) Using 7 workers of 33 for evacuation
[247.632s][info][gc,phases      ] GC(292)   Pre Evacuate Collection Set: 0.1ms
[247.632s][info][gc,phases      ] GC(292)   Merge Heap Roots: 0.1ms
[247.632s][info][gc,phases      ] GC(292)   Evacuate Collection Set: 1.3ms
[247.632s][info][gc,phases      ] GC(292)   Post Evacuate Collection Set: 0.3ms
[247.632s][info][gc,phases      ] GC(292)   Other: 0.1ms
[247.632s][info][gc,heap        ] GC(292) Eden regions: 26->0(24)
[247.632s][info][gc,heap        ] GC(292) Survivor regions: 0->2(4)
[247.632s][info][gc,heap        ] GC(292) Old regions: 13->13
[247.632s][info][gc,heap        ] GC(292) Archive regions: 0->0
[247.632s][info][gc,heap        ] GC(292) Humongous regions: 0->0
[247.632s][info][gc,metaspace   ] GC(292) Metaspace: 9958K(10304K)->9958K(10304K) NonClass: 8654K(8896K)->8654K(8896K) Class: 1304K(1408K)->1304K(1408K)
[247.632s][info][gc             ] GC(292) Pause Young (Normal) (G1 Evacuation Pause) 29M->5M(44M) 2.373ms
[247.632s][info][gc,cpu         ] GC(292) User=0.11s Sys=0.00s Real=0.02s
[247.745s][info][gc,start       ] GC(293) Pause Young (Normal) (G1 Evacuation Pause)
[247.745s][info][gc,task        ] GC(293) Using 4 workers of 33 for evacuation
[247.747s][info][gc,phases      ] GC(293)   Pre Evacuate Collection Set: 0.1ms
[247.747s][info][gc,phases      ] GC(293)   Merge Heap Roots: 0.1ms
[247.747s][info][gc,phases      ] GC(293)   Evacuate Collection Set: 1.4ms
[247.747s][info][gc,phases      ] GC(293)   Post Evacuate Collection Set: 0.2ms
[247.747s][info][gc,phases      ] GC(293)   Other: 0.1ms
[247.747s][info][gc,heap        ] GC(293) Eden regions: 24->0(24)
[247.747s][info][gc,heap        ] GC(293) Survivor regions: 2->2(4)
[247.747s][info][gc,heap        ] GC(293) Old regions: 13->13
[247.747s][info][gc,heap        ] GC(293) Archive regions: 0->0
[247.747s][info][gc,heap        ] GC(293) Humongous regions: 0->0
[247.747s][info][gc,metaspace   ] GC(293) Metaspace: 9958K(10304K)->9958K(10304K) NonClass: 8654K(8896K)->8654K(8896K) Class: 1304K(1408K)->1304K(1408K)
[247.747s][info][gc             ] GC(293) Pause Young (Normal) (G1 Evacuation Pause) 29M->5M(44M) 2.384ms
[247.747s][info][gc,cpu         ] GC(293) User=0.00s Sys=0.00s Real=0.00s
[247.841s][info][gc,start       ] GC(294) Pause Young (Normal) (G1 Evacuation Pause)
[247.841s][info][gc,task        ] GC(294) Using 3 workers of 33 for evacuation
[247.850s][info][gc,phases      ] GC(294)   Pre Evacuate Collection Set: 0.1ms
[247.850s][info][gc,phases      ] GC(294)   Merge Heap Roots: 0.1ms
[247.850s][info][gc,phases      ] GC(294)   Evacuate Collection Set: 2.3ms
[247.850s][info][gc,phases      ] GC(294)   Post Evacuate Collection Set: 6.4ms
[247.850s][info][gc,phases      ] GC(294)   Other: 0.1ms
[247.850s][info][gc,heap        ] GC(294) Eden regions: 24->0(318)
[247.850s][info][gc,heap        ] GC(294) Survivor regions: 2->2(4)
[247.850s][info][gc,heap        ] GC(294) Old regions: 13->13
[247.850s][info][gc,heap        ] GC(294) Archive regions: 0->0
[247.850s][info][gc,heap        ] GC(294) Humongous regions: 0->0
[247.850s][info][gc,metaspace   ] GC(294) Metaspace: 9958K(10304K)->9958K(10304K) NonClass: 8654K(8896K)->8654K(8896K) Class: 1304K(1408K)->1304K(1408K)
[247.850s][info][gc             ] GC(294) Pause Young (Normal) (G1 Evacuation Pause) 29M->5M(534M) 9.408ms
[247.850s][info][gc,cpu         ] GC(294) User=0.02s Sys=0.00s Real=0.01s
[249.274s][info][gc,start       ] GC(295) Pause Young (Normal) (G1 Evacuation Pause)
[249.275s][info][gc,task        ] GC(295) Using 12 workers of 33 for evacuation
[249.277s][info][gc,phases      ] GC(295)   Pre Evacuate Collection Set: 0.2ms
[249.277s][info][gc,phases      ] GC(295)   Merge Heap Roots: 0.2ms
[249.277s][info][gc,phases      ] GC(295)   Evacuate Collection Set: 1.1ms
[249.277s][info][gc,phases      ] GC(295)   Post Evacuate Collection Set: 0.5ms
[249.277s][info][gc,phases      ] GC(295)   Other: 0.2ms
[249.277s][info][gc,heap        ] GC(295) Eden regions: 318->0(318)
[249.277s][info][gc,heap        ] GC(295) Survivor regions: 2->2(40)
[249.277s][info][gc,heap        ] GC(295) Old regions: 13->13
[249.277s][info][gc,heap        ] GC(295) Archive regions: 0->0
[249.277s][info][gc,heap        ] GC(295) Humongous regions: 0->0
[249.277s][info][gc,metaspace   ] GC(295) Metaspace: 9958K(10304K)->9958K(10304K) NonClass: 8654K(8896K)->8654K(8896K) Class: 1304K(1408K)->1304K(1408K)
[249.277s][info][gc             ] GC(295) Pause Young (Normal) (G1 Evacuation Pause) 323M->5M(534M) 2.623ms
[249.277s][info][gc,cpu         ] GC(295) User=0.00s Sys=0.00s Real=0.00s
[250.611s][info][gc,start       ] GC(296) Pause Young (Normal) (G1 Evacuation Pause)
[250.611s][info][gc,task        ] GC(296) Using 12 workers of 33 for evacuation
[250.613s][info][gc,phases      ] GC(296)   Pre Evacuate Collection Set: 0.2ms
[250.613s][info][gc,phases      ] GC(296)   Merge Heap Roots: 0.2ms
[250.613s][info][gc,phases      ] GC(296)   Evacuate Collection Set: 1.1ms
[250.613s][info][gc,phases      ] GC(296)   Post Evacuate Collection Set: 0.5ms
[250.613s][info][gc,phases      ] GC(296)   Other: 0.2ms
[250.613s][info][gc,heap        ] GC(296) Eden regions: 318->0(318)
[250.613s][info][gc,heap        ] GC(296) Survivor regions: 2->2(40)
[250.613s][info][gc,heap        ] GC(296) Old regions: 13->13
[250.613s][info][gc,heap        ] GC(296) Archive regions: 0->0
[250.613s][info][gc,heap        ] GC(296) Humongous regions: 0->0
[250.614s][info][gc,metaspace   ] GC(296) Metaspace: 9958K(10304K)->9958K(10304K) NonClass: 8654K(8896K)->8654K(8896K) Class: 1304K(1408K)->1304K(1408K)
[250.614s][info][gc             ] GC(296) Pause Young (Normal) (G1 Evacuation Pause) 323M->5M(534M) 2.602ms
[250.614s][info][gc,cpu         ] GC(296) User=0.00s Sys=0.00s Real=0.00s
[251.950s][info][gc,start       ] GC(297) Pause Young (Normal) (G1 Evacuation Pause)
[251.951s][info][gc,task        ] GC(297) Using 12 workers of 33 for evacuation
[251.952s][info][gc,phases      ] GC(297)   Pre Evacuate Collection Set: 0.2ms
[251.953s][info][gc,phases      ] GC(297)   Merge Heap Roots: 0.2ms
[251.953s][info][gc,phases      ] GC(297)   Evacuate Collection Set: 0.9ms
[251.953s][info][gc,phases      ] GC(297)   Post Evacuate Collection Set: 0.5ms
[251.953s][info][gc,phases      ] GC(297)   Other: 0.2ms
[251.953s][info][gc,heap        ] GC(297) Eden regions: 318->0(318)
[251.953s][info][gc,heap        ] GC(297) Survivor regions: 2->2(40)
[251.953s][info][gc,heap        ] GC(297) Old regions: 13->13
[251.953s][info][gc,heap        ] GC(297) Archive regions: 0->0
[251.953s][info][gc,heap        ] GC(297) Humongous regions: 0->0
[251.953s][info][gc,metaspace   ] GC(297) Metaspace: 9958K(10304K)->9958K(10304K) NonClass: 8654K(8896K)->8654K(8896K) Class: 1304K(1408K)->1304K(1408K)
[251.953s][info][gc             ] GC(297) Pause Young (Normal) (G1 Evacuation Pause) 323M->5M(534M) 2.415ms
[251.953s][info][gc,cpu         ] GC(297) User=0.00s Sys=0.00s Real=0.00s
[253.273s][info][gc,start       ] GC(298) Pause Young (Normal) (G1 Evacuation Pause)
[253.273s][info][gc,task        ] GC(298) Using 12 workers of 33 for evacuation
[253.275s][info][gc,phases      ] GC(298)   Pre Evacuate Collection Set: 0.2ms
[253.275s][info][gc,phases      ] GC(298)   Merge Heap Roots: 0.2ms
[253.275s][info][gc,phases      ] GC(298)   Evacuate Collection Set: 1.0ms
[253.275s][info][gc,phases      ] GC(298)   Post Evacuate Collection Set: 0.5ms
[253.275s][info][gc,phases      ] GC(298)   Other: 0.2ms
[253.275s][info][gc,heap        ] GC(298) Eden regions: 318->0(318)
[253.275s][info][gc,heap        ] GC(298) Survivor regions: 2->2(40)
[253.275s][info][gc,heap        ] GC(298) Old regions: 13->13
[253.275s][info][gc,heap        ] GC(298) Archive regions: 0->0
[253.275s][info][gc,heap        ] GC(298) Humongous regions: 0->0
[253.275s][info][gc,metaspace   ] GC(298) Metaspace: 9958K(10304K)->9958K(10304K) NonClass: 8654K(8896K)->8654K(8896K) Class: 1304K(1408K)->1304K(1408K)
[253.275s][info][gc             ] GC(298) Pause Young (Normal) (G1 Evacuation Pause) 323M->5M(534M) 2.448ms
[253.275s][info][gc,cpu         ] GC(298) User=0.19s Sys=0.00s Real=0.02s
[254.309s][info][gc,start       ] GC(299) Pause Full (System.gc())
[254.309s][info][gc,task        ] GC(299) Using 12 workers of 33 for full compaction
[254.309s][info][gc,phases,start] GC(299) Phase 1: Mark live objects
[254.314s][info][gc,phases      ] GC(299) Phase 1: Mark live objects 4.999ms
[254.315s][info][gc,phases,start] GC(299) Phase 2: Prepare compaction
[254.318s][info][gc,phases      ] GC(299) Phase 2: Prepare compaction 3.656ms
[254.318s][info][gc,phases,start] GC(299) Phase 3: Adjust pointers
[254.323s][info][gc,phases      ] GC(299) Phase 3: Adjust pointers 4.315ms
[254.323s][info][gc,phases,start] GC(299) Phase 4: Compact heap
[254.323s][info][gc,phases      ] GC(299) Phase 4: Compact heap 0.577ms
[254.329s][info][gc,heap        ] GC(299) Eden regions: 249->0(26)
[254.329s][info][gc,heap        ] GC(299) Survivor regions: 2->0(40)
[254.329s][info][gc,heap        ] GC(299) Old regions: 13->13
[254.329s][info][gc,heap        ] GC(299) Archive regions: 0->0
[254.329s][info][gc,heap        ] GC(299) Humongous regions: 0->0
[254.330s][info][gc,metaspace   ] GC(299) Metaspace: 9958K(10304K)->9958K(10304K) NonClass: 8654K(8896K)->8654K(8896K) Class: 1304K(1408K)->1304K(1408K)
[254.330s][info][gc             ] GC(299) Pause Full (System.gc()) 253M->3M(44M) 20.912ms
[254.330s][info][gc,cpu         ] GC(299) User=0.11s Sys=0.00s Real=0.01s
[254.436s][info][gc,start       ] GC(300) Pause Young (Normal) (G1 Evacuation Pause)
[254.437s][info][gc,task        ] GC(300) Using 7 workers of 33 for evacuation
[254.438s][info][gc,phases      ] GC(300)   Pre Evacuate Collection Set: 0.1ms
[254.438s][info][gc,phases      ] GC(300)   Merge Heap Roots: 0.1ms
[254.438s][info][gc,phases      ] GC(300)   Evacuate Collection Set: 1.3ms
[254.438s][info][gc,phases      ] GC(300)   Post Evacuate Collection Set: 0.3ms
[254.439s][info][gc,phases      ] GC(300)   Other: 0.1ms
[254.439s][info][gc,heap        ] GC(300) Eden regions: 26->0(24)
[254.439s][info][gc,heap        ] GC(300) Survivor regions: 0->2(4)
[254.439s][info][gc,heap        ] GC(300) Old regions: 13->13
[254.439s][info][gc,heap        ] GC(300) Archive regions: 0->0
[254.439s][info][gc,heap        ] GC(300) Humongous regions: 0->0
[254.439s][info][gc,metaspace   ] GC(300) Metaspace: 9958K(10304K)->9958K(10304K) NonClass: 8654K(8896K)->8654K(8896K) Class: 1304K(1408K)->1304K(1408K)
[254.439s][info][gc             ] GC(300) Pause Young (Normal) (G1 Evacuation Pause) 29M->5M(44M) 2.348ms
[254.439s][info][gc,cpu         ] GC(300) User=0.00s Sys=0.00s Real=0.00s
[254.543s][info][gc,start       ] GC(301) Pause Young (Normal) (G1 Evacuation Pause)
[254.543s][info][gc,task        ] GC(301) Using 4 workers of 33 for evacuation
[254.545s][info][gc,phases      ] GC(301)   Pre Evacuate Collection Set: 0.1ms
[254.545s][info][gc,phases      ] GC(301)   Merge Heap Roots: 0.1ms
[254.545s][info][gc,phases      ] GC(301)   Evacuate Collection Set: 1.6ms
[254.545s][info][gc,phases      ] GC(301)   Post Evacuate Collection Set: 0.2ms
[254.545s][info][gc,phases      ] GC(301)   Other: 0.1ms
[254.545s][info][gc,heap        ] GC(301) Eden regions: 24->0(24)
[254.545s][info][gc,heap        ] GC(301) Survivor regions: 2->2(4)
[254.545s][info][gc,heap        ] GC(301) Old regions: 13->13
[254.545s][info][gc,heap        ] GC(301) Archive regions: 0->0
[254.545s][info][gc,heap        ] GC(301) Humongous regions: 0->0
[254.545s][info][gc,metaspace   ] GC(301) Metaspace: 9958K(10304K)->9958K(10304K) NonClass: 8654K(8896K)->8654K(8896K) Class: 1304K(1408K)->1304K(1408K)
[254.545s][info][gc             ] GC(301) Pause Young (Normal) (G1 Evacuation Pause) 29M->5M(44M) 2.616ms
[254.545s][info][gc,cpu         ] GC(301) User=0.00s Sys=0.00s Real=0.00s
[254.643s][info][gc,start       ] GC(302) Pause Young (Normal) (G1 Evacuation Pause)
[254.643s][info][gc,task        ] GC(302) Using 3 workers of 33 for evacuation
[254.652s][info][gc,phases      ] GC(302)   Pre Evacuate Collection Set: 0.1ms
[254.652s][info][gc,phases      ] GC(302)   Merge Heap Roots: 0.1ms
[254.652s][info][gc,phases      ] GC(302)   Evacuate Collection Set: 2.3ms
[254.652s][info][gc,phases      ] GC(302)   Post Evacuate Collection Set: 6.5ms
[254.652s][info][gc,phases      ] GC(302)   Other: 0.1ms
[254.652s][info][gc,heap        ] GC(302) Eden regions: 24->0(318)
[254.652s][info][gc,heap        ] GC(302) Survivor regions: 2->2(4)
[254.652s][info][gc,heap        ] GC(302) Old regions: 13->13
[254.652s][info][gc,heap        ] GC(302) Archive regions: 0->0
[254.652s][info][gc,heap        ] GC(302) Humongous regions: 0->0
[254.652s][info][gc,metaspace   ] GC(302) Metaspace: 9958K(10304K)->9958K(10304K) NonClass: 8654K(8896K)->8654K(8896K) Class: 1304K(1408K)->1304K(1408K)
[254.652s][info][gc             ] GC(302) Pause Young (Normal) (G1 Evacuation Pause) 29M->5M(534M) 9.518ms
[254.652s][info][gc,cpu         ] GC(302) User=0.00s Sys=0.02s Real=0.02s
[256.064s][info][gc,start       ] GC(303) Pause Young (Normal) (G1 Evacuation Pause)
[256.064s][info][gc,task        ] GC(303) Using 12 workers of 33 for evacuation
[256.066s][info][gc,phases      ] GC(303)   Pre Evacuate Collection Set: 0.1ms
[256.066s][info][gc,phases      ] GC(303)   Merge Heap Roots: 0.2ms
[256.066s][info][gc,phases      ] GC(303)   Evacuate Collection Set: 1.0ms
[256.066s][info][gc,phases      ] GC(303)   Post Evacuate Collection Set: 0.4ms
[256.066s][info][gc,phases      ] GC(303)   Other: 0.1ms
[256.066s][info][gc,heap        ] GC(303) Eden regions: 318->0(318)
[256.066s][info][gc,heap        ] GC(303) Survivor regions: 2->2(40)
[256.066s][info][gc,heap        ] GC(303) Old regions: 13->13
[256.066s][info][gc,heap        ] GC(303) Archive regions: 0->0
[256.066s][info][gc,heap        ] GC(303) Humongous regions: 0->0
[256.066s][info][gc,metaspace   ] GC(303) Metaspace: 9958K(10304K)->9958K(10304K) NonClass: 8654K(8896K)->8654K(8896K) Class: 1304K(1408K)->1304K(1408K)
[256.066s][info][gc             ] GC(303) Pause Young (Normal) (G1 Evacuation Pause) 323M->5M(534M) 2.255ms
[256.066s][info][gc,cpu         ] GC(303) User=0.00s Sys=0.00s Real=0.00s
[257.392s][info][gc,start       ] GC(304) Pause Young (Normal) (G1 Evacuation Pause)
[257.393s][info][gc,task        ] GC(304) Using 12 workers of 33 for evacuation
[257.395s][info][gc,phases      ] GC(304)   Pre Evacuate Collection Set: 0.2ms
[257.395s][info][gc,phases      ] GC(304)   Merge Heap Roots: 0.2ms
[257.395s][info][gc,phases      ] GC(304)   Evacuate Collection Set: 1.2ms
[257.395s][info][gc,phases      ] GC(304)   Post Evacuate Collection Set: 0.5ms
[257.395s][info][gc,phases      ] GC(304)   Other: 0.2ms
[257.395s][info][gc,heap        ] GC(304) Eden regions: 318->0(318)
[257.395s][info][gc,heap        ] GC(304) Survivor regions: 2->2(40)
[257.395s][info][gc,heap        ] GC(304) Old regions: 13->13
[257.395s][info][gc,heap        ] GC(304) Archive regions: 0->0
[257.395s][info][gc,heap        ] GC(304) Humongous regions: 0->0
[257.395s][info][gc,metaspace   ] GC(304) Metaspace: 9958K(10304K)->9958K(10304K) NonClass: 8654K(8896K)->8654K(8896K) Class: 1304K(1408K)->1304K(1408K)
[257.395s][info][gc             ] GC(304) Pause Young (Normal) (G1 Evacuation Pause) 323M->5M(534M) 2.770ms
[257.395s][info][gc,cpu         ] GC(304) User=0.00s Sys=0.00s Real=0.00s
[258.730s][info][gc,start       ] GC(305) Pause Young (Normal) (G1 Evacuation Pause)
[258.730s][info][gc,task        ] GC(305) Using 12 workers of 33 for evacuation
[258.732s][info][gc,phases      ] GC(305)   Pre Evacuate Collection Set: 0.2ms
[258.732s][info][gc,phases      ] GC(305)   Merge Heap Roots: 0.2ms
[258.732s][info][gc,phases      ] GC(305)   Evacuate Collection Set: 0.9ms
[258.732s][info][gc,phases      ] GC(305)   Post Evacuate Collection Set: 0.5ms
[258.732s][info][gc,phases      ] GC(305)   Other: 0.2ms
[258.732s][info][gc,heap        ] GC(305) Eden regions: 318->0(318)
[258.732s][info][gc,heap        ] GC(305) Survivor regions: 2->2(40)
[258.732s][info][gc,heap        ] GC(305) Old regions: 13->13
[258.732s][info][gc,heap        ] GC(305) Archive regions: 0->0
[258.732s][info][gc,heap        ] GC(305) Humongous regions: 0->0
[258.732s][info][gc,metaspace   ] GC(305) Metaspace: 9958K(10304K)->9958K(10304K) NonClass: 8654K(8896K)->8654K(8896K) Class: 1304K(1408K)->1304K(1408K)
[258.732s][info][gc             ] GC(305) Pause Young (Normal) (G1 Evacuation Pause) 323M->5M(534M) 2.342ms
[258.733s][info][gc,cpu         ] GC(305) User=0.00s Sys=0.00s Real=0.00s
[260.093s][info][gc,start       ] GC(306) Pause Young (Normal) (G1 Evacuation Pause)
[260.093s][info][gc,task        ] GC(306) Using 12 workers of 33 for evacuation
[260.095s][info][gc,phases      ] GC(306)   Pre Evacuate Collection Set: 0.2ms
[260.095s][info][gc,phases      ] GC(306)   Merge Heap Roots: 0.2ms
[260.095s][info][gc,phases      ] GC(306)   Evacuate Collection Set: 0.9ms
[260.095s][info][gc,phases      ] GC(306)   Post Evacuate Collection Set: 0.5ms
[260.095s][info][gc,phases      ] GC(306)   Other: 0.2ms
[260.095s][info][gc,heap        ] GC(306) Eden regions: 318->0(318)
[260.095s][info][gc,heap        ] GC(306) Survivor regions: 2->2(40)
[260.095s][info][gc,heap        ] GC(306) Old regions: 13->13
[260.095s][info][gc,heap        ] GC(306) Archive regions: 0->0
[260.095s][info][gc,heap        ] GC(306) Humongous regions: 0->0
[260.095s][info][gc,metaspace   ] GC(306) Metaspace: 9958K(10304K)->9958K(10304K) NonClass: 8654K(8896K)->8654K(8896K) Class: 1304K(1408K)->1304K(1408K)
[260.095s][info][gc             ] GC(306) Pause Young (Normal) (G1 Evacuation Pause) 323M->5M(534M) 2.379ms
[260.095s][info][gc,cpu         ] GC(306) User=0.00s Sys=0.00s Real=0.00s
[261.146s][info][gc,start       ] GC(307) Pause Full (System.gc())
[261.146s][info][gc,task        ] GC(307) Using 12 workers of 33 for full compaction
[261.146s][info][gc,phases,start] GC(307) Phase 1: Mark live objects
[261.151s][info][gc,phases      ] GC(307) Phase 1: Mark live objects 4.718ms
[261.151s][info][gc,phases,start] GC(307) Phase 2: Prepare compaction
[261.155s][info][gc,phases      ] GC(307) Phase 2: Prepare compaction 3.777ms
[261.155s][info][gc,phases,start] GC(307) Phase 3: Adjust pointers
[261.159s][info][gc,phases      ] GC(307) Phase 3: Adjust pointers 3.962ms
[261.159s][info][gc,phases,start] GC(307) Phase 4: Compact heap
[261.160s][info][gc,phases      ] GC(307) Phase 4: Compact heap 0.584ms
[261.166s][info][gc,heap        ] GC(307) Eden regions: 253->0(26)
[261.166s][info][gc,heap        ] GC(307) Survivor regions: 2->0(40)
[261.166s][info][gc,heap        ] GC(307) Old regions: 13->13
[261.166s][info][gc,heap        ] GC(307) Archive regions: 0->0
[261.166s][info][gc,heap        ] GC(307) Humongous regions: 0->0
[261.166s][info][gc,metaspace   ] GC(307) Metaspace: 9958K(10304K)->9958K(10304K) NonClass: 8654K(8896K)->8654K(8896K) Class: 1304K(1408K)->1304K(1408K)
[261.166s][info][gc             ] GC(307) Pause Full (System.gc()) 257M->3M(44M) 20.375ms
[261.166s][info][gc,cpu         ] GC(307) User=0.00s Sys=0.14s Real=0.02s
[261.261s][info][gc,start       ] GC(308) Pause Young (Normal) (G1 Evacuation Pause)
[261.261s][info][gc,task        ] GC(308) Using 7 workers of 33 for evacuation
[261.263s][info][gc,phases      ] GC(308)   Pre Evacuate Collection Set: 0.1ms
[261.263s][info][gc,phases      ] GC(308)   Merge Heap Roots: 0.1ms
[261.263s][info][gc,phases      ] GC(308)   Evacuate Collection Set: 1.3ms
[261.263s][info][gc,phases      ] GC(308)   Post Evacuate Collection Set: 0.3ms
[261.263s][info][gc,phases      ] GC(308)   Other: 0.1ms
[261.263s][info][gc,heap        ] GC(308) Eden regions: 26->0(24)
[261.263s][info][gc,heap        ] GC(308) Survivor regions: 0->2(4)
[261.263s][info][gc,heap        ] GC(308) Old regions: 13->13
[261.263s][info][gc,heap        ] GC(308) Archive regions: 0->0
[261.263s][info][gc,heap        ] GC(308) Humongous regions: 0->0
[261.263s][info][gc,metaspace   ] GC(308) Metaspace: 9958K(10304K)->9958K(10304K) NonClass: 8654K(8896K)->8654K(8896K) Class: 1304K(1408K)->1304K(1408K)
[261.263s][info][gc             ] GC(308) Pause Young (Normal) (G1 Evacuation Pause) 29M->5M(44M) 2.359ms
[261.263s][info][gc,cpu         ] GC(308) User=0.00s Sys=0.00s Real=0.00s
[261.365s][info][gc,start       ] GC(309) Pause Young (Normal) (G1 Evacuation Pause)
[261.365s][info][gc,task        ] GC(309) Using 4 workers of 33 for evacuation
[261.367s][info][gc,phases      ] GC(309)   Pre Evacuate Collection Set: 0.1ms
[261.367s][info][gc,phases      ] GC(309)   Merge Heap Roots: 0.1ms
[261.367s][info][gc,phases      ] GC(309)   Evacuate Collection Set: 1.7ms
[261.367s][info][gc,phases      ] GC(309)   Post Evacuate Collection Set: 0.2ms
[261.367s][info][gc,phases      ] GC(309)   Other: 0.1ms
[261.367s][info][gc,heap        ] GC(309) Eden regions: 24->0(24)
[261.368s][info][gc,heap        ] GC(309) Survivor regions: 2->2(4)
[261.368s][info][gc,heap        ] GC(309) Old regions: 13->13
[261.368s][info][gc,heap        ] GC(309) Archive regions: 0->0
[261.368s][info][gc,heap        ] GC(309) Humongous regions: 0->0
[261.368s][info][gc,metaspace   ] GC(309) Metaspace: 9958K(10304K)->9958K(10304K) NonClass: 8654K(8896K)->8654K(8896K) Class: 1304K(1408K)->1304K(1408K)
[261.368s][info][gc             ] GC(309) Pause Young (Normal) (G1 Evacuation Pause) 29M->5M(44M) 2.693ms
[261.368s][info][gc,cpu         ] GC(309) User=0.00s Sys=0.00s Real=0.00s
[261.461s][info][gc,start       ] GC(310) Pause Young (Normal) (G1 Evacuation Pause)
[261.461s][info][gc,task        ] GC(310) Using 3 workers of 33 for evacuation
[261.469s][info][gc,phases      ] GC(310)   Pre Evacuate Collection Set: 0.1ms
[261.469s][info][gc,phases      ] GC(310)   Merge Heap Roots: 0.1ms
[261.469s][info][gc,phases      ] GC(310)   Evacuate Collection Set: 1.9ms
[261.469s][info][gc,phases      ] GC(310)   Post Evacuate Collection Set: 6.4ms
[261.470s][info][gc,phases      ] GC(310)   Other: 0.1ms
[261.470s][info][gc,heap        ] GC(310) Eden regions: 24->0(318)
[261.470s][info][gc,heap        ] GC(310) Survivor regions: 2->2(4)
[261.470s][info][gc,heap        ] GC(310) Old regions: 13->13
[261.470s][info][gc,heap        ] GC(310) Archive regions: 0->0
[261.470s][info][gc,heap        ] GC(310) Humongous regions: 0->0
[261.470s][info][gc,metaspace   ] GC(310) Metaspace: 9958K(10304K)->9958K(10304K) NonClass: 8654K(8896K)->8654K(8896K) Class: 1304K(1408K)->1304K(1408K)
[261.470s][info][gc             ] GC(310) Pause Young (Normal) (G1 Evacuation Pause) 29M->5M(534M) 9.074ms
[261.470s][info][gc,cpu         ] GC(310) User=0.00s Sys=0.02s Real=0.01s
[262.896s][info][gc,start       ] GC(311) Pause Young (Normal) (G1 Evacuation Pause)
[262.896s][info][gc,task        ] GC(311) Using 12 workers of 33 for evacuation
[262.898s][info][gc,phases      ] GC(311)   Pre Evacuate Collection Set: 0.2ms
[262.898s][info][gc,phases      ] GC(311)   Merge Heap Roots: 0.2ms
[262.898s][info][gc,phases      ] GC(311)   Evacuate Collection Set: 1.1ms
[262.898s][info][gc,phases      ] GC(311)   Post Evacuate Collection Set: 0.5ms
[262.898s][info][gc,phases      ] GC(311)   Other: 0.2ms
[262.898s][info][gc,heap        ] GC(311) Eden regions: 318->0(318)
[262.898s][info][gc,heap        ] GC(311) Survivor regions: 2->2(40)
[262.898s][info][gc,heap        ] GC(311) Old regions: 13->13
[262.898s][info][gc,heap        ] GC(311) Archive regions: 0->0
[262.898s][info][gc,heap        ] GC(311) Humongous regions: 0->0
[262.898s][info][gc,metaspace   ] GC(311) Metaspace: 9958K(10304K)->9958K(10304K) NonClass: 8654K(8896K)->8654K(8896K) Class: 1304K(1408K)->1304K(1408K)
[262.898s][info][gc             ] GC(311) Pause Young (Normal) (G1 Evacuation Pause) 323M->5M(534M) 2.588ms
[262.898s][info][gc,cpu         ] GC(311) User=0.00s Sys=0.00s Real=0.00s
[264.242s][info][gc,start       ] GC(312) Pause Young (Normal) (G1 Evacuation Pause)
[264.242s][info][gc,task        ] GC(312) Using 12 workers of 33 for evacuation
[264.244s][info][gc,phases      ] GC(312)   Pre Evacuate Collection Set: 0.2ms
[264.244s][info][gc,phases      ] GC(312)   Merge Heap Roots: 0.2ms
[264.244s][info][gc,phases      ] GC(312)   Evacuate Collection Set: 1.3ms
[264.244s][info][gc,phases      ] GC(312)   Post Evacuate Collection Set: 0.5ms
[264.244s][info][gc,phases      ] GC(312)   Other: 0.2ms
[264.244s][info][gc,heap        ] GC(312) Eden regions: 318->0(318)
[264.244s][info][gc,heap        ] GC(312) Survivor regions: 2->2(40)
[264.244s][info][gc,heap        ] GC(312) Old regions: 13->13
[264.244s][info][gc,heap        ] GC(312) Archive regions: 0->0
[264.244s][info][gc,heap        ] GC(312) Humongous regions: 0->0
[264.244s][info][gc,metaspace   ] GC(312) Metaspace: 9958K(10304K)->9958K(10304K) NonClass: 8654K(8896K)->8654K(8896K) Class: 1304K(1408K)->1304K(1408K)
[264.244s][info][gc             ] GC(312) Pause Young (Normal) (G1 Evacuation Pause) 323M->5M(534M) 2.782ms
[264.245s][info][gc,cpu         ] GC(312) User=0.00s Sys=0.00s Real=0.00s
[265.563s][info][gc,start       ] GC(313) Pause Young (Normal) (G1 Evacuation Pause)
[265.563s][info][gc,task        ] GC(313) Using 12 workers of 33 for evacuation
[265.565s][info][gc,phases      ] GC(313)   Pre Evacuate Collection Set: 0.2ms
[265.565s][info][gc,phases      ] GC(313)   Merge Heap Roots: 0.2ms
[265.565s][info][gc,phases      ] GC(313)   Evacuate Collection Set: 0.9ms
[265.565s][info][gc,phases      ] GC(313)   Post Evacuate Collection Set: 0.5ms
[265.565s][info][gc,phases      ] GC(313)   Other: 0.2ms
[265.565s][info][gc,heap        ] GC(313) Eden regions: 318->0(318)
[265.565s][info][gc,heap        ] GC(313) Survivor regions: 2->2(40)
[265.565s][info][gc,heap        ] GC(313) Old regions: 13->13
[265.565s][info][gc,heap        ] GC(313) Archive regions: 0->0
[265.565s][info][gc,heap        ] GC(313) Humongous regions: 0->0
[265.565s][info][gc,metaspace   ] GC(313) Metaspace: 9958K(10304K)->9958K(10304K) NonClass: 8654K(8896K)->8654K(8896K) Class: 1304K(1408K)->1304K(1408K)
[265.565s][info][gc             ] GC(313) Pause Young (Normal) (G1 Evacuation Pause) 323M->5M(534M) 2.425ms
[265.565s][info][gc,cpu         ] GC(313) User=0.19s Sys=0.00s Real=0.02s
[266.906s][info][gc,start       ] GC(314) Pause Young (Normal) (G1 Evacuation Pause)
[266.906s][info][gc,task        ] GC(314) Using 12 workers of 33 for evacuation
[266.908s][info][gc,phases      ] GC(314)   Pre Evacuate Collection Set: 0.1ms
[266.908s][info][gc,phases      ] GC(314)   Merge Heap Roots: 0.2ms
[266.908s][info][gc,phases      ] GC(314)   Evacuate Collection Set: 0.9ms
[266.908s][info][gc,phases      ] GC(314)   Post Evacuate Collection Set: 0.5ms
[266.908s][info][gc,phases      ] GC(314)   Other: 0.2ms
[266.908s][info][gc,heap        ] GC(314) Eden regions: 318->0(318)
[266.908s][info][gc,heap        ] GC(314) Survivor regions: 2->2(40)
[266.908s][info][gc,heap        ] GC(314) Old regions: 13->13
[266.908s][info][gc,heap        ] GC(314) Archive regions: 0->0
[266.908s][info][gc,heap        ] GC(314) Humongous regions: 0->0
[266.908s][info][gc,metaspace   ] GC(314) Metaspace: 9958K(10304K)->9958K(10304K) NonClass: 8654K(8896K)->8654K(8896K) Class: 1304K(1408K)->1304K(1408K)
[266.908s][info][gc             ] GC(314) Pause Young (Normal) (G1 Evacuation Pause) 323M->5M(534M) 2.433ms
[266.908s][info][gc,cpu         ] GC(314) User=0.19s Sys=0.00s Real=0.02s
[267.999s][info][gc,start       ] GC(315) Pause Full (System.gc())
[267.999s][info][gc,task        ] GC(315) Using 12 workers of 33 for full compaction
[268.000s][info][gc,phases,start] GC(315) Phase 1: Mark live objects
[268.005s][info][gc,phases      ] GC(315) Phase 1: Mark live objects 4.779ms
[268.005s][info][gc,phases,start] GC(315) Phase 2: Prepare compaction
[268.008s][info][gc,phases      ] GC(315) Phase 2: Prepare compaction 3.522ms
[268.008s][info][gc,phases,start] GC(315) Phase 3: Adjust pointers
[268.012s][info][gc,phases      ] GC(315) Phase 3: Adjust pointers 3.942ms
[268.012s][info][gc,phases,start] GC(315) Phase 4: Compact heap
[268.013s][info][gc,phases      ] GC(315) Phase 4: Compact heap 0.482ms
[268.019s][info][gc,heap        ] GC(315) Eden regions: 258->0(26)
[268.019s][info][gc,heap        ] GC(315) Survivor regions: 2->0(40)
[268.019s][info][gc,heap        ] GC(315) Old regions: 13->13
[268.019s][info][gc,heap        ] GC(315) Archive regions: 0->0
[268.019s][info][gc,heap        ] GC(315) Humongous regions: 0->0
[268.019s][info][gc,metaspace   ] GC(315) Metaspace: 9958K(10304K)->9958K(10304K) NonClass: 8654K(8896K)->8654K(8896K) Class: 1304K(1408K)->1304K(1408K)
[268.019s][info][gc             ] GC(315) Pause Full (System.gc()) 262M->3M(44M) 20.069ms
[268.019s][info][gc,cpu         ] GC(315) User=0.19s Sys=0.02s Real=0.03s
[268.114s][info][gc,start       ] GC(316) Pause Young (Normal) (G1 Evacuation Pause)
[268.114s][info][gc,task        ] GC(316) Using 7 workers of 33 for evacuation
[268.116s][info][gc,phases      ] GC(316)   Pre Evacuate Collection Set: 0.1ms
[268.116s][info][gc,phases      ] GC(316)   Merge Heap Roots: 0.1ms
[268.116s][info][gc,phases      ] GC(316)   Evacuate Collection Set: 1.2ms
[268.116s][info][gc,phases      ] GC(316)   Post Evacuate Collection Set: 0.3ms
[268.116s][info][gc,phases      ] GC(316)   Other: 0.1ms
[268.116s][info][gc,heap        ] GC(316) Eden regions: 26->0(24)
[268.116s][info][gc,heap        ] GC(316) Survivor regions: 0->2(4)
[268.116s][info][gc,heap        ] GC(316) Old regions: 13->13
[268.116s][info][gc,heap        ] GC(316) Archive regions: 0->0
[268.116s][info][gc,heap        ] GC(316) Humongous regions: 0->0
[268.116s][info][gc,metaspace   ] GC(316) Metaspace: 9958K(10304K)->9958K(10304K) NonClass: 8654K(8896K)->8654K(8896K) Class: 1304K(1408K)->1304K(1408K)
[268.116s][info][gc             ] GC(316) Pause Young (Normal) (G1 Evacuation Pause) 29M->5M(44M) 2.237ms
[268.116s][info][gc,cpu         ] GC(316) User=0.00s Sys=0.00s Real=0.00s
[268.237s][info][gc,start       ] GC(317) Pause Young (Normal) (G1 Evacuation Pause)
[268.237s][info][gc,task        ] GC(317) Using 4 workers of 33 for evacuation
[268.239s][info][gc,phases      ] GC(317)   Pre Evacuate Collection Set: 0.1ms
[268.239s][info][gc,phases      ] GC(317)   Merge Heap Roots: 0.1ms
[268.239s][info][gc,phases      ] GC(317)   Evacuate Collection Set: 1.9ms
[268.239s][info][gc,phases      ] GC(317)   Post Evacuate Collection Set: 0.2ms
[268.239s][info][gc,phases      ] GC(317)   Other: 0.1ms
[268.239s][info][gc,heap        ] GC(317) Eden regions: 24->0(24)
[268.239s][info][gc,heap        ] GC(317) Survivor regions: 2->2(4)
[268.239s][info][gc,heap        ] GC(317) Old regions: 13->13
[268.239s][info][gc,heap        ] GC(317) Archive regions: 0->0
[268.239s][info][gc,heap        ] GC(317) Humongous regions: 0->0
[268.239s][info][gc,metaspace   ] GC(317) Metaspace: 9958K(10304K)->9958K(10304K) NonClass: 8654K(8896K)->8654K(8896K) Class: 1304K(1408K)->1304K(1408K)
[268.240s][info][gc             ] GC(317) Pause Young (Normal) (G1 Evacuation Pause) 29M->5M(44M) 2.872ms
[268.240s][info][gc,cpu         ] GC(317) User=0.00s Sys=0.00s Real=0.00s
[268.338s][info][gc,start       ] GC(318) Pause Young (Normal) (G1 Evacuation Pause)
[268.338s][info][gc,task        ] GC(318) Using 3 workers of 33 for evacuation
[268.347s][info][gc,phases      ] GC(318)   Pre Evacuate Collection Set: 0.1ms
[268.347s][info][gc,phases      ] GC(318)   Merge Heap Roots: 0.1ms
[268.347s][info][gc,phases      ] GC(318)   Evacuate Collection Set: 2.4ms
[268.347s][info][gc,phases      ] GC(318)   Post Evacuate Collection Set: 6.4ms
[268.347s][info][gc,phases      ] GC(318)   Other: 0.1ms
[268.347s][info][gc,heap        ] GC(318) Eden regions: 24->0(318)
[268.347s][info][gc,heap        ] GC(318) Survivor regions: 2->2(4)
[268.347s][info][gc,heap        ] GC(318) Old regions: 13->13
[268.347s][info][gc,heap        ] GC(318) Archive regions: 0->0
[268.347s][info][gc,heap        ] GC(318) Humongous regions: 0->0
[268.347s][info][gc,metaspace   ] GC(318) Metaspace: 9958K(10304K)->9958K(10304K) NonClass: 8654K(8896K)->8654K(8896K) Class: 1304K(1408K)->1304K(1408K)
[268.347s][info][gc             ] GC(318) Pause Young (Normal) (G1 Evacuation Pause) 29M->5M(534M) 9.607ms
[268.347s][info][gc,cpu         ] GC(318) User=0.00s Sys=0.02s Real=0.02s
[269.756s][info][gc,start       ] GC(319) Pause Young (Normal) (G1 Evacuation Pause)
[269.757s][info][gc,task        ] GC(319) Using 12 workers of 33 for evacuation
[269.759s][info][gc,phases      ] GC(319)   Pre Evacuate Collection Set: 0.2ms
[269.759s][info][gc,phases      ] GC(319)   Merge Heap Roots: 0.2ms
[269.759s][info][gc,phases      ] GC(319)   Evacuate Collection Set: 1.1ms
[269.759s][info][gc,phases      ] GC(319)   Post Evacuate Collection Set: 0.5ms
[269.759s][info][gc,phases      ] GC(319)   Other: 0.2ms
[269.759s][info][gc,heap        ] GC(319) Eden regions: 318->0(318)
[269.759s][info][gc,heap        ] GC(319) Survivor regions: 2->2(40)
[269.759s][info][gc,heap        ] GC(319) Old regions: 13->13
[269.759s][info][gc,heap        ] GC(319) Archive regions: 0->0
[269.759s][info][gc,heap        ] GC(319) Humongous regions: 0->0
[269.759s][info][gc,metaspace   ] GC(319) Metaspace: 9958K(10304K)->9958K(10304K) NonClass: 8654K(8896K)->8654K(8896K) Class: 1304K(1408K)->1304K(1408K)
[269.759s][info][gc             ] GC(319) Pause Young (Normal) (G1 Evacuation Pause) 323M->5M(534M) 2.565ms
[269.759s][info][gc,cpu         ] GC(319) User=0.00s Sys=0.00s Real=0.00s
[271.101s][info][gc,start       ] GC(320) Pause Young (Normal) (G1 Evacuation Pause)
[271.101s][info][gc,task        ] GC(320) Using 12 workers of 33 for evacuation
[271.103s][info][gc,phases      ] GC(320)   Pre Evacuate Collection Set: 0.2ms
[271.103s][info][gc,phases      ] GC(320)   Merge Heap Roots: 0.2ms
[271.103s][info][gc,phases      ] GC(320)   Evacuate Collection Set: 1.1ms
[271.103s][info][gc,phases      ] GC(320)   Post Evacuate Collection Set: 0.5ms
[271.103s][info][gc,phases      ] GC(320)   Other: 0.2ms
[271.103s][info][gc,heap        ] GC(320) Eden regions: 318->0(318)
[271.103s][info][gc,heap        ] GC(320) Survivor regions: 2->2(40)
[271.103s][info][gc,heap        ] GC(320) Old regions: 13->13
[271.103s][info][gc,heap        ] GC(320) Archive regions: 0->0
[271.103s][info][gc,heap        ] GC(320) Humongous regions: 0->0
[271.103s][info][gc,metaspace   ] GC(320) Metaspace: 9958K(10304K)->9958K(10304K) NonClass: 8654K(8896K)->8654K(8896K) Class: 1304K(1408K)->1304K(1408K)
[271.103s][info][gc             ] GC(320) Pause Young (Normal) (G1 Evacuation Pause) 323M->5M(534M) 2.608ms
[271.103s][info][gc,cpu         ] GC(320) User=0.00s Sys=0.00s Real=0.00s
[272.464s][info][gc,start       ] GC(321) Pause Young (Normal) (G1 Evacuation Pause)
[272.464s][info][gc,task        ] GC(321) Using 12 workers of 33 for evacuation
[272.466s][info][gc,phases      ] GC(321)   Pre Evacuate Collection Set: 0.2ms
[272.466s][info][gc,phases      ] GC(321)   Merge Heap Roots: 0.2ms
[272.466s][info][gc,phases      ] GC(321)   Evacuate Collection Set: 0.9ms
[272.466s][info][gc,phases      ] GC(321)   Post Evacuate Collection Set: 0.4ms
[272.466s][info][gc,phases      ] GC(321)   Other: 0.2ms
[272.466s][info][gc,heap        ] GC(321) Eden regions: 318->0(318)
[272.466s][info][gc,heap        ] GC(321) Survivor regions: 2->2(40)
[272.466s][info][gc,heap        ] GC(321) Old regions: 13->13
[272.466s][info][gc,heap        ] GC(321) Archive regions: 0->0
[272.466s][info][gc,heap        ] GC(321) Humongous regions: 0->0
[272.466s][info][gc,metaspace   ] GC(321) Metaspace: 9958K(10304K)->9958K(10304K) NonClass: 8654K(8896K)->8654K(8896K) Class: 1304K(1408K)->1304K(1408K)
[272.466s][info][gc             ] GC(321) Pause Young (Normal) (G1 Evacuation Pause) 323M->5M(534M) 2.321ms
[272.466s][info][gc,cpu         ] GC(321) User=0.00s Sys=0.00s Real=0.00s
[273.804s][info][gc,start       ] GC(322) Pause Young (Normal) (G1 Evacuation Pause)
[273.804s][info][gc,task        ] GC(322) Using 12 workers of 33 for evacuation
[273.806s][info][gc,phases      ] GC(322)   Pre Evacuate Collection Set: 0.2ms
[273.806s][info][gc,phases      ] GC(322)   Merge Heap Roots: 0.2ms
[273.806s][info][gc,phases      ] GC(322)   Evacuate Collection Set: 0.9ms
[273.806s][info][gc,phases      ] GC(322)   Post Evacuate Collection Set: 0.5ms
[273.806s][info][gc,phases      ] GC(322)   Other: 0.2ms
[273.806s][info][gc,heap        ] GC(322) Eden regions: 318->0(318)
[273.806s][info][gc,heap        ] GC(322) Survivor regions: 2->2(40)
[273.806s][info][gc,heap        ] GC(322) Old regions: 13->13
[273.806s][info][gc,heap        ] GC(322) Archive regions: 0->0
[273.806s][info][gc,heap        ] GC(322) Humongous regions: 0->0
[273.806s][info][gc,metaspace   ] GC(322) Metaspace: 9958K(10304K)->9958K(10304K) NonClass: 8654K(8896K)->8654K(8896K) Class: 1304K(1408K)->1304K(1408K)
[273.806s][info][gc             ] GC(322) Pause Young (Normal) (G1 Evacuation Pause) 323M->5M(534M) 2.331ms
[273.806s][info][gc,cpu         ] GC(322) User=0.00s Sys=0.00s Real=0.00s
[274.883s][info][gc,start       ] GC(323) Pause Full (System.gc())
[274.883s][info][gc,task        ] GC(323) Using 12 workers of 33 for full compaction
[274.884s][info][gc,phases,start] GC(323) Phase 1: Mark live objects
[274.888s][info][gc,phases      ] GC(323) Phase 1: Mark live objects 4.731ms
[274.888s][info][gc,phases,start] GC(323) Phase 2: Prepare compaction
[274.892s][info][gc,phases      ] GC(323) Phase 2: Prepare compaction 4.031ms
[274.893s][info][gc,phases,start] GC(323) Phase 3: Adjust pointers
[274.897s][info][gc,phases      ] GC(323) Phase 3: Adjust pointers 3.962ms
[274.897s][info][gc,phases,start] GC(323) Phase 4: Compact heap
[274.897s][info][gc,phases      ] GC(323) Phase 4: Compact heap 0.659ms
[274.903s][info][gc,heap        ] GC(323) Eden regions: 256->0(26)
[274.904s][info][gc,heap        ] GC(323) Survivor regions: 2->0(40)
[274.904s][info][gc,heap        ] GC(323) Old regions: 13->13
[274.904s][info][gc,heap        ] GC(323) Archive regions: 0->0
[274.904s][info][gc,heap        ] GC(323) Humongous regions: 0->0
[274.904s][info][gc,metaspace   ] GC(323) Metaspace: 9958K(10304K)->9958K(10304K) NonClass: 8654K(8896K)->8654K(8896K) Class: 1304K(1408K)->1304K(1408K)
[274.904s][info][gc             ] GC(323) Pause Full (System.gc()) 261M->3M(44M) 20.878ms
[274.904s][info][gc,cpu         ] GC(323) User=0.20s Sys=0.00s Real=0.03s
[275.002s][info][gc,start       ] GC(324) Pause Young (Normal) (G1 Evacuation Pause)
[275.002s][info][gc,task        ] GC(324) Using 7 workers of 33 for evacuation
[275.004s][info][gc,phases      ] GC(324)   Pre Evacuate Collection Set: 0.1ms
[275.004s][info][gc,phases      ] GC(324)   Merge Heap Roots: 0.1ms
[275.004s][info][gc,phases      ] GC(324)   Evacuate Collection Set: 1.2ms
[275.004s][info][gc,phases      ] GC(324)   Post Evacuate Collection Set: 0.3ms
[275.004s][info][gc,phases      ] GC(324)   Other: 0.1ms
[275.004s][info][gc,heap        ] GC(324) Eden regions: 26->0(24)
[275.004s][info][gc,heap        ] GC(324) Survivor regions: 0->2(4)
[275.004s][info][gc,heap        ] GC(324) Old regions: 13->13
[275.004s][info][gc,heap        ] GC(324) Archive regions: 0->0
[275.004s][info][gc,heap        ] GC(324) Humongous regions: 0->0
[275.004s][info][gc,metaspace   ] GC(324) Metaspace: 9958K(10304K)->9958K(10304K) NonClass: 8654K(8896K)->8654K(8896K) Class: 1304K(1408K)->1304K(1408K)
[275.004s][info][gc             ] GC(324) Pause Young (Normal) (G1 Evacuation Pause) 29M->5M(44M) 2.263ms
[275.004s][info][gc,cpu         ] GC(324) User=0.00s Sys=0.00s Real=0.00s
[275.102s][info][gc,start       ] GC(325) Pause Young (Normal) (G1 Evacuation Pause)
[275.102s][info][gc,task        ] GC(325) Using 4 workers of 33 for evacuation
[275.104s][info][gc,phases      ] GC(325)   Pre Evacuate Collection Set: 0.1ms
[275.104s][info][gc,phases      ] GC(325)   Merge Heap Roots: 0.1ms
[275.104s][info][gc,phases      ] GC(325)   Evacuate Collection Set: 1.8ms
[275.104s][info][gc,phases      ] GC(325)   Post Evacuate Collection Set: 0.2ms
[275.104s][info][gc,phases      ] GC(325)   Other: 0.1ms
[275.104s][info][gc,heap        ] GC(325) Eden regions: 24->0(24)
[275.104s][info][gc,heap        ] GC(325) Survivor regions: 2->2(4)
[275.104s][info][gc,heap        ] GC(325) Old regions: 13->13
[275.104s][info][gc,heap        ] GC(325) Archive regions: 0->0
[275.105s][info][gc,heap        ] GC(325) Humongous regions: 0->0
[275.105s][info][gc,metaspace   ] GC(325) Metaspace: 9958K(10304K)->9958K(10304K) NonClass: 8654K(8896K)->8654K(8896K) Class: 1304K(1408K)->1304K(1408K)
[275.105s][info][gc             ] GC(325) Pause Young (Normal) (G1 Evacuation Pause) 29M->5M(44M) 2.857ms
[275.105s][info][gc,cpu         ] GC(325) User=0.00s Sys=0.02s Real=0.02s
[275.198s][info][gc,start       ] GC(326) Pause Young (Normal) (G1 Evacuation Pause)
[275.198s][info][gc,task        ] GC(326) Using 3 workers of 33 for evacuation
[275.207s][info][gc,phases      ] GC(326)   Pre Evacuate Collection Set: 0.1ms
[275.207s][info][gc,phases      ] GC(326)   Merge Heap Roots: 0.1ms
[275.207s][info][gc,phases      ] GC(326)   Evacuate Collection Set: 2.3ms
[275.207s][info][gc,phases      ] GC(326)   Post Evacuate Collection Set: 6.4ms
[275.207s][info][gc,phases      ] GC(326)   Other: 0.1ms
[275.207s][info][gc,heap        ] GC(326) Eden regions: 24->0(318)
[275.207s][info][gc,heap        ] GC(326) Survivor regions: 2->2(4)
[275.207s][info][gc,heap        ] GC(326) Old regions: 13->13
[275.207s][info][gc,heap        ] GC(326) Archive regions: 0->0
[275.207s][info][gc,heap        ] GC(326) Humongous regions: 0->0
[275.207s][info][gc,metaspace   ] GC(326) Metaspace: 9958K(10304K)->9958K(10304K) NonClass: 8654K(8896K)->8654K(8896K) Class: 1304K(1408K)->1304K(1408K)
[275.207s][info][gc             ] GC(326) Pause Young (Normal) (G1 Evacuation Pause) 29M->5M(534M) 9.428ms
[275.207s][info][gc,cpu         ] GC(326) User=0.02s Sys=0.00s Real=0.02s
[276.617s][info][gc,start       ] GC(327) Pause Young (Normal) (G1 Evacuation Pause)
[276.617s][info][gc,task        ] GC(327) Using 12 workers of 33 for evacuation
[276.619s][info][gc,phases      ] GC(327)   Pre Evacuate Collection Set: 0.2ms
[276.619s][info][gc,phases      ] GC(327)   Merge Heap Roots: 0.2ms
[276.619s][info][gc,phases      ] GC(327)   Evacuate Collection Set: 1.1ms
[276.619s][info][gc,phases      ] GC(327)   Post Evacuate Collection Set: 0.5ms
[276.619s][info][gc,phases      ] GC(327)   Other: 0.2ms
[276.619s][info][gc,heap        ] GC(327) Eden regions: 318->0(318)
[276.619s][info][gc,heap        ] GC(327) Survivor regions: 2->2(40)
[276.619s][info][gc,heap        ] GC(327) Old regions: 13->13
[276.619s][info][gc,heap        ] GC(327) Archive regions: 0->0
[276.619s][info][gc,heap        ] GC(327) Humongous regions: 0->0
[276.619s][info][gc,metaspace   ] GC(327) Metaspace: 9958K(10304K)->9958K(10304K) NonClass: 8654K(8896K)->8654K(8896K) Class: 1304K(1408K)->1304K(1408K)
[276.619s][info][gc             ] GC(327) Pause Young (Normal) (G1 Evacuation Pause) 323M->5M(534M) 2.579ms
[276.619s][info][gc,cpu         ] GC(327) User=0.00s Sys=0.00s Real=0.00s
[277.944s][info][gc,start       ] GC(328) Pause Young (Normal) (G1 Evacuation Pause)
[277.945s][info][gc,task        ] GC(328) Using 12 workers of 33 for evacuation
[277.947s][info][gc,phases      ] GC(328)   Pre Evacuate Collection Set: 0.2ms
[277.947s][info][gc,phases      ] GC(328)   Merge Heap Roots: 0.2ms
[277.947s][info][gc,phases      ] GC(328)   Evacuate Collection Set: 1.1ms
[277.947s][info][gc,phases      ] GC(328)   Post Evacuate Collection Set: 0.5ms
[277.947s][info][gc,phases      ] GC(328)   Other: 0.2ms
[277.947s][info][gc,heap        ] GC(328) Eden regions: 318->0(318)
[277.947s][info][gc,heap        ] GC(328) Survivor regions: 2->2(40)
[277.947s][info][gc,heap        ] GC(328) Old regions: 13->13
[277.947s][info][gc,heap        ] GC(328) Archive regions: 0->0
[277.947s][info][gc,heap        ] GC(328) Humongous regions: 0->0
[277.947s][info][gc,metaspace   ] GC(328) Metaspace: 9958K(10304K)->9958K(10304K) NonClass: 8654K(8896K)->8654K(8896K) Class: 1304K(1408K)->1304K(1408K)
[277.947s][info][gc             ] GC(328) Pause Young (Normal) (G1 Evacuation Pause) 323M->5M(534M) 2.609ms
[277.947s][info][gc,cpu         ] GC(328) User=0.00s Sys=0.00s Real=0.00s
[279.269s][info][gc,start       ] GC(329) Pause Young (Normal) (G1 Evacuation Pause)
[279.269s][info][gc,task        ] GC(329) Using 12 workers of 33 for evacuation
[279.271s][info][gc,phases      ] GC(329)   Pre Evacuate Collection Set: 0.1ms
[279.271s][info][gc,phases      ] GC(329)   Merge Heap Roots: 0.2ms
[279.271s][info][gc,phases      ] GC(329)   Evacuate Collection Set: 0.9ms
[279.271s][info][gc,phases      ] GC(329)   Post Evacuate Collection Set: 0.5ms
[279.271s][info][gc,phases      ] GC(329)   Other: 0.2ms
[279.271s][info][gc,heap        ] GC(329) Eden regions: 318->0(318)
[279.271s][info][gc,heap        ] GC(329) Survivor regions: 2->2(40)
[279.271s][info][gc,heap        ] GC(329) Old regions: 13->13
[279.271s][info][gc,heap        ] GC(329) Archive regions: 0->0
[279.271s][info][gc,heap        ] GC(329) Humongous regions: 0->0
[279.271s][info][gc,metaspace   ] GC(329) Metaspace: 9958K(10304K)->9958K(10304K) NonClass: 8654K(8896K)->8654K(8896K) Class: 1304K(1408K)->1304K(1408K)
[279.271s][info][gc             ] GC(329) Pause Young (Normal) (G1 Evacuation Pause) 323M->5M(534M) 2.407ms
[279.271s][info][gc,cpu         ] GC(329) User=0.00s Sys=0.00s Real=0.00s
[280.615s][info][gc,start       ] GC(330) Pause Young (Normal) (G1 Evacuation Pause)
[280.615s][info][gc,task        ] GC(330) Using 12 workers of 33 for evacuation
[280.617s][info][gc,phases      ] GC(330)   Pre Evacuate Collection Set: 0.2ms
[280.617s][info][gc,phases      ] GC(330)   Merge Heap Roots: 0.2ms
[280.617s][info][gc,phases      ] GC(330)   Evacuate Collection Set: 0.9ms
[280.617s][info][gc,phases      ] GC(330)   Post Evacuate Collection Set: 0.5ms
[280.617s][info][gc,phases      ] GC(330)   Other: 0.2ms
[280.617s][info][gc,heap        ] GC(330) Eden regions: 318->0(318)
[280.617s][info][gc,heap        ] GC(330) Survivor regions: 2->2(40)
[280.617s][info][gc,heap        ] GC(330) Old regions: 13->13
[280.617s][info][gc,heap        ] GC(330) Archive regions: 0->0
[280.617s][info][gc,heap        ] GC(330) Humongous regions: 0->0
[280.617s][info][gc,metaspace   ] GC(330) Metaspace: 9958K(10304K)->9958K(10304K) NonClass: 8654K(8896K)->8654K(8896K) Class: 1304K(1408K)->1304K(1408K)
[280.617s][info][gc             ] GC(330) Pause Young (Normal) (G1 Evacuation Pause) 323M->5M(534M) 2.376ms
[280.617s][info][gc,cpu         ] GC(330) User=0.00s Sys=0.00s Real=0.00s
[281.708s][info][gc,start       ] GC(331) Pause Full (System.gc())
[281.708s][info][gc,task        ] GC(331) Using 12 workers of 33 for full compaction
[281.709s][info][gc,phases,start] GC(331) Phase 1: Mark live objects
[281.714s][info][gc,phases      ] GC(331) Phase 1: Mark live objects 4.967ms
[281.714s][info][gc,phases,start] GC(331) Phase 2: Prepare compaction
[281.717s][info][gc,phases      ] GC(331) Phase 2: Prepare compaction 3.297ms
[281.717s][info][gc,phases,start] GC(331) Phase 3: Adjust pointers
[281.721s][info][gc,phases      ] GC(331) Phase 3: Adjust pointers 3.975ms
[281.721s][info][gc,phases,start] GC(331) Phase 4: Compact heap
[281.722s][info][gc,phases      ] GC(331) Phase 4: Compact heap 0.485ms
[281.728s][info][gc,heap        ] GC(331) Eden regions: 256->0(26)
[281.728s][info][gc,heap        ] GC(331) Survivor regions: 2->0(40)
[281.728s][info][gc,heap        ] GC(331) Old regions: 13->13
[281.728s][info][gc,heap        ] GC(331) Archive regions: 0->0
[281.728s][info][gc,heap        ] GC(331) Humongous regions: 0->0
[281.728s][info][gc,metaspace   ] GC(331) Metaspace: 9960K(10304K)->9960K(10304K) NonClass: 8655K(8896K)->8655K(8896K) Class: 1304K(1408K)->1304K(1408K)
[281.728s][info][gc             ] GC(331) Pause Full (System.gc()) 261M->3M(44M) 20.006ms
[281.728s][info][gc,cpu         ] GC(331) User=0.05s Sys=0.00s Real=0.02s
[281.834s][info][gc,start       ] GC(332) Pause Young (Normal) (G1 Evacuation Pause)
[281.834s][info][gc,task        ] GC(332) Using 7 workers of 33 for evacuation
[281.835s][info][gc,phases      ] GC(332)   Pre Evacuate Collection Set: 0.1ms
[281.836s][info][gc,phases      ] GC(332)   Merge Heap Roots: 0.1ms
[281.836s][info][gc,phases      ] GC(332)   Evacuate Collection Set: 1.3ms
[281.836s][info][gc,phases      ] GC(332)   Post Evacuate Collection Set: 0.3ms
[281.836s][info][gc,phases      ] GC(332)   Other: 0.1ms
[281.836s][info][gc,heap        ] GC(332) Eden regions: 26->0(24)
[281.836s][info][gc,heap        ] GC(332) Survivor regions: 0->2(4)
[281.836s][info][gc,heap        ] GC(332) Old regions: 13->13
[281.836s][info][gc,heap        ] GC(332) Archive regions: 0->0
[281.836s][info][gc,heap        ] GC(332) Humongous regions: 0->0
[281.836s][info][gc,metaspace   ] GC(332) Metaspace: 9968K(10304K)->9968K(10304K) NonClass: 8664K(8896K)->8664K(8896K) Class: 1304K(1408K)->1304K(1408K)
[281.836s][info][gc             ] GC(332) Pause Young (Normal) (G1 Evacuation Pause) 29M->5M(44M) 2.338ms
[281.836s][info][gc,cpu         ] GC(332) User=0.00s Sys=0.00s Real=0.00s
[281.941s][info][gc,start       ] GC(333) Pause Young (Normal) (G1 Evacuation Pause)
[281.943s][info][gc,task        ] GC(333) Using 4 workers of 33 for evacuation
[281.945s][info][gc,phases      ] GC(333)   Pre Evacuate Collection Set: 0.1ms
[281.945s][info][gc,phases      ] GC(333)   Merge Heap Roots: 0.1ms
[281.945s][info][gc,phases      ] GC(333)   Evacuate Collection Set: 1.9ms
[281.945s][info][gc,phases      ] GC(333)   Post Evacuate Collection Set: 0.2ms
[281.945s][info][gc,phases      ] GC(333)   Other: 0.1ms
[281.945s][info][gc,heap        ] GC(333) Eden regions: 24->0(24)
[281.945s][info][gc,heap        ] GC(333) Survivor regions: 2->2(4)
[281.945s][info][gc,heap        ] GC(333) Old regions: 13->13
[281.945s][info][gc,heap        ] GC(333) Archive regions: 0->0
[281.945s][info][gc,heap        ] GC(333) Humongous regions: 0->0
[281.945s][info][gc,metaspace   ] GC(333) Metaspace: 9968K(10304K)->9968K(10304K) NonClass: 8664K(8896K)->8664K(8896K) Class: 1304K(1408K)->1304K(1408K)
[281.945s][info][gc             ] GC(333) Pause Young (Normal) (G1 Evacuation Pause) 29M->5M(44M) 4.424ms
[281.945s][info][gc,cpu         ] GC(333) User=0.00s Sys=0.00s Real=0.00s
[282.038s][info][gc,start       ] GC(334) Pause Young (Normal) (G1 Evacuation Pause)
[282.038s][info][gc,task        ] GC(334) Using 3 workers of 33 for evacuation
[282.047s][info][gc,phases      ] GC(334)   Pre Evacuate Collection Set: 0.1ms
[282.047s][info][gc,phases      ] GC(334)   Merge Heap Roots: 0.1ms
[282.047s][info][gc,phases      ] GC(334)   Evacuate Collection Set: 2.3ms
[282.047s][info][gc,phases      ] GC(334)   Post Evacuate Collection Set: 6.4ms
[282.047s][info][gc,phases      ] GC(334)   Other: 0.1ms
[282.047s][info][gc,heap        ] GC(334) Eden regions: 24->0(318)
[282.047s][info][gc,heap        ] GC(334) Survivor regions: 2->2(4)
[282.047s][info][gc,heap        ] GC(334) Old regions: 13->13
[282.047s][info][gc,heap        ] GC(334) Archive regions: 0->0
[282.047s][info][gc,heap        ] GC(334) Humongous regions: 0->0
[282.047s][info][gc,metaspace   ] GC(334) Metaspace: 9968K(10304K)->9968K(10304K) NonClass: 8664K(8896K)->8664K(8896K) Class: 1304K(1408K)->1304K(1408K)
[282.047s][info][gc             ] GC(334) Pause Young (Normal) (G1 Evacuation Pause) 29M->5M(534M) 9.449ms
[282.047s][info][gc,cpu         ] GC(334) User=0.00s Sys=0.00s Real=0.00s
[283.460s][info][gc,start       ] GC(335) Pause Young (Normal) (G1 Evacuation Pause)
[283.460s][info][gc,task        ] GC(335) Using 12 workers of 33 for evacuation
[283.462s][info][gc,phases      ] GC(335)   Pre Evacuate Collection Set: 0.2ms
[283.462s][info][gc,phases      ] GC(335)   Merge Heap Roots: 0.2ms
[283.462s][info][gc,phases      ] GC(335)   Evacuate Collection Set: 1.0ms
[283.462s][info][gc,phases      ] GC(335)   Post Evacuate Collection Set: 0.5ms
[283.463s][info][gc,phases      ] GC(335)   Other: 0.2ms
[283.463s][info][gc,heap        ] GC(335) Eden regions: 318->0(318)
[283.463s][info][gc,heap        ] GC(335) Survivor regions: 2->2(40)
[283.463s][info][gc,heap        ] GC(335) Old regions: 13->13
[283.463s][info][gc,heap        ] GC(335) Archive regions: 0->0
[283.463s][info][gc,heap        ] GC(335) Humongous regions: 0->0
[283.463s][info][gc,metaspace   ] GC(335) Metaspace: 9968K(10304K)->9968K(10304K) NonClass: 8664K(8896K)->8664K(8896K) Class: 1304K(1408K)->1304K(1408K)
[283.463s][info][gc             ] GC(335) Pause Young (Normal) (G1 Evacuation Pause) 323M->5M(534M) 2.520ms
[283.463s][info][gc,cpu         ] GC(335) User=0.00s Sys=0.00s Real=0.00s
[284.803s][info][gc,start       ] GC(336) Pause Young (Normal) (G1 Evacuation Pause)
[284.803s][info][gc,task        ] GC(336) Using 12 workers of 33 for evacuation
[284.806s][info][gc,phases      ] GC(336)   Pre Evacuate Collection Set: 0.2ms
[284.806s][info][gc,phases      ] GC(336)   Merge Heap Roots: 0.2ms
[284.806s][info][gc,phases      ] GC(336)   Evacuate Collection Set: 1.5ms
[284.806s][info][gc,phases      ] GC(336)   Post Evacuate Collection Set: 0.5ms
[284.806s][info][gc,phases      ] GC(336)   Other: 0.2ms
[284.806s][info][gc,heap        ] GC(336) Eden regions: 318->0(318)
[284.806s][info][gc,heap        ] GC(336) Survivor regions: 2->2(40)
[284.806s][info][gc,heap        ] GC(336) Old regions: 13->13
[284.806s][info][gc,heap        ] GC(336) Archive regions: 0->0
[284.806s][info][gc,heap        ] GC(336) Humongous regions: 0->0
[284.806s][info][gc,metaspace   ] GC(336) Metaspace: 9968K(10304K)->9968K(10304K) NonClass: 8664K(8896K)->8664K(8896K) Class: 1304K(1408K)->1304K(1408K)
[284.806s][info][gc             ] GC(336) Pause Young (Normal) (G1 Evacuation Pause) 323M->5M(534M) 2.959ms
[284.806s][info][gc,cpu         ] GC(336) User=0.00s Sys=0.00s Real=0.00s
[286.151s][info][gc,start       ] GC(337) Pause Young (Normal) (G1 Evacuation Pause)
[286.151s][info][gc,task        ] GC(337) Using 12 workers of 33 for evacuation
[286.153s][info][gc,phases      ] GC(337)   Pre Evacuate Collection Set: 0.2ms
[286.153s][info][gc,phases      ] GC(337)   Merge Heap Roots: 0.2ms
[286.153s][info][gc,phases      ] GC(337)   Evacuate Collection Set: 1.0ms
[286.153s][info][gc,phases      ] GC(337)   Post Evacuate Collection Set: 0.5ms
[286.153s][info][gc,phases      ] GC(337)   Other: 0.2ms
[286.153s][info][gc,heap        ] GC(337) Eden regions: 318->0(318)
[286.153s][info][gc,heap        ] GC(337) Survivor regions: 2->2(40)
[286.153s][info][gc,heap        ] GC(337) Old regions: 13->13
[286.153s][info][gc,heap        ] GC(337) Archive regions: 0->0
[286.154s][info][gc,heap        ] GC(337) Humongous regions: 0->0
[286.154s][info][gc,metaspace   ] GC(337) Metaspace: 9968K(10304K)->9968K(10304K) NonClass: 8664K(8896K)->8664K(8896K) Class: 1304K(1408K)->1304K(1408K)
[286.154s][info][gc             ] GC(337) Pause Young (Normal) (G1 Evacuation Pause) 323M->5M(534M) 2.463ms
[286.154s][info][gc,cpu         ] GC(337) User=0.00s Sys=0.00s Real=0.00s
[287.492s][info][gc,start       ] GC(338) Pause Young (Normal) (G1 Evacuation Pause)
[287.492s][info][gc,task        ] GC(338) Using 12 workers of 33 for evacuation
[287.494s][info][gc,phases      ] GC(338)   Pre Evacuate Collection Set: 0.2ms
[287.494s][info][gc,phases      ] GC(338)   Merge Heap Roots: 0.2ms
[287.494s][info][gc,phases      ] GC(338)   Evacuate Collection Set: 0.9ms
[287.494s][info][gc,phases      ] GC(338)   Post Evacuate Collection Set: 0.5ms
[287.494s][info][gc,phases      ] GC(338)   Other: 0.2ms
[287.494s][info][gc,heap        ] GC(338) Eden regions: 318->0(318)
[287.494s][info][gc,heap        ] GC(338) Survivor regions: 2->2(40)
[287.494s][info][gc,heap        ] GC(338) Old regions: 13->13
[287.494s][info][gc,heap        ] GC(338) Archive regions: 0->0
[287.494s][info][gc,heap        ] GC(338) Humongous regions: 0->0
[287.494s][info][gc,metaspace   ] GC(338) Metaspace: 9968K(10304K)->9968K(10304K) NonClass: 8664K(8896K)->8664K(8896K) Class: 1304K(1408K)->1304K(1408K)
[287.494s][info][gc             ] GC(338) Pause Young (Normal) (G1 Evacuation Pause) 323M->5M(534M) 2.324ms
[287.494s][info][gc,cpu         ] GC(338) User=0.00s Sys=0.00s Real=0.00s
[288.578s][info][gc,start       ] GC(339) Pause Full (System.gc())
[288.579s][info][gc,task        ] GC(339) Using 12 workers of 33 for full compaction
[288.579s][info][gc,phases,start] GC(339) Phase 1: Mark live objects
[288.584s][info][gc,phases      ] GC(339) Phase 1: Mark live objects 4.975ms
[288.584s][info][gc,phases,start] GC(339) Phase 2: Prepare compaction
[288.587s][info][gc,phases      ] GC(339) Phase 2: Prepare compaction 3.131ms
[288.587s][info][gc,phases,start] GC(339) Phase 3: Adjust pointers
[288.591s][info][gc,phases      ] GC(339) Phase 3: Adjust pointers 4.009ms
[288.591s][info][gc,phases,start] GC(339) Phase 4: Compact heap
[288.592s][info][gc,phases      ] GC(339) Phase 4: Compact heap 0.542ms
[288.598s][info][gc,heap        ] GC(339) Eden regions: 257->0(26)
[288.598s][info][gc,heap        ] GC(339) Survivor regions: 2->0(40)
[288.598s][info][gc,heap        ] GC(339) Old regions: 13->13
[288.598s][info][gc,heap        ] GC(339) Archive regions: 0->0
[288.598s][info][gc,heap        ] GC(339) Humongous regions: 0->0
[288.598s][info][gc,metaspace   ] GC(339) Metaspace: 9968K(10304K)->9968K(10304K) NonClass: 8664K(8896K)->8664K(8896K) Class: 1304K(1408K)->1304K(1408K)
[288.598s][info][gc             ] GC(339) Pause Full (System.gc()) 261M->3M(44M) 19.985ms
[288.598s][info][gc,cpu         ] GC(339) User=0.02s Sys=0.00s Real=0.02s
[288.700s][info][gc,start       ] GC(340) Pause Young (Normal) (G1 Evacuation Pause)
[288.700s][info][gc,task        ] GC(340) Using 7 workers of 33 for evacuation
[288.702s][info][gc,phases      ] GC(340)   Pre Evacuate Collection Set: 0.1ms
[288.702s][info][gc,phases      ] GC(340)   Merge Heap Roots: 0.1ms
[288.702s][info][gc,phases      ] GC(340)   Evacuate Collection Set: 1.3ms
[288.702s][info][gc,phases      ] GC(340)   Post Evacuate Collection Set: 0.3ms
[288.702s][info][gc,phases      ] GC(340)   Other: 0.1ms
[288.702s][info][gc,heap        ] GC(340) Eden regions: 26->0(24)
[288.702s][info][gc,heap        ] GC(340) Survivor regions: 0->2(4)
[288.702s][info][gc,heap        ] GC(340) Old regions: 13->13
[288.702s][info][gc,heap        ] GC(340) Archive regions: 0->0
[288.702s][info][gc,heap        ] GC(340) Humongous regions: 0->0
[288.703s][info][gc,metaspace   ] GC(340) Metaspace: 9969K(10304K)->9969K(10304K) NonClass: 8665K(8896K)->8665K(8896K) Class: 1304K(1408K)->1304K(1408K)
[288.703s][info][gc             ] GC(340) Pause Young (Normal) (G1 Evacuation Pause) 29M->5M(44M) 2.325ms
[288.703s][info][gc,cpu         ] GC(340) User=0.00s Sys=0.00s Real=0.00s
[288.822s][info][gc,start       ] GC(341) Pause Young (Normal) (G1 Evacuation Pause)
[288.822s][info][gc,task        ] GC(341) Using 4 workers of 33 for evacuation
[288.824s][info][gc,phases      ] GC(341)   Pre Evacuate Collection Set: 0.1ms
[288.824s][info][gc,phases      ] GC(341)   Merge Heap Roots: 0.1ms
[288.824s][info][gc,phases      ] GC(341)   Evacuate Collection Set: 1.9ms
[288.824s][info][gc,phases      ] GC(341)   Post Evacuate Collection Set: 0.2ms
[288.824s][info][gc,phases      ] GC(341)   Other: 0.1ms
[288.824s][info][gc,heap        ] GC(341) Eden regions: 24->0(24)
[288.824s][info][gc,heap        ] GC(341) Survivor regions: 2->2(4)
[288.824s][info][gc,heap        ] GC(341) Old regions: 13->13
[288.824s][info][gc,heap        ] GC(341) Archive regions: 0->0
[288.824s][info][gc,heap        ] GC(341) Humongous regions: 0->0
[288.824s][info][gc,metaspace   ] GC(341) Metaspace: 9969K(10304K)->9969K(10304K) NonClass: 8665K(8896K)->8665K(8896K) Class: 1304K(1408K)->1304K(1408K)
[288.824s][info][gc             ] GC(341) Pause Young (Normal) (G1 Evacuation Pause) 29M->5M(44M) 2.685ms
[288.824s][info][gc,cpu         ] GC(341) User=0.00s Sys=0.00s Real=0.00s
[288.919s][info][gc,start       ] GC(342) Pause Young (Normal) (G1 Evacuation Pause)
[288.919s][info][gc,task        ] GC(342) Using 3 workers of 33 for evacuation
[288.928s][info][gc,phases      ] GC(342)   Pre Evacuate Collection Set: 0.1ms
[288.928s][info][gc,phases      ] GC(342)   Merge Heap Roots: 0.1ms
[288.928s][info][gc,phases      ] GC(342)   Evacuate Collection Set: 2.3ms
[288.928s][info][gc,phases      ] GC(342)   Post Evacuate Collection Set: 6.4ms
[288.928s][info][gc,phases      ] GC(342)   Other: 0.1ms
[288.928s][info][gc,heap        ] GC(342) Eden regions: 24->0(318)
[288.928s][info][gc,heap        ] GC(342) Survivor regions: 2->2(4)
[288.928s][info][gc,heap        ] GC(342) Old regions: 13->13
[288.928s][info][gc,heap        ] GC(342) Archive regions: 0->0
[288.928s][info][gc,heap        ] GC(342) Humongous regions: 0->0
[288.928s][info][gc,metaspace   ] GC(342) Metaspace: 9969K(10304K)->9969K(10304K) NonClass: 8665K(8896K)->8665K(8896K) Class: 1304K(1408K)->1304K(1408K)
[288.928s][info][gc             ] GC(342) Pause Young (Normal) (G1 Evacuation Pause) 29M->5M(534M) 9.482ms
[288.928s][info][gc,cpu         ] GC(342) User=0.00s Sys=0.02s Real=0.02s
[290.342s][info][gc,start       ] GC(343) Pause Young (Normal) (G1 Evacuation Pause)
[290.342s][info][gc,task        ] GC(343) Using 12 workers of 33 for evacuation
[290.344s][info][gc,phases      ] GC(343)   Pre Evacuate Collection Set: 0.2ms
[290.344s][info][gc,phases      ] GC(343)   Merge Heap Roots: 0.2ms
[290.344s][info][gc,phases      ] GC(343)   Evacuate Collection Set: 1.2ms
[290.344s][info][gc,phases      ] GC(343)   Post Evacuate Collection Set: 0.5ms
[290.344s][info][gc,phases      ] GC(343)   Other: 0.2ms
[290.344s][info][gc,heap        ] GC(343) Eden regions: 318->0(318)
[290.344s][info][gc,heap        ] GC(343) Survivor regions: 2->2(40)
[290.344s][info][gc,heap        ] GC(343) Old regions: 13->13
[290.344s][info][gc,heap        ] GC(343) Archive regions: 0->0
[290.344s][info][gc,heap        ] GC(343) Humongous regions: 0->0
[290.344s][info][gc,metaspace   ] GC(343) Metaspace: 9969K(10304K)->9969K(10304K) NonClass: 8665K(8896K)->8665K(8896K) Class: 1304K(1408K)->1304K(1408K)
[290.344s][info][gc             ] GC(343) Pause Young (Normal) (G1 Evacuation Pause) 323M->5M(534M) 2.689ms
[290.344s][info][gc,cpu         ] GC(343) User=0.00s Sys=0.00s Real=0.00s
[291.660s][info][gc,start       ] GC(344) Pause Young (Normal) (G1 Evacuation Pause)
[291.660s][info][gc,task        ] GC(344) Using 12 workers of 33 for evacuation
[291.662s][info][gc,phases      ] GC(344)   Pre Evacuate Collection Set: 0.2ms
[291.662s][info][gc,phases      ] GC(344)   Merge Heap Roots: 0.2ms
[291.662s][info][gc,phases      ] GC(344)   Evacuate Collection Set: 1.1ms
[291.662s][info][gc,phases      ] GC(344)   Post Evacuate Collection Set: 0.5ms
[291.662s][info][gc,phases      ] GC(344)   Other: 0.2ms
[291.662s][info][gc,heap        ] GC(344) Eden regions: 318->0(318)
[291.662s][info][gc,heap        ] GC(344) Survivor regions: 2->2(40)
[291.662s][info][gc,heap        ] GC(344) Old regions: 13->13
[291.662s][info][gc,heap        ] GC(344) Archive regions: 0->0
[291.662s][info][gc,heap        ] GC(344) Humongous regions: 0->0
[291.662s][info][gc,metaspace   ] GC(344) Metaspace: 9969K(10304K)->9969K(10304K) NonClass: 8665K(8896K)->8665K(8896K) Class: 1304K(1408K)->1304K(1408K)
[291.662s][info][gc             ] GC(344) Pause Young (Normal) (G1 Evacuation Pause) 323M->5M(534M) 2.531ms
[291.662s][info][gc,cpu         ] GC(344) User=0.00s Sys=0.00s Real=0.00s
[292.994s][info][gc,start       ] GC(345) Pause Young (Normal) (G1 Evacuation Pause)
[293.016s][info][gc,task        ] GC(345) Using 12 workers of 33 for evacuation
[293.018s][info][gc,phases      ] GC(345)   Pre Evacuate Collection Set: 0.2ms
[293.018s][info][gc,phases      ] GC(345)   Merge Heap Roots: 0.2ms
[293.018s][info][gc,phases      ] GC(345)   Evacuate Collection Set: 0.9ms
[293.018s][info][gc,phases      ] GC(345)   Post Evacuate Collection Set: 0.5ms
[293.018s][info][gc,phases      ] GC(345)   Other: 0.2ms
[293.018s][info][gc,heap        ] GC(345) Eden regions: 318->0(318)
[293.018s][info][gc,heap        ] GC(345) Survivor regions: 2->2(40)
[293.018s][info][gc,heap        ] GC(345) Old regions: 13->13
[293.018s][info][gc,heap        ] GC(345) Archive regions: 0->0
[293.018s][info][gc,heap        ] GC(345) Humongous regions: 0->0
[293.018s][info][gc,metaspace   ] GC(345) Metaspace: 9969K(10304K)->9969K(10304K) NonClass: 8665K(8896K)->8665K(8896K) Class: 1304K(1408K)->1304K(1408K)
[293.018s][info][gc             ] GC(345) Pause Young (Normal) (G1 Evacuation Pause) 323M->5M(534M) 23.600ms
[293.018s][info][gc,cpu         ] GC(345) User=0.00s Sys=0.00s Real=0.02s
[294.347s][info][gc,start       ] GC(346) Pause Young (Normal) (G1 Evacuation Pause)
[294.348s][info][gc,task        ] GC(346) Using 12 workers of 33 for evacuation
[294.349s][info][gc,phases      ] GC(346)   Pre Evacuate Collection Set: 0.1ms
[294.349s][info][gc,phases      ] GC(346)   Merge Heap Roots: 0.2ms
[294.349s][info][gc,phases      ] GC(346)   Evacuate Collection Set: 0.9ms
[294.349s][info][gc,phases      ] GC(346)   Post Evacuate Collection Set: 0.5ms
[294.350s][info][gc,phases      ] GC(346)   Other: 0.2ms
[294.350s][info][gc,heap        ] GC(346) Eden regions: 318->0(318)
[294.350s][info][gc,heap        ] GC(346) Survivor regions: 2->2(40)
[294.350s][info][gc,heap        ] GC(346) Old regions: 13->13
[294.350s][info][gc,heap        ] GC(346) Archive regions: 0->0
[294.350s][info][gc,heap        ] GC(346) Humongous regions: 0->0
[294.350s][info][gc,metaspace   ] GC(346) Metaspace: 9969K(10304K)->9969K(10304K) NonClass: 8665K(8896K)->8665K(8896K) Class: 1304K(1408K)->1304K(1408K)
[294.350s][info][gc             ] GC(346) Pause Young (Normal) (G1 Evacuation Pause) 323M->5M(534M) 2.373ms
[294.350s][info][gc,cpu         ] GC(346) User=0.00s Sys=0.00s Real=0.00s
[295.399s][info][gc,start       ] GC(347) Pause Full (System.gc())
[295.399s][info][gc,task        ] GC(347) Using 12 workers of 33 for full compaction
[295.400s][info][gc,phases,start] GC(347) Phase 1: Mark live objects
[295.404s][info][gc,phases      ] GC(347) Phase 1: Mark live objects 4.889ms
[295.405s][info][gc,phases,start] GC(347) Phase 2: Prepare compaction
[295.408s][info][gc,phases      ] GC(347) Phase 2: Prepare compaction 3.481ms
[295.408s][info][gc,phases,start] GC(347) Phase 3: Adjust pointers
[295.412s][info][gc,phases      ] GC(347) Phase 3: Adjust pointers 4.006ms
[295.412s][info][gc,phases,start] GC(347) Phase 4: Compact heap
[295.413s][info][gc,phases      ] GC(347) Phase 4: Compact heap 0.486ms
[295.419s][info][gc,heap        ] GC(347) Eden regions: 250->0(26)
[295.419s][info][gc,heap        ] GC(347) Survivor regions: 2->0(40)
[295.419s][info][gc,heap        ] GC(347) Old regions: 13->13
[295.419s][info][gc,heap        ] GC(347) Archive regions: 0->0
[295.419s][info][gc,heap        ] GC(347) Humongous regions: 0->0
[295.419s][info][gc,metaspace   ] GC(347) Metaspace: 9970K(10304K)->9970K(10304K) NonClass: 8666K(8896K)->8666K(8896K) Class: 1304K(1408K)->1304K(1408K)
[295.419s][info][gc             ] GC(347) Pause Full (System.gc()) 254M->3M(44M) 20.264ms
[295.419s][info][gc,cpu         ] GC(347) User=0.16s Sys=0.02s Real=0.01s
[295.526s][info][gc,start       ] GC(348) Pause Young (Normal) (G1 Evacuation Pause)
[295.526s][info][gc,task        ] GC(348) Using 7 workers of 33 for evacuation
[295.528s][info][gc,phases      ] GC(348)   Pre Evacuate Collection Set: 0.1ms
[295.528s][info][gc,phases      ] GC(348)   Merge Heap Roots: 0.1ms
[295.528s][info][gc,phases      ] GC(348)   Evacuate Collection Set: 1.3ms
[295.528s][info][gc,phases      ] GC(348)   Post Evacuate Collection Set: 0.3ms
[295.528s][info][gc,phases      ] GC(348)   Other: 0.1ms
[295.528s][info][gc,heap        ] GC(348) Eden regions: 26->0(24)
[295.528s][info][gc,heap        ] GC(348) Survivor regions: 0->2(4)
[295.528s][info][gc,heap        ] GC(348) Old regions: 13->13
[295.528s][info][gc,heap        ] GC(348) Archive regions: 0->0
[295.528s][info][gc,heap        ] GC(348) Humongous regions: 0->0
[295.528s][info][gc,metaspace   ] GC(348) Metaspace: 9970K(10304K)->9970K(10304K) NonClass: 8666K(8896K)->8666K(8896K) Class: 1304K(1408K)->1304K(1408K)
[295.528s][info][gc             ] GC(348) Pause Young (Normal) (G1 Evacuation Pause) 29M->5M(44M) 2.355ms
[295.528s][info][gc,cpu         ] GC(348) User=0.00s Sys=0.00s Real=0.00s
[295.628s][info][gc,start       ] GC(349) Pause Young (Normal) (G1 Evacuation Pause)
[295.628s][info][gc,task        ] GC(349) Using 4 workers of 33 for evacuation
[295.630s][info][gc,phases      ] GC(349)   Pre Evacuate Collection Set: 0.1ms
[295.630s][info][gc,phases      ] GC(349)   Merge Heap Roots: 0.1ms
[295.630s][info][gc,phases      ] GC(349)   Evacuate Collection Set: 1.7ms
[295.630s][info][gc,phases      ] GC(349)   Post Evacuate Collection Set: 0.3ms
[295.630s][info][gc,phases      ] GC(349)   Other: 0.1ms
[295.631s][info][gc,heap        ] GC(349) Eden regions: 24->0(24)
[295.631s][info][gc,heap        ] GC(349) Survivor regions: 2->2(4)
[295.631s][info][gc,heap        ] GC(349) Old regions: 13->13
[295.631s][info][gc,heap        ] GC(349) Archive regions: 0->0
[295.631s][info][gc,heap        ] GC(349) Humongous regions: 0->0
[295.631s][info][gc,metaspace   ] GC(349) Metaspace: 9970K(10304K)->9970K(10304K) NonClass: 8666K(8896K)->8666K(8896K) Class: 1304K(1408K)->1304K(1408K)
[295.631s][info][gc             ] GC(349) Pause Young (Normal) (G1 Evacuation Pause) 29M->5M(44M) 2.690ms
[295.631s][info][gc,cpu         ] GC(349) User=0.00s Sys=0.00s Real=0.00s
[295.721s][info][gc,start       ] GC(350) Pause Young (Normal) (G1 Evacuation Pause)
[295.722s][info][gc,task        ] GC(350) Using 3 workers of 33 for evacuation
[295.729s][info][gc,phases      ] GC(350)   Pre Evacuate Collection Set: 0.1ms
[295.729s][info][gc,phases      ] GC(350)   Merge Heap Roots: 0.1ms
[295.729s][info][gc,phases      ] GC(350)   Evacuate Collection Set: 2.1ms
[295.729s][info][gc,phases      ] GC(350)   Post Evacuate Collection Set: 4.7ms
[295.729s][info][gc,phases      ] GC(350)   Other: 0.1ms
[295.729s][info][gc,heap        ] GC(350) Eden regions: 24->0(318)
[295.729s][info][gc,heap        ] GC(350) Survivor regions: 2->2(4)
[295.729s][info][gc,heap        ] GC(350) Old regions: 13->13
[295.729s][info][gc,heap        ] GC(350) Archive regions: 0->0
[295.729s][info][gc,heap        ] GC(350) Humongous regions: 0->0
[295.729s][info][gc,metaspace   ] GC(350) Metaspace: 9970K(10304K)->9970K(10304K) NonClass: 8666K(8896K)->8666K(8896K) Class: 1304K(1408K)->1304K(1408K)
[295.729s][info][gc             ] GC(350) Pause Young (Normal) (G1 Evacuation Pause) 29M->5M(534M) 7.461ms
[295.729s][info][gc,cpu         ] GC(350) User=0.00s Sys=0.00s Real=0.00s
[297.137s][info][gc,start       ] GC(351) Pause Young (Normal) (G1 Evacuation Pause)
[297.138s][info][gc,task        ] GC(351) Using 12 workers of 33 for evacuation
[297.140s][info][gc,phases      ] GC(351)   Pre Evacuate Collection Set: 0.2ms
[297.140s][info][gc,phases      ] GC(351)   Merge Heap Roots: 0.2ms
[297.140s][info][gc,phases      ] GC(351)   Evacuate Collection Set: 1.1ms
[297.140s][info][gc,phases      ] GC(351)   Post Evacuate Collection Set: 0.5ms
[297.140s][info][gc,phases      ] GC(351)   Other: 0.2ms
[297.140s][info][gc,heap        ] GC(351) Eden regions: 318->0(318)
[297.140s][info][gc,heap        ] GC(351) Survivor regions: 2->2(40)
[297.140s][info][gc,heap        ] GC(351) Old regions: 13->13
[297.140s][info][gc,heap        ] GC(351) Archive regions: 0->0
[297.140s][info][gc,heap        ] GC(351) Humongous regions: 0->0
[297.140s][info][gc,metaspace   ] GC(351) Metaspace: 9970K(10304K)->9970K(10304K) NonClass: 8666K(8896K)->8666K(8896K) Class: 1304K(1408K)->1304K(1408K)
[297.140s][info][gc             ] GC(351) Pause Young (Normal) (G1 Evacuation Pause) 323M->5M(534M) 2.627ms
[297.140s][info][gc,cpu         ] GC(351) User=0.16s Sys=0.03s Real=0.02s
[298.459s][info][gc,start       ] GC(352) Pause Young (Normal) (G1 Evacuation Pause)
[298.459s][info][gc,task        ] GC(352) Using 12 workers of 33 for evacuation
[298.461s][info][gc,phases      ] GC(352)   Pre Evacuate Collection Set: 0.2ms
[298.461s][info][gc,phases      ] GC(352)   Merge Heap Roots: 0.2ms
[298.461s][info][gc,phases      ] GC(352)   Evacuate Collection Set: 1.1ms
[298.461s][info][gc,phases      ] GC(352)   Post Evacuate Collection Set: 0.5ms
[298.461s][info][gc,phases      ] GC(352)   Other: 0.2ms
[298.461s][info][gc,heap        ] GC(352) Eden regions: 318->0(318)
[298.461s][info][gc,heap        ] GC(352) Survivor regions: 2->2(40)
[298.461s][info][gc,heap        ] GC(352) Old regions: 13->13
[298.461s][info][gc,heap        ] GC(352) Archive regions: 0->0
[298.461s][info][gc,heap        ] GC(352) Humongous regions: 0->0
[298.461s][info][gc,metaspace   ] GC(352) Metaspace: 9970K(10304K)->9970K(10304K) NonClass: 8666K(8896K)->8666K(8896K) Class: 1304K(1408K)->1304K(1408K)
[298.461s][info][gc             ] GC(352) Pause Young (Normal) (G1 Evacuation Pause) 323M->5M(534M) 2.589ms
[298.461s][info][gc,cpu         ] GC(352) User=0.00s Sys=0.00s Real=0.00s
[299.800s][info][gc,start       ] GC(353) Pause Young (Normal) (G1 Evacuation Pause)
[299.800s][info][gc,task        ] GC(353) Using 12 workers of 33 for evacuation
[299.801s][info][gc,phases      ] GC(353)   Pre Evacuate Collection Set: 0.2ms
[299.802s][info][gc,phases      ] GC(353)   Merge Heap Roots: 0.2ms
[299.802s][info][gc,phases      ] GC(353)   Evacuate Collection Set: 0.9ms
[299.802s][info][gc,phases      ] GC(353)   Post Evacuate Collection Set: 0.5ms
[299.802s][info][gc,phases      ] GC(353)   Other: 0.2ms
[299.802s][info][gc,heap        ] GC(353) Eden regions: 318->0(318)
[299.802s][info][gc,heap        ] GC(353) Survivor regions: 2->2(40)
[299.802s][info][gc,heap        ] GC(353) Old regions: 13->13
[299.802s][info][gc,heap        ] GC(353) Archive regions: 0->0
[299.802s][info][gc,heap        ] GC(353) Humongous regions: 0->0
[299.802s][info][gc,metaspace   ] GC(353) Metaspace: 9970K(10304K)->9970K(10304K) NonClass: 8666K(8896K)->8666K(8896K) Class: 1304K(1408K)->1304K(1408K)
[299.802s][info][gc             ] GC(353) Pause Young (Normal) (G1 Evacuation Pause) 323M->5M(534M) 2.331ms
[299.802s][info][gc,cpu         ] GC(353) User=0.00s Sys=0.00s Real=0.00s
[301.125s][info][gc,start       ] GC(354) Pause Young (Normal) (G1 Evacuation Pause)
[301.125s][info][gc,task        ] GC(354) Using 12 workers of 33 for evacuation
[301.127s][info][gc,phases      ] GC(354)   Pre Evacuate Collection Set: 0.1ms
[301.127s][info][gc,phases      ] GC(354)   Merge Heap Roots: 0.2ms
[301.127s][info][gc,phases      ] GC(354)   Evacuate Collection Set: 0.8ms
[301.127s][info][gc,phases      ] GC(354)   Post Evacuate Collection Set: 0.5ms
[301.127s][info][gc,phases      ] GC(354)   Other: 0.2ms
[301.127s][info][gc,heap        ] GC(354) Eden regions: 318->0(318)
[301.127s][info][gc,heap        ] GC(354) Survivor regions: 2->2(40)
[301.127s][info][gc,heap        ] GC(354) Old regions: 13->13
[301.127s][info][gc,heap        ] GC(354) Archive regions: 0->0
[301.127s][info][gc,heap        ] GC(354) Humongous regions: 0->0
[301.127s][info][gc,metaspace   ] GC(354) Metaspace: 9970K(10304K)->9970K(10304K) NonClass: 8666K(8896K)->8666K(8896K) Class: 1304K(1408K)->1304K(1408K)
[301.127s][info][gc             ] GC(354) Pause Young (Normal) (G1 Evacuation Pause) 323M->5M(534M) 2.284ms
[301.127s][info][gc,cpu         ] GC(354) User=0.00s Sys=0.00s Real=0.00s
[302.179s][info][gc,start       ] GC(355) Pause Full (System.gc())
[302.180s][info][gc,task        ] GC(355) Using 12 workers of 33 for full compaction
[302.180s][info][gc,phases,start] GC(355) Phase 1: Mark live objects
[302.184s][info][gc,phases      ] GC(355) Phase 1: Mark live objects 4.407ms
[302.184s][info][gc,phases,start] GC(355) Phase 2: Prepare compaction
[302.188s][info][gc,phases      ] GC(355) Phase 2: Prepare compaction 3.107ms
[302.188s][info][gc,phases,start] GC(355) Phase 3: Adjust pointers
[302.191s][info][gc,phases      ] GC(355) Phase 3: Adjust pointers 3.943ms
[302.192s][info][gc,phases,start] GC(355) Phase 4: Compact heap
[302.192s][info][gc,phases      ] GC(355) Phase 4: Compact heap 0.467ms
[302.197s][info][gc,heap        ] GC(355) Eden regions: 251->0(26)
[302.197s][info][gc,heap        ] GC(355) Survivor regions: 2->0(40)
[302.197s][info][gc,heap        ] GC(355) Old regions: 13->13
[302.197s][info][gc,heap        ] GC(355) Archive regions: 0->0
[302.197s][info][gc,heap        ] GC(355) Humongous regions: 0->0
[302.197s][info][gc,metaspace   ] GC(355) Metaspace: 9970K(10304K)->9970K(10304K) NonClass: 8666K(8896K)->8666K(8896K) Class: 1304K(1408K)->1304K(1408K)
[302.197s][info][gc             ] GC(355) Pause Full (System.gc()) 255M->3M(44M) 17.507ms
[302.197s][info][gc,cpu         ] GC(355) User=0.19s Sys=0.00s Real=0.02s
[302.294s][info][gc,start       ] GC(356) Pause Young (Normal) (G1 Evacuation Pause)
[302.294s][info][gc,task        ] GC(356) Using 7 workers of 33 for evacuation
[302.295s][info][gc,phases      ] GC(356)   Pre Evacuate Collection Set: 0.1ms
[302.295s][info][gc,phases      ] GC(356)   Merge Heap Roots: 0.1ms
[302.295s][info][gc,phases      ] GC(356)   Evacuate Collection Set: 1.2ms
[302.296s][info][gc,phases      ] GC(356)   Post Evacuate Collection Set: 0.3ms
[302.296s][info][gc,phases      ] GC(356)   Other: 0.1ms
[302.296s][info][gc,heap        ] GC(356) Eden regions: 26->0(24)
[302.296s][info][gc,heap        ] GC(356) Survivor regions: 0->2(4)
[302.296s][info][gc,heap        ] GC(356) Old regions: 13->13
[302.296s][info][gc,heap        ] GC(356) Archive regions: 0->0
[302.296s][info][gc,heap        ] GC(356) Humongous regions: 0->0
[302.296s][info][gc,metaspace   ] GC(356) Metaspace: 9970K(10304K)->9970K(10304K) NonClass: 8666K(8896K)->8666K(8896K) Class: 1304K(1408K)->1304K(1408K)
[302.296s][info][gc             ] GC(356) Pause Young (Normal) (G1 Evacuation Pause) 29M->5M(44M) 2.290ms
[302.296s][info][gc,cpu         ] GC(356) User=0.00s Sys=0.00s Real=0.00s
[302.406s][info][gc,start       ] GC(357) Pause Young (Normal) (G1 Evacuation Pause)
[302.406s][info][gc,task        ] GC(357) Using 4 workers of 33 for evacuation
[302.409s][info][gc,phases      ] GC(357)   Pre Evacuate Collection Set: 0.1ms
[302.409s][info][gc,phases      ] GC(357)   Merge Heap Roots: 0.1ms
[302.409s][info][gc,phases      ] GC(357)   Evacuate Collection Set: 1.9ms
[302.409s][info][gc,phases      ] GC(357)   Post Evacuate Collection Set: 0.2ms
[302.409s][info][gc,phases      ] GC(357)   Other: 0.1ms
[302.409s][info][gc,heap        ] GC(357) Eden regions: 24->0(24)
[302.409s][info][gc,heap        ] GC(357) Survivor regions: 2->2(4)
[302.409s][info][gc,heap        ] GC(357) Old regions: 13->13
[302.409s][info][gc,heap        ] GC(357) Archive regions: 0->0
[302.409s][info][gc,heap        ] GC(357) Humongous regions: 0->0
[302.409s][info][gc,metaspace   ] GC(357) Metaspace: 9970K(10304K)->9970K(10304K) NonClass: 8666K(8896K)->8666K(8896K) Class: 1304K(1408K)->1304K(1408K)
[302.409s][info][gc             ] GC(357) Pause Young (Normal) (G1 Evacuation Pause) 29M->5M(44M) 2.862ms
[302.409s][info][gc,cpu         ] GC(357) User=0.00s Sys=0.00s Real=0.00s
[302.505s][info][gc,start       ] GC(358) Pause Young (Normal) (G1 Evacuation Pause)
[302.505s][info][gc,task        ] GC(358) Using 3 workers of 33 for evacuation
[302.508s][info][gc,phases      ] GC(358)   Pre Evacuate Collection Set: 0.1ms
[302.508s][info][gc,phases      ] GC(358)   Merge Heap Roots: 0.1ms
[302.508s][info][gc,phases      ] GC(358)   Evacuate Collection Set: 2.5ms
[302.508s][info][gc,phases      ] GC(358)   Post Evacuate Collection Set: 0.2ms
[302.508s][info][gc,phases      ] GC(358)   Other: 0.1ms
[302.508s][info][gc,heap        ] GC(358) Eden regions: 24->0(24)
[302.508s][info][gc,heap        ] GC(358) Survivor regions: 2->2(4)
[302.508s][info][gc,heap        ] GC(358) Old regions: 13->13
[302.508s][info][gc,heap        ] GC(358) Archive regions: 0->0
[302.508s][info][gc,heap        ] GC(358) Humongous regions: 0->0
[302.508s][info][gc,metaspace   ] GC(358) Metaspace: 9970K(10304K)->9970K(10304K) NonClass: 8666K(8896K)->8666K(8896K) Class: 1304K(1408K)->1304K(1408K)
[302.508s][info][gc             ] GC(358) Pause Young (Normal) (G1 Evacuation Pause) 29M->5M(44M) 3.446ms
[302.508s][info][gc,cpu         ] GC(358) User=0.00s Sys=0.00s Real=0.00s
[302.604s][info][gc,start       ] GC(359) Pause Young (Normal) (G1 Evacuation Pause)
[302.604s][info][gc,task        ] GC(359) Using 2 workers of 33 for evacuation
[302.614s][info][gc,phases      ] GC(359)   Pre Evacuate Collection Set: 0.1ms
[302.614s][info][gc,phases      ] GC(359)   Merge Heap Roots: 0.1ms
[302.615s][info][gc,phases      ] GC(359)   Evacuate Collection Set: 3.5ms
[302.615s][info][gc,phases      ] GC(359)   Post Evacuate Collection Set: 6.4ms
[302.615s][info][gc,phases      ] GC(359)   Other: 0.1ms
[302.615s][info][gc,heap        ] GC(359) Eden regions: 24->0(318)
[302.615s][info][gc,heap        ] GC(359) Survivor regions: 2->2(4)
[302.615s][info][gc,heap        ] GC(359) Old regions: 13->13
[302.615s][info][gc,heap        ] GC(359) Archive regions: 0->0
[302.615s][info][gc,heap        ] GC(359) Humongous regions: 0->0
[302.615s][info][gc,metaspace   ] GC(359) Metaspace: 9970K(10304K)->9970K(10304K) NonClass: 8666K(8896K)->8666K(8896K) Class: 1304K(1408K)->1304K(1408K)
[302.615s][info][gc             ] GC(359) Pause Young (Normal) (G1 Evacuation Pause) 29M->5M(534M) 10.727ms
[302.615s][info][gc,cpu         ] GC(359) User=0.00s Sys=0.02s Real=0.02s
[304.038s][info][gc,start       ] GC(360) Pause Young (Normal) (G1 Evacuation Pause)
[304.038s][info][gc,task        ] GC(360) Using 12 workers of 33 for evacuation
[304.040s][info][gc,phases      ] GC(360)   Pre Evacuate Collection Set: 0.2ms
[304.040s][info][gc,phases      ] GC(360)   Merge Heap Roots: 0.2ms
[304.040s][info][gc,phases      ] GC(360)   Evacuate Collection Set: 1.1ms
[304.040s][info][gc,phases      ] GC(360)   Post Evacuate Collection Set: 0.5ms
[304.040s][info][gc,phases      ] GC(360)   Other: 0.2ms
[304.040s][info][gc,heap        ] GC(360) Eden regions: 318->0(318)
[304.040s][info][gc,heap        ] GC(360) Survivor regions: 2->2(40)
[304.040s][info][gc,heap        ] GC(360) Old regions: 13->13
[304.040s][info][gc,heap        ] GC(360) Archive regions: 0->0
[304.040s][info][gc,heap        ] GC(360) Humongous regions: 0->0
[304.040s][info][gc,metaspace   ] GC(360) Metaspace: 9970K(10304K)->9970K(10304K) NonClass: 8666K(8896K)->8666K(8896K) Class: 1304K(1408K)->1304K(1408K)
[304.040s][info][gc             ] GC(360) Pause Young (Normal) (G1 Evacuation Pause) 323M->5M(534M) 2.587ms
[304.040s][info][gc,cpu         ] GC(360) User=0.00s Sys=0.00s Real=0.00s
[305.371s][info][gc,start       ] GC(361) Pause Young (Normal) (G1 Evacuation Pause)
[305.389s][info][gc,task        ] GC(361) Using 12 workers of 33 for evacuation
[305.391s][info][gc,phases      ] GC(361)   Pre Evacuate Collection Set: 0.2ms
[305.391s][info][gc,phases      ] GC(361)   Merge Heap Roots: 0.2ms
[305.391s][info][gc,phases      ] GC(361)   Evacuate Collection Set: 1.1ms
[305.391s][info][gc,phases      ] GC(361)   Post Evacuate Collection Set: 0.5ms
[305.391s][info][gc,phases      ] GC(361)   Other: 0.2ms
[305.391s][info][gc,heap        ] GC(361) Eden regions: 318->0(318)
[305.391s][info][gc,heap        ] GC(361) Survivor regions: 2->2(40)
[305.391s][info][gc,heap        ] GC(361) Old regions: 13->13
[305.391s][info][gc,heap        ] GC(361) Archive regions: 0->0
[305.391s][info][gc,heap        ] GC(361) Humongous regions: 0->0
[305.391s][info][gc,metaspace   ] GC(361) Metaspace: 9970K(10304K)->9970K(10304K) NonClass: 8666K(8896K)->8666K(8896K) Class: 1304K(1408K)->1304K(1408K)
[305.391s][info][gc             ] GC(361) Pause Young (Normal) (G1 Evacuation Pause) 323M->5M(534M) 20.064ms
[305.391s][info][gc,cpu         ] GC(361) User=0.00s Sys=0.00s Real=0.02s
[306.738s][info][gc,start       ] GC(362) Pause Young (Normal) (G1 Evacuation Pause)
[306.739s][info][gc,task        ] GC(362) Using 12 workers of 33 for evacuation
[306.740s][info][gc,phases      ] GC(362)   Pre Evacuate Collection Set: 0.2ms
[306.740s][info][gc,phases      ] GC(362)   Merge Heap Roots: 0.2ms
[306.740s][info][gc,phases      ] GC(362)   Evacuate Collection Set: 1.0ms
[306.740s][info][gc,phases      ] GC(362)   Post Evacuate Collection Set: 0.5ms
[306.741s][info][gc,phases      ] GC(362)   Other: 0.2ms
[306.741s][info][gc,heap        ] GC(362) Eden regions: 318->0(318)
[306.741s][info][gc,heap        ] GC(362) Survivor regions: 2->2(40)
[306.741s][info][gc,heap        ] GC(362) Old regions: 13->13
[306.741s][info][gc,heap        ] GC(362) Archive regions: 0->0
[306.741s][info][gc,heap        ] GC(362) Humongous regions: 0->0
[306.741s][info][gc,metaspace   ] GC(362) Metaspace: 9970K(10304K)->9970K(10304K) NonClass: 8666K(8896K)->8666K(8896K) Class: 1304K(1408K)->1304K(1408K)
[306.741s][info][gc             ] GC(362) Pause Young (Normal) (G1 Evacuation Pause) 323M->5M(534M) 2.429ms
[306.741s][info][gc,cpu         ] GC(362) User=0.00s Sys=0.00s Real=0.00s
[308.074s][info][gc,start       ] GC(363) Pause Young (Normal) (G1 Evacuation Pause)
[308.074s][info][gc,task        ] GC(363) Using 12 workers of 33 for evacuation
[308.076s][info][gc,phases      ] GC(363)   Pre Evacuate Collection Set: 0.2ms
[308.076s][info][gc,phases      ] GC(363)   Merge Heap Roots: 0.2ms
[308.076s][info][gc,phases      ] GC(363)   Evacuate Collection Set: 0.9ms
[308.076s][info][gc,phases      ] GC(363)   Post Evacuate Collection Set: 0.5ms
[308.076s][info][gc,phases      ] GC(363)   Other: 0.2ms
[308.076s][info][gc,heap        ] GC(363) Eden regions: 318->0(318)
[308.076s][info][gc,heap        ] GC(363) Survivor regions: 2->2(40)
[308.076s][info][gc,heap        ] GC(363) Old regions: 13->13
[308.076s][info][gc,heap        ] GC(363) Archive regions: 0->0
[308.076s][info][gc,heap        ] GC(363) Humongous regions: 0->0
[308.077s][info][gc,metaspace   ] GC(363) Metaspace: 9970K(10304K)->9970K(10304K) NonClass: 8666K(8896K)->8666K(8896K) Class: 1304K(1408K)->1304K(1408K)
[308.077s][info][gc             ] GC(363) Pause Young (Normal) (G1 Evacuation Pause) 323M->5M(534M) 2.389ms
[308.077s][info][gc,cpu         ] GC(363) User=0.00s Sys=0.00s Real=0.00s
[309.082s][info][gc,start       ] GC(364) Pause Full (System.gc())
[309.082s][info][gc,task        ] GC(364) Using 12 workers of 33 for full compaction
[309.082s][info][gc,phases,start] GC(364) Phase 1: Mark live objects
[309.087s][info][gc,phases      ] GC(364) Phase 1: Mark live objects 4.445ms
[309.087s][info][gc,phases,start] GC(364) Phase 2: Prepare compaction
[309.090s][info][gc,phases      ] GC(364) Phase 2: Prepare compaction 2.905ms
[309.090s][info][gc,phases,start] GC(364) Phase 3: Adjust pointers
[309.094s][info][gc,phases      ] GC(364) Phase 3: Adjust pointers 3.968ms
[309.094s][info][gc,phases,start] GC(364) Phase 4: Compact heap
[309.094s][info][gc,phases      ] GC(364) Phase 4: Compact heap 0.616ms
[309.101s][info][gc,heap        ] GC(364) Eden regions: 238->0(26)
[309.101s][info][gc,heap        ] GC(364) Survivor regions: 2->0(40)
[309.101s][info][gc,heap        ] GC(364) Old regions: 13->13
[309.101s][info][gc,heap        ] GC(364) Archive regions: 0->0
[309.101s][info][gc,heap        ] GC(364) Humongous regions: 0->0
[309.101s][info][gc,metaspace   ] GC(364) Metaspace: 9970K(10304K)->9970K(10304K) NonClass: 8666K(8896K)->8666K(8896K) Class: 1304K(1408K)->1304K(1408K)
[309.101s][info][gc             ] GC(364) Pause Full (System.gc()) 242M->3M(44M) 19.372ms
[309.101s][info][gc,cpu         ] GC(364) User=0.19s Sys=0.02s Real=0.03s
[309.200s][info][gc,start       ] GC(365) Pause Young (Normal) (G1 Evacuation Pause)
[309.200s][info][gc,task        ] GC(365) Using 7 workers of 33 for evacuation
[309.202s][info][gc,phases      ] GC(365)   Pre Evacuate Collection Set: 0.1ms
[309.202s][info][gc,phases      ] GC(365)   Merge Heap Roots: 0.1ms
[309.202s][info][gc,phases      ] GC(365)   Evacuate Collection Set: 1.3ms
[309.202s][info][gc,phases      ] GC(365)   Post Evacuate Collection Set: 0.3ms
[309.202s][info][gc,phases      ] GC(365)   Other: 0.1ms
[309.202s][info][gc,heap        ] GC(365) Eden regions: 26->0(24)
[309.202s][info][gc,heap        ] GC(365) Survivor regions: 0->2(4)
[309.202s][info][gc,heap        ] GC(365) Old regions: 13->13
[309.202s][info][gc,heap        ] GC(365) Archive regions: 0->0
[309.202s][info][gc,heap        ] GC(365) Humongous regions: 0->0
[309.202s][info][gc,metaspace   ] GC(365) Metaspace: 9970K(10304K)->9970K(10304K) NonClass: 8666K(8896K)->8666K(8896K) Class: 1304K(1408K)->1304K(1408K)
[309.202s][info][gc             ] GC(365) Pause Young (Normal) (G1 Evacuation Pause) 29M->5M(44M) 2.381ms
[309.202s][info][gc,cpu         ] GC(365) User=0.02s Sys=0.00s Real=0.01s
[309.300s][info][gc,start       ] GC(366) Pause Young (Normal) (G1 Evacuation Pause)
[309.300s][info][gc,task        ] GC(366) Using 4 workers of 33 for evacuation
[309.302s][info][gc,phases      ] GC(366)   Pre Evacuate Collection Set: 0.1ms
[309.302s][info][gc,phases      ] GC(366)   Merge Heap Roots: 0.1ms
[309.302s][info][gc,phases      ] GC(366)   Evacuate Collection Set: 1.7ms
[309.302s][info][gc,phases      ] GC(366)   Post Evacuate Collection Set: 0.2ms
[309.302s][info][gc,phases      ] GC(366)   Other: 0.1ms
[309.302s][info][gc,heap        ] GC(366) Eden regions: 24->0(24)
[309.302s][info][gc,heap        ] GC(366) Survivor regions: 2->2(4)
[309.302s][info][gc,heap        ] GC(366) Old regions: 13->13
[309.302s][info][gc,heap        ] GC(366) Archive regions: 0->0
[309.302s][info][gc,heap        ] GC(366) Humongous regions: 0->0
[309.302s][info][gc,metaspace   ] GC(366) Metaspace: 9970K(10304K)->9970K(10304K) NonClass: 8666K(8896K)->8666K(8896K) Class: 1304K(1408K)->1304K(1408K)
[309.302s][info][gc             ] GC(366) Pause Young (Normal) (G1 Evacuation Pause) 29M->5M(44M) 2.748ms
[309.303s][info][gc,cpu         ] GC(366) User=0.00s Sys=0.00s Real=0.00s
[309.398s][info][gc,start       ] GC(367) Pause Young (Normal) (G1 Evacuation Pause)
[309.398s][info][gc,task        ] GC(367) Using 3 workers of 33 for evacuation
[309.407s][info][gc,phases      ] GC(367)   Pre Evacuate Collection Set: 0.1ms
[309.407s][info][gc,phases      ] GC(367)   Merge Heap Roots: 0.1ms
[309.407s][info][gc,phases      ] GC(367)   Evacuate Collection Set: 2.3ms
[309.407s][info][gc,phases      ] GC(367)   Post Evacuate Collection Set: 6.4ms
[309.407s][info][gc,phases      ] GC(367)   Other: 0.1ms
[309.407s][info][gc,heap        ] GC(367) Eden regions: 24->0(318)
[309.407s][info][gc,heap        ] GC(367) Survivor regions: 2->2(4)
[309.407s][info][gc,heap        ] GC(367) Old regions: 13->13
[309.407s][info][gc,heap        ] GC(367) Archive regions: 0->0
[309.407s][info][gc,heap        ] GC(367) Humongous regions: 0->0
[309.407s][info][gc,metaspace   ] GC(367) Metaspace: 9970K(10304K)->9970K(10304K) NonClass: 8666K(8896K)->8666K(8896K) Class: 1304K(1408K)->1304K(1408K)
[309.407s][info][gc             ] GC(367) Pause Young (Normal) (G1 Evacuation Pause) 29M->5M(534M) 9.455ms
[309.407s][info][gc,cpu         ] GC(367) User=0.02s Sys=0.00s Real=0.01s
[310.819s][info][gc,start       ] GC(368) Pause Young (Normal) (G1 Evacuation Pause)
[310.819s][info][gc,task        ] GC(368) Using 12 workers of 33 for evacuation
[310.821s][info][gc,phases      ] GC(368)   Pre Evacuate Collection Set: 0.2ms
[310.821s][info][gc,phases      ] GC(368)   Merge Heap Roots: 0.2ms
[310.821s][info][gc,phases      ] GC(368)   Evacuate Collection Set: 1.0ms
[310.821s][info][gc,phases      ] GC(368)   Post Evacuate Collection Set: 0.5ms
[310.822s][info][gc,phases      ] GC(368)   Other: 0.2ms
[310.822s][info][gc,heap        ] GC(368) Eden regions: 318->0(318)
[310.822s][info][gc,heap        ] GC(368) Survivor regions: 2->2(40)
[310.822s][info][gc,heap        ] GC(368) Old regions: 13->13
[310.822s][info][gc,heap        ] GC(368) Archive regions: 0->0
[310.822s][info][gc,heap        ] GC(368) Humongous regions: 0->0
[310.822s][info][gc,metaspace   ] GC(368) Metaspace: 9970K(10304K)->9970K(10304K) NonClass: 8666K(8896K)->8666K(8896K) Class: 1304K(1408K)->1304K(1408K)
[310.822s][info][gc             ] GC(368) Pause Young (Normal) (G1 Evacuation Pause) 323M->5M(534M) 2.547ms
[310.822s][info][gc,cpu         ] GC(368) User=0.00s Sys=0.00s Real=0.00s
[312.167s][info][gc,start       ] GC(369) Pause Young (Normal) (G1 Evacuation Pause)
[312.167s][info][gc,task        ] GC(369) Using 12 workers of 33 for evacuation
[312.169s][info][gc,phases      ] GC(369)   Pre Evacuate Collection Set: 0.2ms
[312.169s][info][gc,phases      ] GC(369)   Merge Heap Roots: 0.2ms
[312.169s][info][gc,phases      ] GC(369)   Evacuate Collection Set: 1.1ms
[312.169s][info][gc,phases      ] GC(369)   Post Evacuate Collection Set: 0.5ms
[312.169s][info][gc,phases      ] GC(369)   Other: 0.2ms
[312.169s][info][gc,heap        ] GC(369) Eden regions: 318->0(318)
[312.169s][info][gc,heap        ] GC(369) Survivor regions: 2->2(40)
[312.169s][info][gc,heap        ] GC(369) Old regions: 13->13
[312.169s][info][gc,heap        ] GC(369) Archive regions: 0->0
[312.170s][info][gc,heap        ] GC(369) Humongous regions: 0->0
[312.170s][info][gc,metaspace   ] GC(369) Metaspace: 9970K(10304K)->9970K(10304K) NonClass: 8666K(8896K)->8666K(8896K) Class: 1304K(1408K)->1304K(1408K)
[312.170s][info][gc             ] GC(369) Pause Young (Normal) (G1 Evacuation Pause) 323M->5M(534M) 2.658ms
[312.170s][info][gc,cpu         ] GC(369) User=0.00s Sys=0.00s Real=0.00s
[313.496s][info][gc,start       ] GC(370) Pause Young (Normal) (G1 Evacuation Pause)
[313.496s][info][gc,task        ] GC(370) Using 12 workers of 33 for evacuation
[313.498s][info][gc,phases      ] GC(370)   Pre Evacuate Collection Set: 0.1ms
[313.498s][info][gc,phases      ] GC(370)   Merge Heap Roots: 0.2ms
[313.498s][info][gc,phases      ] GC(370)   Evacuate Collection Set: 0.9ms
[313.498s][info][gc,phases      ] GC(370)   Post Evacuate Collection Set: 0.5ms
[313.498s][info][gc,phases      ] GC(370)   Other: 0.2ms
[313.498s][info][gc,heap        ] GC(370) Eden regions: 318->0(318)
[313.498s][info][gc,heap        ] GC(370) Survivor regions: 2->2(40)
[313.498s][info][gc,heap        ] GC(370) Old regions: 13->13
[313.498s][info][gc,heap        ] GC(370) Archive regions: 0->0
[313.498s][info][gc,heap        ] GC(370) Humongous regions: 0->0
[313.498s][info][gc,metaspace   ] GC(370) Metaspace: 9970K(10304K)->9970K(10304K) NonClass: 8666K(8896K)->8666K(8896K) Class: 1304K(1408K)->1304K(1408K)
[313.499s][info][gc             ] GC(370) Pause Young (Normal) (G1 Evacuation Pause) 323M->5M(534M) 2.397ms
[313.499s][info][gc,cpu         ] GC(370) User=0.00s Sys=0.00s Real=0.00s
[314.830s][info][gc,start       ] GC(371) Pause Young (Normal) (G1 Evacuation Pause)
[314.830s][info][gc,task        ] GC(371) Using 12 workers of 33 for evacuation
[314.832s][info][gc,phases      ] GC(371)   Pre Evacuate Collection Set: 0.2ms
[314.832s][info][gc,phases      ] GC(371)   Merge Heap Roots: 0.2ms
[314.832s][info][gc,phases      ] GC(371)   Evacuate Collection Set: 1.0ms
[314.833s][info][gc,phases      ] GC(371)   Post Evacuate Collection Set: 0.5ms
[314.833s][info][gc,phases      ] GC(371)   Other: 0.2ms
[314.833s][info][gc,heap        ] GC(371) Eden regions: 318->0(318)
[314.833s][info][gc,heap        ] GC(371) Survivor regions: 2->2(40)
[314.833s][info][gc,heap        ] GC(371) Old regions: 13->13
[314.833s][info][gc,heap        ] GC(371) Archive regions: 0->0
[314.833s][info][gc,heap        ] GC(371) Humongous regions: 0->0
[314.833s][info][gc,metaspace   ] GC(371) Metaspace: 9970K(10304K)->9970K(10304K) NonClass: 8666K(8896K)->8666K(8896K) Class: 1304K(1408K)->1304K(1408K)
[314.833s][info][gc             ] GC(371) Pause Young (Normal) (G1 Evacuation Pause) 323M->5M(534M) 2.526ms
[314.833s][info][gc,cpu         ] GC(371) User=0.00s Sys=0.00s Real=0.00s
[315.901s][info][gc,start       ] GC(372) Pause Full (System.gc())
[315.901s][info][gc,task        ] GC(372) Using 12 workers of 33 for full compaction
[315.902s][info][gc,phases,start] GC(372) Phase 1: Mark live objects
[315.906s][info][gc,phases      ] GC(372) Phase 1: Mark live objects 4.608ms
[315.906s][info][gc,phases,start] GC(372) Phase 2: Prepare compaction
[315.910s][info][gc,phases      ] GC(372) Phase 2: Prepare compaction 3.440ms
[315.910s][info][gc,phases,start] GC(372) Phase 3: Adjust pointers
[315.913s][info][gc,phases      ] GC(372) Phase 3: Adjust pointers 3.691ms
[315.913s][info][gc,phases,start] GC(372) Phase 4: Compact heap
[315.914s][info][gc,phases      ] GC(372) Phase 4: Compact heap 0.620ms
[315.920s][info][gc,heap        ] GC(372) Eden regions: 257->0(26)
[315.920s][info][gc,heap        ] GC(372) Survivor regions: 2->0(40)
[315.920s][info][gc,heap        ] GC(372) Old regions: 13->13
[315.920s][info][gc,heap        ] GC(372) Archive regions: 0->0
[315.920s][info][gc,heap        ] GC(372) Humongous regions: 0->0
[315.920s][info][gc,metaspace   ] GC(372) Metaspace: 9970K(10304K)->9970K(10304K) NonClass: 8666K(8896K)->8666K(8896K) Class: 1304K(1408K)->1304K(1408K)
[315.920s][info][gc             ] GC(372) Pause Full (System.gc()) 261M->3M(44M) 19.596ms
[315.920s][info][gc,cpu         ] GC(372) User=0.02s Sys=0.00s Real=0.02s
[316.022s][info][gc,start       ] GC(373) Pause Young (Normal) (G1 Evacuation Pause)
[316.022s][info][gc,task        ] GC(373) Using 7 workers of 33 for evacuation
[316.024s][info][gc,phases      ] GC(373)   Pre Evacuate Collection Set: 0.1ms
[316.024s][info][gc,phases      ] GC(373)   Merge Heap Roots: 0.1ms
[316.024s][info][gc,phases      ] GC(373)   Evacuate Collection Set: 1.3ms
[316.024s][info][gc,phases      ] GC(373)   Post Evacuate Collection Set: 0.3ms
[316.024s][info][gc,phases      ] GC(373)   Other: 0.1ms
[316.024s][info][gc,heap        ] GC(373) Eden regions: 26->0(24)
[316.024s][info][gc,heap        ] GC(373) Survivor regions: 0->2(4)
[316.024s][info][gc,heap        ] GC(373) Old regions: 13->13
[316.024s][info][gc,heap        ] GC(373) Archive regions: 0->0
[316.024s][info][gc,heap        ] GC(373) Humongous regions: 0->0
[316.024s][info][gc,metaspace   ] GC(373) Metaspace: 9970K(10304K)->9970K(10304K) NonClass: 8666K(8896K)->8666K(8896K) Class: 1304K(1408K)->1304K(1408K)
[316.024s][info][gc             ] GC(373) Pause Young (Normal) (G1 Evacuation Pause) 29M->5M(44M) 2.373ms
[316.024s][info][gc,cpu         ] GC(373) User=0.00s Sys=0.00s Real=0.00s
[316.144s][info][gc,start       ] GC(374) Pause Young (Normal) (G1 Evacuation Pause)
[316.144s][info][gc,task        ] GC(374) Using 4 workers of 33 for evacuation
[316.146s][info][gc,phases      ] GC(374)   Pre Evacuate Collection Set: 0.1ms
[316.146s][info][gc,phases      ] GC(374)   Merge Heap Roots: 0.1ms
[316.146s][info][gc,phases      ] GC(374)   Evacuate Collection Set: 1.6ms
[316.146s][info][gc,phases      ] GC(374)   Post Evacuate Collection Set: 0.2ms
[316.146s][info][gc,phases      ] GC(374)   Other: 0.1ms
[316.146s][info][gc,heap        ] GC(374) Eden regions: 24->0(24)
[316.146s][info][gc,heap        ] GC(374) Survivor regions: 2->2(4)
[316.146s][info][gc,heap        ] GC(374) Old regions: 13->13
[316.146s][info][gc,heap        ] GC(374) Archive regions: 0->0
[316.146s][info][gc,heap        ] GC(374) Humongous regions: 0->0
[316.146s][info][gc,metaspace   ] GC(374) Metaspace: 9970K(10304K)->9970K(10304K) NonClass: 8666K(8896K)->8666K(8896K) Class: 1304K(1408K)->1304K(1408K)
[316.146s][info][gc             ] GC(374) Pause Young (Normal) (G1 Evacuation Pause) 29M->5M(44M) 2.583ms
[316.146s][info][gc,cpu         ] GC(374) User=0.00s Sys=0.00s Real=0.00s
[316.238s][info][gc,start       ] GC(375) Pause Young (Normal) (G1 Evacuation Pause)
[316.238s][info][gc,task        ] GC(375) Using 3 workers of 33 for evacuation
[316.247s][info][gc,phases      ] GC(375)   Pre Evacuate Collection Set: 0.1ms
[316.247s][info][gc,phases      ] GC(375)   Merge Heap Roots: 0.1ms
[316.247s][info][gc,phases      ] GC(375)   Evacuate Collection Set: 2.3ms
[316.247s][info][gc,phases      ] GC(375)   Post Evacuate Collection Set: 6.4ms
[316.247s][info][gc,phases      ] GC(375)   Other: 0.1ms
[316.247s][info][gc,heap        ] GC(375) Eden regions: 24->0(318)
[316.247s][info][gc,heap        ] GC(375) Survivor regions: 2->2(4)
[316.247s][info][gc,heap        ] GC(375) Old regions: 13->13
[316.247s][info][gc,heap        ] GC(375) Archive regions: 0->0
[316.247s][info][gc,heap        ] GC(375) Humongous regions: 0->0
[316.247s][info][gc,metaspace   ] GC(375) Metaspace: 9970K(10304K)->9970K(10304K) NonClass: 8666K(8896K)->8666K(8896K) Class: 1304K(1408K)->1304K(1408K)
[316.247s][info][gc             ] GC(375) Pause Young (Normal) (G1 Evacuation Pause) 29M->5M(534M) 9.464ms
[316.247s][info][gc,cpu         ] GC(375) User=0.00s Sys=0.00s Real=0.00s
[317.661s][info][gc,start       ] GC(376) Pause Young (Normal) (G1 Evacuation Pause)
[317.661s][info][gc,task        ] GC(376) Using 12 workers of 33 for evacuation
[317.663s][info][gc,phases      ] GC(376)   Pre Evacuate Collection Set: 0.2ms
[317.663s][info][gc,phases      ] GC(376)   Merge Heap Roots: 0.2ms
[317.663s][info][gc,phases      ] GC(376)   Evacuate Collection Set: 1.1ms
[317.663s][info][gc,phases      ] GC(376)   Post Evacuate Collection Set: 0.5ms
[317.663s][info][gc,phases      ] GC(376)   Other: 0.2ms
[317.663s][info][gc,heap        ] GC(376) Eden regions: 318->0(318)
[317.663s][info][gc,heap        ] GC(376) Survivor regions: 2->2(40)
[317.663s][info][gc,heap        ] GC(376) Old regions: 13->13
[317.663s][info][gc,heap        ] GC(376) Archive regions: 0->0
[317.663s][info][gc,heap        ] GC(376) Humongous regions: 0->0
[317.663s][info][gc,metaspace   ] GC(376) Metaspace: 9970K(10304K)->9970K(10304K) NonClass: 8666K(8896K)->8666K(8896K) Class: 1304K(1408K)->1304K(1408K)
[317.663s][info][gc             ] GC(376) Pause Young (Normal) (G1 Evacuation Pause) 323M->5M(534M) 2.544ms
[317.663s][info][gc,cpu         ] GC(376) User=0.00s Sys=0.00s Real=0.00s
[318.993s][info][gc,start       ] GC(377) Pause Young (Normal) (G1 Evacuation Pause)
[318.993s][info][gc,task        ] GC(377) Using 12 workers of 33 for evacuation
[318.995s][info][gc,phases      ] GC(377)   Pre Evacuate Collection Set: 0.2ms
[318.995s][info][gc,phases      ] GC(377)   Merge Heap Roots: 0.2ms
[318.995s][info][gc,phases      ] GC(377)   Evacuate Collection Set: 1.1ms
[318.995s][info][gc,phases      ] GC(377)   Post Evacuate Collection Set: 0.5ms
[318.995s][info][gc,phases      ] GC(377)   Other: 0.2ms
[318.995s][info][gc,heap        ] GC(377) Eden regions: 318->0(318)
[318.995s][info][gc,heap        ] GC(377) Survivor regions: 2->2(40)
[318.995s][info][gc,heap        ] GC(377) Old regions: 13->13
[318.995s][info][gc,heap        ] GC(377) Archive regions: 0->0
[318.995s][info][gc,heap        ] GC(377) Humongous regions: 0->0
[318.996s][info][gc,metaspace   ] GC(377) Metaspace: 9970K(10304K)->9970K(10304K) NonClass: 8666K(8896K)->8666K(8896K) Class: 1304K(1408K)->1304K(1408K)
[318.996s][info][gc             ] GC(377) Pause Young (Normal) (G1 Evacuation Pause) 323M->5M(534M) 2.623ms
[318.996s][info][gc,cpu         ] GC(377) User=0.00s Sys=0.00s Real=0.00s
[320.313s][info][gc,start       ] GC(378) Pause Young (Normal) (G1 Evacuation Pause)
[320.313s][info][gc,task        ] GC(378) Using 12 workers of 33 for evacuation
[320.315s][info][gc,phases      ] GC(378)   Pre Evacuate Collection Set: 0.2ms
[320.315s][info][gc,phases      ] GC(378)   Merge Heap Roots: 0.2ms
[320.315s][info][gc,phases      ] GC(378)   Evacuate Collection Set: 1.0ms
[320.315s][info][gc,phases      ] GC(378)   Post Evacuate Collection Set: 0.5ms
[320.316s][info][gc,phases      ] GC(378)   Other: 0.2ms
[320.316s][info][gc,heap        ] GC(378) Eden regions: 318->0(318)
[320.316s][info][gc,heap        ] GC(378) Survivor regions: 2->2(40)
[320.316s][info][gc,heap        ] GC(378) Old regions: 13->13
[320.316s][info][gc,heap        ] GC(378) Archive regions: 0->0
[320.316s][info][gc,heap        ] GC(378) Humongous regions: 0->0
[320.316s][info][gc,metaspace   ] GC(378) Metaspace: 9970K(10304K)->9970K(10304K) NonClass: 8666K(8896K)->8666K(8896K) Class: 1304K(1408K)->1304K(1408K)
[320.316s][info][gc             ] GC(378) Pause Young (Normal) (G1 Evacuation Pause) 323M->5M(534M) 2.474ms
[320.316s][info][gc,cpu         ] GC(378) User=0.00s Sys=0.02s Real=0.02s
[321.642s][info][gc,start       ] GC(379) Pause Young (Normal) (G1 Evacuation Pause)
[321.642s][info][gc,task        ] GC(379) Using 12 workers of 33 for evacuation
[321.644s][info][gc,phases      ] GC(379)   Pre Evacuate Collection Set: 0.2ms
[321.644s][info][gc,phases      ] GC(379)   Merge Heap Roots: 0.2ms
[321.644s][info][gc,phases      ] GC(379)   Evacuate Collection Set: 0.9ms
[321.644s][info][gc,phases      ] GC(379)   Post Evacuate Collection Set: 0.5ms
[321.644s][info][gc,phases      ] GC(379)   Other: 0.2ms
[321.644s][info][gc,heap        ] GC(379) Eden regions: 318->0(318)
[321.644s][info][gc,heap        ] GC(379) Survivor regions: 2->2(40)
[321.644s][info][gc,heap        ] GC(379) Old regions: 13->13
[321.644s][info][gc,heap        ] GC(379) Archive regions: 0->0
[321.644s][info][gc,heap        ] GC(379) Humongous regions: 0->0
[321.644s][info][gc,metaspace   ] GC(379) Metaspace: 9970K(10304K)->9970K(10304K) NonClass: 8666K(8896K)->8666K(8896K) Class: 1304K(1408K)->1304K(1408K)
[321.644s][info][gc             ] GC(379) Pause Young (Normal) (G1 Evacuation Pause) 323M->5M(534M) 2.446ms
[321.644s][info][gc,cpu         ] GC(379) User=0.00s Sys=0.00s Real=0.00s
[322.723s][info][gc,start       ] GC(380) Pause Full (System.gc())
[322.723s][info][gc,task        ] GC(380) Using 12 workers of 33 for full compaction
[322.723s][info][gc,phases,start] GC(380) Phase 1: Mark live objects
[322.728s][info][gc,phases      ] GC(380) Phase 1: Mark live objects 4.850ms
[322.728s][info][gc,phases,start] GC(380) Phase 2: Prepare compaction
[322.732s][info][gc,phases      ] GC(380) Phase 2: Prepare compaction 3.789ms
[322.732s][info][gc,phases,start] GC(380) Phase 3: Adjust pointers
[322.736s][info][gc,phases      ] GC(380) Phase 3: Adjust pointers 3.991ms
[322.736s][info][gc,phases,start] GC(380) Phase 4: Compact heap
[322.737s][info][gc,phases      ] GC(380) Phase 4: Compact heap 0.491ms
[322.743s][info][gc,heap        ] GC(380) Eden regions: 261->0(26)
[322.743s][info][gc,heap        ] GC(380) Survivor regions: 2->0(40)
[322.743s][info][gc,heap        ] GC(380) Old regions: 13->13
[322.743s][info][gc,heap        ] GC(380) Archive regions: 0->0
[322.743s][info][gc,heap        ] GC(380) Humongous regions: 0->0
[322.743s][info][gc,metaspace   ] GC(380) Metaspace: 9970K(10304K)->9970K(10304K) NonClass: 8666K(8896K)->8666K(8896K) Class: 1304K(1408K)->1304K(1408K)
[322.743s][info][gc             ] GC(380) Pause Full (System.gc()) 265M->3M(44M) 20.471ms
[322.743s][info][gc,cpu         ] GC(380) User=0.02s Sys=0.02s Real=0.02s
[322.845s][info][gc,start       ] GC(381) Pause Young (Normal) (G1 Evacuation Pause)
[322.845s][info][gc,task        ] GC(381) Using 7 workers of 33 for evacuation
[322.846s][info][gc,phases      ] GC(381)   Pre Evacuate Collection Set: 0.1ms
[322.846s][info][gc,phases      ] GC(381)   Merge Heap Roots: 0.1ms
[322.846s][info][gc,phases      ] GC(381)   Evacuate Collection Set: 1.2ms
[322.847s][info][gc,phases      ] GC(381)   Post Evacuate Collection Set: 0.3ms
[322.847s][info][gc,phases      ] GC(381)   Other: 0.1ms
[322.847s][info][gc,heap        ] GC(381) Eden regions: 26->0(24)
[322.847s][info][gc,heap        ] GC(381) Survivor regions: 0->2(4)
[322.847s][info][gc,heap        ] GC(381) Old regions: 13->13
[322.847s][info][gc,heap        ] GC(381) Archive regions: 0->0
[322.847s][info][gc,heap        ] GC(381) Humongous regions: 0->0
[322.847s][info][gc,metaspace   ] GC(381) Metaspace: 9985K(10304K)->9985K(10304K) NonClass: 8680K(8896K)->8680K(8896K) Class: 1304K(1408K)->1304K(1408K)
[322.847s][info][gc             ] GC(381) Pause Young (Normal) (G1 Evacuation Pause) 29M->5M(44M) 2.287ms
[322.847s][info][gc,cpu         ] GC(381) User=0.00s Sys=0.00s Real=0.00s
[322.956s][info][gc,start       ] GC(382) Pause Young (Normal) (G1 Evacuation Pause)
[322.956s][info][gc,task        ] GC(382) Using 4 workers of 33 for evacuation
[322.959s][info][gc,phases      ] GC(382)   Pre Evacuate Collection Set: 0.1ms
[322.959s][info][gc,phases      ] GC(382)   Merge Heap Roots: 0.1ms
[322.959s][info][gc,phases      ] GC(382)   Evacuate Collection Set: 1.8ms
[322.959s][info][gc,phases      ] GC(382)   Post Evacuate Collection Set: 0.3ms
[322.959s][info][gc,phases      ] GC(382)   Other: 0.1ms
[322.959s][info][gc,heap        ] GC(382) Eden regions: 24->0(24)
[322.959s][info][gc,heap        ] GC(382) Survivor regions: 2->2(4)
[322.959s][info][gc,heap        ] GC(382) Old regions: 13->13
[322.959s][info][gc,heap        ] GC(382) Archive regions: 0->0
[322.959s][info][gc,heap        ] GC(382) Humongous regions: 0->0
[322.959s][info][gc,metaspace   ] GC(382) Metaspace: 9985K(10304K)->9985K(10304K) NonClass: 8680K(8896K)->8680K(8896K) Class: 1304K(1408K)->1304K(1408K)
[322.959s][info][gc             ] GC(382) Pause Young (Normal) (G1 Evacuation Pause) 29M->5M(44M) 2.895ms
[322.959s][info][gc,cpu         ] GC(382) User=0.00s Sys=0.00s Real=0.00s
[323.054s][info][gc,start       ] GC(383) Pause Young (Normal) (G1 Evacuation Pause)
[323.054s][info][gc,task        ] GC(383) Using 3 workers of 33 for evacuation
[323.063s][info][gc,phases      ] GC(383)   Pre Evacuate Collection Set: 0.1ms
[323.063s][info][gc,phases      ] GC(383)   Merge Heap Roots: 0.1ms
[323.063s][info][gc,phases      ] GC(383)   Evacuate Collection Set: 2.3ms
[323.063s][info][gc,phases      ] GC(383)   Post Evacuate Collection Set: 6.4ms
[323.063s][info][gc,phases      ] GC(383)   Other: 0.1ms
[323.063s][info][gc,heap        ] GC(383) Eden regions: 24->0(318)
[323.063s][info][gc,heap        ] GC(383) Survivor regions: 2->2(4)
[323.063s][info][gc,heap        ] GC(383) Old regions: 13->13
[323.063s][info][gc,heap        ] GC(383) Archive regions: 0->0
[323.063s][info][gc,heap        ] GC(383) Humongous regions: 0->0
[323.063s][info][gc,metaspace   ] GC(383) Metaspace: 9985K(10304K)->9985K(10304K) NonClass: 8680K(8896K)->8680K(8896K) Class: 1304K(1408K)->1304K(1408K)
[323.063s][info][gc             ] GC(383) Pause Young (Normal) (G1 Evacuation Pause) 29M->5M(534M) 9.486ms
[323.063s][info][gc,cpu         ] GC(383) User=0.00s Sys=0.00s Real=0.00s
[324.484s][info][gc,start       ] GC(384) Pause Young (Normal) (G1 Evacuation Pause)
[324.485s][info][gc,task        ] GC(384) Using 12 workers of 33 for evacuation
[324.487s][info][gc,phases      ] GC(384)   Pre Evacuate Collection Set: 0.2ms
[324.487s][info][gc,phases      ] GC(384)   Merge Heap Roots: 0.2ms
[324.487s][info][gc,phases      ] GC(384)   Evacuate Collection Set: 1.2ms
[324.487s][info][gc,phases      ] GC(384)   Post Evacuate Collection Set: 0.5ms
[324.487s][info][gc,phases      ] GC(384)   Other: 0.2ms
[324.487s][info][gc,heap        ] GC(384) Eden regions: 318->0(318)
[324.487s][info][gc,heap        ] GC(384) Survivor regions: 2->2(40)
[324.487s][info][gc,heap        ] GC(384) Old regions: 13->13
[324.487s][info][gc,heap        ] GC(384) Archive regions: 0->0
[324.487s][info][gc,heap        ] GC(384) Humongous regions: 0->0
[324.487s][info][gc,metaspace   ] GC(384) Metaspace: 9985K(10304K)->9985K(10304K) NonClass: 8680K(8896K)->8680K(8896K) Class: 1304K(1408K)->1304K(1408K)
[324.487s][info][gc             ] GC(384) Pause Young (Normal) (G1 Evacuation Pause) 323M->5M(534M) 2.671ms
[324.487s][info][gc,cpu         ] GC(384) User=0.00s Sys=0.00s Real=0.00s
[325.820s][info][gc,start       ] GC(385) Pause Young (Normal) (G1 Evacuation Pause)
[325.820s][info][gc,task        ] GC(385) Using 12 workers of 33 for evacuation
[325.822s][info][gc,phases      ] GC(385)   Pre Evacuate Collection Set: 0.2ms
[325.822s][info][gc,phases      ] GC(385)   Merge Heap Roots: 0.2ms
[325.822s][info][gc,phases      ] GC(385)   Evacuate Collection Set: 1.1ms
[325.822s][info][gc,phases      ] GC(385)   Post Evacuate Collection Set: 0.5ms
[325.822s][info][gc,phases      ] GC(385)   Other: 0.2ms
[325.822s][info][gc,heap        ] GC(385) Eden regions: 318->0(318)
[325.822s][info][gc,heap        ] GC(385) Survivor regions: 2->2(40)
[325.822s][info][gc,heap        ] GC(385) Old regions: 13->13
[325.822s][info][gc,heap        ] GC(385) Archive regions: 0->0
[325.822s][info][gc,heap        ] GC(385) Humongous regions: 0->0
[325.822s][info][gc,metaspace   ] GC(385) Metaspace: 9985K(10304K)->9985K(10304K) NonClass: 8680K(8896K)->8680K(8896K) Class: 1304K(1408K)->1304K(1408K)
[325.823s][info][gc             ] GC(385) Pause Young (Normal) (G1 Evacuation Pause) 323M->5M(534M) 2.542ms
[325.823s][info][gc,cpu         ] GC(385) User=0.00s Sys=0.00s Real=0.00s
[327.145s][info][gc,start       ] GC(386) Pause Young (Normal) (G1 Evacuation Pause)
[327.146s][info][gc,task        ] GC(386) Using 12 workers of 33 for evacuation
[327.147s][info][gc,phases      ] GC(386)   Pre Evacuate Collection Set: 0.2ms
[327.147s][info][gc,phases      ] GC(386)   Merge Heap Roots: 0.2ms
[327.147s][info][gc,phases      ] GC(386)   Evacuate Collection Set: 0.9ms
[327.147s][info][gc,phases      ] GC(386)   Post Evacuate Collection Set: 0.5ms
[327.148s][info][gc,phases      ] GC(386)   Other: 0.2ms
[327.148s][info][gc,heap        ] GC(386) Eden regions: 318->0(318)
[327.148s][info][gc,heap        ] GC(386) Survivor regions: 2->2(40)
[327.148s][info][gc,heap        ] GC(386) Old regions: 13->13
[327.148s][info][gc,heap        ] GC(386) Archive regions: 0->0
[327.148s][info][gc,heap        ] GC(386) Humongous regions: 0->0
[327.148s][info][gc,metaspace   ] GC(386) Metaspace: 9985K(10304K)->9985K(10304K) NonClass: 8680K(8896K)->8680K(8896K) Class: 1304K(1408K)->1304K(1408K)
[327.148s][info][gc             ] GC(386) Pause Young (Normal) (G1 Evacuation Pause) 323M->5M(534M) 2.401ms
[327.148s][info][gc,cpu         ] GC(386) User=0.00s Sys=0.00s Real=0.00s
[328.504s][info][gc,start       ] GC(387) Pause Young (Normal) (G1 Evacuation Pause)
[328.504s][info][gc,task        ] GC(387) Using 12 workers of 33 for evacuation
[328.506s][info][gc,phases      ] GC(387)   Pre Evacuate Collection Set: 0.2ms
[328.506s][info][gc,phases      ] GC(387)   Merge Heap Roots: 0.2ms
[328.506s][info][gc,phases      ] GC(387)   Evacuate Collection Set: 0.9ms
[328.506s][info][gc,phases      ] GC(387)   Post Evacuate Collection Set: 0.5ms
[328.506s][info][gc,phases      ] GC(387)   Other: 0.2ms
[328.506s][info][gc,heap        ] GC(387) Eden regions: 318->0(318)
[328.506s][info][gc,heap        ] GC(387) Survivor regions: 2->2(40)
[328.506s][info][gc,heap        ] GC(387) Old regions: 13->13
[328.506s][info][gc,heap        ] GC(387) Archive regions: 0->0
[328.506s][info][gc,heap        ] GC(387) Humongous regions: 0->0
[328.506s][info][gc,metaspace   ] GC(387) Metaspace: 9985K(10304K)->9985K(10304K) NonClass: 8680K(8896K)->8680K(8896K) Class: 1304K(1408K)->1304K(1408K)
[328.506s][info][gc             ] GC(387) Pause Young (Normal) (G1 Evacuation Pause) 323M->5M(534M) 2.342ms
[328.506s][info][gc,cpu         ] GC(387) User=0.00s Sys=0.00s Real=0.00s
[329.569s][info][gc,start       ] GC(388) Pause Full (System.gc())
[329.569s][info][gc,task        ] GC(388) Using 12 workers of 33 for full compaction
[329.569s][info][gc,phases,start] GC(388) Phase 1: Mark live objects
[329.574s][info][gc,phases      ] GC(388) Phase 1: Mark live objects 4.741ms
[329.574s][info][gc,phases,start] GC(388) Phase 2: Prepare compaction
[329.578s][info][gc,phases      ] GC(388) Phase 2: Prepare compaction 4.065ms
[329.578s][info][gc,phases,start] GC(388) Phase 3: Adjust pointers
[329.582s][info][gc,phases      ] GC(388) Phase 3: Adjust pointers 4.266ms
[329.582s][info][gc,phases,start] GC(388) Phase 4: Compact heap
[329.583s][info][gc,phases      ] GC(388) Phase 4: Compact heap 0.503ms
[329.589s][info][gc,heap        ] GC(388) Eden regions: 251->0(26)
[329.589s][info][gc,heap        ] GC(388) Survivor regions: 2->0(40)
[329.589s][info][gc,heap        ] GC(388) Old regions: 13->13
[329.589s][info][gc,heap        ] GC(388) Archive regions: 0->0
[329.589s][info][gc,heap        ] GC(388) Humongous regions: 0->0
[329.589s][info][gc,metaspace   ] GC(388) Metaspace: 9985K(10304K)->9985K(10304K) NonClass: 8680K(8896K)->8680K(8896K) Class: 1304K(1408K)->1304K(1408K)
[329.589s][info][gc             ] GC(388) Pause Full (System.gc()) 255M->3M(44M) 20.947ms
[329.589s][info][gc,cpu         ] GC(388) User=0.02s Sys=0.00s Real=0.02s
[329.689s][info][gc,start       ] GC(389) Pause Young (Normal) (G1 Evacuation Pause)
[329.689s][info][gc,task        ] GC(389) Using 7 workers of 33 for evacuation
[329.691s][info][gc,phases      ] GC(389)   Pre Evacuate Collection Set: 0.1ms
[329.691s][info][gc,phases      ] GC(389)   Merge Heap Roots: 0.1ms
[329.691s][info][gc,phases      ] GC(389)   Evacuate Collection Set: 1.2ms
[329.691s][info][gc,phases      ] GC(389)   Post Evacuate Collection Set: 0.3ms
[329.691s][info][gc,phases      ] GC(389)   Other: 0.1ms
[329.691s][info][gc,heap        ] GC(389) Eden regions: 26->0(24)
[329.691s][info][gc,heap        ] GC(389) Survivor regions: 0->2(4)
[329.691s][info][gc,heap        ] GC(389) Old regions: 13->13
[329.691s][info][gc,heap        ] GC(389) Archive regions: 0->0
[329.691s][info][gc,heap        ] GC(389) Humongous regions: 0->0
[329.691s][info][gc,metaspace   ] GC(389) Metaspace: 9985K(10304K)->9985K(10304K) NonClass: 8680K(8896K)->8680K(8896K) Class: 1304K(1408K)->1304K(1408K)
[329.691s][info][gc             ] GC(389) Pause Young (Normal) (G1 Evacuation Pause) 29M->5M(44M) 2.341ms
[329.691s][info][gc,cpu         ] GC(389) User=0.02s Sys=0.00s Real=0.02s
[329.792s][info][gc,start       ] GC(390) Pause Young (Normal) (G1 Evacuation Pause)
[329.792s][info][gc,task        ] GC(390) Using 4 workers of 33 for evacuation
[329.794s][info][gc,phases      ] GC(390)   Pre Evacuate Collection Set: 0.1ms
[329.794s][info][gc,phases      ] GC(390)   Merge Heap Roots: 0.1ms
[329.794s][info][gc,phases      ] GC(390)   Evacuate Collection Set: 1.9ms
[329.794s][info][gc,phases      ] GC(390)   Post Evacuate Collection Set: 0.2ms
[329.794s][info][gc,phases      ] GC(390)   Other: 0.1ms
[329.794s][info][gc,heap        ] GC(390) Eden regions: 24->0(24)
[329.794s][info][gc,heap        ] GC(390) Survivor regions: 2->2(4)
[329.794s][info][gc,heap        ] GC(390) Old regions: 13->13
[329.794s][info][gc,heap        ] GC(390) Archive regions: 0->0
[329.794s][info][gc,heap        ] GC(390) Humongous regions: 0->0
[329.794s][info][gc,metaspace   ] GC(390) Metaspace: 9985K(10304K)->9985K(10304K) NonClass: 8680K(8896K)->8680K(8896K) Class: 1304K(1408K)->1304K(1408K)
[329.794s][info][gc             ] GC(390) Pause Young (Normal) (G1 Evacuation Pause) 29M->5M(44M) 2.489ms
[329.794s][info][gc,cpu         ] GC(390) User=0.00s Sys=0.00s Real=0.00s
[329.887s][info][gc,start       ] GC(391) Pause Young (Normal) (G1 Evacuation Pause)
[329.887s][info][gc,task        ] GC(391) Using 3 workers of 33 for evacuation
[329.896s][info][gc,phases      ] GC(391)   Pre Evacuate Collection Set: 0.1ms
[329.896s][info][gc,phases      ] GC(391)   Merge Heap Roots: 0.1ms
[329.896s][info][gc,phases      ] GC(391)   Evacuate Collection Set: 2.4ms
[329.896s][info][gc,phases      ] GC(391)   Post Evacuate Collection Set: 6.4ms
[329.896s][info][gc,phases      ] GC(391)   Other: 0.1ms
[329.896s][info][gc,heap        ] GC(391) Eden regions: 24->0(318)
[329.896s][info][gc,heap        ] GC(391) Survivor regions: 2->2(4)
[329.896s][info][gc,heap        ] GC(391) Old regions: 13->13
[329.897s][info][gc,heap        ] GC(391) Archive regions: 0->0
[329.897s][info][gc,heap        ] GC(391) Humongous regions: 0->0
[329.897s][info][gc,metaspace   ] GC(391) Metaspace: 9985K(10304K)->9985K(10304K) NonClass: 8680K(8896K)->8680K(8896K) Class: 1304K(1408K)->1304K(1408K)
[329.897s][info][gc             ] GC(391) Pause Young (Normal) (G1 Evacuation Pause) 29M->5M(534M) 9.574ms
[329.897s][info][gc,cpu         ] GC(391) User=0.02s Sys=0.00s Real=0.02s
[331.308s][info][gc,start       ] GC(392) Pause Young (Normal) (G1 Evacuation Pause)
[331.309s][info][gc,task        ] GC(392) Using 12 workers of 33 for evacuation
[331.311s][info][gc,phases      ] GC(392)   Pre Evacuate Collection Set: 0.2ms
[331.311s][info][gc,phases      ] GC(392)   Merge Heap Roots: 0.2ms
[331.311s][info][gc,phases      ] GC(392)   Evacuate Collection Set: 1.1ms
[331.311s][info][gc,phases      ] GC(392)   Post Evacuate Collection Set: 0.5ms
[331.311s][info][gc,phases      ] GC(392)   Other: 0.2ms
[331.311s][info][gc,heap        ] GC(392) Eden regions: 318->0(318)
[331.311s][info][gc,heap        ] GC(392) Survivor regions: 2->2(40)
[331.311s][info][gc,heap        ] GC(392) Old regions: 13->13
[331.311s][info][gc,heap        ] GC(392) Archive regions: 0->0
[331.311s][info][gc,heap        ] GC(392) Humongous regions: 0->0
[331.311s][info][gc,metaspace   ] GC(392) Metaspace: 9985K(10304K)->9985K(10304K) NonClass: 8680K(8896K)->8680K(8896K) Class: 1304K(1408K)->1304K(1408K)
[331.311s][info][gc             ] GC(392) Pause Young (Normal) (G1 Evacuation Pause) 323M->5M(534M) 2.541ms
[331.311s][info][gc,cpu         ] GC(392) User=0.00s Sys=0.00s Real=0.00s
[332.648s][info][gc,start       ] GC(393) Pause Young (Normal) (G1 Evacuation Pause)
[332.648s][info][gc,task        ] GC(393) Using 12 workers of 33 for evacuation
[332.650s][info][gc,phases      ] GC(393)   Pre Evacuate Collection Set: 0.2ms
[332.650s][info][gc,phases      ] GC(393)   Merge Heap Roots: 0.2ms
[332.650s][info][gc,phases      ] GC(393)   Evacuate Collection Set: 1.2ms
[332.650s][info][gc,phases      ] GC(393)   Post Evacuate Collection Set: 0.5ms
[332.650s][info][gc,phases      ] GC(393)   Other: 0.2ms
[332.650s][info][gc,heap        ] GC(393) Eden regions: 318->0(318)
[332.650s][info][gc,heap        ] GC(393) Survivor regions: 2->2(40)
[332.650s][info][gc,heap        ] GC(393) Old regions: 13->13
[332.650s][info][gc,heap        ] GC(393) Archive regions: 0->0
[332.650s][info][gc,heap        ] GC(393) Humongous regions: 0->0
[332.651s][info][gc,metaspace   ] GC(393) Metaspace: 9985K(10304K)->9985K(10304K) NonClass: 8680K(8896K)->8680K(8896K) Class: 1304K(1408K)->1304K(1408K)
[332.651s][info][gc             ] GC(393) Pause Young (Normal) (G1 Evacuation Pause) 323M->5M(534M) 2.656ms
[332.651s][info][gc,cpu         ] GC(393) User=0.00s Sys=0.00s Real=0.00s
[333.981s][info][gc,start       ] GC(394) Pause Young (Normal) (G1 Evacuation Pause)
[333.981s][info][gc,task        ] GC(394) Using 12 workers of 33 for evacuation
[333.983s][info][gc,phases      ] GC(394)   Pre Evacuate Collection Set: 0.2ms
[333.983s][info][gc,phases      ] GC(394)   Merge Heap Roots: 0.2ms
[333.983s][info][gc,phases      ] GC(394)   Evacuate Collection Set: 0.9ms
[333.983s][info][gc,phases      ] GC(394)   Post Evacuate Collection Set: 0.5ms
[333.983s][info][gc,phases      ] GC(394)   Other: 0.2ms
[333.983s][info][gc,heap        ] GC(394) Eden regions: 318->0(318)
[333.983s][info][gc,heap        ] GC(394) Survivor regions: 2->2(40)
[333.983s][info][gc,heap        ] GC(394) Old regions: 13->13
[333.983s][info][gc,heap        ] GC(394) Archive regions: 0->0
[333.983s][info][gc,heap        ] GC(394) Humongous regions: 0->0
[333.983s][info][gc,metaspace   ] GC(394) Metaspace: 9985K(10304K)->9985K(10304K) NonClass: 8680K(8896K)->8680K(8896K) Class: 1304K(1408K)->1304K(1408K)
[333.984s][info][gc             ] GC(394) Pause Young (Normal) (G1 Evacuation Pause) 323M->5M(534M) 2.328ms
[333.984s][info][gc,cpu         ] GC(394) User=0.00s Sys=0.00s Real=0.00s
[335.326s][info][gc,start       ] GC(395) Pause Young (Normal) (G1 Evacuation Pause)
[335.326s][info][gc,task        ] GC(395) Using 12 workers of 33 for evacuation
[335.328s][info][gc,phases      ] GC(395)   Pre Evacuate Collection Set: 0.2ms
[335.328s][info][gc,phases      ] GC(395)   Merge Heap Roots: 0.2ms
[335.328s][info][gc,phases      ] GC(395)   Evacuate Collection Set: 0.9ms
[335.328s][info][gc,phases      ] GC(395)   Post Evacuate Collection Set: 0.5ms
[335.328s][info][gc,phases      ] GC(395)   Other: 0.2ms
[335.328s][info][gc,heap        ] GC(395) Eden regions: 318->0(318)
[335.328s][info][gc,heap        ] GC(395) Survivor regions: 2->2(40)
[335.328s][info][gc,heap        ] GC(395) Old regions: 13->13
[335.328s][info][gc,heap        ] GC(395) Archive regions: 0->0
[335.328s][info][gc,heap        ] GC(395) Humongous regions: 0->0
[335.328s][info][gc,metaspace   ] GC(395) Metaspace: 9985K(10304K)->9985K(10304K) NonClass: 8680K(8896K)->8680K(8896K) Class: 1304K(1408K)->1304K(1408K)
[335.328s][info][gc             ] GC(395) Pause Young (Normal) (G1 Evacuation Pause) 323M->5M(534M) 2.334ms
[335.329s][info][gc,cpu         ] GC(395) User=0.00s Sys=0.00s Real=0.00s
[336.402s][info][gc,start       ] GC(396) Pause Full (System.gc())
[336.402s][info][gc,task        ] GC(396) Using 12 workers of 33 for full compaction
[336.403s][info][gc,phases,start] GC(396) Phase 1: Mark live objects
[336.407s][info][gc,phases      ] GC(396) Phase 1: Mark live objects 4.670ms
[336.407s][info][gc,phases,start] GC(396) Phase 2: Prepare compaction
[336.411s][info][gc,phases      ] GC(396) Phase 2: Prepare compaction 3.937ms
[336.411s][info][gc,phases,start] GC(396) Phase 3: Adjust pointers
[336.415s][info][gc,phases      ] GC(396) Phase 3: Adjust pointers 4.028ms
[336.416s][info][gc,phases,start] GC(396) Phase 4: Compact heap
[336.416s][info][gc,phases      ] GC(396) Phase 4: Compact heap 0.632ms
[336.422s][info][gc,heap        ] GC(396) Eden regions: 256->0(26)
[336.422s][info][gc,heap        ] GC(396) Survivor regions: 2->0(40)
[336.422s][info][gc,heap        ] GC(396) Old regions: 13->13
[336.422s][info][gc,heap        ] GC(396) Archive regions: 0->0
[336.422s][info][gc,heap        ] GC(396) Humongous regions: 0->0
[336.422s][info][gc,metaspace   ] GC(396) Metaspace: 9985K(10304K)->9985K(10304K) NonClass: 8680K(8896K)->8680K(8896K) Class: 1304K(1408K)->1304K(1408K)
[336.423s][info][gc             ] GC(396) Pause Full (System.gc()) 260M->3M(44M) 20.659ms
[336.423s][info][gc,cpu         ] GC(396) User=0.03s Sys=0.00s Real=0.02s
[336.519s][info][gc,start       ] GC(397) Pause Young (Normal) (G1 Evacuation Pause)
[336.519s][info][gc,task        ] GC(397) Using 7 workers of 33 for evacuation
[336.521s][info][gc,phases      ] GC(397)   Pre Evacuate Collection Set: 0.1ms
[336.521s][info][gc,phases      ] GC(397)   Merge Heap Roots: 0.1ms
[336.521s][info][gc,phases      ] GC(397)   Evacuate Collection Set: 1.0ms
[336.521s][info][gc,phases      ] GC(397)   Post Evacuate Collection Set: 0.3ms
[336.521s][info][gc,phases      ] GC(397)   Other: 0.1ms
[336.521s][info][gc,heap        ] GC(397) Eden regions: 26->0(24)
[336.521s][info][gc,heap        ] GC(397) Survivor regions: 0->2(4)
[336.521s][info][gc,heap        ] GC(397) Old regions: 13->13
[336.521s][info][gc,heap        ] GC(397) Archive regions: 0->0
[336.521s][info][gc,heap        ] GC(397) Humongous regions: 0->0
[336.521s][info][gc,metaspace   ] GC(397) Metaspace: 9985K(10304K)->9985K(10304K) NonClass: 8680K(8896K)->8680K(8896K) Class: 1304K(1408K)->1304K(1408K)
[336.521s][info][gc             ] GC(397) Pause Young (Normal) (G1 Evacuation Pause) 29M->5M(44M) 1.990ms
[336.521s][info][gc,cpu         ] GC(397) User=0.00s Sys=0.00s Real=0.00s
[336.633s][info][gc,start       ] GC(398) Pause Young (Normal) (G1 Evacuation Pause)
[336.634s][info][gc,task        ] GC(398) Using 4 workers of 33 for evacuation
[336.635s][info][gc,phases      ] GC(398)   Pre Evacuate Collection Set: 0.1ms
[336.635s][info][gc,phases      ] GC(398)   Merge Heap Roots: 0.1ms
[336.636s][info][gc,phases      ] GC(398)   Evacuate Collection Set: 1.4ms
[336.636s][info][gc,phases      ] GC(398)   Post Evacuate Collection Set: 0.2ms
[336.636s][info][gc,phases      ] GC(398)   Other: 0.1ms
[336.636s][info][gc,heap        ] GC(398) Eden regions: 24->0(24)
[336.636s][info][gc,heap        ] GC(398) Survivor regions: 2->2(4)
[336.636s][info][gc,heap        ] GC(398) Old regions: 13->13
[336.636s][info][gc,heap        ] GC(398) Archive regions: 0->0
[336.636s][info][gc,heap        ] GC(398) Humongous regions: 0->0
[336.636s][info][gc,metaspace   ] GC(398) Metaspace: 9985K(10304K)->9985K(10304K) NonClass: 8680K(8896K)->8680K(8896K) Class: 1304K(1408K)->1304K(1408K)
[336.636s][info][gc             ] GC(398) Pause Young (Normal) (G1 Evacuation Pause) 29M->5M(44M) 2.400ms
[336.636s][info][gc,cpu         ] GC(398) User=0.00s Sys=0.00s Real=0.00s
[336.728s][info][gc,start       ] GC(399) Pause Young (Normal) (G1 Evacuation Pause)
[336.728s][info][gc,task        ] GC(399) Using 3 workers of 33 for evacuation
[336.737s][info][gc,phases      ] GC(399)   Pre Evacuate Collection Set: 0.1ms
[336.737s][info][gc,phases      ] GC(399)   Merge Heap Roots: 0.1ms
[336.737s][info][gc,phases      ] GC(399)   Evacuate Collection Set: 2.2ms
[336.737s][info][gc,phases      ] GC(399)   Post Evacuate Collection Set: 6.3ms
[336.737s][info][gc,phases      ] GC(399)   Other: 0.1ms
[336.737s][info][gc,heap        ] GC(399) Eden regions: 24->0(318)
[336.737s][info][gc,heap        ] GC(399) Survivor regions: 2->2(4)
[336.737s][info][gc,heap        ] GC(399) Old regions: 13->13
[336.737s][info][gc,heap        ] GC(399) Archive regions: 0->0
[336.737s][info][gc,heap        ] GC(399) Humongous regions: 0->0
[336.738s][info][gc,metaspace   ] GC(399) Metaspace: 9985K(10304K)->9985K(10304K) NonClass: 8680K(8896K)->8680K(8896K) Class: 1304K(1408K)->1304K(1408K)
[336.738s][info][gc             ] GC(399) Pause Young (Normal) (G1 Evacuation Pause) 29M->5M(534M) 9.342ms
[336.738s][info][gc,cpu         ] GC(399) User=0.00s Sys=0.00s Real=0.00s
[338.133s][info][gc,start       ] GC(400) Pause Young (Normal) (G1 Evacuation Pause)
[338.134s][info][gc,task        ] GC(400) Using 12 workers of 33 for evacuation
[338.136s][info][gc,phases      ] GC(400)   Pre Evacuate Collection Set: 0.2ms
[338.136s][info][gc,phases      ] GC(400)   Merge Heap Roots: 0.2ms
[338.136s][info][gc,phases      ] GC(400)   Evacuate Collection Set: 1.1ms
[338.136s][info][gc,phases      ] GC(400)   Post Evacuate Collection Set: 0.5ms
[338.136s][info][gc,phases      ] GC(400)   Other: 0.2ms
[338.136s][info][gc,heap        ] GC(400) Eden regions: 318->0(318)
[338.136s][info][gc,heap        ] GC(400) Survivor regions: 2->2(40)
[338.136s][info][gc,heap        ] GC(400) Old regions: 13->13
[338.136s][info][gc,heap        ] GC(400) Archive regions: 0->0
[338.136s][info][gc,heap        ] GC(400) Humongous regions: 0->0
[338.136s][info][gc,metaspace   ] GC(400) Metaspace: 9985K(10304K)->9985K(10304K) NonClass: 8680K(8896K)->8680K(8896K) Class: 1304K(1408K)->1304K(1408K)
[338.136s][info][gc             ] GC(400) Pause Young (Normal) (G1 Evacuation Pause) 323M->5M(534M) 2.633ms
[338.136s][info][gc,cpu         ] GC(400) User=0.00s Sys=0.00s Real=0.00s
[339.453s][info][gc,start       ] GC(401) Pause Young (Normal) (G1 Evacuation Pause)
[339.453s][info][gc,task        ] GC(401) Using 12 workers of 33 for evacuation
[339.455s][info][gc,phases      ] GC(401)   Pre Evacuate Collection Set: 0.2ms
[339.455s][info][gc,phases      ] GC(401)   Merge Heap Roots: 0.2ms
[339.455s][info][gc,phases      ] GC(401)   Evacuate Collection Set: 1.0ms
[339.455s][info][gc,phases      ] GC(401)   Post Evacuate Collection Set: 0.5ms
[339.455s][info][gc,phases      ] GC(401)   Other: 0.2ms
[339.455s][info][gc,heap        ] GC(401) Eden regions: 318->0(318)
[339.455s][info][gc,heap        ] GC(401) Survivor regions: 2->2(40)
[339.455s][info][gc,heap        ] GC(401) Old regions: 13->13
[339.455s][info][gc,heap        ] GC(401) Archive regions: 0->0
[339.455s][info][gc,heap        ] GC(401) Humongous regions: 0->0
[339.456s][info][gc,metaspace   ] GC(401) Metaspace: 9985K(10304K)->9985K(10304K) NonClass: 8680K(8896K)->8680K(8896K) Class: 1304K(1408K)->1304K(1408K)
[339.456s][info][gc             ] GC(401) Pause Young (Normal) (G1 Evacuation Pause) 323M->5M(534M) 2.530ms
[339.456s][info][gc,cpu         ] GC(401) User=0.00s Sys=0.00s Real=0.00s
[340.773s][info][gc,start       ] GC(402) Pause Young (Normal) (G1 Evacuation Pause)
[340.773s][info][gc,task        ] GC(402) Using 12 workers of 33 for evacuation
[340.775s][info][gc,phases      ] GC(402)   Pre Evacuate Collection Set: 0.2ms
[340.775s][info][gc,phases      ] GC(402)   Merge Heap Roots: 0.2ms
[340.775s][info][gc,phases      ] GC(402)   Evacuate Collection Set: 0.9ms
[340.775s][info][gc,phases      ] GC(402)   Post Evacuate Collection Set: 0.5ms
[340.775s][info][gc,phases      ] GC(402)   Other: 0.2ms
[340.775s][info][gc,heap        ] GC(402) Eden regions: 318->0(318)
[340.775s][info][gc,heap        ] GC(402) Survivor regions: 2->2(40)
[340.775s][info][gc,heap        ] GC(402) Old regions: 13->13
[340.775s][info][gc,heap        ] GC(402) Archive regions: 0->0
[340.775s][info][gc,heap        ] GC(402) Humongous regions: 0->0
[340.775s][info][gc,metaspace   ] GC(402) Metaspace: 9985K(10304K)->9985K(10304K) NonClass: 8680K(8896K)->8680K(8896K) Class: 1304K(1408K)->1304K(1408K)
[340.775s][info][gc             ] GC(402) Pause Young (Normal) (G1 Evacuation Pause) 323M->5M(534M) 2.424ms
[340.775s][info][gc,cpu         ] GC(402) User=0.00s Sys=0.00s Real=0.00s
[342.087s][info][gc,start       ] GC(403) Pause Young (Normal) (G1 Evacuation Pause)
[342.087s][info][gc,task        ] GC(403) Using 12 workers of 33 for evacuation
[342.089s][info][gc,phases      ] GC(403)   Pre Evacuate Collection Set: 0.2ms
[342.089s][info][gc,phases      ] GC(403)   Merge Heap Roots: 0.2ms
[342.089s][info][gc,phases      ] GC(403)   Evacuate Collection Set: 0.9ms
[342.089s][info][gc,phases      ] GC(403)   Post Evacuate Collection Set: 0.5ms
[342.089s][info][gc,phases      ] GC(403)   Other: 0.2ms
[342.089s][info][gc,heap        ] GC(403) Eden regions: 318->0(318)
[342.089s][info][gc,heap        ] GC(403) Survivor regions: 2->2(40)
[342.089s][info][gc,heap        ] GC(403) Old regions: 13->13
[342.089s][info][gc,heap        ] GC(403) Archive regions: 0->0
[342.089s][info][gc,heap        ] GC(403) Humongous regions: 0->0
[342.089s][info][gc,metaspace   ] GC(403) Metaspace: 9985K(10304K)->9985K(10304K) NonClass: 8680K(8896K)->8680K(8896K) Class: 1304K(1408K)->1304K(1408K)
[342.089s][info][gc             ] GC(403) Pause Young (Normal) (G1 Evacuation Pause) 323M->5M(534M) 2.494ms
[342.089s][info][gc,cpu         ] GC(403) User=0.02s Sys=0.00s Real=0.02s
[343.147s][info][gc,heap,exit   ] Heap
[343.147s][info][gc,heap,exit   ]  garbage-first heap   total 546816K, used 267612K [0x00000000c0000000, 0x0000000100000000)
[343.148s][info][gc,heap,exit   ]   region size 1024K, 258 young (264192K), 2 survivors (2048K)
[343.148s][info][gc,heap,exit   ]  Metaspace       used 10045K, committed 10368K, reserved 1114112K
[343.148s][info][gc,heap,exit   ]   class space    used 1313K, committed 1408K, reserved 1048576K
