[0.016s][info][gc,init] CardTable entry size: 512
[0.016s][info][gc     ] Using G1
[0.025s][info][gc,init] Version: 20+36-2344 (release)
[0.025s][info][gc,init] CPUs: 48 total, 48 available
[0.025s][info][gc,init] Memory: 382G
[0.025s][info][gc,init] Large Page Support: Disabled
[0.025s][info][gc,init] NUMA Support: Disabled
[0.025s][info][gc,init] Compressed Oops: Enabled (32-bit)
[0.025s][info][gc,init] Heap Region Size: 1M
[0.025s][info][gc,init] Heap Min Capacity: 8M
[0.025s][info][gc,init] Heap Initial Capacity: 512M
[0.025s][info][gc,init] Heap Max Capacity: 512M
[0.036s][info][gc,init] Pre-touch: Disabled
[0.036s][info][gc,init] Parallel Workers: 33
[0.036s][info][gc,init] Concurrent Workers: 8
[0.036s][info][gc,init] Concurrent Refinement Workers: 33
[0.036s][info][gc,init] Periodic GC: Disabled
[0.037s][info][gc,metaspace] CDS archive(s) mapped at: [0x0000000800000000-0x0000000800c60000-0x0000000800c60000), size 12976128, SharedBaseAddress: 0x0000000800000000, ArchiveRelocationMode: 0.
[0.037s][info][gc,metaspace] Compressed class space mapped at: 0x0000000801000000-0x0000000841000000, reserved size: 1073741824
[0.037s][info][gc,metaspace] Narrow klass base: 0x0000000800000000, Narrow klass shift: 0, Narrow klass range: 0x100000000
[1.050s][info][gc,start    ] GC(0) Pause Full (System.gc())
[1.051s][info][gc,task     ] GC(0) Using 12 workers of 33 for full compaction
[1.052s][info][gc,phases,start] GC(0) Phase 1: Mark live objects
[1.055s][info][gc,phases      ] GC(0) Phase 1: Mark live objects 3.599ms
[1.055s][info][gc,phases,start] GC(0) Phase 2: Prepare compaction
[1.057s][info][gc,phases      ] GC(0) Phase 2: Prepare compaction 1.137ms
[1.057s][info][gc,phases,start] GC(0) Phase 3: Adjust pointers
[1.059s][info][gc,phases      ] GC(0) Phase 3: Adjust pointers 2.312ms
[1.059s][info][gc,phases,start] GC(0) Phase 4: Compact heap
[1.060s][info][gc,phases      ] GC(0) Phase 4: Compact heap 1.595ms
[1.067s][info][gc,heap        ] GC(0) Eden regions: 24->0(14)
[1.067s][info][gc,heap        ] GC(0) Survivor regions: 0->0(0)
[1.067s][info][gc,heap        ] GC(0) Old regions: 0->12
[1.067s][info][gc,heap        ] GC(0) Archive regions: 0->0
[1.067s][info][gc,heap        ] GC(0) Humongous regions: 0->0
[1.067s][info][gc,metaspace   ] GC(0) Metaspace: 8311K(8512K)->8311K(8512K) NonClass: 7194K(7296K)->7194K(7296K) Class: 1116K(1216K)->1116K(1216K)
[1.067s][info][gc             ] GC(0) Pause Full (System.gc()) 24M->3M(40M) 17.357ms
[1.067s][info][gc,cpu         ] GC(0) User=0.00s Sys=0.13s Real=0.02s
[1.269s][info][gc,start       ] GC(1) Pause Young (Normal) (G1 Evacuation Pause)
[1.269s][info][gc,task        ] GC(1) Using 7 workers of 33 for evacuation
[1.272s][info][gc,phases      ] GC(1)   Pre Evacuate Collection Set: 0.1ms
[1.272s][info][gc,phases      ] GC(1)   Merge Heap Roots: 0.1ms
[1.272s][info][gc,phases      ] GC(1)   Evacuate Collection Set: 2.1ms
[1.272s][info][gc,phases      ] GC(1)   Post Evacuate Collection Set: 0.6ms
[1.272s][info][gc,phases      ] GC(1)   Other: 0.2ms
[1.272s][info][gc,heap        ] GC(1) Eden regions: 14->0(18)
[1.272s][info][gc,heap        ] GC(1) Survivor regions: 0->2(2)
[1.272s][info][gc,heap        ] GC(1) Old regions: 12->12
[1.272s][info][gc,heap        ] GC(1) Archive regions: 0->0
[1.272s][info][gc,heap        ] GC(1) Humongous regions: 0->0
[1.273s][info][gc,metaspace   ] GC(1) Metaspace: 9670K(9920K)->9670K(9920K) NonClass: 8367K(8512K)->8367K(8512K) Class: 1302K(1408K)->1302K(1408K)
[1.273s][info][gc             ] GC(1) Pause Young (Normal) (G1 Evacuation Pause) 17M->5M(40M) 3.434ms
[1.273s][info][gc,cpu         ] GC(1) User=0.00s Sys=0.00s Real=0.00s
[1.373s][info][gc,start       ] GC(2) Pause Young (Normal) (G1 Evacuation Pause)
[1.373s][info][gc,task        ] GC(2) Using 4 workers of 33 for evacuation
[1.376s][info][gc,phases      ] GC(2)   Pre Evacuate Collection Set: 0.1ms
[1.376s][info][gc,phases      ] GC(2)   Merge Heap Roots: 0.0ms
[1.376s][info][gc,phases      ] GC(2)   Evacuate Collection Set: 2.4ms
[1.377s][info][gc,phases      ] GC(2)   Post Evacuate Collection Set: 0.4ms
[1.377s][info][gc,phases      ] GC(2)   Other: 0.1ms
[1.377s][info][gc,heap        ] GC(2) Eden regions: 18->0(20)
[1.377s][info][gc,heap        ] GC(2) Survivor regions: 2->2(3)
[1.377s][info][gc,heap        ] GC(2) Old regions: 12->12
[1.377s][info][gc,heap        ] GC(2) Archive regions: 0->0
[1.377s][info][gc,heap        ] GC(2) Humongous regions: 0->0
[1.377s][info][gc,metaspace   ] GC(2) Metaspace: 9740K(9984K)->9740K(9984K) NonClass: 8437K(8576K)->8437K(8576K) Class: 1302K(1408K)->1302K(1408K)
[1.377s][info][gc             ] GC(2) Pause Young (Normal) (G1 Evacuation Pause) 23M->5M(40M) 3.732ms
[1.377s][info][gc,cpu         ] GC(2) User=0.00s Sys=0.00s Real=0.00s
[1.470s][info][gc,start       ] GC(3) Pause Young (Normal) (G1 Evacuation Pause)
[1.470s][info][gc,task        ] GC(3) Using 3 workers of 33 for evacuation
[1.474s][info][gc,phases      ] GC(3)   Pre Evacuate Collection Set: 0.1ms
[1.474s][info][gc,phases      ] GC(3)   Merge Heap Roots: 0.1ms
[1.474s][info][gc,phases      ] GC(3)   Evacuate Collection Set: 3.8ms
[1.474s][info][gc,phases      ] GC(3)   Post Evacuate Collection Set: 0.4ms
[1.474s][info][gc,phases      ] GC(3)   Other: 0.1ms
[1.475s][info][gc,heap        ] GC(3) Eden regions: 20->0(22)
[1.475s][info][gc,heap        ] GC(3) Survivor regions: 2->2(3)
[1.475s][info][gc,heap        ] GC(3) Old regions: 12->12
[1.475s][info][gc,heap        ] GC(3) Archive regions: 0->0
[1.475s][info][gc,heap        ] GC(3) Humongous regions: 0->0
[1.475s][info][gc,metaspace   ] GC(3) Metaspace: 9765K(9984K)->9765K(9984K) NonClass: 8462K(8576K)->8462K(8576K) Class: 1302K(1408K)->1302K(1408K)
[1.475s][info][gc             ] GC(3) Pause Young (Normal) (G1 Evacuation Pause) 25M->5M(40M) 4.957ms
[1.475s][info][gc,cpu         ] GC(3) User=0.00s Sys=0.00s Real=0.00s
[1.567s][info][gc,start       ] GC(4) Pause Young (Normal) (G1 Evacuation Pause)
[1.567s][info][gc,task        ] GC(4) Using 2 workers of 33 for evacuation
[1.574s][info][gc,phases      ] GC(4)   Pre Evacuate Collection Set: 0.1ms
[1.574s][info][gc,phases      ] GC(4)   Merge Heap Roots: 0.0ms
[1.574s][info][gc,phases      ] GC(4)   Evacuate Collection Set: 3.6ms
[1.574s][info][gc,phases      ] GC(4)   Post Evacuate Collection Set: 3.4ms
[1.575s][info][gc,phases      ] GC(4)   Other: 0.1ms
[1.575s][info][gc,heap        ] GC(4) Eden regions: 22->0(163)
[1.575s][info][gc,heap        ] GC(4) Survivor regions: 2->2(3)
[1.575s][info][gc,heap        ] GC(4) Old regions: 12->12
[1.575s][info][gc,heap        ] GC(4) Archive regions: 0->0
[1.575s][info][gc,heap        ] GC(4) Humongous regions: 0->0
[1.575s][info][gc,metaspace   ] GC(4) Metaspace: 9794K(10048K)->9794K(10048K) NonClass: 8491K(8640K)->8491K(8640K) Class: 1302K(1408K)->1302K(1408K)
[1.575s][info][gc             ] GC(4) Pause Young (Normal) (G1 Evacuation Pause) 27M->5M(276M) 7.669ms
[1.575s][info][gc,cpu         ] GC(4) User=0.02s Sys=0.02s Real=0.02s
[2.328s][info][gc,start       ] GC(5) Pause Young (Normal) (G1 Evacuation Pause)
[2.328s][info][gc,task        ] GC(5) Using 6 workers of 33 for evacuation
[2.332s][info][gc,phases      ] GC(5)   Pre Evacuate Collection Set: 0.1ms
[2.332s][info][gc,phases      ] GC(5)   Merge Heap Roots: 0.1ms
[2.332s][info][gc,phases      ] GC(5)   Evacuate Collection Set: 2.4ms
[2.332s][info][gc,phases      ] GC(5)   Post Evacuate Collection Set: 0.6ms
[2.332s][info][gc,phases      ] GC(5)   Other: 0.2ms
[2.332s][info][gc,heap        ] GC(5) Eden regions: 163->0(163)
[2.332s][info][gc,heap        ] GC(5) Survivor regions: 2->2(21)
[2.332s][info][gc,heap        ] GC(5) Old regions: 12->12
[2.332s][info][gc,heap        ] GC(5) Archive regions: 0->0
[2.332s][info][gc,heap        ] GC(5) Humongous regions: 0->0
[2.332s][info][gc,metaspace   ] GC(5) Metaspace: 9811K(10048K)->9811K(10048K) NonClass: 8508K(8640K)->8508K(8640K) Class: 1302K(1408K)->1302K(1408K)
[2.332s][info][gc             ] GC(5) Pause Young (Normal) (G1 Evacuation Pause) 168M->5M(276M) 3.914ms
[2.332s][info][gc,cpu         ] GC(5) User=0.00s Sys=0.00s Real=0.00s
[3.066s][info][gc,start       ] GC(6) Pause Young (Normal) (G1 Evacuation Pause)
[3.067s][info][gc,task        ] GC(6) Using 6 workers of 33 for evacuation
[3.070s][info][gc,phases      ] GC(6)   Pre Evacuate Collection Set: 0.1ms
[3.070s][info][gc,phases      ] GC(6)   Merge Heap Roots: 0.1ms
[3.070s][info][gc,phases      ] GC(6)   Evacuate Collection Set: 2.3ms
[3.070s][info][gc,phases      ] GC(6)   Post Evacuate Collection Set: 0.6ms
[3.070s][info][gc,phases      ] GC(6)   Other: 0.1ms
[3.070s][info][gc,heap        ] GC(6) Eden regions: 163->0(163)
[3.070s][info][gc,heap        ] GC(6) Survivor regions: 2->2(21)
[3.070s][info][gc,heap        ] GC(6) Old regions: 12->12
[3.070s][info][gc,heap        ] GC(6) Archive regions: 0->0
[3.070s][info][gc,heap        ] GC(6) Humongous regions: 0->0
[3.070s][info][gc,metaspace   ] GC(6) Metaspace: 9811K(10048K)->9811K(10048K) NonClass: 8508K(8640K)->8508K(8640K) Class: 1302K(1408K)->1302K(1408K)
[3.070s][info][gc             ] GC(6) Pause Young (Normal) (G1 Evacuation Pause) 168M->5M(276M) 3.759ms
[3.070s][info][gc,cpu         ] GC(6) User=0.00s Sys=0.00s Real=0.00s
[3.787s][info][gc,start       ] GC(7) Pause Young (Normal) (G1 Evacuation Pause)
[3.787s][info][gc,task        ] GC(7) Using 6 workers of 33 for evacuation
[3.790s][info][gc,phases      ] GC(7)   Pre Evacuate Collection Set: 0.1ms
[3.790s][info][gc,phases      ] GC(7)   Merge Heap Roots: 0.1ms
[3.790s][info][gc,phases      ] GC(7)   Evacuate Collection Set: 1.8ms
[3.790s][info][gc,phases      ] GC(7)   Post Evacuate Collection Set: 0.5ms
[3.790s][info][gc,phases      ] GC(7)   Other: 0.1ms
[3.790s][info][gc,heap        ] GC(7) Eden regions: 163->0(163)
[3.790s][info][gc,heap        ] GC(7) Survivor regions: 2->2(21)
[3.790s][info][gc,heap        ] GC(7) Old regions: 12->12
[3.790s][info][gc,heap        ] GC(7) Archive regions: 0->0
[3.790s][info][gc,heap        ] GC(7) Humongous regions: 0->0
[3.790s][info][gc,metaspace   ] GC(7) Metaspace: 9811K(10048K)->9811K(10048K) NonClass: 8508K(8640K)->8508K(8640K) Class: 1302K(1408K)->1302K(1408K)
[3.790s][info][gc             ] GC(7) Pause Young (Normal) (G1 Evacuation Pause) 168M->5M(276M) 3.179ms
[3.790s][info][gc,cpu         ] GC(7) User=0.00s Sys=0.00s Real=0.00s
[4.504s][info][gc,start       ] GC(8) Pause Young (Normal) (G1 Evacuation Pause)
[4.505s][info][gc,task        ] GC(8) Using 6 workers of 33 for evacuation
[4.507s][info][gc,phases      ] GC(8)   Pre Evacuate Collection Set: 0.1ms
[4.507s][info][gc,phases      ] GC(8)   Merge Heap Roots: 0.1ms
[4.507s][info][gc,phases      ] GC(8)   Evacuate Collection Set: 1.9ms
[4.507s][info][gc,phases      ] GC(8)   Post Evacuate Collection Set: 0.6ms
[4.507s][info][gc,phases      ] GC(8)   Other: 0.1ms
[4.508s][info][gc,heap        ] GC(8) Eden regions: 163->0(163)
[4.508s][info][gc,heap        ] GC(8) Survivor regions: 2->2(21)
[4.508s][info][gc,heap        ] GC(8) Old regions: 12->12
[4.508s][info][gc,heap        ] GC(8) Archive regions: 0->0
[4.508s][info][gc,heap        ] GC(8) Humongous regions: 0->0
[4.508s][info][gc,metaspace   ] GC(8) Metaspace: 9811K(10048K)->9811K(10048K) NonClass: 8508K(8640K)->8508K(8640K) Class: 1302K(1408K)->1302K(1408K)
[4.508s][info][gc             ] GC(8) Pause Young (Normal) (G1 Evacuation Pause) 168M->5M(276M) 3.388ms
[4.508s][info][gc,cpu         ] GC(8) User=0.00s Sys=0.00s Real=0.00s
[5.214s][info][gc,start       ] GC(9) Pause Young (Normal) (G1 Evacuation Pause)
[5.214s][info][gc,task        ] GC(9) Using 6 workers of 33 for evacuation
[5.217s][info][gc,phases      ] GC(9)   Pre Evacuate Collection Set: 0.1ms
[5.217s][info][gc,phases      ] GC(9)   Merge Heap Roots: 0.1ms
[5.217s][info][gc,phases      ] GC(9)   Evacuate Collection Set: 2.0ms
[5.217s][info][gc,phases      ] GC(9)   Post Evacuate Collection Set: 0.6ms
[5.217s][info][gc,phases      ] GC(9)   Other: 0.1ms
[5.217s][info][gc,heap        ] GC(9) Eden regions: 163->0(163)
[5.217s][info][gc,heap        ] GC(9) Survivor regions: 2->2(21)
[5.217s][info][gc,heap        ] GC(9) Old regions: 12->12
[5.217s][info][gc,heap        ] GC(9) Archive regions: 0->0
[5.217s][info][gc,heap        ] GC(9) Humongous regions: 0->0
[5.217s][info][gc,metaspace   ] GC(9) Metaspace: 9811K(10048K)->9811K(10048K) NonClass: 8508K(8640K)->8508K(8640K) Class: 1302K(1408K)->1302K(1408K)
[5.217s][info][gc             ] GC(9) Pause Young (Normal) (G1 Evacuation Pause) 168M->5M(276M) 3.415ms
[5.217s][info][gc,cpu         ] GC(9) User=0.00s Sys=0.00s Real=0.00s
[5.926s][info][gc,start       ] GC(10) Pause Young (Normal) (G1 Evacuation Pause)
[5.926s][info][gc,task        ] GC(10) Using 6 workers of 33 for evacuation
[5.929s][info][gc,phases      ] GC(10)   Pre Evacuate Collection Set: 0.1ms
[5.929s][info][gc,phases      ] GC(10)   Merge Heap Roots: 0.1ms
[5.929s][info][gc,phases      ] GC(10)   Evacuate Collection Set: 1.9ms
[5.929s][info][gc,phases      ] GC(10)   Post Evacuate Collection Set: 0.6ms
[5.929s][info][gc,phases      ] GC(10)   Other: 0.1ms
[5.929s][info][gc,heap        ] GC(10) Eden regions: 163->0(163)
[5.929s][info][gc,heap        ] GC(10) Survivor regions: 2->2(21)
[5.929s][info][gc,heap        ] GC(10) Old regions: 12->12
[5.929s][info][gc,heap        ] GC(10) Archive regions: 0->0
[5.929s][info][gc,heap        ] GC(10) Humongous regions: 0->0
[5.929s][info][gc,metaspace   ] GC(10) Metaspace: 9811K(10048K)->9811K(10048K) NonClass: 8508K(8640K)->8508K(8640K) Class: 1302K(1408K)->1302K(1408K)
[5.929s][info][gc             ] GC(10) Pause Young (Normal) (G1 Evacuation Pause) 168M->5M(276M) 3.371ms
[5.929s][info][gc,cpu         ] GC(10) User=0.00s Sys=0.00s Real=0.00s
[6.642s][info][gc,start       ] GC(11) Pause Young (Normal) (G1 Evacuation Pause)
[6.642s][info][gc,task        ] GC(11) Using 6 workers of 33 for evacuation
[6.645s][info][gc,phases      ] GC(11)   Pre Evacuate Collection Set: 0.1ms
[6.645s][info][gc,phases      ] GC(11)   Merge Heap Roots: 0.1ms
[6.645s][info][gc,phases      ] GC(11)   Evacuate Collection Set: 1.9ms
[6.645s][info][gc,phases      ] GC(11)   Post Evacuate Collection Set: 0.6ms
[6.645s][info][gc,phases      ] GC(11)   Other: 0.1ms
[6.645s][info][gc,heap        ] GC(11) Eden regions: 163->0(163)
[6.645s][info][gc,heap        ] GC(11) Survivor regions: 2->2(21)
[6.645s][info][gc,heap        ] GC(11) Old regions: 12->12
[6.645s][info][gc,heap        ] GC(11) Archive regions: 0->0
[6.645s][info][gc,heap        ] GC(11) Humongous regions: 0->0
[6.645s][info][gc,metaspace   ] GC(11) Metaspace: 9811K(10048K)->9811K(10048K) NonClass: 8508K(8640K)->8508K(8640K) Class: 1302K(1408K)->1302K(1408K)
[6.645s][info][gc             ] GC(11) Pause Young (Normal) (G1 Evacuation Pause) 168M->5M(276M) 3.401ms
[6.645s][info][gc,cpu         ] GC(11) User=0.00s Sys=0.00s Real=0.00s
[7.371s][info][gc,start       ] GC(12) Pause Young (Normal) (G1 Evacuation Pause)
[7.371s][info][gc,task        ] GC(12) Using 6 workers of 33 for evacuation
[7.374s][info][gc,phases      ] GC(12)   Pre Evacuate Collection Set: 0.1ms
[7.374s][info][gc,phases      ] GC(12)   Merge Heap Roots: 0.1ms
[7.374s][info][gc,phases      ] GC(12)   Evacuate Collection Set: 1.9ms
[7.374s][info][gc,phases      ] GC(12)   Post Evacuate Collection Set: 0.6ms
[7.374s][info][gc,phases      ] GC(12)   Other: 0.1ms
[7.374s][info][gc,heap        ] GC(12) Eden regions: 163->0(163)
[7.374s][info][gc,heap        ] GC(12) Survivor regions: 2->2(21)
[7.374s][info][gc,heap        ] GC(12) Old regions: 12->12
[7.374s][info][gc,heap        ] GC(12) Archive regions: 0->0
[7.374s][info][gc,heap        ] GC(12) Humongous regions: 0->0
[7.374s][info][gc,metaspace   ] GC(12) Metaspace: 9811K(10048K)->9811K(10048K) NonClass: 8508K(8640K)->8508K(8640K) Class: 1302K(1408K)->1302K(1408K)
[7.374s][info][gc             ] GC(12) Pause Young (Normal) (G1 Evacuation Pause) 168M->5M(276M) 3.401ms
[7.374s][info][gc,cpu         ] GC(12) User=0.00s Sys=0.00s Real=0.00s
[8.089s][info][gc,start       ] GC(13) Pause Young (Normal) (G1 Evacuation Pause)
[8.089s][info][gc,task        ] GC(13) Using 6 workers of 33 for evacuation
[8.092s][info][gc,phases      ] GC(13)   Pre Evacuate Collection Set: 0.1ms
[8.092s][info][gc,phases      ] GC(13)   Merge Heap Roots: 0.1ms
[8.092s][info][gc,phases      ] GC(13)   Evacuate Collection Set: 1.9ms
[8.092s][info][gc,phases      ] GC(13)   Post Evacuate Collection Set: 0.6ms
[8.092s][info][gc,phases      ] GC(13)   Other: 0.2ms
[8.092s][info][gc,heap        ] GC(13) Eden regions: 163->0(163)
[8.092s][info][gc,heap        ] GC(13) Survivor regions: 2->2(21)
[8.092s][info][gc,heap        ] GC(13) Old regions: 12->12
[8.092s][info][gc,heap        ] GC(13) Archive regions: 0->0
[8.092s][info][gc,heap        ] GC(13) Humongous regions: 0->0
[8.093s][info][gc,metaspace   ] GC(13) Metaspace: 9811K(10048K)->9811K(10048K) NonClass: 8508K(8640K)->8508K(8640K) Class: 1302K(1408K)->1302K(1408K)
[8.093s][info][gc             ] GC(13) Pause Young (Normal) (G1 Evacuation Pause) 168M->5M(276M) 3.586ms
[8.093s][info][gc,cpu         ] GC(13) User=0.02s Sys=0.00s Real=0.02s
[8.394s][info][gc,start       ] GC(14) Pause Full (System.gc())
[8.394s][info][gc,task        ] GC(14) Using 6 workers of 33 for full compaction
[8.394s][info][gc,phases,start] GC(14) Phase 1: Mark live objects
[8.402s][info][gc,phases      ] GC(14) Phase 1: Mark live objects 7.945ms
[8.402s][info][gc,phases,start] GC(14) Phase 2: Prepare compaction
[8.403s][info][gc,phases      ] GC(14) Phase 2: Prepare compaction 1.399ms
[8.403s][info][gc,phases,start] GC(14) Phase 3: Adjust pointers
[8.408s][info][gc,phases      ] GC(14) Phase 3: Adjust pointers 4.351ms
[8.408s][info][gc,phases,start] GC(14) Phase 4: Compact heap
[8.409s][info][gc,phases      ] GC(14) Phase 4: Compact heap 1.484ms
[8.415s][info][gc,heap        ] GC(14) Eden regions: 67->0(14)
[8.415s][info][gc,heap        ] GC(14) Survivor regions: 2->0(21)
[8.415s][info][gc,heap        ] GC(14) Old regions: 12->7
[8.415s][info][gc,heap        ] GC(14) Archive regions: 0->0
[8.415s][info][gc,heap        ] GC(14) Humongous regions: 0->0
[8.415s][info][gc,metaspace   ] GC(14) Metaspace: 9872K(10176K)->9833K(10176K) NonClass: 8558K(8768K)->8531K(8768K) Class: 1314K(1408K)->1302K(1408K)
[8.415s][info][gc             ] GC(14) Pause Full (System.gc()) 72M->3M(24M) 21.424ms
[8.415s][info][gc,cpu         ] GC(14) User=0.11s Sys=0.00s Real=0.03s
[8.482s][info][gc,start       ] GC(15) Pause Young (Normal) (G1 Evacuation Pause)
[8.482s][info][gc,task        ] GC(15) Using 4 workers of 33 for evacuation
[8.485s][info][gc,phases      ] GC(15)   Pre Evacuate Collection Set: 0.1ms
[8.485s][info][gc,phases      ] GC(15)   Merge Heap Roots: 0.1ms
[8.485s][info][gc,phases      ] GC(15)   Evacuate Collection Set: 2.2ms
[8.485s][info][gc,phases      ] GC(15)   Post Evacuate Collection Set: 0.2ms
[8.485s][info][gc,phases      ] GC(15)   Other: 0.1ms
[8.485s][info][gc,heap        ] GC(15) Eden regions: 14->0(11)
[8.485s][info][gc,heap        ] GC(15) Survivor regions: 0->2(2)
[8.485s][info][gc,heap        ] GC(15) Old regions: 7->7
[8.485s][info][gc,heap        ] GC(15) Archive regions: 0->0
[8.485s][info][gc,heap        ] GC(15) Humongous regions: 0->0
[8.485s][info][gc,metaspace   ] GC(15) Metaspace: 9833K(10176K)->9833K(10176K) NonClass: 8531K(8768K)->8531K(8768K) Class: 1302K(1408K)->1302K(1408K)
[8.485s][info][gc             ] GC(15) Pause Young (Normal) (G1 Evacuation Pause) 17M->5M(24M) 3.136ms
[8.485s][info][gc,cpu         ] GC(15) User=0.00s Sys=0.00s Real=0.00s
[8.539s][info][gc,start       ] GC(16) Pause Young (Normal) (G1 Evacuation Pause)
[8.540s][info][gc,task        ] GC(16) Using 3 workers of 33 for evacuation
[8.542s][info][gc,phases      ] GC(16)   Pre Evacuate Collection Set: 0.1ms
[8.543s][info][gc,phases      ] GC(16)   Merge Heap Roots: 0.0ms
[8.543s][info][gc,phases      ] GC(16)   Evacuate Collection Set: 2.5ms
[8.543s][info][gc,phases      ] GC(16)   Post Evacuate Collection Set: 0.2ms
[8.543s][info][gc,phases      ] GC(16)   Other: 0.1ms
[8.543s][info][gc,heap        ] GC(16) Eden regions: 11->0(12)
[8.543s][info][gc,heap        ] GC(16) Survivor regions: 2->1(2)
[8.543s][info][gc,heap        ] GC(16) Old regions: 7->8
[8.543s][info][gc,heap        ] GC(16) Archive regions: 0->0
[8.543s][info][gc,heap        ] GC(16) Humongous regions: 0->0
[8.543s][info][gc,metaspace   ] GC(16) Metaspace: 9833K(10176K)->9833K(10176K) NonClass: 8531K(8768K)->8531K(8768K) Class: 1302K(1408K)->1302K(1408K)
[8.543s][info][gc             ] GC(16) Pause Young (Normal) (G1 Evacuation Pause) 16M->5M(24M) 3.495ms
[8.543s][info][gc,cpu         ] GC(16) User=0.00s Sys=0.00s Real=0.00s
[8.595s][info][gc,start       ] GC(17) Pause Young (Normal) (G1 Evacuation Pause)
[8.595s][info][gc,task        ] GC(17) Using 2 workers of 33 for evacuation
[8.598s][info][gc,phases      ] GC(17)   Pre Evacuate Collection Set: 0.1ms
[8.598s][info][gc,phases      ] GC(17)   Merge Heap Roots: 0.0ms
[8.598s][info][gc,phases      ] GC(17)   Evacuate Collection Set: 3.0ms
[8.598s][info][gc,phases      ] GC(17)   Post Evacuate Collection Set: 0.2ms
[8.599s][info][gc,phases      ] GC(17)   Other: 0.1ms
[8.599s][info][gc,heap        ] GC(17) Eden regions: 12->0(12)
[8.599s][info][gc,heap        ] GC(17) Survivor regions: 1->1(2)
[8.599s][info][gc,heap        ] GC(17) Old regions: 8->8
[8.599s][info][gc,heap        ] GC(17) Archive regions: 0->0
[8.599s][info][gc,heap        ] GC(17) Humongous regions: 0->0
[8.599s][info][gc,metaspace   ] GC(17) Metaspace: 9833K(10176K)->9833K(10176K) NonClass: 8531K(8768K)->8531K(8768K) Class: 1302K(1408K)->1302K(1408K)
[8.599s][info][gc             ] GC(17) Pause Young (Normal) (G1 Evacuation Pause) 17M->5M(24M) 3.752ms
[8.599s][info][gc,cpu         ] GC(17) User=0.00s Sys=0.00s Real=0.00s
[8.649s][info][gc,start       ] GC(18) Pause Young (Normal) (G1 Evacuation Pause)
[8.649s][info][gc,task        ] GC(18) Using 2 workers of 33 for evacuation
[8.656s][info][gc,phases      ] GC(18)   Pre Evacuate Collection Set: 0.1ms
[8.656s][info][gc,phases      ] GC(18)   Merge Heap Roots: 0.0ms
[8.656s][info][gc,phases      ] GC(18)   Evacuate Collection Set: 3.3ms
[8.656s][info][gc,phases      ] GC(18)   Post Evacuate Collection Set: 3.3ms
[8.656s][info][gc,phases      ] GC(18)   Other: 0.1ms
[8.656s][info][gc,heap        ] GC(18) Eden regions: 12->0(158)
[8.656s][info][gc,heap        ] GC(18) Survivor regions: 1->2(2)
[8.656s][info][gc,heap        ] GC(18) Old regions: 8->8
[8.656s][info][gc,heap        ] GC(18) Archive regions: 0->0
[8.656s][info][gc,heap        ] GC(18) Humongous regions: 0->0
[8.656s][info][gc,metaspace   ] GC(18) Metaspace: 9833K(10176K)->9833K(10176K) NonClass: 8531K(8768K)->8531K(8768K) Class: 1302K(1408K)->1302K(1408K)
[8.656s][info][gc             ] GC(18) Pause Young (Normal) (G1 Evacuation Pause) 17M->5M(268M) 7.303ms
[8.656s][info][gc,cpu         ] GC(18) User=0.00s Sys=0.00s Real=0.00s
[9.391s][info][gc,start       ] GC(19) Pause Young (Normal) (G1 Evacuation Pause)
[9.391s][info][gc,task        ] GC(19) Using 6 workers of 33 for evacuation
[9.394s][info][gc,phases      ] GC(19)   Pre Evacuate Collection Set: 0.1ms
[9.394s][info][gc,phases      ] GC(19)   Merge Heap Roots: 0.1ms
[9.394s][info][gc,phases      ] GC(19)   Evacuate Collection Set: 1.7ms
[9.394s][info][gc,phases      ] GC(19)   Post Evacuate Collection Set: 0.3ms
[9.394s][info][gc,phases      ] GC(19)   Other: 0.1ms
[9.394s][info][gc,heap        ] GC(19) Eden regions: 158->0(158)
[9.394s][info][gc,heap        ] GC(19) Survivor regions: 2->2(20)
[9.394s][info][gc,heap        ] GC(19) Old regions: 8->8
[9.394s][info][gc,heap        ] GC(19) Archive regions: 0->0
[9.394s][info][gc,heap        ] GC(19) Humongous regions: 0->0
[9.394s][info][gc,metaspace   ] GC(19) Metaspace: 9833K(10176K)->9833K(10176K) NonClass: 8531K(8768K)->8531K(8768K) Class: 1302K(1408K)->1302K(1408K)
[9.394s][info][gc             ] GC(19) Pause Young (Normal) (G1 Evacuation Pause) 163M->5M(268M) 2.936ms
[9.394s][info][gc,cpu         ] GC(19) User=0.00s Sys=0.00s Real=0.00s
[10.094s][info][gc,start       ] GC(20) Pause Young (Normal) (G1 Evacuation Pause)
[10.094s][info][gc,task        ] GC(20) Using 6 workers of 33 for evacuation
[10.097s][info][gc,phases      ] GC(20)   Pre Evacuate Collection Set: 0.1ms
[10.097s][info][gc,phases      ] GC(20)   Merge Heap Roots: 0.1ms
[10.097s][info][gc,phases      ] GC(20)   Evacuate Collection Set: 1.7ms
[10.097s][info][gc,phases      ] GC(20)   Post Evacuate Collection Set: 0.3ms
[10.097s][info][gc,phases      ] GC(20)   Other: 0.1ms
[10.097s][info][gc,heap        ] GC(20) Eden regions: 158->0(158)
[10.097s][info][gc,heap        ] GC(20) Survivor regions: 2->2(20)
[10.097s][info][gc,heap        ] GC(20) Old regions: 8->8
[10.097s][info][gc,heap        ] GC(20) Archive regions: 0->0
[10.097s][info][gc,heap        ] GC(20) Humongous regions: 0->0
[10.097s][info][gc,metaspace   ] GC(20) Metaspace: 9833K(10176K)->9833K(10176K) NonClass: 8531K(8768K)->8531K(8768K) Class: 1302K(1408K)->1302K(1408K)
[10.097s][info][gc             ] GC(20) Pause Young (Normal) (G1 Evacuation Pause) 163M->5M(268M) 2.963ms
[10.097s][info][gc,cpu         ] GC(20) User=0.00s Sys=0.00s Real=0.00s
[10.796s][info][gc,start       ] GC(21) Pause Young (Normal) (G1 Evacuation Pause)
[10.796s][info][gc,task        ] GC(21) Using 6 workers of 33 for evacuation
[10.799s][info][gc,phases      ] GC(21)   Pre Evacuate Collection Set: 0.1ms
[10.799s][info][gc,phases      ] GC(21)   Merge Heap Roots: 0.1ms
[10.799s][info][gc,phases      ] GC(21)   Evacuate Collection Set: 1.4ms
[10.799s][info][gc,phases      ] GC(21)   Post Evacuate Collection Set: 0.3ms
[10.799s][info][gc,phases      ] GC(21)   Other: 0.1ms
[10.799s][info][gc,heap        ] GC(21) Eden regions: 158->0(158)
[10.799s][info][gc,heap        ] GC(21) Survivor regions: 2->2(20)
[10.799s][info][gc,heap        ] GC(21) Old regions: 8->8
[10.799s][info][gc,heap        ] GC(21) Archive regions: 0->0
[10.799s][info][gc,heap        ] GC(21) Humongous regions: 0->0
[10.799s][info][gc,metaspace   ] GC(21) Metaspace: 9833K(10176K)->9833K(10176K) NonClass: 8531K(8768K)->8531K(8768K) Class: 1302K(1408K)->1302K(1408K)
[10.799s][info][gc             ] GC(21) Pause Young (Normal) (G1 Evacuation Pause) 163M->5M(268M) 2.625ms
[10.799s][info][gc,cpu         ] GC(21) User=0.00s Sys=0.00s Real=0.00s
[11.493s][info][gc,start       ] GC(22) Pause Young (Normal) (G1 Evacuation Pause)
[11.494s][info][gc,task        ] GC(22) Using 6 workers of 33 for evacuation
[11.496s][info][gc,phases      ] GC(22)   Pre Evacuate Collection Set: 0.1ms
[11.496s][info][gc,phases      ] GC(22)   Merge Heap Roots: 0.1ms
[11.496s][info][gc,phases      ] GC(22)   Evacuate Collection Set: 1.4ms
[11.496s][info][gc,phases      ] GC(22)   Post Evacuate Collection Set: 0.4ms
[11.496s][info][gc,phases      ] GC(22)   Other: 0.1ms
[11.496s][info][gc,heap        ] GC(22) Eden regions: 158->0(158)
[11.496s][info][gc,heap        ] GC(22) Survivor regions: 2->2(20)
[11.496s][info][gc,heap        ] GC(22) Old regions: 8->8
[11.496s][info][gc,heap        ] GC(22) Archive regions: 0->0
[11.496s][info][gc,heap        ] GC(22) Humongous regions: 0->0
[11.496s][info][gc,metaspace   ] GC(22) Metaspace: 9833K(10176K)->9833K(10176K) NonClass: 8531K(8768K)->8531K(8768K) Class: 1302K(1408K)->1302K(1408K)
[11.496s][info][gc             ] GC(22) Pause Young (Normal) (G1 Evacuation Pause) 163M->5M(268M) 2.686ms
[11.496s][info][gc,cpu         ] GC(22) User=0.09s Sys=0.00s Real=0.01s
[12.193s][info][gc,start       ] GC(23) Pause Young (Normal) (G1 Evacuation Pause)
[12.193s][info][gc,task        ] GC(23) Using 6 workers of 33 for evacuation
[12.195s][info][gc,phases      ] GC(23)   Pre Evacuate Collection Set: 0.1ms
[12.195s][info][gc,phases      ] GC(23)   Merge Heap Roots: 0.1ms
[12.195s][info][gc,phases      ] GC(23)   Evacuate Collection Set: 1.4ms
[12.196s][info][gc,phases      ] GC(23)   Post Evacuate Collection Set: 0.3ms
[12.196s][info][gc,phases      ] GC(23)   Other: 0.1ms
[12.196s][info][gc,heap        ] GC(23) Eden regions: 158->0(158)
[12.196s][info][gc,heap        ] GC(23) Survivor regions: 2->2(20)
[12.196s][info][gc,heap        ] GC(23) Old regions: 8->8
[12.196s][info][gc,heap        ] GC(23) Archive regions: 0->0
[12.196s][info][gc,heap        ] GC(23) Humongous regions: 0->0
[12.196s][info][gc,metaspace   ] GC(23) Metaspace: 9833K(10176K)->9833K(10176K) NonClass: 8531K(8768K)->8531K(8768K) Class: 1302K(1408K)->1302K(1408K)
[12.196s][info][gc             ] GC(23) Pause Young (Normal) (G1 Evacuation Pause) 163M->5M(268M) 2.605ms
[12.196s][info][gc,cpu         ] GC(23) User=0.00s Sys=0.00s Real=0.00s
[12.886s][info][gc,start       ] GC(24) Pause Young (Normal) (G1 Evacuation Pause)
[12.886s][info][gc,task        ] GC(24) Using 6 workers of 33 for evacuation
[12.888s][info][gc,phases      ] GC(24)   Pre Evacuate Collection Set: 0.1ms
[12.888s][info][gc,phases      ] GC(24)   Merge Heap Roots: 0.1ms
[12.888s][info][gc,phases      ] GC(24)   Evacuate Collection Set: 1.4ms
[12.888s][info][gc,phases      ] GC(24)   Post Evacuate Collection Set: 0.4ms
[12.888s][info][gc,phases      ] GC(24)   Other: 0.1ms
[12.888s][info][gc,heap        ] GC(24) Eden regions: 158->0(158)
[12.888s][info][gc,heap        ] GC(24) Survivor regions: 2->2(20)
[12.888s][info][gc,heap        ] GC(24) Old regions: 8->8
[12.888s][info][gc,heap        ] GC(24) Archive regions: 0->0
[12.888s][info][gc,heap        ] GC(24) Humongous regions: 0->0
[12.888s][info][gc,metaspace   ] GC(24) Metaspace: 9833K(10176K)->9833K(10176K) NonClass: 8531K(8768K)->8531K(8768K) Class: 1302K(1408K)->1302K(1408K)
[12.888s][info][gc             ] GC(24) Pause Young (Normal) (G1 Evacuation Pause) 163M->5M(268M) 2.611ms
[12.888s][info][gc,cpu         ] GC(24) User=0.00s Sys=0.02s Real=0.02s
[13.580s][info][gc,start       ] GC(25) Pause Young (Normal) (G1 Evacuation Pause)
[13.580s][info][gc,task        ] GC(25) Using 6 workers of 33 for evacuation
[13.582s][info][gc,phases      ] GC(25)   Pre Evacuate Collection Set: 0.1ms
[13.582s][info][gc,phases      ] GC(25)   Merge Heap Roots: 0.1ms
[13.582s][info][gc,phases      ] GC(25)   Evacuate Collection Set: 1.5ms
[13.582s][info][gc,phases      ] GC(25)   Post Evacuate Collection Set: 0.3ms
[13.582s][info][gc,phases      ] GC(25)   Other: 0.1ms
[13.582s][info][gc,heap        ] GC(25) Eden regions: 158->0(158)
[13.582s][info][gc,heap        ] GC(25) Survivor regions: 2->2(20)
[13.582s][info][gc,heap        ] GC(25) Old regions: 8->8
[13.582s][info][gc,heap        ] GC(25) Archive regions: 0->0
[13.582s][info][gc,heap        ] GC(25) Humongous regions: 0->0
[13.582s][info][gc,metaspace   ] GC(25) Metaspace: 9833K(10176K)->9833K(10176K) NonClass: 8531K(8768K)->8531K(8768K) Class: 1302K(1408K)->1302K(1408K)
[13.582s][info][gc             ] GC(25) Pause Young (Normal) (G1 Evacuation Pause) 163M->5M(268M) 2.674ms
[13.583s][info][gc,cpu         ] GC(25) User=0.09s Sys=0.00s Real=0.01s
[14.274s][info][gc,start       ] GC(26) Pause Young (Normal) (G1 Evacuation Pause)
[14.274s][info][gc,task        ] GC(26) Using 6 workers of 33 for evacuation
[14.276s][info][gc,phases      ] GC(26)   Pre Evacuate Collection Set: 0.1ms
[14.276s][info][gc,phases      ] GC(26)   Merge Heap Roots: 0.1ms
[14.276s][info][gc,phases      ] GC(26)   Evacuate Collection Set: 1.3ms
[14.276s][info][gc,phases      ] GC(26)   Post Evacuate Collection Set: 0.3ms
[14.276s][info][gc,phases      ] GC(26)   Other: 0.1ms
[14.276s][info][gc,heap        ] GC(26) Eden regions: 158->0(158)
[14.276s][info][gc,heap        ] GC(26) Survivor regions: 2->2(20)
[14.276s][info][gc,heap        ] GC(26) Old regions: 8->8
[14.276s][info][gc,heap        ] GC(26) Archive regions: 0->0
[14.276s][info][gc,heap        ] GC(26) Humongous regions: 0->0
[14.276s][info][gc,metaspace   ] GC(26) Metaspace: 9833K(10176K)->9833K(10176K) NonClass: 8531K(8768K)->8531K(8768K) Class: 1302K(1408K)->1302K(1408K)
[14.276s][info][gc             ] GC(26) Pause Young (Normal) (G1 Evacuation Pause) 163M->5M(268M) 2.570ms
[14.276s][info][gc,cpu         ] GC(26) User=0.00s Sys=0.00s Real=0.00s
[14.975s][info][gc,start       ] GC(27) Pause Young (Normal) (G1 Evacuation Pause)
[14.975s][info][gc,task        ] GC(27) Using 6 workers of 33 for evacuation
[14.977s][info][gc,phases      ] GC(27)   Pre Evacuate Collection Set: 0.1ms
[14.977s][info][gc,phases      ] GC(27)   Merge Heap Roots: 0.1ms
[14.977s][info][gc,phases      ] GC(27)   Evacuate Collection Set: 1.4ms
[14.977s][info][gc,phases      ] GC(27)   Post Evacuate Collection Set: 0.3ms
[14.977s][info][gc,phases      ] GC(27)   Other: 0.2ms
[14.977s][info][gc,heap        ] GC(27) Eden regions: 158->0(158)
[14.977s][info][gc,heap        ] GC(27) Survivor regions: 2->2(20)
[14.977s][info][gc,heap        ] GC(27) Old regions: 8->8
[14.977s][info][gc,heap        ] GC(27) Archive regions: 0->0
[14.977s][info][gc,heap        ] GC(27) Humongous regions: 0->0
[14.977s][info][gc,metaspace   ] GC(27) Metaspace: 9833K(10176K)->9833K(10176K) NonClass: 8531K(8768K)->8531K(8768K) Class: 1302K(1408K)->1302K(1408K)
[14.977s][info][gc             ] GC(27) Pause Young (Normal) (G1 Evacuation Pause) 163M->5M(268M) 2.808ms
[14.977s][info][gc,cpu         ] GC(27) User=0.09s Sys=0.00s Real=0.02s
[15.569s][info][gc,start       ] GC(28) Pause Full (System.gc())
[15.569s][info][gc,task        ] GC(28) Using 6 workers of 33 for full compaction
[15.569s][info][gc,phases,start] GC(28) Phase 1: Mark live objects
[15.576s][info][gc,phases      ] GC(28) Phase 1: Mark live objects 7.135ms
[15.576s][info][gc,phases,start] GC(28) Phase 2: Prepare compaction
[15.578s][info][gc,phases      ] GC(28) Phase 2: Prepare compaction 1.610ms
[15.578s][info][gc,phases,start] GC(28) Phase 3: Adjust pointers
[15.582s][info][gc,phases      ] GC(28) Phase 3: Adjust pointers 3.545ms
[15.582s][info][gc,phases,start] GC(28) Phase 4: Compact heap
[15.582s][info][gc,phases      ] GC(28) Phase 4: Compact heap 0.734ms
[15.586s][info][gc,heap        ] GC(28) Eden regions: 133->0(16)
[15.587s][info][gc,heap        ] GC(28) Survivor regions: 2->0(20)
[15.587s][info][gc,heap        ] GC(28) Old regions: 8->8
[15.587s][info][gc,heap        ] GC(28) Archive regions: 0->0
[15.587s][info][gc,heap        ] GC(28) Humongous regions: 0->0
[15.587s][info][gc,metaspace   ] GC(28) Metaspace: 9833K(10176K)->9833K(10176K) NonClass: 8531K(8768K)->8531K(8768K) Class: 1302K(1408K)->1302K(1408K)
[15.587s][info][gc             ] GC(28) Pause Full (System.gc()) 137M->3M(27M) 18.012ms
[15.587s][info][gc,cpu         ] GC(28) User=0.05s Sys=0.05s Real=0.02s
[15.655s][info][gc,start       ] GC(29) Pause Young (Normal) (G1 Evacuation Pause)
[15.655s][info][gc,task        ] GC(29) Using 4 workers of 33 for evacuation
[15.658s][info][gc,phases      ] GC(29)   Pre Evacuate Collection Set: 0.1ms
[15.658s][info][gc,phases      ] GC(29)   Merge Heap Roots: 0.1ms
[15.658s][info][gc,phases      ] GC(29)   Evacuate Collection Set: 2.3ms
[15.658s][info][gc,phases      ] GC(29)   Post Evacuate Collection Set: 0.2ms
[15.658s][info][gc,phases      ] GC(29)   Other: 0.1ms
[15.658s][info][gc,heap        ] GC(29) Eden regions: 16->0(13)
[15.658s][info][gc,heap        ] GC(29) Survivor regions: 0->2(2)
[15.658s][info][gc,heap        ] GC(29) Old regions: 8->8
[15.658s][info][gc,heap        ] GC(29) Archive regions: 0->0
[15.659s][info][gc,heap        ] GC(29) Humongous regions: 0->0
[15.659s][info][gc,metaspace   ] GC(29) Metaspace: 9841K(10176K)->9841K(10176K) NonClass: 8539K(8768K)->8539K(8768K) Class: 1302K(1408K)->1302K(1408K)
[15.659s][info][gc             ] GC(29) Pause Young (Normal) (G1 Evacuation Pause) 19M->5M(27M) 3.246ms
[15.659s][info][gc,cpu         ] GC(29) User=0.00s Sys=0.00s Real=0.00s
[15.713s][info][gc,start       ] GC(30) Pause Young (Normal) (G1 Evacuation Pause)
[15.713s][info][gc,task        ] GC(30) Using 3 workers of 33 for evacuation
[15.716s][info][gc,phases      ] GC(30)   Pre Evacuate Collection Set: 0.1ms
[15.716s][info][gc,phases      ] GC(30)   Merge Heap Roots: 0.0ms
[15.716s][info][gc,phases      ] GC(30)   Evacuate Collection Set: 2.7ms
[15.716s][info][gc,phases      ] GC(30)   Post Evacuate Collection Set: 0.2ms
[15.716s][info][gc,phases      ] GC(30)   Other: 0.1ms
[15.716s][info][gc,heap        ] GC(30) Eden regions: 13->0(12)
[15.716s][info][gc,heap        ] GC(30) Survivor regions: 2->2(2)
[15.716s][info][gc,heap        ] GC(30) Old regions: 8->9
[15.716s][info][gc,heap        ] GC(30) Archive regions: 0->0
[15.716s][info][gc,heap        ] GC(30) Humongous regions: 0->0
[15.717s][info][gc,metaspace   ] GC(30) Metaspace: 9841K(10176K)->9841K(10176K) NonClass: 8539K(8768K)->8539K(8768K) Class: 1302K(1408K)->1302K(1408K)
[15.717s][info][gc             ] GC(30) Pause Young (Normal) (G1 Evacuation Pause) 18M->5M(27M) 3.709ms
[15.717s][info][gc,cpu         ] GC(30) User=0.00s Sys=0.00s Real=0.00s
[15.771s][info][gc,start       ] GC(31) Pause Young (Normal) (G1 Evacuation Pause)
[15.771s][info][gc,task        ] GC(31) Using 2 workers of 33 for evacuation
[15.774s][info][gc,phases      ] GC(31)   Pre Evacuate Collection Set: 0.1ms
[15.774s][info][gc,phases      ] GC(31)   Merge Heap Roots: 0.0ms
[15.774s][info][gc,phases      ] GC(31)   Evacuate Collection Set: 3.1ms
[15.774s][info][gc,phases      ] GC(31)   Post Evacuate Collection Set: 0.2ms
[15.774s][info][gc,phases      ] GC(31)   Other: 0.1ms
[15.774s][info][gc,heap        ] GC(31) Eden regions: 12->0(14)
[15.774s][info][gc,heap        ] GC(31) Survivor regions: 2->1(2)
[15.774s][info][gc,heap        ] GC(31) Old regions: 9->9
[15.775s][info][gc,heap        ] GC(31) Archive regions: 0->0
[15.775s][info][gc,heap        ] GC(31) Humongous regions: 0->0
[15.775s][info][gc,metaspace   ] GC(31) Metaspace: 9841K(10176K)->9841K(10176K) NonClass: 8539K(8768K)->8539K(8768K) Class: 1302K(1408K)->1302K(1408K)
[15.775s][info][gc             ] GC(31) Pause Young (Normal) (G1 Evacuation Pause) 17M->5M(27M) 3.972ms
[15.775s][info][gc,cpu         ] GC(31) User=0.00s Sys=0.00s Real=0.00s
[15.830s][info][gc,start       ] GC(32) Pause Young (Normal) (G1 Evacuation Pause)
[15.830s][info][gc,task        ] GC(32) Using 2 workers of 33 for evacuation
[15.833s][info][gc,phases      ] GC(32)   Pre Evacuate Collection Set: 0.1ms
[15.833s][info][gc,phases      ] GC(32)   Merge Heap Roots: 0.0ms
[15.833s][info][gc,phases      ] GC(32)   Evacuate Collection Set: 2.5ms
[15.833s][info][gc,phases      ] GC(32)   Post Evacuate Collection Set: 0.2ms
[15.833s][info][gc,phases      ] GC(32)   Other: 0.1ms
[15.833s][info][gc,heap        ] GC(32) Eden regions: 14->0(14)
[15.833s][info][gc,heap        ] GC(32) Survivor regions: 1->1(2)
[15.833s][info][gc,heap        ] GC(32) Old regions: 9->9
[15.833s][info][gc,heap        ] GC(32) Archive regions: 0->0
[15.833s][info][gc,heap        ] GC(32) Humongous regions: 0->0
[15.833s][info][gc,metaspace   ] GC(32) Metaspace: 9841K(10176K)->9841K(10176K) NonClass: 8539K(8768K)->8539K(8768K) Class: 1302K(1408K)->1302K(1408K)
[15.833s][info][gc             ] GC(32) Pause Young (Normal) (G1 Evacuation Pause) 19M->5M(27M) 3.385ms
[15.833s][info][gc,cpu         ] GC(32) User=0.00s Sys=0.00s Real=0.00s
[15.896s][info][gc,start       ] GC(33) Pause Young (Normal) (G1 Evacuation Pause)
[15.896s][info][gc,task        ] GC(33) Using 2 workers of 33 for evacuation
[15.899s][info][gc,phases      ] GC(33)   Pre Evacuate Collection Set: 0.1ms
[15.899s][info][gc,phases      ] GC(33)   Merge Heap Roots: 0.1ms
[15.899s][info][gc,phases      ] GC(33)   Evacuate Collection Set: 2.4ms
[15.899s][info][gc,phases      ] GC(33)   Post Evacuate Collection Set: 0.2ms
[15.899s][info][gc,phases      ] GC(33)   Other: 0.1ms
[15.899s][info][gc,heap        ] GC(33) Eden regions: 14->0(14)
[15.899s][info][gc,heap        ] GC(33) Survivor regions: 1->1(2)
[15.899s][info][gc,heap        ] GC(33) Old regions: 9->9
[15.899s][info][gc,heap        ] GC(33) Archive regions: 0->0
[15.899s][info][gc,heap        ] GC(33) Humongous regions: 0->0
[15.899s][info][gc,metaspace   ] GC(33) Metaspace: 9841K(10176K)->9841K(10176K) NonClass: 8539K(8768K)->8539K(8768K) Class: 1302K(1408K)->1302K(1408K)
[15.899s][info][gc             ] GC(33) Pause Young (Normal) (G1 Evacuation Pause) 19M->5M(27M) 3.269ms
[15.899s][info][gc,cpu         ] GC(33) User=0.00s Sys=0.00s Real=0.00s
[15.959s][info][gc,start       ] GC(34) Pause Young (Normal) (G1 Evacuation Pause)
[15.959s][info][gc,task        ] GC(34) Using 2 workers of 33 for evacuation
[15.966s][info][gc,phases      ] GC(34)   Pre Evacuate Collection Set: 0.1ms
[15.966s][info][gc,phases      ] GC(34)   Merge Heap Roots: 0.0ms
[15.966s][info][gc,phases      ] GC(34)   Evacuate Collection Set: 3.0ms
[15.966s][info][gc,phases      ] GC(34)   Post Evacuate Collection Set: 3.8ms
[15.966s][info][gc,phases      ] GC(34)   Other: 0.1ms
[15.966s][info][gc,heap        ] GC(34) Eden regions: 14->0(160)
[15.966s][info][gc,heap        ] GC(34) Survivor regions: 1->2(2)
[15.966s][info][gc,heap        ] GC(34) Old regions: 9->9
[15.966s][info][gc,heap        ] GC(34) Archive regions: 0->0
[15.966s][info][gc,heap        ] GC(34) Humongous regions: 0->0
[15.966s][info][gc,metaspace   ] GC(34) Metaspace: 9841K(10176K)->9841K(10176K) NonClass: 8539K(8768K)->8539K(8768K) Class: 1302K(1408K)->1302K(1408K)
[15.966s][info][gc             ] GC(34) Pause Young (Normal) (G1 Evacuation Pause) 19M->5M(270M) 7.506ms
[15.966s][info][gc,cpu         ] GC(34) User=0.00s Sys=0.00s Real=0.00s
[16.712s][info][gc,start       ] GC(35) Pause Young (Normal) (G1 Evacuation Pause)
[16.712s][info][gc,task        ] GC(35) Using 6 workers of 33 for evacuation
[16.715s][info][gc,phases      ] GC(35)   Pre Evacuate Collection Set: 0.1ms
[16.715s][info][gc,phases      ] GC(35)   Merge Heap Roots: 0.1ms
[16.715s][info][gc,phases      ] GC(35)   Evacuate Collection Set: 1.6ms
[16.715s][info][gc,phases      ] GC(35)   Post Evacuate Collection Set: 0.3ms
[16.715s][info][gc,phases      ] GC(35)   Other: 0.1ms
[16.715s][info][gc,heap        ] GC(35) Eden regions: 160->0(160)
[16.715s][info][gc,heap        ] GC(35) Survivor regions: 2->2(21)
[16.715s][info][gc,heap        ] GC(35) Old regions: 9->9
[16.715s][info][gc,heap        ] GC(35) Archive regions: 0->0
[16.715s][info][gc,heap        ] GC(35) Humongous regions: 0->0
[16.715s][info][gc,metaspace   ] GC(35) Metaspace: 9841K(10176K)->9841K(10176K) NonClass: 8539K(8768K)->8539K(8768K) Class: 1302K(1408K)->1302K(1408K)
[16.715s][info][gc             ] GC(35) Pause Young (Normal) (G1 Evacuation Pause) 165M->5M(270M) 2.870ms
[16.715s][info][gc,cpu         ] GC(35) User=0.00s Sys=0.00s Real=0.00s
[17.420s][info][gc,start       ] GC(36) Pause Young (Normal) (G1 Evacuation Pause)
[17.420s][info][gc,task        ] GC(36) Using 6 workers of 33 for evacuation
[17.422s][info][gc,phases      ] GC(36)   Pre Evacuate Collection Set: 0.1ms
[17.422s][info][gc,phases      ] GC(36)   Merge Heap Roots: 0.1ms
[17.422s][info][gc,phases      ] GC(36)   Evacuate Collection Set: 1.6ms
[17.422s][info][gc,phases      ] GC(36)   Post Evacuate Collection Set: 0.3ms
[17.422s][info][gc,phases      ] GC(36)   Other: 0.1ms
[17.422s][info][gc,heap        ] GC(36) Eden regions: 160->0(160)
[17.422s][info][gc,heap        ] GC(36) Survivor regions: 2->2(21)
[17.423s][info][gc,heap        ] GC(36) Old regions: 9->9
[17.423s][info][gc,heap        ] GC(36) Archive regions: 0->0
[17.423s][info][gc,heap        ] GC(36) Humongous regions: 0->0
[17.423s][info][gc,metaspace   ] GC(36) Metaspace: 9841K(10176K)->9841K(10176K) NonClass: 8539K(8768K)->8539K(8768K) Class: 1302K(1408K)->1302K(1408K)
[17.423s][info][gc             ] GC(36) Pause Young (Normal) (G1 Evacuation Pause) 165M->5M(270M) 2.833ms
[17.423s][info][gc,cpu         ] GC(36) User=0.00s Sys=0.00s Real=0.00s
[18.127s][info][gc,start       ] GC(37) Pause Young (Normal) (G1 Evacuation Pause)
[18.127s][info][gc,task        ] GC(37) Using 6 workers of 33 for evacuation
[18.129s][info][gc,phases      ] GC(37)   Pre Evacuate Collection Set: 0.1ms
[18.129s][info][gc,phases      ] GC(37)   Merge Heap Roots: 0.1ms
[18.129s][info][gc,phases      ] GC(37)   Evacuate Collection Set: 1.5ms
[18.129s][info][gc,phases      ] GC(37)   Post Evacuate Collection Set: 0.3ms
[18.129s][info][gc,phases      ] GC(37)   Other: 0.1ms
[18.129s][info][gc,heap        ] GC(37) Eden regions: 160->0(160)
[18.129s][info][gc,heap        ] GC(37) Survivor regions: 2->2(21)
[18.129s][info][gc,heap        ] GC(37) Old regions: 9->9
[18.129s][info][gc,heap        ] GC(37) Archive regions: 0->0
[18.129s][info][gc,heap        ] GC(37) Humongous regions: 0->0
[18.129s][info][gc,metaspace   ] GC(37) Metaspace: 9841K(10176K)->9841K(10176K) NonClass: 8539K(8768K)->8539K(8768K) Class: 1302K(1408K)->1302K(1408K)
[18.129s][info][gc             ] GC(37) Pause Young (Normal) (G1 Evacuation Pause) 165M->5M(270M) 2.720ms
[18.129s][info][gc,cpu         ] GC(37) User=0.00s Sys=0.00s Real=0.00s
[18.856s][info][gc,start       ] GC(38) Pause Young (Normal) (G1 Evacuation Pause)
[18.856s][info][gc,task        ] GC(38) Using 6 workers of 33 for evacuation
[18.858s][info][gc,phases      ] GC(38)   Pre Evacuate Collection Set: 0.1ms
[18.858s][info][gc,phases      ] GC(38)   Merge Heap Roots: 0.1ms
[18.858s][info][gc,phases      ] GC(38)   Evacuate Collection Set: 1.5ms
[18.858s][info][gc,phases      ] GC(38)   Post Evacuate Collection Set: 0.4ms
[18.858s][info][gc,phases      ] GC(38)   Other: 0.1ms
[18.858s][info][gc,heap        ] GC(38) Eden regions: 160->0(160)
[18.858s][info][gc,heap        ] GC(38) Survivor regions: 2->2(21)
[18.858s][info][gc,heap        ] GC(38) Old regions: 9->9
[18.858s][info][gc,heap        ] GC(38) Archive regions: 0->0
[18.858s][info][gc,heap        ] GC(38) Humongous regions: 0->0
[18.858s][info][gc,metaspace   ] GC(38) Metaspace: 9841K(10176K)->9841K(10176K) NonClass: 8539K(8768K)->8539K(8768K) Class: 1302K(1408K)->1302K(1408K)
[18.858s][info][gc             ] GC(38) Pause Young (Normal) (G1 Evacuation Pause) 165M->5M(270M) 2.702ms
[18.858s][info][gc,cpu         ] GC(38) User=0.00s Sys=0.00s Real=0.00s
[19.568s][info][gc,start       ] GC(39) Pause Young (Normal) (G1 Evacuation Pause)
[19.568s][info][gc,task        ] GC(39) Using 6 workers of 33 for evacuation
[19.571s][info][gc,phases      ] GC(39)   Pre Evacuate Collection Set: 0.1ms
[19.571s][info][gc,phases      ] GC(39)   Merge Heap Roots: 0.1ms
[19.571s][info][gc,phases      ] GC(39)   Evacuate Collection Set: 1.4ms
[19.571s][info][gc,phases      ] GC(39)   Post Evacuate Collection Set: 0.3ms
[19.571s][info][gc,phases      ] GC(39)   Other: 0.1ms
[19.571s][info][gc,heap        ] GC(39) Eden regions: 160->0(160)
[19.571s][info][gc,heap        ] GC(39) Survivor regions: 2->2(21)
[19.571s][info][gc,heap        ] GC(39) Old regions: 9->9
[19.571s][info][gc,heap        ] GC(39) Archive regions: 0->0
[19.571s][info][gc,heap        ] GC(39) Humongous regions: 0->0
[19.571s][info][gc,metaspace   ] GC(39) Metaspace: 9841K(10176K)->9841K(10176K) NonClass: 8539K(8768K)->8539K(8768K) Class: 1302K(1408K)->1302K(1408K)
[19.571s][info][gc             ] GC(39) Pause Young (Normal) (G1 Evacuation Pause) 165M->5M(270M) 2.579ms
[19.571s][info][gc,cpu         ] GC(39) User=0.00s Sys=0.00s Real=0.00s
[20.281s][info][gc,start       ] GC(40) Pause Young (Normal) (G1 Evacuation Pause)
[20.281s][info][gc,task        ] GC(40) Using 6 workers of 33 for evacuation
[20.283s][info][gc,phases      ] GC(40)   Pre Evacuate Collection Set: 0.1ms
[20.283s][info][gc,phases      ] GC(40)   Merge Heap Roots: 0.1ms
[20.283s][info][gc,phases      ] GC(40)   Evacuate Collection Set: 1.4ms
[20.283s][info][gc,phases      ] GC(40)   Post Evacuate Collection Set: 0.5ms
[20.284s][info][gc,phases      ] GC(40)   Other: 0.2ms
[20.284s][info][gc,heap        ] GC(40) Eden regions: 160->0(160)
[20.284s][info][gc,heap        ] GC(40) Survivor regions: 2->2(21)
[20.284s][info][gc,heap        ] GC(40) Old regions: 9->9
[20.284s][info][gc,heap        ] GC(40) Archive regions: 0->0
[20.284s][info][gc,heap        ] GC(40) Humongous regions: 0->0
[20.284s][info][gc,metaspace   ] GC(40) Metaspace: 9841K(10176K)->9841K(10176K) NonClass: 8539K(8768K)->8539K(8768K) Class: 1302K(1408K)->1302K(1408K)
[20.284s][info][gc             ] GC(40) Pause Young (Normal) (G1 Evacuation Pause) 165M->5M(270M) 3.011ms
[20.284s][info][gc,cpu         ] GC(40) User=0.00s Sys=0.00s Real=0.00s
[20.990s][info][gc,start       ] GC(41) Pause Young (Normal) (G1 Evacuation Pause)
[20.990s][info][gc,task        ] GC(41) Using 6 workers of 33 for evacuation
[20.992s][info][gc,phases      ] GC(41)   Pre Evacuate Collection Set: 0.1ms
[20.992s][info][gc,phases      ] GC(41)   Merge Heap Roots: 0.1ms
[20.993s][info][gc,phases      ] GC(41)   Evacuate Collection Set: 1.3ms
[20.993s][info][gc,phases      ] GC(41)   Post Evacuate Collection Set: 0.3ms
[20.993s][info][gc,phases      ] GC(41)   Other: 0.1ms
[20.993s][info][gc,heap        ] GC(41) Eden regions: 160->0(160)
[20.993s][info][gc,heap        ] GC(41) Survivor regions: 2->2(21)
[20.993s][info][gc,heap        ] GC(41) Old regions: 9->9
[20.993s][info][gc,heap        ] GC(41) Archive regions: 0->0
[20.993s][info][gc,heap        ] GC(41) Humongous regions: 0->0
[20.993s][info][gc,metaspace   ] GC(41) Metaspace: 9841K(10176K)->9841K(10176K) NonClass: 8539K(8768K)->8539K(8768K) Class: 1302K(1408K)->1302K(1408K)
[20.993s][info][gc             ] GC(41) Pause Young (Normal) (G1 Evacuation Pause) 165M->5M(270M) 2.550ms
[20.993s][info][gc,cpu         ] GC(41) User=0.00s Sys=0.00s Real=0.00s
[21.703s][info][gc,start       ] GC(42) Pause Young (Normal) (G1 Evacuation Pause)
[21.703s][info][gc,task        ] GC(42) Using 6 workers of 33 for evacuation
[21.705s][info][gc,phases      ] GC(42)   Pre Evacuate Collection Set: 0.1ms
[21.705s][info][gc,phases      ] GC(42)   Merge Heap Roots: 0.1ms
[21.705s][info][gc,phases      ] GC(42)   Evacuate Collection Set: 1.3ms
[21.705s][info][gc,phases      ] GC(42)   Post Evacuate Collection Set: 0.4ms
[21.705s][info][gc,phases      ] GC(42)   Other: 0.1ms
[21.705s][info][gc,heap        ] GC(42) Eden regions: 160->0(160)
[21.705s][info][gc,heap        ] GC(42) Survivor regions: 2->2(21)
[21.705s][info][gc,heap        ] GC(42) Old regions: 9->9
[21.705s][info][gc,heap        ] GC(42) Archive regions: 0->0
[21.705s][info][gc,heap        ] GC(42) Humongous regions: 0->0
[21.705s][info][gc,metaspace   ] GC(42) Metaspace: 9841K(10176K)->9841K(10176K) NonClass: 8539K(8768K)->8539K(8768K) Class: 1302K(1408K)->1302K(1408K)
[21.705s][info][gc             ] GC(42) Pause Young (Normal) (G1 Evacuation Pause) 165M->5M(270M) 2.544ms
[21.705s][info][gc,cpu         ] GC(42) User=0.00s Sys=0.00s Real=0.00s
[22.436s][info][gc,start       ] GC(43) Pause Young (Normal) (G1 Evacuation Pause)
[22.436s][info][gc,task        ] GC(43) Using 6 workers of 33 for evacuation
[22.438s][info][gc,phases      ] GC(43)   Pre Evacuate Collection Set: 0.1ms
[22.438s][info][gc,phases      ] GC(43)   Merge Heap Roots: 0.1ms
[22.438s][info][gc,phases      ] GC(43)   Evacuate Collection Set: 1.4ms
[22.438s][info][gc,phases      ] GC(43)   Post Evacuate Collection Set: 0.4ms
[22.438s][info][gc,phases      ] GC(43)   Other: 0.1ms
[22.438s][info][gc,heap        ] GC(43) Eden regions: 160->0(160)
[22.438s][info][gc,heap        ] GC(43) Survivor regions: 2->2(21)
[22.438s][info][gc,heap        ] GC(43) Old regions: 9->9
[22.438s][info][gc,heap        ] GC(43) Archive regions: 0->0
[22.438s][info][gc,heap        ] GC(43) Humongous regions: 0->0
[22.439s][info][gc,metaspace   ] GC(43) Metaspace: 9841K(10176K)->9841K(10176K) NonClass: 8539K(8768K)->8539K(8768K) Class: 1302K(1408K)->1302K(1408K)
[22.439s][info][gc             ] GC(43) Pause Young (Normal) (G1 Evacuation Pause) 165M->5M(270M) 2.607ms
[22.439s][info][gc,cpu         ] GC(43) User=0.00s Sys=0.00s Real=0.00s
[22.838s][info][gc,start       ] GC(44) Pause Full (System.gc())
[22.838s][info][gc,task        ] GC(44) Using 6 workers of 33 for full compaction
[22.839s][info][gc,phases,start] GC(44) Phase 1: Mark live objects
[22.844s][info][gc,phases      ] GC(44) Phase 1: Mark live objects 5.644ms
[22.844s][info][gc,phases,start] GC(44) Phase 2: Prepare compaction
[22.846s][info][gc,phases      ] GC(44) Phase 2: Prepare compaction 1.218ms
[22.846s][info][gc,phases,start] GC(44) Phase 3: Adjust pointers
[22.849s][info][gc,phases      ] GC(44) Phase 3: Adjust pointers 3.716ms
[22.877s][info][gc,phases,start] GC(44) Phase 4: Compact heap
[22.878s][info][gc,phases      ] GC(44) Phase 4: Compact heap 0.626ms
[22.883s][info][gc,heap        ] GC(44) Eden regions: 88->0(16)
[22.883s][info][gc,heap        ] GC(44) Survivor regions: 2->0(21)
[22.883s][info][gc,heap        ] GC(44) Old regions: 9->8
[22.883s][info][gc,heap        ] GC(44) Archive regions: 0->0
[22.883s][info][gc,heap        ] GC(44) Humongous regions: 0->0
[22.883s][info][gc,metaspace   ] GC(44) Metaspace: 9842K(10176K)->9842K(10176K) NonClass: 8540K(8768K)->8540K(8768K) Class: 1302K(1408K)->1302K(1408K)
[22.883s][info][gc             ] GC(44) Pause Full (System.gc()) 93M->3M(27M) 44.504ms
[22.883s][info][gc,cpu         ] GC(44) User=0.03s Sys=0.00s Real=0.05s
[22.958s][info][gc,start       ] GC(45) Pause Young (Normal) (G1 Evacuation Pause)
[22.958s][info][gc,task        ] GC(45) Using 4 workers of 33 for evacuation
[22.960s][info][gc,phases      ] GC(45)   Pre Evacuate Collection Set: 0.1ms
[22.960s][info][gc,phases      ] GC(45)   Merge Heap Roots: 0.1ms
[22.960s][info][gc,phases      ] GC(45)   Evacuate Collection Set: 1.8ms
[22.960s][info][gc,phases      ] GC(45)   Post Evacuate Collection Set: 0.2ms
[22.960s][info][gc,phases      ] GC(45)   Other: 0.1ms
[22.960s][info][gc,heap        ] GC(45) Eden regions: 16->0(13)
[22.960s][info][gc,heap        ] GC(45) Survivor regions: 0->2(2)
[22.960s][info][gc,heap        ] GC(45) Old regions: 8->8
[22.960s][info][gc,heap        ] GC(45) Archive regions: 0->0
[22.960s][info][gc,heap        ] GC(45) Humongous regions: 0->0
[22.961s][info][gc,metaspace   ] GC(45) Metaspace: 9843K(10176K)->9843K(10176K) NonClass: 8541K(8768K)->8541K(8768K) Class: 1302K(1408K)->1302K(1408K)
[22.961s][info][gc             ] GC(45) Pause Young (Normal) (G1 Evacuation Pause) 19M->5M(27M) 2.822ms
[22.961s][info][gc,cpu         ] GC(45) User=0.00s Sys=0.00s Real=0.00s
[23.017s][info][gc,start       ] GC(46) Pause Young (Normal) (G1 Evacuation Pause)
[23.018s][info][gc,task        ] GC(46) Using 3 workers of 33 for evacuation
[23.020s][info][gc,phases      ] GC(46)   Pre Evacuate Collection Set: 0.1ms
[23.020s][info][gc,phases      ] GC(46)   Merge Heap Roots: 0.1ms
[23.020s][info][gc,phases      ] GC(46)   Evacuate Collection Set: 2.3ms
[23.020s][info][gc,phases      ] GC(46)   Post Evacuate Collection Set: 0.3ms
[23.020s][info][gc,phases      ] GC(46)   Other: 0.1ms
[23.020s][info][gc,heap        ] GC(46) Eden regions: 13->0(14)
[23.021s][info][gc,heap        ] GC(46) Survivor regions: 2->1(2)
[23.021s][info][gc,heap        ] GC(46) Old regions: 8->9
[23.021s][info][gc,heap        ] GC(46) Archive regions: 0->0
[23.021s][info][gc,heap        ] GC(46) Humongous regions: 0->0
[23.021s][info][gc,metaspace   ] GC(46) Metaspace: 9843K(10176K)->9843K(10176K) NonClass: 8541K(8768K)->8541K(8768K) Class: 1302K(1408K)->1302K(1408K)
[23.021s][info][gc             ] GC(46) Pause Young (Normal) (G1 Evacuation Pause) 18M->5M(27M) 3.322ms
[23.021s][info][gc,cpu         ] GC(46) User=0.14s Sys=0.00s Real=0.02s
[23.079s][info][gc,start       ] GC(47) Pause Young (Normal) (G1 Evacuation Pause)
[23.079s][info][gc,task        ] GC(47) Using 2 workers of 33 for evacuation
[23.082s][info][gc,phases      ] GC(47)   Pre Evacuate Collection Set: 0.1ms
[23.082s][info][gc,phases      ] GC(47)   Merge Heap Roots: 0.0ms
[23.082s][info][gc,phases      ] GC(47)   Evacuate Collection Set: 2.4ms
[23.082s][info][gc,phases      ] GC(47)   Post Evacuate Collection Set: 0.2ms
[23.082s][info][gc,phases      ] GC(47)   Other: 0.1ms
[23.082s][info][gc,heap        ] GC(47) Eden regions: 14->0(14)
[23.082s][info][gc,heap        ] GC(47) Survivor regions: 1->1(2)
[23.082s][info][gc,heap        ] GC(47) Old regions: 9->9
[23.082s][info][gc,heap        ] GC(47) Archive regions: 0->0
[23.082s][info][gc,heap        ] GC(47) Humongous regions: 0->0
[23.082s][info][gc,metaspace   ] GC(47) Metaspace: 9843K(10176K)->9843K(10176K) NonClass: 8541K(8768K)->8541K(8768K) Class: 1302K(1408K)->1302K(1408K)
[23.083s][info][gc             ] GC(47) Pause Young (Normal) (G1 Evacuation Pause) 19M->5M(27M) 3.246ms
[23.083s][info][gc,cpu         ] GC(47) User=0.00s Sys=0.02s Real=0.02s
[23.142s][info][gc,start       ] GC(48) Pause Young (Normal) (G1 Evacuation Pause)
[23.142s][info][gc,task        ] GC(48) Using 2 workers of 33 for evacuation
[23.144s][info][gc,phases      ] GC(48)   Pre Evacuate Collection Set: 0.1ms
[23.145s][info][gc,phases      ] GC(48)   Merge Heap Roots: 0.1ms
[23.145s][info][gc,phases      ] GC(48)   Evacuate Collection Set: 2.3ms
[23.145s][info][gc,phases      ] GC(48)   Post Evacuate Collection Set: 0.2ms
[23.145s][info][gc,phases      ] GC(48)   Other: 0.1ms
[23.145s][info][gc,heap        ] GC(48) Eden regions: 14->0(14)
[23.145s][info][gc,heap        ] GC(48) Survivor regions: 1->1(2)
[23.145s][info][gc,heap        ] GC(48) Old regions: 9->9
[23.145s][info][gc,heap        ] GC(48) Archive regions: 0->0
[23.145s][info][gc,heap        ] GC(48) Humongous regions: 0->0
[23.145s][info][gc,metaspace   ] GC(48) Metaspace: 9843K(10176K)->9843K(10176K) NonClass: 8541K(8768K)->8541K(8768K) Class: 1302K(1408K)->1302K(1408K)
[23.145s][info][gc             ] GC(48) Pause Young (Normal) (G1 Evacuation Pause) 19M->5M(27M) 3.226ms
[23.145s][info][gc,cpu         ] GC(48) User=0.00s Sys=0.00s Real=0.00s
[23.204s][info][gc,start       ] GC(49) Pause Young (Normal) (G1 Evacuation Pause)
[23.205s][info][gc,task        ] GC(49) Using 2 workers of 33 for evacuation
[23.208s][info][gc,phases      ] GC(49)   Pre Evacuate Collection Set: 0.1ms
[23.208s][info][gc,phases      ] GC(49)   Merge Heap Roots: 0.0ms
[23.208s][info][gc,phases      ] GC(49)   Evacuate Collection Set: 2.9ms
[23.208s][info][gc,phases      ] GC(49)   Post Evacuate Collection Set: 0.2ms
[23.208s][info][gc,phases      ] GC(49)   Other: 0.1ms
[23.208s][info][gc,heap        ] GC(49) Eden regions: 14->0(14)
[23.208s][info][gc,heap        ] GC(49) Survivor regions: 1->1(2)
[23.208s][info][gc,heap        ] GC(49) Old regions: 9->9
[23.208s][info][gc,heap        ] GC(49) Archive regions: 0->0
[23.208s][info][gc,heap        ] GC(49) Humongous regions: 0->0
[23.208s][info][gc,metaspace   ] GC(49) Metaspace: 9843K(10176K)->9843K(10176K) NonClass: 8541K(8768K)->8541K(8768K) Class: 1302K(1408K)->1302K(1408K)
[23.208s][info][gc             ] GC(49) Pause Young (Normal) (G1 Evacuation Pause) 19M->5M(27M) 3.731ms
[23.208s][info][gc,cpu         ] GC(49) User=0.03s Sys=0.00s Real=0.02s
[23.268s][info][gc,start       ] GC(50) Pause Young (Normal) (G1 Evacuation Pause)
[23.268s][info][gc,task        ] GC(50) Using 2 workers of 33 for evacuation
[23.275s][info][gc,phases      ] GC(50)   Pre Evacuate Collection Set: 0.1ms
[23.275s][info][gc,phases      ] GC(50)   Merge Heap Roots: 0.1ms
[23.275s][info][gc,phases      ] GC(50)   Evacuate Collection Set: 2.8ms
[23.275s][info][gc,phases      ] GC(50)   Post Evacuate Collection Set: 3.9ms
[23.275s][info][gc,phases      ] GC(50)   Other: 0.1ms
[23.275s][info][gc,heap        ] GC(50) Eden regions: 14->0(161)
[23.275s][info][gc,heap        ] GC(50) Survivor regions: 1->1(2)
[23.275s][info][gc,heap        ] GC(50) Old regions: 9->9
[23.275s][info][gc,heap        ] GC(50) Archive regions: 0->0
[23.275s][info][gc,heap        ] GC(50) Humongous regions: 0->0
[23.275s][info][gc,metaspace   ] GC(50) Metaspace: 9843K(10176K)->9843K(10176K) NonClass: 8541K(8768K)->8541K(8768K) Class: 1302K(1408K)->1302K(1408K)
[23.275s][info][gc             ] GC(50) Pause Young (Normal) (G1 Evacuation Pause) 19M->5M(270M) 7.338ms
[23.275s][info][gc,cpu         ] GC(50) User=0.03s Sys=0.00s Real=0.02s
[24.028s][info][gc,start       ] GC(51) Pause Young (Normal) (G1 Evacuation Pause)
[24.028s][info][gc,task        ] GC(51) Using 6 workers of 33 for evacuation
[24.030s][info][gc,phases      ] GC(51)   Pre Evacuate Collection Set: 0.1ms
[24.030s][info][gc,phases      ] GC(51)   Merge Heap Roots: 0.1ms
[24.030s][info][gc,phases      ] GC(51)   Evacuate Collection Set: 1.4ms
[24.030s][info][gc,phases      ] GC(51)   Post Evacuate Collection Set: 0.3ms
[24.031s][info][gc,phases      ] GC(51)   Other: 0.1ms
[24.031s][info][gc,heap        ] GC(51) Eden regions: 161->0(160)
[24.031s][info][gc,heap        ] GC(51) Survivor regions: 1->2(21)
[24.031s][info][gc,heap        ] GC(51) Old regions: 9->9
[24.031s][info][gc,heap        ] GC(51) Archive regions: 0->0
[24.031s][info][gc,heap        ] GC(51) Humongous regions: 0->0
[24.031s][info][gc,metaspace   ] GC(51) Metaspace: 9843K(10176K)->9843K(10176K) NonClass: 8541K(8768K)->8541K(8768K) Class: 1302K(1408K)->1302K(1408K)
[24.031s][info][gc             ] GC(51) Pause Young (Normal) (G1 Evacuation Pause) 166M->5M(270M) 2.640ms
[24.031s][info][gc,cpu         ] GC(51) User=0.00s Sys=0.00s Real=0.00s
[24.732s][info][gc,start       ] GC(52) Pause Young (Normal) (G1 Evacuation Pause)
[24.732s][info][gc,task        ] GC(52) Using 6 workers of 33 for evacuation
[24.734s][info][gc,phases      ] GC(52)   Pre Evacuate Collection Set: 0.1ms
[24.734s][info][gc,phases      ] GC(52)   Merge Heap Roots: 0.1ms
[24.734s][info][gc,phases      ] GC(52)   Evacuate Collection Set: 1.2ms
[24.734s][info][gc,phases      ] GC(52)   Post Evacuate Collection Set: 0.3ms
[24.734s][info][gc,phases      ] GC(52)   Other: 0.2ms
[24.734s][info][gc,heap        ] GC(52) Eden regions: 160->0(160)
[24.734s][info][gc,heap        ] GC(52) Survivor regions: 2->2(21)
[24.734s][info][gc,heap        ] GC(52) Old regions: 9->9
[24.734s][info][gc,heap        ] GC(52) Archive regions: 0->0
[24.734s][info][gc,heap        ] GC(52) Humongous regions: 0->0
[24.734s][info][gc,metaspace   ] GC(52) Metaspace: 9843K(10176K)->9843K(10176K) NonClass: 8541K(8768K)->8541K(8768K) Class: 1302K(1408K)->1302K(1408K)
[24.734s][info][gc             ] GC(52) Pause Young (Normal) (G1 Evacuation Pause) 165M->5M(270M) 2.437ms
[24.734s][info][gc,cpu         ] GC(52) User=0.00s Sys=0.00s Real=0.00s
[25.433s][info][gc,start       ] GC(53) Pause Young (Normal) (G1 Evacuation Pause)
[25.434s][info][gc,task        ] GC(53) Using 6 workers of 33 for evacuation
[25.436s][info][gc,phases      ] GC(53)   Pre Evacuate Collection Set: 0.1ms
[25.436s][info][gc,phases      ] GC(53)   Merge Heap Roots: 0.1ms
[25.436s][info][gc,phases      ] GC(53)   Evacuate Collection Set: 1.4ms
[25.436s][info][gc,phases      ] GC(53)   Post Evacuate Collection Set: 0.4ms
[25.436s][info][gc,phases      ] GC(53)   Other: 0.1ms
[25.436s][info][gc,heap        ] GC(53) Eden regions: 160->0(160)
[25.436s][info][gc,heap        ] GC(53) Survivor regions: 2->2(21)
[25.436s][info][gc,heap        ] GC(53) Old regions: 9->9
[25.436s][info][gc,heap        ] GC(53) Archive regions: 0->0
[25.436s][info][gc,heap        ] GC(53) Humongous regions: 0->0
[25.436s][info][gc,metaspace   ] GC(53) Metaspace: 9843K(10176K)->9843K(10176K) NonClass: 8541K(8768K)->8541K(8768K) Class: 1302K(1408K)->1302K(1408K)
[25.436s][info][gc             ] GC(53) Pause Young (Normal) (G1 Evacuation Pause) 165M->5M(270M) 2.619ms
[25.436s][info][gc,cpu         ] GC(53) User=0.00s Sys=0.00s Real=0.00s
[26.144s][info][gc,start       ] GC(54) Pause Young (Normal) (G1 Evacuation Pause)
[26.144s][info][gc,task        ] GC(54) Using 6 workers of 33 for evacuation
[26.146s][info][gc,phases      ] GC(54)   Pre Evacuate Collection Set: 0.1ms
[26.146s][info][gc,phases      ] GC(54)   Merge Heap Roots: 0.1ms
[26.146s][info][gc,phases      ] GC(54)   Evacuate Collection Set: 1.3ms
[26.146s][info][gc,phases      ] GC(54)   Post Evacuate Collection Set: 0.4ms
[26.146s][info][gc,phases      ] GC(54)   Other: 0.1ms
[26.146s][info][gc,heap        ] GC(54) Eden regions: 160->0(160)
[26.146s][info][gc,heap        ] GC(54) Survivor regions: 2->2(21)
[26.146s][info][gc,heap        ] GC(54) Old regions: 9->9
[26.146s][info][gc,heap        ] GC(54) Archive regions: 0->0
[26.147s][info][gc,heap        ] GC(54) Humongous regions: 0->0
[26.147s][info][gc,metaspace   ] GC(54) Metaspace: 9843K(10176K)->9843K(10176K) NonClass: 8541K(8768K)->8541K(8768K) Class: 1302K(1408K)->1302K(1408K)
[26.147s][info][gc             ] GC(54) Pause Young (Normal) (G1 Evacuation Pause) 165M->5M(270M) 2.575ms
[26.147s][info][gc,cpu         ] GC(54) User=0.00s Sys=0.00s Real=0.00s
[26.858s][info][gc,start       ] GC(55) Pause Young (Normal) (G1 Evacuation Pause)
[26.858s][info][gc,task        ] GC(55) Using 6 workers of 33 for evacuation
[26.860s][info][gc,phases      ] GC(55)   Pre Evacuate Collection Set: 0.1ms
[26.860s][info][gc,phases      ] GC(55)   Merge Heap Roots: 0.1ms
[26.860s][info][gc,phases      ] GC(55)   Evacuate Collection Set: 1.3ms
[26.860s][info][gc,phases      ] GC(55)   Post Evacuate Collection Set: 0.3ms
[26.860s][info][gc,phases      ] GC(55)   Other: 0.1ms
[26.860s][info][gc,heap        ] GC(55) Eden regions: 160->0(160)
[26.860s][info][gc,heap        ] GC(55) Survivor regions: 2->2(21)
[26.860s][info][gc,heap        ] GC(55) Old regions: 9->9
[26.860s][info][gc,heap        ] GC(55) Archive regions: 0->0
[26.861s][info][gc,heap        ] GC(55) Humongous regions: 0->0
[26.861s][info][gc,metaspace   ] GC(55) Metaspace: 9843K(10176K)->9843K(10176K) NonClass: 8541K(8768K)->8541K(8768K) Class: 1302K(1408K)->1302K(1408K)
[26.861s][info][gc             ] GC(55) Pause Young (Normal) (G1 Evacuation Pause) 165M->5M(270M) 2.491ms
[26.861s][info][gc,cpu         ] GC(55) User=0.00s Sys=0.00s Real=0.00s
[27.583s][info][gc,start       ] GC(56) Pause Young (Normal) (G1 Evacuation Pause)
[27.584s][info][gc,task        ] GC(56) Using 6 workers of 33 for evacuation
[27.586s][info][gc,phases      ] GC(56)   Pre Evacuate Collection Set: 0.1ms
[27.586s][info][gc,phases      ] GC(56)   Merge Heap Roots: 0.1ms
[27.586s][info][gc,phases      ] GC(56)   Evacuate Collection Set: 1.3ms
[27.586s][info][gc,phases      ] GC(56)   Post Evacuate Collection Set: 0.3ms
[27.586s][info][gc,phases      ] GC(56)   Other: 0.1ms
[27.586s][info][gc,heap        ] GC(56) Eden regions: 160->0(160)
[27.586s][info][gc,heap        ] GC(56) Survivor regions: 2->2(21)
[27.586s][info][gc,heap        ] GC(56) Old regions: 9->9
[27.586s][info][gc,heap        ] GC(56) Archive regions: 0->0
[27.586s][info][gc,heap        ] GC(56) Humongous regions: 0->0
[27.586s][info][gc,metaspace   ] GC(56) Metaspace: 9843K(10176K)->9843K(10176K) NonClass: 8541K(8768K)->8541K(8768K) Class: 1302K(1408K)->1302K(1408K)
[27.586s][info][gc             ] GC(56) Pause Young (Normal) (G1 Evacuation Pause) 165M->5M(270M) 2.610ms
[27.586s][info][gc,cpu         ] GC(56) User=0.00s Sys=0.00s Real=0.00s
[28.303s][info][gc,start       ] GC(57) Pause Young (Normal) (G1 Evacuation Pause)
[28.303s][info][gc,task        ] GC(57) Using 6 workers of 33 for evacuation
[28.305s][info][gc,phases      ] GC(57)   Pre Evacuate Collection Set: 0.1ms
[28.305s][info][gc,phases      ] GC(57)   Merge Heap Roots: 0.1ms
[28.305s][info][gc,phases      ] GC(57)   Evacuate Collection Set: 1.3ms
[28.305s][info][gc,phases      ] GC(57)   Post Evacuate Collection Set: 0.3ms
[28.305s][info][gc,phases      ] GC(57)   Other: 0.1ms
[28.305s][info][gc,heap        ] GC(57) Eden regions: 160->0(160)
[28.305s][info][gc,heap        ] GC(57) Survivor regions: 2->2(21)
[28.305s][info][gc,heap        ] GC(57) Old regions: 9->9
[28.305s][info][gc,heap        ] GC(57) Archive regions: 0->0
[28.305s][info][gc,heap        ] GC(57) Humongous regions: 0->0
[28.305s][info][gc,metaspace   ] GC(57) Metaspace: 9843K(10176K)->9843K(10176K) NonClass: 8541K(8768K)->8541K(8768K) Class: 1302K(1408K)->1302K(1408K)
[28.305s][info][gc             ] GC(57) Pause Young (Normal) (G1 Evacuation Pause) 165M->5M(270M) 2.472ms
[28.305s][info][gc,cpu         ] GC(57) User=0.00s Sys=0.00s Real=0.00s
[29.020s][info][gc,start       ] GC(58) Pause Young (Normal) (G1 Evacuation Pause)
[29.020s][info][gc,task        ] GC(58) Using 6 workers of 33 for evacuation
[29.022s][info][gc,phases      ] GC(58)   Pre Evacuate Collection Set: 0.1ms
[29.022s][info][gc,phases      ] GC(58)   Merge Heap Roots: 0.1ms
[29.022s][info][gc,phases      ] GC(58)   Evacuate Collection Set: 1.3ms
[29.022s][info][gc,phases      ] GC(58)   Post Evacuate Collection Set: 0.4ms
[29.022s][info][gc,phases      ] GC(58)   Other: 0.1ms
[29.022s][info][gc,heap        ] GC(58) Eden regions: 160->0(160)
[29.022s][info][gc,heap        ] GC(58) Survivor regions: 2->2(21)
[29.022s][info][gc,heap        ] GC(58) Old regions: 9->9
[29.022s][info][gc,heap        ] GC(58) Archive regions: 0->0
[29.022s][info][gc,heap        ] GC(58) Humongous regions: 0->0
[29.022s][info][gc,metaspace   ] GC(58) Metaspace: 9843K(10176K)->9843K(10176K) NonClass: 8541K(8768K)->8541K(8768K) Class: 1302K(1408K)->1302K(1408K)
[29.022s][info][gc             ] GC(58) Pause Young (Normal) (G1 Evacuation Pause) 165M->5M(270M) 2.505ms
[29.022s][info][gc,cpu         ] GC(58) User=0.00s Sys=0.00s Real=0.00s
[29.737s][info][gc,start       ] GC(59) Pause Young (Normal) (G1 Evacuation Pause)
[29.737s][info][gc,task        ] GC(59) Using 6 workers of 33 for evacuation
[29.739s][info][gc,phases      ] GC(59)   Pre Evacuate Collection Set: 0.1ms
[29.739s][info][gc,phases      ] GC(59)   Merge Heap Roots: 0.1ms
[29.739s][info][gc,phases      ] GC(59)   Evacuate Collection Set: 1.3ms
[29.739s][info][gc,phases      ] GC(59)   Post Evacuate Collection Set: 0.3ms
[29.739s][info][gc,phases      ] GC(59)   Other: 0.1ms
[29.739s][info][gc,heap        ] GC(59) Eden regions: 160->0(160)
[29.739s][info][gc,heap        ] GC(59) Survivor regions: 2->2(21)
[29.739s][info][gc,heap        ] GC(59) Old regions: 9->9
[29.739s][info][gc,heap        ] GC(59) Archive regions: 0->0
[29.739s][info][gc,heap        ] GC(59) Humongous regions: 0->0
[29.739s][info][gc,metaspace   ] GC(59) Metaspace: 9843K(10176K)->9843K(10176K) NonClass: 8541K(8768K)->8541K(8768K) Class: 1302K(1408K)->1302K(1408K)
[29.739s][info][gc             ] GC(59) Pause Young (Normal) (G1 Evacuation Pause) 165M->5M(270M) 2.494ms
[29.739s][info][gc,cpu         ] GC(59) User=0.00s Sys=0.00s Real=0.00s
[30.083s][info][gc,start       ] GC(60) Pause Full (System.gc())
[30.083s][info][gc,task        ] GC(60) Using 6 workers of 33 for full compaction
[30.084s][info][gc,phases,start] GC(60) Phase 1: Mark live objects
[30.089s][info][gc,phases      ] GC(60) Phase 1: Mark live objects 5.469ms
[30.089s][info][gc,phases,start] GC(60) Phase 2: Prepare compaction
[30.091s][info][gc,phases      ] GC(60) Phase 2: Prepare compaction 1.185ms
[30.091s][info][gc,phases,start] GC(60) Phase 3: Adjust pointers
[30.094s][info][gc,phases      ] GC(60) Phase 3: Adjust pointers 3.759ms
[30.094s][info][gc,phases,start] GC(60) Phase 4: Compact heap
[30.095s][info][gc,phases      ] GC(60) Phase 4: Compact heap 0.575ms
[30.100s][info][gc,heap        ] GC(60) Eden regions: 78->0(16)
[30.100s][info][gc,heap        ] GC(60) Survivor regions: 2->0(21)
[30.100s][info][gc,heap        ] GC(60) Old regions: 9->8
[30.100s][info][gc,heap        ] GC(60) Archive regions: 0->0
[30.100s][info][gc,heap        ] GC(60) Humongous regions: 0->0
[30.100s][info][gc,metaspace   ] GC(60) Metaspace: 9843K(10176K)->9843K(10176K) NonClass: 8541K(8768K)->8541K(8768K) Class: 1302K(1408K)->1302K(1408K)
[30.100s][info][gc             ] GC(60) Pause Full (System.gc()) 83M->3M(27M) 16.515ms
[30.100s][info][gc,cpu         ] GC(60) User=0.02s Sys=0.00s Real=0.02s
[30.173s][info][gc,start       ] GC(61) Pause Young (Normal) (G1 Evacuation Pause)
[30.173s][info][gc,task        ] GC(61) Using 4 workers of 33 for evacuation
[30.176s][info][gc,phases      ] GC(61)   Pre Evacuate Collection Set: 0.1ms
[30.176s][info][gc,phases      ] GC(61)   Merge Heap Roots: 0.1ms
[30.176s][info][gc,phases      ] GC(61)   Evacuate Collection Set: 1.8ms
[30.176s][info][gc,phases      ] GC(61)   Post Evacuate Collection Set: 0.2ms
[30.176s][info][gc,phases      ] GC(61)   Other: 0.1ms
[30.176s][info][gc,heap        ] GC(61) Eden regions: 16->0(13)
[30.176s][info][gc,heap        ] GC(61) Survivor regions: 0->2(2)
[30.176s][info][gc,heap        ] GC(61) Old regions: 8->8
[30.176s][info][gc,heap        ] GC(61) Archive regions: 0->0
[30.176s][info][gc,heap        ] GC(61) Humongous regions: 0->0
[30.176s][info][gc,metaspace   ] GC(61) Metaspace: 9845K(10176K)->9845K(10176K) NonClass: 8543K(8768K)->8543K(8768K) Class: 1302K(1408K)->1302K(1408K)
[30.176s][info][gc             ] GC(61) Pause Young (Normal) (G1 Evacuation Pause) 19M->5M(27M) 2.910ms
[30.176s][info][gc,cpu         ] GC(61) User=0.00s Sys=0.00s Real=0.00s
[30.228s][info][gc,start       ] GC(62) Pause Young (Normal) (G1 Evacuation Pause)
[30.228s][info][gc,task        ] GC(62) Using 3 workers of 33 for evacuation
[30.231s][info][gc,phases      ] GC(62)   Pre Evacuate Collection Set: 0.1ms
[30.231s][info][gc,phases      ] GC(62)   Merge Heap Roots: 0.1ms
[30.231s][info][gc,phases      ] GC(62)   Evacuate Collection Set: 2.0ms
[30.231s][info][gc,phases      ] GC(62)   Post Evacuate Collection Set: 0.2ms
[30.231s][info][gc,phases      ] GC(62)   Other: 0.1ms
[30.231s][info][gc,heap        ] GC(62) Eden regions: 13->0(14)
[30.231s][info][gc,heap        ] GC(62) Survivor regions: 2->1(2)
[30.231s][info][gc,heap        ] GC(62) Old regions: 8->9
[30.231s][info][gc,heap        ] GC(62) Archive regions: 0->0
[30.231s][info][gc,heap        ] GC(62) Humongous regions: 0->0
[30.231s][info][gc,metaspace   ] GC(62) Metaspace: 9845K(10176K)->9845K(10176K) NonClass: 8543K(8768K)->8543K(8768K) Class: 1302K(1408K)->1302K(1408K)
[30.231s][info][gc             ] GC(62) Pause Young (Normal) (G1 Evacuation Pause) 18M->5M(27M) 2.957ms
[30.231s][info][gc,cpu         ] GC(62) User=0.00s Sys=0.00s Real=0.00s
[30.288s][info][gc,start       ] GC(63) Pause Young (Normal) (G1 Evacuation Pause)
[30.288s][info][gc,task        ] GC(63) Using 2 workers of 33 for evacuation
[30.291s][info][gc,phases      ] GC(63)   Pre Evacuate Collection Set: 0.1ms
[30.291s][info][gc,phases      ] GC(63)   Merge Heap Roots: 0.0ms
[30.291s][info][gc,phases      ] GC(63)   Evacuate Collection Set: 2.7ms
[30.291s][info][gc,phases      ] GC(63)   Post Evacuate Collection Set: 0.2ms
[30.291s][info][gc,phases      ] GC(63)   Other: 0.1ms
[30.291s][info][gc,heap        ] GC(63) Eden regions: 14->0(14)
[30.291s][info][gc,heap        ] GC(63) Survivor regions: 1->1(2)
[30.291s][info][gc,heap        ] GC(63) Old regions: 9->9
[30.291s][info][gc,heap        ] GC(63) Archive regions: 0->0
[30.291s][info][gc,heap        ] GC(63) Humongous regions: 0->0
[30.291s][info][gc,metaspace   ] GC(63) Metaspace: 9845K(10176K)->9845K(10176K) NonClass: 8543K(8768K)->8543K(8768K) Class: 1302K(1408K)->1302K(1408K)
[30.291s][info][gc             ] GC(63) Pause Young (Normal) (G1 Evacuation Pause) 19M->5M(27M) 3.723ms
[30.291s][info][gc,cpu         ] GC(63) User=0.03s Sys=0.00s Real=0.01s
[30.348s][info][gc,start       ] GC(64) Pause Young (Normal) (G1 Evacuation Pause)
[30.348s][info][gc,task        ] GC(64) Using 2 workers of 33 for evacuation
[30.352s][info][gc,phases      ] GC(64)   Pre Evacuate Collection Set: 0.1ms
[30.352s][info][gc,phases      ] GC(64)   Merge Heap Roots: 0.0ms
[30.352s][info][gc,phases      ] GC(64)   Evacuate Collection Set: 3.4ms
[30.352s][info][gc,phases      ] GC(64)   Post Evacuate Collection Set: 0.2ms
[30.352s][info][gc,phases      ] GC(64)   Other: 0.1ms
[30.352s][info][gc,heap        ] GC(64) Eden regions: 14->0(12)
[30.352s][info][gc,heap        ] GC(64) Survivor regions: 1->2(2)
[30.352s][info][gc,heap        ] GC(64) Old regions: 9->9
[30.352s][info][gc,heap        ] GC(64) Archive regions: 0->0
[30.352s][info][gc,heap        ] GC(64) Humongous regions: 0->0
[30.352s][info][gc,metaspace   ] GC(64) Metaspace: 9845K(10176K)->9845K(10176K) NonClass: 8543K(8768K)->8543K(8768K) Class: 1302K(1408K)->1302K(1408K)
[30.352s][info][gc             ] GC(64) Pause Young (Normal) (G1 Evacuation Pause) 19M->5M(27M) 4.295ms
[30.352s][info][gc,cpu         ] GC(64) User=0.03s Sys=0.00s Real=0.02s
[30.404s][info][gc,start       ] GC(65) Pause Young (Normal) (G1 Evacuation Pause)
[30.404s][info][gc,task        ] GC(65) Using 2 workers of 33 for evacuation
[30.407s][info][gc,phases      ] GC(65)   Pre Evacuate Collection Set: 0.1ms
[30.407s][info][gc,phases      ] GC(65)   Merge Heap Roots: 0.0ms
[30.408s][info][gc,phases      ] GC(65)   Evacuate Collection Set: 3.3ms
[30.408s][info][gc,phases      ] GC(65)   Post Evacuate Collection Set: 0.2ms
[30.408s][info][gc,phases      ] GC(65)   Other: 0.1ms
[30.408s][info][gc,heap        ] GC(65) Eden regions: 12->0(14)
[30.408s][info][gc,heap        ] GC(65) Survivor regions: 2->1(2)
[30.408s][info][gc,heap        ] GC(65) Old regions: 9->9
[30.408s][info][gc,heap        ] GC(65) Archive regions: 0->0
[30.408s][info][gc,heap        ] GC(65) Humongous regions: 0->0
[30.408s][info][gc,metaspace   ] GC(65) Metaspace: 9845K(10176K)->9845K(10176K) NonClass: 8543K(8768K)->8543K(8768K) Class: 1302K(1408K)->1302K(1408K)
[30.408s][info][gc             ] GC(65) Pause Young (Normal) (G1 Evacuation Pause) 17M->5M(27M) 4.162ms
[30.408s][info][gc,cpu         ] GC(65) User=0.00s Sys=0.00s Real=0.00s
[30.465s][info][gc,start       ] GC(66) Pause Young (Normal) (G1 Evacuation Pause)
[30.465s][info][gc,task        ] GC(66) Using 2 workers of 33 for evacuation
[30.472s][info][gc,phases      ] GC(66)   Pre Evacuate Collection Set: 0.1ms
[30.472s][info][gc,phases      ] GC(66)   Merge Heap Roots: 0.0ms
[30.472s][info][gc,phases      ] GC(66)   Evacuate Collection Set: 3.0ms
[30.472s][info][gc,phases      ] GC(66)   Post Evacuate Collection Set: 3.8ms
[30.472s][info][gc,phases      ] GC(66)   Other: 0.1ms
[30.472s][info][gc,heap        ] GC(66) Eden regions: 14->0(160)
[30.472s][info][gc,heap        ] GC(66) Survivor regions: 1->2(2)
[30.472s][info][gc,heap        ] GC(66) Old regions: 9->9
[30.472s][info][gc,heap        ] GC(66) Archive regions: 0->0
[30.472s][info][gc,heap        ] GC(66) Humongous regions: 0->0
[30.472s][info][gc,metaspace   ] GC(66) Metaspace: 9845K(10176K)->9845K(10176K) NonClass: 8543K(8768K)->8543K(8768K) Class: 1302K(1408K)->1302K(1408K)
[30.472s][info][gc             ] GC(66) Pause Young (Normal) (G1 Evacuation Pause) 19M->5M(270M) 7.544ms
[30.472s][info][gc,cpu         ] GC(66) User=0.00s Sys=0.00s Real=0.00s
[31.220s][info][gc,start       ] GC(67) Pause Young (Normal) (G1 Evacuation Pause)
[31.220s][info][gc,task        ] GC(67) Using 6 workers of 33 for evacuation
[31.223s][info][gc,phases      ] GC(67)   Pre Evacuate Collection Set: 0.1ms
[31.223s][info][gc,phases      ] GC(67)   Merge Heap Roots: 0.1ms
[31.223s][info][gc,phases      ] GC(67)   Evacuate Collection Set: 1.8ms
[31.223s][info][gc,phases      ] GC(67)   Post Evacuate Collection Set: 0.4ms
[31.223s][info][gc,phases      ] GC(67)   Other: 0.1ms
[31.223s][info][gc,heap        ] GC(67) Eden regions: 160->0(160)
[31.223s][info][gc,heap        ] GC(67) Survivor regions: 2->2(21)
[31.223s][info][gc,heap        ] GC(67) Old regions: 9->9
[31.223s][info][gc,heap        ] GC(67) Archive regions: 0->0
[31.223s][info][gc,heap        ] GC(67) Humongous regions: 0->0
[31.223s][info][gc,metaspace   ] GC(67) Metaspace: 9845K(10176K)->9845K(10176K) NonClass: 8543K(8768K)->8543K(8768K) Class: 1302K(1408K)->1302K(1408K)
[31.223s][info][gc             ] GC(67) Pause Young (Normal) (G1 Evacuation Pause) 165M->5M(270M) 3.002ms
[31.223s][info][gc,cpu         ] GC(67) User=0.00s Sys=0.00s Real=0.00s
[31.941s][info][gc,start       ] GC(68) Pause Young (Normal) (G1 Evacuation Pause)
[31.941s][info][gc,task        ] GC(68) Using 6 workers of 33 for evacuation
[31.943s][info][gc,phases      ] GC(68)   Pre Evacuate Collection Set: 0.1ms
[31.944s][info][gc,phases      ] GC(68)   Merge Heap Roots: 0.1ms
[31.944s][info][gc,phases      ] GC(68)   Evacuate Collection Set: 1.8ms
[31.944s][info][gc,phases      ] GC(68)   Post Evacuate Collection Set: 0.3ms
[31.944s][info][gc,phases      ] GC(68)   Other: 0.1ms
[31.944s][info][gc,heap        ] GC(68) Eden regions: 160->0(160)
[31.944s][info][gc,heap        ] GC(68) Survivor regions: 2->2(21)
[31.944s][info][gc,heap        ] GC(68) Old regions: 9->9
[31.944s][info][gc,heap        ] GC(68) Archive regions: 0->0
[31.944s][info][gc,heap        ] GC(68) Humongous regions: 0->0
[31.944s][info][gc,metaspace   ] GC(68) Metaspace: 9845K(10176K)->9845K(10176K) NonClass: 8543K(8768K)->8543K(8768K) Class: 1302K(1408K)->1302K(1408K)
[31.944s][info][gc             ] GC(68) Pause Young (Normal) (G1 Evacuation Pause) 165M->5M(270M) 3.011ms
[31.944s][info][gc,cpu         ] GC(68) User=0.00s Sys=0.00s Real=0.00s
[32.656s][info][gc,start       ] GC(69) Pause Young (Normal) (G1 Evacuation Pause)
[32.657s][info][gc,task        ] GC(69) Using 6 workers of 33 for evacuation
[32.659s][info][gc,phases      ] GC(69)   Pre Evacuate Collection Set: 0.1ms
[32.659s][info][gc,phases      ] GC(69)   Merge Heap Roots: 0.1ms
[32.659s][info][gc,phases      ] GC(69)   Evacuate Collection Set: 1.3ms
[32.659s][info][gc,phases      ] GC(69)   Post Evacuate Collection Set: 0.3ms
[32.659s][info][gc,phases      ] GC(69)   Other: 0.1ms
[32.659s][info][gc,heap        ] GC(69) Eden regions: 160->0(160)
[32.659s][info][gc,heap        ] GC(69) Survivor regions: 2->2(21)
[32.659s][info][gc,heap        ] GC(69) Old regions: 9->9
[32.659s][info][gc,heap        ] GC(69) Archive regions: 0->0
[32.659s][info][gc,heap        ] GC(69) Humongous regions: 0->0
[32.659s][info][gc,metaspace   ] GC(69) Metaspace: 9845K(10176K)->9845K(10176K) NonClass: 8543K(8768K)->8543K(8768K) Class: 1302K(1408K)->1302K(1408K)
[32.659s][info][gc             ] GC(69) Pause Young (Normal) (G1 Evacuation Pause) 165M->5M(270M) 2.507ms
[32.659s][info][gc,cpu         ] GC(69) User=0.00s Sys=0.00s Real=0.00s
[33.359s][info][gc,start       ] GC(70) Pause Young (Normal) (G1 Evacuation Pause)
[33.359s][info][gc,task        ] GC(70) Using 6 workers of 33 for evacuation
[33.361s][info][gc,phases      ] GC(70)   Pre Evacuate Collection Set: 0.1ms
[33.361s][info][gc,phases      ] GC(70)   Merge Heap Roots: 0.1ms
[33.361s][info][gc,phases      ] GC(70)   Evacuate Collection Set: 1.2ms
[33.361s][info][gc,phases      ] GC(70)   Post Evacuate Collection Set: 0.3ms
[33.361s][info][gc,phases      ] GC(70)   Other: 0.1ms
[33.361s][info][gc,heap        ] GC(70) Eden regions: 160->0(160)
[33.361s][info][gc,heap        ] GC(70) Survivor regions: 2->2(21)
[33.361s][info][gc,heap        ] GC(70) Old regions: 9->9
[33.361s][info][gc,heap        ] GC(70) Archive regions: 0->0
[33.361s][info][gc,heap        ] GC(70) Humongous regions: 0->0
[33.361s][info][gc,metaspace   ] GC(70) Metaspace: 9845K(10176K)->9845K(10176K) NonClass: 8543K(8768K)->8543K(8768K) Class: 1302K(1408K)->1302K(1408K)
[33.361s][info][gc             ] GC(70) Pause Young (Normal) (G1 Evacuation Pause) 165M->5M(270M) 2.436ms
[33.361s][info][gc,cpu         ] GC(70) User=0.00s Sys=0.00s Real=0.00s
[34.069s][info][gc,start       ] GC(71) Pause Young (Normal) (G1 Evacuation Pause)
[34.069s][info][gc,task        ] GC(71) Using 6 workers of 33 for evacuation
[34.071s][info][gc,phases      ] GC(71)   Pre Evacuate Collection Set: 0.1ms
[34.071s][info][gc,phases      ] GC(71)   Merge Heap Roots: 0.1ms
[34.071s][info][gc,phases      ] GC(71)   Evacuate Collection Set: 1.3ms
[34.071s][info][gc,phases      ] GC(71)   Post Evacuate Collection Set: 0.3ms
[34.071s][info][gc,phases      ] GC(71)   Other: 0.1ms
[34.071s][info][gc,heap        ] GC(71) Eden regions: 160->0(160)
[34.071s][info][gc,heap        ] GC(71) Survivor regions: 2->2(21)
[34.071s][info][gc,heap        ] GC(71) Old regions: 9->9
[34.071s][info][gc,heap        ] GC(71) Archive regions: 0->0
[34.071s][info][gc,heap        ] GC(71) Humongous regions: 0->0
[34.071s][info][gc,metaspace   ] GC(71) Metaspace: 9845K(10176K)->9845K(10176K) NonClass: 8543K(8768K)->8543K(8768K) Class: 1302K(1408K)->1302K(1408K)
[34.071s][info][gc             ] GC(71) Pause Young (Normal) (G1 Evacuation Pause) 165M->5M(270M) 2.529ms
[34.071s][info][gc,cpu         ] GC(71) User=0.00s Sys=0.00s Real=0.00s
[34.773s][info][gc,start       ] GC(72) Pause Young (Normal) (G1 Evacuation Pause)
[34.773s][info][gc,task        ] GC(72) Using 6 workers of 33 for evacuation
[34.776s][info][gc,phases      ] GC(72)   Pre Evacuate Collection Set: 0.1ms
[34.776s][info][gc,phases      ] GC(72)   Merge Heap Roots: 0.1ms
[34.776s][info][gc,phases      ] GC(72)   Evacuate Collection Set: 1.4ms
[34.776s][info][gc,phases      ] GC(72)   Post Evacuate Collection Set: 0.3ms
[34.776s][info][gc,phases      ] GC(72)   Other: 0.1ms
[34.776s][info][gc,heap        ] GC(72) Eden regions: 160->0(160)
[34.776s][info][gc,heap        ] GC(72) Survivor regions: 2->2(21)
[34.776s][info][gc,heap        ] GC(72) Old regions: 9->9
[34.776s][info][gc,heap        ] GC(72) Archive regions: 0->0
[34.776s][info][gc,heap        ] GC(72) Humongous regions: 0->0
[34.776s][info][gc,metaspace   ] GC(72) Metaspace: 9845K(10176K)->9845K(10176K) NonClass: 8543K(8768K)->8543K(8768K) Class: 1302K(1408K)->1302K(1408K)
[34.776s][info][gc             ] GC(72) Pause Young (Normal) (G1 Evacuation Pause) 165M->5M(270M) 2.638ms
[34.776s][info][gc,cpu         ] GC(72) User=0.00s Sys=0.00s Real=0.00s
[35.500s][info][gc,start       ] GC(73) Pause Young (Normal) (G1 Evacuation Pause)
[35.500s][info][gc,task        ] GC(73) Using 6 workers of 33 for evacuation
[35.502s][info][gc,phases      ] GC(73)   Pre Evacuate Collection Set: 0.1ms
[35.502s][info][gc,phases      ] GC(73)   Merge Heap Roots: 0.1ms
[35.502s][info][gc,phases      ] GC(73)   Evacuate Collection Set: 1.3ms
[35.502s][info][gc,phases      ] GC(73)   Post Evacuate Collection Set: 0.3ms
[35.502s][info][gc,phases      ] GC(73)   Other: 0.1ms
[35.502s][info][gc,heap        ] GC(73) Eden regions: 160->0(160)
[35.502s][info][gc,heap        ] GC(73) Survivor regions: 2->2(21)
[35.502s][info][gc,heap        ] GC(73) Old regions: 9->9
[35.502s][info][gc,heap        ] GC(73) Archive regions: 0->0
[35.503s][info][gc,heap        ] GC(73) Humongous regions: 0->0
[35.503s][info][gc,metaspace   ] GC(73) Metaspace: 9845K(10176K)->9845K(10176K) NonClass: 8543K(8768K)->8543K(8768K) Class: 1302K(1408K)->1302K(1408K)
[35.503s][info][gc             ] GC(73) Pause Young (Normal) (G1 Evacuation Pause) 165M->5M(270M) 2.555ms
[35.503s][info][gc,cpu         ] GC(73) User=0.00s Sys=0.00s Real=0.00s
[36.201s][info][gc,start       ] GC(74) Pause Young (Normal) (G1 Evacuation Pause)
[36.201s][info][gc,task        ] GC(74) Using 6 workers of 33 for evacuation
[36.203s][info][gc,phases      ] GC(74)   Pre Evacuate Collection Set: 0.1ms
[36.203s][info][gc,phases      ] GC(74)   Merge Heap Roots: 0.1ms
[36.203s][info][gc,phases      ] GC(74)   Evacuate Collection Set: 1.3ms
[36.203s][info][gc,phases      ] GC(74)   Post Evacuate Collection Set: 0.3ms
[36.203s][info][gc,phases      ] GC(74)   Other: 0.1ms
[36.203s][info][gc,heap        ] GC(74) Eden regions: 160->0(160)
[36.203s][info][gc,heap        ] GC(74) Survivor regions: 2->2(21)
[36.203s][info][gc,heap        ] GC(74) Old regions: 9->9
[36.203s][info][gc,heap        ] GC(74) Archive regions: 0->0
[36.203s][info][gc,heap        ] GC(74) Humongous regions: 0->0
[36.203s][info][gc,metaspace   ] GC(74) Metaspace: 9845K(10176K)->9845K(10176K) NonClass: 8543K(8768K)->8543K(8768K) Class: 1302K(1408K)->1302K(1408K)
[36.203s][info][gc             ] GC(74) Pause Young (Normal) (G1 Evacuation Pause) 165M->5M(270M) 2.522ms
[36.204s][info][gc,cpu         ] GC(74) User=0.00s Sys=0.00s Real=0.00s
[36.913s][info][gc,start       ] GC(75) Pause Young (Normal) (G1 Evacuation Pause)
[36.913s][info][gc,task        ] GC(75) Using 6 workers of 33 for evacuation
[36.915s][info][gc,phases      ] GC(75)   Pre Evacuate Collection Set: 0.1ms
[36.915s][info][gc,phases      ] GC(75)   Merge Heap Roots: 0.1ms
[36.915s][info][gc,phases      ] GC(75)   Evacuate Collection Set: 1.4ms
[36.915s][info][gc,phases      ] GC(75)   Post Evacuate Collection Set: 0.4ms
[36.915s][info][gc,phases      ] GC(75)   Other: 0.1ms
[36.915s][info][gc,heap        ] GC(75) Eden regions: 160->0(160)
[36.915s][info][gc,heap        ] GC(75) Survivor regions: 2->2(21)
[36.915s][info][gc,heap        ] GC(75) Old regions: 9->9
[36.915s][info][gc,heap        ] GC(75) Archive regions: 0->0
[36.915s][info][gc,heap        ] GC(75) Humongous regions: 0->0
[36.915s][info][gc,metaspace   ] GC(75) Metaspace: 9845K(10176K)->9845K(10176K) NonClass: 8543K(8768K)->8543K(8768K) Class: 1302K(1408K)->1302K(1408K)
[36.915s][info][gc             ] GC(75) Pause Young (Normal) (G1 Evacuation Pause) 165M->5M(270M) 2.655ms
[36.915s][info][gc,cpu         ] GC(75) User=0.00s Sys=0.00s Real=0.00s
[37.311s][info][gc,start       ] GC(76) Pause Full (System.gc())
[37.312s][info][gc,task        ] GC(76) Using 6 workers of 33 for full compaction
[37.312s][info][gc,phases,start] GC(76) Phase 1: Mark live objects
[37.317s][info][gc,phases      ] GC(76) Phase 1: Mark live objects 5.468ms
[37.317s][info][gc,phases,start] GC(76) Phase 2: Prepare compaction
[37.319s][info][gc,phases      ] GC(76) Phase 2: Prepare compaction 1.223ms
[37.319s][info][gc,phases,start] GC(76) Phase 3: Adjust pointers
[37.322s][info][gc,phases      ] GC(76) Phase 3: Adjust pointers 3.718ms
[37.322s][info][gc,phases,start] GC(76) Phase 4: Compact heap
[37.323s][info][gc,phases      ] GC(76) Phase 4: Compact heap 0.610ms
[37.327s][info][gc,heap        ] GC(76) Eden regions: 88->0(16)
[37.327s][info][gc,heap        ] GC(76) Survivor regions: 2->0(21)
[37.328s][info][gc,heap        ] GC(76) Old regions: 9->8
[37.328s][info][gc,heap        ] GC(76) Archive regions: 0->0
[37.328s][info][gc,heap        ] GC(76) Humongous regions: 0->0
[37.328s][info][gc,metaspace   ] GC(76) Metaspace: 9845K(10176K)->9845K(10176K) NonClass: 8543K(8768K)->8543K(8768K) Class: 1302K(1408K)->1302K(1408K)
[37.328s][info][gc             ] GC(76) Pause Full (System.gc()) 93M->3M(27M) 16.293ms
[37.328s][info][gc,cpu         ] GC(76) User=0.09s Sys=0.00s Real=0.02s
[37.397s][info][gc,start       ] GC(77) Pause Young (Normal) (G1 Evacuation Pause)
[37.397s][info][gc,task        ] GC(77) Using 4 workers of 33 for evacuation
[37.400s][info][gc,phases      ] GC(77)   Pre Evacuate Collection Set: 0.1ms
[37.400s][info][gc,phases      ] GC(77)   Merge Heap Roots: 0.1ms
[37.400s][info][gc,phases      ] GC(77)   Evacuate Collection Set: 1.9ms
[37.400s][info][gc,phases      ] GC(77)   Post Evacuate Collection Set: 0.2ms
[37.400s][info][gc,phases      ] GC(77)   Other: 0.1ms
[37.400s][info][gc,heap        ] GC(77) Eden regions: 16->0(13)
[37.400s][info][gc,heap        ] GC(77) Survivor regions: 0->2(2)
[37.400s][info][gc,heap        ] GC(77) Old regions: 8->8
[37.400s][info][gc,heap        ] GC(77) Archive regions: 0->0
[37.400s][info][gc,heap        ] GC(77) Humongous regions: 0->0
[37.400s][info][gc,metaspace   ] GC(77) Metaspace: 9846K(10176K)->9846K(10176K) NonClass: 8543K(8768K)->8543K(8768K) Class: 1302K(1408K)->1302K(1408K)
[37.400s][info][gc             ] GC(77) Pause Young (Normal) (G1 Evacuation Pause) 19M->5M(27M) 2.877ms
[37.400s][info][gc,cpu         ] GC(77) User=0.00s Sys=0.00s Real=0.00s
[37.457s][info][gc,start       ] GC(78) Pause Young (Normal) (G1 Evacuation Pause)
[37.457s][info][gc,task        ] GC(78) Using 3 workers of 33 for evacuation
[37.460s][info][gc,phases      ] GC(78)   Pre Evacuate Collection Set: 0.1ms
[37.460s][info][gc,phases      ] GC(78)   Merge Heap Roots: 0.1ms
[37.460s][info][gc,phases      ] GC(78)   Evacuate Collection Set: 2.3ms
[37.460s][info][gc,phases      ] GC(78)   Post Evacuate Collection Set: 0.2ms
[37.460s][info][gc,phases      ] GC(78)   Other: 0.1ms
[37.460s][info][gc,heap        ] GC(78) Eden regions: 13->0(14)
[37.460s][info][gc,heap        ] GC(78) Survivor regions: 2->1(2)
[37.460s][info][gc,heap        ] GC(78) Old regions: 8->9
[37.460s][info][gc,heap        ] GC(78) Archive regions: 0->0
[37.460s][info][gc,heap        ] GC(78) Humongous regions: 0->0
[37.460s][info][gc,metaspace   ] GC(78) Metaspace: 9846K(10176K)->9846K(10176K) NonClass: 8543K(8768K)->8543K(8768K) Class: 1302K(1408K)->1302K(1408K)
[37.460s][info][gc             ] GC(78) Pause Young (Normal) (G1 Evacuation Pause) 18M->5M(27M) 3.230ms
[37.460s][info][gc,cpu         ] GC(78) User=0.00s Sys=0.02s Real=0.02s
[37.522s][info][gc,start       ] GC(79) Pause Young (Normal) (G1 Evacuation Pause)
[37.522s][info][gc,task        ] GC(79) Using 2 workers of 33 for evacuation
[37.526s][info][gc,phases      ] GC(79)   Pre Evacuate Collection Set: 0.1ms
[37.526s][info][gc,phases      ] GC(79)   Merge Heap Roots: 0.0ms
[37.526s][info][gc,phases      ] GC(79)   Evacuate Collection Set: 3.2ms
[37.526s][info][gc,phases      ] GC(79)   Post Evacuate Collection Set: 0.2ms
[37.526s][info][gc,phases      ] GC(79)   Other: 0.1ms
[37.526s][info][gc,heap        ] GC(79) Eden regions: 14->0(12)
[37.526s][info][gc,heap        ] GC(79) Survivor regions: 1->2(2)
[37.526s][info][gc,heap        ] GC(79) Old regions: 9->9
[37.526s][info][gc,heap        ] GC(79) Archive regions: 0->0
[37.526s][info][gc,heap        ] GC(79) Humongous regions: 0->0
[37.526s][info][gc,metaspace   ] GC(79) Metaspace: 9846K(10176K)->9846K(10176K) NonClass: 8543K(8768K)->8543K(8768K) Class: 1302K(1408K)->1302K(1408K)
[37.526s][info][gc             ] GC(79) Pause Young (Normal) (G1 Evacuation Pause) 19M->5M(27M) 4.027ms
[37.526s][info][gc,cpu         ] GC(79) User=0.00s Sys=0.00s Real=0.00s
[37.576s][info][gc,start       ] GC(80) Pause Young (Normal) (G1 Evacuation Pause)
[37.576s][info][gc,task        ] GC(80) Using 2 workers of 33 for evacuation
[37.580s][info][gc,phases      ] GC(80)   Pre Evacuate Collection Set: 0.1ms
[37.580s][info][gc,phases      ] GC(80)   Merge Heap Roots: 0.0ms
[37.580s][info][gc,phases      ] GC(80)   Evacuate Collection Set: 3.0ms
[37.580s][info][gc,phases      ] GC(80)   Post Evacuate Collection Set: 0.2ms
[37.580s][info][gc,phases      ] GC(80)   Other: 0.1ms
[37.580s][info][gc,heap        ] GC(80) Eden regions: 12->0(14)
[37.580s][info][gc,heap        ] GC(80) Survivor regions: 2->1(2)
[37.580s][info][gc,heap        ] GC(80) Old regions: 9->9
[37.580s][info][gc,heap        ] GC(80) Archive regions: 0->0
[37.580s][info][gc,heap        ] GC(80) Humongous regions: 0->0
[37.580s][info][gc,metaspace   ] GC(80) Metaspace: 9846K(10176K)->9846K(10176K) NonClass: 8543K(8768K)->8543K(8768K) Class: 1302K(1408K)->1302K(1408K)
[37.580s][info][gc             ] GC(80) Pause Young (Normal) (G1 Evacuation Pause) 17M->5M(27M) 3.975ms
[37.580s][info][gc,cpu         ] GC(80) User=0.00s Sys=0.00s Real=0.00s
[37.643s][info][gc,start       ] GC(81) Pause Young (Normal) (G1 Evacuation Pause)
[37.643s][info][gc,task        ] GC(81) Using 2 workers of 33 for evacuation
[37.646s][info][gc,phases      ] GC(81)   Pre Evacuate Collection Set: 0.1ms
[37.646s][info][gc,phases      ] GC(81)   Merge Heap Roots: 0.1ms
[37.647s][info][gc,phases      ] GC(81)   Evacuate Collection Set: 3.1ms
[37.647s][info][gc,phases      ] GC(81)   Post Evacuate Collection Set: 0.2ms
[37.647s][info][gc,phases      ] GC(81)   Other: 0.1ms
[37.647s][info][gc,heap        ] GC(81) Eden regions: 14->0(12)
[37.647s][info][gc,heap        ] GC(81) Survivor regions: 1->2(2)
[37.647s][info][gc,heap        ] GC(81) Old regions: 9->9
[37.647s][info][gc,heap        ] GC(81) Archive regions: 0->0
[37.647s][info][gc,heap        ] GC(81) Humongous regions: 0->0
[37.647s][info][gc,metaspace   ] GC(81) Metaspace: 9846K(10176K)->9846K(10176K) NonClass: 8543K(8768K)->8543K(8768K) Class: 1302K(1408K)->1302K(1408K)
[37.647s][info][gc             ] GC(81) Pause Young (Normal) (G1 Evacuation Pause) 19M->5M(27M) 4.030ms
[37.647s][info][gc,cpu         ] GC(81) User=0.03s Sys=0.00s Real=0.02s
[37.700s][info][gc,start       ] GC(82) Pause Young (Normal) (G1 Evacuation Pause)
[37.700s][info][gc,task        ] GC(82) Using 2 workers of 33 for evacuation
[37.707s][info][gc,phases      ] GC(82)   Pre Evacuate Collection Set: 0.1ms
[37.707s][info][gc,phases      ] GC(82)   Merge Heap Roots: 0.0ms
[37.707s][info][gc,phases      ] GC(82)   Evacuate Collection Set: 3.0ms
[37.707s][info][gc,phases      ] GC(82)   Post Evacuate Collection Set: 3.9ms
[37.707s][info][gc,phases      ] GC(82)   Other: 0.1ms
[37.707s][info][gc,heap        ] GC(82) Eden regions: 12->0(161)
[37.707s][info][gc,heap        ] GC(82) Survivor regions: 2->1(2)
[37.707s][info][gc,heap        ] GC(82) Old regions: 9->9
[37.707s][info][gc,heap        ] GC(82) Archive regions: 0->0
[37.707s][info][gc,heap        ] GC(82) Humongous regions: 0->0
[37.708s][info][gc,metaspace   ] GC(82) Metaspace: 9846K(10176K)->9846K(10176K) NonClass: 8543K(8768K)->8543K(8768K) Class: 1302K(1408K)->1302K(1408K)
[37.708s][info][gc             ] GC(82) Pause Young (Normal) (G1 Evacuation Pause) 17M->5M(270M) 7.551ms
[37.708s][info][gc,cpu         ] GC(82) User=0.02s Sys=0.00s Real=0.02s
[38.465s][info][gc,start       ] GC(83) Pause Young (Normal) (G1 Evacuation Pause)
[38.466s][info][gc,task        ] GC(83) Using 6 workers of 33 for evacuation
[38.468s][info][gc,phases      ] GC(83)   Pre Evacuate Collection Set: 0.1ms
[38.468s][info][gc,phases      ] GC(83)   Merge Heap Roots: 0.1ms
[38.468s][info][gc,phases      ] GC(83)   Evacuate Collection Set: 1.6ms
[38.468s][info][gc,phases      ] GC(83)   Post Evacuate Collection Set: 0.4ms
[38.468s][info][gc,phases      ] GC(83)   Other: 0.1ms
[38.468s][info][gc,heap        ] GC(83) Eden regions: 161->0(160)
[38.468s][info][gc,heap        ] GC(83) Survivor regions: 1->2(21)
[38.468s][info][gc,heap        ] GC(83) Old regions: 9->9
[38.468s][info][gc,heap        ] GC(83) Archive regions: 0->0
[38.468s][info][gc,heap        ] GC(83) Humongous regions: 0->0
[38.468s][info][gc,metaspace   ] GC(83) Metaspace: 9846K(10176K)->9846K(10176K) NonClass: 8543K(8768K)->8543K(8768K) Class: 1302K(1408K)->1302K(1408K)
[38.468s][info][gc             ] GC(83) Pause Young (Normal) (G1 Evacuation Pause) 166M->6M(270M) 2.912ms
[38.468s][info][gc,cpu         ] GC(83) User=0.00s Sys=0.00s Real=0.00s
[39.187s][info][gc,start       ] GC(84) Pause Young (Normal) (G1 Evacuation Pause)
[39.187s][info][gc,task        ] GC(84) Using 6 workers of 33 for evacuation
[39.189s][info][gc,phases      ] GC(84)   Pre Evacuate Collection Set: 0.1ms
[39.189s][info][gc,phases      ] GC(84)   Merge Heap Roots: 0.1ms
[39.189s][info][gc,phases      ] GC(84)   Evacuate Collection Set: 1.4ms
[39.189s][info][gc,phases      ] GC(84)   Post Evacuate Collection Set: 0.3ms
[39.189s][info][gc,phases      ] GC(84)   Other: 0.1ms
[39.189s][info][gc,heap        ] GC(84) Eden regions: 160->0(160)
[39.189s][info][gc,heap        ] GC(84) Survivor regions: 2->2(21)
[39.189s][info][gc,heap        ] GC(84) Old regions: 9->9
[39.189s][info][gc,heap        ] GC(84) Archive regions: 0->0
[39.189s][info][gc,heap        ] GC(84) Humongous regions: 0->0
[39.189s][info][gc,metaspace   ] GC(84) Metaspace: 9846K(10176K)->9846K(10176K) NonClass: 8543K(8768K)->8543K(8768K) Class: 1302K(1408K)->1302K(1408K)
[39.189s][info][gc             ] GC(84) Pause Young (Normal) (G1 Evacuation Pause) 166M->5M(270M) 2.660ms
[39.189s][info][gc,cpu         ] GC(84) User=0.00s Sys=0.00s Real=0.00s
[39.895s][info][gc,start       ] GC(85) Pause Young (Normal) (G1 Evacuation Pause)
[39.915s][info][gc,task        ] GC(85) Using 6 workers of 33 for evacuation
[39.917s][info][gc,phases      ] GC(85)   Pre Evacuate Collection Set: 0.1ms
[39.917s][info][gc,phases      ] GC(85)   Merge Heap Roots: 0.1ms
[39.917s][info][gc,phases      ] GC(85)   Evacuate Collection Set: 1.5ms
[39.917s][info][gc,phases      ] GC(85)   Post Evacuate Collection Set: 0.4ms
[39.917s][info][gc,phases      ] GC(85)   Other: 0.1ms
[39.917s][info][gc,heap        ] GC(85) Eden regions: 160->0(160)
[39.917s][info][gc,heap        ] GC(85) Survivor regions: 2->2(21)
[39.917s][info][gc,heap        ] GC(85) Old regions: 9->9
[39.917s][info][gc,heap        ] GC(85) Archive regions: 0->0
[39.917s][info][gc,heap        ] GC(85) Humongous regions: 0->0
[39.917s][info][gc,metaspace   ] GC(85) Metaspace: 9846K(10176K)->9846K(10176K) NonClass: 8543K(8768K)->8543K(8768K) Class: 1302K(1408K)->1302K(1408K)
[39.917s][info][gc             ] GC(85) Pause Young (Normal) (G1 Evacuation Pause) 165M->6M(270M) 22.800ms
[39.917s][info][gc,cpu         ] GC(85) User=0.00s Sys=0.00s Real=0.02s
[40.645s][info][gc,start       ] GC(86) Pause Young (Normal) (G1 Evacuation Pause)
[40.645s][info][gc,task        ] GC(86) Using 6 workers of 33 for evacuation
[40.647s][info][gc,phases      ] GC(86)   Pre Evacuate Collection Set: 0.1ms
[40.647s][info][gc,phases      ] GC(86)   Merge Heap Roots: 0.1ms
[40.647s][info][gc,phases      ] GC(86)   Evacuate Collection Set: 1.4ms
[40.647s][info][gc,phases      ] GC(86)   Post Evacuate Collection Set: 0.3ms
[40.647s][info][gc,phases      ] GC(86)   Other: 0.1ms
[40.647s][info][gc,heap        ] GC(86) Eden regions: 160->0(160)
[40.647s][info][gc,heap        ] GC(86) Survivor regions: 2->2(21)
[40.647s][info][gc,heap        ] GC(86) Old regions: 9->9
[40.647s][info][gc,heap        ] GC(86) Archive regions: 0->0
[40.647s][info][gc,heap        ] GC(86) Humongous regions: 0->0
[40.647s][info][gc,metaspace   ] GC(86) Metaspace: 9846K(10176K)->9846K(10176K) NonClass: 8543K(8768K)->8543K(8768K) Class: 1302K(1408K)->1302K(1408K)
[40.648s][info][gc             ] GC(86) Pause Young (Normal) (G1 Evacuation Pause) 166M->5M(270M) 2.633ms
[40.648s][info][gc,cpu         ] GC(86) User=0.00s Sys=0.00s Real=0.00s
[41.336s][info][gc,start       ] GC(87) Pause Young (Normal) (G1 Evacuation Pause)
[41.336s][info][gc,task        ] GC(87) Using 6 workers of 33 for evacuation
[41.338s][info][gc,phases      ] GC(87)   Pre Evacuate Collection Set: 0.1ms
[41.338s][info][gc,phases      ] GC(87)   Merge Heap Roots: 0.1ms
[41.338s][info][gc,phases      ] GC(87)   Evacuate Collection Set: 1.4ms
[41.338s][info][gc,phases      ] GC(87)   Post Evacuate Collection Set: 0.3ms
[41.338s][info][gc,phases      ] GC(87)   Other: 0.1ms
[41.338s][info][gc,heap        ] GC(87) Eden regions: 160->0(160)
[41.338s][info][gc,heap        ] GC(87) Survivor regions: 2->2(21)
[41.338s][info][gc,heap        ] GC(87) Old regions: 9->9
[41.338s][info][gc,heap        ] GC(87) Archive regions: 0->0
[41.338s][info][gc,heap        ] GC(87) Humongous regions: 0->0
[41.338s][info][gc,metaspace   ] GC(87) Metaspace: 9846K(10176K)->9846K(10176K) NonClass: 8543K(8768K)->8543K(8768K) Class: 1302K(1408K)->1302K(1408K)
[41.338s][info][gc             ] GC(87) Pause Young (Normal) (G1 Evacuation Pause) 165M->6M(270M) 2.605ms
[41.338s][info][gc,cpu         ] GC(87) User=0.00s Sys=0.00s Real=0.00s
[42.058s][info][gc,start       ] GC(88) Pause Young (Normal) (G1 Evacuation Pause)
[42.059s][info][gc,task        ] GC(88) Using 6 workers of 33 for evacuation
[42.061s][info][gc,phases      ] GC(88)   Pre Evacuate Collection Set: 0.1ms
[42.061s][info][gc,phases      ] GC(88)   Merge Heap Roots: 0.1ms
[42.061s][info][gc,phases      ] GC(88)   Evacuate Collection Set: 1.4ms
[42.061s][info][gc,phases      ] GC(88)   Post Evacuate Collection Set: 0.3ms
[42.061s][info][gc,phases      ] GC(88)   Other: 0.1ms
[42.061s][info][gc,heap        ] GC(88) Eden regions: 160->0(160)
[42.061s][info][gc,heap        ] GC(88) Survivor regions: 2->2(21)
[42.061s][info][gc,heap        ] GC(88) Old regions: 9->9
[42.061s][info][gc,heap        ] GC(88) Archive regions: 0->0
[42.061s][info][gc,heap        ] GC(88) Humongous regions: 0->0
[42.061s][info][gc,metaspace   ] GC(88) Metaspace: 9846K(10176K)->9846K(10176K) NonClass: 8543K(8768K)->8543K(8768K) Class: 1302K(1408K)->1302K(1408K)
[42.061s][info][gc             ] GC(88) Pause Young (Normal) (G1 Evacuation Pause) 166M->6M(270M) 2.637ms
[42.061s][info][gc,cpu         ] GC(88) User=0.00s Sys=0.00s Real=0.00s
[42.768s][info][gc,start       ] GC(89) Pause Young (Normal) (G1 Evacuation Pause)
[42.768s][info][gc,task        ] GC(89) Using 6 workers of 33 for evacuation
[42.770s][info][gc,phases      ] GC(89)   Pre Evacuate Collection Set: 0.1ms
[42.770s][info][gc,phases      ] GC(89)   Merge Heap Roots: 0.1ms
[42.770s][info][gc,phases      ] GC(89)   Evacuate Collection Set: 1.3ms
[42.770s][info][gc,phases      ] GC(89)   Post Evacuate Collection Set: 0.4ms
[42.770s][info][gc,phases      ] GC(89)   Other: 0.1ms
[42.770s][info][gc,heap        ] GC(89) Eden regions: 160->0(160)
[42.770s][info][gc,heap        ] GC(89) Survivor regions: 2->2(21)
[42.770s][info][gc,heap        ] GC(89) Old regions: 9->9
[42.770s][info][gc,heap        ] GC(89) Archive regions: 0->0
[42.770s][info][gc,heap        ] GC(89) Humongous regions: 0->0
[42.770s][info][gc,metaspace   ] GC(89) Metaspace: 9846K(10176K)->9846K(10176K) NonClass: 8543K(8768K)->8543K(8768K) Class: 1302K(1408K)->1302K(1408K)
[42.770s][info][gc             ] GC(89) Pause Young (Normal) (G1 Evacuation Pause) 166M->6M(270M) 2.584ms
[42.770s][info][gc,cpu         ] GC(89) User=0.00s Sys=0.00s Real=0.00s
[43.468s][info][gc,start       ] GC(90) Pause Young (Normal) (G1 Evacuation Pause)
[43.468s][info][gc,task        ] GC(90) Using 6 workers of 33 for evacuation
[43.470s][info][gc,phases      ] GC(90)   Pre Evacuate Collection Set: 0.1ms
[43.470s][info][gc,phases      ] GC(90)   Merge Heap Roots: 0.1ms
[43.470s][info][gc,phases      ] GC(90)   Evacuate Collection Set: 1.3ms
[43.470s][info][gc,phases      ] GC(90)   Post Evacuate Collection Set: 0.3ms
[43.470s][info][gc,phases      ] GC(90)   Other: 0.1ms
[43.470s][info][gc,heap        ] GC(90) Eden regions: 160->0(160)
[43.470s][info][gc,heap        ] GC(90) Survivor regions: 2->2(21)
[43.470s][info][gc,heap        ] GC(90) Old regions: 9->9
[43.470s][info][gc,heap        ] GC(90) Archive regions: 0->0
[43.470s][info][gc,heap        ] GC(90) Humongous regions: 0->0
[43.470s][info][gc,metaspace   ] GC(90) Metaspace: 9846K(10176K)->9846K(10176K) NonClass: 8543K(8768K)->8543K(8768K) Class: 1302K(1408K)->1302K(1408K)
[43.470s][info][gc             ] GC(90) Pause Young (Normal) (G1 Evacuation Pause) 166M->6M(270M) 2.574ms
[43.471s][info][gc,cpu         ] GC(90) User=0.00s Sys=0.00s Real=0.00s
[44.185s][info][gc,start       ] GC(91) Pause Young (Normal) (G1 Evacuation Pause)
[44.196s][info][gc,task        ] GC(91) Using 6 workers of 33 for evacuation
[44.198s][info][gc,phases      ] GC(91)   Pre Evacuate Collection Set: 0.1ms
[44.199s][info][gc,phases      ] GC(91)   Merge Heap Roots: 0.1ms
[44.199s][info][gc,phases      ] GC(91)   Evacuate Collection Set: 1.3ms
[44.199s][info][gc,phases      ] GC(91)   Post Evacuate Collection Set: 0.3ms
[44.199s][info][gc,phases      ] GC(91)   Other: 0.2ms
[44.199s][info][gc,heap        ] GC(91) Eden regions: 160->0(160)
[44.199s][info][gc,heap        ] GC(91) Survivor regions: 2->2(21)
[44.199s][info][gc,heap        ] GC(91) Old regions: 9->9
[44.199s][info][gc,heap        ] GC(91) Archive regions: 0->0
[44.199s][info][gc,heap        ] GC(91) Humongous regions: 0->0
[44.199s][info][gc,metaspace   ] GC(91) Metaspace: 9846K(10176K)->9846K(10176K) NonClass: 8543K(8768K)->8543K(8768K) Class: 1302K(1408K)->1302K(1408K)
[44.199s][info][gc             ] GC(91) Pause Young (Normal) (G1 Evacuation Pause) 166M->5M(270M) 13.590ms
[44.199s][info][gc,cpu         ] GC(91) User=0.00s Sys=0.00s Real=0.02s
[44.564s][info][gc,start       ] GC(92) Pause Full (System.gc())
[44.564s][info][gc,task        ] GC(92) Using 6 workers of 33 for full compaction
[44.565s][info][gc,phases,start] GC(92) Phase 1: Mark live objects
[44.570s][info][gc,phases      ] GC(92) Phase 1: Mark live objects 5.357ms
[44.570s][info][gc,phases,start] GC(92) Phase 2: Prepare compaction
[44.571s][info][gc,phases      ] GC(92) Phase 2: Prepare compaction 1.197ms
[44.571s][info][gc,phases,start] GC(92) Phase 3: Adjust pointers
[44.575s][info][gc,phases      ] GC(92) Phase 3: Adjust pointers 3.664ms
[44.575s][info][gc,phases,start] GC(92) Phase 4: Compact heap
[44.576s][info][gc,phases      ] GC(92) Phase 4: Compact heap 0.602ms
[44.580s][info][gc,heap        ] GC(92) Eden regions: 84->0(16)
[44.580s][info][gc,heap        ] GC(92) Survivor regions: 2->0(21)
[44.580s][info][gc,heap        ] GC(92) Old regions: 9->8
[44.580s][info][gc,heap        ] GC(92) Archive regions: 0->0
[44.580s][info][gc,heap        ] GC(92) Humongous regions: 0->0
[44.580s][info][gc,metaspace   ] GC(92) Metaspace: 9846K(10176K)->9846K(10176K) NonClass: 8544K(8768K)->8544K(8768K) Class: 1302K(1408K)->1302K(1408K)
[44.581s][info][gc             ] GC(92) Pause Full (System.gc()) 89M->3M(27M) 16.218ms
[44.581s][info][gc,cpu         ] GC(92) User=0.03s Sys=0.00s Real=0.02s
[44.654s][info][gc,start       ] GC(93) Pause Young (Normal) (G1 Evacuation Pause)
[44.654s][info][gc,task        ] GC(93) Using 4 workers of 33 for evacuation
[44.656s][info][gc,phases      ] GC(93)   Pre Evacuate Collection Set: 0.1ms
[44.657s][info][gc,phases      ] GC(93)   Merge Heap Roots: 0.1ms
[44.657s][info][gc,phases      ] GC(93)   Evacuate Collection Set: 1.9ms
[44.657s][info][gc,phases      ] GC(93)   Post Evacuate Collection Set: 0.2ms
[44.657s][info][gc,phases      ] GC(93)   Other: 0.1ms
[44.657s][info][gc,heap        ] GC(93) Eden regions: 16->0(13)
[44.657s][info][gc,heap        ] GC(93) Survivor regions: 0->2(2)
[44.657s][info][gc,heap        ] GC(93) Old regions: 8->8
[44.657s][info][gc,heap        ] GC(93) Archive regions: 0->0
[44.657s][info][gc,heap        ] GC(93) Humongous regions: 0->0
[44.657s][info][gc,metaspace   ] GC(93) Metaspace: 9847K(10176K)->9847K(10176K) NonClass: 8545K(8768K)->8545K(8768K) Class: 1302K(1408K)->1302K(1408K)
[44.657s][info][gc             ] GC(93) Pause Young (Normal) (G1 Evacuation Pause) 19M->5M(27M) 2.903ms
[44.657s][info][gc,cpu         ] GC(93) User=0.00s Sys=0.00s Real=0.00s
[44.712s][info][gc,start       ] GC(94) Pause Young (Normal) (G1 Evacuation Pause)
[44.712s][info][gc,task        ] GC(94) Using 3 workers of 33 for evacuation
[44.715s][info][gc,phases      ] GC(94)   Pre Evacuate Collection Set: 0.1ms
[44.715s][info][gc,phases      ] GC(94)   Merge Heap Roots: 0.1ms
[44.715s][info][gc,phases      ] GC(94)   Evacuate Collection Set: 2.2ms
[44.715s][info][gc,phases      ] GC(94)   Post Evacuate Collection Set: 0.2ms
[44.715s][info][gc,phases      ] GC(94)   Other: 0.1ms
[44.715s][info][gc,heap        ] GC(94) Eden regions: 13->0(14)
[44.715s][info][gc,heap        ] GC(94) Survivor regions: 2->1(2)
[44.715s][info][gc,heap        ] GC(94) Old regions: 8->9
[44.715s][info][gc,heap        ] GC(94) Archive regions: 0->0
[44.715s][info][gc,heap        ] GC(94) Humongous regions: 0->0
[44.715s][info][gc,metaspace   ] GC(94) Metaspace: 9847K(10176K)->9847K(10176K) NonClass: 8545K(8768K)->8545K(8768K) Class: 1302K(1408K)->1302K(1408K)
[44.715s][info][gc             ] GC(94) Pause Young (Normal) (G1 Evacuation Pause) 18M->5M(27M) 3.106ms
[44.715s][info][gc,cpu         ] GC(94) User=0.00s Sys=0.00s Real=0.00s
[44.771s][info][gc,start       ] GC(95) Pause Young (Normal) (G1 Evacuation Pause)
[44.772s][info][gc,task        ] GC(95) Using 2 workers of 33 for evacuation
[44.775s][info][gc,phases      ] GC(95)   Pre Evacuate Collection Set: 0.1ms
[44.775s][info][gc,phases      ] GC(95)   Merge Heap Roots: 0.1ms
[44.775s][info][gc,phases      ] GC(95)   Evacuate Collection Set: 3.0ms
[44.775s][info][gc,phases      ] GC(95)   Post Evacuate Collection Set: 0.2ms
[44.775s][info][gc,phases      ] GC(95)   Other: 0.1ms
[44.775s][info][gc,heap        ] GC(95) Eden regions: 14->0(12)
[44.775s][info][gc,heap        ] GC(95) Survivor regions: 1->2(2)
[44.775s][info][gc,heap        ] GC(95) Old regions: 9->9
[44.775s][info][gc,heap        ] GC(95) Archive regions: 0->0
[44.775s][info][gc,heap        ] GC(95) Humongous regions: 0->0
[44.775s][info][gc,metaspace   ] GC(95) Metaspace: 9847K(10176K)->9847K(10176K) NonClass: 8545K(8768K)->8545K(8768K) Class: 1302K(1408K)->1302K(1408K)
[44.775s][info][gc             ] GC(95) Pause Young (Normal) (G1 Evacuation Pause) 19M->5M(27M) 4.016ms
[44.775s][info][gc,cpu         ] GC(95) User=0.00s Sys=0.00s Real=0.00s
[44.822s][info][gc,start       ] GC(96) Pause Young (Normal) (G1 Evacuation Pause)
[44.822s][info][gc,task        ] GC(96) Using 2 workers of 33 for evacuation
[44.826s][info][gc,phases      ] GC(96)   Pre Evacuate Collection Set: 0.1ms
[44.826s][info][gc,phases      ] GC(96)   Merge Heap Roots: 0.0ms
[44.826s][info][gc,phases      ] GC(96)   Evacuate Collection Set: 2.8ms
[44.826s][info][gc,phases      ] GC(96)   Post Evacuate Collection Set: 0.3ms
[44.826s][info][gc,phases      ] GC(96)   Other: 0.1ms
[44.826s][info][gc,heap        ] GC(96) Eden regions: 12->0(14)
[44.826s][info][gc,heap        ] GC(96) Survivor regions: 2->1(2)
[44.826s][info][gc,heap        ] GC(96) Old regions: 9->9
[44.826s][info][gc,heap        ] GC(96) Archive regions: 0->0
[44.826s][info][gc,heap        ] GC(96) Humongous regions: 0->0
[44.826s][info][gc,metaspace   ] GC(96) Metaspace: 9847K(10176K)->9847K(10176K) NonClass: 8545K(8768K)->8545K(8768K) Class: 1302K(1408K)->1302K(1408K)
[44.826s][info][gc             ] GC(96) Pause Young (Normal) (G1 Evacuation Pause) 17M->5M(27M) 3.732ms
[44.826s][info][gc,cpu         ] GC(96) User=0.02s Sys=0.02s Real=0.02s
[44.885s][info][gc,start       ] GC(97) Pause Young (Normal) (G1 Evacuation Pause)
[44.886s][info][gc,task        ] GC(97) Using 2 workers of 33 for evacuation
[44.889s][info][gc,phases      ] GC(97)   Pre Evacuate Collection Set: 0.1ms
[44.889s][info][gc,phases      ] GC(97)   Merge Heap Roots: 0.1ms
[44.889s][info][gc,phases      ] GC(97)   Evacuate Collection Set: 3.0ms
[44.889s][info][gc,phases      ] GC(97)   Post Evacuate Collection Set: 0.2ms
[44.889s][info][gc,phases      ] GC(97)   Other: 0.1ms
[44.889s][info][gc,heap        ] GC(97) Eden regions: 14->0(12)
[44.889s][info][gc,heap        ] GC(97) Survivor regions: 1->2(2)
[44.889s][info][gc,heap        ] GC(97) Old regions: 9->9
[44.889s][info][gc,heap        ] GC(97) Archive regions: 0->0
[44.889s][info][gc,heap        ] GC(97) Humongous regions: 0->0
[44.889s][info][gc,metaspace   ] GC(97) Metaspace: 9847K(10176K)->9847K(10176K) NonClass: 8545K(8768K)->8545K(8768K) Class: 1302K(1408K)->1302K(1408K)
[44.889s][info][gc             ] GC(97) Pause Young (Normal) (G1 Evacuation Pause) 19M->5M(27M) 3.945ms
[44.889s][info][gc,cpu         ] GC(97) User=0.03s Sys=0.00s Real=0.02s
[44.943s][info][gc,start       ] GC(98) Pause Young (Normal) (G1 Evacuation Pause)
[44.943s][info][gc,task        ] GC(98) Using 2 workers of 33 for evacuation
[44.950s][info][gc,phases      ] GC(98)   Pre Evacuate Collection Set: 0.1ms
[44.950s][info][gc,phases      ] GC(98)   Merge Heap Roots: 0.0ms
[44.950s][info][gc,phases      ] GC(98)   Evacuate Collection Set: 3.0ms
[44.950s][info][gc,phases      ] GC(98)   Post Evacuate Collection Set: 3.8ms
[44.950s][info][gc,phases      ] GC(98)   Other: 0.1ms
[44.950s][info][gc,heap        ] GC(98) Eden regions: 12->0(160)
[44.950s][info][gc,heap        ] GC(98) Survivor regions: 2->2(2)
[44.950s][info][gc,heap        ] GC(98) Old regions: 9->9
[44.950s][info][gc,heap        ] GC(98) Archive regions: 0->0
[44.950s][info][gc,heap        ] GC(98) Humongous regions: 0->0
[44.950s][info][gc,metaspace   ] GC(98) Metaspace: 9847K(10176K)->9847K(10176K) NonClass: 8545K(8768K)->8545K(8768K) Class: 1302K(1408K)->1302K(1408K)
[44.950s][info][gc             ] GC(98) Pause Young (Normal) (G1 Evacuation Pause) 17M->5M(270M) 7.499ms
[44.950s][info][gc,cpu         ] GC(98) User=0.00s Sys=0.00s Real=0.00s
[45.699s][info][gc,start       ] GC(99) Pause Young (Normal) (G1 Evacuation Pause)
[45.699s][info][gc,task        ] GC(99) Using 6 workers of 33 for evacuation
[45.702s][info][gc,phases      ] GC(99)   Pre Evacuate Collection Set: 0.1ms
[45.702s][info][gc,phases      ] GC(99)   Merge Heap Roots: 0.1ms
[45.702s][info][gc,phases      ] GC(99)   Evacuate Collection Set: 1.7ms
[45.702s][info][gc,phases      ] GC(99)   Post Evacuate Collection Set: 0.4ms
[45.702s][info][gc,phases      ] GC(99)   Other: 0.1ms
[45.702s][info][gc,heap        ] GC(99) Eden regions: 160->0(160)
[45.702s][info][gc,heap        ] GC(99) Survivor regions: 2->2(21)
[45.702s][info][gc,heap        ] GC(99) Old regions: 9->9
[45.702s][info][gc,heap        ] GC(99) Archive regions: 0->0
[45.702s][info][gc,heap        ] GC(99) Humongous regions: 0->0
[45.702s][info][gc,metaspace   ] GC(99) Metaspace: 9847K(10176K)->9847K(10176K) NonClass: 8545K(8768K)->8545K(8768K) Class: 1302K(1408K)->1302K(1408K)
[45.702s][info][gc             ] GC(99) Pause Young (Normal) (G1 Evacuation Pause) 165M->5M(270M) 2.949ms
[45.702s][info][gc,cpu         ] GC(99) User=0.00s Sys=0.00s Real=0.00s
[46.415s][info][gc,start       ] GC(100) Pause Young (Normal) (G1 Evacuation Pause)
[46.415s][info][gc,task        ] GC(100) Using 6 workers of 33 for evacuation
[46.417s][info][gc,phases      ] GC(100)   Pre Evacuate Collection Set: 0.1ms
[46.417s][info][gc,phases      ] GC(100)   Merge Heap Roots: 0.1ms
[46.417s][info][gc,phases      ] GC(100)   Evacuate Collection Set: 1.6ms
[46.417s][info][gc,phases      ] GC(100)   Post Evacuate Collection Set: 0.3ms
[46.417s][info][gc,phases      ] GC(100)   Other: 0.1ms
[46.417s][info][gc,heap        ] GC(100) Eden regions: 160->0(160)
[46.417s][info][gc,heap        ] GC(100) Survivor regions: 2->2(21)
[46.417s][info][gc,heap        ] GC(100) Old regions: 9->9
[46.417s][info][gc,heap        ] GC(100) Archive regions: 0->0
[46.417s][info][gc,heap        ] GC(100) Humongous regions: 0->0
[46.417s][info][gc,metaspace   ] GC(100) Metaspace: 9847K(10176K)->9847K(10176K) NonClass: 8545K(8768K)->8545K(8768K) Class: 1302K(1408K)->1302K(1408K)
[46.417s][info][gc             ] GC(100) Pause Young (Normal) (G1 Evacuation Pause) 165M->5M(270M) 2.824ms
[46.417s][info][gc,cpu         ] GC(100) User=0.00s Sys=0.00s Real=0.00s
[47.130s][info][gc,start       ] GC(101) Pause Young (Normal) (G1 Evacuation Pause)
[47.131s][info][gc,task        ] GC(101) Using 6 workers of 33 for evacuation
[47.133s][info][gc,phases      ] GC(101)   Pre Evacuate Collection Set: 0.1ms
[47.133s][info][gc,phases      ] GC(101)   Merge Heap Roots: 0.1ms
[47.133s][info][gc,phases      ] GC(101)   Evacuate Collection Set: 1.4ms
[47.133s][info][gc,phases      ] GC(101)   Post Evacuate Collection Set: 0.3ms
[47.133s][info][gc,phases      ] GC(101)   Other: 0.1ms
[47.133s][info][gc,heap        ] GC(101) Eden regions: 160->0(160)
[47.133s][info][gc,heap        ] GC(101) Survivor regions: 2->2(21)
[47.133s][info][gc,heap        ] GC(101) Old regions: 9->9
[47.133s][info][gc,heap        ] GC(101) Archive regions: 0->0
[47.133s][info][gc,heap        ] GC(101) Humongous regions: 0->0
[47.133s][info][gc,metaspace   ] GC(101) Metaspace: 9847K(10176K)->9847K(10176K) NonClass: 8545K(8768K)->8545K(8768K) Class: 1302K(1408K)->1302K(1408K)
[47.133s][info][gc             ] GC(101) Pause Young (Normal) (G1 Evacuation Pause) 165M->6M(270M) 2.614ms
[47.133s][info][gc,cpu         ] GC(101) User=0.00s Sys=0.00s Real=0.00s
[47.832s][info][gc,start       ] GC(102) Pause Young (Normal) (G1 Evacuation Pause)
[47.832s][info][gc,task        ] GC(102) Using 6 workers of 33 for evacuation
[47.834s][info][gc,phases      ] GC(102)   Pre Evacuate Collection Set: 0.1ms
[47.834s][info][gc,phases      ] GC(102)   Merge Heap Roots: 0.1ms
[47.834s][info][gc,phases      ] GC(102)   Evacuate Collection Set: 1.3ms
[47.834s][info][gc,phases      ] GC(102)   Post Evacuate Collection Set: 0.3ms
[47.834s][info][gc,phases      ] GC(102)   Other: 0.1ms
[47.834s][info][gc,heap        ] GC(102) Eden regions: 160->0(160)
[47.834s][info][gc,heap        ] GC(102) Survivor regions: 2->2(21)
[47.834s][info][gc,heap        ] GC(102) Old regions: 9->9
[47.834s][info][gc,heap        ] GC(102) Archive regions: 0->0
[47.834s][info][gc,heap        ] GC(102) Humongous regions: 0->0
[47.835s][info][gc,metaspace   ] GC(102) Metaspace: 9847K(10176K)->9847K(10176K) NonClass: 8545K(8768K)->8545K(8768K) Class: 1302K(1408K)->1302K(1408K)
[47.835s][info][gc             ] GC(102) Pause Young (Normal) (G1 Evacuation Pause) 166M->5M(270M) 2.529ms
[47.835s][info][gc,cpu         ] GC(102) User=0.00s Sys=0.00s Real=0.00s
[48.542s][info][gc,start       ] GC(103) Pause Young (Normal) (G1 Evacuation Pause)
[48.542s][info][gc,task        ] GC(103) Using 6 workers of 33 for evacuation
[48.544s][info][gc,phases      ] GC(103)   Pre Evacuate Collection Set: 0.1ms
[48.545s][info][gc,phases      ] GC(103)   Merge Heap Roots: 0.1ms
[48.545s][info][gc,phases      ] GC(103)   Evacuate Collection Set: 1.3ms
[48.545s][info][gc,phases      ] GC(103)   Post Evacuate Collection Set: 0.4ms
[48.545s][info][gc,phases      ] GC(103)   Other: 0.1ms
[48.545s][info][gc,heap        ] GC(103) Eden regions: 160->0(160)
[48.545s][info][gc,heap        ] GC(103) Survivor regions: 2->2(21)
[48.545s][info][gc,heap        ] GC(103) Old regions: 9->9
[48.545s][info][gc,heap        ] GC(103) Archive regions: 0->0
[48.545s][info][gc,heap        ] GC(103) Humongous regions: 0->0
[48.545s][info][gc,metaspace   ] GC(103) Metaspace: 9847K(10176K)->9847K(10176K) NonClass: 8545K(8768K)->8545K(8768K) Class: 1302K(1408K)->1302K(1408K)
[48.545s][info][gc             ] GC(103) Pause Young (Normal) (G1 Evacuation Pause) 165M->5M(270M) 2.593ms
[48.545s][info][gc,cpu         ] GC(103) User=0.00s Sys=0.00s Real=0.00s
[49.259s][info][gc,start       ] GC(104) Pause Young (Normal) (G1 Evacuation Pause)
[49.259s][info][gc,task        ] GC(104) Using 6 workers of 33 for evacuation
[49.261s][info][gc,phases      ] GC(104)   Pre Evacuate Collection Set: 0.1ms
[49.261s][info][gc,phases      ] GC(104)   Merge Heap Roots: 0.1ms
[49.262s][info][gc,phases      ] GC(104)   Evacuate Collection Set: 1.4ms
[49.262s][info][gc,phases      ] GC(104)   Post Evacuate Collection Set: 0.3ms
[49.262s][info][gc,phases      ] GC(104)   Other: 0.1ms
[49.262s][info][gc,heap        ] GC(104) Eden regions: 160->0(160)
[49.262s][info][gc,heap        ] GC(104) Survivor regions: 2->2(21)
[49.262s][info][gc,heap        ] GC(104) Old regions: 9->9
[49.262s][info][gc,heap        ] GC(104) Archive regions: 0->0
[49.262s][info][gc,heap        ] GC(104) Humongous regions: 0->0
[49.262s][info][gc,metaspace   ] GC(104) Metaspace: 9847K(10176K)->9847K(10176K) NonClass: 8545K(8768K)->8545K(8768K) Class: 1302K(1408K)->1302K(1408K)
[49.262s][info][gc             ] GC(104) Pause Young (Normal) (G1 Evacuation Pause) 165M->5M(270M) 2.612ms
[49.262s][info][gc,cpu         ] GC(104) User=0.00s Sys=0.00s Real=0.00s
[49.976s][info][gc,start       ] GC(105) Pause Young (Normal) (G1 Evacuation Pause)
[49.976s][info][gc,task        ] GC(105) Using 6 workers of 33 for evacuation
[49.978s][info][gc,phases      ] GC(105)   Pre Evacuate Collection Set: 0.1ms
[49.978s][info][gc,phases      ] GC(105)   Merge Heap Roots: 0.1ms
[49.978s][info][gc,phases      ] GC(105)   Evacuate Collection Set: 1.4ms
[49.978s][info][gc,phases      ] GC(105)   Post Evacuate Collection Set: 0.3ms
[49.978s][info][gc,phases      ] GC(105)   Other: 0.1ms
[49.978s][info][gc,heap        ] GC(105) Eden regions: 160->0(160)
[49.978s][info][gc,heap        ] GC(105) Survivor regions: 2->2(21)
[49.978s][info][gc,heap        ] GC(105) Old regions: 9->9
[49.978s][info][gc,heap        ] GC(105) Archive regions: 0->0
[49.978s][info][gc,heap        ] GC(105) Humongous regions: 0->0
[49.978s][info][gc,metaspace   ] GC(105) Metaspace: 9847K(10176K)->9847K(10176K) NonClass: 8545K(8768K)->8545K(8768K) Class: 1302K(1408K)->1302K(1408K)
[49.978s][info][gc             ] GC(105) Pause Young (Normal) (G1 Evacuation Pause) 165M->5M(270M) 2.620ms
[49.978s][info][gc,cpu         ] GC(105) User=0.00s Sys=0.00s Real=0.00s
[50.692s][info][gc,start       ] GC(106) Pause Young (Normal) (G1 Evacuation Pause)
[50.693s][info][gc,task        ] GC(106) Using 6 workers of 33 for evacuation
[50.695s][info][gc,phases      ] GC(106)   Pre Evacuate Collection Set: 0.1ms
[50.695s][info][gc,phases      ] GC(106)   Merge Heap Roots: 0.1ms
[50.695s][info][gc,phases      ] GC(106)   Evacuate Collection Set: 1.4ms
[50.695s][info][gc,phases      ] GC(106)   Post Evacuate Collection Set: 0.3ms
[50.695s][info][gc,phases      ] GC(106)   Other: 0.1ms
[50.695s][info][gc,heap        ] GC(106) Eden regions: 160->0(160)
[50.695s][info][gc,heap        ] GC(106) Survivor regions: 2->2(21)
[50.695s][info][gc,heap        ] GC(106) Old regions: 9->9
[50.695s][info][gc,heap        ] GC(106) Archive regions: 0->0
[50.695s][info][gc,heap        ] GC(106) Humongous regions: 0->0
[50.695s][info][gc,metaspace   ] GC(106) Metaspace: 9847K(10176K)->9847K(10176K) NonClass: 8545K(8768K)->8545K(8768K) Class: 1302K(1408K)->1302K(1408K)
[50.695s][info][gc             ] GC(106) Pause Young (Normal) (G1 Evacuation Pause) 165M->5M(270M) 2.707ms
[50.695s][info][gc,cpu         ] GC(106) User=0.02s Sys=0.00s Real=0.02s
[51.404s][info][gc,start       ] GC(107) Pause Young (Normal) (G1 Evacuation Pause)
[51.404s][info][gc,task        ] GC(107) Using 6 workers of 33 for evacuation
[51.406s][info][gc,phases      ] GC(107)   Pre Evacuate Collection Set: 0.1ms
[51.406s][info][gc,phases      ] GC(107)   Merge Heap Roots: 0.1ms
[51.406s][info][gc,phases      ] GC(107)   Evacuate Collection Set: 1.3ms
[51.406s][info][gc,phases      ] GC(107)   Post Evacuate Collection Set: 0.3ms
[51.406s][info][gc,phases      ] GC(107)   Other: 0.1ms
[51.407s][info][gc,heap        ] GC(107) Eden regions: 160->0(160)
[51.407s][info][gc,heap        ] GC(107) Survivor regions: 2->2(21)
[51.407s][info][gc,heap        ] GC(107) Old regions: 9->9
[51.407s][info][gc,heap        ] GC(107) Archive regions: 0->0
[51.407s][info][gc,heap        ] GC(107) Humongous regions: 0->0
[51.407s][info][gc,metaspace   ] GC(107) Metaspace: 9847K(10176K)->9847K(10176K) NonClass: 8545K(8768K)->8545K(8768K) Class: 1302K(1408K)->1302K(1408K)
[51.407s][info][gc             ] GC(107) Pause Young (Normal) (G1 Evacuation Pause) 165M->5M(270M) 2.514ms
[51.407s][info][gc,cpu         ] GC(107) User=0.00s Sys=0.00s Real=0.00s
[51.777s][info][gc,start       ] GC(108) Pause Full (System.gc())
[51.777s][info][gc,task        ] GC(108) Using 6 workers of 33 for full compaction
[51.778s][info][gc,phases,start] GC(108) Phase 1: Mark live objects
[51.783s][info][gc,phases      ] GC(108) Phase 1: Mark live objects 5.413ms
[51.783s][info][gc,phases,start] GC(108) Phase 2: Prepare compaction
[51.784s][info][gc,phases      ] GC(108) Phase 2: Prepare compaction 1.207ms
[51.784s][info][gc,phases,start] GC(108) Phase 3: Adjust pointers
[51.788s][info][gc,phases      ] GC(108) Phase 3: Adjust pointers 3.718ms
[51.788s][info][gc,phases,start] GC(108) Phase 4: Compact heap
[51.789s][info][gc,phases      ] GC(108) Phase 4: Compact heap 0.581ms
[51.793s][info][gc,heap        ] GC(108) Eden regions: 86->0(16)
[51.793s][info][gc,heap        ] GC(108) Survivor regions: 2->0(21)
[51.793s][info][gc,heap        ] GC(108) Old regions: 9->8
[51.793s][info][gc,heap        ] GC(108) Archive regions: 0->0
[51.793s][info][gc,heap        ] GC(108) Humongous regions: 0->0
[51.793s][info][gc,metaspace   ] GC(108) Metaspace: 9849K(10176K)->9849K(10176K) NonClass: 8547K(8768K)->8547K(8768K) Class: 1302K(1408K)->1302K(1408K)
[51.793s][info][gc             ] GC(108) Pause Full (System.gc()) 90M->3M(27M) 16.224ms
[51.793s][info][gc,cpu         ] GC(108) User=0.09s Sys=0.00s Real=0.01s
[51.866s][info][gc,start       ] GC(109) Pause Young (Normal) (G1 Evacuation Pause)
[51.866s][info][gc,task        ] GC(109) Using 4 workers of 33 for evacuation
[51.868s][info][gc,phases      ] GC(109)   Pre Evacuate Collection Set: 0.1ms
[51.868s][info][gc,phases      ] GC(109)   Merge Heap Roots: 0.1ms
[51.868s][info][gc,phases      ] GC(109)   Evacuate Collection Set: 2.0ms
[51.868s][info][gc,phases      ] GC(109)   Post Evacuate Collection Set: 0.4ms
[51.868s][info][gc,phases      ] GC(109)   Other: 0.1ms
[51.868s][info][gc,heap        ] GC(109) Eden regions: 16->0(13)
[51.869s][info][gc,heap        ] GC(109) Survivor regions: 0->2(2)
[51.869s][info][gc,heap        ] GC(109) Old regions: 8->8
[51.869s][info][gc,heap        ] GC(109) Archive regions: 0->0
[51.869s][info][gc,heap        ] GC(109) Humongous regions: 0->0
[51.869s][info][gc,metaspace   ] GC(109) Metaspace: 9852K(10176K)->9852K(10176K) NonClass: 8549K(8768K)->8549K(8768K) Class: 1303K(1408K)->1303K(1408K)
[51.869s][info][gc             ] GC(109) Pause Young (Normal) (G1 Evacuation Pause) 19M->5M(27M) 3.099ms
[51.869s][info][gc,cpu         ] GC(109) User=0.00s Sys=0.00s Real=0.00s
[51.925s][info][gc,start       ] GC(110) Pause Young (Normal) (G1 Evacuation Pause)
[51.925s][info][gc,task        ] GC(110) Using 3 workers of 33 for evacuation
[51.929s][info][gc,phases      ] GC(110)   Pre Evacuate Collection Set: 0.1ms
[51.929s][info][gc,phases      ] GC(110)   Merge Heap Roots: 0.1ms
[51.929s][info][gc,phases      ] GC(110)   Evacuate Collection Set: 2.6ms
[51.929s][info][gc,phases      ] GC(110)   Post Evacuate Collection Set: 0.2ms
[51.929s][info][gc,phases      ] GC(110)   Other: 0.3ms
[51.929s][info][gc,heap        ] GC(110) Eden regions: 13->0(14)
[51.929s][info][gc,heap        ] GC(110) Survivor regions: 2->1(2)
[51.929s][info][gc,heap        ] GC(110) Old regions: 8->9
[51.929s][info][gc,heap        ] GC(110) Archive regions: 0->0
[51.929s][info][gc,heap        ] GC(110) Humongous regions: 0->0
[51.929s][info][gc,metaspace   ] GC(110) Metaspace: 9852K(10176K)->9852K(10176K) NonClass: 8549K(8768K)->8549K(8768K) Class: 1303K(1408K)->1303K(1408K)
[51.929s][info][gc             ] GC(110) Pause Young (Normal) (G1 Evacuation Pause) 18M->5M(27M) 3.686ms
[51.929s][info][gc,cpu         ] GC(110) User=0.02s Sys=0.00s Real=0.02s
[51.987s][info][gc,start       ] GC(111) Pause Young (Normal) (G1 Evacuation Pause)
[51.987s][info][gc,task        ] GC(111) Using 2 workers of 33 for evacuation
[51.990s][info][gc,phases      ] GC(111)   Pre Evacuate Collection Set: 0.1ms
[51.990s][info][gc,phases      ] GC(111)   Merge Heap Roots: 0.0ms
[51.990s][info][gc,phases      ] GC(111)   Evacuate Collection Set: 2.7ms
[51.990s][info][gc,phases      ] GC(111)   Post Evacuate Collection Set: 0.2ms
[51.990s][info][gc,phases      ] GC(111)   Other: 0.1ms
[51.990s][info][gc,heap        ] GC(111) Eden regions: 14->0(14)
[51.990s][info][gc,heap        ] GC(111) Survivor regions: 1->1(2)
[51.990s][info][gc,heap        ] GC(111) Old regions: 9->9
[51.990s][info][gc,heap        ] GC(111) Archive regions: 0->0
[51.990s][info][gc,heap        ] GC(111) Humongous regions: 0->0
[51.990s][info][gc,metaspace   ] GC(111) Metaspace: 9852K(10176K)->9852K(10176K) NonClass: 8549K(8768K)->8549K(8768K) Class: 1303K(1408K)->1303K(1408K)
[51.990s][info][gc             ] GC(111) Pause Young (Normal) (G1 Evacuation Pause) 19M->5M(27M) 3.664ms
[51.990s][info][gc,cpu         ] GC(111) User=0.03s Sys=0.00s Real=0.02s
[52.049s][info][gc,start       ] GC(112) Pause Young (Normal) (G1 Evacuation Pause)
[52.049s][info][gc,task        ] GC(112) Using 2 workers of 33 for evacuation
[52.052s][info][gc,phases      ] GC(112)   Pre Evacuate Collection Set: 0.1ms
[52.053s][info][gc,phases      ] GC(112)   Merge Heap Roots: 0.1ms
[52.053s][info][gc,phases      ] GC(112)   Evacuate Collection Set: 3.2ms
[52.053s][info][gc,phases      ] GC(112)   Post Evacuate Collection Set: 0.2ms
[52.053s][info][gc,phases      ] GC(112)   Other: 0.1ms
[52.053s][info][gc,heap        ] GC(112) Eden regions: 14->0(12)
[52.053s][info][gc,heap        ] GC(112) Survivor regions: 1->2(2)
[52.053s][info][gc,heap        ] GC(112) Old regions: 9->9
[52.053s][info][gc,heap        ] GC(112) Archive regions: 0->0
[52.053s][info][gc,heap        ] GC(112) Humongous regions: 0->0
[52.053s][info][gc,metaspace   ] GC(112) Metaspace: 9852K(10176K)->9852K(10176K) NonClass: 8549K(8768K)->8549K(8768K) Class: 1303K(1408K)->1303K(1408K)
[52.053s][info][gc             ] GC(112) Pause Young (Normal) (G1 Evacuation Pause) 19M->5M(27M) 4.134ms
[52.053s][info][gc,cpu         ] GC(112) User=0.03s Sys=0.00s Real=0.02s
[52.107s][info][gc,start       ] GC(113) Pause Young (Normal) (G1 Evacuation Pause)
[52.107s][info][gc,task        ] GC(113) Using 2 workers of 33 for evacuation
[52.110s][info][gc,phases      ] GC(113)   Pre Evacuate Collection Set: 0.1ms
[52.110s][info][gc,phases      ] GC(113)   Merge Heap Roots: 0.1ms
[52.111s][info][gc,phases      ] GC(113)   Evacuate Collection Set: 3.1ms
[52.111s][info][gc,phases      ] GC(113)   Post Evacuate Collection Set: 0.2ms
[52.111s][info][gc,phases      ] GC(113)   Other: 0.1ms
[52.111s][info][gc,heap        ] GC(113) Eden regions: 12->0(14)
[52.111s][info][gc,heap        ] GC(113) Survivor regions: 2->1(2)
[52.111s][info][gc,heap        ] GC(113) Old regions: 9->9
[52.111s][info][gc,heap        ] GC(113) Archive regions: 0->0
[52.111s][info][gc,heap        ] GC(113) Humongous regions: 0->0
[52.111s][info][gc,metaspace   ] GC(113) Metaspace: 9852K(10176K)->9852K(10176K) NonClass: 8549K(8768K)->8549K(8768K) Class: 1303K(1408K)->1303K(1408K)
[52.111s][info][gc             ] GC(113) Pause Young (Normal) (G1 Evacuation Pause) 17M->5M(27M) 3.962ms
[52.111s][info][gc,cpu         ] GC(113) User=0.00s Sys=0.00s Real=0.00s
[52.174s][info][gc,start       ] GC(114) Pause Young (Normal) (G1 Evacuation Pause)
[52.174s][info][gc,task        ] GC(114) Using 2 workers of 33 for evacuation
[52.181s][info][gc,phases      ] GC(114)   Pre Evacuate Collection Set: 0.1ms
[52.181s][info][gc,phases      ] GC(114)   Merge Heap Roots: 0.0ms
[52.181s][info][gc,phases      ] GC(114)   Evacuate Collection Set: 2.7ms
[52.181s][info][gc,phases      ] GC(114)   Post Evacuate Collection Set: 3.8ms
[52.181s][info][gc,phases      ] GC(114)   Other: 0.1ms
[52.181s][info][gc,heap        ] GC(114) Eden regions: 14->0(161)
[52.181s][info][gc,heap        ] GC(114) Survivor regions: 1->1(2)
[52.181s][info][gc,heap        ] GC(114) Old regions: 9->9
[52.181s][info][gc,heap        ] GC(114) Archive regions: 0->0
[52.181s][info][gc,heap        ] GC(114) Humongous regions: 0->0
[52.181s][info][gc,metaspace   ] GC(114) Metaspace: 9852K(10176K)->9852K(10176K) NonClass: 8549K(8768K)->8549K(8768K) Class: 1303K(1408K)->1303K(1408K)
[52.181s][info][gc             ] GC(114) Pause Young (Normal) (G1 Evacuation Pause) 19M->5M(270M) 7.267ms
[52.182s][info][gc,cpu         ] GC(114) User=0.03s Sys=0.00s Real=0.02s
[52.921s][info][gc,start       ] GC(115) Pause Young (Normal) (G1 Evacuation Pause)
[52.921s][info][gc,task        ] GC(115) Using 6 workers of 33 for evacuation
[52.923s][info][gc,phases      ] GC(115)   Pre Evacuate Collection Set: 0.1ms
[52.923s][info][gc,phases      ] GC(115)   Merge Heap Roots: 0.1ms
[52.923s][info][gc,phases      ] GC(115)   Evacuate Collection Set: 1.4ms
[52.923s][info][gc,phases      ] GC(115)   Post Evacuate Collection Set: 0.3ms
[52.923s][info][gc,phases      ] GC(115)   Other: 0.1ms
[52.923s][info][gc,heap        ] GC(115) Eden regions: 161->0(160)
[52.923s][info][gc,heap        ] GC(115) Survivor regions: 1->2(21)
[52.923s][info][gc,heap        ] GC(115) Old regions: 9->9
[52.923s][info][gc,heap        ] GC(115) Archive regions: 0->0
[52.923s][info][gc,heap        ] GC(115) Humongous regions: 0->0
[52.923s][info][gc,metaspace   ] GC(115) Metaspace: 9852K(10176K)->9852K(10176K) NonClass: 8549K(8768K)->8549K(8768K) Class: 1303K(1408K)->1303K(1408K)
[52.923s][info][gc             ] GC(115) Pause Young (Normal) (G1 Evacuation Pause) 166M->6M(270M) 2.652ms
[52.923s][info][gc,cpu         ] GC(115) User=0.00s Sys=0.00s Real=0.00s
[53.617s][info][gc,start       ] GC(116) Pause Young (Normal) (G1 Evacuation Pause)
[53.617s][info][gc,task        ] GC(116) Using 6 workers of 33 for evacuation
[53.619s][info][gc,phases      ] GC(116)   Pre Evacuate Collection Set: 0.1ms
[53.619s][info][gc,phases      ] GC(116)   Merge Heap Roots: 0.1ms
[53.619s][info][gc,phases      ] GC(116)   Evacuate Collection Set: 1.2ms
[53.619s][info][gc,phases      ] GC(116)   Post Evacuate Collection Set: 0.4ms
[53.619s][info][gc,phases      ] GC(116)   Other: 0.1ms
[53.619s][info][gc,heap        ] GC(116) Eden regions: 160->0(160)
[53.619s][info][gc,heap        ] GC(116) Survivor regions: 2->2(21)
[53.619s][info][gc,heap        ] GC(116) Old regions: 9->9
[53.619s][info][gc,heap        ] GC(116) Archive regions: 0->0
[53.619s][info][gc,heap        ] GC(116) Humongous regions: 0->0
[53.619s][info][gc,metaspace   ] GC(116) Metaspace: 9852K(10176K)->9852K(10176K) NonClass: 8549K(8768K)->8549K(8768K) Class: 1303K(1408K)->1303K(1408K)
[53.619s][info][gc             ] GC(116) Pause Young (Normal) (G1 Evacuation Pause) 166M->6M(270M) 2.580ms
[53.619s][info][gc,cpu         ] GC(116) User=0.09s Sys=0.00s Real=0.02s
[54.338s][info][gc,start       ] GC(117) Pause Young (Normal) (G1 Evacuation Pause)
[54.338s][info][gc,task        ] GC(117) Using 6 workers of 33 for evacuation
[54.340s][info][gc,phases      ] GC(117)   Pre Evacuate Collection Set: 0.1ms
[54.340s][info][gc,phases      ] GC(117)   Merge Heap Roots: 0.1ms
[54.340s][info][gc,phases      ] GC(117)   Evacuate Collection Set: 1.1ms
[54.340s][info][gc,phases      ] GC(117)   Post Evacuate Collection Set: 0.3ms
[54.340s][info][gc,phases      ] GC(117)   Other: 0.1ms
[54.340s][info][gc,heap        ] GC(117) Eden regions: 160->0(160)
[54.340s][info][gc,heap        ] GC(117) Survivor regions: 2->2(21)
[54.340s][info][gc,heap        ] GC(117) Old regions: 9->9
[54.340s][info][gc,heap        ] GC(117) Archive regions: 0->0
[54.340s][info][gc,heap        ] GC(117) Humongous regions: 0->0
[54.340s][info][gc,metaspace   ] GC(117) Metaspace: 9852K(10176K)->9852K(10176K) NonClass: 8549K(8768K)->8549K(8768K) Class: 1303K(1408K)->1303K(1408K)
[54.340s][info][gc             ] GC(117) Pause Young (Normal) (G1 Evacuation Pause) 166M->5M(270M) 2.347ms
[54.340s][info][gc,cpu         ] GC(117) User=0.00s Sys=0.00s Real=0.00s
[55.048s][info][gc,start       ] GC(118) Pause Young (Normal) (G1 Evacuation Pause)
[55.049s][info][gc,task        ] GC(118) Using 6 workers of 33 for evacuation
[55.051s][info][gc,phases      ] GC(118)   Pre Evacuate Collection Set: 0.1ms
[55.051s][info][gc,phases      ] GC(118)   Merge Heap Roots: 0.1ms
[55.051s][info][gc,phases      ] GC(118)   Evacuate Collection Set: 1.3ms
[55.051s][info][gc,phases      ] GC(118)   Post Evacuate Collection Set: 0.3ms
[55.051s][info][gc,phases      ] GC(118)   Other: 0.1ms
[55.051s][info][gc,heap        ] GC(118) Eden regions: 160->0(160)
[55.051s][info][gc,heap        ] GC(118) Survivor regions: 2->2(21)
[55.051s][info][gc,heap        ] GC(118) Old regions: 9->9
[55.051s][info][gc,heap        ] GC(118) Archive regions: 0->0
[55.051s][info][gc,heap        ] GC(118) Humongous regions: 0->0
[55.051s][info][gc,metaspace   ] GC(118) Metaspace: 9852K(10176K)->9852K(10176K) NonClass: 8549K(8768K)->8549K(8768K) Class: 1303K(1408K)->1303K(1408K)
[55.051s][info][gc             ] GC(118) Pause Young (Normal) (G1 Evacuation Pause) 165M->6M(270M) 2.474ms
[55.051s][info][gc,cpu         ] GC(118) User=0.00s Sys=0.00s Real=0.00s
[55.764s][info][gc,start       ] GC(119) Pause Young (Normal) (G1 Evacuation Pause)
[55.765s][info][gc,task        ] GC(119) Using 6 workers of 33 for evacuation
[55.766s][info][gc,phases      ] GC(119)   Pre Evacuate Collection Set: 0.1ms
[55.766s][info][gc,phases      ] GC(119)   Merge Heap Roots: 0.1ms
[55.766s][info][gc,phases      ] GC(119)   Evacuate Collection Set: 1.2ms
[55.767s][info][gc,phases      ] GC(119)   Post Evacuate Collection Set: 0.3ms
[55.767s][info][gc,phases      ] GC(119)   Other: 0.1ms
[55.767s][info][gc,heap        ] GC(119) Eden regions: 160->0(160)
[55.767s][info][gc,heap        ] GC(119) Survivor regions: 2->2(21)
[55.767s][info][gc,heap        ] GC(119) Old regions: 9->9
[55.767s][info][gc,heap        ] GC(119) Archive regions: 0->0
[55.767s][info][gc,heap        ] GC(119) Humongous regions: 0->0
[55.767s][info][gc,metaspace   ] GC(119) Metaspace: 9852K(10176K)->9852K(10176K) NonClass: 8549K(8768K)->8549K(8768K) Class: 1303K(1408K)->1303K(1408K)
[55.767s][info][gc             ] GC(119) Pause Young (Normal) (G1 Evacuation Pause) 166M->5M(270M) 2.418ms
[55.767s][info][gc,cpu         ] GC(119) User=0.09s Sys=0.00s Real=0.02s
[56.459s][info][gc,start       ] GC(120) Pause Young (Normal) (G1 Evacuation Pause)
[56.460s][info][gc,task        ] GC(120) Using 6 workers of 33 for evacuation
[56.462s][info][gc,phases      ] GC(120)   Pre Evacuate Collection Set: 0.1ms
[56.462s][info][gc,phases      ] GC(120)   Merge Heap Roots: 0.1ms
[56.462s][info][gc,phases      ] GC(120)   Evacuate Collection Set: 1.2ms
[56.462s][info][gc,phases      ] GC(120)   Post Evacuate Collection Set: 0.4ms
[56.462s][info][gc,phases      ] GC(120)   Other: 0.1ms
[56.462s][info][gc,heap        ] GC(120) Eden regions: 160->0(160)
[56.462s][info][gc,heap        ] GC(120) Survivor regions: 2->2(21)
[56.462s][info][gc,heap        ] GC(120) Old regions: 9->9
[56.462s][info][gc,heap        ] GC(120) Archive regions: 0->0
[56.462s][info][gc,heap        ] GC(120) Humongous regions: 0->0
[56.462s][info][gc,metaspace   ] GC(120) Metaspace: 9852K(10176K)->9852K(10176K) NonClass: 8549K(8768K)->8549K(8768K) Class: 1303K(1408K)->1303K(1408K)
[56.462s][info][gc             ] GC(120) Pause Young (Normal) (G1 Evacuation Pause) 165M->6M(270M) 2.517ms
[56.462s][info][gc,cpu         ] GC(120) User=0.00s Sys=0.00s Real=0.00s
[57.199s][info][gc,start       ] GC(121) Pause Young (Normal) (G1 Evacuation Pause)
[57.199s][info][gc,task        ] GC(121) Using 6 workers of 33 for evacuation
[57.201s][info][gc,phases      ] GC(121)   Pre Evacuate Collection Set: 0.1ms
[57.201s][info][gc,phases      ] GC(121)   Merge Heap Roots: 0.1ms
[57.201s][info][gc,phases      ] GC(121)   Evacuate Collection Set: 1.2ms
[57.201s][info][gc,phases      ] GC(121)   Post Evacuate Collection Set: 0.3ms
[57.201s][info][gc,phases      ] GC(121)   Other: 0.1ms
[57.201s][info][gc,heap        ] GC(121) Eden regions: 160->0(160)
[57.201s][info][gc,heap        ] GC(121) Survivor regions: 2->2(21)
[57.201s][info][gc,heap        ] GC(121) Old regions: 9->9
[57.201s][info][gc,heap        ] GC(121) Archive regions: 0->0
[57.201s][info][gc,heap        ] GC(121) Humongous regions: 0->0
[57.201s][info][gc,metaspace   ] GC(121) Metaspace: 9852K(10176K)->9852K(10176K) NonClass: 8549K(8768K)->8549K(8768K) Class: 1303K(1408K)->1303K(1408K)
[57.201s][info][gc             ] GC(121) Pause Young (Normal) (G1 Evacuation Pause) 166M->6M(270M) 2.421ms
[57.201s][info][gc,cpu         ] GC(121) User=0.00s Sys=0.00s Real=0.00s
[57.901s][info][gc,start       ] GC(122) Pause Young (Normal) (G1 Evacuation Pause)
[57.901s][info][gc,task        ] GC(122) Using 6 workers of 33 for evacuation
[57.903s][info][gc,phases      ] GC(122)   Pre Evacuate Collection Set: 0.1ms
[57.903s][info][gc,phases      ] GC(122)   Merge Heap Roots: 0.1ms
[57.903s][info][gc,phases      ] GC(122)   Evacuate Collection Set: 1.2ms
[57.903s][info][gc,phases      ] GC(122)   Post Evacuate Collection Set: 0.3ms
[57.903s][info][gc,phases      ] GC(122)   Other: 0.1ms
[57.904s][info][gc,heap        ] GC(122) Eden regions: 160->0(160)
[57.904s][info][gc,heap        ] GC(122) Survivor regions: 2->2(21)
[57.904s][info][gc,heap        ] GC(122) Old regions: 9->9
[57.904s][info][gc,heap        ] GC(122) Archive regions: 0->0
[57.904s][info][gc,heap        ] GC(122) Humongous regions: 0->0
[57.904s][info][gc,metaspace   ] GC(122) Metaspace: 9852K(10176K)->9852K(10176K) NonClass: 8549K(8768K)->8549K(8768K) Class: 1303K(1408K)->1303K(1408K)
[57.904s][info][gc             ] GC(122) Pause Young (Normal) (G1 Evacuation Pause) 166M->6M(270M) 2.429ms
[57.904s][info][gc,cpu         ] GC(122) User=0.00s Sys=0.00s Real=0.00s
[58.602s][info][gc,start       ] GC(123) Pause Young (Normal) (G1 Evacuation Pause)
[58.602s][info][gc,task        ] GC(123) Using 6 workers of 33 for evacuation
[58.604s][info][gc,phases      ] GC(123)   Pre Evacuate Collection Set: 0.1ms
[58.604s][info][gc,phases      ] GC(123)   Merge Heap Roots: 0.1ms
[58.604s][info][gc,phases      ] GC(123)   Evacuate Collection Set: 1.1ms
[58.604s][info][gc,phases      ] GC(123)   Post Evacuate Collection Set: 0.3ms
[58.604s][info][gc,phases      ] GC(123)   Other: 0.1ms
[58.604s][info][gc,heap        ] GC(123) Eden regions: 160->0(160)
[58.604s][info][gc,heap        ] GC(123) Survivor regions: 2->2(21)
[58.604s][info][gc,heap        ] GC(123) Old regions: 9->9
[58.604s][info][gc,heap        ] GC(123) Archive regions: 0->0
[58.604s][info][gc,heap        ] GC(123) Humongous regions: 0->0
[58.604s][info][gc,metaspace   ] GC(123) Metaspace: 9852K(10176K)->9852K(10176K) NonClass: 8549K(8768K)->8549K(8768K) Class: 1303K(1408K)->1303K(1408K)
[58.604s][info][gc             ] GC(123) Pause Young (Normal) (G1 Evacuation Pause) 166M->5M(270M) 2.376ms
[58.604s][info][gc,cpu         ] GC(123) User=0.00s Sys=0.00s Real=0.00s
[58.955s][info][gc,start       ] GC(124) Pause Full (System.gc())
[58.955s][info][gc,task        ] GC(124) Using 6 workers of 33 for full compaction
[58.956s][info][gc,phases,start] GC(124) Phase 1: Mark live objects
[58.961s][info][gc,phases      ] GC(124) Phase 1: Mark live objects 5.381ms
[58.961s][info][gc,phases,start] GC(124) Phase 2: Prepare compaction
[58.962s][info][gc,phases      ] GC(124) Phase 2: Prepare compaction 1.146ms
[58.962s][info][gc,phases,start] GC(124) Phase 3: Adjust pointers
[58.966s][info][gc,phases      ] GC(124) Phase 3: Adjust pointers 3.720ms
[58.966s][info][gc,phases,start] GC(124) Phase 4: Compact heap
[58.967s][info][gc,phases      ] GC(124) Phase 4: Compact heap 0.570ms
[58.971s][info][gc,heap        ] GC(124) Eden regions: 78->0(16)
[58.971s][info][gc,heap        ] GC(124) Survivor regions: 2->0(21)
[58.971s][info][gc,heap        ] GC(124) Old regions: 9->8
[58.971s][info][gc,heap        ] GC(124) Archive regions: 0->0
[58.971s][info][gc,heap        ] GC(124) Humongous regions: 0->0
[58.971s][info][gc,metaspace   ] GC(124) Metaspace: 9852K(10176K)->9852K(10176K) NonClass: 8549K(8768K)->8549K(8768K) Class: 1303K(1408K)->1303K(1408K)
[58.972s][info][gc             ] GC(124) Pause Full (System.gc()) 82M->3M(27M) 16.314ms
[58.972s][info][gc,cpu         ] GC(124) User=0.00s Sys=0.08s Real=0.02s
[59.048s][info][gc,start       ] GC(125) Pause Young (Normal) (G1 Evacuation Pause)
[59.048s][info][gc,task        ] GC(125) Using 4 workers of 33 for evacuation
[59.050s][info][gc,phases      ] GC(125)   Pre Evacuate Collection Set: 0.1ms
[59.050s][info][gc,phases      ] GC(125)   Merge Heap Roots: 0.1ms
[59.050s][info][gc,phases      ] GC(125)   Evacuate Collection Set: 2.0ms
[59.051s][info][gc,phases      ] GC(125)   Post Evacuate Collection Set: 0.2ms
[59.051s][info][gc,phases      ] GC(125)   Other: 0.1ms
[59.051s][info][gc,heap        ] GC(125) Eden regions: 16->0(13)
[59.051s][info][gc,heap        ] GC(125) Survivor regions: 0->2(2)
[59.051s][info][gc,heap        ] GC(125) Old regions: 8->8
[59.051s][info][gc,heap        ] GC(125) Archive regions: 0->0
[59.051s][info][gc,heap        ] GC(125) Humongous regions: 0->0
[59.051s][info][gc,metaspace   ] GC(125) Metaspace: 9856K(10176K)->9856K(10176K) NonClass: 8553K(8768K)->8553K(8768K) Class: 1303K(1408K)->1303K(1408K)
[59.051s][info][gc             ] GC(125) Pause Young (Normal) (G1 Evacuation Pause) 19M->5M(27M) 3.005ms
[59.051s][info][gc,cpu         ] GC(125) User=0.00s Sys=0.00s Real=0.00s
[59.104s][info][gc,start       ] GC(126) Pause Young (Normal) (G1 Evacuation Pause)
[59.104s][info][gc,task        ] GC(126) Using 3 workers of 33 for evacuation
[59.107s][info][gc,phases      ] GC(126)   Pre Evacuate Collection Set: 0.1ms
[59.107s][info][gc,phases      ] GC(126)   Merge Heap Roots: 0.1ms
[59.107s][info][gc,phases      ] GC(126)   Evacuate Collection Set: 2.5ms
[59.108s][info][gc,phases      ] GC(126)   Post Evacuate Collection Set: 0.2ms
[59.108s][info][gc,phases      ] GC(126)   Other: 0.1ms
[59.108s][info][gc,heap        ] GC(126) Eden regions: 13->0(14)
[59.108s][info][gc,heap        ] GC(126) Survivor regions: 2->1(2)
[59.108s][info][gc,heap        ] GC(126) Old regions: 8->9
[59.108s][info][gc,heap        ] GC(126) Archive regions: 0->0
[59.108s][info][gc,heap        ] GC(126) Humongous regions: 0->0
[59.108s][info][gc,metaspace   ] GC(126) Metaspace: 9856K(10176K)->9856K(10176K) NonClass: 8553K(8768K)->8553K(8768K) Class: 1303K(1408K)->1303K(1408K)
[59.108s][info][gc             ] GC(126) Pause Young (Normal) (G1 Evacuation Pause) 18M->5M(27M) 3.401ms
[59.108s][info][gc,cpu         ] GC(126) User=0.00s Sys=0.00s Real=0.00s
[59.168s][info][gc,start       ] GC(127) Pause Young (Normal) (G1 Evacuation Pause)
[59.168s][info][gc,task        ] GC(127) Using 2 workers of 33 for evacuation
[59.170s][info][gc,phases      ] GC(127)   Pre Evacuate Collection Set: 0.1ms
[59.170s][info][gc,phases      ] GC(127)   Merge Heap Roots: 0.0ms
[59.170s][info][gc,phases      ] GC(127)   Evacuate Collection Set: 1.8ms
[59.171s][info][gc,phases      ] GC(127)   Post Evacuate Collection Set: 0.2ms
[59.171s][info][gc,phases      ] GC(127)   Other: 0.1ms
[59.171s][info][gc,heap        ] GC(127) Eden regions: 14->0(14)
[59.171s][info][gc,heap        ] GC(127) Survivor regions: 1->1(2)
[59.171s][info][gc,heap        ] GC(127) Old regions: 9->9
[59.171s][info][gc,heap        ] GC(127) Archive regions: 0->0
[59.171s][info][gc,heap        ] GC(127) Humongous regions: 0->0
[59.171s][info][gc,metaspace   ] GC(127) Metaspace: 9856K(10176K)->9856K(10176K) NonClass: 8553K(8768K)->8553K(8768K) Class: 1303K(1408K)->1303K(1408K)
[59.171s][info][gc             ] GC(127) Pause Young (Normal) (G1 Evacuation Pause) 19M->5M(27M) 2.651ms
[59.171s][info][gc,cpu         ] GC(127) User=0.00s Sys=0.00s Real=0.00s
[59.229s][info][gc,start       ] GC(128) Pause Young (Normal) (G1 Evacuation Pause)
[59.229s][info][gc,task        ] GC(128) Using 2 workers of 33 for evacuation
[59.233s][info][gc,phases      ] GC(128)   Pre Evacuate Collection Set: 0.1ms
[59.233s][info][gc,phases      ] GC(128)   Merge Heap Roots: 0.0ms
[59.233s][info][gc,phases      ] GC(128)   Evacuate Collection Set: 2.9ms
[59.233s][info][gc,phases      ] GC(128)   Post Evacuate Collection Set: 0.2ms
[59.233s][info][gc,phases      ] GC(128)   Other: 0.1ms
[59.233s][info][gc,heap        ] GC(128) Eden regions: 14->0(14)
[59.233s][info][gc,heap        ] GC(128) Survivor regions: 1->1(2)
[59.233s][info][gc,heap        ] GC(128) Old regions: 9->9
[59.233s][info][gc,heap        ] GC(128) Archive regions: 0->0
[59.233s][info][gc,heap        ] GC(128) Humongous regions: 0->0
[59.233s][info][gc,metaspace   ] GC(128) Metaspace: 9856K(10176K)->9856K(10176K) NonClass: 8553K(8768K)->8553K(8768K) Class: 1303K(1408K)->1303K(1408K)
[59.233s][info][gc             ] GC(128) Pause Young (Normal) (G1 Evacuation Pause) 19M->5M(27M) 3.798ms
[59.233s][info][gc,cpu         ] GC(128) User=0.00s Sys=0.00s Real=0.00s
[59.292s][info][gc,start       ] GC(129) Pause Young (Normal) (G1 Evacuation Pause)
[59.292s][info][gc,task        ] GC(129) Using 2 workers of 33 for evacuation
[59.295s][info][gc,phases      ] GC(129)   Pre Evacuate Collection Set: 0.1ms
[59.295s][info][gc,phases      ] GC(129)   Merge Heap Roots: 0.0ms
[59.295s][info][gc,phases      ] GC(129)   Evacuate Collection Set: 3.1ms
[59.295s][info][gc,phases      ] GC(129)   Post Evacuate Collection Set: 0.2ms
[59.295s][info][gc,phases      ] GC(129)   Other: 0.1ms
[59.295s][info][gc,heap        ] GC(129) Eden regions: 14->0(12)
[59.296s][info][gc,heap        ] GC(129) Survivor regions: 1->2(2)
[59.296s][info][gc,heap        ] GC(129) Old regions: 9->9
[59.296s][info][gc,heap        ] GC(129) Archive regions: 0->0
[59.296s][info][gc,heap        ] GC(129) Humongous regions: 0->0
[59.296s][info][gc,metaspace   ] GC(129) Metaspace: 9856K(10176K)->9856K(10176K) NonClass: 8553K(8768K)->8553K(8768K) Class: 1303K(1408K)->1303K(1408K)
[59.296s][info][gc             ] GC(129) Pause Young (Normal) (G1 Evacuation Pause) 19M->5M(27M) 4.023ms
[59.296s][info][gc,cpu         ] GC(129) User=0.00s Sys=0.00s Real=0.00s
[59.347s][info][gc,start       ] GC(130) Pause Young (Normal) (G1 Evacuation Pause)
[59.347s][info][gc,task        ] GC(130) Using 2 workers of 33 for evacuation
[59.354s][info][gc,phases      ] GC(130)   Pre Evacuate Collection Set: 0.1ms
[59.354s][info][gc,phases      ] GC(130)   Merge Heap Roots: 0.1ms
[59.354s][info][gc,phases      ] GC(130)   Evacuate Collection Set: 2.9ms
[59.354s][info][gc,phases      ] GC(130)   Post Evacuate Collection Set: 3.8ms
[59.354s][info][gc,phases      ] GC(130)   Other: 0.1ms
[59.354s][info][gc,heap        ] GC(130) Eden regions: 12->0(161)
[59.354s][info][gc,heap        ] GC(130) Survivor regions: 2->1(2)
[59.354s][info][gc,heap        ] GC(130) Old regions: 9->9
[59.354s][info][gc,heap        ] GC(130) Archive regions: 0->0
[59.354s][info][gc,heap        ] GC(130) Humongous regions: 0->0
[59.354s][info][gc,metaspace   ] GC(130) Metaspace: 9856K(10176K)->9856K(10176K) NonClass: 8553K(8768K)->8553K(8768K) Class: 1303K(1408K)->1303K(1408K)
[59.354s][info][gc             ] GC(130) Pause Young (Normal) (G1 Evacuation Pause) 17M->5M(270M) 7.469ms
[59.354s][info][gc,cpu         ] GC(130) User=0.00s Sys=0.00s Real=0.00s
[60.096s][info][gc,start       ] GC(131) Pause Young (Normal) (G1 Evacuation Pause)
[60.096s][info][gc,task        ] GC(131) Using 6 workers of 33 for evacuation
[60.098s][info][gc,phases      ] GC(131)   Pre Evacuate Collection Set: 0.1ms
[60.098s][info][gc,phases      ] GC(131)   Merge Heap Roots: 0.1ms
[60.098s][info][gc,phases      ] GC(131)   Evacuate Collection Set: 1.5ms
[60.098s][info][gc,phases      ] GC(131)   Post Evacuate Collection Set: 0.3ms
[60.098s][info][gc,phases      ] GC(131)   Other: 0.1ms
[60.098s][info][gc,heap        ] GC(131) Eden regions: 161->0(160)
[60.098s][info][gc,heap        ] GC(131) Survivor regions: 1->2(21)
[60.098s][info][gc,heap        ] GC(131) Old regions: 9->9
[60.098s][info][gc,heap        ] GC(131) Archive regions: 0->0
[60.098s][info][gc,heap        ] GC(131) Humongous regions: 0->0
[60.098s][info][gc,metaspace   ] GC(131) Metaspace: 9856K(10176K)->9856K(10176K) NonClass: 8553K(8768K)->8553K(8768K) Class: 1303K(1408K)->1303K(1408K)
[60.098s][info][gc             ] GC(131) Pause Young (Normal) (G1 Evacuation Pause) 166M->5M(270M) 2.672ms
[60.098s][info][gc,cpu         ] GC(131) User=0.00s Sys=0.00s Real=0.00s
[60.804s][info][gc,start       ] GC(132) Pause Young (Normal) (G1 Evacuation Pause)
[60.804s][info][gc,task        ] GC(132) Using 6 workers of 33 for evacuation
[60.806s][info][gc,phases      ] GC(132)   Pre Evacuate Collection Set: 0.1ms
[60.806s][info][gc,phases      ] GC(132)   Merge Heap Roots: 0.1ms
[60.806s][info][gc,phases      ] GC(132)   Evacuate Collection Set: 1.1ms
[60.806s][info][gc,phases      ] GC(132)   Post Evacuate Collection Set: 0.3ms
[60.806s][info][gc,phases      ] GC(132)   Other: 0.1ms
[60.806s][info][gc,heap        ] GC(132) Eden regions: 160->0(161)
[60.806s][info][gc,heap        ] GC(132) Survivor regions: 2->1(21)
[60.806s][info][gc,heap        ] GC(132) Old regions: 9->9
[60.806s][info][gc,heap        ] GC(132) Archive regions: 0->0
[60.806s][info][gc,heap        ] GC(132) Humongous regions: 0->0
[60.806s][info][gc,metaspace   ] GC(132) Metaspace: 9856K(10176K)->9856K(10176K) NonClass: 8553K(8768K)->8553K(8768K) Class: 1303K(1408K)->1303K(1408K)
[60.806s][info][gc             ] GC(132) Pause Young (Normal) (G1 Evacuation Pause) 165M->5M(270M) 2.363ms
[60.806s][info][gc,cpu         ] GC(132) User=0.00s Sys=0.00s Real=0.00s
[61.512s][info][gc,start       ] GC(133) Pause Young (Normal) (G1 Evacuation Pause)
[61.512s][info][gc,task        ] GC(133) Using 6 workers of 33 for evacuation
[61.514s][info][gc,phases      ] GC(133)   Pre Evacuate Collection Set: 0.1ms
[61.514s][info][gc,phases      ] GC(133)   Merge Heap Roots: 0.1ms
[61.514s][info][gc,phases      ] GC(133)   Evacuate Collection Set: 1.6ms
[61.514s][info][gc,phases      ] GC(133)   Post Evacuate Collection Set: 0.3ms
[61.514s][info][gc,phases      ] GC(133)   Other: 0.1ms
[61.514s][info][gc,heap        ] GC(133) Eden regions: 161->0(160)
[61.514s][info][gc,heap        ] GC(133) Survivor regions: 1->2(21)
[61.514s][info][gc,heap        ] GC(133) Old regions: 9->9
[61.514s][info][gc,heap        ] GC(133) Archive regions: 0->0
[61.514s][info][gc,heap        ] GC(133) Humongous regions: 0->0
[61.514s][info][gc,metaspace   ] GC(133) Metaspace: 9856K(10176K)->9856K(10176K) NonClass: 8553K(8768K)->8553K(8768K) Class: 1303K(1408K)->1303K(1408K)
[61.514s][info][gc             ] GC(133) Pause Young (Normal) (G1 Evacuation Pause) 166M->5M(270M) 2.858ms
[61.514s][info][gc,cpu         ] GC(133) User=0.00s Sys=0.02s Real=0.02s
[62.219s][info][gc,start       ] GC(134) Pause Young (Normal) (G1 Evacuation Pause)
[62.219s][info][gc,task        ] GC(134) Using 6 workers of 33 for evacuation
[62.221s][info][gc,phases      ] GC(134)   Pre Evacuate Collection Set: 0.1ms
[62.221s][info][gc,phases      ] GC(134)   Merge Heap Roots: 0.1ms
[62.221s][info][gc,phases      ] GC(134)   Evacuate Collection Set: 1.3ms
[62.221s][info][gc,phases      ] GC(134)   Post Evacuate Collection Set: 0.3ms
[62.221s][info][gc,phases      ] GC(134)   Other: 0.1ms
[62.221s][info][gc,heap        ] GC(134) Eden regions: 160->0(160)
[62.221s][info][gc,heap        ] GC(134) Survivor regions: 2->2(21)
[62.221s][info][gc,heap        ] GC(134) Old regions: 9->9
[62.221s][info][gc,heap        ] GC(134) Archive regions: 0->0
[62.221s][info][gc,heap        ] GC(134) Humongous regions: 0->0
[62.222s][info][gc,metaspace   ] GC(134) Metaspace: 9856K(10176K)->9856K(10176K) NonClass: 8553K(8768K)->8553K(8768K) Class: 1303K(1408K)->1303K(1408K)
[62.222s][info][gc             ] GC(134) Pause Young (Normal) (G1 Evacuation Pause) 165M->5M(270M) 2.558ms
[62.222s][info][gc,cpu         ] GC(134) User=0.00s Sys=0.00s Real=0.00s
[62.941s][info][gc,start       ] GC(135) Pause Young (Normal) (G1 Evacuation Pause)
[62.941s][info][gc,task        ] GC(135) Using 6 workers of 33 for evacuation
[62.943s][info][gc,phases      ] GC(135)   Pre Evacuate Collection Set: 0.1ms
[62.943s][info][gc,phases      ] GC(135)   Merge Heap Roots: 0.1ms
[62.943s][info][gc,phases      ] GC(135)   Evacuate Collection Set: 1.3ms
[62.943s][info][gc,phases      ] GC(135)   Post Evacuate Collection Set: 0.3ms
[62.943s][info][gc,phases      ] GC(135)   Other: 0.1ms
[62.943s][info][gc,heap        ] GC(135) Eden regions: 160->0(160)
[62.943s][info][gc,heap        ] GC(135) Survivor regions: 2->2(21)
[62.943s][info][gc,heap        ] GC(135) Old regions: 9->9
[62.943s][info][gc,heap        ] GC(135) Archive regions: 0->0
[62.943s][info][gc,heap        ] GC(135) Humongous regions: 0->0
[62.943s][info][gc,metaspace   ] GC(135) Metaspace: 9856K(10176K)->9856K(10176K) NonClass: 8553K(8768K)->8553K(8768K) Class: 1303K(1408K)->1303K(1408K)
[62.943s][info][gc             ] GC(135) Pause Young (Normal) (G1 Evacuation Pause) 165M->5M(270M) 2.518ms
[62.943s][info][gc,cpu         ] GC(135) User=0.00s Sys=0.00s Real=0.00s
[63.649s][info][gc,start       ] GC(136) Pause Young (Normal) (G1 Evacuation Pause)
[63.664s][info][gc,task        ] GC(136) Using 6 workers of 33 for evacuation
[63.666s][info][gc,phases      ] GC(136)   Pre Evacuate Collection Set: 0.1ms
[63.666s][info][gc,phases      ] GC(136)   Merge Heap Roots: 0.1ms
[63.666s][info][gc,phases      ] GC(136)   Evacuate Collection Set: 1.4ms
[63.666s][info][gc,phases      ] GC(136)   Post Evacuate Collection Set: 0.3ms
[63.666s][info][gc,phases      ] GC(136)   Other: 0.1ms
[63.666s][info][gc,heap        ] GC(136) Eden regions: 160->0(160)
[63.666s][info][gc,heap        ] GC(136) Survivor regions: 2->2(21)
[63.667s][info][gc,heap        ] GC(136) Old regions: 9->9
[63.667s][info][gc,heap        ] GC(136) Archive regions: 0->0
[63.667s][info][gc,heap        ] GC(136) Humongous regions: 0->0
[63.667s][info][gc,metaspace   ] GC(136) Metaspace: 9856K(10176K)->9856K(10176K) NonClass: 8553K(8768K)->8553K(8768K) Class: 1303K(1408K)->1303K(1408K)
[63.667s][info][gc             ] GC(136) Pause Young (Normal) (G1 Evacuation Pause) 165M->5M(270M) 17.396ms
[63.667s][info][gc,cpu         ] GC(136) User=0.00s Sys=0.00s Real=0.02s
[64.374s][info][gc,start       ] GC(137) Pause Young (Normal) (G1 Evacuation Pause)
[64.374s][info][gc,task        ] GC(137) Using 6 workers of 33 for evacuation
[64.377s][info][gc,phases      ] GC(137)   Pre Evacuate Collection Set: 0.1ms
[64.377s][info][gc,phases      ] GC(137)   Merge Heap Roots: 0.1ms
[64.377s][info][gc,phases      ] GC(137)   Evacuate Collection Set: 1.4ms
[64.377s][info][gc,phases      ] GC(137)   Post Evacuate Collection Set: 0.4ms
[64.377s][info][gc,phases      ] GC(137)   Other: 0.1ms
[64.377s][info][gc,heap        ] GC(137) Eden regions: 160->0(160)
[64.377s][info][gc,heap        ] GC(137) Survivor regions: 2->2(21)
[64.377s][info][gc,heap        ] GC(137) Old regions: 9->9
[64.377s][info][gc,heap        ] GC(137) Archive regions: 0->0
[64.377s][info][gc,heap        ] GC(137) Humongous regions: 0->0
[64.377s][info][gc,metaspace   ] GC(137) Metaspace: 9856K(10176K)->9856K(10176K) NonClass: 8553K(8768K)->8553K(8768K) Class: 1303K(1408K)->1303K(1408K)
[64.377s][info][gc             ] GC(137) Pause Young (Normal) (G1 Evacuation Pause) 165M->5M(270M) 2.656ms
[64.377s][info][gc,cpu         ] GC(137) User=0.00s Sys=0.00s Real=0.00s
[65.077s][info][gc,start       ] GC(138) Pause Young (Normal) (G1 Evacuation Pause)
[65.077s][info][gc,task        ] GC(138) Using 6 workers of 33 for evacuation
[65.079s][info][gc,phases      ] GC(138)   Pre Evacuate Collection Set: 0.1ms
[65.079s][info][gc,phases      ] GC(138)   Merge Heap Roots: 0.1ms
[65.079s][info][gc,phases      ] GC(138)   Evacuate Collection Set: 1.1ms
[65.079s][info][gc,phases      ] GC(138)   Post Evacuate Collection Set: 0.3ms
[65.079s][info][gc,phases      ] GC(138)   Other: 0.1ms
[65.079s][info][gc,heap        ] GC(138) Eden regions: 160->0(160)
[65.079s][info][gc,heap        ] GC(138) Survivor regions: 2->2(21)
[65.079s][info][gc,heap        ] GC(138) Old regions: 9->9
[65.079s][info][gc,heap        ] GC(138) Archive regions: 0->0
[65.079s][info][gc,heap        ] GC(138) Humongous regions: 0->0
[65.079s][info][gc,metaspace   ] GC(138) Metaspace: 9856K(10176K)->9856K(10176K) NonClass: 8553K(8768K)->8553K(8768K) Class: 1303K(1408K)->1303K(1408K)
[65.079s][info][gc             ] GC(138) Pause Young (Normal) (G1 Evacuation Pause) 165M->5M(270M) 2.300ms
[65.079s][info][gc,cpu         ] GC(138) User=0.00s Sys=0.00s Real=0.00s
[65.784s][info][gc,start       ] GC(139) Pause Young (Normal) (G1 Evacuation Pause)
[65.784s][info][gc,task        ] GC(139) Using 6 workers of 33 for evacuation
[65.786s][info][gc,phases      ] GC(139)   Pre Evacuate Collection Set: 0.1ms
[65.786s][info][gc,phases      ] GC(139)   Merge Heap Roots: 0.1ms
[65.786s][info][gc,phases      ] GC(139)   Evacuate Collection Set: 1.3ms
[65.786s][info][gc,phases      ] GC(139)   Post Evacuate Collection Set: 0.3ms
[65.786s][info][gc,phases      ] GC(139)   Other: 0.1ms
[65.786s][info][gc,heap        ] GC(139) Eden regions: 160->0(160)
[65.786s][info][gc,heap        ] GC(139) Survivor regions: 2->2(21)
[65.786s][info][gc,heap        ] GC(139) Old regions: 9->9
[65.786s][info][gc,heap        ] GC(139) Archive regions: 0->0
[65.786s][info][gc,heap        ] GC(139) Humongous regions: 0->0
[65.786s][info][gc,metaspace   ] GC(139) Metaspace: 9856K(10176K)->9856K(10176K) NonClass: 8553K(8768K)->8553K(8768K) Class: 1303K(1408K)->1303K(1408K)
[65.786s][info][gc             ] GC(139) Pause Young (Normal) (G1 Evacuation Pause) 165M->5M(270M) 2.553ms
[65.786s][info][gc,cpu         ] GC(139) User=0.00s Sys=0.00s Real=0.00s
[66.149s][info][gc,start       ] GC(140) Pause Full (System.gc())
[66.149s][info][gc,task        ] GC(140) Using 6 workers of 33 for full compaction
[66.149s][info][gc,phases,start] GC(140) Phase 1: Mark live objects
[66.155s][info][gc,phases      ] GC(140) Phase 1: Mark live objects 5.488ms
[66.155s][info][gc,phases,start] GC(140) Phase 2: Prepare compaction
[66.156s][info][gc,phases      ] GC(140) Phase 2: Prepare compaction 1.200ms
[66.156s][info][gc,phases,start] GC(140) Phase 3: Adjust pointers
[66.160s][info][gc,phases      ] GC(140) Phase 3: Adjust pointers 3.710ms
[66.160s][info][gc,phases,start] GC(140) Phase 4: Compact heap
[66.160s][info][gc,phases      ] GC(140) Phase 4: Compact heap 0.571ms
[66.165s][info][gc,heap        ] GC(140) Eden regions: 84->0(16)
[66.165s][info][gc,heap        ] GC(140) Survivor regions: 2->0(21)
[66.165s][info][gc,heap        ] GC(140) Old regions: 9->8
[66.165s][info][gc,heap        ] GC(140) Archive regions: 0->0
[66.165s][info][gc,heap        ] GC(140) Humongous regions: 0->0
[66.165s][info][gc,metaspace   ] GC(140) Metaspace: 9856K(10176K)->9856K(10176K) NonClass: 8553K(8768K)->8553K(8768K) Class: 1303K(1408K)->1303K(1408K)
[66.165s][info][gc             ] GC(140) Pause Full (System.gc()) 89M->3M(27M) 16.375ms
[66.165s][info][gc,cpu         ] GC(140) User=0.02s Sys=0.03s Real=0.03s
[66.233s][info][gc,start       ] GC(141) Pause Young (Normal) (G1 Evacuation Pause)
[66.233s][info][gc,task        ] GC(141) Using 4 workers of 33 for evacuation
[66.236s][info][gc,phases      ] GC(141)   Pre Evacuate Collection Set: 0.1ms
[66.236s][info][gc,phases      ] GC(141)   Merge Heap Roots: 0.1ms
[66.236s][info][gc,phases      ] GC(141)   Evacuate Collection Set: 1.9ms
[66.236s][info][gc,phases      ] GC(141)   Post Evacuate Collection Set: 0.2ms
[66.236s][info][gc,phases      ] GC(141)   Other: 0.1ms
[66.236s][info][gc,heap        ] GC(141) Eden regions: 16->0(13)
[66.236s][info][gc,heap        ] GC(141) Survivor regions: 0->2(2)
[66.236s][info][gc,heap        ] GC(141) Old regions: 8->8
[66.236s][info][gc,heap        ] GC(141) Archive regions: 0->0
[66.236s][info][gc,heap        ] GC(141) Humongous regions: 0->0
[66.236s][info][gc,metaspace   ] GC(141) Metaspace: 9856K(10176K)->9856K(10176K) NonClass: 8553K(8768K)->8553K(8768K) Class: 1303K(1408K)->1303K(1408K)
[66.236s][info][gc             ] GC(141) Pause Young (Normal) (G1 Evacuation Pause) 19M->5M(27M) 2.908ms
[66.236s][info][gc,cpu         ] GC(141) User=0.00s Sys=0.00s Real=0.00s
[66.307s][info][gc,start       ] GC(142) Pause Young (Normal) (G1 Evacuation Pause)
[66.307s][info][gc,task        ] GC(142) Using 3 workers of 33 for evacuation
[66.310s][info][gc,phases      ] GC(142)   Pre Evacuate Collection Set: 0.1ms
[66.310s][info][gc,phases      ] GC(142)   Merge Heap Roots: 0.1ms
[66.310s][info][gc,phases      ] GC(142)   Evacuate Collection Set: 2.4ms
[66.310s][info][gc,phases      ] GC(142)   Post Evacuate Collection Set: 0.2ms
[66.310s][info][gc,phases      ] GC(142)   Other: 0.1ms
[66.310s][info][gc,heap        ] GC(142) Eden regions: 13->0(14)
[66.310s][info][gc,heap        ] GC(142) Survivor regions: 2->1(2)
[66.310s][info][gc,heap        ] GC(142) Old regions: 8->9
[66.310s][info][gc,heap        ] GC(142) Archive regions: 0->0
[66.310s][info][gc,heap        ] GC(142) Humongous regions: 0->0
[66.310s][info][gc,metaspace   ] GC(142) Metaspace: 9856K(10176K)->9856K(10176K) NonClass: 8553K(8768K)->8553K(8768K) Class: 1303K(1408K)->1303K(1408K)
[66.310s][info][gc             ] GC(142) Pause Young (Normal) (G1 Evacuation Pause) 18M->5M(27M) 3.279ms
[66.310s][info][gc,cpu         ] GC(142) User=0.00s Sys=0.00s Real=0.00s
[66.371s][info][gc,start       ] GC(143) Pause Young (Normal) (G1 Evacuation Pause)
[66.371s][info][gc,task        ] GC(143) Using 2 workers of 33 for evacuation
[66.374s][info][gc,phases      ] GC(143)   Pre Evacuate Collection Set: 0.1ms
[66.374s][info][gc,phases      ] GC(143)   Merge Heap Roots: 0.0ms
[66.374s][info][gc,phases      ] GC(143)   Evacuate Collection Set: 2.5ms
[66.374s][info][gc,phases      ] GC(143)   Post Evacuate Collection Set: 0.2ms
[66.374s][info][gc,phases      ] GC(143)   Other: 0.1ms
[66.374s][info][gc,heap        ] GC(143) Eden regions: 14->0(14)
[66.374s][info][gc,heap        ] GC(143) Survivor regions: 1->1(2)
[66.374s][info][gc,heap        ] GC(143) Old regions: 9->9
[66.374s][info][gc,heap        ] GC(143) Archive regions: 0->0
[66.374s][info][gc,heap        ] GC(143) Humongous regions: 0->0
[66.374s][info][gc,metaspace   ] GC(143) Metaspace: 9856K(10176K)->9856K(10176K) NonClass: 8553K(8768K)->8553K(8768K) Class: 1303K(1408K)->1303K(1408K)
[66.374s][info][gc             ] GC(143) Pause Young (Normal) (G1 Evacuation Pause) 19M->5M(27M) 3.358ms
[66.374s][info][gc,cpu         ] GC(143) User=0.00s Sys=0.00s Real=0.00s
[66.432s][info][gc,start       ] GC(144) Pause Young (Normal) (G1 Evacuation Pause)
[66.432s][info][gc,task        ] GC(144) Using 2 workers of 33 for evacuation
[66.436s][info][gc,phases      ] GC(144)   Pre Evacuate Collection Set: 0.1ms
[66.436s][info][gc,phases      ] GC(144)   Merge Heap Roots: 0.0ms
[66.436s][info][gc,phases      ] GC(144)   Evacuate Collection Set: 3.2ms
[66.436s][info][gc,phases      ] GC(144)   Post Evacuate Collection Set: 0.2ms
[66.436s][info][gc,phases      ] GC(144)   Other: 0.1ms
[66.436s][info][gc,heap        ] GC(144) Eden regions: 14->0(12)
[66.436s][info][gc,heap        ] GC(144) Survivor regions: 1->2(2)
[66.436s][info][gc,heap        ] GC(144) Old regions: 9->9
[66.436s][info][gc,heap        ] GC(144) Archive regions: 0->0
[66.436s][info][gc,heap        ] GC(144) Humongous regions: 0->0
[66.436s][info][gc,metaspace   ] GC(144) Metaspace: 9856K(10176K)->9856K(10176K) NonClass: 8553K(8768K)->8553K(8768K) Class: 1303K(1408K)->1303K(1408K)
[66.436s][info][gc             ] GC(144) Pause Young (Normal) (G1 Evacuation Pause) 19M->5M(27M) 4.022ms
[66.436s][info][gc,cpu         ] GC(144) User=0.00s Sys=0.00s Real=0.00s
[66.489s][info][gc,start       ] GC(145) Pause Young (Normal) (G1 Evacuation Pause)
[66.508s][info][gc,task        ] GC(145) Using 2 workers of 33 for evacuation
[66.512s][info][gc,phases      ] GC(145)   Pre Evacuate Collection Set: 0.1ms
[66.512s][info][gc,phases      ] GC(145)   Merge Heap Roots: 0.1ms
[66.512s][info][gc,phases      ] GC(145)   Evacuate Collection Set: 3.3ms
[66.512s][info][gc,phases      ] GC(145)   Post Evacuate Collection Set: 0.2ms
[66.512s][info][gc,phases      ] GC(145)   Other: 0.1ms
[66.512s][info][gc,heap        ] GC(145) Eden regions: 12->0(14)
[66.512s][info][gc,heap        ] GC(145) Survivor regions: 2->1(2)
[66.512s][info][gc,heap        ] GC(145) Old regions: 9->9
[66.512s][info][gc,heap        ] GC(145) Archive regions: 0->0
[66.512s][info][gc,heap        ] GC(145) Humongous regions: 0->0
[66.512s][info][gc,metaspace   ] GC(145) Metaspace: 9856K(10176K)->9856K(10176K) NonClass: 8553K(8768K)->8553K(8768K) Class: 1303K(1408K)->1303K(1408K)
[66.512s][info][gc             ] GC(145) Pause Young (Normal) (G1 Evacuation Pause) 17M->5M(27M) 23.509ms
[66.512s][info][gc,cpu         ] GC(145) User=0.00s Sys=0.00s Real=0.01s
[66.576s][info][gc,start       ] GC(146) Pause Young (Normal) (G1 Evacuation Pause)
[66.576s][info][gc,task        ] GC(146) Using 2 workers of 33 for evacuation
[66.583s][info][gc,phases      ] GC(146)   Pre Evacuate Collection Set: 0.1ms
[66.583s][info][gc,phases      ] GC(146)   Merge Heap Roots: 0.0ms
[66.583s][info][gc,phases      ] GC(146)   Evacuate Collection Set: 2.8ms
[66.583s][info][gc,phases      ] GC(146)   Post Evacuate Collection Set: 3.9ms
[66.583s][info][gc,phases      ] GC(146)   Other: 0.1ms
[66.583s][info][gc,heap        ] GC(146) Eden regions: 14->0(161)
[66.583s][info][gc,heap        ] GC(146) Survivor regions: 1->1(2)
[66.583s][info][gc,heap        ] GC(146) Old regions: 9->9
[66.583s][info][gc,heap        ] GC(146) Archive regions: 0->0
[66.583s][info][gc,heap        ] GC(146) Humongous regions: 0->0
[66.583s][info][gc,metaspace   ] GC(146) Metaspace: 9856K(10176K)->9856K(10176K) NonClass: 8553K(8768K)->8553K(8768K) Class: 1303K(1408K)->1303K(1408K)
[66.583s][info][gc             ] GC(146) Pause Young (Normal) (G1 Evacuation Pause) 19M->5M(270M) 7.332ms
[66.583s][info][gc,cpu         ] GC(146) User=0.00s Sys=0.02s Real=0.02s
[67.332s][info][gc,start       ] GC(147) Pause Young (Normal) (G1 Evacuation Pause)
[67.333s][info][gc,task        ] GC(147) Using 6 workers of 33 for evacuation
[67.335s][info][gc,phases      ] GC(147)   Pre Evacuate Collection Set: 0.1ms
[67.335s][info][gc,phases      ] GC(147)   Merge Heap Roots: 0.1ms
[67.335s][info][gc,phases      ] GC(147)   Evacuate Collection Set: 1.7ms
[67.335s][info][gc,phases      ] GC(147)   Post Evacuate Collection Set: 0.4ms
[67.335s][info][gc,phases      ] GC(147)   Other: 0.1ms
[67.335s][info][gc,heap        ] GC(147) Eden regions: 161->0(160)
[67.335s][info][gc,heap        ] GC(147) Survivor regions: 1->2(21)
[67.335s][info][gc,heap        ] GC(147) Old regions: 9->9
[67.335s][info][gc,heap        ] GC(147) Archive regions: 0->0
[67.335s][info][gc,heap        ] GC(147) Humongous regions: 0->0
[67.335s][info][gc,metaspace   ] GC(147) Metaspace: 9856K(10176K)->9856K(10176K) NonClass: 8553K(8768K)->8553K(8768K) Class: 1303K(1408K)->1303K(1408K)
[67.335s][info][gc             ] GC(147) Pause Young (Normal) (G1 Evacuation Pause) 166M->6M(270M) 2.997ms
[67.335s][info][gc,cpu         ] GC(147) User=0.00s Sys=0.00s Real=0.00s
[68.038s][info][gc,start       ] GC(148) Pause Young (Normal) (G1 Evacuation Pause)
[68.038s][info][gc,task        ] GC(148) Using 6 workers of 33 for evacuation
[68.040s][info][gc,phases      ] GC(148)   Pre Evacuate Collection Set: 0.1ms
[68.040s][info][gc,phases      ] GC(148)   Merge Heap Roots: 0.1ms
[68.040s][info][gc,phases      ] GC(148)   Evacuate Collection Set: 1.4ms
[68.040s][info][gc,phases      ] GC(148)   Post Evacuate Collection Set: 0.3ms
[68.040s][info][gc,phases      ] GC(148)   Other: 0.1ms
[68.040s][info][gc,heap        ] GC(148) Eden regions: 160->0(160)
[68.040s][info][gc,heap        ] GC(148) Survivor regions: 2->2(21)
[68.040s][info][gc,heap        ] GC(148) Old regions: 9->9
[68.040s][info][gc,heap        ] GC(148) Archive regions: 0->0
[68.040s][info][gc,heap        ] GC(148) Humongous regions: 0->0
[68.040s][info][gc,metaspace   ] GC(148) Metaspace: 9856K(10176K)->9856K(10176K) NonClass: 8553K(8768K)->8553K(8768K) Class: 1303K(1408K)->1303K(1408K)
[68.040s][info][gc             ] GC(148) Pause Young (Normal) (G1 Evacuation Pause) 166M->6M(270M) 2.653ms
[68.041s][info][gc,cpu         ] GC(148) User=0.00s Sys=0.00s Real=0.00s
[68.753s][info][gc,start       ] GC(149) Pause Young (Normal) (G1 Evacuation Pause)
[68.753s][info][gc,task        ] GC(149) Using 6 workers of 33 for evacuation
[68.755s][info][gc,phases      ] GC(149)   Pre Evacuate Collection Set: 0.1ms
[68.755s][info][gc,phases      ] GC(149)   Merge Heap Roots: 0.1ms
[68.755s][info][gc,phases      ] GC(149)   Evacuate Collection Set: 1.4ms
[68.755s][info][gc,phases      ] GC(149)   Post Evacuate Collection Set: 0.3ms
[68.755s][info][gc,phases      ] GC(149)   Other: 0.1ms
[68.755s][info][gc,heap        ] GC(149) Eden regions: 160->0(160)
[68.755s][info][gc,heap        ] GC(149) Survivor regions: 2->2(21)
[68.755s][info][gc,heap        ] GC(149) Old regions: 9->9
[68.755s][info][gc,heap        ] GC(149) Archive regions: 0->0
[68.755s][info][gc,heap        ] GC(149) Humongous regions: 0->0
[68.755s][info][gc,metaspace   ] GC(149) Metaspace: 9856K(10176K)->9856K(10176K) NonClass: 8553K(8768K)->8553K(8768K) Class: 1303K(1408K)->1303K(1408K)
[68.756s][info][gc             ] GC(149) Pause Young (Normal) (G1 Evacuation Pause) 166M->6M(270M) 2.622ms
[68.756s][info][gc,cpu         ] GC(149) User=0.00s Sys=0.00s Real=0.00s
[69.460s][info][gc,start       ] GC(150) Pause Young (Normal) (G1 Evacuation Pause)
[69.461s][info][gc,task        ] GC(150) Using 6 workers of 33 for evacuation
[69.463s][info][gc,phases      ] GC(150)   Pre Evacuate Collection Set: 0.1ms
[69.463s][info][gc,phases      ] GC(150)   Merge Heap Roots: 0.1ms
[69.463s][info][gc,phases      ] GC(150)   Evacuate Collection Set: 1.4ms
[69.463s][info][gc,phases      ] GC(150)   Post Evacuate Collection Set: 0.3ms
[69.463s][info][gc,phases      ] GC(150)   Other: 0.1ms
[69.463s][info][gc,heap        ] GC(150) Eden regions: 160->0(160)
[69.463s][info][gc,heap        ] GC(150) Survivor regions: 2->2(21)
[69.463s][info][gc,heap        ] GC(150) Old regions: 9->9
[69.463s][info][gc,heap        ] GC(150) Archive regions: 0->0
[69.463s][info][gc,heap        ] GC(150) Humongous regions: 0->0
[69.463s][info][gc,metaspace   ] GC(150) Metaspace: 9856K(10176K)->9856K(10176K) NonClass: 8553K(8768K)->8553K(8768K) Class: 1303K(1408K)->1303K(1408K)
[69.463s][info][gc             ] GC(150) Pause Young (Normal) (G1 Evacuation Pause) 166M->6M(270M) 2.610ms
[69.463s][info][gc,cpu         ] GC(150) User=0.09s Sys=0.00s Real=0.02s
[70.178s][info][gc,start       ] GC(151) Pause Young (Normal) (G1 Evacuation Pause)
[70.179s][info][gc,task        ] GC(151) Using 6 workers of 33 for evacuation
[70.181s][info][gc,phases      ] GC(151)   Pre Evacuate Collection Set: 0.1ms
[70.181s][info][gc,phases      ] GC(151)   Merge Heap Roots: 0.1ms
[70.181s][info][gc,phases      ] GC(151)   Evacuate Collection Set: 1.2ms
[70.181s][info][gc,phases      ] GC(151)   Post Evacuate Collection Set: 0.3ms
[70.181s][info][gc,phases      ] GC(151)   Other: 0.1ms
[70.181s][info][gc,heap        ] GC(151) Eden regions: 160->0(160)
[70.181s][info][gc,heap        ] GC(151) Survivor regions: 2->2(21)
[70.181s][info][gc,heap        ] GC(151) Old regions: 9->9
[70.181s][info][gc,heap        ] GC(151) Archive regions: 0->0
[70.181s][info][gc,heap        ] GC(151) Humongous regions: 0->0
[70.181s][info][gc,metaspace   ] GC(151) Metaspace: 9856K(10176K)->9856K(10176K) NonClass: 8553K(8768K)->8553K(8768K) Class: 1303K(1408K)->1303K(1408K)
[70.181s][info][gc             ] GC(151) Pause Young (Normal) (G1 Evacuation Pause) 166M->6M(270M) 2.471ms
[70.181s][info][gc,cpu         ] GC(151) User=0.00s Sys=0.00s Real=0.00s
[70.889s][info][gc,start       ] GC(152) Pause Young (Normal) (G1 Evacuation Pause)
[70.889s][info][gc,task        ] GC(152) Using 6 workers of 33 for evacuation
[70.892s][info][gc,phases      ] GC(152)   Pre Evacuate Collection Set: 0.1ms
[70.892s][info][gc,phases      ] GC(152)   Merge Heap Roots: 0.1ms
[70.892s][info][gc,phases      ] GC(152)   Evacuate Collection Set: 1.4ms
[70.892s][info][gc,phases      ] GC(152)   Post Evacuate Collection Set: 0.3ms
[70.892s][info][gc,phases      ] GC(152)   Other: 0.1ms
[70.892s][info][gc,heap        ] GC(152) Eden regions: 160->0(160)
[70.892s][info][gc,heap        ] GC(152) Survivor regions: 2->2(21)
[70.892s][info][gc,heap        ] GC(152) Old regions: 9->9
[70.892s][info][gc,heap        ] GC(152) Archive regions: 0->0
[70.892s][info][gc,heap        ] GC(152) Humongous regions: 0->0
[70.892s][info][gc,metaspace   ] GC(152) Metaspace: 9856K(10176K)->9856K(10176K) NonClass: 8553K(8768K)->8553K(8768K) Class: 1303K(1408K)->1303K(1408K)
[70.892s][info][gc             ] GC(152) Pause Young (Normal) (G1 Evacuation Pause) 166M->6M(270M) 2.588ms
[70.892s][info][gc,cpu         ] GC(152) User=0.00s Sys=0.00s Real=0.00s
[71.596s][info][gc,start       ] GC(153) Pause Young (Normal) (G1 Evacuation Pause)
[71.596s][info][gc,task        ] GC(153) Using 6 workers of 33 for evacuation
[71.598s][info][gc,phases      ] GC(153)   Pre Evacuate Collection Set: 0.1ms
[71.598s][info][gc,phases      ] GC(153)   Merge Heap Roots: 0.1ms
[71.598s][info][gc,phases      ] GC(153)   Evacuate Collection Set: 1.3ms
[71.598s][info][gc,phases      ] GC(153)   Post Evacuate Collection Set: 0.3ms
[71.598s][info][gc,phases      ] GC(153)   Other: 0.1ms
[71.598s][info][gc,heap        ] GC(153) Eden regions: 160->0(160)
[71.598s][info][gc,heap        ] GC(153) Survivor regions: 2->2(21)
[71.598s][info][gc,heap        ] GC(153) Old regions: 9->9
[71.598s][info][gc,heap        ] GC(153) Archive regions: 0->0
[71.598s][info][gc,heap        ] GC(153) Humongous regions: 0->0
[71.598s][info][gc,metaspace   ] GC(153) Metaspace: 9856K(10176K)->9856K(10176K) NonClass: 8553K(8768K)->8553K(8768K) Class: 1303K(1408K)->1303K(1408K)
[71.598s][info][gc             ] GC(153) Pause Young (Normal) (G1 Evacuation Pause) 166M->6M(270M) 2.520ms
[71.598s][info][gc,cpu         ] GC(153) User=0.00s Sys=0.00s Real=0.00s
[72.303s][info][gc,start       ] GC(154) Pause Young (Normal) (G1 Evacuation Pause)
[72.303s][info][gc,task        ] GC(154) Using 6 workers of 33 for evacuation
[72.305s][info][gc,phases      ] GC(154)   Pre Evacuate Collection Set: 0.1ms
[72.305s][info][gc,phases      ] GC(154)   Merge Heap Roots: 0.1ms
[72.305s][info][gc,phases      ] GC(154)   Evacuate Collection Set: 1.4ms
[72.305s][info][gc,phases      ] GC(154)   Post Evacuate Collection Set: 0.4ms
[72.305s][info][gc,phases      ] GC(154)   Other: 0.1ms
[72.305s][info][gc,heap        ] GC(154) Eden regions: 160->0(160)
[72.305s][info][gc,heap        ] GC(154) Survivor regions: 2->2(21)
[72.305s][info][gc,heap        ] GC(154) Old regions: 9->9
[72.305s][info][gc,heap        ] GC(154) Archive regions: 0->0
[72.305s][info][gc,heap        ] GC(154) Humongous regions: 0->0
[72.305s][info][gc,metaspace   ] GC(154) Metaspace: 9856K(10176K)->9856K(10176K) NonClass: 8553K(8768K)->8553K(8768K) Class: 1303K(1408K)->1303K(1408K)
[72.305s][info][gc             ] GC(154) Pause Young (Normal) (G1 Evacuation Pause) 166M->6M(270M) 2.595ms
[72.305s][info][gc,cpu         ] GC(154) User=0.00s Sys=0.00s Real=0.00s
[73.023s][info][gc,start       ] GC(155) Pause Young (Normal) (G1 Evacuation Pause)
[73.023s][info][gc,task        ] GC(155) Using 6 workers of 33 for evacuation
[73.025s][info][gc,phases      ] GC(155)   Pre Evacuate Collection Set: 0.1ms
[73.025s][info][gc,phases      ] GC(155)   Merge Heap Roots: 0.1ms
[73.025s][info][gc,phases      ] GC(155)   Evacuate Collection Set: 1.3ms
[73.025s][info][gc,phases      ] GC(155)   Post Evacuate Collection Set: 0.3ms
[73.025s][info][gc,phases      ] GC(155)   Other: 0.1ms
[73.025s][info][gc,heap        ] GC(155) Eden regions: 160->0(160)
[73.025s][info][gc,heap        ] GC(155) Survivor regions: 2->2(21)
[73.025s][info][gc,heap        ] GC(155) Old regions: 9->9
[73.025s][info][gc,heap        ] GC(155) Archive regions: 0->0
[73.025s][info][gc,heap        ] GC(155) Humongous regions: 0->0
[73.025s][info][gc,metaspace   ] GC(155) Metaspace: 9856K(10176K)->9856K(10176K) NonClass: 8553K(8768K)->8553K(8768K) Class: 1303K(1408K)->1303K(1408K)
[73.026s][info][gc             ] GC(155) Pause Young (Normal) (G1 Evacuation Pause) 166M->6M(270M) 2.478ms
[73.026s][info][gc,cpu         ] GC(155) User=0.00s Sys=0.00s Real=0.00s
[73.389s][info][gc,start       ] GC(156) Pause Full (System.gc())
[73.389s][info][gc,task        ] GC(156) Using 6 workers of 33 for full compaction
[73.389s][info][gc,phases,start] GC(156) Phase 1: Mark live objects
[73.395s][info][gc,phases      ] GC(156) Phase 1: Mark live objects 5.416ms
[73.395s][info][gc,phases,start] GC(156) Phase 2: Prepare compaction
[73.396s][info][gc,phases      ] GC(156) Phase 2: Prepare compaction 1.161ms
[73.396s][info][gc,phases,start] GC(156) Phase 3: Adjust pointers
[73.400s][info][gc,phases      ] GC(156) Phase 3: Adjust pointers 3.720ms
[73.400s][info][gc,phases,start] GC(156) Phase 4: Compact heap
[73.400s][info][gc,phases      ] GC(156) Phase 4: Compact heap 0.577ms
[73.405s][info][gc,heap        ] GC(156) Eden regions: 82->0(16)
[73.405s][info][gc,heap        ] GC(156) Survivor regions: 2->0(21)
[73.405s][info][gc,heap        ] GC(156) Old regions: 9->8
[73.405s][info][gc,heap        ] GC(156) Archive regions: 0->0
[73.405s][info][gc,heap        ] GC(156) Humongous regions: 0->0
[73.405s][info][gc,metaspace   ] GC(156) Metaspace: 9856K(10176K)->9856K(10176K) NonClass: 8553K(8768K)->8553K(8768K) Class: 1303K(1408K)->1303K(1408K)
[73.405s][info][gc             ] GC(156) Pause Full (System.gc()) 87M->3M(27M) 16.204ms
[73.405s][info][gc,cpu         ] GC(156) User=0.05s Sys=0.05s Real=0.02s
[73.481s][info][gc,start       ] GC(157) Pause Young (Normal) (G1 Evacuation Pause)
[73.483s][info][gc,task        ] GC(157) Using 4 workers of 33 for evacuation
[73.485s][info][gc,phases      ] GC(157)   Pre Evacuate Collection Set: 0.1ms
[73.485s][info][gc,phases      ] GC(157)   Merge Heap Roots: 0.1ms
[73.485s][info][gc,phases      ] GC(157)   Evacuate Collection Set: 1.9ms
[73.485s][info][gc,phases      ] GC(157)   Post Evacuate Collection Set: 0.4ms
[73.486s][info][gc,phases      ] GC(157)   Other: 0.1ms
[73.486s][info][gc,heap        ] GC(157) Eden regions: 16->0(13)
[73.486s][info][gc,heap        ] GC(157) Survivor regions: 0->2(2)
[73.486s][info][gc,heap        ] GC(157) Old regions: 8->8
[73.486s][info][gc,heap        ] GC(157) Archive regions: 0->0
[73.486s][info][gc,heap        ] GC(157) Humongous regions: 0->0
[73.486s][info][gc,metaspace   ] GC(157) Metaspace: 9857K(10176K)->9857K(10176K) NonClass: 8554K(8768K)->8554K(8768K) Class: 1303K(1408K)->1303K(1408K)
[73.486s][info][gc             ] GC(157) Pause Young (Normal) (G1 Evacuation Pause) 19M->5M(27M) 4.315ms
[73.486s][info][gc,cpu         ] GC(157) User=0.00s Sys=0.00s Real=0.00s
[73.566s][info][gc,start       ] GC(158) Pause Young (Normal) (G1 Evacuation Pause)
[73.567s][info][gc,task        ] GC(158) Using 3 workers of 33 for evacuation
[73.569s][info][gc,phases      ] GC(158)   Pre Evacuate Collection Set: 0.1ms
[73.569s][info][gc,phases      ] GC(158)   Merge Heap Roots: 0.1ms
[73.569s][info][gc,phases      ] GC(158)   Evacuate Collection Set: 2.2ms
[73.569s][info][gc,phases      ] GC(158)   Post Evacuate Collection Set: 0.2ms
[73.569s][info][gc,phases      ] GC(158)   Other: 0.1ms
[73.569s][info][gc,heap        ] GC(158) Eden regions: 13->0(14)
[73.569s][info][gc,heap        ] GC(158) Survivor regions: 2->1(2)
[73.569s][info][gc,heap        ] GC(158) Old regions: 8->9
[73.569s][info][gc,heap        ] GC(158) Archive regions: 0->0
[73.569s][info][gc,heap        ] GC(158) Humongous regions: 0->0
[73.569s][info][gc,metaspace   ] GC(158) Metaspace: 9857K(10176K)->9857K(10176K) NonClass: 8554K(8768K)->8554K(8768K) Class: 1303K(1408K)->1303K(1408K)
[73.569s][info][gc             ] GC(158) Pause Young (Normal) (G1 Evacuation Pause) 18M->5M(27M) 3.111ms
[73.570s][info][gc,cpu         ] GC(158) User=0.00s Sys=0.00s Real=0.00s
[73.629s][info][gc,start       ] GC(159) Pause Young (Normal) (G1 Evacuation Pause)
[73.629s][info][gc,task        ] GC(159) Using 2 workers of 33 for evacuation
[73.632s][info][gc,phases      ] GC(159)   Pre Evacuate Collection Set: 0.1ms
[73.632s][info][gc,phases      ] GC(159)   Merge Heap Roots: 0.0ms
[73.632s][info][gc,phases      ] GC(159)   Evacuate Collection Set: 2.4ms
[73.632s][info][gc,phases      ] GC(159)   Post Evacuate Collection Set: 0.2ms
[73.632s][info][gc,phases      ] GC(159)   Other: 0.1ms
[73.632s][info][gc,heap        ] GC(159) Eden regions: 14->0(14)
[73.632s][info][gc,heap        ] GC(159) Survivor regions: 1->1(2)
[73.632s][info][gc,heap        ] GC(159) Old regions: 9->9
[73.632s][info][gc,heap        ] GC(159) Archive regions: 0->0
[73.632s][info][gc,heap        ] GC(159) Humongous regions: 0->0
[73.632s][info][gc,metaspace   ] GC(159) Metaspace: 9857K(10176K)->9857K(10176K) NonClass: 8554K(8768K)->8554K(8768K) Class: 1303K(1408K)->1303K(1408K)
[73.632s][info][gc             ] GC(159) Pause Young (Normal) (G1 Evacuation Pause) 19M->5M(27M) 3.313ms
[73.632s][info][gc,cpu         ] GC(159) User=0.00s Sys=0.00s Real=0.00s
[73.692s][info][gc,start       ] GC(160) Pause Young (Normal) (G1 Evacuation Pause)
[73.693s][info][gc,task        ] GC(160) Using 2 workers of 33 for evacuation
[73.696s][info][gc,phases      ] GC(160)   Pre Evacuate Collection Set: 0.1ms
[73.696s][info][gc,phases      ] GC(160)   Merge Heap Roots: 0.0ms
[73.696s][info][gc,phases      ] GC(160)   Evacuate Collection Set: 3.0ms
[73.696s][info][gc,phases      ] GC(160)   Post Evacuate Collection Set: 0.2ms
[73.696s][info][gc,phases      ] GC(160)   Other: 0.1ms
[73.696s][info][gc,heap        ] GC(160) Eden regions: 14->0(14)
[73.696s][info][gc,heap        ] GC(160) Survivor regions: 1->1(2)
[73.696s][info][gc,heap        ] GC(160) Old regions: 9->9
[73.696s][info][gc,heap        ] GC(160) Archive regions: 0->0
[73.696s][info][gc,heap        ] GC(160) Humongous regions: 0->0
[73.696s][info][gc,metaspace   ] GC(160) Metaspace: 9857K(10176K)->9857K(10176K) NonClass: 8554K(8768K)->8554K(8768K) Class: 1303K(1408K)->1303K(1408K)
[73.696s][info][gc             ] GC(160) Pause Young (Normal) (G1 Evacuation Pause) 19M->5M(27M) 3.864ms
[73.696s][info][gc,cpu         ] GC(160) User=0.00s Sys=0.00s Real=0.00s
[73.758s][info][gc,start       ] GC(161) Pause Young (Normal) (G1 Evacuation Pause)
[73.758s][info][gc,task        ] GC(161) Using 2 workers of 33 for evacuation
[73.761s][info][gc,phases      ] GC(161)   Pre Evacuate Collection Set: 0.1ms
[73.761s][info][gc,phases      ] GC(161)   Merge Heap Roots: 0.1ms
[73.761s][info][gc,phases      ] GC(161)   Evacuate Collection Set: 2.7ms
[73.761s][info][gc,phases      ] GC(161)   Post Evacuate Collection Set: 0.2ms
[73.761s][info][gc,phases      ] GC(161)   Other: 0.1ms
[73.761s][info][gc,heap        ] GC(161) Eden regions: 14->0(14)
[73.761s][info][gc,heap        ] GC(161) Survivor regions: 1->1(2)
[73.762s][info][gc,heap        ] GC(161) Old regions: 9->9
[73.762s][info][gc,heap        ] GC(161) Archive regions: 0->0
[73.762s][info][gc,heap        ] GC(161) Humongous regions: 0->0
[73.762s][info][gc,metaspace   ] GC(161) Metaspace: 9857K(10176K)->9857K(10176K) NonClass: 8554K(8768K)->8554K(8768K) Class: 1303K(1408K)->1303K(1408K)
[73.762s][info][gc             ] GC(161) Pause Young (Normal) (G1 Evacuation Pause) 19M->5M(27M) 3.616ms
[73.762s][info][gc,cpu         ] GC(161) User=0.00s Sys=0.00s Real=0.00s
[73.822s][info][gc,start       ] GC(162) Pause Young (Normal) (G1 Evacuation Pause)
[73.822s][info][gc,task        ] GC(162) Using 2 workers of 33 for evacuation
[73.830s][info][gc,phases      ] GC(162)   Pre Evacuate Collection Set: 0.1ms
[73.830s][info][gc,phases      ] GC(162)   Merge Heap Roots: 0.0ms
[73.830s][info][gc,phases      ] GC(162)   Evacuate Collection Set: 3.4ms
[73.830s][info][gc,phases      ] GC(162)   Post Evacuate Collection Set: 3.8ms
[73.830s][info][gc,phases      ] GC(162)   Other: 0.1ms
[73.830s][info][gc,heap        ] GC(162) Eden regions: 14->0(160)
[73.830s][info][gc,heap        ] GC(162) Survivor regions: 1->2(2)
[73.830s][info][gc,heap        ] GC(162) Old regions: 9->9
[73.830s][info][gc,heap        ] GC(162) Archive regions: 0->0
[73.830s][info][gc,heap        ] GC(162) Humongous regions: 0->0
[73.830s][info][gc,metaspace   ] GC(162) Metaspace: 9857K(10176K)->9857K(10176K) NonClass: 8554K(8768K)->8554K(8768K) Class: 1303K(1408K)->1303K(1408K)
[73.830s][info][gc             ] GC(162) Pause Young (Normal) (G1 Evacuation Pause) 19M->5M(270M) 7.974ms
[73.830s][info][gc,cpu         ] GC(162) User=0.03s Sys=0.00s Real=0.02s
[74.581s][info][gc,start       ] GC(163) Pause Young (Normal) (G1 Evacuation Pause)
[74.581s][info][gc,task        ] GC(163) Using 6 workers of 33 for evacuation
[74.584s][info][gc,phases      ] GC(163)   Pre Evacuate Collection Set: 0.1ms
[74.584s][info][gc,phases      ] GC(163)   Merge Heap Roots: 0.1ms
[74.584s][info][gc,phases      ] GC(163)   Evacuate Collection Set: 1.5ms
[74.584s][info][gc,phases      ] GC(163)   Post Evacuate Collection Set: 0.3ms
[74.584s][info][gc,phases      ] GC(163)   Other: 0.1ms
[74.584s][info][gc,heap        ] GC(163) Eden regions: 160->0(160)
[74.584s][info][gc,heap        ] GC(163) Survivor regions: 2->2(21)
[74.584s][info][gc,heap        ] GC(163) Old regions: 9->9
[74.584s][info][gc,heap        ] GC(163) Archive regions: 0->0
[74.584s][info][gc,heap        ] GC(163) Humongous regions: 0->0
[74.584s][info][gc,metaspace   ] GC(163) Metaspace: 9857K(10176K)->9857K(10176K) NonClass: 8554K(8768K)->8554K(8768K) Class: 1303K(1408K)->1303K(1408K)
[74.584s][info][gc             ] GC(163) Pause Young (Normal) (G1 Evacuation Pause) 165M->5M(270M) 2.809ms
[74.584s][info][gc,cpu         ] GC(163) User=0.00s Sys=0.02s Real=0.02s
[75.288s][info][gc,start       ] GC(164) Pause Young (Normal) (G1 Evacuation Pause)
[75.288s][info][gc,task        ] GC(164) Using 6 workers of 33 for evacuation
[75.290s][info][gc,phases      ] GC(164)   Pre Evacuate Collection Set: 0.1ms
[75.290s][info][gc,phases      ] GC(164)   Merge Heap Roots: 0.1ms
[75.290s][info][gc,phases      ] GC(164)   Evacuate Collection Set: 1.6ms
[75.290s][info][gc,phases      ] GC(164)   Post Evacuate Collection Set: 0.3ms
[75.290s][info][gc,phases      ] GC(164)   Other: 0.1ms
[75.291s][info][gc,heap        ] GC(164) Eden regions: 160->0(160)
[75.291s][info][gc,heap        ] GC(164) Survivor regions: 2->2(21)
[75.291s][info][gc,heap        ] GC(164) Old regions: 9->9
[75.291s][info][gc,heap        ] GC(164) Archive regions: 0->0
[75.291s][info][gc,heap        ] GC(164) Humongous regions: 0->0
[75.291s][info][gc,metaspace   ] GC(164) Metaspace: 9857K(10176K)->9857K(10176K) NonClass: 8554K(8768K)->8554K(8768K) Class: 1303K(1408K)->1303K(1408K)
[75.291s][info][gc             ] GC(164) Pause Young (Normal) (G1 Evacuation Pause) 165M->5M(270M) 2.797ms
[75.291s][info][gc,cpu         ] GC(164) User=0.00s Sys=0.00s Real=0.00s
[76.000s][info][gc,start       ] GC(165) Pause Young (Normal) (G1 Evacuation Pause)
[76.000s][info][gc,task        ] GC(165) Using 6 workers of 33 for evacuation
[76.002s][info][gc,phases      ] GC(165)   Pre Evacuate Collection Set: 0.1ms
[76.002s][info][gc,phases      ] GC(165)   Merge Heap Roots: 0.1ms
[76.002s][info][gc,phases      ] GC(165)   Evacuate Collection Set: 1.4ms
[76.002s][info][gc,phases      ] GC(165)   Post Evacuate Collection Set: 0.3ms
[76.002s][info][gc,phases      ] GC(165)   Other: 0.1ms
[76.002s][info][gc,heap        ] GC(165) Eden regions: 160->0(160)
[76.002s][info][gc,heap        ] GC(165) Survivor regions: 2->2(21)
[76.003s][info][gc,heap        ] GC(165) Old regions: 9->9
[76.003s][info][gc,heap        ] GC(165) Archive regions: 0->0
[76.003s][info][gc,heap        ] GC(165) Humongous regions: 0->0
[76.003s][info][gc,metaspace   ] GC(165) Metaspace: 9857K(10176K)->9857K(10176K) NonClass: 8554K(8768K)->8554K(8768K) Class: 1303K(1408K)->1303K(1408K)
[76.003s][info][gc             ] GC(165) Pause Young (Normal) (G1 Evacuation Pause) 165M->5M(270M) 2.714ms
[76.003s][info][gc,cpu         ] GC(165) User=0.00s Sys=0.00s Real=0.00s
[76.722s][info][gc,start       ] GC(166) Pause Young (Normal) (G1 Evacuation Pause)
[76.723s][info][gc,task        ] GC(166) Using 6 workers of 33 for evacuation
[76.725s][info][gc,phases      ] GC(166)   Pre Evacuate Collection Set: 0.1ms
[76.725s][info][gc,phases      ] GC(166)   Merge Heap Roots: 0.1ms
[76.725s][info][gc,phases      ] GC(166)   Evacuate Collection Set: 1.3ms
[76.725s][info][gc,phases      ] GC(166)   Post Evacuate Collection Set: 0.3ms
[76.725s][info][gc,phases      ] GC(166)   Other: 0.1ms
[76.725s][info][gc,heap        ] GC(166) Eden regions: 160->0(160)
[76.725s][info][gc,heap        ] GC(166) Survivor regions: 2->2(21)
[76.725s][info][gc,heap        ] GC(166) Old regions: 9->9
[76.725s][info][gc,heap        ] GC(166) Archive regions: 0->0
[76.725s][info][gc,heap        ] GC(166) Humongous regions: 0->0
[76.725s][info][gc,metaspace   ] GC(166) Metaspace: 9857K(10176K)->9857K(10176K) NonClass: 8554K(8768K)->8554K(8768K) Class: 1303K(1408K)->1303K(1408K)
[76.725s][info][gc             ] GC(166) Pause Young (Normal) (G1 Evacuation Pause) 165M->5M(270M) 2.552ms
[76.725s][info][gc,cpu         ] GC(166) User=0.00s Sys=0.00s Real=0.00s
[77.436s][info][gc,start       ] GC(167) Pause Young (Normal) (G1 Evacuation Pause)
[77.437s][info][gc,task        ] GC(167) Using 6 workers of 33 for evacuation
[77.439s][info][gc,phases      ] GC(167)   Pre Evacuate Collection Set: 0.1ms
[77.439s][info][gc,phases      ] GC(167)   Merge Heap Roots: 0.1ms
[77.439s][info][gc,phases      ] GC(167)   Evacuate Collection Set: 1.3ms
[77.439s][info][gc,phases      ] GC(167)   Post Evacuate Collection Set: 0.3ms
[77.439s][info][gc,phases      ] GC(167)   Other: 0.1ms
[77.439s][info][gc,heap        ] GC(167) Eden regions: 160->0(160)
[77.439s][info][gc,heap        ] GC(167) Survivor regions: 2->2(21)
[77.439s][info][gc,heap        ] GC(167) Old regions: 9->9
[77.439s][info][gc,heap        ] GC(167) Archive regions: 0->0
[77.439s][info][gc,heap        ] GC(167) Humongous regions: 0->0
[77.439s][info][gc,metaspace   ] GC(167) Metaspace: 9857K(10176K)->9857K(10176K) NonClass: 8554K(8768K)->8554K(8768K) Class: 1303K(1408K)->1303K(1408K)
[77.439s][info][gc             ] GC(167) Pause Young (Normal) (G1 Evacuation Pause) 165M->5M(270M) 2.494ms
[77.439s][info][gc,cpu         ] GC(167) User=0.00s Sys=0.00s Real=0.00s
[78.154s][info][gc,start       ] GC(168) Pause Young (Normal) (G1 Evacuation Pause)
[78.154s][info][gc,task        ] GC(168) Using 6 workers of 33 for evacuation
[78.156s][info][gc,phases      ] GC(168)   Pre Evacuate Collection Set: 0.1ms
[78.156s][info][gc,phases      ] GC(168)   Merge Heap Roots: 0.1ms
[78.156s][info][gc,phases      ] GC(168)   Evacuate Collection Set: 1.3ms
[78.156s][info][gc,phases      ] GC(168)   Post Evacuate Collection Set: 0.3ms
[78.156s][info][gc,phases      ] GC(168)   Other: 0.1ms
[78.156s][info][gc,heap        ] GC(168) Eden regions: 160->0(160)
[78.156s][info][gc,heap        ] GC(168) Survivor regions: 2->2(21)
[78.156s][info][gc,heap        ] GC(168) Old regions: 9->9
[78.157s][info][gc,heap        ] GC(168) Archive regions: 0->0
[78.157s][info][gc,heap        ] GC(168) Humongous regions: 0->0
[78.157s][info][gc,metaspace   ] GC(168) Metaspace: 9857K(10176K)->9857K(10176K) NonClass: 8554K(8768K)->8554K(8768K) Class: 1303K(1408K)->1303K(1408K)
[78.157s][info][gc             ] GC(168) Pause Young (Normal) (G1 Evacuation Pause) 165M->5M(270M) 2.681ms
[78.157s][info][gc,cpu         ] GC(168) User=0.09s Sys=0.00s Real=0.02s
[78.860s][info][gc,start       ] GC(169) Pause Young (Normal) (G1 Evacuation Pause)
[78.860s][info][gc,task        ] GC(169) Using 6 workers of 33 for evacuation
[78.862s][info][gc,phases      ] GC(169)   Pre Evacuate Collection Set: 0.1ms
[78.862s][info][gc,phases      ] GC(169)   Merge Heap Roots: 0.1ms
[78.862s][info][gc,phases      ] GC(169)   Evacuate Collection Set: 1.3ms
[78.862s][info][gc,phases      ] GC(169)   Post Evacuate Collection Set: 0.3ms
[78.862s][info][gc,phases      ] GC(169)   Other: 0.1ms
[78.862s][info][gc,heap        ] GC(169) Eden regions: 160->0(160)
[78.862s][info][gc,heap        ] GC(169) Survivor regions: 2->2(21)
[78.862s][info][gc,heap        ] GC(169) Old regions: 9->9
[78.862s][info][gc,heap        ] GC(169) Archive regions: 0->0
[78.862s][info][gc,heap        ] GC(169) Humongous regions: 0->0
[78.862s][info][gc,metaspace   ] GC(169) Metaspace: 9857K(10176K)->9857K(10176K) NonClass: 8554K(8768K)->8554K(8768K) Class: 1303K(1408K)->1303K(1408K)
[78.862s][info][gc             ] GC(169) Pause Young (Normal) (G1 Evacuation Pause) 165M->5M(270M) 2.523ms
[78.862s][info][gc,cpu         ] GC(169) User=0.00s Sys=0.00s Real=0.00s
[79.570s][info][gc,start       ] GC(170) Pause Young (Normal) (G1 Evacuation Pause)
[79.570s][info][gc,task        ] GC(170) Using 6 workers of 33 for evacuation
[79.572s][info][gc,phases      ] GC(170)   Pre Evacuate Collection Set: 0.1ms
[79.572s][info][gc,phases      ] GC(170)   Merge Heap Roots: 0.1ms
[79.572s][info][gc,phases      ] GC(170)   Evacuate Collection Set: 1.3ms
[79.572s][info][gc,phases      ] GC(170)   Post Evacuate Collection Set: 0.3ms
[79.572s][info][gc,phases      ] GC(170)   Other: 0.1ms
[79.572s][info][gc,heap        ] GC(170) Eden regions: 160->0(160)
[79.573s][info][gc,heap        ] GC(170) Survivor regions: 2->2(21)
[79.573s][info][gc,heap        ] GC(170) Old regions: 9->9
[79.573s][info][gc,heap        ] GC(170) Archive regions: 0->0
[79.573s][info][gc,heap        ] GC(170) Humongous regions: 0->0
[79.573s][info][gc,metaspace   ] GC(170) Metaspace: 9857K(10176K)->9857K(10176K) NonClass: 8554K(8768K)->8554K(8768K) Class: 1303K(1408K)->1303K(1408K)
[79.573s][info][gc             ] GC(170) Pause Young (Normal) (G1 Evacuation Pause) 165M->5M(270M) 2.516ms
[79.573s][info][gc,cpu         ] GC(170) User=0.00s Sys=0.00s Real=0.00s
[80.281s][info][gc,start       ] GC(171) Pause Young (Normal) (G1 Evacuation Pause)
[80.281s][info][gc,task        ] GC(171) Using 6 workers of 33 for evacuation
[80.283s][info][gc,phases      ] GC(171)   Pre Evacuate Collection Set: 0.1ms
[80.283s][info][gc,phases      ] GC(171)   Merge Heap Roots: 0.1ms
[80.283s][info][gc,phases      ] GC(171)   Evacuate Collection Set: 1.4ms
[80.283s][info][gc,phases      ] GC(171)   Post Evacuate Collection Set: 0.3ms
[80.283s][info][gc,phases      ] GC(171)   Other: 0.1ms
[80.283s][info][gc,heap        ] GC(171) Eden regions: 160->0(160)
[80.283s][info][gc,heap        ] GC(171) Survivor regions: 2->2(21)
[80.283s][info][gc,heap        ] GC(171) Old regions: 9->9
[80.284s][info][gc,heap        ] GC(171) Archive regions: 0->0
[80.284s][info][gc,heap        ] GC(171) Humongous regions: 0->0
[80.284s][info][gc,metaspace   ] GC(171) Metaspace: 9857K(10176K)->9857K(10176K) NonClass: 8554K(8768K)->8554K(8768K) Class: 1303K(1408K)->1303K(1408K)
[80.284s][info][gc             ] GC(171) Pause Young (Normal) (G1 Evacuation Pause) 165M->5M(270M) 2.583ms
[80.284s][info][gc,cpu         ] GC(171) User=0.00s Sys=0.00s Real=0.00s
[80.653s][info][gc,start       ] GC(172) Pause Full (System.gc())
[80.653s][info][gc,task        ] GC(172) Using 6 workers of 33 for full compaction
[80.653s][info][gc,phases,start] GC(172) Phase 1: Mark live objects
[80.659s][info][gc,phases      ] GC(172) Phase 1: Mark live objects 5.490ms
[80.659s][info][gc,phases,start] GC(172) Phase 2: Prepare compaction
[80.660s][info][gc,phases      ] GC(172) Phase 2: Prepare compaction 1.187ms
[80.660s][info][gc,phases,start] GC(172) Phase 3: Adjust pointers
[80.664s][info][gc,phases      ] GC(172) Phase 3: Adjust pointers 3.712ms
[80.664s][info][gc,phases,start] GC(172) Phase 4: Compact heap
[80.664s][info][gc,phases      ] GC(172) Phase 4: Compact heap 0.590ms
[80.669s][info][gc,heap        ] GC(172) Eden regions: 83->0(16)
[80.669s][info][gc,heap        ] GC(172) Survivor regions: 2->0(21)
[80.669s][info][gc,heap        ] GC(172) Old regions: 9->8
[80.669s][info][gc,heap        ] GC(172) Archive regions: 0->0
[80.669s][info][gc,heap        ] GC(172) Humongous regions: 0->0
[80.669s][info][gc,metaspace   ] GC(172) Metaspace: 9858K(10176K)->9858K(10176K) NonClass: 8555K(8768K)->8555K(8768K) Class: 1303K(1408K)->1303K(1408K)
[80.669s][info][gc             ] GC(172) Pause Full (System.gc()) 88M->3M(27M) 16.718ms
[80.669s][info][gc,cpu         ] GC(172) User=0.02s Sys=0.00s Real=0.02s
[80.735s][info][gc,start       ] GC(173) Pause Young (Normal) (G1 Evacuation Pause)
[80.735s][info][gc,task        ] GC(173) Using 4 workers of 33 for evacuation
[80.737s][info][gc,phases      ] GC(173)   Pre Evacuate Collection Set: 0.1ms
[80.737s][info][gc,phases      ] GC(173)   Merge Heap Roots: 0.1ms
[80.737s][info][gc,phases      ] GC(173)   Evacuate Collection Set: 2.0ms
[80.737s][info][gc,phases      ] GC(173)   Post Evacuate Collection Set: 0.2ms
[80.737s][info][gc,phases      ] GC(173)   Other: 0.1ms
[80.737s][info][gc,heap        ] GC(173) Eden regions: 16->0(13)
[80.737s][info][gc,heap        ] GC(173) Survivor regions: 0->2(2)
[80.737s][info][gc,heap        ] GC(173) Old regions: 8->8
[80.737s][info][gc,heap        ] GC(173) Archive regions: 0->0
[80.738s][info][gc,heap        ] GC(173) Humongous regions: 0->0
[80.738s][info][gc,metaspace   ] GC(173) Metaspace: 9873K(10176K)->9873K(10176K) NonClass: 8570K(8768K)->8570K(8768K) Class: 1303K(1408K)->1303K(1408K)
[80.738s][info][gc             ] GC(173) Pause Young (Normal) (G1 Evacuation Pause) 19M->5M(27M) 2.953ms
[80.738s][info][gc,cpu         ] GC(173) User=0.06s Sys=0.00s Real=0.02s
[80.798s][info][gc,start       ] GC(174) Pause Young (Normal) (G1 Evacuation Pause)
[80.798s][info][gc,task        ] GC(174) Using 3 workers of 33 for evacuation
[80.801s][info][gc,phases      ] GC(174)   Pre Evacuate Collection Set: 0.1ms
[80.801s][info][gc,phases      ] GC(174)   Merge Heap Roots: 0.1ms
[80.801s][info][gc,phases      ] GC(174)   Evacuate Collection Set: 2.5ms
[80.801s][info][gc,phases      ] GC(174)   Post Evacuate Collection Set: 0.2ms
[80.801s][info][gc,phases      ] GC(174)   Other: 0.1ms
[80.801s][info][gc,heap        ] GC(174) Eden regions: 13->0(14)
[80.801s][info][gc,heap        ] GC(174) Survivor regions: 2->1(2)
[80.801s][info][gc,heap        ] GC(174) Old regions: 8->9
[80.801s][info][gc,heap        ] GC(174) Archive regions: 0->0
[80.801s][info][gc,heap        ] GC(174) Humongous regions: 0->0
[80.801s][info][gc,metaspace   ] GC(174) Metaspace: 9873K(10176K)->9873K(10176K) NonClass: 8570K(8768K)->8570K(8768K) Class: 1303K(1408K)->1303K(1408K)
[80.801s][info][gc             ] GC(174) Pause Young (Normal) (G1 Evacuation Pause) 18M->5M(27M) 3.470ms
[80.802s][info][gc,cpu         ] GC(174) User=0.05s Sys=0.00s Real=0.02s
[80.859s][info][gc,start       ] GC(175) Pause Young (Normal) (G1 Evacuation Pause)
[80.859s][info][gc,task        ] GC(175) Using 2 workers of 33 for evacuation
[80.862s][info][gc,phases      ] GC(175)   Pre Evacuate Collection Set: 0.1ms
[80.862s][info][gc,phases      ] GC(175)   Merge Heap Roots: 0.1ms
[80.862s][info][gc,phases      ] GC(175)   Evacuate Collection Set: 2.5ms
[80.862s][info][gc,phases      ] GC(175)   Post Evacuate Collection Set: 0.2ms
[80.862s][info][gc,phases      ] GC(175)   Other: 0.1ms
[80.862s][info][gc,heap        ] GC(175) Eden regions: 14->0(14)
[80.862s][info][gc,heap        ] GC(175) Survivor regions: 1->1(2)
[80.862s][info][gc,heap        ] GC(175) Old regions: 9->9
[80.862s][info][gc,heap        ] GC(175) Archive regions: 0->0
[80.862s][info][gc,heap        ] GC(175) Humongous regions: 0->0
[80.862s][info][gc,metaspace   ] GC(175) Metaspace: 9873K(10176K)->9873K(10176K) NonClass: 8570K(8768K)->8570K(8768K) Class: 1303K(1408K)->1303K(1408K)
[80.862s][info][gc             ] GC(175) Pause Young (Normal) (G1 Evacuation Pause) 19M->5M(27M) 3.604ms
[80.862s][info][gc,cpu         ] GC(175) User=0.03s Sys=0.00s Real=0.02s
[80.920s][info][gc,start       ] GC(176) Pause Young (Normal) (G1 Evacuation Pause)
[80.920s][info][gc,task        ] GC(176) Using 2 workers of 33 for evacuation
[80.924s][info][gc,phases      ] GC(176)   Pre Evacuate Collection Set: 0.1ms
[80.924s][info][gc,phases      ] GC(176)   Merge Heap Roots: 0.0ms
[80.924s][info][gc,phases      ] GC(176)   Evacuate Collection Set: 2.9ms
[80.924s][info][gc,phases      ] GC(176)   Post Evacuate Collection Set: 0.2ms
[80.924s][info][gc,phases      ] GC(176)   Other: 0.1ms
[80.924s][info][gc,heap        ] GC(176) Eden regions: 14->0(12)
[80.924s][info][gc,heap        ] GC(176) Survivor regions: 1->2(2)
[80.924s][info][gc,heap        ] GC(176) Old regions: 9->9
[80.924s][info][gc,heap        ] GC(176) Archive regions: 0->0
[80.924s][info][gc,heap        ] GC(176) Humongous regions: 0->0
[80.924s][info][gc,metaspace   ] GC(176) Metaspace: 9873K(10176K)->9873K(10176K) NonClass: 8570K(8768K)->8570K(8768K) Class: 1303K(1408K)->1303K(1408K)
[80.924s][info][gc             ] GC(176) Pause Young (Normal) (G1 Evacuation Pause) 19M->5M(27M) 3.776ms
[80.924s][info][gc,cpu         ] GC(176) User=0.00s Sys=0.00s Real=0.00s
[80.978s][info][gc,start       ] GC(177) Pause Young (Normal) (G1 Evacuation Pause)
[80.978s][info][gc,task        ] GC(177) Using 2 workers of 33 for evacuation
[80.982s][info][gc,phases      ] GC(177)   Pre Evacuate Collection Set: 0.1ms
[80.982s][info][gc,phases      ] GC(177)   Merge Heap Roots: 0.0ms
[80.982s][info][gc,phases      ] GC(177)   Evacuate Collection Set: 2.9ms
[80.982s][info][gc,phases      ] GC(177)   Post Evacuate Collection Set: 0.2ms
[80.982s][info][gc,phases      ] GC(177)   Other: 0.1ms
[80.982s][info][gc,heap        ] GC(177) Eden regions: 12->0(12)
[80.982s][info][gc,heap        ] GC(177) Survivor regions: 2->2(2)
[80.982s][info][gc,heap        ] GC(177) Old regions: 9->9
[80.982s][info][gc,heap        ] GC(177) Archive regions: 0->0
[80.982s][info][gc,heap        ] GC(177) Humongous regions: 0->0
[80.982s][info][gc,metaspace   ] GC(177) Metaspace: 9873K(10176K)->9873K(10176K) NonClass: 8570K(8768K)->8570K(8768K) Class: 1303K(1408K)->1303K(1408K)
[80.982s][info][gc             ] GC(177) Pause Young (Normal) (G1 Evacuation Pause) 17M->5M(27M) 3.825ms
[80.982s][info][gc,cpu         ] GC(177) User=0.00s Sys=0.00s Real=0.00s
[81.038s][info][gc,start       ] GC(178) Pause Young (Normal) (G1 Evacuation Pause)
[81.038s][info][gc,task        ] GC(178) Using 2 workers of 33 for evacuation
[81.045s][info][gc,phases      ] GC(178)   Pre Evacuate Collection Set: 0.1ms
[81.045s][info][gc,phases      ] GC(178)   Merge Heap Roots: 0.0ms
[81.045s][info][gc,phases      ] GC(178)   Evacuate Collection Set: 2.9ms
[81.045s][info][gc,phases      ] GC(178)   Post Evacuate Collection Set: 3.8ms
[81.045s][info][gc,phases      ] GC(178)   Other: 0.1ms
[81.046s][info][gc,heap        ] GC(178) Eden regions: 12->0(161)
[81.046s][info][gc,heap        ] GC(178) Survivor regions: 2->1(2)
[81.046s][info][gc,heap        ] GC(178) Old regions: 9->9
[81.046s][info][gc,heap        ] GC(178) Archive regions: 0->0
[81.046s][info][gc,heap        ] GC(178) Humongous regions: 0->0
[81.046s][info][gc,metaspace   ] GC(178) Metaspace: 9873K(10176K)->9873K(10176K) NonClass: 8570K(8768K)->8570K(8768K) Class: 1303K(1408K)->1303K(1408K)
[81.046s][info][gc             ] GC(178) Pause Young (Normal) (G1 Evacuation Pause) 17M->5M(270M) 7.542ms
[81.046s][info][gc,cpu         ] GC(178) User=0.00s Sys=0.00s Real=0.00s
[81.791s][info][gc,start       ] GC(179) Pause Young (Normal) (G1 Evacuation Pause)
[81.791s][info][gc,task        ] GC(179) Using 6 workers of 33 for evacuation
[81.793s][info][gc,phases      ] GC(179)   Pre Evacuate Collection Set: 0.1ms
[81.793s][info][gc,phases      ] GC(179)   Merge Heap Roots: 0.1ms
[81.793s][info][gc,phases      ] GC(179)   Evacuate Collection Set: 1.6ms
[81.793s][info][gc,phases      ] GC(179)   Post Evacuate Collection Set: 0.3ms
[81.793s][info][gc,phases      ] GC(179)   Other: 0.1ms
[81.793s][info][gc,heap        ] GC(179) Eden regions: 161->0(160)
[81.793s][info][gc,heap        ] GC(179) Survivor regions: 1->2(21)
[81.793s][info][gc,heap        ] GC(179) Old regions: 9->9
[81.793s][info][gc,heap        ] GC(179) Archive regions: 0->0
[81.794s][info][gc,heap        ] GC(179) Humongous regions: 0->0
[81.794s][info][gc,metaspace   ] GC(179) Metaspace: 9873K(10176K)->9873K(10176K) NonClass: 8570K(8768K)->8570K(8768K) Class: 1303K(1408K)->1303K(1408K)
[81.794s][info][gc             ] GC(179) Pause Young (Normal) (G1 Evacuation Pause) 166M->5M(270M) 2.860ms
[81.794s][info][gc,cpu         ] GC(179) User=0.00s Sys=0.00s Real=0.00s
[82.503s][info][gc,start       ] GC(180) Pause Young (Normal) (G1 Evacuation Pause)
[82.503s][info][gc,task        ] GC(180) Using 6 workers of 33 for evacuation
[82.505s][info][gc,phases      ] GC(180)   Pre Evacuate Collection Set: 0.1ms
[82.505s][info][gc,phases      ] GC(180)   Merge Heap Roots: 0.1ms
[82.505s][info][gc,phases      ] GC(180)   Evacuate Collection Set: 1.6ms
[82.505s][info][gc,phases      ] GC(180)   Post Evacuate Collection Set: 0.4ms
[82.505s][info][gc,phases      ] GC(180)   Other: 0.1ms
[82.505s][info][gc,heap        ] GC(180) Eden regions: 160->0(160)
[82.505s][info][gc,heap        ] GC(180) Survivor regions: 2->2(21)
[82.505s][info][gc,heap        ] GC(180) Old regions: 9->9
[82.505s][info][gc,heap        ] GC(180) Archive regions: 0->0
[82.505s][info][gc,heap        ] GC(180) Humongous regions: 0->0
[82.505s][info][gc,metaspace   ] GC(180) Metaspace: 9873K(10176K)->9873K(10176K) NonClass: 8570K(8768K)->8570K(8768K) Class: 1303K(1408K)->1303K(1408K)
[82.505s][info][gc             ] GC(180) Pause Young (Normal) (G1 Evacuation Pause) 165M->5M(270M) 2.785ms
[82.505s][info][gc,cpu         ] GC(180) User=0.00s Sys=0.00s Real=0.00s
[83.210s][info][gc,start       ] GC(181) Pause Young (Normal) (G1 Evacuation Pause)
[83.210s][info][gc,task        ] GC(181) Using 6 workers of 33 for evacuation
[83.212s][info][gc,phases      ] GC(181)   Pre Evacuate Collection Set: 0.1ms
[83.212s][info][gc,phases      ] GC(181)   Merge Heap Roots: 0.1ms
[83.212s][info][gc,phases      ] GC(181)   Evacuate Collection Set: 1.3ms
[83.212s][info][gc,phases      ] GC(181)   Post Evacuate Collection Set: 0.3ms
[83.212s][info][gc,phases      ] GC(181)   Other: 0.1ms
[83.212s][info][gc,heap        ] GC(181) Eden regions: 160->0(160)
[83.212s][info][gc,heap        ] GC(181) Survivor regions: 2->2(21)
[83.212s][info][gc,heap        ] GC(181) Old regions: 9->9
[83.212s][info][gc,heap        ] GC(181) Archive regions: 0->0
[83.212s][info][gc,heap        ] GC(181) Humongous regions: 0->0
[83.212s][info][gc,metaspace   ] GC(181) Metaspace: 9873K(10176K)->9873K(10176K) NonClass: 8570K(8768K)->8570K(8768K) Class: 1303K(1408K)->1303K(1408K)
[83.212s][info][gc             ] GC(181) Pause Young (Normal) (G1 Evacuation Pause) 165M->5M(270M) 2.548ms
[83.212s][info][gc,cpu         ] GC(181) User=0.00s Sys=0.00s Real=0.00s
[83.928s][info][gc,start       ] GC(182) Pause Young (Normal) (G1 Evacuation Pause)
[83.928s][info][gc,task        ] GC(182) Using 6 workers of 33 for evacuation
[83.930s][info][gc,phases      ] GC(182)   Pre Evacuate Collection Set: 0.1ms
[83.930s][info][gc,phases      ] GC(182)   Merge Heap Roots: 0.1ms
[83.931s][info][gc,phases      ] GC(182)   Evacuate Collection Set: 1.3ms
[83.931s][info][gc,phases      ] GC(182)   Post Evacuate Collection Set: 0.3ms
[83.931s][info][gc,phases      ] GC(182)   Other: 0.1ms
[83.931s][info][gc,heap        ] GC(182) Eden regions: 160->0(160)
[83.931s][info][gc,heap        ] GC(182) Survivor regions: 2->2(21)
[83.931s][info][gc,heap        ] GC(182) Old regions: 9->9
[83.931s][info][gc,heap        ] GC(182) Archive regions: 0->0
[83.931s][info][gc,heap        ] GC(182) Humongous regions: 0->0
[83.931s][info][gc,metaspace   ] GC(182) Metaspace: 9873K(10176K)->9873K(10176K) NonClass: 8570K(8768K)->8570K(8768K) Class: 1303K(1408K)->1303K(1408K)
[83.931s][info][gc             ] GC(182) Pause Young (Normal) (G1 Evacuation Pause) 165M->5M(270M) 2.699ms
[83.931s][info][gc,cpu         ] GC(182) User=0.00s Sys=0.00s Real=0.00s
[84.636s][info][gc,start       ] GC(183) Pause Young (Normal) (G1 Evacuation Pause)
[84.637s][info][gc,task        ] GC(183) Using 6 workers of 33 for evacuation
[84.639s][info][gc,phases      ] GC(183)   Pre Evacuate Collection Set: 0.1ms
[84.639s][info][gc,phases      ] GC(183)   Merge Heap Roots: 0.1ms
[84.639s][info][gc,phases      ] GC(183)   Evacuate Collection Set: 1.3ms
[84.639s][info][gc,phases      ] GC(183)   Post Evacuate Collection Set: 0.3ms
[84.639s][info][gc,phases      ] GC(183)   Other: 0.1ms
[84.639s][info][gc,heap        ] GC(183) Eden regions: 160->0(160)
[84.639s][info][gc,heap        ] GC(183) Survivor regions: 2->2(21)
[84.639s][info][gc,heap        ] GC(183) Old regions: 9->9
[84.639s][info][gc,heap        ] GC(183) Archive regions: 0->0
[84.639s][info][gc,heap        ] GC(183) Humongous regions: 0->0
[84.639s][info][gc,metaspace   ] GC(183) Metaspace: 9873K(10176K)->9873K(10176K) NonClass: 8570K(8768K)->8570K(8768K) Class: 1303K(1408K)->1303K(1408K)
[84.639s][info][gc             ] GC(183) Pause Young (Normal) (G1 Evacuation Pause) 165M->5M(270M) 2.503ms
[84.639s][info][gc,cpu         ] GC(183) User=0.09s Sys=0.00s Real=0.02s
[85.340s][info][gc,start       ] GC(184) Pause Young (Normal) (G1 Evacuation Pause)
[85.340s][info][gc,task        ] GC(184) Using 6 workers of 33 for evacuation
[85.342s][info][gc,phases      ] GC(184)   Pre Evacuate Collection Set: 0.1ms
[85.342s][info][gc,phases      ] GC(184)   Merge Heap Roots: 0.1ms
[85.342s][info][gc,phases      ] GC(184)   Evacuate Collection Set: 1.5ms
[85.342s][info][gc,phases      ] GC(184)   Post Evacuate Collection Set: 0.3ms
[85.342s][info][gc,phases      ] GC(184)   Other: 0.1ms
[85.342s][info][gc,heap        ] GC(184) Eden regions: 160->0(160)
[85.342s][info][gc,heap        ] GC(184) Survivor regions: 2->2(21)
[85.342s][info][gc,heap        ] GC(184) Old regions: 9->9
[85.342s][info][gc,heap        ] GC(184) Archive regions: 0->0
[85.342s][info][gc,heap        ] GC(184) Humongous regions: 0->0
[85.342s][info][gc,metaspace   ] GC(184) Metaspace: 9873K(10176K)->9873K(10176K) NonClass: 8570K(8768K)->8570K(8768K) Class: 1303K(1408K)->1303K(1408K)
[85.342s][info][gc             ] GC(184) Pause Young (Normal) (G1 Evacuation Pause) 165M->5M(270M) 2.688ms
[85.342s][info][gc,cpu         ] GC(184) User=0.09s Sys=0.00s Real=0.02s
[86.042s][info][gc,start       ] GC(185) Pause Young (Normal) (G1 Evacuation Pause)
[86.042s][info][gc,task        ] GC(185) Using 6 workers of 33 for evacuation
[86.044s][info][gc,phases      ] GC(185)   Pre Evacuate Collection Set: 0.1ms
[86.044s][info][gc,phases      ] GC(185)   Merge Heap Roots: 0.1ms
[86.044s][info][gc,phases      ] GC(185)   Evacuate Collection Set: 1.4ms
[86.044s][info][gc,phases      ] GC(185)   Post Evacuate Collection Set: 0.4ms
[86.044s][info][gc,phases      ] GC(185)   Other: 0.1ms
[86.044s][info][gc,heap        ] GC(185) Eden regions: 160->0(160)
[86.044s][info][gc,heap        ] GC(185) Survivor regions: 2->2(21)
[86.044s][info][gc,heap        ] GC(185) Old regions: 9->9
[86.044s][info][gc,heap        ] GC(185) Archive regions: 0->0
[86.044s][info][gc,heap        ] GC(185) Humongous regions: 0->0
[86.044s][info][gc,metaspace   ] GC(185) Metaspace: 9873K(10176K)->9873K(10176K) NonClass: 8570K(8768K)->8570K(8768K) Class: 1303K(1408K)->1303K(1408K)
[86.045s][info][gc             ] GC(185) Pause Young (Normal) (G1 Evacuation Pause) 165M->5M(270M) 2.850ms
[86.045s][info][gc,cpu         ] GC(185) User=0.02s Sys=0.00s Real=0.02s
[86.753s][info][gc,start       ] GC(186) Pause Young (Normal) (G1 Evacuation Pause)
[86.754s][info][gc,task        ] GC(186) Using 6 workers of 33 for evacuation
[86.756s][info][gc,phases      ] GC(186)   Pre Evacuate Collection Set: 0.1ms
[86.756s][info][gc,phases      ] GC(186)   Merge Heap Roots: 0.1ms
[86.756s][info][gc,phases      ] GC(186)   Evacuate Collection Set: 1.2ms
[86.756s][info][gc,phases      ] GC(186)   Post Evacuate Collection Set: 0.3ms
[86.756s][info][gc,phases      ] GC(186)   Other: 0.1ms
[86.756s][info][gc,heap        ] GC(186) Eden regions: 160->0(160)
[86.756s][info][gc,heap        ] GC(186) Survivor regions: 2->2(21)
[86.756s][info][gc,heap        ] GC(186) Old regions: 9->9
[86.756s][info][gc,heap        ] GC(186) Archive regions: 0->0
[86.756s][info][gc,heap        ] GC(186) Humongous regions: 0->0
[86.756s][info][gc,metaspace   ] GC(186) Metaspace: 9873K(10176K)->9873K(10176K) NonClass: 8570K(8768K)->8570K(8768K) Class: 1303K(1408K)->1303K(1408K)
[86.756s][info][gc             ] GC(186) Pause Young (Normal) (G1 Evacuation Pause) 165M->5M(270M) 2.530ms
[86.756s][info][gc,cpu         ] GC(186) User=0.00s Sys=0.00s Real=0.00s
[87.454s][info][gc,start       ] GC(187) Pause Young (Normal) (G1 Evacuation Pause)
[87.454s][info][gc,task        ] GC(187) Using 6 workers of 33 for evacuation
[87.456s][info][gc,phases      ] GC(187)   Pre Evacuate Collection Set: 0.1ms
[87.456s][info][gc,phases      ] GC(187)   Merge Heap Roots: 0.1ms
[87.456s][info][gc,phases      ] GC(187)   Evacuate Collection Set: 1.5ms
[87.456s][info][gc,phases      ] GC(187)   Post Evacuate Collection Set: 0.3ms
[87.456s][info][gc,phases      ] GC(187)   Other: 0.1ms
[87.456s][info][gc,heap        ] GC(187) Eden regions: 160->0(160)
[87.456s][info][gc,heap        ] GC(187) Survivor regions: 2->2(21)
[87.456s][info][gc,heap        ] GC(187) Old regions: 9->9
[87.456s][info][gc,heap        ] GC(187) Archive regions: 0->0
[87.456s][info][gc,heap        ] GC(187) Humongous regions: 0->0
[87.456s][info][gc,metaspace   ] GC(187) Metaspace: 9873K(10176K)->9873K(10176K) NonClass: 8570K(8768K)->8570K(8768K) Class: 1303K(1408K)->1303K(1408K)
[87.456s][info][gc             ] GC(187) Pause Young (Normal) (G1 Evacuation Pause) 165M->5M(270M) 2.684ms
[87.456s][info][gc,cpu         ] GC(187) User=0.00s Sys=0.00s Real=0.00s
[87.835s][info][gc,start       ] GC(188) Pause Full (System.gc())
[87.836s][info][gc,task        ] GC(188) Using 6 workers of 33 for full compaction
[87.836s][info][gc,phases,start] GC(188) Phase 1: Mark live objects
[87.842s][info][gc,phases      ] GC(188) Phase 1: Mark live objects 5.668ms
[87.842s][info][gc,phases,start] GC(188) Phase 2: Prepare compaction
[87.843s][info][gc,phases      ] GC(188) Phase 2: Prepare compaction 1.223ms
[87.843s][info][gc,phases,start] GC(188) Phase 3: Adjust pointers
[87.847s][info][gc,phases      ] GC(188) Phase 3: Adjust pointers 3.760ms
[87.847s][info][gc,phases,start] GC(188) Phase 4: Compact heap
[87.847s][info][gc,phases      ] GC(188) Phase 4: Compact heap 0.583ms
[87.852s][info][gc,heap        ] GC(188) Eden regions: 86->0(16)
[87.852s][info][gc,heap        ] GC(188) Survivor regions: 2->0(21)
[87.852s][info][gc,heap        ] GC(188) Old regions: 9->8
[87.852s][info][gc,heap        ] GC(188) Archive regions: 0->0
[87.852s][info][gc,heap        ] GC(188) Humongous regions: 0->0
[87.852s][info][gc,metaspace   ] GC(188) Metaspace: 9875K(10176K)->9875K(10176K) NonClass: 8572K(8768K)->8572K(8768K) Class: 1303K(1408K)->1303K(1408K)
[87.852s][info][gc             ] GC(188) Pause Full (System.gc()) 91M->3M(27M) 16.772ms
[87.852s][info][gc,cpu         ] GC(188) User=0.02s Sys=0.00s Real=0.02s
[87.920s][info][gc,start       ] GC(189) Pause Young (Normal) (G1 Evacuation Pause)
[87.920s][info][gc,task        ] GC(189) Using 4 workers of 33 for evacuation
[87.922s][info][gc,phases      ] GC(189)   Pre Evacuate Collection Set: 0.1ms
[87.922s][info][gc,phases      ] GC(189)   Merge Heap Roots: 0.0ms
[87.922s][info][gc,phases      ] GC(189)   Evacuate Collection Set: 2.0ms
[87.922s][info][gc,phases      ] GC(189)   Post Evacuate Collection Set: 0.2ms
[87.922s][info][gc,phases      ] GC(189)   Other: 0.1ms
[87.922s][info][gc,heap        ] GC(189) Eden regions: 16->0(13)
[87.922s][info][gc,heap        ] GC(189) Survivor regions: 0->2(2)
[87.922s][info][gc,heap        ] GC(189) Old regions: 8->8
[87.922s][info][gc,heap        ] GC(189) Archive regions: 0->0
[87.922s][info][gc,heap        ] GC(189) Humongous regions: 0->0
[87.922s][info][gc,metaspace   ] GC(189) Metaspace: 9876K(10176K)->9876K(10176K) NonClass: 8572K(8768K)->8572K(8768K) Class: 1303K(1408K)->1303K(1408K)
[87.923s][info][gc             ] GC(189) Pause Young (Normal) (G1 Evacuation Pause) 19M->5M(27M) 2.929ms
[87.923s][info][gc,cpu         ] GC(189) User=0.00s Sys=0.00s Real=0.00s
[87.976s][info][gc,start       ] GC(190) Pause Young (Normal) (G1 Evacuation Pause)
[87.976s][info][gc,task        ] GC(190) Using 3 workers of 33 for evacuation
[87.979s][info][gc,phases      ] GC(190)   Pre Evacuate Collection Set: 0.1ms
[87.979s][info][gc,phases      ] GC(190)   Merge Heap Roots: 0.0ms
[87.979s][info][gc,phases      ] GC(190)   Evacuate Collection Set: 2.6ms
[87.979s][info][gc,phases      ] GC(190)   Post Evacuate Collection Set: 0.2ms
[87.979s][info][gc,phases      ] GC(190)   Other: 0.1ms
[87.979s][info][gc,heap        ] GC(190) Eden regions: 13->0(14)
[87.980s][info][gc,heap        ] GC(190) Survivor regions: 2->1(2)
[87.980s][info][gc,heap        ] GC(190) Old regions: 8->9
[87.980s][info][gc,heap        ] GC(190) Archive regions: 0->0
[87.980s][info][gc,heap        ] GC(190) Humongous regions: 0->0
[87.980s][info][gc,metaspace   ] GC(190) Metaspace: 9876K(10176K)->9876K(10176K) NonClass: 8572K(8768K)->8572K(8768K) Class: 1303K(1408K)->1303K(1408K)
[87.980s][info][gc             ] GC(190) Pause Young (Normal) (G1 Evacuation Pause) 18M->5M(27M) 3.515ms
[87.980s][info][gc,cpu         ] GC(190) User=0.00s Sys=0.00s Real=0.00s
[88.040s][info][gc,start       ] GC(191) Pause Young (Normal) (G1 Evacuation Pause)
[88.040s][info][gc,task        ] GC(191) Using 2 workers of 33 for evacuation
[88.043s][info][gc,phases      ] GC(191)   Pre Evacuate Collection Set: 0.1ms
[88.043s][info][gc,phases      ] GC(191)   Merge Heap Roots: 0.0ms
[88.043s][info][gc,phases      ] GC(191)   Evacuate Collection Set: 2.8ms
[88.043s][info][gc,phases      ] GC(191)   Post Evacuate Collection Set: 0.2ms
[88.043s][info][gc,phases      ] GC(191)   Other: 0.1ms
[88.043s][info][gc,heap        ] GC(191) Eden regions: 14->0(14)
[88.043s][info][gc,heap        ] GC(191) Survivor regions: 1->1(2)
[88.043s][info][gc,heap        ] GC(191) Old regions: 9->9
[88.043s][info][gc,heap        ] GC(191) Archive regions: 0->0
[88.043s][info][gc,heap        ] GC(191) Humongous regions: 0->0
[88.043s][info][gc,metaspace   ] GC(191) Metaspace: 9876K(10176K)->9876K(10176K) NonClass: 8572K(8768K)->8572K(8768K) Class: 1303K(1408K)->1303K(1408K)
[88.043s][info][gc             ] GC(191) Pause Young (Normal) (G1 Evacuation Pause) 19M->5M(27M) 3.672ms
[88.044s][info][gc,cpu         ] GC(191) User=0.00s Sys=0.02s Real=0.02s
[88.105s][info][gc,start       ] GC(192) Pause Young (Normal) (G1 Evacuation Pause)
[88.105s][info][gc,task        ] GC(192) Using 2 workers of 33 for evacuation
[88.108s][info][gc,phases      ] GC(192)   Pre Evacuate Collection Set: 0.1ms
[88.108s][info][gc,phases      ] GC(192)   Merge Heap Roots: 0.1ms
[88.108s][info][gc,phases      ] GC(192)   Evacuate Collection Set: 2.7ms
[88.108s][info][gc,phases      ] GC(192)   Post Evacuate Collection Set: 0.2ms
[88.108s][info][gc,phases      ] GC(192)   Other: 0.1ms
[88.108s][info][gc,heap        ] GC(192) Eden regions: 14->0(14)
[88.108s][info][gc,heap        ] GC(192) Survivor regions: 1->1(2)
[88.108s][info][gc,heap        ] GC(192) Old regions: 9->9
[88.108s][info][gc,heap        ] GC(192) Archive regions: 0->0
[88.108s][info][gc,heap        ] GC(192) Humongous regions: 0->0
[88.108s][info][gc,metaspace   ] GC(192) Metaspace: 9876K(10176K)->9876K(10176K) NonClass: 8572K(8768K)->8572K(8768K) Class: 1303K(1408K)->1303K(1408K)
[88.108s][info][gc             ] GC(192) Pause Young (Normal) (G1 Evacuation Pause) 19M->5M(27M) 3.664ms
[88.108s][info][gc,cpu         ] GC(192) User=0.03s Sys=0.00s Real=0.02s
[88.164s][info][gc,start       ] GC(193) Pause Young (Normal) (G1 Evacuation Pause)
[88.165s][info][gc,task        ] GC(193) Using 2 workers of 33 for evacuation
[88.168s][info][gc,phases      ] GC(193)   Pre Evacuate Collection Set: 0.1ms
[88.168s][info][gc,phases      ] GC(193)   Merge Heap Roots: 0.1ms
[88.168s][info][gc,phases      ] GC(193)   Evacuate Collection Set: 2.8ms
[88.168s][info][gc,phases      ] GC(193)   Post Evacuate Collection Set: 0.2ms
[88.168s][info][gc,phases      ] GC(193)   Other: 0.1ms
[88.168s][info][gc,heap        ] GC(193) Eden regions: 14->0(14)
[88.168s][info][gc,heap        ] GC(193) Survivor regions: 1->1(2)
[88.168s][info][gc,heap        ] GC(193) Old regions: 9->9
[88.168s][info][gc,heap        ] GC(193) Archive regions: 0->0
[88.168s][info][gc,heap        ] GC(193) Humongous regions: 0->0
[88.168s][info][gc,metaspace   ] GC(193) Metaspace: 9876K(10176K)->9876K(10176K) NonClass: 8572K(8768K)->8572K(8768K) Class: 1303K(1408K)->1303K(1408K)
[88.168s][info][gc             ] GC(193) Pause Young (Normal) (G1 Evacuation Pause) 19M->5M(27M) 3.754ms
[88.168s][info][gc,cpu         ] GC(193) User=0.00s Sys=0.00s Real=0.02s
[88.227s][info][gc,start       ] GC(194) Pause Young (Normal) (G1 Evacuation Pause)
[88.227s][info][gc,task        ] GC(194) Using 2 workers of 33 for evacuation
[88.234s][info][gc,phases      ] GC(194)   Pre Evacuate Collection Set: 0.1ms
[88.234s][info][gc,phases      ] GC(194)   Merge Heap Roots: 0.0ms
[88.234s][info][gc,phases      ] GC(194)   Evacuate Collection Set: 3.0ms
[88.234s][info][gc,phases      ] GC(194)   Post Evacuate Collection Set: 3.8ms
[88.234s][info][gc,phases      ] GC(194)   Other: 0.1ms
[88.234s][info][gc,heap        ] GC(194) Eden regions: 14->0(160)
[88.234s][info][gc,heap        ] GC(194) Survivor regions: 1->2(2)
[88.234s][info][gc,heap        ] GC(194) Old regions: 9->9
[88.234s][info][gc,heap        ] GC(194) Archive regions: 0->0
[88.234s][info][gc,heap        ] GC(194) Humongous regions: 0->0
[88.234s][info][gc,metaspace   ] GC(194) Metaspace: 9876K(10176K)->9876K(10176K) NonClass: 8572K(8768K)->8572K(8768K) Class: 1303K(1408K)->1303K(1408K)
[88.234s][info][gc             ] GC(194) Pause Young (Normal) (G1 Evacuation Pause) 19M->5M(270M) 7.505ms
[88.234s][info][gc,cpu         ] GC(194) User=0.00s Sys=0.02s Real=0.02s
[88.963s][info][gc,start       ] GC(195) Pause Young (Normal) (G1 Evacuation Pause)
[88.964s][info][gc,task        ] GC(195) Using 6 workers of 33 for evacuation
[88.966s][info][gc,phases      ] GC(195)   Pre Evacuate Collection Set: 0.1ms
[88.966s][info][gc,phases      ] GC(195)   Merge Heap Roots: 0.1ms
[88.966s][info][gc,phases      ] GC(195)   Evacuate Collection Set: 1.8ms
[88.966s][info][gc,phases      ] GC(195)   Post Evacuate Collection Set: 0.3ms
[88.966s][info][gc,phases      ] GC(195)   Other: 0.1ms
[88.966s][info][gc,heap        ] GC(195) Eden regions: 160->0(160)
[88.966s][info][gc,heap        ] GC(195) Survivor regions: 2->2(21)
[88.966s][info][gc,heap        ] GC(195) Old regions: 9->9
[88.966s][info][gc,heap        ] GC(195) Archive regions: 0->0
[88.966s][info][gc,heap        ] GC(195) Humongous regions: 0->0
[88.966s][info][gc,metaspace   ] GC(195) Metaspace: 9876K(10176K)->9876K(10176K) NonClass: 8572K(8768K)->8572K(8768K) Class: 1303K(1408K)->1303K(1408K)
[88.966s][info][gc             ] GC(195) Pause Young (Normal) (G1 Evacuation Pause) 165M->6M(270M) 3.011ms
[88.966s][info][gc,cpu         ] GC(195) User=0.00s Sys=0.00s Real=0.02s
[89.679s][info][gc,start       ] GC(196) Pause Young (Normal) (G1 Evacuation Pause)
[89.679s][info][gc,task        ] GC(196) Using 6 workers of 33 for evacuation
[89.681s][info][gc,phases      ] GC(196)   Pre Evacuate Collection Set: 0.1ms
[89.682s][info][gc,phases      ] GC(196)   Merge Heap Roots: 0.1ms
[89.682s][info][gc,phases      ] GC(196)   Evacuate Collection Set: 1.5ms
[89.682s][info][gc,phases      ] GC(196)   Post Evacuate Collection Set: 0.3ms
[89.682s][info][gc,phases      ] GC(196)   Other: 0.1ms
[89.682s][info][gc,heap        ] GC(196) Eden regions: 160->0(160)
[89.682s][info][gc,heap        ] GC(196) Survivor regions: 2->2(21)
[89.682s][info][gc,heap        ] GC(196) Old regions: 9->9
[89.682s][info][gc,heap        ] GC(196) Archive regions: 0->0
[89.682s][info][gc,heap        ] GC(196) Humongous regions: 0->0
[89.682s][info][gc,metaspace   ] GC(196) Metaspace: 9876K(10176K)->9876K(10176K) NonClass: 8572K(8768K)->8572K(8768K) Class: 1303K(1408K)->1303K(1408K)
[89.682s][info][gc             ] GC(196) Pause Young (Normal) (G1 Evacuation Pause) 166M->6M(270M) 2.711ms
[89.682s][info][gc,cpu         ] GC(196) User=0.00s Sys=0.00s Real=0.00s
[90.373s][info][gc,start       ] GC(197) Pause Young (Normal) (G1 Evacuation Pause)
[90.373s][info][gc,task        ] GC(197) Using 6 workers of 33 for evacuation
[90.375s][info][gc,phases      ] GC(197)   Pre Evacuate Collection Set: 0.1ms
[90.375s][info][gc,phases      ] GC(197)   Merge Heap Roots: 0.1ms
[90.375s][info][gc,phases      ] GC(197)   Evacuate Collection Set: 1.3ms
[90.375s][info][gc,phases      ] GC(197)   Post Evacuate Collection Set: 0.3ms
[90.375s][info][gc,phases      ] GC(197)   Other: 0.1ms
[90.375s][info][gc,heap        ] GC(197) Eden regions: 160->0(160)
[90.375s][info][gc,heap        ] GC(197) Survivor regions: 2->2(21)
[90.375s][info][gc,heap        ] GC(197) Old regions: 9->9
[90.375s][info][gc,heap        ] GC(197) Archive regions: 0->0
[90.375s][info][gc,heap        ] GC(197) Humongous regions: 0->0
[90.375s][info][gc,metaspace   ] GC(197) Metaspace: 9876K(10176K)->9876K(10176K) NonClass: 8572K(8768K)->8572K(8768K) Class: 1303K(1408K)->1303K(1408K)
[90.375s][info][gc             ] GC(197) Pause Young (Normal) (G1 Evacuation Pause) 166M->6M(270M) 2.480ms
[90.375s][info][gc,cpu         ] GC(197) User=0.00s Sys=0.00s Real=0.00s
[91.088s][info][gc,start       ] GC(198) Pause Young (Normal) (G1 Evacuation Pause)
[91.088s][info][gc,task        ] GC(198) Using 6 workers of 33 for evacuation
[91.090s][info][gc,phases      ] GC(198)   Pre Evacuate Collection Set: 0.1ms
[91.090s][info][gc,phases      ] GC(198)   Merge Heap Roots: 0.1ms
[91.090s][info][gc,phases      ] GC(198)   Evacuate Collection Set: 1.4ms
[91.090s][info][gc,phases      ] GC(198)   Post Evacuate Collection Set: 0.3ms
[91.090s][info][gc,phases      ] GC(198)   Other: 0.1ms
[91.090s][info][gc,heap        ] GC(198) Eden regions: 160->0(160)
[91.090s][info][gc,heap        ] GC(198) Survivor regions: 2->2(21)
[91.090s][info][gc,heap        ] GC(198) Old regions: 9->9
[91.090s][info][gc,heap        ] GC(198) Archive regions: 0->0
[91.090s][info][gc,heap        ] GC(198) Humongous regions: 0->0
[91.090s][info][gc,metaspace   ] GC(198) Metaspace: 9876K(10176K)->9876K(10176K) NonClass: 8572K(8768K)->8572K(8768K) Class: 1303K(1408K)->1303K(1408K)
[91.090s][info][gc             ] GC(198) Pause Young (Normal) (G1 Evacuation Pause) 166M->5M(270M) 2.582ms
[91.091s][info][gc,cpu         ] GC(198) User=0.00s Sys=0.00s Real=0.00s
[91.777s][info][gc,start       ] GC(199) Pause Young (Normal) (G1 Evacuation Pause)
[91.778s][info][gc,task        ] GC(199) Using 6 workers of 33 for evacuation
[91.780s][info][gc,phases      ] GC(199)   Pre Evacuate Collection Set: 0.1ms
[91.780s][info][gc,phases      ] GC(199)   Merge Heap Roots: 0.1ms
[91.780s][info][gc,phases      ] GC(199)   Evacuate Collection Set: 1.2ms
[91.780s][info][gc,phases      ] GC(199)   Post Evacuate Collection Set: 0.3ms
[91.780s][info][gc,phases      ] GC(199)   Other: 0.1ms
[91.780s][info][gc,heap        ] GC(199) Eden regions: 160->0(160)
[91.780s][info][gc,heap        ] GC(199) Survivor regions: 2->2(21)
[91.780s][info][gc,heap        ] GC(199) Old regions: 9->9
[91.780s][info][gc,heap        ] GC(199) Archive regions: 0->0
[91.780s][info][gc,heap        ] GC(199) Humongous regions: 0->0
[91.780s][info][gc,metaspace   ] GC(199) Metaspace: 9876K(10176K)->9876K(10176K) NonClass: 8572K(8768K)->8572K(8768K) Class: 1303K(1408K)->1303K(1408K)
[91.780s][info][gc             ] GC(199) Pause Young (Normal) (G1 Evacuation Pause) 165M->5M(270M) 3.200ms
[91.780s][info][gc,cpu         ] GC(199) User=0.09s Sys=0.00s Real=0.02s
[92.512s][info][gc,start       ] GC(200) Pause Young (Normal) (G1 Evacuation Pause)
[92.512s][info][gc,task        ] GC(200) Using 6 workers of 33 for evacuation
[92.514s][info][gc,phases      ] GC(200)   Pre Evacuate Collection Set: 0.1ms
[92.514s][info][gc,phases      ] GC(200)   Merge Heap Roots: 0.1ms
[92.514s][info][gc,phases      ] GC(200)   Evacuate Collection Set: 1.2ms
[92.514s][info][gc,phases      ] GC(200)   Post Evacuate Collection Set: 0.3ms
[92.514s][info][gc,phases      ] GC(200)   Other: 0.1ms
[92.514s][info][gc,heap        ] GC(200) Eden regions: 160->0(160)
[92.514s][info][gc,heap        ] GC(200) Survivor regions: 2->2(21)
[92.514s][info][gc,heap        ] GC(200) Old regions: 9->9
[92.514s][info][gc,heap        ] GC(200) Archive regions: 0->0
[92.514s][info][gc,heap        ] GC(200) Humongous regions: 0->0
[92.514s][info][gc,metaspace   ] GC(200) Metaspace: 9876K(10176K)->9876K(10176K) NonClass: 8572K(8768K)->8572K(8768K) Class: 1303K(1408K)->1303K(1408K)
[92.514s][info][gc             ] GC(200) Pause Young (Normal) (G1 Evacuation Pause) 165M->5M(270M) 2.465ms
[92.514s][info][gc,cpu         ] GC(200) User=0.09s Sys=0.00s Real=0.02s
[93.227s][info][gc,start       ] GC(201) Pause Young (Normal) (G1 Evacuation Pause)
[93.227s][info][gc,task        ] GC(201) Using 6 workers of 33 for evacuation
[93.229s][info][gc,phases      ] GC(201)   Pre Evacuate Collection Set: 0.1ms
[93.229s][info][gc,phases      ] GC(201)   Merge Heap Roots: 0.1ms
[93.229s][info][gc,phases      ] GC(201)   Evacuate Collection Set: 1.4ms
[93.229s][info][gc,phases      ] GC(201)   Post Evacuate Collection Set: 0.3ms
[93.229s][info][gc,phases      ] GC(201)   Other: 0.1ms
[93.229s][info][gc,heap        ] GC(201) Eden regions: 160->0(160)
[93.229s][info][gc,heap        ] GC(201) Survivor regions: 2->2(21)
[93.229s][info][gc,heap        ] GC(201) Old regions: 9->9
[93.229s][info][gc,heap        ] GC(201) Archive regions: 0->0
[93.229s][info][gc,heap        ] GC(201) Humongous regions: 0->0
[93.229s][info][gc,metaspace   ] GC(201) Metaspace: 9876K(10176K)->9876K(10176K) NonClass: 8572K(8768K)->8572K(8768K) Class: 1303K(1408K)->1303K(1408K)
[93.230s][info][gc             ] GC(201) Pause Young (Normal) (G1 Evacuation Pause) 165M->5M(270M) 2.588ms
[93.230s][info][gc,cpu         ] GC(201) User=0.00s Sys=0.00s Real=0.00s
[93.929s][info][gc,start       ] GC(202) Pause Young (Normal) (G1 Evacuation Pause)
[93.929s][info][gc,task        ] GC(202) Using 6 workers of 33 for evacuation
[93.931s][info][gc,phases      ] GC(202)   Pre Evacuate Collection Set: 0.1ms
[93.931s][info][gc,phases      ] GC(202)   Merge Heap Roots: 0.1ms
[93.931s][info][gc,phases      ] GC(202)   Evacuate Collection Set: 1.3ms
[93.931s][info][gc,phases      ] GC(202)   Post Evacuate Collection Set: 0.4ms
[93.931s][info][gc,phases      ] GC(202)   Other: 0.1ms
[93.931s][info][gc,heap        ] GC(202) Eden regions: 160->0(160)
[93.931s][info][gc,heap        ] GC(202) Survivor regions: 2->2(21)
[93.931s][info][gc,heap        ] GC(202) Old regions: 9->9
[93.931s][info][gc,heap        ] GC(202) Archive regions: 0->0
[93.931s][info][gc,heap        ] GC(202) Humongous regions: 0->0
[93.931s][info][gc,metaspace   ] GC(202) Metaspace: 9876K(10176K)->9876K(10176K) NonClass: 8572K(8768K)->8572K(8768K) Class: 1303K(1408K)->1303K(1408K)
[93.931s][info][gc             ] GC(202) Pause Young (Normal) (G1 Evacuation Pause) 165M->5M(270M) 2.547ms
[93.931s][info][gc,cpu         ] GC(202) User=0.00s Sys=0.00s Real=0.00s
[94.630s][info][gc,start       ] GC(203) Pause Young (Normal) (G1 Evacuation Pause)
[94.630s][info][gc,task        ] GC(203) Using 6 workers of 33 for evacuation
[94.632s][info][gc,phases      ] GC(203)   Pre Evacuate Collection Set: 0.1ms
[94.632s][info][gc,phases      ] GC(203)   Merge Heap Roots: 0.1ms
[94.632s][info][gc,phases      ] GC(203)   Evacuate Collection Set: 1.3ms
[94.632s][info][gc,phases      ] GC(203)   Post Evacuate Collection Set: 0.4ms
[94.633s][info][gc,phases      ] GC(203)   Other: 0.1ms
[94.633s][info][gc,heap        ] GC(203) Eden regions: 160->0(160)
[94.633s][info][gc,heap        ] GC(203) Survivor regions: 2->2(21)
[94.633s][info][gc,heap        ] GC(203) Old regions: 9->9
[94.633s][info][gc,heap        ] GC(203) Archive regions: 0->0
[94.633s][info][gc,heap        ] GC(203) Humongous regions: 0->0
[94.633s][info][gc,metaspace   ] GC(203) Metaspace: 9876K(10176K)->9876K(10176K) NonClass: 8572K(8768K)->8572K(8768K) Class: 1303K(1408K)->1303K(1408K)
[94.633s][info][gc             ] GC(203) Pause Young (Normal) (G1 Evacuation Pause) 165M->5M(270M) 2.497ms
[94.633s][info][gc,cpu         ] GC(203) User=0.00s Sys=0.00s Real=0.00s
[95.024s][info][gc,start       ] GC(204) Pause Full (System.gc())
[95.024s][info][gc,task        ] GC(204) Using 6 workers of 33 for full compaction
[95.025s][info][gc,phases,start] GC(204) Phase 1: Mark live objects
[95.030s][info][gc,phases      ] GC(204) Phase 1: Mark live objects 5.592ms
[95.030s][info][gc,phases,start] GC(204) Phase 2: Prepare compaction
[95.032s][info][gc,phases      ] GC(204) Phase 2: Prepare compaction 1.207ms
[95.032s][info][gc,phases,start] GC(204) Phase 3: Adjust pointers
[95.035s][info][gc,phases      ] GC(204) Phase 3: Adjust pointers 3.681ms
[95.035s][info][gc,phases,start] GC(204) Phase 4: Compact heap
[95.036s][info][gc,phases      ] GC(204) Phase 4: Compact heap 0.586ms
[95.040s][info][gc,heap        ] GC(204) Eden regions: 88->0(16)
[95.040s][info][gc,heap        ] GC(204) Survivor regions: 2->0(21)
[95.040s][info][gc,heap        ] GC(204) Old regions: 9->8
[95.041s][info][gc,heap        ] GC(204) Archive regions: 0->0
[95.041s][info][gc,heap        ] GC(204) Humongous regions: 0->0
[95.041s][info][gc,metaspace   ] GC(204) Metaspace: 9878K(10176K)->9878K(10176K) NonClass: 8575K(8768K)->8575K(8768K) Class: 1303K(1408K)->1303K(1408K)
[95.041s][info][gc             ] GC(204) Pause Full (System.gc()) 93M->3M(27M) 16.368ms
[95.041s][info][gc,cpu         ] GC(204) User=0.09s Sys=0.00s Real=0.02s
[95.115s][info][gc,start       ] GC(205) Pause Young (Normal) (G1 Evacuation Pause)
[95.115s][info][gc,task        ] GC(205) Using 4 workers of 33 for evacuation
[95.117s][info][gc,phases      ] GC(205)   Pre Evacuate Collection Set: 0.1ms
[95.117s][info][gc,phases      ] GC(205)   Merge Heap Roots: 0.1ms
[95.118s][info][gc,phases      ] GC(205)   Evacuate Collection Set: 1.9ms
[95.118s][info][gc,phases      ] GC(205)   Post Evacuate Collection Set: 0.2ms
[95.118s][info][gc,phases      ] GC(205)   Other: 0.1ms
[95.118s][info][gc,heap        ] GC(205) Eden regions: 16->0(13)
[95.118s][info][gc,heap        ] GC(205) Survivor regions: 0->2(2)
[95.118s][info][gc,heap        ] GC(205) Old regions: 8->8
[95.118s][info][gc,heap        ] GC(205) Archive regions: 0->0
[95.118s][info][gc,heap        ] GC(205) Humongous regions: 0->0
[95.118s][info][gc,metaspace   ] GC(205) Metaspace: 9884K(10240K)->9884K(10240K) NonClass: 8581K(8832K)->8581K(8832K) Class: 1303K(1408K)->1303K(1408K)
[95.118s][info][gc             ] GC(205) Pause Young (Normal) (G1 Evacuation Pause) 19M->5M(27M) 2.883ms
[95.118s][info][gc,cpu         ] GC(205) User=0.00s Sys=0.00s Real=0.00s
[95.194s][info][gc,start       ] GC(206) Pause Young (Normal) (G1 Evacuation Pause)
[95.195s][info][gc,task        ] GC(206) Using 3 workers of 33 for evacuation
[95.198s][info][gc,phases      ] GC(206)   Pre Evacuate Collection Set: 0.1ms
[95.198s][info][gc,phases      ] GC(206)   Merge Heap Roots: 0.0ms
[95.198s][info][gc,phases      ] GC(206)   Evacuate Collection Set: 2.6ms
[95.198s][info][gc,phases      ] GC(206)   Post Evacuate Collection Set: 0.2ms
[95.198s][info][gc,phases      ] GC(206)   Other: 0.1ms
[95.198s][info][gc,heap        ] GC(206) Eden regions: 13->0(14)
[95.198s][info][gc,heap        ] GC(206) Survivor regions: 2->1(2)
[95.198s][info][gc,heap        ] GC(206) Old regions: 8->9
[95.198s][info][gc,heap        ] GC(206) Archive regions: 0->0
[95.198s][info][gc,heap        ] GC(206) Humongous regions: 0->0
[95.198s][info][gc,metaspace   ] GC(206) Metaspace: 9884K(10240K)->9884K(10240K) NonClass: 8581K(8832K)->8581K(8832K) Class: 1303K(1408K)->1303K(1408K)
[95.198s][info][gc             ] GC(206) Pause Young (Normal) (G1 Evacuation Pause) 18M->5M(27M) 3.325ms
[95.198s][info][gc,cpu         ] GC(206) User=0.00s Sys=0.00s Real=0.00s
[95.255s][info][gc,start       ] GC(207) Pause Young (Normal) (G1 Evacuation Pause)
[95.255s][info][gc,task        ] GC(207) Using 2 workers of 33 for evacuation
[95.258s][info][gc,phases      ] GC(207)   Pre Evacuate Collection Set: 0.1ms
[95.258s][info][gc,phases      ] GC(207)   Merge Heap Roots: 0.0ms
[95.258s][info][gc,phases      ] GC(207)   Evacuate Collection Set: 2.7ms
[95.258s][info][gc,phases      ] GC(207)   Post Evacuate Collection Set: 0.2ms
[95.258s][info][gc,phases      ] GC(207)   Other: 0.1ms
[95.258s][info][gc,heap        ] GC(207) Eden regions: 14->0(14)
[95.258s][info][gc,heap        ] GC(207) Survivor regions: 1->1(2)
[95.258s][info][gc,heap        ] GC(207) Old regions: 9->9
[95.258s][info][gc,heap        ] GC(207) Archive regions: 0->0
[95.258s][info][gc,heap        ] GC(207) Humongous regions: 0->0
[95.258s][info][gc,metaspace   ] GC(207) Metaspace: 9884K(10240K)->9884K(10240K) NonClass: 8581K(8832K)->8581K(8832K) Class: 1303K(1408K)->1303K(1408K)
[95.258s][info][gc             ] GC(207) Pause Young (Normal) (G1 Evacuation Pause) 19M->5M(27M) 3.587ms
[95.258s][info][gc,cpu         ] GC(207) User=0.00s Sys=0.00s Real=0.00s
[95.313s][info][gc,start       ] GC(208) Pause Young (Normal) (G1 Evacuation Pause)
[95.313s][info][gc,task        ] GC(208) Using 2 workers of 33 for evacuation
[95.317s][info][gc,phases      ] GC(208)   Pre Evacuate Collection Set: 0.1ms
[95.317s][info][gc,phases      ] GC(208)   Merge Heap Roots: 0.1ms
[95.317s][info][gc,phases      ] GC(208)   Evacuate Collection Set: 3.1ms
[95.317s][info][gc,phases      ] GC(208)   Post Evacuate Collection Set: 0.2ms
[95.317s][info][gc,phases      ] GC(208)   Other: 0.1ms
[95.317s][info][gc,heap        ] GC(208) Eden regions: 14->0(14)
[95.317s][info][gc,heap        ] GC(208) Survivor regions: 1->1(2)
[95.317s][info][gc,heap        ] GC(208) Old regions: 9->9
[95.317s][info][gc,heap        ] GC(208) Archive regions: 0->0
[95.317s][info][gc,heap        ] GC(208) Humongous regions: 0->0
[95.317s][info][gc,metaspace   ] GC(208) Metaspace: 9884K(10240K)->9884K(10240K) NonClass: 8581K(8832K)->8581K(8832K) Class: 1303K(1408K)->1303K(1408K)
[95.317s][info][gc             ] GC(208) Pause Young (Normal) (G1 Evacuation Pause) 19M->5M(27M) 3.996ms
[95.317s][info][gc,cpu         ] GC(208) User=0.02s Sys=0.00s Real=0.02s
[95.380s][info][gc,start       ] GC(209) Pause Young (Normal) (G1 Evacuation Pause)
[95.380s][info][gc,task        ] GC(209) Using 2 workers of 33 for evacuation
[95.383s][info][gc,phases      ] GC(209)   Pre Evacuate Collection Set: 0.1ms
[95.383s][info][gc,phases      ] GC(209)   Merge Heap Roots: 0.1ms
[95.383s][info][gc,phases      ] GC(209)   Evacuate Collection Set: 3.0ms
[95.383s][info][gc,phases      ] GC(209)   Post Evacuate Collection Set: 0.2ms
[95.383s][info][gc,phases      ] GC(209)   Other: 0.1ms
[95.383s][info][gc,heap        ] GC(209) Eden regions: 14->0(12)
[95.383s][info][gc,heap        ] GC(209) Survivor regions: 1->2(2)
[95.383s][info][gc,heap        ] GC(209) Old regions: 9->9
[95.383s][info][gc,heap        ] GC(209) Archive regions: 0->0
[95.383s][info][gc,heap        ] GC(209) Humongous regions: 0->0
[95.383s][info][gc,metaspace   ] GC(209) Metaspace: 9884K(10240K)->9884K(10240K) NonClass: 8581K(8832K)->8581K(8832K) Class: 1303K(1408K)->1303K(1408K)
[95.383s][info][gc             ] GC(209) Pause Young (Normal) (G1 Evacuation Pause) 19M->5M(27M) 3.957ms
[95.384s][info][gc,cpu         ] GC(209) User=0.00s Sys=0.00s Real=0.00s
[95.438s][info][gc,start       ] GC(210) Pause Young (Normal) (G1 Evacuation Pause)
[95.438s][info][gc,task        ] GC(210) Using 2 workers of 33 for evacuation
[95.445s][info][gc,phases      ] GC(210)   Pre Evacuate Collection Set: 0.1ms
[95.445s][info][gc,phases      ] GC(210)   Merge Heap Roots: 0.0ms
[95.445s][info][gc,phases      ] GC(210)   Evacuate Collection Set: 2.4ms
[95.445s][info][gc,phases      ] GC(210)   Post Evacuate Collection Set: 3.8ms
[95.445s][info][gc,phases      ] GC(210)   Other: 0.1ms
[95.445s][info][gc,heap        ] GC(210) Eden regions: 12->0(161)
[95.445s][info][gc,heap        ] GC(210) Survivor regions: 2->1(2)
[95.445s][info][gc,heap        ] GC(210) Old regions: 9->9
[95.445s][info][gc,heap        ] GC(210) Archive regions: 0->0
[95.445s][info][gc,heap        ] GC(210) Humongous regions: 0->0
[95.445s][info][gc,metaspace   ] GC(210) Metaspace: 9884K(10240K)->9884K(10240K) NonClass: 8581K(8832K)->8581K(8832K) Class: 1303K(1408K)->1303K(1408K)
[95.445s][info][gc             ] GC(210) Pause Young (Normal) (G1 Evacuation Pause) 17M->5M(270M) 6.975ms
[95.445s][info][gc,cpu         ] GC(210) User=0.02s Sys=0.00s Real=0.02s
[96.197s][info][gc,start       ] GC(211) Pause Young (Normal) (G1 Evacuation Pause)
[96.197s][info][gc,task        ] GC(211) Using 6 workers of 33 for evacuation
[96.199s][info][gc,phases      ] GC(211)   Pre Evacuate Collection Set: 0.1ms
[96.199s][info][gc,phases      ] GC(211)   Merge Heap Roots: 0.1ms
[96.199s][info][gc,phases      ] GC(211)   Evacuate Collection Set: 1.4ms
[96.199s][info][gc,phases      ] GC(211)   Post Evacuate Collection Set: 0.3ms
[96.199s][info][gc,phases      ] GC(211)   Other: 0.1ms
[96.199s][info][gc,heap        ] GC(211) Eden regions: 161->0(160)
[96.199s][info][gc,heap        ] GC(211) Survivor regions: 1->2(21)
[96.199s][info][gc,heap        ] GC(211) Old regions: 9->9
[96.199s][info][gc,heap        ] GC(211) Archive regions: 0->0
[96.199s][info][gc,heap        ] GC(211) Humongous regions: 0->0
[96.199s][info][gc,metaspace   ] GC(211) Metaspace: 9884K(10240K)->9884K(10240K) NonClass: 8581K(8832K)->8581K(8832K) Class: 1303K(1408K)->1303K(1408K)
[96.199s][info][gc             ] GC(211) Pause Young (Normal) (G1 Evacuation Pause) 166M->5M(270M) 2.656ms
[96.199s][info][gc,cpu         ] GC(211) User=0.00s Sys=0.00s Real=0.00s
[96.911s][info][gc,start       ] GC(212) Pause Young (Normal) (G1 Evacuation Pause)
[96.911s][info][gc,task        ] GC(212) Using 6 workers of 33 for evacuation
[96.913s][info][gc,phases      ] GC(212)   Pre Evacuate Collection Set: 0.1ms
[96.913s][info][gc,phases      ] GC(212)   Merge Heap Roots: 0.1ms
[96.913s][info][gc,phases      ] GC(212)   Evacuate Collection Set: 1.2ms
[96.913s][info][gc,phases      ] GC(212)   Post Evacuate Collection Set: 0.3ms
[96.913s][info][gc,phases      ] GC(212)   Other: 0.1ms
[96.913s][info][gc,heap        ] GC(212) Eden regions: 160->0(160)
[96.913s][info][gc,heap        ] GC(212) Survivor regions: 2->2(21)
[96.913s][info][gc,heap        ] GC(212) Old regions: 9->9
[96.913s][info][gc,heap        ] GC(212) Archive regions: 0->0
[96.913s][info][gc,heap        ] GC(212) Humongous regions: 0->0
[96.913s][info][gc,metaspace   ] GC(212) Metaspace: 9884K(10240K)->9884K(10240K) NonClass: 8581K(8832K)->8581K(8832K) Class: 1303K(1408K)->1303K(1408K)
[96.913s][info][gc             ] GC(212) Pause Young (Normal) (G1 Evacuation Pause) 165M->5M(270M) 2.447ms
[96.913s][info][gc,cpu         ] GC(212) User=0.00s Sys=0.00s Real=0.00s
[97.631s][info][gc,start       ] GC(213) Pause Young (Normal) (G1 Evacuation Pause)
[97.631s][info][gc,task        ] GC(213) Using 6 workers of 33 for evacuation
[97.633s][info][gc,phases      ] GC(213)   Pre Evacuate Collection Set: 0.1ms
[97.633s][info][gc,phases      ] GC(213)   Merge Heap Roots: 0.1ms
[97.633s][info][gc,phases      ] GC(213)   Evacuate Collection Set: 1.2ms
[97.633s][info][gc,phases      ] GC(213)   Post Evacuate Collection Set: 0.3ms
[97.633s][info][gc,phases      ] GC(213)   Other: 0.1ms
[97.633s][info][gc,heap        ] GC(213) Eden regions: 160->0(160)
[97.633s][info][gc,heap        ] GC(213) Survivor regions: 2->2(21)
[97.633s][info][gc,heap        ] GC(213) Old regions: 9->9
[97.633s][info][gc,heap        ] GC(213) Archive regions: 0->0
[97.633s][info][gc,heap        ] GC(213) Humongous regions: 0->0
[97.633s][info][gc,metaspace   ] GC(213) Metaspace: 9884K(10240K)->9884K(10240K) NonClass: 8581K(8832K)->8581K(8832K) Class: 1303K(1408K)->1303K(1408K)
[97.634s][info][gc             ] GC(213) Pause Young (Normal) (G1 Evacuation Pause) 165M->5M(270M) 2.485ms
[97.634s][info][gc,cpu         ] GC(213) User=0.09s Sys=0.00s Real=0.01s
[98.339s][info][gc,start       ] GC(214) Pause Young (Normal) (G1 Evacuation Pause)
[98.339s][info][gc,task        ] GC(214) Using 6 workers of 33 for evacuation
[98.341s][info][gc,phases      ] GC(214)   Pre Evacuate Collection Set: 0.1ms
[98.341s][info][gc,phases      ] GC(214)   Merge Heap Roots: 0.1ms
[98.341s][info][gc,phases      ] GC(214)   Evacuate Collection Set: 1.2ms
[98.341s][info][gc,phases      ] GC(214)   Post Evacuate Collection Set: 0.3ms
[98.341s][info][gc,phases      ] GC(214)   Other: 0.1ms
[98.341s][info][gc,heap        ] GC(214) Eden regions: 160->0(160)
[98.341s][info][gc,heap        ] GC(214) Survivor regions: 2->2(21)
[98.341s][info][gc,heap        ] GC(214) Old regions: 9->9
[98.341s][info][gc,heap        ] GC(214) Archive regions: 0->0
[98.341s][info][gc,heap        ] GC(214) Humongous regions: 0->0
[98.341s][info][gc,metaspace   ] GC(214) Metaspace: 9884K(10240K)->9884K(10240K) NonClass: 8581K(8832K)->8581K(8832K) Class: 1303K(1408K)->1303K(1408K)
[98.341s][info][gc             ] GC(214) Pause Young (Normal) (G1 Evacuation Pause) 165M->5M(270M) 2.440ms
[98.341s][info][gc,cpu         ] GC(214) User=0.00s Sys=0.00s Real=0.00s
[99.046s][info][gc,start       ] GC(215) Pause Young (Normal) (G1 Evacuation Pause)
[99.046s][info][gc,task        ] GC(215) Using 6 workers of 33 for evacuation
[99.048s][info][gc,phases      ] GC(215)   Pre Evacuate Collection Set: 0.1ms
[99.048s][info][gc,phases      ] GC(215)   Merge Heap Roots: 0.1ms
[99.048s][info][gc,phases      ] GC(215)   Evacuate Collection Set: 1.2ms
[99.048s][info][gc,phases      ] GC(215)   Post Evacuate Collection Set: 0.3ms
[99.048s][info][gc,phases      ] GC(215)   Other: 0.1ms
[99.048s][info][gc,heap        ] GC(215) Eden regions: 160->0(160)
[99.048s][info][gc,heap        ] GC(215) Survivor regions: 2->2(21)
[99.048s][info][gc,heap        ] GC(215) Old regions: 9->9
[99.048s][info][gc,heap        ] GC(215) Archive regions: 0->0
[99.048s][info][gc,heap        ] GC(215) Humongous regions: 0->0
[99.048s][info][gc,metaspace   ] GC(215) Metaspace: 9884K(10240K)->9884K(10240K) NonClass: 8581K(8832K)->8581K(8832K) Class: 1303K(1408K)->1303K(1408K)
[99.048s][info][gc             ] GC(215) Pause Young (Normal) (G1 Evacuation Pause) 165M->5M(270M) 2.434ms
[99.048s][info][gc,cpu         ] GC(215) User=0.00s Sys=0.00s Real=0.00s
[99.765s][info][gc,start       ] GC(216) Pause Young (Normal) (G1 Evacuation Pause)
[99.766s][info][gc,task        ] GC(216) Using 6 workers of 33 for evacuation
[99.767s][info][gc,phases      ] GC(216)   Pre Evacuate Collection Set: 0.1ms
[99.768s][info][gc,phases      ] GC(216)   Merge Heap Roots: 0.1ms
[99.768s][info][gc,phases      ] GC(216)   Evacuate Collection Set: 1.3ms
[99.768s][info][gc,phases      ] GC(216)   Post Evacuate Collection Set: 0.3ms
[99.768s][info][gc,phases      ] GC(216)   Other: 0.1ms
[99.768s][info][gc,heap        ] GC(216) Eden regions: 160->0(160)
[99.768s][info][gc,heap        ] GC(216) Survivor regions: 2->2(21)
[99.768s][info][gc,heap        ] GC(216) Old regions: 9->9
[99.768s][info][gc,heap        ] GC(216) Archive regions: 0->0
[99.768s][info][gc,heap        ] GC(216) Humongous regions: 0->0
[99.768s][info][gc,metaspace   ] GC(216) Metaspace: 9884K(10240K)->9884K(10240K) NonClass: 8581K(8832K)->8581K(8832K) Class: 1303K(1408K)->1303K(1408K)
[99.768s][info][gc             ] GC(216) Pause Young (Normal) (G1 Evacuation Pause) 165M->5M(270M) 2.511ms
[99.768s][info][gc,cpu         ] GC(216) User=0.00s Sys=0.00s Real=0.00s
[100.481s][info][gc,start       ] GC(217) Pause Young (Normal) (G1 Evacuation Pause)
[100.481s][info][gc,task        ] GC(217) Using 6 workers of 33 for evacuation
[100.484s][info][gc,phases      ] GC(217)   Pre Evacuate Collection Set: 0.1ms
[100.484s][info][gc,phases      ] GC(217)   Merge Heap Roots: 0.1ms
[100.484s][info][gc,phases      ] GC(217)   Evacuate Collection Set: 1.4ms
[100.484s][info][gc,phases      ] GC(217)   Post Evacuate Collection Set: 0.4ms
[100.484s][info][gc,phases      ] GC(217)   Other: 0.1ms
[100.484s][info][gc,heap        ] GC(217) Eden regions: 160->0(160)
[100.484s][info][gc,heap        ] GC(217) Survivor regions: 2->2(21)
[100.484s][info][gc,heap        ] GC(217) Old regions: 9->9
[100.484s][info][gc,heap        ] GC(217) Archive regions: 0->0
[100.484s][info][gc,heap        ] GC(217) Humongous regions: 0->0
[100.484s][info][gc,metaspace   ] GC(217) Metaspace: 9884K(10240K)->9884K(10240K) NonClass: 8581K(8832K)->8581K(8832K) Class: 1303K(1408K)->1303K(1408K)
[100.484s][info][gc             ] GC(217) Pause Young (Normal) (G1 Evacuation Pause) 165M->5M(270M) 2.694ms
[100.484s][info][gc,cpu         ] GC(217) User=0.09s Sys=0.00s Real=0.02s
[101.192s][info][gc,start       ] GC(218) Pause Young (Normal) (G1 Evacuation Pause)
[101.193s][info][gc,task        ] GC(218) Using 6 workers of 33 for evacuation
[101.195s][info][gc,phases      ] GC(218)   Pre Evacuate Collection Set: 0.1ms
[101.195s][info][gc,phases      ] GC(218)   Merge Heap Roots: 0.1ms
[101.195s][info][gc,phases      ] GC(218)   Evacuate Collection Set: 1.4ms
[101.195s][info][gc,phases      ] GC(218)   Post Evacuate Collection Set: 0.3ms
[101.195s][info][gc,phases      ] GC(218)   Other: 0.1ms
[101.195s][info][gc,heap        ] GC(218) Eden regions: 160->0(160)
[101.195s][info][gc,heap        ] GC(218) Survivor regions: 2->2(21)
[101.195s][info][gc,heap        ] GC(218) Old regions: 9->9
[101.195s][info][gc,heap        ] GC(218) Archive regions: 0->0
[101.195s][info][gc,heap        ] GC(218) Humongous regions: 0->0
[101.195s][info][gc,metaspace   ] GC(218) Metaspace: 9884K(10240K)->9884K(10240K) NonClass: 8581K(8832K)->8581K(8832K) Class: 1303K(1408K)->1303K(1408K)
[101.195s][info][gc             ] GC(218) Pause Young (Normal) (G1 Evacuation Pause) 165M->5M(270M) 2.584ms
[101.195s][info][gc,cpu         ] GC(218) User=0.09s Sys=0.00s Real=0.02s
[101.898s][info][gc,start       ] GC(219) Pause Young (Normal) (G1 Evacuation Pause)
[101.898s][info][gc,task        ] GC(219) Using 6 workers of 33 for evacuation
[101.900s][info][gc,phases      ] GC(219)   Pre Evacuate Collection Set: 0.1ms
[101.900s][info][gc,phases      ] GC(219)   Merge Heap Roots: 0.1ms
[101.900s][info][gc,phases      ] GC(219)   Evacuate Collection Set: 1.3ms
[101.900s][info][gc,phases      ] GC(219)   Post Evacuate Collection Set: 0.3ms
[101.900s][info][gc,phases      ] GC(219)   Other: 0.1ms
[101.900s][info][gc,heap        ] GC(219) Eden regions: 160->0(160)
[101.900s][info][gc,heap        ] GC(219) Survivor regions: 2->2(21)
[101.900s][info][gc,heap        ] GC(219) Old regions: 9->9
[101.900s][info][gc,heap        ] GC(219) Archive regions: 0->0
[101.900s][info][gc,heap        ] GC(219) Humongous regions: 0->0
[101.900s][info][gc,metaspace   ] GC(219) Metaspace: 9884K(10240K)->9884K(10240K) NonClass: 8581K(8832K)->8581K(8832K) Class: 1303K(1408K)->1303K(1408K)
[101.900s][info][gc             ] GC(219) Pause Young (Normal) (G1 Evacuation Pause) 165M->5M(270M) 2.547ms
[101.900s][info][gc,cpu         ] GC(219) User=0.00s Sys=0.00s Real=0.00s
[102.253s][info][gc,start       ] GC(220) Pause Full (System.gc())
[102.253s][info][gc,task        ] GC(220) Using 6 workers of 33 for full compaction
[102.254s][info][gc,phases,start] GC(220) Phase 1: Mark live objects
[102.259s][info][gc,phases      ] GC(220) Phase 1: Mark live objects 5.539ms
[102.259s][info][gc,phases,start] GC(220) Phase 2: Prepare compaction
[102.260s][info][gc,phases      ] GC(220) Phase 2: Prepare compaction 1.161ms
[102.260s][info][gc,phases,start] GC(220) Phase 3: Adjust pointers
[102.264s][info][gc,phases      ] GC(220) Phase 3: Adjust pointers 3.757ms
[102.264s][info][gc,phases,start] GC(220) Phase 4: Compact heap
[102.265s][info][gc,phases      ] GC(220) Phase 4: Compact heap 0.575ms
[102.269s][info][gc,heap        ] GC(220) Eden regions: 80->0(16)
[102.269s][info][gc,heap        ] GC(220) Survivor regions: 2->0(21)
[102.269s][info][gc,heap        ] GC(220) Old regions: 9->8
[102.269s][info][gc,heap        ] GC(220) Archive regions: 0->0
[102.269s][info][gc,heap        ] GC(220) Humongous regions: 0->0
[102.269s][info][gc,metaspace   ] GC(220) Metaspace: 9884K(10240K)->9884K(10240K) NonClass: 8581K(8832K)->8581K(8832K) Class: 1303K(1408K)->1303K(1408K)
[102.269s][info][gc             ] GC(220) Pause Full (System.gc()) 85M->3M(27M) 16.374ms
[102.269s][info][gc,cpu         ] GC(220) User=0.09s Sys=0.00s Real=0.02s
[102.345s][info][gc,start       ] GC(221) Pause Young (Normal) (G1 Evacuation Pause)
[102.345s][info][gc,task        ] GC(221) Using 4 workers of 33 for evacuation
[102.347s][info][gc,phases      ] GC(221)   Pre Evacuate Collection Set: 0.1ms
[102.348s][info][gc,phases      ] GC(221)   Merge Heap Roots: 0.1ms
[102.348s][info][gc,phases      ] GC(221)   Evacuate Collection Set: 2.0ms
[102.348s][info][gc,phases      ] GC(221)   Post Evacuate Collection Set: 0.2ms
[102.348s][info][gc,phases      ] GC(221)   Other: 0.1ms
[102.348s][info][gc,heap        ] GC(221) Eden regions: 16->0(13)
[102.348s][info][gc,heap        ] GC(221) Survivor regions: 0->2(2)
[102.348s][info][gc,heap        ] GC(221) Old regions: 8->8
[102.348s][info][gc,heap        ] GC(221) Archive regions: 0->0
[102.348s][info][gc,heap        ] GC(221) Humongous regions: 0->0
[102.348s][info][gc,metaspace   ] GC(221) Metaspace: 9889K(10240K)->9889K(10240K) NonClass: 8586K(8832K)->8586K(8832K) Class: 1303K(1408K)->1303K(1408K)
[102.348s][info][gc             ] GC(221) Pause Young (Normal) (G1 Evacuation Pause) 19M->5M(27M) 2.983ms
[102.348s][info][gc,cpu         ] GC(221) User=0.00s Sys=0.00s Real=0.00s
[102.405s][info][gc,start       ] GC(222) Pause Young (Normal) (G1 Evacuation Pause)
[102.405s][info][gc,task        ] GC(222) Using 3 workers of 33 for evacuation
[102.408s][info][gc,phases      ] GC(222)   Pre Evacuate Collection Set: 0.1ms
[102.408s][info][gc,phases      ] GC(222)   Merge Heap Roots: 0.1ms
[102.408s][info][gc,phases      ] GC(222)   Evacuate Collection Set: 2.5ms
[102.408s][info][gc,phases      ] GC(222)   Post Evacuate Collection Set: 0.2ms
[102.408s][info][gc,phases      ] GC(222)   Other: 0.1ms
[102.408s][info][gc,heap        ] GC(222) Eden regions: 13->0(14)
[102.408s][info][gc,heap        ] GC(222) Survivor regions: 2->1(2)
[102.408s][info][gc,heap        ] GC(222) Old regions: 8->9
[102.408s][info][gc,heap        ] GC(222) Archive regions: 0->0
[102.408s][info][gc,heap        ] GC(222) Humongous regions: 0->0
[102.408s][info][gc,metaspace   ] GC(222) Metaspace: 9889K(10240K)->9889K(10240K) NonClass: 8586K(8832K)->8586K(8832K) Class: 1303K(1408K)->1303K(1408K)
[102.408s][info][gc             ] GC(222) Pause Young (Normal) (G1 Evacuation Pause) 18M->5M(27M) 3.385ms
[102.408s][info][gc,cpu         ] GC(222) User=0.00s Sys=0.00s Real=0.00s
[102.467s][info][gc,start       ] GC(223) Pause Young (Normal) (G1 Evacuation Pause)
[102.467s][info][gc,task        ] GC(223) Using 2 workers of 33 for evacuation
[102.470s][info][gc,phases      ] GC(223)   Pre Evacuate Collection Set: 0.1ms
[102.470s][info][gc,phases      ] GC(223)   Merge Heap Roots: 0.1ms
[102.470s][info][gc,phases      ] GC(223)   Evacuate Collection Set: 1.9ms
[102.470s][info][gc,phases      ] GC(223)   Post Evacuate Collection Set: 0.2ms
[102.470s][info][gc,phases      ] GC(223)   Other: 0.1ms
[102.470s][info][gc,heap        ] GC(223) Eden regions: 14->0(12)
[102.470s][info][gc,heap        ] GC(223) Survivor regions: 1->2(2)
[102.470s][info][gc,heap        ] GC(223) Old regions: 9->9
[102.470s][info][gc,heap        ] GC(223) Archive regions: 0->0
[102.470s][info][gc,heap        ] GC(223) Humongous regions: 0->0
[102.470s][info][gc,metaspace   ] GC(223) Metaspace: 9889K(10240K)->9889K(10240K) NonClass: 8586K(8832K)->8586K(8832K) Class: 1303K(1408K)->1303K(1408K)
[102.470s][info][gc             ] GC(223) Pause Young (Normal) (G1 Evacuation Pause) 19M->5M(27M) 2.830ms
[102.470s][info][gc,cpu         ] GC(223) User=0.03s Sys=0.00s Real=0.00s
[102.520s][info][gc,start       ] GC(224) Pause Young (Normal) (G1 Evacuation Pause)
[102.520s][info][gc,task        ] GC(224) Using 2 workers of 33 for evacuation
[102.523s][info][gc,phases      ] GC(224)   Pre Evacuate Collection Set: 0.1ms
[102.523s][info][gc,phases      ] GC(224)   Merge Heap Roots: 0.0ms
[102.523s][info][gc,phases      ] GC(224)   Evacuate Collection Set: 2.8ms
[102.523s][info][gc,phases      ] GC(224)   Post Evacuate Collection Set: 0.2ms
[102.523s][info][gc,phases      ] GC(224)   Other: 0.1ms
[102.523s][info][gc,heap        ] GC(224) Eden regions: 12->0(12)
[102.524s][info][gc,heap        ] GC(224) Survivor regions: 2->2(2)
[102.524s][info][gc,heap        ] GC(224) Old regions: 9->9
[102.524s][info][gc,heap        ] GC(224) Archive regions: 0->0
[102.524s][info][gc,heap        ] GC(224) Humongous regions: 0->0
[102.524s][info][gc,metaspace   ] GC(224) Metaspace: 9889K(10240K)->9889K(10240K) NonClass: 8586K(8832K)->8586K(8832K) Class: 1303K(1408K)->1303K(1408K)
[102.524s][info][gc             ] GC(224) Pause Young (Normal) (G1 Evacuation Pause) 17M->5M(27M) 3.700ms
[102.524s][info][gc,cpu         ] GC(224) User=0.00s Sys=0.00s Real=0.00s
[102.576s][info][gc,start       ] GC(225) Pause Young (Normal) (G1 Evacuation Pause)
[102.576s][info][gc,task        ] GC(225) Using 2 workers of 33 for evacuation
[102.579s][info][gc,phases      ] GC(225)   Pre Evacuate Collection Set: 0.1ms
[102.579s][info][gc,phases      ] GC(225)   Merge Heap Roots: 0.0ms
[102.579s][info][gc,phases      ] GC(225)   Evacuate Collection Set: 2.3ms
[102.579s][info][gc,phases      ] GC(225)   Post Evacuate Collection Set: 0.2ms
[102.579s][info][gc,phases      ] GC(225)   Other: 0.1ms
[102.579s][info][gc,heap        ] GC(225) Eden regions: 12->0(14)
[102.579s][info][gc,heap        ] GC(225) Survivor regions: 2->1(2)
[102.579s][info][gc,heap        ] GC(225) Old regions: 9->9
[102.579s][info][gc,heap        ] GC(225) Archive regions: 0->0
[102.579s][info][gc,heap        ] GC(225) Humongous regions: 0->0
[102.579s][info][gc,metaspace   ] GC(225) Metaspace: 9889K(10240K)->9889K(10240K) NonClass: 8586K(8832K)->8586K(8832K) Class: 1303K(1408K)->1303K(1408K)
[102.579s][info][gc             ] GC(225) Pause Young (Normal) (G1 Evacuation Pause) 17M->5M(27M) 3.132ms
[102.579s][info][gc,cpu         ] GC(225) User=0.00s Sys=0.00s Real=0.00s
[102.639s][info][gc,start       ] GC(226) Pause Young (Normal) (G1 Evacuation Pause)
[102.639s][info][gc,task        ] GC(226) Using 2 workers of 33 for evacuation
[102.646s][info][gc,phases      ] GC(226)   Pre Evacuate Collection Set: 0.1ms
[102.646s][info][gc,phases      ] GC(226)   Merge Heap Roots: 0.0ms
[102.646s][info][gc,phases      ] GC(226)   Evacuate Collection Set: 2.9ms
[102.646s][info][gc,phases      ] GC(226)   Post Evacuate Collection Set: 3.8ms
[102.646s][info][gc,phases      ] GC(226)   Other: 0.1ms
[102.646s][info][gc,heap        ] GC(226) Eden regions: 14->0(161)
[102.646s][info][gc,heap        ] GC(226) Survivor regions: 1->1(2)
[102.646s][info][gc,heap        ] GC(226) Old regions: 9->9
[102.647s][info][gc,heap        ] GC(226) Archive regions: 0->0
[102.647s][info][gc,heap        ] GC(226) Humongous regions: 0->0
[102.647s][info][gc,metaspace   ] GC(226) Metaspace: 9889K(10240K)->9889K(10240K) NonClass: 8586K(8832K)->8586K(8832K) Class: 1303K(1408K)->1303K(1408K)
[102.647s][info][gc             ] GC(226) Pause Young (Normal) (G1 Evacuation Pause) 19M->5M(270M) 7.426ms
[102.647s][info][gc,cpu         ] GC(226) User=0.00s Sys=0.00s Real=0.00s
[103.390s][info][gc,start       ] GC(227) Pause Young (Normal) (G1 Evacuation Pause)
[103.390s][info][gc,task        ] GC(227) Using 6 workers of 33 for evacuation
[103.392s][info][gc,phases      ] GC(227)   Pre Evacuate Collection Set: 0.1ms
[103.392s][info][gc,phases      ] GC(227)   Merge Heap Roots: 0.1ms
[103.392s][info][gc,phases      ] GC(227)   Evacuate Collection Set: 1.5ms
[103.392s][info][gc,phases      ] GC(227)   Post Evacuate Collection Set: 0.3ms
[103.392s][info][gc,phases      ] GC(227)   Other: 0.1ms
[103.392s][info][gc,heap        ] GC(227) Eden regions: 161->0(160)
[103.392s][info][gc,heap        ] GC(227) Survivor regions: 1->2(21)
[103.392s][info][gc,heap        ] GC(227) Old regions: 9->9
[103.392s][info][gc,heap        ] GC(227) Archive regions: 0->0
[103.392s][info][gc,heap        ] GC(227) Humongous regions: 0->0
[103.392s][info][gc,metaspace   ] GC(227) Metaspace: 9889K(10240K)->9889K(10240K) NonClass: 8586K(8832K)->8586K(8832K) Class: 1303K(1408K)->1303K(1408K)
[103.392s][info][gc             ] GC(227) Pause Young (Normal) (G1 Evacuation Pause) 166M->5M(270M) 2.733ms
[103.392s][info][gc,cpu         ] GC(227) User=0.00s Sys=0.00s Real=0.00s
[104.113s][info][gc,start       ] GC(228) Pause Young (Normal) (G1 Evacuation Pause)
[104.113s][info][gc,task        ] GC(228) Using 6 workers of 33 for evacuation
[104.115s][info][gc,phases      ] GC(228)   Pre Evacuate Collection Set: 0.1ms
[104.115s][info][gc,phases      ] GC(228)   Merge Heap Roots: 0.1ms
[104.115s][info][gc,phases      ] GC(228)   Evacuate Collection Set: 1.3ms
[104.115s][info][gc,phases      ] GC(228)   Post Evacuate Collection Set: 0.3ms
[104.115s][info][gc,phases      ] GC(228)   Other: 0.1ms
[104.115s][info][gc,heap        ] GC(228) Eden regions: 160->0(160)
[104.115s][info][gc,heap        ] GC(228) Survivor regions: 2->2(21)
[104.115s][info][gc,heap        ] GC(228) Old regions: 9->9
[104.115s][info][gc,heap        ] GC(228) Archive regions: 0->0
[104.115s][info][gc,heap        ] GC(228) Humongous regions: 0->0
[104.115s][info][gc,metaspace   ] GC(228) Metaspace: 9889K(10240K)->9889K(10240K) NonClass: 8586K(8832K)->8586K(8832K) Class: 1303K(1408K)->1303K(1408K)
[104.116s][info][gc             ] GC(228) Pause Young (Normal) (G1 Evacuation Pause) 165M->5M(270M) 2.542ms
[104.116s][info][gc,cpu         ] GC(228) User=0.00s Sys=0.00s Real=0.00s
[104.831s][info][gc,start       ] GC(229) Pause Young (Normal) (G1 Evacuation Pause)
[104.831s][info][gc,task        ] GC(229) Using 6 workers of 33 for evacuation
[104.833s][info][gc,phases      ] GC(229)   Pre Evacuate Collection Set: 0.1ms
[104.833s][info][gc,phases      ] GC(229)   Merge Heap Roots: 0.1ms
[104.833s][info][gc,phases      ] GC(229)   Evacuate Collection Set: 1.3ms
[104.833s][info][gc,phases      ] GC(229)   Post Evacuate Collection Set: 0.3ms
[104.833s][info][gc,phases      ] GC(229)   Other: 0.1ms
[104.833s][info][gc,heap        ] GC(229) Eden regions: 160->0(160)
[104.833s][info][gc,heap        ] GC(229) Survivor regions: 2->2(21)
[104.833s][info][gc,heap        ] GC(229) Old regions: 9->9
[104.833s][info][gc,heap        ] GC(229) Archive regions: 0->0
[104.833s][info][gc,heap        ] GC(229) Humongous regions: 0->0
[104.833s][info][gc,metaspace   ] GC(229) Metaspace: 9889K(10240K)->9889K(10240K) NonClass: 8586K(8832K)->8586K(8832K) Class: 1303K(1408K)->1303K(1408K)
[104.833s][info][gc             ] GC(229) Pause Young (Normal) (G1 Evacuation Pause) 165M->5M(270M) 2.531ms
[104.833s][info][gc,cpu         ] GC(229) User=0.00s Sys=0.00s Real=0.00s
[105.549s][info][gc,start       ] GC(230) Pause Young (Normal) (G1 Evacuation Pause)
[105.549s][info][gc,task        ] GC(230) Using 6 workers of 33 for evacuation
[105.551s][info][gc,phases      ] GC(230)   Pre Evacuate Collection Set: 0.1ms
[105.551s][info][gc,phases      ] GC(230)   Merge Heap Roots: 0.1ms
[105.551s][info][gc,phases      ] GC(230)   Evacuate Collection Set: 1.2ms
[105.551s][info][gc,phases      ] GC(230)   Post Evacuate Collection Set: 0.3ms
[105.551s][info][gc,phases      ] GC(230)   Other: 0.1ms
[105.551s][info][gc,heap        ] GC(230) Eden regions: 160->0(160)
[105.551s][info][gc,heap        ] GC(230) Survivor regions: 2->2(21)
[105.551s][info][gc,heap        ] GC(230) Old regions: 9->9
[105.551s][info][gc,heap        ] GC(230) Archive regions: 0->0
[105.552s][info][gc,heap        ] GC(230) Humongous regions: 0->0
[105.552s][info][gc,metaspace   ] GC(230) Metaspace: 9889K(10240K)->9889K(10240K) NonClass: 8586K(8832K)->8586K(8832K) Class: 1303K(1408K)->1303K(1408K)
[105.552s][info][gc             ] GC(230) Pause Young (Normal) (G1 Evacuation Pause) 165M->5M(270M) 2.437ms
[105.552s][info][gc,cpu         ] GC(230) User=0.00s Sys=0.00s Real=0.00s
[106.255s][info][gc,start       ] GC(231) Pause Young (Normal) (G1 Evacuation Pause)
[106.255s][info][gc,task        ] GC(231) Using 6 workers of 33 for evacuation
[106.257s][info][gc,phases      ] GC(231)   Pre Evacuate Collection Set: 0.1ms
[106.257s][info][gc,phases      ] GC(231)   Merge Heap Roots: 0.1ms
[106.257s][info][gc,phases      ] GC(231)   Evacuate Collection Set: 1.3ms
[106.257s][info][gc,phases      ] GC(231)   Post Evacuate Collection Set: 0.4ms
[106.257s][info][gc,phases      ] GC(231)   Other: 0.1ms
[106.257s][info][gc,heap        ] GC(231) Eden regions: 160->0(160)
[106.257s][info][gc,heap        ] GC(231) Survivor regions: 2->2(21)
[106.257s][info][gc,heap        ] GC(231) Old regions: 9->9
[106.257s][info][gc,heap        ] GC(231) Archive regions: 0->0
[106.257s][info][gc,heap        ] GC(231) Humongous regions: 0->0
[106.257s][info][gc,metaspace   ] GC(231) Metaspace: 9889K(10240K)->9889K(10240K) NonClass: 8586K(8832K)->8586K(8832K) Class: 1303K(1408K)->1303K(1408K)
[106.257s][info][gc             ] GC(231) Pause Young (Normal) (G1 Evacuation Pause) 165M->5M(270M) 2.468ms
[106.257s][info][gc,cpu         ] GC(231) User=0.09s Sys=0.00s Real=0.02s
[106.974s][info][gc,start       ] GC(232) Pause Young (Normal) (G1 Evacuation Pause)
[106.974s][info][gc,task        ] GC(232) Using 6 workers of 33 for evacuation
[106.976s][info][gc,phases      ] GC(232)   Pre Evacuate Collection Set: 0.1ms
[106.976s][info][gc,phases      ] GC(232)   Merge Heap Roots: 0.1ms
[106.976s][info][gc,phases      ] GC(232)   Evacuate Collection Set: 1.2ms
[106.976s][info][gc,phases      ] GC(232)   Post Evacuate Collection Set: 0.3ms
[106.976s][info][gc,phases      ] GC(232)   Other: 0.1ms
[106.976s][info][gc,heap        ] GC(232) Eden regions: 160->0(160)
[106.976s][info][gc,heap        ] GC(232) Survivor regions: 2->2(21)
[106.976s][info][gc,heap        ] GC(232) Old regions: 9->9
[106.976s][info][gc,heap        ] GC(232) Archive regions: 0->0
[106.976s][info][gc,heap        ] GC(232) Humongous regions: 0->0
[106.976s][info][gc,metaspace   ] GC(232) Metaspace: 9889K(10240K)->9889K(10240K) NonClass: 8586K(8832K)->8586K(8832K) Class: 1303K(1408K)->1303K(1408K)
[106.976s][info][gc             ] GC(232) Pause Young (Normal) (G1 Evacuation Pause) 165M->5M(270M) 2.440ms
[106.976s][info][gc,cpu         ] GC(232) User=0.00s Sys=0.00s Real=0.00s
[107.681s][info][gc,start       ] GC(233) Pause Young (Normal) (G1 Evacuation Pause)
[107.681s][info][gc,task        ] GC(233) Using 6 workers of 33 for evacuation
[107.683s][info][gc,phases      ] GC(233)   Pre Evacuate Collection Set: 0.1ms
[107.683s][info][gc,phases      ] GC(233)   Merge Heap Roots: 0.1ms
[107.683s][info][gc,phases      ] GC(233)   Evacuate Collection Set: 1.3ms
[107.683s][info][gc,phases      ] GC(233)   Post Evacuate Collection Set: 0.3ms
[107.683s][info][gc,phases      ] GC(233)   Other: 0.1ms
[107.683s][info][gc,heap        ] GC(233) Eden regions: 160->0(160)
[107.683s][info][gc,heap        ] GC(233) Survivor regions: 2->2(21)
[107.683s][info][gc,heap        ] GC(233) Old regions: 9->9
[107.683s][info][gc,heap        ] GC(233) Archive regions: 0->0
[107.683s][info][gc,heap        ] GC(233) Humongous regions: 0->0
[107.683s][info][gc,metaspace   ] GC(233) Metaspace: 9889K(10240K)->9889K(10240K) NonClass: 8586K(8832K)->8586K(8832K) Class: 1303K(1408K)->1303K(1408K)
[107.683s][info][gc             ] GC(233) Pause Young (Normal) (G1 Evacuation Pause) 165M->5M(270M) 2.491ms
[107.683s][info][gc,cpu         ] GC(233) User=0.00s Sys=0.00s Real=0.00s
[108.389s][info][gc,start       ] GC(234) Pause Young (Normal) (G1 Evacuation Pause)
[108.389s][info][gc,task        ] GC(234) Using 6 workers of 33 for evacuation
[108.391s][info][gc,phases      ] GC(234)   Pre Evacuate Collection Set: 0.1ms
[108.391s][info][gc,phases      ] GC(234)   Merge Heap Roots: 0.1ms
[108.391s][info][gc,phases      ] GC(234)   Evacuate Collection Set: 1.2ms
[108.391s][info][gc,phases      ] GC(234)   Post Evacuate Collection Set: 0.3ms
[108.391s][info][gc,phases      ] GC(234)   Other: 0.1ms
[108.391s][info][gc,heap        ] GC(234) Eden regions: 160->0(160)
[108.391s][info][gc,heap        ] GC(234) Survivor regions: 2->2(21)
[108.391s][info][gc,heap        ] GC(234) Old regions: 9->9
[108.391s][info][gc,heap        ] GC(234) Archive regions: 0->0
[108.391s][info][gc,heap        ] GC(234) Humongous regions: 0->0
[108.392s][info][gc,metaspace   ] GC(234) Metaspace: 9889K(10240K)->9889K(10240K) NonClass: 8586K(8832K)->8586K(8832K) Class: 1303K(1408K)->1303K(1408K)
[108.392s][info][gc             ] GC(234) Pause Young (Normal) (G1 Evacuation Pause) 165M->5M(270M) 2.443ms
[108.392s][info][gc,cpu         ] GC(234) User=0.00s Sys=0.00s Real=0.00s
[109.097s][info][gc,start       ] GC(235) Pause Young (Normal) (G1 Evacuation Pause)
[109.097s][info][gc,task        ] GC(235) Using 6 workers of 33 for evacuation
[109.099s][info][gc,phases      ] GC(235)   Pre Evacuate Collection Set: 0.1ms
[109.099s][info][gc,phases      ] GC(235)   Merge Heap Roots: 0.1ms
[109.099s][info][gc,phases      ] GC(235)   Evacuate Collection Set: 1.3ms
[109.099s][info][gc,phases      ] GC(235)   Post Evacuate Collection Set: 0.3ms
[109.099s][info][gc,phases      ] GC(235)   Other: 0.1ms
[109.099s][info][gc,heap        ] GC(235) Eden regions: 160->0(160)
[109.099s][info][gc,heap        ] GC(235) Survivor regions: 2->2(21)
[109.099s][info][gc,heap        ] GC(235) Old regions: 9->9
[109.099s][info][gc,heap        ] GC(235) Archive regions: 0->0
[109.099s][info][gc,heap        ] GC(235) Humongous regions: 0->0
[109.099s][info][gc,metaspace   ] GC(235) Metaspace: 9889K(10240K)->9889K(10240K) NonClass: 8586K(8832K)->8586K(8832K) Class: 1303K(1408K)->1303K(1408K)
[109.099s][info][gc             ] GC(235) Pause Young (Normal) (G1 Evacuation Pause) 165M->5M(270M) 2.501ms
[109.099s][info][gc,cpu         ] GC(235) User=0.00s Sys=0.00s Real=0.00s
[109.462s][info][gc,start       ] GC(236) Pause Full (System.gc())
[109.463s][info][gc,task        ] GC(236) Using 6 workers of 33 for full compaction
[109.463s][info][gc,phases,start] GC(236) Phase 1: Mark live objects
[109.469s][info][gc,phases      ] GC(236) Phase 1: Mark live objects 5.805ms
[109.469s][info][gc,phases,start] GC(236) Phase 2: Prepare compaction
[109.470s][info][gc,phases      ] GC(236) Phase 2: Prepare compaction 1.201ms
[109.470s][info][gc,phases,start] GC(236) Phase 3: Adjust pointers
[109.474s][info][gc,phases      ] GC(236) Phase 3: Adjust pointers 3.785ms
[109.474s][info][gc,phases,start] GC(236) Phase 4: Compact heap
[109.474s][info][gc,phases      ] GC(236) Phase 4: Compact heap 0.556ms
[109.479s][info][gc,heap        ] GC(236) Eden regions: 83->0(16)
[109.479s][info][gc,heap        ] GC(236) Survivor regions: 2->0(21)
[109.479s][info][gc,heap        ] GC(236) Old regions: 9->8
[109.479s][info][gc,heap        ] GC(236) Archive regions: 0->0
[109.479s][info][gc,heap        ] GC(236) Humongous regions: 0->0
[109.479s][info][gc,metaspace   ] GC(236) Metaspace: 9889K(10240K)->9889K(10240K) NonClass: 8586K(8832K)->8586K(8832K) Class: 1303K(1408K)->1303K(1408K)
[109.479s][info][gc             ] GC(236) Pause Full (System.gc()) 88M->3M(27M) 16.767ms
[109.479s][info][gc,cpu         ] GC(236) User=0.02s Sys=0.02s Real=0.03s
[109.547s][info][gc,start       ] GC(237) Pause Young (Normal) (G1 Evacuation Pause)
[109.547s][info][gc,task        ] GC(237) Using 4 workers of 33 for evacuation
[109.549s][info][gc,phases      ] GC(237)   Pre Evacuate Collection Set: 0.1ms
[109.549s][info][gc,phases      ] GC(237)   Merge Heap Roots: 0.1ms
[109.549s][info][gc,phases      ] GC(237)   Evacuate Collection Set: 1.8ms
[109.549s][info][gc,phases      ] GC(237)   Post Evacuate Collection Set: 0.2ms
[109.549s][info][gc,phases      ] GC(237)   Other: 0.1ms
[109.549s][info][gc,heap        ] GC(237) Eden regions: 16->0(13)
[109.549s][info][gc,heap        ] GC(237) Survivor regions: 0->2(2)
[109.549s][info][gc,heap        ] GC(237) Old regions: 8->8
[109.549s][info][gc,heap        ] GC(237) Archive regions: 0->0
[109.549s][info][gc,heap        ] GC(237) Humongous regions: 0->0
[109.549s][info][gc,metaspace   ] GC(237) Metaspace: 9889K(10240K)->9889K(10240K) NonClass: 8586K(8832K)->8586K(8832K) Class: 1303K(1408K)->1303K(1408K)
[109.550s][info][gc             ] GC(237) Pause Young (Normal) (G1 Evacuation Pause) 19M->5M(27M) 2.726ms
[109.550s][info][gc,cpu         ] GC(237) User=0.00s Sys=0.00s Real=0.00s
[109.605s][info][gc,start       ] GC(238) Pause Young (Normal) (G1 Evacuation Pause)
[109.606s][info][gc,task        ] GC(238) Using 3 workers of 33 for evacuation
[109.608s][info][gc,phases      ] GC(238)   Pre Evacuate Collection Set: 0.1ms
[109.608s][info][gc,phases      ] GC(238)   Merge Heap Roots: 0.0ms
[109.608s][info][gc,phases      ] GC(238)   Evacuate Collection Set: 2.4ms
[109.608s][info][gc,phases      ] GC(238)   Post Evacuate Collection Set: 0.2ms
[109.608s][info][gc,phases      ] GC(238)   Other: 0.1ms
[109.609s][info][gc,heap        ] GC(238) Eden regions: 13->0(14)
[109.609s][info][gc,heap        ] GC(238) Survivor regions: 2->1(2)
[109.609s][info][gc,heap        ] GC(238) Old regions: 8->9
[109.609s][info][gc,heap        ] GC(238) Archive regions: 0->0
[109.609s][info][gc,heap        ] GC(238) Humongous regions: 0->0
[109.609s][info][gc,metaspace   ] GC(238) Metaspace: 9889K(10240K)->9889K(10240K) NonClass: 8586K(8832K)->8586K(8832K) Class: 1303K(1408K)->1303K(1408K)
[109.609s][info][gc             ] GC(238) Pause Young (Normal) (G1 Evacuation Pause) 18M->5M(27M) 3.230ms
[109.609s][info][gc,cpu         ] GC(238) User=0.00s Sys=0.00s Real=0.00s
[109.666s][info][gc,start       ] GC(239) Pause Young (Normal) (G1 Evacuation Pause)
[109.666s][info][gc,task        ] GC(239) Using 2 workers of 33 for evacuation
[109.670s][info][gc,phases      ] GC(239)   Pre Evacuate Collection Set: 0.1ms
[109.675s][info][gc,phases      ] GC(239)   Merge Heap Roots: 0.0ms
[109.675s][info][gc,phases      ] GC(239)   Evacuate Collection Set: 3.5ms
[109.675s][info][gc,phases      ] GC(239)   Post Evacuate Collection Set: 0.2ms
[109.675s][info][gc,phases      ] GC(239)   Other: 0.1ms
[109.675s][info][gc,heap        ] GC(239) Eden regions: 14->0(12)
[109.675s][info][gc,heap        ] GC(239) Survivor regions: 1->2(2)
[109.675s][info][gc,heap        ] GC(239) Old regions: 9->9
[109.675s][info][gc,heap        ] GC(239) Archive regions: 0->0
[109.675s][info][gc,heap        ] GC(239) Humongous regions: 0->0
[109.675s][info][gc,metaspace   ] GC(239) Metaspace: 9889K(10240K)->9889K(10240K) NonClass: 8586K(8832K)->8586K(8832K) Class: 1303K(1408K)->1303K(1408K)
[109.675s][info][gc             ] GC(239) Pause Young (Normal) (G1 Evacuation Pause) 19M->5M(27M) 9.801ms
[109.676s][info][gc,cpu         ] GC(239) User=0.03s Sys=0.00s Real=0.03s
[109.723s][info][gc,start       ] GC(240) Pause Young (Normal) (G1 Evacuation Pause)
[109.723s][info][gc,task        ] GC(240) Using 2 workers of 33 for evacuation
[109.727s][info][gc,phases      ] GC(240)   Pre Evacuate Collection Set: 0.1ms
[109.727s][info][gc,phases      ] GC(240)   Merge Heap Roots: 0.0ms
[109.727s][info][gc,phases      ] GC(240)   Evacuate Collection Set: 3.1ms
[109.727s][info][gc,phases      ] GC(240)   Post Evacuate Collection Set: 0.2ms
[109.727s][info][gc,phases      ] GC(240)   Other: 0.1ms
[109.727s][info][gc,heap        ] GC(240) Eden regions: 12->0(14)
[109.727s][info][gc,heap        ] GC(240) Survivor regions: 2->1(2)
[109.727s][info][gc,heap        ] GC(240) Old regions: 9->9
[109.727s][info][gc,heap        ] GC(240) Archive regions: 0->0
[109.727s][info][gc,heap        ] GC(240) Humongous regions: 0->0
[109.727s][info][gc,metaspace   ] GC(240) Metaspace: 9889K(10240K)->9889K(10240K) NonClass: 8586K(8832K)->8586K(8832K) Class: 1303K(1408K)->1303K(1408K)
[109.727s][info][gc             ] GC(240) Pause Young (Normal) (G1 Evacuation Pause) 17M->5M(27M) 4.006ms
[109.727s][info][gc,cpu         ] GC(240) User=0.00s Sys=0.00s Real=0.00s
[109.787s][info][gc,start       ] GC(241) Pause Young (Normal) (G1 Evacuation Pause)
[109.788s][info][gc,task        ] GC(241) Using 2 workers of 33 for evacuation
[109.791s][info][gc,phases      ] GC(241)   Pre Evacuate Collection Set: 0.1ms
[109.791s][info][gc,phases      ] GC(241)   Merge Heap Roots: 0.1ms
[109.791s][info][gc,phases      ] GC(241)   Evacuate Collection Set: 2.5ms
[109.791s][info][gc,phases      ] GC(241)   Post Evacuate Collection Set: 0.2ms
[109.791s][info][gc,phases      ] GC(241)   Other: 0.1ms
[109.791s][info][gc,heap        ] GC(241) Eden regions: 14->0(14)
[109.791s][info][gc,heap        ] GC(241) Survivor regions: 1->1(2)
[109.791s][info][gc,heap        ] GC(241) Old regions: 9->9
[109.791s][info][gc,heap        ] GC(241) Archive regions: 0->0
[109.791s][info][gc,heap        ] GC(241) Humongous regions: 0->0
[109.791s][info][gc,metaspace   ] GC(241) Metaspace: 9889K(10240K)->9889K(10240K) NonClass: 8586K(8832K)->8586K(8832K) Class: 1303K(1408K)->1303K(1408K)
[109.791s][info][gc             ] GC(241) Pause Young (Normal) (G1 Evacuation Pause) 19M->5M(27M) 3.469ms
[109.791s][info][gc,cpu         ] GC(241) User=0.00s Sys=0.00s Real=0.00s
[109.852s][info][gc,start       ] GC(242) Pause Young (Normal) (G1 Evacuation Pause)
[109.852s][info][gc,task        ] GC(242) Using 2 workers of 33 for evacuation
[109.859s][info][gc,phases      ] GC(242)   Pre Evacuate Collection Set: 0.1ms
[109.859s][info][gc,phases      ] GC(242)   Merge Heap Roots: 0.0ms
[109.859s][info][gc,phases      ] GC(242)   Evacuate Collection Set: 2.6ms
[109.859s][info][gc,phases      ] GC(242)   Post Evacuate Collection Set: 3.8ms
[109.859s][info][gc,phases      ] GC(242)   Other: 0.1ms
[109.859s][info][gc,heap        ] GC(242) Eden regions: 14->0(161)
[109.859s][info][gc,heap        ] GC(242) Survivor regions: 1->1(2)
[109.859s][info][gc,heap        ] GC(242) Old regions: 9->9
[109.859s][info][gc,heap        ] GC(242) Archive regions: 0->0
[109.859s][info][gc,heap        ] GC(242) Humongous regions: 0->0
[109.859s][info][gc,metaspace   ] GC(242) Metaspace: 9889K(10240K)->9889K(10240K) NonClass: 8586K(8832K)->8586K(8832K) Class: 1303K(1408K)->1303K(1408K)
[109.859s][info][gc             ] GC(242) Pause Young (Normal) (G1 Evacuation Pause) 19M->5M(270M) 7.107ms
[109.859s][info][gc,cpu         ] GC(242) User=0.00s Sys=0.00s Real=0.00s
[110.610s][info][gc,start       ] GC(243) Pause Young (Normal) (G1 Evacuation Pause)
[110.610s][info][gc,task        ] GC(243) Using 6 workers of 33 for evacuation
[110.613s][info][gc,phases      ] GC(243)   Pre Evacuate Collection Set: 0.1ms
[110.613s][info][gc,phases      ] GC(243)   Merge Heap Roots: 0.1ms
[110.613s][info][gc,phases      ] GC(243)   Evacuate Collection Set: 1.5ms
[110.613s][info][gc,phases      ] GC(243)   Post Evacuate Collection Set: 0.4ms
[110.613s][info][gc,phases      ] GC(243)   Other: 0.1ms
[110.613s][info][gc,heap        ] GC(243) Eden regions: 161->0(160)
[110.613s][info][gc,heap        ] GC(243) Survivor regions: 1->2(21)
[110.613s][info][gc,heap        ] GC(243) Old regions: 9->9
[110.613s][info][gc,heap        ] GC(243) Archive regions: 0->0
[110.613s][info][gc,heap        ] GC(243) Humongous regions: 0->0
[110.613s][info][gc,metaspace   ] GC(243) Metaspace: 9889K(10240K)->9889K(10240K) NonClass: 8586K(8832K)->8586K(8832K) Class: 1303K(1408K)->1303K(1408K)
[110.613s][info][gc             ] GC(243) Pause Young (Normal) (G1 Evacuation Pause) 166M->5M(270M) 2.713ms
[110.613s][info][gc,cpu         ] GC(243) User=0.00s Sys=0.00s Real=0.00s
[111.323s][info][gc,start       ] GC(244) Pause Young (Normal) (G1 Evacuation Pause)
[111.323s][info][gc,task        ] GC(244) Using 6 workers of 33 for evacuation
[111.325s][info][gc,phases      ] GC(244)   Pre Evacuate Collection Set: 0.1ms
[111.325s][info][gc,phases      ] GC(244)   Merge Heap Roots: 0.1ms
[111.325s][info][gc,phases      ] GC(244)   Evacuate Collection Set: 1.5ms
[111.325s][info][gc,phases      ] GC(244)   Post Evacuate Collection Set: 0.3ms
[111.325s][info][gc,phases      ] GC(244)   Other: 0.1ms
[111.325s][info][gc,heap        ] GC(244) Eden regions: 160->0(160)
[111.325s][info][gc,heap        ] GC(244) Survivor regions: 2->2(21)
[111.325s][info][gc,heap        ] GC(244) Old regions: 9->9
[111.325s][info][gc,heap        ] GC(244) Archive regions: 0->0
[111.325s][info][gc,heap        ] GC(244) Humongous regions: 0->0
[111.325s][info][gc,metaspace   ] GC(244) Metaspace: 9889K(10240K)->9889K(10240K) NonClass: 8586K(8832K)->8586K(8832K) Class: 1303K(1408K)->1303K(1408K)
[111.325s][info][gc             ] GC(244) Pause Young (Normal) (G1 Evacuation Pause) 165M->5M(270M) 2.675ms
[111.326s][info][gc,cpu         ] GC(244) User=0.00s Sys=0.00s Real=0.00s
[112.044s][info][gc,start       ] GC(245) Pause Young (Normal) (G1 Evacuation Pause)
[112.044s][info][gc,task        ] GC(245) Using 6 workers of 33 for evacuation
[112.047s][info][gc,phases      ] GC(245)   Pre Evacuate Collection Set: 0.1ms
[112.047s][info][gc,phases      ] GC(245)   Merge Heap Roots: 0.1ms
[112.047s][info][gc,phases      ] GC(245)   Evacuate Collection Set: 1.4ms
[112.047s][info][gc,phases      ] GC(245)   Post Evacuate Collection Set: 0.3ms
[112.047s][info][gc,phases      ] GC(245)   Other: 0.1ms
[112.047s][info][gc,heap        ] GC(245) Eden regions: 160->0(160)
[112.047s][info][gc,heap        ] GC(245) Survivor regions: 2->2(21)
[112.047s][info][gc,heap        ] GC(245) Old regions: 9->9
[112.047s][info][gc,heap        ] GC(245) Archive regions: 0->0
[112.047s][info][gc,heap        ] GC(245) Humongous regions: 0->0
[112.047s][info][gc,metaspace   ] GC(245) Metaspace: 9889K(10240K)->9889K(10240K) NonClass: 8586K(8832K)->8586K(8832K) Class: 1303K(1408K)->1303K(1408K)
[112.047s][info][gc             ] GC(245) Pause Young (Normal) (G1 Evacuation Pause) 165M->5M(270M) 2.609ms
[112.047s][info][gc,cpu         ] GC(245) User=0.00s Sys=0.00s Real=0.00s
[112.747s][info][gc,start       ] GC(246) Pause Young (Normal) (G1 Evacuation Pause)
[112.747s][info][gc,task        ] GC(246) Using 6 workers of 33 for evacuation
[112.749s][info][gc,phases      ] GC(246)   Pre Evacuate Collection Set: 0.1ms
[112.749s][info][gc,phases      ] GC(246)   Merge Heap Roots: 0.1ms
[112.749s][info][gc,phases      ] GC(246)   Evacuate Collection Set: 1.4ms
[112.749s][info][gc,phases      ] GC(246)   Post Evacuate Collection Set: 0.3ms
[112.749s][info][gc,phases      ] GC(246)   Other: 0.1ms
[112.749s][info][gc,heap        ] GC(246) Eden regions: 160->0(160)
[112.749s][info][gc,heap        ] GC(246) Survivor regions: 2->2(21)
[112.749s][info][gc,heap        ] GC(246) Old regions: 9->9
[112.749s][info][gc,heap        ] GC(246) Archive regions: 0->0
[112.749s][info][gc,heap        ] GC(246) Humongous regions: 0->0
[112.749s][info][gc,metaspace   ] GC(246) Metaspace: 9889K(10240K)->9889K(10240K) NonClass: 8586K(8832K)->8586K(8832K) Class: 1303K(1408K)->1303K(1408K)
[112.749s][info][gc             ] GC(246) Pause Young (Normal) (G1 Evacuation Pause) 165M->5M(270M) 2.636ms
[112.749s][info][gc,cpu         ] GC(246) User=0.00s Sys=0.00s Real=0.00s
[113.473s][info][gc,start       ] GC(247) Pause Young (Normal) (G1 Evacuation Pause)
[113.473s][info][gc,task        ] GC(247) Using 6 workers of 33 for evacuation
[113.475s][info][gc,phases      ] GC(247)   Pre Evacuate Collection Set: 0.1ms
[113.475s][info][gc,phases      ] GC(247)   Merge Heap Roots: 0.1ms
[113.475s][info][gc,phases      ] GC(247)   Evacuate Collection Set: 1.4ms
[113.475s][info][gc,phases      ] GC(247)   Post Evacuate Collection Set: 0.3ms
[113.475s][info][gc,phases      ] GC(247)   Other: 0.1ms
[113.475s][info][gc,heap        ] GC(247) Eden regions: 160->0(160)
[113.475s][info][gc,heap        ] GC(247) Survivor regions: 2->2(21)
[113.475s][info][gc,heap        ] GC(247) Old regions: 9->9
[113.475s][info][gc,heap        ] GC(247) Archive regions: 0->0
[113.475s][info][gc,heap        ] GC(247) Humongous regions: 0->0
[113.475s][info][gc,metaspace   ] GC(247) Metaspace: 9889K(10240K)->9889K(10240K) NonClass: 8586K(8832K)->8586K(8832K) Class: 1303K(1408K)->1303K(1408K)
[113.475s][info][gc             ] GC(247) Pause Young (Normal) (G1 Evacuation Pause) 165M->5M(270M) 2.678ms
[113.475s][info][gc,cpu         ] GC(247) User=0.00s Sys=0.00s Real=0.00s
[114.182s][info][gc,start       ] GC(248) Pause Young (Normal) (G1 Evacuation Pause)
[114.182s][info][gc,task        ] GC(248) Using 6 workers of 33 for evacuation
[114.184s][info][gc,phases      ] GC(248)   Pre Evacuate Collection Set: 0.1ms
[114.184s][info][gc,phases      ] GC(248)   Merge Heap Roots: 0.1ms
[114.184s][info][gc,phases      ] GC(248)   Evacuate Collection Set: 1.2ms
[114.184s][info][gc,phases      ] GC(248)   Post Evacuate Collection Set: 0.3ms
[114.184s][info][gc,phases      ] GC(248)   Other: 0.1ms
[114.184s][info][gc,heap        ] GC(248) Eden regions: 160->0(160)
[114.184s][info][gc,heap        ] GC(248) Survivor regions: 2->2(21)
[114.184s][info][gc,heap        ] GC(248) Old regions: 9->9
[114.184s][info][gc,heap        ] GC(248) Archive regions: 0->0
[114.184s][info][gc,heap        ] GC(248) Humongous regions: 0->0
[114.184s][info][gc,metaspace   ] GC(248) Metaspace: 9889K(10240K)->9889K(10240K) NonClass: 8586K(8832K)->8586K(8832K) Class: 1303K(1408K)->1303K(1408K)
[114.184s][info][gc             ] GC(248) Pause Young (Normal) (G1 Evacuation Pause) 165M->5M(270M) 2.402ms
[114.184s][info][gc,cpu         ] GC(248) User=0.00s Sys=0.00s Real=0.00s
[114.896s][info][gc,start       ] GC(249) Pause Young (Normal) (G1 Evacuation Pause)
[114.896s][info][gc,task        ] GC(249) Using 6 workers of 33 for evacuation
[114.898s][info][gc,phases      ] GC(249)   Pre Evacuate Collection Set: 0.1ms
[114.898s][info][gc,phases      ] GC(249)   Merge Heap Roots: 0.1ms
[114.898s][info][gc,phases      ] GC(249)   Evacuate Collection Set: 1.4ms
[114.898s][info][gc,phases      ] GC(249)   Post Evacuate Collection Set: 0.3ms
[114.898s][info][gc,phases      ] GC(249)   Other: 0.1ms
[114.898s][info][gc,heap        ] GC(249) Eden regions: 160->0(160)
[114.898s][info][gc,heap        ] GC(249) Survivor regions: 2->2(21)
[114.898s][info][gc,heap        ] GC(249) Old regions: 9->9
[114.898s][info][gc,heap        ] GC(249) Archive regions: 0->0
[114.898s][info][gc,heap        ] GC(249) Humongous regions: 0->0
[114.898s][info][gc,metaspace   ] GC(249) Metaspace: 9889K(10240K)->9889K(10240K) NonClass: 8586K(8832K)->8586K(8832K) Class: 1303K(1408K)->1303K(1408K)
[114.898s][info][gc             ] GC(249) Pause Young (Normal) (G1 Evacuation Pause) 165M->5M(270M) 2.612ms
[114.898s][info][gc,cpu         ] GC(249) User=0.00s Sys=0.00s Real=0.00s
[115.598s][info][gc,start       ] GC(250) Pause Young (Normal) (G1 Evacuation Pause)
[115.598s][info][gc,task        ] GC(250) Using 6 workers of 33 for evacuation
[115.600s][info][gc,phases      ] GC(250)   Pre Evacuate Collection Set: 0.1ms
[115.600s][info][gc,phases      ] GC(250)   Merge Heap Roots: 0.1ms
[115.600s][info][gc,phases      ] GC(250)   Evacuate Collection Set: 1.4ms
[115.600s][info][gc,phases      ] GC(250)   Post Evacuate Collection Set: 0.4ms
[115.600s][info][gc,phases      ] GC(250)   Other: 0.1ms
[115.600s][info][gc,heap        ] GC(250) Eden regions: 160->0(160)
[115.600s][info][gc,heap        ] GC(250) Survivor regions: 2->2(21)
[115.600s][info][gc,heap        ] GC(250) Old regions: 9->9
[115.600s][info][gc,heap        ] GC(250) Archive regions: 0->0
[115.600s][info][gc,heap        ] GC(250) Humongous regions: 0->0
[115.600s][info][gc,metaspace   ] GC(250) Metaspace: 9889K(10240K)->9889K(10240K) NonClass: 8586K(8832K)->8586K(8832K) Class: 1303K(1408K)->1303K(1408K)
[115.600s][info][gc             ] GC(250) Pause Young (Normal) (G1 Evacuation Pause) 165M->5M(270M) 2.618ms
[115.600s][info][gc,cpu         ] GC(250) User=0.00s Sys=0.00s Real=0.00s
[116.308s][info][gc,start       ] GC(251) Pause Young (Normal) (G1 Evacuation Pause)
[116.308s][info][gc,task        ] GC(251) Using 6 workers of 33 for evacuation
[116.310s][info][gc,phases      ] GC(251)   Pre Evacuate Collection Set: 0.1ms
[116.310s][info][gc,phases      ] GC(251)   Merge Heap Roots: 0.1ms
[116.310s][info][gc,phases      ] GC(251)   Evacuate Collection Set: 1.4ms
[116.310s][info][gc,phases      ] GC(251)   Post Evacuate Collection Set: 0.4ms
[116.310s][info][gc,phases      ] GC(251)   Other: 0.1ms
[116.310s][info][gc,heap        ] GC(251) Eden regions: 160->0(160)
[116.310s][info][gc,heap        ] GC(251) Survivor regions: 2->2(21)
[116.310s][info][gc,heap        ] GC(251) Old regions: 9->9
[116.310s][info][gc,heap        ] GC(251) Archive regions: 0->0
[116.310s][info][gc,heap        ] GC(251) Humongous regions: 0->0
[116.310s][info][gc,metaspace   ] GC(251) Metaspace: 9889K(10240K)->9889K(10240K) NonClass: 8586K(8832K)->8586K(8832K) Class: 1303K(1408K)->1303K(1408K)
[116.310s][info][gc             ] GC(251) Pause Young (Normal) (G1 Evacuation Pause) 165M->5M(270M) 2.593ms
[116.310s][info][gc,cpu         ] GC(251) User=0.00s Sys=0.00s Real=0.00s
[116.668s][info][gc,start       ] GC(252) Pause Full (System.gc())
[116.668s][info][gc,task        ] GC(252) Using 6 workers of 33 for full compaction
[116.668s][info][gc,phases,start] GC(252) Phase 1: Mark live objects
[116.674s][info][gc,phases      ] GC(252) Phase 1: Mark live objects 5.507ms
[116.674s][info][gc,phases,start] GC(252) Phase 2: Prepare compaction
[116.675s][info][gc,phases      ] GC(252) Phase 2: Prepare compaction 1.172ms
[116.675s][info][gc,phases,start] GC(252) Phase 3: Adjust pointers
[116.679s][info][gc,phases      ] GC(252) Phase 3: Adjust pointers 3.789ms
[116.679s][info][gc,phases,start] GC(252) Phase 4: Compact heap
[116.679s][info][gc,phases      ] GC(252) Phase 4: Compact heap 0.570ms
[116.684s][info][gc,heap        ] GC(252) Eden regions: 81->0(16)
[116.684s][info][gc,heap        ] GC(252) Survivor regions: 2->0(21)
[116.684s][info][gc,heap        ] GC(252) Old regions: 9->8
[116.684s][info][gc,heap        ] GC(252) Archive regions: 0->0
[116.684s][info][gc,heap        ] GC(252) Humongous regions: 0->0
[116.684s][info][gc,metaspace   ] GC(252) Metaspace: 9890K(10240K)->9890K(10240K) NonClass: 8586K(8832K)->8586K(8832K) Class: 1303K(1408K)->1303K(1408K)
[116.684s][info][gc             ] GC(252) Pause Full (System.gc()) 86M->3M(27M) 16.502ms
[116.684s][info][gc,cpu         ] GC(252) User=0.02s Sys=0.00s Real=0.01s
[116.753s][info][gc,start       ] GC(253) Pause Young (Normal) (G1 Evacuation Pause)
[116.753s][info][gc,task        ] GC(253) Using 4 workers of 33 for evacuation
[116.756s][info][gc,phases      ] GC(253)   Pre Evacuate Collection Set: 0.1ms
[116.756s][info][gc,phases      ] GC(253)   Merge Heap Roots: 0.1ms
[116.756s][info][gc,phases      ] GC(253)   Evacuate Collection Set: 1.9ms
[116.756s][info][gc,phases      ] GC(253)   Post Evacuate Collection Set: 0.2ms
[116.756s][info][gc,phases      ] GC(253)   Other: 0.1ms
[116.756s][info][gc,heap        ] GC(253) Eden regions: 16->0(13)
[116.756s][info][gc,heap        ] GC(253) Survivor regions: 0->2(2)
[116.756s][info][gc,heap        ] GC(253) Old regions: 8->8
[116.756s][info][gc,heap        ] GC(253) Archive regions: 0->0
[116.756s][info][gc,heap        ] GC(253) Humongous regions: 0->0
[116.756s][info][gc,metaspace   ] GC(253) Metaspace: 9890K(10240K)->9890K(10240K) NonClass: 8586K(8832K)->8586K(8832K) Class: 1303K(1408K)->1303K(1408K)
[116.756s][info][gc             ] GC(253) Pause Young (Normal) (G1 Evacuation Pause) 19M->5M(27M) 2.874ms
[116.756s][info][gc,cpu         ] GC(253) User=0.00s Sys=0.00s Real=0.00s
[116.814s][info][gc,start       ] GC(254) Pause Young (Normal) (G1 Evacuation Pause)
[116.814s][info][gc,task        ] GC(254) Using 3 workers of 33 for evacuation
[116.817s][info][gc,phases      ] GC(254)   Pre Evacuate Collection Set: 0.1ms
[116.817s][info][gc,phases      ] GC(254)   Merge Heap Roots: 0.0ms
[116.817s][info][gc,phases      ] GC(254)   Evacuate Collection Set: 2.4ms
[116.817s][info][gc,phases      ] GC(254)   Post Evacuate Collection Set: 0.2ms
[116.817s][info][gc,phases      ] GC(254)   Other: 0.1ms
[116.817s][info][gc,heap        ] GC(254) Eden regions: 13->0(14)
[116.817s][info][gc,heap        ] GC(254) Survivor regions: 2->1(2)
[116.817s][info][gc,heap        ] GC(254) Old regions: 8->9
[116.817s][info][gc,heap        ] GC(254) Archive regions: 0->0
[116.817s][info][gc,heap        ] GC(254) Humongous regions: 0->0
[116.817s][info][gc,metaspace   ] GC(254) Metaspace: 9890K(10240K)->9890K(10240K) NonClass: 8586K(8832K)->8586K(8832K) Class: 1303K(1408K)->1303K(1408K)
[116.818s][info][gc             ] GC(254) Pause Young (Normal) (G1 Evacuation Pause) 18M->5M(27M) 3.328ms
[116.818s][info][gc,cpu         ] GC(254) User=0.00s Sys=0.00s Real=0.00s
[116.878s][info][gc,start       ] GC(255) Pause Young (Normal) (G1 Evacuation Pause)
[116.878s][info][gc,task        ] GC(255) Using 2 workers of 33 for evacuation
[116.881s][info][gc,phases      ] GC(255)   Pre Evacuate Collection Set: 0.1ms
[116.881s][info][gc,phases      ] GC(255)   Merge Heap Roots: 0.0ms
[116.881s][info][gc,phases      ] GC(255)   Evacuate Collection Set: 2.4ms
[116.881s][info][gc,phases      ] GC(255)   Post Evacuate Collection Set: 0.2ms
[116.881s][info][gc,phases      ] GC(255)   Other: 0.1ms
[116.881s][info][gc,heap        ] GC(255) Eden regions: 14->0(14)
[116.881s][info][gc,heap        ] GC(255) Survivor regions: 1->1(2)
[116.881s][info][gc,heap        ] GC(255) Old regions: 9->9
[116.881s][info][gc,heap        ] GC(255) Archive regions: 0->0
[116.881s][info][gc,heap        ] GC(255) Humongous regions: 0->0
[116.882s][info][gc,metaspace   ] GC(255) Metaspace: 9890K(10240K)->9890K(10240K) NonClass: 8586K(8832K)->8586K(8832K) Class: 1303K(1408K)->1303K(1408K)
[116.882s][info][gc             ] GC(255) Pause Young (Normal) (G1 Evacuation Pause) 19M->5M(27M) 3.253ms
[116.882s][info][gc,cpu         ] GC(255) User=0.00s Sys=0.00s Real=0.00s
[116.936s][info][gc,start       ] GC(256) Pause Young (Normal) (G1 Evacuation Pause)
[116.936s][info][gc,task        ] GC(256) Using 2 workers of 33 for evacuation
[116.939s][info][gc,phases      ] GC(256)   Pre Evacuate Collection Set: 0.1ms
[116.939s][info][gc,phases      ] GC(256)   Merge Heap Roots: 0.1ms
[116.939s][info][gc,phases      ] GC(256)   Evacuate Collection Set: 2.4ms
[116.939s][info][gc,phases      ] GC(256)   Post Evacuate Collection Set: 0.2ms
[116.939s][info][gc,phases      ] GC(256)   Other: 0.1ms
[116.939s][info][gc,heap        ] GC(256) Eden regions: 14->0(14)
[116.939s][info][gc,heap        ] GC(256) Survivor regions: 1->1(2)
[116.940s][info][gc,heap        ] GC(256) Old regions: 9->9
[116.940s][info][gc,heap        ] GC(256) Archive regions: 0->0
[116.940s][info][gc,heap        ] GC(256) Humongous regions: 0->0
[116.940s][info][gc,metaspace   ] GC(256) Metaspace: 9890K(10240K)->9890K(10240K) NonClass: 8586K(8832K)->8586K(8832K) Class: 1303K(1408K)->1303K(1408K)
[116.940s][info][gc             ] GC(256) Pause Young (Normal) (G1 Evacuation Pause) 19M->5M(27M) 3.319ms
[116.940s][info][gc,cpu         ] GC(256) User=0.00s Sys=0.00s Real=0.00s
[117.001s][info][gc,start       ] GC(257) Pause Young (Normal) (G1 Evacuation Pause)
[117.001s][info][gc,task        ] GC(257) Using 2 workers of 33 for evacuation
[117.004s][info][gc,phases      ] GC(257)   Pre Evacuate Collection Set: 0.1ms
[117.004s][info][gc,phases      ] GC(257)   Merge Heap Roots: 0.1ms
[117.004s][info][gc,phases      ] GC(257)   Evacuate Collection Set: 2.4ms
[117.004s][info][gc,phases      ] GC(257)   Post Evacuate Collection Set: 0.2ms
[117.004s][info][gc,phases      ] GC(257)   Other: 0.1ms
[117.004s][info][gc,heap        ] GC(257) Eden regions: 14->0(14)
[117.004s][info][gc,heap        ] GC(257) Survivor regions: 1->1(2)
[117.004s][info][gc,heap        ] GC(257) Old regions: 9->9
[117.004s][info][gc,heap        ] GC(257) Archive regions: 0->0
[117.004s][info][gc,heap        ] GC(257) Humongous regions: 0->0
[117.004s][info][gc,metaspace   ] GC(257) Metaspace: 9890K(10240K)->9890K(10240K) NonClass: 8586K(8832K)->8586K(8832K) Class: 1303K(1408K)->1303K(1408K)
[117.004s][info][gc             ] GC(257) Pause Young (Normal) (G1 Evacuation Pause) 19M->5M(27M) 3.429ms
[117.004s][info][gc,cpu         ] GC(257) User=0.00s Sys=0.00s Real=0.00s
[117.062s][info][gc,start       ] GC(258) Pause Young (Normal) (G1 Evacuation Pause)
[117.062s][info][gc,task        ] GC(258) Using 2 workers of 33 for evacuation
[117.069s][info][gc,phases      ] GC(258)   Pre Evacuate Collection Set: 0.1ms
[117.069s][info][gc,phases      ] GC(258)   Merge Heap Roots: 0.1ms
[117.069s][info][gc,phases      ] GC(258)   Evacuate Collection Set: 2.7ms
[117.069s][info][gc,phases      ] GC(258)   Post Evacuate Collection Set: 3.8ms
[117.069s][info][gc,phases      ] GC(258)   Other: 0.1ms
[117.069s][info][gc,heap        ] GC(258) Eden regions: 14->0(161)
[117.069s][info][gc,heap        ] GC(258) Survivor regions: 1->1(2)
[117.069s][info][gc,heap        ] GC(258) Old regions: 9->9
[117.069s][info][gc,heap        ] GC(258) Archive regions: 0->0
[117.069s][info][gc,heap        ] GC(258) Humongous regions: 0->0
[117.069s][info][gc,metaspace   ] GC(258) Metaspace: 9890K(10240K)->9890K(10240K) NonClass: 8586K(8832K)->8586K(8832K) Class: 1303K(1408K)->1303K(1408K)
[117.069s][info][gc             ] GC(258) Pause Young (Normal) (G1 Evacuation Pause) 19M->5M(270M) 7.301ms
[117.069s][info][gc,cpu         ] GC(258) User=0.00s Sys=0.00s Real=0.00s
[117.811s][info][gc,start       ] GC(259) Pause Young (Normal) (G1 Evacuation Pause)
[117.811s][info][gc,task        ] GC(259) Using 6 workers of 33 for evacuation
[117.813s][info][gc,phases      ] GC(259)   Pre Evacuate Collection Set: 0.1ms
[117.813s][info][gc,phases      ] GC(259)   Merge Heap Roots: 0.1ms
[117.813s][info][gc,phases      ] GC(259)   Evacuate Collection Set: 1.5ms
[117.813s][info][gc,phases      ] GC(259)   Post Evacuate Collection Set: 0.3ms
[117.813s][info][gc,phases      ] GC(259)   Other: 0.1ms
[117.813s][info][gc,heap        ] GC(259) Eden regions: 161->0(160)
[117.814s][info][gc,heap        ] GC(259) Survivor regions: 1->2(21)
[117.814s][info][gc,heap        ] GC(259) Old regions: 9->9
[117.814s][info][gc,heap        ] GC(259) Archive regions: 0->0
[117.814s][info][gc,heap        ] GC(259) Humongous regions: 0->0
[117.814s][info][gc,metaspace   ] GC(259) Metaspace: 9890K(10240K)->9890K(10240K) NonClass: 8586K(8832K)->8586K(8832K) Class: 1303K(1408K)->1303K(1408K)
[117.814s][info][gc             ] GC(259) Pause Young (Normal) (G1 Evacuation Pause) 166M->5M(270M) 2.695ms
[117.814s][info][gc,cpu         ] GC(259) User=0.00s Sys=0.00s Real=0.00s
[118.507s][info][gc,start       ] GC(260) Pause Young (Normal) (G1 Evacuation Pause)
[118.508s][info][gc,task        ] GC(260) Using 6 workers of 33 for evacuation
[118.510s][info][gc,phases      ] GC(260)   Pre Evacuate Collection Set: 0.1ms
[118.510s][info][gc,phases      ] GC(260)   Merge Heap Roots: 0.1ms
[118.510s][info][gc,phases      ] GC(260)   Evacuate Collection Set: 1.2ms
[118.510s][info][gc,phases      ] GC(260)   Post Evacuate Collection Set: 0.4ms
[118.510s][info][gc,phases      ] GC(260)   Other: 0.1ms
[118.510s][info][gc,heap        ] GC(260) Eden regions: 160->0(160)
[118.510s][info][gc,heap        ] GC(260) Survivor regions: 2->2(21)
[118.510s][info][gc,heap        ] GC(260) Old regions: 9->9
[118.510s][info][gc,heap        ] GC(260) Archive regions: 0->0
[118.510s][info][gc,heap        ] GC(260) Humongous regions: 0->0
[118.510s][info][gc,metaspace   ] GC(260) Metaspace: 9890K(10240K)->9890K(10240K) NonClass: 8586K(8832K)->8586K(8832K) Class: 1303K(1408K)->1303K(1408K)
[118.510s][info][gc             ] GC(260) Pause Young (Normal) (G1 Evacuation Pause) 165M->5M(270M) 2.489ms
[118.510s][info][gc,cpu         ] GC(260) User=0.00s Sys=0.00s Real=0.01s
[119.221s][info][gc,start       ] GC(261) Pause Young (Normal) (G1 Evacuation Pause)
[119.222s][info][gc,task        ] GC(261) Using 6 workers of 33 for evacuation
[119.223s][info][gc,phases      ] GC(261)   Pre Evacuate Collection Set: 0.1ms
[119.223s][info][gc,phases      ] GC(261)   Merge Heap Roots: 0.1ms
[119.223s][info][gc,phases      ] GC(261)   Evacuate Collection Set: 1.1ms
[119.223s][info][gc,phases      ] GC(261)   Post Evacuate Collection Set: 0.3ms
[119.223s][info][gc,phases      ] GC(261)   Other: 0.1ms
[119.223s][info][gc,heap        ] GC(261) Eden regions: 160->0(160)
[119.224s][info][gc,heap        ] GC(261) Survivor regions: 2->2(21)
[119.224s][info][gc,heap        ] GC(261) Old regions: 9->9
[119.224s][info][gc,heap        ] GC(261) Archive regions: 0->0
[119.224s][info][gc,heap        ] GC(261) Humongous regions: 0->0
[119.224s][info][gc,metaspace   ] GC(261) Metaspace: 9890K(10240K)->9890K(10240K) NonClass: 8586K(8832K)->8586K(8832K) Class: 1303K(1408K)->1303K(1408K)
[119.224s][info][gc             ] GC(261) Pause Young (Normal) (G1 Evacuation Pause) 165M->5M(270M) 2.354ms
[119.224s][info][gc,cpu         ] GC(261) User=0.00s Sys=0.00s Real=0.00s
[119.925s][info][gc,start       ] GC(262) Pause Young (Normal) (G1 Evacuation Pause)
[119.926s][info][gc,task        ] GC(262) Using 6 workers of 33 for evacuation
[119.928s][info][gc,phases      ] GC(262)   Pre Evacuate Collection Set: 0.1ms
[119.928s][info][gc,phases      ] GC(262)   Merge Heap Roots: 0.1ms
[119.928s][info][gc,phases      ] GC(262)   Evacuate Collection Set: 1.4ms
[119.928s][info][gc,phases      ] GC(262)   Post Evacuate Collection Set: 0.4ms
[119.928s][info][gc,phases      ] GC(262)   Other: 0.1ms
[119.928s][info][gc,heap        ] GC(262) Eden regions: 160->0(160)
[119.928s][info][gc,heap        ] GC(262) Survivor regions: 2->2(21)
[119.928s][info][gc,heap        ] GC(262) Old regions: 9->9
[119.928s][info][gc,heap        ] GC(262) Archive regions: 0->0
[119.928s][info][gc,heap        ] GC(262) Humongous regions: 0->0
[119.928s][info][gc,metaspace   ] GC(262) Metaspace: 9890K(10240K)->9890K(10240K) NonClass: 8586K(8832K)->8586K(8832K) Class: 1303K(1408K)->1303K(1408K)
[119.928s][info][gc             ] GC(262) Pause Young (Normal) (G1 Evacuation Pause) 165M->5M(270M) 2.646ms
[119.928s][info][gc,cpu         ] GC(262) User=0.00s Sys=0.00s Real=0.00s
[120.640s][info][gc,start       ] GC(263) Pause Young (Normal) (G1 Evacuation Pause)
[120.641s][info][gc,task        ] GC(263) Using 6 workers of 33 for evacuation
[120.643s][info][gc,phases      ] GC(263)   Pre Evacuate Collection Set: 0.1ms
[120.643s][info][gc,phases      ] GC(263)   Merge Heap Roots: 0.1ms
[120.643s][info][gc,phases      ] GC(263)   Evacuate Collection Set: 1.4ms
[120.643s][info][gc,phases      ] GC(263)   Post Evacuate Collection Set: 0.3ms
[120.643s][info][gc,phases      ] GC(263)   Other: 0.1ms
[120.643s][info][gc,heap        ] GC(263) Eden regions: 160->0(160)
[120.643s][info][gc,heap        ] GC(263) Survivor regions: 2->2(21)
[120.643s][info][gc,heap        ] GC(263) Old regions: 9->9
[120.643s][info][gc,heap        ] GC(263) Archive regions: 0->0
[120.643s][info][gc,heap        ] GC(263) Humongous regions: 0->0
[120.643s][info][gc,metaspace   ] GC(263) Metaspace: 9890K(10240K)->9890K(10240K) NonClass: 8586K(8832K)->8586K(8832K) Class: 1303K(1408K)->1303K(1408K)
[120.643s][info][gc             ] GC(263) Pause Young (Normal) (G1 Evacuation Pause) 165M->5M(270M) 2.619ms
[120.643s][info][gc,cpu         ] GC(263) User=0.00s Sys=0.00s Real=0.00s
[121.342s][info][gc,start       ] GC(264) Pause Young (Normal) (G1 Evacuation Pause)
[121.343s][info][gc,task        ] GC(264) Using 6 workers of 33 for evacuation
[121.345s][info][gc,phases      ] GC(264)   Pre Evacuate Collection Set: 0.1ms
[121.345s][info][gc,phases      ] GC(264)   Merge Heap Roots: 0.1ms
[121.345s][info][gc,phases      ] GC(264)   Evacuate Collection Set: 1.4ms
[121.345s][info][gc,phases      ] GC(264)   Post Evacuate Collection Set: 0.3ms
[121.345s][info][gc,phases      ] GC(264)   Other: 0.1ms
[121.345s][info][gc,heap        ] GC(264) Eden regions: 160->0(160)
[121.345s][info][gc,heap        ] GC(264) Survivor regions: 2->2(21)
[121.345s][info][gc,heap        ] GC(264) Old regions: 9->9
[121.345s][info][gc,heap        ] GC(264) Archive regions: 0->0
[121.345s][info][gc,heap        ] GC(264) Humongous regions: 0->0
[121.345s][info][gc,metaspace   ] GC(264) Metaspace: 9890K(10240K)->9890K(10240K) NonClass: 8586K(8832K)->8586K(8832K) Class: 1303K(1408K)->1303K(1408K)
[121.345s][info][gc             ] GC(264) Pause Young (Normal) (G1 Evacuation Pause) 165M->5M(270M) 2.623ms
[121.345s][info][gc,cpu         ] GC(264) User=0.00s Sys=0.00s Real=0.00s
[122.059s][info][gc,start       ] GC(265) Pause Young (Normal) (G1 Evacuation Pause)
[122.059s][info][gc,task        ] GC(265) Using 6 workers of 33 for evacuation
[122.062s][info][gc,phases      ] GC(265)   Pre Evacuate Collection Set: 0.1ms
[122.062s][info][gc,phases      ] GC(265)   Merge Heap Roots: 0.1ms
[122.062s][info][gc,phases      ] GC(265)   Evacuate Collection Set: 1.3ms
[122.062s][info][gc,phases      ] GC(265)   Post Evacuate Collection Set: 0.6ms
[122.062s][info][gc,phases      ] GC(265)   Other: 0.1ms
[122.062s][info][gc,heap        ] GC(265) Eden regions: 160->0(160)
[122.062s][info][gc,heap        ] GC(265) Survivor regions: 2->2(21)
[122.062s][info][gc,heap        ] GC(265) Old regions: 9->9
[122.062s][info][gc,heap        ] GC(265) Archive regions: 0->0
[122.062s][info][gc,heap        ] GC(265) Humongous regions: 0->0
[122.062s][info][gc,metaspace   ] GC(265) Metaspace: 9890K(10240K)->9890K(10240K) NonClass: 8586K(8832K)->8586K(8832K) Class: 1303K(1408K)->1303K(1408K)
[122.062s][info][gc             ] GC(265) Pause Young (Normal) (G1 Evacuation Pause) 165M->5M(270M) 2.845ms
[122.062s][info][gc,cpu         ] GC(265) User=0.00s Sys=0.00s Real=0.00s
[122.769s][info][gc,start       ] GC(266) Pause Young (Normal) (G1 Evacuation Pause)
[122.769s][info][gc,task        ] GC(266) Using 6 workers of 33 for evacuation
[122.771s][info][gc,phases      ] GC(266)   Pre Evacuate Collection Set: 0.1ms
[122.771s][info][gc,phases      ] GC(266)   Merge Heap Roots: 0.1ms
[122.771s][info][gc,phases      ] GC(266)   Evacuate Collection Set: 1.3ms
[122.771s][info][gc,phases      ] GC(266)   Post Evacuate Collection Set: 0.3ms
[122.771s][info][gc,phases      ] GC(266)   Other: 0.1ms
[122.772s][info][gc,heap        ] GC(266) Eden regions: 160->0(160)
[122.772s][info][gc,heap        ] GC(266) Survivor regions: 2->2(21)
[122.772s][info][gc,heap        ] GC(266) Old regions: 9->9
[122.772s][info][gc,heap        ] GC(266) Archive regions: 0->0
[122.772s][info][gc,heap        ] GC(266) Humongous regions: 0->0
[122.772s][info][gc,metaspace   ] GC(266) Metaspace: 9890K(10240K)->9890K(10240K) NonClass: 8586K(8832K)->8586K(8832K) Class: 1303K(1408K)->1303K(1408K)
[122.772s][info][gc             ] GC(266) Pause Young (Normal) (G1 Evacuation Pause) 165M->5M(270M) 2.511ms
[122.772s][info][gc,cpu         ] GC(266) User=0.00s Sys=0.00s Real=0.00s
[123.483s][info][gc,start       ] GC(267) Pause Young (Normal) (G1 Evacuation Pause)
[123.483s][info][gc,task        ] GC(267) Using 6 workers of 33 for evacuation
[123.486s][info][gc,phases      ] GC(267)   Pre Evacuate Collection Set: 0.1ms
[123.486s][info][gc,phases      ] GC(267)   Merge Heap Roots: 0.1ms
[123.486s][info][gc,phases      ] GC(267)   Evacuate Collection Set: 1.4ms
[123.486s][info][gc,phases      ] GC(267)   Post Evacuate Collection Set: 0.4ms
[123.486s][info][gc,phases      ] GC(267)   Other: 0.1ms
[123.486s][info][gc,heap        ] GC(267) Eden regions: 160->0(160)
[123.486s][info][gc,heap        ] GC(267) Survivor regions: 2->2(21)
[123.486s][info][gc,heap        ] GC(267) Old regions: 9->9
[123.486s][info][gc,heap        ] GC(267) Archive regions: 0->0
[123.486s][info][gc,heap        ] GC(267) Humongous regions: 0->0
[123.486s][info][gc,metaspace   ] GC(267) Metaspace: 9890K(10240K)->9890K(10240K) NonClass: 8586K(8832K)->8586K(8832K) Class: 1303K(1408K)->1303K(1408K)
[123.486s][info][gc             ] GC(267) Pause Young (Normal) (G1 Evacuation Pause) 165M->5M(270M) 2.591ms
[123.486s][info][gc,cpu         ] GC(267) User=0.00s Sys=0.00s Real=0.00s
[123.855s][info][gc,start       ] GC(268) Pause Full (System.gc())
[123.856s][info][gc,task        ] GC(268) Using 6 workers of 33 for full compaction
[123.856s][info][gc,phases,start] GC(268) Phase 1: Mark live objects
[123.861s][info][gc,phases      ] GC(268) Phase 1: Mark live objects 5.351ms
[123.861s][info][gc,phases,start] GC(268) Phase 2: Prepare compaction
[123.863s][info][gc,phases      ] GC(268) Phase 2: Prepare compaction 1.211ms
[123.863s][info][gc,phases,start] GC(268) Phase 3: Adjust pointers
[123.866s][info][gc,phases      ] GC(268) Phase 3: Adjust pointers 3.810ms
[123.866s][info][gc,phases,start] GC(268) Phase 4: Compact heap
[123.867s][info][gc,phases      ] GC(268) Phase 4: Compact heap 0.578ms
[123.872s][info][gc,heap        ] GC(268) Eden regions: 85->0(16)
[123.872s][info][gc,heap        ] GC(268) Survivor regions: 2->0(21)
[123.872s][info][gc,heap        ] GC(268) Old regions: 9->8
[123.872s][info][gc,heap        ] GC(268) Archive regions: 0->0
[123.872s][info][gc,heap        ] GC(268) Humongous regions: 0->0
[123.872s][info][gc,metaspace   ] GC(268) Metaspace: 9890K(10240K)->9890K(10240K) NonClass: 8586K(8832K)->8586K(8832K) Class: 1303K(1408K)->1303K(1408K)
[123.872s][info][gc             ] GC(268) Pause Full (System.gc()) 89M->3M(27M) 16.364ms
[123.872s][info][gc,cpu         ] GC(268) User=0.00s Sys=0.02s Real=0.02s
[123.943s][info][gc,start       ] GC(269) Pause Young (Normal) (G1 Evacuation Pause)
[123.943s][info][gc,task        ] GC(269) Using 4 workers of 33 for evacuation
[123.946s][info][gc,phases      ] GC(269)   Pre Evacuate Collection Set: 0.1ms
[123.946s][info][gc,phases      ] GC(269)   Merge Heap Roots: 0.1ms
[123.946s][info][gc,phases      ] GC(269)   Evacuate Collection Set: 2.0ms
[123.946s][info][gc,phases      ] GC(269)   Post Evacuate Collection Set: 0.2ms
[123.946s][info][gc,phases      ] GC(269)   Other: 0.1ms
[123.946s][info][gc,heap        ] GC(269) Eden regions: 16->0(13)
[123.946s][info][gc,heap        ] GC(269) Survivor regions: 0->2(2)
[123.946s][info][gc,heap        ] GC(269) Old regions: 8->8
[123.946s][info][gc,heap        ] GC(269) Archive regions: 0->0
[123.946s][info][gc,heap        ] GC(269) Humongous regions: 0->0
[123.946s][info][gc,metaspace   ] GC(269) Metaspace: 9890K(10240K)->9890K(10240K) NonClass: 8586K(8832K)->8586K(8832K) Class: 1303K(1408K)->1303K(1408K)
[123.946s][info][gc             ] GC(269) Pause Young (Normal) (G1 Evacuation Pause) 19M->5M(27M) 2.990ms
[123.946s][info][gc,cpu         ] GC(269) User=0.00s Sys=0.00s Real=0.00s
[124.000s][info][gc,start       ] GC(270) Pause Young (Normal) (G1 Evacuation Pause)
[124.001s][info][gc,task        ] GC(270) Using 3 workers of 33 for evacuation
[124.003s][info][gc,phases      ] GC(270)   Pre Evacuate Collection Set: 0.1ms
[124.003s][info][gc,phases      ] GC(270)   Merge Heap Roots: 0.1ms
[124.003s][info][gc,phases      ] GC(270)   Evacuate Collection Set: 2.2ms
[124.003s][info][gc,phases      ] GC(270)   Post Evacuate Collection Set: 0.2ms
[124.003s][info][gc,phases      ] GC(270)   Other: 0.1ms
[124.003s][info][gc,heap        ] GC(270) Eden regions: 13->0(14)
[124.003s][info][gc,heap        ] GC(270) Survivor regions: 2->1(2)
[124.003s][info][gc,heap        ] GC(270) Old regions: 8->9
[124.003s][info][gc,heap        ] GC(270) Archive regions: 0->0
[124.003s][info][gc,heap        ] GC(270) Humongous regions: 0->0
[124.003s][info][gc,metaspace   ] GC(270) Metaspace: 9890K(10240K)->9890K(10240K) NonClass: 8586K(8832K)->8586K(8832K) Class: 1303K(1408K)->1303K(1408K)
[124.004s][info][gc             ] GC(270) Pause Young (Normal) (G1 Evacuation Pause) 18M->5M(27M) 3.135ms
[124.004s][info][gc,cpu         ] GC(270) User=0.00s Sys=0.02s Real=0.02s
[124.061s][info][gc,start       ] GC(271) Pause Young (Normal) (G1 Evacuation Pause)
[124.061s][info][gc,task        ] GC(271) Using 2 workers of 33 for evacuation
[124.064s][info][gc,phases      ] GC(271)   Pre Evacuate Collection Set: 0.1ms
[124.064s][info][gc,phases      ] GC(271)   Merge Heap Roots: 0.0ms
[124.064s][info][gc,phases      ] GC(271)   Evacuate Collection Set: 2.2ms
[124.064s][info][gc,phases      ] GC(271)   Post Evacuate Collection Set: 0.2ms
[124.064s][info][gc,phases      ] GC(271)   Other: 0.1ms
[124.064s][info][gc,heap        ] GC(271) Eden regions: 14->0(12)
[124.064s][info][gc,heap        ] GC(271) Survivor regions: 1->2(2)
[124.064s][info][gc,heap        ] GC(271) Old regions: 9->9
[124.064s][info][gc,heap        ] GC(271) Archive regions: 0->0
[124.064s][info][gc,heap        ] GC(271) Humongous regions: 0->0
[124.064s][info][gc,metaspace   ] GC(271) Metaspace: 9890K(10240K)->9890K(10240K) NonClass: 8586K(8832K)->8586K(8832K) Class: 1303K(1408K)->1303K(1408K)
[124.064s][info][gc             ] GC(271) Pause Young (Normal) (G1 Evacuation Pause) 19M->5M(27M) 3.061ms
[124.064s][info][gc,cpu         ] GC(271) User=0.03s Sys=0.00s Real=0.02s
[124.113s][info][gc,start       ] GC(272) Pause Young (Normal) (G1 Evacuation Pause)
[124.113s][info][gc,task        ] GC(272) Using 2 workers of 33 for evacuation
[124.117s][info][gc,phases      ] GC(272)   Pre Evacuate Collection Set: 0.1ms
[124.117s][info][gc,phases      ] GC(272)   Merge Heap Roots: 0.0ms
[124.117s][info][gc,phases      ] GC(272)   Evacuate Collection Set: 3.5ms
[124.117s][info][gc,phases      ] GC(272)   Post Evacuate Collection Set: 0.2ms
[124.117s][info][gc,phases      ] GC(272)   Other: 0.1ms
[124.117s][info][gc,heap        ] GC(272) Eden regions: 12->0(14)
[124.117s][info][gc,heap        ] GC(272) Survivor regions: 2->1(2)
[124.118s][info][gc,heap        ] GC(272) Old regions: 9->9
[124.118s][info][gc,heap        ] GC(272) Archive regions: 0->0
[124.118s][info][gc,heap        ] GC(272) Humongous regions: 0->0
[124.118s][info][gc,metaspace   ] GC(272) Metaspace: 9890K(10240K)->9890K(10240K) NonClass: 8586K(8832K)->8586K(8832K) Class: 1303K(1408K)->1303K(1408K)
[124.118s][info][gc             ] GC(272) Pause Young (Normal) (G1 Evacuation Pause) 17M->5M(27M) 4.417ms
[124.118s][info][gc,cpu         ] GC(272) User=0.00s Sys=0.00s Real=0.00s
[124.178s][info][gc,start       ] GC(273) Pause Young (Normal) (G1 Evacuation Pause)
[124.178s][info][gc,task        ] GC(273) Using 2 workers of 33 for evacuation
[124.181s][info][gc,phases      ] GC(273)   Pre Evacuate Collection Set: 0.1ms
[124.181s][info][gc,phases      ] GC(273)   Merge Heap Roots: 0.0ms
[124.181s][info][gc,phases      ] GC(273)   Evacuate Collection Set: 2.3ms
[124.181s][info][gc,phases      ] GC(273)   Post Evacuate Collection Set: 0.2ms
[124.181s][info][gc,phases      ] GC(273)   Other: 0.1ms
[124.181s][info][gc,heap        ] GC(273) Eden regions: 14->0(14)
[124.181s][info][gc,heap        ] GC(273) Survivor regions: 1->1(2)
[124.181s][info][gc,heap        ] GC(273) Old regions: 9->9
[124.181s][info][gc,heap        ] GC(273) Archive regions: 0->0
[124.181s][info][gc,heap        ] GC(273) Humongous regions: 0->0
[124.181s][info][gc,metaspace   ] GC(273) Metaspace: 9890K(10240K)->9890K(10240K) NonClass: 8586K(8832K)->8586K(8832K) Class: 1303K(1408K)->1303K(1408K)
[124.181s][info][gc             ] GC(273) Pause Young (Normal) (G1 Evacuation Pause) 19M->5M(27M) 3.127ms
[124.181s][info][gc,cpu         ] GC(273) User=0.00s Sys=0.00s Real=0.00s
[124.241s][info][gc,start       ] GC(274) Pause Young (Normal) (G1 Evacuation Pause)
[124.242s][info][gc,task        ] GC(274) Using 2 workers of 33 for evacuation
[124.248s][info][gc,phases      ] GC(274)   Pre Evacuate Collection Set: 0.1ms
[124.248s][info][gc,phases      ] GC(274)   Merge Heap Roots: 0.0ms
[124.248s][info][gc,phases      ] GC(274)   Evacuate Collection Set: 2.6ms
[124.248s][info][gc,phases      ] GC(274)   Post Evacuate Collection Set: 3.8ms
[124.248s][info][gc,phases      ] GC(274)   Other: 0.1ms
[124.248s][info][gc,heap        ] GC(274) Eden regions: 14->0(161)
[124.248s][info][gc,heap        ] GC(274) Survivor regions: 1->1(2)
[124.248s][info][gc,heap        ] GC(274) Old regions: 9->9
[124.248s][info][gc,heap        ] GC(274) Archive regions: 0->0
[124.248s][info][gc,heap        ] GC(274) Humongous regions: 0->0
[124.249s][info][gc,metaspace   ] GC(274) Metaspace: 9890K(10240K)->9890K(10240K) NonClass: 8586K(8832K)->8586K(8832K) Class: 1303K(1408K)->1303K(1408K)
[124.249s][info][gc             ] GC(274) Pause Young (Normal) (G1 Evacuation Pause) 19M->5M(270M) 7.214ms
[124.249s][info][gc,cpu         ] GC(274) User=0.00s Sys=0.00s Real=0.00s
[124.989s][info][gc,start       ] GC(275) Pause Young (Normal) (G1 Evacuation Pause)
[124.989s][info][gc,task        ] GC(275) Using 6 workers of 33 for evacuation
[124.991s][info][gc,phases      ] GC(275)   Pre Evacuate Collection Set: 0.1ms
[124.991s][info][gc,phases      ] GC(275)   Merge Heap Roots: 0.1ms
[124.991s][info][gc,phases      ] GC(275)   Evacuate Collection Set: 1.4ms
[124.991s][info][gc,phases      ] GC(275)   Post Evacuate Collection Set: 0.3ms
[124.991s][info][gc,phases      ] GC(275)   Other: 0.1ms
[124.992s][info][gc,heap        ] GC(275) Eden regions: 161->0(160)
[124.992s][info][gc,heap        ] GC(275) Survivor regions: 1->2(21)
[124.992s][info][gc,heap        ] GC(275) Old regions: 9->9
[124.992s][info][gc,heap        ] GC(275) Archive regions: 0->0
[124.992s][info][gc,heap        ] GC(275) Humongous regions: 0->0
[124.992s][info][gc,metaspace   ] GC(275) Metaspace: 9890K(10240K)->9890K(10240K) NonClass: 8586K(8832K)->8586K(8832K) Class: 1303K(1408K)->1303K(1408K)
[124.992s][info][gc             ] GC(275) Pause Young (Normal) (G1 Evacuation Pause) 166M->5M(270M) 2.685ms
[124.992s][info][gc,cpu         ] GC(275) User=0.02s Sys=0.00s Real=0.02s
[125.702s][info][gc,start       ] GC(276) Pause Young (Normal) (G1 Evacuation Pause)
[125.703s][info][gc,task        ] GC(276) Using 6 workers of 33 for evacuation
[125.705s][info][gc,phases      ] GC(276)   Pre Evacuate Collection Set: 0.1ms
[125.705s][info][gc,phases      ] GC(276)   Merge Heap Roots: 0.1ms
[125.705s][info][gc,phases      ] GC(276)   Evacuate Collection Set: 1.3ms
[125.705s][info][gc,phases      ] GC(276)   Post Evacuate Collection Set: 0.3ms
[125.705s][info][gc,phases      ] GC(276)   Other: 0.1ms
[125.705s][info][gc,heap        ] GC(276) Eden regions: 160->0(160)
[125.705s][info][gc,heap        ] GC(276) Survivor regions: 2->2(21)
[125.705s][info][gc,heap        ] GC(276) Old regions: 9->9
[125.705s][info][gc,heap        ] GC(276) Archive regions: 0->0
[125.705s][info][gc,heap        ] GC(276) Humongous regions: 0->0
[125.705s][info][gc,metaspace   ] GC(276) Metaspace: 9890K(10240K)->9890K(10240K) NonClass: 8586K(8832K)->8586K(8832K) Class: 1303K(1408K)->1303K(1408K)
[125.705s][info][gc             ] GC(276) Pause Young (Normal) (G1 Evacuation Pause) 165M->5M(270M) 2.526ms
[125.705s][info][gc,cpu         ] GC(276) User=0.00s Sys=0.02s Real=0.00s
[126.406s][info][gc,start       ] GC(277) Pause Young (Normal) (G1 Evacuation Pause)
[126.406s][info][gc,task        ] GC(277) Using 6 workers of 33 for evacuation
[126.408s][info][gc,phases      ] GC(277)   Pre Evacuate Collection Set: 0.1ms
[126.408s][info][gc,phases      ] GC(277)   Merge Heap Roots: 0.1ms
[126.408s][info][gc,phases      ] GC(277)   Evacuate Collection Set: 1.1ms
[126.408s][info][gc,phases      ] GC(277)   Post Evacuate Collection Set: 0.3ms
[126.408s][info][gc,phases      ] GC(277)   Other: 0.1ms
[126.408s][info][gc,heap        ] GC(277) Eden regions: 160->0(161)
[126.408s][info][gc,heap        ] GC(277) Survivor regions: 2->1(21)
[126.408s][info][gc,heap        ] GC(277) Old regions: 9->9
[126.408s][info][gc,heap        ] GC(277) Archive regions: 0->0
[126.408s][info][gc,heap        ] GC(277) Humongous regions: 0->0
[126.408s][info][gc,metaspace   ] GC(277) Metaspace: 9890K(10240K)->9890K(10240K) NonClass: 8586K(8832K)->8586K(8832K) Class: 1303K(1408K)->1303K(1408K)
[126.408s][info][gc             ] GC(277) Pause Young (Normal) (G1 Evacuation Pause) 165M->5M(270M) 2.387ms
[126.408s][info][gc,cpu         ] GC(277) User=0.00s Sys=0.00s Real=0.00s
[127.104s][info][gc,start       ] GC(278) Pause Young (Normal) (G1 Evacuation Pause)
[127.104s][info][gc,task        ] GC(278) Using 6 workers of 33 for evacuation
[127.106s][info][gc,phases      ] GC(278)   Pre Evacuate Collection Set: 0.1ms
[127.106s][info][gc,phases      ] GC(278)   Merge Heap Roots: 0.1ms
[127.106s][info][gc,phases      ] GC(278)   Evacuate Collection Set: 1.3ms
[127.106s][info][gc,phases      ] GC(278)   Post Evacuate Collection Set: 0.3ms
[127.106s][info][gc,phases      ] GC(278)   Other: 0.1ms
[127.106s][info][gc,heap        ] GC(278) Eden regions: 161->0(161)
[127.106s][info][gc,heap        ] GC(278) Survivor regions: 1->1(21)
[127.106s][info][gc,heap        ] GC(278) Old regions: 9->9
[127.106s][info][gc,heap        ] GC(278) Archive regions: 0->0
[127.106s][info][gc,heap        ] GC(278) Humongous regions: 0->0
[127.106s][info][gc,metaspace   ] GC(278) Metaspace: 9890K(10240K)->9890K(10240K) NonClass: 8586K(8832K)->8586K(8832K) Class: 1303K(1408K)->1303K(1408K)
[127.106s][info][gc             ] GC(278) Pause Young (Normal) (G1 Evacuation Pause) 166M->5M(270M) 2.477ms
[127.106s][info][gc,cpu         ] GC(278) User=0.00s Sys=0.00s Real=0.00s
[127.809s][info][gc,start       ] GC(279) Pause Young (Normal) (G1 Evacuation Pause)
[127.809s][info][gc,task        ] GC(279) Using 6 workers of 33 for evacuation
[127.811s][info][gc,phases      ] GC(279)   Pre Evacuate Collection Set: 0.1ms
[127.811s][info][gc,phases      ] GC(279)   Merge Heap Roots: 0.1ms
[127.811s][info][gc,phases      ] GC(279)   Evacuate Collection Set: 1.1ms
[127.811s][info][gc,phases      ] GC(279)   Post Evacuate Collection Set: 0.3ms
[127.811s][info][gc,phases      ] GC(279)   Other: 0.1ms
[127.811s][info][gc,heap        ] GC(279) Eden regions: 161->0(160)
[127.811s][info][gc,heap        ] GC(279) Survivor regions: 1->2(21)
[127.811s][info][gc,heap        ] GC(279) Old regions: 9->9
[127.811s][info][gc,heap        ] GC(279) Archive regions: 0->0
[127.811s][info][gc,heap        ] GC(279) Humongous regions: 0->0
[127.811s][info][gc,metaspace   ] GC(279) Metaspace: 9890K(10240K)->9890K(10240K) NonClass: 8586K(8832K)->8586K(8832K) Class: 1303K(1408K)->1303K(1408K)
[127.811s][info][gc             ] GC(279) Pause Young (Normal) (G1 Evacuation Pause) 166M->5M(270M) 2.315ms
[127.811s][info][gc,cpu         ] GC(279) User=0.00s Sys=0.00s Real=0.00s
[128.517s][info][gc,start       ] GC(280) Pause Young (Normal) (G1 Evacuation Pause)
[128.517s][info][gc,task        ] GC(280) Using 6 workers of 33 for evacuation
[128.519s][info][gc,phases      ] GC(280)   Pre Evacuate Collection Set: 0.1ms
[128.519s][info][gc,phases      ] GC(280)   Merge Heap Roots: 0.1ms
[128.519s][info][gc,phases      ] GC(280)   Evacuate Collection Set: 1.2ms
[128.519s][info][gc,phases      ] GC(280)   Post Evacuate Collection Set: 0.3ms
[128.519s][info][gc,phases      ] GC(280)   Other: 0.1ms
[128.519s][info][gc,heap        ] GC(280) Eden regions: 160->0(161)
[128.519s][info][gc,heap        ] GC(280) Survivor regions: 2->1(21)
[128.519s][info][gc,heap        ] GC(280) Old regions: 9->9
[128.519s][info][gc,heap        ] GC(280) Archive regions: 0->0
[128.519s][info][gc,heap        ] GC(280) Humongous regions: 0->0
[128.519s][info][gc,metaspace   ] GC(280) Metaspace: 9890K(10240K)->9890K(10240K) NonClass: 8586K(8832K)->8586K(8832K) Class: 1303K(1408K)->1303K(1408K)
[128.519s][info][gc             ] GC(280) Pause Young (Normal) (G1 Evacuation Pause) 165M->5M(270M) 2.382ms
[128.519s][info][gc,cpu         ] GC(280) User=0.00s Sys=0.00s Real=0.00s
[129.224s][info][gc,start       ] GC(281) Pause Young (Normal) (G1 Evacuation Pause)
[129.224s][info][gc,task        ] GC(281) Using 6 workers of 33 for evacuation
[129.226s][info][gc,phases      ] GC(281)   Pre Evacuate Collection Set: 0.1ms
[129.226s][info][gc,phases      ] GC(281)   Merge Heap Roots: 0.1ms
[129.226s][info][gc,phases      ] GC(281)   Evacuate Collection Set: 1.3ms
[129.226s][info][gc,phases      ] GC(281)   Post Evacuate Collection Set: 0.3ms
[129.226s][info][gc,phases      ] GC(281)   Other: 0.1ms
[129.226s][info][gc,heap        ] GC(281) Eden regions: 161->0(160)
[129.226s][info][gc,heap        ] GC(281) Survivor regions: 1->2(21)
[129.226s][info][gc,heap        ] GC(281) Old regions: 9->9
[129.226s][info][gc,heap        ] GC(281) Archive regions: 0->0
[129.226s][info][gc,heap        ] GC(281) Humongous regions: 0->0
[129.226s][info][gc,metaspace   ] GC(281) Metaspace: 9890K(10240K)->9890K(10240K) NonClass: 8586K(8832K)->8586K(8832K) Class: 1303K(1408K)->1303K(1408K)
[129.226s][info][gc             ] GC(281) Pause Young (Normal) (G1 Evacuation Pause) 166M->5M(270M) 2.503ms
[129.226s][info][gc,cpu         ] GC(281) User=0.00s Sys=0.00s Real=0.00s
[129.923s][info][gc,start       ] GC(282) Pause Young (Normal) (G1 Evacuation Pause)
[129.923s][info][gc,task        ] GC(282) Using 6 workers of 33 for evacuation
[129.925s][info][gc,phases      ] GC(282)   Pre Evacuate Collection Set: 0.1ms
[129.925s][info][gc,phases      ] GC(282)   Merge Heap Roots: 0.1ms
[129.925s][info][gc,phases      ] GC(282)   Evacuate Collection Set: 1.2ms
[129.925s][info][gc,phases      ] GC(282)   Post Evacuate Collection Set: 0.3ms
[129.925s][info][gc,phases      ] GC(282)   Other: 0.1ms
[129.925s][info][gc,heap        ] GC(282) Eden regions: 160->0(160)
[129.925s][info][gc,heap        ] GC(282) Survivor regions: 2->2(21)
[129.925s][info][gc,heap        ] GC(282) Old regions: 9->9
[129.925s][info][gc,heap        ] GC(282) Archive regions: 0->0
[129.925s][info][gc,heap        ] GC(282) Humongous regions: 0->0
[129.925s][info][gc,metaspace   ] GC(282) Metaspace: 9890K(10240K)->9890K(10240K) NonClass: 8586K(8832K)->8586K(8832K) Class: 1303K(1408K)->1303K(1408K)
[129.925s][info][gc             ] GC(282) Pause Young (Normal) (G1 Evacuation Pause) 165M->5M(270M) 2.399ms
[129.926s][info][gc,cpu         ] GC(282) User=0.00s Sys=0.00s Real=0.00s
[130.625s][info][gc,start       ] GC(283) Pause Young (Normal) (G1 Evacuation Pause)
[130.625s][info][gc,task        ] GC(283) Using 6 workers of 33 for evacuation
[130.627s][info][gc,phases      ] GC(283)   Pre Evacuate Collection Set: 0.1ms
[130.627s][info][gc,phases      ] GC(283)   Merge Heap Roots: 0.1ms
[130.627s][info][gc,phases      ] GC(283)   Evacuate Collection Set: 1.1ms
[130.627s][info][gc,phases      ] GC(283)   Post Evacuate Collection Set: 0.3ms
[130.627s][info][gc,phases      ] GC(283)   Other: 0.1ms
[130.627s][info][gc,heap        ] GC(283) Eden regions: 160->0(160)
[130.627s][info][gc,heap        ] GC(283) Survivor regions: 2->2(21)
[130.628s][info][gc,heap        ] GC(283) Old regions: 9->9
[130.628s][info][gc,heap        ] GC(283) Archive regions: 0->0
[130.628s][info][gc,heap        ] GC(283) Humongous regions: 0->0
[130.628s][info][gc,metaspace   ] GC(283) Metaspace: 9890K(10240K)->9890K(10240K) NonClass: 8586K(8832K)->8586K(8832K) Class: 1303K(1408K)->1303K(1408K)
[130.628s][info][gc             ] GC(283) Pause Young (Normal) (G1 Evacuation Pause) 165M->5M(270M) 2.361ms
[130.628s][info][gc,cpu         ] GC(283) User=0.00s Sys=0.00s Real=0.00s
[130.990s][info][gc,start       ] GC(284) Pause Full (System.gc())
[130.990s][info][gc,task        ] GC(284) Using 6 workers of 33 for full compaction
[130.990s][info][gc,phases,start] GC(284) Phase 1: Mark live objects
[130.996s][info][gc,phases      ] GC(284) Phase 1: Mark live objects 5.383ms
[130.996s][info][gc,phases,start] GC(284) Phase 2: Prepare compaction
[130.997s][info][gc,phases      ] GC(284) Phase 2: Prepare compaction 1.168ms
[130.997s][info][gc,phases,start] GC(284) Phase 3: Adjust pointers
[131.001s][info][gc,phases      ] GC(284) Phase 3: Adjust pointers 3.747ms
[131.001s][info][gc,phases,start] GC(284) Phase 4: Compact heap
[131.001s][info][gc,phases      ] GC(284) Phase 4: Compact heap 0.573ms
[131.006s][info][gc,heap        ] GC(284) Eden regions: 81->0(16)
[131.006s][info][gc,heap        ] GC(284) Survivor regions: 2->0(21)
[131.006s][info][gc,heap        ] GC(284) Old regions: 9->8
[131.006s][info][gc,heap        ] GC(284) Archive regions: 0->0
[131.006s][info][gc,heap        ] GC(284) Humongous regions: 0->0
[131.006s][info][gc,metaspace   ] GC(284) Metaspace: 9891K(10240K)->9891K(10240K) NonClass: 8588K(8832K)->8588K(8832K) Class: 1303K(1408K)->1303K(1408K)
[131.006s][info][gc             ] GC(284) Pause Full (System.gc()) 85M->3M(27M) 16.267ms
[131.006s][info][gc,cpu         ] GC(284) User=0.02s Sys=0.00s Real=0.02s
[131.074s][info][gc,start       ] GC(285) Pause Young (Normal) (G1 Evacuation Pause)
[131.075s][info][gc,task        ] GC(285) Using 4 workers of 33 for evacuation
[131.077s][info][gc,phases      ] GC(285)   Pre Evacuate Collection Set: 0.1ms
[131.077s][info][gc,phases      ] GC(285)   Merge Heap Roots: 0.1ms
[131.077s][info][gc,phases      ] GC(285)   Evacuate Collection Set: 1.7ms
[131.077s][info][gc,phases      ] GC(285)   Post Evacuate Collection Set: 0.2ms
[131.077s][info][gc,phases      ] GC(285)   Other: 0.1ms
[131.077s][info][gc,heap        ] GC(285) Eden regions: 16->0(13)
[131.077s][info][gc,heap        ] GC(285) Survivor regions: 0->2(2)
[131.077s][info][gc,heap        ] GC(285) Old regions: 8->8
[131.077s][info][gc,heap        ] GC(285) Archive regions: 0->0
[131.077s][info][gc,heap        ] GC(285) Humongous regions: 0->0
[131.077s][info][gc,metaspace   ] GC(285) Metaspace: 9891K(10240K)->9891K(10240K) NonClass: 8588K(8832K)->8588K(8832K) Class: 1303K(1408K)->1303K(1408K)
[131.077s][info][gc             ] GC(285) Pause Young (Normal) (G1 Evacuation Pause) 19M->5M(27M) 2.599ms
[131.077s][info][gc,cpu         ] GC(285) User=0.00s Sys=0.00s Real=0.00s
[131.134s][info][gc,start       ] GC(286) Pause Young (Normal) (G1 Evacuation Pause)
[131.134s][info][gc,task        ] GC(286) Using 3 workers of 33 for evacuation
[131.137s][info][gc,phases      ] GC(286)   Pre Evacuate Collection Set: 0.1ms
[131.137s][info][gc,phases      ] GC(286)   Merge Heap Roots: 0.0ms
[131.137s][info][gc,phases      ] GC(286)   Evacuate Collection Set: 2.3ms
[131.137s][info][gc,phases      ] GC(286)   Post Evacuate Collection Set: 0.2ms
[131.137s][info][gc,phases      ] GC(286)   Other: 0.1ms
[131.137s][info][gc,heap        ] GC(286) Eden regions: 13->0(14)
[131.137s][info][gc,heap        ] GC(286) Survivor regions: 2->1(2)
[131.137s][info][gc,heap        ] GC(286) Old regions: 8->9
[131.137s][info][gc,heap        ] GC(286) Archive regions: 0->0
[131.137s][info][gc,heap        ] GC(286) Humongous regions: 0->0
[131.138s][info][gc,metaspace   ] GC(286) Metaspace: 9891K(10240K)->9891K(10240K) NonClass: 8588K(8832K)->8588K(8832K) Class: 1303K(1408K)->1303K(1408K)
[131.138s][info][gc             ] GC(286) Pause Young (Normal) (G1 Evacuation Pause) 18M->5M(27M) 3.314ms
[131.138s][info][gc,cpu         ] GC(286) User=0.00s Sys=0.00s Real=0.00s
[131.196s][info][gc,start       ] GC(287) Pause Young (Normal) (G1 Evacuation Pause)
[131.196s][info][gc,task        ] GC(287) Using 2 workers of 33 for evacuation
[131.199s][info][gc,phases      ] GC(287)   Pre Evacuate Collection Set: 0.1ms
[131.199s][info][gc,phases      ] GC(287)   Merge Heap Roots: 0.0ms
[131.199s][info][gc,phases      ] GC(287)   Evacuate Collection Set: 2.3ms
[131.199s][info][gc,phases      ] GC(287)   Post Evacuate Collection Set: 0.2ms
[131.199s][info][gc,phases      ] GC(287)   Other: 0.1ms
[131.199s][info][gc,heap        ] GC(287) Eden regions: 14->0(14)
[131.199s][info][gc,heap        ] GC(287) Survivor regions: 1->1(2)
[131.199s][info][gc,heap        ] GC(287) Old regions: 9->9
[131.199s][info][gc,heap        ] GC(287) Archive regions: 0->0
[131.199s][info][gc,heap        ] GC(287) Humongous regions: 0->0
[131.199s][info][gc,metaspace   ] GC(287) Metaspace: 9891K(10240K)->9891K(10240K) NonClass: 8588K(8832K)->8588K(8832K) Class: 1303K(1408K)->1303K(1408K)
[131.199s][info][gc             ] GC(287) Pause Young (Normal) (G1 Evacuation Pause) 19M->5M(27M) 3.212ms
[131.199s][info][gc,cpu         ] GC(287) User=0.00s Sys=0.00s Real=0.00s
[131.256s][info][gc,start       ] GC(288) Pause Young (Normal) (G1 Evacuation Pause)
[131.257s][info][gc,task        ] GC(288) Using 2 workers of 33 for evacuation
[131.260s][info][gc,phases      ] GC(288)   Pre Evacuate Collection Set: 0.1ms
[131.260s][info][gc,phases      ] GC(288)   Merge Heap Roots: 0.0ms
[131.260s][info][gc,phases      ] GC(288)   Evacuate Collection Set: 2.8ms
[131.260s][info][gc,phases      ] GC(288)   Post Evacuate Collection Set: 0.2ms
[131.260s][info][gc,phases      ] GC(288)   Other: 0.1ms
[131.260s][info][gc,heap        ] GC(288) Eden regions: 14->0(14)
[131.260s][info][gc,heap        ] GC(288) Survivor regions: 1->1(2)
[131.260s][info][gc,heap        ] GC(288) Old regions: 9->9
[131.260s][info][gc,heap        ] GC(288) Archive regions: 0->0
[131.260s][info][gc,heap        ] GC(288) Humongous regions: 0->0
[131.260s][info][gc,metaspace   ] GC(288) Metaspace: 9891K(10240K)->9891K(10240K) NonClass: 8588K(8832K)->8588K(8832K) Class: 1303K(1408K)->1303K(1408K)
[131.260s][info][gc             ] GC(288) Pause Young (Normal) (G1 Evacuation Pause) 19M->5M(27M) 3.661ms
[131.260s][info][gc,cpu         ] GC(288) User=0.00s Sys=0.00s Real=0.00s
[131.315s][info][gc,start       ] GC(289) Pause Young (Normal) (G1 Evacuation Pause)
[131.315s][info][gc,task        ] GC(289) Using 2 workers of 33 for evacuation
[131.319s][info][gc,phases      ] GC(289)   Pre Evacuate Collection Set: 0.1ms
[131.319s][info][gc,phases      ] GC(289)   Merge Heap Roots: 0.0ms
[131.319s][info][gc,phases      ] GC(289)   Evacuate Collection Set: 3.0ms
[131.319s][info][gc,phases      ] GC(289)   Post Evacuate Collection Set: 0.2ms
[131.319s][info][gc,phases      ] GC(289)   Other: 0.1ms
[131.319s][info][gc,heap        ] GC(289) Eden regions: 14->0(14)
[131.319s][info][gc,heap        ] GC(289) Survivor regions: 1->1(2)
[131.319s][info][gc,heap        ] GC(289) Old regions: 9->9
[131.319s][info][gc,heap        ] GC(289) Archive regions: 0->0
[131.319s][info][gc,heap        ] GC(289) Humongous regions: 0->0
[131.319s][info][gc,metaspace   ] GC(289) Metaspace: 9891K(10240K)->9891K(10240K) NonClass: 8588K(8832K)->8588K(8832K) Class: 1303K(1408K)->1303K(1408K)
[131.319s][info][gc             ] GC(289) Pause Young (Normal) (G1 Evacuation Pause) 19M->5M(27M) 3.938ms
[131.319s][info][gc,cpu         ] GC(289) User=0.03s Sys=0.00s Real=0.02s
[131.378s][info][gc,start       ] GC(290) Pause Young (Normal) (G1 Evacuation Pause)
[131.378s][info][gc,task        ] GC(290) Using 2 workers of 33 for evacuation
[131.386s][info][gc,phases      ] GC(290)   Pre Evacuate Collection Set: 0.1ms
[131.386s][info][gc,phases      ] GC(290)   Merge Heap Roots: 0.1ms
[131.386s][info][gc,phases      ] GC(290)   Evacuate Collection Set: 3.6ms
[131.386s][info][gc,phases      ] GC(290)   Post Evacuate Collection Set: 3.8ms
[131.386s][info][gc,phases      ] GC(290)   Other: 0.1ms
[131.386s][info][gc,heap        ] GC(290) Eden regions: 14->0(160)
[131.386s][info][gc,heap        ] GC(290) Survivor regions: 1->2(2)
[131.386s][info][gc,heap        ] GC(290) Old regions: 9->9
[131.386s][info][gc,heap        ] GC(290) Archive regions: 0->0
[131.386s][info][gc,heap        ] GC(290) Humongous regions: 0->0
[131.386s][info][gc,metaspace   ] GC(290) Metaspace: 9891K(10240K)->9891K(10240K) NonClass: 8588K(8832K)->8588K(8832K) Class: 1303K(1408K)->1303K(1408K)
[131.386s][info][gc             ] GC(290) Pause Young (Normal) (G1 Evacuation Pause) 19M->5M(270M) 8.197ms
[131.387s][info][gc,cpu         ] GC(290) User=0.02s Sys=0.00s Real=0.01s
[132.120s][info][gc,start       ] GC(291) Pause Young (Normal) (G1 Evacuation Pause)
[132.120s][info][gc,task        ] GC(291) Using 6 workers of 33 for evacuation
[132.122s][info][gc,phases      ] GC(291)   Pre Evacuate Collection Set: 0.1ms
[132.122s][info][gc,phases      ] GC(291)   Merge Heap Roots: 0.1ms
[132.122s][info][gc,phases      ] GC(291)   Evacuate Collection Set: 1.7ms
[132.122s][info][gc,phases      ] GC(291)   Post Evacuate Collection Set: 0.4ms
[132.122s][info][gc,phases      ] GC(291)   Other: 0.1ms
[132.123s][info][gc,heap        ] GC(291) Eden regions: 160->0(160)
[132.123s][info][gc,heap        ] GC(291) Survivor regions: 2->2(21)
[132.123s][info][gc,heap        ] GC(291) Old regions: 9->9
[132.123s][info][gc,heap        ] GC(291) Archive regions: 0->0
[132.123s][info][gc,heap        ] GC(291) Humongous regions: 0->0
[132.123s][info][gc,metaspace   ] GC(291) Metaspace: 9891K(10240K)->9891K(10240K) NonClass: 8588K(8832K)->8588K(8832K) Class: 1303K(1408K)->1303K(1408K)
[132.123s][info][gc             ] GC(291) Pause Young (Normal) (G1 Evacuation Pause) 165M->5M(270M) 3.021ms
[132.123s][info][gc,cpu         ] GC(291) User=0.00s Sys=0.00s Real=0.00s
[132.815s][info][gc,start       ] GC(292) Pause Young (Normal) (G1 Evacuation Pause)
[132.815s][info][gc,task        ] GC(292) Using 6 workers of 33 for evacuation
[132.817s][info][gc,phases      ] GC(292)   Pre Evacuate Collection Set: 0.1ms
[132.817s][info][gc,phases      ] GC(292)   Merge Heap Roots: 0.1ms
[132.817s][info][gc,phases      ] GC(292)   Evacuate Collection Set: 1.6ms
[132.817s][info][gc,phases      ] GC(292)   Post Evacuate Collection Set: 0.3ms
[132.817s][info][gc,phases      ] GC(292)   Other: 0.1ms
[132.817s][info][gc,heap        ] GC(292) Eden regions: 160->0(160)
[132.817s][info][gc,heap        ] GC(292) Survivor regions: 2->2(21)
[132.817s][info][gc,heap        ] GC(292) Old regions: 9->9
[132.817s][info][gc,heap        ] GC(292) Archive regions: 0->0
[132.818s][info][gc,heap        ] GC(292) Humongous regions: 0->0
[132.818s][info][gc,metaspace   ] GC(292) Metaspace: 9891K(10240K)->9891K(10240K) NonClass: 8588K(8832K)->8588K(8832K) Class: 1303K(1408K)->1303K(1408K)
[132.818s][info][gc             ] GC(292) Pause Young (Normal) (G1 Evacuation Pause) 165M->5M(270M) 2.787ms
[132.818s][info][gc,cpu         ] GC(292) User=0.00s Sys=0.00s Real=0.00s
[133.532s][info][gc,start       ] GC(293) Pause Young (Normal) (G1 Evacuation Pause)
[133.532s][info][gc,task        ] GC(293) Using 6 workers of 33 for evacuation
[133.534s][info][gc,phases      ] GC(293)   Pre Evacuate Collection Set: 0.1ms
[133.534s][info][gc,phases      ] GC(293)   Merge Heap Roots: 0.1ms
[133.534s][info][gc,phases      ] GC(293)   Evacuate Collection Set: 1.3ms
[133.534s][info][gc,phases      ] GC(293)   Post Evacuate Collection Set: 0.3ms
[133.534s][info][gc,phases      ] GC(293)   Other: 0.1ms
[133.534s][info][gc,heap        ] GC(293) Eden regions: 160->0(160)
[133.534s][info][gc,heap        ] GC(293) Survivor regions: 2->2(21)
[133.534s][info][gc,heap        ] GC(293) Old regions: 9->9
[133.534s][info][gc,heap        ] GC(293) Archive regions: 0->0
[133.534s][info][gc,heap        ] GC(293) Humongous regions: 0->0
[133.534s][info][gc,metaspace   ] GC(293) Metaspace: 9891K(10240K)->9891K(10240K) NonClass: 8588K(8832K)->8588K(8832K) Class: 1303K(1408K)->1303K(1408K)
[133.534s][info][gc             ] GC(293) Pause Young (Normal) (G1 Evacuation Pause) 165M->5M(270M) 2.566ms
[133.534s][info][gc,cpu         ] GC(293) User=0.00s Sys=0.00s Real=0.00s
[134.229s][info][gc,start       ] GC(294) Pause Young (Normal) (G1 Evacuation Pause)
[134.230s][info][gc,task        ] GC(294) Using 6 workers of 33 for evacuation
[134.231s][info][gc,phases      ] GC(294)   Pre Evacuate Collection Set: 0.1ms
[134.231s][info][gc,phases      ] GC(294)   Merge Heap Roots: 0.1ms
[134.231s][info][gc,phases      ] GC(294)   Evacuate Collection Set: 1.2ms
[134.232s][info][gc,phases      ] GC(294)   Post Evacuate Collection Set: 0.3ms
[134.232s][info][gc,phases      ] GC(294)   Other: 0.1ms
[134.232s][info][gc,heap        ] GC(294) Eden regions: 160->0(160)
[134.232s][info][gc,heap        ] GC(294) Survivor regions: 2->2(21)
[134.232s][info][gc,heap        ] GC(294) Old regions: 9->9
[134.232s][info][gc,heap        ] GC(294) Archive regions: 0->0
[134.232s][info][gc,heap        ] GC(294) Humongous regions: 0->0
[134.232s][info][gc,metaspace   ] GC(294) Metaspace: 9891K(10240K)->9891K(10240K) NonClass: 8588K(8832K)->8588K(8832K) Class: 1303K(1408K)->1303K(1408K)
[134.232s][info][gc             ] GC(294) Pause Young (Normal) (G1 Evacuation Pause) 165M->5M(270M) 2.309ms
[134.232s][info][gc,cpu         ] GC(294) User=0.00s Sys=0.00s Real=0.00s
[134.941s][info][gc,start       ] GC(295) Pause Young (Normal) (G1 Evacuation Pause)
[134.941s][info][gc,task        ] GC(295) Using 6 workers of 33 for evacuation
[134.943s][info][gc,phases      ] GC(295)   Pre Evacuate Collection Set: 0.1ms
[134.943s][info][gc,phases      ] GC(295)   Merge Heap Roots: 0.1ms
[134.943s][info][gc,phases      ] GC(295)   Evacuate Collection Set: 1.3ms
[134.943s][info][gc,phases      ] GC(295)   Post Evacuate Collection Set: 0.3ms
[134.943s][info][gc,phases      ] GC(295)   Other: 0.1ms
[134.943s][info][gc,heap        ] GC(295) Eden regions: 160->0(160)
[134.943s][info][gc,heap        ] GC(295) Survivor regions: 2->2(21)
[134.943s][info][gc,heap        ] GC(295) Old regions: 9->9
[134.943s][info][gc,heap        ] GC(295) Archive regions: 0->0
[134.943s][info][gc,heap        ] GC(295) Humongous regions: 0->0
[134.943s][info][gc,metaspace   ] GC(295) Metaspace: 9891K(10240K)->9891K(10240K) NonClass: 8588K(8832K)->8588K(8832K) Class: 1303K(1408K)->1303K(1408K)
[134.943s][info][gc             ] GC(295) Pause Young (Normal) (G1 Evacuation Pause) 165M->5M(270M) 2.488ms
[134.943s][info][gc,cpu         ] GC(295) User=0.00s Sys=0.00s Real=0.00s
[135.649s][info][gc,start       ] GC(296) Pause Young (Normal) (G1 Evacuation Pause)
[135.649s][info][gc,task        ] GC(296) Using 6 workers of 33 for evacuation
[135.651s][info][gc,phases      ] GC(296)   Pre Evacuate Collection Set: 0.1ms
[135.651s][info][gc,phases      ] GC(296)   Merge Heap Roots: 0.1ms
[135.651s][info][gc,phases      ] GC(296)   Evacuate Collection Set: 1.4ms
[135.651s][info][gc,phases      ] GC(296)   Post Evacuate Collection Set: 0.3ms
[135.651s][info][gc,phases      ] GC(296)   Other: 0.1ms
[135.651s][info][gc,heap        ] GC(296) Eden regions: 160->0(160)
[135.651s][info][gc,heap        ] GC(296) Survivor regions: 2->2(21)
[135.651s][info][gc,heap        ] GC(296) Old regions: 9->9
[135.652s][info][gc,heap        ] GC(296) Archive regions: 0->0
[135.652s][info][gc,heap        ] GC(296) Humongous regions: 0->0
[135.652s][info][gc,metaspace   ] GC(296) Metaspace: 9891K(10240K)->9891K(10240K) NonClass: 8588K(8832K)->8588K(8832K) Class: 1303K(1408K)->1303K(1408K)
[135.652s][info][gc             ] GC(296) Pause Young (Normal) (G1 Evacuation Pause) 165M->5M(270M) 2.681ms
[135.652s][info][gc,cpu         ] GC(296) User=0.00s Sys=0.00s Real=0.00s
[136.358s][info][gc,start       ] GC(297) Pause Young (Normal) (G1 Evacuation Pause)
[136.358s][info][gc,task        ] GC(297) Using 6 workers of 33 for evacuation
[136.360s][info][gc,phases      ] GC(297)   Pre Evacuate Collection Set: 0.1ms
[136.360s][info][gc,phases      ] GC(297)   Merge Heap Roots: 0.1ms
[136.360s][info][gc,phases      ] GC(297)   Evacuate Collection Set: 1.2ms
[136.360s][info][gc,phases      ] GC(297)   Post Evacuate Collection Set: 0.3ms
[136.360s][info][gc,phases      ] GC(297)   Other: 0.1ms
[136.360s][info][gc,heap        ] GC(297) Eden regions: 160->0(160)
[136.360s][info][gc,heap        ] GC(297) Survivor regions: 2->2(21)
[136.360s][info][gc,heap        ] GC(297) Old regions: 9->9
[136.360s][info][gc,heap        ] GC(297) Archive regions: 0->0
[136.360s][info][gc,heap        ] GC(297) Humongous regions: 0->0
[136.360s][info][gc,metaspace   ] GC(297) Metaspace: 9891K(10240K)->9891K(10240K) NonClass: 8588K(8832K)->8588K(8832K) Class: 1303K(1408K)->1303K(1408K)
[136.360s][info][gc             ] GC(297) Pause Young (Normal) (G1 Evacuation Pause) 165M->5M(270M) 2.464ms
[136.360s][info][gc,cpu         ] GC(297) User=0.00s Sys=0.00s Real=0.00s
[137.071s][info][gc,start       ] GC(298) Pause Young (Normal) (G1 Evacuation Pause)
[137.071s][info][gc,task        ] GC(298) Using 6 workers of 33 for evacuation
[137.073s][info][gc,phases      ] GC(298)   Pre Evacuate Collection Set: 0.1ms
[137.073s][info][gc,phases      ] GC(298)   Merge Heap Roots: 0.1ms
[137.073s][info][gc,phases      ] GC(298)   Evacuate Collection Set: 1.3ms
[137.073s][info][gc,phases      ] GC(298)   Post Evacuate Collection Set: 0.3ms
[137.073s][info][gc,phases      ] GC(298)   Other: 0.1ms
[137.073s][info][gc,heap        ] GC(298) Eden regions: 160->0(160)
[137.073s][info][gc,heap        ] GC(298) Survivor regions: 2->2(21)
[137.073s][info][gc,heap        ] GC(298) Old regions: 9->9
[137.073s][info][gc,heap        ] GC(298) Archive regions: 0->0
[137.073s][info][gc,heap        ] GC(298) Humongous regions: 0->0
[137.073s][info][gc,metaspace   ] GC(298) Metaspace: 9891K(10240K)->9891K(10240K) NonClass: 8588K(8832K)->8588K(8832K) Class: 1303K(1408K)->1303K(1408K)
[137.073s][info][gc             ] GC(298) Pause Young (Normal) (G1 Evacuation Pause) 165M->5M(270M) 2.508ms
[137.073s][info][gc,cpu         ] GC(298) User=0.00s Sys=0.00s Real=0.00s
[137.767s][info][gc,start       ] GC(299) Pause Young (Normal) (G1 Evacuation Pause)
[137.767s][info][gc,task        ] GC(299) Using 6 workers of 33 for evacuation
[137.769s][info][gc,phases      ] GC(299)   Pre Evacuate Collection Set: 0.1ms
[137.769s][info][gc,phases      ] GC(299)   Merge Heap Roots: 0.1ms
[137.769s][info][gc,phases      ] GC(299)   Evacuate Collection Set: 1.4ms
[137.769s][info][gc,phases      ] GC(299)   Post Evacuate Collection Set: 0.3ms
[137.769s][info][gc,phases      ] GC(299)   Other: 0.1ms
[137.769s][info][gc,heap        ] GC(299) Eden regions: 160->0(160)
[137.769s][info][gc,heap        ] GC(299) Survivor regions: 2->2(21)
[137.769s][info][gc,heap        ] GC(299) Old regions: 9->9
[137.769s][info][gc,heap        ] GC(299) Archive regions: 0->0
[137.770s][info][gc,heap        ] GC(299) Humongous regions: 0->0
[137.770s][info][gc,metaspace   ] GC(299) Metaspace: 9891K(10240K)->9891K(10240K) NonClass: 8588K(8832K)->8588K(8832K) Class: 1303K(1408K)->1303K(1408K)
[137.770s][info][gc             ] GC(299) Pause Young (Normal) (G1 Evacuation Pause) 165M->5M(270M) 2.651ms
[137.770s][info][gc,cpu         ] GC(299) User=0.09s Sys=0.00s Real=0.02s
[138.129s][info][gc,start       ] GC(300) Pause Full (System.gc())
[138.129s][info][gc,task        ] GC(300) Using 6 workers of 33 for full compaction
[138.129s][info][gc,phases,start] GC(300) Phase 1: Mark live objects
[138.135s][info][gc,phases      ] GC(300) Phase 1: Mark live objects 5.554ms
[138.135s][info][gc,phases,start] GC(300) Phase 2: Prepare compaction
[138.136s][info][gc,phases      ] GC(300) Phase 2: Prepare compaction 1.301ms
[138.149s][info][gc,phases,start] GC(300) Phase 3: Adjust pointers
[138.153s][info][gc,phases      ] GC(300) Phase 3: Adjust pointers 3.863ms
[138.153s][info][gc,phases,start] GC(300) Phase 4: Compact heap
[138.153s][info][gc,phases      ] GC(300) Phase 4: Compact heap 0.579ms
[138.158s][info][gc,heap        ] GC(300) Eden regions: 82->0(16)
[138.158s][info][gc,heap        ] GC(300) Survivor regions: 2->0(21)
[138.158s][info][gc,heap        ] GC(300) Old regions: 9->8
[138.158s][info][gc,heap        ] GC(300) Archive regions: 0->0
[138.158s][info][gc,heap        ] GC(300) Humongous regions: 0->0
[138.158s][info][gc,metaspace   ] GC(300) Metaspace: 9891K(10240K)->9891K(10240K) NonClass: 8588K(8832K)->8588K(8832K) Class: 1303K(1408K)->1303K(1408K)
[138.158s][info][gc             ] GC(300) Pause Full (System.gc()) 86M->3M(27M) 29.590ms
[138.158s][info][gc,cpu         ] GC(300) User=0.11s Sys=0.02s Real=0.03s
[138.229s][info][gc,start       ] GC(301) Pause Young (Normal) (G1 Evacuation Pause)
[138.229s][info][gc,task        ] GC(301) Using 4 workers of 33 for evacuation
[138.232s][info][gc,phases      ] GC(301)   Pre Evacuate Collection Set: 0.1ms
[138.232s][info][gc,phases      ] GC(301)   Merge Heap Roots: 0.1ms
[138.232s][info][gc,phases      ] GC(301)   Evacuate Collection Set: 2.0ms
[138.232s][info][gc,phases      ] GC(301)   Post Evacuate Collection Set: 0.2ms
[138.232s][info][gc,phases      ] GC(301)   Other: 0.1ms
[138.232s][info][gc,heap        ] GC(301) Eden regions: 16->0(13)
[138.232s][info][gc,heap        ] GC(301) Survivor regions: 0->2(2)
[138.232s][info][gc,heap        ] GC(301) Old regions: 8->8
[138.232s][info][gc,heap        ] GC(301) Archive regions: 0->0
[138.232s][info][gc,heap        ] GC(301) Humongous regions: 0->0
[138.232s][info][gc,metaspace   ] GC(301) Metaspace: 9892K(10240K)->9892K(10240K) NonClass: 8589K(8832K)->8589K(8832K) Class: 1303K(1408K)->1303K(1408K)
[138.232s][info][gc             ] GC(301) Pause Young (Normal) (G1 Evacuation Pause) 19M->5M(27M) 2.983ms
[138.232s][info][gc,cpu         ] GC(301) User=0.00s Sys=0.00s Real=0.00s
[138.289s][info][gc,start       ] GC(302) Pause Young (Normal) (G1 Evacuation Pause)
[138.289s][info][gc,task        ] GC(302) Using 3 workers of 33 for evacuation
[138.292s][info][gc,phases      ] GC(302)   Pre Evacuate Collection Set: 0.1ms
[138.292s][info][gc,phases      ] GC(302)   Merge Heap Roots: 0.1ms
[138.292s][info][gc,phases      ] GC(302)   Evacuate Collection Set: 2.4ms
[138.292s][info][gc,phases      ] GC(302)   Post Evacuate Collection Set: 0.2ms
[138.292s][info][gc,phases      ] GC(302)   Other: 0.1ms
[138.292s][info][gc,heap        ] GC(302) Eden regions: 13->0(14)
[138.292s][info][gc,heap        ] GC(302) Survivor regions: 2->1(2)
[138.292s][info][gc,heap        ] GC(302) Old regions: 8->9
[138.292s][info][gc,heap        ] GC(302) Archive regions: 0->0
[138.292s][info][gc,heap        ] GC(302) Humongous regions: 0->0
[138.292s][info][gc,metaspace   ] GC(302) Metaspace: 9892K(10240K)->9892K(10240K) NonClass: 8589K(8832K)->8589K(8832K) Class: 1303K(1408K)->1303K(1408K)
[138.293s][info][gc             ] GC(302) Pause Young (Normal) (G1 Evacuation Pause) 18M->5M(27M) 3.380ms
[138.293s][info][gc,cpu         ] GC(302) User=0.05s Sys=0.00s Real=0.02s
[138.354s][info][gc,start       ] GC(303) Pause Young (Normal) (G1 Evacuation Pause)
[138.354s][info][gc,task        ] GC(303) Using 2 workers of 33 for evacuation
[138.357s][info][gc,phases      ] GC(303)   Pre Evacuate Collection Set: 0.1ms
[138.357s][info][gc,phases      ] GC(303)   Merge Heap Roots: 0.0ms
[138.357s][info][gc,phases      ] GC(303)   Evacuate Collection Set: 2.1ms
[138.357s][info][gc,phases      ] GC(303)   Post Evacuate Collection Set: 0.2ms
[138.357s][info][gc,phases      ] GC(303)   Other: 0.1ms
[138.357s][info][gc,heap        ] GC(303) Eden regions: 14->0(14)
[138.357s][info][gc,heap        ] GC(303) Survivor regions: 1->1(2)
[138.357s][info][gc,heap        ] GC(303) Old regions: 9->9
[138.357s][info][gc,heap        ] GC(303) Archive regions: 0->0
[138.357s][info][gc,heap        ] GC(303) Humongous regions: 0->0
[138.357s][info][gc,metaspace   ] GC(303) Metaspace: 9892K(10240K)->9892K(10240K) NonClass: 8589K(8832K)->8589K(8832K) Class: 1303K(1408K)->1303K(1408K)
[138.357s][info][gc             ] GC(303) Pause Young (Normal) (G1 Evacuation Pause) 19M->5M(27M) 2.970ms
[138.357s][info][gc,cpu         ] GC(303) User=0.00s Sys=0.00s Real=0.00s
[138.416s][info][gc,start       ] GC(304) Pause Young (Normal) (G1 Evacuation Pause)
[138.417s][info][gc,task        ] GC(304) Using 2 workers of 33 for evacuation
[138.420s][info][gc,phases      ] GC(304)   Pre Evacuate Collection Set: 0.1ms
[138.420s][info][gc,phases      ] GC(304)   Merge Heap Roots: 0.0ms
[138.420s][info][gc,phases      ] GC(304)   Evacuate Collection Set: 2.8ms
[138.420s][info][gc,phases      ] GC(304)   Post Evacuate Collection Set: 0.2ms
[138.420s][info][gc,phases      ] GC(304)   Other: 0.1ms
[138.420s][info][gc,heap        ] GC(304) Eden regions: 14->0(14)
[138.420s][info][gc,heap        ] GC(304) Survivor regions: 1->1(2)
[138.420s][info][gc,heap        ] GC(304) Old regions: 9->9
[138.420s][info][gc,heap        ] GC(304) Archive regions: 0->0
[138.420s][info][gc,heap        ] GC(304) Humongous regions: 0->0
[138.420s][info][gc,metaspace   ] GC(304) Metaspace: 9892K(10240K)->9892K(10240K) NonClass: 8589K(8832K)->8589K(8832K) Class: 1303K(1408K)->1303K(1408K)
[138.420s][info][gc             ] GC(304) Pause Young (Normal) (G1 Evacuation Pause) 19M->5M(27M) 3.722ms
[138.420s][info][gc,cpu         ] GC(304) User=0.00s Sys=0.00s Real=0.00s
[138.479s][info][gc,start       ] GC(305) Pause Young (Normal) (G1 Evacuation Pause)
[138.479s][info][gc,task        ] GC(305) Using 2 workers of 33 for evacuation
[138.482s][info][gc,phases      ] GC(305)   Pre Evacuate Collection Set: 0.1ms
[138.482s][info][gc,phases      ] GC(305)   Merge Heap Roots: 0.0ms
[138.482s][info][gc,phases      ] GC(305)   Evacuate Collection Set: 3.0ms
[138.482s][info][gc,phases      ] GC(305)   Post Evacuate Collection Set: 0.2ms
[138.483s][info][gc,phases      ] GC(305)   Other: 0.1ms
[138.483s][info][gc,heap        ] GC(305) Eden regions: 14->0(12)
[138.483s][info][gc,heap        ] GC(305) Survivor regions: 1->2(2)
[138.483s][info][gc,heap        ] GC(305) Old regions: 9->9
[138.483s][info][gc,heap        ] GC(305) Archive regions: 0->0
[138.483s][info][gc,heap        ] GC(305) Humongous regions: 0->0
[138.483s][info][gc,metaspace   ] GC(305) Metaspace: 9892K(10240K)->9892K(10240K) NonClass: 8589K(8832K)->8589K(8832K) Class: 1303K(1408K)->1303K(1408K)
[138.483s][info][gc             ] GC(305) Pause Young (Normal) (G1 Evacuation Pause) 19M->5M(27M) 3.863ms
[138.483s][info][gc,cpu         ] GC(305) User=0.00s Sys=0.00s Real=0.00s
[138.533s][info][gc,start       ] GC(306) Pause Young (Normal) (G1 Evacuation Pause)
[138.533s][info][gc,task        ] GC(306) Using 2 workers of 33 for evacuation
[138.540s][info][gc,phases      ] GC(306)   Pre Evacuate Collection Set: 0.1ms
[138.540s][info][gc,phases      ] GC(306)   Merge Heap Roots: 0.0ms
[138.540s][info][gc,phases      ] GC(306)   Evacuate Collection Set: 3.1ms
[138.540s][info][gc,phases      ] GC(306)   Post Evacuate Collection Set: 3.8ms
[138.540s][info][gc,phases      ] GC(306)   Other: 0.1ms
[138.540s][info][gc,heap        ] GC(306) Eden regions: 12->0(160)
[138.540s][info][gc,heap        ] GC(306) Survivor regions: 2->2(2)
[138.540s][info][gc,heap        ] GC(306) Old regions: 9->9
[138.540s][info][gc,heap        ] GC(306) Archive regions: 0->0
[138.540s][info][gc,heap        ] GC(306) Humongous regions: 0->0
[138.540s][info][gc,metaspace   ] GC(306) Metaspace: 9892K(10240K)->9892K(10240K) NonClass: 8589K(8832K)->8589K(8832K) Class: 1303K(1408K)->1303K(1408K)
[138.540s][info][gc             ] GC(306) Pause Young (Normal) (G1 Evacuation Pause) 17M->5M(270M) 7.638ms
[138.540s][info][gc,cpu         ] GC(306) User=0.00s Sys=0.00s Real=0.00s
[139.278s][info][gc,start       ] GC(307) Pause Young (Normal) (G1 Evacuation Pause)
[139.278s][info][gc,task        ] GC(307) Using 6 workers of 33 for evacuation
[139.280s][info][gc,phases      ] GC(307)   Pre Evacuate Collection Set: 0.1ms
[139.280s][info][gc,phases      ] GC(307)   Merge Heap Roots: 0.1ms
[139.280s][info][gc,phases      ] GC(307)   Evacuate Collection Set: 1.5ms
[139.280s][info][gc,phases      ] GC(307)   Post Evacuate Collection Set: 0.3ms
[139.280s][info][gc,phases      ] GC(307)   Other: 0.1ms
[139.280s][info][gc,heap        ] GC(307) Eden regions: 160->0(160)
[139.280s][info][gc,heap        ] GC(307) Survivor regions: 2->2(21)
[139.280s][info][gc,heap        ] GC(307) Old regions: 9->9
[139.280s][info][gc,heap        ] GC(307) Archive regions: 0->0
[139.280s][info][gc,heap        ] GC(307) Humongous regions: 0->0
[139.280s][info][gc,metaspace   ] GC(307) Metaspace: 9892K(10240K)->9892K(10240K) NonClass: 8589K(8832K)->8589K(8832K) Class: 1303K(1408K)->1303K(1408K)
[139.280s][info][gc             ] GC(307) Pause Young (Normal) (G1 Evacuation Pause) 165M->5M(270M) 2.699ms
[139.280s][info][gc,cpu         ] GC(307) User=0.00s Sys=0.00s Real=0.00s
[139.972s][info][gc,start       ] GC(308) Pause Young (Normal) (G1 Evacuation Pause)
[139.973s][info][gc,task        ] GC(308) Using 6 workers of 33 for evacuation
[139.975s][info][gc,phases      ] GC(308)   Pre Evacuate Collection Set: 0.1ms
[139.975s][info][gc,phases      ] GC(308)   Merge Heap Roots: 0.1ms
[139.975s][info][gc,phases      ] GC(308)   Evacuate Collection Set: 1.4ms
[139.975s][info][gc,phases      ] GC(308)   Post Evacuate Collection Set: 0.4ms
[139.975s][info][gc,phases      ] GC(308)   Other: 0.1ms
[139.975s][info][gc,heap        ] GC(308) Eden regions: 160->0(160)
[139.975s][info][gc,heap        ] GC(308) Survivor regions: 2->2(21)
[139.975s][info][gc,heap        ] GC(308) Old regions: 9->9
[139.975s][info][gc,heap        ] GC(308) Archive regions: 0->0
[139.975s][info][gc,heap        ] GC(308) Humongous regions: 0->0
[139.975s][info][gc,metaspace   ] GC(308) Metaspace: 9892K(10240K)->9892K(10240K) NonClass: 8589K(8832K)->8589K(8832K) Class: 1303K(1408K)->1303K(1408K)
[139.975s][info][gc             ] GC(308) Pause Young (Normal) (G1 Evacuation Pause) 165M->5M(270M) 2.703ms
[139.975s][info][gc,cpu         ] GC(308) User=0.00s Sys=0.00s Real=0.00s
[140.671s][info][gc,start       ] GC(309) Pause Young (Normal) (G1 Evacuation Pause)
[140.671s][info][gc,task        ] GC(309) Using 6 workers of 33 for evacuation
[140.673s][info][gc,phases      ] GC(309)   Pre Evacuate Collection Set: 0.1ms
[140.673s][info][gc,phases      ] GC(309)   Merge Heap Roots: 0.1ms
[140.673s][info][gc,phases      ] GC(309)   Evacuate Collection Set: 1.4ms
[140.674s][info][gc,phases      ] GC(309)   Post Evacuate Collection Set: 0.3ms
[140.674s][info][gc,phases      ] GC(309)   Other: 0.1ms
[140.674s][info][gc,heap        ] GC(309) Eden regions: 160->0(160)
[140.674s][info][gc,heap        ] GC(309) Survivor regions: 2->2(21)
[140.674s][info][gc,heap        ] GC(309) Old regions: 9->9
[140.674s][info][gc,heap        ] GC(309) Archive regions: 0->0
[140.674s][info][gc,heap        ] GC(309) Humongous regions: 0->0
[140.674s][info][gc,metaspace   ] GC(309) Metaspace: 9892K(10240K)->9892K(10240K) NonClass: 8589K(8832K)->8589K(8832K) Class: 1303K(1408K)->1303K(1408K)
[140.674s][info][gc             ] GC(309) Pause Young (Normal) (G1 Evacuation Pause) 165M->5M(270M) 2.647ms
[140.674s][info][gc,cpu         ] GC(309) User=0.00s Sys=0.00s Real=0.00s
[141.374s][info][gc,start       ] GC(310) Pause Young (Normal) (G1 Evacuation Pause)
[141.374s][info][gc,task        ] GC(310) Using 6 workers of 33 for evacuation
[141.376s][info][gc,phases      ] GC(310)   Pre Evacuate Collection Set: 0.1ms
[141.376s][info][gc,phases      ] GC(310)   Merge Heap Roots: 0.1ms
[141.376s][info][gc,phases      ] GC(310)   Evacuate Collection Set: 1.3ms
[141.376s][info][gc,phases      ] GC(310)   Post Evacuate Collection Set: 0.3ms
[141.376s][info][gc,phases      ] GC(310)   Other: 0.1ms
[141.376s][info][gc,heap        ] GC(310) Eden regions: 160->0(160)
[141.376s][info][gc,heap        ] GC(310) Survivor regions: 2->2(21)
[141.376s][info][gc,heap        ] GC(310) Old regions: 9->9
[141.376s][info][gc,heap        ] GC(310) Archive regions: 0->0
[141.377s][info][gc,heap        ] GC(310) Humongous regions: 0->0
[141.377s][info][gc,metaspace   ] GC(310) Metaspace: 9892K(10240K)->9892K(10240K) NonClass: 8589K(8832K)->8589K(8832K) Class: 1303K(1408K)->1303K(1408K)
[141.377s][info][gc             ] GC(310) Pause Young (Normal) (G1 Evacuation Pause) 165M->5M(270M) 2.491ms
[141.377s][info][gc,cpu         ] GC(310) User=0.00s Sys=0.00s Real=0.00s
[142.061s][info][gc,start       ] GC(311) Pause Young (Normal) (G1 Evacuation Pause)
[142.061s][info][gc,task        ] GC(311) Using 6 workers of 33 for evacuation
[142.063s][info][gc,phases      ] GC(311)   Pre Evacuate Collection Set: 0.1ms
[142.063s][info][gc,phases      ] GC(311)   Merge Heap Roots: 0.1ms
[142.063s][info][gc,phases      ] GC(311)   Evacuate Collection Set: 1.3ms
[142.063s][info][gc,phases      ] GC(311)   Post Evacuate Collection Set: 0.3ms
[142.063s][info][gc,phases      ] GC(311)   Other: 0.1ms
[142.063s][info][gc,heap        ] GC(311) Eden regions: 160->0(160)
[142.063s][info][gc,heap        ] GC(311) Survivor regions: 2->2(21)
[142.063s][info][gc,heap        ] GC(311) Old regions: 9->9
[142.064s][info][gc,heap        ] GC(311) Archive regions: 0->0
[142.064s][info][gc,heap        ] GC(311) Humongous regions: 0->0
[142.064s][info][gc,metaspace   ] GC(311) Metaspace: 9892K(10240K)->9892K(10240K) NonClass: 8589K(8832K)->8589K(8832K) Class: 1303K(1408K)->1303K(1408K)
[142.064s][info][gc             ] GC(311) Pause Young (Normal) (G1 Evacuation Pause) 165M->5M(270M) 2.569ms
[142.064s][info][gc,cpu         ] GC(311) User=0.00s Sys=0.00s Real=0.00s
[142.754s][info][gc,start       ] GC(312) Pause Young (Normal) (G1 Evacuation Pause)
[142.754s][info][gc,task        ] GC(312) Using 6 workers of 33 for evacuation
[142.756s][info][gc,phases      ] GC(312)   Pre Evacuate Collection Set: 0.1ms
[142.756s][info][gc,phases      ] GC(312)   Merge Heap Roots: 0.1ms
[142.756s][info][gc,phases      ] GC(312)   Evacuate Collection Set: 1.3ms
[142.756s][info][gc,phases      ] GC(312)   Post Evacuate Collection Set: 0.3ms
[142.756s][info][gc,phases      ] GC(312)   Other: 0.1ms
[142.756s][info][gc,heap        ] GC(312) Eden regions: 160->0(160)
[142.756s][info][gc,heap        ] GC(312) Survivor regions: 2->2(21)
[142.756s][info][gc,heap        ] GC(312) Old regions: 9->9
[142.756s][info][gc,heap        ] GC(312) Archive regions: 0->0
[142.756s][info][gc,heap        ] GC(312) Humongous regions: 0->0
[142.756s][info][gc,metaspace   ] GC(312) Metaspace: 9892K(10240K)->9892K(10240K) NonClass: 8589K(8832K)->8589K(8832K) Class: 1303K(1408K)->1303K(1408K)
[142.756s][info][gc             ] GC(312) Pause Young (Normal) (G1 Evacuation Pause) 165M->5M(270M) 2.541ms
[142.756s][info][gc,cpu         ] GC(312) User=0.00s Sys=0.00s Real=0.00s
[143.463s][info][gc,start       ] GC(313) Pause Young (Normal) (G1 Evacuation Pause)
[143.464s][info][gc,task        ] GC(313) Using 6 workers of 33 for evacuation
[143.466s][info][gc,phases      ] GC(313)   Pre Evacuate Collection Set: 0.1ms
[143.466s][info][gc,phases      ] GC(313)   Merge Heap Roots: 0.1ms
[143.466s][info][gc,phases      ] GC(313)   Evacuate Collection Set: 1.4ms
[143.466s][info][gc,phases      ] GC(313)   Post Evacuate Collection Set: 0.3ms
[143.466s][info][gc,phases      ] GC(313)   Other: 0.1ms
[143.466s][info][gc,heap        ] GC(313) Eden regions: 160->0(160)
[143.466s][info][gc,heap        ] GC(313) Survivor regions: 2->2(21)
[143.466s][info][gc,heap        ] GC(313) Old regions: 9->9
[143.466s][info][gc,heap        ] GC(313) Archive regions: 0->0
[143.466s][info][gc,heap        ] GC(313) Humongous regions: 0->0
[143.466s][info][gc,metaspace   ] GC(313) Metaspace: 9892K(10240K)->9892K(10240K) NonClass: 8589K(8832K)->8589K(8832K) Class: 1303K(1408K)->1303K(1408K)
[143.466s][info][gc             ] GC(313) Pause Young (Normal) (G1 Evacuation Pause) 165M->5M(270M) 2.592ms
[143.466s][info][gc,cpu         ] GC(313) User=0.00s Sys=0.00s Real=0.00s
[144.185s][info][gc,start       ] GC(314) Pause Young (Normal) (G1 Evacuation Pause)
[144.185s][info][gc,task        ] GC(314) Using 6 workers of 33 for evacuation
[144.187s][info][gc,phases      ] GC(314)   Pre Evacuate Collection Set: 0.1ms
[144.187s][info][gc,phases      ] GC(314)   Merge Heap Roots: 0.1ms
[144.187s][info][gc,phases      ] GC(314)   Evacuate Collection Set: 1.3ms
[144.187s][info][gc,phases      ] GC(314)   Post Evacuate Collection Set: 0.3ms
[144.187s][info][gc,phases      ] GC(314)   Other: 0.1ms
[144.187s][info][gc,heap        ] GC(314) Eden regions: 160->0(160)
[144.187s][info][gc,heap        ] GC(314) Survivor regions: 2->2(21)
[144.187s][info][gc,heap        ] GC(314) Old regions: 9->9
[144.187s][info][gc,heap        ] GC(314) Archive regions: 0->0
[144.187s][info][gc,heap        ] GC(314) Humongous regions: 0->0
[144.187s][info][gc,metaspace   ] GC(314) Metaspace: 9892K(10240K)->9892K(10240K) NonClass: 8589K(8832K)->8589K(8832K) Class: 1303K(1408K)->1303K(1408K)
[144.188s][info][gc             ] GC(314) Pause Young (Normal) (G1 Evacuation Pause) 165M->5M(270M) 2.567ms
[144.188s][info][gc,cpu         ] GC(314) User=0.00s Sys=0.00s Real=0.00s
[144.881s][info][gc,start       ] GC(315) Pause Young (Normal) (G1 Evacuation Pause)
[144.882s][info][gc,task        ] GC(315) Using 6 workers of 33 for evacuation
[144.884s][info][gc,phases      ] GC(315)   Pre Evacuate Collection Set: 0.1ms
[144.884s][info][gc,phases      ] GC(315)   Merge Heap Roots: 0.1ms
[144.884s][info][gc,phases      ] GC(315)   Evacuate Collection Set: 1.3ms
[144.884s][info][gc,phases      ] GC(315)   Post Evacuate Collection Set: 0.3ms
[144.884s][info][gc,phases      ] GC(315)   Other: 0.1ms
[144.884s][info][gc,heap        ] GC(315) Eden regions: 160->0(160)
[144.884s][info][gc,heap        ] GC(315) Survivor regions: 2->2(21)
[144.884s][info][gc,heap        ] GC(315) Old regions: 9->9
[144.884s][info][gc,heap        ] GC(315) Archive regions: 0->0
[144.884s][info][gc,heap        ] GC(315) Humongous regions: 0->0
[144.884s][info][gc,metaspace   ] GC(315) Metaspace: 9892K(10240K)->9892K(10240K) NonClass: 8589K(8832K)->8589K(8832K) Class: 1303K(1408K)->1303K(1408K)
[144.884s][info][gc             ] GC(315) Pause Young (Normal) (G1 Evacuation Pause) 165M->5M(270M) 2.551ms
[144.884s][info][gc,cpu         ] GC(315) User=0.00s Sys=0.00s Real=0.00s
[145.252s][info][gc,start       ] GC(316) Pause Full (System.gc())
[145.252s][info][gc,task        ] GC(316) Using 6 workers of 33 for full compaction
[145.252s][info][gc,phases,start] GC(316) Phase 1: Mark live objects
[145.258s][info][gc,phases      ] GC(316) Phase 1: Mark live objects 5.801ms
[145.258s][info][gc,phases,start] GC(316) Phase 2: Prepare compaction
[145.259s][info][gc,phases      ] GC(316) Phase 2: Prepare compaction 1.227ms
[145.259s][info][gc,phases,start] GC(316) Phase 3: Adjust pointers
[145.263s][info][gc,phases      ] GC(316) Phase 3: Adjust pointers 3.788ms
[145.263s][info][gc,phases,start] GC(316) Phase 4: Compact heap
[145.264s][info][gc,phases      ] GC(316) Phase 4: Compact heap 0.575ms
[145.268s][info][gc,heap        ] GC(316) Eden regions: 84->0(16)
[145.268s][info][gc,heap        ] GC(316) Survivor regions: 2->0(21)
[145.268s][info][gc,heap        ] GC(316) Old regions: 9->8
[145.268s][info][gc,heap        ] GC(316) Archive regions: 0->0
[145.269s][info][gc,heap        ] GC(316) Humongous regions: 0->0
[145.269s][info][gc,metaspace   ] GC(316) Metaspace: 9892K(10240K)->9892K(10240K) NonClass: 8589K(8832K)->8589K(8832K) Class: 1303K(1408K)->1303K(1408K)
[145.269s][info][gc             ] GC(316) Pause Full (System.gc()) 89M->3M(27M) 17.082ms
[145.269s][info][gc,cpu         ] GC(316) User=0.09s Sys=0.00s Real=0.01s
[145.339s][info][gc,start       ] GC(317) Pause Young (Normal) (G1 Evacuation Pause)
[145.340s][info][gc,task        ] GC(317) Using 4 workers of 33 for evacuation
[145.342s][info][gc,phases      ] GC(317)   Pre Evacuate Collection Set: 0.1ms
[145.342s][info][gc,phases      ] GC(317)   Merge Heap Roots: 0.1ms
[145.342s][info][gc,phases      ] GC(317)   Evacuate Collection Set: 1.9ms
[145.342s][info][gc,phases      ] GC(317)   Post Evacuate Collection Set: 0.2ms
[145.342s][info][gc,phases      ] GC(317)   Other: 0.1ms
[145.342s][info][gc,heap        ] GC(317) Eden regions: 16->0(13)
[145.342s][info][gc,heap        ] GC(317) Survivor regions: 0->2(2)
[145.342s][info][gc,heap        ] GC(317) Old regions: 8->8
[145.342s][info][gc,heap        ] GC(317) Archive regions: 0->0
[145.342s][info][gc,heap        ] GC(317) Humongous regions: 0->0
[145.342s][info][gc,metaspace   ] GC(317) Metaspace: 9917K(10240K)->9917K(10240K) NonClass: 8614K(8832K)->8614K(8832K) Class: 1303K(1408K)->1303K(1408K)
[145.342s][info][gc             ] GC(317) Pause Young (Normal) (G1 Evacuation Pause) 19M->5M(27M) 2.888ms
[145.342s][info][gc,cpu         ] GC(317) User=0.00s Sys=0.00s Real=0.00s
[145.400s][info][gc,start       ] GC(318) Pause Young (Normal) (G1 Evacuation Pause)
[145.400s][info][gc,task        ] GC(318) Using 3 workers of 33 for evacuation
[145.402s][info][gc,phases      ] GC(318)   Pre Evacuate Collection Set: 0.1ms
[145.402s][info][gc,phases      ] GC(318)   Merge Heap Roots: 0.1ms
[145.402s][info][gc,phases      ] GC(318)   Evacuate Collection Set: 2.3ms
[145.402s][info][gc,phases      ] GC(318)   Post Evacuate Collection Set: 0.2ms
[145.403s][info][gc,phases      ] GC(318)   Other: 0.1ms
[145.403s][info][gc,heap        ] GC(318) Eden regions: 13->0(14)
[145.403s][info][gc,heap        ] GC(318) Survivor regions: 2->1(2)
[145.403s][info][gc,heap        ] GC(318) Old regions: 8->9
[145.403s][info][gc,heap        ] GC(318) Archive regions: 0->0
[145.403s][info][gc,heap        ] GC(318) Humongous regions: 0->0
[145.403s][info][gc,metaspace   ] GC(318) Metaspace: 9917K(10240K)->9917K(10240K) NonClass: 8614K(8832K)->8614K(8832K) Class: 1303K(1408K)->1303K(1408K)
[145.403s][info][gc             ] GC(318) Pause Young (Normal) (G1 Evacuation Pause) 18M->5M(27M) 3.212ms
[145.403s][info][gc,cpu         ] GC(318) User=0.00s Sys=0.00s Real=0.00s
[145.461s][info][gc,start       ] GC(319) Pause Young (Normal) (G1 Evacuation Pause)
[145.461s][info][gc,task        ] GC(319) Using 2 workers of 33 for evacuation
[145.464s][info][gc,phases      ] GC(319)   Pre Evacuate Collection Set: 0.1ms
[145.464s][info][gc,phases      ] GC(319)   Merge Heap Roots: 0.0ms
[145.464s][info][gc,phases      ] GC(319)   Evacuate Collection Set: 3.2ms
[145.464s][info][gc,phases      ] GC(319)   Post Evacuate Collection Set: 0.2ms
[145.464s][info][gc,phases      ] GC(319)   Other: 0.1ms
[145.464s][info][gc,heap        ] GC(319) Eden regions: 14->0(12)
[145.465s][info][gc,heap        ] GC(319) Survivor regions: 1->2(2)
[145.465s][info][gc,heap        ] GC(319) Old regions: 9->9
[145.465s][info][gc,heap        ] GC(319) Archive regions: 0->0
[145.465s][info][gc,heap        ] GC(319) Humongous regions: 0->0
[145.465s][info][gc,metaspace   ] GC(319) Metaspace: 9917K(10240K)->9917K(10240K) NonClass: 8614K(8832K)->8614K(8832K) Class: 1303K(1408K)->1303K(1408K)
[145.465s][info][gc             ] GC(319) Pause Young (Normal) (G1 Evacuation Pause) 19M->5M(27M) 4.108ms
[145.465s][info][gc,cpu         ] GC(319) User=0.00s Sys=0.00s Real=0.00s
[145.513s][info][gc,start       ] GC(320) Pause Young (Normal) (G1 Evacuation Pause)
[145.513s][info][gc,task        ] GC(320) Using 2 workers of 33 for evacuation
[145.517s][info][gc,phases      ] GC(320)   Pre Evacuate Collection Set: 0.1ms
[145.517s][info][gc,phases      ] GC(320)   Merge Heap Roots: 0.0ms
[145.517s][info][gc,phases      ] GC(320)   Evacuate Collection Set: 3.0ms
[145.517s][info][gc,phases      ] GC(320)   Post Evacuate Collection Set: 0.2ms
[145.517s][info][gc,phases      ] GC(320)   Other: 0.1ms
[145.517s][info][gc,heap        ] GC(320) Eden regions: 12->0(14)
[145.517s][info][gc,heap        ] GC(320) Survivor regions: 2->1(2)
[145.517s][info][gc,heap        ] GC(320) Old regions: 9->9
[145.517s][info][gc,heap        ] GC(320) Archive regions: 0->0
[145.517s][info][gc,heap        ] GC(320) Humongous regions: 0->0
[145.517s][info][gc,metaspace   ] GC(320) Metaspace: 9917K(10240K)->9917K(10240K) NonClass: 8614K(8832K)->8614K(8832K) Class: 1303K(1408K)->1303K(1408K)
[145.517s][info][gc             ] GC(320) Pause Young (Normal) (G1 Evacuation Pause) 17M->5M(27M) 3.878ms
[145.517s][info][gc,cpu         ] GC(320) User=0.00s Sys=0.00s Real=0.00s
[145.579s][info][gc,start       ] GC(321) Pause Young (Normal) (G1 Evacuation Pause)
[145.579s][info][gc,task        ] GC(321) Using 2 workers of 33 for evacuation
[145.582s][info][gc,phases      ] GC(321)   Pre Evacuate Collection Set: 0.1ms
[145.582s][info][gc,phases      ] GC(321)   Merge Heap Roots: 0.0ms
[145.582s][info][gc,phases      ] GC(321)   Evacuate Collection Set: 2.8ms
[145.583s][info][gc,phases      ] GC(321)   Post Evacuate Collection Set: 0.2ms
[145.583s][info][gc,phases      ] GC(321)   Other: 0.1ms
[145.583s][info][gc,heap        ] GC(321) Eden regions: 14->0(14)
[145.583s][info][gc,heap        ] GC(321) Survivor regions: 1->1(2)
[145.583s][info][gc,heap        ] GC(321) Old regions: 9->9
[145.583s][info][gc,heap        ] GC(321) Archive regions: 0->0
[145.583s][info][gc,heap        ] GC(321) Humongous regions: 0->0
[145.583s][info][gc,metaspace   ] GC(321) Metaspace: 9917K(10240K)->9917K(10240K) NonClass: 8614K(8832K)->8614K(8832K) Class: 1303K(1408K)->1303K(1408K)
[145.583s][info][gc             ] GC(321) Pause Young (Normal) (G1 Evacuation Pause) 19M->5M(27M) 3.740ms
[145.583s][info][gc,cpu         ] GC(321) User=0.03s Sys=0.00s Real=0.01s
[145.644s][info][gc,start       ] GC(322) Pause Young (Normal) (G1 Evacuation Pause)
[145.644s][info][gc,task        ] GC(322) Using 2 workers of 33 for evacuation
[145.652s][info][gc,phases      ] GC(322)   Pre Evacuate Collection Set: 0.1ms
[145.652s][info][gc,phases      ] GC(322)   Merge Heap Roots: 0.1ms
[145.652s][info][gc,phases      ] GC(322)   Evacuate Collection Set: 3.3ms
[145.652s][info][gc,phases      ] GC(322)   Post Evacuate Collection Set: 3.9ms
[145.652s][info][gc,phases      ] GC(322)   Other: 0.1ms
[145.652s][info][gc,heap        ] GC(322) Eden regions: 14->0(160)
[145.652s][info][gc,heap        ] GC(322) Survivor regions: 1->2(2)
[145.652s][info][gc,heap        ] GC(322) Old regions: 9->9
[145.652s][info][gc,heap        ] GC(322) Archive regions: 0->0
[145.652s][info][gc,heap        ] GC(322) Humongous regions: 0->0
[145.652s][info][gc,metaspace   ] GC(322) Metaspace: 9917K(10240K)->9917K(10240K) NonClass: 8614K(8832K)->8614K(8832K) Class: 1303K(1408K)->1303K(1408K)
[145.652s][info][gc             ] GC(322) Pause Young (Normal) (G1 Evacuation Pause) 19M->5M(270M) 7.884ms
[145.652s][info][gc,cpu         ] GC(322) User=0.00s Sys=0.00s Real=0.00s
[146.376s][info][gc,start       ] GC(323) Pause Young (Normal) (G1 Evacuation Pause)
[146.376s][info][gc,task        ] GC(323) Using 6 workers of 33 for evacuation
[146.379s][info][gc,phases      ] GC(323)   Pre Evacuate Collection Set: 0.1ms
[146.379s][info][gc,phases      ] GC(323)   Merge Heap Roots: 0.1ms
[146.379s][info][gc,phases      ] GC(323)   Evacuate Collection Set: 1.7ms
[146.379s][info][gc,phases      ] GC(323)   Post Evacuate Collection Set: 0.4ms
[146.379s][info][gc,phases      ] GC(323)   Other: 0.1ms
[146.379s][info][gc,heap        ] GC(323) Eden regions: 160->0(160)
[146.379s][info][gc,heap        ] GC(323) Survivor regions: 2->2(21)
[146.379s][info][gc,heap        ] GC(323) Old regions: 9->9
[146.379s][info][gc,heap        ] GC(323) Archive regions: 0->0
[146.379s][info][gc,heap        ] GC(323) Humongous regions: 0->0
[146.379s][info][gc,metaspace   ] GC(323) Metaspace: 9917K(10240K)->9917K(10240K) NonClass: 8614K(8832K)->8614K(8832K) Class: 1303K(1408K)->1303K(1408K)
[146.379s][info][gc             ] GC(323) Pause Young (Normal) (G1 Evacuation Pause) 165M->5M(270M) 2.910ms
[146.379s][info][gc,cpu         ] GC(323) User=0.08s Sys=0.02s Real=0.01s
[147.071s][info][gc,start       ] GC(324) Pause Young (Normal) (G1 Evacuation Pause)
[147.071s][info][gc,task        ] GC(324) Using 6 workers of 33 for evacuation
[147.073s][info][gc,phases      ] GC(324)   Pre Evacuate Collection Set: 0.1ms
[147.073s][info][gc,phases      ] GC(324)   Merge Heap Roots: 0.1ms
[147.073s][info][gc,phases      ] GC(324)   Evacuate Collection Set: 1.7ms
[147.073s][info][gc,phases      ] GC(324)   Post Evacuate Collection Set: 0.3ms
[147.074s][info][gc,phases      ] GC(324)   Other: 0.1ms
[147.074s][info][gc,heap        ] GC(324) Eden regions: 160->0(160)
[147.074s][info][gc,heap        ] GC(324) Survivor regions: 2->2(21)
[147.074s][info][gc,heap        ] GC(324) Old regions: 9->9
[147.074s][info][gc,heap        ] GC(324) Archive regions: 0->0
[147.074s][info][gc,heap        ] GC(324) Humongous regions: 0->0
[147.074s][info][gc,metaspace   ] GC(324) Metaspace: 9917K(10240K)->9917K(10240K) NonClass: 8614K(8832K)->8614K(8832K) Class: 1303K(1408K)->1303K(1408K)
[147.074s][info][gc             ] GC(324) Pause Young (Normal) (G1 Evacuation Pause) 165M->5M(270M) 2.918ms
[147.074s][info][gc,cpu         ] GC(324) User=0.00s Sys=0.00s Real=0.00s
[147.775s][info][gc,start       ] GC(325) Pause Young (Normal) (G1 Evacuation Pause)
[147.775s][info][gc,task        ] GC(325) Using 6 workers of 33 for evacuation
[147.777s][info][gc,phases      ] GC(325)   Pre Evacuate Collection Set: 0.1ms
[147.777s][info][gc,phases      ] GC(325)   Merge Heap Roots: 0.1ms
[147.777s][info][gc,phases      ] GC(325)   Evacuate Collection Set: 1.4ms
[147.777s][info][gc,phases      ] GC(325)   Post Evacuate Collection Set: 0.3ms
[147.777s][info][gc,phases      ] GC(325)   Other: 0.1ms
[147.777s][info][gc,heap        ] GC(325) Eden regions: 160->0(160)
[147.777s][info][gc,heap        ] GC(325) Survivor regions: 2->2(21)
[147.777s][info][gc,heap        ] GC(325) Old regions: 9->9
[147.777s][info][gc,heap        ] GC(325) Archive regions: 0->0
[147.777s][info][gc,heap        ] GC(325) Humongous regions: 0->0
[147.777s][info][gc,metaspace   ] GC(325) Metaspace: 9917K(10240K)->9917K(10240K) NonClass: 8614K(8832K)->8614K(8832K) Class: 1303K(1408K)->1303K(1408K)
[147.778s][info][gc             ] GC(325) Pause Young (Normal) (G1 Evacuation Pause) 165M->5M(270M) 2.616ms
[147.778s][info][gc,cpu         ] GC(325) User=0.00s Sys=0.00s Real=0.00s
[148.488s][info][gc,start       ] GC(326) Pause Young (Normal) (G1 Evacuation Pause)
[148.488s][info][gc,task        ] GC(326) Using 6 workers of 33 for evacuation
[148.490s][info][gc,phases      ] GC(326)   Pre Evacuate Collection Set: 0.1ms
[148.490s][info][gc,phases      ] GC(326)   Merge Heap Roots: 0.1ms
[148.490s][info][gc,phases      ] GC(326)   Evacuate Collection Set: 1.3ms
[148.490s][info][gc,phases      ] GC(326)   Post Evacuate Collection Set: 0.3ms
[148.490s][info][gc,phases      ] GC(326)   Other: 0.1ms
[148.490s][info][gc,heap        ] GC(326) Eden regions: 160->0(160)
[148.490s][info][gc,heap        ] GC(326) Survivor regions: 2->2(21)
[148.490s][info][gc,heap        ] GC(326) Old regions: 9->9
[148.490s][info][gc,heap        ] GC(326) Archive regions: 0->0
[148.490s][info][gc,heap        ] GC(326) Humongous regions: 0->0
[148.490s][info][gc,metaspace   ] GC(326) Metaspace: 9917K(10240K)->9917K(10240K) NonClass: 8614K(8832K)->8614K(8832K) Class: 1303K(1408K)->1303K(1408K)
[148.490s][info][gc             ] GC(326) Pause Young (Normal) (G1 Evacuation Pause) 165M->5M(270M) 2.552ms
[148.490s][info][gc,cpu         ] GC(326) User=0.00s Sys=0.00s Real=0.00s
[149.197s][info][gc,start       ] GC(327) Pause Young (Normal) (G1 Evacuation Pause)
[149.197s][info][gc,task        ] GC(327) Using 6 workers of 33 for evacuation
[149.199s][info][gc,phases      ] GC(327)   Pre Evacuate Collection Set: 0.1ms
[149.199s][info][gc,phases      ] GC(327)   Merge Heap Roots: 0.1ms
[149.199s][info][gc,phases      ] GC(327)   Evacuate Collection Set: 1.3ms
[149.199s][info][gc,phases      ] GC(327)   Post Evacuate Collection Set: 0.3ms
[149.199s][info][gc,phases      ] GC(327)   Other: 0.1ms
[149.199s][info][gc,heap        ] GC(327) Eden regions: 160->0(160)
[149.199s][info][gc,heap        ] GC(327) Survivor regions: 2->2(21)
[149.199s][info][gc,heap        ] GC(327) Old regions: 9->9
[149.199s][info][gc,heap        ] GC(327) Archive regions: 0->0
[149.199s][info][gc,heap        ] GC(327) Humongous regions: 0->0
[149.199s][info][gc,metaspace   ] GC(327) Metaspace: 9917K(10240K)->9917K(10240K) NonClass: 8614K(8832K)->8614K(8832K) Class: 1303K(1408K)->1303K(1408K)
[149.199s][info][gc             ] GC(327) Pause Young (Normal) (G1 Evacuation Pause) 165M->5M(270M) 2.532ms
[149.199s][info][gc,cpu         ] GC(327) User=0.00s Sys=0.00s Real=0.00s
[149.898s][info][gc,start       ] GC(328) Pause Young (Normal) (G1 Evacuation Pause)
[149.898s][info][gc,task        ] GC(328) Using 6 workers of 33 for evacuation
[149.900s][info][gc,phases      ] GC(328)   Pre Evacuate Collection Set: 0.1ms
[149.901s][info][gc,phases      ] GC(328)   Merge Heap Roots: 0.1ms
[149.901s][info][gc,phases      ] GC(328)   Evacuate Collection Set: 1.3ms
[149.901s][info][gc,phases      ] GC(328)   Post Evacuate Collection Set: 0.3ms
[149.901s][info][gc,phases      ] GC(328)   Other: 0.1ms
[149.901s][info][gc,heap        ] GC(328) Eden regions: 160->0(160)
[149.901s][info][gc,heap        ] GC(328) Survivor regions: 2->2(21)
[149.901s][info][gc,heap        ] GC(328) Old regions: 9->9
[149.901s][info][gc,heap        ] GC(328) Archive regions: 0->0
[149.901s][info][gc,heap        ] GC(328) Humongous regions: 0->0
[149.901s][info][gc,metaspace   ] GC(328) Metaspace: 9917K(10240K)->9917K(10240K) NonClass: 8614K(8832K)->8614K(8832K) Class: 1303K(1408K)->1303K(1408K)
[149.901s][info][gc             ] GC(328) Pause Young (Normal) (G1 Evacuation Pause) 165M->5M(270M) 2.688ms
[149.901s][info][gc,cpu         ] GC(328) User=0.00s Sys=0.00s Real=0.00s
[150.622s][info][gc,start       ] GC(329) Pause Young (Normal) (G1 Evacuation Pause)
[150.642s][info][gc,task        ] GC(329) Using 6 workers of 33 for evacuation
[150.644s][info][gc,phases      ] GC(329)   Pre Evacuate Collection Set: 0.1ms
[150.645s][info][gc,phases      ] GC(329)   Merge Heap Roots: 0.1ms
[150.645s][info][gc,phases      ] GC(329)   Evacuate Collection Set: 1.4ms
[150.645s][info][gc,phases      ] GC(329)   Post Evacuate Collection Set: 0.3ms
[150.645s][info][gc,phases      ] GC(329)   Other: 0.2ms
[150.645s][info][gc,heap        ] GC(329) Eden regions: 160->0(160)
[150.645s][info][gc,heap        ] GC(329) Survivor regions: 2->2(21)
[150.645s][info][gc,heap        ] GC(329) Old regions: 9->9
[150.645s][info][gc,heap        ] GC(329) Archive regions: 0->0
[150.645s][info][gc,heap        ] GC(329) Humongous regions: 0->0
[150.645s][info][gc,metaspace   ] GC(329) Metaspace: 9917K(10240K)->9917K(10240K) NonClass: 8614K(8832K)->8614K(8832K) Class: 1303K(1408K)->1303K(1408K)
[150.645s][info][gc             ] GC(329) Pause Young (Normal) (G1 Evacuation Pause) 165M->5M(270M) 22.949ms
[150.645s][info][gc,cpu         ] GC(329) User=0.02s Sys=0.00s Real=0.03s
[151.359s][info][gc,start       ] GC(330) Pause Young (Normal) (G1 Evacuation Pause)
[151.359s][info][gc,task        ] GC(330) Using 6 workers of 33 for evacuation
[151.361s][info][gc,phases      ] GC(330)   Pre Evacuate Collection Set: 0.1ms
[151.361s][info][gc,phases      ] GC(330)   Merge Heap Roots: 0.1ms
[151.361s][info][gc,phases      ] GC(330)   Evacuate Collection Set: 1.2ms
[151.361s][info][gc,phases      ] GC(330)   Post Evacuate Collection Set: 0.4ms
[151.361s][info][gc,phases      ] GC(330)   Other: 0.1ms
[151.361s][info][gc,heap        ] GC(330) Eden regions: 160->0(160)
[151.361s][info][gc,heap        ] GC(330) Survivor regions: 2->2(21)
[151.361s][info][gc,heap        ] GC(330) Old regions: 9->9
[151.361s][info][gc,heap        ] GC(330) Archive regions: 0->0
[151.361s][info][gc,heap        ] GC(330) Humongous regions: 0->0
[151.361s][info][gc,metaspace   ] GC(330) Metaspace: 9917K(10240K)->9917K(10240K) NonClass: 8614K(8832K)->8614K(8832K) Class: 1303K(1408K)->1303K(1408K)
[151.362s][info][gc             ] GC(330) Pause Young (Normal) (G1 Evacuation Pause) 165M->5M(270M) 2.486ms
[151.362s][info][gc,cpu         ] GC(330) User=0.09s Sys=0.00s Real=0.01s
[152.071s][info][gc,start       ] GC(331) Pause Young (Normal) (G1 Evacuation Pause)
[152.071s][info][gc,task        ] GC(331) Using 6 workers of 33 for evacuation
[152.074s][info][gc,phases      ] GC(331)   Pre Evacuate Collection Set: 0.1ms
[152.074s][info][gc,phases      ] GC(331)   Merge Heap Roots: 0.1ms
[152.074s][info][gc,phases      ] GC(331)   Evacuate Collection Set: 1.3ms
[152.074s][info][gc,phases      ] GC(331)   Post Evacuate Collection Set: 0.4ms
[152.074s][info][gc,phases      ] GC(331)   Other: 0.2ms
[152.074s][info][gc,heap        ] GC(331) Eden regions: 160->0(160)
[152.074s][info][gc,heap        ] GC(331) Survivor regions: 2->2(21)
[152.074s][info][gc,heap        ] GC(331) Old regions: 9->9
[152.074s][info][gc,heap        ] GC(331) Archive regions: 0->0
[152.074s][info][gc,heap        ] GC(331) Humongous regions: 0->0
[152.074s][info][gc,metaspace   ] GC(331) Metaspace: 9917K(10240K)->9917K(10240K) NonClass: 8614K(8832K)->8614K(8832K) Class: 1303K(1408K)->1303K(1408K)
[152.074s][info][gc             ] GC(331) Pause Young (Normal) (G1 Evacuation Pause) 165M->5M(270M) 2.673ms
[152.074s][info][gc,cpu         ] GC(331) User=0.02s Sys=0.00s Real=0.02s
[152.449s][info][gc,start       ] GC(332) Pause Full (System.gc())
[152.449s][info][gc,task        ] GC(332) Using 6 workers of 33 for full compaction
[152.450s][info][gc,phases,start] GC(332) Phase 1: Mark live objects
[152.456s][info][gc,phases      ] GC(332) Phase 1: Mark live objects 5.964ms
[152.456s][info][gc,phases,start] GC(332) Phase 2: Prepare compaction
[152.457s][info][gc,phases      ] GC(332) Phase 2: Prepare compaction 1.232ms
[152.457s][info][gc,phases,start] GC(332) Phase 3: Adjust pointers
[152.461s][info][gc,phases      ] GC(332) Phase 3: Adjust pointers 3.868ms
[152.461s][info][gc,phases,start] GC(332) Phase 4: Compact heap
[152.461s][info][gc,phases      ] GC(332) Phase 4: Compact heap 0.581ms
[152.466s][info][gc,heap        ] GC(332) Eden regions: 84->0(16)
[152.466s][info][gc,heap        ] GC(332) Survivor regions: 2->0(21)
[152.466s][info][gc,heap        ] GC(332) Old regions: 9->8
[152.466s][info][gc,heap        ] GC(332) Archive regions: 0->0
[152.466s][info][gc,heap        ] GC(332) Humongous regions: 0->0
[152.466s][info][gc,metaspace   ] GC(332) Metaspace: 9917K(10240K)->9917K(10240K) NonClass: 8614K(8832K)->8614K(8832K) Class: 1303K(1408K)->1303K(1408K)
[152.466s][info][gc             ] GC(332) Pause Full (System.gc()) 88M->3M(27M) 17.101ms
[152.466s][info][gc,cpu         ] GC(332) User=0.02s Sys=0.00s Real=0.02s
[152.536s][info][gc,start       ] GC(333) Pause Young (Normal) (G1 Evacuation Pause)
[152.536s][info][gc,task        ] GC(333) Using 4 workers of 33 for evacuation
[152.538s][info][gc,phases      ] GC(333)   Pre Evacuate Collection Set: 0.1ms
[152.539s][info][gc,phases      ] GC(333)   Merge Heap Roots: 0.1ms
[152.539s][info][gc,phases      ] GC(333)   Evacuate Collection Set: 1.9ms
[152.539s][info][gc,phases      ] GC(333)   Post Evacuate Collection Set: 0.2ms
[152.539s][info][gc,phases      ] GC(333)   Other: 0.1ms
[152.539s][info][gc,heap        ] GC(333) Eden regions: 16->0(13)
[152.539s][info][gc,heap        ] GC(333) Survivor regions: 0->2(2)
[152.539s][info][gc,heap        ] GC(333) Old regions: 8->8
[152.539s][info][gc,heap        ] GC(333) Archive regions: 0->0
[152.539s][info][gc,heap        ] GC(333) Humongous regions: 0->0
[152.539s][info][gc,metaspace   ] GC(333) Metaspace: 9917K(10240K)->9917K(10240K) NonClass: 8614K(8832K)->8614K(8832K) Class: 1303K(1408K)->1303K(1408K)
[152.539s][info][gc             ] GC(333) Pause Young (Normal) (G1 Evacuation Pause) 19M->5M(27M) 2.890ms
[152.539s][info][gc,cpu         ] GC(333) User=0.00s Sys=0.00s Real=0.00s
[152.597s][info][gc,start       ] GC(334) Pause Young (Normal) (G1 Evacuation Pause)
[152.597s][info][gc,task        ] GC(334) Using 3 workers of 33 for evacuation
[152.600s][info][gc,phases      ] GC(334)   Pre Evacuate Collection Set: 0.1ms
[152.600s][info][gc,phases      ] GC(334)   Merge Heap Roots: 0.1ms
[152.600s][info][gc,phases      ] GC(334)   Evacuate Collection Set: 2.5ms
[152.600s][info][gc,phases      ] GC(334)   Post Evacuate Collection Set: 0.2ms
[152.600s][info][gc,phases      ] GC(334)   Other: 0.1ms
[152.601s][info][gc,heap        ] GC(334) Eden regions: 13->0(14)
[152.601s][info][gc,heap        ] GC(334) Survivor regions: 2->1(2)
[152.601s][info][gc,heap        ] GC(334) Old regions: 8->9
[152.601s][info][gc,heap        ] GC(334) Archive regions: 0->0
[152.601s][info][gc,heap        ] GC(334) Humongous regions: 0->0
[152.601s][info][gc,metaspace   ] GC(334) Metaspace: 9917K(10240K)->9917K(10240K) NonClass: 8614K(8832K)->8614K(8832K) Class: 1303K(1408K)->1303K(1408K)
[152.601s][info][gc             ] GC(334) Pause Young (Normal) (G1 Evacuation Pause) 18M->5M(27M) 3.453ms
[152.601s][info][gc,cpu         ] GC(334) User=0.00s Sys=0.00s Real=0.00s
[152.660s][info][gc,start       ] GC(335) Pause Young (Normal) (G1 Evacuation Pause)
[152.660s][info][gc,task        ] GC(335) Using 2 workers of 33 for evacuation
[152.664s][info][gc,phases      ] GC(335)   Pre Evacuate Collection Set: 0.1ms
[152.664s][info][gc,phases      ] GC(335)   Merge Heap Roots: 0.1ms
[152.664s][info][gc,phases      ] GC(335)   Evacuate Collection Set: 2.8ms
[152.664s][info][gc,phases      ] GC(335)   Post Evacuate Collection Set: 0.2ms
[152.664s][info][gc,phases      ] GC(335)   Other: 0.1ms
[152.664s][info][gc,heap        ] GC(335) Eden regions: 14->0(14)
[152.664s][info][gc,heap        ] GC(335) Survivor regions: 1->1(2)
[152.664s][info][gc,heap        ] GC(335) Old regions: 9->9
[152.664s][info][gc,heap        ] GC(335) Archive regions: 0->0
[152.664s][info][gc,heap        ] GC(335) Humongous regions: 0->0
[152.664s][info][gc,metaspace   ] GC(335) Metaspace: 9917K(10240K)->9917K(10240K) NonClass: 8614K(8832K)->8614K(8832K) Class: 1303K(1408K)->1303K(1408K)
[152.664s][info][gc             ] GC(335) Pause Young (Normal) (G1 Evacuation Pause) 19M->5M(27M) 3.683ms
[152.664s][info][gc,cpu         ] GC(335) User=0.00s Sys=0.00s Real=0.00s
[152.721s][info][gc,start       ] GC(336) Pause Young (Normal) (G1 Evacuation Pause)
[152.721s][info][gc,task        ] GC(336) Using 2 workers of 33 for evacuation
[152.724s][info][gc,phases      ] GC(336)   Pre Evacuate Collection Set: 0.1ms
[152.724s][info][gc,phases      ] GC(336)   Merge Heap Roots: 0.0ms
[152.724s][info][gc,phases      ] GC(336)   Evacuate Collection Set: 2.8ms
[152.724s][info][gc,phases      ] GC(336)   Post Evacuate Collection Set: 0.2ms
[152.724s][info][gc,phases      ] GC(336)   Other: 0.1ms
[152.724s][info][gc,heap        ] GC(336) Eden regions: 14->0(12)
[152.724s][info][gc,heap        ] GC(336) Survivor regions: 1->2(2)
[152.724s][info][gc,heap        ] GC(336) Old regions: 9->9
[152.724s][info][gc,heap        ] GC(336) Archive regions: 0->0
[152.724s][info][gc,heap        ] GC(336) Humongous regions: 0->0
[152.724s][info][gc,metaspace   ] GC(336) Metaspace: 9917K(10240K)->9917K(10240K) NonClass: 8614K(8832K)->8614K(8832K) Class: 1303K(1408K)->1303K(1408K)
[152.724s][info][gc             ] GC(336) Pause Young (Normal) (G1 Evacuation Pause) 19M->5M(27M) 3.743ms
[152.724s][info][gc,cpu         ] GC(336) User=0.00s Sys=0.00s Real=0.00s
[152.776s][info][gc,start       ] GC(337) Pause Young (Normal) (G1 Evacuation Pause)
[152.777s][info][gc,task        ] GC(337) Using 2 workers of 33 for evacuation
[152.780s][info][gc,phases      ] GC(337)   Pre Evacuate Collection Set: 0.1ms
[152.780s][info][gc,phases      ] GC(337)   Merge Heap Roots: 0.0ms
[152.780s][info][gc,phases      ] GC(337)   Evacuate Collection Set: 3.0ms
[152.780s][info][gc,phases      ] GC(337)   Post Evacuate Collection Set: 0.2ms
[152.780s][info][gc,phases      ] GC(337)   Other: 0.1ms
[152.780s][info][gc,heap        ] GC(337) Eden regions: 12->0(14)
[152.780s][info][gc,heap        ] GC(337) Survivor regions: 2->1(2)
[152.780s][info][gc,heap        ] GC(337) Old regions: 9->9
[152.780s][info][gc,heap        ] GC(337) Archive regions: 0->0
[152.780s][info][gc,heap        ] GC(337) Humongous regions: 0->0
[152.780s][info][gc,metaspace   ] GC(337) Metaspace: 9917K(10240K)->9917K(10240K) NonClass: 8614K(8832K)->8614K(8832K) Class: 1303K(1408K)->1303K(1408K)
[152.780s][info][gc             ] GC(337) Pause Young (Normal) (G1 Evacuation Pause) 17M->5M(27M) 3.877ms
[152.780s][info][gc,cpu         ] GC(337) User=0.00s Sys=0.00s Real=0.00s
[152.844s][info][gc,start       ] GC(338) Pause Young (Normal) (G1 Evacuation Pause)
[152.844s][info][gc,task        ] GC(338) Using 2 workers of 33 for evacuation
[152.851s][info][gc,phases      ] GC(338)   Pre Evacuate Collection Set: 0.1ms
[152.851s][info][gc,phases      ] GC(338)   Merge Heap Roots: 0.1ms
[152.851s][info][gc,phases      ] GC(338)   Evacuate Collection Set: 2.6ms
[152.851s][info][gc,phases      ] GC(338)   Post Evacuate Collection Set: 3.8ms
[152.851s][info][gc,phases      ] GC(338)   Other: 0.1ms
[152.851s][info][gc,heap        ] GC(338) Eden regions: 14->0(161)
[152.851s][info][gc,heap        ] GC(338) Survivor regions: 1->1(2)
[152.851s][info][gc,heap        ] GC(338) Old regions: 9->9
[152.851s][info][gc,heap        ] GC(338) Archive regions: 0->0
[152.851s][info][gc,heap        ] GC(338) Humongous regions: 0->0
[152.851s][info][gc,metaspace   ] GC(338) Metaspace: 9917K(10240K)->9917K(10240K) NonClass: 8614K(8832K)->8614K(8832K) Class: 1303K(1408K)->1303K(1408K)
[152.851s][info][gc             ] GC(338) Pause Young (Normal) (G1 Evacuation Pause) 19M->5M(270M) 7.204ms
[152.851s][info][gc,cpu         ] GC(338) User=0.03s Sys=0.00s Real=0.01s
[153.588s][info][gc,start       ] GC(339) Pause Young (Normal) (G1 Evacuation Pause)
[153.588s][info][gc,task        ] GC(339) Using 6 workers of 33 for evacuation
[153.591s][info][gc,phases      ] GC(339)   Pre Evacuate Collection Set: 0.1ms
[153.591s][info][gc,phases      ] GC(339)   Merge Heap Roots: 0.1ms
[153.591s][info][gc,phases      ] GC(339)   Evacuate Collection Set: 1.5ms
[153.591s][info][gc,phases      ] GC(339)   Post Evacuate Collection Set: 0.3ms
[153.591s][info][gc,phases      ] GC(339)   Other: 0.1ms
[153.591s][info][gc,heap        ] GC(339) Eden regions: 161->0(160)
[153.591s][info][gc,heap        ] GC(339) Survivor regions: 1->2(21)
[153.591s][info][gc,heap        ] GC(339) Old regions: 9->9
[153.591s][info][gc,heap        ] GC(339) Archive regions: 0->0
[153.591s][info][gc,heap        ] GC(339) Humongous regions: 0->0
[153.591s][info][gc,metaspace   ] GC(339) Metaspace: 9917K(10240K)->9917K(10240K) NonClass: 8614K(8832K)->8614K(8832K) Class: 1303K(1408K)->1303K(1408K)
[153.591s][info][gc             ] GC(339) Pause Young (Normal) (G1 Evacuation Pause) 166M->6M(270M) 2.750ms
[153.591s][info][gc,cpu         ] GC(339) User=0.00s Sys=0.00s Real=0.00s
[154.296s][info][gc,start       ] GC(340) Pause Young (Normal) (G1 Evacuation Pause)
[154.296s][info][gc,task        ] GC(340) Using 6 workers of 33 for evacuation
[154.298s][info][gc,phases      ] GC(340)   Pre Evacuate Collection Set: 0.1ms
[154.299s][info][gc,phases      ] GC(340)   Merge Heap Roots: 0.1ms
[154.299s][info][gc,phases      ] GC(340)   Evacuate Collection Set: 1.5ms
[154.299s][info][gc,phases      ] GC(340)   Post Evacuate Collection Set: 0.3ms
[154.299s][info][gc,phases      ] GC(340)   Other: 0.1ms
[154.299s][info][gc,heap        ] GC(340) Eden regions: 160->0(160)
[154.299s][info][gc,heap        ] GC(340) Survivor regions: 2->2(21)
[154.299s][info][gc,heap        ] GC(340) Old regions: 9->9
[154.299s][info][gc,heap        ] GC(340) Archive regions: 0->0
[154.299s][info][gc,heap        ] GC(340) Humongous regions: 0->0
[154.299s][info][gc,metaspace   ] GC(340) Metaspace: 9917K(10240K)->9917K(10240K) NonClass: 8614K(8832K)->8614K(8832K) Class: 1303K(1408K)->1303K(1408K)
[154.299s][info][gc             ] GC(340) Pause Young (Normal) (G1 Evacuation Pause) 166M->6M(270M) 2.701ms
[154.299s][info][gc,cpu         ] GC(340) User=0.00s Sys=0.00s Real=0.00s
[155.007s][info][gc,start       ] GC(341) Pause Young (Normal) (G1 Evacuation Pause)
[155.007s][info][gc,task        ] GC(341) Using 6 workers of 33 for evacuation
[155.009s][info][gc,phases      ] GC(341)   Pre Evacuate Collection Set: 0.1ms
[155.009s][info][gc,phases      ] GC(341)   Merge Heap Roots: 0.1ms
[155.009s][info][gc,phases      ] GC(341)   Evacuate Collection Set: 1.4ms
[155.009s][info][gc,phases      ] GC(341)   Post Evacuate Collection Set: 0.3ms
[155.010s][info][gc,phases      ] GC(341)   Other: 0.1ms
[155.010s][info][gc,heap        ] GC(341) Eden regions: 160->0(160)
[155.010s][info][gc,heap        ] GC(341) Survivor regions: 2->2(21)
[155.010s][info][gc,heap        ] GC(341) Old regions: 9->9
[155.010s][info][gc,heap        ] GC(341) Archive regions: 0->0
[155.010s][info][gc,heap        ] GC(341) Humongous regions: 0->0
[155.010s][info][gc,metaspace   ] GC(341) Metaspace: 9917K(10240K)->9917K(10240K) NonClass: 8614K(8832K)->8614K(8832K) Class: 1303K(1408K)->1303K(1408K)
[155.010s][info][gc             ] GC(341) Pause Young (Normal) (G1 Evacuation Pause) 166M->6M(270M) 2.605ms
[155.010s][info][gc,cpu         ] GC(341) User=0.00s Sys=0.00s Real=0.00s
[155.715s][info][gc,start       ] GC(342) Pause Young (Normal) (G1 Evacuation Pause)
[155.715s][info][gc,task        ] GC(342) Using 6 workers of 33 for evacuation
[155.717s][info][gc,phases      ] GC(342)   Pre Evacuate Collection Set: 0.1ms
[155.717s][info][gc,phases      ] GC(342)   Merge Heap Roots: 0.1ms
[155.717s][info][gc,phases      ] GC(342)   Evacuate Collection Set: 1.5ms
[155.717s][info][gc,phases      ] GC(342)   Post Evacuate Collection Set: 0.3ms
[155.717s][info][gc,phases      ] GC(342)   Other: 0.1ms
[155.717s][info][gc,heap        ] GC(342) Eden regions: 160->0(160)
[155.717s][info][gc,heap        ] GC(342) Survivor regions: 2->2(21)
[155.717s][info][gc,heap        ] GC(342) Old regions: 9->9
[155.717s][info][gc,heap        ] GC(342) Archive regions: 0->0
[155.717s][info][gc,heap        ] GC(342) Humongous regions: 0->0
[155.717s][info][gc,metaspace   ] GC(342) Metaspace: 9917K(10240K)->9917K(10240K) NonClass: 8614K(8832K)->8614K(8832K) Class: 1303K(1408K)->1303K(1408K)
[155.717s][info][gc             ] GC(342) Pause Young (Normal) (G1 Evacuation Pause) 166M->6M(270M) 2.723ms
[155.717s][info][gc,cpu         ] GC(342) User=0.09s Sys=0.00s Real=0.01s
[156.418s][info][gc,start       ] GC(343) Pause Young (Normal) (G1 Evacuation Pause)
[156.418s][info][gc,task        ] GC(343) Using 6 workers of 33 for evacuation
[156.420s][info][gc,phases      ] GC(343)   Pre Evacuate Collection Set: 0.1ms
[156.420s][info][gc,phases      ] GC(343)   Merge Heap Roots: 0.1ms
[156.420s][info][gc,phases      ] GC(343)   Evacuate Collection Set: 1.4ms
[156.420s][info][gc,phases      ] GC(343)   Post Evacuate Collection Set: 0.3ms
[156.420s][info][gc,phases      ] GC(343)   Other: 0.1ms
[156.420s][info][gc,heap        ] GC(343) Eden regions: 160->0(160)
[156.420s][info][gc,heap        ] GC(343) Survivor regions: 2->2(21)
[156.420s][info][gc,heap        ] GC(343) Old regions: 9->9
[156.420s][info][gc,heap        ] GC(343) Archive regions: 0->0
[156.420s][info][gc,heap        ] GC(343) Humongous regions: 0->0
[156.420s][info][gc,metaspace   ] GC(343) Metaspace: 9917K(10240K)->9917K(10240K) NonClass: 8614K(8832K)->8614K(8832K) Class: 1303K(1408K)->1303K(1408K)
[156.420s][info][gc             ] GC(343) Pause Young (Normal) (G1 Evacuation Pause) 166M->6M(270M) 2.641ms
[156.420s][info][gc,cpu         ] GC(343) User=0.00s Sys=0.00s Real=0.00s
[157.130s][info][gc,start       ] GC(344) Pause Young (Normal) (G1 Evacuation Pause)
[157.130s][info][gc,task        ] GC(344) Using 6 workers of 33 for evacuation
[157.132s][info][gc,phases      ] GC(344)   Pre Evacuate Collection Set: 0.1ms
[157.132s][info][gc,phases      ] GC(344)   Merge Heap Roots: 0.1ms
[157.133s][info][gc,phases      ] GC(344)   Evacuate Collection Set: 1.4ms
[157.133s][info][gc,phases      ] GC(344)   Post Evacuate Collection Set: 0.3ms
[157.133s][info][gc,phases      ] GC(344)   Other: 0.1ms
[157.133s][info][gc,heap        ] GC(344) Eden regions: 160->0(160)
[157.133s][info][gc,heap        ] GC(344) Survivor regions: 2->2(21)
[157.133s][info][gc,heap        ] GC(344) Old regions: 9->9
[157.133s][info][gc,heap        ] GC(344) Archive regions: 0->0
[157.133s][info][gc,heap        ] GC(344) Humongous regions: 0->0
[157.133s][info][gc,metaspace   ] GC(344) Metaspace: 9917K(10240K)->9917K(10240K) NonClass: 8614K(8832K)->8614K(8832K) Class: 1303K(1408K)->1303K(1408K)
[157.133s][info][gc             ] GC(344) Pause Young (Normal) (G1 Evacuation Pause) 166M->6M(270M) 2.577ms
[157.133s][info][gc,cpu         ] GC(344) User=0.00s Sys=0.00s Real=0.00s
[157.839s][info][gc,start       ] GC(345) Pause Young (Normal) (G1 Evacuation Pause)
[157.839s][info][gc,task        ] GC(345) Using 6 workers of 33 for evacuation
[157.841s][info][gc,phases      ] GC(345)   Pre Evacuate Collection Set: 0.1ms
[157.841s][info][gc,phases      ] GC(345)   Merge Heap Roots: 0.1ms
[157.841s][info][gc,phases      ] GC(345)   Evacuate Collection Set: 1.4ms
[157.841s][info][gc,phases      ] GC(345)   Post Evacuate Collection Set: 0.3ms
[157.841s][info][gc,phases      ] GC(345)   Other: 0.1ms
[157.842s][info][gc,heap        ] GC(345) Eden regions: 160->0(160)
[157.842s][info][gc,heap        ] GC(345) Survivor regions: 2->2(21)
[157.842s][info][gc,heap        ] GC(345) Old regions: 9->9
[157.842s][info][gc,heap        ] GC(345) Archive regions: 0->0
[157.842s][info][gc,heap        ] GC(345) Humongous regions: 0->0
[157.842s][info][gc,metaspace   ] GC(345) Metaspace: 9917K(10240K)->9917K(10240K) NonClass: 8614K(8832K)->8614K(8832K) Class: 1303K(1408K)->1303K(1408K)
[157.842s][info][gc             ] GC(345) Pause Young (Normal) (G1 Evacuation Pause) 166M->6M(270M) 2.593ms
[157.842s][info][gc,cpu         ] GC(345) User=0.00s Sys=0.00s Real=0.00s
[158.545s][info][gc,start       ] GC(346) Pause Young (Normal) (G1 Evacuation Pause)
[158.545s][info][gc,task        ] GC(346) Using 6 workers of 33 for evacuation
[158.547s][info][gc,phases      ] GC(346)   Pre Evacuate Collection Set: 0.1ms
[158.547s][info][gc,phases      ] GC(346)   Merge Heap Roots: 0.1ms
[158.547s][info][gc,phases      ] GC(346)   Evacuate Collection Set: 1.4ms
[158.547s][info][gc,phases      ] GC(346)   Post Evacuate Collection Set: 0.4ms
[158.547s][info][gc,phases      ] GC(346)   Other: 0.1ms
[158.547s][info][gc,heap        ] GC(346) Eden regions: 160->0(160)
[158.547s][info][gc,heap        ] GC(346) Survivor regions: 2->2(21)
[158.547s][info][gc,heap        ] GC(346) Old regions: 9->9
[158.547s][info][gc,heap        ] GC(346) Archive regions: 0->0
[158.547s][info][gc,heap        ] GC(346) Humongous regions: 0->0
[158.547s][info][gc,metaspace   ] GC(346) Metaspace: 9917K(10240K)->9917K(10240K) NonClass: 8614K(8832K)->8614K(8832K) Class: 1303K(1408K)->1303K(1408K)
[158.548s][info][gc             ] GC(346) Pause Young (Normal) (G1 Evacuation Pause) 166M->6M(270M) 2.692ms
[158.548s][info][gc,cpu         ] GC(346) User=0.00s Sys=0.00s Real=0.00s
[159.243s][info][gc,start       ] GC(347) Pause Young (Normal) (G1 Evacuation Pause)
[159.244s][info][gc,task        ] GC(347) Using 6 workers of 33 for evacuation
[159.246s][info][gc,phases      ] GC(347)   Pre Evacuate Collection Set: 0.1ms
[159.246s][info][gc,phases      ] GC(347)   Merge Heap Roots: 0.1ms
[159.246s][info][gc,phases      ] GC(347)   Evacuate Collection Set: 1.4ms
[159.246s][info][gc,phases      ] GC(347)   Post Evacuate Collection Set: 0.3ms
[159.246s][info][gc,phases      ] GC(347)   Other: 0.1ms
[159.246s][info][gc,heap        ] GC(347) Eden regions: 160->0(160)
[159.246s][info][gc,heap        ] GC(347) Survivor regions: 2->2(21)
[159.246s][info][gc,heap        ] GC(347) Old regions: 9->9
[159.246s][info][gc,heap        ] GC(347) Archive regions: 0->0
[159.246s][info][gc,heap        ] GC(347) Humongous regions: 0->0
[159.246s][info][gc,metaspace   ] GC(347) Metaspace: 9917K(10240K)->9917K(10240K) NonClass: 8614K(8832K)->8614K(8832K) Class: 1303K(1408K)->1303K(1408K)
[159.246s][info][gc             ] GC(347) Pause Young (Normal) (G1 Evacuation Pause) 166M->6M(270M) 2.572ms
[159.246s][info][gc,cpu         ] GC(347) User=0.00s Sys=0.00s Real=0.00s
[159.605s][info][gc,start       ] GC(348) Pause Full (System.gc())
[159.606s][info][gc,task        ] GC(348) Using 6 workers of 33 for full compaction
[159.606s][info][gc,phases,start] GC(348) Phase 1: Mark live objects
[159.611s][info][gc,phases      ] GC(348) Phase 1: Mark live objects 5.499ms
[159.611s][info][gc,phases,start] GC(348) Phase 2: Prepare compaction
[159.613s][info][gc,phases      ] GC(348) Phase 2: Prepare compaction 1.183ms
[159.613s][info][gc,phases,start] GC(348) Phase 3: Adjust pointers
[159.616s][info][gc,phases      ] GC(348) Phase 3: Adjust pointers 3.558ms
[159.616s][info][gc,phases,start] GC(348) Phase 4: Compact heap
[159.617s][info][gc,phases      ] GC(348) Phase 4: Compact heap 0.581ms
[159.621s][info][gc,heap        ] GC(348) Eden regions: 81->0(16)
[159.621s][info][gc,heap        ] GC(348) Survivor regions: 2->0(21)
[159.621s][info][gc,heap        ] GC(348) Old regions: 9->8
[159.622s][info][gc,heap        ] GC(348) Archive regions: 0->0
[159.622s][info][gc,heap        ] GC(348) Humongous regions: 0->0
[159.622s][info][gc,metaspace   ] GC(348) Metaspace: 9917K(10240K)->9917K(10240K) NonClass: 8614K(8832K)->8614K(8832K) Class: 1303K(1408K)->1303K(1408K)
[159.622s][info][gc             ] GC(348) Pause Full (System.gc()) 86M->3M(27M) 16.307ms
[159.622s][info][gc,cpu         ] GC(348) User=0.02s Sys=0.00s Real=0.02s
[159.689s][info][gc,start       ] GC(349) Pause Young (Normal) (G1 Evacuation Pause)
[159.689s][info][gc,task        ] GC(349) Using 4 workers of 33 for evacuation
[159.691s][info][gc,phases      ] GC(349)   Pre Evacuate Collection Set: 0.1ms
[159.691s][info][gc,phases      ] GC(349)   Merge Heap Roots: 0.1ms
[159.691s][info][gc,phases      ] GC(349)   Evacuate Collection Set: 1.8ms
[159.691s][info][gc,phases      ] GC(349)   Post Evacuate Collection Set: 0.2ms
[159.692s][info][gc,phases      ] GC(349)   Other: 0.1ms
[159.692s][info][gc,heap        ] GC(349) Eden regions: 16->0(13)
[159.692s][info][gc,heap        ] GC(349) Survivor regions: 0->2(2)
[159.692s][info][gc,heap        ] GC(349) Old regions: 8->8
[159.692s][info][gc,heap        ] GC(349) Archive regions: 0->0
[159.692s][info][gc,heap        ] GC(349) Humongous regions: 0->0
[159.692s][info][gc,metaspace   ] GC(349) Metaspace: 9917K(10240K)->9917K(10240K) NonClass: 8614K(8832K)->8614K(8832K) Class: 1303K(1408K)->1303K(1408K)
[159.692s][info][gc             ] GC(349) Pause Young (Normal) (G1 Evacuation Pause) 19M->5M(27M) 2.719ms
[159.692s][info][gc,cpu         ] GC(349) User=0.00s Sys=0.00s Real=0.00s
[159.750s][info][gc,start       ] GC(350) Pause Young (Normal) (G1 Evacuation Pause)
[159.750s][info][gc,task        ] GC(350) Using 3 workers of 33 for evacuation
[159.753s][info][gc,phases      ] GC(350)   Pre Evacuate Collection Set: 0.1ms
[159.753s][info][gc,phases      ] GC(350)   Merge Heap Roots: 0.1ms
[159.753s][info][gc,phases      ] GC(350)   Evacuate Collection Set: 2.4ms
[159.753s][info][gc,phases      ] GC(350)   Post Evacuate Collection Set: 0.2ms
[159.753s][info][gc,phases      ] GC(350)   Other: 0.1ms
[159.753s][info][gc,heap        ] GC(350) Eden regions: 13->0(14)
[159.753s][info][gc,heap        ] GC(350) Survivor regions: 2->1(2)
[159.753s][info][gc,heap        ] GC(350) Old regions: 8->9
[159.753s][info][gc,heap        ] GC(350) Archive regions: 0->0
[159.753s][info][gc,heap        ] GC(350) Humongous regions: 0->0
[159.753s][info][gc,metaspace   ] GC(350) Metaspace: 9917K(10240K)->9917K(10240K) NonClass: 8614K(8832K)->8614K(8832K) Class: 1303K(1408K)->1303K(1408K)
[159.753s][info][gc             ] GC(350) Pause Young (Normal) (G1 Evacuation Pause) 18M->5M(27M) 3.366ms
[159.753s][info][gc,cpu         ] GC(350) User=0.00s Sys=0.00s Real=0.00s
[159.811s][info][gc,start       ] GC(351) Pause Young (Normal) (G1 Evacuation Pause)
[159.811s][info][gc,task        ] GC(351) Using 2 workers of 33 for evacuation
[159.814s][info][gc,phases      ] GC(351)   Pre Evacuate Collection Set: 0.1ms
[159.814s][info][gc,phases      ] GC(351)   Merge Heap Roots: 0.0ms
[159.814s][info][gc,phases      ] GC(351)   Evacuate Collection Set: 2.8ms
[159.814s][info][gc,phases      ] GC(351)   Post Evacuate Collection Set: 0.2ms
[159.814s][info][gc,phases      ] GC(351)   Other: 0.1ms
[159.814s][info][gc,heap        ] GC(351) Eden regions: 14->0(14)
[159.814s][info][gc,heap        ] GC(351) Survivor regions: 1->1(2)
[159.814s][info][gc,heap        ] GC(351) Old regions: 9->9
[159.814s][info][gc,heap        ] GC(351) Archive regions: 0->0
[159.814s][info][gc,heap        ] GC(351) Humongous regions: 0->0
[159.814s][info][gc,metaspace   ] GC(351) Metaspace: 9917K(10240K)->9917K(10240K) NonClass: 8614K(8832K)->8614K(8832K) Class: 1303K(1408K)->1303K(1408K)
[159.814s][info][gc             ] GC(351) Pause Young (Normal) (G1 Evacuation Pause) 19M->5M(27M) 3.679ms
[159.814s][info][gc,cpu         ] GC(351) User=0.00s Sys=0.00s Real=0.00s
[159.871s][info][gc,start       ] GC(352) Pause Young (Normal) (G1 Evacuation Pause)
[159.871s][info][gc,task        ] GC(352) Using 2 workers of 33 for evacuation
[159.874s][info][gc,phases      ] GC(352)   Pre Evacuate Collection Set: 0.1ms
[159.874s][info][gc,phases      ] GC(352)   Merge Heap Roots: 0.0ms
[159.874s][info][gc,phases      ] GC(352)   Evacuate Collection Set: 2.6ms
[159.874s][info][gc,phases      ] GC(352)   Post Evacuate Collection Set: 0.2ms
[159.874s][info][gc,phases      ] GC(352)   Other: 0.1ms
[159.874s][info][gc,heap        ] GC(352) Eden regions: 14->0(14)
[159.874s][info][gc,heap        ] GC(352) Survivor regions: 1->1(2)
[159.874s][info][gc,heap        ] GC(352) Old regions: 9->9
[159.874s][info][gc,heap        ] GC(352) Archive regions: 0->0
[159.874s][info][gc,heap        ] GC(352) Humongous regions: 0->0
[159.874s][info][gc,metaspace   ] GC(352) Metaspace: 9917K(10240K)->9917K(10240K) NonClass: 8614K(8832K)->8614K(8832K) Class: 1303K(1408K)->1303K(1408K)
[159.874s][info][gc             ] GC(352) Pause Young (Normal) (G1 Evacuation Pause) 19M->5M(27M) 3.511ms
[159.874s][info][gc,cpu         ] GC(352) User=0.00s Sys=0.00s Real=0.00s
[159.936s][info][gc,start       ] GC(353) Pause Young (Normal) (G1 Evacuation Pause)
[159.936s][info][gc,task        ] GC(353) Using 2 workers of 33 for evacuation
[159.939s][info][gc,phases      ] GC(353)   Pre Evacuate Collection Set: 0.1ms
[159.939s][info][gc,phases      ] GC(353)   Merge Heap Roots: 0.0ms
[159.939s][info][gc,phases      ] GC(353)   Evacuate Collection Set: 3.0ms
[159.939s][info][gc,phases      ] GC(353)   Post Evacuate Collection Set: 0.2ms
[159.940s][info][gc,phases      ] GC(353)   Other: 0.1ms
[159.940s][info][gc,heap        ] GC(353) Eden regions: 14->0(12)
[159.940s][info][gc,heap        ] GC(353) Survivor regions: 1->2(2)
[159.940s][info][gc,heap        ] GC(353) Old regions: 9->9
[159.940s][info][gc,heap        ] GC(353) Archive regions: 0->0
[159.940s][info][gc,heap        ] GC(353) Humongous regions: 0->0
[159.940s][info][gc,metaspace   ] GC(353) Metaspace: 9917K(10240K)->9917K(10240K) NonClass: 8614K(8832K)->8614K(8832K) Class: 1303K(1408K)->1303K(1408K)
[159.940s][info][gc             ] GC(353) Pause Young (Normal) (G1 Evacuation Pause) 19M->5M(27M) 3.847ms
[159.940s][info][gc,cpu         ] GC(353) User=0.00s Sys=0.00s Real=0.00s
[159.990s][info][gc,start       ] GC(354) Pause Young (Normal) (G1 Evacuation Pause)
[159.990s][info][gc,task        ] GC(354) Using 2 workers of 33 for evacuation
[159.997s][info][gc,phases      ] GC(354)   Pre Evacuate Collection Set: 0.1ms
[159.997s][info][gc,phases      ] GC(354)   Merge Heap Roots: 0.0ms
[159.997s][info][gc,phases      ] GC(354)   Evacuate Collection Set: 2.8ms
[159.997s][info][gc,phases      ] GC(354)   Post Evacuate Collection Set: 3.8ms
[159.997s][info][gc,phases      ] GC(354)   Other: 0.1ms
[159.997s][info][gc,heap        ] GC(354) Eden regions: 12->0(161)
[159.997s][info][gc,heap        ] GC(354) Survivor regions: 2->1(2)
[159.997s][info][gc,heap        ] GC(354) Old regions: 9->9
[159.997s][info][gc,heap        ] GC(354) Archive regions: 0->0
[159.997s][info][gc,heap        ] GC(354) Humongous regions: 0->0
[159.997s][info][gc,metaspace   ] GC(354) Metaspace: 9917K(10240K)->9917K(10240K) NonClass: 8614K(8832K)->8614K(8832K) Class: 1303K(1408K)->1303K(1408K)
[159.997s][info][gc             ] GC(354) Pause Young (Normal) (G1 Evacuation Pause) 17M->5M(270M) 7.382ms
[159.997s][info][gc,cpu         ] GC(354) User=0.00s Sys=0.00s Real=0.00s
[160.741s][info][gc,start       ] GC(355) Pause Young (Normal) (G1 Evacuation Pause)
[160.741s][info][gc,task        ] GC(355) Using 6 workers of 33 for evacuation
[160.744s][info][gc,phases      ] GC(355)   Pre Evacuate Collection Set: 0.1ms
[160.744s][info][gc,phases      ] GC(355)   Merge Heap Roots: 0.1ms
[160.744s][info][gc,phases      ] GC(355)   Evacuate Collection Set: 1.7ms
[160.744s][info][gc,phases      ] GC(355)   Post Evacuate Collection Set: 0.4ms
[160.744s][info][gc,phases      ] GC(355)   Other: 0.1ms
[160.744s][info][gc,heap        ] GC(355) Eden regions: 161->0(160)
[160.744s][info][gc,heap        ] GC(355) Survivor regions: 1->2(21)
[160.744s][info][gc,heap        ] GC(355) Old regions: 9->9
[160.744s][info][gc,heap        ] GC(355) Archive regions: 0->0
[160.744s][info][gc,heap        ] GC(355) Humongous regions: 0->0
[160.744s][info][gc,metaspace   ] GC(355) Metaspace: 9917K(10240K)->9917K(10240K) NonClass: 8614K(8832K)->8614K(8832K) Class: 1303K(1408K)->1303K(1408K)
[160.744s][info][gc             ] GC(355) Pause Young (Normal) (G1 Evacuation Pause) 166M->5M(270M) 2.978ms
[160.744s][info][gc,cpu         ] GC(355) User=0.00s Sys=0.00s Real=0.00s
[161.465s][info][gc,start       ] GC(356) Pause Young (Normal) (G1 Evacuation Pause)
[161.465s][info][gc,task        ] GC(356) Using 6 workers of 33 for evacuation
[161.467s][info][gc,phases      ] GC(356)   Pre Evacuate Collection Set: 0.1ms
[161.467s][info][gc,phases      ] GC(356)   Merge Heap Roots: 0.1ms
[161.467s][info][gc,phases      ] GC(356)   Evacuate Collection Set: 1.4ms
[161.467s][info][gc,phases      ] GC(356)   Post Evacuate Collection Set: 0.3ms
[161.467s][info][gc,phases      ] GC(356)   Other: 0.1ms
[161.467s][info][gc,heap        ] GC(356) Eden regions: 160->0(160)
[161.467s][info][gc,heap        ] GC(356) Survivor regions: 2->2(21)
[161.467s][info][gc,heap        ] GC(356) Old regions: 9->9
[161.467s][info][gc,heap        ] GC(356) Archive regions: 0->0
[161.468s][info][gc,heap        ] GC(356) Humongous regions: 0->0
[161.468s][info][gc,metaspace   ] GC(356) Metaspace: 9917K(10240K)->9917K(10240K) NonClass: 8614K(8832K)->8614K(8832K) Class: 1303K(1408K)->1303K(1408K)
[161.468s][info][gc             ] GC(356) Pause Young (Normal) (G1 Evacuation Pause) 165M->5M(270M) 2.674ms
[161.468s][info][gc,cpu         ] GC(356) User=0.00s Sys=0.00s Real=0.00s
[162.158s][info][gc,start       ] GC(357) Pause Young (Normal) (G1 Evacuation Pause)
[162.159s][info][gc,task        ] GC(357) Using 6 workers of 33 for evacuation
[162.161s][info][gc,phases      ] GC(357)   Pre Evacuate Collection Set: 0.1ms
[162.161s][info][gc,phases      ] GC(357)   Merge Heap Roots: 0.1ms
[162.161s][info][gc,phases      ] GC(357)   Evacuate Collection Set: 1.4ms
[162.161s][info][gc,phases      ] GC(357)   Post Evacuate Collection Set: 0.3ms
[162.161s][info][gc,phases      ] GC(357)   Other: 0.1ms
[162.161s][info][gc,heap        ] GC(357) Eden regions: 160->0(160)
[162.161s][info][gc,heap        ] GC(357) Survivor regions: 2->2(21)
[162.161s][info][gc,heap        ] GC(357) Old regions: 9->9
[162.161s][info][gc,heap        ] GC(357) Archive regions: 0->0
[162.161s][info][gc,heap        ] GC(357) Humongous regions: 0->0
[162.161s][info][gc,metaspace   ] GC(357) Metaspace: 9917K(10240K)->9917K(10240K) NonClass: 8614K(8832K)->8614K(8832K) Class: 1303K(1408K)->1303K(1408K)
[162.161s][info][gc             ] GC(357) Pause Young (Normal) (G1 Evacuation Pause) 165M->5M(270M) 2.576ms
[162.161s][info][gc,cpu         ] GC(357) User=0.00s Sys=0.00s Real=0.00s
[162.871s][info][gc,start       ] GC(358) Pause Young (Normal) (G1 Evacuation Pause)
[162.871s][info][gc,task        ] GC(358) Using 6 workers of 33 for evacuation
[162.873s][info][gc,phases      ] GC(358)   Pre Evacuate Collection Set: 0.1ms
[162.874s][info][gc,phases      ] GC(358)   Merge Heap Roots: 0.1ms
[162.874s][info][gc,phases      ] GC(358)   Evacuate Collection Set: 1.5ms
[162.874s][info][gc,phases      ] GC(358)   Post Evacuate Collection Set: 0.3ms
[162.874s][info][gc,phases      ] GC(358)   Other: 0.1ms
[162.874s][info][gc,heap        ] GC(358) Eden regions: 160->0(160)
[162.874s][info][gc,heap        ] GC(358) Survivor regions: 2->2(21)
[162.874s][info][gc,heap        ] GC(358) Old regions: 9->9
[162.874s][info][gc,heap        ] GC(358) Archive regions: 0->0
[162.874s][info][gc,heap        ] GC(358) Humongous regions: 0->0
[162.874s][info][gc,metaspace   ] GC(358) Metaspace: 9917K(10240K)->9917K(10240K) NonClass: 8614K(8832K)->8614K(8832K) Class: 1303K(1408K)->1303K(1408K)
[162.874s][info][gc             ] GC(358) Pause Young (Normal) (G1 Evacuation Pause) 165M->5M(270M) 2.798ms
[162.874s][info][gc,cpu         ] GC(358) User=0.00s Sys=0.00s Real=0.00s
[163.576s][info][gc,start       ] GC(359) Pause Young (Normal) (G1 Evacuation Pause)
[163.577s][info][gc,task        ] GC(359) Using 6 workers of 33 for evacuation
[163.579s][info][gc,phases      ] GC(359)   Pre Evacuate Collection Set: 0.1ms
[163.579s][info][gc,phases      ] GC(359)   Merge Heap Roots: 0.1ms
[163.579s][info][gc,phases      ] GC(359)   Evacuate Collection Set: 1.3ms
[163.579s][info][gc,phases      ] GC(359)   Post Evacuate Collection Set: 0.3ms
[163.579s][info][gc,phases      ] GC(359)   Other: 0.2ms
[163.579s][info][gc,heap        ] GC(359) Eden regions: 160->0(160)
[163.579s][info][gc,heap        ] GC(359) Survivor regions: 2->2(21)
[163.579s][info][gc,heap        ] GC(359) Old regions: 9->9
[163.579s][info][gc,heap        ] GC(359) Archive regions: 0->0
[163.579s][info][gc,heap        ] GC(359) Humongous regions: 0->0
[163.579s][info][gc,metaspace   ] GC(359) Metaspace: 9917K(10240K)->9917K(10240K) NonClass: 8614K(8832K)->8614K(8832K) Class: 1303K(1408K)->1303K(1408K)
[163.579s][info][gc             ] GC(359) Pause Young (Normal) (G1 Evacuation Pause) 165M->5M(270M) 2.558ms
[163.579s][info][gc,cpu         ] GC(359) User=0.02s Sys=0.00s Real=0.02s
[164.279s][info][gc,start       ] GC(360) Pause Young (Normal) (G1 Evacuation Pause)
[164.279s][info][gc,task        ] GC(360) Using 6 workers of 33 for evacuation
[164.281s][info][gc,phases      ] GC(360)   Pre Evacuate Collection Set: 0.1ms
[164.281s][info][gc,phases      ] GC(360)   Merge Heap Roots: 0.1ms
[164.281s][info][gc,phases      ] GC(360)   Evacuate Collection Set: 1.3ms
[164.281s][info][gc,phases      ] GC(360)   Post Evacuate Collection Set: 0.3ms
[164.281s][info][gc,phases      ] GC(360)   Other: 0.1ms
[164.281s][info][gc,heap        ] GC(360) Eden regions: 160->0(160)
[164.281s][info][gc,heap        ] GC(360) Survivor regions: 2->2(21)
[164.281s][info][gc,heap        ] GC(360) Old regions: 9->9
[164.281s][info][gc,heap        ] GC(360) Archive regions: 0->0
[164.281s][info][gc,heap        ] GC(360) Humongous regions: 0->0
[164.281s][info][gc,metaspace   ] GC(360) Metaspace: 9917K(10240K)->9917K(10240K) NonClass: 8614K(8832K)->8614K(8832K) Class: 1303K(1408K)->1303K(1408K)
[164.282s][info][gc             ] GC(360) Pause Young (Normal) (G1 Evacuation Pause) 165M->5M(270M) 2.563ms
[164.282s][info][gc,cpu         ] GC(360) User=0.00s Sys=0.00s Real=0.00s
[164.979s][info][gc,start       ] GC(361) Pause Young (Normal) (G1 Evacuation Pause)
[164.980s][info][gc,task        ] GC(361) Using 6 workers of 33 for evacuation
[164.982s][info][gc,phases      ] GC(361)   Pre Evacuate Collection Set: 0.1ms
[164.982s][info][gc,phases      ] GC(361)   Merge Heap Roots: 0.1ms
[164.982s][info][gc,phases      ] GC(361)   Evacuate Collection Set: 1.3ms
[164.982s][info][gc,phases      ] GC(361)   Post Evacuate Collection Set: 0.4ms
[164.982s][info][gc,phases      ] GC(361)   Other: 0.1ms
[164.982s][info][gc,heap        ] GC(361) Eden regions: 160->0(160)
[164.982s][info][gc,heap        ] GC(361) Survivor regions: 2->2(21)
[164.982s][info][gc,heap        ] GC(361) Old regions: 9->9
[164.982s][info][gc,heap        ] GC(361) Archive regions: 0->0
[164.982s][info][gc,heap        ] GC(361) Humongous regions: 0->0
[164.982s][info][gc,metaspace   ] GC(361) Metaspace: 9917K(10240K)->9917K(10240K) NonClass: 8614K(8832K)->8614K(8832K) Class: 1303K(1408K)->1303K(1408K)
[164.982s][info][gc             ] GC(361) Pause Young (Normal) (G1 Evacuation Pause) 165M->5M(270M) 2.521ms
[164.982s][info][gc,cpu         ] GC(361) User=0.03s Sys=0.00s Real=0.02s
[165.698s][info][gc,start       ] GC(362) Pause Young (Normal) (G1 Evacuation Pause)
[165.698s][info][gc,task        ] GC(362) Using 6 workers of 33 for evacuation
[165.700s][info][gc,phases      ] GC(362)   Pre Evacuate Collection Set: 0.1ms
[165.701s][info][gc,phases      ] GC(362)   Merge Heap Roots: 0.1ms
[165.701s][info][gc,phases      ] GC(362)   Evacuate Collection Set: 1.4ms
[165.701s][info][gc,phases      ] GC(362)   Post Evacuate Collection Set: 0.3ms
[165.701s][info][gc,phases      ] GC(362)   Other: 0.1ms
[165.701s][info][gc,heap        ] GC(362) Eden regions: 160->0(160)
[165.701s][info][gc,heap        ] GC(362) Survivor regions: 2->2(21)
[165.701s][info][gc,heap        ] GC(362) Old regions: 9->9
[165.701s][info][gc,heap        ] GC(362) Archive regions: 0->0
[165.701s][info][gc,heap        ] GC(362) Humongous regions: 0->0
[165.701s][info][gc,metaspace   ] GC(362) Metaspace: 9917K(10240K)->9917K(10240K) NonClass: 8614K(8832K)->8614K(8832K) Class: 1303K(1408K)->1303K(1408K)
[165.701s][info][gc             ] GC(362) Pause Young (Normal) (G1 Evacuation Pause) 165M->5M(270M) 2.599ms
[165.701s][info][gc,cpu         ] GC(362) User=0.00s Sys=0.00s Real=0.00s
[166.403s][info][gc,start       ] GC(363) Pause Young (Normal) (G1 Evacuation Pause)
[166.403s][info][gc,task        ] GC(363) Using 6 workers of 33 for evacuation
[166.405s][info][gc,phases      ] GC(363)   Pre Evacuate Collection Set: 0.1ms
[166.405s][info][gc,phases      ] GC(363)   Merge Heap Roots: 0.1ms
[166.405s][info][gc,phases      ] GC(363)   Evacuate Collection Set: 1.2ms
[166.405s][info][gc,phases      ] GC(363)   Post Evacuate Collection Set: 0.4ms
[166.405s][info][gc,phases      ] GC(363)   Other: 0.1ms
[166.405s][info][gc,heap        ] GC(363) Eden regions: 160->0(160)
[166.405s][info][gc,heap        ] GC(363) Survivor regions: 2->2(21)
[166.405s][info][gc,heap        ] GC(363) Old regions: 9->9
[166.405s][info][gc,heap        ] GC(363) Archive regions: 0->0
[166.405s][info][gc,heap        ] GC(363) Humongous regions: 0->0
[166.405s][info][gc,metaspace   ] GC(363) Metaspace: 9917K(10240K)->9917K(10240K) NonClass: 8614K(8832K)->8614K(8832K) Class: 1303K(1408K)->1303K(1408K)
[166.405s][info][gc             ] GC(363) Pause Young (Normal) (G1 Evacuation Pause) 165M->5M(270M) 2.474ms
[166.405s][info][gc,cpu         ] GC(363) User=0.00s Sys=0.00s Real=0.00s
[166.756s][info][gc,start       ] GC(364) Pause Full (System.gc())
[166.756s][info][gc,task        ] GC(364) Using 6 workers of 33 for full compaction
[166.757s][info][gc,phases,start] GC(364) Phase 1: Mark live objects
[166.762s][info][gc,phases      ] GC(364) Phase 1: Mark live objects 5.515ms
[166.762s][info][gc,phases,start] GC(364) Phase 2: Prepare compaction
[166.764s][info][gc,phases      ] GC(364) Phase 2: Prepare compaction 1.180ms
[166.764s][info][gc,phases,start] GC(364) Phase 3: Adjust pointers
[166.767s][info][gc,phases      ] GC(364) Phase 3: Adjust pointers 3.877ms
[166.767s][info][gc,phases,start] GC(364) Phase 4: Compact heap
[166.768s][info][gc,phases      ] GC(364) Phase 4: Compact heap 0.603ms
[166.773s][info][gc,heap        ] GC(364) Eden regions: 81->0(16)
[166.773s][info][gc,heap        ] GC(364) Survivor regions: 2->0(21)
[166.773s][info][gc,heap        ] GC(364) Old regions: 9->8
[166.773s][info][gc,heap        ] GC(364) Archive regions: 0->0
[166.773s][info][gc,heap        ] GC(364) Humongous regions: 0->0
[166.773s][info][gc,metaspace   ] GC(364) Metaspace: 9917K(10240K)->9917K(10240K) NonClass: 8614K(8832K)->8614K(8832K) Class: 1303K(1408K)->1303K(1408K)
[166.773s][info][gc             ] GC(364) Pause Full (System.gc()) 85M->3M(27M) 16.582ms
[166.773s][info][gc,cpu         ] GC(364) User=0.06s Sys=0.00s Real=0.02s
[166.841s][info][gc,start       ] GC(365) Pause Young (Normal) (G1 Evacuation Pause)
[166.842s][info][gc,task        ] GC(365) Using 4 workers of 33 for evacuation
[166.844s][info][gc,phases      ] GC(365)   Pre Evacuate Collection Set: 0.1ms
[166.844s][info][gc,phases      ] GC(365)   Merge Heap Roots: 0.1ms
[166.844s][info][gc,phases      ] GC(365)   Evacuate Collection Set: 2.1ms
[166.844s][info][gc,phases      ] GC(365)   Post Evacuate Collection Set: 0.4ms
[166.844s][info][gc,phases      ] GC(365)   Other: 0.1ms
[166.844s][info][gc,heap        ] GC(365) Eden regions: 16->0(13)
[166.844s][info][gc,heap        ] GC(365) Survivor regions: 0->2(2)
[166.845s][info][gc,heap        ] GC(365) Old regions: 8->8
[166.845s][info][gc,heap        ] GC(365) Archive regions: 0->0
[166.845s][info][gc,heap        ] GC(365) Humongous regions: 0->0
[166.845s][info][gc,metaspace   ] GC(365) Metaspace: 9923K(10240K)->9923K(10240K) NonClass: 8619K(8832K)->8619K(8832K) Class: 1303K(1408K)->1303K(1408K)
[166.845s][info][gc             ] GC(365) Pause Young (Normal) (G1 Evacuation Pause) 19M->5M(27M) 3.197ms
[166.845s][info][gc,cpu         ] GC(365) User=0.00s Sys=0.00s Real=0.00s
[166.902s][info][gc,start       ] GC(366) Pause Young (Normal) (G1 Evacuation Pause)
[166.902s][info][gc,task        ] GC(366) Using 3 workers of 33 for evacuation
[166.905s][info][gc,phases      ] GC(366)   Pre Evacuate Collection Set: 0.1ms
[166.905s][info][gc,phases      ] GC(366)   Merge Heap Roots: 0.1ms
[166.905s][info][gc,phases      ] GC(366)   Evacuate Collection Set: 2.4ms
[166.905s][info][gc,phases      ] GC(366)   Post Evacuate Collection Set: 0.2ms
[166.905s][info][gc,phases      ] GC(366)   Other: 0.1ms
[166.905s][info][gc,heap        ] GC(366) Eden regions: 13->0(14)
[166.905s][info][gc,heap        ] GC(366) Survivor regions: 2->1(2)
[166.905s][info][gc,heap        ] GC(366) Old regions: 8->9
[166.905s][info][gc,heap        ] GC(366) Archive regions: 0->0
[166.905s][info][gc,heap        ] GC(366) Humongous regions: 0->0
[166.905s][info][gc,metaspace   ] GC(366) Metaspace: 9923K(10240K)->9923K(10240K) NonClass: 8619K(8832K)->8619K(8832K) Class: 1303K(1408K)->1303K(1408K)
[166.905s][info][gc             ] GC(366) Pause Young (Normal) (G1 Evacuation Pause) 18M->5M(27M) 3.354ms
[166.905s][info][gc,cpu         ] GC(366) User=0.00s Sys=0.00s Real=0.00s
[166.964s][info][gc,start       ] GC(367) Pause Young (Normal) (G1 Evacuation Pause)
[166.964s][info][gc,task        ] GC(367) Using 2 workers of 33 for evacuation
[166.967s][info][gc,phases      ] GC(367)   Pre Evacuate Collection Set: 0.1ms
[166.967s][info][gc,phases      ] GC(367)   Merge Heap Roots: 0.0ms
[166.967s][info][gc,phases      ] GC(367)   Evacuate Collection Set: 2.5ms
[166.967s][info][gc,phases      ] GC(367)   Post Evacuate Collection Set: 0.2ms
[166.967s][info][gc,phases      ] GC(367)   Other: 0.1ms
[166.967s][info][gc,heap        ] GC(367) Eden regions: 14->0(14)
[166.967s][info][gc,heap        ] GC(367) Survivor regions: 1->1(2)
[166.967s][info][gc,heap        ] GC(367) Old regions: 9->9
[166.967s][info][gc,heap        ] GC(367) Archive regions: 0->0
[166.967s][info][gc,heap        ] GC(367) Humongous regions: 0->0
[166.967s][info][gc,metaspace   ] GC(367) Metaspace: 9923K(10240K)->9923K(10240K) NonClass: 8619K(8832K)->8619K(8832K) Class: 1303K(1408K)->1303K(1408K)
[166.967s][info][gc             ] GC(367) Pause Young (Normal) (G1 Evacuation Pause) 19M->5M(27M) 3.438ms
[166.967s][info][gc,cpu         ] GC(367) User=0.00s Sys=0.00s Real=0.00s
[167.027s][info][gc,start       ] GC(368) Pause Young (Normal) (G1 Evacuation Pause)
[167.027s][info][gc,task        ] GC(368) Using 2 workers of 33 for evacuation
[167.030s][info][gc,phases      ] GC(368)   Pre Evacuate Collection Set: 0.1ms
[167.030s][info][gc,phases      ] GC(368)   Merge Heap Roots: 0.0ms
[167.030s][info][gc,phases      ] GC(368)   Evacuate Collection Set: 2.5ms
[167.030s][info][gc,phases      ] GC(368)   Post Evacuate Collection Set: 0.2ms
[167.030s][info][gc,phases      ] GC(368)   Other: 0.1ms
[167.030s][info][gc,heap        ] GC(368) Eden regions: 14->0(14)
[167.030s][info][gc,heap        ] GC(368) Survivor regions: 1->1(2)
[167.030s][info][gc,heap        ] GC(368) Old regions: 9->9
[167.030s][info][gc,heap        ] GC(368) Archive regions: 0->0
[167.030s][info][gc,heap        ] GC(368) Humongous regions: 0->0
[167.030s][info][gc,metaspace   ] GC(368) Metaspace: 9923K(10240K)->9923K(10240K) NonClass: 8619K(8832K)->8619K(8832K) Class: 1303K(1408K)->1303K(1408K)
[167.030s][info][gc             ] GC(368) Pause Young (Normal) (G1 Evacuation Pause) 19M->5M(27M) 3.335ms
[167.030s][info][gc,cpu         ] GC(368) User=0.00s Sys=0.00s Real=0.00s
[167.092s][info][gc,start       ] GC(369) Pause Young (Normal) (G1 Evacuation Pause)
[167.092s][info][gc,task        ] GC(369) Using 2 workers of 33 for evacuation
[167.095s][info][gc,phases      ] GC(369)   Pre Evacuate Collection Set: 0.1ms
[167.095s][info][gc,phases      ] GC(369)   Merge Heap Roots: 0.1ms
[167.095s][info][gc,phases      ] GC(369)   Evacuate Collection Set: 2.5ms
[167.095s][info][gc,phases      ] GC(369)   Post Evacuate Collection Set: 0.2ms
[167.095s][info][gc,phases      ] GC(369)   Other: 0.1ms
[167.095s][info][gc,heap        ] GC(369) Eden regions: 14->0(14)
[167.096s][info][gc,heap        ] GC(369) Survivor regions: 1->1(2)
[167.096s][info][gc,heap        ] GC(369) Old regions: 9->9
[167.096s][info][gc,heap        ] GC(369) Archive regions: 0->0
[167.096s][info][gc,heap        ] GC(369) Humongous regions: 0->0
[167.096s][info][gc,metaspace   ] GC(369) Metaspace: 9923K(10240K)->9923K(10240K) NonClass: 8619K(8832K)->8619K(8832K) Class: 1303K(1408K)->1303K(1408K)
[167.096s][info][gc             ] GC(369) Pause Young (Normal) (G1 Evacuation Pause) 19M->5M(27M) 3.392ms
[167.096s][info][gc,cpu         ] GC(369) User=0.00s Sys=0.00s Real=0.00s
[167.153s][info][gc,start       ] GC(370) Pause Young (Normal) (G1 Evacuation Pause)
[167.153s][info][gc,task        ] GC(370) Using 2 workers of 33 for evacuation
[167.160s][info][gc,phases      ] GC(370)   Pre Evacuate Collection Set: 0.1ms
[167.160s][info][gc,phases      ] GC(370)   Merge Heap Roots: 0.0ms
[167.160s][info][gc,phases      ] GC(370)   Evacuate Collection Set: 2.5ms
[167.160s][info][gc,phases      ] GC(370)   Post Evacuate Collection Set: 3.8ms
[167.160s][info][gc,phases      ] GC(370)   Other: 0.1ms
[167.160s][info][gc,heap        ] GC(370) Eden regions: 14->0(161)
[167.160s][info][gc,heap        ] GC(370) Survivor regions: 1->1(2)
[167.160s][info][gc,heap        ] GC(370) Old regions: 9->9
[167.160s][info][gc,heap        ] GC(370) Archive regions: 0->0
[167.160s][info][gc,heap        ] GC(370) Humongous regions: 0->0
[167.160s][info][gc,metaspace   ] GC(370) Metaspace: 9923K(10240K)->9923K(10240K) NonClass: 8619K(8832K)->8619K(8832K) Class: 1303K(1408K)->1303K(1408K)
[167.160s][info][gc             ] GC(370) Pause Young (Normal) (G1 Evacuation Pause) 19M->5M(270M) 7.061ms
[167.160s][info][gc,cpu         ] GC(370) User=0.00s Sys=0.00s Real=0.00s
[167.882s][info][gc,start       ] GC(371) Pause Young (Normal) (G1 Evacuation Pause)
[167.882s][info][gc,task        ] GC(371) Using 6 workers of 33 for evacuation
[167.885s][info][gc,phases      ] GC(371)   Pre Evacuate Collection Set: 0.1ms
[167.885s][info][gc,phases      ] GC(371)   Merge Heap Roots: 0.1ms
[167.885s][info][gc,phases      ] GC(371)   Evacuate Collection Set: 1.6ms
[167.885s][info][gc,phases      ] GC(371)   Post Evacuate Collection Set: 0.3ms
[167.885s][info][gc,phases      ] GC(371)   Other: 0.1ms
[167.885s][info][gc,heap        ] GC(371) Eden regions: 161->0(160)
[167.885s][info][gc,heap        ] GC(371) Survivor regions: 1->2(21)
[167.885s][info][gc,heap        ] GC(371) Old regions: 9->9
[167.885s][info][gc,heap        ] GC(371) Archive regions: 0->0
[167.885s][info][gc,heap        ] GC(371) Humongous regions: 0->0
[167.885s][info][gc,metaspace   ] GC(371) Metaspace: 9923K(10240K)->9923K(10240K) NonClass: 8619K(8832K)->8619K(8832K) Class: 1303K(1408K)->1303K(1408K)
[167.885s][info][gc             ] GC(371) Pause Young (Normal) (G1 Evacuation Pause) 166M->5M(270M) 2.753ms
[167.885s][info][gc,cpu         ] GC(371) User=0.00s Sys=0.00s Real=0.00s
[168.593s][info][gc,start       ] GC(372) Pause Young (Normal) (G1 Evacuation Pause)
[168.594s][info][gc,task        ] GC(372) Using 6 workers of 33 for evacuation
[168.596s][info][gc,phases      ] GC(372)   Pre Evacuate Collection Set: 0.1ms
[168.596s][info][gc,phases      ] GC(372)   Merge Heap Roots: 0.1ms
[168.596s][info][gc,phases      ] GC(372)   Evacuate Collection Set: 1.4ms
[168.596s][info][gc,phases      ] GC(372)   Post Evacuate Collection Set: 0.3ms
[168.596s][info][gc,phases      ] GC(372)   Other: 0.1ms
[168.596s][info][gc,heap        ] GC(372) Eden regions: 160->0(160)
[168.596s][info][gc,heap        ] GC(372) Survivor regions: 2->2(21)
[168.596s][info][gc,heap        ] GC(372) Old regions: 9->9
[168.596s][info][gc,heap        ] GC(372) Archive regions: 0->0
[168.596s][info][gc,heap        ] GC(372) Humongous regions: 0->0
[168.596s][info][gc,metaspace   ] GC(372) Metaspace: 9923K(10240K)->9923K(10240K) NonClass: 8619K(8832K)->8619K(8832K) Class: 1303K(1408K)->1303K(1408K)
[168.596s][info][gc             ] GC(372) Pause Young (Normal) (G1 Evacuation Pause) 165M->5M(270M) 2.654ms
[168.596s][info][gc,cpu         ] GC(372) User=0.00s Sys=0.00s Real=0.00s
[169.294s][info][gc,start       ] GC(373) Pause Young (Normal) (G1 Evacuation Pause)
[169.294s][info][gc,task        ] GC(373) Using 6 workers of 33 for evacuation
[169.296s][info][gc,phases      ] GC(373)   Pre Evacuate Collection Set: 0.1ms
[169.296s][info][gc,phases      ] GC(373)   Merge Heap Roots: 0.1ms
[169.296s][info][gc,phases      ] GC(373)   Evacuate Collection Set: 1.3ms
[169.296s][info][gc,phases      ] GC(373)   Post Evacuate Collection Set: 0.4ms
[169.296s][info][gc,phases      ] GC(373)   Other: 0.1ms
[169.296s][info][gc,heap        ] GC(373) Eden regions: 160->0(160)
[169.296s][info][gc,heap        ] GC(373) Survivor regions: 2->2(21)
[169.296s][info][gc,heap        ] GC(373) Old regions: 9->9
[169.296s][info][gc,heap        ] GC(373) Archive regions: 0->0
[169.296s][info][gc,heap        ] GC(373) Humongous regions: 0->0
[169.296s][info][gc,metaspace   ] GC(373) Metaspace: 9923K(10240K)->9923K(10240K) NonClass: 8619K(8832K)->8619K(8832K) Class: 1303K(1408K)->1303K(1408K)
[169.297s][info][gc             ] GC(373) Pause Young (Normal) (G1 Evacuation Pause) 165M->5M(270M) 2.629ms
[169.297s][info][gc,cpu         ] GC(373) User=0.00s Sys=0.02s Real=0.02s
[169.991s][info][gc,start       ] GC(374) Pause Young (Normal) (G1 Evacuation Pause)
[169.991s][info][gc,task        ] GC(374) Using 6 workers of 33 for evacuation
[169.993s][info][gc,phases      ] GC(374)   Pre Evacuate Collection Set: 0.1ms
[169.993s][info][gc,phases      ] GC(374)   Merge Heap Roots: 0.1ms
[169.993s][info][gc,phases      ] GC(374)   Evacuate Collection Set: 1.4ms
[169.993s][info][gc,phases      ] GC(374)   Post Evacuate Collection Set: 0.3ms
[169.993s][info][gc,phases      ] GC(374)   Other: 0.1ms
[169.993s][info][gc,heap        ] GC(374) Eden regions: 160->0(160)
[169.993s][info][gc,heap        ] GC(374) Survivor regions: 2->2(21)
[169.993s][info][gc,heap        ] GC(374) Old regions: 9->9
[169.993s][info][gc,heap        ] GC(374) Archive regions: 0->0
[169.993s][info][gc,heap        ] GC(374) Humongous regions: 0->0
[169.993s][info][gc,metaspace   ] GC(374) Metaspace: 9923K(10240K)->9923K(10240K) NonClass: 8619K(8832K)->8619K(8832K) Class: 1303K(1408K)->1303K(1408K)
[169.993s][info][gc             ] GC(374) Pause Young (Normal) (G1 Evacuation Pause) 165M->5M(270M) 2.583ms
[169.993s][info][gc,cpu         ] GC(374) User=0.00s Sys=0.00s Real=0.00s
[170.674s][info][gc,start       ] GC(375) Pause Young (Normal) (G1 Evacuation Pause)
[170.674s][info][gc,task        ] GC(375) Using 6 workers of 33 for evacuation
[170.676s][info][gc,phases      ] GC(375)   Pre Evacuate Collection Set: 0.1ms
[170.676s][info][gc,phases      ] GC(375)   Merge Heap Roots: 0.1ms
[170.676s][info][gc,phases      ] GC(375)   Evacuate Collection Set: 1.4ms
[170.676s][info][gc,phases      ] GC(375)   Post Evacuate Collection Set: 0.3ms
[170.676s][info][gc,phases      ] GC(375)   Other: 0.1ms
[170.676s][info][gc,heap        ] GC(375) Eden regions: 160->0(160)
[170.677s][info][gc,heap        ] GC(375) Survivor regions: 2->2(21)
[170.677s][info][gc,heap        ] GC(375) Old regions: 9->9
[170.677s][info][gc,heap        ] GC(375) Archive regions: 0->0
[170.677s][info][gc,heap        ] GC(375) Humongous regions: 0->0
[170.677s][info][gc,metaspace   ] GC(375) Metaspace: 9923K(10240K)->9923K(10240K) NonClass: 8619K(8832K)->8619K(8832K) Class: 1303K(1408K)->1303K(1408K)
[170.677s][info][gc             ] GC(375) Pause Young (Normal) (G1 Evacuation Pause) 165M->6M(270M) 2.632ms
[170.677s][info][gc,cpu         ] GC(375) User=0.00s Sys=0.00s Real=0.00s
[171.391s][info][gc,start       ] GC(376) Pause Young (Normal) (G1 Evacuation Pause)
[171.391s][info][gc,task        ] GC(376) Using 6 workers of 33 for evacuation
[171.393s][info][gc,phases      ] GC(376)   Pre Evacuate Collection Set: 0.1ms
[171.393s][info][gc,phases      ] GC(376)   Merge Heap Roots: 0.1ms
[171.393s][info][gc,phases      ] GC(376)   Evacuate Collection Set: 1.4ms
[171.393s][info][gc,phases      ] GC(376)   Post Evacuate Collection Set: 0.4ms
[171.393s][info][gc,phases      ] GC(376)   Other: 0.1ms
[171.393s][info][gc,heap        ] GC(376) Eden regions: 160->0(160)
[171.393s][info][gc,heap        ] GC(376) Survivor regions: 2->2(21)
[171.393s][info][gc,heap        ] GC(376) Old regions: 9->9
[171.393s][info][gc,heap        ] GC(376) Archive regions: 0->0
[171.393s][info][gc,heap        ] GC(376) Humongous regions: 0->0
[171.393s][info][gc,metaspace   ] GC(376) Metaspace: 9923K(10240K)->9923K(10240K) NonClass: 8619K(8832K)->8619K(8832K) Class: 1303K(1408K)->1303K(1408K)
[171.393s][info][gc             ] GC(376) Pause Young (Normal) (G1 Evacuation Pause) 166M->5M(270M) 2.592ms
[171.393s][info][gc,cpu         ] GC(376) User=0.00s Sys=0.00s Real=0.00s
[172.091s][info][gc,start       ] GC(377) Pause Young (Normal) (G1 Evacuation Pause)
[172.091s][info][gc,task        ] GC(377) Using 6 workers of 33 for evacuation
[172.093s][info][gc,phases      ] GC(377)   Pre Evacuate Collection Set: 0.1ms
[172.093s][info][gc,phases      ] GC(377)   Merge Heap Roots: 0.1ms
[172.093s][info][gc,phases      ] GC(377)   Evacuate Collection Set: 1.3ms
[172.093s][info][gc,phases      ] GC(377)   Post Evacuate Collection Set: 0.3ms
[172.093s][info][gc,phases      ] GC(377)   Other: 0.1ms
[172.093s][info][gc,heap        ] GC(377) Eden regions: 160->0(160)
[172.093s][info][gc,heap        ] GC(377) Survivor regions: 2->2(21)
[172.093s][info][gc,heap        ] GC(377) Old regions: 9->9
[172.093s][info][gc,heap        ] GC(377) Archive regions: 0->0
[172.093s][info][gc,heap        ] GC(377) Humongous regions: 0->0
[172.093s][info][gc,metaspace   ] GC(377) Metaspace: 9923K(10240K)->9923K(10240K) NonClass: 8619K(8832K)->8619K(8832K) Class: 1303K(1408K)->1303K(1408K)
[172.093s][info][gc             ] GC(377) Pause Young (Normal) (G1 Evacuation Pause) 165M->5M(270M) 2.481ms
[172.093s][info][gc,cpu         ] GC(377) User=0.00s Sys=0.00s Real=0.00s
[172.765s][info][gc,start       ] GC(378) Pause Young (Normal) (G1 Evacuation Pause)
[172.766s][info][gc,task        ] GC(378) Using 6 workers of 33 for evacuation
[172.768s][info][gc,phases      ] GC(378)   Pre Evacuate Collection Set: 0.1ms
[172.768s][info][gc,phases      ] GC(378)   Merge Heap Roots: 0.1ms
[172.768s][info][gc,phases      ] GC(378)   Evacuate Collection Set: 1.4ms
[172.768s][info][gc,phases      ] GC(378)   Post Evacuate Collection Set: 0.3ms
[172.768s][info][gc,phases      ] GC(378)   Other: 0.1ms
[172.768s][info][gc,heap        ] GC(378) Eden regions: 160->0(160)
[172.768s][info][gc,heap        ] GC(378) Survivor regions: 2->2(21)
[172.768s][info][gc,heap        ] GC(378) Old regions: 9->9
[172.768s][info][gc,heap        ] GC(378) Archive regions: 0->0
[172.768s][info][gc,heap        ] GC(378) Humongous regions: 0->0
[172.768s][info][gc,metaspace   ] GC(378) Metaspace: 9923K(10240K)->9923K(10240K) NonClass: 8619K(8832K)->8619K(8832K) Class: 1303K(1408K)->1303K(1408K)
[172.768s][info][gc             ] GC(378) Pause Young (Normal) (G1 Evacuation Pause) 165M->6M(270M) 2.604ms
[172.768s][info][gc,cpu         ] GC(378) User=0.00s Sys=0.00s Real=0.00s
[173.469s][info][gc,start       ] GC(379) Pause Young (Normal) (G1 Evacuation Pause)
[173.469s][info][gc,task        ] GC(379) Using 6 workers of 33 for evacuation
[173.471s][info][gc,phases      ] GC(379)   Pre Evacuate Collection Set: 0.1ms
[173.471s][info][gc,phases      ] GC(379)   Merge Heap Roots: 0.1ms
[173.471s][info][gc,phases      ] GC(379)   Evacuate Collection Set: 1.3ms
[173.471s][info][gc,phases      ] GC(379)   Post Evacuate Collection Set: 0.3ms
[173.471s][info][gc,phases      ] GC(379)   Other: 0.1ms
[173.471s][info][gc,heap        ] GC(379) Eden regions: 160->0(160)
[173.471s][info][gc,heap        ] GC(379) Survivor regions: 2->2(21)
[173.471s][info][gc,heap        ] GC(379) Old regions: 9->9
[173.471s][info][gc,heap        ] GC(379) Archive regions: 0->0
[173.471s][info][gc,heap        ] GC(379) Humongous regions: 0->0
[173.471s][info][gc,metaspace   ] GC(379) Metaspace: 9923K(10240K)->9923K(10240K) NonClass: 8619K(8832K)->8619K(8832K) Class: 1303K(1408K)->1303K(1408K)
[173.471s][info][gc             ] GC(379) Pause Young (Normal) (G1 Evacuation Pause) 166M->5M(270M) 2.539ms
[173.471s][info][gc,cpu         ] GC(379) User=0.00s Sys=0.00s Real=0.00s
[173.822s][info][gc,start       ] GC(380) Pause Full (System.gc())
[173.822s][info][gc,task        ] GC(380) Using 6 workers of 33 for full compaction
[173.823s][info][gc,phases,start] GC(380) Phase 1: Mark live objects
[173.828s][info][gc,phases      ] GC(380) Phase 1: Mark live objects 5.488ms
[173.828s][info][gc,phases,start] GC(380) Phase 2: Prepare compaction
[173.829s][info][gc,phases      ] GC(380) Phase 2: Prepare compaction 1.190ms
[173.829s][info][gc,phases,start] GC(380) Phase 3: Adjust pointers
[173.833s][info][gc,phases      ] GC(380) Phase 3: Adjust pointers 3.871ms
[173.833s][info][gc,phases,start] GC(380) Phase 4: Compact heap
[173.834s][info][gc,phases      ] GC(380) Phase 4: Compact heap 0.583ms
[173.839s][info][gc,heap        ] GC(380) Eden regions: 81->0(16)
[173.839s][info][gc,heap        ] GC(380) Survivor regions: 2->0(21)
[173.839s][info][gc,heap        ] GC(380) Old regions: 9->8
[173.839s][info][gc,heap        ] GC(380) Archive regions: 0->0
[173.839s][info][gc,heap        ] GC(380) Humongous regions: 0->0
[173.839s][info][gc,metaspace   ] GC(380) Metaspace: 9925K(10240K)->9925K(10240K) NonClass: 8622K(8832K)->8622K(8832K) Class: 1303K(1408K)->1303K(1408K)
[173.839s][info][gc             ] GC(380) Pause Full (System.gc()) 85M->3M(27M) 17.136ms
[173.839s][info][gc,cpu         ] GC(380) User=0.02s Sys=0.00s Real=0.01s
[173.913s][info][gc,start       ] GC(381) Pause Young (Normal) (G1 Evacuation Pause)
[173.913s][info][gc,task        ] GC(381) Using 4 workers of 33 for evacuation
[173.915s][info][gc,phases      ] GC(381)   Pre Evacuate Collection Set: 0.1ms
[173.915s][info][gc,phases      ] GC(381)   Merge Heap Roots: 0.1ms
[173.915s][info][gc,phases      ] GC(381)   Evacuate Collection Set: 1.8ms
[173.915s][info][gc,phases      ] GC(381)   Post Evacuate Collection Set: 0.2ms
[173.915s][info][gc,phases      ] GC(381)   Other: 0.1ms
[173.915s][info][gc,heap        ] GC(381) Eden regions: 16->0(13)
[173.915s][info][gc,heap        ] GC(381) Survivor regions: 0->2(2)
[173.915s][info][gc,heap        ] GC(381) Old regions: 8->8
[173.915s][info][gc,heap        ] GC(381) Archive regions: 0->0
[173.915s][info][gc,heap        ] GC(381) Humongous regions: 0->0
[173.915s][info][gc,metaspace   ] GC(381) Metaspace: 9925K(10240K)->9925K(10240K) NonClass: 8622K(8832K)->8622K(8832K) Class: 1303K(1408K)->1303K(1408K)
[173.915s][info][gc             ] GC(381) Pause Young (Normal) (G1 Evacuation Pause) 19M->5M(27M) 2.748ms
[173.915s][info][gc,cpu         ] GC(381) User=0.00s Sys=0.00s Real=0.00s
[173.974s][info][gc,start       ] GC(382) Pause Young (Normal) (G1 Evacuation Pause)
[173.974s][info][gc,task        ] GC(382) Using 3 workers of 33 for evacuation
[173.976s][info][gc,phases      ] GC(382)   Pre Evacuate Collection Set: 0.1ms
[173.976s][info][gc,phases      ] GC(382)   Merge Heap Roots: 0.1ms
[173.976s][info][gc,phases      ] GC(382)   Evacuate Collection Set: 2.2ms
[173.976s][info][gc,phases      ] GC(382)   Post Evacuate Collection Set: 0.2ms
[173.977s][info][gc,phases      ] GC(382)   Other: 0.1ms
[173.977s][info][gc,heap        ] GC(382) Eden regions: 13->0(14)
[173.977s][info][gc,heap        ] GC(382) Survivor regions: 2->1(2)
[173.977s][info][gc,heap        ] GC(382) Old regions: 8->9
[173.977s][info][gc,heap        ] GC(382) Archive regions: 0->0
[173.977s][info][gc,heap        ] GC(382) Humongous regions: 0->0
[173.977s][info][gc,metaspace   ] GC(382) Metaspace: 9925K(10240K)->9925K(10240K) NonClass: 8622K(8832K)->8622K(8832K) Class: 1303K(1408K)->1303K(1408K)
[173.977s][info][gc             ] GC(382) Pause Young (Normal) (G1 Evacuation Pause) 18M->5M(27M) 3.256ms
[173.977s][info][gc,cpu         ] GC(382) User=0.00s Sys=0.00s Real=0.00s
[174.040s][info][gc,start       ] GC(383) Pause Young (Normal) (G1 Evacuation Pause)
[174.040s][info][gc,task        ] GC(383) Using 2 workers of 33 for evacuation
[174.044s][info][gc,phases      ] GC(383)   Pre Evacuate Collection Set: 0.1ms
[174.044s][info][gc,phases      ] GC(383)   Merge Heap Roots: 0.0ms
[174.044s][info][gc,phases      ] GC(383)   Evacuate Collection Set: 2.9ms
[174.044s][info][gc,phases      ] GC(383)   Post Evacuate Collection Set: 0.2ms
[174.044s][info][gc,phases      ] GC(383)   Other: 0.1ms
[174.044s][info][gc,heap        ] GC(383) Eden regions: 14->0(14)
[174.044s][info][gc,heap        ] GC(383) Survivor regions: 1->1(2)
[174.044s][info][gc,heap        ] GC(383) Old regions: 9->9
[174.044s][info][gc,heap        ] GC(383) Archive regions: 0->0
[174.044s][info][gc,heap        ] GC(383) Humongous regions: 0->0
[174.044s][info][gc,metaspace   ] GC(383) Metaspace: 9925K(10240K)->9925K(10240K) NonClass: 8622K(8832K)->8622K(8832K) Class: 1303K(1408K)->1303K(1408K)
[174.044s][info][gc             ] GC(383) Pause Young (Normal) (G1 Evacuation Pause) 19M->5M(27M) 3.783ms
[174.044s][info][gc,cpu         ] GC(383) User=0.03s Sys=0.00s Real=0.02s
[174.102s][info][gc,start       ] GC(384) Pause Young (Normal) (G1 Evacuation Pause)
[174.102s][info][gc,task        ] GC(384) Using 2 workers of 33 for evacuation
[174.105s][info][gc,phases      ] GC(384)   Pre Evacuate Collection Set: 0.1ms
[174.105s][info][gc,phases      ] GC(384)   Merge Heap Roots: 0.0ms
[174.105s][info][gc,phases      ] GC(384)   Evacuate Collection Set: 2.8ms
[174.105s][info][gc,phases      ] GC(384)   Post Evacuate Collection Set: 0.2ms
[174.105s][info][gc,phases      ] GC(384)   Other: 0.1ms
[174.105s][info][gc,heap        ] GC(384) Eden regions: 14->0(14)
[174.105s][info][gc,heap        ] GC(384) Survivor regions: 1->1(2)
[174.105s][info][gc,heap        ] GC(384) Old regions: 9->9
[174.105s][info][gc,heap        ] GC(384) Archive regions: 0->0
[174.105s][info][gc,heap        ] GC(384) Humongous regions: 0->0
[174.105s][info][gc,metaspace   ] GC(384) Metaspace: 9925K(10240K)->9925K(10240K) NonClass: 8622K(8832K)->8622K(8832K) Class: 1303K(1408K)->1303K(1408K)
[174.106s][info][gc             ] GC(384) Pause Young (Normal) (G1 Evacuation Pause) 19M->5M(27M) 3.705ms
[174.106s][info][gc,cpu         ] GC(384) User=0.03s Sys=0.00s Real=0.02s
[174.164s][info][gc,start       ] GC(385) Pause Young (Normal) (G1 Evacuation Pause)
[174.164s][info][gc,task        ] GC(385) Using 2 workers of 33 for evacuation
[174.167s][info][gc,phases      ] GC(385)   Pre Evacuate Collection Set: 0.1ms
[174.167s][info][gc,phases      ] GC(385)   Merge Heap Roots: 0.0ms
[174.167s][info][gc,phases      ] GC(385)   Evacuate Collection Set: 2.9ms
[174.168s][info][gc,phases      ] GC(385)   Post Evacuate Collection Set: 0.2ms
[174.168s][info][gc,phases      ] GC(385)   Other: 0.1ms
[174.168s][info][gc,heap        ] GC(385) Eden regions: 14->0(12)
[174.168s][info][gc,heap        ] GC(385) Survivor regions: 1->2(2)
[174.168s][info][gc,heap        ] GC(385) Old regions: 9->9
[174.168s][info][gc,heap        ] GC(385) Archive regions: 0->0
[174.168s][info][gc,heap        ] GC(385) Humongous regions: 0->0
[174.168s][info][gc,metaspace   ] GC(385) Metaspace: 9925K(10240K)->9925K(10240K) NonClass: 8622K(8832K)->8622K(8832K) Class: 1303K(1408K)->1303K(1408K)
[174.168s][info][gc             ] GC(385) Pause Young (Normal) (G1 Evacuation Pause) 19M->5M(27M) 3.792ms
[174.168s][info][gc,cpu         ] GC(385) User=0.03s Sys=0.00s Real=0.02s
[174.218s][info][gc,start       ] GC(386) Pause Young (Normal) (G1 Evacuation Pause)
[174.219s][info][gc,task        ] GC(386) Using 2 workers of 33 for evacuation
[174.225s][info][gc,phases      ] GC(386)   Pre Evacuate Collection Set: 0.1ms
[174.225s][info][gc,phases      ] GC(386)   Merge Heap Roots: 0.0ms
[174.225s][info][gc,phases      ] GC(386)   Evacuate Collection Set: 2.6ms
[174.225s][info][gc,phases      ] GC(386)   Post Evacuate Collection Set: 3.9ms
[174.225s][info][gc,phases      ] GC(386)   Other: 0.1ms
[174.225s][info][gc,heap        ] GC(386) Eden regions: 12->0(161)
[174.225s][info][gc,heap        ] GC(386) Survivor regions: 2->1(2)
[174.225s][info][gc,heap        ] GC(386) Old regions: 9->9
[174.225s][info][gc,heap        ] GC(386) Archive regions: 0->0
[174.225s][info][gc,heap        ] GC(386) Humongous regions: 0->0
[174.226s][info][gc,metaspace   ] GC(386) Metaspace: 9925K(10240K)->9925K(10240K) NonClass: 8622K(8832K)->8622K(8832K) Class: 1303K(1408K)->1303K(1408K)
[174.226s][info][gc             ] GC(386) Pause Young (Normal) (G1 Evacuation Pause) 17M->5M(270M) 7.112ms
[174.226s][info][gc,cpu         ] GC(386) User=0.00s Sys=0.00s Real=0.00s
[174.971s][info][gc,start       ] GC(387) Pause Young (Normal) (G1 Evacuation Pause)
[174.971s][info][gc,task        ] GC(387) Using 6 workers of 33 for evacuation
[174.974s][info][gc,phases      ] GC(387)   Pre Evacuate Collection Set: 0.1ms
[174.974s][info][gc,phases      ] GC(387)   Merge Heap Roots: 0.1ms
[174.974s][info][gc,phases      ] GC(387)   Evacuate Collection Set: 1.7ms
[174.974s][info][gc,phases      ] GC(387)   Post Evacuate Collection Set: 0.3ms
[174.974s][info][gc,phases      ] GC(387)   Other: 0.1ms
[174.974s][info][gc,heap        ] GC(387) Eden regions: 161->0(160)
[174.974s][info][gc,heap        ] GC(387) Survivor regions: 1->2(21)
[174.974s][info][gc,heap        ] GC(387) Old regions: 9->9
[174.974s][info][gc,heap        ] GC(387) Archive regions: 0->0
[174.974s][info][gc,heap        ] GC(387) Humongous regions: 0->0
[174.974s][info][gc,metaspace   ] GC(387) Metaspace: 9925K(10240K)->9925K(10240K) NonClass: 8622K(8832K)->8622K(8832K) Class: 1303K(1408K)->1303K(1408K)
[174.974s][info][gc             ] GC(387) Pause Young (Normal) (G1 Evacuation Pause) 166M->5M(270M) 2.874ms
[174.974s][info][gc,cpu         ] GC(387) User=0.00s Sys=0.00s Real=0.00s
[175.697s][info][gc,start       ] GC(388) Pause Young (Normal) (G1 Evacuation Pause)
[175.698s][info][gc,task        ] GC(388) Using 6 workers of 33 for evacuation
[175.700s][info][gc,phases      ] GC(388)   Pre Evacuate Collection Set: 0.1ms
[175.700s][info][gc,phases      ] GC(388)   Merge Heap Roots: 0.1ms
[175.700s][info][gc,phases      ] GC(388)   Evacuate Collection Set: 1.4ms
[175.700s][info][gc,phases      ] GC(388)   Post Evacuate Collection Set: 0.3ms
[175.700s][info][gc,phases      ] GC(388)   Other: 0.1ms
[175.700s][info][gc,heap        ] GC(388) Eden regions: 160->0(160)
[175.700s][info][gc,heap        ] GC(388) Survivor regions: 2->2(21)
[175.700s][info][gc,heap        ] GC(388) Old regions: 9->9
[175.700s][info][gc,heap        ] GC(388) Archive regions: 0->0
[175.700s][info][gc,heap        ] GC(388) Humongous regions: 0->0
[175.700s][info][gc,metaspace   ] GC(388) Metaspace: 9925K(10240K)->9925K(10240K) NonClass: 8622K(8832K)->8622K(8832K) Class: 1303K(1408K)->1303K(1408K)
[175.700s][info][gc             ] GC(388) Pause Young (Normal) (G1 Evacuation Pause) 165M->5M(270M) 2.614ms
[175.700s][info][gc,cpu         ] GC(388) User=0.00s Sys=0.00s Real=0.00s
[176.402s][info][gc,start       ] GC(389) Pause Young (Normal) (G1 Evacuation Pause)
[176.402s][info][gc,task        ] GC(389) Using 6 workers of 33 for evacuation
[176.404s][info][gc,phases      ] GC(389)   Pre Evacuate Collection Set: 0.1ms
[176.404s][info][gc,phases      ] GC(389)   Merge Heap Roots: 0.1ms
[176.404s][info][gc,phases      ] GC(389)   Evacuate Collection Set: 1.4ms
[176.404s][info][gc,phases      ] GC(389)   Post Evacuate Collection Set: 0.3ms
[176.404s][info][gc,phases      ] GC(389)   Other: 0.1ms
[176.404s][info][gc,heap        ] GC(389) Eden regions: 160->0(160)
[176.405s][info][gc,heap        ] GC(389) Survivor regions: 2->2(21)
[176.405s][info][gc,heap        ] GC(389) Old regions: 9->9
[176.405s][info][gc,heap        ] GC(389) Archive regions: 0->0
[176.405s][info][gc,heap        ] GC(389) Humongous regions: 0->0
[176.405s][info][gc,metaspace   ] GC(389) Metaspace: 9925K(10240K)->9925K(10240K) NonClass: 8622K(8832K)->8622K(8832K) Class: 1303K(1408K)->1303K(1408K)
[176.405s][info][gc             ] GC(389) Pause Young (Normal) (G1 Evacuation Pause) 165M->5M(270M) 2.647ms
[176.405s][info][gc,cpu         ] GC(389) User=0.00s Sys=0.00s Real=0.00s
[177.103s][info][gc,start       ] GC(390) Pause Young (Normal) (G1 Evacuation Pause)
[177.103s][info][gc,task        ] GC(390) Using 6 workers of 33 for evacuation
[177.105s][info][gc,phases      ] GC(390)   Pre Evacuate Collection Set: 0.1ms
[177.105s][info][gc,phases      ] GC(390)   Merge Heap Roots: 0.1ms
[177.105s][info][gc,phases      ] GC(390)   Evacuate Collection Set: 1.3ms
[177.105s][info][gc,phases      ] GC(390)   Post Evacuate Collection Set: 0.3ms
[177.105s][info][gc,phases      ] GC(390)   Other: 0.1ms
[177.105s][info][gc,heap        ] GC(390) Eden regions: 160->0(160)
[177.105s][info][gc,heap        ] GC(390) Survivor regions: 2->2(21)
[177.105s][info][gc,heap        ] GC(390) Old regions: 9->9
[177.105s][info][gc,heap        ] GC(390) Archive regions: 0->0
[177.105s][info][gc,heap        ] GC(390) Humongous regions: 0->0
[177.106s][info][gc,metaspace   ] GC(390) Metaspace: 9925K(10240K)->9925K(10240K) NonClass: 8622K(8832K)->8622K(8832K) Class: 1303K(1408K)->1303K(1408K)
[177.106s][info][gc             ] GC(390) Pause Young (Normal) (G1 Evacuation Pause) 165M->5M(270M) 2.502ms
[177.106s][info][gc,cpu         ] GC(390) User=0.00s Sys=0.00s Real=0.00s
[177.805s][info][gc,start       ] GC(391) Pause Young (Normal) (G1 Evacuation Pause)
[177.805s][info][gc,task        ] GC(391) Using 6 workers of 33 for evacuation
[177.807s][info][gc,phases      ] GC(391)   Pre Evacuate Collection Set: 0.1ms
[177.807s][info][gc,phases      ] GC(391)   Merge Heap Roots: 0.1ms
[177.807s][info][gc,phases      ] GC(391)   Evacuate Collection Set: 1.2ms
[177.807s][info][gc,phases      ] GC(391)   Post Evacuate Collection Set: 0.3ms
[177.807s][info][gc,phases      ] GC(391)   Other: 0.1ms
[177.807s][info][gc,heap        ] GC(391) Eden regions: 160->0(160)
[177.807s][info][gc,heap        ] GC(391) Survivor regions: 2->2(21)
[177.807s][info][gc,heap        ] GC(391) Old regions: 9->9
[177.807s][info][gc,heap        ] GC(391) Archive regions: 0->0
[177.807s][info][gc,heap        ] GC(391) Humongous regions: 0->0
[177.807s][info][gc,metaspace   ] GC(391) Metaspace: 9925K(10240K)->9925K(10240K) NonClass: 8622K(8832K)->8622K(8832K) Class: 1303K(1408K)->1303K(1408K)
[177.807s][info][gc             ] GC(391) Pause Young (Normal) (G1 Evacuation Pause) 165M->5M(270M) 2.466ms
[177.807s][info][gc,cpu         ] GC(391) User=0.09s Sys=0.00s Real=0.01s
[178.519s][info][gc,start       ] GC(392) Pause Young (Normal) (G1 Evacuation Pause)
[178.519s][info][gc,task        ] GC(392) Using 6 workers of 33 for evacuation
[178.521s][info][gc,phases      ] GC(392)   Pre Evacuate Collection Set: 0.1ms
[178.521s][info][gc,phases      ] GC(392)   Merge Heap Roots: 0.1ms
[178.521s][info][gc,phases      ] GC(392)   Evacuate Collection Set: 1.3ms
[178.521s][info][gc,phases      ] GC(392)   Post Evacuate Collection Set: 0.3ms
[178.521s][info][gc,phases      ] GC(392)   Other: 0.1ms
[178.521s][info][gc,heap        ] GC(392) Eden regions: 160->0(160)
[178.521s][info][gc,heap        ] GC(392) Survivor regions: 2->2(21)
[178.521s][info][gc,heap        ] GC(392) Old regions: 9->9
[178.521s][info][gc,heap        ] GC(392) Archive regions: 0->0
[178.521s][info][gc,heap        ] GC(392) Humongous regions: 0->0
[178.521s][info][gc,metaspace   ] GC(392) Metaspace: 9925K(10240K)->9925K(10240K) NonClass: 8622K(8832K)->8622K(8832K) Class: 1303K(1408K)->1303K(1408K)
[178.521s][info][gc             ] GC(392) Pause Young (Normal) (G1 Evacuation Pause) 165M->5M(270M) 2.501ms
[178.521s][info][gc,cpu         ] GC(392) User=0.00s Sys=0.00s Real=0.00s
[179.239s][info][gc,start       ] GC(393) Pause Young (Normal) (G1 Evacuation Pause)
[179.239s][info][gc,task        ] GC(393) Using 6 workers of 33 for evacuation
[179.241s][info][gc,phases      ] GC(393)   Pre Evacuate Collection Set: 0.1ms
[179.241s][info][gc,phases      ] GC(393)   Merge Heap Roots: 0.1ms
[179.241s][info][gc,phases      ] GC(393)   Evacuate Collection Set: 1.3ms
[179.241s][info][gc,phases      ] GC(393)   Post Evacuate Collection Set: 0.3ms
[179.241s][info][gc,phases      ] GC(393)   Other: 0.1ms
[179.241s][info][gc,heap        ] GC(393) Eden regions: 160->0(160)
[179.241s][info][gc,heap        ] GC(393) Survivor regions: 2->2(21)
[179.241s][info][gc,heap        ] GC(393) Old regions: 9->9
[179.241s][info][gc,heap        ] GC(393) Archive regions: 0->0
[179.241s][info][gc,heap        ] GC(393) Humongous regions: 0->0
[179.241s][info][gc,metaspace   ] GC(393) Metaspace: 9925K(10240K)->9925K(10240K) NonClass: 8622K(8832K)->8622K(8832K) Class: 1303K(1408K)->1303K(1408K)
[179.241s][info][gc             ] GC(393) Pause Young (Normal) (G1 Evacuation Pause) 165M->5M(270M) 2.558ms
[179.241s][info][gc,cpu         ] GC(393) User=0.00s Sys=0.00s Real=0.00s
[179.946s][info][gc,start       ] GC(394) Pause Young (Normal) (G1 Evacuation Pause)
[179.946s][info][gc,task        ] GC(394) Using 6 workers of 33 for evacuation
[179.948s][info][gc,phases      ] GC(394)   Pre Evacuate Collection Set: 0.1ms
[179.948s][info][gc,phases      ] GC(394)   Merge Heap Roots: 0.1ms
[179.948s][info][gc,phases      ] GC(394)   Evacuate Collection Set: 1.2ms
[179.948s][info][gc,phases      ] GC(394)   Post Evacuate Collection Set: 0.3ms
[179.948s][info][gc,phases      ] GC(394)   Other: 0.1ms
[179.948s][info][gc,heap        ] GC(394) Eden regions: 160->0(160)
[179.948s][info][gc,heap        ] GC(394) Survivor regions: 2->2(21)
[179.948s][info][gc,heap        ] GC(394) Old regions: 9->9
[179.948s][info][gc,heap        ] GC(394) Archive regions: 0->0
[179.948s][info][gc,heap        ] GC(394) Humongous regions: 0->0
[179.948s][info][gc,metaspace   ] GC(394) Metaspace: 9925K(10240K)->9925K(10240K) NonClass: 8622K(8832K)->8622K(8832K) Class: 1303K(1408K)->1303K(1408K)
[179.948s][info][gc             ] GC(394) Pause Young (Normal) (G1 Evacuation Pause) 165M->5M(270M) 2.413ms
[179.948s][info][gc,cpu         ] GC(394) User=0.00s Sys=0.00s Real=0.00s
[180.648s][info][gc,start       ] GC(395) Pause Young (Normal) (G1 Evacuation Pause)
[180.648s][info][gc,task        ] GC(395) Using 6 workers of 33 for evacuation
[180.650s][info][gc,phases      ] GC(395)   Pre Evacuate Collection Set: 0.1ms
[180.650s][info][gc,phases      ] GC(395)   Merge Heap Roots: 0.1ms
[180.650s][info][gc,phases      ] GC(395)   Evacuate Collection Set: 1.3ms
[180.650s][info][gc,phases      ] GC(395)   Post Evacuate Collection Set: 0.3ms
[180.650s][info][gc,phases      ] GC(395)   Other: 0.1ms
[180.650s][info][gc,heap        ] GC(395) Eden regions: 160->0(160)
[180.650s][info][gc,heap        ] GC(395) Survivor regions: 2->2(21)
[180.650s][info][gc,heap        ] GC(395) Old regions: 9->9
[180.650s][info][gc,heap        ] GC(395) Archive regions: 0->0
[180.650s][info][gc,heap        ] GC(395) Humongous regions: 0->0
[180.650s][info][gc,metaspace   ] GC(395) Metaspace: 9925K(10240K)->9925K(10240K) NonClass: 8622K(8832K)->8622K(8832K) Class: 1303K(1408K)->1303K(1408K)
[180.650s][info][gc             ] GC(395) Pause Young (Normal) (G1 Evacuation Pause) 165M->5M(270M) 2.511ms
[180.650s][info][gc,cpu         ] GC(395) User=0.09s Sys=0.00s Real=0.02s
[180.991s][info][gc,start       ] GC(396) Pause Full (System.gc())
[180.991s][info][gc,task        ] GC(396) Using 6 workers of 33 for full compaction
[180.991s][info][gc,phases,start] GC(396) Phase 1: Mark live objects
[180.997s][info][gc,phases      ] GC(396) Phase 1: Mark live objects 5.748ms
[180.997s][info][gc,phases,start] GC(396) Phase 2: Prepare compaction
[180.998s][info][gc,phases      ] GC(396) Phase 2: Prepare compaction 1.172ms
[180.998s][info][gc,phases,start] GC(396) Phase 3: Adjust pointers
[181.002s][info][gc,phases      ] GC(396) Phase 3: Adjust pointers 3.753ms
[181.002s][info][gc,phases,start] GC(396) Phase 4: Compact heap
[181.003s][info][gc,phases      ] GC(396) Phase 4: Compact heap 0.532ms
[181.007s][info][gc,heap        ] GC(396) Eden regions: 77->0(16)
[181.007s][info][gc,heap        ] GC(396) Survivor regions: 2->0(21)
[181.007s][info][gc,heap        ] GC(396) Old regions: 9->8
[181.007s][info][gc,heap        ] GC(396) Archive regions: 0->0
[181.007s][info][gc,heap        ] GC(396) Humongous regions: 0->0
[181.007s][info][gc,metaspace   ] GC(396) Metaspace: 9925K(10240K)->9925K(10240K) NonClass: 8622K(8832K)->8622K(8832K) Class: 1303K(1408K)->1303K(1408K)
[181.007s][info][gc             ] GC(396) Pause Full (System.gc()) 82M->3M(27M) 16.665ms
[181.007s][info][gc,cpu         ] GC(396) User=0.09s Sys=0.00s Real=0.02s
[181.078s][info][gc,start       ] GC(397) Pause Young (Normal) (G1 Evacuation Pause)
[181.078s][info][gc,task        ] GC(397) Using 4 workers of 33 for evacuation
[181.080s][info][gc,phases      ] GC(397)   Pre Evacuate Collection Set: 0.1ms
[181.080s][info][gc,phases      ] GC(397)   Merge Heap Roots: 0.1ms
[181.081s][info][gc,phases      ] GC(397)   Evacuate Collection Set: 1.9ms
[181.081s][info][gc,phases      ] GC(397)   Post Evacuate Collection Set: 0.2ms
[181.081s][info][gc,phases      ] GC(397)   Other: 0.1ms
[181.081s][info][gc,heap        ] GC(397) Eden regions: 16->0(13)
[181.081s][info][gc,heap        ] GC(397) Survivor regions: 0->2(2)
[181.081s][info][gc,heap        ] GC(397) Old regions: 8->8
[181.081s][info][gc,heap        ] GC(397) Archive regions: 0->0
[181.081s][info][gc,heap        ] GC(397) Humongous regions: 0->0
[181.081s][info][gc,metaspace   ] GC(397) Metaspace: 9927K(10240K)->9927K(10240K) NonClass: 8623K(8832K)->8623K(8832K) Class: 1303K(1408K)->1303K(1408K)
[181.081s][info][gc             ] GC(397) Pause Young (Normal) (G1 Evacuation Pause) 19M->5M(27M) 2.839ms
[181.081s][info][gc,cpu         ] GC(397) User=0.00s Sys=0.00s Real=0.00s
[181.140s][info][gc,start       ] GC(398) Pause Young (Normal) (G1 Evacuation Pause)
[181.140s][info][gc,task        ] GC(398) Using 3 workers of 33 for evacuation
[181.143s][info][gc,phases      ] GC(398)   Pre Evacuate Collection Set: 0.1ms
[181.143s][info][gc,phases      ] GC(398)   Merge Heap Roots: 0.1ms
[181.143s][info][gc,phases      ] GC(398)   Evacuate Collection Set: 2.4ms
[181.143s][info][gc,phases      ] GC(398)   Post Evacuate Collection Set: 0.2ms
[181.143s][info][gc,phases      ] GC(398)   Other: 0.1ms
[181.143s][info][gc,heap        ] GC(398) Eden regions: 13->0(14)
[181.143s][info][gc,heap        ] GC(398) Survivor regions: 2->1(2)
[181.143s][info][gc,heap        ] GC(398) Old regions: 8->9
[181.143s][info][gc,heap        ] GC(398) Archive regions: 0->0
[181.143s][info][gc,heap        ] GC(398) Humongous regions: 0->0
[181.144s][info][gc,metaspace   ] GC(398) Metaspace: 9927K(10240K)->9927K(10240K) NonClass: 8623K(8832K)->8623K(8832K) Class: 1303K(1408K)->1303K(1408K)
[181.144s][info][gc             ] GC(398) Pause Young (Normal) (G1 Evacuation Pause) 18M->5M(27M) 3.362ms
[181.144s][info][gc,cpu         ] GC(398) User=0.00s Sys=0.00s Real=0.00s
[181.203s][info][gc,start       ] GC(399) Pause Young (Normal) (G1 Evacuation Pause)
[181.203s][info][gc,task        ] GC(399) Using 2 workers of 33 for evacuation
[181.205s][info][gc,phases      ] GC(399)   Pre Evacuate Collection Set: 0.1ms
[181.205s][info][gc,phases      ] GC(399)   Merge Heap Roots: 0.0ms
[181.205s][info][gc,phases      ] GC(399)   Evacuate Collection Set: 2.3ms
[181.205s][info][gc,phases      ] GC(399)   Post Evacuate Collection Set: 0.2ms
[181.205s][info][gc,phases      ] GC(399)   Other: 0.1ms
[181.206s][info][gc,heap        ] GC(399) Eden regions: 14->0(14)
[181.206s][info][gc,heap        ] GC(399) Survivor regions: 1->1(2)
[181.206s][info][gc,heap        ] GC(399) Old regions: 9->9
[181.206s][info][gc,heap        ] GC(399) Archive regions: 0->0
[181.206s][info][gc,heap        ] GC(399) Humongous regions: 0->0
[181.206s][info][gc,metaspace   ] GC(399) Metaspace: 9927K(10240K)->9927K(10240K) NonClass: 8623K(8832K)->8623K(8832K) Class: 1303K(1408K)->1303K(1408K)
[181.206s][info][gc             ] GC(399) Pause Young (Normal) (G1 Evacuation Pause) 19M->5M(27M) 3.185ms
[181.206s][info][gc,cpu         ] GC(399) User=0.00s Sys=0.00s Real=0.00s
[181.260s][info][gc,start       ] GC(400) Pause Young (Normal) (G1 Evacuation Pause)
[181.261s][info][gc,task        ] GC(400) Using 2 workers of 33 for evacuation
[181.264s][info][gc,phases      ] GC(400)   Pre Evacuate Collection Set: 0.1ms
[181.264s][info][gc,phases      ] GC(400)   Merge Heap Roots: 0.0ms
[181.264s][info][gc,phases      ] GC(400)   Evacuate Collection Set: 2.7ms
[181.264s][info][gc,phases      ] GC(400)   Post Evacuate Collection Set: 0.2ms
[181.264s][info][gc,phases      ] GC(400)   Other: 0.1ms
[181.264s][info][gc,heap        ] GC(400) Eden regions: 14->0(14)
[181.264s][info][gc,heap        ] GC(400) Survivor regions: 1->1(2)
[181.264s][info][gc,heap        ] GC(400) Old regions: 9->9
[181.264s][info][gc,heap        ] GC(400) Archive regions: 0->0
[181.264s][info][gc,heap        ] GC(400) Humongous regions: 0->0
[181.264s][info][gc,metaspace   ] GC(400) Metaspace: 9927K(10240K)->9927K(10240K) NonClass: 8623K(8832K)->8623K(8832K) Class: 1303K(1408K)->1303K(1408K)
[181.264s][info][gc             ] GC(400) Pause Young (Normal) (G1 Evacuation Pause) 19M->5M(27M) 3.643ms
[181.264s][info][gc,cpu         ] GC(400) User=0.00s Sys=0.00s Real=0.00s
[181.324s][info][gc,start       ] GC(401) Pause Young (Normal) (G1 Evacuation Pause)
[181.324s][info][gc,task        ] GC(401) Using 2 workers of 33 for evacuation
[181.327s][info][gc,phases      ] GC(401)   Pre Evacuate Collection Set: 0.1ms
[181.327s][info][gc,phases      ] GC(401)   Merge Heap Roots: 0.0ms
[181.327s][info][gc,phases      ] GC(401)   Evacuate Collection Set: 2.5ms
[181.327s][info][gc,phases      ] GC(401)   Post Evacuate Collection Set: 0.2ms
[181.327s][info][gc,phases      ] GC(401)   Other: 0.1ms
[181.327s][info][gc,heap        ] GC(401) Eden regions: 14->0(14)
[181.327s][info][gc,heap        ] GC(401) Survivor regions: 1->1(2)
[181.327s][info][gc,heap        ] GC(401) Old regions: 9->9
[181.327s][info][gc,heap        ] GC(401) Archive regions: 0->0
[181.327s][info][gc,heap        ] GC(401) Humongous regions: 0->0
[181.327s][info][gc,metaspace   ] GC(401) Metaspace: 9927K(10240K)->9927K(10240K) NonClass: 8623K(8832K)->8623K(8832K) Class: 1303K(1408K)->1303K(1408K)
[181.327s][info][gc             ] GC(401) Pause Young (Normal) (G1 Evacuation Pause) 19M->5M(27M) 3.367ms
[181.327s][info][gc,cpu         ] GC(401) User=0.00s Sys=0.00s Real=0.00s
[181.382s][info][gc,start       ] GC(402) Pause Young (Normal) (G1 Evacuation Pause)
[181.382s][info][gc,task        ] GC(402) Using 2 workers of 33 for evacuation
[181.389s][info][gc,phases      ] GC(402)   Pre Evacuate Collection Set: 0.1ms
[181.389s][info][gc,phases      ] GC(402)   Merge Heap Roots: 0.0ms
[181.389s][info][gc,phases      ] GC(402)   Evacuate Collection Set: 2.8ms
[181.389s][info][gc,phases      ] GC(402)   Post Evacuate Collection Set: 3.8ms
[181.389s][info][gc,phases      ] GC(402)   Other: 0.1ms
[181.389s][info][gc,heap        ] GC(402) Eden regions: 14->0(161)
[181.389s][info][gc,heap        ] GC(402) Survivor regions: 1->1(2)
[181.389s][info][gc,heap        ] GC(402) Old regions: 9->9
[181.389s][info][gc,heap        ] GC(402) Archive regions: 0->0
[181.389s][info][gc,heap        ] GC(402) Humongous regions: 0->0
[181.389s][info][gc,metaspace   ] GC(402) Metaspace: 9927K(10240K)->9927K(10240K) NonClass: 8623K(8832K)->8623K(8832K) Class: 1303K(1408K)->1303K(1408K)
[181.389s][info][gc             ] GC(402) Pause Young (Normal) (G1 Evacuation Pause) 19M->5M(270M) 7.318ms
[181.389s][info][gc,cpu         ] GC(402) User=0.03s Sys=0.00s Real=0.02s
[182.134s][info][gc,start       ] GC(403) Pause Young (Normal) (G1 Evacuation Pause)
[182.134s][info][gc,task        ] GC(403) Using 6 workers of 33 for evacuation
[182.136s][info][gc,phases      ] GC(403)   Pre Evacuate Collection Set: 0.1ms
[182.136s][info][gc,phases      ] GC(403)   Merge Heap Roots: 0.1ms
[182.137s][info][gc,phases      ] GC(403)   Evacuate Collection Set: 1.6ms
[182.137s][info][gc,phases      ] GC(403)   Post Evacuate Collection Set: 0.3ms
[182.137s][info][gc,phases      ] GC(403)   Other: 0.1ms
[182.137s][info][gc,heap        ] GC(403) Eden regions: 161->0(160)
[182.137s][info][gc,heap        ] GC(403) Survivor regions: 1->2(21)
[182.137s][info][gc,heap        ] GC(403) Old regions: 9->9
[182.137s][info][gc,heap        ] GC(403) Archive regions: 0->0
[182.137s][info][gc,heap        ] GC(403) Humongous regions: 0->0
[182.137s][info][gc,metaspace   ] GC(403) Metaspace: 9927K(10240K)->9927K(10240K) NonClass: 8623K(8832K)->8623K(8832K) Class: 1303K(1408K)->1303K(1408K)
[182.137s][info][gc             ] GC(403) Pause Young (Normal) (G1 Evacuation Pause) 166M->5M(270M) 2.798ms
[182.137s][info][gc,cpu         ] GC(403) User=0.00s Sys=0.00s Real=0.00s
[182.832s][info][gc,start       ] GC(404) Pause Young (Normal) (G1 Evacuation Pause)
[182.832s][info][gc,task        ] GC(404) Using 6 workers of 33 for evacuation
[182.834s][info][gc,phases      ] GC(404)   Pre Evacuate Collection Set: 0.1ms
[182.834s][info][gc,phases      ] GC(404)   Merge Heap Roots: 0.1ms
[182.834s][info][gc,phases      ] GC(404)   Evacuate Collection Set: 1.3ms
[182.834s][info][gc,phases      ] GC(404)   Post Evacuate Collection Set: 0.3ms
[182.834s][info][gc,phases      ] GC(404)   Other: 0.1ms
[182.834s][info][gc,heap        ] GC(404) Eden regions: 160->0(160)
[182.834s][info][gc,heap        ] GC(404) Survivor regions: 2->2(21)
[182.834s][info][gc,heap        ] GC(404) Old regions: 9->9
[182.834s][info][gc,heap        ] GC(404) Archive regions: 0->0
[182.834s][info][gc,heap        ] GC(404) Humongous regions: 0->0
[182.834s][info][gc,metaspace   ] GC(404) Metaspace: 9927K(10240K)->9927K(10240K) NonClass: 8623K(8832K)->8623K(8832K) Class: 1303K(1408K)->1303K(1408K)
[182.834s][info][gc             ] GC(404) Pause Young (Normal) (G1 Evacuation Pause) 165M->5M(270M) 2.514ms
[182.834s][info][gc,cpu         ] GC(404) User=0.00s Sys=0.00s Real=0.00s
[183.542s][info][gc,start       ] GC(405) Pause Young (Normal) (G1 Evacuation Pause)
[183.542s][info][gc,task        ] GC(405) Using 6 workers of 33 for evacuation
[183.544s][info][gc,phases      ] GC(405)   Pre Evacuate Collection Set: 0.1ms
[183.544s][info][gc,phases      ] GC(405)   Merge Heap Roots: 0.1ms
[183.544s][info][gc,phases      ] GC(405)   Evacuate Collection Set: 1.4ms
[183.545s][info][gc,phases      ] GC(405)   Post Evacuate Collection Set: 0.4ms
[183.545s][info][gc,phases      ] GC(405)   Other: 0.1ms
[183.545s][info][gc,heap        ] GC(405) Eden regions: 160->0(160)
[183.545s][info][gc,heap        ] GC(405) Survivor regions: 2->2(21)
[183.545s][info][gc,heap        ] GC(405) Old regions: 9->9
[183.545s][info][gc,heap        ] GC(405) Archive regions: 0->0
[183.545s][info][gc,heap        ] GC(405) Humongous regions: 0->0
[183.545s][info][gc,metaspace   ] GC(405) Metaspace: 9927K(10240K)->9927K(10240K) NonClass: 8623K(8832K)->8623K(8832K) Class: 1303K(1408K)->1303K(1408K)
[183.545s][info][gc             ] GC(405) Pause Young (Normal) (G1 Evacuation Pause) 165M->5M(270M) 2.639ms
[183.545s][info][gc,cpu         ] GC(405) User=0.02s Sys=0.00s Real=0.02s
[184.256s][info][gc,start       ] GC(406) Pause Young (Normal) (G1 Evacuation Pause)
[184.256s][info][gc,task        ] GC(406) Using 6 workers of 33 for evacuation
[184.258s][info][gc,phases      ] GC(406)   Pre Evacuate Collection Set: 0.1ms
[184.258s][info][gc,phases      ] GC(406)   Merge Heap Roots: 0.1ms
[184.258s][info][gc,phases      ] GC(406)   Evacuate Collection Set: 1.3ms
[184.258s][info][gc,phases      ] GC(406)   Post Evacuate Collection Set: 0.4ms
[184.258s][info][gc,phases      ] GC(406)   Other: 0.1ms
[184.259s][info][gc,heap        ] GC(406) Eden regions: 160->0(160)
[184.259s][info][gc,heap        ] GC(406) Survivor regions: 2->2(21)
[184.259s][info][gc,heap        ] GC(406) Old regions: 9->9
[184.259s][info][gc,heap        ] GC(406) Archive regions: 0->0
[184.259s][info][gc,heap        ] GC(406) Humongous regions: 0->0
[184.259s][info][gc,metaspace   ] GC(406) Metaspace: 9927K(10240K)->9927K(10240K) NonClass: 8623K(8832K)->8623K(8832K) Class: 1303K(1408K)->1303K(1408K)
[184.259s][info][gc             ] GC(406) Pause Young (Normal) (G1 Evacuation Pause) 165M->5M(270M) 2.549ms
[184.259s][info][gc,cpu         ] GC(406) User=0.00s Sys=0.00s Real=0.00s
[184.962s][info][gc,start       ] GC(407) Pause Young (Normal) (G1 Evacuation Pause)
[184.962s][info][gc,task        ] GC(407) Using 6 workers of 33 for evacuation
[184.964s][info][gc,phases      ] GC(407)   Pre Evacuate Collection Set: 0.1ms
[184.964s][info][gc,phases      ] GC(407)   Merge Heap Roots: 0.1ms
[184.964s][info][gc,phases      ] GC(407)   Evacuate Collection Set: 1.3ms
[184.964s][info][gc,phases      ] GC(407)   Post Evacuate Collection Set: 0.3ms
[184.964s][info][gc,phases      ] GC(407)   Other: 0.1ms
[184.964s][info][gc,heap        ] GC(407) Eden regions: 160->0(160)
[184.964s][info][gc,heap        ] GC(407) Survivor regions: 2->2(21)
[184.964s][info][gc,heap        ] GC(407) Old regions: 9->9
[184.964s][info][gc,heap        ] GC(407) Archive regions: 0->0
[184.964s][info][gc,heap        ] GC(407) Humongous regions: 0->0
[184.964s][info][gc,metaspace   ] GC(407) Metaspace: 9927K(10240K)->9927K(10240K) NonClass: 8623K(8832K)->8623K(8832K) Class: 1303K(1408K)->1303K(1408K)
[184.965s][info][gc             ] GC(407) Pause Young (Normal) (G1 Evacuation Pause) 165M->5M(270M) 2.504ms
[184.965s][info][gc,cpu         ] GC(407) User=0.00s Sys=0.00s Real=0.00s
[185.677s][info][gc,start       ] GC(408) Pause Young (Normal) (G1 Evacuation Pause)
[185.678s][info][gc,task        ] GC(408) Using 6 workers of 33 for evacuation
[185.680s][info][gc,phases      ] GC(408)   Pre Evacuate Collection Set: 0.1ms
[185.680s][info][gc,phases      ] GC(408)   Merge Heap Roots: 0.1ms
[185.680s][info][gc,phases      ] GC(408)   Evacuate Collection Set: 1.4ms
[185.680s][info][gc,phases      ] GC(408)   Post Evacuate Collection Set: 0.3ms
[185.680s][info][gc,phases      ] GC(408)   Other: 0.1ms
[185.680s][info][gc,heap        ] GC(408) Eden regions: 160->0(160)
[185.680s][info][gc,heap        ] GC(408) Survivor regions: 2->2(21)
[185.680s][info][gc,heap        ] GC(408) Old regions: 9->9
[185.680s][info][gc,heap        ] GC(408) Archive regions: 0->0
[185.680s][info][gc,heap        ] GC(408) Humongous regions: 0->0
[185.680s][info][gc,metaspace   ] GC(408) Metaspace: 9927K(10240K)->9927K(10240K) NonClass: 8623K(8832K)->8623K(8832K) Class: 1303K(1408K)->1303K(1408K)
[185.680s][info][gc             ] GC(408) Pause Young (Normal) (G1 Evacuation Pause) 165M->5M(270M) 2.571ms
[185.680s][info][gc,cpu         ] GC(408) User=0.00s Sys=0.00s Real=0.00s
[186.381s][info][gc,start       ] GC(409) Pause Young (Normal) (G1 Evacuation Pause)
[186.381s][info][gc,task        ] GC(409) Using 6 workers of 33 for evacuation
[186.383s][info][gc,phases      ] GC(409)   Pre Evacuate Collection Set: 0.1ms
[186.383s][info][gc,phases      ] GC(409)   Merge Heap Roots: 0.1ms
[186.383s][info][gc,phases      ] GC(409)   Evacuate Collection Set: 1.4ms
[186.383s][info][gc,phases      ] GC(409)   Post Evacuate Collection Set: 0.4ms
[186.383s][info][gc,phases      ] GC(409)   Other: 0.1ms
[186.383s][info][gc,heap        ] GC(409) Eden regions: 160->0(160)
[186.383s][info][gc,heap        ] GC(409) Survivor regions: 2->2(21)
[186.383s][info][gc,heap        ] GC(409) Old regions: 9->9
[186.383s][info][gc,heap        ] GC(409) Archive regions: 0->0
[186.384s][info][gc,heap        ] GC(409) Humongous regions: 0->0
[186.384s][info][gc,metaspace   ] GC(409) Metaspace: 9927K(10240K)->9927K(10240K) NonClass: 8623K(8832K)->8623K(8832K) Class: 1303K(1408K)->1303K(1408K)
[186.384s][info][gc             ] GC(409) Pause Young (Normal) (G1 Evacuation Pause) 165M->5M(270M) 2.659ms
[186.384s][info][gc,cpu         ] GC(409) User=0.00s Sys=0.00s Real=0.00s
[187.092s][info][gc,start       ] GC(410) Pause Young (Normal) (G1 Evacuation Pause)
[187.092s][info][gc,task        ] GC(410) Using 6 workers of 33 for evacuation
[187.094s][info][gc,phases      ] GC(410)   Pre Evacuate Collection Set: 0.1ms
[187.094s][info][gc,phases      ] GC(410)   Merge Heap Roots: 0.1ms
[187.094s][info][gc,phases      ] GC(410)   Evacuate Collection Set: 1.4ms
[187.094s][info][gc,phases      ] GC(410)   Post Evacuate Collection Set: 0.3ms
[187.094s][info][gc,phases      ] GC(410)   Other: 0.1ms
[187.095s][info][gc,heap        ] GC(410) Eden regions: 160->0(160)
[187.095s][info][gc,heap        ] GC(410) Survivor regions: 2->2(21)
[187.095s][info][gc,heap        ] GC(410) Old regions: 9->9
[187.095s][info][gc,heap        ] GC(410) Archive regions: 0->0
[187.095s][info][gc,heap        ] GC(410) Humongous regions: 0->0
[187.095s][info][gc,metaspace   ] GC(410) Metaspace: 9927K(10240K)->9927K(10240K) NonClass: 8623K(8832K)->8623K(8832K) Class: 1303K(1408K)->1303K(1408K)
[187.095s][info][gc             ] GC(410) Pause Young (Normal) (G1 Evacuation Pause) 165M->5M(270M) 2.590ms
[187.095s][info][gc,cpu         ] GC(410) User=0.00s Sys=0.00s Real=0.00s
[187.800s][info][gc,start       ] GC(411) Pause Young (Normal) (G1 Evacuation Pause)
[187.800s][info][gc,task        ] GC(411) Using 6 workers of 33 for evacuation
[187.802s][info][gc,phases      ] GC(411)   Pre Evacuate Collection Set: 0.1ms
[187.802s][info][gc,phases      ] GC(411)   Merge Heap Roots: 0.1ms
[187.802s][info][gc,phases      ] GC(411)   Evacuate Collection Set: 1.4ms
[187.802s][info][gc,phases      ] GC(411)   Post Evacuate Collection Set: 0.4ms
[187.803s][info][gc,phases      ] GC(411)   Other: 0.2ms
[187.803s][info][gc,heap        ] GC(411) Eden regions: 160->0(160)
[187.803s][info][gc,heap        ] GC(411) Survivor regions: 2->2(21)
[187.803s][info][gc,heap        ] GC(411) Old regions: 9->9
[187.803s][info][gc,heap        ] GC(411) Archive regions: 0->0
[187.803s][info][gc,heap        ] GC(411) Humongous regions: 0->0
[187.803s][info][gc,metaspace   ] GC(411) Metaspace: 9927K(10240K)->9927K(10240K) NonClass: 8623K(8832K)->8623K(8832K) Class: 1303K(1408K)->1303K(1408K)
[187.803s][info][gc             ] GC(411) Pause Young (Normal) (G1 Evacuation Pause) 165M->5M(270M) 2.757ms
[187.803s][info][gc,cpu         ] GC(411) User=0.02s Sys=0.00s Real=0.02s
[188.179s][info][gc,start       ] GC(412) Pause Full (System.gc())
[188.179s][info][gc,task        ] GC(412) Using 6 workers of 33 for full compaction
[188.179s][info][gc,phases,start] GC(412) Phase 1: Mark live objects
[188.185s][info][gc,phases      ] GC(412) Phase 1: Mark live objects 5.821ms
[188.185s][info][gc,phases,start] GC(412) Phase 2: Prepare compaction
[188.186s][info][gc,phases      ] GC(412) Phase 2: Prepare compaction 1.222ms
[188.186s][info][gc,phases,start] GC(412) Phase 3: Adjust pointers
[188.190s][info][gc,phases      ] GC(412) Phase 3: Adjust pointers 3.870ms
[188.190s][info][gc,phases,start] GC(412) Phase 4: Compact heap
[188.191s][info][gc,phases      ] GC(412) Phase 4: Compact heap 0.593ms
[188.196s][info][gc,heap        ] GC(412) Eden regions: 83->0(16)
[188.196s][info][gc,heap        ] GC(412) Survivor regions: 2->0(21)
[188.196s][info][gc,heap        ] GC(412) Old regions: 9->8
[188.196s][info][gc,heap        ] GC(412) Archive regions: 0->0
[188.196s][info][gc,heap        ] GC(412) Humongous regions: 0->0
[188.196s][info][gc,metaspace   ] GC(412) Metaspace: 9927K(10240K)->9927K(10240K) NonClass: 8623K(8832K)->8623K(8832K) Class: 1303K(1408K)->1303K(1408K)
[188.196s][info][gc             ] GC(412) Pause Full (System.gc()) 88M->3M(27M) 17.111ms
[188.196s][info][gc,cpu         ] GC(412) User=0.02s Sys=0.00s Real=0.02s
[188.261s][info][gc,start       ] GC(413) Pause Young (Normal) (G1 Evacuation Pause)
[188.262s][info][gc,task        ] GC(413) Using 4 workers of 33 for evacuation
[188.264s][info][gc,phases      ] GC(413)   Pre Evacuate Collection Set: 0.1ms
[188.264s][info][gc,phases      ] GC(413)   Merge Heap Roots: 0.1ms
[188.264s][info][gc,phases      ] GC(413)   Evacuate Collection Set: 2.0ms
[188.264s][info][gc,phases      ] GC(413)   Post Evacuate Collection Set: 0.2ms
[188.264s][info][gc,phases      ] GC(413)   Other: 0.1ms
[188.264s][info][gc,heap        ] GC(413) Eden regions: 16->0(13)
[188.264s][info][gc,heap        ] GC(413) Survivor regions: 0->2(2)
[188.264s][info][gc,heap        ] GC(413) Old regions: 8->8
[188.264s][info][gc,heap        ] GC(413) Archive regions: 0->0
[188.264s][info][gc,heap        ] GC(413) Humongous regions: 0->0
[188.264s][info][gc,metaspace   ] GC(413) Metaspace: 9927K(10240K)->9927K(10240K) NonClass: 8623K(8832K)->8623K(8832K) Class: 1303K(1408K)->1303K(1408K)
[188.264s][info][gc             ] GC(413) Pause Young (Normal) (G1 Evacuation Pause) 19M->5M(27M) 2.991ms
[188.264s][info][gc,cpu         ] GC(413) User=0.00s Sys=0.00s Real=0.00s
[188.326s][info][gc,start       ] GC(414) Pause Young (Normal) (G1 Evacuation Pause)
[188.326s][info][gc,task        ] GC(414) Using 3 workers of 33 for evacuation
[188.329s][info][gc,phases      ] GC(414)   Pre Evacuate Collection Set: 0.1ms
[188.329s][info][gc,phases      ] GC(414)   Merge Heap Roots: 0.0ms
[188.329s][info][gc,phases      ] GC(414)   Evacuate Collection Set: 2.6ms
[188.329s][info][gc,phases      ] GC(414)   Post Evacuate Collection Set: 0.2ms
[188.329s][info][gc,phases      ] GC(414)   Other: 0.1ms
[188.329s][info][gc,heap        ] GC(414) Eden regions: 13->0(12)
[188.329s][info][gc,heap        ] GC(414) Survivor regions: 2->2(2)
[188.329s][info][gc,heap        ] GC(414) Old regions: 8->9
[188.329s][info][gc,heap        ] GC(414) Archive regions: 0->0
[188.329s][info][gc,heap        ] GC(414) Humongous regions: 0->0
[188.329s][info][gc,metaspace   ] GC(414) Metaspace: 9927K(10240K)->9927K(10240K) NonClass: 8623K(8832K)->8623K(8832K) Class: 1303K(1408K)->1303K(1408K)
[188.329s][info][gc             ] GC(414) Pause Young (Normal) (G1 Evacuation Pause) 18M->5M(27M) 3.533ms
[188.329s][info][gc,cpu         ] GC(414) User=0.00s Sys=0.00s Real=0.00s
[188.377s][info][gc,start       ] GC(415) Pause Young (Normal) (G1 Evacuation Pause)
[188.378s][info][gc,task        ] GC(415) Using 2 workers of 33 for evacuation
[188.380s][info][gc,phases      ] GC(415)   Pre Evacuate Collection Set: 0.1ms
[188.380s][info][gc,phases      ] GC(415)   Merge Heap Roots: 0.1ms
[188.380s][info][gc,phases      ] GC(415)   Evacuate Collection Set: 2.3ms
[188.380s][info][gc,phases      ] GC(415)   Post Evacuate Collection Set: 0.2ms
[188.380s][info][gc,phases      ] GC(415)   Other: 0.1ms
[188.380s][info][gc,heap        ] GC(415) Eden regions: 12->0(14)
[188.381s][info][gc,heap        ] GC(415) Survivor regions: 2->1(2)
[188.381s][info][gc,heap        ] GC(415) Old regions: 9->9
[188.381s][info][gc,heap        ] GC(415) Archive regions: 0->0
[188.381s][info][gc,heap        ] GC(415) Humongous regions: 0->0
[188.381s][info][gc,metaspace   ] GC(415) Metaspace: 9927K(10240K)->9927K(10240K) NonClass: 8623K(8832K)->8623K(8832K) Class: 1303K(1408K)->1303K(1408K)
[188.381s][info][gc             ] GC(415) Pause Young (Normal) (G1 Evacuation Pause) 17M->5M(27M) 3.196ms
[188.381s][info][gc,cpu         ] GC(415) User=0.00s Sys=0.00s Real=0.00s
[188.436s][info][gc,start       ] GC(416) Pause Young (Normal) (G1 Evacuation Pause)
[188.436s][info][gc,task        ] GC(416) Using 2 workers of 33 for evacuation
[188.439s][info][gc,phases      ] GC(416)   Pre Evacuate Collection Set: 0.1ms
[188.439s][info][gc,phases      ] GC(416)   Merge Heap Roots: 0.0ms
[188.439s][info][gc,phases      ] GC(416)   Evacuate Collection Set: 2.7ms
[188.439s][info][gc,phases      ] GC(416)   Post Evacuate Collection Set: 0.2ms
[188.439s][info][gc,phases      ] GC(416)   Other: 0.1ms
[188.439s][info][gc,heap        ] GC(416) Eden regions: 14->0(14)
[188.439s][info][gc,heap        ] GC(416) Survivor regions: 1->1(2)
[188.439s][info][gc,heap        ] GC(416) Old regions: 9->9
[188.439s][info][gc,heap        ] GC(416) Archive regions: 0->0
[188.439s][info][gc,heap        ] GC(416) Humongous regions: 0->0
[188.439s][info][gc,metaspace   ] GC(416) Metaspace: 9927K(10240K)->9927K(10240K) NonClass: 8623K(8832K)->8623K(8832K) Class: 1303K(1408K)->1303K(1408K)
[188.439s][info][gc             ] GC(416) Pause Young (Normal) (G1 Evacuation Pause) 19M->5M(27M) 3.667ms
[188.439s][info][gc,cpu         ] GC(416) User=0.00s Sys=0.00s Real=0.00s
[188.498s][info][gc,start       ] GC(417) Pause Young (Normal) (G1 Evacuation Pause)
[188.498s][info][gc,task        ] GC(417) Using 2 workers of 33 for evacuation
[188.501s][info][gc,phases      ] GC(417)   Pre Evacuate Collection Set: 0.1ms
[188.501s][info][gc,phases      ] GC(417)   Merge Heap Roots: 0.0ms
[188.501s][info][gc,phases      ] GC(417)   Evacuate Collection Set: 3.1ms
[188.501s][info][gc,phases      ] GC(417)   Post Evacuate Collection Set: 0.2ms
[188.502s][info][gc,phases      ] GC(417)   Other: 0.1ms
[188.502s][info][gc,heap        ] GC(417) Eden regions: 14->0(12)
[188.502s][info][gc,heap        ] GC(417) Survivor regions: 1->2(2)
[188.502s][info][gc,heap        ] GC(417) Old regions: 9->9
[188.502s][info][gc,heap        ] GC(417) Archive regions: 0->0
[188.502s][info][gc,heap        ] GC(417) Humongous regions: 0->0
[188.502s][info][gc,metaspace   ] GC(417) Metaspace: 9927K(10240K)->9927K(10240K) NonClass: 8623K(8832K)->8623K(8832K) Class: 1303K(1408K)->1303K(1408K)
[188.502s][info][gc             ] GC(417) Pause Young (Normal) (G1 Evacuation Pause) 19M->5M(27M) 3.971ms
[188.502s][info][gc,cpu         ] GC(417) User=0.00s Sys=0.00s Real=0.00s
[188.554s][info][gc,start       ] GC(418) Pause Young (Normal) (G1 Evacuation Pause)
[188.554s][info][gc,task        ] GC(418) Using 2 workers of 33 for evacuation
[188.561s][info][gc,phases      ] GC(418)   Pre Evacuate Collection Set: 0.1ms
[188.561s][info][gc,phases      ] GC(418)   Merge Heap Roots: 0.1ms
[188.561s][info][gc,phases      ] GC(418)   Evacuate Collection Set: 2.9ms
[188.561s][info][gc,phases      ] GC(418)   Post Evacuate Collection Set: 4.0ms
[188.561s][info][gc,phases      ] GC(418)   Other: 0.1ms
[188.561s][info][gc,heap        ] GC(418) Eden regions: 12->0(161)
[188.561s][info][gc,heap        ] GC(418) Survivor regions: 2->1(2)
[188.561s][info][gc,heap        ] GC(418) Old regions: 9->9
[188.561s][info][gc,heap        ] GC(418) Archive regions: 0->0
[188.561s][info][gc,heap        ] GC(418) Humongous regions: 0->0
[188.561s][info][gc,metaspace   ] GC(418) Metaspace: 9927K(10240K)->9927K(10240K) NonClass: 8623K(8832K)->8623K(8832K) Class: 1303K(1408K)->1303K(1408K)
[188.561s][info][gc             ] GC(418) Pause Young (Normal) (G1 Evacuation Pause) 17M->5M(270M) 7.588ms
[188.561s][info][gc,cpu         ] GC(418) User=0.00s Sys=0.02s Real=0.02s
[189.307s][info][gc,start       ] GC(419) Pause Young (Normal) (G1 Evacuation Pause)
[189.307s][info][gc,task        ] GC(419) Using 6 workers of 33 for evacuation
[189.309s][info][gc,phases      ] GC(419)   Pre Evacuate Collection Set: 0.1ms
[189.309s][info][gc,phases      ] GC(419)   Merge Heap Roots: 0.1ms
[189.309s][info][gc,phases      ] GC(419)   Evacuate Collection Set: 1.6ms
[189.309s][info][gc,phases      ] GC(419)   Post Evacuate Collection Set: 0.3ms
[189.309s][info][gc,phases      ] GC(419)   Other: 0.1ms
[189.309s][info][gc,heap        ] GC(419) Eden regions: 161->0(160)
[189.309s][info][gc,heap        ] GC(419) Survivor regions: 1->2(21)
[189.309s][info][gc,heap        ] GC(419) Old regions: 9->9
[189.309s][info][gc,heap        ] GC(419) Archive regions: 0->0
[189.309s][info][gc,heap        ] GC(419) Humongous regions: 0->0
[189.309s][info][gc,metaspace   ] GC(419) Metaspace: 9927K(10240K)->9927K(10240K) NonClass: 8623K(8832K)->8623K(8832K) Class: 1303K(1408K)->1303K(1408K)
[189.310s][info][gc             ] GC(419) Pause Young (Normal) (G1 Evacuation Pause) 166M->5M(270M) 2.865ms
[189.310s][info][gc,cpu         ] GC(419) User=0.00s Sys=0.00s Real=0.00s
[190.028s][info][gc,start       ] GC(420) Pause Young (Normal) (G1 Evacuation Pause)
[190.037s][info][gc,task        ] GC(420) Using 6 workers of 33 for evacuation
[190.040s][info][gc,phases      ] GC(420)   Pre Evacuate Collection Set: 0.1ms
[190.040s][info][gc,phases      ] GC(420)   Merge Heap Roots: 0.1ms
[190.040s][info][gc,phases      ] GC(420)   Evacuate Collection Set: 1.5ms
[190.040s][info][gc,phases      ] GC(420)   Post Evacuate Collection Set: 0.4ms
[190.040s][info][gc,phases      ] GC(420)   Other: 0.1ms
[190.040s][info][gc,heap        ] GC(420) Eden regions: 160->0(160)
[190.040s][info][gc,heap        ] GC(420) Survivor regions: 2->2(21)
[190.040s][info][gc,heap        ] GC(420) Old regions: 9->9
[190.040s][info][gc,heap        ] GC(420) Archive regions: 0->0
[190.040s][info][gc,heap        ] GC(420) Humongous regions: 0->0
[190.040s][info][gc,metaspace   ] GC(420) Metaspace: 9927K(10240K)->9927K(10240K) NonClass: 8623K(8832K)->8623K(8832K) Class: 1303K(1408K)->1303K(1408K)
[190.040s][info][gc             ] GC(420) Pause Young (Normal) (G1 Evacuation Pause) 165M->5M(270M) 12.456ms
[190.040s][info][gc,cpu         ] GC(420) User=0.00s Sys=0.00s Real=0.00s
[190.759s][info][gc,start       ] GC(421) Pause Young (Normal) (G1 Evacuation Pause)
[190.759s][info][gc,task        ] GC(421) Using 6 workers of 33 for evacuation
[190.761s][info][gc,phases      ] GC(421)   Pre Evacuate Collection Set: 0.1ms
[190.761s][info][gc,phases      ] GC(421)   Merge Heap Roots: 0.1ms
[190.761s][info][gc,phases      ] GC(421)   Evacuate Collection Set: 1.3ms
[190.761s][info][gc,phases      ] GC(421)   Post Evacuate Collection Set: 0.3ms
[190.761s][info][gc,phases      ] GC(421)   Other: 0.1ms
[190.761s][info][gc,heap        ] GC(421) Eden regions: 160->0(160)
[190.761s][info][gc,heap        ] GC(421) Survivor regions: 2->2(21)
[190.761s][info][gc,heap        ] GC(421) Old regions: 9->9
[190.761s][info][gc,heap        ] GC(421) Archive regions: 0->0
[190.761s][info][gc,heap        ] GC(421) Humongous regions: 0->0
[190.761s][info][gc,metaspace   ] GC(421) Metaspace: 9927K(10240K)->9927K(10240K) NonClass: 8623K(8832K)->8623K(8832K) Class: 1303K(1408K)->1303K(1408K)
[190.761s][info][gc             ] GC(421) Pause Young (Normal) (G1 Evacuation Pause) 165M->5M(270M) 2.536ms
[190.761s][info][gc,cpu         ] GC(421) User=0.00s Sys=0.02s Real=0.02s
[191.470s][info][gc,start       ] GC(422) Pause Young (Normal) (G1 Evacuation Pause)
[191.470s][info][gc,task        ] GC(422) Using 6 workers of 33 for evacuation
[191.473s][info][gc,phases      ] GC(422)   Pre Evacuate Collection Set: 0.1ms
[191.473s][info][gc,phases      ] GC(422)   Merge Heap Roots: 0.1ms
[191.473s][info][gc,phases      ] GC(422)   Evacuate Collection Set: 1.4ms
[191.473s][info][gc,phases      ] GC(422)   Post Evacuate Collection Set: 0.4ms
[191.473s][info][gc,phases      ] GC(422)   Other: 0.1ms
[191.473s][info][gc,heap        ] GC(422) Eden regions: 160->0(160)
[191.473s][info][gc,heap        ] GC(422) Survivor regions: 2->2(21)
[191.473s][info][gc,heap        ] GC(422) Old regions: 9->9
[191.473s][info][gc,heap        ] GC(422) Archive regions: 0->0
[191.473s][info][gc,heap        ] GC(422) Humongous regions: 0->0
[191.473s][info][gc,metaspace   ] GC(422) Metaspace: 9927K(10240K)->9927K(10240K) NonClass: 8623K(8832K)->8623K(8832K) Class: 1303K(1408K)->1303K(1408K)
[191.473s][info][gc             ] GC(422) Pause Young (Normal) (G1 Evacuation Pause) 165M->5M(270M) 2.609ms
[191.473s][info][gc,cpu         ] GC(422) User=0.00s Sys=0.00s Real=0.00s
[192.173s][info][gc,start       ] GC(423) Pause Young (Normal) (G1 Evacuation Pause)
[192.174s][info][gc,task        ] GC(423) Using 6 workers of 33 for evacuation
[192.176s][info][gc,phases      ] GC(423)   Pre Evacuate Collection Set: 0.1ms
[192.176s][info][gc,phases      ] GC(423)   Merge Heap Roots: 0.1ms
[192.176s][info][gc,phases      ] GC(423)   Evacuate Collection Set: 1.2ms
[192.176s][info][gc,phases      ] GC(423)   Post Evacuate Collection Set: 0.3ms
[192.176s][info][gc,phases      ] GC(423)   Other: 0.1ms
[192.176s][info][gc,heap        ] GC(423) Eden regions: 160->0(160)
[192.176s][info][gc,heap        ] GC(423) Survivor regions: 2->2(21)
[192.176s][info][gc,heap        ] GC(423) Old regions: 9->9
[192.176s][info][gc,heap        ] GC(423) Archive regions: 0->0
[192.176s][info][gc,heap        ] GC(423) Humongous regions: 0->0
[192.176s][info][gc,metaspace   ] GC(423) Metaspace: 9927K(10240K)->9927K(10240K) NonClass: 8623K(8832K)->8623K(8832K) Class: 1303K(1408K)->1303K(1408K)
[192.176s][info][gc             ] GC(423) Pause Young (Normal) (G1 Evacuation Pause) 165M->5M(270M) 2.419ms
[192.176s][info][gc,cpu         ] GC(423) User=0.00s Sys=0.00s Real=0.00s
[192.880s][info][gc,start       ] GC(424) Pause Young (Normal) (G1 Evacuation Pause)
[192.880s][info][gc,task        ] GC(424) Using 6 workers of 33 for evacuation
[192.882s][info][gc,phases      ] GC(424)   Pre Evacuate Collection Set: 0.1ms
[192.882s][info][gc,phases      ] GC(424)   Merge Heap Roots: 0.1ms
[192.882s][info][gc,phases      ] GC(424)   Evacuate Collection Set: 1.2ms
[192.882s][info][gc,phases      ] GC(424)   Post Evacuate Collection Set: 0.4ms
[192.882s][info][gc,phases      ] GC(424)   Other: 0.1ms
[192.882s][info][gc,heap        ] GC(424) Eden regions: 160->0(160)
[192.882s][info][gc,heap        ] GC(424) Survivor regions: 2->2(21)
[192.882s][info][gc,heap        ] GC(424) Old regions: 9->9
[192.882s][info][gc,heap        ] GC(424) Archive regions: 0->0
[192.882s][info][gc,heap        ] GC(424) Humongous regions: 0->0
[192.882s][info][gc,metaspace   ] GC(424) Metaspace: 9927K(10240K)->9927K(10240K) NonClass: 8623K(8832K)->8623K(8832K) Class: 1303K(1408K)->1303K(1408K)
[192.882s][info][gc             ] GC(424) Pause Young (Normal) (G1 Evacuation Pause) 165M->5M(270M) 2.456ms
[192.883s][info][gc,cpu         ] GC(424) User=0.00s Sys=0.00s Real=0.00s
[193.593s][info][gc,start       ] GC(425) Pause Young (Normal) (G1 Evacuation Pause)
[193.593s][info][gc,task        ] GC(425) Using 6 workers of 33 for evacuation
[193.595s][info][gc,phases      ] GC(425)   Pre Evacuate Collection Set: 0.1ms
[193.595s][info][gc,phases      ] GC(425)   Merge Heap Roots: 0.1ms
[193.595s][info][gc,phases      ] GC(425)   Evacuate Collection Set: 1.2ms
[193.595s][info][gc,phases      ] GC(425)   Post Evacuate Collection Set: 0.3ms
[193.595s][info][gc,phases      ] GC(425)   Other: 0.1ms
[193.595s][info][gc,heap        ] GC(425) Eden regions: 160->0(160)
[193.595s][info][gc,heap        ] GC(425) Survivor regions: 2->2(21)
[193.595s][info][gc,heap        ] GC(425) Old regions: 9->9
[193.595s][info][gc,heap        ] GC(425) Archive regions: 0->0
[193.595s][info][gc,heap        ] GC(425) Humongous regions: 0->0
[193.595s][info][gc,metaspace   ] GC(425) Metaspace: 9927K(10240K)->9927K(10240K) NonClass: 8623K(8832K)->8623K(8832K) Class: 1303K(1408K)->1303K(1408K)
[193.595s][info][gc             ] GC(425) Pause Young (Normal) (G1 Evacuation Pause) 165M->5M(270M) 2.466ms
[193.596s][info][gc,cpu         ] GC(425) User=0.00s Sys=0.00s Real=0.00s
[194.308s][info][gc,start       ] GC(426) Pause Young (Normal) (G1 Evacuation Pause)
[194.308s][info][gc,task        ] GC(426) Using 6 workers of 33 for evacuation
[194.310s][info][gc,phases      ] GC(426)   Pre Evacuate Collection Set: 0.1ms
[194.310s][info][gc,phases      ] GC(426)   Merge Heap Roots: 0.1ms
[194.310s][info][gc,phases      ] GC(426)   Evacuate Collection Set: 1.2ms
[194.311s][info][gc,phases      ] GC(426)   Post Evacuate Collection Set: 0.3ms
[194.311s][info][gc,phases      ] GC(426)   Other: 0.1ms
[194.311s][info][gc,heap        ] GC(426) Eden regions: 160->0(160)
[194.311s][info][gc,heap        ] GC(426) Survivor regions: 2->2(21)
[194.311s][info][gc,heap        ] GC(426) Old regions: 9->9
[194.311s][info][gc,heap        ] GC(426) Archive regions: 0->0
[194.311s][info][gc,heap        ] GC(426) Humongous regions: 0->0
[194.311s][info][gc,metaspace   ] GC(426) Metaspace: 9927K(10240K)->9927K(10240K) NonClass: 8623K(8832K)->8623K(8832K) Class: 1303K(1408K)->1303K(1408K)
[194.311s][info][gc             ] GC(426) Pause Young (Normal) (G1 Evacuation Pause) 165M->5M(270M) 2.491ms
[194.311s][info][gc,cpu         ] GC(426) User=0.00s Sys=0.00s Real=0.00s
[195.010s][info][gc,start       ] GC(427) Pause Young (Normal) (G1 Evacuation Pause)
[195.010s][info][gc,task        ] GC(427) Using 6 workers of 33 for evacuation
[195.012s][info][gc,phases      ] GC(427)   Pre Evacuate Collection Set: 0.1ms
[195.012s][info][gc,phases      ] GC(427)   Merge Heap Roots: 0.1ms
[195.012s][info][gc,phases      ] GC(427)   Evacuate Collection Set: 1.3ms
[195.012s][info][gc,phases      ] GC(427)   Post Evacuate Collection Set: 0.3ms
[195.012s][info][gc,phases      ] GC(427)   Other: 0.1ms
[195.012s][info][gc,heap        ] GC(427) Eden regions: 160->0(160)
[195.012s][info][gc,heap        ] GC(427) Survivor regions: 2->2(21)
[195.012s][info][gc,heap        ] GC(427) Old regions: 9->9
[195.012s][info][gc,heap        ] GC(427) Archive regions: 0->0
[195.012s][info][gc,heap        ] GC(427) Humongous regions: 0->0
[195.012s][info][gc,metaspace   ] GC(427) Metaspace: 9927K(10240K)->9927K(10240K) NonClass: 8623K(8832K)->8623K(8832K) Class: 1303K(1408K)->1303K(1408K)
[195.013s][info][gc             ] GC(427) Pause Young (Normal) (G1 Evacuation Pause) 165M->5M(270M) 2.473ms
[195.013s][info][gc,cpu         ] GC(427) User=0.09s Sys=0.00s Real=0.02s
[195.376s][info][gc,start       ] GC(428) Pause Full (System.gc())
[195.376s][info][gc,task        ] GC(428) Using 6 workers of 33 for full compaction
[195.376s][info][gc,phases,start] GC(428) Phase 1: Mark live objects
[195.381s][info][gc,phases      ] GC(428) Phase 1: Mark live objects 4.349ms
[195.381s][info][gc,phases,start] GC(428) Phase 2: Prepare compaction
[195.382s][info][gc,phases      ] GC(428) Phase 2: Prepare compaction 1.181ms
[195.382s][info][gc,phases,start] GC(428) Phase 3: Adjust pointers
[195.386s][info][gc,phases      ] GC(428) Phase 3: Adjust pointers 3.905ms
[195.386s][info][gc,phases,start] GC(428) Phase 4: Compact heap
[195.386s][info][gc,phases      ] GC(428) Phase 4: Compact heap 0.572ms
[195.391s][info][gc,heap        ] GC(428) Eden regions: 83->0(16)
[195.391s][info][gc,heap        ] GC(428) Survivor regions: 2->0(21)
[195.391s][info][gc,heap        ] GC(428) Old regions: 9->8
[195.391s][info][gc,heap        ] GC(428) Archive regions: 0->0
[195.391s][info][gc,heap        ] GC(428) Humongous regions: 0->0
[195.391s][info][gc,metaspace   ] GC(428) Metaspace: 9930K(10240K)->9930K(10240K) NonClass: 8626K(8832K)->8626K(8832K) Class: 1303K(1408K)->1303K(1408K)
[195.391s][info][gc             ] GC(428) Pause Full (System.gc()) 87M->3M(27M) 15.454ms
[195.391s][info][gc,cpu         ] GC(428) User=0.02s Sys=0.00s Real=0.02s
[195.460s][info][gc,start       ] GC(429) Pause Young (Normal) (G1 Evacuation Pause)
[195.460s][info][gc,task        ] GC(429) Using 4 workers of 33 for evacuation
[195.462s][info][gc,phases      ] GC(429)   Pre Evacuate Collection Set: 0.1ms
[195.462s][info][gc,phases      ] GC(429)   Merge Heap Roots: 0.1ms
[195.462s][info][gc,phases      ] GC(429)   Evacuate Collection Set: 1.6ms
[195.462s][info][gc,phases      ] GC(429)   Post Evacuate Collection Set: 0.2ms
[195.462s][info][gc,phases      ] GC(429)   Other: 0.1ms
[195.462s][info][gc,heap        ] GC(429) Eden regions: 16->0(13)
[195.462s][info][gc,heap        ] GC(429) Survivor regions: 0->2(2)
[195.462s][info][gc,heap        ] GC(429) Old regions: 8->8
[195.462s][info][gc,heap        ] GC(429) Archive regions: 0->0
[195.462s][info][gc,heap        ] GC(429) Humongous regions: 0->0
[195.463s][info][gc,metaspace   ] GC(429) Metaspace: 9930K(10240K)->9930K(10240K) NonClass: 8626K(8832K)->8626K(8832K) Class: 1303K(1408K)->1303K(1408K)
[195.463s][info][gc             ] GC(429) Pause Young (Normal) (G1 Evacuation Pause) 19M->5M(27M) 2.557ms
[195.463s][info][gc,cpu         ] GC(429) User=0.00s Sys=0.00s Real=0.00s
[195.517s][info][gc,start       ] GC(430) Pause Young (Normal) (G1 Evacuation Pause)
[195.517s][info][gc,task        ] GC(430) Using 3 workers of 33 for evacuation
[195.520s][info][gc,phases      ] GC(430)   Pre Evacuate Collection Set: 0.1ms
[195.520s][info][gc,phases      ] GC(430)   Merge Heap Roots: 0.1ms
[195.520s][info][gc,phases      ] GC(430)   Evacuate Collection Set: 2.7ms
[195.520s][info][gc,phases      ] GC(430)   Post Evacuate Collection Set: 0.2ms
[195.520s][info][gc,phases      ] GC(430)   Other: 0.1ms
[195.520s][info][gc,heap        ] GC(430) Eden regions: 13->0(13)
[195.520s][info][gc,heap        ] GC(430) Survivor regions: 2->2(2)
[195.520s][info][gc,heap        ] GC(430) Old regions: 8->8
[195.520s][info][gc,heap        ] GC(430) Archive regions: 0->0
[195.520s][info][gc,heap        ] GC(430) Humongous regions: 0->0
[195.520s][info][gc,metaspace   ] GC(430) Metaspace: 9930K(10240K)->9930K(10240K) NonClass: 8626K(8832K)->8626K(8832K) Class: 1303K(1408K)->1303K(1408K)
[195.520s][info][gc             ] GC(430) Pause Young (Normal) (G1 Evacuation Pause) 18M->5M(27M) 3.581ms
[195.520s][info][gc,cpu         ] GC(430) User=0.05s Sys=0.00s Real=0.02s
[195.576s][info][gc,start       ] GC(431) Pause Young (Normal) (G1 Evacuation Pause)
[195.576s][info][gc,task        ] GC(431) Using 2 workers of 33 for evacuation
[195.580s][info][gc,phases      ] GC(431)   Pre Evacuate Collection Set: 0.1ms
[195.580s][info][gc,phases      ] GC(431)   Merge Heap Roots: 0.1ms
[195.580s][info][gc,phases      ] GC(431)   Evacuate Collection Set: 3.4ms
[195.580s][info][gc,phases      ] GC(431)   Post Evacuate Collection Set: 0.3ms
[195.580s][info][gc,phases      ] GC(431)   Other: 0.1ms
[195.580s][info][gc,heap        ] GC(431) Eden regions: 13->0(14)
[195.581s][info][gc,heap        ] GC(431) Survivor regions: 2->1(2)
[195.581s][info][gc,heap        ] GC(431) Old regions: 8->9
[195.581s][info][gc,heap        ] GC(431) Archive regions: 0->0
[195.581s][info][gc,heap        ] GC(431) Humongous regions: 0->0
[195.581s][info][gc,metaspace   ] GC(431) Metaspace: 9930K(10240K)->9930K(10240K) NonClass: 8626K(8832K)->8626K(8832K) Class: 1303K(1408K)->1303K(1408K)
[195.581s][info][gc             ] GC(431) Pause Young (Normal) (G1 Evacuation Pause) 18M->5M(27M) 4.370ms
[195.581s][info][gc,cpu         ] GC(431) User=0.02s Sys=0.00s Real=0.01s
[195.640s][info][gc,start       ] GC(432) Pause Young (Normal) (G1 Evacuation Pause)
[195.640s][info][gc,task        ] GC(432) Using 2 workers of 33 for evacuation
[195.643s][info][gc,phases      ] GC(432)   Pre Evacuate Collection Set: 0.1ms
[195.643s][info][gc,phases      ] GC(432)   Merge Heap Roots: 0.0ms
[195.644s][info][gc,phases      ] GC(432)   Evacuate Collection Set: 2.6ms
[195.644s][info][gc,phases      ] GC(432)   Post Evacuate Collection Set: 0.2ms
[195.644s][info][gc,phases      ] GC(432)   Other: 0.1ms
[195.644s][info][gc,heap        ] GC(432) Eden regions: 14->0(14)
[195.644s][info][gc,heap        ] GC(432) Survivor regions: 1->1(2)
[195.644s][info][gc,heap        ] GC(432) Old regions: 9->9
[195.644s][info][gc,heap        ] GC(432) Archive regions: 0->0
[195.644s][info][gc,heap        ] GC(432) Humongous regions: 0->0
[195.644s][info][gc,metaspace   ] GC(432) Metaspace: 9930K(10240K)->9930K(10240K) NonClass: 8626K(8832K)->8626K(8832K) Class: 1303K(1408K)->1303K(1408K)
[195.644s][info][gc             ] GC(432) Pause Young (Normal) (G1 Evacuation Pause) 19M->5M(27M) 3.490ms
[195.644s][info][gc,cpu         ] GC(432) User=0.03s Sys=0.00s Real=0.02s
[195.706s][info][gc,start       ] GC(433) Pause Young (Normal) (G1 Evacuation Pause)
[195.706s][info][gc,task        ] GC(433) Using 2 workers of 33 for evacuation
[195.709s][info][gc,phases      ] GC(433)   Pre Evacuate Collection Set: 0.1ms
[195.709s][info][gc,phases      ] GC(433)   Merge Heap Roots: 0.0ms
[195.709s][info][gc,phases      ] GC(433)   Evacuate Collection Set: 3.0ms
[195.709s][info][gc,phases      ] GC(433)   Post Evacuate Collection Set: 0.2ms
[195.709s][info][gc,phases      ] GC(433)   Other: 0.1ms
[195.710s][info][gc,heap        ] GC(433) Eden regions: 14->0(12)
[195.710s][info][gc,heap        ] GC(433) Survivor regions: 1->2(2)
[195.710s][info][gc,heap        ] GC(433) Old regions: 9->9
[195.710s][info][gc,heap        ] GC(433) Archive regions: 0->0
[195.710s][info][gc,heap        ] GC(433) Humongous regions: 0->0
[195.710s][info][gc,metaspace   ] GC(433) Metaspace: 9930K(10240K)->9930K(10240K) NonClass: 8626K(8832K)->8626K(8832K) Class: 1303K(1408K)->1303K(1408K)
[195.710s][info][gc             ] GC(433) Pause Young (Normal) (G1 Evacuation Pause) 19M->5M(27M) 3.946ms
[195.710s][info][gc,cpu         ] GC(433) User=0.00s Sys=0.00s Real=0.00s
[195.759s][info][gc,start       ] GC(434) Pause Young (Normal) (G1 Evacuation Pause)
[195.760s][info][gc,task        ] GC(434) Using 2 workers of 33 for evacuation
[195.767s][info][gc,phases      ] GC(434)   Pre Evacuate Collection Set: 0.1ms
[195.767s][info][gc,phases      ] GC(434)   Merge Heap Roots: 0.1ms
[195.767s][info][gc,phases      ] GC(434)   Evacuate Collection Set: 3.5ms
[195.767s][info][gc,phases      ] GC(434)   Post Evacuate Collection Set: 3.8ms
[195.767s][info][gc,phases      ] GC(434)   Other: 0.1ms
[195.767s][info][gc,heap        ] GC(434) Eden regions: 12->0(160)
[195.767s][info][gc,heap        ] GC(434) Survivor regions: 2->2(2)
[195.767s][info][gc,heap        ] GC(434) Old regions: 9->9
[195.767s][info][gc,heap        ] GC(434) Archive regions: 0->0
[195.767s][info][gc,heap        ] GC(434) Humongous regions: 0->0
[195.767s][info][gc,metaspace   ] GC(434) Metaspace: 9930K(10240K)->9930K(10240K) NonClass: 8626K(8832K)->8626K(8832K) Class: 1303K(1408K)->1303K(1408K)
[195.767s][info][gc             ] GC(434) Pause Young (Normal) (G1 Evacuation Pause) 17M->5M(270M) 8.011ms
[195.767s][info][gc,cpu         ] GC(434) User=0.00s Sys=0.00s Real=0.00s
[196.498s][info][gc,start       ] GC(435) Pause Young (Normal) (G1 Evacuation Pause)
[196.498s][info][gc,task        ] GC(435) Using 6 workers of 33 for evacuation
[196.500s][info][gc,phases      ] GC(435)   Pre Evacuate Collection Set: 0.1ms
[196.500s][info][gc,phases      ] GC(435)   Merge Heap Roots: 0.1ms
[196.500s][info][gc,phases      ] GC(435)   Evacuate Collection Set: 1.6ms
[196.500s][info][gc,phases      ] GC(435)   Post Evacuate Collection Set: 0.3ms
[196.500s][info][gc,phases      ] GC(435)   Other: 0.1ms
[196.500s][info][gc,heap        ] GC(435) Eden regions: 160->0(160)
[196.500s][info][gc,heap        ] GC(435) Survivor regions: 2->2(21)
[196.500s][info][gc,heap        ] GC(435) Old regions: 9->9
[196.500s][info][gc,heap        ] GC(435) Archive regions: 0->0
[196.500s][info][gc,heap        ] GC(435) Humongous regions: 0->0
[196.500s][info][gc,metaspace   ] GC(435) Metaspace: 9930K(10240K)->9930K(10240K) NonClass: 8626K(8832K)->8626K(8832K) Class: 1303K(1408K)->1303K(1408K)
[196.500s][info][gc             ] GC(435) Pause Young (Normal) (G1 Evacuation Pause) 165M->5M(270M) 2.826ms
[196.501s][info][gc,cpu         ] GC(435) User=0.00s Sys=0.00s Real=0.00s
[197.206s][info][gc,start       ] GC(436) Pause Young (Normal) (G1 Evacuation Pause)
[197.206s][info][gc,task        ] GC(436) Using 6 workers of 33 for evacuation
[197.208s][info][gc,phases      ] GC(436)   Pre Evacuate Collection Set: 0.1ms
[197.208s][info][gc,phases      ] GC(436)   Merge Heap Roots: 0.1ms
[197.208s][info][gc,phases      ] GC(436)   Evacuate Collection Set: 1.6ms
[197.209s][info][gc,phases      ] GC(436)   Post Evacuate Collection Set: 0.3ms
[197.209s][info][gc,phases      ] GC(436)   Other: 0.1ms
[197.209s][info][gc,heap        ] GC(436) Eden regions: 160->0(160)
[197.209s][info][gc,heap        ] GC(436) Survivor regions: 2->2(21)
[197.209s][info][gc,heap        ] GC(436) Old regions: 9->9
[197.209s][info][gc,heap        ] GC(436) Archive regions: 0->0
[197.209s][info][gc,heap        ] GC(436) Humongous regions: 0->0
[197.209s][info][gc,metaspace   ] GC(436) Metaspace: 9930K(10240K)->9930K(10240K) NonClass: 8626K(8832K)->8626K(8832K) Class: 1303K(1408K)->1303K(1408K)
[197.209s][info][gc             ] GC(436) Pause Young (Normal) (G1 Evacuation Pause) 165M->5M(270M) 2.943ms
[197.209s][info][gc,cpu         ] GC(436) User=0.00s Sys=0.00s Real=0.00s
[197.921s][info][gc,start       ] GC(437) Pause Young (Normal) (G1 Evacuation Pause)
[197.921s][info][gc,task        ] GC(437) Using 6 workers of 33 for evacuation
[197.923s][info][gc,phases      ] GC(437)   Pre Evacuate Collection Set: 0.1ms
[197.923s][info][gc,phases      ] GC(437)   Merge Heap Roots: 0.1ms
[197.923s][info][gc,phases      ] GC(437)   Evacuate Collection Set: 1.3ms
[197.923s][info][gc,phases      ] GC(437)   Post Evacuate Collection Set: 0.4ms
[197.923s][info][gc,phases      ] GC(437)   Other: 0.1ms
[197.923s][info][gc,heap        ] GC(437) Eden regions: 160->0(160)
[197.923s][info][gc,heap        ] GC(437) Survivor regions: 2->2(21)
[197.923s][info][gc,heap        ] GC(437) Old regions: 9->9
[197.923s][info][gc,heap        ] GC(437) Archive regions: 0->0
[197.923s][info][gc,heap        ] GC(437) Humongous regions: 0->0
[197.924s][info][gc,metaspace   ] GC(437) Metaspace: 9930K(10240K)->9930K(10240K) NonClass: 8626K(8832K)->8626K(8832K) Class: 1303K(1408K)->1303K(1408K)
[197.924s][info][gc             ] GC(437) Pause Young (Normal) (G1 Evacuation Pause) 165M->5M(270M) 2.576ms
[197.924s][info][gc,cpu         ] GC(437) User=0.00s Sys=0.00s Real=0.00s
[198.635s][info][gc,start       ] GC(438) Pause Young (Normal) (G1 Evacuation Pause)
[198.635s][info][gc,task        ] GC(438) Using 6 workers of 33 for evacuation
[198.637s][info][gc,phases      ] GC(438)   Pre Evacuate Collection Set: 0.1ms
[198.637s][info][gc,phases      ] GC(438)   Merge Heap Roots: 0.1ms
[198.637s][info][gc,phases      ] GC(438)   Evacuate Collection Set: 1.4ms
[198.637s][info][gc,phases      ] GC(438)   Post Evacuate Collection Set: 0.4ms
[198.637s][info][gc,phases      ] GC(438)   Other: 0.1ms
[198.637s][info][gc,heap        ] GC(438) Eden regions: 160->0(160)
[198.637s][info][gc,heap        ] GC(438) Survivor regions: 2->2(21)
[198.637s][info][gc,heap        ] GC(438) Old regions: 9->9
[198.637s][info][gc,heap        ] GC(438) Archive regions: 0->0
[198.637s][info][gc,heap        ] GC(438) Humongous regions: 0->0
[198.637s][info][gc,metaspace   ] GC(438) Metaspace: 9930K(10240K)->9930K(10240K) NonClass: 8626K(8832K)->8626K(8832K) Class: 1303K(1408K)->1303K(1408K)
[198.637s][info][gc             ] GC(438) Pause Young (Normal) (G1 Evacuation Pause) 165M->5M(270M) 2.662ms
[198.637s][info][gc,cpu         ] GC(438) User=0.00s Sys=0.00s Real=0.00s
[199.347s][info][gc,start       ] GC(439) Pause Young (Normal) (G1 Evacuation Pause)
[199.347s][info][gc,task        ] GC(439) Using 6 workers of 33 for evacuation
[199.349s][info][gc,phases      ] GC(439)   Pre Evacuate Collection Set: 0.1ms
[199.349s][info][gc,phases      ] GC(439)   Merge Heap Roots: 0.1ms
[199.349s][info][gc,phases      ] GC(439)   Evacuate Collection Set: 1.3ms
[199.349s][info][gc,phases      ] GC(439)   Post Evacuate Collection Set: 0.3ms
[199.349s][info][gc,phases      ] GC(439)   Other: 0.1ms
[199.349s][info][gc,heap        ] GC(439) Eden regions: 160->0(160)
[199.349s][info][gc,heap        ] GC(439) Survivor regions: 2->2(21)
[199.349s][info][gc,heap        ] GC(439) Old regions: 9->9
[199.349s][info][gc,heap        ] GC(439) Archive regions: 0->0
[199.349s][info][gc,heap        ] GC(439) Humongous regions: 0->0
[199.349s][info][gc,metaspace   ] GC(439) Metaspace: 9930K(10240K)->9930K(10240K) NonClass: 8626K(8832K)->8626K(8832K) Class: 1303K(1408K)->1303K(1408K)
[199.349s][info][gc             ] GC(439) Pause Young (Normal) (G1 Evacuation Pause) 165M->5M(270M) 2.517ms
[199.349s][info][gc,cpu         ] GC(439) User=0.00s Sys=0.00s Real=0.00s
[200.045s][info][gc,start       ] GC(440) Pause Young (Normal) (G1 Evacuation Pause)
[200.045s][info][gc,task        ] GC(440) Using 6 workers of 33 for evacuation
[200.047s][info][gc,phases      ] GC(440)   Pre Evacuate Collection Set: 0.1ms
[200.047s][info][gc,phases      ] GC(440)   Merge Heap Roots: 0.1ms
[200.047s][info][gc,phases      ] GC(440)   Evacuate Collection Set: 1.5ms
[200.047s][info][gc,phases      ] GC(440)   Post Evacuate Collection Set: 0.3ms
[200.047s][info][gc,phases      ] GC(440)   Other: 0.1ms
[200.047s][info][gc,heap        ] GC(440) Eden regions: 160->0(160)
[200.047s][info][gc,heap        ] GC(440) Survivor regions: 2->2(21)
[200.047s][info][gc,heap        ] GC(440) Old regions: 9->9
[200.047s][info][gc,heap        ] GC(440) Archive regions: 0->0
[200.047s][info][gc,heap        ] GC(440) Humongous regions: 0->0
[200.047s][info][gc,metaspace   ] GC(440) Metaspace: 9930K(10240K)->9930K(10240K) NonClass: 8626K(8832K)->8626K(8832K) Class: 1303K(1408K)->1303K(1408K)
[200.047s][info][gc             ] GC(440) Pause Young (Normal) (G1 Evacuation Pause) 165M->5M(270M) 2.695ms
[200.047s][info][gc,cpu         ] GC(440) User=0.00s Sys=0.00s Real=0.00s
[200.755s][info][gc,start       ] GC(441) Pause Young (Normal) (G1 Evacuation Pause)
[200.755s][info][gc,task        ] GC(441) Using 6 workers of 33 for evacuation
[200.757s][info][gc,phases      ] GC(441)   Pre Evacuate Collection Set: 0.1ms
[200.757s][info][gc,phases      ] GC(441)   Merge Heap Roots: 0.1ms
[200.757s][info][gc,phases      ] GC(441)   Evacuate Collection Set: 1.4ms
[200.757s][info][gc,phases      ] GC(441)   Post Evacuate Collection Set: 0.3ms
[200.757s][info][gc,phases      ] GC(441)   Other: 0.1ms
[200.757s][info][gc,heap        ] GC(441) Eden regions: 160->0(160)
[200.757s][info][gc,heap        ] GC(441) Survivor regions: 2->2(21)
[200.757s][info][gc,heap        ] GC(441) Old regions: 9->9
[200.757s][info][gc,heap        ] GC(441) Archive regions: 0->0
[200.757s][info][gc,heap        ] GC(441) Humongous regions: 0->0
[200.757s][info][gc,metaspace   ] GC(441) Metaspace: 9930K(10240K)->9930K(10240K) NonClass: 8626K(8832K)->8626K(8832K) Class: 1303K(1408K)->1303K(1408K)
[200.757s][info][gc             ] GC(441) Pause Young (Normal) (G1 Evacuation Pause) 165M->5M(270M) 2.613ms
[200.757s][info][gc,cpu         ] GC(441) User=0.00s Sys=0.00s Real=0.00s
[201.470s][info][gc,start       ] GC(442) Pause Young (Normal) (G1 Evacuation Pause)
[201.471s][info][gc,task        ] GC(442) Using 6 workers of 33 for evacuation
[201.473s][info][gc,phases      ] GC(442)   Pre Evacuate Collection Set: 0.1ms
[201.473s][info][gc,phases      ] GC(442)   Merge Heap Roots: 0.1ms
[201.473s][info][gc,phases      ] GC(442)   Evacuate Collection Set: 1.4ms
[201.473s][info][gc,phases      ] GC(442)   Post Evacuate Collection Set: 0.4ms
[201.473s][info][gc,phases      ] GC(442)   Other: 0.1ms
[201.473s][info][gc,heap        ] GC(442) Eden regions: 160->0(160)
[201.473s][info][gc,heap        ] GC(442) Survivor regions: 2->2(21)
[201.473s][info][gc,heap        ] GC(442) Old regions: 9->9
[201.473s][info][gc,heap        ] GC(442) Archive regions: 0->0
[201.473s][info][gc,heap        ] GC(442) Humongous regions: 0->0
[201.473s][info][gc,metaspace   ] GC(442) Metaspace: 9930K(10240K)->9930K(10240K) NonClass: 8626K(8832K)->8626K(8832K) Class: 1303K(1408K)->1303K(1408K)
[201.473s][info][gc             ] GC(442) Pause Young (Normal) (G1 Evacuation Pause) 165M->5M(270M) 2.658ms
[201.473s][info][gc,cpu         ] GC(442) User=0.09s Sys=0.00s Real=0.02s
[202.197s][info][gc,start       ] GC(443) Pause Young (Normal) (G1 Evacuation Pause)
[202.198s][info][gc,task        ] GC(443) Using 6 workers of 33 for evacuation
[202.200s][info][gc,phases      ] GC(443)   Pre Evacuate Collection Set: 0.1ms
[202.200s][info][gc,phases      ] GC(443)   Merge Heap Roots: 0.1ms
[202.200s][info][gc,phases      ] GC(443)   Evacuate Collection Set: 1.4ms
[202.200s][info][gc,phases      ] GC(443)   Post Evacuate Collection Set: 0.4ms
[202.200s][info][gc,phases      ] GC(443)   Other: 0.1ms
[202.200s][info][gc,heap        ] GC(443) Eden regions: 160->0(160)
[202.200s][info][gc,heap        ] GC(443) Survivor regions: 2->2(21)
[202.200s][info][gc,heap        ] GC(443) Old regions: 9->9
[202.200s][info][gc,heap        ] GC(443) Archive regions: 0->0
[202.200s][info][gc,heap        ] GC(443) Humongous regions: 0->0
[202.200s][info][gc,metaspace   ] GC(443) Metaspace: 9930K(10240K)->9930K(10240K) NonClass: 8626K(8832K)->8626K(8832K) Class: 1303K(1408K)->1303K(1408K)
[202.200s][info][gc             ] GC(443) Pause Young (Normal) (G1 Evacuation Pause) 165M->5M(270M) 2.716ms
[202.200s][info][gc,cpu         ] GC(443) User=0.00s Sys=0.00s Real=0.00s
[202.573s][info][gc,start       ] GC(444) Pause Full (System.gc())
[202.574s][info][gc,task        ] GC(444) Using 6 workers of 33 for full compaction
[202.574s][info][gc,phases,start] GC(444) Phase 1: Mark live objects
[202.580s][info][gc,phases      ] GC(444) Phase 1: Mark live objects 5.586ms
[202.580s][info][gc,phases,start] GC(444) Phase 2: Prepare compaction
[202.581s][info][gc,phases      ] GC(444) Phase 2: Prepare compaction 1.236ms
[202.581s][info][gc,phases,start] GC(444) Phase 3: Adjust pointers
[202.585s][info][gc,phases      ] GC(444) Phase 3: Adjust pointers 3.912ms
[202.585s][info][gc,phases,start] GC(444) Phase 4: Compact heap
[202.585s][info][gc,phases      ] GC(444) Phase 4: Compact heap 0.577ms
[202.591s][info][gc,heap        ] GC(444) Eden regions: 86->0(16)
[202.591s][info][gc,heap        ] GC(444) Survivor regions: 2->0(21)
[202.591s][info][gc,heap        ] GC(444) Old regions: 9->8
[202.591s][info][gc,heap        ] GC(444) Archive regions: 0->0
[202.591s][info][gc,heap        ] GC(444) Humongous regions: 0->0
[202.591s][info][gc,metaspace   ] GC(444) Metaspace: 9930K(10240K)->9930K(10240K) NonClass: 8626K(8832K)->8626K(8832K) Class: 1303K(1408K)->1303K(1408K)
[202.591s][info][gc             ] GC(444) Pause Full (System.gc()) 90M->3M(27M) 17.467ms
[202.591s][info][gc,cpu         ] GC(444) User=0.09s Sys=0.00s Real=0.02s
[202.657s][info][gc,start       ] GC(445) Pause Young (Normal) (G1 Evacuation Pause)
[202.657s][info][gc,task        ] GC(445) Using 4 workers of 33 for evacuation
[202.659s][info][gc,phases      ] GC(445)   Pre Evacuate Collection Set: 0.1ms
[202.659s][info][gc,phases      ] GC(445)   Merge Heap Roots: 0.1ms
[202.659s][info][gc,phases      ] GC(445)   Evacuate Collection Set: 1.9ms
[202.659s][info][gc,phases      ] GC(445)   Post Evacuate Collection Set: 0.2ms
[202.659s][info][gc,phases      ] GC(445)   Other: 0.1ms
[202.660s][info][gc,heap        ] GC(445) Eden regions: 16->0(13)
[202.660s][info][gc,heap        ] GC(445) Survivor regions: 0->2(2)
[202.660s][info][gc,heap        ] GC(445) Old regions: 8->8
[202.660s][info][gc,heap        ] GC(445) Archive regions: 0->0
[202.660s][info][gc,heap        ] GC(445) Humongous regions: 0->0
[202.660s][info][gc,metaspace   ] GC(445) Metaspace: 9930K(10240K)->9930K(10240K) NonClass: 8626K(8832K)->8626K(8832K) Class: 1303K(1408K)->1303K(1408K)
[202.660s][info][gc             ] GC(445) Pause Young (Normal) (G1 Evacuation Pause) 19M->5M(27M) 2.928ms
[202.660s][info][gc,cpu         ] GC(445) User=0.06s Sys=0.00s Real=0.01s
[202.716s][info][gc,start       ] GC(446) Pause Young (Normal) (G1 Evacuation Pause)
[202.724s][info][gc,task        ] GC(446) Using 3 workers of 33 for evacuation
[202.727s][info][gc,phases      ] GC(446)   Pre Evacuate Collection Set: 0.1ms
[202.727s][info][gc,phases      ] GC(446)   Merge Heap Roots: 0.1ms
[202.727s][info][gc,phases      ] GC(446)   Evacuate Collection Set: 2.5ms
[202.727s][info][gc,phases      ] GC(446)   Post Evacuate Collection Set: 0.2ms
[202.727s][info][gc,phases      ] GC(446)   Other: 0.1ms
[202.727s][info][gc,heap        ] GC(446) Eden regions: 13->0(14)
[202.727s][info][gc,heap        ] GC(446) Survivor regions: 2->1(2)
[202.727s][info][gc,heap        ] GC(446) Old regions: 8->9
[202.727s][info][gc,heap        ] GC(446) Archive regions: 0->0
[202.727s][info][gc,heap        ] GC(446) Humongous regions: 0->0
[202.727s][info][gc,metaspace   ] GC(446) Metaspace: 9930K(10240K)->9930K(10240K) NonClass: 8626K(8832K)->8626K(8832K) Class: 1303K(1408K)->1303K(1408K)
[202.727s][info][gc             ] GC(446) Pause Young (Normal) (G1 Evacuation Pause) 18M->5M(27M) 11.078ms
[202.727s][info][gc,cpu         ] GC(446) User=0.00s Sys=0.00s Real=0.02s
[202.785s][info][gc,start       ] GC(447) Pause Young (Normal) (G1 Evacuation Pause)
[202.785s][info][gc,task        ] GC(447) Using 2 workers of 33 for evacuation
[202.787s][info][gc,phases      ] GC(447)   Pre Evacuate Collection Set: 0.1ms
[202.787s][info][gc,phases      ] GC(447)   Merge Heap Roots: 0.0ms
[202.787s][info][gc,phases      ] GC(447)   Evacuate Collection Set: 1.6ms
[202.787s][info][gc,phases      ] GC(447)   Post Evacuate Collection Set: 0.2ms
[202.787s][info][gc,phases      ] GC(447)   Other: 0.1ms
[202.787s][info][gc,heap        ] GC(447) Eden regions: 14->0(14)
[202.787s][info][gc,heap        ] GC(447) Survivor regions: 1->1(2)
[202.787s][info][gc,heap        ] GC(447) Old regions: 9->9
[202.787s][info][gc,heap        ] GC(447) Archive regions: 0->0
[202.787s][info][gc,heap        ] GC(447) Humongous regions: 0->0
[202.787s][info][gc,metaspace   ] GC(447) Metaspace: 9930K(10240K)->9930K(10240K) NonClass: 8626K(8832K)->8626K(8832K) Class: 1303K(1408K)->1303K(1408K)
[202.788s][info][gc             ] GC(447) Pause Young (Normal) (G1 Evacuation Pause) 19M->5M(27M) 2.520ms
[202.788s][info][gc,cpu         ] GC(447) User=0.00s Sys=0.00s Real=0.00s
[202.843s][info][gc,start       ] GC(448) Pause Young (Normal) (G1 Evacuation Pause)
[202.843s][info][gc,task        ] GC(448) Using 2 workers of 33 for evacuation
[202.847s][info][gc,phases      ] GC(448)   Pre Evacuate Collection Set: 0.1ms
[202.847s][info][gc,phases      ] GC(448)   Merge Heap Roots: 0.0ms
[202.847s][info][gc,phases      ] GC(448)   Evacuate Collection Set: 3.6ms
[202.847s][info][gc,phases      ] GC(448)   Post Evacuate Collection Set: 0.2ms
[202.847s][info][gc,phases      ] GC(448)   Other: 0.1ms
[202.847s][info][gc,heap        ] GC(448) Eden regions: 14->0(12)
[202.847s][info][gc,heap        ] GC(448) Survivor regions: 1->2(2)
[202.847s][info][gc,heap        ] GC(448) Old regions: 9->9
[202.847s][info][gc,heap        ] GC(448) Archive regions: 0->0
[202.847s][info][gc,heap        ] GC(448) Humongous regions: 0->0
[202.847s][info][gc,metaspace   ] GC(448) Metaspace: 9930K(10240K)->9930K(10240K) NonClass: 8626K(8832K)->8626K(8832K) Class: 1303K(1408K)->1303K(1408K)
[202.847s][info][gc             ] GC(448) Pause Young (Normal) (G1 Evacuation Pause) 19M->5M(27M) 4.498ms
[202.847s][info][gc,cpu         ] GC(448) User=0.03s Sys=0.00s Real=0.02s
[202.897s][info][gc,start       ] GC(449) Pause Young (Normal) (G1 Evacuation Pause)
[202.897s][info][gc,task        ] GC(449) Using 2 workers of 33 for evacuation
[202.901s][info][gc,phases      ] GC(449)   Pre Evacuate Collection Set: 0.1ms
[202.901s][info][gc,phases      ] GC(449)   Merge Heap Roots: 0.0ms
[202.901s][info][gc,phases      ] GC(449)   Evacuate Collection Set: 3.5ms
[202.901s][info][gc,phases      ] GC(449)   Post Evacuate Collection Set: 0.2ms
[202.901s][info][gc,phases      ] GC(449)   Other: 0.1ms
[202.901s][info][gc,heap        ] GC(449) Eden regions: 12->0(12)
[202.901s][info][gc,heap        ] GC(449) Survivor regions: 2->2(2)
[202.901s][info][gc,heap        ] GC(449) Old regions: 9->9
[202.901s][info][gc,heap        ] GC(449) Archive regions: 0->0
[202.901s][info][gc,heap        ] GC(449) Humongous regions: 0->0
[202.901s][info][gc,metaspace   ] GC(449) Metaspace: 9930K(10240K)->9930K(10240K) NonClass: 8626K(8832K)->8626K(8832K) Class: 1303K(1408K)->1303K(1408K)
[202.901s][info][gc             ] GC(449) Pause Young (Normal) (G1 Evacuation Pause) 17M->5M(27M) 4.401ms
[202.902s][info][gc,cpu         ] GC(449) User=0.00s Sys=0.00s Real=0.00s
[202.951s][info][gc,start       ] GC(450) Pause Young (Normal) (G1 Evacuation Pause)
[202.951s][info][gc,task        ] GC(450) Using 2 workers of 33 for evacuation
[202.958s][info][gc,phases      ] GC(450)   Pre Evacuate Collection Set: 0.1ms
[202.958s][info][gc,phases      ] GC(450)   Merge Heap Roots: 0.0ms
[202.958s][info][gc,phases      ] GC(450)   Evacuate Collection Set: 2.8ms
[202.958s][info][gc,phases      ] GC(450)   Post Evacuate Collection Set: 3.9ms
[202.958s][info][gc,phases      ] GC(450)   Other: 0.1ms
[202.958s][info][gc,heap        ] GC(450) Eden regions: 12->0(161)
[202.958s][info][gc,heap        ] GC(450) Survivor regions: 2->1(2)
[202.958s][info][gc,heap        ] GC(450) Old regions: 9->9
[202.958s][info][gc,heap        ] GC(450) Archive regions: 0->0
[202.958s][info][gc,heap        ] GC(450) Humongous regions: 0->0
[202.958s][info][gc,metaspace   ] GC(450) Metaspace: 9930K(10240K)->9930K(10240K) NonClass: 8626K(8832K)->8626K(8832K) Class: 1303K(1408K)->1303K(1408K)
[202.958s][info][gc             ] GC(450) Pause Young (Normal) (G1 Evacuation Pause) 17M->5M(270M) 7.447ms
[202.958s][info][gc,cpu         ] GC(450) User=0.02s Sys=0.00s Real=0.02s
[203.712s][info][gc,start       ] GC(451) Pause Young (Normal) (G1 Evacuation Pause)
[203.712s][info][gc,task        ] GC(451) Using 6 workers of 33 for evacuation
[203.714s][info][gc,phases      ] GC(451)   Pre Evacuate Collection Set: 0.1ms
[203.714s][info][gc,phases      ] GC(451)   Merge Heap Roots: 0.1ms
[203.715s][info][gc,phases      ] GC(451)   Evacuate Collection Set: 1.5ms
[203.715s][info][gc,phases      ] GC(451)   Post Evacuate Collection Set: 0.3ms
[203.715s][info][gc,phases      ] GC(451)   Other: 0.1ms
[203.715s][info][gc,heap        ] GC(451) Eden regions: 161->0(160)
[203.715s][info][gc,heap        ] GC(451) Survivor regions: 1->2(21)
[203.715s][info][gc,heap        ] GC(451) Old regions: 9->9
[203.715s][info][gc,heap        ] GC(451) Archive regions: 0->0
[203.715s][info][gc,heap        ] GC(451) Humongous regions: 0->0
[203.715s][info][gc,metaspace   ] GC(451) Metaspace: 9930K(10240K)->9930K(10240K) NonClass: 8626K(8832K)->8626K(8832K) Class: 1303K(1408K)->1303K(1408K)
[203.715s][info][gc             ] GC(451) Pause Young (Normal) (G1 Evacuation Pause) 166M->5M(270M) 2.693ms
[203.715s][info][gc,cpu         ] GC(451) User=0.00s Sys=0.00s Real=0.00s
[204.417s][info][gc,start       ] GC(452) Pause Young (Normal) (G1 Evacuation Pause)
[204.417s][info][gc,task        ] GC(452) Using 6 workers of 33 for evacuation
[204.419s][info][gc,phases      ] GC(452)   Pre Evacuate Collection Set: 0.1ms
[204.419s][info][gc,phases      ] GC(452)   Merge Heap Roots: 0.1ms
[204.419s][info][gc,phases      ] GC(452)   Evacuate Collection Set: 1.2ms
[204.419s][info][gc,phases      ] GC(452)   Post Evacuate Collection Set: 0.3ms
[204.419s][info][gc,phases      ] GC(452)   Other: 0.1ms
[204.419s][info][gc,heap        ] GC(452) Eden regions: 160->0(160)
[204.419s][info][gc,heap        ] GC(452) Survivor regions: 2->2(21)
[204.419s][info][gc,heap        ] GC(452) Old regions: 9->9
[204.419s][info][gc,heap        ] GC(452) Archive regions: 0->0
[204.419s][info][gc,heap        ] GC(452) Humongous regions: 0->0
[204.419s][info][gc,metaspace   ] GC(452) Metaspace: 9930K(10240K)->9930K(10240K) NonClass: 8626K(8832K)->8626K(8832K) Class: 1303K(1408K)->1303K(1408K)
[204.419s][info][gc             ] GC(452) Pause Young (Normal) (G1 Evacuation Pause) 165M->5M(270M) 2.456ms
[204.419s][info][gc,cpu         ] GC(452) User=0.00s Sys=0.00s Real=0.00s
[205.127s][info][gc,start       ] GC(453) Pause Young (Normal) (G1 Evacuation Pause)
[205.127s][info][gc,task        ] GC(453) Using 6 workers of 33 for evacuation
[205.128s][info][gc,phases      ] GC(453)   Pre Evacuate Collection Set: 0.1ms
[205.129s][info][gc,phases      ] GC(453)   Merge Heap Roots: 0.1ms
[205.129s][info][gc,phases      ] GC(453)   Evacuate Collection Set: 1.1ms
[205.129s][info][gc,phases      ] GC(453)   Post Evacuate Collection Set: 0.3ms
[205.129s][info][gc,phases      ] GC(453)   Other: 0.1ms
[205.129s][info][gc,heap        ] GC(453) Eden regions: 160->0(160)
[205.129s][info][gc,heap        ] GC(453) Survivor regions: 2->2(21)
[205.129s][info][gc,heap        ] GC(453) Old regions: 9->9
[205.129s][info][gc,heap        ] GC(453) Archive regions: 0->0
[205.129s][info][gc,heap        ] GC(453) Humongous regions: 0->0
[205.129s][info][gc,metaspace   ] GC(453) Metaspace: 9930K(10240K)->9930K(10240K) NonClass: 8626K(8832K)->8626K(8832K) Class: 1303K(1408K)->1303K(1408K)
[205.129s][info][gc             ] GC(453) Pause Young (Normal) (G1 Evacuation Pause) 165M->5M(270M) 2.304ms
[205.129s][info][gc,cpu         ] GC(453) User=0.00s Sys=0.00s Real=0.00s
[205.825s][info][gc,start       ] GC(454) Pause Young (Normal) (G1 Evacuation Pause)
[205.825s][info][gc,task        ] GC(454) Using 6 workers of 33 for evacuation
[205.827s][info][gc,phases      ] GC(454)   Pre Evacuate Collection Set: 0.1ms
[205.827s][info][gc,phases      ] GC(454)   Merge Heap Roots: 0.1ms
[205.827s][info][gc,phases      ] GC(454)   Evacuate Collection Set: 1.4ms
[205.827s][info][gc,phases      ] GC(454)   Post Evacuate Collection Set: 0.4ms
[205.827s][info][gc,phases      ] GC(454)   Other: 0.1ms
[205.827s][info][gc,heap        ] GC(454) Eden regions: 160->0(160)
[205.827s][info][gc,heap        ] GC(454) Survivor regions: 2->2(21)
[205.827s][info][gc,heap        ] GC(454) Old regions: 9->9
[205.827s][info][gc,heap        ] GC(454) Archive regions: 0->0
[205.827s][info][gc,heap        ] GC(454) Humongous regions: 0->0
[205.827s][info][gc,metaspace   ] GC(454) Metaspace: 9930K(10240K)->9930K(10240K) NonClass: 8626K(8832K)->8626K(8832K) Class: 1303K(1408K)->1303K(1408K)
[205.827s][info][gc             ] GC(454) Pause Young (Normal) (G1 Evacuation Pause) 165M->5M(270M) 2.655ms
[205.827s][info][gc,cpu         ] GC(454) User=0.00s Sys=0.00s Real=0.00s
[206.520s][info][gc,start       ] GC(455) Pause Young (Normal) (G1 Evacuation Pause)
[206.520s][info][gc,task        ] GC(455) Using 6 workers of 33 for evacuation
[206.522s][info][gc,phases      ] GC(455)   Pre Evacuate Collection Set: 0.1ms
[206.522s][info][gc,phases      ] GC(455)   Merge Heap Roots: 0.1ms
[206.522s][info][gc,phases      ] GC(455)   Evacuate Collection Set: 1.3ms
[206.522s][info][gc,phases      ] GC(455)   Post Evacuate Collection Set: 0.4ms
[206.522s][info][gc,phases      ] GC(455)   Other: 0.1ms
[206.522s][info][gc,heap        ] GC(455) Eden regions: 160->0(160)
[206.522s][info][gc,heap        ] GC(455) Survivor regions: 2->2(21)
[206.522s][info][gc,heap        ] GC(455) Old regions: 9->9
[206.522s][info][gc,heap        ] GC(455) Archive regions: 0->0
[206.522s][info][gc,heap        ] GC(455) Humongous regions: 0->0
[206.522s][info][gc,metaspace   ] GC(455) Metaspace: 9930K(10240K)->9930K(10240K) NonClass: 8626K(8832K)->8626K(8832K) Class: 1303K(1408K)->1303K(1408K)
[206.522s][info][gc             ] GC(455) Pause Young (Normal) (G1 Evacuation Pause) 165M->5M(270M) 2.565ms
[206.522s][info][gc,cpu         ] GC(455) User=0.00s Sys=0.00s Real=0.00s
[207.228s][info][gc,start       ] GC(456) Pause Young (Normal) (G1 Evacuation Pause)
[207.229s][info][gc,task        ] GC(456) Using 6 workers of 33 for evacuation
[207.231s][info][gc,phases      ] GC(456)   Pre Evacuate Collection Set: 0.1ms
[207.231s][info][gc,phases      ] GC(456)   Merge Heap Roots: 0.1ms
[207.231s][info][gc,phases      ] GC(456)   Evacuate Collection Set: 1.4ms
[207.231s][info][gc,phases      ] GC(456)   Post Evacuate Collection Set: 0.3ms
[207.231s][info][gc,phases      ] GC(456)   Other: 0.1ms
[207.231s][info][gc,heap        ] GC(456) Eden regions: 160->0(160)
[207.231s][info][gc,heap        ] GC(456) Survivor regions: 2->2(21)
[207.231s][info][gc,heap        ] GC(456) Old regions: 9->9
[207.231s][info][gc,heap        ] GC(456) Archive regions: 0->0
[207.231s][info][gc,heap        ] GC(456) Humongous regions: 0->0
[207.231s][info][gc,metaspace   ] GC(456) Metaspace: 9930K(10240K)->9930K(10240K) NonClass: 8626K(8832K)->8626K(8832K) Class: 1303K(1408K)->1303K(1408K)
[207.231s][info][gc             ] GC(456) Pause Young (Normal) (G1 Evacuation Pause) 165M->5M(270M) 2.573ms
[207.231s][info][gc,cpu         ] GC(456) User=0.00s Sys=0.00s Real=0.00s
[207.933s][info][gc,start       ] GC(457) Pause Young (Normal) (G1 Evacuation Pause)
[207.934s][info][gc,task        ] GC(457) Using 6 workers of 33 for evacuation
[207.936s][info][gc,phases      ] GC(457)   Pre Evacuate Collection Set: 0.1ms
[207.936s][info][gc,phases      ] GC(457)   Merge Heap Roots: 0.1ms
[207.936s][info][gc,phases      ] GC(457)   Evacuate Collection Set: 1.3ms
[207.936s][info][gc,phases      ] GC(457)   Post Evacuate Collection Set: 0.3ms
[207.936s][info][gc,phases      ] GC(457)   Other: 0.1ms
[207.936s][info][gc,heap        ] GC(457) Eden regions: 160->0(160)
[207.936s][info][gc,heap        ] GC(457) Survivor regions: 2->2(21)
[207.936s][info][gc,heap        ] GC(457) Old regions: 9->9
[207.936s][info][gc,heap        ] GC(457) Archive regions: 0->0
[207.936s][info][gc,heap        ] GC(457) Humongous regions: 0->0
[207.936s][info][gc,metaspace   ] GC(457) Metaspace: 9930K(10240K)->9930K(10240K) NonClass: 8626K(8832K)->8626K(8832K) Class: 1303K(1408K)->1303K(1408K)
[207.936s][info][gc             ] GC(457) Pause Young (Normal) (G1 Evacuation Pause) 165M->5M(270M) 2.571ms
[207.936s][info][gc,cpu         ] GC(457) User=0.00s Sys=0.00s Real=0.00s
[208.641s][info][gc,start       ] GC(458) Pause Young (Normal) (G1 Evacuation Pause)
[208.641s][info][gc,task        ] GC(458) Using 6 workers of 33 for evacuation
[208.643s][info][gc,phases      ] GC(458)   Pre Evacuate Collection Set: 0.1ms
[208.643s][info][gc,phases      ] GC(458)   Merge Heap Roots: 0.1ms
[208.643s][info][gc,phases      ] GC(458)   Evacuate Collection Set: 1.4ms
[208.643s][info][gc,phases      ] GC(458)   Post Evacuate Collection Set: 0.4ms
[208.643s][info][gc,phases      ] GC(458)   Other: 0.1ms
[208.643s][info][gc,heap        ] GC(458) Eden regions: 160->0(160)
[208.643s][info][gc,heap        ] GC(458) Survivor regions: 2->2(21)
[208.643s][info][gc,heap        ] GC(458) Old regions: 9->9
[208.643s][info][gc,heap        ] GC(458) Archive regions: 0->0
[208.643s][info][gc,heap        ] GC(458) Humongous regions: 0->0
[208.643s][info][gc,metaspace   ] GC(458) Metaspace: 9930K(10240K)->9930K(10240K) NonClass: 8626K(8832K)->8626K(8832K) Class: 1303K(1408K)->1303K(1408K)
[208.643s][info][gc             ] GC(458) Pause Young (Normal) (G1 Evacuation Pause) 165M->5M(270M) 2.626ms
[208.643s][info][gc,cpu         ] GC(458) User=0.00s Sys=0.00s Real=0.00s
[209.338s][info][gc,start       ] GC(459) Pause Young (Normal) (G1 Evacuation Pause)
[209.338s][info][gc,task        ] GC(459) Using 6 workers of 33 for evacuation
[209.340s][info][gc,phases      ] GC(459)   Pre Evacuate Collection Set: 0.1ms
[209.340s][info][gc,phases      ] GC(459)   Merge Heap Roots: 0.1ms
[209.340s][info][gc,phases      ] GC(459)   Evacuate Collection Set: 1.3ms
[209.340s][info][gc,phases      ] GC(459)   Post Evacuate Collection Set: 0.3ms
[209.340s][info][gc,phases      ] GC(459)   Other: 0.1ms
[209.340s][info][gc,heap        ] GC(459) Eden regions: 160->0(160)
[209.340s][info][gc,heap        ] GC(459) Survivor regions: 2->2(21)
[209.340s][info][gc,heap        ] GC(459) Old regions: 9->9
[209.340s][info][gc,heap        ] GC(459) Archive regions: 0->0
[209.340s][info][gc,heap        ] GC(459) Humongous regions: 0->0
[209.340s][info][gc,metaspace   ] GC(459) Metaspace: 9930K(10240K)->9930K(10240K) NonClass: 8626K(8832K)->8626K(8832K) Class: 1303K(1408K)->1303K(1408K)
[209.340s][info][gc             ] GC(459) Pause Young (Normal) (G1 Evacuation Pause) 165M->5M(270M) 2.344ms
[209.340s][info][gc,cpu         ] GC(459) User=0.00s Sys=0.00s Real=0.00s
[209.717s][info][gc,start       ] GC(460) Pause Full (System.gc())
[209.717s][info][gc,task        ] GC(460) Using 6 workers of 33 for full compaction
[209.718s][info][gc,phases,start] GC(460) Phase 1: Mark live objects
[209.723s][info][gc,phases      ] GC(460) Phase 1: Mark live objects 5.480ms
[209.723s][info][gc,phases,start] GC(460) Phase 2: Prepare compaction
[209.724s][info][gc,phases      ] GC(460) Phase 2: Prepare compaction 1.194ms
[209.724s][info][gc,phases,start] GC(460) Phase 3: Adjust pointers
[209.728s][info][gc,phases      ] GC(460) Phase 3: Adjust pointers 3.874ms
[209.728s][info][gc,phases,start] GC(460) Phase 4: Compact heap
[209.729s][info][gc,phases      ] GC(460) Phase 4: Compact heap 0.532ms
[209.733s][info][gc,heap        ] GC(460) Eden regions: 86->0(16)
[209.734s][info][gc,heap        ] GC(460) Survivor regions: 2->0(21)
[209.734s][info][gc,heap        ] GC(460) Old regions: 9->8
[209.734s][info][gc,heap        ] GC(460) Archive regions: 0->0
[209.734s][info][gc,heap        ] GC(460) Humongous regions: 0->0
[209.734s][info][gc,metaspace   ] GC(460) Metaspace: 9931K(10240K)->9931K(10240K) NonClass: 8628K(8832K)->8628K(8832K) Class: 1303K(1408K)->1303K(1408K)
[209.734s][info][gc             ] GC(460) Pause Full (System.gc()) 91M->3M(27M) 16.505ms
[209.734s][info][gc,cpu         ] GC(460) User=0.11s Sys=0.00s Real=0.03s
[209.804s][info][gc,start       ] GC(461) Pause Young (Normal) (G1 Evacuation Pause)
[209.804s][info][gc,task        ] GC(461) Using 4 workers of 33 for evacuation
[209.807s][info][gc,phases      ] GC(461)   Pre Evacuate Collection Set: 0.1ms
[209.807s][info][gc,phases      ] GC(461)   Merge Heap Roots: 0.1ms
[209.807s][info][gc,phases      ] GC(461)   Evacuate Collection Set: 1.9ms
[209.807s][info][gc,phases      ] GC(461)   Post Evacuate Collection Set: 0.2ms
[209.807s][info][gc,phases      ] GC(461)   Other: 0.1ms
[209.807s][info][gc,heap        ] GC(461) Eden regions: 16->0(13)
[209.807s][info][gc,heap        ] GC(461) Survivor regions: 0->2(2)
[209.807s][info][gc,heap        ] GC(461) Old regions: 8->8
[209.807s][info][gc,heap        ] GC(461) Archive regions: 0->0
[209.807s][info][gc,heap        ] GC(461) Humongous regions: 0->0
[209.807s][info][gc,metaspace   ] GC(461) Metaspace: 9933K(10240K)->9933K(10240K) NonClass: 8630K(8832K)->8630K(8832K) Class: 1303K(1408K)->1303K(1408K)
[209.807s][info][gc             ] GC(461) Pause Young (Normal) (G1 Evacuation Pause) 19M->5M(27M) 2.938ms
[209.807s][info][gc,cpu         ] GC(461) User=0.00s Sys=0.00s Real=0.00s
[209.866s][info][gc,start       ] GC(462) Pause Young (Normal) (G1 Evacuation Pause)
[209.866s][info][gc,task        ] GC(462) Using 3 workers of 33 for evacuation
[209.869s][info][gc,phases      ] GC(462)   Pre Evacuate Collection Set: 0.1ms
[209.869s][info][gc,phases      ] GC(462)   Merge Heap Roots: 0.1ms
[209.869s][info][gc,phases      ] GC(462)   Evacuate Collection Set: 2.5ms
[209.869s][info][gc,phases      ] GC(462)   Post Evacuate Collection Set: 0.3ms
[209.869s][info][gc,phases      ] GC(462)   Other: 0.1ms
[209.869s][info][gc,heap        ] GC(462) Eden regions: 13->0(14)
[209.869s][info][gc,heap        ] GC(462) Survivor regions: 2->1(2)
[209.869s][info][gc,heap        ] GC(462) Old regions: 8->9
[209.869s][info][gc,heap        ] GC(462) Archive regions: 0->0
[209.869s][info][gc,heap        ] GC(462) Humongous regions: 0->0
[209.869s][info][gc,metaspace   ] GC(462) Metaspace: 9933K(10240K)->9933K(10240K) NonClass: 8630K(8832K)->8630K(8832K) Class: 1303K(1408K)->1303K(1408K)
[209.869s][info][gc             ] GC(462) Pause Young (Normal) (G1 Evacuation Pause) 18M->5M(27M) 3.542ms
[209.869s][info][gc,cpu         ] GC(462) User=0.00s Sys=0.00s Real=0.00s
[209.928s][info][gc,start       ] GC(463) Pause Young (Normal) (G1 Evacuation Pause)
[209.928s][info][gc,task        ] GC(463) Using 2 workers of 33 for evacuation
[209.932s][info][gc,phases      ] GC(463)   Pre Evacuate Collection Set: 0.1ms
[209.932s][info][gc,phases      ] GC(463)   Merge Heap Roots: 0.0ms
[209.932s][info][gc,phases      ] GC(463)   Evacuate Collection Set: 3.3ms
[209.932s][info][gc,phases      ] GC(463)   Post Evacuate Collection Set: 0.2ms
[209.932s][info][gc,phases      ] GC(463)   Other: 0.1ms
[209.932s][info][gc,heap        ] GC(463) Eden regions: 14->0(12)
[209.932s][info][gc,heap        ] GC(463) Survivor regions: 1->2(2)
[209.932s][info][gc,heap        ] GC(463) Old regions: 9->9
[209.932s][info][gc,heap        ] GC(463) Archive regions: 0->0
[209.932s][info][gc,heap        ] GC(463) Humongous regions: 0->0
[209.932s][info][gc,metaspace   ] GC(463) Metaspace: 9933K(10240K)->9933K(10240K) NonClass: 8630K(8832K)->8630K(8832K) Class: 1303K(1408K)->1303K(1408K)
[209.932s][info][gc             ] GC(463) Pause Young (Normal) (G1 Evacuation Pause) 19M->5M(27M) 4.242ms
[209.932s][info][gc,cpu         ] GC(463) User=0.00s Sys=0.00s Real=0.00s
[209.984s][info][gc,start       ] GC(464) Pause Young (Normal) (G1 Evacuation Pause)
[209.984s][info][gc,task        ] GC(464) Using 2 workers of 33 for evacuation
[209.988s][info][gc,phases      ] GC(464)   Pre Evacuate Collection Set: 0.1ms
[209.988s][info][gc,phases      ] GC(464)   Merge Heap Roots: 0.0ms
[209.988s][info][gc,phases      ] GC(464)   Evacuate Collection Set: 3.2ms
[209.988s][info][gc,phases      ] GC(464)   Post Evacuate Collection Set: 0.2ms
[209.988s][info][gc,phases      ] GC(464)   Other: 0.1ms
[209.988s][info][gc,heap        ] GC(464) Eden regions: 12->0(13)
[209.988s][info][gc,heap        ] GC(464) Survivor regions: 2->1(2)
[209.988s][info][gc,heap        ] GC(464) Old regions: 9->10
[209.988s][info][gc,heap        ] GC(464) Archive regions: 0->0
[209.988s][info][gc,heap        ] GC(464) Humongous regions: 0->0
[209.988s][info][gc,metaspace   ] GC(464) Metaspace: 9933K(10240K)->9933K(10240K) NonClass: 8630K(8832K)->8630K(8832K) Class: 1303K(1408K)->1303K(1408K)
[209.988s][info][gc             ] GC(464) Pause Young (Normal) (G1 Evacuation Pause) 17M->5M(27M) 4.080ms
[209.988s][info][gc,cpu         ] GC(464) User=0.00s Sys=0.00s Real=0.00s
[210.044s][info][gc,start       ] GC(465) Pause Young (Normal) (G1 Evacuation Pause)
[210.044s][info][gc,task        ] GC(465) Using 2 workers of 33 for evacuation
[210.047s][info][gc,phases      ] GC(465)   Pre Evacuate Collection Set: 0.1ms
[210.047s][info][gc,phases      ] GC(465)   Merge Heap Roots: 0.1ms
[210.047s][info][gc,phases      ] GC(465)   Evacuate Collection Set: 2.7ms
[210.047s][info][gc,phases      ] GC(465)   Post Evacuate Collection Set: 0.2ms
[210.047s][info][gc,phases      ] GC(465)   Other: 0.1ms
[210.047s][info][gc,heap        ] GC(465) Eden regions: 13->0(13)
[210.047s][info][gc,heap        ] GC(465) Survivor regions: 1->1(2)
[210.047s][info][gc,heap        ] GC(465) Old regions: 10->10
[210.047s][info][gc,heap        ] GC(465) Archive regions: 0->0
[210.047s][info][gc,heap        ] GC(465) Humongous regions: 0->0
[210.047s][info][gc,metaspace   ] GC(465) Metaspace: 9933K(10240K)->9933K(10240K) NonClass: 8630K(8832K)->8630K(8832K) Class: 1303K(1408K)->1303K(1408K)
[210.047s][info][gc             ] GC(465) Pause Young (Normal) (G1 Evacuation Pause) 18M->5M(27M) 3.699ms
[210.047s][info][gc,cpu         ] GC(465) User=0.03s Sys=0.00s Real=0.02s
[210.103s][info][gc,start       ] GC(466) Pause Young (Normal) (G1 Evacuation Pause)
[210.103s][info][gc,task        ] GC(466) Using 2 workers of 33 for evacuation
[210.110s][info][gc,phases      ] GC(466)   Pre Evacuate Collection Set: 0.1ms
[210.110s][info][gc,phases      ] GC(466)   Merge Heap Roots: 0.1ms
[210.110s][info][gc,phases      ] GC(466)   Evacuate Collection Set: 2.7ms
[210.110s][info][gc,phases      ] GC(466)   Post Evacuate Collection Set: 3.8ms
[210.110s][info][gc,phases      ] GC(466)   Other: 0.1ms
[210.110s][info][gc,heap        ] GC(466) Eden regions: 13->0(161)
[210.110s][info][gc,heap        ] GC(466) Survivor regions: 1->1(2)
[210.110s][info][gc,heap        ] GC(466) Old regions: 10->10
[210.110s][info][gc,heap        ] GC(466) Archive regions: 0->0
[210.110s][info][gc,heap        ] GC(466) Humongous regions: 0->0
[210.110s][info][gc,metaspace   ] GC(466) Metaspace: 9933K(10240K)->9933K(10240K) NonClass: 8630K(8832K)->8630K(8832K) Class: 1303K(1408K)->1303K(1408K)
[210.110s][info][gc             ] GC(466) Pause Young (Normal) (G1 Evacuation Pause) 18M->6M(270M) 7.313ms
[210.110s][info][gc,cpu         ] GC(466) User=0.00s Sys=0.02s Real=0.02s
[210.862s][info][gc,start       ] GC(467) Pause Young (Normal) (G1 Evacuation Pause)
[210.862s][info][gc,task        ] GC(467) Using 6 workers of 33 for evacuation
[210.864s][info][gc,phases      ] GC(467)   Pre Evacuate Collection Set: 0.1ms
[210.864s][info][gc,phases      ] GC(467)   Merge Heap Roots: 0.1ms
[210.864s][info][gc,phases      ] GC(467)   Evacuate Collection Set: 1.6ms
[210.864s][info][gc,phases      ] GC(467)   Post Evacuate Collection Set: 0.4ms
[210.864s][info][gc,phases      ] GC(467)   Other: 0.1ms
[210.864s][info][gc,heap        ] GC(467) Eden regions: 161->0(160)
[210.864s][info][gc,heap        ] GC(467) Survivor regions: 1->2(21)
[210.864s][info][gc,heap        ] GC(467) Old regions: 10->10
[210.864s][info][gc,heap        ] GC(467) Archive regions: 0->0
[210.864s][info][gc,heap        ] GC(467) Humongous regions: 0->0
[210.865s][info][gc,metaspace   ] GC(467) Metaspace: 9933K(10240K)->9933K(10240K) NonClass: 8630K(8832K)->8630K(8832K) Class: 1303K(1408K)->1303K(1408K)
[210.865s][info][gc             ] GC(467) Pause Young (Normal) (G1 Evacuation Pause) 167M->6M(270M) 2.864ms
[210.865s][info][gc,cpu         ] GC(467) User=0.00s Sys=0.00s Real=0.00s
[211.557s][info][gc,start       ] GC(468) Pause Young (Normal) (G1 Evacuation Pause)
[211.557s][info][gc,task        ] GC(468) Using 6 workers of 33 for evacuation
[211.559s][info][gc,phases      ] GC(468)   Pre Evacuate Collection Set: 0.1ms
[211.559s][info][gc,phases      ] GC(468)   Merge Heap Roots: 0.1ms
[211.559s][info][gc,phases      ] GC(468)   Evacuate Collection Set: 1.4ms
[211.559s][info][gc,phases      ] GC(468)   Post Evacuate Collection Set: 0.4ms
[211.559s][info][gc,phases      ] GC(468)   Other: 0.1ms
[211.559s][info][gc,heap        ] GC(468) Eden regions: 160->0(160)
[211.560s][info][gc,heap        ] GC(468) Survivor regions: 2->2(21)
[211.560s][info][gc,heap        ] GC(468) Old regions: 10->10
[211.560s][info][gc,heap        ] GC(468) Archive regions: 0->0
[211.560s][info][gc,heap        ] GC(468) Humongous regions: 0->0
[211.560s][info][gc,metaspace   ] GC(468) Metaspace: 9933K(10240K)->9933K(10240K) NonClass: 8630K(8832K)->8630K(8832K) Class: 1303K(1408K)->1303K(1408K)
[211.560s][info][gc             ] GC(468) Pause Young (Normal) (G1 Evacuation Pause) 166M->6M(270M) 2.643ms
[211.560s][info][gc,cpu         ] GC(468) User=0.00s Sys=0.00s Real=0.00s
[212.268s][info][gc,start       ] GC(469) Pause Young (Normal) (G1 Evacuation Pause)
[212.268s][info][gc,task        ] GC(469) Using 6 workers of 33 for evacuation
[212.271s][info][gc,phases      ] GC(469)   Pre Evacuate Collection Set: 0.1ms
[212.271s][info][gc,phases      ] GC(469)   Merge Heap Roots: 0.1ms
[212.271s][info][gc,phases      ] GC(469)   Evacuate Collection Set: 1.4ms
[212.271s][info][gc,phases      ] GC(469)   Post Evacuate Collection Set: 0.3ms
[212.271s][info][gc,phases      ] GC(469)   Other: 0.1ms
[212.271s][info][gc,heap        ] GC(469) Eden regions: 160->0(160)
[212.271s][info][gc,heap        ] GC(469) Survivor regions: 2->2(21)
[212.271s][info][gc,heap        ] GC(469) Old regions: 10->10
[212.271s][info][gc,heap        ] GC(469) Archive regions: 0->0
[212.271s][info][gc,heap        ] GC(469) Humongous regions: 0->0
[212.271s][info][gc,metaspace   ] GC(469) Metaspace: 9933K(10240K)->9933K(10240K) NonClass: 8630K(8832K)->8630K(8832K) Class: 1303K(1408K)->1303K(1408K)
[212.271s][info][gc             ] GC(469) Pause Young (Normal) (G1 Evacuation Pause) 166M->6M(270M) 2.630ms
[212.271s][info][gc,cpu         ] GC(469) User=0.00s Sys=0.00s Real=0.00s
[212.985s][info][gc,start       ] GC(470) Pause Young (Normal) (G1 Evacuation Pause)
[212.985s][info][gc,task        ] GC(470) Using 6 workers of 33 for evacuation
[212.987s][info][gc,phases      ] GC(470)   Pre Evacuate Collection Set: 0.1ms
[212.987s][info][gc,phases      ] GC(470)   Merge Heap Roots: 0.1ms
[212.987s][info][gc,phases      ] GC(470)   Evacuate Collection Set: 1.3ms
[212.987s][info][gc,phases      ] GC(470)   Post Evacuate Collection Set: 0.3ms
[212.987s][info][gc,phases      ] GC(470)   Other: 0.1ms
[212.987s][info][gc,heap        ] GC(470) Eden regions: 160->0(160)
[212.987s][info][gc,heap        ] GC(470) Survivor regions: 2->2(21)
[212.987s][info][gc,heap        ] GC(470) Old regions: 10->10
[212.987s][info][gc,heap        ] GC(470) Archive regions: 0->0
[212.987s][info][gc,heap        ] GC(470) Humongous regions: 0->0
[212.987s][info][gc,metaspace   ] GC(470) Metaspace: 9933K(10240K)->9933K(10240K) NonClass: 8630K(8832K)->8630K(8832K) Class: 1303K(1408K)->1303K(1408K)
[212.987s][info][gc             ] GC(470) Pause Young (Normal) (G1 Evacuation Pause) 166M->6M(270M) 2.576ms
[212.987s][info][gc,cpu         ] GC(470) User=0.00s Sys=0.00s Real=0.00s
[213.677s][info][gc,start       ] GC(471) Pause Young (Normal) (G1 Evacuation Pause)
[213.677s][info][gc,task        ] GC(471) Using 6 workers of 33 for evacuation
[213.679s][info][gc,phases      ] GC(471)   Pre Evacuate Collection Set: 0.1ms
[213.679s][info][gc,phases      ] GC(471)   Merge Heap Roots: 0.1ms
[213.679s][info][gc,phases      ] GC(471)   Evacuate Collection Set: 1.4ms
[213.679s][info][gc,phases      ] GC(471)   Post Evacuate Collection Set: 0.3ms
[213.679s][info][gc,phases      ] GC(471)   Other: 0.1ms
[213.679s][info][gc,heap        ] GC(471) Eden regions: 160->0(160)
[213.679s][info][gc,heap        ] GC(471) Survivor regions: 2->2(21)
[213.679s][info][gc,heap        ] GC(471) Old regions: 10->10
[213.679s][info][gc,heap        ] GC(471) Archive regions: 0->0
[213.679s][info][gc,heap        ] GC(471) Humongous regions: 0->0
[213.679s][info][gc,metaspace   ] GC(471) Metaspace: 9933K(10240K)->9933K(10240K) NonClass: 8630K(8832K)->8630K(8832K) Class: 1303K(1408K)->1303K(1408K)
[213.679s][info][gc             ] GC(471) Pause Young (Normal) (G1 Evacuation Pause) 166M->6M(270M) 2.627ms
[213.679s][info][gc,cpu         ] GC(471) User=0.00s Sys=0.00s Real=0.00s
[214.383s][info][gc,start       ] GC(472) Pause Young (Normal) (G1 Evacuation Pause)
[214.384s][info][gc,task        ] GC(472) Using 6 workers of 33 for evacuation
[214.386s][info][gc,phases      ] GC(472)   Pre Evacuate Collection Set: 0.1ms
[214.386s][info][gc,phases      ] GC(472)   Merge Heap Roots: 0.1ms
[214.386s][info][gc,phases      ] GC(472)   Evacuate Collection Set: 1.4ms
[214.386s][info][gc,phases      ] GC(472)   Post Evacuate Collection Set: 0.3ms
[214.386s][info][gc,phases      ] GC(472)   Other: 0.1ms
[214.386s][info][gc,heap        ] GC(472) Eden regions: 160->0(160)
[214.386s][info][gc,heap        ] GC(472) Survivor regions: 2->2(21)
[214.386s][info][gc,heap        ] GC(472) Old regions: 10->10
[214.386s][info][gc,heap        ] GC(472) Archive regions: 0->0
[214.386s][info][gc,heap        ] GC(472) Humongous regions: 0->0
[214.386s][info][gc,metaspace   ] GC(472) Metaspace: 9933K(10240K)->9933K(10240K) NonClass: 8630K(8832K)->8630K(8832K) Class: 1303K(1408K)->1303K(1408K)
[214.386s][info][gc             ] GC(472) Pause Young (Normal) (G1 Evacuation Pause) 166M->6M(270M) 2.651ms
[214.386s][info][gc,cpu         ] GC(472) User=0.00s Sys=0.00s Real=0.00s
[215.088s][info][gc,start       ] GC(473) Pause Young (Normal) (G1 Evacuation Pause)
[215.088s][info][gc,task        ] GC(473) Using 6 workers of 33 for evacuation
[215.090s][info][gc,phases      ] GC(473)   Pre Evacuate Collection Set: 0.1ms
[215.090s][info][gc,phases      ] GC(473)   Merge Heap Roots: 0.1ms
[215.090s][info][gc,phases      ] GC(473)   Evacuate Collection Set: 1.4ms
[215.090s][info][gc,phases      ] GC(473)   Post Evacuate Collection Set: 0.3ms
[215.090s][info][gc,phases      ] GC(473)   Other: 0.1ms
[215.090s][info][gc,heap        ] GC(473) Eden regions: 160->0(160)
[215.090s][info][gc,heap        ] GC(473) Survivor regions: 2->2(21)
[215.090s][info][gc,heap        ] GC(473) Old regions: 10->10
[215.090s][info][gc,heap        ] GC(473) Archive regions: 0->0
[215.090s][info][gc,heap        ] GC(473) Humongous regions: 0->0
[215.090s][info][gc,metaspace   ] GC(473) Metaspace: 9933K(10240K)->9933K(10240K) NonClass: 8630K(8832K)->8630K(8832K) Class: 1303K(1408K)->1303K(1408K)
[215.090s][info][gc             ] GC(473) Pause Young (Normal) (G1 Evacuation Pause) 166M->6M(270M) 2.620ms
[215.090s][info][gc,cpu         ] GC(473) User=0.09s Sys=0.00s Real=0.02s
[215.786s][info][gc,start       ] GC(474) Pause Young (Normal) (G1 Evacuation Pause)
[215.786s][info][gc,task        ] GC(474) Using 6 workers of 33 for evacuation
[215.788s][info][gc,phases      ] GC(474)   Pre Evacuate Collection Set: 0.1ms
[215.788s][info][gc,phases      ] GC(474)   Merge Heap Roots: 0.1ms
[215.788s][info][gc,phases      ] GC(474)   Evacuate Collection Set: 1.5ms
[215.788s][info][gc,phases      ] GC(474)   Post Evacuate Collection Set: 0.3ms
[215.788s][info][gc,phases      ] GC(474)   Other: 0.1ms
[215.788s][info][gc,heap        ] GC(474) Eden regions: 160->0(160)
[215.788s][info][gc,heap        ] GC(474) Survivor regions: 2->2(21)
[215.788s][info][gc,heap        ] GC(474) Old regions: 10->10
[215.788s][info][gc,heap        ] GC(474) Archive regions: 0->0
[215.788s][info][gc,heap        ] GC(474) Humongous regions: 0->0
[215.788s][info][gc,metaspace   ] GC(474) Metaspace: 9933K(10240K)->9933K(10240K) NonClass: 8630K(8832K)->8630K(8832K) Class: 1303K(1408K)->1303K(1408K)
[215.788s][info][gc             ] GC(474) Pause Young (Normal) (G1 Evacuation Pause) 166M->6M(270M) 2.671ms
[215.788s][info][gc,cpu         ] GC(474) User=0.00s Sys=0.00s Real=0.00s
[216.478s][info][gc,start       ] GC(475) Pause Young (Normal) (G1 Evacuation Pause)
[216.478s][info][gc,task        ] GC(475) Using 6 workers of 33 for evacuation
[216.480s][info][gc,phases      ] GC(475)   Pre Evacuate Collection Set: 0.1ms
[216.480s][info][gc,phases      ] GC(475)   Merge Heap Roots: 0.1ms
[216.480s][info][gc,phases      ] GC(475)   Evacuate Collection Set: 1.4ms
[216.480s][info][gc,phases      ] GC(475)   Post Evacuate Collection Set: 0.3ms
[216.480s][info][gc,phases      ] GC(475)   Other: 0.1ms
[216.481s][info][gc,heap        ] GC(475) Eden regions: 160->0(160)
[216.481s][info][gc,heap        ] GC(475) Survivor regions: 2->2(21)
[216.481s][info][gc,heap        ] GC(475) Old regions: 10->10
[216.481s][info][gc,heap        ] GC(475) Archive regions: 0->0
[216.481s][info][gc,heap        ] GC(475) Humongous regions: 0->0
[216.481s][info][gc,metaspace   ] GC(475) Metaspace: 9933K(10240K)->9933K(10240K) NonClass: 8630K(8832K)->8630K(8832K) Class: 1303K(1408K)->1303K(1408K)
[216.481s][info][gc             ] GC(475) Pause Young (Normal) (G1 Evacuation Pause) 166M->6M(270M) 2.568ms
[216.481s][info][gc,cpu         ] GC(475) User=0.00s Sys=0.00s Real=0.00s
[216.880s][info][gc,start       ] GC(476) Pause Full (System.gc())
[216.880s][info][gc,task        ] GC(476) Using 6 workers of 33 for full compaction
[216.881s][info][gc,phases,start] GC(476) Phase 1: Mark live objects
[216.886s][info][gc,phases      ] GC(476) Phase 1: Mark live objects 5.223ms
[216.886s][info][gc,phases,start] GC(476) Phase 2: Prepare compaction
[216.887s][info][gc,phases      ] GC(476) Phase 2: Prepare compaction 1.236ms
[216.887s][info][gc,phases,start] GC(476) Phase 3: Adjust pointers
[216.891s][info][gc,phases      ] GC(476) Phase 3: Adjust pointers 3.863ms
[216.891s][info][gc,phases,start] GC(476) Phase 4: Compact heap
[216.892s][info][gc,phases      ] GC(476) Phase 4: Compact heap 0.582ms
[216.896s][info][gc,heap        ] GC(476) Eden regions: 90->0(16)
[216.896s][info][gc,heap        ] GC(476) Survivor regions: 2->0(21)
[216.896s][info][gc,heap        ] GC(476) Old regions: 10->8
[216.896s][info][gc,heap        ] GC(476) Archive regions: 0->0
[216.896s][info][gc,heap        ] GC(476) Humongous regions: 0->0
[216.896s][info][gc,metaspace   ] GC(476) Metaspace: 9935K(10240K)->9935K(10240K) NonClass: 8631K(8832K)->8631K(8832K) Class: 1303K(1408K)->1303K(1408K)
[216.896s][info][gc             ] GC(476) Pause Full (System.gc()) 95M->3M(27M) 16.326ms
[216.896s][info][gc,cpu         ] GC(476) User=0.03s Sys=0.00s Real=0.02s
[216.968s][info][gc,start       ] GC(477) Pause Young (Normal) (G1 Evacuation Pause)
[216.968s][info][gc,task        ] GC(477) Using 4 workers of 33 for evacuation
[216.970s][info][gc,phases      ] GC(477)   Pre Evacuate Collection Set: 0.1ms
[216.970s][info][gc,phases      ] GC(477)   Merge Heap Roots: 0.1ms
[216.970s][info][gc,phases      ] GC(477)   Evacuate Collection Set: 1.8ms
[216.970s][info][gc,phases      ] GC(477)   Post Evacuate Collection Set: 0.3ms
[216.970s][info][gc,phases      ] GC(477)   Other: 0.1ms
[216.970s][info][gc,heap        ] GC(477) Eden regions: 16->0(13)
[216.970s][info][gc,heap        ] GC(477) Survivor regions: 0->2(2)
[216.970s][info][gc,heap        ] GC(477) Old regions: 8->8
[216.970s][info][gc,heap        ] GC(477) Archive regions: 0->0
[216.970s][info][gc,heap        ] GC(477) Humongous regions: 0->0
[216.970s][info][gc,metaspace   ] GC(477) Metaspace: 9936K(10240K)->9936K(10240K) NonClass: 8632K(8832K)->8632K(8832K) Class: 1303K(1408K)->1303K(1408K)
[216.970s][info][gc             ] GC(477) Pause Young (Normal) (G1 Evacuation Pause) 19M->5M(27M) 2.863ms
[216.970s][info][gc,cpu         ] GC(477) User=0.03s Sys=0.00s Real=0.02s
[217.027s][info][gc,start       ] GC(478) Pause Young (Normal) (G1 Evacuation Pause)
[217.028s][info][gc,task        ] GC(478) Using 3 workers of 33 for evacuation
[217.030s][info][gc,phases      ] GC(478)   Pre Evacuate Collection Set: 0.1ms
[217.030s][info][gc,phases      ] GC(478)   Merge Heap Roots: 0.1ms
[217.030s][info][gc,phases      ] GC(478)   Evacuate Collection Set: 2.2ms
[217.030s][info][gc,phases      ] GC(478)   Post Evacuate Collection Set: 0.2ms
[217.030s][info][gc,phases      ] GC(478)   Other: 0.1ms
[217.030s][info][gc,heap        ] GC(478) Eden regions: 13->0(14)
[217.030s][info][gc,heap        ] GC(478) Survivor regions: 2->1(2)
[217.030s][info][gc,heap        ] GC(478) Old regions: 8->9
[217.031s][info][gc,heap        ] GC(478) Archive regions: 0->0
[217.031s][info][gc,heap        ] GC(478) Humongous regions: 0->0
[217.031s][info][gc,metaspace   ] GC(478) Metaspace: 9936K(10240K)->9936K(10240K) NonClass: 8632K(8832K)->8632K(8832K) Class: 1303K(1408K)->1303K(1408K)
[217.031s][info][gc             ] GC(478) Pause Young (Normal) (G1 Evacuation Pause) 18M->5M(27M) 3.168ms
[217.031s][info][gc,cpu         ] GC(478) User=0.00s Sys=0.00s Real=0.00s
[217.087s][info][gc,start       ] GC(479) Pause Young (Normal) (G1 Evacuation Pause)
[217.087s][info][gc,task        ] GC(479) Using 2 workers of 33 for evacuation
[217.090s][info][gc,phases      ] GC(479)   Pre Evacuate Collection Set: 0.1ms
[217.090s][info][gc,phases      ] GC(479)   Merge Heap Roots: 0.0ms
[217.090s][info][gc,phases      ] GC(479)   Evacuate Collection Set: 2.5ms
[217.090s][info][gc,phases      ] GC(479)   Post Evacuate Collection Set: 0.2ms
[217.090s][info][gc,phases      ] GC(479)   Other: 0.1ms
[217.090s][info][gc,heap        ] GC(479) Eden regions: 14->0(14)
[217.090s][info][gc,heap        ] GC(479) Survivor regions: 1->1(2)
[217.090s][info][gc,heap        ] GC(479) Old regions: 9->9
[217.090s][info][gc,heap        ] GC(479) Archive regions: 0->0
[217.090s][info][gc,heap        ] GC(479) Humongous regions: 0->0
[217.090s][info][gc,metaspace   ] GC(479) Metaspace: 9936K(10240K)->9936K(10240K) NonClass: 8632K(8832K)->8632K(8832K) Class: 1303K(1408K)->1303K(1408K)
[217.090s][info][gc             ] GC(479) Pause Young (Normal) (G1 Evacuation Pause) 19M->5M(27M) 3.411ms
[217.090s][info][gc,cpu         ] GC(479) User=0.00s Sys=0.00s Real=0.00s
[217.144s][info][gc,start       ] GC(480) Pause Young (Normal) (G1 Evacuation Pause)
[217.144s][info][gc,task        ] GC(480) Using 2 workers of 33 for evacuation
[217.147s][info][gc,phases      ] GC(480)   Pre Evacuate Collection Set: 0.1ms
[217.147s][info][gc,phases      ] GC(480)   Merge Heap Roots: 0.0ms
[217.147s][info][gc,phases      ] GC(480)   Evacuate Collection Set: 2.6ms
[217.147s][info][gc,phases      ] GC(480)   Post Evacuate Collection Set: 0.2ms
[217.147s][info][gc,phases      ] GC(480)   Other: 0.1ms
[217.147s][info][gc,heap        ] GC(480) Eden regions: 14->0(14)
[217.147s][info][gc,heap        ] GC(480) Survivor regions: 1->1(2)
[217.147s][info][gc,heap        ] GC(480) Old regions: 9->9
[217.147s][info][gc,heap        ] GC(480) Archive regions: 0->0
[217.147s][info][gc,heap        ] GC(480) Humongous regions: 0->0
[217.147s][info][gc,metaspace   ] GC(480) Metaspace: 9936K(10240K)->9936K(10240K) NonClass: 8632K(8832K)->8632K(8832K) Class: 1303K(1408K)->1303K(1408K)
[217.147s][info][gc             ] GC(480) Pause Young (Normal) (G1 Evacuation Pause) 19M->5M(27M) 3.448ms
[217.147s][info][gc,cpu         ] GC(480) User=0.00s Sys=0.00s Real=0.00s
[217.201s][info][gc,start       ] GC(481) Pause Young (Normal) (G1 Evacuation Pause)
[217.201s][info][gc,task        ] GC(481) Using 2 workers of 33 for evacuation
[217.205s][info][gc,phases      ] GC(481)   Pre Evacuate Collection Set: 0.1ms
[217.205s][info][gc,phases      ] GC(481)   Merge Heap Roots: 0.1ms
[217.205s][info][gc,phases      ] GC(481)   Evacuate Collection Set: 3.3ms
[217.205s][info][gc,phases      ] GC(481)   Post Evacuate Collection Set: 0.2ms
[217.205s][info][gc,phases      ] GC(481)   Other: 0.1ms
[217.205s][info][gc,heap        ] GC(481) Eden regions: 14->0(12)
[217.205s][info][gc,heap        ] GC(481) Survivor regions: 1->2(2)
[217.205s][info][gc,heap        ] GC(481) Old regions: 9->9
[217.205s][info][gc,heap        ] GC(481) Archive regions: 0->0
[217.205s][info][gc,heap        ] GC(481) Humongous regions: 0->0
[217.205s][info][gc,metaspace   ] GC(481) Metaspace: 9936K(10240K)->9936K(10240K) NonClass: 8632K(8832K)->8632K(8832K) Class: 1303K(1408K)->1303K(1408K)
[217.205s][info][gc             ] GC(481) Pause Young (Normal) (G1 Evacuation Pause) 19M->5M(27M) 4.160ms
[217.205s][info][gc,cpu         ] GC(481) User=0.03s Sys=0.00s Real=0.02s
[217.256s][info][gc,start       ] GC(482) Pause Young (Normal) (G1 Evacuation Pause)
[217.256s][info][gc,task        ] GC(482) Using 2 workers of 33 for evacuation
[217.263s][info][gc,phases      ] GC(482)   Pre Evacuate Collection Set: 0.1ms
[217.263s][info][gc,phases      ] GC(482)   Merge Heap Roots: 0.0ms
[217.263s][info][gc,phases      ] GC(482)   Evacuate Collection Set: 2.7ms
[217.263s][info][gc,phases      ] GC(482)   Post Evacuate Collection Set: 3.9ms
[217.263s][info][gc,phases      ] GC(482)   Other: 0.1ms
[217.263s][info][gc,heap        ] GC(482) Eden regions: 12->0(161)
[217.263s][info][gc,heap        ] GC(482) Survivor regions: 2->1(2)
[217.263s][info][gc,heap        ] GC(482) Old regions: 9->9
[217.263s][info][gc,heap        ] GC(482) Archive regions: 0->0
[217.263s][info][gc,heap        ] GC(482) Humongous regions: 0->0
[217.263s][info][gc,metaspace   ] GC(482) Metaspace: 9936K(10240K)->9936K(10240K) NonClass: 8632K(8832K)->8632K(8832K) Class: 1303K(1408K)->1303K(1408K)
[217.263s][info][gc             ] GC(482) Pause Young (Normal) (G1 Evacuation Pause) 17M->5M(270M) 7.274ms
[217.263s][info][gc,cpu         ] GC(482) User=0.00s Sys=0.00s Real=0.00s
[218.000s][info][gc,start       ] GC(483) Pause Young (Normal) (G1 Evacuation Pause)
[218.001s][info][gc,task        ] GC(483) Using 6 workers of 33 for evacuation
[218.003s][info][gc,phases      ] GC(483)   Pre Evacuate Collection Set: 0.1ms
[218.003s][info][gc,phases      ] GC(483)   Merge Heap Roots: 0.1ms
[218.003s][info][gc,phases      ] GC(483)   Evacuate Collection Set: 1.7ms
[218.003s][info][gc,phases      ] GC(483)   Post Evacuate Collection Set: 0.3ms
[218.003s][info][gc,phases      ] GC(483)   Other: 0.2ms
[218.003s][info][gc,heap        ] GC(483) Eden regions: 161->0(160)
[218.003s][info][gc,heap        ] GC(483) Survivor regions: 1->2(21)
[218.003s][info][gc,heap        ] GC(483) Old regions: 9->9
[218.003s][info][gc,heap        ] GC(483) Archive regions: 0->0
[218.003s][info][gc,heap        ] GC(483) Humongous regions: 0->0
[218.003s][info][gc,metaspace   ] GC(483) Metaspace: 9936K(10240K)->9936K(10240K) NonClass: 8632K(8832K)->8632K(8832K) Class: 1303K(1408K)->1303K(1408K)
[218.003s][info][gc             ] GC(483) Pause Young (Normal) (G1 Evacuation Pause) 166M->5M(270M) 2.983ms
[218.004s][info][gc,cpu         ] GC(483) User=0.02s Sys=0.00s Real=0.01s
[218.695s][info][gc,start       ] GC(484) Pause Young (Normal) (G1 Evacuation Pause)
[218.695s][info][gc,task        ] GC(484) Using 6 workers of 33 for evacuation
[218.697s][info][gc,phases      ] GC(484)   Pre Evacuate Collection Set: 0.1ms
[218.697s][info][gc,phases      ] GC(484)   Merge Heap Roots: 0.1ms
[218.697s][info][gc,phases      ] GC(484)   Evacuate Collection Set: 1.4ms
[218.697s][info][gc,phases      ] GC(484)   Post Evacuate Collection Set: 0.3ms
[218.698s][info][gc,phases      ] GC(484)   Other: 0.1ms
[218.698s][info][gc,heap        ] GC(484) Eden regions: 160->0(160)
[218.698s][info][gc,heap        ] GC(484) Survivor regions: 2->2(21)
[218.698s][info][gc,heap        ] GC(484) Old regions: 9->9
[218.698s][info][gc,heap        ] GC(484) Archive regions: 0->0
[218.698s][info][gc,heap        ] GC(484) Humongous regions: 0->0
[218.698s][info][gc,metaspace   ] GC(484) Metaspace: 9936K(10240K)->9936K(10240K) NonClass: 8632K(8832K)->8632K(8832K) Class: 1303K(1408K)->1303K(1408K)
[218.698s][info][gc             ] GC(484) Pause Young (Normal) (G1 Evacuation Pause) 165M->6M(270M) 2.649ms
[218.698s][info][gc,cpu         ] GC(484) User=0.09s Sys=0.00s Real=0.01s
[219.402s][info][gc,start       ] GC(485) Pause Young (Normal) (G1 Evacuation Pause)
[219.403s][info][gc,task        ] GC(485) Using 6 workers of 33 for evacuation
[219.405s][info][gc,phases      ] GC(485)   Pre Evacuate Collection Set: 0.1ms
[219.405s][info][gc,phases      ] GC(485)   Merge Heap Roots: 0.1ms
[219.405s][info][gc,phases      ] GC(485)   Evacuate Collection Set: 1.5ms
[219.405s][info][gc,phases      ] GC(485)   Post Evacuate Collection Set: 0.3ms
[219.405s][info][gc,phases      ] GC(485)   Other: 0.1ms
[219.405s][info][gc,heap        ] GC(485) Eden regions: 160->0(160)
[219.405s][info][gc,heap        ] GC(485) Survivor regions: 2->2(21)
[219.405s][info][gc,heap        ] GC(485) Old regions: 9->9
[219.405s][info][gc,heap        ] GC(485) Archive regions: 0->0
[219.405s][info][gc,heap        ] GC(485) Humongous regions: 0->0
[219.405s][info][gc,metaspace   ] GC(485) Metaspace: 9936K(10240K)->9936K(10240K) NonClass: 8632K(8832K)->8632K(8832K) Class: 1303K(1408K)->1303K(1408K)
[219.405s][info][gc             ] GC(485) Pause Young (Normal) (G1 Evacuation Pause) 166M->6M(270M) 2.715ms
[219.405s][info][gc,cpu         ] GC(485) User=0.00s Sys=0.00s Real=0.00s
[220.102s][info][gc,start       ] GC(486) Pause Young (Normal) (G1 Evacuation Pause)
[220.102s][info][gc,task        ] GC(486) Using 6 workers of 33 for evacuation
[220.104s][info][gc,phases      ] GC(486)   Pre Evacuate Collection Set: 0.1ms
[220.104s][info][gc,phases      ] GC(486)   Merge Heap Roots: 0.1ms
[220.105s][info][gc,phases      ] GC(486)   Evacuate Collection Set: 1.4ms
[220.105s][info][gc,phases      ] GC(486)   Post Evacuate Collection Set: 0.3ms
[220.105s][info][gc,phases      ] GC(486)   Other: 0.1ms
[220.105s][info][gc,heap        ] GC(486) Eden regions: 160->0(160)
[220.105s][info][gc,heap        ] GC(486) Survivor regions: 2->2(21)
[220.105s][info][gc,heap        ] GC(486) Old regions: 9->9
[220.105s][info][gc,heap        ] GC(486) Archive regions: 0->0
[220.105s][info][gc,heap        ] GC(486) Humongous regions: 0->0
[220.105s][info][gc,metaspace   ] GC(486) Metaspace: 9936K(10240K)->9936K(10240K) NonClass: 8632K(8832K)->8632K(8832K) Class: 1303K(1408K)->1303K(1408K)
[220.105s][info][gc             ] GC(486) Pause Young (Normal) (G1 Evacuation Pause) 166M->5M(270M) 2.562ms
[220.105s][info][gc,cpu         ] GC(486) User=0.00s Sys=0.00s Real=0.00s
[220.801s][info][gc,start       ] GC(487) Pause Young (Normal) (G1 Evacuation Pause)
[220.802s][info][gc,task        ] GC(487) Using 6 workers of 33 for evacuation
[220.804s][info][gc,phases      ] GC(487)   Pre Evacuate Collection Set: 0.1ms
[220.804s][info][gc,phases      ] GC(487)   Merge Heap Roots: 0.1ms
[220.804s][info][gc,phases      ] GC(487)   Evacuate Collection Set: 1.3ms
[220.804s][info][gc,phases      ] GC(487)   Post Evacuate Collection Set: 0.3ms
[220.804s][info][gc,phases      ] GC(487)   Other: 0.1ms
[220.804s][info][gc,heap        ] GC(487) Eden regions: 160->0(160)
[220.804s][info][gc,heap        ] GC(487) Survivor regions: 2->2(21)
[220.804s][info][gc,heap        ] GC(487) Old regions: 9->9
[220.804s][info][gc,heap        ] GC(487) Archive regions: 0->0
[220.804s][info][gc,heap        ] GC(487) Humongous regions: 0->0
[220.804s][info][gc,metaspace   ] GC(487) Metaspace: 9936K(10240K)->9936K(10240K) NonClass: 8632K(8832K)->8632K(8832K) Class: 1303K(1408K)->1303K(1408K)
[220.804s][info][gc             ] GC(487) Pause Young (Normal) (G1 Evacuation Pause) 165M->6M(270M) 2.565ms
[220.804s][info][gc,cpu         ] GC(487) User=0.00s Sys=0.00s Real=0.00s
[221.511s][info][gc,start       ] GC(488) Pause Young (Normal) (G1 Evacuation Pause)
[221.511s][info][gc,task        ] GC(488) Using 6 workers of 33 for evacuation
[221.513s][info][gc,phases      ] GC(488)   Pre Evacuate Collection Set: 0.1ms
[221.513s][info][gc,phases      ] GC(488)   Merge Heap Roots: 0.1ms
[221.513s][info][gc,phases      ] GC(488)   Evacuate Collection Set: 1.3ms
[221.513s][info][gc,phases      ] GC(488)   Post Evacuate Collection Set: 0.3ms
[221.514s][info][gc,phases      ] GC(488)   Other: 0.1ms
[221.514s][info][gc,heap        ] GC(488) Eden regions: 160->0(160)
[221.514s][info][gc,heap        ] GC(488) Survivor regions: 2->2(21)
[221.514s][info][gc,heap        ] GC(488) Old regions: 9->9
[221.514s][info][gc,heap        ] GC(488) Archive regions: 0->0
[221.514s][info][gc,heap        ] GC(488) Humongous regions: 0->0
[221.514s][info][gc,metaspace   ] GC(488) Metaspace: 9936K(10240K)->9936K(10240K) NonClass: 8632K(8832K)->8632K(8832K) Class: 1303K(1408K)->1303K(1408K)
[221.514s][info][gc             ] GC(488) Pause Young (Normal) (G1 Evacuation Pause) 166M->5M(270M) 2.528ms
[221.514s][info][gc,cpu         ] GC(488) User=0.09s Sys=0.00s Real=0.02s
[222.234s][info][gc,start       ] GC(489) Pause Young (Normal) (G1 Evacuation Pause)
[222.234s][info][gc,task        ] GC(489) Using 6 workers of 33 for evacuation
[222.237s][info][gc,phases      ] GC(489)   Pre Evacuate Collection Set: 0.1ms
[222.237s][info][gc,phases      ] GC(489)   Merge Heap Roots: 0.1ms
[222.237s][info][gc,phases      ] GC(489)   Evacuate Collection Set: 1.4ms
[222.237s][info][gc,phases      ] GC(489)   Post Evacuate Collection Set: 0.3ms
[222.237s][info][gc,phases      ] GC(489)   Other: 0.1ms
[222.237s][info][gc,heap        ] GC(489) Eden regions: 160->0(160)
[222.237s][info][gc,heap        ] GC(489) Survivor regions: 2->2(21)
[222.237s][info][gc,heap        ] GC(489) Old regions: 9->9
[222.237s][info][gc,heap        ] GC(489) Archive regions: 0->0
[222.237s][info][gc,heap        ] GC(489) Humongous regions: 0->0
[222.237s][info][gc,metaspace   ] GC(489) Metaspace: 9936K(10240K)->9936K(10240K) NonClass: 8632K(8832K)->8632K(8832K) Class: 1303K(1408K)->1303K(1408K)
[222.237s][info][gc             ] GC(489) Pause Young (Normal) (G1 Evacuation Pause) 165M->6M(270M) 2.589ms
[222.237s][info][gc,cpu         ] GC(489) User=0.00s Sys=0.00s Real=0.00s
[222.937s][info][gc,start       ] GC(490) Pause Young (Normal) (G1 Evacuation Pause)
[222.937s][info][gc,task        ] GC(490) Using 6 workers of 33 for evacuation
[222.939s][info][gc,phases      ] GC(490)   Pre Evacuate Collection Set: 0.1ms
[222.939s][info][gc,phases      ] GC(490)   Merge Heap Roots: 0.1ms
[222.939s][info][gc,phases      ] GC(490)   Evacuate Collection Set: 1.3ms
[222.939s][info][gc,phases      ] GC(490)   Post Evacuate Collection Set: 0.3ms
[222.939s][info][gc,phases      ] GC(490)   Other: 0.1ms
[222.939s][info][gc,heap        ] GC(490) Eden regions: 160->0(160)
[222.939s][info][gc,heap        ] GC(490) Survivor regions: 2->2(21)
[222.939s][info][gc,heap        ] GC(490) Old regions: 9->9
[222.939s][info][gc,heap        ] GC(490) Archive regions: 0->0
[222.939s][info][gc,heap        ] GC(490) Humongous regions: 0->0
[222.939s][info][gc,metaspace   ] GC(490) Metaspace: 9936K(10240K)->9936K(10240K) NonClass: 8632K(8832K)->8632K(8832K) Class: 1303K(1408K)->1303K(1408K)
[222.939s][info][gc             ] GC(490) Pause Young (Normal) (G1 Evacuation Pause) 166M->5M(270M) 2.676ms
[222.939s][info][gc,cpu         ] GC(490) User=0.00s Sys=0.00s Real=0.00s
[223.627s][info][gc,start       ] GC(491) Pause Young (Normal) (G1 Evacuation Pause)
[223.628s][info][gc,task        ] GC(491) Using 6 workers of 33 for evacuation
[223.630s][info][gc,phases      ] GC(491)   Pre Evacuate Collection Set: 0.1ms
[223.630s][info][gc,phases      ] GC(491)   Merge Heap Roots: 0.1ms
[223.630s][info][gc,phases      ] GC(491)   Evacuate Collection Set: 1.3ms
[223.630s][info][gc,phases      ] GC(491)   Post Evacuate Collection Set: 0.4ms
[223.630s][info][gc,phases      ] GC(491)   Other: 0.1ms
[223.630s][info][gc,heap        ] GC(491) Eden regions: 160->0(160)
[223.630s][info][gc,heap        ] GC(491) Survivor regions: 2->2(21)
[223.630s][info][gc,heap        ] GC(491) Old regions: 9->9
[223.630s][info][gc,heap        ] GC(491) Archive regions: 0->0
[223.630s][info][gc,heap        ] GC(491) Humongous regions: 0->0
[223.630s][info][gc,metaspace   ] GC(491) Metaspace: 9936K(10240K)->9936K(10240K) NonClass: 8632K(8832K)->8632K(8832K) Class: 1303K(1408K)->1303K(1408K)
[223.630s][info][gc             ] GC(491) Pause Young (Normal) (G1 Evacuation Pause) 165M->5M(270M) 2.691ms
[223.630s][info][gc,cpu         ] GC(491) User=0.00s Sys=0.00s Real=0.00s
[223.997s][info][gc,start       ] GC(492) Pause Full (System.gc())
[223.997s][info][gc,task        ] GC(492) Using 6 workers of 33 for full compaction
[223.998s][info][gc,phases,start] GC(492) Phase 1: Mark live objects
[224.003s][info][gc,phases      ] GC(492) Phase 1: Mark live objects 5.380ms
[224.003s][info][gc,phases,start] GC(492) Phase 2: Prepare compaction
[224.004s][info][gc,phases      ] GC(492) Phase 2: Prepare compaction 1.208ms
[224.004s][info][gc,phases,start] GC(492) Phase 3: Adjust pointers
[224.008s][info][gc,phases      ] GC(492) Phase 3: Adjust pointers 3.948ms
[224.008s][info][gc,phases,start] GC(492) Phase 4: Compact heap
[224.009s][info][gc,phases      ] GC(492) Phase 4: Compact heap 0.575ms
[224.014s][info][gc,heap        ] GC(492) Eden regions: 81->0(16)
[224.014s][info][gc,heap        ] GC(492) Survivor regions: 2->0(21)
[224.014s][info][gc,heap        ] GC(492) Old regions: 9->8
[224.014s][info][gc,heap        ] GC(492) Archive regions: 0->0
[224.014s][info][gc,heap        ] GC(492) Humongous regions: 0->0
[224.014s][info][gc,metaspace   ] GC(492) Metaspace: 9937K(10240K)->9937K(10240K) NonClass: 8633K(8832K)->8633K(8832K) Class: 1303K(1408K)->1303K(1408K)
[224.014s][info][gc             ] GC(492) Pause Full (System.gc()) 86M->3M(27M) 16.749ms
[224.014s][info][gc,cpu         ] GC(492) User=0.02s Sys=0.06s Real=0.02s
[224.085s][info][gc,start       ] GC(493) Pause Young (Normal) (G1 Evacuation Pause)
[224.086s][info][gc,task        ] GC(493) Using 4 workers of 33 for evacuation
[224.088s][info][gc,phases      ] GC(493)   Pre Evacuate Collection Set: 0.1ms
[224.088s][info][gc,phases      ] GC(493)   Merge Heap Roots: 0.1ms
[224.088s][info][gc,phases      ] GC(493)   Evacuate Collection Set: 2.0ms
[224.088s][info][gc,phases      ] GC(493)   Post Evacuate Collection Set: 0.2ms
[224.088s][info][gc,phases      ] GC(493)   Other: 0.1ms
[224.088s][info][gc,heap        ] GC(493) Eden regions: 16->0(13)
[224.088s][info][gc,heap        ] GC(493) Survivor regions: 0->2(2)
[224.088s][info][gc,heap        ] GC(493) Old regions: 8->8
[224.088s][info][gc,heap        ] GC(493) Archive regions: 0->0
[224.088s][info][gc,heap        ] GC(493) Humongous regions: 0->0
[224.088s][info][gc,metaspace   ] GC(493) Metaspace: 9937K(10240K)->9937K(10240K) NonClass: 8633K(8832K)->8633K(8832K) Class: 1303K(1408K)->1303K(1408K)
[224.088s][info][gc             ] GC(493) Pause Young (Normal) (G1 Evacuation Pause) 19M->5M(27M) 3.004ms
[224.088s][info][gc,cpu         ] GC(493) User=0.02s Sys=0.00s Real=0.02s
[224.143s][info][gc,start       ] GC(494) Pause Young (Normal) (G1 Evacuation Pause)
[224.143s][info][gc,task        ] GC(494) Using 3 workers of 33 for evacuation
[224.146s][info][gc,phases      ] GC(494)   Pre Evacuate Collection Set: 0.1ms
[224.146s][info][gc,phases      ] GC(494)   Merge Heap Roots: 0.1ms
[224.146s][info][gc,phases      ] GC(494)   Evacuate Collection Set: 2.7ms
[224.146s][info][gc,phases      ] GC(494)   Post Evacuate Collection Set: 0.2ms
[224.146s][info][gc,phases      ] GC(494)   Other: 0.1ms
[224.146s][info][gc,heap        ] GC(494) Eden regions: 13->0(14)
[224.146s][info][gc,heap        ] GC(494) Survivor regions: 2->1(2)
[224.146s][info][gc,heap        ] GC(494) Old regions: 8->9
[224.146s][info][gc,heap        ] GC(494) Archive regions: 0->0
[224.146s][info][gc,heap        ] GC(494) Humongous regions: 0->0
[224.146s][info][gc,metaspace   ] GC(494) Metaspace: 9937K(10240K)->9937K(10240K) NonClass: 8633K(8832K)->8633K(8832K) Class: 1303K(1408K)->1303K(1408K)
[224.146s][info][gc             ] GC(494) Pause Young (Normal) (G1 Evacuation Pause) 18M->5M(27M) 3.607ms
[224.146s][info][gc,cpu         ] GC(494) User=0.00s Sys=0.00s Real=0.00s
[224.204s][info][gc,start       ] GC(495) Pause Young (Normal) (G1 Evacuation Pause)
[224.205s][info][gc,task        ] GC(495) Using 2 workers of 33 for evacuation
[224.208s][info][gc,phases      ] GC(495)   Pre Evacuate Collection Set: 0.1ms
[224.208s][info][gc,phases      ] GC(495)   Merge Heap Roots: 0.0ms
[224.208s][info][gc,phases      ] GC(495)   Evacuate Collection Set: 2.8ms
[224.208s][info][gc,phases      ] GC(495)   Post Evacuate Collection Set: 0.2ms
[224.208s][info][gc,phases      ] GC(495)   Other: 0.1ms
[224.208s][info][gc,heap        ] GC(495) Eden regions: 14->0(14)
[224.208s][info][gc,heap        ] GC(495) Survivor regions: 1->1(2)
[224.208s][info][gc,heap        ] GC(495) Old regions: 9->9
[224.208s][info][gc,heap        ] GC(495) Archive regions: 0->0
[224.208s][info][gc,heap        ] GC(495) Humongous regions: 0->0
[224.208s][info][gc,metaspace   ] GC(495) Metaspace: 9937K(10240K)->9937K(10240K) NonClass: 8633K(8832K)->8633K(8832K) Class: 1303K(1408K)->1303K(1408K)
[224.208s][info][gc             ] GC(495) Pause Young (Normal) (G1 Evacuation Pause) 19M->5M(27M) 3.654ms
[224.208s][info][gc,cpu         ] GC(495) User=0.00s Sys=0.00s Real=0.00s
[224.267s][info][gc,start       ] GC(496) Pause Young (Normal) (G1 Evacuation Pause)
[224.267s][info][gc,task        ] GC(496) Using 2 workers of 33 for evacuation
[224.270s][info][gc,phases      ] GC(496)   Pre Evacuate Collection Set: 0.1ms
[224.270s][info][gc,phases      ] GC(496)   Merge Heap Roots: 0.0ms
[224.270s][info][gc,phases      ] GC(496)   Evacuate Collection Set: 2.9ms
[224.270s][info][gc,phases      ] GC(496)   Post Evacuate Collection Set: 0.2ms
[224.270s][info][gc,phases      ] GC(496)   Other: 0.1ms
[224.270s][info][gc,heap        ] GC(496) Eden regions: 14->0(14)
[224.270s][info][gc,heap        ] GC(496) Survivor regions: 1->1(2)
[224.270s][info][gc,heap        ] GC(496) Old regions: 9->9
[224.270s][info][gc,heap        ] GC(496) Archive regions: 0->0
[224.270s][info][gc,heap        ] GC(496) Humongous regions: 0->0
[224.270s][info][gc,metaspace   ] GC(496) Metaspace: 9937K(10240K)->9937K(10240K) NonClass: 8633K(8832K)->8633K(8832K) Class: 1303K(1408K)->1303K(1408K)
[224.270s][info][gc             ] GC(496) Pause Young (Normal) (G1 Evacuation Pause) 19M->5M(27M) 3.750ms
[224.270s][info][gc,cpu         ] GC(496) User=0.00s Sys=0.00s Real=0.00s
[224.327s][info][gc,start       ] GC(497) Pause Young (Normal) (G1 Evacuation Pause)
[224.328s][info][gc,task        ] GC(497) Using 2 workers of 33 for evacuation
[224.331s][info][gc,phases      ] GC(497)   Pre Evacuate Collection Set: 0.1ms
[224.331s][info][gc,phases      ] GC(497)   Merge Heap Roots: 0.1ms
[224.331s][info][gc,phases      ] GC(497)   Evacuate Collection Set: 2.9ms
[224.331s][info][gc,phases      ] GC(497)   Post Evacuate Collection Set: 0.2ms
[224.331s][info][gc,phases      ] GC(497)   Other: 0.1ms
[224.331s][info][gc,heap        ] GC(497) Eden regions: 14->0(12)
[224.331s][info][gc,heap        ] GC(497) Survivor regions: 1->2(2)
[224.331s][info][gc,heap        ] GC(497) Old regions: 9->9
[224.331s][info][gc,heap        ] GC(497) Archive regions: 0->0
[224.331s][info][gc,heap        ] GC(497) Humongous regions: 0->0
[224.331s][info][gc,metaspace   ] GC(497) Metaspace: 9937K(10240K)->9937K(10240K) NonClass: 8633K(8832K)->8633K(8832K) Class: 1303K(1408K)->1303K(1408K)
[224.331s][info][gc             ] GC(497) Pause Young (Normal) (G1 Evacuation Pause) 19M->5M(27M) 3.881ms
[224.331s][info][gc,cpu         ] GC(497) User=0.00s Sys=0.00s Real=0.00s
[224.384s][info][gc,start       ] GC(498) Pause Young (Normal) (G1 Evacuation Pause)
[224.403s][info][gc,task        ] GC(498) Using 2 workers of 33 for evacuation
[224.410s][info][gc,phases      ] GC(498)   Pre Evacuate Collection Set: 0.1ms
[224.410s][info][gc,phases      ] GC(498)   Merge Heap Roots: 0.0ms
[224.410s][info][gc,phases      ] GC(498)   Evacuate Collection Set: 2.8ms
[224.410s][info][gc,phases      ] GC(498)   Post Evacuate Collection Set: 3.9ms
[224.410s][info][gc,phases      ] GC(498)   Other: 0.1ms
[224.410s][info][gc,heap        ] GC(498) Eden regions: 12->0(161)
[224.410s][info][gc,heap        ] GC(498) Survivor regions: 2->1(2)
[224.410s][info][gc,heap        ] GC(498) Old regions: 9->9
[224.410s][info][gc,heap        ] GC(498) Archive regions: 0->0
[224.410s][info][gc,heap        ] GC(498) Humongous regions: 0->0
[224.410s][info][gc,metaspace   ] GC(498) Metaspace: 9937K(10240K)->9937K(10240K) NonClass: 8633K(8832K)->8633K(8832K) Class: 1303K(1408K)->1303K(1408K)
[224.410s][info][gc             ] GC(498) Pause Young (Normal) (G1 Evacuation Pause) 17M->5M(270M) 26.439ms
[224.410s][info][gc,cpu         ] GC(498) User=0.00s Sys=0.00s Real=0.03s
[225.142s][info][gc,start       ] GC(499) Pause Young (Normal) (G1 Evacuation Pause)
[225.143s][info][gc,task        ] GC(499) Using 6 workers of 33 for evacuation
[225.145s][info][gc,phases      ] GC(499)   Pre Evacuate Collection Set: 0.1ms
[225.145s][info][gc,phases      ] GC(499)   Merge Heap Roots: 0.1ms
[225.145s][info][gc,phases      ] GC(499)   Evacuate Collection Set: 1.4ms
[225.145s][info][gc,phases      ] GC(499)   Post Evacuate Collection Set: 0.3ms
[225.145s][info][gc,phases      ] GC(499)   Other: 0.1ms
[225.145s][info][gc,heap        ] GC(499) Eden regions: 161->0(160)
[225.145s][info][gc,heap        ] GC(499) Survivor regions: 1->2(21)
[225.145s][info][gc,heap        ] GC(499) Old regions: 9->9
[225.145s][info][gc,heap        ] GC(499) Archive regions: 0->0
[225.145s][info][gc,heap        ] GC(499) Humongous regions: 0->0
[225.145s][info][gc,metaspace   ] GC(499) Metaspace: 9937K(10240K)->9937K(10240K) NonClass: 8633K(8832K)->8633K(8832K) Class: 1303K(1408K)->1303K(1408K)
[225.145s][info][gc             ] GC(499) Pause Young (Normal) (G1 Evacuation Pause) 166M->5M(270M) 2.570ms
[225.145s][info][gc,cpu         ] GC(499) User=0.00s Sys=0.00s Real=0.00s
[225.857s][info][gc,start       ] GC(500) Pause Young (Normal) (G1 Evacuation Pause)
[225.858s][info][gc,task        ] GC(500) Using 6 workers of 33 for evacuation
[225.860s][info][gc,phases      ] GC(500)   Pre Evacuate Collection Set: 0.1ms
[225.860s][info][gc,phases      ] GC(500)   Merge Heap Roots: 0.1ms
[225.860s][info][gc,phases      ] GC(500)   Evacuate Collection Set: 1.5ms
[225.860s][info][gc,phases      ] GC(500)   Post Evacuate Collection Set: 0.3ms
[225.860s][info][gc,phases      ] GC(500)   Other: 0.1ms
[225.860s][info][gc,heap        ] GC(500) Eden regions: 160->0(160)
[225.860s][info][gc,heap        ] GC(500) Survivor regions: 2->2(21)
[225.860s][info][gc,heap        ] GC(500) Old regions: 9->9
[225.860s][info][gc,heap        ] GC(500) Archive regions: 0->0
[225.860s][info][gc,heap        ] GC(500) Humongous regions: 0->0
[225.860s][info][gc,metaspace   ] GC(500) Metaspace: 9937K(10240K)->9937K(10240K) NonClass: 8633K(8832K)->8633K(8832K) Class: 1303K(1408K)->1303K(1408K)
[225.860s][info][gc             ] GC(500) Pause Young (Normal) (G1 Evacuation Pause) 165M->5M(270M) 2.752ms
[225.860s][info][gc,cpu         ] GC(500) User=0.00s Sys=0.00s Real=0.00s
[226.554s][info][gc,start       ] GC(501) Pause Young (Normal) (G1 Evacuation Pause)
[226.554s][info][gc,task        ] GC(501) Using 6 workers of 33 for evacuation
[226.556s][info][gc,phases      ] GC(501)   Pre Evacuate Collection Set: 0.1ms
[226.556s][info][gc,phases      ] GC(501)   Merge Heap Roots: 0.1ms
[226.556s][info][gc,phases      ] GC(501)   Evacuate Collection Set: 1.4ms
[226.556s][info][gc,phases      ] GC(501)   Post Evacuate Collection Set: 0.3ms
[226.556s][info][gc,phases      ] GC(501)   Other: 0.1ms
[226.556s][info][gc,heap        ] GC(501) Eden regions: 160->0(160)
[226.556s][info][gc,heap        ] GC(501) Survivor regions: 2->2(21)
[226.556s][info][gc,heap        ] GC(501) Old regions: 9->9
[226.556s][info][gc,heap        ] GC(501) Archive regions: 0->0
[226.556s][info][gc,heap        ] GC(501) Humongous regions: 0->0
[226.556s][info][gc,metaspace   ] GC(501) Metaspace: 9937K(10240K)->9937K(10240K) NonClass: 8633K(8832K)->8633K(8832K) Class: 1303K(1408K)->1303K(1408K)
[226.556s][info][gc             ] GC(501) Pause Young (Normal) (G1 Evacuation Pause) 165M->5M(270M) 2.643ms
[226.556s][info][gc,cpu         ] GC(501) User=0.09s Sys=0.00s Real=0.02s
[227.256s][info][gc,start       ] GC(502) Pause Young (Normal) (G1 Evacuation Pause)
[227.256s][info][gc,task        ] GC(502) Using 6 workers of 33 for evacuation
[227.258s][info][gc,phases      ] GC(502)   Pre Evacuate Collection Set: 0.1ms
[227.258s][info][gc,phases      ] GC(502)   Merge Heap Roots: 0.1ms
[227.258s][info][gc,phases      ] GC(502)   Evacuate Collection Set: 1.3ms
[227.258s][info][gc,phases      ] GC(502)   Post Evacuate Collection Set: 0.4ms
[227.258s][info][gc,phases      ] GC(502)   Other: 0.1ms
[227.258s][info][gc,heap        ] GC(502) Eden regions: 160->0(160)
[227.258s][info][gc,heap        ] GC(502) Survivor regions: 2->2(21)
[227.258s][info][gc,heap        ] GC(502) Old regions: 9->9
[227.258s][info][gc,heap        ] GC(502) Archive regions: 0->0
[227.258s][info][gc,heap        ] GC(502) Humongous regions: 0->0
[227.258s][info][gc,metaspace   ] GC(502) Metaspace: 9937K(10240K)->9937K(10240K) NonClass: 8633K(8832K)->8633K(8832K) Class: 1303K(1408K)->1303K(1408K)
[227.258s][info][gc             ] GC(502) Pause Young (Normal) (G1 Evacuation Pause) 165M->5M(270M) 2.542ms
[227.258s][info][gc,cpu         ] GC(502) User=0.00s Sys=0.00s Real=0.00s
[227.966s][info][gc,start       ] GC(503) Pause Young (Normal) (G1 Evacuation Pause)
[227.966s][info][gc,task        ] GC(503) Using 6 workers of 33 for evacuation
[227.968s][info][gc,phases      ] GC(503)   Pre Evacuate Collection Set: 0.1ms
[227.968s][info][gc,phases      ] GC(503)   Merge Heap Roots: 0.1ms
[227.968s][info][gc,phases      ] GC(503)   Evacuate Collection Set: 1.4ms
[227.968s][info][gc,phases      ] GC(503)   Post Evacuate Collection Set: 0.3ms
[227.968s][info][gc,phases      ] GC(503)   Other: 0.1ms
[227.968s][info][gc,heap        ] GC(503) Eden regions: 160->0(160)
[227.969s][info][gc,heap        ] GC(503) Survivor regions: 2->2(21)
[227.969s][info][gc,heap        ] GC(503) Old regions: 9->9
[227.969s][info][gc,heap        ] GC(503) Archive regions: 0->0
[227.969s][info][gc,heap        ] GC(503) Humongous regions: 0->0
[227.969s][info][gc,metaspace   ] GC(503) Metaspace: 9937K(10240K)->9937K(10240K) NonClass: 8633K(8832K)->8633K(8832K) Class: 1303K(1408K)->1303K(1408K)
[227.969s][info][gc             ] GC(503) Pause Young (Normal) (G1 Evacuation Pause) 165M->5M(270M) 2.650ms
[227.969s][info][gc,cpu         ] GC(503) User=0.00s Sys=0.00s Real=0.00s
[228.688s][info][gc,start       ] GC(504) Pause Young (Normal) (G1 Evacuation Pause)
[228.689s][info][gc,task        ] GC(504) Using 6 workers of 33 for evacuation
[228.691s][info][gc,phases      ] GC(504)   Pre Evacuate Collection Set: 0.1ms
[228.691s][info][gc,phases      ] GC(504)   Merge Heap Roots: 0.1ms
[228.691s][info][gc,phases      ] GC(504)   Evacuate Collection Set: 1.5ms
[228.691s][info][gc,phases      ] GC(504)   Post Evacuate Collection Set: 0.3ms
[228.691s][info][gc,phases      ] GC(504)   Other: 0.1ms
[228.691s][info][gc,heap        ] GC(504) Eden regions: 160->0(160)
[228.691s][info][gc,heap        ] GC(504) Survivor regions: 2->2(21)
[228.691s][info][gc,heap        ] GC(504) Old regions: 9->9
[228.691s][info][gc,heap        ] GC(504) Archive regions: 0->0
[228.691s][info][gc,heap        ] GC(504) Humongous regions: 0->0
[228.691s][info][gc,metaspace   ] GC(504) Metaspace: 9937K(10240K)->9937K(10240K) NonClass: 8633K(8832K)->8633K(8832K) Class: 1303K(1408K)->1303K(1408K)
[228.691s][info][gc             ] GC(504) Pause Young (Normal) (G1 Evacuation Pause) 165M->5M(270M) 2.819ms
[228.691s][info][gc,cpu         ] GC(504) User=0.00s Sys=0.00s Real=0.00s
[229.395s][info][gc,start       ] GC(505) Pause Young (Normal) (G1 Evacuation Pause)
[229.395s][info][gc,task        ] GC(505) Using 6 workers of 33 for evacuation
[229.397s][info][gc,phases      ] GC(505)   Pre Evacuate Collection Set: 0.1ms
[229.397s][info][gc,phases      ] GC(505)   Merge Heap Roots: 0.1ms
[229.397s][info][gc,phases      ] GC(505)   Evacuate Collection Set: 1.4ms
[229.397s][info][gc,phases      ] GC(505)   Post Evacuate Collection Set: 0.3ms
[229.397s][info][gc,phases      ] GC(505)   Other: 0.1ms
[229.397s][info][gc,heap        ] GC(505) Eden regions: 160->0(160)
[229.397s][info][gc,heap        ] GC(505) Survivor regions: 2->2(21)
[229.397s][info][gc,heap        ] GC(505) Old regions: 9->9
[229.397s][info][gc,heap        ] GC(505) Archive regions: 0->0
[229.397s][info][gc,heap        ] GC(505) Humongous regions: 0->0
[229.397s][info][gc,metaspace   ] GC(505) Metaspace: 9937K(10240K)->9937K(10240K) NonClass: 8633K(8832K)->8633K(8832K) Class: 1303K(1408K)->1303K(1408K)
[229.397s][info][gc             ] GC(505) Pause Young (Normal) (G1 Evacuation Pause) 165M->5M(270M) 2.670ms
[229.397s][info][gc,cpu         ] GC(505) User=0.00s Sys=0.00s Real=0.00s
[230.109s][info][gc,start       ] GC(506) Pause Young (Normal) (G1 Evacuation Pause)
[230.109s][info][gc,task        ] GC(506) Using 6 workers of 33 for evacuation
[230.111s][info][gc,phases      ] GC(506)   Pre Evacuate Collection Set: 0.1ms
[230.111s][info][gc,phases      ] GC(506)   Merge Heap Roots: 0.1ms
[230.111s][info][gc,phases      ] GC(506)   Evacuate Collection Set: 1.3ms
[230.111s][info][gc,phases      ] GC(506)   Post Evacuate Collection Set: 0.3ms
[230.111s][info][gc,phases      ] GC(506)   Other: 0.1ms
[230.111s][info][gc,heap        ] GC(506) Eden regions: 160->0(160)
[230.111s][info][gc,heap        ] GC(506) Survivor regions: 2->2(21)
[230.111s][info][gc,heap        ] GC(506) Old regions: 9->9
[230.111s][info][gc,heap        ] GC(506) Archive regions: 0->0
[230.111s][info][gc,heap        ] GC(506) Humongous regions: 0->0
[230.111s][info][gc,metaspace   ] GC(506) Metaspace: 9937K(10240K)->9937K(10240K) NonClass: 8633K(8832K)->8633K(8832K) Class: 1303K(1408K)->1303K(1408K)
[230.111s][info][gc             ] GC(506) Pause Young (Normal) (G1 Evacuation Pause) 165M->5M(270M) 2.554ms
[230.111s][info][gc,cpu         ] GC(506) User=0.00s Sys=0.00s Real=0.00s
[230.813s][info][gc,start       ] GC(507) Pause Young (Normal) (G1 Evacuation Pause)
[230.813s][info][gc,task        ] GC(507) Using 6 workers of 33 for evacuation
[230.815s][info][gc,phases      ] GC(507)   Pre Evacuate Collection Set: 0.1ms
[230.815s][info][gc,phases      ] GC(507)   Merge Heap Roots: 0.1ms
[230.815s][info][gc,phases      ] GC(507)   Evacuate Collection Set: 1.4ms
[230.815s][info][gc,phases      ] GC(507)   Post Evacuate Collection Set: 0.3ms
[230.815s][info][gc,phases      ] GC(507)   Other: 0.1ms
[230.815s][info][gc,heap        ] GC(507) Eden regions: 160->0(160)
[230.815s][info][gc,heap        ] GC(507) Survivor regions: 2->2(21)
[230.815s][info][gc,heap        ] GC(507) Old regions: 9->9
[230.815s][info][gc,heap        ] GC(507) Archive regions: 0->0
[230.815s][info][gc,heap        ] GC(507) Humongous regions: 0->0
[230.815s][info][gc,metaspace   ] GC(507) Metaspace: 9937K(10240K)->9937K(10240K) NonClass: 8633K(8832K)->8633K(8832K) Class: 1303K(1408K)->1303K(1408K)
[230.815s][info][gc             ] GC(507) Pause Young (Normal) (G1 Evacuation Pause) 165M->5M(270M) 2.596ms
[230.815s][info][gc,cpu         ] GC(507) User=0.00s Sys=0.00s Real=0.00s
[231.230s][info][gc,start       ] GC(508) Pause Full (System.gc())
[231.230s][info][gc,task        ] GC(508) Using 6 workers of 33 for full compaction
[231.230s][info][gc,phases,start] GC(508) Phase 1: Mark live objects
[231.236s][info][gc,phases      ] GC(508) Phase 1: Mark live objects 5.325ms
[231.236s][info][gc,phases,start] GC(508) Phase 2: Prepare compaction
[231.237s][info][gc,phases      ] GC(508) Phase 2: Prepare compaction 1.226ms
[231.237s][info][gc,phases,start] GC(508) Phase 3: Adjust pointers
[231.241s][info][gc,phases      ] GC(508) Phase 3: Adjust pointers 3.914ms
[231.241s][info][gc,phases,start] GC(508) Phase 4: Compact heap
[231.242s][info][gc,phases      ] GC(508) Phase 4: Compact heap 0.583ms
[231.246s][info][gc,heap        ] GC(508) Eden regions: 93->0(16)
[231.246s][info][gc,heap        ] GC(508) Survivor regions: 2->0(21)
[231.246s][info][gc,heap        ] GC(508) Old regions: 9->8
[231.246s][info][gc,heap        ] GC(508) Archive regions: 0->0
[231.246s][info][gc,heap        ] GC(508) Humongous regions: 0->0
[231.246s][info][gc,metaspace   ] GC(508) Metaspace: 9937K(10240K)->9937K(10240K) NonClass: 8633K(8832K)->8633K(8832K) Class: 1303K(1408K)->1303K(1408K)
[231.246s][info][gc             ] GC(508) Pause Full (System.gc()) 98M->3M(27M) 16.414ms
[231.246s][info][gc,cpu         ] GC(508) User=0.02s Sys=0.00s Real=0.01s
[231.311s][info][gc,start       ] GC(509) Pause Young (Normal) (G1 Evacuation Pause)
[231.311s][info][gc,task        ] GC(509) Using 4 workers of 33 for evacuation
[231.314s][info][gc,phases      ] GC(509)   Pre Evacuate Collection Set: 0.1ms
[231.314s][info][gc,phases      ] GC(509)   Merge Heap Roots: 0.1ms
[231.314s][info][gc,phases      ] GC(509)   Evacuate Collection Set: 2.1ms
[231.314s][info][gc,phases      ] GC(509)   Post Evacuate Collection Set: 0.2ms
[231.314s][info][gc,phases      ] GC(509)   Other: 0.1ms
[231.314s][info][gc,heap        ] GC(509) Eden regions: 16->0(13)
[231.314s][info][gc,heap        ] GC(509) Survivor regions: 0->2(2)
[231.314s][info][gc,heap        ] GC(509) Old regions: 8->8
[231.314s][info][gc,heap        ] GC(509) Archive regions: 0->0
[231.314s][info][gc,heap        ] GC(509) Humongous regions: 0->0
[231.314s][info][gc,metaspace   ] GC(509) Metaspace: 9937K(10240K)->9937K(10240K) NonClass: 8633K(8832K)->8633K(8832K) Class: 1303K(1408K)->1303K(1408K)
[231.314s][info][gc             ] GC(509) Pause Young (Normal) (G1 Evacuation Pause) 19M->5M(27M) 3.105ms
[231.314s][info][gc,cpu         ] GC(509) User=0.00s Sys=0.00s Real=0.00s
[231.371s][info][gc,start       ] GC(510) Pause Young (Normal) (G1 Evacuation Pause)
[231.371s][info][gc,task        ] GC(510) Using 3 workers of 33 for evacuation
[231.374s][info][gc,phases      ] GC(510)   Pre Evacuate Collection Set: 0.1ms
[231.374s][info][gc,phases      ] GC(510)   Merge Heap Roots: 0.0ms
[231.374s][info][gc,phases      ] GC(510)   Evacuate Collection Set: 2.5ms
[231.374s][info][gc,phases      ] GC(510)   Post Evacuate Collection Set: 0.2ms
[231.374s][info][gc,phases      ] GC(510)   Other: 0.1ms
[231.374s][info][gc,heap        ] GC(510) Eden regions: 13->0(14)
[231.374s][info][gc,heap        ] GC(510) Survivor regions: 2->1(2)
[231.374s][info][gc,heap        ] GC(510) Old regions: 8->9
[231.374s][info][gc,heap        ] GC(510) Archive regions: 0->0
[231.374s][info][gc,heap        ] GC(510) Humongous regions: 0->0
[231.374s][info][gc,metaspace   ] GC(510) Metaspace: 9937K(10240K)->9937K(10240K) NonClass: 8633K(8832K)->8633K(8832K) Class: 1303K(1408K)->1303K(1408K)
[231.374s][info][gc             ] GC(510) Pause Young (Normal) (G1 Evacuation Pause) 18M->5M(27M) 3.444ms
[231.374s][info][gc,cpu         ] GC(510) User=0.00s Sys=0.00s Real=0.00s
[231.435s][info][gc,start       ] GC(511) Pause Young (Normal) (G1 Evacuation Pause)
[231.435s][info][gc,task        ] GC(511) Using 2 workers of 33 for evacuation
[231.439s][info][gc,phases      ] GC(511)   Pre Evacuate Collection Set: 0.1ms
[231.439s][info][gc,phases      ] GC(511)   Merge Heap Roots: 0.1ms
[231.439s][info][gc,phases      ] GC(511)   Evacuate Collection Set: 3.4ms
[231.439s][info][gc,phases      ] GC(511)   Post Evacuate Collection Set: 0.2ms
[231.439s][info][gc,phases      ] GC(511)   Other: 0.1ms
[231.439s][info][gc,heap        ] GC(511) Eden regions: 14->0(12)
[231.439s][info][gc,heap        ] GC(511) Survivor regions: 1->2(2)
[231.439s][info][gc,heap        ] GC(511) Old regions: 9->9
[231.439s][info][gc,heap        ] GC(511) Archive regions: 0->0
[231.439s][info][gc,heap        ] GC(511) Humongous regions: 0->0
[231.439s][info][gc,metaspace   ] GC(511) Metaspace: 9937K(10240K)->9937K(10240K) NonClass: 8633K(8832K)->8633K(8832K) Class: 1303K(1408K)->1303K(1408K)
[231.439s][info][gc             ] GC(511) Pause Young (Normal) (G1 Evacuation Pause) 19M->5M(27M) 4.288ms
[231.439s][info][gc,cpu         ] GC(511) User=0.00s Sys=0.00s Real=0.00s
[231.490s][info][gc,start       ] GC(512) Pause Young (Normal) (G1 Evacuation Pause)
[231.490s][info][gc,task        ] GC(512) Using 2 workers of 33 for evacuation
[231.494s][info][gc,phases      ] GC(512)   Pre Evacuate Collection Set: 0.1ms
[231.494s][info][gc,phases      ] GC(512)   Merge Heap Roots: 0.0ms
[231.494s][info][gc,phases      ] GC(512)   Evacuate Collection Set: 3.3ms
[231.494s][info][gc,phases      ] GC(512)   Post Evacuate Collection Set: 0.2ms
[231.494s][info][gc,phases      ] GC(512)   Other: 0.1ms
[231.494s][info][gc,heap        ] GC(512) Eden regions: 12->0(14)
[231.494s][info][gc,heap        ] GC(512) Survivor regions: 2->1(2)
[231.494s][info][gc,heap        ] GC(512) Old regions: 9->9
[231.494s][info][gc,heap        ] GC(512) Archive regions: 0->0
[231.494s][info][gc,heap        ] GC(512) Humongous regions: 0->0
[231.494s][info][gc,metaspace   ] GC(512) Metaspace: 9937K(10240K)->9937K(10240K) NonClass: 8633K(8832K)->8633K(8832K) Class: 1303K(1408K)->1303K(1408K)
[231.494s][info][gc             ] GC(512) Pause Young (Normal) (G1 Evacuation Pause) 17M->5M(27M) 4.199ms
[231.494s][info][gc,cpu         ] GC(512) User=0.00s Sys=0.00s Real=0.00s
[231.553s][info][gc,start       ] GC(513) Pause Young (Normal) (G1 Evacuation Pause)
[231.553s][info][gc,task        ] GC(513) Using 2 workers of 33 for evacuation
[231.557s][info][gc,phases      ] GC(513)   Pre Evacuate Collection Set: 0.1ms
[231.557s][info][gc,phases      ] GC(513)   Merge Heap Roots: 0.0ms
[231.557s][info][gc,phases      ] GC(513)   Evacuate Collection Set: 3.2ms
[231.557s][info][gc,phases      ] GC(513)   Post Evacuate Collection Set: 0.2ms
[231.557s][info][gc,phases      ] GC(513)   Other: 0.1ms
[231.557s][info][gc,heap        ] GC(513) Eden regions: 14->0(12)
[231.557s][info][gc,heap        ] GC(513) Survivor regions: 1->2(2)
[231.557s][info][gc,heap        ] GC(513) Old regions: 9->9
[231.557s][info][gc,heap        ] GC(513) Archive regions: 0->0
[231.557s][info][gc,heap        ] GC(513) Humongous regions: 0->0
[231.557s][info][gc,metaspace   ] GC(513) Metaspace: 9937K(10240K)->9937K(10240K) NonClass: 8633K(8832K)->8633K(8832K) Class: 1303K(1408K)->1303K(1408K)
[231.557s][info][gc             ] GC(513) Pause Young (Normal) (G1 Evacuation Pause) 19M->6M(27M) 4.070ms
[231.557s][info][gc,cpu         ] GC(513) User=0.00s Sys=0.02s Real=0.02s
[231.606s][info][gc,start       ] GC(514) Pause Young (Normal) (G1 Evacuation Pause)
[231.606s][info][gc,task        ] GC(514) Using 2 workers of 33 for evacuation
[231.613s][info][gc,phases      ] GC(514)   Pre Evacuate Collection Set: 0.1ms
[231.613s][info][gc,phases      ] GC(514)   Merge Heap Roots: 0.0ms
[231.613s][info][gc,phases      ] GC(514)   Evacuate Collection Set: 2.9ms
[231.613s][info][gc,phases      ] GC(514)   Post Evacuate Collection Set: 3.8ms
[231.613s][info][gc,phases      ] GC(514)   Other: 0.1ms
[231.613s][info][gc,heap        ] GC(514) Eden regions: 12->0(161)
[231.613s][info][gc,heap        ] GC(514) Survivor regions: 2->1(2)
[231.613s][info][gc,heap        ] GC(514) Old regions: 9->10
[231.613s][info][gc,heap        ] GC(514) Archive regions: 0->0
[231.614s][info][gc,heap        ] GC(514) Humongous regions: 0->0
[231.614s][info][gc,metaspace   ] GC(514) Metaspace: 9937K(10240K)->9937K(10240K) NonClass: 8633K(8832K)->8633K(8832K) Class: 1303K(1408K)->1303K(1408K)
[231.614s][info][gc             ] GC(514) Pause Young (Normal) (G1 Evacuation Pause) 18M->5M(270M) 7.485ms
[231.614s][info][gc,cpu         ] GC(514) User=0.00s Sys=0.00s Real=0.00s
[232.358s][info][gc,start       ] GC(515) Pause Young (Normal) (G1 Evacuation Pause)
[232.358s][info][gc,task        ] GC(515) Using 6 workers of 33 for evacuation
[232.360s][info][gc,phases      ] GC(515)   Pre Evacuate Collection Set: 0.1ms
[232.360s][info][gc,phases      ] GC(515)   Merge Heap Roots: 0.1ms
[232.360s][info][gc,phases      ] GC(515)   Evacuate Collection Set: 1.6ms
[232.360s][info][gc,phases      ] GC(515)   Post Evacuate Collection Set: 0.3ms
[232.360s][info][gc,phases      ] GC(515)   Other: 0.1ms
[232.360s][info][gc,heap        ] GC(515) Eden regions: 161->0(160)
[232.360s][info][gc,heap        ] GC(515) Survivor regions: 1->2(21)
[232.360s][info][gc,heap        ] GC(515) Old regions: 10->10
[232.360s][info][gc,heap        ] GC(515) Archive regions: 0->0
[232.360s][info][gc,heap        ] GC(515) Humongous regions: 0->0
[232.360s][info][gc,metaspace   ] GC(515) Metaspace: 9937K(10240K)->9937K(10240K) NonClass: 8633K(8832K)->8633K(8832K) Class: 1303K(1408K)->1303K(1408K)
[232.360s][info][gc             ] GC(515) Pause Young (Normal) (G1 Evacuation Pause) 166M->6M(270M) 2.857ms
[232.360s][info][gc,cpu         ] GC(515) User=0.00s Sys=0.00s Real=0.00s
[233.058s][info][gc,start       ] GC(516) Pause Young (Normal) (G1 Evacuation Pause)
[233.059s][info][gc,task        ] GC(516) Using 6 workers of 33 for evacuation
[233.061s][info][gc,phases      ] GC(516)   Pre Evacuate Collection Set: 0.2ms
[233.061s][info][gc,phases      ] GC(516)   Merge Heap Roots: 0.1ms
[233.061s][info][gc,phases      ] GC(516)   Evacuate Collection Set: 1.4ms
[233.061s][info][gc,phases      ] GC(516)   Post Evacuate Collection Set: 0.4ms
[233.061s][info][gc,phases      ] GC(516)   Other: 0.1ms
[233.061s][info][gc,heap        ] GC(516) Eden regions: 160->0(160)
[233.061s][info][gc,heap        ] GC(516) Survivor regions: 2->2(21)
[233.061s][info][gc,heap        ] GC(516) Old regions: 10->10
[233.061s][info][gc,heap        ] GC(516) Archive regions: 0->0
[233.061s][info][gc,heap        ] GC(516) Humongous regions: 0->0
[233.061s][info][gc,metaspace   ] GC(516) Metaspace: 9937K(10240K)->9937K(10240K) NonClass: 8633K(8832K)->8633K(8832K) Class: 1303K(1408K)->1303K(1408K)
[233.061s][info][gc             ] GC(516) Pause Young (Normal) (G1 Evacuation Pause) 166M->6M(270M) 2.715ms
[233.061s][info][gc,cpu         ] GC(516) User=0.00s Sys=0.00s Real=0.00s
[233.772s][info][gc,start       ] GC(517) Pause Young (Normal) (G1 Evacuation Pause)
[233.772s][info][gc,task        ] GC(517) Using 6 workers of 33 for evacuation
[233.774s][info][gc,phases      ] GC(517)   Pre Evacuate Collection Set: 0.1ms
[233.774s][info][gc,phases      ] GC(517)   Merge Heap Roots: 0.1ms
[233.774s][info][gc,phases      ] GC(517)   Evacuate Collection Set: 1.2ms
[233.774s][info][gc,phases      ] GC(517)   Post Evacuate Collection Set: 0.3ms
[233.774s][info][gc,phases      ] GC(517)   Other: 0.1ms
[233.775s][info][gc,heap        ] GC(517) Eden regions: 160->0(160)
[233.775s][info][gc,heap        ] GC(517) Survivor regions: 2->2(21)
[233.775s][info][gc,heap        ] GC(517) Old regions: 10->10
[233.775s][info][gc,heap        ] GC(517) Archive regions: 0->0
[233.775s][info][gc,heap        ] GC(517) Humongous regions: 0->0
[233.775s][info][gc,metaspace   ] GC(517) Metaspace: 9937K(10240K)->9937K(10240K) NonClass: 8633K(8832K)->8633K(8832K) Class: 1303K(1408K)->1303K(1408K)
[233.775s][info][gc             ] GC(517) Pause Young (Normal) (G1 Evacuation Pause) 166M->6M(270M) 2.451ms
[233.775s][info][gc,cpu         ] GC(517) User=0.00s Sys=0.00s Real=0.00s
[234.466s][info][gc,start       ] GC(518) Pause Young (Normal) (G1 Evacuation Pause)
[234.466s][info][gc,task        ] GC(518) Using 6 workers of 33 for evacuation
[234.468s][info][gc,phases      ] GC(518)   Pre Evacuate Collection Set: 0.1ms
[234.468s][info][gc,phases      ] GC(518)   Merge Heap Roots: 0.1ms
[234.468s][info][gc,phases      ] GC(518)   Evacuate Collection Set: 1.3ms
[234.469s][info][gc,phases      ] GC(518)   Post Evacuate Collection Set: 0.3ms
[234.469s][info][gc,phases      ] GC(518)   Other: 0.1ms
[234.469s][info][gc,heap        ] GC(518) Eden regions: 160->0(160)
[234.469s][info][gc,heap        ] GC(518) Survivor regions: 2->2(21)
[234.469s][info][gc,heap        ] GC(518) Old regions: 10->10
[234.469s][info][gc,heap        ] GC(518) Archive regions: 0->0
[234.469s][info][gc,heap        ] GC(518) Humongous regions: 0->0
[234.469s][info][gc,metaspace   ] GC(518) Metaspace: 9937K(10240K)->9937K(10240K) NonClass: 8633K(8832K)->8633K(8832K) Class: 1303K(1408K)->1303K(1408K)
[234.469s][info][gc             ] GC(518) Pause Young (Normal) (G1 Evacuation Pause) 166M->6M(270M) 2.548ms
[234.469s][info][gc,cpu         ] GC(518) User=0.00s Sys=0.00s Real=0.00s
[235.170s][info][gc,start       ] GC(519) Pause Young (Normal) (G1 Evacuation Pause)
[235.170s][info][gc,task        ] GC(519) Using 6 workers of 33 for evacuation
[235.172s][info][gc,phases      ] GC(519)   Pre Evacuate Collection Set: 0.1ms
[235.172s][info][gc,phases      ] GC(519)   Merge Heap Roots: 0.1ms
[235.172s][info][gc,phases      ] GC(519)   Evacuate Collection Set: 1.2ms
[235.172s][info][gc,phases      ] GC(519)   Post Evacuate Collection Set: 0.4ms
[235.172s][info][gc,phases      ] GC(519)   Other: 0.1ms
[235.172s][info][gc,heap        ] GC(519) Eden regions: 160->0(160)
[235.172s][info][gc,heap        ] GC(519) Survivor regions: 2->2(21)
[235.172s][info][gc,heap        ] GC(519) Old regions: 10->10
[235.172s][info][gc,heap        ] GC(519) Archive regions: 0->0
[235.172s][info][gc,heap        ] GC(519) Humongous regions: 0->0
[235.172s][info][gc,metaspace   ] GC(519) Metaspace: 9937K(10240K)->9937K(10240K) NonClass: 8633K(8832K)->8633K(8832K) Class: 1303K(1408K)->1303K(1408K)
[235.172s][info][gc             ] GC(519) Pause Young (Normal) (G1 Evacuation Pause) 166M->6M(270M) 2.435ms
[235.172s][info][gc,cpu         ] GC(519) User=0.00s Sys=0.00s Real=0.00s
[235.877s][info][gc,start       ] GC(520) Pause Young (Normal) (G1 Evacuation Pause)
[235.877s][info][gc,task        ] GC(520) Using 6 workers of 33 for evacuation
[235.879s][info][gc,phases      ] GC(520)   Pre Evacuate Collection Set: 0.1ms
[235.879s][info][gc,phases      ] GC(520)   Merge Heap Roots: 0.1ms
[235.879s][info][gc,phases      ] GC(520)   Evacuate Collection Set: 1.3ms
[235.879s][info][gc,phases      ] GC(520)   Post Evacuate Collection Set: 0.4ms
[235.879s][info][gc,phases      ] GC(520)   Other: 0.1ms
[235.879s][info][gc,heap        ] GC(520) Eden regions: 160->0(160)
[235.879s][info][gc,heap        ] GC(520) Survivor regions: 2->2(21)
[235.879s][info][gc,heap        ] GC(520) Old regions: 10->10
[235.879s][info][gc,heap        ] GC(520) Archive regions: 0->0
[235.879s][info][gc,heap        ] GC(520) Humongous regions: 0->0
[235.879s][info][gc,metaspace   ] GC(520) Metaspace: 9937K(10240K)->9937K(10240K) NonClass: 8633K(8832K)->8633K(8832K) Class: 1303K(1408K)->1303K(1408K)
[235.879s][info][gc             ] GC(520) Pause Young (Normal) (G1 Evacuation Pause) 166M->6M(270M) 2.542ms
[235.879s][info][gc,cpu         ] GC(520) User=0.00s Sys=0.00s Real=0.00s
[236.580s][info][gc,start       ] GC(521) Pause Young (Normal) (G1 Evacuation Pause)
[236.580s][info][gc,task        ] GC(521) Using 6 workers of 33 for evacuation
[236.582s][info][gc,phases      ] GC(521)   Pre Evacuate Collection Set: 0.1ms
[236.582s][info][gc,phases      ] GC(521)   Merge Heap Roots: 0.1ms
[236.582s][info][gc,phases      ] GC(521)   Evacuate Collection Set: 1.4ms
[236.582s][info][gc,phases      ] GC(521)   Post Evacuate Collection Set: 0.4ms
[236.582s][info][gc,phases      ] GC(521)   Other: 0.1ms
[236.582s][info][gc,heap        ] GC(521) Eden regions: 160->0(160)
[236.582s][info][gc,heap        ] GC(521) Survivor regions: 2->2(21)
[236.582s][info][gc,heap        ] GC(521) Old regions: 10->10
[236.582s][info][gc,heap        ] GC(521) Archive regions: 0->0
[236.582s][info][gc,heap        ] GC(521) Humongous regions: 0->0
[236.582s][info][gc,metaspace   ] GC(521) Metaspace: 9937K(10240K)->9937K(10240K) NonClass: 8633K(8832K)->8633K(8832K) Class: 1303K(1408K)->1303K(1408K)
[236.582s][info][gc             ] GC(521) Pause Young (Normal) (G1 Evacuation Pause) 166M->6M(270M) 2.674ms
[236.582s][info][gc,cpu         ] GC(521) User=0.00s Sys=0.00s Real=0.00s
[237.300s][info][gc,start       ] GC(522) Pause Young (Normal) (G1 Evacuation Pause)
[237.300s][info][gc,task        ] GC(522) Using 6 workers of 33 for evacuation
[237.302s][info][gc,phases      ] GC(522)   Pre Evacuate Collection Set: 0.1ms
[237.302s][info][gc,phases      ] GC(522)   Merge Heap Roots: 0.1ms
[237.302s][info][gc,phases      ] GC(522)   Evacuate Collection Set: 1.3ms
[237.302s][info][gc,phases      ] GC(522)   Post Evacuate Collection Set: 0.3ms
[237.302s][info][gc,phases      ] GC(522)   Other: 0.1ms
[237.302s][info][gc,heap        ] GC(522) Eden regions: 160->0(160)
[237.302s][info][gc,heap        ] GC(522) Survivor regions: 2->2(21)
[237.302s][info][gc,heap        ] GC(522) Old regions: 10->10
[237.302s][info][gc,heap        ] GC(522) Archive regions: 0->0
[237.302s][info][gc,heap        ] GC(522) Humongous regions: 0->0
[237.303s][info][gc,metaspace   ] GC(522) Metaspace: 9937K(10240K)->9937K(10240K) NonClass: 8633K(8832K)->8633K(8832K) Class: 1303K(1408K)->1303K(1408K)
[237.303s][info][gc             ] GC(522) Pause Young (Normal) (G1 Evacuation Pause) 166M->6M(270M) 2.550ms
[237.303s][info][gc,cpu         ] GC(522) User=0.00s Sys=0.00s Real=0.00s
[238.018s][info][gc,start       ] GC(523) Pause Young (Normal) (G1 Evacuation Pause)
[238.018s][info][gc,task        ] GC(523) Using 6 workers of 33 for evacuation
[238.020s][info][gc,phases      ] GC(523)   Pre Evacuate Collection Set: 0.1ms
[238.020s][info][gc,phases      ] GC(523)   Merge Heap Roots: 0.1ms
[238.020s][info][gc,phases      ] GC(523)   Evacuate Collection Set: 1.3ms
[238.020s][info][gc,phases      ] GC(523)   Post Evacuate Collection Set: 0.3ms
[238.020s][info][gc,phases      ] GC(523)   Other: 0.1ms
[238.020s][info][gc,heap        ] GC(523) Eden regions: 160->0(160)
[238.020s][info][gc,heap        ] GC(523) Survivor regions: 2->2(21)
[238.020s][info][gc,heap        ] GC(523) Old regions: 10->10
[238.020s][info][gc,heap        ] GC(523) Archive regions: 0->0
[238.020s][info][gc,heap        ] GC(523) Humongous regions: 0->0
[238.020s][info][gc,metaspace   ] GC(523) Metaspace: 9937K(10240K)->9937K(10240K) NonClass: 8633K(8832K)->8633K(8832K) Class: 1303K(1408K)->1303K(1408K)
[238.020s][info][gc             ] GC(523) Pause Young (Normal) (G1 Evacuation Pause) 166M->6M(270M) 2.562ms
[238.020s][info][gc,cpu         ] GC(523) User=0.00s Sys=0.00s Real=0.00s
[238.400s][info][gc,start       ] GC(524) Pause Full (System.gc())
[238.400s][info][gc,task        ] GC(524) Using 6 workers of 33 for full compaction
[238.401s][info][gc,phases,start] GC(524) Phase 1: Mark live objects
[238.406s][info][gc,phases      ] GC(524) Phase 1: Mark live objects 5.651ms
[238.406s][info][gc,phases,start] GC(524) Phase 2: Prepare compaction
[238.408s][info][gc,phases      ] GC(524) Phase 2: Prepare compaction 1.188ms
[238.408s][info][gc,phases,start] GC(524) Phase 3: Adjust pointers
[238.411s][info][gc,phases      ] GC(524) Phase 3: Adjust pointers 3.916ms
[238.412s][info][gc,phases,start] GC(524) Phase 4: Compact heap
[238.412s][info][gc,phases      ] GC(524) Phase 4: Compact heap 0.585ms
[238.417s][info][gc,heap        ] GC(524) Eden regions: 87->0(16)
[238.417s][info][gc,heap        ] GC(524) Survivor regions: 2->0(21)
[238.417s][info][gc,heap        ] GC(524) Old regions: 10->8
[238.417s][info][gc,heap        ] GC(524) Archive regions: 0->0
[238.417s][info][gc,heap        ] GC(524) Humongous regions: 0->0
[238.417s][info][gc,metaspace   ] GC(524) Metaspace: 9937K(10240K)->9937K(10240K) NonClass: 8633K(8832K)->8633K(8832K) Class: 1303K(1408K)->1303K(1408K)
[238.417s][info][gc             ] GC(524) Pause Full (System.gc()) 92M->3M(27M) 16.764ms
[238.417s][info][gc,cpu         ] GC(524) User=0.02s Sys=0.00s Real=0.02s
[238.490s][info][gc,start       ] GC(525) Pause Young (Normal) (G1 Evacuation Pause)
[238.490s][info][gc,task        ] GC(525) Using 4 workers of 33 for evacuation
[238.492s][info][gc,phases      ] GC(525)   Pre Evacuate Collection Set: 0.1ms
[238.492s][info][gc,phases      ] GC(525)   Merge Heap Roots: 0.1ms
[238.492s][info][gc,phases      ] GC(525)   Evacuate Collection Set: 1.7ms
[238.493s][info][gc,phases      ] GC(525)   Post Evacuate Collection Set: 0.2ms
[238.493s][info][gc,phases      ] GC(525)   Other: 0.1ms
[238.493s][info][gc,heap        ] GC(525) Eden regions: 16->0(13)
[238.493s][info][gc,heap        ] GC(525) Survivor regions: 0->2(2)
[238.493s][info][gc,heap        ] GC(525) Old regions: 8->8
[238.493s][info][gc,heap        ] GC(525) Archive regions: 0->0
[238.493s][info][gc,heap        ] GC(525) Humongous regions: 0->0
[238.493s][info][gc,metaspace   ] GC(525) Metaspace: 9937K(10240K)->9937K(10240K) NonClass: 8633K(8832K)->8633K(8832K) Class: 1303K(1408K)->1303K(1408K)
[238.493s][info][gc             ] GC(525) Pause Young (Normal) (G1 Evacuation Pause) 19M->5M(27M) 2.629ms
[238.493s][info][gc,cpu         ] GC(525) User=0.00s Sys=0.00s Real=0.00s
[238.545s][info][gc,start       ] GC(526) Pause Young (Normal) (G1 Evacuation Pause)
[238.545s][info][gc,task        ] GC(526) Using 3 workers of 33 for evacuation
[238.548s][info][gc,phases      ] GC(526)   Pre Evacuate Collection Set: 0.1ms
[238.548s][info][gc,phases      ] GC(526)   Merge Heap Roots: 0.0ms
[238.548s][info][gc,phases      ] GC(526)   Evacuate Collection Set: 2.4ms
[238.548s][info][gc,phases      ] GC(526)   Post Evacuate Collection Set: 0.2ms
[238.548s][info][gc,phases      ] GC(526)   Other: 0.1ms
[238.548s][info][gc,heap        ] GC(526) Eden regions: 13->0(13)
[238.548s][info][gc,heap        ] GC(526) Survivor regions: 2->2(2)
[238.548s][info][gc,heap        ] GC(526) Old regions: 8->8
[238.548s][info][gc,heap        ] GC(526) Archive regions: 0->0
[238.548s][info][gc,heap        ] GC(526) Humongous regions: 0->0
[238.548s][info][gc,metaspace   ] GC(526) Metaspace: 9937K(10240K)->9937K(10240K) NonClass: 8633K(8832K)->8633K(8832K) Class: 1303K(1408K)->1303K(1408K)
[238.548s][info][gc             ] GC(526) Pause Young (Normal) (G1 Evacuation Pause) 18M->5M(27M) 3.281ms
[238.548s][info][gc,cpu         ] GC(526) User=0.00s Sys=0.00s Real=0.00s
[238.603s][info][gc,start       ] GC(527) Pause Young (Normal) (G1 Evacuation Pause)
[238.603s][info][gc,task        ] GC(527) Using 2 workers of 33 for evacuation
[238.607s][info][gc,phases      ] GC(527)   Pre Evacuate Collection Set: 0.1ms
[238.607s][info][gc,phases      ] GC(527)   Merge Heap Roots: 0.0ms
[238.607s][info][gc,phases      ] GC(527)   Evacuate Collection Set: 3.5ms
[238.607s][info][gc,phases      ] GC(527)   Post Evacuate Collection Set: 0.2ms
[238.607s][info][gc,phases      ] GC(527)   Other: 0.1ms
[238.607s][info][gc,heap        ] GC(527) Eden regions: 13->0(14)
[238.607s][info][gc,heap        ] GC(527) Survivor regions: 2->1(2)
[238.607s][info][gc,heap        ] GC(527) Old regions: 8->9
[238.607s][info][gc,heap        ] GC(527) Archive regions: 0->0
[238.608s][info][gc,heap        ] GC(527) Humongous regions: 0->0
[238.608s][info][gc,metaspace   ] GC(527) Metaspace: 9937K(10240K)->9937K(10240K) NonClass: 8633K(8832K)->8633K(8832K) Class: 1303K(1408K)->1303K(1408K)
[238.608s][info][gc             ] GC(527) Pause Young (Normal) (G1 Evacuation Pause) 18M->5M(27M) 4.403ms
[238.608s][info][gc,cpu         ] GC(527) User=0.00s Sys=0.00s Real=0.00s
[238.668s][info][gc,start       ] GC(528) Pause Young (Normal) (G1 Evacuation Pause)
[238.668s][info][gc,task        ] GC(528) Using 2 workers of 33 for evacuation
[238.672s][info][gc,phases      ] GC(528)   Pre Evacuate Collection Set: 0.1ms
[238.672s][info][gc,phases      ] GC(528)   Merge Heap Roots: 0.1ms
[238.672s][info][gc,phases      ] GC(528)   Evacuate Collection Set: 3.0ms
[238.672s][info][gc,phases      ] GC(528)   Post Evacuate Collection Set: 0.2ms
[238.672s][info][gc,phases      ] GC(528)   Other: 0.1ms
[238.672s][info][gc,heap        ] GC(528) Eden regions: 14->0(12)
[238.672s][info][gc,heap        ] GC(528) Survivor regions: 1->2(2)
[238.672s][info][gc,heap        ] GC(528) Old regions: 9->9
[238.672s][info][gc,heap        ] GC(528) Archive regions: 0->0
[238.672s][info][gc,heap        ] GC(528) Humongous regions: 0->0
[238.672s][info][gc,metaspace   ] GC(528) Metaspace: 9937K(10240K)->9937K(10240K) NonClass: 8633K(8832K)->8633K(8832K) Class: 1303K(1408K)->1303K(1408K)
[238.672s][info][gc             ] GC(528) Pause Young (Normal) (G1 Evacuation Pause) 19M->5M(27M) 3.949ms
[238.672s][info][gc,cpu         ] GC(528) User=0.00s Sys=0.00s Real=0.00s
[238.724s][info][gc,start       ] GC(529) Pause Young (Normal) (G1 Evacuation Pause)
[238.724s][info][gc,task        ] GC(529) Using 2 workers of 33 for evacuation
[238.727s][info][gc,phases      ] GC(529)   Pre Evacuate Collection Set: 0.1ms
[238.727s][info][gc,phases      ] GC(529)   Merge Heap Roots: 0.1ms
[238.727s][info][gc,phases      ] GC(529)   Evacuate Collection Set: 3.1ms
[238.727s][info][gc,phases      ] GC(529)   Post Evacuate Collection Set: 0.3ms
[238.728s][info][gc,phases      ] GC(529)   Other: 0.1ms
[238.728s][info][gc,heap        ] GC(529) Eden regions: 12->0(12)
[238.728s][info][gc,heap        ] GC(529) Survivor regions: 2->2(2)
[238.728s][info][gc,heap        ] GC(529) Old regions: 9->9
[238.728s][info][gc,heap        ] GC(529) Archive regions: 0->0
[238.728s][info][gc,heap        ] GC(529) Humongous regions: 0->0
[238.728s][info][gc,metaspace   ] GC(529) Metaspace: 9937K(10240K)->9937K(10240K) NonClass: 8633K(8832K)->8633K(8832K) Class: 1303K(1408K)->1303K(1408K)
[238.728s][info][gc             ] GC(529) Pause Young (Normal) (G1 Evacuation Pause) 17M->5M(27M) 4.049ms
[238.728s][info][gc,cpu         ] GC(529) User=0.14s Sys=0.00s Real=0.02s
[238.780s][info][gc,start       ] GC(530) Pause Young (Normal) (G1 Evacuation Pause)
[238.793s][info][gc,task        ] GC(530) Using 2 workers of 33 for evacuation
[238.800s][info][gc,phases      ] GC(530)   Pre Evacuate Collection Set: 0.1ms
[238.800s][info][gc,phases      ] GC(530)   Merge Heap Roots: 0.0ms
[238.800s][info][gc,phases      ] GC(530)   Evacuate Collection Set: 3.0ms
[238.800s][info][gc,phases      ] GC(530)   Post Evacuate Collection Set: 3.8ms
[238.800s][info][gc,phases      ] GC(530)   Other: 0.1ms
[238.800s][info][gc,heap        ] GC(530) Eden regions: 12->0(161)
[238.800s][info][gc,heap        ] GC(530) Survivor regions: 2->1(2)
[238.800s][info][gc,heap        ] GC(530) Old regions: 9->9
[238.800s][info][gc,heap        ] GC(530) Archive regions: 0->0
[238.800s][info][gc,heap        ] GC(530) Humongous regions: 0->0
[238.800s][info][gc,metaspace   ] GC(530) Metaspace: 9937K(10240K)->9937K(10240K) NonClass: 8633K(8832K)->8633K(8832K) Class: 1303K(1408K)->1303K(1408K)
[238.800s][info][gc             ] GC(530) Pause Young (Normal) (G1 Evacuation Pause) 17M->5M(270M) 20.242ms
[238.800s][info][gc,cpu         ] GC(530) User=0.00s Sys=0.00s Real=0.02s
[239.545s][info][gc,start       ] GC(531) Pause Young (Normal) (G1 Evacuation Pause)
[239.545s][info][gc,task        ] GC(531) Using 6 workers of 33 for evacuation
[239.547s][info][gc,phases      ] GC(531)   Pre Evacuate Collection Set: 0.1ms
[239.547s][info][gc,phases      ] GC(531)   Merge Heap Roots: 0.1ms
[239.547s][info][gc,phases      ] GC(531)   Evacuate Collection Set: 1.4ms
[239.547s][info][gc,phases      ] GC(531)   Post Evacuate Collection Set: 0.3ms
[239.547s][info][gc,phases      ] GC(531)   Other: 0.1ms
[239.547s][info][gc,heap        ] GC(531) Eden regions: 161->0(160)
[239.547s][info][gc,heap        ] GC(531) Survivor regions: 1->2(21)
[239.547s][info][gc,heap        ] GC(531) Old regions: 9->9
[239.547s][info][gc,heap        ] GC(531) Archive regions: 0->0
[239.547s][info][gc,heap        ] GC(531) Humongous regions: 0->0
[239.547s][info][gc,metaspace   ] GC(531) Metaspace: 9937K(10240K)->9937K(10240K) NonClass: 8633K(8832K)->8633K(8832K) Class: 1303K(1408K)->1303K(1408K)
[239.548s][info][gc             ] GC(531) Pause Young (Normal) (G1 Evacuation Pause) 166M->5M(270M) 2.639ms
[239.548s][info][gc,cpu         ] GC(531) User=0.00s Sys=0.00s Real=0.00s
[240.266s][info][gc,start       ] GC(532) Pause Young (Normal) (G1 Evacuation Pause)
[240.266s][info][gc,task        ] GC(532) Using 6 workers of 33 for evacuation
[240.268s][info][gc,phases      ] GC(532)   Pre Evacuate Collection Set: 0.1ms
[240.268s][info][gc,phases      ] GC(532)   Merge Heap Roots: 0.1ms
[240.268s][info][gc,phases      ] GC(532)   Evacuate Collection Set: 1.2ms
[240.268s][info][gc,phases      ] GC(532)   Post Evacuate Collection Set: 0.3ms
[240.268s][info][gc,phases      ] GC(532)   Other: 0.1ms
[240.268s][info][gc,heap        ] GC(532) Eden regions: 160->0(160)
[240.268s][info][gc,heap        ] GC(532) Survivor regions: 2->2(21)
[240.268s][info][gc,heap        ] GC(532) Old regions: 9->9
[240.268s][info][gc,heap        ] GC(532) Archive regions: 0->0
[240.268s][info][gc,heap        ] GC(532) Humongous regions: 0->0
[240.268s][info][gc,metaspace   ] GC(532) Metaspace: 9937K(10240K)->9937K(10240K) NonClass: 8633K(8832K)->8633K(8832K) Class: 1303K(1408K)->1303K(1408K)
[240.268s][info][gc             ] GC(532) Pause Young (Normal) (G1 Evacuation Pause) 165M->5M(270M) 2.389ms
[240.268s][info][gc,cpu         ] GC(532) User=0.00s Sys=0.00s Real=0.00s
[240.979s][info][gc,start       ] GC(533) Pause Young (Normal) (G1 Evacuation Pause)
[240.979s][info][gc,task        ] GC(533) Using 6 workers of 33 for evacuation
[240.981s][info][gc,phases      ] GC(533)   Pre Evacuate Collection Set: 0.1ms
[240.981s][info][gc,phases      ] GC(533)   Merge Heap Roots: 0.1ms
[240.981s][info][gc,phases      ] GC(533)   Evacuate Collection Set: 1.3ms
[240.981s][info][gc,phases      ] GC(533)   Post Evacuate Collection Set: 0.3ms
[240.981s][info][gc,phases      ] GC(533)   Other: 0.1ms
[240.982s][info][gc,heap        ] GC(533) Eden regions: 160->0(160)
[240.982s][info][gc,heap        ] GC(533) Survivor regions: 2->2(21)
[240.982s][info][gc,heap        ] GC(533) Old regions: 9->9
[240.982s][info][gc,heap        ] GC(533) Archive regions: 0->0
[240.982s][info][gc,heap        ] GC(533) Humongous regions: 0->0
[240.982s][info][gc,metaspace   ] GC(533) Metaspace: 9937K(10240K)->9937K(10240K) NonClass: 8633K(8832K)->8633K(8832K) Class: 1303K(1408K)->1303K(1408K)
[240.982s][info][gc             ] GC(533) Pause Young (Normal) (G1 Evacuation Pause) 165M->5M(270M) 2.519ms
[240.982s][info][gc,cpu         ] GC(533) User=0.02s Sys=0.00s Real=0.02s
[241.685s][info][gc,start       ] GC(534) Pause Young (Normal) (G1 Evacuation Pause)
[241.685s][info][gc,task        ] GC(534) Using 6 workers of 33 for evacuation
[241.687s][info][gc,phases      ] GC(534)   Pre Evacuate Collection Set: 0.1ms
[241.687s][info][gc,phases      ] GC(534)   Merge Heap Roots: 0.1ms
[241.687s][info][gc,phases      ] GC(534)   Evacuate Collection Set: 1.0ms
[241.687s][info][gc,phases      ] GC(534)   Post Evacuate Collection Set: 0.3ms
[241.687s][info][gc,phases      ] GC(534)   Other: 0.1ms
[241.687s][info][gc,heap        ] GC(534) Eden regions: 160->0(160)
[241.687s][info][gc,heap        ] GC(534) Survivor regions: 2->2(21)
[241.687s][info][gc,heap        ] GC(534) Old regions: 9->9
[241.687s][info][gc,heap        ] GC(534) Archive regions: 0->0
[241.687s][info][gc,heap        ] GC(534) Humongous regions: 0->0
[241.687s][info][gc,metaspace   ] GC(534) Metaspace: 9937K(10240K)->9937K(10240K) NonClass: 8633K(8832K)->8633K(8832K) Class: 1303K(1408K)->1303K(1408K)
[241.687s][info][gc             ] GC(534) Pause Young (Normal) (G1 Evacuation Pause) 165M->5M(270M) 2.244ms
[241.687s][info][gc,cpu         ] GC(534) User=0.00s Sys=0.00s Real=0.00s
[242.406s][info][gc,start       ] GC(535) Pause Young (Normal) (G1 Evacuation Pause)
[242.406s][info][gc,task        ] GC(535) Using 6 workers of 33 for evacuation
[242.408s][info][gc,phases      ] GC(535)   Pre Evacuate Collection Set: 0.1ms
[242.408s][info][gc,phases      ] GC(535)   Merge Heap Roots: 0.1ms
[242.408s][info][gc,phases      ] GC(535)   Evacuate Collection Set: 1.3ms
[242.408s][info][gc,phases      ] GC(535)   Post Evacuate Collection Set: 0.3ms
[242.408s][info][gc,phases      ] GC(535)   Other: 0.1ms
[242.408s][info][gc,heap        ] GC(535) Eden regions: 160->0(160)
[242.408s][info][gc,heap        ] GC(535) Survivor regions: 2->2(21)
[242.408s][info][gc,heap        ] GC(535) Old regions: 9->9
[242.408s][info][gc,heap        ] GC(535) Archive regions: 0->0
[242.408s][info][gc,heap        ] GC(535) Humongous regions: 0->0
[242.408s][info][gc,metaspace   ] GC(535) Metaspace: 9937K(10240K)->9937K(10240K) NonClass: 8633K(8832K)->8633K(8832K) Class: 1303K(1408K)->1303K(1408K)
[242.409s][info][gc             ] GC(535) Pause Young (Normal) (G1 Evacuation Pause) 165M->5M(270M) 2.572ms
[242.409s][info][gc,cpu         ] GC(535) User=0.00s Sys=0.00s Real=0.00s
[243.124s][info][gc,start       ] GC(536) Pause Young (Normal) (G1 Evacuation Pause)
[243.124s][info][gc,task        ] GC(536) Using 6 workers of 33 for evacuation
[243.126s][info][gc,phases      ] GC(536)   Pre Evacuate Collection Set: 0.1ms
[243.126s][info][gc,phases      ] GC(536)   Merge Heap Roots: 0.1ms
[243.126s][info][gc,phases      ] GC(536)   Evacuate Collection Set: 1.3ms
[243.126s][info][gc,phases      ] GC(536)   Post Evacuate Collection Set: 0.4ms
[243.126s][info][gc,phases      ] GC(536)   Other: 0.1ms
[243.126s][info][gc,heap        ] GC(536) Eden regions: 160->0(160)
[243.126s][info][gc,heap        ] GC(536) Survivor regions: 2->2(21)
[243.126s][info][gc,heap        ] GC(536) Old regions: 9->9
[243.126s][info][gc,heap        ] GC(536) Archive regions: 0->0
[243.126s][info][gc,heap        ] GC(536) Humongous regions: 0->0
[243.126s][info][gc,metaspace   ] GC(536) Metaspace: 9937K(10240K)->9937K(10240K) NonClass: 8633K(8832K)->8633K(8832K) Class: 1303K(1408K)->1303K(1408K)
[243.127s][info][gc             ] GC(536) Pause Young (Normal) (G1 Evacuation Pause) 165M->5M(270M) 2.523ms
[243.127s][info][gc,cpu         ] GC(536) User=0.00s Sys=0.00s Real=0.00s
[243.841s][info][gc,start       ] GC(537) Pause Young (Normal) (G1 Evacuation Pause)
[243.841s][info][gc,task        ] GC(537) Using 6 workers of 33 for evacuation
[243.843s][info][gc,phases      ] GC(537)   Pre Evacuate Collection Set: 0.1ms
[243.843s][info][gc,phases      ] GC(537)   Merge Heap Roots: 0.1ms
[243.843s][info][gc,phases      ] GC(537)   Evacuate Collection Set: 1.2ms
[243.843s][info][gc,phases      ] GC(537)   Post Evacuate Collection Set: 0.3ms
[243.843s][info][gc,phases      ] GC(537)   Other: 0.1ms
[243.843s][info][gc,heap        ] GC(537) Eden regions: 160->0(160)
[243.843s][info][gc,heap        ] GC(537) Survivor regions: 2->2(21)
[243.843s][info][gc,heap        ] GC(537) Old regions: 9->9
[243.843s][info][gc,heap        ] GC(537) Archive regions: 0->0
[243.843s][info][gc,heap        ] GC(537) Humongous regions: 0->0
[243.843s][info][gc,metaspace   ] GC(537) Metaspace: 9937K(10240K)->9937K(10240K) NonClass: 8633K(8832K)->8633K(8832K) Class: 1303K(1408K)->1303K(1408K)
[243.843s][info][gc             ] GC(537) Pause Young (Normal) (G1 Evacuation Pause) 165M->5M(270M) 2.432ms
[243.844s][info][gc,cpu         ] GC(537) User=0.00s Sys=0.00s Real=0.00s
[244.556s][info][gc,start       ] GC(538) Pause Young (Normal) (G1 Evacuation Pause)
[244.556s][info][gc,task        ] GC(538) Using 6 workers of 33 for evacuation
[244.558s][info][gc,phases      ] GC(538)   Pre Evacuate Collection Set: 0.1ms
[244.558s][info][gc,phases      ] GC(538)   Merge Heap Roots: 0.1ms
[244.558s][info][gc,phases      ] GC(538)   Evacuate Collection Set: 1.2ms
[244.558s][info][gc,phases      ] GC(538)   Post Evacuate Collection Set: 0.4ms
[244.558s][info][gc,phases      ] GC(538)   Other: 0.1ms
[244.558s][info][gc,heap        ] GC(538) Eden regions: 160->0(160)
[244.559s][info][gc,heap        ] GC(538) Survivor regions: 2->2(21)
[244.559s][info][gc,heap        ] GC(538) Old regions: 9->9
[244.559s][info][gc,heap        ] GC(538) Archive regions: 0->0
[244.559s][info][gc,heap        ] GC(538) Humongous regions: 0->0
[244.559s][info][gc,metaspace   ] GC(538) Metaspace: 9937K(10240K)->9937K(10240K) NonClass: 8633K(8832K)->8633K(8832K) Class: 1303K(1408K)->1303K(1408K)
[244.559s][info][gc             ] GC(538) Pause Young (Normal) (G1 Evacuation Pause) 165M->5M(270M) 2.504ms
[244.559s][info][gc,cpu         ] GC(538) User=0.00s Sys=0.00s Real=0.00s
[245.268s][info][gc,start       ] GC(539) Pause Young (Normal) (G1 Evacuation Pause)
[245.268s][info][gc,task        ] GC(539) Using 6 workers of 33 for evacuation
[245.270s][info][gc,phases      ] GC(539)   Pre Evacuate Collection Set: 0.1ms
[245.270s][info][gc,phases      ] GC(539)   Merge Heap Roots: 0.1ms
[245.270s][info][gc,phases      ] GC(539)   Evacuate Collection Set: 1.3ms
[245.270s][info][gc,phases      ] GC(539)   Post Evacuate Collection Set: 0.3ms
[245.270s][info][gc,phases      ] GC(539)   Other: 0.1ms
[245.270s][info][gc,heap        ] GC(539) Eden regions: 160->0(160)
[245.270s][info][gc,heap        ] GC(539) Survivor regions: 2->2(21)
[245.270s][info][gc,heap        ] GC(539) Old regions: 9->9
[245.270s][info][gc,heap        ] GC(539) Archive regions: 0->0
[245.271s][info][gc,heap        ] GC(539) Humongous regions: 0->0
[245.271s][info][gc,metaspace   ] GC(539) Metaspace: 9937K(10240K)->9937K(10240K) NonClass: 8633K(8832K)->8633K(8832K) Class: 1303K(1408K)->1303K(1408K)
[245.271s][info][gc             ] GC(539) Pause Young (Normal) (G1 Evacuation Pause) 165M->5M(270M) 2.522ms
[245.271s][info][gc,cpu         ] GC(539) User=0.00s Sys=0.00s Real=0.00s
[245.644s][info][gc,start       ] GC(540) Pause Full (System.gc())
[245.644s][info][gc,task        ] GC(540) Using 6 workers of 33 for full compaction
[245.644s][info][gc,phases,start] GC(540) Phase 1: Mark live objects
[245.649s][info][gc,phases      ] GC(540) Phase 1: Mark live objects 5.313ms
[245.649s][info][gc,phases,start] GC(540) Phase 2: Prepare compaction
[245.651s][info][gc,phases      ] GC(540) Phase 2: Prepare compaction 1.201ms
[245.651s][info][gc,phases,start] GC(540) Phase 3: Adjust pointers
[245.655s][info][gc,phases      ] GC(540) Phase 3: Adjust pointers 3.961ms
[245.655s][info][gc,phases,start] GC(540) Phase 4: Compact heap
[245.655s][info][gc,phases      ] GC(540) Phase 4: Compact heap 0.589ms
[245.660s][info][gc,heap        ] GC(540) Eden regions: 83->0(16)
[245.660s][info][gc,heap        ] GC(540) Survivor regions: 2->0(21)
[245.660s][info][gc,heap        ] GC(540) Old regions: 9->8
[245.660s][info][gc,heap        ] GC(540) Archive regions: 0->0
[245.660s][info][gc,heap        ] GC(540) Humongous regions: 0->0
[245.660s][info][gc,metaspace   ] GC(540) Metaspace: 9937K(10240K)->9937K(10240K) NonClass: 8633K(8832K)->8633K(8832K) Class: 1303K(1408K)->1303K(1408K)
[245.660s][info][gc             ] GC(540) Pause Full (System.gc()) 88M->3M(27M) 16.536ms
[245.660s][info][gc,cpu         ] GC(540) User=0.09s Sys=0.00s Real=0.02s
[245.732s][info][gc,start       ] GC(541) Pause Young (Normal) (G1 Evacuation Pause)
[245.732s][info][gc,task        ] GC(541) Using 4 workers of 33 for evacuation
[245.734s][info][gc,phases      ] GC(541)   Pre Evacuate Collection Set: 0.1ms
[245.734s][info][gc,phases      ] GC(541)   Merge Heap Roots: 0.1ms
[245.734s][info][gc,phases      ] GC(541)   Evacuate Collection Set: 1.9ms
[245.734s][info][gc,phases      ] GC(541)   Post Evacuate Collection Set: 0.2ms
[245.734s][info][gc,phases      ] GC(541)   Other: 0.1ms
[245.734s][info][gc,heap        ] GC(541) Eden regions: 16->0(13)
[245.734s][info][gc,heap        ] GC(541) Survivor regions: 0->2(2)
[245.734s][info][gc,heap        ] GC(541) Old regions: 8->8
[245.734s][info][gc,heap        ] GC(541) Archive regions: 0->0
[245.734s][info][gc,heap        ] GC(541) Humongous regions: 0->0
[245.734s][info][gc,metaspace   ] GC(541) Metaspace: 9937K(10240K)->9937K(10240K) NonClass: 8633K(8832K)->8633K(8832K) Class: 1303K(1408K)->1303K(1408K)
[245.734s][info][gc             ] GC(541) Pause Young (Normal) (G1 Evacuation Pause) 19M->5M(27M) 2.900ms
[245.734s][info][gc,cpu         ] GC(541) User=0.00s Sys=0.00s Real=0.00s
[245.789s][info][gc,start       ] GC(542) Pause Young (Normal) (G1 Evacuation Pause)
[245.789s][info][gc,task        ] GC(542) Using 3 workers of 33 for evacuation
[245.792s][info][gc,phases      ] GC(542)   Pre Evacuate Collection Set: 0.1ms
[245.792s][info][gc,phases      ] GC(542)   Merge Heap Roots: 0.0ms
[245.792s][info][gc,phases      ] GC(542)   Evacuate Collection Set: 2.3ms
[245.792s][info][gc,phases      ] GC(542)   Post Evacuate Collection Set: 0.2ms
[245.792s][info][gc,phases      ] GC(542)   Other: 0.1ms
[245.792s][info][gc,heap        ] GC(542) Eden regions: 13->0(14)
[245.792s][info][gc,heap        ] GC(542) Survivor regions: 2->1(2)
[245.792s][info][gc,heap        ] GC(542) Old regions: 8->9
[245.792s][info][gc,heap        ] GC(542) Archive regions: 0->0
[245.792s][info][gc,heap        ] GC(542) Humongous regions: 0->0
[245.792s][info][gc,metaspace   ] GC(542) Metaspace: 9937K(10240K)->9937K(10240K) NonClass: 8633K(8832K)->8633K(8832K) Class: 1303K(1408K)->1303K(1408K)
[245.792s][info][gc             ] GC(542) Pause Young (Normal) (G1 Evacuation Pause) 18M->5M(27M) 3.208ms
[245.792s][info][gc,cpu         ] GC(542) User=0.00s Sys=0.00s Real=0.00s
[245.849s][info][gc,start       ] GC(543) Pause Young (Normal) (G1 Evacuation Pause)
[245.862s][info][gc,task        ] GC(543) Using 2 workers of 33 for evacuation
[245.865s][info][gc,phases      ] GC(543)   Pre Evacuate Collection Set: 0.1ms
[245.865s][info][gc,phases      ] GC(543)   Merge Heap Roots: 0.0ms
[245.865s][info][gc,phases      ] GC(543)   Evacuate Collection Set: 2.7ms
[245.865s][info][gc,phases      ] GC(543)   Post Evacuate Collection Set: 0.2ms
[245.865s][info][gc,phases      ] GC(543)   Other: 0.1ms
[245.865s][info][gc,heap        ] GC(543) Eden regions: 14->0(12)
[245.865s][info][gc,heap        ] GC(543) Survivor regions: 1->2(2)
[245.865s][info][gc,heap        ] GC(543) Old regions: 9->9
[245.865s][info][gc,heap        ] GC(543) Archive regions: 0->0
[245.865s][info][gc,heap        ] GC(543) Humongous regions: 0->0
[245.866s][info][gc,metaspace   ] GC(543) Metaspace: 9937K(10240K)->9937K(10240K) NonClass: 8633K(8832K)->8633K(8832K) Class: 1303K(1408K)->1303K(1408K)
[245.866s][info][gc             ] GC(543) Pause Young (Normal) (G1 Evacuation Pause) 19M->5M(27M) 16.811ms
[245.866s][info][gc,cpu         ] GC(543) User=0.00s Sys=0.00s Real=0.02s
[245.915s][info][gc,start       ] GC(544) Pause Young (Normal) (G1 Evacuation Pause)
[245.915s][info][gc,task        ] GC(544) Using 2 workers of 33 for evacuation
[245.919s][info][gc,phases      ] GC(544)   Pre Evacuate Collection Set: 0.1ms
[245.919s][info][gc,phases      ] GC(544)   Merge Heap Roots: 0.0ms
[245.919s][info][gc,phases      ] GC(544)   Evacuate Collection Set: 2.9ms
[245.919s][info][gc,phases      ] GC(544)   Post Evacuate Collection Set: 0.2ms
[245.919s][info][gc,phases      ] GC(544)   Other: 0.1ms
[245.919s][info][gc,heap        ] GC(544) Eden regions: 12->0(14)
[245.919s][info][gc,heap        ] GC(544) Survivor regions: 2->1(2)
[245.919s][info][gc,heap        ] GC(544) Old regions: 9->9
[245.919s][info][gc,heap        ] GC(544) Archive regions: 0->0
[245.919s][info][gc,heap        ] GC(544) Humongous regions: 0->0
[245.919s][info][gc,metaspace   ] GC(544) Metaspace: 9937K(10240K)->9937K(10240K) NonClass: 8633K(8832K)->8633K(8832K) Class: 1303K(1408K)->1303K(1408K)
[245.919s][info][gc             ] GC(544) Pause Young (Normal) (G1 Evacuation Pause) 17M->5M(27M) 3.799ms
[245.919s][info][gc,cpu         ] GC(544) User=0.00s Sys=0.00s Real=0.00s
[245.984s][info][gc,start       ] GC(545) Pause Young (Normal) (G1 Evacuation Pause)
[245.984s][info][gc,task        ] GC(545) Using 2 workers of 33 for evacuation
[245.987s][info][gc,phases      ] GC(545)   Pre Evacuate Collection Set: 0.1ms
[245.987s][info][gc,phases      ] GC(545)   Merge Heap Roots: 0.1ms
[245.987s][info][gc,phases      ] GC(545)   Evacuate Collection Set: 2.9ms
[245.987s][info][gc,phases      ] GC(545)   Post Evacuate Collection Set: 0.2ms
[245.987s][info][gc,phases      ] GC(545)   Other: 0.1ms
[245.987s][info][gc,heap        ] GC(545) Eden regions: 14->0(14)
[245.987s][info][gc,heap        ] GC(545) Survivor regions: 1->1(2)
[245.987s][info][gc,heap        ] GC(545) Old regions: 9->9
[245.987s][info][gc,heap        ] GC(545) Archive regions: 0->0
[245.987s][info][gc,heap        ] GC(545) Humongous regions: 0->0
[245.988s][info][gc,metaspace   ] GC(545) Metaspace: 9937K(10240K)->9937K(10240K) NonClass: 8633K(8832K)->8633K(8832K) Class: 1303K(1408K)->1303K(1408K)
[245.988s][info][gc             ] GC(545) Pause Young (Normal) (G1 Evacuation Pause) 19M->5M(27M) 3.818ms
[245.988s][info][gc,cpu         ] GC(545) User=0.03s Sys=0.00s Real=0.02s
[246.045s][info][gc,start       ] GC(546) Pause Young (Normal) (G1 Evacuation Pause)
[246.045s][info][gc,task        ] GC(546) Using 2 workers of 33 for evacuation
[246.052s][info][gc,phases      ] GC(546)   Pre Evacuate Collection Set: 0.1ms
[246.052s][info][gc,phases      ] GC(546)   Merge Heap Roots: 0.1ms
[246.052s][info][gc,phases      ] GC(546)   Evacuate Collection Set: 2.6ms
[246.052s][info][gc,phases      ] GC(546)   Post Evacuate Collection Set: 3.9ms
[246.052s][info][gc,phases      ] GC(546)   Other: 0.1ms
[246.052s][info][gc,heap        ] GC(546) Eden regions: 14->0(161)
[246.052s][info][gc,heap        ] GC(546) Survivor regions: 1->1(2)
[246.052s][info][gc,heap        ] GC(546) Old regions: 9->9
[246.052s][info][gc,heap        ] GC(546) Archive regions: 0->0
[246.052s][info][gc,heap        ] GC(546) Humongous regions: 0->0
[246.052s][info][gc,metaspace   ] GC(546) Metaspace: 9937K(10240K)->9937K(10240K) NonClass: 8633K(8832K)->8633K(8832K) Class: 1303K(1408K)->1303K(1408K)
[246.052s][info][gc             ] GC(546) Pause Young (Normal) (G1 Evacuation Pause) 19M->5M(270M) 7.196ms
[246.052s][info][gc,cpu         ] GC(546) User=0.00s Sys=0.02s Real=0.02s
[246.798s][info][gc,start       ] GC(547) Pause Young (Normal) (G1 Evacuation Pause)
[246.798s][info][gc,task        ] GC(547) Using 6 workers of 33 for evacuation
[246.800s][info][gc,phases      ] GC(547)   Pre Evacuate Collection Set: 0.1ms
[246.800s][info][gc,phases      ] GC(547)   Merge Heap Roots: 0.1ms
[246.800s][info][gc,phases      ] GC(547)   Evacuate Collection Set: 1.7ms
[246.800s][info][gc,phases      ] GC(547)   Post Evacuate Collection Set: 0.3ms
[246.800s][info][gc,phases      ] GC(547)   Other: 0.1ms
[246.800s][info][gc,heap        ] GC(547) Eden regions: 161->0(160)
[246.801s][info][gc,heap        ] GC(547) Survivor regions: 1->2(21)
[246.801s][info][gc,heap        ] GC(547) Old regions: 9->9
[246.801s][info][gc,heap        ] GC(547) Archive regions: 0->0
[246.801s][info][gc,heap        ] GC(547) Humongous regions: 0->0
[246.801s][info][gc,metaspace   ] GC(547) Metaspace: 9937K(10240K)->9937K(10240K) NonClass: 8633K(8832K)->8633K(8832K) Class: 1303K(1408K)->1303K(1408K)
[246.801s][info][gc             ] GC(547) Pause Young (Normal) (G1 Evacuation Pause) 166M->5M(270M) 2.890ms
[246.801s][info][gc,cpu         ] GC(547) User=0.00s Sys=0.00s Real=0.00s
[247.529s][info][gc,start       ] GC(548) Pause Young (Normal) (G1 Evacuation Pause)
[247.529s][info][gc,task        ] GC(548) Using 6 workers of 33 for evacuation
[247.531s][info][gc,phases      ] GC(548)   Pre Evacuate Collection Set: 0.1ms
[247.531s][info][gc,phases      ] GC(548)   Merge Heap Roots: 0.1ms
[247.531s][info][gc,phases      ] GC(548)   Evacuate Collection Set: 1.4ms
[247.531s][info][gc,phases      ] GC(548)   Post Evacuate Collection Set: 0.3ms
[247.531s][info][gc,phases      ] GC(548)   Other: 0.1ms
[247.531s][info][gc,heap        ] GC(548) Eden regions: 160->0(160)
[247.531s][info][gc,heap        ] GC(548) Survivor regions: 2->2(21)
[247.531s][info][gc,heap        ] GC(548) Old regions: 9->9
[247.531s][info][gc,heap        ] GC(548) Archive regions: 0->0
[247.531s][info][gc,heap        ] GC(548) Humongous regions: 0->0
[247.531s][info][gc,metaspace   ] GC(548) Metaspace: 9937K(10240K)->9937K(10240K) NonClass: 8633K(8832K)->8633K(8832K) Class: 1303K(1408K)->1303K(1408K)
[247.531s][info][gc             ] GC(548) Pause Young (Normal) (G1 Evacuation Pause) 165M->5M(270M) 2.594ms
[247.531s][info][gc,cpu         ] GC(548) User=0.00s Sys=0.00s Real=0.00s
[248.237s][info][gc,start       ] GC(549) Pause Young (Normal) (G1 Evacuation Pause)
[248.237s][info][gc,task        ] GC(549) Using 6 workers of 33 for evacuation
[248.239s][info][gc,phases      ] GC(549)   Pre Evacuate Collection Set: 0.1ms
[248.239s][info][gc,phases      ] GC(549)   Merge Heap Roots: 0.1ms
[248.239s][info][gc,phases      ] GC(549)   Evacuate Collection Set: 1.4ms
[248.239s][info][gc,phases      ] GC(549)   Post Evacuate Collection Set: 0.4ms
[248.239s][info][gc,phases      ] GC(549)   Other: 0.1ms
[248.239s][info][gc,heap        ] GC(549) Eden regions: 160->0(160)
[248.239s][info][gc,heap        ] GC(549) Survivor regions: 2->2(21)
[248.239s][info][gc,heap        ] GC(549) Old regions: 9->9
[248.239s][info][gc,heap        ] GC(549) Archive regions: 0->0
[248.239s][info][gc,heap        ] GC(549) Humongous regions: 0->0
[248.239s][info][gc,metaspace   ] GC(549) Metaspace: 9937K(10240K)->9937K(10240K) NonClass: 8633K(8832K)->8633K(8832K) Class: 1303K(1408K)->1303K(1408K)
[248.239s][info][gc             ] GC(549) Pause Young (Normal) (G1 Evacuation Pause) 165M->5M(270M) 2.667ms
[248.239s][info][gc,cpu         ] GC(549) User=0.00s Sys=0.00s Real=0.00s
[248.937s][info][gc,start       ] GC(550) Pause Young (Normal) (G1 Evacuation Pause)
[248.937s][info][gc,task        ] GC(550) Using 6 workers of 33 for evacuation
[248.939s][info][gc,phases      ] GC(550)   Pre Evacuate Collection Set: 0.1ms
[248.939s][info][gc,phases      ] GC(550)   Merge Heap Roots: 0.1ms
[248.939s][info][gc,phases      ] GC(550)   Evacuate Collection Set: 1.2ms
[248.939s][info][gc,phases      ] GC(550)   Post Evacuate Collection Set: 0.3ms
[248.940s][info][gc,phases      ] GC(550)   Other: 0.1ms
[248.940s][info][gc,heap        ] GC(550) Eden regions: 160->0(160)
[248.940s][info][gc,heap        ] GC(550) Survivor regions: 2->2(21)
[248.940s][info][gc,heap        ] GC(550) Old regions: 9->9
[248.940s][info][gc,heap        ] GC(550) Archive regions: 0->0
[248.940s][info][gc,heap        ] GC(550) Humongous regions: 0->0
[248.940s][info][gc,metaspace   ] GC(550) Metaspace: 9937K(10240K)->9937K(10240K) NonClass: 8633K(8832K)->8633K(8832K) Class: 1303K(1408K)->1303K(1408K)
[248.940s][info][gc             ] GC(550) Pause Young (Normal) (G1 Evacuation Pause) 165M->5M(270M) 2.444ms
[248.940s][info][gc,cpu         ] GC(550) User=0.00s Sys=0.00s Real=0.00s
[249.680s][info][gc,start       ] GC(551) Pause Young (Normal) (G1 Evacuation Pause)
[249.680s][info][gc,task        ] GC(551) Using 6 workers of 33 for evacuation
[249.682s][info][gc,phases      ] GC(551)   Pre Evacuate Collection Set: 0.1ms
[249.682s][info][gc,phases      ] GC(551)   Merge Heap Roots: 0.1ms
[249.682s][info][gc,phases      ] GC(551)   Evacuate Collection Set: 1.4ms
[249.682s][info][gc,phases      ] GC(551)   Post Evacuate Collection Set: 0.4ms
[249.682s][info][gc,phases      ] GC(551)   Other: 0.1ms
[249.682s][info][gc,heap        ] GC(551) Eden regions: 160->0(160)
[249.682s][info][gc,heap        ] GC(551) Survivor regions: 2->2(21)
[249.682s][info][gc,heap        ] GC(551) Old regions: 9->9
[249.682s][info][gc,heap        ] GC(551) Archive regions: 0->0
[249.682s][info][gc,heap        ] GC(551) Humongous regions: 0->0
[249.682s][info][gc,metaspace   ] GC(551) Metaspace: 9937K(10240K)->9937K(10240K) NonClass: 8633K(8832K)->8633K(8832K) Class: 1303K(1408K)->1303K(1408K)
[249.682s][info][gc             ] GC(551) Pause Young (Normal) (G1 Evacuation Pause) 165M->5M(270M) 2.637ms
[249.683s][info][gc,cpu         ] GC(551) User=0.00s Sys=0.00s Real=0.00s
[250.385s][info][gc,start       ] GC(552) Pause Young (Normal) (G1 Evacuation Pause)
[250.386s][info][gc,task        ] GC(552) Using 6 workers of 33 for evacuation
[250.388s][info][gc,phases      ] GC(552)   Pre Evacuate Collection Set: 0.1ms
[250.388s][info][gc,phases      ] GC(552)   Merge Heap Roots: 0.1ms
[250.388s][info][gc,phases      ] GC(552)   Evacuate Collection Set: 1.3ms
[250.388s][info][gc,phases      ] GC(552)   Post Evacuate Collection Set: 0.4ms
[250.388s][info][gc,phases      ] GC(552)   Other: 0.1ms
[250.388s][info][gc,heap        ] GC(552) Eden regions: 160->0(160)
[250.388s][info][gc,heap        ] GC(552) Survivor regions: 2->2(21)
[250.388s][info][gc,heap        ] GC(552) Old regions: 9->9
[250.388s][info][gc,heap        ] GC(552) Archive regions: 0->0
[250.388s][info][gc,heap        ] GC(552) Humongous regions: 0->0
[250.388s][info][gc,metaspace   ] GC(552) Metaspace: 9937K(10240K)->9937K(10240K) NonClass: 8633K(8832K)->8633K(8832K) Class: 1303K(1408K)->1303K(1408K)
[250.388s][info][gc             ] GC(552) Pause Young (Normal) (G1 Evacuation Pause) 165M->5M(270M) 2.587ms
[250.388s][info][gc,cpu         ] GC(552) User=0.00s Sys=0.00s Real=0.00s
[251.096s][info][gc,start       ] GC(553) Pause Young (Normal) (G1 Evacuation Pause)
[251.096s][info][gc,task        ] GC(553) Using 6 workers of 33 for evacuation
[251.098s][info][gc,phases      ] GC(553)   Pre Evacuate Collection Set: 0.1ms
[251.098s][info][gc,phases      ] GC(553)   Merge Heap Roots: 0.1ms
[251.098s][info][gc,phases      ] GC(553)   Evacuate Collection Set: 1.4ms
[251.098s][info][gc,phases      ] GC(553)   Post Evacuate Collection Set: 0.3ms
[251.098s][info][gc,phases      ] GC(553)   Other: 0.1ms
[251.098s][info][gc,heap        ] GC(553) Eden regions: 160->0(160)
[251.098s][info][gc,heap        ] GC(553) Survivor regions: 2->2(21)
[251.098s][info][gc,heap        ] GC(553) Old regions: 9->9
[251.098s][info][gc,heap        ] GC(553) Archive regions: 0->0
[251.098s][info][gc,heap        ] GC(553) Humongous regions: 0->0
[251.098s][info][gc,metaspace   ] GC(553) Metaspace: 9937K(10240K)->9937K(10240K) NonClass: 8633K(8832K)->8633K(8832K) Class: 1303K(1408K)->1303K(1408K)
[251.098s][info][gc             ] GC(553) Pause Young (Normal) (G1 Evacuation Pause) 165M->5M(270M) 2.642ms
[251.098s][info][gc,cpu         ] GC(553) User=0.00s Sys=0.00s Real=0.00s
[251.803s][info][gc,start       ] GC(554) Pause Young (Normal) (G1 Evacuation Pause)
[251.803s][info][gc,task        ] GC(554) Using 6 workers of 33 for evacuation
[251.805s][info][gc,phases      ] GC(554)   Pre Evacuate Collection Set: 0.1ms
[251.805s][info][gc,phases      ] GC(554)   Merge Heap Roots: 0.1ms
[251.805s][info][gc,phases      ] GC(554)   Evacuate Collection Set: 1.3ms
[251.805s][info][gc,phases      ] GC(554)   Post Evacuate Collection Set: 0.3ms
[251.806s][info][gc,phases      ] GC(554)   Other: 0.1ms
[251.806s][info][gc,heap        ] GC(554) Eden regions: 160->0(160)
[251.806s][info][gc,heap        ] GC(554) Survivor regions: 2->2(21)
[251.806s][info][gc,heap        ] GC(554) Old regions: 9->9
[251.806s][info][gc,heap        ] GC(554) Archive regions: 0->0
[251.806s][info][gc,heap        ] GC(554) Humongous regions: 0->0
[251.806s][info][gc,metaspace   ] GC(554) Metaspace: 9937K(10240K)->9937K(10240K) NonClass: 8633K(8832K)->8633K(8832K) Class: 1303K(1408K)->1303K(1408K)
[251.806s][info][gc             ] GC(554) Pause Young (Normal) (G1 Evacuation Pause) 165M->5M(270M) 2.552ms
[251.806s][info][gc,cpu         ] GC(554) User=0.00s Sys=0.00s Real=0.00s
[252.520s][info][gc,start       ] GC(555) Pause Young (Normal) (G1 Evacuation Pause)
[252.520s][info][gc,task        ] GC(555) Using 6 workers of 33 for evacuation
[252.522s][info][gc,phases      ] GC(555)   Pre Evacuate Collection Set: 0.1ms
[252.522s][info][gc,phases      ] GC(555)   Merge Heap Roots: 0.1ms
[252.522s][info][gc,phases      ] GC(555)   Evacuate Collection Set: 1.4ms
[252.522s][info][gc,phases      ] GC(555)   Post Evacuate Collection Set: 0.3ms
[252.522s][info][gc,phases      ] GC(555)   Other: 0.1ms
[252.522s][info][gc,heap        ] GC(555) Eden regions: 160->0(160)
[252.522s][info][gc,heap        ] GC(555) Survivor regions: 2->2(21)
[252.522s][info][gc,heap        ] GC(555) Old regions: 9->9
[252.522s][info][gc,heap        ] GC(555) Archive regions: 0->0
[252.522s][info][gc,heap        ] GC(555) Humongous regions: 0->0
[252.522s][info][gc,metaspace   ] GC(555) Metaspace: 9937K(10240K)->9937K(10240K) NonClass: 8633K(8832K)->8633K(8832K) Class: 1303K(1408K)->1303K(1408K)
[252.523s][info][gc             ] GC(555) Pause Young (Normal) (G1 Evacuation Pause) 165M->5M(270M) 2.588ms
[252.523s][info][gc,cpu         ] GC(555) User=0.00s Sys=0.00s Real=0.00s
[252.930s][info][gc,start       ] GC(556) Pause Full (System.gc())
[252.931s][info][gc,task        ] GC(556) Using 6 workers of 33 for full compaction
[252.931s][info][gc,phases,start] GC(556) Phase 1: Mark live objects
[252.937s][info][gc,phases      ] GC(556) Phase 1: Mark live objects 5.533ms
[252.949s][info][gc,phases,start] GC(556) Phase 2: Prepare compaction
[252.950s][info][gc,phases      ] GC(556) Phase 2: Prepare compaction 1.266ms
[252.950s][info][gc,phases,start] GC(556) Phase 3: Adjust pointers
[252.954s][info][gc,phases      ] GC(556) Phase 3: Adjust pointers 3.932ms
[252.954s][info][gc,phases,start] GC(556) Phase 4: Compact heap
[252.954s][info][gc,phases      ] GC(556) Phase 4: Compact heap 0.603ms
[252.959s][info][gc,heap        ] GC(556) Eden regions: 92->0(16)
[252.959s][info][gc,heap        ] GC(556) Survivor regions: 2->0(21)
[252.959s][info][gc,heap        ] GC(556) Old regions: 9->8
[252.959s][info][gc,heap        ] GC(556) Archive regions: 0->0
[252.959s][info][gc,heap        ] GC(556) Humongous regions: 0->0
[252.959s][info][gc,metaspace   ] GC(556) Metaspace: 9937K(10240K)->9937K(10240K) NonClass: 8633K(8832K)->8633K(8832K) Class: 1303K(1408K)->1303K(1408K)
[252.959s][info][gc             ] GC(556) Pause Full (System.gc()) 96M->3M(27M) 28.734ms
[252.959s][info][gc,cpu         ] GC(556) User=0.09s Sys=0.00s Real=0.03s
[253.029s][info][gc,start       ] GC(557) Pause Young (Normal) (G1 Evacuation Pause)
[253.030s][info][gc,task        ] GC(557) Using 4 workers of 33 for evacuation
[253.032s][info][gc,phases      ] GC(557)   Pre Evacuate Collection Set: 0.1ms
[253.032s][info][gc,phases      ] GC(557)   Merge Heap Roots: 0.1ms
[253.032s][info][gc,phases      ] GC(557)   Evacuate Collection Set: 2.0ms
[253.032s][info][gc,phases      ] GC(557)   Post Evacuate Collection Set: 0.2ms
[253.032s][info][gc,phases      ] GC(557)   Other: 0.1ms
[253.032s][info][gc,heap        ] GC(557) Eden regions: 16->0(13)
[253.032s][info][gc,heap        ] GC(557) Survivor regions: 0->2(2)
[253.032s][info][gc,heap        ] GC(557) Old regions: 8->8
[253.032s][info][gc,heap        ] GC(557) Archive regions: 0->0
[253.032s][info][gc,heap        ] GC(557) Humongous regions: 0->0
[253.032s][info][gc,metaspace   ] GC(557) Metaspace: 9937K(10240K)->9937K(10240K) NonClass: 8633K(8832K)->8633K(8832K) Class: 1303K(1408K)->1303K(1408K)
[253.032s][info][gc             ] GC(557) Pause Young (Normal) (G1 Evacuation Pause) 19M->5M(27M) 2.961ms
[253.032s][info][gc,cpu         ] GC(557) User=0.00s Sys=0.00s Real=0.00s
[253.088s][info][gc,start       ] GC(558) Pause Young (Normal) (G1 Evacuation Pause)
[253.088s][info][gc,task        ] GC(558) Using 3 workers of 33 for evacuation
[253.091s][info][gc,phases      ] GC(558)   Pre Evacuate Collection Set: 0.1ms
[253.091s][info][gc,phases      ] GC(558)   Merge Heap Roots: 0.1ms
[253.091s][info][gc,phases      ] GC(558)   Evacuate Collection Set: 2.5ms
[253.091s][info][gc,phases      ] GC(558)   Post Evacuate Collection Set: 0.2ms
[253.091s][info][gc,phases      ] GC(558)   Other: 0.1ms
[253.091s][info][gc,heap        ] GC(558) Eden regions: 13->0(14)
[253.091s][info][gc,heap        ] GC(558) Survivor regions: 2->1(2)
[253.091s][info][gc,heap        ] GC(558) Old regions: 8->9
[253.091s][info][gc,heap        ] GC(558) Archive regions: 0->0
[253.091s][info][gc,heap        ] GC(558) Humongous regions: 0->0
[253.091s][info][gc,metaspace   ] GC(558) Metaspace: 9937K(10240K)->9937K(10240K) NonClass: 8633K(8832K)->8633K(8832K) Class: 1303K(1408K)->1303K(1408K)
[253.092s][info][gc             ] GC(558) Pause Young (Normal) (G1 Evacuation Pause) 18M->5M(27M) 3.441ms
[253.092s][info][gc,cpu         ] GC(558) User=0.05s Sys=0.00s Real=0.02s
[253.149s][info][gc,start       ] GC(559) Pause Young (Normal) (G1 Evacuation Pause)
[253.149s][info][gc,task        ] GC(559) Using 2 workers of 33 for evacuation
[253.153s][info][gc,phases      ] GC(559)   Pre Evacuate Collection Set: 0.1ms
[253.153s][info][gc,phases      ] GC(559)   Merge Heap Roots: 0.0ms
[253.153s][info][gc,phases      ] GC(559)   Evacuate Collection Set: 3.4ms
[253.153s][info][gc,phases      ] GC(559)   Post Evacuate Collection Set: 0.2ms
[253.153s][info][gc,phases      ] GC(559)   Other: 0.1ms
[253.153s][info][gc,heap        ] GC(559) Eden regions: 14->0(12)
[253.153s][info][gc,heap        ] GC(559) Survivor regions: 1->2(2)
[253.153s][info][gc,heap        ] GC(559) Old regions: 9->9
[253.153s][info][gc,heap        ] GC(559) Archive regions: 0->0
[253.153s][info][gc,heap        ] GC(559) Humongous regions: 0->0
[253.153s][info][gc,metaspace   ] GC(559) Metaspace: 9937K(10240K)->9937K(10240K) NonClass: 8633K(8832K)->8633K(8832K) Class: 1303K(1408K)->1303K(1408K)
[253.154s][info][gc             ] GC(559) Pause Young (Normal) (G1 Evacuation Pause) 19M->5M(27M) 4.233ms
[253.154s][info][gc,cpu         ] GC(559) User=0.03s Sys=0.00s Real=0.02s
[253.205s][info][gc,start       ] GC(560) Pause Young (Normal) (G1 Evacuation Pause)
[253.206s][info][gc,task        ] GC(560) Using 2 workers of 33 for evacuation
[253.209s][info][gc,phases      ] GC(560)   Pre Evacuate Collection Set: 0.1ms
[253.209s][info][gc,phases      ] GC(560)   Merge Heap Roots: 0.0ms
[253.209s][info][gc,phases      ] GC(560)   Evacuate Collection Set: 3.4ms
[253.209s][info][gc,phases      ] GC(560)   Post Evacuate Collection Set: 0.2ms
[253.209s][info][gc,phases      ] GC(560)   Other: 0.1ms
[253.209s][info][gc,heap        ] GC(560) Eden regions: 12->0(14)
[253.210s][info][gc,heap        ] GC(560) Survivor regions: 2->1(2)
[253.210s][info][gc,heap        ] GC(560) Old regions: 9->9
[253.210s][info][gc,heap        ] GC(560) Archive regions: 0->0
[253.210s][info][gc,heap        ] GC(560) Humongous regions: 0->0
[253.210s][info][gc,metaspace   ] GC(560) Metaspace: 9937K(10240K)->9937K(10240K) NonClass: 8633K(8832K)->8633K(8832K) Class: 1303K(1408K)->1303K(1408K)
[253.210s][info][gc             ] GC(560) Pause Young (Normal) (G1 Evacuation Pause) 17M->5M(27M) 4.274ms
[253.210s][info][gc,cpu         ] GC(560) User=0.00s Sys=0.00s Real=0.00s
[253.271s][info][gc,start       ] GC(561) Pause Young (Normal) (G1 Evacuation Pause)
[253.272s][info][gc,task        ] GC(561) Using 2 workers of 33 for evacuation
[253.275s][info][gc,phases      ] GC(561)   Pre Evacuate Collection Set: 0.1ms
[253.275s][info][gc,phases      ] GC(561)   Merge Heap Roots: 0.1ms
[253.275s][info][gc,phases      ] GC(561)   Evacuate Collection Set: 3.2ms
[253.275s][info][gc,phases      ] GC(561)   Post Evacuate Collection Set: 0.2ms
[253.275s][info][gc,phases      ] GC(561)   Other: 0.1ms
[253.275s][info][gc,heap        ] GC(561) Eden regions: 14->0(12)
[253.275s][info][gc,heap        ] GC(561) Survivor regions: 1->2(2)
[253.276s][info][gc,heap        ] GC(561) Old regions: 9->9
[253.276s][info][gc,heap        ] GC(561) Archive regions: 0->0
[253.276s][info][gc,heap        ] GC(561) Humongous regions: 0->0
[253.276s][info][gc,metaspace   ] GC(561) Metaspace: 9937K(10240K)->9937K(10240K) NonClass: 8633K(8832K)->8633K(8832K) Class: 1303K(1408K)->1303K(1408K)
[253.276s][info][gc             ] GC(561) Pause Young (Normal) (G1 Evacuation Pause) 19M->5M(27M) 4.229ms
[253.276s][info][gc,cpu         ] GC(561) User=0.00s Sys=0.00s Real=0.00s
[253.329s][info][gc,start       ] GC(562) Pause Young (Normal) (G1 Evacuation Pause)
[253.329s][info][gc,task        ] GC(562) Using 2 workers of 33 for evacuation
[253.336s][info][gc,phases      ] GC(562)   Pre Evacuate Collection Set: 0.1ms
[253.336s][info][gc,phases      ] GC(562)   Merge Heap Roots: 0.0ms
[253.336s][info][gc,phases      ] GC(562)   Evacuate Collection Set: 3.2ms
[253.336s][info][gc,phases      ] GC(562)   Post Evacuate Collection Set: 3.8ms
[253.336s][info][gc,phases      ] GC(562)   Other: 0.1ms
[253.336s][info][gc,heap        ] GC(562) Eden regions: 12->0(161)
[253.336s][info][gc,heap        ] GC(562) Survivor regions: 2->1(2)
[253.336s][info][gc,heap        ] GC(562) Old regions: 9->10
[253.336s][info][gc,heap        ] GC(562) Archive regions: 0->0
[253.336s][info][gc,heap        ] GC(562) Humongous regions: 0->0
[253.336s][info][gc,metaspace   ] GC(562) Metaspace: 9937K(10240K)->9937K(10240K) NonClass: 8633K(8832K)->8633K(8832K) Class: 1303K(1408K)->1303K(1408K)
[253.336s][info][gc             ] GC(562) Pause Young (Normal) (G1 Evacuation Pause) 17M->5M(270M) 7.778ms
[253.336s][info][gc,cpu         ] GC(562) User=0.00s Sys=0.00s Real=0.00s
[254.082s][info][gc,start       ] GC(563) Pause Young (Normal) (G1 Evacuation Pause)
[254.082s][info][gc,task        ] GC(563) Using 6 workers of 33 for evacuation
[254.084s][info][gc,phases      ] GC(563)   Pre Evacuate Collection Set: 0.1ms
[254.084s][info][gc,phases      ] GC(563)   Merge Heap Roots: 0.1ms
[254.084s][info][gc,phases      ] GC(563)   Evacuate Collection Set: 1.4ms
[254.084s][info][gc,phases      ] GC(563)   Post Evacuate Collection Set: 0.3ms
[254.084s][info][gc,phases      ] GC(563)   Other: 0.1ms
[254.084s][info][gc,heap        ] GC(563) Eden regions: 161->0(160)
[254.084s][info][gc,heap        ] GC(563) Survivor regions: 1->2(21)
[254.084s][info][gc,heap        ] GC(563) Old regions: 10->10
[254.084s][info][gc,heap        ] GC(563) Archive regions: 0->0
[254.084s][info][gc,heap        ] GC(563) Humongous regions: 0->0
[254.084s][info][gc,metaspace   ] GC(563) Metaspace: 9937K(10240K)->9937K(10240K) NonClass: 8633K(8832K)->8633K(8832K) Class: 1303K(1408K)->1303K(1408K)
[254.085s][info][gc             ] GC(563) Pause Young (Normal) (G1 Evacuation Pause) 166M->6M(270M) 2.663ms
[254.085s][info][gc,cpu         ] GC(563) User=0.00s Sys=0.00s Real=0.00s
[254.791s][info][gc,start       ] GC(564) Pause Young (Normal) (G1 Evacuation Pause)
[254.792s][info][gc,task        ] GC(564) Using 6 workers of 33 for evacuation
[254.794s][info][gc,phases      ] GC(564)   Pre Evacuate Collection Set: 0.1ms
[254.794s][info][gc,phases      ] GC(564)   Merge Heap Roots: 0.1ms
[254.794s][info][gc,phases      ] GC(564)   Evacuate Collection Set: 1.2ms
[254.794s][info][gc,phases      ] GC(564)   Post Evacuate Collection Set: 0.3ms
[254.794s][info][gc,phases      ] GC(564)   Other: 0.1ms
[254.794s][info][gc,heap        ] GC(564) Eden regions: 160->0(160)
[254.794s][info][gc,heap        ] GC(564) Survivor regions: 2->2(21)
[254.794s][info][gc,heap        ] GC(564) Old regions: 10->10
[254.794s][info][gc,heap        ] GC(564) Archive regions: 0->0
[254.794s][info][gc,heap        ] GC(564) Humongous regions: 0->0
[254.794s][info][gc,metaspace   ] GC(564) Metaspace: 9937K(10240K)->9937K(10240K) NonClass: 8633K(8832K)->8633K(8832K) Class: 1303K(1408K)->1303K(1408K)
[254.794s][info][gc             ] GC(564) Pause Young (Normal) (G1 Evacuation Pause) 166M->6M(270M) 2.433ms
[254.794s][info][gc,cpu         ] GC(564) User=0.00s Sys=0.00s Real=0.00s
[255.489s][info][gc,start       ] GC(565) Pause Young (Normal) (G1 Evacuation Pause)
[255.489s][info][gc,task        ] GC(565) Using 6 workers of 33 for evacuation
[255.491s][info][gc,phases      ] GC(565)   Pre Evacuate Collection Set: 0.1ms
[255.491s][info][gc,phases      ] GC(565)   Merge Heap Roots: 0.1ms
[255.491s][info][gc,phases      ] GC(565)   Evacuate Collection Set: 1.2ms
[255.491s][info][gc,phases      ] GC(565)   Post Evacuate Collection Set: 0.3ms
[255.491s][info][gc,phases      ] GC(565)   Other: 0.1ms
[255.491s][info][gc,heap        ] GC(565) Eden regions: 160->0(160)
[255.491s][info][gc,heap        ] GC(565) Survivor regions: 2->2(21)
[255.491s][info][gc,heap        ] GC(565) Old regions: 10->10
[255.491s][info][gc,heap        ] GC(565) Archive regions: 0->0
[255.491s][info][gc,heap        ] GC(565) Humongous regions: 0->0
[255.491s][info][gc,metaspace   ] GC(565) Metaspace: 9937K(10240K)->9937K(10240K) NonClass: 8633K(8832K)->8633K(8832K) Class: 1303K(1408K)->1303K(1408K)
[255.491s][info][gc             ] GC(565) Pause Young (Normal) (G1 Evacuation Pause) 166M->6M(270M) 2.416ms
[255.491s][info][gc,cpu         ] GC(565) User=0.00s Sys=0.00s Real=0.00s
[256.206s][info][gc,start       ] GC(566) Pause Young (Normal) (G1 Evacuation Pause)
[256.206s][info][gc,task        ] GC(566) Using 6 workers of 33 for evacuation
[256.208s][info][gc,phases      ] GC(566)   Pre Evacuate Collection Set: 0.1ms
[256.208s][info][gc,phases      ] GC(566)   Merge Heap Roots: 0.1ms
[256.208s][info][gc,phases      ] GC(566)   Evacuate Collection Set: 1.3ms
[256.208s][info][gc,phases      ] GC(566)   Post Evacuate Collection Set: 0.3ms
[256.208s][info][gc,phases      ] GC(566)   Other: 0.1ms
[256.208s][info][gc,heap        ] GC(566) Eden regions: 160->0(160)
[256.208s][info][gc,heap        ] GC(566) Survivor regions: 2->2(21)
[256.208s][info][gc,heap        ] GC(566) Old regions: 10->10
[256.208s][info][gc,heap        ] GC(566) Archive regions: 0->0
[256.208s][info][gc,heap        ] GC(566) Humongous regions: 0->0
[256.208s][info][gc,metaspace   ] GC(566) Metaspace: 9937K(10240K)->9937K(10240K) NonClass: 8633K(8832K)->8633K(8832K) Class: 1303K(1408K)->1303K(1408K)
[256.208s][info][gc             ] GC(566) Pause Young (Normal) (G1 Evacuation Pause) 166M->6M(270M) 2.490ms
[256.208s][info][gc,cpu         ] GC(566) User=0.00s Sys=0.00s Real=0.00s
[256.916s][info][gc,start       ] GC(567) Pause Young (Normal) (G1 Evacuation Pause)
[256.917s][info][gc,task        ] GC(567) Using 6 workers of 33 for evacuation
[256.919s][info][gc,phases      ] GC(567)   Pre Evacuate Collection Set: 0.1ms
[256.919s][info][gc,phases      ] GC(567)   Merge Heap Roots: 0.1ms
[256.919s][info][gc,phases      ] GC(567)   Evacuate Collection Set: 1.3ms
[256.919s][info][gc,phases      ] GC(567)   Post Evacuate Collection Set: 0.3ms
[256.919s][info][gc,phases      ] GC(567)   Other: 0.1ms
[256.919s][info][gc,heap        ] GC(567) Eden regions: 160->0(160)
[256.919s][info][gc,heap        ] GC(567) Survivor regions: 2->2(21)
[256.919s][info][gc,heap        ] GC(567) Old regions: 10->10
[256.919s][info][gc,heap        ] GC(567) Archive regions: 0->0
[256.919s][info][gc,heap        ] GC(567) Humongous regions: 0->0
[256.919s][info][gc,metaspace   ] GC(567) Metaspace: 9937K(10240K)->9937K(10240K) NonClass: 8633K(8832K)->8633K(8832K) Class: 1303K(1408K)->1303K(1408K)
[256.919s][info][gc             ] GC(567) Pause Young (Normal) (G1 Evacuation Pause) 166M->6M(270M) 2.630ms
[256.919s][info][gc,cpu         ] GC(567) User=0.00s Sys=0.00s Real=0.00s
[257.623s][info][gc,start       ] GC(568) Pause Young (Normal) (G1 Evacuation Pause)
[257.623s][info][gc,task        ] GC(568) Using 6 workers of 33 for evacuation
[257.625s][info][gc,phases      ] GC(568)   Pre Evacuate Collection Set: 0.1ms
[257.625s][info][gc,phases      ] GC(568)   Merge Heap Roots: 0.1ms
[257.625s][info][gc,phases      ] GC(568)   Evacuate Collection Set: 1.3ms
[257.625s][info][gc,phases      ] GC(568)   Post Evacuate Collection Set: 0.3ms
[257.625s][info][gc,phases      ] GC(568)   Other: 0.1ms
[257.625s][info][gc,heap        ] GC(568) Eden regions: 160->0(160)
[257.625s][info][gc,heap        ] GC(568) Survivor regions: 2->2(21)
[257.625s][info][gc,heap        ] GC(568) Old regions: 10->10
[257.625s][info][gc,heap        ] GC(568) Archive regions: 0->0
[257.625s][info][gc,heap        ] GC(568) Humongous regions: 0->0
[257.625s][info][gc,metaspace   ] GC(568) Metaspace: 9937K(10240K)->9937K(10240K) NonClass: 8633K(8832K)->8633K(8832K) Class: 1303K(1408K)->1303K(1408K)
[257.625s][info][gc             ] GC(568) Pause Young (Normal) (G1 Evacuation Pause) 166M->6M(270M) 2.543ms
[257.625s][info][gc,cpu         ] GC(568) User=0.00s Sys=0.00s Real=0.00s
[258.330s][info][gc,start       ] GC(569) Pause Young (Normal) (G1 Evacuation Pause)
[258.330s][info][gc,task        ] GC(569) Using 6 workers of 33 for evacuation
[258.332s][info][gc,phases      ] GC(569)   Pre Evacuate Collection Set: 0.1ms
[258.332s][info][gc,phases      ] GC(569)   Merge Heap Roots: 0.1ms
[258.332s][info][gc,phases      ] GC(569)   Evacuate Collection Set: 1.4ms
[258.333s][info][gc,phases      ] GC(569)   Post Evacuate Collection Set: 0.3ms
[258.333s][info][gc,phases      ] GC(569)   Other: 0.1ms
[258.333s][info][gc,heap        ] GC(569) Eden regions: 160->0(160)
[258.333s][info][gc,heap        ] GC(569) Survivor regions: 2->2(21)
[258.333s][info][gc,heap        ] GC(569) Old regions: 10->10
[258.333s][info][gc,heap        ] GC(569) Archive regions: 0->0
[258.333s][info][gc,heap        ] GC(569) Humongous regions: 0->0
[258.333s][info][gc,metaspace   ] GC(569) Metaspace: 9937K(10240K)->9937K(10240K) NonClass: 8633K(8832K)->8633K(8832K) Class: 1303K(1408K)->1303K(1408K)
[258.333s][info][gc             ] GC(569) Pause Young (Normal) (G1 Evacuation Pause) 166M->6M(270M) 2.608ms
[258.333s][info][gc,cpu         ] GC(569) User=0.00s Sys=0.00s Real=0.00s
[259.042s][info][gc,start       ] GC(570) Pause Young (Normal) (G1 Evacuation Pause)
[259.042s][info][gc,task        ] GC(570) Using 6 workers of 33 for evacuation
[259.044s][info][gc,phases      ] GC(570)   Pre Evacuate Collection Set: 0.1ms
[259.044s][info][gc,phases      ] GC(570)   Merge Heap Roots: 0.1ms
[259.044s][info][gc,phases      ] GC(570)   Evacuate Collection Set: 1.4ms
[259.044s][info][gc,phases      ] GC(570)   Post Evacuate Collection Set: 0.3ms
[259.044s][info][gc,phases      ] GC(570)   Other: 0.1ms
[259.044s][info][gc,heap        ] GC(570) Eden regions: 160->0(160)
[259.044s][info][gc,heap        ] GC(570) Survivor regions: 2->2(21)
[259.044s][info][gc,heap        ] GC(570) Old regions: 10->10
[259.044s][info][gc,heap        ] GC(570) Archive regions: 0->0
[259.044s][info][gc,heap        ] GC(570) Humongous regions: 0->0
[259.044s][info][gc,metaspace   ] GC(570) Metaspace: 9937K(10240K)->9937K(10240K) NonClass: 8633K(8832K)->8633K(8832K) Class: 1303K(1408K)->1303K(1408K)
[259.044s][info][gc             ] GC(570) Pause Young (Normal) (G1 Evacuation Pause) 166M->6M(270M) 2.607ms
[259.045s][info][gc,cpu         ] GC(570) User=0.00s Sys=0.00s Real=0.00s
[259.752s][info][gc,start       ] GC(571) Pause Young (Normal) (G1 Evacuation Pause)
[259.753s][info][gc,task        ] GC(571) Using 6 workers of 33 for evacuation
[259.755s][info][gc,phases      ] GC(571)   Pre Evacuate Collection Set: 0.1ms
[259.755s][info][gc,phases      ] GC(571)   Merge Heap Roots: 0.1ms
[259.755s][info][gc,phases      ] GC(571)   Evacuate Collection Set: 1.4ms
[259.755s][info][gc,phases      ] GC(571)   Post Evacuate Collection Set: 0.3ms
[259.755s][info][gc,phases      ] GC(571)   Other: 0.1ms
[259.755s][info][gc,heap        ] GC(571) Eden regions: 160->0(160)
[259.755s][info][gc,heap        ] GC(571) Survivor regions: 2->2(21)
[259.755s][info][gc,heap        ] GC(571) Old regions: 10->10
[259.755s][info][gc,heap        ] GC(571) Archive regions: 0->0
[259.755s][info][gc,heap        ] GC(571) Humongous regions: 0->0
[259.755s][info][gc,metaspace   ] GC(571) Metaspace: 9937K(10240K)->9937K(10240K) NonClass: 8633K(8832K)->8633K(8832K) Class: 1303K(1408K)->1303K(1408K)
[259.755s][info][gc             ] GC(571) Pause Young (Normal) (G1 Evacuation Pause) 166M->6M(270M) 2.561ms
[259.755s][info][gc,cpu         ] GC(571) User=0.00s Sys=0.00s Real=0.00s
[260.137s][info][gc,start       ] GC(572) Pause Full (System.gc())
[260.137s][info][gc,task        ] GC(572) Using 6 workers of 33 for full compaction
[260.137s][info][gc,phases,start] GC(572) Phase 1: Mark live objects
[260.143s][info][gc,phases      ] GC(572) Phase 1: Mark live objects 5.679ms
[260.143s][info][gc,phases,start] GC(572) Phase 2: Prepare compaction
[260.144s][info][gc,phases      ] GC(572) Phase 2: Prepare compaction 1.226ms
[260.144s][info][gc,phases,start] GC(572) Phase 3: Adjust pointers
[260.148s][info][gc,phases      ] GC(572) Phase 3: Adjust pointers 3.887ms
[260.148s][info][gc,phases,start] GC(572) Phase 4: Compact heap
[260.149s][info][gc,phases      ] GC(572) Phase 4: Compact heap 0.579ms
[260.153s][info][gc,heap        ] GC(572) Eden regions: 89->0(16)
[260.153s][info][gc,heap        ] GC(572) Survivor regions: 2->0(21)
[260.154s][info][gc,heap        ] GC(572) Old regions: 10->8
[260.154s][info][gc,heap        ] GC(572) Archive regions: 0->0
[260.154s][info][gc,heap        ] GC(572) Humongous regions: 0->0
[260.154s][info][gc,metaspace   ] GC(572) Metaspace: 9937K(10240K)->9937K(10240K) NonClass: 8633K(8832K)->8633K(8832K) Class: 1303K(1408K)->1303K(1408K)
[260.154s][info][gc             ] GC(572) Pause Full (System.gc()) 94M->3M(27M) 16.776ms
[260.154s][info][gc,cpu         ] GC(572) User=0.09s Sys=0.00s Real=0.02s
[260.224s][info][gc,start       ] GC(573) Pause Young (Normal) (G1 Evacuation Pause)
[260.224s][info][gc,task        ] GC(573) Using 4 workers of 33 for evacuation
[260.227s][info][gc,phases      ] GC(573)   Pre Evacuate Collection Set: 0.1ms
[260.227s][info][gc,phases      ] GC(573)   Merge Heap Roots: 0.1ms
[260.227s][info][gc,phases      ] GC(573)   Evacuate Collection Set: 1.9ms
[260.227s][info][gc,phases      ] GC(573)   Post Evacuate Collection Set: 0.2ms
[260.227s][info][gc,phases      ] GC(573)   Other: 0.1ms
[260.227s][info][gc,heap        ] GC(573) Eden regions: 16->0(13)
[260.227s][info][gc,heap        ] GC(573) Survivor regions: 0->2(2)
[260.227s][info][gc,heap        ] GC(573) Old regions: 8->8
[260.227s][info][gc,heap        ] GC(573) Archive regions: 0->0
[260.227s][info][gc,heap        ] GC(573) Humongous regions: 0->0
[260.227s][info][gc,metaspace   ] GC(573) Metaspace: 9937K(10240K)->9937K(10240K) NonClass: 8634K(8832K)->8634K(8832K) Class: 1303K(1408K)->1303K(1408K)
[260.227s][info][gc             ] GC(573) Pause Young (Normal) (G1 Evacuation Pause) 19M->5M(27M) 2.898ms
[260.227s][info][gc,cpu         ] GC(573) User=0.00s Sys=0.00s Real=0.00s
[260.305s][info][gc,start       ] GC(574) Pause Young (Normal) (G1 Evacuation Pause)
[260.305s][info][gc,task        ] GC(574) Using 3 workers of 33 for evacuation
[260.308s][info][gc,phases      ] GC(574)   Pre Evacuate Collection Set: 0.1ms
[260.308s][info][gc,phases      ] GC(574)   Merge Heap Roots: 0.1ms
[260.308s][info][gc,phases      ] GC(574)   Evacuate Collection Set: 2.2ms
[260.308s][info][gc,phases      ] GC(574)   Post Evacuate Collection Set: 0.2ms
[260.308s][info][gc,phases      ] GC(574)   Other: 0.1ms
[260.308s][info][gc,heap        ] GC(574) Eden regions: 13->0(14)
[260.308s][info][gc,heap        ] GC(574) Survivor regions: 2->1(2)
[260.308s][info][gc,heap        ] GC(574) Old regions: 8->9
[260.308s][info][gc,heap        ] GC(574) Archive regions: 0->0
[260.308s][info][gc,heap        ] GC(574) Humongous regions: 0->0
[260.308s][info][gc,metaspace   ] GC(574) Metaspace: 9937K(10240K)->9937K(10240K) NonClass: 8634K(8832K)->8634K(8832K) Class: 1303K(1408K)->1303K(1408K)
[260.308s][info][gc             ] GC(574) Pause Young (Normal) (G1 Evacuation Pause) 18M->5M(27M) 3.131ms
[260.309s][info][gc,cpu         ] GC(574) User=0.00s Sys=0.00s Real=0.00s
[260.365s][info][gc,start       ] GC(575) Pause Young (Normal) (G1 Evacuation Pause)
[260.365s][info][gc,task        ] GC(575) Using 2 workers of 33 for evacuation
[260.368s][info][gc,phases      ] GC(575)   Pre Evacuate Collection Set: 0.1ms
[260.368s][info][gc,phases      ] GC(575)   Merge Heap Roots: 0.0ms
[260.368s][info][gc,phases      ] GC(575)   Evacuate Collection Set: 2.8ms
[260.368s][info][gc,phases      ] GC(575)   Post Evacuate Collection Set: 0.2ms
[260.368s][info][gc,phases      ] GC(575)   Other: 0.1ms
[260.368s][info][gc,heap        ] GC(575) Eden regions: 14->0(12)
[260.368s][info][gc,heap        ] GC(575) Survivor regions: 1->2(2)
[260.368s][info][gc,heap        ] GC(575) Old regions: 9->9
[260.368s][info][gc,heap        ] GC(575) Archive regions: 0->0
[260.368s][info][gc,heap        ] GC(575) Humongous regions: 0->0
[260.368s][info][gc,metaspace   ] GC(575) Metaspace: 9937K(10240K)->9937K(10240K) NonClass: 8634K(8832K)->8634K(8832K) Class: 1303K(1408K)->1303K(1408K)
[260.369s][info][gc             ] GC(575) Pause Young (Normal) (G1 Evacuation Pause) 19M->5M(27M) 3.730ms
[260.369s][info][gc,cpu         ] GC(575) User=0.00s Sys=0.00s Real=0.00s
[260.420s][info][gc,start       ] GC(576) Pause Young (Normal) (G1 Evacuation Pause)
[260.420s][info][gc,task        ] GC(576) Using 2 workers of 33 for evacuation
[260.424s][info][gc,phases      ] GC(576)   Pre Evacuate Collection Set: 0.1ms
[260.424s][info][gc,phases      ] GC(576)   Merge Heap Roots: 0.0ms
[260.424s][info][gc,phases      ] GC(576)   Evacuate Collection Set: 3.2ms
[260.424s][info][gc,phases      ] GC(576)   Post Evacuate Collection Set: 0.2ms
[260.424s][info][gc,phases      ] GC(576)   Other: 0.1ms
[260.424s][info][gc,heap        ] GC(576) Eden regions: 12->0(14)
[260.424s][info][gc,heap        ] GC(576) Survivor regions: 2->1(2)
[260.424s][info][gc,heap        ] GC(576) Old regions: 9->9
[260.424s][info][gc,heap        ] GC(576) Archive regions: 0->0
[260.424s][info][gc,heap        ] GC(576) Humongous regions: 0->0
[260.424s][info][gc,metaspace   ] GC(576) Metaspace: 9937K(10240K)->9937K(10240K) NonClass: 8634K(8832K)->8634K(8832K) Class: 1303K(1408K)->1303K(1408K)
[260.424s][info][gc             ] GC(576) Pause Young (Normal) (G1 Evacuation Pause) 17M->5M(27M) 4.131ms
[260.425s][info][gc,cpu         ] GC(576) User=0.03s Sys=0.00s Real=0.02s
[260.485s][info][gc,start       ] GC(577) Pause Young (Normal) (G1 Evacuation Pause)
[260.485s][info][gc,task        ] GC(577) Using 2 workers of 33 for evacuation
[260.488s][info][gc,phases      ] GC(577)   Pre Evacuate Collection Set: 0.1ms
[260.488s][info][gc,phases      ] GC(577)   Merge Heap Roots: 0.0ms
[260.489s][info][gc,phases      ] GC(577)   Evacuate Collection Set: 2.5ms
[260.489s][info][gc,phases      ] GC(577)   Post Evacuate Collection Set: 0.2ms
[260.489s][info][gc,phases      ] GC(577)   Other: 0.1ms
[260.489s][info][gc,heap        ] GC(577) Eden regions: 14->0(14)
[260.489s][info][gc,heap        ] GC(577) Survivor regions: 1->1(2)
[260.489s][info][gc,heap        ] GC(577) Old regions: 9->9
[260.489s][info][gc,heap        ] GC(577) Archive regions: 0->0
[260.489s][info][gc,heap        ] GC(577) Humongous regions: 0->0
[260.489s][info][gc,metaspace   ] GC(577) Metaspace: 9937K(10240K)->9937K(10240K) NonClass: 8634K(8832K)->8634K(8832K) Class: 1303K(1408K)->1303K(1408K)
[260.489s][info][gc             ] GC(577) Pause Young (Normal) (G1 Evacuation Pause) 19M->5M(27M) 3.441ms
[260.489s][info][gc,cpu         ] GC(577) User=0.00s Sys=0.00s Real=0.00s
[260.546s][info][gc,start       ] GC(578) Pause Young (Normal) (G1 Evacuation Pause)
[260.546s][info][gc,task        ] GC(578) Using 2 workers of 33 for evacuation
[260.553s][info][gc,phases      ] GC(578)   Pre Evacuate Collection Set: 0.1ms
[260.553s][info][gc,phases      ] GC(578)   Merge Heap Roots: 0.0ms
[260.553s][info][gc,phases      ] GC(578)   Evacuate Collection Set: 2.6ms
[260.553s][info][gc,phases      ] GC(578)   Post Evacuate Collection Set: 3.8ms
[260.553s][info][gc,phases      ] GC(578)   Other: 0.1ms
[260.553s][info][gc,heap        ] GC(578) Eden regions: 14->0(161)
[260.553s][info][gc,heap        ] GC(578) Survivor regions: 1->1(2)
[260.553s][info][gc,heap        ] GC(578) Old regions: 9->9
[260.553s][info][gc,heap        ] GC(578) Archive regions: 0->0
[260.553s][info][gc,heap        ] GC(578) Humongous regions: 0->0
[260.553s][info][gc,metaspace   ] GC(578) Metaspace: 9937K(10240K)->9937K(10240K) NonClass: 8634K(8832K)->8634K(8832K) Class: 1303K(1408K)->1303K(1408K)
[260.553s][info][gc             ] GC(578) Pause Young (Normal) (G1 Evacuation Pause) 19M->5M(270M) 7.103ms
[260.554s][info][gc,cpu         ] GC(578) User=0.03s Sys=0.00s Real=0.02s
[261.315s][info][gc,start       ] GC(579) Pause Young (Normal) (G1 Evacuation Pause)
[261.315s][info][gc,task        ] GC(579) Using 6 workers of 33 for evacuation
[261.317s][info][gc,phases      ] GC(579)   Pre Evacuate Collection Set: 0.1ms
[261.317s][info][gc,phases      ] GC(579)   Merge Heap Roots: 0.1ms
[261.317s][info][gc,phases      ] GC(579)   Evacuate Collection Set: 1.3ms
[261.317s][info][gc,phases      ] GC(579)   Post Evacuate Collection Set: 0.3ms
[261.317s][info][gc,phases      ] GC(579)   Other: 0.1ms
[261.317s][info][gc,heap        ] GC(579) Eden regions: 161->0(161)
[261.317s][info][gc,heap        ] GC(579) Survivor regions: 1->1(21)
[261.317s][info][gc,heap        ] GC(579) Old regions: 9->9
[261.317s][info][gc,heap        ] GC(579) Archive regions: 0->0
[261.317s][info][gc,heap        ] GC(579) Humongous regions: 0->0
[261.317s][info][gc,metaspace   ] GC(579) Metaspace: 9937K(10240K)->9937K(10240K) NonClass: 8634K(8832K)->8634K(8832K) Class: 1303K(1408K)->1303K(1408K)
[261.317s][info][gc             ] GC(579) Pause Young (Normal) (G1 Evacuation Pause) 166M->5M(270M) 2.471ms
[261.317s][info][gc,cpu         ] GC(579) User=0.00s Sys=0.00s Real=0.00s
[262.019s][info][gc,start       ] GC(580) Pause Young (Normal) (G1 Evacuation Pause)
[262.019s][info][gc,task        ] GC(580) Using 6 workers of 33 for evacuation
[262.021s][info][gc,phases      ] GC(580)   Pre Evacuate Collection Set: 0.1ms
[262.021s][info][gc,phases      ] GC(580)   Merge Heap Roots: 0.1ms
[262.021s][info][gc,phases      ] GC(580)   Evacuate Collection Set: 1.4ms
[262.021s][info][gc,phases      ] GC(580)   Post Evacuate Collection Set: 0.3ms
[262.021s][info][gc,phases      ] GC(580)   Other: 0.1ms
[262.021s][info][gc,heap        ] GC(580) Eden regions: 161->0(160)
[262.021s][info][gc,heap        ] GC(580) Survivor regions: 1->2(21)
[262.021s][info][gc,heap        ] GC(580) Old regions: 9->9
[262.021s][info][gc,heap        ] GC(580) Archive regions: 0->0
[262.021s][info][gc,heap        ] GC(580) Humongous regions: 0->0
[262.021s][info][gc,metaspace   ] GC(580) Metaspace: 9937K(10240K)->9937K(10240K) NonClass: 8634K(8832K)->8634K(8832K) Class: 1303K(1408K)->1303K(1408K)
[262.021s][info][gc             ] GC(580) Pause Young (Normal) (G1 Evacuation Pause) 166M->5M(270M) 2.649ms
[262.021s][info][gc,cpu         ] GC(580) User=0.00s Sys=0.00s Real=0.00s
[262.729s][info][gc,start       ] GC(581) Pause Young (Normal) (G1 Evacuation Pause)
[262.729s][info][gc,task        ] GC(581) Using 6 workers of 33 for evacuation
[262.731s][info][gc,phases      ] GC(581)   Pre Evacuate Collection Set: 0.1ms
[262.731s][info][gc,phases      ] GC(581)   Merge Heap Roots: 0.1ms
[262.731s][info][gc,phases      ] GC(581)   Evacuate Collection Set: 1.2ms
[262.731s][info][gc,phases      ] GC(581)   Post Evacuate Collection Set: 0.4ms
[262.731s][info][gc,phases      ] GC(581)   Other: 0.1ms
[262.731s][info][gc,heap        ] GC(581) Eden regions: 160->0(160)
[262.731s][info][gc,heap        ] GC(581) Survivor regions: 2->2(21)
[262.731s][info][gc,heap        ] GC(581) Old regions: 9->9
[262.731s][info][gc,heap        ] GC(581) Archive regions: 0->0
[262.731s][info][gc,heap        ] GC(581) Humongous regions: 0->0
[262.731s][info][gc,metaspace   ] GC(581) Metaspace: 9937K(10240K)->9937K(10240K) NonClass: 8634K(8832K)->8634K(8832K) Class: 1303K(1408K)->1303K(1408K)
[262.731s][info][gc             ] GC(581) Pause Young (Normal) (G1 Evacuation Pause) 165M->5M(270M) 2.429ms
[262.731s][info][gc,cpu         ] GC(581) User=0.00s Sys=0.00s Real=0.00s
[263.437s][info][gc,start       ] GC(582) Pause Young (Normal) (G1 Evacuation Pause)
[263.437s][info][gc,task        ] GC(582) Using 6 workers of 33 for evacuation
[263.439s][info][gc,phases      ] GC(582)   Pre Evacuate Collection Set: 0.1ms
[263.439s][info][gc,phases      ] GC(582)   Merge Heap Roots: 0.1ms
[263.439s][info][gc,phases      ] GC(582)   Evacuate Collection Set: 1.3ms
[263.439s][info][gc,phases      ] GC(582)   Post Evacuate Collection Set: 0.3ms
[263.439s][info][gc,phases      ] GC(582)   Other: 0.1ms
[263.439s][info][gc,heap        ] GC(582) Eden regions: 160->0(160)
[263.439s][info][gc,heap        ] GC(582) Survivor regions: 2->2(21)
[263.439s][info][gc,heap        ] GC(582) Old regions: 9->9
[263.439s][info][gc,heap        ] GC(582) Archive regions: 0->0
[263.439s][info][gc,heap        ] GC(582) Humongous regions: 0->0
[263.439s][info][gc,metaspace   ] GC(582) Metaspace: 9937K(10240K)->9937K(10240K) NonClass: 8634K(8832K)->8634K(8832K) Class: 1303K(1408K)->1303K(1408K)
[263.439s][info][gc             ] GC(582) Pause Young (Normal) (G1 Evacuation Pause) 165M->5M(270M) 2.533ms
[263.439s][info][gc,cpu         ] GC(582) User=0.09s Sys=0.00s Real=0.02s
[264.138s][info][gc,start       ] GC(583) Pause Young (Normal) (G1 Evacuation Pause)
[264.138s][info][gc,task        ] GC(583) Using 6 workers of 33 for evacuation
[264.140s][info][gc,phases      ] GC(583)   Pre Evacuate Collection Set: 0.1ms
[264.140s][info][gc,phases      ] GC(583)   Merge Heap Roots: 0.1ms
[264.140s][info][gc,phases      ] GC(583)   Evacuate Collection Set: 1.4ms
[264.140s][info][gc,phases      ] GC(583)   Post Evacuate Collection Set: 0.3ms
[264.140s][info][gc,phases      ] GC(583)   Other: 0.1ms
[264.140s][info][gc,heap        ] GC(583) Eden regions: 160->0(160)
[264.140s][info][gc,heap        ] GC(583) Survivor regions: 2->2(21)
[264.140s][info][gc,heap        ] GC(583) Old regions: 9->9
[264.140s][info][gc,heap        ] GC(583) Archive regions: 0->0
[264.140s][info][gc,heap        ] GC(583) Humongous regions: 0->0
[264.140s][info][gc,metaspace   ] GC(583) Metaspace: 9937K(10240K)->9937K(10240K) NonClass: 8634K(8832K)->8634K(8832K) Class: 1303K(1408K)->1303K(1408K)
[264.140s][info][gc             ] GC(583) Pause Young (Normal) (G1 Evacuation Pause) 165M->5M(270M) 2.622ms
[264.140s][info][gc,cpu         ] GC(583) User=0.00s Sys=0.00s Real=0.00s
[264.854s][info][gc,start       ] GC(584) Pause Young (Normal) (G1 Evacuation Pause)
[264.854s][info][gc,task        ] GC(584) Using 6 workers of 33 for evacuation
[264.856s][info][gc,phases      ] GC(584)   Pre Evacuate Collection Set: 0.1ms
[264.856s][info][gc,phases      ] GC(584)   Merge Heap Roots: 0.1ms
[264.856s][info][gc,phases      ] GC(584)   Evacuate Collection Set: 1.4ms
[264.856s][info][gc,phases      ] GC(584)   Post Evacuate Collection Set: 0.3ms
[264.856s][info][gc,phases      ] GC(584)   Other: 0.1ms
[264.856s][info][gc,heap        ] GC(584) Eden regions: 160->0(160)
[264.856s][info][gc,heap        ] GC(584) Survivor regions: 2->2(21)
[264.856s][info][gc,heap        ] GC(584) Old regions: 9->9
[264.856s][info][gc,heap        ] GC(584) Archive regions: 0->0
[264.856s][info][gc,heap        ] GC(584) Humongous regions: 0->0
[264.856s][info][gc,metaspace   ] GC(584) Metaspace: 9937K(10240K)->9937K(10240K) NonClass: 8634K(8832K)->8634K(8832K) Class: 1303K(1408K)->1303K(1408K)
[264.856s][info][gc             ] GC(584) Pause Young (Normal) (G1 Evacuation Pause) 165M->5M(270M) 2.560ms
[264.856s][info][gc,cpu         ] GC(584) User=0.00s Sys=0.00s Real=0.00s
[265.559s][info][gc,start       ] GC(585) Pause Young (Normal) (G1 Evacuation Pause)
[265.559s][info][gc,task        ] GC(585) Using 6 workers of 33 for evacuation
[265.561s][info][gc,phases      ] GC(585)   Pre Evacuate Collection Set: 0.1ms
[265.561s][info][gc,phases      ] GC(585)   Merge Heap Roots: 0.1ms
[265.561s][info][gc,phases      ] GC(585)   Evacuate Collection Set: 1.3ms
[265.562s][info][gc,phases      ] GC(585)   Post Evacuate Collection Set: 0.4ms
[265.562s][info][gc,phases      ] GC(585)   Other: 0.1ms
[265.562s][info][gc,heap        ] GC(585) Eden regions: 160->0(160)
[265.562s][info][gc,heap        ] GC(585) Survivor regions: 2->2(21)
[265.562s][info][gc,heap        ] GC(585) Old regions: 9->9
[265.562s][info][gc,heap        ] GC(585) Archive regions: 0->0
[265.562s][info][gc,heap        ] GC(585) Humongous regions: 0->0
[265.562s][info][gc,metaspace   ] GC(585) Metaspace: 9937K(10240K)->9937K(10240K) NonClass: 8634K(8832K)->8634K(8832K) Class: 1303K(1408K)->1303K(1408K)
[265.562s][info][gc             ] GC(585) Pause Young (Normal) (G1 Evacuation Pause) 165M->5M(270M) 2.579ms
[265.562s][info][gc,cpu         ] GC(585) User=0.00s Sys=0.00s Real=0.00s
[266.277s][info][gc,start       ] GC(586) Pause Young (Normal) (G1 Evacuation Pause)
[266.278s][info][gc,task        ] GC(586) Using 6 workers of 33 for evacuation
[266.280s][info][gc,phases      ] GC(586)   Pre Evacuate Collection Set: 0.1ms
[266.280s][info][gc,phases      ] GC(586)   Merge Heap Roots: 0.1ms
[266.280s][info][gc,phases      ] GC(586)   Evacuate Collection Set: 1.4ms
[266.280s][info][gc,phases      ] GC(586)   Post Evacuate Collection Set: 0.4ms
[266.280s][info][gc,phases      ] GC(586)   Other: 0.1ms
[266.280s][info][gc,heap        ] GC(586) Eden regions: 160->0(160)
[266.280s][info][gc,heap        ] GC(586) Survivor regions: 2->2(21)
[266.280s][info][gc,heap        ] GC(586) Old regions: 9->9
[266.280s][info][gc,heap        ] GC(586) Archive regions: 0->0
[266.280s][info][gc,heap        ] GC(586) Humongous regions: 0->0
[266.280s][info][gc,metaspace   ] GC(586) Metaspace: 9937K(10240K)->9937K(10240K) NonClass: 8634K(8832K)->8634K(8832K) Class: 1303K(1408K)->1303K(1408K)
[266.280s][info][gc             ] GC(586) Pause Young (Normal) (G1 Evacuation Pause) 165M->5M(270M) 2.677ms
[266.280s][info][gc,cpu         ] GC(586) User=0.00s Sys=0.00s Real=0.00s
[266.975s][info][gc,start       ] GC(587) Pause Young (Normal) (G1 Evacuation Pause)
[266.975s][info][gc,task        ] GC(587) Using 6 workers of 33 for evacuation
[266.977s][info][gc,phases      ] GC(587)   Pre Evacuate Collection Set: 0.1ms
[266.977s][info][gc,phases      ] GC(587)   Merge Heap Roots: 0.1ms
[266.977s][info][gc,phases      ] GC(587)   Evacuate Collection Set: 1.4ms
[266.977s][info][gc,phases      ] GC(587)   Post Evacuate Collection Set: 0.3ms
[266.977s][info][gc,phases      ] GC(587)   Other: 0.1ms
[266.977s][info][gc,heap        ] GC(587) Eden regions: 160->0(160)
[266.977s][info][gc,heap        ] GC(587) Survivor regions: 2->2(21)
[266.977s][info][gc,heap        ] GC(587) Old regions: 9->9
[266.977s][info][gc,heap        ] GC(587) Archive regions: 0->0
[266.977s][info][gc,heap        ] GC(587) Humongous regions: 0->0
[266.977s][info][gc,metaspace   ] GC(587) Metaspace: 9937K(10240K)->9937K(10240K) NonClass: 8634K(8832K)->8634K(8832K) Class: 1303K(1408K)->1303K(1408K)
[266.977s][info][gc             ] GC(587) Pause Young (Normal) (G1 Evacuation Pause) 165M->5M(270M) 2.603ms
[266.977s][info][gc,cpu         ] GC(587) User=0.00s Sys=0.00s Real=0.00s
[267.343s][info][gc,start       ] GC(588) Pause Full (System.gc())
[267.344s][info][gc,task        ] GC(588) Using 6 workers of 33 for full compaction
[267.344s][info][gc,phases,start] GC(588) Phase 1: Mark live objects
[267.349s][info][gc,phases      ] GC(588) Phase 1: Mark live objects 5.515ms
[267.350s][info][gc,phases,start] GC(588) Phase 2: Prepare compaction
[267.351s][info][gc,phases      ] GC(588) Phase 2: Prepare compaction 1.243ms
[267.351s][info][gc,phases,start] GC(588) Phase 3: Adjust pointers
[267.355s][info][gc,phases      ] GC(588) Phase 3: Adjust pointers 3.869ms
[267.355s][info][gc,phases,start] GC(588) Phase 4: Compact heap
[267.355s][info][gc,phases      ] GC(588) Phase 4: Compact heap 0.570ms
[267.360s][info][gc,heap        ] GC(588) Eden regions: 84->0(16)
[267.360s][info][gc,heap        ] GC(588) Survivor regions: 2->0(21)
[267.360s][info][gc,heap        ] GC(588) Old regions: 9->8
[267.360s][info][gc,heap        ] GC(588) Archive regions: 0->0
[267.360s][info][gc,heap        ] GC(588) Humongous regions: 0->0
[267.360s][info][gc,metaspace   ] GC(588) Metaspace: 9937K(10240K)->9937K(10240K) NonClass: 8634K(8832K)->8634K(8832K) Class: 1303K(1408K)->1303K(1408K)
[267.360s][info][gc             ] GC(588) Pause Full (System.gc()) 89M->3M(27M) 17.003ms
[267.360s][info][gc,cpu         ] GC(588) User=0.02s Sys=0.00s Real=0.02s
[267.430s][info][gc,start       ] GC(589) Pause Young (Normal) (G1 Evacuation Pause)
[267.430s][info][gc,task        ] GC(589) Using 4 workers of 33 for evacuation
[267.432s][info][gc,phases      ] GC(589)   Pre Evacuate Collection Set: 0.1ms
[267.432s][info][gc,phases      ] GC(589)   Merge Heap Roots: 0.1ms
[267.432s][info][gc,phases      ] GC(589)   Evacuate Collection Set: 1.7ms
[267.432s][info][gc,phases      ] GC(589)   Post Evacuate Collection Set: 0.2ms
[267.432s][info][gc,phases      ] GC(589)   Other: 0.1ms
[267.432s][info][gc,heap        ] GC(589) Eden regions: 16->0(13)
[267.432s][info][gc,heap        ] GC(589) Survivor regions: 0->2(2)
[267.432s][info][gc,heap        ] GC(589) Old regions: 8->8
[267.432s][info][gc,heap        ] GC(589) Archive regions: 0->0
[267.432s][info][gc,heap        ] GC(589) Humongous regions: 0->0
[267.432s][info][gc,metaspace   ] GC(589) Metaspace: 9937K(10240K)->9937K(10240K) NonClass: 8634K(8832K)->8634K(8832K) Class: 1303K(1408K)->1303K(1408K)
[267.433s][info][gc             ] GC(589) Pause Young (Normal) (G1 Evacuation Pause) 19M->5M(27M) 2.728ms
[267.433s][info][gc,cpu         ] GC(589) User=0.00s Sys=0.00s Real=0.00s
[267.490s][info][gc,start       ] GC(590) Pause Young (Normal) (G1 Evacuation Pause)
[267.490s][info][gc,task        ] GC(590) Using 3 workers of 33 for evacuation
[267.493s][info][gc,phases      ] GC(590)   Pre Evacuate Collection Set: 0.1ms
[267.493s][info][gc,phases      ] GC(590)   Merge Heap Roots: 0.0ms
[267.493s][info][gc,phases      ] GC(590)   Evacuate Collection Set: 1.8ms
[267.493s][info][gc,phases      ] GC(590)   Post Evacuate Collection Set: 0.2ms
[267.493s][info][gc,phases      ] GC(590)   Other: 0.1ms
[267.493s][info][gc,heap        ] GC(590) Eden regions: 13->0(13)
[267.493s][info][gc,heap        ] GC(590) Survivor regions: 2->2(2)
[267.493s][info][gc,heap        ] GC(590) Old regions: 8->8
[267.493s][info][gc,heap        ] GC(590) Archive regions: 0->0
[267.493s][info][gc,heap        ] GC(590) Humongous regions: 0->0
[267.493s][info][gc,metaspace   ] GC(590) Metaspace: 9937K(10240K)->9937K(10240K) NonClass: 8634K(8832K)->8634K(8832K) Class: 1303K(1408K)->1303K(1408K)
[267.493s][info][gc             ] GC(590) Pause Young (Normal) (G1 Evacuation Pause) 18M->5M(27M) 2.760ms
[267.493s][info][gc,cpu         ] GC(590) User=0.00s Sys=0.00s Real=0.00s
[267.553s][info][gc,start       ] GC(591) Pause Young (Normal) (G1 Evacuation Pause)
[267.553s][info][gc,task        ] GC(591) Using 2 workers of 33 for evacuation
[267.556s][info][gc,phases      ] GC(591)   Pre Evacuate Collection Set: 0.1ms
[267.557s][info][gc,phases      ] GC(591)   Merge Heap Roots: 0.0ms
[267.557s][info][gc,phases      ] GC(591)   Evacuate Collection Set: 3.4ms
[267.557s][info][gc,phases      ] GC(591)   Post Evacuate Collection Set: 0.2ms
[267.557s][info][gc,phases      ] GC(591)   Other: 0.1ms
[267.557s][info][gc,heap        ] GC(591) Eden regions: 13->0(14)
[267.557s][info][gc,heap        ] GC(591) Survivor regions: 2->1(2)
[267.557s][info][gc,heap        ] GC(591) Old regions: 8->9
[267.557s][info][gc,heap        ] GC(591) Archive regions: 0->0
[267.557s][info][gc,heap        ] GC(591) Humongous regions: 0->0
[267.557s][info][gc,metaspace   ] GC(591) Metaspace: 9937K(10240K)->9937K(10240K) NonClass: 8634K(8832K)->8634K(8832K) Class: 1303K(1408K)->1303K(1408K)
[267.557s][info][gc             ] GC(591) Pause Young (Normal) (G1 Evacuation Pause) 18M->5M(27M) 3.975ms
[267.557s][info][gc,cpu         ] GC(591) User=0.00s Sys=0.00s Real=0.00s
[267.614s][info][gc,start       ] GC(592) Pause Young (Normal) (G1 Evacuation Pause)
[267.614s][info][gc,task        ] GC(592) Using 2 workers of 33 for evacuation
[267.617s][info][gc,phases      ] GC(592)   Pre Evacuate Collection Set: 0.1ms
[267.617s][info][gc,phases      ] GC(592)   Merge Heap Roots: 0.0ms
[267.617s][info][gc,phases      ] GC(592)   Evacuate Collection Set: 2.4ms
[267.617s][info][gc,phases      ] GC(592)   Post Evacuate Collection Set: 0.2ms
[267.617s][info][gc,phases      ] GC(592)   Other: 0.1ms
[267.617s][info][gc,heap        ] GC(592) Eden regions: 14->0(14)
[267.617s][info][gc,heap        ] GC(592) Survivor regions: 1->1(2)
[267.617s][info][gc,heap        ] GC(592) Old regions: 9->9
[267.617s][info][gc,heap        ] GC(592) Archive regions: 0->0
[267.617s][info][gc,heap        ] GC(592) Humongous regions: 0->0
[267.617s][info][gc,metaspace   ] GC(592) Metaspace: 9937K(10240K)->9937K(10240K) NonClass: 8634K(8832K)->8634K(8832K) Class: 1303K(1408K)->1303K(1408K)
[267.617s][info][gc             ] GC(592) Pause Young (Normal) (G1 Evacuation Pause) 19M->5M(27M) 3.221ms
[267.617s][info][gc,cpu         ] GC(592) User=0.00s Sys=0.00s Real=0.00s
[267.673s][info][gc,start       ] GC(593) Pause Young (Normal) (G1 Evacuation Pause)
[267.674s][info][gc,task        ] GC(593) Using 2 workers of 33 for evacuation
[267.676s][info][gc,phases      ] GC(593)   Pre Evacuate Collection Set: 0.1ms
[267.676s][info][gc,phases      ] GC(593)   Merge Heap Roots: 0.0ms
[267.676s][info][gc,phases      ] GC(593)   Evacuate Collection Set: 2.4ms
[267.676s][info][gc,phases      ] GC(593)   Post Evacuate Collection Set: 0.2ms
[267.676s][info][gc,phases      ] GC(593)   Other: 0.1ms
[267.677s][info][gc,heap        ] GC(593) Eden regions: 14->0(14)
[267.677s][info][gc,heap        ] GC(593) Survivor regions: 1->1(2)
[267.677s][info][gc,heap        ] GC(593) Old regions: 9->9
[267.677s][info][gc,heap        ] GC(593) Archive regions: 0->0
[267.677s][info][gc,heap        ] GC(593) Humongous regions: 0->0
[267.677s][info][gc,metaspace   ] GC(593) Metaspace: 9937K(10240K)->9937K(10240K) NonClass: 8634K(8832K)->8634K(8832K) Class: 1303K(1408K)->1303K(1408K)
[267.677s][info][gc             ] GC(593) Pause Young (Normal) (G1 Evacuation Pause) 19M->5M(27M) 3.261ms
[267.677s][info][gc,cpu         ] GC(593) User=0.00s Sys=0.00s Real=0.00s
[267.738s][info][gc,start       ] GC(594) Pause Young (Normal) (G1 Evacuation Pause)
[267.738s][info][gc,task        ] GC(594) Using 2 workers of 33 for evacuation
[267.744s][info][gc,phases      ] GC(594)   Pre Evacuate Collection Set: 0.1ms
[267.744s][info][gc,phases      ] GC(594)   Merge Heap Roots: 0.1ms
[267.744s][info][gc,phases      ] GC(594)   Evacuate Collection Set: 2.2ms
[267.744s][info][gc,phases      ] GC(594)   Post Evacuate Collection Set: 3.9ms
[267.744s][info][gc,phases      ] GC(594)   Other: 0.1ms
[267.744s][info][gc,heap        ] GC(594) Eden regions: 14->0(161)
[267.744s][info][gc,heap        ] GC(594) Survivor regions: 1->1(2)
[267.744s][info][gc,heap        ] GC(594) Old regions: 9->9
[267.745s][info][gc,heap        ] GC(594) Archive regions: 0->0
[267.745s][info][gc,heap        ] GC(594) Humongous regions: 0->0
[267.745s][info][gc,metaspace   ] GC(594) Metaspace: 9937K(10240K)->9937K(10240K) NonClass: 8634K(8832K)->8634K(8832K) Class: 1303K(1408K)->1303K(1408K)
[267.745s][info][gc             ] GC(594) Pause Young (Normal) (G1 Evacuation Pause) 19M->5M(270M) 6.819ms
[267.745s][info][gc,cpu         ] GC(594) User=0.00s Sys=0.00s Real=0.00s
[268.497s][info][gc,start       ] GC(595) Pause Young (Normal) (G1 Evacuation Pause)
[268.497s][info][gc,task        ] GC(595) Using 6 workers of 33 for evacuation
[268.499s][info][gc,phases      ] GC(595)   Pre Evacuate Collection Set: 0.1ms
[268.499s][info][gc,phases      ] GC(595)   Merge Heap Roots: 0.1ms
[268.499s][info][gc,phases      ] GC(595)   Evacuate Collection Set: 1.5ms
[268.499s][info][gc,phases      ] GC(595)   Post Evacuate Collection Set: 0.4ms
[268.499s][info][gc,phases      ] GC(595)   Other: 0.1ms
[268.499s][info][gc,heap        ] GC(595) Eden regions: 161->0(160)
[268.499s][info][gc,heap        ] GC(595) Survivor regions: 1->2(21)
[268.499s][info][gc,heap        ] GC(595) Old regions: 9->9
[268.499s][info][gc,heap        ] GC(595) Archive regions: 0->0
[268.499s][info][gc,heap        ] GC(595) Humongous regions: 0->0
[268.499s][info][gc,metaspace   ] GC(595) Metaspace: 9937K(10240K)->9937K(10240K) NonClass: 8634K(8832K)->8634K(8832K) Class: 1303K(1408K)->1303K(1408K)
[268.499s][info][gc             ] GC(595) Pause Young (Normal) (G1 Evacuation Pause) 166M->5M(270M) 2.775ms
[268.500s][info][gc,cpu         ] GC(595) User=0.00s Sys=0.05s Real=0.02s
[269.213s][info][gc,start       ] GC(596) Pause Young (Normal) (G1 Evacuation Pause)
[269.213s][info][gc,task        ] GC(596) Using 6 workers of 33 for evacuation
[269.215s][info][gc,phases      ] GC(596)   Pre Evacuate Collection Set: 0.1ms
[269.215s][info][gc,phases      ] GC(596)   Merge Heap Roots: 0.1ms
[269.215s][info][gc,phases      ] GC(596)   Evacuate Collection Set: 1.5ms
[269.215s][info][gc,phases      ] GC(596)   Post Evacuate Collection Set: 0.3ms
[269.215s][info][gc,phases      ] GC(596)   Other: 0.1ms
[269.215s][info][gc,heap        ] GC(596) Eden regions: 160->0(160)
[269.216s][info][gc,heap        ] GC(596) Survivor regions: 2->2(21)
[269.216s][info][gc,heap        ] GC(596) Old regions: 9->9
[269.216s][info][gc,heap        ] GC(596) Archive regions: 0->0
[269.216s][info][gc,heap        ] GC(596) Humongous regions: 0->0
[269.216s][info][gc,metaspace   ] GC(596) Metaspace: 9937K(10240K)->9937K(10240K) NonClass: 8634K(8832K)->8634K(8832K) Class: 1303K(1408K)->1303K(1408K)
[269.216s][info][gc             ] GC(596) Pause Young (Normal) (G1 Evacuation Pause) 165M->5M(270M) 2.693ms
[269.216s][info][gc,cpu         ] GC(596) User=0.00s Sys=0.00s Real=0.00s
[269.937s][info][gc,start       ] GC(597) Pause Young (Normal) (G1 Evacuation Pause)
[269.937s][info][gc,task        ] GC(597) Using 6 workers of 33 for evacuation
[269.939s][info][gc,phases      ] GC(597)   Pre Evacuate Collection Set: 0.1ms
[269.939s][info][gc,phases      ] GC(597)   Merge Heap Roots: 0.1ms
[269.939s][info][gc,phases      ] GC(597)   Evacuate Collection Set: 1.4ms
[269.939s][info][gc,phases      ] GC(597)   Post Evacuate Collection Set: 0.3ms
[269.939s][info][gc,phases      ] GC(597)   Other: 0.1ms
[269.939s][info][gc,heap        ] GC(597) Eden regions: 160->0(160)
[269.939s][info][gc,heap        ] GC(597) Survivor regions: 2->2(21)
[269.940s][info][gc,heap        ] GC(597) Old regions: 9->9
[269.940s][info][gc,heap        ] GC(597) Archive regions: 0->0
[269.940s][info][gc,heap        ] GC(597) Humongous regions: 0->0
[269.940s][info][gc,metaspace   ] GC(597) Metaspace: 9937K(10240K)->9937K(10240K) NonClass: 8634K(8832K)->8634K(8832K) Class: 1303K(1408K)->1303K(1408K)
[269.940s][info][gc             ] GC(597) Pause Young (Normal) (G1 Evacuation Pause) 165M->5M(270M) 2.658ms
[269.940s][info][gc,cpu         ] GC(597) User=0.00s Sys=0.00s Real=0.00s
[270.645s][info][gc,start       ] GC(598) Pause Young (Normal) (G1 Evacuation Pause)
[270.645s][info][gc,task        ] GC(598) Using 6 workers of 33 for evacuation
[270.647s][info][gc,phases      ] GC(598)   Pre Evacuate Collection Set: 0.1ms
[270.647s][info][gc,phases      ] GC(598)   Merge Heap Roots: 0.1ms
[270.647s][info][gc,phases      ] GC(598)   Evacuate Collection Set: 1.4ms
[270.647s][info][gc,phases      ] GC(598)   Post Evacuate Collection Set: 0.3ms
[270.647s][info][gc,phases      ] GC(598)   Other: 0.1ms
[270.647s][info][gc,heap        ] GC(598) Eden regions: 160->0(160)
[270.647s][info][gc,heap        ] GC(598) Survivor regions: 2->2(21)
[270.647s][info][gc,heap        ] GC(598) Old regions: 9->9
[270.647s][info][gc,heap        ] GC(598) Archive regions: 0->0
[270.647s][info][gc,heap        ] GC(598) Humongous regions: 0->0
[270.647s][info][gc,metaspace   ] GC(598) Metaspace: 9937K(10240K)->9937K(10240K) NonClass: 8634K(8832K)->8634K(8832K) Class: 1303K(1408K)->1303K(1408K)
[270.647s][info][gc             ] GC(598) Pause Young (Normal) (G1 Evacuation Pause) 165M->5M(270M) 2.605ms
[270.647s][info][gc,cpu         ] GC(598) User=0.00s Sys=0.00s Real=0.00s
[271.368s][info][gc,start       ] GC(599) Pause Young (Normal) (G1 Evacuation Pause)
[271.368s][info][gc,task        ] GC(599) Using 6 workers of 33 for evacuation
[271.371s][info][gc,phases      ] GC(599)   Pre Evacuate Collection Set: 0.1ms
[271.371s][info][gc,phases      ] GC(599)   Merge Heap Roots: 0.1ms
[271.371s][info][gc,phases      ] GC(599)   Evacuate Collection Set: 1.4ms
[271.371s][info][gc,phases      ] GC(599)   Post Evacuate Collection Set: 0.4ms
[271.371s][info][gc,phases      ] GC(599)   Other: 0.3ms
[271.371s][info][gc,heap        ] GC(599) Eden regions: 160->0(160)
[271.371s][info][gc,heap        ] GC(599) Survivor regions: 2->2(21)
[271.371s][info][gc,heap        ] GC(599) Old regions: 9->9
[271.371s][info][gc,heap        ] GC(599) Archive regions: 0->0
[271.371s][info][gc,heap        ] GC(599) Humongous regions: 0->0
[271.371s][info][gc,metaspace   ] GC(599) Metaspace: 9937K(10240K)->9937K(10240K) NonClass: 8634K(8832K)->8634K(8832K) Class: 1303K(1408K)->1303K(1408K)
[271.371s][info][gc             ] GC(599) Pause Young (Normal) (G1 Evacuation Pause) 165M->5M(270M) 2.821ms
[271.371s][info][gc,cpu         ] GC(599) User=0.09s Sys=0.00s Real=0.02s
[272.090s][info][gc,start       ] GC(600) Pause Young (Normal) (G1 Evacuation Pause)
[272.090s][info][gc,task        ] GC(600) Using 6 workers of 33 for evacuation
[272.092s][info][gc,phases      ] GC(600)   Pre Evacuate Collection Set: 0.1ms
[272.092s][info][gc,phases      ] GC(600)   Merge Heap Roots: 0.1ms
[272.092s][info][gc,phases      ] GC(600)   Evacuate Collection Set: 1.3ms
[272.092s][info][gc,phases      ] GC(600)   Post Evacuate Collection Set: 0.3ms
[272.092s][info][gc,phases      ] GC(600)   Other: 0.1ms
[272.092s][info][gc,heap        ] GC(600) Eden regions: 160->0(160)
[272.092s][info][gc,heap        ] GC(600) Survivor regions: 2->2(21)
[272.092s][info][gc,heap        ] GC(600) Old regions: 9->9
[272.092s][info][gc,heap        ] GC(600) Archive regions: 0->0
[272.092s][info][gc,heap        ] GC(600) Humongous regions: 0->0
[272.092s][info][gc,metaspace   ] GC(600) Metaspace: 9937K(10240K)->9937K(10240K) NonClass: 8634K(8832K)->8634K(8832K) Class: 1303K(1408K)->1303K(1408K)
[272.092s][info][gc             ] GC(600) Pause Young (Normal) (G1 Evacuation Pause) 165M->5M(270M) 2.514ms
[272.092s][info][gc,cpu         ] GC(600) User=0.00s Sys=0.00s Real=0.00s
[272.801s][info][gc,start       ] GC(601) Pause Young (Normal) (G1 Evacuation Pause)
[272.801s][info][gc,task        ] GC(601) Using 6 workers of 33 for evacuation
[272.803s][info][gc,phases      ] GC(601)   Pre Evacuate Collection Set: 0.1ms
[272.803s][info][gc,phases      ] GC(601)   Merge Heap Roots: 0.1ms
[272.803s][info][gc,phases      ] GC(601)   Evacuate Collection Set: 1.4ms
[272.803s][info][gc,phases      ] GC(601)   Post Evacuate Collection Set: 0.3ms
[272.803s][info][gc,phases      ] GC(601)   Other: 0.1ms
[272.803s][info][gc,heap        ] GC(601) Eden regions: 160->0(160)
[272.803s][info][gc,heap        ] GC(601) Survivor regions: 2->2(21)
[272.803s][info][gc,heap        ] GC(601) Old regions: 9->9
[272.803s][info][gc,heap        ] GC(601) Archive regions: 0->0
[272.803s][info][gc,heap        ] GC(601) Humongous regions: 0->0
[272.803s][info][gc,metaspace   ] GC(601) Metaspace: 9937K(10240K)->9937K(10240K) NonClass: 8634K(8832K)->8634K(8832K) Class: 1303K(1408K)->1303K(1408K)
[272.803s][info][gc             ] GC(601) Pause Young (Normal) (G1 Evacuation Pause) 165M->5M(270M) 2.626ms
[272.803s][info][gc,cpu         ] GC(601) User=0.00s Sys=0.00s Real=0.00s
[273.500s][info][gc,start       ] GC(602) Pause Young (Normal) (G1 Evacuation Pause)
[273.500s][info][gc,task        ] GC(602) Using 6 workers of 33 for evacuation
[273.502s][info][gc,phases      ] GC(602)   Pre Evacuate Collection Set: 0.1ms
[273.502s][info][gc,phases      ] GC(602)   Merge Heap Roots: 0.1ms
[273.502s][info][gc,phases      ] GC(602)   Evacuate Collection Set: 1.2ms
[273.502s][info][gc,phases      ] GC(602)   Post Evacuate Collection Set: 0.3ms
[273.502s][info][gc,phases      ] GC(602)   Other: 0.1ms
[273.502s][info][gc,heap        ] GC(602) Eden regions: 160->0(160)
[273.502s][info][gc,heap        ] GC(602) Survivor regions: 2->2(21)
[273.502s][info][gc,heap        ] GC(602) Old regions: 9->9
[273.502s][info][gc,heap        ] GC(602) Archive regions: 0->0
[273.502s][info][gc,heap        ] GC(602) Humongous regions: 0->0
[273.502s][info][gc,metaspace   ] GC(602) Metaspace: 9937K(10240K)->9937K(10240K) NonClass: 8634K(8832K)->8634K(8832K) Class: 1303K(1408K)->1303K(1408K)
[273.502s][info][gc             ] GC(602) Pause Young (Normal) (G1 Evacuation Pause) 165M->5M(270M) 2.400ms
[273.502s][info][gc,cpu         ] GC(602) User=0.02s Sys=0.00s Real=0.02s
[274.205s][info][gc,start       ] GC(603) Pause Young (Normal) (G1 Evacuation Pause)
[274.205s][info][gc,task        ] GC(603) Using 6 workers of 33 for evacuation
[274.207s][info][gc,phases      ] GC(603)   Pre Evacuate Collection Set: 0.1ms
[274.207s][info][gc,phases      ] GC(603)   Merge Heap Roots: 0.1ms
[274.207s][info][gc,phases      ] GC(603)   Evacuate Collection Set: 1.3ms
[274.207s][info][gc,phases      ] GC(603)   Post Evacuate Collection Set: 0.4ms
[274.207s][info][gc,phases      ] GC(603)   Other: 0.1ms
[274.207s][info][gc,heap        ] GC(603) Eden regions: 160->0(160)
[274.207s][info][gc,heap        ] GC(603) Survivor regions: 2->2(21)
[274.207s][info][gc,heap        ] GC(603) Old regions: 9->9
[274.207s][info][gc,heap        ] GC(603) Archive regions: 0->0
[274.207s][info][gc,heap        ] GC(603) Humongous regions: 0->0
[274.207s][info][gc,metaspace   ] GC(603) Metaspace: 9937K(10240K)->9937K(10240K) NonClass: 8634K(8832K)->8634K(8832K) Class: 1303K(1408K)->1303K(1408K)
[274.207s][info][gc             ] GC(603) Pause Young (Normal) (G1 Evacuation Pause) 165M->5M(270M) 2.528ms
[274.208s][info][gc,cpu         ] GC(603) User=0.00s Sys=0.00s Real=0.00s
[274.551s][info][gc,start       ] GC(604) Pause Full (System.gc())
[274.551s][info][gc,task        ] GC(604) Using 6 workers of 33 for full compaction
[274.552s][info][gc,phases,start] GC(604) Phase 1: Mark live objects
[274.557s][info][gc,phases      ] GC(604) Phase 1: Mark live objects 5.607ms
[274.557s][info][gc,phases,start] GC(604) Phase 2: Prepare compaction
[274.559s][info][gc,phases      ] GC(604) Phase 2: Prepare compaction 1.149ms
[274.559s][info][gc,phases,start] GC(604) Phase 3: Adjust pointers
[274.563s][info][gc,phases      ] GC(604) Phase 3: Adjust pointers 3.921ms
[274.563s][info][gc,phases,start] GC(604) Phase 4: Compact heap
[274.563s][info][gc,phases      ] GC(604) Phase 4: Compact heap 0.570ms
[274.568s][info][gc,heap        ] GC(604) Eden regions: 76->0(16)
[274.568s][info][gc,heap        ] GC(604) Survivor regions: 2->0(21)
[274.568s][info][gc,heap        ] GC(604) Old regions: 9->8
[274.568s][info][gc,heap        ] GC(604) Archive regions: 0->0
[274.568s][info][gc,heap        ] GC(604) Humongous regions: 0->0
[274.568s][info][gc,metaspace   ] GC(604) Metaspace: 9937K(10240K)->9937K(10240K) NonClass: 8634K(8832K)->8634K(8832K) Class: 1303K(1408K)->1303K(1408K)
[274.568s][info][gc             ] GC(604) Pause Full (System.gc()) 81M->3M(27M) 16.768ms
[274.568s][info][gc,cpu         ] GC(604) User=0.09s Sys=0.00s Real=0.02s
[274.640s][info][gc,start       ] GC(605) Pause Young (Normal) (G1 Evacuation Pause)
[274.640s][info][gc,task        ] GC(605) Using 4 workers of 33 for evacuation
[274.643s][info][gc,phases      ] GC(605)   Pre Evacuate Collection Set: 0.1ms
[274.643s][info][gc,phases      ] GC(605)   Merge Heap Roots: 0.1ms
[274.643s][info][gc,phases      ] GC(605)   Evacuate Collection Set: 2.0ms
[274.643s][info][gc,phases      ] GC(605)   Post Evacuate Collection Set: 0.2ms
[274.643s][info][gc,phases      ] GC(605)   Other: 0.1ms
[274.643s][info][gc,heap        ] GC(605) Eden regions: 16->0(13)
[274.643s][info][gc,heap        ] GC(605) Survivor regions: 0->2(2)
[274.643s][info][gc,heap        ] GC(605) Old regions: 8->8
[274.643s][info][gc,heap        ] GC(605) Archive regions: 0->0
[274.643s][info][gc,heap        ] GC(605) Humongous regions: 0->0
[274.643s][info][gc,metaspace   ] GC(605) Metaspace: 9937K(10240K)->9937K(10240K) NonClass: 8634K(8832K)->8634K(8832K) Class: 1303K(1408K)->1303K(1408K)
[274.643s][info][gc             ] GC(605) Pause Young (Normal) (G1 Evacuation Pause) 19M->5M(27M) 2.941ms
[274.643s][info][gc,cpu         ] GC(605) User=0.00s Sys=0.00s Real=0.00s
[274.711s][info][gc,start       ] GC(606) Pause Young (Normal) (G1 Evacuation Pause)
[274.711s][info][gc,task        ] GC(606) Using 3 workers of 33 for evacuation
[274.714s][info][gc,phases      ] GC(606)   Pre Evacuate Collection Set: 0.1ms
[274.714s][info][gc,phases      ] GC(606)   Merge Heap Roots: 0.1ms
[274.714s][info][gc,phases      ] GC(606)   Evacuate Collection Set: 2.3ms
[274.714s][info][gc,phases      ] GC(606)   Post Evacuate Collection Set: 0.2ms
[274.714s][info][gc,phases      ] GC(606)   Other: 0.1ms
[274.714s][info][gc,heap        ] GC(606) Eden regions: 13->0(14)
[274.714s][info][gc,heap        ] GC(606) Survivor regions: 2->1(2)
[274.714s][info][gc,heap        ] GC(606) Old regions: 8->9
[274.714s][info][gc,heap        ] GC(606) Archive regions: 0->0
[274.714s][info][gc,heap        ] GC(606) Humongous regions: 0->0
[274.714s][info][gc,metaspace   ] GC(606) Metaspace: 9937K(10240K)->9937K(10240K) NonClass: 8634K(8832K)->8634K(8832K) Class: 1303K(1408K)->1303K(1408K)
[274.714s][info][gc             ] GC(606) Pause Young (Normal) (G1 Evacuation Pause) 18M->5M(27M) 2.889ms
[274.714s][info][gc,cpu         ] GC(606) User=0.00s Sys=0.00s Real=0.00s
[274.775s][info][gc,start       ] GC(607) Pause Young (Normal) (G1 Evacuation Pause)
[274.775s][info][gc,task        ] GC(607) Using 2 workers of 33 for evacuation
[274.778s][info][gc,phases      ] GC(607)   Pre Evacuate Collection Set: 0.1ms
[274.778s][info][gc,phases      ] GC(607)   Merge Heap Roots: 0.0ms
[274.778s][info][gc,phases      ] GC(607)   Evacuate Collection Set: 2.5ms
[274.778s][info][gc,phases      ] GC(607)   Post Evacuate Collection Set: 0.2ms
[274.778s][info][gc,phases      ] GC(607)   Other: 0.1ms
[274.778s][info][gc,heap        ] GC(607) Eden regions: 14->0(14)
[274.778s][info][gc,heap        ] GC(607) Survivor regions: 1->1(2)
[274.778s][info][gc,heap        ] GC(607) Old regions: 9->9
[274.778s][info][gc,heap        ] GC(607) Archive regions: 0->0
[274.778s][info][gc,heap        ] GC(607) Humongous regions: 0->0
[274.778s][info][gc,metaspace   ] GC(607) Metaspace: 9937K(10240K)->9937K(10240K) NonClass: 8634K(8832K)->8634K(8832K) Class: 1303K(1408K)->1303K(1408K)
[274.779s][info][gc             ] GC(607) Pause Young (Normal) (G1 Evacuation Pause) 19M->5M(27M) 3.372ms
[274.779s][info][gc,cpu         ] GC(607) User=0.00s Sys=0.00s Real=0.00s
[274.842s][info][gc,start       ] GC(608) Pause Young (Normal) (G1 Evacuation Pause)
[274.844s][info][gc,task        ] GC(608) Using 2 workers of 33 for evacuation
[274.848s][info][gc,phases      ] GC(608)   Pre Evacuate Collection Set: 0.1ms
[274.848s][info][gc,phases      ] GC(608)   Merge Heap Roots: 0.0ms
[274.848s][info][gc,phases      ] GC(608)   Evacuate Collection Set: 3.6ms
[274.848s][info][gc,phases      ] GC(608)   Post Evacuate Collection Set: 0.2ms
[274.848s][info][gc,phases      ] GC(608)   Other: 0.1ms
[274.848s][info][gc,heap        ] GC(608) Eden regions: 14->0(12)
[274.848s][info][gc,heap        ] GC(608) Survivor regions: 1->2(2)
[274.848s][info][gc,heap        ] GC(608) Old regions: 9->9
[274.848s][info][gc,heap        ] GC(608) Archive regions: 0->0
[274.848s][info][gc,heap        ] GC(608) Humongous regions: 0->0
[274.848s][info][gc,metaspace   ] GC(608) Metaspace: 9937K(10240K)->9937K(10240K) NonClass: 8634K(8832K)->8634K(8832K) Class: 1303K(1408K)->1303K(1408K)
[274.848s][info][gc             ] GC(608) Pause Young (Normal) (G1 Evacuation Pause) 19M->5M(27M) 5.674ms
[274.848s][info][gc,cpu         ] GC(608) User=0.03s Sys=0.00s Real=0.02s
[274.899s][info][gc,start       ] GC(609) Pause Young (Normal) (G1 Evacuation Pause)
[274.899s][info][gc,task        ] GC(609) Using 2 workers of 33 for evacuation
[274.902s][info][gc,phases      ] GC(609)   Pre Evacuate Collection Set: 0.1ms
[274.902s][info][gc,phases      ] GC(609)   Merge Heap Roots: 0.0ms
[274.902s][info][gc,phases      ] GC(609)   Evacuate Collection Set: 3.3ms
[274.902s][info][gc,phases      ] GC(609)   Post Evacuate Collection Set: 0.2ms
[274.903s][info][gc,phases      ] GC(609)   Other: 0.1ms
[274.903s][info][gc,heap        ] GC(609) Eden regions: 12->0(14)
[274.903s][info][gc,heap        ] GC(609) Survivor regions: 2->1(2)
[274.903s][info][gc,heap        ] GC(609) Old regions: 9->9
[274.903s][info][gc,heap        ] GC(609) Archive regions: 0->0
[274.903s][info][gc,heap        ] GC(609) Humongous regions: 0->0
[274.903s][info][gc,metaspace   ] GC(609) Metaspace: 9937K(10240K)->9937K(10240K) NonClass: 8634K(8832K)->8634K(8832K) Class: 1303K(1408K)->1303K(1408K)
[274.903s][info][gc             ] GC(609) Pause Young (Normal) (G1 Evacuation Pause) 17M->5M(27M) 4.148ms
[274.903s][info][gc,cpu         ] GC(609) User=0.00s Sys=0.00s Real=0.00s
[274.962s][info][gc,start       ] GC(610) Pause Young (Normal) (G1 Evacuation Pause)
[274.963s][info][gc,task        ] GC(610) Using 2 workers of 33 for evacuation
[274.969s][info][gc,phases      ] GC(610)   Pre Evacuate Collection Set: 0.1ms
[274.969s][info][gc,phases      ] GC(610)   Merge Heap Roots: 0.0ms
[274.969s][info][gc,phases      ] GC(610)   Evacuate Collection Set: 2.7ms
[274.969s][info][gc,phases      ] GC(610)   Post Evacuate Collection Set: 3.8ms
[274.969s][info][gc,phases      ] GC(610)   Other: 0.1ms
[274.969s][info][gc,heap        ] GC(610) Eden regions: 14->0(161)
[274.969s][info][gc,heap        ] GC(610) Survivor regions: 1->1(2)
[274.969s][info][gc,heap        ] GC(610) Old regions: 9->9
[274.970s][info][gc,heap        ] GC(610) Archive regions: 0->0
[274.970s][info][gc,heap        ] GC(610) Humongous regions: 0->0
[274.970s][info][gc,metaspace   ] GC(610) Metaspace: 9937K(10240K)->9937K(10240K) NonClass: 8634K(8832K)->8634K(8832K) Class: 1303K(1408K)->1303K(1408K)
[274.970s][info][gc             ] GC(610) Pause Young (Normal) (G1 Evacuation Pause) 19M->5M(270M) 7.204ms
[274.970s][info][gc,cpu         ] GC(610) User=0.02s Sys=0.00s Real=0.02s
[275.712s][info][gc,start       ] GC(611) Pause Young (Normal) (G1 Evacuation Pause)
[275.712s][info][gc,task        ] GC(611) Using 6 workers of 33 for evacuation
[275.715s][info][gc,phases      ] GC(611)   Pre Evacuate Collection Set: 0.1ms
[275.715s][info][gc,phases      ] GC(611)   Merge Heap Roots: 0.1ms
[275.715s][info][gc,phases      ] GC(611)   Evacuate Collection Set: 1.7ms
[275.715s][info][gc,phases      ] GC(611)   Post Evacuate Collection Set: 0.3ms
[275.715s][info][gc,phases      ] GC(611)   Other: 0.1ms
[275.715s][info][gc,heap        ] GC(611) Eden regions: 161->0(160)
[275.715s][info][gc,heap        ] GC(611) Survivor regions: 1->2(21)
[275.715s][info][gc,heap        ] GC(611) Old regions: 9->9
[275.715s][info][gc,heap        ] GC(611) Archive regions: 0->0
[275.715s][info][gc,heap        ] GC(611) Humongous regions: 0->0
[275.715s][info][gc,metaspace   ] GC(611) Metaspace: 9937K(10240K)->9937K(10240K) NonClass: 8634K(8832K)->8634K(8832K) Class: 1303K(1408K)->1303K(1408K)
[275.715s][info][gc             ] GC(611) Pause Young (Normal) (G1 Evacuation Pause) 166M->5M(270M) 2.894ms
[275.715s][info][gc,cpu         ] GC(611) User=0.00s Sys=0.00s Real=0.00s
[276.429s][info][gc,start       ] GC(612) Pause Young (Normal) (G1 Evacuation Pause)
[276.429s][info][gc,task        ] GC(612) Using 6 workers of 33 for evacuation
[276.431s][info][gc,phases      ] GC(612)   Pre Evacuate Collection Set: 0.1ms
[276.431s][info][gc,phases      ] GC(612)   Merge Heap Roots: 0.1ms
[276.431s][info][gc,phases      ] GC(612)   Evacuate Collection Set: 1.4ms
[276.431s][info][gc,phases      ] GC(612)   Post Evacuate Collection Set: 0.4ms
[276.431s][info][gc,phases      ] GC(612)   Other: 0.1ms
[276.431s][info][gc,heap        ] GC(612) Eden regions: 160->0(160)
[276.431s][info][gc,heap        ] GC(612) Survivor regions: 2->2(21)
[276.431s][info][gc,heap        ] GC(612) Old regions: 9->9
[276.431s][info][gc,heap        ] GC(612) Archive regions: 0->0
[276.431s][info][gc,heap        ] GC(612) Humongous regions: 0->0
[276.431s][info][gc,metaspace   ] GC(612) Metaspace: 9937K(10240K)->9937K(10240K) NonClass: 8634K(8832K)->8634K(8832K) Class: 1303K(1408K)->1303K(1408K)
[276.431s][info][gc             ] GC(612) Pause Young (Normal) (G1 Evacuation Pause) 165M->5M(270M) 2.679ms
[276.431s][info][gc,cpu         ] GC(612) User=0.00s Sys=0.00s Real=0.00s
[277.109s][info][gc,start       ] GC(613) Pause Young (Normal) (G1 Evacuation Pause)
[277.109s][info][gc,task        ] GC(613) Using 6 workers of 33 for evacuation
[277.111s][info][gc,phases      ] GC(613)   Pre Evacuate Collection Set: 0.1ms
[277.111s][info][gc,phases      ] GC(613)   Merge Heap Roots: 0.1ms
[277.111s][info][gc,phases      ] GC(613)   Evacuate Collection Set: 1.4ms
[277.111s][info][gc,phases      ] GC(613)   Post Evacuate Collection Set: 0.3ms
[277.111s][info][gc,phases      ] GC(613)   Other: 0.1ms
[277.111s][info][gc,heap        ] GC(613) Eden regions: 160->0(160)
[277.111s][info][gc,heap        ] GC(613) Survivor regions: 2->2(21)
[277.111s][info][gc,heap        ] GC(613) Old regions: 9->9
[277.111s][info][gc,heap        ] GC(613) Archive regions: 0->0
[277.111s][info][gc,heap        ] GC(613) Humongous regions: 0->0
[277.111s][info][gc,metaspace   ] GC(613) Metaspace: 9937K(10240K)->9937K(10240K) NonClass: 8634K(8832K)->8634K(8832K) Class: 1303K(1408K)->1303K(1408K)
[277.111s][info][gc             ] GC(613) Pause Young (Normal) (G1 Evacuation Pause) 165M->5M(270M) 2.651ms
[277.112s][info][gc,cpu         ] GC(613) User=0.00s Sys=0.00s Real=0.00s
[277.820s][info][gc,start       ] GC(614) Pause Young (Normal) (G1 Evacuation Pause)
[277.821s][info][gc,task        ] GC(614) Using 6 workers of 33 for evacuation
[277.823s][info][gc,phases      ] GC(614)   Pre Evacuate Collection Set: 0.1ms
[277.823s][info][gc,phases      ] GC(614)   Merge Heap Roots: 0.1ms
[277.823s][info][gc,phases      ] GC(614)   Evacuate Collection Set: 1.4ms
[277.823s][info][gc,phases      ] GC(614)   Post Evacuate Collection Set: 0.3ms
[277.823s][info][gc,phases      ] GC(614)   Other: 0.1ms
[277.823s][info][gc,heap        ] GC(614) Eden regions: 160->0(160)
[277.823s][info][gc,heap        ] GC(614) Survivor regions: 2->2(21)
[277.823s][info][gc,heap        ] GC(614) Old regions: 9->9
[277.823s][info][gc,heap        ] GC(614) Archive regions: 0->0
[277.823s][info][gc,heap        ] GC(614) Humongous regions: 0->0
[277.823s][info][gc,metaspace   ] GC(614) Metaspace: 9937K(10240K)->9937K(10240K) NonClass: 8634K(8832K)->8634K(8832K) Class: 1303K(1408K)->1303K(1408K)
[277.823s][info][gc             ] GC(614) Pause Young (Normal) (G1 Evacuation Pause) 165M->5M(270M) 2.564ms
[277.823s][info][gc,cpu         ] GC(614) User=0.00s Sys=0.00s Real=0.00s
[278.530s][info][gc,start       ] GC(615) Pause Young (Normal) (G1 Evacuation Pause)
[278.530s][info][gc,task        ] GC(615) Using 6 workers of 33 for evacuation
[278.532s][info][gc,phases      ] GC(615)   Pre Evacuate Collection Set: 0.1ms
[278.532s][info][gc,phases      ] GC(615)   Merge Heap Roots: 0.1ms
[278.532s][info][gc,phases      ] GC(615)   Evacuate Collection Set: 1.4ms
[278.532s][info][gc,phases      ] GC(615)   Post Evacuate Collection Set: 0.3ms
[278.533s][info][gc,phases      ] GC(615)   Other: 0.1ms
[278.533s][info][gc,heap        ] GC(615) Eden regions: 160->0(160)
[278.533s][info][gc,heap        ] GC(615) Survivor regions: 2->2(21)
[278.533s][info][gc,heap        ] GC(615) Old regions: 9->9
[278.533s][info][gc,heap        ] GC(615) Archive regions: 0->0
[278.533s][info][gc,heap        ] GC(615) Humongous regions: 0->0
[278.533s][info][gc,metaspace   ] GC(615) Metaspace: 9937K(10240K)->9937K(10240K) NonClass: 8634K(8832K)->8634K(8832K) Class: 1303K(1408K)->1303K(1408K)
[278.533s][info][gc             ] GC(615) Pause Young (Normal) (G1 Evacuation Pause) 165M->5M(270M) 2.631ms
[278.533s][info][gc,cpu         ] GC(615) User=0.00s Sys=0.00s Real=0.00s
[279.224s][info][gc,start       ] GC(616) Pause Young (Normal) (G1 Evacuation Pause)
[279.224s][info][gc,task        ] GC(616) Using 6 workers of 33 for evacuation
[279.226s][info][gc,phases      ] GC(616)   Pre Evacuate Collection Set: 0.1ms
[279.226s][info][gc,phases      ] GC(616)   Merge Heap Roots: 0.1ms
[279.226s][info][gc,phases      ] GC(616)   Evacuate Collection Set: 1.4ms
[279.226s][info][gc,phases      ] GC(616)   Post Evacuate Collection Set: 0.3ms
[279.226s][info][gc,phases      ] GC(616)   Other: 0.1ms
[279.226s][info][gc,heap        ] GC(616) Eden regions: 160->0(160)
[279.226s][info][gc,heap        ] GC(616) Survivor regions: 2->2(21)
[279.226s][info][gc,heap        ] GC(616) Old regions: 9->9
[279.226s][info][gc,heap        ] GC(616) Archive regions: 0->0
[279.226s][info][gc,heap        ] GC(616) Humongous regions: 0->0
[279.226s][info][gc,metaspace   ] GC(616) Metaspace: 9937K(10240K)->9937K(10240K) NonClass: 8634K(8832K)->8634K(8832K) Class: 1303K(1408K)->1303K(1408K)
[279.226s][info][gc             ] GC(616) Pause Young (Normal) (G1 Evacuation Pause) 165M->5M(270M) 2.635ms
[279.226s][info][gc,cpu         ] GC(616) User=0.02s Sys=0.00s Real=0.01s
[279.923s][info][gc,start       ] GC(617) Pause Young (Normal) (G1 Evacuation Pause)
[279.923s][info][gc,task        ] GC(617) Using 6 workers of 33 for evacuation
[279.925s][info][gc,phases      ] GC(617)   Pre Evacuate Collection Set: 0.1ms
[279.925s][info][gc,phases      ] GC(617)   Merge Heap Roots: 0.1ms
[279.925s][info][gc,phases      ] GC(617)   Evacuate Collection Set: 1.2ms
[279.925s][info][gc,phases      ] GC(617)   Post Evacuate Collection Set: 0.3ms
[279.926s][info][gc,phases      ] GC(617)   Other: 0.1ms
[279.926s][info][gc,heap        ] GC(617) Eden regions: 160->0(160)
[279.926s][info][gc,heap        ] GC(617) Survivor regions: 2->2(21)
[279.926s][info][gc,heap        ] GC(617) Old regions: 9->9
[279.926s][info][gc,heap        ] GC(617) Archive regions: 0->0
[279.926s][info][gc,heap        ] GC(617) Humongous regions: 0->0
[279.926s][info][gc,metaspace   ] GC(617) Metaspace: 9937K(10240K)->9937K(10240K) NonClass: 8634K(8832K)->8634K(8832K) Class: 1303K(1408K)->1303K(1408K)
[279.926s][info][gc             ] GC(617) Pause Young (Normal) (G1 Evacuation Pause) 165M->5M(270M) 2.461ms
[279.926s][info][gc,cpu         ] GC(617) User=0.00s Sys=0.00s Real=0.00s
[280.633s][info][gc,start       ] GC(618) Pause Young (Normal) (G1 Evacuation Pause)
[280.634s][info][gc,task        ] GC(618) Using 6 workers of 33 for evacuation
[280.636s][info][gc,phases      ] GC(618)   Pre Evacuate Collection Set: 0.1ms
[280.636s][info][gc,phases      ] GC(618)   Merge Heap Roots: 0.1ms
[280.636s][info][gc,phases      ] GC(618)   Evacuate Collection Set: 1.3ms
[280.636s][info][gc,phases      ] GC(618)   Post Evacuate Collection Set: 0.3ms
[280.636s][info][gc,phases      ] GC(618)   Other: 0.1ms
[280.636s][info][gc,heap        ] GC(618) Eden regions: 160->0(160)
[280.636s][info][gc,heap        ] GC(618) Survivor regions: 2->2(21)
[280.636s][info][gc,heap        ] GC(618) Old regions: 9->9
[280.636s][info][gc,heap        ] GC(618) Archive regions: 0->0
[280.636s][info][gc,heap        ] GC(618) Humongous regions: 0->0
[280.636s][info][gc,metaspace   ] GC(618) Metaspace: 9937K(10240K)->9937K(10240K) NonClass: 8634K(8832K)->8634K(8832K) Class: 1303K(1408K)->1303K(1408K)
[280.636s][info][gc             ] GC(618) Pause Young (Normal) (G1 Evacuation Pause) 165M->5M(270M) 2.498ms
[280.636s][info][gc,cpu         ] GC(618) User=0.00s Sys=0.00s Real=0.00s
[281.345s][info][gc,start       ] GC(619) Pause Young (Normal) (G1 Evacuation Pause)
[281.345s][info][gc,task        ] GC(619) Using 6 workers of 33 for evacuation
[281.347s][info][gc,phases      ] GC(619)   Pre Evacuate Collection Set: 0.1ms
[281.347s][info][gc,phases      ] GC(619)   Merge Heap Roots: 0.1ms
[281.347s][info][gc,phases      ] GC(619)   Evacuate Collection Set: 1.3ms
[281.347s][info][gc,phases      ] GC(619)   Post Evacuate Collection Set: 0.3ms
[281.347s][info][gc,phases      ] GC(619)   Other: 0.1ms
[281.347s][info][gc,heap        ] GC(619) Eden regions: 160->0(160)
[281.347s][info][gc,heap        ] GC(619) Survivor regions: 2->2(21)
[281.347s][info][gc,heap        ] GC(619) Old regions: 9->9
[281.347s][info][gc,heap        ] GC(619) Archive regions: 0->0
[281.347s][info][gc,heap        ] GC(619) Humongous regions: 0->0
[281.347s][info][gc,metaspace   ] GC(619) Metaspace: 9937K(10240K)->9937K(10240K) NonClass: 8634K(8832K)->8634K(8832K) Class: 1303K(1408K)->1303K(1408K)
[281.347s][info][gc             ] GC(619) Pause Young (Normal) (G1 Evacuation Pause) 165M->5M(270M) 2.603ms
[281.347s][info][gc,cpu         ] GC(619) User=0.02s Sys=0.00s Real=0.02s
[281.733s][info][gc,start       ] GC(620) Pause Full (System.gc())
[281.733s][info][gc,task        ] GC(620) Using 6 workers of 33 for full compaction
[281.734s][info][gc,phases,start] GC(620) Phase 1: Mark live objects
[281.739s][info][gc,phases      ] GC(620) Phase 1: Mark live objects 5.514ms
[281.739s][info][gc,phases,start] GC(620) Phase 2: Prepare compaction
[281.741s][info][gc,phases      ] GC(620) Phase 2: Prepare compaction 1.198ms
[281.741s][info][gc,phases,start] GC(620) Phase 3: Adjust pointers
[281.744s][info][gc,phases      ] GC(620) Phase 3: Adjust pointers 3.888ms
[281.744s][info][gc,phases,start] GC(620) Phase 4: Compact heap
[281.745s][info][gc,phases      ] GC(620) Phase 4: Compact heap 0.576ms
[281.750s][info][gc,heap        ] GC(620) Eden regions: 87->0(16)
[281.750s][info][gc,heap        ] GC(620) Survivor regions: 2->0(21)
[281.750s][info][gc,heap        ] GC(620) Old regions: 9->8
[281.750s][info][gc,heap        ] GC(620) Archive regions: 0->0
[281.750s][info][gc,heap        ] GC(620) Humongous regions: 0->0
[281.750s][info][gc,metaspace   ] GC(620) Metaspace: 9937K(10240K)->9937K(10240K) NonClass: 8634K(8832K)->8634K(8832K) Class: 1303K(1408K)->1303K(1408K)
[281.750s][info][gc             ] GC(620) Pause Full (System.gc()) 91M->3M(27M) 16.792ms
[281.750s][info][gc,cpu         ] GC(620) User=0.09s Sys=0.00s Real=0.02s
[281.823s][info][gc,start       ] GC(621) Pause Young (Normal) (G1 Evacuation Pause)
[281.823s][info][gc,task        ] GC(621) Using 4 workers of 33 for evacuation
[281.826s][info][gc,phases      ] GC(621)   Pre Evacuate Collection Set: 0.1ms
[281.826s][info][gc,phases      ] GC(621)   Merge Heap Roots: 0.1ms
[281.826s][info][gc,phases      ] GC(621)   Evacuate Collection Set: 1.8ms
[281.826s][info][gc,phases      ] GC(621)   Post Evacuate Collection Set: 0.2ms
[281.826s][info][gc,phases      ] GC(621)   Other: 0.1ms
[281.826s][info][gc,heap        ] GC(621) Eden regions: 16->0(13)
[281.826s][info][gc,heap        ] GC(621) Survivor regions: 0->2(2)
[281.826s][info][gc,heap        ] GC(621) Old regions: 8->8
[281.826s][info][gc,heap        ] GC(621) Archive regions: 0->0
[281.826s][info][gc,heap        ] GC(621) Humongous regions: 0->0
[281.826s][info][gc,metaspace   ] GC(621) Metaspace: 9937K(10240K)->9937K(10240K) NonClass: 8634K(8832K)->8634K(8832K) Class: 1303K(1408K)->1303K(1408K)
[281.826s][info][gc             ] GC(621) Pause Young (Normal) (G1 Evacuation Pause) 19M->5M(27M) 2.762ms
[281.826s][info][gc,cpu         ] GC(621) User=0.00s Sys=0.00s Real=0.00s
[281.893s][info][gc,start       ] GC(622) Pause Young (Normal) (G1 Evacuation Pause)
[281.894s][info][gc,task        ] GC(622) Using 3 workers of 33 for evacuation
[281.897s][info][gc,phases      ] GC(622)   Pre Evacuate Collection Set: 0.1ms
[281.897s][info][gc,phases      ] GC(622)   Merge Heap Roots: 0.1ms
[281.897s][info][gc,phases      ] GC(622)   Evacuate Collection Set: 2.6ms
[281.897s][info][gc,phases      ] GC(622)   Post Evacuate Collection Set: 0.2ms
[281.897s][info][gc,phases      ] GC(622)   Other: 0.1ms
[281.897s][info][gc,heap        ] GC(622) Eden regions: 13->0(13)
[281.897s][info][gc,heap        ] GC(622) Survivor regions: 2->2(2)
[281.897s][info][gc,heap        ] GC(622) Old regions: 8->8
[281.897s][info][gc,heap        ] GC(622) Archive regions: 0->0
[281.897s][info][gc,heap        ] GC(622) Humongous regions: 0->0
[281.897s][info][gc,metaspace   ] GC(622) Metaspace: 9937K(10240K)->9937K(10240K) NonClass: 8634K(8832K)->8634K(8832K) Class: 1303K(1408K)->1303K(1408K)
[281.897s][info][gc             ] GC(622) Pause Young (Normal) (G1 Evacuation Pause) 18M->5M(27M) 3.538ms
[281.897s][info][gc,cpu         ] GC(622) User=0.00s Sys=0.00s Real=0.00s
[281.948s][info][gc,start       ] GC(623) Pause Young (Normal) (G1 Evacuation Pause)
[281.949s][info][gc,task        ] GC(623) Using 2 workers of 33 for evacuation
[281.951s][info][gc,phases      ] GC(623)   Pre Evacuate Collection Set: 0.1ms
[281.951s][info][gc,phases      ] GC(623)   Merge Heap Roots: 0.0ms
[281.951s][info][gc,phases      ] GC(623)   Evacuate Collection Set: 2.5ms
[281.952s][info][gc,phases      ] GC(623)   Post Evacuate Collection Set: 0.2ms
[281.952s][info][gc,phases      ] GC(623)   Other: 0.1ms
[281.952s][info][gc,heap        ] GC(623) Eden regions: 13->0(12)
[281.952s][info][gc,heap        ] GC(623) Survivor regions: 2->2(2)
[281.952s][info][gc,heap        ] GC(623) Old regions: 8->9
[281.952s][info][gc,heap        ] GC(623) Archive regions: 0->0
[281.952s][info][gc,heap        ] GC(623) Humongous regions: 0->0
[281.952s][info][gc,metaspace   ] GC(623) Metaspace: 9937K(10240K)->9937K(10240K) NonClass: 8634K(8832K)->8634K(8832K) Class: 1303K(1408K)->1303K(1408K)
[281.952s][info][gc             ] GC(623) Pause Young (Normal) (G1 Evacuation Pause) 18M->5M(27M) 3.362ms
[281.952s][info][gc,cpu         ] GC(623) User=0.00s Sys=0.00s Real=0.00s
[282.001s][info][gc,start       ] GC(624) Pause Young (Normal) (G1 Evacuation Pause)
[282.001s][info][gc,task        ] GC(624) Using 2 workers of 33 for evacuation
[282.004s][info][gc,phases      ] GC(624)   Pre Evacuate Collection Set: 0.1ms
[282.004s][info][gc,phases      ] GC(624)   Merge Heap Roots: 0.0ms
[282.004s][info][gc,phases      ] GC(624)   Evacuate Collection Set: 3.2ms
[282.004s][info][gc,phases      ] GC(624)   Post Evacuate Collection Set: 0.2ms
[282.004s][info][gc,phases      ] GC(624)   Other: 0.1ms
[282.004s][info][gc,heap        ] GC(624) Eden regions: 12->0(14)
[282.005s][info][gc,heap        ] GC(624) Survivor regions: 2->1(2)
[282.005s][info][gc,heap        ] GC(624) Old regions: 9->9
[282.005s][info][gc,heap        ] GC(624) Archive regions: 0->0
[282.005s][info][gc,heap        ] GC(624) Humongous regions: 0->0
[282.005s][info][gc,metaspace   ] GC(624) Metaspace: 9937K(10240K)->9937K(10240K) NonClass: 8634K(8832K)->8634K(8832K) Class: 1303K(1408K)->1303K(1408K)
[282.005s][info][gc             ] GC(624) Pause Young (Normal) (G1 Evacuation Pause) 17M->5M(27M) 3.991ms
[282.005s][info][gc,cpu         ] GC(624) User=0.00s Sys=0.00s Real=0.00s
[282.065s][info][gc,start       ] GC(625) Pause Young (Normal) (G1 Evacuation Pause)
[282.065s][info][gc,task        ] GC(625) Using 2 workers of 33 for evacuation
[282.069s][info][gc,phases      ] GC(625)   Pre Evacuate Collection Set: 0.1ms
[282.069s][info][gc,phases      ] GC(625)   Merge Heap Roots: 0.1ms
[282.069s][info][gc,phases      ] GC(625)   Evacuate Collection Set: 2.8ms
[282.069s][info][gc,phases      ] GC(625)   Post Evacuate Collection Set: 0.2ms
[282.069s][info][gc,phases      ] GC(625)   Other: 0.1ms
[282.069s][info][gc,heap        ] GC(625) Eden regions: 14->0(14)
[282.069s][info][gc,heap        ] GC(625) Survivor regions: 1->1(2)
[282.069s][info][gc,heap        ] GC(625) Old regions: 9->9
[282.069s][info][gc,heap        ] GC(625) Archive regions: 0->0
[282.069s][info][gc,heap        ] GC(625) Humongous regions: 0->0
[282.069s][info][gc,metaspace   ] GC(625) Metaspace: 9937K(10240K)->9937K(10240K) NonClass: 8634K(8832K)->8634K(8832K) Class: 1303K(1408K)->1303K(1408K)
[282.069s][info][gc             ] GC(625) Pause Young (Normal) (G1 Evacuation Pause) 19M->5M(27M) 3.729ms
[282.069s][info][gc,cpu         ] GC(625) User=0.00s Sys=0.00s Real=0.00s
[282.128s][info][gc,start       ] GC(626) Pause Young (Normal) (G1 Evacuation Pause)
[282.128s][info][gc,task        ] GC(626) Using 2 workers of 33 for evacuation
[282.135s][info][gc,phases      ] GC(626)   Pre Evacuate Collection Set: 0.1ms
[282.135s][info][gc,phases      ] GC(626)   Merge Heap Roots: 0.1ms
[282.135s][info][gc,phases      ] GC(626)   Evacuate Collection Set: 2.8ms
[282.135s][info][gc,phases      ] GC(626)   Post Evacuate Collection Set: 3.8ms
[282.135s][info][gc,phases      ] GC(626)   Other: 0.1ms
[282.135s][info][gc,heap        ] GC(626) Eden regions: 14->0(160)
[282.135s][info][gc,heap        ] GC(626) Survivor regions: 1->2(2)
[282.135s][info][gc,heap        ] GC(626) Old regions: 9->9
[282.135s][info][gc,heap        ] GC(626) Archive regions: 0->0
[282.135s][info][gc,heap        ] GC(626) Humongous regions: 0->0
[282.135s][info][gc,metaspace   ] GC(626) Metaspace: 9937K(10240K)->9937K(10240K) NonClass: 8634K(8832K)->8634K(8832K) Class: 1303K(1408K)->1303K(1408K)
[282.135s][info][gc             ] GC(626) Pause Young (Normal) (G1 Evacuation Pause) 19M->5M(270M) 7.335ms
[282.135s][info][gc,cpu         ] GC(626) User=0.00s Sys=0.00s Real=0.00s
[282.875s][info][gc,start       ] GC(627) Pause Young (Normal) (G1 Evacuation Pause)
[282.876s][info][gc,task        ] GC(627) Using 6 workers of 33 for evacuation
[282.878s][info][gc,phases      ] GC(627)   Pre Evacuate Collection Set: 0.1ms
[282.878s][info][gc,phases      ] GC(627)   Merge Heap Roots: 0.1ms
[282.878s][info][gc,phases      ] GC(627)   Evacuate Collection Set: 1.5ms
[282.878s][info][gc,phases      ] GC(627)   Post Evacuate Collection Set: 0.3ms
[282.878s][info][gc,phases      ] GC(627)   Other: 0.1ms
[282.878s][info][gc,heap        ] GC(627) Eden regions: 160->0(160)
[282.878s][info][gc,heap        ] GC(627) Survivor regions: 2->2(21)
[282.878s][info][gc,heap        ] GC(627) Old regions: 9->9
[282.878s][info][gc,heap        ] GC(627) Archive regions: 0->0
[282.878s][info][gc,heap        ] GC(627) Humongous regions: 0->0
[282.878s][info][gc,metaspace   ] GC(627) Metaspace: 9937K(10240K)->9937K(10240K) NonClass: 8634K(8832K)->8634K(8832K) Class: 1303K(1408K)->1303K(1408K)
[282.878s][info][gc             ] GC(627) Pause Young (Normal) (G1 Evacuation Pause) 165M->5M(270M) 2.670ms
[282.878s][info][gc,cpu         ] GC(627) User=0.08s Sys=0.02s Real=0.02s
[283.579s][info][gc,start       ] GC(628) Pause Young (Normal) (G1 Evacuation Pause)
[283.579s][info][gc,task        ] GC(628) Using 6 workers of 33 for evacuation
[283.581s][info][gc,phases      ] GC(628)   Pre Evacuate Collection Set: 0.1ms
[283.581s][info][gc,phases      ] GC(628)   Merge Heap Roots: 0.1ms
[283.582s][info][gc,phases      ] GC(628)   Evacuate Collection Set: 1.4ms
[283.582s][info][gc,phases      ] GC(628)   Post Evacuate Collection Set: 0.3ms
[283.582s][info][gc,phases      ] GC(628)   Other: 0.1ms
[283.582s][info][gc,heap        ] GC(628) Eden regions: 160->0(161)
[283.582s][info][gc,heap        ] GC(628) Survivor regions: 2->1(21)
[283.582s][info][gc,heap        ] GC(628) Old regions: 9->9
[283.582s][info][gc,heap        ] GC(628) Archive regions: 0->0
[283.582s][info][gc,heap        ] GC(628) Humongous regions: 0->0
[283.582s][info][gc,metaspace   ] GC(628) Metaspace: 9937K(10240K)->9937K(10240K) NonClass: 8634K(8832K)->8634K(8832K) Class: 1303K(1408K)->1303K(1408K)
[283.582s][info][gc             ] GC(628) Pause Young (Normal) (G1 Evacuation Pause) 165M->5M(270M) 2.584ms
[283.582s][info][gc,cpu         ] GC(628) User=0.00s Sys=0.00s Real=0.00s
[284.276s][info][gc,start       ] GC(629) Pause Young (Normal) (G1 Evacuation Pause)
[284.276s][info][gc,task        ] GC(629) Using 6 workers of 33 for evacuation
[284.278s][info][gc,phases      ] GC(629)   Pre Evacuate Collection Set: 0.1ms
[284.279s][info][gc,phases      ] GC(629)   Merge Heap Roots: 0.1ms
[284.279s][info][gc,phases      ] GC(629)   Evacuate Collection Set: 1.4ms
[284.279s][info][gc,phases      ] GC(629)   Post Evacuate Collection Set: 0.4ms
[284.279s][info][gc,phases      ] GC(629)   Other: 0.1ms
[284.279s][info][gc,heap        ] GC(629) Eden regions: 161->0(160)
[284.279s][info][gc,heap        ] GC(629) Survivor regions: 1->2(21)
[284.279s][info][gc,heap        ] GC(629) Old regions: 9->9
[284.279s][info][gc,heap        ] GC(629) Archive regions: 0->0
[284.279s][info][gc,heap        ] GC(629) Humongous regions: 0->0
[284.279s][info][gc,metaspace   ] GC(629) Metaspace: 9937K(10240K)->9937K(10240K) NonClass: 8634K(8832K)->8634K(8832K) Class: 1303K(1408K)->1303K(1408K)
[284.279s][info][gc             ] GC(629) Pause Young (Normal) (G1 Evacuation Pause) 166M->5M(270M) 2.611ms
[284.279s][info][gc,cpu         ] GC(629) User=0.00s Sys=0.00s Real=0.00s
[284.984s][info][gc,start       ] GC(630) Pause Young (Normal) (G1 Evacuation Pause)
[284.985s][info][gc,task        ] GC(630) Using 6 workers of 33 for evacuation
[284.987s][info][gc,phases      ] GC(630)   Pre Evacuate Collection Set: 0.1ms
[284.987s][info][gc,phases      ] GC(630)   Merge Heap Roots: 0.1ms
[284.987s][info][gc,phases      ] GC(630)   Evacuate Collection Set: 1.4ms
[284.987s][info][gc,phases      ] GC(630)   Post Evacuate Collection Set: 0.3ms
[284.987s][info][gc,phases      ] GC(630)   Other: 0.1ms
[284.987s][info][gc,heap        ] GC(630) Eden regions: 160->0(160)
[284.987s][info][gc,heap        ] GC(630) Survivor regions: 2->2(21)
[284.987s][info][gc,heap        ] GC(630) Old regions: 9->9
[284.987s][info][gc,heap        ] GC(630) Archive regions: 0->0
[284.987s][info][gc,heap        ] GC(630) Humongous regions: 0->0
[284.987s][info][gc,metaspace   ] GC(630) Metaspace: 9937K(10240K)->9937K(10240K) NonClass: 8634K(8832K)->8634K(8832K) Class: 1303K(1408K)->1303K(1408K)
[284.987s][info][gc             ] GC(630) Pause Young (Normal) (G1 Evacuation Pause) 165M->5M(270M) 2.663ms
[284.987s][info][gc,cpu         ] GC(630) User=0.00s Sys=0.00s Real=0.00s
[285.707s][info][gc,start       ] GC(631) Pause Young (Normal) (G1 Evacuation Pause)
[285.707s][info][gc,task        ] GC(631) Using 6 workers of 33 for evacuation
[285.709s][info][gc,phases      ] GC(631)   Pre Evacuate Collection Set: 0.1ms
[285.709s][info][gc,phases      ] GC(631)   Merge Heap Roots: 0.1ms
[285.709s][info][gc,phases      ] GC(631)   Evacuate Collection Set: 1.4ms
[285.709s][info][gc,phases      ] GC(631)   Post Evacuate Collection Set: 0.4ms
[285.709s][info][gc,phases      ] GC(631)   Other: 0.1ms
[285.709s][info][gc,heap        ] GC(631) Eden regions: 160->0(160)
[285.709s][info][gc,heap        ] GC(631) Survivor regions: 2->2(21)
[285.709s][info][gc,heap        ] GC(631) Old regions: 9->9
[285.709s][info][gc,heap        ] GC(631) Archive regions: 0->0
[285.709s][info][gc,heap        ] GC(631) Humongous regions: 0->0
[285.709s][info][gc,metaspace   ] GC(631) Metaspace: 9937K(10240K)->9937K(10240K) NonClass: 8634K(8832K)->8634K(8832K) Class: 1303K(1408K)->1303K(1408K)
[285.710s][info][gc             ] GC(631) Pause Young (Normal) (G1 Evacuation Pause) 165M->5M(270M) 2.678ms
[285.710s][info][gc,cpu         ] GC(631) User=0.02s Sys=0.00s Real=0.02s
[286.408s][info][gc,start       ] GC(632) Pause Young (Normal) (G1 Evacuation Pause)
[286.408s][info][gc,task        ] GC(632) Using 6 workers of 33 for evacuation
[286.410s][info][gc,phases      ] GC(632)   Pre Evacuate Collection Set: 0.1ms
[286.410s][info][gc,phases      ] GC(632)   Merge Heap Roots: 0.1ms
[286.410s][info][gc,phases      ] GC(632)   Evacuate Collection Set: 1.4ms
[286.410s][info][gc,phases      ] GC(632)   Post Evacuate Collection Set: 0.4ms
[286.410s][info][gc,phases      ] GC(632)   Other: 0.1ms
[286.410s][info][gc,heap        ] GC(632) Eden regions: 160->0(160)
[286.410s][info][gc,heap        ] GC(632) Survivor regions: 2->2(21)
[286.410s][info][gc,heap        ] GC(632) Old regions: 9->9
[286.410s][info][gc,heap        ] GC(632) Archive regions: 0->0
[286.410s][info][gc,heap        ] GC(632) Humongous regions: 0->0
[286.410s][info][gc,metaspace   ] GC(632) Metaspace: 9937K(10240K)->9937K(10240K) NonClass: 8634K(8832K)->8634K(8832K) Class: 1303K(1408K)->1303K(1408K)
[286.410s][info][gc             ] GC(632) Pause Young (Normal) (G1 Evacuation Pause) 165M->5M(270M) 2.599ms
[286.410s][info][gc,cpu         ] GC(632) User=0.00s Sys=0.00s Real=0.00s
[287.119s][info][gc,start       ] GC(633) Pause Young (Normal) (G1 Evacuation Pause)
[287.119s][info][gc,task        ] GC(633) Using 6 workers of 33 for evacuation
[287.122s][info][gc,phases      ] GC(633)   Pre Evacuate Collection Set: 0.1ms
[287.122s][info][gc,phases      ] GC(633)   Merge Heap Roots: 0.1ms
[287.122s][info][gc,phases      ] GC(633)   Evacuate Collection Set: 1.4ms
[287.122s][info][gc,phases      ] GC(633)   Post Evacuate Collection Set: 0.3ms
[287.122s][info][gc,phases      ] GC(633)   Other: 0.1ms
[287.122s][info][gc,heap        ] GC(633) Eden regions: 160->0(160)
[287.122s][info][gc,heap        ] GC(633) Survivor regions: 2->2(21)
[287.122s][info][gc,heap        ] GC(633) Old regions: 9->9
[287.122s][info][gc,heap        ] GC(633) Archive regions: 0->0
[287.122s][info][gc,heap        ] GC(633) Humongous regions: 0->0
[287.122s][info][gc,metaspace   ] GC(633) Metaspace: 9937K(10240K)->9937K(10240K) NonClass: 8634K(8832K)->8634K(8832K) Class: 1303K(1408K)->1303K(1408K)
[287.122s][info][gc             ] GC(633) Pause Young (Normal) (G1 Evacuation Pause) 165M->5M(270M) 2.629ms
[287.122s][info][gc,cpu         ] GC(633) User=0.00s Sys=0.00s Real=0.00s
[287.829s][info][gc,start       ] GC(634) Pause Young (Normal) (G1 Evacuation Pause)
[287.829s][info][gc,task        ] GC(634) Using 6 workers of 33 for evacuation
[287.831s][info][gc,phases      ] GC(634)   Pre Evacuate Collection Set: 0.1ms
[287.831s][info][gc,phases      ] GC(634)   Merge Heap Roots: 0.1ms
[287.831s][info][gc,phases      ] GC(634)   Evacuate Collection Set: 1.4ms
[287.831s][info][gc,phases      ] GC(634)   Post Evacuate Collection Set: 0.3ms
[287.831s][info][gc,phases      ] GC(634)   Other: 0.1ms
[287.831s][info][gc,heap        ] GC(634) Eden regions: 160->0(160)
[287.831s][info][gc,heap        ] GC(634) Survivor regions: 2->2(21)
[287.831s][info][gc,heap        ] GC(634) Old regions: 9->9
[287.831s][info][gc,heap        ] GC(634) Archive regions: 0->0
[287.831s][info][gc,heap        ] GC(634) Humongous regions: 0->0
[287.831s][info][gc,metaspace   ] GC(634) Metaspace: 9937K(10240K)->9937K(10240K) NonClass: 8634K(8832K)->8634K(8832K) Class: 1303K(1408K)->1303K(1408K)
[287.831s][info][gc             ] GC(634) Pause Young (Normal) (G1 Evacuation Pause) 165M->5M(270M) 2.618ms
[287.831s][info][gc,cpu         ] GC(634) User=0.00s Sys=0.00s Real=0.00s
[288.531s][info][gc,start       ] GC(635) Pause Young (Normal) (G1 Evacuation Pause)
[288.531s][info][gc,task        ] GC(635) Using 6 workers of 33 for evacuation
[288.533s][info][gc,phases      ] GC(635)   Pre Evacuate Collection Set: 0.1ms
[288.533s][info][gc,phases      ] GC(635)   Merge Heap Roots: 0.1ms
[288.533s][info][gc,phases      ] GC(635)   Evacuate Collection Set: 1.3ms
[288.533s][info][gc,phases      ] GC(635)   Post Evacuate Collection Set: 0.3ms
[288.533s][info][gc,phases      ] GC(635)   Other: 0.1ms
[288.533s][info][gc,heap        ] GC(635) Eden regions: 160->0(160)
[288.533s][info][gc,heap        ] GC(635) Survivor regions: 2->2(21)
[288.533s][info][gc,heap        ] GC(635) Old regions: 9->9
[288.533s][info][gc,heap        ] GC(635) Archive regions: 0->0
[288.533s][info][gc,heap        ] GC(635) Humongous regions: 0->0
[288.533s][info][gc,metaspace   ] GC(635) Metaspace: 9937K(10240K)->9937K(10240K) NonClass: 8634K(8832K)->8634K(8832K) Class: 1303K(1408K)->1303K(1408K)
[288.533s][info][gc             ] GC(635) Pause Young (Normal) (G1 Evacuation Pause) 165M->5M(270M) 2.481ms
[288.533s][info][gc,cpu         ] GC(635) User=0.00s Sys=0.00s Real=0.00s
[288.902s][info][gc,start       ] GC(636) Pause Full (System.gc())
[288.902s][info][gc,task        ] GC(636) Using 6 workers of 33 for full compaction
[288.903s][info][gc,phases,start] GC(636) Phase 1: Mark live objects
[288.908s][info][gc,phases      ] GC(636) Phase 1: Mark live objects 5.736ms
[288.909s][info][gc,phases,start] GC(636) Phase 2: Prepare compaction
[288.910s][info][gc,phases      ] GC(636) Phase 2: Prepare compaction 1.229ms
[288.910s][info][gc,phases,start] GC(636) Phase 3: Adjust pointers
[288.914s][info][gc,phases      ] GC(636) Phase 3: Adjust pointers 3.950ms
[288.914s][info][gc,phases,start] GC(636) Phase 4: Compact heap
[288.914s][info][gc,phases      ] GC(636) Phase 4: Compact heap 0.579ms
[288.919s][info][gc,heap        ] GC(636) Eden regions: 84->0(16)
[288.919s][info][gc,heap        ] GC(636) Survivor regions: 2->0(21)
[288.919s][info][gc,heap        ] GC(636) Old regions: 9->8
[288.919s][info][gc,heap        ] GC(636) Archive regions: 0->0
[288.919s][info][gc,heap        ] GC(636) Humongous regions: 0->0
[288.919s][info][gc,metaspace   ] GC(636) Metaspace: 9937K(10240K)->9937K(10240K) NonClass: 8634K(8832K)->8634K(8832K) Class: 1303K(1408K)->1303K(1408K)
[288.919s][info][gc             ] GC(636) Pause Full (System.gc()) 89M->3M(27M) 17.005ms
[288.919s][info][gc,cpu         ] GC(636) User=0.09s Sys=0.00s Real=0.02s
[288.982s][info][gc,start       ] GC(637) Pause Young (Normal) (G1 Evacuation Pause)
[288.982s][info][gc,task        ] GC(637) Using 4 workers of 33 for evacuation
[288.985s][info][gc,phases      ] GC(637)   Pre Evacuate Collection Set: 0.1ms
[288.985s][info][gc,phases      ] GC(637)   Merge Heap Roots: 0.1ms
[288.985s][info][gc,phases      ] GC(637)   Evacuate Collection Set: 1.8ms
[288.985s][info][gc,phases      ] GC(637)   Post Evacuate Collection Set: 0.3ms
[288.985s][info][gc,phases      ] GC(637)   Other: 0.1ms
[288.985s][info][gc,heap        ] GC(637) Eden regions: 16->0(13)
[288.985s][info][gc,heap        ] GC(637) Survivor regions: 0->2(2)
[288.985s][info][gc,heap        ] GC(637) Old regions: 8->8
[288.985s][info][gc,heap        ] GC(637) Archive regions: 0->0
[288.985s][info][gc,heap        ] GC(637) Humongous regions: 0->0
[288.985s][info][gc,metaspace   ] GC(637) Metaspace: 9937K(10240K)->9937K(10240K) NonClass: 8634K(8832K)->8634K(8832K) Class: 1303K(1408K)->1303K(1408K)
[288.985s][info][gc             ] GC(637) Pause Young (Normal) (G1 Evacuation Pause) 19M->5M(27M) 2.853ms
[288.985s][info][gc,cpu         ] GC(637) User=0.14s Sys=0.00s Real=0.02s
[289.043s][info][gc,start       ] GC(638) Pause Young (Normal) (G1 Evacuation Pause)
[289.043s][info][gc,task        ] GC(638) Using 3 workers of 33 for evacuation
[289.046s][info][gc,phases      ] GC(638)   Pre Evacuate Collection Set: 0.1ms
[289.046s][info][gc,phases      ] GC(638)   Merge Heap Roots: 0.0ms
[289.046s][info][gc,phases      ] GC(638)   Evacuate Collection Set: 2.2ms
[289.046s][info][gc,phases      ] GC(638)   Post Evacuate Collection Set: 0.2ms
[289.046s][info][gc,phases      ] GC(638)   Other: 0.1ms
[289.046s][info][gc,heap        ] GC(638) Eden regions: 13->0(14)
[289.046s][info][gc,heap        ] GC(638) Survivor regions: 2->1(2)
[289.046s][info][gc,heap        ] GC(638) Old regions: 8->9
[289.046s][info][gc,heap        ] GC(638) Archive regions: 0->0
[289.046s][info][gc,heap        ] GC(638) Humongous regions: 0->0
[289.046s][info][gc,metaspace   ] GC(638) Metaspace: 9937K(10240K)->9937K(10240K) NonClass: 8634K(8832K)->8634K(8832K) Class: 1303K(1408K)->1303K(1408K)
[289.046s][info][gc             ] GC(638) Pause Young (Normal) (G1 Evacuation Pause) 18M->5M(27M) 3.068ms
[289.046s][info][gc,cpu         ] GC(638) User=0.00s Sys=0.00s Real=0.00s
[289.108s][info][gc,start       ] GC(639) Pause Young (Normal) (G1 Evacuation Pause)
[289.109s][info][gc,task        ] GC(639) Using 2 workers of 33 for evacuation
[289.111s][info][gc,phases      ] GC(639)   Pre Evacuate Collection Set: 0.1ms
[289.111s][info][gc,phases      ] GC(639)   Merge Heap Roots: 0.0ms
[289.111s][info][gc,phases      ] GC(639)   Evacuate Collection Set: 2.4ms
[289.111s][info][gc,phases      ] GC(639)   Post Evacuate Collection Set: 0.2ms
[289.112s][info][gc,phases      ] GC(639)   Other: 0.1ms
[289.112s][info][gc,heap        ] GC(639) Eden regions: 14->0(14)
[289.112s][info][gc,heap        ] GC(639) Survivor regions: 1->1(2)
[289.112s][info][gc,heap        ] GC(639) Old regions: 9->9
[289.112s][info][gc,heap        ] GC(639) Archive regions: 0->0
[289.112s][info][gc,heap        ] GC(639) Humongous regions: 0->0
[289.112s][info][gc,metaspace   ] GC(639) Metaspace: 9937K(10240K)->9937K(10240K) NonClass: 8634K(8832K)->8634K(8832K) Class: 1303K(1408K)->1303K(1408K)
[289.112s][info][gc             ] GC(639) Pause Young (Normal) (G1 Evacuation Pause) 19M->5M(27M) 3.345ms
[289.112s][info][gc,cpu         ] GC(639) User=0.03s Sys=0.00s Real=0.02s
[289.169s][info][gc,start       ] GC(640) Pause Young (Normal) (G1 Evacuation Pause)
[289.169s][info][gc,task        ] GC(640) Using 2 workers of 33 for evacuation
[289.172s][info][gc,phases      ] GC(640)   Pre Evacuate Collection Set: 0.1ms
[289.172s][info][gc,phases      ] GC(640)   Merge Heap Roots: 0.0ms
[289.172s][info][gc,phases      ] GC(640)   Evacuate Collection Set: 2.7ms
[289.172s][info][gc,phases      ] GC(640)   Post Evacuate Collection Set: 0.2ms
[289.172s][info][gc,phases      ] GC(640)   Other: 0.1ms
[289.173s][info][gc,heap        ] GC(640) Eden regions: 14->0(14)
[289.173s][info][gc,heap        ] GC(640) Survivor regions: 1->1(2)
[289.173s][info][gc,heap        ] GC(640) Old regions: 9->9
[289.173s][info][gc,heap        ] GC(640) Archive regions: 0->0
[289.173s][info][gc,heap        ] GC(640) Humongous regions: 0->0
[289.173s][info][gc,metaspace   ] GC(640) Metaspace: 9937K(10240K)->9937K(10240K) NonClass: 8634K(8832K)->8634K(8832K) Class: 1303K(1408K)->1303K(1408K)
[289.173s][info][gc             ] GC(640) Pause Young (Normal) (G1 Evacuation Pause) 19M->5M(27M) 3.548ms
[289.173s][info][gc,cpu         ] GC(640) User=0.00s Sys=0.02s Real=0.02s
[289.230s][info][gc,start       ] GC(641) Pause Young (Normal) (G1 Evacuation Pause)
[289.231s][info][gc,task        ] GC(641) Using 2 workers of 33 for evacuation
[289.234s][info][gc,phases      ] GC(641)   Pre Evacuate Collection Set: 0.1ms
[289.234s][info][gc,phases      ] GC(641)   Merge Heap Roots: 0.1ms
[289.234s][info][gc,phases      ] GC(641)   Evacuate Collection Set: 2.8ms
[289.234s][info][gc,phases      ] GC(641)   Post Evacuate Collection Set: 0.2ms
[289.234s][info][gc,phases      ] GC(641)   Other: 0.1ms
[289.234s][info][gc,heap        ] GC(641) Eden regions: 14->0(14)
[289.234s][info][gc,heap        ] GC(641) Survivor regions: 1->1(2)
[289.234s][info][gc,heap        ] GC(641) Old regions: 9->9
[289.234s][info][gc,heap        ] GC(641) Archive regions: 0->0
[289.234s][info][gc,heap        ] GC(641) Humongous regions: 0->0
[289.234s][info][gc,metaspace   ] GC(641) Metaspace: 9937K(10240K)->9937K(10240K) NonClass: 8634K(8832K)->8634K(8832K) Class: 1303K(1408K)->1303K(1408K)
[289.234s][info][gc             ] GC(641) Pause Young (Normal) (G1 Evacuation Pause) 19M->5M(27M) 3.707ms
[289.234s][info][gc,cpu         ] GC(641) User=0.00s Sys=0.00s Real=0.00s
[289.293s][info][gc,start       ] GC(642) Pause Young (Normal) (G1 Evacuation Pause)
[289.293s][info][gc,task        ] GC(642) Using 2 workers of 33 for evacuation
[289.301s][info][gc,phases      ] GC(642)   Pre Evacuate Collection Set: 0.1ms
[289.301s][info][gc,phases      ] GC(642)   Merge Heap Roots: 0.0ms
[289.301s][info][gc,phases      ] GC(642)   Evacuate Collection Set: 3.3ms
[289.301s][info][gc,phases      ] GC(642)   Post Evacuate Collection Set: 3.9ms
[289.301s][info][gc,phases      ] GC(642)   Other: 0.1ms
[289.301s][info][gc,heap        ] GC(642) Eden regions: 14->0(160)
[289.301s][info][gc,heap        ] GC(642) Survivor regions: 1->2(2)
[289.301s][info][gc,heap        ] GC(642) Old regions: 9->9
[289.301s][info][gc,heap        ] GC(642) Archive regions: 0->0
[289.301s][info][gc,heap        ] GC(642) Humongous regions: 0->0
[289.301s][info][gc,metaspace   ] GC(642) Metaspace: 9937K(10240K)->9937K(10240K) NonClass: 8634K(8832K)->8634K(8832K) Class: 1303K(1408K)->1303K(1408K)
[289.301s][info][gc             ] GC(642) Pause Young (Normal) (G1 Evacuation Pause) 19M->5M(270M) 7.887ms
[289.301s][info][gc,cpu         ] GC(642) User=0.00s Sys=0.02s Real=0.02s
[290.036s][info][gc,start       ] GC(643) Pause Young (Normal) (G1 Evacuation Pause)
[290.037s][info][gc,task        ] GC(643) Using 6 workers of 33 for evacuation
[290.039s][info][gc,phases      ] GC(643)   Pre Evacuate Collection Set: 0.1ms
[290.039s][info][gc,phases      ] GC(643)   Merge Heap Roots: 0.1ms
[290.039s][info][gc,phases      ] GC(643)   Evacuate Collection Set: 1.5ms
[290.039s][info][gc,phases      ] GC(643)   Post Evacuate Collection Set: 0.3ms
[290.039s][info][gc,phases      ] GC(643)   Other: 0.1ms
[290.039s][info][gc,heap        ] GC(643) Eden regions: 160->0(160)
[290.039s][info][gc,heap        ] GC(643) Survivor regions: 2->2(21)
[290.039s][info][gc,heap        ] GC(643) Old regions: 9->9
[290.039s][info][gc,heap        ] GC(643) Archive regions: 0->0
[290.039s][info][gc,heap        ] GC(643) Humongous regions: 0->0
[290.039s][info][gc,metaspace   ] GC(643) Metaspace: 9937K(10240K)->9937K(10240K) NonClass: 8634K(8832K)->8634K(8832K) Class: 1303K(1408K)->1303K(1408K)
[290.039s][info][gc             ] GC(643) Pause Young (Normal) (G1 Evacuation Pause) 165M->5M(270M) 2.726ms
[290.039s][info][gc,cpu         ] GC(643) User=0.00s Sys=0.00s Real=0.00s
[290.732s][info][gc,start       ] GC(644) Pause Young (Normal) (G1 Evacuation Pause)
[290.732s][info][gc,task        ] GC(644) Using 6 workers of 33 for evacuation
[290.734s][info][gc,phases      ] GC(644)   Pre Evacuate Collection Set: 0.1ms
[290.734s][info][gc,phases      ] GC(644)   Merge Heap Roots: 0.1ms
[290.734s][info][gc,phases      ] GC(644)   Evacuate Collection Set: 1.6ms
[290.734s][info][gc,phases      ] GC(644)   Post Evacuate Collection Set: 0.3ms
[290.734s][info][gc,phases      ] GC(644)   Other: 0.1ms
[290.734s][info][gc,heap        ] GC(644) Eden regions: 160->0(160)
[290.734s][info][gc,heap        ] GC(644) Survivor regions: 2->2(21)
[290.734s][info][gc,heap        ] GC(644) Old regions: 9->9
[290.734s][info][gc,heap        ] GC(644) Archive regions: 0->0
[290.734s][info][gc,heap        ] GC(644) Humongous regions: 0->0
[290.734s][info][gc,metaspace   ] GC(644) Metaspace: 9937K(10240K)->9937K(10240K) NonClass: 8634K(8832K)->8634K(8832K) Class: 1303K(1408K)->1303K(1408K)
[290.734s][info][gc             ] GC(644) Pause Young (Normal) (G1 Evacuation Pause) 165M->5M(270M) 2.803ms
[290.734s][info][gc,cpu         ] GC(644) User=0.00s Sys=0.00s Real=0.00s
[291.418s][info][gc,start       ] GC(645) Pause Young (Normal) (G1 Evacuation Pause)
[291.418s][info][gc,task        ] GC(645) Using 6 workers of 33 for evacuation
[291.420s][info][gc,phases      ] GC(645)   Pre Evacuate Collection Set: 0.1ms
[291.420s][info][gc,phases      ] GC(645)   Merge Heap Roots: 0.1ms
[291.420s][info][gc,phases      ] GC(645)   Evacuate Collection Set: 1.3ms
[291.421s][info][gc,phases      ] GC(645)   Post Evacuate Collection Set: 0.3ms
[291.421s][info][gc,phases      ] GC(645)   Other: 0.1ms
[291.421s][info][gc,heap        ] GC(645) Eden regions: 160->0(160)
[291.421s][info][gc,heap        ] GC(645) Survivor regions: 2->2(21)
[291.421s][info][gc,heap        ] GC(645) Old regions: 9->9
[291.421s][info][gc,heap        ] GC(645) Archive regions: 0->0
[291.421s][info][gc,heap        ] GC(645) Humongous regions: 0->0
[291.421s][info][gc,metaspace   ] GC(645) Metaspace: 9937K(10240K)->9937K(10240K) NonClass: 8634K(8832K)->8634K(8832K) Class: 1303K(1408K)->1303K(1408K)
[291.421s][info][gc             ] GC(645) Pause Young (Normal) (G1 Evacuation Pause) 165M->5M(270M) 2.509ms
[291.421s][info][gc,cpu         ] GC(645) User=0.00s Sys=0.00s Real=0.00s
[292.128s][info][gc,start       ] GC(646) Pause Young (Normal) (G1 Evacuation Pause)
[292.128s][info][gc,task        ] GC(646) Using 6 workers of 33 for evacuation
[292.130s][info][gc,phases      ] GC(646)   Pre Evacuate Collection Set: 0.1ms
[292.130s][info][gc,phases      ] GC(646)   Merge Heap Roots: 0.1ms
[292.130s][info][gc,phases      ] GC(646)   Evacuate Collection Set: 1.4ms
[292.130s][info][gc,phases      ] GC(646)   Post Evacuate Collection Set: 0.3ms
[292.130s][info][gc,phases      ] GC(646)   Other: 0.1ms
[292.130s][info][gc,heap        ] GC(646) Eden regions: 160->0(160)
[292.130s][info][gc,heap        ] GC(646) Survivor regions: 2->2(21)
[292.130s][info][gc,heap        ] GC(646) Old regions: 9->9
[292.130s][info][gc,heap        ] GC(646) Archive regions: 0->0
[292.130s][info][gc,heap        ] GC(646) Humongous regions: 0->0
[292.130s][info][gc,metaspace   ] GC(646) Metaspace: 9937K(10240K)->9937K(10240K) NonClass: 8634K(8832K)->8634K(8832K) Class: 1303K(1408K)->1303K(1408K)
[292.130s][info][gc             ] GC(646) Pause Young (Normal) (G1 Evacuation Pause) 165M->5M(270M) 2.609ms
[292.130s][info][gc,cpu         ] GC(646) User=0.00s Sys=0.00s Real=0.00s
[292.819s][info][gc,start       ] GC(647) Pause Young (Normal) (G1 Evacuation Pause)
[292.819s][info][gc,task        ] GC(647) Using 6 workers of 33 for evacuation
[292.822s][info][gc,phases      ] GC(647)   Pre Evacuate Collection Set: 0.1ms
[292.822s][info][gc,phases      ] GC(647)   Merge Heap Roots: 0.1ms
[292.822s][info][gc,phases      ] GC(647)   Evacuate Collection Set: 1.4ms
[292.822s][info][gc,phases      ] GC(647)   Post Evacuate Collection Set: 0.3ms
[292.822s][info][gc,phases      ] GC(647)   Other: 0.1ms
[292.822s][info][gc,heap        ] GC(647) Eden regions: 160->0(160)
[292.822s][info][gc,heap        ] GC(647) Survivor regions: 2->2(21)
[292.822s][info][gc,heap        ] GC(647) Old regions: 9->9
[292.822s][info][gc,heap        ] GC(647) Archive regions: 0->0
[292.822s][info][gc,heap        ] GC(647) Humongous regions: 0->0
[292.822s][info][gc,metaspace   ] GC(647) Metaspace: 9937K(10240K)->9937K(10240K) NonClass: 8634K(8832K)->8634K(8832K) Class: 1303K(1408K)->1303K(1408K)
[292.822s][info][gc             ] GC(647) Pause Young (Normal) (G1 Evacuation Pause) 165M->5M(270M) 2.571ms
[292.822s][info][gc,cpu         ] GC(647) User=0.00s Sys=0.00s Real=0.00s
[293.507s][info][gc,start       ] GC(648) Pause Young (Normal) (G1 Evacuation Pause)
[293.507s][info][gc,task        ] GC(648) Using 6 workers of 33 for evacuation
[293.509s][info][gc,phases      ] GC(648)   Pre Evacuate Collection Set: 0.1ms
[293.509s][info][gc,phases      ] GC(648)   Merge Heap Roots: 0.1ms
[293.509s][info][gc,phases      ] GC(648)   Evacuate Collection Set: 1.4ms
[293.509s][info][gc,phases      ] GC(648)   Post Evacuate Collection Set: 0.3ms
[293.509s][info][gc,phases      ] GC(648)   Other: 0.1ms
[293.509s][info][gc,heap        ] GC(648) Eden regions: 160->0(160)
[293.509s][info][gc,heap        ] GC(648) Survivor regions: 2->2(21)
[293.509s][info][gc,heap        ] GC(648) Old regions: 9->9
[293.509s][info][gc,heap        ] GC(648) Archive regions: 0->0
[293.509s][info][gc,heap        ] GC(648) Humongous regions: 0->0
[293.509s][info][gc,metaspace   ] GC(648) Metaspace: 9937K(10240K)->9937K(10240K) NonClass: 8634K(8832K)->8634K(8832K) Class: 1303K(1408K)->1303K(1408K)
[293.509s][info][gc             ] GC(648) Pause Young (Normal) (G1 Evacuation Pause) 165M->5M(270M) 2.575ms
[293.509s][info][gc,cpu         ] GC(648) User=0.00s Sys=0.00s Real=0.00s
[294.208s][info][gc,start       ] GC(649) Pause Young (Normal) (G1 Evacuation Pause)
[294.208s][info][gc,task        ] GC(649) Using 6 workers of 33 for evacuation
[294.210s][info][gc,phases      ] GC(649)   Pre Evacuate Collection Set: 0.1ms
[294.210s][info][gc,phases      ] GC(649)   Merge Heap Roots: 0.1ms
[294.210s][info][gc,phases      ] GC(649)   Evacuate Collection Set: 1.3ms
[294.210s][info][gc,phases      ] GC(649)   Post Evacuate Collection Set: 0.3ms
[294.210s][info][gc,phases      ] GC(649)   Other: 0.1ms
[294.210s][info][gc,heap        ] GC(649) Eden regions: 160->0(160)
[294.210s][info][gc,heap        ] GC(649) Survivor regions: 2->2(21)
[294.210s][info][gc,heap        ] GC(649) Old regions: 9->9
[294.211s][info][gc,heap        ] GC(649) Archive regions: 0->0
[294.211s][info][gc,heap        ] GC(649) Humongous regions: 0->0
[294.211s][info][gc,metaspace   ] GC(649) Metaspace: 9937K(10240K)->9937K(10240K) NonClass: 8634K(8832K)->8634K(8832K) Class: 1303K(1408K)->1303K(1408K)
[294.211s][info][gc             ] GC(649) Pause Young (Normal) (G1 Evacuation Pause) 165M->5M(270M) 2.543ms
[294.211s][info][gc,cpu         ] GC(649) User=0.00s Sys=0.00s Real=0.00s
[294.920s][info][gc,start       ] GC(650) Pause Young (Normal) (G1 Evacuation Pause)
[294.920s][info][gc,task        ] GC(650) Using 6 workers of 33 for evacuation
[294.922s][info][gc,phases      ] GC(650)   Pre Evacuate Collection Set: 0.1ms
[294.922s][info][gc,phases      ] GC(650)   Merge Heap Roots: 0.1ms
[294.922s][info][gc,phases      ] GC(650)   Evacuate Collection Set: 1.4ms
[294.922s][info][gc,phases      ] GC(650)   Post Evacuate Collection Set: 0.3ms
[294.922s][info][gc,phases      ] GC(650)   Other: 0.1ms
[294.922s][info][gc,heap        ] GC(650) Eden regions: 160->0(160)
[294.922s][info][gc,heap        ] GC(650) Survivor regions: 2->2(21)
[294.922s][info][gc,heap        ] GC(650) Old regions: 9->9
[294.922s][info][gc,heap        ] GC(650) Archive regions: 0->0
[294.922s][info][gc,heap        ] GC(650) Humongous regions: 0->0
[294.922s][info][gc,metaspace   ] GC(650) Metaspace: 9937K(10240K)->9937K(10240K) NonClass: 8634K(8832K)->8634K(8832K) Class: 1303K(1408K)->1303K(1408K)
[294.923s][info][gc             ] GC(650) Pause Young (Normal) (G1 Evacuation Pause) 165M->5M(270M) 2.615ms
[294.923s][info][gc,cpu         ] GC(650) User=0.09s Sys=0.00s Real=0.02s
[295.615s][info][gc,start       ] GC(651) Pause Young (Normal) (G1 Evacuation Pause)
[295.615s][info][gc,task        ] GC(651) Using 6 workers of 33 for evacuation
[295.617s][info][gc,phases      ] GC(651)   Pre Evacuate Collection Set: 0.1ms
[295.617s][info][gc,phases      ] GC(651)   Merge Heap Roots: 0.1ms
[295.617s][info][gc,phases      ] GC(651)   Evacuate Collection Set: 1.3ms
[295.617s][info][gc,phases      ] GC(651)   Post Evacuate Collection Set: 0.4ms
[295.617s][info][gc,phases      ] GC(651)   Other: 0.1ms
[295.617s][info][gc,heap        ] GC(651) Eden regions: 160->0(160)
[295.617s][info][gc,heap        ] GC(651) Survivor regions: 2->2(21)
[295.617s][info][gc,heap        ] GC(651) Old regions: 9->9
[295.617s][info][gc,heap        ] GC(651) Archive regions: 0->0
[295.617s][info][gc,heap        ] GC(651) Humongous regions: 0->0
[295.617s][info][gc,metaspace   ] GC(651) Metaspace: 9937K(10240K)->9937K(10240K) NonClass: 8634K(8832K)->8634K(8832K) Class: 1303K(1408K)->1303K(1408K)
[295.617s][info][gc             ] GC(651) Pause Young (Normal) (G1 Evacuation Pause) 165M->5M(270M) 2.510ms
[295.617s][info][gc,cpu         ] GC(651) User=0.00s Sys=0.00s Real=0.00s
[295.984s][info][gc,start       ] GC(652) Pause Full (System.gc())
[295.984s][info][gc,task        ] GC(652) Using 6 workers of 33 for full compaction
[295.984s][info][gc,phases,start] GC(652) Phase 1: Mark live objects
[295.989s][info][gc,phases      ] GC(652) Phase 1: Mark live objects 5.302ms
[295.990s][info][gc,phases,start] GC(652) Phase 2: Prepare compaction
[295.991s][info][gc,phases      ] GC(652) Phase 2: Prepare compaction 1.210ms
[295.991s][info][gc,phases,start] GC(652) Phase 3: Adjust pointers
[295.995s][info][gc,phases      ] GC(652) Phase 3: Adjust pointers 3.950ms
[295.995s][info][gc,phases,start] GC(652) Phase 4: Compact heap
[295.995s][info][gc,phases      ] GC(652) Phase 4: Compact heap 0.580ms
[296.000s][info][gc,heap        ] GC(652) Eden regions: 83->0(16)
[296.000s][info][gc,heap        ] GC(652) Survivor regions: 2->0(21)
[296.000s][info][gc,heap        ] GC(652) Old regions: 9->8
[296.000s][info][gc,heap        ] GC(652) Archive regions: 0->0
[296.000s][info][gc,heap        ] GC(652) Humongous regions: 0->0
[296.000s][info][gc,metaspace   ] GC(652) Metaspace: 9939K(10240K)->9939K(10240K) NonClass: 8636K(8832K)->8636K(8832K) Class: 1303K(1408K)->1303K(1408K)
[296.000s][info][gc             ] GC(652) Pause Full (System.gc()) 87M->3M(27M) 16.520ms
[296.000s][info][gc,cpu         ] GC(652) User=0.02s Sys=0.00s Real=0.02s
[296.073s][info][gc,start       ] GC(653) Pause Young (Normal) (G1 Evacuation Pause)
[296.073s][info][gc,task        ] GC(653) Using 4 workers of 33 for evacuation
[296.076s][info][gc,phases      ] GC(653)   Pre Evacuate Collection Set: 0.1ms
[296.076s][info][gc,phases      ] GC(653)   Merge Heap Roots: 0.1ms
[296.076s][info][gc,phases      ] GC(653)   Evacuate Collection Set: 2.0ms
[296.076s][info][gc,phases      ] GC(653)   Post Evacuate Collection Set: 0.2ms
[296.076s][info][gc,phases      ] GC(653)   Other: 0.1ms
[296.076s][info][gc,heap        ] GC(653) Eden regions: 16->0(13)
[296.076s][info][gc,heap        ] GC(653) Survivor regions: 0->2(2)
[296.076s][info][gc,heap        ] GC(653) Old regions: 8->8
[296.076s][info][gc,heap        ] GC(653) Archive regions: 0->0
[296.076s][info][gc,heap        ] GC(653) Humongous regions: 0->0
[296.076s][info][gc,metaspace   ] GC(653) Metaspace: 9947K(10304K)->9947K(10304K) NonClass: 8644K(8896K)->8644K(8896K) Class: 1303K(1408K)->1303K(1408K)
[296.076s][info][gc             ] GC(653) Pause Young (Normal) (G1 Evacuation Pause) 19M->5M(27M) 3.138ms
[296.076s][info][gc,cpu         ] GC(653) User=0.00s Sys=0.00s Real=0.00s
[296.136s][info][gc,start       ] GC(654) Pause Young (Normal) (G1 Evacuation Pause)
[296.136s][info][gc,task        ] GC(654) Using 3 workers of 33 for evacuation
[296.139s][info][gc,phases      ] GC(654)   Pre Evacuate Collection Set: 0.1ms
[296.139s][info][gc,phases      ] GC(654)   Merge Heap Roots: 0.1ms
[296.139s][info][gc,phases      ] GC(654)   Evacuate Collection Set: 2.4ms
[296.139s][info][gc,phases      ] GC(654)   Post Evacuate Collection Set: 0.2ms
[296.139s][info][gc,phases      ] GC(654)   Other: 0.1ms
[296.139s][info][gc,heap        ] GC(654) Eden regions: 13->0(14)
[296.139s][info][gc,heap        ] GC(654) Survivor regions: 2->1(2)
[296.139s][info][gc,heap        ] GC(654) Old regions: 8->9
[296.139s][info][gc,heap        ] GC(654) Archive regions: 0->0
[296.139s][info][gc,heap        ] GC(654) Humongous regions: 0->0
[296.139s][info][gc,metaspace   ] GC(654) Metaspace: 9947K(10304K)->9947K(10304K) NonClass: 8644K(8896K)->8644K(8896K) Class: 1303K(1408K)->1303K(1408K)
[296.139s][info][gc             ] GC(654) Pause Young (Normal) (G1 Evacuation Pause) 18M->5M(27M) 3.343ms
[296.140s][info][gc,cpu         ] GC(654) User=0.00s Sys=0.00s Real=0.00s
[296.203s][info][gc,start       ] GC(655) Pause Young (Normal) (G1 Evacuation Pause)
[296.203s][info][gc,task        ] GC(655) Using 2 workers of 33 for evacuation
[296.206s][info][gc,phases      ] GC(655)   Pre Evacuate Collection Set: 0.1ms
[296.206s][info][gc,phases      ] GC(655)   Merge Heap Roots: 0.0ms
[296.206s][info][gc,phases      ] GC(655)   Evacuate Collection Set: 2.5ms
[296.206s][info][gc,phases      ] GC(655)   Post Evacuate Collection Set: 0.2ms
[296.206s][info][gc,phases      ] GC(655)   Other: 0.1ms
[296.206s][info][gc,heap        ] GC(655) Eden regions: 14->0(14)
[296.206s][info][gc,heap        ] GC(655) Survivor regions: 1->1(2)
[296.206s][info][gc,heap        ] GC(655) Old regions: 9->9
[296.206s][info][gc,heap        ] GC(655) Archive regions: 0->0
[296.206s][info][gc,heap        ] GC(655) Humongous regions: 0->0
[296.206s][info][gc,metaspace   ] GC(655) Metaspace: 9947K(10304K)->9947K(10304K) NonClass: 8644K(8896K)->8644K(8896K) Class: 1303K(1408K)->1303K(1408K)
[296.207s][info][gc             ] GC(655) Pause Young (Normal) (G1 Evacuation Pause) 19M->5M(27M) 3.357ms
[296.207s][info][gc,cpu         ] GC(655) User=0.00s Sys=0.00s Real=0.00s
[296.266s][info][gc,start       ] GC(656) Pause Young (Normal) (G1 Evacuation Pause)
[296.266s][info][gc,task        ] GC(656) Using 2 workers of 33 for evacuation
[296.269s][info][gc,phases      ] GC(656)   Pre Evacuate Collection Set: 0.1ms
[296.270s][info][gc,phases      ] GC(656)   Merge Heap Roots: 0.1ms
[296.270s][info][gc,phases      ] GC(656)   Evacuate Collection Set: 2.6ms
[296.270s][info][gc,phases      ] GC(656)   Post Evacuate Collection Set: 0.2ms
[296.270s][info][gc,phases      ] GC(656)   Other: 0.1ms
[296.270s][info][gc,heap        ] GC(656) Eden regions: 14->0(14)
[296.270s][info][gc,heap        ] GC(656) Survivor regions: 1->1(2)
[296.270s][info][gc,heap        ] GC(656) Old regions: 9->9
[296.270s][info][gc,heap        ] GC(656) Archive regions: 0->0
[296.270s][info][gc,heap        ] GC(656) Humongous regions: 0->0
[296.270s][info][gc,metaspace   ] GC(656) Metaspace: 9947K(10304K)->9947K(10304K) NonClass: 8644K(8896K)->8644K(8896K) Class: 1303K(1408K)->1303K(1408K)
[296.270s][info][gc             ] GC(656) Pause Young (Normal) (G1 Evacuation Pause) 19M->5M(27M) 3.528ms
[296.270s][info][gc,cpu         ] GC(656) User=0.00s Sys=0.00s Real=0.00s
[296.330s][info][gc,start       ] GC(657) Pause Young (Normal) (G1 Evacuation Pause)
[296.330s][info][gc,task        ] GC(657) Using 2 workers of 33 for evacuation
[296.333s][info][gc,phases      ] GC(657)   Pre Evacuate Collection Set: 0.1ms
[296.334s][info][gc,phases      ] GC(657)   Merge Heap Roots: 0.1ms
[296.334s][info][gc,phases      ] GC(657)   Evacuate Collection Set: 3.4ms
[296.334s][info][gc,phases      ] GC(657)   Post Evacuate Collection Set: 0.2ms
[296.334s][info][gc,phases      ] GC(657)   Other: 0.1ms
[296.334s][info][gc,heap        ] GC(657) Eden regions: 14->0(12)
[296.334s][info][gc,heap        ] GC(657) Survivor regions: 1->2(2)
[296.334s][info][gc,heap        ] GC(657) Old regions: 9->9
[296.334s][info][gc,heap        ] GC(657) Archive regions: 0->0
[296.334s][info][gc,heap        ] GC(657) Humongous regions: 0->0
[296.334s][info][gc,metaspace   ] GC(657) Metaspace: 9947K(10304K)->9947K(10304K) NonClass: 8644K(8896K)->8644K(8896K) Class: 1303K(1408K)->1303K(1408K)
[296.334s][info][gc             ] GC(657) Pause Young (Normal) (G1 Evacuation Pause) 19M->6M(27M) 4.274ms
[296.334s][info][gc,cpu         ] GC(657) User=0.00s Sys=0.00s Real=0.00s
[296.385s][info][gc,start       ] GC(658) Pause Young (Normal) (G1 Evacuation Pause)
[296.385s][info][gc,task        ] GC(658) Using 2 workers of 33 for evacuation
[296.392s][info][gc,phases      ] GC(658)   Pre Evacuate Collection Set: 0.1ms
[296.392s][info][gc,phases      ] GC(658)   Merge Heap Roots: 0.0ms
[296.393s][info][gc,phases      ] GC(658)   Evacuate Collection Set: 3.5ms
[296.393s][info][gc,phases      ] GC(658)   Post Evacuate Collection Set: 3.9ms
[296.393s][info][gc,phases      ] GC(658)   Other: 0.1ms
[296.393s][info][gc,heap        ] GC(658) Eden regions: 12->0(160)
[296.393s][info][gc,heap        ] GC(658) Survivor regions: 2->2(2)
[296.393s][info][gc,heap        ] GC(658) Old regions: 9->10
[296.393s][info][gc,heap        ] GC(658) Archive regions: 0->0
[296.393s][info][gc,heap        ] GC(658) Humongous regions: 0->0
[296.393s][info][gc,metaspace   ] GC(658) Metaspace: 9947K(10304K)->9947K(10304K) NonClass: 8644K(8896K)->8644K(8896K) Class: 1303K(1408K)->1303K(1408K)
[296.393s][info][gc             ] GC(658) Pause Young (Normal) (G1 Evacuation Pause) 18M->6M(270M) 8.082ms
[296.393s][info][gc,cpu         ] GC(658) User=0.00s Sys=0.02s Real=0.02s
[297.123s][info][gc,start       ] GC(659) Pause Young (Normal) (G1 Evacuation Pause)
[297.123s][info][gc,task        ] GC(659) Using 6 workers of 33 for evacuation
[297.125s][info][gc,phases      ] GC(659)   Pre Evacuate Collection Set: 0.1ms
[297.125s][info][gc,phases      ] GC(659)   Merge Heap Roots: 0.1ms
[297.125s][info][gc,phases      ] GC(659)   Evacuate Collection Set: 1.2ms
[297.125s][info][gc,phases      ] GC(659)   Post Evacuate Collection Set: 0.3ms
[297.125s][info][gc,phases      ] GC(659)   Other: 0.1ms
[297.125s][info][gc,heap        ] GC(659) Eden regions: 160->0(161)
[297.125s][info][gc,heap        ] GC(659) Survivor regions: 2->1(21)
[297.125s][info][gc,heap        ] GC(659) Old regions: 10->10
[297.125s][info][gc,heap        ] GC(659) Archive regions: 0->0
[297.125s][info][gc,heap        ] GC(659) Humongous regions: 0->0
[297.125s][info][gc,metaspace   ] GC(659) Metaspace: 9947K(10304K)->9947K(10304K) NonClass: 8644K(8896K)->8644K(8896K) Class: 1303K(1408K)->1303K(1408K)
[297.125s][info][gc             ] GC(659) Pause Young (Normal) (G1 Evacuation Pause) 166M->6M(270M) 2.438ms
[297.125s][info][gc,cpu         ] GC(659) User=0.06s Sys=0.03s Real=0.02s
[297.832s][info][gc,start       ] GC(660) Pause Young (Normal) (G1 Evacuation Pause)
[297.832s][info][gc,task        ] GC(660) Using 6 workers of 33 for evacuation
[297.835s][info][gc,phases      ] GC(660)   Pre Evacuate Collection Set: 0.1ms
[297.835s][info][gc,phases      ] GC(660)   Merge Heap Roots: 0.1ms
[297.835s][info][gc,phases      ] GC(660)   Evacuate Collection Set: 1.6ms
[297.835s][info][gc,phases      ] GC(660)   Post Evacuate Collection Set: 0.3ms
[297.835s][info][gc,phases      ] GC(660)   Other: 0.1ms
[297.835s][info][gc,heap        ] GC(660) Eden regions: 161->0(160)
[297.835s][info][gc,heap        ] GC(660) Survivor regions: 1->2(21)
[297.835s][info][gc,heap        ] GC(660) Old regions: 10->10
[297.835s][info][gc,heap        ] GC(660) Archive regions: 0->0
[297.835s][info][gc,heap        ] GC(660) Humongous regions: 0->0
[297.835s][info][gc,metaspace   ] GC(660) Metaspace: 9947K(10304K)->9947K(10304K) NonClass: 8644K(8896K)->8644K(8896K) Class: 1303K(1408K)->1303K(1408K)
[297.835s][info][gc             ] GC(660) Pause Young (Normal) (G1 Evacuation Pause) 167M->6M(270M) 2.832ms
[297.835s][info][gc,cpu         ] GC(660) User=0.00s Sys=0.00s Real=0.00s
[298.540s][info][gc,start       ] GC(661) Pause Young (Normal) (G1 Evacuation Pause)
[298.540s][info][gc,task        ] GC(661) Using 6 workers of 33 for evacuation
[298.542s][info][gc,phases      ] GC(661)   Pre Evacuate Collection Set: 0.1ms
[298.542s][info][gc,phases      ] GC(661)   Merge Heap Roots: 0.1ms
[298.542s][info][gc,phases      ] GC(661)   Evacuate Collection Set: 1.5ms
[298.542s][info][gc,phases      ] GC(661)   Post Evacuate Collection Set: 0.3ms
[298.542s][info][gc,phases      ] GC(661)   Other: 0.1ms
[298.542s][info][gc,heap        ] GC(661) Eden regions: 160->0(160)
[298.542s][info][gc,heap        ] GC(661) Survivor regions: 2->2(21)
[298.542s][info][gc,heap        ] GC(661) Old regions: 10->10
[298.542s][info][gc,heap        ] GC(661) Archive regions: 0->0
[298.542s][info][gc,heap        ] GC(661) Humongous regions: 0->0
[298.542s][info][gc,metaspace   ] GC(661) Metaspace: 9947K(10304K)->9947K(10304K) NonClass: 8644K(8896K)->8644K(8896K) Class: 1303K(1408K)->1303K(1408K)
[298.542s][info][gc             ] GC(661) Pause Young (Normal) (G1 Evacuation Pause) 166M->6M(270M) 2.688ms
[298.542s][info][gc,cpu         ] GC(661) User=0.00s Sys=0.00s Real=0.00s
[299.243s][info][gc,start       ] GC(662) Pause Young (Normal) (G1 Evacuation Pause)
[299.243s][info][gc,task        ] GC(662) Using 6 workers of 33 for evacuation
[299.245s][info][gc,phases      ] GC(662)   Pre Evacuate Collection Set: 0.1ms
[299.245s][info][gc,phases      ] GC(662)   Merge Heap Roots: 0.1ms
[299.245s][info][gc,phases      ] GC(662)   Evacuate Collection Set: 1.4ms
[299.245s][info][gc,phases      ] GC(662)   Post Evacuate Collection Set: 0.3ms
[299.245s][info][gc,phases      ] GC(662)   Other: 0.1ms
[299.245s][info][gc,heap        ] GC(662) Eden regions: 160->0(160)
[299.245s][info][gc,heap        ] GC(662) Survivor regions: 2->2(21)
[299.246s][info][gc,heap        ] GC(662) Old regions: 10->10
[299.246s][info][gc,heap        ] GC(662) Archive regions: 0->0
[299.246s][info][gc,heap        ] GC(662) Humongous regions: 0->0
[299.246s][info][gc,metaspace   ] GC(662) Metaspace: 9947K(10304K)->9947K(10304K) NonClass: 8644K(8896K)->8644K(8896K) Class: 1303K(1408K)->1303K(1408K)
[299.246s][info][gc             ] GC(662) Pause Young (Normal) (G1 Evacuation Pause) 166M->6M(270M) 2.587ms
[299.246s][info][gc,cpu         ] GC(662) User=0.00s Sys=0.00s Real=0.00s
[299.917s][info][gc,start       ] GC(663) Pause Young (Normal) (G1 Evacuation Pause)
[299.917s][info][gc,task        ] GC(663) Using 6 workers of 33 for evacuation
[299.919s][info][gc,phases      ] GC(663)   Pre Evacuate Collection Set: 0.1ms
[299.919s][info][gc,phases      ] GC(663)   Merge Heap Roots: 0.1ms
[299.919s][info][gc,phases      ] GC(663)   Evacuate Collection Set: 1.4ms
[299.919s][info][gc,phases      ] GC(663)   Post Evacuate Collection Set: 0.3ms
[299.919s][info][gc,phases      ] GC(663)   Other: 0.1ms
[299.919s][info][gc,heap        ] GC(663) Eden regions: 160->0(160)
[299.919s][info][gc,heap        ] GC(663) Survivor regions: 2->2(21)
[299.919s][info][gc,heap        ] GC(663) Old regions: 10->10
[299.919s][info][gc,heap        ] GC(663) Archive regions: 0->0
[299.919s][info][gc,heap        ] GC(663) Humongous regions: 0->0
[299.919s][info][gc,metaspace   ] GC(663) Metaspace: 9947K(10304K)->9947K(10304K) NonClass: 8644K(8896K)->8644K(8896K) Class: 1303K(1408K)->1303K(1408K)
[299.919s][info][gc             ] GC(663) Pause Young (Normal) (G1 Evacuation Pause) 166M->6M(270M) 2.609ms
[299.919s][info][gc,cpu         ] GC(663) User=0.00s Sys=0.00s Real=0.00s
[300.620s][info][gc,start       ] GC(664) Pause Young (Normal) (G1 Evacuation Pause)
[300.620s][info][gc,task        ] GC(664) Using 6 workers of 33 for evacuation
[300.622s][info][gc,phases      ] GC(664)   Pre Evacuate Collection Set: 0.1ms
[300.622s][info][gc,phases      ] GC(664)   Merge Heap Roots: 0.1ms
[300.622s][info][gc,phases      ] GC(664)   Evacuate Collection Set: 1.3ms
[300.622s][info][gc,phases      ] GC(664)   Post Evacuate Collection Set: 0.3ms
[300.622s][info][gc,phases      ] GC(664)   Other: 0.2ms
[300.622s][info][gc,heap        ] GC(664) Eden regions: 160->0(160)
[300.622s][info][gc,heap        ] GC(664) Survivor regions: 2->2(21)
[300.622s][info][gc,heap        ] GC(664) Old regions: 10->10
[300.622s][info][gc,heap        ] GC(664) Archive regions: 0->0
[300.622s][info][gc,heap        ] GC(664) Humongous regions: 0->0
[300.622s][info][gc,metaspace   ] GC(664) Metaspace: 9947K(10304K)->9947K(10304K) NonClass: 8644K(8896K)->8644K(8896K) Class: 1303K(1408K)->1303K(1408K)
[300.622s][info][gc             ] GC(664) Pause Young (Normal) (G1 Evacuation Pause) 166M->6M(270M) 2.567ms
[300.622s][info][gc,cpu         ] GC(664) User=0.00s Sys=0.02s Real=0.02s
[301.313s][info][gc,start       ] GC(665) Pause Young (Normal) (G1 Evacuation Pause)
[301.313s][info][gc,task        ] GC(665) Using 6 workers of 33 for evacuation
[301.315s][info][gc,phases      ] GC(665)   Pre Evacuate Collection Set: 0.1ms
[301.315s][info][gc,phases      ] GC(665)   Merge Heap Roots: 0.1ms
[301.315s][info][gc,phases      ] GC(665)   Evacuate Collection Set: 1.3ms
[301.315s][info][gc,phases      ] GC(665)   Post Evacuate Collection Set: 0.3ms
[301.315s][info][gc,phases      ] GC(665)   Other: 0.1ms
[301.315s][info][gc,heap        ] GC(665) Eden regions: 160->0(160)
[301.315s][info][gc,heap        ] GC(665) Survivor regions: 2->2(21)
[301.315s][info][gc,heap        ] GC(665) Old regions: 10->10
[301.315s][info][gc,heap        ] GC(665) Archive regions: 0->0
[301.315s][info][gc,heap        ] GC(665) Humongous regions: 0->0
[301.315s][info][gc,metaspace   ] GC(665) Metaspace: 9947K(10304K)->9947K(10304K) NonClass: 8644K(8896K)->8644K(8896K) Class: 1303K(1408K)->1303K(1408K)
[301.315s][info][gc             ] GC(665) Pause Young (Normal) (G1 Evacuation Pause) 166M->6M(270M) 2.557ms
[301.315s][info][gc,cpu         ] GC(665) User=0.02s Sys=0.00s Real=0.02s
[302.014s][info][gc,start       ] GC(666) Pause Young (Normal) (G1 Evacuation Pause)
[302.014s][info][gc,task        ] GC(666) Using 6 workers of 33 for evacuation
[302.016s][info][gc,phases      ] GC(666)   Pre Evacuate Collection Set: 0.1ms
[302.016s][info][gc,phases      ] GC(666)   Merge Heap Roots: 0.1ms
[302.016s][info][gc,phases      ] GC(666)   Evacuate Collection Set: 1.3ms
[302.016s][info][gc,phases      ] GC(666)   Post Evacuate Collection Set: 0.3ms
[302.016s][info][gc,phases      ] GC(666)   Other: 0.1ms
[302.016s][info][gc,heap        ] GC(666) Eden regions: 160->0(160)
[302.016s][info][gc,heap        ] GC(666) Survivor regions: 2->2(21)
[302.016s][info][gc,heap        ] GC(666) Old regions: 10->10
[302.016s][info][gc,heap        ] GC(666) Archive regions: 0->0
[302.016s][info][gc,heap        ] GC(666) Humongous regions: 0->0
[302.016s][info][gc,metaspace   ] GC(666) Metaspace: 9947K(10304K)->9947K(10304K) NonClass: 8644K(8896K)->8644K(8896K) Class: 1303K(1408K)->1303K(1408K)
[302.016s][info][gc             ] GC(666) Pause Young (Normal) (G1 Evacuation Pause) 166M->6M(270M) 2.573ms
[302.016s][info][gc,cpu         ] GC(666) User=0.00s Sys=0.00s Real=0.00s
[302.708s][info][gc,start       ] GC(667) Pause Young (Normal) (G1 Evacuation Pause)
[302.708s][info][gc,task        ] GC(667) Using 6 workers of 33 for evacuation
[302.710s][info][gc,phases      ] GC(667)   Pre Evacuate Collection Set: 0.1ms
[302.710s][info][gc,phases      ] GC(667)   Merge Heap Roots: 0.1ms
[302.710s][info][gc,phases      ] GC(667)   Evacuate Collection Set: 1.4ms
[302.710s][info][gc,phases      ] GC(667)   Post Evacuate Collection Set: 0.3ms
[302.710s][info][gc,phases      ] GC(667)   Other: 0.1ms
[302.710s][info][gc,heap        ] GC(667) Eden regions: 160->0(160)
[302.710s][info][gc,heap        ] GC(667) Survivor regions: 2->2(21)
[302.710s][info][gc,heap        ] GC(667) Old regions: 10->10
[302.710s][info][gc,heap        ] GC(667) Archive regions: 0->0
[302.710s][info][gc,heap        ] GC(667) Humongous regions: 0->0
[302.710s][info][gc,metaspace   ] GC(667) Metaspace: 9947K(10304K)->9947K(10304K) NonClass: 8644K(8896K)->8644K(8896K) Class: 1303K(1408K)->1303K(1408K)
[302.710s][info][gc             ] GC(667) Pause Young (Normal) (G1 Evacuation Pause) 166M->6M(270M) 2.638ms
[302.710s][info][gc,cpu         ] GC(667) User=0.00s Sys=0.00s Real=0.00s
[303.073s][info][gc,start       ] GC(668) Pause Full (System.gc())
[303.073s][info][gc,task        ] GC(668) Using 6 workers of 33 for full compaction
[303.074s][info][gc,phases,start] GC(668) Phase 1: Mark live objects
[303.079s][info][gc,phases      ] GC(668) Phase 1: Mark live objects 5.627ms
[303.079s][info][gc,phases,start] GC(668) Phase 2: Prepare compaction
[303.080s][info][gc,phases      ] GC(668) Phase 2: Prepare compaction 1.177ms
[303.080s][info][gc,phases,start] GC(668) Phase 3: Adjust pointers
[303.084s][info][gc,phases      ] GC(668) Phase 3: Adjust pointers 3.912ms
[303.084s][info][gc,phases,start] GC(668) Phase 4: Compact heap
[303.085s][info][gc,phases      ] GC(668) Phase 4: Compact heap 0.578ms
[303.090s][info][gc,heap        ] GC(668) Eden regions: 83->0(16)
[303.090s][info][gc,heap        ] GC(668) Survivor regions: 2->0(21)
[303.090s][info][gc,heap        ] GC(668) Old regions: 10->8
[303.090s][info][gc,heap        ] GC(668) Archive regions: 0->0
[303.090s][info][gc,heap        ] GC(668) Humongous regions: 0->0
[303.090s][info][gc,metaspace   ] GC(668) Metaspace: 9947K(10304K)->9947K(10304K) NonClass: 8644K(8896K)->8644K(8896K) Class: 1303K(1408K)->1303K(1408K)
[303.090s][info][gc             ] GC(668) Pause Full (System.gc()) 88M->3M(27M) 17.042ms
[303.090s][info][gc,cpu         ] GC(668) User=0.02s Sys=0.00s Real=0.02s
[303.156s][info][gc,start       ] GC(669) Pause Young (Normal) (G1 Evacuation Pause)
[303.156s][info][gc,task        ] GC(669) Using 4 workers of 33 for evacuation
[303.159s][info][gc,phases      ] GC(669)   Pre Evacuate Collection Set: 0.1ms
[303.159s][info][gc,phases      ] GC(669)   Merge Heap Roots: 0.1ms
[303.159s][info][gc,phases      ] GC(669)   Evacuate Collection Set: 2.1ms
[303.159s][info][gc,phases      ] GC(669)   Post Evacuate Collection Set: 0.2ms
[303.159s][info][gc,phases      ] GC(669)   Other: 0.1ms
[303.159s][info][gc,heap        ] GC(669) Eden regions: 16->0(13)
[303.159s][info][gc,heap        ] GC(669) Survivor regions: 0->2(2)
[303.159s][info][gc,heap        ] GC(669) Old regions: 8->8
[303.159s][info][gc,heap        ] GC(669) Archive regions: 0->0
[303.159s][info][gc,heap        ] GC(669) Humongous regions: 0->0
[303.159s][info][gc,metaspace   ] GC(669) Metaspace: 9949K(10304K)->9949K(10304K) NonClass: 8645K(8896K)->8645K(8896K) Class: 1303K(1408K)->1303K(1408K)
[303.159s][info][gc             ] GC(669) Pause Young (Normal) (G1 Evacuation Pause) 19M->5M(27M) 3.082ms
[303.159s][info][gc,cpu         ] GC(669) User=0.00s Sys=0.00s Real=0.00s
[303.215s][info][gc,start       ] GC(670) Pause Young (Normal) (G1 Evacuation Pause)
[303.215s][info][gc,task        ] GC(670) Using 3 workers of 33 for evacuation
[303.218s][info][gc,phases      ] GC(670)   Pre Evacuate Collection Set: 0.1ms
[303.218s][info][gc,phases      ] GC(670)   Merge Heap Roots: 0.1ms
[303.218s][info][gc,phases      ] GC(670)   Evacuate Collection Set: 2.5ms
[303.218s][info][gc,phases      ] GC(670)   Post Evacuate Collection Set: 0.2ms
[303.218s][info][gc,phases      ] GC(670)   Other: 0.1ms
[303.218s][info][gc,heap        ] GC(670) Eden regions: 13->0(14)
[303.218s][info][gc,heap        ] GC(670) Survivor regions: 2->1(2)
[303.218s][info][gc,heap        ] GC(670) Old regions: 8->9
[303.218s][info][gc,heap        ] GC(670) Archive regions: 0->0
[303.218s][info][gc,heap        ] GC(670) Humongous regions: 0->0
[303.218s][info][gc,metaspace   ] GC(670) Metaspace: 9949K(10304K)->9949K(10304K) NonClass: 8645K(8896K)->8645K(8896K) Class: 1303K(1408K)->1303K(1408K)
[303.218s][info][gc             ] GC(670) Pause Young (Normal) (G1 Evacuation Pause) 18M->5M(27M) 3.453ms
[303.218s][info][gc,cpu         ] GC(670) User=0.00s Sys=0.00s Real=0.00s
[303.277s][info][gc,start       ] GC(671) Pause Young (Normal) (G1 Evacuation Pause)
[303.277s][info][gc,task        ] GC(671) Using 2 workers of 33 for evacuation
[303.279s][info][gc,phases      ] GC(671)   Pre Evacuate Collection Set: 0.1ms
[303.279s][info][gc,phases      ] GC(671)   Merge Heap Roots: 0.0ms
[303.279s][info][gc,phases      ] GC(671)   Evacuate Collection Set: 2.2ms
[303.280s][info][gc,phases      ] GC(671)   Post Evacuate Collection Set: 0.2ms
[303.280s][info][gc,phases      ] GC(671)   Other: 0.1ms
[303.280s][info][gc,heap        ] GC(671) Eden regions: 14->0(14)
[303.280s][info][gc,heap        ] GC(671) Survivor regions: 1->1(2)
[303.280s][info][gc,heap        ] GC(671) Old regions: 9->9
[303.280s][info][gc,heap        ] GC(671) Archive regions: 0->0
[303.280s][info][gc,heap        ] GC(671) Humongous regions: 0->0
[303.280s][info][gc,metaspace   ] GC(671) Metaspace: 9949K(10304K)->9949K(10304K) NonClass: 8645K(8896K)->8645K(8896K) Class: 1303K(1408K)->1303K(1408K)
[303.280s][info][gc             ] GC(671) Pause Young (Normal) (G1 Evacuation Pause) 19M->5M(27M) 3.063ms
[303.280s][info][gc,cpu         ] GC(671) User=0.00s Sys=0.00s Real=0.00s
[303.337s][info][gc,start       ] GC(672) Pause Young (Normal) (G1 Evacuation Pause)
[303.337s][info][gc,task        ] GC(672) Using 2 workers of 33 for evacuation
[303.340s][info][gc,phases      ] GC(672)   Pre Evacuate Collection Set: 0.1ms
[303.340s][info][gc,phases      ] GC(672)   Merge Heap Roots: 0.0ms
[303.340s][info][gc,phases      ] GC(672)   Evacuate Collection Set: 2.5ms
[303.340s][info][gc,phases      ] GC(672)   Post Evacuate Collection Set: 0.2ms
[303.340s][info][gc,phases      ] GC(672)   Other: 0.1ms
[303.340s][info][gc,heap        ] GC(672) Eden regions: 14->0(14)
[303.340s][info][gc,heap        ] GC(672) Survivor regions: 1->1(2)
[303.340s][info][gc,heap        ] GC(672) Old regions: 9->9
[303.340s][info][gc,heap        ] GC(672) Archive regions: 0->0
[303.340s][info][gc,heap        ] GC(672) Humongous regions: 0->0
[303.340s][info][gc,metaspace   ] GC(672) Metaspace: 9949K(10304K)->9949K(10304K) NonClass: 8645K(8896K)->8645K(8896K) Class: 1303K(1408K)->1303K(1408K)
[303.340s][info][gc             ] GC(672) Pause Young (Normal) (G1 Evacuation Pause) 19M->5M(27M) 3.393ms
[303.340s][info][gc,cpu         ] GC(672) User=0.00s Sys=0.02s Real=0.02s
[303.400s][info][gc,start       ] GC(673) Pause Young (Normal) (G1 Evacuation Pause)
[303.401s][info][gc,task        ] GC(673) Using 2 workers of 33 for evacuation
[303.403s][info][gc,phases      ] GC(673)   Pre Evacuate Collection Set: 0.1ms
[303.403s][info][gc,phases      ] GC(673)   Merge Heap Roots: 0.1ms
[303.403s][info][gc,phases      ] GC(673)   Evacuate Collection Set: 2.2ms
[303.403s][info][gc,phases      ] GC(673)   Post Evacuate Collection Set: 0.2ms
[303.403s][info][gc,phases      ] GC(673)   Other: 0.1ms
[303.403s][info][gc,heap        ] GC(673) Eden regions: 14->0(14)
[303.403s][info][gc,heap        ] GC(673) Survivor regions: 1->1(2)
[303.403s][info][gc,heap        ] GC(673) Old regions: 9->9
[303.403s][info][gc,heap        ] GC(673) Archive regions: 0->0
[303.403s][info][gc,heap        ] GC(673) Humongous regions: 0->0
[303.403s][info][gc,metaspace   ] GC(673) Metaspace: 9949K(10304K)->9949K(10304K) NonClass: 8645K(8896K)->8645K(8896K) Class: 1303K(1408K)->1303K(1408K)
[303.404s][info][gc             ] GC(673) Pause Young (Normal) (G1 Evacuation Pause) 19M->5M(27M) 3.115ms
[303.404s][info][gc,cpu         ] GC(673) User=0.00s Sys=0.00s Real=0.00s
[303.463s][info][gc,start       ] GC(674) Pause Young (Normal) (G1 Evacuation Pause)
[303.463s][info][gc,task        ] GC(674) Using 2 workers of 33 for evacuation
[303.470s][info][gc,phases      ] GC(674)   Pre Evacuate Collection Set: 0.1ms
[303.470s][info][gc,phases      ] GC(674)   Merge Heap Roots: 0.1ms
[303.470s][info][gc,phases      ] GC(674)   Evacuate Collection Set: 3.0ms
[303.470s][info][gc,phases      ] GC(674)   Post Evacuate Collection Set: 3.9ms
[303.470s][info][gc,phases      ] GC(674)   Other: 0.1ms
[303.470s][info][gc,heap        ] GC(674) Eden regions: 14->0(161)
[303.470s][info][gc,heap        ] GC(674) Survivor regions: 1->1(2)
[303.470s][info][gc,heap        ] GC(674) Old regions: 9->9
[303.470s][info][gc,heap        ] GC(674) Archive regions: 0->0
[303.470s][info][gc,heap        ] GC(674) Humongous regions: 0->0
[303.470s][info][gc,metaspace   ] GC(674) Metaspace: 9949K(10304K)->9949K(10304K) NonClass: 8645K(8896K)->8645K(8896K) Class: 1303K(1408K)->1303K(1408K)
[303.470s][info][gc             ] GC(674) Pause Young (Normal) (G1 Evacuation Pause) 19M->5M(270M) 7.570ms
[303.470s][info][gc,cpu         ] GC(674) User=0.00s Sys=0.00s Real=0.00s
[304.231s][info][gc,start       ] GC(675) Pause Young (Normal) (G1 Evacuation Pause)
[304.231s][info][gc,task        ] GC(675) Using 6 workers of 33 for evacuation
[304.233s][info][gc,phases      ] GC(675)   Pre Evacuate Collection Set: 0.1ms
[304.233s][info][gc,phases      ] GC(675)   Merge Heap Roots: 0.1ms
[304.233s][info][gc,phases      ] GC(675)   Evacuate Collection Set: 1.6ms
[304.233s][info][gc,phases      ] GC(675)   Post Evacuate Collection Set: 0.3ms
[304.233s][info][gc,phases      ] GC(675)   Other: 0.1ms
[304.233s][info][gc,heap        ] GC(675) Eden regions: 161->0(160)
[304.233s][info][gc,heap        ] GC(675) Survivor regions: 1->2(21)
[304.233s][info][gc,heap        ] GC(675) Old regions: 9->9
[304.234s][info][gc,heap        ] GC(675) Archive regions: 0->0
[304.234s][info][gc,heap        ] GC(675) Humongous regions: 0->0
[304.234s][info][gc,metaspace   ] GC(675) Metaspace: 9949K(10304K)->9949K(10304K) NonClass: 8645K(8896K)->8645K(8896K) Class: 1303K(1408K)->1303K(1408K)
[304.234s][info][gc             ] GC(675) Pause Young (Normal) (G1 Evacuation Pause) 166M->6M(270M) 2.814ms
[304.234s][info][gc,cpu         ] GC(675) User=0.00s Sys=0.00s Real=0.00s
[304.945s][info][gc,start       ] GC(676) Pause Young (Normal) (G1 Evacuation Pause)
[304.945s][info][gc,task        ] GC(676) Using 6 workers of 33 for evacuation
[304.947s][info][gc,phases      ] GC(676)   Pre Evacuate Collection Set: 0.1ms
[304.947s][info][gc,phases      ] GC(676)   Merge Heap Roots: 0.1ms
[304.947s][info][gc,phases      ] GC(676)   Evacuate Collection Set: 1.4ms
[304.947s][info][gc,phases      ] GC(676)   Post Evacuate Collection Set: 0.3ms
[304.947s][info][gc,phases      ] GC(676)   Other: 0.1ms
[304.947s][info][gc,heap        ] GC(676) Eden regions: 160->0(160)
[304.947s][info][gc,heap        ] GC(676) Survivor regions: 2->2(21)
[304.947s][info][gc,heap        ] GC(676) Old regions: 9->9
[304.947s][info][gc,heap        ] GC(676) Archive regions: 0->0
[304.947s][info][gc,heap        ] GC(676) Humongous regions: 0->0
[304.947s][info][gc,metaspace   ] GC(676) Metaspace: 9949K(10304K)->9949K(10304K) NonClass: 8645K(8896K)->8645K(8896K) Class: 1303K(1408K)->1303K(1408K)
[304.947s][info][gc             ] GC(676) Pause Young (Normal) (G1 Evacuation Pause) 166M->6M(270M) 2.667ms
[304.947s][info][gc,cpu         ] GC(676) User=0.00s Sys=0.00s Real=0.00s
[305.667s][info][gc,start       ] GC(677) Pause Young (Normal) (G1 Evacuation Pause)
[305.667s][info][gc,task        ] GC(677) Using 6 workers of 33 for evacuation
[305.669s][info][gc,phases      ] GC(677)   Pre Evacuate Collection Set: 0.1ms
[305.669s][info][gc,phases      ] GC(677)   Merge Heap Roots: 0.1ms
[305.669s][info][gc,phases      ] GC(677)   Evacuate Collection Set: 1.3ms
[305.669s][info][gc,phases      ] GC(677)   Post Evacuate Collection Set: 0.3ms
[305.669s][info][gc,phases      ] GC(677)   Other: 0.1ms
[305.669s][info][gc,heap        ] GC(677) Eden regions: 160->0(160)
[305.669s][info][gc,heap        ] GC(677) Survivor regions: 2->2(21)
[305.669s][info][gc,heap        ] GC(677) Old regions: 9->9
[305.669s][info][gc,heap        ] GC(677) Archive regions: 0->0
[305.669s][info][gc,heap        ] GC(677) Humongous regions: 0->0
[305.669s][info][gc,metaspace   ] GC(677) Metaspace: 9949K(10304K)->9949K(10304K) NonClass: 8645K(8896K)->8645K(8896K) Class: 1303K(1408K)->1303K(1408K)
[305.669s][info][gc             ] GC(677) Pause Young (Normal) (G1 Evacuation Pause) 166M->6M(270M) 2.537ms
[305.669s][info][gc,cpu         ] GC(677) User=0.00s Sys=0.00s Real=0.00s
[306.379s][info][gc,start       ] GC(678) Pause Young (Normal) (G1 Evacuation Pause)
[306.379s][info][gc,task        ] GC(678) Using 6 workers of 33 for evacuation
[306.381s][info][gc,phases      ] GC(678)   Pre Evacuate Collection Set: 0.1ms
[306.381s][info][gc,phases      ] GC(678)   Merge Heap Roots: 0.1ms
[306.381s][info][gc,phases      ] GC(678)   Evacuate Collection Set: 1.4ms
[306.381s][info][gc,phases      ] GC(678)   Post Evacuate Collection Set: 0.3ms
[306.381s][info][gc,phases      ] GC(678)   Other: 0.1ms
[306.381s][info][gc,heap        ] GC(678) Eden regions: 160->0(160)
[306.381s][info][gc,heap        ] GC(678) Survivor regions: 2->2(21)
[306.381s][info][gc,heap        ] GC(678) Old regions: 9->9
[306.381s][info][gc,heap        ] GC(678) Archive regions: 0->0
[306.381s][info][gc,heap        ] GC(678) Humongous regions: 0->0
[306.381s][info][gc,metaspace   ] GC(678) Metaspace: 9949K(10304K)->9949K(10304K) NonClass: 8645K(8896K)->8645K(8896K) Class: 1303K(1408K)->1303K(1408K)
[306.381s][info][gc             ] GC(678) Pause Young (Normal) (G1 Evacuation Pause) 166M->6M(270M) 2.617ms
[306.381s][info][gc,cpu         ] GC(678) User=0.00s Sys=0.00s Real=0.00s
[307.073s][info][gc,start       ] GC(679) Pause Young (Normal) (G1 Evacuation Pause)
[307.073s][info][gc,task        ] GC(679) Using 6 workers of 33 for evacuation
[307.075s][info][gc,phases      ] GC(679)   Pre Evacuate Collection Set: 0.1ms
[307.075s][info][gc,phases      ] GC(679)   Merge Heap Roots: 0.1ms
[307.075s][info][gc,phases      ] GC(679)   Evacuate Collection Set: 1.4ms
[307.075s][info][gc,phases      ] GC(679)   Post Evacuate Collection Set: 0.3ms
[307.075s][info][gc,phases      ] GC(679)   Other: 0.1ms
[307.075s][info][gc,heap        ] GC(679) Eden regions: 160->0(160)
[307.075s][info][gc,heap        ] GC(679) Survivor regions: 2->2(21)
[307.075s][info][gc,heap        ] GC(679) Old regions: 9->9
[307.075s][info][gc,heap        ] GC(679) Archive regions: 0->0
[307.075s][info][gc,heap        ] GC(679) Humongous regions: 0->0
[307.075s][info][gc,metaspace   ] GC(679) Metaspace: 9949K(10304K)->9949K(10304K) NonClass: 8645K(8896K)->8645K(8896K) Class: 1303K(1408K)->1303K(1408K)
[307.075s][info][gc             ] GC(679) Pause Young (Normal) (G1 Evacuation Pause) 166M->6M(270M) 2.615ms
[307.075s][info][gc,cpu         ] GC(679) User=0.00s Sys=0.00s Real=0.00s
[307.783s][info][gc,start       ] GC(680) Pause Young (Normal) (G1 Evacuation Pause)
[307.783s][info][gc,task        ] GC(680) Using 6 workers of 33 for evacuation
[307.785s][info][gc,phases      ] GC(680)   Pre Evacuate Collection Set: 0.1ms
[307.785s][info][gc,phases      ] GC(680)   Merge Heap Roots: 0.1ms
[307.785s][info][gc,phases      ] GC(680)   Evacuate Collection Set: 1.4ms
[307.785s][info][gc,phases      ] GC(680)   Post Evacuate Collection Set: 0.4ms
[307.785s][info][gc,phases      ] GC(680)   Other: 0.1ms
[307.785s][info][gc,heap        ] GC(680) Eden regions: 160->0(160)
[307.785s][info][gc,heap        ] GC(680) Survivor regions: 2->2(21)
[307.785s][info][gc,heap        ] GC(680) Old regions: 9->9
[307.785s][info][gc,heap        ] GC(680) Archive regions: 0->0
[307.785s][info][gc,heap        ] GC(680) Humongous regions: 0->0
[307.785s][info][gc,metaspace   ] GC(680) Metaspace: 9949K(10304K)->9949K(10304K) NonClass: 8645K(8896K)->8645K(8896K) Class: 1303K(1408K)->1303K(1408K)
[307.785s][info][gc             ] GC(680) Pause Young (Normal) (G1 Evacuation Pause) 166M->6M(270M) 2.615ms
[307.785s][info][gc,cpu         ] GC(680) User=0.00s Sys=0.00s Real=0.00s
[308.477s][info][gc,start       ] GC(681) Pause Young (Normal) (G1 Evacuation Pause)
[308.477s][info][gc,task        ] GC(681) Using 6 workers of 33 for evacuation
[308.479s][info][gc,phases      ] GC(681)   Pre Evacuate Collection Set: 0.1ms
[308.479s][info][gc,phases      ] GC(681)   Merge Heap Roots: 0.1ms
[308.479s][info][gc,phases      ] GC(681)   Evacuate Collection Set: 1.4ms
[308.479s][info][gc,phases      ] GC(681)   Post Evacuate Collection Set: 0.4ms
[308.479s][info][gc,phases      ] GC(681)   Other: 0.1ms
[308.479s][info][gc,heap        ] GC(681) Eden regions: 160->0(160)
[308.479s][info][gc,heap        ] GC(681) Survivor regions: 2->2(21)
[308.479s][info][gc,heap        ] GC(681) Old regions: 9->9
[308.479s][info][gc,heap        ] GC(681) Archive regions: 0->0
[308.479s][info][gc,heap        ] GC(681) Humongous regions: 0->0
[308.479s][info][gc,metaspace   ] GC(681) Metaspace: 9949K(10304K)->9949K(10304K) NonClass: 8645K(8896K)->8645K(8896K) Class: 1303K(1408K)->1303K(1408K)
[308.479s][info][gc             ] GC(681) Pause Young (Normal) (G1 Evacuation Pause) 166M->5M(270M) 2.696ms
[308.480s][info][gc,cpu         ] GC(681) User=0.00s Sys=0.00s Real=0.00s
[309.180s][info][gc,start       ] GC(682) Pause Young (Normal) (G1 Evacuation Pause)
[309.180s][info][gc,task        ] GC(682) Using 6 workers of 33 for evacuation
[309.182s][info][gc,phases      ] GC(682)   Pre Evacuate Collection Set: 0.1ms
[309.182s][info][gc,phases      ] GC(682)   Merge Heap Roots: 0.1ms
[309.182s][info][gc,phases      ] GC(682)   Evacuate Collection Set: 1.4ms
[309.182s][info][gc,phases      ] GC(682)   Post Evacuate Collection Set: 0.4ms
[309.182s][info][gc,phases      ] GC(682)   Other: 0.1ms
[309.182s][info][gc,heap        ] GC(682) Eden regions: 160->0(160)
[309.182s][info][gc,heap        ] GC(682) Survivor regions: 2->2(21)
[309.182s][info][gc,heap        ] GC(682) Old regions: 9->9
[309.183s][info][gc,heap        ] GC(682) Archive regions: 0->0
[309.183s][info][gc,heap        ] GC(682) Humongous regions: 0->0
[309.183s][info][gc,metaspace   ] GC(682) Metaspace: 9949K(10304K)->9949K(10304K) NonClass: 8645K(8896K)->8645K(8896K) Class: 1303K(1408K)->1303K(1408K)
[309.183s][info][gc             ] GC(682) Pause Young (Normal) (G1 Evacuation Pause) 165M->6M(270M) 2.618ms
[309.183s][info][gc,cpu         ] GC(682) User=0.00s Sys=0.00s Real=0.00s
[309.889s][info][gc,start       ] GC(683) Pause Young (Normal) (G1 Evacuation Pause)
[309.889s][info][gc,task        ] GC(683) Using 6 workers of 33 for evacuation
[309.891s][info][gc,phases      ] GC(683)   Pre Evacuate Collection Set: 0.1ms
[309.891s][info][gc,phases      ] GC(683)   Merge Heap Roots: 0.1ms
[309.891s][info][gc,phases      ] GC(683)   Evacuate Collection Set: 1.3ms
[309.891s][info][gc,phases      ] GC(683)   Post Evacuate Collection Set: 0.3ms
[309.891s][info][gc,phases      ] GC(683)   Other: 0.1ms
[309.891s][info][gc,heap        ] GC(683) Eden regions: 160->0(160)
[309.891s][info][gc,heap        ] GC(683) Survivor regions: 2->2(21)
[309.891s][info][gc,heap        ] GC(683) Old regions: 9->9
[309.891s][info][gc,heap        ] GC(683) Archive regions: 0->0
[309.891s][info][gc,heap        ] GC(683) Humongous regions: 0->0
[309.891s][info][gc,metaspace   ] GC(683) Metaspace: 9949K(10304K)->9949K(10304K) NonClass: 8645K(8896K)->8645K(8896K) Class: 1303K(1408K)->1303K(1408K)
[309.891s][info][gc             ] GC(683) Pause Young (Normal) (G1 Evacuation Pause) 166M->6M(270M) 2.532ms
[309.891s][info][gc,cpu         ] GC(683) User=0.00s Sys=0.00s Real=0.00s
[310.257s][info][gc,start       ] GC(684) Pause Full (System.gc())
[310.257s][info][gc,task        ] GC(684) Using 6 workers of 33 for full compaction
[310.257s][info][gc,phases,start] GC(684) Phase 1: Mark live objects
[310.263s][info][gc,phases      ] GC(684) Phase 1: Mark live objects 5.676ms
[310.263s][info][gc,phases,start] GC(684) Phase 2: Prepare compaction
[310.264s][info][gc,phases      ] GC(684) Phase 2: Prepare compaction 1.192ms
[310.264s][info][gc,phases,start] GC(684) Phase 3: Adjust pointers
[310.268s][info][gc,phases      ] GC(684) Phase 3: Adjust pointers 3.988ms
[310.268s][info][gc,phases,start] GC(684) Phase 4: Compact heap
[310.269s][info][gc,phases      ] GC(684) Phase 4: Compact heap 0.590ms
[310.273s][info][gc,heap        ] GC(684) Eden regions: 82->0(16)
[310.273s][info][gc,heap        ] GC(684) Survivor regions: 2->0(21)
[310.273s][info][gc,heap        ] GC(684) Old regions: 9->8
[310.273s][info][gc,heap        ] GC(684) Archive regions: 0->0
[310.273s][info][gc,heap        ] GC(684) Humongous regions: 0->0
[310.273s][info][gc,metaspace   ] GC(684) Metaspace: 9949K(10304K)->9949K(10304K) NonClass: 8646K(8896K)->8646K(8896K) Class: 1303K(1408K)->1303K(1408K)
[310.273s][info][gc             ] GC(684) Pause Full (System.gc()) 88M->3M(27M) 16.963ms
[310.274s][info][gc,cpu         ] GC(684) User=0.20s Sys=0.00s Real=0.03s
[310.347s][info][gc,start       ] GC(685) Pause Young (Normal) (G1 Evacuation Pause)
[310.347s][info][gc,task        ] GC(685) Using 4 workers of 33 for evacuation
[310.349s][info][gc,phases      ] GC(685)   Pre Evacuate Collection Set: 0.1ms
[310.349s][info][gc,phases      ] GC(685)   Merge Heap Roots: 0.1ms
[310.349s][info][gc,phases      ] GC(685)   Evacuate Collection Set: 1.9ms
[310.349s][info][gc,phases      ] GC(685)   Post Evacuate Collection Set: 0.2ms
[310.349s][info][gc,phases      ] GC(685)   Other: 0.1ms
[310.349s][info][gc,heap        ] GC(685) Eden regions: 16->0(13)
[310.349s][info][gc,heap        ] GC(685) Survivor regions: 0->2(2)
[310.349s][info][gc,heap        ] GC(685) Old regions: 8->8
[310.349s][info][gc,heap        ] GC(685) Archive regions: 0->0
[310.349s][info][gc,heap        ] GC(685) Humongous regions: 0->0
[310.350s][info][gc,metaspace   ] GC(685) Metaspace: 9949K(10304K)->9949K(10304K) NonClass: 8646K(8896K)->8646K(8896K) Class: 1303K(1408K)->1303K(1408K)
[310.350s][info][gc             ] GC(685) Pause Young (Normal) (G1 Evacuation Pause) 19M->5M(27M) 2.849ms
[310.350s][info][gc,cpu         ] GC(685) User=0.00s Sys=0.00s Real=0.00s
[310.405s][info][gc,start       ] GC(686) Pause Young (Normal) (G1 Evacuation Pause)
[310.405s][info][gc,task        ] GC(686) Using 3 workers of 33 for evacuation
[310.408s][info][gc,phases      ] GC(686)   Pre Evacuate Collection Set: 0.1ms
[310.408s][info][gc,phases      ] GC(686)   Merge Heap Roots: 0.0ms
[310.408s][info][gc,phases      ] GC(686)   Evacuate Collection Set: 2.4ms
[310.408s][info][gc,phases      ] GC(686)   Post Evacuate Collection Set: 0.2ms
[310.408s][info][gc,phases      ] GC(686)   Other: 0.1ms
[310.408s][info][gc,heap        ] GC(686) Eden regions: 13->0(14)
[310.408s][info][gc,heap        ] GC(686) Survivor regions: 2->1(2)
[310.408s][info][gc,heap        ] GC(686) Old regions: 8->9
[310.408s][info][gc,heap        ] GC(686) Archive regions: 0->0
[310.408s][info][gc,heap        ] GC(686) Humongous regions: 0->0
[310.408s][info][gc,metaspace   ] GC(686) Metaspace: 9949K(10304K)->9949K(10304K) NonClass: 8646K(8896K)->8646K(8896K) Class: 1303K(1408K)->1303K(1408K)
[310.408s][info][gc             ] GC(686) Pause Young (Normal) (G1 Evacuation Pause) 18M->5M(27M) 3.329ms
[310.408s][info][gc,cpu         ] GC(686) User=0.02s Sys=0.00s Real=0.02s
[310.466s][info][gc,start       ] GC(687) Pause Young (Normal) (G1 Evacuation Pause)
[310.466s][info][gc,task        ] GC(687) Using 2 workers of 33 for evacuation
[310.468s][info][gc,phases      ] GC(687)   Pre Evacuate Collection Set: 0.1ms
[310.468s][info][gc,phases      ] GC(687)   Merge Heap Roots: 0.1ms
[310.468s][info][gc,phases      ] GC(687)   Evacuate Collection Set: 2.0ms
[310.468s][info][gc,phases      ] GC(687)   Post Evacuate Collection Set: 0.2ms
[310.468s][info][gc,phases      ] GC(687)   Other: 0.1ms
[310.468s][info][gc,heap        ] GC(687) Eden regions: 14->0(14)
[310.468s][info][gc,heap        ] GC(687) Survivor regions: 1->1(2)
[310.468s][info][gc,heap        ] GC(687) Old regions: 9->9
[310.468s][info][gc,heap        ] GC(687) Archive regions: 0->0
[310.468s][info][gc,heap        ] GC(687) Humongous regions: 0->0
[310.469s][info][gc,metaspace   ] GC(687) Metaspace: 9949K(10304K)->9949K(10304K) NonClass: 8646K(8896K)->8646K(8896K) Class: 1303K(1408K)->1303K(1408K)
[310.469s][info][gc             ] GC(687) Pause Young (Normal) (G1 Evacuation Pause) 19M->5M(27M) 2.900ms
[310.469s][info][gc,cpu         ] GC(687) User=0.00s Sys=0.00s Real=0.00s
[310.523s][info][gc,start       ] GC(688) Pause Young (Normal) (G1 Evacuation Pause)
[310.523s][info][gc,task        ] GC(688) Using 2 workers of 33 for evacuation
[310.525s][info][gc,phases      ] GC(688)   Pre Evacuate Collection Set: 0.1ms
[310.525s][info][gc,phases      ] GC(688)   Merge Heap Roots: 0.0ms
[310.525s][info][gc,phases      ] GC(688)   Evacuate Collection Set: 1.9ms
[310.525s][info][gc,phases      ] GC(688)   Post Evacuate Collection Set: 0.2ms
[310.525s][info][gc,phases      ] GC(688)   Other: 0.1ms
[310.525s][info][gc,heap        ] GC(688) Eden regions: 14->0(14)
[310.525s][info][gc,heap        ] GC(688) Survivor regions: 1->1(2)
[310.525s][info][gc,heap        ] GC(688) Old regions: 9->9
[310.525s][info][gc,heap        ] GC(688) Archive regions: 0->0
[310.525s][info][gc,heap        ] GC(688) Humongous regions: 0->0
[310.525s][info][gc,metaspace   ] GC(688) Metaspace: 9949K(10304K)->9949K(10304K) NonClass: 8646K(8896K)->8646K(8896K) Class: 1303K(1408K)->1303K(1408K)
[310.526s][info][gc             ] GC(688) Pause Young (Normal) (G1 Evacuation Pause) 19M->5M(27M) 2.772ms
[310.526s][info][gc,cpu         ] GC(688) User=0.00s Sys=0.00s Real=0.00s
[310.580s][info][gc,start       ] GC(689) Pause Young (Normal) (G1 Evacuation Pause)
[310.580s][info][gc,task        ] GC(689) Using 2 workers of 33 for evacuation
[310.582s][info][gc,phases      ] GC(689)   Pre Evacuate Collection Set: 0.1ms
[310.582s][info][gc,phases      ] GC(689)   Merge Heap Roots: 0.0ms
[310.583s][info][gc,phases      ] GC(689)   Evacuate Collection Set: 2.4ms
[310.583s][info][gc,phases      ] GC(689)   Post Evacuate Collection Set: 0.2ms
[310.583s][info][gc,phases      ] GC(689)   Other: 0.1ms
[310.583s][info][gc,heap        ] GC(689) Eden regions: 14->0(14)
[310.583s][info][gc,heap        ] GC(689) Survivor regions: 1->1(2)
[310.583s][info][gc,heap        ] GC(689) Old regions: 9->9
[310.583s][info][gc,heap        ] GC(689) Archive regions: 0->0
[310.583s][info][gc,heap        ] GC(689) Humongous regions: 0->0
[310.583s][info][gc,metaspace   ] GC(689) Metaspace: 9949K(10304K)->9949K(10304K) NonClass: 8646K(8896K)->8646K(8896K) Class: 1303K(1408K)->1303K(1408K)
[310.583s][info][gc             ] GC(689) Pause Young (Normal) (G1 Evacuation Pause) 19M->5M(27M) 3.271ms
[310.583s][info][gc,cpu         ] GC(689) User=0.03s Sys=0.00s Real=0.02s
[310.648s][info][gc,start       ] GC(690) Pause Young (Normal) (G1 Evacuation Pause)
[310.648s][info][gc,task        ] GC(690) Using 2 workers of 33 for evacuation
[310.655s][info][gc,phases      ] GC(690)   Pre Evacuate Collection Set: 0.1ms
[310.655s][info][gc,phases      ] GC(690)   Merge Heap Roots: 0.0ms
[310.655s][info][gc,phases      ] GC(690)   Evacuate Collection Set: 2.7ms
[310.655s][info][gc,phases      ] GC(690)   Post Evacuate Collection Set: 3.8ms
[310.655s][info][gc,phases      ] GC(690)   Other: 0.1ms
[310.655s][info][gc,heap        ] GC(690) Eden regions: 14->0(161)
[310.655s][info][gc,heap        ] GC(690) Survivor regions: 1->1(2)
[310.655s][info][gc,heap        ] GC(690) Old regions: 9->9
[310.655s][info][gc,heap        ] GC(690) Archive regions: 0->0
[310.655s][info][gc,heap        ] GC(690) Humongous regions: 0->0
[310.655s][info][gc,metaspace   ] GC(690) Metaspace: 9949K(10304K)->9949K(10304K) NonClass: 8646K(8896K)->8646K(8896K) Class: 1303K(1408K)->1303K(1408K)
[310.655s][info][gc             ] GC(690) Pause Young (Normal) (G1 Evacuation Pause) 19M->5M(270M) 7.263ms
[310.655s][info][gc,cpu         ] GC(690) User=0.00s Sys=0.00s Real=0.00s
[311.386s][info][gc,start       ] GC(691) Pause Young (Normal) (G1 Evacuation Pause)
[311.386s][info][gc,task        ] GC(691) Using 6 workers of 33 for evacuation
[311.389s][info][gc,phases      ] GC(691)   Pre Evacuate Collection Set: 0.1ms
[311.389s][info][gc,phases      ] GC(691)   Merge Heap Roots: 0.1ms
[311.389s][info][gc,phases      ] GC(691)   Evacuate Collection Set: 1.7ms
[311.389s][info][gc,phases      ] GC(691)   Post Evacuate Collection Set: 0.4ms
[311.389s][info][gc,phases      ] GC(691)   Other: 0.1ms
[311.389s][info][gc,heap        ] GC(691) Eden regions: 161->0(160)
[311.389s][info][gc,heap        ] GC(691) Survivor regions: 1->2(21)
[311.389s][info][gc,heap        ] GC(691) Old regions: 9->9
[311.389s][info][gc,heap        ] GC(691) Archive regions: 0->0
[311.389s][info][gc,heap        ] GC(691) Humongous regions: 0->0
[311.389s][info][gc,metaspace   ] GC(691) Metaspace: 9949K(10304K)->9949K(10304K) NonClass: 8646K(8896K)->8646K(8896K) Class: 1303K(1408K)->1303K(1408K)
[311.389s][info][gc             ] GC(691) Pause Young (Normal) (G1 Evacuation Pause) 166M->5M(270M) 2.887ms
[311.389s][info][gc,cpu         ] GC(691) User=0.00s Sys=0.00s Real=0.00s
[312.083s][info][gc,start       ] GC(692) Pause Young (Normal) (G1 Evacuation Pause)
[312.083s][info][gc,task        ] GC(692) Using 6 workers of 33 for evacuation
[312.085s][info][gc,phases      ] GC(692)   Pre Evacuate Collection Set: 0.1ms
[312.085s][info][gc,phases      ] GC(692)   Merge Heap Roots: 0.1ms
[312.085s][info][gc,phases      ] GC(692)   Evacuate Collection Set: 1.2ms
[312.085s][info][gc,phases      ] GC(692)   Post Evacuate Collection Set: 0.4ms
[312.085s][info][gc,phases      ] GC(692)   Other: 0.1ms
[312.085s][info][gc,heap        ] GC(692) Eden regions: 160->0(160)
[312.085s][info][gc,heap        ] GC(692) Survivor regions: 2->2(21)
[312.085s][info][gc,heap        ] GC(692) Old regions: 9->9
[312.085s][info][gc,heap        ] GC(692) Archive regions: 0->0
[312.085s][info][gc,heap        ] GC(692) Humongous regions: 0->0
[312.085s][info][gc,metaspace   ] GC(692) Metaspace: 9949K(10304K)->9949K(10304K) NonClass: 8646K(8896K)->8646K(8896K) Class: 1303K(1408K)->1303K(1408K)
[312.085s][info][gc             ] GC(692) Pause Young (Normal) (G1 Evacuation Pause) 165M->5M(270M) 2.479ms
[312.085s][info][gc,cpu         ] GC(692) User=0.00s Sys=0.00s Real=0.00s
[312.790s][info][gc,start       ] GC(693) Pause Young (Normal) (G1 Evacuation Pause)
[312.790s][info][gc,task        ] GC(693) Using 6 workers of 33 for evacuation
[312.792s][info][gc,phases      ] GC(693)   Pre Evacuate Collection Set: 0.1ms
[312.792s][info][gc,phases      ] GC(693)   Merge Heap Roots: 0.1ms
[312.792s][info][gc,phases      ] GC(693)   Evacuate Collection Set: 1.4ms
[312.792s][info][gc,phases      ] GC(693)   Post Evacuate Collection Set: 0.4ms
[312.793s][info][gc,phases      ] GC(693)   Other: 0.1ms
[312.793s][info][gc,heap        ] GC(693) Eden regions: 160->0(160)
[312.793s][info][gc,heap        ] GC(693) Survivor regions: 2->2(21)
[312.793s][info][gc,heap        ] GC(693) Old regions: 9->9
[312.793s][info][gc,heap        ] GC(693) Archive regions: 0->0
[312.793s][info][gc,heap        ] GC(693) Humongous regions: 0->0
[312.793s][info][gc,metaspace   ] GC(693) Metaspace: 9949K(10304K)->9949K(10304K) NonClass: 8646K(8896K)->8646K(8896K) Class: 1303K(1408K)->1303K(1408K)
[312.793s][info][gc             ] GC(693) Pause Young (Normal) (G1 Evacuation Pause) 165M->5M(270M) 2.710ms
[312.793s][info][gc,cpu         ] GC(693) User=0.00s Sys=0.00s Real=0.00s
[313.497s][info][gc,start       ] GC(694) Pause Young (Normal) (G1 Evacuation Pause)
[313.497s][info][gc,task        ] GC(694) Using 6 workers of 33 for evacuation
[313.499s][info][gc,phases      ] GC(694)   Pre Evacuate Collection Set: 0.1ms
[313.499s][info][gc,phases      ] GC(694)   Merge Heap Roots: 0.1ms
[313.499s][info][gc,phases      ] GC(694)   Evacuate Collection Set: 1.3ms
[313.499s][info][gc,phases      ] GC(694)   Post Evacuate Collection Set: 0.4ms
[313.499s][info][gc,phases      ] GC(694)   Other: 0.1ms
[313.499s][info][gc,heap        ] GC(694) Eden regions: 160->0(160)
[313.499s][info][gc,heap        ] GC(694) Survivor regions: 2->2(21)
[313.499s][info][gc,heap        ] GC(694) Old regions: 9->9
[313.499s][info][gc,heap        ] GC(694) Archive regions: 0->0
[313.499s][info][gc,heap        ] GC(694) Humongous regions: 0->0
[313.499s][info][gc,metaspace   ] GC(694) Metaspace: 9949K(10304K)->9949K(10304K) NonClass: 8646K(8896K)->8646K(8896K) Class: 1303K(1408K)->1303K(1408K)
[313.499s][info][gc             ] GC(694) Pause Young (Normal) (G1 Evacuation Pause) 165M->5M(270M) 2.581ms
[313.500s][info][gc,cpu         ] GC(694) User=0.00s Sys=0.00s Real=0.00s
[314.206s][info][gc,start       ] GC(695) Pause Young (Normal) (G1 Evacuation Pause)
[314.206s][info][gc,task        ] GC(695) Using 6 workers of 33 for evacuation
[314.208s][info][gc,phases      ] GC(695)   Pre Evacuate Collection Set: 0.1ms
[314.208s][info][gc,phases      ] GC(695)   Merge Heap Roots: 0.1ms
[314.208s][info][gc,phases      ] GC(695)   Evacuate Collection Set: 1.2ms
[314.208s][info][gc,phases      ] GC(695)   Post Evacuate Collection Set: 0.3ms
[314.208s][info][gc,phases      ] GC(695)   Other: 0.1ms
[314.208s][info][gc,heap        ] GC(695) Eden regions: 160->0(160)
[314.208s][info][gc,heap        ] GC(695) Survivor regions: 2->2(21)
[314.208s][info][gc,heap        ] GC(695) Old regions: 9->9
[314.208s][info][gc,heap        ] GC(695) Archive regions: 0->0
[314.208s][info][gc,heap        ] GC(695) Humongous regions: 0->0
[314.208s][info][gc,metaspace   ] GC(695) Metaspace: 9949K(10304K)->9949K(10304K) NonClass: 8646K(8896K)->8646K(8896K) Class: 1303K(1408K)->1303K(1408K)
[314.208s][info][gc             ] GC(695) Pause Young (Normal) (G1 Evacuation Pause) 165M->5M(270M) 2.401ms
[314.208s][info][gc,cpu         ] GC(695) User=0.00s Sys=0.00s Real=0.00s
[314.919s][info][gc,start       ] GC(696) Pause Young (Normal) (G1 Evacuation Pause)
[314.919s][info][gc,task        ] GC(696) Using 6 workers of 33 for evacuation
[314.921s][info][gc,phases      ] GC(696)   Pre Evacuate Collection Set: 0.1ms
[314.921s][info][gc,phases      ] GC(696)   Merge Heap Roots: 0.1ms
[314.921s][info][gc,phases      ] GC(696)   Evacuate Collection Set: 1.3ms
[314.921s][info][gc,phases      ] GC(696)   Post Evacuate Collection Set: 0.3ms
[314.921s][info][gc,phases      ] GC(696)   Other: 0.1ms
[314.922s][info][gc,heap        ] GC(696) Eden regions: 160->0(160)
[314.922s][info][gc,heap        ] GC(696) Survivor regions: 2->2(21)
[314.922s][info][gc,heap        ] GC(696) Old regions: 9->9
[314.922s][info][gc,heap        ] GC(696) Archive regions: 0->0
[314.922s][info][gc,heap        ] GC(696) Humongous regions: 0->0
[314.922s][info][gc,metaspace   ] GC(696) Metaspace: 9949K(10304K)->9949K(10304K) NonClass: 8646K(8896K)->8646K(8896K) Class: 1303K(1408K)->1303K(1408K)
[314.922s][info][gc             ] GC(696) Pause Young (Normal) (G1 Evacuation Pause) 165M->5M(270M) 2.506ms
[314.922s][info][gc,cpu         ] GC(696) User=0.00s Sys=0.00s Real=0.00s
[315.626s][info][gc,start       ] GC(697) Pause Young (Normal) (G1 Evacuation Pause)
[315.626s][info][gc,task        ] GC(697) Using 6 workers of 33 for evacuation
[315.628s][info][gc,phases      ] GC(697)   Pre Evacuate Collection Set: 0.1ms
[315.628s][info][gc,phases      ] GC(697)   Merge Heap Roots: 0.1ms
[315.628s][info][gc,phases      ] GC(697)   Evacuate Collection Set: 1.4ms
[315.628s][info][gc,phases      ] GC(697)   Post Evacuate Collection Set: 0.3ms
[315.628s][info][gc,phases      ] GC(697)   Other: 0.1ms
[315.628s][info][gc,heap        ] GC(697) Eden regions: 160->0(160)
[315.628s][info][gc,heap        ] GC(697) Survivor regions: 2->2(21)
[315.628s][info][gc,heap        ] GC(697) Old regions: 9->9
[315.628s][info][gc,heap        ] GC(697) Archive regions: 0->0
[315.629s][info][gc,heap        ] GC(697) Humongous regions: 0->0
[315.629s][info][gc,metaspace   ] GC(697) Metaspace: 9949K(10304K)->9949K(10304K) NonClass: 8646K(8896K)->8646K(8896K) Class: 1303K(1408K)->1303K(1408K)
[315.629s][info][gc             ] GC(697) Pause Young (Normal) (G1 Evacuation Pause) 165M->5M(270M) 2.636ms
[315.629s][info][gc,cpu         ] GC(697) User=0.00s Sys=0.00s Real=0.00s
[316.327s][info][gc,start       ] GC(698) Pause Young (Normal) (G1 Evacuation Pause)
[316.328s][info][gc,task        ] GC(698) Using 6 workers of 33 for evacuation
[316.330s][info][gc,phases      ] GC(698)   Pre Evacuate Collection Set: 0.1ms
[316.330s][info][gc,phases      ] GC(698)   Merge Heap Roots: 0.1ms
[316.330s][info][gc,phases      ] GC(698)   Evacuate Collection Set: 1.3ms
[316.330s][info][gc,phases      ] GC(698)   Post Evacuate Collection Set: 0.4ms
[316.330s][info][gc,phases      ] GC(698)   Other: 0.1ms
[316.330s][info][gc,heap        ] GC(698) Eden regions: 160->0(160)
[316.330s][info][gc,heap        ] GC(698) Survivor regions: 2->2(21)
[316.330s][info][gc,heap        ] GC(698) Old regions: 9->9
[316.330s][info][gc,heap        ] GC(698) Archive regions: 0->0
[316.330s][info][gc,heap        ] GC(698) Humongous regions: 0->0
[316.330s][info][gc,metaspace   ] GC(698) Metaspace: 9949K(10304K)->9949K(10304K) NonClass: 8646K(8896K)->8646K(8896K) Class: 1303K(1408K)->1303K(1408K)
[316.330s][info][gc             ] GC(698) Pause Young (Normal) (G1 Evacuation Pause) 165M->5M(270M) 2.505ms
[316.330s][info][gc,cpu         ] GC(698) User=0.00s Sys=0.00s Real=0.00s
[317.031s][info][gc,start       ] GC(699) Pause Young (Normal) (G1 Evacuation Pause)
[317.032s][info][gc,task        ] GC(699) Using 6 workers of 33 for evacuation
[317.034s][info][gc,phases      ] GC(699)   Pre Evacuate Collection Set: 0.1ms
[317.034s][info][gc,phases      ] GC(699)   Merge Heap Roots: 0.1ms
[317.034s][info][gc,phases      ] GC(699)   Evacuate Collection Set: 1.3ms
[317.034s][info][gc,phases      ] GC(699)   Post Evacuate Collection Set: 0.3ms
[317.034s][info][gc,phases      ] GC(699)   Other: 0.1ms
[317.034s][info][gc,heap        ] GC(699) Eden regions: 160->0(160)
[317.034s][info][gc,heap        ] GC(699) Survivor regions: 2->2(21)
[317.034s][info][gc,heap        ] GC(699) Old regions: 9->9
[317.034s][info][gc,heap        ] GC(699) Archive regions: 0->0
[317.034s][info][gc,heap        ] GC(699) Humongous regions: 0->0
[317.034s][info][gc,metaspace   ] GC(699) Metaspace: 9949K(10304K)->9949K(10304K) NonClass: 8646K(8896K)->8646K(8896K) Class: 1303K(1408K)->1303K(1408K)
[317.034s][info][gc             ] GC(699) Pause Young (Normal) (G1 Evacuation Pause) 165M->5M(270M) 2.576ms
[317.034s][info][gc,cpu         ] GC(699) User=0.09s Sys=0.00s Real=0.01s
[317.353s][info][gc,start       ] GC(700) Pause Full (System.gc())
[317.353s][info][gc,task        ] GC(700) Using 6 workers of 33 for full compaction
[317.354s][info][gc,phases,start] GC(700) Phase 1: Mark live objects
[317.359s][info][gc,phases      ] GC(700) Phase 1: Mark live objects 5.208ms
[317.359s][info][gc,phases,start] GC(700) Phase 2: Prepare compaction
[317.360s][info][gc,phases      ] GC(700) Phase 2: Prepare compaction 1.151ms
[317.360s][info][gc,phases,start] GC(700) Phase 3: Adjust pointers
[317.364s][info][gc,phases      ] GC(700) Phase 3: Adjust pointers 3.949ms
[317.364s][info][gc,phases,start] GC(700) Phase 4: Compact heap
[317.365s][info][gc,phases      ] GC(700) Phase 4: Compact heap 0.576ms
[317.369s][info][gc,heap        ] GC(700) Eden regions: 75->0(16)
[317.370s][info][gc,heap        ] GC(700) Survivor regions: 2->0(21)
[317.370s][info][gc,heap        ] GC(700) Old regions: 9->8
[317.370s][info][gc,heap        ] GC(700) Archive regions: 0->0
[317.370s][info][gc,heap        ] GC(700) Humongous regions: 0->0
[317.370s][info][gc,metaspace   ] GC(700) Metaspace: 9949K(10304K)->9949K(10304K) NonClass: 8646K(8896K)->8646K(8896K) Class: 1303K(1408K)->1303K(1408K)
[317.370s][info][gc             ] GC(700) Pause Full (System.gc()) 80M->3M(27M) 16.521ms
[317.370s][info][gc,cpu         ] GC(700) User=0.09s Sys=0.00s Real=0.02s
[317.442s][info][gc,start       ] GC(701) Pause Young (Normal) (G1 Evacuation Pause)
[317.442s][info][gc,task        ] GC(701) Using 4 workers of 33 for evacuation
[317.445s][info][gc,phases      ] GC(701)   Pre Evacuate Collection Set: 0.1ms
[317.445s][info][gc,phases      ] GC(701)   Merge Heap Roots: 0.1ms
[317.445s][info][gc,phases      ] GC(701)   Evacuate Collection Set: 1.8ms
[317.445s][info][gc,phases      ] GC(701)   Post Evacuate Collection Set: 0.2ms
[317.445s][info][gc,phases      ] GC(701)   Other: 0.1ms
[317.445s][info][gc,heap        ] GC(701) Eden regions: 16->0(13)
[317.445s][info][gc,heap        ] GC(701) Survivor regions: 0->2(2)
[317.445s][info][gc,heap        ] GC(701) Old regions: 8->8
[317.445s][info][gc,heap        ] GC(701) Archive regions: 0->0
[317.445s][info][gc,heap        ] GC(701) Humongous regions: 0->0
[317.445s][info][gc,metaspace   ] GC(701) Metaspace: 9949K(10304K)->9949K(10304K) NonClass: 8646K(8896K)->8646K(8896K) Class: 1303K(1408K)->1303K(1408K)
[317.445s][info][gc             ] GC(701) Pause Young (Normal) (G1 Evacuation Pause) 19M->5M(27M) 2.820ms
[317.445s][info][gc,cpu         ] GC(701) User=0.00s Sys=0.00s Real=0.00s
[317.515s][info][gc,start       ] GC(702) Pause Young (Normal) (G1 Evacuation Pause)
[317.515s][info][gc,task        ] GC(702) Using 3 workers of 33 for evacuation
[317.518s][info][gc,phases      ] GC(702)   Pre Evacuate Collection Set: 0.1ms
[317.518s][info][gc,phases      ] GC(702)   Merge Heap Roots: 0.1ms
[317.518s][info][gc,phases      ] GC(702)   Evacuate Collection Set: 2.3ms
[317.518s][info][gc,phases      ] GC(702)   Post Evacuate Collection Set: 0.2ms
[317.518s][info][gc,phases      ] GC(702)   Other: 0.1ms
[317.518s][info][gc,heap        ] GC(702) Eden regions: 13->0(14)
[317.518s][info][gc,heap        ] GC(702) Survivor regions: 2->1(2)
[317.518s][info][gc,heap        ] GC(702) Old regions: 8->9
[317.518s][info][gc,heap        ] GC(702) Archive regions: 0->0
[317.518s][info][gc,heap        ] GC(702) Humongous regions: 0->0
[317.518s][info][gc,metaspace   ] GC(702) Metaspace: 9949K(10304K)->9949K(10304K) NonClass: 8646K(8896K)->8646K(8896K) Class: 1303K(1408K)->1303K(1408K)
[317.518s][info][gc             ] GC(702) Pause Young (Normal) (G1 Evacuation Pause) 18M->5M(27M) 3.210ms
[317.518s][info][gc,cpu         ] GC(702) User=0.00s Sys=0.00s Real=0.00s
[317.577s][info][gc,start       ] GC(703) Pause Young (Normal) (G1 Evacuation Pause)
[317.577s][info][gc,task        ] GC(703) Using 2 workers of 33 for evacuation
[317.581s][info][gc,phases      ] GC(703)   Pre Evacuate Collection Set: 0.1ms
[317.581s][info][gc,phases      ] GC(703)   Merge Heap Roots: 0.0ms
[317.581s][info][gc,phases      ] GC(703)   Evacuate Collection Set: 3.1ms
[317.581s][info][gc,phases      ] GC(703)   Post Evacuate Collection Set: 0.2ms
[317.581s][info][gc,phases      ] GC(703)   Other: 0.1ms
[317.581s][info][gc,heap        ] GC(703) Eden regions: 14->0(12)
[317.581s][info][gc,heap        ] GC(703) Survivor regions: 1->2(2)
[317.581s][info][gc,heap        ] GC(703) Old regions: 9->9
[317.581s][info][gc,heap        ] GC(703) Archive regions: 0->0
[317.581s][info][gc,heap        ] GC(703) Humongous regions: 0->0
[317.581s][info][gc,metaspace   ] GC(703) Metaspace: 9949K(10304K)->9949K(10304K) NonClass: 8646K(8896K)->8646K(8896K) Class: 1303K(1408K)->1303K(1408K)
[317.581s][info][gc             ] GC(703) Pause Young (Normal) (G1 Evacuation Pause) 19M->5M(27M) 4.014ms
[317.581s][info][gc,cpu         ] GC(703) User=0.00s Sys=0.00s Real=0.00s
[317.633s][info][gc,start       ] GC(704) Pause Young (Normal) (G1 Evacuation Pause)
[317.633s][info][gc,task        ] GC(704) Using 2 workers of 33 for evacuation
[317.636s][info][gc,phases      ] GC(704)   Pre Evacuate Collection Set: 0.1ms
[317.636s][info][gc,phases      ] GC(704)   Merge Heap Roots: 0.1ms
[317.636s][info][gc,phases      ] GC(704)   Evacuate Collection Set: 2.8ms
[317.636s][info][gc,phases      ] GC(704)   Post Evacuate Collection Set: 0.2ms
[317.636s][info][gc,phases      ] GC(704)   Other: 0.1ms
[317.636s][info][gc,heap        ] GC(704) Eden regions: 12->0(14)
[317.636s][info][gc,heap        ] GC(704) Survivor regions: 2->1(2)
[317.636s][info][gc,heap        ] GC(704) Old regions: 9->9
[317.636s][info][gc,heap        ] GC(704) Archive regions: 0->0
[317.636s][info][gc,heap        ] GC(704) Humongous regions: 0->0
[317.636s][info][gc,metaspace   ] GC(704) Metaspace: 9949K(10304K)->9949K(10304K) NonClass: 8646K(8896K)->8646K(8896K) Class: 1303K(1408K)->1303K(1408K)
[317.636s][info][gc             ] GC(704) Pause Young (Normal) (G1 Evacuation Pause) 17M->5M(27M) 3.772ms
[317.636s][info][gc,cpu         ] GC(704) User=0.03s Sys=0.00s Real=0.02s
[317.696s][info][gc,start       ] GC(705) Pause Young (Normal) (G1 Evacuation Pause)
[317.696s][info][gc,task        ] GC(705) Using 2 workers of 33 for evacuation
[317.699s][info][gc,phases      ] GC(705)   Pre Evacuate Collection Set: 0.1ms
[317.699s][info][gc,phases      ] GC(705)   Merge Heap Roots: 0.1ms
[317.699s][info][gc,phases      ] GC(705)   Evacuate Collection Set: 2.1ms
[317.699s][info][gc,phases      ] GC(705)   Post Evacuate Collection Set: 0.2ms
[317.699s][info][gc,phases      ] GC(705)   Other: 0.1ms
[317.699s][info][gc,heap        ] GC(705) Eden regions: 14->0(14)
[317.699s][info][gc,heap        ] GC(705) Survivor regions: 1->1(2)
[317.699s][info][gc,heap        ] GC(705) Old regions: 9->9
[317.699s][info][gc,heap        ] GC(705) Archive regions: 0->0
[317.699s][info][gc,heap        ] GC(705) Humongous regions: 0->0
[317.699s][info][gc,metaspace   ] GC(705) Metaspace: 9949K(10304K)->9949K(10304K) NonClass: 8646K(8896K)->8646K(8896K) Class: 1303K(1408K)->1303K(1408K)
[317.699s][info][gc             ] GC(705) Pause Young (Normal) (G1 Evacuation Pause) 19M->5M(27M) 3.027ms
[317.699s][info][gc,cpu         ] GC(705) User=0.00s Sys=0.00s Real=0.00s
[317.761s][info][gc,start       ] GC(706) Pause Young (Normal) (G1 Evacuation Pause)
[317.762s][info][gc,task        ] GC(706) Using 2 workers of 33 for evacuation
[317.768s][info][gc,phases      ] GC(706)   Pre Evacuate Collection Set: 0.1ms
[317.768s][info][gc,phases      ] GC(706)   Merge Heap Roots: 0.0ms
[317.768s][info][gc,phases      ] GC(706)   Evacuate Collection Set: 1.9ms
[317.768s][info][gc,phases      ] GC(706)   Post Evacuate Collection Set: 3.8ms
[317.768s][info][gc,phases      ] GC(706)   Other: 0.1ms
[317.768s][info][gc,heap        ] GC(706) Eden regions: 14->0(161)
[317.768s][info][gc,heap        ] GC(706) Survivor regions: 1->1(2)
[317.768s][info][gc,heap        ] GC(706) Old regions: 9->9
[317.768s][info][gc,heap        ] GC(706) Archive regions: 0->0
[317.768s][info][gc,heap        ] GC(706) Humongous regions: 0->0
[317.768s][info][gc,metaspace   ] GC(706) Metaspace: 9949K(10304K)->9949K(10304K) NonClass: 8646K(8896K)->8646K(8896K) Class: 1303K(1408K)->1303K(1408K)
[317.768s][info][gc             ] GC(706) Pause Young (Normal) (G1 Evacuation Pause) 19M->5M(270M) 6.462ms
[317.768s][info][gc,cpu         ] GC(706) User=0.00s Sys=0.00s Real=0.00s
[318.527s][info][gc,start       ] GC(707) Pause Young (Normal) (G1 Evacuation Pause)
[318.527s][info][gc,task        ] GC(707) Using 6 workers of 33 for evacuation
[318.529s][info][gc,phases      ] GC(707)   Pre Evacuate Collection Set: 0.1ms
[318.529s][info][gc,phases      ] GC(707)   Merge Heap Roots: 0.1ms
[318.529s][info][gc,phases      ] GC(707)   Evacuate Collection Set: 1.5ms
[318.529s][info][gc,phases      ] GC(707)   Post Evacuate Collection Set: 0.3ms
[318.529s][info][gc,phases      ] GC(707)   Other: 0.1ms
[318.530s][info][gc,heap        ] GC(707) Eden regions: 161->0(160)
[318.530s][info][gc,heap        ] GC(707) Survivor regions: 1->2(21)
[318.530s][info][gc,heap        ] GC(707) Old regions: 9->9
[318.530s][info][gc,heap        ] GC(707) Archive regions: 0->0
[318.530s][info][gc,heap        ] GC(707) Humongous regions: 0->0
[318.530s][info][gc,metaspace   ] GC(707) Metaspace: 9949K(10304K)->9949K(10304K) NonClass: 8646K(8896K)->8646K(8896K) Class: 1303K(1408K)->1303K(1408K)
[318.530s][info][gc             ] GC(707) Pause Young (Normal) (G1 Evacuation Pause) 166M->6M(270M) 2.838ms
[318.530s][info][gc,cpu         ] GC(707) User=0.00s Sys=0.00s Real=0.00s
[319.227s][info][gc,start       ] GC(708) Pause Young (Normal) (G1 Evacuation Pause)
[319.227s][info][gc,task        ] GC(708) Using 6 workers of 33 for evacuation
[319.229s][info][gc,phases      ] GC(708)   Pre Evacuate Collection Set: 0.1ms
[319.229s][info][gc,phases      ] GC(708)   Merge Heap Roots: 0.1ms
[319.229s][info][gc,phases      ] GC(708)   Evacuate Collection Set: 1.5ms
[319.229s][info][gc,phases      ] GC(708)   Post Evacuate Collection Set: 0.4ms
[319.229s][info][gc,phases      ] GC(708)   Other: 0.1ms
[319.229s][info][gc,heap        ] GC(708) Eden regions: 160->0(160)
[319.229s][info][gc,heap        ] GC(708) Survivor regions: 2->2(21)
[319.229s][info][gc,heap        ] GC(708) Old regions: 9->9
[319.229s][info][gc,heap        ] GC(708) Archive regions: 0->0
[319.229s][info][gc,heap        ] GC(708) Humongous regions: 0->0
[319.229s][info][gc,metaspace   ] GC(708) Metaspace: 9949K(10304K)->9949K(10304K) NonClass: 8646K(8896K)->8646K(8896K) Class: 1303K(1408K)->1303K(1408K)
[319.230s][info][gc             ] GC(708) Pause Young (Normal) (G1 Evacuation Pause) 166M->6M(270M) 2.683ms
[319.230s][info][gc,cpu         ] GC(708) User=0.00s Sys=0.00s Real=0.00s
[319.931s][info][gc,start       ] GC(709) Pause Young (Normal) (G1 Evacuation Pause)
[319.931s][info][gc,task        ] GC(709) Using 6 workers of 33 for evacuation
[319.933s][info][gc,phases      ] GC(709)   Pre Evacuate Collection Set: 0.1ms
[319.933s][info][gc,phases      ] GC(709)   Merge Heap Roots: 0.1ms
[319.933s][info][gc,phases      ] GC(709)   Evacuate Collection Set: 1.4ms
[319.933s][info][gc,phases      ] GC(709)   Post Evacuate Collection Set: 0.3ms
[319.933s][info][gc,phases      ] GC(709)   Other: 0.1ms
[319.933s][info][gc,heap        ] GC(709) Eden regions: 160->0(160)
[319.933s][info][gc,heap        ] GC(709) Survivor regions: 2->2(21)
[319.933s][info][gc,heap        ] GC(709) Old regions: 9->9
[319.933s][info][gc,heap        ] GC(709) Archive regions: 0->0
[319.933s][info][gc,heap        ] GC(709) Humongous regions: 0->0
[319.933s][info][gc,metaspace   ] GC(709) Metaspace: 9949K(10304K)->9949K(10304K) NonClass: 8646K(8896K)->8646K(8896K) Class: 1303K(1408K)->1303K(1408K)
[319.933s][info][gc             ] GC(709) Pause Young (Normal) (G1 Evacuation Pause) 166M->6M(270M) 2.647ms
[319.933s][info][gc,cpu         ] GC(709) User=0.00s Sys=0.00s Real=0.00s
[320.632s][info][gc,start       ] GC(710) Pause Young (Normal) (G1 Evacuation Pause)
[320.632s][info][gc,task        ] GC(710) Using 6 workers of 33 for evacuation
[320.634s][info][gc,phases      ] GC(710)   Pre Evacuate Collection Set: 0.1ms
[320.634s][info][gc,phases      ] GC(710)   Merge Heap Roots: 0.1ms
[320.634s][info][gc,phases      ] GC(710)   Evacuate Collection Set: 1.4ms
[320.634s][info][gc,phases      ] GC(710)   Post Evacuate Collection Set: 0.3ms
[320.634s][info][gc,phases      ] GC(710)   Other: 0.1ms
[320.635s][info][gc,heap        ] GC(710) Eden regions: 160->0(160)
[320.635s][info][gc,heap        ] GC(710) Survivor regions: 2->2(21)
[320.635s][info][gc,heap        ] GC(710) Old regions: 9->9
[320.635s][info][gc,heap        ] GC(710) Archive regions: 0->0
[320.635s][info][gc,heap        ] GC(710) Humongous regions: 0->0
[320.635s][info][gc,metaspace   ] GC(710) Metaspace: 9949K(10304K)->9949K(10304K) NonClass: 8646K(8896K)->8646K(8896K) Class: 1303K(1408K)->1303K(1408K)
[320.635s][info][gc             ] GC(710) Pause Young (Normal) (G1 Evacuation Pause) 166M->6M(270M) 2.593ms
[320.635s][info][gc,cpu         ] GC(710) User=0.00s Sys=0.00s Real=0.00s
[321.322s][info][gc,start       ] GC(711) Pause Young (Normal) (G1 Evacuation Pause)
[321.323s][info][gc,task        ] GC(711) Using 6 workers of 33 for evacuation
[321.325s][info][gc,phases      ] GC(711)   Pre Evacuate Collection Set: 0.1ms
[321.325s][info][gc,phases      ] GC(711)   Merge Heap Roots: 0.1ms
[321.325s][info][gc,phases      ] GC(711)   Evacuate Collection Set: 1.3ms
[321.325s][info][gc,phases      ] GC(711)   Post Evacuate Collection Set: 0.3ms
[321.325s][info][gc,phases      ] GC(711)   Other: 0.2ms
[321.325s][info][gc,heap        ] GC(711) Eden regions: 160->0(160)
[321.325s][info][gc,heap        ] GC(711) Survivor regions: 2->2(21)
[321.325s][info][gc,heap        ] GC(711) Old regions: 9->9
[321.325s][info][gc,heap        ] GC(711) Archive regions: 0->0
[321.325s][info][gc,heap        ] GC(711) Humongous regions: 0->0
[321.325s][info][gc,metaspace   ] GC(711) Metaspace: 9949K(10304K)->9949K(10304K) NonClass: 8646K(8896K)->8646K(8896K) Class: 1303K(1408K)->1303K(1408K)
[321.325s][info][gc             ] GC(711) Pause Young (Normal) (G1 Evacuation Pause) 166M->6M(270M) 2.593ms
[321.325s][info][gc,cpu         ] GC(711) User=0.00s Sys=0.00s Real=0.00s
[322.031s][info][gc,start       ] GC(712) Pause Young (Normal) (G1 Evacuation Pause)
[322.031s][info][gc,task        ] GC(712) Using 6 workers of 33 for evacuation
[322.033s][info][gc,phases      ] GC(712)   Pre Evacuate Collection Set: 0.1ms
[322.033s][info][gc,phases      ] GC(712)   Merge Heap Roots: 0.1ms
[322.033s][info][gc,phases      ] GC(712)   Evacuate Collection Set: 1.3ms
[322.033s][info][gc,phases      ] GC(712)   Post Evacuate Collection Set: 0.4ms
[322.033s][info][gc,phases      ] GC(712)   Other: 0.1ms
[322.033s][info][gc,heap        ] GC(712) Eden regions: 160->0(160)
[322.033s][info][gc,heap        ] GC(712) Survivor regions: 2->2(21)
[322.033s][info][gc,heap        ] GC(712) Old regions: 9->9
[322.033s][info][gc,heap        ] GC(712) Archive regions: 0->0
[322.033s][info][gc,heap        ] GC(712) Humongous regions: 0->0
[322.033s][info][gc,metaspace   ] GC(712) Metaspace: 9949K(10304K)->9949K(10304K) NonClass: 8646K(8896K)->8646K(8896K) Class: 1303K(1408K)->1303K(1408K)
[322.033s][info][gc             ] GC(712) Pause Young (Normal) (G1 Evacuation Pause) 166M->6M(270M) 2.570ms
[322.033s][info][gc,cpu         ] GC(712) User=0.00s Sys=0.00s Real=0.00s
[322.743s][info][gc,start       ] GC(713) Pause Young (Normal) (G1 Evacuation Pause)
[322.743s][info][gc,task        ] GC(713) Using 6 workers of 33 for evacuation
[322.745s][info][gc,phases      ] GC(713)   Pre Evacuate Collection Set: 0.1ms
[322.745s][info][gc,phases      ] GC(713)   Merge Heap Roots: 0.1ms
[322.745s][info][gc,phases      ] GC(713)   Evacuate Collection Set: 1.4ms
[322.745s][info][gc,phases      ] GC(713)   Post Evacuate Collection Set: 0.3ms
[322.746s][info][gc,phases      ] GC(713)   Other: 0.1ms
[322.746s][info][gc,heap        ] GC(713) Eden regions: 160->0(160)
[322.746s][info][gc,heap        ] GC(713) Survivor regions: 2->2(21)
[322.746s][info][gc,heap        ] GC(713) Old regions: 9->9
[322.746s][info][gc,heap        ] GC(713) Archive regions: 0->0
[322.746s][info][gc,heap        ] GC(713) Humongous regions: 0->0
[322.746s][info][gc,metaspace   ] GC(713) Metaspace: 9949K(10304K)->9949K(10304K) NonClass: 8646K(8896K)->8646K(8896K) Class: 1303K(1408K)->1303K(1408K)
[322.746s][info][gc             ] GC(713) Pause Young (Normal) (G1 Evacuation Pause) 166M->6M(270M) 2.641ms
[322.746s][info][gc,cpu         ] GC(713) User=0.00s Sys=0.00s Real=0.00s
[323.451s][info][gc,start       ] GC(714) Pause Young (Normal) (G1 Evacuation Pause)
[323.451s][info][gc,task        ] GC(714) Using 6 workers of 33 for evacuation
[323.453s][info][gc,phases      ] GC(714)   Pre Evacuate Collection Set: 0.1ms
[323.453s][info][gc,phases      ] GC(714)   Merge Heap Roots: 0.1ms
[323.454s][info][gc,phases      ] GC(714)   Evacuate Collection Set: 1.3ms
[323.454s][info][gc,phases      ] GC(714)   Post Evacuate Collection Set: 0.4ms
[323.454s][info][gc,phases      ] GC(714)   Other: 0.1ms
[323.454s][info][gc,heap        ] GC(714) Eden regions: 160->0(160)
[323.454s][info][gc,heap        ] GC(714) Survivor regions: 2->2(21)
[323.454s][info][gc,heap        ] GC(714) Old regions: 9->9
[323.454s][info][gc,heap        ] GC(714) Archive regions: 0->0
[323.454s][info][gc,heap        ] GC(714) Humongous regions: 0->0
[323.454s][info][gc,metaspace   ] GC(714) Metaspace: 9949K(10304K)->9949K(10304K) NonClass: 8646K(8896K)->8646K(8896K) Class: 1303K(1408K)->1303K(1408K)
[323.454s][info][gc             ] GC(714) Pause Young (Normal) (G1 Evacuation Pause) 166M->6M(270M) 2.561ms
[323.454s][info][gc,cpu         ] GC(714) User=0.00s Sys=0.00s Real=0.00s
[324.159s][info][gc,start       ] GC(715) Pause Young (Normal) (G1 Evacuation Pause)
[324.159s][info][gc,task        ] GC(715) Using 6 workers of 33 for evacuation
[324.161s][info][gc,phases      ] GC(715)   Pre Evacuate Collection Set: 0.1ms
[324.161s][info][gc,phases      ] GC(715)   Merge Heap Roots: 0.1ms
[324.161s][info][gc,phases      ] GC(715)   Evacuate Collection Set: 1.3ms
[324.161s][info][gc,phases      ] GC(715)   Post Evacuate Collection Set: 0.3ms
[324.162s][info][gc,phases      ] GC(715)   Other: 0.1ms
[324.162s][info][gc,heap        ] GC(715) Eden regions: 160->0(160)
[324.162s][info][gc,heap        ] GC(715) Survivor regions: 2->2(21)
[324.162s][info][gc,heap        ] GC(715) Old regions: 9->9
[324.162s][info][gc,heap        ] GC(715) Archive regions: 0->0
[324.162s][info][gc,heap        ] GC(715) Humongous regions: 0->0
[324.162s][info][gc,metaspace   ] GC(715) Metaspace: 9949K(10304K)->9949K(10304K) NonClass: 8646K(8896K)->8646K(8896K) Class: 1303K(1408K)->1303K(1408K)
[324.162s][info][gc             ] GC(715) Pause Young (Normal) (G1 Evacuation Pause) 166M->6M(270M) 2.515ms
[324.162s][info][gc,cpu         ] GC(715) User=0.00s Sys=0.00s Real=0.00s
[324.532s][info][gc,start       ] GC(716) Pause Full (System.gc())
[324.532s][info][gc,task        ] GC(716) Using 6 workers of 33 for full compaction
[324.532s][info][gc,phases,start] GC(716) Phase 1: Mark live objects
[324.538s][info][gc,phases      ] GC(716) Phase 1: Mark live objects 5.834ms
[324.538s][info][gc,phases,start] GC(716) Phase 2: Prepare compaction
[324.539s][info][gc,phases      ] GC(716) Phase 2: Prepare compaction 1.169ms
[324.539s][info][gc,phases,start] GC(716) Phase 3: Adjust pointers
[324.543s][info][gc,phases      ] GC(716) Phase 3: Adjust pointers 3.923ms
[324.543s][info][gc,phases,start] GC(716) Phase 4: Compact heap
[324.544s][info][gc,phases      ] GC(716) Phase 4: Compact heap 0.636ms
[324.549s][info][gc,heap        ] GC(716) Eden regions: 80->0(16)
[324.549s][info][gc,heap        ] GC(716) Survivor regions: 2->0(21)
[324.549s][info][gc,heap        ] GC(716) Old regions: 9->8
[324.549s][info][gc,heap        ] GC(716) Archive regions: 0->0
[324.549s][info][gc,heap        ] GC(716) Humongous regions: 0->0
[324.549s][info][gc,metaspace   ] GC(716) Metaspace: 9949K(10304K)->9949K(10304K) NonClass: 8646K(8896K)->8646K(8896K) Class: 1303K(1408K)->1303K(1408K)
[324.549s][info][gc             ] GC(716) Pause Full (System.gc()) 86M->3M(27M) 17.613ms
[324.549s][info][gc,cpu         ] GC(716) User=0.00s Sys=0.02s Real=0.01s
[324.613s][info][gc,start       ] GC(717) Pause Young (Normal) (G1 Evacuation Pause)
[324.613s][info][gc,task        ] GC(717) Using 4 workers of 33 for evacuation
[324.616s][info][gc,phases      ] GC(717)   Pre Evacuate Collection Set: 0.1ms
[324.616s][info][gc,phases      ] GC(717)   Merge Heap Roots: 0.1ms
[324.616s][info][gc,phases      ] GC(717)   Evacuate Collection Set: 1.8ms
[324.616s][info][gc,phases      ] GC(717)   Post Evacuate Collection Set: 0.2ms
[324.616s][info][gc,phases      ] GC(717)   Other: 0.1ms
[324.616s][info][gc,heap        ] GC(717) Eden regions: 16->0(13)
[324.616s][info][gc,heap        ] GC(717) Survivor regions: 0->2(2)
[324.616s][info][gc,heap        ] GC(717) Old regions: 8->8
[324.616s][info][gc,heap        ] GC(717) Archive regions: 0->0
[324.616s][info][gc,heap        ] GC(717) Humongous regions: 0->0
[324.616s][info][gc,metaspace   ] GC(717) Metaspace: 9949K(10304K)->9949K(10304K) NonClass: 8646K(8896K)->8646K(8896K) Class: 1303K(1408K)->1303K(1408K)
[324.616s][info][gc             ] GC(717) Pause Young (Normal) (G1 Evacuation Pause) 19M->5M(27M) 2.826ms
[324.616s][info][gc,cpu         ] GC(717) User=0.00s Sys=0.00s Real=0.00s
[324.677s][info][gc,start       ] GC(718) Pause Young (Normal) (G1 Evacuation Pause)
[324.677s][info][gc,task        ] GC(718) Using 3 workers of 33 for evacuation
[324.680s][info][gc,phases      ] GC(718)   Pre Evacuate Collection Set: 0.1ms
[324.680s][info][gc,phases      ] GC(718)   Merge Heap Roots: 0.1ms
[324.680s][info][gc,phases      ] GC(718)   Evacuate Collection Set: 2.2ms
[324.680s][info][gc,phases      ] GC(718)   Post Evacuate Collection Set: 0.2ms
[324.680s][info][gc,phases      ] GC(718)   Other: 0.1ms
[324.680s][info][gc,heap        ] GC(718) Eden regions: 13->0(14)
[324.680s][info][gc,heap        ] GC(718) Survivor regions: 2->1(2)
[324.680s][info][gc,heap        ] GC(718) Old regions: 8->9
[324.680s][info][gc,heap        ] GC(718) Archive regions: 0->0
[324.680s][info][gc,heap        ] GC(718) Humongous regions: 0->0
[324.680s][info][gc,metaspace   ] GC(718) Metaspace: 9949K(10304K)->9949K(10304K) NonClass: 8646K(8896K)->8646K(8896K) Class: 1303K(1408K)->1303K(1408K)
[324.680s][info][gc             ] GC(718) Pause Young (Normal) (G1 Evacuation Pause) 18M->5M(27M) 3.096ms
[324.680s][info][gc,cpu         ] GC(718) User=0.00s Sys=0.00s Real=0.00s
[324.738s][info][gc,start       ] GC(719) Pause Young (Normal) (G1 Evacuation Pause)
[324.738s][info][gc,task        ] GC(719) Using 2 workers of 33 for evacuation
[324.741s][info][gc,phases      ] GC(719)   Pre Evacuate Collection Set: 0.1ms
[324.741s][info][gc,phases      ] GC(719)   Merge Heap Roots: 0.1ms
[324.741s][info][gc,phases      ] GC(719)   Evacuate Collection Set: 2.2ms
[324.741s][info][gc,phases      ] GC(719)   Post Evacuate Collection Set: 0.2ms
[324.741s][info][gc,phases      ] GC(719)   Other: 0.1ms
[324.741s][info][gc,heap        ] GC(719) Eden regions: 14->0(14)
[324.741s][info][gc,heap        ] GC(719) Survivor regions: 1->1(2)
[324.741s][info][gc,heap        ] GC(719) Old regions: 9->9
[324.741s][info][gc,heap        ] GC(719) Archive regions: 0->0
[324.741s][info][gc,heap        ] GC(719) Humongous regions: 0->0
[324.741s][info][gc,metaspace   ] GC(719) Metaspace: 9949K(10304K)->9949K(10304K) NonClass: 8646K(8896K)->8646K(8896K) Class: 1303K(1408K)->1303K(1408K)
[324.741s][info][gc             ] GC(719) Pause Young (Normal) (G1 Evacuation Pause) 19M->5M(27M) 3.135ms
[324.741s][info][gc,cpu         ] GC(719) User=0.00s Sys=0.00s Real=0.00s
[324.797s][info][gc,start       ] GC(720) Pause Young (Normal) (G1 Evacuation Pause)
[324.797s][info][gc,task        ] GC(720) Using 2 workers of 33 for evacuation
[324.799s][info][gc,phases      ] GC(720)   Pre Evacuate Collection Set: 0.1ms
[324.799s][info][gc,phases      ] GC(720)   Merge Heap Roots: 0.0ms
[324.799s][info][gc,phases      ] GC(720)   Evacuate Collection Set: 1.9ms
[324.799s][info][gc,phases      ] GC(720)   Post Evacuate Collection Set: 0.2ms
[324.799s][info][gc,phases      ] GC(720)   Other: 0.1ms
[324.799s][info][gc,heap        ] GC(720) Eden regions: 14->0(14)
[324.799s][info][gc,heap        ] GC(720) Survivor regions: 1->1(2)
[324.799s][info][gc,heap        ] GC(720) Old regions: 9->9
[324.799s][info][gc,heap        ] GC(720) Archive regions: 0->0
[324.799s][info][gc,heap        ] GC(720) Humongous regions: 0->0
[324.799s][info][gc,metaspace   ] GC(720) Metaspace: 9949K(10304K)->9949K(10304K) NonClass: 8646K(8896K)->8646K(8896K) Class: 1303K(1408K)->1303K(1408K)
[324.800s][info][gc             ] GC(720) Pause Young (Normal) (G1 Evacuation Pause) 19M->5M(27M) 2.822ms
[324.800s][info][gc,cpu         ] GC(720) User=0.00s Sys=0.00s Real=0.00s
[324.862s][info][gc,start       ] GC(721) Pause Young (Normal) (G1 Evacuation Pause)
[324.862s][info][gc,task        ] GC(721) Using 2 workers of 33 for evacuation
[324.866s][info][gc,phases      ] GC(721)   Pre Evacuate Collection Set: 0.1ms
[324.866s][info][gc,phases      ] GC(721)   Merge Heap Roots: 0.1ms
[324.866s][info][gc,phases      ] GC(721)   Evacuate Collection Set: 2.8ms
[324.866s][info][gc,phases      ] GC(721)   Post Evacuate Collection Set: 0.2ms
[324.866s][info][gc,phases      ] GC(721)   Other: 0.1ms
[324.866s][info][gc,heap        ] GC(721) Eden regions: 14->0(14)
[324.866s][info][gc,heap        ] GC(721) Survivor regions: 1->1(2)
[324.866s][info][gc,heap        ] GC(721) Old regions: 9->9
[324.866s][info][gc,heap        ] GC(721) Archive regions: 0->0
[324.866s][info][gc,heap        ] GC(721) Humongous regions: 0->0
[324.866s][info][gc,metaspace   ] GC(721) Metaspace: 9949K(10304K)->9949K(10304K) NonClass: 8646K(8896K)->8646K(8896K) Class: 1303K(1408K)->1303K(1408K)
[324.866s][info][gc             ] GC(721) Pause Young (Normal) (G1 Evacuation Pause) 19M->5M(27M) 3.807ms
[324.866s][info][gc,cpu         ] GC(721) User=0.00s Sys=0.00s Real=0.00s
[324.926s][info][gc,start       ] GC(722) Pause Young (Normal) (G1 Evacuation Pause)
[324.926s][info][gc,task        ] GC(722) Using 2 workers of 33 for evacuation
[324.933s][info][gc,phases      ] GC(722)   Pre Evacuate Collection Set: 0.1ms
[324.933s][info][gc,phases      ] GC(722)   Merge Heap Roots: 0.1ms
[324.933s][info][gc,phases      ] GC(722)   Evacuate Collection Set: 2.7ms
[324.933s][info][gc,phases      ] GC(722)   Post Evacuate Collection Set: 3.8ms
[324.933s][info][gc,phases      ] GC(722)   Other: 0.1ms
[324.933s][info][gc,heap        ] GC(722) Eden regions: 14->0(161)
[324.933s][info][gc,heap        ] GC(722) Survivor regions: 1->1(2)
[324.933s][info][gc,heap        ] GC(722) Old regions: 9->9
[324.933s][info][gc,heap        ] GC(722) Archive regions: 0->0
[324.933s][info][gc,heap        ] GC(722) Humongous regions: 0->0
[324.933s][info][gc,metaspace   ] GC(722) Metaspace: 9949K(10304K)->9949K(10304K) NonClass: 8646K(8896K)->8646K(8896K) Class: 1303K(1408K)->1303K(1408K)
[324.933s][info][gc             ] GC(722) Pause Young (Normal) (G1 Evacuation Pause) 19M->5M(270M) 7.222ms
[324.933s][info][gc,cpu         ] GC(722) User=0.00s Sys=0.00s Real=0.00s
[325.690s][info][gc,start       ] GC(723) Pause Young (Normal) (G1 Evacuation Pause)
[325.691s][info][gc,task        ] GC(723) Using 6 workers of 33 for evacuation
[325.693s][info][gc,phases      ] GC(723)   Pre Evacuate Collection Set: 0.1ms
[325.693s][info][gc,phases      ] GC(723)   Merge Heap Roots: 0.1ms
[325.693s][info][gc,phases      ] GC(723)   Evacuate Collection Set: 1.6ms
[325.693s][info][gc,phases      ] GC(723)   Post Evacuate Collection Set: 0.3ms
[325.693s][info][gc,phases      ] GC(723)   Other: 0.1ms
[325.693s][info][gc,heap        ] GC(723) Eden regions: 161->0(160)
[325.693s][info][gc,heap        ] GC(723) Survivor regions: 1->2(21)
[325.693s][info][gc,heap        ] GC(723) Old regions: 9->9
[325.693s][info][gc,heap        ] GC(723) Archive regions: 0->0
[325.693s][info][gc,heap        ] GC(723) Humongous regions: 0->0
[325.693s][info][gc,metaspace   ] GC(723) Metaspace: 9949K(10304K)->9949K(10304K) NonClass: 8646K(8896K)->8646K(8896K) Class: 1303K(1408K)->1303K(1408K)
[325.693s][info][gc             ] GC(723) Pause Young (Normal) (G1 Evacuation Pause) 166M->5M(270M) 2.822ms
[325.693s][info][gc,cpu         ] GC(723) User=0.00s Sys=0.00s Real=0.00s
[326.389s][info][gc,start       ] GC(724) Pause Young (Normal) (G1 Evacuation Pause)
[326.389s][info][gc,task        ] GC(724) Using 6 workers of 33 for evacuation
[326.392s][info][gc,phases      ] GC(724)   Pre Evacuate Collection Set: 0.1ms
[326.392s][info][gc,phases      ] GC(724)   Merge Heap Roots: 0.1ms
[326.392s][info][gc,phases      ] GC(724)   Evacuate Collection Set: 1.5ms
[326.392s][info][gc,phases      ] GC(724)   Post Evacuate Collection Set: 0.4ms
[326.392s][info][gc,phases      ] GC(724)   Other: 0.1ms
[326.392s][info][gc,heap        ] GC(724) Eden regions: 160->0(160)
[326.392s][info][gc,heap        ] GC(724) Survivor regions: 2->2(21)
[326.392s][info][gc,heap        ] GC(724) Old regions: 9->9
[326.392s][info][gc,heap        ] GC(724) Archive regions: 0->0
[326.392s][info][gc,heap        ] GC(724) Humongous regions: 0->0
[326.392s][info][gc,metaspace   ] GC(724) Metaspace: 9949K(10304K)->9949K(10304K) NonClass: 8646K(8896K)->8646K(8896K) Class: 1303K(1408K)->1303K(1408K)
[326.392s][info][gc             ] GC(724) Pause Young (Normal) (G1 Evacuation Pause) 165M->6M(270M) 2.752ms
[326.392s][info][gc,cpu         ] GC(724) User=0.00s Sys=0.00s Real=0.00s
[327.094s][info][gc,start       ] GC(725) Pause Young (Normal) (G1 Evacuation Pause)
[327.095s][info][gc,task        ] GC(725) Using 6 workers of 33 for evacuation
[327.097s][info][gc,phases      ] GC(725)   Pre Evacuate Collection Set: 0.1ms
[327.097s][info][gc,phases      ] GC(725)   Merge Heap Roots: 0.1ms
[327.097s][info][gc,phases      ] GC(725)   Evacuate Collection Set: 1.3ms
[327.097s][info][gc,phases      ] GC(725)   Post Evacuate Collection Set: 0.3ms
[327.097s][info][gc,phases      ] GC(725)   Other: 0.1ms
[327.097s][info][gc,heap        ] GC(725) Eden regions: 160->0(160)
[327.097s][info][gc,heap        ] GC(725) Survivor regions: 2->2(21)
[327.097s][info][gc,heap        ] GC(725) Old regions: 9->9
[327.097s][info][gc,heap        ] GC(725) Archive regions: 0->0
[327.097s][info][gc,heap        ] GC(725) Humongous regions: 0->0
[327.097s][info][gc,metaspace   ] GC(725) Metaspace: 9949K(10304K)->9949K(10304K) NonClass: 8646K(8896K)->8646K(8896K) Class: 1303K(1408K)->1303K(1408K)
[327.097s][info][gc             ] GC(725) Pause Young (Normal) (G1 Evacuation Pause) 166M->5M(270M) 2.491ms
[327.097s][info][gc,cpu         ] GC(725) User=0.00s Sys=0.00s Real=0.00s
[327.806s][info][gc,start       ] GC(726) Pause Young (Normal) (G1 Evacuation Pause)
[327.806s][info][gc,task        ] GC(726) Using 6 workers of 33 for evacuation
[327.809s][info][gc,phases      ] GC(726)   Pre Evacuate Collection Set: 0.1ms
[327.809s][info][gc,phases      ] GC(726)   Merge Heap Roots: 0.1ms
[327.809s][info][gc,phases      ] GC(726)   Evacuate Collection Set: 1.4ms
[327.809s][info][gc,phases      ] GC(726)   Post Evacuate Collection Set: 0.4ms
[327.809s][info][gc,phases      ] GC(726)   Other: 0.1ms
[327.809s][info][gc,heap        ] GC(726) Eden regions: 160->0(160)
[327.809s][info][gc,heap        ] GC(726) Survivor regions: 2->2(21)
[327.809s][info][gc,heap        ] GC(726) Old regions: 9->9
[327.809s][info][gc,heap        ] GC(726) Archive regions: 0->0
[327.809s][info][gc,heap        ] GC(726) Humongous regions: 0->0
[327.809s][info][gc,metaspace   ] GC(726) Metaspace: 9949K(10304K)->9949K(10304K) NonClass: 8646K(8896K)->8646K(8896K) Class: 1303K(1408K)->1303K(1408K)
[327.809s][info][gc             ] GC(726) Pause Young (Normal) (G1 Evacuation Pause) 165M->6M(270M) 2.665ms
[327.809s][info][gc,cpu         ] GC(726) User=0.00s Sys=0.00s Real=0.02s
[328.512s][info][gc,start       ] GC(727) Pause Young (Normal) (G1 Evacuation Pause)
[328.512s][info][gc,task        ] GC(727) Using 6 workers of 33 for evacuation
[328.514s][info][gc,phases      ] GC(727)   Pre Evacuate Collection Set: 0.1ms
[328.514s][info][gc,phases      ] GC(727)   Merge Heap Roots: 0.1ms
[328.514s][info][gc,phases      ] GC(727)   Evacuate Collection Set: 1.3ms
[328.515s][info][gc,phases      ] GC(727)   Post Evacuate Collection Set: 0.3ms
[328.515s][info][gc,phases      ] GC(727)   Other: 0.1ms
[328.515s][info][gc,heap        ] GC(727) Eden regions: 160->0(160)
[328.515s][info][gc,heap        ] GC(727) Survivor regions: 2->2(21)
[328.515s][info][gc,heap        ] GC(727) Old regions: 9->9
[328.515s][info][gc,heap        ] GC(727) Archive regions: 0->0
[328.515s][info][gc,heap        ] GC(727) Humongous regions: 0->0
[328.515s][info][gc,metaspace   ] GC(727) Metaspace: 9949K(10304K)->9949K(10304K) NonClass: 8646K(8896K)->8646K(8896K) Class: 1303K(1408K)->1303K(1408K)
[328.515s][info][gc             ] GC(727) Pause Young (Normal) (G1 Evacuation Pause) 166M->5M(270M) 2.503ms
[328.515s][info][gc,cpu         ] GC(727) User=0.00s Sys=0.00s Real=0.00s
[329.236s][info][gc,start       ] GC(728) Pause Young (Normal) (G1 Evacuation Pause)
[329.237s][info][gc,task        ] GC(728) Using 6 workers of 33 for evacuation
[329.239s][info][gc,phases      ] GC(728)   Pre Evacuate Collection Set: 0.1ms
[329.239s][info][gc,phases      ] GC(728)   Merge Heap Roots: 0.1ms
[329.239s][info][gc,phases      ] GC(728)   Evacuate Collection Set: 1.4ms
[329.239s][info][gc,phases      ] GC(728)   Post Evacuate Collection Set: 0.3ms
[329.239s][info][gc,phases      ] GC(728)   Other: 0.1ms
[329.239s][info][gc,heap        ] GC(728) Eden regions: 160->0(160)
[329.239s][info][gc,heap        ] GC(728) Survivor regions: 2->2(21)
[329.239s][info][gc,heap        ] GC(728) Old regions: 9->9
[329.239s][info][gc,heap        ] GC(728) Archive regions: 0->0
[329.239s][info][gc,heap        ] GC(728) Humongous regions: 0->0
[329.239s][info][gc,metaspace   ] GC(728) Metaspace: 9949K(10304K)->9949K(10304K) NonClass: 8646K(8896K)->8646K(8896K) Class: 1303K(1408K)->1303K(1408K)
[329.239s][info][gc             ] GC(728) Pause Young (Normal) (G1 Evacuation Pause) 165M->6M(270M) 2.660ms
[329.239s][info][gc,cpu         ] GC(728) User=0.00s Sys=0.00s Real=0.00s
[329.943s][info][gc,start       ] GC(729) Pause Young (Normal) (G1 Evacuation Pause)
[329.943s][info][gc,task        ] GC(729) Using 6 workers of 33 for evacuation
[329.945s][info][gc,phases      ] GC(729)   Pre Evacuate Collection Set: 0.1ms
[329.945s][info][gc,phases      ] GC(729)   Merge Heap Roots: 0.1ms
[329.945s][info][gc,phases      ] GC(729)   Evacuate Collection Set: 1.4ms
[329.945s][info][gc,phases      ] GC(729)   Post Evacuate Collection Set: 0.4ms
[329.945s][info][gc,phases      ] GC(729)   Other: 0.1ms
[329.945s][info][gc,heap        ] GC(729) Eden regions: 160->0(160)
[329.945s][info][gc,heap        ] GC(729) Survivor regions: 2->2(21)
[329.945s][info][gc,heap        ] GC(729) Old regions: 9->9
[329.945s][info][gc,heap        ] GC(729) Archive regions: 0->0
[329.945s][info][gc,heap        ] GC(729) Humongous regions: 0->0
[329.945s][info][gc,metaspace   ] GC(729) Metaspace: 9949K(10304K)->9949K(10304K) NonClass: 8646K(8896K)->8646K(8896K) Class: 1303K(1408K)->1303K(1408K)
[329.945s][info][gc             ] GC(729) Pause Young (Normal) (G1 Evacuation Pause) 166M->6M(270M) 2.595ms
[329.945s][info][gc,cpu         ] GC(729) User=0.00s Sys=0.00s Real=0.00s
[330.656s][info][gc,start       ] GC(730) Pause Young (Normal) (G1 Evacuation Pause)
[330.656s][info][gc,task        ] GC(730) Using 6 workers of 33 for evacuation
[330.658s][info][gc,phases      ] GC(730)   Pre Evacuate Collection Set: 0.1ms
[330.658s][info][gc,phases      ] GC(730)   Merge Heap Roots: 0.1ms
[330.658s][info][gc,phases      ] GC(730)   Evacuate Collection Set: 1.3ms
[330.659s][info][gc,phases      ] GC(730)   Post Evacuate Collection Set: 0.4ms
[330.659s][info][gc,phases      ] GC(730)   Other: 0.1ms
[330.659s][info][gc,heap        ] GC(730) Eden regions: 160->0(160)
[330.659s][info][gc,heap        ] GC(730) Survivor regions: 2->2(21)
[330.659s][info][gc,heap        ] GC(730) Old regions: 9->9
[330.659s][info][gc,heap        ] GC(730) Archive regions: 0->0
[330.659s][info][gc,heap        ] GC(730) Humongous regions: 0->0
[330.659s][info][gc,metaspace   ] GC(730) Metaspace: 9949K(10304K)->9949K(10304K) NonClass: 8646K(8896K)->8646K(8896K) Class: 1303K(1408K)->1303K(1408K)
[330.659s][info][gc             ] GC(730) Pause Young (Normal) (G1 Evacuation Pause) 166M->5M(270M) 2.659ms
[330.659s][info][gc,cpu         ] GC(730) User=0.00s Sys=0.00s Real=0.00s
[331.353s][info][gc,start       ] GC(731) Pause Young (Normal) (G1 Evacuation Pause)
[331.353s][info][gc,task        ] GC(731) Using 6 workers of 33 for evacuation
[331.355s][info][gc,phases      ] GC(731)   Pre Evacuate Collection Set: 0.1ms
[331.356s][info][gc,phases      ] GC(731)   Merge Heap Roots: 0.1ms
[331.356s][info][gc,phases      ] GC(731)   Evacuate Collection Set: 1.3ms
[331.356s][info][gc,phases      ] GC(731)   Post Evacuate Collection Set: 0.3ms
[331.356s][info][gc,phases      ] GC(731)   Other: 0.1ms
[331.356s][info][gc,heap        ] GC(731) Eden regions: 160->0(160)
[331.356s][info][gc,heap        ] GC(731) Survivor regions: 2->2(21)
[331.356s][info][gc,heap        ] GC(731) Old regions: 9->9
[331.356s][info][gc,heap        ] GC(731) Archive regions: 0->0
[331.356s][info][gc,heap        ] GC(731) Humongous regions: 0->0
[331.356s][info][gc,metaspace   ] GC(731) Metaspace: 9949K(10304K)->9949K(10304K) NonClass: 8646K(8896K)->8646K(8896K) Class: 1303K(1408K)->1303K(1408K)
[331.356s][info][gc             ] GC(731) Pause Young (Normal) (G1 Evacuation Pause) 165M->5M(270M) 2.522ms
[331.356s][info][gc,cpu         ] GC(731) User=0.00s Sys=0.00s Real=0.00s
[331.748s][info][gc,start       ] GC(732) Pause Full (System.gc())
[331.748s][info][gc,task        ] GC(732) Using 6 workers of 33 for full compaction
[331.749s][info][gc,phases,start] GC(732) Phase 1: Mark live objects
[331.754s][info][gc,phases      ] GC(732) Phase 1: Mark live objects 5.592ms
[331.754s][info][gc,phases,start] GC(732) Phase 2: Prepare compaction
[331.756s][info][gc,phases      ] GC(732) Phase 2: Prepare compaction 1.167ms
[331.756s][info][gc,phases,start] GC(732) Phase 3: Adjust pointers
[331.760s][info][gc,phases      ] GC(732) Phase 3: Adjust pointers 3.939ms
[331.760s][info][gc,phases,start] GC(732) Phase 4: Compact heap
[331.760s][info][gc,phases      ] GC(732) Phase 4: Compact heap 0.588ms
[331.765s][info][gc,heap        ] GC(732) Eden regions: 86->0(16)
[331.765s][info][gc,heap        ] GC(732) Survivor regions: 2->0(21)
[331.765s][info][gc,heap        ] GC(732) Old regions: 9->8
[331.765s][info][gc,heap        ] GC(732) Archive regions: 0->0
[331.765s][info][gc,heap        ] GC(732) Humongous regions: 0->0
[331.765s][info][gc,metaspace   ] GC(732) Metaspace: 9949K(10304K)->9949K(10304K) NonClass: 8646K(8896K)->8646K(8896K) Class: 1303K(1408K)->1303K(1408K)
[331.765s][info][gc             ] GC(732) Pause Full (System.gc()) 91M->3M(27M) 16.757ms
[331.765s][info][gc,cpu         ] GC(732) User=0.02s Sys=0.02s Real=0.03s
[331.836s][info][gc,start       ] GC(733) Pause Young (Normal) (G1 Evacuation Pause)
[331.837s][info][gc,task        ] GC(733) Using 4 workers of 33 for evacuation
[331.839s][info][gc,phases      ] GC(733)   Pre Evacuate Collection Set: 0.1ms
[331.839s][info][gc,phases      ] GC(733)   Merge Heap Roots: 0.1ms
[331.839s][info][gc,phases      ] GC(733)   Evacuate Collection Set: 1.8ms
[331.839s][info][gc,phases      ] GC(733)   Post Evacuate Collection Set: 0.2ms
[331.839s][info][gc,phases      ] GC(733)   Other: 0.1ms
[331.839s][info][gc,heap        ] GC(733) Eden regions: 16->0(13)
[331.839s][info][gc,heap        ] GC(733) Survivor regions: 0->2(2)
[331.839s][info][gc,heap        ] GC(733) Old regions: 8->8
[331.839s][info][gc,heap        ] GC(733) Archive regions: 0->0
[331.839s][info][gc,heap        ] GC(733) Humongous regions: 0->0
[331.839s][info][gc,metaspace   ] GC(733) Metaspace: 9949K(10304K)->9949K(10304K) NonClass: 8646K(8896K)->8646K(8896K) Class: 1303K(1408K)->1303K(1408K)
[331.839s][info][gc             ] GC(733) Pause Young (Normal) (G1 Evacuation Pause) 19M->5M(27M) 2.802ms
[331.839s][info][gc,cpu         ] GC(733) User=0.00s Sys=0.00s Real=0.00s
[331.897s][info][gc,start       ] GC(734) Pause Young (Normal) (G1 Evacuation Pause)
[331.898s][info][gc,task        ] GC(734) Using 3 workers of 33 for evacuation
[331.901s][info][gc,phases      ] GC(734)   Pre Evacuate Collection Set: 0.1ms
[331.901s][info][gc,phases      ] GC(734)   Merge Heap Roots: 0.0ms
[331.901s][info][gc,phases      ] GC(734)   Evacuate Collection Set: 2.6ms
[331.901s][info][gc,phases      ] GC(734)   Post Evacuate Collection Set: 0.2ms
[331.901s][info][gc,phases      ] GC(734)   Other: 0.1ms
[331.901s][info][gc,heap        ] GC(734) Eden regions: 13->0(14)
[331.901s][info][gc,heap        ] GC(734) Survivor regions: 2->1(2)
[331.901s][info][gc,heap        ] GC(734) Old regions: 8->9
[331.901s][info][gc,heap        ] GC(734) Archive regions: 0->0
[331.901s][info][gc,heap        ] GC(734) Humongous regions: 0->0
[331.901s][info][gc,metaspace   ] GC(734) Metaspace: 9949K(10304K)->9949K(10304K) NonClass: 8646K(8896K)->8646K(8896K) Class: 1303K(1408K)->1303K(1408K)
[331.901s][info][gc             ] GC(734) Pause Young (Normal) (G1 Evacuation Pause) 18M->5M(27M) 3.499ms
[331.901s][info][gc,cpu         ] GC(734) User=0.00s Sys=0.00s Real=0.00s
[331.962s][info][gc,start       ] GC(735) Pause Young (Normal) (G1 Evacuation Pause)
[331.962s][info][gc,task        ] GC(735) Using 2 workers of 33 for evacuation
[331.965s][info][gc,phases      ] GC(735)   Pre Evacuate Collection Set: 0.1ms
[331.965s][info][gc,phases      ] GC(735)   Merge Heap Roots: 0.0ms
[331.965s][info][gc,phases      ] GC(735)   Evacuate Collection Set: 2.9ms
[331.965s][info][gc,phases      ] GC(735)   Post Evacuate Collection Set: 0.2ms
[331.965s][info][gc,phases      ] GC(735)   Other: 0.1ms
[331.965s][info][gc,heap        ] GC(735) Eden regions: 14->0(14)
[331.965s][info][gc,heap        ] GC(735) Survivor regions: 1->1(2)
[331.965s][info][gc,heap        ] GC(735) Old regions: 9->9
[331.965s][info][gc,heap        ] GC(735) Archive regions: 0->0
[331.965s][info][gc,heap        ] GC(735) Humongous regions: 0->0
[331.965s][info][gc,metaspace   ] GC(735) Metaspace: 9949K(10304K)->9949K(10304K) NonClass: 8646K(8896K)->8646K(8896K) Class: 1303K(1408K)->1303K(1408K)
[331.965s][info][gc             ] GC(735) Pause Young (Normal) (G1 Evacuation Pause) 19M->5M(27M) 3.832ms
[331.965s][info][gc,cpu         ] GC(735) User=0.00s Sys=0.00s Real=0.00s
[332.022s][info][gc,start       ] GC(736) Pause Young (Normal) (G1 Evacuation Pause)
[332.022s][info][gc,task        ] GC(736) Using 2 workers of 33 for evacuation
[332.026s][info][gc,phases      ] GC(736)   Pre Evacuate Collection Set: 0.1ms
[332.026s][info][gc,phases      ] GC(736)   Merge Heap Roots: 0.0ms
[332.026s][info][gc,phases      ] GC(736)   Evacuate Collection Set: 3.5ms
[332.026s][info][gc,phases      ] GC(736)   Post Evacuate Collection Set: 0.2ms
[332.026s][info][gc,phases      ] GC(736)   Other: 0.1ms
[332.026s][info][gc,heap        ] GC(736) Eden regions: 14->0(12)
[332.026s][info][gc,heap        ] GC(736) Survivor regions: 1->2(2)
[332.026s][info][gc,heap        ] GC(736) Old regions: 9->9
[332.026s][info][gc,heap        ] GC(736) Archive regions: 0->0
[332.026s][info][gc,heap        ] GC(736) Humongous regions: 0->0
[332.026s][info][gc,metaspace   ] GC(736) Metaspace: 9949K(10304K)->9949K(10304K) NonClass: 8646K(8896K)->8646K(8896K) Class: 1303K(1408K)->1303K(1408K)
[332.026s][info][gc             ] GC(736) Pause Young (Normal) (G1 Evacuation Pause) 19M->5M(27M) 4.373ms
[332.026s][info][gc,cpu         ] GC(736) User=0.00s Sys=0.00s Real=0.00s
[332.078s][info][gc,start       ] GC(737) Pause Young (Normal) (G1 Evacuation Pause)
[332.078s][info][gc,task        ] GC(737) Using 2 workers of 33 for evacuation
[332.082s][info][gc,phases      ] GC(737)   Pre Evacuate Collection Set: 0.1ms
[332.082s][info][gc,phases      ] GC(737)   Merge Heap Roots: 0.1ms
[332.082s][info][gc,phases      ] GC(737)   Evacuate Collection Set: 3.5ms
[332.083s][info][gc,phases      ] GC(737)   Post Evacuate Collection Set: 0.2ms
[332.083s][info][gc,phases      ] GC(737)   Other: 0.1ms
[332.083s][info][gc,heap        ] GC(737) Eden regions: 12->0(12)
[332.083s][info][gc,heap        ] GC(737) Survivor regions: 2->2(2)
[332.083s][info][gc,heap        ] GC(737) Old regions: 9->9
[332.083s][info][gc,heap        ] GC(737) Archive regions: 0->0
[332.083s][info][gc,heap        ] GC(737) Humongous regions: 0->0
[332.083s][info][gc,metaspace   ] GC(737) Metaspace: 9949K(10304K)->9949K(10304K) NonClass: 8646K(8896K)->8646K(8896K) Class: 1303K(1408K)->1303K(1408K)
[332.083s][info][gc             ] GC(737) Pause Young (Normal) (G1 Evacuation Pause) 17M->5M(27M) 4.478ms
[332.083s][info][gc,cpu         ] GC(737) User=0.00s Sys=0.00s Real=0.00s
[332.134s][info][gc,start       ] GC(738) Pause Young (Normal) (G1 Evacuation Pause)
[332.134s][info][gc,task        ] GC(738) Using 2 workers of 33 for evacuation
[332.142s][info][gc,phases      ] GC(738)   Pre Evacuate Collection Set: 0.1ms
[332.142s][info][gc,phases      ] GC(738)   Merge Heap Roots: 0.1ms
[332.142s][info][gc,phases      ] GC(738)   Evacuate Collection Set: 3.4ms
[332.142s][info][gc,phases      ] GC(738)   Post Evacuate Collection Set: 3.8ms
[332.142s][info][gc,phases      ] GC(738)   Other: 0.1ms
[332.142s][info][gc,heap        ] GC(738) Eden regions: 12->0(161)
[332.142s][info][gc,heap        ] GC(738) Survivor regions: 2->1(2)
[332.142s][info][gc,heap        ] GC(738) Old regions: 9->9
[332.142s][info][gc,heap        ] GC(738) Archive regions: 0->0
[332.142s][info][gc,heap        ] GC(738) Humongous regions: 0->0
[332.142s][info][gc,metaspace   ] GC(738) Metaspace: 9949K(10304K)->9949K(10304K) NonClass: 8646K(8896K)->8646K(8896K) Class: 1303K(1408K)->1303K(1408K)
[332.142s][info][gc             ] GC(738) Pause Young (Normal) (G1 Evacuation Pause) 17M->5M(270M) 7.936ms
[332.142s][info][gc,cpu         ] GC(738) User=0.00s Sys=0.00s Real=0.00s
[332.882s][info][gc,start       ] GC(739) Pause Young (Normal) (G1 Evacuation Pause)
[332.882s][info][gc,task        ] GC(739) Using 6 workers of 33 for evacuation
[332.884s][info][gc,phases      ] GC(739)   Pre Evacuate Collection Set: 0.1ms
[332.884s][info][gc,phases      ] GC(739)   Merge Heap Roots: 0.1ms
[332.885s][info][gc,phases      ] GC(739)   Evacuate Collection Set: 1.4ms
[332.885s][info][gc,phases      ] GC(739)   Post Evacuate Collection Set: 0.3ms
[332.885s][info][gc,phases      ] GC(739)   Other: 0.1ms
[332.885s][info][gc,heap        ] GC(739) Eden regions: 161->0(160)
[332.885s][info][gc,heap        ] GC(739) Survivor regions: 1->2(21)
[332.885s][info][gc,heap        ] GC(739) Old regions: 9->9
[332.885s][info][gc,heap        ] GC(739) Archive regions: 0->0
[332.885s][info][gc,heap        ] GC(739) Humongous regions: 0->0
[332.885s][info][gc,metaspace   ] GC(739) Metaspace: 9949K(10304K)->9949K(10304K) NonClass: 8646K(8896K)->8646K(8896K) Class: 1303K(1408K)->1303K(1408K)
[332.885s][info][gc             ] GC(739) Pause Young (Normal) (G1 Evacuation Pause) 166M->6M(270M) 2.637ms
[332.885s][info][gc,cpu         ] GC(739) User=0.00s Sys=0.00s Real=0.00s
[333.574s][info][gc,start       ] GC(740) Pause Young (Normal) (G1 Evacuation Pause)
[333.581s][info][gc,task        ] GC(740) Using 6 workers of 33 for evacuation
[333.583s][info][gc,phases      ] GC(740)   Pre Evacuate Collection Set: 0.1ms
[333.583s][info][gc,phases      ] GC(740)   Merge Heap Roots: 0.1ms
[333.583s][info][gc,phases      ] GC(740)   Evacuate Collection Set: 1.2ms
[333.583s][info][gc,phases      ] GC(740)   Post Evacuate Collection Set: 0.3ms
[333.583s][info][gc,phases      ] GC(740)   Other: 0.2ms
[333.583s][info][gc,heap        ] GC(740) Eden regions: 160->0(160)
[333.583s][info][gc,heap        ] GC(740) Survivor regions: 2->2(21)
[333.583s][info][gc,heap        ] GC(740) Old regions: 9->9
[333.583s][info][gc,heap        ] GC(740) Archive regions: 0->0
[333.583s][info][gc,heap        ] GC(740) Humongous regions: 0->0
[333.583s][info][gc,metaspace   ] GC(740) Metaspace: 9949K(10304K)->9949K(10304K) NonClass: 8646K(8896K)->8646K(8896K) Class: 1303K(1408K)->1303K(1408K)
[333.583s][info][gc             ] GC(740) Pause Young (Normal) (G1 Evacuation Pause) 166M->6M(270M) 9.921ms
[333.583s][info][gc,cpu         ] GC(740) User=0.00s Sys=0.02s Real=0.02s
[334.277s][info][gc,start       ] GC(741) Pause Young (Normal) (G1 Evacuation Pause)
[334.277s][info][gc,task        ] GC(741) Using 6 workers of 33 for evacuation
[334.279s][info][gc,phases      ] GC(741)   Pre Evacuate Collection Set: 0.1ms
[334.279s][info][gc,phases      ] GC(741)   Merge Heap Roots: 0.1ms
[334.279s][info][gc,phases      ] GC(741)   Evacuate Collection Set: 1.3ms
[334.279s][info][gc,phases      ] GC(741)   Post Evacuate Collection Set: 0.3ms
[334.279s][info][gc,phases      ] GC(741)   Other: 0.1ms
[334.280s][info][gc,heap        ] GC(741) Eden regions: 160->0(160)
[334.280s][info][gc,heap        ] GC(741) Survivor regions: 2->2(21)
[334.280s][info][gc,heap        ] GC(741) Old regions: 9->9
[334.280s][info][gc,heap        ] GC(741) Archive regions: 0->0
[334.280s][info][gc,heap        ] GC(741) Humongous regions: 0->0
[334.280s][info][gc,metaspace   ] GC(741) Metaspace: 9949K(10304K)->9949K(10304K) NonClass: 8646K(8896K)->8646K(8896K) Class: 1303K(1408K)->1303K(1408K)
[334.280s][info][gc             ] GC(741) Pause Young (Normal) (G1 Evacuation Pause) 166M->6M(270M) 2.520ms
[334.280s][info][gc,cpu         ] GC(741) User=0.09s Sys=0.00s Real=0.02s
[334.980s][info][gc,start       ] GC(742) Pause Young (Normal) (G1 Evacuation Pause)
[334.980s][info][gc,task        ] GC(742) Using 6 workers of 33 for evacuation
[334.982s][info][gc,phases      ] GC(742)   Pre Evacuate Collection Set: 0.1ms
[334.982s][info][gc,phases      ] GC(742)   Merge Heap Roots: 0.1ms
[334.982s][info][gc,phases      ] GC(742)   Evacuate Collection Set: 1.3ms
[334.982s][info][gc,phases      ] GC(742)   Post Evacuate Collection Set: 0.3ms
[334.982s][info][gc,phases      ] GC(742)   Other: 0.1ms
[334.982s][info][gc,heap        ] GC(742) Eden regions: 160->0(160)
[334.982s][info][gc,heap        ] GC(742) Survivor regions: 2->2(21)
[334.982s][info][gc,heap        ] GC(742) Old regions: 9->9
[334.982s][info][gc,heap        ] GC(742) Archive regions: 0->0
[334.982s][info][gc,heap        ] GC(742) Humongous regions: 0->0
[334.982s][info][gc,metaspace   ] GC(742) Metaspace: 9949K(10304K)->9949K(10304K) NonClass: 8646K(8896K)->8646K(8896K) Class: 1303K(1408K)->1303K(1408K)
[334.982s][info][gc             ] GC(742) Pause Young (Normal) (G1 Evacuation Pause) 166M->6M(270M) 2.529ms
[334.982s][info][gc,cpu         ] GC(742) User=0.00s Sys=0.00s Real=0.00s
[335.679s][info][gc,start       ] GC(743) Pause Young (Normal) (G1 Evacuation Pause)
[335.679s][info][gc,task        ] GC(743) Using 6 workers of 33 for evacuation
[335.681s][info][gc,phases      ] GC(743)   Pre Evacuate Collection Set: 0.1ms
[335.681s][info][gc,phases      ] GC(743)   Merge Heap Roots: 0.1ms
[335.681s][info][gc,phases      ] GC(743)   Evacuate Collection Set: 1.3ms
[335.681s][info][gc,phases      ] GC(743)   Post Evacuate Collection Set: 0.3ms
[335.681s][info][gc,phases      ] GC(743)   Other: 0.1ms
[335.681s][info][gc,heap        ] GC(743) Eden regions: 160->0(160)
[335.681s][info][gc,heap        ] GC(743) Survivor regions: 2->2(21)
[335.681s][info][gc,heap        ] GC(743) Old regions: 9->9
[335.681s][info][gc,heap        ] GC(743) Archive regions: 0->0
[335.681s][info][gc,heap        ] GC(743) Humongous regions: 0->0
[335.681s][info][gc,metaspace   ] GC(743) Metaspace: 9949K(10304K)->9949K(10304K) NonClass: 8646K(8896K)->8646K(8896K) Class: 1303K(1408K)->1303K(1408K)
[335.681s][info][gc             ] GC(743) Pause Young (Normal) (G1 Evacuation Pause) 166M->6M(270M) 2.544ms
[335.681s][info][gc,cpu         ] GC(743) User=0.00s Sys=0.00s Real=0.00s
[336.389s][info][gc,start       ] GC(744) Pause Young (Normal) (G1 Evacuation Pause)
[336.389s][info][gc,task        ] GC(744) Using 6 workers of 33 for evacuation
[336.391s][info][gc,phases      ] GC(744)   Pre Evacuate Collection Set: 0.1ms
[336.391s][info][gc,phases      ] GC(744)   Merge Heap Roots: 0.1ms
[336.391s][info][gc,phases      ] GC(744)   Evacuate Collection Set: 1.2ms
[336.391s][info][gc,phases      ] GC(744)   Post Evacuate Collection Set: 0.3ms
[336.391s][info][gc,phases      ] GC(744)   Other: 0.1ms
[336.391s][info][gc,heap        ] GC(744) Eden regions: 160->0(160)
[336.391s][info][gc,heap        ] GC(744) Survivor regions: 2->2(21)
[336.391s][info][gc,heap        ] GC(744) Old regions: 9->9
[336.391s][info][gc,heap        ] GC(744) Archive regions: 0->0
[336.391s][info][gc,heap        ] GC(744) Humongous regions: 0->0
[336.391s][info][gc,metaspace   ] GC(744) Metaspace: 9949K(10304K)->9949K(10304K) NonClass: 8646K(8896K)->8646K(8896K) Class: 1303K(1408K)->1303K(1408K)
[336.391s][info][gc             ] GC(744) Pause Young (Normal) (G1 Evacuation Pause) 166M->6M(270M) 2.413ms
[336.391s][info][gc,cpu         ] GC(744) User=0.00s Sys=0.00s Real=0.00s
[337.103s][info][gc,start       ] GC(745) Pause Young (Normal) (G1 Evacuation Pause)
[337.103s][info][gc,task        ] GC(745) Using 6 workers of 33 for evacuation
[337.105s][info][gc,phases      ] GC(745)   Pre Evacuate Collection Set: 0.1ms
[337.105s][info][gc,phases      ] GC(745)   Merge Heap Roots: 0.1ms
[337.105s][info][gc,phases      ] GC(745)   Evacuate Collection Set: 1.2ms
[337.105s][info][gc,phases      ] GC(745)   Post Evacuate Collection Set: 0.4ms
[337.105s][info][gc,phases      ] GC(745)   Other: 0.1ms
[337.105s][info][gc,heap        ] GC(745) Eden regions: 160->0(160)
[337.105s][info][gc,heap        ] GC(745) Survivor regions: 2->2(21)
[337.105s][info][gc,heap        ] GC(745) Old regions: 9->9
[337.105s][info][gc,heap        ] GC(745) Archive regions: 0->0
[337.105s][info][gc,heap        ] GC(745) Humongous regions: 0->0
[337.105s][info][gc,metaspace   ] GC(745) Metaspace: 9949K(10304K)->9949K(10304K) NonClass: 8646K(8896K)->8646K(8896K) Class: 1303K(1408K)->1303K(1408K)
[337.105s][info][gc             ] GC(745) Pause Young (Normal) (G1 Evacuation Pause) 166M->6M(270M) 2.465ms
[337.105s][info][gc,cpu         ] GC(745) User=0.00s Sys=0.00s Real=0.00s
[337.805s][info][gc,start       ] GC(746) Pause Young (Normal) (G1 Evacuation Pause)
[337.805s][info][gc,task        ] GC(746) Using 6 workers of 33 for evacuation
[337.807s][info][gc,phases      ] GC(746)   Pre Evacuate Collection Set: 0.1ms
[337.807s][info][gc,phases      ] GC(746)   Merge Heap Roots: 0.1ms
[337.807s][info][gc,phases      ] GC(746)   Evacuate Collection Set: 1.4ms
[337.807s][info][gc,phases      ] GC(746)   Post Evacuate Collection Set: 0.4ms
[337.807s][info][gc,phases      ] GC(746)   Other: 0.1ms
[337.807s][info][gc,heap        ] GC(746) Eden regions: 160->0(160)
[337.807s][info][gc,heap        ] GC(746) Survivor regions: 2->2(21)
[337.807s][info][gc,heap        ] GC(746) Old regions: 9->9
[337.807s][info][gc,heap        ] GC(746) Archive regions: 0->0
[337.807s][info][gc,heap        ] GC(746) Humongous regions: 0->0
[337.807s][info][gc,metaspace   ] GC(746) Metaspace: 9949K(10304K)->9949K(10304K) NonClass: 8646K(8896K)->8646K(8896K) Class: 1303K(1408K)->1303K(1408K)
[337.808s][info][gc             ] GC(746) Pause Young (Normal) (G1 Evacuation Pause) 166M->6M(270M) 2.670ms
[337.808s][info][gc,cpu         ] GC(746) User=0.00s Sys=0.00s Real=0.00s
[338.519s][info][gc,start       ] GC(747) Pause Young (Normal) (G1 Evacuation Pause)
[338.519s][info][gc,task        ] GC(747) Using 6 workers of 33 for evacuation
[338.521s][info][gc,phases      ] GC(747)   Pre Evacuate Collection Set: 0.1ms
[338.521s][info][gc,phases      ] GC(747)   Merge Heap Roots: 0.1ms
[338.521s][info][gc,phases      ] GC(747)   Evacuate Collection Set: 1.4ms
[338.521s][info][gc,phases      ] GC(747)   Post Evacuate Collection Set: 0.3ms
[338.521s][info][gc,phases      ] GC(747)   Other: 0.1ms
[338.521s][info][gc,heap        ] GC(747) Eden regions: 160->0(160)
[338.521s][info][gc,heap        ] GC(747) Survivor regions: 2->2(21)
[338.521s][info][gc,heap        ] GC(747) Old regions: 9->9
[338.521s][info][gc,heap        ] GC(747) Archive regions: 0->0
[338.521s][info][gc,heap        ] GC(747) Humongous regions: 0->0
[338.521s][info][gc,metaspace   ] GC(747) Metaspace: 9949K(10304K)->9949K(10304K) NonClass: 8646K(8896K)->8646K(8896K) Class: 1303K(1408K)->1303K(1408K)
[338.521s][info][gc             ] GC(747) Pause Young (Normal) (G1 Evacuation Pause) 166M->6M(270M) 2.599ms
[338.521s][info][gc,cpu         ] GC(747) User=0.00s Sys=0.00s Real=0.00s
[338.895s][info][gc,start       ] GC(748) Pause Full (System.gc())
[338.895s][info][gc,task        ] GC(748) Using 6 workers of 33 for full compaction
[338.895s][info][gc,phases,start] GC(748) Phase 1: Mark live objects
[338.901s][info][gc,phases      ] GC(748) Phase 1: Mark live objects 5.565ms
[338.901s][info][gc,phases,start] GC(748) Phase 2: Prepare compaction
[338.902s][info][gc,phases      ] GC(748) Phase 2: Prepare compaction 1.407ms
[338.902s][info][gc,phases,start] GC(748) Phase 3: Adjust pointers
[338.906s][info][gc,phases      ] GC(748) Phase 3: Adjust pointers 3.952ms
[338.906s][info][gc,phases,start] GC(748) Phase 4: Compact heap
[338.907s][info][gc,phases      ] GC(748) Phase 4: Compact heap 0.600ms
[338.912s][info][gc,heap        ] GC(748) Eden regions: 84->0(16)
[338.912s][info][gc,heap        ] GC(748) Survivor regions: 2->0(21)
[338.912s][info][gc,heap        ] GC(748) Old regions: 9->8
[338.912s][info][gc,heap        ] GC(748) Archive regions: 0->0
[338.912s][info][gc,heap        ] GC(748) Humongous regions: 0->0
[338.912s][info][gc,metaspace   ] GC(748) Metaspace: 9949K(10304K)->9949K(10304K) NonClass: 8646K(8896K)->8646K(8896K) Class: 1303K(1408K)->1303K(1408K)
[338.912s][info][gc             ] GC(748) Pause Full (System.gc()) 89M->3M(27M) 17.290ms
[338.912s][info][gc,cpu         ] GC(748) User=0.11s Sys=0.00s Real=0.02s
[338.981s][info][gc,start       ] GC(749) Pause Young (Normal) (G1 Evacuation Pause)
[338.981s][info][gc,task        ] GC(749) Using 4 workers of 33 for evacuation
[338.983s][info][gc,phases      ] GC(749)   Pre Evacuate Collection Set: 0.1ms
[338.983s][info][gc,phases      ] GC(749)   Merge Heap Roots: 0.1ms
[338.983s][info][gc,phases      ] GC(749)   Evacuate Collection Set: 1.9ms
[338.983s][info][gc,phases      ] GC(749)   Post Evacuate Collection Set: 0.2ms
[338.983s][info][gc,phases      ] GC(749)   Other: 0.1ms
[338.983s][info][gc,heap        ] GC(749) Eden regions: 16->0(13)
[338.983s][info][gc,heap        ] GC(749) Survivor regions: 0->2(2)
[338.983s][info][gc,heap        ] GC(749) Old regions: 8->8
[338.983s][info][gc,heap        ] GC(749) Archive regions: 0->0
[338.983s][info][gc,heap        ] GC(749) Humongous regions: 0->0
[338.983s][info][gc,metaspace   ] GC(749) Metaspace: 9949K(10304K)->9949K(10304K) NonClass: 8646K(8896K)->8646K(8896K) Class: 1303K(1408K)->1303K(1408K)
[338.984s][info][gc             ] GC(749) Pause Young (Normal) (G1 Evacuation Pause) 19M->5M(27M) 2.844ms
[338.984s][info][gc,cpu         ] GC(749) User=0.00s Sys=0.00s Real=0.00s
[339.063s][info][gc,start       ] GC(750) Pause Young (Normal) (G1 Evacuation Pause)
[339.063s][info][gc,task        ] GC(750) Using 3 workers of 33 for evacuation
[339.065s][info][gc,phases      ] GC(750)   Pre Evacuate Collection Set: 0.1ms
[339.065s][info][gc,phases      ] GC(750)   Merge Heap Roots: 0.0ms
[339.065s][info][gc,phases      ] GC(750)   Evacuate Collection Set: 1.8ms
[339.065s][info][gc,phases      ] GC(750)   Post Evacuate Collection Set: 0.2ms
[339.065s][info][gc,phases      ] GC(750)   Other: 0.1ms
[339.065s][info][gc,heap        ] GC(750) Eden regions: 13->0(14)
[339.065s][info][gc,heap        ] GC(750) Survivor regions: 2->1(2)
[339.065s][info][gc,heap        ] GC(750) Old regions: 8->9
[339.065s][info][gc,heap        ] GC(750) Archive regions: 0->0
[339.065s][info][gc,heap        ] GC(750) Humongous regions: 0->0
[339.065s][info][gc,metaspace   ] GC(750) Metaspace: 9949K(10304K)->9949K(10304K) NonClass: 8646K(8896K)->8646K(8896K) Class: 1303K(1408K)->1303K(1408K)
[339.065s][info][gc             ] GC(750) Pause Young (Normal) (G1 Evacuation Pause) 18M->5M(27M) 2.696ms
[339.065s][info][gc,cpu         ] GC(750) User=0.00s Sys=0.00s Real=0.00s
[339.124s][info][gc,start       ] GC(751) Pause Young (Normal) (G1 Evacuation Pause)
[339.124s][info][gc,task        ] GC(751) Using 2 workers of 33 for evacuation
[339.127s][info][gc,phases      ] GC(751)   Pre Evacuate Collection Set: 0.1ms
[339.128s][info][gc,phases      ] GC(751)   Merge Heap Roots: 0.0ms
[339.128s][info][gc,phases      ] GC(751)   Evacuate Collection Set: 2.6ms
[339.128s][info][gc,phases      ] GC(751)   Post Evacuate Collection Set: 0.2ms
[339.128s][info][gc,phases      ] GC(751)   Other: 0.1ms
[339.128s][info][gc,heap        ] GC(751) Eden regions: 14->0(14)
[339.128s][info][gc,heap        ] GC(751) Survivor regions: 1->1(2)
[339.128s][info][gc,heap        ] GC(751) Old regions: 9->9
[339.128s][info][gc,heap        ] GC(751) Archive regions: 0->0
[339.128s][info][gc,heap        ] GC(751) Humongous regions: 0->0
[339.128s][info][gc,metaspace   ] GC(751) Metaspace: 9949K(10304K)->9949K(10304K) NonClass: 8646K(8896K)->8646K(8896K) Class: 1303K(1408K)->1303K(1408K)
[339.128s][info][gc             ] GC(751) Pause Young (Normal) (G1 Evacuation Pause) 19M->5M(27M) 3.468ms
[339.128s][info][gc,cpu         ] GC(751) User=0.00s Sys=0.00s Real=0.00s
[339.186s][info][gc,start       ] GC(752) Pause Young (Normal) (G1 Evacuation Pause)
[339.186s][info][gc,task        ] GC(752) Using 2 workers of 33 for evacuation
[339.189s][info][gc,phases      ] GC(752)   Pre Evacuate Collection Set: 0.1ms
[339.189s][info][gc,phases      ] GC(752)   Merge Heap Roots: 0.1ms
[339.189s][info][gc,phases      ] GC(752)   Evacuate Collection Set: 3.0ms
[339.189s][info][gc,phases      ] GC(752)   Post Evacuate Collection Set: 0.2ms
[339.189s][info][gc,phases      ] GC(752)   Other: 0.1ms
[339.189s][info][gc,heap        ] GC(752) Eden regions: 14->0(12)
[339.189s][info][gc,heap        ] GC(752) Survivor regions: 1->2(2)
[339.189s][info][gc,heap        ] GC(752) Old regions: 9->9
[339.189s][info][gc,heap        ] GC(752) Archive regions: 0->0
[339.189s][info][gc,heap        ] GC(752) Humongous regions: 0->0
[339.189s][info][gc,metaspace   ] GC(752) Metaspace: 9949K(10304K)->9949K(10304K) NonClass: 8646K(8896K)->8646K(8896K) Class: 1303K(1408K)->1303K(1408K)
[339.189s][info][gc             ] GC(752) Pause Young (Normal) (G1 Evacuation Pause) 19M->5M(27M) 3.859ms
[339.189s][info][gc,cpu         ] GC(752) User=0.00s Sys=0.00s Real=0.00s
[339.243s][info][gc,start       ] GC(753) Pause Young (Normal) (G1 Evacuation Pause)
[339.243s][info][gc,task        ] GC(753) Using 2 workers of 33 for evacuation
[339.246s][info][gc,phases      ] GC(753)   Pre Evacuate Collection Set: 0.1ms
[339.246s][info][gc,phases      ] GC(753)   Merge Heap Roots: 0.1ms
[339.246s][info][gc,phases      ] GC(753)   Evacuate Collection Set: 3.0ms
[339.246s][info][gc,phases      ] GC(753)   Post Evacuate Collection Set: 0.2ms
[339.246s][info][gc,phases      ] GC(753)   Other: 0.1ms
[339.246s][info][gc,heap        ] GC(753) Eden regions: 12->0(12)
[339.246s][info][gc,heap        ] GC(753) Survivor regions: 2->2(2)
[339.246s][info][gc,heap        ] GC(753) Old regions: 9->9
[339.246s][info][gc,heap        ] GC(753) Archive regions: 0->0
[339.246s][info][gc,heap        ] GC(753) Humongous regions: 0->0
[339.246s][info][gc,metaspace   ] GC(753) Metaspace: 9949K(10304K)->9949K(10304K) NonClass: 8646K(8896K)->8646K(8896K) Class: 1303K(1408K)->1303K(1408K)
[339.246s][info][gc             ] GC(753) Pause Young (Normal) (G1 Evacuation Pause) 17M->5M(27M) 3.835ms
[339.246s][info][gc,cpu         ] GC(753) User=0.03s Sys=0.00s Real=0.02s
[339.296s][info][gc,start       ] GC(754) Pause Young (Normal) (G1 Evacuation Pause)
[339.296s][info][gc,task        ] GC(754) Using 2 workers of 33 for evacuation
[339.303s][info][gc,phases      ] GC(754)   Pre Evacuate Collection Set: 0.1ms
[339.303s][info][gc,phases      ] GC(754)   Merge Heap Roots: 0.1ms
[339.303s][info][gc,phases      ] GC(754)   Evacuate Collection Set: 2.9ms
[339.303s][info][gc,phases      ] GC(754)   Post Evacuate Collection Set: 3.8ms
[339.303s][info][gc,phases      ] GC(754)   Other: 0.1ms
[339.303s][info][gc,heap        ] GC(754) Eden regions: 12->0(161)
[339.304s][info][gc,heap        ] GC(754) Survivor regions: 2->1(2)
[339.304s][info][gc,heap        ] GC(754) Old regions: 9->9
[339.304s][info][gc,heap        ] GC(754) Archive regions: 0->0
[339.304s][info][gc,heap        ] GC(754) Humongous regions: 0->0
[339.304s][info][gc,metaspace   ] GC(754) Metaspace: 9949K(10304K)->9949K(10304K) NonClass: 8646K(8896K)->8646K(8896K) Class: 1303K(1408K)->1303K(1408K)
[339.304s][info][gc             ] GC(754) Pause Young (Normal) (G1 Evacuation Pause) 17M->5M(270M) 7.467ms
[339.304s][info][gc,cpu         ] GC(754) User=0.03s Sys=0.00s Real=0.02s
[340.049s][info][gc,start       ] GC(755) Pause Young (Normal) (G1 Evacuation Pause)
[340.050s][info][gc,task        ] GC(755) Using 6 workers of 33 for evacuation
[340.052s][info][gc,phases      ] GC(755)   Pre Evacuate Collection Set: 0.1ms
[340.052s][info][gc,phases      ] GC(755)   Merge Heap Roots: 0.1ms
[340.052s][info][gc,phases      ] GC(755)   Evacuate Collection Set: 1.6ms
[340.052s][info][gc,phases      ] GC(755)   Post Evacuate Collection Set: 0.3ms
[340.052s][info][gc,phases      ] GC(755)   Other: 0.1ms
[340.052s][info][gc,heap        ] GC(755) Eden regions: 161->0(160)
[340.052s][info][gc,heap        ] GC(755) Survivor regions: 1->2(21)
[340.052s][info][gc,heap        ] GC(755) Old regions: 9->9
[340.052s][info][gc,heap        ] GC(755) Archive regions: 0->0
[340.052s][info][gc,heap        ] GC(755) Humongous regions: 0->0
[340.052s][info][gc,metaspace   ] GC(755) Metaspace: 9949K(10304K)->9949K(10304K) NonClass: 8646K(8896K)->8646K(8896K) Class: 1303K(1408K)->1303K(1408K)
[340.052s][info][gc             ] GC(755) Pause Young (Normal) (G1 Evacuation Pause) 166M->5M(270M) 2.869ms
[340.052s][info][gc,cpu         ] GC(755) User=0.00s Sys=0.00s Real=0.00s
[340.740s][info][gc,start       ] GC(756) Pause Young (Normal) (G1 Evacuation Pause)
[340.740s][info][gc,task        ] GC(756) Using 6 workers of 33 for evacuation
[340.742s][info][gc,phases      ] GC(756)   Pre Evacuate Collection Set: 0.1ms
[340.742s][info][gc,phases      ] GC(756)   Merge Heap Roots: 0.1ms
[340.742s][info][gc,phases      ] GC(756)   Evacuate Collection Set: 1.4ms
[340.742s][info][gc,phases      ] GC(756)   Post Evacuate Collection Set: 0.3ms
[340.742s][info][gc,phases      ] GC(756)   Other: 0.1ms
[340.742s][info][gc,heap        ] GC(756) Eden regions: 160->0(160)
[340.742s][info][gc,heap        ] GC(756) Survivor regions: 2->2(21)
[340.742s][info][gc,heap        ] GC(756) Old regions: 9->9
[340.742s][info][gc,heap        ] GC(756) Archive regions: 0->0
[340.742s][info][gc,heap        ] GC(756) Humongous regions: 0->0
[340.742s][info][gc,metaspace   ] GC(756) Metaspace: 9949K(10304K)->9949K(10304K) NonClass: 8646K(8896K)->8646K(8896K) Class: 1303K(1408K)->1303K(1408K)
[340.743s][info][gc             ] GC(756) Pause Young (Normal) (G1 Evacuation Pause) 165M->6M(270M) 2.611ms
[340.743s][info][gc,cpu         ] GC(756) User=0.00s Sys=0.00s Real=0.00s
[341.442s][info][gc,start       ] GC(757) Pause Young (Normal) (G1 Evacuation Pause)
[341.443s][info][gc,task        ] GC(757) Using 6 workers of 33 for evacuation
[341.445s][info][gc,phases      ] GC(757)   Pre Evacuate Collection Set: 0.1ms
[341.445s][info][gc,phases      ] GC(757)   Merge Heap Roots: 0.1ms
[341.445s][info][gc,phases      ] GC(757)   Evacuate Collection Set: 1.4ms
[341.445s][info][gc,phases      ] GC(757)   Post Evacuate Collection Set: 0.3ms
[341.445s][info][gc,phases      ] GC(757)   Other: 0.1ms
[341.445s][info][gc,heap        ] GC(757) Eden regions: 160->0(160)
[341.445s][info][gc,heap        ] GC(757) Survivor regions: 2->2(21)
[341.445s][info][gc,heap        ] GC(757) Old regions: 9->9
[341.445s][info][gc,heap        ] GC(757) Archive regions: 0->0
[341.445s][info][gc,heap        ] GC(757) Humongous regions: 0->0
[341.445s][info][gc,metaspace   ] GC(757) Metaspace: 9949K(10304K)->9949K(10304K) NonClass: 8646K(8896K)->8646K(8896K) Class: 1303K(1408K)->1303K(1408K)
[341.445s][info][gc             ] GC(757) Pause Young (Normal) (G1 Evacuation Pause) 166M->6M(270M) 2.656ms
[341.445s][info][gc,cpu         ] GC(757) User=0.09s Sys=0.00s Real=0.02s
[342.157s][info][gc,start       ] GC(758) Pause Young (Normal) (G1 Evacuation Pause)
[342.157s][info][gc,task        ] GC(758) Using 6 workers of 33 for evacuation
[342.159s][info][gc,phases      ] GC(758)   Pre Evacuate Collection Set: 0.1ms
[342.159s][info][gc,phases      ] GC(758)   Merge Heap Roots: 0.1ms
[342.159s][info][gc,phases      ] GC(758)   Evacuate Collection Set: 1.3ms
[342.159s][info][gc,phases      ] GC(758)   Post Evacuate Collection Set: 0.3ms
[342.159s][info][gc,phases      ] GC(758)   Other: 0.1ms
[342.159s][info][gc,heap        ] GC(758) Eden regions: 160->0(160)
[342.159s][info][gc,heap        ] GC(758) Survivor regions: 2->2(21)
[342.159s][info][gc,heap        ] GC(758) Old regions: 9->9
[342.159s][info][gc,heap        ] GC(758) Archive regions: 0->0
[342.159s][info][gc,heap        ] GC(758) Humongous regions: 0->0
[342.159s][info][gc,metaspace   ] GC(758) Metaspace: 9949K(10304K)->9949K(10304K) NonClass: 8646K(8896K)->8646K(8896K) Class: 1303K(1408K)->1303K(1408K)
[342.159s][info][gc             ] GC(758) Pause Young (Normal) (G1 Evacuation Pause) 166M->5M(270M) 2.508ms
[342.159s][info][gc,cpu         ] GC(758) User=0.00s Sys=0.00s Real=0.00s
[342.865s][info][gc,start       ] GC(759) Pause Young (Normal) (G1 Evacuation Pause)
[342.865s][info][gc,task        ] GC(759) Using 6 workers of 33 for evacuation
[342.867s][info][gc,phases      ] GC(759)   Pre Evacuate Collection Set: 0.1ms
[342.867s][info][gc,phases      ] GC(759)   Merge Heap Roots: 0.1ms
[342.867s][info][gc,phases      ] GC(759)   Evacuate Collection Set: 1.5ms
[342.867s][info][gc,phases      ] GC(759)   Post Evacuate Collection Set: 0.4ms
[342.867s][info][gc,phases      ] GC(759)   Other: 0.1ms
[342.868s][info][gc,heap        ] GC(759) Eden regions: 160->0(160)
[342.868s][info][gc,heap        ] GC(759) Survivor regions: 2->2(21)
[342.868s][info][gc,heap        ] GC(759) Old regions: 9->9
[342.868s][info][gc,heap        ] GC(759) Archive regions: 0->0
[342.868s][info][gc,heap        ] GC(759) Humongous regions: 0->0
[342.868s][info][gc,metaspace   ] GC(759) Metaspace: 9949K(10304K)->9949K(10304K) NonClass: 8646K(8896K)->8646K(8896K) Class: 1303K(1408K)->1303K(1408K)
[342.868s][info][gc             ] GC(759) Pause Young (Normal) (G1 Evacuation Pause) 165M->6M(270M) 2.774ms
[342.868s][info][gc,cpu         ] GC(759) User=0.00s Sys=0.00s Real=0.00s
[343.574s][info][gc,start       ] GC(760) Pause Young (Normal) (G1 Evacuation Pause)
[343.575s][info][gc,task        ] GC(760) Using 6 workers of 33 for evacuation
[343.577s][info][gc,phases      ] GC(760)   Pre Evacuate Collection Set: 0.1ms
[343.577s][info][gc,phases      ] GC(760)   Merge Heap Roots: 0.1ms
[343.577s][info][gc,phases      ] GC(760)   Evacuate Collection Set: 1.4ms
[343.577s][info][gc,phases      ] GC(760)   Post Evacuate Collection Set: 0.3ms
[343.577s][info][gc,phases      ] GC(760)   Other: 0.1ms
[343.577s][info][gc,heap        ] GC(760) Eden regions: 160->0(160)
[343.577s][info][gc,heap        ] GC(760) Survivor regions: 2->2(21)
[343.577s][info][gc,heap        ] GC(760) Old regions: 9->9
[343.577s][info][gc,heap        ] GC(760) Archive regions: 0->0
[343.577s][info][gc,heap        ] GC(760) Humongous regions: 0->0
[343.577s][info][gc,metaspace   ] GC(760) Metaspace: 9949K(10304K)->9949K(10304K) NonClass: 8646K(8896K)->8646K(8896K) Class: 1303K(1408K)->1303K(1408K)
[343.577s][info][gc             ] GC(760) Pause Young (Normal) (G1 Evacuation Pause) 166M->6M(270M) 2.637ms
[343.577s][info][gc,cpu         ] GC(760) User=0.00s Sys=0.00s Real=0.00s
[344.291s][info][gc,start       ] GC(761) Pause Young (Normal) (G1 Evacuation Pause)
[344.291s][info][gc,task        ] GC(761) Using 6 workers of 33 for evacuation
[344.293s][info][gc,phases      ] GC(761)   Pre Evacuate Collection Set: 0.2ms
[344.293s][info][gc,phases      ] GC(761)   Merge Heap Roots: 0.1ms
[344.293s][info][gc,phases      ] GC(761)   Evacuate Collection Set: 1.4ms
[344.293s][info][gc,phases      ] GC(761)   Post Evacuate Collection Set: 0.4ms
[344.293s][info][gc,phases      ] GC(761)   Other: 0.1ms
[344.293s][info][gc,heap        ] GC(761) Eden regions: 160->0(160)
[344.293s][info][gc,heap        ] GC(761) Survivor regions: 2->2(21)
[344.293s][info][gc,heap        ] GC(761) Old regions: 9->9
[344.293s][info][gc,heap        ] GC(761) Archive regions: 0->0
[344.293s][info][gc,heap        ] GC(761) Humongous regions: 0->0
[344.293s][info][gc,metaspace   ] GC(761) Metaspace: 9949K(10304K)->9949K(10304K) NonClass: 8646K(8896K)->8646K(8896K) Class: 1303K(1408K)->1303K(1408K)
[344.294s][info][gc             ] GC(761) Pause Young (Normal) (G1 Evacuation Pause) 166M->5M(270M) 2.811ms
[344.294s][info][gc,cpu         ] GC(761) User=0.09s Sys=0.00s Real=0.02s
[344.998s][info][gc,start       ] GC(762) Pause Young (Normal) (G1 Evacuation Pause)
[344.998s][info][gc,task        ] GC(762) Using 6 workers of 33 for evacuation
[345.000s][info][gc,phases      ] GC(762)   Pre Evacuate Collection Set: 0.1ms
[345.000s][info][gc,phases      ] GC(762)   Merge Heap Roots: 0.1ms
[345.001s][info][gc,phases      ] GC(762)   Evacuate Collection Set: 1.3ms
[345.001s][info][gc,phases      ] GC(762)   Post Evacuate Collection Set: 0.4ms
[345.001s][info][gc,phases      ] GC(762)   Other: 0.1ms
[345.001s][info][gc,heap        ] GC(762) Eden regions: 160->0(160)
[345.001s][info][gc,heap        ] GC(762) Survivor regions: 2->2(21)
[345.001s][info][gc,heap        ] GC(762) Old regions: 9->9
[345.001s][info][gc,heap        ] GC(762) Archive regions: 0->0
[345.001s][info][gc,heap        ] GC(762) Humongous regions: 0->0
[345.001s][info][gc,metaspace   ] GC(762) Metaspace: 9949K(10304K)->9949K(10304K) NonClass: 8646K(8896K)->8646K(8896K) Class: 1303K(1408K)->1303K(1408K)
[345.001s][info][gc             ] GC(762) Pause Young (Normal) (G1 Evacuation Pause) 165M->5M(270M) 2.553ms
[345.001s][info][gc,cpu         ] GC(762) User=0.00s Sys=0.00s Real=0.00s
[345.696s][info][gc,start       ] GC(763) Pause Young (Normal) (G1 Evacuation Pause)
[345.697s][info][gc,task        ] GC(763) Using 6 workers of 33 for evacuation
[345.699s][info][gc,phases      ] GC(763)   Pre Evacuate Collection Set: 0.1ms
[345.699s][info][gc,phases      ] GC(763)   Merge Heap Roots: 0.1ms
[345.699s][info][gc,phases      ] GC(763)   Evacuate Collection Set: 1.4ms
[345.699s][info][gc,phases      ] GC(763)   Post Evacuate Collection Set: 0.3ms
[345.699s][info][gc,phases      ] GC(763)   Other: 0.1ms
[345.699s][info][gc,heap        ] GC(763) Eden regions: 160->0(160)
[345.699s][info][gc,heap        ] GC(763) Survivor regions: 2->2(21)
[345.699s][info][gc,heap        ] GC(763) Old regions: 9->9
[345.699s][info][gc,heap        ] GC(763) Archive regions: 0->0
[345.699s][info][gc,heap        ] GC(763) Humongous regions: 0->0
[345.699s][info][gc,metaspace   ] GC(763) Metaspace: 9949K(10304K)->9949K(10304K) NonClass: 8646K(8896K)->8646K(8896K) Class: 1303K(1408K)->1303K(1408K)
[345.699s][info][gc             ] GC(763) Pause Young (Normal) (G1 Evacuation Pause) 165M->5M(270M) 2.601ms
[345.699s][info][gc,cpu         ] GC(763) User=0.00s Sys=0.00s Real=0.00s
[346.057s][info][gc,start       ] GC(764) Pause Full (System.gc())
[346.057s][info][gc,task        ] GC(764) Using 6 workers of 33 for full compaction
[346.058s][info][gc,phases,start] GC(764) Phase 1: Mark live objects
[346.063s][info][gc,phases      ] GC(764) Phase 1: Mark live objects 5.772ms
[346.063s][info][gc,phases,start] GC(764) Phase 2: Prepare compaction
[346.065s][info][gc,phases      ] GC(764) Phase 2: Prepare compaction 1.190ms
[346.065s][info][gc,phases,start] GC(764) Phase 3: Adjust pointers
[346.069s][info][gc,phases      ] GC(764) Phase 3: Adjust pointers 3.947ms
[346.069s][info][gc,phases,start] GC(764) Phase 4: Compact heap
[346.069s][info][gc,phases      ] GC(764) Phase 4: Compact heap 0.584ms
[346.074s][info][gc,heap        ] GC(764) Eden regions: 80->0(16)
[346.074s][info][gc,heap        ] GC(764) Survivor regions: 2->0(21)
[346.074s][info][gc,heap        ] GC(764) Old regions: 9->8
[346.074s][info][gc,heap        ] GC(764) Archive regions: 0->0
[346.074s][info][gc,heap        ] GC(764) Humongous regions: 0->0
[346.074s][info][gc,metaspace   ] GC(764) Metaspace: 9949K(10304K)->9949K(10304K) NonClass: 8646K(8896K)->8646K(8896K) Class: 1303K(1408K)->1303K(1408K)
[346.074s][info][gc             ] GC(764) Pause Full (System.gc()) 85M->3M(27M) 17.053ms
[346.074s][info][gc,cpu         ] GC(764) User=0.02s Sys=0.00s Real=0.01s
[346.147s][info][gc,start       ] GC(765) Pause Young (Normal) (G1 Evacuation Pause)
[346.147s][info][gc,task        ] GC(765) Using 4 workers of 33 for evacuation
[346.150s][info][gc,phases      ] GC(765)   Pre Evacuate Collection Set: 0.1ms
[346.150s][info][gc,phases      ] GC(765)   Merge Heap Roots: 0.1ms
[346.150s][info][gc,phases      ] GC(765)   Evacuate Collection Set: 1.9ms
[346.150s][info][gc,phases      ] GC(765)   Post Evacuate Collection Set: 0.2ms
[346.150s][info][gc,phases      ] GC(765)   Other: 0.1ms
[346.150s][info][gc,heap        ] GC(765) Eden regions: 16->0(13)
[346.150s][info][gc,heap        ] GC(765) Survivor regions: 0->2(2)
[346.150s][info][gc,heap        ] GC(765) Old regions: 8->8
[346.150s][info][gc,heap        ] GC(765) Archive regions: 0->0
[346.150s][info][gc,heap        ] GC(765) Humongous regions: 0->0
[346.150s][info][gc,metaspace   ] GC(765) Metaspace: 9949K(10304K)->9949K(10304K) NonClass: 8646K(8896K)->8646K(8896K) Class: 1303K(1408K)->1303K(1408K)
[346.150s][info][gc             ] GC(765) Pause Young (Normal) (G1 Evacuation Pause) 19M->5M(27M) 2.836ms
[346.150s][info][gc,cpu         ] GC(765) User=0.00s Sys=0.00s Real=0.00s
[346.226s][info][gc,start       ] GC(766) Pause Young (Normal) (G1 Evacuation Pause)
[346.226s][info][gc,task        ] GC(766) Using 3 workers of 33 for evacuation
[346.228s][info][gc,phases      ] GC(766)   Pre Evacuate Collection Set: 0.1ms
[346.229s][info][gc,phases      ] GC(766)   Merge Heap Roots: 0.0ms
[346.229s][info][gc,phases      ] GC(766)   Evacuate Collection Set: 2.4ms
[346.229s][info][gc,phases      ] GC(766)   Post Evacuate Collection Set: 0.2ms
[346.229s][info][gc,phases      ] GC(766)   Other: 0.1ms
[346.229s][info][gc,heap        ] GC(766) Eden regions: 13->0(14)
[346.229s][info][gc,heap        ] GC(766) Survivor regions: 2->1(2)
[346.229s][info][gc,heap        ] GC(766) Old regions: 8->9
[346.229s][info][gc,heap        ] GC(766) Archive regions: 0->0
[346.229s][info][gc,heap        ] GC(766) Humongous regions: 0->0
[346.229s][info][gc,metaspace   ] GC(766) Metaspace: 9949K(10304K)->9949K(10304K) NonClass: 8646K(8896K)->8646K(8896K) Class: 1303K(1408K)->1303K(1408K)
[346.229s][info][gc             ] GC(766) Pause Young (Normal) (G1 Evacuation Pause) 18M->5M(27M) 3.329ms
[346.229s][info][gc,cpu         ] GC(766) User=0.00s Sys=0.00s Real=0.00s
[346.287s][info][gc,start       ] GC(767) Pause Young (Normal) (G1 Evacuation Pause)
[346.287s][info][gc,task        ] GC(767) Using 2 workers of 33 for evacuation
[346.290s][info][gc,phases      ] GC(767)   Pre Evacuate Collection Set: 0.1ms
[346.290s][info][gc,phases      ] GC(767)   Merge Heap Roots: 0.0ms
[346.291s][info][gc,phases      ] GC(767)   Evacuate Collection Set: 2.6ms
[346.291s][info][gc,phases      ] GC(767)   Post Evacuate Collection Set: 0.2ms
[346.291s][info][gc,phases      ] GC(767)   Other: 0.1ms
[346.291s][info][gc,heap        ] GC(767) Eden regions: 14->0(14)
[346.291s][info][gc,heap        ] GC(767) Survivor regions: 1->1(2)
[346.291s][info][gc,heap        ] GC(767) Old regions: 9->9
[346.291s][info][gc,heap        ] GC(767) Archive regions: 0->0
[346.291s][info][gc,heap        ] GC(767) Humongous regions: 0->0
[346.291s][info][gc,metaspace   ] GC(767) Metaspace: 9949K(10304K)->9949K(10304K) NonClass: 8646K(8896K)->8646K(8896K) Class: 1303K(1408K)->1303K(1408K)
[346.291s][info][gc             ] GC(767) Pause Young (Normal) (G1 Evacuation Pause) 19M->5M(27M) 3.542ms
[346.291s][info][gc,cpu         ] GC(767) User=0.00s Sys=0.00s Real=0.00s
[346.347s][info][gc,start       ] GC(768) Pause Young (Normal) (G1 Evacuation Pause)
[346.347s][info][gc,task        ] GC(768) Using 2 workers of 33 for evacuation
[346.350s][info][gc,phases      ] GC(768)   Pre Evacuate Collection Set: 0.1ms
[346.350s][info][gc,phases      ] GC(768)   Merge Heap Roots: 0.0ms
[346.350s][info][gc,phases      ] GC(768)   Evacuate Collection Set: 2.5ms
[346.350s][info][gc,phases      ] GC(768)   Post Evacuate Collection Set: 0.2ms
[346.350s][info][gc,phases      ] GC(768)   Other: 0.1ms
[346.350s][info][gc,heap        ] GC(768) Eden regions: 14->0(14)
[346.350s][info][gc,heap        ] GC(768) Survivor regions: 1->1(2)
[346.350s][info][gc,heap        ] GC(768) Old regions: 9->9
[346.350s][info][gc,heap        ] GC(768) Archive regions: 0->0
[346.350s][info][gc,heap        ] GC(768) Humongous regions: 0->0
[346.350s][info][gc,metaspace   ] GC(768) Metaspace: 9949K(10304K)->9949K(10304K) NonClass: 8646K(8896K)->8646K(8896K) Class: 1303K(1408K)->1303K(1408K)
[346.350s][info][gc             ] GC(768) Pause Young (Normal) (G1 Evacuation Pause) 19M->5M(27M) 3.382ms
[346.351s][info][gc,cpu         ] GC(768) User=0.00s Sys=0.00s Real=0.00s
[346.408s][info][gc,start       ] GC(769) Pause Young (Normal) (G1 Evacuation Pause)
[346.408s][info][gc,task        ] GC(769) Using 2 workers of 33 for evacuation
[346.411s][info][gc,phases      ] GC(769)   Pre Evacuate Collection Set: 0.1ms
[346.411s][info][gc,phases      ] GC(769)   Merge Heap Roots: 0.0ms
[346.411s][info][gc,phases      ] GC(769)   Evacuate Collection Set: 2.5ms
[346.411s][info][gc,phases      ] GC(769)   Post Evacuate Collection Set: 0.2ms
[346.411s][info][gc,phases      ] GC(769)   Other: 0.1ms
[346.411s][info][gc,heap        ] GC(769) Eden regions: 14->0(14)
[346.411s][info][gc,heap        ] GC(769) Survivor regions: 1->1(2)
[346.411s][info][gc,heap        ] GC(769) Old regions: 9->9
[346.411s][info][gc,heap        ] GC(769) Archive regions: 0->0
[346.411s][info][gc,heap        ] GC(769) Humongous regions: 0->0
[346.411s][info][gc,metaspace   ] GC(769) Metaspace: 9949K(10304K)->9949K(10304K) NonClass: 8646K(8896K)->8646K(8896K) Class: 1303K(1408K)->1303K(1408K)
[346.411s][info][gc             ] GC(769) Pause Young (Normal) (G1 Evacuation Pause) 19M->5M(27M) 3.363ms
[346.411s][info][gc,cpu         ] GC(769) User=0.00s Sys=0.00s Real=0.00s
[346.472s][info][gc,start       ] GC(770) Pause Young (Normal) (G1 Evacuation Pause)
[346.482s][info][gc,task        ] GC(770) Using 2 workers of 33 for evacuation
[346.489s][info][gc,phases      ] GC(770)   Pre Evacuate Collection Set: 0.1ms
[346.489s][info][gc,phases      ] GC(770)   Merge Heap Roots: 0.0ms
[346.489s][info][gc,phases      ] GC(770)   Evacuate Collection Set: 2.5ms
[346.489s][info][gc,phases      ] GC(770)   Post Evacuate Collection Set: 3.9ms
[346.489s][info][gc,phases      ] GC(770)   Other: 0.1ms
[346.489s][info][gc,heap        ] GC(770) Eden regions: 14->0(161)
[346.489s][info][gc,heap        ] GC(770) Survivor regions: 1->1(2)
[346.489s][info][gc,heap        ] GC(770) Old regions: 9->9
[346.489s][info][gc,heap        ] GC(770) Archive regions: 0->0
[346.489s][info][gc,heap        ] GC(770) Humongous regions: 0->0
[346.489s][info][gc,metaspace   ] GC(770) Metaspace: 9949K(10304K)->9949K(10304K) NonClass: 8646K(8896K)->8646K(8896K) Class: 1303K(1408K)->1303K(1408K)
[346.489s][info][gc             ] GC(770) Pause Young (Normal) (G1 Evacuation Pause) 19M->5M(270M) 16.583ms
[346.489s][info][gc,cpu         ] GC(770) User=0.03s Sys=0.00s Real=0.02s
[347.228s][info][gc,start       ] GC(771) Pause Young (Normal) (G1 Evacuation Pause)
[347.228s][info][gc,task        ] GC(771) Using 6 workers of 33 for evacuation
[347.230s][info][gc,phases      ] GC(771)   Pre Evacuate Collection Set: 0.1ms
[347.230s][info][gc,phases      ] GC(771)   Merge Heap Roots: 0.1ms
[347.230s][info][gc,phases      ] GC(771)   Evacuate Collection Set: 1.3ms
[347.230s][info][gc,phases      ] GC(771)   Post Evacuate Collection Set: 0.3ms
[347.230s][info][gc,phases      ] GC(771)   Other: 0.1ms
[347.230s][info][gc,heap        ] GC(771) Eden regions: 161->0(160)
[347.230s][info][gc,heap        ] GC(771) Survivor regions: 1->2(21)
[347.230s][info][gc,heap        ] GC(771) Old regions: 9->9
[347.230s][info][gc,heap        ] GC(771) Archive regions: 0->0
[347.230s][info][gc,heap        ] GC(771) Humongous regions: 0->0
[347.230s][info][gc,metaspace   ] GC(771) Metaspace: 9949K(10304K)->9949K(10304K) NonClass: 8646K(8896K)->8646K(8896K) Class: 1303K(1408K)->1303K(1408K)
[347.230s][info][gc             ] GC(771) Pause Young (Normal) (G1 Evacuation Pause) 166M->5M(270M) 2.532ms
[347.230s][info][gc,cpu         ] GC(771) User=0.00s Sys=0.00s Real=0.00s
[347.947s][info][gc,start       ] GC(772) Pause Young (Normal) (G1 Evacuation Pause)
[347.948s][info][gc,task        ] GC(772) Using 6 workers of 33 for evacuation
[347.950s][info][gc,phases      ] GC(772)   Pre Evacuate Collection Set: 0.1ms
[347.950s][info][gc,phases      ] GC(772)   Merge Heap Roots: 0.1ms
[347.950s][info][gc,phases      ] GC(772)   Evacuate Collection Set: 1.3ms
[347.950s][info][gc,phases      ] GC(772)   Post Evacuate Collection Set: 0.3ms
[347.950s][info][gc,phases      ] GC(772)   Other: 0.1ms
[347.950s][info][gc,heap        ] GC(772) Eden regions: 160->0(160)
[347.950s][info][gc,heap        ] GC(772) Survivor regions: 2->2(21)
[347.950s][info][gc,heap        ] GC(772) Old regions: 9->9
[347.950s][info][gc,heap        ] GC(772) Archive regions: 0->0
[347.950s][info][gc,heap        ] GC(772) Humongous regions: 0->0
[347.950s][info][gc,metaspace   ] GC(772) Metaspace: 9949K(10304K)->9949K(10304K) NonClass: 8646K(8896K)->8646K(8896K) Class: 1303K(1408K)->1303K(1408K)
[347.950s][info][gc             ] GC(772) Pause Young (Normal) (G1 Evacuation Pause) 165M->5M(270M) 2.527ms
[347.950s][info][gc,cpu         ] GC(772) User=0.00s Sys=0.00s Real=0.00s
[348.666s][info][gc,start       ] GC(773) Pause Young (Normal) (G1 Evacuation Pause)
[348.666s][info][gc,task        ] GC(773) Using 6 workers of 33 for evacuation
[348.668s][info][gc,phases      ] GC(773)   Pre Evacuate Collection Set: 0.1ms
[348.668s][info][gc,phases      ] GC(773)   Merge Heap Roots: 0.1ms
[348.668s][info][gc,phases      ] GC(773)   Evacuate Collection Set: 1.2ms
[348.668s][info][gc,phases      ] GC(773)   Post Evacuate Collection Set: 0.4ms
[348.668s][info][gc,phases      ] GC(773)   Other: 0.1ms
[348.668s][info][gc,heap        ] GC(773) Eden regions: 160->0(160)
[348.668s][info][gc,heap        ] GC(773) Survivor regions: 2->2(21)
[348.668s][info][gc,heap        ] GC(773) Old regions: 9->9
[348.668s][info][gc,heap        ] GC(773) Archive regions: 0->0
[348.668s][info][gc,heap        ] GC(773) Humongous regions: 0->0
[348.668s][info][gc,metaspace   ] GC(773) Metaspace: 9949K(10304K)->9949K(10304K) NonClass: 8646K(8896K)->8646K(8896K) Class: 1303K(1408K)->1303K(1408K)
[348.668s][info][gc             ] GC(773) Pause Young (Normal) (G1 Evacuation Pause) 165M->5M(270M) 2.424ms
[348.668s][info][gc,cpu         ] GC(773) User=0.00s Sys=0.02s Real=0.01s
[349.384s][info][gc,start       ] GC(774) Pause Young (Normal) (G1 Evacuation Pause)
[349.385s][info][gc,task        ] GC(774) Using 6 workers of 33 for evacuation
[349.387s][info][gc,phases      ] GC(774)   Pre Evacuate Collection Set: 0.1ms
[349.387s][info][gc,phases      ] GC(774)   Merge Heap Roots: 0.1ms
[349.387s][info][gc,phases      ] GC(774)   Evacuate Collection Set: 1.4ms
[349.387s][info][gc,phases      ] GC(774)   Post Evacuate Collection Set: 0.4ms
[349.387s][info][gc,phases      ] GC(774)   Other: 0.1ms
[349.387s][info][gc,heap        ] GC(774) Eden regions: 160->0(160)
[349.387s][info][gc,heap        ] GC(774) Survivor regions: 2->2(21)
[349.387s][info][gc,heap        ] GC(774) Old regions: 9->9
[349.387s][info][gc,heap        ] GC(774) Archive regions: 0->0
[349.387s][info][gc,heap        ] GC(774) Humongous regions: 0->0
[349.387s][info][gc,metaspace   ] GC(774) Metaspace: 9949K(10304K)->9949K(10304K) NonClass: 8646K(8896K)->8646K(8896K) Class: 1303K(1408K)->1303K(1408K)
[349.387s][info][gc             ] GC(774) Pause Young (Normal) (G1 Evacuation Pause) 165M->5M(270M) 2.651ms
[349.387s][info][gc,cpu         ] GC(774) User=0.00s Sys=0.00s Real=0.00s
[350.076s][info][gc,start       ] GC(775) Pause Young (Normal) (G1 Evacuation Pause)
[350.077s][info][gc,task        ] GC(775) Using 6 workers of 33 for evacuation
[350.079s][info][gc,phases      ] GC(775)   Pre Evacuate Collection Set: 0.1ms
[350.079s][info][gc,phases      ] GC(775)   Merge Heap Roots: 0.1ms
[350.079s][info][gc,phases      ] GC(775)   Evacuate Collection Set: 1.4ms
[350.079s][info][gc,phases      ] GC(775)   Post Evacuate Collection Set: 0.4ms
[350.079s][info][gc,phases      ] GC(775)   Other: 0.1ms
[350.079s][info][gc,heap        ] GC(775) Eden regions: 160->0(160)
[350.079s][info][gc,heap        ] GC(775) Survivor regions: 2->2(21)
[350.079s][info][gc,heap        ] GC(775) Old regions: 9->9
[350.079s][info][gc,heap        ] GC(775) Archive regions: 0->0
[350.079s][info][gc,heap        ] GC(775) Humongous regions: 0->0
[350.079s][info][gc,metaspace   ] GC(775) Metaspace: 9949K(10304K)->9949K(10304K) NonClass: 8646K(8896K)->8646K(8896K) Class: 1303K(1408K)->1303K(1408K)
[350.079s][info][gc             ] GC(775) Pause Young (Normal) (G1 Evacuation Pause) 165M->5M(270M) 2.649ms
[350.079s][info][gc,cpu         ] GC(775) User=0.00s Sys=0.00s Real=0.00s
[350.784s][info][gc,start       ] GC(776) Pause Young (Normal) (G1 Evacuation Pause)
[350.784s][info][gc,task        ] GC(776) Using 6 workers of 33 for evacuation
[350.786s][info][gc,phases      ] GC(776)   Pre Evacuate Collection Set: 0.1ms
[350.786s][info][gc,phases      ] GC(776)   Merge Heap Roots: 0.1ms
[350.786s][info][gc,phases      ] GC(776)   Evacuate Collection Set: 1.3ms
[350.786s][info][gc,phases      ] GC(776)   Post Evacuate Collection Set: 0.3ms
[350.786s][info][gc,phases      ] GC(776)   Other: 0.1ms
[350.786s][info][gc,heap        ] GC(776) Eden regions: 160->0(160)
[350.787s][info][gc,heap        ] GC(776) Survivor regions: 2->2(21)
[350.787s][info][gc,heap        ] GC(776) Old regions: 9->9
[350.787s][info][gc,heap        ] GC(776) Archive regions: 0->0
[350.787s][info][gc,heap        ] GC(776) Humongous regions: 0->0
[350.787s][info][gc,metaspace   ] GC(776) Metaspace: 9949K(10304K)->9949K(10304K) NonClass: 8646K(8896K)->8646K(8896K) Class: 1303K(1408K)->1303K(1408K)
[350.787s][info][gc             ] GC(776) Pause Young (Normal) (G1 Evacuation Pause) 165M->5M(270M) 2.543ms
[350.787s][info][gc,cpu         ] GC(776) User=0.00s Sys=0.00s Real=0.00s
[351.494s][info][gc,start       ] GC(777) Pause Young (Normal) (G1 Evacuation Pause)
[351.494s][info][gc,task        ] GC(777) Using 6 workers of 33 for evacuation
[351.496s][info][gc,phases      ] GC(777)   Pre Evacuate Collection Set: 0.1ms
[351.496s][info][gc,phases      ] GC(777)   Merge Heap Roots: 0.1ms
[351.496s][info][gc,phases      ] GC(777)   Evacuate Collection Set: 1.4ms
[351.496s][info][gc,phases      ] GC(777)   Post Evacuate Collection Set: 0.3ms
[351.496s][info][gc,phases      ] GC(777)   Other: 0.1ms
[351.496s][info][gc,heap        ] GC(777) Eden regions: 160->0(160)
[351.496s][info][gc,heap        ] GC(777) Survivor regions: 2->2(21)
[351.496s][info][gc,heap        ] GC(777) Old regions: 9->9
[351.496s][info][gc,heap        ] GC(777) Archive regions: 0->0
[351.496s][info][gc,heap        ] GC(777) Humongous regions: 0->0
[351.496s][info][gc,metaspace   ] GC(777) Metaspace: 9949K(10304K)->9949K(10304K) NonClass: 8646K(8896K)->8646K(8896K) Class: 1303K(1408K)->1303K(1408K)
[351.496s][info][gc             ] GC(777) Pause Young (Normal) (G1 Evacuation Pause) 165M->5M(270M) 2.631ms
[351.496s][info][gc,cpu         ] GC(777) User=0.09s Sys=0.00s Real=0.02s
[352.201s][info][gc,start       ] GC(778) Pause Young (Normal) (G1 Evacuation Pause)
[352.201s][info][gc,task        ] GC(778) Using 6 workers of 33 for evacuation
[352.203s][info][gc,phases      ] GC(778)   Pre Evacuate Collection Set: 0.1ms
[352.203s][info][gc,phases      ] GC(778)   Merge Heap Roots: 0.1ms
[352.203s][info][gc,phases      ] GC(778)   Evacuate Collection Set: 1.3ms
[352.203s][info][gc,phases      ] GC(778)   Post Evacuate Collection Set: 0.3ms
[352.203s][info][gc,phases      ] GC(778)   Other: 0.1ms
[352.203s][info][gc,heap        ] GC(778) Eden regions: 160->0(160)
[352.203s][info][gc,heap        ] GC(778) Survivor regions: 2->2(21)
[352.203s][info][gc,heap        ] GC(778) Old regions: 9->9
[352.203s][info][gc,heap        ] GC(778) Archive regions: 0->0
[352.203s][info][gc,heap        ] GC(778) Humongous regions: 0->0
[352.204s][info][gc,metaspace   ] GC(778) Metaspace: 9949K(10304K)->9949K(10304K) NonClass: 8646K(8896K)->8646K(8896K) Class: 1303K(1408K)->1303K(1408K)
[352.204s][info][gc             ] GC(778) Pause Young (Normal) (G1 Evacuation Pause) 165M->5M(270M) 2.558ms
[352.204s][info][gc,cpu         ] GC(778) User=0.00s Sys=0.00s Real=0.00s
[352.934s][info][gc,start       ] GC(779) Pause Young (Normal) (G1 Evacuation Pause)
[352.934s][info][gc,task        ] GC(779) Using 6 workers of 33 for evacuation
[352.936s][info][gc,phases      ] GC(779)   Pre Evacuate Collection Set: 0.1ms
[352.936s][info][gc,phases      ] GC(779)   Merge Heap Roots: 0.1ms
[352.936s][info][gc,phases      ] GC(779)   Evacuate Collection Set: 1.3ms
[352.937s][info][gc,phases      ] GC(779)   Post Evacuate Collection Set: 0.3ms
[352.937s][info][gc,phases      ] GC(779)   Other: 0.1ms
[352.937s][info][gc,heap        ] GC(779) Eden regions: 160->0(160)
[352.937s][info][gc,heap        ] GC(779) Survivor regions: 2->2(21)
[352.937s][info][gc,heap        ] GC(779) Old regions: 9->9
[352.937s][info][gc,heap        ] GC(779) Archive regions: 0->0
[352.937s][info][gc,heap        ] GC(779) Humongous regions: 0->0
[352.937s][info][gc,metaspace   ] GC(779) Metaspace: 9949K(10304K)->9949K(10304K) NonClass: 8646K(8896K)->8646K(8896K) Class: 1303K(1408K)->1303K(1408K)
[352.937s][info][gc             ] GC(779) Pause Young (Normal) (G1 Evacuation Pause) 165M->5M(270M) 2.572ms
[352.937s][info][gc,cpu         ] GC(779) User=0.00s Sys=0.00s Real=0.00s
[353.293s][info][gc,start       ] GC(780) Pause Full (System.gc())
[353.293s][info][gc,task        ] GC(780) Using 6 workers of 33 for full compaction
[353.294s][info][gc,phases,start] GC(780) Phase 1: Mark live objects
[353.299s][info][gc,phases      ] GC(780) Phase 1: Mark live objects 5.036ms
[353.299s][info][gc,phases,start] GC(780) Phase 2: Prepare compaction
[353.300s][info][gc,phases      ] GC(780) Phase 2: Prepare compaction 1.145ms
[353.300s][info][gc,phases,start] GC(780) Phase 3: Adjust pointers
[353.304s][info][gc,phases      ] GC(780) Phase 3: Adjust pointers 3.919ms
[353.304s][info][gc,phases,start] GC(780) Phase 4: Compact heap
[353.305s][info][gc,phases      ] GC(780) Phase 4: Compact heap 0.582ms
[353.309s][info][gc,heap        ] GC(780) Eden regions: 82->0(16)
[353.309s][info][gc,heap        ] GC(780) Survivor regions: 2->0(21)
[353.309s][info][gc,heap        ] GC(780) Old regions: 9->8
[353.309s][info][gc,heap        ] GC(780) Archive regions: 0->0
[353.309s][info][gc,heap        ] GC(780) Humongous regions: 0->0
[353.309s][info][gc,metaspace   ] GC(780) Metaspace: 9949K(10304K)->9949K(10304K) NonClass: 8646K(8896K)->8646K(8896K) Class: 1303K(1408K)->1303K(1408K)
[353.309s][info][gc             ] GC(780) Pause Full (System.gc()) 86M->3M(27M) 16.166ms
[353.309s][info][gc,cpu         ] GC(780) User=0.02s Sys=0.00s Real=0.02s
[353.376s][info][gc,start       ] GC(781) Pause Young (Normal) (G1 Evacuation Pause)
[353.376s][info][gc,task        ] GC(781) Using 4 workers of 33 for evacuation
[353.379s][info][gc,phases      ] GC(781)   Pre Evacuate Collection Set: 0.1ms
[353.379s][info][gc,phases      ] GC(781)   Merge Heap Roots: 0.1ms
[353.379s][info][gc,phases      ] GC(781)   Evacuate Collection Set: 2.0ms
[353.379s][info][gc,phases      ] GC(781)   Post Evacuate Collection Set: 0.2ms
[353.379s][info][gc,phases      ] GC(781)   Other: 0.1ms
[353.379s][info][gc,heap        ] GC(781) Eden regions: 16->0(13)
[353.379s][info][gc,heap        ] GC(781) Survivor regions: 0->2(2)
[353.379s][info][gc,heap        ] GC(781) Old regions: 8->8
[353.379s][info][gc,heap        ] GC(781) Archive regions: 0->0
[353.379s][info][gc,heap        ] GC(781) Humongous regions: 0->0
[353.379s][info][gc,metaspace   ] GC(781) Metaspace: 9964K(10304K)->9964K(10304K) NonClass: 8661K(8896K)->8661K(8896K) Class: 1303K(1408K)->1303K(1408K)
[353.379s][info][gc             ] GC(781) Pause Young (Normal) (G1 Evacuation Pause) 19M->5M(27M) 2.984ms
[353.379s][info][gc,cpu         ] GC(781) User=0.00s Sys=0.00s Real=0.00s
[353.436s][info][gc,start       ] GC(782) Pause Young (Normal) (G1 Evacuation Pause)
[353.436s][info][gc,task        ] GC(782) Using 3 workers of 33 for evacuation
[353.439s][info][gc,phases      ] GC(782)   Pre Evacuate Collection Set: 0.1ms
[353.439s][info][gc,phases      ] GC(782)   Merge Heap Roots: 0.1ms
[353.439s][info][gc,phases      ] GC(782)   Evacuate Collection Set: 2.4ms
[353.439s][info][gc,phases      ] GC(782)   Post Evacuate Collection Set: 0.2ms
[353.439s][info][gc,phases      ] GC(782)   Other: 0.1ms
[353.439s][info][gc,heap        ] GC(782) Eden regions: 13->0(14)
[353.439s][info][gc,heap        ] GC(782) Survivor regions: 2->1(2)
[353.439s][info][gc,heap        ] GC(782) Old regions: 8->9
[353.439s][info][gc,heap        ] GC(782) Archive regions: 0->0
[353.439s][info][gc,heap        ] GC(782) Humongous regions: 0->0
[353.439s][info][gc,metaspace   ] GC(782) Metaspace: 9964K(10304K)->9964K(10304K) NonClass: 8661K(8896K)->8661K(8896K) Class: 1303K(1408K)->1303K(1408K)
[353.439s][info][gc             ] GC(782) Pause Young (Normal) (G1 Evacuation Pause) 18M->5M(27M) 3.366ms
[353.439s][info][gc,cpu         ] GC(782) User=0.00s Sys=0.00s Real=0.00s
[353.500s][info][gc,start       ] GC(783) Pause Young (Normal) (G1 Evacuation Pause)
[353.501s][info][gc,task        ] GC(783) Using 2 workers of 33 for evacuation
[353.504s][info][gc,phases      ] GC(783)   Pre Evacuate Collection Set: 0.1ms
[353.504s][info][gc,phases      ] GC(783)   Merge Heap Roots: 0.0ms
[353.504s][info][gc,phases      ] GC(783)   Evacuate Collection Set: 2.6ms
[353.504s][info][gc,phases      ] GC(783)   Post Evacuate Collection Set: 0.2ms
[353.504s][info][gc,phases      ] GC(783)   Other: 0.1ms
[353.504s][info][gc,heap        ] GC(783) Eden regions: 14->0(14)
[353.504s][info][gc,heap        ] GC(783) Survivor regions: 1->1(2)
[353.504s][info][gc,heap        ] GC(783) Old regions: 9->9
[353.504s][info][gc,heap        ] GC(783) Archive regions: 0->0
[353.504s][info][gc,heap        ] GC(783) Humongous regions: 0->0
[353.504s][info][gc,metaspace   ] GC(783) Metaspace: 9964K(10304K)->9964K(10304K) NonClass: 8661K(8896K)->8661K(8896K) Class: 1303K(1408K)->1303K(1408K)
[353.504s][info][gc             ] GC(783) Pause Young (Normal) (G1 Evacuation Pause) 19M->5M(27M) 3.483ms
[353.504s][info][gc,cpu         ] GC(783) User=0.00s Sys=0.00s Real=0.00s
[353.562s][info][gc,start       ] GC(784) Pause Young (Normal) (G1 Evacuation Pause)
[353.562s][info][gc,task        ] GC(784) Using 2 workers of 33 for evacuation
[353.565s][info][gc,phases      ] GC(784)   Pre Evacuate Collection Set: 0.1ms
[353.565s][info][gc,phases      ] GC(784)   Merge Heap Roots: 0.0ms
[353.565s][info][gc,phases      ] GC(784)   Evacuate Collection Set: 2.5ms
[353.565s][info][gc,phases      ] GC(784)   Post Evacuate Collection Set: 0.2ms
[353.565s][info][gc,phases      ] GC(784)   Other: 0.1ms
[353.565s][info][gc,heap        ] GC(784) Eden regions: 14->0(14)
[353.565s][info][gc,heap        ] GC(784) Survivor regions: 1->1(2)
[353.565s][info][gc,heap        ] GC(784) Old regions: 9->9
[353.565s][info][gc,heap        ] GC(784) Archive regions: 0->0
[353.565s][info][gc,heap        ] GC(784) Humongous regions: 0->0
[353.565s][info][gc,metaspace   ] GC(784) Metaspace: 9964K(10304K)->9964K(10304K) NonClass: 8661K(8896K)->8661K(8896K) Class: 1303K(1408K)->1303K(1408K)
[353.565s][info][gc             ] GC(784) Pause Young (Normal) (G1 Evacuation Pause) 19M->5M(27M) 3.335ms
[353.565s][info][gc,cpu         ] GC(784) User=0.00s Sys=0.00s Real=0.00s
[353.623s][info][gc,start       ] GC(785) Pause Young (Normal) (G1 Evacuation Pause)
[353.623s][info][gc,task        ] GC(785) Using 2 workers of 33 for evacuation
[353.626s][info][gc,phases      ] GC(785)   Pre Evacuate Collection Set: 0.1ms
[353.626s][info][gc,phases      ] GC(785)   Merge Heap Roots: 0.1ms
[353.626s][info][gc,phases      ] GC(785)   Evacuate Collection Set: 2.6ms
[353.626s][info][gc,phases      ] GC(785)   Post Evacuate Collection Set: 0.2ms
[353.626s][info][gc,phases      ] GC(785)   Other: 0.1ms
[353.626s][info][gc,heap        ] GC(785) Eden regions: 14->0(14)
[353.626s][info][gc,heap        ] GC(785) Survivor regions: 1->1(2)
[353.626s][info][gc,heap        ] GC(785) Old regions: 9->9
[353.626s][info][gc,heap        ] GC(785) Archive regions: 0->0
[353.626s][info][gc,heap        ] GC(785) Humongous regions: 0->0
[353.626s][info][gc,metaspace   ] GC(785) Metaspace: 9964K(10304K)->9964K(10304K) NonClass: 8661K(8896K)->8661K(8896K) Class: 1303K(1408K)->1303K(1408K)
[353.626s][info][gc             ] GC(785) Pause Young (Normal) (G1 Evacuation Pause) 19M->5M(27M) 3.534ms
[353.626s][info][gc,cpu         ] GC(785) User=0.00s Sys=0.00s Real=0.00s
[353.685s][info][gc,start       ] GC(786) Pause Young (Normal) (G1 Evacuation Pause)
[353.685s][info][gc,task        ] GC(786) Using 2 workers of 33 for evacuation
[353.692s][info][gc,phases      ] GC(786)   Pre Evacuate Collection Set: 0.1ms
[353.692s][info][gc,phases      ] GC(786)   Merge Heap Roots: 0.0ms
[353.692s][info][gc,phases      ] GC(786)   Evacuate Collection Set: 2.6ms
[353.692s][info][gc,phases      ] GC(786)   Post Evacuate Collection Set: 3.8ms
[353.692s][info][gc,phases      ] GC(786)   Other: 0.1ms
[353.692s][info][gc,heap        ] GC(786) Eden regions: 14->0(161)
[353.692s][info][gc,heap        ] GC(786) Survivor regions: 1->1(2)
[353.692s][info][gc,heap        ] GC(786) Old regions: 9->9
[353.692s][info][gc,heap        ] GC(786) Archive regions: 0->0
[353.692s][info][gc,heap        ] GC(786) Humongous regions: 0->0
[353.692s][info][gc,metaspace   ] GC(786) Metaspace: 9964K(10304K)->9964K(10304K) NonClass: 8661K(8896K)->8661K(8896K) Class: 1303K(1408K)->1303K(1408K)
[353.692s][info][gc             ] GC(786) Pause Young (Normal) (G1 Evacuation Pause) 19M->5M(270M) 7.161ms
[353.692s][info][gc,cpu         ] GC(786) User=0.00s Sys=0.00s Real=0.00s
[354.438s][info][gc,start       ] GC(787) Pause Young (Normal) (G1 Evacuation Pause)
[354.438s][info][gc,task        ] GC(787) Using 6 workers of 33 for evacuation
[354.440s][info][gc,phases      ] GC(787)   Pre Evacuate Collection Set: 0.1ms
[354.440s][info][gc,phases      ] GC(787)   Merge Heap Roots: 0.1ms
[354.440s][info][gc,phases      ] GC(787)   Evacuate Collection Set: 1.7ms
[354.440s][info][gc,phases      ] GC(787)   Post Evacuate Collection Set: 0.4ms
[354.440s][info][gc,phases      ] GC(787)   Other: 0.1ms
[354.440s][info][gc,heap        ] GC(787) Eden regions: 161->0(160)
[354.440s][info][gc,heap        ] GC(787) Survivor regions: 1->2(21)
[354.440s][info][gc,heap        ] GC(787) Old regions: 9->9
[354.440s][info][gc,heap        ] GC(787) Archive regions: 0->0
[354.440s][info][gc,heap        ] GC(787) Humongous regions: 0->0
[354.440s][info][gc,metaspace   ] GC(787) Metaspace: 9964K(10304K)->9964K(10304K) NonClass: 8661K(8896K)->8661K(8896K) Class: 1303K(1408K)->1303K(1408K)
[354.441s][info][gc             ] GC(787) Pause Young (Normal) (G1 Evacuation Pause) 166M->5M(270M) 2.966ms
[354.441s][info][gc,cpu         ] GC(787) User=0.02s Sys=0.00s Real=0.02s
[355.144s][info][gc,start       ] GC(788) Pause Young (Normal) (G1 Evacuation Pause)
[355.144s][info][gc,task        ] GC(788) Using 6 workers of 33 for evacuation
[355.146s][info][gc,phases      ] GC(788)   Pre Evacuate Collection Set: 0.1ms
[355.146s][info][gc,phases      ] GC(788)   Merge Heap Roots: 0.1ms
[355.146s][info][gc,phases      ] GC(788)   Evacuate Collection Set: 1.5ms
[355.146s][info][gc,phases      ] GC(788)   Post Evacuate Collection Set: 0.4ms
[355.146s][info][gc,phases      ] GC(788)   Other: 0.1ms
[355.146s][info][gc,heap        ] GC(788) Eden regions: 160->0(160)
[355.146s][info][gc,heap        ] GC(788) Survivor regions: 2->2(21)
[355.146s][info][gc,heap        ] GC(788) Old regions: 9->9
[355.146s][info][gc,heap        ] GC(788) Archive regions: 0->0
[355.146s][info][gc,heap        ] GC(788) Humongous regions: 0->0
[355.146s][info][gc,metaspace   ] GC(788) Metaspace: 9964K(10304K)->9964K(10304K) NonClass: 8661K(8896K)->8661K(8896K) Class: 1303K(1408K)->1303K(1408K)
[355.146s][info][gc             ] GC(788) Pause Young (Normal) (G1 Evacuation Pause) 165M->5M(270M) 2.694ms
[355.146s][info][gc,cpu         ] GC(788) User=0.00s Sys=0.00s Real=0.00s
[355.838s][info][gc,start       ] GC(789) Pause Young (Normal) (G1 Evacuation Pause)
[355.839s][info][gc,task        ] GC(789) Using 6 workers of 33 for evacuation
[355.841s][info][gc,phases      ] GC(789)   Pre Evacuate Collection Set: 0.1ms
[355.841s][info][gc,phases      ] GC(789)   Merge Heap Roots: 0.1ms
[355.841s][info][gc,phases      ] GC(789)   Evacuate Collection Set: 1.4ms
[355.841s][info][gc,phases      ] GC(789)   Post Evacuate Collection Set: 0.3ms
[355.841s][info][gc,phases      ] GC(789)   Other: 0.1ms
[355.841s][info][gc,heap        ] GC(789) Eden regions: 160->0(160)
[355.841s][info][gc,heap        ] GC(789) Survivor regions: 2->2(21)
[355.841s][info][gc,heap        ] GC(789) Old regions: 9->9
[355.841s][info][gc,heap        ] GC(789) Archive regions: 0->0
[355.841s][info][gc,heap        ] GC(789) Humongous regions: 0->0
[355.841s][info][gc,metaspace   ] GC(789) Metaspace: 9964K(10304K)->9964K(10304K) NonClass: 8661K(8896K)->8661K(8896K) Class: 1303K(1408K)->1303K(1408K)
[355.841s][info][gc             ] GC(789) Pause Young (Normal) (G1 Evacuation Pause) 165M->5M(270M) 2.600ms
[355.841s][info][gc,cpu         ] GC(789) User=0.00s Sys=0.00s Real=0.00s
[356.530s][info][gc,start       ] GC(790) Pause Young (Normal) (G1 Evacuation Pause)
[356.530s][info][gc,task        ] GC(790) Using 6 workers of 33 for evacuation
[356.533s][info][gc,phases      ] GC(790)   Pre Evacuate Collection Set: 0.1ms
[356.533s][info][gc,phases      ] GC(790)   Merge Heap Roots: 0.1ms
[356.533s][info][gc,phases      ] GC(790)   Evacuate Collection Set: 1.5ms
[356.533s][info][gc,phases      ] GC(790)   Post Evacuate Collection Set: 0.3ms
[356.533s][info][gc,phases      ] GC(790)   Other: 0.1ms
[356.533s][info][gc,heap        ] GC(790) Eden regions: 160->0(160)
[356.533s][info][gc,heap        ] GC(790) Survivor regions: 2->2(21)
[356.533s][info][gc,heap        ] GC(790) Old regions: 9->9
[356.533s][info][gc,heap        ] GC(790) Archive regions: 0->0
[356.533s][info][gc,heap        ] GC(790) Humongous regions: 0->0
[356.533s][info][gc,metaspace   ] GC(790) Metaspace: 9964K(10304K)->9964K(10304K) NonClass: 8661K(8896K)->8661K(8896K) Class: 1303K(1408K)->1303K(1408K)
[356.533s][info][gc             ] GC(790) Pause Young (Normal) (G1 Evacuation Pause) 165M->5M(270M) 2.766ms
[356.533s][info][gc,cpu         ] GC(790) User=0.09s Sys=0.00s Real=0.02s
[357.222s][info][gc,start       ] GC(791) Pause Young (Normal) (G1 Evacuation Pause)
[357.222s][info][gc,task        ] GC(791) Using 6 workers of 33 for evacuation
[357.224s][info][gc,phases      ] GC(791)   Pre Evacuate Collection Set: 0.1ms
[357.224s][info][gc,phases      ] GC(791)   Merge Heap Roots: 0.1ms
[357.225s][info][gc,phases      ] GC(791)   Evacuate Collection Set: 1.3ms
[357.225s][info][gc,phases      ] GC(791)   Post Evacuate Collection Set: 0.3ms
[357.225s][info][gc,phases      ] GC(791)   Other: 0.1ms
[357.225s][info][gc,heap        ] GC(791) Eden regions: 160->0(160)
[357.225s][info][gc,heap        ] GC(791) Survivor regions: 2->2(21)
[357.225s][info][gc,heap        ] GC(791) Old regions: 9->9
[357.225s][info][gc,heap        ] GC(791) Archive regions: 0->0
[357.225s][info][gc,heap        ] GC(791) Humongous regions: 0->0
[357.225s][info][gc,metaspace   ] GC(791) Metaspace: 9964K(10304K)->9964K(10304K) NonClass: 8661K(8896K)->8661K(8896K) Class: 1303K(1408K)->1303K(1408K)
[357.225s][info][gc             ] GC(791) Pause Young (Normal) (G1 Evacuation Pause) 165M->5M(270M) 2.535ms
[357.225s][info][gc,cpu         ] GC(791) User=0.00s Sys=0.00s Real=0.00s
[357.929s][info][gc,start       ] GC(792) Pause Young (Normal) (G1 Evacuation Pause)
[357.929s][info][gc,task        ] GC(792) Using 6 workers of 33 for evacuation
[357.931s][info][gc,phases      ] GC(792)   Pre Evacuate Collection Set: 0.1ms
[357.931s][info][gc,phases      ] GC(792)   Merge Heap Roots: 0.1ms
[357.931s][info][gc,phases      ] GC(792)   Evacuate Collection Set: 1.3ms
[357.932s][info][gc,phases      ] GC(792)   Post Evacuate Collection Set: 0.3ms
[357.932s][info][gc,phases      ] GC(792)   Other: 0.1ms
[357.932s][info][gc,heap        ] GC(792) Eden regions: 160->0(160)
[357.932s][info][gc,heap        ] GC(792) Survivor regions: 2->2(21)
[357.932s][info][gc,heap        ] GC(792) Old regions: 9->9
[357.932s][info][gc,heap        ] GC(792) Archive regions: 0->0
[357.932s][info][gc,heap        ] GC(792) Humongous regions: 0->0
[357.932s][info][gc,metaspace   ] GC(792) Metaspace: 9964K(10304K)->9964K(10304K) NonClass: 8661K(8896K)->8661K(8896K) Class: 1303K(1408K)->1303K(1408K)
[357.932s][info][gc             ] GC(792) Pause Young (Normal) (G1 Evacuation Pause) 165M->5M(270M) 2.517ms
[357.932s][info][gc,cpu         ] GC(792) User=0.00s Sys=0.00s Real=0.00s
[358.638s][info][gc,start       ] GC(793) Pause Young (Normal) (G1 Evacuation Pause)
[358.638s][info][gc,task        ] GC(793) Using 6 workers of 33 for evacuation
[358.640s][info][gc,phases      ] GC(793)   Pre Evacuate Collection Set: 0.1ms
[358.640s][info][gc,phases      ] GC(793)   Merge Heap Roots: 0.1ms
[358.640s][info][gc,phases      ] GC(793)   Evacuate Collection Set: 1.3ms
[358.640s][info][gc,phases      ] GC(793)   Post Evacuate Collection Set: 0.3ms
[358.640s][info][gc,phases      ] GC(793)   Other: 0.1ms
[358.640s][info][gc,heap        ] GC(793) Eden regions: 160->0(160)
[358.640s][info][gc,heap        ] GC(793) Survivor regions: 2->2(21)
[358.640s][info][gc,heap        ] GC(793) Old regions: 9->9
[358.640s][info][gc,heap        ] GC(793) Archive regions: 0->0
[358.640s][info][gc,heap        ] GC(793) Humongous regions: 0->0
[358.640s][info][gc,metaspace   ] GC(793) Metaspace: 9964K(10304K)->9964K(10304K) NonClass: 8661K(8896K)->8661K(8896K) Class: 1303K(1408K)->1303K(1408K)
[358.640s][info][gc             ] GC(793) Pause Young (Normal) (G1 Evacuation Pause) 165M->5M(270M) 2.601ms
[358.640s][info][gc,cpu         ] GC(793) User=0.02s Sys=0.00s Real=0.00s
[359.343s][info][gc,start       ] GC(794) Pause Young (Normal) (G1 Evacuation Pause)
[359.343s][info][gc,task        ] GC(794) Using 6 workers of 33 for evacuation
[359.345s][info][gc,phases      ] GC(794)   Pre Evacuate Collection Set: 0.1ms
[359.345s][info][gc,phases      ] GC(794)   Merge Heap Roots: 0.1ms
[359.346s][info][gc,phases      ] GC(794)   Evacuate Collection Set: 1.3ms
[359.346s][info][gc,phases      ] GC(794)   Post Evacuate Collection Set: 0.3ms
[359.346s][info][gc,phases      ] GC(794)   Other: 0.1ms
[359.346s][info][gc,heap        ] GC(794) Eden regions: 160->0(160)
[359.346s][info][gc,heap        ] GC(794) Survivor regions: 2->2(21)
[359.346s][info][gc,heap        ] GC(794) Old regions: 9->9
[359.346s][info][gc,heap        ] GC(794) Archive regions: 0->0
[359.346s][info][gc,heap        ] GC(794) Humongous regions: 0->0
[359.346s][info][gc,metaspace   ] GC(794) Metaspace: 9964K(10304K)->9964K(10304K) NonClass: 8661K(8896K)->8661K(8896K) Class: 1303K(1408K)->1303K(1408K)
[359.346s][info][gc             ] GC(794) Pause Young (Normal) (G1 Evacuation Pause) 165M->5M(270M) 2.554ms
[359.346s][info][gc,cpu         ] GC(794) User=0.00s Sys=0.00s Real=0.00s
[360.035s][info][gc,start       ] GC(795) Pause Young (Normal) (G1 Evacuation Pause)
[360.035s][info][gc,task        ] GC(795) Using 6 workers of 33 for evacuation
[360.037s][info][gc,phases      ] GC(795)   Pre Evacuate Collection Set: 0.1ms
[360.038s][info][gc,phases      ] GC(795)   Merge Heap Roots: 0.1ms
[360.038s][info][gc,phases      ] GC(795)   Evacuate Collection Set: 1.4ms
[360.038s][info][gc,phases      ] GC(795)   Post Evacuate Collection Set: 0.3ms
[360.038s][info][gc,phases      ] GC(795)   Other: 0.1ms
[360.038s][info][gc,heap        ] GC(795) Eden regions: 160->0(160)
[360.038s][info][gc,heap        ] GC(795) Survivor regions: 2->2(21)
[360.038s][info][gc,heap        ] GC(795) Old regions: 9->9
[360.038s][info][gc,heap        ] GC(795) Archive regions: 0->0
[360.038s][info][gc,heap        ] GC(795) Humongous regions: 0->0
[360.038s][info][gc,metaspace   ] GC(795) Metaspace: 9964K(10304K)->9964K(10304K) NonClass: 8661K(8896K)->8661K(8896K) Class: 1303K(1408K)->1303K(1408K)
[360.038s][info][gc             ] GC(795) Pause Young (Normal) (G1 Evacuation Pause) 165M->5M(270M) 2.590ms
[360.038s][info][gc,cpu         ] GC(795) User=0.00s Sys=0.00s Real=0.00s
[360.416s][info][gc,heap,exit   ] Heap
[360.416s][info][gc,heap,exit   ]  garbage-first heap   total 276480K, used 90543K [0x00000000e0000000, 0x0000000100000000)
[360.416s][info][gc,heap,exit   ]   region size 1024K, 85 young (87040K), 2 survivors (2048K)
[360.416s][info][gc,heap,exit   ]  Metaspace       used 10025K, committed 10368K, reserved 1114112K
[360.416s][info][gc,heap,exit   ]   class space    used 1312K, committed 1408K, reserved 1048576K
