[0.017s][info][gc,init] CardTable entry size: 512
[0.017s][info][gc     ] Using Parallel
[0.027s][info][gc,init] Version: 20+36-2344 (release)
[0.027s][info][gc,init] CPUs: 48 total, 48 available
[0.027s][info][gc,init] Memory: 382G
[0.027s][info][gc,init] Large Page Support: Disabled
[0.027s][info][gc,init] NUMA Support: Disabled
[0.027s][info][gc,init] Compressed Oops: Enabled (32-bit)
[0.027s][info][gc,init] Alignments: Space 512K, Generation 512K, Heap 2M
[0.027s][info][gc,init] Heap Min Capacity: 8M
[0.027s][info][gc,init] Heap Initial Capacity: 2G
[0.035s][info][gc,init] Heap Max Capacity: 2G
[0.035s][info][gc,init] Pre-touch: Disabled
[0.035s][info][gc,init] Parallel Workers: 33
[0.036s][info][gc,metaspace] CDS archive(s) mapped at: [0x0000000800000000-0x0000000800c60000-0x0000000800c60000), size 12976128, SharedBaseAddress: 0x0000000800000000, ArchiveRelocationMode: 0.
[0.036s][info][gc,metaspace] Compressed class space mapped at: 0x0000000801000000-0x0000000841000000, reserved size: 1073741824
[0.036s][info][gc,metaspace] Narrow klass base: 0x0000000800000000, Narrow klass shift: 0, Narrow klass range: 0x100000000
[1.123s][info][gc,start    ] GC(0) Pause Young (System.gc())
[1.132s][info][gc,heap     ] GC(0) PSYoungGen: 115617K(611840K)->4324K(611840K) Eden: 115617K(524800K)->0K(524800K) From: 0K(87040K)->4324K(87040K)
[1.133s][info][gc,heap     ] GC(0) ParOldGen: 0K(1398272K)->16K(1398272K)
[1.133s][info][gc,metaspace] GC(0) Metaspace: 8306K(8512K)->8306K(8512K) NonClass: 7192K(7296K)->7192K(7296K) Class: 1114K(1216K)->1114K(1216K)
[1.133s][info][gc          ] GC(0) Pause Young (System.gc()) 112M->4M(1963M) 10.007ms
[1.133s][info][gc,cpu      ] GC(0) User=0.00s Sys=0.00s Real=0.00s
[1.133s][info][gc,start    ] GC(1) Pause Full (System.gc())
[1.133s][info][gc,phases,start] GC(1) Marking Phase
[1.143s][info][gc,phases      ] GC(1) Marking Phase 10.410ms
[1.143s][info][gc,phases,start] GC(1) Summary Phase
[1.143s][info][gc,phases      ] GC(1) Summary Phase 0.022ms
[1.143s][info][gc,phases,start] GC(1) Adjust Roots
[1.147s][info][gc,phases      ] GC(1) Adjust Roots 3.342ms
[1.147s][info][gc,phases,start] GC(1) Compaction Phase
[1.154s][info][gc,phases      ] GC(1) Compaction Phase 7.518ms
[1.154s][info][gc,phases,start] GC(1) Post Compact
[1.156s][info][gc,phases      ] GC(1) Post Compact 1.349ms
[1.156s][info][gc,heap        ] GC(1) PSYoungGen: 4324K(611840K)->0K(611840K) Eden: 0K(524800K)->0K(524800K) From: 4324K(87040K)->0K(87040K)
[1.156s][info][gc,heap        ] GC(1) ParOldGen: 16K(1398272K)->3816K(1398272K)
[1.156s][info][gc,metaspace   ] GC(1) Metaspace: 8306K(8512K)->8306K(8512K) NonClass: 7192K(7296K)->7192K(7296K) Class: 1114K(1216K)->1114K(1216K)
[1.156s][info][gc             ] GC(1) Pause Full (System.gc()) 4M->3M(1963M) 22.898ms
[1.156s][info][gc,cpu         ] GC(1) User=0.41s Sys=0.03s Real=0.03s
[3.115s][info][gc,start       ] GC(2) Pause Young (Allocation Failure)
[3.118s][info][gc,heap        ] GC(2) PSYoungGen: 524800K(611840K)->2048K(611840K) Eden: 524800K(524800K)->0K(524800K) From: 0K(87040K)->2048K(87040K)
[3.118s][info][gc,heap        ] GC(2) ParOldGen: 3816K(1398272K)->3824K(1398272K)
[3.118s][info][gc,metaspace   ] GC(2) Metaspace: 9821K(10112K)->9821K(10112K) NonClass: 8521K(8704K)->8521K(8704K) Class: 1300K(1408K)->1300K(1408K)
[3.118s][info][gc             ] GC(2) Pause Young (Allocation Failure) 516M->5M(1963M) 2.890ms
[3.118s][info][gc,cpu         ] GC(2) User=0.00s Sys=0.00s Real=0.00s
[5.124s][info][gc,start       ] GC(3) Pause Young (Allocation Failure)
[5.125s][info][gc,heap        ] GC(3) PSYoungGen: 526848K(611840K)->2080K(611840K) Eden: 524800K(524800K)->0K(524800K) From: 2048K(87040K)->2080K(87040K)
[5.125s][info][gc,heap        ] GC(3) ParOldGen: 3824K(1398272K)->3832K(1398272K)
[5.125s][info][gc,metaspace   ] GC(3) Metaspace: 9828K(10112K)->9828K(10112K) NonClass: 8527K(8704K)->8527K(8704K) Class: 1300K(1408K)->1300K(1408K)
[5.125s][info][gc             ] GC(3) Pause Young (Allocation Failure) 518M->5M(1963M) 1.576ms
[5.125s][info][gc,cpu         ] GC(3) User=0.00s Sys=0.00s Real=0.00s
[7.159s][info][gc,start       ] GC(4) Pause Young (Allocation Failure)
[7.161s][info][gc,heap        ] GC(4) PSYoungGen: 526880K(611840K)->2112K(611840K) Eden: 524800K(524800K)->0K(524800K) From: 2080K(87040K)->2112K(87040K)
[7.161s][info][gc,heap        ] GC(4) ParOldGen: 3832K(1398272K)->3840K(1398272K)
[7.161s][info][gc,metaspace   ] GC(4) Metaspace: 9828K(10112K)->9828K(10112K) NonClass: 8527K(8704K)->8527K(8704K) Class: 1300K(1408K)->1300K(1408K)
[7.161s][info][gc             ] GC(4) Pause Young (Allocation Failure) 518M->5M(1963M) 1.964ms
[7.161s][info][gc,cpu         ] GC(4) User=0.02s Sys=0.00s Real=0.02s
[7.947s][info][gc,start       ] GC(5) Pause Young (System.gc())
[7.949s][info][gc,heap        ] GC(5) PSYoungGen: 203849K(611840K)->1088K(611840K) Eden: 201737K(524800K)->0K(524800K) From: 2112K(87040K)->1088K(87040K)
[7.949s][info][gc,heap        ] GC(5) ParOldGen: 3840K(1398272K)->3848K(1398272K)
[7.949s][info][gc,metaspace   ] GC(5) Metaspace: 9889K(10176K)->9889K(10176K) NonClass: 8577K(8768K)->8577K(8768K) Class: 1312K(1408K)->1312K(1408K)
[7.949s][info][gc             ] GC(5) Pause Young (System.gc()) 202M->4M(1963M) 1.934ms
[7.949s][info][gc,cpu         ] GC(5) User=0.00s Sys=0.00s Real=0.00s
[7.949s][info][gc,start       ] GC(6) Pause Full (System.gc())
[7.949s][info][gc,phases,start] GC(6) Marking Phase
[7.969s][info][gc,phases      ] GC(6) Marking Phase 19.618ms
[7.969s][info][gc,phases,start] GC(6) Summary Phase
[7.969s][info][gc,phases      ] GC(6) Summary Phase 0.022ms
[7.969s][info][gc,phases,start] GC(6) Adjust Roots
[7.975s][info][gc,phases      ] GC(6) Adjust Roots 5.849ms
[7.975s][info][gc,phases,start] GC(6) Compaction Phase
[7.985s][info][gc,phases      ] GC(6) Compaction Phase 9.931ms
[7.985s][info][gc,phases,start] GC(6) Post Compact
[7.986s][info][gc,phases      ] GC(6) Post Compact 0.893ms
[7.986s][info][gc,heap        ] GC(6) PSYoungGen: 1088K(611840K)->0K(611840K) Eden: 0K(524800K)->0K(524800K) From: 1088K(87040K)->0K(87040K)
[7.986s][info][gc,heap        ] GC(6) ParOldGen: 3848K(1398272K)->4070K(1398272K)
[7.986s][info][gc,metaspace   ] GC(6) Metaspace: 9889K(10176K)->9850K(10176K) NonClass: 8577K(8768K)->8550K(8768K) Class: 1312K(1408K)->1300K(1408K)
[7.986s][info][gc             ] GC(6) Pause Full (System.gc()) 4M->3M(1963M) 36.665ms
[7.986s][info][gc,cpu         ] GC(6) User=0.53s Sys=0.00s Real=0.03s
[10.010s][info][gc,start       ] GC(7) Pause Young (Allocation Failure)
[10.011s][info][gc,heap        ] GC(7) PSYoungGen: 524800K(611840K)->1760K(611840K) Eden: 524800K(524800K)->0K(524800K) From: 0K(87040K)->1760K(87040K)
[10.011s][info][gc,heap        ] GC(7) ParOldGen: 4070K(1398272K)->4070K(1398272K)
[10.011s][info][gc,metaspace   ] GC(7) Metaspace: 9850K(10176K)->9850K(10176K) NonClass: 8550K(8768K)->8550K(8768K) Class: 1300K(1408K)->1300K(1408K)
[10.011s][info][gc             ] GC(7) Pause Young (Allocation Failure) 516M->5M(1963M) 1.172ms
[10.011s][info][gc,cpu         ] GC(7) User=0.00s Sys=0.00s Real=0.00s
[12.069s][info][gc,start       ] GC(8) Pause Young (Allocation Failure)
[12.073s][info][gc,heap        ] GC(8) PSYoungGen: 526560K(611840K)->1728K(514048K) Eden: 524800K(524800K)->0K(512000K) From: 1760K(87040K)->1728K(2048K)
[12.073s][info][gc,heap        ] GC(8) ParOldGen: 4070K(1398272K)->4070K(1398272K)
[12.073s][info][gc,metaspace   ] GC(8) Metaspace: 9850K(10176K)->9850K(10176K) NonClass: 8550K(8768K)->8550K(8768K) Class: 1300K(1408K)->1300K(1408K)
[12.073s][info][gc             ] GC(8) Pause Young (Allocation Failure) 518M->5M(1867M) 3.503ms
[12.073s][info][gc,cpu         ] GC(8) User=0.00s Sys=0.00s Real=0.00s
[14.081s][info][gc,start       ] GC(9) Pause Young (Allocation Failure)
[14.123s][info][gc,heap        ] GC(9) PSYoungGen: 513728K(514048K)->1792K(501760K) Eden: 512000K(512000K)->0K(499712K) From: 1728K(2048K)->1792K(2048K)
[14.123s][info][gc,heap        ] GC(9) ParOldGen: 4070K(1398272K)->4070K(1398272K)
[14.123s][info][gc,metaspace   ] GC(9) Metaspace: 9850K(10176K)->9850K(10176K) NonClass: 8550K(8768K)->8550K(8768K) Class: 1300K(1408K)->1300K(1408K)
[14.123s][info][gc             ] GC(9) Pause Young (Allocation Failure) 505M->5M(1855M) 42.119ms
[14.123s][info][gc,cpu         ] GC(9) User=0.09s Sys=0.42s Real=0.05s
[14.483s][info][gc,start       ] GC(10) Pause Young (System.gc())
[14.484s][info][gc,heap        ] GC(10) PSYoungGen: 102572K(501760K)->352K(500224K) Eden: 100780K(499712K)->0K(499712K) From: 1792K(2048K)->352K(512K)
[14.484s][info][gc,heap        ] GC(10) ParOldGen: 4070K(1398272K)->4070K(1398272K)
[14.484s][info][gc,metaspace   ] GC(10) Metaspace: 9850K(10176K)->9850K(10176K) NonClass: 8550K(8768K)->8550K(8768K) Class: 1300K(1408K)->1300K(1408K)
[14.484s][info][gc             ] GC(10) Pause Young (System.gc()) 104M->4M(1854M) 1.051ms
[14.484s][info][gc,cpu         ] GC(10) User=0.00s Sys=0.00s Real=0.00s
[14.484s][info][gc,start       ] GC(11) Pause Full (System.gc())
[14.484s][info][gc,phases,start] GC(11) Marking Phase
[14.501s][info][gc,phases      ] GC(11) Marking Phase 17.139ms
[14.501s][info][gc,phases,start] GC(11) Summary Phase
[14.501s][info][gc,phases      ] GC(11) Summary Phase 0.022ms
[14.501s][info][gc,phases,start] GC(11) Adjust Roots
[14.506s][info][gc,phases      ] GC(11) Adjust Roots 4.393ms
[14.506s][info][gc,phases,start] GC(11) Compaction Phase
[14.509s][info][gc,phases      ] GC(11) Compaction Phase 3.910ms
[14.510s][info][gc,phases,start] GC(11) Post Compact
[14.510s][info][gc,phases      ] GC(11) Post Compact 0.664ms
[14.510s][info][gc,heap        ] GC(11) PSYoungGen: 352K(500224K)->0K(500224K) Eden: 0K(499712K)->0K(499712K) From: 352K(512K)->0K(512K)
[14.510s][info][gc,heap        ] GC(11) ParOldGen: 4070K(1398272K)->4069K(1398272K)
[14.510s][info][gc,metaspace   ] GC(11) Metaspace: 9850K(10176K)->9850K(10176K) NonClass: 8550K(8768K)->8550K(8768K) Class: 1300K(1408K)->1300K(1408K)
[14.510s][info][gc             ] GC(11) Pause Full (System.gc()) 4M->3M(1854M) 26.353ms
[14.510s][info][gc,cpu         ] GC(11) User=0.53s Sys=0.00s Real=0.03s
[16.458s][info][gc,start       ] GC(12) Pause Young (Allocation Failure)
[16.461s][info][gc,heap        ] GC(12) PSYoungGen: 499712K(500224K)->1728K(489984K) Eden: 499712K(499712K)->0K(487936K) From: 0K(512K)->1728K(2048K)
[16.461s][info][gc,heap        ] GC(12) ParOldGen: 4069K(1398272K)->4069K(1398272K)
[16.461s][info][gc,metaspace   ] GC(12) Metaspace: 9857K(10176K)->9857K(10176K) NonClass: 8557K(8768K)->8557K(8768K) Class: 1300K(1408K)->1300K(1408K)
[16.461s][info][gc             ] GC(12) Pause Young (Allocation Failure) 491M->5M(1844M) 2.567ms
[16.461s][info][gc,cpu         ] GC(12) User=0.00s Sys=0.00s Real=0.00s
[18.344s][info][gc,start       ] GC(13) Pause Young (Allocation Failure)
[18.346s][info][gc,heap        ] GC(13) PSYoungGen: 489664K(489984K)->1792K(478720K) Eden: 487936K(487936K)->0K(476672K) From: 1728K(2048K)->1792K(2048K)
[18.346s][info][gc,heap        ] GC(13) ParOldGen: 4069K(1398272K)->4069K(1398272K)
[18.346s][info][gc,metaspace   ] GC(13) Metaspace: 9857K(10176K)->9857K(10176K) NonClass: 8557K(8768K)->8557K(8768K) Class: 1300K(1408K)->1300K(1408K)
[18.346s][info][gc             ] GC(13) Pause Young (Allocation Failure) 482M->5M(1833M) 2.669ms
[18.346s][info][gc,cpu         ] GC(13) User=0.16s Sys=0.36s Real=0.01s
[20.226s][info][gc,start       ] GC(14) Pause Young (Allocation Failure)
[20.228s][info][gc,heap        ] GC(14) PSYoungGen: 478464K(478720K)->1440K(466944K) Eden: 476672K(476672K)->0K(465408K) From: 1792K(2048K)->1440K(1536K)
[20.228s][info][gc,heap        ] GC(14) ParOldGen: 4069K(1398272K)->4693K(1398272K)
[20.228s][info][gc,metaspace   ] GC(14) Metaspace: 9857K(10176K)->9857K(10176K) NonClass: 8557K(8768K)->8557K(8768K) Class: 1300K(1408K)->1300K(1408K)
[20.228s][info][gc             ] GC(14) Pause Young (Allocation Failure) 471M->5M(1821M) 1.983ms
[20.229s][info][gc,cpu         ] GC(14) User=0.00s Sys=0.00s Real=0.00s
[20.931s][info][gc,start       ] GC(15) Pause Young (System.gc())
[20.933s][info][gc,heap        ] GC(15) PSYoungGen: 185495K(466944K)->1184K(466944K) Eden: 184055K(465408K)->0K(465408K) From: 1440K(1536K)->1184K(1536K)
[20.933s][info][gc,heap        ] GC(15) ParOldGen: 4693K(1398272K)->5261K(1398272K)
[20.933s][info][gc,metaspace   ] GC(15) Metaspace: 9857K(10176K)->9857K(10176K) NonClass: 8557K(8768K)->8557K(8768K) Class: 1300K(1408K)->1300K(1408K)
[20.933s][info][gc             ] GC(15) Pause Young (System.gc()) 185M->6M(1821M) 1.849ms
[20.933s][info][gc,cpu         ] GC(15) User=0.00s Sys=0.00s Real=0.00s
[20.933s][info][gc,start       ] GC(16) Pause Full (System.gc())
[20.933s][info][gc,phases,start] GC(16) Marking Phase
[20.949s][info][gc,phases      ] GC(16) Marking Phase 15.868ms
[20.949s][info][gc,phases,start] GC(16) Summary Phase
[20.949s][info][gc,phases      ] GC(16) Summary Phase 0.018ms
[20.949s][info][gc,phases,start] GC(16) Adjust Roots
[20.953s][info][gc,phases      ] GC(16) Adjust Roots 4.150ms
[20.953s][info][gc,phases,start] GC(16) Compaction Phase
[20.957s][info][gc,phases      ] GC(16) Compaction Phase 3.966ms
[20.957s][info][gc,phases,start] GC(16) Post Compact
[20.958s][info][gc,phases      ] GC(16) Post Compact 0.690ms
[20.958s][info][gc,heap        ] GC(16) PSYoungGen: 1184K(466944K)->0K(466944K) Eden: 0K(465408K)->0K(465408K) From: 1184K(1536K)->0K(1536K)
[20.958s][info][gc,heap        ] GC(16) ParOldGen: 5261K(1398272K)->4069K(1398272K)
[20.958s][info][gc,metaspace   ] GC(16) Metaspace: 9857K(10176K)->9857K(10176K) NonClass: 8557K(8768K)->8557K(8768K) Class: 1300K(1408K)->1300K(1408K)
[20.958s][info][gc             ] GC(16) Pause Full (System.gc()) 6M->3M(1821M) 24.907ms
[20.958s][info][gc,cpu         ] GC(16) User=0.55s Sys=0.00s Real=0.03s
[22.813s][info][gc,start       ] GC(17) Pause Young (Allocation Failure)
[22.814s][info][gc,heap        ] GC(17) PSYoungGen: 465408K(466944K)->1632K(456704K) Eden: 465408K(465408K)->0K(454656K) From: 0K(1536K)->1632K(2048K)
[22.814s][info][gc,heap        ] GC(17) ParOldGen: 4069K(1398272K)->4069K(1398272K)
[22.814s][info][gc,metaspace   ] GC(17) Metaspace: 9859K(10176K)->9859K(10176K) NonClass: 8559K(8768K)->8559K(8768K) Class: 1300K(1408K)->1300K(1408K)
[22.814s][info][gc             ] GC(17) Pause Young (Allocation Failure) 458M->5M(1811M) 1.550ms
[22.814s][info][gc,cpu         ] GC(17) User=0.00s Sys=0.00s Real=0.00s
[24.619s][info][gc,start       ] GC(18) Pause Young (Allocation Failure)
[24.621s][info][gc,heap        ] GC(18) PSYoungGen: 456288K(456704K)->1440K(445952K) Eden: 454656K(454656K)->0K(444416K) From: 1632K(2048K)->1440K(1536K)
[24.621s][info][gc,heap        ] GC(18) ParOldGen: 4069K(1398272K)->4573K(1398272K)
[24.621s][info][gc,metaspace   ] GC(18) Metaspace: 9859K(10176K)->9859K(10176K) NonClass: 8559K(8768K)->8559K(8768K) Class: 1300K(1408K)->1300K(1408K)
[24.621s][info][gc             ] GC(18) Pause Young (Allocation Failure) 449M->5M(1801M) 2.116ms
[24.621s][info][gc,cpu         ] GC(18) User=0.00s Sys=0.00s Real=0.00s
[26.395s][info][gc,start       ] GC(19) Pause Young (Allocation Failure)
[26.397s][info][gc,heap        ] GC(19) PSYoungGen: 445856K(445952K)->1248K(436224K) Eden: 444416K(444416K)->0K(434688K) From: 1440K(1536K)->1248K(1536K)
[26.397s][info][gc,heap        ] GC(19) ParOldGen: 4573K(1398272K)->4853K(1398272K)
[26.397s][info][gc,metaspace   ] GC(19) Metaspace: 9859K(10176K)->9859K(10176K) NonClass: 8559K(8768K)->8559K(8768K) Class: 1300K(1408K)->1300K(1408K)
[26.397s][info][gc             ] GC(19) Pause Young (Allocation Failure) 439M->5M(1791M) 1.655ms
[26.397s][info][gc,cpu         ] GC(19) User=0.00s Sys=0.00s Real=0.00s
[27.456s][info][gc,start       ] GC(20) Pause Young (System.gc())
[27.457s][info][gc,heap        ] GC(20) PSYoungGen: 268726K(436224K)->1088K(436224K) Eden: 267478K(434688K)->0K(434688K) From: 1248K(1536K)->1088K(1536K)
[27.457s][info][gc,heap        ] GC(20) ParOldGen: 4853K(1398272K)->5301K(1398272K)
[27.457s][info][gc,metaspace   ] GC(20) Metaspace: 9859K(10176K)->9859K(10176K) NonClass: 8559K(8768K)->8559K(8768K) Class: 1300K(1408K)->1300K(1408K)
[27.457s][info][gc             ] GC(20) Pause Young (System.gc()) 267M->6M(1791M) 1.804ms
[27.458s][info][gc,cpu         ] GC(20) User=0.00s Sys=0.00s Real=0.00s
[27.458s][info][gc,start       ] GC(21) Pause Full (System.gc())
[27.458s][info][gc,phases,start] GC(21) Marking Phase
[27.475s][info][gc,phases      ] GC(21) Marking Phase 16.949ms
[27.475s][info][gc,phases,start] GC(21) Summary Phase
[27.475s][info][gc,phases      ] GC(21) Summary Phase 0.020ms
[27.475s][info][gc,phases,start] GC(21) Adjust Roots
[27.479s][info][gc,phases      ] GC(21) Adjust Roots 4.332ms
[27.479s][info][gc,phases,start] GC(21) Compaction Phase
[27.485s][info][gc,phases      ] GC(21) Compaction Phase 5.777ms
[27.485s][info][gc,phases,start] GC(21) Post Compact
[27.486s][info][gc,phases      ] GC(21) Post Compact 0.776ms
[27.486s][info][gc,heap        ] GC(21) PSYoungGen: 1088K(436224K)->0K(436224K) Eden: 0K(434688K)->0K(434688K) From: 1088K(1536K)->0K(1536K)
[27.486s][info][gc,heap        ] GC(21) ParOldGen: 5301K(1398272K)->4073K(1398272K)
[27.486s][info][gc,metaspace   ] GC(21) Metaspace: 9859K(10176K)->9859K(10176K) NonClass: 8559K(8768K)->8559K(8768K) Class: 1300K(1408K)->1300K(1408K)
[27.486s][info][gc             ] GC(21) Pause Full (System.gc()) 6M->3M(1791M) 28.132ms
[27.486s][info][gc,cpu         ] GC(21) User=0.53s Sys=0.02s Real=0.03s
[29.198s][info][gc,start       ] GC(22) Pause Young (Allocation Failure)
[29.200s][info][gc,heap        ] GC(22) PSYoungGen: 434688K(436224K)->1792K(427008K) Eden: 434688K(434688K)->0K(424960K) From: 0K(1536K)->1792K(2048K)
[29.200s][info][gc,heap        ] GC(22) ParOldGen: 4073K(1398272K)->4073K(1398272K)
[29.201s][info][gc,metaspace   ] GC(22) Metaspace: 9861K(10176K)->9861K(10176K) NonClass: 8561K(8768K)->8561K(8768K) Class: 1300K(1408K)->1300K(1408K)
[29.201s][info][gc             ] GC(22) Pause Young (Allocation Failure) 428M->5M(1782M) 2.370ms
[29.201s][info][gc,cpu         ] GC(22) User=0.00s Sys=0.00s Real=0.00s
[30.880s][info][gc,start       ] GC(23) Pause Young (Allocation Failure)
[30.882s][info][gc,heap        ] GC(23) PSYoungGen: 426752K(427008K)->1440K(417280K) Eden: 424960K(424960K)->0K(415744K) From: 1792K(2048K)->1440K(1536K)
[30.882s][info][gc,heap        ] GC(23) ParOldGen: 4073K(1398272K)->4825K(1398272K)
[30.882s][info][gc,metaspace   ] GC(23) Metaspace: 9861K(10176K)->9861K(10176K) NonClass: 8561K(8768K)->8561K(8768K) Class: 1300K(1408K)->1300K(1408K)
[30.882s][info][gc             ] GC(23) Pause Young (Allocation Failure) 420M->6M(1773M) 2.228ms
[30.882s][info][gc,cpu         ] GC(23) User=0.00s Sys=0.00s Real=0.00s
[32.500s][info][gc,start       ] GC(24) Pause Young (Allocation Failure)
[32.501s][info][gc,heap        ] GC(24) PSYoungGen: 417184K(417280K)->1088K(408576K) Eden: 415744K(415744K)->0K(407040K) From: 1440K(1536K)->1088K(1536K)
[32.501s][info][gc,heap        ] GC(24) ParOldGen: 4825K(1398272K)->4825K(1398272K)
[32.501s][info][gc,metaspace   ] GC(24) Metaspace: 9861K(10176K)->9861K(10176K) NonClass: 8561K(8768K)->8561K(8768K) Class: 1300K(1408K)->1300K(1408K)
[32.501s][info][gc             ] GC(24) Pause Young (Allocation Failure) 412M->5M(1764M) 1.419ms
[32.501s][info][gc,cpu         ] GC(24) User=0.00s Sys=0.00s Real=0.00s
[33.902s][info][gc,start       ] GC(25) Pause Young (System.gc())
[33.904s][info][gc,heap        ] GC(25) PSYoungGen: 355040K(408576K)->1120K(408576K) Eden: 353952K(407040K)->0K(407040K) From: 1088K(1536K)->1120K(1536K)
[33.904s][info][gc,heap        ] GC(25) ParOldGen: 4825K(1398272K)->5145K(1398272K)
[33.904s][info][gc,metaspace   ] GC(25) Metaspace: 9861K(10176K)->9861K(10176K) NonClass: 8561K(8768K)->8561K(8768K) Class: 1300K(1408K)->1300K(1408K)
[33.904s][info][gc             ] GC(25) Pause Young (System.gc()) 351M->6M(1764M) 1.486ms
[33.904s][info][gc,cpu         ] GC(25) User=0.00s Sys=0.00s Real=0.00s
[33.904s][info][gc,start       ] GC(26) Pause Full (System.gc())
[33.904s][info][gc,phases,start] GC(26) Marking Phase
[33.921s][info][gc,phases      ] GC(26) Marking Phase 16.816ms
[33.921s][info][gc,phases,start] GC(26) Summary Phase
[33.921s][info][gc,phases      ] GC(26) Summary Phase 0.031ms
[33.921s][info][gc,phases,start] GC(26) Adjust Roots
[33.925s][info][gc,phases      ] GC(26) Adjust Roots 3.800ms
[33.925s][info][gc,phases,start] GC(26) Compaction Phase
[33.928s][info][gc,phases      ] GC(26) Compaction Phase 3.597ms
[33.928s][info][gc,phases,start] GC(26) Post Compact
[33.929s][info][gc,phases      ] GC(26) Post Compact 0.703ms
[33.929s][info][gc,heap        ] GC(26) PSYoungGen: 1120K(408576K)->0K(408576K) Eden: 0K(407040K)->0K(407040K) From: 1120K(1536K)->0K(1536K)
[33.929s][info][gc,heap        ] GC(26) ParOldGen: 5145K(1398272K)->4073K(1398272K)
[33.929s][info][gc,metaspace   ] GC(26) Metaspace: 9861K(10176K)->9861K(10176K) NonClass: 8561K(8768K)->8561K(8768K) Class: 1300K(1408K)->1300K(1408K)
[33.929s][info][gc             ] GC(26) Pause Full (System.gc()) 6M->3M(1764M) 25.207ms
[33.929s][info][gc,cpu         ] GC(26) User=0.58s Sys=0.02s Real=0.03s
[35.547s][info][gc,start       ] GC(27) Pause Young (Allocation Failure)
[35.548s][info][gc,heap        ] GC(27) PSYoungGen: 407040K(408576K)->1760K(400384K) Eden: 407040K(407040K)->0K(398336K) From: 0K(1536K)->1760K(2048K)
[35.548s][info][gc,heap        ] GC(27) ParOldGen: 4073K(1398272K)->4073K(1398272K)
[35.549s][info][gc,metaspace   ] GC(27) Metaspace: 9862K(10176K)->9862K(10176K) NonClass: 8561K(8768K)->8561K(8768K) Class: 1300K(1408K)->1300K(1408K)
[35.549s][info][gc             ] GC(27) Pause Young (Allocation Failure) 401M->5M(1756M) 1.470ms
[35.549s][info][gc,cpu         ] GC(27) User=0.00s Sys=0.00s Real=0.00s
[37.105s][info][gc,start       ] GC(28) Pause Young (Allocation Failure)
[37.107s][info][gc,heap        ] GC(28) PSYoungGen: 400096K(400384K)->1568K(392192K) Eden: 398336K(398336K)->0K(390144K) From: 1760K(2048K)->1568K(2048K)
[37.107s][info][gc,heap        ] GC(28) ParOldGen: 4073K(1398272K)->4377K(1398272K)
[37.107s][info][gc,metaspace   ] GC(28) Metaspace: 9862K(10176K)->9862K(10176K) NonClass: 8561K(8768K)->8561K(8768K) Class: 1300K(1408K)->1300K(1408K)
[37.107s][info][gc             ] GC(28) Pause Young (Allocation Failure) 394M->5M(1748M) 2.243ms
[37.107s][info][gc,cpu         ] GC(28) User=0.00s Sys=0.00s Real=0.00s
[38.654s][info][gc,start       ] GC(29) Pause Young (Allocation Failure)
[38.655s][info][gc,heap        ] GC(29) PSYoungGen: 391712K(392192K)->1184K(383488K) Eden: 390144K(390144K)->0K(381952K) From: 1568K(2048K)->1184K(1536K)
[38.655s][info][gc,heap        ] GC(29) ParOldGen: 4377K(1398272K)->4913K(1398272K)
[38.656s][info][gc,metaspace   ] GC(29) Metaspace: 9862K(10176K)->9862K(10176K) NonClass: 8561K(8768K)->8561K(8768K) Class: 1300K(1408K)->1300K(1408K)
[38.656s][info][gc             ] GC(29) Pause Young (Allocation Failure) 386M->5M(1740M) 1.516ms
[38.656s][info][gc,cpu         ] GC(29) User=0.00s Sys=0.03s Real=0.02s
[40.157s][info][gc,start       ] GC(30) Pause Young (Allocation Failure)
[40.159s][info][gc,heap        ] GC(30) PSYoungGen: 383136K(383488K)->1504K(375808K) Eden: 381952K(381952K)->0K(374272K) From: 1184K(1536K)->1504K(1536K)
[40.159s][info][gc,heap        ] GC(30) ParOldGen: 4913K(1398272K)->4913K(1398272K)
[40.159s][info][gc,metaspace   ] GC(30) Metaspace: 9862K(10176K)->9862K(10176K) NonClass: 8561K(8768K)->8561K(8768K) Class: 1300K(1408K)->1300K(1408K)
[40.159s][info][gc             ] GC(30) Pause Young (Allocation Failure) 378M->6M(1732M) 2.248ms
[40.159s][info][gc,cpu         ] GC(30) User=0.00s Sys=0.00s Real=0.00s
[40.359s][info][gc,start       ] GC(31) Pause Young (System.gc())
[40.361s][info][gc,heap        ] GC(31) PSYoungGen: 55862K(375808K)->1120K(375808K) Eden: 54358K(374272K)->0K(374272K) From: 1504K(1536K)->1120K(1536K)
[40.361s][info][gc,heap        ] GC(31) ParOldGen: 4913K(1398272K)->5585K(1398272K)
[40.361s][info][gc,metaspace   ] GC(31) Metaspace: 9862K(10176K)->9862K(10176K) NonClass: 8562K(8768K)->8562K(8768K) Class: 1300K(1408K)->1300K(1408K)
[40.361s][info][gc             ] GC(31) Pause Young (System.gc()) 59M->6M(1732M) 1.458ms
[40.361s][info][gc,cpu         ] GC(31) User=0.00s Sys=0.00s Real=0.00s
[40.361s][info][gc,start       ] GC(32) Pause Full (System.gc())
[40.361s][info][gc,phases,start] GC(32) Marking Phase
[40.377s][info][gc,phases      ] GC(32) Marking Phase 16.086ms
[40.377s][info][gc,phases,start] GC(32) Summary Phase
[40.377s][info][gc,phases      ] GC(32) Summary Phase 0.030ms
[40.377s][info][gc,phases,start] GC(32) Adjust Roots
[40.382s][info][gc,phases      ] GC(32) Adjust Roots 4.365ms
[40.382s][info][gc,phases,start] GC(32) Compaction Phase
[40.386s][info][gc,phases      ] GC(32) Compaction Phase 3.818ms
[40.386s][info][gc,phases,start] GC(32) Post Compact
[40.386s][info][gc,phases      ] GC(32) Post Compact 0.696ms
[40.386s][info][gc,heap        ] GC(32) PSYoungGen: 1120K(375808K)->0K(375808K) Eden: 0K(374272K)->0K(374272K) From: 1120K(1536K)->0K(1536K)
[40.386s][info][gc,heap        ] GC(32) ParOldGen: 5585K(1398272K)->4073K(1398272K)
[40.386s][info][gc,metaspace   ] GC(32) Metaspace: 9862K(10176K)->9862K(10176K) NonClass: 8562K(8768K)->8562K(8768K) Class: 1300K(1408K)->1300K(1408K)
[40.386s][info][gc             ] GC(32) Pause Full (System.gc()) 6M->3M(1732M) 25.261ms
[40.386s][info][gc,cpu         ] GC(32) User=0.02s Sys=0.00s Real=0.02s
[41.854s][info][gc,start       ] GC(33) Pause Young (Allocation Failure)
[41.857s][info][gc,heap        ] GC(33) PSYoungGen: 374272K(375808K)->1568K(368640K) Eden: 374272K(374272K)->0K(366592K) From: 0K(1536K)->1568K(2048K)
[41.857s][info][gc,heap        ] GC(33) ParOldGen: 4073K(1398272K)->4073K(1398272K)
[41.857s][info][gc,metaspace   ] GC(33) Metaspace: 9863K(10176K)->9863K(10176K) NonClass: 8563K(8768K)->8563K(8768K) Class: 1300K(1408K)->1300K(1408K)
[41.857s][info][gc             ] GC(33) Pause Young (Allocation Failure) 369M->5M(1725M) 2.198ms
[41.857s][info][gc,cpu         ] GC(33) User=0.02s Sys=0.00s Real=0.02s
[43.306s][info][gc,start       ] GC(34) Pause Young (Allocation Failure)
[43.308s][info][gc,heap        ] GC(34) PSYoungGen: 368160K(368640K)->1536K(360960K) Eden: 366592K(366592K)->0K(359424K) From: 1568K(2048K)->1536K(1536K)
[43.308s][info][gc,heap        ] GC(34) ParOldGen: 4073K(1398272K)->4441K(1398272K)
[43.308s][info][gc,metaspace   ] GC(34) Metaspace: 9863K(10176K)->9863K(10176K) NonClass: 8563K(8768K)->8563K(8768K) Class: 1300K(1408K)->1300K(1408K)
[43.308s][info][gc             ] GC(34) Pause Young (Allocation Failure) 363M->5M(1718M) 2.046ms
[43.308s][info][gc,cpu         ] GC(34) User=0.00s Sys=0.00s Real=0.00s
[44.707s][info][gc,start       ] GC(35) Pause Young (Allocation Failure)
[44.709s][info][gc,heap        ] GC(35) PSYoungGen: 360960K(360960K)->1376K(353792K) Eden: 359424K(359424K)->0K(352256K) From: 1536K(1536K)->1376K(1536K)
[44.709s][info][gc,heap        ] GC(35) ParOldGen: 4441K(1398272K)->4729K(1398272K)
[44.709s][info][gc,metaspace   ] GC(35) Metaspace: 9863K(10176K)->9863K(10176K) NonClass: 8563K(8768K)->8563K(8768K) Class: 1300K(1408K)->1300K(1408K)
[44.709s][info][gc             ] GC(35) Pause Young (Allocation Failure) 356M->5M(1711M) 2.332ms
[44.709s][info][gc,cpu         ] GC(35) User=0.00s Sys=0.00s Real=0.00s
[46.095s][info][gc,start       ] GC(36) Pause Young (Allocation Failure)
[46.096s][info][gc,heap        ] GC(36) PSYoungGen: 353632K(353792K)->1152K(347136K) Eden: 352256K(352256K)->0K(345600K) From: 1376K(1536K)->1152K(1536K)
[46.096s][info][gc,heap        ] GC(36) ParOldGen: 4729K(1398272K)->5081K(1398272K)
[46.096s][info][gc,metaspace   ] GC(36) Metaspace: 9863K(10176K)->9863K(10176K) NonClass: 8563K(8768K)->8563K(8768K) Class: 1300K(1408K)->1300K(1408K)
[46.096s][info][gc             ] GC(36) Pause Young (Allocation Failure) 349M->6M(1704M) 1.490ms
[46.096s][info][gc,cpu         ] GC(36) User=0.00s Sys=0.00s Real=0.00s
[46.806s][info][gc,start       ] GC(37) Pause Young (System.gc())
[46.808s][info][gc,heap        ] GC(37) PSYoungGen: 180816K(347136K)->1088K(347136K) Eden: 179664K(345600K)->0K(345600K) From: 1152K(1536K)->1088K(1536K)
[46.808s][info][gc,heap        ] GC(37) ParOldGen: 5081K(1398272K)->5417K(1398272K)
[46.808s][info][gc,metaspace   ] GC(37) Metaspace: 9864K(10176K)->9864K(10176K) NonClass: 8564K(8768K)->8564K(8768K) Class: 1300K(1408K)->1300K(1408K)
[46.808s][info][gc             ] GC(37) Pause Young (System.gc()) 181M->6M(1704M) 1.729ms
[46.808s][info][gc,cpu         ] GC(37) User=0.00s Sys=0.00s Real=0.00s
[46.808s][info][gc,start       ] GC(38) Pause Full (System.gc())
[46.808s][info][gc,phases,start] GC(38) Marking Phase
[46.825s][info][gc,phases      ] GC(38) Marking Phase 16.568ms
[46.825s][info][gc,phases,start] GC(38) Summary Phase
[46.825s][info][gc,phases      ] GC(38) Summary Phase 0.020ms
[46.825s][info][gc,phases,start] GC(38) Adjust Roots
[46.828s][info][gc,phases      ] GC(38) Adjust Roots 3.510ms
[46.828s][info][gc,phases,start] GC(38) Compaction Phase
[46.832s][info][gc,phases      ] GC(38) Compaction Phase 3.801ms
[46.832s][info][gc,phases,start] GC(38) Post Compact
[46.833s][info][gc,phases      ] GC(38) Post Compact 0.653ms
[46.833s][info][gc,heap        ] GC(38) PSYoungGen: 1088K(347136K)->0K(347136K) Eden: 0K(345600K)->0K(345600K) From: 1088K(1536K)->0K(1536K)
[46.833s][info][gc,heap        ] GC(38) ParOldGen: 5417K(1398272K)->4073K(1398272K)
[46.833s][info][gc,metaspace   ] GC(38) Metaspace: 9864K(10176K)->9864K(10176K) NonClass: 8564K(8768K)->8564K(8768K) Class: 1300K(1408K)->1300K(1408K)
[46.833s][info][gc             ] GC(38) Pause Full (System.gc()) 6M->3M(1704M) 24.790ms
[46.833s][info][gc,cpu         ] GC(38) User=1.03s Sys=0.00s Real=0.03s
[48.182s][info][gc,start       ] GC(39) Pause Young (Allocation Failure)
[48.183s][info][gc,heap        ] GC(39) PSYoungGen: 345600K(347136K)->1728K(340992K) Eden: 345600K(345600K)->0K(338944K) From: 0K(1536K)->1728K(2048K)
[48.183s][info][gc,heap        ] GC(39) ParOldGen: 4073K(1398272K)->4073K(1398272K)
[48.183s][info][gc,metaspace   ] GC(39) Metaspace: 9865K(10176K)->9865K(10176K) NonClass: 8565K(8768K)->8565K(8768K) Class: 1300K(1408K)->1300K(1408K)
[48.183s][info][gc             ] GC(39) Pause Young (Allocation Failure) 341M->5M(1698M) 1.812ms
[48.183s][info][gc,cpu         ] GC(39) User=0.00s Sys=0.00s Real=0.00s
[49.525s][info][gc,start       ] GC(40) Pause Young (Allocation Failure)
[49.527s][info][gc,heap        ] GC(40) PSYoungGen: 340672K(340992K)->1376K(334336K) Eden: 338944K(338944K)->0K(332800K) From: 1728K(2048K)->1376K(1536K)
[49.527s][info][gc,heap        ] GC(40) ParOldGen: 4073K(1398272K)->4665K(1398272K)
[49.527s][info][gc,metaspace   ] GC(40) Metaspace: 9865K(10176K)->9865K(10176K) NonClass: 8565K(8768K)->8565K(8768K) Class: 1300K(1408K)->1300K(1408K)
[49.527s][info][gc             ] GC(40) Pause Young (Allocation Failure) 336M->5M(1692M) 2.166ms
[49.527s][info][gc,cpu         ] GC(40) User=0.00s Sys=0.00s Real=0.00s
[50.823s][info][gc,start       ] GC(41) Pause Young (Allocation Failure)
[50.824s][info][gc,heap        ] GC(41) PSYoungGen: 334176K(334336K)->1024K(327680K) Eden: 332800K(332800K)->0K(326656K) From: 1376K(1536K)->1024K(1024K)
[50.824s][info][gc,heap        ] GC(41) ParOldGen: 4665K(1398272K)->5209K(1398272K)
[50.824s][info][gc,metaspace   ] GC(41) Metaspace: 9865K(10176K)->9865K(10176K) NonClass: 8565K(8768K)->8565K(8768K) Class: 1300K(1408K)->1300K(1408K)
[50.824s][info][gc             ] GC(41) Pause Young (Allocation Failure) 330M->6M(1685M) 1.386ms
[50.824s][info][gc,cpu         ] GC(41) User=0.00s Sys=0.00s Real=0.00s
[52.127s][info][gc,start       ] GC(42) Pause Young (Allocation Failure)
[52.132s][info][gc,heap        ] GC(42) PSYoungGen: 327680K(327680K)->1056K(322048K) Eden: 326656K(326656K)->0K(320512K) From: 1024K(1024K)->1056K(1536K)
[52.132s][info][gc,heap        ] GC(42) ParOldGen: 5209K(1398272K)->5209K(1398272K)
[52.132s][info][gc,metaspace   ] GC(42) Metaspace: 9865K(10176K)->9865K(10176K) NonClass: 8565K(8768K)->8565K(8768K) Class: 1300K(1408K)->1300K(1408K)
[52.132s][info][gc             ] GC(42) Pause Young (Allocation Failure) 325M->6M(1680M) 4.700ms
[52.132s][info][gc,cpu         ] GC(42) User=0.00s Sys=0.00s Real=0.00s
[53.258s][info][gc,start       ] GC(43) Pause Young (System.gc())
[53.259s][info][gc,heap        ] GC(43) PSYoungGen: 290719K(322048K)->1056K(322048K) Eden: 289663K(320512K)->0K(320512K) From: 1056K(1536K)->1056K(1536K)
[53.259s][info][gc,heap        ] GC(43) ParOldGen: 5209K(1398272K)->5209K(1398272K)
[53.259s][info][gc,metaspace   ] GC(43) Metaspace: 9865K(10176K)->9865K(10176K) NonClass: 8565K(8768K)->8565K(8768K) Class: 1300K(1408K)->1300K(1408K)
[53.259s][info][gc             ] GC(43) Pause Young (System.gc()) 288M->6M(1680M) 1.551ms
[53.259s][info][gc,cpu         ] GC(43) User=0.00s Sys=0.00s Real=0.00s
[53.260s][info][gc,start       ] GC(44) Pause Full (System.gc())
[53.260s][info][gc,phases,start] GC(44) Marking Phase
[53.275s][info][gc,phases      ] GC(44) Marking Phase 15.261ms
[53.275s][info][gc,phases,start] GC(44) Summary Phase
[53.275s][info][gc,phases      ] GC(44) Summary Phase 0.021ms
[53.275s][info][gc,phases,start] GC(44) Adjust Roots
[53.279s][info][gc,phases      ] GC(44) Adjust Roots 3.560ms
[53.279s][info][gc,phases,start] GC(44) Compaction Phase
[53.281s][info][gc,phases      ] GC(44) Compaction Phase 2.799ms
[53.281s][info][gc,phases,start] GC(44) Post Compact
[53.282s][info][gc,phases      ] GC(44) Post Compact 0.700ms
[53.282s][info][gc,heap        ] GC(44) PSYoungGen: 1056K(322048K)->0K(322048K) Eden: 0K(320512K)->0K(320512K) From: 1056K(1536K)->0K(1536K)
[53.282s][info][gc,heap        ] GC(44) ParOldGen: 5209K(1398272K)->4073K(1398272K)
[53.282s][info][gc,metaspace   ] GC(44) Metaspace: 9865K(10176K)->9865K(10176K) NonClass: 8565K(8768K)->8565K(8768K) Class: 1300K(1408K)->1300K(1408K)
[53.282s][info][gc             ] GC(44) Pause Full (System.gc()) 6M->3M(1680M) 22.593ms
[53.282s][info][gc,cpu         ] GC(44) User=0.50s Sys=0.02s Real=0.03s
[54.540s][info][gc,start       ] GC(45) Pause Young (Allocation Failure)
[54.543s][info][gc,heap        ] GC(45) PSYoungGen: 320512K(322048K)->1696K(316928K) Eden: 320512K(320512K)->0K(314880K) From: 0K(1536K)->1696K(2048K)
[54.543s][info][gc,heap        ] GC(45) ParOldGen: 4073K(1398272K)->4073K(1398272K)
[54.543s][info][gc,metaspace   ] GC(45) Metaspace: 9868K(10176K)->9868K(10176K) NonClass: 8568K(8768K)->8568K(8768K) Class: 1300K(1408K)->1300K(1408K)
[54.543s][info][gc             ] GC(45) Pause Young (Allocation Failure) 316M->5M(1675M) 2.522ms
[54.543s][info][gc,cpu         ] GC(45) User=0.00s Sys=0.02s Real=0.02s
[55.773s][info][gc,start       ] GC(46) Pause Young (Allocation Failure)
[55.775s][info][gc,heap        ] GC(46) PSYoungGen: 316576K(316928K)->1344K(310784K) Eden: 314880K(314880K)->0K(309248K) From: 1696K(2048K)->1344K(1536K)
[55.775s][info][gc,heap        ] GC(46) ParOldGen: 4073K(1398272K)->4641K(1398272K)
[55.775s][info][gc,metaspace   ] GC(46) Metaspace: 9868K(10176K)->9868K(10176K) NonClass: 8568K(8768K)->8568K(8768K) Class: 1300K(1408K)->1300K(1408K)
[55.775s][info][gc             ] GC(46) Pause Young (Allocation Failure) 313M->5M(1669M) 1.617ms
[55.775s][info][gc,cpu         ] GC(46) User=0.00s Sys=0.00s Real=0.00s
[57.014s][info][gc,start       ] GC(47) Pause Young (Allocation Failure)
[57.015s][info][gc,heap        ] GC(47) PSYoungGen: 310592K(310784K)->1152K(305152K) Eden: 309248K(309248K)->0K(303616K) From: 1344K(1536K)->1152K(1536K)
[57.015s][info][gc,heap        ] GC(47) ParOldGen: 4641K(1398272K)->4913K(1398272K)
[57.015s][info][gc,metaspace   ] GC(47) Metaspace: 9868K(10176K)->9868K(10176K) NonClass: 8568K(8768K)->8568K(8768K) Class: 1300K(1408K)->1300K(1408K)
[57.015s][info][gc             ] GC(47) Pause Young (Allocation Failure) 307M->5M(1663M) 1.653ms
[57.015s][info][gc,cpu         ] GC(47) User=0.00s Sys=0.00s Real=0.00s
[58.200s][info][gc,start       ] GC(48) Pause Young (Allocation Failure)
[58.201s][info][gc,heap        ] GC(48) PSYoungGen: 304768K(305152K)->1184K(300032K) Eden: 303616K(303616K)->0K(298496K) From: 1152K(1536K)->1184K(1536K)
[58.202s][info][gc,heap        ] GC(48) ParOldGen: 4913K(1398272K)->5361K(1398272K)
[58.202s][info][gc,metaspace   ] GC(48) Metaspace: 9868K(10176K)->9868K(10176K) NonClass: 8568K(8768K)->8568K(8768K) Class: 1300K(1408K)->1300K(1408K)
[58.202s][info][gc             ] GC(48) Pause Young (Allocation Failure) 302M->6M(1658M) 1.585ms
[58.202s][info][gc,cpu         ] GC(48) User=0.52s Sys=0.00s Real=0.00s
[59.361s][info][gc,start       ] GC(49) Pause Young (Allocation Failure)
[59.363s][info][gc,heap        ] GC(49) PSYoungGen: 299680K(300032K)->1248K(294912K) Eden: 298496K(298496K)->0K(293376K) From: 1184K(1536K)->1248K(1536K)
[59.363s][info][gc,heap        ] GC(49) ParOldGen: 5361K(1398272K)->5609K(1398272K)
[59.363s][info][gc,metaspace   ] GC(49) Metaspace: 9868K(10176K)->9868K(10176K) NonClass: 8568K(8768K)->8568K(8768K) Class: 1300K(1408K)->1300K(1408K)
[59.363s][info][gc             ] GC(49) Pause Young (Allocation Failure) 297M->6M(1653M) 2.013ms
[59.363s][info][gc,cpu         ] GC(49) User=0.00s Sys=0.00s Real=0.00s
[59.703s][info][gc,start       ] GC(50) Pause Young (System.gc())
[59.704s][info][gc,heap        ] GC(50) PSYoungGen: 86270K(294912K)->1088K(294912K) Eden: 85022K(293376K)->0K(293376K) From: 1248K(1536K)->1088K(1536K)
[59.704s][info][gc,heap        ] GC(50) ParOldGen: 5609K(1398272K)->5993K(1398272K)
[59.704s][info][gc,metaspace   ] GC(50) Metaspace: 9868K(10176K)->9868K(10176K) NonClass: 8568K(8768K)->8568K(8768K) Class: 1300K(1408K)->1300K(1408K)
[59.704s][info][gc             ] GC(50) Pause Young (System.gc()) 89M->6M(1653M) 1.112ms
[59.704s][info][gc,cpu         ] GC(50) User=0.00s Sys=0.00s Real=0.00s
[59.704s][info][gc,start       ] GC(51) Pause Full (System.gc())
[59.704s][info][gc,phases,start] GC(51) Marking Phase
[59.717s][info][gc,phases      ] GC(51) Marking Phase 12.762ms
[59.717s][info][gc,phases,start] GC(51) Summary Phase
[59.717s][info][gc,phases      ] GC(51) Summary Phase 0.031ms
[59.717s][info][gc,phases,start] GC(51) Adjust Roots
[59.719s][info][gc,phases      ] GC(51) Adjust Roots 1.983ms
[59.719s][info][gc,phases,start] GC(51) Compaction Phase
[59.723s][info][gc,phases      ] GC(51) Compaction Phase 3.700ms
[59.723s][info][gc,phases,start] GC(51) Post Compact
[59.723s][info][gc,phases      ] GC(51) Post Compact 0.595ms
[59.723s][info][gc,heap        ] GC(51) PSYoungGen: 1088K(294912K)->0K(294912K) Eden: 0K(293376K)->0K(293376K) From: 1088K(1536K)->0K(1536K)
[59.723s][info][gc,heap        ] GC(51) ParOldGen: 5993K(1398272K)->4073K(1398272K)
[59.723s][info][gc,metaspace   ] GC(51) Metaspace: 9868K(10176K)->9868K(10176K) NonClass: 8568K(8768K)->8568K(8768K) Class: 1300K(1408K)->1300K(1408K)
[59.724s][info][gc             ] GC(51) Pause Full (System.gc()) 6M->3M(1653M) 19.371ms
[59.724s][info][gc,cpu         ] GC(51) User=0.02s Sys=0.00s Real=0.02s
[60.888s][info][gc,start       ] GC(52) Pause Young (Allocation Failure)
[60.890s][info][gc,heap        ] GC(52) PSYoungGen: 293376K(294912K)->1696K(290304K) Eden: 293376K(293376K)->0K(288256K) From: 0K(1536K)->1696K(2048K)
[60.890s][info][gc,heap        ] GC(52) ParOldGen: 4073K(1398272K)->4073K(1398272K)
[60.890s][info][gc,metaspace   ] GC(52) Metaspace: 9869K(10176K)->9869K(10176K) NonClass: 8568K(8768K)->8568K(8768K) Class: 1300K(1408K)->1300K(1408K)
[60.890s][info][gc             ] GC(52) Pause Young (Allocation Failure) 290M->5M(1649M) 1.935ms
[60.890s][info][gc,cpu         ] GC(52) User=0.00s Sys=0.00s Real=0.00s
[62.032s][info][gc,start       ] GC(53) Pause Young (Allocation Failure)
[62.033s][info][gc,heap        ] GC(53) PSYoungGen: 289952K(290304K)->1024K(284672K) Eden: 288256K(288256K)->0K(283648K) From: 1696K(2048K)->1024K(1024K)
[62.033s][info][gc,heap        ] GC(53) ParOldGen: 4073K(1398272K)->4873K(1398272K)
[62.033s][info][gc,metaspace   ] GC(53) Metaspace: 9869K(10176K)->9869K(10176K) NonClass: 8568K(8768K)->8568K(8768K) Class: 1300K(1408K)->1300K(1408K)
[62.033s][info][gc             ] GC(53) Pause Young (Allocation Failure) 287M->5M(1643M) 1.374ms
[62.033s][info][gc,cpu         ] GC(53) User=0.00s Sys=0.00s Real=0.00s
[63.160s][info][gc,start       ] GC(54) Pause Young (Allocation Failure)
[63.162s][info][gc,heap        ] GC(54) PSYoungGen: 284672K(284672K)->1696K(281088K) Eden: 283648K(283648K)->0K(279040K) From: 1024K(1024K)->1696K(2048K)
[63.162s][info][gc,heap        ] GC(54) ParOldGen: 4873K(1398272K)->5089K(1398272K)
[63.162s][info][gc,metaspace   ] GC(54) Metaspace: 9869K(10176K)->9869K(10176K) NonClass: 8568K(8768K)->8568K(8768K) Class: 1300K(1408K)->1300K(1408K)
[63.162s][info][gc             ] GC(54) Pause Young (Allocation Failure) 282M->6M(1640M) 2.306ms
[63.163s][info][gc,cpu         ] GC(54) User=0.20s Sys=0.31s Real=0.02s
[64.277s][info][gc,start       ] GC(55) Pause Young (Allocation Failure)
[64.279s][info][gc,heap        ] GC(55) PSYoungGen: 280736K(281088K)->1088K(275968K) Eden: 279040K(279040K)->0K(274432K) From: 1696K(2048K)->1088K(1536K)
[64.279s][info][gc,heap        ] GC(55) ParOldGen: 5089K(1398272K)->5833K(1398272K)
[64.279s][info][gc,metaspace   ] GC(55) Metaspace: 9869K(10176K)->9869K(10176K) NonClass: 8568K(8768K)->8568K(8768K) Class: 1300K(1408K)->1300K(1408K)
[64.279s][info][gc             ] GC(55) Pause Young (Allocation Failure) 279M->6M(1635M) 1.633ms
[64.279s][info][gc,cpu         ] GC(55) User=0.00s Sys=0.00s Real=0.00s
[65.359s][info][gc,start       ] GC(56) Pause Young (Allocation Failure)
[65.360s][info][gc,heap        ] GC(56) PSYoungGen: 275520K(275968K)->1120K(271360K) Eden: 274432K(274432K)->0K(269824K) From: 1088K(1536K)->1120K(1536K)
[65.360s][info][gc,heap        ] GC(56) ParOldGen: 5833K(1398272K)->5833K(1398272K)
[65.360s][info][gc,metaspace   ] GC(56) Metaspace: 9869K(10176K)->9869K(10176K) NonClass: 8568K(8768K)->8568K(8768K) Class: 1300K(1408K)->1300K(1408K)
[65.360s][info][gc             ] GC(56) Pause Young (Allocation Failure) 274M->6M(1630M) 1.744ms
[65.360s][info][gc,cpu         ] GC(56) User=0.00s Sys=0.00s Real=0.00s
[66.241s][info][gc,start       ] GC(57) Pause Young (System.gc())
[66.242s][info][gc,heap        ] GC(57) PSYoungGen: 220993K(271360K)->1056K(271360K) Eden: 219873K(269824K)->0K(269824K) From: 1120K(1536K)->1056K(1536K)
[66.242s][info][gc,heap        ] GC(57) ParOldGen: 5833K(1398272K)->5833K(1398272K)
[66.242s][info][gc,metaspace   ] GC(57) Metaspace: 9869K(10176K)->9869K(10176K) NonClass: 8568K(8768K)->8568K(8768K) Class: 1300K(1408K)->1300K(1408K)
[66.242s][info][gc             ] GC(57) Pause Young (System.gc()) 221M->6M(1630M) 1.215ms
[66.242s][info][gc,cpu         ] GC(57) User=0.00s Sys=0.00s Real=0.00s
[66.242s][info][gc,start       ] GC(58) Pause Full (System.gc())
[66.242s][info][gc,phases,start] GC(58) Marking Phase
[66.259s][info][gc,phases      ] GC(58) Marking Phase 17.134ms
[66.259s][info][gc,phases,start] GC(58) Summary Phase
[66.259s][info][gc,phases      ] GC(58) Summary Phase 0.020ms
[66.259s][info][gc,phases,start] GC(58) Adjust Roots
[66.264s][info][gc,phases      ] GC(58) Adjust Roots 4.390ms
[66.264s][info][gc,phases,start] GC(58) Compaction Phase
[66.267s][info][gc,phases      ] GC(58) Compaction Phase 3.549ms
[66.267s][info][gc,phases,start] GC(58) Post Compact
[66.268s][info][gc,phases      ] GC(58) Post Compact 0.727ms
[66.268s][info][gc,heap        ] GC(58) PSYoungGen: 1056K(271360K)->0K(271360K) Eden: 0K(269824K)->0K(269824K) From: 1056K(1536K)->0K(1536K)
[66.268s][info][gc,heap        ] GC(58) ParOldGen: 5833K(1398272K)->4073K(1398272K)
[66.268s][info][gc,metaspace   ] GC(58) Metaspace: 9869K(10176K)->9869K(10176K) NonClass: 8568K(8768K)->8568K(8768K) Class: 1300K(1408K)->1300K(1408K)
[66.268s][info][gc             ] GC(58) Pause Full (System.gc()) 6M->3M(1630M) 26.091ms
[66.268s][info][gc,cpu         ] GC(58) User=0.53s Sys=0.00s Real=0.03s
[67.352s][info][gc,start       ] GC(59) Pause Young (Allocation Failure)
[67.355s][info][gc,heap        ] GC(59) PSYoungGen: 269824K(271360K)->1600K(267776K) Eden: 269824K(269824K)->0K(265728K) From: 0K(1536K)->1600K(2048K)
[67.355s][info][gc,heap        ] GC(59) ParOldGen: 4073K(1398272K)->4073K(1398272K)
[67.355s][info][gc,metaspace   ] GC(59) Metaspace: 9869K(10176K)->9869K(10176K) NonClass: 8569K(8768K)->8569K(8768K) Class: 1300K(1408K)->1300K(1408K)
[67.355s][info][gc             ] GC(59) Pause Young (Allocation Failure) 267M->5M(1627M) 2.667ms
[67.355s][info][gc,cpu         ] GC(59) User=0.00s Sys=0.00s Real=0.00s
[68.408s][info][gc,start       ] GC(60) Pause Young (Allocation Failure)
[68.409s][info][gc,heap        ] GC(60) PSYoungGen: 267328K(267776K)->1664K(263680K) Eden: 265728K(265728K)->0K(261632K) From: 1600K(2048K)->1664K(2048K)
[68.409s][info][gc,heap        ] GC(60) ParOldGen: 4073K(1398272K)->4193K(1398272K)
[68.409s][info][gc,metaspace   ] GC(60) Metaspace: 9869K(10176K)->9869K(10176K) NonClass: 8569K(8768K)->8569K(8768K) Class: 1300K(1408K)->1300K(1408K)
[68.409s][info][gc             ] GC(60) Pause Young (Allocation Failure) 265M->5M(1623M) 1.584ms
[68.409s][info][gc,cpu         ] GC(60) User=0.00s Sys=0.00s Real=0.00s
[69.458s][info][gc,start       ] GC(61) Pause Young (Allocation Failure)
[69.465s][info][gc,heap        ] GC(61) PSYoungGen: 263296K(263680K)->1568K(259584K) Eden: 261632K(261632K)->0K(257536K) From: 1664K(2048K)->1568K(2048K)
[69.465s][info][gc,heap        ] GC(61) ParOldGen: 4193K(1398272K)->4457K(1398272K)
[69.465s][info][gc,metaspace   ] GC(61) Metaspace: 9869K(10176K)->9869K(10176K) NonClass: 8569K(8768K)->8569K(8768K) Class: 1300K(1408K)->1300K(1408K)
[69.465s][info][gc             ] GC(61) Pause Young (Allocation Failure) 261M->5M(1619M) 7.764ms
[69.465s][info][gc,cpu         ] GC(61) User=0.22s Sys=0.30s Real=0.02s
[70.492s][info][gc,start       ] GC(62) Pause Young (Allocation Failure)
[70.493s][info][gc,heap        ] GC(62) PSYoungGen: 259104K(259584K)->1184K(254976K) Eden: 257536K(257536K)->0K(253440K) From: 1568K(2048K)->1184K(1536K)
[70.493s][info][gc,heap        ] GC(62) ParOldGen: 4457K(1398272K)->4961K(1398272K)
[70.493s][info][gc,metaspace   ] GC(62) Metaspace: 9869K(10176K)->9869K(10176K) NonClass: 8569K(8768K)->8569K(8768K) Class: 1300K(1408K)->1300K(1408K)
[70.493s][info][gc             ] GC(62) Pause Young (Allocation Failure) 257M->6M(1614M) 1.282ms
[70.493s][info][gc,cpu         ] GC(62) User=0.00s Sys=0.02s Real=0.02s
[71.504s][info][gc,start       ] GC(63) Pause Young (Allocation Failure)
[71.505s][info][gc,heap        ] GC(63) PSYoungGen: 254624K(254976K)->1152K(250880K) Eden: 253440K(253440K)->0K(249344K) From: 1184K(1536K)->1152K(1536K)
[71.505s][info][gc,heap        ] GC(63) ParOldGen: 4961K(1398272K)->5233K(1398272K)
[71.505s][info][gc,metaspace   ] GC(63) Metaspace: 9869K(10176K)->9869K(10176K) NonClass: 8569K(8768K)->8569K(8768K) Class: 1300K(1408K)->1300K(1408K)
[71.506s][info][gc             ] GC(63) Pause Young (Allocation Failure) 253M->6M(1610M) 1.778ms
[71.506s][info][gc,cpu         ] GC(63) User=0.00s Sys=0.00s Real=0.00s
[72.501s][info][gc,start       ] GC(64) Pause Young (Allocation Failure)
[72.502s][info][gc,heap        ] GC(64) PSYoungGen: 250496K(250880K)->1056K(247296K) Eden: 249344K(249344K)->0K(245760K) From: 1152K(1536K)->1056K(1536K)
[72.502s][info][gc,heap        ] GC(64) ParOldGen: 5233K(1398272K)->5233K(1398272K)
[72.502s][info][gc,metaspace   ] GC(64) Metaspace: 9869K(10176K)->9869K(10176K) NonClass: 8569K(8768K)->8569K(8768K) Class: 1300K(1408K)->1300K(1408K)
[72.502s][info][gc             ] GC(64) Pause Young (Allocation Failure) 249M->6M(1607M) 1.376ms
[72.502s][info][gc,cpu         ] GC(64) User=0.00s Sys=0.00s Real=0.00s
[72.817s][info][gc,start       ] GC(65) Pause Young (System.gc())
[72.818s][info][gc,heap        ] GC(65) PSYoungGen: 83043K(247296K)->1056K(247296K) Eden: 81987K(245760K)->0K(245760K) From: 1056K(1536K)->1056K(1536K)
[72.818s][info][gc,heap        ] GC(65) ParOldGen: 5233K(1398272K)->5561K(1398272K)
[72.818s][info][gc,metaspace   ] GC(65) Metaspace: 9871K(10176K)->9871K(10176K) NonClass: 8571K(8768K)->8571K(8768K) Class: 1300K(1408K)->1300K(1408K)
[72.819s][info][gc             ] GC(65) Pause Young (System.gc()) 86M->6M(1607M) 1.521ms
[72.819s][info][gc,cpu         ] GC(65) User=0.00s Sys=0.00s Real=0.00s
[72.819s][info][gc,start       ] GC(66) Pause Full (System.gc())
[72.819s][info][gc,phases,start] GC(66) Marking Phase
[72.836s][info][gc,phases      ] GC(66) Marking Phase 16.905ms
[72.836s][info][gc,phases,start] GC(66) Summary Phase
[72.836s][info][gc,phases      ] GC(66) Summary Phase 0.025ms
[72.836s][info][gc,phases,start] GC(66) Adjust Roots
[72.840s][info][gc,phases      ] GC(66) Adjust Roots 4.254ms
[72.840s][info][gc,phases,start] GC(66) Compaction Phase
[72.844s][info][gc,phases      ] GC(66) Compaction Phase 3.807ms
[72.844s][info][gc,phases,start] GC(66) Post Compact
[72.845s][info][gc,phases      ] GC(66) Post Compact 0.684ms
[72.845s][info][gc,heap        ] GC(66) PSYoungGen: 1056K(247296K)->0K(247296K) Eden: 0K(245760K)->0K(245760K) From: 1056K(1536K)->0K(1536K)
[72.845s][info][gc,heap        ] GC(66) ParOldGen: 5561K(1398272K)->4073K(1398272K)
[72.845s][info][gc,metaspace   ] GC(66) Metaspace: 9871K(10176K)->9871K(10176K) NonClass: 8571K(8768K)->8571K(8768K) Class: 1300K(1408K)->1300K(1408K)
[72.845s][info][gc             ] GC(66) Pause Full (System.gc()) 6M->3M(1607M) 25.904ms
[72.845s][info][gc,cpu         ] GC(66) User=0.02s Sys=0.00s Real=0.02s
[73.842s][info][gc,start       ] GC(67) Pause Young (Allocation Failure)
[73.844s][info][gc,heap        ] GC(67) PSYoungGen: 245760K(247296K)->1984K(244224K) Eden: 245760K(245760K)->0K(242176K) From: 0K(1536K)->1984K(2048K)
[73.844s][info][gc,heap        ] GC(67) ParOldGen: 4073K(1398272K)->4073K(1398272K)
[73.844s][info][gc,metaspace   ] GC(67) Metaspace: 9885K(10240K)->9885K(10240K) NonClass: 8585K(8832K)->8585K(8832K) Class: 1300K(1408K)->1300K(1408K)
[73.844s][info][gc             ] GC(67) Pause Young (Allocation Failure) 243M->5M(1604M) 1.458ms
[73.844s][info][gc,cpu         ] GC(67) User=0.00s Sys=0.00s Real=0.00s
[74.791s][info][gc,start       ] GC(68) Pause Young (Allocation Failure)
[74.793s][info][gc,heap        ] GC(68) PSYoungGen: 244160K(244224K)->1472K(240128K) Eden: 242176K(242176K)->0K(238592K) From: 1984K(2048K)->1472K(1536K)
[74.793s][info][gc,heap        ] GC(68) ParOldGen: 4073K(1398272K)->4449K(1398272K)
[74.793s][info][gc,metaspace   ] GC(68) Metaspace: 9885K(10240K)->9885K(10240K) NonClass: 8585K(8832K)->8585K(8832K) Class: 1300K(1408K)->1300K(1408K)
[74.793s][info][gc             ] GC(68) Pause Young (Allocation Failure) 242M->5M(1600M) 2.207ms
[74.793s][info][gc,cpu         ] GC(68) User=0.25s Sys=0.27s Real=0.02s
[75.742s][info][gc,start       ] GC(69) Pause Young (Allocation Failure)
[75.744s][info][gc,heap        ] GC(69) PSYoungGen: 240064K(240128K)->1408K(236544K) Eden: 238592K(238592K)->0K(235008K) From: 1472K(1536K)->1408K(1536K)
[75.744s][info][gc,heap        ] GC(69) ParOldGen: 4449K(1398272K)->4705K(1398272K)
[75.744s][info][gc,metaspace   ] GC(69) Metaspace: 9885K(10240K)->9885K(10240K) NonClass: 8585K(8832K)->8585K(8832K) Class: 1300K(1408K)->1300K(1408K)
[75.744s][info][gc             ] GC(69) Pause Young (Allocation Failure) 238M->5M(1596M) 1.803ms
[75.744s][info][gc,cpu         ] GC(69) User=0.00s Sys=0.00s Real=0.00s
[76.676s][info][gc,start       ] GC(70) Pause Young (Allocation Failure)
[76.678s][info][gc,heap        ] GC(70) PSYoungGen: 236416K(236544K)->1248K(232960K) Eden: 235008K(235008K)->0K(231424K) From: 1408K(1536K)->1248K(1536K)
[76.678s][info][gc,heap        ] GC(70) ParOldGen: 4705K(1398272K)->4945K(1398272K)
[76.678s][info][gc,metaspace   ] GC(70) Metaspace: 9885K(10240K)->9885K(10240K) NonClass: 8585K(8832K)->8585K(8832K) Class: 1300K(1408K)->1300K(1408K)
[76.678s][info][gc             ] GC(70) Pause Young (Allocation Failure) 235M->6M(1593M) 1.707ms
[76.678s][info][gc,cpu         ] GC(70) User=0.00s Sys=0.00s Real=0.00s
[77.594s][info][gc,start       ] GC(71) Pause Young (Allocation Failure)
[77.595s][info][gc,heap        ] GC(71) PSYoungGen: 232672K(232960K)->1184K(229888K) Eden: 231424K(231424K)->0K(228352K) From: 1248K(1536K)->1184K(1536K)
[77.595s][info][gc,heap        ] GC(71) ParOldGen: 4945K(1398272K)->5217K(1398272K)
[77.595s][info][gc,metaspace   ] GC(71) Metaspace: 9885K(10240K)->9885K(10240K) NonClass: 8585K(8832K)->8585K(8832K) Class: 1300K(1408K)->1300K(1408K)
[77.595s][info][gc             ] GC(71) Pause Young (Allocation Failure) 232M->6M(1590M) 1.445ms
[77.595s][info][gc,cpu         ] GC(71) User=0.00s Sys=0.00s Real=0.00s
[78.497s][info][gc,start       ] GC(72) Pause Young (Allocation Failure)
[78.498s][info][gc,heap        ] GC(72) PSYoungGen: 229536K(229888K)->1056K(226816K) Eden: 228352K(228352K)->0K(225280K) From: 1184K(1536K)->1056K(1536K)
[78.498s][info][gc,heap        ] GC(72) ParOldGen: 5217K(1398272K)->5537K(1398272K)
[78.498s][info][gc,metaspace   ] GC(72) Metaspace: 9885K(10240K)->9885K(10240K) NonClass: 8585K(8832K)->8585K(8832K) Class: 1300K(1408K)->1300K(1408K)
[78.498s][info][gc             ] GC(72) Pause Young (Allocation Failure) 229M->6M(1587M) 1.488ms
[78.498s][info][gc,cpu         ] GC(72) User=0.00s Sys=0.00s Real=0.00s
[79.350s][info][gc,start       ] GC(73) Pause Young (System.gc())
[79.351s][info][gc,heap        ] GC(73) PSYoungGen: 214037K(226816K)->1056K(226816K) Eden: 212981K(225280K)->0K(225280K) From: 1056K(1536K)->1056K(1536K)
[79.351s][info][gc,heap        ] GC(73) ParOldGen: 5537K(1398272K)->5537K(1398272K)
[79.351s][info][gc,metaspace   ] GC(73) Metaspace: 9887K(10240K)->9887K(10240K) NonClass: 8586K(8832K)->8586K(8832K) Class: 1300K(1408K)->1300K(1408K)
[79.351s][info][gc             ] GC(73) Pause Young (System.gc()) 214M->6M(1587M) 1.095ms
[79.351s][info][gc,cpu         ] GC(73) User=0.00s Sys=0.00s Real=0.00s
[79.351s][info][gc,start       ] GC(74) Pause Full (System.gc())
[79.351s][info][gc,phases,start] GC(74) Marking Phase
[79.367s][info][gc,phases      ] GC(74) Marking Phase 15.473ms
[79.367s][info][gc,phases,start] GC(74) Summary Phase
[79.367s][info][gc,phases      ] GC(74) Summary Phase 0.021ms
[79.367s][info][gc,phases,start] GC(74) Adjust Roots
[79.371s][info][gc,phases      ] GC(74) Adjust Roots 4.369ms
[79.371s][info][gc,phases,start] GC(74) Compaction Phase
[79.375s][info][gc,phases      ] GC(74) Compaction Phase 3.441ms
[79.375s][info][gc,phases,start] GC(74) Post Compact
[79.375s][info][gc,phases      ] GC(74) Post Compact 0.716ms
[79.375s][info][gc,heap        ] GC(74) PSYoungGen: 1056K(226816K)->0K(226816K) Eden: 0K(225280K)->0K(225280K) From: 1056K(1536K)->0K(1536K)
[79.375s][info][gc,heap        ] GC(74) ParOldGen: 5537K(1398272K)->4073K(1398272K)
[79.375s][info][gc,metaspace   ] GC(74) Metaspace: 9887K(10240K)->9887K(10240K) NonClass: 8586K(8832K)->8586K(8832K) Class: 1300K(1408K)->1300K(1408K)
[79.375s][info][gc             ] GC(74) Pause Full (System.gc()) 6M->3M(1587M) 24.288ms
[79.376s][info][gc,cpu         ] GC(74) User=0.53s Sys=0.00s Real=0.03s
[80.259s][info][gc,start       ] GC(75) Pause Young (Allocation Failure)
[80.261s][info][gc,heap        ] GC(75) PSYoungGen: 225280K(226816K)->1664K(224256K) Eden: 225280K(225280K)->0K(222208K) From: 0K(1536K)->1664K(2048K)
[80.261s][info][gc,heap        ] GC(75) ParOldGen: 4073K(1398272K)->4073K(1398272K)
[80.261s][info][gc,metaspace   ] GC(75) Metaspace: 9888K(10240K)->9888K(10240K) NonClass: 8588K(8832K)->8588K(8832K) Class: 1300K(1408K)->1300K(1408K)
[80.261s][info][gc             ] GC(75) Pause Young (Allocation Failure) 223M->5M(1584M) 2.083ms
[80.261s][info][gc,cpu         ] GC(75) User=0.11s Sys=0.41s Real=0.02s
[81.131s][info][gc,start       ] GC(76) Pause Young (Allocation Failure)
[81.132s][info][gc,heap        ] GC(76) PSYoungGen: 223872K(224256K)->1024K(220160K) Eden: 222208K(222208K)->0K(219136K) From: 1664K(2048K)->1024K(1024K)
[81.132s][info][gc,heap        ] GC(76) ParOldGen: 4073K(1398272K)->4497K(1398272K)
[81.132s][info][gc,metaspace   ] GC(76) Metaspace: 9888K(10240K)->9888K(10240K) NonClass: 8588K(8832K)->8588K(8832K) Class: 1300K(1408K)->1300K(1408K)
[81.132s][info][gc             ] GC(76) Pause Young (Allocation Failure) 222M->5M(1580M) 1.265ms
[81.132s][info][gc,cpu         ] GC(76) User=0.00s Sys=0.00s Real=0.00s
[81.997s][info][gc,start       ] GC(77) Pause Young (Allocation Failure)
[81.998s][info][gc,heap        ] GC(77) PSYoungGen: 220160K(220160K)->1248K(217600K) Eden: 219136K(219136K)->0K(216064K) From: 1024K(1024K)->1248K(1536K)
[81.998s][info][gc,heap        ] GC(77) ParOldGen: 4497K(1398272K)->5129K(1398272K)
[81.998s][info][gc,metaspace   ] GC(77) Metaspace: 9888K(10240K)->9888K(10240K) NonClass: 8588K(8832K)->8588K(8832K) Class: 1300K(1408K)->1300K(1408K)
[81.998s][info][gc             ] GC(77) Pause Young (Allocation Failure) 219M->6M(1578M) 1.678ms
[81.998s][info][gc,cpu         ] GC(77) User=0.00s Sys=0.00s Real=0.00s
[82.853s][info][gc,start       ] GC(78) Pause Young (Allocation Failure)
[82.854s][info][gc,heap        ] GC(78) PSYoungGen: 217312K(217600K)->1248K(214528K) Eden: 216064K(216064K)->0K(212992K) From: 1248K(1536K)->1248K(1536K)
[82.854s][info][gc,heap        ] GC(78) ParOldGen: 5129K(1398272K)->5129K(1398272K)
[82.854s][info][gc,metaspace   ] GC(78) Metaspace: 9888K(10240K)->9888K(10240K) NonClass: 8588K(8832K)->8588K(8832K) Class: 1300K(1408K)->1300K(1408K)
[82.854s][info][gc             ] GC(78) Pause Young (Allocation Failure) 217M->6M(1575M) 1.369ms
[82.854s][info][gc,cpu         ] GC(78) User=0.00s Sys=0.00s Real=0.00s
[83.716s][info][gc,start       ] GC(79) Pause Young (Allocation Failure)
[83.718s][info][gc,heap        ] GC(79) PSYoungGen: 214240K(214528K)->1216K(211456K) Eden: 212992K(212992K)->0K(209920K) From: 1248K(1536K)->1216K(1536K)
[83.718s][info][gc,heap        ] GC(79) ParOldGen: 5129K(1398272K)->5417K(1398272K)
[83.718s][info][gc,metaspace   ] GC(79) Metaspace: 9888K(10240K)->9888K(10240K) NonClass: 8588K(8832K)->8588K(8832K) Class: 1300K(1408K)->1300K(1408K)
[83.718s][info][gc             ] GC(79) Pause Young (Allocation Failure) 214M->6M(1572M) 1.766ms
[83.718s][info][gc,cpu         ] GC(79) User=0.00s Sys=0.02s Real=0.02s
[84.543s][info][gc,start       ] GC(80) Pause Young (Allocation Failure)
[84.544s][info][gc,heap        ] GC(80) PSYoungGen: 211136K(211456K)->1376K(208896K) Eden: 209920K(209920K)->0K(207360K) From: 1216K(1536K)->1376K(1536K)
[84.544s][info][gc,heap        ] GC(80) ParOldGen: 5417K(1398272K)->5761K(1398272K)
[84.544s][info][gc,metaspace   ] GC(80) Metaspace: 9888K(10240K)->9888K(10240K) NonClass: 8588K(8832K)->8588K(8832K) Class: 1300K(1408K)->1300K(1408K)
[84.544s][info][gc             ] GC(80) Pause Young (Allocation Failure) 211M->6M(1569M) 1.187ms
[84.544s][info][gc,cpu         ] GC(80) User=0.00s Sys=0.00s Real=0.00s
[85.372s][info][gc,start       ] GC(81) Pause Young (Allocation Failure)
[85.373s][info][gc,heap        ] GC(81) PSYoungGen: 208736K(208896K)->1184K(206336K) Eden: 207360K(207360K)->0K(204800K) From: 1376K(1536K)->1184K(1536K)
[85.373s][info][gc,heap        ] GC(81) ParOldGen: 5761K(1398272K)->6353K(1398272K)
[85.373s][info][gc,metaspace   ] GC(81) Metaspace: 9888K(10240K)->9888K(10240K) NonClass: 8588K(8832K)->8588K(8832K) Class: 1300K(1408K)->1300K(1408K)
[85.373s][info][gc             ] GC(81) Pause Young (Allocation Failure) 209M->7M(1567M) 1.826ms
[85.373s][info][gc,cpu         ] GC(81) User=0.00s Sys=0.00s Real=0.00s
[85.843s][info][gc,start       ] GC(82) Pause Young (System.gc())
[85.844s][info][gc,heap        ] GC(82) PSYoungGen: 120474K(206336K)->1056K(206336K) Eden: 119290K(204800K)->0K(204800K) From: 1184K(1536K)->1056K(1536K)
[85.844s][info][gc,heap        ] GC(82) ParOldGen: 6353K(1398272K)->6353K(1398272K)
[85.844s][info][gc,metaspace   ] GC(82) Metaspace: 9891K(10240K)->9891K(10240K) NonClass: 8591K(8832K)->8591K(8832K) Class: 1300K(1408K)->1300K(1408K)
[85.844s][info][gc             ] GC(82) Pause Young (System.gc()) 123M->7M(1567M) 1.101ms
[85.844s][info][gc,cpu         ] GC(82) User=0.00s Sys=0.00s Real=0.00s
[85.844s][info][gc,start       ] GC(83) Pause Full (System.gc())
[85.844s][info][gc,phases,start] GC(83) Marking Phase
[85.861s][info][gc,phases      ] GC(83) Marking Phase 16.381ms
[85.861s][info][gc,phases,start] GC(83) Summary Phase
[85.861s][info][gc,phases      ] GC(83) Summary Phase 0.022ms
[85.861s][info][gc,phases,start] GC(83) Adjust Roots
[85.865s][info][gc,phases      ] GC(83) Adjust Roots 4.330ms
[85.865s][info][gc,phases,start] GC(83) Compaction Phase
[85.869s][info][gc,phases      ] GC(83) Compaction Phase 3.858ms
[85.869s][info][gc,phases,start] GC(83) Post Compact
[85.870s][info][gc,phases      ] GC(83) Post Compact 0.747ms
[85.870s][info][gc,heap        ] GC(83) PSYoungGen: 1056K(206336K)->0K(206336K) Eden: 0K(204800K)->0K(204800K) From: 1056K(1536K)->0K(1536K)
[85.870s][info][gc,heap        ] GC(83) ParOldGen: 6353K(1398272K)->4073K(1398272K)
[85.870s][info][gc,metaspace   ] GC(83) Metaspace: 9891K(10240K)->9891K(10240K) NonClass: 8591K(8832K)->8591K(8832K) Class: 1300K(1408K)->1300K(1408K)
[85.870s][info][gc             ] GC(83) Pause Full (System.gc()) 7M->3M(1567M) 25.598ms
[85.870s][info][gc,cpu         ] GC(83) User=0.02s Sys=0.00s Real=0.01s
[86.687s][info][gc,start       ] GC(84) Pause Young (Allocation Failure)
[86.689s][info][gc,heap        ] GC(84) PSYoungGen: 204800K(206336K)->1568K(204288K) Eden: 204800K(204800K)->0K(202240K) From: 0K(1536K)->1568K(2048K)
[86.689s][info][gc,heap        ] GC(84) ParOldGen: 4073K(1398272K)->4073K(1398272K)
[86.689s][info][gc,metaspace   ] GC(84) Metaspace: 9896K(10240K)->9896K(10240K) NonClass: 8596K(8832K)->8596K(8832K) Class: 1300K(1408K)->1300K(1408K)
[86.689s][info][gc             ] GC(84) Pause Young (Allocation Failure) 203M->5M(1565M) 2.280ms
[86.689s][info][gc,cpu         ] GC(84) User=0.00s Sys=0.00s Real=0.00s
[87.501s][info][gc,start       ] GC(85) Pause Young (Allocation Failure)
[87.502s][info][gc,heap        ] GC(85) PSYoungGen: 203808K(204288K)->1024K(200704K) Eden: 202240K(202240K)->0K(199680K) From: 1568K(2048K)->1024K(1024K)
[87.502s][info][gc,heap        ] GC(85) ParOldGen: 4073K(1398272K)->4841K(1398272K)
[87.502s][info][gc,metaspace   ] GC(85) Metaspace: 9896K(10240K)->9896K(10240K) NonClass: 8596K(8832K)->8596K(8832K) Class: 1300K(1408K)->1300K(1408K)
[87.502s][info][gc             ] GC(85) Pause Young (Allocation Failure) 203M->5M(1561M) 1.365ms
[87.502s][info][gc,cpu         ] GC(85) User=0.00s Sys=0.00s Real=0.00s
[88.281s][info][gc,start       ] GC(86) Pause Young (Allocation Failure)
[88.283s][info][gc,heap        ] GC(86) PSYoungGen: 200704K(200704K)->1088K(198656K) Eden: 199680K(199680K)->0K(197120K) From: 1024K(1024K)->1088K(1536K)
[88.283s][info][gc,heap        ] GC(86) ParOldGen: 4841K(1398272K)->5193K(1398272K)
[88.283s][info][gc,metaspace   ] GC(86) Metaspace: 9896K(10240K)->9896K(10240K) NonClass: 8596K(8832K)->8596K(8832K) Class: 1300K(1408K)->1300K(1408K)
[88.283s][info][gc             ] GC(86) Pause Young (Allocation Failure) 200M->6M(1559M) 1.555ms
[88.283s][info][gc,cpu         ] GC(86) User=0.00s Sys=0.00s Real=0.00s
[89.056s][info][gc,start       ] GC(87) Pause Young (Allocation Failure)
[89.057s][info][gc,heap        ] GC(87) PSYoungGen: 198208K(198656K)->1056K(196096K) Eden: 197120K(197120K)->0K(194560K) From: 1088K(1536K)->1056K(1536K)
[89.057s][info][gc,heap        ] GC(87) ParOldGen: 5193K(1398272K)->5193K(1398272K)
[89.057s][info][gc,metaspace   ] GC(87) Metaspace: 9896K(10240K)->9896K(10240K) NonClass: 8596K(8832K)->8596K(8832K) Class: 1300K(1408K)->1300K(1408K)
[89.057s][info][gc             ] GC(87) Pause Young (Allocation Failure) 198M->6M(1557M) 1.268ms
[89.057s][info][gc,cpu         ] GC(87) User=0.00s Sys=0.00s Real=0.00s
[89.829s][info][gc,start       ] GC(88) Pause Young (Allocation Failure)
[89.831s][info][gc,heap        ] GC(88) PSYoungGen: 195616K(196096K)->1120K(193536K) Eden: 194560K(194560K)->0K(192000K) From: 1056K(1536K)->1120K(1536K)
[89.831s][info][gc,heap        ] GC(88) ParOldGen: 5193K(1398272K)->5193K(1398272K)
[89.831s][info][gc,metaspace   ] GC(88) Metaspace: 9896K(10240K)->9896K(10240K) NonClass: 8596K(8832K)->8596K(8832K) Class: 1300K(1408K)->1300K(1408K)
[89.831s][info][gc             ] GC(88) Pause Young (Allocation Failure) 196M->6M(1554M) 1.979ms
[89.831s][info][gc,cpu         ] GC(88) User=0.00s Sys=0.00s Real=0.00s
[90.592s][info][gc,start       ] GC(89) Pause Young (Allocation Failure)
[90.593s][info][gc,heap        ] GC(89) PSYoungGen: 193120K(193536K)->1184K(190976K) Eden: 192000K(192000K)->0K(189440K) From: 1120K(1536K)->1184K(1536K)
[90.593s][info][gc,heap        ] GC(89) ParOldGen: 5193K(1398272K)->5649K(1398272K)
[90.593s][info][gc,metaspace   ] GC(89) Metaspace: 9896K(10240K)->9896K(10240K) NonClass: 8596K(8832K)->8596K(8832K) Class: 1300K(1408K)->1300K(1408K)
[90.593s][info][gc             ] GC(89) Pause Young (Allocation Failure) 193M->6M(1552M) 1.274ms
[90.593s][info][gc,cpu         ] GC(89) User=0.00s Sys=0.00s Real=0.00s
[91.327s][info][gc,start       ] GC(90) Pause Young (Allocation Failure)
[91.328s][info][gc,heap        ] GC(90) PSYoungGen: 190624K(190976K)->1248K(188928K) Eden: 189440K(189440K)->0K(187392K) From: 1184K(1536K)->1248K(1536K)
[91.328s][info][gc,heap        ] GC(90) ParOldGen: 5649K(1398272K)->5649K(1398272K)
[91.328s][info][gc,metaspace   ] GC(90) Metaspace: 9896K(10240K)->9896K(10240K) NonClass: 8596K(8832K)->8596K(8832K) Class: 1300K(1408K)->1300K(1408K)
[91.328s][info][gc             ] GC(90) Pause Young (Allocation Failure) 191M->6M(1550M) 1.747ms
[91.328s][info][gc,cpu         ] GC(90) User=0.00s Sys=0.00s Real=0.00s
[92.073s][info][gc,start       ] GC(91) Pause Young (Allocation Failure)
[92.074s][info][gc,heap        ] GC(91) PSYoungGen: 188640K(188928K)->1056K(186880K) Eden: 187392K(187392K)->0K(185344K) From: 1248K(1536K)->1056K(1536K)
[92.074s][info][gc,heap        ] GC(91) ParOldGen: 5649K(1398272K)->6129K(1398272K)
[92.074s][info][gc,metaspace   ] GC(91) Metaspace: 9896K(10240K)->9896K(10240K) NonClass: 8596K(8832K)->8596K(8832K) Class: 1300K(1408K)->1300K(1408K)
[92.074s][info][gc             ] GC(91) Pause Young (Allocation Failure) 189M->7M(1548M) 1.186ms
[92.074s][info][gc,cpu         ] GC(91) User=0.00s Sys=0.00s Real=0.00s
[92.365s][info][gc,start       ] GC(92) Pause Young (System.gc())
[92.366s][info][gc,heap        ] GC(92) PSYoungGen: 70604K(186880K)->1056K(186880K) Eden: 69548K(185344K)->0K(185344K) From: 1056K(1536K)->1056K(1536K)
[92.366s][info][gc,heap        ] GC(92) ParOldGen: 6129K(1398272K)->6129K(1398272K)
[92.366s][info][gc,metaspace   ] GC(92) Metaspace: 9896K(10240K)->9896K(10240K) NonClass: 8596K(8832K)->8596K(8832K) Class: 1300K(1408K)->1300K(1408K)
[92.366s][info][gc             ] GC(92) Pause Young (System.gc()) 74M->7M(1548M) 1.555ms
[92.366s][info][gc,cpu         ] GC(92) User=0.00s Sys=0.00s Real=0.00s
[92.366s][info][gc,start       ] GC(93) Pause Full (System.gc())
[92.366s][info][gc,phases,start] GC(93) Marking Phase
[92.382s][info][gc,phases      ] GC(93) Marking Phase 15.660ms
[92.382s][info][gc,phases,start] GC(93) Summary Phase
[92.382s][info][gc,phases      ] GC(93) Summary Phase 0.020ms
[92.382s][info][gc,phases,start] GC(93) Adjust Roots
[92.385s][info][gc,phases      ] GC(93) Adjust Roots 2.931ms
[92.385s][info][gc,phases,start] GC(93) Compaction Phase
[92.388s][info][gc,phases      ] GC(93) Compaction Phase 2.673ms
[92.388s][info][gc,phases,start] GC(93) Post Compact
[92.388s][info][gc,phases      ] GC(93) Post Compact 0.717ms
[92.389s][info][gc,heap        ] GC(93) PSYoungGen: 1056K(186880K)->0K(186880K) Eden: 0K(185344K)->0K(185344K) From: 1056K(1536K)->0K(1536K)
[92.389s][info][gc,heap        ] GC(93) ParOldGen: 6129K(1398272K)->4073K(1398272K)
[92.389s][info][gc,metaspace   ] GC(93) Metaspace: 9896K(10240K)->9896K(10240K) NonClass: 8596K(8832K)->8596K(8832K) Class: 1300K(1408K)->1300K(1408K)
[92.389s][info][gc             ] GC(93) Pause Full (System.gc()) 7M->3M(1548M) 22.253ms
[92.389s][info][gc,cpu         ] GC(93) User=0.50s Sys=0.00s Real=0.02s
[93.137s][info][gc,start       ] GC(94) Pause Young (Allocation Failure)
[93.138s][info][gc,heap        ] GC(94) PSYoungGen: 185344K(186880K)->1536K(184832K) Eden: 185344K(185344K)->0K(183296K) From: 0K(1536K)->1536K(1536K)
[93.138s][info][gc,heap        ] GC(94) ParOldGen: 4073K(1398272K)->4161K(1398272K)
[93.138s][info][gc,metaspace   ] GC(94) Metaspace: 9901K(10240K)->9901K(10240K) NonClass: 8601K(8832K)->8601K(8832K) Class: 1300K(1408K)->1300K(1408K)
[93.138s][info][gc             ] GC(94) Pause Young (Allocation Failure) 184M->5M(1546M) 1.286ms
[93.139s][info][gc,cpu         ] GC(94) User=0.00s Sys=0.00s Real=0.00s
[93.875s][info][gc,start       ] GC(95) Pause Young (Allocation Failure)
[93.877s][info][gc,heap        ] GC(95) PSYoungGen: 184832K(184832K)->1280K(182784K) Eden: 183296K(183296K)->0K(181248K) From: 1536K(1536K)->1280K(1536K)
[93.877s][info][gc,heap        ] GC(95) ParOldGen: 4161K(1398272K)->4673K(1398272K)
[93.877s][info][gc,metaspace   ] GC(95) Metaspace: 9901K(10240K)->9901K(10240K) NonClass: 8601K(8832K)->8601K(8832K) Class: 1300K(1408K)->1300K(1408K)
[93.877s][info][gc             ] GC(95) Pause Young (Allocation Failure) 184M->5M(1544M) 1.895ms
[93.877s][info][gc,cpu         ] GC(95) User=0.00s Sys=0.00s Real=0.00s
[94.605s][info][gc,start       ] GC(96) Pause Young (Allocation Failure)
[94.606s][info][gc,heap        ] GC(96) PSYoungGen: 182528K(182784K)->1120K(180736K) Eden: 181248K(181248K)->0K(179200K) From: 1280K(1536K)->1120K(1536K)
[94.606s][info][gc,heap        ] GC(96) ParOldGen: 4673K(1398272K)->4713K(1398272K)
[94.606s][info][gc,metaspace   ] GC(96) Metaspace: 9901K(10240K)->9901K(10240K) NonClass: 8601K(8832K)->8601K(8832K) Class: 1300K(1408K)->1300K(1408K)
[94.607s][info][gc             ] GC(96) Pause Young (Allocation Failure) 182M->5M(1542M) 1.227ms
[94.607s][info][gc,cpu         ] GC(96) User=0.50s Sys=0.02s Real=0.02s
[95.310s][info][gc,start       ] GC(97) Pause Young (Allocation Failure)
[95.312s][info][gc,heap        ] GC(97) PSYoungGen: 180320K(180736K)->1440K(178688K) Eden: 179200K(179200K)->0K(177152K) From: 1120K(1536K)->1440K(1536K)
[95.312s][info][gc,heap        ] GC(97) ParOldGen: 4713K(1398272K)->4897K(1398272K)
[95.312s][info][gc,metaspace   ] GC(97) Metaspace: 9901K(10240K)->9901K(10240K) NonClass: 8601K(8832K)->8601K(8832K) Class: 1300K(1408K)->1300K(1408K)
[95.312s][info][gc             ] GC(97) Pause Young (Allocation Failure) 180M->6M(1540M) 1.920ms
[95.312s][info][gc,cpu         ] GC(97) User=0.00s Sys=0.00s Real=0.00s
[96.006s][info][gc,start       ] GC(98) Pause Young (Allocation Failure)
[96.007s][info][gc,heap        ] GC(98) PSYoungGen: 178592K(178688K)->1088K(176640K) Eden: 177152K(177152K)->0K(175104K) From: 1440K(1536K)->1088K(1536K)
[96.007s][info][gc,heap        ] GC(98) ParOldGen: 4897K(1398272K)->5305K(1398272K)
[96.007s][info][gc,metaspace   ] GC(98) Metaspace: 9901K(10240K)->9901K(10240K) NonClass: 8601K(8832K)->8601K(8832K) Class: 1300K(1408K)->1300K(1408K)
[96.007s][info][gc             ] GC(98) Pause Young (Allocation Failure) 179M->6M(1538M) 1.212ms
[96.007s][info][gc,cpu         ] GC(98) User=0.00s Sys=0.00s Real=0.00s
[96.691s][info][gc,start       ] GC(99) Pause Young (Allocation Failure)
[96.693s][info][gc,heap        ] GC(99) PSYoungGen: 176192K(176640K)->1184K(174592K) Eden: 175104K(175104K)->0K(173056K) From: 1088K(1536K)->1184K(1536K)
[96.693s][info][gc,heap        ] GC(99) ParOldGen: 5305K(1398272K)->5609K(1398272K)
[96.693s][info][gc,metaspace   ] GC(99) Metaspace: 9901K(10240K)->9901K(10240K) NonClass: 8601K(8832K)->8601K(8832K) Class: 1300K(1408K)->1300K(1408K)
[96.693s][info][gc             ] GC(99) Pause Young (Allocation Failure) 177M->6M(1536M) 1.654ms
[96.693s][info][gc,cpu         ] GC(99) User=0.00s Sys=0.00s Real=0.00s
[97.368s][info][gc,start       ] GC(100) Pause Young (Allocation Failure)
[97.370s][info][gc,heap        ] GC(100) PSYoungGen: 174240K(174592K)->992K(172032K) Eden: 173056K(173056K)->0K(171008K) From: 1184K(1536K)->992K(1024K)
[97.370s][info][gc,heap        ] GC(100) ParOldGen: 5609K(1398272K)->5985K(1398272K)
[97.370s][info][gc,metaspace   ] GC(100) Metaspace: 9901K(10240K)->9901K(10240K) NonClass: 8601K(8832K)->8601K(8832K) Class: 1300K(1408K)->1300K(1408K)
[97.370s][info][gc             ] GC(100) Pause Young (Allocation Failure) 175M->6M(1533M) 1.434ms
[97.370s][info][gc,cpu         ] GC(100) User=0.00s Sys=0.00s Real=0.00s
[98.055s][info][gc,start       ] GC(101) Pause Young (Allocation Failure)
[98.057s][info][gc,heap        ] GC(101) PSYoungGen: 172000K(172032K)->1088K(170496K) Eden: 171008K(171008K)->0K(168960K) From: 992K(1024K)->1088K(1536K)
[98.057s][info][gc,heap        ] GC(101) ParOldGen: 5985K(1398272K)->5985K(1398272K)
[98.057s][info][gc,metaspace   ] GC(101) Metaspace: 9901K(10240K)->9901K(10240K) NonClass: 8601K(8832K)->8601K(8832K) Class: 1300K(1408K)->1300K(1408K)
[98.057s][info][gc             ] GC(101) Pause Young (Allocation Failure) 173M->6M(1532M) 1.706ms
[98.057s][info][gc,cpu         ] GC(101) User=0.00s Sys=0.00s Real=0.00s
[98.742s][info][gc,start       ] GC(102) Pause Young (Allocation Failure)
[98.744s][info][gc,heap        ] GC(102) PSYoungGen: 170048K(170496K)->1056K(168448K) Eden: 168960K(168960K)->0K(166912K) From: 1088K(1536K)->1056K(1536K)
[98.744s][info][gc,heap        ] GC(102) ParOldGen: 5985K(1398272K)->5985K(1398272K)
[98.744s][info][gc,metaspace   ] GC(102) Metaspace: 9901K(10240K)->9901K(10240K) NonClass: 8601K(8832K)->8601K(8832K) Class: 1300K(1408K)->1300K(1408K)
[98.744s][info][gc             ] GC(102) Pause Young (Allocation Failure) 171M->6M(1530M) 1.246ms
[98.744s][info][gc,cpu         ] GC(102) User=0.00s Sys=0.00s Real=0.00s
[98.862s][info][gc,start       ] GC(103) Pause Young (System.gc())
[98.864s][info][gc,heap        ] GC(103) PSYoungGen: 32018K(168448K)->1088K(168448K) Eden: 30962K(166912K)->0K(166912K) From: 1056K(1536K)->1088K(1536K)
[98.864s][info][gc,heap        ] GC(103) ParOldGen: 5985K(1398272K)->6305K(1398272K)
[98.864s][info][gc,metaspace   ] GC(103) Metaspace: 9901K(10240K)->9901K(10240K) NonClass: 8601K(8832K)->8601K(8832K) Class: 1300K(1408K)->1300K(1408K)
[98.864s][info][gc             ] GC(103) Pause Young (System.gc()) 37M->7M(1530M) 1.520ms
[98.864s][info][gc,cpu         ] GC(103) User=0.00s Sys=0.00s Real=0.00s
[98.864s][info][gc,start       ] GC(104) Pause Full (System.gc())
[98.864s][info][gc,phases,start] GC(104) Marking Phase
[98.879s][info][gc,phases      ] GC(104) Marking Phase 15.141ms
[98.879s][info][gc,phases,start] GC(104) Summary Phase
[98.879s][info][gc,phases      ] GC(104) Summary Phase 0.020ms
[98.879s][info][gc,phases,start] GC(104) Adjust Roots
[98.883s][info][gc,phases      ] GC(104) Adjust Roots 4.272ms
[98.883s][info][gc,phases,start] GC(104) Compaction Phase
[98.886s][info][gc,phases      ] GC(104) Compaction Phase 2.913ms
[98.886s][info][gc,phases,start] GC(104) Post Compact
[98.887s][info][gc,phases      ] GC(104) Post Compact 0.679ms
[98.887s][info][gc,heap        ] GC(104) PSYoungGen: 1088K(168448K)->0K(168448K) Eden: 0K(166912K)->0K(166912K) From: 1088K(1536K)->0K(1536K)
[98.887s][info][gc,heap        ] GC(104) ParOldGen: 6305K(1398272K)->4073K(1398272K)
[98.887s][info][gc,metaspace   ] GC(104) Metaspace: 9901K(10240K)->9901K(10240K) NonClass: 8601K(8832K)->8601K(8832K) Class: 1300K(1408K)->1300K(1408K)
[98.887s][info][gc             ] GC(104) Pause Full (System.gc()) 7M->3M(1530M) 23.275ms
[98.887s][info][gc,cpu         ] GC(104) User=0.52s Sys=0.00s Real=0.02s
[99.549s][info][gc,start       ] GC(105) Pause Young (Allocation Failure)
[99.551s][info][gc,heap        ] GC(105) PSYoungGen: 166912K(168448K)->1536K(166912K) Eden: 166912K(166912K)->0K(165376K) From: 0K(1536K)->1536K(1536K)
[99.551s][info][gc,heap        ] GC(105) ParOldGen: 4073K(1398272K)->4113K(1398272K)
[99.551s][info][gc,metaspace   ] GC(105) Metaspace: 9901K(10240K)->9901K(10240K) NonClass: 8601K(8832K)->8601K(8832K) Class: 1300K(1408K)->1300K(1408K)
[99.551s][info][gc             ] GC(105) Pause Young (Allocation Failure) 166M->5M(1528M) 1.439ms
[99.551s][info][gc,cpu         ] GC(105) User=0.02s Sys=0.00s Real=0.02s
[100.209s][info][gc,start       ] GC(106) Pause Young (Allocation Failure)
[100.210s][info][gc,heap        ] GC(106) PSYoungGen: 166912K(166912K)->1184K(165376K) Eden: 165376K(165376K)->0K(163840K) From: 1536K(1536K)->1184K(1536K)
[100.211s][info][gc,heap        ] GC(106) ParOldGen: 4113K(1398272K)->4833K(1398272K)
[100.211s][info][gc,metaspace   ] GC(106) Metaspace: 9901K(10240K)->9901K(10240K) NonClass: 8601K(8832K)->8601K(8832K) Class: 1300K(1408K)->1300K(1408K)
[100.211s][info][gc             ] GC(106) Pause Young (Allocation Failure) 167M->5M(1527M) 1.946ms
[100.211s][info][gc,cpu         ] GC(106) User=0.00s Sys=0.00s Real=0.00s
[100.853s][info][gc,start       ] GC(107) Pause Young (Allocation Failure)
[100.854s][info][gc,heap        ] GC(107) PSYoungGen: 165024K(165376K)->1024K(163328K) Eden: 163840K(163840K)->0K(162304K) From: 1184K(1536K)->1024K(1024K)
[100.855s][info][gc,heap        ] GC(107) ParOldGen: 4833K(1398272K)->5193K(1398272K)
[100.855s][info][gc,metaspace   ] GC(107) Metaspace: 9901K(10240K)->9901K(10240K) NonClass: 8601K(8832K)->8601K(8832K) Class: 1300K(1408K)->1300K(1408K)
[100.855s][info][gc             ] GC(107) Pause Young (Allocation Failure) 165M->6M(1525M) 1.364ms
[100.855s][info][gc,cpu         ] GC(107) User=0.00s Sys=0.00s Real=0.00s
[101.495s][info][gc,start       ] GC(108) Pause Young (Allocation Failure)
[101.497s][info][gc,heap        ] GC(108) PSYoungGen: 163328K(163328K)->1088K(162304K) Eden: 162304K(162304K)->0K(160768K) From: 1024K(1024K)->1088K(1536K)
[101.497s][info][gc,heap        ] GC(108) ParOldGen: 5193K(1398272K)->5441K(1398272K)
[101.497s][info][gc,metaspace   ] GC(108) Metaspace: 9901K(10240K)->9901K(10240K) NonClass: 8601K(8832K)->8601K(8832K) Class: 1300K(1408K)->1300K(1408K)
[101.497s][info][gc             ] GC(108) Pause Young (Allocation Failure) 164M->6M(1524M) 1.690ms
[101.497s][info][gc,cpu         ] GC(108) User=0.00s Sys=0.00s Real=0.00s
[102.138s][info][gc,start       ] GC(109) Pause Young (Allocation Failure)
[102.139s][info][gc,heap        ] GC(109) PSYoungGen: 161856K(162304K)->1056K(160768K) Eden: 160768K(160768K)->0K(159232K) From: 1088K(1536K)->1056K(1536K)
[102.139s][info][gc,heap        ] GC(109) ParOldGen: 5441K(1398272K)->5441K(1398272K)
[102.139s][info][gc,metaspace   ] GC(109) Metaspace: 9901K(10240K)->9901K(10240K) NonClass: 8601K(8832K)->8601K(8832K) Class: 1300K(1408K)->1300K(1408K)
[102.139s][info][gc             ] GC(109) Pause Young (Allocation Failure) 163M->6M(1522M) 1.259ms
[102.139s][info][gc,cpu         ] GC(109) User=0.00s Sys=0.00s Real=0.00s
[102.785s][info][gc,start       ] GC(110) Pause Young (Allocation Failure)
[102.786s][info][gc,heap        ] GC(110) PSYoungGen: 160288K(160768K)->1056K(159232K) Eden: 159232K(159232K)->0K(157696K) From: 1056K(1536K)->1056K(1536K)
[102.786s][info][gc,heap        ] GC(110) ParOldGen: 5441K(1398272K)->5705K(1398272K)
[102.786s][info][gc,metaspace   ] GC(110) Metaspace: 9901K(10240K)->9901K(10240K) NonClass: 8601K(8832K)->8601K(8832K) Class: 1300K(1408K)->1300K(1408K)
[102.786s][info][gc             ] GC(110) Pause Young (Allocation Failure) 161M->6M(1521M) 1.429ms
[102.786s][info][gc,cpu         ] GC(110) User=0.00s Sys=0.00s Real=0.00s
[103.421s][info][gc,start       ] GC(111) Pause Young (Allocation Failure)
[103.422s][info][gc,heap        ] GC(111) PSYoungGen: 158752K(159232K)->1056K(157696K) Eden: 157696K(157696K)->0K(156160K) From: 1056K(1536K)->1056K(1536K)
[103.422s][info][gc,heap        ] GC(111) ParOldGen: 5705K(1398272K)->5705K(1398272K)
[103.422s][info][gc,metaspace   ] GC(111) Metaspace: 9901K(10240K)->9901K(10240K) NonClass: 8601K(8832K)->8601K(8832K) Class: 1300K(1408K)->1300K(1408K)
[103.422s][info][gc             ] GC(111) Pause Young (Allocation Failure) 160M->6M(1519M) 1.193ms
[103.423s][info][gc,cpu         ] GC(111) User=0.00s Sys=0.00s Real=0.00s
[104.042s][info][gc,start       ] GC(112) Pause Young (Allocation Failure)
[104.043s][info][gc,heap        ] GC(112) PSYoungGen: 157216K(157696K)->1088K(156160K) Eden: 156160K(156160K)->0K(154624K) From: 1056K(1536K)->1088K(1536K)
[104.043s][info][gc,heap        ] GC(112) ParOldGen: 5705K(1398272K)->5705K(1398272K)
[104.043s][info][gc,metaspace   ] GC(112) Metaspace: 9901K(10240K)->9901K(10240K) NonClass: 8601K(8832K)->8601K(8832K) Class: 1300K(1408K)->1300K(1408K)
[104.043s][info][gc             ] GC(112) Pause Young (Allocation Failure) 159M->6M(1518M) 1.620ms
[104.043s][info][gc,cpu         ] GC(112) User=0.17s Sys=0.00s Real=0.02s
[104.648s][info][gc,start       ] GC(113) Pause Young (Allocation Failure)
[104.649s][info][gc,heap        ] GC(113) PSYoungGen: 155712K(156160K)->1056K(154624K) Eden: 154624K(154624K)->0K(153088K) From: 1088K(1536K)->1056K(1536K)
[104.649s][info][gc,heap        ] GC(113) ParOldGen: 5705K(1398272K)->5705K(1398272K)
[104.649s][info][gc,metaspace   ] GC(113) Metaspace: 9901K(10240K)->9901K(10240K) NonClass: 8601K(8832K)->8601K(8832K) Class: 1300K(1408K)->1300K(1408K)
[104.649s][info][gc             ] GC(113) Pause Young (Allocation Failure) 157M->6M(1516M) 1.041ms
[104.649s][info][gc,cpu         ] GC(113) User=0.00s Sys=0.00s Real=0.00s
[105.264s][info][gc,start       ] GC(114) Pause Young (Allocation Failure)
[105.265s][info][gc,heap        ] GC(114) PSYoungGen: 154144K(154624K)->1056K(153088K) Eden: 153088K(153088K)->0K(151552K) From: 1056K(1536K)->1056K(1536K)
[105.265s][info][gc,heap        ] GC(114) ParOldGen: 5705K(1398272K)->5705K(1398272K)
[105.266s][info][gc,metaspace   ] GC(114) Metaspace: 9901K(10240K)->9901K(10240K) NonClass: 8601K(8832K)->8601K(8832K) Class: 1300K(1408K)->1300K(1408K)
[105.266s][info][gc             ] GC(114) Pause Young (Allocation Failure) 156M->6M(1515M) 1.254ms
[105.266s][info][gc,cpu         ] GC(114) User=0.00s Sys=0.00s Real=0.00s
[105.401s][info][gc,start       ] GC(115) Pause Young (System.gc())
[105.402s][info][gc,heap        ] GC(115) PSYoungGen: 36868K(153088K)->512K(152064K) Eden: 35812K(151552K)->0K(151552K) From: 1056K(1536K)->512K(512K)
[105.402s][info][gc,heap        ] GC(115) ParOldGen: 5705K(1398272K)->5905K(1398272K)
[105.402s][info][gc,metaspace   ] GC(115) Metaspace: 9902K(10240K)->9902K(10240K) NonClass: 8602K(8832K)->8602K(8832K) Class: 1300K(1408K)->1300K(1408K)
[105.402s][info][gc             ] GC(115) Pause Young (System.gc()) 41M->6M(1514M) 1.042ms
[105.402s][info][gc,cpu         ] GC(115) User=0.00s Sys=0.00s Real=0.00s
[105.402s][info][gc,start       ] GC(116) Pause Full (System.gc())
[105.402s][info][gc,phases,start] GC(116) Marking Phase
[105.418s][info][gc,phases      ] GC(116) Marking Phase 15.870ms
[105.441s][info][gc,phases,start] GC(116) Summary Phase
[105.441s][info][gc,phases      ] GC(116) Summary Phase 0.071ms
[105.441s][info][gc,phases,start] GC(116) Adjust Roots
[105.446s][info][gc,phases      ] GC(116) Adjust Roots 4.452ms
[105.446s][info][gc,phases,start] GC(116) Compaction Phase
[105.450s][info][gc,phases      ] GC(116) Compaction Phase 3.960ms
[105.450s][info][gc,phases,start] GC(116) Post Compact
[105.450s][info][gc,phases      ] GC(116) Post Compact 0.789ms
[105.450s][info][gc,heap        ] GC(116) PSYoungGen: 512K(152064K)->0K(152064K) Eden: 0K(151552K)->0K(151552K) From: 512K(512K)->0K(512K)
[105.450s][info][gc,heap        ] GC(116) ParOldGen: 5905K(1398272K)->4073K(1398272K)
[105.450s][info][gc,metaspace   ] GC(116) Metaspace: 9902K(10240K)->9902K(10240K) NonClass: 8602K(8832K)->8602K(8832K) Class: 1300K(1408K)->1300K(1408K)
[105.451s][info][gc             ] GC(116) Pause Full (System.gc()) 6M->3M(1514M) 48.614ms
[105.451s][info][gc,cpu         ] GC(116) User=0.16s Sys=0.00s Real=0.05s
[106.048s][info][gc,start       ] GC(117) Pause Young (Allocation Failure)
[106.050s][info][gc,heap        ] GC(117) PSYoungGen: 151552K(152064K)->1536K(151552K) Eden: 151552K(151552K)->0K(150016K) From: 0K(512K)->1536K(1536K)
[106.050s][info][gc,heap        ] GC(117) ParOldGen: 4073K(1398272K)->4081K(1398272K)
[106.050s][info][gc,metaspace   ] GC(117) Metaspace: 9902K(10240K)->9902K(10240K) NonClass: 8602K(8832K)->8602K(8832K) Class: 1300K(1408K)->1300K(1408K)
[106.050s][info][gc             ] GC(117) Pause Young (Allocation Failure) 151M->5M(1513M) 1.874ms
[106.050s][info][gc,cpu         ] GC(117) User=0.00s Sys=0.00s Real=0.00s
[106.648s][info][gc,start       ] GC(118) Pause Young (Allocation Failure)
[106.649s][info][gc,heap        ] GC(118) PSYoungGen: 151552K(151552K)->1408K(150016K) Eden: 150016K(150016K)->0K(148480K) From: 1536K(1536K)->1408K(1536K)
[106.650s][info][gc,heap        ] GC(118) ParOldGen: 4081K(1398272K)->4633K(1398272K)
[106.650s][info][gc,metaspace   ] GC(118) Metaspace: 9902K(10240K)->9902K(10240K) NonClass: 8602K(8832K)->8602K(8832K) Class: 1300K(1408K)->1300K(1408K)
[106.650s][info][gc             ] GC(118) Pause Young (Allocation Failure) 151M->5M(1512M) 1.302ms
[106.650s][info][gc,cpu         ] GC(118) User=0.00s Sys=0.00s Real=0.00s
[107.231s][info][gc,start       ] GC(119) Pause Young (Allocation Failure)
[107.232s][info][gc,heap        ] GC(119) PSYoungGen: 149888K(150016K)->1088K(148480K) Eden: 148480K(148480K)->0K(146944K) From: 1408K(1536K)->1088K(1536K)
[107.233s][info][gc,heap        ] GC(119) ParOldGen: 4633K(1398272K)->5145K(1398272K)
[107.233s][info][gc,metaspace   ] GC(119) Metaspace: 9902K(10240K)->9902K(10240K) NonClass: 8602K(8832K)->8602K(8832K) Class: 1300K(1408K)->1300K(1408K)
[107.233s][info][gc             ] GC(119) Pause Young (Allocation Failure) 150M->6M(1510M) 1.599ms
[107.233s][info][gc,cpu         ] GC(119) User=0.00s Sys=0.00s Real=0.00s
[107.809s][info][gc,start       ] GC(120) Pause Young (Allocation Failure)
[107.810s][info][gc,heap        ] GC(120) PSYoungGen: 148032K(148480K)->1056K(146944K) Eden: 146944K(146944K)->0K(145408K) From: 1088K(1536K)->1056K(1536K)
[107.810s][info][gc,heap        ] GC(120) ParOldGen: 5145K(1398272K)->5145K(1398272K)
[107.810s][info][gc,metaspace   ] GC(120) Metaspace: 9902K(10240K)->9902K(10240K) NonClass: 8602K(8832K)->8602K(8832K) Class: 1300K(1408K)->1300K(1408K)
[107.810s][info][gc             ] GC(120) Pause Young (Allocation Failure) 149M->6M(1509M) 1.115ms
[107.810s][info][gc,cpu         ] GC(120) User=0.00s Sys=0.00s Real=0.00s
[108.383s][info][gc,start       ] GC(121) Pause Young (Allocation Failure)
[108.385s][info][gc,heap        ] GC(121) PSYoungGen: 146464K(146944K)->1088K(145408K) Eden: 145408K(145408K)->0K(143872K) From: 1056K(1536K)->1088K(1536K)
[108.385s][info][gc,heap        ] GC(121) ParOldGen: 5145K(1398272K)->5497K(1398272K)
[108.385s][info][gc,metaspace   ] GC(121) Metaspace: 9902K(10240K)->9902K(10240K) NonClass: 8602K(8832K)->8602K(8832K) Class: 1300K(1408K)->1300K(1408K)
[108.385s][info][gc             ] GC(121) Pause Young (Allocation Failure) 148M->6M(1507M) 1.389ms
[108.385s][info][gc,cpu         ] GC(121) User=0.00s Sys=0.00s Real=0.00s
[108.944s][info][gc,start       ] GC(122) Pause Young (Allocation Failure)
[108.945s][info][gc,heap        ] GC(122) PSYoungGen: 144960K(145408K)->1088K(143872K) Eden: 143872K(143872K)->0K(142336K) From: 1088K(1536K)->1088K(1536K)
[108.945s][info][gc,heap        ] GC(122) ParOldGen: 5497K(1398272K)->5497K(1398272K)
[108.945s][info][gc,metaspace   ] GC(122) Metaspace: 9902K(10240K)->9902K(10240K) NonClass: 8602K(8832K)->8602K(8832K) Class: 1300K(1408K)->1300K(1408K)
[108.945s][info][gc             ] GC(122) Pause Young (Allocation Failure) 146M->6M(1506M) 1.141ms
[108.945s][info][gc,cpu         ] GC(122) User=0.00s Sys=0.00s Real=0.00s
[109.506s][info][gc,start       ] GC(123) Pause Young (Allocation Failure)
[109.507s][info][gc,heap        ] GC(123) PSYoungGen: 143424K(143872K)->1024K(142336K) Eden: 142336K(142336K)->0K(141312K) From: 1088K(1536K)->1024K(1024K)
[109.507s][info][gc,heap        ] GC(123) ParOldGen: 5497K(1398272K)->5849K(1398272K)
[109.507s][info][gc,metaspace   ] GC(123) Metaspace: 9902K(10240K)->9902K(10240K) NonClass: 8602K(8832K)->8602K(8832K) Class: 1300K(1408K)->1300K(1408K)
[109.507s][info][gc             ] GC(123) Pause Young (Allocation Failure) 145M->6M(1504M) 1.459ms
[109.507s][info][gc,cpu         ] GC(123) User=0.00s Sys=0.00s Real=0.00s
[110.078s][info][gc,start       ] GC(124) Pause Young (Allocation Failure)
[110.079s][info][gc,heap        ] GC(124) PSYoungGen: 142336K(142336K)->1056K(141824K) Eden: 141312K(141312K)->0K(140288K) From: 1024K(1024K)->1056K(1536K)
[110.079s][info][gc,heap        ] GC(124) ParOldGen: 5849K(1398272K)->5849K(1398272K)
[110.079s][info][gc,metaspace   ] GC(124) Metaspace: 9902K(10240K)->9902K(10240K) NonClass: 8602K(8832K)->8602K(8832K) Class: 1300K(1408K)->1300K(1408K)
[110.079s][info][gc             ] GC(124) Pause Young (Allocation Failure) 144M->6M(1504M) 1.050ms
[110.079s][info][gc,cpu         ] GC(124) User=0.00s Sys=0.00s Real=0.00s
[110.641s][info][gc,start       ] GC(125) Pause Young (Allocation Failure)
[110.642s][info][gc,heap        ] GC(125) PSYoungGen: 141344K(141824K)->1056K(140800K) Eden: 140288K(140288K)->0K(139264K) From: 1056K(1536K)->1056K(1536K)
[110.642s][info][gc,heap        ] GC(125) ParOldGen: 5849K(1398272K)->5849K(1398272K)
[110.642s][info][gc,metaspace   ] GC(125) Metaspace: 9902K(10240K)->9902K(10240K) NonClass: 8602K(8832K)->8602K(8832K) Class: 1300K(1408K)->1300K(1408K)
[110.642s][info][gc             ] GC(125) Pause Young (Allocation Failure) 143M->6M(1503M) 1.305ms
[110.642s][info][gc,cpu         ] GC(125) User=0.00s Sys=0.00s Real=0.00s
[111.183s][info][gc,start       ] GC(126) Pause Young (Allocation Failure)
[111.184s][info][gc,heap        ] GC(126) PSYoungGen: 140320K(140800K)->512K(138752K) Eden: 139264K(139264K)->0K(138240K) From: 1056K(1536K)->512K(512K)
[111.184s][info][gc,heap        ] GC(126) ParOldGen: 5849K(1398272K)->6097K(1398272K)
[111.184s][info][gc,metaspace   ] GC(126) Metaspace: 9902K(10240K)->9902K(10240K) NonClass: 8602K(8832K)->8602K(8832K) Class: 1300K(1408K)->1300K(1408K)
[111.184s][info][gc             ] GC(126) Pause Young (Allocation Failure) 142M->6M(1501M) 1.116ms
[111.184s][info][gc,cpu         ] GC(126) User=0.00s Sys=0.00s Real=0.00s
[111.733s][info][gc,start       ] GC(127) Pause Young (Allocation Failure)
[111.735s][info][gc,heap        ] GC(127) PSYoungGen: 138752K(138752K)->1024K(138752K) Eden: 138240K(138240K)->0K(137216K) From: 512K(512K)->1024K(1536K)
[111.735s][info][gc,heap        ] GC(127) ParOldGen: 6097K(1398272K)->6489K(1398272K)
[111.735s][info][gc,metaspace   ] GC(127) Metaspace: 9902K(10240K)->9902K(10240K) NonClass: 8602K(8832K)->8602K(8832K) Class: 1300K(1408K)->1300K(1408K)
[111.735s][info][gc             ] GC(127) Pause Young (Allocation Failure) 141M->7M(1501M) 2.246ms
[111.735s][info][gc,cpu         ] GC(127) User=0.00s Sys=0.00s Real=0.00s
[111.973s][info][gc,start       ] GC(128) Pause Young (System.gc())
[111.974s][info][gc,heap        ] GC(128) PSYoungGen: 60250K(138752K)->1056K(138752K) Eden: 59226K(137216K)->0K(137216K) From: 1024K(1536K)->1056K(1536K)
[111.974s][info][gc,heap        ] GC(128) ParOldGen: 6489K(1398272K)->6641K(1398272K)
[111.974s][info][gc,metaspace   ] GC(128) Metaspace: 9902K(10240K)->9902K(10240K) NonClass: 8602K(8832K)->8602K(8832K) Class: 1300K(1408K)->1300K(1408K)
[111.974s][info][gc             ] GC(128) Pause Young (System.gc()) 65M->7M(1501M) 0.948ms
[111.974s][info][gc,cpu         ] GC(128) User=0.00s Sys=0.00s Real=0.00s
[111.974s][info][gc,start       ] GC(129) Pause Full (System.gc())
[111.974s][info][gc,phases,start] GC(129) Marking Phase
[111.991s][info][gc,phases      ] GC(129) Marking Phase 16.940ms
[111.991s][info][gc,phases,start] GC(129) Summary Phase
[111.991s][info][gc,phases      ] GC(129) Summary Phase 0.021ms
[111.991s][info][gc,phases,start] GC(129) Adjust Roots
[111.995s][info][gc,phases      ] GC(129) Adjust Roots 3.867ms
[111.995s][info][gc,phases,start] GC(129) Compaction Phase
[111.999s][info][gc,phases      ] GC(129) Compaction Phase 3.908ms
[111.999s][info][gc,phases,start] GC(129) Post Compact
[111.999s][info][gc,phases      ] GC(129) Post Compact 0.731ms
[112.000s][info][gc,heap        ] GC(129) PSYoungGen: 1056K(138752K)->0K(138752K) Eden: 0K(137216K)->0K(137216K) From: 1056K(1536K)->0K(1536K)
[112.000s][info][gc,heap        ] GC(129) ParOldGen: 6641K(1398272K)->4073K(1398272K)
[112.000s][info][gc,metaspace   ] GC(129) Metaspace: 9902K(10240K)->9902K(10240K) NonClass: 8602K(8832K)->8602K(8832K) Class: 1300K(1408K)->1300K(1408K)
[112.000s][info][gc             ] GC(129) Pause Full (System.gc()) 7M->3M(1501M) 25.712ms
[112.000s][info][gc,cpu         ] GC(129) User=0.55s Sys=0.00s Real=0.03s
[112.540s][info][gc,start       ] GC(130) Pause Young (Allocation Failure)
[112.542s][info][gc,heap        ] GC(130) PSYoungGen: 137216K(138752K)->1536K(137728K) Eden: 137216K(137216K)->0K(136192K) From: 0K(1536K)->1536K(1536K)
[112.542s][info][gc,heap        ] GC(130) ParOldGen: 4073K(1398272K)->4153K(1398272K)
[112.542s][info][gc,metaspace   ] GC(130) Metaspace: 9902K(10240K)->9902K(10240K) NonClass: 8602K(8832K)->8602K(8832K) Class: 1300K(1408K)->1300K(1408K)
[112.542s][info][gc             ] GC(130) Pause Young (Allocation Failure) 137M->5M(1500M) 1.606ms
[112.542s][info][gc,cpu         ] GC(130) User=0.00s Sys=0.00s Real=0.00s
[113.075s][info][gc,start       ] GC(131) Pause Young (Allocation Failure)
[113.076s][info][gc,heap        ] GC(131) PSYoungGen: 137728K(137728K)->512K(135680K) Eden: 136192K(136192K)->0K(135168K) From: 1536K(1536K)->512K(512K)
[113.076s][info][gc,heap        ] GC(131) ParOldGen: 4153K(1398272K)->5129K(1398272K)
[113.077s][info][gc,metaspace   ] GC(131) Metaspace: 9902K(10240K)->9902K(10240K) NonClass: 8602K(8832K)->8602K(8832K) Class: 1300K(1408K)->1300K(1408K)
[113.077s][info][gc             ] GC(131) Pause Young (Allocation Failure) 138M->5M(1498M) 1.425ms
[113.077s][info][gc,cpu         ] GC(131) User=0.00s Sys=0.02s Real=0.02s
[113.605s][info][gc,start       ] GC(132) Pause Young (Allocation Failure)
[113.606s][info][gc,heap        ] GC(132) PSYoungGen: 135680K(135680K)->1728K(136192K) Eden: 135168K(135168K)->0K(134144K) From: 512K(512K)->1728K(2048K)
[113.606s][info][gc,heap        ] GC(132) ParOldGen: 5129K(1398272K)->5585K(1398272K)
[113.606s][info][gc,metaspace   ] GC(132) Metaspace: 9902K(10240K)->9902K(10240K) NonClass: 8602K(8832K)->8602K(8832K) Class: 1300K(1408K)->1300K(1408K)
[113.607s][info][gc             ] GC(132) Pause Young (Allocation Failure) 137M->7M(1498M) 1.504ms
[113.607s][info][gc,cpu         ] GC(132) User=0.00s Sys=0.02s Real=0.02s
[114.122s][info][gc,start       ] GC(133) Pause Young (Allocation Failure)
[114.123s][info][gc,heap        ] GC(133) PSYoungGen: 135872K(136192K)->1056K(134656K) Eden: 134144K(134144K)->0K(133120K) From: 1728K(2048K)->1056K(1536K)
[114.123s][info][gc,heap        ] GC(133) ParOldGen: 5585K(1398272K)->6273K(1398272K)
[114.123s][info][gc,metaspace   ] GC(133) Metaspace: 9902K(10240K)->9902K(10240K) NonClass: 8602K(8832K)->8602K(8832K) Class: 1300K(1408K)->1300K(1408K)
[114.123s][info][gc             ] GC(133) Pause Young (Allocation Failure) 138M->7M(1497M) 1.453ms
[114.123s][info][gc,cpu         ] GC(133) User=0.00s Sys=0.02s Real=0.02s
[114.642s][info][gc,start       ] GC(134) Pause Young (Allocation Failure)
[114.643s][info][gc,heap        ] GC(134) PSYoungGen: 134176K(134656K)->1216K(133632K) Eden: 133120K(133120K)->0K(132096K) From: 1056K(1536K)->1216K(1536K)
[114.644s][info][gc,heap        ] GC(134) ParOldGen: 6273K(1398272K)->6401K(1398272K)
[114.644s][info][gc,metaspace   ] GC(134) Metaspace: 9902K(10240K)->9902K(10240K) NonClass: 8602K(8832K)->8602K(8832K) Class: 1300K(1408K)->1300K(1408K)
[114.644s][info][gc             ] GC(134) Pause Young (Allocation Failure) 137M->7M(1496M) 1.476ms
[114.644s][info][gc,cpu         ] GC(134) User=0.00s Sys=0.00s Real=0.00s
[115.165s][info][gc,start       ] GC(135) Pause Young (Allocation Failure)
[115.167s][info][gc,heap        ] GC(135) PSYoungGen: 133311K(133632K)->1312K(132608K) Eden: 132095K(132096K)->0K(131072K) From: 1216K(1536K)->1312K(1536K)
[115.167s][info][gc,heap        ] GC(135) ParOldGen: 6401K(1398272K)->6937K(1398272K)
[115.167s][info][gc,metaspace   ] GC(135) Metaspace: 9902K(10240K)->9902K(10240K) NonClass: 8602K(8832K)->8602K(8832K) Class: 1300K(1408K)->1300K(1408K)
[115.167s][info][gc             ] GC(135) Pause Young (Allocation Failure) 136M->8M(1495M) 1.373ms
[115.167s][info][gc,cpu         ] GC(135) User=0.00s Sys=0.00s Real=0.00s
[115.691s][info][gc,start       ] GC(136) Pause Young (Allocation Failure)
[115.692s][info][gc,heap        ] GC(136) PSYoungGen: 132384K(132608K)->1088K(131584K) Eden: 131072K(131072K)->0K(130048K) From: 1312K(1536K)->1088K(1536K)
[115.692s][info][gc,heap        ] GC(136) ParOldGen: 6937K(1398272K)->7321K(1398272K)
[115.692s][info][gc,metaspace   ] GC(136) Metaspace: 9902K(10240K)->9902K(10240K) NonClass: 8602K(8832K)->8602K(8832K) Class: 1300K(1408K)->1300K(1408K)
[115.692s][info][gc             ] GC(136) Pause Young (Allocation Failure) 136M->8M(1494M) 1.552ms
[115.692s][info][gc,cpu         ] GC(136) User=0.00s Sys=0.00s Real=0.00s
[116.208s][info][gc,start       ] GC(137) Pause Young (Allocation Failure)
[116.209s][info][gc,heap        ] GC(137) PSYoungGen: 131136K(131584K)->1056K(130560K) Eden: 130048K(130048K)->0K(129024K) From: 1088K(1536K)->1056K(1536K)
[116.209s][info][gc,heap        ] GC(137) ParOldGen: 7321K(1398272K)->7321K(1398272K)
[116.209s][info][gc,metaspace   ] GC(137) Metaspace: 9902K(10240K)->9902K(10240K) NonClass: 8602K(8832K)->8602K(8832K) Class: 1300K(1408K)->1300K(1408K)
[116.209s][info][gc             ] GC(137) Pause Young (Allocation Failure) 135M->8M(1493M) 1.115ms
[116.209s][info][gc,cpu         ] GC(137) User=0.00s Sys=0.00s Real=0.00s
[116.724s][info][gc,start       ] GC(138) Pause Young (Allocation Failure)
[116.726s][info][gc,heap        ] GC(138) PSYoungGen: 130080K(130560K)->1056K(129536K) Eden: 129024K(129024K)->0K(128000K) From: 1056K(1536K)->1056K(1536K)
[116.726s][info][gc,heap        ] GC(138) ParOldGen: 7321K(1398272K)->7681K(1398272K)
[116.726s][info][gc,metaspace   ] GC(138) Metaspace: 9902K(10240K)->9902K(10240K) NonClass: 8602K(8832K)->8602K(8832K) Class: 1300K(1408K)->1300K(1408K)
[116.726s][info][gc             ] GC(138) Pause Young (Allocation Failure) 134M->8M(1492M) 1.555ms
[116.726s][info][gc,cpu         ] GC(138) User=0.00s Sys=0.00s Real=0.00s
[117.231s][info][gc,start       ] GC(139) Pause Young (Allocation Failure)
[117.231s][info][gc,heap        ] GC(139) PSYoungGen: 129056K(129536K)->1056K(128512K) Eden: 128000K(128000K)->0K(126976K) From: 1056K(1536K)->1056K(1536K)
[117.232s][info][gc,heap        ] GC(139) ParOldGen: 7681K(1398272K)->7681K(1398272K)
[117.232s][info][gc,metaspace   ] GC(139) Metaspace: 9902K(10240K)->9902K(10240K) NonClass: 8602K(8832K)->8602K(8832K) Class: 1300K(1408K)->1300K(1408K)
[117.232s][info][gc             ] GC(139) Pause Young (Allocation Failure) 133M->8M(1491M) 0.987ms
[117.232s][info][gc,cpu         ] GC(139) User=0.00s Sys=0.00s Real=0.00s
[117.711s][info][gc,start       ] GC(140) Pause Young (Allocation Failure)
[117.712s][info][gc,heap        ] GC(140) PSYoungGen: 128032K(128512K)->1056K(127488K) Eden: 126976K(126976K)->0K(125952K) From: 1056K(1536K)->1056K(1536K)
[117.713s][info][gc,heap        ] GC(140) ParOldGen: 7681K(1398272K)->7681K(1398272K)
[117.713s][info][gc,metaspace   ] GC(140) Metaspace: 9902K(10240K)->9902K(10240K) NonClass: 8602K(8832K)->8602K(8832K) Class: 1300K(1408K)->1300K(1408K)
[117.713s][info][gc             ] GC(140) Pause Young (Allocation Failure) 132M->8M(1490M) 1.385ms
[117.713s][info][gc,cpu         ] GC(140) User=0.00s Sys=0.00s Real=0.00s
[118.205s][info][gc,start       ] GC(141) Pause Young (Allocation Failure)
[118.206s][info][gc,heap        ] GC(141) PSYoungGen: 127008K(127488K)->1056K(126464K) Eden: 125952K(125952K)->0K(124928K) From: 1056K(1536K)->1056K(1536K)
[118.206s][info][gc,heap        ] GC(141) ParOldGen: 7681K(1398272K)->7681K(1398272K)
[118.206s][info][gc,metaspace   ] GC(141) Metaspace: 9902K(10240K)->9902K(10240K) NonClass: 8602K(8832K)->8602K(8832K) Class: 1300K(1408K)->1300K(1408K)
[118.206s][info][gc             ] GC(141) Pause Young (Allocation Failure) 131M->8M(1489M) 1.020ms
[118.206s][info][gc,cpu         ] GC(141) User=0.00s Sys=0.00s Real=0.00s
[118.443s][info][gc,start       ] GC(142) Pause Young (System.gc())
[118.444s][info][gc,heap        ] GC(142) PSYoungGen: 60510K(126464K)->1056K(126464K) Eden: 59454K(124928K)->0K(124928K) From: 1056K(1536K)->1056K(1536K)
[118.444s][info][gc,heap        ] GC(142) ParOldGen: 7681K(1398272K)->7681K(1398272K)
[118.444s][info][gc,metaspace   ] GC(142) Metaspace: 9903K(10240K)->9903K(10240K) NonClass: 8603K(8832K)->8603K(8832K) Class: 1300K(1408K)->1300K(1408K)
[118.444s][info][gc             ] GC(142) Pause Young (System.gc()) 66M->8M(1489M) 1.218ms
[118.444s][info][gc,cpu         ] GC(142) User=0.00s Sys=0.00s Real=0.00s
[118.444s][info][gc,start       ] GC(143) Pause Full (System.gc())
[118.444s][info][gc,phases,start] GC(143) Marking Phase
[118.460s][info][gc,phases      ] GC(143) Marking Phase 15.983ms
[118.460s][info][gc,phases,start] GC(143) Summary Phase
[118.460s][info][gc,phases      ] GC(143) Summary Phase 0.021ms
[118.460s][info][gc,phases,start] GC(143) Adjust Roots
[118.463s][info][gc,phases      ] GC(143) Adjust Roots 2.945ms
[118.463s][info][gc,phases,start] GC(143) Compaction Phase
[118.466s][info][gc,phases      ] GC(143) Compaction Phase 2.795ms
[118.466s][info][gc,phases,start] GC(143) Post Compact
[118.467s][info][gc,phases      ] GC(143) Post Compact 0.756ms
[118.467s][info][gc,heap        ] GC(143) PSYoungGen: 1056K(126464K)->0K(126464K) Eden: 0K(124928K)->0K(124928K) From: 1056K(1536K)->0K(1536K)
[118.467s][info][gc,heap        ] GC(143) ParOldGen: 7681K(1398272K)->4073K(1398272K)
[118.467s][info][gc,metaspace   ] GC(143) Metaspace: 9903K(10240K)->9903K(10240K) NonClass: 8603K(8832K)->8603K(8832K) Class: 1300K(1408K)->1300K(1408K)
[118.467s][info][gc             ] GC(143) Pause Full (System.gc()) 8M->3M(1489M) 22.758ms
[118.467s][info][gc,cpu         ] GC(143) User=0.02s Sys=0.00s Real=0.02s
[118.954s][info][gc,start       ] GC(144) Pause Young (Allocation Failure)
[118.955s][info][gc,heap        ] GC(144) PSYoungGen: 124928K(126464K)->1536K(125440K) Eden: 124928K(124928K)->0K(123904K) From: 0K(1536K)->1536K(1536K)
[118.955s][info][gc,heap        ] GC(144) ParOldGen: 4073K(1398272K)->4169K(1398272K)
[118.955s][info][gc,metaspace   ] GC(144) Metaspace: 9904K(10240K)->9904K(10240K) NonClass: 8603K(8832K)->8603K(8832K) Class: 1300K(1408K)->1300K(1408K)
[118.955s][info][gc             ] GC(144) Pause Young (Allocation Failure) 125M->5M(1488M) 1.360ms
[118.955s][info][gc,cpu         ] GC(144) User=0.00s Sys=0.00s Real=0.00s
[119.428s][info][gc,start       ] GC(145) Pause Young (Allocation Failure)
[119.430s][info][gc,heap        ] GC(145) PSYoungGen: 125440K(125440K)->1152K(124416K) Eden: 123904K(123904K)->0K(122880K) From: 1536K(1536K)->1152K(1536K)
[119.430s][info][gc,heap        ] GC(145) ParOldGen: 4169K(1398272K)->5041K(1398272K)
[119.430s][info][gc,metaspace   ] GC(145) Metaspace: 9904K(10240K)->9904K(10240K) NonClass: 8603K(8832K)->8603K(8832K) Class: 1300K(1408K)->1300K(1408K)
[119.430s][info][gc             ] GC(145) Pause Young (Allocation Failure) 126M->6M(1487M) 1.723ms
[119.430s][info][gc,cpu         ] GC(145) User=0.00s Sys=0.00s Real=0.00s
[119.929s][info][gc,start       ] GC(146) Pause Young (Allocation Failure)
[119.930s][info][gc,heap        ] GC(146) PSYoungGen: 124032K(124416K)->1056K(123392K) Eden: 122880K(122880K)->0K(121856K) From: 1152K(1536K)->1056K(1536K)
[119.930s][info][gc,heap        ] GC(146) ParOldGen: 5041K(1398272K)->5041K(1398272K)
[119.930s][info][gc,metaspace   ] GC(146) Metaspace: 9904K(10240K)->9904K(10240K) NonClass: 8603K(8832K)->8603K(8832K) Class: 1300K(1408K)->1300K(1408K)
[119.930s][info][gc             ] GC(146) Pause Young (Allocation Failure) 126M->5M(1486M) 1.066ms
[119.930s][info][gc,cpu         ] GC(146) User=0.00s Sys=0.00s Real=0.00s
[120.395s][info][gc,start       ] GC(147) Pause Young (Allocation Failure)
[120.397s][info][gc,heap        ] GC(147) PSYoungGen: 122912K(123392K)->1856K(122880K) Eden: 121856K(121856K)->0K(120832K) From: 1056K(1536K)->1856K(2048K)
[120.397s][info][gc,heap        ] GC(147) ParOldGen: 5041K(1398272K)->5161K(1398272K)
[120.397s][info][gc,metaspace   ] GC(147) Metaspace: 9904K(10240K)->9904K(10240K) NonClass: 8603K(8832K)->8603K(8832K) Class: 1300K(1408K)->1300K(1408K)
[120.397s][info][gc             ] GC(147) Pause Young (Allocation Failure) 124M->6M(1485M) 1.722ms
[120.397s][info][gc,cpu         ] GC(147) User=0.00s Sys=0.00s Real=0.00s
[120.870s][info][gc,start       ] GC(148) Pause Young (Allocation Failure)
[120.871s][info][gc,heap        ] GC(148) PSYoungGen: 122688K(122880K)->992K(120832K) Eden: 120832K(120832K)->0K(119808K) From: 1856K(2048K)->992K(1024K)
[120.871s][info][gc,heap        ] GC(148) ParOldGen: 5161K(1398272K)->6009K(1398272K)
[120.871s][info][gc,metaspace   ] GC(148) Metaspace: 9904K(10240K)->9904K(10240K) NonClass: 8603K(8832K)->8603K(8832K) Class: 1300K(1408K)->1300K(1408K)
[120.871s][info][gc             ] GC(148) Pause Young (Allocation Failure) 124M->6M(1483M) 1.452ms
[120.872s][info][gc,cpu         ] GC(148) User=0.00s Sys=0.00s Real=0.00s
[121.337s][info][gc,start       ] GC(149) Pause Young (Allocation Failure)
[121.338s][info][gc,heap        ] GC(149) PSYoungGen: 120800K(120832K)->1056K(120320K) Eden: 119808K(119808K)->0K(118784K) From: 992K(1024K)->1056K(1536K)
[121.338s][info][gc,heap        ] GC(149) ParOldGen: 6009K(1398272K)->6009K(1398272K)
[121.338s][info][gc,metaspace   ] GC(149) Metaspace: 9904K(10240K)->9904K(10240K) NonClass: 8603K(8832K)->8603K(8832K) Class: 1300K(1408K)->1300K(1408K)
[121.338s][info][gc             ] GC(149) Pause Young (Allocation Failure) 123M->6M(1483M) 1.187ms
[121.338s][info][gc,cpu         ] GC(149) User=0.00s Sys=0.00s Real=0.00s
[121.815s][info][gc,start       ] GC(150) Pause Young (Allocation Failure)
[121.816s][info][gc,heap        ] GC(150) PSYoungGen: 119840K(120320K)->1088K(119296K) Eden: 118784K(118784K)->0K(117760K) From: 1056K(1536K)->1088K(1536K)
[121.816s][info][gc,heap        ] GC(150) ParOldGen: 6009K(1398272K)->6337K(1398272K)
[121.816s][info][gc,metaspace   ] GC(150) Metaspace: 9904K(10240K)->9904K(10240K) NonClass: 8603K(8832K)->8603K(8832K) Class: 1300K(1408K)->1300K(1408K)
[121.816s][info][gc             ] GC(150) Pause Young (Allocation Failure) 122M->7M(1482M) 1.388ms
[121.816s][info][gc,cpu         ] GC(150) User=0.00s Sys=0.00s Real=0.00s
[122.288s][info][gc,start       ] GC(151) Pause Young (Allocation Failure)
[122.289s][info][gc,heap        ] GC(151) PSYoungGen: 118848K(119296K)->1056K(118272K) Eden: 117760K(117760K)->0K(116736K) From: 1088K(1536K)->1056K(1536K)
[122.289s][info][gc,heap        ] GC(151) ParOldGen: 6337K(1398272K)->6681K(1398272K)
[122.289s][info][gc,metaspace   ] GC(151) Metaspace: 9904K(10240K)->9904K(10240K) NonClass: 8603K(8832K)->8603K(8832K) Class: 1300K(1408K)->1300K(1408K)
[122.289s][info][gc             ] GC(151) Pause Young (Allocation Failure) 122M->7M(1481M) 1.442ms
[122.289s][info][gc,cpu         ] GC(151) User=0.00s Sys=0.00s Real=0.00s
[122.746s][info][gc,start       ] GC(152) Pause Young (Allocation Failure)
[122.746s][info][gc,heap        ] GC(152) PSYoungGen: 117791K(118272K)->1056K(117248K) Eden: 116735K(116736K)->0K(115712K) From: 1056K(1536K)->1056K(1536K)
[122.747s][info][gc,heap        ] GC(152) ParOldGen: 6681K(1398272K)->6681K(1398272K)
[122.747s][info][gc,metaspace   ] GC(152) Metaspace: 9904K(10240K)->9904K(10240K) NonClass: 8603K(8832K)->8603K(8832K) Class: 1300K(1408K)->1300K(1408K)
[122.747s][info][gc             ] GC(152) Pause Young (Allocation Failure) 121M->7M(1480M) 1.079ms
[122.747s][info][gc,cpu         ] GC(152) User=0.00s Sys=0.00s Real=0.00s
[123.212s][info][gc,start       ] GC(153) Pause Young (Allocation Failure)
[123.213s][info][gc,heap        ] GC(153) PSYoungGen: 116768K(117248K)->1056K(116224K) Eden: 115712K(115712K)->0K(114688K) From: 1056K(1536K)->1056K(1536K)
[123.213s][info][gc,heap        ] GC(153) ParOldGen: 6681K(1398272K)->6681K(1398272K)
[123.213s][info][gc,metaspace   ] GC(153) Metaspace: 9904K(10240K)->9904K(10240K) NonClass: 8603K(8832K)->8603K(8832K) Class: 1300K(1408K)->1300K(1408K)
[123.213s][info][gc             ] GC(153) Pause Young (Allocation Failure) 120M->7M(1479M) 1.288ms
[123.213s][info][gc,cpu         ] GC(153) User=0.00s Sys=0.00s Real=0.00s
[123.661s][info][gc,start       ] GC(154) Pause Young (Allocation Failure)
[123.662s][info][gc,heap        ] GC(154) PSYoungGen: 115744K(116224K)->1056K(115200K) Eden: 114688K(114688K)->0K(113664K) From: 1056K(1536K)->1056K(1536K)
[123.662s][info][gc,heap        ] GC(154) ParOldGen: 6681K(1398272K)->6849K(1398272K)
[123.662s][info][gc,metaspace   ] GC(154) Metaspace: 9904K(10240K)->9904K(10240K) NonClass: 8603K(8832K)->8603K(8832K) Class: 1300K(1408K)->1300K(1408K)
[123.662s][info][gc             ] GC(154) Pause Young (Allocation Failure) 119M->7M(1478M) 1.045ms
[123.662s][info][gc,cpu         ] GC(154) User=0.00s Sys=0.00s Real=0.00s
[124.111s][info][gc,start       ] GC(155) Pause Young (Allocation Failure)
[124.112s][info][gc,heap        ] GC(155) PSYoungGen: 114720K(115200K)->1056K(114688K) Eden: 113664K(113664K)->0K(113152K) From: 1056K(1536K)->1056K(1536K)
[124.112s][info][gc,heap        ] GC(155) ParOldGen: 6849K(1398272K)->7193K(1398272K)
[124.112s][info][gc,metaspace   ] GC(155) Metaspace: 9904K(10240K)->9904K(10240K) NonClass: 8603K(8832K)->8603K(8832K) Class: 1300K(1408K)->1300K(1408K)
[124.112s][info][gc             ] GC(155) Pause Young (Allocation Failure) 118M->8M(1477M) 1.356ms
[124.112s][info][gc,cpu         ] GC(155) User=0.00s Sys=0.00s Real=0.00s
[124.549s][info][gc,start       ] GC(156) Pause Young (Allocation Failure)
[124.550s][info][gc,heap        ] GC(156) PSYoungGen: 114208K(114688K)->1056K(114176K) Eden: 113152K(113152K)->0K(112640K) From: 1056K(1536K)->1056K(1536K)
[124.550s][info][gc,heap        ] GC(156) ParOldGen: 7193K(1398272K)->7193K(1398272K)
[124.550s][info][gc,metaspace   ] GC(156) Metaspace: 9904K(10240K)->9904K(10240K) NonClass: 8603K(8832K)->8603K(8832K) Class: 1300K(1408K)->1300K(1408K)
[124.550s][info][gc             ] GC(156) Pause Young (Allocation Failure) 118M->8M(1477M) 1.110ms
[124.550s][info][gc,cpu         ] GC(156) User=0.00s Sys=0.00s Real=0.00s
[124.923s][info][gc,start       ] GC(157) Pause Young (System.gc())
[124.924s][info][gc,heap        ] GC(157) PSYoungGen: 93344K(114176K)->1056K(114176K) Eden: 92288K(112640K)->0K(112640K) From: 1056K(1536K)->1056K(1536K)
[124.924s][info][gc,heap        ] GC(157) ParOldGen: 7193K(1398272K)->7193K(1398272K)
[124.924s][info][gc,metaspace   ] GC(157) Metaspace: 9904K(10240K)->9904K(10240K) NonClass: 8603K(8832K)->8603K(8832K) Class: 1300K(1408K)->1300K(1408K)
[124.924s][info][gc             ] GC(157) Pause Young (System.gc()) 98M->8M(1477M) 1.373ms
[124.924s][info][gc,cpu         ] GC(157) User=0.00s Sys=0.00s Real=0.00s
[124.924s][info][gc,start       ] GC(158) Pause Full (System.gc())
[124.924s][info][gc,phases,start] GC(158) Marking Phase
[124.940s][info][gc,phases      ] GC(158) Marking Phase 16.040ms
[124.940s][info][gc,phases,start] GC(158) Summary Phase
[124.940s][info][gc,phases      ] GC(158) Summary Phase 0.022ms
[124.940s][info][gc,phases,start] GC(158) Adjust Roots
[124.945s][info][gc,phases      ] GC(158) Adjust Roots 4.211ms
[124.945s][info][gc,phases,start] GC(158) Compaction Phase
[124.949s][info][gc,phases      ] GC(158) Compaction Phase 3.837ms
[124.949s][info][gc,phases,start] GC(158) Post Compact
[124.949s][info][gc,phases      ] GC(158) Post Compact 0.697ms
[124.949s][info][gc,heap        ] GC(158) PSYoungGen: 1056K(114176K)->0K(114176K) Eden: 0K(112640K)->0K(112640K) From: 1056K(1536K)->0K(1536K)
[124.949s][info][gc,heap        ] GC(158) ParOldGen: 7193K(1398272K)->4073K(1398272K)
[124.949s][info][gc,metaspace   ] GC(158) Metaspace: 9904K(10240K)->9904K(10240K) NonClass: 8603K(8832K)->8603K(8832K) Class: 1300K(1408K)->1300K(1408K)
[124.949s][info][gc             ] GC(158) Pause Full (System.gc()) 8M->3M(1477M) 25.044ms
[124.949s][info][gc,cpu         ] GC(158) User=0.53s Sys=0.00s Real=0.03s
[125.391s][info][gc,start       ] GC(159) Pause Young (Allocation Failure)
[125.392s][info][gc,heap        ] GC(159) PSYoungGen: 112640K(114176K)->1536K(113664K) Eden: 112640K(112640K)->0K(112128K) From: 0K(1536K)->1536K(1536K)
[125.392s][info][gc,heap        ] GC(159) ParOldGen: 4073K(1398272K)->4137K(1398272K)
[125.392s][info][gc,metaspace   ] GC(159) Metaspace: 9904K(10240K)->9904K(10240K) NonClass: 8604K(8832K)->8604K(8832K) Class: 1300K(1408K)->1300K(1408K)
[125.392s][info][gc             ] GC(159) Pause Young (Allocation Failure) 113M->5M(1476M) 1.284ms
[125.392s][info][gc,cpu         ] GC(159) User=0.00s Sys=0.00s Real=0.00s
[125.831s][info][gc,start       ] GC(160) Pause Young (Allocation Failure)
[125.833s][info][gc,heap        ] GC(160) PSYoungGen: 113664K(113664K)->1248K(113152K) Eden: 112128K(112128K)->0K(111616K) From: 1536K(1536K)->1248K(1536K)
[125.833s][info][gc,heap        ] GC(160) ParOldGen: 4137K(1398272K)->4825K(1398272K)
[125.833s][info][gc,metaspace   ] GC(160) Metaspace: 9904K(10240K)->9904K(10240K) NonClass: 8604K(8832K)->8604K(8832K) Class: 1300K(1408K)->1300K(1408K)
[125.833s][info][gc             ] GC(160) Pause Young (Allocation Failure) 115M->5M(1476M) 1.691ms
[125.833s][info][gc,cpu         ] GC(160) User=0.00s Sys=0.02s Real=0.02s
[126.270s][info][gc,start       ] GC(161) Pause Young (Allocation Failure)
[126.271s][info][gc,heap        ] GC(161) PSYoungGen: 112864K(113152K)->1280K(112640K) Eden: 111616K(111616K)->0K(111104K) From: 1248K(1536K)->1280K(1536K)
[126.271s][info][gc,heap        ] GC(161) ParOldGen: 4825K(1398272K)->5169K(1398272K)
[126.271s][info][gc,metaspace   ] GC(161) Metaspace: 9904K(10240K)->9904K(10240K) NonClass: 8604K(8832K)->8604K(8832K) Class: 1300K(1408K)->1300K(1408K)
[126.271s][info][gc             ] GC(161) Pause Young (Allocation Failure) 114M->6M(1475M) 1.251ms
[126.271s][info][gc,cpu         ] GC(161) User=0.28s Sys=0.03s Real=0.02s
[126.698s][info][gc,start       ] GC(162) Pause Young (Allocation Failure)
[126.700s][info][gc,heap        ] GC(162) PSYoungGen: 112384K(112640K)->1504K(112128K) Eden: 111104K(111104K)->0K(110592K) From: 1280K(1536K)->1504K(1536K)
[126.700s][info][gc,heap        ] GC(162) ParOldGen: 5169K(1398272K)->5233K(1398272K)
[126.700s][info][gc,metaspace   ] GC(162) Metaspace: 9904K(10240K)->9904K(10240K) NonClass: 8604K(8832K)->8604K(8832K) Class: 1300K(1408K)->1300K(1408K)
[126.700s][info][gc             ] GC(162) Pause Young (Allocation Failure) 114M->6M(1475M) 1.594ms
[126.700s][info][gc,cpu         ] GC(162) User=0.00s Sys=0.02s Real=0.02s
[127.135s][info][gc,start       ] GC(163) Pause Young (Allocation Failure)
[127.137s][info][gc,heap        ] GC(163) PSYoungGen: 112096K(112128K)->1440K(111616K) Eden: 110592K(110592K)->0K(110080K) From: 1504K(1536K)->1440K(1536K)
[127.137s][info][gc,heap        ] GC(163) ParOldGen: 5233K(1398272K)->5593K(1398272K)
[127.137s][info][gc,metaspace   ] GC(163) Metaspace: 9904K(10240K)->9904K(10240K) NonClass: 8604K(8832K)->8604K(8832K) Class: 1300K(1408K)->1300K(1408K)
[127.137s][info][gc             ] GC(163) Pause Young (Allocation Failure) 114M->6M(1474M) 1.235ms
[127.137s][info][gc,cpu         ] GC(163) User=0.00s Sys=0.00s Real=0.00s
[127.574s][info][gc,start       ] GC(164) Pause Young (Allocation Failure)
[127.575s][info][gc,heap        ] GC(164) PSYoungGen: 111520K(111616K)->1216K(111104K) Eden: 110080K(110080K)->0K(109568K) From: 1440K(1536K)->1216K(1536K)
[127.575s][info][gc,heap        ] GC(164) ParOldGen: 5593K(1398272K)->5593K(1398272K)
[127.575s][info][gc,metaspace   ] GC(164) Metaspace: 9904K(10240K)->9904K(10240K) NonClass: 8604K(8832K)->8604K(8832K) Class: 1300K(1408K)->1300K(1408K)
[127.575s][info][gc             ] GC(164) Pause Young (Allocation Failure) 114M->6M(1474M) 1.469ms
[127.576s][info][gc,cpu         ] GC(164) User=0.00s Sys=0.00s Real=0.00s
[128.004s][info][gc,start       ] GC(165) Pause Young (Allocation Failure)
[128.005s][info][gc,heap        ] GC(165) PSYoungGen: 110784K(111104K)->1280K(110592K) Eden: 109568K(109568K)->0K(109056K) From: 1216K(1536K)->1280K(1536K)
[128.005s][info][gc,heap        ] GC(165) ParOldGen: 5593K(1398272K)->6065K(1398272K)
[128.005s][info][gc,metaspace   ] GC(165) Metaspace: 9904K(10240K)->9904K(10240K) NonClass: 8604K(8832K)->8604K(8832K) Class: 1300K(1408K)->1300K(1408K)
[128.005s][info][gc             ] GC(165) Pause Young (Allocation Failure) 113M->7M(1473M) 1.293ms
[128.005s][info][gc,cpu         ] GC(165) User=0.00s Sys=0.00s Real=0.00s
[128.435s][info][gc,start       ] GC(166) Pause Young (Allocation Failure)
[128.437s][info][gc,heap        ] GC(166) PSYoungGen: 110336K(110592K)->1184K(110080K) Eden: 109056K(109056K)->0K(108544K) From: 1280K(1536K)->1184K(1536K)
[128.437s][info][gc,heap        ] GC(166) ParOldGen: 6065K(1398272K)->6401K(1398272K)
[128.437s][info][gc,metaspace   ] GC(166) Metaspace: 9904K(10240K)->9904K(10240K) NonClass: 8604K(8832K)->8604K(8832K) Class: 1300K(1408K)->1300K(1408K)
[128.437s][info][gc             ] GC(166) Pause Young (Allocation Failure) 113M->7M(1473M) 1.572ms
[128.437s][info][gc,cpu         ] GC(166) User=0.00s Sys=0.00s Real=0.00s
[128.857s][info][gc,start       ] GC(167) Pause Young (Allocation Failure)
[128.858s][info][gc,heap        ] GC(167) PSYoungGen: 109728K(110080K)->1024K(109056K) Eden: 108544K(108544K)->0K(108032K) From: 1184K(1536K)->1024K(1024K)
[128.858s][info][gc,heap        ] GC(167) ParOldGen: 6401K(1398272K)->6769K(1398272K)
[128.858s][info][gc,metaspace   ] GC(167) Metaspace: 9904K(10240K)->9904K(10240K) NonClass: 8604K(8832K)->8604K(8832K) Class: 1300K(1408K)->1300K(1408K)
[128.858s][info][gc             ] GC(167) Pause Young (Allocation Failure) 113M->7M(1472M) 1.234ms
[128.858s][info][gc,cpu         ] GC(167) User=0.00s Sys=0.00s Real=0.00s
[129.280s][info][gc,start       ] GC(168) Pause Young (Allocation Failure)
[129.284s][info][gc,heap        ] GC(168) PSYoungGen: 109056K(109056K)->1088K(109056K) Eden: 108032K(108032K)->0K(107520K) From: 1024K(1024K)->1088K(1536K)
[129.284s][info][gc,heap        ] GC(168) ParOldGen: 6769K(1398272K)->6769K(1398272K)
[129.284s][info][gc,metaspace   ] GC(168) Metaspace: 9904K(10240K)->9904K(10240K) NonClass: 8604K(8832K)->8604K(8832K) Class: 1300K(1408K)->1300K(1408K)
[129.284s][info][gc             ] GC(168) Pause Young (Allocation Failure) 113M->7M(1472M) 4.190ms
[129.284s][info][gc,cpu         ] GC(168) User=0.00s Sys=0.00s Real=0.00s
[129.705s][info][gc,start       ] GC(169) Pause Young (Allocation Failure)
[129.706s][info][gc,heap        ] GC(169) PSYoungGen: 108608K(109056K)->992K(108032K) Eden: 107520K(107520K)->0K(107008K) From: 1088K(1536K)->992K(1024K)
[129.706s][info][gc,heap        ] GC(169) ParOldGen: 6769K(1398272K)->7113K(1398272K)
[129.706s][info][gc,metaspace   ] GC(169) Metaspace: 9904K(10240K)->9904K(10240K) NonClass: 8604K(8832K)->8604K(8832K) Class: 1300K(1408K)->1300K(1408K)
[129.706s][info][gc             ] GC(169) Pause Young (Allocation Failure) 112M->7M(1471M) 1.383ms
[129.706s][info][gc,cpu         ] GC(169) User=0.00s Sys=0.00s Real=0.00s
[130.122s][info][gc,start       ] GC(170) Pause Young (Allocation Failure)
[130.123s][info][gc,heap        ] GC(170) PSYoungGen: 108000K(108032K)->1248K(108032K) Eden: 107008K(107008K)->0K(106496K) From: 992K(1024K)->1248K(1536K)
[130.123s][info][gc,heap        ] GC(170) ParOldGen: 7113K(1398272K)->7241K(1398272K)
[130.123s][info][gc,metaspace   ] GC(170) Metaspace: 9904K(10240K)->9904K(10240K) NonClass: 8604K(8832K)->8604K(8832K) Class: 1300K(1408K)->1300K(1408K)
[130.123s][info][gc             ] GC(170) Pause Young (Allocation Failure) 112M->8M(1471M) 1.279ms
[130.123s][info][gc,cpu         ] GC(170) User=0.00s Sys=0.00s Real=0.00s
[130.540s][info][gc,start       ] GC(171) Pause Young (Allocation Failure)
[130.542s][info][gc,heap        ] GC(171) PSYoungGen: 107744K(108032K)->1024K(107008K) Eden: 106496K(106496K)->0K(105984K) From: 1248K(1536K)->1024K(1024K)
[130.542s][info][gc,heap        ] GC(171) ParOldGen: 7241K(1398272K)->7737K(1398272K)
[130.542s][info][gc,metaspace   ] GC(171) Metaspace: 9904K(10240K)->9904K(10240K) NonClass: 8604K(8832K)->8604K(8832K) Class: 1300K(1408K)->1300K(1408K)
[130.542s][info][gc             ] GC(171) Pause Young (Allocation Failure) 112M->8M(1470M) 1.396ms
[130.542s][info][gc,cpu         ] GC(171) User=0.00s Sys=0.00s Real=0.00s
[130.958s][info][gc,start       ] GC(172) Pause Young (Allocation Failure)
[130.959s][info][gc,heap        ] GC(172) PSYoungGen: 107008K(107008K)->1056K(107008K) Eden: 105984K(105984K)->0K(105472K) From: 1024K(1024K)->1056K(1536K)
[130.959s][info][gc,heap        ] GC(172) ParOldGen: 7737K(1398272K)->7737K(1398272K)
[130.959s][info][gc,metaspace   ] GC(172) Metaspace: 9904K(10240K)->9904K(10240K) NonClass: 8604K(8832K)->8604K(8832K) Class: 1300K(1408K)->1300K(1408K)
[130.959s][info][gc             ] GC(172) Pause Young (Allocation Failure) 112M->8M(1470M) 1.246ms
[130.959s][info][gc,cpu         ] GC(172) User=0.00s Sys=0.00s Real=0.00s
[131.374s][info][gc,start       ] GC(173) Pause Young (Allocation Failure)
[131.376s][info][gc,heap        ] GC(173) PSYoungGen: 106528K(107008K)->1088K(106496K) Eden: 105472K(105472K)->0K(104960K) From: 1056K(1536K)->1088K(1536K)
[131.376s][info][gc,heap        ] GC(173) ParOldGen: 7737K(1398272K)->7737K(1398272K)
[131.376s][info][gc,metaspace   ] GC(173) Metaspace: 9904K(10240K)->9904K(10240K) NonClass: 8604K(8832K)->8604K(8832K) Class: 1300K(1408K)->1300K(1408K)
[131.376s][info][gc             ] GC(173) Pause Young (Allocation Failure) 111M->8M(1469M) 1.313ms
[131.376s][info][gc,cpu         ] GC(173) User=0.00s Sys=0.00s Real=0.00s
[131.390s][info][gc,start       ] GC(174) Pause Young (System.gc())
[131.392s][info][gc,heap        ] GC(174) PSYoungGen: 4347K(106496K)->1056K(106496K) Eden: 3259K(104960K)->0K(104960K) From: 1088K(1536K)->1056K(1536K)
[131.392s][info][gc,heap        ] GC(174) ParOldGen: 7737K(1398272K)->8241K(1398272K)
[131.392s][info][gc,metaspace   ] GC(174) Metaspace: 9904K(10240K)->9904K(10240K) NonClass: 8604K(8832K)->8604K(8832K) Class: 1300K(1408K)->1300K(1408K)
[131.392s][info][gc             ] GC(174) Pause Young (System.gc()) 11M->9M(1469M) 1.666ms
[131.392s][info][gc,cpu         ] GC(174) User=0.00s Sys=0.00s Real=0.00s
[131.392s][info][gc,start       ] GC(175) Pause Full (System.gc())
[131.392s][info][gc,phases,start] GC(175) Marking Phase
[131.408s][info][gc,phases      ] GC(175) Marking Phase 15.417ms
[131.408s][info][gc,phases,start] GC(175) Summary Phase
[131.408s][info][gc,phases      ] GC(175) Summary Phase 0.023ms
[131.408s][info][gc,phases,start] GC(175) Adjust Roots
[131.411s][info][gc,phases      ] GC(175) Adjust Roots 3.624ms
[131.411s][info][gc,phases,start] GC(175) Compaction Phase
[131.415s][info][gc,phases      ] GC(175) Compaction Phase 3.809ms
[131.415s][info][gc,phases,start] GC(175) Post Compact
[131.416s][info][gc,phases      ] GC(175) Post Compact 0.724ms
[131.416s][info][gc,heap        ] GC(175) PSYoungGen: 1056K(106496K)->0K(106496K) Eden: 0K(104960K)->0K(104960K) From: 1056K(1536K)->0K(1536K)
[131.416s][info][gc,heap        ] GC(175) ParOldGen: 8241K(1398272K)->4073K(1398272K)
[131.416s][info][gc,metaspace   ] GC(175) Metaspace: 9904K(10240K)->9904K(10240K) NonClass: 8604K(8832K)->8604K(8832K) Class: 1300K(1408K)->1300K(1408K)
[131.416s][info][gc             ] GC(175) Pause Full (System.gc()) 9M->3M(1469M) 23.835ms
[131.416s][info][gc,cpu         ] GC(175) User=0.53s Sys=0.00s Real=0.03s
[131.822s][info][gc,start       ] GC(176) Pause Young (Allocation Failure)
[131.823s][info][gc,heap        ] GC(176) PSYoungGen: 104960K(106496K)->512K(104960K) Eden: 104960K(104960K)->0K(104448K) From: 0K(1536K)->512K(512K)
[131.824s][info][gc,heap        ] GC(176) ParOldGen: 4073K(1398272K)->4961K(1398272K)
[131.824s][info][gc,metaspace   ] GC(176) Metaspace: 9930K(10240K)->9930K(10240K) NonClass: 8629K(8832K)->8629K(8832K) Class: 1300K(1408K)->1300K(1408K)
[131.824s][info][gc             ] GC(176) Pause Young (Allocation Failure) 106M->5M(1468M) 1.508ms
[131.824s][info][gc,cpu         ] GC(176) User=0.00s Sys=0.00s Real=0.00s
[132.231s][info][gc,start       ] GC(177) Pause Young (Allocation Failure)
[132.232s][info][gc,heap        ] GC(177) PSYoungGen: 104960K(104960K)->1248K(105984K) Eden: 104448K(104448K)->0K(103936K) From: 512K(512K)->1248K(2048K)
[132.232s][info][gc,heap        ] GC(177) ParOldGen: 4961K(1398272K)->5569K(1398272K)
[132.232s][info][gc,metaspace   ] GC(177) Metaspace: 9930K(10240K)->9930K(10240K) NonClass: 8629K(8832K)->8629K(8832K) Class: 1300K(1408K)->1300K(1408K)
[132.232s][info][gc             ] GC(177) Pause Young (Allocation Failure) 107M->6M(1469M) 1.410ms
[132.232s][info][gc,cpu         ] GC(177) User=0.00s Sys=0.00s Real=0.00s
[132.630s][info][gc,start       ] GC(178) Pause Young (Allocation Failure)
[132.631s][info][gc,heap        ] GC(178) PSYoungGen: 105184K(105984K)->1120K(104960K) Eden: 103936K(103936K)->0K(103424K) From: 1248K(2048K)->1120K(1536K)
[132.631s][info][gc,heap        ] GC(178) ParOldGen: 5569K(1398272K)->5929K(1398272K)
[132.631s][info][gc,metaspace   ] GC(178) Metaspace: 9930K(10240K)->9930K(10240K) NonClass: 8629K(8832K)->8629K(8832K) Class: 1300K(1408K)->1300K(1408K)
[132.631s][info][gc             ] GC(178) Pause Young (Allocation Failure) 108M->6M(1468M) 1.364ms
[132.631s][info][gc,cpu         ] GC(178) User=0.00s Sys=0.00s Real=0.00s
[133.034s][info][gc,start       ] GC(179) Pause Young (Allocation Failure)
[133.036s][info][gc,heap        ] GC(179) PSYoungGen: 104544K(104960K)->1088K(104448K) Eden: 103424K(103424K)->0K(102912K) From: 1120K(1536K)->1088K(1536K)
[133.036s][info][gc,heap        ] GC(179) ParOldGen: 5929K(1398272K)->6281K(1398272K)
[133.036s][info][gc,metaspace   ] GC(179) Metaspace: 9930K(10240K)->9930K(10240K) NonClass: 8629K(8832K)->8629K(8832K) Class: 1300K(1408K)->1300K(1408K)
[133.036s][info][gc             ] GC(179) Pause Young (Allocation Failure) 107M->7M(1467M) 1.603ms
[133.036s][info][gc,cpu         ] GC(179) User=0.00s Sys=0.00s Real=0.00s
[133.429s][info][gc,start       ] GC(180) Pause Young (Allocation Failure)
[133.430s][info][gc,heap        ] GC(180) PSYoungGen: 103999K(104448K)->512K(102912K) Eden: 102911K(102912K)->0K(102400K) From: 1088K(1536K)->512K(512K)
[133.430s][info][gc,heap        ] GC(180) ParOldGen: 6281K(1398272K)->6513K(1398272K)
[133.430s][info][gc,metaspace   ] GC(180) Metaspace: 9930K(10240K)->9930K(10240K) NonClass: 8629K(8832K)->8629K(8832K) Class: 1300K(1408K)->1300K(1408K)
[133.430s][info][gc             ] GC(180) Pause Young (Allocation Failure) 107M->6M(1466M) 1.131ms
[133.430s][info][gc,cpu         ] GC(180) User=0.52s Sys=0.00s Real=0.02s
[133.826s][info][gc,start       ] GC(181) Pause Young (Allocation Failure)
[133.828s][info][gc,heap        ] GC(181) PSYoungGen: 102912K(102912K)->960K(103936K) Eden: 102400K(102400K)->0K(101888K) From: 512K(512K)->960K(2048K)
[133.828s][info][gc,heap        ] GC(181) ParOldGen: 6513K(1398272K)->6833K(1398272K)
[133.828s][info][gc,metaspace   ] GC(181) Metaspace: 9930K(10240K)->9930K(10240K) NonClass: 8629K(8832K)->8629K(8832K) Class: 1300K(1408K)->1300K(1408K)
[133.828s][info][gc             ] GC(181) Pause Young (Allocation Failure) 106M->7M(1467M) 1.849ms
[133.828s][info][gc,cpu         ] GC(181) User=0.52s Sys=0.00s Real=0.02s
[134.227s][info][gc,start       ] GC(182) Pause Young (Allocation Failure)
[134.228s][info][gc,heap        ] GC(182) PSYoungGen: 102848K(103936K)->1056K(102912K) Eden: 101888K(101888K)->0K(101376K) From: 960K(2048K)->1056K(1536K)
[134.228s][info][gc,heap        ] GC(182) ParOldGen: 6833K(1398272K)->6833K(1398272K)
[134.228s][info][gc,metaspace   ] GC(182) Metaspace: 9930K(10240K)->9930K(10240K) NonClass: 8629K(8832K)->8629K(8832K) Class: 1300K(1408K)->1300K(1408K)
[134.228s][info][gc             ] GC(182) Pause Young (Allocation Failure) 107M->7M(1466M) 1.047ms
[134.228s][info][gc,cpu         ] GC(182) User=0.00s Sys=0.00s Real=0.00s
[134.628s][info][gc,start       ] GC(183) Pause Young (Allocation Failure)
[134.630s][info][gc,heap        ] GC(183) PSYoungGen: 102432K(102912K)->992K(101888K) Eden: 101376K(101376K)->0K(100864K) From: 1056K(1536K)->992K(1024K)
[134.630s][info][gc,heap        ] GC(183) ParOldGen: 6833K(1398272K)->7193K(1398272K)
[134.630s][info][gc,metaspace   ] GC(183) Metaspace: 9930K(10240K)->9930K(10240K) NonClass: 8629K(8832K)->8629K(8832K) Class: 1300K(1408K)->1300K(1408K)
[134.630s][info][gc             ] GC(183) Pause Young (Allocation Failure) 106M->7M(1465M) 1.365ms
[134.630s][info][gc,cpu         ] GC(183) User=0.00s Sys=0.00s Real=0.00s
[135.029s][info][gc,start       ] GC(184) Pause Young (Allocation Failure)
[135.030s][info][gc,heap        ] GC(184) PSYoungGen: 101856K(101888K)->1024K(101376K) Eden: 100864K(100864K)->0K(100352K) From: 992K(1024K)->1024K(1024K)
[135.030s][info][gc,heap        ] GC(184) ParOldGen: 7193K(1398272K)->7209K(1398272K)
[135.030s][info][gc,metaspace   ] GC(184) Metaspace: 9930K(10240K)->9930K(10240K) NonClass: 8629K(8832K)->8629K(8832K) Class: 1300K(1408K)->1300K(1408K)
[135.030s][info][gc             ] GC(184) Pause Young (Allocation Failure) 106M->8M(1464M) 1.197ms
[135.030s][info][gc,cpu         ] GC(184) User=0.00s Sys=0.00s Real=0.00s
[135.429s][info][gc,start       ] GC(185) Pause Young (Allocation Failure)
[135.430s][info][gc,heap        ] GC(185) PSYoungGen: 101376K(101376K)->1056K(101376K) Eden: 100352K(100352K)->0K(99840K) From: 1024K(1024K)->1056K(1536K)
[135.430s][info][gc,heap        ] GC(185) ParOldGen: 7209K(1398272K)->7297K(1398272K)
[135.430s][info][gc,metaspace   ] GC(185) Metaspace: 9930K(10240K)->9930K(10240K) NonClass: 8629K(8832K)->8629K(8832K) Class: 1300K(1408K)->1300K(1408K)
[135.431s][info][gc             ] GC(185) Pause Young (Allocation Failure) 106M->8M(1464M) 1.310ms
[135.431s][info][gc,cpu         ] GC(185) User=0.00s Sys=0.00s Real=0.00s
[135.828s][info][gc,start       ] GC(186) Pause Young (Allocation Failure)
[135.829s][info][gc,heap        ] GC(186) PSYoungGen: 100896K(101376K)->992K(100352K) Eden: 99840K(99840K)->0K(99328K) From: 1056K(1536K)->992K(1024K)
[135.829s][info][gc,heap        ] GC(186) ParOldGen: 7297K(1398272K)->7657K(1398272K)
[135.829s][info][gc,metaspace   ] GC(186) Metaspace: 9930K(10240K)->9930K(10240K) NonClass: 8629K(8832K)->8629K(8832K) Class: 1300K(1408K)->1300K(1408K)
[135.829s][info][gc             ] GC(186) Pause Young (Allocation Failure) 105M->8M(1463M) 1.090ms
[135.829s][info][gc,cpu         ] GC(186) User=0.00s Sys=0.00s Real=0.00s
[136.220s][info][gc,start       ] GC(187) Pause Young (Allocation Failure)
[136.221s][info][gc,heap        ] GC(187) PSYoungGen: 100320K(100352K)->1056K(100352K) Eden: 99328K(99328K)->0K(98816K) From: 992K(1024K)->1056K(1536K)
[136.221s][info][gc,heap        ] GC(187) ParOldGen: 7657K(1398272K)->7657K(1398272K)
[136.221s][info][gc,metaspace   ] GC(187) Metaspace: 9930K(10240K)->9930K(10240K) NonClass: 8629K(8832K)->8629K(8832K) Class: 1300K(1408K)->1300K(1408K)
[136.221s][info][gc             ] GC(187) Pause Young (Allocation Failure) 105M->8M(1463M) 1.168ms
[136.221s][info][gc,cpu         ] GC(187) User=0.00s Sys=0.00s Real=0.00s
[136.615s][info][gc,start       ] GC(188) Pause Young (Allocation Failure)
[136.615s][info][gc,heap        ] GC(188) PSYoungGen: 99872K(100352K)->1024K(99328K) Eden: 98816K(98816K)->0K(98304K) From: 1056K(1536K)->1024K(1024K)
[136.615s][info][gc,heap        ] GC(188) ParOldGen: 7657K(1398272K)->7673K(1398272K)
[136.615s][info][gc,metaspace   ] GC(188) Metaspace: 9930K(10240K)->9930K(10240K) NonClass: 8629K(8832K)->8629K(8832K) Class: 1300K(1408K)->1300K(1408K)
[136.616s][info][gc             ] GC(188) Pause Young (Allocation Failure) 105M->8M(1462M) 1.027ms
[136.616s][info][gc,cpu         ] GC(188) User=0.00s Sys=0.00s Real=0.00s
[136.994s][info][gc,start       ] GC(189) Pause Young (Allocation Failure)
[136.995s][info][gc,heap        ] GC(189) PSYoungGen: 99328K(99328K)->1056K(99328K) Eden: 98304K(98304K)->0K(97792K) From: 1024K(1024K)->1056K(1536K)
[136.995s][info][gc,heap        ] GC(189) ParOldGen: 7673K(1398272K)->7713K(1398272K)
[136.995s][info][gc,metaspace   ] GC(189) Metaspace: 9930K(10240K)->9930K(10240K) NonClass: 8629K(8832K)->8629K(8832K) Class: 1300K(1408K)->1300K(1408K)
[136.995s][info][gc             ] GC(189) Pause Young (Allocation Failure) 104M->8M(1462M) 1.193ms
[136.995s][info][gc,cpu         ] GC(189) User=0.00s Sys=0.00s Real=0.00s
[137.379s][info][gc,start       ] GC(190) Pause Young (Allocation Failure)
[137.380s][info][gc,heap        ] GC(190) PSYoungGen: 98848K(99328K)->1024K(98304K) Eden: 97792K(97792K)->0K(97280K) From: 1056K(1536K)->1024K(1024K)
[137.380s][info][gc,heap        ] GC(190) ParOldGen: 7713K(1398272K)->7729K(1398272K)
[137.380s][info][gc,metaspace   ] GC(190) Metaspace: 9930K(10240K)->9930K(10240K) NonClass: 8629K(8832K)->8629K(8832K) Class: 1300K(1408K)->1300K(1408K)
[137.380s][info][gc             ] GC(190) Pause Young (Allocation Failure) 104M->8M(1461M) 1.084ms
[137.380s][info][gc,cpu         ] GC(190) User=0.00s Sys=0.00s Real=0.00s
[137.755s][info][gc,start       ] GC(191) Pause Young (Allocation Failure)
[137.756s][info][gc,heap        ] GC(191) PSYoungGen: 98304K(98304K)->1056K(98304K) Eden: 97280K(97280K)->0K(96768K) From: 1024K(1024K)->1056K(1536K)
[137.756s][info][gc,heap        ] GC(191) ParOldGen: 7729K(1398272K)->7809K(1398272K)
[137.756s][info][gc,metaspace   ] GC(191) Metaspace: 9930K(10240K)->9930K(10240K) NonClass: 8629K(8832K)->8629K(8832K) Class: 1300K(1408K)->1300K(1408K)
[137.756s][info][gc             ] GC(191) Pause Young (Allocation Failure) 103M->8M(1461M) 1.568ms
[137.756s][info][gc,cpu         ] GC(191) User=0.00s Sys=0.00s Real=0.00s
[137.846s][info][gc,start       ] GC(192) Pause Young (System.gc())
[137.847s][info][gc,heap        ] GC(192) PSYoungGen: 23093K(98304K)->1024K(97792K) Eden: 22037K(96768K)->0K(96768K) From: 1056K(1536K)->1024K(1024K)
[137.847s][info][gc,heap        ] GC(192) ParOldGen: 7809K(1398272K)->7881K(1398272K)
[137.847s][info][gc,metaspace   ] GC(192) Metaspace: 9930K(10240K)->9930K(10240K) NonClass: 8629K(8832K)->8629K(8832K) Class: 1300K(1408K)->1300K(1408K)
[137.847s][info][gc             ] GC(192) Pause Young (System.gc()) 30M->8M(1461M) 0.962ms
[137.847s][info][gc,cpu         ] GC(192) User=0.00s Sys=0.00s Real=0.00s
[137.847s][info][gc,start       ] GC(193) Pause Full (System.gc())
[137.847s][info][gc,phases,start] GC(193) Marking Phase
[137.863s][info][gc,phases      ] GC(193) Marking Phase 16.047ms
[137.863s][info][gc,phases,start] GC(193) Summary Phase
[137.864s][info][gc,phases      ] GC(193) Summary Phase 0.026ms
[137.864s][info][gc,phases,start] GC(193) Adjust Roots
[137.868s][info][gc,phases      ] GC(193) Adjust Roots 4.485ms
[137.868s][info][gc,phases,start] GC(193) Compaction Phase
[137.872s][info][gc,phases      ] GC(193) Compaction Phase 3.825ms
[137.872s][info][gc,phases,start] GC(193) Post Compact
[137.873s][info][gc,phases      ] GC(193) Post Compact 0.699ms
[137.873s][info][gc,heap        ] GC(193) PSYoungGen: 1024K(97792K)->0K(97792K) Eden: 0K(96768K)->0K(96768K) From: 1024K(1024K)->0K(1024K)
[137.873s][info][gc,heap        ] GC(193) ParOldGen: 7881K(1398272K)->4074K(1398272K)
[137.873s][info][gc,metaspace   ] GC(193) Metaspace: 9930K(10240K)->9930K(10240K) NonClass: 8629K(8832K)->8629K(8832K) Class: 1300K(1408K)->1300K(1408K)
[137.873s][info][gc             ] GC(193) Pause Full (System.gc()) 8M->3M(1461M) 25.331ms
[137.873s][info][gc,cpu         ] GC(193) User=0.28s Sys=0.02s Real=0.02s
[138.248s][info][gc,start       ] GC(194) Pause Young (Allocation Failure)
[138.250s][info][gc,heap        ] GC(194) PSYoungGen: 96768K(97792K)->1536K(97792K) Eden: 96768K(96768K)->0K(96256K) From: 0K(1024K)->1536K(1536K)
[138.250s][info][gc,heap        ] GC(194) ParOldGen: 4074K(1398272K)->4178K(1398272K)
[138.250s][info][gc,metaspace   ] GC(194) Metaspace: 9930K(10240K)->9930K(10240K) NonClass: 8629K(8832K)->8629K(8832K) Class: 1300K(1408K)->1300K(1408K)
[138.250s][info][gc             ] GC(194) Pause Young (Allocation Failure) 98M->5M(1461M) 1.746ms
[138.250s][info][gc,cpu         ] GC(194) User=0.52s Sys=0.00s Real=0.02s
[138.624s][info][gc,start       ] GC(195) Pause Young (Allocation Failure)
[138.625s][info][gc,heap        ] GC(195) PSYoungGen: 97792K(97792K)->1024K(96768K) Eden: 96256K(96256K)->0K(95744K) From: 1536K(1536K)->1024K(1024K)
[138.625s][info][gc,heap        ] GC(195) ParOldGen: 4178K(1398272K)->4986K(1398272K)
[138.625s][info][gc,metaspace   ] GC(195) Metaspace: 9930K(10240K)->9930K(10240K) NonClass: 8629K(8832K)->8629K(8832K) Class: 1300K(1408K)->1300K(1408K)
[138.625s][info][gc             ] GC(195) Pause Young (Allocation Failure) 99M->5M(1460M) 1.482ms
[138.625s][info][gc,cpu         ] GC(195) User=0.00s Sys=0.00s Real=0.00s
[138.986s][info][gc,start       ] GC(196) Pause Young (Allocation Failure)
[138.987s][info][gc,heap        ] GC(196) PSYoungGen: 96768K(96768K)->1248K(96768K) Eden: 95744K(95744K)->0K(95232K) From: 1024K(1024K)->1248K(1536K)
[138.987s][info][gc,heap        ] GC(196) ParOldGen: 4986K(1398272K)->5178K(1398272K)
[138.987s][info][gc,metaspace   ] GC(196) Metaspace: 9930K(10240K)->9930K(10240K) NonClass: 8629K(8832K)->8629K(8832K) Class: 1300K(1408K)->1300K(1408K)
[138.987s][info][gc             ] GC(196) Pause Young (Allocation Failure) 99M->6M(1460M) 1.492ms
[138.987s][info][gc,cpu         ] GC(196) User=0.00s Sys=0.00s Real=0.00s
[139.355s][info][gc,start       ] GC(197) Pause Young (Allocation Failure)
[139.356s][info][gc,heap        ] GC(197) PSYoungGen: 96480K(96768K)->1120K(96256K) Eden: 95232K(95232K)->0K(94720K) From: 1248K(1536K)->1120K(1536K)
[139.356s][info][gc,heap        ] GC(197) ParOldGen: 5178K(1398272K)->5714K(1398272K)
[139.356s][info][gc,metaspace   ] GC(197) Metaspace: 9930K(10240K)->9930K(10240K) NonClass: 8629K(8832K)->8629K(8832K) Class: 1300K(1408K)->1300K(1408K)
[139.356s][info][gc             ] GC(197) Pause Young (Allocation Failure) 99M->6M(1459M) 1.328ms
[139.356s][info][gc,cpu         ] GC(197) User=0.00s Sys=0.00s Real=0.00s
[139.725s][info][gc,start       ] GC(198) Pause Young (Allocation Failure)
[139.727s][info][gc,heap        ] GC(198) PSYoungGen: 95840K(96256K)->1056K(95744K) Eden: 94720K(94720K)->0K(94208K) From: 1120K(1536K)->1056K(1536K)
[139.727s][info][gc,heap        ] GC(198) ParOldGen: 5714K(1398272K)->5826K(1398272K)
[139.727s][info][gc,metaspace   ] GC(198) Metaspace: 9930K(10240K)->9930K(10240K) NonClass: 8629K(8832K)->8629K(8832K) Class: 1300K(1408K)->1300K(1408K)
[139.727s][info][gc             ] GC(198) Pause Young (Allocation Failure) 99M->6M(1459M) 1.819ms
[139.727s][info][gc,cpu         ] GC(198) User=0.00s Sys=0.00s Real=0.00s
[140.098s][info][gc,start       ] GC(199) Pause Young (Allocation Failure)
[140.099s][info][gc,heap        ] GC(199) PSYoungGen: 95264K(95744K)->1024K(94720K) Eden: 94208K(94208K)->0K(93696K) From: 1056K(1536K)->1024K(1024K)
[140.099s][info][gc,heap        ] GC(199) ParOldGen: 5826K(1398272K)->6186K(1398272K)
[140.099s][info][gc,metaspace   ] GC(199) Metaspace: 9930K(10240K)->9930K(10240K) NonClass: 8629K(8832K)->8629K(8832K) Class: 1300K(1408K)->1300K(1408K)
[140.099s][info][gc             ] GC(199) Pause Young (Allocation Failure) 98M->7M(1458M) 1.429ms
[140.099s][info][gc,cpu         ] GC(199) User=0.00s Sys=0.00s Real=0.00s
[140.455s][info][gc,start       ] GC(200) Pause Young (Allocation Failure)
[140.456s][info][gc,heap        ] GC(200) PSYoungGen: 94720K(94720K)->1024K(94208K) Eden: 93696K(93696K)->0K(93184K) From: 1024K(1024K)->1024K(1024K)
[140.456s][info][gc,heap        ] GC(200) ParOldGen: 6186K(1398272K)->6554K(1398272K)
[140.457s][info][gc,metaspace   ] GC(200) Metaspace: 9930K(10240K)->9930K(10240K) NonClass: 8629K(8832K)->8629K(8832K) Class: 1300K(1408K)->1300K(1408K)
[140.457s][info][gc             ] GC(200) Pause Young (Allocation Failure) 98M->7M(1457M) 1.261ms
[140.457s][info][gc,cpu         ] GC(200) User=0.00s Sys=0.00s Real=0.00s
[140.820s][info][gc,start       ] GC(201) Pause Young (Allocation Failure)
[140.821s][info][gc,heap        ] GC(201) PSYoungGen: 94208K(94208K)->1056K(94208K) Eden: 93184K(93184K)->0K(92672K) From: 1024K(1024K)->1056K(1536K)
[140.821s][info][gc,heap        ] GC(201) ParOldGen: 6554K(1398272K)->6554K(1398272K)
[140.821s][info][gc,metaspace   ] GC(201) Metaspace: 9930K(10240K)->9930K(10240K) NonClass: 8629K(8832K)->8629K(8832K) Class: 1300K(1408K)->1300K(1408K)
[140.821s][info][gc             ] GC(201) Pause Young (Allocation Failure) 98M->7M(1457M) 1.245ms
[140.821s][info][gc,cpu         ] GC(201) User=0.00s Sys=0.00s Real=0.00s
[141.198s][info][gc,start       ] GC(202) Pause Young (Allocation Failure)
[141.199s][info][gc,heap        ] GC(202) PSYoungGen: 93728K(94208K)->1056K(93696K) Eden: 92672K(92672K)->0K(92160K) From: 1056K(1536K)->1056K(1536K)
[141.199s][info][gc,heap        ] GC(202) ParOldGen: 6554K(1398272K)->6554K(1398272K)
[141.199s][info][gc,metaspace   ] GC(202) Metaspace: 9930K(10240K)->9930K(10240K) NonClass: 8629K(8832K)->8629K(8832K) Class: 1300K(1408K)->1300K(1408K)
[141.199s][info][gc             ] GC(202) Pause Young (Allocation Failure) 97M->7M(1457M) 1.407ms
[141.199s][info][gc,cpu         ] GC(202) User=0.00s Sys=0.00s Real=0.00s
[141.566s][info][gc,start       ] GC(203) Pause Young (Allocation Failure)
[141.567s][info][gc,heap        ] GC(203) PSYoungGen: 93216K(93696K)->1056K(93184K) Eden: 92160K(92160K)->0K(91648K) From: 1056K(1536K)->1056K(1536K)
[141.567s][info][gc,heap        ] GC(203) ParOldGen: 6554K(1398272K)->6554K(1398272K)
[141.567s][info][gc,metaspace   ] GC(203) Metaspace: 9930K(10240K)->9930K(10240K) NonClass: 8629K(8832K)->8629K(8832K) Class: 1300K(1408K)->1300K(1408K)
[141.567s][info][gc             ] GC(203) Pause Young (Allocation Failure) 97M->7M(1456M) 1.043ms
[141.567s][info][gc,cpu         ] GC(203) User=0.00s Sys=0.00s Real=0.00s
[141.918s][info][gc,start       ] GC(204) Pause Young (Allocation Failure)
[141.919s][info][gc,heap        ] GC(204) PSYoungGen: 92704K(93184K)->1056K(92672K) Eden: 91648K(91648K)->0K(91136K) From: 1056K(1536K)->1056K(1536K)
[141.919s][info][gc,heap        ] GC(204) ParOldGen: 6554K(1398272K)->6554K(1398272K)
[141.919s][info][gc,metaspace   ] GC(204) Metaspace: 9930K(10240K)->9930K(10240K) NonClass: 8629K(8832K)->8629K(8832K) Class: 1300K(1408K)->1300K(1408K)
[141.919s][info][gc             ] GC(204) Pause Young (Allocation Failure) 96M->7M(1456M) 1.382ms
[141.919s][info][gc,cpu         ] GC(204) User=0.00s Sys=0.00s Real=0.00s
[142.271s][info][gc,start       ] GC(205) Pause Young (Allocation Failure)
[142.272s][info][gc,heap        ] GC(205) PSYoungGen: 92192K(92672K)->512K(91136K) Eden: 91136K(91136K)->0K(90624K) From: 1056K(1536K)->512K(512K)
[142.272s][info][gc,heap        ] GC(205) ParOldGen: 6554K(1398272K)->6858K(1398272K)
[142.272s][info][gc,metaspace   ] GC(205) Metaspace: 9930K(10240K)->9930K(10240K) NonClass: 8629K(8832K)->8629K(8832K) Class: 1300K(1408K)->1300K(1408K)
[142.273s][info][gc             ] GC(205) Pause Young (Allocation Failure) 96M->7M(1454M) 1.173ms
[142.273s][info][gc,cpu         ] GC(205) User=0.00s Sys=0.00s Real=0.00s
[142.621s][info][gc,start       ] GC(206) Pause Young (Allocation Failure)
[142.623s][info][gc,heap        ] GC(206) PSYoungGen: 91136K(91136K)->1088K(91648K) Eden: 90624K(90624K)->0K(90112K) From: 512K(512K)->1088K(1536K)
[142.623s][info][gc,heap        ] GC(206) ParOldGen: 6858K(1398272K)->7314K(1398272K)
[142.623s][info][gc,metaspace   ] GC(206) Metaspace: 9930K(10240K)->9930K(10240K) NonClass: 8629K(8832K)->8629K(8832K) Class: 1300K(1408K)->1300K(1408K)
[142.623s][info][gc             ] GC(206) Pause Young (Allocation Failure) 95M->8M(1455M) 2.240ms
[142.623s][info][gc,cpu         ] GC(206) User=0.00s Sys=0.00s Real=0.00s
[142.974s][info][gc,start       ] GC(207) Pause Young (Allocation Failure)
[142.975s][info][gc,heap        ] GC(207) PSYoungGen: 91200K(91648K)->1056K(91136K) Eden: 90112K(90112K)->0K(89600K) From: 1088K(1536K)->1056K(1536K)
[142.975s][info][gc,heap        ] GC(207) ParOldGen: 7314K(1398272K)->7442K(1398272K)
[142.975s][info][gc,metaspace   ] GC(207) Metaspace: 9930K(10240K)->9930K(10240K) NonClass: 8629K(8832K)->8629K(8832K) Class: 1300K(1408K)->1300K(1408K)
[142.975s][info][gc             ] GC(207) Pause Young (Allocation Failure) 96M->8M(1454M) 1.014ms
[142.975s][info][gc,cpu         ] GC(207) User=0.00s Sys=0.00s Real=0.00s
[143.324s][info][gc,start       ] GC(208) Pause Young (Allocation Failure)
[143.325s][info][gc,heap        ] GC(208) PSYoungGen: 90656K(91136K)->1056K(90624K) Eden: 89600K(89600K)->0K(89088K) From: 1056K(1536K)->1056K(1536K)
[143.326s][info][gc,heap        ] GC(208) ParOldGen: 7442K(1398272K)->7442K(1398272K)
[143.326s][info][gc,metaspace   ] GC(208) Metaspace: 9930K(10240K)->9930K(10240K) NonClass: 8629K(8832K)->8629K(8832K) Class: 1300K(1408K)->1300K(1408K)
[143.326s][info][gc             ] GC(208) Pause Young (Allocation Failure) 95M->8M(1454M) 1.403ms
[143.326s][info][gc,cpu         ] GC(208) User=0.00s Sys=0.00s Real=0.00s
[143.669s][info][gc,start       ] GC(209) Pause Young (Allocation Failure)
[143.670s][info][gc,heap        ] GC(209) PSYoungGen: 90144K(90624K)->512K(89088K) Eden: 89088K(89088K)->0K(88576K) From: 1056K(1536K)->512K(512K)
[143.670s][info][gc,heap        ] GC(209) ParOldGen: 7442K(1398272K)->7682K(1398272K)
[143.670s][info][gc,metaspace   ] GC(209) Metaspace: 9930K(10240K)->9930K(10240K) NonClass: 8629K(8832K)->8629K(8832K) Class: 1300K(1408K)->1300K(1408K)
[143.670s][info][gc             ] GC(209) Pause Young (Allocation Failure) 95M->8M(1452M) 1.081ms
[143.670s][info][gc,cpu         ] GC(209) User=0.00s Sys=0.00s Real=0.00s
[144.020s][info][gc,start       ] GC(210) Pause Young (Allocation Failure)
[144.021s][info][gc,heap        ] GC(210) PSYoungGen: 89088K(89088K)->992K(89600K) Eden: 88576K(88576K)->0K(88064K) From: 512K(512K)->992K(1536K)
[144.021s][info][gc,heap        ] GC(210) ParOldGen: 7682K(1398272K)->8002K(1398272K)
[144.021s][info][gc,metaspace   ] GC(210) Metaspace: 9930K(10240K)->9930K(10240K) NonClass: 8629K(8832K)->8629K(8832K) Class: 1300K(1408K)->1300K(1408K)
[144.021s][info][gc             ] GC(210) Pause Young (Allocation Failure) 94M->8M(1453M) 1.508ms
[144.021s][info][gc,cpu         ] GC(210) User=0.00s Sys=0.00s Real=0.00s
[144.286s][info][gc,start       ] GC(211) Pause Young (System.gc())
[144.287s][info][gc,heap        ] GC(211) PSYoungGen: 67594K(89600K)->1056K(89600K) Eden: 66602K(88064K)->0K(88064K) From: 992K(1536K)->1056K(1536K)
[144.287s][info][gc,heap        ] GC(211) ParOldGen: 8002K(1398272K)->8138K(1398272K)
[144.287s][info][gc,metaspace   ] GC(211) Metaspace: 9930K(10240K)->9930K(10240K) NonClass: 8629K(8832K)->8629K(8832K) Class: 1300K(1408K)->1300K(1408K)
[144.287s][info][gc             ] GC(211) Pause Young (System.gc()) 73M->8M(1453M) 0.947ms
[144.287s][info][gc,cpu         ] GC(211) User=0.00s Sys=0.00s Real=0.00s
[144.287s][info][gc,start       ] GC(212) Pause Full (System.gc())
[144.287s][info][gc,phases,start] GC(212) Marking Phase
[144.305s][info][gc,phases      ] GC(212) Marking Phase 18.003ms
[144.306s][info][gc,phases,start] GC(212) Summary Phase
[144.306s][info][gc,phases      ] GC(212) Summary Phase 0.023ms
[144.306s][info][gc,phases,start] GC(212) Adjust Roots
[144.309s][info][gc,phases      ] GC(212) Adjust Roots 3.651ms
[144.309s][info][gc,phases,start] GC(212) Compaction Phase
[144.313s][info][gc,phases      ] GC(212) Compaction Phase 3.905ms
[144.313s][info][gc,phases,start] GC(212) Post Compact
[144.314s][info][gc,phases      ] GC(212) Post Compact 0.846ms
[144.314s][info][gc,heap        ] GC(212) PSYoungGen: 1056K(89600K)->0K(89600K) Eden: 0K(88064K)->0K(88064K) From: 1056K(1536K)->0K(1536K)
[144.314s][info][gc,heap        ] GC(212) ParOldGen: 8138K(1398272K)->4074K(1398272K)
[144.314s][info][gc,metaspace   ] GC(212) Metaspace: 9930K(10240K)->9930K(10240K) NonClass: 8629K(8832K)->8629K(8832K) Class: 1300K(1408K)->1300K(1408K)
[144.314s][info][gc             ] GC(212) Pause Full (System.gc()) 8M->3M(1453M) 26.792ms
[144.314s][info][gc,cpu         ] GC(212) User=0.52s Sys=0.00s Real=0.03s
[144.656s][info][gc,start       ] GC(213) Pause Young (Allocation Failure)
[144.658s][info][gc,heap        ] GC(213) PSYoungGen: 88064K(89600K)->1536K(89088K) Eden: 88064K(88064K)->0K(87552K) From: 0K(1536K)->1536K(1536K)
[144.658s][info][gc,heap        ] GC(213) ParOldGen: 4074K(1398272K)->4170K(1398272K)
[144.658s][info][gc,metaspace   ] GC(213) Metaspace: 9930K(10240K)->9930K(10240K) NonClass: 8629K(8832K)->8629K(8832K) Class: 1300K(1408K)->1300K(1408K)
[144.658s][info][gc             ] GC(213) Pause Young (Allocation Failure) 89M->5M(1452M) 1.585ms
[144.658s][info][gc,cpu         ] GC(213) User=0.52s Sys=0.00s Real=0.02s
[144.997s][info][gc,start       ] GC(214) Pause Young (Allocation Failure)
[144.999s][info][gc,heap        ] GC(214) PSYoungGen: 89088K(89088K)->512K(87552K) Eden: 87552K(87552K)->0K(87040K) From: 1536K(1536K)->512K(512K)
[144.999s][info][gc,heap        ] GC(214) ParOldGen: 4170K(1398272K)->5058K(1398272K)
[144.999s][info][gc,metaspace   ] GC(214) Metaspace: 9930K(10240K)->9930K(10240K) NonClass: 8629K(8832K)->8629K(8832K) Class: 1300K(1408K)->1300K(1408K)
[144.999s][info][gc             ] GC(214) Pause Young (Allocation Failure) 91M->5M(1451M) 1.392ms
[144.999s][info][gc,cpu         ] GC(214) User=0.00s Sys=0.00s Real=0.00s
[145.341s][info][gc,start       ] GC(215) Pause Young (Allocation Failure)
[145.342s][info][gc,heap        ] GC(215) PSYoungGen: 87552K(87552K)->1184K(88576K) Eden: 87040K(87040K)->0K(86528K) From: 512K(512K)->1184K(2048K)
[145.342s][info][gc,heap        ] GC(215) ParOldGen: 5058K(1398272K)->5666K(1398272K)
[145.342s][info][gc,metaspace   ] GC(215) Metaspace: 9930K(10240K)->9930K(10240K) NonClass: 8629K(8832K)->8629K(8832K) Class: 1300K(1408K)->1300K(1408K)
[145.342s][info][gc             ] GC(215) Pause Young (Allocation Failure) 90M->6M(1452M) 1.599ms
[145.342s][info][gc,cpu         ] GC(215) User=0.00s Sys=0.00s Real=0.00s
[145.674s][info][gc,start       ] GC(216) Pause Young (Allocation Failure)
[145.675s][info][gc,heap        ] GC(216) PSYoungGen: 87712K(88576K)->1056K(87552K) Eden: 86528K(86528K)->0K(86016K) From: 1184K(2048K)->1056K(1536K)
[145.675s][info][gc,heap        ] GC(216) ParOldGen: 5666K(1398272K)->5762K(1398272K)
[145.675s][info][gc,metaspace   ] GC(216) Metaspace: 9930K(10240K)->9930K(10240K) NonClass: 8629K(8832K)->8629K(8832K) Class: 1300K(1408K)->1300K(1408K)
[145.675s][info][gc             ] GC(216) Pause Young (Allocation Failure) 91M->6M(1451M) 0.968ms
[145.675s][info][gc,cpu         ] GC(216) User=0.00s Sys=0.00s Real=0.00s
[146.001s][info][gc,start       ] GC(217) Pause Young (Allocation Failure)
[146.002s][info][gc,heap        ] GC(217) PSYoungGen: 87072K(87552K)->1056K(87040K) Eden: 86016K(86016K)->0K(85504K) From: 1056K(1536K)->1056K(1536K)
[146.003s][info][gc,heap        ] GC(217) ParOldGen: 5762K(1398272K)->5762K(1398272K)
[146.003s][info][gc,metaspace   ] GC(217) Metaspace: 9930K(10240K)->9930K(10240K) NonClass: 8629K(8832K)->8629K(8832K) Class: 1300K(1408K)->1300K(1408K)
[146.003s][info][gc             ] GC(217) Pause Young (Allocation Failure) 90M->6M(1450M) 1.242ms
[146.003s][info][gc,cpu         ] GC(217) User=0.00s Sys=0.00s Real=0.00s
[146.325s][info][gc,start       ] GC(218) Pause Young (Allocation Failure)
[146.326s][info][gc,heap        ] GC(218) PSYoungGen: 86560K(87040K)->1056K(86528K) Eden: 85504K(85504K)->0K(84992K) From: 1056K(1536K)->1056K(1536K)
[146.326s][info][gc,heap        ] GC(218) ParOldGen: 5762K(1398272K)->5762K(1398272K)
[146.326s][info][gc,metaspace   ] GC(218) Metaspace: 9930K(10240K)->9930K(10240K) NonClass: 8629K(8832K)->8629K(8832K) Class: 1300K(1408K)->1300K(1408K)
[146.327s][info][gc             ] GC(218) Pause Young (Allocation Failure) 90M->6M(1450M) 1.070ms
[146.327s][info][gc,cpu         ] GC(218) User=0.00s Sys=0.00s Real=0.00s
[146.658s][info][gc,start       ] GC(219) Pause Young (Allocation Failure)
[146.659s][info][gc,heap        ] GC(219) PSYoungGen: 86048K(86528K)->1056K(86016K) Eden: 84992K(84992K)->0K(84480K) From: 1056K(1536K)->1056K(1536K)
[146.659s][info][gc,heap        ] GC(219) ParOldGen: 5762K(1398272K)->5762K(1398272K)
[146.659s][info][gc,metaspace   ] GC(219) Metaspace: 9930K(10240K)->9930K(10240K) NonClass: 8629K(8832K)->8629K(8832K) Class: 1300K(1408K)->1300K(1408K)
[146.659s][info][gc             ] GC(219) Pause Young (Allocation Failure) 89M->6M(1449M) 1.232ms
[146.659s][info][gc,cpu         ] GC(219) User=0.00s Sys=0.00s Real=0.00s
[146.984s][info][gc,start       ] GC(220) Pause Young (Allocation Failure)
[146.985s][info][gc,heap        ] GC(220) PSYoungGen: 85536K(86016K)->512K(84480K) Eden: 84480K(84480K)->0K(83968K) From: 1056K(1536K)->512K(512K)
[146.985s][info][gc,heap        ] GC(220) ParOldGen: 5762K(1398272K)->5994K(1398272K)
[146.985s][info][gc,metaspace   ] GC(220) Metaspace: 9930K(10240K)->9930K(10240K) NonClass: 8629K(8832K)->8629K(8832K) Class: 1300K(1408K)->1300K(1408K)
[146.985s][info][gc             ] GC(220) Pause Young (Allocation Failure) 89M->6M(1448M) 1.118ms
[146.985s][info][gc,cpu         ] GC(220) User=0.52s Sys=0.00s Real=0.01s
[147.311s][info][gc,start       ] GC(221) Pause Young (Allocation Failure)
[147.313s][info][gc,heap        ] GC(221) PSYoungGen: 84480K(84480K)->1120K(84992K) Eden: 83968K(83968K)->0K(83456K) From: 512K(512K)->1120K(1536K)
[147.313s][info][gc,heap        ] GC(221) ParOldGen: 5994K(1398272K)->6330K(1398272K)
[147.313s][info][gc,metaspace   ] GC(221) Metaspace: 9930K(10240K)->9930K(10240K) NonClass: 8629K(8832K)->8629K(8832K) Class: 1300K(1408K)->1300K(1408K)
[147.313s][info][gc             ] GC(221) Pause Young (Allocation Failure) 88M->7M(1448M) 1.860ms
[147.313s][info][gc,cpu         ] GC(221) User=0.02s Sys=0.00s Real=0.02s
[147.635s][info][gc,start       ] GC(222) Pause Young (Allocation Failure)
[147.636s][info][gc,heap        ] GC(222) PSYoungGen: 84576K(84992K)->1024K(83968K) Eden: 83456K(83456K)->0K(82944K) From: 1120K(1536K)->1024K(1024K)
[147.636s][info][gc,heap        ] GC(222) ParOldGen: 6330K(1398272K)->6730K(1398272K)
[147.636s][info][gc,metaspace   ] GC(222) Metaspace: 9930K(10240K)->9930K(10240K) NonClass: 8629K(8832K)->8629K(8832K) Class: 1300K(1408K)->1300K(1408K)
[147.636s][info][gc             ] GC(222) Pause Young (Allocation Failure) 88M->7M(1447M) 1.324ms
[147.636s][info][gc,cpu         ] GC(222) User=0.00s Sys=0.00s Real=0.00s
[147.955s][info][gc,start       ] GC(223) Pause Young (Allocation Failure)
[147.956s][info][gc,heap        ] GC(223) PSYoungGen: 83968K(83968K)->1056K(83968K) Eden: 82944K(82944K)->0K(82432K) From: 1024K(1024K)->1056K(1536K)
[147.956s][info][gc,heap        ] GC(223) ParOldGen: 6730K(1398272K)->6730K(1398272K)
[147.956s][info][gc,metaspace   ] GC(223) Metaspace: 9930K(10240K)->9930K(10240K) NonClass: 8629K(8832K)->8629K(8832K) Class: 1300K(1408K)->1300K(1408K)
[147.956s][info][gc             ] GC(223) Pause Young (Allocation Failure) 88M->7M(1447M) 1.193ms
[147.956s][info][gc,cpu         ] GC(223) User=0.00s Sys=0.00s Real=0.00s
[148.278s][info][gc,start       ] GC(224) Pause Young (Allocation Failure)
[148.279s][info][gc,heap        ] GC(224) PSYoungGen: 83488K(83968K)->1024K(82944K) Eden: 82432K(82432K)->0K(81920K) From: 1056K(1536K)->1024K(1024K)
[148.279s][info][gc,heap        ] GC(224) ParOldGen: 6730K(1398272K)->6746K(1398272K)
[148.279s][info][gc,metaspace   ] GC(224) Metaspace: 9930K(10240K)->9930K(10240K) NonClass: 8629K(8832K)->8629K(8832K) Class: 1300K(1408K)->1300K(1408K)
[148.279s][info][gc             ] GC(224) Pause Young (Allocation Failure) 88M->7M(1446M) 1.135ms
[148.279s][info][gc,cpu         ] GC(224) User=0.00s Sys=0.00s Real=0.00s
[148.606s][info][gc,start       ] GC(225) Pause Young (Allocation Failure)
[148.608s][info][gc,heap        ] GC(225) PSYoungGen: 82944K(82944K)->1088K(82944K) Eden: 81920K(81920K)->0K(81408K) From: 1024K(1024K)->1088K(1536K)
[148.608s][info][gc,heap        ] GC(225) ParOldGen: 6746K(1398272K)->7122K(1398272K)
[148.608s][info][gc,metaspace   ] GC(225) Metaspace: 9930K(10240K)->9930K(10240K) NonClass: 8629K(8832K)->8629K(8832K) Class: 1300K(1408K)->1300K(1408K)
[148.608s][info][gc             ] GC(225) Pause Young (Allocation Failure) 87M->8M(1446M) 1.327ms
[148.608s][info][gc,cpu         ] GC(225) User=0.00s Sys=0.00s Real=0.00s
[148.924s][info][gc,start       ] GC(226) Pause Young (Allocation Failure)
[148.925s][info][gc,heap        ] GC(226) PSYoungGen: 82496K(82944K)->1024K(81920K) Eden: 81408K(81408K)->0K(80896K) From: 1088K(1536K)->1024K(1024K)
[148.925s][info][gc,heap        ] GC(226) ParOldGen: 7122K(1398272K)->7154K(1398272K)
[148.925s][info][gc,metaspace   ] GC(226) Metaspace: 9930K(10240K)->9930K(10240K) NonClass: 8629K(8832K)->8629K(8832K) Class: 1300K(1408K)->1300K(1408K)
[148.925s][info][gc             ] GC(226) Pause Young (Allocation Failure) 87M->7M(1445M) 1.009ms
[148.926s][info][gc,cpu         ] GC(226) User=0.00s Sys=0.00s Real=0.00s
[149.236s][info][gc,start       ] GC(227) Pause Young (Allocation Failure)
[149.237s][info][gc,heap        ] GC(227) PSYoungGen: 81920K(81920K)->1056K(81920K) Eden: 80896K(80896K)->0K(80384K) From: 1024K(1024K)->1056K(1536K)
[149.237s][info][gc,heap        ] GC(227) ParOldGen: 7154K(1398272K)->7362K(1398272K)
[149.237s][info][gc,metaspace   ] GC(227) Metaspace: 9930K(10240K)->9930K(10240K) NonClass: 8629K(8832K)->8629K(8832K) Class: 1300K(1408K)->1300K(1408K)
[149.237s][info][gc             ] GC(227) Pause Young (Allocation Failure) 86M->8M(1445M) 1.226ms
[149.237s][info][gc,cpu         ] GC(227) User=0.00s Sys=0.00s Real=0.00s
[149.552s][info][gc,start       ] GC(228) Pause Young (Allocation Failure)
[149.553s][info][gc,heap        ] GC(228) PSYoungGen: 81440K(81920K)->1024K(80896K) Eden: 80384K(80384K)->0K(79872K) From: 1056K(1536K)->1024K(1024K)
[149.553s][info][gc,heap        ] GC(228) ParOldGen: 7362K(1398272K)->7522K(1398272K)
[149.553s][info][gc,metaspace   ] GC(228) Metaspace: 9930K(10240K)->9930K(10240K) NonClass: 8629K(8832K)->8629K(8832K) Class: 1300K(1408K)->1300K(1408K)
[149.553s][info][gc             ] GC(228) Pause Young (Allocation Failure) 86M->8M(1444M) 1.022ms
[149.553s][info][gc,cpu         ] GC(228) User=0.00s Sys=0.00s Real=0.00s
[149.858s][info][gc,start       ] GC(229) Pause Young (Allocation Failure)
[149.859s][info][gc,heap        ] GC(229) PSYoungGen: 80896K(80896K)->1056K(80896K) Eden: 79872K(79872K)->0K(79360K) From: 1024K(1024K)->1056K(1536K)
[149.860s][info][gc,heap        ] GC(229) ParOldGen: 7522K(1398272K)->7618K(1398272K)
[149.860s][info][gc,metaspace   ] GC(229) Metaspace: 9930K(10240K)->9930K(10240K) NonClass: 8629K(8832K)->8629K(8832K) Class: 1300K(1408K)->1300K(1408K)
[149.860s][info][gc             ] GC(229) Pause Young (Allocation Failure) 86M->8M(1444M) 1.303ms
[149.860s][info][gc,cpu         ] GC(229) User=0.50s Sys=0.00s Real=0.02s
[150.165s][info][gc,start       ] GC(230) Pause Young (Allocation Failure)
[150.166s][info][gc,heap        ] GC(230) PSYoungGen: 80416K(80896K)->1024K(79872K) Eden: 79360K(79360K)->0K(78848K) From: 1056K(1536K)->1024K(1024K)
[150.166s][info][gc,heap        ] GC(230) ParOldGen: 7618K(1398272K)->7634K(1398272K)
[150.166s][info][gc,metaspace   ] GC(230) Metaspace: 9930K(10240K)->9930K(10240K) NonClass: 8629K(8832K)->8629K(8832K) Class: 1300K(1408K)->1300K(1408K)
[150.166s][info][gc             ] GC(230) Pause Young (Allocation Failure) 85M->8M(1443M) 1.012ms
[150.166s][info][gc,cpu         ] GC(230) User=0.00s Sys=0.00s Real=0.00s
[150.482s][info][gc,start       ] GC(231) Pause Young (Allocation Failure)
[150.483s][info][gc,heap        ] GC(231) PSYoungGen: 79872K(79872K)->1344K(79872K) Eden: 78848K(78848K)->0K(78336K) From: 1024K(1024K)->1344K(1536K)
[150.483s][info][gc,heap        ] GC(231) ParOldGen: 7634K(1398272K)->7898K(1398272K)
[150.483s][info][gc,metaspace   ] GC(231) Metaspace: 9930K(10240K)->9930K(10240K) NonClass: 8629K(8832K)->8629K(8832K) Class: 1300K(1408K)->1300K(1408K)
[150.483s][info][gc             ] GC(231) Pause Young (Allocation Failure) 85M->9M(1443M) 1.288ms
[150.484s][info][gc,cpu         ] GC(231) User=0.00s Sys=0.00s Real=0.00s
[150.695s][info][gc,start       ] GC(232) Pause Young (System.gc())
[150.696s][info][gc,heap        ] GC(232) PSYoungGen: 52982K(79872K)->928K(79360K) Eden: 51638K(78336K)->0K(78336K) From: 1344K(1536K)->928K(1024K)
[150.696s][info][gc,heap        ] GC(232) ParOldGen: 7898K(1398272K)->8370K(1398272K)
[150.696s][info][gc,metaspace   ] GC(232) Metaspace: 9930K(10240K)->9930K(10240K) NonClass: 8629K(8832K)->8629K(8832K) Class: 1300K(1408K)->1300K(1408K)
[150.696s][info][gc             ] GC(232) Pause Young (System.gc()) 59M->9M(1443M) 1.166ms
[150.696s][info][gc,cpu         ] GC(232) User=0.00s Sys=0.00s Real=0.00s
[150.696s][info][gc,start       ] GC(233) Pause Full (System.gc())
[150.696s][info][gc,phases,start] GC(233) Marking Phase
[150.713s][info][gc,phases      ] GC(233) Marking Phase 16.695ms
[150.713s][info][gc,phases,start] GC(233) Summary Phase
[150.713s][info][gc,phases      ] GC(233) Summary Phase 0.021ms
[150.713s][info][gc,phases,start] GC(233) Adjust Roots
[150.717s][info][gc,phases      ] GC(233) Adjust Roots 4.508ms
[150.717s][info][gc,phases,start] GC(233) Compaction Phase
[150.721s][info][gc,phases      ] GC(233) Compaction Phase 3.836ms
[150.721s][info][gc,phases,start] GC(233) Post Compact
[150.722s][info][gc,phases      ] GC(233) Post Compact 0.774ms
[150.722s][info][gc,heap        ] GC(233) PSYoungGen: 928K(79360K)->0K(79360K) Eden: 0K(78336K)->0K(78336K) From: 928K(1024K)->0K(1024K)
[150.722s][info][gc,heap        ] GC(233) ParOldGen: 8370K(1398272K)->4074K(1398272K)
[150.722s][info][gc,metaspace   ] GC(233) Metaspace: 9930K(10240K)->9930K(10240K) NonClass: 8629K(8832K)->8629K(8832K) Class: 1300K(1408K)->1300K(1408K)
[150.722s][info][gc             ] GC(233) Pause Full (System.gc()) 9M->3M(1443M) 26.115ms
[150.722s][info][gc,cpu         ] GC(233) User=0.42s Sys=0.00s Real=0.03s
[151.035s][info][gc,start       ] GC(234) Pause Young (Allocation Failure)
[151.037s][info][gc,heap        ] GC(234) PSYoungGen: 78336K(79360K)->1536K(79872K) Eden: 78336K(78336K)->0K(78336K) From: 0K(1024K)->1536K(1536K)
[151.037s][info][gc,heap        ] GC(234) ParOldGen: 4074K(1398272K)->4138K(1398272K)
[151.037s][info][gc,metaspace   ] GC(234) Metaspace: 9935K(10240K)->9935K(10240K) NonClass: 8635K(8832K)->8635K(8832K) Class: 1300K(1408K)->1300K(1408K)
[151.037s][info][gc             ] GC(234) Pause Young (Allocation Failure) 80M->5M(1443M) 1.343ms
[151.037s][info][gc,cpu         ] GC(234) User=0.00s Sys=0.00s Real=0.00s
[151.344s][info][gc,start       ] GC(235) Pause Young (Allocation Failure)
[151.345s][info][gc,heap        ] GC(235) PSYoungGen: 79872K(79872K)->1024K(79360K) Eden: 78336K(78336K)->0K(78336K) From: 1536K(1536K)->1024K(1024K)
[151.345s][info][gc,heap        ] GC(235) ParOldGen: 4138K(1398272K)->4546K(1398272K)
[151.345s][info][gc,metaspace   ] GC(235) Metaspace: 9935K(10240K)->9935K(10240K) NonClass: 8635K(8832K)->8635K(8832K) Class: 1300K(1408K)->1300K(1408K)
[151.345s][info][gc             ] GC(235) Pause Young (Allocation Failure) 82M->5M(1443M) 1.298ms
[151.345s][info][gc,cpu         ] GC(235) User=0.00s Sys=0.00s Real=0.00s
[151.664s][info][gc,start       ] GC(236) Pause Young (Allocation Failure)
[151.665s][info][gc,heap        ] GC(236) PSYoungGen: 79360K(79360K)->1184K(79872K) Eden: 78336K(78336K)->0K(78336K) From: 1024K(1024K)->1184K(1536K)
[151.665s][info][gc,heap        ] GC(236) ParOldGen: 4546K(1398272K)->5178K(1398272K)
[151.665s][info][gc,metaspace   ] GC(236) Metaspace: 9935K(10240K)->9935K(10240K) NonClass: 8635K(8832K)->8635K(8832K) Class: 1300K(1408K)->1300K(1408K)
[151.666s][info][gc             ] GC(236) Pause Young (Allocation Failure) 81M->6M(1443M) 1.415ms
[151.666s][info][gc,cpu         ] GC(236) User=0.00s Sys=0.00s Real=0.00s
[151.966s][info][gc,start       ] GC(237) Pause Young (Allocation Failure)
[151.967s][info][gc,heap        ] GC(237) PSYoungGen: 79520K(79872K)->1312K(79872K) Eden: 78336K(78336K)->0K(78336K) From: 1184K(1536K)->1312K(1536K)
[151.967s][info][gc,heap        ] GC(237) ParOldGen: 5178K(1398272K)->5482K(1398272K)
[151.967s][info][gc,metaspace   ] GC(237) Metaspace: 9935K(10240K)->9935K(10240K) NonClass: 8635K(8832K)->8635K(8832K) Class: 1300K(1408K)->1300K(1408K)
[151.968s][info][gc             ] GC(237) Pause Young (Allocation Failure) 82M->6M(1443M) 1.402ms
[151.968s][info][gc,cpu         ] GC(237) User=0.00s Sys=0.00s Real=0.00s
[152.258s][info][gc,start       ] GC(238) Pause Young (Allocation Failure)
[152.259s][info][gc,heap        ] GC(238) PSYoungGen: 79648K(79872K)->1248K(79872K) Eden: 78336K(78336K)->0K(78336K) From: 1312K(1536K)->1248K(1536K)
[152.259s][info][gc,heap        ] GC(238) ParOldGen: 5482K(1398272K)->5842K(1398272K)
[152.259s][info][gc,metaspace   ] GC(238) Metaspace: 9935K(10240K)->9935K(10240K) NonClass: 8635K(8832K)->8635K(8832K) Class: 1300K(1408K)->1300K(1408K)
[152.260s][info][gc             ] GC(238) Pause Young (Allocation Failure) 83M->6M(1443M) 1.387ms
[152.260s][info][gc,cpu         ] GC(238) User=0.00s Sys=0.00s Real=0.00s
[152.560s][info][gc,start       ] GC(239) Pause Young (Allocation Failure)
[152.561s][info][gc,heap        ] GC(239) PSYoungGen: 79584K(79872K)->1056K(79872K) Eden: 78336K(78336K)->0K(78336K) From: 1248K(1536K)->1056K(1536K)
[152.561s][info][gc,heap        ] GC(239) ParOldGen: 5842K(1398272K)->5858K(1398272K)
[152.561s][info][gc,metaspace   ] GC(239) Metaspace: 9935K(10240K)->9935K(10240K) NonClass: 8635K(8832K)->8635K(8832K) Class: 1300K(1408K)->1300K(1408K)
[152.561s][info][gc             ] GC(239) Pause Young (Allocation Failure) 83M->6M(1443M) 1.094ms
[152.561s][info][gc,cpu         ] GC(239) User=0.00s Sys=0.00s Real=0.00s
[152.866s][info][gc,start       ] GC(240) Pause Young (Allocation Failure)
[152.868s][info][gc,heap        ] GC(240) PSYoungGen: 79392K(79872K)->1088K(79872K) Eden: 78336K(78336K)->0K(78336K) From: 1056K(1536K)->1088K(1536K)
[152.868s][info][gc,heap        ] GC(240) ParOldGen: 5858K(1398272K)->6250K(1398272K)
[152.868s][info][gc,metaspace   ] GC(240) Metaspace: 9935K(10240K)->9935K(10240K) NonClass: 8635K(8832K)->8635K(8832K) Class: 1300K(1408K)->1300K(1408K)
[152.868s][info][gc             ] GC(240) Pause Young (Allocation Failure) 83M->7M(1443M) 1.466ms
[152.868s][info][gc,cpu         ] GC(240) User=0.00s Sys=0.00s Real=0.00s
[153.171s][info][gc,start       ] GC(241) Pause Young (Allocation Failure)
[153.172s][info][gc,heap        ] GC(241) PSYoungGen: 79424K(79872K)->1056K(79872K) Eden: 78336K(78336K)->0K(78336K) From: 1088K(1536K)->1056K(1536K)
[153.172s][info][gc,heap        ] GC(241) ParOldGen: 6250K(1398272K)->6250K(1398272K)
[153.172s][info][gc,metaspace   ] GC(241) Metaspace: 9935K(10240K)->9935K(10240K) NonClass: 8635K(8832K)->8635K(8832K) Class: 1300K(1408K)->1300K(1408K)
[153.172s][info][gc             ] GC(241) Pause Young (Allocation Failure) 83M->7M(1443M) 1.068ms
[153.172s][info][gc,cpu         ] GC(241) User=0.00s Sys=0.00s Real=0.00s
[153.480s][info][gc,start       ] GC(242) Pause Young (Allocation Failure)
[153.481s][info][gc,heap        ] GC(242) PSYoungGen: 79392K(79872K)->1056K(79872K) Eden: 78336K(78336K)->0K(78336K) From: 1056K(1536K)->1056K(1536K)
[153.481s][info][gc,heap        ] GC(242) ParOldGen: 6250K(1398272K)->6250K(1398272K)
[153.481s][info][gc,metaspace   ] GC(242) Metaspace: 9935K(10240K)->9935K(10240K) NonClass: 8635K(8832K)->8635K(8832K) Class: 1300K(1408K)->1300K(1408K)
[153.481s][info][gc             ] GC(242) Pause Young (Allocation Failure) 83M->7M(1443M) 1.246ms
[153.482s][info][gc,cpu         ] GC(242) User=0.00s Sys=0.00s Real=0.00s
[153.788s][info][gc,start       ] GC(243) Pause Young (Allocation Failure)
[153.789s][info][gc,heap        ] GC(243) PSYoungGen: 79392K(79872K)->512K(78848K) Eden: 78336K(78336K)->0K(78336K) From: 1056K(1536K)->512K(512K)
[153.789s][info][gc,heap        ] GC(243) ParOldGen: 6250K(1398272K)->6514K(1398272K)
[153.789s][info][gc,metaspace   ] GC(243) Metaspace: 9935K(10240K)->9935K(10240K) NonClass: 8635K(8832K)->8635K(8832K) Class: 1300K(1408K)->1300K(1408K)
[153.789s][info][gc             ] GC(243) Pause Young (Allocation Failure) 83M->6M(1442M) 1.116ms
[153.790s][info][gc,cpu         ] GC(243) User=0.00s Sys=0.00s Real=0.00s
[154.094s][info][gc,start       ] GC(244) Pause Young (Allocation Failure)
[154.096s][info][gc,heap        ] GC(244) PSYoungGen: 78848K(78848K)->1056K(79872K) Eden: 78336K(78336K)->0K(78336K) From: 512K(512K)->1056K(1536K)
[154.096s][info][gc,heap        ] GC(244) ParOldGen: 6514K(1398272K)->6930K(1398272K)
[154.096s][info][gc,metaspace   ] GC(244) Metaspace: 9935K(10240K)->9935K(10240K) NonClass: 8635K(8832K)->8635K(8832K) Class: 1300K(1408K)->1300K(1408K)
[154.096s][info][gc             ] GC(244) Pause Young (Allocation Failure) 83M->7M(1443M) 1.904ms
[154.096s][info][gc,cpu         ] GC(244) User=0.00s Sys=0.00s Real=0.00s
[154.404s][info][gc,start       ] GC(245) Pause Young (Allocation Failure)
[154.405s][info][gc,heap        ] GC(245) PSYoungGen: 79392K(79872K)->1056K(79872K) Eden: 78336K(78336K)->0K(78336K) From: 1056K(1536K)->1056K(1536K)
[154.406s][info][gc,heap        ] GC(245) ParOldGen: 6930K(1398272K)->7090K(1398272K)
[154.406s][info][gc,metaspace   ] GC(245) Metaspace: 9935K(10240K)->9935K(10240K) NonClass: 8635K(8832K)->8635K(8832K) Class: 1300K(1408K)->1300K(1408K)
[154.406s][info][gc             ] GC(245) Pause Young (Allocation Failure) 84M->7M(1443M) 1.092ms
[154.406s][info][gc,cpu         ] GC(245) User=0.00s Sys=0.00s Real=0.00s
[154.703s][info][gc,start       ] GC(246) Pause Young (Allocation Failure)
[154.704s][info][gc,heap        ] GC(246) PSYoungGen: 79392K(79872K)->1056K(79872K) Eden: 78336K(78336K)->0K(78336K) From: 1056K(1536K)->1056K(1536K)
[154.704s][info][gc,heap        ] GC(246) ParOldGen: 7090K(1398272K)->7202K(1398272K)
[154.704s][info][gc,metaspace   ] GC(246) Metaspace: 9935K(10240K)->9935K(10240K) NonClass: 8635K(8832K)->8635K(8832K) Class: 1300K(1408K)->1300K(1408K)
[154.704s][info][gc             ] GC(246) Pause Young (Allocation Failure) 84M->8M(1443M) 1.406ms
[154.704s][info][gc,cpu         ] GC(246) User=0.00s Sys=0.00s Real=0.00s
[155.018s][info][gc,start       ] GC(247) Pause Young (Allocation Failure)
[155.019s][info][gc,heap        ] GC(247) PSYoungGen: 79392K(79872K)->512K(78848K) Eden: 78336K(78336K)->0K(78336K) From: 1056K(1536K)->512K(512K)
[155.019s][info][gc,heap        ] GC(247) ParOldGen: 7202K(1398272K)->7938K(1398272K)
[155.019s][info][gc,metaspace   ] GC(247) Metaspace: 9935K(10240K)->9935K(10240K) NonClass: 8635K(8832K)->8635K(8832K) Class: 1300K(1408K)->1300K(1408K)
[155.019s][info][gc             ] GC(247) Pause Young (Allocation Failure) 84M->8M(1442M) 1.364ms
[155.019s][info][gc,cpu         ] GC(247) User=0.00s Sys=0.00s Real=0.00s
[155.322s][info][gc,start       ] GC(248) Pause Young (Allocation Failure)
[155.324s][info][gc,heap        ] GC(248) PSYoungGen: 78848K(78848K)->1152K(79872K) Eden: 78336K(78336K)->0K(78336K) From: 512K(512K)->1152K(1536K)
[155.324s][info][gc,heap        ] GC(248) ParOldGen: 7938K(1398272K)->8498K(1398272K)
[155.324s][info][gc,metaspace   ] GC(248) Metaspace: 9935K(10240K)->9935K(10240K) NonClass: 8635K(8832K)->8635K(8832K) Class: 1300K(1408K)->1300K(1408K)
[155.324s][info][gc             ] GC(248) Pause Young (Allocation Failure) 84M->9M(1443M) 1.391ms
[155.324s][info][gc,cpu         ] GC(248) User=0.50s Sys=0.00s Real=0.01s
[155.629s][info][gc,start       ] GC(249) Pause Young (Allocation Failure)
[155.630s][info][gc,heap        ] GC(249) PSYoungGen: 79488K(79872K)->1088K(79872K) Eden: 78336K(78336K)->0K(78336K) From: 1152K(1536K)->1088K(1536K)
[155.630s][info][gc,heap        ] GC(249) ParOldGen: 8498K(1398272K)->8570K(1398272K)
[155.630s][info][gc,metaspace   ] GC(249) Metaspace: 9935K(10240K)->9935K(10240K) NonClass: 8635K(8832K)->8635K(8832K) Class: 1300K(1408K)->1300K(1408K)
[155.630s][info][gc             ] GC(249) Pause Young (Allocation Failure) 85M->9M(1443M) 1.031ms
[155.630s][info][gc,cpu         ] GC(249) User=0.00s Sys=0.00s Real=0.00s
[155.929s][info][gc,start       ] GC(250) Pause Young (Allocation Failure)
[155.930s][info][gc,heap        ] GC(250) PSYoungGen: 79424K(79872K)->1024K(79360K) Eden: 78336K(78336K)->0K(78336K) From: 1088K(1536K)->1024K(1024K)
[155.930s][info][gc,heap        ] GC(250) ParOldGen: 8570K(1398272K)->8946K(1398272K)
[155.930s][info][gc,metaspace   ] GC(250) Metaspace: 9935K(10240K)->9935K(10240K) NonClass: 8635K(8832K)->8635K(8832K) Class: 1300K(1408K)->1300K(1408K)
[155.930s][info][gc             ] GC(250) Pause Young (Allocation Failure) 85M->9M(1443M) 1.541ms
[155.930s][info][gc,cpu         ] GC(250) User=0.00s Sys=0.00s Real=0.00s
[156.232s][info][gc,start       ] GC(251) Pause Young (Allocation Failure)
[156.233s][info][gc,heap        ] GC(251) PSYoungGen: 79359K(79360K)->1024K(79360K) Eden: 78335K(78336K)->0K(78336K) From: 1024K(1024K)->1024K(1024K)
[156.233s][info][gc,heap        ] GC(251) ParOldGen: 8946K(1398272K)->9066K(1398272K)
[156.233s][info][gc,metaspace   ] GC(251) Metaspace: 9935K(10240K)->9935K(10240K) NonClass: 8635K(8832K)->8635K(8832K) Class: 1300K(1408K)->1300K(1408K)
[156.233s][info][gc             ] GC(251) Pause Young (Allocation Failure) 86M->9M(1443M) 1.086ms
[156.233s][info][gc,cpu         ] GC(251) User=0.00s Sys=0.00s Real=0.00s
[156.535s][info][gc,start       ] GC(252) Pause Young (Allocation Failure)
[156.537s][info][gc,heap        ] GC(252) PSYoungGen: 79360K(79360K)->1056K(79872K) Eden: 78336K(78336K)->0K(78336K) From: 1024K(1024K)->1056K(1536K)
[156.537s][info][gc,heap        ] GC(252) ParOldGen: 9066K(1398272K)->9466K(1398272K)
[156.537s][info][gc,metaspace   ] GC(252) Metaspace: 9935K(10240K)->9935K(10240K) NonClass: 8635K(8832K)->8635K(8832K) Class: 1300K(1408K)->1300K(1408K)
[156.537s][info][gc             ] GC(252) Pause Young (Allocation Failure) 86M->10M(1443M) 1.395ms
[156.537s][info][gc,cpu         ] GC(252) User=0.00s Sys=0.00s Real=0.00s
[156.842s][info][gc,start       ] GC(253) Pause Young (Allocation Failure)
[156.843s][info][gc,heap        ] GC(253) PSYoungGen: 79392K(79872K)->1024K(79360K) Eden: 78336K(78336K)->0K(78336K) From: 1056K(1536K)->1024K(1024K)
[156.843s][info][gc,heap        ] GC(253) ParOldGen: 9466K(1398272K)->9474K(1398272K)
[156.843s][info][gc,metaspace   ] GC(253) Metaspace: 9935K(10240K)->9935K(10240K) NonClass: 8635K(8832K)->8635K(8832K) Class: 1300K(1408K)->1300K(1408K)
[156.843s][info][gc             ] GC(253) Pause Young (Allocation Failure) 86M->10M(1443M) 1.036ms
[156.843s][info][gc,cpu         ] GC(253) User=0.00s Sys=0.00s Real=0.00s
[157.117s][info][gc,start       ] GC(254) Pause Young (System.gc())
[157.119s][info][gc,heap        ] GC(254) PSYoungGen: 68361K(79360K)->1024K(79360K) Eden: 67337K(78336K)->0K(78336K) From: 1024K(1024K)->1024K(1024K)
[157.119s][info][gc,heap        ] GC(254) ParOldGen: 9474K(1398272K)->9722K(1398272K)
[157.119s][info][gc,metaspace   ] GC(254) Metaspace: 9938K(10240K)->9938K(10240K) NonClass: 8637K(8832K)->8637K(8832K) Class: 1300K(1408K)->1300K(1408K)
[157.119s][info][gc             ] GC(254) Pause Young (System.gc()) 76M->10M(1443M) 1.323ms
[157.119s][info][gc,cpu         ] GC(254) User=0.00s Sys=0.00s Real=0.00s
[157.119s][info][gc,start       ] GC(255) Pause Full (System.gc())
[157.119s][info][gc,phases,start] GC(255) Marking Phase
[157.135s][info][gc,phases      ] GC(255) Marking Phase 16.062ms
[157.135s][info][gc,phases,start] GC(255) Summary Phase
[157.135s][info][gc,phases      ] GC(255) Summary Phase 0.022ms
[157.135s][info][gc,phases,start] GC(255) Adjust Roots
[157.138s][info][gc,phases      ] GC(255) Adjust Roots 2.961ms
[157.138s][info][gc,phases,start] GC(255) Compaction Phase
[157.142s][info][gc,phases      ] GC(255) Compaction Phase 3.914ms
[157.142s][info][gc,phases,start] GC(255) Post Compact
[157.143s][info][gc,phases      ] GC(255) Post Compact 0.719ms
[157.143s][info][gc,heap        ] GC(255) PSYoungGen: 1024K(79360K)->0K(79360K) Eden: 0K(78336K)->0K(78336K) From: 1024K(1024K)->0K(1024K)
[157.143s][info][gc,heap        ] GC(255) ParOldGen: 9722K(1398272K)->4074K(1398272K)
[157.143s][info][gc,metaspace   ] GC(255) Metaspace: 9938K(10240K)->9938K(10240K) NonClass: 8637K(8832K)->8637K(8832K) Class: 1300K(1408K)->1300K(1408K)
[157.143s][info][gc             ] GC(255) Pause Full (System.gc()) 10M->3M(1443M) 23.959ms
[157.143s][info][gc,cpu         ] GC(255) User=0.53s Sys=0.00s Real=0.03s
[157.457s][info][gc,start       ] GC(256) Pause Young (Allocation Failure)
[157.458s][info][gc,heap        ] GC(256) PSYoungGen: 78336K(79360K)->1536K(79872K) Eden: 78336K(78336K)->0K(78336K) From: 0K(1024K)->1536K(1536K)
[157.458s][info][gc,heap        ] GC(256) ParOldGen: 4074K(1398272K)->4130K(1398272K)
[157.458s][info][gc,metaspace   ] GC(256) Metaspace: 9938K(10240K)->9938K(10240K) NonClass: 8637K(8832K)->8637K(8832K) Class: 1300K(1408K)->1300K(1408K)
[157.458s][info][gc             ] GC(256) Pause Young (Allocation Failure) 80M->5M(1443M) 1.242ms
[157.458s][info][gc,cpu         ] GC(256) User=0.00s Sys=0.00s Real=0.00s
[157.767s][info][gc,start       ] GC(257) Pause Young (Allocation Failure)
[157.768s][info][gc,heap        ] GC(257) PSYoungGen: 79872K(79872K)->1312K(79872K) Eden: 78336K(78336K)->0K(78336K) From: 1536K(1536K)->1312K(1536K)
[157.769s][info][gc,heap        ] GC(257) ParOldGen: 4130K(1398272K)->4866K(1398272K)
[157.769s][info][gc,metaspace   ] GC(257) Metaspace: 9938K(10240K)->9938K(10240K) NonClass: 8637K(8832K)->8637K(8832K) Class: 1300K(1408K)->1300K(1408K)
[157.769s][info][gc             ] GC(257) Pause Young (Allocation Failure) 82M->6M(1443M) 1.691ms
[157.769s][info][gc,cpu         ] GC(257) User=0.00s Sys=0.00s Real=0.00s
[158.078s][info][gc,start       ] GC(258) Pause Young (Allocation Failure)
[158.079s][info][gc,heap        ] GC(258) PSYoungGen: 79648K(79872K)->512K(78848K) Eden: 78336K(78336K)->0K(78336K) From: 1312K(1536K)->512K(512K)
[158.079s][info][gc,heap        ] GC(258) ParOldGen: 4866K(1398272K)->5378K(1398272K)
[158.079s][info][gc,metaspace   ] GC(258) Metaspace: 9938K(10240K)->9938K(10240K) NonClass: 8637K(8832K)->8637K(8832K) Class: 1300K(1408K)->1300K(1408K)
[158.079s][info][gc             ] GC(258) Pause Young (Allocation Failure) 82M->5M(1442M) 1.195ms
[158.079s][info][gc,cpu         ] GC(258) User=0.00s Sys=0.00s Real=0.00s
[158.391s][info][gc,start       ] GC(259) Pause Young (Allocation Failure)
[158.392s][info][gc,heap        ] GC(259) PSYoungGen: 78848K(78848K)->1472K(79872K) Eden: 78336K(78336K)->0K(78336K) From: 512K(512K)->1472K(1536K)
[158.392s][info][gc,heap        ] GC(259) ParOldGen: 5378K(1398272K)->5658K(1398272K)
[158.392s][info][gc,metaspace   ] GC(259) Metaspace: 9938K(10240K)->9938K(10240K) NonClass: 8637K(8832K)->8637K(8832K) Class: 1300K(1408K)->1300K(1408K)
[158.392s][info][gc             ] GC(259) Pause Young (Allocation Failure) 82M->6M(1443M) 1.303ms
[158.392s][info][gc,cpu         ] GC(259) User=0.52s Sys=0.00s Real=0.02s
[158.698s][info][gc,start       ] GC(260) Pause Young (Allocation Failure)
[158.699s][info][gc,heap        ] GC(260) PSYoungGen: 79808K(79872K)->1184K(79872K) Eden: 78336K(78336K)->0K(78336K) From: 1472K(1536K)->1184K(1536K)
[158.699s][info][gc,heap        ] GC(260) ParOldGen: 5658K(1398272K)->6018K(1398272K)
[158.699s][info][gc,metaspace   ] GC(260) Metaspace: 9938K(10240K)->9938K(10240K) NonClass: 8637K(8832K)->8637K(8832K) Class: 1300K(1408K)->1300K(1408K)
[158.699s][info][gc             ] GC(260) Pause Young (Allocation Failure) 83M->7M(1443M) 1.133ms
[158.699s][info][gc,cpu         ] GC(260) User=0.00s Sys=0.00s Real=0.00s
[159.012s][info][gc,start       ] GC(261) Pause Young (Allocation Failure)
[159.014s][info][gc,heap        ] GC(261) PSYoungGen: 79520K(79872K)->1472K(79872K) Eden: 78336K(78336K)->0K(78336K) From: 1184K(1536K)->1472K(1536K)
[159.014s][info][gc,heap        ] GC(261) ParOldGen: 6018K(1398272K)->6354K(1398272K)
[159.014s][info][gc,metaspace   ] GC(261) Metaspace: 9938K(10240K)->9938K(10240K) NonClass: 8637K(8832K)->8637K(8832K) Class: 1300K(1408K)->1300K(1408K)
[159.014s][info][gc             ] GC(261) Pause Young (Allocation Failure) 83M->7M(1443M) 1.674ms
[159.014s][info][gc,cpu         ] GC(261) User=0.52s Sys=0.00s Real=0.00s
[159.328s][info][gc,start       ] GC(262) Pause Young (Allocation Failure)
[159.330s][info][gc,heap        ] GC(262) PSYoungGen: 79808K(79872K)->1024K(79360K) Eden: 78336K(78336K)->0K(78336K) From: 1472K(1536K)->1024K(1024K)
[159.330s][info][gc,heap        ] GC(262) ParOldGen: 6354K(1398272K)->6850K(1398272K)
[159.330s][info][gc,metaspace   ] GC(262) Metaspace: 9938K(10240K)->9938K(10240K) NonClass: 8637K(8832K)->8637K(8832K) Class: 1300K(1408K)->1300K(1408K)
[159.330s][info][gc             ] GC(262) Pause Young (Allocation Failure) 84M->7M(1443M) 1.351ms
[159.330s][info][gc,cpu         ] GC(262) User=0.00s Sys=0.00s Real=0.00s
[159.636s][info][gc,start       ] GC(263) Pause Young (Allocation Failure)
[159.637s][info][gc,heap        ] GC(263) PSYoungGen: 79360K(79360K)->1056K(79872K) Eden: 78336K(78336K)->0K(78336K) From: 1024K(1024K)->1056K(1536K)
[159.637s][info][gc,heap        ] GC(263) ParOldGen: 6850K(1398272K)->6850K(1398272K)
[159.637s][info][gc,metaspace   ] GC(263) Metaspace: 9938K(10240K)->9938K(10240K) NonClass: 8637K(8832K)->8637K(8832K) Class: 1300K(1408K)->1300K(1408K)
[159.637s][info][gc             ] GC(263) Pause Young (Allocation Failure) 84M->7M(1443M) 1.111ms
[159.637s][info][gc,cpu         ] GC(263) User=0.00s Sys=0.00s Real=0.00s
[159.945s][info][gc,start       ] GC(264) Pause Young (Allocation Failure)
[159.946s][info][gc,heap        ] GC(264) PSYoungGen: 79392K(79872K)->1056K(79872K) Eden: 78336K(78336K)->0K(78336K) From: 1056K(1536K)->1056K(1536K)
[159.946s][info][gc,heap        ] GC(264) ParOldGen: 6850K(1398272K)->6850K(1398272K)
[159.946s][info][gc,metaspace   ] GC(264) Metaspace: 9938K(10240K)->9938K(10240K) NonClass: 8637K(8832K)->8637K(8832K) Class: 1300K(1408K)->1300K(1408K)
[159.946s][info][gc             ] GC(264) Pause Young (Allocation Failure) 84M->7M(1443M) 1.274ms
[159.946s][info][gc,cpu         ] GC(264) User=0.00s Sys=0.00s Real=0.00s
[160.246s][info][gc,start       ] GC(265) Pause Young (Allocation Failure)
[160.248s][info][gc,heap        ] GC(265) PSYoungGen: 79392K(79872K)->992K(79360K) Eden: 78336K(78336K)->0K(78336K) From: 1056K(1536K)->992K(1024K)
[160.248s][info][gc,heap        ] GC(265) ParOldGen: 6850K(1398272K)->7210K(1398272K)
[160.248s][info][gc,metaspace   ] GC(265) Metaspace: 9938K(10240K)->9938K(10240K) NonClass: 8637K(8832K)->8637K(8832K) Class: 1300K(1408K)->1300K(1408K)
[160.248s][info][gc             ] GC(265) Pause Young (Allocation Failure) 84M->8M(1443M) 1.484ms
[160.248s][info][gc,cpu         ] GC(265) User=0.02s Sys=0.00s Real=0.01s
[160.570s][info][gc,start       ] GC(266) Pause Young (Allocation Failure)
[160.571s][info][gc,heap        ] GC(266) PSYoungGen: 79328K(79360K)->1056K(79872K) Eden: 78336K(78336K)->0K(78336K) From: 992K(1024K)->1056K(1536K)
[160.571s][info][gc,heap        ] GC(266) ParOldGen: 7210K(1398272K)->7210K(1398272K)
[160.571s][info][gc,metaspace   ] GC(266) Metaspace: 9938K(10240K)->9938K(10240K) NonClass: 8637K(8832K)->8637K(8832K) Class: 1300K(1408K)->1300K(1408K)
[160.571s][info][gc             ] GC(266) Pause Young (Allocation Failure) 84M->8M(1443M) 1.167ms
[160.571s][info][gc,cpu         ] GC(266) User=0.00s Sys=0.00s Real=0.00s
[160.880s][info][gc,start       ] GC(267) Pause Young (Allocation Failure)
[160.882s][info][gc,heap        ] GC(267) PSYoungGen: 79392K(79872K)->1056K(79872K) Eden: 78336K(78336K)->0K(78336K) From: 1056K(1536K)->1056K(1536K)
[160.882s][info][gc,heap        ] GC(267) ParOldGen: 7210K(1398272K)->7210K(1398272K)
[160.882s][info][gc,metaspace   ] GC(267) Metaspace: 9938K(10240K)->9938K(10240K) NonClass: 8637K(8832K)->8637K(8832K) Class: 1300K(1408K)->1300K(1408K)
[160.882s][info][gc             ] GC(267) Pause Young (Allocation Failure) 84M->8M(1443M) 1.423ms
[160.882s][info][gc,cpu         ] GC(267) User=0.00s Sys=0.00s Real=0.00s
[161.185s][info][gc,start       ] GC(268) Pause Young (Allocation Failure)
[161.186s][info][gc,heap        ] GC(268) PSYoungGen: 79392K(79872K)->512K(78848K) Eden: 78336K(78336K)->0K(78336K) From: 1056K(1536K)->512K(512K)
[161.186s][info][gc,heap        ] GC(268) ParOldGen: 7210K(1398272K)->7698K(1398272K)
[161.186s][info][gc,metaspace   ] GC(268) Metaspace: 9938K(10240K)->9938K(10240K) NonClass: 8637K(8832K)->8637K(8832K) Class: 1300K(1408K)->1300K(1408K)
[161.186s][info][gc             ] GC(268) Pause Young (Allocation Failure) 84M->8M(1442M) 1.167ms
[161.187s][info][gc,cpu         ] GC(268) User=0.00s Sys=0.00s Real=0.00s
[161.500s][info][gc,start       ] GC(269) Pause Young (Allocation Failure)
[161.502s][info][gc,heap        ] GC(269) PSYoungGen: 78848K(78848K)->1216K(79872K) Eden: 78336K(78336K)->0K(78336K) From: 512K(512K)->1216K(1536K)
[161.502s][info][gc,heap        ] GC(269) ParOldGen: 7698K(1398272K)->8186K(1398272K)
[161.502s][info][gc,metaspace   ] GC(269) Metaspace: 9938K(10240K)->9938K(10240K) NonClass: 8637K(8832K)->8637K(8832K) Class: 1300K(1408K)->1300K(1408K)
[161.502s][info][gc             ] GC(269) Pause Young (Allocation Failure) 84M->9M(1443M) 1.366ms
[161.502s][info][gc,cpu         ] GC(269) User=0.00s Sys=0.00s Real=0.00s
[161.810s][info][gc,start       ] GC(270) Pause Young (Allocation Failure)
[161.811s][info][gc,heap        ] GC(270) PSYoungGen: 79552K(79872K)->1024K(79360K) Eden: 78336K(78336K)->0K(78336K) From: 1216K(1536K)->1024K(1024K)
[161.811s][info][gc,heap        ] GC(270) ParOldGen: 8186K(1398272K)->8562K(1398272K)
[161.811s][info][gc,metaspace   ] GC(270) Metaspace: 9938K(10240K)->9938K(10240K) NonClass: 8637K(8832K)->8637K(8832K) Class: 1300K(1408K)->1300K(1408K)
[161.811s][info][gc             ] GC(270) Pause Young (Allocation Failure) 85M->9M(1443M) 1.294ms
[161.811s][info][gc,cpu         ] GC(270) User=0.00s Sys=0.00s Real=0.00s
[162.125s][info][gc,start       ] GC(271) Pause Young (Allocation Failure)
[162.126s][info][gc,heap        ] GC(271) PSYoungGen: 79360K(79360K)->1056K(79872K) Eden: 78336K(78336K)->0K(78336K) From: 1024K(1024K)->1056K(1536K)
[162.126s][info][gc,heap        ] GC(271) ParOldGen: 8562K(1398272K)->8562K(1398272K)
[162.127s][info][gc,metaspace   ] GC(271) Metaspace: 9938K(10240K)->9938K(10240K) NonClass: 8637K(8832K)->8637K(8832K) Class: 1300K(1408K)->1300K(1408K)
[162.127s][info][gc             ] GC(271) Pause Young (Allocation Failure) 85M->9M(1443M) 1.141ms
[162.127s][info][gc,cpu         ] GC(271) User=0.00s Sys=0.00s Real=0.00s
[162.436s][info][gc,start       ] GC(272) Pause Young (Allocation Failure)
[162.436s][info][gc,heap        ] GC(272) PSYoungGen: 79392K(79872K)->1024K(79360K) Eden: 78336K(78336K)->0K(78336K) From: 1056K(1536K)->1024K(1024K)
[162.436s][info][gc,heap        ] GC(272) ParOldGen: 8562K(1398272K)->8570K(1398272K)
[162.437s][info][gc,metaspace   ] GC(272) Metaspace: 9938K(10240K)->9938K(10240K) NonClass: 8637K(8832K)->8637K(8832K) Class: 1300K(1408K)->1300K(1408K)
[162.437s][info][gc             ] GC(272) Pause Young (Allocation Failure) 85M->9M(1443M) 1.031ms
[162.437s][info][gc,cpu         ] GC(272) User=0.00s Sys=0.00s Real=0.00s
[162.753s][info][gc,start       ] GC(273) Pause Young (Allocation Failure)
[162.754s][info][gc,heap        ] GC(273) PSYoungGen: 79360K(79360K)->1056K(79872K) Eden: 78336K(78336K)->0K(78336K) From: 1024K(1024K)->1056K(1536K)
[162.754s][info][gc,heap        ] GC(273) ParOldGen: 8570K(1398272K)->8642K(1398272K)
[162.754s][info][gc,metaspace   ] GC(273) Metaspace: 9938K(10240K)->9938K(10240K) NonClass: 8637K(8832K)->8637K(8832K) Class: 1300K(1408K)->1300K(1408K)
[162.754s][info][gc             ] GC(273) Pause Young (Allocation Failure) 85M->9M(1443M) 1.198ms
[162.754s][info][gc,cpu         ] GC(273) User=0.00s Sys=0.00s Real=0.00s
[163.055s][info][gc,start       ] GC(274) Pause Young (Allocation Failure)
[163.056s][info][gc,heap        ] GC(274) PSYoungGen: 79392K(79872K)->1024K(79360K) Eden: 78336K(78336K)->0K(78336K) From: 1056K(1536K)->1024K(1024K)
[163.056s][info][gc,heap        ] GC(274) ParOldGen: 8642K(1398272K)->8658K(1398272K)
[163.056s][info][gc,metaspace   ] GC(274) Metaspace: 9938K(10240K)->9938K(10240K) NonClass: 8637K(8832K)->8637K(8832K) Class: 1300K(1408K)->1300K(1408K)
[163.056s][info][gc             ] GC(274) Pause Young (Allocation Failure) 85M->9M(1443M) 1.078ms
[163.056s][info][gc,cpu         ] GC(274) User=0.38s Sys=0.02s Real=0.02s
[163.362s][info][gc,start       ] GC(275) Pause Young (Allocation Failure)
[163.363s][info][gc,heap        ] GC(275) PSYoungGen: 79360K(79360K)->1056K(79872K) Eden: 78336K(78336K)->0K(78336K) From: 1024K(1024K)->1056K(1536K)
[163.363s][info][gc,heap        ] GC(275) ParOldGen: 8658K(1398272K)->8890K(1398272K)
[163.363s][info][gc,metaspace   ] GC(275) Metaspace: 9938K(10240K)->9938K(10240K) NonClass: 8637K(8832K)->8637K(8832K) Class: 1300K(1408K)->1300K(1408K)
[163.363s][info][gc             ] GC(275) Pause Young (Allocation Failure) 85M->9M(1443M) 1.184ms
[163.363s][info][gc,cpu         ] GC(275) User=0.00s Sys=0.00s Real=0.00s
[163.676s][info][gc,start       ] GC(276) Pause Young (Allocation Failure)
[163.677s][info][gc,heap        ] GC(276) PSYoungGen: 79392K(79872K)->1024K(79360K) Eden: 78336K(78336K)->0K(78336K) From: 1056K(1536K)->1024K(1024K)
[163.677s][info][gc,heap        ] GC(276) ParOldGen: 8890K(1398272K)->8906K(1398272K)
[163.677s][info][gc,metaspace   ] GC(276) Metaspace: 9938K(10240K)->9938K(10240K) NonClass: 8637K(8832K)->8637K(8832K) Class: 1300K(1408K)->1300K(1408K)
[163.677s][info][gc             ] GC(276) Pause Young (Allocation Failure) 86M->9M(1443M) 1.037ms
[163.677s][info][gc,cpu         ] GC(276) User=0.00s Sys=0.00s Real=0.00s
[163.721s][info][gc,start       ] GC(277) Pause Young (System.gc())
[163.722s][info][gc,heap        ] GC(277) PSYoungGen: 10210K(79360K)->1056K(79872K) Eden: 9186K(78336K)->0K(78336K) From: 1024K(1024K)->1056K(1536K)
[163.722s][info][gc,heap        ] GC(277) ParOldGen: 8906K(1398272K)->9170K(1398272K)
[163.722s][info][gc,metaspace   ] GC(277) Metaspace: 9938K(10240K)->9938K(10240K) NonClass: 8637K(8832K)->8637K(8832K) Class: 1300K(1408K)->1300K(1408K)
[163.722s][info][gc             ] GC(277) Pause Young (System.gc()) 18M->9M(1443M) 1.072ms
[163.722s][info][gc,cpu         ] GC(277) User=0.00s Sys=0.00s Real=0.00s
[163.722s][info][gc,start       ] GC(278) Pause Full (System.gc())
[163.722s][info][gc,phases,start] GC(278) Marking Phase
[163.738s][info][gc,phases      ] GC(278) Marking Phase 16.419ms
[163.739s][info][gc,phases,start] GC(278) Summary Phase
[163.739s][info][gc,phases      ] GC(278) Summary Phase 0.021ms
[163.739s][info][gc,phases,start] GC(278) Adjust Roots
[163.743s][info][gc,phases      ] GC(278) Adjust Roots 4.478ms
[163.743s][info][gc,phases,start] GC(278) Compaction Phase
[163.747s][info][gc,phases      ] GC(278) Compaction Phase 3.834ms
[163.747s][info][gc,phases,start] GC(278) Post Compact
[163.748s][info][gc,phases      ] GC(278) Post Compact 0.780ms
[163.748s][info][gc,heap        ] GC(278) PSYoungGen: 1056K(79872K)->0K(79872K) Eden: 0K(78336K)->0K(78336K) From: 1056K(1536K)->0K(1536K)
[163.748s][info][gc,heap        ] GC(278) ParOldGen: 9170K(1398272K)->4074K(1398272K)
[163.748s][info][gc,metaspace   ] GC(278) Metaspace: 9938K(10240K)->9938K(10240K) NonClass: 8637K(8832K)->8637K(8832K) Class: 1300K(1408K)->1300K(1408K)
[163.748s][info][gc             ] GC(278) Pause Full (System.gc()) 9M->3M(1443M) 25.803ms
[163.748s][info][gc,cpu         ] GC(278) User=0.02s Sys=0.00s Real=0.02s
[164.059s][info][gc,start       ] GC(279) Pause Young (Allocation Failure)
[164.060s][info][gc,heap        ] GC(279) PSYoungGen: 78336K(79872K)->1024K(79360K) Eden: 78336K(78336K)->0K(78336K) From: 0K(1536K)->1024K(1024K)
[164.060s][info][gc,heap        ] GC(279) ParOldGen: 4074K(1398272K)->4322K(1398272K)
[164.060s][info][gc,metaspace   ] GC(279) Metaspace: 9939K(10240K)->9939K(10240K) NonClass: 8639K(8832K)->8639K(8832K) Class: 1300K(1408K)->1300K(1408K)
[164.060s][info][gc             ] GC(279) Pause Young (Allocation Failure) 80M->5M(1443M) 1.283ms
[164.060s][info][gc,cpu         ] GC(279) User=0.00s Sys=0.00s Real=0.00s
[164.380s][info][gc,start       ] GC(280) Pause Young (Allocation Failure)
[164.382s][info][gc,heap        ] GC(280) PSYoungGen: 79360K(79360K)->1440K(79872K) Eden: 78336K(78336K)->0K(78336K) From: 1024K(1024K)->1440K(1536K)
[164.382s][info][gc,heap        ] GC(280) ParOldGen: 4322K(1398272K)->4858K(1398272K)
[164.382s][info][gc,metaspace   ] GC(280) Metaspace: 9939K(10240K)->9939K(10240K) NonClass: 8639K(8832K)->8639K(8832K) Class: 1300K(1408K)->1300K(1408K)
[164.383s][info][gc             ] GC(280) Pause Young (Allocation Failure) 81M->6M(1443M) 2.181ms
[164.383s][info][gc,cpu         ] GC(280) User=0.41s Sys=0.03s Real=0.02s
[164.696s][info][gc,start       ] GC(281) Pause Young (Allocation Failure)
[164.697s][info][gc,heap        ] GC(281) PSYoungGen: 79776K(79872K)->1024K(79360K) Eden: 78336K(78336K)->0K(78336K) From: 1440K(1536K)->1024K(1024K)
[164.697s][info][gc,heap        ] GC(281) ParOldGen: 4858K(1398272K)->5234K(1398272K)
[164.697s][info][gc,metaspace   ] GC(281) Metaspace: 9939K(10240K)->9939K(10240K) NonClass: 8639K(8832K)->8639K(8832K) Class: 1300K(1408K)->1300K(1408K)
[164.697s][info][gc             ] GC(281) Pause Young (Allocation Failure) 82M->6M(1443M) 1.226ms
[164.697s][info][gc,cpu         ] GC(281) User=0.00s Sys=0.00s Real=0.00s
[165.012s][info][gc,start       ] GC(282) Pause Young (Allocation Failure)
[165.013s][info][gc,heap        ] GC(282) PSYoungGen: 79360K(79360K)->1056K(79872K) Eden: 78336K(78336K)->0K(78336K) From: 1024K(1024K)->1056K(1536K)
[165.013s][info][gc,heap        ] GC(282) ParOldGen: 5234K(1398272K)->5778K(1398272K)
[165.013s][info][gc,metaspace   ] GC(282) Metaspace: 9939K(10240K)->9939K(10240K) NonClass: 8639K(8832K)->8639K(8832K) Class: 1300K(1408K)->1300K(1408K)
[165.013s][info][gc             ] GC(282) Pause Young (Allocation Failure) 82M->6M(1443M) 1.344ms
[165.013s][info][gc,cpu         ] GC(282) User=0.00s Sys=0.00s Real=0.00s
[165.322s][info][gc,start       ] GC(283) Pause Young (Allocation Failure)
[165.323s][info][gc,heap        ] GC(283) PSYoungGen: 79392K(79872K)->1024K(79360K) Eden: 78336K(78336K)->0K(78336K) From: 1056K(1536K)->1024K(1024K)
[165.323s][info][gc,heap        ] GC(283) ParOldGen: 5778K(1398272K)->5794K(1398272K)
[165.323s][info][gc,metaspace   ] GC(283) Metaspace: 9939K(10240K)->9939K(10240K) NonClass: 8639K(8832K)->8639K(8832K) Class: 1300K(1408K)->1300K(1408K)
[165.323s][info][gc             ] GC(283) Pause Young (Allocation Failure) 83M->6M(1443M) 1.065ms
[165.323s][info][gc,cpu         ] GC(283) User=0.00s Sys=0.00s Real=0.00s
[165.634s][info][gc,start       ] GC(284) Pause Young (Allocation Failure)
[165.635s][info][gc,heap        ] GC(284) PSYoungGen: 79360K(79360K)->1056K(79872K) Eden: 78336K(78336K)->0K(78336K) From: 1024K(1024K)->1056K(1536K)
[165.635s][info][gc,heap        ] GC(284) ParOldGen: 5794K(1398272K)->5874K(1398272K)
[165.635s][info][gc,metaspace   ] GC(284) Metaspace: 9939K(10240K)->9939K(10240K) NonClass: 8639K(8832K)->8639K(8832K) Class: 1300K(1408K)->1300K(1408K)
[165.635s][info][gc             ] GC(284) Pause Young (Allocation Failure) 83M->6M(1443M) 1.328ms
[165.635s][info][gc,cpu         ] GC(284) User=0.00s Sys=0.00s Real=0.00s
[165.940s][info][gc,start       ] GC(285) Pause Young (Allocation Failure)
[165.941s][info][gc,heap        ] GC(285) PSYoungGen: 79392K(79872K)->1024K(79360K) Eden: 78336K(78336K)->0K(78336K) From: 1056K(1536K)->1024K(1024K)
[165.941s][info][gc,heap        ] GC(285) ParOldGen: 5874K(1398272K)->5882K(1398272K)
[165.941s][info][gc,metaspace   ] GC(285) Metaspace: 9939K(10240K)->9939K(10240K) NonClass: 8639K(8832K)->8639K(8832K) Class: 1300K(1408K)->1300K(1408K)
[165.941s][info][gc             ] GC(285) Pause Young (Allocation Failure) 83M->6M(1443M) 1.044ms
[165.941s][info][gc,cpu         ] GC(285) User=0.00s Sys=0.00s Real=0.00s
[166.252s][info][gc,start       ] GC(286) Pause Young (Allocation Failure)
[166.253s][info][gc,heap        ] GC(286) PSYoungGen: 79360K(79360K)->1024K(79360K) Eden: 78336K(78336K)->0K(78336K) From: 1024K(1024K)->1024K(1024K)
[166.253s][info][gc,heap        ] GC(286) ParOldGen: 5882K(1398272K)->6162K(1398272K)
[166.253s][info][gc,metaspace   ] GC(286) Metaspace: 9939K(10240K)->9939K(10240K) NonClass: 8639K(8832K)->8639K(8832K) Class: 1300K(1408K)->1300K(1408K)
[166.253s][info][gc             ] GC(286) Pause Young (Allocation Failure) 83M->7M(1443M) 1.365ms
[166.253s][info][gc,cpu         ] GC(286) User=0.38s Sys=0.00s Real=0.02s
[166.567s][info][gc,start       ] GC(287) Pause Young (Allocation Failure)
[166.568s][info][gc,heap        ] GC(287) PSYoungGen: 79360K(79360K)->1056K(79872K) Eden: 78336K(78336K)->0K(78336K) From: 1024K(1024K)->1056K(1536K)
[166.568s][info][gc,heap        ] GC(287) ParOldGen: 6162K(1398272K)->6162K(1398272K)
[166.568s][info][gc,metaspace   ] GC(287) Metaspace: 9939K(10240K)->9939K(10240K) NonClass: 8639K(8832K)->8639K(8832K) Class: 1300K(1408K)->1300K(1408K)
[166.568s][info][gc             ] GC(287) Pause Young (Allocation Failure) 83M->7M(1443M) 1.049ms
[166.568s][info][gc,cpu         ] GC(287) User=0.00s Sys=0.00s Real=0.00s
[166.875s][info][gc,start       ] GC(288) Pause Young (Allocation Failure)
[166.876s][info][gc,heap        ] GC(288) PSYoungGen: 79392K(79872K)->1056K(79872K) Eden: 78336K(78336K)->0K(78336K) From: 1056K(1536K)->1056K(1536K)
[166.876s][info][gc,heap        ] GC(288) ParOldGen: 6162K(1398272K)->6458K(1398272K)
[166.876s][info][gc,metaspace   ] GC(288) Metaspace: 9939K(10240K)->9939K(10240K) NonClass: 8639K(8832K)->8639K(8832K) Class: 1300K(1408K)->1300K(1408K)
[166.876s][info][gc             ] GC(288) Pause Young (Allocation Failure) 83M->7M(1443M) 1.441ms
[166.876s][info][gc,cpu         ] GC(288) User=0.00s Sys=0.00s Real=0.00s
[167.175s][info][gc,start       ] GC(289) Pause Young (Allocation Failure)
[167.176s][info][gc,heap        ] GC(289) PSYoungGen: 79392K(79872K)->512K(78848K) Eden: 78336K(78336K)->0K(78336K) From: 1056K(1536K)->512K(512K)
[167.176s][info][gc,heap        ] GC(289) ParOldGen: 6458K(1398272K)->6658K(1398272K)
[167.176s][info][gc,metaspace   ] GC(289) Metaspace: 9939K(10240K)->9939K(10240K) NonClass: 8639K(8832K)->8639K(8832K) Class: 1300K(1408K)->1300K(1408K)
[167.176s][info][gc             ] GC(289) Pause Young (Allocation Failure) 83M->7M(1442M) 1.102ms
[167.176s][info][gc,cpu         ] GC(289) User=0.00s Sys=0.00s Real=0.00s
[167.472s][info][gc,start       ] GC(290) Pause Young (Allocation Failure)
[167.474s][info][gc,heap        ] GC(290) PSYoungGen: 78848K(78848K)->1088K(79872K) Eden: 78336K(78336K)->0K(78336K) From: 512K(512K)->1088K(1536K)
[167.474s][info][gc,heap        ] GC(290) ParOldGen: 6658K(1398272K)->7050K(1398272K)
[167.474s][info][gc,metaspace   ] GC(290) Metaspace: 9939K(10240K)->9939K(10240K) NonClass: 8639K(8832K)->8639K(8832K) Class: 1300K(1408K)->1300K(1408K)
[167.474s][info][gc             ] GC(290) Pause Young (Allocation Failure) 83M->7M(1443M) 2.367ms
[167.474s][info][gc,cpu         ] GC(290) User=0.00s Sys=0.00s Real=0.00s
[167.778s][info][gc,start       ] GC(291) Pause Young (Allocation Failure)
[167.786s][info][gc,heap        ] GC(291) PSYoungGen: 79424K(79872K)->1056K(79872K) Eden: 78336K(78336K)->0K(78336K) From: 1088K(1536K)->1056K(1536K)
[167.786s][info][gc,heap        ] GC(291) ParOldGen: 7050K(1398272K)->7234K(1398272K)
[167.786s][info][gc,metaspace   ] GC(291) Metaspace: 9939K(10240K)->9939K(10240K) NonClass: 8639K(8832K)->8639K(8832K) Class: 1300K(1408K)->1300K(1408K)
[167.786s][info][gc             ] GC(291) Pause Young (Allocation Failure) 84M->8M(1443M) 7.673ms
[167.786s][info][gc,cpu         ] GC(291) User=0.00s Sys=0.00s Real=0.02s
[168.092s][info][gc,start       ] GC(292) Pause Young (Allocation Failure)
[168.093s][info][gc,heap        ] GC(292) PSYoungGen: 79392K(79872K)->1152K(79872K) Eden: 78336K(78336K)->0K(78336K) From: 1056K(1536K)->1152K(1536K)
[168.093s][info][gc,heap        ] GC(292) ParOldGen: 7234K(1398272K)->7370K(1398272K)
[168.093s][info][gc,metaspace   ] GC(292) Metaspace: 9939K(10240K)->9939K(10240K) NonClass: 8639K(8832K)->8639K(8832K) Class: 1300K(1408K)->1300K(1408K)
[168.093s][info][gc             ] GC(292) Pause Young (Allocation Failure) 84M->8M(1443M) 1.622ms
[168.093s][info][gc,cpu         ] GC(292) User=0.00s Sys=0.00s Real=0.00s
[168.402s][info][gc,start       ] GC(293) Pause Young (Allocation Failure)
[168.403s][info][gc,heap        ] GC(293) PSYoungGen: 79488K(79872K)->512K(78848K) Eden: 78336K(78336K)->0K(78336K) From: 1152K(1536K)->512K(512K)
[168.403s][info][gc,heap        ] GC(293) ParOldGen: 7370K(1398272K)->8010K(1398272K)
[168.403s][info][gc,metaspace   ] GC(293) Metaspace: 9939K(10240K)->9939K(10240K) NonClass: 8639K(8832K)->8639K(8832K) Class: 1300K(1408K)->1300K(1408K)
[168.403s][info][gc             ] GC(293) Pause Young (Allocation Failure) 84M->8M(1442M) 1.197ms
[168.403s][info][gc,cpu         ] GC(293) User=0.00s Sys=0.00s Real=0.00s
[168.714s][info][gc,start       ] GC(294) Pause Young (Allocation Failure)
[168.715s][info][gc,heap        ] GC(294) PSYoungGen: 78848K(78848K)->1056K(79872K) Eden: 78336K(78336K)->0K(78336K) From: 512K(512K)->1056K(1536K)
[168.715s][info][gc,heap        ] GC(294) ParOldGen: 8010K(1398272K)->8266K(1398272K)
[168.715s][info][gc,metaspace   ] GC(294) Metaspace: 9939K(10240K)->9939K(10240K) NonClass: 8639K(8832K)->8639K(8832K) Class: 1300K(1408K)->1300K(1408K)
[168.715s][info][gc             ] GC(294) Pause Young (Allocation Failure) 84M->9M(1443M) 1.118ms
[168.716s][info][gc,cpu         ] GC(294) User=0.00s Sys=0.00s Real=0.00s
[169.022s][info][gc,start       ] GC(295) Pause Young (Allocation Failure)
[169.023s][info][gc,heap        ] GC(295) PSYoungGen: 79392K(79872K)->1056K(79872K) Eden: 78336K(78336K)->0K(78336K) From: 1056K(1536K)->1056K(1536K)
[169.023s][info][gc,heap        ] GC(295) ParOldGen: 8266K(1398272K)->8266K(1398272K)
[169.023s][info][gc,metaspace   ] GC(295) Metaspace: 9939K(10240K)->9939K(10240K) NonClass: 8639K(8832K)->8639K(8832K) Class: 1300K(1408K)->1300K(1408K)
[169.023s][info][gc             ] GC(295) Pause Young (Allocation Failure) 85M->9M(1443M) 1.082ms
[169.023s][info][gc,cpu         ] GC(295) User=0.00s Sys=0.00s Real=0.00s
[169.339s][info][gc,start       ] GC(296) Pause Young (Allocation Failure)
[169.340s][info][gc,heap        ] GC(296) PSYoungGen: 79392K(79872K)->1056K(79872K) Eden: 78336K(78336K)->0K(78336K) From: 1056K(1536K)->1056K(1536K)
[169.340s][info][gc,heap        ] GC(296) ParOldGen: 8266K(1398272K)->8266K(1398272K)
[169.340s][info][gc,metaspace   ] GC(296) Metaspace: 9939K(10240K)->9939K(10240K) NonClass: 8639K(8832K)->8639K(8832K) Class: 1300K(1408K)->1300K(1408K)
[169.340s][info][gc             ] GC(296) Pause Young (Allocation Failure) 85M->9M(1443M) 1.529ms
[169.340s][info][gc,cpu         ] GC(296) User=0.00s Sys=0.00s Real=0.00s
[169.646s][info][gc,start       ] GC(297) Pause Young (Allocation Failure)
[169.647s][info][gc,heap        ] GC(297) PSYoungGen: 79392K(79872K)->512K(78848K) Eden: 78336K(78336K)->0K(78336K) From: 1056K(1536K)->512K(512K)
[169.647s][info][gc,heap        ] GC(297) ParOldGen: 8266K(1398272K)->8506K(1398272K)
[169.647s][info][gc,metaspace   ] GC(297) Metaspace: 9939K(10240K)->9939K(10240K) NonClass: 8639K(8832K)->8639K(8832K) Class: 1300K(1408K)->1300K(1408K)
[169.647s][info][gc             ] GC(297) Pause Young (Allocation Failure) 85M->8M(1442M) 1.115ms
[169.647s][info][gc,cpu         ] GC(297) User=0.02s Sys=0.00s Real=0.02s
[169.958s][info][gc,start       ] GC(298) Pause Young (Allocation Failure)
[169.960s][info][gc,heap        ] GC(298) PSYoungGen: 78848K(78848K)->960K(79872K) Eden: 78336K(78336K)->0K(78336K) From: 512K(512K)->960K(1536K)
[169.960s][info][gc,heap        ] GC(298) ParOldGen: 8506K(1398272K)->8818K(1398272K)
[169.960s][info][gc,metaspace   ] GC(298) Metaspace: 9939K(10240K)->9939K(10240K) NonClass: 8639K(8832K)->8639K(8832K) Class: 1300K(1408K)->1300K(1408K)
[169.960s][info][gc             ] GC(298) Pause Young (Allocation Failure) 85M->9M(1443M) 2.079ms
[169.960s][info][gc,cpu         ] GC(298) User=0.00s Sys=0.00s Real=0.00s
[170.264s][info][gc,start       ] GC(299) Pause Young (System.gc())
[170.265s][info][gc,heap        ] GC(299) PSYoungGen: 78030K(79872K)->1056K(79872K) Eden: 77070K(78336K)->0K(78336K) From: 960K(1536K)->1056K(1536K)
[170.265s][info][gc,heap        ] GC(299) ParOldGen: 8818K(1398272K)->8818K(1398272K)
[170.265s][info][gc,metaspace   ] GC(299) Metaspace: 9939K(10240K)->9939K(10240K) NonClass: 8639K(8832K)->8639K(8832K) Class: 1300K(1408K)->1300K(1408K)
[170.265s][info][gc             ] GC(299) Pause Young (System.gc()) 84M->9M(1443M) 1.007ms
[170.265s][info][gc,cpu         ] GC(299) User=0.00s Sys=0.00s Real=0.00s
[170.265s][info][gc,start       ] GC(300) Pause Full (System.gc())
[170.265s][info][gc,phases,start] GC(300) Marking Phase
[170.279s][info][gc,phases      ] GC(300) Marking Phase 13.378ms
[170.279s][info][gc,phases,start] GC(300) Summary Phase
[170.279s][info][gc,phases      ] GC(300) Summary Phase 0.022ms
[170.279s][info][gc,phases,start] GC(300) Adjust Roots
[170.283s][info][gc,phases      ] GC(300) Adjust Roots 4.499ms
[170.283s][info][gc,phases,start] GC(300) Compaction Phase
[170.287s][info][gc,phases      ] GC(300) Compaction Phase 3.632ms
[170.287s][info][gc,phases,start] GC(300) Post Compact
[170.288s][info][gc,phases      ] GC(300) Post Compact 0.749ms
[170.288s][info][gc,heap        ] GC(300) PSYoungGen: 1056K(79872K)->0K(79872K) Eden: 0K(78336K)->0K(78336K) From: 1056K(1536K)->0K(1536K)
[170.288s][info][gc,heap        ] GC(300) ParOldGen: 8818K(1398272K)->4074K(1398272K)
[170.288s][info][gc,metaspace   ] GC(300) Metaspace: 9939K(10240K)->9939K(10240K) NonClass: 8639K(8832K)->8639K(8832K) Class: 1300K(1408K)->1300K(1408K)
[170.288s][info][gc             ] GC(300) Pause Full (System.gc()) 9M->3M(1443M) 22.555ms
[170.288s][info][gc,cpu         ] GC(300) User=0.02s Sys=0.00s Real=0.02s
[170.610s][info][gc,start       ] GC(301) Pause Young (Allocation Failure)
[170.612s][info][gc,heap        ] GC(301) PSYoungGen: 78336K(79872K)->1536K(79872K) Eden: 78336K(78336K)->0K(78336K) From: 0K(1536K)->1536K(1536K)
[170.612s][info][gc,heap        ] GC(301) ParOldGen: 4074K(1398272K)->4194K(1398272K)
[170.612s][info][gc,metaspace   ] GC(301) Metaspace: 9939K(10240K)->9939K(10240K) NonClass: 8639K(8832K)->8639K(8832K) Class: 1300K(1408K)->1300K(1408K)
[170.612s][info][gc             ] GC(301) Pause Young (Allocation Failure) 80M->5M(1443M) 1.661ms
[170.612s][info][gc,cpu         ] GC(301) User=0.00s Sys=0.00s Real=0.00s
[170.916s][info][gc,start       ] GC(302) Pause Young (Allocation Failure)
[170.917s][info][gc,heap        ] GC(302) PSYoungGen: 79872K(79872K)->512K(78848K) Eden: 78336K(78336K)->0K(78336K) From: 1536K(1536K)->512K(512K)
[170.917s][info][gc,heap        ] GC(302) ParOldGen: 4194K(1398272K)->5306K(1398272K)
[170.917s][info][gc,metaspace   ] GC(302) Metaspace: 9939K(10240K)->9939K(10240K) NonClass: 8639K(8832K)->8639K(8832K) Class: 1300K(1408K)->1300K(1408K)
[170.917s][info][gc             ] GC(302) Pause Young (Allocation Failure) 82M->5M(1442M) 1.481ms
[170.917s][info][gc,cpu         ] GC(302) User=0.00s Sys=0.00s Real=0.00s
[171.229s][info][gc,start       ] GC(303) Pause Young (Allocation Failure)
[171.230s][info][gc,heap        ] GC(303) PSYoungGen: 78848K(78848K)->1184K(80384K) Eden: 78336K(78336K)->0K(78336K) From: 512K(512K)->1184K(2048K)
[171.230s][info][gc,heap        ] GC(303) ParOldGen: 5306K(1398272K)->5682K(1398272K)
[171.230s][info][gc,metaspace   ] GC(303) Metaspace: 9939K(10240K)->9939K(10240K) NonClass: 8639K(8832K)->8639K(8832K) Class: 1300K(1408K)->1300K(1408K)
[171.230s][info][gc             ] GC(303) Pause Young (Allocation Failure) 82M->6M(1444M) 1.285ms
[171.230s][info][gc,cpu         ] GC(303) User=0.06s Sys=0.08s Real=0.02s
[171.537s][info][gc,start       ] GC(304) Pause Young (Allocation Failure)
[171.538s][info][gc,heap        ] GC(304) PSYoungGen: 79520K(80384K)->1056K(79872K) Eden: 78336K(78336K)->0K(78336K) From: 1184K(2048K)->1056K(1536K)
[171.538s][info][gc,heap        ] GC(304) ParOldGen: 5682K(1398272K)->6050K(1398272K)
[171.538s][info][gc,metaspace   ] GC(304) Metaspace: 9939K(10240K)->9939K(10240K) NonClass: 8639K(8832K)->8639K(8832K) Class: 1300K(1408K)->1300K(1408K)
[171.538s][info][gc             ] GC(304) Pause Young (Allocation Failure) 83M->6M(1443M) 1.285ms
[171.538s][info][gc,cpu         ] GC(304) User=0.00s Sys=0.00s Real=0.00s
[171.850s][info][gc,start       ] GC(305) Pause Young (Allocation Failure)
[171.851s][info][gc,heap        ] GC(305) PSYoungGen: 79392K(79872K)->1056K(79872K) Eden: 78336K(78336K)->0K(78336K) From: 1056K(1536K)->1056K(1536K)
[171.851s][info][gc,heap        ] GC(305) ParOldGen: 6050K(1398272K)->6050K(1398272K)
[171.851s][info][gc,metaspace   ] GC(305) Metaspace: 9939K(10240K)->9939K(10240K) NonClass: 8639K(8832K)->8639K(8832K) Class: 1300K(1408K)->1300K(1408K)
[171.851s][info][gc             ] GC(305) Pause Young (Allocation Failure) 83M->6M(1443M) 1.333ms
[171.851s][info][gc,cpu         ] GC(305) User=0.00s Sys=0.00s Real=0.00s
[172.160s][info][gc,start       ] GC(306) Pause Young (Allocation Failure)
[172.161s][info][gc,heap        ] GC(306) PSYoungGen: 79392K(79872K)->1056K(79872K) Eden: 78336K(78336K)->0K(78336K) From: 1056K(1536K)->1056K(1536K)
[172.161s][info][gc,heap        ] GC(306) ParOldGen: 6050K(1398272K)->6050K(1398272K)
[172.161s][info][gc,metaspace   ] GC(306) Metaspace: 9939K(10240K)->9939K(10240K) NonClass: 8639K(8832K)->8639K(8832K) Class: 1300K(1408K)->1300K(1408K)
[172.161s][info][gc             ] GC(306) Pause Young (Allocation Failure) 83M->6M(1443M) 1.077ms
[172.161s][info][gc,cpu         ] GC(306) User=0.00s Sys=0.00s Real=0.00s
[172.475s][info][gc,start       ] GC(307) Pause Young (Allocation Failure)
[172.477s][info][gc,heap        ] GC(307) PSYoungGen: 79392K(79872K)->1056K(79872K) Eden: 78336K(78336K)->0K(78336K) From: 1056K(1536K)->1056K(1536K)
[172.477s][info][gc,heap        ] GC(307) ParOldGen: 6050K(1398272K)->6418K(1398272K)
[172.477s][info][gc,metaspace   ] GC(307) Metaspace: 9939K(10240K)->9939K(10240K) NonClass: 8639K(8832K)->8639K(8832K) Class: 1300K(1408K)->1300K(1408K)
[172.477s][info][gc             ] GC(307) Pause Young (Allocation Failure) 83M->7M(1443M) 1.611ms
[172.477s][info][gc,cpu         ] GC(307) User=0.02s Sys=0.00s Real=0.02s
[172.777s][info][gc,start       ] GC(308) Pause Young (Allocation Failure)
[172.778s][info][gc,heap        ] GC(308) PSYoungGen: 79392K(79872K)->512K(78848K) Eden: 78336K(78336K)->0K(78336K) From: 1056K(1536K)->512K(512K)
[172.778s][info][gc,heap        ] GC(308) ParOldGen: 6418K(1398272K)->7290K(1398272K)
[172.778s][info][gc,metaspace   ] GC(308) Metaspace: 9939K(10240K)->9939K(10240K) NonClass: 8639K(8832K)->8639K(8832K) Class: 1300K(1408K)->1300K(1408K)
[172.778s][info][gc             ] GC(308) Pause Young (Allocation Failure) 83M->7M(1442M) 1.400ms
[172.778s][info][gc,cpu         ] GC(308) User=0.00s Sys=0.00s Real=0.00s
[173.092s][info][gc,start       ] GC(309) Pause Young (Allocation Failure)
[173.093s][info][gc,heap        ] GC(309) PSYoungGen: 78848K(78848K)->1376K(80384K) Eden: 78336K(78336K)->0K(78336K) From: 512K(512K)->1376K(2048K)
[173.094s][info][gc,heap        ] GC(309) ParOldGen: 7290K(1398272K)->7882K(1398272K)
[173.094s][info][gc,metaspace   ] GC(309) Metaspace: 9939K(10240K)->9939K(10240K) NonClass: 8639K(8832K)->8639K(8832K) Class: 1300K(1408K)->1300K(1408K)
[173.094s][info][gc             ] GC(309) Pause Young (Allocation Failure) 84M->9M(1444M) 1.413ms
[173.094s][info][gc,cpu         ] GC(309) User=0.52s Sys=0.00s Real=0.02s
[173.406s][info][gc,start       ] GC(310) Pause Young (Allocation Failure)
[173.407s][info][gc,heap        ] GC(310) PSYoungGen: 79712K(80384K)->1056K(79872K) Eden: 78336K(78336K)->0K(78336K) From: 1376K(2048K)->1056K(1536K)
[173.408s][info][gc,heap        ] GC(310) ParOldGen: 7882K(1398272K)->8258K(1398272K)
[173.408s][info][gc,metaspace   ] GC(310) Metaspace: 9939K(10240K)->9939K(10240K) NonClass: 8639K(8832K)->8639K(8832K) Class: 1300K(1408K)->1300K(1408K)
[173.408s][info][gc             ] GC(310) Pause Young (Allocation Failure) 85M->9M(1443M) 1.263ms
[173.408s][info][gc,cpu         ] GC(310) User=0.00s Sys=0.00s Real=0.00s
[173.719s][info][gc,start       ] GC(311) Pause Young (Allocation Failure)
[173.720s][info][gc,heap        ] GC(311) PSYoungGen: 79392K(79872K)->1056K(79872K) Eden: 78336K(78336K)->0K(78336K) From: 1056K(1536K)->1056K(1536K)
[173.721s][info][gc,heap        ] GC(311) ParOldGen: 8258K(1398272K)->8258K(1398272K)
[173.721s][info][gc,metaspace   ] GC(311) Metaspace: 9939K(10240K)->9939K(10240K) NonClass: 8639K(8832K)->8639K(8832K) Class: 1300K(1408K)->1300K(1408K)
[173.721s][info][gc             ] GC(311) Pause Young (Allocation Failure) 85M->9M(1443M) 1.319ms
[173.721s][info][gc,cpu         ] GC(311) User=0.00s Sys=0.00s Real=0.00s
[174.025s][info][gc,start       ] GC(312) Pause Young (Allocation Failure)
[174.026s][info][gc,heap        ] GC(312) PSYoungGen: 79392K(79872K)->1056K(79872K) Eden: 78336K(78336K)->0K(78336K) From: 1056K(1536K)->1056K(1536K)
[174.026s][info][gc,heap        ] GC(312) ParOldGen: 8258K(1398272K)->8410K(1398272K)
[174.026s][info][gc,metaspace   ] GC(312) Metaspace: 9939K(10240K)->9939K(10240K) NonClass: 8639K(8832K)->8639K(8832K) Class: 1300K(1408K)->1300K(1408K)
[174.026s][info][gc             ] GC(312) Pause Young (Allocation Failure) 85M->9M(1443M) 1.114ms
[174.026s][info][gc,cpu         ] GC(312) User=0.00s Sys=0.00s Real=0.00s
[174.339s][info][gc,start       ] GC(313) Pause Young (Allocation Failure)
[174.341s][info][gc,heap        ] GC(313) PSYoungGen: 79392K(79872K)->1056K(79872K) Eden: 78336K(78336K)->0K(78336K) From: 1056K(1536K)->1056K(1536K)
[174.341s][info][gc,heap        ] GC(313) ParOldGen: 8410K(1398272K)->8778K(1398272K)
[174.341s][info][gc,metaspace   ] GC(313) Metaspace: 9939K(10240K)->9939K(10240K) NonClass: 8639K(8832K)->8639K(8832K) Class: 1300K(1408K)->1300K(1408K)
[174.341s][info][gc             ] GC(313) Pause Young (Allocation Failure) 85M->9M(1443M) 1.560ms
[174.341s][info][gc,cpu         ] GC(313) User=0.00s Sys=0.02s Real=0.02s
[174.666s][info][gc,start       ] GC(314) Pause Young (Allocation Failure)
[174.667s][info][gc,heap        ] GC(314) PSYoungGen: 79392K(79872K)->512K(78848K) Eden: 78336K(78336K)->0K(78336K) From: 1056K(1536K)->512K(512K)
[174.667s][info][gc,heap        ] GC(314) ParOldGen: 8778K(1398272K)->9210K(1398272K)
[174.667s][info][gc,metaspace   ] GC(314) Metaspace: 9939K(10240K)->9939K(10240K) NonClass: 8639K(8832K)->8639K(8832K) Class: 1300K(1408K)->1300K(1408K)
[174.667s][info][gc             ] GC(314) Pause Young (Allocation Failure) 86M->9M(1442M) 1.149ms
[174.667s][info][gc,cpu         ] GC(314) User=0.00s Sys=0.00s Real=0.00s
[174.986s][info][gc,start       ] GC(315) Pause Young (Allocation Failure)
[174.987s][info][gc,heap        ] GC(315) PSYoungGen: 78848K(78848K)->1056K(79872K) Eden: 78336K(78336K)->0K(78336K) From: 512K(512K)->1056K(1536K)
[174.987s][info][gc,heap        ] GC(315) ParOldGen: 9210K(1398272K)->9578K(1398272K)
[174.987s][info][gc,metaspace   ] GC(315) Metaspace: 9939K(10240K)->9939K(10240K) NonClass: 8639K(8832K)->8639K(8832K) Class: 1300K(1408K)->1300K(1408K)
[174.987s][info][gc             ] GC(315) Pause Young (Allocation Failure) 85M->10M(1443M) 1.290ms
[174.987s][info][gc,cpu         ] GC(315) User=0.00s Sys=0.00s Real=0.00s
[175.298s][info][gc,start       ] GC(316) Pause Young (Allocation Failure)
[175.299s][info][gc,heap        ] GC(316) PSYoungGen: 79392K(79872K)->1056K(79872K) Eden: 78336K(78336K)->0K(78336K) From: 1056K(1536K)->1056K(1536K)
[175.299s][info][gc,heap        ] GC(316) ParOldGen: 9578K(1398272K)->9754K(1398272K)
[175.299s][info][gc,metaspace   ] GC(316) Metaspace: 9939K(10240K)->9939K(10240K) NonClass: 8639K(8832K)->8639K(8832K) Class: 1300K(1408K)->1300K(1408K)
[175.299s][info][gc             ] GC(316) Pause Young (Allocation Failure) 86M->10M(1443M) 1.044ms
[175.299s][info][gc,cpu         ] GC(316) User=0.00s Sys=0.00s Real=0.00s
[175.623s][info][gc,start       ] GC(317) Pause Young (Allocation Failure)
[175.624s][info][gc,heap        ] GC(317) PSYoungGen: 79392K(79872K)->1056K(79872K) Eden: 78336K(78336K)->0K(78336K) From: 1056K(1536K)->1056K(1536K)
[175.624s][info][gc,heap        ] GC(317) ParOldGen: 9754K(1398272K)->9754K(1398272K)
[175.624s][info][gc,metaspace   ] GC(317) Metaspace: 9939K(10240K)->9939K(10240K) NonClass: 8639K(8832K)->8639K(8832K) Class: 1300K(1408K)->1300K(1408K)
[175.624s][info][gc             ] GC(317) Pause Young (Allocation Failure) 87M->10M(1443M) 1.462ms
[175.624s][info][gc,cpu         ] GC(317) User=0.00s Sys=0.00s Real=0.00s
[175.935s][info][gc,start       ] GC(318) Pause Young (Allocation Failure)
[175.936s][info][gc,heap        ] GC(318) PSYoungGen: 79392K(79872K)->512K(78848K) Eden: 78336K(78336K)->0K(78336K) From: 1056K(1536K)->512K(512K)
[175.936s][info][gc,heap        ] GC(318) ParOldGen: 9754K(1398272K)->9970K(1398272K)
[175.936s][info][gc,metaspace   ] GC(318) Metaspace: 9939K(10240K)->9939K(10240K) NonClass: 8639K(8832K)->8639K(8832K) Class: 1300K(1408K)->1300K(1408K)
[175.936s][info][gc             ] GC(318) Pause Young (Allocation Failure) 87M->10M(1442M) 1.166ms
[175.936s][info][gc,cpu         ] GC(318) User=0.00s Sys=0.00s Real=0.00s
[176.243s][info][gc,start       ] GC(319) Pause Young (Allocation Failure)
[176.245s][info][gc,heap        ] GC(319) PSYoungGen: 78848K(78848K)->1024K(79872K) Eden: 78336K(78336K)->0K(78336K) From: 512K(512K)->1024K(1536K)
[176.245s][info][gc,heap        ] GC(319) ParOldGen: 9970K(1398272K)->10306K(1398272K)
[176.245s][info][gc,metaspace   ] GC(319) Metaspace: 9939K(10240K)->9939K(10240K) NonClass: 8639K(8832K)->8639K(8832K) Class: 1300K(1408K)->1300K(1408K)
[176.245s][info][gc             ] GC(319) Pause Young (Allocation Failure) 86M->11M(1443M) 2.629ms
[176.245s][info][gc,cpu         ] GC(319) User=0.00s Sys=0.00s Real=0.00s
[176.553s][info][gc,start       ] GC(320) Pause Young (Allocation Failure)
[176.554s][info][gc,heap        ] GC(320) PSYoungGen: 79360K(79872K)->1056K(79872K) Eden: 78336K(78336K)->0K(78336K) From: 1024K(1536K)->1056K(1536K)
[176.554s][info][gc,heap        ] GC(320) ParOldGen: 10306K(1398272K)->10418K(1398272K)
[176.554s][info][gc,metaspace   ] GC(320) Metaspace: 9939K(10240K)->9939K(10240K) NonClass: 8639K(8832K)->8639K(8832K) Class: 1300K(1408K)->1300K(1408K)
[176.554s][info][gc             ] GC(320) Pause Young (Allocation Failure) 87M->11M(1443M) 1.078ms
[176.554s][info][gc,cpu         ] GC(320) User=0.00s Sys=0.00s Real=0.00s
[176.880s][info][gc,start       ] GC(321) Pause Young (System.gc())
[176.881s][info][gc,heap        ] GC(321) PSYoungGen: 79115K(79872K)->1056K(79872K) Eden: 78059K(78336K)->0K(78336K) From: 1056K(1536K)->1056K(1536K)
[176.881s][info][gc,heap        ] GC(321) ParOldGen: 10418K(1398272K)->10418K(1398272K)
[176.881s][info][gc,metaspace   ] GC(321) Metaspace: 9942K(10240K)->9942K(10240K) NonClass: 8642K(8832K)->8642K(8832K) Class: 1300K(1408K)->1300K(1408K)
[176.881s][info][gc             ] GC(321) Pause Young (System.gc()) 87M->11M(1443M) 1.252ms
[176.882s][info][gc,cpu         ] GC(321) User=0.00s Sys=0.00s Real=0.00s
[176.882s][info][gc,start       ] GC(322) Pause Full (System.gc())
[176.882s][info][gc,phases,start] GC(322) Marking Phase
[176.897s][info][gc,phases      ] GC(322) Marking Phase 15.255ms
[176.897s][info][gc,phases,start] GC(322) Summary Phase
[176.897s][info][gc,phases      ] GC(322) Summary Phase 0.021ms
[176.897s][info][gc,phases,start] GC(322) Adjust Roots
[176.900s][info][gc,phases      ] GC(322) Adjust Roots 3.091ms
[176.900s][info][gc,phases,start] GC(322) Compaction Phase
[176.903s][info][gc,phases      ] GC(322) Compaction Phase 2.851ms
[176.903s][info][gc,phases,start] GC(322) Post Compact
[176.904s][info][gc,phases      ] GC(322) Post Compact 0.822ms
[176.904s][info][gc,heap        ] GC(322) PSYoungGen: 1056K(79872K)->0K(79872K) Eden: 0K(78336K)->0K(78336K) From: 1056K(1536K)->0K(1536K)
[176.904s][info][gc,heap        ] GC(322) ParOldGen: 10418K(1398272K)->4074K(1398272K)
[176.904s][info][gc,metaspace   ] GC(322) Metaspace: 9942K(10240K)->9942K(10240K) NonClass: 8642K(8832K)->8642K(8832K) Class: 1300K(1408K)->1300K(1408K)
[176.904s][info][gc             ] GC(322) Pause Full (System.gc()) 11M->3M(1443M) 22.381ms
[176.904s][info][gc,cpu         ] GC(322) User=0.47s Sys=0.02s Real=0.03s
[177.207s][info][gc,start       ] GC(323) Pause Young (Allocation Failure)
[177.208s][info][gc,heap        ] GC(323) PSYoungGen: 78336K(79872K)->512K(78848K) Eden: 78336K(78336K)->0K(78336K) From: 0K(1536K)->512K(512K)
[177.208s][info][gc,heap        ] GC(323) ParOldGen: 4074K(1398272K)->5098K(1398272K)
[177.208s][info][gc,metaspace   ] GC(323) Metaspace: 9942K(10240K)->9942K(10240K) NonClass: 8642K(8832K)->8642K(8832K) Class: 1300K(1408K)->1300K(1408K)
[177.208s][info][gc             ] GC(323) Pause Young (Allocation Failure) 80M->5M(1442M) 1.516ms
[177.208s][info][gc,cpu         ] GC(323) User=0.00s Sys=0.00s Real=0.00s
[177.511s][info][gc,start       ] GC(324) Pause Young (Allocation Failure)
[177.512s][info][gc,heap        ] GC(324) PSYoungGen: 78848K(78848K)->1312K(79872K) Eden: 78336K(78336K)->0K(78336K) From: 512K(512K)->1312K(1536K)
[177.512s][info][gc,heap        ] GC(324) ParOldGen: 5098K(1398272K)->5778K(1398272K)
[177.512s][info][gc,metaspace   ] GC(324) Metaspace: 9942K(10240K)->9942K(10240K) NonClass: 8642K(8832K)->8642K(8832K) Class: 1300K(1408K)->1300K(1408K)
[177.513s][info][gc             ] GC(324) Pause Young (Allocation Failure) 81M->6M(1443M) 1.526ms
[177.513s][info][gc,cpu         ] GC(324) User=0.00s Sys=0.00s Real=0.00s
[177.820s][info][gc,start       ] GC(325) Pause Young (Allocation Failure)
[177.821s][info][gc,heap        ] GC(325) PSYoungGen: 79648K(79872K)->1184K(79872K) Eden: 78336K(78336K)->0K(78336K) From: 1312K(1536K)->1184K(1536K)
[177.821s][info][gc,heap        ] GC(325) ParOldGen: 5778K(1398272K)->6010K(1398272K)
[177.821s][info][gc,metaspace   ] GC(325) Metaspace: 9942K(10240K)->9942K(10240K) NonClass: 8642K(8832K)->8642K(8832K) Class: 1300K(1408K)->1300K(1408K)
[177.821s][info][gc             ] GC(325) Pause Young (Allocation Failure) 83M->7M(1443M) 1.220ms
[177.821s][info][gc,cpu         ] GC(325) User=0.52s Sys=0.00s Real=0.02s
[178.129s][info][gc,start       ] GC(326) Pause Young (Allocation Failure)
[178.130s][info][gc,heap        ] GC(326) PSYoungGen: 79520K(79872K)->1088K(79872K) Eden: 78336K(78336K)->0K(78336K) From: 1184K(1536K)->1088K(1536K)
[178.130s][info][gc,heap        ] GC(326) ParOldGen: 6010K(1398272K)->6394K(1398272K)
[178.130s][info][gc,metaspace   ] GC(326) Metaspace: 9942K(10240K)->9942K(10240K) NonClass: 8642K(8832K)->8642K(8832K) Class: 1300K(1408K)->1300K(1408K)
[178.130s][info][gc             ] GC(326) Pause Young (Allocation Failure) 83M->7M(1443M) 1.477ms
[178.130s][info][gc,cpu         ] GC(326) User=0.00s Sys=0.00s Real=0.00s
[178.432s][info][gc,start       ] GC(327) Pause Young (Allocation Failure)
[178.433s][info][gc,heap        ] GC(327) PSYoungGen: 79424K(79872K)->512K(78848K) Eden: 78336K(78336K)->0K(78336K) From: 1088K(1536K)->512K(512K)
[178.433s][info][gc,heap        ] GC(327) ParOldGen: 6394K(1398272K)->6954K(1398272K)
[178.433s][info][gc,metaspace   ] GC(327) Metaspace: 9942K(10240K)->9942K(10240K) NonClass: 8642K(8832K)->8642K(8832K) Class: 1300K(1408K)->1300K(1408K)
[178.433s][info][gc             ] GC(327) Pause Young (Allocation Failure) 83M->7M(1442M) 1.253ms
[178.433s][info][gc,cpu         ] GC(327) User=0.00s Sys=0.00s Real=0.00s
[178.744s][info][gc,start       ] GC(328) Pause Young (Allocation Failure)
[178.746s][info][gc,heap        ] GC(328) PSYoungGen: 78848K(78848K)->1088K(79872K) Eden: 78336K(78336K)->0K(78336K) From: 512K(512K)->1088K(1536K)
[178.746s][info][gc,heap        ] GC(328) ParOldGen: 6954K(1398272K)->7402K(1398272K)
[178.746s][info][gc,metaspace   ] GC(328) Metaspace: 9942K(10240K)->9942K(10240K) NonClass: 8642K(8832K)->8642K(8832K) Class: 1300K(1408K)->1300K(1408K)
[178.746s][info][gc             ] GC(328) Pause Young (Allocation Failure) 83M->8M(1443M) 1.506ms
[178.746s][info][gc,cpu         ] GC(328) User=0.00s Sys=0.00s Real=0.00s
[179.045s][info][gc,start       ] GC(329) Pause Young (Allocation Failure)
[179.046s][info][gc,heap        ] GC(329) PSYoungGen: 79424K(79872K)->1056K(79872K) Eden: 78336K(78336K)->0K(78336K) From: 1088K(1536K)->1056K(1536K)
[179.046s][info][gc,heap        ] GC(329) ParOldGen: 7402K(1398272K)->7546K(1398272K)
[179.046s][info][gc,metaspace   ] GC(329) Metaspace: 9942K(10240K)->9942K(10240K) NonClass: 8642K(8832K)->8642K(8832K) Class: 1300K(1408K)->1300K(1408K)
[179.047s][info][gc             ] GC(329) Pause Young (Allocation Failure) 84M->8M(1443M) 1.107ms
[179.047s][info][gc,cpu         ] GC(329) User=0.00s Sys=0.00s Real=0.00s
[179.358s][info][gc,start       ] GC(330) Pause Young (Allocation Failure)
[179.359s][info][gc,heap        ] GC(330) PSYoungGen: 79392K(79872K)->1056K(79872K) Eden: 78336K(78336K)->0K(78336K) From: 1056K(1536K)->1056K(1536K)
[179.359s][info][gc,heap        ] GC(330) ParOldGen: 7546K(1398272K)->7890K(1398272K)
[179.359s][info][gc,metaspace   ] GC(330) Metaspace: 9942K(10240K)->9942K(10240K) NonClass: 8642K(8832K)->8642K(8832K) Class: 1300K(1408K)->1300K(1408K)
[179.359s][info][gc             ] GC(330) Pause Young (Allocation Failure) 84M->8M(1443M) 1.304ms
[179.359s][info][gc,cpu         ] GC(330) User=0.00s Sys=0.00s Real=0.00s
[179.672s][info][gc,start       ] GC(331) Pause Young (Allocation Failure)
[179.673s][info][gc,heap        ] GC(331) PSYoungGen: 79392K(79872K)->512K(78848K) Eden: 78336K(78336K)->0K(78336K) From: 1056K(1536K)->512K(512K)
[179.673s][info][gc,heap        ] GC(331) ParOldGen: 7890K(1398272K)->8154K(1398272K)
[179.673s][info][gc,metaspace   ] GC(331) Metaspace: 9942K(10240K)->9942K(10240K) NonClass: 8642K(8832K)->8642K(8832K) Class: 1300K(1408K)->1300K(1408K)
[179.673s][info][gc             ] GC(331) Pause Young (Allocation Failure) 85M->8M(1442M) 1.123ms
[179.673s][info][gc,cpu         ] GC(331) User=0.00s Sys=0.00s Real=0.00s
[179.985s][info][gc,start       ] GC(332) Pause Young (Allocation Failure)
[179.987s][info][gc,heap        ] GC(332) PSYoungGen: 78848K(78848K)->896K(79872K) Eden: 78336K(78336K)->0K(78336K) From: 512K(512K)->896K(1536K)
[179.987s][info][gc,heap        ] GC(332) ParOldGen: 8154K(1398272K)->8506K(1398272K)
[179.987s][info][gc,metaspace   ] GC(332) Metaspace: 9942K(10240K)->9942K(10240K) NonClass: 8642K(8832K)->8642K(8832K) Class: 1300K(1408K)->1300K(1408K)
[179.987s][info][gc             ] GC(332) Pause Young (Allocation Failure) 84M->9M(1443M) 2.141ms
[179.987s][info][gc,cpu         ] GC(332) User=0.00s Sys=0.00s Real=0.00s
[180.288s][info][gc,start       ] GC(333) Pause Young (Allocation Failure)
[180.288s][info][gc,heap        ] GC(333) PSYoungGen: 79232K(79872K)->1056K(79872K) Eden: 78336K(78336K)->0K(78336K) From: 896K(1536K)->1056K(1536K)
[180.289s][info][gc,heap        ] GC(333) ParOldGen: 8506K(1398272K)->8506K(1398272K)
[180.289s][info][gc,metaspace   ] GC(333) Metaspace: 9942K(10240K)->9942K(10240K) NonClass: 8642K(8832K)->8642K(8832K) Class: 1300K(1408K)->1300K(1408K)
[180.289s][info][gc             ] GC(333) Pause Young (Allocation Failure) 85M->9M(1443M) 1.073ms
[180.289s][info][gc,cpu         ] GC(333) User=0.00s Sys=0.00s Real=0.00s
[180.595s][info][gc,start       ] GC(334) Pause Young (Allocation Failure)
[180.596s][info][gc,heap        ] GC(334) PSYoungGen: 79391K(79872K)->1056K(79872K) Eden: 78335K(78336K)->0K(78336K) From: 1056K(1536K)->1056K(1536K)
[180.596s][info][gc,heap        ] GC(334) ParOldGen: 8506K(1398272K)->8922K(1398272K)
[180.596s][info][gc,metaspace   ] GC(334) Metaspace: 9942K(10240K)->9942K(10240K) NonClass: 8642K(8832K)->8642K(8832K) Class: 1300K(1408K)->1300K(1408K)
[180.596s][info][gc             ] GC(334) Pause Young (Allocation Failure) 85M->9M(1443M) 1.562ms
[180.596s][info][gc,cpu         ] GC(334) User=0.00s Sys=0.00s Real=0.00s
[180.910s][info][gc,start       ] GC(335) Pause Young (Allocation Failure)
[180.911s][info][gc,heap        ] GC(335) PSYoungGen: 79392K(79872K)->512K(78848K) Eden: 78336K(78336K)->0K(78336K) From: 1056K(1536K)->512K(512K)
[180.911s][info][gc,heap        ] GC(335) ParOldGen: 8922K(1398272K)->9442K(1398272K)
[180.911s][info][gc,metaspace   ] GC(335) Metaspace: 9942K(10240K)->9942K(10240K) NonClass: 8642K(8832K)->8642K(8832K) Class: 1300K(1408K)->1300K(1408K)
[180.911s][info][gc             ] GC(335) Pause Young (Allocation Failure) 86M->9M(1442M) 1.185ms
[180.911s][info][gc,cpu         ] GC(335) User=0.02s Sys=0.00s Real=0.01s
[181.229s][info][gc,start       ] GC(336) Pause Young (Allocation Failure)
[181.230s][info][gc,heap        ] GC(336) PSYoungGen: 78848K(78848K)->1024K(79872K) Eden: 78336K(78336K)->0K(78336K) From: 512K(512K)->1024K(1536K)
[181.230s][info][gc,heap        ] GC(336) ParOldGen: 9442K(1398272K)->9818K(1398272K)
[181.230s][info][gc,metaspace   ] GC(336) Metaspace: 9942K(10240K)->9942K(10240K) NonClass: 8642K(8832K)->8642K(8832K) Class: 1300K(1408K)->1300K(1408K)
[181.230s][info][gc             ] GC(336) Pause Young (Allocation Failure) 86M->10M(1443M) 1.587ms
[181.230s][info][gc,cpu         ] GC(336) User=0.00s Sys=0.00s Real=0.00s
[181.538s][info][gc,start       ] GC(337) Pause Young (Allocation Failure)
[181.539s][info][gc,heap        ] GC(337) PSYoungGen: 79360K(79872K)->1056K(79872K) Eden: 78336K(78336K)->0K(78336K) From: 1024K(1536K)->1056K(1536K)
[181.539s][info][gc,heap        ] GC(337) ParOldGen: 9818K(1398272K)->9954K(1398272K)
[181.539s][info][gc,metaspace   ] GC(337) Metaspace: 9942K(10240K)->9942K(10240K) NonClass: 8642K(8832K)->8642K(8832K) Class: 1300K(1408K)->1300K(1408K)
[181.539s][info][gc             ] GC(337) Pause Young (Allocation Failure) 87M->10M(1443M) 1.090ms
[181.539s][info][gc,cpu         ] GC(337) User=0.00s Sys=0.00s Real=0.00s
[181.844s][info][gc,start       ] GC(338) Pause Young (Allocation Failure)
[181.845s][info][gc,heap        ] GC(338) PSYoungGen: 79392K(79872K)->1056K(79872K) Eden: 78336K(78336K)->0K(78336K) From: 1056K(1536K)->1056K(1536K)
[181.845s][info][gc,heap        ] GC(338) ParOldGen: 9954K(1398272K)->9954K(1398272K)
[181.845s][info][gc,metaspace   ] GC(338) Metaspace: 9942K(10240K)->9942K(10240K) NonClass: 8642K(8832K)->8642K(8832K) Class: 1300K(1408K)->1300K(1408K)
[181.845s][info][gc             ] GC(338) Pause Young (Allocation Failure) 87M->10M(1443M) 1.267ms
[181.845s][info][gc,cpu         ] GC(338) User=0.00s Sys=0.00s Real=0.00s
[182.149s][info][gc,start       ] GC(339) Pause Young (Allocation Failure)
[182.150s][info][gc,heap        ] GC(339) PSYoungGen: 79392K(79872K)->512K(78848K) Eden: 78336K(78336K)->0K(78336K) From: 1056K(1536K)->512K(512K)
[182.150s][info][gc,heap        ] GC(339) ParOldGen: 9954K(1398272K)->10202K(1398272K)
[182.150s][info][gc,metaspace   ] GC(339) Metaspace: 9942K(10240K)->9942K(10240K) NonClass: 8642K(8832K)->8642K(8832K) Class: 1300K(1408K)->1300K(1408K)
[182.150s][info][gc             ] GC(339) Pause Young (Allocation Failure) 87M->10M(1442M) 1.055ms
[182.150s][info][gc,cpu         ] GC(339) User=0.00s Sys=0.00s Real=0.00s
[182.464s][info][gc,start       ] GC(340) Pause Young (Allocation Failure)
[182.517s][info][gc,heap        ] GC(340) PSYoungGen: 78848K(78848K)->1024K(79872K) Eden: 78336K(78336K)->0K(78336K) From: 512K(512K)->1024K(1536K)
[182.517s][info][gc,heap        ] GC(340) ParOldGen: 10202K(1398272K)->10554K(1398272K)
[182.517s][info][gc,metaspace   ] GC(340) Metaspace: 9942K(10240K)->9942K(10240K) NonClass: 8642K(8832K)->8642K(8832K) Class: 1300K(1408K)->1300K(1408K)
[182.517s][info][gc             ] GC(340) Pause Young (Allocation Failure) 86M->11M(1443M) 53.068ms
[182.517s][info][gc,cpu         ] GC(340) User=0.00s Sys=0.00s Real=0.05s
[182.825s][info][gc,start       ] GC(341) Pause Young (Allocation Failure)
[182.826s][info][gc,heap        ] GC(341) PSYoungGen: 79360K(79872K)->1056K(79872K) Eden: 78336K(78336K)->0K(78336K) From: 1024K(1536K)->1056K(1536K)
[182.826s][info][gc,heap        ] GC(341) ParOldGen: 10554K(1398272K)->10562K(1398272K)
[182.826s][info][gc,metaspace   ] GC(341) Metaspace: 9942K(10240K)->9942K(10240K) NonClass: 8642K(8832K)->8642K(8832K) Class: 1300K(1408K)->1300K(1408K)
[182.826s][info][gc             ] GC(341) Pause Young (Allocation Failure) 87M->11M(1443M) 1.114ms
[182.826s][info][gc,cpu         ] GC(341) User=0.00s Sys=0.00s Real=0.00s
[183.129s][info][gc,start       ] GC(342) Pause Young (Allocation Failure)
[183.130s][info][gc,heap        ] GC(342) PSYoungGen: 79392K(79872K)->1024K(79360K) Eden: 78336K(78336K)->0K(78336K) From: 1056K(1536K)->1024K(1024K)
[183.130s][info][gc,heap        ] GC(342) ParOldGen: 10562K(1398272K)->10938K(1398272K)
[183.130s][info][gc,metaspace   ] GC(342) Metaspace: 9942K(10240K)->9942K(10240K) NonClass: 8642K(8832K)->8642K(8832K) Class: 1300K(1408K)->1300K(1408K)
[183.130s][info][gc             ] GC(342) Pause Young (Allocation Failure) 87M->11M(1443M) 1.542ms
[183.130s][info][gc,cpu         ] GC(342) User=0.48s Sys=0.00s Real=0.02s
[183.415s][info][gc,start       ] GC(343) Pause Young (System.gc())
[183.416s][info][gc,heap        ] GC(343) PSYoungGen: 72232K(79360K)->1024K(79360K) Eden: 71208K(78336K)->0K(78336K) From: 1024K(1024K)->1024K(1024K)
[183.416s][info][gc,heap        ] GC(343) ParOldGen: 10938K(1398272K)->10954K(1398272K)
[183.416s][info][gc,metaspace   ] GC(343) Metaspace: 9942K(10240K)->9942K(10240K) NonClass: 8642K(8832K)->8642K(8832K) Class: 1300K(1408K)->1300K(1408K)
[183.416s][info][gc             ] GC(343) Pause Young (System.gc()) 81M->11M(1443M) 0.966ms
[183.416s][info][gc,cpu         ] GC(343) User=0.00s Sys=0.00s Real=0.00s
[183.416s][info][gc,start       ] GC(344) Pause Full (System.gc())
[183.417s][info][gc,phases,start] GC(344) Marking Phase
[183.433s][info][gc,phases      ] GC(344) Marking Phase 16.026ms
[183.433s][info][gc,phases,start] GC(344) Summary Phase
[183.433s][info][gc,phases      ] GC(344) Summary Phase 0.022ms
[183.433s][info][gc,phases,start] GC(344) Adjust Roots
[183.437s][info][gc,phases      ] GC(344) Adjust Roots 4.211ms
[183.437s][info][gc,phases,start] GC(344) Compaction Phase
[183.440s][info][gc,phases      ] GC(344) Compaction Phase 3.191ms
[183.440s][info][gc,phases,start] GC(344) Post Compact
[183.441s][info][gc,phases      ] GC(344) Post Compact 0.798ms
[183.441s][info][gc,heap        ] GC(344) PSYoungGen: 1024K(79360K)->0K(79360K) Eden: 0K(78336K)->0K(78336K) From: 1024K(1024K)->0K(1024K)
[183.441s][info][gc,heap        ] GC(344) ParOldGen: 10954K(1398272K)->4074K(1398272K)
[183.441s][info][gc,metaspace   ] GC(344) Metaspace: 9942K(10240K)->9942K(10240K) NonClass: 8642K(8832K)->8642K(8832K) Class: 1300K(1408K)->1300K(1408K)
[183.441s][info][gc             ] GC(344) Pause Full (System.gc()) 11M->3M(1443M) 24.526ms
[183.441s][info][gc,cpu         ] GC(344) User=0.42s Sys=0.00s Real=0.02s
[183.754s][info][gc,start       ] GC(345) Pause Young (Allocation Failure)
[183.756s][info][gc,heap        ] GC(345) PSYoungGen: 78336K(79360K)->1536K(79872K) Eden: 78336K(78336K)->0K(78336K) From: 0K(1024K)->1536K(1536K)
[183.756s][info][gc,heap        ] GC(345) ParOldGen: 4074K(1398272K)->4130K(1398272K)
[183.756s][info][gc,metaspace   ] GC(345) Metaspace: 9942K(10240K)->9942K(10240K) NonClass: 8642K(8832K)->8642K(8832K) Class: 1300K(1408K)->1300K(1408K)
[183.756s][info][gc             ] GC(345) Pause Young (Allocation Failure) 80M->5M(1443M) 1.427ms
[183.756s][info][gc,cpu         ] GC(345) User=0.00s Sys=0.00s Real=0.00s
[184.074s][info][gc,start       ] GC(346) Pause Young (Allocation Failure)
[184.075s][info][gc,heap        ] GC(346) PSYoungGen: 79872K(79872K)->1024K(79360K) Eden: 78336K(78336K)->0K(78336K) From: 1536K(1536K)->1024K(1024K)
[184.075s][info][gc,heap        ] GC(346) ParOldGen: 4130K(1398272K)->4682K(1398272K)
[184.075s][info][gc,metaspace   ] GC(346) Metaspace: 9942K(10240K)->9942K(10240K) NonClass: 8642K(8832K)->8642K(8832K) Class: 1300K(1408K)->1300K(1408K)
[184.075s][info][gc             ] GC(346) Pause Young (Allocation Failure) 82M->5M(1443M) 1.367ms
[184.075s][info][gc,cpu         ] GC(346) User=0.00s Sys=0.00s Real=0.00s
[184.388s][info][gc,start       ] GC(347) Pause Young (Allocation Failure)
[184.390s][info][gc,heap        ] GC(347) PSYoungGen: 79360K(79360K)->1248K(79872K) Eden: 78336K(78336K)->0K(78336K) From: 1024K(1024K)->1248K(1536K)
[184.390s][info][gc,heap        ] GC(347) ParOldGen: 4682K(1398272K)->5210K(1398272K)
[184.390s][info][gc,metaspace   ] GC(347) Metaspace: 9942K(10240K)->9942K(10240K) NonClass: 8642K(8832K)->8642K(8832K) Class: 1300K(1408K)->1300K(1408K)
[184.390s][info][gc             ] GC(347) Pause Young (Allocation Failure) 82M->6M(1443M) 1.449ms
[184.390s][info][gc,cpu         ] GC(347) User=0.00s Sys=0.00s Real=0.00s
[184.706s][info][gc,start       ] GC(348) Pause Young (Allocation Failure)
[184.708s][info][gc,heap        ] GC(348) PSYoungGen: 79584K(79872K)->1184K(79872K) Eden: 78336K(78336K)->0K(78336K) From: 1248K(1536K)->1184K(1536K)
[184.708s][info][gc,heap        ] GC(348) ParOldGen: 5210K(1398272K)->5594K(1398272K)
[184.708s][info][gc,metaspace   ] GC(348) Metaspace: 9942K(10240K)->9942K(10240K) NonClass: 8642K(8832K)->8642K(8832K) Class: 1300K(1408K)->1300K(1408K)
[184.708s][info][gc             ] GC(348) Pause Young (Allocation Failure) 82M->6M(1443M) 1.567ms
[184.708s][info][gc,cpu         ] GC(348) User=0.39s Sys=0.03s Real=0.02s
[185.019s][info][gc,start       ] GC(349) Pause Young (Allocation Failure)
[185.020s][info][gc,heap        ] GC(349) PSYoungGen: 79520K(79872K)->1024K(79360K) Eden: 78336K(78336K)->0K(78336K) From: 1184K(1536K)->1024K(1024K)
[185.020s][info][gc,heap        ] GC(349) ParOldGen: 5594K(1398272K)->5954K(1398272K)
[185.020s][info][gc,metaspace   ] GC(349) Metaspace: 9942K(10240K)->9942K(10240K) NonClass: 8642K(8832K)->8642K(8832K) Class: 1300K(1408K)->1300K(1408K)
[185.020s][info][gc             ] GC(349) Pause Young (Allocation Failure) 83M->6M(1443M) 1.364ms
[185.020s][info][gc,cpu         ] GC(349) User=0.31s Sys=0.02s Real=0.02s
[185.334s][info][gc,start       ] GC(350) Pause Young (Allocation Failure)
[185.335s][info][gc,heap        ] GC(350) PSYoungGen: 79360K(79360K)->1024K(79360K) Eden: 78336K(78336K)->0K(78336K) From: 1024K(1024K)->1024K(1024K)
[185.335s][info][gc,heap        ] GC(350) ParOldGen: 5954K(1398272K)->5962K(1398272K)
[185.335s][info][gc,metaspace   ] GC(350) Metaspace: 9942K(10240K)->9942K(10240K) NonClass: 8642K(8832K)->8642K(8832K) Class: 1300K(1408K)->1300K(1408K)
[185.335s][info][gc             ] GC(350) Pause Young (Allocation Failure) 83M->6M(1443M) 1.040ms
[185.335s][info][gc,cpu         ] GC(350) User=0.00s Sys=0.00s Real=0.00s
[185.645s][info][gc,start       ] GC(351) Pause Young (Allocation Failure)
[185.647s][info][gc,heap        ] GC(351) PSYoungGen: 79360K(79360K)->1056K(79872K) Eden: 78336K(78336K)->0K(78336K) From: 1024K(1024K)->1056K(1536K)
[185.647s][info][gc,heap        ] GC(351) ParOldGen: 5962K(1398272K)->6026K(1398272K)
[185.647s][info][gc,metaspace   ] GC(351) Metaspace: 9942K(10240K)->9942K(10240K) NonClass: 8642K(8832K)->8642K(8832K) Class: 1300K(1408K)->1300K(1408K)
[185.647s][info][gc             ] GC(351) Pause Young (Allocation Failure) 83M->6M(1443M) 1.360ms
[185.647s][info][gc,cpu         ] GC(351) User=0.00s Sys=0.00s Real=0.00s
[185.964s][info][gc,start       ] GC(352) Pause Young (Allocation Failure)
[185.965s][info][gc,heap        ] GC(352) PSYoungGen: 79392K(79872K)->1024K(79360K) Eden: 78336K(78336K)->0K(78336K) From: 1056K(1536K)->1024K(1024K)
[185.965s][info][gc,heap        ] GC(352) ParOldGen: 6026K(1398272K)->6058K(1398272K)
[185.965s][info][gc,metaspace   ] GC(352) Metaspace: 9942K(10240K)->9942K(10240K) NonClass: 8642K(8832K)->8642K(8832K) Class: 1300K(1408K)->1300K(1408K)
[185.965s][info][gc             ] GC(352) Pause Young (Allocation Failure) 83M->6M(1443M) 1.002ms
[185.965s][info][gc,cpu         ] GC(352) User=0.00s Sys=0.00s Real=0.00s
[186.270s][info][gc,start       ] GC(353) Pause Young (Allocation Failure)
[186.272s][info][gc,heap        ] GC(353) PSYoungGen: 79360K(79360K)->1024K(79360K) Eden: 78336K(78336K)->0K(78336K) From: 1024K(1024K)->1024K(1024K)
[186.272s][info][gc,heap        ] GC(353) ParOldGen: 6058K(1398272K)->6306K(1398272K)
[186.272s][info][gc,metaspace   ] GC(353) Metaspace: 9942K(10240K)->9942K(10240K) NonClass: 8642K(8832K)->8642K(8832K) Class: 1300K(1408K)->1300K(1408K)
[186.272s][info][gc             ] GC(353) Pause Young (Allocation Failure) 83M->7M(1443M) 1.629ms
[186.272s][info][gc,cpu         ] GC(353) User=0.52s Sys=0.00s Real=0.02s
[186.580s][info][gc,start       ] GC(354) Pause Young (Allocation Failure)
[186.581s][info][gc,heap        ] GC(354) PSYoungGen: 79359K(79360K)->1056K(79872K) Eden: 78335K(78336K)->0K(78336K) From: 1024K(1024K)->1056K(1536K)
[186.581s][info][gc,heap        ] GC(354) ParOldGen: 6306K(1398272K)->6306K(1398272K)
[186.581s][info][gc,metaspace   ] GC(354) Metaspace: 9942K(10240K)->9942K(10240K) NonClass: 8642K(8832K)->8642K(8832K) Class: 1300K(1408K)->1300K(1408K)
[186.581s][info][gc             ] GC(354) Pause Young (Allocation Failure) 83M->7M(1443M) 1.055ms
[186.581s][info][gc,cpu         ] GC(354) User=0.00s Sys=0.00s Real=0.00s
[186.898s][info][gc,start       ] GC(355) Pause Young (Allocation Failure)
[186.899s][info][gc,heap        ] GC(355) PSYoungGen: 79392K(79872K)->1056K(79872K) Eden: 78336K(78336K)->0K(78336K) From: 1056K(1536K)->1056K(1536K)
[186.899s][info][gc,heap        ] GC(355) ParOldGen: 6306K(1398272K)->6306K(1398272K)
[186.899s][info][gc,metaspace   ] GC(355) Metaspace: 9942K(10240K)->9942K(10240K) NonClass: 8642K(8832K)->8642K(8832K) Class: 1300K(1408K)->1300K(1408K)
[186.900s][info][gc             ] GC(355) Pause Young (Allocation Failure) 83M->7M(1443M) 1.506ms
[186.900s][info][gc,cpu         ] GC(355) User=0.00s Sys=0.00s Real=0.00s
[187.211s][info][gc,start       ] GC(356) Pause Young (Allocation Failure)
[187.212s][info][gc,heap        ] GC(356) PSYoungGen: 79392K(79872K)->512K(78848K) Eden: 78336K(78336K)->0K(78336K) From: 1056K(1536K)->512K(512K)
[187.212s][info][gc,heap        ] GC(356) ParOldGen: 6306K(1398272K)->6618K(1398272K)
[187.212s][info][gc,metaspace   ] GC(356) Metaspace: 9942K(10240K)->9942K(10240K) NonClass: 8642K(8832K)->8642K(8832K) Class: 1300K(1408K)->1300K(1408K)
[187.212s][info][gc             ] GC(356) Pause Young (Allocation Failure) 83M->6M(1442M) 1.176ms
[187.212s][info][gc,cpu         ] GC(356) User=0.00s Sys=0.00s Real=0.00s
[187.531s][info][gc,start       ] GC(357) Pause Young (Allocation Failure)
[187.532s][info][gc,heap        ] GC(357) PSYoungGen: 78848K(78848K)->992K(79872K) Eden: 78336K(78336K)->0K(78336K) From: 512K(512K)->992K(1536K)
[187.532s][info][gc,heap        ] GC(357) ParOldGen: 6618K(1398272K)->7114K(1398272K)
[187.532s][info][gc,metaspace   ] GC(357) Metaspace: 9942K(10240K)->9942K(10240K) NonClass: 8642K(8832K)->8642K(8832K) Class: 1300K(1408K)->1300K(1408K)
[187.532s][info][gc             ] GC(357) Pause Young (Allocation Failure) 83M->7M(1443M) 1.345ms
[187.532s][info][gc,cpu         ] GC(357) User=0.00s Sys=0.00s Real=0.00s
[187.849s][info][gc,start       ] GC(358) Pause Young (Allocation Failure)
[187.850s][info][gc,heap        ] GC(358) PSYoungGen: 79328K(79872K)->1152K(79872K) Eden: 78336K(78336K)->0K(78336K) From: 992K(1536K)->1152K(1536K)
[187.850s][info][gc,heap        ] GC(358) ParOldGen: 7114K(1398272K)->7474K(1398272K)
[187.850s][info][gc,metaspace   ] GC(358) Metaspace: 9942K(10240K)->9942K(10240K) NonClass: 8642K(8832K)->8642K(8832K) Class: 1300K(1408K)->1300K(1408K)
[187.850s][info][gc             ] GC(358) Pause Young (Allocation Failure) 84M->8M(1443M) 1.138ms
[187.850s][info][gc,cpu         ] GC(358) User=0.00s Sys=0.00s Real=0.00s
[188.163s][info][gc,start       ] GC(359) Pause Young (Allocation Failure)
[188.164s][info][gc,heap        ] GC(359) PSYoungGen: 79488K(79872K)->1184K(79872K) Eden: 78336K(78336K)->0K(78336K) From: 1152K(1536K)->1184K(1536K)
[188.164s][info][gc,heap        ] GC(359) ParOldGen: 7474K(1398272K)->7810K(1398272K)
[188.164s][info][gc,metaspace   ] GC(359) Metaspace: 9942K(10240K)->9942K(10240K) NonClass: 8642K(8832K)->8642K(8832K) Class: 1300K(1408K)->1300K(1408K)
[188.164s][info][gc             ] GC(359) Pause Young (Allocation Failure) 84M->8M(1443M) 1.396ms
[188.164s][info][gc,cpu         ] GC(359) User=0.00s Sys=0.00s Real=0.00s
[188.477s][info][gc,start       ] GC(360) Pause Young (Allocation Failure)
[188.478s][info][gc,heap        ] GC(360) PSYoungGen: 79520K(79872K)->512K(78848K) Eden: 78336K(78336K)->0K(78336K) From: 1184K(1536K)->512K(512K)
[188.479s][info][gc,heap        ] GC(360) ParOldGen: 7810K(1398272K)->8434K(1398272K)
[188.479s][info][gc,metaspace   ] GC(360) Metaspace: 9942K(10240K)->9942K(10240K) NonClass: 8642K(8832K)->8642K(8832K) Class: 1300K(1408K)->1300K(1408K)
[188.479s][info][gc             ] GC(360) Pause Young (Allocation Failure) 85M->8M(1442M) 1.212ms
[188.479s][info][gc,cpu         ] GC(360) User=0.00s Sys=0.00s Real=0.00s
[188.790s][info][gc,start       ] GC(361) Pause Young (Allocation Failure)
[188.791s][info][gc,heap        ] GC(361) PSYoungGen: 78848K(78848K)->1248K(79872K) Eden: 78336K(78336K)->0K(78336K) From: 512K(512K)->1248K(1536K)
[188.792s][info][gc,heap        ] GC(361) ParOldGen: 8434K(1398272K)->8802K(1398272K)
[188.792s][info][gc,metaspace   ] GC(361) Metaspace: 9942K(10240K)->9942K(10240K) NonClass: 8642K(8832K)->8642K(8832K) Class: 1300K(1408K)->1300K(1408K)
[188.792s][info][gc             ] GC(361) Pause Young (Allocation Failure) 85M->9M(1443M) 1.718ms
[188.792s][info][gc,cpu         ] GC(361) User=0.00s Sys=0.00s Real=0.00s
[189.104s][info][gc,start       ] GC(362) Pause Young (Allocation Failure)
[189.105s][info][gc,heap        ] GC(362) PSYoungGen: 79584K(79872K)->1056K(79872K) Eden: 78336K(78336K)->0K(78336K) From: 1248K(1536K)->1056K(1536K)
[189.106s][info][gc,heap        ] GC(362) ParOldGen: 8802K(1398272K)->8986K(1398272K)
[189.106s][info][gc,metaspace   ] GC(362) Metaspace: 9942K(10240K)->9942K(10240K) NonClass: 8642K(8832K)->8642K(8832K) Class: 1300K(1408K)->1300K(1408K)
[189.106s][info][gc             ] GC(362) Pause Young (Allocation Failure) 86M->9M(1443M) 1.135ms
[189.106s][info][gc,cpu         ] GC(362) User=0.00s Sys=0.00s Real=0.00s
[189.418s][info][gc,start       ] GC(363) Pause Young (Allocation Failure)
[189.419s][info][gc,heap        ] GC(363) PSYoungGen: 79392K(79872K)->1056K(79872K) Eden: 78336K(78336K)->0K(78336K) From: 1056K(1536K)->1056K(1536K)
[189.419s][info][gc,heap        ] GC(363) ParOldGen: 8986K(1398272K)->9330K(1398272K)
[189.419s][info][gc,metaspace   ] GC(363) Metaspace: 9942K(10240K)->9942K(10240K) NonClass: 8642K(8832K)->8642K(8832K) Class: 1300K(1408K)->1300K(1408K)
[189.419s][info][gc             ] GC(363) Pause Young (Allocation Failure) 86M->10M(1443M) 1.505ms
[189.419s][info][gc,cpu         ] GC(363) User=0.00s Sys=0.00s Real=0.00s
[189.728s][info][gc,start       ] GC(364) Pause Young (Allocation Failure)
[189.729s][info][gc,heap        ] GC(364) PSYoungGen: 79392K(79872K)->512K(78848K) Eden: 78336K(78336K)->0K(78336K) From: 1056K(1536K)->512K(512K)
[189.729s][info][gc,heap        ] GC(364) ParOldGen: 9330K(1398272K)->9594K(1398272K)
[189.729s][info][gc,metaspace   ] GC(364) Metaspace: 9942K(10240K)->9942K(10240K) NonClass: 8642K(8832K)->8642K(8832K) Class: 1300K(1408K)->1300K(1408K)
[189.729s][info][gc             ] GC(364) Pause Young (Allocation Failure) 86M->9M(1442M) 1.157ms
[189.729s][info][gc,cpu         ] GC(364) User=0.00s Sys=0.00s Real=0.00s
[190.017s][info][gc,start       ] GC(365) Pause Young (System.gc())
[190.018s][info][gc,heap        ] GC(365) PSYoungGen: 73472K(78848K)->1056K(79872K) Eden: 72960K(78336K)->0K(78336K) From: 512K(512K)->1056K(1536K)
[190.018s][info][gc,heap        ] GC(365) ParOldGen: 9594K(1398272K)->9986K(1398272K)
[190.018s][info][gc,metaspace   ] GC(365) Metaspace: 9943K(10240K)->9943K(10240K) NonClass: 8643K(8832K)->8643K(8832K) Class: 1300K(1408K)->1300K(1408K)
[190.018s][info][gc             ] GC(365) Pause Young (System.gc()) 81M->10M(1443M) 1.477ms
[190.018s][info][gc,cpu         ] GC(365) User=0.00s Sys=0.00s Real=0.00s
[190.018s][info][gc,start       ] GC(366) Pause Full (System.gc())
[190.018s][info][gc,phases,start] GC(366) Marking Phase
[190.035s][info][gc,phases      ] GC(366) Marking Phase 16.306ms
[190.035s][info][gc,phases,start] GC(366) Summary Phase
[190.035s][info][gc,phases      ] GC(366) Summary Phase 0.028ms
[190.035s][info][gc,phases,start] GC(366) Adjust Roots
[190.039s][info][gc,phases      ] GC(366) Adjust Roots 3.938ms
[190.039s][info][gc,phases,start] GC(366) Compaction Phase
[190.043s][info][gc,phases      ] GC(366) Compaction Phase 3.904ms
[190.043s][info][gc,phases,start] GC(366) Post Compact
[190.043s][info][gc,phases      ] GC(366) Post Compact 0.739ms
[190.044s][info][gc,heap        ] GC(366) PSYoungGen: 1056K(79872K)->0K(79872K) Eden: 0K(78336K)->0K(78336K) From: 1056K(1536K)->0K(1536K)
[190.044s][info][gc,heap        ] GC(366) ParOldGen: 9986K(1398272K)->4074K(1398272K)
[190.044s][info][gc,metaspace   ] GC(366) Metaspace: 9943K(10240K)->9943K(10240K) NonClass: 8643K(8832K)->8643K(8832K) Class: 1300K(1408K)->1300K(1408K)
[190.044s][info][gc             ] GC(366) Pause Full (System.gc()) 10M->3M(1443M) 25.160ms
[190.044s][info][gc,cpu         ] GC(366) User=0.59s Sys=0.00s Real=0.03s
[190.357s][info][gc,start       ] GC(367) Pause Young (Allocation Failure)
[190.358s][info][gc,heap        ] GC(367) PSYoungGen: 78336K(79872K)->1536K(79872K) Eden: 78336K(78336K)->0K(78336K) From: 0K(1536K)->1536K(1536K)
[190.358s][info][gc,heap        ] GC(367) ParOldGen: 4074K(1398272K)->4170K(1398272K)
[190.358s][info][gc,metaspace   ] GC(367) Metaspace: 9945K(10304K)->9945K(10304K) NonClass: 8645K(8896K)->8645K(8896K) Class: 1300K(1408K)->1300K(1408K)
[190.358s][info][gc             ] GC(367) Pause Young (Allocation Failure) 80M->5M(1443M) 1.215ms
[190.358s][info][gc,cpu         ] GC(367) User=0.00s Sys=0.00s Real=0.00s
[190.676s][info][gc,start       ] GC(368) Pause Young (Allocation Failure)
[190.677s][info][gc,heap        ] GC(368) PSYoungGen: 79872K(79872K)->1248K(79872K) Eden: 78336K(78336K)->0K(78336K) From: 1536K(1536K)->1248K(1536K)
[190.678s][info][gc,heap        ] GC(368) ParOldGen: 4170K(1398272K)->4914K(1398272K)
[190.678s][info][gc,metaspace   ] GC(368) Metaspace: 9945K(10304K)->9945K(10304K) NonClass: 8645K(8896K)->8645K(8896K) Class: 1300K(1408K)->1300K(1408K)
[190.678s][info][gc             ] GC(368) Pause Young (Allocation Failure) 82M->6M(1443M) 1.727ms
[190.678s][info][gc,cpu         ] GC(368) User=0.00s Sys=0.00s Real=0.00s
[190.986s][info][gc,start       ] GC(369) Pause Young (Allocation Failure)
[190.987s][info][gc,heap        ] GC(369) PSYoungGen: 79583K(79872K)->1248K(79872K) Eden: 78335K(78336K)->0K(78336K) From: 1248K(1536K)->1248K(1536K)
[190.987s][info][gc,heap        ] GC(369) ParOldGen: 4914K(1398272K)->5266K(1398272K)
[190.987s][info][gc,metaspace   ] GC(369) Metaspace: 9945K(10304K)->9945K(10304K) NonClass: 8645K(8896K)->8645K(8896K) Class: 1300K(1408K)->1300K(1408K)
[190.987s][info][gc             ] GC(369) Pause Young (Allocation Failure) 82M->6M(1443M) 1.186ms
[190.987s][info][gc,cpu         ] GC(369) User=0.00s Sys=0.00s Real=0.00s
[191.295s][info][gc,start       ] GC(370) Pause Young (Allocation Failure)
[191.297s][info][gc,heap        ] GC(370) PSYoungGen: 79584K(79872K)->1056K(79872K) Eden: 78336K(78336K)->0K(78336K) From: 1248K(1536K)->1056K(1536K)
[191.297s][info][gc,heap        ] GC(370) ParOldGen: 5266K(1398272K)->5762K(1398272K)
[191.297s][info][gc,metaspace   ] GC(370) Metaspace: 9945K(10304K)->9945K(10304K) NonClass: 8645K(8896K)->8645K(8896K) Class: 1300K(1408K)->1300K(1408K)
[191.297s][info][gc             ] GC(370) Pause Young (Allocation Failure) 82M->6M(1443M) 1.508ms
[191.297s][info][gc,cpu         ] GC(370) User=0.00s Sys=0.00s Real=0.00s
[191.607s][info][gc,start       ] GC(371) Pause Young (Allocation Failure)
[191.608s][info][gc,heap        ] GC(371) PSYoungGen: 79392K(79872K)->1088K(79872K) Eden: 78336K(78336K)->0K(78336K) From: 1056K(1536K)->1088K(1536K)
[191.608s][info][gc,heap        ] GC(371) ParOldGen: 5762K(1398272K)->5762K(1398272K)
[191.608s][info][gc,metaspace   ] GC(371) Metaspace: 9945K(10304K)->9945K(10304K) NonClass: 8645K(8896K)->8645K(8896K) Class: 1300K(1408K)->1300K(1408K)
[191.608s][info][gc             ] GC(371) Pause Young (Allocation Failure) 83M->6M(1443M) 1.104ms
[191.608s][info][gc,cpu         ] GC(371) User=0.00s Sys=0.00s Real=0.00s
[191.910s][info][gc,start       ] GC(372) Pause Young (Allocation Failure)
[191.912s][info][gc,heap        ] GC(372) PSYoungGen: 79424K(79872K)->1056K(79872K) Eden: 78336K(78336K)->0K(78336K) From: 1088K(1536K)->1056K(1536K)
[191.912s][info][gc,heap        ] GC(372) ParOldGen: 5762K(1398272K)->6130K(1398272K)
[191.912s][info][gc,metaspace   ] GC(372) Metaspace: 9945K(10304K)->9945K(10304K) NonClass: 8645K(8896K)->8645K(8896K) Class: 1300K(1408K)->1300K(1408K)
[191.912s][info][gc             ] GC(372) Pause Young (Allocation Failure) 83M->7M(1443M) 1.442ms
[191.912s][info][gc,cpu         ] GC(372) User=0.00s Sys=0.00s Real=0.00s
[192.214s][info][gc,start       ] GC(373) Pause Young (Allocation Failure)
[192.214s][info][gc,heap        ] GC(373) PSYoungGen: 79392K(79872K)->512K(78848K) Eden: 78336K(78336K)->0K(78336K) From: 1056K(1536K)->512K(512K)
[192.214s][info][gc,heap        ] GC(373) ParOldGen: 6130K(1398272K)->6386K(1398272K)
[192.215s][info][gc,metaspace   ] GC(373) Metaspace: 9945K(10304K)->9945K(10304K) NonClass: 8645K(8896K)->8645K(8896K) Class: 1300K(1408K)->1300K(1408K)
[192.215s][info][gc             ] GC(373) Pause Young (Allocation Failure) 83M->6M(1442M) 1.055ms
[192.215s][info][gc,cpu         ] GC(373) User=0.00s Sys=0.00s Real=0.00s
[192.522s][info][gc,start       ] GC(374) Pause Young (Allocation Failure)
[192.524s][info][gc,heap        ] GC(374) PSYoungGen: 78848K(78848K)->1184K(79872K) Eden: 78336K(78336K)->0K(78336K) From: 512K(512K)->1184K(1536K)
[192.524s][info][gc,heap        ] GC(374) ParOldGen: 6386K(1398272K)->6746K(1398272K)
[192.524s][info][gc,metaspace   ] GC(374) Metaspace: 9945K(10304K)->9945K(10304K) NonClass: 8645K(8896K)->8645K(8896K) Class: 1300K(1408K)->1300K(1408K)
[192.525s][info][gc             ] GC(374) Pause Young (Allocation Failure) 83M->7M(1443M) 2.221ms
[192.525s][info][gc,cpu         ] GC(374) User=0.52s Sys=0.00s Real=0.02s
[192.828s][info][gc,start       ] GC(375) Pause Young (Allocation Failure)
[192.829s][info][gc,heap        ] GC(375) PSYoungGen: 79520K(79872K)->1120K(79872K) Eden: 78336K(78336K)->0K(78336K) From: 1184K(1536K)->1120K(1536K)
[192.829s][info][gc,heap        ] GC(375) ParOldGen: 6746K(1398272K)->7250K(1398272K)
[192.829s][info][gc,metaspace   ] GC(375) Metaspace: 9945K(10304K)->9945K(10304K) NonClass: 8645K(8896K)->8645K(8896K) Class: 1300K(1408K)->1300K(1408K)
[192.829s][info][gc             ] GC(375) Pause Young (Allocation Failure) 84M->8M(1443M) 1.208ms
[192.829s][info][gc,cpu         ] GC(375) User=0.52s Sys=0.00s Real=0.02s
[193.131s][info][gc,start       ] GC(376) Pause Young (Allocation Failure)
[193.133s][info][gc,heap        ] GC(376) PSYoungGen: 79456K(79872K)->1056K(79872K) Eden: 78336K(78336K)->0K(78336K) From: 1120K(1536K)->1056K(1536K)
[193.133s][info][gc,heap        ] GC(376) ParOldGen: 7250K(1398272K)->7250K(1398272K)
[193.133s][info][gc,metaspace   ] GC(376) Metaspace: 9945K(10304K)->9945K(10304K) NonClass: 8645K(8896K)->8645K(8896K) Class: 1300K(1408K)->1300K(1408K)
[193.133s][info][gc             ] GC(376) Pause Young (Allocation Failure) 84M->8M(1443M) 1.482ms
[193.133s][info][gc,cpu         ] GC(376) User=0.00s Sys=0.00s Real=0.00s
[193.436s][info][gc,start       ] GC(377) Pause Young (Allocation Failure)
[193.437s][info][gc,heap        ] GC(377) PSYoungGen: 79392K(79872K)->512K(78848K) Eden: 78336K(78336K)->0K(78336K) From: 1056K(1536K)->512K(512K)
[193.437s][info][gc,heap        ] GC(377) ParOldGen: 7250K(1398272K)->7578K(1398272K)
[193.437s][info][gc,metaspace   ] GC(377) Metaspace: 9945K(10304K)->9945K(10304K) NonClass: 8645K(8896K)->8645K(8896K) Class: 1300K(1408K)->1300K(1408K)
[193.437s][info][gc             ] GC(377) Pause Young (Allocation Failure) 84M->7M(1442M) 1.132ms
[193.437s][info][gc,cpu         ] GC(377) User=0.00s Sys=0.00s Real=0.00s
[193.754s][info][gc,start       ] GC(378) Pause Young (Allocation Failure)
[193.755s][info][gc,heap        ] GC(378) PSYoungGen: 78847K(78848K)->1248K(79872K) Eden: 78335K(78336K)->0K(78336K) From: 512K(512K)->1248K(1536K)
[193.755s][info][gc,heap        ] GC(378) ParOldGen: 7578K(1398272K)->8034K(1398272K)
[193.755s][info][gc,metaspace   ] GC(378) Metaspace: 9945K(10304K)->9945K(10304K) NonClass: 8645K(8896K)->8645K(8896K) Class: 1300K(1408K)->1300K(1408K)
[193.755s][info][gc             ] GC(378) Pause Young (Allocation Failure) 84M->9M(1443M) 1.460ms
[193.755s][info][gc,cpu         ] GC(378) User=0.00s Sys=0.00s Real=0.00s
[194.061s][info][gc,start       ] GC(379) Pause Young (Allocation Failure)
[194.062s][info][gc,heap        ] GC(379) PSYoungGen: 79584K(79872K)->1120K(79872K) Eden: 78336K(78336K)->0K(78336K) From: 1248K(1536K)->1120K(1536K)
[194.062s][info][gc,heap        ] GC(379) ParOldGen: 8034K(1398272K)->8394K(1398272K)
[194.062s][info][gc,metaspace   ] GC(379) Metaspace: 9945K(10304K)->9945K(10304K) NonClass: 8645K(8896K)->8645K(8896K) Class: 1300K(1408K)->1300K(1408K)
[194.062s][info][gc             ] GC(379) Pause Young (Allocation Failure) 85M->9M(1443M) 1.232ms
[194.062s][info][gc,cpu         ] GC(379) User=0.52s Sys=0.00s Real=0.02s
[194.375s][info][gc,start       ] GC(380) Pause Young (Allocation Failure)
[194.376s][info][gc,heap        ] GC(380) PSYoungGen: 79456K(79872K)->1056K(79872K) Eden: 78336K(78336K)->0K(78336K) From: 1120K(1536K)->1056K(1536K)
[194.376s][info][gc,heap        ] GC(380) ParOldGen: 8394K(1398272K)->8394K(1398272K)
[194.376s][info][gc,metaspace   ] GC(380) Metaspace: 9945K(10304K)->9945K(10304K) NonClass: 8645K(8896K)->8645K(8896K) Class: 1300K(1408K)->1300K(1408K)
[194.376s][info][gc             ] GC(380) Pause Young (Allocation Failure) 85M->9M(1443M) 1.351ms
[194.376s][info][gc,cpu         ] GC(380) User=0.00s Sys=0.00s Real=0.00s
[194.687s][info][gc,start       ] GC(381) Pause Young (Allocation Failure)
[194.688s][info][gc,heap        ] GC(381) PSYoungGen: 79392K(79872K)->512K(78848K) Eden: 78336K(78336K)->0K(78336K) From: 1056K(1536K)->512K(512K)
[194.688s][info][gc,heap        ] GC(381) ParOldGen: 8394K(1398272K)->8618K(1398272K)
[194.688s][info][gc,metaspace   ] GC(381) Metaspace: 9945K(10304K)->9945K(10304K) NonClass: 8645K(8896K)->8645K(8896K) Class: 1300K(1408K)->1300K(1408K)
[194.688s][info][gc             ] GC(381) Pause Young (Allocation Failure) 85M->8M(1442M) 1.100ms
[194.688s][info][gc,cpu         ] GC(381) User=0.00s Sys=0.00s Real=0.00s
[194.998s][info][gc,start       ] GC(382) Pause Young (Allocation Failure)
[195.000s][info][gc,heap        ] GC(382) PSYoungGen: 78848K(78848K)->1152K(79872K) Eden: 78336K(78336K)->0K(78336K) From: 512K(512K)->1152K(1536K)
[195.000s][info][gc,heap        ] GC(382) ParOldGen: 8618K(1398272K)->8946K(1398272K)
[195.000s][info][gc,metaspace   ] GC(382) Metaspace: 9945K(10304K)->9945K(10304K) NonClass: 8645K(8896K)->8645K(8896K) Class: 1300K(1408K)->1300K(1408K)
[195.000s][info][gc             ] GC(382) Pause Young (Allocation Failure) 85M->9M(1443M) 1.782ms
[195.000s][info][gc,cpu         ] GC(382) User=0.00s Sys=0.00s Real=0.00s
[195.305s][info][gc,start       ] GC(383) Pause Young (Allocation Failure)
[195.306s][info][gc,heap        ] GC(383) PSYoungGen: 79488K(79872K)->1024K(79360K) Eden: 78336K(78336K)->0K(78336K) From: 1152K(1536K)->1024K(1024K)
[195.306s][info][gc,heap        ] GC(383) ParOldGen: 8946K(1398272K)->9298K(1398272K)
[195.307s][info][gc,metaspace   ] GC(383) Metaspace: 9945K(10304K)->9945K(10304K) NonClass: 8645K(8896K)->8645K(8896K) Class: 1300K(1408K)->1300K(1408K)
[195.307s][info][gc             ] GC(383) Pause Young (Allocation Failure) 86M->10M(1443M) 1.407ms
[195.307s][info][gc,cpu         ] GC(383) User=0.00s Sys=0.00s Real=0.00s
[195.615s][info][gc,start       ] GC(384) Pause Young (Allocation Failure)
[195.616s][info][gc,heap        ] GC(384) PSYoungGen: 79360K(79360K)->1056K(79872K) Eden: 78336K(78336K)->0K(78336K) From: 1024K(1024K)->1056K(1536K)
[195.616s][info][gc,heap        ] GC(384) ParOldGen: 9298K(1398272K)->9298K(1398272K)
[195.616s][info][gc,metaspace   ] GC(384) Metaspace: 9945K(10304K)->9945K(10304K) NonClass: 8645K(8896K)->8645K(8896K) Class: 1300K(1408K)->1300K(1408K)
[195.616s][info][gc             ] GC(384) Pause Young (Allocation Failure) 86M->10M(1443M) 1.522ms
[195.616s][info][gc,cpu         ] GC(384) User=0.00s Sys=0.00s Real=0.00s
[195.925s][info][gc,start       ] GC(385) Pause Young (Allocation Failure)
[195.926s][info][gc,heap        ] GC(385) PSYoungGen: 79392K(79872K)->1024K(79360K) Eden: 78336K(78336K)->0K(78336K) From: 1056K(1536K)->1024K(1024K)
[195.926s][info][gc,heap        ] GC(385) ParOldGen: 9298K(1398272K)->9370K(1398272K)
[195.926s][info][gc,metaspace   ] GC(385) Metaspace: 9945K(10304K)->9945K(10304K) NonClass: 8645K(8896K)->8645K(8896K) Class: 1300K(1408K)->1300K(1408K)
[195.926s][info][gc             ] GC(385) Pause Young (Allocation Failure) 86M->10M(1443M) 1.115ms
[195.926s][info][gc,cpu         ] GC(385) User=0.00s Sys=0.02s Real=0.02s
[196.235s][info][gc,start       ] GC(386) Pause Young (Allocation Failure)
[196.236s][info][gc,heap        ] GC(386) PSYoungGen: 79360K(79360K)->1152K(79872K) Eden: 78336K(78336K)->0K(78336K) From: 1024K(1024K)->1152K(1536K)
[196.236s][info][gc,heap        ] GC(386) ParOldGen: 9370K(1398272K)->9698K(1398272K)
[196.236s][info][gc,metaspace   ] GC(386) Metaspace: 9945K(10304K)->9945K(10304K) NonClass: 8645K(8896K)->8645K(8896K) Class: 1300K(1408K)->1300K(1408K)
[196.236s][info][gc             ] GC(386) Pause Young (Allocation Failure) 86M->10M(1443M) 1.347ms
[196.236s][info][gc,cpu         ] GC(386) User=0.00s Sys=0.00s Real=0.00s
[196.527s][info][gc,start       ] GC(387) Pause Young (System.gc())
[196.528s][info][gc,heap        ] GC(387) PSYoungGen: 74237K(79872K)->1024K(79360K) Eden: 73085K(78336K)->0K(78336K) From: 1152K(1536K)->1024K(1024K)
[196.528s][info][gc,heap        ] GC(387) ParOldGen: 9698K(1398272K)->10082K(1398272K)
[196.528s][info][gc,metaspace   ] GC(387) Metaspace: 9947K(10304K)->9947K(10304K) NonClass: 8647K(8896K)->8647K(8896K) Class: 1300K(1408K)->1300K(1408K)
[196.528s][info][gc             ] GC(387) Pause Young (System.gc()) 81M->10M(1443M) 1.227ms
[196.528s][info][gc,cpu         ] GC(387) User=0.00s Sys=0.00s Real=0.00s
[196.529s][info][gc,start       ] GC(388) Pause Full (System.gc())
[196.529s][info][gc,phases,start] GC(388) Marking Phase
[196.545s][info][gc,phases      ] GC(388) Marking Phase 16.390ms
[196.545s][info][gc,phases,start] GC(388) Summary Phase
[196.545s][info][gc,phases      ] GC(388) Summary Phase 0.023ms
[196.545s][info][gc,phases,start] GC(388) Adjust Roots
[196.549s][info][gc,phases      ] GC(388) Adjust Roots 3.916ms
[196.549s][info][gc,phases,start] GC(388) Compaction Phase
[196.553s][info][gc,phases      ] GC(388) Compaction Phase 3.844ms
[196.553s][info][gc,phases,start] GC(388) Post Compact
[196.554s][info][gc,phases      ] GC(388) Post Compact 0.763ms
[196.554s][info][gc,heap        ] GC(388) PSYoungGen: 1024K(79360K)->0K(79360K) Eden: 0K(78336K)->0K(78336K) From: 1024K(1024K)->0K(1024K)
[196.554s][info][gc,heap        ] GC(388) ParOldGen: 10082K(1398272K)->4074K(1398272K)
[196.554s][info][gc,metaspace   ] GC(388) Metaspace: 9947K(10304K)->9947K(10304K) NonClass: 8647K(8896K)->8647K(8896K) Class: 1300K(1408K)->1300K(1408K)
[196.554s][info][gc             ] GC(388) Pause Full (System.gc()) 10M->3M(1443M) 25.193ms
[196.554s][info][gc,cpu         ] GC(388) User=0.02s Sys=0.00s Real=0.02s
[196.857s][info][gc,start       ] GC(389) Pause Young (Allocation Failure)
[196.859s][info][gc,heap        ] GC(389) PSYoungGen: 78336K(79360K)->1536K(79872K) Eden: 78336K(78336K)->0K(78336K) From: 0K(1024K)->1536K(1536K)
[196.859s][info][gc,heap        ] GC(389) ParOldGen: 4074K(1398272K)->4186K(1398272K)
[196.859s][info][gc,metaspace   ] GC(389) Metaspace: 9948K(10304K)->9948K(10304K) NonClass: 8648K(8896K)->8648K(8896K) Class: 1300K(1408K)->1300K(1408K)
[196.859s][info][gc             ] GC(389) Pause Young (Allocation Failure) 80M->5M(1443M) 1.405ms
[196.859s][info][gc,cpu         ] GC(389) User=0.00s Sys=0.00s Real=0.00s
[197.166s][info][gc,start       ] GC(390) Pause Young (Allocation Failure)
[197.168s][info][gc,heap        ] GC(390) PSYoungGen: 79872K(79872K)->1024K(79360K) Eden: 78336K(78336K)->0K(78336K) From: 1536K(1536K)->1024K(1024K)
[197.168s][info][gc,heap        ] GC(390) ParOldGen: 4186K(1398272K)->4914K(1398272K)
[197.168s][info][gc,metaspace   ] GC(390) Metaspace: 9948K(10304K)->9948K(10304K) NonClass: 8648K(8896K)->8648K(8896K) Class: 1300K(1408K)->1300K(1408K)
[197.168s][info][gc             ] GC(390) Pause Young (Allocation Failure) 82M->5M(1443M) 1.401ms
[197.168s][info][gc,cpu         ] GC(390) User=0.00s Sys=0.00s Real=0.00s
[197.481s][info][gc,start       ] GC(391) Pause Young (Allocation Failure)
[197.482s][info][gc,heap        ] GC(391) PSYoungGen: 79360K(79360K)->1408K(79872K) Eden: 78336K(78336K)->0K(78336K) From: 1024K(1024K)->1408K(1536K)
[197.482s][info][gc,heap        ] GC(391) ParOldGen: 4914K(1398272K)->5330K(1398272K)
[197.482s][info][gc,metaspace   ] GC(391) Metaspace: 9948K(10304K)->9948K(10304K) NonClass: 8648K(8896K)->8648K(8896K) Class: 1300K(1408K)->1300K(1408K)
[197.482s][info][gc             ] GC(391) Pause Young (Allocation Failure) 82M->6M(1443M) 1.476ms
[197.482s][info][gc,cpu         ] GC(391) User=0.00s Sys=0.00s Real=0.00s
[197.790s][info][gc,start       ] GC(392) Pause Young (Allocation Failure)
[197.791s][info][gc,heap        ] GC(392) PSYoungGen: 79744K(79872K)->1280K(79872K) Eden: 78336K(78336K)->0K(78336K) From: 1408K(1536K)->1280K(1536K)
[197.791s][info][gc,heap        ] GC(392) ParOldGen: 5330K(1398272K)->5882K(1398272K)
[197.791s][info][gc,metaspace   ] GC(392) Metaspace: 9948K(10304K)->9948K(10304K) NonClass: 8648K(8896K)->8648K(8896K) Class: 1300K(1408K)->1300K(1408K)
[197.791s][info][gc             ] GC(392) Pause Young (Allocation Failure) 83M->6M(1443M) 1.440ms
[197.792s][info][gc,cpu         ] GC(392) User=0.02s Sys=0.00s Real=0.02s
[198.098s][info][gc,start       ] GC(393) Pause Young (Allocation Failure)
[198.100s][info][gc,heap        ] GC(393) PSYoungGen: 79616K(79872K)->1120K(79872K) Eden: 78336K(78336K)->0K(78336K) From: 1280K(1536K)->1120K(1536K)
[198.100s][info][gc,heap        ] GC(393) ParOldGen: 5882K(1398272K)->6242K(1398272K)
[198.100s][info][gc,metaspace   ] GC(393) Metaspace: 9948K(10304K)->9948K(10304K) NonClass: 8648K(8896K)->8648K(8896K) Class: 1300K(1408K)->1300K(1408K)
[198.100s][info][gc             ] GC(393) Pause Young (Allocation Failure) 83M->7M(1443M) 1.396ms
[198.100s][info][gc,cpu         ] GC(393) User=0.00s Sys=0.00s Real=0.00s
[198.414s][info][gc,start       ] GC(394) Pause Young (Allocation Failure)
[198.415s][info][gc,heap        ] GC(394) PSYoungGen: 79456K(79872K)->1376K(79872K) Eden: 78336K(78336K)->0K(78336K) From: 1120K(1536K)->1376K(1536K)
[198.415s][info][gc,heap        ] GC(394) ParOldGen: 6242K(1398272K)->6586K(1398272K)
[198.416s][info][gc,metaspace   ] GC(394) Metaspace: 9948K(10304K)->9948K(10304K) NonClass: 8648K(8896K)->8648K(8896K) Class: 1300K(1408K)->1300K(1408K)
[198.416s][info][gc             ] GC(394) Pause Young (Allocation Failure) 83M->7M(1443M) 1.243ms
[198.416s][info][gc,cpu         ] GC(394) User=0.00s Sys=0.00s Real=0.00s
[198.723s][info][gc,start       ] GC(395) Pause Young (Allocation Failure)
[198.725s][info][gc,heap        ] GC(395) PSYoungGen: 79712K(79872K)->1184K(79872K) Eden: 78336K(78336K)->0K(78336K) From: 1376K(1536K)->1184K(1536K)
[198.725s][info][gc,heap        ] GC(395) ParOldGen: 6586K(1398272K)->7138K(1398272K)
[198.725s][info][gc,metaspace   ] GC(395) Metaspace: 9948K(10304K)->9948K(10304K) NonClass: 8648K(8896K)->8648K(8896K) Class: 1300K(1408K)->1300K(1408K)
[198.725s][info][gc             ] GC(395) Pause Young (Allocation Failure) 84M->8M(1443M) 1.907ms
[198.725s][info][gc,cpu         ] GC(395) User=0.00s Sys=0.00s Real=0.00s
[199.039s][info][gc,start       ] GC(396) Pause Young (Allocation Failure)
[199.040s][info][gc,heap        ] GC(396) PSYoungGen: 79520K(79872K)->1056K(79872K) Eden: 78336K(78336K)->0K(78336K) From: 1184K(1536K)->1056K(1536K)
[199.040s][info][gc,heap        ] GC(396) ParOldGen: 7138K(1398272K)->7218K(1398272K)
[199.040s][info][gc,metaspace   ] GC(396) Metaspace: 9948K(10304K)->9948K(10304K) NonClass: 8648K(8896K)->8648K(8896K) Class: 1300K(1408K)->1300K(1408K)
[199.040s][info][gc             ] GC(396) Pause Young (Allocation Failure) 84M->8M(1443M) 1.074ms
[199.040s][info][gc,cpu         ] GC(396) User=0.00s Sys=0.00s Real=0.00s
[199.356s][info][gc,start       ] GC(397) Pause Young (Allocation Failure)
[199.357s][info][gc,heap        ] GC(397) PSYoungGen: 79392K(79872K)->1056K(79872K) Eden: 78336K(78336K)->0K(78336K) From: 1056K(1536K)->1056K(1536K)
[199.357s][info][gc,heap        ] GC(397) ParOldGen: 7218K(1398272K)->7570K(1398272K)
[199.357s][info][gc,metaspace   ] GC(397) Metaspace: 9948K(10304K)->9948K(10304K) NonClass: 8648K(8896K)->8648K(8896K) Class: 1300K(1408K)->1300K(1408K)
[199.357s][info][gc             ] GC(397) Pause Young (Allocation Failure) 84M->8M(1443M) 1.391ms
[199.357s][info][gc,cpu         ] GC(397) User=0.00s Sys=0.00s Real=0.00s
[199.670s][info][gc,start       ] GC(398) Pause Young (Allocation Failure)
[199.671s][info][gc,heap        ] GC(398) PSYoungGen: 79392K(79872K)->1056K(79872K) Eden: 78336K(78336K)->0K(78336K) From: 1056K(1536K)->1056K(1536K)
[199.671s][info][gc,heap        ] GC(398) ParOldGen: 7570K(1398272K)->7570K(1398272K)
[199.671s][info][gc,metaspace   ] GC(398) Metaspace: 9948K(10304K)->9948K(10304K) NonClass: 8648K(8896K)->8648K(8896K) Class: 1300K(1408K)->1300K(1408K)
[199.671s][info][gc             ] GC(398) Pause Young (Allocation Failure) 84M->8M(1443M) 1.118ms
[199.671s][info][gc,cpu         ] GC(398) User=0.00s Sys=0.00s Real=0.00s
[199.974s][info][gc,start       ] GC(399) Pause Young (Allocation Failure)
[199.975s][info][gc,heap        ] GC(399) PSYoungGen: 79392K(79872K)->1056K(79872K) Eden: 78336K(78336K)->0K(78336K) From: 1056K(1536K)->1056K(1536K)
[199.975s][info][gc,heap        ] GC(399) ParOldGen: 7570K(1398272K)->7570K(1398272K)
[199.975s][info][gc,metaspace   ] GC(399) Metaspace: 9948K(10304K)->9948K(10304K) NonClass: 8648K(8896K)->8648K(8896K) Class: 1300K(1408K)->1300K(1408K)
[199.975s][info][gc             ] GC(399) Pause Young (Allocation Failure) 84M->8M(1443M) 1.530ms
[199.975s][info][gc,cpu         ] GC(399) User=0.00s Sys=0.00s Real=0.00s
[200.278s][info][gc,start       ] GC(400) Pause Young (Allocation Failure)
[200.279s][info][gc,heap        ] GC(400) PSYoungGen: 79392K(79872K)->1120K(79872K) Eden: 78336K(78336K)->0K(78336K) From: 1056K(1536K)->1120K(1536K)
[200.279s][info][gc,heap        ] GC(400) ParOldGen: 7570K(1398272K)->7602K(1398272K)
[200.279s][info][gc,metaspace   ] GC(400) Metaspace: 9948K(10304K)->9948K(10304K) NonClass: 8648K(8896K)->8648K(8896K) Class: 1300K(1408K)->1300K(1408K)
[200.279s][info][gc             ] GC(400) Pause Young (Allocation Failure) 84M->8M(1443M) 1.101ms
[200.279s][info][gc,cpu         ] GC(400) User=0.00s Sys=0.00s Real=0.00s
[200.592s][info][gc,start       ] GC(401) Pause Young (Allocation Failure)
[200.594s][info][gc,heap        ] GC(401) PSYoungGen: 79456K(79872K)->1024K(79360K) Eden: 78336K(78336K)->0K(78336K) From: 1120K(1536K)->1024K(1024K)
[200.594s][info][gc,heap        ] GC(401) ParOldGen: 7602K(1398272K)->8114K(1398272K)
[200.594s][info][gc,metaspace   ] GC(401) Metaspace: 9948K(10304K)->9948K(10304K) NonClass: 8648K(8896K)->8648K(8896K) Class: 1300K(1408K)->1300K(1408K)
[200.594s][info][gc             ] GC(401) Pause Young (Allocation Failure) 85M->8M(1443M) 1.558ms
[200.594s][info][gc,cpu         ] GC(401) User=0.00s Sys=0.00s Real=0.00s
[200.906s][info][gc,start       ] GC(402) Pause Young (Allocation Failure)
[200.907s][info][gc,heap        ] GC(402) PSYoungGen: 79360K(79360K)->1056K(79872K) Eden: 78336K(78336K)->0K(78336K) From: 1024K(1024K)->1056K(1536K)
[200.907s][info][gc,heap        ] GC(402) ParOldGen: 8114K(1398272K)->8178K(1398272K)
[200.907s][info][gc,metaspace   ] GC(402) Metaspace: 9948K(10304K)->9948K(10304K) NonClass: 8648K(8896K)->8648K(8896K) Class: 1300K(1408K)->1300K(1408K)
[200.907s][info][gc             ] GC(402) Pause Young (Allocation Failure) 85M->9M(1443M) 1.041ms
[200.907s][info][gc,cpu         ] GC(402) User=0.00s Sys=0.00s Real=0.00s
[201.224s][info][gc,start       ] GC(403) Pause Young (Allocation Failure)
[201.225s][info][gc,heap        ] GC(403) PSYoungGen: 79392K(79872K)->1184K(79872K) Eden: 78336K(78336K)->0K(78336K) From: 1056K(1536K)->1184K(1536K)
[201.225s][info][gc,heap        ] GC(403) ParOldGen: 8178K(1398272K)->8538K(1398272K)
[201.225s][info][gc,metaspace   ] GC(403) Metaspace: 9948K(10304K)->9948K(10304K) NonClass: 8648K(8896K)->8648K(8896K) Class: 1300K(1408K)->1300K(1408K)
[201.225s][info][gc             ] GC(403) Pause Young (Allocation Failure) 85M->9M(1443M) 1.444ms
[201.225s][info][gc,cpu         ] GC(403) User=0.00s Sys=0.00s Real=0.00s
[201.536s][info][gc,start       ] GC(404) Pause Young (Allocation Failure)
[201.537s][info][gc,heap        ] GC(404) PSYoungGen: 79520K(79872K)->512K(78848K) Eden: 78336K(78336K)->0K(78336K) From: 1184K(1536K)->512K(512K)
[201.537s][info][gc,heap        ] GC(404) ParOldGen: 8538K(1398272K)->9034K(1398272K)
[201.537s][info][gc,metaspace   ] GC(404) Metaspace: 9948K(10304K)->9948K(10304K) NonClass: 8648K(8896K)->8648K(8896K) Class: 1300K(1408K)->1300K(1408K)
[201.537s][info][gc             ] GC(404) Pause Young (Allocation Failure) 85M->9M(1442M) 1.150ms
[201.537s][info][gc,cpu         ] GC(404) User=0.00s Sys=0.00s Real=0.00s
[201.849s][info][gc,start       ] GC(405) Pause Young (Allocation Failure)
[201.850s][info][gc,heap        ] GC(405) PSYoungGen: 78848K(78848K)->1344K(79872K) Eden: 78336K(78336K)->0K(78336K) From: 512K(512K)->1344K(1536K)
[201.851s][info][gc,heap        ] GC(405) ParOldGen: 9034K(1398272K)->9338K(1398272K)
[201.851s][info][gc,metaspace   ] GC(405) Metaspace: 9948K(10304K)->9948K(10304K) NonClass: 8648K(8896K)->8648K(8896K) Class: 1300K(1408K)->1300K(1408K)
[201.851s][info][gc             ] GC(405) Pause Young (Allocation Failure) 85M->10M(1443M) 1.232ms
[201.851s][info][gc,cpu         ] GC(405) User=0.00s Sys=0.00s Real=0.00s
[202.154s][info][gc,start       ] GC(406) Pause Young (Allocation Failure)
[202.155s][info][gc,heap        ] GC(406) PSYoungGen: 79680K(79872K)->1088K(79872K) Eden: 78336K(78336K)->0K(78336K) From: 1344K(1536K)->1088K(1536K)
[202.155s][info][gc,heap        ] GC(406) ParOldGen: 9338K(1398272K)->9898K(1398272K)
[202.155s][info][gc,metaspace   ] GC(406) Metaspace: 9948K(10304K)->9948K(10304K) NonClass: 8648K(8896K)->8648K(8896K) Class: 1300K(1408K)->1300K(1408K)
[202.155s][info][gc             ] GC(406) Pause Young (Allocation Failure) 86M->10M(1443M) 1.169ms
[202.155s][info][gc,cpu         ] GC(406) User=0.00s Sys=0.00s Real=0.00s
[202.462s][info][gc,start       ] GC(407) Pause Young (Allocation Failure)
[202.464s][info][gc,heap        ] GC(407) PSYoungGen: 79424K(79872K)->1056K(79872K) Eden: 78336K(78336K)->0K(78336K) From: 1088K(1536K)->1056K(1536K)
[202.464s][info][gc,heap        ] GC(407) ParOldGen: 9898K(1398272K)->9898K(1398272K)
[202.464s][info][gc,metaspace   ] GC(407) Metaspace: 9948K(10304K)->9948K(10304K) NonClass: 8648K(8896K)->8648K(8896K) Class: 1300K(1408K)->1300K(1408K)
[202.464s][info][gc             ] GC(407) Pause Young (Allocation Failure) 87M->10M(1443M) 1.289ms
[202.464s][info][gc,cpu         ] GC(407) User=0.00s Sys=0.00s Real=0.00s
[202.782s][info][gc,start       ] GC(408) Pause Young (Allocation Failure)
[202.783s][info][gc,heap        ] GC(408) PSYoungGen: 79392K(79872K)->512K(78848K) Eden: 78336K(78336K)->0K(78336K) From: 1056K(1536K)->512K(512K)
[202.783s][info][gc,heap        ] GC(408) ParOldGen: 9898K(1398272K)->10162K(1398272K)
[202.783s][info][gc,metaspace   ] GC(408) Metaspace: 9948K(10304K)->9948K(10304K) NonClass: 8648K(8896K)->8648K(8896K) Class: 1300K(1408K)->1300K(1408K)
[202.783s][info][gc             ] GC(408) Pause Young (Allocation Failure) 87M->10M(1442M) 1.076ms
[202.783s][info][gc,cpu         ] GC(408) User=0.00s Sys=0.00s Real=0.00s
[203.064s][info][gc,start       ] GC(409) Pause Young (System.gc())
[203.065s][info][gc,heap        ] GC(409) PSYoungGen: 70289K(78848K)->960K(79872K) Eden: 69777K(78336K)->0K(78336K) From: 512K(512K)->960K(1536K)
[203.065s][info][gc,heap        ] GC(409) ParOldGen: 10162K(1398272K)->10450K(1398272K)
[203.065s][info][gc,metaspace   ] GC(409) Metaspace: 9949K(10304K)->9949K(10304K) NonClass: 8649K(8896K)->8649K(8896K) Class: 1300K(1408K)->1300K(1408K)
[203.065s][info][gc             ] GC(409) Pause Young (System.gc()) 78M->11M(1443M) 1.528ms
[203.065s][info][gc,cpu         ] GC(409) User=0.00s Sys=0.00s Real=0.00s
[203.066s][info][gc,start       ] GC(410) Pause Full (System.gc())
[203.066s][info][gc,phases,start] GC(410) Marking Phase
[203.081s][info][gc,phases      ] GC(410) Marking Phase 15.479ms
[203.081s][info][gc,phases,start] GC(410) Summary Phase
[203.081s][info][gc,phases      ] GC(410) Summary Phase 0.021ms
[203.081s][info][gc,phases,start] GC(410) Adjust Roots
[203.086s][info][gc,phases      ] GC(410) Adjust Roots 4.561ms
[203.086s][info][gc,phases,start] GC(410) Compaction Phase
[203.089s][info][gc,phases      ] GC(410) Compaction Phase 3.433ms
[203.089s][info][gc,phases,start] GC(410) Post Compact
[203.090s][info][gc,phases      ] GC(410) Post Compact 0.786ms
[203.090s][info][gc,heap        ] GC(410) PSYoungGen: 960K(79872K)->0K(79872K) Eden: 0K(78336K)->0K(78336K) From: 960K(1536K)->0K(1536K)
[203.090s][info][gc,heap        ] GC(410) ParOldGen: 10450K(1398272K)->4074K(1398272K)
[203.090s][info][gc,metaspace   ] GC(410) Metaspace: 9949K(10304K)->9949K(10304K) NonClass: 8649K(8896K)->8649K(8896K) Class: 1300K(1408K)->1300K(1408K)
[203.090s][info][gc             ] GC(410) Pause Full (System.gc()) 11M->3M(1443M) 24.557ms
[203.090s][info][gc,cpu         ] GC(410) User=0.53s Sys=0.00s Real=0.03s
[203.392s][info][gc,start       ] GC(411) Pause Young (Allocation Failure)
[203.393s][info][gc,heap        ] GC(411) PSYoungGen: 78336K(79872K)->1536K(79872K) Eden: 78336K(78336K)->0K(78336K) From: 0K(1536K)->1536K(1536K)
[203.393s][info][gc,heap        ] GC(411) ParOldGen: 4074K(1398272K)->4162K(1398272K)
[203.393s][info][gc,metaspace   ] GC(411) Metaspace: 9949K(10304K)->9949K(10304K) NonClass: 8649K(8896K)->8649K(8896K) Class: 1300K(1408K)->1300K(1408K)
[203.393s][info][gc             ] GC(411) Pause Young (Allocation Failure) 80M->5M(1443M) 1.307ms
[203.393s][info][gc,cpu         ] GC(411) User=0.00s Sys=0.00s Real=0.00s
[203.698s][info][gc,start       ] GC(412) Pause Young (Allocation Failure)
[203.700s][info][gc,heap        ] GC(412) PSYoungGen: 79872K(79872K)->1504K(79872K) Eden: 78336K(78336K)->0K(78336K) From: 1536K(1536K)->1504K(1536K)
[203.700s][info][gc,heap        ] GC(412) ParOldGen: 4162K(1398272K)->4586K(1398272K)
[203.700s][info][gc,metaspace   ] GC(412) Metaspace: 9949K(10304K)->9949K(10304K) NonClass: 8649K(8896K)->8649K(8896K) Class: 1300K(1408K)->1300K(1408K)
[203.700s][info][gc             ] GC(412) Pause Young (Allocation Failure) 82M->5M(1443M) 1.777ms
[203.700s][info][gc,cpu         ] GC(412) User=0.00s Sys=0.00s Real=0.00s
[204.013s][info][gc,start       ] GC(413) Pause Young (Allocation Failure)
[204.015s][info][gc,heap        ] GC(413) PSYoungGen: 79840K(79872K)->1280K(79872K) Eden: 78336K(78336K)->0K(78336K) From: 1504K(1536K)->1280K(1536K)
[204.015s][info][gc,heap        ] GC(413) ParOldGen: 4586K(1398272K)->5354K(1398272K)
[204.015s][info][gc,metaspace   ] GC(413) Metaspace: 9949K(10304K)->9949K(10304K) NonClass: 8649K(8896K)->8649K(8896K) Class: 1300K(1408K)->1300K(1408K)
[204.015s][info][gc             ] GC(413) Pause Young (Allocation Failure) 82M->6M(1443M) 1.390ms
[204.015s][info][gc,cpu         ] GC(413) User=0.52s Sys=0.00s Real=0.01s
[204.325s][info][gc,start       ] GC(414) Pause Young (Allocation Failure)
[204.326s][info][gc,heap        ] GC(414) PSYoungGen: 79616K(79872K)->1056K(79872K) Eden: 78336K(78336K)->0K(78336K) From: 1280K(1536K)->1056K(1536K)
[204.326s][info][gc,heap        ] GC(414) ParOldGen: 5354K(1398272K)->5698K(1398272K)
[204.326s][info][gc,metaspace   ] GC(414) Metaspace: 9949K(10304K)->9949K(10304K) NonClass: 8649K(8896K)->8649K(8896K) Class: 1300K(1408K)->1300K(1408K)
[204.326s][info][gc             ] GC(414) Pause Young (Allocation Failure) 82M->6M(1443M) 1.560ms
[204.326s][info][gc,cpu         ] GC(414) User=0.00s Sys=0.00s Real=0.00s
[204.643s][info][gc,start       ] GC(415) Pause Young (Allocation Failure)
[204.644s][info][gc,heap        ] GC(415) PSYoungGen: 79392K(79872K)->1056K(79872K) Eden: 78336K(78336K)->0K(78336K) From: 1056K(1536K)->1056K(1536K)
[204.644s][info][gc,heap        ] GC(415) ParOldGen: 5698K(1398272K)->5698K(1398272K)
[204.644s][info][gc,metaspace   ] GC(415) Metaspace: 9949K(10304K)->9949K(10304K) NonClass: 8649K(8896K)->8649K(8896K) Class: 1300K(1408K)->1300K(1408K)
[204.644s][info][gc             ] GC(415) Pause Young (Allocation Failure) 83M->6M(1443M) 1.114ms
[204.644s][info][gc,cpu         ] GC(415) User=0.00s Sys=0.00s Real=0.00s
[204.955s][info][gc,start       ] GC(416) Pause Young (Allocation Failure)
[204.957s][info][gc,heap        ] GC(416) PSYoungGen: 79392K(79872K)->992K(79360K) Eden: 78336K(78336K)->0K(78336K) From: 1056K(1536K)->992K(1024K)
[204.957s][info][gc,heap        ] GC(416) ParOldGen: 5698K(1398272K)->6090K(1398272K)
[204.957s][info][gc,metaspace   ] GC(416) Metaspace: 9949K(10304K)->9949K(10304K) NonClass: 8649K(8896K)->8649K(8896K) Class: 1300K(1408K)->1300K(1408K)
[204.957s][info][gc             ] GC(416) Pause Young (Allocation Failure) 83M->6M(1443M) 1.630ms
[204.957s][info][gc,cpu         ] GC(416) User=0.00s Sys=0.00s Real=0.00s
[205.263s][info][gc,start       ] GC(417) Pause Young (Allocation Failure)
[205.264s][info][gc,heap        ] GC(417) PSYoungGen: 79328K(79360K)->1088K(79872K) Eden: 78336K(78336K)->0K(78336K) From: 992K(1024K)->1088K(1536K)
[205.264s][info][gc,heap        ] GC(417) ParOldGen: 6090K(1398272K)->6090K(1398272K)
[205.264s][info][gc,metaspace   ] GC(417) Metaspace: 9949K(10304K)->9949K(10304K) NonClass: 8649K(8896K)->8649K(8896K) Class: 1300K(1408K)->1300K(1408K)
[205.264s][info][gc             ] GC(417) Pause Young (Allocation Failure) 83M->7M(1443M) 1.441ms
[205.264s][info][gc,cpu         ] GC(417) User=0.00s Sys=0.00s Real=0.00s
[205.577s][info][gc,start       ] GC(418) Pause Young (Allocation Failure)
[205.578s][info][gc,heap        ] GC(418) PSYoungGen: 79424K(79872K)->960K(79360K) Eden: 78336K(78336K)->0K(78336K) From: 1088K(1536K)->960K(1024K)
[205.578s][info][gc,heap        ] GC(418) ParOldGen: 6090K(1398272K)->6458K(1398272K)
[205.578s][info][gc,metaspace   ] GC(418) Metaspace: 9949K(10304K)->9949K(10304K) NonClass: 8649K(8896K)->8649K(8896K) Class: 1300K(1408K)->1300K(1408K)
[205.578s][info][gc             ] GC(418) Pause Young (Allocation Failure) 83M->7M(1443M) 1.362ms
[205.578s][info][gc,cpu         ] GC(418) User=0.00s Sys=0.00s Real=0.00s
[205.893s][info][gc,start       ] GC(419) Pause Young (Allocation Failure)
[205.894s][info][gc,heap        ] GC(419) PSYoungGen: 79296K(79360K)->1056K(79872K) Eden: 78336K(78336K)->0K(78336K) From: 960K(1024K)->1056K(1536K)
[205.894s][info][gc,heap        ] GC(419) ParOldGen: 6458K(1398272K)->6458K(1398272K)
[205.894s][info][gc,metaspace   ] GC(419) Metaspace: 9949K(10304K)->9949K(10304K) NonClass: 8649K(8896K)->8649K(8896K) Class: 1300K(1408K)->1300K(1408K)
[205.894s][info][gc             ] GC(419) Pause Young (Allocation Failure) 83M->7M(1443M) 1.324ms
[205.894s][info][gc,cpu         ] GC(419) User=0.02s Sys=0.00s Real=0.02s
[206.215s][info][gc,start       ] GC(420) Pause Young (Allocation Failure)
[206.216s][info][gc,heap        ] GC(420) PSYoungGen: 79392K(79872K)->1024K(79360K) Eden: 78336K(78336K)->0K(78336K) From: 1056K(1536K)->1024K(1024K)
[206.216s][info][gc,heap        ] GC(420) ParOldGen: 6458K(1398272K)->6842K(1398272K)
[206.216s][info][gc,metaspace   ] GC(420) Metaspace: 9949K(10304K)->9949K(10304K) NonClass: 8649K(8896K)->8649K(8896K) Class: 1300K(1408K)->1300K(1408K)
[206.216s][info][gc             ] GC(420) Pause Young (Allocation Failure) 83M->7M(1443M) 1.333ms
[206.216s][info][gc,cpu         ] GC(420) User=0.00s Sys=0.00s Real=0.00s
[206.526s][info][gc,start       ] GC(421) Pause Young (Allocation Failure)
[206.526s][info][gc,heap        ] GC(421) PSYoungGen: 79360K(79360K)->1056K(79872K) Eden: 78336K(78336K)->0K(78336K) From: 1024K(1024K)->1056K(1536K)
[206.526s][info][gc,heap        ] GC(421) ParOldGen: 6842K(1398272K)->6842K(1398272K)
[206.526s][info][gc,metaspace   ] GC(421) Metaspace: 9949K(10304K)->9949K(10304K) NonClass: 8649K(8896K)->8649K(8896K) Class: 1300K(1408K)->1300K(1408K)
[206.527s][info][gc             ] GC(421) Pause Young (Allocation Failure) 84M->7M(1443M) 1.022ms
[206.527s][info][gc,cpu         ] GC(421) User=0.00s Sys=0.00s Real=0.00s
[206.833s][info][gc,start       ] GC(422) Pause Young (Allocation Failure)
[206.834s][info][gc,heap        ] GC(422) PSYoungGen: 79392K(79872K)->1056K(79872K) Eden: 78336K(78336K)->0K(78336K) From: 1056K(1536K)->1056K(1536K)
[206.835s][info][gc,heap        ] GC(422) ParOldGen: 6842K(1398272K)->6842K(1398272K)
[206.835s][info][gc,metaspace   ] GC(422) Metaspace: 9949K(10304K)->9949K(10304K) NonClass: 8649K(8896K)->8649K(8896K) Class: 1300K(1408K)->1300K(1408K)
[206.835s][info][gc             ] GC(422) Pause Young (Allocation Failure) 84M->7M(1443M) 1.324ms
[206.835s][info][gc,cpu         ] GC(422) User=0.00s Sys=0.00s Real=0.00s
[207.143s][info][gc,start       ] GC(423) Pause Young (Allocation Failure)
[207.144s][info][gc,heap        ] GC(423) PSYoungGen: 79392K(79872K)->512K(78848K) Eden: 78336K(78336K)->0K(78336K) From: 1056K(1536K)->512K(512K)
[207.144s][info][gc,heap        ] GC(423) ParOldGen: 6842K(1398272K)->7058K(1398272K)
[207.144s][info][gc,metaspace   ] GC(423) Metaspace: 9949K(10304K)->9949K(10304K) NonClass: 8649K(8896K)->8649K(8896K) Class: 1300K(1408K)->1300K(1408K)
[207.144s][info][gc             ] GC(423) Pause Young (Allocation Failure) 84M->7M(1442M) 1.059ms
[207.144s][info][gc,cpu         ] GC(423) User=0.00s Sys=0.00s Real=0.00s
[207.447s][info][gc,start       ] GC(424) Pause Young (Allocation Failure)
[207.449s][info][gc,heap        ] GC(424) PSYoungGen: 78848K(78848K)->1024K(79872K) Eden: 78336K(78336K)->0K(78336K) From: 512K(512K)->1024K(1536K)
[207.449s][info][gc,heap        ] GC(424) ParOldGen: 7058K(1398272K)->7386K(1398272K)
[207.449s][info][gc,metaspace   ] GC(424) Metaspace: 9949K(10304K)->9949K(10304K) NonClass: 8649K(8896K)->8649K(8896K) Class: 1300K(1408K)->1300K(1408K)
[207.449s][info][gc             ] GC(424) Pause Young (Allocation Failure) 83M->8M(1443M) 1.931ms
[207.449s][info][gc,cpu         ] GC(424) User=0.00s Sys=0.00s Real=0.00s
[207.757s][info][gc,start       ] GC(425) Pause Young (Allocation Failure)
[207.757s][info][gc,heap        ] GC(425) PSYoungGen: 79360K(79872K)->1056K(79872K) Eden: 78336K(78336K)->0K(78336K) From: 1024K(1536K)->1056K(1536K)
[207.757s][info][gc,heap        ] GC(425) ParOldGen: 7386K(1398272K)->7562K(1398272K)
[207.758s][info][gc,metaspace   ] GC(425) Metaspace: 9949K(10304K)->9949K(10304K) NonClass: 8649K(8896K)->8649K(8896K) Class: 1300K(1408K)->1300K(1408K)
[207.758s][info][gc             ] GC(425) Pause Young (Allocation Failure) 84M->8M(1443M) 1.002ms
[207.758s][info][gc,cpu         ] GC(425) User=0.02s Sys=0.00s Real=0.02s
[208.072s][info][gc,start       ] GC(426) Pause Young (Allocation Failure)
[208.073s][info][gc,heap        ] GC(426) PSYoungGen: 79392K(79872K)->1056K(79872K) Eden: 78336K(78336K)->0K(78336K) From: 1056K(1536K)->1056K(1536K)
[208.073s][info][gc,heap        ] GC(426) ParOldGen: 7562K(1398272K)->7562K(1398272K)
[208.073s][info][gc,metaspace   ] GC(426) Metaspace: 9949K(10304K)->9949K(10304K) NonClass: 8649K(8896K)->8649K(8896K) Class: 1300K(1408K)->1300K(1408K)
[208.073s][info][gc             ] GC(426) Pause Young (Allocation Failure) 84M->8M(1443M) 1.449ms
[208.073s][info][gc,cpu         ] GC(426) User=0.00s Sys=0.00s Real=0.00s
[208.388s][info][gc,start       ] GC(427) Pause Young (Allocation Failure)
[208.389s][info][gc,heap        ] GC(427) PSYoungGen: 79392K(79872K)->512K(78848K) Eden: 78336K(78336K)->0K(78336K) From: 1056K(1536K)->512K(512K)
[208.389s][info][gc,heap        ] GC(427) ParOldGen: 7562K(1398272K)->7818K(1398272K)
[208.389s][info][gc,metaspace   ] GC(427) Metaspace: 9949K(10304K)->9949K(10304K) NonClass: 8649K(8896K)->8649K(8896K) Class: 1300K(1408K)->1300K(1408K)
[208.389s][info][gc             ] GC(427) Pause Young (Allocation Failure) 84M->8M(1442M) 1.142ms
[208.389s][info][gc,cpu         ] GC(427) User=0.00s Sys=0.00s Real=0.00s
[208.693s][info][gc,start       ] GC(428) Pause Young (Allocation Failure)
[208.695s][info][gc,heap        ] GC(428) PSYoungGen: 78848K(78848K)->1088K(79872K) Eden: 78336K(78336K)->0K(78336K) From: 512K(512K)->1088K(1536K)
[208.695s][info][gc,heap        ] GC(428) ParOldGen: 7818K(1398272K)->8170K(1398272K)
[208.695s][info][gc,metaspace   ] GC(428) Metaspace: 9949K(10304K)->9949K(10304K) NonClass: 8649K(8896K)->8649K(8896K) Class: 1300K(1408K)->1300K(1408K)
[208.695s][info][gc             ] GC(428) Pause Young (Allocation Failure) 84M->9M(1443M) 2.010ms
[208.695s][info][gc,cpu         ] GC(428) User=0.00s Sys=0.00s Real=0.00s
[208.998s][info][gc,start       ] GC(429) Pause Young (Allocation Failure)
[208.999s][info][gc,heap        ] GC(429) PSYoungGen: 79424K(79872K)->1056K(79872K) Eden: 78336K(78336K)->0K(78336K) From: 1088K(1536K)->1056K(1536K)
[208.999s][info][gc,heap        ] GC(429) ParOldGen: 8170K(1398272K)->8490K(1398272K)
[208.999s][info][gc,metaspace   ] GC(429) Metaspace: 9949K(10304K)->9949K(10304K) NonClass: 8649K(8896K)->8649K(8896K) Class: 1300K(1408K)->1300K(1408K)
[208.999s][info][gc             ] GC(429) Pause Young (Allocation Failure) 85M->9M(1443M) 1.068ms
[208.999s][info][gc,cpu         ] GC(429) User=0.00s Sys=0.00s Real=0.00s
[209.305s][info][gc,start       ] GC(430) Pause Young (Allocation Failure)
[209.306s][info][gc,heap        ] GC(430) PSYoungGen: 79392K(79872K)->1056K(79872K) Eden: 78336K(78336K)->0K(78336K) From: 1056K(1536K)->1056K(1536K)
[209.306s][info][gc,heap        ] GC(430) ParOldGen: 8490K(1398272K)->8490K(1398272K)
[209.306s][info][gc,metaspace   ] GC(430) Metaspace: 9949K(10304K)->9949K(10304K) NonClass: 8649K(8896K)->8649K(8896K) Class: 1300K(1408K)->1300K(1408K)
[209.306s][info][gc             ] GC(430) Pause Young (Allocation Failure) 85M->9M(1443M) 1.432ms
[209.306s][info][gc,cpu         ] GC(430) User=0.00s Sys=0.00s Real=0.00s
[209.620s][info][gc,start       ] GC(431) Pause Young (Allocation Failure)
[209.621s][info][gc,heap        ] GC(431) PSYoungGen: 79392K(79872K)->512K(78848K) Eden: 78336K(78336K)->0K(78336K) From: 1056K(1536K)->512K(512K)
[209.621s][info][gc,heap        ] GC(431) ParOldGen: 8490K(1398272K)->8698K(1398272K)
[209.621s][info][gc,metaspace   ] GC(431) Metaspace: 9949K(10304K)->9949K(10304K) NonClass: 8649K(8896K)->8649K(8896K) Class: 1300K(1408K)->1300K(1408K)
[209.621s][info][gc             ] GC(431) Pause Young (Allocation Failure) 85M->8M(1442M) 1.054ms
[209.621s][info][gc,cpu         ] GC(431) User=0.00s Sys=0.00s Real=0.00s
[209.623s][info][gc,start       ] GC(432) Pause Young (System.gc())
[209.624s][info][gc,heap        ] GC(432) PSYoungGen: 545K(78848K)->160K(79872K) Eden: 33K(78336K)->0K(78336K) From: 512K(512K)->160K(1536K)
[209.624s][info][gc,heap        ] GC(432) ParOldGen: 8698K(1398272K)->9034K(1398272K)
[209.624s][info][gc,metaspace   ] GC(432) Metaspace: 9949K(10304K)->9949K(10304K) NonClass: 8649K(8896K)->8649K(8896K) Class: 1300K(1408K)->1300K(1408K)
[209.624s][info][gc             ] GC(432) Pause Young (System.gc()) 9M->8M(1443M) 1.837ms
[209.624s][info][gc,cpu         ] GC(432) User=0.00s Sys=0.00s Real=0.00s
[209.625s][info][gc,start       ] GC(433) Pause Full (System.gc())
[209.625s][info][gc,phases,start] GC(433) Marking Phase
[209.641s][info][gc,phases      ] GC(433) Marking Phase 15.991ms
[209.641s][info][gc,phases,start] GC(433) Summary Phase
[209.641s][info][gc,phases      ] GC(433) Summary Phase 0.022ms
[209.641s][info][gc,phases,start] GC(433) Adjust Roots
[209.645s][info][gc,phases      ] GC(433) Adjust Roots 4.531ms
[209.645s][info][gc,phases,start] GC(433) Compaction Phase
[209.649s][info][gc,phases      ] GC(433) Compaction Phase 3.446ms
[209.649s][info][gc,phases,start] GC(433) Post Compact
[209.649s][info][gc,phases      ] GC(433) Post Compact 0.745ms
[209.649s][info][gc,heap        ] GC(433) PSYoungGen: 160K(79872K)->0K(79872K) Eden: 0K(78336K)->0K(78336K) From: 160K(1536K)->0K(1536K)
[209.649s][info][gc,heap        ] GC(433) ParOldGen: 9034K(1398272K)->4074K(1398272K)
[209.650s][info][gc,metaspace   ] GC(433) Metaspace: 9949K(10304K)->9949K(10304K) NonClass: 8649K(8896K)->8649K(8896K) Class: 1300K(1408K)->1300K(1408K)
[209.650s][info][gc             ] GC(433) Pause Full (System.gc()) 8M->3M(1443M) 25.008ms
[209.650s][info][gc,cpu         ] GC(433) User=0.02s Sys=0.00s Real=0.02s
[209.960s][info][gc,start       ] GC(434) Pause Young (Allocation Failure)
[209.961s][info][gc,heap        ] GC(434) PSYoungGen: 78336K(79872K)->1536K(79872K) Eden: 78336K(78336K)->0K(78336K) From: 0K(1536K)->1536K(1536K)
[209.961s][info][gc,heap        ] GC(434) ParOldGen: 4074K(1398272K)->4170K(1398272K)
[209.961s][info][gc,metaspace   ] GC(434) Metaspace: 9949K(10304K)->9949K(10304K) NonClass: 8649K(8896K)->8649K(8896K) Class: 1300K(1408K)->1300K(1408K)
[209.961s][info][gc             ] GC(434) Pause Young (Allocation Failure) 80M->5M(1443M) 1.294ms
[209.961s][info][gc,cpu         ] GC(434) User=0.00s Sys=0.00s Real=0.00s
[210.268s][info][gc,start       ] GC(435) Pause Young (Allocation Failure)
[210.270s][info][gc,heap        ] GC(435) PSYoungGen: 79872K(79872K)->1344K(79872K) Eden: 78336K(78336K)->0K(78336K) From: 1536K(1536K)->1344K(1536K)
[210.270s][info][gc,heap        ] GC(435) ParOldGen: 4170K(1398272K)->4786K(1398272K)
[210.270s][info][gc,metaspace   ] GC(435) Metaspace: 9949K(10304K)->9949K(10304K) NonClass: 8649K(8896K)->8649K(8896K) Class: 1300K(1408K)->1300K(1408K)
[210.270s][info][gc             ] GC(435) Pause Young (Allocation Failure) 82M->5M(1443M) 1.804ms
[210.270s][info][gc,cpu         ] GC(435) User=0.00s Sys=0.00s Real=0.00s
[210.578s][info][gc,start       ] GC(436) Pause Young (Allocation Failure)
[210.579s][info][gc,heap        ] GC(436) PSYoungGen: 79680K(79872K)->1376K(79872K) Eden: 78336K(78336K)->0K(78336K) From: 1344K(1536K)->1376K(1536K)
[210.579s][info][gc,heap        ] GC(436) ParOldGen: 4786K(1398272K)->5354K(1398272K)
[210.579s][info][gc,metaspace   ] GC(436) Metaspace: 9949K(10304K)->9949K(10304K) NonClass: 8649K(8896K)->8649K(8896K) Class: 1300K(1408K)->1300K(1408K)
[210.579s][info][gc             ] GC(436) Pause Young (Allocation Failure) 82M->6M(1443M) 1.313ms
[210.579s][info][gc,cpu         ] GC(436) User=0.00s Sys=0.00s Real=0.00s
[210.882s][info][gc,start       ] GC(437) Pause Young (Allocation Failure)
[210.884s][info][gc,heap        ] GC(437) PSYoungGen: 79712K(79872K)->1088K(79872K) Eden: 78336K(78336K)->0K(78336K) From: 1376K(1536K)->1088K(1536K)
[210.884s][info][gc,heap        ] GC(437) ParOldGen: 5354K(1398272K)->5354K(1398272K)
[210.884s][info][gc,metaspace   ] GC(437) Metaspace: 9949K(10304K)->9949K(10304K) NonClass: 8649K(8896K)->8649K(8896K) Class: 1300K(1408K)->1300K(1408K)
[210.884s][info][gc             ] GC(437) Pause Young (Allocation Failure) 83M->6M(1443M) 1.581ms
[210.884s][info][gc,cpu         ] GC(437) User=0.00s Sys=0.00s Real=0.00s
[211.188s][info][gc,start       ] GC(438) Pause Young (Allocation Failure)
[211.189s][info][gc,heap        ] GC(438) PSYoungGen: 79424K(79872K)->1024K(79360K) Eden: 78336K(78336K)->0K(78336K) From: 1088K(1536K)->1024K(1024K)
[211.189s][info][gc,heap        ] GC(438) ParOldGen: 5354K(1398272K)->5706K(1398272K)
[211.189s][info][gc,metaspace   ] GC(438) Metaspace: 9949K(10304K)->9949K(10304K) NonClass: 8649K(8896K)->8649K(8896K) Class: 1300K(1408K)->1300K(1408K)
[211.189s][info][gc             ] GC(438) Pause Young (Allocation Failure) 82M->6M(1443M) 1.349ms
[211.189s][info][gc,cpu         ] GC(438) User=0.00s Sys=0.02s Real=0.02s
[211.499s][info][gc,start       ] GC(439) Pause Young (Allocation Failure)
[211.501s][info][gc,heap        ] GC(439) PSYoungGen: 79360K(79360K)->1568K(80384K) Eden: 78336K(78336K)->0K(78336K) From: 1024K(1024K)->1568K(2048K)
[211.501s][info][gc,heap        ] GC(439) ParOldGen: 5706K(1398272K)->5826K(1398272K)
[211.501s][info][gc,metaspace   ] GC(439) Metaspace: 9949K(10304K)->9949K(10304K) NonClass: 8649K(8896K)->8649K(8896K) Class: 1300K(1408K)->1300K(1408K)
[211.501s][info][gc             ] GC(439) Pause Young (Allocation Failure) 83M->7M(1444M) 1.300ms
[211.501s][info][gc,cpu         ] GC(439) User=0.00s Sys=0.00s Real=0.00s
[211.805s][info][gc,start       ] GC(440) Pause Young (Allocation Failure)
[211.806s][info][gc,heap        ] GC(440) PSYoungGen: 79904K(80384K)->1344K(79872K) Eden: 78336K(78336K)->0K(78336K) From: 1568K(2048K)->1344K(1536K)
[211.806s][info][gc,heap        ] GC(440) ParOldGen: 5826K(1398272K)->6522K(1398272K)
[211.806s][info][gc,metaspace   ] GC(440) Metaspace: 9949K(10304K)->9949K(10304K) NonClass: 8649K(8896K)->8649K(8896K) Class: 1300K(1408K)->1300K(1408K)
[211.806s][info][gc             ] GC(440) Pause Young (Allocation Failure) 83M->7M(1443M) 1.286ms
[211.806s][info][gc,cpu         ] GC(440) User=0.00s Sys=0.00s Real=0.00s
[212.110s][info][gc,start       ] GC(441) Pause Young (Allocation Failure)
[212.112s][info][gc,heap        ] GC(441) PSYoungGen: 79680K(79872K)->992K(79360K) Eden: 78336K(78336K)->0K(78336K) From: 1344K(1536K)->992K(1024K)
[212.112s][info][gc,heap        ] GC(441) ParOldGen: 6522K(1398272K)->6922K(1398272K)
[212.112s][info][gc,metaspace   ] GC(441) Metaspace: 9949K(10304K)->9949K(10304K) NonClass: 8649K(8896K)->8649K(8896K) Class: 1300K(1408K)->1300K(1408K)
[212.112s][info][gc             ] GC(441) Pause Young (Allocation Failure) 84M->7M(1443M) 1.367ms
[212.112s][info][gc,cpu         ] GC(441) User=0.52s Sys=0.00s Real=0.02s
[212.428s][info][gc,start       ] GC(442) Pause Young (Allocation Failure)
[212.429s][info][gc,heap        ] GC(442) PSYoungGen: 79328K(79360K)->1120K(79872K) Eden: 78336K(78336K)->0K(78336K) From: 992K(1024K)->1120K(1536K)
[212.429s][info][gc,heap        ] GC(442) ParOldGen: 6922K(1398272K)->6922K(1398272K)
[212.429s][info][gc,metaspace   ] GC(442) Metaspace: 9949K(10304K)->9949K(10304K) NonClass: 8649K(8896K)->8649K(8896K) Class: 1300K(1408K)->1300K(1408K)
[212.429s][info][gc             ] GC(442) Pause Young (Allocation Failure) 84M->7M(1443M) 1.304ms
[212.429s][info][gc,cpu         ] GC(442) User=0.00s Sys=0.00s Real=0.00s
[212.744s][info][gc,start       ] GC(443) Pause Young (Allocation Failure)
[212.745s][info][gc,heap        ] GC(443) PSYoungGen: 79456K(79872K)->1056K(79872K) Eden: 78336K(78336K)->0K(78336K) From: 1120K(1536K)->1056K(1536K)
[212.745s][info][gc,heap        ] GC(443) ParOldGen: 6922K(1398272K)->7298K(1398272K)
[212.745s][info][gc,metaspace   ] GC(443) Metaspace: 9949K(10304K)->9949K(10304K) NonClass: 8649K(8896K)->8649K(8896K) Class: 1300K(1408K)->1300K(1408K)
[212.745s][info][gc             ] GC(443) Pause Young (Allocation Failure) 84M->8M(1443M) 1.367ms
[212.745s][info][gc,cpu         ] GC(443) User=0.00s Sys=0.00s Real=0.00s
[213.048s][info][gc,start       ] GC(444) Pause Young (Allocation Failure)
[213.049s][info][gc,heap        ] GC(444) PSYoungGen: 79392K(79872K)->1056K(79872K) Eden: 78336K(78336K)->0K(78336K) From: 1056K(1536K)->1056K(1536K)
[213.050s][info][gc,heap        ] GC(444) ParOldGen: 7298K(1398272K)->7298K(1398272K)
[213.050s][info][gc,metaspace   ] GC(444) Metaspace: 9949K(10304K)->9949K(10304K) NonClass: 8649K(8896K)->8649K(8896K) Class: 1300K(1408K)->1300K(1408K)
[213.050s][info][gc             ] GC(444) Pause Young (Allocation Failure) 84M->8M(1443M) 1.121ms
[213.050s][info][gc,cpu         ] GC(444) User=0.00s Sys=0.00s Real=0.00s
[213.355s][info][gc,start       ] GC(445) Pause Young (Allocation Failure)
[213.356s][info][gc,heap        ] GC(445) PSYoungGen: 79392K(79872K)->1024K(79360K) Eden: 78336K(78336K)->0K(78336K) From: 1056K(1536K)->1024K(1024K)
[213.356s][info][gc,heap        ] GC(445) ParOldGen: 7298K(1398272K)->7666K(1398272K)
[213.356s][info][gc,metaspace   ] GC(445) Metaspace: 9949K(10304K)->9949K(10304K) NonClass: 8649K(8896K)->8649K(8896K) Class: 1300K(1408K)->1300K(1408K)
[213.356s][info][gc             ] GC(445) Pause Young (Allocation Failure) 84M->8M(1443M) 1.540ms
[213.356s][info][gc,cpu         ] GC(445) User=0.00s Sys=0.00s Real=0.00s
[213.673s][info][gc,start       ] GC(446) Pause Young (Allocation Failure)
[213.674s][info][gc,heap        ] GC(446) PSYoungGen: 79360K(79360K)->1056K(79872K) Eden: 78336K(78336K)->0K(78336K) From: 1024K(1024K)->1056K(1536K)
[213.674s][info][gc,heap        ] GC(446) ParOldGen: 7666K(1398272K)->7666K(1398272K)
[213.674s][info][gc,metaspace   ] GC(446) Metaspace: 9949K(10304K)->9949K(10304K) NonClass: 8649K(8896K)->8649K(8896K) Class: 1300K(1408K)->1300K(1408K)
[213.674s][info][gc             ] GC(446) Pause Young (Allocation Failure) 84M->8M(1443M) 1.325ms
[213.674s][info][gc,cpu         ] GC(446) User=0.00s Sys=0.02s Real=0.02s
[213.974s][info][gc,start       ] GC(447) Pause Young (Allocation Failure)
[213.975s][info][gc,heap        ] GC(447) PSYoungGen: 79392K(79872K)->1056K(79872K) Eden: 78336K(78336K)->0K(78336K) From: 1056K(1536K)->1056K(1536K)
[213.975s][info][gc,heap        ] GC(447) ParOldGen: 7666K(1398272K)->8002K(1398272K)
[213.975s][info][gc,metaspace   ] GC(447) Metaspace: 9949K(10304K)->9949K(10304K) NonClass: 8649K(8896K)->8649K(8896K) Class: 1300K(1408K)->1300K(1408K)
[213.975s][info][gc             ] GC(447) Pause Young (Allocation Failure) 85M->8M(1443M) 1.311ms
[213.975s][info][gc,cpu         ] GC(447) User=0.00s Sys=0.00s Real=0.00s
[214.286s][info][gc,start       ] GC(448) Pause Young (Allocation Failure)
[214.287s][info][gc,heap        ] GC(448) PSYoungGen: 79392K(79872K)->512K(78848K) Eden: 78336K(78336K)->0K(78336K) From: 1056K(1536K)->512K(512K)
[214.287s][info][gc,heap        ] GC(448) ParOldGen: 8002K(1398272K)->8226K(1398272K)
[214.287s][info][gc,metaspace   ] GC(448) Metaspace: 9949K(10304K)->9949K(10304K) NonClass: 8649K(8896K)->8649K(8896K) Class: 1300K(1408K)->1300K(1408K)
[214.287s][info][gc             ] GC(448) Pause Young (Allocation Failure) 85M->8M(1442M) 1.096ms
[214.287s][info][gc,cpu         ] GC(448) User=0.00s Sys=0.00s Real=0.00s
[214.595s][info][gc,start       ] GC(449) Pause Young (Allocation Failure)
[214.598s][info][gc,heap        ] GC(449) PSYoungGen: 78848K(78848K)->1056K(79872K) Eden: 78336K(78336K)->0K(78336K) From: 512K(512K)->1056K(1536K)
[214.598s][info][gc,heap        ] GC(449) ParOldGen: 8226K(1398272K)->8586K(1398272K)
[214.598s][info][gc,metaspace   ] GC(449) Metaspace: 9949K(10304K)->9949K(10304K) NonClass: 8649K(8896K)->8649K(8896K) Class: 1300K(1408K)->1300K(1408K)
[214.598s][info][gc             ] GC(449) Pause Young (Allocation Failure) 85M->9M(1443M) 2.697ms
[214.598s][info][gc,cpu         ] GC(449) User=0.00s Sys=0.00s Real=0.00s
[214.904s][info][gc,start       ] GC(450) Pause Young (Allocation Failure)
[214.905s][info][gc,heap        ] GC(450) PSYoungGen: 79392K(79872K)->1056K(79872K) Eden: 78336K(78336K)->0K(78336K) From: 1056K(1536K)->1056K(1536K)
[214.905s][info][gc,heap        ] GC(450) ParOldGen: 8586K(1398272K)->8650K(1398272K)
[214.905s][info][gc,metaspace   ] GC(450) Metaspace: 9949K(10304K)->9949K(10304K) NonClass: 8649K(8896K)->8649K(8896K) Class: 1300K(1408K)->1300K(1408K)
[214.905s][info][gc             ] GC(450) Pause Young (Allocation Failure) 85M->9M(1443M) 1.052ms
[214.905s][info][gc,cpu         ] GC(450) User=0.00s Sys=0.00s Real=0.00s
[215.220s][info][gc,start       ] GC(451) Pause Young (Allocation Failure)
[215.221s][info][gc,heap        ] GC(451) PSYoungGen: 79392K(79872K)->1056K(79872K) Eden: 78336K(78336K)->0K(78336K) From: 1056K(1536K)->1056K(1536K)
[215.221s][info][gc,heap        ] GC(451) ParOldGen: 8650K(1398272K)->8650K(1398272K)
[215.221s][info][gc,metaspace   ] GC(451) Metaspace: 9949K(10304K)->9949K(10304K) NonClass: 8649K(8896K)->8649K(8896K) Class: 1300K(1408K)->1300K(1408K)
[215.221s][info][gc             ] GC(451) Pause Young (Allocation Failure) 85M->9M(1443M) 1.406ms
[215.222s][info][gc,cpu         ] GC(451) User=0.00s Sys=0.00s Real=0.00s
[215.528s][info][gc,start       ] GC(452) Pause Young (Allocation Failure)
[215.529s][info][gc,heap        ] GC(452) PSYoungGen: 79392K(79872K)->512K(78848K) Eden: 78336K(78336K)->0K(78336K) From: 1056K(1536K)->512K(512K)
[215.529s][info][gc,heap        ] GC(452) ParOldGen: 8650K(1398272K)->8922K(1398272K)
[215.529s][info][gc,metaspace   ] GC(452) Metaspace: 9949K(10304K)->9949K(10304K) NonClass: 8649K(8896K)->8649K(8896K) Class: 1300K(1408K)->1300K(1408K)
[215.529s][info][gc             ] GC(452) Pause Young (Allocation Failure) 85M->9M(1442M) 1.106ms
[215.529s][info][gc,cpu         ] GC(452) User=0.00s Sys=0.00s Real=0.00s
[215.834s][info][gc,start       ] GC(453) Pause Young (Allocation Failure)
[215.835s][info][gc,heap        ] GC(453) PSYoungGen: 78848K(78848K)->1056K(79872K) Eden: 78336K(78336K)->0K(78336K) From: 512K(512K)->1056K(1536K)
[215.835s][info][gc,heap        ] GC(453) ParOldGen: 8922K(1398272K)->9250K(1398272K)
[215.835s][info][gc,metaspace   ] GC(453) Metaspace: 9949K(10304K)->9949K(10304K) NonClass: 8649K(8896K)->8649K(8896K) Class: 1300K(1408K)->1300K(1408K)
[215.835s][info][gc             ] GC(453) Pause Young (Allocation Failure) 85M->10M(1443M) 1.734ms
[215.835s][info][gc,cpu         ] GC(453) User=0.00s Sys=0.00s Real=0.00s
[216.145s][info][gc,start       ] GC(454) Pause Young (Allocation Failure)
[216.146s][info][gc,heap        ] GC(454) PSYoungGen: 79392K(79872K)->1056K(79872K) Eden: 78336K(78336K)->0K(78336K) From: 1056K(1536K)->1056K(1536K)
[216.146s][info][gc,heap        ] GC(454) ParOldGen: 9250K(1398272K)->9386K(1398272K)
[216.146s][info][gc,metaspace   ] GC(454) Metaspace: 9949K(10304K)->9949K(10304K) NonClass: 8649K(8896K)->8649K(8896K) Class: 1300K(1408K)->1300K(1408K)
[216.147s][info][gc             ] GC(454) Pause Young (Allocation Failure) 86M->10M(1443M) 1.055ms
[216.147s][info][gc,cpu         ] GC(454) User=0.00s Sys=0.00s Real=0.00s
[216.163s][info][gc,start       ] GC(455) Pause Young (System.gc())
[216.164s][info][gc,heap        ] GC(455) PSYoungGen: 4391K(79872K)->1056K(79872K) Eden: 3335K(78336K)->0K(78336K) From: 1056K(1536K)->1056K(1536K)
[216.164s][info][gc,heap        ] GC(455) ParOldGen: 9386K(1398272K)->9706K(1398272K)
[216.164s][info][gc,metaspace   ] GC(455) Metaspace: 9949K(10304K)->9949K(10304K) NonClass: 8649K(8896K)->8649K(8896K) Class: 1300K(1408K)->1300K(1408K)
[216.164s][info][gc             ] GC(455) Pause Young (System.gc()) 13M->10M(1443M) 1.356ms
[216.164s][info][gc,cpu         ] GC(455) User=0.00s Sys=0.00s Real=0.00s
[216.164s][info][gc,start       ] GC(456) Pause Full (System.gc())
[216.164s][info][gc,phases,start] GC(456) Marking Phase
[216.180s][info][gc,phases      ] GC(456) Marking Phase 16.221ms
[216.180s][info][gc,phases,start] GC(456) Summary Phase
[216.181s][info][gc,phases      ] GC(456) Summary Phase 0.021ms
[216.181s][info][gc,phases,start] GC(456) Adjust Roots
[216.183s][info][gc,phases      ] GC(456) Adjust Roots 2.855ms
[216.183s][info][gc,phases,start] GC(456) Compaction Phase
[216.186s][info][gc,phases      ] GC(456) Compaction Phase 2.679ms
[216.186s][info][gc,phases,start] GC(456) Post Compact
[216.187s][info][gc,phases      ] GC(456) Post Compact 0.763ms
[216.187s][info][gc,heap        ] GC(456) PSYoungGen: 1056K(79872K)->0K(79872K) Eden: 0K(78336K)->0K(78336K) From: 1056K(1536K)->0K(1536K)
[216.187s][info][gc,heap        ] GC(456) ParOldGen: 9706K(1398272K)->4074K(1398272K)
[216.187s][info][gc,metaspace   ] GC(456) Metaspace: 9949K(10304K)->9949K(10304K) NonClass: 8649K(8896K)->8649K(8896K) Class: 1300K(1408K)->1300K(1408K)
[216.187s][info][gc             ] GC(456) Pause Full (System.gc()) 10M->3M(1443M) 22.851ms
[216.187s][info][gc,cpu         ] GC(456) User=0.27s Sys=0.03s Real=0.02s
[216.490s][info][gc,start       ] GC(457) Pause Young (Allocation Failure)
[216.491s][info][gc,heap        ] GC(457) PSYoungGen: 78336K(79872K)->512K(78848K) Eden: 78336K(78336K)->0K(78336K) From: 0K(1536K)->512K(512K)
[216.491s][info][gc,heap        ] GC(457) ParOldGen: 4074K(1398272K)->4826K(1398272K)
[216.491s][info][gc,metaspace   ] GC(457) Metaspace: 9949K(10304K)->9949K(10304K) NonClass: 8649K(8896K)->8649K(8896K) Class: 1300K(1408K)->1300K(1408K)
[216.491s][info][gc             ] GC(457) Pause Young (Allocation Failure) 80M->5M(1442M) 1.387ms
[216.491s][info][gc,cpu         ] GC(457) User=0.00s Sys=0.00s Real=0.00s
[216.795s][info][gc,start       ] GC(458) Pause Young (Allocation Failure)
[216.811s][info][gc,heap        ] GC(458) PSYoungGen: 78848K(78848K)->1216K(79872K) Eden: 78336K(78336K)->0K(78336K) From: 512K(512K)->1216K(1536K)
[216.811s][info][gc,heap        ] GC(458) ParOldGen: 4826K(1398272K)->5442K(1398272K)
[216.811s][info][gc,metaspace   ] GC(458) Metaspace: 9949K(10304K)->9949K(10304K) NonClass: 8649K(8896K)->8649K(8896K) Class: 1300K(1408K)->1300K(1408K)
[216.811s][info][gc             ] GC(458) Pause Young (Allocation Failure) 81M->6M(1443M) 16.713ms
[216.811s][info][gc,cpu         ] GC(458) User=0.00s Sys=0.00s Real=0.02s
[217.117s][info][gc,start       ] GC(459) Pause Young (Allocation Failure)
[217.118s][info][gc,heap        ] GC(459) PSYoungGen: 79552K(79872K)->1312K(79872K) Eden: 78336K(78336K)->0K(78336K) From: 1216K(1536K)->1312K(1536K)
[217.118s][info][gc,heap        ] GC(459) ParOldGen: 5442K(1398272K)->5562K(1398272K)
[217.118s][info][gc,metaspace   ] GC(459) Metaspace: 9949K(10304K)->9949K(10304K) NonClass: 8649K(8896K)->8649K(8896K) Class: 1300K(1408K)->1300K(1408K)
[217.118s][info][gc             ] GC(459) Pause Young (Allocation Failure) 83M->6M(1443M) 1.190ms
[217.118s][info][gc,cpu         ] GC(459) User=0.00s Sys=0.00s Real=0.00s
[217.421s][info][gc,start       ] GC(460) Pause Young (Allocation Failure)
[217.422s][info][gc,heap        ] GC(460) PSYoungGen: 79648K(79872K)->1088K(79872K) Eden: 78336K(78336K)->0K(78336K) From: 1312K(1536K)->1088K(1536K)
[217.422s][info][gc,heap        ] GC(460) ParOldGen: 5562K(1398272K)->6082K(1398272K)
[217.423s][info][gc,metaspace   ] GC(460) Metaspace: 9949K(10304K)->9949K(10304K) NonClass: 8649K(8896K)->8649K(8896K) Class: 1300K(1408K)->1300K(1408K)
[217.423s][info][gc             ] GC(460) Pause Young (Allocation Failure) 83M->7M(1443M) 1.807ms
[217.423s][info][gc,cpu         ] GC(460) User=0.02s Sys=0.00s Real=0.02s
[217.736s][info][gc,start       ] GC(461) Pause Young (Allocation Failure)
[217.737s][info][gc,heap        ] GC(461) PSYoungGen: 79424K(79872K)->512K(78848K) Eden: 78336K(78336K)->0K(78336K) From: 1088K(1536K)->512K(512K)
[217.737s][info][gc,heap        ] GC(461) ParOldGen: 6082K(1398272K)->6602K(1398272K)
[217.737s][info][gc,metaspace   ] GC(461) Metaspace: 9949K(10304K)->9949K(10304K) NonClass: 8649K(8896K)->8649K(8896K) Class: 1300K(1408K)->1300K(1408K)
[217.737s][info][gc             ] GC(461) Pause Young (Allocation Failure) 83M->6M(1442M) 1.240ms
[217.737s][info][gc,cpu         ] GC(461) User=0.00s Sys=0.00s Real=0.00s
[218.041s][info][gc,start       ] GC(462) Pause Young (Allocation Failure)
[218.042s][info][gc,heap        ] GC(462) PSYoungGen: 78847K(78848K)->960K(79872K) Eden: 78335K(78336K)->0K(78336K) From: 512K(512K)->960K(1536K)
[218.042s][info][gc,heap        ] GC(462) ParOldGen: 6602K(1398272K)->7186K(1398272K)
[218.042s][info][gc,metaspace   ] GC(462) Metaspace: 9949K(10304K)->9949K(10304K) NonClass: 8649K(8896K)->8649K(8896K) Class: 1300K(1408K)->1300K(1408K)
[218.043s][info][gc             ] GC(462) Pause Young (Allocation Failure) 83M->7M(1443M) 1.443ms
[218.043s][info][gc,cpu         ] GC(462) User=0.00s Sys=0.00s Real=0.00s
[218.348s][info][gc,start       ] GC(463) Pause Young (Allocation Failure)
[218.349s][info][gc,heap        ] GC(463) PSYoungGen: 79296K(79872K)->1056K(79872K) Eden: 78336K(78336K)->0K(78336K) From: 960K(1536K)->1056K(1536K)
[218.349s][info][gc,heap        ] GC(463) ParOldGen: 7186K(1398272K)->7274K(1398272K)
[218.350s][info][gc,metaspace   ] GC(463) Metaspace: 9949K(10304K)->9949K(10304K) NonClass: 8649K(8896K)->8649K(8896K) Class: 1300K(1408K)->1300K(1408K)
[218.350s][info][gc             ] GC(463) Pause Young (Allocation Failure) 84M->8M(1443M) 1.095ms
[218.350s][info][gc,cpu         ] GC(463) User=0.00s Sys=0.00s Real=0.00s
[218.655s][info][gc,start       ] GC(464) Pause Young (Allocation Failure)
[218.656s][info][gc,heap        ] GC(464) PSYoungGen: 79392K(79872K)->1056K(79872K) Eden: 78336K(78336K)->0K(78336K) From: 1056K(1536K)->1056K(1536K)
[218.656s][info][gc,heap        ] GC(464) ParOldGen: 7274K(1398272K)->7274K(1398272K)
[218.656s][info][gc,metaspace   ] GC(464) Metaspace: 9949K(10304K)->9949K(10304K) NonClass: 8649K(8896K)->8649K(8896K) Class: 1300K(1408K)->1300K(1408K)
[218.656s][info][gc             ] GC(464) Pause Young (Allocation Failure) 84M->8M(1443M) 1.491ms
[218.656s][info][gc,cpu         ] GC(464) User=0.00s Sys=0.02s Real=0.02s
[218.959s][info][gc,start       ] GC(465) Pause Young (Allocation Failure)
[218.960s][info][gc,heap        ] GC(465) PSYoungGen: 79392K(79872K)->512K(78848K) Eden: 78336K(78336K)->0K(78336K) From: 1056K(1536K)->512K(512K)
[218.960s][info][gc,heap        ] GC(465) ParOldGen: 7274K(1398272K)->7522K(1398272K)
[218.960s][info][gc,metaspace   ] GC(465) Metaspace: 9949K(10304K)->9949K(10304K) NonClass: 8649K(8896K)->8649K(8896K) Class: 1300K(1408K)->1300K(1408K)
[218.961s][info][gc             ] GC(465) Pause Young (Allocation Failure) 84M->7M(1442M) 1.167ms
[218.961s][info][gc,cpu         ] GC(465) User=0.00s Sys=0.00s Real=0.00s
[219.272s][info][gc,start       ] GC(466) Pause Young (Allocation Failure)
[219.273s][info][gc,heap        ] GC(466) PSYoungGen: 78848K(78848K)->1280K(79872K) Eden: 78336K(78336K)->0K(78336K) From: 512K(512K)->1280K(1536K)
[219.273s][info][gc,heap        ] GC(466) ParOldGen: 7522K(1398272K)->7930K(1398272K)
[219.273s][info][gc,metaspace   ] GC(466) Metaspace: 9949K(10304K)->9949K(10304K) NonClass: 8649K(8896K)->8649K(8896K) Class: 1300K(1408K)->1300K(1408K)
[219.273s][info][gc             ] GC(466) Pause Young (Allocation Failure) 84M->8M(1443M) 1.499ms
[219.274s][info][gc,cpu         ] GC(466) User=0.00s Sys=0.00s Real=0.00s
[219.584s][info][gc,start       ] GC(467) Pause Young (Allocation Failure)
[219.586s][info][gc,heap        ] GC(467) PSYoungGen: 79616K(79872K)->960K(79360K) Eden: 78336K(78336K)->0K(78336K) From: 1280K(1536K)->960K(1024K)
[219.586s][info][gc,heap        ] GC(467) ParOldGen: 7930K(1398272K)->8338K(1398272K)
[219.586s][info][gc,metaspace   ] GC(467) Metaspace: 9949K(10304K)->9949K(10304K) NonClass: 8649K(8896K)->8649K(8896K) Class: 1300K(1408K)->1300K(1408K)
[219.586s][info][gc             ] GC(467) Pause Young (Allocation Failure) 85M->9M(1443M) 1.247ms
[219.586s][info][gc,cpu         ] GC(467) User=0.00s Sys=0.00s Real=0.00s
[219.900s][info][gc,start       ] GC(468) Pause Young (Allocation Failure)
[219.901s][info][gc,heap        ] GC(468) PSYoungGen: 79296K(79360K)->1056K(79872K) Eden: 78336K(78336K)->0K(78336K) From: 960K(1024K)->1056K(1536K)
[219.901s][info][gc,heap        ] GC(468) ParOldGen: 8338K(1398272K)->8338K(1398272K)
[219.901s][info][gc,metaspace   ] GC(468) Metaspace: 9949K(10304K)->9949K(10304K) NonClass: 8649K(8896K)->8649K(8896K) Class: 1300K(1408K)->1300K(1408K)
[219.902s][info][gc             ] GC(468) Pause Young (Allocation Failure) 85M->9M(1443M) 1.268ms
[219.902s][info][gc,cpu         ] GC(468) User=0.00s Sys=0.00s Real=0.00s
[220.212s][info][gc,start       ] GC(469) Pause Young (Allocation Failure)
[220.213s][info][gc,heap        ] GC(469) PSYoungGen: 79392K(79872K)->1024K(79360K) Eden: 78336K(78336K)->0K(78336K) From: 1056K(1536K)->1024K(1024K)
[220.213s][info][gc,heap        ] GC(469) ParOldGen: 8338K(1398272K)->8354K(1398272K)
[220.213s][info][gc,metaspace   ] GC(469) Metaspace: 9949K(10304K)->9949K(10304K) NonClass: 8649K(8896K)->8649K(8896K) Class: 1300K(1408K)->1300K(1408K)
[220.213s][info][gc             ] GC(469) Pause Young (Allocation Failure) 85M->9M(1443M) 1.014ms
[220.213s][info][gc,cpu         ] GC(469) User=0.00s Sys=0.00s Real=0.00s
[220.524s][info][gc,start       ] GC(470) Pause Young (Allocation Failure)
[220.525s][info][gc,heap        ] GC(470) PSYoungGen: 79360K(79360K)->1088K(79872K) Eden: 78336K(78336K)->0K(78336K) From: 1024K(1024K)->1088K(1536K)
[220.525s][info][gc,heap        ] GC(470) ParOldGen: 8354K(1398272K)->8546K(1398272K)
[220.525s][info][gc,metaspace   ] GC(470) Metaspace: 9949K(10304K)->9949K(10304K) NonClass: 8649K(8896K)->8649K(8896K) Class: 1300K(1408K)->1300K(1408K)
[220.525s][info][gc             ] GC(470) Pause Young (Allocation Failure) 85M->9M(1443M) 1.283ms
[220.525s][info][gc,cpu         ] GC(470) User=0.00s Sys=0.00s Real=0.00s
[220.831s][info][gc,start       ] GC(471) Pause Young (Allocation Failure)
[220.832s][info][gc,heap        ] GC(471) PSYoungGen: 79424K(79872K)->1024K(79360K) Eden: 78336K(78336K)->0K(78336K) From: 1088K(1536K)->1024K(1024K)
[220.832s][info][gc,heap        ] GC(471) ParOldGen: 8546K(1398272K)->8762K(1398272K)
[220.832s][info][gc,metaspace   ] GC(471) Metaspace: 9949K(10304K)->9949K(10304K) NonClass: 8649K(8896K)->8649K(8896K) Class: 1300K(1408K)->1300K(1408K)
[220.832s][info][gc             ] GC(471) Pause Young (Allocation Failure) 85M->9M(1443M) 1.115ms
[220.832s][info][gc,cpu         ] GC(471) User=0.00s Sys=0.00s Real=0.00s
[221.153s][info][gc,start       ] GC(472) Pause Young (Allocation Failure)
[221.154s][info][gc,heap        ] GC(472) PSYoungGen: 79360K(79360K)->1056K(79872K) Eden: 78336K(78336K)->0K(78336K) From: 1024K(1024K)->1056K(1536K)
[221.154s][info][gc,heap        ] GC(472) ParOldGen: 8762K(1398272K)->8762K(1398272K)
[221.154s][info][gc,metaspace   ] GC(472) Metaspace: 9949K(10304K)->9949K(10304K) NonClass: 8649K(8896K)->8649K(8896K) Class: 1300K(1408K)->1300K(1408K)
[221.154s][info][gc             ] GC(472) Pause Young (Allocation Failure) 86M->9M(1443M) 1.206ms
[221.154s][info][gc,cpu         ] GC(472) User=0.00s Sys=0.00s Real=0.00s
[221.469s][info][gc,start       ] GC(473) Pause Young (Allocation Failure)
[221.470s][info][gc,heap        ] GC(473) PSYoungGen: 79392K(79872K)->1024K(79360K) Eden: 78336K(78336K)->0K(78336K) From: 1056K(1536K)->1024K(1024K)
[221.470s][info][gc,heap        ] GC(473) ParOldGen: 8762K(1398272K)->8770K(1398272K)
[221.470s][info][gc,metaspace   ] GC(473) Metaspace: 9949K(10304K)->9949K(10304K) NonClass: 8649K(8896K)->8649K(8896K) Class: 1300K(1408K)->1300K(1408K)
[221.470s][info][gc             ] GC(473) Pause Young (Allocation Failure) 86M->9M(1443M) 1.045ms
[221.470s][info][gc,cpu         ] GC(473) User=0.00s Sys=0.00s Real=0.00s
[221.773s][info][gc,start       ] GC(474) Pause Young (Allocation Failure)
[221.775s][info][gc,heap        ] GC(474) PSYoungGen: 79360K(79360K)->1056K(79872K) Eden: 78336K(78336K)->0K(78336K) From: 1024K(1024K)->1056K(1536K)
[221.775s][info][gc,heap        ] GC(474) ParOldGen: 8770K(1398272K)->8906K(1398272K)
[221.775s][info][gc,metaspace   ] GC(474) Metaspace: 9949K(10304K)->9949K(10304K) NonClass: 8649K(8896K)->8649K(8896K) Class: 1300K(1408K)->1300K(1408K)
[221.775s][info][gc             ] GC(474) Pause Young (Allocation Failure) 86M->9M(1443M) 1.440ms
[221.775s][info][gc,cpu         ] GC(474) User=0.00s Sys=0.00s Real=0.00s
[222.083s][info][gc,start       ] GC(475) Pause Young (Allocation Failure)
[222.084s][info][gc,heap        ] GC(475) PSYoungGen: 79392K(79872K)->1024K(79360K) Eden: 78336K(78336K)->0K(78336K) From: 1056K(1536K)->1024K(1024K)
[222.084s][info][gc,heap        ] GC(475) ParOldGen: 8906K(1398272K)->9002K(1398272K)
[222.084s][info][gc,metaspace   ] GC(475) Metaspace: 9949K(10304K)->9949K(10304K) NonClass: 8649K(8896K)->8649K(8896K) Class: 1300K(1408K)->1300K(1408K)
[222.084s][info][gc             ] GC(475) Pause Young (Allocation Failure) 86M->9M(1443M) 1.099ms
[222.084s][info][gc,cpu         ] GC(475) User=0.00s Sys=0.00s Real=0.00s
[222.389s][info][gc,start       ] GC(476) Pause Young (Allocation Failure)
[222.390s][info][gc,heap        ] GC(476) PSYoungGen: 79360K(79360K)->1152K(79872K) Eden: 78336K(78336K)->0K(78336K) From: 1024K(1024K)->1152K(1536K)
[222.390s][info][gc,heap        ] GC(476) ParOldGen: 9002K(1398272K)->9530K(1398272K)
[222.390s][info][gc,metaspace   ] GC(476) Metaspace: 9949K(10304K)->9949K(10304K) NonClass: 8649K(8896K)->8649K(8896K) Class: 1300K(1408K)->1300K(1408K)
[222.390s][info][gc             ] GC(476) Pause Young (Allocation Failure) 86M->10M(1443M) 1.846ms
[222.390s][info][gc,cpu         ] GC(476) User=0.00s Sys=0.00s Real=0.00s
[222.697s][info][gc,start       ] GC(477) Pause Young (System.gc())
[222.698s][info][gc,heap        ] GC(477) PSYoungGen: 75700K(79872K)->1024K(79360K) Eden: 74548K(78336K)->0K(78336K) From: 1152K(1536K)->1024K(1024K)
[222.698s][info][gc,heap        ] GC(477) ParOldGen: 9530K(1398272K)->9538K(1398272K)
[222.698s][info][gc,metaspace   ] GC(477) Metaspace: 9949K(10304K)->9949K(10304K) NonClass: 8649K(8896K)->8649K(8896K) Class: 1300K(1408K)->1300K(1408K)
[222.698s][info][gc             ] GC(477) Pause Young (System.gc()) 83M->10M(1443M) 1.001ms
[222.698s][info][gc,cpu         ] GC(477) User=0.00s Sys=0.00s Real=0.00s
[222.698s][info][gc,start       ] GC(478) Pause Full (System.gc())
[222.698s][info][gc,phases,start] GC(478) Marking Phase
[222.715s][info][gc,phases      ] GC(478) Marking Phase 16.365ms
[222.715s][info][gc,phases,start] GC(478) Summary Phase
[222.715s][info][gc,phases      ] GC(478) Summary Phase 0.024ms
[222.715s][info][gc,phases,start] GC(478) Adjust Roots
[222.719s][info][gc,phases      ] GC(478) Adjust Roots 4.167ms
[222.719s][info][gc,phases,start] GC(478) Compaction Phase
[222.722s][info][gc,phases      ] GC(478) Compaction Phase 2.898ms
[222.722s][info][gc,phases,start] GC(478) Post Compact
[222.723s][info][gc,phases      ] GC(478) Post Compact 0.799ms
[222.723s][info][gc,heap        ] GC(478) PSYoungGen: 1024K(79360K)->0K(79360K) Eden: 0K(78336K)->0K(78336K) From: 1024K(1024K)->0K(1024K)
[222.723s][info][gc,heap        ] GC(478) ParOldGen: 9538K(1398272K)->4074K(1398272K)
[222.723s][info][gc,metaspace   ] GC(478) Metaspace: 9949K(10304K)->9949K(10304K) NonClass: 8649K(8896K)->8649K(8896K) Class: 1300K(1408K)->1300K(1408K)
[222.723s][info][gc             ] GC(478) Pause Full (System.gc()) 10M->3M(1443M) 24.608ms
[222.723s][info][gc,cpu         ] GC(478) User=1.00s Sys=0.00s Real=0.03s
[223.033s][info][gc,start       ] GC(479) Pause Young (Allocation Failure)
[223.035s][info][gc,heap        ] GC(479) PSYoungGen: 78336K(79360K)->1536K(79872K) Eden: 78336K(78336K)->0K(78336K) From: 0K(1024K)->1536K(1536K)
[223.035s][info][gc,heap        ] GC(479) ParOldGen: 4074K(1398272K)->4154K(1398272K)
[223.035s][info][gc,metaspace   ] GC(479) Metaspace: 9949K(10304K)->9949K(10304K) NonClass: 8649K(8896K)->8649K(8896K) Class: 1300K(1408K)->1300K(1408K)
[223.035s][info][gc             ] GC(479) Pause Young (Allocation Failure) 80M->5M(1443M) 1.878ms
[223.035s][info][gc,cpu         ] GC(479) User=0.00s Sys=0.00s Real=0.00s
[223.343s][info][gc,start       ] GC(480) Pause Young (Allocation Failure)
[223.345s][info][gc,heap        ] GC(480) PSYoungGen: 79872K(79872K)->1024K(79360K) Eden: 78336K(78336K)->0K(78336K) From: 1536K(1536K)->1024K(1024K)
[223.345s][info][gc,heap        ] GC(480) ParOldGen: 4154K(1398272K)->4746K(1398272K)
[223.345s][info][gc,metaspace   ] GC(480) Metaspace: 9949K(10304K)->9949K(10304K) NonClass: 8649K(8896K)->8649K(8896K) Class: 1300K(1408K)->1300K(1408K)
[223.345s][info][gc             ] GC(480) Pause Young (Allocation Failure) 82M->5M(1443M) 1.374ms
[223.345s][info][gc,cpu         ] GC(480) User=0.00s Sys=0.00s Real=0.00s
[223.647s][info][gc,start       ] GC(481) Pause Young (Allocation Failure)
[223.649s][info][gc,heap        ] GC(481) PSYoungGen: 79360K(79360K)->1024K(79360K) Eden: 78336K(78336K)->0K(78336K) From: 1024K(1024K)->1024K(1024K)
[223.649s][info][gc,heap        ] GC(481) ParOldGen: 4746K(1398272K)->5194K(1398272K)
[223.649s][info][gc,metaspace   ] GC(481) Metaspace: 9949K(10304K)->9949K(10304K) NonClass: 8649K(8896K)->8649K(8896K) Class: 1300K(1408K)->1300K(1408K)
[223.649s][info][gc             ] GC(481) Pause Young (Allocation Failure) 82M->6M(1443M) 1.585ms
[223.649s][info][gc,cpu         ] GC(481) User=0.00s Sys=0.00s Real=0.00s
[223.956s][info][gc,start       ] GC(482) Pause Young (Allocation Failure)
[223.958s][info][gc,heap        ] GC(482) PSYoungGen: 79360K(79360K)->1088K(79872K) Eden: 78336K(78336K)->0K(78336K) From: 1024K(1024K)->1088K(1536K)
[223.958s][info][gc,heap        ] GC(482) ParOldGen: 5194K(1398272K)->5194K(1398272K)
[223.958s][info][gc,metaspace   ] GC(482) Metaspace: 9949K(10304K)->9949K(10304K) NonClass: 8649K(8896K)->8649K(8896K) Class: 1300K(1408K)->1300K(1408K)
[223.958s][info][gc             ] GC(482) Pause Young (Allocation Failure) 82M->6M(1443M) 1.420ms
[223.958s][info][gc,cpu         ] GC(482) User=0.00s Sys=0.00s Real=0.00s
[224.256s][info][gc,start       ] GC(483) Pause Young (Allocation Failure)
[224.258s][info][gc,heap        ] GC(483) PSYoungGen: 79424K(79872K)->1216K(79872K) Eden: 78336K(78336K)->0K(78336K) From: 1088K(1536K)->1216K(1536K)
[224.258s][info][gc,heap        ] GC(483) ParOldGen: 5194K(1398272K)->5682K(1398272K)
[224.258s][info][gc,metaspace   ] GC(483) Metaspace: 9949K(10304K)->9949K(10304K) NonClass: 8649K(8896K)->8649K(8896K) Class: 1300K(1408K)->1300K(1408K)
[224.258s][info][gc             ] GC(483) Pause Young (Allocation Failure) 82M->6M(1443M) 1.688ms
[224.258s][info][gc,cpu         ] GC(483) User=0.00s Sys=0.00s Real=0.00s
[224.565s][info][gc,start       ] GC(484) Pause Young (Allocation Failure)
[224.566s][info][gc,heap        ] GC(484) PSYoungGen: 79552K(79872K)->1024K(79360K) Eden: 78336K(78336K)->0K(78336K) From: 1216K(1536K)->1024K(1024K)
[224.566s][info][gc,heap        ] GC(484) ParOldGen: 5682K(1398272K)->6042K(1398272K)
[224.566s][info][gc,metaspace   ] GC(484) Metaspace: 9949K(10304K)->9949K(10304K) NonClass: 8649K(8896K)->8649K(8896K) Class: 1300K(1408K)->1300K(1408K)
[224.566s][info][gc             ] GC(484) Pause Young (Allocation Failure) 83M->6M(1443M) 1.367ms
[224.566s][info][gc,cpu         ] GC(484) User=0.00s Sys=0.02s Real=0.02s
[224.880s][info][gc,start       ] GC(485) Pause Young (Allocation Failure)
[224.881s][info][gc,heap        ] GC(485) PSYoungGen: 79360K(79360K)->1056K(79872K) Eden: 78336K(78336K)->0K(78336K) From: 1024K(1024K)->1056K(1536K)
[224.881s][info][gc,heap        ] GC(485) ParOldGen: 6042K(1398272K)->6042K(1398272K)
[224.881s][info][gc,metaspace   ] GC(485) Metaspace: 9949K(10304K)->9949K(10304K) NonClass: 8649K(8896K)->8649K(8896K) Class: 1300K(1408K)->1300K(1408K)
[224.881s][info][gc             ] GC(485) Pause Young (Allocation Failure) 83M->6M(1443M) 1.205ms
[224.881s][info][gc,cpu         ] GC(485) User=0.00s Sys=0.00s Real=0.00s
[225.189s][info][gc,start       ] GC(486) Pause Young (Allocation Failure)
[225.190s][info][gc,heap        ] GC(486) PSYoungGen: 79392K(79872K)->1024K(79360K) Eden: 78336K(78336K)->0K(78336K) From: 1056K(1536K)->1024K(1024K)
[225.190s][info][gc,heap        ] GC(486) ParOldGen: 6042K(1398272K)->6058K(1398272K)
[225.190s][info][gc,metaspace   ] GC(486) Metaspace: 9949K(10304K)->9949K(10304K) NonClass: 8649K(8896K)->8649K(8896K) Class: 1300K(1408K)->1300K(1408K)
[225.190s][info][gc             ] GC(486) Pause Young (Allocation Failure) 83M->6M(1443M) 1.065ms
[225.190s][info][gc,cpu         ] GC(486) User=0.00s Sys=0.00s Real=0.00s
[225.496s][info][gc,start       ] GC(487) Pause Young (Allocation Failure)
[225.497s][info][gc,heap        ] GC(487) PSYoungGen: 79360K(79360K)->1024K(79360K) Eden: 78336K(78336K)->0K(78336K) From: 1024K(1024K)->1024K(1024K)
[225.497s][info][gc,heap        ] GC(487) ParOldGen: 6058K(1398272K)->6282K(1398272K)
[225.497s][info][gc,metaspace   ] GC(487) Metaspace: 9949K(10304K)->9949K(10304K) NonClass: 8649K(8896K)->8649K(8896K) Class: 1300K(1408K)->1300K(1408K)
[225.497s][info][gc             ] GC(487) Pause Young (Allocation Failure) 83M->7M(1443M) 1.268ms
[225.497s][info][gc,cpu         ] GC(487) User=0.00s Sys=0.00s Real=0.00s
[225.800s][info][gc,start       ] GC(488) Pause Young (Allocation Failure)
[225.801s][info][gc,heap        ] GC(488) PSYoungGen: 79360K(79360K)->1056K(79872K) Eden: 78336K(78336K)->0K(78336K) From: 1024K(1024K)->1056K(1536K)
[225.801s][info][gc,heap        ] GC(488) ParOldGen: 6282K(1398272K)->6450K(1398272K)
[225.801s][info][gc,metaspace   ] GC(488) Metaspace: 9949K(10304K)->9949K(10304K) NonClass: 8649K(8896K)->8649K(8896K) Class: 1300K(1408K)->1300K(1408K)
[225.801s][info][gc             ] GC(488) Pause Young (Allocation Failure) 83M->7M(1443M) 1.077ms
[225.801s][info][gc,cpu         ] GC(488) User=0.00s Sys=0.00s Real=0.00s
[226.104s][info][gc,start       ] GC(489) Pause Young (Allocation Failure)
[226.105s][info][gc,heap        ] GC(489) PSYoungGen: 79392K(79872K)->1024K(79360K) Eden: 78336K(78336K)->0K(78336K) From: 1056K(1536K)->1024K(1024K)
[226.105s][info][gc,heap        ] GC(489) ParOldGen: 6450K(1398272K)->6786K(1398272K)
[226.106s][info][gc,metaspace   ] GC(489) Metaspace: 9949K(10304K)->9949K(10304K) NonClass: 8649K(8896K)->8649K(8896K) Class: 1300K(1408K)->1300K(1408K)
[226.106s][info][gc             ] GC(489) Pause Young (Allocation Failure) 83M->7M(1443M) 1.350ms
[226.106s][info][gc,cpu         ] GC(489) User=0.00s Sys=0.00s Real=0.00s
[226.420s][info][gc,start       ] GC(490) Pause Young (Allocation Failure)
[226.421s][info][gc,heap        ] GC(490) PSYoungGen: 79360K(79360K)->1024K(79360K) Eden: 78336K(78336K)->0K(78336K) From: 1024K(1024K)->1024K(1024K)
[226.421s][info][gc,heap        ] GC(490) ParOldGen: 6786K(1398272K)->6802K(1398272K)
[226.421s][info][gc,metaspace   ] GC(490) Metaspace: 9949K(10304K)->9949K(10304K) NonClass: 8649K(8896K)->8649K(8896K) Class: 1300K(1408K)->1300K(1408K)
[226.421s][info][gc             ] GC(490) Pause Young (Allocation Failure) 84M->7M(1443M) 1.122ms
[226.421s][info][gc,cpu         ] GC(490) User=0.00s Sys=0.00s Real=0.00s
[226.722s][info][gc,start       ] GC(491) Pause Young (Allocation Failure)
[226.723s][info][gc,heap        ] GC(491) PSYoungGen: 79360K(79360K)->1056K(79872K) Eden: 78336K(78336K)->0K(78336K) From: 1024K(1024K)->1056K(1536K)
[226.723s][info][gc,heap        ] GC(491) ParOldGen: 6802K(1398272K)->6922K(1398272K)
[226.723s][info][gc,metaspace   ] GC(491) Metaspace: 9949K(10304K)->9949K(10304K) NonClass: 8649K(8896K)->8649K(8896K) Class: 1300K(1408K)->1300K(1408K)
[226.723s][info][gc             ] GC(491) Pause Young (Allocation Failure) 84M->7M(1443M) 1.366ms
[226.723s][info][gc,cpu         ] GC(491) User=0.00s Sys=0.00s Real=0.00s
[227.037s][info][gc,start       ] GC(492) Pause Young (Allocation Failure)
[227.038s][info][gc,heap        ] GC(492) PSYoungGen: 79392K(79872K)->1024K(79360K) Eden: 78336K(78336K)->0K(78336K) From: 1056K(1536K)->1024K(1024K)
[227.038s][info][gc,heap        ] GC(492) ParOldGen: 6922K(1398272K)->6938K(1398272K)
[227.038s][info][gc,metaspace   ] GC(492) Metaspace: 9949K(10304K)->9949K(10304K) NonClass: 8649K(8896K)->8649K(8896K) Class: 1300K(1408K)->1300K(1408K)
[227.038s][info][gc             ] GC(492) Pause Young (Allocation Failure) 84M->7M(1443M) 1.126ms
[227.038s][info][gc,cpu         ] GC(492) User=0.00s Sys=0.00s Real=0.00s
[227.357s][info][gc,start       ] GC(493) Pause Young (Allocation Failure)
[227.358s][info][gc,heap        ] GC(493) PSYoungGen: 79360K(79360K)->1024K(79360K) Eden: 78336K(78336K)->0K(78336K) From: 1024K(1024K)->1024K(1024K)
[227.358s][info][gc,heap        ] GC(493) ParOldGen: 6938K(1398272K)->7290K(1398272K)
[227.358s][info][gc,metaspace   ] GC(493) Metaspace: 9949K(10304K)->9949K(10304K) NonClass: 8649K(8896K)->8649K(8896K) Class: 1300K(1408K)->1300K(1408K)
[227.358s][info][gc             ] GC(493) Pause Young (Allocation Failure) 84M->8M(1443M) 1.322ms
[227.358s][info][gc,cpu         ] GC(493) User=0.00s Sys=0.00s Real=0.00s
[227.670s][info][gc,start       ] GC(494) Pause Young (Allocation Failure)
[227.671s][info][gc,heap        ] GC(494) PSYoungGen: 79360K(79360K)->1056K(79872K) Eden: 78336K(78336K)->0K(78336K) From: 1024K(1024K)->1056K(1536K)
[227.671s][info][gc,heap        ] GC(494) ParOldGen: 7290K(1398272K)->7290K(1398272K)
[227.671s][info][gc,metaspace   ] GC(494) Metaspace: 9949K(10304K)->9949K(10304K) NonClass: 8649K(8896K)->8649K(8896K) Class: 1300K(1408K)->1300K(1408K)
[227.671s][info][gc             ] GC(494) Pause Young (Allocation Failure) 84M->8M(1443M) 1.010ms
[227.671s][info][gc,cpu         ] GC(494) User=0.00s Sys=0.00s Real=0.00s
[227.977s][info][gc,start       ] GC(495) Pause Young (Allocation Failure)
[227.978s][info][gc,heap        ] GC(495) PSYoungGen: 79392K(79872K)->1056K(79872K) Eden: 78336K(78336K)->0K(78336K) From: 1056K(1536K)->1056K(1536K)
[227.978s][info][gc,heap        ] GC(495) ParOldGen: 7290K(1398272K)->7290K(1398272K)
[227.978s][info][gc,metaspace   ] GC(495) Metaspace: 9949K(10304K)->9949K(10304K) NonClass: 8649K(8896K)->8649K(8896K) Class: 1300K(1408K)->1300K(1408K)
[227.978s][info][gc             ] GC(495) Pause Young (Allocation Failure) 84M->8M(1443M) 1.288ms
[227.978s][info][gc,cpu         ] GC(495) User=0.00s Sys=0.00s Real=0.00s
[228.284s][info][gc,start       ] GC(496) Pause Young (Allocation Failure)
[228.285s][info][gc,heap        ] GC(496) PSYoungGen: 79392K(79872K)->512K(78848K) Eden: 78336K(78336K)->0K(78336K) From: 1056K(1536K)->512K(512K)
[228.285s][info][gc,heap        ] GC(496) ParOldGen: 7290K(1398272K)->7562K(1398272K)
[228.285s][info][gc,metaspace   ] GC(496) Metaspace: 9949K(10304K)->9949K(10304K) NonClass: 8649K(8896K)->8649K(8896K) Class: 1300K(1408K)->1300K(1408K)
[228.285s][info][gc             ] GC(496) Pause Young (Allocation Failure) 84M->7M(1442M) 1.192ms
[228.285s][info][gc,cpu         ] GC(496) User=0.00s Sys=0.00s Real=0.00s
[228.593s][info][gc,start       ] GC(497) Pause Young (Allocation Failure)
[228.595s][info][gc,heap        ] GC(497) PSYoungGen: 78848K(78848K)->992K(79872K) Eden: 78336K(78336K)->0K(78336K) From: 512K(512K)->992K(1536K)
[228.595s][info][gc,heap        ] GC(497) ParOldGen: 7562K(1398272K)->7890K(1398272K)
[228.595s][info][gc,metaspace   ] GC(497) Metaspace: 9949K(10304K)->9949K(10304K) NonClass: 8649K(8896K)->8649K(8896K) Class: 1300K(1408K)->1300K(1408K)
[228.595s][info][gc             ] GC(497) Pause Young (Allocation Failure) 84M->8M(1443M) 2.304ms
[228.595s][info][gc,cpu         ] GC(497) User=0.00s Sys=0.00s Real=0.00s
[228.898s][info][gc,start       ] GC(498) Pause Young (Allocation Failure)
[228.899s][info][gc,heap        ] GC(498) PSYoungGen: 79328K(79872K)->1056K(79872K) Eden: 78336K(78336K)->0K(78336K) From: 992K(1536K)->1056K(1536K)
[228.899s][info][gc,heap        ] GC(498) ParOldGen: 7890K(1398272K)->8010K(1398272K)
[228.899s][info][gc,metaspace   ] GC(498) Metaspace: 9949K(10304K)->9949K(10304K) NonClass: 8649K(8896K)->8649K(8896K) Class: 1300K(1408K)->1300K(1408K)
[228.899s][info][gc             ] GC(498) Pause Young (Allocation Failure) 85M->8M(1443M) 1.127ms
[228.899s][info][gc,cpu         ] GC(498) User=0.02s Sys=0.00s Real=0.02s
[229.190s][info][gc,start       ] GC(499) Pause Young (System.gc())
[229.238s][info][gc,heap        ] GC(499) PSYoungGen: 72462K(79872K)->1056K(79872K) Eden: 71406K(78336K)->0K(78336K) From: 1056K(1536K)->1056K(1536K)
[229.238s][info][gc,heap        ] GC(499) ParOldGen: 8010K(1398272K)->8010K(1398272K)
[229.238s][info][gc,metaspace   ] GC(499) Metaspace: 9949K(10304K)->9949K(10304K) NonClass: 8649K(8896K)->8649K(8896K) Class: 1300K(1408K)->1300K(1408K)
[229.238s][info][gc             ] GC(499) Pause Young (System.gc()) 78M->8M(1443M) 47.997ms
[229.238s][info][gc,cpu         ] GC(499) User=0.00s Sys=0.00s Real=0.05s
[229.238s][info][gc,start       ] GC(500) Pause Full (System.gc())
[229.238s][info][gc,phases,start] GC(500) Marking Phase
[229.253s][info][gc,phases      ] GC(500) Marking Phase 14.221ms
[229.253s][info][gc,phases,start] GC(500) Summary Phase
[229.253s][info][gc,phases      ] GC(500) Summary Phase 0.022ms
[229.253s][info][gc,phases,start] GC(500) Adjust Roots
[229.257s][info][gc,phases      ] GC(500) Adjust Roots 3.984ms
[229.257s][info][gc,phases,start] GC(500) Compaction Phase
[229.260s][info][gc,phases      ] GC(500) Compaction Phase 3.198ms
[229.260s][info][gc,phases,start] GC(500) Post Compact
[229.261s][info][gc,phases      ] GC(500) Post Compact 0.598ms
[229.261s][info][gc,heap        ] GC(500) PSYoungGen: 1056K(79872K)->0K(79872K) Eden: 0K(78336K)->0K(78336K) From: 1056K(1536K)->0K(1536K)
[229.261s][info][gc,heap        ] GC(500) ParOldGen: 8010K(1398272K)->4074K(1398272K)
[229.261s][info][gc,metaspace   ] GC(500) Metaspace: 9949K(10304K)->9949K(10304K) NonClass: 8649K(8896K)->8649K(8896K) Class: 1300K(1408K)->1300K(1408K)
[229.261s][info][gc             ] GC(500) Pause Full (System.gc()) 8M->3M(1443M) 22.332ms
[229.261s][info][gc,cpu         ] GC(500) User=0.02s Sys=0.00s Real=0.02s
[229.573s][info][gc,start       ] GC(501) Pause Young (Allocation Failure)
[229.574s][info][gc,heap        ] GC(501) PSYoungGen: 78336K(79872K)->512K(78848K) Eden: 78336K(78336K)->0K(78336K) From: 0K(1536K)->512K(512K)
[229.574s][info][gc,heap        ] GC(501) ParOldGen: 4074K(1398272K)->4882K(1398272K)
[229.574s][info][gc,metaspace   ] GC(501) Metaspace: 9949K(10304K)->9949K(10304K) NonClass: 8649K(8896K)->8649K(8896K) Class: 1300K(1408K)->1300K(1408K)
[229.574s][info][gc             ] GC(501) Pause Young (Allocation Failure) 80M->5M(1442M) 1.423ms
[229.574s][info][gc,cpu         ] GC(501) User=0.00s Sys=0.00s Real=0.00s
[229.872s][info][gc,start       ] GC(502) Pause Young (Allocation Failure)
[229.874s][info][gc,heap        ] GC(502) PSYoungGen: 78848K(78848K)->1376K(79872K) Eden: 78336K(78336K)->0K(78336K) From: 512K(512K)->1376K(1536K)
[229.874s][info][gc,heap        ] GC(502) ParOldGen: 4882K(1398272K)->5498K(1398272K)
[229.874s][info][gc,metaspace   ] GC(502) Metaspace: 9949K(10304K)->9949K(10304K) NonClass: 8649K(8896K)->8649K(8896K) Class: 1300K(1408K)->1300K(1408K)
[229.874s][info][gc             ] GC(502) Pause Young (Allocation Failure) 81M->6M(1443M) 1.491ms
[229.874s][info][gc,cpu         ] GC(502) User=0.00s Sys=0.00s Real=0.00s
[230.187s][info][gc,start       ] GC(503) Pause Young (Allocation Failure)
[230.188s][info][gc,heap        ] GC(503) PSYoungGen: 79712K(79872K)->1056K(79872K) Eden: 78336K(78336K)->0K(78336K) From: 1376K(1536K)->1056K(1536K)
[230.188s][info][gc,heap        ] GC(503) ParOldGen: 5498K(1398272K)->5858K(1398272K)
[230.188s][info][gc,metaspace   ] GC(503) Metaspace: 9949K(10304K)->9949K(10304K) NonClass: 8649K(8896K)->8649K(8896K) Class: 1300K(1408K)->1300K(1408K)
[230.188s][info][gc             ] GC(503) Pause Young (Allocation Failure) 83M->6M(1443M) 1.154ms
[230.188s][info][gc,cpu         ] GC(503) User=0.00s Sys=0.00s Real=0.00s
[230.496s][info][gc,start       ] GC(504) Pause Young (Allocation Failure)
[230.498s][info][gc,heap        ] GC(504) PSYoungGen: 79392K(79872K)->1056K(79872K) Eden: 78336K(78336K)->0K(78336K) From: 1056K(1536K)->1056K(1536K)
[230.498s][info][gc,heap        ] GC(504) ParOldGen: 5858K(1398272K)->6202K(1398272K)
[230.498s][info][gc,metaspace   ] GC(504) Metaspace: 9949K(10304K)->9949K(10304K) NonClass: 8649K(8896K)->8649K(8896K) Class: 1300K(1408K)->1300K(1408K)
[230.498s][info][gc             ] GC(504) Pause Young (Allocation Failure) 83M->7M(1443M) 1.392ms
[230.498s][info][gc,cpu         ] GC(504) User=0.00s Sys=0.02s Real=0.02s
[230.798s][info][gc,start       ] GC(505) Pause Young (Allocation Failure)
[230.799s][info][gc,heap        ] GC(505) PSYoungGen: 79392K(79872K)->512K(78848K) Eden: 78336K(78336K)->0K(78336K) From: 1056K(1536K)->512K(512K)
[230.799s][info][gc,heap        ] GC(505) ParOldGen: 6202K(1398272K)->6426K(1398272K)
[230.799s][info][gc,metaspace   ] GC(505) Metaspace: 9949K(10304K)->9949K(10304K) NonClass: 8649K(8896K)->8649K(8896K) Class: 1300K(1408K)->1300K(1408K)
[230.799s][info][gc             ] GC(505) Pause Young (Allocation Failure) 83M->6M(1442M) 1.116ms
[230.799s][info][gc,cpu         ] GC(505) User=0.00s Sys=0.00s Real=0.00s
[231.117s][info][gc,start       ] GC(506) Pause Young (Allocation Failure)
[231.118s][info][gc,heap        ] GC(506) PSYoungGen: 78848K(78848K)->1440K(79872K) Eden: 78336K(78336K)->0K(78336K) From: 512K(512K)->1440K(1536K)
[231.119s][info][gc,heap        ] GC(506) ParOldGen: 6426K(1398272K)->6810K(1398272K)
[231.119s][info][gc,metaspace   ] GC(506) Metaspace: 9949K(10304K)->9949K(10304K) NonClass: 8649K(8896K)->8649K(8896K) Class: 1300K(1408K)->1300K(1408K)
[231.119s][info][gc             ] GC(506) Pause Young (Allocation Failure) 83M->8M(1443M) 1.664ms
[231.119s][info][gc,cpu         ] GC(506) User=0.00s Sys=0.00s Real=0.00s
[231.416s][info][gc,start       ] GC(507) Pause Young (Allocation Failure)
[231.417s][info][gc,heap        ] GC(507) PSYoungGen: 79776K(79872K)->928K(79360K) Eden: 78336K(78336K)->0K(78336K) From: 1440K(1536K)->928K(1024K)
[231.417s][info][gc,heap        ] GC(507) ParOldGen: 6810K(1398272K)->7362K(1398272K)
[231.417s][info][gc,metaspace   ] GC(507) Metaspace: 9949K(10304K)->9949K(10304K) NonClass: 8649K(8896K)->8649K(8896K) Class: 1300K(1408K)->1300K(1408K)
[231.418s][info][gc             ] GC(507) Pause Young (Allocation Failure) 84M->8M(1443M) 1.740ms
[231.418s][info][gc,cpu         ] GC(507) User=0.00s Sys=0.00s Real=0.00s
[231.727s][info][gc,start       ] GC(508) Pause Young (Allocation Failure)
[231.728s][info][gc,heap        ] GC(508) PSYoungGen: 79264K(79360K)->1056K(79872K) Eden: 78336K(78336K)->0K(78336K) From: 928K(1024K)->1056K(1536K)
[231.728s][info][gc,heap        ] GC(508) ParOldGen: 7362K(1398272K)->7362K(1398272K)
[231.728s][info][gc,metaspace   ] GC(508) Metaspace: 9949K(10304K)->9949K(10304K) NonClass: 8649K(8896K)->8649K(8896K) Class: 1300K(1408K)->1300K(1408K)
[231.728s][info][gc             ] GC(508) Pause Young (Allocation Failure) 84M->8M(1443M) 1.254ms
[231.728s][info][gc,cpu         ] GC(508) User=0.00s Sys=0.00s Real=0.00s
[232.030s][info][gc,start       ] GC(509) Pause Young (Allocation Failure)
[232.031s][info][gc,heap        ] GC(509) PSYoungGen: 79392K(79872K)->1024K(79360K) Eden: 78336K(78336K)->0K(78336K) From: 1056K(1536K)->1024K(1024K)
[232.031s][info][gc,heap        ] GC(509) ParOldGen: 7362K(1398272K)->7418K(1398272K)
[232.031s][info][gc,metaspace   ] GC(509) Metaspace: 9949K(10304K)->9949K(10304K) NonClass: 8649K(8896K)->8649K(8896K) Class: 1300K(1408K)->1300K(1408K)
[232.031s][info][gc             ] GC(509) Pause Young (Allocation Failure) 84M->8M(1443M) 1.083ms
[232.031s][info][gc,cpu         ] GC(509) User=0.00s Sys=0.00s Real=0.00s
[232.336s][info][gc,start       ] GC(510) Pause Young (Allocation Failure)
[232.338s][info][gc,heap        ] GC(510) PSYoungGen: 79360K(79360K)->1056K(79872K) Eden: 78336K(78336K)->0K(78336K) From: 1024K(1024K)->1056K(1536K)
[232.338s][info][gc,heap        ] GC(510) ParOldGen: 7418K(1398272K)->7746K(1398272K)
[232.338s][info][gc,metaspace   ] GC(510) Metaspace: 9949K(10304K)->9949K(10304K) NonClass: 8649K(8896K)->8649K(8896K) Class: 1300K(1408K)->1300K(1408K)
[232.338s][info][gc             ] GC(510) Pause Young (Allocation Failure) 84M->8M(1443M) 1.601ms
[232.338s][info][gc,cpu         ] GC(510) User=0.00s Sys=0.00s Real=0.00s
[232.648s][info][gc,start       ] GC(511) Pause Young (Allocation Failure)
[232.649s][info][gc,heap        ] GC(511) PSYoungGen: 79392K(79872K)->992K(79360K) Eden: 78336K(78336K)->0K(78336K) From: 1056K(1536K)->992K(1024K)
[232.649s][info][gc,heap        ] GC(511) ParOldGen: 7746K(1398272K)->8106K(1398272K)
[232.649s][info][gc,metaspace   ] GC(511) Metaspace: 9949K(10304K)->9949K(10304K) NonClass: 8649K(8896K)->8649K(8896K) Class: 1300K(1408K)->1300K(1408K)
[232.649s][info][gc             ] GC(511) Pause Young (Allocation Failure) 85M->8M(1443M) 1.204ms
[232.649s][info][gc,cpu         ] GC(511) User=0.00s Sys=0.00s Real=0.00s
[232.962s][info][gc,start       ] GC(512) Pause Young (Allocation Failure)
[232.963s][info][gc,heap        ] GC(512) PSYoungGen: 79328K(79360K)->1056K(79872K) Eden: 78336K(78336K)->0K(78336K) From: 992K(1024K)->1056K(1536K)
[232.963s][info][gc,heap        ] GC(512) ParOldGen: 8106K(1398272K)->8106K(1398272K)
[232.963s][info][gc,metaspace   ] GC(512) Metaspace: 9949K(10304K)->9949K(10304K) NonClass: 8649K(8896K)->8649K(8896K) Class: 1300K(1408K)->1300K(1408K)
[232.963s][info][gc             ] GC(512) Pause Young (Allocation Failure) 85M->8M(1443M) 1.177ms
[232.964s][info][gc,cpu         ] GC(512) User=0.00s Sys=0.02s Real=0.00s
[233.269s][info][gc,start       ] GC(513) Pause Young (Allocation Failure)
[233.270s][info][gc,heap        ] GC(513) PSYoungGen: 79392K(79872K)->1024K(79360K) Eden: 78336K(78336K)->0K(78336K) From: 1056K(1536K)->1024K(1024K)
[233.270s][info][gc,heap        ] GC(513) ParOldGen: 8106K(1398272K)->8250K(1398272K)
[233.270s][info][gc,metaspace   ] GC(513) Metaspace: 9949K(10304K)->9949K(10304K) NonClass: 8649K(8896K)->8649K(8896K) Class: 1300K(1408K)->1300K(1408K)
[233.270s][info][gc             ] GC(513) Pause Young (Allocation Failure) 85M->9M(1443M) 1.138ms
[233.270s][info][gc,cpu         ] GC(513) User=0.00s Sys=0.00s Real=0.00s
[233.581s][info][gc,start       ] GC(514) Pause Young (Allocation Failure)
[233.583s][info][gc,heap        ] GC(514) PSYoungGen: 79360K(79360K)->1088K(79872K) Eden: 78336K(78336K)->0K(78336K) From: 1024K(1024K)->1088K(1536K)
[233.583s][info][gc,heap        ] GC(514) ParOldGen: 8250K(1398272K)->8634K(1398272K)
[233.583s][info][gc,metaspace   ] GC(514) Metaspace: 9949K(10304K)->9949K(10304K) NonClass: 8649K(8896K)->8649K(8896K) Class: 1300K(1408K)->1300K(1408K)
[233.583s][info][gc             ] GC(514) Pause Young (Allocation Failure) 85M->9M(1443M) 1.399ms
[233.583s][info][gc,cpu         ] GC(514) User=0.00s Sys=0.00s Real=0.00s
[233.888s][info][gc,start       ] GC(515) Pause Young (Allocation Failure)
[233.889s][info][gc,heap        ] GC(515) PSYoungGen: 79424K(79872K)->1024K(79360K) Eden: 78336K(78336K)->0K(78336K) From: 1088K(1536K)->1024K(1024K)
[233.889s][info][gc,heap        ] GC(515) ParOldGen: 8634K(1398272K)->9010K(1398272K)
[233.889s][info][gc,metaspace   ] GC(515) Metaspace: 9949K(10304K)->9949K(10304K) NonClass: 8649K(8896K)->8649K(8896K) Class: 1300K(1408K)->1300K(1408K)
[233.890s][info][gc             ] GC(515) Pause Young (Allocation Failure) 85M->9M(1443M) 1.137ms
[233.890s][info][gc,cpu         ] GC(515) User=0.00s Sys=0.00s Real=0.00s
[234.183s][info][gc,start       ] GC(516) Pause Young (Allocation Failure)
[234.184s][info][gc,heap        ] GC(516) PSYoungGen: 79360K(79360K)->1056K(79872K) Eden: 78336K(78336K)->0K(78336K) From: 1024K(1024K)->1056K(1536K)
[234.184s][info][gc,heap        ] GC(516) ParOldGen: 9010K(1398272K)->9010K(1398272K)
[234.184s][info][gc,metaspace   ] GC(516) Metaspace: 9949K(10304K)->9949K(10304K) NonClass: 8649K(8896K)->8649K(8896K) Class: 1300K(1408K)->1300K(1408K)
[234.184s][info][gc             ] GC(516) Pause Young (Allocation Failure) 86M->9M(1443M) 1.254ms
[234.184s][info][gc,cpu         ] GC(516) User=0.00s Sys=0.00s Real=0.00s
[234.499s][info][gc,start       ] GC(517) Pause Young (Allocation Failure)
[234.500s][info][gc,heap        ] GC(517) PSYoungGen: 79392K(79872K)->1024K(79360K) Eden: 78336K(78336K)->0K(78336K) From: 1056K(1536K)->1024K(1024K)
[234.500s][info][gc,heap        ] GC(517) ParOldGen: 9010K(1398272K)->9026K(1398272K)
[234.500s][info][gc,metaspace   ] GC(517) Metaspace: 9949K(10304K)->9949K(10304K) NonClass: 8649K(8896K)->8649K(8896K) Class: 1300K(1408K)->1300K(1408K)
[234.500s][info][gc             ] GC(517) Pause Young (Allocation Failure) 86M->9M(1443M) 1.012ms
[234.501s][info][gc,cpu         ] GC(517) User=0.00s Sys=0.00s Real=0.00s
[234.801s][info][gc,start       ] GC(518) Pause Young (Allocation Failure)
[234.802s][info][gc,heap        ] GC(518) PSYoungGen: 79360K(79360K)->1056K(79872K) Eden: 78336K(78336K)->0K(78336K) From: 1024K(1024K)->1056K(1536K)
[234.802s][info][gc,heap        ] GC(518) ParOldGen: 9026K(1398272K)->9106K(1398272K)
[234.802s][info][gc,metaspace   ] GC(518) Metaspace: 9949K(10304K)->9949K(10304K) NonClass: 8649K(8896K)->8649K(8896K) Class: 1300K(1408K)->1300K(1408K)
[234.802s][info][gc             ] GC(518) Pause Young (Allocation Failure) 86M->9M(1443M) 1.212ms
[234.802s][info][gc,cpu         ] GC(518) User=0.00s Sys=0.00s Real=0.00s
[235.108s][info][gc,start       ] GC(519) Pause Young (Allocation Failure)
[235.109s][info][gc,heap        ] GC(519) PSYoungGen: 79392K(79872K)->1024K(79360K) Eden: 78336K(78336K)->0K(78336K) From: 1056K(1536K)->1024K(1024K)
[235.109s][info][gc,heap        ] GC(519) ParOldGen: 9106K(1398272K)->9146K(1398272K)
[235.109s][info][gc,metaspace   ] GC(519) Metaspace: 9949K(10304K)->9949K(10304K) NonClass: 8649K(8896K)->8649K(8896K) Class: 1300K(1408K)->1300K(1408K)
[235.109s][info][gc             ] GC(519) Pause Young (Allocation Failure) 86M->9M(1443M) 1.111ms
[235.109s][info][gc,cpu         ] GC(519) User=0.00s Sys=0.00s Real=0.00s
[235.418s][info][gc,start       ] GC(520) Pause Young (Allocation Failure)
[235.420s][info][gc,heap        ] GC(520) PSYoungGen: 79360K(79360K)->1120K(79872K) Eden: 78336K(78336K)->0K(78336K) From: 1024K(1024K)->1120K(1536K)
[235.420s][info][gc,heap        ] GC(520) ParOldGen: 9146K(1398272K)->9602K(1398272K)
[235.420s][info][gc,metaspace   ] GC(520) Metaspace: 9949K(10304K)->9949K(10304K) NonClass: 8649K(8896K)->8649K(8896K) Class: 1300K(1408K)->1300K(1408K)
[235.420s][info][gc             ] GC(520) Pause Young (Allocation Failure) 86M->10M(1443M) 1.336ms
[235.420s][info][gc,cpu         ] GC(520) User=0.00s Sys=0.00s Real=0.00s
[235.692s][info][gc,start       ] GC(521) Pause Young (System.gc())
[235.693s][info][gc,heap        ] GC(521) PSYoungGen: 68604K(79872K)->1024K(79360K) Eden: 67484K(78336K)->0K(78336K) From: 1120K(1536K)->1024K(1024K)
[235.693s][info][gc,heap        ] GC(521) ParOldGen: 9602K(1398272K)->9618K(1398272K)
[235.693s][info][gc,metaspace   ] GC(521) Metaspace: 9949K(10304K)->9949K(10304K) NonClass: 8649K(8896K)->8649K(8896K) Class: 1300K(1408K)->1300K(1408K)
[235.693s][info][gc             ] GC(521) Pause Young (System.gc()) 76M->10M(1443M) 0.995ms
[235.694s][info][gc,cpu         ] GC(521) User=0.00s Sys=0.00s Real=0.00s
[235.694s][info][gc,start       ] GC(522) Pause Full (System.gc())
[235.694s][info][gc,phases,start] GC(522) Marking Phase
[235.710s][info][gc,phases      ] GC(522) Marking Phase 16.494ms
[235.710s][info][gc,phases,start] GC(522) Summary Phase
[235.710s][info][gc,phases      ] GC(522) Summary Phase 0.023ms
[235.710s][info][gc,phases,start] GC(522) Adjust Roots
[235.715s][info][gc,phases      ] GC(522) Adjust Roots 4.535ms
[235.715s][info][gc,phases,start] GC(522) Compaction Phase
[235.718s][info][gc,phases      ] GC(522) Compaction Phase 3.458ms
[235.718s][info][gc,phases,start] GC(522) Post Compact
[235.719s][info][gc,phases      ] GC(522) Post Compact 0.821ms
[235.719s][info][gc,heap        ] GC(522) PSYoungGen: 1024K(79360K)->0K(79360K) Eden: 0K(78336K)->0K(78336K) From: 1024K(1024K)->0K(1024K)
[235.719s][info][gc,heap        ] GC(522) ParOldGen: 9618K(1398272K)->4074K(1398272K)
[235.719s][info][gc,metaspace   ] GC(522) Metaspace: 9949K(10304K)->9949K(10304K) NonClass: 8649K(8896K)->8649K(8896K) Class: 1300K(1408K)->1300K(1408K)
[235.719s][info][gc             ] GC(522) Pause Full (System.gc()) 10M->3M(1443M) 25.631ms
[235.719s][info][gc,cpu         ] GC(522) User=0.53s Sys=0.00s Real=0.03s
[236.025s][info][gc,start       ] GC(523) Pause Young (Allocation Failure)
[236.027s][info][gc,heap        ] GC(523) PSYoungGen: 78336K(79360K)->1536K(79872K) Eden: 78336K(78336K)->0K(78336K) From: 0K(1024K)->1536K(1536K)
[236.027s][info][gc,heap        ] GC(523) ParOldGen: 4074K(1398272K)->4170K(1398272K)
[236.027s][info][gc,metaspace   ] GC(523) Metaspace: 9949K(10304K)->9949K(10304K) NonClass: 8649K(8896K)->8649K(8896K) Class: 1300K(1408K)->1300K(1408K)
[236.027s][info][gc             ] GC(523) Pause Young (Allocation Failure) 80M->5M(1443M) 1.382ms
[236.027s][info][gc,cpu         ] GC(523) User=0.00s Sys=0.00s Real=0.00s
[236.330s][info][gc,start       ] GC(524) Pause Young (Allocation Failure)
[236.331s][info][gc,heap        ] GC(524) PSYoungGen: 79872K(79872K)->1024K(79360K) Eden: 78336K(78336K)->0K(78336K) From: 1536K(1536K)->1024K(1024K)
[236.331s][info][gc,heap        ] GC(524) ParOldGen: 4170K(1398272K)->4674K(1398272K)
[236.331s][info][gc,metaspace   ] GC(524) Metaspace: 9949K(10304K)->9949K(10304K) NonClass: 8649K(8896K)->8649K(8896K) Class: 1300K(1408K)->1300K(1408K)
[236.331s][info][gc             ] GC(524) Pause Young (Allocation Failure) 82M->5M(1443M) 1.387ms
[236.331s][info][gc,cpu         ] GC(524) User=0.02s Sys=0.00s Real=0.02s
[236.630s][info][gc,start       ] GC(525) Pause Young (Allocation Failure)
[236.631s][info][gc,heap        ] GC(525) PSYoungGen: 79360K(79360K)->1184K(79872K) Eden: 78336K(78336K)->0K(78336K) From: 1024K(1024K)->1184K(1536K)
[236.631s][info][gc,heap        ] GC(525) ParOldGen: 4674K(1398272K)->5258K(1398272K)
[236.631s][info][gc,metaspace   ] GC(525) Metaspace: 9949K(10304K)->9949K(10304K) NonClass: 8649K(8896K)->8649K(8896K) Class: 1300K(1408K)->1300K(1408K)
[236.631s][info][gc             ] GC(525) Pause Young (Allocation Failure) 82M->6M(1443M) 1.415ms
[236.631s][info][gc,cpu         ] GC(525) User=0.00s Sys=0.00s Real=0.00s
[236.941s][info][gc,start       ] GC(526) Pause Young (Allocation Failure)
[236.942s][info][gc,heap        ] GC(526) PSYoungGen: 79520K(79872K)->1056K(79872K) Eden: 78336K(78336K)->0K(78336K) From: 1184K(1536K)->1056K(1536K)
[236.942s][info][gc,heap        ] GC(526) ParOldGen: 5258K(1398272K)->5386K(1398272K)
[236.942s][info][gc,metaspace   ] GC(526) Metaspace: 9949K(10304K)->9949K(10304K) NonClass: 8649K(8896K)->8649K(8896K) Class: 1300K(1408K)->1300K(1408K)
[236.942s][info][gc             ] GC(526) Pause Young (Allocation Failure) 82M->6M(1443M) 1.231ms
[236.942s][info][gc,cpu         ] GC(526) User=0.00s Sys=0.00s Real=0.00s
[237.253s][info][gc,start       ] GC(527) Pause Young (Allocation Failure)
[237.255s][info][gc,heap        ] GC(527) PSYoungGen: 79392K(79872K)->1376K(79872K) Eden: 78336K(78336K)->0K(78336K) From: 1056K(1536K)->1376K(1536K)
[237.255s][info][gc,heap        ] GC(527) ParOldGen: 5386K(1398272K)->5762K(1398272K)
[237.255s][info][gc,metaspace   ] GC(527) Metaspace: 9949K(10304K)->9949K(10304K) NonClass: 8649K(8896K)->8649K(8896K) Class: 1300K(1408K)->1300K(1408K)
[237.255s][info][gc             ] GC(527) Pause Young (Allocation Failure) 82M->6M(1443M) 1.457ms
[237.255s][info][gc,cpu         ] GC(527) User=0.00s Sys=0.00s Real=0.00s
[237.561s][info][gc,start       ] GC(528) Pause Young (Allocation Failure)
[237.562s][info][gc,heap        ] GC(528) PSYoungGen: 79712K(79872K)->928K(79360K) Eden: 78336K(78336K)->0K(78336K) From: 1376K(1536K)->928K(1024K)
[237.562s][info][gc,heap        ] GC(528) ParOldGen: 5762K(1398272K)->6242K(1398272K)
[237.562s][info][gc,metaspace   ] GC(528) Metaspace: 9949K(10304K)->9949K(10304K) NonClass: 8649K(8896K)->8649K(8896K) Class: 1300K(1408K)->1300K(1408K)
[237.562s][info][gc             ] GC(528) Pause Young (Allocation Failure) 83M->7M(1443M) 1.375ms
[237.563s][info][gc,cpu         ] GC(528) User=0.00s Sys=0.00s Real=0.00s
[237.870s][info][gc,start       ] GC(529) Pause Young (Allocation Failure)
[237.871s][info][gc,heap        ] GC(529) PSYoungGen: 79264K(79360K)->1056K(79872K) Eden: 78336K(78336K)->0K(78336K) From: 928K(1024K)->1056K(1536K)
[237.871s][info][gc,heap        ] GC(529) ParOldGen: 6242K(1398272K)->6242K(1398272K)
[237.871s][info][gc,metaspace   ] GC(529) Metaspace: 9949K(10304K)->9949K(10304K) NonClass: 8649K(8896K)->8649K(8896K) Class: 1300K(1408K)->1300K(1408K)
[237.871s][info][gc             ] GC(529) Pause Young (Allocation Failure) 83M->7M(1443M) 1.125ms
[237.871s][info][gc,cpu         ] GC(529) User=0.00s Sys=0.00s Real=0.00s
[238.181s][info][gc,start       ] GC(530) Pause Young (Allocation Failure)
[238.182s][info][gc,heap        ] GC(530) PSYoungGen: 79392K(79872K)->1248K(79872K) Eden: 78336K(78336K)->0K(78336K) From: 1056K(1536K)->1248K(1536K)
[238.183s][info][gc,heap        ] GC(530) ParOldGen: 6242K(1398272K)->6242K(1398272K)
[238.183s][info][gc,metaspace   ] GC(530) Metaspace: 9949K(10304K)->9949K(10304K) NonClass: 8649K(8896K)->8649K(8896K) Class: 1300K(1408K)->1300K(1408K)
[238.183s][info][gc             ] GC(530) Pause Young (Allocation Failure) 83M->7M(1443M) 1.381ms
[238.183s][info][gc,cpu         ] GC(530) User=0.00s Sys=0.00s Real=0.00s
[238.487s][info][gc,start       ] GC(531) Pause Young (Allocation Failure)
[238.488s][info][gc,heap        ] GC(531) PSYoungGen: 79584K(79872K)->1088K(79872K) Eden: 78336K(78336K)->0K(78336K) From: 1248K(1536K)->1088K(1536K)
[238.489s][info][gc,heap        ] GC(531) ParOldGen: 6242K(1398272K)->6802K(1398272K)
[238.489s][info][gc,metaspace   ] GC(531) Metaspace: 9949K(10304K)->9949K(10304K) NonClass: 8649K(8896K)->8649K(8896K) Class: 1300K(1408K)->1300K(1408K)
[238.489s][info][gc             ] GC(531) Pause Young (Allocation Failure) 83M->7M(1443M) 1.445ms
[238.489s][info][gc,cpu         ] GC(531) User=0.00s Sys=0.00s Real=0.00s
[238.790s][info][gc,start       ] GC(532) Pause Young (Allocation Failure)
[238.791s][info][gc,heap        ] GC(532) PSYoungGen: 79424K(79872K)->1056K(79872K) Eden: 78336K(78336K)->0K(78336K) From: 1088K(1536K)->1056K(1536K)
[238.791s][info][gc,heap        ] GC(532) ParOldGen: 6802K(1398272K)->6802K(1398272K)
[238.791s][info][gc,metaspace   ] GC(532) Metaspace: 9949K(10304K)->9949K(10304K) NonClass: 8649K(8896K)->8649K(8896K) Class: 1300K(1408K)->1300K(1408K)
[238.791s][info][gc             ] GC(532) Pause Young (Allocation Failure) 84M->7M(1443M) 1.077ms
[238.791s][info][gc,cpu         ] GC(532) User=0.00s Sys=0.00s Real=0.00s
[239.092s][info][gc,start       ] GC(533) Pause Young (Allocation Failure)
[239.094s][info][gc,heap        ] GC(533) PSYoungGen: 79392K(79872K)->1056K(79872K) Eden: 78336K(78336K)->0K(78336K) From: 1056K(1536K)->1056K(1536K)
[239.094s][info][gc,heap        ] GC(533) ParOldGen: 6802K(1398272K)->6802K(1398272K)
[239.094s][info][gc,metaspace   ] GC(533) Metaspace: 9949K(10304K)->9949K(10304K) NonClass: 8649K(8896K)->8649K(8896K) Class: 1300K(1408K)->1300K(1408K)
[239.094s][info][gc             ] GC(533) Pause Young (Allocation Failure) 84M->7M(1443M) 1.307ms
[239.094s][info][gc,cpu         ] GC(533) User=0.02s Sys=0.00s Real=0.02s
[239.390s][info][gc,start       ] GC(534) Pause Young (Allocation Failure)
[239.391s][info][gc,heap        ] GC(534) PSYoungGen: 79392K(79872K)->512K(78848K) Eden: 78336K(78336K)->0K(78336K) From: 1056K(1536K)->512K(512K)
[239.391s][info][gc,heap        ] GC(534) ParOldGen: 6802K(1398272K)->7058K(1398272K)
[239.391s][info][gc,metaspace   ] GC(534) Metaspace: 9949K(10304K)->9949K(10304K) NonClass: 8649K(8896K)->8649K(8896K) Class: 1300K(1408K)->1300K(1408K)
[239.391s][info][gc             ] GC(534) Pause Young (Allocation Failure) 84M->7M(1442M) 1.107ms
[239.391s][info][gc,cpu         ] GC(534) User=0.00s Sys=0.00s Real=0.00s
[239.703s][info][gc,start       ] GC(535) Pause Young (Allocation Failure)
[239.704s][info][gc,heap        ] GC(535) PSYoungGen: 78848K(78848K)->1056K(79872K) Eden: 78336K(78336K)->0K(78336K) From: 512K(512K)->1056K(1536K)
[239.704s][info][gc,heap        ] GC(535) ParOldGen: 7058K(1398272K)->7450K(1398272K)
[239.704s][info][gc,metaspace   ] GC(535) Metaspace: 9949K(10304K)->9949K(10304K) NonClass: 8649K(8896K)->8649K(8896K) Class: 1300K(1408K)->1300K(1408K)
[239.704s][info][gc             ] GC(535) Pause Young (Allocation Failure) 83M->8M(1443M) 1.399ms
[239.704s][info][gc,cpu         ] GC(535) User=0.00s Sys=0.00s Real=0.00s
[240.016s][info][gc,start       ] GC(536) Pause Young (Allocation Failure)
[240.017s][info][gc,heap        ] GC(536) PSYoungGen: 79392K(79872K)->1056K(79872K) Eden: 78336K(78336K)->0K(78336K) From: 1056K(1536K)->1056K(1536K)
[240.017s][info][gc,heap        ] GC(536) ParOldGen: 7450K(1398272K)->7578K(1398272K)
[240.017s][info][gc,metaspace   ] GC(536) Metaspace: 9949K(10304K)->9949K(10304K) NonClass: 8649K(8896K)->8649K(8896K) Class: 1300K(1408K)->1300K(1408K)
[240.017s][info][gc             ] GC(536) Pause Young (Allocation Failure) 84M->8M(1443M) 1.065ms
[240.017s][info][gc,cpu         ] GC(536) User=0.00s Sys=0.00s Real=0.00s
[240.320s][info][gc,start       ] GC(537) Pause Young (Allocation Failure)
[240.321s][info][gc,heap        ] GC(537) PSYoungGen: 79392K(79872K)->1056K(79872K) Eden: 78336K(78336K)->0K(78336K) From: 1056K(1536K)->1056K(1536K)
[240.321s][info][gc,heap        ] GC(537) ParOldGen: 7578K(1398272K)->7578K(1398272K)
[240.321s][info][gc,metaspace   ] GC(537) Metaspace: 9949K(10304K)->9949K(10304K) NonClass: 8649K(8896K)->8649K(8896K) Class: 1300K(1408K)->1300K(1408K)
[240.321s][info][gc             ] GC(537) Pause Young (Allocation Failure) 84M->8M(1443M) 1.326ms
[240.321s][info][gc,cpu         ] GC(537) User=0.00s Sys=0.00s Real=0.00s
[240.632s][info][gc,start       ] GC(538) Pause Young (Allocation Failure)
[240.633s][info][gc,heap        ] GC(538) PSYoungGen: 79392K(79872K)->512K(78848K) Eden: 78336K(78336K)->0K(78336K) From: 1056K(1536K)->512K(512K)
[240.633s][info][gc,heap        ] GC(538) ParOldGen: 7578K(1398272K)->8050K(1398272K)
[240.633s][info][gc,metaspace   ] GC(538) Metaspace: 9949K(10304K)->9949K(10304K) NonClass: 8649K(8896K)->8649K(8896K) Class: 1300K(1408K)->1300K(1408K)
[240.633s][info][gc             ] GC(538) Pause Young (Allocation Failure) 84M->8M(1442M) 1.144ms
[240.633s][info][gc,cpu         ] GC(538) User=0.00s Sys=0.00s Real=0.00s
[240.939s][info][gc,start       ] GC(539) Pause Young (Allocation Failure)
[240.941s][info][gc,heap        ] GC(539) PSYoungGen: 78848K(78848K)->1024K(79872K) Eden: 78336K(78336K)->0K(78336K) From: 512K(512K)->1024K(1536K)
[240.941s][info][gc,heap        ] GC(539) ParOldGen: 8050K(1398272K)->8394K(1398272K)
[240.941s][info][gc,metaspace   ] GC(539) Metaspace: 9949K(10304K)->9949K(10304K) NonClass: 8649K(8896K)->8649K(8896K) Class: 1300K(1408K)->1300K(1408K)
[240.941s][info][gc             ] GC(539) Pause Young (Allocation Failure) 84M->9M(1443M) 1.575ms
[240.941s][info][gc,cpu         ] GC(539) User=0.00s Sys=0.02s Real=0.02s
[241.254s][info][gc,start       ] GC(540) Pause Young (Allocation Failure)
[241.255s][info][gc,heap        ] GC(540) PSYoungGen: 79360K(79872K)->1056K(79872K) Eden: 78336K(78336K)->0K(78336K) From: 1024K(1536K)->1056K(1536K)
[241.255s][info][gc,heap        ] GC(540) ParOldGen: 8394K(1398272K)->8442K(1398272K)
[241.255s][info][gc,metaspace   ] GC(540) Metaspace: 9949K(10304K)->9949K(10304K) NonClass: 8649K(8896K)->8649K(8896K) Class: 1300K(1408K)->1300K(1408K)
[241.255s][info][gc             ] GC(540) Pause Young (Allocation Failure) 85M->9M(1443M) 1.112ms
[241.255s][info][gc,cpu         ] GC(540) User=0.00s Sys=0.00s Real=0.00s
[241.568s][info][gc,start       ] GC(541) Pause Young (Allocation Failure)
[241.569s][info][gc,heap        ] GC(541) PSYoungGen: 79392K(79872K)->1088K(79872K) Eden: 78336K(78336K)->0K(78336K) From: 1056K(1536K)->1088K(1536K)
[241.569s][info][gc,heap        ] GC(541) ParOldGen: 8442K(1398272K)->8442K(1398272K)
[241.569s][info][gc,metaspace   ] GC(541) Metaspace: 9949K(10304K)->9949K(10304K) NonClass: 8649K(8896K)->8649K(8896K) Class: 1300K(1408K)->1300K(1408K)
[241.569s][info][gc             ] GC(541) Pause Young (Allocation Failure) 85M->9M(1443M) 1.314ms
[241.569s][info][gc,cpu         ] GC(541) User=0.00s Sys=0.00s Real=0.00s
[241.883s][info][gc,start       ] GC(542) Pause Young (Allocation Failure)
[241.884s][info][gc,heap        ] GC(542) PSYoungGen: 79424K(79872K)->512K(78848K) Eden: 78336K(78336K)->0K(78336K) From: 1088K(1536K)->512K(512K)
[241.884s][info][gc,heap        ] GC(542) ParOldGen: 8442K(1398272K)->9002K(1398272K)
[241.884s][info][gc,metaspace   ] GC(542) Metaspace: 9949K(10304K)->9949K(10304K) NonClass: 8649K(8896K)->8649K(8896K) Class: 1300K(1408K)->1300K(1408K)
[241.884s][info][gc             ] GC(542) Pause Young (Allocation Failure) 85M->9M(1442M) 1.209ms
[241.884s][info][gc,cpu         ] GC(542) User=0.00s Sys=0.00s Real=0.00s
[242.170s][info][gc,start       ] GC(543) Pause Young (System.gc())
[242.171s][info][gc,heap        ] GC(543) PSYoungGen: 70383K(78848K)->1120K(79872K) Eden: 69871K(78336K)->0K(78336K) From: 512K(512K)->1120K(1536K)
[242.171s][info][gc,heap        ] GC(543) ParOldGen: 9002K(1398272K)->9458K(1398272K)
[242.171s][info][gc,metaspace   ] GC(543) Metaspace: 9949K(10304K)->9949K(10304K) NonClass: 8649K(8896K)->8649K(8896K) Class: 1300K(1408K)->1300K(1408K)
[242.171s][info][gc             ] GC(543) Pause Young (System.gc()) 77M->10M(1443M) 1.373ms
[242.171s][info][gc,cpu         ] GC(543) User=0.00s Sys=0.00s Real=0.00s
[242.171s][info][gc,start       ] GC(544) Pause Full (System.gc())
[242.171s][info][gc,phases,start] GC(544) Marking Phase
[242.187s][info][gc,phases      ] GC(544) Marking Phase 15.846ms
[242.187s][info][gc,phases,start] GC(544) Summary Phase
[242.187s][info][gc,phases      ] GC(544) Summary Phase 0.027ms
[242.187s][info][gc,phases,start] GC(544) Adjust Roots
[242.192s][info][gc,phases      ] GC(544) Adjust Roots 4.542ms
[242.192s][info][gc,phases,start] GC(544) Compaction Phase
[242.196s][info][gc,phases      ] GC(544) Compaction Phase 3.810ms
[242.196s][info][gc,phases,start] GC(544) Post Compact
[242.197s][info][gc,phases      ] GC(544) Post Compact 0.750ms
[242.197s][info][gc,heap        ] GC(544) PSYoungGen: 1120K(79872K)->0K(79872K) Eden: 0K(78336K)->0K(78336K) From: 1120K(1536K)->0K(1536K)
[242.197s][info][gc,heap        ] GC(544) ParOldGen: 9458K(1398272K)->4074K(1398272K)
[242.197s][info][gc,metaspace   ] GC(544) Metaspace: 9949K(10304K)->9949K(10304K) NonClass: 8649K(8896K)->8649K(8896K) Class: 1300K(1408K)->1300K(1408K)
[242.197s][info][gc             ] GC(544) Pause Full (System.gc()) 10M->3M(1443M) 25.231ms
[242.197s][info][gc,cpu         ] GC(544) User=0.53s Sys=0.00s Real=0.03s
[242.507s][info][gc,start       ] GC(545) Pause Young (Allocation Failure)
[242.508s][info][gc,heap        ] GC(545) PSYoungGen: 78336K(79872K)->1536K(79872K) Eden: 78336K(78336K)->0K(78336K) From: 0K(1536K)->1536K(1536K)
[242.508s][info][gc,heap        ] GC(545) ParOldGen: 4074K(1398272K)->4202K(1398272K)
[242.509s][info][gc,metaspace   ] GC(545) Metaspace: 9949K(10304K)->9949K(10304K) NonClass: 8649K(8896K)->8649K(8896K) Class: 1300K(1408K)->1300K(1408K)
[242.509s][info][gc             ] GC(545) Pause Young (Allocation Failure) 80M->5M(1443M) 1.345ms
[242.509s][info][gc,cpu         ] GC(545) User=0.52s Sys=0.00s Real=0.02s
[242.816s][info][gc,start       ] GC(546) Pause Young (Allocation Failure)
[242.817s][info][gc,heap        ] GC(546) PSYoungGen: 79872K(79872K)->1536K(79872K) Eden: 78336K(78336K)->0K(78336K) From: 1536K(1536K)->1536K(1536K)
[242.817s][info][gc,heap        ] GC(546) ParOldGen: 4202K(1398272K)->4626K(1398272K)
[242.817s][info][gc,metaspace   ] GC(546) Metaspace: 9949K(10304K)->9949K(10304K) NonClass: 8649K(8896K)->8649K(8896K) Class: 1300K(1408K)->1300K(1408K)
[242.818s][info][gc             ] GC(546) Pause Young (Allocation Failure) 82M->6M(1443M) 1.981ms
[242.818s][info][gc,cpu         ] GC(546) User=0.00s Sys=0.00s Real=0.00s
[243.122s][info][gc,start       ] GC(547) Pause Young (Allocation Failure)
[243.124s][info][gc,heap        ] GC(547) PSYoungGen: 79872K(79872K)->512K(78848K) Eden: 78336K(78336K)->0K(78336K) From: 1536K(1536K)->512K(512K)
[243.124s][info][gc,heap        ] GC(547) ParOldGen: 4626K(1398272K)->5610K(1398272K)
[243.124s][info][gc,metaspace   ] GC(547) Metaspace: 9949K(10304K)->9949K(10304K) NonClass: 8649K(8896K)->8649K(8896K) Class: 1300K(1408K)->1300K(1408K)
[243.124s][info][gc             ] GC(547) Pause Young (Allocation Failure) 82M->5M(1442M) 1.358ms
[243.124s][info][gc,cpu         ] GC(547) User=0.00s Sys=0.00s Real=0.00s
[243.423s][info][gc,start       ] GC(548) Pause Young (Allocation Failure)
[243.424s][info][gc,heap        ] GC(548) PSYoungGen: 78848K(78848K)->1216K(80384K) Eden: 78336K(78336K)->0K(78336K) From: 512K(512K)->1216K(2048K)
[243.424s][info][gc,heap        ] GC(548) ParOldGen: 5610K(1398272K)->6050K(1398272K)
[243.424s][info][gc,metaspace   ] GC(548) Metaspace: 9949K(10304K)->9949K(10304K) NonClass: 8649K(8896K)->8649K(8896K) Class: 1300K(1408K)->1300K(1408K)
[243.424s][info][gc             ] GC(548) Pause Young (Allocation Failure) 82M->7M(1444M) 1.233ms
[243.424s][info][gc,cpu         ] GC(548) User=0.00s Sys=0.00s Real=0.00s
[243.740s][info][gc,start       ] GC(549) Pause Young (Allocation Failure)
[243.741s][info][gc,heap        ] GC(549) PSYoungGen: 79552K(80384K)->1152K(79872K) Eden: 78336K(78336K)->0K(78336K) From: 1216K(2048K)->1152K(1536K)
[243.741s][info][gc,heap        ] GC(549) ParOldGen: 6050K(1398272K)->6410K(1398272K)
[243.741s][info][gc,metaspace   ] GC(549) Metaspace: 9949K(10304K)->9949K(10304K) NonClass: 8649K(8896K)->8649K(8896K) Class: 1300K(1408K)->1300K(1408K)
[243.741s][info][gc             ] GC(549) Pause Young (Allocation Failure) 83M->7M(1443M) 1.446ms
[243.741s][info][gc,cpu         ] GC(549) User=0.44s Sys=0.00s Real=0.01s
[244.044s][info][gc,start       ] GC(550) Pause Young (Allocation Failure)
[244.045s][info][gc,heap        ] GC(550) PSYoungGen: 79488K(79872K)->1088K(79872K) Eden: 78336K(78336K)->0K(78336K) From: 1152K(1536K)->1088K(1536K)
[244.045s][info][gc,heap        ] GC(550) ParOldGen: 6410K(1398272K)->6778K(1398272K)
[244.045s][info][gc,metaspace   ] GC(550) Metaspace: 9949K(10304K)->9949K(10304K) NonClass: 8649K(8896K)->8649K(8896K) Class: 1300K(1408K)->1300K(1408K)
[244.045s][info][gc             ] GC(550) Pause Young (Allocation Failure) 83M->7M(1443M) 1.348ms
[244.046s][info][gc,cpu         ] GC(550) User=0.00s Sys=0.02s Real=0.00s
[244.353s][info][gc,start       ] GC(551) Pause Young (Allocation Failure)
[244.354s][info][gc,heap        ] GC(551) PSYoungGen: 79424K(79872K)->1056K(79872K) Eden: 78336K(78336K)->0K(78336K) From: 1088K(1536K)->1056K(1536K)
[244.354s][info][gc,heap        ] GC(551) ParOldGen: 6778K(1398272K)->7170K(1398272K)
[244.354s][info][gc,metaspace   ] GC(551) Metaspace: 9949K(10304K)->9949K(10304K) NonClass: 8649K(8896K)->8649K(8896K) Class: 1300K(1408K)->1300K(1408K)
[244.354s][info][gc             ] GC(551) Pause Young (Allocation Failure) 84M->8M(1443M) 1.162ms
[244.354s][info][gc,cpu         ] GC(551) User=0.00s Sys=0.00s Real=0.00s
[244.666s][info][gc,start       ] GC(552) Pause Young (Allocation Failure)
[244.667s][info][gc,heap        ] GC(552) PSYoungGen: 79392K(79872K)->1088K(79872K) Eden: 78336K(78336K)->0K(78336K) From: 1056K(1536K)->1088K(1536K)
[244.667s][info][gc,heap        ] GC(552) ParOldGen: 7170K(1398272K)->7466K(1398272K)
[244.667s][info][gc,metaspace   ] GC(552) Metaspace: 9949K(10304K)->9949K(10304K) NonClass: 8649K(8896K)->8649K(8896K) Class: 1300K(1408K)->1300K(1408K)
[244.667s][info][gc             ] GC(552) Pause Young (Allocation Failure) 84M->8M(1443M) 1.468ms
[244.667s][info][gc,cpu         ] GC(552) User=0.00s Sys=0.00s Real=0.00s
[244.989s][info][gc,start       ] GC(553) Pause Young (Allocation Failure)
[244.990s][info][gc,heap        ] GC(553) PSYoungGen: 79424K(79872K)->1024K(79360K) Eden: 78336K(78336K)->0K(78336K) From: 1088K(1536K)->1024K(1024K)
[244.990s][info][gc,heap        ] GC(553) ParOldGen: 7466K(1398272K)->7818K(1398272K)
[244.990s][info][gc,metaspace   ] GC(553) Metaspace: 9949K(10304K)->9949K(10304K) NonClass: 8649K(8896K)->8649K(8896K) Class: 1300K(1408K)->1300K(1408K)
[244.990s][info][gc             ] GC(553) Pause Young (Allocation Failure) 84M->8M(1443M) 1.253ms
[244.990s][info][gc,cpu         ] GC(553) User=0.00s Sys=0.00s Real=0.00s
[245.300s][info][gc,start       ] GC(554) Pause Young (Allocation Failure)
[245.301s][info][gc,heap        ] GC(554) PSYoungGen: 79360K(79360K)->1056K(79872K) Eden: 78336K(78336K)->0K(78336K) From: 1024K(1024K)->1056K(1536K)
[245.301s][info][gc,heap        ] GC(554) ParOldGen: 7818K(1398272K)->7818K(1398272K)
[245.301s][info][gc,metaspace   ] GC(554) Metaspace: 9949K(10304K)->9949K(10304K) NonClass: 8649K(8896K)->8649K(8896K) Class: 1300K(1408K)->1300K(1408K)
[245.301s][info][gc             ] GC(554) Pause Young (Allocation Failure) 85M->8M(1443M) 1.099ms
[245.301s][info][gc,cpu         ] GC(554) User=0.00s Sys=0.00s Real=0.00s
[245.606s][info][gc,start       ] GC(555) Pause Young (Allocation Failure)
[245.607s][info][gc,heap        ] GC(555) PSYoungGen: 79392K(79872K)->1056K(79872K) Eden: 78336K(78336K)->0K(78336K) From: 1056K(1536K)->1056K(1536K)
[245.608s][info][gc,heap        ] GC(555) ParOldGen: 7818K(1398272K)->7818K(1398272K)
[245.608s][info][gc,metaspace   ] GC(555) Metaspace: 9949K(10304K)->9949K(10304K) NonClass: 8649K(8896K)->8649K(8896K) Class: 1300K(1408K)->1300K(1408K)
[245.608s][info][gc             ] GC(555) Pause Young (Allocation Failure) 85M->8M(1443M) 1.283ms
[245.608s][info][gc,cpu         ] GC(555) User=0.00s Sys=0.00s Real=0.00s
[245.921s][info][gc,start       ] GC(556) Pause Young (Allocation Failure)
[245.923s][info][gc,heap        ] GC(556) PSYoungGen: 79392K(79872K)->1056K(79872K) Eden: 78336K(78336K)->0K(78336K) From: 1056K(1536K)->1056K(1536K)
[245.923s][info][gc,heap        ] GC(556) ParOldGen: 7818K(1398272K)->7818K(1398272K)
[245.923s][info][gc,metaspace   ] GC(556) Metaspace: 9949K(10304K)->9949K(10304K) NonClass: 8649K(8896K)->8649K(8896K) Class: 1300K(1408K)->1300K(1408K)
[245.923s][info][gc             ] GC(556) Pause Young (Allocation Failure) 85M->8M(1443M) 1.521ms
[245.923s][info][gc,cpu         ] GC(556) User=0.00s Sys=0.00s Real=0.00s
[246.236s][info][gc,start       ] GC(557) Pause Young (Allocation Failure)
[246.237s][info][gc,heap        ] GC(557) PSYoungGen: 79392K(79872K)->1056K(79872K) Eden: 78336K(78336K)->0K(78336K) From: 1056K(1536K)->1056K(1536K)
[246.237s][info][gc,heap        ] GC(557) ParOldGen: 7818K(1398272K)->7818K(1398272K)
[246.237s][info][gc,metaspace   ] GC(557) Metaspace: 9949K(10304K)->9949K(10304K) NonClass: 8649K(8896K)->8649K(8896K) Class: 1300K(1408K)->1300K(1408K)
[246.237s][info][gc             ] GC(557) Pause Young (Allocation Failure) 85M->8M(1443M) 1.128ms
[246.237s][info][gc,cpu         ] GC(557) User=0.25s Sys=0.00s Real=0.02s
[246.548s][info][gc,start       ] GC(558) Pause Young (Allocation Failure)
[246.549s][info][gc,heap        ] GC(558) PSYoungGen: 79392K(79872K)->1056K(79872K) Eden: 78336K(78336K)->0K(78336K) From: 1056K(1536K)->1056K(1536K)
[246.549s][info][gc,heap        ] GC(558) ParOldGen: 7818K(1398272K)->7818K(1398272K)
[246.549s][info][gc,metaspace   ] GC(558) Metaspace: 9949K(10304K)->9949K(10304K) NonClass: 8649K(8896K)->8649K(8896K) Class: 1300K(1408K)->1300K(1408K)
[246.549s][info][gc             ] GC(558) Pause Young (Allocation Failure) 85M->8M(1443M) 1.511ms
[246.549s][info][gc,cpu         ] GC(558) User=0.02s Sys=0.00s Real=0.01s
[246.860s][info][gc,start       ] GC(559) Pause Young (Allocation Failure)
[246.861s][info][gc,heap        ] GC(559) PSYoungGen: 79392K(79872K)->512K(78848K) Eden: 78336K(78336K)->0K(78336K) From: 1056K(1536K)->512K(512K)
[246.861s][info][gc,heap        ] GC(559) ParOldGen: 7818K(1398272K)->8074K(1398272K)
[246.861s][info][gc,metaspace   ] GC(559) Metaspace: 9949K(10304K)->9949K(10304K) NonClass: 8649K(8896K)->8649K(8896K) Class: 1300K(1408K)->1300K(1408K)
[246.861s][info][gc             ] GC(559) Pause Young (Allocation Failure) 85M->8M(1442M) 1.148ms
[246.861s][info][gc,cpu         ] GC(559) User=0.00s Sys=0.00s Real=0.00s
[247.178s][info][gc,start       ] GC(560) Pause Young (Allocation Failure)
[247.180s][info][gc,heap        ] GC(560) PSYoungGen: 78848K(78848K)->1056K(79872K) Eden: 78336K(78336K)->0K(78336K) From: 512K(512K)->1056K(1536K)
[247.180s][info][gc,heap        ] GC(560) ParOldGen: 8074K(1398272K)->8394K(1398272K)
[247.180s][info][gc,metaspace   ] GC(560) Metaspace: 9949K(10304K)->9949K(10304K) NonClass: 8649K(8896K)->8649K(8896K) Class: 1300K(1408K)->1300K(1408K)
[247.180s][info][gc             ] GC(560) Pause Young (Allocation Failure) 84M->9M(1443M) 2.368ms
[247.180s][info][gc,cpu         ] GC(560) User=0.00s Sys=0.00s Real=0.00s
[247.487s][info][gc,start       ] GC(561) Pause Young (Allocation Failure)
[247.488s][info][gc,heap        ] GC(561) PSYoungGen: 79392K(79872K)->1056K(79872K) Eden: 78336K(78336K)->0K(78336K) From: 1056K(1536K)->1056K(1536K)
[247.488s][info][gc,heap        ] GC(561) ParOldGen: 8394K(1398272K)->8546K(1398272K)
[247.488s][info][gc,metaspace   ] GC(561) Metaspace: 9949K(10304K)->9949K(10304K) NonClass: 8649K(8896K)->8649K(8896K) Class: 1300K(1408K)->1300K(1408K)
[247.488s][info][gc             ] GC(561) Pause Young (Allocation Failure) 85M->9M(1443M) 1.084ms
[247.488s][info][gc,cpu         ] GC(561) User=0.00s Sys=0.00s Real=0.00s
[247.798s][info][gc,start       ] GC(562) Pause Young (Allocation Failure)
[247.800s][info][gc,heap        ] GC(562) PSYoungGen: 79392K(79872K)->1056K(79872K) Eden: 78336K(78336K)->0K(78336K) From: 1056K(1536K)->1056K(1536K)
[247.800s][info][gc,heap        ] GC(562) ParOldGen: 8546K(1398272K)->8546K(1398272K)
[247.800s][info][gc,metaspace   ] GC(562) Metaspace: 9949K(10304K)->9949K(10304K) NonClass: 8649K(8896K)->8649K(8896K) Class: 1300K(1408K)->1300K(1408K)
[247.800s][info][gc             ] GC(562) Pause Young (Allocation Failure) 85M->9M(1443M) 1.840ms
[247.800s][info][gc,cpu         ] GC(562) User=0.00s Sys=0.00s Real=0.00s
[248.108s][info][gc,start       ] GC(563) Pause Young (Allocation Failure)
[248.109s][info][gc,heap        ] GC(563) PSYoungGen: 79392K(79872K)->512K(78848K) Eden: 78336K(78336K)->0K(78336K) From: 1056K(1536K)->512K(512K)
[248.109s][info][gc,heap        ] GC(563) ParOldGen: 8546K(1398272K)->8746K(1398272K)
[248.109s][info][gc,metaspace   ] GC(563) Metaspace: 9949K(10304K)->9949K(10304K) NonClass: 8649K(8896K)->8649K(8896K) Class: 1300K(1408K)->1300K(1408K)
[248.109s][info][gc             ] GC(563) Pause Young (Allocation Failure) 85M->9M(1442M) 1.045ms
[248.109s][info][gc,cpu         ] GC(563) User=0.00s Sys=0.00s Real=0.00s
[248.416s][info][gc,start       ] GC(564) Pause Young (Allocation Failure)
[248.418s][info][gc,heap        ] GC(564) PSYoungGen: 78848K(78848K)->1024K(79872K) Eden: 78336K(78336K)->0K(78336K) From: 512K(512K)->1024K(1536K)
[248.418s][info][gc,heap        ] GC(564) ParOldGen: 8746K(1398272K)->9082K(1398272K)
[248.418s][info][gc,metaspace   ] GC(564) Metaspace: 9949K(10304K)->9949K(10304K) NonClass: 8649K(8896K)->8649K(8896K) Class: 1300K(1408K)->1300K(1408K)
[248.418s][info][gc             ] GC(564) Pause Young (Allocation Failure) 85M->9M(1443M) 1.806ms
[248.418s][info][gc,cpu         ] GC(564) User=0.00s Sys=0.00s Real=0.00s
[248.715s][info][gc,start       ] GC(565) Pause Young (System.gc())
[248.716s][info][gc,heap        ] GC(565) PSYoungGen: 76918K(79872K)->1056K(79872K) Eden: 75894K(78336K)->0K(78336K) From: 1024K(1536K)->1056K(1536K)
[248.716s][info][gc,heap        ] GC(565) ParOldGen: 9082K(1398272K)->9226K(1398272K)
[248.716s][info][gc,metaspace   ] GC(565) Metaspace: 9949K(10304K)->9949K(10304K) NonClass: 8649K(8896K)->8649K(8896K) Class: 1300K(1408K)->1300K(1408K)
[248.716s][info][gc             ] GC(565) Pause Young (System.gc()) 83M->10M(1443M) 1.039ms
[248.716s][info][gc,cpu         ] GC(565) User=0.00s Sys=0.00s Real=0.00s
[248.716s][info][gc,start       ] GC(566) Pause Full (System.gc())
[248.716s][info][gc,phases,start] GC(566) Marking Phase
[248.732s][info][gc,phases      ] GC(566) Marking Phase 16.052ms
[248.732s][info][gc,phases,start] GC(566) Summary Phase
[248.732s][info][gc,phases      ] GC(566) Summary Phase 0.022ms
[248.732s][info][gc,phases,start] GC(566) Adjust Roots
[248.736s][info][gc,phases      ] GC(566) Adjust Roots 3.647ms
[248.736s][info][gc,phases,start] GC(566) Compaction Phase
[248.739s][info][gc,phases      ] GC(566) Compaction Phase 3.073ms
[248.739s][info][gc,phases,start] GC(566) Post Compact
[248.740s][info][gc,phases      ] GC(566) Post Compact 0.745ms
[248.740s][info][gc,heap        ] GC(566) PSYoungGen: 1056K(79872K)->0K(79872K) Eden: 0K(78336K)->0K(78336K) From: 1056K(1536K)->0K(1536K)
[248.740s][info][gc,heap        ] GC(566) ParOldGen: 9226K(1398272K)->4076K(1398272K)
[248.740s][info][gc,metaspace   ] GC(566) Metaspace: 9949K(10304K)->9949K(10304K) NonClass: 8649K(8896K)->8649K(8896K) Class: 1300K(1408K)->1300K(1408K)
[248.740s][info][gc             ] GC(566) Pause Full (System.gc()) 10M->3M(1443M) 23.806ms
[248.740s][info][gc,cpu         ] GC(566) User=0.52s Sys=0.00s Real=0.02s
[249.052s][info][gc,start       ] GC(567) Pause Young (Allocation Failure)
[249.053s][info][gc,heap        ] GC(567) PSYoungGen: 78336K(79872K)->1536K(79872K) Eden: 78336K(78336K)->0K(78336K) From: 0K(1536K)->1536K(1536K)
[249.053s][info][gc,heap        ] GC(567) ParOldGen: 4076K(1398272K)->4188K(1398272K)
[249.053s][info][gc,metaspace   ] GC(567) Metaspace: 9949K(10304K)->9949K(10304K) NonClass: 8649K(8896K)->8649K(8896K) Class: 1300K(1408K)->1300K(1408K)
[249.053s][info][gc             ] GC(567) Pause Young (Allocation Failure) 80M->5M(1443M) 1.533ms
[249.053s][info][gc,cpu         ] GC(567) User=0.02s Sys=0.00s Real=0.02s
[249.360s][info][gc,start       ] GC(568) Pause Young (Allocation Failure)
[249.362s][info][gc,heap        ] GC(568) PSYoungGen: 79872K(79872K)->512K(78848K) Eden: 78336K(78336K)->0K(78336K) From: 1536K(1536K)->512K(512K)
[249.362s][info][gc,heap        ] GC(568) ParOldGen: 4188K(1398272K)->5076K(1398272K)
[249.362s][info][gc,metaspace   ] GC(568) Metaspace: 9949K(10304K)->9949K(10304K) NonClass: 8649K(8896K)->8649K(8896K) Class: 1300K(1408K)->1300K(1408K)
[249.362s][info][gc             ] GC(568) Pause Young (Allocation Failure) 82M->5M(1442M) 1.605ms
[249.362s][info][gc,cpu         ] GC(568) User=0.00s Sys=0.00s Real=0.00s
[249.679s][info][gc,start       ] GC(569) Pause Young (Allocation Failure)
[249.681s][info][gc,heap        ] GC(569) PSYoungGen: 78848K(78848K)->1024K(80384K) Eden: 78336K(78336K)->0K(78336K) From: 512K(512K)->1024K(2048K)
[249.681s][info][gc,heap        ] GC(569) ParOldGen: 5076K(1398272K)->5484K(1398272K)
[249.681s][info][gc,metaspace   ] GC(569) Metaspace: 9949K(10304K)->9949K(10304K) NonClass: 8649K(8896K)->8649K(8896K) Class: 1300K(1408K)->1300K(1408K)
[249.681s][info][gc             ] GC(569) Pause Young (Allocation Failure) 81M->6M(1444M) 1.616ms
[249.681s][info][gc,cpu         ] GC(569) User=0.00s Sys=0.00s Real=0.00s
[250.000s][info][gc,start       ] GC(570) Pause Young (Allocation Failure)
[250.001s][info][gc,heap        ] GC(570) PSYoungGen: 79359K(80384K)->1056K(79872K) Eden: 78335K(78336K)->0K(78336K) From: 1024K(2048K)->1056K(1536K)
[250.001s][info][gc,heap        ] GC(570) ParOldGen: 5484K(1398272K)->5652K(1398272K)
[250.001s][info][gc,metaspace   ] GC(570) Metaspace: 9949K(10304K)->9949K(10304K) NonClass: 8649K(8896K)->8649K(8896K) Class: 1300K(1408K)->1300K(1408K)
[250.001s][info][gc             ] GC(570) Pause Young (Allocation Failure) 82M->6M(1443M) 1.301ms
[250.001s][info][gc,cpu         ] GC(570) User=0.00s Sys=0.00s Real=0.00s
[250.297s][info][gc,start       ] GC(571) Pause Young (Allocation Failure)
[250.299s][info][gc,heap        ] GC(571) PSYoungGen: 79392K(79872K)->1024K(79360K) Eden: 78336K(78336K)->0K(78336K) From: 1056K(1536K)->1024K(1024K)
[250.299s][info][gc,heap        ] GC(571) ParOldGen: 5652K(1398272K)->6020K(1398272K)
[250.299s][info][gc,metaspace   ] GC(571) Metaspace: 9949K(10304K)->9949K(10304K) NonClass: 8649K(8896K)->8649K(8896K) Class: 1300K(1408K)->1300K(1408K)
[250.299s][info][gc             ] GC(571) Pause Young (Allocation Failure) 83M->6M(1443M) 1.569ms
[250.299s][info][gc,cpu         ] GC(571) User=0.00s Sys=0.00s Real=0.00s
[250.609s][info][gc,start       ] GC(572) Pause Young (Allocation Failure)
[250.610s][info][gc,heap        ] GC(572) PSYoungGen: 79360K(79360K)->1056K(79872K) Eden: 78336K(78336K)->0K(78336K) From: 1024K(1024K)->1056K(1536K)
[250.610s][info][gc,heap        ] GC(572) ParOldGen: 6020K(1398272K)->6020K(1398272K)
[250.610s][info][gc,metaspace   ] GC(572) Metaspace: 9949K(10304K)->9949K(10304K) NonClass: 8649K(8896K)->8649K(8896K) Class: 1300K(1408K)->1300K(1408K)
[250.610s][info][gc             ] GC(572) Pause Young (Allocation Failure) 83M->6M(1443M) 1.147ms
[250.610s][info][gc,cpu         ] GC(572) User=0.00s Sys=0.00s Real=0.00s
[250.921s][info][gc,start       ] GC(573) Pause Young (Allocation Failure)
[250.963s][info][gc,heap        ] GC(573) PSYoungGen: 79392K(79872K)->1056K(79872K) Eden: 78336K(78336K)->0K(78336K) From: 1056K(1536K)->1056K(1536K)
[250.963s][info][gc,heap        ] GC(573) ParOldGen: 6020K(1398272K)->6020K(1398272K)
[250.963s][info][gc,metaspace   ] GC(573) Metaspace: 9949K(10304K)->9949K(10304K) NonClass: 8649K(8896K)->8649K(8896K) Class: 1300K(1408K)->1300K(1408K)
[250.963s][info][gc             ] GC(573) Pause Young (Allocation Failure) 83M->6M(1443M) 42.093ms
[250.963s][info][gc,cpu         ] GC(573) User=0.00s Sys=0.00s Real=0.05s
[251.267s][info][gc,start       ] GC(574) Pause Young (Allocation Failure)
[251.268s][info][gc,heap        ] GC(574) PSYoungGen: 79392K(79872K)->512K(78848K) Eden: 78336K(78336K)->0K(78336K) From: 1056K(1536K)->512K(512K)
[251.268s][info][gc,heap        ] GC(574) ParOldGen: 6020K(1398272K)->6228K(1398272K)
[251.268s][info][gc,metaspace   ] GC(574) Metaspace: 9949K(10304K)->9949K(10304K) NonClass: 8649K(8896K)->8649K(8896K) Class: 1300K(1408K)->1300K(1408K)
[251.268s][info][gc             ] GC(574) Pause Young (Allocation Failure) 83M->6M(1442M) 1.130ms
[251.268s][info][gc,cpu         ] GC(574) User=0.00s Sys=0.00s Real=0.00s
[251.573s][info][gc,start       ] GC(575) Pause Young (Allocation Failure)
[251.576s][info][gc,heap        ] GC(575) PSYoungGen: 78848K(78848K)->960K(79872K) Eden: 78336K(78336K)->0K(78336K) From: 512K(512K)->960K(1536K)
[251.576s][info][gc,heap        ] GC(575) ParOldGen: 6228K(1398272K)->6572K(1398272K)
[251.576s][info][gc,metaspace   ] GC(575) Metaspace: 9949K(10304K)->9949K(10304K) NonClass: 8649K(8896K)->8649K(8896K) Class: 1300K(1408K)->1300K(1408K)
[251.576s][info][gc             ] GC(575) Pause Young (Allocation Failure) 83M->7M(1443M) 2.441ms
[251.576s][info][gc,cpu         ] GC(575) User=0.00s Sys=0.00s Real=0.00s
[251.886s][info][gc,start       ] GC(576) Pause Young (Allocation Failure)
[251.887s][info][gc,heap        ] GC(576) PSYoungGen: 79296K(79872K)->1216K(79872K) Eden: 78336K(78336K)->0K(78336K) From: 960K(1536K)->1216K(1536K)
[251.887s][info][gc,heap        ] GC(576) ParOldGen: 6572K(1398272K)->6620K(1398272K)
[251.887s][info][gc,metaspace   ] GC(576) Metaspace: 9949K(10304K)->9949K(10304K) NonClass: 8649K(8896K)->8649K(8896K) Class: 1300K(1408K)->1300K(1408K)
[251.887s][info][gc             ] GC(576) Pause Young (Allocation Failure) 83M->7M(1443M) 1.134ms
[251.887s][info][gc,cpu         ] GC(576) User=0.00s Sys=0.00s Real=0.00s
[252.202s][info][gc,start       ] GC(577) Pause Young (Allocation Failure)
[252.204s][info][gc,heap        ] GC(577) PSYoungGen: 79552K(79872K)->1344K(79872K) Eden: 78336K(78336K)->0K(78336K) From: 1216K(1536K)->1344K(1536K)
[252.204s][info][gc,heap        ] GC(577) ParOldGen: 6620K(1398272K)->7252K(1398272K)
[252.204s][info][gc,metaspace   ] GC(577) Metaspace: 9949K(10304K)->9949K(10304K) NonClass: 8649K(8896K)->8649K(8896K) Class: 1300K(1408K)->1300K(1408K)
[252.204s][info][gc             ] GC(577) Pause Young (Allocation Failure) 84M->8M(1443M) 2.066ms
[252.204s][info][gc,cpu         ] GC(577) User=0.00s Sys=0.00s Real=0.00s
[252.506s][info][gc,start       ] GC(578) Pause Young (Allocation Failure)
[252.507s][info][gc,heap        ] GC(578) PSYoungGen: 79680K(79872K)->512K(78848K) Eden: 78336K(78336K)->0K(78336K) From: 1344K(1536K)->512K(512K)
[252.507s][info][gc,heap        ] GC(578) ParOldGen: 7252K(1398272K)->7812K(1398272K)
[252.507s][info][gc,metaspace   ] GC(578) Metaspace: 9949K(10304K)->9949K(10304K) NonClass: 8649K(8896K)->8649K(8896K) Class: 1300K(1408K)->1300K(1408K)
[252.507s][info][gc             ] GC(578) Pause Young (Allocation Failure) 84M->8M(1442M) 1.272ms
[252.507s][info][gc,cpu         ] GC(578) User=0.00s Sys=0.00s Real=0.00s
[252.823s][info][gc,start       ] GC(579) Pause Young (Allocation Failure)
[252.824s][info][gc,heap        ] GC(579) PSYoungGen: 78848K(78848K)->1152K(79872K) Eden: 78336K(78336K)->0K(78336K) From: 512K(512K)->1152K(1536K)
[252.824s][info][gc,heap        ] GC(579) ParOldGen: 7812K(1398272K)->8292K(1398272K)
[252.824s][info][gc,metaspace   ] GC(579) Metaspace: 9949K(10304K)->9949K(10304K) NonClass: 8649K(8896K)->8649K(8896K) Class: 1300K(1408K)->1300K(1408K)
[252.824s][info][gc             ] GC(579) Pause Young (Allocation Failure) 84M->9M(1443M) 1.438ms
[252.824s][info][gc,cpu         ] GC(579) User=0.00s Sys=0.00s Real=0.00s
[253.141s][info][gc,start       ] GC(580) Pause Young (Allocation Failure)
[253.142s][info][gc,heap        ] GC(580) PSYoungGen: 79488K(79872K)->1056K(79872K) Eden: 78336K(78336K)->0K(78336K) From: 1152K(1536K)->1056K(1536K)
[253.142s][info][gc,heap        ] GC(580) ParOldGen: 8292K(1398272K)->8412K(1398272K)
[253.142s][info][gc,metaspace   ] GC(580) Metaspace: 9949K(10304K)->9949K(10304K) NonClass: 8649K(8896K)->8649K(8896K) Class: 1300K(1408K)->1300K(1408K)
[253.142s][info][gc             ] GC(580) Pause Young (Allocation Failure) 85M->9M(1443M) 1.037ms
[253.142s][info][gc,cpu         ] GC(580) User=0.00s Sys=0.00s Real=0.00s
[253.460s][info][gc,start       ] GC(581) Pause Young (Allocation Failure)
[253.461s][info][gc,heap        ] GC(581) PSYoungGen: 79392K(79872K)->1056K(79872K) Eden: 78336K(78336K)->0K(78336K) From: 1056K(1536K)->1056K(1536K)
[253.461s][info][gc,heap        ] GC(581) ParOldGen: 8412K(1398272K)->8412K(1398272K)
[253.461s][info][gc,metaspace   ] GC(581) Metaspace: 9949K(10304K)->9949K(10304K) NonClass: 8649K(8896K)->8649K(8896K) Class: 1300K(1408K)->1300K(1408K)
[253.461s][info][gc             ] GC(581) Pause Young (Allocation Failure) 85M->9M(1443M) 1.389ms
[253.461s][info][gc,cpu         ] GC(581) User=0.00s Sys=0.00s Real=0.00s
[253.770s][info][gc,start       ] GC(582) Pause Young (Allocation Failure)
[253.771s][info][gc,heap        ] GC(582) PSYoungGen: 79392K(79872K)->512K(78848K) Eden: 78336K(78336K)->0K(78336K) From: 1056K(1536K)->512K(512K)
[253.771s][info][gc,heap        ] GC(582) ParOldGen: 8412K(1398272K)->8636K(1398272K)
[253.771s][info][gc,metaspace   ] GC(582) Metaspace: 9949K(10304K)->9949K(10304K) NonClass: 8649K(8896K)->8649K(8896K) Class: 1300K(1408K)->1300K(1408K)
[253.771s][info][gc             ] GC(582) Pause Young (Allocation Failure) 85M->8M(1442M) 1.047ms
[253.771s][info][gc,cpu         ] GC(582) User=0.33s Sys=0.02s Real=0.02s
[254.082s][info][gc,start       ] GC(583) Pause Young (Allocation Failure)
[254.084s][info][gc,heap        ] GC(583) PSYoungGen: 78848K(78848K)->1120K(79872K) Eden: 78336K(78336K)->0K(78336K) From: 512K(512K)->1120K(1536K)
[254.084s][info][gc,heap        ] GC(583) ParOldGen: 8636K(1398272K)->8964K(1398272K)
[254.084s][info][gc,metaspace   ] GC(583) Metaspace: 9949K(10304K)->9949K(10304K) NonClass: 8649K(8896K)->8649K(8896K) Class: 1300K(1408K)->1300K(1408K)
[254.084s][info][gc             ] GC(583) Pause Young (Allocation Failure) 85M->9M(1443M) 1.870ms
[254.084s][info][gc,cpu         ] GC(583) User=0.52s Sys=0.00s Real=0.02s
[254.405s][info][gc,start       ] GC(584) Pause Young (Allocation Failure)
[254.406s][info][gc,heap        ] GC(584) PSYoungGen: 79456K(79872K)->1056K(79872K) Eden: 78336K(78336K)->0K(78336K) From: 1120K(1536K)->1056K(1536K)
[254.406s][info][gc,heap        ] GC(584) ParOldGen: 8964K(1398272K)->9100K(1398272K)
[254.406s][info][gc,metaspace   ] GC(584) Metaspace: 9949K(10304K)->9949K(10304K) NonClass: 8649K(8896K)->8649K(8896K) Class: 1300K(1408K)->1300K(1408K)
[254.407s][info][gc             ] GC(584) Pause Young (Allocation Failure) 86M->9M(1443M) 1.043ms
[254.407s][info][gc,cpu         ] GC(584) User=0.00s Sys=0.00s Real=0.00s
[254.715s][info][gc,start       ] GC(585) Pause Young (Allocation Failure)
[254.716s][info][gc,heap        ] GC(585) PSYoungGen: 79392K(79872K)->1056K(79872K) Eden: 78336K(78336K)->0K(78336K) From: 1056K(1536K)->1056K(1536K)
[254.716s][info][gc,heap        ] GC(585) ParOldGen: 9100K(1398272K)->9100K(1398272K)
[254.716s][info][gc,metaspace   ] GC(585) Metaspace: 9949K(10304K)->9949K(10304K) NonClass: 8649K(8896K)->8649K(8896K) Class: 1300K(1408K)->1300K(1408K)
[254.716s][info][gc             ] GC(585) Pause Young (Allocation Failure) 86M->9M(1443M) 1.284ms
[254.717s][info][gc,cpu         ] GC(585) User=0.00s Sys=0.00s Real=0.00s
[255.029s][info][gc,start       ] GC(586) Pause Young (Allocation Failure)
[255.030s][info][gc,heap        ] GC(586) PSYoungGen: 79392K(79872K)->512K(78848K) Eden: 78336K(78336K)->0K(78336K) From: 1056K(1536K)->512K(512K)
[255.030s][info][gc,heap        ] GC(586) ParOldGen: 9100K(1398272K)->9364K(1398272K)
[255.030s][info][gc,metaspace   ] GC(586) Metaspace: 9949K(10304K)->9949K(10304K) NonClass: 8649K(8896K)->8649K(8896K) Class: 1300K(1408K)->1300K(1408K)
[255.030s][info][gc             ] GC(586) Pause Young (Allocation Failure) 86M->9M(1442M) 1.054ms
[255.030s][info][gc,cpu         ] GC(586) User=0.00s Sys=0.00s Real=0.00s
[255.310s][info][gc,start       ] GC(587) Pause Young (System.gc())
[255.311s][info][gc,heap        ] GC(587) PSYoungGen: 71923K(78848K)->960K(79872K) Eden: 71411K(78336K)->0K(78336K) From: 512K(512K)->960K(1536K)
[255.311s][info][gc,heap        ] GC(587) ParOldGen: 9364K(1398272K)->9708K(1398272K)
[255.311s][info][gc,metaspace   ] GC(587) Metaspace: 9949K(10304K)->9949K(10304K) NonClass: 8649K(8896K)->8649K(8896K) Class: 1300K(1408K)->1300K(1408K)
[255.311s][info][gc             ] GC(587) Pause Young (System.gc()) 79M->10M(1443M) 1.880ms
[255.312s][info][gc,cpu         ] GC(587) User=0.00s Sys=0.00s Real=0.00s
[255.312s][info][gc,start       ] GC(588) Pause Full (System.gc())
[255.312s][info][gc,phases,start] GC(588) Marking Phase
[255.329s][info][gc,phases      ] GC(588) Marking Phase 16.945ms
[255.329s][info][gc,phases,start] GC(588) Summary Phase
[255.329s][info][gc,phases      ] GC(588) Summary Phase 0.020ms
[255.329s][info][gc,phases,start] GC(588) Adjust Roots
[255.333s][info][gc,phases      ] GC(588) Adjust Roots 4.561ms
[255.333s][info][gc,phases,start] GC(588) Compaction Phase
[255.337s][info][gc,phases      ] GC(588) Compaction Phase 3.543ms
[255.337s][info][gc,phases,start] GC(588) Post Compact
[255.338s][info][gc,phases      ] GC(588) Post Compact 0.780ms
[255.338s][info][gc,heap        ] GC(588) PSYoungGen: 960K(79872K)->0K(79872K) Eden: 0K(78336K)->0K(78336K) From: 960K(1536K)->0K(1536K)
[255.338s][info][gc,heap        ] GC(588) ParOldGen: 9708K(1398272K)->4076K(1398272K)
[255.338s][info][gc,metaspace   ] GC(588) Metaspace: 9949K(10304K)->9949K(10304K) NonClass: 8649K(8896K)->8649K(8896K) Class: 1300K(1408K)->1300K(1408K)
[255.338s][info][gc             ] GC(588) Pause Full (System.gc()) 10M->3M(1443M) 26.127ms
[255.338s][info][gc,cpu         ] GC(588) User=0.55s Sys=0.00s Real=0.03s
[255.649s][info][gc,start       ] GC(589) Pause Young (Allocation Failure)
[255.650s][info][gc,heap        ] GC(589) PSYoungGen: 78336K(79872K)->1536K(79872K) Eden: 78336K(78336K)->0K(78336K) From: 0K(1536K)->1536K(1536K)
[255.650s][info][gc,heap        ] GC(589) ParOldGen: 4076K(1398272K)->4116K(1398272K)
[255.650s][info][gc,metaspace   ] GC(589) Metaspace: 9949K(10304K)->9949K(10304K) NonClass: 8649K(8896K)->8649K(8896K) Class: 1300K(1408K)->1300K(1408K)
[255.650s][info][gc             ] GC(589) Pause Young (Allocation Failure) 80M->5M(1443M) 1.283ms
[255.650s][info][gc,cpu         ] GC(589) User=0.00s Sys=0.00s Real=0.00s
[255.944s][info][gc,start       ] GC(590) Pause Young (Allocation Failure)
[255.946s][info][gc,heap        ] GC(590) PSYoungGen: 79872K(79872K)->1216K(79872K) Eden: 78336K(78336K)->0K(78336K) From: 1536K(1536K)->1216K(1536K)
[255.946s][info][gc,heap        ] GC(590) ParOldGen: 4116K(1398272K)->4676K(1398272K)
[255.946s][info][gc,metaspace   ] GC(590) Metaspace: 9949K(10304K)->9949K(10304K) NonClass: 8649K(8896K)->8649K(8896K) Class: 1300K(1408K)->1300K(1408K)
[255.946s][info][gc             ] GC(590) Pause Young (Allocation Failure) 82M->5M(1443M) 1.643ms
[255.946s][info][gc,cpu         ] GC(590) User=0.00s Sys=0.00s Real=0.00s
[256.255s][info][gc,start       ] GC(591) Pause Young (Allocation Failure)
[256.256s][info][gc,heap        ] GC(591) PSYoungGen: 79552K(79872K)->512K(78848K) Eden: 78336K(78336K)->0K(78336K) From: 1216K(1536K)->512K(512K)
[256.256s][info][gc,heap        ] GC(591) ParOldGen: 4676K(1398272K)->5268K(1398272K)
[256.256s][info][gc,metaspace   ] GC(591) Metaspace: 9949K(10304K)->9949K(10304K) NonClass: 8649K(8896K)->8649K(8896K) Class: 1300K(1408K)->1300K(1408K)
[256.256s][info][gc             ] GC(591) Pause Young (Allocation Failure) 82M->5M(1442M) 1.277ms
[256.256s][info][gc,cpu         ] GC(591) User=0.00s Sys=0.00s Real=0.00s
[256.568s][info][gc,start       ] GC(592) Pause Young (Allocation Failure)
[256.569s][info][gc,heap        ] GC(592) PSYoungGen: 78848K(78848K)->1088K(79872K) Eden: 78336K(78336K)->0K(78336K) From: 512K(512K)->1088K(1536K)
[256.569s][info][gc,heap        ] GC(592) ParOldGen: 5268K(1398272K)->5764K(1398272K)
[256.569s][info][gc,metaspace   ] GC(592) Metaspace: 9949K(10304K)->9949K(10304K) NonClass: 8649K(8896K)->8649K(8896K) Class: 1300K(1408K)->1300K(1408K)
[256.569s][info][gc             ] GC(592) Pause Young (Allocation Failure) 82M->6M(1443M) 1.439ms
[256.569s][info][gc,cpu         ] GC(592) User=0.00s Sys=0.00s Real=0.00s
[256.874s][info][gc,start       ] GC(593) Pause Young (Allocation Failure)
[256.875s][info][gc,heap        ] GC(593) PSYoungGen: 79423K(79872K)->1056K(79872K) Eden: 78335K(78336K)->0K(78336K) From: 1088K(1536K)->1056K(1536K)
[256.875s][info][gc,heap        ] GC(593) ParOldGen: 5764K(1398272K)->6132K(1398272K)
[256.875s][info][gc,metaspace   ] GC(593) Metaspace: 9949K(10304K)->9949K(10304K) NonClass: 8649K(8896K)->8649K(8896K) Class: 1300K(1408K)->1300K(1408K)
[256.875s][info][gc             ] GC(593) Pause Young (Allocation Failure) 83M->7M(1443M) 1.163ms
[256.875s][info][gc,cpu         ] GC(593) User=0.00s Sys=0.00s Real=0.00s
[257.181s][info][gc,start       ] GC(594) Pause Young (Allocation Failure)
[257.182s][info][gc,heap        ] GC(594) PSYoungGen: 79392K(79872K)->1056K(79872K) Eden: 78336K(78336K)->0K(78336K) From: 1056K(1536K)->1056K(1536K)
[257.182s][info][gc,heap        ] GC(594) ParOldGen: 6132K(1398272K)->6132K(1398272K)
[257.182s][info][gc,metaspace   ] GC(594) Metaspace: 9949K(10304K)->9949K(10304K) NonClass: 8649K(8896K)->8649K(8896K) Class: 1300K(1408K)->1300K(1408K)
[257.182s][info][gc             ] GC(594) Pause Young (Allocation Failure) 83M->7M(1443M) 1.320ms
[257.182s][info][gc,cpu         ] GC(594) User=0.00s Sys=0.00s Real=0.00s
[257.494s][info][gc,start       ] GC(595) Pause Young (Allocation Failure)
[257.495s][info][gc,heap        ] GC(595) PSYoungGen: 79392K(79872K)->512K(78848K) Eden: 78336K(78336K)->0K(78336K) From: 1056K(1536K)->512K(512K)
[257.495s][info][gc,heap        ] GC(595) ParOldGen: 6132K(1398272K)->6500K(1398272K)
[257.495s][info][gc,metaspace   ] GC(595) Metaspace: 9949K(10304K)->9949K(10304K) NonClass: 8649K(8896K)->8649K(8896K) Class: 1300K(1408K)->1300K(1408K)
[257.495s][info][gc             ] GC(595) Pause Young (Allocation Failure) 83M->6M(1442M) 1.171ms
[257.495s][info][gc,cpu         ] GC(595) User=0.00s Sys=0.00s Real=0.00s
[257.805s][info][gc,start       ] GC(596) Pause Young (Allocation Failure)
[257.806s][info][gc,heap        ] GC(596) PSYoungGen: 78848K(78848K)->1088K(79872K) Eden: 78336K(78336K)->0K(78336K) From: 512K(512K)->1088K(1536K)
[257.806s][info][gc,heap        ] GC(596) ParOldGen: 6500K(1398272K)->6972K(1398272K)
[257.806s][info][gc,metaspace   ] GC(596) Metaspace: 9949K(10304K)->9949K(10304K) NonClass: 8649K(8896K)->8649K(8896K) Class: 1300K(1408K)->1300K(1408K)
[257.807s][info][gc             ] GC(596) Pause Young (Allocation Failure) 83M->7M(1443M) 1.628ms
[257.807s][info][gc,cpu         ] GC(596) User=0.00s Sys=0.00s Real=0.00s
[258.113s][info][gc,start       ] GC(597) Pause Young (Allocation Failure)
[258.114s][info][gc,heap        ] GC(597) PSYoungGen: 79424K(79872K)->1344K(79872K) Eden: 78336K(78336K)->0K(78336K) From: 1088K(1536K)->1344K(1536K)
[258.114s][info][gc,heap        ] GC(597) ParOldGen: 6972K(1398272K)->7028K(1398272K)
[258.114s][info][gc,metaspace   ] GC(597) Metaspace: 9949K(10304K)->9949K(10304K) NonClass: 8649K(8896K)->8649K(8896K) Class: 1300K(1408K)->1300K(1408K)
[258.114s][info][gc             ] GC(597) Pause Young (Allocation Failure) 84M->8M(1443M) 1.191ms
[258.114s][info][gc,cpu         ] GC(597) User=0.00s Sys=0.00s Real=0.00s
[258.420s][info][gc,start       ] GC(598) Pause Young (Allocation Failure)
[258.422s][info][gc,heap        ] GC(598) PSYoungGen: 79680K(79872K)->1056K(79872K) Eden: 78336K(78336K)->0K(78336K) From: 1344K(1536K)->1056K(1536K)
[258.422s][info][gc,heap        ] GC(598) ParOldGen: 7028K(1398272K)->7396K(1398272K)
[258.422s][info][gc,metaspace   ] GC(598) Metaspace: 9949K(10304K)->9949K(10304K) NonClass: 8649K(8896K)->8649K(8896K) Class: 1300K(1408K)->1300K(1408K)
[258.422s][info][gc             ] GC(598) Pause Young (Allocation Failure) 84M->8M(1443M) 1.468ms
[258.422s][info][gc,cpu         ] GC(598) User=0.00s Sys=0.00s Real=0.00s
[258.733s][info][gc,start       ] GC(599) Pause Young (Allocation Failure)
[258.734s][info][gc,heap        ] GC(599) PSYoungGen: 79392K(79872K)->512K(78848K) Eden: 78336K(78336K)->0K(78336K) From: 1056K(1536K)->512K(512K)
[258.734s][info][gc,heap        ] GC(599) ParOldGen: 7396K(1398272K)->7820K(1398272K)
[258.734s][info][gc,metaspace   ] GC(599) Metaspace: 9949K(10304K)->9949K(10304K) NonClass: 8649K(8896K)->8649K(8896K) Class: 1300K(1408K)->1300K(1408K)
[258.734s][info][gc             ] GC(599) Pause Young (Allocation Failure) 84M->8M(1442M) 1.149ms
[258.734s][info][gc,cpu         ] GC(599) User=0.00s Sys=0.00s Real=0.00s
[259.046s][info][gc,start       ] GC(600) Pause Young (Allocation Failure)
[259.048s][info][gc,heap        ] GC(600) PSYoungGen: 78848K(78848K)->1024K(79872K) Eden: 78336K(78336K)->0K(78336K) From: 512K(512K)->1024K(1536K)
[259.048s][info][gc,heap        ] GC(600) ParOldGen: 7820K(1398272K)->8212K(1398272K)
[259.048s][info][gc,metaspace   ] GC(600) Metaspace: 9949K(10304K)->9949K(10304K) NonClass: 8649K(8896K)->8649K(8896K) Class: 1300K(1408K)->1300K(1408K)
[259.048s][info][gc             ] GC(600) Pause Young (Allocation Failure) 84M->9M(1443M) 1.466ms
[259.048s][info][gc,cpu         ] GC(600) User=0.00s Sys=0.00s Real=0.00s
[259.366s][info][gc,start       ] GC(601) Pause Young (Allocation Failure)
[259.367s][info][gc,heap        ] GC(601) PSYoungGen: 79360K(79872K)->1056K(79872K) Eden: 78336K(78336K)->0K(78336K) From: 1024K(1536K)->1056K(1536K)
[259.367s][info][gc,heap        ] GC(601) ParOldGen: 8212K(1398272K)->8380K(1398272K)
[259.367s][info][gc,metaspace   ] GC(601) Metaspace: 9949K(10304K)->9949K(10304K) NonClass: 8649K(8896K)->8649K(8896K) Class: 1300K(1408K)->1300K(1408K)
[259.367s][info][gc             ] GC(601) Pause Young (Allocation Failure) 85M->9M(1443M) 1.042ms
[259.367s][info][gc,cpu         ] GC(601) User=0.00s Sys=0.00s Real=0.00s
[259.682s][info][gc,start       ] GC(602) Pause Young (Allocation Failure)
[259.683s][info][gc,heap        ] GC(602) PSYoungGen: 79392K(79872K)->1056K(79872K) Eden: 78336K(78336K)->0K(78336K) From: 1056K(1536K)->1056K(1536K)
[259.683s][info][gc,heap        ] GC(602) ParOldGen: 8380K(1398272K)->8380K(1398272K)
[259.683s][info][gc,metaspace   ] GC(602) Metaspace: 9949K(10304K)->9949K(10304K) NonClass: 8649K(8896K)->8649K(8896K) Class: 1300K(1408K)->1300K(1408K)
[259.683s][info][gc             ] GC(602) Pause Young (Allocation Failure) 85M->9M(1443M) 1.310ms
[259.683s][info][gc,cpu         ] GC(602) User=0.00s Sys=0.00s Real=0.00s
[259.993s][info][gc,start       ] GC(603) Pause Young (Allocation Failure)
[259.995s][info][gc,heap        ] GC(603) PSYoungGen: 79392K(79872K)->512K(78848K) Eden: 78336K(78336K)->0K(78336K) From: 1056K(1536K)->512K(512K)
[259.995s][info][gc,heap        ] GC(603) ParOldGen: 8380K(1398272K)->8900K(1398272K)
[259.995s][info][gc,metaspace   ] GC(603) Metaspace: 9949K(10304K)->9949K(10304K) NonClass: 8649K(8896K)->8649K(8896K) Class: 1300K(1408K)->1300K(1408K)
[259.995s][info][gc             ] GC(603) Pause Young (Allocation Failure) 85M->9M(1442M) 1.186ms
[259.995s][info][gc,cpu         ] GC(603) User=0.00s Sys=0.00s Real=0.00s
[260.302s][info][gc,start       ] GC(604) Pause Young (Allocation Failure)
[260.304s][info][gc,heap        ] GC(604) PSYoungGen: 78848K(78848K)->1120K(79872K) Eden: 78336K(78336K)->0K(78336K) From: 512K(512K)->1120K(1536K)
[260.304s][info][gc,heap        ] GC(604) ParOldGen: 8900K(1398272K)->9252K(1398272K)
[260.304s][info][gc,metaspace   ] GC(604) Metaspace: 9949K(10304K)->9949K(10304K) NonClass: 8649K(8896K)->8649K(8896K) Class: 1300K(1408K)->1300K(1408K)
[260.304s][info][gc             ] GC(604) Pause Young (Allocation Failure) 85M->10M(1443M) 1.622ms
[260.304s][info][gc,cpu         ] GC(604) User=0.00s Sys=0.00s Real=0.00s
[260.619s][info][gc,start       ] GC(605) Pause Young (Allocation Failure)
[260.620s][info][gc,heap        ] GC(605) PSYoungGen: 79456K(79872K)->1056K(79872K) Eden: 78336K(78336K)->0K(78336K) From: 1120K(1536K)->1056K(1536K)
[260.620s][info][gc,heap        ] GC(605) ParOldGen: 9252K(1398272K)->9356K(1398272K)
[260.620s][info][gc,metaspace   ] GC(605) Metaspace: 9949K(10304K)->9949K(10304K) NonClass: 8649K(8896K)->8649K(8896K) Class: 1300K(1408K)->1300K(1408K)
[260.620s][info][gc             ] GC(605) Pause Young (Allocation Failure) 86M->10M(1443M) 1.068ms
[260.620s][info][gc,cpu         ] GC(605) User=0.00s Sys=0.00s Real=0.00s
[260.923s][info][gc,start       ] GC(606) Pause Young (Allocation Failure)
[260.924s][info][gc,heap        ] GC(606) PSYoungGen: 79392K(79872K)->1056K(79872K) Eden: 78336K(78336K)->0K(78336K) From: 1056K(1536K)->1056K(1536K)
[260.924s][info][gc,heap        ] GC(606) ParOldGen: 9356K(1398272K)->9692K(1398272K)
[260.924s][info][gc,metaspace   ] GC(606) Metaspace: 9949K(10304K)->9949K(10304K) NonClass: 8649K(8896K)->8649K(8896K) Class: 1300K(1408K)->1300K(1408K)
[260.924s][info][gc             ] GC(606) Pause Young (Allocation Failure) 86M->10M(1443M) 1.390ms
[260.924s][info][gc,cpu         ] GC(606) User=0.00s Sys=0.00s Real=0.00s
[261.233s][info][gc,start       ] GC(607) Pause Young (Allocation Failure)
[261.233s][info][gc,heap        ] GC(607) PSYoungGen: 79392K(79872K)->512K(78848K) Eden: 78336K(78336K)->0K(78336K) From: 1056K(1536K)->512K(512K)
[261.234s][info][gc,heap        ] GC(607) ParOldGen: 9692K(1398272K)->9908K(1398272K)
[261.234s][info][gc,metaspace   ] GC(607) Metaspace: 9949K(10304K)->9949K(10304K) NonClass: 8649K(8896K)->8649K(8896K) Class: 1300K(1408K)->1300K(1408K)
[261.234s][info][gc             ] GC(607) Pause Young (Allocation Failure) 86M->10M(1442M) 1.081ms
[261.234s][info][gc,cpu         ] GC(607) User=0.00s Sys=0.00s Real=0.00s
[261.536s][info][gc,start       ] GC(608) Pause Young (Allocation Failure)
[261.537s][info][gc,heap        ] GC(608) PSYoungGen: 78848K(78848K)->960K(79872K) Eden: 78336K(78336K)->0K(78336K) From: 512K(512K)->960K(1536K)
[261.537s][info][gc,heap        ] GC(608) ParOldGen: 9908K(1398272K)->10260K(1398272K)
[261.537s][info][gc,metaspace   ] GC(608) Metaspace: 9949K(10304K)->9949K(10304K) NonClass: 8649K(8896K)->8649K(8896K) Class: 1300K(1408K)->1300K(1408K)
[261.537s][info][gc             ] GC(608) Pause Young (Allocation Failure) 86M->10M(1443M) 1.316ms
[261.537s][info][gc,cpu         ] GC(608) User=0.00s Sys=0.00s Real=0.00s
[261.850s][info][gc,start       ] GC(609) Pause Young (System.gc())
[261.851s][info][gc,heap        ] GC(609) PSYoungGen: 75394K(79872K)->1056K(79872K) Eden: 74434K(78336K)->0K(78336K) From: 960K(1536K)->1056K(1536K)
[261.851s][info][gc,heap        ] GC(609) ParOldGen: 10260K(1398272K)->10260K(1398272K)
[261.851s][info][gc,metaspace   ] GC(609) Metaspace: 9949K(10304K)->9949K(10304K) NonClass: 8649K(8896K)->8649K(8896K) Class: 1300K(1408K)->1300K(1408K)
[261.851s][info][gc             ] GC(609) Pause Young (System.gc()) 83M->11M(1443M) 1.069ms
[261.851s][info][gc,cpu         ] GC(609) User=0.00s Sys=0.00s Real=0.00s
[261.851s][info][gc,start       ] GC(610) Pause Full (System.gc())
[261.851s][info][gc,phases,start] GC(610) Marking Phase
[261.867s][info][gc,phases      ] GC(610) Marking Phase 16.368ms
[261.867s][info][gc,phases,start] GC(610) Summary Phase
[261.867s][info][gc,phases      ] GC(610) Summary Phase 0.024ms
[261.867s][info][gc,phases,start] GC(610) Adjust Roots
[261.871s][info][gc,phases      ] GC(610) Adjust Roots 3.396ms
[261.871s][info][gc,phases,start] GC(610) Compaction Phase
[261.874s][info][gc,phases      ] GC(610) Compaction Phase 3.031ms
[261.874s][info][gc,phases,start] GC(610) Post Compact
[261.875s][info][gc,phases      ] GC(610) Post Compact 0.765ms
[261.875s][info][gc,heap        ] GC(610) PSYoungGen: 1056K(79872K)->0K(79872K) Eden: 0K(78336K)->0K(78336K) From: 1056K(1536K)->0K(1536K)
[261.875s][info][gc,heap        ] GC(610) ParOldGen: 10260K(1398272K)->4076K(1398272K)
[261.875s][info][gc,metaspace   ] GC(610) Metaspace: 9949K(10304K)->9949K(10304K) NonClass: 8649K(8896K)->8649K(8896K) Class: 1300K(1408K)->1300K(1408K)
[261.875s][info][gc             ] GC(610) Pause Full (System.gc()) 11M->3M(1443M) 23.876ms
[261.875s][info][gc,cpu         ] GC(610) User=0.34s Sys=0.03s Real=0.01s
[262.187s][info][gc,start       ] GC(611) Pause Young (Allocation Failure)
[262.189s][info][gc,heap        ] GC(611) PSYoungGen: 78336K(79872K)->1536K(79872K) Eden: 78336K(78336K)->0K(78336K) From: 0K(1536K)->1536K(1536K)
[262.189s][info][gc,heap        ] GC(611) ParOldGen: 4076K(1398272K)->4140K(1398272K)
[262.189s][info][gc,metaspace   ] GC(611) Metaspace: 9949K(10304K)->9949K(10304K) NonClass: 8649K(8896K)->8649K(8896K) Class: 1300K(1408K)->1300K(1408K)
[262.189s][info][gc             ] GC(611) Pause Young (Allocation Failure) 80M->5M(1443M) 1.540ms
[262.189s][info][gc,cpu         ] GC(611) User=0.00s Sys=0.00s Real=0.00s
[262.489s][info][gc,start       ] GC(612) Pause Young (Allocation Failure)
[262.490s][info][gc,heap        ] GC(612) PSYoungGen: 79872K(79872K)->512K(78848K) Eden: 78336K(78336K)->0K(78336K) From: 1536K(1536K)->512K(512K)
[262.490s][info][gc,heap        ] GC(612) ParOldGen: 4140K(1398272K)->5268K(1398272K)
[262.490s][info][gc,metaspace   ] GC(612) Metaspace: 9949K(10304K)->9949K(10304K) NonClass: 8649K(8896K)->8649K(8896K) Class: 1300K(1408K)->1300K(1408K)
[262.490s][info][gc             ] GC(612) Pause Young (Allocation Failure) 82M->5M(1442M) 1.543ms
[262.490s][info][gc,cpu         ] GC(612) User=0.00s Sys=0.00s Real=0.00s
[262.812s][info][gc,start       ] GC(613) Pause Young (Allocation Failure)
[262.813s][info][gc,heap        ] GC(613) PSYoungGen: 78848K(78848K)->1120K(80384K) Eden: 78336K(78336K)->0K(78336K) From: 512K(512K)->1120K(2048K)
[262.813s][info][gc,heap        ] GC(613) ParOldGen: 5268K(1398272K)->5580K(1398272K)
[262.813s][info][gc,metaspace   ] GC(613) Metaspace: 9949K(10304K)->9949K(10304K) NonClass: 8649K(8896K)->8649K(8896K) Class: 1300K(1408K)->1300K(1408K)
[262.813s][info][gc             ] GC(613) Pause Young (Allocation Failure) 82M->6M(1444M) 1.289ms
[262.813s][info][gc,cpu         ] GC(613) User=0.00s Sys=0.00s Real=0.00s
[263.120s][info][gc,start       ] GC(614) Pause Young (Allocation Failure)
[263.121s][info][gc,heap        ] GC(614) PSYoungGen: 79456K(80384K)->1056K(79872K) Eden: 78336K(78336K)->0K(78336K) From: 1120K(2048K)->1056K(1536K)
[263.121s][info][gc,heap        ] GC(614) ParOldGen: 5580K(1398272K)->5948K(1398272K)
[263.121s][info][gc,metaspace   ] GC(614) Metaspace: 9949K(10304K)->9949K(10304K) NonClass: 8649K(8896K)->8649K(8896K) Class: 1300K(1408K)->1300K(1408K)
[263.121s][info][gc             ] GC(614) Pause Young (Allocation Failure) 83M->6M(1443M) 1.290ms
[263.121s][info][gc,cpu         ] GC(614) User=0.00s Sys=0.00s Real=0.00s
[263.429s][info][gc,start       ] GC(615) Pause Young (Allocation Failure)
[263.431s][info][gc,heap        ] GC(615) PSYoungGen: 79392K(79872K)->1056K(79872K) Eden: 78336K(78336K)->0K(78336K) From: 1056K(1536K)->1056K(1536K)
[263.431s][info][gc,heap        ] GC(615) ParOldGen: 5948K(1398272K)->5948K(1398272K)
[263.431s][info][gc,metaspace   ] GC(615) Metaspace: 9949K(10304K)->9949K(10304K) NonClass: 8649K(8896K)->8649K(8896K) Class: 1300K(1408K)->1300K(1408K)
[263.431s][info][gc             ] GC(615) Pause Young (Allocation Failure) 83M->6M(1443M) 1.345ms
[263.431s][info][gc,cpu         ] GC(615) User=0.00s Sys=0.02s Real=0.02s
[263.746s][info][gc,start       ] GC(616) Pause Young (Allocation Failure)
[263.747s][info][gc,heap        ] GC(616) PSYoungGen: 79392K(79872K)->1056K(79872K) Eden: 78336K(78336K)->0K(78336K) From: 1056K(1536K)->1056K(1536K)
[263.747s][info][gc,heap        ] GC(616) ParOldGen: 5948K(1398272K)->5948K(1398272K)
[263.747s][info][gc,metaspace   ] GC(616) Metaspace: 9949K(10304K)->9949K(10304K) NonClass: 8649K(8896K)->8649K(8896K) Class: 1300K(1408K)->1300K(1408K)
[263.748s][info][gc             ] GC(616) Pause Young (Allocation Failure) 83M->6M(1443M) 1.034ms
[263.748s][info][gc,cpu         ] GC(616) User=0.00s Sys=0.00s Real=0.00s
[264.054s][info][gc,start       ] GC(617) Pause Young (Allocation Failure)
[264.056s][info][gc,heap        ] GC(617) PSYoungGen: 79392K(79872K)->1088K(79872K) Eden: 78336K(78336K)->0K(78336K) From: 1056K(1536K)->1088K(1536K)
[264.056s][info][gc,heap        ] GC(617) ParOldGen: 5948K(1398272K)->5956K(1398272K)
[264.056s][info][gc,metaspace   ] GC(617) Metaspace: 9949K(10304K)->9949K(10304K) NonClass: 8649K(8896K)->8649K(8896K) Class: 1300K(1408K)->1300K(1408K)
[264.056s][info][gc             ] GC(617) Pause Young (Allocation Failure) 83M->6M(1443M) 1.377ms
[264.056s][info][gc,cpu         ] GC(617) User=0.00s Sys=0.00s Real=0.00s
[264.359s][info][gc,start       ] GC(618) Pause Young (Allocation Failure)
[264.360s][info][gc,heap        ] GC(618) PSYoungGen: 79424K(79872K)->512K(78848K) Eden: 78336K(78336K)->0K(78336K) From: 1088K(1536K)->512K(512K)
[264.360s][info][gc,heap        ] GC(618) ParOldGen: 5956K(1398272K)->6636K(1398272K)
[264.360s][info][gc,metaspace   ] GC(618) Metaspace: 9949K(10304K)->9949K(10304K) NonClass: 8649K(8896K)->8649K(8896K) Class: 1300K(1408K)->1300K(1408K)
[264.360s][info][gc             ] GC(618) Pause Young (Allocation Failure) 83M->6M(1442M) 1.195ms
[264.360s][info][gc,cpu         ] GC(618) User=0.52s Sys=0.00s Real=0.02s
[264.669s][info][gc,start       ] GC(619) Pause Young (Allocation Failure)
[264.670s][info][gc,heap        ] GC(619) PSYoungGen: 78848K(78848K)->1088K(79872K) Eden: 78336K(78336K)->0K(78336K) From: 512K(512K)->1088K(1536K)
[264.670s][info][gc,heap        ] GC(619) ParOldGen: 6636K(1398272K)->6972K(1398272K)
[264.670s][info][gc,metaspace   ] GC(619) Metaspace: 9949K(10304K)->9949K(10304K) NonClass: 8649K(8896K)->8649K(8896K) Class: 1300K(1408K)->1300K(1408K)
[264.670s][info][gc             ] GC(619) Pause Young (Allocation Failure) 83M->7M(1443M) 1.228ms
[264.670s][info][gc,cpu         ] GC(619) User=0.00s Sys=0.00s Real=0.00s
[264.978s][info][gc,start       ] GC(620) Pause Young (Allocation Failure)
[264.979s][info][gc,heap        ] GC(620) PSYoungGen: 79424K(79872K)->1056K(79872K) Eden: 78336K(78336K)->0K(78336K) From: 1088K(1536K)->1056K(1536K)
[264.979s][info][gc,heap        ] GC(620) ParOldGen: 6972K(1398272K)->7284K(1398272K)
[264.979s][info][gc,metaspace   ] GC(620) Metaspace: 9949K(10304K)->9949K(10304K) NonClass: 8649K(8896K)->8649K(8896K) Class: 1300K(1408K)->1300K(1408K)
[264.979s][info][gc             ] GC(620) Pause Young (Allocation Failure) 84M->8M(1443M) 1.152ms
[264.979s][info][gc,cpu         ] GC(620) User=0.00s Sys=0.00s Real=0.00s
[265.294s][info][gc,start       ] GC(621) Pause Young (Allocation Failure)
[265.295s][info][gc,heap        ] GC(621) PSYoungGen: 79392K(79872K)->1056K(79872K) Eden: 78336K(78336K)->0K(78336K) From: 1056K(1536K)->1056K(1536K)
[265.295s][info][gc,heap        ] GC(621) ParOldGen: 7284K(1398272K)->7284K(1398272K)
[265.295s][info][gc,metaspace   ] GC(621) Metaspace: 9949K(10304K)->9949K(10304K) NonClass: 8649K(8896K)->8649K(8896K) Class: 1300K(1408K)->1300K(1408K)
[265.295s][info][gc             ] GC(621) Pause Young (Allocation Failure) 84M->8M(1443M) 1.572ms
[265.295s][info][gc,cpu         ] GC(621) User=0.00s Sys=0.02s Real=0.01s
[265.603s][info][gc,start       ] GC(622) Pause Young (Allocation Failure)
[265.604s][info][gc,heap        ] GC(622) PSYoungGen: 79392K(79872K)->512K(78848K) Eden: 78336K(78336K)->0K(78336K) From: 1056K(1536K)->512K(512K)
[265.604s][info][gc,heap        ] GC(622) ParOldGen: 7284K(1398272K)->7748K(1398272K)
[265.604s][info][gc,metaspace   ] GC(622) Metaspace: 9949K(10304K)->9949K(10304K) NonClass: 8649K(8896K)->8649K(8896K) Class: 1300K(1408K)->1300K(1408K)
[265.604s][info][gc             ] GC(622) Pause Young (Allocation Failure) 84M->8M(1442M) 1.094ms
[265.604s][info][gc,cpu         ] GC(622) User=0.00s Sys=0.00s Real=0.00s
[265.909s][info][gc,start       ] GC(623) Pause Young (Allocation Failure)
[265.911s][info][gc,heap        ] GC(623) PSYoungGen: 78848K(78848K)->1024K(79872K) Eden: 78336K(78336K)->0K(78336K) From: 512K(512K)->1024K(1536K)
[265.911s][info][gc,heap        ] GC(623) ParOldGen: 7748K(1398272K)->8100K(1398272K)
[265.911s][info][gc,metaspace   ] GC(623) Metaspace: 9949K(10304K)->9949K(10304K) NonClass: 8649K(8896K)->8649K(8896K) Class: 1300K(1408K)->1300K(1408K)
[265.911s][info][gc             ] GC(623) Pause Young (Allocation Failure) 84M->8M(1443M) 1.381ms
[265.911s][info][gc,cpu         ] GC(623) User=0.00s Sys=0.00s Real=0.00s
[266.219s][info][gc,start       ] GC(624) Pause Young (Allocation Failure)
[266.220s][info][gc,heap        ] GC(624) PSYoungGen: 79360K(79872K)->1056K(79872K) Eden: 78336K(78336K)->0K(78336K) From: 1024K(1536K)->1056K(1536K)
[266.220s][info][gc,heap        ] GC(624) ParOldGen: 8100K(1398272K)->8316K(1398272K)
[266.220s][info][gc,metaspace   ] GC(624) Metaspace: 9949K(10304K)->9949K(10304K) NonClass: 8649K(8896K)->8649K(8896K) Class: 1300K(1408K)->1300K(1408K)
[266.220s][info][gc             ] GC(624) Pause Young (Allocation Failure) 85M->9M(1443M) 1.065ms
[266.220s][info][gc,cpu         ] GC(624) User=0.00s Sys=0.00s Real=0.00s
[266.526s][info][gc,start       ] GC(625) Pause Young (Allocation Failure)
[266.528s][info][gc,heap        ] GC(625) PSYoungGen: 79392K(79872K)->1024K(79360K) Eden: 78336K(78336K)->0K(78336K) From: 1056K(1536K)->1024K(1024K)
[266.528s][info][gc,heap        ] GC(625) ParOldGen: 8316K(1398272K)->8652K(1398272K)
[266.528s][info][gc,metaspace   ] GC(625) Metaspace: 9949K(10304K)->9949K(10304K) NonClass: 8649K(8896K)->8649K(8896K) Class: 1300K(1408K)->1300K(1408K)
[266.528s][info][gc             ] GC(625) Pause Young (Allocation Failure) 85M->9M(1443M) 1.419ms
[266.528s][info][gc,cpu         ] GC(625) User=0.23s Sys=0.00s Real=0.02s
[266.830s][info][gc,start       ] GC(626) Pause Young (Allocation Failure)
[266.831s][info][gc,heap        ] GC(626) PSYoungGen: 79360K(79360K)->1024K(79360K) Eden: 78336K(78336K)->0K(78336K) From: 1024K(1024K)->1024K(1024K)
[266.831s][info][gc,heap        ] GC(626) ParOldGen: 8652K(1398272K)->8668K(1398272K)
[266.831s][info][gc,metaspace   ] GC(626) Metaspace: 9949K(10304K)->9949K(10304K) NonClass: 8649K(8896K)->8649K(8896K) Class: 1300K(1408K)->1300K(1408K)
[266.831s][info][gc             ] GC(626) Pause Young (Allocation Failure) 85M->9M(1443M) 1.118ms
[266.831s][info][gc,cpu         ] GC(626) User=0.00s Sys=0.00s Real=0.00s
[267.134s][info][gc,start       ] GC(627) Pause Young (Allocation Failure)
[267.135s][info][gc,heap        ] GC(627) PSYoungGen: 79360K(79360K)->992K(79360K) Eden: 78336K(78336K)->0K(78336K) From: 1024K(1024K)->992K(1024K)
[267.135s][info][gc,heap        ] GC(627) ParOldGen: 8668K(1398272K)->9028K(1398272K)
[267.135s][info][gc,metaspace   ] GC(627) Metaspace: 9949K(10304K)->9949K(10304K) NonClass: 8649K(8896K)->8649K(8896K) Class: 1300K(1408K)->1300K(1408K)
[267.135s][info][gc             ] GC(627) Pause Young (Allocation Failure) 85M->9M(1443M) 1.249ms
[267.135s][info][gc,cpu         ] GC(627) User=0.00s Sys=0.00s Real=0.00s
[267.440s][info][gc,start       ] GC(628) Pause Young (Allocation Failure)
[267.440s][info][gc,heap        ] GC(628) PSYoungGen: 79328K(79360K)->1056K(79872K) Eden: 78336K(78336K)->0K(78336K) From: 992K(1024K)->1056K(1536K)
[267.441s][info][gc,heap        ] GC(628) ParOldGen: 9028K(1398272K)->9028K(1398272K)
[267.441s][info][gc,metaspace   ] GC(628) Metaspace: 9949K(10304K)->9949K(10304K) NonClass: 8649K(8896K)->8649K(8896K) Class: 1300K(1408K)->1300K(1408K)
[267.441s][info][gc             ] GC(628) Pause Young (Allocation Failure) 86M->9M(1443M) 1.064ms
[267.441s][info][gc,cpu         ] GC(628) User=0.23s Sys=0.00s Real=0.02s
[267.744s][info][gc,start       ] GC(629) Pause Young (Allocation Failure)
[267.746s][info][gc,heap        ] GC(629) PSYoungGen: 79392K(79872K)->1056K(79872K) Eden: 78336K(78336K)->0K(78336K) From: 1056K(1536K)->1056K(1536K)
[267.746s][info][gc,heap        ] GC(629) ParOldGen: 9028K(1398272K)->9028K(1398272K)
[267.746s][info][gc,metaspace   ] GC(629) Metaspace: 9949K(10304K)->9949K(10304K) NonClass: 8649K(8896K)->8649K(8896K) Class: 1300K(1408K)->1300K(1408K)
[267.746s][info][gc             ] GC(629) Pause Young (Allocation Failure) 86M->9M(1443M) 1.400ms
[267.746s][info][gc,cpu         ] GC(629) User=0.00s Sys=0.00s Real=0.00s
[268.044s][info][gc,start       ] GC(630) Pause Young (Allocation Failure)
[268.045s][info][gc,heap        ] GC(630) PSYoungGen: 79392K(79872K)->512K(78848K) Eden: 78336K(78336K)->0K(78336K) From: 1056K(1536K)->512K(512K)
[268.046s][info][gc,heap        ] GC(630) ParOldGen: 9028K(1398272K)->9508K(1398272K)
[268.046s][info][gc,metaspace   ] GC(630) Metaspace: 9949K(10304K)->9949K(10304K) NonClass: 8649K(8896K)->8649K(8896K) Class: 1300K(1408K)->1300K(1408K)
[268.046s][info][gc             ] GC(630) Pause Young (Allocation Failure) 86M->9M(1442M) 1.197ms
[268.046s][info][gc,cpu         ] GC(630) User=0.00s Sys=0.00s Real=0.00s
[268.331s][info][gc,start       ] GC(631) Pause Young (System.gc())
[268.332s][info][gc,heap        ] GC(631) PSYoungGen: 71717K(78848K)->1024K(79872K) Eden: 71205K(78336K)->0K(78336K) From: 512K(512K)->1024K(1536K)
[268.332s][info][gc,heap        ] GC(631) ParOldGen: 9508K(1398272K)->9796K(1398272K)
[268.332s][info][gc,metaspace   ] GC(631) Metaspace: 9951K(10304K)->9951K(10304K) NonClass: 8651K(8896K)->8651K(8896K) Class: 1300K(1408K)->1300K(1408K)
[268.332s][info][gc             ] GC(631) Pause Young (System.gc()) 79M->10M(1443M) 1.942ms
[268.333s][info][gc,cpu         ] GC(631) User=0.00s Sys=0.00s Real=0.00s
[268.333s][info][gc,start       ] GC(632) Pause Full (System.gc())
[268.333s][info][gc,phases,start] GC(632) Marking Phase
[268.347s][info][gc,phases      ] GC(632) Marking Phase 13.804ms
[268.347s][info][gc,phases,start] GC(632) Summary Phase
[268.347s][info][gc,phases      ] GC(632) Summary Phase 0.027ms
[268.347s][info][gc,phases,start] GC(632) Adjust Roots
[268.351s][info][gc,phases      ] GC(632) Adjust Roots 4.526ms
[268.351s][info][gc,phases,start] GC(632) Compaction Phase
[268.353s][info][gc,phases      ] GC(632) Compaction Phase 2.312ms
[268.354s][info][gc,phases,start] GC(632) Post Compact
[268.354s][info][gc,phases      ] GC(632) Post Compact 0.812ms
[268.354s][info][gc,heap        ] GC(632) PSYoungGen: 1024K(79872K)->0K(79872K) Eden: 0K(78336K)->0K(78336K) From: 1024K(1536K)->0K(1536K)
[268.354s][info][gc,heap        ] GC(632) ParOldGen: 9796K(1398272K)->4076K(1398272K)
[268.355s][info][gc,metaspace   ] GC(632) Metaspace: 9951K(10304K)->9951K(10304K) NonClass: 8651K(8896K)->8651K(8896K) Class: 1300K(1408K)->1300K(1408K)
[268.355s][info][gc             ] GC(632) Pause Full (System.gc()) 10M->3M(1443M) 21.872ms
[268.355s][info][gc,cpu         ] GC(632) User=0.02s Sys=0.00s Real=0.02s
[268.652s][info][gc,start       ] GC(633) Pause Young (Allocation Failure)
[268.653s][info][gc,heap        ] GC(633) PSYoungGen: 78336K(79872K)->1536K(79872K) Eden: 78336K(78336K)->0K(78336K) From: 0K(1536K)->1536K(1536K)
[268.653s][info][gc,heap        ] GC(633) ParOldGen: 4076K(1398272K)->4148K(1398272K)
[268.653s][info][gc,metaspace   ] GC(633) Metaspace: 9959K(10304K)->9959K(10304K) NonClass: 8659K(8896K)->8659K(8896K) Class: 1300K(1408K)->1300K(1408K)
[268.653s][info][gc             ] GC(633) Pause Young (Allocation Failure) 80M->5M(1443M) 1.277ms
[268.653s][info][gc,cpu         ] GC(633) User=0.00s Sys=0.00s Real=0.00s
[268.969s][info][gc,start       ] GC(634) Pause Young (Allocation Failure)
[268.971s][info][gc,heap        ] GC(634) PSYoungGen: 79872K(79872K)->1376K(79872K) Eden: 78336K(78336K)->0K(78336K) From: 1536K(1536K)->1376K(1536K)
[268.971s][info][gc,heap        ] GC(634) ParOldGen: 4148K(1398272K)->4692K(1398272K)
[268.971s][info][gc,metaspace   ] GC(634) Metaspace: 9959K(10304K)->9959K(10304K) NonClass: 8659K(8896K)->8659K(8896K) Class: 1300K(1408K)->1300K(1408K)
[268.971s][info][gc             ] GC(634) Pause Young (Allocation Failure) 82M->5M(1443M) 1.605ms
[268.971s][info][gc,cpu         ] GC(634) User=0.00s Sys=0.00s Real=0.00s
[269.276s][info][gc,start       ] GC(635) Pause Young (Allocation Failure)
[269.278s][info][gc,heap        ] GC(635) PSYoungGen: 79712K(79872K)->512K(78848K) Eden: 78336K(78336K)->0K(78336K) From: 1376K(1536K)->512K(512K)
[269.278s][info][gc,heap        ] GC(635) ParOldGen: 4692K(1398272K)->5452K(1398272K)
[269.278s][info][gc,metaspace   ] GC(635) Metaspace: 9959K(10304K)->9959K(10304K) NonClass: 8659K(8896K)->8659K(8896K) Class: 1300K(1408K)->1300K(1408K)
[269.278s][info][gc             ] GC(635) Pause Young (Allocation Failure) 82M->5M(1442M) 1.303ms
[269.278s][info][gc,cpu         ] GC(635) User=0.00s Sys=0.00s Real=0.00s
[269.588s][info][gc,start       ] GC(636) Pause Young (Allocation Failure)
[269.589s][info][gc,heap        ] GC(636) PSYoungGen: 78848K(78848K)->1312K(79872K) Eden: 78336K(78336K)->0K(78336K) From: 512K(512K)->1312K(1536K)
[269.589s][info][gc,heap        ] GC(636) ParOldGen: 5452K(1398272K)->5868K(1398272K)
[269.589s][info][gc,metaspace   ] GC(636) Metaspace: 9959K(10304K)->9959K(10304K) NonClass: 8659K(8896K)->8659K(8896K) Class: 1300K(1408K)->1300K(1408K)
[269.589s][info][gc             ] GC(636) Pause Young (Allocation Failure) 82M->7M(1443M) 1.260ms
[269.589s][info][gc,cpu         ] GC(636) User=0.00s Sys=0.00s Real=0.00s
[269.896s][info][gc,start       ] GC(637) Pause Young (Allocation Failure)
[269.897s][info][gc,heap        ] GC(637) PSYoungGen: 79648K(79872K)->1152K(79872K) Eden: 78336K(78336K)->0K(78336K) From: 1312K(1536K)->1152K(1536K)
[269.897s][info][gc,heap        ] GC(637) ParOldGen: 5868K(1398272K)->6012K(1398272K)
[269.897s][info][gc,metaspace   ] GC(637) Metaspace: 9959K(10304K)->9959K(10304K) NonClass: 8659K(8896K)->8659K(8896K) Class: 1300K(1408K)->1300K(1408K)
[269.897s][info][gc             ] GC(637) Pause Young (Allocation Failure) 83M->6M(1443M) 1.178ms
[269.897s][info][gc,cpu         ] GC(637) User=0.00s Sys=0.00s Real=0.00s
[270.202s][info][gc,start       ] GC(638) Pause Young (Allocation Failure)
[270.204s][info][gc,heap        ] GC(638) PSYoungGen: 79488K(79872K)->1184K(79872K) Eden: 78336K(78336K)->0K(78336K) From: 1152K(1536K)->1184K(1536K)
[270.204s][info][gc,heap        ] GC(638) ParOldGen: 6012K(1398272K)->6508K(1398272K)
[270.204s][info][gc,metaspace   ] GC(638) Metaspace: 9959K(10304K)->9959K(10304K) NonClass: 8659K(8896K)->8659K(8896K) Class: 1300K(1408K)->1300K(1408K)
[270.204s][info][gc             ] GC(638) Pause Young (Allocation Failure) 83M->7M(1443M) 1.562ms
[270.204s][info][gc,cpu         ] GC(638) User=0.00s Sys=0.00s Real=0.00s
[270.504s][info][gc,start       ] GC(639) Pause Young (Allocation Failure)
[270.505s][info][gc,heap        ] GC(639) PSYoungGen: 79520K(79872K)->512K(78848K) Eden: 78336K(78336K)->0K(78336K) From: 1184K(1536K)->512K(512K)
[270.505s][info][gc,heap        ] GC(639) ParOldGen: 6508K(1398272K)->6972K(1398272K)
[270.505s][info][gc,metaspace   ] GC(639) Metaspace: 9959K(10304K)->9959K(10304K) NonClass: 8659K(8896K)->8659K(8896K) Class: 1300K(1408K)->1300K(1408K)
[270.505s][info][gc             ] GC(639) Pause Young (Allocation Failure) 84M->7M(1442M) 1.233ms
[270.505s][info][gc,cpu         ] GC(639) User=0.00s Sys=0.00s Real=0.00s
[270.811s][info][gc,start       ] GC(640) Pause Young (Allocation Failure)
[270.813s][info][gc,heap        ] GC(640) PSYoungGen: 78848K(78848K)->1184K(79872K) Eden: 78336K(78336K)->0K(78336K) From: 512K(512K)->1184K(1536K)
[270.813s][info][gc,heap        ] GC(640) ParOldGen: 6972K(1398272K)->7476K(1398272K)
[270.813s][info][gc,metaspace   ] GC(640) Metaspace: 9959K(10304K)->9959K(10304K) NonClass: 8659K(8896K)->8659K(8896K) Class: 1300K(1408K)->1300K(1408K)
[270.813s][info][gc             ] GC(640) Pause Young (Allocation Failure) 83M->8M(1443M) 1.994ms
[270.813s][info][gc,cpu         ] GC(640) User=0.00s Sys=0.00s Real=0.00s
[271.121s][info][gc,start       ] GC(641) Pause Young (Allocation Failure)
[271.122s][info][gc,heap        ] GC(641) PSYoungGen: 79520K(79872K)->1056K(79872K) Eden: 78336K(78336K)->0K(78336K) From: 1184K(1536K)->1056K(1536K)
[271.122s][info][gc,heap        ] GC(641) ParOldGen: 7476K(1398272K)->7692K(1398272K)
[271.122s][info][gc,metaspace   ] GC(641) Metaspace: 9959K(10304K)->9959K(10304K) NonClass: 8659K(8896K)->8659K(8896K) Class: 1300K(1408K)->1300K(1408K)
[271.122s][info][gc             ] GC(641) Pause Young (Allocation Failure) 84M->8M(1443M) 1.211ms
[271.122s][info][gc,cpu         ] GC(641) User=0.52s Sys=0.00s Real=0.02s
[271.430s][info][gc,start       ] GC(642) Pause Young (Allocation Failure)
[271.431s][info][gc,heap        ] GC(642) PSYoungGen: 79392K(79872K)->1056K(79872K) Eden: 78336K(78336K)->0K(78336K) From: 1056K(1536K)->1056K(1536K)
[271.431s][info][gc,heap        ] GC(642) ParOldGen: 7692K(1398272K)->8020K(1398272K)
[271.431s][info][gc,metaspace   ] GC(642) Metaspace: 9959K(10304K)->9959K(10304K) NonClass: 8659K(8896K)->8659K(8896K) Class: 1300K(1408K)->1300K(1408K)
[271.432s][info][gc             ] GC(642) Pause Young (Allocation Failure) 85M->8M(1443M) 1.387ms
[271.432s][info][gc,cpu         ] GC(642) User=0.00s Sys=0.00s Real=0.00s
[271.747s][info][gc,start       ] GC(643) Pause Young (Allocation Failure)
[271.748s][info][gc,heap        ] GC(643) PSYoungGen: 79392K(79872K)->512K(78848K) Eden: 78336K(78336K)->0K(78336K) From: 1056K(1536K)->512K(512K)
[271.748s][info][gc,heap        ] GC(643) ParOldGen: 8020K(1398272K)->8356K(1398272K)
[271.748s][info][gc,metaspace   ] GC(643) Metaspace: 9959K(10304K)->9959K(10304K) NonClass: 8659K(8896K)->8659K(8896K) Class: 1300K(1408K)->1300K(1408K)
[271.748s][info][gc             ] GC(643) Pause Young (Allocation Failure) 85M->8M(1442M) 1.158ms
[271.748s][info][gc,cpu         ] GC(643) User=0.00s Sys=0.00s Real=0.00s
[272.052s][info][gc,start       ] GC(644) Pause Young (Allocation Failure)
[272.054s][info][gc,heap        ] GC(644) PSYoungGen: 78848K(78848K)->960K(79872K) Eden: 78336K(78336K)->0K(78336K) From: 512K(512K)->960K(1536K)
[272.054s][info][gc,heap        ] GC(644) ParOldGen: 8356K(1398272K)->8796K(1398272K)
[272.054s][info][gc,metaspace   ] GC(644) Metaspace: 9959K(10304K)->9959K(10304K) NonClass: 8659K(8896K)->8659K(8896K) Class: 1300K(1408K)->1300K(1408K)
[272.054s][info][gc             ] GC(644) Pause Young (Allocation Failure) 85M->9M(1443M) 2.265ms
[272.054s][info][gc,cpu         ] GC(644) User=0.00s Sys=0.00s Real=0.00s
[272.365s][info][gc,start       ] GC(645) Pause Young (Allocation Failure)
[272.366s][info][gc,heap        ] GC(645) PSYoungGen: 79296K(79872K)->1056K(79872K) Eden: 78336K(78336K)->0K(78336K) From: 960K(1536K)->1056K(1536K)
[272.366s][info][gc,heap        ] GC(645) ParOldGen: 8796K(1398272K)->8796K(1398272K)
[272.366s][info][gc,metaspace   ] GC(645) Metaspace: 9959K(10304K)->9959K(10304K) NonClass: 8659K(8896K)->8659K(8896K) Class: 1300K(1408K)->1300K(1408K)
[272.366s][info][gc             ] GC(645) Pause Young (Allocation Failure) 86M->9M(1443M) 1.117ms
[272.366s][info][gc,cpu         ] GC(645) User=0.00s Sys=0.00s Real=0.00s
[272.674s][info][gc,start       ] GC(646) Pause Young (Allocation Failure)
[272.675s][info][gc,heap        ] GC(646) PSYoungGen: 79392K(79872K)->1024K(79360K) Eden: 78336K(78336K)->0K(78336K) From: 1056K(1536K)->1024K(1024K)
[272.675s][info][gc,heap        ] GC(646) ParOldGen: 8796K(1398272K)->9156K(1398272K)
[272.675s][info][gc,metaspace   ] GC(646) Metaspace: 9959K(10304K)->9959K(10304K) NonClass: 8659K(8896K)->8659K(8896K) Class: 1300K(1408K)->1300K(1408K)
[272.676s][info][gc             ] GC(646) Pause Young (Allocation Failure) 86M->9M(1443M) 1.460ms
[272.676s][info][gc,cpu         ] GC(646) User=0.00s Sys=0.00s Real=0.00s
[272.980s][info][gc,start       ] GC(647) Pause Young (Allocation Failure)
[272.981s][info][gc,heap        ] GC(647) PSYoungGen: 79360K(79360K)->1024K(79360K) Eden: 78336K(78336K)->0K(78336K) From: 1024K(1024K)->1024K(1024K)
[272.981s][info][gc,heap        ] GC(647) ParOldGen: 9156K(1398272K)->9164K(1398272K)
[272.981s][info][gc,metaspace   ] GC(647) Metaspace: 9959K(10304K)->9959K(10304K) NonClass: 8659K(8896K)->8659K(8896K) Class: 1300K(1408K)->1300K(1408K)
[272.981s][info][gc             ] GC(647) Pause Young (Allocation Failure) 86M->9M(1443M) 1.040ms
[272.981s][info][gc,cpu         ] GC(647) User=0.00s Sys=0.00s Real=0.00s
[273.285s][info][gc,start       ] GC(648) Pause Young (Allocation Failure)
[273.286s][info][gc,heap        ] GC(648) PSYoungGen: 79360K(79360K)->1056K(79872K) Eden: 78336K(78336K)->0K(78336K) From: 1024K(1024K)->1056K(1536K)
[273.286s][info][gc,heap        ] GC(648) ParOldGen: 9164K(1398272K)->9276K(1398272K)
[273.286s][info][gc,metaspace   ] GC(648) Metaspace: 9959K(10304K)->9959K(10304K) NonClass: 8659K(8896K)->8659K(8896K) Class: 1300K(1408K)->1300K(1408K)
[273.286s][info][gc             ] GC(648) Pause Young (Allocation Failure) 86M->10M(1443M) 1.284ms
[273.286s][info][gc,cpu         ] GC(648) User=0.00s Sys=0.00s Real=0.00s
[273.606s][info][gc,start       ] GC(649) Pause Young (Allocation Failure)
[273.607s][info][gc,heap        ] GC(649) PSYoungGen: 79392K(79872K)->1024K(79360K) Eden: 78336K(78336K)->0K(78336K) From: 1056K(1536K)->1024K(1024K)
[273.607s][info][gc,heap        ] GC(649) ParOldGen: 9276K(1398272K)->9292K(1398272K)
[273.607s][info][gc,metaspace   ] GC(649) Metaspace: 9959K(10304K)->9959K(10304K) NonClass: 8659K(8896K)->8659K(8896K) Class: 1300K(1408K)->1300K(1408K)
[273.607s][info][gc             ] GC(649) Pause Young (Allocation Failure) 86M->10M(1443M) 1.103ms
[273.608s][info][gc,cpu         ] GC(649) User=0.52s Sys=0.00s Real=0.00s
[273.919s][info][gc,start       ] GC(650) Pause Young (Allocation Failure)
[273.920s][info][gc,heap        ] GC(650) PSYoungGen: 79360K(79360K)->1056K(79872K) Eden: 78336K(78336K)->0K(78336K) From: 1024K(1024K)->1056K(1536K)
[273.920s][info][gc,heap        ] GC(650) ParOldGen: 9292K(1398272K)->9292K(1398272K)
[273.920s][info][gc,metaspace   ] GC(650) Metaspace: 9959K(10304K)->9959K(10304K) NonClass: 8659K(8896K)->8659K(8896K) Class: 1300K(1408K)->1300K(1408K)
[273.920s][info][gc             ] GC(650) Pause Young (Allocation Failure) 86M->10M(1443M) 1.336ms
[273.920s][info][gc,cpu         ] GC(650) User=0.00s Sys=0.00s Real=0.00s
[274.231s][info][gc,start       ] GC(651) Pause Young (Allocation Failure)
[274.232s][info][gc,heap        ] GC(651) PSYoungGen: 79392K(79872K)->1024K(79360K) Eden: 78336K(78336K)->0K(78336K) From: 1056K(1536K)->1024K(1024K)
[274.232s][info][gc,heap        ] GC(651) ParOldGen: 9292K(1398272K)->9644K(1398272K)
[274.232s][info][gc,metaspace   ] GC(651) Metaspace: 9959K(10304K)->9959K(10304K) NonClass: 8659K(8896K)->8659K(8896K) Class: 1300K(1408K)->1300K(1408K)
[274.232s][info][gc             ] GC(651) Pause Young (Allocation Failure) 86M->10M(1443M) 1.127ms
[274.232s][info][gc,cpu         ] GC(651) User=0.00s Sys=0.00s Real=0.00s
[274.538s][info][gc,start       ] GC(652) Pause Young (Allocation Failure)
[274.539s][info][gc,heap        ] GC(652) PSYoungGen: 79360K(79360K)->1056K(79872K) Eden: 78336K(78336K)->0K(78336K) From: 1024K(1024K)->1056K(1536K)
[274.539s][info][gc,heap        ] GC(652) ParOldGen: 9644K(1398272K)->9644K(1398272K)
[274.539s][info][gc,metaspace   ] GC(652) Metaspace: 9959K(10304K)->9959K(10304K) NonClass: 8659K(8896K)->8659K(8896K) Class: 1300K(1408K)->1300K(1408K)
[274.539s][info][gc             ] GC(652) Pause Young (Allocation Failure) 86M->10M(1443M) 1.340ms
[274.539s][info][gc,cpu         ] GC(652) User=0.00s Sys=0.00s Real=0.00s
[274.816s][info][gc,start       ] GC(653) Pause Young (System.gc())
[274.817s][info][gc,heap        ] GC(653) PSYoungGen: 73509K(79872K)->1024K(79360K) Eden: 72453K(78336K)->0K(78336K) From: 1056K(1536K)->1024K(1024K)
[274.817s][info][gc,heap        ] GC(653) ParOldGen: 9644K(1398272K)->9660K(1398272K)
[274.817s][info][gc,metaspace   ] GC(653) Metaspace: 9959K(10304K)->9959K(10304K) NonClass: 8659K(8896K)->8659K(8896K) Class: 1300K(1408K)->1300K(1408K)
[274.817s][info][gc             ] GC(653) Pause Young (System.gc()) 81M->10M(1443M) 1.024ms
[274.817s][info][gc,cpu         ] GC(653) User=0.00s Sys=0.00s Real=0.00s
[274.817s][info][gc,start       ] GC(654) Pause Full (System.gc())
[274.818s][info][gc,phases,start] GC(654) Marking Phase
[274.833s][info][gc,phases      ] GC(654) Marking Phase 15.738ms
[274.833s][info][gc,phases,start] GC(654) Summary Phase
[274.833s][info][gc,phases      ] GC(654) Summary Phase 0.022ms
[274.833s][info][gc,phases,start] GC(654) Adjust Roots
[274.838s][info][gc,phases      ] GC(654) Adjust Roots 4.508ms
[274.838s][info][gc,phases,start] GC(654) Compaction Phase
[274.841s][info][gc,phases      ] GC(654) Compaction Phase 3.351ms
[274.841s][info][gc,phases,start] GC(654) Post Compact
[274.842s][info][gc,phases      ] GC(654) Post Compact 0.743ms
[274.842s][info][gc,heap        ] GC(654) PSYoungGen: 1024K(79360K)->0K(79360K) Eden: 0K(78336K)->0K(78336K) From: 1024K(1024K)->0K(1024K)
[274.842s][info][gc,heap        ] GC(654) ParOldGen: 9660K(1398272K)->4076K(1398272K)
[274.842s][info][gc,metaspace   ] GC(654) Metaspace: 9959K(10304K)->9959K(10304K) NonClass: 8659K(8896K)->8659K(8896K) Class: 1300K(1408K)->1300K(1408K)
[274.842s][info][gc             ] GC(654) Pause Full (System.gc()) 10M->3M(1443M) 24.622ms
[274.842s][info][gc,cpu         ] GC(654) User=0.45s Sys=0.02s Real=0.02s
[275.161s][info][gc,start       ] GC(655) Pause Young (Allocation Failure)
[275.162s][info][gc,heap        ] GC(655) PSYoungGen: 78336K(79360K)->1312K(79872K) Eden: 78336K(78336K)->0K(78336K) From: 0K(1024K)->1312K(1536K)
[275.162s][info][gc,heap        ] GC(655) ParOldGen: 4076K(1398272K)->4076K(1398272K)
[275.162s][info][gc,metaspace   ] GC(655) Metaspace: 9961K(10304K)->9961K(10304K) NonClass: 8661K(8896K)->8661K(8896K) Class: 1300K(1408K)->1300K(1408K)
[275.162s][info][gc             ] GC(655) Pause Young (Allocation Failure) 80M->5M(1443M) 1.452ms
[275.162s][info][gc,cpu         ] GC(655) User=0.00s Sys=0.00s Real=0.00s
[275.470s][info][gc,start       ] GC(656) Pause Young (Allocation Failure)
[275.471s][info][gc,heap        ] GC(656) PSYoungGen: 79648K(79872K)->1024K(79360K) Eden: 78336K(78336K)->0K(78336K) From: 1312K(1536K)->1024K(1024K)
[275.471s][info][gc,heap        ] GC(656) ParOldGen: 4076K(1398272K)->4828K(1398272K)
[275.471s][info][gc,metaspace   ] GC(656) Metaspace: 9961K(10304K)->9961K(10304K) NonClass: 8661K(8896K)->8661K(8896K) Class: 1300K(1408K)->1300K(1408K)
[275.471s][info][gc             ] GC(656) Pause Young (Allocation Failure) 81M->5M(1443M) 1.369ms
[275.471s][info][gc,cpu         ] GC(656) User=0.00s Sys=0.00s Real=0.00s
[275.774s][info][gc,start       ] GC(657) Pause Young (Allocation Failure)
[275.775s][info][gc,heap        ] GC(657) PSYoungGen: 79360K(79360K)->1088K(80384K) Eden: 78336K(78336K)->0K(78336K) From: 1024K(1024K)->1088K(2048K)
[275.776s][info][gc,heap        ] GC(657) ParOldGen: 4828K(1398272K)->5060K(1398272K)
[275.776s][info][gc,metaspace   ] GC(657) Metaspace: 9961K(10304K)->9961K(10304K) NonClass: 8661K(8896K)->8661K(8896K) Class: 1300K(1408K)->1300K(1408K)
[275.776s][info][gc             ] GC(657) Pause Young (Allocation Failure) 82M->6M(1444M) 1.386ms
[275.776s][info][gc,cpu         ] GC(657) User=0.00s Sys=0.00s Real=0.00s
[276.085s][info][gc,start       ] GC(658) Pause Young (Allocation Failure)
[276.087s][info][gc,heap        ] GC(658) PSYoungGen: 79424K(80384K)->960K(79360K) Eden: 78336K(78336K)->0K(78336K) From: 1088K(2048K)->960K(1024K)
[276.087s][info][gc,heap        ] GC(658) ParOldGen: 5060K(1398272K)->5532K(1398272K)
[276.087s][info][gc,metaspace   ] GC(658) Metaspace: 9961K(10304K)->9961K(10304K) NonClass: 8661K(8896K)->8661K(8896K) Class: 1300K(1408K)->1300K(1408K)
[276.087s][info][gc             ] GC(658) Pause Young (Allocation Failure) 82M->6M(1443M) 1.580ms
[276.087s][info][gc,cpu         ] GC(658) User=0.00s Sys=0.00s Real=0.00s
[276.387s][info][gc,start       ] GC(659) Pause Young (Allocation Failure)
[276.388s][info][gc,heap        ] GC(659) PSYoungGen: 79296K(79360K)->1056K(79872K) Eden: 78336K(78336K)->0K(78336K) From: 960K(1024K)->1056K(1536K)
[276.388s][info][gc,heap        ] GC(659) ParOldGen: 5532K(1398272K)->5532K(1398272K)
[276.388s][info][gc,metaspace   ] GC(659) Metaspace: 9961K(10304K)->9961K(10304K) NonClass: 8661K(8896K)->8661K(8896K) Class: 1300K(1408K)->1300K(1408K)
[276.388s][info][gc             ] GC(659) Pause Young (Allocation Failure) 82M->6M(1443M) 1.435ms
[276.388s][info][gc,cpu         ] GC(659) User=0.00s Sys=0.00s Real=0.00s
[276.693s][info][gc,start       ] GC(660) Pause Young (Allocation Failure)
[276.694s][info][gc,heap        ] GC(660) PSYoungGen: 79392K(79872K)->1024K(79360K) Eden: 78336K(78336K)->0K(78336K) From: 1056K(1536K)->1024K(1024K)
[276.694s][info][gc,heap        ] GC(660) ParOldGen: 5532K(1398272K)->5580K(1398272K)
[276.694s][info][gc,metaspace   ] GC(660) Metaspace: 9961K(10304K)->9961K(10304K) NonClass: 8661K(8896K)->8661K(8896K) Class: 1300K(1408K)->1300K(1408K)
[276.694s][info][gc             ] GC(660) Pause Young (Allocation Failure) 82M->6M(1443M) 1.162ms
[276.694s][info][gc,cpu         ] GC(660) User=0.00s Sys=0.00s Real=0.00s
[276.994s][info][gc,start       ] GC(661) Pause Young (Allocation Failure)
[276.996s][info][gc,heap        ] GC(661) PSYoungGen: 79360K(79360K)->1120K(79872K) Eden: 78336K(78336K)->0K(78336K) From: 1024K(1024K)->1120K(1536K)
[276.996s][info][gc,heap        ] GC(661) ParOldGen: 5580K(1398272K)->6084K(1398272K)
[276.996s][info][gc,metaspace   ] GC(661) Metaspace: 9961K(10304K)->9961K(10304K) NonClass: 8661K(8896K)->8661K(8896K) Class: 1300K(1408K)->1300K(1408K)
[276.996s][info][gc             ] GC(661) Pause Young (Allocation Failure) 82M->7M(1443M) 1.437ms
[276.996s][info][gc,cpu         ] GC(661) User=0.00s Sys=0.00s Real=0.00s
[277.303s][info][gc,start       ] GC(662) Pause Young (Allocation Failure)
[277.304s][info][gc,heap        ] GC(662) PSYoungGen: 79456K(79872K)->1024K(79360K) Eden: 78336K(78336K)->0K(78336K) From: 1120K(1536K)->1024K(1024K)
[277.304s][info][gc,heap        ] GC(662) ParOldGen: 6084K(1398272K)->6420K(1398272K)
[277.304s][info][gc,metaspace   ] GC(662) Metaspace: 9961K(10304K)->9961K(10304K) NonClass: 8661K(8896K)->8661K(8896K) Class: 1300K(1408K)->1300K(1408K)
[277.304s][info][gc             ] GC(662) Pause Young (Allocation Failure) 83M->7M(1443M) 1.087ms
[277.304s][info][gc,cpu         ] GC(662) User=0.00s Sys=0.00s Real=0.00s
[277.618s][info][gc,start       ] GC(663) Pause Young (Allocation Failure)
[277.619s][info][gc,heap        ] GC(663) PSYoungGen: 79360K(79360K)->1184K(79872K) Eden: 78336K(78336K)->0K(78336K) From: 1024K(1024K)->1184K(1536K)
[277.619s][info][gc,heap        ] GC(663) ParOldGen: 6420K(1398272K)->6604K(1398272K)
[277.619s][info][gc,metaspace   ] GC(663) Metaspace: 9961K(10304K)->9961K(10304K) NonClass: 8661K(8896K)->8661K(8896K) Class: 1300K(1408K)->1300K(1408K)
[277.619s][info][gc             ] GC(663) Pause Young (Allocation Failure) 83M->7M(1443M) 1.279ms
[277.619s][info][gc,cpu         ] GC(663) User=0.00s Sys=0.00s Real=0.00s
[277.931s][info][gc,start       ] GC(664) Pause Young (Allocation Failure)
[277.932s][info][gc,heap        ] GC(664) PSYoungGen: 79520K(79872K)->1024K(79360K) Eden: 78336K(78336K)->0K(78336K) From: 1184K(1536K)->1024K(1024K)
[277.932s][info][gc,heap        ] GC(664) ParOldGen: 6604K(1398272K)->7164K(1398272K)
[277.932s][info][gc,metaspace   ] GC(664) Metaspace: 9961K(10304K)->9961K(10304K) NonClass: 8661K(8896K)->8661K(8896K) Class: 1300K(1408K)->1300K(1408K)
[277.932s][info][gc             ] GC(664) Pause Young (Allocation Failure) 84M->7M(1443M) 1.217ms
[277.932s][info][gc,cpu         ] GC(664) User=0.00s Sys=0.00s Real=0.00s
[278.241s][info][gc,start       ] GC(665) Pause Young (Allocation Failure)
[278.242s][info][gc,heap        ] GC(665) PSYoungGen: 79360K(79360K)->1024K(79360K) Eden: 78336K(78336K)->0K(78336K) From: 1024K(1024K)->1024K(1024K)
[278.243s][info][gc,heap        ] GC(665) ParOldGen: 7164K(1398272K)->7516K(1398272K)
[278.243s][info][gc,metaspace   ] GC(665) Metaspace: 9961K(10304K)->9961K(10304K) NonClass: 8661K(8896K)->8661K(8896K) Class: 1300K(1408K)->1300K(1408K)
[278.243s][info][gc             ] GC(665) Pause Young (Allocation Failure) 84M->8M(1443M) 1.233ms
[278.243s][info][gc,cpu         ] GC(665) User=0.00s Sys=0.00s Real=0.00s
[278.549s][info][gc,start       ] GC(666) Pause Young (Allocation Failure)
[278.550s][info][gc,heap        ] GC(666) PSYoungGen: 79360K(79360K)->1056K(79872K) Eden: 78336K(78336K)->0K(78336K) From: 1024K(1024K)->1056K(1536K)
[278.550s][info][gc,heap        ] GC(666) ParOldGen: 7516K(1398272K)->7516K(1398272K)
[278.550s][info][gc,metaspace   ] GC(666) Metaspace: 9961K(10304K)->9961K(10304K) NonClass: 8661K(8896K)->8661K(8896K) Class: 1300K(1408K)->1300K(1408K)
[278.550s][info][gc             ] GC(666) Pause Young (Allocation Failure) 84M->8M(1443M) 1.166ms
[278.550s][info][gc,cpu         ] GC(666) User=0.00s Sys=0.00s Real=0.00s
[278.851s][info][gc,start       ] GC(667) Pause Young (Allocation Failure)
[278.853s][info][gc,heap        ] GC(667) PSYoungGen: 79392K(79872K)->1056K(79872K) Eden: 78336K(78336K)->0K(78336K) From: 1056K(1536K)->1056K(1536K)
[278.853s][info][gc,heap        ] GC(667) ParOldGen: 7516K(1398272K)->7516K(1398272K)
[278.853s][info][gc,metaspace   ] GC(667) Metaspace: 9961K(10304K)->9961K(10304K) NonClass: 8661K(8896K)->8661K(8896K) Class: 1300K(1408K)->1300K(1408K)
[278.853s][info][gc             ] GC(667) Pause Young (Allocation Failure) 84M->8M(1443M) 1.303ms
[278.853s][info][gc,cpu         ] GC(667) User=0.00s Sys=0.00s Real=0.00s
[279.165s][info][gc,start       ] GC(668) Pause Young (Allocation Failure)
[279.166s][info][gc,heap        ] GC(668) PSYoungGen: 79392K(79872K)->1056K(79872K) Eden: 78336K(78336K)->0K(78336K) From: 1056K(1536K)->1056K(1536K)
[279.166s][info][gc,heap        ] GC(668) ParOldGen: 7516K(1398272K)->7516K(1398272K)
[279.166s][info][gc,metaspace   ] GC(668) Metaspace: 9961K(10304K)->9961K(10304K) NonClass: 8661K(8896K)->8661K(8896K) Class: 1300K(1408K)->1300K(1408K)
[279.166s][info][gc             ] GC(668) Pause Young (Allocation Failure) 84M->8M(1443M) 1.060ms
[279.166s][info][gc,cpu         ] GC(668) User=0.00s Sys=0.00s Real=0.00s
[279.475s][info][gc,start       ] GC(669) Pause Young (Allocation Failure)
[279.477s][info][gc,heap        ] GC(669) PSYoungGen: 79392K(79872K)->1056K(79872K) Eden: 78336K(78336K)->0K(78336K) From: 1056K(1536K)->1056K(1536K)
[279.477s][info][gc,heap        ] GC(669) ParOldGen: 7516K(1398272K)->7516K(1398272K)
[279.477s][info][gc,metaspace   ] GC(669) Metaspace: 9961K(10304K)->9961K(10304K) NonClass: 8661K(8896K)->8661K(8896K) Class: 1300K(1408K)->1300K(1408K)
[279.477s][info][gc             ] GC(669) Pause Young (Allocation Failure) 84M->8M(1443M) 1.456ms
[279.477s][info][gc,cpu         ] GC(669) User=0.00s Sys=0.00s Real=0.00s
[279.780s][info][gc,start       ] GC(670) Pause Young (Allocation Failure)
[279.781s][info][gc,heap        ] GC(670) PSYoungGen: 79392K(79872K)->512K(78848K) Eden: 78336K(78336K)->0K(78336K) From: 1056K(1536K)->512K(512K)
[279.781s][info][gc,heap        ] GC(670) ParOldGen: 7516K(1398272K)->7732K(1398272K)
[279.781s][info][gc,metaspace   ] GC(670) Metaspace: 9961K(10304K)->9961K(10304K) NonClass: 8661K(8896K)->8661K(8896K) Class: 1300K(1408K)->1300K(1408K)
[279.781s][info][gc             ] GC(670) Pause Young (Allocation Failure) 84M->8M(1442M) 1.071ms
[279.781s][info][gc,cpu         ] GC(670) User=0.00s Sys=0.00s Real=0.00s
[280.087s][info][gc,start       ] GC(671) Pause Young (Allocation Failure)
[280.089s][info][gc,heap        ] GC(671) PSYoungGen: 78848K(78848K)->992K(79872K) Eden: 78336K(78336K)->0K(78336K) From: 512K(512K)->992K(1536K)
[280.089s][info][gc,heap        ] GC(671) ParOldGen: 7732K(1398272K)->8076K(1398272K)
[280.089s][info][gc,metaspace   ] GC(671) Metaspace: 9961K(10304K)->9961K(10304K) NonClass: 8661K(8896K)->8661K(8896K) Class: 1300K(1408K)->1300K(1408K)
[280.089s][info][gc             ] GC(671) Pause Young (Allocation Failure) 84M->8M(1443M) 2.272ms
[280.090s][info][gc,cpu         ] GC(671) User=0.00s Sys=0.00s Real=0.00s
[280.392s][info][gc,start       ] GC(672) Pause Young (Allocation Failure)
[280.393s][info][gc,heap        ] GC(672) PSYoungGen: 79328K(79872K)->1056K(79872K) Eden: 78336K(78336K)->0K(78336K) From: 992K(1536K)->1056K(1536K)
[280.393s][info][gc,heap        ] GC(672) ParOldGen: 8076K(1398272K)->8268K(1398272K)
[280.393s][info][gc,metaspace   ] GC(672) Metaspace: 9961K(10304K)->9961K(10304K) NonClass: 8661K(8896K)->8661K(8896K) Class: 1300K(1408K)->1300K(1408K)
[280.393s][info][gc             ] GC(672) Pause Young (Allocation Failure) 85M->9M(1443M) 1.075ms
[280.393s][info][gc,cpu         ] GC(672) User=0.00s Sys=0.00s Real=0.00s
[280.698s][info][gc,start       ] GC(673) Pause Young (Allocation Failure)
[280.700s][info][gc,heap        ] GC(673) PSYoungGen: 79392K(79872K)->1056K(79872K) Eden: 78336K(78336K)->0K(78336K) From: 1056K(1536K)->1056K(1536K)
[280.700s][info][gc,heap        ] GC(673) ParOldGen: 8268K(1398272K)->8564K(1398272K)
[280.700s][info][gc,metaspace   ] GC(673) Metaspace: 9961K(10304K)->9961K(10304K) NonClass: 8661K(8896K)->8661K(8896K) Class: 1300K(1408K)->1300K(1408K)
[280.700s][info][gc             ] GC(673) Pause Young (Allocation Failure) 85M->9M(1443M) 1.780ms
[280.700s][info][gc,cpu         ] GC(673) User=0.45s Sys=0.05s Real=0.02s
[281.011s][info][gc,start       ] GC(674) Pause Young (Allocation Failure)
[281.012s][info][gc,heap        ] GC(674) PSYoungGen: 79392K(79872K)->512K(78848K) Eden: 78336K(78336K)->0K(78336K) From: 1056K(1536K)->512K(512K)
[281.012s][info][gc,heap        ] GC(674) ParOldGen: 8564K(1398272K)->8820K(1398272K)
[281.012s][info][gc,metaspace   ] GC(674) Metaspace: 9961K(10304K)->9961K(10304K) NonClass: 8661K(8896K)->8661K(8896K) Class: 1300K(1408K)->1300K(1408K)
[281.012s][info][gc             ] GC(674) Pause Young (Allocation Failure) 85M->9M(1442M) 1.129ms
[281.012s][info][gc,cpu         ] GC(674) User=0.00s Sys=0.02s Real=0.02s
[281.305s][info][gc,start       ] GC(675) Pause Young (System.gc())
[281.318s][info][gc,heap        ] GC(675) PSYoungGen: 77399K(78848K)->960K(79872K) Eden: 76887K(78336K)->0K(78336K) From: 512K(512K)->960K(1536K)
[281.318s][info][gc,heap        ] GC(675) ParOldGen: 8820K(1398272K)->9140K(1398272K)
[281.318s][info][gc,metaspace   ] GC(675) Metaspace: 9961K(10304K)->9961K(10304K) NonClass: 8661K(8896K)->8661K(8896K) Class: 1300K(1408K)->1300K(1408K)
[281.318s][info][gc             ] GC(675) Pause Young (System.gc()) 84M->9M(1443M) 12.660ms
[281.318s][info][gc,cpu         ] GC(675) User=0.02s Sys=0.00s Real=0.01s
[281.318s][info][gc,start       ] GC(676) Pause Full (System.gc())
[281.318s][info][gc,phases,start] GC(676) Marking Phase
[281.333s][info][gc,phases      ] GC(676) Marking Phase 15.052ms
[281.333s][info][gc,phases,start] GC(676) Summary Phase
[281.333s][info][gc,phases      ] GC(676) Summary Phase 0.022ms
[281.333s][info][gc,phases,start] GC(676) Adjust Roots
[281.337s][info][gc,phases      ] GC(676) Adjust Roots 3.762ms
[281.337s][info][gc,phases,start] GC(676) Compaction Phase
[281.340s][info][gc,phases      ] GC(676) Compaction Phase 3.203ms
[281.340s][info][gc,phases,start] GC(676) Post Compact
[281.341s][info][gc,phases      ] GC(676) Post Compact 0.604ms
[281.341s][info][gc,heap        ] GC(676) PSYoungGen: 960K(79872K)->0K(79872K) Eden: 0K(78336K)->0K(78336K) From: 960K(1536K)->0K(1536K)
[281.341s][info][gc,heap        ] GC(676) ParOldGen: 9140K(1398272K)->4079K(1398272K)
[281.341s][info][gc,metaspace   ] GC(676) Metaspace: 9961K(10304K)->9961K(10304K) NonClass: 8661K(8896K)->8661K(8896K) Class: 1300K(1408K)->1300K(1408K)
[281.341s][info][gc             ] GC(676) Pause Full (System.gc()) 9M->3M(1443M) 22.937ms
[281.341s][info][gc,cpu         ] GC(676) User=0.55s Sys=0.00s Real=0.03s
[281.653s][info][gc,start       ] GC(677) Pause Young (Allocation Failure)
[281.654s][info][gc,heap        ] GC(677) PSYoungGen: 78336K(79872K)->1536K(79872K) Eden: 78336K(78336K)->0K(78336K) From: 0K(1536K)->1536K(1536K)
[281.654s][info][gc,heap        ] GC(677) ParOldGen: 4079K(1398272K)->4183K(1398272K)
[281.654s][info][gc,metaspace   ] GC(677) Metaspace: 9961K(10304K)->9961K(10304K) NonClass: 8661K(8896K)->8661K(8896K) Class: 1300K(1408K)->1300K(1408K)
[281.654s][info][gc             ] GC(677) Pause Young (Allocation Failure) 80M->5M(1443M) 1.241ms
[281.654s][info][gc,cpu         ] GC(677) User=0.00s Sys=0.00s Real=0.00s
[281.965s][info][gc,start       ] GC(678) Pause Young (Allocation Failure)
[281.967s][info][gc,heap        ] GC(678) PSYoungGen: 79872K(79872K)->1312K(79872K) Eden: 78336K(78336K)->0K(78336K) From: 1536K(1536K)->1312K(1536K)
[281.967s][info][gc,heap        ] GC(678) ParOldGen: 4183K(1398272K)->4879K(1398272K)
[281.967s][info][gc,metaspace   ] GC(678) Metaspace: 9961K(10304K)->9961K(10304K) NonClass: 8661K(8896K)->8661K(8896K) Class: 1300K(1408K)->1300K(1408K)
[281.967s][info][gc             ] GC(678) Pause Young (Allocation Failure) 82M->6M(1443M) 1.769ms
[281.967s][info][gc,cpu         ] GC(678) User=0.00s Sys=0.00s Real=0.00s
[282.273s][info][gc,start       ] GC(679) Pause Young (Allocation Failure)
[282.274s][info][gc,heap        ] GC(679) PSYoungGen: 79648K(79872K)->1120K(79872K) Eden: 78336K(78336K)->0K(78336K) From: 1312K(1536K)->1120K(1536K)
[282.274s][info][gc,heap        ] GC(679) ParOldGen: 4879K(1398272K)->4983K(1398272K)
[282.274s][info][gc,metaspace   ] GC(679) Metaspace: 9961K(10304K)->9961K(10304K) NonClass: 8661K(8896K)->8661K(8896K) Class: 1300K(1408K)->1300K(1408K)
[282.274s][info][gc             ] GC(679) Pause Young (Allocation Failure) 82M->5M(1443M) 1.030ms
[282.274s][info][gc,cpu         ] GC(679) User=0.00s Sys=0.00s Real=0.00s
[282.588s][info][gc,start       ] GC(680) Pause Young (Allocation Failure)
[282.589s][info][gc,heap        ] GC(680) PSYoungGen: 79456K(79872K)->1088K(79872K) Eden: 78336K(78336K)->0K(78336K) From: 1120K(1536K)->1088K(1536K)
[282.589s][info][gc,heap        ] GC(680) ParOldGen: 4983K(1398272K)->5335K(1398272K)
[282.589s][info][gc,metaspace   ] GC(680) Metaspace: 9961K(10304K)->9961K(10304K) NonClass: 8661K(8896K)->8661K(8896K) Class: 1300K(1408K)->1300K(1408K)
[282.589s][info][gc             ] GC(680) Pause Young (Allocation Failure) 82M->6M(1443M) 1.431ms
[282.589s][info][gc,cpu         ] GC(680) User=0.00s Sys=0.02s Real=0.01s
[282.895s][info][gc,start       ] GC(681) Pause Young (Allocation Failure)
[282.896s][info][gc,heap        ] GC(681) PSYoungGen: 79424K(79872K)->1088K(79872K) Eden: 78336K(78336K)->0K(78336K) From: 1088K(1536K)->1088K(1536K)
[282.896s][info][gc,heap        ] GC(681) ParOldGen: 5335K(1398272K)->5687K(1398272K)
[282.896s][info][gc,metaspace   ] GC(681) Metaspace: 9961K(10304K)->9961K(10304K) NonClass: 8661K(8896K)->8661K(8896K) Class: 1300K(1408K)->1300K(1408K)
[282.896s][info][gc             ] GC(681) Pause Young (Allocation Failure) 82M->6M(1443M) 1.167ms
[282.896s][info][gc,cpu         ] GC(681) User=0.00s Sys=0.00s Real=0.00s
[283.188s][info][gc,start       ] GC(682) Pause Young (Allocation Failure)
[283.189s][info][gc,heap        ] GC(682) PSYoungGen: 79424K(79872K)->1088K(79872K) Eden: 78336K(78336K)->0K(78336K) From: 1088K(1536K)->1088K(1536K)
[283.189s][info][gc,heap        ] GC(682) ParOldGen: 5687K(1398272K)->5695K(1398272K)
[283.189s][info][gc,metaspace   ] GC(682) Metaspace: 9961K(10304K)->9961K(10304K) NonClass: 8661K(8896K)->8661K(8896K) Class: 1300K(1408K)->1300K(1408K)
[283.189s][info][gc             ] GC(682) Pause Young (Allocation Failure) 83M->6M(1443M) 1.336ms
[283.189s][info][gc,cpu         ] GC(682) User=0.00s Sys=0.00s Real=0.00s
[283.489s][info][gc,start       ] GC(683) Pause Young (Allocation Failure)
[283.490s][info][gc,heap        ] GC(683) PSYoungGen: 79424K(79872K)->512K(78848K) Eden: 78336K(78336K)->0K(78336K) From: 1088K(1536K)->512K(512K)
[283.490s][info][gc,heap        ] GC(683) ParOldGen: 5695K(1398272K)->6199K(1398272K)
[283.490s][info][gc,metaspace   ] GC(683) Metaspace: 9961K(10304K)->9961K(10304K) NonClass: 8661K(8896K)->8661K(8896K) Class: 1300K(1408K)->1300K(1408K)
[283.490s][info][gc             ] GC(683) Pause Young (Allocation Failure) 83M->6M(1442M) 1.145ms
[283.490s][info][gc,cpu         ] GC(683) User=0.00s Sys=0.00s Real=0.00s
[283.791s][info][gc,start       ] GC(684) Pause Young (Allocation Failure)
[283.793s][info][gc,heap        ] GC(684) PSYoungGen: 78848K(78848K)->1024K(79872K) Eden: 78336K(78336K)->0K(78336K) From: 512K(512K)->1024K(1536K)
[283.793s][info][gc,heap        ] GC(684) ParOldGen: 6199K(1398272K)->6519K(1398272K)
[283.793s][info][gc,metaspace   ] GC(684) Metaspace: 9961K(10304K)->9961K(10304K) NonClass: 8661K(8896K)->8661K(8896K) Class: 1300K(1408K)->1300K(1408K)
[283.793s][info][gc             ] GC(684) Pause Young (Allocation Failure) 83M->7M(1443M) 1.535ms
[283.793s][info][gc,cpu         ] GC(684) User=0.00s Sys=0.00s Real=0.00s
[284.095s][info][gc,start       ] GC(685) Pause Young (Allocation Failure)
[284.098s][info][gc,heap        ] GC(685) PSYoungGen: 79360K(79872K)->1056K(79872K) Eden: 78336K(78336K)->0K(78336K) From: 1024K(1536K)->1056K(1536K)
[284.098s][info][gc,heap        ] GC(685) ParOldGen: 6519K(1398272K)->6519K(1398272K)
[284.098s][info][gc,metaspace   ] GC(685) Metaspace: 9961K(10304K)->9961K(10304K) NonClass: 8661K(8896K)->8661K(8896K) Class: 1300K(1408K)->1300K(1408K)
[284.098s][info][gc             ] GC(685) Pause Young (Allocation Failure) 83M->7M(1443M) 3.512ms
[284.098s][info][gc,cpu         ] GC(685) User=0.00s Sys=0.00s Real=0.00s
[284.397s][info][gc,start       ] GC(686) Pause Young (Allocation Failure)
[284.398s][info][gc,heap        ] GC(686) PSYoungGen: 79392K(79872K)->1056K(79872K) Eden: 78336K(78336K)->0K(78336K) From: 1056K(1536K)->1056K(1536K)
[284.398s][info][gc,heap        ] GC(686) ParOldGen: 6519K(1398272K)->6519K(1398272K)
[284.398s][info][gc,metaspace   ] GC(686) Metaspace: 9961K(10304K)->9961K(10304K) NonClass: 8661K(8896K)->8661K(8896K) Class: 1300K(1408K)->1300K(1408K)
[284.398s][info][gc             ] GC(686) Pause Young (Allocation Failure) 83M->7M(1443M) 1.427ms
[284.399s][info][gc,cpu         ] GC(686) User=0.00s Sys=0.00s Real=0.00s
[284.701s][info][gc,start       ] GC(687) Pause Young (Allocation Failure)
[284.702s][info][gc,heap        ] GC(687) PSYoungGen: 79392K(79872K)->512K(78848K) Eden: 78336K(78336K)->0K(78336K) From: 1056K(1536K)->512K(512K)
[284.703s][info][gc,heap        ] GC(687) ParOldGen: 6519K(1398272K)->6991K(1398272K)
[284.703s][info][gc,metaspace   ] GC(687) Metaspace: 9961K(10304K)->9961K(10304K) NonClass: 8661K(8896K)->8661K(8896K) Class: 1300K(1408K)->1300K(1408K)
[284.703s][info][gc             ] GC(687) Pause Young (Allocation Failure) 83M->7M(1442M) 1.164ms
[284.703s][info][gc,cpu         ] GC(687) User=0.00s Sys=0.00s Real=0.00s
[285.018s][info][gc,start       ] GC(688) Pause Young (Allocation Failure)
[285.020s][info][gc,heap        ] GC(688) PSYoungGen: 78848K(78848K)->1056K(79872K) Eden: 78336K(78336K)->0K(78336K) From: 512K(512K)->1056K(1536K)
[285.020s][info][gc,heap        ] GC(688) ParOldGen: 6991K(1398272K)->7399K(1398272K)
[285.020s][info][gc,metaspace   ] GC(688) Metaspace: 9961K(10304K)->9961K(10304K) NonClass: 8661K(8896K)->8661K(8896K) Class: 1300K(1408K)->1300K(1408K)
[285.020s][info][gc             ] GC(688) Pause Young (Allocation Failure) 83M->8M(1443M) 1.224ms
[285.020s][info][gc,cpu         ] GC(688) User=0.00s Sys=0.00s Real=0.00s
[285.323s][info][gc,start       ] GC(689) Pause Young (Allocation Failure)
[285.324s][info][gc,heap        ] GC(689) PSYoungGen: 79392K(79872K)->1056K(79872K) Eden: 78336K(78336K)->0K(78336K) From: 1056K(1536K)->1056K(1536K)
[285.324s][info][gc,heap        ] GC(689) ParOldGen: 7399K(1398272K)->7567K(1398272K)
[285.324s][info][gc,metaspace   ] GC(689) Metaspace: 9961K(10304K)->9961K(10304K) NonClass: 8661K(8896K)->8661K(8896K) Class: 1300K(1408K)->1300K(1408K)
[285.324s][info][gc             ] GC(689) Pause Young (Allocation Failure) 84M->8M(1443M) 1.049ms
[285.324s][info][gc,cpu         ] GC(689) User=0.00s Sys=0.00s Real=0.00s
[285.631s][info][gc,start       ] GC(690) Pause Young (Allocation Failure)
[285.633s][info][gc,heap        ] GC(690) PSYoungGen: 79392K(79872K)->1184K(79872K) Eden: 78336K(78336K)->0K(78336K) From: 1056K(1536K)->1184K(1536K)
[285.633s][info][gc,heap        ] GC(690) ParOldGen: 7567K(1398272K)->7575K(1398272K)
[285.633s][info][gc,metaspace   ] GC(690) Metaspace: 9961K(10304K)->9961K(10304K) NonClass: 8661K(8896K)->8661K(8896K) Class: 1300K(1408K)->1300K(1408K)
[285.633s][info][gc             ] GC(690) Pause Young (Allocation Failure) 84M->8M(1443M) 1.502ms
[285.633s][info][gc,cpu         ] GC(690) User=0.00s Sys=0.00s Real=0.00s
[285.940s][info][gc,start       ] GC(691) Pause Young (Allocation Failure)
[285.941s][info][gc,heap        ] GC(691) PSYoungGen: 79520K(79872K)->512K(78848K) Eden: 78336K(78336K)->0K(78336K) From: 1184K(1536K)->512K(512K)
[285.941s][info][gc,heap        ] GC(691) ParOldGen: 7575K(1398272K)->8199K(1398272K)
[285.941s][info][gc,metaspace   ] GC(691) Metaspace: 9961K(10304K)->9961K(10304K) NonClass: 8661K(8896K)->8661K(8896K) Class: 1300K(1408K)->1300K(1408K)
[285.941s][info][gc             ] GC(691) Pause Young (Allocation Failure) 85M->8M(1442M) 1.215ms
[285.941s][info][gc,cpu         ] GC(691) User=0.00s Sys=0.00s Real=0.00s
[286.238s][info][gc,start       ] GC(692) Pause Young (Allocation Failure)
[286.240s][info][gc,heap        ] GC(692) PSYoungGen: 78848K(78848K)->992K(79872K) Eden: 78336K(78336K)->0K(78336K) From: 512K(512K)->992K(1536K)
[286.240s][info][gc,heap        ] GC(692) ParOldGen: 8199K(1398272K)->8535K(1398272K)
[286.240s][info][gc,metaspace   ] GC(692) Metaspace: 9961K(10304K)->9961K(10304K) NonClass: 8661K(8896K)->8661K(8896K) Class: 1300K(1408K)->1300K(1408K)
[286.240s][info][gc             ] GC(692) Pause Young (Allocation Failure) 85M->9M(1443M) 2.029ms
[286.240s][info][gc,cpu         ] GC(692) User=0.00s Sys=0.00s Real=0.00s
[286.542s][info][gc,start       ] GC(693) Pause Young (Allocation Failure)
[286.543s][info][gc,heap        ] GC(693) PSYoungGen: 79328K(79872K)->1056K(79872K) Eden: 78336K(78336K)->0K(78336K) From: 992K(1536K)->1056K(1536K)
[286.543s][info][gc,heap        ] GC(693) ParOldGen: 8535K(1398272K)->8623K(1398272K)
[286.543s][info][gc,metaspace   ] GC(693) Metaspace: 9961K(10304K)->9961K(10304K) NonClass: 8661K(8896K)->8661K(8896K) Class: 1300K(1408K)->1300K(1408K)
[286.543s][info][gc             ] GC(693) Pause Young (Allocation Failure) 85M->9M(1443M) 1.107ms
[286.543s][info][gc,cpu         ] GC(693) User=0.00s Sys=0.00s Real=0.00s
[286.847s][info][gc,start       ] GC(694) Pause Young (Allocation Failure)
[286.848s][info][gc,heap        ] GC(694) PSYoungGen: 79392K(79872K)->1056K(79872K) Eden: 78336K(78336K)->0K(78336K) From: 1056K(1536K)->1056K(1536K)
[286.848s][info][gc,heap        ] GC(694) ParOldGen: 8623K(1398272K)->8623K(1398272K)
[286.849s][info][gc,metaspace   ] GC(694) Metaspace: 9961K(10304K)->9961K(10304K) NonClass: 8661K(8896K)->8661K(8896K) Class: 1300K(1408K)->1300K(1408K)
[286.849s][info][gc             ] GC(694) Pause Young (Allocation Failure) 85M->9M(1443M) 1.357ms
[286.849s][info][gc,cpu         ] GC(694) User=0.00s Sys=0.00s Real=0.00s
[287.154s][info][gc,start       ] GC(695) Pause Young (Allocation Failure)
[287.155s][info][gc,heap        ] GC(695) PSYoungGen: 79392K(79872K)->512K(78848K) Eden: 78336K(78336K)->0K(78336K) From: 1056K(1536K)->512K(512K)
[287.155s][info][gc,heap        ] GC(695) ParOldGen: 8623K(1398272K)->8839K(1398272K)
[287.155s][info][gc,metaspace   ] GC(695) Metaspace: 9961K(10304K)->9961K(10304K) NonClass: 8661K(8896K)->8661K(8896K) Class: 1300K(1408K)->1300K(1408K)
[287.155s][info][gc             ] GC(695) Pause Young (Allocation Failure) 85M->9M(1442M) 1.126ms
[287.155s][info][gc,cpu         ] GC(695) User=0.00s Sys=0.00s Real=0.00s
[287.468s][info][gc,start       ] GC(696) Pause Young (Allocation Failure)
[287.470s][info][gc,heap        ] GC(696) PSYoungGen: 78848K(78848K)->1056K(79872K) Eden: 78336K(78336K)->0K(78336K) From: 512K(512K)->1056K(1536K)
[287.470s][info][gc,heap        ] GC(696) ParOldGen: 8839K(1398272K)->9199K(1398272K)
[287.470s][info][gc,metaspace   ] GC(696) Metaspace: 9961K(10304K)->9961K(10304K) NonClass: 8661K(8896K)->8661K(8896K) Class: 1300K(1408K)->1300K(1408K)
[287.470s][info][gc             ] GC(696) Pause Young (Allocation Failure) 85M->10M(1443M) 2.318ms
[287.470s][info][gc,cpu         ] GC(696) User=0.00s Sys=0.00s Real=0.00s
[287.761s][info][gc,start       ] GC(697) Pause Young (System.gc())
[287.762s][info][gc,heap        ] GC(697) PSYoungGen: 74138K(79872K)->1056K(79872K) Eden: 73082K(78336K)->0K(78336K) From: 1056K(1536K)->1056K(1536K)
[287.762s][info][gc,heap        ] GC(697) ParOldGen: 9199K(1398272K)->9375K(1398272K)
[287.762s][info][gc,metaspace   ] GC(697) Metaspace: 9961K(10304K)->9961K(10304K) NonClass: 8661K(8896K)->8661K(8896K) Class: 1300K(1408K)->1300K(1408K)
[287.762s][info][gc             ] GC(697) Pause Young (System.gc()) 81M->10M(1443M) 1.006ms
[287.762s][info][gc,cpu         ] GC(697) User=0.00s Sys=0.00s Real=0.00s
[287.762s][info][gc,start       ] GC(698) Pause Full (System.gc())
[287.762s][info][gc,phases,start] GC(698) Marking Phase
[287.779s][info][gc,phases      ] GC(698) Marking Phase 16.654ms
[287.779s][info][gc,phases,start] GC(698) Summary Phase
[287.779s][info][gc,phases      ] GC(698) Summary Phase 0.021ms
[287.779s][info][gc,phases,start] GC(698) Adjust Roots
[287.784s][info][gc,phases      ] GC(698) Adjust Roots 4.429ms
[287.784s][info][gc,phases,start] GC(698) Compaction Phase
[287.787s][info][gc,phases      ] GC(698) Compaction Phase 3.820ms
[287.787s][info][gc,phases,start] GC(698) Post Compact
[287.788s][info][gc,phases      ] GC(698) Post Compact 0.742ms
[287.788s][info][gc,heap        ] GC(698) PSYoungGen: 1056K(79872K)->0K(79872K) Eden: 0K(78336K)->0K(78336K) From: 1056K(1536K)->0K(1536K)
[287.788s][info][gc,heap        ] GC(698) ParOldGen: 9375K(1398272K)->4079K(1398272K)
[287.788s][info][gc,metaspace   ] GC(698) Metaspace: 9961K(10304K)->9961K(10304K) NonClass: 8661K(8896K)->8661K(8896K) Class: 1300K(1408K)->1300K(1408K)
[287.788s][info][gc             ] GC(698) Pause Full (System.gc()) 10M->3M(1443M) 25.912ms
[287.788s][info][gc,cpu         ] GC(698) User=0.02s Sys=0.00s Real=0.02s
[288.097s][info][gc,start       ] GC(699) Pause Young (Allocation Failure)
[288.098s][info][gc,heap        ] GC(699) PSYoungGen: 78336K(79872K)->1536K(79872K) Eden: 78336K(78336K)->0K(78336K) From: 0K(1536K)->1536K(1536K)
[288.098s][info][gc,heap        ] GC(699) ParOldGen: 4079K(1398272K)->4143K(1398272K)
[288.098s][info][gc,metaspace   ] GC(699) Metaspace: 9961K(10304K)->9961K(10304K) NonClass: 8661K(8896K)->8661K(8896K) Class: 1300K(1408K)->1300K(1408K)
[288.098s][info][gc             ] GC(699) Pause Young (Allocation Failure) 80M->5M(1443M) 1.666ms
[288.098s][info][gc,cpu         ] GC(699) User=0.00s Sys=0.00s Real=0.00s
[288.404s][info][gc,start       ] GC(700) Pause Young (Allocation Failure)
[288.411s][info][gc,heap        ] GC(700) PSYoungGen: 79872K(79872K)->512K(78848K) Eden: 78336K(78336K)->0K(78336K) From: 1536K(1536K)->512K(512K)
[288.411s][info][gc,heap        ] GC(700) ParOldGen: 4143K(1398272K)->5079K(1398272K)
[288.411s][info][gc,metaspace   ] GC(700) Metaspace: 9961K(10304K)->9961K(10304K) NonClass: 8661K(8896K)->8661K(8896K) Class: 1300K(1408K)->1300K(1408K)
[288.411s][info][gc             ] GC(700) Pause Young (Allocation Failure) 82M->5M(1442M) 6.728ms
[288.411s][info][gc,cpu         ] GC(700) User=0.00s Sys=0.00s Real=0.00s
[288.717s][info][gc,start       ] GC(701) Pause Young (Allocation Failure)
[288.718s][info][gc,heap        ] GC(701) PSYoungGen: 78848K(78848K)->1504K(80384K) Eden: 78336K(78336K)->0K(78336K) From: 512K(512K)->1504K(2048K)
[288.718s][info][gc,heap        ] GC(701) ParOldGen: 5079K(1398272K)->5655K(1398272K)
[288.718s][info][gc,metaspace   ] GC(701) Metaspace: 9961K(10304K)->9961K(10304K) NonClass: 8661K(8896K)->8661K(8896K) Class: 1300K(1408K)->1300K(1408K)
[288.718s][info][gc             ] GC(701) Pause Young (Allocation Failure) 81M->6M(1444M) 1.470ms
[288.718s][info][gc,cpu         ] GC(701) User=0.00s Sys=0.00s Real=0.00s
[289.033s][info][gc,start       ] GC(702) Pause Young (Allocation Failure)
[289.034s][info][gc,heap        ] GC(702) PSYoungGen: 79840K(80384K)->960K(79360K) Eden: 78336K(78336K)->0K(78336K) From: 1504K(2048K)->960K(1024K)
[289.035s][info][gc,heap        ] GC(702) ParOldGen: 5655K(1398272K)->6351K(1398272K)
[289.035s][info][gc,metaspace   ] GC(702) Metaspace: 9961K(10304K)->9961K(10304K) NonClass: 8661K(8896K)->8661K(8896K) Class: 1300K(1408K)->1300K(1408K)
[289.035s][info][gc             ] GC(702) Pause Young (Allocation Failure) 83M->7M(1443M) 1.840ms
[289.035s][info][gc,cpu         ] GC(702) User=0.00s Sys=0.00s Real=0.00s
[289.340s][info][gc,start       ] GC(703) Pause Young (Allocation Failure)
[289.342s][info][gc,heap        ] GC(703) PSYoungGen: 79296K(79360K)->1056K(79872K) Eden: 78336K(78336K)->0K(78336K) From: 960K(1024K)->1056K(1536K)
[289.342s][info][gc,heap        ] GC(703) ParOldGen: 6351K(1398272K)->6351K(1398272K)
[289.342s][info][gc,metaspace   ] GC(703) Metaspace: 9961K(10304K)->9961K(10304K) NonClass: 8661K(8896K)->8661K(8896K) Class: 1300K(1408K)->1300K(1408K)
[289.342s][info][gc             ] GC(703) Pause Young (Allocation Failure) 83M->7M(1443M) 1.308ms
[289.342s][info][gc,cpu         ] GC(703) User=0.00s Sys=0.00s Real=0.00s
[289.647s][info][gc,start       ] GC(704) Pause Young (Allocation Failure)
[289.648s][info][gc,heap        ] GC(704) PSYoungGen: 79392K(79872K)->1056K(79872K) Eden: 78336K(78336K)->0K(78336K) From: 1056K(1536K)->1056K(1536K)
[289.648s][info][gc,heap        ] GC(704) ParOldGen: 6351K(1398272K)->6351K(1398272K)
[289.648s][info][gc,metaspace   ] GC(704) Metaspace: 9961K(10304K)->9961K(10304K) NonClass: 8661K(8896K)->8661K(8896K) Class: 1300K(1408K)->1300K(1408K)
[289.648s][info][gc             ] GC(704) Pause Young (Allocation Failure) 83M->7M(1443M) 1.265ms
[289.648s][info][gc,cpu         ] GC(704) User=0.00s Sys=0.00s Real=0.00s
[289.967s][info][gc,start       ] GC(705) Pause Young (Allocation Failure)
[289.968s][info][gc,heap        ] GC(705) PSYoungGen: 79392K(79872K)->1120K(79872K) Eden: 78336K(78336K)->0K(78336K) From: 1056K(1536K)->1120K(1536K)
[289.968s][info][gc,heap        ] GC(705) ParOldGen: 6351K(1398272K)->6455K(1398272K)
[289.968s][info][gc,metaspace   ] GC(705) Metaspace: 9961K(10304K)->9961K(10304K) NonClass: 8661K(8896K)->8661K(8896K) Class: 1300K(1408K)->1300K(1408K)
[289.968s][info][gc             ] GC(705) Pause Young (Allocation Failure) 83M->7M(1443M) 1.434ms
[289.968s][info][gc,cpu         ] GC(705) User=0.00s Sys=0.00s Real=0.00s
[290.271s][info][gc,start       ] GC(706) Pause Young (Allocation Failure)
[290.272s][info][gc,heap        ] GC(706) PSYoungGen: 79456K(79872K)->1056K(79872K) Eden: 78336K(78336K)->0K(78336K) From: 1120K(1536K)->1056K(1536K)
[290.272s][info][gc,heap        ] GC(706) ParOldGen: 6455K(1398272K)->6991K(1398272K)
[290.272s][info][gc,metaspace   ] GC(706) Metaspace: 9961K(10304K)->9961K(10304K) NonClass: 8661K(8896K)->8661K(8896K) Class: 1300K(1408K)->1300K(1408K)
[290.272s][info][gc             ] GC(706) Pause Young (Allocation Failure) 83M->7M(1443M) 1.206ms
[290.272s][info][gc,cpu         ] GC(706) User=0.00s Sys=0.00s Real=0.00s
[290.580s][info][gc,start       ] GC(707) Pause Young (Allocation Failure)
[290.581s][info][gc,heap        ] GC(707) PSYoungGen: 79392K(79872K)->1056K(79872K) Eden: 78336K(78336K)->0K(78336K) From: 1056K(1536K)->1056K(1536K)
[290.581s][info][gc,heap        ] GC(707) ParOldGen: 6991K(1398272K)->6991K(1398272K)
[290.581s][info][gc,metaspace   ] GC(707) Metaspace: 9961K(10304K)->9961K(10304K) NonClass: 8661K(8896K)->8661K(8896K) Class: 1300K(1408K)->1300K(1408K)
[290.581s][info][gc             ] GC(707) Pause Young (Allocation Failure) 84M->7M(1443M) 1.477ms
[290.581s][info][gc,cpu         ] GC(707) User=0.00s Sys=0.00s Real=0.00s
[290.891s][info][gc,start       ] GC(708) Pause Young (Allocation Failure)
[290.892s][info][gc,heap        ] GC(708) PSYoungGen: 79392K(79872K)->512K(78848K) Eden: 78336K(78336K)->0K(78336K) From: 1056K(1536K)->512K(512K)
[290.892s][info][gc,heap        ] GC(708) ParOldGen: 6991K(1398272K)->7503K(1398272K)
[290.892s][info][gc,metaspace   ] GC(708) Metaspace: 9961K(10304K)->9961K(10304K) NonClass: 8661K(8896K)->8661K(8896K) Class: 1300K(1408K)->1300K(1408K)
[290.892s][info][gc             ] GC(708) Pause Young (Allocation Failure) 84M->7M(1442M) 1.141ms
[290.892s][info][gc,cpu         ] GC(708) User=0.00s Sys=0.00s Real=0.00s
[291.196s][info][gc,start       ] GC(709) Pause Young (Allocation Failure)
[291.198s][info][gc,heap        ] GC(709) PSYoungGen: 78848K(78848K)->1056K(79872K) Eden: 78336K(78336K)->0K(78336K) From: 512K(512K)->1056K(1536K)
[291.198s][info][gc,heap        ] GC(709) ParOldGen: 7503K(1398272K)->7879K(1398272K)
[291.198s][info][gc,metaspace   ] GC(709) Metaspace: 9961K(10304K)->9961K(10304K) NonClass: 8661K(8896K)->8661K(8896K) Class: 1300K(1408K)->1300K(1408K)
[291.198s][info][gc             ] GC(709) Pause Young (Allocation Failure) 84M->8M(1443M) 1.591ms
[291.198s][info][gc,cpu         ] GC(709) User=0.00s Sys=0.00s Real=0.00s
[291.501s][info][gc,start       ] GC(710) Pause Young (Allocation Failure)
[291.502s][info][gc,heap        ] GC(710) PSYoungGen: 79392K(79872K)->1056K(79872K) Eden: 78336K(78336K)->0K(78336K) From: 1056K(1536K)->1056K(1536K)
[291.502s][info][gc,heap        ] GC(710) ParOldGen: 7879K(1398272K)->8215K(1398272K)
[291.502s][info][gc,metaspace   ] GC(710) Metaspace: 9961K(10304K)->9961K(10304K) NonClass: 8661K(8896K)->8661K(8896K) Class: 1300K(1408K)->1300K(1408K)
[291.502s][info][gc             ] GC(710) Pause Young (Allocation Failure) 85M->9M(1443M) 1.149ms
[291.502s][info][gc,cpu         ] GC(710) User=0.00s Sys=0.00s Real=0.00s
[291.809s][info][gc,start       ] GC(711) Pause Young (Allocation Failure)
[291.810s][info][gc,heap        ] GC(711) PSYoungGen: 79392K(79872K)->1056K(79872K) Eden: 78336K(78336K)->0K(78336K) From: 1056K(1536K)->1056K(1536K)
[291.810s][info][gc,heap        ] GC(711) ParOldGen: 8215K(1398272K)->8215K(1398272K)
[291.810s][info][gc,metaspace   ] GC(711) Metaspace: 9961K(10304K)->9961K(10304K) NonClass: 8661K(8896K)->8661K(8896K) Class: 1300K(1408K)->1300K(1408K)
[291.810s][info][gc             ] GC(711) Pause Young (Allocation Failure) 85M->9M(1443M) 1.352ms
[291.810s][info][gc,cpu         ] GC(711) User=0.00s Sys=0.00s Real=0.00s
[292.131s][info][gc,start       ] GC(712) Pause Young (Allocation Failure)
[292.132s][info][gc,heap        ] GC(712) PSYoungGen: 79392K(79872K)->512K(78848K) Eden: 78336K(78336K)->0K(78336K) From: 1056K(1536K)->512K(512K)
[292.132s][info][gc,heap        ] GC(712) ParOldGen: 8215K(1398272K)->8631K(1398272K)
[292.132s][info][gc,metaspace   ] GC(712) Metaspace: 9961K(10304K)->9961K(10304K) NonClass: 8661K(8896K)->8661K(8896K) Class: 1300K(1408K)->1300K(1408K)
[292.132s][info][gc             ] GC(712) Pause Young (Allocation Failure) 85M->8M(1442M) 1.169ms
[292.132s][info][gc,cpu         ] GC(712) User=0.52s Sys=0.00s Real=0.02s
[292.428s][info][gc,start       ] GC(713) Pause Young (Allocation Failure)
[292.429s][info][gc,heap        ] GC(713) PSYoungGen: 78848K(78848K)->1152K(79872K) Eden: 78336K(78336K)->0K(78336K) From: 512K(512K)->1152K(1536K)
[292.429s][info][gc,heap        ] GC(713) ParOldGen: 8631K(1398272K)->8991K(1398272K)
[292.429s][info][gc,metaspace   ] GC(713) Metaspace: 9961K(10304K)->9961K(10304K) NonClass: 8661K(8896K)->8661K(8896K) Class: 1300K(1408K)->1300K(1408K)
[292.429s][info][gc             ] GC(713) Pause Young (Allocation Failure) 85M->9M(1443M) 1.476ms
[292.429s][info][gc,cpu         ] GC(713) User=0.00s Sys=0.00s Real=0.00s
[292.731s][info][gc,start       ] GC(714) Pause Young (Allocation Failure)
[292.732s][info][gc,heap        ] GC(714) PSYoungGen: 79488K(79872K)->1056K(79872K) Eden: 78336K(78336K)->0K(78336K) From: 1152K(1536K)->1056K(1536K)
[292.732s][info][gc,heap        ] GC(714) ParOldGen: 8991K(1398272K)->9351K(1398272K)
[292.732s][info][gc,metaspace   ] GC(714) Metaspace: 9961K(10304K)->9961K(10304K) NonClass: 8661K(8896K)->8661K(8896K) Class: 1300K(1408K)->1300K(1408K)
[292.732s][info][gc             ] GC(714) Pause Young (Allocation Failure) 86M->10M(1443M) 1.136ms
[292.732s][info][gc,cpu         ] GC(714) User=0.00s Sys=0.00s Real=0.00s
[293.045s][info][gc,start       ] GC(715) Pause Young (Allocation Failure)
[293.047s][info][gc,heap        ] GC(715) PSYoungGen: 79392K(79872K)->1056K(79872K) Eden: 78336K(78336K)->0K(78336K) From: 1056K(1536K)->1056K(1536K)
[293.047s][info][gc,heap        ] GC(715) ParOldGen: 9351K(1398272K)->9351K(1398272K)
[293.047s][info][gc,metaspace   ] GC(715) Metaspace: 9961K(10304K)->9961K(10304K) NonClass: 8661K(8896K)->8661K(8896K) Class: 1300K(1408K)->1300K(1408K)
[293.047s][info][gc             ] GC(715) Pause Young (Allocation Failure) 86M->10M(1443M) 1.634ms
[293.047s][info][gc,cpu         ] GC(715) User=0.00s Sys=0.00s Real=0.00s
[293.346s][info][gc,start       ] GC(716) Pause Young (Allocation Failure)
[293.347s][info][gc,heap        ] GC(716) PSYoungGen: 79392K(79872K)->512K(78848K) Eden: 78336K(78336K)->0K(78336K) From: 1056K(1536K)->512K(512K)
[293.347s][info][gc,heap        ] GC(716) ParOldGen: 9351K(1398272K)->9591K(1398272K)
[293.347s][info][gc,metaspace   ] GC(716) Metaspace: 9961K(10304K)->9961K(10304K) NonClass: 8661K(8896K)->8661K(8896K) Class: 1300K(1408K)->1300K(1408K)
[293.347s][info][gc             ] GC(716) Pause Young (Allocation Failure) 86M->9M(1442M) 1.093ms
[293.347s][info][gc,cpu         ] GC(716) User=0.00s Sys=0.00s Real=0.00s
[293.646s][info][gc,start       ] GC(717) Pause Young (Allocation Failure)
[293.648s][info][gc,heap        ] GC(717) PSYoungGen: 78848K(78848K)->992K(79872K) Eden: 78336K(78336K)->0K(78336K) From: 512K(512K)->992K(1536K)
[293.648s][info][gc,heap        ] GC(717) ParOldGen: 9591K(1398272K)->9991K(1398272K)
[293.648s][info][gc,metaspace   ] GC(717) Metaspace: 9961K(10304K)->9961K(10304K) NonClass: 8661K(8896K)->8661K(8896K) Class: 1300K(1408K)->1300K(1408K)
[293.648s][info][gc             ] GC(717) Pause Young (Allocation Failure) 86M->10M(1443M) 1.671ms
[293.648s][info][gc,cpu         ] GC(717) User=0.00s Sys=0.00s Real=0.00s
[293.962s][info][gc,start       ] GC(718) Pause Young (Allocation Failure)
[293.963s][info][gc,heap        ] GC(718) PSYoungGen: 79328K(79872K)->1120K(79872K) Eden: 78336K(78336K)->0K(78336K) From: 992K(1536K)->1120K(1536K)
[293.963s][info][gc,heap        ] GC(718) ParOldGen: 9991K(1398272K)->10351K(1398272K)
[293.963s][info][gc,metaspace   ] GC(718) Metaspace: 9961K(10304K)->9961K(10304K) NonClass: 8661K(8896K)->8661K(8896K) Class: 1300K(1408K)->1300K(1408K)
[293.963s][info][gc             ] GC(718) Pause Young (Allocation Failure) 87M->11M(1443M) 1.153ms
[293.963s][info][gc,cpu         ] GC(718) User=0.00s Sys=0.00s Real=0.00s
[294.252s][info][gc,start       ] GC(719) Pause Young (System.gc())
[294.253s][info][gc,heap        ] GC(719) PSYoungGen: 72135K(79872K)->1024K(79360K) Eden: 71015K(78336K)->0K(78336K) From: 1120K(1536K)->1024K(1024K)
[294.253s][info][gc,heap        ] GC(719) ParOldGen: 10351K(1398272K)->10711K(1398272K)
[294.253s][info][gc,metaspace   ] GC(719) Metaspace: 9961K(10304K)->9961K(10304K) NonClass: 8661K(8896K)->8661K(8896K) Class: 1300K(1408K)->1300K(1408K)
[294.253s][info][gc             ] GC(719) Pause Young (System.gc()) 80M->11M(1443M) 1.582ms
[294.253s][info][gc,cpu         ] GC(719) User=0.00s Sys=0.00s Real=0.00s
[294.253s][info][gc,start       ] GC(720) Pause Full (System.gc())
[294.253s][info][gc,phases,start] GC(720) Marking Phase
[294.270s][info][gc,phases      ] GC(720) Marking Phase 16.256ms
[294.270s][info][gc,phases,start] GC(720) Summary Phase
[294.270s][info][gc,phases      ] GC(720) Summary Phase 0.020ms
[294.270s][info][gc,phases,start] GC(720) Adjust Roots
[294.274s][info][gc,phases      ] GC(720) Adjust Roots 4.532ms
[294.274s][info][gc,phases,start] GC(720) Compaction Phase
[294.278s][info][gc,phases      ] GC(720) Compaction Phase 3.450ms
[294.278s][info][gc,phases,start] GC(720) Post Compact
[294.279s][info][gc,phases      ] GC(720) Post Compact 0.773ms
[294.279s][info][gc,heap        ] GC(720) PSYoungGen: 1024K(79360K)->0K(79360K) Eden: 0K(78336K)->0K(78336K) From: 1024K(1024K)->0K(1024K)
[294.279s][info][gc,heap        ] GC(720) ParOldGen: 10711K(1398272K)->4079K(1398272K)
[294.279s][info][gc,metaspace   ] GC(720) Metaspace: 9961K(10304K)->9961K(10304K) NonClass: 8661K(8896K)->8661K(8896K) Class: 1300K(1408K)->1300K(1408K)
[294.279s][info][gc             ] GC(720) Pause Full (System.gc()) 11M->3M(1443M) 25.289ms
[294.279s][info][gc,cpu         ] GC(720) User=1.03s Sys=0.00s Real=0.03s
[294.586s][info][gc,start       ] GC(721) Pause Young (Allocation Failure)
[294.588s][info][gc,heap        ] GC(721) PSYoungGen: 78336K(79360K)->1024K(79360K) Eden: 78336K(78336K)->0K(78336K) From: 0K(1024K)->1024K(1024K)
[294.588s][info][gc,heap        ] GC(721) ParOldGen: 4079K(1398272K)->4311K(1398272K)
[294.588s][info][gc,metaspace   ] GC(721) Metaspace: 9961K(10304K)->9961K(10304K) NonClass: 8661K(8896K)->8661K(8896K) Class: 1300K(1408K)->1300K(1408K)
[294.588s][info][gc             ] GC(721) Pause Young (Allocation Failure) 80M->5M(1443M) 1.293ms
[294.588s][info][gc,cpu         ] GC(721) User=0.00s Sys=0.00s Real=0.00s
[294.898s][info][gc,start       ] GC(722) Pause Young (Allocation Failure)
[294.900s][info][gc,heap        ] GC(722) PSYoungGen: 79360K(79360K)->1440K(79872K) Eden: 78336K(78336K)->0K(78336K) From: 1024K(1024K)->1440K(1536K)
[294.900s][info][gc,heap        ] GC(722) ParOldGen: 4311K(1398272K)->4831K(1398272K)
[294.900s][info][gc,metaspace   ] GC(722) Metaspace: 9961K(10304K)->9961K(10304K) NonClass: 8661K(8896K)->8661K(8896K) Class: 1300K(1408K)->1300K(1408K)
[294.900s][info][gc             ] GC(722) Pause Young (Allocation Failure) 81M->6M(1443M) 2.056ms
[294.900s][info][gc,cpu         ] GC(722) User=0.00s Sys=0.00s Real=0.00s
[295.205s][info][gc,start       ] GC(723) Pause Young (Allocation Failure)
[295.206s][info][gc,heap        ] GC(723) PSYoungGen: 79776K(79872K)->992K(79360K) Eden: 78336K(78336K)->0K(78336K) From: 1440K(1536K)->992K(1024K)
[295.206s][info][gc,heap        ] GC(723) ParOldGen: 4831K(1398272K)->5367K(1398272K)
[295.206s][info][gc,metaspace   ] GC(723) Metaspace: 9961K(10304K)->9961K(10304K) NonClass: 8661K(8896K)->8661K(8896K) Class: 1300K(1408K)->1300K(1408K)
[295.206s][info][gc             ] GC(723) Pause Young (Allocation Failure) 82M->6M(1443M) 1.177ms
[295.206s][info][gc,cpu         ] GC(723) User=0.00s Sys=0.00s Real=0.00s
[295.519s][info][gc,start       ] GC(724) Pause Young (Allocation Failure)
[295.520s][info][gc,heap        ] GC(724) PSYoungGen: 79328K(79360K)->1088K(79872K) Eden: 78336K(78336K)->0K(78336K) From: 992K(1024K)->1088K(1536K)
[295.520s][info][gc,heap        ] GC(724) ParOldGen: 5367K(1398272K)->5367K(1398272K)
[295.520s][info][gc,metaspace   ] GC(724) Metaspace: 9961K(10304K)->9961K(10304K) NonClass: 8661K(8896K)->8661K(8896K) Class: 1300K(1408K)->1300K(1408K)
[295.520s][info][gc             ] GC(724) Pause Young (Allocation Failure) 82M->6M(1443M) 1.407ms
[295.520s][info][gc,cpu         ] GC(724) User=0.11s Sys=0.05s Real=0.02s
[295.826s][info][gc,start       ] GC(725) Pause Young (Allocation Failure)
[295.827s][info][gc,heap        ] GC(725) PSYoungGen: 79424K(79872K)->960K(79360K) Eden: 78336K(78336K)->0K(78336K) From: 1088K(1536K)->960K(1024K)
[295.827s][info][gc,heap        ] GC(725) ParOldGen: 5367K(1398272K)->5855K(1398272K)
[295.827s][info][gc,metaspace   ] GC(725) Metaspace: 9961K(10304K)->9961K(10304K) NonClass: 8661K(8896K)->8661K(8896K) Class: 1300K(1408K)->1300K(1408K)
[295.827s][info][gc             ] GC(725) Pause Young (Allocation Failure) 82M->6M(1443M) 1.201ms
[295.827s][info][gc,cpu         ] GC(725) User=0.00s Sys=0.00s Real=0.00s
[296.130s][info][gc,start       ] GC(726) Pause Young (Allocation Failure)
[296.131s][info][gc,heap        ] GC(726) PSYoungGen: 79296K(79360K)->1056K(79872K) Eden: 78336K(78336K)->0K(78336K) From: 960K(1024K)->1056K(1536K)
[296.131s][info][gc,heap        ] GC(726) ParOldGen: 5855K(1398272K)->5855K(1398272K)
[296.131s][info][gc,metaspace   ] GC(726) Metaspace: 9961K(10304K)->9961K(10304K) NonClass: 8661K(8896K)->8661K(8896K) Class: 1300K(1408K)->1300K(1408K)
[296.131s][info][gc             ] GC(726) Pause Young (Allocation Failure) 83M->6M(1443M) 1.257ms
[296.131s][info][gc,cpu         ] GC(726) User=0.00s Sys=0.00s Real=0.00s
[296.445s][info][gc,start       ] GC(727) Pause Young (Allocation Failure)
[296.446s][info][gc,heap        ] GC(727) PSYoungGen: 79392K(79872K)->1024K(79360K) Eden: 78336K(78336K)->0K(78336K) From: 1056K(1536K)->1024K(1024K)
[296.446s][info][gc,heap        ] GC(727) ParOldGen: 5855K(1398272K)->5871K(1398272K)
[296.446s][info][gc,metaspace   ] GC(727) Metaspace: 9961K(10304K)->9961K(10304K) NonClass: 8661K(8896K)->8661K(8896K) Class: 1300K(1408K)->1300K(1408K)
[296.446s][info][gc             ] GC(727) Pause Young (Allocation Failure) 83M->6M(1443M) 1.052ms
[296.446s][info][gc,cpu         ] GC(727) User=0.00s Sys=0.00s Real=0.00s
[296.755s][info][gc,start       ] GC(728) Pause Young (Allocation Failure)
[296.756s][info][gc,heap        ] GC(728) PSYoungGen: 79360K(79360K)->1024K(79360K) Eden: 78336K(78336K)->0K(78336K) From: 1024K(1024K)->1024K(1024K)
[296.756s][info][gc,heap        ] GC(728) ParOldGen: 5871K(1398272K)->6175K(1398272K)
[296.756s][info][gc,metaspace   ] GC(728) Metaspace: 9961K(10304K)->9961K(10304K) NonClass: 8661K(8896K)->8661K(8896K) Class: 1300K(1408K)->1300K(1408K)
[296.756s][info][gc             ] GC(728) Pause Young (Allocation Failure) 83M->7M(1443M) 1.366ms
[296.756s][info][gc,cpu         ] GC(728) User=0.00s Sys=0.00s Real=0.00s
[297.063s][info][gc,start       ] GC(729) Pause Young (Allocation Failure)
[297.064s][info][gc,heap        ] GC(729) PSYoungGen: 79360K(79360K)->1056K(79872K) Eden: 78336K(78336K)->0K(78336K) From: 1024K(1024K)->1056K(1536K)
[297.064s][info][gc,heap        ] GC(729) ParOldGen: 6175K(1398272K)->6287K(1398272K)
[297.064s][info][gc,metaspace   ] GC(729) Metaspace: 9961K(10304K)->9961K(10304K) NonClass: 8661K(8896K)->8661K(8896K) Class: 1300K(1408K)->1300K(1408K)
[297.065s][info][gc             ] GC(729) Pause Young (Allocation Failure) 83M->7M(1443M) 1.047ms
[297.065s][info][gc,cpu         ] GC(729) User=0.00s Sys=0.00s Real=0.00s
[297.371s][info][gc,start       ] GC(730) Pause Young (Allocation Failure)
[297.373s][info][gc,heap        ] GC(730) PSYoungGen: 79392K(79872K)->1056K(79872K) Eden: 78336K(78336K)->0K(78336K) From: 1056K(1536K)->1056K(1536K)
[297.373s][info][gc,heap        ] GC(730) ParOldGen: 6287K(1398272K)->6407K(1398272K)
[297.373s][info][gc,metaspace   ] GC(730) Metaspace: 9961K(10304K)->9961K(10304K) NonClass: 8661K(8896K)->8661K(8896K) Class: 1300K(1408K)->1300K(1408K)
[297.373s][info][gc             ] GC(730) Pause Young (Allocation Failure) 83M->7M(1443M) 1.715ms
[297.373s][info][gc,cpu         ] GC(730) User=0.00s Sys=0.00s Real=0.00s
[297.684s][info][gc,start       ] GC(731) Pause Young (Allocation Failure)
[297.685s][info][gc,heap        ] GC(731) PSYoungGen: 79392K(79872K)->512K(78848K) Eden: 78336K(78336K)->0K(78336K) From: 1056K(1536K)->512K(512K)
[297.685s][info][gc,heap        ] GC(731) ParOldGen: 6407K(1398272K)->6871K(1398272K)
[297.685s][info][gc,metaspace   ] GC(731) Metaspace: 9961K(10304K)->9961K(10304K) NonClass: 8661K(8896K)->8661K(8896K) Class: 1300K(1408K)->1300K(1408K)
[297.685s][info][gc             ] GC(731) Pause Young (Allocation Failure) 83M->7M(1442M) 1.089ms
[297.686s][info][gc,cpu         ] GC(731) User=0.00s Sys=0.00s Real=0.00s
[297.999s][info][gc,start       ] GC(732) Pause Young (Allocation Failure)
[298.000s][info][gc,heap        ] GC(732) PSYoungGen: 78848K(78848K)->1120K(79872K) Eden: 78336K(78336K)->0K(78336K) From: 512K(512K)->1120K(1536K)
[298.000s][info][gc,heap        ] GC(732) ParOldGen: 6871K(1398272K)->7223K(1398272K)
[298.000s][info][gc,metaspace   ] GC(732) Metaspace: 9961K(10304K)->9961K(10304K) NonClass: 8661K(8896K)->8661K(8896K) Class: 1300K(1408K)->1300K(1408K)
[298.000s][info][gc             ] GC(732) Pause Young (Allocation Failure) 83M->8M(1443M) 1.189ms
[298.000s][info][gc,cpu         ] GC(732) User=0.00s Sys=0.00s Real=0.00s
[298.314s][info][gc,start       ] GC(733) Pause Young (Allocation Failure)
[298.315s][info][gc,heap        ] GC(733) PSYoungGen: 79456K(79872K)->1056K(79872K) Eden: 78336K(78336K)->0K(78336K) From: 1120K(1536K)->1056K(1536K)
[298.315s][info][gc,heap        ] GC(733) ParOldGen: 7223K(1398272K)->7575K(1398272K)
[298.316s][info][gc,metaspace   ] GC(733) Metaspace: 9961K(10304K)->9961K(10304K) NonClass: 8661K(8896K)->8661K(8896K) Class: 1300K(1408K)->1300K(1408K)
[298.316s][info][gc             ] GC(733) Pause Young (Allocation Failure) 84M->8M(1443M) 1.141ms
[298.316s][info][gc,cpu         ] GC(733) User=0.52s Sys=0.00s Real=0.02s
[298.631s][info][gc,start       ] GC(734) Pause Young (Allocation Failure)
[298.632s][info][gc,heap        ] GC(734) PSYoungGen: 79392K(79872K)->1024K(79360K) Eden: 78336K(78336K)->0K(78336K) From: 1056K(1536K)->1024K(1024K)
[298.632s][info][gc,heap        ] GC(734) ParOldGen: 7575K(1398272K)->7927K(1398272K)
[298.633s][info][gc,metaspace   ] GC(734) Metaspace: 9961K(10304K)->9961K(10304K) NonClass: 8661K(8896K)->8661K(8896K) Class: 1300K(1408K)->1300K(1408K)
[298.633s][info][gc             ] GC(734) Pause Young (Allocation Failure) 84M->8M(1443M) 1.760ms
[298.633s][info][gc,cpu         ] GC(734) User=0.00s Sys=0.00s Real=0.00s
[298.936s][info][gc,start       ] GC(735) Pause Young (Allocation Failure)
[298.937s][info][gc,heap        ] GC(735) PSYoungGen: 79360K(79360K)->1024K(79360K) Eden: 78336K(78336K)->0K(78336K) From: 1024K(1024K)->1024K(1024K)
[298.937s][info][gc,heap        ] GC(735) ParOldGen: 7927K(1398272K)->7943K(1398272K)
[298.937s][info][gc,metaspace   ] GC(735) Metaspace: 9961K(10304K)->9961K(10304K) NonClass: 8661K(8896K)->8661K(8896K) Class: 1300K(1408K)->1300K(1408K)
[298.937s][info][gc             ] GC(735) Pause Young (Allocation Failure) 85M->8M(1443M) 1.013ms
[298.937s][info][gc,cpu         ] GC(735) User=0.00s Sys=0.00s Real=0.00s
[299.249s][info][gc,start       ] GC(736) Pause Young (Allocation Failure)
[299.250s][info][gc,heap        ] GC(736) PSYoungGen: 79360K(79360K)->1024K(79360K) Eden: 78336K(78336K)->0K(78336K) From: 1024K(1024K)->1024K(1024K)
[299.250s][info][gc,heap        ] GC(736) ParOldGen: 7943K(1398272K)->8167K(1398272K)
[299.250s][info][gc,metaspace   ] GC(736) Metaspace: 9961K(10304K)->9961K(10304K) NonClass: 8661K(8896K)->8661K(8896K) Class: 1300K(1408K)->1300K(1408K)
[299.250s][info][gc             ] GC(736) Pause Young (Allocation Failure) 85M->8M(1443M) 1.349ms
[299.250s][info][gc,cpu         ] GC(736) User=0.00s Sys=0.00s Real=0.00s
[299.552s][info][gc,start       ] GC(737) Pause Young (Allocation Failure)
[299.553s][info][gc,heap        ] GC(737) PSYoungGen: 79360K(79360K)->1056K(79872K) Eden: 78336K(78336K)->0K(78336K) From: 1024K(1024K)->1056K(1536K)
[299.553s][info][gc,heap        ] GC(737) ParOldGen: 8167K(1398272K)->8167K(1398272K)
[299.553s][info][gc,metaspace   ] GC(737) Metaspace: 9961K(10304K)->9961K(10304K) NonClass: 8661K(8896K)->8661K(8896K) Class: 1300K(1408K)->1300K(1408K)
[299.553s][info][gc             ] GC(737) Pause Young (Allocation Failure) 85M->9M(1443M) 1.141ms
[299.553s][info][gc,cpu         ] GC(737) User=0.00s Sys=0.00s Real=0.00s
[299.868s][info][gc,start       ] GC(738) Pause Young (Allocation Failure)
[299.869s][info][gc,heap        ] GC(738) PSYoungGen: 79392K(79872K)->1088K(79872K) Eden: 78336K(78336K)->0K(78336K) From: 1056K(1536K)->1088K(1536K)
[299.869s][info][gc,heap        ] GC(738) ParOldGen: 8167K(1398272K)->8287K(1398272K)
[299.869s][info][gc,metaspace   ] GC(738) Metaspace: 9961K(10304K)->9961K(10304K) NonClass: 8661K(8896K)->8661K(8896K) Class: 1300K(1408K)->1300K(1408K)
[299.869s][info][gc             ] GC(738) Pause Young (Allocation Failure) 85M->9M(1443M) 1.310ms
[299.869s][info][gc,cpu         ] GC(738) User=0.00s Sys=0.00s Real=0.00s
[300.182s][info][gc,start       ] GC(739) Pause Young (Allocation Failure)
[300.183s][info][gc,heap        ] GC(739) PSYoungGen: 79424K(79872K)->512K(78848K) Eden: 78336K(78336K)->0K(78336K) From: 1088K(1536K)->512K(512K)
[300.183s][info][gc,heap        ] GC(739) ParOldGen: 8287K(1398272K)->8759K(1398272K)
[300.183s][info][gc,metaspace   ] GC(739) Metaspace: 9961K(10304K)->9961K(10304K) NonClass: 8661K(8896K)->8661K(8896K) Class: 1300K(1408K)->1300K(1408K)
[300.183s][info][gc             ] GC(739) Pause Young (Allocation Failure) 85M->9M(1442M) 1.163ms
[300.183s][info][gc,cpu         ] GC(739) User=0.00s Sys=0.00s Real=0.00s
[300.497s][info][gc,start       ] GC(740) Pause Young (Allocation Failure)
[300.499s][info][gc,heap        ] GC(740) PSYoungGen: 78848K(78848K)->1088K(79872K) Eden: 78336K(78336K)->0K(78336K) From: 512K(512K)->1088K(1536K)
[300.499s][info][gc,heap        ] GC(740) ParOldGen: 8759K(1398272K)->9135K(1398272K)
[300.499s][info][gc,metaspace   ] GC(740) Metaspace: 9961K(10304K)->9961K(10304K) NonClass: 8661K(8896K)->8661K(8896K) Class: 1300K(1408K)->1300K(1408K)
[300.499s][info][gc             ] GC(740) Pause Young (Allocation Failure) 85M->9M(1443M) 1.607ms
[300.499s][info][gc,cpu         ] GC(740) User=0.44s Sys=0.02s Real=0.01s
[300.791s][info][gc,start       ] GC(741) Pause Young (System.gc())
[300.792s][info][gc,heap        ] GC(741) PSYoungGen: 75881K(79872K)->1056K(79872K) Eden: 74793K(78336K)->0K(78336K) From: 1088K(1536K)->1056K(1536K)
[300.792s][info][gc,heap        ] GC(741) ParOldGen: 9135K(1398272K)->9319K(1398272K)
[300.792s][info][gc,metaspace   ] GC(741) Metaspace: 9961K(10304K)->9961K(10304K) NonClass: 8661K(8896K)->8661K(8896K) Class: 1300K(1408K)->1300K(1408K)
[300.792s][info][gc             ] GC(741) Pause Young (System.gc()) 83M->10M(1443M) 1.001ms
[300.792s][info][gc,cpu         ] GC(741) User=0.00s Sys=0.00s Real=0.00s
[300.793s][info][gc,start       ] GC(742) Pause Full (System.gc())
[300.793s][info][gc,phases,start] GC(742) Marking Phase
[300.809s][info][gc,phases      ] GC(742) Marking Phase 16.001ms
[300.809s][info][gc,phases,start] GC(742) Summary Phase
[300.809s][info][gc,phases      ] GC(742) Summary Phase 0.022ms
[300.809s][info][gc,phases,start] GC(742) Adjust Roots
[300.813s][info][gc,phases      ] GC(742) Adjust Roots 4.567ms
[300.813s][info][gc,phases,start] GC(742) Compaction Phase
[300.817s][info][gc,phases      ] GC(742) Compaction Phase 3.597ms
[300.817s][info][gc,phases,start] GC(742) Post Compact
[300.818s][info][gc,phases      ] GC(742) Post Compact 0.739ms
[300.818s][info][gc,heap        ] GC(742) PSYoungGen: 1056K(79872K)->0K(79872K) Eden: 0K(78336K)->0K(78336K) From: 1056K(1536K)->0K(1536K)
[300.818s][info][gc,heap        ] GC(742) ParOldGen: 9319K(1398272K)->4079K(1398272K)
[300.818s][info][gc,metaspace   ] GC(742) Metaspace: 9961K(10304K)->9961K(10304K) NonClass: 8661K(8896K)->8661K(8896K) Class: 1300K(1408K)->1300K(1408K)
[300.818s][info][gc             ] GC(742) Pause Full (System.gc()) 10M->3M(1443M) 25.187ms
[300.818s][info][gc,cpu         ] GC(742) User=0.53s Sys=0.00s Real=0.04s
[301.126s][info][gc,start       ] GC(743) Pause Young (Allocation Failure)
[301.128s][info][gc,heap        ] GC(743) PSYoungGen: 78336K(79872K)->1536K(79872K) Eden: 78336K(78336K)->0K(78336K) From: 0K(1536K)->1536K(1536K)
[301.128s][info][gc,heap        ] GC(743) ParOldGen: 4079K(1398272K)->4175K(1398272K)
[301.128s][info][gc,metaspace   ] GC(743) Metaspace: 9961K(10304K)->9961K(10304K) NonClass: 8661K(8896K)->8661K(8896K) Class: 1300K(1408K)->1300K(1408K)
[301.128s][info][gc             ] GC(743) Pause Young (Allocation Failure) 80M->5M(1443M) 1.564ms
[301.128s][info][gc,cpu         ] GC(743) User=0.00s Sys=0.00s Real=0.00s
[301.439s][info][gc,start       ] GC(744) Pause Young (Allocation Failure)
[301.440s][info][gc,heap        ] GC(744) PSYoungGen: 79872K(79872K)->512K(78848K) Eden: 78336K(78336K)->0K(78336K) From: 1536K(1536K)->512K(512K)
[301.440s][info][gc,heap        ] GC(744) ParOldGen: 4175K(1398272K)->5263K(1398272K)
[301.440s][info][gc,metaspace   ] GC(744) Metaspace: 9961K(10304K)->9961K(10304K) NonClass: 8661K(8896K)->8661K(8896K) Class: 1300K(1408K)->1300K(1408K)
[301.440s][info][gc             ] GC(744) Pause Young (Allocation Failure) 82M->5M(1442M) 1.556ms
[301.441s][info][gc,cpu         ] GC(744) User=0.00s Sys=0.00s Real=0.00s
[301.752s][info][gc,start       ] GC(745) Pause Young (Allocation Failure)
[301.753s][info][gc,heap        ] GC(745) PSYoungGen: 78848K(78848K)->1696K(80384K) Eden: 78336K(78336K)->0K(78336K) From: 512K(512K)->1696K(2048K)
[301.753s][info][gc,heap        ] GC(745) ParOldGen: 5263K(1398272K)->5599K(1398272K)
[301.753s][info][gc,metaspace   ] GC(745) Metaspace: 9961K(10304K)->9961K(10304K) NonClass: 8661K(8896K)->8661K(8896K) Class: 1300K(1408K)->1300K(1408K)
[301.753s][info][gc             ] GC(745) Pause Young (Allocation Failure) 82M->7M(1444M) 1.296ms
[301.753s][info][gc,cpu         ] GC(745) User=0.00s Sys=0.00s Real=0.00s
[302.064s][info][gc,start       ] GC(746) Pause Young (Allocation Failure)
[302.065s][info][gc,heap        ] GC(746) PSYoungGen: 80032K(80384K)->928K(79360K) Eden: 78336K(78336K)->0K(78336K) From: 1696K(2048K)->928K(1024K)
[302.065s][info][gc,heap        ] GC(746) ParOldGen: 5599K(1398272K)->6343K(1398272K)
[302.065s][info][gc,metaspace   ] GC(746) Metaspace: 9961K(10304K)->9961K(10304K) NonClass: 8661K(8896K)->8661K(8896K) Class: 1300K(1408K)->1300K(1408K)
[302.066s][info][gc             ] GC(746) Pause Young (Allocation Failure) 83M->7M(1443M) 1.542ms
[302.066s][info][gc,cpu         ] GC(746) User=0.00s Sys=0.00s Real=0.00s
[302.372s][info][gc,start       ] GC(747) Pause Young (Allocation Failure)
[302.373s][info][gc,heap        ] GC(747) PSYoungGen: 79264K(79360K)->1056K(79872K) Eden: 78336K(78336K)->0K(78336K) From: 928K(1024K)->1056K(1536K)
[302.373s][info][gc,heap        ] GC(747) ParOldGen: 6343K(1398272K)->6343K(1398272K)
[302.373s][info][gc,metaspace   ] GC(747) Metaspace: 9961K(10304K)->9961K(10304K) NonClass: 8661K(8896K)->8661K(8896K) Class: 1300K(1408K)->1300K(1408K)
[302.373s][info][gc             ] GC(747) Pause Young (Allocation Failure) 83M->7M(1443M) 1.187ms
[302.373s][info][gc,cpu         ] GC(747) User=0.00s Sys=0.00s Real=0.00s
[302.676s][info][gc,start       ] GC(748) Pause Young (Allocation Failure)
[302.677s][info][gc,heap        ] GC(748) PSYoungGen: 79392K(79872K)->1056K(79872K) Eden: 78336K(78336K)->0K(78336K) From: 1056K(1536K)->1056K(1536K)
[302.678s][info][gc,heap        ] GC(748) ParOldGen: 6343K(1398272K)->6359K(1398272K)
[302.678s][info][gc,metaspace   ] GC(748) Metaspace: 9961K(10304K)->9961K(10304K) NonClass: 8661K(8896K)->8661K(8896K) Class: 1300K(1408K)->1300K(1408K)
[302.678s][info][gc             ] GC(748) Pause Young (Allocation Failure) 83M->7M(1443M) 1.270ms
[302.678s][info][gc,cpu         ] GC(748) User=0.00s Sys=0.00s Real=0.00s
[302.975s][info][gc,start       ] GC(749) Pause Young (Allocation Failure)
[302.976s][info][gc,heap        ] GC(749) PSYoungGen: 79392K(79872K)->992K(79360K) Eden: 78336K(78336K)->0K(78336K) From: 1056K(1536K)->992K(1024K)
[302.976s][info][gc,heap        ] GC(749) ParOldGen: 6359K(1398272K)->6727K(1398272K)
[302.976s][info][gc,metaspace   ] GC(749) Metaspace: 9961K(10304K)->9961K(10304K) NonClass: 8661K(8896K)->8661K(8896K) Class: 1300K(1408K)->1300K(1408K)
[302.976s][info][gc             ] GC(749) Pause Young (Allocation Failure) 83M->7M(1443M) 1.404ms
[302.976s][info][gc,cpu         ] GC(749) User=0.00s Sys=0.00s Real=0.00s
[303.279s][info][gc,start       ] GC(750) Pause Young (Allocation Failure)
[303.280s][info][gc,heap        ] GC(750) PSYoungGen: 79328K(79360K)->1056K(79872K) Eden: 78336K(78336K)->0K(78336K) From: 992K(1024K)->1056K(1536K)
[303.280s][info][gc,heap        ] GC(750) ParOldGen: 6727K(1398272K)->6727K(1398272K)
[303.280s][info][gc,metaspace   ] GC(750) Metaspace: 9961K(10304K)->9961K(10304K) NonClass: 8661K(8896K)->8661K(8896K) Class: 1300K(1408K)->1300K(1408K)
[303.281s][info][gc             ] GC(750) Pause Young (Allocation Failure) 84M->7M(1443M) 1.175ms
[303.281s][info][gc,cpu         ] GC(750) User=0.00s Sys=0.00s Real=0.00s
[303.588s][info][gc,start       ] GC(751) Pause Young (Allocation Failure)
[303.589s][info][gc,heap        ] GC(751) PSYoungGen: 79392K(79872K)->1056K(79872K) Eden: 78336K(78336K)->0K(78336K) From: 1056K(1536K)->1056K(1536K)
[303.589s][info][gc,heap        ] GC(751) ParOldGen: 6727K(1398272K)->6743K(1398272K)
[303.589s][info][gc,metaspace   ] GC(751) Metaspace: 9961K(10304K)->9961K(10304K) NonClass: 8661K(8896K)->8661K(8896K) Class: 1300K(1408K)->1300K(1408K)
[303.590s][info][gc             ] GC(751) Pause Young (Allocation Failure) 84M->7M(1443M) 1.375ms
[303.590s][info][gc,cpu         ] GC(751) User=0.00s Sys=0.00s Real=0.00s
[303.892s][info][gc,start       ] GC(752) Pause Young (Allocation Failure)
[303.893s][info][gc,heap        ] GC(752) PSYoungGen: 79392K(79872K)->1056K(79872K) Eden: 78336K(78336K)->0K(78336K) From: 1056K(1536K)->1056K(1536K)
[303.893s][info][gc,heap        ] GC(752) ParOldGen: 6743K(1398272K)->7095K(1398272K)
[303.893s][info][gc,metaspace   ] GC(752) Metaspace: 9961K(10304K)->9961K(10304K) NonClass: 8661K(8896K)->8661K(8896K) Class: 1300K(1408K)->1300K(1408K)
[303.893s][info][gc             ] GC(752) Pause Young (Allocation Failure) 84M->7M(1443M) 1.213ms
[303.893s][info][gc,cpu         ] GC(752) User=0.00s Sys=0.00s Real=0.00s
[304.195s][info][gc,start       ] GC(753) Pause Young (Allocation Failure)
[304.197s][info][gc,heap        ] GC(753) PSYoungGen: 79392K(79872K)->1056K(79872K) Eden: 78336K(78336K)->0K(78336K) From: 1056K(1536K)->1056K(1536K)
[304.209s][info][gc,heap        ] GC(753) ParOldGen: 7095K(1398272K)->7095K(1398272K)
[304.221s][info][gc,metaspace   ] GC(753) Metaspace: 9961K(10304K)->9961K(10304K) NonClass: 8661K(8896K)->8661K(8896K) Class: 1300K(1408K)->1300K(1408K)
[304.221s][info][gc             ] GC(753) Pause Young (Allocation Failure) 84M->7M(1443M) 25.223ms
[304.221s][info][gc,cpu         ] GC(753) User=0.02s Sys=0.00s Real=0.03s
[304.518s][info][gc,start       ] GC(754) Pause Young (Allocation Failure)
[304.519s][info][gc,heap        ] GC(754) PSYoungGen: 79392K(79872K)->512K(78848K) Eden: 78336K(78336K)->0K(78336K) From: 1056K(1536K)->512K(512K)
[304.519s][info][gc,heap        ] GC(754) ParOldGen: 7095K(1398272K)->7679K(1398272K)
[304.519s][info][gc,metaspace   ] GC(754) Metaspace: 9961K(10304K)->9961K(10304K) NonClass: 8661K(8896K)->8661K(8896K) Class: 1300K(1408K)->1300K(1408K)
[304.519s][info][gc             ] GC(754) Pause Young (Allocation Failure) 84M->7M(1442M) 1.247ms
[304.519s][info][gc,cpu         ] GC(754) User=0.00s Sys=0.00s Real=0.00s
[304.828s][info][gc,start       ] GC(755) Pause Young (Allocation Failure)
[304.830s][info][gc,heap        ] GC(755) PSYoungGen: 78848K(78848K)->1024K(79872K) Eden: 78336K(78336K)->0K(78336K) From: 512K(512K)->1024K(1536K)
[304.830s][info][gc,heap        ] GC(755) ParOldGen: 7679K(1398272K)->8175K(1398272K)
[304.830s][info][gc,metaspace   ] GC(755) Metaspace: 9961K(10304K)->9961K(10304K) NonClass: 8661K(8896K)->8661K(8896K) Class: 1300K(1408K)->1300K(1408K)
[304.830s][info][gc             ] GC(755) Pause Young (Allocation Failure) 84M->8M(1443M) 1.448ms
[304.830s][info][gc,cpu         ] GC(755) User=0.00s Sys=0.00s Real=0.00s
[305.133s][info][gc,start       ] GC(756) Pause Young (Allocation Failure)
[305.134s][info][gc,heap        ] GC(756) PSYoungGen: 79360K(79872K)->1056K(79872K) Eden: 78336K(78336K)->0K(78336K) From: 1024K(1536K)->1056K(1536K)
[305.134s][info][gc,heap        ] GC(756) ParOldGen: 8175K(1398272K)->8327K(1398272K)
[305.134s][info][gc,metaspace   ] GC(756) Metaspace: 9961K(10304K)->9961K(10304K) NonClass: 8661K(8896K)->8661K(8896K) Class: 1300K(1408K)->1300K(1408K)
[305.134s][info][gc             ] GC(756) Pause Young (Allocation Failure) 85M->9M(1443M) 1.078ms
[305.134s][info][gc,cpu         ] GC(756) User=0.00s Sys=0.00s Real=0.00s
[305.436s][info][gc,start       ] GC(757) Pause Young (Allocation Failure)
[305.437s][info][gc,heap        ] GC(757) PSYoungGen: 79392K(79872K)->1056K(79872K) Eden: 78336K(78336K)->0K(78336K) From: 1056K(1536K)->1056K(1536K)
[305.438s][info][gc,heap        ] GC(757) ParOldGen: 8327K(1398272K)->8327K(1398272K)
[305.438s][info][gc,metaspace   ] GC(757) Metaspace: 9961K(10304K)->9961K(10304K) NonClass: 8661K(8896K)->8661K(8896K) Class: 1300K(1408K)->1300K(1408K)
[305.438s][info][gc             ] GC(757) Pause Young (Allocation Failure) 85M->9M(1443M) 1.441ms
[305.438s][info][gc,cpu         ] GC(757) User=0.00s Sys=0.00s Real=0.00s
[305.740s][info][gc,start       ] GC(758) Pause Young (Allocation Failure)
[305.741s][info][gc,heap        ] GC(758) PSYoungGen: 79392K(79872K)->512K(78848K) Eden: 78336K(78336K)->0K(78336K) From: 1056K(1536K)->512K(512K)
[305.741s][info][gc,heap        ] GC(758) ParOldGen: 8327K(1398272K)->8687K(1398272K)
[305.741s][info][gc,metaspace   ] GC(758) Metaspace: 9961K(10304K)->9961K(10304K) NonClass: 8661K(8896K)->8661K(8896K) Class: 1300K(1408K)->1300K(1408K)
[305.741s][info][gc             ] GC(758) Pause Young (Allocation Failure) 85M->8M(1442M) 1.266ms
[305.741s][info][gc,cpu         ] GC(758) User=0.00s Sys=0.00s Real=0.00s
[306.039s][info][gc,start       ] GC(759) Pause Young (Allocation Failure)
[306.041s][info][gc,heap        ] GC(759) PSYoungGen: 78848K(78848K)->928K(79872K) Eden: 78336K(78336K)->0K(78336K) From: 512K(512K)->928K(1536K)
[306.041s][info][gc,heap        ] GC(759) ParOldGen: 8687K(1398272K)->9215K(1398272K)
[306.041s][info][gc,metaspace   ] GC(759) Metaspace: 9961K(10304K)->9961K(10304K) NonClass: 8661K(8896K)->8661K(8896K) Class: 1300K(1408K)->1300K(1408K)
[306.041s][info][gc             ] GC(759) Pause Young (Allocation Failure) 85M->9M(1443M) 1.822ms
[306.041s][info][gc,cpu         ] GC(759) User=0.00s Sys=0.00s Real=0.00s
[306.342s][info][gc,start       ] GC(760) Pause Young (Allocation Failure)
[306.343s][info][gc,heap        ] GC(760) PSYoungGen: 79264K(79872K)->1056K(79872K) Eden: 78336K(78336K)->0K(78336K) From: 928K(1536K)->1056K(1536K)
[306.343s][info][gc,heap        ] GC(760) ParOldGen: 9215K(1398272K)->9295K(1398272K)
[306.343s][info][gc,metaspace   ] GC(760) Metaspace: 9961K(10304K)->9961K(10304K) NonClass: 8661K(8896K)->8661K(8896K) Class: 1300K(1408K)->1300K(1408K)
[306.343s][info][gc             ] GC(760) Pause Young (Allocation Failure) 86M->10M(1443M) 1.054ms
[306.343s][info][gc,cpu         ] GC(760) User=0.00s Sys=0.00s Real=0.00s
[306.650s][info][gc,start       ] GC(761) Pause Young (Allocation Failure)
[306.651s][info][gc,heap        ] GC(761) PSYoungGen: 79392K(79872K)->1056K(79872K) Eden: 78336K(78336K)->0K(78336K) From: 1056K(1536K)->1056K(1536K)
[306.651s][info][gc,heap        ] GC(761) ParOldGen: 9295K(1398272K)->9295K(1398272K)
[306.651s][info][gc,metaspace   ] GC(761) Metaspace: 9961K(10304K)->9961K(10304K) NonClass: 8661K(8896K)->8661K(8896K) Class: 1300K(1408K)->1300K(1408K)
[306.651s][info][gc             ] GC(761) Pause Young (Allocation Failure) 86M->10M(1443M) 1.381ms
[306.652s][info][gc,cpu         ] GC(761) User=0.00s Sys=0.00s Real=0.00s
[306.966s][info][gc,start       ] GC(762) Pause Young (Allocation Failure)
[306.967s][info][gc,heap        ] GC(762) PSYoungGen: 79392K(79872K)->512K(78848K) Eden: 78336K(78336K)->0K(78336K) From: 1056K(1536K)->512K(512K)
[306.967s][info][gc,heap        ] GC(762) ParOldGen: 9295K(1398272K)->9543K(1398272K)
[306.967s][info][gc,metaspace   ] GC(762) Metaspace: 9961K(10304K)->9961K(10304K) NonClass: 8661K(8896K)->8661K(8896K) Class: 1300K(1408K)->1300K(1408K)
[306.967s][info][gc             ] GC(762) Pause Young (Allocation Failure) 86M->9M(1442M) 1.079ms
[306.967s][info][gc,cpu         ] GC(762) User=0.00s Sys=0.00s Real=0.00s
[307.258s][info][gc,start       ] GC(763) Pause Young (System.gc())
[307.260s][info][gc,heap        ] GC(763) PSYoungGen: 76032K(78848K)->960K(79872K) Eden: 75520K(78336K)->0K(78336K) From: 512K(512K)->960K(1536K)
[307.260s][info][gc,heap        ] GC(763) ParOldGen: 9543K(1398272K)->9927K(1398272K)
[307.260s][info][gc,metaspace   ] GC(763) Metaspace: 9961K(10304K)->9961K(10304K) NonClass: 8661K(8896K)->8661K(8896K) Class: 1300K(1408K)->1300K(1408K)
[307.260s][info][gc             ] GC(763) Pause Young (System.gc()) 83M->10M(1443M) 1.870ms
[307.260s][info][gc,cpu         ] GC(763) User=0.00s Sys=0.00s Real=0.00s
[307.260s][info][gc,start       ] GC(764) Pause Full (System.gc())
[307.260s][info][gc,phases,start] GC(764) Marking Phase
[307.276s][info][gc,phases      ] GC(764) Marking Phase 15.472ms
[307.276s][info][gc,phases,start] GC(764) Summary Phase
[307.276s][info][gc,phases      ] GC(764) Summary Phase 0.021ms
[307.276s][info][gc,phases,start] GC(764) Adjust Roots
[307.280s][info][gc,phases      ] GC(764) Adjust Roots 4.029ms
[307.280s][info][gc,phases,start] GC(764) Compaction Phase
[307.283s][info][gc,phases      ] GC(764) Compaction Phase 3.397ms
[307.283s][info][gc,phases,start] GC(764) Post Compact
[307.284s][info][gc,phases      ] GC(764) Post Compact 0.596ms
[307.284s][info][gc,heap        ] GC(764) PSYoungGen: 960K(79872K)->0K(79872K) Eden: 0K(78336K)->0K(78336K) From: 960K(1536K)->0K(1536K)
[307.284s][info][gc,heap        ] GC(764) ParOldGen: 9927K(1398272K)->4079K(1398272K)
[307.284s][info][gc,metaspace   ] GC(764) Metaspace: 9961K(10304K)->9961K(10304K) NonClass: 8661K(8896K)->8661K(8896K) Class: 1300K(1408K)->1300K(1408K)
[307.284s][info][gc             ] GC(764) Pause Full (System.gc()) 10M->3M(1443M) 23.795ms
[307.284s][info][gc,cpu         ] GC(764) User=0.89s Sys=0.00s Real=0.03s
[307.592s][info][gc,start       ] GC(765) Pause Young (Allocation Failure)
[307.593s][info][gc,heap        ] GC(765) PSYoungGen: 78336K(79872K)->1536K(79872K) Eden: 78336K(78336K)->0K(78336K) From: 0K(1536K)->1536K(1536K)
[307.594s][info][gc,heap        ] GC(765) ParOldGen: 4079K(1398272K)->4167K(1398272K)
[307.594s][info][gc,metaspace   ] GC(765) Metaspace: 9961K(10304K)->9961K(10304K) NonClass: 8661K(8896K)->8661K(8896K) Class: 1300K(1408K)->1300K(1408K)
[307.594s][info][gc             ] GC(765) Pause Young (Allocation Failure) 80M->5M(1443M) 1.280ms
[307.594s][info][gc,cpu         ] GC(765) User=0.00s Sys=0.00s Real=0.00s
[307.899s][info][gc,start       ] GC(766) Pause Young (Allocation Failure)
[307.901s][info][gc,heap        ] GC(766) PSYoungGen: 79872K(79872K)->1152K(79872K) Eden: 78336K(78336K)->0K(78336K) From: 1536K(1536K)->1152K(1536K)
[307.901s][info][gc,heap        ] GC(766) ParOldGen: 4167K(1398272K)->4903K(1398272K)
[307.901s][info][gc,metaspace   ] GC(766) Metaspace: 9961K(10304K)->9961K(10304K) NonClass: 8661K(8896K)->8661K(8896K) Class: 1300K(1408K)->1300K(1408K)
[307.901s][info][gc             ] GC(766) Pause Young (Allocation Failure) 82M->5M(1443M) 1.713ms
[307.901s][info][gc,cpu         ] GC(766) User=0.00s Sys=0.00s Real=0.00s
[308.214s][info][gc,start       ] GC(767) Pause Young (Allocation Failure)
[308.215s][info][gc,heap        ] GC(767) PSYoungGen: 79488K(79872K)->512K(78848K) Eden: 78336K(78336K)->0K(78336K) From: 1152K(1536K)->512K(512K)
[308.215s][info][gc,heap        ] GC(767) ParOldGen: 4903K(1398272K)->5607K(1398272K)
[308.215s][info][gc,metaspace   ] GC(767) Metaspace: 9961K(10304K)->9961K(10304K) NonClass: 8661K(8896K)->8661K(8896K) Class: 1300K(1408K)->1300K(1408K)
[308.215s][info][gc             ] GC(767) Pause Young (Allocation Failure) 82M->5M(1442M) 1.314ms
[308.215s][info][gc,cpu         ] GC(767) User=0.00s Sys=0.00s Real=0.00s
[308.522s][info][gc,start       ] GC(768) Pause Young (Allocation Failure)
[308.534s][info][gc,heap        ] GC(768) PSYoungGen: 78848K(78848K)->1056K(79872K) Eden: 78336K(78336K)->0K(78336K) From: 512K(512K)->1056K(1536K)
[308.534s][info][gc,heap        ] GC(768) ParOldGen: 5607K(1398272K)->6007K(1398272K)
[308.534s][info][gc,metaspace   ] GC(768) Metaspace: 9961K(10304K)->9961K(10304K) NonClass: 8661K(8896K)->8661K(8896K) Class: 1300K(1408K)->1300K(1408K)
[308.534s][info][gc             ] GC(768) Pause Young (Allocation Failure) 82M->6M(1443M) 12.243ms
[308.534s][info][gc,cpu         ] GC(768) User=0.00s Sys=0.00s Real=0.02s
[308.845s][info][gc,start       ] GC(769) Pause Young (Allocation Failure)
[308.847s][info][gc,heap        ] GC(769) PSYoungGen: 79392K(79872K)->1024K(79360K) Eden: 78336K(78336K)->0K(78336K) From: 1056K(1536K)->1024K(1024K)
[308.847s][info][gc,heap        ] GC(769) ParOldGen: 6007K(1398272K)->6311K(1398272K)
[308.847s][info][gc,metaspace   ] GC(769) Metaspace: 9961K(10304K)->9961K(10304K) NonClass: 8661K(8896K)->8661K(8896K) Class: 1300K(1408K)->1300K(1408K)
[308.847s][info][gc             ] GC(769) Pause Young (Allocation Failure) 83M->7M(1443M) 1.370ms
[308.847s][info][gc,cpu         ] GC(769) User=0.00s Sys=0.00s Real=0.00s
[309.155s][info][gc,start       ] GC(770) Pause Young (Allocation Failure)
[309.157s][info][gc,heap        ] GC(770) PSYoungGen: 79360K(79360K)->1056K(79872K) Eden: 78336K(78336K)->0K(78336K) From: 1024K(1024K)->1056K(1536K)
[309.157s][info][gc,heap        ] GC(770) ParOldGen: 6311K(1398272K)->6311K(1398272K)
[309.157s][info][gc,metaspace   ] GC(770) Metaspace: 9961K(10304K)->9961K(10304K) NonClass: 8661K(8896K)->8661K(8896K) Class: 1300K(1408K)->1300K(1408K)
[309.157s][info][gc             ] GC(770) Pause Young (Allocation Failure) 83M->7M(1443M) 1.376ms
[309.157s][info][gc,cpu         ] GC(770) User=0.02s Sys=0.00s Real=0.01s
[309.466s][info][gc,start       ] GC(771) Pause Young (Allocation Failure)
[309.467s][info][gc,heap        ] GC(771) PSYoungGen: 79392K(79872K)->1024K(79360K) Eden: 78336K(78336K)->0K(78336K) From: 1056K(1536K)->1024K(1024K)
[309.467s][info][gc,heap        ] GC(771) ParOldGen: 6311K(1398272K)->6327K(1398272K)
[309.467s][info][gc,metaspace   ] GC(771) Metaspace: 9961K(10304K)->9961K(10304K) NonClass: 8661K(8896K)->8661K(8896K) Class: 1300K(1408K)->1300K(1408K)
[309.468s][info][gc             ] GC(771) Pause Young (Allocation Failure) 83M->7M(1443M) 1.082ms
[309.468s][info][gc,cpu         ] GC(771) User=0.00s Sys=0.00s Real=0.00s
[309.776s][info][gc,start       ] GC(772) Pause Young (Allocation Failure)
[309.778s][info][gc,heap        ] GC(772) PSYoungGen: 79360K(79360K)->1056K(79872K) Eden: 78336K(78336K)->0K(78336K) From: 1024K(1024K)->1056K(1536K)
[309.778s][info][gc,heap        ] GC(772) ParOldGen: 6327K(1398272K)->6695K(1398272K)
[309.778s][info][gc,metaspace   ] GC(772) Metaspace: 9961K(10304K)->9961K(10304K) NonClass: 8661K(8896K)->8661K(8896K) Class: 1300K(1408K)->1300K(1408K)
[309.778s][info][gc             ] GC(772) Pause Young (Allocation Failure) 83M->7M(1443M) 1.761ms
[309.778s][info][gc,cpu         ] GC(772) User=0.00s Sys=0.00s Real=0.00s
[310.078s][info][gc,start       ] GC(773) Pause Young (Allocation Failure)
[310.079s][info][gc,heap        ] GC(773) PSYoungGen: 79392K(79872K)->1024K(79360K) Eden: 78336K(78336K)->0K(78336K) From: 1056K(1536K)->1024K(1024K)
[310.079s][info][gc,heap        ] GC(773) ParOldGen: 6695K(1398272K)->6711K(1398272K)
[310.079s][info][gc,metaspace   ] GC(773) Metaspace: 9961K(10304K)->9961K(10304K) NonClass: 8661K(8896K)->8661K(8896K) Class: 1300K(1408K)->1300K(1408K)
[310.079s][info][gc             ] GC(773) Pause Young (Allocation Failure) 84M->7M(1443M) 1.047ms
[310.079s][info][gc,cpu         ] GC(773) User=0.00s Sys=0.00s Real=0.00s
[310.385s][info][gc,start       ] GC(774) Pause Young (Allocation Failure)
[310.386s][info][gc,heap        ] GC(774) PSYoungGen: 79360K(79360K)->1056K(79872K) Eden: 78336K(78336K)->0K(78336K) From: 1024K(1024K)->1056K(1536K)
[310.386s][info][gc,heap        ] GC(774) ParOldGen: 6711K(1398272K)->6895K(1398272K)
[310.386s][info][gc,metaspace   ] GC(774) Metaspace: 9961K(10304K)->9961K(10304K) NonClass: 8661K(8896K)->8661K(8896K) Class: 1300K(1408K)->1300K(1408K)
[310.386s][info][gc             ] GC(774) Pause Young (Allocation Failure) 84M->7M(1443M) 1.211ms
[310.386s][info][gc,cpu         ] GC(774) User=0.00s Sys=0.00s Real=0.00s
[310.694s][info][gc,start       ] GC(775) Pause Young (Allocation Failure)
[310.695s][info][gc,heap        ] GC(775) PSYoungGen: 79392K(79872K)->1024K(79360K) Eden: 78336K(78336K)->0K(78336K) From: 1056K(1536K)->1024K(1024K)
[310.695s][info][gc,heap        ] GC(775) ParOldGen: 6895K(1398272K)->6911K(1398272K)
[310.695s][info][gc,metaspace   ] GC(775) Metaspace: 9961K(10304K)->9961K(10304K) NonClass: 8661K(8896K)->8661K(8896K) Class: 1300K(1408K)->1300K(1408K)
[310.695s][info][gc             ] GC(775) Pause Young (Allocation Failure) 84M->7M(1443M) 1.054ms
[310.695s][info][gc,cpu         ] GC(775) User=0.00s Sys=0.00s Real=0.00s
[310.998s][info][gc,start       ] GC(776) Pause Young (Allocation Failure)
[310.999s][info][gc,heap        ] GC(776) PSYoungGen: 79360K(79360K)->1088K(79872K) Eden: 78336K(78336K)->0K(78336K) From: 1024K(1024K)->1088K(1536K)
[310.999s][info][gc,heap        ] GC(776) ParOldGen: 6911K(1398272K)->7231K(1398272K)
[310.999s][info][gc,metaspace   ] GC(776) Metaspace: 9961K(10304K)->9961K(10304K) NonClass: 8661K(8896K)->8661K(8896K) Class: 1300K(1408K)->1300K(1408K)
[310.999s][info][gc             ] GC(776) Pause Young (Allocation Failure) 84M->8M(1443M) 1.432ms
[310.999s][info][gc,cpu         ] GC(776) User=0.00s Sys=0.00s Real=0.00s
[311.315s][info][gc,start       ] GC(777) Pause Young (Allocation Failure)
[311.316s][info][gc,heap        ] GC(777) PSYoungGen: 79424K(79872K)->1024K(79360K) Eden: 78336K(78336K)->0K(78336K) From: 1088K(1536K)->1024K(1024K)
[311.316s][info][gc,heap        ] GC(777) ParOldGen: 7231K(1398272K)->7607K(1398272K)
[311.316s][info][gc,metaspace   ] GC(777) Metaspace: 9961K(10304K)->9961K(10304K) NonClass: 8661K(8896K)->8661K(8896K) Class: 1300K(1408K)->1300K(1408K)
[311.316s][info][gc             ] GC(777) Pause Young (Allocation Failure) 84M->8M(1443M) 1.195ms
[311.316s][info][gc,cpu         ] GC(777) User=0.00s Sys=0.00s Real=0.00s
[311.616s][info][gc,start       ] GC(778) Pause Young (Allocation Failure)
[311.617s][info][gc,heap        ] GC(778) PSYoungGen: 79360K(79360K)->1056K(79872K) Eden: 78336K(78336K)->0K(78336K) From: 1024K(1024K)->1056K(1536K)
[311.617s][info][gc,heap        ] GC(778) ParOldGen: 7607K(1398272K)->7719K(1398272K)
[311.617s][info][gc,metaspace   ] GC(778) Metaspace: 9961K(10304K)->9961K(10304K) NonClass: 8661K(8896K)->8661K(8896K) Class: 1300K(1408K)->1300K(1408K)
[311.617s][info][gc             ] GC(778) Pause Young (Allocation Failure) 84M->8M(1443M) 1.169ms
[311.617s][info][gc,cpu         ] GC(778) User=0.00s Sys=0.00s Real=0.00s
[311.931s][info][gc,start       ] GC(779) Pause Young (Allocation Failure)
[311.932s][info][gc,heap        ] GC(779) PSYoungGen: 79392K(79872K)->1024K(79360K) Eden: 78336K(78336K)->0K(78336K) From: 1056K(1536K)->1024K(1024K)
[311.932s][info][gc,heap        ] GC(779) ParOldGen: 7719K(1398272K)->7735K(1398272K)
[311.932s][info][gc,metaspace   ] GC(779) Metaspace: 9961K(10304K)->9961K(10304K) NonClass: 8661K(8896K)->8661K(8896K) Class: 1300K(1408K)->1300K(1408K)
[311.932s][info][gc             ] GC(779) Pause Young (Allocation Failure) 85M->8M(1443M) 0.977ms
[311.932s][info][gc,cpu         ] GC(779) User=0.00s Sys=0.00s Real=0.00s
[312.233s][info][gc,start       ] GC(780) Pause Young (Allocation Failure)
[312.234s][info][gc,heap        ] GC(780) PSYoungGen: 79360K(79360K)->1088K(79872K) Eden: 78336K(78336K)->0K(78336K) From: 1024K(1024K)->1088K(1536K)
[312.234s][info][gc,heap        ] GC(780) ParOldGen: 7735K(1398272K)->7951K(1398272K)
[312.234s][info][gc,metaspace   ] GC(780) Metaspace: 9961K(10304K)->9961K(10304K) NonClass: 8661K(8896K)->8661K(8896K) Class: 1300K(1408K)->1300K(1408K)
[312.234s][info][gc             ] GC(780) Pause Young (Allocation Failure) 85M->8M(1443M) 1.214ms
[312.234s][info][gc,cpu         ] GC(780) User=0.00s Sys=0.00s Real=0.00s
[312.542s][info][gc,start       ] GC(781) Pause Young (Allocation Failure)
[312.543s][info][gc,heap        ] GC(781) PSYoungGen: 79424K(79872K)->1024K(79360K) Eden: 78336K(78336K)->0K(78336K) From: 1088K(1536K)->1024K(1024K)
[312.543s][info][gc,heap        ] GC(781) ParOldGen: 7951K(1398272K)->8239K(1398272K)
[312.543s][info][gc,metaspace   ] GC(781) Metaspace: 9961K(10304K)->9961K(10304K) NonClass: 8661K(8896K)->8661K(8896K) Class: 1300K(1408K)->1300K(1408K)
[312.543s][info][gc             ] GC(781) Pause Young (Allocation Failure) 85M->9M(1443M) 1.078ms
[312.543s][info][gc,cpu         ] GC(781) User=0.00s Sys=0.00s Real=0.00s
[312.850s][info][gc,start       ] GC(782) Pause Young (Allocation Failure)
[312.852s][info][gc,heap        ] GC(782) PSYoungGen: 79360K(79360K)->1056K(79872K) Eden: 78336K(78336K)->0K(78336K) From: 1024K(1024K)->1056K(1536K)
[312.852s][info][gc,heap        ] GC(782) ParOldGen: 8239K(1398272K)->8239K(1398272K)
[312.852s][info][gc,metaspace   ] GC(782) Metaspace: 9961K(10304K)->9961K(10304K) NonClass: 8661K(8896K)->8661K(8896K) Class: 1300K(1408K)->1300K(1408K)
[312.852s][info][gc             ] GC(782) Pause Young (Allocation Failure) 85M->9M(1443M) 1.270ms
[312.852s][info][gc,cpu         ] GC(782) User=0.00s Sys=0.00s Real=0.00s
[313.159s][info][gc,start       ] GC(783) Pause Young (Allocation Failure)
[313.160s][info][gc,heap        ] GC(783) PSYoungGen: 79392K(79872K)->1024K(79360K) Eden: 78336K(78336K)->0K(78336K) From: 1056K(1536K)->1024K(1024K)
[313.160s][info][gc,heap        ] GC(783) ParOldGen: 8239K(1398272K)->8247K(1398272K)
[313.160s][info][gc,metaspace   ] GC(783) Metaspace: 9961K(10304K)->9961K(10304K) NonClass: 8661K(8896K)->8661K(8896K) Class: 1300K(1408K)->1300K(1408K)
[313.160s][info][gc             ] GC(783) Pause Young (Allocation Failure) 85M->9M(1443M) 1.024ms
[313.160s][info][gc,cpu         ] GC(783) User=0.00s Sys=0.00s Real=0.00s
[313.477s][info][gc,start       ] GC(784) Pause Young (Allocation Failure)
[313.478s][info][gc,heap        ] GC(784) PSYoungGen: 79360K(79360K)->1056K(79872K) Eden: 78336K(78336K)->0K(78336K) From: 1024K(1024K)->1056K(1536K)
[313.478s][info][gc,heap        ] GC(784) ParOldGen: 8247K(1398272K)->8335K(1398272K)
[313.478s][info][gc,metaspace   ] GC(784) Metaspace: 9961K(10304K)->9961K(10304K) NonClass: 8661K(8896K)->8661K(8896K) Class: 1300K(1408K)->1300K(1408K)
[313.478s][info][gc             ] GC(784) Pause Young (Allocation Failure) 85M->9M(1443M) 1.196ms
[313.478s][info][gc,cpu         ] GC(784) User=0.00s Sys=0.00s Real=0.00s
[313.747s][info][gc,start       ] GC(785) Pause Young (System.gc())
[313.748s][info][gc,heap        ] GC(785) PSYoungGen: 70580K(79872K)->1024K(79360K) Eden: 69524K(78336K)->0K(78336K) From: 1056K(1536K)->1024K(1024K)
[313.748s][info][gc,heap        ] GC(785) ParOldGen: 8335K(1398272K)->8367K(1398272K)
[313.748s][info][gc,metaspace   ] GC(785) Metaspace: 9966K(10304K)->9966K(10304K) NonClass: 8666K(8896K)->8666K(8896K) Class: 1300K(1408K)->1300K(1408K)
[313.748s][info][gc             ] GC(785) Pause Young (System.gc()) 77M->9M(1443M) 1.052ms
[313.748s][info][gc,cpu         ] GC(785) User=0.00s Sys=0.00s Real=0.00s
[313.749s][info][gc,start       ] GC(786) Pause Full (System.gc())
[313.749s][info][gc,phases,start] GC(786) Marking Phase
[313.765s][info][gc,phases      ] GC(786) Marking Phase 16.566ms
[313.765s][info][gc,phases,start] GC(786) Summary Phase
[313.765s][info][gc,phases      ] GC(786) Summary Phase 0.021ms
[313.765s][info][gc,phases,start] GC(786) Adjust Roots
[313.770s][info][gc,phases      ] GC(786) Adjust Roots 4.531ms
[313.770s][info][gc,phases,start] GC(786) Compaction Phase
[313.776s][info][gc,phases      ] GC(786) Compaction Phase 5.739ms
[313.776s][info][gc,phases,start] GC(786) Post Compact
[313.776s][info][gc,phases      ] GC(786) Post Compact 0.787ms
[313.776s][info][gc,heap        ] GC(786) PSYoungGen: 1024K(79360K)->0K(79360K) Eden: 0K(78336K)->0K(78336K) From: 1024K(1024K)->0K(1024K)
[313.776s][info][gc,heap        ] GC(786) ParOldGen: 8367K(1398272K)->4079K(1398272K)
[313.776s][info][gc,metaspace   ] GC(786) Metaspace: 9966K(10304K)->9966K(10304K) NonClass: 8666K(8896K)->8666K(8896K) Class: 1300K(1408K)->1300K(1408K)
[313.776s][info][gc             ] GC(786) Pause Full (System.gc()) 9M->3M(1443M) 27.922ms
[313.777s][info][gc,cpu         ] GC(786) User=0.53s Sys=0.00s Real=0.03s
[314.078s][info][gc,start       ] GC(787) Pause Young (Allocation Failure)
[314.080s][info][gc,heap        ] GC(787) PSYoungGen: 78336K(79360K)->1536K(79872K) Eden: 78336K(78336K)->0K(78336K) From: 0K(1024K)->1536K(1536K)
[314.080s][info][gc,heap        ] GC(787) ParOldGen: 4079K(1398272K)->4175K(1398272K)
[314.080s][info][gc,metaspace   ] GC(787) Metaspace: 9976K(10304K)->9976K(10304K) NonClass: 8676K(8896K)->8676K(8896K) Class: 1300K(1408K)->1300K(1408K)
[314.080s][info][gc             ] GC(787) Pause Young (Allocation Failure) 80M->5M(1443M) 1.506ms
[314.080s][info][gc,cpu         ] GC(787) User=0.02s Sys=0.00s Real=0.02s
[314.389s][info][gc,start       ] GC(788) Pause Young (Allocation Failure)
[314.390s][info][gc,heap        ] GC(788) PSYoungGen: 79872K(79872K)->1024K(79360K) Eden: 78336K(78336K)->0K(78336K) From: 1536K(1536K)->1024K(1024K)
[314.390s][info][gc,heap        ] GC(788) ParOldGen: 4175K(1398272K)->4759K(1398272K)
[314.390s][info][gc,metaspace   ] GC(788) Metaspace: 9976K(10304K)->9976K(10304K) NonClass: 8676K(8896K)->8676K(8896K) Class: 1300K(1408K)->1300K(1408K)
[314.390s][info][gc             ] GC(788) Pause Young (Allocation Failure) 82M->5M(1443M) 1.352ms
[314.390s][info][gc,cpu         ] GC(788) User=0.00s Sys=0.00s Real=0.00s
[314.694s][info][gc,start       ] GC(789) Pause Young (Allocation Failure)
[314.695s][info][gc,heap        ] GC(789) PSYoungGen: 79360K(79360K)->1632K(80384K) Eden: 78336K(78336K)->0K(78336K) From: 1024K(1024K)->1632K(2048K)
[314.695s][info][gc,heap        ] GC(789) ParOldGen: 4759K(1398272K)->5095K(1398272K)
[314.695s][info][gc,metaspace   ] GC(789) Metaspace: 9976K(10304K)->9976K(10304K) NonClass: 8676K(8896K)->8676K(8896K) Class: 1300K(1408K)->1300K(1408K)
[314.695s][info][gc             ] GC(789) Pause Young (Allocation Failure) 82M->6M(1444M) 1.395ms
[314.695s][info][gc,cpu         ] GC(789) User=0.00s Sys=0.00s Real=0.00s
[315.001s][info][gc,start       ] GC(790) Pause Young (Allocation Failure)
[315.002s][info][gc,heap        ] GC(790) PSYoungGen: 79968K(80384K)->1280K(79872K) Eden: 78336K(78336K)->0K(78336K) From: 1632K(2048K)->1280K(1536K)
[315.002s][info][gc,heap        ] GC(790) ParOldGen: 5095K(1398272K)->5655K(1398272K)
[315.002s][info][gc,metaspace   ] GC(790) Metaspace: 9976K(10304K)->9976K(10304K) NonClass: 8676K(8896K)->8676K(8896K) Class: 1300K(1408K)->1300K(1408K)
[315.002s][info][gc             ] GC(790) Pause Young (Allocation Failure) 83M->6M(1443M) 1.295ms
[315.002s][info][gc,cpu         ] GC(790) User=0.00s Sys=0.00s Real=0.00s
[315.310s][info][gc,start       ] GC(791) Pause Young (Allocation Failure)
[315.312s][info][gc,heap        ] GC(791) PSYoungGen: 79616K(79872K)->1280K(79872K) Eden: 78336K(78336K)->0K(78336K) From: 1280K(1536K)->1280K(1536K)
[315.312s][info][gc,heap        ] GC(791) ParOldGen: 5655K(1398272K)->6039K(1398272K)
[315.312s][info][gc,metaspace   ] GC(791) Metaspace: 9976K(10304K)->9976K(10304K) NonClass: 8676K(8896K)->8676K(8896K) Class: 1300K(1408K)->1300K(1408K)
[315.312s][info][gc             ] GC(791) Pause Young (Allocation Failure) 83M->7M(1443M) 1.511ms
[315.312s][info][gc,cpu         ] GC(791) User=0.00s Sys=0.00s Real=0.00s
[315.617s][info][gc,start       ] GC(792) Pause Young (Allocation Failure)
[315.618s][info][gc,heap        ] GC(792) PSYoungGen: 79616K(79872K)->1088K(79872K) Eden: 78336K(78336K)->0K(78336K) From: 1280K(1536K)->1088K(1536K)
[315.618s][info][gc,heap        ] GC(792) ParOldGen: 6039K(1398272K)->6599K(1398272K)
[315.618s][info][gc,metaspace   ] GC(792) Metaspace: 9976K(10304K)->9976K(10304K) NonClass: 8676K(8896K)->8676K(8896K) Class: 1300K(1408K)->1300K(1408K)
[315.618s][info][gc             ] GC(792) Pause Young (Allocation Failure) 83M->7M(1443M) 1.213ms
[315.618s][info][gc,cpu         ] GC(792) User=0.00s Sys=0.00s Real=0.00s
[315.925s][info][gc,start       ] GC(793) Pause Young (Allocation Failure)
[315.927s][info][gc,heap        ] GC(793) PSYoungGen: 79424K(79872K)->1024K(79360K) Eden: 78336K(78336K)->0K(78336K) From: 1088K(1536K)->1024K(1024K)
[315.927s][info][gc,heap        ] GC(793) ParOldGen: 6599K(1398272K)->6967K(1398272K)
[315.927s][info][gc,metaspace   ] GC(793) Metaspace: 9976K(10304K)->9976K(10304K) NonClass: 8676K(8896K)->8676K(8896K) Class: 1300K(1408K)->1300K(1408K)
[315.927s][info][gc             ] GC(793) Pause Young (Allocation Failure) 84M->7M(1443M) 1.607ms
[315.927s][info][gc,cpu         ] GC(793) User=0.00s Sys=0.00s Real=0.00s
[316.242s][info][gc,start       ] GC(794) Pause Young (Allocation Failure)
[316.243s][info][gc,heap        ] GC(794) PSYoungGen: 79360K(79360K)->1056K(79872K) Eden: 78336K(78336K)->0K(78336K) From: 1024K(1024K)->1056K(1536K)
[316.243s][info][gc,heap        ] GC(794) ParOldGen: 6967K(1398272K)->6967K(1398272K)
[316.243s][info][gc,metaspace   ] GC(794) Metaspace: 9976K(10304K)->9976K(10304K) NonClass: 8676K(8896K)->8676K(8896K) Class: 1300K(1408K)->1300K(1408K)
[316.243s][info][gc             ] GC(794) Pause Young (Allocation Failure) 84M->7M(1443M) 1.200ms
[316.243s][info][gc,cpu         ] GC(794) User=0.00s Sys=0.00s Real=0.00s
[316.551s][info][gc,start       ] GC(795) Pause Young (Allocation Failure)
[316.553s][info][gc,heap        ] GC(795) PSYoungGen: 79392K(79872K)->1184K(79872K) Eden: 78336K(78336K)->0K(78336K) From: 1056K(1536K)->1184K(1536K)
[316.553s][info][gc,heap        ] GC(795) ParOldGen: 6967K(1398272K)->6975K(1398272K)
[316.553s][info][gc,metaspace   ] GC(795) Metaspace: 9976K(10304K)->9976K(10304K) NonClass: 8676K(8896K)->8676K(8896K) Class: 1300K(1408K)->1300K(1408K)
[316.553s][info][gc             ] GC(795) Pause Young (Allocation Failure) 84M->7M(1443M) 1.504ms
[316.553s][info][gc,cpu         ] GC(795) User=0.00s Sys=0.00s Real=0.00s
[316.859s][info][gc,start       ] GC(796) Pause Young (Allocation Failure)
[316.860s][info][gc,heap        ] GC(796) PSYoungGen: 79520K(79872K)->1056K(79872K) Eden: 78336K(78336K)->0K(78336K) From: 1184K(1536K)->1056K(1536K)
[316.860s][info][gc,heap        ] GC(796) ParOldGen: 6975K(1398272K)->7559K(1398272K)
[316.860s][info][gc,metaspace   ] GC(796) Metaspace: 9976K(10304K)->9976K(10304K) NonClass: 8676K(8896K)->8676K(8896K) Class: 1300K(1408K)->1300K(1408K)
[316.860s][info][gc             ] GC(796) Pause Young (Allocation Failure) 84M->8M(1443M) 1.232ms
[316.860s][info][gc,cpu         ] GC(796) User=0.38s Sys=0.00s Real=0.02s
[317.174s][info][gc,start       ] GC(797) Pause Young (Allocation Failure)
[317.175s][info][gc,heap        ] GC(797) PSYoungGen: 79392K(79872K)->1056K(79872K) Eden: 78336K(78336K)->0K(78336K) From: 1056K(1536K)->1056K(1536K)
[317.175s][info][gc,heap        ] GC(797) ParOldGen: 7559K(1398272K)->7559K(1398272K)
[317.175s][info][gc,metaspace   ] GC(797) Metaspace: 9976K(10304K)->9976K(10304K) NonClass: 8676K(8896K)->8676K(8896K) Class: 1300K(1408K)->1300K(1408K)
[317.175s][info][gc             ] GC(797) Pause Young (Allocation Failure) 84M->8M(1443M) 1.337ms
[317.175s][info][gc,cpu         ] GC(797) User=0.00s Sys=0.00s Real=0.00s
[317.478s][info][gc,start       ] GC(798) Pause Young (Allocation Failure)
[317.479s][info][gc,heap        ] GC(798) PSYoungGen: 79392K(79872K)->1056K(79872K) Eden: 78336K(78336K)->0K(78336K) From: 1056K(1536K)->1056K(1536K)
[317.480s][info][gc,heap        ] GC(798) ParOldGen: 7559K(1398272K)->7575K(1398272K)
[317.480s][info][gc,metaspace   ] GC(798) Metaspace: 9976K(10304K)->9976K(10304K) NonClass: 8676K(8896K)->8676K(8896K) Class: 1300K(1408K)->1300K(1408K)
[317.480s][info][gc             ] GC(798) Pause Young (Allocation Failure) 84M->8M(1443M) 1.187ms
[317.480s][info][gc,cpu         ] GC(798) User=0.00s Sys=0.00s Real=0.00s
[317.783s][info][gc,start       ] GC(799) Pause Young (Allocation Failure)
[317.785s][info][gc,heap        ] GC(799) PSYoungGen: 79392K(79872K)->1056K(79872K) Eden: 78336K(78336K)->0K(78336K) From: 1056K(1536K)->1056K(1536K)
[317.785s][info][gc,heap        ] GC(799) ParOldGen: 7575K(1398272K)->7927K(1398272K)
[317.785s][info][gc,metaspace   ] GC(799) Metaspace: 9976K(10304K)->9976K(10304K) NonClass: 8676K(8896K)->8676K(8896K) Class: 1300K(1408K)->1300K(1408K)
[317.785s][info][gc             ] GC(799) Pause Young (Allocation Failure) 84M->8M(1443M) 1.434ms
[317.785s][info][gc,cpu         ] GC(799) User=0.00s Sys=0.00s Real=0.00s
[318.091s][info][gc,start       ] GC(800) Pause Young (Allocation Failure)
[318.093s][info][gc,heap        ] GC(800) PSYoungGen: 79392K(79872K)->960K(79360K) Eden: 78336K(78336K)->0K(78336K) From: 1056K(1536K)->960K(1024K)
[318.093s][info][gc,heap        ] GC(800) ParOldGen: 7927K(1398272K)->8271K(1398272K)
[318.093s][info][gc,metaspace   ] GC(800) Metaspace: 9976K(10304K)->9976K(10304K) NonClass: 8676K(8896K)->8676K(8896K) Class: 1300K(1408K)->1300K(1408K)
[318.093s][info][gc             ] GC(800) Pause Young (Allocation Failure) 85M->9M(1443M) 1.300ms
[318.093s][info][gc,cpu         ] GC(800) User=0.00s Sys=0.00s Real=0.00s
[318.392s][info][gc,start       ] GC(801) Pause Young (Allocation Failure)
[318.393s][info][gc,heap        ] GC(801) PSYoungGen: 79296K(79360K)->1056K(79872K) Eden: 78336K(78336K)->0K(78336K) From: 960K(1024K)->1056K(1536K)
[318.393s][info][gc,heap        ] GC(801) ParOldGen: 8271K(1398272K)->8271K(1398272K)
[318.393s][info][gc,metaspace   ] GC(801) Metaspace: 9976K(10304K)->9976K(10304K) NonClass: 8676K(8896K)->8676K(8896K) Class: 1300K(1408K)->1300K(1408K)
[318.393s][info][gc             ] GC(801) Pause Young (Allocation Failure) 85M->9M(1443M) 1.188ms
[318.394s][info][gc,cpu         ] GC(801) User=0.00s Sys=0.00s Real=0.00s
[318.704s][info][gc,start       ] GC(802) Pause Young (Allocation Failure)
[318.705s][info][gc,heap        ] GC(802) PSYoungGen: 79392K(79872K)->1024K(79360K) Eden: 78336K(78336K)->0K(78336K) From: 1056K(1536K)->1024K(1024K)
[318.705s][info][gc,heap        ] GC(802) ParOldGen: 8271K(1398272K)->8287K(1398272K)
[318.705s][info][gc,metaspace   ] GC(802) Metaspace: 9976K(10304K)->9976K(10304K) NonClass: 8676K(8896K)->8676K(8896K) Class: 1300K(1408K)->1300K(1408K)
[318.705s][info][gc             ] GC(802) Pause Young (Allocation Failure) 85M->9M(1443M) 1.039ms
[318.705s][info][gc,cpu         ] GC(802) User=0.00s Sys=0.00s Real=0.00s
[319.007s][info][gc,start       ] GC(803) Pause Young (Allocation Failure)
[319.008s][info][gc,heap        ] GC(803) PSYoungGen: 79360K(79360K)->1056K(79872K) Eden: 78336K(78336K)->0K(78336K) From: 1024K(1024K)->1056K(1536K)
[319.008s][info][gc,heap        ] GC(803) ParOldGen: 8287K(1398272K)->8367K(1398272K)
[319.009s][info][gc,metaspace   ] GC(803) Metaspace: 9976K(10304K)->9976K(10304K) NonClass: 8676K(8896K)->8676K(8896K) Class: 1300K(1408K)->1300K(1408K)
[319.009s][info][gc             ] GC(803) Pause Young (Allocation Failure) 85M->9M(1443M) 1.316ms
[319.009s][info][gc,cpu         ] GC(803) User=0.02s Sys=0.00s Real=0.02s
[319.317s][info][gc,start       ] GC(804) Pause Young (Allocation Failure)
[319.318s][info][gc,heap        ] GC(804) PSYoungGen: 79392K(79872K)->1024K(79360K) Eden: 78336K(78336K)->0K(78336K) From: 1056K(1536K)->1024K(1024K)
[319.318s][info][gc,heap        ] GC(804) ParOldGen: 8367K(1398272K)->8703K(1398272K)
[319.318s][info][gc,metaspace   ] GC(804) Metaspace: 9976K(10304K)->9976K(10304K) NonClass: 8676K(8896K)->8676K(8896K) Class: 1300K(1408K)->1300K(1408K)
[319.318s][info][gc             ] GC(804) Pause Young (Allocation Failure) 85M->9M(1443M) 1.156ms
[319.318s][info][gc,cpu         ] GC(804) User=0.00s Sys=0.00s Real=0.00s
[319.629s][info][gc,start       ] GC(805) Pause Young (Allocation Failure)
[319.630s][info][gc,heap        ] GC(805) PSYoungGen: 79360K(79360K)->1056K(79872K) Eden: 78336K(78336K)->0K(78336K) From: 1024K(1024K)->1056K(1536K)
[319.630s][info][gc,heap        ] GC(805) ParOldGen: 8703K(1398272K)->8703K(1398272K)
[319.630s][info][gc,metaspace   ] GC(805) Metaspace: 9976K(10304K)->9976K(10304K) NonClass: 8676K(8896K)->8676K(8896K) Class: 1300K(1408K)->1300K(1408K)
[319.630s][info][gc             ] GC(805) Pause Young (Allocation Failure) 85M->9M(1443M) 1.179ms
[319.630s][info][gc,cpu         ] GC(805) User=0.00s Sys=0.00s Real=0.00s
[319.937s][info][gc,start       ] GC(806) Pause Young (Allocation Failure)
[319.938s][info][gc,heap        ] GC(806) PSYoungGen: 79392K(79872K)->1024K(79360K) Eden: 78336K(78336K)->0K(78336K) From: 1056K(1536K)->1024K(1024K)
[319.938s][info][gc,heap        ] GC(806) ParOldGen: 8703K(1398272K)->8711K(1398272K)
[319.938s][info][gc,metaspace   ] GC(806) Metaspace: 9976K(10304K)->9976K(10304K) NonClass: 8676K(8896K)->8676K(8896K) Class: 1300K(1408K)->1300K(1408K)
[319.938s][info][gc             ] GC(806) Pause Young (Allocation Failure) 86M->9M(1443M) 1.026ms
[319.938s][info][gc,cpu         ] GC(806) User=0.00s Sys=0.00s Real=0.00s
[320.249s][info][gc,start       ] GC(807) Pause Young (System.gc())
[320.250s][info][gc,heap        ] GC(807) PSYoungGen: 76929K(79360K)->1024K(79360K) Eden: 75905K(78336K)->0K(78336K) From: 1024K(1024K)->1024K(1024K)
[320.250s][info][gc,heap        ] GC(807) ParOldGen: 8711K(1398272K)->8975K(1398272K)
[320.250s][info][gc,metaspace   ] GC(807) Metaspace: 9976K(10304K)->9976K(10304K) NonClass: 8676K(8896K)->8676K(8896K) Class: 1300K(1408K)->1300K(1408K)
[320.250s][info][gc             ] GC(807) Pause Young (System.gc()) 83M->9M(1443M) 1.228ms
[320.250s][info][gc,cpu         ] GC(807) User=0.00s Sys=0.00s Real=0.00s
[320.250s][info][gc,start       ] GC(808) Pause Full (System.gc())
[320.250s][info][gc,phases,start] GC(808) Marking Phase
[320.266s][info][gc,phases      ] GC(808) Marking Phase 15.990ms
[320.266s][info][gc,phases,start] GC(808) Summary Phase
[320.266s][info][gc,phases      ] GC(808) Summary Phase 0.023ms
[320.266s][info][gc,phases,start] GC(808) Adjust Roots
[320.271s][info][gc,phases      ] GC(808) Adjust Roots 4.593ms
[320.271s][info][gc,phases,start] GC(808) Compaction Phase
[320.275s][info][gc,phases      ] GC(808) Compaction Phase 3.957ms
[320.275s][info][gc,phases,start] GC(808) Post Compact
[320.276s][info][gc,phases      ] GC(808) Post Compact 0.833ms
[320.276s][info][gc,heap        ] GC(808) PSYoungGen: 1024K(79360K)->0K(79360K) Eden: 0K(78336K)->0K(78336K) From: 1024K(1024K)->0K(1024K)
[320.276s][info][gc,heap        ] GC(808) ParOldGen: 8975K(1398272K)->4079K(1398272K)
[320.276s][info][gc,metaspace   ] GC(808) Metaspace: 9976K(10304K)->9976K(10304K) NonClass: 8676K(8896K)->8676K(8896K) Class: 1300K(1408K)->1300K(1408K)
[320.276s][info][gc             ] GC(808) Pause Full (System.gc()) 9M->3M(1443M) 25.754ms
[320.276s][info][gc,cpu         ] GC(808) User=0.41s Sys=0.02s Real=0.03s
[320.592s][info][gc,start       ] GC(809) Pause Young (Allocation Failure)
[320.593s][info][gc,heap        ] GC(809) PSYoungGen: 78336K(79360K)->1536K(79872K) Eden: 78336K(78336K)->0K(78336K) From: 0K(1024K)->1536K(1536K)
[320.593s][info][gc,heap        ] GC(809) ParOldGen: 4079K(1398272K)->4191K(1398272K)
[320.593s][info][gc,metaspace   ] GC(809) Metaspace: 9976K(10304K)->9976K(10304K) NonClass: 8676K(8896K)->8676K(8896K) Class: 1300K(1408K)->1300K(1408K)
[320.593s][info][gc             ] GC(809) Pause Young (Allocation Failure) 80M->5M(1443M) 1.301ms
[320.593s][info][gc,cpu         ] GC(809) User=0.00s Sys=0.00s Real=0.00s
[320.900s][info][gc,start       ] GC(810) Pause Young (Allocation Failure)
[320.901s][info][gc,heap        ] GC(810) PSYoungGen: 79872K(79872K)->1664K(80384K) Eden: 78336K(78336K)->0K(78336K) From: 1536K(1536K)->1664K(2048K)
[320.901s][info][gc,heap        ] GC(810) ParOldGen: 4191K(1398272K)->4591K(1398272K)
[320.901s][info][gc,metaspace   ] GC(810) Metaspace: 9976K(10304K)->9976K(10304K) NonClass: 8676K(8896K)->8676K(8896K) Class: 1300K(1408K)->1300K(1408K)
[320.902s][info][gc             ] GC(810) Pause Young (Allocation Failure) 82M->6M(1444M) 1.552ms
[320.902s][info][gc,cpu         ] GC(810) User=0.00s Sys=0.00s Real=0.00s
[321.201s][info][gc,start       ] GC(811) Pause Young (Allocation Failure)
[321.203s][info][gc,heap        ] GC(811) PSYoungGen: 80000K(80384K)->960K(79360K) Eden: 78336K(78336K)->0K(78336K) From: 1664K(2048K)->960K(1024K)
[321.203s][info][gc,heap        ] GC(811) ParOldGen: 4591K(1398272K)->5335K(1398272K)
[321.203s][info][gc,metaspace   ] GC(811) Metaspace: 9976K(10304K)->9976K(10304K) NonClass: 8676K(8896K)->8676K(8896K) Class: 1300K(1408K)->1300K(1408K)
[321.203s][info][gc             ] GC(811) Pause Young (Allocation Failure) 82M->6M(1443M) 1.265ms
[321.203s][info][gc,cpu         ] GC(811) User=0.00s Sys=0.00s Real=0.00s
[321.506s][info][gc,start       ] GC(812) Pause Young (Allocation Failure)
[321.507s][info][gc,heap        ] GC(812) PSYoungGen: 79296K(79360K)->1056K(79872K) Eden: 78336K(78336K)->0K(78336K) From: 960K(1024K)->1056K(1536K)
[321.507s][info][gc,heap        ] GC(812) ParOldGen: 5335K(1398272K)->5335K(1398272K)
[321.507s][info][gc,metaspace   ] GC(812) Metaspace: 9976K(10304K)->9976K(10304K) NonClass: 8676K(8896K)->8676K(8896K) Class: 1300K(1408K)->1300K(1408K)
[321.507s][info][gc             ] GC(812) Pause Young (Allocation Failure) 82M->6M(1443M) 1.254ms
[321.507s][info][gc,cpu         ] GC(812) User=0.00s Sys=0.00s Real=0.00s
[321.811s][info][gc,start       ] GC(813) Pause Young (Allocation Failure)
[321.813s][info][gc,heap        ] GC(813) PSYoungGen: 79392K(79872K)->1216K(79872K) Eden: 78336K(78336K)->0K(78336K) From: 1056K(1536K)->1216K(1536K)
[321.813s][info][gc,heap        ] GC(813) ParOldGen: 5335K(1398272K)->5335K(1398272K)
[321.813s][info][gc,metaspace   ] GC(813) Metaspace: 9976K(10304K)->9976K(10304K) NonClass: 8676K(8896K)->8676K(8896K) Class: 1300K(1408K)->1300K(1408K)
[321.813s][info][gc             ] GC(813) Pause Young (Allocation Failure) 82M->6M(1443M) 1.253ms
[321.813s][info][gc,cpu         ] GC(813) User=0.00s Sys=0.00s Real=0.00s
[322.127s][info][gc,start       ] GC(814) Pause Young (Allocation Failure)
[322.128s][info][gc,heap        ] GC(814) PSYoungGen: 79552K(79872K)->1216K(79872K) Eden: 78336K(78336K)->0K(78336K) From: 1216K(1536K)->1216K(1536K)
[322.128s][info][gc,heap        ] GC(814) ParOldGen: 5335K(1398272K)->5903K(1398272K)
[322.129s][info][gc,metaspace   ] GC(814) Metaspace: 9976K(10304K)->9976K(10304K) NonClass: 8676K(8896K)->8676K(8896K) Class: 1300K(1408K)->1300K(1408K)
[322.129s][info][gc             ] GC(814) Pause Young (Allocation Failure) 82M->6M(1443M) 1.635ms
[322.129s][info][gc,cpu         ] GC(814) User=0.00s Sys=0.02s Real=0.02s
[322.429s][info][gc,start       ] GC(815) Pause Young (Allocation Failure)
[322.430s][info][gc,heap        ] GC(815) PSYoungGen: 79552K(79872K)->1056K(79872K) Eden: 78336K(78336K)->0K(78336K) From: 1216K(1536K)->1056K(1536K)
[322.430s][info][gc,heap        ] GC(815) ParOldGen: 5903K(1398272K)->6015K(1398272K)
[322.430s][info][gc,metaspace   ] GC(815) Metaspace: 9976K(10304K)->9976K(10304K) NonClass: 8676K(8896K)->8676K(8896K) Class: 1300K(1408K)->1300K(1408K)
[322.430s][info][gc             ] GC(815) Pause Young (Allocation Failure) 83M->6M(1443M) 1.107ms
[322.430s][info][gc,cpu         ] GC(815) User=0.00s Sys=0.00s Real=0.00s
[322.732s][info][gc,start       ] GC(816) Pause Young (Allocation Failure)
[322.733s][info][gc,heap        ] GC(816) PSYoungGen: 79392K(79872K)->1056K(79872K) Eden: 78336K(78336K)->0K(78336K) From: 1056K(1536K)->1056K(1536K)
[322.733s][info][gc,heap        ] GC(816) ParOldGen: 6015K(1398272K)->6343K(1398272K)
[322.733s][info][gc,metaspace   ] GC(816) Metaspace: 9976K(10304K)->9976K(10304K) NonClass: 8676K(8896K)->8676K(8896K) Class: 1300K(1408K)->1300K(1408K)
[322.733s][info][gc             ] GC(816) Pause Young (Allocation Failure) 83M->7M(1443M) 1.466ms
[322.733s][info][gc,cpu         ] GC(816) User=0.00s Sys=0.00s Real=0.00s
[323.037s][info][gc,start       ] GC(817) Pause Young (Allocation Failure)
[323.038s][info][gc,heap        ] GC(817) PSYoungGen: 79392K(79872K)->1056K(79872K) Eden: 78336K(78336K)->0K(78336K) From: 1056K(1536K)->1056K(1536K)
[323.038s][info][gc,heap        ] GC(817) ParOldGen: 6343K(1398272K)->6343K(1398272K)
[323.038s][info][gc,metaspace   ] GC(817) Metaspace: 9976K(10304K)->9976K(10304K) NonClass: 8676K(8896K)->8676K(8896K) Class: 1300K(1408K)->1300K(1408K)
[323.038s][info][gc             ] GC(817) Pause Young (Allocation Failure) 83M->7M(1443M) 1.001ms
[323.038s][info][gc,cpu         ] GC(817) User=0.00s Sys=0.00s Real=0.00s
[323.339s][info][gc,start       ] GC(818) Pause Young (Allocation Failure)
[323.341s][info][gc,heap        ] GC(818) PSYoungGen: 79392K(79872K)->1120K(79872K) Eden: 78336K(78336K)->0K(78336K) From: 1056K(1536K)->1120K(1536K)
[323.341s][info][gc,heap        ] GC(818) ParOldGen: 6343K(1398272K)->6343K(1398272K)
[323.341s][info][gc,metaspace   ] GC(818) Metaspace: 9976K(10304K)->9976K(10304K) NonClass: 8676K(8896K)->8676K(8896K) Class: 1300K(1408K)->1300K(1408K)
[323.341s][info][gc             ] GC(818) Pause Young (Allocation Failure) 83M->7M(1443M) 1.387ms
[323.341s][info][gc,cpu         ] GC(818) User=0.00s Sys=0.00s Real=0.00s
[323.649s][info][gc,start       ] GC(819) Pause Young (Allocation Failure)
[323.650s][info][gc,heap        ] GC(819) PSYoungGen: 79456K(79872K)->1056K(79872K) Eden: 78336K(78336K)->0K(78336K) From: 1120K(1536K)->1056K(1536K)
[323.650s][info][gc,heap        ] GC(819) ParOldGen: 6343K(1398272K)->6503K(1398272K)
[323.650s][info][gc,metaspace   ] GC(819) Metaspace: 9976K(10304K)->9976K(10304K) NonClass: 8676K(8896K)->8676K(8896K) Class: 1300K(1408K)->1300K(1408K)
[323.650s][info][gc             ] GC(819) Pause Young (Allocation Failure) 83M->7M(1443M) 1.133ms
[323.650s][info][gc,cpu         ] GC(819) User=0.00s Sys=0.00s Real=0.00s
[323.948s][info][gc,start       ] GC(820) Pause Young (Allocation Failure)
[323.950s][info][gc,heap        ] GC(820) PSYoungGen: 79392K(79872K)->1056K(79872K) Eden: 78336K(78336K)->0K(78336K) From: 1056K(1536K)->1056K(1536K)
[323.950s][info][gc,heap        ] GC(820) ParOldGen: 6503K(1398272K)->6815K(1398272K)
[323.950s][info][gc,metaspace   ] GC(820) Metaspace: 9976K(10304K)->9976K(10304K) NonClass: 8676K(8896K)->8676K(8896K) Class: 1300K(1408K)->1300K(1408K)
[323.950s][info][gc             ] GC(820) Pause Young (Allocation Failure) 83M->7M(1443M) 1.488ms
[323.950s][info][gc,cpu         ] GC(820) User=0.00s Sys=0.00s Real=0.00s
[324.254s][info][gc,start       ] GC(821) Pause Young (Allocation Failure)
[324.255s][info][gc,heap        ] GC(821) PSYoungGen: 79392K(79872K)->512K(78848K) Eden: 78336K(78336K)->0K(78336K) From: 1056K(1536K)->512K(512K)
[324.255s][info][gc,heap        ] GC(821) ParOldGen: 6815K(1398272K)->7351K(1398272K)
[324.255s][info][gc,metaspace   ] GC(821) Metaspace: 9976K(10304K)->9976K(10304K) NonClass: 8676K(8896K)->8676K(8896K) Class: 1300K(1408K)->1300K(1408K)
[324.255s][info][gc             ] GC(821) Pause Young (Allocation Failure) 84M->7M(1442M) 1.154ms
[324.255s][info][gc,cpu         ] GC(821) User=0.00s Sys=0.00s Real=0.00s
[324.566s][info][gc,start       ] GC(822) Pause Young (Allocation Failure)
[324.568s][info][gc,heap        ] GC(822) PSYoungGen: 78848K(78848K)->1024K(79872K) Eden: 78336K(78336K)->0K(78336K) From: 512K(512K)->1024K(1536K)
[324.568s][info][gc,heap        ] GC(822) ParOldGen: 7351K(1398272K)->7687K(1398272K)
[324.568s][info][gc,metaspace   ] GC(822) Metaspace: 9976K(10304K)->9976K(10304K) NonClass: 8676K(8896K)->8676K(8896K) Class: 1300K(1408K)->1300K(1408K)
[324.568s][info][gc             ] GC(822) Pause Young (Allocation Failure) 84M->8M(1443M) 1.530ms
[324.568s][info][gc,cpu         ] GC(822) User=0.00s Sys=0.00s Real=0.00s
[324.873s][info][gc,start       ] GC(823) Pause Young (Allocation Failure)
[324.874s][info][gc,heap        ] GC(823) PSYoungGen: 79360K(79872K)->1056K(79872K) Eden: 78336K(78336K)->0K(78336K) From: 1024K(1536K)->1056K(1536K)
[324.874s][info][gc,heap        ] GC(823) ParOldGen: 7687K(1398272K)->7687K(1398272K)
[324.874s][info][gc,metaspace   ] GC(823) Metaspace: 9976K(10304K)->9976K(10304K) NonClass: 8676K(8896K)->8676K(8896K) Class: 1300K(1408K)->1300K(1408K)
[324.874s][info][gc             ] GC(823) Pause Young (Allocation Failure) 85M->8M(1443M) 1.065ms
[324.874s][info][gc,cpu         ] GC(823) User=0.00s Sys=0.00s Real=0.00s
[325.182s][info][gc,start       ] GC(824) Pause Young (Allocation Failure)
[325.184s][info][gc,heap        ] GC(824) PSYoungGen: 79392K(79872K)->1056K(79872K) Eden: 78336K(78336K)->0K(78336K) From: 1056K(1536K)->1056K(1536K)
[325.184s][info][gc,heap        ] GC(824) ParOldGen: 7687K(1398272K)->7687K(1398272K)
[325.184s][info][gc,metaspace   ] GC(824) Metaspace: 9976K(10304K)->9976K(10304K) NonClass: 8676K(8896K)->8676K(8896K) Class: 1300K(1408K)->1300K(1408K)
[325.184s][info][gc             ] GC(824) Pause Young (Allocation Failure) 85M->8M(1443M) 1.267ms
[325.184s][info][gc,cpu         ] GC(824) User=0.00s Sys=0.00s Real=0.00s
[325.491s][info][gc,start       ] GC(825) Pause Young (Allocation Failure)
[325.492s][info][gc,heap        ] GC(825) PSYoungGen: 79392K(79872K)->512K(78848K) Eden: 78336K(78336K)->0K(78336K) From: 1056K(1536K)->512K(512K)
[325.492s][info][gc,heap        ] GC(825) ParOldGen: 7687K(1398272K)->7935K(1398272K)
[325.492s][info][gc,metaspace   ] GC(825) Metaspace: 9976K(10304K)->9976K(10304K) NonClass: 8676K(8896K)->8676K(8896K) Class: 1300K(1408K)->1300K(1408K)
[325.492s][info][gc             ] GC(825) Pause Young (Allocation Failure) 85M->8M(1442M) 1.070ms
[325.492s][info][gc,cpu         ] GC(825) User=0.00s Sys=0.00s Real=0.00s
[325.803s][info][gc,start       ] GC(826) Pause Young (Allocation Failure)
[325.804s][info][gc,heap        ] GC(826) PSYoungGen: 78848K(78848K)->960K(79872K) Eden: 78336K(78336K)->0K(78336K) From: 512K(512K)->960K(1536K)
[325.805s][info][gc,heap        ] GC(826) ParOldGen: 7935K(1398272K)->8367K(1398272K)
[325.805s][info][gc,metaspace   ] GC(826) Metaspace: 9976K(10304K)->9976K(10304K) NonClass: 8676K(8896K)->8676K(8896K) Class: 1300K(1408K)->1300K(1408K)
[325.805s][info][gc             ] GC(826) Pause Young (Allocation Failure) 84M->9M(1443M) 1.744ms
[325.805s][info][gc,cpu         ] GC(826) User=0.00s Sys=0.00s Real=0.00s
[326.101s][info][gc,start       ] GC(827) Pause Young (Allocation Failure)
[326.102s][info][gc,heap        ] GC(827) PSYoungGen: 79296K(79872K)->1056K(79872K) Eden: 78336K(78336K)->0K(78336K) From: 960K(1536K)->1056K(1536K)
[326.102s][info][gc,heap        ] GC(827) ParOldGen: 8367K(1398272K)->8383K(1398272K)
[326.102s][info][gc,metaspace   ] GC(827) Metaspace: 9976K(10304K)->9976K(10304K) NonClass: 8676K(8896K)->8676K(8896K) Class: 1300K(1408K)->1300K(1408K)
[326.102s][info][gc             ] GC(827) Pause Young (Allocation Failure) 85M->9M(1443M) 1.094ms
[326.102s][info][gc,cpu         ] GC(827) User=0.00s Sys=0.00s Real=0.00s
[326.410s][info][gc,start       ] GC(828) Pause Young (Allocation Failure)
[326.411s][info][gc,heap        ] GC(828) PSYoungGen: 79392K(79872K)->1056K(79872K) Eden: 78336K(78336K)->0K(78336K) From: 1056K(1536K)->1056K(1536K)
[326.411s][info][gc,heap        ] GC(828) ParOldGen: 8383K(1398272K)->8383K(1398272K)
[326.411s][info][gc,metaspace   ] GC(828) Metaspace: 9976K(10304K)->9976K(10304K) NonClass: 8676K(8896K)->8676K(8896K) Class: 1300K(1408K)->1300K(1408K)
[326.411s][info][gc             ] GC(828) Pause Young (Allocation Failure) 85M->9M(1443M) 1.384ms
[326.411s][info][gc,cpu         ] GC(828) User=0.00s Sys=0.00s Real=0.00s
[326.705s][info][gc,heap,exit   ] Heap
[326.705s][info][gc,heap,exit   ]  PSYoungGen      total 79872K, used 72386K [0x00000000d5580000, 0x00000000e7300000, 0x0000000100000000)
[326.705s][info][gc,heap,exit   ]   eden space 78336K, 91% used [0x00000000d5580000,0x00000000d9b28848,0x00000000da200000)
[326.705s][info][gc,heap,exit   ]   from space 1536K, 68% used [0x00000000e7100000,0x00000000e7208000,0x00000000e7280000)
[326.705s][info][gc,heap,exit   ]   to   space 512K, 0% used [0x00000000e7280000,0x00000000e7280000,0x00000000e7300000)
[326.705s][info][gc,heap,exit   ]  ParOldGen       total 1398272K, used 8383K [0x0000000080000000, 0x00000000d5580000, 0x00000000d5580000)
[326.705s][info][gc,heap,exit   ]   object space 1398272K, 0% used [0x0000000080000000,0x000000008082fe38,0x00000000d5580000)
[326.705s][info][gc,heap,exit   ]  Metaspace       used 10036K, committed 10368K, reserved 1114112K
[326.705s][info][gc,heap,exit   ]   class space    used 1309K, committed 1408K, reserved 1048576K
