[0.016s][info][gc,init] CardTable entry size: 512
[0.016s][info][gc     ] Using Parallel
[0.027s][info][gc,init] Version: 20+36-2344 (release)
[0.027s][info][gc,init] CPUs: 48 total, 48 available
[0.027s][info][gc,init] Memory: 382G
[0.027s][info][gc,init] Large Page Support: Disabled
[0.027s][info][gc,init] NUMA Support: Disabled
[0.027s][info][gc,init] Compressed Oops: Enabled (Zero based)
[0.027s][info][gc,init] Alignments: Space 512K, Generation 512K, Heap 2M
[0.027s][info][gc,init] Heap Min Capacity: 8M
[0.027s][info][gc,init] Heap Initial Capacity: 2G
[0.042s][info][gc,init] Heap Max Capacity: 4G
[0.042s][info][gc,init] Pre-touch: Disabled
[0.042s][info][gc,init] Parallel Workers: 33
[0.044s][info][gc,metaspace] CDS archive(s) mapped at: [0x0000000800000000-0x0000000800c60000-0x0000000800c60000), size 12976128, SharedBaseAddress: 0x0000000800000000, ArchiveRelocationMode: 0.
[0.044s][info][gc,metaspace] Compressed class space mapped at: 0x0000000801000000-0x0000000841000000, reserved size: 1073741824
[0.044s][info][gc,metaspace] Narrow klass base: 0x0000000800000000, Narrow klass shift: 0, Narrow klass range: 0x100000000
[1.171s][info][gc,start    ] GC(0) Pause Young (System.gc())
[1.181s][info][gc,heap     ] GC(0) PSYoungGen: 115618K(611840K)->4340K(611840K) Eden: 115618K(524800K)->0K(524800K) From: 0K(87040K)->4340K(87040K)
[1.181s][info][gc,heap     ] GC(0) ParOldGen: 0K(1398272K)->16K(1398272K)
[1.181s][info][gc,metaspace] GC(0) Metaspace: 8308K(8512K)->8308K(8512K) NonClass: 7192K(7296K)->7192K(7296K) Class: 1115K(1216K)->1115K(1216K)
[1.181s][info][gc          ] GC(0) Pause Young (System.gc()) 112M->4M(1963M) 9.789ms
[1.181s][info][gc,cpu      ] GC(0) User=0.00s Sys=0.00s Real=0.00s
[1.181s][info][gc,start    ] GC(1) Pause Full (System.gc())
[1.181s][info][gc,phases,start] GC(1) Marking Phase
[1.192s][info][gc,phases      ] GC(1) Marking Phase 11.241ms
[1.192s][info][gc,phases,start] GC(1) Summary Phase
[1.192s][info][gc,phases      ] GC(1) Summary Phase 0.016ms
[1.192s][info][gc,phases,start] GC(1) Adjust Roots
[1.195s][info][gc,phases      ] GC(1) Adjust Roots 2.966ms
[1.195s][info][gc,phases,start] GC(1) Compaction Phase
[1.201s][info][gc,phases      ] GC(1) Compaction Phase 5.303ms
[1.201s][info][gc,phases,start] GC(1) Post Compact
[1.202s][info][gc,phases      ] GC(1) Post Compact 1.151ms
[1.202s][info][gc,heap        ] GC(1) PSYoungGen: 4340K(611840K)->0K(611840K) Eden: 0K(524800K)->0K(524800K) From: 4340K(87040K)->0K(87040K)
[1.202s][info][gc,heap        ] GC(1) ParOldGen: 16K(1398272K)->3817K(1398272K)
[1.202s][info][gc,metaspace   ] GC(1) Metaspace: 8308K(8512K)->8308K(8512K) NonClass: 7192K(7296K)->7192K(7296K) Class: 1115K(1216K)->1115K(1216K)
[1.202s][info][gc             ] GC(1) Pause Full (System.gc()) 4M->3M(1963M) 20.927ms
[1.202s][info][gc,cpu         ] GC(1) User=0.52s Sys=0.00s Real=0.02s
[3.249s][info][gc,start       ] GC(2) Pause Young (Allocation Failure)
[3.253s][info][gc,heap        ] GC(2) PSYoungGen: 524800K(611840K)->2016K(611840K) Eden: 524800K(524800K)->0K(524800K) From: 0K(87040K)->2016K(87040K)
[3.253s][info][gc,heap        ] GC(2) ParOldGen: 3817K(1398272K)->3825K(1398272K)
[3.253s][info][gc,metaspace   ] GC(2) Metaspace: 9820K(10112K)->9820K(10112K) NonClass: 8520K(8704K)->8520K(8704K) Class: 1300K(1408K)->1300K(1408K)
[3.253s][info][gc             ] GC(2) Pause Young (Allocation Failure) 516M->5M(1963M) 3.687ms
[3.253s][info][gc,cpu         ] GC(2) User=0.00s Sys=0.00s Real=0.00s
[5.372s][info][gc,start       ] GC(3) Pause Young (Allocation Failure)
[5.374s][info][gc,heap        ] GC(3) PSYoungGen: 526816K(611840K)->2080K(611840K) Eden: 524800K(524800K)->0K(524800K) From: 2016K(87040K)->2080K(87040K)
[5.374s][info][gc,heap        ] GC(3) ParOldGen: 3825K(1398272K)->3833K(1398272K)
[5.374s][info][gc,metaspace   ] GC(3) Metaspace: 9827K(10112K)->9827K(10112K) NonClass: 8527K(8704K)->8527K(8704K) Class: 1300K(1408K)->1300K(1408K)
[5.374s][info][gc             ] GC(3) Pause Young (Allocation Failure) 518M->5M(1963M) 1.387ms
[5.374s][info][gc,cpu         ] GC(3) User=0.00s Sys=0.00s Real=0.00s
[7.512s][info][gc,start       ] GC(4) Pause Young (Allocation Failure)
[7.514s][info][gc,heap        ] GC(4) PSYoungGen: 526880K(611840K)->2016K(611840K) Eden: 524800K(524800K)->0K(524800K) From: 2080K(87040K)->2016K(87040K)
[7.514s][info][gc,heap        ] GC(4) ParOldGen: 3833K(1398272K)->3841K(1398272K)
[7.514s][info][gc,metaspace   ] GC(4) Metaspace: 9827K(10112K)->9827K(10112K) NonClass: 8527K(8704K)->8527K(8704K) Class: 1300K(1408K)->1300K(1408K)
[7.514s][info][gc             ] GC(4) Pause Young (Allocation Failure) 518M->5M(1963M) 1.884ms
[7.514s][info][gc,cpu         ] GC(4) User=0.00s Sys=0.00s Real=0.00s
[8.291s][info][gc,start       ] GC(5) Pause Young (System.gc())
[8.293s][info][gc,heap        ] GC(5) PSYoungGen: 197330K(611840K)->1056K(611840K) Eden: 195314K(524800K)->0K(524800K) From: 2016K(87040K)->1056K(87040K)
[8.293s][info][gc,heap        ] GC(5) ParOldGen: 3841K(1398272K)->3849K(1398272K)
[8.293s][info][gc,metaspace   ] GC(5) Metaspace: 9888K(10176K)->9888K(10176K) NonClass: 8576K(8768K)->8576K(8768K) Class: 1311K(1408K)->1311K(1408K)
[8.293s][info][gc             ] GC(5) Pause Young (System.gc()) 196M->4M(1963M) 1.419ms
[8.293s][info][gc,cpu         ] GC(5) User=0.00s Sys=0.00s Real=0.00s
[8.293s][info][gc,start       ] GC(6) Pause Full (System.gc())
[8.293s][info][gc,phases,start] GC(6) Marking Phase
[8.312s][info][gc,phases      ] GC(6) Marking Phase 18.847ms
[8.312s][info][gc,phases,start] GC(6) Summary Phase
[8.312s][info][gc,phases      ] GC(6) Summary Phase 0.021ms
[8.312s][info][gc,phases,start] GC(6) Adjust Roots
[8.317s][info][gc,phases      ] GC(6) Adjust Roots 4.656ms
[8.317s][info][gc,phases,start] GC(6) Compaction Phase
[8.329s][info][gc,phases      ] GC(6) Compaction Phase 11.845ms
[8.329s][info][gc,phases,start] GC(6) Post Compact
[8.330s][info][gc,phases      ] GC(6) Post Compact 0.916ms
[8.330s][info][gc,heap        ] GC(6) PSYoungGen: 1056K(611840K)->0K(611840K) Eden: 0K(524800K)->0K(524800K) From: 1056K(87040K)->0K(87040K)
[8.330s][info][gc,heap        ] GC(6) ParOldGen: 3849K(1398272K)->4067K(1398272K)
[8.330s][info][gc,metaspace   ] GC(6) Metaspace: 9888K(10176K)->9852K(10176K) NonClass: 8576K(8768K)->8551K(8768K) Class: 1311K(1408K)->1301K(1408K)
[8.330s][info][gc             ] GC(6) Pause Full (System.gc()) 4M->3M(1963M) 36.546ms
[8.330s][info][gc,cpu         ] GC(6) User=0.03s Sys=0.02s Real=0.03s
[10.451s][info][gc,start       ] GC(7) Pause Young (Allocation Failure)
[10.453s][info][gc,heap        ] GC(7) PSYoungGen: 524800K(611840K)->1856K(611840K) Eden: 524800K(524800K)->0K(524800K) From: 0K(87040K)->1856K(87040K)
[10.453s][info][gc,heap        ] GC(7) ParOldGen: 4067K(1398272K)->4075K(1398272K)
[10.453s][info][gc,metaspace   ] GC(7) Metaspace: 9852K(10176K)->9852K(10176K) NonClass: 8551K(8768K)->8551K(8768K) Class: 1301K(1408K)->1301K(1408K)
[10.453s][info][gc             ] GC(7) Pause Young (Allocation Failure) 516M->5M(1963M) 1.287ms
[10.453s][info][gc,cpu         ] GC(7) User=0.00s Sys=0.00s Real=0.00s
[12.593s][info][gc,start       ] GC(8) Pause Young (Allocation Failure)
[12.598s][info][gc,heap        ] GC(8) PSYoungGen: 526656K(611840K)->1664K(514048K) Eden: 524800K(524800K)->0K(512000K) From: 1856K(87040K)->1664K(2048K)
[12.598s][info][gc,heap        ] GC(8) ParOldGen: 4075K(1398272K)->4075K(1398272K)
[12.598s][info][gc,metaspace   ] GC(8) Metaspace: 9852K(10176K)->9852K(10176K) NonClass: 8551K(8768K)->8551K(8768K) Class: 1301K(1408K)->1301K(1408K)
[12.598s][info][gc             ] GC(8) Pause Young (Allocation Failure) 518M->5M(1867M) 4.511ms
[12.598s][info][gc,cpu         ] GC(8) User=0.00s Sys=0.02s Real=0.02s
[14.700s][info][gc,start       ] GC(9) Pause Young (Allocation Failure)
[14.703s][info][gc,heap        ] GC(9) PSYoungGen: 513664K(514048K)->1696K(501760K) Eden: 512000K(512000K)->0K(499712K) From: 1664K(2048K)->1696K(2048K)
[14.703s][info][gc,heap        ] GC(9) ParOldGen: 4075K(1398272K)->4075K(1398272K)
[14.703s][info][gc,metaspace   ] GC(9) Metaspace: 9852K(10176K)->9852K(10176K) NonClass: 8551K(8768K)->8551K(8768K) Class: 1301K(1408K)->1301K(1408K)
[14.703s][info][gc             ] GC(9) Pause Young (Allocation Failure) 505M->5M(1855M) 2.860ms
[14.703s][info][gc,cpu         ] GC(9) User=0.00s Sys=0.00s Real=0.00s
[15.034s][info][gc,start       ] GC(10) Pause Young (System.gc())
[15.035s][info][gc,heap        ] GC(10) PSYoungGen: 91357K(501760K)->256K(500224K) Eden: 89661K(499712K)->0K(499712K) From: 1696K(2048K)->256K(512K)
[15.035s][info][gc,heap        ] GC(10) ParOldGen: 4075K(1398272K)->4075K(1398272K)
[15.035s][info][gc,metaspace   ] GC(10) Metaspace: 9852K(10176K)->9852K(10176K) NonClass: 8551K(8768K)->8551K(8768K) Class: 1301K(1408K)->1301K(1408K)
[15.035s][info][gc             ] GC(10) Pause Young (System.gc()) 93M->4M(1854M) 1.041ms
[15.035s][info][gc,cpu         ] GC(10) User=0.00s Sys=0.00s Real=0.00s
[15.035s][info][gc,start       ] GC(11) Pause Full (System.gc())
[15.035s][info][gc,phases,start] GC(11) Marking Phase
[15.052s][info][gc,phases      ] GC(11) Marking Phase 17.060ms
[15.092s][info][gc,phases,start] GC(11) Summary Phase
[15.093s][info][gc,phases      ] GC(11) Summary Phase 0.068ms
[15.093s][info][gc,phases,start] GC(11) Adjust Roots
[15.097s][info][gc,phases      ] GC(11) Adjust Roots 4.582ms
[15.097s][info][gc,phases,start] GC(11) Compaction Phase
[15.101s][info][gc,phases      ] GC(11) Compaction Phase 4.209ms
[15.101s][info][gc,phases,start] GC(11) Post Compact
[15.102s][info][gc,phases      ] GC(11) Post Compact 0.777ms
[15.102s][info][gc,heap        ] GC(11) PSYoungGen: 256K(500224K)->0K(500224K) Eden: 0K(499712K)->0K(499712K) From: 256K(512K)->0K(512K)
[15.102s][info][gc,heap        ] GC(11) ParOldGen: 4075K(1398272K)->4067K(1398272K)
[15.102s][info][gc,metaspace   ] GC(11) Metaspace: 9852K(10176K)->9852K(10176K) NonClass: 8551K(8768K)->8551K(8768K) Class: 1301K(1408K)->1301K(1408K)
[15.102s][info][gc             ] GC(11) Pause Full (System.gc()) 4M->3M(1854M) 67.258ms
[15.102s][info][gc,cpu         ] GC(11) User=0.52s Sys=0.00s Real=0.06s
[17.173s][info][gc,start       ] GC(12) Pause Young (Allocation Failure)
[17.175s][info][gc,heap        ] GC(12) PSYoungGen: 499712K(500224K)->1600K(489984K) Eden: 499712K(499712K)->0K(487936K) From: 0K(512K)->1600K(2048K)
[17.175s][info][gc,heap        ] GC(12) ParOldGen: 4067K(1398272K)->4067K(1398272K)
[17.175s][info][gc,metaspace   ] GC(12) Metaspace: 9860K(10176K)->9860K(10176K) NonClass: 8559K(8768K)->8559K(8768K) Class: 1301K(1408K)->1301K(1408K)
[17.175s][info][gc             ] GC(12) Pause Young (Allocation Failure) 491M->5M(1844M) 2.592ms
[17.175s][info][gc,cpu         ] GC(12) User=0.13s Sys=0.41s Real=0.02s
[19.179s][info][gc,start       ] GC(13) Pause Young (Allocation Failure)
[19.182s][info][gc,heap        ] GC(13) PSYoungGen: 489536K(489984K)->1728K(478720K) Eden: 487936K(487936K)->0K(476672K) From: 1600K(2048K)->1728K(2048K)
[19.182s][info][gc,heap        ] GC(13) ParOldGen: 4067K(1398272K)->4067K(1398272K)
[19.182s][info][gc,metaspace   ] GC(13) Metaspace: 9860K(10176K)->9860K(10176K) NonClass: 8559K(8768K)->8559K(8768K) Class: 1301K(1408K)->1301K(1408K)
[19.182s][info][gc             ] GC(13) Pause Young (Allocation Failure) 482M->5M(1833M) 2.788ms
[19.182s][info][gc,cpu         ] GC(13) User=0.00s Sys=0.00s Real=0.00s
[21.136s][info][gc,start       ] GC(14) Pause Young (Allocation Failure)
[21.138s][info][gc,heap        ] GC(14) PSYoungGen: 478400K(478720K)->1376K(466944K) Eden: 476672K(476672K)->0K(465408K) From: 1728K(2048K)->1376K(1536K)
[21.139s][info][gc,heap        ] GC(14) ParOldGen: 4067K(1398272K)->4651K(1398272K)
[21.139s][info][gc,metaspace   ] GC(14) Metaspace: 9860K(10176K)->9860K(10176K) NonClass: 8559K(8768K)->8559K(8768K) Class: 1301K(1408K)->1301K(1408K)
[21.139s][info][gc             ] GC(14) Pause Young (Allocation Failure) 471M->5M(1821M) 2.309ms
[21.139s][info][gc,cpu         ] GC(14) User=0.00s Sys=0.00s Real=0.00s
[21.850s][info][gc,start       ] GC(15) Pause Young (System.gc())
[21.852s][info][gc,heap        ] GC(15) PSYoungGen: 174616K(466944K)->1024K(466432K) Eden: 173240K(465408K)->0K(465408K) From: 1376K(1536K)->1024K(1024K)
[21.852s][info][gc,heap        ] GC(15) ParOldGen: 4651K(1398272K)->5235K(1398272K)
[21.852s][info][gc,metaspace   ] GC(15) Metaspace: 9861K(10176K)->9861K(10176K) NonClass: 8560K(8768K)->8560K(8768K) Class: 1301K(1408K)->1301K(1408K)
[21.852s][info][gc             ] GC(15) Pause Young (System.gc()) 175M->6M(1821M) 1.892ms
[21.852s][info][gc,cpu         ] GC(15) User=0.00s Sys=0.00s Real=0.00s
[21.852s][info][gc,start       ] GC(16) Pause Full (System.gc())
[21.852s][info][gc,phases,start] GC(16) Marking Phase
[21.868s][info][gc,phases      ] GC(16) Marking Phase 16.158ms
[21.868s][info][gc,phases,start] GC(16) Summary Phase
[21.868s][info][gc,phases      ] GC(16) Summary Phase 0.021ms
[21.868s][info][gc,phases,start] GC(16) Adjust Roots
[21.873s][info][gc,phases      ] GC(16) Adjust Roots 4.456ms
[21.873s][info][gc,phases,start] GC(16) Compaction Phase
[21.877s][info][gc,phases      ] GC(16) Compaction Phase 3.789ms
[21.877s][info][gc,phases,start] GC(16) Post Compact
[21.877s][info][gc,phases      ] GC(16) Post Compact 0.785ms
[21.877s][info][gc,heap        ] GC(16) PSYoungGen: 1024K(466432K)->0K(466432K) Eden: 0K(465408K)->0K(465408K) From: 1024K(1024K)->0K(1024K)
[21.877s][info][gc,heap        ] GC(16) ParOldGen: 5235K(1398272K)->4067K(1398272K)
[21.878s][info][gc,metaspace   ] GC(16) Metaspace: 9861K(10176K)->9861K(10176K) NonClass: 8560K(8768K)->8560K(8768K) Class: 1301K(1408K)->1301K(1408K)
[21.878s][info][gc             ] GC(16) Pause Full (System.gc()) 6M->3M(1821M) 25.489ms
[21.878s][info][gc,cpu         ] GC(16) User=1.03s Sys=0.00s Real=0.03s
[23.791s][info][gc,start       ] GC(17) Pause Young (Allocation Failure)
[23.793s][info][gc,heap        ] GC(17) PSYoungGen: 465408K(466432K)->1536K(456192K) Eden: 465408K(465408K)->0K(454656K) From: 0K(1024K)->1536K(1536K)
[23.793s][info][gc,heap        ] GC(17) ParOldGen: 4067K(1398272K)->4067K(1398272K)
[23.793s][info][gc,metaspace   ] GC(17) Metaspace: 9863K(10176K)->9863K(10176K) NonClass: 8561K(8768K)->8561K(8768K) Class: 1301K(1408K)->1301K(1408K)
[23.793s][info][gc             ] GC(17) Pause Young (Allocation Failure) 458M->5M(1811M) 2.228ms
[23.793s][info][gc,cpu         ] GC(17) User=0.00s Sys=0.00s Real=0.00s
[25.646s][info][gc,start       ] GC(18) Pause Young (Allocation Failure)
[25.648s][info][gc,heap        ] GC(18) PSYoungGen: 456192K(456192K)->1312K(445952K) Eden: 454656K(454656K)->0K(444416K) From: 1536K(1536K)->1312K(1536K)
[25.648s][info][gc,heap        ] GC(18) ParOldGen: 4067K(1398272K)->4611K(1398272K)
[25.648s][info][gc,metaspace   ] GC(18) Metaspace: 9863K(10176K)->9863K(10176K) NonClass: 8561K(8768K)->8561K(8768K) Class: 1301K(1408K)->1301K(1408K)
[25.648s][info][gc             ] GC(18) Pause Young (Allocation Failure) 449M->5M(1801M) 2.160ms
[25.648s][info][gc,cpu         ] GC(18) User=0.00s Sys=0.00s Real=0.00s
[27.475s][info][gc,start       ] GC(19) Pause Young (Allocation Failure)
[27.476s][info][gc,heap        ] GC(19) PSYoungGen: 445728K(445952K)->1280K(436224K) Eden: 444416K(444416K)->0K(434688K) From: 1312K(1536K)->1280K(1536K)
[27.476s][info][gc,heap        ] GC(19) ParOldGen: 4611K(1398272K)->5115K(1398272K)
[27.476s][info][gc,metaspace   ] GC(19) Metaspace: 9863K(10176K)->9863K(10176K) NonClass: 8561K(8768K)->8561K(8768K) Class: 1301K(1408K)->1301K(1408K)
[27.476s][info][gc             ] GC(19) Pause Young (Allocation Failure) 439M->6M(1791M) 1.451ms
[27.476s][info][gc,cpu         ] GC(19) User=0.00s Sys=0.02s Real=0.02s
[28.596s][info][gc,start       ] GC(20) Pause Young (System.gc())
[28.598s][info][gc,heap        ] GC(20) PSYoungGen: 275726K(436224K)->1152K(436224K) Eden: 274446K(434688K)->0K(434688K) From: 1280K(1536K)->1152K(1536K)
[28.598s][info][gc,heap        ] GC(20) ParOldGen: 5115K(1398272K)->5435K(1398272K)
[28.598s][info][gc,metaspace   ] GC(20) Metaspace: 9863K(10176K)->9863K(10176K) NonClass: 8561K(8768K)->8561K(8768K) Class: 1301K(1408K)->1301K(1408K)
[28.598s][info][gc             ] GC(20) Pause Young (System.gc()) 274M->6M(1791M) 1.810ms
[28.598s][info][gc,cpu         ] GC(20) User=0.00s Sys=0.00s Real=0.00s
[28.598s][info][gc,start       ] GC(21) Pause Full (System.gc())
[28.598s][info][gc,phases,start] GC(21) Marking Phase
[28.616s][info][gc,phases      ] GC(21) Marking Phase 17.313ms
[28.616s][info][gc,phases,start] GC(21) Summary Phase
[28.616s][info][gc,phases      ] GC(21) Summary Phase 0.022ms
[28.616s][info][gc,phases,start] GC(21) Adjust Roots
[28.620s][info][gc,phases      ] GC(21) Adjust Roots 4.448ms
[28.620s][info][gc,phases,start] GC(21) Compaction Phase
[28.624s][info][gc,phases      ] GC(21) Compaction Phase 4.122ms
[28.624s][info][gc,phases,start] GC(21) Post Compact
[28.625s][info][gc,phases      ] GC(21) Post Compact 0.797ms
[28.625s][info][gc,heap        ] GC(21) PSYoungGen: 1152K(436224K)->0K(436224K) Eden: 0K(434688K)->0K(434688K) From: 1152K(1536K)->0K(1536K)
[28.625s][info][gc,heap        ] GC(21) ParOldGen: 5435K(1398272K)->4072K(1398272K)
[28.625s][info][gc,metaspace   ] GC(21) Metaspace: 9863K(10176K)->9863K(10176K) NonClass: 8561K(8768K)->8561K(8768K) Class: 1301K(1408K)->1301K(1408K)
[28.625s][info][gc             ] GC(21) Pause Full (System.gc()) 6M->3M(1791M) 26.974ms
[28.625s][info][gc,cpu         ] GC(21) User=0.53s Sys=0.00s Real=0.03s
[30.404s][info][gc,start       ] GC(22) Pause Young (Allocation Failure)
[30.405s][info][gc,heap        ] GC(22) PSYoungGen: 434688K(436224K)->1824K(427008K) Eden: 434688K(434688K)->0K(424960K) From: 0K(1536K)->1824K(2048K)
[30.405s][info][gc,heap        ] GC(22) ParOldGen: 4072K(1398272K)->4072K(1398272K)
[30.405s][info][gc,metaspace   ] GC(22) Metaspace: 9864K(10176K)->9864K(10176K) NonClass: 8563K(8768K)->8563K(8768K) Class: 1301K(1408K)->1301K(1408K)
[30.405s][info][gc             ] GC(22) Pause Young (Allocation Failure) 428M->5M(1782M) 1.628ms
[30.405s][info][gc,cpu         ] GC(22) User=0.00s Sys=0.00s Real=0.00s
[32.160s][info][gc,start       ] GC(23) Pause Young (Allocation Failure)
[32.162s][info][gc,heap        ] GC(23) PSYoungGen: 426784K(427008K)->1184K(417280K) Eden: 424960K(424960K)->0K(415744K) From: 1824K(2048K)->1184K(1536K)
[32.162s][info][gc,heap        ] GC(23) ParOldGen: 4072K(1398272K)->4840K(1398272K)
[32.162s][info][gc,metaspace   ] GC(23) Metaspace: 9864K(10176K)->9864K(10176K) NonClass: 8563K(8768K)->8563K(8768K) Class: 1301K(1408K)->1301K(1408K)
[32.162s][info][gc             ] GC(23) Pause Young (Allocation Failure) 420M->5M(1773M) 2.019ms
[32.162s][info][gc,cpu         ] GC(23) User=0.00s Sys=0.00s Real=0.00s
[33.843s][info][gc,start       ] GC(24) Pause Young (Allocation Failure)
[33.845s][info][gc,heap        ] GC(24) PSYoungGen: 416928K(417280K)->1184K(408576K) Eden: 415744K(415744K)->0K(407040K) From: 1184K(1536K)->1184K(1536K)
[33.845s][info][gc,heap        ] GC(24) ParOldGen: 4840K(1398272K)->5208K(1398272K)
[33.845s][info][gc,metaspace   ] GC(24) Metaspace: 9864K(10176K)->9864K(10176K) NonClass: 8563K(8768K)->8563K(8768K) Class: 1301K(1408K)->1301K(1408K)
[33.845s][info][gc             ] GC(24) Pause Young (Allocation Failure) 411M->6M(1764M) 1.384ms
[33.845s][info][gc,cpu         ] GC(24) User=0.00s Sys=0.00s Real=0.00s
[35.305s][info][gc,start       ] GC(25) Pause Young (System.gc())
[35.306s][info][gc,heap        ] GC(25) PSYoungGen: 354620K(408576K)->1184K(408576K) Eden: 353436K(407040K)->0K(407040K) From: 1184K(1536K)->1184K(1536K)
[35.306s][info][gc,heap        ] GC(25) ParOldGen: 5208K(1398272K)->5632K(1398272K)
[35.306s][info][gc,metaspace   ] GC(25) Metaspace: 9864K(10176K)->9864K(10176K) NonClass: 8563K(8768K)->8563K(8768K) Class: 1301K(1408K)->1301K(1408K)
[35.306s][info][gc             ] GC(25) Pause Young (System.gc()) 351M->6M(1764M) 1.668ms
[35.306s][info][gc,cpu         ] GC(25) User=0.00s Sys=0.00s Real=0.00s
[35.307s][info][gc,start       ] GC(26) Pause Full (System.gc())
[35.307s][info][gc,phases,start] GC(26) Marking Phase
[35.322s][info][gc,phases      ] GC(26) Marking Phase 15.775ms
[35.322s][info][gc,phases,start] GC(26) Summary Phase
[35.322s][info][gc,phases      ] GC(26) Summary Phase 0.034ms
[35.322s][info][gc,phases,start] GC(26) Adjust Roots
[35.326s][info][gc,phases      ] GC(26) Adjust Roots 3.871ms
[35.326s][info][gc,phases,start] GC(26) Compaction Phase
[35.332s][info][gc,phases      ] GC(26) Compaction Phase 6.044ms
[35.333s][info][gc,phases,start] GC(26) Post Compact
[35.333s][info][gc,phases      ] GC(26) Post Compact 0.809ms
[35.333s][info][gc,heap        ] GC(26) PSYoungGen: 1184K(408576K)->0K(408576K) Eden: 0K(407040K)->0K(407040K) From: 1184K(1536K)->0K(1536K)
[35.333s][info][gc,heap        ] GC(26) ParOldGen: 5632K(1398272K)->4073K(1398272K)
[35.333s][info][gc,metaspace   ] GC(26) Metaspace: 9864K(10176K)->9864K(10176K) NonClass: 8563K(8768K)->8563K(8768K) Class: 1301K(1408K)->1301K(1408K)
[35.333s][info][gc             ] GC(26) Pause Full (System.gc()) 6M->3M(1764M) 26.921ms
[35.334s][info][gc,cpu         ] GC(26) User=0.02s Sys=0.00s Real=0.03s
[37.009s][info][gc,start       ] GC(27) Pause Young (Allocation Failure)
[37.011s][info][gc,heap        ] GC(27) PSYoungGen: 407040K(408576K)->1888K(400384K) Eden: 407040K(407040K)->0K(398336K) From: 0K(1536K)->1888K(2048K)
[37.011s][info][gc,heap        ] GC(27) ParOldGen: 4073K(1398272K)->4073K(1398272K)
[37.011s][info][gc,metaspace   ] GC(27) Metaspace: 9865K(10176K)->9865K(10176K) NonClass: 8564K(8768K)->8564K(8768K) Class: 1301K(1408K)->1301K(1408K)
[37.011s][info][gc             ] GC(27) Pause Young (Allocation Failure) 401M->5M(1756M) 1.789ms
[37.011s][info][gc,cpu         ] GC(27) User=0.00s Sys=0.00s Real=0.00s
[38.630s][info][gc,start       ] GC(28) Pause Young (Allocation Failure)
[38.632s][info][gc,heap        ] GC(28) PSYoungGen: 400224K(400384K)->1440K(391680K) Eden: 398336K(398336K)->0K(390144K) From: 1888K(2048K)->1440K(1536K)
[38.632s][info][gc,heap        ] GC(28) ParOldGen: 4073K(1398272K)->4617K(1398272K)
[38.632s][info][gc,metaspace   ] GC(28) Metaspace: 9865K(10176K)->9865K(10176K) NonClass: 8564K(8768K)->8564K(8768K) Class: 1301K(1408K)->1301K(1408K)
[38.633s][info][gc             ] GC(28) Pause Young (Allocation Failure) 394M->5M(1748M) 2.271ms
[38.633s][info][gc,cpu         ] GC(28) User=0.00s Sys=0.00s Real=0.00s
[40.237s][info][gc,start       ] GC(29) Pause Young (Allocation Failure)
[40.239s][info][gc,heap        ] GC(29) PSYoungGen: 391584K(391680K)->1152K(383488K) Eden: 390144K(390144K)->0K(381952K) From: 1440K(1536K)->1152K(1536K)
[40.239s][info][gc,heap        ] GC(29) ParOldGen: 4617K(1398272K)->5001K(1398272K)
[40.239s][info][gc,metaspace   ] GC(29) Metaspace: 9865K(10176K)->9865K(10176K) NonClass: 8564K(8768K)->8564K(8768K) Class: 1301K(1408K)->1301K(1408K)
[40.239s][info][gc             ] GC(29) Pause Young (Allocation Failure) 386M->6M(1740M) 1.387ms
[40.239s][info][gc,cpu         ] GC(29) User=0.00s Sys=0.00s Real=0.00s
[41.818s][info][gc,start       ] GC(30) Pause Young (Allocation Failure)
[41.819s][info][gc,heap        ] GC(30) PSYoungGen: 383104K(383488K)->1184K(375808K) Eden: 381952K(381952K)->0K(374272K) From: 1152K(1536K)->1184K(1536K)
[41.819s][info][gc,heap        ] GC(30) ParOldGen: 5001K(1398272K)->5233K(1398272K)
[41.819s][info][gc,metaspace   ] GC(30) Metaspace: 9865K(10176K)->9865K(10176K) NonClass: 8564K(8768K)->8564K(8768K) Class: 1301K(1408K)->1301K(1408K)
[41.819s][info][gc             ] GC(30) Pause Young (Allocation Failure) 379M->6M(1732M) 1.680ms
[41.819s][info][gc,cpu         ] GC(30) User=0.00s Sys=0.00s Real=0.00s
[42.038s][info][gc,start       ] GC(31) Pause Young (System.gc())
[42.040s][info][gc,heap        ] GC(31) PSYoungGen: 55708K(375808K)->1088K(375808K) Eden: 54524K(374272K)->0K(374272K) From: 1184K(1536K)->1088K(1536K)
[42.040s][info][gc,heap        ] GC(31) ParOldGen: 5233K(1398272K)->5569K(1398272K)
[42.040s][info][gc,metaspace   ] GC(31) Metaspace: 9865K(10176K)->9865K(10176K) NonClass: 8564K(8768K)->8564K(8768K) Class: 1301K(1408K)->1301K(1408K)
[42.040s][info][gc             ] GC(31) Pause Young (System.gc()) 59M->6M(1732M) 1.484ms
[42.040s][info][gc,cpu         ] GC(31) User=0.00s Sys=0.00s Real=0.00s
[42.040s][info][gc,start       ] GC(32) Pause Full (System.gc())
[42.040s][info][gc,phases,start] GC(32) Marking Phase
[42.055s][info][gc,phases      ] GC(32) Marking Phase 14.855ms
[42.055s][info][gc,phases,start] GC(32) Summary Phase
[42.055s][info][gc,phases      ] GC(32) Summary Phase 0.022ms
[42.055s][info][gc,phases,start] GC(32) Adjust Roots
[42.059s][info][gc,phases      ] GC(32) Adjust Roots 4.389ms
[42.060s][info][gc,phases,start] GC(32) Compaction Phase
[42.064s][info][gc,phases      ] GC(32) Compaction Phase 4.094ms
[42.064s][info][gc,phases,start] GC(32) Post Compact
[42.064s][info][gc,phases      ] GC(32) Post Compact 0.797ms
[42.064s][info][gc,heap        ] GC(32) PSYoungGen: 1088K(375808K)->0K(375808K) Eden: 0K(374272K)->0K(374272K) From: 1088K(1536K)->0K(1536K)
[42.065s][info][gc,heap        ] GC(32) ParOldGen: 5569K(1398272K)->4073K(1398272K)
[42.065s][info][gc,metaspace   ] GC(32) Metaspace: 9865K(10176K)->9865K(10176K) NonClass: 8564K(8768K)->8564K(8768K) Class: 1301K(1408K)->1301K(1408K)
[42.065s][info][gc             ] GC(32) Pause Full (System.gc()) 6M->3M(1732M) 24.503ms
[42.065s][info][gc,cpu         ] GC(32) User=0.02s Sys=0.00s Real=0.02s
[43.598s][info][gc,start       ] GC(33) Pause Young (Allocation Failure)
[43.600s][info][gc,heap        ] GC(33) PSYoungGen: 374272K(375808K)->1792K(368640K) Eden: 374272K(374272K)->0K(366592K) From: 0K(1536K)->1792K(2048K)
[43.600s][info][gc,heap        ] GC(33) ParOldGen: 4073K(1398272K)->4073K(1398272K)
[43.600s][info][gc,metaspace   ] GC(33) Metaspace: 9866K(10176K)->9866K(10176K) NonClass: 8565K(8768K)->8565K(8768K) Class: 1301K(1408K)->1301K(1408K)
[43.600s][info][gc             ] GC(33) Pause Young (Allocation Failure) 369M->5M(1725M) 2.414ms
[43.600s][info][gc,cpu         ] GC(33) User=0.00s Sys=0.00s Real=0.00s
[45.104s][info][gc,start       ] GC(34) Pause Young (Allocation Failure)
[45.106s][info][gc,heap        ] GC(34) PSYoungGen: 368384K(368640K)->1120K(360960K) Eden: 366592K(366592K)->0K(359424K) From: 1792K(2048K)->1120K(1536K)
[45.106s][info][gc,heap        ] GC(34) ParOldGen: 4073K(1398272K)->4817K(1398272K)
[45.106s][info][gc,metaspace   ] GC(34) Metaspace: 9866K(10176K)->9866K(10176K) NonClass: 8565K(8768K)->8565K(8768K) Class: 1301K(1408K)->1301K(1408K)
[45.106s][info][gc             ] GC(34) Pause Young (Allocation Failure) 363M->5M(1718M) 1.529ms
[45.106s][info][gc,cpu         ] GC(34) User=0.00s Sys=0.00s Real=0.00s
[46.573s][info][gc,start       ] GC(35) Pause Young (Allocation Failure)
[46.575s][info][gc,heap        ] GC(35) PSYoungGen: 360544K(360960K)->1056K(353792K) Eden: 359424K(359424K)->0K(352256K) From: 1120K(1536K)->1056K(1536K)
[46.575s][info][gc,heap        ] GC(35) ParOldGen: 4817K(1398272K)->4817K(1398272K)
[46.575s][info][gc,metaspace   ] GC(35) Metaspace: 9866K(10176K)->9866K(10176K) NonClass: 8565K(8768K)->8565K(8768K) Class: 1301K(1408K)->1301K(1408K)
[46.575s][info][gc             ] GC(35) Pause Young (Allocation Failure) 356M->5M(1711M) 1.843ms
[46.575s][info][gc,cpu         ] GC(35) User=0.00s Sys=0.00s Real=0.00s
[48.040s][info][gc,start       ] GC(36) Pause Young (Allocation Failure)
[48.041s][info][gc,heap        ] GC(36) PSYoungGen: 353312K(353792K)->1056K(347136K) Eden: 352256K(352256K)->0K(345600K) From: 1056K(1536K)->1056K(1536K)
[48.042s][info][gc,heap        ] GC(36) ParOldGen: 4817K(1398272K)->5153K(1398272K)
[48.042s][info][gc,metaspace   ] GC(36) Metaspace: 9866K(10176K)->9866K(10176K) NonClass: 8565K(8768K)->8565K(8768K) Class: 1301K(1408K)->1301K(1408K)
[48.042s][info][gc             ] GC(36) Pause Young (Allocation Failure) 349M->6M(1704M) 1.264ms
[48.042s][info][gc,cpu         ] GC(36) User=0.00s Sys=0.00s Real=0.00s
[48.817s][info][gc,start       ] GC(37) Pause Young (System.gc())
[48.818s][info][gc,heap        ] GC(37) PSYoungGen: 189418K(347136K)->1248K(347136K) Eden: 188362K(345600K)->0K(345600K) From: 1056K(1536K)->1248K(1536K)
[48.818s][info][gc,heap        ] GC(37) ParOldGen: 5153K(1398272K)->5153K(1398272K)
[48.818s][info][gc,metaspace   ] GC(37) Metaspace: 9868K(10176K)->9868K(10176K) NonClass: 8566K(8768K)->8566K(8768K) Class: 1301K(1408K)->1301K(1408K)
[48.818s][info][gc             ] GC(37) Pause Young (System.gc()) 190M->6M(1704M) 1.749ms
[48.818s][info][gc,cpu         ] GC(37) User=0.00s Sys=0.00s Real=0.00s
[48.819s][info][gc,start       ] GC(38) Pause Full (System.gc())
[48.819s][info][gc,phases,start] GC(38) Marking Phase
[48.836s][info][gc,phases      ] GC(38) Marking Phase 16.997ms
[48.836s][info][gc,phases,start] GC(38) Summary Phase
[48.836s][info][gc,phases      ] GC(38) Summary Phase 0.018ms
[48.836s][info][gc,phases,start] GC(38) Adjust Roots
[48.840s][info][gc,phases      ] GC(38) Adjust Roots 4.171ms
[48.840s][info][gc,phases,start] GC(38) Compaction Phase
[48.844s][info][gc,phases      ] GC(38) Compaction Phase 4.011ms
[48.844s][info][gc,phases,start] GC(38) Post Compact
[48.845s][info][gc,phases      ] GC(38) Post Compact 0.802ms
[48.845s][info][gc,heap        ] GC(38) PSYoungGen: 1248K(347136K)->0K(347136K) Eden: 0K(345600K)->0K(345600K) From: 1248K(1536K)->0K(1536K)
[48.845s][info][gc,heap        ] GC(38) ParOldGen: 5153K(1398272K)->4073K(1398272K)
[48.845s][info][gc,metaspace   ] GC(38) Metaspace: 9868K(10176K)->9868K(10176K) NonClass: 8566K(8768K)->8566K(8768K) Class: 1301K(1408K)->1301K(1408K)
[48.845s][info][gc             ] GC(38) Pause Full (System.gc()) 6M->3M(1704M) 26.359ms
[48.845s][info][gc,cpu         ] GC(38) User=0.55s Sys=0.00s Real=0.03s
[50.270s][info][gc,start       ] GC(39) Pause Young (Allocation Failure)
[50.271s][info][gc,heap        ] GC(39) PSYoungGen: 345600K(347136K)->1664K(340992K) Eden: 345600K(345600K)->0K(338944K) From: 0K(1536K)->1664K(2048K)
[50.272s][info][gc,heap        ] GC(39) ParOldGen: 4073K(1398272K)->4073K(1398272K)
[50.272s][info][gc,metaspace   ] GC(39) Metaspace: 9868K(10176K)->9868K(10176K) NonClass: 8567K(8768K)->8567K(8768K) Class: 1301K(1408K)->1301K(1408K)
[50.272s][info][gc             ] GC(39) Pause Young (Allocation Failure) 341M->5M(1698M) 1.754ms
[50.272s][info][gc,cpu         ] GC(39) User=0.00s Sys=0.00s Real=0.00s
[51.644s][info][gc,start       ] GC(40) Pause Young (Allocation Failure)
[51.646s][info][gc,heap        ] GC(40) PSYoungGen: 340608K(340992K)->1344K(334336K) Eden: 338944K(338944K)->0K(332800K) From: 1664K(2048K)->1344K(1536K)
[51.646s][info][gc,heap        ] GC(40) ParOldGen: 4073K(1398272K)->4649K(1398272K)
[51.646s][info][gc,metaspace   ] GC(40) Metaspace: 9868K(10176K)->9868K(10176K) NonClass: 8567K(8768K)->8567K(8768K) Class: 1301K(1408K)->1301K(1408K)
[51.646s][info][gc             ] GC(40) Pause Young (Allocation Failure) 336M->5M(1692M) 2.151ms
[51.646s][info][gc,cpu         ] GC(40) User=0.00s Sys=0.00s Real=0.00s
[53.014s][info][gc,start       ] GC(41) Pause Young (Allocation Failure)
[53.016s][info][gc,heap        ] GC(41) PSYoungGen: 334144K(334336K)->1152K(328192K) Eden: 332800K(332800K)->0K(326656K) From: 1344K(1536K)->1152K(1536K)
[53.016s][info][gc,heap        ] GC(41) ParOldGen: 4649K(1398272K)->5017K(1398272K)
[53.016s][info][gc,metaspace   ] GC(41) Metaspace: 9868K(10176K)->9868K(10176K) NonClass: 8567K(8768K)->8567K(8768K) Class: 1301K(1408K)->1301K(1408K)
[53.016s][info][gc             ] GC(41) Pause Young (Allocation Failure) 330M->6M(1686M) 1.448ms
[53.016s][info][gc,cpu         ] GC(41) User=0.02s Sys=0.00s Real=0.02s
[54.357s][info][gc,start       ] GC(42) Pause Young (Allocation Failure)
[54.358s][info][gc,heap        ] GC(42) PSYoungGen: 327808K(328192K)->1056K(322048K) Eden: 326656K(326656K)->0K(320512K) From: 1152K(1536K)->1056K(1536K)
[54.359s][info][gc,heap        ] GC(42) ParOldGen: 5017K(1398272K)->5521K(1398272K)
[54.359s][info][gc,metaspace   ] GC(42) Metaspace: 9868K(10176K)->9868K(10176K) NonClass: 8567K(8768K)->8567K(8768K) Class: 1301K(1408K)->1301K(1408K)
[54.359s][info][gc             ] GC(42) Pause Young (Allocation Failure) 325M->6M(1680M) 1.632ms
[54.359s][info][gc,cpu         ] GC(42) User=0.00s Sys=0.00s Real=0.00s
[55.554s][info][gc,start       ] GC(43) Pause Young (System.gc())
[55.556s][info][gc,heap        ] GC(43) PSYoungGen: 288473K(322048K)->1056K(322048K) Eden: 287417K(320512K)->0K(320512K) From: 1056K(1536K)->1056K(1536K)
[55.556s][info][gc,heap        ] GC(43) ParOldGen: 5521K(1398272K)->5521K(1398272K)
[55.556s][info][gc,metaspace   ] GC(43) Metaspace: 9868K(10176K)->9868K(10176K) NonClass: 8567K(8768K)->8567K(8768K) Class: 1301K(1408K)->1301K(1408K)
[55.556s][info][gc             ] GC(43) Pause Young (System.gc()) 287M->6M(1680M) 1.504ms
[55.556s][info][gc,cpu         ] GC(43) User=0.00s Sys=0.00s Real=0.00s
[55.556s][info][gc,start       ] GC(44) Pause Full (System.gc())
[55.556s][info][gc,phases,start] GC(44) Marking Phase
[55.572s][info][gc,phases      ] GC(44) Marking Phase 15.783ms
[55.572s][info][gc,phases,start] GC(44) Summary Phase
[55.572s][info][gc,phases      ] GC(44) Summary Phase 0.022ms
[55.572s][info][gc,phases,start] GC(44) Adjust Roots
[55.576s][info][gc,phases      ] GC(44) Adjust Roots 4.421ms
[55.576s][info][gc,phases,start] GC(44) Compaction Phase
[55.580s][info][gc,phases      ] GC(44) Compaction Phase 3.464ms
[55.580s][info][gc,phases,start] GC(44) Post Compact
[55.580s][info][gc,phases      ] GC(44) Post Compact 0.716ms
[55.581s][info][gc,heap        ] GC(44) PSYoungGen: 1056K(322048K)->0K(322048K) Eden: 0K(320512K)->0K(320512K) From: 1056K(1536K)->0K(1536K)
[55.581s][info][gc,heap        ] GC(44) ParOldGen: 5521K(1398272K)->4073K(1398272K)
[55.581s][info][gc,metaspace   ] GC(44) Metaspace: 9868K(10176K)->9868K(10176K) NonClass: 8567K(8768K)->8567K(8768K) Class: 1301K(1408K)->1301K(1408K)
[55.581s][info][gc             ] GC(44) Pause Full (System.gc()) 6M->3M(1680M) 24.666ms
[55.581s][info][gc,cpu         ] GC(44) User=0.53s Sys=0.00s Real=0.03s
[56.898s][info][gc,start       ] GC(45) Pause Young (Allocation Failure)
[56.900s][info][gc,heap        ] GC(45) PSYoungGen: 320512K(322048K)->1632K(316928K) Eden: 320512K(320512K)->0K(314880K) From: 0K(1536K)->1632K(2048K)
[56.900s][info][gc,heap        ] GC(45) ParOldGen: 4073K(1398272K)->4073K(1398272K)
[56.900s][info][gc,metaspace   ] GC(45) Metaspace: 9872K(10176K)->9872K(10176K) NonClass: 8570K(8768K)->8570K(8768K) Class: 1301K(1408K)->1301K(1408K)
[56.900s][info][gc             ] GC(45) Pause Young (Allocation Failure) 316M->5M(1675M) 2.518ms
[56.900s][info][gc,cpu         ] GC(45) User=0.00s Sys=0.02s Real=0.02s
[58.190s][info][gc,start       ] GC(46) Pause Young (Allocation Failure)
[58.191s][info][gc,heap        ] GC(46) PSYoungGen: 316512K(316928K)->1440K(310784K) Eden: 314880K(314880K)->0K(309248K) From: 1632K(2048K)->1440K(1536K)
[58.191s][info][gc,heap        ] GC(46) ParOldGen: 4073K(1398272K)->4625K(1398272K)
[58.191s][info][gc,metaspace   ] GC(46) Metaspace: 9872K(10176K)->9872K(10176K) NonClass: 8570K(8768K)->8570K(8768K) Class: 1301K(1408K)->1301K(1408K)
[58.191s][info][gc             ] GC(46) Pause Young (Allocation Failure) 313M->5M(1669M) 1.462ms
[58.192s][info][gc,cpu         ] GC(46) User=0.00s Sys=0.00s Real=0.00s
[59.453s][info][gc,start       ] GC(47) Pause Young (Allocation Failure)
[59.455s][info][gc,heap        ] GC(47) PSYoungGen: 310688K(310784K)->1408K(305152K) Eden: 309248K(309248K)->0K(303616K) From: 1440K(1536K)->1408K(1536K)
[59.455s][info][gc,heap        ] GC(47) ParOldGen: 4625K(1398272K)->4817K(1398272K)
[59.455s][info][gc,metaspace   ] GC(47) Metaspace: 9872K(10176K)->9872K(10176K) NonClass: 8570K(8768K)->8570K(8768K) Class: 1301K(1408K)->1301K(1408K)
[59.455s][info][gc             ] GC(47) Pause Young (Allocation Failure) 307M->6M(1663M) 2.253ms
[59.455s][info][gc,cpu         ] GC(47) User=0.00s Sys=0.00s Real=0.00s
[60.688s][info][gc,start       ] GC(48) Pause Young (Allocation Failure)
[60.690s][info][gc,heap        ] GC(48) PSYoungGen: 305024K(305152K)->1472K(300032K) Eden: 303616K(303616K)->0K(298496K) From: 1408K(1536K)->1472K(1536K)
[60.690s][info][gc,heap        ] GC(48) ParOldGen: 4817K(1398272K)->5329K(1398272K)
[60.690s][info][gc,metaspace   ] GC(48) Metaspace: 9872K(10176K)->9872K(10176K) NonClass: 8570K(8768K)->8570K(8768K) Class: 1301K(1408K)->1301K(1408K)
[60.690s][info][gc             ] GC(48) Pause Young (Allocation Failure) 302M->6M(1658M) 1.518ms
[60.690s][info][gc,cpu         ] GC(48) User=0.00s Sys=0.00s Real=0.00s
[61.899s][info][gc,start       ] GC(49) Pause Young (Allocation Failure)
[61.901s][info][gc,heap        ] GC(49) PSYoungGen: 299968K(300032K)->1088K(294912K) Eden: 298496K(298496K)->0K(293376K) From: 1472K(1536K)->1088K(1536K)
[61.901s][info][gc,heap        ] GC(49) ParOldGen: 5329K(1398272K)->5801K(1398272K)
[61.901s][info][gc,metaspace   ] GC(49) Metaspace: 9872K(10176K)->9872K(10176K) NonClass: 8570K(8768K)->8570K(8768K) Class: 1301K(1408K)->1301K(1408K)
[61.901s][info][gc             ] GC(49) Pause Young (Allocation Failure) 298M->6M(1653M) 1.862ms
[61.901s][info][gc,cpu         ] GC(49) User=0.00s Sys=0.00s Real=0.00s
[62.266s][info][gc,start       ] GC(50) Pause Young (System.gc())
[62.267s][info][gc,heap        ] GC(50) PSYoungGen: 90971K(294912K)->1056K(294912K) Eden: 89883K(293376K)->0K(293376K) From: 1088K(1536K)->1056K(1536K)
[62.267s][info][gc,heap        ] GC(50) ParOldGen: 5801K(1398272K)->5801K(1398272K)
[62.267s][info][gc,metaspace   ] GC(50) Metaspace: 9872K(10176K)->9872K(10176K) NonClass: 8570K(8768K)->8570K(8768K) Class: 1301K(1408K)->1301K(1408K)
[62.267s][info][gc             ] GC(50) Pause Young (System.gc()) 94M->6M(1653M) 1.257ms
[62.267s][info][gc,cpu         ] GC(50) User=0.00s Sys=0.02s Real=0.02s
[62.267s][info][gc,start       ] GC(51) Pause Full (System.gc())
[62.267s][info][gc,phases,start] GC(51) Marking Phase
[62.282s][info][gc,phases      ] GC(51) Marking Phase 14.599ms
[62.282s][info][gc,phases,start] GC(51) Summary Phase
[62.282s][info][gc,phases      ] GC(51) Summary Phase 0.021ms
[62.282s][info][gc,phases,start] GC(51) Adjust Roots
[62.286s][info][gc,phases      ] GC(51) Adjust Roots 4.396ms
[62.286s][info][gc,phases,start] GC(51) Compaction Phase
[62.290s][info][gc,phases      ] GC(51) Compaction Phase 3.987ms
[62.290s][info][gc,phases,start] GC(51) Post Compact
[62.291s][info][gc,phases      ] GC(51) Post Compact 0.700ms
[62.291s][info][gc,heap        ] GC(51) PSYoungGen: 1056K(294912K)->0K(294912K) Eden: 0K(293376K)->0K(293376K) From: 1056K(1536K)->0K(1536K)
[62.291s][info][gc,heap        ] GC(51) ParOldGen: 5801K(1398272K)->4073K(1398272K)
[62.291s][info][gc,metaspace   ] GC(51) Metaspace: 9872K(10176K)->9872K(10176K) NonClass: 8570K(8768K)->8570K(8768K) Class: 1301K(1408K)->1301K(1408K)
[62.291s][info][gc             ] GC(51) Pause Full (System.gc()) 6M->3M(1653M) 23.950ms
[62.291s][info][gc,cpu         ] GC(51) User=0.52s Sys=0.00s Real=0.02s
[63.482s][info][gc,start       ] GC(52) Pause Young (Allocation Failure)
[63.484s][info][gc,heap        ] GC(52) PSYoungGen: 293376K(294912K)->1568K(290304K) Eden: 293376K(293376K)->0K(288256K) From: 0K(1536K)->1568K(2048K)
[63.484s][info][gc,heap        ] GC(52) ParOldGen: 4073K(1398272K)->4073K(1398272K)
[63.484s][info][gc,metaspace   ] GC(52) Metaspace: 9872K(10176K)->9872K(10176K) NonClass: 8571K(8768K)->8571K(8768K) Class: 1301K(1408K)->1301K(1408K)
[63.484s][info][gc             ] GC(52) Pause Young (Allocation Failure) 290M->5M(1649M) 1.868ms
[63.484s][info][gc,cpu         ] GC(52) User=0.00s Sys=0.00s Real=0.00s
[64.664s][info][gc,start       ] GC(53) Pause Young (Allocation Failure)
[64.665s][info][gc,heap        ] GC(53) PSYoungGen: 289824K(290304K)->1024K(284672K) Eden: 288256K(288256K)->0K(283648K) From: 1568K(2048K)->1024K(1024K)
[64.665s][info][gc,heap        ] GC(53) ParOldGen: 4073K(1398272K)->4705K(1398272K)
[64.665s][info][gc,metaspace   ] GC(53) Metaspace: 9872K(10176K)->9872K(10176K) NonClass: 8571K(8768K)->8571K(8768K) Class: 1301K(1408K)->1301K(1408K)
[64.665s][info][gc             ] GC(53) Pause Young (Allocation Failure) 287M->5M(1643M) 1.406ms
[64.665s][info][gc,cpu         ] GC(53) User=0.00s Sys=0.00s Real=0.00s
[65.834s][info][gc,start       ] GC(54) Pause Young (Allocation Failure)
[65.836s][info][gc,heap        ] GC(54) PSYoungGen: 284672K(284672K)->1312K(281600K) Eden: 283648K(283648K)->0K(279040K) From: 1024K(1024K)->1312K(2560K)
[65.836s][info][gc,heap        ] GC(54) ParOldGen: 4705K(1398272K)->5049K(1398272K)
[65.836s][info][gc,metaspace   ] GC(54) Metaspace: 9872K(10176K)->9872K(10176K) NonClass: 8571K(8768K)->8571K(8768K) Class: 1301K(1408K)->1301K(1408K)
[65.836s][info][gc             ] GC(54) Pause Young (Allocation Failure) 282M->6M(1640M) 2.198ms
[65.836s][info][gc,cpu         ] GC(54) User=0.00s Sys=0.00s Real=0.00s
[66.972s][info][gc,start       ] GC(55) Pause Young (Allocation Failure)
[66.973s][info][gc,heap        ] GC(55) PSYoungGen: 280352K(281600K)->1056K(275968K) Eden: 279040K(279040K)->0K(274432K) From: 1312K(2560K)->1056K(1536K)
[66.973s][info][gc,heap        ] GC(55) ParOldGen: 5049K(1398272K)->5513K(1398272K)
[66.973s][info][gc,metaspace   ] GC(55) Metaspace: 9872K(10176K)->9872K(10176K) NonClass: 8571K(8768K)->8571K(8768K) Class: 1301K(1408K)->1301K(1408K)
[66.973s][info][gc             ] GC(55) Pause Young (Allocation Failure) 278M->6M(1635M) 1.350ms
[66.973s][info][gc,cpu         ] GC(55) User=0.00s Sys=0.00s Real=0.00s
[68.100s][info][gc,start       ] GC(56) Pause Young (Allocation Failure)
[68.101s][info][gc,heap        ] GC(56) PSYoungGen: 275488K(275968K)->1056K(271360K) Eden: 274432K(274432K)->0K(269824K) From: 1056K(1536K)->1056K(1536K)
[68.101s][info][gc,heap        ] GC(56) ParOldGen: 5513K(1398272K)->5513K(1398272K)
[68.101s][info][gc,metaspace   ] GC(56) Metaspace: 9872K(10176K)->9872K(10176K) NonClass: 8571K(8768K)->8571K(8768K) Class: 1301K(1408K)->1301K(1408K)
[68.101s][info][gc             ] GC(56) Pause Young (Allocation Failure) 274M->6M(1630M) 1.269ms
[68.101s][info][gc,cpu         ] GC(56) User=0.00s Sys=0.00s Real=0.00s
[68.959s][info][gc,start       ] GC(57) Pause Young (System.gc())
[68.960s][info][gc,heap        ] GC(57) PSYoungGen: 211267K(271360K)->1056K(271360K) Eden: 210211K(269824K)->0K(269824K) From: 1056K(1536K)->1056K(1536K)
[68.960s][info][gc,heap        ] GC(57) ParOldGen: 5513K(1398272K)->5513K(1398272K)
[68.960s][info][gc,metaspace   ] GC(57) Metaspace: 9872K(10176K)->9872K(10176K) NonClass: 8571K(8768K)->8571K(8768K) Class: 1301K(1408K)->1301K(1408K)
[68.960s][info][gc             ] GC(57) Pause Young (System.gc()) 211M->6M(1630M) 1.162ms
[68.960s][info][gc,cpu         ] GC(57) User=0.00s Sys=0.00s Real=0.00s
[68.960s][info][gc,start       ] GC(58) Pause Full (System.gc())
[68.961s][info][gc,phases,start] GC(58) Marking Phase
[68.976s][info][gc,phases      ] GC(58) Marking Phase 15.882ms
[68.976s][info][gc,phases,start] GC(58) Summary Phase
[68.976s][info][gc,phases      ] GC(58) Summary Phase 0.021ms
[68.976s][info][gc,phases,start] GC(58) Adjust Roots
[68.980s][info][gc,phases      ] GC(58) Adjust Roots 3.818ms
[68.980s][info][gc,phases,start] GC(58) Compaction Phase
[68.984s][info][gc,phases      ] GC(58) Compaction Phase 3.994ms
[68.984s][info][gc,phases,start] GC(58) Post Compact
[68.985s][info][gc,phases      ] GC(58) Post Compact 0.745ms
[68.985s][info][gc,heap        ] GC(58) PSYoungGen: 1056K(271360K)->0K(271360K) Eden: 0K(269824K)->0K(269824K) From: 1056K(1536K)->0K(1536K)
[68.985s][info][gc,heap        ] GC(58) ParOldGen: 5513K(1398272K)->4074K(1398272K)
[68.985s][info][gc,metaspace   ] GC(58) Metaspace: 9872K(10176K)->9872K(10176K) NonClass: 8571K(8768K)->8571K(8768K) Class: 1301K(1408K)->1301K(1408K)
[68.985s][info][gc             ] GC(58) Pause Full (System.gc()) 6M->3M(1630M) 24.746ms
[68.985s][info][gc,cpu         ] GC(58) User=0.52s Sys=0.02s Real=0.03s
[70.104s][info][gc,start       ] GC(59) Pause Young (Allocation Failure)
[70.107s][info][gc,heap        ] GC(59) PSYoungGen: 269824K(271360K)->1600K(267776K) Eden: 269824K(269824K)->0K(265728K) From: 0K(1536K)->1600K(2048K)
[70.107s][info][gc,heap        ] GC(59) ParOldGen: 4074K(1398272K)->4074K(1398272K)
[70.107s][info][gc,metaspace   ] GC(59) Metaspace: 9872K(10176K)->9872K(10176K) NonClass: 8571K(8768K)->8571K(8768K) Class: 1301K(1408K)->1301K(1408K)
[70.107s][info][gc             ] GC(59) Pause Young (Allocation Failure) 267M->5M(1627M) 2.202ms
[70.107s][info][gc,cpu         ] GC(59) User=0.11s Sys=0.41s Real=0.02s
[71.185s][info][gc,start       ] GC(60) Pause Young (Allocation Failure)
[71.186s][info][gc,heap        ] GC(60) PSYoungGen: 267328K(267776K)->1024K(262656K) Eden: 265728K(265728K)->0K(261632K) From: 1600K(2048K)->1024K(1024K)
[71.186s][info][gc,heap        ] GC(60) ParOldGen: 4074K(1398272K)->4874K(1398272K)
[71.186s][info][gc,metaspace   ] GC(60) Metaspace: 9872K(10176K)->9872K(10176K) NonClass: 8571K(8768K)->8571K(8768K) Class: 1301K(1408K)->1301K(1408K)
[71.186s][info][gc             ] GC(60) Pause Young (Allocation Failure) 265M->5M(1622M) 1.335ms
[71.186s][info][gc,cpu         ] GC(60) User=0.00s Sys=0.00s Real=0.00s
[72.240s][info][gc,start       ] GC(61) Pause Young (Allocation Failure)
[72.242s][info][gc,heap        ] GC(61) PSYoungGen: 262656K(262656K)->1184K(259072K) Eden: 261632K(261632K)->0K(257536K) From: 1024K(1024K)->1184K(1536K)
[72.242s][info][gc,heap        ] GC(61) ParOldGen: 4874K(1398272K)->5218K(1398272K)
[72.242s][info][gc,metaspace   ] GC(61) Metaspace: 9872K(10176K)->9872K(10176K) NonClass: 8571K(8768K)->8571K(8768K) Class: 1301K(1408K)->1301K(1408K)
[72.242s][info][gc             ] GC(61) Pause Young (Allocation Failure) 261M->6M(1618M) 1.879ms
[72.242s][info][gc,cpu         ] GC(61) User=0.00s Sys=0.00s Real=0.00s
[73.301s][info][gc,start       ] GC(62) Pause Young (Allocation Failure)
[73.303s][info][gc,heap        ] GC(62) PSYoungGen: 258720K(259072K)->1024K(254464K) Eden: 257536K(257536K)->0K(253440K) From: 1184K(1536K)->1024K(1024K)
[73.303s][info][gc,heap        ] GC(62) ParOldGen: 5218K(1398272K)->5562K(1398272K)
[73.303s][info][gc,metaspace   ] GC(62) Metaspace: 9872K(10176K)->9872K(10176K) NonClass: 8571K(8768K)->8571K(8768K) Class: 1301K(1408K)->1301K(1408K)
[73.303s][info][gc             ] GC(62) Pause Young (Allocation Failure) 257M->6M(1614M) 1.493ms
[73.303s][info][gc,cpu         ] GC(62) User=0.00s Sys=0.00s Real=0.00s
[74.341s][info][gc,start       ] GC(63) Pause Young (Allocation Failure)
[74.343s][info][gc,heap        ] GC(63) PSYoungGen: 254464K(254464K)->1184K(251904K) Eden: 253440K(253440K)->0K(249344K) From: 1024K(1024K)->1184K(2560K)
[74.343s][info][gc,heap        ] GC(63) ParOldGen: 5562K(1398272K)->5562K(1398272K)
[74.343s][info][gc,metaspace   ] GC(63) Metaspace: 9872K(10176K)->9872K(10176K) NonClass: 8571K(8768K)->8571K(8768K) Class: 1301K(1408K)->1301K(1408K)
[74.343s][info][gc             ] GC(63) Pause Young (Allocation Failure) 253M->6M(1611M) 1.745ms
[74.343s][info][gc,cpu         ] GC(63) User=0.00s Sys=0.00s Real=0.00s
[75.345s][info][gc,start       ] GC(64) Pause Young (Allocation Failure)
[75.346s][info][gc,heap        ] GC(64) PSYoungGen: 250528K(251904K)->1152K(247296K) Eden: 249344K(249344K)->0K(245760K) From: 1184K(2560K)->1152K(1536K)
[75.346s][info][gc,heap        ] GC(64) ParOldGen: 5562K(1398272K)->5946K(1398272K)
[75.346s][info][gc,metaspace   ] GC(64) Metaspace: 9872K(10176K)->9872K(10176K) NonClass: 8571K(8768K)->8571K(8768K) Class: 1301K(1408K)->1301K(1408K)
[75.346s][info][gc             ] GC(64) Pause Young (Allocation Failure) 250M->6M(1607M) 1.502ms
[75.346s][info][gc,cpu         ] GC(64) User=0.00s Sys=0.00s Real=0.00s
[75.683s][info][gc,start       ] GC(65) Pause Young (System.gc())
[75.684s][info][gc,heap        ] GC(65) PSYoungGen: 82165K(247296K)->992K(246784K) Eden: 81013K(245760K)->0K(245760K) From: 1152K(1536K)->992K(1024K)
[75.684s][info][gc,heap        ] GC(65) ParOldGen: 5946K(1398272K)->6314K(1398272K)
[75.684s][info][gc,metaspace   ] GC(65) Metaspace: 9874K(10176K)->9874K(10176K) NonClass: 8573K(8768K)->8573K(8768K) Class: 1301K(1408K)->1301K(1408K)
[75.684s][info][gc             ] GC(65) Pause Young (System.gc()) 86M->7M(1606M) 1.348ms
[75.684s][info][gc,cpu         ] GC(65) User=0.00s Sys=0.00s Real=0.00s
[75.685s][info][gc,start       ] GC(66) Pause Full (System.gc())
[75.685s][info][gc,phases,start] GC(66) Marking Phase
[75.701s][info][gc,phases      ] GC(66) Marking Phase 16.076ms
[75.701s][info][gc,phases,start] GC(66) Summary Phase
[75.701s][info][gc,phases      ] GC(66) Summary Phase 0.025ms
[75.701s][info][gc,phases,start] GC(66) Adjust Roots
[75.704s][info][gc,phases      ] GC(66) Adjust Roots 2.808ms
[75.704s][info][gc,phases,start] GC(66) Compaction Phase
[75.706s][info][gc,phases      ] GC(66) Compaction Phase 2.772ms
[75.706s][info][gc,phases,start] GC(66) Post Compact
[75.707s][info][gc,phases      ] GC(66) Post Compact 0.727ms
[75.707s][info][gc,heap        ] GC(66) PSYoungGen: 992K(246784K)->0K(246784K) Eden: 0K(245760K)->0K(245760K) From: 992K(1024K)->0K(1024K)
[75.707s][info][gc,heap        ] GC(66) ParOldGen: 6314K(1398272K)->4074K(1398272K)
[75.707s][info][gc,metaspace   ] GC(66) Metaspace: 9874K(10176K)->9874K(10176K) NonClass: 8573K(8768K)->8573K(8768K) Class: 1301K(1408K)->1301K(1408K)
[75.707s][info][gc             ] GC(66) Pause Full (System.gc()) 7M->3M(1606M) 22.665ms
[75.707s][info][gc,cpu         ] GC(66) User=0.02s Sys=0.00s Real=0.01s
[76.716s][info][gc,start       ] GC(67) Pause Young (Allocation Failure)
[76.718s][info][gc,heap        ] GC(67) PSYoungGen: 245760K(246784K)->1760K(244224K) Eden: 245760K(245760K)->0K(242176K) From: 0K(1024K)->1760K(2048K)
[76.718s][info][gc,heap        ] GC(67) ParOldGen: 4074K(1398272K)->4074K(1398272K)
[76.718s][info][gc,metaspace   ] GC(67) Metaspace: 9889K(10240K)->9889K(10240K) NonClass: 8587K(8832K)->8587K(8832K) Class: 1301K(1408K)->1301K(1408K)
[76.718s][info][gc             ] GC(67) Pause Young (Allocation Failure) 243M->5M(1604M) 1.975ms
[76.718s][info][gc,cpu         ] GC(67) User=0.00s Sys=0.00s Real=0.00s
[77.702s][info][gc,start       ] GC(68) Pause Young (Allocation Failure)
[77.705s][info][gc,heap        ] GC(68) PSYoungGen: 243936K(244224K)->1696K(240640K) Eden: 242176K(242176K)->0K(238592K) From: 1760K(2048K)->1696K(2048K)
[77.705s][info][gc,heap        ] GC(68) ParOldGen: 4074K(1398272K)->4178K(1398272K)
[77.705s][info][gc,metaspace   ] GC(68) Metaspace: 9889K(10240K)->9889K(10240K) NonClass: 8587K(8832K)->8587K(8832K) Class: 1301K(1408K)->1301K(1408K)
[77.705s][info][gc             ] GC(68) Pause Young (Allocation Failure) 242M->5M(1600M) 2.612ms
[77.705s][info][gc,cpu         ] GC(68) User=0.00s Sys=0.00s Real=0.00s
[78.681s][info][gc,start       ] GC(69) Pause Young (Allocation Failure)
[78.682s][info][gc,heap        ] GC(69) PSYoungGen: 240288K(240640K)->1248K(236544K) Eden: 238592K(238592K)->0K(235008K) From: 1696K(2048K)->1248K(1536K)
[78.682s][info][gc,heap        ] GC(69) ParOldGen: 4178K(1398272K)->4874K(1398272K)
[78.682s][info][gc,metaspace   ] GC(69) Metaspace: 9889K(10240K)->9889K(10240K) NonClass: 8587K(8832K)->8587K(8832K) Class: 1301K(1408K)->1301K(1408K)
[78.682s][info][gc             ] GC(69) Pause Young (Allocation Failure) 238M->5M(1596M) 1.395ms
[78.683s][info][gc,cpu         ] GC(69) User=0.00s Sys=0.00s Real=0.00s
[79.660s][info][gc,start       ] GC(70) Pause Young (Allocation Failure)
[79.662s][info][gc,heap        ] GC(70) PSYoungGen: 236256K(236544K)->1440K(232960K) Eden: 235008K(235008K)->0K(231424K) From: 1248K(1536K)->1440K(1536K)
[79.662s][info][gc,heap        ] GC(70) ParOldGen: 4874K(1398272K)->4874K(1398272K)
[79.663s][info][gc,metaspace   ] GC(70) Metaspace: 9889K(10240K)->9889K(10240K) NonClass: 8587K(8832K)->8587K(8832K) Class: 1301K(1408K)->1301K(1408K)
[79.663s][info][gc             ] GC(70) Pause Young (Allocation Failure) 235M->6M(1593M) 2.160ms
[79.663s][info][gc,cpu         ] GC(70) User=0.00s Sys=0.00s Real=0.00s
[80.608s][info][gc,start       ] GC(71) Pause Young (Allocation Failure)
[80.610s][info][gc,heap        ] GC(71) PSYoungGen: 232864K(232960K)->1152K(229888K) Eden: 231424K(231424K)->0K(228352K) From: 1440K(1536K)->1152K(1536K)
[80.610s][info][gc,heap        ] GC(71) ParOldGen: 4874K(1398272K)->5210K(1398272K)
[80.610s][info][gc,metaspace   ] GC(71) Metaspace: 9889K(10240K)->9889K(10240K) NonClass: 8587K(8832K)->8587K(8832K) Class: 1301K(1408K)->1301K(1408K)
[80.610s][info][gc             ] GC(71) Pause Young (Allocation Failure) 232M->6M(1590M) 1.319ms
[80.610s][info][gc,cpu         ] GC(71) User=0.00s Sys=0.00s Real=0.00s
[81.549s][info][gc,start       ] GC(72) Pause Young (Allocation Failure)
[81.550s][info][gc,heap        ] GC(72) PSYoungGen: 229504K(229888K)->1184K(226816K) Eden: 228352K(228352K)->0K(225280K) From: 1152K(1536K)->1184K(1536K)
[81.550s][info][gc,heap        ] GC(72) ParOldGen: 5210K(1398272K)->5538K(1398272K)
[81.550s][info][gc,metaspace   ] GC(72) Metaspace: 9889K(10240K)->9889K(10240K) NonClass: 8587K(8832K)->8587K(8832K) Class: 1301K(1408K)->1301K(1408K)
[81.550s][info][gc             ] GC(72) Pause Young (Allocation Failure) 229M->6M(1587M) 1.338ms
[81.550s][info][gc,cpu         ] GC(72) User=0.00s Sys=0.00s Real=0.00s
[82.439s][info][gc,start       ] GC(73) Pause Young (System.gc())
[82.440s][info][gc,heap        ] GC(73) PSYoungGen: 214322K(226816K)->1056K(226816K) Eden: 213138K(225280K)->0K(225280K) From: 1184K(1536K)->1056K(1536K)
[82.440s][info][gc,heap        ] GC(73) ParOldGen: 5538K(1398272K)->5906K(1398272K)
[82.440s][info][gc,metaspace   ] GC(73) Metaspace: 9890K(10240K)->9890K(10240K) NonClass: 8589K(8832K)->8589K(8832K) Class: 1301K(1408K)->1301K(1408K)
[82.440s][info][gc             ] GC(73) Pause Young (System.gc()) 214M->6M(1587M) 1.133ms
[82.440s][info][gc,cpu         ] GC(73) User=0.00s Sys=0.00s Real=0.00s
[82.441s][info][gc,start       ] GC(74) Pause Full (System.gc())
[82.441s][info][gc,phases,start] GC(74) Marking Phase
[82.457s][info][gc,phases      ] GC(74) Marking Phase 16.442ms
[82.457s][info][gc,phases,start] GC(74) Summary Phase
[82.457s][info][gc,phases      ] GC(74) Summary Phase 0.020ms
[82.457s][info][gc,phases,start] GC(74) Adjust Roots
[82.462s][info][gc,phases      ] GC(74) Adjust Roots 4.458ms
[82.462s][info][gc,phases,start] GC(74) Compaction Phase
[82.466s][info][gc,phases      ] GC(74) Compaction Phase 4.126ms
[82.466s][info][gc,phases,start] GC(74) Post Compact
[82.466s][info][gc,phases      ] GC(74) Post Compact 0.729ms
[82.466s][info][gc,heap        ] GC(74) PSYoungGen: 1056K(226816K)->0K(226816K) Eden: 0K(225280K)->0K(225280K) From: 1056K(1536K)->0K(1536K)
[82.467s][info][gc,heap        ] GC(74) ParOldGen: 5906K(1398272K)->4074K(1398272K)
[82.467s][info][gc,metaspace   ] GC(74) Metaspace: 9890K(10240K)->9890K(10240K) NonClass: 8589K(8832K)->8589K(8832K) Class: 1301K(1408K)->1301K(1408K)
[82.467s][info][gc             ] GC(74) Pause Full (System.gc()) 6M->3M(1587M) 26.020ms
[82.467s][info][gc,cpu         ] GC(74) User=0.44s Sys=0.02s Real=0.03s
[83.399s][info][gc,start       ] GC(75) Pause Young (Allocation Failure)
[83.401s][info][gc,heap        ] GC(75) PSYoungGen: 225280K(226816K)->1632K(224256K) Eden: 225280K(225280K)->0K(222208K) From: 0K(1536K)->1632K(2048K)
[83.401s][info][gc,heap        ] GC(75) ParOldGen: 4074K(1398272K)->4074K(1398272K)
[83.401s][info][gc,metaspace   ] GC(75) Metaspace: 9891K(10240K)->9891K(10240K) NonClass: 8590K(8832K)->8590K(8832K) Class: 1301K(1408K)->1301K(1408K)
[83.401s][info][gc             ] GC(75) Pause Young (Allocation Failure) 223M->5M(1584M) 2.202ms
[83.401s][info][gc,cpu         ] GC(75) User=0.11s Sys=0.41s Real=0.02s
[84.311s][info][gc,start       ] GC(76) Pause Young (Allocation Failure)
[84.312s][info][gc,heap        ] GC(76) PSYoungGen: 223840K(224256K)->1024K(220160K) Eden: 222208K(222208K)->0K(219136K) From: 1632K(2048K)->1024K(1024K)
[84.312s][info][gc,heap        ] GC(76) ParOldGen: 4074K(1398272K)->4818K(1398272K)
[84.313s][info][gc,metaspace   ] GC(76) Metaspace: 9891K(10240K)->9891K(10240K) NonClass: 8590K(8832K)->8590K(8832K) Class: 1301K(1408K)->1301K(1408K)
[84.313s][info][gc             ] GC(76) Pause Young (Allocation Failure) 222M->5M(1580M) 1.355ms
[84.313s][info][gc,cpu         ] GC(76) User=0.00s Sys=0.00s Real=0.00s
[85.197s][info][gc,start       ] GC(77) Pause Young (Allocation Failure)
[85.198s][info][gc,heap        ] GC(77) PSYoungGen: 220160K(220160K)->1056K(217600K) Eden: 219136K(219136K)->0K(216064K) From: 1024K(1024K)->1056K(1536K)
[85.198s][info][gc,heap        ] GC(77) ParOldGen: 4818K(1398272K)->5122K(1398272K)
[85.198s][info][gc,metaspace   ] GC(77) Metaspace: 9891K(10240K)->9891K(10240K) NonClass: 8590K(8832K)->8590K(8832K) Class: 1301K(1408K)->1301K(1408K)
[85.198s][info][gc             ] GC(77) Pause Young (Allocation Failure) 219M->6M(1578M) 1.505ms
[85.198s][info][gc,cpu         ] GC(77) User=0.00s Sys=0.00s Real=0.00s
[86.070s][info][gc,start       ] GC(78) Pause Young (Allocation Failure)
[86.071s][info][gc,heap        ] GC(78) PSYoungGen: 217120K(217600K)->1056K(214528K) Eden: 216064K(216064K)->0K(212992K) From: 1056K(1536K)->1056K(1536K)
[86.071s][info][gc,heap        ] GC(78) ParOldGen: 5122K(1398272K)->5122K(1398272K)
[86.071s][info][gc,metaspace   ] GC(78) Metaspace: 9891K(10240K)->9891K(10240K) NonClass: 8590K(8832K)->8590K(8832K) Class: 1301K(1408K)->1301K(1408K)
[86.071s][info][gc             ] GC(78) Pause Young (Allocation Failure) 217M->6M(1575M) 1.367ms
[86.071s][info][gc,cpu         ] GC(78) User=0.00s Sys=0.00s Real=0.00s
[86.923s][info][gc,start       ] GC(79) Pause Young (Allocation Failure)
[86.925s][info][gc,heap        ] GC(79) PSYoungGen: 214048K(214528K)->1184K(211456K) Eden: 212992K(212992K)->0K(209920K) From: 1056K(1536K)->1184K(1536K)
[86.925s][info][gc,heap        ] GC(79) ParOldGen: 5122K(1398272K)->5122K(1398272K)
[86.925s][info][gc,metaspace   ] GC(79) Metaspace: 9891K(10240K)->9891K(10240K) NonClass: 8590K(8832K)->8590K(8832K) Class: 1301K(1408K)->1301K(1408K)
[86.925s][info][gc             ] GC(79) Pause Young (Allocation Failure) 214M->6M(1572M) 1.907ms
[86.925s][info][gc,cpu         ] GC(79) User=0.02s Sys=0.00s Real=0.01s
[87.784s][info][gc,start       ] GC(80) Pause Young (Allocation Failure)
[87.786s][info][gc,heap        ] GC(80) PSYoungGen: 211104K(211456K)->1600K(209408K) Eden: 209920K(209920K)->0K(207360K) From: 1184K(1536K)->1600K(2048K)
[87.786s][info][gc,heap        ] GC(80) ParOldGen: 5122K(1398272K)->5122K(1398272K)
[87.786s][info][gc,metaspace   ] GC(80) Metaspace: 9891K(10240K)->9891K(10240K) NonClass: 8590K(8832K)->8590K(8832K) Class: 1301K(1408K)->1301K(1408K)
[87.786s][info][gc             ] GC(80) Pause Young (Allocation Failure) 211M->6M(1570M) 1.881ms
[87.786s][info][gc,cpu         ] GC(80) User=0.00s Sys=0.00s Real=0.00s
[88.623s][info][gc,start       ] GC(81) Pause Young (Allocation Failure)
[88.624s][info][gc,heap        ] GC(81) PSYoungGen: 208960K(209408K)->992K(205824K) Eden: 207360K(207360K)->0K(204800K) From: 1600K(2048K)->992K(1024K)
[88.624s][info][gc,heap        ] GC(81) ParOldGen: 5122K(1398272K)->5714K(1398272K)
[88.624s][info][gc,metaspace   ] GC(81) Metaspace: 9891K(10240K)->9891K(10240K) NonClass: 8590K(8832K)->8590K(8832K) Class: 1301K(1408K)->1301K(1408K)
[88.624s][info][gc             ] GC(81) Pause Young (Allocation Failure) 209M->6M(1566M) 1.651ms
[88.625s][info][gc,cpu         ] GC(81) User=0.00s Sys=0.00s Real=0.00s
[89.108s][info][gc,start       ] GC(82) Pause Young (System.gc())
[89.109s][info][gc,heap        ] GC(82) PSYoungGen: 119436K(205824K)->1056K(206336K) Eden: 118444K(204800K)->0K(204800K) From: 992K(1024K)->1056K(1536K)
[89.109s][info][gc,heap        ] GC(82) ParOldGen: 5714K(1398272K)->5714K(1398272K)
[89.109s][info][gc,metaspace   ] GC(82) Metaspace: 9894K(10240K)->9894K(10240K) NonClass: 8593K(8832K)->8593K(8832K) Class: 1301K(1408K)->1301K(1408K)
[89.110s][info][gc             ] GC(82) Pause Young (System.gc()) 122M->6M(1567M) 1.080ms
[89.110s][info][gc,cpu         ] GC(82) User=0.00s Sys=0.00s Real=0.00s
[89.110s][info][gc,start       ] GC(83) Pause Full (System.gc())
[89.110s][info][gc,phases,start] GC(83) Marking Phase
[89.127s][info][gc,phases      ] GC(83) Marking Phase 16.905ms
[89.127s][info][gc,phases,start] GC(83) Summary Phase
[89.127s][info][gc,phases      ] GC(83) Summary Phase 0.021ms
[89.127s][info][gc,phases,start] GC(83) Adjust Roots
[89.131s][info][gc,phases      ] GC(83) Adjust Roots 4.108ms
[89.131s][info][gc,phases,start] GC(83) Compaction Phase
[89.135s][info][gc,phases      ] GC(83) Compaction Phase 4.013ms
[89.135s][info][gc,phases,start] GC(83) Post Compact
[89.136s][info][gc,phases      ] GC(83) Post Compact 0.746ms
[89.136s][info][gc,heap        ] GC(83) PSYoungGen: 1056K(206336K)->0K(206336K) Eden: 0K(204800K)->0K(204800K) From: 1056K(1536K)->0K(1536K)
[89.136s][info][gc,heap        ] GC(83) ParOldGen: 5714K(1398272K)->4074K(1398272K)
[89.136s][info][gc,metaspace   ] GC(83) Metaspace: 9894K(10240K)->9894K(10240K) NonClass: 8593K(8832K)->8593K(8832K) Class: 1301K(1408K)->1301K(1408K)
[89.136s][info][gc             ] GC(83) Pause Full (System.gc()) 6M->3M(1567M) 26.052ms
[89.136s][info][gc,cpu         ] GC(83) User=0.02s Sys=0.00s Real=0.02s
[89.963s][info][gc,start       ] GC(84) Pause Young (Allocation Failure)
[89.966s][info][gc,heap        ] GC(84) PSYoungGen: 204800K(206336K)->1664K(204288K) Eden: 204800K(204800K)->0K(202240K) From: 0K(1536K)->1664K(2048K)
[89.966s][info][gc,heap        ] GC(84) ParOldGen: 4074K(1398272K)->4074K(1398272K)
[89.966s][info][gc,metaspace   ] GC(84) Metaspace: 9899K(10240K)->9899K(10240K) NonClass: 8598K(8832K)->8598K(8832K) Class: 1301K(1408K)->1301K(1408K)
[89.966s][info][gc             ] GC(84) Pause Young (Allocation Failure) 203M->5M(1565M) 2.277ms
[89.966s][info][gc,cpu         ] GC(84) User=0.00s Sys=0.00s Real=0.00s
[90.798s][info][gc,start       ] GC(85) Pause Young (Allocation Failure)
[90.800s][info][gc,heap        ] GC(85) PSYoungGen: 203904K(204288K)->1024K(200704K) Eden: 202240K(202240K)->0K(199680K) From: 1664K(2048K)->1024K(1024K)
[90.800s][info][gc,heap        ] GC(85) ParOldGen: 4074K(1398272K)->4690K(1398272K)
[90.800s][info][gc,metaspace   ] GC(85) Metaspace: 9899K(10240K)->9899K(10240K) NonClass: 8598K(8832K)->8598K(8832K) Class: 1301K(1408K)->1301K(1408K)
[90.800s][info][gc             ] GC(85) Pause Young (Allocation Failure) 203M->5M(1561M) 1.366ms
[90.800s][info][gc,cpu         ] GC(85) User=0.00s Sys=0.00s Real=0.00s
[91.614s][info][gc,start       ] GC(86) Pause Young (Allocation Failure)
[91.616s][info][gc,heap        ] GC(86) PSYoungGen: 200704K(200704K)->1248K(198656K) Eden: 199680K(199680K)->0K(197120K) From: 1024K(1024K)->1248K(1536K)
[91.616s][info][gc,heap        ] GC(86) ParOldGen: 4690K(1398272K)->5154K(1398272K)
[91.616s][info][gc,metaspace   ] GC(86) Metaspace: 9899K(10240K)->9899K(10240K) NonClass: 8598K(8832K)->8598K(8832K) Class: 1301K(1408K)->1301K(1408K)
[91.616s][info][gc             ] GC(86) Pause Young (Allocation Failure) 200M->6M(1559M) 1.862ms
[91.616s][info][gc,cpu         ] GC(86) User=0.00s Sys=0.00s Real=0.00s
[92.421s][info][gc,start       ] GC(87) Pause Young (Allocation Failure)
[92.422s][info][gc,heap        ] GC(87) PSYoungGen: 198368K(198656K)->1024K(195584K) Eden: 197120K(197120K)->0K(194560K) From: 1248K(1536K)->1024K(1024K)
[92.422s][info][gc,heap        ] GC(87) ParOldGen: 5154K(1398272K)->5498K(1398272K)
[92.422s][info][gc,metaspace   ] GC(87) Metaspace: 9899K(10240K)->9899K(10240K) NonClass: 8598K(8832K)->8598K(8832K) Class: 1301K(1408K)->1301K(1408K)
[92.422s][info][gc             ] GC(87) Pause Young (Allocation Failure) 198M->6M(1556M) 1.482ms
[92.422s][info][gc,cpu         ] GC(87) User=0.00s Sys=0.00s Real=0.00s
[93.221s][info][gc,start       ] GC(88) Pause Young (Allocation Failure)
[93.223s][info][gc,heap        ] GC(88) PSYoungGen: 195584K(195584K)->1088K(193536K) Eden: 194560K(194560K)->0K(192000K) From: 1024K(1024K)->1088K(1536K)
[93.223s][info][gc,heap        ] GC(88) ParOldGen: 5498K(1398272K)->5498K(1398272K)
[93.223s][info][gc,metaspace   ] GC(88) Metaspace: 9899K(10240K)->9899K(10240K) NonClass: 8598K(8832K)->8598K(8832K) Class: 1301K(1408K)->1301K(1408K)
[93.223s][info][gc             ] GC(88) Pause Young (Allocation Failure) 196M->6M(1554M) 1.619ms
[93.223s][info][gc,cpu         ] GC(88) User=0.00s Sys=0.00s Real=0.00s
[94.016s][info][gc,start       ] GC(89) Pause Young (Allocation Failure)
[94.018s][info][gc,heap        ] GC(89) PSYoungGen: 193088K(193536K)->1088K(190976K) Eden: 192000K(192000K)->0K(189440K) From: 1088K(1536K)->1088K(1536K)
[94.018s][info][gc,heap        ] GC(89) ParOldGen: 5498K(1398272K)->5498K(1398272K)
[94.018s][info][gc,metaspace   ] GC(89) Metaspace: 9899K(10240K)->9899K(10240K) NonClass: 8598K(8832K)->8598K(8832K) Class: 1301K(1408K)->1301K(1408K)
[94.018s][info][gc             ] GC(89) Pause Young (Allocation Failure) 193M->6M(1552M) 1.335ms
[94.018s][info][gc,cpu         ] GC(89) User=0.00s Sys=0.00s Real=0.00s
[94.809s][info][gc,start       ] GC(90) Pause Young (Allocation Failure)
[94.811s][info][gc,heap        ] GC(90) PSYoungGen: 190528K(190976K)->1184K(188928K) Eden: 189440K(189440K)->0K(187392K) From: 1088K(1536K)->1184K(1536K)
[94.811s][info][gc,heap        ] GC(90) ParOldGen: 5498K(1398272K)->5834K(1398272K)
[94.811s][info][gc,metaspace   ] GC(90) Metaspace: 9899K(10240K)->9899K(10240K) NonClass: 8598K(8832K)->8598K(8832K) Class: 1301K(1408K)->1301K(1408K)
[94.811s][info][gc             ] GC(90) Pause Young (Allocation Failure) 191M->6M(1550M) 1.769ms
[94.811s][info][gc,cpu         ] GC(90) User=0.09s Sys=0.42s Real=0.01s
[95.575s][info][gc,start       ] GC(91) Pause Young (Allocation Failure)
[95.577s][info][gc,heap        ] GC(91) PSYoungGen: 188576K(188928K)->1120K(186880K) Eden: 187392K(187392K)->0K(185344K) From: 1184K(1536K)->1120K(1536K)
[95.577s][info][gc,heap        ] GC(91) ParOldGen: 5834K(1398272K)->6186K(1398272K)
[95.577s][info][gc,metaspace   ] GC(91) Metaspace: 9899K(10240K)->9899K(10240K) NonClass: 8598K(8832K)->8598K(8832K) Class: 1301K(1408K)->1301K(1408K)
[95.577s][info][gc             ] GC(91) Pause Young (Allocation Failure) 189M->7M(1548M) 1.194ms
[95.577s][info][gc,cpu         ] GC(91) User=0.00s Sys=0.00s Real=0.00s
[95.888s][info][gc,start       ] GC(92) Pause Young (System.gc())
[95.890s][info][gc,heap        ] GC(92) PSYoungGen: 74395K(186880K)->1120K(186880K) Eden: 73275K(185344K)->0K(185344K) From: 1120K(1536K)->1120K(1536K)
[95.890s][info][gc,heap        ] GC(92) ParOldGen: 6186K(1398272K)->6394K(1398272K)
[95.890s][info][gc,metaspace   ] GC(92) Metaspace: 9899K(10240K)->9899K(10240K) NonClass: 8598K(8832K)->8598K(8832K) Class: 1301K(1408K)->1301K(1408K)
[95.890s][info][gc             ] GC(92) Pause Young (System.gc()) 78M->7M(1548M) 1.655ms
[95.890s][info][gc,cpu         ] GC(92) User=0.00s Sys=0.00s Real=0.00s
[95.890s][info][gc,start       ] GC(93) Pause Full (System.gc())
[95.890s][info][gc,phases,start] GC(93) Marking Phase
[95.906s][info][gc,phases      ] GC(93) Marking Phase 15.988ms
[95.906s][info][gc,phases,start] GC(93) Summary Phase
[95.906s][info][gc,phases      ] GC(93) Summary Phase 0.028ms
[95.906s][info][gc,phases,start] GC(93) Adjust Roots
[95.910s][info][gc,phases      ] GC(93) Adjust Roots 3.911ms
[95.910s][info][gc,phases,start] GC(93) Compaction Phase
[95.914s][info][gc,phases      ] GC(93) Compaction Phase 3.976ms
[95.914s][info][gc,phases,start] GC(93) Post Compact
[95.915s][info][gc,phases      ] GC(93) Post Compact 0.733ms
[95.915s][info][gc,heap        ] GC(93) PSYoungGen: 1120K(186880K)->0K(186880K) Eden: 0K(185344K)->0K(185344K) From: 1120K(1536K)->0K(1536K)
[95.915s][info][gc,heap        ] GC(93) ParOldGen: 6394K(1398272K)->4074K(1398272K)
[95.915s][info][gc,metaspace   ] GC(93) Metaspace: 9899K(10240K)->9899K(10240K) NonClass: 8598K(8832K)->8598K(8832K) Class: 1301K(1408K)->1301K(1408K)
[95.915s][info][gc             ] GC(93) Pause Full (System.gc()) 7M->3M(1548M) 24.886ms
[95.915s][info][gc,cpu         ] GC(93) User=0.02s Sys=0.00s Real=0.01s
[96.673s][info][gc,start       ] GC(94) Pause Young (Allocation Failure)
[96.674s][info][gc,heap        ] GC(94) PSYoungGen: 185344K(186880K)->1536K(184832K) Eden: 185344K(185344K)->0K(183296K) From: 0K(1536K)->1536K(1536K)
[96.674s][info][gc,heap        ] GC(94) ParOldGen: 4074K(1398272K)->4098K(1398272K)
[96.674s][info][gc,metaspace   ] GC(94) Metaspace: 9904K(10240K)->9904K(10240K) NonClass: 8603K(8832K)->8603K(8832K) Class: 1301K(1408K)->1301K(1408K)
[96.674s][info][gc             ] GC(94) Pause Young (Allocation Failure) 184M->5M(1546M) 1.355ms
[96.674s][info][gc,cpu         ] GC(94) User=0.00s Sys=0.00s Real=0.00s
[97.438s][info][gc,start       ] GC(95) Pause Young (Allocation Failure)
[97.440s][info][gc,heap        ] GC(95) PSYoungGen: 184832K(184832K)->1184K(182784K) Eden: 183296K(183296K)->0K(181248K) From: 1536K(1536K)->1184K(1536K)
[97.440s][info][gc,heap        ] GC(95) ParOldGen: 4098K(1398272K)->5050K(1398272K)
[97.440s][info][gc,metaspace   ] GC(95) Metaspace: 9904K(10240K)->9904K(10240K) NonClass: 8603K(8832K)->8603K(8832K) Class: 1301K(1408K)->1301K(1408K)
[97.440s][info][gc             ] GC(95) Pause Young (Allocation Failure) 184M->6M(1544M) 1.877ms
[97.440s][info][gc,cpu         ] GC(95) User=0.00s Sys=0.00s Real=0.00s
[98.172s][info][gc,start       ] GC(96) Pause Young (Allocation Failure)
[98.173s][info][gc,heap        ] GC(96) PSYoungGen: 182432K(182784K)->1056K(180736K) Eden: 181248K(181248K)->0K(179200K) From: 1184K(1536K)->1056K(1536K)
[98.173s][info][gc,heap        ] GC(96) ParOldGen: 5050K(1398272K)->5050K(1398272K)
[98.173s][info][gc,metaspace   ] GC(96) Metaspace: 9904K(10240K)->9904K(10240K) NonClass: 8603K(8832K)->8603K(8832K) Class: 1301K(1408K)->1301K(1408K)
[98.173s][info][gc             ] GC(96) Pause Young (Allocation Failure) 183M->5M(1542M) 1.034ms
[98.173s][info][gc,cpu         ] GC(96) User=0.00s Sys=0.00s Real=0.00s
[98.890s][info][gc,start       ] GC(97) Pause Young (Allocation Failure)
[98.892s][info][gc,heap        ] GC(97) PSYoungGen: 180256K(180736K)->1408K(178688K) Eden: 179200K(179200K)->0K(177152K) From: 1056K(1536K)->1408K(1536K)
[98.892s][info][gc,heap        ] GC(97) ParOldGen: 5050K(1398272K)->5050K(1398272K)
[98.892s][info][gc,metaspace   ] GC(97) Metaspace: 9904K(10240K)->9904K(10240K) NonClass: 8603K(8832K)->8603K(8832K) Class: 1301K(1408K)->1301K(1408K)
[98.892s][info][gc             ] GC(97) Pause Young (Allocation Failure) 180M->6M(1540M) 1.882ms
[98.892s][info][gc,cpu         ] GC(97) User=0.00s Sys=0.00s Real=0.00s
[99.612s][info][gc,start       ] GC(98) Pause Young (Allocation Failure)
[99.613s][info][gc,heap        ] GC(98) PSYoungGen: 178560K(178688K)->1120K(176640K) Eden: 177152K(177152K)->0K(175104K) From: 1408K(1536K)->1120K(1536K)
[99.613s][info][gc,heap        ] GC(98) ParOldGen: 5050K(1398272K)->5402K(1398272K)
[99.613s][info][gc,metaspace   ] GC(98) Metaspace: 9904K(10240K)->9904K(10240K) NonClass: 8603K(8832K)->8603K(8832K) Class: 1301K(1408K)->1301K(1408K)
[99.613s][info][gc             ] GC(98) Pause Young (Allocation Failure) 179M->6M(1538M) 1.228ms
[99.613s][info][gc,cpu         ] GC(98) User=0.00s Sys=0.00s Real=0.00s
[100.321s][info][gc,start       ] GC(99) Pause Young (Allocation Failure)
[100.322s][info][gc,heap        ] GC(99) PSYoungGen: 176224K(176640K)->1056K(174592K) Eden: 175104K(175104K)->0K(173056K) From: 1120K(1536K)->1056K(1536K)
[100.322s][info][gc,heap        ] GC(99) ParOldGen: 5402K(1398272K)->5722K(1398272K)
[100.322s][info][gc,metaspace   ] GC(99) Metaspace: 9904K(10240K)->9904K(10240K) NonClass: 8603K(8832K)->8603K(8832K) Class: 1301K(1408K)->1301K(1408K)
[100.323s][info][gc             ] GC(99) Pause Young (Allocation Failure) 177M->6M(1536M) 1.661ms
[100.323s][info][gc,cpu         ] GC(99) User=0.02s Sys=0.00s Real=0.02s
[101.031s][info][gc,start       ] GC(100) Pause Young (Allocation Failure)
[101.032s][info][gc,heap        ] GC(100) PSYoungGen: 174112K(174592K)->1056K(172544K) Eden: 173056K(173056K)->0K(171008K) From: 1056K(1536K)->1056K(1536K)
[101.032s][info][gc,heap        ] GC(100) ParOldGen: 5722K(1398272K)->5722K(1398272K)
[101.032s][info][gc,metaspace   ] GC(100) Metaspace: 9904K(10240K)->9904K(10240K) NonClass: 8603K(8832K)->8603K(8832K) Class: 1301K(1408K)->1301K(1408K)
[101.032s][info][gc             ] GC(100) Pause Young (Allocation Failure) 175M->6M(1534M) 1.091ms
[101.032s][info][gc,cpu         ] GC(100) User=0.00s Sys=0.00s Real=0.00s
[101.738s][info][gc,start       ] GC(101) Pause Young (Allocation Failure)
[101.739s][info][gc,heap        ] GC(101) PSYoungGen: 172064K(172544K)->1184K(170496K) Eden: 171008K(171008K)->0K(168960K) From: 1056K(1536K)->1184K(1536K)
[101.739s][info][gc,heap        ] GC(101) ParOldGen: 5722K(1398272K)->5722K(1398272K)
[101.739s][info][gc,metaspace   ] GC(101) Metaspace: 9904K(10240K)->9904K(10240K) NonClass: 8603K(8832K)->8603K(8832K) Class: 1301K(1408K)->1301K(1408K)
[101.740s][info][gc             ] GC(101) Pause Young (Allocation Failure) 173M->6M(1532M) 1.914ms
[101.740s][info][gc,cpu         ] GC(101) User=0.00s Sys=0.00s Real=0.00s
[102.430s][info][gc,start       ] GC(102) Pause Young (Allocation Failure)
[102.431s][info][gc,heap        ] GC(102) PSYoungGen: 170144K(170496K)->1248K(168448K) Eden: 168960K(168960K)->0K(166912K) From: 1184K(1536K)->1248K(1536K)
[102.431s][info][gc,heap        ] GC(102) ParOldGen: 5722K(1398272K)->6266K(1398272K)
[102.431s][info][gc,metaspace   ] GC(102) Metaspace: 9904K(10240K)->9904K(10240K) NonClass: 8603K(8832K)->8603K(8832K) Class: 1301K(1408K)->1301K(1408K)
[102.431s][info][gc             ] GC(102) Pause Young (Allocation Failure) 171M->7M(1530M) 1.306ms
[102.432s][info][gc,cpu         ] GC(102) User=0.52s Sys=0.00s Real=0.02s
[102.589s][info][gc,start       ] GC(103) Pause Young (System.gc())
[102.591s][info][gc,heap        ] GC(103) PSYoungGen: 40756K(168448K)->1056K(168448K) Eden: 39508K(166912K)->0K(166912K) From: 1248K(1536K)->1056K(1536K)
[102.591s][info][gc,heap        ] GC(103) ParOldGen: 6266K(1398272K)->6586K(1398272K)
[102.591s][info][gc,metaspace   ] GC(103) Metaspace: 9905K(10240K)->9905K(10240K) NonClass: 8604K(8832K)->8604K(8832K) Class: 1301K(1408K)->1301K(1408K)
[102.591s][info][gc             ] GC(103) Pause Young (System.gc()) 45M->7M(1530M) 1.669ms
[102.591s][info][gc,cpu         ] GC(103) User=0.00s Sys=0.00s Real=0.00s
[102.591s][info][gc,start       ] GC(104) Pause Full (System.gc())
[102.591s][info][gc,phases,start] GC(104) Marking Phase
[102.607s][info][gc,phases      ] GC(104) Marking Phase 15.987ms
[102.607s][info][gc,phases,start] GC(104) Summary Phase
[102.607s][info][gc,phases      ] GC(104) Summary Phase 0.028ms
[102.607s][info][gc,phases,start] GC(104) Adjust Roots
[102.611s][info][gc,phases      ] GC(104) Adjust Roots 3.863ms
[102.611s][info][gc,phases,start] GC(104) Compaction Phase
[102.615s][info][gc,phases      ] GC(104) Compaction Phase 3.973ms
[102.615s][info][gc,phases,start] GC(104) Post Compact
[102.616s][info][gc,phases      ] GC(104) Post Compact 0.741ms
[102.616s][info][gc,heap        ] GC(104) PSYoungGen: 1056K(168448K)->0K(168448K) Eden: 0K(166912K)->0K(166912K) From: 1056K(1536K)->0K(1536K)
[102.616s][info][gc,heap        ] GC(104) ParOldGen: 6586K(1398272K)->4074K(1398272K)
[102.616s][info][gc,metaspace   ] GC(104) Metaspace: 9905K(10240K)->9905K(10240K) NonClass: 8604K(8832K)->8604K(8832K) Class: 1301K(1408K)->1301K(1408K)
[102.616s][info][gc             ] GC(104) Pause Full (System.gc()) 7M->3M(1530M) 24.847ms
[102.616s][info][gc,cpu         ] GC(104) User=0.02s Sys=0.00s Real=0.02s
[103.291s][info][gc,start       ] GC(105) Pause Young (Allocation Failure)
[103.292s][info][gc,heap        ] GC(105) PSYoungGen: 166912K(168448K)->1536K(166912K) Eden: 166912K(166912K)->0K(165376K) From: 0K(1536K)->1536K(1536K)
[103.292s][info][gc,heap        ] GC(105) ParOldGen: 4074K(1398272K)->4122K(1398272K)
[103.292s][info][gc,metaspace   ] GC(105) Metaspace: 9905K(10240K)->9905K(10240K) NonClass: 8604K(8832K)->8604K(8832K) Class: 1301K(1408K)->1301K(1408K)
[103.292s][info][gc             ] GC(105) Pause Young (Allocation Failure) 166M->5M(1528M) 1.334ms
[103.292s][info][gc,cpu         ] GC(105) User=0.00s Sys=0.00s Real=0.00s
[103.977s][info][gc,start       ] GC(106) Pause Young (Allocation Failure)
[103.979s][info][gc,heap        ] GC(106) PSYoungGen: 166912K(166912K)->1248K(165376K) Eden: 165376K(165376K)->0K(163840K) From: 1536K(1536K)->1248K(1536K)
[103.979s][info][gc,heap        ] GC(106) ParOldGen: 4122K(1398272K)->4818K(1398272K)
[103.979s][info][gc,metaspace   ] GC(106) Metaspace: 9905K(10240K)->9905K(10240K) NonClass: 8604K(8832K)->8604K(8832K) Class: 1301K(1408K)->1301K(1408K)
[103.979s][info][gc             ] GC(106) Pause Young (Allocation Failure) 167M->5M(1527M) 1.853ms
[103.979s][info][gc,cpu         ] GC(106) User=0.19s Sys=0.33s Real=0.02s
[104.643s][info][gc,start       ] GC(107) Pause Young (Allocation Failure)
[104.644s][info][gc,heap        ] GC(107) PSYoungGen: 165088K(165376K)->1088K(163840K) Eden: 163840K(163840K)->0K(162304K) From: 1248K(1536K)->1088K(1536K)
[104.644s][info][gc,heap        ] GC(107) ParOldGen: 4818K(1398272K)->5154K(1398272K)
[104.644s][info][gc,metaspace   ] GC(107) Metaspace: 9905K(10240K)->9905K(10240K) NonClass: 8604K(8832K)->8604K(8832K) Class: 1301K(1408K)->1301K(1408K)
[104.645s][info][gc             ] GC(107) Pause Young (Allocation Failure) 165M->6M(1525M) 1.161ms
[104.645s][info][gc,cpu         ] GC(107) User=0.00s Sys=0.00s Real=0.00s
[105.308s][info][gc,start       ] GC(108) Pause Young (Allocation Failure)
[105.310s][info][gc,heap        ] GC(108) PSYoungGen: 163392K(163840K)->1248K(162304K) Eden: 162304K(162304K)->0K(160768K) From: 1088K(1536K)->1248K(1536K)
[105.310s][info][gc,heap        ] GC(108) ParOldGen: 5154K(1398272K)->5442K(1398272K)
[105.310s][info][gc,metaspace   ] GC(108) Metaspace: 9905K(10240K)->9905K(10240K) NonClass: 8604K(8832K)->8604K(8832K) Class: 1301K(1408K)->1301K(1408K)
[105.310s][info][gc             ] GC(108) Pause Young (Allocation Failure) 164M->6M(1524M) 1.992ms
[105.310s][info][gc,cpu         ] GC(108) User=0.00s Sys=0.00s Real=0.00s
[105.961s][info][gc,start       ] GC(109) Pause Young (Allocation Failure)
[105.962s][info][gc,heap        ] GC(109) PSYoungGen: 162016K(162304K)->1088K(160768K) Eden: 160768K(160768K)->0K(159232K) From: 1248K(1536K)->1088K(1536K)
[105.962s][info][gc,heap        ] GC(109) ParOldGen: 5442K(1398272K)->5482K(1398272K)
[105.962s][info][gc,metaspace   ] GC(109) Metaspace: 9905K(10240K)->9905K(10240K) NonClass: 8604K(8832K)->8604K(8832K) Class: 1301K(1408K)->1301K(1408K)
[105.963s][info][gc             ] GC(109) Pause Young (Allocation Failure) 163M->6M(1522M) 1.104ms
[105.963s][info][gc,cpu         ] GC(109) User=0.00s Sys=0.02s Real=0.00s
[106.601s][info][gc,start       ] GC(110) Pause Young (Allocation Failure)
[106.603s][info][gc,heap        ] GC(110) PSYoungGen: 160320K(160768K)->1088K(159232K) Eden: 159232K(159232K)->0K(157696K) From: 1088K(1536K)->1088K(1536K)
[106.603s][info][gc,heap        ] GC(110) ParOldGen: 5482K(1398272K)->5810K(1398272K)
[106.603s][info][gc,metaspace   ] GC(110) Metaspace: 9905K(10240K)->9905K(10240K) NonClass: 8604K(8832K)->8604K(8832K) Class: 1301K(1408K)->1301K(1408K)
[106.603s][info][gc             ] GC(110) Pause Young (Allocation Failure) 161M->6M(1521M) 1.830ms
[106.603s][info][gc,cpu         ] GC(110) User=0.00s Sys=0.00s Real=0.00s
[107.240s][info][gc,start       ] GC(111) Pause Young (Allocation Failure)
[107.241s][info][gc,heap        ] GC(111) PSYoungGen: 158784K(159232K)->1056K(157696K) Eden: 157696K(157696K)->0K(156160K) From: 1088K(1536K)->1056K(1536K)
[107.241s][info][gc,heap        ] GC(111) ParOldGen: 5810K(1398272K)->5810K(1398272K)
[107.241s][info][gc,metaspace   ] GC(111) Metaspace: 9905K(10240K)->9905K(10240K) NonClass: 8604K(8832K)->8604K(8832K) Class: 1301K(1408K)->1301K(1408K)
[107.241s][info][gc             ] GC(111) Pause Young (Allocation Failure) 160M->6M(1519M) 1.069ms
[107.241s][info][gc,cpu         ] GC(111) User=0.00s Sys=0.00s Real=0.00s
[107.897s][info][gc,start       ] GC(112) Pause Young (Allocation Failure)
[107.898s][info][gc,heap        ] GC(112) PSYoungGen: 157216K(157696K)->1088K(156160K) Eden: 156160K(156160K)->0K(154624K) From: 1056K(1536K)->1088K(1536K)
[107.898s][info][gc,heap        ] GC(112) ParOldGen: 5810K(1398272K)->5810K(1398272K)
[107.898s][info][gc,metaspace   ] GC(112) Metaspace: 9905K(10240K)->9905K(10240K) NonClass: 8604K(8832K)->8604K(8832K) Class: 1301K(1408K)->1301K(1408K)
[107.898s][info][gc             ] GC(112) Pause Young (Allocation Failure) 159M->6M(1518M) 1.756ms
[107.898s][info][gc,cpu         ] GC(112) User=0.00s Sys=0.00s Real=0.00s
[108.533s][info][gc,start       ] GC(113) Pause Young (Allocation Failure)
[108.534s][info][gc,heap        ] GC(113) PSYoungGen: 155712K(156160K)->1056K(154624K) Eden: 154624K(154624K)->0K(153088K) From: 1088K(1536K)->1056K(1536K)
[108.534s][info][gc,heap        ] GC(113) ParOldGen: 5810K(1398272K)->5810K(1398272K)
[108.534s][info][gc,metaspace   ] GC(113) Metaspace: 9905K(10240K)->9905K(10240K) NonClass: 8604K(8832K)->8604K(8832K) Class: 1301K(1408K)->1301K(1408K)
[108.534s][info][gc             ] GC(113) Pause Young (Allocation Failure) 157M->6M(1516M) 1.067ms
[108.534s][info][gc,cpu         ] GC(113) User=0.00s Sys=0.00s Real=0.00s
[109.153s][info][gc,start       ] GC(114) Pause Young (Allocation Failure)
[109.154s][info][gc,heap        ] GC(114) PSYoungGen: 154144K(154624K)->1056K(153088K) Eden: 153088K(153088K)->0K(151552K) From: 1056K(1536K)->1056K(1536K)
[109.154s][info][gc,heap        ] GC(114) ParOldGen: 5810K(1398272K)->5810K(1398272K)
[109.154s][info][gc,metaspace   ] GC(114) Metaspace: 9905K(10240K)->9905K(10240K) NonClass: 8604K(8832K)->8604K(8832K) Class: 1301K(1408K)->1301K(1408K)
[109.154s][info][gc             ] GC(114) Pause Young (Allocation Failure) 156M->6M(1515M) 1.677ms
[109.154s][info][gc,cpu         ] GC(114) User=0.00s Sys=0.00s Real=0.00s
[109.321s][info][gc,start       ] GC(115) Pause Young (System.gc())
[109.322s][info][gc,heap        ] GC(115) PSYoungGen: 42412K(153088K)->1056K(153088K) Eden: 41356K(151552K)->0K(151552K) From: 1056K(1536K)->1056K(1536K)
[109.322s][info][gc,heap        ] GC(115) ParOldGen: 5810K(1398272K)->5810K(1398272K)
[109.322s][info][gc,metaspace   ] GC(115) Metaspace: 9905K(10240K)->9905K(10240K) NonClass: 8604K(8832K)->8604K(8832K) Class: 1301K(1408K)->1301K(1408K)
[109.322s][info][gc             ] GC(115) Pause Young (System.gc()) 47M->6M(1515M) 0.975ms
[109.322s][info][gc,cpu         ] GC(115) User=0.00s Sys=0.00s Real=0.00s
[109.323s][info][gc,start       ] GC(116) Pause Full (System.gc())
[109.323s][info][gc,phases,start] GC(116) Marking Phase
[109.339s][info][gc,phases      ] GC(116) Marking Phase 16.545ms
[109.339s][info][gc,phases,start] GC(116) Summary Phase
[109.339s][info][gc,phases      ] GC(116) Summary Phase 0.026ms
[109.339s][info][gc,phases,start] GC(116) Adjust Roots
[109.343s][info][gc,phases      ] GC(116) Adjust Roots 3.840ms
[109.343s][info][gc,phases,start] GC(116) Compaction Phase
[109.347s][info][gc,phases      ] GC(116) Compaction Phase 4.079ms
[109.347s][info][gc,phases,start] GC(116) Post Compact
[109.348s][info][gc,phases      ] GC(116) Post Compact 0.724ms
[109.348s][info][gc,heap        ] GC(116) PSYoungGen: 1056K(153088K)->0K(153088K) Eden: 0K(151552K)->0K(151552K) From: 1056K(1536K)->0K(1536K)
[109.348s][info][gc,heap        ] GC(116) ParOldGen: 5810K(1398272K)->4077K(1398272K)
[109.348s][info][gc,metaspace   ] GC(116) Metaspace: 9905K(10240K)->9905K(10240K) NonClass: 8604K(8832K)->8604K(8832K) Class: 1301K(1408K)->1301K(1408K)
[109.348s][info][gc             ] GC(116) Pause Full (System.gc()) 6M->3M(1515M) 25.544ms
[109.348s][info][gc,cpu         ] GC(116) User=0.98s Sys=0.00s Real=0.03s
[109.983s][info][gc,start       ] GC(117) Pause Young (Allocation Failure)
[109.984s][info][gc,heap        ] GC(117) PSYoungGen: 151552K(153088K)->1536K(151552K) Eden: 151552K(151552K)->0K(150016K) From: 0K(1536K)->1536K(1536K)
[109.984s][info][gc,heap        ] GC(117) ParOldGen: 4077K(1398272K)->4093K(1398272K)
[109.984s][info][gc,metaspace   ] GC(117) Metaspace: 9905K(10240K)->9905K(10240K) NonClass: 8604K(8832K)->8604K(8832K) Class: 1301K(1408K)->1301K(1408K)
[109.984s][info][gc             ] GC(117) Pause Young (Allocation Failure) 151M->5M(1513M) 1.809ms
[109.985s][info][gc,cpu         ] GC(117) User=0.00s Sys=0.00s Real=0.00s
[110.590s][info][gc,start       ] GC(118) Pause Young (Allocation Failure)
[110.591s][info][gc,heap        ] GC(118) PSYoungGen: 151552K(151552K)->512K(148992K) Eden: 150016K(150016K)->0K(148480K) From: 1536K(1536K)->512K(512K)
[110.591s][info][gc,heap        ] GC(118) ParOldGen: 4093K(1398272K)->5021K(1398272K)
[110.591s][info][gc,metaspace   ] GC(118) Metaspace: 9905K(10240K)->9905K(10240K) NonClass: 8604K(8832K)->8604K(8832K) Class: 1301K(1408K)->1301K(1408K)
[110.591s][info][gc             ] GC(118) Pause Young (Allocation Failure) 151M->5M(1511M) 1.381ms
[110.591s][info][gc,cpu         ] GC(118) User=0.00s Sys=0.00s Real=0.00s
[111.209s][info][gc,start       ] GC(119) Pause Young (Allocation Failure)
[111.210s][info][gc,heap        ] GC(119) PSYoungGen: 148992K(148992K)->1056K(148992K) Eden: 148480K(148480K)->0K(146944K) From: 512K(512K)->1056K(2048K)
[111.210s][info][gc,heap        ] GC(119) ParOldGen: 5021K(1398272K)->5549K(1398272K)
[111.210s][info][gc,metaspace   ] GC(119) Metaspace: 9905K(10240K)->9905K(10240K) NonClass: 8604K(8832K)->8604K(8832K) Class: 1301K(1408K)->1301K(1408K)
[111.210s][info][gc             ] GC(119) Pause Young (Allocation Failure) 150M->6M(1511M) 1.835ms
[111.211s][info][gc,cpu         ] GC(119) User=0.00s Sys=0.00s Real=0.00s
[111.813s][info][gc,start       ] GC(120) Pause Young (Allocation Failure)
[111.814s][info][gc,heap        ] GC(120) PSYoungGen: 148000K(148992K)->1056K(146944K) Eden: 146944K(146944K)->0K(145408K) From: 1056K(2048K)->1056K(1536K)
[111.814s][info][gc,heap        ] GC(120) ParOldGen: 5549K(1398272K)->5693K(1398272K)
[111.814s][info][gc,metaspace   ] GC(120) Metaspace: 9905K(10240K)->9905K(10240K) NonClass: 8604K(8832K)->8604K(8832K) Class: 1301K(1408K)->1301K(1408K)
[111.814s][info][gc             ] GC(120) Pause Young (Allocation Failure) 149M->6M(1509M) 1.245ms
[111.814s][info][gc,cpu         ] GC(120) User=0.00s Sys=0.00s Real=0.00s
[112.413s][info][gc,start       ] GC(121) Pause Young (Allocation Failure)
[112.414s][info][gc,heap        ] GC(121) PSYoungGen: 146464K(146944K)->1056K(145408K) Eden: 145408K(145408K)->0K(143872K) From: 1056K(1536K)->1056K(1536K)
[112.414s][info][gc,heap        ] GC(121) ParOldGen: 5693K(1398272K)->6005K(1398272K)
[112.414s][info][gc,metaspace   ] GC(121) Metaspace: 9905K(10240K)->9905K(10240K) NonClass: 8604K(8832K)->8604K(8832K) Class: 1301K(1408K)->1301K(1408K)
[112.414s][info][gc             ] GC(121) Pause Young (Allocation Failure) 148M->6M(1507M) 1.435ms
[112.414s][info][gc,cpu         ] GC(121) User=0.00s Sys=0.00s Real=0.00s
[113.007s][info][gc,start       ] GC(122) Pause Young (Allocation Failure)
[113.008s][info][gc,heap        ] GC(122) PSYoungGen: 144928K(145408K)->1280K(143872K) Eden: 143872K(143872K)->0K(142336K) From: 1056K(1536K)->1280K(1536K)
[113.008s][info][gc,heap        ] GC(122) ParOldGen: 6005K(1398272K)->6093K(1398272K)
[113.008s][info][gc,metaspace   ] GC(122) Metaspace: 9905K(10240K)->9905K(10240K) NonClass: 8604K(8832K)->8604K(8832K) Class: 1301K(1408K)->1301K(1408K)
[113.009s][info][gc             ] GC(122) Pause Young (Allocation Failure) 147M->7M(1506M) 1.262ms
[113.009s][info][gc,cpu         ] GC(122) User=0.00s Sys=0.00s Real=0.00s
[113.598s][info][gc,start       ] GC(123) Pause Young (Allocation Failure)
[113.599s][info][gc,heap        ] GC(123) PSYoungGen: 143616K(143872K)->1024K(142336K) Eden: 142336K(142336K)->0K(141312K) From: 1280K(1536K)->1024K(1024K)
[113.599s][info][gc,heap        ] GC(123) ParOldGen: 6093K(1398272K)->6437K(1398272K)
[113.599s][info][gc,metaspace   ] GC(123) Metaspace: 9905K(10240K)->9905K(10240K) NonClass: 8604K(8832K)->8604K(8832K) Class: 1301K(1408K)->1301K(1408K)
[113.599s][info][gc             ] GC(123) Pause Young (Allocation Failure) 146M->7M(1504M) 1.411ms
[113.599s][info][gc,cpu         ] GC(123) User=0.00s Sys=0.00s Real=0.00s
[114.187s][info][gc,start       ] GC(124) Pause Young (Allocation Failure)
[114.188s][info][gc,heap        ] GC(124) PSYoungGen: 142336K(142336K)->1056K(141824K) Eden: 141312K(141312K)->0K(140288K) From: 1024K(1024K)->1056K(1536K)
[114.188s][info][gc,heap        ] GC(124) ParOldGen: 6437K(1398272K)->6437K(1398272K)
[114.188s][info][gc,metaspace   ] GC(124) Metaspace: 9905K(10240K)->9905K(10240K) NonClass: 8604K(8832K)->8604K(8832K) Class: 1301K(1408K)->1301K(1408K)
[114.188s][info][gc             ] GC(124) Pause Young (Allocation Failure) 145M->7M(1504M) 1.214ms
[114.188s][info][gc,cpu         ] GC(124) User=0.00s Sys=0.00s Real=0.00s
[114.762s][info][gc,start       ] GC(125) Pause Young (Allocation Failure)
[114.763s][info][gc,heap        ] GC(125) PSYoungGen: 141344K(141824K)->1056K(140800K) Eden: 140288K(140288K)->0K(139264K) From: 1056K(1536K)->1056K(1536K)
[114.763s][info][gc,heap        ] GC(125) ParOldGen: 6437K(1398272K)->6437K(1398272K)
[114.763s][info][gc,metaspace   ] GC(125) Metaspace: 9905K(10240K)->9905K(10240K) NonClass: 8604K(8832K)->8604K(8832K) Class: 1301K(1408K)->1301K(1408K)
[114.763s][info][gc             ] GC(125) Pause Young (Allocation Failure) 144M->7M(1503M) 1.324ms
[114.763s][info][gc,cpu         ] GC(125) User=0.00s Sys=0.00s Real=0.00s
[115.348s][info][gc,start       ] GC(126) Pause Young (Allocation Failure)
[115.349s][info][gc,heap        ] GC(126) PSYoungGen: 140320K(140800K)->1056K(139776K) Eden: 139264K(139264K)->0K(138240K) From: 1056K(1536K)->1056K(1536K)
[115.349s][info][gc,heap        ] GC(126) ParOldGen: 6437K(1398272K)->6437K(1398272K)
[115.349s][info][gc,metaspace   ] GC(126) Metaspace: 9905K(10240K)->9905K(10240K) NonClass: 8604K(8832K)->8604K(8832K) Class: 1301K(1408K)->1301K(1408K)
[115.349s][info][gc             ] GC(126) Pause Young (Allocation Failure) 143M->7M(1502M) 1.016ms
[115.350s][info][gc,cpu         ] GC(126) User=0.00s Sys=0.00s Real=0.00s
[115.907s][info][gc,start       ] GC(127) Pause Young (Allocation Failure)
[115.909s][info][gc,heap        ] GC(127) PSYoungGen: 139296K(139776K)->1056K(138752K) Eden: 138240K(138240K)->0K(137216K) From: 1056K(1536K)->1056K(1536K)
[115.909s][info][gc,heap        ] GC(127) ParOldGen: 6437K(1398272K)->6437K(1398272K)
[115.909s][info][gc,metaspace   ] GC(127) Metaspace: 9905K(10240K)->9905K(10240K) NonClass: 8604K(8832K)->8604K(8832K) Class: 1301K(1408K)->1301K(1408K)
[115.909s][info][gc             ] GC(127) Pause Young (Allocation Failure) 142M->7M(1501M) 1.403ms
[115.909s][info][gc,cpu         ] GC(127) User=0.00s Sys=0.00s Real=0.00s
[116.118s][info][gc,start       ] GC(128) Pause Young (System.gc())
[116.272s][info][gc,heap        ] GC(128) PSYoungGen: 50580K(138752K)->512K(137728K) Eden: 49524K(137216K)->0K(137216K) From: 1056K(1536K)->512K(512K)
[116.279s][info][gc,heap        ] GC(128) ParOldGen: 6437K(1398272K)->6821K(1398272K)
[116.280s][info][gc,metaspace   ] GC(128) Metaspace: 9905K(10240K)->9905K(10240K) NonClass: 8604K(8832K)->8604K(8832K) Class: 1301K(1408K)->1301K(1408K)
[116.280s][info][gc             ] GC(128) Pause Young (System.gc()) 55M->7M(1500M) 161.211ms
[116.280s][info][gc,cpu         ] GC(128) User=0.00s Sys=0.00s Real=0.17s
[116.280s][info][gc,start       ] GC(129) Pause Full (System.gc())
[116.280s][info][gc,phases,start] GC(129) Marking Phase
[116.295s][info][gc,phases      ] GC(129) Marking Phase 15.695ms
[116.296s][info][gc,phases,start] GC(129) Summary Phase
[116.296s][info][gc,phases      ] GC(129) Summary Phase 0.022ms
[116.296s][info][gc,phases,start] GC(129) Adjust Roots
[116.300s][info][gc,phases      ] GC(129) Adjust Roots 4.427ms
[116.300s][info][gc,phases,start] GC(129) Compaction Phase
[116.303s][info][gc,phases      ] GC(129) Compaction Phase 3.368ms
[116.303s][info][gc,phases,start] GC(129) Post Compact
[116.304s][info][gc,phases      ] GC(129) Post Compact 0.706ms
[116.304s][info][gc,heap        ] GC(129) PSYoungGen: 512K(137728K)->0K(137728K) Eden: 0K(137216K)->0K(137216K) From: 512K(512K)->0K(512K)
[116.304s][info][gc,heap        ] GC(129) ParOldGen: 6821K(1398272K)->4077K(1398272K)
[116.304s][info][gc,metaspace   ] GC(129) Metaspace: 9905K(10240K)->9905K(10240K) NonClass: 8604K(8832K)->8604K(8832K) Class: 1301K(1408K)->1301K(1408K)
[116.304s][info][gc             ] GC(129) Pause Full (System.gc()) 7M->3M(1500M) 24.499ms
[116.304s][info][gc,cpu         ] GC(129) User=0.11s Sys=0.02s Real=0.02s
[116.868s][info][gc,start       ] GC(130) Pause Young (Allocation Failure)
[116.869s][info][gc,heap        ] GC(130) PSYoungGen: 137216K(137728K)->1536K(137728K) Eden: 137216K(137216K)->0K(136192K) From: 0K(512K)->1536K(1536K)
[116.869s][info][gc,heap        ] GC(130) ParOldGen: 4077K(1398272K)->4157K(1398272K)
[116.869s][info][gc,metaspace   ] GC(130) Metaspace: 9905K(10240K)->9905K(10240K) NonClass: 8604K(8832K)->8604K(8832K) Class: 1301K(1408K)->1301K(1408K)
[116.869s][info][gc             ] GC(130) Pause Young (Allocation Failure) 137M->5M(1500M) 1.342ms
[116.869s][info][gc,cpu         ] GC(130) User=0.02s Sys=0.00s Real=0.00s
[117.433s][info][gc,start       ] GC(131) Pause Young (Allocation Failure)
[117.435s][info][gc,heap        ] GC(131) PSYoungGen: 137728K(137728K)->1440K(136704K) Eden: 136192K(136192K)->0K(135168K) From: 1536K(1536K)->1440K(1536K)
[117.435s][info][gc,heap        ] GC(131) ParOldGen: 4157K(1398272K)->4717K(1398272K)
[117.435s][info][gc,metaspace   ] GC(131) Metaspace: 9905K(10240K)->9905K(10240K) NonClass: 8604K(8832K)->8604K(8832K) Class: 1301K(1408K)->1301K(1408K)
[117.435s][info][gc             ] GC(131) Pause Young (Allocation Failure) 138M->6M(1499M) 1.215ms
[117.435s][info][gc,cpu         ] GC(131) User=0.00s Sys=0.00s Real=0.00s
[117.983s][info][gc,start       ] GC(132) Pause Young (Allocation Failure)
[117.984s][info][gc,heap        ] GC(132) PSYoungGen: 136608K(136704K)->1280K(135680K) Eden: 135168K(135168K)->0K(134144K) From: 1440K(1536K)->1280K(1536K)
[117.984s][info][gc,heap        ] GC(132) ParOldGen: 4717K(1398272K)->5245K(1398272K)
[117.984s][info][gc,metaspace   ] GC(132) Metaspace: 9905K(10240K)->9905K(10240K) NonClass: 8604K(8832K)->8604K(8832K) Class: 1301K(1408K)->1301K(1408K)
[117.984s][info][gc             ] GC(132) Pause Young (Allocation Failure) 138M->6M(1498M) 1.622ms
[117.984s][info][gc,cpu         ] GC(132) User=0.00s Sys=0.00s Real=0.00s
[118.532s][info][gc,start       ] GC(133) Pause Young (Allocation Failure)
[118.533s][info][gc,heap        ] GC(133) PSYoungGen: 135424K(135680K)->1120K(134656K) Eden: 134144K(134144K)->0K(133120K) From: 1280K(1536K)->1120K(1536K)
[118.533s][info][gc,heap        ] GC(133) ParOldGen: 5245K(1398272K)->5245K(1398272K)
[118.533s][info][gc,metaspace   ] GC(133) Metaspace: 9905K(10240K)->9905K(10240K) NonClass: 8604K(8832K)->8604K(8832K) Class: 1301K(1408K)->1301K(1408K)
[118.533s][info][gc             ] GC(133) Pause Young (Allocation Failure) 137M->6M(1497M) 1.143ms
[118.533s][info][gc,cpu         ] GC(133) User=0.00s Sys=0.00s Real=0.00s
[119.071s][info][gc,start       ] GC(134) Pause Young (Allocation Failure)
[119.072s][info][gc,heap        ] GC(134) PSYoungGen: 134240K(134656K)->1056K(133632K) Eden: 133120K(133120K)->0K(132096K) From: 1120K(1536K)->1056K(1536K)
[119.072s][info][gc,heap        ] GC(134) ParOldGen: 5245K(1398272K)->5773K(1398272K)
[119.072s][info][gc,metaspace   ] GC(134) Metaspace: 9905K(10240K)->9905K(10240K) NonClass: 8604K(8832K)->8604K(8832K) Class: 1301K(1408K)->1301K(1408K)
[119.072s][info][gc             ] GC(134) Pause Young (Allocation Failure) 136M->6M(1496M) 1.566ms
[119.072s][info][gc,cpu         ] GC(134) User=0.00s Sys=0.00s Real=0.00s
[119.619s][info][gc,start       ] GC(135) Pause Young (Allocation Failure)
[119.620s][info][gc,heap        ] GC(135) PSYoungGen: 133152K(133632K)->1056K(132608K) Eden: 132096K(132096K)->0K(131072K) From: 1056K(1536K)->1056K(1536K)
[119.620s][info][gc,heap        ] GC(135) ParOldGen: 5773K(1398272K)->5773K(1398272K)
[119.620s][info][gc,metaspace   ] GC(135) Metaspace: 9905K(10240K)->9905K(10240K) NonClass: 8604K(8832K)->8604K(8832K) Class: 1301K(1408K)->1301K(1408K)
[119.620s][info][gc             ] GC(135) Pause Young (Allocation Failure) 135M->6M(1495M) 1.043ms
[119.620s][info][gc,cpu         ] GC(135) User=0.00s Sys=0.00s Real=0.00s
[120.166s][info][gc,start       ] GC(136) Pause Young (Allocation Failure)
[120.168s][info][gc,heap        ] GC(136) PSYoungGen: 132128K(132608K)->1056K(131584K) Eden: 131072K(131072K)->0K(130048K) From: 1056K(1536K)->1056K(1536K)
[120.168s][info][gc,heap        ] GC(136) ParOldGen: 5773K(1398272K)->5773K(1398272K)
[120.168s][info][gc,metaspace   ] GC(136) Metaspace: 9905K(10240K)->9905K(10240K) NonClass: 8604K(8832K)->8604K(8832K) Class: 1301K(1408K)->1301K(1408K)
[120.168s][info][gc             ] GC(136) Pause Young (Allocation Failure) 134M->6M(1494M) 1.391ms
[120.168s][info][gc,cpu         ] GC(136) User=0.00s Sys=0.00s Real=0.00s
[120.709s][info][gc,start       ] GC(137) Pause Young (Allocation Failure)
[120.710s][info][gc,heap        ] GC(137) PSYoungGen: 131104K(131584K)->1056K(130560K) Eden: 130048K(130048K)->0K(129024K) From: 1056K(1536K)->1056K(1536K)
[120.710s][info][gc,heap        ] GC(137) ParOldGen: 5773K(1398272K)->5773K(1398272K)
[120.710s][info][gc,metaspace   ] GC(137) Metaspace: 9905K(10240K)->9905K(10240K) NonClass: 8604K(8832K)->8604K(8832K) Class: 1301K(1408K)->1301K(1408K)
[120.710s][info][gc             ] GC(137) Pause Young (Allocation Failure) 133M->6M(1493M) 1.103ms
[120.710s][info][gc,cpu         ] GC(137) User=0.00s Sys=0.00s Real=0.00s
[121.230s][info][gc,start       ] GC(138) Pause Young (Allocation Failure)
[121.231s][info][gc,heap        ] GC(138) PSYoungGen: 130080K(130560K)->1056K(129536K) Eden: 129024K(129024K)->0K(128000K) From: 1056K(1536K)->1056K(1536K)
[121.231s][info][gc,heap        ] GC(138) ParOldGen: 5773K(1398272K)->5773K(1398272K)
[121.231s][info][gc,metaspace   ] GC(138) Metaspace: 9905K(10240K)->9905K(10240K) NonClass: 8604K(8832K)->8604K(8832K) Class: 1301K(1408K)->1301K(1408K)
[121.231s][info][gc             ] GC(138) Pause Young (Allocation Failure) 132M->6M(1492M) 1.444ms
[121.231s][info][gc,cpu         ] GC(138) User=0.02s Sys=0.00s Real=0.02s
[121.763s][info][gc,start       ] GC(139) Pause Young (Allocation Failure)
[121.764s][info][gc,heap        ] GC(139) PSYoungGen: 129056K(129536K)->1056K(128512K) Eden: 128000K(128000K)->0K(126976K) From: 1056K(1536K)->1056K(1536K)
[121.764s][info][gc,heap        ] GC(139) ParOldGen: 5773K(1398272K)->5773K(1398272K)
[121.764s][info][gc,metaspace   ] GC(139) Metaspace: 9905K(10240K)->9905K(10240K) NonClass: 8604K(8832K)->8604K(8832K) Class: 1301K(1408K)->1301K(1408K)
[121.764s][info][gc             ] GC(139) Pause Young (Allocation Failure) 131M->6M(1491M) 1.056ms
[121.764s][info][gc,cpu         ] GC(139) User=0.00s Sys=0.00s Real=0.00s
[122.275s][info][gc,start       ] GC(140) Pause Young (Allocation Failure)
[122.276s][info][gc,heap        ] GC(140) PSYoungGen: 128032K(128512K)->1056K(127488K) Eden: 126976K(126976K)->0K(125952K) From: 1056K(1536K)->1056K(1536K)
[122.276s][info][gc,heap        ] GC(140) ParOldGen: 5773K(1398272K)->5773K(1398272K)
[122.276s][info][gc,metaspace   ] GC(140) Metaspace: 9905K(10240K)->9905K(10240K) NonClass: 8604K(8832K)->8604K(8832K) Class: 1301K(1408K)->1301K(1408K)
[122.276s][info][gc             ] GC(140) Pause Young (Allocation Failure) 130M->6M(1490M) 1.318ms
[122.276s][info][gc,cpu         ] GC(140) User=0.00s Sys=0.02s Real=0.00s
[122.790s][info][gc,start       ] GC(141) Pause Young (Allocation Failure)
[122.791s][info][gc,heap        ] GC(141) PSYoungGen: 127008K(127488K)->512K(125440K) Eden: 125952K(125952K)->0K(124928K) From: 1056K(1536K)->512K(512K)
[122.791s][info][gc,heap        ] GC(141) ParOldGen: 5773K(1398272K)->5997K(1398272K)
[122.791s][info][gc,metaspace   ] GC(141) Metaspace: 9905K(10240K)->9905K(10240K) NonClass: 8604K(8832K)->8604K(8832K) Class: 1301K(1408K)->1301K(1408K)
[122.791s][info][gc             ] GC(141) Pause Young (Allocation Failure) 129M->6M(1488M) 1.217ms
[122.792s][info][gc,cpu         ] GC(141) User=0.02s Sys=0.00s Real=0.02s
[123.022s][info][gc,start       ] GC(142) Pause Young (System.gc())
[123.024s][info][gc,heap        ] GC(142) PSYoungGen: 56961K(125440K)->960K(126464K) Eden: 56449K(124928K)->0K(124928K) From: 512K(512K)->960K(1536K)
[123.024s][info][gc,heap        ] GC(142) ParOldGen: 5997K(1398272K)->6309K(1398272K)
[123.024s][info][gc,metaspace   ] GC(142) Metaspace: 9907K(10240K)->9907K(10240K) NonClass: 8605K(8832K)->8605K(8832K) Class: 1301K(1408K)->1301K(1408K)
[123.024s][info][gc             ] GC(142) Pause Young (System.gc()) 61M->7M(1489M) 1.916ms
[123.024s][info][gc,cpu         ] GC(142) User=0.00s Sys=0.00s Real=0.00s
[123.024s][info][gc,start       ] GC(143) Pause Full (System.gc())
[123.024s][info][gc,phases,start] GC(143) Marking Phase
[123.038s][info][gc,phases      ] GC(143) Marking Phase 14.292ms
[123.038s][info][gc,phases,start] GC(143) Summary Phase
[123.038s][info][gc,phases      ] GC(143) Summary Phase 0.020ms
[123.038s][info][gc,phases,start] GC(143) Adjust Roots
[123.041s][info][gc,phases      ] GC(143) Adjust Roots 2.879ms
[123.041s][info][gc,phases,start] GC(143) Compaction Phase
[123.044s][info][gc,phases      ] GC(143) Compaction Phase 2.725ms
[123.044s][info][gc,phases,start] GC(143) Post Compact
[123.045s][info][gc,phases      ] GC(143) Post Compact 0.563ms
[123.045s][info][gc,heap        ] GC(143) PSYoungGen: 960K(126464K)->0K(126464K) Eden: 0K(124928K)->0K(124928K) From: 960K(1536K)->0K(1536K)
[123.045s][info][gc,heap        ] GC(143) ParOldGen: 6309K(1398272K)->4077K(1398272K)
[123.045s][info][gc,metaspace   ] GC(143) Metaspace: 9907K(10240K)->9907K(10240K) NonClass: 8605K(8832K)->8605K(8832K) Class: 1301K(1408K)->1301K(1408K)
[123.045s][info][gc             ] GC(143) Pause Full (System.gc()) 7M->3M(1489M) 20.736ms
[123.045s][info][gc,cpu         ] GC(143) User=0.52s Sys=0.00s Real=0.02s
[123.552s][info][gc,start       ] GC(144) Pause Young (Allocation Failure)
[123.553s][info][gc,heap        ] GC(144) PSYoungGen: 124927K(126464K)->1536K(125440K) Eden: 124927K(124928K)->0K(123904K) From: 0K(1536K)->1536K(1536K)
[123.553s][info][gc,heap        ] GC(144) ParOldGen: 4077K(1398272K)->4149K(1398272K)
[123.553s][info][gc,metaspace   ] GC(144) Metaspace: 9907K(10240K)->9907K(10240K) NonClass: 8606K(8832K)->8606K(8832K) Class: 1301K(1408K)->1301K(1408K)
[123.553s][info][gc             ] GC(144) Pause Young (Allocation Failure) 125M->5M(1488M) 1.213ms
[123.553s][info][gc,cpu         ] GC(144) User=0.00s Sys=0.00s Real=0.00s
[124.049s][info][gc,start       ] GC(145) Pause Young (Allocation Failure)
[124.051s][info][gc,heap        ] GC(145) PSYoungGen: 125440K(125440K)->1504K(124416K) Eden: 123904K(123904K)->0K(122880K) From: 1536K(1536K)->1504K(1536K)
[124.051s][info][gc,heap        ] GC(145) ParOldGen: 4149K(1398272K)->4741K(1398272K)
[124.051s][info][gc,metaspace   ] GC(145) Metaspace: 9907K(10240K)->9907K(10240K) NonClass: 8606K(8832K)->8606K(8832K) Class: 1301K(1408K)->1301K(1408K)
[124.051s][info][gc             ] GC(145) Pause Young (Allocation Failure) 126M->6M(1487M) 1.670ms
[124.051s][info][gc,cpu         ] GC(145) User=0.00s Sys=0.00s Real=0.00s
[124.537s][info][gc,start       ] GC(146) Pause Young (Allocation Failure)
[124.538s][info][gc,heap        ] GC(146) PSYoungGen: 124384K(124416K)->992K(122880K) Eden: 122880K(122880K)->0K(121856K) From: 1504K(1536K)->992K(1024K)
[124.538s][info][gc,heap        ] GC(146) ParOldGen: 4741K(1398272K)->5285K(1398272K)
[124.538s][info][gc,metaspace   ] GC(146) Metaspace: 9907K(10240K)->9907K(10240K) NonClass: 8606K(8832K)->8606K(8832K) Class: 1301K(1408K)->1301K(1408K)
[124.538s][info][gc             ] GC(146) Pause Young (Allocation Failure) 126M->6M(1485M) 1.317ms
[124.538s][info][gc,cpu         ] GC(146) User=0.00s Sys=0.00s Real=0.00s
[125.034s][info][gc,start       ] GC(147) Pause Young (Allocation Failure)
[125.036s][info][gc,heap        ] GC(147) PSYoungGen: 122848K(122880K)->1120K(122368K) Eden: 121856K(121856K)->0K(120832K) From: 992K(1024K)->1120K(1536K)
[125.036s][info][gc,heap        ] GC(147) ParOldGen: 5285K(1398272K)->5341K(1398272K)
[125.036s][info][gc,metaspace   ] GC(147) Metaspace: 9907K(10240K)->9907K(10240K) NonClass: 8606K(8832K)->8606K(8832K) Class: 1301K(1408K)->1301K(1408K)
[125.036s][info][gc             ] GC(147) Pause Young (Allocation Failure) 125M->6M(1485M) 1.287ms
[125.036s][info][gc,cpu         ] GC(147) User=0.00s Sys=0.00s Real=0.00s
[125.530s][info][gc,start       ] GC(148) Pause Young (Allocation Failure)
[125.531s][info][gc,heap        ] GC(148) PSYoungGen: 121952K(122368K)->1088K(121344K) Eden: 120832K(120832K)->0K(119808K) From: 1120K(1536K)->1088K(1536K)
[125.531s][info][gc,heap        ] GC(148) ParOldGen: 5341K(1398272K)->5709K(1398272K)
[125.531s][info][gc,metaspace   ] GC(148) Metaspace: 9907K(10240K)->9907K(10240K) NonClass: 8606K(8832K)->8606K(8832K) Class: 1301K(1408K)->1301K(1408K)
[125.531s][info][gc             ] GC(148) Pause Young (Allocation Failure) 124M->6M(1484M) 1.307ms
[125.531s][info][gc,cpu         ] GC(148) User=0.00s Sys=0.00s Real=0.00s
[126.025s][info][gc,start       ] GC(149) Pause Young (Allocation Failure)
[126.026s][info][gc,heap        ] GC(149) PSYoungGen: 120896K(121344K)->1088K(120320K) Eden: 119808K(119808K)->0K(118784K) From: 1088K(1536K)->1088K(1536K)
[126.026s][info][gc,heap        ] GC(149) ParOldGen: 5709K(1398272K)->5725K(1398272K)
[126.026s][info][gc,metaspace   ] GC(149) Metaspace: 9907K(10240K)->9907K(10240K) NonClass: 8606K(8832K)->8606K(8832K) Class: 1301K(1408K)->1301K(1408K)
[126.027s][info][gc             ] GC(149) Pause Young (Allocation Failure) 123M->6M(1483M) 1.535ms
[126.027s][info][gc,cpu         ] GC(149) User=0.00s Sys=0.00s Real=0.00s
[126.518s][info][gc,start       ] GC(150) Pause Young (Allocation Failure)
[126.519s][info][gc,heap        ] GC(150) PSYoungGen: 119872K(120320K)->1504K(119296K) Eden: 118784K(118784K)->0K(117760K) From: 1088K(1536K)->1504K(1536K)
[126.519s][info][gc,heap        ] GC(150) ParOldGen: 5725K(1398272K)->6085K(1398272K)
[126.519s][info][gc,metaspace   ] GC(150) Metaspace: 9907K(10240K)->9907K(10240K) NonClass: 8606K(8832K)->8606K(8832K) Class: 1301K(1408K)->1301K(1408K)
[126.519s][info][gc             ] GC(150) Pause Young (Allocation Failure) 122M->7M(1482M) 1.275ms
[126.519s][info][gc,cpu         ] GC(150) User=0.00s Sys=0.00s Real=0.00s
[127.001s][info][gc,start       ] GC(151) Pause Young (Allocation Failure)
[127.002s][info][gc,heap        ] GC(151) PSYoungGen: 119264K(119296K)->960K(117760K) Eden: 117760K(117760K)->0K(116736K) From: 1504K(1536K)->960K(1024K)
[127.002s][info][gc,heap        ] GC(151) ParOldGen: 6085K(1398272K)->6597K(1398272K)
[127.002s][info][gc,metaspace   ] GC(151) Metaspace: 9907K(10240K)->9907K(10240K) NonClass: 8606K(8832K)->8606K(8832K) Class: 1301K(1408K)->1301K(1408K)
[127.002s][info][gc             ] GC(151) Pause Young (Allocation Failure) 122M->7M(1480M) 1.579ms
[127.002s][info][gc,cpu         ] GC(151) User=0.00s Sys=0.00s Real=0.00s
[127.477s][info][gc,start       ] GC(152) Pause Young (Allocation Failure)
[127.478s][info][gc,heap        ] GC(152) PSYoungGen: 117696K(117760K)->1056K(117248K) Eden: 116736K(116736K)->0K(115712K) From: 960K(1024K)->1056K(1536K)
[127.478s][info][gc,heap        ] GC(152) ParOldGen: 6597K(1398272K)->6597K(1398272K)
[127.478s][info][gc,metaspace   ] GC(152) Metaspace: 9907K(10240K)->9907K(10240K) NonClass: 8606K(8832K)->8606K(8832K) Class: 1301K(1408K)->1301K(1408K)
[127.478s][info][gc             ] GC(152) Pause Young (Allocation Failure) 121M->7M(1480M) 1.154ms
[127.478s][info][gc,cpu         ] GC(152) User=0.00s Sys=0.00s Real=0.00s
[127.947s][info][gc,start       ] GC(153) Pause Young (Allocation Failure)
[127.949s][info][gc,heap        ] GC(153) PSYoungGen: 116768K(117248K)->1056K(116224K) Eden: 115712K(115712K)->0K(114688K) From: 1056K(1536K)->1056K(1536K)
[127.949s][info][gc,heap        ] GC(153) ParOldGen: 6597K(1398272K)->6597K(1398272K)
[127.949s][info][gc,metaspace   ] GC(153) Metaspace: 9907K(10240K)->9907K(10240K) NonClass: 8606K(8832K)->8606K(8832K) Class: 1301K(1408K)->1301K(1408K)
[127.949s][info][gc             ] GC(153) Pause Young (Allocation Failure) 120M->7M(1479M) 1.306ms
[127.949s][info][gc,cpu         ] GC(153) User=0.00s Sys=0.00s Real=0.00s
[128.415s][info][gc,start       ] GC(154) Pause Young (Allocation Failure)
[128.416s][info][gc,heap        ] GC(154) PSYoungGen: 115744K(116224K)->1056K(115200K) Eden: 114688K(114688K)->0K(113664K) From: 1056K(1536K)->1056K(1536K)
[128.416s][info][gc,heap        ] GC(154) ParOldGen: 6597K(1398272K)->6597K(1398272K)
[128.416s][info][gc,metaspace   ] GC(154) Metaspace: 9907K(10240K)->9907K(10240K) NonClass: 8606K(8832K)->8606K(8832K) Class: 1301K(1408K)->1301K(1408K)
[128.416s][info][gc             ] GC(154) Pause Young (Allocation Failure) 119M->7M(1478M) 1.047ms
[128.416s][info][gc,cpu         ] GC(154) User=0.00s Sys=0.00s Real=0.00s
[128.887s][info][gc,start       ] GC(155) Pause Young (Allocation Failure)
[128.888s][info][gc,heap        ] GC(155) PSYoungGen: 114720K(115200K)->1120K(114688K) Eden: 113664K(113664K)->0K(113152K) From: 1056K(1536K)->1120K(1536K)
[128.888s][info][gc,heap        ] GC(155) ParOldGen: 6597K(1398272K)->6605K(1398272K)
[128.888s][info][gc,metaspace   ] GC(155) Metaspace: 9907K(10240K)->9907K(10240K) NonClass: 8606K(8832K)->8606K(8832K) Class: 1301K(1408K)->1301K(1408K)
[128.888s][info][gc             ] GC(155) Pause Young (Allocation Failure) 118M->7M(1477M) 1.562ms
[128.888s][info][gc,cpu         ] GC(155) User=0.00s Sys=0.00s Real=0.00s
[129.339s][info][gc,start       ] GC(156) Pause Young (Allocation Failure)
[129.340s][info][gc,heap        ] GC(156) PSYoungGen: 114272K(114688K)->1152K(114176K) Eden: 113152K(113152K)->0K(112640K) From: 1120K(1536K)->1152K(1536K)
[129.340s][info][gc,heap        ] GC(156) ParOldGen: 6605K(1398272K)->7165K(1398272K)
[129.340s][info][gc,metaspace   ] GC(156) Metaspace: 9907K(10240K)->9907K(10240K) NonClass: 8606K(8832K)->8606K(8832K) Class: 1301K(1408K)->1301K(1408K)
[129.340s][info][gc             ] GC(156) Pause Young (Allocation Failure) 118M->8M(1477M) 1.365ms
[129.340s][info][gc,cpu         ] GC(156) User=0.00s Sys=0.00s Real=0.00s
[129.721s][info][gc,start       ] GC(157) Pause Young (System.gc())
[129.722s][info][gc,heap        ] GC(157) PSYoungGen: 91850K(114176K)->1056K(114176K) Eden: 90698K(112640K)->0K(112640K) From: 1152K(1536K)->1056K(1536K)
[129.722s][info][gc,heap        ] GC(157) ParOldGen: 7165K(1398272K)->7165K(1398272K)
[129.722s][info][gc,metaspace   ] GC(157) Metaspace: 9907K(10240K)->9907K(10240K) NonClass: 8606K(8832K)->8606K(8832K) Class: 1301K(1408K)->1301K(1408K)
[129.722s][info][gc             ] GC(157) Pause Young (System.gc()) 96M->8M(1477M) 1.248ms
[129.722s][info][gc,cpu         ] GC(157) User=0.00s Sys=0.00s Real=0.00s
[129.722s][info][gc,start       ] GC(158) Pause Full (System.gc())
[129.722s][info][gc,phases,start] GC(158) Marking Phase
[129.737s][info][gc,phases      ] GC(158) Marking Phase 14.793ms
[129.737s][info][gc,phases,start] GC(158) Summary Phase
[129.737s][info][gc,phases      ] GC(158) Summary Phase 0.020ms
[129.737s][info][gc,phases,start] GC(158) Adjust Roots
[129.740s][info][gc,phases      ] GC(158) Adjust Roots 3.346ms
[129.740s][info][gc,phases,start] GC(158) Compaction Phase
[129.744s][info][gc,phases      ] GC(158) Compaction Phase 3.625ms
[129.744s][info][gc,phases,start] GC(158) Post Compact
[129.745s][info][gc,phases      ] GC(158) Post Compact 0.718ms
[129.745s][info][gc,heap        ] GC(158) PSYoungGen: 1056K(114176K)->0K(114176K) Eden: 0K(112640K)->0K(112640K) From: 1056K(1536K)->0K(1536K)
[129.745s][info][gc,heap        ] GC(158) ParOldGen: 7165K(1398272K)->4077K(1398272K)
[129.745s][info][gc,metaspace   ] GC(158) Metaspace: 9907K(10240K)->9907K(10240K) NonClass: 8606K(8832K)->8606K(8832K) Class: 1301K(1408K)->1301K(1408K)
[129.745s][info][gc             ] GC(158) Pause Full (System.gc()) 8M->3M(1477M) 22.734ms
[129.745s][info][gc,cpu         ] GC(158) User=0.52s Sys=0.00s Real=0.02s
[130.204s][info][gc,start       ] GC(159) Pause Young (Allocation Failure)
[130.206s][info][gc,heap        ] GC(159) PSYoungGen: 112640K(114176K)->512K(112640K) Eden: 112640K(112640K)->0K(112128K) From: 0K(1536K)->512K(512K)
[130.206s][info][gc,heap        ] GC(159) ParOldGen: 4077K(1398272K)->4909K(1398272K)
[130.206s][info][gc,metaspace   ] GC(159) Metaspace: 9907K(10240K)->9907K(10240K) NonClass: 8606K(8832K)->8606K(8832K) Class: 1301K(1408K)->1301K(1408K)
[130.206s][info][gc             ] GC(159) Pause Young (Allocation Failure) 113M->5M(1475M) 1.481ms
[130.206s][info][gc,cpu         ] GC(159) User=0.00s Sys=0.00s Real=0.00s
[130.666s][info][gc,start       ] GC(160) Pause Young (Allocation Failure)
[130.668s][info][gc,heap        ] GC(160) PSYoungGen: 112640K(112640K)->1536K(113152K) Eden: 112128K(112128K)->0K(111616K) From: 512K(512K)->1536K(1536K)
[130.668s][info][gc,heap        ] GC(160) ParOldGen: 4909K(1398272K)->5509K(1398272K)
[130.668s][info][gc,metaspace   ] GC(160) Metaspace: 9907K(10240K)->9907K(10240K) NonClass: 8606K(8832K)->8606K(8832K) Class: 1301K(1408K)->1301K(1408K)
[130.668s][info][gc             ] GC(160) Pause Young (Allocation Failure) 114M->6M(1476M) 1.512ms
[130.668s][info][gc,cpu         ] GC(160) User=0.00s Sys=0.00s Real=0.00s
[131.115s][info][gc,start       ] GC(161) Pause Young (Allocation Failure)
[131.116s][info][gc,heap        ] GC(161) PSYoungGen: 113152K(113152K)->960K(112128K) Eden: 111616K(111616K)->0K(111104K) From: 1536K(1536K)->960K(1024K)
[131.116s][info][gc,heap        ] GC(161) ParOldGen: 5509K(1398272K)->6101K(1398272K)
[131.116s][info][gc,metaspace   ] GC(161) Metaspace: 9907K(10240K)->9907K(10240K) NonClass: 8606K(8832K)->8606K(8832K) Class: 1301K(1408K)->1301K(1408K)
[131.116s][info][gc             ] GC(161) Pause Young (Allocation Failure) 115M->6M(1475M) 1.425ms
[131.117s][info][gc,cpu         ] GC(161) User=0.00s Sys=0.00s Real=0.00s
[131.566s][info][gc,start       ] GC(162) Pause Young (Allocation Failure)
[131.567s][info][gc,heap        ] GC(162) PSYoungGen: 112064K(112128K)->1056K(112128K) Eden: 111104K(111104K)->0K(110592K) From: 960K(1024K)->1056K(1536K)
[131.567s][info][gc,heap        ] GC(162) ParOldGen: 6101K(1398272K)->6101K(1398272K)
[131.567s][info][gc,metaspace   ] GC(162) Metaspace: 9907K(10240K)->9907K(10240K) NonClass: 8606K(8832K)->8606K(8832K) Class: 1301K(1408K)->1301K(1408K)
[131.567s][info][gc             ] GC(162) Pause Young (Allocation Failure) 115M->6M(1475M) 1.184ms
[131.567s][info][gc,cpu         ] GC(162) User=0.00s Sys=0.00s Real=0.00s
[132.015s][info][gc,start       ] GC(163) Pause Young (Allocation Failure)
[132.017s][info][gc,heap        ] GC(163) PSYoungGen: 111648K(112128K)->1024K(111104K) Eden: 110592K(110592K)->0K(110080K) From: 1056K(1536K)->1024K(1024K)
[132.017s][info][gc,heap        ] GC(163) ParOldGen: 6101K(1398272K)->6501K(1398272K)
[132.017s][info][gc,metaspace   ] GC(163) Metaspace: 9907K(10240K)->9907K(10240K) NonClass: 8606K(8832K)->8606K(8832K) Class: 1301K(1408K)->1301K(1408K)
[132.017s][info][gc             ] GC(163) Pause Young (Allocation Failure) 114M->7M(1474M) 1.405ms
[132.017s][info][gc,cpu         ] GC(163) User=0.00s Sys=0.00s Real=0.00s
[132.471s][info][gc,start       ] GC(164) Pause Young (Allocation Failure)
[132.472s][info][gc,heap        ] GC(164) PSYoungGen: 111104K(111104K)->1056K(111104K) Eden: 110080K(110080K)->0K(109568K) From: 1024K(1024K)->1056K(1536K)
[132.472s][info][gc,heap        ] GC(164) ParOldGen: 6501K(1398272K)->6501K(1398272K)
[132.472s][info][gc,metaspace   ] GC(164) Metaspace: 9907K(10240K)->9907K(10240K) NonClass: 8606K(8832K)->8606K(8832K) Class: 1301K(1408K)->1301K(1408K)
[132.472s][info][gc             ] GC(164) Pause Young (Allocation Failure) 114M->7M(1474M) 1.210ms
[132.472s][info][gc,cpu         ] GC(164) User=0.00s Sys=0.00s Real=0.00s
[132.913s][info][gc,start       ] GC(165) Pause Young (Allocation Failure)
[132.914s][info][gc,heap        ] GC(165) PSYoungGen: 110624K(111104K)->1056K(110592K) Eden: 109568K(109568K)->0K(109056K) From: 1056K(1536K)->1056K(1536K)
[132.914s][info][gc,heap        ] GC(165) ParOldGen: 6501K(1398272K)->6501K(1398272K)
[132.914s][info][gc,metaspace   ] GC(165) Metaspace: 9907K(10240K)->9907K(10240K) NonClass: 8606K(8832K)->8606K(8832K) Class: 1301K(1408K)->1301K(1408K)
[132.914s][info][gc             ] GC(165) Pause Young (Allocation Failure) 114M->7M(1473M) 1.283ms
[132.914s][info][gc,cpu         ] GC(165) User=0.00s Sys=0.00s Real=0.00s
[133.359s][info][gc,start       ] GC(166) Pause Young (Allocation Failure)
[133.360s][info][gc,heap        ] GC(166) PSYoungGen: 110112K(110592K)->1120K(110080K) Eden: 109056K(109056K)->0K(108544K) From: 1056K(1536K)->1120K(1536K)
[133.360s][info][gc,heap        ] GC(166) ParOldGen: 6501K(1398272K)->6861K(1398272K)
[133.360s][info][gc,metaspace   ] GC(166) Metaspace: 9907K(10240K)->9907K(10240K) NonClass: 8606K(8832K)->8606K(8832K) Class: 1301K(1408K)->1301K(1408K)
[133.360s][info][gc             ] GC(166) Pause Young (Allocation Failure) 113M->7M(1473M) 1.387ms
[133.360s][info][gc,cpu         ] GC(166) User=0.00s Sys=0.00s Real=0.00s
[133.814s][info][gc,start       ] GC(167) Pause Young (Allocation Failure)
[133.815s][info][gc,heap        ] GC(167) PSYoungGen: 109664K(110080K)->1056K(109568K) Eden: 108544K(108544K)->0K(108032K) From: 1120K(1536K)->1056K(1536K)
[133.815s][info][gc,heap        ] GC(167) ParOldGen: 6861K(1398272K)->6861K(1398272K)
[133.815s][info][gc,metaspace   ] GC(167) Metaspace: 9907K(10240K)->9907K(10240K) NonClass: 8606K(8832K)->8606K(8832K) Class: 1301K(1408K)->1301K(1408K)
[133.816s][info][gc             ] GC(167) Pause Young (Allocation Failure) 113M->7M(1472M) 1.097ms
[133.816s][info][gc,cpu         ] GC(167) User=0.00s Sys=0.00s Real=0.00s
[134.249s][info][gc,start       ] GC(168) Pause Young (Allocation Failure)
[134.250s][info][gc,heap        ] GC(168) PSYoungGen: 109088K(109568K)->1056K(109056K) Eden: 108032K(108032K)->0K(107520K) From: 1056K(1536K)->1056K(1536K)
[134.250s][info][gc,heap        ] GC(168) ParOldGen: 6861K(1398272K)->6861K(1398272K)
[134.250s][info][gc,metaspace   ] GC(168) Metaspace: 9907K(10240K)->9907K(10240K) NonClass: 8606K(8832K)->8606K(8832K) Class: 1301K(1408K)->1301K(1408K)
[134.250s][info][gc             ] GC(168) Pause Young (Allocation Failure) 113M->7M(1472M) 1.399ms
[134.250s][info][gc,cpu         ] GC(168) User=0.00s Sys=0.00s Real=0.00s
[134.673s][info][gc,start       ] GC(169) Pause Young (Allocation Failure)
[134.674s][info][gc,heap        ] GC(169) PSYoungGen: 108576K(109056K)->992K(108032K) Eden: 107520K(107520K)->0K(107008K) From: 1056K(1536K)->992K(1024K)
[134.675s][info][gc,heap        ] GC(169) ParOldGen: 6861K(1398272K)->7285K(1398272K)
[134.675s][info][gc,metaspace   ] GC(169) Metaspace: 9907K(10240K)->9907K(10240K) NonClass: 8606K(8832K)->8606K(8832K) Class: 1301K(1408K)->1301K(1408K)
[134.675s][info][gc             ] GC(169) Pause Young (Allocation Failure) 112M->8M(1471M) 1.293ms
[134.675s][info][gc,cpu         ] GC(169) User=0.00s Sys=0.00s Real=0.00s
[135.118s][info][gc,start       ] GC(170) Pause Young (Allocation Failure)
[135.119s][info][gc,heap        ] GC(170) PSYoungGen: 108000K(108032K)->1056K(108544K) Eden: 107008K(107008K)->0K(106496K) From: 992K(1024K)->1056K(2048K)
[135.119s][info][gc,heap        ] GC(170) ParOldGen: 7285K(1398272K)->7285K(1398272K)
[135.119s][info][gc,metaspace   ] GC(170) Metaspace: 9907K(10240K)->9907K(10240K) NonClass: 8606K(8832K)->8606K(8832K) Class: 1301K(1408K)->1301K(1408K)
[135.119s][info][gc             ] GC(170) Pause Young (Allocation Failure) 112M->8M(1471M) 1.375ms
[135.119s][info][gc,cpu         ] GC(170) User=0.00s Sys=0.00s Real=0.00s
[135.559s][info][gc,start       ] GC(171) Pause Young (Allocation Failure)
[135.560s][info][gc,heap        ] GC(171) PSYoungGen: 107552K(108544K)->992K(107008K) Eden: 106496K(106496K)->0K(105984K) From: 1056K(2048K)->992K(1024K)
[135.560s][info][gc,heap        ] GC(171) ParOldGen: 7285K(1398272K)->7685K(1398272K)
[135.560s][info][gc,metaspace   ] GC(171) Metaspace: 9907K(10240K)->9907K(10240K) NonClass: 8606K(8832K)->8606K(8832K) Class: 1301K(1408K)->1301K(1408K)
[135.560s][info][gc             ] GC(171) Pause Young (Allocation Failure) 112M->8M(1470M) 1.491ms
[135.560s][info][gc,cpu         ] GC(171) User=0.00s Sys=0.00s Real=0.00s
[135.991s][info][gc,start       ] GC(172) Pause Young (Allocation Failure)
[135.992s][info][gc,heap        ] GC(172) PSYoungGen: 106976K(107008K)->1056K(107008K) Eden: 105984K(105984K)->0K(105472K) From: 992K(1024K)->1056K(1536K)
[135.992s][info][gc,heap        ] GC(172) ParOldGen: 7685K(1398272K)->7685K(1398272K)
[135.992s][info][gc,metaspace   ] GC(172) Metaspace: 9907K(10240K)->9907K(10240K) NonClass: 8606K(8832K)->8606K(8832K) Class: 1301K(1408K)->1301K(1408K)
[135.992s][info][gc             ] GC(172) Pause Young (Allocation Failure) 111M->8M(1470M) 1.175ms
[135.992s][info][gc,cpu         ] GC(172) User=0.00s Sys=0.00s Real=0.00s
[136.418s][info][gc,start       ] GC(173) Pause Young (Allocation Failure)
[136.419s][info][gc,heap        ] GC(173) PSYoungGen: 106527K(107008K)->1024K(105984K) Eden: 105471K(105472K)->0K(104960K) From: 1056K(1536K)->1024K(1024K)
[136.420s][info][gc,heap        ] GC(173) ParOldGen: 7685K(1398272K)->7693K(1398272K)
[136.420s][info][gc,metaspace   ] GC(173) Metaspace: 9907K(10240K)->9907K(10240K) NonClass: 8606K(8832K)->8606K(8832K) Class: 1301K(1408K)->1301K(1408K)
[136.420s][info][gc             ] GC(173) Pause Young (Allocation Failure) 111M->8M(1469M) 1.097ms
[136.420s][info][gc,cpu         ] GC(173) User=0.00s Sys=0.00s Real=0.00s
[136.424s][info][gc,start       ] GC(174) Pause Young (System.gc())
[136.425s][info][gc,heap        ] GC(174) PSYoungGen: 1878K(105984K)->896K(105984K) Eden: 854K(104960K)->0K(104960K) From: 1024K(1024K)->896K(1024K)
[136.426s][info][gc,heap        ] GC(174) ParOldGen: 7693K(1398272K)->8173K(1398272K)
[136.426s][info][gc,metaspace   ] GC(174) Metaspace: 9907K(10240K)->9907K(10240K) NonClass: 8606K(8832K)->8606K(8832K) Class: 1301K(1408K)->1301K(1408K)
[136.426s][info][gc             ] GC(174) Pause Young (System.gc()) 9M->8M(1469M) 1.418ms
[136.426s][info][gc,cpu         ] GC(174) User=0.00s Sys=0.00s Real=0.00s
[136.426s][info][gc,start       ] GC(175) Pause Full (System.gc())
[136.426s][info][gc,phases,start] GC(175) Marking Phase
[136.442s][info][gc,phases      ] GC(175) Marking Phase 16.677ms
[136.443s][info][gc,phases,start] GC(175) Summary Phase
[136.443s][info][gc,phases      ] GC(175) Summary Phase 0.020ms
[136.443s][info][gc,phases,start] GC(175) Adjust Roots
[136.447s][info][gc,phases      ] GC(175) Adjust Roots 4.477ms
[136.447s][info][gc,phases,start] GC(175) Compaction Phase
[136.451s][info][gc,phases      ] GC(175) Compaction Phase 4.011ms
[136.451s][info][gc,phases,start] GC(175) Post Compact
[136.452s][info][gc,phases      ] GC(175) Post Compact 0.767ms
[136.452s][info][gc,heap        ] GC(175) PSYoungGen: 896K(105984K)->0K(105984K) Eden: 0K(104960K)->0K(104960K) From: 896K(1024K)->0K(1024K)
[136.452s][info][gc,heap        ] GC(175) ParOldGen: 8173K(1398272K)->4077K(1398272K)
[136.452s][info][gc,metaspace   ] GC(175) Metaspace: 9907K(10240K)->9907K(10240K) NonClass: 8606K(8832K)->8606K(8832K) Class: 1301K(1408K)->1301K(1408K)
[136.452s][info][gc             ] GC(175) Pause Full (System.gc()) 8M->3M(1469M) 26.223ms
[136.452s][info][gc,cpu         ] GC(175) User=0.53s Sys=0.00s Real=0.03s
[136.885s][info][gc,start       ] GC(176) Pause Young (Allocation Failure)
[136.886s][info][gc,heap        ] GC(176) PSYoungGen: 104960K(105984K)->1536K(105984K) Eden: 104960K(104960K)->0K(104448K) From: 0K(1024K)->1536K(1536K)
[136.886s][info][gc,heap        ] GC(176) ParOldGen: 4077K(1398272K)->4149K(1398272K)
[136.886s][info][gc,metaspace   ] GC(176) Metaspace: 9933K(10240K)->9933K(10240K) NonClass: 8632K(8832K)->8632K(8832K) Class: 1301K(1408K)->1301K(1408K)
[136.886s][info][gc             ] GC(176) Pause Young (Allocation Failure) 106M->5M(1469M) 1.273ms
[136.886s][info][gc,cpu         ] GC(176) User=0.00s Sys=0.00s Real=0.00s
[137.313s][info][gc,start       ] GC(177) Pause Young (Allocation Failure)
[137.315s][info][gc,heap        ] GC(177) PSYoungGen: 105984K(105984K)->1440K(105472K) Eden: 104448K(104448K)->0K(103936K) From: 1536K(1536K)->1440K(1536K)
[137.315s][info][gc,heap        ] GC(177) ParOldGen: 4149K(1398272K)->4541K(1398272K)
[137.315s][info][gc,metaspace   ] GC(177) Metaspace: 9933K(10240K)->9933K(10240K) NonClass: 8632K(8832K)->8632K(8832K) Class: 1301K(1408K)->1301K(1408K)
[137.315s][info][gc             ] GC(177) Pause Young (Allocation Failure) 107M->5M(1468M) 1.607ms
[137.315s][info][gc,cpu         ] GC(177) User=0.00s Sys=0.00s Real=0.00s
[137.735s][info][gc,start       ] GC(178) Pause Young (Allocation Failure)
[137.737s][info][gc,heap        ] GC(178) PSYoungGen: 105376K(105472K)->1344K(104960K) Eden: 103936K(103936K)->0K(103424K) From: 1440K(1536K)->1344K(1536K)
[137.737s][info][gc,heap        ] GC(178) ParOldGen: 4541K(1398272K)->5061K(1398272K)
[137.737s][info][gc,metaspace   ] GC(178) Metaspace: 9933K(10240K)->9933K(10240K) NonClass: 8632K(8832K)->8632K(8832K) Class: 1301K(1408K)->1301K(1408K)
[137.737s][info][gc             ] GC(178) Pause Young (Allocation Failure) 107M->6M(1468M) 1.245ms
[137.737s][info][gc,cpu         ] GC(178) User=0.00s Sys=0.00s Real=0.00s
[138.171s][info][gc,start       ] GC(179) Pause Young (Allocation Failure)
[138.172s][info][gc,heap        ] GC(179) PSYoungGen: 104768K(104960K)->1056K(104448K) Eden: 103424K(103424K)->0K(102912K) From: 1344K(1536K)->1056K(1536K)
[138.172s][info][gc,heap        ] GC(179) ParOldGen: 5061K(1398272K)->5381K(1398272K)
[138.172s][info][gc,metaspace   ] GC(179) Metaspace: 9933K(10240K)->9933K(10240K) NonClass: 8632K(8832K)->8632K(8832K) Class: 1301K(1408K)->1301K(1408K)
[138.172s][info][gc             ] GC(179) Pause Young (Allocation Failure) 107M->6M(1467M) 1.339ms
[138.172s][info][gc,cpu         ] GC(179) User=0.00s Sys=0.00s Real=0.00s
[138.604s][info][gc,start       ] GC(180) Pause Young (Allocation Failure)
[138.605s][info][gc,heap        ] GC(180) PSYoungGen: 103968K(104448K)->1312K(103936K) Eden: 102912K(102912K)->0K(102400K) From: 1056K(1536K)->1312K(1536K)
[138.605s][info][gc,heap        ] GC(180) ParOldGen: 5381K(1398272K)->5749K(1398272K)
[138.605s][info][gc,metaspace   ] GC(180) Metaspace: 9933K(10240K)->9933K(10240K) NonClass: 8632K(8832K)->8632K(8832K) Class: 1301K(1408K)->1301K(1408K)
[138.605s][info][gc             ] GC(180) Pause Young (Allocation Failure) 106M->6M(1467M) 1.166ms
[138.605s][info][gc,cpu         ] GC(180) User=0.00s Sys=0.00s Real=0.00s
[139.030s][info][gc,start       ] GC(181) Pause Young (Allocation Failure)
[139.032s][info][gc,heap        ] GC(181) PSYoungGen: 103712K(103936K)->1248K(103424K) Eden: 102400K(102400K)->0K(101888K) From: 1312K(1536K)->1248K(1536K)
[139.032s][info][gc,heap        ] GC(181) ParOldGen: 5749K(1398272K)->6077K(1398272K)
[139.032s][info][gc,metaspace   ] GC(181) Metaspace: 9933K(10240K)->9933K(10240K) NonClass: 8632K(8832K)->8632K(8832K) Class: 1301K(1408K)->1301K(1408K)
[139.032s][info][gc             ] GC(181) Pause Young (Allocation Failure) 106M->7M(1466M) 1.494ms
[139.032s][info][gc,cpu         ] GC(181) User=0.00s Sys=0.00s Real=0.00s
[139.440s][info][gc,start       ] GC(182) Pause Young (Allocation Failure)
[139.441s][info][gc,heap        ] GC(182) PSYoungGen: 103136K(103424K)->992K(102400K) Eden: 101888K(101888K)->0K(101376K) From: 1248K(1536K)->992K(1024K)
[139.441s][info][gc,heap        ] GC(182) ParOldGen: 6077K(1398272K)->6437K(1398272K)
[139.441s][info][gc,metaspace   ] GC(182) Metaspace: 9933K(10240K)->9933K(10240K) NonClass: 8632K(8832K)->8632K(8832K) Class: 1301K(1408K)->1301K(1408K)
[139.441s][info][gc             ] GC(182) Pause Young (Allocation Failure) 106M->7M(1465M) 1.421ms
[139.441s][info][gc,cpu         ] GC(182) User=0.00s Sys=0.00s Real=0.00s
[139.846s][info][gc,start       ] GC(183) Pause Young (Allocation Failure)
[139.847s][info][gc,heap        ] GC(183) PSYoungGen: 102368K(102400K)->1056K(102400K) Eden: 101376K(101376K)->0K(100864K) From: 992K(1024K)->1056K(1536K)
[139.847s][info][gc,heap        ] GC(183) ParOldGen: 6437K(1398272K)->6437K(1398272K)
[139.847s][info][gc,metaspace   ] GC(183) Metaspace: 9933K(10240K)->9933K(10240K) NonClass: 8632K(8832K)->8632K(8832K) Class: 1301K(1408K)->1301K(1408K)
[139.847s][info][gc             ] GC(183) Pause Young (Allocation Failure) 106M->7M(1465M) 1.266ms
[139.847s][info][gc,cpu         ] GC(183) User=0.00s Sys=0.00s Real=0.00s
[140.268s][info][gc,start       ] GC(184) Pause Young (Allocation Failure)
[140.269s][info][gc,heap        ] GC(184) PSYoungGen: 101920K(102400K)->1024K(101376K) Eden: 100864K(100864K)->0K(100352K) From: 1056K(1536K)->1024K(1024K)
[140.269s][info][gc,heap        ] GC(184) ParOldGen: 6437K(1398272K)->6797K(1398272K)
[140.269s][info][gc,metaspace   ] GC(184) Metaspace: 9933K(10240K)->9933K(10240K) NonClass: 8632K(8832K)->8632K(8832K) Class: 1301K(1408K)->1301K(1408K)
[140.269s][info][gc             ] GC(184) Pause Young (Allocation Failure) 105M->7M(1464M) 1.505ms
[140.269s][info][gc,cpu         ] GC(184) User=0.00s Sys=0.00s Real=0.00s
[140.667s][info][gc,start       ] GC(185) Pause Young (Allocation Failure)
[140.668s][info][gc,heap        ] GC(185) PSYoungGen: 101376K(101376K)->1056K(101376K) Eden: 100352K(100352K)->0K(99840K) From: 1024K(1024K)->1056K(1536K)
[140.668s][info][gc,heap        ] GC(185) ParOldGen: 6797K(1398272K)->6797K(1398272K)
[140.668s][info][gc,metaspace   ] GC(185) Metaspace: 9933K(10240K)->9933K(10240K) NonClass: 8632K(8832K)->8632K(8832K) Class: 1301K(1408K)->1301K(1408K)
[140.668s][info][gc             ] GC(185) Pause Young (Allocation Failure) 105M->7M(1464M) 1.197ms
[140.668s][info][gc,cpu         ] GC(185) User=0.00s Sys=0.00s Real=0.00s
[141.071s][info][gc,start       ] GC(186) Pause Young (Allocation Failure)
[141.072s][info][gc,heap        ] GC(186) PSYoungGen: 100896K(101376K)->1056K(100864K) Eden: 99840K(99840K)->0K(99328K) From: 1056K(1536K)->1056K(1536K)
[141.072s][info][gc,heap        ] GC(186) ParOldGen: 6797K(1398272K)->6797K(1398272K)
[141.072s][info][gc,metaspace   ] GC(186) Metaspace: 9933K(10240K)->9933K(10240K) NonClass: 8632K(8832K)->8632K(8832K) Class: 1301K(1408K)->1301K(1408K)
[141.072s][info][gc             ] GC(186) Pause Young (Allocation Failure) 105M->7M(1464M) 1.205ms
[141.072s][info][gc,cpu         ] GC(186) User=0.00s Sys=0.00s Real=0.00s
[141.483s][info][gc,start       ] GC(187) Pause Young (Allocation Failure)
[141.484s][info][gc,heap        ] GC(187) PSYoungGen: 100384K(100864K)->1056K(100352K) Eden: 99328K(99328K)->0K(98816K) From: 1056K(1536K)->1056K(1536K)
[141.484s][info][gc,heap        ] GC(187) ParOldGen: 6797K(1398272K)->6797K(1398272K)
[141.484s][info][gc,metaspace   ] GC(187) Metaspace: 9933K(10240K)->9933K(10240K) NonClass: 8632K(8832K)->8632K(8832K) Class: 1301K(1408K)->1301K(1408K)
[141.484s][info][gc             ] GC(187) Pause Young (Allocation Failure) 104M->7M(1463M) 1.378ms
[141.484s][info][gc,cpu         ] GC(187) User=0.02s Sys=0.00s Real=0.01s
[141.885s][info][gc,start       ] GC(188) Pause Young (Allocation Failure)
[141.886s][info][gc,heap        ] GC(188) PSYoungGen: 99872K(100352K)->512K(98816K) Eden: 98816K(98816K)->0K(98304K) From: 1056K(1536K)->512K(512K)
[141.886s][info][gc,heap        ] GC(188) ParOldGen: 6797K(1398272K)->7037K(1398272K)
[141.886s][info][gc,metaspace   ] GC(188) Metaspace: 9933K(10240K)->9933K(10240K) NonClass: 8632K(8832K)->8632K(8832K) Class: 1301K(1408K)->1301K(1408K)
[141.886s][info][gc             ] GC(188) Pause Young (Allocation Failure) 104M->7M(1462M) 1.095ms
[141.886s][info][gc,cpu         ] GC(188) User=0.00s Sys=0.00s Real=0.00s
[142.294s][info][gc,start       ] GC(189) Pause Young (Allocation Failure)
[142.296s][info][gc,heap        ] GC(189) PSYoungGen: 98816K(98816K)->992K(99328K) Eden: 98304K(98304K)->0K(97792K) From: 512K(512K)->992K(1536K)
[142.296s][info][gc,heap        ] GC(189) ParOldGen: 7037K(1398272K)->7365K(1398272K)
[142.296s][info][gc,metaspace   ] GC(189) Metaspace: 9933K(10240K)->9933K(10240K) NonClass: 8632K(8832K)->8632K(8832K) Class: 1301K(1408K)->1301K(1408K)
[142.296s][info][gc             ] GC(189) Pause Young (Allocation Failure) 103M->8M(1462M) 1.723ms
[142.296s][info][gc,cpu         ] GC(189) User=0.00s Sys=0.00s Real=0.00s
[142.698s][info][gc,start       ] GC(190) Pause Young (Allocation Failure)
[142.699s][info][gc,heap        ] GC(190) PSYoungGen: 98784K(99328K)->1056K(98816K) Eden: 97792K(97792K)->0K(97280K) From: 992K(1536K)->1056K(1536K)
[142.699s][info][gc,heap        ] GC(190) ParOldGen: 7365K(1398272K)->7517K(1398272K)
[142.699s][info][gc,metaspace   ] GC(190) Metaspace: 9933K(10240K)->9933K(10240K) NonClass: 8632K(8832K)->8632K(8832K) Class: 1301K(1408K)->1301K(1408K)
[142.699s][info][gc             ] GC(190) Pause Young (Allocation Failure) 103M->8M(1462M) 1.128ms
[142.699s][info][gc,cpu         ] GC(190) User=0.00s Sys=0.00s Real=0.00s
[143.086s][info][gc,start       ] GC(191) Pause Young (Allocation Failure)
[143.087s][info][gc,heap        ] GC(191) PSYoungGen: 98336K(98816K)->1056K(98304K) Eden: 97280K(97280K)->0K(96768K) From: 1056K(1536K)->1056K(1536K)
[143.087s][info][gc,heap        ] GC(191) ParOldGen: 7517K(1398272K)->7517K(1398272K)
[143.087s][info][gc,metaspace   ] GC(191) Metaspace: 9933K(10240K)->9933K(10240K) NonClass: 8632K(8832K)->8632K(8832K) Class: 1301K(1408K)->1301K(1408K)
[143.087s][info][gc             ] GC(191) Pause Young (Allocation Failure) 103M->8M(1461M) 1.489ms
[143.087s][info][gc,cpu         ] GC(191) User=0.00s Sys=0.00s Real=0.00s
[143.191s][info][gc,start       ] GC(192) Pause Young (System.gc())
[143.192s][info][gc,heap        ] GC(192) PSYoungGen: 24595K(98304K)->512K(97280K) Eden: 23539K(96768K)->0K(96768K) From: 1056K(1536K)->512K(512K)
[143.192s][info][gc,heap        ] GC(192) ParOldGen: 7517K(1398272K)->7789K(1398272K)
[143.192s][info][gc,metaspace   ] GC(192) Metaspace: 9933K(10240K)->9933K(10240K) NonClass: 8632K(8832K)->8632K(8832K) Class: 1301K(1408K)->1301K(1408K)
[143.192s][info][gc             ] GC(192) Pause Young (System.gc()) 31M->8M(1460M) 0.950ms
[143.192s][info][gc,cpu         ] GC(192) User=0.00s Sys=0.00s Real=0.00s
[143.193s][info][gc,start       ] GC(193) Pause Full (System.gc())
[143.193s][info][gc,phases,start] GC(193) Marking Phase
[143.208s][info][gc,phases      ] GC(193) Marking Phase 15.354ms
[143.208s][info][gc,phases,start] GC(193) Summary Phase
[143.208s][info][gc,phases      ] GC(193) Summary Phase 0.020ms
[143.208s][info][gc,phases,start] GC(193) Adjust Roots
[143.212s][info][gc,phases      ] GC(193) Adjust Roots 3.898ms
[143.212s][info][gc,phases,start] GC(193) Compaction Phase
[143.215s][info][gc,phases      ] GC(193) Compaction Phase 3.083ms
[143.215s][info][gc,phases,start] GC(193) Post Compact
[143.216s][info][gc,phases      ] GC(193) Post Compact 0.714ms
[143.216s][info][gc,heap        ] GC(193) PSYoungGen: 512K(97280K)->0K(97280K) Eden: 0K(96768K)->0K(96768K) From: 512K(512K)->0K(512K)
[143.216s][info][gc,heap        ] GC(193) ParOldGen: 7789K(1398272K)->4077K(1398272K)
[143.216s][info][gc,metaspace   ] GC(193) Metaspace: 9933K(10240K)->9933K(10240K) NonClass: 8632K(8832K)->8632K(8832K) Class: 1301K(1408K)->1301K(1408K)
[143.216s][info][gc             ] GC(193) Pause Full (System.gc()) 8M->3M(1460M) 23.318ms
[143.216s][info][gc,cpu         ] GC(193) User=0.50s Sys=0.02s Real=0.03s
[143.618s][info][gc,start       ] GC(194) Pause Young (Allocation Failure)
[143.619s][info][gc,heap        ] GC(194) PSYoungGen: 96768K(97280K)->1536K(97792K) Eden: 96768K(96768K)->0K(96256K) From: 0K(512K)->1536K(1536K)
[143.619s][info][gc,heap        ] GC(194) ParOldGen: 4077K(1398272K)->4205K(1398272K)
[143.619s][info][gc,metaspace   ] GC(194) Metaspace: 9933K(10240K)->9933K(10240K) NonClass: 8632K(8832K)->8632K(8832K) Class: 1301K(1408K)->1301K(1408K)
[143.620s][info][gc             ] GC(194) Pause Young (Allocation Failure) 98M->5M(1461M) 1.313ms
[143.620s][info][gc,cpu         ] GC(194) User=0.00s Sys=0.00s Real=0.00s
[144.018s][info][gc,start       ] GC(195) Pause Young (Allocation Failure)
[144.020s][info][gc,heap        ] GC(195) PSYoungGen: 97792K(97792K)->1472K(97280K) Eden: 96256K(96256K)->0K(95744K) From: 1536K(1536K)->1472K(1536K)
[144.020s][info][gc,heap        ] GC(195) ParOldGen: 4205K(1398272K)->4629K(1398272K)
[144.020s][info][gc,metaspace   ] GC(195) Metaspace: 9933K(10240K)->9933K(10240K) NonClass: 8632K(8832K)->8632K(8832K) Class: 1301K(1408K)->1301K(1408K)
[144.020s][info][gc             ] GC(195) Pause Young (Allocation Failure) 99M->5M(1460M) 1.752ms
[144.020s][info][gc,cpu         ] GC(195) User=0.33s Sys=0.00s Real=0.02s
[144.410s][info][gc,start       ] GC(196) Pause Young (Allocation Failure)
[144.411s][info][gc,heap        ] GC(196) PSYoungGen: 97216K(97280K)->1312K(96768K) Eden: 95744K(95744K)->0K(95232K) From: 1472K(1536K)->1312K(1536K)
[144.411s][info][gc,heap        ] GC(196) ParOldGen: 4629K(1398272K)->5077K(1398272K)
[144.411s][info][gc,metaspace   ] GC(196) Metaspace: 9933K(10240K)->9933K(10240K) NonClass: 8632K(8832K)->8632K(8832K) Class: 1301K(1408K)->1301K(1408K)
[144.411s][info][gc             ] GC(196) Pause Young (Allocation Failure) 99M->6M(1460M) 1.522ms
[144.411s][info][gc,cpu         ] GC(196) User=0.00s Sys=0.00s Real=0.00s
[144.796s][info][gc,start       ] GC(197) Pause Young (Allocation Failure)
[144.797s][info][gc,heap        ] GC(197) PSYoungGen: 96543K(96768K)->1088K(96256K) Eden: 95231K(95232K)->0K(94720K) From: 1312K(1536K)->1088K(1536K)
[144.797s][info][gc,heap        ] GC(197) ParOldGen: 5077K(1398272K)->5229K(1398272K)
[144.797s][info][gc,metaspace   ] GC(197) Metaspace: 9933K(10240K)->9933K(10240K) NonClass: 8632K(8832K)->8632K(8832K) Class: 1301K(1408K)->1301K(1408K)
[144.797s][info][gc             ] GC(197) Pause Young (Allocation Failure) 99M->6M(1459M) 1.121ms
[144.797s][info][gc,cpu         ] GC(197) User=0.00s Sys=0.00s Real=0.00s
[145.176s][info][gc,start       ] GC(198) Pause Young (Allocation Failure)
[145.177s][info][gc,heap        ] GC(198) PSYoungGen: 95808K(96256K)->1056K(95744K) Eden: 94720K(94720K)->0K(94208K) From: 1088K(1536K)->1056K(1536K)
[145.177s][info][gc,heap        ] GC(198) ParOldGen: 5229K(1398272K)->5725K(1398272K)
[145.177s][info][gc,metaspace   ] GC(198) Metaspace: 9933K(10240K)->9933K(10240K) NonClass: 8632K(8832K)->8632K(8832K) Class: 1301K(1408K)->1301K(1408K)
[145.177s][info][gc             ] GC(198) Pause Young (Allocation Failure) 98M->6M(1459M) 1.420ms
[145.177s][info][gc,cpu         ] GC(198) User=0.00s Sys=0.00s Real=0.00s
[145.557s][info][gc,start       ] GC(199) Pause Young (Allocation Failure)
[145.558s][info][gc,heap        ] GC(199) PSYoungGen: 95264K(95744K)->1056K(95232K) Eden: 94208K(94208K)->0K(93696K) From: 1056K(1536K)->1056K(1536K)
[145.558s][info][gc,heap        ] GC(199) ParOldGen: 5725K(1398272K)->5725K(1398272K)
[145.558s][info][gc,metaspace   ] GC(199) Metaspace: 9933K(10240K)->9933K(10240K) NonClass: 8632K(8832K)->8632K(8832K) Class: 1301K(1408K)->1301K(1408K)
[145.558s][info][gc             ] GC(199) Pause Young (Allocation Failure) 98M->6M(1458M) 1.092ms
[145.558s][info][gc,cpu         ] GC(199) User=0.00s Sys=0.00s Real=0.00s
[145.930s][info][gc,start       ] GC(200) Pause Young (Allocation Failure)
[145.931s][info][gc,heap        ] GC(200) PSYoungGen: 94752K(95232K)->1056K(94720K) Eden: 93696K(93696K)->0K(93184K) From: 1056K(1536K)->1056K(1536K)
[145.931s][info][gc,heap        ] GC(200) ParOldGen: 5725K(1398272K)->5725K(1398272K)
[145.931s][info][gc,metaspace   ] GC(200) Metaspace: 9933K(10240K)->9933K(10240K) NonClass: 8632K(8832K)->8632K(8832K) Class: 1301K(1408K)->1301K(1408K)
[145.931s][info][gc             ] GC(200) Pause Young (Allocation Failure) 98M->6M(1458M) 1.378ms
[145.931s][info][gc,cpu         ] GC(200) User=0.00s Sys=0.00s Real=0.00s
[146.303s][info][gc,start       ] GC(201) Pause Young (Allocation Failure)
[146.304s][info][gc,heap        ] GC(201) PSYoungGen: 94240K(94720K)->1120K(94208K) Eden: 93184K(93184K)->0K(92672K) From: 1056K(1536K)->1120K(1536K)
[146.304s][info][gc,heap        ] GC(201) ParOldGen: 5725K(1398272K)->5725K(1398272K)
[146.304s][info][gc,metaspace   ] GC(201) Metaspace: 9933K(10240K)->9933K(10240K) NonClass: 8632K(8832K)->8632K(8832K) Class: 1301K(1408K)->1301K(1408K)
[146.304s][info][gc             ] GC(201) Pause Young (Allocation Failure) 97M->6M(1457M) 1.079ms
[146.304s][info][gc,cpu         ] GC(201) User=0.00s Sys=0.00s Real=0.00s
[146.680s][info][gc,start       ] GC(202) Pause Young (Allocation Failure)
[146.681s][info][gc,heap        ] GC(202) PSYoungGen: 93792K(94208K)->1056K(93696K) Eden: 92672K(92672K)->0K(92160K) From: 1120K(1536K)->1056K(1536K)
[146.681s][info][gc,heap        ] GC(202) ParOldGen: 5725K(1398272K)->6037K(1398272K)
[146.681s][info][gc,metaspace   ] GC(202) Metaspace: 9933K(10240K)->9933K(10240K) NonClass: 8632K(8832K)->8632K(8832K) Class: 1301K(1408K)->1301K(1408K)
[146.681s][info][gc             ] GC(202) Pause Young (Allocation Failure) 97M->6M(1457M) 1.418ms
[146.681s][info][gc,cpu         ] GC(202) User=0.00s Sys=0.02s Real=0.02s
[147.048s][info][gc,start       ] GC(203) Pause Young (Allocation Failure)
[147.049s][info][gc,heap        ] GC(203) PSYoungGen: 93216K(93696K)->512K(92160K) Eden: 92160K(92160K)->0K(91648K) From: 1056K(1536K)->512K(512K)
[147.049s][info][gc,heap        ] GC(203) ParOldGen: 6037K(1398272K)->6349K(1398272K)
[147.049s][info][gc,metaspace   ] GC(203) Metaspace: 9933K(10240K)->9933K(10240K) NonClass: 8632K(8832K)->8632K(8832K) Class: 1301K(1408K)->1301K(1408K)
[147.049s][info][gc             ] GC(203) Pause Young (Allocation Failure) 96M->6M(1455M) 1.177ms
[147.049s][info][gc,cpu         ] GC(203) User=0.00s Sys=0.00s Real=0.00s
[147.417s][info][gc,start       ] GC(204) Pause Young (Allocation Failure)
[147.419s][info][gc,heap        ] GC(204) PSYoungGen: 92160K(92160K)->1024K(92672K) Eden: 91648K(91648K)->0K(91136K) From: 512K(512K)->1024K(1536K)
[147.419s][info][gc,heap        ] GC(204) ParOldGen: 6349K(1398272K)->6797K(1398272K)
[147.419s][info][gc,metaspace   ] GC(204) Metaspace: 9933K(10240K)->9933K(10240K) NonClass: 8632K(8832K)->8632K(8832K) Class: 1301K(1408K)->1301K(1408K)
[147.419s][info][gc             ] GC(204) Pause Young (Allocation Failure) 96M->7M(1456M) 2.102ms
[147.419s][info][gc,cpu         ] GC(204) User=0.00s Sys=0.00s Real=0.00s
[147.795s][info][gc,start       ] GC(205) Pause Young (Allocation Failure)
[147.796s][info][gc,heap        ] GC(205) PSYoungGen: 92160K(92672K)->1056K(92160K) Eden: 91136K(91136K)->0K(90624K) From: 1024K(1536K)->1056K(1536K)
[147.796s][info][gc,heap        ] GC(205) ParOldGen: 6797K(1398272K)->6845K(1398272K)
[147.796s][info][gc,metaspace   ] GC(205) Metaspace: 9933K(10240K)->9933K(10240K) NonClass: 8632K(8832K)->8632K(8832K) Class: 1301K(1408K)->1301K(1408K)
[147.796s][info][gc             ] GC(205) Pause Young (Allocation Failure) 96M->7M(1455M) 1.077ms
[147.796s][info][gc,cpu         ] GC(205) User=0.00s Sys=0.00s Real=0.00s
[148.165s][info][gc,start       ] GC(206) Pause Young (Allocation Failure)
[148.167s][info][gc,heap        ] GC(206) PSYoungGen: 91680K(92160K)->1120K(91648K) Eden: 90624K(90624K)->0K(90112K) From: 1056K(1536K)->1120K(1536K)
[148.167s][info][gc,heap        ] GC(206) ParOldGen: 6845K(1398272K)->7253K(1398272K)
[148.167s][info][gc,metaspace   ] GC(206) Metaspace: 9933K(10240K)->9933K(10240K) NonClass: 8632K(8832K)->8632K(8832K) Class: 1301K(1408K)->1301K(1408K)
[148.167s][info][gc             ] GC(206) Pause Young (Allocation Failure) 96M->8M(1455M) 1.486ms
[148.167s][info][gc,cpu         ] GC(206) User=0.00s Sys=0.00s Real=0.00s
[148.539s][info][gc,start       ] GC(207) Pause Young (Allocation Failure)
[148.540s][info][gc,heap        ] GC(207) PSYoungGen: 91232K(91648K)->512K(90112K) Eden: 90112K(90112K)->0K(89600K) From: 1120K(1536K)->512K(512K)
[148.540s][info][gc,heap        ] GC(207) ParOldGen: 7253K(1398272K)->7749K(1398272K)
[148.540s][info][gc,metaspace   ] GC(207) Metaspace: 9933K(10240K)->9933K(10240K) NonClass: 8632K(8832K)->8632K(8832K) Class: 1301K(1408K)->1301K(1408K)
[148.540s][info][gc             ] GC(207) Pause Young (Allocation Failure) 96M->8M(1453M) 1.133ms
[148.540s][info][gc,cpu         ] GC(207) User=0.00s Sys=0.00s Real=0.00s
[148.905s][info][gc,start       ] GC(208) Pause Young (Allocation Failure)
[148.906s][info][gc,heap        ] GC(208) PSYoungGen: 90112K(90112K)->1216K(90624K) Eden: 89600K(89600K)->0K(89088K) From: 512K(512K)->1216K(1536K)
[148.906s][info][gc,heap        ] GC(208) ParOldGen: 7749K(1398272K)->8125K(1398272K)
[148.906s][info][gc,metaspace   ] GC(208) Metaspace: 9933K(10240K)->9933K(10240K) NonClass: 8632K(8832K)->8632K(8832K) Class: 1301K(1408K)->1301K(1408K)
[148.906s][info][gc             ] GC(208) Pause Young (Allocation Failure) 95M->9M(1454M) 1.256ms
[148.906s][info][gc,cpu         ] GC(208) User=0.00s Sys=0.00s Real=0.00s
[149.267s][info][gc,start       ] GC(209) Pause Young (Allocation Failure)
[149.268s][info][gc,heap        ] GC(209) PSYoungGen: 90304K(90624K)->992K(89600K) Eden: 89088K(89088K)->0K(88576K) From: 1216K(1536K)->992K(1024K)
[149.268s][info][gc,heap        ] GC(209) ParOldGen: 8125K(1398272K)->8525K(1398272K)
[149.268s][info][gc,metaspace   ] GC(209) Metaspace: 9933K(10240K)->9933K(10240K) NonClass: 8632K(8832K)->8632K(8832K) Class: 1301K(1408K)->1301K(1408K)
[149.268s][info][gc             ] GC(209) Pause Young (Allocation Failure) 96M->9M(1453M) 1.423ms
[149.268s][info][gc,cpu         ] GC(209) User=0.00s Sys=0.00s Real=0.00s
[149.619s][info][gc,start       ] GC(210) Pause Young (Allocation Failure)
[149.620s][info][gc,heap        ] GC(210) PSYoungGen: 89568K(89600K)->1056K(89600K) Eden: 88576K(88576K)->0K(88064K) From: 992K(1024K)->1056K(1536K)
[149.620s][info][gc,heap        ] GC(210) ParOldGen: 8525K(1398272K)->8525K(1398272K)
[149.620s][info][gc,metaspace   ] GC(210) Metaspace: 9933K(10240K)->9933K(10240K) NonClass: 8632K(8832K)->8632K(8832K) Class: 1301K(1408K)->1301K(1408K)
[149.620s][info][gc             ] GC(210) Pause Young (Allocation Failure) 95M->9M(1453M) 1.263ms
[149.620s][info][gc,cpu         ] GC(210) User=0.00s Sys=0.00s Real=0.00s
[149.907s][info][gc,start       ] GC(211) Pause Young (System.gc())
[149.908s][info][gc,heap        ] GC(211) PSYoungGen: 69043K(89600K)->1024K(89088K) Eden: 67987K(88064K)->0K(88064K) From: 1056K(1536K)->1024K(1024K)
[149.908s][info][gc,heap        ] GC(211) ParOldGen: 8525K(1398272K)->8541K(1398272K)
[149.908s][info][gc,metaspace   ] GC(211) Metaspace: 9933K(10240K)->9933K(10240K) NonClass: 8632K(8832K)->8632K(8832K) Class: 1301K(1408K)->1301K(1408K)
[149.908s][info][gc             ] GC(211) Pause Young (System.gc()) 75M->9M(1452M) 1.050ms
[149.908s][info][gc,cpu         ] GC(211) User=0.00s Sys=0.00s Real=0.00s
[149.908s][info][gc,start       ] GC(212) Pause Full (System.gc())
[149.908s][info][gc,phases,start] GC(212) Marking Phase
[149.924s][info][gc,phases      ] GC(212) Marking Phase 15.293ms
[149.924s][info][gc,phases,start] GC(212) Summary Phase
[149.924s][info][gc,phases      ] GC(212) Summary Phase 0.020ms
[149.924s][info][gc,phases,start] GC(212) Adjust Roots
[149.928s][info][gc,phases      ] GC(212) Adjust Roots 3.966ms
[149.928s][info][gc,phases,start] GC(212) Compaction Phase
[149.932s][info][gc,phases      ] GC(212) Compaction Phase 4.000ms
[149.932s][info][gc,phases,start] GC(212) Post Compact
[149.932s][info][gc,phases      ] GC(212) Post Compact 0.722ms
[149.932s][info][gc,heap        ] GC(212) PSYoungGen: 1024K(89088K)->0K(89088K) Eden: 0K(88064K)->0K(88064K) From: 1024K(1024K)->0K(1024K)
[149.932s][info][gc,heap        ] GC(212) ParOldGen: 8541K(1398272K)->4077K(1398272K)
[149.932s][info][gc,metaspace   ] GC(212) Metaspace: 9933K(10240K)->9933K(10240K) NonClass: 8632K(8832K)->8632K(8832K) Class: 1301K(1408K)->1301K(1408K)
[149.932s][info][gc             ] GC(212) Pause Full (System.gc()) 9M->3M(1452M) 24.236ms
[149.932s][info][gc,cpu         ] GC(212) User=0.02s Sys=0.00s Real=0.02s
[150.295s][info][gc,start       ] GC(213) Pause Young (Allocation Failure)
[150.297s][info][gc,heap        ] GC(213) PSYoungGen: 88064K(89088K)->1536K(89088K) Eden: 88064K(88064K)->0K(87552K) From: 0K(1024K)->1536K(1536K)
[150.297s][info][gc,heap        ] GC(213) ParOldGen: 4077K(1398272K)->4165K(1398272K)
[150.297s][info][gc,metaspace   ] GC(213) Metaspace: 9933K(10240K)->9933K(10240K) NonClass: 8632K(8832K)->8632K(8832K) Class: 1301K(1408K)->1301K(1408K)
[150.297s][info][gc             ] GC(213) Pause Young (Allocation Failure) 89M->5M(1452M) 1.440ms
[150.297s][info][gc,cpu         ] GC(213) User=0.00s Sys=0.00s Real=0.00s
[150.650s][info][gc,start       ] GC(214) Pause Young (Allocation Failure)
[150.651s][info][gc,heap        ] GC(214) PSYoungGen: 89088K(89088K)->1024K(88064K) Eden: 87552K(87552K)->0K(87040K) From: 1536K(1536K)->1024K(1024K)
[150.651s][info][gc,heap        ] GC(214) ParOldGen: 4165K(1398272K)->4933K(1398272K)
[150.651s][info][gc,metaspace   ] GC(214) Metaspace: 9933K(10240K)->9933K(10240K) NonClass: 8632K(8832K)->8632K(8832K) Class: 1301K(1408K)->1301K(1408K)
[150.651s][info][gc             ] GC(214) Pause Young (Allocation Failure) 91M->5M(1451M) 1.352ms
[150.651s][info][gc,cpu         ] GC(214) User=0.00s Sys=0.00s Real=0.00s
[151.007s][info][gc,start       ] GC(215) Pause Young (Allocation Failure)
[151.008s][info][gc,heap        ] GC(215) PSYoungGen: 88064K(88064K)->1056K(88064K) Eden: 87040K(87040K)->0K(86528K) From: 1024K(1024K)->1056K(1536K)
[151.008s][info][gc,heap        ] GC(215) ParOldGen: 4933K(1398272K)->5197K(1398272K)
[151.008s][info][gc,metaspace   ] GC(215) Metaspace: 9933K(10240K)->9933K(10240K) NonClass: 8632K(8832K)->8632K(8832K) Class: 1301K(1408K)->1301K(1408K)
[151.008s][info][gc             ] GC(215) Pause Young (Allocation Failure) 90M->6M(1451M) 1.560ms
[151.008s][info][gc,cpu         ] GC(215) User=0.00s Sys=0.00s Real=0.00s
[151.364s][info][gc,start       ] GC(216) Pause Young (Allocation Failure)
[151.365s][info][gc,heap        ] GC(216) PSYoungGen: 87584K(88064K)->1472K(87552K) Eden: 86528K(86528K)->0K(86016K) From: 1056K(1536K)->1472K(1536K)
[151.365s][info][gc,heap        ] GC(216) ParOldGen: 5197K(1398272K)->5277K(1398272K)
[151.365s][info][gc,metaspace   ] GC(216) Metaspace: 9933K(10240K)->9933K(10240K) NonClass: 8632K(8832K)->8632K(8832K) Class: 1301K(1408K)->1301K(1408K)
[151.365s][info][gc             ] GC(216) Pause Young (Allocation Failure) 90M->6M(1451M) 1.310ms
[151.365s][info][gc,cpu         ] GC(216) User=0.00s Sys=0.00s Real=0.00s
[151.724s][info][gc,start       ] GC(217) Pause Young (Allocation Failure)
[151.726s][info][gc,heap        ] GC(217) PSYoungGen: 87488K(87552K)->1248K(87040K) Eden: 86016K(86016K)->0K(85504K) From: 1472K(1536K)->1248K(1536K)
[151.726s][info][gc,heap        ] GC(217) ParOldGen: 5277K(1398272K)->5781K(1398272K)
[151.726s][info][gc,metaspace   ] GC(217) Metaspace: 9933K(10240K)->9933K(10240K) NonClass: 8632K(8832K)->8632K(8832K) Class: 1301K(1408K)->1301K(1408K)
[151.726s][info][gc             ] GC(217) Pause Young (Allocation Failure) 90M->6M(1450M) 1.556ms
[151.726s][info][gc,cpu         ] GC(217) User=0.00s Sys=0.00s Real=0.00s
[152.077s][info][gc,start       ] GC(218) Pause Young (Allocation Failure)
[152.078s][info][gc,heap        ] GC(218) PSYoungGen: 86752K(87040K)->1152K(86528K) Eden: 85504K(85504K)->0K(84992K) From: 1248K(1536K)->1152K(1536K)
[152.078s][info][gc,heap        ] GC(218) ParOldGen: 5781K(1398272K)->6293K(1398272K)
[152.078s][info][gc,metaspace   ] GC(218) Metaspace: 9933K(10240K)->9933K(10240K) NonClass: 8632K(8832K)->8632K(8832K) Class: 1301K(1408K)->1301K(1408K)
[152.078s][info][gc             ] GC(218) Pause Young (Allocation Failure) 90M->7M(1450M) 1.164ms
[152.079s][info][gc,cpu         ] GC(218) User=0.00s Sys=0.00s Real=0.00s
[152.423s][info][gc,start       ] GC(219) Pause Young (Allocation Failure)
[152.424s][info][gc,heap        ] GC(219) PSYoungGen: 86144K(86528K)->1120K(86016K) Eden: 84992K(84992K)->0K(84480K) From: 1152K(1536K)->1120K(1536K)
[152.425s][info][gc,heap        ] GC(219) ParOldGen: 6293K(1398272K)->6477K(1398272K)
[152.425s][info][gc,metaspace   ] GC(219) Metaspace: 9933K(10240K)->9933K(10240K) NonClass: 8632K(8832K)->8632K(8832K) Class: 1301K(1408K)->1301K(1408K)
[152.425s][info][gc             ] GC(219) Pause Young (Allocation Failure) 90M->7M(1449M) 1.380ms
[152.425s][info][gc,cpu         ] GC(219) User=0.00s Sys=0.00s Real=0.00s
[152.765s][info][gc,start       ] GC(220) Pause Young (Allocation Failure)
[152.766s][info][gc,heap        ] GC(220) PSYoungGen: 85600K(86016K)->1216K(85504K) Eden: 84480K(84480K)->0K(83968K) From: 1120K(1536K)->1216K(1536K)
[152.766s][info][gc,heap        ] GC(220) ParOldGen: 6477K(1398272K)->6893K(1398272K)
[152.766s][info][gc,metaspace   ] GC(220) Metaspace: 9933K(10240K)->9933K(10240K) NonClass: 8632K(8832K)->8632K(8832K) Class: 1301K(1408K)->1301K(1408K)
[152.766s][info][gc             ] GC(220) Pause Young (Allocation Failure) 89M->7M(1449M) 1.235ms
[152.766s][info][gc,cpu         ] GC(220) User=0.00s Sys=0.00s Real=0.00s
[153.114s][info][gc,start       ] GC(221) Pause Young (Allocation Failure)
[153.116s][info][gc,heap        ] GC(221) PSYoungGen: 85184K(85504K)->992K(84480K) Eden: 83968K(83968K)->0K(83456K) From: 1216K(1536K)->992K(1024K)
[153.116s][info][gc,heap        ] GC(221) ParOldGen: 6893K(1398272K)->7269K(1398272K)
[153.116s][info][gc,metaspace   ] GC(221) Metaspace: 9933K(10240K)->9933K(10240K) NonClass: 8632K(8832K)->8632K(8832K) Class: 1301K(1408K)->1301K(1408K)
[153.116s][info][gc             ] GC(221) Pause Young (Allocation Failure) 89M->8M(1448M) 1.403ms
[153.116s][info][gc,cpu         ] GC(221) User=0.00s Sys=0.00s Real=0.00s
[153.455s][info][gc,start       ] GC(222) Pause Young (Allocation Failure)
[153.456s][info][gc,heap        ] GC(222) PSYoungGen: 84448K(84480K)->1120K(84480K) Eden: 83456K(83456K)->0K(82944K) From: 992K(1024K)->1120K(1536K)
[153.456s][info][gc,heap        ] GC(222) ParOldGen: 7269K(1398272K)->7357K(1398272K)
[153.456s][info][gc,metaspace   ] GC(222) Metaspace: 9933K(10240K)->9933K(10240K) NonClass: 8632K(8832K)->8632K(8832K) Class: 1301K(1408K)->1301K(1408K)
[153.456s][info][gc             ] GC(222) Pause Young (Allocation Failure) 89M->8M(1448M) 1.236ms
[153.456s][info][gc,cpu         ] GC(222) User=0.00s Sys=0.00s Real=0.00s
[153.792s][info][gc,start       ] GC(223) Pause Young (Allocation Failure)
[153.794s][info][gc,heap        ] GC(223) PSYoungGen: 84064K(84480K)->1152K(83968K) Eden: 82944K(82944K)->0K(82432K) From: 1120K(1536K)->1152K(1536K)
[153.794s][info][gc,heap        ] GC(223) ParOldGen: 7357K(1398272K)->7749K(1398272K)
[153.794s][info][gc,metaspace   ] GC(223) Metaspace: 9933K(10240K)->9933K(10240K) NonClass: 8632K(8832K)->8632K(8832K) Class: 1301K(1408K)->1301K(1408K)
[153.794s][info][gc             ] GC(223) Pause Young (Allocation Failure) 89M->8M(1447M) 1.446ms
[153.794s][info][gc,cpu         ] GC(223) User=0.00s Sys=0.00s Real=0.00s
[154.130s][info][gc,start       ] GC(224) Pause Young (Allocation Failure)
[154.131s][info][gc,heap        ] GC(224) PSYoungGen: 83584K(83968K)->1056K(83456K) Eden: 82432K(82432K)->0K(81920K) From: 1152K(1536K)->1056K(1536K)
[154.131s][info][gc,heap        ] GC(224) ParOldGen: 7749K(1398272K)->8109K(1398272K)
[154.131s][info][gc,metaspace   ] GC(224) Metaspace: 9933K(10240K)->9933K(10240K) NonClass: 8632K(8832K)->8632K(8832K) Class: 1301K(1408K)->1301K(1408K)
[154.131s][info][gc             ] GC(224) Pause Young (Allocation Failure) 89M->8M(1447M) 1.126ms
[154.131s][info][gc,cpu         ] GC(224) User=0.00s Sys=0.00s Real=0.00s
[154.460s][info][gc,start       ] GC(225) Pause Young (Allocation Failure)
[154.462s][info][gc,heap        ] GC(225) PSYoungGen: 82976K(83456K)->1056K(82944K) Eden: 81920K(81920K)->0K(81408K) From: 1056K(1536K)->1056K(1536K)
[154.462s][info][gc,heap        ] GC(225) ParOldGen: 8109K(1398272K)->8109K(1398272K)
[154.462s][info][gc,metaspace   ] GC(225) Metaspace: 9933K(10240K)->9933K(10240K) NonClass: 8632K(8832K)->8632K(8832K) Class: 1301K(1408K)->1301K(1408K)
[154.462s][info][gc             ] GC(225) Pause Young (Allocation Failure) 88M->8M(1446M) 1.400ms
[154.462s][info][gc,cpu         ] GC(225) User=0.00s Sys=0.00s Real=0.00s
[154.795s][info][gc,start       ] GC(226) Pause Young (Allocation Failure)
[154.796s][info][gc,heap        ] GC(226) PSYoungGen: 82464K(82944K)->512K(81408K) Eden: 81408K(81408K)->0K(80896K) From: 1056K(1536K)->512K(512K)
[154.796s][info][gc,heap        ] GC(226) ParOldGen: 8109K(1398272K)->8373K(1398272K)
[154.796s][info][gc,metaspace   ] GC(226) Metaspace: 9933K(10240K)->9933K(10240K) NonClass: 8632K(8832K)->8632K(8832K) Class: 1301K(1408K)->1301K(1408K)
[154.796s][info][gc             ] GC(226) Pause Young (Allocation Failure) 88M->8M(1445M) 1.091ms
[154.796s][info][gc,cpu         ] GC(226) User=0.00s Sys=0.00s Real=0.00s
[155.119s][info][gc,start       ] GC(227) Pause Young (Allocation Failure)
[155.121s][info][gc,heap        ] GC(227) PSYoungGen: 81408K(81408K)->992K(81920K) Eden: 80896K(80896K)->0K(80384K) From: 512K(512K)->992K(1536K)
[155.121s][info][gc,heap        ] GC(227) ParOldGen: 8373K(1398272K)->8709K(1398272K)
[155.121s][info][gc,metaspace   ] GC(227) Metaspace: 9933K(10240K)->9933K(10240K) NonClass: 8632K(8832K)->8632K(8832K) Class: 1301K(1408K)->1301K(1408K)
[155.121s][info][gc             ] GC(227) Pause Young (Allocation Failure) 87M->9M(1445M) 1.908ms
[155.121s][info][gc,cpu         ] GC(227) User=0.00s Sys=0.00s Real=0.00s
[155.439s][info][gc,start       ] GC(228) Pause Young (Allocation Failure)
[155.440s][info][gc,heap        ] GC(228) PSYoungGen: 81376K(81920K)->1056K(81408K) Eden: 80384K(80384K)->0K(79872K) From: 992K(1536K)->1056K(1536K)
[155.440s][info][gc,heap        ] GC(228) ParOldGen: 8709K(1398272K)->8813K(1398272K)
[155.440s][info][gc,metaspace   ] GC(228) Metaspace: 9933K(10240K)->9933K(10240K) NonClass: 8632K(8832K)->8632K(8832K) Class: 1301K(1408K)->1301K(1408K)
[155.440s][info][gc             ] GC(228) Pause Young (Allocation Failure) 87M->9M(1445M) 1.054ms
[155.440s][info][gc,cpu         ] GC(228) User=0.00s Sys=0.00s Real=0.00s
[155.768s][info][gc,start       ] GC(229) Pause Young (Allocation Failure)
[155.769s][info][gc,heap        ] GC(229) PSYoungGen: 80928K(81408K)->1056K(80896K) Eden: 79872K(79872K)->0K(79360K) From: 1056K(1536K)->1056K(1536K)
[155.769s][info][gc,heap        ] GC(229) ParOldGen: 8813K(1398272K)->8813K(1398272K)
[155.769s][info][gc,metaspace   ] GC(229) Metaspace: 9933K(10240K)->9933K(10240K) NonClass: 8632K(8832K)->8632K(8832K) Class: 1301K(1408K)->1301K(1408K)
[155.769s][info][gc             ] GC(229) Pause Young (Allocation Failure) 87M->9M(1444M) 1.406ms
[155.769s][info][gc,cpu         ] GC(229) User=0.00s Sys=0.00s Real=0.00s
[156.097s][info][gc,start       ] GC(230) Pause Young (Allocation Failure)
[156.098s][info][gc,heap        ] GC(230) PSYoungGen: 80415K(80896K)->512K(79360K) Eden: 79359K(79360K)->0K(78848K) From: 1056K(1536K)->512K(512K)
[156.098s][info][gc,heap        ] GC(230) ParOldGen: 8813K(1398272K)->9029K(1398272K)
[156.098s][info][gc,metaspace   ] GC(230) Metaspace: 9933K(10240K)->9933K(10240K) NonClass: 8632K(8832K)->8632K(8832K) Class: 1301K(1408K)->1301K(1408K)
[156.098s][info][gc             ] GC(230) Pause Young (Allocation Failure) 87M->9M(1443M) 1.139ms
[156.098s][info][gc,cpu         ] GC(230) User=0.00s Sys=0.00s Real=0.00s
[156.426s][info][gc,start       ] GC(231) Pause Young (Allocation Failure)
[156.428s][info][gc,heap        ] GC(231) PSYoungGen: 79360K(79360K)->1056K(79872K) Eden: 78848K(78848K)->0K(78336K) From: 512K(512K)->1056K(1536K)
[156.428s][info][gc,heap        ] GC(231) ParOldGen: 9029K(1398272K)->9365K(1398272K)
[156.428s][info][gc,metaspace   ] GC(231) Metaspace: 9933K(10240K)->9933K(10240K) NonClass: 8632K(8832K)->8632K(8832K) Class: 1301K(1408K)->1301K(1408K)
[156.428s][info][gc             ] GC(231) Pause Young (Allocation Failure) 86M->10M(1443M) 2.447ms
[156.428s][info][gc,cpu         ] GC(231) User=0.00s Sys=0.00s Real=0.00s
[156.638s][info][gc,start       ] GC(232) Pause Young (System.gc())
[156.639s][info][gc,heap        ] GC(232) PSYoungGen: 52255K(79872K)->1088K(79872K) Eden: 51199K(78336K)->0K(78336K) From: 1056K(1536K)->1088K(1536K)
[156.639s][info][gc,heap        ] GC(232) ParOldGen: 9365K(1398272K)->9509K(1398272K)
[156.639s][info][gc,metaspace   ] GC(232) Metaspace: 9933K(10240K)->9933K(10240K) NonClass: 8632K(8832K)->8632K(8832K) Class: 1301K(1408K)->1301K(1408K)
[156.639s][info][gc             ] GC(232) Pause Young (System.gc()) 60M->10M(1443M) 1.105ms
[156.639s][info][gc,cpu         ] GC(232) User=0.00s Sys=0.00s Real=0.00s
[156.639s][info][gc,start       ] GC(233) Pause Full (System.gc())
[156.639s][info][gc,phases,start] GC(233) Marking Phase
[156.655s][info][gc,phases      ] GC(233) Marking Phase 15.671ms
[156.655s][info][gc,phases,start] GC(233) Summary Phase
[156.655s][info][gc,phases      ] GC(233) Summary Phase 0.022ms
[156.655s][info][gc,phases,start] GC(233) Adjust Roots
[156.659s][info][gc,phases      ] GC(233) Adjust Roots 4.494ms
[156.659s][info][gc,phases,start] GC(233) Compaction Phase
[156.663s][info][gc,phases      ] GC(233) Compaction Phase 3.713ms
[156.663s][info][gc,phases,start] GC(233) Post Compact
[156.664s][info][gc,phases      ] GC(233) Post Compact 0.824ms
[156.664s][info][gc,heap        ] GC(233) PSYoungGen: 1088K(79872K)->0K(79872K) Eden: 0K(78336K)->0K(78336K) From: 1088K(1536K)->0K(1536K)
[156.664s][info][gc,heap        ] GC(233) ParOldGen: 9509K(1398272K)->4077K(1398272K)
[156.664s][info][gc,metaspace   ] GC(233) Metaspace: 9933K(10240K)->9933K(10240K) NonClass: 8632K(8832K)->8632K(8832K) Class: 1301K(1408K)->1301K(1408K)
[156.664s][info][gc             ] GC(233) Pause Full (System.gc()) 10M->3M(1443M) 25.029ms
[156.664s][info][gc,cpu         ] GC(233) User=0.02s Sys=0.00s Real=0.02s
[156.977s][info][gc,start       ] GC(234) Pause Young (Allocation Failure)
[156.979s][info][gc,heap        ] GC(234) PSYoungGen: 78336K(79872K)->1536K(79872K) Eden: 78336K(78336K)->0K(78336K) From: 0K(1536K)->1536K(1536K)
[156.979s][info][gc,heap        ] GC(234) ParOldGen: 4077K(1398272K)->4173K(1398272K)
[156.979s][info][gc,metaspace   ] GC(234) Metaspace: 9938K(10240K)->9938K(10240K) NonClass: 8637K(8832K)->8637K(8832K) Class: 1301K(1408K)->1301K(1408K)
[156.979s][info][gc             ] GC(234) Pause Young (Allocation Failure) 80M->5M(1443M) 1.560ms
[156.979s][info][gc,cpu         ] GC(234) User=0.00s Sys=0.00s Real=0.00s
[157.296s][info][gc,start       ] GC(235) Pause Young (Allocation Failure)
[157.297s][info][gc,heap        ] GC(235) PSYoungGen: 79872K(79872K)->512K(78848K) Eden: 78336K(78336K)->0K(78336K) From: 1536K(1536K)->512K(512K)
[157.297s][info][gc,heap        ] GC(235) ParOldGen: 4173K(1398272K)->5205K(1398272K)
[157.297s][info][gc,metaspace   ] GC(235) Metaspace: 9938K(10240K)->9938K(10240K) NonClass: 8637K(8832K)->8637K(8832K) Class: 1301K(1408K)->1301K(1408K)
[157.297s][info][gc             ] GC(235) Pause Young (Allocation Failure) 82M->5M(1442M) 1.522ms
[157.297s][info][gc,cpu         ] GC(235) User=0.00s Sys=0.00s Real=0.00s
[157.615s][info][gc,start       ] GC(236) Pause Young (Allocation Failure)
[157.617s][info][gc,heap        ] GC(236) PSYoungGen: 78848K(78848K)->1088K(80384K) Eden: 78336K(78336K)->0K(78336K) From: 512K(512K)->1088K(2048K)
[157.617s][info][gc,heap        ] GC(236) ParOldGen: 5205K(1398272K)->5717K(1398272K)
[157.617s][info][gc,metaspace   ] GC(236) Metaspace: 9938K(10240K)->9938K(10240K) NonClass: 8637K(8832K)->8637K(8832K) Class: 1301K(1408K)->1301K(1408K)
[157.617s][info][gc             ] GC(236) Pause Young (Allocation Failure) 82M->6M(1444M) 1.755ms
[157.617s][info][gc,cpu         ] GC(236) User=0.00s Sys=0.00s Real=0.00s
[157.934s][info][gc,start       ] GC(237) Pause Young (Allocation Failure)
[157.936s][info][gc,heap        ] GC(237) PSYoungGen: 79424K(80384K)->1024K(79360K) Eden: 78336K(78336K)->0K(78336K) From: 1088K(2048K)->1024K(1024K)
[157.936s][info][gc,heap        ] GC(237) ParOldGen: 5717K(1398272K)->6093K(1398272K)
[157.936s][info][gc,metaspace   ] GC(237) Metaspace: 9938K(10240K)->9938K(10240K) NonClass: 8637K(8832K)->8637K(8832K) Class: 1301K(1408K)->1301K(1408K)
[157.936s][info][gc             ] GC(237) Pause Young (Allocation Failure) 83M->6M(1443M) 1.404ms
[157.936s][info][gc,cpu         ] GC(237) User=0.00s Sys=0.00s Real=0.00s
[158.246s][info][gc,start       ] GC(238) Pause Young (Allocation Failure)
[158.247s][info][gc,heap        ] GC(238) PSYoungGen: 79360K(79360K)->1056K(79872K) Eden: 78336K(78336K)->0K(78336K) From: 1024K(1024K)->1056K(1536K)
[158.247s][info][gc,heap        ] GC(238) ParOldGen: 6093K(1398272K)->6093K(1398272K)
[158.247s][info][gc,metaspace   ] GC(238) Metaspace: 9938K(10240K)->9938K(10240K) NonClass: 8637K(8832K)->8637K(8832K) Class: 1301K(1408K)->1301K(1408K)
[158.247s][info][gc             ] GC(238) Pause Young (Allocation Failure) 83M->6M(1443M) 1.213ms
[158.247s][info][gc,cpu         ] GC(238) User=0.00s Sys=0.00s Real=0.00s
[158.568s][info][gc,start       ] GC(239) Pause Young (Allocation Failure)
[158.569s][info][gc,heap        ] GC(239) PSYoungGen: 79392K(79872K)->1056K(79872K) Eden: 78336K(78336K)->0K(78336K) From: 1056K(1536K)->1056K(1536K)
[158.569s][info][gc,heap        ] GC(239) ParOldGen: 6093K(1398272K)->6093K(1398272K)
[158.569s][info][gc,metaspace   ] GC(239) Metaspace: 9938K(10240K)->9938K(10240K) NonClass: 8637K(8832K)->8637K(8832K) Class: 1301K(1408K)->1301K(1408K)
[158.569s][info][gc             ] GC(239) Pause Young (Allocation Failure) 83M->6M(1443M) 1.202ms
[158.569s][info][gc,cpu         ] GC(239) User=0.00s Sys=0.00s Real=0.00s
[158.888s][info][gc,start       ] GC(240) Pause Young (Allocation Failure)
[158.889s][info][gc,heap        ] GC(240) PSYoungGen: 79392K(79872K)->1120K(79872K) Eden: 78336K(78336K)->0K(78336K) From: 1056K(1536K)->1120K(1536K)
[158.889s][info][gc,heap        ] GC(240) ParOldGen: 6093K(1398272K)->6421K(1398272K)
[158.889s][info][gc,metaspace   ] GC(240) Metaspace: 9938K(10240K)->9938K(10240K) NonClass: 8637K(8832K)->8637K(8832K) Class: 1301K(1408K)->1301K(1408K)
[158.889s][info][gc             ] GC(240) Pause Young (Allocation Failure) 83M->7M(1443M) 1.427ms
[158.889s][info][gc,cpu         ] GC(240) User=0.00s Sys=0.00s Real=0.00s
[159.210s][info][gc,start       ] GC(241) Pause Young (Allocation Failure)
[159.211s][info][gc,heap        ] GC(241) PSYoungGen: 79456K(79872K)->1088K(79872K) Eden: 78336K(78336K)->0K(78336K) From: 1120K(1536K)->1088K(1536K)
[159.211s][info][gc,heap        ] GC(241) ParOldGen: 6421K(1398272K)->6421K(1398272K)
[159.211s][info][gc,metaspace   ] GC(241) Metaspace: 9938K(10240K)->9938K(10240K) NonClass: 8637K(8832K)->8637K(8832K) Class: 1301K(1408K)->1301K(1408K)
[159.211s][info][gc             ] GC(241) Pause Young (Allocation Failure) 83M->7M(1443M) 1.052ms
[159.211s][info][gc,cpu         ] GC(241) User=0.00s Sys=0.00s Real=0.00s
[159.535s][info][gc,start       ] GC(242) Pause Young (Allocation Failure)
[159.536s][info][gc,heap        ] GC(242) PSYoungGen: 79424K(79872K)->1024K(79360K) Eden: 78336K(78336K)->0K(78336K) From: 1088K(1536K)->1024K(1024K)
[159.536s][info][gc,heap        ] GC(242) ParOldGen: 6421K(1398272K)->6773K(1398272K)
[159.536s][info][gc,metaspace   ] GC(242) Metaspace: 9938K(10240K)->9938K(10240K) NonClass: 8637K(8832K)->8637K(8832K) Class: 1301K(1408K)->1301K(1408K)
[159.536s][info][gc             ] GC(242) Pause Young (Allocation Failure) 83M->7M(1443M) 1.331ms
[159.536s][info][gc,cpu         ] GC(242) User=0.00s Sys=0.00s Real=0.00s
[159.865s][info][gc,start       ] GC(243) Pause Young (Allocation Failure)
[159.871s][info][gc,heap        ] GC(243) PSYoungGen: 79360K(79360K)->1024K(79360K) Eden: 78336K(78336K)->0K(78336K) From: 1024K(1024K)->1024K(1024K)
[159.871s][info][gc,heap        ] GC(243) ParOldGen: 6773K(1398272K)->6781K(1398272K)
[159.871s][info][gc,metaspace   ] GC(243) Metaspace: 9938K(10240K)->9938K(10240K) NonClass: 8637K(8832K)->8637K(8832K) Class: 1301K(1408K)->1301K(1408K)
[159.871s][info][gc             ] GC(243) Pause Young (Allocation Failure) 84M->7M(1443M) 6.431ms
[159.871s][info][gc,cpu         ] GC(243) User=0.00s Sys=0.00s Real=0.00s
[160.193s][info][gc,start       ] GC(244) Pause Young (Allocation Failure)
[160.194s][info][gc,heap        ] GC(244) PSYoungGen: 79360K(79360K)->1088K(79872K) Eden: 78336K(78336K)->0K(78336K) From: 1024K(1024K)->1088K(1536K)
[160.194s][info][gc,heap        ] GC(244) ParOldGen: 6781K(1398272K)->6901K(1398272K)
[160.195s][info][gc,metaspace   ] GC(244) Metaspace: 9938K(10240K)->9938K(10240K) NonClass: 8637K(8832K)->8637K(8832K) Class: 1301K(1408K)->1301K(1408K)
[160.195s][info][gc             ] GC(244) Pause Young (Allocation Failure) 84M->7M(1443M) 1.219ms
[160.195s][info][gc,cpu         ] GC(244) User=0.00s Sys=0.00s Real=0.00s
[160.511s][info][gc,start       ] GC(245) Pause Young (Allocation Failure)
[160.512s][info][gc,heap        ] GC(245) PSYoungGen: 79424K(79872K)->1024K(79360K) Eden: 78336K(78336K)->0K(78336K) From: 1088K(1536K)->1024K(1024K)
[160.512s][info][gc,heap        ] GC(245) ParOldGen: 6901K(1398272K)->7237K(1398272K)
[160.512s][info][gc,metaspace   ] GC(245) Metaspace: 9938K(10240K)->9938K(10240K) NonClass: 8637K(8832K)->8637K(8832K) Class: 1301K(1408K)->1301K(1408K)
[160.512s][info][gc             ] GC(245) Pause Young (Allocation Failure) 84M->8M(1443M) 1.099ms
[160.512s][info][gc,cpu         ] GC(245) User=0.00s Sys=0.02s Real=0.02s
[160.833s][info][gc,start       ] GC(246) Pause Young (Allocation Failure)
[160.834s][info][gc,heap        ] GC(246) PSYoungGen: 79360K(79360K)->1056K(79872K) Eden: 78336K(78336K)->0K(78336K) From: 1024K(1024K)->1056K(1536K)
[160.834s][info][gc,heap        ] GC(246) ParOldGen: 7237K(1398272K)->7237K(1398272K)
[160.834s][info][gc,metaspace   ] GC(246) Metaspace: 9938K(10240K)->9938K(10240K) NonClass: 8637K(8832K)->8637K(8832K) Class: 1301K(1408K)->1301K(1408K)
[160.834s][info][gc             ] GC(246) Pause Young (Allocation Failure) 84M->8M(1443M) 1.225ms
[160.834s][info][gc,cpu         ] GC(246) User=0.00s Sys=0.00s Real=0.00s
[161.160s][info][gc,start       ] GC(247) Pause Young (Allocation Failure)
[161.161s][info][gc,heap        ] GC(247) PSYoungGen: 79392K(79872K)->1024K(79360K) Eden: 78336K(78336K)->0K(78336K) From: 1056K(1536K)->1024K(1024K)
[161.161s][info][gc,heap        ] GC(247) ParOldGen: 7237K(1398272K)->7253K(1398272K)
[161.161s][info][gc,metaspace   ] GC(247) Metaspace: 9938K(10240K)->9938K(10240K) NonClass: 8637K(8832K)->8637K(8832K) Class: 1301K(1408K)->1301K(1408K)
[161.161s][info][gc             ] GC(247) Pause Young (Allocation Failure) 84M->8M(1443M) 1.063ms
[161.161s][info][gc,cpu         ] GC(247) User=0.00s Sys=0.00s Real=0.00s
[161.485s][info][gc,start       ] GC(248) Pause Young (Allocation Failure)
[161.486s][info][gc,heap        ] GC(248) PSYoungGen: 79360K(79360K)->1056K(79872K) Eden: 78336K(78336K)->0K(78336K) From: 1024K(1024K)->1056K(1536K)
[161.487s][info][gc,heap        ] GC(248) ParOldGen: 7253K(1398272K)->7357K(1398272K)
[161.487s][info][gc,metaspace   ] GC(248) Metaspace: 9938K(10240K)->9938K(10240K) NonClass: 8637K(8832K)->8637K(8832K) Class: 1301K(1408K)->1301K(1408K)
[161.487s][info][gc             ] GC(248) Pause Young (Allocation Failure) 84M->8M(1443M) 1.296ms
[161.487s][info][gc,cpu         ] GC(248) User=0.00s Sys=0.00s Real=0.00s
[161.809s][info][gc,start       ] GC(249) Pause Young (Allocation Failure)
[161.810s][info][gc,heap        ] GC(249) PSYoungGen: 79392K(79872K)->1024K(79360K) Eden: 78336K(78336K)->0K(78336K) From: 1056K(1536K)->1024K(1024K)
[161.810s][info][gc,heap        ] GC(249) ParOldGen: 7357K(1398272K)->7373K(1398272K)
[161.810s][info][gc,metaspace   ] GC(249) Metaspace: 9938K(10240K)->9938K(10240K) NonClass: 8637K(8832K)->8637K(8832K) Class: 1301K(1408K)->1301K(1408K)
[161.810s][info][gc             ] GC(249) Pause Young (Allocation Failure) 84M->8M(1443M) 1.122ms
[161.810s][info][gc,cpu         ] GC(249) User=0.00s Sys=0.00s Real=0.00s
[162.127s][info][gc,start       ] GC(250) Pause Young (Allocation Failure)
[162.128s][info][gc,heap        ] GC(250) PSYoungGen: 79360K(79360K)->1088K(79872K) Eden: 78336K(78336K)->0K(78336K) From: 1024K(1024K)->1088K(1536K)
[162.128s][info][gc,heap        ] GC(250) ParOldGen: 7373K(1398272K)->7829K(1398272K)
[162.128s][info][gc,metaspace   ] GC(250) Metaspace: 9938K(10240K)->9938K(10240K) NonClass: 8637K(8832K)->8637K(8832K) Class: 1301K(1408K)->1301K(1408K)
[162.128s][info][gc             ] GC(250) Pause Young (Allocation Failure) 84M->8M(1443M) 1.373ms
[162.128s][info][gc,cpu         ] GC(250) User=0.00s Sys=0.00s Real=0.00s
[162.452s][info][gc,start       ] GC(251) Pause Young (Allocation Failure)
[162.453s][info][gc,heap        ] GC(251) PSYoungGen: 79424K(79872K)->1024K(79360K) Eden: 78336K(78336K)->0K(78336K) From: 1088K(1536K)->1024K(1024K)
[162.453s][info][gc,heap        ] GC(251) ParOldGen: 7829K(1398272K)->7941K(1398272K)
[162.453s][info][gc,metaspace   ] GC(251) Metaspace: 9938K(10240K)->9938K(10240K) NonClass: 8637K(8832K)->8637K(8832K) Class: 1301K(1408K)->1301K(1408K)
[162.453s][info][gc             ] GC(251) Pause Young (Allocation Failure) 85M->8M(1443M) 1.055ms
[162.453s][info][gc,cpu         ] GC(251) User=0.00s Sys=0.00s Real=0.00s
[162.766s][info][gc,start       ] GC(252) Pause Young (Allocation Failure)
[162.768s][info][gc,heap        ] GC(252) PSYoungGen: 79360K(79360K)->1056K(79872K) Eden: 78336K(78336K)->0K(78336K) From: 1024K(1024K)->1056K(1536K)
[162.768s][info][gc,heap        ] GC(252) ParOldGen: 7941K(1398272K)->7989K(1398272K)
[162.768s][info][gc,metaspace   ] GC(252) Metaspace: 9938K(10240K)->9938K(10240K) NonClass: 8637K(8832K)->8637K(8832K) Class: 1301K(1408K)->1301K(1408K)
[162.768s][info][gc             ] GC(252) Pause Young (Allocation Failure) 85M->8M(1443M) 1.224ms
[162.768s][info][gc,cpu         ] GC(252) User=0.00s Sys=0.00s Real=0.00s
[163.077s][info][gc,start       ] GC(253) Pause Young (Allocation Failure)
[163.078s][info][gc,heap        ] GC(253) PSYoungGen: 79392K(79872K)->1024K(79360K) Eden: 78336K(78336K)->0K(78336K) From: 1056K(1536K)->1024K(1024K)
[163.078s][info][gc,heap        ] GC(253) ParOldGen: 7989K(1398272K)->8101K(1398272K)
[163.078s][info][gc,metaspace   ] GC(253) Metaspace: 9938K(10240K)->9938K(10240K) NonClass: 8637K(8832K)->8637K(8832K) Class: 1301K(1408K)->1301K(1408K)
[163.078s][info][gc             ] GC(253) Pause Young (Allocation Failure) 85M->8M(1443M) 1.081ms
[163.078s][info][gc,cpu         ] GC(253) User=0.00s Sys=0.00s Real=0.00s
[163.377s][info][gc,start       ] GC(254) Pause Young (System.gc())
[163.379s][info][gc,heap        ] GC(254) PSYoungGen: 74269K(79360K)->1056K(79872K) Eden: 73245K(78336K)->0K(78336K) From: 1024K(1024K)->1056K(1536K)
[163.379s][info][gc,heap        ] GC(254) ParOldGen: 8101K(1398272K)->8557K(1398272K)
[163.379s][info][gc,metaspace   ] GC(254) Metaspace: 9941K(10240K)->9941K(10240K) NonClass: 8639K(8832K)->8639K(8832K) Class: 1301K(1408K)->1301K(1408K)
[163.379s][info][gc             ] GC(254) Pause Young (System.gc()) 80M->9M(1443M) 1.731ms
[163.379s][info][gc,cpu         ] GC(254) User=0.00s Sys=0.00s Real=0.00s
[163.379s][info][gc,start       ] GC(255) Pause Full (System.gc())
[163.379s][info][gc,phases,start] GC(255) Marking Phase
[163.396s][info][gc,phases      ] GC(255) Marking Phase 16.893ms
[163.396s][info][gc,phases,start] GC(255) Summary Phase
[163.396s][info][gc,phases      ] GC(255) Summary Phase 0.020ms
[163.396s][info][gc,phases,start] GC(255) Adjust Roots
[163.401s][info][gc,phases      ] GC(255) Adjust Roots 4.570ms
[163.401s][info][gc,phases,start] GC(255) Compaction Phase
[163.405s][info][gc,phases      ] GC(255) Compaction Phase 3.972ms
[163.405s][info][gc,phases,start] GC(255) Post Compact
[163.405s][info][gc,phases      ] GC(255) Post Compact 0.786ms
[163.405s][info][gc,heap        ] GC(255) PSYoungGen: 1056K(79872K)->0K(79872K) Eden: 0K(78336K)->0K(78336K) From: 1056K(1536K)->0K(1536K)
[163.405s][info][gc,heap        ] GC(255) ParOldGen: 8557K(1398272K)->4077K(1398272K)
[163.405s][info][gc,metaspace   ] GC(255) Metaspace: 9941K(10240K)->9941K(10240K) NonClass: 8639K(8832K)->8639K(8832K) Class: 1301K(1408K)->1301K(1408K)
[163.406s][info][gc             ] GC(255) Pause Full (System.gc()) 9M->3M(1443M) 26.536ms
[163.406s][info][gc,cpu         ] GC(255) User=0.52s Sys=0.02s Real=0.03s
[163.734s][info][gc,start       ] GC(256) Pause Young (Allocation Failure)
[163.735s][info][gc,heap        ] GC(256) PSYoungGen: 78336K(79872K)->1024K(79360K) Eden: 78336K(78336K)->0K(78336K) From: 0K(1536K)->1024K(1024K)
[163.735s][info][gc,heap        ] GC(256) ParOldGen: 4077K(1398272K)->4381K(1398272K)
[163.735s][info][gc,metaspace   ] GC(256) Metaspace: 9941K(10240K)->9941K(10240K) NonClass: 8639K(8832K)->8639K(8832K) Class: 1301K(1408K)->1301K(1408K)
[163.735s][info][gc             ] GC(256) Pause Young (Allocation Failure) 80M->5M(1443M) 1.259ms
[163.735s][info][gc,cpu         ] GC(256) User=0.00s Sys=0.00s Real=0.00s
[164.053s][info][gc,start       ] GC(257) Pause Young (Allocation Failure)
[164.055s][info][gc,heap        ] GC(257) PSYoungGen: 79360K(79360K)->1536K(79872K) Eden: 78336K(78336K)->0K(78336K) From: 1024K(1024K)->1536K(1536K)
[164.055s][info][gc,heap        ] GC(257) ParOldGen: 4381K(1398272K)->4725K(1398272K)
[164.055s][info][gc,metaspace   ] GC(257) Metaspace: 9941K(10240K)->9941K(10240K) NonClass: 8639K(8832K)->8639K(8832K) Class: 1301K(1408K)->1301K(1408K)
[164.055s][info][gc             ] GC(257) Pause Young (Allocation Failure) 81M->6M(1443M) 2.205ms
[164.055s][info][gc,cpu         ] GC(257) User=0.00s Sys=0.02s Real=0.02s
[164.373s][info][gc,start       ] GC(258) Pause Young (Allocation Failure)
[164.374s][info][gc,heap        ] GC(258) PSYoungGen: 79872K(79872K)->1024K(79360K) Eden: 78336K(78336K)->0K(78336K) From: 1536K(1536K)->1024K(1024K)
[164.374s][info][gc,heap        ] GC(258) ParOldGen: 4725K(1398272K)->5445K(1398272K)
[164.374s][info][gc,metaspace   ] GC(258) Metaspace: 9941K(10240K)->9941K(10240K) NonClass: 8639K(8832K)->8639K(8832K) Class: 1301K(1408K)->1301K(1408K)
[164.374s][info][gc             ] GC(258) Pause Young (Allocation Failure) 82M->6M(1443M) 1.319ms
[164.374s][info][gc,cpu         ] GC(258) User=0.00s Sys=0.00s Real=0.00s
[164.701s][info][gc,start       ] GC(259) Pause Young (Allocation Failure)
[164.702s][info][gc,heap        ] GC(259) PSYoungGen: 79360K(79360K)->1056K(79872K) Eden: 78336K(78336K)->0K(78336K) From: 1024K(1024K)->1056K(1536K)
[164.702s][info][gc,heap        ] GC(259) ParOldGen: 5445K(1398272K)->5805K(1398272K)
[164.702s][info][gc,metaspace   ] GC(259) Metaspace: 9941K(10240K)->9941K(10240K) NonClass: 8639K(8832K)->8639K(8832K) Class: 1301K(1408K)->1301K(1408K)
[164.702s][info][gc             ] GC(259) Pause Young (Allocation Failure) 82M->6M(1443M) 1.339ms
[164.702s][info][gc,cpu         ] GC(259) User=0.00s Sys=0.00s Real=0.00s
[165.024s][info][gc,start       ] GC(260) Pause Young (Allocation Failure)
[165.025s][info][gc,heap        ] GC(260) PSYoungGen: 79392K(79872K)->1056K(79872K) Eden: 78336K(78336K)->0K(78336K) From: 1056K(1536K)->1056K(1536K)
[165.025s][info][gc,heap        ] GC(260) ParOldGen: 5805K(1398272K)->5805K(1398272K)
[165.025s][info][gc,metaspace   ] GC(260) Metaspace: 9941K(10240K)->9941K(10240K) NonClass: 8639K(8832K)->8639K(8832K) Class: 1301K(1408K)->1301K(1408K)
[165.025s][info][gc             ] GC(260) Pause Young (Allocation Failure) 83M->6M(1443M) 1.204ms
[165.025s][info][gc,cpu         ] GC(260) User=0.00s Sys=0.00s Real=0.00s
[165.344s][info][gc,start       ] GC(261) Pause Young (Allocation Failure)
[165.345s][info][gc,heap        ] GC(261) PSYoungGen: 79392K(79872K)->1056K(79872K) Eden: 78336K(78336K)->0K(78336K) From: 1056K(1536K)->1056K(1536K)
[165.345s][info][gc,heap        ] GC(261) ParOldGen: 5805K(1398272K)->5805K(1398272K)
[165.345s][info][gc,metaspace   ] GC(261) Metaspace: 9941K(10240K)->9941K(10240K) NonClass: 8639K(8832K)->8639K(8832K) Class: 1301K(1408K)->1301K(1408K)
[165.345s][info][gc             ] GC(261) Pause Young (Allocation Failure) 83M->6M(1443M) 1.395ms
[165.345s][info][gc,cpu         ] GC(261) User=0.00s Sys=0.00s Real=0.00s
[165.660s][info][gc,start       ] GC(262) Pause Young (Allocation Failure)
[165.661s][info][gc,heap        ] GC(262) PSYoungGen: 79392K(79872K)->1056K(79872K) Eden: 78336K(78336K)->0K(78336K) From: 1056K(1536K)->1056K(1536K)
[165.661s][info][gc,heap        ] GC(262) ParOldGen: 5805K(1398272K)->5805K(1398272K)
[165.661s][info][gc,metaspace   ] GC(262) Metaspace: 9941K(10240K)->9941K(10240K) NonClass: 8639K(8832K)->8639K(8832K) Class: 1301K(1408K)->1301K(1408K)
[165.661s][info][gc             ] GC(262) Pause Young (Allocation Failure) 83M->6M(1443M) 1.143ms
[165.661s][info][gc,cpu         ] GC(262) User=0.00s Sys=0.03s Real=0.02s
[165.969s][info][gc,start       ] GC(263) Pause Young (Allocation Failure)
[165.970s][info][gc,heap        ] GC(263) PSYoungGen: 79392K(79872K)->1088K(79872K) Eden: 78336K(78336K)->0K(78336K) From: 1056K(1536K)->1088K(1536K)
[165.970s][info][gc,heap        ] GC(263) ParOldGen: 5805K(1398272K)->5917K(1398272K)
[165.970s][info][gc,metaspace   ] GC(263) Metaspace: 9941K(10240K)->9941K(10240K) NonClass: 8639K(8832K)->8639K(8832K) Class: 1301K(1408K)->1301K(1408K)
[165.970s][info][gc             ] GC(263) Pause Young (Allocation Failure) 83M->6M(1443M) 1.298ms
[165.971s][info][gc,cpu         ] GC(263) User=0.00s Sys=0.00s Real=0.00s
[166.300s][info][gc,start       ] GC(264) Pause Young (Allocation Failure)
[166.301s][info][gc,heap        ] GC(264) PSYoungGen: 79424K(79872K)->1056K(79872K) Eden: 78336K(78336K)->0K(78336K) From: 1088K(1536K)->1056K(1536K)
[166.301s][info][gc,heap        ] GC(264) ParOldGen: 5917K(1398272K)->6277K(1398272K)
[166.301s][info][gc,metaspace   ] GC(264) Metaspace: 9941K(10240K)->9941K(10240K) NonClass: 8639K(8832K)->8639K(8832K) Class: 1301K(1408K)->1301K(1408K)
[166.302s][info][gc             ] GC(264) Pause Young (Allocation Failure) 83M->7M(1443M) 1.170ms
[166.302s][info][gc,cpu         ] GC(264) User=0.00s Sys=0.00s Real=0.00s
[166.638s][info][gc,start       ] GC(265) Pause Young (Allocation Failure)
[166.640s][info][gc,heap        ] GC(265) PSYoungGen: 79392K(79872K)->1056K(79872K) Eden: 78336K(78336K)->0K(78336K) From: 1056K(1536K)->1056K(1536K)
[166.640s][info][gc,heap        ] GC(265) ParOldGen: 6277K(1398272K)->6277K(1398272K)
[166.640s][info][gc,metaspace   ] GC(265) Metaspace: 9941K(10240K)->9941K(10240K) NonClass: 8639K(8832K)->8639K(8832K) Class: 1301K(1408K)->1301K(1408K)
[166.640s][info][gc             ] GC(265) Pause Young (Allocation Failure) 83M->7M(1443M) 1.341ms
[166.640s][info][gc,cpu         ] GC(265) User=0.00s Sys=0.00s Real=0.00s
[166.950s][info][gc,start       ] GC(266) Pause Young (Allocation Failure)
[166.951s][info][gc,heap        ] GC(266) PSYoungGen: 79392K(79872K)->1056K(79872K) Eden: 78336K(78336K)->0K(78336K) From: 1056K(1536K)->1056K(1536K)
[166.951s][info][gc,heap        ] GC(266) ParOldGen: 6277K(1398272K)->6277K(1398272K)
[166.951s][info][gc,metaspace   ] GC(266) Metaspace: 9941K(10240K)->9941K(10240K) NonClass: 8639K(8832K)->8639K(8832K) Class: 1301K(1408K)->1301K(1408K)
[166.951s][info][gc             ] GC(266) Pause Young (Allocation Failure) 83M->7M(1443M) 1.071ms
[166.951s][info][gc,cpu         ] GC(266) User=0.00s Sys=0.00s Real=0.00s
[167.272s][info][gc,start       ] GC(267) Pause Young (Allocation Failure)
[167.273s][info][gc,heap        ] GC(267) PSYoungGen: 79392K(79872K)->1024K(79360K) Eden: 78336K(78336K)->0K(78336K) From: 1056K(1536K)->1024K(1024K)
[167.273s][info][gc,heap        ] GC(267) ParOldGen: 6277K(1398272K)->6637K(1398272K)
[167.273s][info][gc,metaspace   ] GC(267) Metaspace: 9941K(10240K)->9941K(10240K) NonClass: 8639K(8832K)->8639K(8832K) Class: 1301K(1408K)->1301K(1408K)
[167.273s][info][gc             ] GC(267) Pause Young (Allocation Failure) 83M->7M(1443M) 1.424ms
[167.273s][info][gc,cpu         ] GC(267) User=0.00s Sys=0.00s Real=0.00s
[167.586s][info][gc,start       ] GC(268) Pause Young (Allocation Failure)
[167.587s][info][gc,heap        ] GC(268) PSYoungGen: 79360K(79360K)->1056K(79872K) Eden: 78336K(78336K)->0K(78336K) From: 1024K(1024K)->1056K(1536K)
[167.587s][info][gc,heap        ] GC(268) ParOldGen: 6637K(1398272K)->6637K(1398272K)
[167.587s][info][gc,metaspace   ] GC(268) Metaspace: 9941K(10240K)->9941K(10240K) NonClass: 8639K(8832K)->8639K(8832K) Class: 1301K(1408K)->1301K(1408K)
[167.587s][info][gc             ] GC(268) Pause Young (Allocation Failure) 83M->7M(1443M) 1.115ms
[167.587s][info][gc,cpu         ] GC(268) User=0.00s Sys=0.00s Real=0.00s
[167.909s][info][gc,start       ] GC(269) Pause Young (Allocation Failure)
[167.910s][info][gc,heap        ] GC(269) PSYoungGen: 79392K(79872K)->1024K(79360K) Eden: 78336K(78336K)->0K(78336K) From: 1056K(1536K)->1024K(1024K)
[167.910s][info][gc,heap        ] GC(269) ParOldGen: 6637K(1398272K)->6997K(1398272K)
[167.910s][info][gc,metaspace   ] GC(269) Metaspace: 9941K(10240K)->9941K(10240K) NonClass: 8639K(8832K)->8639K(8832K) Class: 1301K(1408K)->1301K(1408K)
[167.910s][info][gc             ] GC(269) Pause Young (Allocation Failure) 84M->7M(1443M) 1.445ms
[167.910s][info][gc,cpu         ] GC(269) User=0.00s Sys=0.00s Real=0.00s
[168.230s][info][gc,start       ] GC(270) Pause Young (Allocation Failure)
[168.231s][info][gc,heap        ] GC(270) PSYoungGen: 79360K(79360K)->1024K(79360K) Eden: 78336K(78336K)->0K(78336K) From: 1024K(1024K)->1024K(1024K)
[168.231s][info][gc,heap        ] GC(270) ParOldGen: 6997K(1398272K)->7317K(1398272K)
[168.231s][info][gc,metaspace   ] GC(270) Metaspace: 9941K(10240K)->9941K(10240K) NonClass: 8639K(8832K)->8639K(8832K) Class: 1301K(1408K)->1301K(1408K)
[168.231s][info][gc             ] GC(270) Pause Young (Allocation Failure) 84M->8M(1443M) 1.120ms
[168.232s][info][gc,cpu         ] GC(270) User=0.00s Sys=0.00s Real=0.00s
[168.540s][info][gc,start       ] GC(271) Pause Young (Allocation Failure)
[168.541s][info][gc,heap        ] GC(271) PSYoungGen: 79360K(79360K)->1056K(79872K) Eden: 78336K(78336K)->0K(78336K) From: 1024K(1024K)->1056K(1536K)
[168.541s][info][gc,heap        ] GC(271) ParOldGen: 7317K(1398272K)->7317K(1398272K)
[168.541s][info][gc,metaspace   ] GC(271) Metaspace: 9941K(10240K)->9941K(10240K) NonClass: 8639K(8832K)->8639K(8832K) Class: 1301K(1408K)->1301K(1408K)
[168.541s][info][gc             ] GC(271) Pause Young (Allocation Failure) 84M->8M(1443M) 1.227ms
[168.541s][info][gc,cpu         ] GC(271) User=0.00s Sys=0.00s Real=0.00s
[168.871s][info][gc,start       ] GC(272) Pause Young (Allocation Failure)
[168.872s][info][gc,heap        ] GC(272) PSYoungGen: 79392K(79872K)->1024K(79360K) Eden: 78336K(78336K)->0K(78336K) From: 1056K(1536K)->1024K(1024K)
[168.872s][info][gc,heap        ] GC(272) ParOldGen: 7317K(1398272K)->7669K(1398272K)
[168.872s][info][gc,metaspace   ] GC(272) Metaspace: 9941K(10240K)->9941K(10240K) NonClass: 8639K(8832K)->8639K(8832K) Class: 1301K(1408K)->1301K(1408K)
[168.872s][info][gc             ] GC(272) Pause Young (Allocation Failure) 84M->8M(1443M) 1.103ms
[168.872s][info][gc,cpu         ] GC(272) User=0.00s Sys=0.00s Real=0.00s
[169.191s][info][gc,start       ] GC(273) Pause Young (Allocation Failure)
[169.192s][info][gc,heap        ] GC(273) PSYoungGen: 79360K(79360K)->1056K(80384K) Eden: 78336K(78336K)->0K(78336K) From: 1024K(1024K)->1056K(2048K)
[169.192s][info][gc,heap        ] GC(273) ParOldGen: 7669K(1398272K)->7669K(1398272K)
[169.192s][info][gc,metaspace   ] GC(273) Metaspace: 9941K(10240K)->9941K(10240K) NonClass: 8639K(8832K)->8639K(8832K) Class: 1301K(1408K)->1301K(1408K)
[169.192s][info][gc             ] GC(273) Pause Young (Allocation Failure) 84M->8M(1444M) 1.228ms
[169.192s][info][gc,cpu         ] GC(273) User=0.00s Sys=0.00s Real=0.00s
[169.512s][info][gc,start       ] GC(274) Pause Young (Allocation Failure)
[169.513s][info][gc,heap        ] GC(274) PSYoungGen: 79392K(80384K)->1056K(79872K) Eden: 78336K(78336K)->0K(78336K) From: 1056K(2048K)->1056K(1536K)
[169.513s][info][gc,heap        ] GC(274) ParOldGen: 7669K(1398272K)->7669K(1398272K)
[169.513s][info][gc,metaspace   ] GC(274) Metaspace: 9941K(10240K)->9941K(10240K) NonClass: 8639K(8832K)->8639K(8832K) Class: 1301K(1408K)->1301K(1408K)
[169.513s][info][gc             ] GC(274) Pause Young (Allocation Failure) 85M->8M(1443M) 1.038ms
[169.513s][info][gc,cpu         ] GC(274) User=0.00s Sys=0.00s Real=0.00s
[169.831s][info][gc,start       ] GC(275) Pause Young (Allocation Failure)
[169.832s][info][gc,heap        ] GC(275) PSYoungGen: 79392K(79872K)->1056K(79872K) Eden: 78336K(78336K)->0K(78336K) From: 1056K(1536K)->1056K(1536K)
[169.832s][info][gc,heap        ] GC(275) ParOldGen: 7669K(1398272K)->7669K(1398272K)
[169.832s][info][gc,metaspace   ] GC(275) Metaspace: 9941K(10240K)->9941K(10240K) NonClass: 8639K(8832K)->8639K(8832K) Class: 1301K(1408K)->1301K(1408K)
[169.832s][info][gc             ] GC(275) Pause Young (Allocation Failure) 85M->8M(1443M) 1.330ms
[169.832s][info][gc,cpu         ] GC(275) User=0.00s Sys=0.00s Real=0.00s
[170.157s][info][gc,start       ] GC(276) Pause Young (System.gc())
[170.163s][info][gc,heap        ] GC(276) PSYoungGen: 78878K(79872K)->512K(78848K) Eden: 77822K(78336K)->0K(78336K) From: 1056K(1536K)->512K(512K)
[170.163s][info][gc,heap        ] GC(276) ParOldGen: 7669K(1398272K)->8157K(1398272K)
[170.163s][info][gc,metaspace   ] GC(276) Metaspace: 9941K(10240K)->9941K(10240K) NonClass: 8639K(8832K)->8639K(8832K) Class: 1301K(1408K)->1301K(1408K)
[170.163s][info][gc             ] GC(276) Pause Young (System.gc()) 84M->8M(1442M) 6.405ms
[170.164s][info][gc,cpu         ] GC(276) User=0.00s Sys=0.00s Real=0.00s
[170.164s][info][gc,start       ] GC(277) Pause Full (System.gc())
[170.164s][info][gc,phases,start] GC(277) Marking Phase
[170.179s][info][gc,phases      ] GC(277) Marking Phase 15.425ms
[170.179s][info][gc,phases,start] GC(277) Summary Phase
[170.179s][info][gc,phases      ] GC(277) Summary Phase 0.020ms
[170.179s][info][gc,phases,start] GC(277) Adjust Roots
[170.184s][info][gc,phases      ] GC(277) Adjust Roots 4.584ms
[170.184s][info][gc,phases,start] GC(277) Compaction Phase
[170.188s][info][gc,phases      ] GC(277) Compaction Phase 3.684ms
[170.188s][info][gc,phases,start] GC(277) Post Compact
[170.188s][info][gc,phases      ] GC(277) Post Compact 0.728ms
[170.188s][info][gc,heap        ] GC(277) PSYoungGen: 512K(78848K)->0K(78848K) Eden: 0K(78336K)->0K(78336K) From: 512K(512K)->0K(512K)
[170.188s][info][gc,heap        ] GC(277) ParOldGen: 8157K(1398272K)->4077K(1398272K)
[170.188s][info][gc,metaspace   ] GC(277) Metaspace: 9941K(10240K)->9941K(10240K) NonClass: 8639K(8832K)->8639K(8832K) Class: 1301K(1408K)->1301K(1408K)
[170.188s][info][gc             ] GC(277) Pause Full (System.gc()) 8M->3M(1442M) 24.716ms
[170.188s][info][gc,cpu         ] GC(277) User=0.53s Sys=0.00s Real=0.03s
[170.519s][info][gc,start       ] GC(278) Pause Young (Allocation Failure)
[170.520s][info][gc,heap        ] GC(278) PSYoungGen: 78336K(78848K)->1536K(79872K) Eden: 78336K(78336K)->0K(78336K) From: 0K(512K)->1536K(1536K)
[170.520s][info][gc,heap        ] GC(278) ParOldGen: 4077K(1398272K)->4149K(1398272K)
[170.520s][info][gc,metaspace   ] GC(278) Metaspace: 9942K(10304K)->9942K(10304K) NonClass: 8641K(8896K)->8641K(8896K) Class: 1301K(1408K)->1301K(1408K)
[170.520s][info][gc             ] GC(278) Pause Young (Allocation Failure) 80M->5M(1443M) 1.241ms
[170.520s][info][gc,cpu         ] GC(278) User=0.00s Sys=0.00s Real=0.00s
[170.841s][info][gc,start       ] GC(279) Pause Young (Allocation Failure)
[170.842s][info][gc,heap        ] GC(279) PSYoungGen: 79872K(79872K)->1344K(79872K) Eden: 78336K(78336K)->0K(78336K) From: 1536K(1536K)->1344K(1536K)
[170.842s][info][gc,heap        ] GC(279) ParOldGen: 4149K(1398272K)->4693K(1398272K)
[170.842s][info][gc,metaspace   ] GC(279) Metaspace: 9942K(10304K)->9942K(10304K) NonClass: 8641K(8896K)->8641K(8896K) Class: 1301K(1408K)->1301K(1408K)
[170.842s][info][gc             ] GC(279) Pause Young (Allocation Failure) 82M->5M(1443M) 1.299ms
[170.842s][info][gc,cpu         ] GC(279) User=0.00s Sys=0.00s Real=0.00s
[171.160s][info][gc,start       ] GC(280) Pause Young (Allocation Failure)
[171.161s][info][gc,heap        ] GC(280) PSYoungGen: 79680K(79872K)->1088K(79872K) Eden: 78336K(78336K)->0K(78336K) From: 1344K(1536K)->1088K(1536K)
[171.161s][info][gc,heap        ] GC(280) ParOldGen: 4693K(1398272K)->5053K(1398272K)
[171.161s][info][gc,metaspace   ] GC(280) Metaspace: 9942K(10304K)->9942K(10304K) NonClass: 8641K(8896K)->8641K(8896K) Class: 1301K(1408K)->1301K(1408K)
[171.161s][info][gc             ] GC(280) Pause Young (Allocation Failure) 82M->5M(1443M) 1.434ms
[171.161s][info][gc,cpu         ] GC(280) User=0.00s Sys=0.00s Real=0.00s
[171.483s][info][gc,start       ] GC(281) Pause Young (Allocation Failure)
[171.485s][info][gc,heap        ] GC(281) PSYoungGen: 79424K(79872K)->1312K(79872K) Eden: 78336K(78336K)->0K(78336K) From: 1088K(1536K)->1312K(1536K)
[171.485s][info][gc,heap        ] GC(281) ParOldGen: 5053K(1398272K)->5437K(1398272K)
[171.485s][info][gc,metaspace   ] GC(281) Metaspace: 9942K(10304K)->9942K(10304K) NonClass: 8641K(8896K)->8641K(8896K) Class: 1301K(1408K)->1301K(1408K)
[171.485s][info][gc             ] GC(281) Pause Young (Allocation Failure) 82M->6M(1443M) 1.214ms
[171.485s][info][gc,cpu         ] GC(281) User=0.00s Sys=0.00s Real=0.00s
[171.814s][info][gc,start       ] GC(282) Pause Young (Allocation Failure)
[171.815s][info][gc,heap        ] GC(282) PSYoungGen: 79648K(79872K)->992K(79360K) Eden: 78336K(78336K)->0K(78336K) From: 1312K(1536K)->992K(1024K)
[171.815s][info][gc,heap        ] GC(282) ParOldGen: 5437K(1398272K)->5925K(1398272K)
[171.815s][info][gc,metaspace   ] GC(282) Metaspace: 9942K(10304K)->9942K(10304K) NonClass: 8641K(8896K)->8641K(8896K) Class: 1301K(1408K)->1301K(1408K)
[171.815s][info][gc             ] GC(282) Pause Young (Allocation Failure) 83M->6M(1443M) 1.595ms
[171.815s][info][gc,cpu         ] GC(282) User=0.00s Sys=0.00s Real=0.00s
[172.140s][info][gc,start       ] GC(283) Pause Young (Allocation Failure)
[172.141s][info][gc,heap        ] GC(283) PSYoungGen: 79328K(79360K)->1056K(79872K) Eden: 78336K(78336K)->0K(78336K) From: 992K(1024K)->1056K(1536K)
[172.141s][info][gc,heap        ] GC(283) ParOldGen: 5925K(1398272K)->5925K(1398272K)
[172.141s][info][gc,metaspace   ] GC(283) Metaspace: 9942K(10304K)->9942K(10304K) NonClass: 8641K(8896K)->8641K(8896K) Class: 1301K(1408K)->1301K(1408K)
[172.141s][info][gc             ] GC(283) Pause Young (Allocation Failure) 83M->6M(1443M) 1.204ms
[172.141s][info][gc,cpu         ] GC(283) User=0.00s Sys=0.00s Real=0.00s
[172.461s][info][gc,start       ] GC(284) Pause Young (Allocation Failure)
[172.462s][info][gc,heap        ] GC(284) PSYoungGen: 79392K(79872K)->1056K(79872K) Eden: 78336K(78336K)->0K(78336K) From: 1056K(1536K)->1056K(1536K)
[172.462s][info][gc,heap        ] GC(284) ParOldGen: 5925K(1398272K)->6117K(1398272K)
[172.463s][info][gc,metaspace   ] GC(284) Metaspace: 9942K(10304K)->9942K(10304K) NonClass: 8641K(8896K)->8641K(8896K) Class: 1301K(1408K)->1301K(1408K)
[172.463s][info][gc             ] GC(284) Pause Young (Allocation Failure) 83M->7M(1443M) 1.363ms
[172.463s][info][gc,cpu         ] GC(284) User=0.02s Sys=0.00s Real=0.02s
[172.781s][info][gc,start       ] GC(285) Pause Young (Allocation Failure)
[172.782s][info][gc,heap        ] GC(285) PSYoungGen: 79392K(79872K)->1056K(79872K) Eden: 78336K(78336K)->0K(78336K) From: 1056K(1536K)->1056K(1536K)
[172.782s][info][gc,heap        ] GC(285) ParOldGen: 6117K(1398272K)->6397K(1398272K)
[172.782s][info][gc,metaspace   ] GC(285) Metaspace: 9942K(10304K)->9942K(10304K) NonClass: 8641K(8896K)->8641K(8896K) Class: 1301K(1408K)->1301K(1408K)
[172.782s][info][gc             ] GC(285) Pause Young (Allocation Failure) 83M->7M(1443M) 1.085ms
[172.782s][info][gc,cpu         ] GC(285) User=0.00s Sys=0.00s Real=0.00s
[173.107s][info][gc,start       ] GC(286) Pause Young (Allocation Failure)
[173.108s][info][gc,heap        ] GC(286) PSYoungGen: 79392K(79872K)->1056K(79872K) Eden: 78336K(78336K)->0K(78336K) From: 1056K(1536K)->1056K(1536K)
[173.108s][info][gc,heap        ] GC(286) ParOldGen: 6397K(1398272K)->6397K(1398272K)
[173.108s][info][gc,metaspace   ] GC(286) Metaspace: 9942K(10304K)->9942K(10304K) NonClass: 8641K(8896K)->8641K(8896K) Class: 1301K(1408K)->1301K(1408K)
[173.108s][info][gc             ] GC(286) Pause Young (Allocation Failure) 83M->7M(1443M) 1.393ms
[173.108s][info][gc,cpu         ] GC(286) User=0.00s Sys=0.00s Real=0.00s
[173.426s][info][gc,start       ] GC(287) Pause Young (Allocation Failure)
[173.427s][info][gc,heap        ] GC(287) PSYoungGen: 79392K(79872K)->512K(78848K) Eden: 78336K(78336K)->0K(78336K) From: 1056K(1536K)->512K(512K)
[173.427s][info][gc,heap        ] GC(287) ParOldGen: 6397K(1398272K)->6893K(1398272K)
[173.427s][info][gc,metaspace   ] GC(287) Metaspace: 9942K(10304K)->9942K(10304K) NonClass: 8641K(8896K)->8641K(8896K) Class: 1301K(1408K)->1301K(1408K)
[173.427s][info][gc             ] GC(287) Pause Young (Allocation Failure) 83M->7M(1442M) 1.146ms
[173.427s][info][gc,cpu         ] GC(287) User=0.00s Sys=0.00s Real=0.00s
[173.746s][info][gc,start       ] GC(288) Pause Young (Allocation Failure)
[173.748s][info][gc,heap        ] GC(288) PSYoungGen: 78848K(78848K)->1152K(79872K) Eden: 78336K(78336K)->0K(78336K) From: 512K(512K)->1152K(1536K)
[173.748s][info][gc,heap        ] GC(288) ParOldGen: 6893K(1398272K)->7261K(1398272K)
[173.748s][info][gc,metaspace   ] GC(288) Metaspace: 9942K(10304K)->9942K(10304K) NonClass: 8641K(8896K)->8641K(8896K) Class: 1301K(1408K)->1301K(1408K)
[173.748s][info][gc             ] GC(288) Pause Young (Allocation Failure) 83M->8M(1443M) 1.984ms
[173.748s][info][gc,cpu         ] GC(288) User=0.00s Sys=0.00s Real=0.00s
[174.057s][info][gc,start       ] GC(289) Pause Young (Allocation Failure)
[174.058s][info][gc,heap        ] GC(289) PSYoungGen: 79488K(79872K)->1024K(79360K) Eden: 78336K(78336K)->0K(78336K) From: 1152K(1536K)->1024K(1024K)
[174.058s][info][gc,heap        ] GC(289) ParOldGen: 7261K(1398272K)->7645K(1398272K)
[174.058s][info][gc,metaspace   ] GC(289) Metaspace: 9942K(10304K)->9942K(10304K) NonClass: 8641K(8896K)->8641K(8896K) Class: 1301K(1408K)->1301K(1408K)
[174.059s][info][gc             ] GC(289) Pause Young (Allocation Failure) 84M->8M(1443M) 1.301ms
[174.059s][info][gc,cpu         ] GC(289) User=0.00s Sys=0.00s Real=0.00s
[174.377s][info][gc,start       ] GC(290) Pause Young (Allocation Failure)
[174.378s][info][gc,heap        ] GC(290) PSYoungGen: 79360K(79360K)->1056K(79872K) Eden: 78336K(78336K)->0K(78336K) From: 1024K(1024K)->1056K(1536K)
[174.378s][info][gc,heap        ] GC(290) ParOldGen: 7645K(1398272K)->7645K(1398272K)
[174.378s][info][gc,metaspace   ] GC(290) Metaspace: 9942K(10304K)->9942K(10304K) NonClass: 8641K(8896K)->8641K(8896K) Class: 1301K(1408K)->1301K(1408K)
[174.378s][info][gc             ] GC(290) Pause Young (Allocation Failure) 84M->8M(1443M) 1.187ms
[174.378s][info][gc,cpu         ] GC(290) User=0.00s Sys=0.00s Real=0.00s
[174.703s][info][gc,start       ] GC(291) Pause Young (Allocation Failure)
[174.704s][info][gc,heap        ] GC(291) PSYoungGen: 79392K(79872K)->1024K(79360K) Eden: 78336K(78336K)->0K(78336K) From: 1056K(1536K)->1024K(1024K)
[174.704s][info][gc,heap        ] GC(291) ParOldGen: 7645K(1398272K)->7661K(1398272K)
[174.704s][info][gc,metaspace   ] GC(291) Metaspace: 9942K(10304K)->9942K(10304K) NonClass: 8641K(8896K)->8641K(8896K) Class: 1301K(1408K)->1301K(1408K)
[174.704s][info][gc             ] GC(291) Pause Young (Allocation Failure) 84M->8M(1443M) 1.053ms
[174.704s][info][gc,cpu         ] GC(291) User=0.00s Sys=0.00s Real=0.00s
[175.033s][info][gc,start       ] GC(292) Pause Young (Allocation Failure)
[175.034s][info][gc,heap        ] GC(292) PSYoungGen: 79360K(79360K)->1024K(79360K) Eden: 78336K(78336K)->0K(78336K) From: 1024K(1024K)->1024K(1024K)
[175.034s][info][gc,heap        ] GC(292) ParOldGen: 7661K(1398272K)->7973K(1398272K)
[175.034s][info][gc,metaspace   ] GC(292) Metaspace: 9942K(10304K)->9942K(10304K) NonClass: 8641K(8896K)->8641K(8896K) Class: 1301K(1408K)->1301K(1408K)
[175.034s][info][gc             ] GC(292) Pause Young (Allocation Failure) 84M->8M(1443M) 1.598ms
[175.034s][info][gc,cpu         ] GC(292) User=0.00s Sys=0.00s Real=0.00s
[175.347s][info][gc,start       ] GC(293) Pause Young (Allocation Failure)
[175.348s][info][gc,heap        ] GC(293) PSYoungGen: 79360K(79360K)->1056K(79872K) Eden: 78336K(78336K)->0K(78336K) From: 1024K(1024K)->1056K(1536K)
[175.348s][info][gc,heap        ] GC(293) ParOldGen: 7973K(1398272K)->8013K(1398272K)
[175.348s][info][gc,metaspace   ] GC(293) Metaspace: 9942K(10304K)->9942K(10304K) NonClass: 8641K(8896K)->8641K(8896K) Class: 1301K(1408K)->1301K(1408K)
[175.348s][info][gc             ] GC(293) Pause Young (Allocation Failure) 85M->8M(1443M) 1.079ms
[175.348s][info][gc,cpu         ] GC(293) User=0.00s Sys=0.00s Real=0.00s
[175.667s][info][gc,start       ] GC(294) Pause Young (Allocation Failure)
[175.669s][info][gc,heap        ] GC(294) PSYoungGen: 79392K(79872K)->1056K(79872K) Eden: 78336K(78336K)->0K(78336K) From: 1056K(1536K)->1056K(1536K)
[175.669s][info][gc,heap        ] GC(294) ParOldGen: 8013K(1398272K)->8365K(1398272K)
[175.669s][info][gc,metaspace   ] GC(294) Metaspace: 9942K(10304K)->9942K(10304K) NonClass: 8641K(8896K)->8641K(8896K) Class: 1301K(1408K)->1301K(1408K)
[175.669s][info][gc             ] GC(294) Pause Young (Allocation Failure) 85M->9M(1443M) 1.444ms
[175.669s][info][gc,cpu         ] GC(294) User=0.00s Sys=0.00s Real=0.00s
[175.984s][info][gc,start       ] GC(295) Pause Young (Allocation Failure)
[175.985s][info][gc,heap        ] GC(295) PSYoungGen: 79392K(79872K)->512K(78848K) Eden: 78336K(78336K)->0K(78336K) From: 1056K(1536K)->512K(512K)
[175.985s][info][gc,heap        ] GC(295) ParOldGen: 8365K(1398272K)->8621K(1398272K)
[175.985s][info][gc,metaspace   ] GC(295) Metaspace: 9942K(10304K)->9942K(10304K) NonClass: 8641K(8896K)->8641K(8896K) Class: 1301K(1408K)->1301K(1408K)
[175.985s][info][gc             ] GC(295) Pause Young (Allocation Failure) 85M->8M(1442M) 1.112ms
[175.985s][info][gc,cpu         ] GC(295) User=0.00s Sys=0.00s Real=0.00s
[176.309s][info][gc,start       ] GC(296) Pause Young (Allocation Failure)
[176.312s][info][gc,heap        ] GC(296) PSYoungGen: 78848K(78848K)->992K(79872K) Eden: 78336K(78336K)->0K(78336K) From: 512K(512K)->992K(1536K)
[176.312s][info][gc,heap        ] GC(296) ParOldGen: 8621K(1398272K)->8941K(1398272K)
[176.312s][info][gc,metaspace   ] GC(296) Metaspace: 9942K(10304K)->9942K(10304K) NonClass: 8641K(8896K)->8641K(8896K) Class: 1301K(1408K)->1301K(1408K)
[176.312s][info][gc             ] GC(296) Pause Young (Allocation Failure) 85M->9M(1443M) 2.463ms
[176.312s][info][gc,cpu         ] GC(296) User=0.44s Sys=0.00s Real=0.02s
[176.633s][info][gc,start       ] GC(297) Pause Young (Allocation Failure)
[176.634s][info][gc,heap        ] GC(297) PSYoungGen: 79328K(79872K)->1056K(79872K) Eden: 78336K(78336K)->0K(78336K) From: 992K(1536K)->1056K(1536K)
[176.634s][info][gc,heap        ] GC(297) ParOldGen: 8941K(1398272K)->8965K(1398272K)
[176.634s][info][gc,metaspace   ] GC(297) Metaspace: 9942K(10304K)->9942K(10304K) NonClass: 8641K(8896K)->8641K(8896K) Class: 1301K(1408K)->1301K(1408K)
[176.634s][info][gc             ] GC(297) Pause Young (Allocation Failure) 86M->9M(1443M) 1.057ms
[176.634s][info][gc,cpu         ] GC(297) User=0.00s Sys=0.00s Real=0.00s
[176.948s][info][gc,start       ] GC(298) Pause Young (System.gc())
[176.949s][info][gc,heap        ] GC(298) PSYoungGen: 72827K(79872K)->1056K(79872K) Eden: 71771K(78336K)->0K(78336K) From: 1056K(1536K)->1056K(1536K)
[176.949s][info][gc,heap        ] GC(298) ParOldGen: 8965K(1398272K)->8965K(1398272K)
[176.949s][info][gc,metaspace   ] GC(298) Metaspace: 9942K(10304K)->9942K(10304K) NonClass: 8641K(8896K)->8641K(8896K) Class: 1301K(1408K)->1301K(1408K)
[176.950s][info][gc             ] GC(298) Pause Young (System.gc()) 79M->9M(1443M) 1.252ms
[176.950s][info][gc,cpu         ] GC(298) User=0.00s Sys=0.00s Real=0.00s
[176.950s][info][gc,start       ] GC(299) Pause Full (System.gc())
[176.950s][info][gc,phases,start] GC(299) Marking Phase
[176.965s][info][gc,phases      ] GC(299) Marking Phase 15.289ms
[176.965s][info][gc,phases,start] GC(299) Summary Phase
[176.965s][info][gc,phases      ] GC(299) Summary Phase 0.022ms
[176.965s][info][gc,phases,start] GC(299) Adjust Roots
[176.968s][info][gc,phases      ] GC(299) Adjust Roots 3.127ms
[176.968s][info][gc,phases,start] GC(299) Compaction Phase
[176.972s][info][gc,phases      ] GC(299) Compaction Phase 3.914ms
[176.972s][info][gc,phases,start] GC(299) Post Compact
[176.973s][info][gc,phases      ] GC(299) Post Compact 0.727ms
[176.973s][info][gc,heap        ] GC(299) PSYoungGen: 1056K(79872K)->0K(79872K) Eden: 0K(78336K)->0K(78336K) From: 1056K(1536K)->0K(1536K)
[176.973s][info][gc,heap        ] GC(299) ParOldGen: 8965K(1398272K)->4077K(1398272K)
[176.973s][info][gc,metaspace   ] GC(299) Metaspace: 9942K(10304K)->9942K(10304K) NonClass: 8641K(8896K)->8641K(8896K) Class: 1301K(1408K)->1301K(1408K)
[176.973s][info][gc             ] GC(299) Pause Full (System.gc()) 9M->3M(1443M) 23.320ms
[176.973s][info][gc,cpu         ] GC(299) User=0.52s Sys=0.00s Real=0.01s
[177.286s][info][gc,start       ] GC(300) Pause Young (Allocation Failure)
[177.287s][info][gc,heap        ] GC(300) PSYoungGen: 78336K(79872K)->512K(78848K) Eden: 78336K(78336K)->0K(78336K) From: 0K(1536K)->512K(512K)
[177.287s][info][gc,heap        ] GC(300) ParOldGen: 4077K(1398272K)->4709K(1398272K)
[177.287s][info][gc,metaspace   ] GC(300) Metaspace: 9942K(10304K)->9942K(10304K) NonClass: 8641K(8896K)->8641K(8896K) Class: 1301K(1408K)->1301K(1408K)
[177.287s][info][gc             ] GC(300) Pause Young (Allocation Failure) 80M->5M(1442M) 1.336ms
[177.288s][info][gc,cpu         ] GC(300) User=0.23s Sys=0.05s Real=0.02s
[177.600s][info][gc,start       ] GC(301) Pause Young (Allocation Failure)
[177.602s][info][gc,heap        ] GC(301) PSYoungGen: 78848K(78848K)->1440K(79872K) Eden: 78336K(78336K)->0K(78336K) From: 512K(512K)->1440K(1536K)
[177.602s][info][gc,heap        ] GC(301) ParOldGen: 4709K(1398272K)->5237K(1398272K)
[177.602s][info][gc,metaspace   ] GC(301) Metaspace: 9942K(10304K)->9942K(10304K) NonClass: 8641K(8896K)->8641K(8896K) Class: 1301K(1408K)->1301K(1408K)
[177.602s][info][gc             ] GC(301) Pause Young (Allocation Failure) 81M->6M(1443M) 1.935ms
[177.602s][info][gc,cpu         ] GC(301) User=0.00s Sys=0.00s Real=0.00s
[177.921s][info][gc,start       ] GC(302) Pause Young (Allocation Failure)
[177.922s][info][gc,heap        ] GC(302) PSYoungGen: 79776K(79872K)->1184K(79872K) Eden: 78336K(78336K)->0K(78336K) From: 1440K(1536K)->1184K(1536K)
[177.922s][info][gc,heap        ] GC(302) ParOldGen: 5237K(1398272K)->5781K(1398272K)
[177.922s][info][gc,metaspace   ] GC(302) Metaspace: 9942K(10304K)->9942K(10304K) NonClass: 8641K(8896K)->8641K(8896K) Class: 1301K(1408K)->1301K(1408K)
[177.922s][info][gc             ] GC(302) Pause Young (Allocation Failure) 83M->6M(1443M) 1.175ms
[177.922s][info][gc,cpu         ] GC(302) User=0.00s Sys=0.00s Real=0.00s
[178.237s][info][gc,start       ] GC(303) Pause Young (Allocation Failure)
[178.239s][info][gc,heap        ] GC(303) PSYoungGen: 79520K(79872K)->992K(79360K) Eden: 78336K(78336K)->0K(78336K) From: 1184K(1536K)->992K(1024K)
[178.239s][info][gc,heap        ] GC(303) ParOldGen: 5781K(1398272K)->6141K(1398272K)
[178.239s][info][gc,metaspace   ] GC(303) Metaspace: 9942K(10304K)->9942K(10304K) NonClass: 8641K(8896K)->8641K(8896K) Class: 1301K(1408K)->1301K(1408K)
[178.239s][info][gc             ] GC(303) Pause Young (Allocation Failure) 83M->6M(1443M) 1.428ms
[178.239s][info][gc,cpu         ] GC(303) User=0.00s Sys=0.00s Real=0.00s
[178.573s][info][gc,start       ] GC(304) Pause Young (Allocation Failure)
[178.574s][info][gc,heap        ] GC(304) PSYoungGen: 79328K(79360K)->1024K(79360K) Eden: 78336K(78336K)->0K(78336K) From: 992K(1024K)->1024K(1024K)
[178.574s][info][gc,heap        ] GC(304) ParOldGen: 6141K(1398272K)->6477K(1398272K)
[178.574s][info][gc,metaspace   ] GC(304) Metaspace: 9942K(10304K)->9942K(10304K) NonClass: 8641K(8896K)->8641K(8896K) Class: 1301K(1408K)->1301K(1408K)
[178.574s][info][gc             ] GC(304) Pause Young (Allocation Failure) 83M->7M(1443M) 1.203ms
[178.574s][info][gc,cpu         ] GC(304) User=0.00s Sys=0.00s Real=0.00s
[178.896s][info][gc,start       ] GC(305) Pause Young (Allocation Failure)
[178.897s][info][gc,heap        ] GC(305) PSYoungGen: 79360K(79360K)->1216K(79872K) Eden: 78336K(78336K)->0K(78336K) From: 1024K(1024K)->1216K(1536K)
[178.897s][info][gc,heap        ] GC(305) ParOldGen: 6477K(1398272K)->6869K(1398272K)
[178.897s][info][gc,metaspace   ] GC(305) Metaspace: 9942K(10304K)->9942K(10304K) NonClass: 8641K(8896K)->8641K(8896K) Class: 1301K(1408K)->1301K(1408K)
[178.897s][info][gc             ] GC(305) Pause Young (Allocation Failure) 83M->7M(1443M) 1.335ms
[178.897s][info][gc,cpu         ] GC(305) User=0.00s Sys=0.00s Real=0.00s
[179.217s][info][gc,start       ] GC(306) Pause Young (Allocation Failure)
[179.230s][info][gc,heap        ] GC(306) PSYoungGen: 79552K(79872K)->1024K(79360K) Eden: 78336K(78336K)->0K(78336K) From: 1216K(1536K)->1024K(1024K)
[179.230s][info][gc,heap        ] GC(306) ParOldGen: 6869K(1398272K)->7245K(1398272K)
[179.230s][info][gc,metaspace   ] GC(306) Metaspace: 9942K(10304K)->9942K(10304K) NonClass: 8641K(8896K)->8641K(8896K) Class: 1301K(1408K)->1301K(1408K)
[179.230s][info][gc             ] GC(306) Pause Young (Allocation Failure) 84M->8M(1443M) 13.047ms
[179.230s][info][gc,cpu         ] GC(306) User=0.02s Sys=0.00s Real=0.02s
[179.548s][info][gc,start       ] GC(307) Pause Young (Allocation Failure)
[179.550s][info][gc,heap        ] GC(307) PSYoungGen: 79360K(79360K)->1088K(79872K) Eden: 78336K(78336K)->0K(78336K) From: 1024K(1024K)->1088K(1536K)
[179.550s][info][gc,heap        ] GC(307) ParOldGen: 7245K(1398272K)->7245K(1398272K)
[179.550s][info][gc,metaspace   ] GC(307) Metaspace: 9942K(10304K)->9942K(10304K) NonClass: 8641K(8896K)->8641K(8896K) Class: 1301K(1408K)->1301K(1408K)
[179.550s][info][gc             ] GC(307) Pause Young (Allocation Failure) 84M->8M(1443M) 1.283ms
[179.550s][info][gc,cpu         ] GC(307) User=0.00s Sys=0.00s Real=0.00s
[179.873s][info][gc,start       ] GC(308) Pause Young (Allocation Failure)
[179.874s][info][gc,heap        ] GC(308) PSYoungGen: 79424K(79872K)->1024K(79360K) Eden: 78336K(78336K)->0K(78336K) From: 1088K(1536K)->1024K(1024K)
[179.874s][info][gc,heap        ] GC(308) ParOldGen: 7245K(1398272K)->7605K(1398272K)
[179.874s][info][gc,metaspace   ] GC(308) Metaspace: 9942K(10304K)->9942K(10304K) NonClass: 8641K(8896K)->8641K(8896K) Class: 1301K(1408K)->1301K(1408K)
[179.874s][info][gc             ] GC(308) Pause Young (Allocation Failure) 84M->8M(1443M) 1.132ms
[179.874s][info][gc,cpu         ] GC(308) User=0.00s Sys=0.00s Real=0.00s
[180.191s][info][gc,start       ] GC(309) Pause Young (Allocation Failure)
[180.192s][info][gc,heap        ] GC(309) PSYoungGen: 79360K(79360K)->992K(79360K) Eden: 78336K(78336K)->0K(78336K) From: 1024K(1024K)->992K(1024K)
[180.192s][info][gc,heap        ] GC(309) ParOldGen: 7605K(1398272K)->7981K(1398272K)
[180.192s][info][gc,metaspace   ] GC(309) Metaspace: 9942K(10304K)->9942K(10304K) NonClass: 8641K(8896K)->8641K(8896K) Class: 1301K(1408K)->1301K(1408K)
[180.192s][info][gc             ] GC(309) Pause Young (Allocation Failure) 84M->8M(1443M) 1.259ms
[180.192s][info][gc,cpu         ] GC(309) User=0.00s Sys=0.00s Real=0.00s
[180.515s][info][gc,start       ] GC(310) Pause Young (Allocation Failure)
[180.516s][info][gc,heap        ] GC(310) PSYoungGen: 79328K(79360K)->1056K(79872K) Eden: 78336K(78336K)->0K(78336K) From: 992K(1024K)->1056K(1536K)
[180.516s][info][gc,heap        ] GC(310) ParOldGen: 7981K(1398272K)->7981K(1398272K)
[180.516s][info][gc,metaspace   ] GC(310) Metaspace: 9942K(10304K)->9942K(10304K) NonClass: 8641K(8896K)->8641K(8896K) Class: 1301K(1408K)->1301K(1408K)
[180.516s][info][gc             ] GC(310) Pause Young (Allocation Failure) 85M->8M(1443M) 0.999ms
[180.516s][info][gc,cpu         ] GC(310) User=0.00s Sys=0.00s Real=0.00s
[180.847s][info][gc,start       ] GC(311) Pause Young (Allocation Failure)
[180.849s][info][gc,heap        ] GC(311) PSYoungGen: 79392K(79872K)->1056K(79872K) Eden: 78336K(78336K)->0K(78336K) From: 1056K(1536K)->1056K(1536K)
[180.849s][info][gc,heap        ] GC(311) ParOldGen: 7981K(1398272K)->7981K(1398272K)
[180.849s][info][gc,metaspace   ] GC(311) Metaspace: 9942K(10304K)->9942K(10304K) NonClass: 8641K(8896K)->8641K(8896K) Class: 1301K(1408K)->1301K(1408K)
[180.849s][info][gc             ] GC(311) Pause Young (Allocation Failure) 85M->8M(1443M) 1.345ms
[180.849s][info][gc,cpu         ] GC(311) User=0.00s Sys=0.00s Real=0.00s
[181.171s][info][gc,start       ] GC(312) Pause Young (Allocation Failure)
[181.172s][info][gc,heap        ] GC(312) PSYoungGen: 79392K(79872K)->512K(78848K) Eden: 78336K(78336K)->0K(78336K) From: 1056K(1536K)->512K(512K)
[181.172s][info][gc,heap        ] GC(312) ParOldGen: 7981K(1398272K)->8189K(1398272K)
[181.172s][info][gc,metaspace   ] GC(312) Metaspace: 9942K(10304K)->9942K(10304K) NonClass: 8641K(8896K)->8641K(8896K) Class: 1301K(1408K)->1301K(1408K)
[181.172s][info][gc             ] GC(312) Pause Young (Allocation Failure) 85M->8M(1442M) 1.043ms
[181.172s][info][gc,cpu         ] GC(312) User=0.00s Sys=0.00s Real=0.00s
[181.503s][info][gc,start       ] GC(313) Pause Young (Allocation Failure)
[181.505s][info][gc,heap        ] GC(313) PSYoungGen: 78848K(78848K)->1024K(79872K) Eden: 78336K(78336K)->0K(78336K) From: 512K(512K)->1024K(1536K)
[181.505s][info][gc,heap        ] GC(313) ParOldGen: 8189K(1398272K)->8501K(1398272K)
[181.505s][info][gc,metaspace   ] GC(313) Metaspace: 9942K(10304K)->9942K(10304K) NonClass: 8641K(8896K)->8641K(8896K) Class: 1301K(1408K)->1301K(1408K)
[181.505s][info][gc             ] GC(313) Pause Young (Allocation Failure) 84M->9M(1443M) 1.803ms
[181.505s][info][gc,cpu         ] GC(313) User=0.00s Sys=0.00s Real=0.00s
[181.827s][info][gc,start       ] GC(314) Pause Young (Allocation Failure)
[181.828s][info][gc,heap        ] GC(314) PSYoungGen: 79360K(79872K)->1056K(79872K) Eden: 78336K(78336K)->0K(78336K) From: 1024K(1536K)->1056K(1536K)
[181.828s][info][gc,heap        ] GC(314) ParOldGen: 8501K(1398272K)->8501K(1398272K)
[181.828s][info][gc,metaspace   ] GC(314) Metaspace: 9942K(10304K)->9942K(10304K) NonClass: 8641K(8896K)->8641K(8896K) Class: 1301K(1408K)->1301K(1408K)
[181.828s][info][gc             ] GC(314) Pause Young (Allocation Failure) 85M->9M(1443M) 1.095ms
[181.828s][info][gc,cpu         ] GC(314) User=0.00s Sys=0.00s Real=0.00s
[182.149s][info][gc,start       ] GC(315) Pause Young (Allocation Failure)
[182.150s][info][gc,heap        ] GC(315) PSYoungGen: 79392K(79872K)->1056K(79872K) Eden: 78336K(78336K)->0K(78336K) From: 1056K(1536K)->1056K(1536K)
[182.150s][info][gc,heap        ] GC(315) ParOldGen: 8501K(1398272K)->8621K(1398272K)
[182.150s][info][gc,metaspace   ] GC(315) Metaspace: 9942K(10304K)->9942K(10304K) NonClass: 8641K(8896K)->8641K(8896K) Class: 1301K(1408K)->1301K(1408K)
[182.150s][info][gc             ] GC(315) Pause Young (Allocation Failure) 85M->9M(1443M) 1.368ms
[182.150s][info][gc,cpu         ] GC(315) User=0.00s Sys=0.00s Real=0.00s
[182.468s][info][gc,start       ] GC(316) Pause Young (Allocation Failure)
[182.469s][info][gc,heap        ] GC(316) PSYoungGen: 79392K(79872K)->512K(78848K) Eden: 78336K(78336K)->0K(78336K) From: 1056K(1536K)->512K(512K)
[182.469s][info][gc,heap        ] GC(316) ParOldGen: 8621K(1398272K)->9109K(1398272K)
[182.469s][info][gc,metaspace   ] GC(316) Metaspace: 9942K(10304K)->9942K(10304K) NonClass: 8641K(8896K)->8641K(8896K) Class: 1301K(1408K)->1301K(1408K)
[182.470s][info][gc             ] GC(316) Pause Young (Allocation Failure) 85M->9M(1442M) 1.136ms
[182.470s][info][gc,cpu         ] GC(316) User=0.00s Sys=0.00s Real=0.00s
[182.786s][info][gc,start       ] GC(317) Pause Young (Allocation Failure)
[182.787s][info][gc,heap        ] GC(317) PSYoungGen: 78848K(78848K)->992K(79872K) Eden: 78336K(78336K)->0K(78336K) From: 512K(512K)->992K(1536K)
[182.787s][info][gc,heap        ] GC(317) ParOldGen: 9109K(1398272K)->9437K(1398272K)
[182.787s][info][gc,metaspace   ] GC(317) Metaspace: 9942K(10304K)->9942K(10304K) NonClass: 8641K(8896K)->8641K(8896K) Class: 1301K(1408K)->1301K(1408K)
[182.787s][info][gc             ] GC(317) Pause Young (Allocation Failure) 85M->10M(1443M) 1.270ms
[182.787s][info][gc,cpu         ] GC(317) User=0.00s Sys=0.00s Real=0.00s
[183.113s][info][gc,start       ] GC(318) Pause Young (Allocation Failure)
[183.114s][info][gc,heap        ] GC(318) PSYoungGen: 79328K(79872K)->1056K(79872K) Eden: 78336K(78336K)->0K(78336K) From: 992K(1536K)->1056K(1536K)
[183.114s][info][gc,heap        ] GC(318) ParOldGen: 9437K(1398272K)->9437K(1398272K)
[183.114s][info][gc,metaspace   ] GC(318) Metaspace: 9942K(10304K)->9942K(10304K) NonClass: 8641K(8896K)->8641K(8896K) Class: 1301K(1408K)->1301K(1408K)
[183.114s][info][gc             ] GC(318) Pause Young (Allocation Failure) 86M->10M(1443M) 1.073ms
[183.114s][info][gc,cpu         ] GC(318) User=0.00s Sys=0.00s Real=0.00s
[183.428s][info][gc,start       ] GC(319) Pause Young (Allocation Failure)
[183.429s][info][gc,heap        ] GC(319) PSYoungGen: 79392K(79872K)->1024K(79360K) Eden: 78336K(78336K)->0K(78336K) From: 1056K(1536K)->1024K(1024K)
[183.429s][info][gc,heap        ] GC(319) ParOldGen: 9437K(1398272K)->9789K(1398272K)
[183.429s][info][gc,metaspace   ] GC(319) Metaspace: 9942K(10304K)->9942K(10304K) NonClass: 8641K(8896K)->8641K(8896K) Class: 1301K(1408K)->1301K(1408K)
[183.429s][info][gc             ] GC(319) Pause Young (Allocation Failure) 86M->10M(1443M) 1.409ms
[183.430s][info][gc,cpu         ] GC(319) User=0.00s Sys=0.00s Real=0.00s
[183.717s][info][gc,start       ] GC(320) Pause Young (System.gc())
[183.718s][info][gc,heap        ] GC(320) PSYoungGen: 72128K(79360K)->1024K(79360K) Eden: 71104K(78336K)->0K(78336K) From: 1024K(1024K)->1024K(1024K)
[183.718s][info][gc,heap        ] GC(320) ParOldGen: 9789K(1398272K)->9805K(1398272K)
[183.718s][info][gc,metaspace   ] GC(320) Metaspace: 9945K(10304K)->9945K(10304K) NonClass: 8644K(8896K)->8644K(8896K) Class: 1301K(1408K)->1301K(1408K)
[183.718s][info][gc             ] GC(320) Pause Young (System.gc()) 79M->10M(1443M) 0.933ms
[183.718s][info][gc,cpu         ] GC(320) User=0.00s Sys=0.00s Real=0.00s
[183.718s][info][gc,start       ] GC(321) Pause Full (System.gc())
[183.718s][info][gc,phases,start] GC(321) Marking Phase
[183.734s][info][gc,phases      ] GC(321) Marking Phase 16.446ms
[183.734s][info][gc,phases,start] GC(321) Summary Phase
[183.734s][info][gc,phases      ] GC(321) Summary Phase 0.030ms
[183.734s][info][gc,phases,start] GC(321) Adjust Roots
[183.738s][info][gc,phases      ] GC(321) Adjust Roots 4.010ms
[183.738s][info][gc,phases,start] GC(321) Compaction Phase
[183.742s][info][gc,phases      ] GC(321) Compaction Phase 4.019ms
[183.742s][info][gc,phases,start] GC(321) Post Compact
[183.743s][info][gc,phases      ] GC(321) Post Compact 0.774ms
[183.743s][info][gc,heap        ] GC(321) PSYoungGen: 1024K(79360K)->0K(79360K) Eden: 0K(78336K)->0K(78336K) From: 1024K(1024K)->0K(1024K)
[183.743s][info][gc,heap        ] GC(321) ParOldGen: 9805K(1398272K)->4077K(1398272K)
[183.743s][info][gc,metaspace   ] GC(321) Metaspace: 9945K(10304K)->9945K(10304K) NonClass: 8644K(8896K)->8644K(8896K) Class: 1301K(1408K)->1301K(1408K)
[183.743s][info][gc             ] GC(321) Pause Full (System.gc()) 10M->3M(1443M) 25.551ms
[183.743s][info][gc,cpu         ] GC(321) User=0.53s Sys=0.00s Real=0.03s
[184.069s][info][gc,start       ] GC(322) Pause Young (Allocation Failure)
[184.071s][info][gc,heap        ] GC(322) PSYoungGen: 78336K(79360K)->1536K(79872K) Eden: 78336K(78336K)->0K(78336K) From: 0K(1024K)->1536K(1536K)
[184.071s][info][gc,heap        ] GC(322) ParOldGen: 4077K(1398272K)->4173K(1398272K)
[184.071s][info][gc,metaspace   ] GC(322) Metaspace: 9945K(10304K)->9945K(10304K) NonClass: 8644K(8896K)->8644K(8896K) Class: 1301K(1408K)->1301K(1408K)
[184.071s][info][gc             ] GC(322) Pause Young (Allocation Failure) 80M->5M(1443M) 1.475ms
[184.071s][info][gc,cpu         ] GC(322) User=0.00s Sys=0.02s Real=0.01s
[184.393s][info][gc,start       ] GC(323) Pause Young (Allocation Failure)
[184.394s][info][gc,heap        ] GC(323) PSYoungGen: 79872K(79872K)->1024K(79360K) Eden: 78336K(78336K)->0K(78336K) From: 1536K(1536K)->1024K(1024K)
[184.394s][info][gc,heap        ] GC(323) ParOldGen: 4173K(1398272K)->4597K(1398272K)
[184.394s][info][gc,metaspace   ] GC(323) Metaspace: 9945K(10304K)->9945K(10304K) NonClass: 8644K(8896K)->8644K(8896K) Class: 1301K(1408K)->1301K(1408K)
[184.394s][info][gc             ] GC(323) Pause Young (Allocation Failure) 82M->5M(1443M) 1.291ms
[184.394s][info][gc,cpu         ] GC(323) User=0.00s Sys=0.00s Real=0.00s
[184.723s][info][gc,start       ] GC(324) Pause Young (Allocation Failure)
[184.724s][info][gc,heap        ] GC(324) PSYoungGen: 79360K(79360K)->1184K(80384K) Eden: 78336K(78336K)->0K(78336K) From: 1024K(1024K)->1184K(2048K)
[184.724s][info][gc,heap        ] GC(324) ParOldGen: 4597K(1398272K)->5213K(1398272K)
[184.724s][info][gc,metaspace   ] GC(324) Metaspace: 9945K(10304K)->9945K(10304K) NonClass: 8644K(8896K)->8644K(8896K) Class: 1301K(1408K)->1301K(1408K)
[184.724s][info][gc             ] GC(324) Pause Young (Allocation Failure) 81M->6M(1444M) 1.428ms
[184.724s][info][gc,cpu         ] GC(324) User=0.00s Sys=0.00s Real=0.00s
[185.037s][info][gc,start       ] GC(325) Pause Young (Allocation Failure)
[185.038s][info][gc,heap        ] GC(325) PSYoungGen: 79520K(80384K)->960K(79360K) Eden: 78336K(78336K)->0K(78336K) From: 1184K(2048K)->960K(1024K)
[185.038s][info][gc,heap        ] GC(325) ParOldGen: 5213K(1398272K)->5581K(1398272K)
[185.038s][info][gc,metaspace   ] GC(325) Metaspace: 9945K(10304K)->9945K(10304K) NonClass: 8644K(8896K)->8644K(8896K) Class: 1301K(1408K)->1301K(1408K)
[185.038s][info][gc             ] GC(325) Pause Young (Allocation Failure) 82M->6M(1443M) 1.303ms
[185.038s][info][gc,cpu         ] GC(325) User=0.00s Sys=0.00s Real=0.00s
[185.359s][info][gc,start       ] GC(326) Pause Young (Allocation Failure)
[185.360s][info][gc,heap        ] GC(326) PSYoungGen: 79296K(79360K)->1440K(79872K) Eden: 78336K(78336K)->0K(78336K) From: 960K(1024K)->1440K(1536K)
[185.360s][info][gc,heap        ] GC(326) ParOldGen: 5581K(1398272K)->5653K(1398272K)
[185.360s][info][gc,metaspace   ] GC(326) Metaspace: 9945K(10304K)->9945K(10304K) NonClass: 8644K(8896K)->8644K(8896K) Class: 1301K(1408K)->1301K(1408K)
[185.361s][info][gc             ] GC(326) Pause Young (Allocation Failure) 82M->6M(1443M) 1.219ms
[185.361s][info][gc,cpu         ] GC(326) User=0.00s Sys=0.00s Real=0.00s
[185.678s][info][gc,start       ] GC(327) Pause Young (Allocation Failure)
[185.679s][info][gc,heap        ] GC(327) PSYoungGen: 79776K(79872K)->1024K(79360K) Eden: 78336K(78336K)->0K(78336K) From: 1440K(1536K)->1024K(1024K)
[185.679s][info][gc,heap        ] GC(327) ParOldGen: 5653K(1398272K)->6189K(1398272K)
[185.679s][info][gc,metaspace   ] GC(327) Metaspace: 9945K(10304K)->9945K(10304K) NonClass: 8644K(8896K)->8644K(8896K) Class: 1301K(1408K)->1301K(1408K)
[185.680s][info][gc             ] GC(327) Pause Young (Allocation Failure) 83M->7M(1443M) 1.253ms
[185.680s][info][gc,cpu         ] GC(327) User=0.00s Sys=0.00s Real=0.00s
[186.005s][info][gc,start       ] GC(328) Pause Young (Allocation Failure)
[186.006s][info][gc,heap        ] GC(328) PSYoungGen: 79360K(79360K)->1056K(79872K) Eden: 78336K(78336K)->0K(78336K) From: 1024K(1024K)->1056K(1536K)
[186.006s][info][gc,heap        ] GC(328) ParOldGen: 6189K(1398272K)->6557K(1398272K)
[186.006s][info][gc,metaspace   ] GC(328) Metaspace: 9945K(10304K)->9945K(10304K) NonClass: 8644K(8896K)->8644K(8896K) Class: 1301K(1408K)->1301K(1408K)
[186.006s][info][gc             ] GC(328) Pause Young (Allocation Failure) 83M->7M(1443M) 1.235ms
[186.006s][info][gc,cpu         ] GC(328) User=0.00s Sys=0.00s Real=0.00s
[186.328s][info][gc,start       ] GC(329) Pause Young (Allocation Failure)
[186.329s][info][gc,heap        ] GC(329) PSYoungGen: 79392K(79872K)->1056K(79872K) Eden: 78336K(78336K)->0K(78336K) From: 1056K(1536K)->1056K(1536K)
[186.329s][info][gc,heap        ] GC(329) ParOldGen: 6557K(1398272K)->6557K(1398272K)
[186.329s][info][gc,metaspace   ] GC(329) Metaspace: 9945K(10304K)->9945K(10304K) NonClass: 8644K(8896K)->8644K(8896K) Class: 1301K(1408K)->1301K(1408K)
[186.330s][info][gc             ] GC(329) Pause Young (Allocation Failure) 83M->7M(1443M) 1.224ms
[186.330s][info][gc,cpu         ] GC(329) User=0.00s Sys=0.00s Real=0.00s
[186.647s][info][gc,start       ] GC(330) Pause Young (Allocation Failure)
[186.648s][info][gc,heap        ] GC(330) PSYoungGen: 79392K(79872K)->1024K(79360K) Eden: 78336K(78336K)->0K(78336K) From: 1056K(1536K)->1024K(1024K)
[186.648s][info][gc,heap        ] GC(330) ParOldGen: 6557K(1398272K)->6917K(1398272K)
[186.648s][info][gc,metaspace   ] GC(330) Metaspace: 9945K(10304K)->9945K(10304K) NonClass: 8644K(8896K)->8644K(8896K) Class: 1301K(1408K)->1301K(1408K)
[186.648s][info][gc             ] GC(330) Pause Young (Allocation Failure) 83M->7M(1443M) 1.358ms
[186.648s][info][gc,cpu         ] GC(330) User=0.00s Sys=0.00s Real=0.00s
[186.971s][info][gc,start       ] GC(331) Pause Young (Allocation Failure)
[186.972s][info][gc,heap        ] GC(331) PSYoungGen: 79360K(79360K)->1056K(79872K) Eden: 78336K(78336K)->0K(78336K) From: 1024K(1024K)->1056K(1536K)
[186.972s][info][gc,heap        ] GC(331) ParOldGen: 6917K(1398272K)->6917K(1398272K)
[186.972s][info][gc,metaspace   ] GC(331) Metaspace: 9945K(10304K)->9945K(10304K) NonClass: 8644K(8896K)->8644K(8896K) Class: 1301K(1408K)->1301K(1408K)
[186.972s][info][gc             ] GC(331) Pause Young (Allocation Failure) 84M->7M(1443M) 1.154ms
[186.972s][info][gc,cpu         ] GC(331) User=0.00s Sys=0.00s Real=0.00s
[187.290s][info][gc,start       ] GC(332) Pause Young (Allocation Failure)
[187.291s][info][gc,heap        ] GC(332) PSYoungGen: 79392K(79872K)->1056K(79872K) Eden: 78336K(78336K)->0K(78336K) From: 1056K(1536K)->1056K(1536K)
[187.291s][info][gc,heap        ] GC(332) ParOldGen: 6917K(1398272K)->6917K(1398272K)
[187.291s][info][gc,metaspace   ] GC(332) Metaspace: 9945K(10304K)->9945K(10304K) NonClass: 8644K(8896K)->8644K(8896K) Class: 1301K(1408K)->1301K(1408K)
[187.291s][info][gc             ] GC(332) Pause Young (Allocation Failure) 84M->7M(1443M) 1.372ms
[187.291s][info][gc,cpu         ] GC(332) User=0.00s Sys=0.00s Real=0.00s
[187.612s][info][gc,start       ] GC(333) Pause Young (Allocation Failure)
[187.613s][info][gc,heap        ] GC(333) PSYoungGen: 79392K(79872K)->1056K(79872K) Eden: 78336K(78336K)->0K(78336K) From: 1056K(1536K)->1056K(1536K)
[187.613s][info][gc,heap        ] GC(333) ParOldGen: 6917K(1398272K)->6917K(1398272K)
[187.613s][info][gc,metaspace   ] GC(333) Metaspace: 9945K(10304K)->9945K(10304K) NonClass: 8644K(8896K)->8644K(8896K) Class: 1301K(1408K)->1301K(1408K)
[187.613s][info][gc             ] GC(333) Pause Young (Allocation Failure) 84M->7M(1443M) 0.972ms
[187.613s][info][gc,cpu         ] GC(333) User=0.00s Sys=0.00s Real=0.00s
[187.942s][info][gc,start       ] GC(334) Pause Young (Allocation Failure)
[187.943s][info][gc,heap        ] GC(334) PSYoungGen: 79392K(79872K)->1056K(79872K) Eden: 78336K(78336K)->0K(78336K) From: 1056K(1536K)->1056K(1536K)
[187.943s][info][gc,heap        ] GC(334) ParOldGen: 6917K(1398272K)->6917K(1398272K)
[187.943s][info][gc,metaspace   ] GC(334) Metaspace: 9945K(10304K)->9945K(10304K) NonClass: 8644K(8896K)->8644K(8896K) Class: 1301K(1408K)->1301K(1408K)
[187.943s][info][gc             ] GC(334) Pause Young (Allocation Failure) 84M->7M(1443M) 1.311ms
[187.943s][info][gc,cpu         ] GC(334) User=0.00s Sys=0.00s Real=0.00s
[188.266s][info][gc,start       ] GC(335) Pause Young (Allocation Failure)
[188.267s][info][gc,heap        ] GC(335) PSYoungGen: 79392K(79872K)->1056K(79872K) Eden: 78336K(78336K)->0K(78336K) From: 1056K(1536K)->1056K(1536K)
[188.267s][info][gc,heap        ] GC(335) ParOldGen: 6917K(1398272K)->6917K(1398272K)
[188.267s][info][gc,metaspace   ] GC(335) Metaspace: 9945K(10304K)->9945K(10304K) NonClass: 8644K(8896K)->8644K(8896K) Class: 1301K(1408K)->1301K(1408K)
[188.267s][info][gc             ] GC(335) Pause Young (Allocation Failure) 84M->7M(1443M) 1.038ms
[188.267s][info][gc,cpu         ] GC(335) User=0.00s Sys=0.00s Real=0.00s
[188.588s][info][gc,start       ] GC(336) Pause Young (Allocation Failure)
[188.589s][info][gc,heap        ] GC(336) PSYoungGen: 79392K(79872K)->1056K(79872K) Eden: 78336K(78336K)->0K(78336K) From: 1056K(1536K)->1056K(1536K)
[188.589s][info][gc,heap        ] GC(336) ParOldGen: 6917K(1398272K)->6917K(1398272K)
[188.589s][info][gc,metaspace   ] GC(336) Metaspace: 9945K(10304K)->9945K(10304K) NonClass: 8644K(8896K)->8644K(8896K) Class: 1301K(1408K)->1301K(1408K)
[188.589s][info][gc             ] GC(336) Pause Young (Allocation Failure) 84M->7M(1443M) 1.334ms
[188.589s][info][gc,cpu         ] GC(336) User=0.00s Sys=0.00s Real=0.00s
[188.913s][info][gc,start       ] GC(337) Pause Young (Allocation Failure)
[188.914s][info][gc,heap        ] GC(337) PSYoungGen: 79392K(79872K)->512K(78848K) Eden: 78336K(78336K)->0K(78336K) From: 1056K(1536K)->512K(512K)
[188.914s][info][gc,heap        ] GC(337) ParOldGen: 6917K(1398272K)->7173K(1398272K)
[188.914s][info][gc,metaspace   ] GC(337) Metaspace: 9945K(10304K)->9945K(10304K) NonClass: 8644K(8896K)->8644K(8896K) Class: 1301K(1408K)->1301K(1408K)
[188.914s][info][gc             ] GC(337) Pause Young (Allocation Failure) 84M->7M(1442M) 1.115ms
[188.914s][info][gc,cpu         ] GC(337) User=0.00s Sys=0.00s Real=0.00s
[189.242s][info][gc,start       ] GC(338) Pause Young (Allocation Failure)
[189.243s][info][gc,heap        ] GC(338) PSYoungGen: 78848K(78848K)->992K(79872K) Eden: 78336K(78336K)->0K(78336K) From: 512K(512K)->992K(1536K)
[189.243s][info][gc,heap        ] GC(338) ParOldGen: 7173K(1398272K)->7493K(1398272K)
[189.243s][info][gc,metaspace   ] GC(338) Metaspace: 9945K(10304K)->9945K(10304K) NonClass: 8644K(8896K)->8644K(8896K) Class: 1301K(1408K)->1301K(1408K)
[189.243s][info][gc             ] GC(338) Pause Young (Allocation Failure) 84M->8M(1443M) 1.566ms
[189.243s][info][gc,cpu         ] GC(338) User=0.00s Sys=0.00s Real=0.00s
[189.552s][info][gc,start       ] GC(339) Pause Young (Allocation Failure)
[189.553s][info][gc,heap        ] GC(339) PSYoungGen: 79328K(79872K)->1056K(79872K) Eden: 78336K(78336K)->0K(78336K) From: 992K(1536K)->1056K(1536K)
[189.553s][info][gc,heap        ] GC(339) ParOldGen: 7493K(1398272K)->7613K(1398272K)
[189.553s][info][gc,metaspace   ] GC(339) Metaspace: 9945K(10304K)->9945K(10304K) NonClass: 8644K(8896K)->8644K(8896K) Class: 1301K(1408K)->1301K(1408K)
[189.553s][info][gc             ] GC(339) Pause Young (Allocation Failure) 84M->8M(1443M) 1.105ms
[189.553s][info][gc,cpu         ] GC(339) User=0.00s Sys=0.00s Real=0.00s
[189.863s][info][gc,start       ] GC(340) Pause Young (Allocation Failure)
[189.864s][info][gc,heap        ] GC(340) PSYoungGen: 79392K(79872K)->1056K(79872K) Eden: 78336K(78336K)->0K(78336K) From: 1056K(1536K)->1056K(1536K)
[189.864s][info][gc,heap        ] GC(340) ParOldGen: 7613K(1398272K)->7613K(1398272K)
[189.864s][info][gc,metaspace   ] GC(340) Metaspace: 9945K(10304K)->9945K(10304K) NonClass: 8644K(8896K)->8644K(8896K) Class: 1301K(1408K)->1301K(1408K)
[189.864s][info][gc             ] GC(340) Pause Young (Allocation Failure) 84M->8M(1443M) 1.313ms
[189.864s][info][gc,cpu         ] GC(340) User=0.00s Sys=0.00s Real=0.00s
[190.176s][info][gc,start       ] GC(341) Pause Young (Allocation Failure)
[190.177s][info][gc,heap        ] GC(341) PSYoungGen: 79392K(79872K)->512K(78848K) Eden: 78336K(78336K)->0K(78336K) From: 1056K(1536K)->512K(512K)
[190.177s][info][gc,heap        ] GC(341) ParOldGen: 7613K(1398272K)->7941K(1398272K)
[190.177s][info][gc,metaspace   ] GC(341) Metaspace: 9945K(10304K)->9945K(10304K) NonClass: 8644K(8896K)->8644K(8896K) Class: 1301K(1408K)->1301K(1408K)
[190.177s][info][gc             ] GC(341) Pause Young (Allocation Failure) 84M->8M(1442M) 1.143ms
[190.177s][info][gc,cpu         ] GC(341) User=0.00s Sys=0.00s Real=0.00s
[190.469s][info][gc,start       ] GC(342) Pause Young (System.gc())
[190.470s][info][gc,heap        ] GC(342) PSYoungGen: 69447K(78848K)->1088K(79872K) Eden: 68935K(78336K)->0K(78336K) From: 512K(512K)->1088K(1536K)
[190.470s][info][gc,heap        ] GC(342) ParOldGen: 7941K(1398272K)->8453K(1398272K)
[190.470s][info][gc,metaspace   ] GC(342) Metaspace: 9945K(10304K)->9945K(10304K) NonClass: 8644K(8896K)->8644K(8896K) Class: 1301K(1408K)->1301K(1408K)
[190.470s][info][gc             ] GC(342) Pause Young (System.gc()) 75M->9M(1443M) 1.774ms
[190.470s][info][gc,cpu         ] GC(342) User=0.00s Sys=0.00s Real=0.00s
[190.471s][info][gc,start       ] GC(343) Pause Full (System.gc())
[190.471s][info][gc,phases,start] GC(343) Marking Phase
[190.485s][info][gc,phases      ] GC(343) Marking Phase 14.066ms
[190.485s][info][gc,phases,start] GC(343) Summary Phase
[190.485s][info][gc,phases      ] GC(343) Summary Phase 0.022ms
[190.485s][info][gc,phases,start] GC(343) Adjust Roots
[190.488s][info][gc,phases      ] GC(343) Adjust Roots 3.377ms
[190.488s][info][gc,phases,start] GC(343) Compaction Phase
[190.492s][info][gc,phases      ] GC(343) Compaction Phase 3.620ms
[190.492s][info][gc,phases,start] GC(343) Post Compact
[190.492s][info][gc,phases      ] GC(343) Post Compact 0.564ms
[190.492s][info][gc,heap        ] GC(343) PSYoungGen: 1088K(79872K)->0K(79872K) Eden: 0K(78336K)->0K(78336K) From: 1088K(1536K)->0K(1536K)
[190.492s][info][gc,heap        ] GC(343) ParOldGen: 8453K(1398272K)->4077K(1398272K)
[190.492s][info][gc,metaspace   ] GC(343) Metaspace: 9945K(10304K)->9945K(10304K) NonClass: 8644K(8896K)->8644K(8896K) Class: 1301K(1408K)->1301K(1408K)
[190.493s][info][gc             ] GC(343) Pause Full (System.gc()) 9M->3M(1443M) 21.899ms
[190.493s][info][gc,cpu         ] GC(343) User=0.52s Sys=0.00s Real=0.02s
[190.814s][info][gc,start       ] GC(344) Pause Young (Allocation Failure)
[190.815s][info][gc,heap        ] GC(344) PSYoungGen: 78336K(79872K)->1536K(79872K) Eden: 78336K(78336K)->0K(78336K) From: 0K(1536K)->1536K(1536K)
[190.815s][info][gc,heap        ] GC(344) ParOldGen: 4077K(1398272K)->4173K(1398272K)
[190.815s][info][gc,metaspace   ] GC(344) Metaspace: 9945K(10304K)->9945K(10304K) NonClass: 8644K(8896K)->8644K(8896K) Class: 1301K(1408K)->1301K(1408K)
[190.815s][info][gc             ] GC(344) Pause Young (Allocation Failure) 80M->5M(1443M) 1.260ms
[190.816s][info][gc,cpu         ] GC(344) User=0.00s Sys=0.00s Real=0.00s
[191.141s][info][gc,start       ] GC(345) Pause Young (Allocation Failure)
[191.142s][info][gc,heap        ] GC(345) PSYoungGen: 79872K(79872K)->1280K(79872K) Eden: 78336K(78336K)->0K(78336K) From: 1536K(1536K)->1280K(1536K)
[191.143s][info][gc,heap        ] GC(345) ParOldGen: 4173K(1398272K)->4733K(1398272K)
[191.143s][info][gc,metaspace   ] GC(345) Metaspace: 9945K(10304K)->9945K(10304K) NonClass: 8644K(8896K)->8644K(8896K) Class: 1301K(1408K)->1301K(1408K)
[191.143s][info][gc             ] GC(345) Pause Young (Allocation Failure) 82M->5M(1443M) 1.649ms
[191.143s][info][gc,cpu         ] GC(345) User=0.00s Sys=0.00s Real=0.00s
[191.469s][info][gc,start       ] GC(346) Pause Young (Allocation Failure)
[191.470s][info][gc,heap        ] GC(346) PSYoungGen: 79616K(79872K)->1280K(79872K) Eden: 78336K(78336K)->0K(78336K) From: 1280K(1536K)->1280K(1536K)
[191.470s][info][gc,heap        ] GC(346) ParOldGen: 4733K(1398272K)->5277K(1398272K)
[191.470s][info][gc,metaspace   ] GC(346) Metaspace: 9945K(10304K)->9945K(10304K) NonClass: 8644K(8896K)->8644K(8896K) Class: 1301K(1408K)->1301K(1408K)
[191.470s][info][gc             ] GC(346) Pause Young (Allocation Failure) 82M->6M(1443M) 1.269ms
[191.470s][info][gc,cpu         ] GC(346) User=0.00s Sys=0.00s Real=0.00s
[191.784s][info][gc,start       ] GC(347) Pause Young (Allocation Failure)
[191.785s][info][gc,heap        ] GC(347) PSYoungGen: 79616K(79872K)->1056K(79872K) Eden: 78336K(78336K)->0K(78336K) From: 1280K(1536K)->1056K(1536K)
[191.785s][info][gc,heap        ] GC(347) ParOldGen: 5277K(1398272K)->5613K(1398272K)
[191.785s][info][gc,metaspace   ] GC(347) Metaspace: 9945K(10304K)->9945K(10304K) NonClass: 8644K(8896K)->8644K(8896K) Class: 1301K(1408K)->1301K(1408K)
[191.785s][info][gc             ] GC(347) Pause Young (Allocation Failure) 82M->6M(1443M) 1.378ms
[191.785s][info][gc,cpu         ] GC(347) User=0.00s Sys=0.00s Real=0.00s
[192.100s][info][gc,start       ] GC(348) Pause Young (Allocation Failure)
[192.101s][info][gc,heap        ] GC(348) PSYoungGen: 79392K(79872K)->1056K(79872K) Eden: 78336K(78336K)->0K(78336K) From: 1056K(1536K)->1056K(1536K)
[192.101s][info][gc,heap        ] GC(348) ParOldGen: 5613K(1398272K)->5613K(1398272K)
[192.101s][info][gc,metaspace   ] GC(348) Metaspace: 9945K(10304K)->9945K(10304K) NonClass: 8644K(8896K)->8644K(8896K) Class: 1301K(1408K)->1301K(1408K)
[192.101s][info][gc             ] GC(348) Pause Young (Allocation Failure) 83M->6M(1443M) 1.097ms
[192.101s][info][gc,cpu         ] GC(348) User=0.00s Sys=0.00s Real=0.00s
[192.420s][info][gc,start       ] GC(349) Pause Young (Allocation Failure)
[192.421s][info][gc,heap        ] GC(349) PSYoungGen: 79392K(79872K)->1056K(79872K) Eden: 78336K(78336K)->0K(78336K) From: 1056K(1536K)->1056K(1536K)
[192.421s][info][gc,heap        ] GC(349) ParOldGen: 5613K(1398272K)->5637K(1398272K)
[192.421s][info][gc,metaspace   ] GC(349) Metaspace: 9945K(10304K)->9945K(10304K) NonClass: 8644K(8896K)->8644K(8896K) Class: 1301K(1408K)->1301K(1408K)
[192.421s][info][gc             ] GC(349) Pause Young (Allocation Failure) 83M->6M(1443M) 1.366ms
[192.421s][info][gc,cpu         ] GC(349) User=0.00s Sys=0.00s Real=0.00s
[192.740s][info][gc,start       ] GC(350) Pause Young (Allocation Failure)
[192.741s][info][gc,heap        ] GC(350) PSYoungGen: 79392K(79872K)->512K(78848K) Eden: 78336K(78336K)->0K(78336K) From: 1056K(1536K)->512K(512K)
[192.741s][info][gc,heap        ] GC(350) ParOldGen: 5637K(1398272K)->6205K(1398272K)
[192.741s][info][gc,metaspace   ] GC(350) Metaspace: 9945K(10304K)->9945K(10304K) NonClass: 8644K(8896K)->8644K(8896K) Class: 1301K(1408K)->1301K(1408K)
[192.741s][info][gc             ] GC(350) Pause Young (Allocation Failure) 83M->6M(1442M) 1.238ms
[192.741s][info][gc,cpu         ] GC(350) User=0.00s Sys=0.00s Real=0.00s
[193.061s][info][gc,start       ] GC(351) Pause Young (Allocation Failure)
[193.062s][info][gc,heap        ] GC(351) PSYoungGen: 78848K(78848K)->1280K(79872K) Eden: 78336K(78336K)->0K(78336K) From: 512K(512K)->1280K(1536K)
[193.063s][info][gc,heap        ] GC(351) ParOldGen: 6205K(1398272K)->6749K(1398272K)
[193.063s][info][gc,metaspace   ] GC(351) Metaspace: 9945K(10304K)->9945K(10304K) NonClass: 8644K(8896K)->8644K(8896K) Class: 1301K(1408K)->1301K(1408K)
[193.063s][info][gc             ] GC(351) Pause Young (Allocation Failure) 83M->7M(1443M) 1.397ms
[193.063s][info][gc,cpu         ] GC(351) User=0.00s Sys=0.00s Real=0.00s
[193.382s][info][gc,start       ] GC(352) Pause Young (Allocation Failure)
[193.383s][info][gc,heap        ] GC(352) PSYoungGen: 79616K(79872K)->1120K(79872K) Eden: 78336K(78336K)->0K(78336K) From: 1280K(1536K)->1120K(1536K)
[193.383s][info][gc,heap        ] GC(352) ParOldGen: 6749K(1398272K)->6957K(1398272K)
[193.383s][info][gc,metaspace   ] GC(352) Metaspace: 9945K(10304K)->9945K(10304K) NonClass: 8644K(8896K)->8644K(8896K) Class: 1301K(1408K)->1301K(1408K)
[193.383s][info][gc             ] GC(352) Pause Young (Allocation Failure) 84M->7M(1443M) 1.143ms
[193.384s][info][gc,cpu         ] GC(352) User=0.00s Sys=0.00s Real=0.00s
[193.709s][info][gc,start       ] GC(353) Pause Young (Allocation Failure)
[193.710s][info][gc,heap        ] GC(353) PSYoungGen: 79456K(79872K)->1056K(79872K) Eden: 78336K(78336K)->0K(78336K) From: 1120K(1536K)->1056K(1536K)
[193.710s][info][gc,heap        ] GC(353) ParOldGen: 6957K(1398272K)->7429K(1398272K)
[193.710s][info][gc,metaspace   ] GC(353) Metaspace: 9945K(10304K)->9945K(10304K) NonClass: 8644K(8896K)->8644K(8896K) Class: 1301K(1408K)->1301K(1408K)
[193.710s][info][gc             ] GC(353) Pause Young (Allocation Failure) 84M->8M(1443M) 1.542ms
[193.711s][info][gc,cpu         ] GC(353) User=0.00s Sys=0.00s Real=0.00s
[194.023s][info][gc,start       ] GC(354) Pause Young (Allocation Failure)
[194.024s][info][gc,heap        ] GC(354) PSYoungGen: 79392K(79872K)->512K(78848K) Eden: 78336K(78336K)->0K(78336K) From: 1056K(1536K)->512K(512K)
[194.024s][info][gc,heap        ] GC(354) ParOldGen: 7429K(1398272K)->7685K(1398272K)
[194.024s][info][gc,metaspace   ] GC(354) Metaspace: 9945K(10304K)->9945K(10304K) NonClass: 8644K(8896K)->8644K(8896K) Class: 1301K(1408K)->1301K(1408K)
[194.024s][info][gc             ] GC(354) Pause Young (Allocation Failure) 84M->8M(1442M) 1.028ms
[194.024s][info][gc,cpu         ] GC(354) User=0.00s Sys=0.00s Real=0.00s
[194.344s][info][gc,start       ] GC(355) Pause Young (Allocation Failure)
[194.345s][info][gc,heap        ] GC(355) PSYoungGen: 78848K(78848K)->1152K(79872K) Eden: 78336K(78336K)->0K(78336K) From: 512K(512K)->1152K(1536K)
[194.345s][info][gc,heap        ] GC(355) ParOldGen: 7685K(1398272K)->8077K(1398272K)
[194.345s][info][gc,metaspace   ] GC(355) Metaspace: 9945K(10304K)->9945K(10304K) NonClass: 8644K(8896K)->8644K(8896K) Class: 1301K(1408K)->1301K(1408K)
[194.345s][info][gc             ] GC(355) Pause Young (Allocation Failure) 84M->9M(1443M) 1.534ms
[194.345s][info][gc,cpu         ] GC(355) User=0.50s Sys=0.00s Real=0.01s
[194.656s][info][gc,start       ] GC(356) Pause Young (Allocation Failure)
[194.658s][info][gc,heap        ] GC(356) PSYoungGen: 79488K(79872K)->1024K(79360K) Eden: 78336K(78336K)->0K(78336K) From: 1152K(1536K)->1024K(1024K)
[194.658s][info][gc,heap        ] GC(356) ParOldGen: 8077K(1398272K)->8429K(1398272K)
[194.658s][info][gc,metaspace   ] GC(356) Metaspace: 9945K(10304K)->9945K(10304K) NonClass: 8644K(8896K)->8644K(8896K) Class: 1301K(1408K)->1301K(1408K)
[194.658s][info][gc             ] GC(356) Pause Young (Allocation Failure) 85M->9M(1443M) 1.306ms
[194.658s][info][gc,cpu         ] GC(356) User=0.52s Sys=0.00s Real=0.02s
[194.985s][info][gc,start       ] GC(357) Pause Young (Allocation Failure)
[194.986s][info][gc,heap        ] GC(357) PSYoungGen: 79360K(79360K)->1088K(79872K) Eden: 78336K(78336K)->0K(78336K) From: 1024K(1024K)->1088K(1536K)
[194.986s][info][gc,heap        ] GC(357) ParOldGen: 8429K(1398272K)->8429K(1398272K)
[194.986s][info][gc,metaspace   ] GC(357) Metaspace: 9945K(10304K)->9945K(10304K) NonClass: 8644K(8896K)->8644K(8896K) Class: 1301K(1408K)->1301K(1408K)
[194.986s][info][gc             ] GC(357) Pause Young (Allocation Failure) 85M->9M(1443M) 1.281ms
[194.986s][info][gc,cpu         ] GC(357) User=0.00s Sys=0.00s Real=0.00s
[195.317s][info][gc,start       ] GC(358) Pause Young (Allocation Failure)
[195.318s][info][gc,heap        ] GC(358) PSYoungGen: 79424K(79872K)->1024K(79360K) Eden: 78336K(78336K)->0K(78336K) From: 1088K(1536K)->1024K(1024K)
[195.318s][info][gc,heap        ] GC(358) ParOldGen: 8429K(1398272K)->8773K(1398272K)
[195.318s][info][gc,metaspace   ] GC(358) Metaspace: 9945K(10304K)->9945K(10304K) NonClass: 8644K(8896K)->8644K(8896K) Class: 1301K(1408K)->1301K(1408K)
[195.319s][info][gc             ] GC(358) Pause Young (Allocation Failure) 85M->9M(1443M) 1.138ms
[195.319s][info][gc,cpu         ] GC(358) User=0.00s Sys=0.00s Real=0.00s
[195.645s][info][gc,start       ] GC(359) Pause Young (Allocation Failure)
[195.646s][info][gc,heap        ] GC(359) PSYoungGen: 79360K(79360K)->1056K(79872K) Eden: 78336K(78336K)->0K(78336K) From: 1024K(1024K)->1056K(1536K)
[195.646s][info][gc,heap        ] GC(359) ParOldGen: 8773K(1398272K)->8773K(1398272K)
[195.646s][info][gc,metaspace   ] GC(359) Metaspace: 9945K(10304K)->9945K(10304K) NonClass: 8644K(8896K)->8644K(8896K) Class: 1301K(1408K)->1301K(1408K)
[195.646s][info][gc             ] GC(359) Pause Young (Allocation Failure) 86M->9M(1443M) 1.231ms
[195.647s][info][gc,cpu         ] GC(359) User=0.00s Sys=0.00s Real=0.00s
[195.965s][info][gc,start       ] GC(360) Pause Young (Allocation Failure)
[195.965s][info][gc,heap        ] GC(360) PSYoungGen: 79392K(79872K)->1024K(79360K) Eden: 78336K(78336K)->0K(78336K) From: 1056K(1536K)->1024K(1024K)
[195.965s][info][gc,heap        ] GC(360) ParOldGen: 8773K(1398272K)->8797K(1398272K)
[195.965s][info][gc,metaspace   ] GC(360) Metaspace: 9945K(10304K)->9945K(10304K) NonClass: 8644K(8896K)->8644K(8896K) Class: 1301K(1408K)->1301K(1408K)
[195.966s][info][gc             ] GC(360) Pause Young (Allocation Failure) 86M->9M(1443M) 1.008ms
[195.966s][info][gc,cpu         ] GC(360) User=0.00s Sys=0.00s Real=0.00s
[196.292s][info][gc,start       ] GC(361) Pause Young (Allocation Failure)
[196.293s][info][gc,heap        ] GC(361) PSYoungGen: 79360K(79360K)->1056K(79872K) Eden: 78336K(78336K)->0K(78336K) From: 1024K(1024K)->1056K(1536K)
[196.293s][info][gc,heap        ] GC(361) ParOldGen: 8797K(1398272K)->8957K(1398272K)
[196.293s][info][gc,metaspace   ] GC(361) Metaspace: 9945K(10304K)->9945K(10304K) NonClass: 8644K(8896K)->8644K(8896K) Class: 1301K(1408K)->1301K(1408K)
[196.293s][info][gc             ] GC(361) Pause Young (Allocation Failure) 86M->9M(1443M) 1.207ms
[196.293s][info][gc,cpu         ] GC(361) User=0.00s Sys=0.00s Real=0.00s
[196.615s][info][gc,start       ] GC(362) Pause Young (Allocation Failure)
[196.616s][info][gc,heap        ] GC(362) PSYoungGen: 79392K(79872K)->1024K(79360K) Eden: 78336K(78336K)->0K(78336K) From: 1056K(1536K)->1024K(1024K)
[196.616s][info][gc,heap        ] GC(362) ParOldGen: 8957K(1398272K)->8965K(1398272K)
[196.616s][info][gc,metaspace   ] GC(362) Metaspace: 9945K(10304K)->9945K(10304K) NonClass: 8644K(8896K)->8644K(8896K) Class: 1301K(1408K)->1301K(1408K)
[196.616s][info][gc             ] GC(362) Pause Young (Allocation Failure) 86M->9M(1443M) 1.083ms
[196.616s][info][gc,cpu         ] GC(362) User=0.00s Sys=0.00s Real=0.00s
[196.942s][info][gc,start       ] GC(363) Pause Young (Allocation Failure)
[196.943s][info][gc,heap        ] GC(363) PSYoungGen: 79360K(79360K)->1056K(79872K) Eden: 78336K(78336K)->0K(78336K) From: 1024K(1024K)->1056K(1536K)
[196.943s][info][gc,heap        ] GC(363) ParOldGen: 8965K(1398272K)->9037K(1398272K)
[196.943s][info][gc,metaspace   ] GC(363) Metaspace: 9945K(10304K)->9945K(10304K) NonClass: 8644K(8896K)->8644K(8896K) Class: 1301K(1408K)->1301K(1408K)
[196.943s][info][gc             ] GC(363) Pause Young (Allocation Failure) 86M->9M(1443M) 1.217ms
[196.943s][info][gc,cpu         ] GC(363) User=0.00s Sys=0.00s Real=0.00s
[197.225s][info][gc,start       ] GC(364) Pause Young (System.gc())
[197.226s][info][gc,heap        ] GC(364) PSYoungGen: 69070K(79872K)->1024K(79360K) Eden: 68014K(78336K)->0K(78336K) From: 1056K(1536K)->1024K(1024K)
[197.226s][info][gc,heap        ] GC(364) ParOldGen: 9037K(1398272K)->9061K(1398272K)
[197.226s][info][gc,metaspace   ] GC(364) Metaspace: 9946K(10304K)->9946K(10304K) NonClass: 8645K(8896K)->8645K(8896K) Class: 1301K(1408K)->1301K(1408K)
[197.226s][info][gc             ] GC(364) Pause Young (System.gc()) 76M->9M(1443M) 1.046ms
[197.226s][info][gc,cpu         ] GC(364) User=0.00s Sys=0.00s Real=0.00s
[197.227s][info][gc,start       ] GC(365) Pause Full (System.gc())
[197.227s][info][gc,phases,start] GC(365) Marking Phase
[197.243s][info][gc,phases      ] GC(365) Marking Phase 16.370ms
[197.243s][info][gc,phases,start] GC(365) Summary Phase
[197.243s][info][gc,phases      ] GC(365) Summary Phase 0.021ms
[197.243s][info][gc,phases,start] GC(365) Adjust Roots
[197.248s][info][gc,phases      ] GC(365) Adjust Roots 4.515ms
[197.248s][info][gc,phases,start] GC(365) Compaction Phase
[197.251s][info][gc,phases      ] GC(365) Compaction Phase 3.302ms
[197.251s][info][gc,phases,start] GC(365) Post Compact
[197.252s][info][gc,phases      ] GC(365) Post Compact 0.769ms
[197.252s][info][gc,heap        ] GC(365) PSYoungGen: 1024K(79360K)->0K(79360K) Eden: 0K(78336K)->0K(78336K) From: 1024K(1024K)->0K(1024K)
[197.252s][info][gc,heap        ] GC(365) ParOldGen: 9061K(1398272K)->4077K(1398272K)
[197.252s][info][gc,metaspace   ] GC(365) Metaspace: 9946K(10304K)->9946K(10304K) NonClass: 8645K(8896K)->8645K(8896K) Class: 1301K(1408K)->1301K(1408K)
[197.252s][info][gc             ] GC(365) Pause Full (System.gc()) 9M->3M(1443M) 25.256ms
[197.252s][info][gc,cpu         ] GC(365) User=0.14s Sys=0.00s Real=0.02s
[197.567s][info][gc,start       ] GC(366) Pause Young (Allocation Failure)
[197.568s][info][gc,heap        ] GC(366) PSYoungGen: 78336K(79360K)->1536K(79872K) Eden: 78336K(78336K)->0K(78336K) From: 0K(1024K)->1536K(1536K)
[197.568s][info][gc,heap        ] GC(366) ParOldGen: 4077K(1398272K)->4165K(1398272K)
[197.568s][info][gc,metaspace   ] GC(366) Metaspace: 9948K(10304K)->9948K(10304K) NonClass: 8647K(8896K)->8647K(8896K) Class: 1301K(1408K)->1301K(1408K)
[197.569s][info][gc             ] GC(366) Pause Young (Allocation Failure) 80M->5M(1443M) 1.435ms
[197.569s][info][gc,cpu         ] GC(366) User=0.00s Sys=0.00s Real=0.00s
[197.884s][info][gc,start       ] GC(367) Pause Young (Allocation Failure)
[197.885s][info][gc,heap        ] GC(367) PSYoungGen: 79872K(79872K)->1024K(79360K) Eden: 78336K(78336K)->0K(78336K) From: 1536K(1536K)->1024K(1024K)
[197.885s][info][gc,heap        ] GC(367) ParOldGen: 4165K(1398272K)->4813K(1398272K)
[197.885s][info][gc,metaspace   ] GC(367) Metaspace: 9948K(10304K)->9948K(10304K) NonClass: 8647K(8896K)->8647K(8896K) Class: 1301K(1408K)->1301K(1408K)
[197.885s][info][gc             ] GC(367) Pause Young (Allocation Failure) 82M->5M(1443M) 1.380ms
[197.885s][info][gc,cpu         ] GC(367) User=0.00s Sys=0.00s Real=0.00s
[198.207s][info][gc,start       ] GC(368) Pause Young (Allocation Failure)
[198.208s][info][gc,heap        ] GC(368) PSYoungGen: 79360K(79360K)->992K(79360K) Eden: 78336K(78336K)->0K(78336K) From: 1024K(1024K)->992K(1024K)
[198.208s][info][gc,heap        ] GC(368) ParOldGen: 4813K(1398272K)->5277K(1398272K)
[198.208s][info][gc,metaspace   ] GC(368) Metaspace: 9948K(10304K)->9948K(10304K) NonClass: 8647K(8896K)->8647K(8896K) Class: 1301K(1408K)->1301K(1408K)
[198.208s][info][gc             ] GC(368) Pause Young (Allocation Failure) 82M->6M(1443M) 1.549ms
[198.208s][info][gc,cpu         ] GC(368) User=0.00s Sys=0.00s Real=0.00s
[198.523s][info][gc,start       ] GC(369) Pause Young (Allocation Failure)
[198.524s][info][gc,heap        ] GC(369) PSYoungGen: 79328K(79360K)->1056K(79872K) Eden: 78336K(78336K)->0K(78336K) From: 992K(1024K)->1056K(1536K)
[198.524s][info][gc,heap        ] GC(369) ParOldGen: 5277K(1398272K)->5277K(1398272K)
[198.524s][info][gc,metaspace   ] GC(369) Metaspace: 9948K(10304K)->9948K(10304K) NonClass: 8647K(8896K)->8647K(8896K) Class: 1301K(1408K)->1301K(1408K)
[198.524s][info][gc             ] GC(369) Pause Young (Allocation Failure) 82M->6M(1443M) 1.222ms
[198.524s][info][gc,cpu         ] GC(369) User=0.00s Sys=0.00s Real=0.00s
[198.841s][info][gc,start       ] GC(370) Pause Young (Allocation Failure)
[198.842s][info][gc,heap        ] GC(370) PSYoungGen: 79392K(79872K)->1056K(79872K) Eden: 78336K(78336K)->0K(78336K) From: 1056K(1536K)->1056K(1536K)
[198.842s][info][gc,heap        ] GC(370) ParOldGen: 5277K(1398272K)->5277K(1398272K)
[198.842s][info][gc,metaspace   ] GC(370) Metaspace: 9948K(10304K)->9948K(10304K) NonClass: 8647K(8896K)->8647K(8896K) Class: 1301K(1408K)->1301K(1408K)
[198.842s][info][gc             ] GC(370) Pause Young (Allocation Failure) 82M->6M(1443M) 1.441ms
[198.842s][info][gc,cpu         ] GC(370) User=0.00s Sys=0.00s Real=0.00s
[199.158s][info][gc,start       ] GC(371) Pause Young (Allocation Failure)
[199.159s][info][gc,heap        ] GC(371) PSYoungGen: 79392K(79872K)->992K(79360K) Eden: 78336K(78336K)->0K(78336K) From: 1056K(1536K)->992K(1024K)
[199.160s][info][gc,heap        ] GC(371) ParOldGen: 5277K(1398272K)->5637K(1398272K)
[199.160s][info][gc,metaspace   ] GC(371) Metaspace: 9948K(10304K)->9948K(10304K) NonClass: 8647K(8896K)->8647K(8896K) Class: 1301K(1408K)->1301K(1408K)
[199.160s][info][gc             ] GC(371) Pause Young (Allocation Failure) 82M->6M(1443M) 1.305ms
[199.160s][info][gc,cpu         ] GC(371) User=0.00s Sys=0.00s Real=0.00s
[199.480s][info][gc,start       ] GC(372) Pause Young (Allocation Failure)
[199.481s][info][gc,heap        ] GC(372) PSYoungGen: 79328K(79360K)->1056K(79872K) Eden: 78336K(78336K)->0K(78336K) From: 992K(1024K)->1056K(1536K)
[199.481s][info][gc,heap        ] GC(372) ParOldGen: 5637K(1398272K)->5901K(1398272K)
[199.481s][info][gc,metaspace   ] GC(372) Metaspace: 9948K(10304K)->9948K(10304K) NonClass: 8647K(8896K)->8647K(8896K) Class: 1301K(1408K)->1301K(1408K)
[199.481s][info][gc             ] GC(372) Pause Young (Allocation Failure) 82M->6M(1443M) 1.285ms
[199.481s][info][gc,cpu         ] GC(372) User=0.00s Sys=0.00s Real=0.00s
[199.793s][info][gc,start       ] GC(373) Pause Young (Allocation Failure)
[199.794s][info][gc,heap        ] GC(373) PSYoungGen: 79392K(79872K)->1024K(79360K) Eden: 78336K(78336K)->0K(78336K) From: 1056K(1536K)->1024K(1024K)
[199.795s][info][gc,heap        ] GC(373) ParOldGen: 5901K(1398272K)->6157K(1398272K)
[199.795s][info][gc,metaspace   ] GC(373) Metaspace: 9948K(10304K)->9948K(10304K) NonClass: 8647K(8896K)->8647K(8896K) Class: 1301K(1408K)->1301K(1408K)
[199.795s][info][gc             ] GC(373) Pause Young (Allocation Failure) 83M->7M(1443M) 1.083ms
[199.795s][info][gc,cpu         ] GC(373) User=0.00s Sys=0.00s Real=0.00s
[200.097s][info][gc,start       ] GC(374) Pause Young (Allocation Failure)
[200.098s][info][gc,heap        ] GC(374) PSYoungGen: 79360K(79360K)->1056K(79872K) Eden: 78336K(78336K)->0K(78336K) From: 1024K(1024K)->1056K(1536K)
[200.099s][info][gc,heap        ] GC(374) ParOldGen: 6157K(1398272K)->6525K(1398272K)
[200.099s][info][gc,metaspace   ] GC(374) Metaspace: 9948K(10304K)->9948K(10304K) NonClass: 8647K(8896K)->8647K(8896K) Class: 1301K(1408K)->1301K(1408K)
[200.099s][info][gc             ] GC(374) Pause Young (Allocation Failure) 83M->7M(1443M) 1.310ms
[200.099s][info][gc,cpu         ] GC(374) User=0.00s Sys=0.00s Real=0.00s
[200.435s][info][gc,start       ] GC(375) Pause Young (Allocation Failure)
[200.436s][info][gc,heap        ] GC(375) PSYoungGen: 79392K(79872K)->1024K(79360K) Eden: 78336K(78336K)->0K(78336K) From: 1056K(1536K)->1024K(1024K)
[200.436s][info][gc,heap        ] GC(375) ParOldGen: 6525K(1398272K)->6541K(1398272K)
[200.436s][info][gc,metaspace   ] GC(375) Metaspace: 9948K(10304K)->9948K(10304K) NonClass: 8647K(8896K)->8647K(8896K) Class: 1301K(1408K)->1301K(1408K)
[200.436s][info][gc             ] GC(375) Pause Young (Allocation Failure) 83M->7M(1443M) 1.095ms
[200.436s][info][gc,cpu         ] GC(375) User=0.00s Sys=0.00s Real=0.00s
[200.760s][info][gc,start       ] GC(376) Pause Young (Allocation Failure)
[200.761s][info][gc,heap        ] GC(376) PSYoungGen: 79360K(79360K)->1088K(79872K) Eden: 78336K(78336K)->0K(78336K) From: 1024K(1024K)->1088K(1536K)
[200.761s][info][gc,heap        ] GC(376) ParOldGen: 6541K(1398272K)->7005K(1398272K)
[200.761s][info][gc,metaspace   ] GC(376) Metaspace: 9948K(10304K)->9948K(10304K) NonClass: 8647K(8896K)->8647K(8896K) Class: 1301K(1408K)->1301K(1408K)
[200.762s][info][gc             ] GC(376) Pause Young (Allocation Failure) 83M->7M(1443M) 1.324ms
[200.762s][info][gc,cpu         ] GC(376) User=0.00s Sys=0.00s Real=0.00s
[201.074s][info][gc,start       ] GC(377) Pause Young (Allocation Failure)
[201.075s][info][gc,heap        ] GC(377) PSYoungGen: 79424K(79872K)->1024K(79360K) Eden: 78336K(78336K)->0K(78336K) From: 1088K(1536K)->1024K(1024K)
[201.075s][info][gc,heap        ] GC(377) ParOldGen: 7005K(1398272K)->7125K(1398272K)
[201.075s][info][gc,metaspace   ] GC(377) Metaspace: 9948K(10304K)->9948K(10304K) NonClass: 8647K(8896K)->8647K(8896K) Class: 1301K(1408K)->1301K(1408K)
[201.075s][info][gc             ] GC(377) Pause Young (Allocation Failure) 84M->7M(1443M) 1.054ms
[201.075s][info][gc,cpu         ] GC(377) User=0.00s Sys=0.00s Real=0.00s
[201.396s][info][gc,start       ] GC(378) Pause Young (Allocation Failure)
[201.397s][info][gc,heap        ] GC(378) PSYoungGen: 79360K(79360K)->1056K(79872K) Eden: 78336K(78336K)->0K(78336K) From: 1024K(1024K)->1056K(1536K)
[201.397s][info][gc,heap        ] GC(378) ParOldGen: 7125K(1398272K)->7245K(1398272K)
[201.397s][info][gc,metaspace   ] GC(378) Metaspace: 9948K(10304K)->9948K(10304K) NonClass: 8647K(8896K)->8647K(8896K) Class: 1301K(1408K)->1301K(1408K)
[201.397s][info][gc             ] GC(378) Pause Young (Allocation Failure) 84M->8M(1443M) 1.194ms
[201.397s][info][gc,cpu         ] GC(378) User=0.00s Sys=0.00s Real=0.00s
[201.706s][info][gc,start       ] GC(379) Pause Young (Allocation Failure)
[201.707s][info][gc,heap        ] GC(379) PSYoungGen: 79392K(79872K)->1024K(79360K) Eden: 78336K(78336K)->0K(78336K) From: 1056K(1536K)->1024K(1024K)
[201.707s][info][gc,heap        ] GC(379) ParOldGen: 7245K(1398272K)->7261K(1398272K)
[201.707s][info][gc,metaspace   ] GC(379) Metaspace: 9948K(10304K)->9948K(10304K) NonClass: 8647K(8896K)->8647K(8896K) Class: 1301K(1408K)->1301K(1408K)
[201.707s][info][gc             ] GC(379) Pause Young (Allocation Failure) 84M->8M(1443M) 1.082ms
[201.707s][info][gc,cpu         ] GC(379) User=0.00s Sys=0.00s Real=0.00s
[202.024s][info][gc,start       ] GC(380) Pause Young (Allocation Failure)
[202.026s][info][gc,heap        ] GC(380) PSYoungGen: 79360K(79360K)->1088K(79872K) Eden: 78336K(78336K)->0K(78336K) From: 1024K(1024K)->1088K(1536K)
[202.026s][info][gc,heap        ] GC(380) ParOldGen: 7261K(1398272K)->7557K(1398272K)
[202.026s][info][gc,metaspace   ] GC(380) Metaspace: 9948K(10304K)->9948K(10304K) NonClass: 8647K(8896K)->8647K(8896K) Class: 1301K(1408K)->1301K(1408K)
[202.026s][info][gc             ] GC(380) Pause Young (Allocation Failure) 84M->8M(1443M) 1.207ms
[202.026s][info][gc,cpu         ] GC(380) User=0.00s Sys=0.00s Real=0.00s
[202.338s][info][gc,start       ] GC(381) Pause Young (Allocation Failure)
[202.339s][info][gc,heap        ] GC(381) PSYoungGen: 79424K(79872K)->1024K(79360K) Eden: 78336K(78336K)->0K(78336K) From: 1088K(1536K)->1024K(1024K)
[202.339s][info][gc,heap        ] GC(381) ParOldGen: 7557K(1398272K)->7757K(1398272K)
[202.339s][info][gc,metaspace   ] GC(381) Metaspace: 9948K(10304K)->9948K(10304K) NonClass: 8647K(8896K)->8647K(8896K) Class: 1301K(1408K)->1301K(1408K)
[202.339s][info][gc             ] GC(381) Pause Young (Allocation Failure) 84M->8M(1443M) 1.053ms
[202.339s][info][gc,cpu         ] GC(381) User=0.00s Sys=0.00s Real=0.00s
[202.659s][info][gc,start       ] GC(382) Pause Young (Allocation Failure)
[202.660s][info][gc,heap        ] GC(382) PSYoungGen: 79360K(79360K)->1056K(79872K) Eden: 78336K(78336K)->0K(78336K) From: 1024K(1024K)->1056K(1536K)
[202.660s][info][gc,heap        ] GC(382) ParOldGen: 7757K(1398272K)->7829K(1398272K)
[202.660s][info][gc,metaspace   ] GC(382) Metaspace: 9948K(10304K)->9948K(10304K) NonClass: 8647K(8896K)->8647K(8896K) Class: 1301K(1408K)->1301K(1408K)
[202.660s][info][gc             ] GC(382) Pause Young (Allocation Failure) 85M->8M(1443M) 1.211ms
[202.660s][info][gc,cpu         ] GC(382) User=0.00s Sys=0.00s Real=0.00s
[202.970s][info][gc,start       ] GC(383) Pause Young (Allocation Failure)
[202.971s][info][gc,heap        ] GC(383) PSYoungGen: 79392K(79872K)->1024K(79360K) Eden: 78336K(78336K)->0K(78336K) From: 1056K(1536K)->1024K(1024K)
[202.971s][info][gc,heap        ] GC(383) ParOldGen: 7829K(1398272K)->7861K(1398272K)
[202.971s][info][gc,metaspace   ] GC(383) Metaspace: 9948K(10304K)->9948K(10304K) NonClass: 8647K(8896K)->8647K(8896K) Class: 1301K(1408K)->1301K(1408K)
[202.971s][info][gc             ] GC(383) Pause Young (Allocation Failure) 85M->8M(1443M) 1.098ms
[202.971s][info][gc,cpu         ] GC(383) User=0.00s Sys=0.00s Real=0.00s
[203.279s][info][gc,start       ] GC(384) Pause Young (Allocation Failure)
[203.280s][info][gc,heap        ] GC(384) PSYoungGen: 79360K(79360K)->1056K(79872K) Eden: 78336K(78336K)->0K(78336K) From: 1024K(1024K)->1056K(1536K)
[203.280s][info][gc,heap        ] GC(384) ParOldGen: 7861K(1398272K)->8173K(1398272K)
[203.280s][info][gc,metaspace   ] GC(384) Metaspace: 9948K(10304K)->9948K(10304K) NonClass: 8647K(8896K)->8647K(8896K) Class: 1301K(1408K)->1301K(1408K)
[203.280s][info][gc             ] GC(384) Pause Young (Allocation Failure) 85M->9M(1443M) 1.251ms
[203.280s][info][gc,cpu         ] GC(384) User=0.00s Sys=0.00s Real=0.00s
[203.604s][info][gc,start       ] GC(385) Pause Young (Allocation Failure)
[203.605s][info][gc,heap        ] GC(385) PSYoungGen: 79392K(79872K)->1024K(79360K) Eden: 78336K(78336K)->0K(78336K) From: 1056K(1536K)->1024K(1024K)
[203.605s][info][gc,heap        ] GC(385) ParOldGen: 8173K(1398272K)->8189K(1398272K)
[203.605s][info][gc,metaspace   ] GC(385) Metaspace: 9948K(10304K)->9948K(10304K) NonClass: 8647K(8896K)->8647K(8896K) Class: 1301K(1408K)->1301K(1408K)
[203.605s][info][gc             ] GC(385) Pause Young (Allocation Failure) 85M->8M(1443M) 1.160ms
[203.605s][info][gc,cpu         ] GC(385) User=0.00s Sys=0.00s Real=0.00s
[203.922s][info][gc,start       ] GC(386) Pause Young (System.gc())
[203.923s][info][gc,heap        ] GC(386) PSYoungGen: 75057K(79360K)->1056K(79872K) Eden: 74033K(78336K)->0K(78336K) From: 1024K(1024K)->1056K(1536K)
[203.923s][info][gc,heap        ] GC(386) ParOldGen: 8189K(1398272K)->8413K(1398272K)
[203.923s][info][gc,metaspace   ] GC(386) Metaspace: 9950K(10304K)->9950K(10304K) NonClass: 8649K(8896K)->8649K(8896K) Class: 1301K(1408K)->1301K(1408K)
[203.923s][info][gc             ] GC(386) Pause Young (System.gc()) 81M->9M(1443M) 1.240ms
[203.923s][info][gc,cpu         ] GC(386) User=0.00s Sys=0.00s Real=0.00s
[203.923s][info][gc,start       ] GC(387) Pause Full (System.gc())
[203.923s][info][gc,phases,start] GC(387) Marking Phase
[203.938s][info][gc,phases      ] GC(387) Marking Phase 15.361ms
[203.939s][info][gc,phases,start] GC(387) Summary Phase
[203.939s][info][gc,phases      ] GC(387) Summary Phase 0.022ms
[203.939s][info][gc,phases,start] GC(387) Adjust Roots
[203.943s][info][gc,phases      ] GC(387) Adjust Roots 4.012ms
[203.943s][info][gc,phases,start] GC(387) Compaction Phase
[203.947s][info][gc,phases      ] GC(387) Compaction Phase 4.012ms
[203.947s][info][gc,phases,start] GC(387) Post Compact
[203.947s][info][gc,phases      ] GC(387) Post Compact 0.710ms
[203.947s][info][gc,heap        ] GC(387) PSYoungGen: 1056K(79872K)->0K(79872K) Eden: 0K(78336K)->0K(78336K) From: 1056K(1536K)->0K(1536K)
[203.947s][info][gc,heap        ] GC(387) ParOldGen: 8413K(1398272K)->4077K(1398272K)
[203.947s][info][gc,metaspace   ] GC(387) Metaspace: 9950K(10304K)->9950K(10304K) NonClass: 8649K(8896K)->8649K(8896K) Class: 1301K(1408K)->1301K(1408K)
[203.947s][info][gc             ] GC(387) Pause Full (System.gc()) 9M->3M(1443M) 24.364ms
[203.947s][info][gc,cpu         ] GC(387) User=0.55s Sys=0.00s Real=0.03s
[204.274s][info][gc,start       ] GC(388) Pause Young (Allocation Failure)
[204.275s][info][gc,heap        ] GC(388) PSYoungGen: 78336K(79872K)->1024K(79360K) Eden: 78336K(78336K)->0K(78336K) From: 0K(1536K)->1024K(1024K)
[204.275s][info][gc,heap        ] GC(388) ParOldGen: 4077K(1398272K)->4429K(1398272K)
[204.275s][info][gc,metaspace   ] GC(388) Metaspace: 9951K(10304K)->9951K(10304K) NonClass: 8650K(8896K)->8650K(8896K) Class: 1301K(1408K)->1301K(1408K)
[204.275s][info][gc             ] GC(388) Pause Young (Allocation Failure) 80M->5M(1443M) 1.314ms
[204.275s][info][gc,cpu         ] GC(388) User=0.00s Sys=0.00s Real=0.00s
[204.596s][info][gc,start       ] GC(389) Pause Young (Allocation Failure)
[204.598s][info][gc,heap        ] GC(389) PSYoungGen: 79360K(79360K)->1504K(79872K) Eden: 78336K(78336K)->0K(78336K) From: 1024K(1024K)->1504K(1536K)
[204.598s][info][gc,heap        ] GC(389) ParOldGen: 4429K(1398272K)->4909K(1398272K)
[204.598s][info][gc,metaspace   ] GC(389) Metaspace: 9951K(10304K)->9951K(10304K) NonClass: 8650K(8896K)->8650K(8896K) Class: 1301K(1408K)->1301K(1408K)
[204.598s][info][gc             ] GC(389) Pause Young (Allocation Failure) 81M->6M(1443M) 2.538ms
[204.598s][info][gc,cpu         ] GC(389) User=0.00s Sys=0.00s Real=0.00s
[204.911s][info][gc,start       ] GC(390) Pause Young (Allocation Failure)
[204.912s][info][gc,heap        ] GC(390) PSYoungGen: 79840K(79872K)->1024K(79360K) Eden: 78336K(78336K)->0K(78336K) From: 1504K(1536K)->1024K(1024K)
[204.912s][info][gc,heap        ] GC(390) ParOldGen: 4909K(1398272K)->5237K(1398272K)
[204.912s][info][gc,metaspace   ] GC(390) Metaspace: 9951K(10304K)->9951K(10304K) NonClass: 8650K(8896K)->8650K(8896K) Class: 1301K(1408K)->1301K(1408K)
[204.913s][info][gc             ] GC(390) Pause Young (Allocation Failure) 82M->6M(1443M) 1.250ms
[204.913s][info][gc,cpu         ] GC(390) User=0.00s Sys=0.00s Real=0.00s
[205.236s][info][gc,start       ] GC(391) Pause Young (Allocation Failure)
[205.239s][info][gc,heap        ] GC(391) PSYoungGen: 79360K(79360K)->1184K(80384K) Eden: 78336K(78336K)->0K(78336K) From: 1024K(1024K)->1184K(2048K)
[205.239s][info][gc,heap        ] GC(391) ParOldGen: 5237K(1398272K)->5957K(1398272K)
[205.239s][info][gc,metaspace   ] GC(391) Metaspace: 9951K(10304K)->9951K(10304K) NonClass: 8650K(8896K)->8650K(8896K) Class: 1301K(1408K)->1301K(1408K)
[205.239s][info][gc             ] GC(391) Pause Young (Allocation Failure) 82M->6M(1444M) 2.399ms
[205.239s][info][gc,cpu         ] GC(391) User=0.00s Sys=0.00s Real=0.00s
[205.556s][info][gc,start       ] GC(392) Pause Young (Allocation Failure)
[205.557s][info][gc,heap        ] GC(392) PSYoungGen: 79520K(80384K)->1120K(79872K) Eden: 78336K(78336K)->0K(78336K) From: 1184K(2048K)->1120K(1536K)
[205.557s][info][gc,heap        ] GC(392) ParOldGen: 5957K(1398272K)->6077K(1398272K)
[205.557s][info][gc,metaspace   ] GC(392) Metaspace: 9951K(10304K)->9951K(10304K) NonClass: 8650K(8896K)->8650K(8896K) Class: 1301K(1408K)->1301K(1408K)
[205.557s][info][gc             ] GC(392) Pause Young (Allocation Failure) 83M->7M(1443M) 1.131ms
[205.557s][info][gc,cpu         ] GC(392) User=0.05s Sys=0.03s Real=0.02s
[205.886s][info][gc,start       ] GC(393) Pause Young (Allocation Failure)
[205.887s][info][gc,heap        ] GC(393) PSYoungGen: 79456K(79872K)->1312K(79872K) Eden: 78336K(78336K)->0K(78336K) From: 1120K(1536K)->1312K(1536K)
[205.887s][info][gc,heap        ] GC(393) ParOldGen: 6077K(1398272K)->6397K(1398272K)
[205.887s][info][gc,metaspace   ] GC(393) Metaspace: 9951K(10304K)->9951K(10304K) NonClass: 8650K(8896K)->8650K(8896K) Class: 1301K(1408K)->1301K(1408K)
[205.887s][info][gc             ] GC(393) Pause Young (Allocation Failure) 83M->7M(1443M) 1.487ms
[205.887s][info][gc,cpu         ] GC(393) User=0.00s Sys=0.00s Real=0.00s
[206.211s][info][gc,start       ] GC(394) Pause Young (Allocation Failure)
[206.212s][info][gc,heap        ] GC(394) PSYoungGen: 79648K(79872K)->512K(78848K) Eden: 78336K(78336K)->0K(78336K) From: 1312K(1536K)->512K(512K)
[206.212s][info][gc,heap        ] GC(394) ParOldGen: 6397K(1398272K)->6917K(1398272K)
[206.212s][info][gc,metaspace   ] GC(394) Metaspace: 9951K(10304K)->9951K(10304K) NonClass: 8650K(8896K)->8650K(8896K) Class: 1301K(1408K)->1301K(1408K)
[206.212s][info][gc             ] GC(394) Pause Young (Allocation Failure) 84M->7M(1442M) 1.272ms
[206.212s][info][gc,cpu         ] GC(394) User=0.00s Sys=0.02s Real=0.02s
[206.533s][info][gc,start       ] GC(395) Pause Young (Allocation Failure)
[206.535s][info][gc,heap        ] GC(395) PSYoungGen: 78848K(78848K)->1120K(79872K) Eden: 78336K(78336K)->0K(78336K) From: 512K(512K)->1120K(1536K)
[206.535s][info][gc,heap        ] GC(395) ParOldGen: 6917K(1398272K)->7509K(1398272K)
[206.535s][info][gc,metaspace   ] GC(395) Metaspace: 9951K(10304K)->9951K(10304K) NonClass: 8650K(8896K)->8650K(8896K) Class: 1301K(1408K)->1301K(1408K)
[206.535s][info][gc             ] GC(395) Pause Young (Allocation Failure) 83M->8M(1443M) 2.120ms
[206.535s][info][gc,cpu         ] GC(395) User=0.00s Sys=0.00s Real=0.00s
[206.849s][info][gc,start       ] GC(396) Pause Young (Allocation Failure)
[206.850s][info][gc,heap        ] GC(396) PSYoungGen: 79456K(79872K)->1056K(79872K) Eden: 78336K(78336K)->0K(78336K) From: 1120K(1536K)->1056K(1536K)
[206.850s][info][gc,heap        ] GC(396) ParOldGen: 7509K(1398272K)->7581K(1398272K)
[206.850s][info][gc,metaspace   ] GC(396) Metaspace: 9951K(10304K)->9951K(10304K) NonClass: 8650K(8896K)->8650K(8896K) Class: 1301K(1408K)->1301K(1408K)
[206.850s][info][gc             ] GC(396) Pause Young (Allocation Failure) 84M->8M(1443M) 1.046ms
[206.850s][info][gc,cpu         ] GC(396) User=0.00s Sys=0.00s Real=0.00s
[207.177s][info][gc,start       ] GC(397) Pause Young (Allocation Failure)
[207.178s][info][gc,heap        ] GC(397) PSYoungGen: 79392K(79872K)->1056K(79872K) Eden: 78336K(78336K)->0K(78336K) From: 1056K(1536K)->1056K(1536K)
[207.179s][info][gc,heap        ] GC(397) ParOldGen: 7581K(1398272K)->7581K(1398272K)
[207.179s][info][gc,metaspace   ] GC(397) Metaspace: 9951K(10304K)->9951K(10304K) NonClass: 8650K(8896K)->8650K(8896K) Class: 1301K(1408K)->1301K(1408K)
[207.179s][info][gc             ] GC(397) Pause Young (Allocation Failure) 84M->8M(1443M) 1.428ms
[207.179s][info][gc,cpu         ] GC(397) User=0.00s Sys=0.00s Real=0.00s
[207.504s][info][gc,start       ] GC(398) Pause Young (Allocation Failure)
[207.505s][info][gc,heap        ] GC(398) PSYoungGen: 79392K(79872K)->512K(78848K) Eden: 78336K(78336K)->0K(78336K) From: 1056K(1536K)->512K(512K)
[207.505s][info][gc,heap        ] GC(398) ParOldGen: 7581K(1398272K)->7957K(1398272K)
[207.505s][info][gc,metaspace   ] GC(398) Metaspace: 9951K(10304K)->9951K(10304K) NonClass: 8650K(8896K)->8650K(8896K) Class: 1301K(1408K)->1301K(1408K)
[207.505s][info][gc             ] GC(398) Pause Young (Allocation Failure) 84M->8M(1442M) 1.151ms
[207.505s][info][gc,cpu         ] GC(398) User=0.00s Sys=0.00s Real=0.00s
[207.829s][info][gc,start       ] GC(399) Pause Young (Allocation Failure)
[207.831s][info][gc,heap        ] GC(399) PSYoungGen: 78848K(78848K)->992K(79872K) Eden: 78336K(78336K)->0K(78336K) From: 512K(512K)->992K(1536K)
[207.831s][info][gc,heap        ] GC(399) ParOldGen: 7957K(1398272K)->8365K(1398272K)
[207.831s][info][gc,metaspace   ] GC(399) Metaspace: 9951K(10304K)->9951K(10304K) NonClass: 8650K(8896K)->8650K(8896K) Class: 1301K(1408K)->1301K(1408K)
[207.831s][info][gc             ] GC(399) Pause Young (Allocation Failure) 84M->9M(1443M) 1.304ms
[207.831s][info][gc,cpu         ] GC(399) User=0.00s Sys=0.00s Real=0.00s
[208.150s][info][gc,start       ] GC(400) Pause Young (Allocation Failure)
[208.151s][info][gc,heap        ] GC(400) PSYoungGen: 79328K(79872K)->1088K(79872K) Eden: 78336K(78336K)->0K(78336K) From: 992K(1536K)->1088K(1536K)
[208.151s][info][gc,heap        ] GC(400) ParOldGen: 8365K(1398272K)->8541K(1398272K)
[208.151s][info][gc,metaspace   ] GC(400) Metaspace: 9951K(10304K)->9951K(10304K) NonClass: 8650K(8896K)->8650K(8896K) Class: 1301K(1408K)->1301K(1408K)
[208.151s][info][gc             ] GC(400) Pause Young (Allocation Failure) 85M->9M(1443M) 1.143ms
[208.151s][info][gc,cpu         ] GC(400) User=0.00s Sys=0.00s Real=0.00s
[208.476s][info][gc,start       ] GC(401) Pause Young (Allocation Failure)
[208.478s][info][gc,heap        ] GC(401) PSYoungGen: 79424K(79872K)->1056K(79872K) Eden: 78336K(78336K)->0K(78336K) From: 1088K(1536K)->1056K(1536K)
[208.478s][info][gc,heap        ] GC(401) ParOldGen: 8541K(1398272K)->9021K(1398272K)
[208.478s][info][gc,metaspace   ] GC(401) Metaspace: 9951K(10304K)->9951K(10304K) NonClass: 8650K(8896K)->8650K(8896K) Class: 1301K(1408K)->1301K(1408K)
[208.478s][info][gc             ] GC(401) Pause Young (Allocation Failure) 85M->9M(1443M) 1.511ms
[208.478s][info][gc,cpu         ] GC(401) User=0.00s Sys=0.00s Real=0.00s
[208.799s][info][gc,start       ] GC(402) Pause Young (Allocation Failure)
[208.800s][info][gc,heap        ] GC(402) PSYoungGen: 79392K(79872K)->512K(78848K) Eden: 78336K(78336K)->0K(78336K) From: 1056K(1536K)->512K(512K)
[208.800s][info][gc,heap        ] GC(402) ParOldGen: 9021K(1398272K)->9365K(1398272K)
[208.800s][info][gc,metaspace   ] GC(402) Metaspace: 9951K(10304K)->9951K(10304K) NonClass: 8650K(8896K)->8650K(8896K) Class: 1301K(1408K)->1301K(1408K)
[208.800s][info][gc             ] GC(402) Pause Young (Allocation Failure) 86M->9M(1442M) 1.167ms
[208.800s][info][gc,cpu         ] GC(402) User=0.00s Sys=0.00s Real=0.00s
[209.116s][info][gc,start       ] GC(403) Pause Young (Allocation Failure)
[209.117s][info][gc,heap        ] GC(403) PSYoungGen: 78848K(78848K)->1248K(79872K) Eden: 78336K(78336K)->0K(78336K) From: 512K(512K)->1248K(1536K)
[209.117s][info][gc,heap        ] GC(403) ParOldGen: 9365K(1398272K)->9757K(1398272K)
[209.117s][info][gc,metaspace   ] GC(403) Metaspace: 9951K(10304K)->9951K(10304K) NonClass: 8650K(8896K)->8650K(8896K) Class: 1301K(1408K)->1301K(1408K)
[209.118s][info][gc             ] GC(403) Pause Young (Allocation Failure) 86M->10M(1443M) 1.256ms
[209.118s][info][gc,cpu         ] GC(403) User=0.00s Sys=0.00s Real=0.00s
[209.431s][info][gc,start       ] GC(404) Pause Young (Allocation Failure)
[209.432s][info][gc,heap        ] GC(404) PSYoungGen: 79584K(79872K)->1152K(79872K) Eden: 78336K(78336K)->0K(78336K) From: 1248K(1536K)->1152K(1536K)
[209.432s][info][gc,heap        ] GC(404) ParOldGen: 9757K(1398272K)->10109K(1398272K)
[209.432s][info][gc,metaspace   ] GC(404) Metaspace: 9951K(10304K)->9951K(10304K) NonClass: 8650K(8896K)->8650K(8896K) Class: 1301K(1408K)->1301K(1408K)
[209.432s][info][gc             ] GC(404) Pause Young (Allocation Failure) 87M->10M(1443M) 1.203ms
[209.432s][info][gc,cpu         ] GC(404) User=0.00s Sys=0.00s Real=0.00s
[209.755s][info][gc,start       ] GC(405) Pause Young (Allocation Failure)
[209.757s][info][gc,heap        ] GC(405) PSYoungGen: 79488K(79872K)->1056K(79872K) Eden: 78336K(78336K)->0K(78336K) From: 1152K(1536K)->1056K(1536K)
[209.757s][info][gc,heap        ] GC(405) ParOldGen: 10109K(1398272K)->10109K(1398272K)
[209.757s][info][gc,metaspace   ] GC(405) Metaspace: 9951K(10304K)->9951K(10304K) NonClass: 8650K(8896K)->8650K(8896K) Class: 1301K(1408K)->1301K(1408K)
[209.757s][info][gc             ] GC(405) Pause Young (Allocation Failure) 87M->10M(1443M) 1.274ms
[209.757s][info][gc,cpu         ] GC(405) User=0.00s Sys=0.00s Real=0.00s
[210.071s][info][gc,start       ] GC(406) Pause Young (Allocation Failure)
[210.072s][info][gc,heap        ] GC(406) PSYoungGen: 79392K(79872K)->512K(78848K) Eden: 78336K(78336K)->0K(78336K) From: 1056K(1536K)->512K(512K)
[210.072s][info][gc,heap        ] GC(406) ParOldGen: 10109K(1398272K)->10309K(1398272K)
[210.072s][info][gc,metaspace   ] GC(406) Metaspace: 9951K(10304K)->9951K(10304K) NonClass: 8650K(8896K)->8650K(8896K) Class: 1301K(1408K)->1301K(1408K)
[210.072s][info][gc             ] GC(406) Pause Young (Allocation Failure) 87M->10M(1442M) 1.138ms
[210.072s][info][gc,cpu         ] GC(406) User=0.00s Sys=0.00s Real=0.00s
[210.392s][info][gc,start       ] GC(407) Pause Young (Allocation Failure)
[210.395s][info][gc,heap        ] GC(407) PSYoungGen: 78848K(78848K)->960K(79872K) Eden: 78336K(78336K)->0K(78336K) From: 512K(512K)->960K(1536K)
[210.395s][info][gc,heap        ] GC(407) ParOldGen: 10309K(1398272K)->10725K(1398272K)
[210.395s][info][gc,metaspace   ] GC(407) Metaspace: 9951K(10304K)->9951K(10304K) NonClass: 8650K(8896K)->8650K(8896K) Class: 1301K(1408K)->1301K(1408K)
[210.395s][info][gc             ] GC(407) Pause Young (Allocation Failure) 87M->11M(1443M) 2.566ms
[210.395s][info][gc,cpu         ] GC(407) User=0.00s Sys=0.00s Real=0.00s
[210.698s][info][gc,start       ] GC(408) Pause Young (System.gc())
[210.703s][info][gc,heap        ] GC(408) PSYoungGen: 73579K(79872K)->1056K(79872K) Eden: 72619K(78336K)->0K(78336K) From: 960K(1536K)->1056K(1536K)
[210.703s][info][gc,heap        ] GC(408) ParOldGen: 10725K(1398272K)->10845K(1398272K)
[210.703s][info][gc,metaspace   ] GC(408) Metaspace: 9952K(10304K)->9952K(10304K) NonClass: 8651K(8896K)->8651K(8896K) Class: 1301K(1408K)->1301K(1408K)
[210.703s][info][gc             ] GC(408) Pause Young (System.gc()) 82M->11M(1443M) 5.035ms
[210.703s][info][gc,cpu         ] GC(408) User=0.00s Sys=0.00s Real=0.00s
[210.703s][info][gc,start       ] GC(409) Pause Full (System.gc())
[210.703s][info][gc,phases,start] GC(409) Marking Phase
[210.719s][info][gc,phases      ] GC(409) Marking Phase 16.024ms
[210.719s][info][gc,phases,start] GC(409) Summary Phase
[210.719s][info][gc,phases      ] GC(409) Summary Phase 0.029ms
[210.719s][info][gc,phases,start] GC(409) Adjust Roots
[210.724s][info][gc,phases      ] GC(409) Adjust Roots 4.685ms
[210.724s][info][gc,phases,start] GC(409) Compaction Phase
[210.728s][info][gc,phases      ] GC(409) Compaction Phase 4.000ms
[210.728s][info][gc,phases,start] GC(409) Post Compact
[210.729s][info][gc,phases      ] GC(409) Post Compact 0.818ms
[210.729s][info][gc,heap        ] GC(409) PSYoungGen: 1056K(79872K)->0K(79872K) Eden: 0K(78336K)->0K(78336K) From: 1056K(1536K)->0K(1536K)
[210.729s][info][gc,heap        ] GC(409) ParOldGen: 10845K(1398272K)->4077K(1398272K)
[210.729s][info][gc,metaspace   ] GC(409) Metaspace: 9952K(10304K)->9952K(10304K) NonClass: 8651K(8896K)->8651K(8896K) Class: 1301K(1408K)->1301K(1408K)
[210.729s][info][gc             ] GC(409) Pause Full (System.gc()) 11M->3M(1443M) 25.833ms
[210.729s][info][gc,cpu         ] GC(409) User=0.52s Sys=0.00s Real=0.03s
[211.059s][info][gc,start       ] GC(410) Pause Young (Allocation Failure)
[211.060s][info][gc,heap        ] GC(410) PSYoungGen: 78336K(79872K)->1536K(79872K) Eden: 78336K(78336K)->0K(78336K) From: 0K(1536K)->1536K(1536K)
[211.060s][info][gc,heap        ] GC(410) ParOldGen: 4077K(1398272K)->4117K(1398272K)
[211.060s][info][gc,metaspace   ] GC(410) Metaspace: 9952K(10304K)->9952K(10304K) NonClass: 8651K(8896K)->8651K(8896K) Class: 1301K(1408K)->1301K(1408K)
[211.060s][info][gc             ] GC(410) Pause Young (Allocation Failure) 80M->5M(1443M) 1.439ms
[211.060s][info][gc,cpu         ] GC(410) User=0.00s Sys=0.00s Real=0.00s
[211.392s][info][gc,start       ] GC(411) Pause Young (Allocation Failure)
[211.393s][info][gc,heap        ] GC(411) PSYoungGen: 79872K(79872K)->512K(78848K) Eden: 78336K(78336K)->0K(78336K) From: 1536K(1536K)->512K(512K)
[211.393s][info][gc,heap        ] GC(411) ParOldGen: 4117K(1398272K)->5141K(1398272K)
[211.393s][info][gc,metaspace   ] GC(411) Metaspace: 9952K(10304K)->9952K(10304K) NonClass: 8651K(8896K)->8651K(8896K) Class: 1301K(1408K)->1301K(1408K)
[211.393s][info][gc             ] GC(411) Pause Young (Allocation Failure) 82M->5M(1442M) 1.452ms
[211.393s][info][gc,cpu         ] GC(411) User=0.00s Sys=0.00s Real=0.00s
[211.716s][info][gc,start       ] GC(412) Pause Young (Allocation Failure)
[211.717s][info][gc,heap        ] GC(412) PSYoungGen: 78848K(78848K)->1216K(80384K) Eden: 78336K(78336K)->0K(78336K) From: 512K(512K)->1216K(2048K)
[211.717s][info][gc,heap        ] GC(412) ParOldGen: 5141K(1398272K)->5645K(1398272K)
[211.717s][info][gc,metaspace   ] GC(412) Metaspace: 9952K(10304K)->9952K(10304K) NonClass: 8651K(8896K)->8651K(8896K) Class: 1301K(1408K)->1301K(1408K)
[211.717s][info][gc             ] GC(412) Pause Young (Allocation Failure) 82M->6M(1444M) 1.247ms
[211.717s][info][gc,cpu         ] GC(412) User=0.00s Sys=0.00s Real=0.00s
[212.029s][info][gc,start       ] GC(413) Pause Young (Allocation Failure)
[212.030s][info][gc,heap        ] GC(413) PSYoungGen: 79552K(80384K)->1056K(79872K) Eden: 78336K(78336K)->0K(78336K) From: 1216K(2048K)->1056K(1536K)
[212.030s][info][gc,heap        ] GC(413) ParOldGen: 5645K(1398272K)->6013K(1398272K)
[212.030s][info][gc,metaspace   ] GC(413) Metaspace: 9952K(10304K)->9952K(10304K) NonClass: 8651K(8896K)->8651K(8896K) Class: 1301K(1408K)->1301K(1408K)
[212.030s][info][gc             ] GC(413) Pause Young (Allocation Failure) 83M->6M(1443M) 1.249ms
[212.030s][info][gc,cpu         ] GC(413) User=0.00s Sys=0.00s Real=0.00s
[212.352s][info][gc,start       ] GC(414) Pause Young (Allocation Failure)
[212.364s][info][gc,heap        ] GC(414) PSYoungGen: 79392K(79872K)->1056K(79872K) Eden: 78336K(78336K)->0K(78336K) From: 1056K(1536K)->1056K(1536K)
[212.364s][info][gc,heap        ] GC(414) ParOldGen: 6013K(1398272K)->6013K(1398272K)
[212.364s][info][gc,metaspace   ] GC(414) Metaspace: 9952K(10304K)->9952K(10304K) NonClass: 8651K(8896K)->8651K(8896K) Class: 1301K(1408K)->1301K(1408K)
[212.364s][info][gc             ] GC(414) Pause Young (Allocation Failure) 83M->6M(1443M) 11.770ms
[212.364s][info][gc,cpu         ] GC(414) User=0.00s Sys=0.00s Real=0.02s
[212.676s][info][gc,start       ] GC(415) Pause Young (Allocation Failure)
[212.677s][info][gc,heap        ] GC(415) PSYoungGen: 79392K(79872K)->1056K(79872K) Eden: 78336K(78336K)->0K(78336K) From: 1056K(1536K)->1056K(1536K)
[212.677s][info][gc,heap        ] GC(415) ParOldGen: 6013K(1398272K)->6013K(1398272K)
[212.677s][info][gc,metaspace   ] GC(415) Metaspace: 9952K(10304K)->9952K(10304K) NonClass: 8651K(8896K)->8651K(8896K) Class: 1301K(1408K)->1301K(1408K)
[212.677s][info][gc             ] GC(415) Pause Young (Allocation Failure) 83M->6M(1443M) 1.058ms
[212.677s][info][gc,cpu         ] GC(415) User=0.00s Sys=0.00s Real=0.00s
[212.991s][info][gc,start       ] GC(416) Pause Young (Allocation Failure)
[212.992s][info][gc,heap        ] GC(416) PSYoungGen: 79392K(79872K)->1120K(79872K) Eden: 78336K(78336K)->0K(78336K) From: 1056K(1536K)->1120K(1536K)
[212.992s][info][gc,heap        ] GC(416) ParOldGen: 6013K(1398272K)->6109K(1398272K)
[212.992s][info][gc,metaspace   ] GC(416) Metaspace: 9952K(10304K)->9952K(10304K) NonClass: 8651K(8896K)->8651K(8896K) Class: 1301K(1408K)->1301K(1408K)
[212.992s][info][gc             ] GC(416) Pause Young (Allocation Failure) 83M->7M(1443M) 1.323ms
[212.992s][info][gc,cpu         ] GC(416) User=0.00s Sys=0.00s Real=0.00s
[213.314s][info][gc,start       ] GC(417) Pause Young (Allocation Failure)
[213.316s][info][gc,heap        ] GC(417) PSYoungGen: 79456K(79872K)->1024K(79360K) Eden: 78336K(78336K)->0K(78336K) From: 1120K(1536K)->1024K(1024K)
[213.316s][info][gc,heap        ] GC(417) ParOldGen: 6109K(1398272K)->6461K(1398272K)
[213.316s][info][gc,metaspace   ] GC(417) Metaspace: 9952K(10304K)->9952K(10304K) NonClass: 8651K(8896K)->8651K(8896K) Class: 1301K(1408K)->1301K(1408K)
[213.316s][info][gc             ] GC(417) Pause Young (Allocation Failure) 83M->7M(1443M) 1.309ms
[213.316s][info][gc,cpu         ] GC(417) User=0.52s Sys=0.00s Real=0.02s
[213.630s][info][gc,start       ] GC(418) Pause Young (Allocation Failure)
[213.631s][info][gc,heap        ] GC(418) PSYoungGen: 79360K(79360K)->1056K(79872K) Eden: 78336K(78336K)->0K(78336K) From: 1024K(1024K)->1056K(1536K)
[213.631s][info][gc,heap        ] GC(418) ParOldGen: 6461K(1398272K)->6461K(1398272K)
[213.631s][info][gc,metaspace   ] GC(418) Metaspace: 9952K(10304K)->9952K(10304K) NonClass: 8651K(8896K)->8651K(8896K) Class: 1301K(1408K)->1301K(1408K)
[213.631s][info][gc             ] GC(418) Pause Young (Allocation Failure) 83M->7M(1443M) 1.195ms
[213.631s][info][gc,cpu         ] GC(418) User=0.00s Sys=0.00s Real=0.00s
[213.955s][info][gc,start       ] GC(419) Pause Young (Allocation Failure)
[213.956s][info][gc,heap        ] GC(419) PSYoungGen: 79392K(79872K)->1024K(79360K) Eden: 78336K(78336K)->0K(78336K) From: 1056K(1536K)->1024K(1024K)
[213.956s][info][gc,heap        ] GC(419) ParOldGen: 6461K(1398272K)->6477K(1398272K)
[213.956s][info][gc,metaspace   ] GC(419) Metaspace: 9952K(10304K)->9952K(10304K) NonClass: 8651K(8896K)->8651K(8896K) Class: 1301K(1408K)->1301K(1408K)
[213.956s][info][gc             ] GC(419) Pause Young (Allocation Failure) 83M->7M(1443M) 1.067ms
[213.956s][info][gc,cpu         ] GC(419) User=0.00s Sys=0.00s Real=0.00s
[214.283s][info][gc,start       ] GC(420) Pause Young (Allocation Failure)
[214.284s][info][gc,heap        ] GC(420) PSYoungGen: 79360K(79360K)->1152K(79872K) Eden: 78336K(78336K)->0K(78336K) From: 1024K(1024K)->1152K(1536K)
[214.284s][info][gc,heap        ] GC(420) ParOldGen: 6477K(1398272K)->6645K(1398272K)
[214.284s][info][gc,metaspace   ] GC(420) Metaspace: 9952K(10304K)->9952K(10304K) NonClass: 8651K(8896K)->8651K(8896K) Class: 1301K(1408K)->1301K(1408K)
[214.285s][info][gc             ] GC(420) Pause Young (Allocation Failure) 83M->7M(1443M) 1.300ms
[214.285s][info][gc,cpu         ] GC(420) User=0.00s Sys=0.00s Real=0.00s
[214.610s][info][gc,start       ] GC(421) Pause Young (Allocation Failure)
[214.612s][info][gc,heap        ] GC(421) PSYoungGen: 79488K(79872K)->1024K(79360K) Eden: 78336K(78336K)->0K(78336K) From: 1152K(1536K)->1024K(1024K)
[214.612s][info][gc,heap        ] GC(421) ParOldGen: 6645K(1398272K)->7221K(1398272K)
[214.612s][info][gc,metaspace   ] GC(421) Metaspace: 9952K(10304K)->9952K(10304K) NonClass: 8651K(8896K)->8651K(8896K) Class: 1301K(1408K)->1301K(1408K)
[214.612s][info][gc             ] GC(421) Pause Young (Allocation Failure) 84M->8M(1443M) 1.214ms
[214.612s][info][gc,cpu         ] GC(421) User=0.52s Sys=0.00s Real=0.02s
[214.938s][info][gc,start       ] GC(422) Pause Young (Allocation Failure)
[214.939s][info][gc,heap        ] GC(422) PSYoungGen: 79360K(79360K)->1088K(79872K) Eden: 78336K(78336K)->0K(78336K) From: 1024K(1024K)->1088K(1536K)
[214.939s][info][gc,heap        ] GC(422) ParOldGen: 7221K(1398272K)->7221K(1398272K)
[214.939s][info][gc,metaspace   ] GC(422) Metaspace: 9952K(10304K)->9952K(10304K) NonClass: 8651K(8896K)->8651K(8896K) Class: 1301K(1408K)->1301K(1408K)
[214.939s][info][gc             ] GC(422) Pause Young (Allocation Failure) 84M->8M(1443M) 1.179ms
[214.939s][info][gc,cpu         ] GC(422) User=0.00s Sys=0.00s Real=0.00s
[215.270s][info][gc,start       ] GC(423) Pause Young (Allocation Failure)
[215.271s][info][gc,heap        ] GC(423) PSYoungGen: 79424K(79872K)->1024K(79360K) Eden: 78336K(78336K)->0K(78336K) From: 1088K(1536K)->1024K(1024K)
[215.271s][info][gc,heap        ] GC(423) ParOldGen: 7221K(1398272K)->7573K(1398272K)
[215.271s][info][gc,metaspace   ] GC(423) Metaspace: 9952K(10304K)->9952K(10304K) NonClass: 8651K(8896K)->8651K(8896K) Class: 1301K(1408K)->1301K(1408K)
[215.271s][info][gc             ] GC(423) Pause Young (Allocation Failure) 84M->8M(1443M) 1.089ms
[215.271s][info][gc,cpu         ] GC(423) User=0.00s Sys=0.00s Real=0.00s
[215.579s][info][gc,start       ] GC(424) Pause Young (Allocation Failure)
[215.580s][info][gc,heap        ] GC(424) PSYoungGen: 79360K(79360K)->1056K(79872K) Eden: 78336K(78336K)->0K(78336K) From: 1024K(1024K)->1056K(1536K)
[215.580s][info][gc,heap        ] GC(424) ParOldGen: 7573K(1398272K)->7573K(1398272K)
[215.580s][info][gc,metaspace   ] GC(424) Metaspace: 9952K(10304K)->9952K(10304K) NonClass: 8651K(8896K)->8651K(8896K) Class: 1301K(1408K)->1301K(1408K)
[215.580s][info][gc             ] GC(424) Pause Young (Allocation Failure) 84M->8M(1443M) 1.165ms
[215.580s][info][gc,cpu         ] GC(424) User=0.00s Sys=0.00s Real=0.00s
[215.899s][info][gc,start       ] GC(425) Pause Young (Allocation Failure)
[215.900s][info][gc,heap        ] GC(425) PSYoungGen: 79392K(79872K)->1024K(79360K) Eden: 78336K(78336K)->0K(78336K) From: 1056K(1536K)->1024K(1024K)
[215.900s][info][gc,heap        ] GC(425) ParOldGen: 7573K(1398272K)->7589K(1398272K)
[215.900s][info][gc,metaspace   ] GC(425) Metaspace: 9952K(10304K)->9952K(10304K) NonClass: 8651K(8896K)->8651K(8896K) Class: 1301K(1408K)->1301K(1408K)
[215.900s][info][gc             ] GC(425) Pause Young (Allocation Failure) 84M->8M(1443M) 1.028ms
[215.900s][info][gc,cpu         ] GC(425) User=0.52s Sys=0.00s Real=0.02s
[216.221s][info][gc,start       ] GC(426) Pause Young (Allocation Failure)
[216.222s][info][gc,heap        ] GC(426) PSYoungGen: 79360K(79360K)->1056K(79872K) Eden: 78336K(78336K)->0K(78336K) From: 1024K(1024K)->1056K(1536K)
[216.222s][info][gc,heap        ] GC(426) ParOldGen: 7589K(1398272K)->7645K(1398272K)
[216.222s][info][gc,metaspace   ] GC(426) Metaspace: 9952K(10304K)->9952K(10304K) NonClass: 8651K(8896K)->8651K(8896K) Class: 1301K(1408K)->1301K(1408K)
[216.222s][info][gc             ] GC(426) Pause Young (Allocation Failure) 84M->8M(1443M) 1.239ms
[216.222s][info][gc,cpu         ] GC(426) User=0.00s Sys=0.00s Real=0.00s
[216.535s][info][gc,start       ] GC(427) Pause Young (Allocation Failure)
[216.536s][info][gc,heap        ] GC(427) PSYoungGen: 79392K(79872K)->1024K(79360K) Eden: 78336K(78336K)->0K(78336K) From: 1056K(1536K)->1024K(1024K)
[216.536s][info][gc,heap        ] GC(427) ParOldGen: 7645K(1398272K)->7653K(1398272K)
[216.536s][info][gc,metaspace   ] GC(427) Metaspace: 9952K(10304K)->9952K(10304K) NonClass: 8651K(8896K)->8651K(8896K) Class: 1301K(1408K)->1301K(1408K)
[216.536s][info][gc             ] GC(427) Pause Young (Allocation Failure) 84M->8M(1443M) 1.101ms
[216.536s][info][gc,cpu         ] GC(427) User=0.00s Sys=0.00s Real=0.00s
[216.857s][info][gc,start       ] GC(428) Pause Young (Allocation Failure)
[216.858s][info][gc,heap        ] GC(428) PSYoungGen: 79360K(79360K)->1056K(79872K) Eden: 78336K(78336K)->0K(78336K) From: 1024K(1024K)->1056K(1536K)
[216.858s][info][gc,heap        ] GC(428) ParOldGen: 7653K(1398272K)->7797K(1398272K)
[216.858s][info][gc,metaspace   ] GC(428) Metaspace: 9952K(10304K)->9952K(10304K) NonClass: 8651K(8896K)->8651K(8896K) Class: 1301K(1408K)->1301K(1408K)
[216.858s][info][gc             ] GC(428) Pause Young (Allocation Failure) 84M->8M(1443M) 1.164ms
[216.858s][info][gc,cpu         ] GC(428) User=0.00s Sys=0.00s Real=0.00s
[217.171s][info][gc,start       ] GC(429) Pause Young (Allocation Failure)
[217.172s][info][gc,heap        ] GC(429) PSYoungGen: 79392K(79872K)->1024K(79360K) Eden: 78336K(78336K)->0K(78336K) From: 1056K(1536K)->1024K(1024K)
[217.172s][info][gc,heap        ] GC(429) ParOldGen: 7797K(1398272K)->7813K(1398272K)
[217.172s][info][gc,metaspace   ] GC(429) Metaspace: 9952K(10304K)->9952K(10304K) NonClass: 8651K(8896K)->8651K(8896K) Class: 1301K(1408K)->1301K(1408K)
[217.172s][info][gc             ] GC(429) Pause Young (Allocation Failure) 85M->8M(1443M) 0.986ms
[217.172s][info][gc,cpu         ] GC(429) User=0.00s Sys=0.00s Real=0.00s
[217.462s][info][gc,start       ] GC(430) Pause Young (System.gc())
[217.463s][info][gc,heap        ] GC(430) PSYoungGen: 71378K(79360K)->1056K(79872K) Eden: 70354K(78336K)->0K(78336K) From: 1024K(1024K)->1056K(1536K)
[217.463s][info][gc,heap        ] GC(430) ParOldGen: 7813K(1398272K)->8037K(1398272K)
[217.463s][info][gc,metaspace   ] GC(430) Metaspace: 9952K(10304K)->9952K(10304K) NonClass: 8651K(8896K)->8651K(8896K) Class: 1301K(1408K)->1301K(1408K)
[217.463s][info][gc             ] GC(430) Pause Young (System.gc()) 77M->8M(1443M) 1.181ms
[217.463s][info][gc,cpu         ] GC(430) User=0.00s Sys=0.00s Real=0.00s
[217.463s][info][gc,start       ] GC(431) Pause Full (System.gc())
[217.463s][info][gc,phases,start] GC(431) Marking Phase
[217.479s][info][gc,phases      ] GC(431) Marking Phase 15.223ms
[217.479s][info][gc,phases,start] GC(431) Summary Phase
[217.479s][info][gc,phases      ] GC(431) Summary Phase 0.022ms
[217.479s][info][gc,phases,start] GC(431) Adjust Roots
[217.482s][info][gc,phases      ] GC(431) Adjust Roots 3.044ms
[217.482s][info][gc,phases,start] GC(431) Compaction Phase
[217.486s][info][gc,phases      ] GC(431) Compaction Phase 3.918ms
[217.486s][info][gc,phases,start] GC(431) Post Compact
[217.486s][info][gc,phases      ] GC(431) Post Compact 0.798ms
[217.487s][info][gc,heap        ] GC(431) PSYoungGen: 1056K(79872K)->0K(79872K) Eden: 0K(78336K)->0K(78336K) From: 1056K(1536K)->0K(1536K)
[217.487s][info][gc,heap        ] GC(431) ParOldGen: 8037K(1398272K)->4077K(1398272K)
[217.487s][info][gc,metaspace   ] GC(431) Metaspace: 9952K(10304K)->9952K(10304K) NonClass: 8651K(8896K)->8651K(8896K) Class: 1301K(1408K)->1301K(1408K)
[217.487s][info][gc             ] GC(431) Pause Full (System.gc()) 8M->3M(1443M) 23.361ms
[217.487s][info][gc,cpu         ] GC(431) User=0.02s Sys=0.00s Real=0.02s
[217.815s][info][gc,start       ] GC(432) Pause Young (Allocation Failure)
[217.816s][info][gc,heap        ] GC(432) PSYoungGen: 78336K(79872K)->1024K(79360K) Eden: 78336K(78336K)->0K(78336K) From: 0K(1536K)->1024K(1024K)
[217.816s][info][gc,heap        ] GC(432) ParOldGen: 4077K(1398272K)->4421K(1398272K)
[217.816s][info][gc,metaspace   ] GC(432) Metaspace: 9952K(10304K)->9952K(10304K) NonClass: 8651K(8896K)->8651K(8896K) Class: 1301K(1408K)->1301K(1408K)
[217.816s][info][gc             ] GC(432) Pause Young (Allocation Failure) 80M->5M(1443M) 1.291ms
[217.816s][info][gc,cpu         ] GC(432) User=0.00s Sys=0.00s Real=0.00s
[218.131s][info][gc,start       ] GC(433) Pause Young (Allocation Failure)
[218.133s][info][gc,heap        ] GC(433) PSYoungGen: 79360K(79360K)->1248K(79872K) Eden: 78336K(78336K)->0K(78336K) From: 1024K(1024K)->1248K(1536K)
[218.133s][info][gc,heap        ] GC(433) ParOldGen: 4421K(1398272K)->5133K(1398272K)
[218.133s][info][gc,metaspace   ] GC(433) Metaspace: 9952K(10304K)->9952K(10304K) NonClass: 8651K(8896K)->8651K(8896K) Class: 1301K(1408K)->1301K(1408K)
[218.133s][info][gc             ] GC(433) Pause Young (Allocation Failure) 81M->6M(1443M) 1.769ms
[218.133s][info][gc,cpu         ] GC(433) User=0.00s Sys=0.00s Real=0.00s
[218.455s][info][gc,start       ] GC(434) Pause Young (Allocation Failure)
[218.456s][info][gc,heap        ] GC(434) PSYoungGen: 79584K(79872K)->1024K(79360K) Eden: 78336K(78336K)->0K(78336K) From: 1248K(1536K)->1024K(1024K)
[218.456s][info][gc,heap        ] GC(434) ParOldGen: 5133K(1398272K)->5181K(1398272K)
[218.456s][info][gc,metaspace   ] GC(434) Metaspace: 9952K(10304K)->9952K(10304K) NonClass: 8651K(8896K)->8651K(8896K) Class: 1301K(1408K)->1301K(1408K)
[218.456s][info][gc             ] GC(434) Pause Young (Allocation Failure) 82M->6M(1443M) 1.187ms
[218.456s][info][gc,cpu         ] GC(434) User=0.00s Sys=0.00s Real=0.00s
[218.785s][info][gc,start       ] GC(435) Pause Young (Allocation Failure)
[218.786s][info][gc,heap        ] GC(435) PSYoungGen: 79360K(79360K)->1088K(79872K) Eden: 78336K(78336K)->0K(78336K) From: 1024K(1024K)->1088K(1536K)
[218.786s][info][gc,heap        ] GC(435) ParOldGen: 5181K(1398272K)->5541K(1398272K)
[218.786s][info][gc,metaspace   ] GC(435) Metaspace: 9952K(10304K)->9952K(10304K) NonClass: 8651K(8896K)->8651K(8896K) Class: 1301K(1408K)->1301K(1408K)
[218.786s][info][gc             ] GC(435) Pause Young (Allocation Failure) 82M->6M(1443M) 1.323ms
[218.786s][info][gc,cpu         ] GC(435) User=0.00s Sys=0.00s Real=0.00s
[219.103s][info][gc,start       ] GC(436) Pause Young (Allocation Failure)
[219.104s][info][gc,heap        ] GC(436) PSYoungGen: 79424K(79872K)->1024K(79360K) Eden: 78336K(78336K)->0K(78336K) From: 1088K(1536K)->1024K(1024K)
[219.104s][info][gc,heap        ] GC(436) ParOldGen: 5541K(1398272K)->5917K(1398272K)
[219.104s][info][gc,metaspace   ] GC(436) Metaspace: 9952K(10304K)->9952K(10304K) NonClass: 8651K(8896K)->8651K(8896K) Class: 1301K(1408K)->1301K(1408K)
[219.104s][info][gc             ] GC(436) Pause Young (Allocation Failure) 82M->6M(1443M) 1.164ms
[219.104s][info][gc,cpu         ] GC(436) User=0.00s Sys=0.00s Real=0.00s
[219.415s][info][gc,start       ] GC(437) Pause Young (Allocation Failure)
[219.416s][info][gc,heap        ] GC(437) PSYoungGen: 79360K(79360K)->1088K(79872K) Eden: 78336K(78336K)->0K(78336K) From: 1024K(1024K)->1088K(1536K)
[219.416s][info][gc,heap        ] GC(437) ParOldGen: 5917K(1398272K)->5981K(1398272K)
[219.416s][info][gc,metaspace   ] GC(437) Metaspace: 9952K(10304K)->9952K(10304K) NonClass: 8651K(8896K)->8651K(8896K) Class: 1301K(1408K)->1301K(1408K)
[219.416s][info][gc             ] GC(437) Pause Young (Allocation Failure) 83M->6M(1443M) 1.297ms
[219.416s][info][gc,cpu         ] GC(437) User=0.00s Sys=0.00s Real=0.00s
[219.735s][info][gc,start       ] GC(438) Pause Young (Allocation Failure)
[219.736s][info][gc,heap        ] GC(438) PSYoungGen: 79424K(79872K)->1024K(79360K) Eden: 78336K(78336K)->0K(78336K) From: 1088K(1536K)->1024K(1024K)
[219.736s][info][gc,heap        ] GC(438) ParOldGen: 5981K(1398272K)->6325K(1398272K)
[219.736s][info][gc,metaspace   ] GC(438) Metaspace: 9952K(10304K)->9952K(10304K) NonClass: 8651K(8896K)->8651K(8896K) Class: 1301K(1408K)->1301K(1408K)
[219.736s][info][gc             ] GC(438) Pause Young (Allocation Failure) 83M->7M(1443M) 1.105ms
[219.736s][info][gc,cpu         ] GC(438) User=0.00s Sys=0.00s Real=0.00s
[220.047s][info][gc,start       ] GC(439) Pause Young (Allocation Failure)
[220.048s][info][gc,heap        ] GC(439) PSYoungGen: 79360K(79360K)->1056K(79872K) Eden: 78336K(78336K)->0K(78336K) From: 1024K(1024K)->1056K(1536K)
[220.048s][info][gc,heap        ] GC(439) ParOldGen: 6325K(1398272K)->6325K(1398272K)
[220.048s][info][gc,metaspace   ] GC(439) Metaspace: 9952K(10304K)->9952K(10304K) NonClass: 8651K(8896K)->8651K(8896K) Class: 1301K(1408K)->1301K(1408K)
[220.048s][info][gc             ] GC(439) Pause Young (Allocation Failure) 83M->7M(1443M) 1.208ms
[220.048s][info][gc,cpu         ] GC(439) User=0.00s Sys=0.00s Real=0.00s
[220.359s][info][gc,start       ] GC(440) Pause Young (Allocation Failure)
[220.360s][info][gc,heap        ] GC(440) PSYoungGen: 79392K(79872K)->1024K(79360K) Eden: 78336K(78336K)->0K(78336K) From: 1056K(1536K)->1024K(1024K)
[220.360s][info][gc,heap        ] GC(440) ParOldGen: 6325K(1398272K)->6389K(1398272K)
[220.360s][info][gc,metaspace   ] GC(440) Metaspace: 9952K(10304K)->9952K(10304K) NonClass: 8651K(8896K)->8651K(8896K) Class: 1301K(1408K)->1301K(1408K)
[220.360s][info][gc             ] GC(440) Pause Young (Allocation Failure) 83M->7M(1443M) 1.129ms
[220.360s][info][gc,cpu         ] GC(440) User=0.00s Sys=0.00s Real=0.00s
[220.681s][info][gc,start       ] GC(441) Pause Young (Allocation Failure)
[220.682s][info][gc,heap        ] GC(441) PSYoungGen: 79360K(79360K)->1056K(79872K) Eden: 78336K(78336K)->0K(78336K) From: 1024K(1024K)->1056K(1536K)
[220.682s][info][gc,heap        ] GC(441) ParOldGen: 6389K(1398272K)->6757K(1398272K)
[220.682s][info][gc,metaspace   ] GC(441) Metaspace: 9952K(10304K)->9952K(10304K) NonClass: 8651K(8896K)->8651K(8896K) Class: 1301K(1408K)->1301K(1408K)
[220.682s][info][gc             ] GC(441) Pause Young (Allocation Failure) 83M->7M(1443M) 1.305ms
[220.682s][info][gc,cpu         ] GC(441) User=0.02s Sys=0.00s Real=0.00s
[220.994s][info][gc,start       ] GC(442) Pause Young (Allocation Failure)
[220.995s][info][gc,heap        ] GC(442) PSYoungGen: 79392K(79872K)->1024K(79360K) Eden: 78336K(78336K)->0K(78336K) From: 1056K(1536K)->1024K(1024K)
[220.995s][info][gc,heap        ] GC(442) ParOldGen: 6757K(1398272K)->6773K(1398272K)
[220.995s][info][gc,metaspace   ] GC(442) Metaspace: 9952K(10304K)->9952K(10304K) NonClass: 8651K(8896K)->8651K(8896K) Class: 1301K(1408K)->1301K(1408K)
[220.995s][info][gc             ] GC(442) Pause Young (Allocation Failure) 84M->7M(1443M) 1.019ms
[220.995s][info][gc,cpu         ] GC(442) User=0.00s Sys=0.00s Real=0.00s
[221.319s][info][gc,start       ] GC(443) Pause Young (Allocation Failure)
[221.320s][info][gc,heap        ] GC(443) PSYoungGen: 79360K(79360K)->1056K(79872K) Eden: 78336K(78336K)->0K(78336K) From: 1024K(1024K)->1056K(1536K)
[221.320s][info][gc,heap        ] GC(443) ParOldGen: 6773K(1398272K)->6805K(1398272K)
[221.320s][info][gc,metaspace   ] GC(443) Metaspace: 9952K(10304K)->9952K(10304K) NonClass: 8651K(8896K)->8651K(8896K) Class: 1301K(1408K)->1301K(1408K)
[221.320s][info][gc             ] GC(443) Pause Young (Allocation Failure) 84M->7M(1443M) 1.254ms
[221.320s][info][gc,cpu         ] GC(443) User=0.00s Sys=0.00s Real=0.00s
[221.638s][info][gc,start       ] GC(444) Pause Young (Allocation Failure)
[221.639s][info][gc,heap        ] GC(444) PSYoungGen: 79392K(79872K)->1024K(79360K) Eden: 78336K(78336K)->0K(78336K) From: 1056K(1536K)->1024K(1024K)
[221.639s][info][gc,heap        ] GC(444) ParOldGen: 6805K(1398272K)->7141K(1398272K)
[221.639s][info][gc,metaspace   ] GC(444) Metaspace: 9952K(10304K)->9952K(10304K) NonClass: 8651K(8896K)->8651K(8896K) Class: 1301K(1408K)->1301K(1408K)
[221.639s][info][gc             ] GC(444) Pause Young (Allocation Failure) 84M->7M(1443M) 1.140ms
[221.639s][info][gc,cpu         ] GC(444) User=0.00s Sys=0.00s Real=0.00s
[221.963s][info][gc,start       ] GC(445) Pause Young (Allocation Failure)
[221.964s][info][gc,heap        ] GC(445) PSYoungGen: 79360K(79360K)->1056K(79872K) Eden: 78336K(78336K)->0K(78336K) From: 1024K(1024K)->1056K(1536K)
[221.964s][info][gc,heap        ] GC(445) ParOldGen: 7141K(1398272K)->7141K(1398272K)
[221.964s][info][gc,metaspace   ] GC(445) Metaspace: 9952K(10304K)->9952K(10304K) NonClass: 8651K(8896K)->8651K(8896K) Class: 1301K(1408K)->1301K(1408K)
[221.965s][info][gc             ] GC(445) Pause Young (Allocation Failure) 84M->8M(1443M) 1.173ms
[221.965s][info][gc,cpu         ] GC(445) User=0.00s Sys=0.00s Real=0.00s
[222.283s][info][gc,start       ] GC(446) Pause Young (Allocation Failure)
[222.284s][info][gc,heap        ] GC(446) PSYoungGen: 79392K(79872K)->1024K(79360K) Eden: 78336K(78336K)->0K(78336K) From: 1056K(1536K)->1024K(1024K)
[222.284s][info][gc,heap        ] GC(446) ParOldGen: 7141K(1398272K)->7165K(1398272K)
[222.284s][info][gc,metaspace   ] GC(446) Metaspace: 9952K(10304K)->9952K(10304K) NonClass: 8651K(8896K)->8651K(8896K) Class: 1301K(1408K)->1301K(1408K)
[222.284s][info][gc             ] GC(446) Pause Young (Allocation Failure) 84M->7M(1443M) 1.128ms
[222.284s][info][gc,cpu         ] GC(446) User=0.00s Sys=0.00s Real=0.00s
[222.596s][info][gc,start       ] GC(447) Pause Young (Allocation Failure)
[222.597s][info][gc,heap        ] GC(447) PSYoungGen: 79360K(79360K)->1184K(79872K) Eden: 78336K(78336K)->0K(78336K) From: 1024K(1024K)->1184K(1536K)
[222.597s][info][gc,heap        ] GC(447) ParOldGen: 7165K(1398272K)->7629K(1398272K)
[222.597s][info][gc,metaspace   ] GC(447) Metaspace: 9952K(10304K)->9952K(10304K) NonClass: 8651K(8896K)->8651K(8896K) Class: 1301K(1408K)->1301K(1408K)
[222.597s][info][gc             ] GC(447) Pause Young (Allocation Failure) 84M->8M(1443M) 1.345ms
[222.597s][info][gc,cpu         ] GC(447) User=0.00s Sys=0.00s Real=0.00s
[222.906s][info][gc,start       ] GC(448) Pause Young (Allocation Failure)
[222.907s][info][gc,heap        ] GC(448) PSYoungGen: 79520K(79872K)->1024K(79360K) Eden: 78336K(78336K)->0K(78336K) From: 1184K(1536K)->1024K(1024K)
[222.907s][info][gc,heap        ] GC(448) ParOldGen: 7629K(1398272K)->7717K(1398272K)
[222.907s][info][gc,metaspace   ] GC(448) Metaspace: 9952K(10304K)->9952K(10304K) NonClass: 8651K(8896K)->8651K(8896K) Class: 1301K(1408K)->1301K(1408K)
[222.907s][info][gc             ] GC(448) Pause Young (Allocation Failure) 85M->8M(1443M) 1.019ms
[222.907s][info][gc,cpu         ] GC(448) User=0.00s Sys=0.00s Real=0.00s
[223.225s][info][gc,start       ] GC(449) Pause Young (Allocation Failure)
[223.226s][info][gc,heap        ] GC(449) PSYoungGen: 79360K(79360K)->1056K(79872K) Eden: 78336K(78336K)->0K(78336K) From: 1024K(1024K)->1056K(1536K)
[223.226s][info][gc,heap        ] GC(449) ParOldGen: 7717K(1398272K)->7821K(1398272K)
[223.226s][info][gc,metaspace   ] GC(449) Metaspace: 9952K(10304K)->9952K(10304K) NonClass: 8651K(8896K)->8651K(8896K) Class: 1301K(1408K)->1301K(1408K)
[223.226s][info][gc             ] GC(449) Pause Young (Allocation Failure) 85M->8M(1443M) 1.248ms
[223.226s][info][gc,cpu         ] GC(449) User=0.00s Sys=0.00s Real=0.00s
[223.539s][info][gc,start       ] GC(450) Pause Young (Allocation Failure)
[223.540s][info][gc,heap        ] GC(450) PSYoungGen: 79392K(79872K)->1024K(79360K) Eden: 78336K(78336K)->0K(78336K) From: 1056K(1536K)->1024K(1024K)
[223.540s][info][gc,heap        ] GC(450) ParOldGen: 7821K(1398272K)->7869K(1398272K)
[223.540s][info][gc,metaspace   ] GC(450) Metaspace: 9952K(10304K)->9952K(10304K) NonClass: 8651K(8896K)->8651K(8896K) Class: 1301K(1408K)->1301K(1408K)
[223.540s][info][gc             ] GC(450) Pause Young (Allocation Failure) 85M->8M(1443M) 1.041ms
[223.540s][info][gc,cpu         ] GC(450) User=0.00s Sys=0.00s Real=0.00s
[223.854s][info][gc,start       ] GC(451) Pause Young (Allocation Failure)
[223.856s][info][gc,heap        ] GC(451) PSYoungGen: 79360K(79360K)->992K(79360K) Eden: 78336K(78336K)->0K(78336K) From: 1024K(1024K)->992K(1024K)
[223.856s][info][gc,heap        ] GC(451) ParOldGen: 7869K(1398272K)->8221K(1398272K)
[223.856s][info][gc,metaspace   ] GC(451) Metaspace: 9952K(10304K)->9952K(10304K) NonClass: 8651K(8896K)->8651K(8896K) Class: 1301K(1408K)->1301K(1408K)
[223.856s][info][gc             ] GC(451) Pause Young (Allocation Failure) 85M->8M(1443M) 1.629ms
[223.856s][info][gc,cpu         ] GC(451) User=0.00s Sys=0.00s Real=0.00s
[224.170s][info][gc,start       ] GC(452) Pause Young (System.gc())
[224.171s][info][gc,heap        ] GC(452) PSYoungGen: 76185K(79360K)->1056K(79872K) Eden: 75193K(78336K)->0K(78336K) From: 992K(1024K)->1056K(1536K)
[224.171s][info][gc,heap        ] GC(452) ParOldGen: 8221K(1398272K)->8221K(1398272K)
[224.171s][info][gc,metaspace   ] GC(452) Metaspace: 9952K(10304K)->9952K(10304K) NonClass: 8651K(8896K)->8651K(8896K) Class: 1301K(1408K)->1301K(1408K)
[224.171s][info][gc             ] GC(452) Pause Young (System.gc()) 82M->9M(1443M) 0.976ms
[224.171s][info][gc,cpu         ] GC(452) User=0.00s Sys=0.00s Real=0.00s
[224.171s][info][gc,start       ] GC(453) Pause Full (System.gc())
[224.172s][info][gc,phases,start] GC(453) Marking Phase
[224.188s][info][gc,phases      ] GC(453) Marking Phase 16.135ms
[224.188s][info][gc,phases,start] GC(453) Summary Phase
[224.188s][info][gc,phases      ] GC(453) Summary Phase 0.031ms
[224.188s][info][gc,phases,start] GC(453) Adjust Roots
[224.192s][info][gc,phases      ] GC(453) Adjust Roots 4.695ms
[224.192s][info][gc,phases,start] GC(453) Compaction Phase
[224.197s][info][gc,phases      ] GC(453) Compaction Phase 4.033ms
[224.197s][info][gc,phases,start] GC(453) Post Compact
[224.197s][info][gc,phases      ] GC(453) Post Compact 0.754ms
[224.197s][info][gc,heap        ] GC(453) PSYoungGen: 1056K(79872K)->0K(79872K) Eden: 0K(78336K)->0K(78336K) From: 1056K(1536K)->0K(1536K)
[224.197s][info][gc,heap        ] GC(453) ParOldGen: 8221K(1398272K)->4077K(1398272K)
[224.197s][info][gc,metaspace   ] GC(453) Metaspace: 9952K(10304K)->9952K(10304K) NonClass: 8651K(8896K)->8651K(8896K) Class: 1301K(1408K)->1301K(1408K)
[224.197s][info][gc             ] GC(453) Pause Full (System.gc()) 9M->3M(1443M) 25.921ms
[224.197s][info][gc,cpu         ] GC(453) User=0.53s Sys=0.00s Real=0.03s
[224.522s][info][gc,start       ] GC(454) Pause Young (Allocation Failure)
[224.524s][info][gc,heap        ] GC(454) PSYoungGen: 78336K(79872K)->1536K(79872K) Eden: 78336K(78336K)->0K(78336K) From: 0K(1536K)->1536K(1536K)
[224.524s][info][gc,heap        ] GC(454) ParOldGen: 4077K(1398272K)->4197K(1398272K)
[224.524s][info][gc,metaspace   ] GC(454) Metaspace: 9952K(10304K)->9952K(10304K) NonClass: 8651K(8896K)->8651K(8896K) Class: 1301K(1408K)->1301K(1408K)
[224.524s][info][gc             ] GC(454) Pause Young (Allocation Failure) 80M->5M(1443M) 1.569ms
[224.524s][info][gc,cpu         ] GC(454) User=0.00s Sys=0.00s Real=0.00s
[224.840s][info][gc,start       ] GC(455) Pause Young (Allocation Failure)
[224.842s][info][gc,heap        ] GC(455) PSYoungGen: 79872K(79872K)->512K(78848K) Eden: 78336K(78336K)->0K(78336K) From: 1536K(1536K)->512K(512K)
[224.842s][info][gc,heap        ] GC(455) ParOldGen: 4197K(1398272K)->5253K(1398272K)
[224.842s][info][gc,metaspace   ] GC(455) Metaspace: 9952K(10304K)->9952K(10304K) NonClass: 8651K(8896K)->8651K(8896K) Class: 1301K(1408K)->1301K(1408K)
[224.842s][info][gc             ] GC(455) Pause Young (Allocation Failure) 82M->5M(1442M) 1.472ms
[224.842s][info][gc,cpu         ] GC(455) User=0.00s Sys=0.00s Real=0.00s
[225.163s][info][gc,start       ] GC(456) Pause Young (Allocation Failure)
[225.165s][info][gc,heap        ] GC(456) PSYoungGen: 78848K(78848K)->1312K(80384K) Eden: 78336K(78336K)->0K(78336K) From: 512K(512K)->1312K(2048K)
[225.165s][info][gc,heap        ] GC(456) ParOldGen: 5253K(1398272K)->5757K(1398272K)
[225.165s][info][gc,metaspace   ] GC(456) Metaspace: 9952K(10304K)->9952K(10304K) NonClass: 8651K(8896K)->8651K(8896K) Class: 1301K(1408K)->1301K(1408K)
[225.165s][info][gc             ] GC(456) Pause Young (Allocation Failure) 82M->6M(1444M) 1.335ms
[225.165s][info][gc,cpu         ] GC(456) User=0.00s Sys=0.00s Real=0.00s
[225.485s][info][gc,start       ] GC(457) Pause Young (Allocation Failure)
[225.486s][info][gc,heap        ] GC(457) PSYoungGen: 79648K(80384K)->1120K(79872K) Eden: 78336K(78336K)->0K(78336K) From: 1312K(2048K)->1120K(1536K)
[225.486s][info][gc,heap        ] GC(457) ParOldGen: 5757K(1398272K)->6221K(1398272K)
[225.486s][info][gc,metaspace   ] GC(457) Metaspace: 9952K(10304K)->9952K(10304K) NonClass: 8651K(8896K)->8651K(8896K) Class: 1301K(1408K)->1301K(1408K)
[225.486s][info][gc             ] GC(457) Pause Young (Allocation Failure) 83M->7M(1443M) 1.303ms
[225.486s][info][gc,cpu         ] GC(457) User=0.00s Sys=0.00s Real=0.00s
[225.813s][info][gc,start       ] GC(458) Pause Young (Allocation Failure)
[225.814s][info][gc,heap        ] GC(458) PSYoungGen: 79456K(79872K)->1056K(79872K) Eden: 78336K(78336K)->0K(78336K) From: 1120K(1536K)->1056K(1536K)
[225.814s][info][gc,heap        ] GC(458) ParOldGen: 6221K(1398272K)->6221K(1398272K)
[225.814s][info][gc,metaspace   ] GC(458) Metaspace: 9952K(10304K)->9952K(10304K) NonClass: 8651K(8896K)->8651K(8896K) Class: 1301K(1408K)->1301K(1408K)
[225.814s][info][gc             ] GC(458) Pause Young (Allocation Failure) 83M->7M(1443M) 1.280ms
[225.814s][info][gc,cpu         ] GC(458) User=0.00s Sys=0.00s Real=0.00s
[226.135s][info][gc,start       ] GC(459) Pause Young (Allocation Failure)
[226.136s][info][gc,heap        ] GC(459) PSYoungGen: 79392K(79872K)->1056K(79872K) Eden: 78336K(78336K)->0K(78336K) From: 1056K(1536K)->1056K(1536K)
[226.136s][info][gc,heap        ] GC(459) ParOldGen: 6221K(1398272K)->6261K(1398272K)
[226.136s][info][gc,metaspace   ] GC(459) Metaspace: 9952K(10304K)->9952K(10304K) NonClass: 8651K(8896K)->8651K(8896K) Class: 1301K(1408K)->1301K(1408K)
[226.136s][info][gc             ] GC(459) Pause Young (Allocation Failure) 83M->7M(1443M) 1.118ms
[226.137s][info][gc,cpu         ] GC(459) User=0.00s Sys=0.00s Real=0.00s
[226.463s][info][gc,start       ] GC(460) Pause Young (Allocation Failure)
[226.465s][info][gc,heap        ] GC(460) PSYoungGen: 79392K(79872K)->1056K(79872K) Eden: 78336K(78336K)->0K(78336K) From: 1056K(1536K)->1056K(1536K)
[226.465s][info][gc,heap        ] GC(460) ParOldGen: 6261K(1398272K)->6637K(1398272K)
[226.465s][info][gc,metaspace   ] GC(460) Metaspace: 9952K(10304K)->9952K(10304K) NonClass: 8651K(8896K)->8651K(8896K) Class: 1301K(1408K)->1301K(1408K)
[226.465s][info][gc             ] GC(460) Pause Young (Allocation Failure) 83M->7M(1443M) 1.407ms
[226.465s][info][gc,cpu         ] GC(460) User=0.00s Sys=0.00s Real=0.00s
[226.786s][info][gc,start       ] GC(461) Pause Young (Allocation Failure)
[226.786s][info][gc,heap        ] GC(461) PSYoungGen: 79392K(79872K)->1056K(79872K) Eden: 78336K(78336K)->0K(78336K) From: 1056K(1536K)->1056K(1536K)
[226.787s][info][gc,heap        ] GC(461) ParOldGen: 6637K(1398272K)->6637K(1398272K)
[226.787s][info][gc,metaspace   ] GC(461) Metaspace: 9952K(10304K)->9952K(10304K) NonClass: 8651K(8896K)->8651K(8896K) Class: 1301K(1408K)->1301K(1408K)
[226.787s][info][gc             ] GC(461) Pause Young (Allocation Failure) 84M->7M(1443M) 1.005ms
[226.787s][info][gc,cpu         ] GC(461) User=0.00s Sys=0.00s Real=0.00s
[227.098s][info][gc,start       ] GC(462) Pause Young (Allocation Failure)
[227.099s][info][gc,heap        ] GC(462) PSYoungGen: 79392K(79872K)->1024K(79360K) Eden: 78336K(78336K)->0K(78336K) From: 1056K(1536K)->1024K(1024K)
[227.099s][info][gc,heap        ] GC(462) ParOldGen: 6637K(1398272K)->6981K(1398272K)
[227.099s][info][gc,metaspace   ] GC(462) Metaspace: 9952K(10304K)->9952K(10304K) NonClass: 8651K(8896K)->8651K(8896K) Class: 1301K(1408K)->1301K(1408K)
[227.099s][info][gc             ] GC(462) Pause Young (Allocation Failure) 84M->7M(1443M) 1.372ms
[227.099s][info][gc,cpu         ] GC(462) User=0.00s Sys=0.00s Real=0.00s
[227.416s][info][gc,start       ] GC(463) Pause Young (Allocation Failure)
[227.417s][info][gc,heap        ] GC(463) PSYoungGen: 79360K(79360K)->1024K(79360K) Eden: 78336K(78336K)->0K(78336K) From: 1024K(1024K)->1024K(1024K)
[227.417s][info][gc,heap        ] GC(463) ParOldGen: 6981K(1398272K)->7005K(1398272K)
[227.417s][info][gc,metaspace   ] GC(463) Metaspace: 9952K(10304K)->9952K(10304K) NonClass: 8651K(8896K)->8651K(8896K) Class: 1301K(1408K)->1301K(1408K)
[227.417s][info][gc             ] GC(463) Pause Young (Allocation Failure) 84M->7M(1443M) 1.111ms
[227.417s][info][gc,cpu         ] GC(463) User=0.00s Sys=0.00s Real=0.00s
[227.737s][info][gc,start       ] GC(464) Pause Young (Allocation Failure)
[227.738s][info][gc,heap        ] GC(464) PSYoungGen: 79360K(79360K)->1088K(79872K) Eden: 78336K(78336K)->0K(78336K) From: 1024K(1024K)->1088K(1536K)
[227.738s][info][gc,heap        ] GC(464) ParOldGen: 7005K(1398272K)->7373K(1398272K)
[227.738s][info][gc,metaspace   ] GC(464) Metaspace: 9952K(10304K)->9952K(10304K) NonClass: 8651K(8896K)->8651K(8896K) Class: 1301K(1408K)->1301K(1408K)
[227.738s][info][gc             ] GC(464) Pause Young (Allocation Failure) 84M->8M(1443M) 1.334ms
[227.738s][info][gc,cpu         ] GC(464) User=0.00s Sys=0.00s Real=0.00s
[228.057s][info][gc,start       ] GC(465) Pause Young (Allocation Failure)
[228.058s][info][gc,heap        ] GC(465) PSYoungGen: 79424K(79872K)->1024K(79360K) Eden: 78336K(78336K)->0K(78336K) From: 1088K(1536K)->1024K(1024K)
[228.058s][info][gc,heap        ] GC(465) ParOldGen: 7373K(1398272K)->7389K(1398272K)
[228.059s][info][gc,metaspace   ] GC(465) Metaspace: 9952K(10304K)->9952K(10304K) NonClass: 8651K(8896K)->8651K(8896K) Class: 1301K(1408K)->1301K(1408K)
[228.059s][info][gc             ] GC(465) Pause Young (Allocation Failure) 84M->8M(1443M) 1.169ms
[228.059s][info][gc,cpu         ] GC(465) User=0.00s Sys=0.00s Real=0.00s
[228.377s][info][gc,start       ] GC(466) Pause Young (Allocation Failure)
[228.378s][info][gc,heap        ] GC(466) PSYoungGen: 79360K(79360K)->1024K(79360K) Eden: 78336K(78336K)->0K(78336K) From: 1024K(1024K)->1024K(1024K)
[228.378s][info][gc,heap        ] GC(466) ParOldGen: 7389K(1398272K)->7757K(1398272K)
[228.378s][info][gc,metaspace   ] GC(466) Metaspace: 9952K(10304K)->9952K(10304K) NonClass: 8651K(8896K)->8651K(8896K) Class: 1301K(1408K)->1301K(1408K)
[228.378s][info][gc             ] GC(466) Pause Young (Allocation Failure) 84M->8M(1443M) 1.233ms
[228.378s][info][gc,cpu         ] GC(466) User=0.00s Sys=0.00s Real=0.00s
[228.691s][info][gc,start       ] GC(467) Pause Young (Allocation Failure)
[228.692s][info][gc,heap        ] GC(467) PSYoungGen: 79360K(79360K)->1056K(79872K) Eden: 78336K(78336K)->0K(78336K) From: 1024K(1024K)->1056K(1536K)
[228.692s][info][gc,heap        ] GC(467) ParOldGen: 7757K(1398272K)->7757K(1398272K)
[228.692s][info][gc,metaspace   ] GC(467) Metaspace: 9952K(10304K)->9952K(10304K) NonClass: 8651K(8896K)->8651K(8896K) Class: 1301K(1408K)->1301K(1408K)
[228.692s][info][gc             ] GC(467) Pause Young (Allocation Failure) 85M->8M(1443M) 1.030ms
[228.692s][info][gc,cpu         ] GC(467) User=0.00s Sys=0.00s Real=0.00s
[229.013s][info][gc,start       ] GC(468) Pause Young (Allocation Failure)
[229.014s][info][gc,heap        ] GC(468) PSYoungGen: 79392K(79872K)->1056K(79872K) Eden: 78336K(78336K)->0K(78336K) From: 1056K(1536K)->1056K(1536K)
[229.014s][info][gc,heap        ] GC(468) ParOldGen: 7757K(1398272K)->7757K(1398272K)
[229.014s][info][gc,metaspace   ] GC(468) Metaspace: 9952K(10304K)->9952K(10304K) NonClass: 8651K(8896K)->8651K(8896K) Class: 1301K(1408K)->1301K(1408K)
[229.014s][info][gc             ] GC(468) Pause Young (Allocation Failure) 85M->8M(1443M) 1.299ms
[229.014s][info][gc,cpu         ] GC(468) User=0.00s Sys=0.00s Real=0.00s
[229.332s][info][gc,start       ] GC(469) Pause Young (Allocation Failure)
[229.333s][info][gc,heap        ] GC(469) PSYoungGen: 79392K(79872K)->512K(78848K) Eden: 78336K(78336K)->0K(78336K) From: 1056K(1536K)->512K(512K)
[229.333s][info][gc,heap        ] GC(469) ParOldGen: 7757K(1398272K)->8237K(1398272K)
[229.333s][info][gc,metaspace   ] GC(469) Metaspace: 9952K(10304K)->9952K(10304K) NonClass: 8651K(8896K)->8651K(8896K) Class: 1301K(1408K)->1301K(1408K)
[229.333s][info][gc             ] GC(469) Pause Young (Allocation Failure) 85M->8M(1442M) 1.163ms
[229.334s][info][gc,cpu         ] GC(469) User=0.00s Sys=0.00s Real=0.00s
[229.651s][info][gc,start       ] GC(470) Pause Young (Allocation Failure)
[229.652s][info][gc,heap        ] GC(470) PSYoungGen: 78848K(78848K)->1120K(79872K) Eden: 78336K(78336K)->0K(78336K) From: 512K(512K)->1120K(1536K)
[229.652s][info][gc,heap        ] GC(470) ParOldGen: 8237K(1398272K)->8629K(1398272K)
[229.652s][info][gc,metaspace   ] GC(470) Metaspace: 9952K(10304K)->9952K(10304K) NonClass: 8651K(8896K)->8651K(8896K) Class: 1301K(1408K)->1301K(1408K)
[229.652s][info][gc             ] GC(470) Pause Young (Allocation Failure) 85M->9M(1443M) 1.213ms
[229.652s][info][gc,cpu         ] GC(470) User=0.00s Sys=0.00s Real=0.00s
[229.984s][info][gc,start       ] GC(471) Pause Young (Allocation Failure)
[229.986s][info][gc,heap        ] GC(471) PSYoungGen: 79456K(79872K)->1024K(79360K) Eden: 78336K(78336K)->0K(78336K) From: 1120K(1536K)->1024K(1024K)
[229.986s][info][gc,heap        ] GC(471) ParOldGen: 8629K(1398272K)->8981K(1398272K)
[229.986s][info][gc,metaspace   ] GC(471) Metaspace: 9952K(10304K)->9952K(10304K) NonClass: 8651K(8896K)->8651K(8896K) Class: 1301K(1408K)->1301K(1408K)
[229.986s][info][gc             ] GC(471) Pause Young (Allocation Failure) 86M->9M(1443M) 1.281ms
[229.986s][info][gc,cpu         ] GC(471) User=0.00s Sys=0.00s Real=0.00s
[230.311s][info][gc,start       ] GC(472) Pause Young (Allocation Failure)
[230.312s][info][gc,heap        ] GC(472) PSYoungGen: 79360K(79360K)->1184K(79872K) Eden: 78336K(78336K)->0K(78336K) From: 1024K(1024K)->1184K(1536K)
[230.312s][info][gc,heap        ] GC(472) ParOldGen: 8981K(1398272K)->9301K(1398272K)
[230.312s][info][gc,metaspace   ] GC(472) Metaspace: 9952K(10304K)->9952K(10304K) NonClass: 8651K(8896K)->8651K(8896K) Class: 1301K(1408K)->1301K(1408K)
[230.312s][info][gc             ] GC(472) Pause Young (Allocation Failure) 86M->10M(1443M) 1.341ms
[230.312s][info][gc,cpu         ] GC(472) User=0.00s Sys=0.00s Real=0.00s
[230.623s][info][gc,start       ] GC(473) Pause Young (Allocation Failure)
[230.624s][info][gc,heap        ] GC(473) PSYoungGen: 79520K(79872K)->992K(79360K) Eden: 78336K(78336K)->0K(78336K) From: 1184K(1536K)->992K(1024K)
[230.624s][info][gc,heap        ] GC(473) ParOldGen: 9301K(1398272K)->9661K(1398272K)
[230.624s][info][gc,metaspace   ] GC(473) Metaspace: 9952K(10304K)->9952K(10304K) NonClass: 8651K(8896K)->8651K(8896K) Class: 1301K(1408K)->1301K(1408K)
[230.624s][info][gc             ] GC(473) Pause Young (Allocation Failure) 86M->10M(1443M) 1.154ms
[230.624s][info][gc,cpu         ] GC(473) User=0.00s Sys=0.00s Real=0.00s
[230.942s][info][gc,start       ] GC(474) Pause Young (System.gc())
[230.943s][info][gc,heap        ] GC(474) PSYoungGen: 76019K(79360K)->1056K(79872K) Eden: 75027K(78336K)->0K(78336K) From: 992K(1024K)->1056K(1536K)
[230.943s][info][gc,heap        ] GC(474) ParOldGen: 9661K(1398272K)->9661K(1398272K)
[230.943s][info][gc,metaspace   ] GC(474) Metaspace: 9952K(10304K)->9952K(10304K) NonClass: 8651K(8896K)->8651K(8896K) Class: 1301K(1408K)->1301K(1408K)
[230.943s][info][gc             ] GC(474) Pause Young (System.gc()) 83M->10M(1443M) 1.085ms
[230.944s][info][gc,cpu         ] GC(474) User=0.00s Sys=0.00s Real=0.00s
[230.944s][info][gc,start       ] GC(475) Pause Full (System.gc())
[230.944s][info][gc,phases,start] GC(475) Marking Phase
[230.958s][info][gc,phases      ] GC(475) Marking Phase 14.095ms
[230.958s][info][gc,phases,start] GC(475) Summary Phase
[230.958s][info][gc,phases      ] GC(475) Summary Phase 0.029ms
[230.958s][info][gc,phases,start] GC(475) Adjust Roots
[230.962s][info][gc,phases      ] GC(475) Adjust Roots 4.322ms
[230.962s][info][gc,phases,start] GC(475) Compaction Phase
[230.966s][info][gc,phases      ] GC(475) Compaction Phase 4.006ms
[230.966s][info][gc,phases,start] GC(475) Post Compact
[230.967s][info][gc,phases      ] GC(475) Post Compact 0.843ms
[230.967s][info][gc,heap        ] GC(475) PSYoungGen: 1056K(79872K)->0K(79872K) Eden: 0K(78336K)->0K(78336K) From: 1056K(1536K)->0K(1536K)
[230.967s][info][gc,heap        ] GC(475) ParOldGen: 9661K(1398272K)->4077K(1398272K)
[230.967s][info][gc,metaspace   ] GC(475) Metaspace: 9952K(10304K)->9952K(10304K) NonClass: 8651K(8896K)->8651K(8896K) Class: 1301K(1408K)->1301K(1408K)
[230.967s][info][gc             ] GC(475) Pause Full (System.gc()) 10M->3M(1443M) 23.679ms
[230.967s][info][gc,cpu         ] GC(475) User=0.53s Sys=0.00s Real=0.03s
[231.300s][info][gc,start       ] GC(476) Pause Young (Allocation Failure)
[231.302s][info][gc,heap        ] GC(476) PSYoungGen: 78336K(79872K)->1024K(79360K) Eden: 78336K(78336K)->0K(78336K) From: 0K(1536K)->1024K(1024K)
[231.302s][info][gc,heap        ] GC(476) ParOldGen: 4077K(1398272K)->4405K(1398272K)
[231.302s][info][gc,metaspace   ] GC(476) Metaspace: 9952K(10304K)->9952K(10304K) NonClass: 8651K(8896K)->8651K(8896K) Class: 1301K(1408K)->1301K(1408K)
[231.302s][info][gc             ] GC(476) Pause Young (Allocation Failure) 80M->5M(1443M) 1.354ms
[231.302s][info][gc,cpu         ] GC(476) User=0.00s Sys=0.00s Real=0.00s
[231.617s][info][gc,start       ] GC(477) Pause Young (Allocation Failure)
[231.619s][info][gc,heap        ] GC(477) PSYoungGen: 79360K(79360K)->1472K(79872K) Eden: 78336K(78336K)->0K(78336K) From: 1024K(1024K)->1472K(1536K)
[231.619s][info][gc,heap        ] GC(477) ParOldGen: 4405K(1398272K)->4917K(1398272K)
[231.619s][info][gc,metaspace   ] GC(477) Metaspace: 9952K(10304K)->9952K(10304K) NonClass: 8651K(8896K)->8651K(8896K) Class: 1301K(1408K)->1301K(1408K)
[231.619s][info][gc             ] GC(477) Pause Young (Allocation Failure) 81M->6M(1443M) 1.920ms
[231.619s][info][gc,cpu         ] GC(477) User=0.00s Sys=0.00s Real=0.00s
[231.933s][info][gc,start       ] GC(478) Pause Young (Allocation Failure)
[231.934s][info][gc,heap        ] GC(478) PSYoungGen: 79808K(79872K)->1024K(79360K) Eden: 78336K(78336K)->0K(78336K) From: 1472K(1536K)->1024K(1024K)
[231.934s][info][gc,heap        ] GC(478) ParOldGen: 4917K(1398272K)->5333K(1398272K)
[231.934s][info][gc,metaspace   ] GC(478) Metaspace: 9952K(10304K)->9952K(10304K) NonClass: 8651K(8896K)->8651K(8896K) Class: 1301K(1408K)->1301K(1408K)
[231.934s][info][gc             ] GC(478) Pause Young (Allocation Failure) 82M->6M(1443M) 1.323ms
[231.934s][info][gc,cpu         ] GC(478) User=0.00s Sys=0.00s Real=0.00s
[232.238s][info][gc,start       ] GC(479) Pause Young (Allocation Failure)
[232.239s][info][gc,heap        ] GC(479) PSYoungGen: 79360K(79360K)->1056K(79872K) Eden: 78336K(78336K)->0K(78336K) From: 1024K(1024K)->1056K(1536K)
[232.239s][info][gc,heap        ] GC(479) ParOldGen: 5333K(1398272K)->5701K(1398272K)
[232.239s][info][gc,metaspace   ] GC(479) Metaspace: 9952K(10304K)->9952K(10304K) NonClass: 8651K(8896K)->8651K(8896K) Class: 1301K(1408K)->1301K(1408K)
[232.239s][info][gc             ] GC(479) Pause Young (Allocation Failure) 82M->6M(1443M) 1.306ms
[232.239s][info][gc,cpu         ] GC(479) User=0.00s Sys=0.02s Real=0.02s
[232.554s][info][gc,start       ] GC(480) Pause Young (Allocation Failure)
[232.555s][info][gc,heap        ] GC(480) PSYoungGen: 79392K(79872K)->1184K(79872K) Eden: 78336K(78336K)->0K(78336K) From: 1056K(1536K)->1184K(1536K)
[232.555s][info][gc,heap        ] GC(480) ParOldGen: 5701K(1398272K)->5821K(1398272K)
[232.555s][info][gc,metaspace   ] GC(480) Metaspace: 9952K(10304K)->9952K(10304K) NonClass: 8651K(8896K)->8651K(8896K) Class: 1301K(1408K)->1301K(1408K)
[232.555s][info][gc             ] GC(480) Pause Young (Allocation Failure) 83M->6M(1443M) 1.227ms
[232.555s][info][gc,cpu         ] GC(480) User=0.00s Sys=0.00s Real=0.00s
[232.866s][info][gc,start       ] GC(481) Pause Young (Allocation Failure)
[232.867s][info][gc,heap        ] GC(481) PSYoungGen: 79520K(79872K)->1120K(79872K) Eden: 78336K(78336K)->0K(78336K) From: 1184K(1536K)->1120K(1536K)
[232.867s][info][gc,heap        ] GC(481) ParOldGen: 5821K(1398272K)->6341K(1398272K)
[232.867s][info][gc,metaspace   ] GC(481) Metaspace: 9952K(10304K)->9952K(10304K) NonClass: 8651K(8896K)->8651K(8896K) Class: 1301K(1408K)->1301K(1408K)
[232.867s][info][gc             ] GC(481) Pause Young (Allocation Failure) 83M->7M(1443M) 1.576ms
[232.867s][info][gc,cpu         ] GC(481) User=0.00s Sys=0.00s Real=0.00s
[233.191s][info][gc,start       ] GC(482) Pause Young (Allocation Failure)
[233.192s][info][gc,heap        ] GC(482) PSYoungGen: 79456K(79872K)->512K(78848K) Eden: 78336K(78336K)->0K(78336K) From: 1120K(1536K)->512K(512K)
[233.192s][info][gc,heap        ] GC(482) ParOldGen: 6341K(1398272K)->6589K(1398272K)
[233.192s][info][gc,metaspace   ] GC(482) Metaspace: 9952K(10304K)->9952K(10304K) NonClass: 8651K(8896K)->8651K(8896K) Class: 1301K(1408K)->1301K(1408K)
[233.192s][info][gc             ] GC(482) Pause Young (Allocation Failure) 83M->6M(1442M) 1.139ms
[233.192s][info][gc,cpu         ] GC(482) User=0.13s Sys=0.02s Real=0.02s
[233.512s][info][gc,start       ] GC(483) Pause Young (Allocation Failure)
[233.514s][info][gc,heap        ] GC(483) PSYoungGen: 78848K(78848K)->992K(79872K) Eden: 78336K(78336K)->0K(78336K) From: 512K(512K)->992K(1536K)
[233.514s][info][gc,heap        ] GC(483) ParOldGen: 6589K(1398272K)->6989K(1398272K)
[233.514s][info][gc,metaspace   ] GC(483) Metaspace: 9952K(10304K)->9952K(10304K) NonClass: 8651K(8896K)->8651K(8896K) Class: 1301K(1408K)->1301K(1408K)
[233.514s][info][gc             ] GC(483) Pause Young (Allocation Failure) 83M->7M(1443M) 1.642ms
[233.514s][info][gc,cpu         ] GC(483) User=0.00s Sys=0.00s Real=0.00s
[233.846s][info][gc,start       ] GC(484) Pause Young (Allocation Failure)
[233.847s][info][gc,heap        ] GC(484) PSYoungGen: 79328K(79872K)->1056K(79872K) Eden: 78336K(78336K)->0K(78336K) From: 992K(1536K)->1056K(1536K)
[233.847s][info][gc,heap        ] GC(484) ParOldGen: 6989K(1398272K)->7109K(1398272K)
[233.847s][info][gc,metaspace   ] GC(484) Metaspace: 9952K(10304K)->9952K(10304K) NonClass: 8651K(8896K)->8651K(8896K) Class: 1301K(1408K)->1301K(1408K)
[233.847s][info][gc             ] GC(484) Pause Young (Allocation Failure) 84M->7M(1443M) 1.049ms
[233.847s][info][gc,cpu         ] GC(484) User=0.00s Sys=0.00s Real=0.00s
[234.170s][info][gc,start       ] GC(485) Pause Young (Allocation Failure)
[234.171s][info][gc,heap        ] GC(485) PSYoungGen: 79392K(79872K)->1056K(79872K) Eden: 78336K(78336K)->0K(78336K) From: 1056K(1536K)->1056K(1536K)
[234.171s][info][gc,heap        ] GC(485) ParOldGen: 7109K(1398272K)->7109K(1398272K)
[234.171s][info][gc,metaspace   ] GC(485) Metaspace: 9952K(10304K)->9952K(10304K) NonClass: 8651K(8896K)->8651K(8896K) Class: 1301K(1408K)->1301K(1408K)
[234.172s][info][gc             ] GC(485) Pause Young (Allocation Failure) 84M->7M(1443M) 1.337ms
[234.172s][info][gc,cpu         ] GC(485) User=0.00s Sys=0.00s Real=0.00s
[234.491s][info][gc,start       ] GC(486) Pause Young (Allocation Failure)
[234.492s][info][gc,heap        ] GC(486) PSYoungGen: 79392K(79872K)->512K(78848K) Eden: 78336K(78336K)->0K(78336K) From: 1056K(1536K)->512K(512K)
[234.492s][info][gc,heap        ] GC(486) ParOldGen: 7109K(1398272K)->7365K(1398272K)
[234.492s][info][gc,metaspace   ] GC(486) Metaspace: 9952K(10304K)->9952K(10304K) NonClass: 8651K(8896K)->8651K(8896K) Class: 1301K(1408K)->1301K(1408K)
[234.492s][info][gc             ] GC(486) Pause Young (Allocation Failure) 84M->7M(1442M) 1.088ms
[234.492s][info][gc,cpu         ] GC(486) User=0.00s Sys=0.00s Real=0.00s
[234.817s][info][gc,start       ] GC(487) Pause Young (Allocation Failure)
[234.819s][info][gc,heap        ] GC(487) PSYoungGen: 78848K(78848K)->960K(79872K) Eden: 78336K(78336K)->0K(78336K) From: 512K(512K)->960K(1536K)
[234.819s][info][gc,heap        ] GC(487) ParOldGen: 7365K(1398272K)->7717K(1398272K)
[234.819s][info][gc,metaspace   ] GC(487) Metaspace: 9952K(10304K)->9952K(10304K) NonClass: 8651K(8896K)->8651K(8896K) Class: 1301K(1408K)->1301K(1408K)
[234.819s][info][gc             ] GC(487) Pause Young (Allocation Failure) 84M->8M(1443M) 2.208ms
[234.819s][info][gc,cpu         ] GC(487) User=0.00s Sys=0.00s Real=0.00s
[235.135s][info][gc,start       ] GC(488) Pause Young (Allocation Failure)
[235.136s][info][gc,heap        ] GC(488) PSYoungGen: 79296K(79872K)->1056K(79872K) Eden: 78336K(78336K)->0K(78336K) From: 960K(1536K)->1056K(1536K)
[235.136s][info][gc,heap        ] GC(488) ParOldGen: 7717K(1398272K)->7805K(1398272K)
[235.136s][info][gc,metaspace   ] GC(488) Metaspace: 9952K(10304K)->9952K(10304K) NonClass: 8651K(8896K)->8651K(8896K) Class: 1301K(1408K)->1301K(1408K)
[235.136s][info][gc             ] GC(488) Pause Young (Allocation Failure) 84M->8M(1443M) 1.068ms
[235.136s][info][gc,cpu         ] GC(488) User=0.00s Sys=0.00s Real=0.00s
[235.459s][info][gc,start       ] GC(489) Pause Young (Allocation Failure)
[235.460s][info][gc,heap        ] GC(489) PSYoungGen: 79392K(79872K)->1056K(79872K) Eden: 78336K(78336K)->0K(78336K) From: 1056K(1536K)->1056K(1536K)
[235.460s][info][gc,heap        ] GC(489) ParOldGen: 7805K(1398272K)->7805K(1398272K)
[235.460s][info][gc,metaspace   ] GC(489) Metaspace: 9952K(10304K)->9952K(10304K) NonClass: 8651K(8896K)->8651K(8896K) Class: 1301K(1408K)->1301K(1408K)
[235.460s][info][gc             ] GC(489) Pause Young (Allocation Failure) 85M->8M(1443M) 1.329ms
[235.460s][info][gc,cpu         ] GC(489) User=0.00s Sys=0.00s Real=0.00s
[235.787s][info][gc,start       ] GC(490) Pause Young (Allocation Failure)
[235.788s][info][gc,heap        ] GC(490) PSYoungGen: 79392K(79872K)->512K(78848K) Eden: 78336K(78336K)->0K(78336K) From: 1056K(1536K)->512K(512K)
[235.788s][info][gc,heap        ] GC(490) ParOldGen: 7805K(1398272K)->8037K(1398272K)
[235.788s][info][gc,metaspace   ] GC(490) Metaspace: 9952K(10304K)->9952K(10304K) NonClass: 8651K(8896K)->8651K(8896K) Class: 1301K(1408K)->1301K(1408K)
[235.788s][info][gc             ] GC(490) Pause Young (Allocation Failure) 85M->8M(1442M) 1.082ms
[235.788s][info][gc,cpu         ] GC(490) User=0.00s Sys=0.00s Real=0.00s
[236.107s][info][gc,start       ] GC(491) Pause Young (Allocation Failure)
[236.109s][info][gc,heap        ] GC(491) PSYoungGen: 78848K(78848K)->1024K(79872K) Eden: 78336K(78336K)->0K(78336K) From: 512K(512K)->1024K(1536K)
[236.109s][info][gc,heap        ] GC(491) ParOldGen: 8037K(1398272K)->8349K(1398272K)
[236.109s][info][gc,metaspace   ] GC(491) Metaspace: 9952K(10304K)->9952K(10304K) NonClass: 8651K(8896K)->8651K(8896K) Class: 1301K(1408K)->1301K(1408K)
[236.109s][info][gc             ] GC(491) Pause Young (Allocation Failure) 84M->9M(1443M) 1.700ms
[236.109s][info][gc,cpu         ] GC(491) User=0.00s Sys=0.00s Real=0.00s
[236.446s][info][gc,start       ] GC(492) Pause Young (Allocation Failure)
[236.447s][info][gc,heap        ] GC(492) PSYoungGen: 79360K(79872K)->1056K(79872K) Eden: 78336K(78336K)->0K(78336K) From: 1024K(1536K)->1056K(1536K)
[236.447s][info][gc,heap        ] GC(492) ParOldGen: 8349K(1398272K)->8429K(1398272K)
[236.447s][info][gc,metaspace   ] GC(492) Metaspace: 9952K(10304K)->9952K(10304K) NonClass: 8651K(8896K)->8651K(8896K) Class: 1301K(1408K)->1301K(1408K)
[236.447s][info][gc             ] GC(492) Pause Young (Allocation Failure) 85M->9M(1443M) 1.069ms
[236.447s][info][gc,cpu         ] GC(492) User=0.00s Sys=0.00s Real=0.00s
[236.768s][info][gc,start       ] GC(493) Pause Young (Allocation Failure)
[236.770s][info][gc,heap        ] GC(493) PSYoungGen: 79392K(79872K)->1056K(79872K) Eden: 78336K(78336K)->0K(78336K) From: 1056K(1536K)->1056K(1536K)
[236.770s][info][gc,heap        ] GC(493) ParOldGen: 8429K(1398272K)->8429K(1398272K)
[236.770s][info][gc,metaspace   ] GC(493) Metaspace: 9952K(10304K)->9952K(10304K) NonClass: 8651K(8896K)->8651K(8896K) Class: 1301K(1408K)->1301K(1408K)
[236.770s][info][gc             ] GC(493) Pause Young (Allocation Failure) 85M->9M(1443M) 1.372ms
[236.770s][info][gc,cpu         ] GC(493) User=0.00s Sys=0.02s Real=0.02s
[237.091s][info][gc,start       ] GC(494) Pause Young (Allocation Failure)
[237.092s][info][gc,heap        ] GC(494) PSYoungGen: 79392K(79872K)->512K(78848K) Eden: 78336K(78336K)->0K(78336K) From: 1056K(1536K)->512K(512K)
[237.092s][info][gc,heap        ] GC(494) ParOldGen: 8429K(1398272K)->8653K(1398272K)
[237.092s][info][gc,metaspace   ] GC(494) Metaspace: 9952K(10304K)->9952K(10304K) NonClass: 8651K(8896K)->8651K(8896K) Class: 1301K(1408K)->1301K(1408K)
[237.092s][info][gc             ] GC(494) Pause Young (Allocation Failure) 85M->8M(1442M) 1.114ms
[237.093s][info][gc,cpu         ] GC(494) User=0.00s Sys=0.00s Real=0.00s
[237.418s][info][gc,start       ] GC(495) Pause Young (Allocation Failure)
[237.420s][info][gc,heap        ] GC(495) PSYoungGen: 78848K(78848K)->1088K(79872K) Eden: 78336K(78336K)->0K(78336K) From: 512K(512K)->1088K(1536K)
[237.420s][info][gc,heap        ] GC(495) ParOldGen: 8653K(1398272K)->9013K(1398272K)
[237.420s][info][gc,metaspace   ] GC(495) Metaspace: 9952K(10304K)->9952K(10304K) NonClass: 8651K(8896K)->8651K(8896K) Class: 1301K(1408K)->1301K(1408K)
[237.420s][info][gc             ] GC(495) Pause Young (Allocation Failure) 85M->9M(1443M) 1.546ms
[237.420s][info][gc,cpu         ] GC(495) User=0.00s Sys=0.00s Real=0.00s
[237.702s][info][gc,start       ] GC(496) Pause Young (System.gc())
[237.703s][info][gc,heap        ] GC(496) PSYoungGen: 69847K(79872K)->1056K(79872K) Eden: 68759K(78336K)->0K(78336K) From: 1088K(1536K)->1056K(1536K)
[237.703s][info][gc,heap        ] GC(496) ParOldGen: 9013K(1398272K)->9349K(1398272K)
[237.703s][info][gc,metaspace   ] GC(496) Metaspace: 9952K(10304K)->9952K(10304K) NonClass: 8651K(8896K)->8651K(8896K) Class: 1301K(1408K)->1301K(1408K)
[237.703s][info][gc             ] GC(496) Pause Young (System.gc()) 77M->10M(1443M) 1.057ms
[237.703s][info][gc,cpu         ] GC(496) User=0.00s Sys=0.00s Real=0.00s
[237.703s][info][gc,start       ] GC(497) Pause Full (System.gc())
[237.703s][info][gc,phases,start] GC(497) Marking Phase
[237.719s][info][gc,phases      ] GC(497) Marking Phase 16.525ms
[237.719s][info][gc,phases,start] GC(497) Summary Phase
[237.719s][info][gc,phases      ] GC(497) Summary Phase 0.029ms
[237.720s][info][gc,phases,start] GC(497) Adjust Roots
[237.724s][info][gc,phases      ] GC(497) Adjust Roots 4.643ms
[237.724s][info][gc,phases,start] GC(497) Compaction Phase
[237.728s][info][gc,phases      ] GC(497) Compaction Phase 3.996ms
[237.728s][info][gc,phases,start] GC(497) Post Compact
[237.729s][info][gc,phases      ] GC(497) Post Compact 0.843ms
[237.729s][info][gc,heap        ] GC(497) PSYoungGen: 1056K(79872K)->0K(79872K) Eden: 0K(78336K)->0K(78336K) From: 1056K(1536K)->0K(1536K)
[237.729s][info][gc,heap        ] GC(497) ParOldGen: 9349K(1398272K)->4077K(1398272K)
[237.729s][info][gc,metaspace   ] GC(497) Metaspace: 9952K(10304K)->9952K(10304K) NonClass: 8651K(8896K)->8651K(8896K) Class: 1301K(1408K)->1301K(1408K)
[237.729s][info][gc             ] GC(497) Pause Full (System.gc()) 10M->3M(1443M) 26.423ms
[237.729s][info][gc,cpu         ] GC(497) User=0.53s Sys=0.00s Real=0.03s
[238.053s][info][gc,start       ] GC(498) Pause Young (Allocation Failure)
[238.055s][info][gc,heap        ] GC(498) PSYoungGen: 78336K(79872K)->1536K(79872K) Eden: 78336K(78336K)->0K(78336K) From: 0K(1536K)->1536K(1536K)
[238.055s][info][gc,heap        ] GC(498) ParOldGen: 4077K(1398272K)->4165K(1398272K)
[238.055s][info][gc,metaspace   ] GC(498) Metaspace: 9952K(10304K)->9952K(10304K) NonClass: 8651K(8896K)->8651K(8896K) Class: 1301K(1408K)->1301K(1408K)
[238.055s][info][gc             ] GC(498) Pause Young (Allocation Failure) 80M->5M(1443M) 1.615ms
[238.055s][info][gc,cpu         ] GC(498) User=0.00s Sys=0.00s Real=0.00s
[238.368s][info][gc,start       ] GC(499) Pause Young (Allocation Failure)
[238.382s][info][gc,heap        ] GC(499) PSYoungGen: 79872K(79872K)->512K(78848K) Eden: 78336K(78336K)->0K(78336K) From: 1536K(1536K)->512K(512K)
[238.382s][info][gc,heap        ] GC(499) ParOldGen: 4165K(1398272K)->5149K(1398272K)
[238.382s][info][gc,metaspace   ] GC(499) Metaspace: 9952K(10304K)->9952K(10304K) NonClass: 8651K(8896K)->8651K(8896K) Class: 1301K(1408K)->1301K(1408K)
[238.382s][info][gc             ] GC(499) Pause Young (Allocation Failure) 82M->5M(1442M) 13.913ms
[238.382s][info][gc,cpu         ] GC(499) User=0.00s Sys=0.00s Real=0.02s
[238.699s][info][gc,start       ] GC(500) Pause Young (Allocation Failure)
[238.700s][info][gc,heap        ] GC(500) PSYoungGen: 78848K(78848K)->1472K(80384K) Eden: 78336K(78336K)->0K(78336K) From: 512K(512K)->1472K(2048K)
[238.700s][info][gc,heap        ] GC(500) ParOldGen: 5149K(1398272K)->5621K(1398272K)
[238.700s][info][gc,metaspace   ] GC(500) Metaspace: 9952K(10304K)->9952K(10304K) NonClass: 8651K(8896K)->8651K(8896K) Class: 1301K(1408K)->1301K(1408K)
[238.700s][info][gc             ] GC(500) Pause Young (Allocation Failure) 82M->6M(1444M) 1.340ms
[238.701s][info][gc,cpu         ] GC(500) User=0.00s Sys=0.00s Real=0.00s
[239.019s][info][gc,start       ] GC(501) Pause Young (Allocation Failure)
[239.020s][info][gc,heap        ] GC(501) PSYoungGen: 79808K(80384K)->1088K(79872K) Eden: 78336K(78336K)->0K(78336K) From: 1472K(2048K)->1088K(1536K)
[239.020s][info][gc,heap        ] GC(501) ParOldGen: 5621K(1398272K)->6173K(1398272K)
[239.020s][info][gc,metaspace   ] GC(501) Metaspace: 9952K(10304K)->9952K(10304K) NonClass: 8651K(8896K)->8651K(8896K) Class: 1301K(1408K)->1301K(1408K)
[239.020s][info][gc             ] GC(501) Pause Young (Allocation Failure) 83M->7M(1443M) 1.436ms
[239.020s][info][gc,cpu         ] GC(501) User=0.00s Sys=0.00s Real=0.00s
[239.339s][info][gc,start       ] GC(502) Pause Young (Allocation Failure)
[239.341s][info][gc,heap        ] GC(502) PSYoungGen: 79424K(79872K)->1216K(79872K) Eden: 78336K(78336K)->0K(78336K) From: 1088K(1536K)->1216K(1536K)
[239.341s][info][gc,heap        ] GC(502) ParOldGen: 6173K(1398272K)->6173K(1398272K)
[239.341s][info][gc,metaspace   ] GC(502) Metaspace: 9952K(10304K)->9952K(10304K) NonClass: 8651K(8896K)->8651K(8896K) Class: 1301K(1408K)->1301K(1408K)
[239.341s][info][gc             ] GC(502) Pause Young (Allocation Failure) 83M->7M(1443M) 1.455ms
[239.341s][info][gc,cpu         ] GC(502) User=0.00s Sys=0.00s Real=0.00s
[239.667s][info][gc,start       ] GC(503) Pause Young (Allocation Failure)
[239.668s][info][gc,heap        ] GC(503) PSYoungGen: 79552K(79872K)->1152K(79872K) Eden: 78336K(78336K)->0K(78336K) From: 1216K(1536K)->1152K(1536K)
[239.668s][info][gc,heap        ] GC(503) ParOldGen: 6173K(1398272K)->6701K(1398272K)
[239.668s][info][gc,metaspace   ] GC(503) Metaspace: 9952K(10304K)->9952K(10304K) NonClass: 8651K(8896K)->8651K(8896K) Class: 1301K(1408K)->1301K(1408K)
[239.668s][info][gc             ] GC(503) Pause Young (Allocation Failure) 83M->7M(1443M) 1.211ms
[239.668s][info][gc,cpu         ] GC(503) User=0.00s Sys=0.00s Real=0.00s
[239.983s][info][gc,start       ] GC(504) Pause Young (Allocation Failure)
[239.988s][info][gc,heap        ] GC(504) PSYoungGen: 79488K(79872K)->1248K(79872K) Eden: 78336K(78336K)->0K(78336K) From: 1152K(1536K)->1248K(1536K)
[239.988s][info][gc,heap        ] GC(504) ParOldGen: 6701K(1398272K)->7101K(1398272K)
[239.988s][info][gc,metaspace   ] GC(504) Metaspace: 9952K(10304K)->9952K(10304K) NonClass: 8651K(8896K)->8651K(8896K) Class: 1301K(1408K)->1301K(1408K)
[239.988s][info][gc             ] GC(504) Pause Young (Allocation Failure) 84M->8M(1443M) 4.645ms
[239.988s][info][gc,cpu         ] GC(504) User=0.00s Sys=0.02s Real=0.02s
[240.313s][info][gc,start       ] GC(505) Pause Young (Allocation Failure)
[240.314s][info][gc,heap        ] GC(505) PSYoungGen: 79584K(79872K)->992K(79360K) Eden: 78336K(78336K)->0K(78336K) From: 1248K(1536K)->992K(1024K)
[240.314s][info][gc,heap        ] GC(505) ParOldGen: 7101K(1398272K)->7501K(1398272K)
[240.314s][info][gc,metaspace   ] GC(505) Metaspace: 9952K(10304K)->9952K(10304K) NonClass: 8651K(8896K)->8651K(8896K) Class: 1301K(1408K)->1301K(1408K)
[240.314s][info][gc             ] GC(505) Pause Young (Allocation Failure) 84M->8M(1443M) 1.235ms
[240.314s][info][gc,cpu         ] GC(505) User=0.00s Sys=0.00s Real=0.00s
[240.642s][info][gc,start       ] GC(506) Pause Young (Allocation Failure)
[240.644s][info][gc,heap        ] GC(506) PSYoungGen: 79328K(79360K)->1088K(80384K) Eden: 78336K(78336K)->0K(78336K) From: 992K(1024K)->1088K(2048K)
[240.644s][info][gc,heap        ] GC(506) ParOldGen: 7501K(1398272K)->7501K(1398272K)
[240.644s][info][gc,metaspace   ] GC(506) Metaspace: 9952K(10304K)->9952K(10304K) NonClass: 8651K(8896K)->8651K(8896K) Class: 1301K(1408K)->1301K(1408K)
[240.644s][info][gc             ] GC(506) Pause Young (Allocation Failure) 84M->8M(1444M) 1.286ms
[240.644s][info][gc,cpu         ] GC(506) User=0.00s Sys=0.02s Real=0.02s
[240.966s][info][gc,start       ] GC(507) Pause Young (Allocation Failure)
[240.967s][info][gc,heap        ] GC(507) PSYoungGen: 79424K(80384K)->1248K(79872K) Eden: 78336K(78336K)->0K(78336K) From: 1088K(2048K)->1248K(1536K)
[240.967s][info][gc,heap        ] GC(507) ParOldGen: 7501K(1398272K)->7613K(1398272K)
[240.967s][info][gc,metaspace   ] GC(507) Metaspace: 9952K(10304K)->9952K(10304K) NonClass: 8651K(8896K)->8651K(8896K) Class: 1301K(1408K)->1301K(1408K)
[240.967s][info][gc             ] GC(507) Pause Young (Allocation Failure) 84M->8M(1443M) 1.167ms
[240.967s][info][gc,cpu         ] GC(507) User=0.00s Sys=0.00s Real=0.00s
[241.287s][info][gc,start       ] GC(508) Pause Young (Allocation Failure)
[241.289s][info][gc,heap        ] GC(508) PSYoungGen: 79583K(79872K)->1152K(79872K) Eden: 78335K(78336K)->0K(78336K) From: 1248K(1536K)->1152K(1536K)
[241.289s][info][gc,heap        ] GC(508) ParOldGen: 7613K(1398272K)->8141K(1398272K)
[241.289s][info][gc,metaspace   ] GC(508) Metaspace: 9952K(10304K)->9952K(10304K) NonClass: 8651K(8896K)->8651K(8896K) Class: 1301K(1408K)->1301K(1408K)
[241.289s][info][gc             ] GC(508) Pause Young (Allocation Failure) 85M->9M(1443M) 1.561ms
[241.289s][info][gc,cpu         ] GC(508) User=0.00s Sys=0.00s Real=0.00s
[241.606s][info][gc,start       ] GC(509) Pause Young (Allocation Failure)
[241.607s][info][gc,heap        ] GC(509) PSYoungGen: 79488K(79872K)->512K(78848K) Eden: 78336K(78336K)->0K(78336K) From: 1152K(1536K)->512K(512K)
[241.607s][info][gc,heap        ] GC(509) ParOldGen: 8141K(1398272K)->8389K(1398272K)
[241.607s][info][gc,metaspace   ] GC(509) Metaspace: 9952K(10304K)->9952K(10304K) NonClass: 8651K(8896K)->8651K(8896K) Class: 1301K(1408K)->1301K(1408K)
[241.607s][info][gc             ] GC(509) Pause Young (Allocation Failure) 85M->8M(1442M) 1.116ms
[241.607s][info][gc,cpu         ] GC(509) User=0.00s Sys=0.00s Real=0.00s
[241.930s][info][gc,start       ] GC(510) Pause Young (Allocation Failure)
[241.932s][info][gc,heap        ] GC(510) PSYoungGen: 78848K(78848K)->1024K(79872K) Eden: 78336K(78336K)->0K(78336K) From: 512K(512K)->1024K(1536K)
[241.932s][info][gc,heap        ] GC(510) ParOldGen: 8389K(1398272K)->8717K(1398272K)
[241.932s][info][gc,metaspace   ] GC(510) Metaspace: 9952K(10304K)->9952K(10304K) NonClass: 8651K(8896K)->8651K(8896K) Class: 1301K(1408K)->1301K(1408K)
[241.933s][info][gc             ] GC(510) Pause Young (Allocation Failure) 85M->9M(1443M) 2.067ms
[241.933s][info][gc,cpu         ] GC(510) User=0.00s Sys=0.00s Real=0.00s
[242.252s][info][gc,start       ] GC(511) Pause Young (Allocation Failure)
[242.253s][info][gc,heap        ] GC(511) PSYoungGen: 79360K(79872K)->1024K(79360K) Eden: 78336K(78336K)->0K(78336K) From: 1024K(1536K)->1024K(1024K)
[242.253s][info][gc,heap        ] GC(511) ParOldGen: 8717K(1398272K)->9085K(1398272K)
[242.253s][info][gc,metaspace   ] GC(511) Metaspace: 9952K(10304K)->9952K(10304K) NonClass: 8651K(8896K)->8651K(8896K) Class: 1301K(1408K)->1301K(1408K)
[242.253s][info][gc             ] GC(511) Pause Young (Allocation Failure) 86M->9M(1443M) 1.282ms
[242.253s][info][gc,cpu         ] GC(511) User=0.00s Sys=0.00s Real=0.00s
[242.572s][info][gc,start       ] GC(512) Pause Young (Allocation Failure)
[242.573s][info][gc,heap        ] GC(512) PSYoungGen: 79360K(79360K)->1056K(79872K) Eden: 78336K(78336K)->0K(78336K) From: 1024K(1024K)->1056K(1536K)
[242.573s][info][gc,heap        ] GC(512) ParOldGen: 9085K(1398272K)->9085K(1398272K)
[242.573s][info][gc,metaspace   ] GC(512) Metaspace: 9952K(10304K)->9952K(10304K) NonClass: 8651K(8896K)->8651K(8896K) Class: 1301K(1408K)->1301K(1408K)
[242.573s][info][gc             ] GC(512) Pause Young (Allocation Failure) 86M->9M(1443M) 1.179ms
[242.573s][info][gc,cpu         ] GC(512) User=0.00s Sys=0.00s Real=0.00s
[242.885s][info][gc,start       ] GC(513) Pause Young (Allocation Failure)
[242.885s][info][gc,heap        ] GC(513) PSYoungGen: 79392K(79872K)->1024K(79360K) Eden: 78336K(78336K)->0K(78336K) From: 1056K(1536K)->1024K(1024K)
[242.886s][info][gc,heap        ] GC(513) ParOldGen: 9085K(1398272K)->9101K(1398272K)
[242.886s][info][gc,metaspace   ] GC(513) Metaspace: 9952K(10304K)->9952K(10304K) NonClass: 8651K(8896K)->8651K(8896K) Class: 1301K(1408K)->1301K(1408K)
[242.886s][info][gc             ] GC(513) Pause Young (Allocation Failure) 86M->9M(1443M) 1.022ms
[242.886s][info][gc,cpu         ] GC(513) User=0.00s Sys=0.00s Real=0.00s
[243.211s][info][gc,start       ] GC(514) Pause Young (Allocation Failure)
[243.212s][info][gc,heap        ] GC(514) PSYoungGen: 79360K(79360K)->1056K(79872K) Eden: 78336K(78336K)->0K(78336K) From: 1024K(1024K)->1056K(1536K)
[243.212s][info][gc,heap        ] GC(514) ParOldGen: 9101K(1398272K)->9181K(1398272K)
[243.212s][info][gc,metaspace   ] GC(514) Metaspace: 9952K(10304K)->9952K(10304K) NonClass: 8651K(8896K)->8651K(8896K) Class: 1301K(1408K)->1301K(1408K)
[243.212s][info][gc             ] GC(514) Pause Young (Allocation Failure) 86M->9M(1443M) 1.240ms
[243.212s][info][gc,cpu         ] GC(514) User=0.00s Sys=0.02s Real=0.02s
[243.533s][info][gc,start       ] GC(515) Pause Young (Allocation Failure)
[243.534s][info][gc,heap        ] GC(515) PSYoungGen: 79392K(79872K)->1024K(79360K) Eden: 78336K(78336K)->0K(78336K) From: 1056K(1536K)->1024K(1024K)
[243.534s][info][gc,heap        ] GC(515) ParOldGen: 9181K(1398272K)->9197K(1398272K)
[243.534s][info][gc,metaspace   ] GC(515) Metaspace: 9952K(10304K)->9952K(10304K) NonClass: 8651K(8896K)->8651K(8896K) Class: 1301K(1408K)->1301K(1408K)
[243.534s][info][gc             ] GC(515) Pause Young (Allocation Failure) 86M->9M(1443M) 1.160ms
[243.534s][info][gc,cpu         ] GC(515) User=0.00s Sys=0.00s Real=0.00s
[243.850s][info][gc,start       ] GC(516) Pause Young (Allocation Failure)
[243.851s][info][gc,heap        ] GC(516) PSYoungGen: 79360K(79360K)->1024K(79360K) Eden: 78336K(78336K)->0K(78336K) From: 1024K(1024K)->1024K(1024K)
[243.851s][info][gc,heap        ] GC(516) ParOldGen: 9197K(1398272K)->9549K(1398272K)
[243.851s][info][gc,metaspace   ] GC(516) Metaspace: 9952K(10304K)->9952K(10304K) NonClass: 8651K(8896K)->8651K(8896K) Class: 1301K(1408K)->1301K(1408K)
[243.851s][info][gc             ] GC(516) Pause Young (Allocation Failure) 86M->10M(1443M) 1.296ms
[243.851s][info][gc,cpu         ] GC(516) User=0.00s Sys=0.00s Real=0.00s
[244.175s][info][gc,start       ] GC(517) Pause Young (Allocation Failure)
[244.176s][info][gc,heap        ] GC(517) PSYoungGen: 79360K(79360K)->1056K(79872K) Eden: 78336K(78336K)->0K(78336K) From: 1024K(1024K)->1056K(1536K)
[244.176s][info][gc,heap        ] GC(517) ParOldGen: 9549K(1398272K)->9549K(1398272K)
[244.176s][info][gc,metaspace   ] GC(517) Metaspace: 9952K(10304K)->9952K(10304K) NonClass: 8651K(8896K)->8651K(8896K) Class: 1301K(1408K)->1301K(1408K)
[244.176s][info][gc             ] GC(517) Pause Young (Allocation Failure) 86M->10M(1443M) 1.080ms
[244.176s][info][gc,cpu         ] GC(517) User=0.00s Sys=0.00s Real=0.00s
[244.463s][info][gc,start       ] GC(518) Pause Young (System.gc())
[244.464s][info][gc,heap        ] GC(518) PSYoungGen: 69147K(79872K)->1056K(79872K) Eden: 68091K(78336K)->0K(78336K) From: 1056K(1536K)->1056K(1536K)
[244.464s][info][gc,heap        ] GC(518) ParOldGen: 9549K(1398272K)->9549K(1398272K)
[244.464s][info][gc,metaspace   ] GC(518) Metaspace: 9952K(10304K)->9952K(10304K) NonClass: 8651K(8896K)->8651K(8896K) Class: 1301K(1408K)->1301K(1408K)
[244.464s][info][gc             ] GC(518) Pause Young (System.gc()) 76M->10M(1443M) 1.353ms
[244.464s][info][gc,cpu         ] GC(518) User=0.00s Sys=0.00s Real=0.00s
[244.465s][info][gc,start       ] GC(519) Pause Full (System.gc())
[244.465s][info][gc,phases,start] GC(519) Marking Phase
[244.481s][info][gc,phases      ] GC(519) Marking Phase 16.844ms
[244.482s][info][gc,phases,start] GC(519) Summary Phase
[244.482s][info][gc,phases      ] GC(519) Summary Phase 0.022ms
[244.482s][info][gc,phases,start] GC(519) Adjust Roots
[244.486s][info][gc,phases      ] GC(519) Adjust Roots 4.505ms
[244.486s][info][gc,phases,start] GC(519) Compaction Phase
[244.490s][info][gc,phases      ] GC(519) Compaction Phase 4.071ms
[244.490s][info][gc,phases,start] GC(519) Post Compact
[244.491s][info][gc,phases      ] GC(519) Post Compact 0.842ms
[244.491s][info][gc,heap        ] GC(519) PSYoungGen: 1056K(79872K)->0K(79872K) Eden: 0K(78336K)->0K(78336K) From: 1056K(1536K)->0K(1536K)
[244.491s][info][gc,heap        ] GC(519) ParOldGen: 9549K(1398272K)->4077K(1398272K)
[244.491s][info][gc,metaspace   ] GC(519) Metaspace: 9952K(10304K)->9952K(10304K) NonClass: 8651K(8896K)->8651K(8896K) Class: 1301K(1408K)->1301K(1408K)
[244.491s][info][gc             ] GC(519) Pause Full (System.gc()) 10M->3M(1443M) 26.635ms
[244.491s][info][gc,cpu         ] GC(519) User=0.02s Sys=0.00s Real=0.02s
[244.815s][info][gc,start       ] GC(520) Pause Young (Allocation Failure)
[244.816s][info][gc,heap        ] GC(520) PSYoungGen: 78336K(79872K)->512K(78848K) Eden: 78336K(78336K)->0K(78336K) From: 0K(1536K)->512K(512K)
[244.816s][info][gc,heap        ] GC(520) ParOldGen: 4077K(1398272K)->4925K(1398272K)
[244.816s][info][gc,metaspace   ] GC(520) Metaspace: 9952K(10304K)->9952K(10304K) NonClass: 8651K(8896K)->8651K(8896K) Class: 1301K(1408K)->1301K(1408K)
[244.816s][info][gc             ] GC(520) Pause Young (Allocation Failure) 80M->5M(1442M) 1.420ms
[244.816s][info][gc,cpu         ] GC(520) User=0.00s Sys=0.00s Real=0.00s
[245.148s][info][gc,start       ] GC(521) Pause Young (Allocation Failure)
[245.149s][info][gc,heap        ] GC(521) PSYoungGen: 78848K(78848K)->1280K(79872K) Eden: 78336K(78336K)->0K(78336K) From: 512K(512K)->1280K(1536K)
[245.149s][info][gc,heap        ] GC(521) ParOldGen: 4925K(1398272K)->5541K(1398272K)
[245.149s][info][gc,metaspace   ] GC(521) Metaspace: 9952K(10304K)->9952K(10304K) NonClass: 8651K(8896K)->8651K(8896K) Class: 1301K(1408K)->1301K(1408K)
[245.149s][info][gc             ] GC(521) Pause Young (Allocation Failure) 81M->6M(1443M) 1.472ms
[245.149s][info][gc,cpu         ] GC(521) User=0.00s Sys=0.00s Real=0.00s
[245.466s][info][gc,start       ] GC(522) Pause Young (Allocation Failure)
[245.467s][info][gc,heap        ] GC(522) PSYoungGen: 79616K(79872K)->1376K(79872K) Eden: 78336K(78336K)->0K(78336K) From: 1280K(1536K)->1376K(1536K)
[245.467s][info][gc,heap        ] GC(522) ParOldGen: 5541K(1398272K)->5893K(1398272K)
[245.467s][info][gc,metaspace   ] GC(522) Metaspace: 9952K(10304K)->9952K(10304K) NonClass: 8651K(8896K)->8651K(8896K) Class: 1301K(1408K)->1301K(1408K)
[245.467s][info][gc             ] GC(522) Pause Young (Allocation Failure) 83M->7M(1443M) 1.186ms
[245.467s][info][gc,cpu         ] GC(522) User=0.00s Sys=0.00s Real=0.00s
[245.792s][info][gc,start       ] GC(523) Pause Young (Allocation Failure)
[245.794s][info][gc,heap        ] GC(523) PSYoungGen: 79712K(79872K)->1216K(79872K) Eden: 78336K(78336K)->0K(78336K) From: 1376K(1536K)->1216K(1536K)
[245.794s][info][gc,heap        ] GC(523) ParOldGen: 5893K(1398272K)->6453K(1398272K)
[245.794s][info][gc,metaspace   ] GC(523) Metaspace: 9952K(10304K)->9952K(10304K) NonClass: 8651K(8896K)->8651K(8896K) Class: 1301K(1408K)->1301K(1408K)
[245.794s][info][gc             ] GC(523) Pause Young (Allocation Failure) 83M->7M(1443M) 1.624ms
[245.794s][info][gc,cpu         ] GC(523) User=0.00s Sys=0.00s Real=0.00s
[246.109s][info][gc,start       ] GC(524) Pause Young (Allocation Failure)
[246.110s][info][gc,heap        ] GC(524) PSYoungGen: 79552K(79872K)->512K(78848K) Eden: 78336K(78336K)->0K(78336K) From: 1216K(1536K)->512K(512K)
[246.110s][info][gc,heap        ] GC(524) ParOldGen: 6453K(1398272K)->6693K(1398272K)
[246.110s][info][gc,metaspace   ] GC(524) Metaspace: 9952K(10304K)->9952K(10304K) NonClass: 8651K(8896K)->8651K(8896K) Class: 1301K(1408K)->1301K(1408K)
[246.110s][info][gc             ] GC(524) Pause Young (Allocation Failure) 83M->7M(1442M) 1.104ms
[246.110s][info][gc,cpu         ] GC(524) User=0.00s Sys=0.00s Real=0.00s
[246.433s][info][gc,start       ] GC(525) Pause Young (Allocation Failure)
[246.434s][info][gc,heap        ] GC(525) PSYoungGen: 78848K(78848K)->1216K(79872K) Eden: 78336K(78336K)->0K(78336K) From: 512K(512K)->1216K(1536K)
[246.434s][info][gc,heap        ] GC(525) ParOldGen: 6693K(1398272K)->7109K(1398272K)
[246.434s][info][gc,metaspace   ] GC(525) Metaspace: 9952K(10304K)->9952K(10304K) NonClass: 8651K(8896K)->8651K(8896K) Class: 1301K(1408K)->1301K(1408K)
[246.435s][info][gc             ] GC(525) Pause Young (Allocation Failure) 83M->8M(1443M) 1.936ms
[246.435s][info][gc,cpu         ] GC(525) User=0.00s Sys=0.00s Real=0.00s
[246.760s][info][gc,start       ] GC(526) Pause Young (Allocation Failure)
[246.761s][info][gc,heap        ] GC(526) PSYoungGen: 79552K(79872K)->1056K(79872K) Eden: 78336K(78336K)->0K(78336K) From: 1216K(1536K)->1056K(1536K)
[246.761s][info][gc,heap        ] GC(526) ParOldGen: 7109K(1398272K)->7461K(1398272K)
[246.761s][info][gc,metaspace   ] GC(526) Metaspace: 9952K(10304K)->9952K(10304K) NonClass: 8651K(8896K)->8651K(8896K) Class: 1301K(1408K)->1301K(1408K)
[246.761s][info][gc             ] GC(526) Pause Young (Allocation Failure) 84M->8M(1443M) 1.089ms
[246.761s][info][gc,cpu         ] GC(526) User=0.00s Sys=0.00s Real=0.00s
[247.074s][info][gc,start       ] GC(527) Pause Young (Allocation Failure)
[247.075s][info][gc,heap        ] GC(527) PSYoungGen: 79392K(79872K)->1056K(79872K) Eden: 78336K(78336K)->0K(78336K) From: 1056K(1536K)->1056K(1536K)
[247.075s][info][gc,heap        ] GC(527) ParOldGen: 7461K(1398272K)->7461K(1398272K)
[247.075s][info][gc,metaspace   ] GC(527) Metaspace: 9952K(10304K)->9952K(10304K) NonClass: 8651K(8896K)->8651K(8896K) Class: 1301K(1408K)->1301K(1408K)
[247.075s][info][gc             ] GC(527) Pause Young (Allocation Failure) 84M->8M(1443M) 1.407ms
[247.075s][info][gc,cpu         ] GC(527) User=0.00s Sys=0.00s Real=0.00s
[247.386s][info][gc,start       ] GC(528) Pause Young (Allocation Failure)
[247.387s][info][gc,heap        ] GC(528) PSYoungGen: 79392K(79872K)->512K(78848K) Eden: 78336K(78336K)->0K(78336K) From: 1056K(1536K)->512K(512K)
[247.387s][info][gc,heap        ] GC(528) ParOldGen: 7461K(1398272K)->7885K(1398272K)
[247.387s][info][gc,metaspace   ] GC(528) Metaspace: 9952K(10304K)->9952K(10304K) NonClass: 8651K(8896K)->8651K(8896K) Class: 1301K(1408K)->1301K(1408K)
[247.387s][info][gc             ] GC(528) Pause Young (Allocation Failure) 84M->8M(1442M) 1.162ms
[247.387s][info][gc,cpu         ] GC(528) User=0.00s Sys=0.00s Real=0.00s
[247.696s][info][gc,start       ] GC(529) Pause Young (Allocation Failure)
[247.697s][info][gc,heap        ] GC(529) PSYoungGen: 78848K(78848K)->1216K(79872K) Eden: 78336K(78336K)->0K(78336K) From: 512K(512K)->1216K(1536K)
[247.697s][info][gc,heap        ] GC(529) ParOldGen: 7885K(1398272K)->8341K(1398272K)
[247.697s][info][gc,metaspace   ] GC(529) Metaspace: 9952K(10304K)->9952K(10304K) NonClass: 8651K(8896K)->8651K(8896K) Class: 1301K(1408K)->1301K(1408K)
[247.697s][info][gc             ] GC(529) Pause Young (Allocation Failure) 84M->9M(1443M) 1.474ms
[247.697s][info][gc,cpu         ] GC(529) User=0.00s Sys=0.00s Real=0.00s
[248.014s][info][gc,start       ] GC(530) Pause Young (Allocation Failure)
[248.015s][info][gc,heap        ] GC(530) PSYoungGen: 79552K(79872K)->1056K(79872K) Eden: 78336K(78336K)->0K(78336K) From: 1216K(1536K)->1056K(1536K)
[248.015s][info][gc,heap        ] GC(530) ParOldGen: 8341K(1398272K)->8661K(1398272K)
[248.015s][info][gc,metaspace   ] GC(530) Metaspace: 9952K(10304K)->9952K(10304K) NonClass: 8651K(8896K)->8651K(8896K) Class: 1301K(1408K)->1301K(1408K)
[248.015s][info][gc             ] GC(530) Pause Young (Allocation Failure) 85M->9M(1443M) 1.193ms
[248.015s][info][gc,cpu         ] GC(530) User=0.00s Sys=0.00s Real=0.00s
[248.334s][info][gc,start       ] GC(531) Pause Young (Allocation Failure)
[248.363s][info][gc,heap        ] GC(531) PSYoungGen: 79392K(79872K)->1056K(79872K) Eden: 78336K(78336K)->0K(78336K) From: 1056K(1536K)->1056K(1536K)
[248.363s][info][gc,heap        ] GC(531) ParOldGen: 8661K(1398272K)->8661K(1398272K)
[248.363s][info][gc,metaspace   ] GC(531) Metaspace: 9952K(10304K)->9952K(10304K) NonClass: 8651K(8896K)->8651K(8896K) Class: 1301K(1408K)->1301K(1408K)
[248.364s][info][gc             ] GC(531) Pause Young (Allocation Failure) 85M->9M(1443M) 29.868ms
[248.364s][info][gc,cpu         ] GC(531) User=0.00s Sys=0.00s Real=0.02s
[248.681s][info][gc,start       ] GC(532) Pause Young (Allocation Failure)
[248.682s][info][gc,heap        ] GC(532) PSYoungGen: 79392K(79872K)->512K(78848K) Eden: 78336K(78336K)->0K(78336K) From: 1056K(1536K)->512K(512K)
[248.682s][info][gc,heap        ] GC(532) ParOldGen: 8661K(1398272K)->9173K(1398272K)
[248.682s][info][gc,metaspace   ] GC(532) Metaspace: 9952K(10304K)->9952K(10304K) NonClass: 8651K(8896K)->8651K(8896K) Class: 1301K(1408K)->1301K(1408K)
[248.682s][info][gc             ] GC(532) Pause Young (Allocation Failure) 85M->9M(1442M) 1.231ms
[248.682s][info][gc,cpu         ] GC(532) User=0.00s Sys=0.00s Real=0.00s
[248.998s][info][gc,start       ] GC(533) Pause Young (Allocation Failure)
[249.000s][info][gc,heap        ] GC(533) PSYoungGen: 78848K(78848K)->1024K(79872K) Eden: 78336K(78336K)->0K(78336K) From: 512K(512K)->1024K(1536K)
[249.000s][info][gc,heap        ] GC(533) ParOldGen: 9173K(1398272K)->9493K(1398272K)
[249.000s][info][gc,metaspace   ] GC(533) Metaspace: 9952K(10304K)->9952K(10304K) NonClass: 8651K(8896K)->8651K(8896K) Class: 1301K(1408K)->1301K(1408K)
[249.000s][info][gc             ] GC(533) Pause Young (Allocation Failure) 85M->10M(1443M) 2.060ms
[249.000s][info][gc,cpu         ] GC(533) User=0.00s Sys=0.00s Real=0.00s
[249.313s][info][gc,start       ] GC(534) Pause Young (Allocation Failure)
[249.314s][info][gc,heap        ] GC(534) PSYoungGen: 79360K(79872K)->1056K(79872K) Eden: 78336K(78336K)->0K(78336K) From: 1024K(1536K)->1056K(1536K)
[249.314s][info][gc,heap        ] GC(534) ParOldGen: 9493K(1398272K)->9573K(1398272K)
[249.314s][info][gc,metaspace   ] GC(534) Metaspace: 9952K(10304K)->9952K(10304K) NonClass: 8651K(8896K)->8651K(8896K) Class: 1301K(1408K)->1301K(1408K)
[249.314s][info][gc             ] GC(534) Pause Young (Allocation Failure) 86M->10M(1443M) 1.050ms
[249.314s][info][gc,cpu         ] GC(534) User=0.00s Sys=0.00s Real=0.00s
[249.628s][info][gc,start       ] GC(535) Pause Young (Allocation Failure)
[249.629s][info][gc,heap        ] GC(535) PSYoungGen: 79392K(79872K)->1056K(79872K) Eden: 78336K(78336K)->0K(78336K) From: 1056K(1536K)->1056K(1536K)
[249.629s][info][gc,heap        ] GC(535) ParOldGen: 9573K(1398272K)->9893K(1398272K)
[249.629s][info][gc,metaspace   ] GC(535) Metaspace: 9952K(10304K)->9952K(10304K) NonClass: 8651K(8896K)->8651K(8896K) Class: 1301K(1408K)->1301K(1408K)
[249.629s][info][gc             ] GC(535) Pause Young (Allocation Failure) 86M->10M(1443M) 1.333ms
[249.629s][info][gc,cpu         ] GC(535) User=0.00s Sys=0.02s Real=0.02s
[249.954s][info][gc,start       ] GC(536) Pause Young (Allocation Failure)
[249.955s][info][gc,heap        ] GC(536) PSYoungGen: 79392K(79872K)->512K(78848K) Eden: 78336K(78336K)->0K(78336K) From: 1056K(1536K)->512K(512K)
[249.955s][info][gc,heap        ] GC(536) ParOldGen: 9893K(1398272K)->10117K(1398272K)
[249.955s][info][gc,metaspace   ] GC(536) Metaspace: 9952K(10304K)->9952K(10304K) NonClass: 8651K(8896K)->8651K(8896K) Class: 1301K(1408K)->1301K(1408K)
[249.955s][info][gc             ] GC(536) Pause Young (Allocation Failure) 87M->10M(1442M) 1.029ms
[249.955s][info][gc,cpu         ] GC(536) User=0.00s Sys=0.00s Real=0.00s
[250.280s][info][gc,start       ] GC(537) Pause Young (Allocation Failure)
[250.282s][info][gc,heap        ] GC(537) PSYoungGen: 78848K(78848K)->1056K(79872K) Eden: 78336K(78336K)->0K(78336K) From: 512K(512K)->1056K(1536K)
[250.282s][info][gc,heap        ] GC(537) ParOldGen: 10117K(1398272K)->10509K(1398272K)
[250.282s][info][gc,metaspace   ] GC(537) Metaspace: 9952K(10304K)->9952K(10304K) NonClass: 8651K(8896K)->8651K(8896K) Class: 1301K(1408K)->1301K(1408K)
[250.282s][info][gc             ] GC(537) Pause Young (Allocation Failure) 86M->11M(1443M) 2.360ms
[250.282s][info][gc,cpu         ] GC(537) User=0.00s Sys=0.00s Real=0.00s
[250.598s][info][gc,start       ] GC(538) Pause Young (Allocation Failure)
[250.599s][info][gc,heap        ] GC(538) PSYoungGen: 79392K(79872K)->1056K(79872K) Eden: 78336K(78336K)->0K(78336K) From: 1056K(1536K)->1056K(1536K)
[250.599s][info][gc,heap        ] GC(538) ParOldGen: 10509K(1398272K)->10645K(1398272K)
[250.599s][info][gc,metaspace   ] GC(538) Metaspace: 9952K(10304K)->9952K(10304K) NonClass: 8651K(8896K)->8651K(8896K) Class: 1301K(1408K)->1301K(1408K)
[250.599s][info][gc             ] GC(538) Pause Young (Allocation Failure) 87M->11M(1443M) 1.038ms
[250.599s][info][gc,cpu         ] GC(538) User=0.00s Sys=0.00s Real=0.00s
[250.910s][info][gc,start       ] GC(539) Pause Young (Allocation Failure)
[250.911s][info][gc,heap        ] GC(539) PSYoungGen: 79392K(79872K)->1056K(79872K) Eden: 78336K(78336K)->0K(78336K) From: 1056K(1536K)->1056K(1536K)
[250.911s][info][gc,heap        ] GC(539) ParOldGen: 10645K(1398272K)->10645K(1398272K)
[250.911s][info][gc,metaspace   ] GC(539) Metaspace: 9952K(10304K)->9952K(10304K) NonClass: 8651K(8896K)->8651K(8896K) Class: 1301K(1408K)->1301K(1408K)
[250.911s][info][gc             ] GC(539) Pause Young (Allocation Failure) 87M->11M(1443M) 1.296ms
[250.911s][info][gc,cpu         ] GC(539) User=0.00s Sys=0.00s Real=0.00s
[251.193s][info][gc,start       ] GC(540) Pause Young (System.gc())
[251.194s][info][gc,heap        ] GC(540) PSYoungGen: 68655K(79872K)->512K(78848K) Eden: 67599K(78336K)->0K(78336K) From: 1056K(1536K)->512K(512K)
[251.194s][info][gc,heap        ] GC(540) ParOldGen: 10645K(1398272K)->10861K(1398272K)
[251.194s][info][gc,metaspace   ] GC(540) Metaspace: 9952K(10304K)->9952K(10304K) NonClass: 8651K(8896K)->8651K(8896K) Class: 1301K(1408K)->1301K(1408K)
[251.194s][info][gc             ] GC(540) Pause Young (System.gc()) 77M->11M(1442M) 1.119ms
[251.194s][info][gc,cpu         ] GC(540) User=0.00s Sys=0.00s Real=0.00s
[251.194s][info][gc,start       ] GC(541) Pause Full (System.gc())
[251.194s][info][gc,phases,start] GC(541) Marking Phase
[251.209s][info][gc,phases      ] GC(541) Marking Phase 14.442ms
[251.209s][info][gc,phases,start] GC(541) Summary Phase
[251.209s][info][gc,phases      ] GC(541) Summary Phase 0.021ms
[251.209s][info][gc,phases,start] GC(541) Adjust Roots
[251.214s][info][gc,phases      ] GC(541) Adjust Roots 4.556ms
[251.214s][info][gc,phases,start] GC(541) Compaction Phase
[251.218s][info][gc,phases      ] GC(541) Compaction Phase 3.976ms
[251.218s][info][gc,phases,start] GC(541) Post Compact
[251.218s][info][gc,phases      ] GC(541) Post Compact 0.728ms
[251.218s][info][gc,heap        ] GC(541) PSYoungGen: 512K(78848K)->0K(78848K) Eden: 0K(78336K)->0K(78336K) From: 512K(512K)->0K(512K)
[251.218s][info][gc,heap        ] GC(541) ParOldGen: 10861K(1398272K)->4077K(1398272K)
[251.218s][info][gc,metaspace   ] GC(541) Metaspace: 9952K(10304K)->9952K(10304K) NonClass: 8651K(8896K)->8651K(8896K) Class: 1301K(1408K)->1301K(1408K)
[251.218s][info][gc             ] GC(541) Pause Full (System.gc()) 11M->3M(1442M) 23.967ms
[251.218s][info][gc,cpu         ] GC(541) User=0.53s Sys=0.00s Real=0.03s
[251.542s][info][gc,start       ] GC(542) Pause Young (Allocation Failure)
[251.543s][info][gc,heap        ] GC(542) PSYoungGen: 78336K(78848K)->1536K(79872K) Eden: 78336K(78336K)->0K(78336K) From: 0K(512K)->1536K(1536K)
[251.543s][info][gc,heap        ] GC(542) ParOldGen: 4077K(1398272K)->4197K(1398272K)
[251.543s][info][gc,metaspace   ] GC(542) Metaspace: 9952K(10304K)->9952K(10304K) NonClass: 8651K(8896K)->8651K(8896K) Class: 1301K(1408K)->1301K(1408K)
[251.543s][info][gc             ] GC(542) Pause Young (Allocation Failure) 80M->5M(1443M) 1.249ms
[251.543s][info][gc,cpu         ] GC(542) User=0.00s Sys=0.00s Real=0.00s
[251.865s][info][gc,start       ] GC(543) Pause Young (Allocation Failure)
[251.866s][info][gc,heap        ] GC(543) PSYoungGen: 79872K(79872K)->1248K(79872K) Eden: 78336K(78336K)->0K(78336K) From: 1536K(1536K)->1248K(1536K)
[251.866s][info][gc,heap        ] GC(543) ParOldGen: 4197K(1398272K)->4989K(1398272K)
[251.866s][info][gc,metaspace   ] GC(543) Metaspace: 9952K(10304K)->9952K(10304K) NonClass: 8651K(8896K)->8651K(8896K) Class: 1301K(1408K)->1301K(1408K)
[251.866s][info][gc             ] GC(543) Pause Young (Allocation Failure) 82M->6M(1443M) 1.400ms
[251.866s][info][gc,cpu         ] GC(543) User=0.00s Sys=0.00s Real=0.00s
[252.184s][info][gc,start       ] GC(544) Pause Young (Allocation Failure)
[252.186s][info][gc,heap        ] GC(544) PSYoungGen: 79584K(79872K)->1056K(79872K) Eden: 78336K(78336K)->0K(78336K) From: 1248K(1536K)->1056K(1536K)
[252.186s][info][gc,heap        ] GC(544) ParOldGen: 4989K(1398272K)->5357K(1398272K)
[252.186s][info][gc,metaspace   ] GC(544) Metaspace: 9952K(10304K)->9952K(10304K) NonClass: 8651K(8896K)->8651K(8896K) Class: 1301K(1408K)->1301K(1408K)
[252.186s][info][gc             ] GC(544) Pause Young (Allocation Failure) 82M->6M(1443M) 1.397ms
[252.186s][info][gc,cpu         ] GC(544) User=0.00s Sys=0.00s Real=0.00s
[252.509s][info][gc,start       ] GC(545) Pause Young (Allocation Failure)
[252.510s][info][gc,heap        ] GC(545) PSYoungGen: 79392K(79872K)->1056K(79872K) Eden: 78336K(78336K)->0K(78336K) From: 1056K(1536K)->1056K(1536K)
[252.510s][info][gc,heap        ] GC(545) ParOldGen: 5357K(1398272K)->5357K(1398272K)
[252.510s][info][gc,metaspace   ] GC(545) Metaspace: 9952K(10304K)->9952K(10304K) NonClass: 8651K(8896K)->8651K(8896K) Class: 1301K(1408K)->1301K(1408K)
[252.510s][info][gc             ] GC(545) Pause Young (Allocation Failure) 82M->6M(1443M) 1.041ms
[252.510s][info][gc,cpu         ] GC(545) User=0.00s Sys=0.00s Real=0.00s
[252.826s][info][gc,start       ] GC(546) Pause Young (Allocation Failure)
[252.827s][info][gc,heap        ] GC(546) PSYoungGen: 79392K(79872K)->1056K(79872K) Eden: 78336K(78336K)->0K(78336K) From: 1056K(1536K)->1056K(1536K)
[252.827s][info][gc,heap        ] GC(546) ParOldGen: 5357K(1398272K)->5357K(1398272K)
[252.827s][info][gc,metaspace   ] GC(546) Metaspace: 9952K(10304K)->9952K(10304K) NonClass: 8651K(8896K)->8651K(8896K) Class: 1301K(1408K)->1301K(1408K)
[252.827s][info][gc             ] GC(546) Pause Young (Allocation Failure) 82M->6M(1443M) 1.533ms
[252.827s][info][gc,cpu         ] GC(546) User=0.00s Sys=0.02s Real=0.02s
[253.151s][info][gc,start       ] GC(547) Pause Young (Allocation Failure)
[253.152s][info][gc,heap        ] GC(547) PSYoungGen: 79392K(79872K)->512K(78848K) Eden: 78336K(78336K)->0K(78336K) From: 1056K(1536K)->512K(512K)
[253.152s][info][gc,heap        ] GC(547) ParOldGen: 5357K(1398272K)->5653K(1398272K)
[253.152s][info][gc,metaspace   ] GC(547) Metaspace: 9952K(10304K)->9952K(10304K) NonClass: 8651K(8896K)->8651K(8896K) Class: 1301K(1408K)->1301K(1408K)
[253.152s][info][gc             ] GC(547) Pause Young (Allocation Failure) 82M->6M(1442M) 1.146ms
[253.152s][info][gc,cpu         ] GC(547) User=0.00s Sys=0.00s Real=0.00s
[253.472s][info][gc,start       ] GC(548) Pause Young (Allocation Failure)
[253.474s][info][gc,heap        ] GC(548) PSYoungGen: 78848K(78848K)->960K(79872K) Eden: 78336K(78336K)->0K(78336K) From: 512K(512K)->960K(1536K)
[253.474s][info][gc,heap        ] GC(548) ParOldGen: 5653K(1398272K)->6077K(1398272K)
[253.474s][info][gc,metaspace   ] GC(548) Metaspace: 9952K(10304K)->9952K(10304K) NonClass: 8651K(8896K)->8651K(8896K) Class: 1301K(1408K)->1301K(1408K)
[253.474s][info][gc             ] GC(548) Pause Young (Allocation Failure) 82M->6M(1443M) 1.999ms
[253.474s][info][gc,cpu         ] GC(548) User=0.00s Sys=0.00s Real=0.00s
[253.811s][info][gc,start       ] GC(549) Pause Young (Allocation Failure)
[253.812s][info][gc,heap        ] GC(549) PSYoungGen: 79296K(79872K)->1056K(79872K) Eden: 78336K(78336K)->0K(78336K) From: 960K(1536K)->1056K(1536K)
[253.812s][info][gc,heap        ] GC(549) ParOldGen: 6077K(1398272K)->6157K(1398272K)
[253.812s][info][gc,metaspace   ] GC(549) Metaspace: 9952K(10304K)->9952K(10304K) NonClass: 8651K(8896K)->8651K(8896K) Class: 1301K(1408K)->1301K(1408K)
[253.812s][info][gc             ] GC(549) Pause Young (Allocation Failure) 83M->7M(1443M) 1.094ms
[253.812s][info][gc,cpu         ] GC(549) User=0.00s Sys=0.00s Real=0.00s
[254.134s][info][gc,start       ] GC(550) Pause Young (Allocation Failure)
[254.136s][info][gc,heap        ] GC(550) PSYoungGen: 79392K(79872K)->960K(79360K) Eden: 78336K(78336K)->0K(78336K) From: 1056K(1536K)->960K(1024K)
[254.136s][info][gc,heap        ] GC(550) ParOldGen: 6157K(1398272K)->6509K(1398272K)
[254.136s][info][gc,metaspace   ] GC(550) Metaspace: 9952K(10304K)->9952K(10304K) NonClass: 8651K(8896K)->8651K(8896K) Class: 1301K(1408K)->1301K(1408K)
[254.136s][info][gc             ] GC(550) Pause Young (Allocation Failure) 83M->7M(1443M) 1.444ms
[254.136s][info][gc,cpu         ] GC(550) User=0.00s Sys=0.00s Real=0.00s
[254.458s][info][gc,start       ] GC(551) Pause Young (Allocation Failure)
[254.459s][info][gc,heap        ] GC(551) PSYoungGen: 79296K(79360K)->1024K(79360K) Eden: 78336K(78336K)->0K(78336K) From: 960K(1024K)->1024K(1024K)
[254.459s][info][gc,heap        ] GC(551) ParOldGen: 6509K(1398272K)->6517K(1398272K)
[254.459s][info][gc,metaspace   ] GC(551) Metaspace: 9952K(10304K)->9952K(10304K) NonClass: 8651K(8896K)->8651K(8896K) Class: 1301K(1408K)->1301K(1408K)
[254.459s][info][gc             ] GC(551) Pause Young (Allocation Failure) 83M->7M(1443M) 1.038ms
[254.459s][info][gc,cpu         ] GC(551) User=0.00s Sys=0.00s Real=0.00s
[254.780s][info][gc,start       ] GC(552) Pause Young (Allocation Failure)
[254.782s][info][gc,heap        ] GC(552) PSYoungGen: 79360K(79360K)->1056K(79872K) Eden: 78336K(78336K)->0K(78336K) From: 1024K(1024K)->1056K(1536K)
[254.782s][info][gc,heap        ] GC(552) ParOldGen: 6517K(1398272K)->6877K(1398272K)
[254.782s][info][gc,metaspace   ] GC(552) Metaspace: 9952K(10304K)->9952K(10304K) NonClass: 8651K(8896K)->8651K(8896K) Class: 1301K(1408K)->1301K(1408K)
[254.782s][info][gc             ] GC(552) Pause Young (Allocation Failure) 83M->7M(1443M) 1.583ms
[254.782s][info][gc,cpu         ] GC(552) User=0.00s Sys=0.00s Real=0.00s
[255.092s][info][gc,start       ] GC(553) Pause Young (Allocation Failure)
[255.093s][info][gc,heap        ] GC(553) PSYoungGen: 79392K(79872K)->1024K(79360K) Eden: 78336K(78336K)->0K(78336K) From: 1056K(1536K)->1024K(1024K)
[255.093s][info][gc,heap        ] GC(553) ParOldGen: 6877K(1398272K)->7261K(1398272K)
[255.093s][info][gc,metaspace   ] GC(553) Metaspace: 9952K(10304K)->9952K(10304K) NonClass: 8651K(8896K)->8651K(8896K) Class: 1301K(1408K)->1301K(1408K)
[255.093s][info][gc             ] GC(553) Pause Young (Allocation Failure) 84M->8M(1443M) 1.129ms
[255.093s][info][gc,cpu         ] GC(553) User=0.00s Sys=0.00s Real=0.00s
[255.413s][info][gc,start       ] GC(554) Pause Young (Allocation Failure)
[255.414s][info][gc,heap        ] GC(554) PSYoungGen: 79360K(79360K)->1056K(79872K) Eden: 78336K(78336K)->0K(78336K) From: 1024K(1024K)->1056K(1536K)
[255.414s][info][gc,heap        ] GC(554) ParOldGen: 7261K(1398272K)->7261K(1398272K)
[255.414s][info][gc,metaspace   ] GC(554) Metaspace: 9952K(10304K)->9952K(10304K) NonClass: 8651K(8896K)->8651K(8896K) Class: 1301K(1408K)->1301K(1408K)
[255.414s][info][gc             ] GC(554) Pause Young (Allocation Failure) 84M->8M(1443M) 1.306ms
[255.414s][info][gc,cpu         ] GC(554) User=0.00s Sys=0.00s Real=0.00s
[255.733s][info][gc,start       ] GC(555) Pause Young (Allocation Failure)
[255.734s][info][gc,heap        ] GC(555) PSYoungGen: 79392K(79872K)->1024K(79360K) Eden: 78336K(78336K)->0K(78336K) From: 1056K(1536K)->1024K(1024K)
[255.734s][info][gc,heap        ] GC(555) ParOldGen: 7261K(1398272K)->7285K(1398272K)
[255.734s][info][gc,metaspace   ] GC(555) Metaspace: 9952K(10304K)->9952K(10304K) NonClass: 8651K(8896K)->8651K(8896K) Class: 1301K(1408K)->1301K(1408K)
[255.734s][info][gc             ] GC(555) Pause Young (Allocation Failure) 84M->8M(1443M) 1.035ms
[255.734s][info][gc,cpu         ] GC(555) User=0.00s Sys=0.00s Real=0.00s
[256.058s][info][gc,start       ] GC(556) Pause Young (Allocation Failure)
[256.060s][info][gc,heap        ] GC(556) PSYoungGen: 79360K(79360K)->1056K(79872K) Eden: 78336K(78336K)->0K(78336K) From: 1024K(1024K)->1056K(1536K)
[256.060s][info][gc,heap        ] GC(556) ParOldGen: 7285K(1398272K)->7341K(1398272K)
[256.060s][info][gc,metaspace   ] GC(556) Metaspace: 9952K(10304K)->9952K(10304K) NonClass: 8651K(8896K)->8651K(8896K) Class: 1301K(1408K)->1301K(1408K)
[256.060s][info][gc             ] GC(556) Pause Young (Allocation Failure) 84M->8M(1443M) 1.144ms
[256.060s][info][gc,cpu         ] GC(556) User=0.00s Sys=0.00s Real=0.00s
[256.388s][info][gc,start       ] GC(557) Pause Young (Allocation Failure)
[256.389s][info][gc,heap        ] GC(557) PSYoungGen: 79392K(79872K)->1024K(79360K) Eden: 78336K(78336K)->0K(78336K) From: 1056K(1536K)->1024K(1024K)
[256.389s][info][gc,heap        ] GC(557) ParOldGen: 7341K(1398272K)->7349K(1398272K)
[256.389s][info][gc,metaspace   ] GC(557) Metaspace: 9952K(10304K)->9952K(10304K) NonClass: 8651K(8896K)->8651K(8896K) Class: 1301K(1408K)->1301K(1408K)
[256.389s][info][gc             ] GC(557) Pause Young (Allocation Failure) 84M->8M(1443M) 1.062ms
[256.389s][info][gc,cpu         ] GC(557) User=0.00s Sys=0.00s Real=0.00s
[256.705s][info][gc,start       ] GC(558) Pause Young (Allocation Failure)
[256.706s][info][gc,heap        ] GC(558) PSYoungGen: 79360K(79360K)->1056K(79872K) Eden: 78336K(78336K)->0K(78336K) From: 1024K(1024K)->1056K(1536K)
[256.706s][info][gc,heap        ] GC(558) ParOldGen: 7349K(1398272K)->7429K(1398272K)
[256.706s][info][gc,metaspace   ] GC(558) Metaspace: 9952K(10304K)->9952K(10304K) NonClass: 8651K(8896K)->8651K(8896K) Class: 1301K(1408K)->1301K(1408K)
[256.706s][info][gc             ] GC(558) Pause Young (Allocation Failure) 84M->8M(1443M) 1.256ms
[256.706s][info][gc,cpu         ] GC(558) User=0.00s Sys=0.00s Real=0.00s
[257.028s][info][gc,start       ] GC(559) Pause Young (Allocation Failure)
[257.029s][info][gc,heap        ] GC(559) PSYoungGen: 79392K(79872K)->1024K(79360K) Eden: 78336K(78336K)->0K(78336K) From: 1056K(1536K)->1024K(1024K)
[257.029s][info][gc,heap        ] GC(559) ParOldGen: 7429K(1398272K)->7445K(1398272K)
[257.029s][info][gc,metaspace   ] GC(559) Metaspace: 9952K(10304K)->9952K(10304K) NonClass: 8651K(8896K)->8651K(8896K) Class: 1301K(1408K)->1301K(1408K)
[257.029s][info][gc             ] GC(559) Pause Young (Allocation Failure) 84M->8M(1443M) 1.088ms
[257.029s][info][gc,cpu         ] GC(559) User=0.00s Sys=0.00s Real=0.00s
[257.348s][info][gc,start       ] GC(560) Pause Young (Allocation Failure)
[257.349s][info][gc,heap        ] GC(560) PSYoungGen: 79360K(79360K)->1088K(79872K) Eden: 78336K(78336K)->0K(78336K) From: 1024K(1024K)->1088K(1536K)
[257.349s][info][gc,heap        ] GC(560) ParOldGen: 7445K(1398272K)->7565K(1398272K)
[257.350s][info][gc,metaspace   ] GC(560) Metaspace: 9952K(10304K)->9952K(10304K) NonClass: 8651K(8896K)->8651K(8896K) Class: 1301K(1408K)->1301K(1408K)
[257.350s][info][gc             ] GC(560) Pause Young (Allocation Failure) 84M->8M(1443M) 1.275ms
[257.350s][info][gc,cpu         ] GC(560) User=0.00s Sys=0.00s Real=0.00s
[257.664s][info][gc,start       ] GC(561) Pause Young (Allocation Failure)
[257.666s][info][gc,heap        ] GC(561) PSYoungGen: 79424K(79872K)->1024K(79360K) Eden: 78336K(78336K)->0K(78336K) From: 1088K(1536K)->1024K(1024K)
[257.666s][info][gc,heap        ] GC(561) ParOldGen: 7565K(1398272K)->7909K(1398272K)
[257.666s][info][gc,metaspace   ] GC(561) Metaspace: 9952K(10304K)->9952K(10304K) NonClass: 8651K(8896K)->8651K(8896K) Class: 1301K(1408K)->1301K(1408K)
[257.666s][info][gc             ] GC(561) Pause Young (Allocation Failure) 84M->8M(1443M) 1.157ms
[257.666s][info][gc,cpu         ] GC(561) User=0.00s Sys=0.00s Real=0.00s
[257.950s][info][gc,start       ] GC(562) Pause Young (System.gc())
[257.951s][info][gc,heap        ] GC(562) PSYoungGen: 70541K(79360K)->1024K(79360K) Eden: 69517K(78336K)->0K(78336K) From: 1024K(1024K)->1024K(1024K)
[257.951s][info][gc,heap        ] GC(562) ParOldGen: 7909K(1398272K)->8253K(1398272K)
[257.951s][info][gc,metaspace   ] GC(562) Metaspace: 9952K(10304K)->9952K(10304K) NonClass: 8651K(8896K)->8651K(8896K) Class: 1301K(1408K)->1301K(1408K)
[257.951s][info][gc             ] GC(562) Pause Young (System.gc()) 76M->9M(1443M) 1.199ms
[257.951s][info][gc,cpu         ] GC(562) User=0.00s Sys=0.00s Real=0.00s
[257.951s][info][gc,start       ] GC(563) Pause Full (System.gc())
[257.951s][info][gc,phases,start] GC(563) Marking Phase
[257.967s][info][gc,phases      ] GC(563) Marking Phase 16.492ms
[257.968s][info][gc,phases,start] GC(563) Summary Phase
[257.968s][info][gc,phases      ] GC(563) Summary Phase 0.020ms
[257.968s][info][gc,phases,start] GC(563) Adjust Roots
[257.972s][info][gc,phases      ] GC(563) Adjust Roots 4.568ms
[257.972s][info][gc,phases,start] GC(563) Compaction Phase
[257.976s][info][gc,phases      ] GC(563) Compaction Phase 3.678ms
[257.976s][info][gc,phases,start] GC(563) Post Compact
[257.977s][info][gc,phases      ] GC(563) Post Compact 0.763ms
[257.977s][info][gc,heap        ] GC(563) PSYoungGen: 1024K(79360K)->0K(79360K) Eden: 0K(78336K)->0K(78336K) From: 1024K(1024K)->0K(1024K)
[257.977s][info][gc,heap        ] GC(563) ParOldGen: 8253K(1398272K)->4077K(1398272K)
[257.977s][info][gc,metaspace   ] GC(563) Metaspace: 9952K(10304K)->9952K(10304K) NonClass: 8651K(8896K)->8651K(8896K) Class: 1301K(1408K)->1301K(1408K)
[257.977s][info][gc             ] GC(563) Pause Full (System.gc()) 9M->3M(1443M) 25.800ms
[257.977s][info][gc,cpu         ] GC(563) User=0.42s Sys=0.00s Real=0.03s
[258.303s][info][gc,start       ] GC(564) Pause Young (Allocation Failure)
[258.304s][info][gc,heap        ] GC(564) PSYoungGen: 78336K(79360K)->1536K(79872K) Eden: 78336K(78336K)->0K(78336K) From: 0K(1024K)->1536K(1536K)
[258.304s][info][gc,heap        ] GC(564) ParOldGen: 4077K(1398272K)->4189K(1398272K)
[258.304s][info][gc,metaspace   ] GC(564) Metaspace: 9952K(10304K)->9952K(10304K) NonClass: 8651K(8896K)->8651K(8896K) Class: 1301K(1408K)->1301K(1408K)
[258.304s][info][gc             ] GC(564) Pause Young (Allocation Failure) 80M->5M(1443M) 1.274ms
[258.304s][info][gc,cpu         ] GC(564) User=0.00s Sys=0.00s Real=0.00s
[258.616s][info][gc,start       ] GC(565) Pause Young (Allocation Failure)
[258.618s][info][gc,heap        ] GC(565) PSYoungGen: 79872K(79872K)->1376K(79872K) Eden: 78336K(78336K)->0K(78336K) From: 1536K(1536K)->1376K(1536K)
[258.618s][info][gc,heap        ] GC(565) ParOldGen: 4189K(1398272K)->4773K(1398272K)
[258.618s][info][gc,metaspace   ] GC(565) Metaspace: 9952K(10304K)->9952K(10304K) NonClass: 8651K(8896K)->8651K(8896K) Class: 1301K(1408K)->1301K(1408K)
[258.618s][info][gc             ] GC(565) Pause Young (Allocation Failure) 82M->6M(1443M) 1.664ms
[258.618s][info][gc,cpu         ] GC(565) User=0.00s Sys=0.00s Real=0.00s
[258.936s][info][gc,start       ] GC(566) Pause Young (Allocation Failure)
[258.937s][info][gc,heap        ] GC(566) PSYoungGen: 79712K(79872K)->512K(78848K) Eden: 78336K(78336K)->0K(78336K) From: 1376K(1536K)->512K(512K)
[258.937s][info][gc,heap        ] GC(566) ParOldGen: 4773K(1398272K)->5581K(1398272K)
[258.937s][info][gc,metaspace   ] GC(566) Metaspace: 9952K(10304K)->9952K(10304K) NonClass: 8651K(8896K)->8651K(8896K) Class: 1301K(1408K)->1301K(1408K)
[258.937s][info][gc             ] GC(566) Pause Young (Allocation Failure) 82M->5M(1442M) 1.342ms
[258.937s][info][gc,cpu         ] GC(566) User=0.00s Sys=0.00s Real=0.00s
[259.259s][info][gc,start       ] GC(567) Pause Young (Allocation Failure)
[259.260s][info][gc,heap        ] GC(567) PSYoungGen: 78848K(78848K)->1280K(80384K) Eden: 78336K(78336K)->0K(78336K) From: 512K(512K)->1280K(2048K)
[259.260s][info][gc,heap        ] GC(567) ParOldGen: 5581K(1398272K)->6125K(1398272K)
[259.260s][info][gc,metaspace   ] GC(567) Metaspace: 9952K(10304K)->9952K(10304K) NonClass: 8651K(8896K)->8651K(8896K) Class: 1301K(1408K)->1301K(1408K)
[259.260s][info][gc             ] GC(567) Pause Young (Allocation Failure) 82M->7M(1444M) 1.277ms
[259.260s][info][gc,cpu         ] GC(567) User=0.00s Sys=0.00s Real=0.00s
[259.576s][info][gc,start       ] GC(568) Pause Young (Allocation Failure)
[259.578s][info][gc,heap        ] GC(568) PSYoungGen: 79616K(80384K)->1120K(79872K) Eden: 78336K(78336K)->0K(78336K) From: 1280K(2048K)->1120K(1536K)
[259.578s][info][gc,heap        ] GC(568) ParOldGen: 6125K(1398272K)->6501K(1398272K)
[259.578s][info][gc,metaspace   ] GC(568) Metaspace: 9952K(10304K)->9952K(10304K) NonClass: 8651K(8896K)->8651K(8896K) Class: 1301K(1408K)->1301K(1408K)
[259.578s][info][gc             ] GC(568) Pause Young (Allocation Failure) 83M->7M(1443M) 1.287ms
[259.578s][info][gc,cpu         ] GC(568) User=0.00s Sys=0.00s Real=0.00s
[259.901s][info][gc,start       ] GC(569) Pause Young (Allocation Failure)
[259.902s][info][gc,heap        ] GC(569) PSYoungGen: 79456K(79872K)->1024K(79360K) Eden: 78336K(78336K)->0K(78336K) From: 1120K(1536K)->1024K(1024K)
[259.903s][info][gc,heap        ] GC(569) ParOldGen: 6501K(1398272K)->6853K(1398272K)
[259.903s][info][gc,metaspace   ] GC(569) Metaspace: 9952K(10304K)->9952K(10304K) NonClass: 8651K(8896K)->8651K(8896K) Class: 1301K(1408K)->1301K(1408K)
[259.903s][info][gc             ] GC(569) Pause Young (Allocation Failure) 83M->7M(1443M) 1.363ms
[259.903s][info][gc,cpu         ] GC(569) User=0.00s Sys=0.00s Real=0.00s
[260.227s][info][gc,start       ] GC(570) Pause Young (Allocation Failure)
[260.228s][info][gc,heap        ] GC(570) PSYoungGen: 79360K(79360K)->1024K(79360K) Eden: 78336K(78336K)->0K(78336K) From: 1024K(1024K)->1024K(1024K)
[260.228s][info][gc,heap        ] GC(570) ParOldGen: 6853K(1398272K)->6869K(1398272K)
[260.228s][info][gc,metaspace   ] GC(570) Metaspace: 9952K(10304K)->9952K(10304K) NonClass: 8651K(8896K)->8651K(8896K) Class: 1301K(1408K)->1301K(1408K)
[260.228s][info][gc             ] GC(570) Pause Young (Allocation Failure) 84M->7M(1443M) 1.092ms
[260.228s][info][gc,cpu         ] GC(570) User=0.00s Sys=0.00s Real=0.00s
[260.559s][info][gc,start       ] GC(571) Pause Young (Allocation Failure)
[260.561s][info][gc,heap        ] GC(571) PSYoungGen: 79360K(79360K)->1152K(79872K) Eden: 78336K(78336K)->0K(78336K) From: 1024K(1024K)->1152K(1536K)
[260.561s][info][gc,heap        ] GC(571) ParOldGen: 6869K(1398272K)->7173K(1398272K)
[260.561s][info][gc,metaspace   ] GC(571) Metaspace: 9952K(10304K)->9952K(10304K) NonClass: 8651K(8896K)->8651K(8896K) Class: 1301K(1408K)->1301K(1408K)
[260.561s][info][gc             ] GC(571) Pause Young (Allocation Failure) 84M->8M(1443M) 1.292ms
[260.561s][info][gc,cpu         ] GC(571) User=0.00s Sys=0.00s Real=0.00s
[260.883s][info][gc,start       ] GC(572) Pause Young (Allocation Failure)
[260.884s][info][gc,heap        ] GC(572) PSYoungGen: 79488K(79872K)->1024K(79360K) Eden: 78336K(78336K)->0K(78336K) From: 1152K(1536K)->1024K(1024K)
[260.884s][info][gc,heap        ] GC(572) ParOldGen: 7173K(1398272K)->7245K(1398272K)
[260.884s][info][gc,metaspace   ] GC(572) Metaspace: 9952K(10304K)->9952K(10304K) NonClass: 8651K(8896K)->8651K(8896K) Class: 1301K(1408K)->1301K(1408K)
[260.884s][info][gc             ] GC(572) Pause Young (Allocation Failure) 84M->8M(1443M) 1.074ms
[260.884s][info][gc,cpu         ] GC(572) User=0.00s Sys=0.00s Real=0.00s
[261.203s][info][gc,start       ] GC(573) Pause Young (Allocation Failure)
[261.204s][info][gc,heap        ] GC(573) PSYoungGen: 79360K(79360K)->1120K(79872K) Eden: 78336K(78336K)->0K(78336K) From: 1024K(1024K)->1120K(1536K)
[261.204s][info][gc,heap        ] GC(573) ParOldGen: 7245K(1398272K)->7629K(1398272K)
[261.204s][info][gc,metaspace   ] GC(573) Metaspace: 9952K(10304K)->9952K(10304K) NonClass: 8651K(8896K)->8651K(8896K) Class: 1301K(1408K)->1301K(1408K)
[261.204s][info][gc             ] GC(573) Pause Young (Allocation Failure) 84M->8M(1443M) 1.329ms
[261.205s][info][gc,cpu         ] GC(573) User=0.52s Sys=0.00s Real=0.02s
[261.526s][info][gc,start       ] GC(574) Pause Young (Allocation Failure)
[261.527s][info][gc,heap        ] GC(574) PSYoungGen: 79456K(79872K)->1024K(79360K) Eden: 78336K(78336K)->0K(78336K) From: 1120K(1536K)->1024K(1024K)
[261.527s][info][gc,heap        ] GC(574) ParOldGen: 7629K(1398272K)->7973K(1398272K)
[261.527s][info][gc,metaspace   ] GC(574) Metaspace: 9952K(10304K)->9952K(10304K) NonClass: 8651K(8896K)->8651K(8896K) Class: 1301K(1408K)->1301K(1408K)
[261.527s][info][gc             ] GC(574) Pause Young (Allocation Failure) 85M->8M(1443M) 1.138ms
[261.527s][info][gc,cpu         ] GC(574) User=0.00s Sys=0.00s Real=0.00s
[261.852s][info][gc,start       ] GC(575) Pause Young (Allocation Failure)
[261.853s][info][gc,heap        ] GC(575) PSYoungGen: 79360K(79360K)->1056K(79872K) Eden: 78336K(78336K)->0K(78336K) From: 1024K(1024K)->1056K(1536K)
[261.853s][info][gc,heap        ] GC(575) ParOldGen: 7973K(1398272K)->8093K(1398272K)
[261.853s][info][gc,metaspace   ] GC(575) Metaspace: 9952K(10304K)->9952K(10304K) NonClass: 8651K(8896K)->8651K(8896K) Class: 1301K(1408K)->1301K(1408K)
[261.853s][info][gc             ] GC(575) Pause Young (Allocation Failure) 85M->8M(1443M) 1.215ms
[261.853s][info][gc,cpu         ] GC(575) User=0.00s Sys=0.00s Real=0.00s
[262.165s][info][gc,start       ] GC(576) Pause Young (Allocation Failure)
[262.166s][info][gc,heap        ] GC(576) PSYoungGen: 79392K(79872K)->1024K(79360K) Eden: 78336K(78336K)->0K(78336K) From: 1056K(1536K)->1024K(1024K)
[262.166s][info][gc,heap        ] GC(576) ParOldGen: 8093K(1398272K)->8117K(1398272K)
[262.166s][info][gc,metaspace   ] GC(576) Metaspace: 9952K(10304K)->9952K(10304K) NonClass: 8651K(8896K)->8651K(8896K) Class: 1301K(1408K)->1301K(1408K)
[262.166s][info][gc             ] GC(576) Pause Young (Allocation Failure) 85M->8M(1443M) 0.989ms
[262.166s][info][gc,cpu         ] GC(576) User=0.00s Sys=0.00s Real=0.00s
[262.486s][info][gc,start       ] GC(577) Pause Young (Allocation Failure)
[262.487s][info][gc,heap        ] GC(577) PSYoungGen: 79360K(79360K)->1024K(79360K) Eden: 78336K(78336K)->0K(78336K) From: 1024K(1024K)->1024K(1024K)
[262.487s][info][gc,heap        ] GC(577) ParOldGen: 8117K(1398272K)->8389K(1398272K)
[262.487s][info][gc,metaspace   ] GC(577) Metaspace: 9952K(10304K)->9952K(10304K) NonClass: 8651K(8896K)->8651K(8896K) Class: 1301K(1408K)->1301K(1408K)
[262.487s][info][gc             ] GC(577) Pause Young (Allocation Failure) 85M->9M(1443M) 1.412ms
[262.487s][info][gc,cpu         ] GC(577) User=0.00s Sys=0.00s Real=0.00s
[262.811s][info][gc,start       ] GC(578) Pause Young (Allocation Failure)
[262.812s][info][gc,heap        ] GC(578) PSYoungGen: 79360K(79360K)->1056K(79872K) Eden: 78336K(78336K)->0K(78336K) From: 1024K(1024K)->1056K(1536K)
[262.812s][info][gc,heap        ] GC(578) ParOldGen: 8389K(1398272K)->8389K(1398272K)
[262.812s][info][gc,metaspace   ] GC(578) Metaspace: 9952K(10304K)->9952K(10304K) NonClass: 8651K(8896K)->8651K(8896K) Class: 1301K(1408K)->1301K(1408K)
[262.812s][info][gc             ] GC(578) Pause Young (Allocation Failure) 85M->9M(1443M) 1.116ms
[262.813s][info][gc,cpu         ] GC(578) User=0.00s Sys=0.00s Real=0.00s
[263.134s][info][gc,start       ] GC(579) Pause Young (Allocation Failure)
[263.135s][info][gc,heap        ] GC(579) PSYoungGen: 79392K(79872K)->1056K(79872K) Eden: 78336K(78336K)->0K(78336K) From: 1056K(1536K)->1056K(1536K)
[263.135s][info][gc,heap        ] GC(579) ParOldGen: 8389K(1398272K)->8389K(1398272K)
[263.135s][info][gc,metaspace   ] GC(579) Metaspace: 9952K(10304K)->9952K(10304K) NonClass: 8651K(8896K)->8651K(8896K) Class: 1301K(1408K)->1301K(1408K)
[263.135s][info][gc             ] GC(579) Pause Young (Allocation Failure) 85M->9M(1443M) 1.385ms
[263.136s][info][gc,cpu         ] GC(579) User=0.00s Sys=0.00s Real=0.00s
[263.445s][info][gc,start       ] GC(580) Pause Young (Allocation Failure)
[263.446s][info][gc,heap        ] GC(580) PSYoungGen: 79392K(79872K)->512K(78848K) Eden: 78336K(78336K)->0K(78336K) From: 1056K(1536K)->512K(512K)
[263.446s][info][gc,heap        ] GC(580) ParOldGen: 8389K(1398272K)->8645K(1398272K)
[263.446s][info][gc,metaspace   ] GC(580) Metaspace: 9952K(10304K)->9952K(10304K) NonClass: 8651K(8896K)->8651K(8896K) Class: 1301K(1408K)->1301K(1408K)
[263.446s][info][gc             ] GC(580) Pause Young (Allocation Failure) 85M->8M(1442M) 1.189ms
[263.447s][info][gc,cpu         ] GC(580) User=0.00s Sys=0.00s Real=0.00s
[263.782s][info][gc,start       ] GC(581) Pause Young (Allocation Failure)
[263.784s][info][gc,heap        ] GC(581) PSYoungGen: 78848K(78848K)->960K(79872K) Eden: 78336K(78336K)->0K(78336K) From: 512K(512K)->960K(1536K)
[263.784s][info][gc,heap        ] GC(581) ParOldGen: 8645K(1398272K)->9077K(1398272K)
[263.784s][info][gc,metaspace   ] GC(581) Metaspace: 9952K(10304K)->9952K(10304K) NonClass: 8651K(8896K)->8651K(8896K) Class: 1301K(1408K)->1301K(1408K)
[263.784s][info][gc             ] GC(581) Pause Young (Allocation Failure) 85M->9M(1443M) 1.436ms
[263.784s][info][gc,cpu         ] GC(581) User=0.00s Sys=0.00s Real=0.00s
[264.099s][info][gc,start       ] GC(582) Pause Young (Allocation Failure)
[264.100s][info][gc,heap        ] GC(582) PSYoungGen: 79296K(79872K)->1056K(79872K) Eden: 78336K(78336K)->0K(78336K) From: 960K(1536K)->1056K(1536K)
[264.100s][info][gc,heap        ] GC(582) ParOldGen: 9077K(1398272K)->9229K(1398272K)
[264.100s][info][gc,metaspace   ] GC(582) Metaspace: 9952K(10304K)->9952K(10304K) NonClass: 8651K(8896K)->8651K(8896K) Class: 1301K(1408K)->1301K(1408K)
[264.100s][info][gc             ] GC(582) Pause Young (Allocation Failure) 86M->10M(1443M) 1.046ms
[264.100s][info][gc,cpu         ] GC(582) User=0.00s Sys=0.00s Real=0.00s
[264.413s][info][gc,start       ] GC(583) Pause Young (Allocation Failure)
[264.414s][info][gc,heap        ] GC(583) PSYoungGen: 79392K(79872K)->1056K(79872K) Eden: 78336K(78336K)->0K(78336K) From: 1056K(1536K)->1056K(1536K)
[264.414s][info][gc,heap        ] GC(583) ParOldGen: 9229K(1398272K)->9229K(1398272K)
[264.414s][info][gc,metaspace   ] GC(583) Metaspace: 9952K(10304K)->9952K(10304K) NonClass: 8651K(8896K)->8651K(8896K) Class: 1301K(1408K)->1301K(1408K)
[264.414s][info][gc             ] GC(583) Pause Young (Allocation Failure) 86M->10M(1443M) 1.347ms
[264.414s][info][gc,cpu         ] GC(583) User=0.00s Sys=0.00s Real=0.00s
[264.733s][info][gc,start       ] GC(584) Pause Young (System.gc())
[264.734s][info][gc,heap        ] GC(584) PSYoungGen: 75849K(79872K)->512K(78848K) Eden: 74793K(78336K)->0K(78336K) From: 1056K(1536K)->512K(512K)
[264.734s][info][gc,heap        ] GC(584) ParOldGen: 9229K(1398272K)->9589K(1398272K)
[264.734s][info][gc,metaspace   ] GC(584) Metaspace: 9952K(10304K)->9952K(10304K) NonClass: 8651K(8896K)->8651K(8896K) Class: 1301K(1408K)->1301K(1408K)
[264.734s][info][gc             ] GC(584) Pause Young (System.gc()) 83M->9M(1442M) 1.057ms
[264.734s][info][gc,cpu         ] GC(584) User=0.00s Sys=0.00s Real=0.00s
[264.734s][info][gc,start       ] GC(585) Pause Full (System.gc())
[264.734s][info][gc,phases,start] GC(585) Marking Phase
[264.750s][info][gc,phases      ] GC(585) Marking Phase 16.053ms
[264.750s][info][gc,phases,start] GC(585) Summary Phase
[264.750s][info][gc,phases      ] GC(585) Summary Phase 0.020ms
[264.750s][info][gc,phases,start] GC(585) Adjust Roots
[264.755s][info][gc,phases      ] GC(585) Adjust Roots 4.575ms
[264.755s][info][gc,phases,start] GC(585) Compaction Phase
[264.759s][info][gc,phases      ] GC(585) Compaction Phase 3.991ms
[264.759s][info][gc,phases,start] GC(585) Post Compact
[264.760s][info][gc,phases      ] GC(585) Post Compact 0.789ms
[264.760s][info][gc,heap        ] GC(585) PSYoungGen: 512K(78848K)->0K(78848K) Eden: 0K(78336K)->0K(78336K) From: 512K(512K)->0K(512K)
[264.760s][info][gc,heap        ] GC(585) ParOldGen: 9589K(1398272K)->4077K(1398272K)
[264.760s][info][gc,metaspace   ] GC(585) Metaspace: 9952K(10304K)->9952K(10304K) NonClass: 8651K(8896K)->8651K(8896K) Class: 1301K(1408K)->1301K(1408K)
[264.760s][info][gc             ] GC(585) Pause Full (System.gc()) 9M->3M(1442M) 25.704ms
[264.760s][info][gc,cpu         ] GC(585) User=0.02s Sys=0.00s Real=0.01s
[265.083s][info][gc,start       ] GC(586) Pause Young (Allocation Failure)
[265.084s][info][gc,heap        ] GC(586) PSYoungGen: 78336K(78848K)->1536K(79872K) Eden: 78336K(78336K)->0K(78336K) From: 0K(512K)->1536K(1536K)
[265.084s][info][gc,heap        ] GC(586) ParOldGen: 4077K(1398272K)->4173K(1398272K)
[265.084s][info][gc,metaspace   ] GC(586) Metaspace: 9952K(10304K)->9952K(10304K) NonClass: 8651K(8896K)->8651K(8896K) Class: 1301K(1408K)->1301K(1408K)
[265.085s][info][gc             ] GC(586) Pause Young (Allocation Failure) 80M->5M(1443M) 1.284ms
[265.085s][info][gc,cpu         ] GC(586) User=0.00s Sys=0.00s Real=0.00s
[265.405s][info][gc,start       ] GC(587) Pause Young (Allocation Failure)
[265.406s][info][gc,heap        ] GC(587) PSYoungGen: 79872K(79872K)->1472K(79872K) Eden: 78336K(78336K)->0K(78336K) From: 1536K(1536K)->1472K(1536K)
[265.406s][info][gc,heap        ] GC(587) ParOldGen: 4173K(1398272K)->4605K(1398272K)
[265.406s][info][gc,metaspace   ] GC(587) Metaspace: 9952K(10304K)->9952K(10304K) NonClass: 8651K(8896K)->8651K(8896K) Class: 1301K(1408K)->1301K(1408K)
[265.406s][info][gc             ] GC(587) Pause Young (Allocation Failure) 82M->5M(1443M) 1.669ms
[265.406s][info][gc,cpu         ] GC(587) User=0.00s Sys=0.00s Real=0.00s
[265.723s][info][gc,start       ] GC(588) Pause Young (Allocation Failure)
[265.724s][info][gc,heap        ] GC(588) PSYoungGen: 79808K(79872K)->1056K(79872K) Eden: 78336K(78336K)->0K(78336K) From: 1472K(1536K)->1056K(1536K)
[265.724s][info][gc,heap        ] GC(588) ParOldGen: 4605K(1398272K)->5285K(1398272K)
[265.724s][info][gc,metaspace   ] GC(588) Metaspace: 9952K(10304K)->9952K(10304K) NonClass: 8651K(8896K)->8651K(8896K) Class: 1301K(1408K)->1301K(1408K)
[265.725s][info][gc             ] GC(588) Pause Young (Allocation Failure) 82M->6M(1443M) 1.506ms
[265.725s][info][gc,cpu         ] GC(588) User=0.00s Sys=0.00s Real=0.00s
[266.035s][info][gc,start       ] GC(589) Pause Young (Allocation Failure)
[266.047s][info][gc,heap        ] GC(589) PSYoungGen: 79392K(79872K)->1248K(79872K) Eden: 78336K(78336K)->0K(78336K) From: 1056K(1536K)->1248K(1536K)
[266.047s][info][gc,heap        ] GC(589) ParOldGen: 5285K(1398272K)->5309K(1398272K)
[266.047s][info][gc,metaspace   ] GC(589) Metaspace: 9952K(10304K)->9952K(10304K) NonClass: 8651K(8896K)->8651K(8896K) Class: 1301K(1408K)->1301K(1408K)
[266.047s][info][gc             ] GC(589) Pause Young (Allocation Failure) 82M->6M(1443M) 11.652ms
[266.047s][info][gc,cpu         ] GC(589) User=0.00s Sys=0.00s Real=0.00s
[266.376s][info][gc,start       ] GC(590) Pause Young (Allocation Failure)
[266.377s][info][gc,heap        ] GC(590) PSYoungGen: 79584K(79872K)->928K(79360K) Eden: 78336K(78336K)->0K(78336K) From: 1248K(1536K)->928K(1024K)
[266.377s][info][gc,heap        ] GC(590) ParOldGen: 5309K(1398272K)->5853K(1398272K)
[266.378s][info][gc,metaspace   ] GC(590) Metaspace: 9952K(10304K)->9952K(10304K) NonClass: 8651K(8896K)->8651K(8896K) Class: 1301K(1408K)->1301K(1408K)
[266.378s][info][gc             ] GC(590) Pause Young (Allocation Failure) 82M->6M(1443M) 1.587ms
[266.378s][info][gc,cpu         ] GC(590) User=0.02s Sys=0.00s Real=0.02s
[266.705s][info][gc,start       ] GC(591) Pause Young (Allocation Failure)
[266.707s][info][gc,heap        ] GC(591) PSYoungGen: 79264K(79360K)->1536K(79872K) Eden: 78336K(78336K)->0K(78336K) From: 928K(1024K)->1536K(1536K)
[266.707s][info][gc,heap        ] GC(591) ParOldGen: 5853K(1398272K)->6013K(1398272K)
[266.707s][info][gc,metaspace   ] GC(591) Metaspace: 9952K(10304K)->9952K(10304K) NonClass: 8651K(8896K)->8651K(8896K) Class: 1301K(1408K)->1301K(1408K)
[266.707s][info][gc             ] GC(591) Pause Young (Allocation Failure) 83M->7M(1443M) 1.386ms
[266.707s][info][gc,cpu         ] GC(591) User=0.00s Sys=0.00s Real=0.00s
[267.034s][info][gc,start       ] GC(592) Pause Young (Allocation Failure)
[267.035s][info][gc,heap        ] GC(592) PSYoungGen: 79872K(79872K)->1184K(79872K) Eden: 78336K(78336K)->0K(78336K) From: 1536K(1536K)->1184K(1536K)
[267.035s][info][gc,heap        ] GC(592) ParOldGen: 6013K(1398272K)->6501K(1398272K)
[267.035s][info][gc,metaspace   ] GC(592) Metaspace: 9952K(10304K)->9952K(10304K) NonClass: 8651K(8896K)->8651K(8896K) Class: 1301K(1408K)->1301K(1408K)
[267.035s][info][gc             ] GC(592) Pause Young (Allocation Failure) 83M->7M(1443M) 1.500ms
[267.035s][info][gc,cpu         ] GC(592) User=0.00s Sys=0.00s Real=0.00s
[267.346s][info][gc,start       ] GC(593) Pause Young (Allocation Failure)
[267.347s][info][gc,heap        ] GC(593) PSYoungGen: 79520K(79872K)->1024K(79360K) Eden: 78336K(78336K)->0K(78336K) From: 1184K(1536K)->1024K(1024K)
[267.347s][info][gc,heap        ] GC(593) ParOldGen: 6501K(1398272K)->6861K(1398272K)
[267.347s][info][gc,metaspace   ] GC(593) Metaspace: 9952K(10304K)->9952K(10304K) NonClass: 8651K(8896K)->8651K(8896K) Class: 1301K(1408K)->1301K(1408K)
[267.347s][info][gc             ] GC(593) Pause Young (Allocation Failure) 84M->7M(1443M) 1.302ms
[267.347s][info][gc,cpu         ] GC(593) User=0.00s Sys=0.00s Real=0.00s
[267.665s][info][gc,start       ] GC(594) Pause Young (Allocation Failure)
[267.666s][info][gc,heap        ] GC(594) PSYoungGen: 79360K(79360K)->1056K(79872K) Eden: 78336K(78336K)->0K(78336K) From: 1024K(1024K)->1056K(1536K)
[267.666s][info][gc,heap        ] GC(594) ParOldGen: 6861K(1398272K)->6861K(1398272K)
[267.666s][info][gc,metaspace   ] GC(594) Metaspace: 9952K(10304K)->9952K(10304K) NonClass: 8651K(8896K)->8651K(8896K) Class: 1301K(1408K)->1301K(1408K)
[267.666s][info][gc             ] GC(594) Pause Young (Allocation Failure) 84M->7M(1443M) 1.216ms
[267.666s][info][gc,cpu         ] GC(594) User=0.00s Sys=0.00s Real=0.00s
[267.983s][info][gc,start       ] GC(595) Pause Young (Allocation Failure)
[267.984s][info][gc,heap        ] GC(595) PSYoungGen: 79392K(79872K)->1056K(79872K) Eden: 78336K(78336K)->0K(78336K) From: 1056K(1536K)->1056K(1536K)
[267.984s][info][gc,heap        ] GC(595) ParOldGen: 6861K(1398272K)->6861K(1398272K)
[267.984s][info][gc,metaspace   ] GC(595) Metaspace: 9952K(10304K)->9952K(10304K) NonClass: 8651K(8896K)->8651K(8896K) Class: 1301K(1408K)->1301K(1408K)
[267.984s][info][gc             ] GC(595) Pause Young (Allocation Failure) 84M->7M(1443M) 1.164ms
[267.985s][info][gc,cpu         ] GC(595) User=0.00s Sys=0.00s Real=0.00s
[268.314s][info][gc,start       ] GC(596) Pause Young (Allocation Failure)
[268.316s][info][gc,heap        ] GC(596) PSYoungGen: 79392K(79872K)->1056K(79872K) Eden: 78336K(78336K)->0K(78336K) From: 1056K(1536K)->1056K(1536K)
[268.316s][info][gc,heap        ] GC(596) ParOldGen: 6861K(1398272K)->6861K(1398272K)
[268.316s][info][gc,metaspace   ] GC(596) Metaspace: 9952K(10304K)->9952K(10304K) NonClass: 8651K(8896K)->8651K(8896K) Class: 1301K(1408K)->1301K(1408K)
[268.316s][info][gc             ] GC(596) Pause Young (Allocation Failure) 84M->7M(1443M) 1.327ms
[268.316s][info][gc,cpu         ] GC(596) User=0.00s Sys=0.00s Real=0.00s
[268.633s][info][gc,start       ] GC(597) Pause Young (Allocation Failure)
[268.634s][info][gc,heap        ] GC(597) PSYoungGen: 79392K(79872K)->1088K(79872K) Eden: 78336K(78336K)->0K(78336K) From: 1056K(1536K)->1088K(1536K)
[268.634s][info][gc,heap        ] GC(597) ParOldGen: 6861K(1398272K)->6861K(1398272K)
[268.634s][info][gc,metaspace   ] GC(597) Metaspace: 9952K(10304K)->9952K(10304K) NonClass: 8651K(8896K)->8651K(8896K) Class: 1301K(1408K)->1301K(1408K)
[268.634s][info][gc             ] GC(597) Pause Young (Allocation Failure) 84M->7M(1443M) 1.122ms
[268.634s][info][gc,cpu         ] GC(597) User=0.00s Sys=0.00s Real=0.00s
[268.959s][info][gc,start       ] GC(598) Pause Young (Allocation Failure)
[268.961s][info][gc,heap        ] GC(598) PSYoungGen: 79424K(79872K)->992K(79360K) Eden: 78336K(78336K)->0K(78336K) From: 1088K(1536K)->992K(1024K)
[268.961s][info][gc,heap        ] GC(598) ParOldGen: 6861K(1398272K)->7205K(1398272K)
[268.961s][info][gc,metaspace   ] GC(598) Metaspace: 9952K(10304K)->9952K(10304K) NonClass: 8651K(8896K)->8651K(8896K) Class: 1301K(1408K)->1301K(1408K)
[268.961s][info][gc             ] GC(598) Pause Young (Allocation Failure) 84M->8M(1443M) 1.628ms
[268.961s][info][gc,cpu         ] GC(598) User=0.45s Sys=0.00s Real=0.02s
[269.278s][info][gc,start       ] GC(599) Pause Young (Allocation Failure)
[269.279s][info][gc,heap        ] GC(599) PSYoungGen: 79327K(79360K)->1024K(79360K) Eden: 78335K(78336K)->0K(78336K) From: 992K(1024K)->1024K(1024K)
[269.279s][info][gc,heap        ] GC(599) ParOldGen: 7205K(1398272K)->7213K(1398272K)
[269.279s][info][gc,metaspace   ] GC(599) Metaspace: 9952K(10304K)->9952K(10304K) NonClass: 8651K(8896K)->8651K(8896K) Class: 1301K(1408K)->1301K(1408K)
[269.279s][info][gc             ] GC(599) Pause Young (Allocation Failure) 84M->8M(1443M) 1.071ms
[269.279s][info][gc,cpu         ] GC(599) User=0.00s Sys=0.00s Real=0.00s
[269.618s][info][gc,start       ] GC(600) Pause Young (Allocation Failure)
[269.619s][info][gc,heap        ] GC(600) PSYoungGen: 79360K(79360K)->1056K(79872K) Eden: 78336K(78336K)->0K(78336K) From: 1024K(1024K)->1056K(1536K)
[269.619s][info][gc,heap        ] GC(600) ParOldGen: 7213K(1398272K)->7301K(1398272K)
[269.619s][info][gc,metaspace   ] GC(600) Metaspace: 9952K(10304K)->9952K(10304K) NonClass: 8651K(8896K)->8651K(8896K) Class: 1301K(1408K)->1301K(1408K)
[269.619s][info][gc             ] GC(600) Pause Young (Allocation Failure) 84M->8M(1443M) 1.249ms
[269.619s][info][gc,cpu         ] GC(600) User=0.00s Sys=0.00s Real=0.00s
[269.928s][info][gc,start       ] GC(601) Pause Young (Allocation Failure)
[269.929s][info][gc,heap        ] GC(601) PSYoungGen: 79392K(79872K)->1024K(79360K) Eden: 78336K(78336K)->0K(78336K) From: 1056K(1536K)->1024K(1024K)
[269.929s][info][gc,heap        ] GC(601) ParOldGen: 7301K(1398272K)->7309K(1398272K)
[269.929s][info][gc,metaspace   ] GC(601) Metaspace: 9952K(10304K)->9952K(10304K) NonClass: 8651K(8896K)->8651K(8896K) Class: 1301K(1408K)->1301K(1408K)
[269.929s][info][gc             ] GC(601) Pause Young (Allocation Failure) 84M->8M(1443M) 1.206ms
[269.929s][info][gc,cpu         ] GC(601) User=0.52s Sys=0.00s Real=0.01s
[270.240s][info][gc,start       ] GC(602) Pause Young (Allocation Failure)
[270.241s][info][gc,heap        ] GC(602) PSYoungGen: 79360K(79360K)->1056K(79872K) Eden: 78336K(78336K)->0K(78336K) From: 1024K(1024K)->1056K(1536K)
[270.241s][info][gc,heap        ] GC(602) ParOldGen: 7309K(1398272K)->7429K(1398272K)
[270.241s][info][gc,metaspace   ] GC(602) Metaspace: 9952K(10304K)->9952K(10304K) NonClass: 8651K(8896K)->8651K(8896K) Class: 1301K(1408K)->1301K(1408K)
[270.241s][info][gc             ] GC(602) Pause Young (Allocation Failure) 84M->8M(1443M) 1.295ms
[270.241s][info][gc,cpu         ] GC(602) User=0.45s Sys=0.02s Real=0.02s
[270.557s][info][gc,start       ] GC(603) Pause Young (Allocation Failure)
[270.558s][info][gc,heap        ] GC(603) PSYoungGen: 79392K(79872K)->928K(79360K) Eden: 78336K(78336K)->0K(78336K) From: 1056K(1536K)->928K(1024K)
[270.558s][info][gc,heap        ] GC(603) ParOldGen: 7429K(1398272K)->7805K(1398272K)
[270.558s][info][gc,metaspace   ] GC(603) Metaspace: 9952K(10304K)->9952K(10304K) NonClass: 8651K(8896K)->8651K(8896K) Class: 1301K(1408K)->1301K(1408K)
[270.558s][info][gc             ] GC(603) Pause Young (Allocation Failure) 84M->8M(1443M) 1.120ms
[270.558s][info][gc,cpu         ] GC(603) User=0.00s Sys=0.00s Real=0.00s
[270.888s][info][gc,start       ] GC(604) Pause Young (Allocation Failure)
[270.889s][info][gc,heap        ] GC(604) PSYoungGen: 79264K(79360K)->1056K(79872K) Eden: 78336K(78336K)->0K(78336K) From: 928K(1024K)->1056K(1536K)
[270.889s][info][gc,heap        ] GC(604) ParOldGen: 7805K(1398272K)->7805K(1398272K)
[270.889s][info][gc,metaspace   ] GC(604) Metaspace: 9952K(10304K)->9952K(10304K) NonClass: 8651K(8896K)->8651K(8896K) Class: 1301K(1408K)->1301K(1408K)
[270.890s][info][gc             ] GC(604) Pause Young (Allocation Failure) 85M->8M(1443M) 1.108ms
[270.890s][info][gc,cpu         ] GC(604) User=0.00s Sys=0.00s Real=0.00s
[271.214s][info][gc,start       ] GC(605) Pause Young (Allocation Failure)
[271.215s][info][gc,heap        ] GC(605) PSYoungGen: 79392K(79872K)->1024K(79360K) Eden: 78336K(78336K)->0K(78336K) From: 1056K(1536K)->1024K(1024K)
[271.215s][info][gc,heap        ] GC(605) ParOldGen: 7805K(1398272K)->7813K(1398272K)
[271.215s][info][gc,metaspace   ] GC(605) Metaspace: 9952K(10304K)->9952K(10304K) NonClass: 8651K(8896K)->8651K(8896K) Class: 1301K(1408K)->1301K(1408K)
[271.215s][info][gc             ] GC(605) Pause Young (Allocation Failure) 85M->8M(1443M) 1.014ms
[271.215s][info][gc,cpu         ] GC(605) User=0.00s Sys=0.00s Real=0.00s
[271.529s][info][gc,start       ] GC(606) Pause Young (System.gc())
[271.530s][info][gc,heap        ] GC(606) PSYoungGen: 73664K(79360K)->1056K(79872K) Eden: 72640K(78336K)->0K(78336K) From: 1024K(1024K)->1056K(1536K)
[271.531s][info][gc,heap        ] GC(606) ParOldGen: 7813K(1398272K)->8029K(1398272K)
[271.531s][info][gc,metaspace   ] GC(606) Metaspace: 9952K(10304K)->9952K(10304K) NonClass: 8651K(8896K)->8651K(8896K) Class: 1301K(1408K)->1301K(1408K)
[271.531s][info][gc             ] GC(606) Pause Young (System.gc()) 79M->8M(1443M) 1.186ms
[271.531s][info][gc,cpu         ] GC(606) User=0.00s Sys=0.00s Real=0.00s
[271.531s][info][gc,start       ] GC(607) Pause Full (System.gc())
[271.531s][info][gc,phases,start] GC(607) Marking Phase
[271.547s][info][gc,phases      ] GC(607) Marking Phase 15.909ms
[271.547s][info][gc,phases,start] GC(607) Summary Phase
[271.547s][info][gc,phases      ] GC(607) Summary Phase 0.022ms
[271.547s][info][gc,phases,start] GC(607) Adjust Roots
[271.550s][info][gc,phases      ] GC(607) Adjust Roots 3.087ms
[271.550s][info][gc,phases,start] GC(607) Compaction Phase
[271.553s][info][gc,phases      ] GC(607) Compaction Phase 3.065ms
[271.553s][info][gc,phases,start] GC(607) Post Compact
[271.554s][info][gc,phases      ] GC(607) Post Compact 0.731ms
[271.554s][info][gc,heap        ] GC(607) PSYoungGen: 1056K(79872K)->0K(79872K) Eden: 0K(78336K)->0K(78336K) From: 1056K(1536K)->0K(1536K)
[271.554s][info][gc,heap        ] GC(607) ParOldGen: 8029K(1398272K)->4077K(1398272K)
[271.554s][info][gc,metaspace   ] GC(607) Metaspace: 9952K(10304K)->9952K(10304K) NonClass: 8651K(8896K)->8651K(8896K) Class: 1301K(1408K)->1301K(1408K)
[271.554s][info][gc             ] GC(607) Pause Full (System.gc()) 8M->3M(1443M) 23.086ms
[271.554s][info][gc,cpu         ] GC(607) User=0.53s Sys=0.00s Real=0.03s
[271.872s][info][gc,start       ] GC(608) Pause Young (Allocation Failure)
[271.873s][info][gc,heap        ] GC(608) PSYoungGen: 78336K(79872K)->1024K(79360K) Eden: 78336K(78336K)->0K(78336K) From: 0K(1536K)->1024K(1024K)
[271.873s][info][gc,heap        ] GC(608) ParOldGen: 4077K(1398272K)->4469K(1398272K)
[271.873s][info][gc,metaspace   ] GC(608) Metaspace: 9952K(10304K)->9952K(10304K) NonClass: 8651K(8896K)->8651K(8896K) Class: 1301K(1408K)->1301K(1408K)
[271.873s][info][gc             ] GC(608) Pause Young (Allocation Failure) 80M->5M(1443M) 1.342ms
[271.874s][info][gc,cpu         ] GC(608) User=0.00s Sys=0.00s Real=0.00s
[272.191s][info][gc,start       ] GC(609) Pause Young (Allocation Failure)
[272.192s][info][gc,heap        ] GC(609) PSYoungGen: 79360K(79360K)->1248K(79872K) Eden: 78336K(78336K)->0K(78336K) From: 1024K(1024K)->1248K(1536K)
[272.192s][info][gc,heap        ] GC(609) ParOldGen: 4469K(1398272K)->5053K(1398272K)
[272.192s][info][gc,metaspace   ] GC(609) Metaspace: 9952K(10304K)->9952K(10304K) NonClass: 8651K(8896K)->8651K(8896K) Class: 1301K(1408K)->1301K(1408K)
[272.193s][info][gc             ] GC(609) Pause Young (Allocation Failure) 81M->6M(1443M) 1.947ms
[272.193s][info][gc,cpu         ] GC(609) User=0.00s Sys=0.00s Real=0.00s
[272.513s][info][gc,start       ] GC(610) Pause Young (Allocation Failure)
[272.514s][info][gc,heap        ] GC(610) PSYoungGen: 79584K(79872K)->1024K(79360K) Eden: 78336K(78336K)->0K(78336K) From: 1248K(1536K)->1024K(1024K)
[272.514s][info][gc,heap        ] GC(610) ParOldGen: 5053K(1398272K)->5573K(1398272K)
[272.514s][info][gc,metaspace   ] GC(610) Metaspace: 9952K(10304K)->9952K(10304K) NonClass: 8651K(8896K)->8651K(8896K) Class: 1301K(1408K)->1301K(1408K)
[272.514s][info][gc             ] GC(610) Pause Young (Allocation Failure) 82M->6M(1443M) 1.189ms
[272.514s][info][gc,cpu         ] GC(610) User=0.00s Sys=0.00s Real=0.00s
[272.833s][info][gc,start       ] GC(611) Pause Young (Allocation Failure)
[272.834s][info][gc,heap        ] GC(611) PSYoungGen: 79360K(79360K)->1056K(79872K) Eden: 78336K(78336K)->0K(78336K) From: 1024K(1024K)->1056K(1536K)
[272.834s][info][gc,heap        ] GC(611) ParOldGen: 5573K(1398272K)->5573K(1398272K)
[272.834s][info][gc,metaspace   ] GC(611) Metaspace: 9952K(10304K)->9952K(10304K) NonClass: 8651K(8896K)->8651K(8896K) Class: 1301K(1408K)->1301K(1408K)
[272.834s][info][gc             ] GC(611) Pause Young (Allocation Failure) 82M->6M(1443M) 1.257ms
[272.834s][info][gc,cpu         ] GC(611) User=0.00s Sys=0.02s Real=0.02s
[273.152s][info][gc,start       ] GC(612) Pause Young (Allocation Failure)
[273.153s][info][gc,heap        ] GC(612) PSYoungGen: 79392K(79872K)->1024K(79360K) Eden: 78336K(78336K)->0K(78336K) From: 1056K(1536K)->1024K(1024K)
[273.153s][info][gc,heap        ] GC(612) ParOldGen: 5573K(1398272K)->5805K(1398272K)
[273.153s][info][gc,metaspace   ] GC(612) Metaspace: 9952K(10304K)->9952K(10304K) NonClass: 8651K(8896K)->8651K(8896K) Class: 1301K(1408K)->1301K(1408K)
[273.153s][info][gc             ] GC(612) Pause Young (Allocation Failure) 82M->6M(1443M) 1.186ms
[273.153s][info][gc,cpu         ] GC(612) User=0.00s Sys=0.00s Real=0.00s
[273.479s][info][gc,start       ] GC(613) Pause Young (Allocation Failure)
[273.480s][info][gc,heap        ] GC(613) PSYoungGen: 79360K(79360K)->960K(79360K) Eden: 78336K(78336K)->0K(78336K) From: 1024K(1024K)->960K(1024K)
[273.480s][info][gc,heap        ] GC(613) ParOldGen: 5805K(1398272K)->6413K(1398272K)
[273.480s][info][gc,metaspace   ] GC(613) Metaspace: 9952K(10304K)->9952K(10304K) NonClass: 8651K(8896K)->8651K(8896K) Class: 1301K(1408K)->1301K(1408K)
[273.480s][info][gc             ] GC(613) Pause Young (Allocation Failure) 83M->7M(1443M) 1.418ms
[273.480s][info][gc,cpu         ] GC(613) User=0.00s Sys=0.00s Real=0.00s
[273.790s][info][gc,start       ] GC(614) Pause Young (Allocation Failure)
[273.791s][info][gc,heap        ] GC(614) PSYoungGen: 79296K(79360K)->1056K(79872K) Eden: 78336K(78336K)->0K(78336K) From: 960K(1024K)->1056K(1536K)
[273.791s][info][gc,heap        ] GC(614) ParOldGen: 6413K(1398272K)->6413K(1398272K)
[273.791s][info][gc,metaspace   ] GC(614) Metaspace: 9952K(10304K)->9952K(10304K) NonClass: 8651K(8896K)->8651K(8896K) Class: 1301K(1408K)->1301K(1408K)
[273.791s][info][gc             ] GC(614) Pause Young (Allocation Failure) 83M->7M(1443M) 1.083ms
[273.792s][info][gc,cpu         ] GC(614) User=0.00s Sys=0.00s Real=0.00s
[274.099s][info][gc,start       ] GC(615) Pause Young (Allocation Failure)
[274.100s][info][gc,heap        ] GC(615) PSYoungGen: 79392K(79872K)->1056K(79872K) Eden: 78336K(78336K)->0K(78336K) From: 1056K(1536K)->1056K(1536K)
[274.101s][info][gc,heap        ] GC(615) ParOldGen: 6413K(1398272K)->6413K(1398272K)
[274.101s][info][gc,metaspace   ] GC(615) Metaspace: 9952K(10304K)->9952K(10304K) NonClass: 8651K(8896K)->8651K(8896K) Class: 1301K(1408K)->1301K(1408K)
[274.101s][info][gc             ] GC(615) Pause Young (Allocation Failure) 83M->7M(1443M) 1.363ms
[274.101s][info][gc,cpu         ] GC(615) User=0.00s Sys=0.00s Real=0.00s
[274.421s][info][gc,start       ] GC(616) Pause Young (Allocation Failure)
[274.422s][info][gc,heap        ] GC(616) PSYoungGen: 79392K(79872K)->512K(78848K) Eden: 78336K(78336K)->0K(78336K) From: 1056K(1536K)->512K(512K)
[274.422s][info][gc,heap        ] GC(616) ParOldGen: 6413K(1398272K)->6965K(1398272K)
[274.422s][info][gc,metaspace   ] GC(616) Metaspace: 9952K(10304K)->9952K(10304K) NonClass: 8651K(8896K)->8651K(8896K) Class: 1301K(1408K)->1301K(1408K)
[274.423s][info][gc             ] GC(616) Pause Young (Allocation Failure) 83M->7M(1442M) 1.261ms
[274.423s][info][gc,cpu         ] GC(616) User=0.00s Sys=0.00s Real=0.00s
[274.745s][info][gc,start       ] GC(617) Pause Young (Allocation Failure)
[274.746s][info][gc,heap        ] GC(617) PSYoungGen: 78848K(78848K)->1408K(79872K) Eden: 78336K(78336K)->0K(78336K) From: 512K(512K)->1408K(1536K)
[274.746s][info][gc,heap        ] GC(617) ParOldGen: 6965K(1398272K)->7405K(1398272K)
[274.746s][info][gc,metaspace   ] GC(617) Metaspace: 9952K(10304K)->9952K(10304K) NonClass: 8651K(8896K)->8651K(8896K) Class: 1301K(1408K)->1301K(1408K)
[274.746s][info][gc             ] GC(617) Pause Young (Allocation Failure) 83M->8M(1443M) 1.673ms
[274.747s][info][gc,cpu         ] GC(617) User=0.00s Sys=0.00s Real=0.00s
[275.073s][info][gc,start       ] GC(618) Pause Young (Allocation Failure)
[275.074s][info][gc,heap        ] GC(618) PSYoungGen: 79744K(79872K)->960K(79360K) Eden: 78336K(78336K)->0K(78336K) From: 1408K(1536K)->960K(1024K)
[275.074s][info][gc,heap        ] GC(618) ParOldGen: 7405K(1398272K)->7813K(1398272K)
[275.074s][info][gc,metaspace   ] GC(618) Metaspace: 9952K(10304K)->9952K(10304K) NonClass: 8651K(8896K)->8651K(8896K) Class: 1301K(1408K)->1301K(1408K)
[275.074s][info][gc             ] GC(618) Pause Young (Allocation Failure) 85M->8M(1443M) 1.244ms
[275.074s][info][gc,cpu         ] GC(618) User=0.00s Sys=0.00s Real=0.00s
[275.394s][info][gc,start       ] GC(619) Pause Young (Allocation Failure)
[275.395s][info][gc,heap        ] GC(619) PSYoungGen: 79296K(79360K)->1056K(79872K) Eden: 78336K(78336K)->0K(78336K) From: 960K(1024K)->1056K(1536K)
[275.395s][info][gc,heap        ] GC(619) ParOldGen: 7813K(1398272K)->7981K(1398272K)
[275.395s][info][gc,metaspace   ] GC(619) Metaspace: 9952K(10304K)->9952K(10304K) NonClass: 8651K(8896K)->8651K(8896K) Class: 1301K(1408K)->1301K(1408K)
[275.395s][info][gc             ] GC(619) Pause Young (Allocation Failure) 85M->8M(1443M) 1.258ms
[275.395s][info][gc,cpu         ] GC(619) User=0.00s Sys=0.00s Real=0.00s
[275.716s][info][gc,start       ] GC(620) Pause Young (Allocation Failure)
[275.717s][info][gc,heap        ] GC(620) PSYoungGen: 79392K(79872K)->1024K(79360K) Eden: 78336K(78336K)->0K(78336K) From: 1056K(1536K)->1024K(1024K)
[275.717s][info][gc,heap        ] GC(620) ParOldGen: 7981K(1398272K)->8093K(1398272K)
[275.718s][info][gc,metaspace   ] GC(620) Metaspace: 9952K(10304K)->9952K(10304K) NonClass: 8651K(8896K)->8651K(8896K) Class: 1301K(1408K)->1301K(1408K)
[275.718s][info][gc             ] GC(620) Pause Young (Allocation Failure) 85M->8M(1443M) 1.085ms
[275.718s][info][gc,cpu         ] GC(620) User=0.00s Sys=0.00s Real=0.00s
[276.045s][info][gc,start       ] GC(621) Pause Young (Allocation Failure)
[276.046s][info][gc,heap        ] GC(621) PSYoungGen: 79360K(79360K)->1056K(79872K) Eden: 78336K(78336K)->0K(78336K) From: 1024K(1024K)->1056K(1536K)
[276.046s][info][gc,heap        ] GC(621) ParOldGen: 8093K(1398272K)->8197K(1398272K)
[276.046s][info][gc,metaspace   ] GC(621) Metaspace: 9952K(10304K)->9952K(10304K) NonClass: 8651K(8896K)->8651K(8896K) Class: 1301K(1408K)->1301K(1408K)
[276.046s][info][gc             ] GC(621) Pause Young (Allocation Failure) 85M->9M(1443M) 1.277ms
[276.046s][info][gc,cpu         ] GC(621) User=0.00s Sys=0.00s Real=0.00s
[276.367s][info][gc,start       ] GC(622) Pause Young (Allocation Failure)
[276.368s][info][gc,heap        ] GC(622) PSYoungGen: 79392K(79872K)->992K(79360K) Eden: 78336K(78336K)->0K(78336K) From: 1056K(1536K)->992K(1024K)
[276.368s][info][gc,heap        ] GC(622) ParOldGen: 8197K(1398272K)->8541K(1398272K)
[276.368s][info][gc,metaspace   ] GC(622) Metaspace: 9952K(10304K)->9952K(10304K) NonClass: 8651K(8896K)->8651K(8896K) Class: 1301K(1408K)->1301K(1408K)
[276.368s][info][gc             ] GC(622) Pause Young (Allocation Failure) 85M->9M(1443M) 1.046ms
[276.368s][info][gc,cpu         ] GC(622) User=0.00s Sys=0.00s Real=0.00s
[276.685s][info][gc,start       ] GC(623) Pause Young (Allocation Failure)
[276.686s][info][gc,heap        ] GC(623) PSYoungGen: 79328K(79360K)->1056K(79872K) Eden: 78336K(78336K)->0K(78336K) From: 992K(1024K)->1056K(1536K)
[276.686s][info][gc,heap        ] GC(623) ParOldGen: 8541K(1398272K)->8541K(1398272K)
[276.686s][info][gc,metaspace   ] GC(623) Metaspace: 9952K(10304K)->9952K(10304K) NonClass: 8651K(8896K)->8651K(8896K) Class: 1301K(1408K)->1301K(1408K)
[276.686s][info][gc             ] GC(623) Pause Young (Allocation Failure) 85M->9M(1443M) 1.291ms
[276.686s][info][gc,cpu         ] GC(623) User=0.00s Sys=0.00s Real=0.00s
[277.007s][info][gc,start       ] GC(624) Pause Young (Allocation Failure)
[277.008s][info][gc,heap        ] GC(624) PSYoungGen: 79392K(79872K)->1024K(79360K) Eden: 78336K(78336K)->0K(78336K) From: 1056K(1536K)->1024K(1024K)
[277.008s][info][gc,heap        ] GC(624) ParOldGen: 8541K(1398272K)->8549K(1398272K)
[277.008s][info][gc,metaspace   ] GC(624) Metaspace: 9952K(10304K)->9952K(10304K) NonClass: 8651K(8896K)->8651K(8896K) Class: 1301K(1408K)->1301K(1408K)
[277.008s][info][gc             ] GC(624) Pause Young (Allocation Failure) 85M->9M(1443M) 1.017ms
[277.008s][info][gc,cpu         ] GC(624) User=0.00s Sys=0.00s Real=0.00s
[277.317s][info][gc,start       ] GC(625) Pause Young (Allocation Failure)
[277.318s][info][gc,heap        ] GC(625) PSYoungGen: 79360K(79360K)->1184K(79872K) Eden: 78336K(78336K)->0K(78336K) From: 1024K(1024K)->1184K(1536K)
[277.318s][info][gc,heap        ] GC(625) ParOldGen: 8549K(1398272K)->8925K(1398272K)
[277.318s][info][gc,metaspace   ] GC(625) Metaspace: 9952K(10304K)->9952K(10304K) NonClass: 8651K(8896K)->8651K(8896K) Class: 1301K(1408K)->1301K(1408K)
[277.318s][info][gc             ] GC(625) Pause Young (Allocation Failure) 85M->9M(1443M) 1.303ms
[277.318s][info][gc,cpu         ] GC(625) User=0.00s Sys=0.00s Real=0.00s
[277.637s][info][gc,start       ] GC(626) Pause Young (Allocation Failure)
[277.638s][info][gc,heap        ] GC(626) PSYoungGen: 79520K(79872K)->1024K(79360K) Eden: 78336K(78336K)->0K(78336K) From: 1184K(1536K)->1024K(1024K)
[277.638s][info][gc,heap        ] GC(626) ParOldGen: 8925K(1398272K)->9245K(1398272K)
[277.638s][info][gc,metaspace   ] GC(626) Metaspace: 9952K(10304K)->9952K(10304K) NonClass: 8651K(8896K)->8651K(8896K) Class: 1301K(1408K)->1301K(1408K)
[277.638s][info][gc             ] GC(626) Pause Young (Allocation Failure) 86M->10M(1443M) 1.143ms
[277.638s][info][gc,cpu         ] GC(626) User=0.00s Sys=0.00s Real=0.00s
[277.962s][info][gc,start       ] GC(627) Pause Young (Allocation Failure)
[277.971s][info][gc,heap        ] GC(627) PSYoungGen: 79360K(79360K)->1056K(79872K) Eden: 78336K(78336K)->0K(78336K) From: 1024K(1024K)->1056K(1536K)
[277.971s][info][gc,heap        ] GC(627) ParOldGen: 9245K(1398272K)->9245K(1398272K)
[277.971s][info][gc,metaspace   ] GC(627) Metaspace: 9952K(10304K)->9952K(10304K) NonClass: 8651K(8896K)->8651K(8896K) Class: 1301K(1408K)->1301K(1408K)
[277.971s][info][gc             ] GC(627) Pause Young (Allocation Failure) 86M->10M(1443M) 8.479ms
[277.971s][info][gc,cpu         ] GC(627) User=0.00s Sys=0.00s Real=0.00s
[278.277s][info][gc,start       ] GC(628) Pause Young (System.gc())
[278.278s][info][gc,heap        ] GC(628) PSYoungGen: 72164K(79872K)->1024K(79360K) Eden: 71108K(78336K)->0K(78336K) From: 1056K(1536K)->1024K(1024K)
[278.278s][info][gc,heap        ] GC(628) ParOldGen: 9245K(1398272K)->9253K(1398272K)
[278.278s][info][gc,metaspace   ] GC(628) Metaspace: 9954K(10304K)->9954K(10304K) NonClass: 8653K(8896K)->8653K(8896K) Class: 1301K(1408K)->1301K(1408K)
[278.278s][info][gc             ] GC(628) Pause Young (System.gc()) 79M->10M(1443M) 1.065ms
[278.278s][info][gc,cpu         ] GC(628) User=0.14s Sys=0.00s Real=0.02s
[278.278s][info][gc,start       ] GC(629) Pause Full (System.gc())
[278.278s][info][gc,phases,start] GC(629) Marking Phase
[278.295s][info][gc,phases      ] GC(629) Marking Phase 16.805ms
[278.295s][info][gc,phases,start] GC(629) Summary Phase
[278.295s][info][gc,phases      ] GC(629) Summary Phase 0.021ms
[278.295s][info][gc,phases,start] GC(629) Adjust Roots
[278.299s][info][gc,phases      ] GC(629) Adjust Roots 3.967ms
[278.299s][info][gc,phases,start] GC(629) Compaction Phase
[278.303s][info][gc,phases      ] GC(629) Compaction Phase 3.982ms
[278.303s][info][gc,phases,start] GC(629) Post Compact
[278.304s][info][gc,phases      ] GC(629) Post Compact 0.746ms
[278.304s][info][gc,heap        ] GC(629) PSYoungGen: 1024K(79360K)->0K(79360K) Eden: 0K(78336K)->0K(78336K) From: 1024K(1024K)->0K(1024K)
[278.304s][info][gc,heap        ] GC(629) ParOldGen: 9253K(1398272K)->4077K(1398272K)
[278.304s][info][gc,metaspace   ] GC(629) Metaspace: 9954K(10304K)->9954K(10304K) NonClass: 8653K(8896K)->8653K(8896K) Class: 1301K(1408K)->1301K(1408K)
[278.304s][info][gc             ] GC(629) Pause Full (System.gc()) 10M->3M(1443M) 25.802ms
[278.304s][info][gc,cpu         ] GC(629) User=0.02s Sys=0.00s Real=0.01s
[278.640s][info][gc,start       ] GC(630) Pause Young (Allocation Failure)
[278.641s][info][gc,heap        ] GC(630) PSYoungGen: 78336K(79360K)->1536K(79872K) Eden: 78336K(78336K)->0K(78336K) From: 0K(1024K)->1536K(1536K)
[278.641s][info][gc,heap        ] GC(630) ParOldGen: 4077K(1398272K)->4165K(1398272K)
[278.641s][info][gc,metaspace   ] GC(630) Metaspace: 9962K(10304K)->9962K(10304K) NonClass: 8661K(8896K)->8661K(8896K) Class: 1301K(1408K)->1301K(1408K)
[278.641s][info][gc             ] GC(630) Pause Young (Allocation Failure) 80M->5M(1443M) 1.426ms
[278.641s][info][gc,cpu         ] GC(630) User=0.00s Sys=0.00s Real=0.00s
[278.957s][info][gc,start       ] GC(631) Pause Young (Allocation Failure)
[278.958s][info][gc,heap        ] GC(631) PSYoungGen: 79872K(79872K)->1024K(79360K) Eden: 78336K(78336K)->0K(78336K) From: 1536K(1536K)->1024K(1024K)
[278.958s][info][gc,heap        ] GC(631) ParOldGen: 4165K(1398272K)->4869K(1398272K)
[278.958s][info][gc,metaspace   ] GC(631) Metaspace: 9962K(10304K)->9962K(10304K) NonClass: 8661K(8896K)->8661K(8896K) Class: 1301K(1408K)->1301K(1408K)
[278.959s][info][gc             ] GC(631) Pause Young (Allocation Failure) 82M->5M(1443M) 1.305ms
[278.959s][info][gc,cpu         ] GC(631) User=0.00s Sys=0.00s Real=0.00s
[279.276s][info][gc,start       ] GC(632) Pause Young (Allocation Failure)
[279.277s][info][gc,heap        ] GC(632) PSYoungGen: 79360K(79360K)->1024K(79360K) Eden: 78336K(78336K)->0K(78336K) From: 1024K(1024K)->1024K(1024K)
[279.277s][info][gc,heap        ] GC(632) ParOldGen: 4869K(1398272K)->5205K(1398272K)
[279.277s][info][gc,metaspace   ] GC(632) Metaspace: 9962K(10304K)->9962K(10304K) NonClass: 8661K(8896K)->8661K(8896K) Class: 1301K(1408K)->1301K(1408K)
[279.277s][info][gc             ] GC(632) Pause Young (Allocation Failure) 82M->6M(1443M) 1.367ms
[279.277s][info][gc,cpu         ] GC(632) User=0.00s Sys=0.00s Real=0.00s
[279.607s][info][gc,start       ] GC(633) Pause Young (Allocation Failure)
[279.608s][info][gc,heap        ] GC(633) PSYoungGen: 79360K(79360K)->1056K(79872K) Eden: 78336K(78336K)->0K(78336K) From: 1024K(1024K)->1056K(1536K)
[279.608s][info][gc,heap        ] GC(633) ParOldGen: 5205K(1398272K)->5205K(1398272K)
[279.608s][info][gc,metaspace   ] GC(633) Metaspace: 9962K(10304K)->9962K(10304K) NonClass: 8661K(8896K)->8661K(8896K) Class: 1301K(1408K)->1301K(1408K)
[279.608s][info][gc             ] GC(633) Pause Young (Allocation Failure) 82M->6M(1443M) 1.188ms
[279.608s][info][gc,cpu         ] GC(633) User=0.00s Sys=0.00s Real=0.00s
[279.934s][info][gc,start       ] GC(634) Pause Young (Allocation Failure)
[279.935s][info][gc,heap        ] GC(634) PSYoungGen: 79392K(79872K)->1056K(79872K) Eden: 78336K(78336K)->0K(78336K) From: 1056K(1536K)->1056K(1536K)
[279.935s][info][gc,heap        ] GC(634) ParOldGen: 5205K(1398272K)->5205K(1398272K)
[279.935s][info][gc,metaspace   ] GC(634) Metaspace: 9962K(10304K)->9962K(10304K) NonClass: 8661K(8896K)->8661K(8896K) Class: 1301K(1408K)->1301K(1408K)
[279.935s][info][gc             ] GC(634) Pause Young (Allocation Failure) 82M->6M(1443M) 1.378ms
[279.935s][info][gc,cpu         ] GC(634) User=0.00s Sys=0.00s Real=0.00s
[280.258s][info][gc,start       ] GC(635) Pause Young (Allocation Failure)
[280.259s][info][gc,heap        ] GC(635) PSYoungGen: 79392K(79872K)->1056K(79872K) Eden: 78336K(78336K)->0K(78336K) From: 1056K(1536K)->1056K(1536K)
[280.259s][info][gc,heap        ] GC(635) ParOldGen: 5205K(1398272K)->5341K(1398272K)
[280.259s][info][gc,metaspace   ] GC(635) Metaspace: 9962K(10304K)->9962K(10304K) NonClass: 8661K(8896K)->8661K(8896K) Class: 1301K(1408K)->1301K(1408K)
[280.259s][info][gc             ] GC(635) Pause Young (Allocation Failure) 82M->6M(1443M) 1.127ms
[280.259s][info][gc,cpu         ] GC(635) User=0.00s Sys=0.00s Real=0.00s
[280.588s][info][gc,start       ] GC(636) Pause Young (Allocation Failure)
[280.589s][info][gc,heap        ] GC(636) PSYoungGen: 79392K(79872K)->1056K(79872K) Eden: 78336K(78336K)->0K(78336K) From: 1056K(1536K)->1056K(1536K)
[280.589s][info][gc,heap        ] GC(636) ParOldGen: 5341K(1398272K)->5621K(1398272K)
[280.589s][info][gc,metaspace   ] GC(636) Metaspace: 9962K(10304K)->9962K(10304K) NonClass: 8661K(8896K)->8661K(8896K) Class: 1301K(1408K)->1301K(1408K)
[280.590s][info][gc             ] GC(636) Pause Young (Allocation Failure) 82M->6M(1443M) 1.453ms
[280.590s][info][gc,cpu         ] GC(636) User=0.30s Sys=0.02s Real=0.02s
[280.905s][info][gc,start       ] GC(637) Pause Young (Allocation Failure)
[280.906s][info][gc,heap        ] GC(637) PSYoungGen: 79392K(79872K)->1056K(79872K) Eden: 78336K(78336K)->0K(78336K) From: 1056K(1536K)->1056K(1536K)
[280.906s][info][gc,heap        ] GC(637) ParOldGen: 5621K(1398272K)->5965K(1398272K)
[280.906s][info][gc,metaspace   ] GC(637) Metaspace: 9962K(10304K)->9962K(10304K) NonClass: 8661K(8896K)->8661K(8896K) Class: 1301K(1408K)->1301K(1408K)
[280.906s][info][gc             ] GC(637) Pause Young (Allocation Failure) 83M->6M(1443M) 1.111ms
[280.906s][info][gc,cpu         ] GC(637) User=0.00s Sys=0.00s Real=0.00s
[281.213s][info][gc,start       ] GC(638) Pause Young (Allocation Failure)
[281.214s][info][gc,heap        ] GC(638) PSYoungGen: 79392K(79872K)->1056K(79872K) Eden: 78336K(78336K)->0K(78336K) From: 1056K(1536K)->1056K(1536K)
[281.214s][info][gc,heap        ] GC(638) ParOldGen: 5965K(1398272K)->6045K(1398272K)
[281.214s][info][gc,metaspace   ] GC(638) Metaspace: 9962K(10304K)->9962K(10304K) NonClass: 8661K(8896K)->8661K(8896K) Class: 1301K(1408K)->1301K(1408K)
[281.214s][info][gc             ] GC(638) Pause Young (Allocation Failure) 83M->6M(1443M) 1.334ms
[281.214s][info][gc,cpu         ] GC(638) User=0.00s Sys=0.00s Real=0.00s
[281.536s][info][gc,start       ] GC(639) Pause Young (Allocation Failure)
[281.537s][info][gc,heap        ] GC(639) PSYoungGen: 79392K(79872K)->1056K(79872K) Eden: 78336K(78336K)->0K(78336K) From: 1056K(1536K)->1056K(1536K)
[281.537s][info][gc,heap        ] GC(639) ParOldGen: 6045K(1398272K)->6045K(1398272K)
[281.537s][info][gc,metaspace   ] GC(639) Metaspace: 9962K(10304K)->9962K(10304K) NonClass: 8661K(8896K)->8661K(8896K) Class: 1301K(1408K)->1301K(1408K)
[281.537s][info][gc             ] GC(639) Pause Young (Allocation Failure) 83M->6M(1443M) 1.063ms
[281.537s][info][gc,cpu         ] GC(639) User=0.00s Sys=0.00s Real=0.00s
[281.861s][info][gc,start       ] GC(640) Pause Young (Allocation Failure)
[281.862s][info][gc,heap        ] GC(640) PSYoungGen: 79392K(79872K)->1056K(79872K) Eden: 78336K(78336K)->0K(78336K) From: 1056K(1536K)->1056K(1536K)
[281.862s][info][gc,heap        ] GC(640) ParOldGen: 6045K(1398272K)->6045K(1398272K)
[281.862s][info][gc,metaspace   ] GC(640) Metaspace: 9962K(10304K)->9962K(10304K) NonClass: 8661K(8896K)->8661K(8896K) Class: 1301K(1408K)->1301K(1408K)
[281.862s][info][gc             ] GC(640) Pause Young (Allocation Failure) 83M->6M(1443M) 1.375ms
[281.863s][info][gc,cpu         ] GC(640) User=0.00s Sys=0.00s Real=0.00s
[282.184s][info][gc,start       ] GC(641) Pause Young (Allocation Failure)
[282.185s][info][gc,heap        ] GC(641) PSYoungGen: 79392K(79872K)->512K(78848K) Eden: 78336K(78336K)->0K(78336K) From: 1056K(1536K)->512K(512K)
[282.185s][info][gc,heap        ] GC(641) ParOldGen: 6045K(1398272K)->6509K(1398272K)
[282.185s][info][gc,metaspace   ] GC(641) Metaspace: 9962K(10304K)->9962K(10304K) NonClass: 8661K(8896K)->8661K(8896K) Class: 1301K(1408K)->1301K(1408K)
[282.186s][info][gc             ] GC(641) Pause Young (Allocation Failure) 83M->6M(1442M) 1.223ms
[282.186s][info][gc,cpu         ] GC(641) User=0.00s Sys=0.00s Real=0.00s
[282.504s][info][gc,start       ] GC(642) Pause Young (Allocation Failure)
[282.505s][info][gc,heap        ] GC(642) PSYoungGen: 78848K(78848K)->1024K(79872K) Eden: 78336K(78336K)->0K(78336K) From: 512K(512K)->1024K(1536K)
[282.505s][info][gc,heap        ] GC(642) ParOldGen: 6509K(1398272K)->6845K(1398272K)
[282.505s][info][gc,metaspace   ] GC(642) Metaspace: 9962K(10304K)->9962K(10304K) NonClass: 8661K(8896K)->8661K(8896K) Class: 1301K(1408K)->1301K(1408K)
[282.505s][info][gc             ] GC(642) Pause Young (Allocation Failure) 83M->7M(1443M) 1.542ms
[282.505s][info][gc,cpu         ] GC(642) User=0.00s Sys=0.00s Real=0.00s
[282.842s][info][gc,start       ] GC(643) Pause Young (Allocation Failure)
[282.843s][info][gc,heap        ] GC(643) PSYoungGen: 79359K(79872K)->1056K(79872K) Eden: 78335K(78336K)->0K(78336K) From: 1024K(1536K)->1056K(1536K)
[282.843s][info][gc,heap        ] GC(643) ParOldGen: 6845K(1398272K)->7197K(1398272K)
[282.843s][info][gc,metaspace   ] GC(643) Metaspace: 9962K(10304K)->9962K(10304K) NonClass: 8661K(8896K)->8661K(8896K) Class: 1301K(1408K)->1301K(1408K)
[282.843s][info][gc             ] GC(643) Pause Young (Allocation Failure) 84M->8M(1443M) 1.088ms
[282.843s][info][gc,cpu         ] GC(643) User=0.00s Sys=0.00s Real=0.00s
[283.169s][info][gc,start       ] GC(644) Pause Young (Allocation Failure)
[283.170s][info][gc,heap        ] GC(644) PSYoungGen: 79392K(79872K)->1056K(79872K) Eden: 78336K(78336K)->0K(78336K) From: 1056K(1536K)->1056K(1536K)
[283.170s][info][gc,heap        ] GC(644) ParOldGen: 7197K(1398272K)->7197K(1398272K)
[283.170s][info][gc,metaspace   ] GC(644) Metaspace: 9962K(10304K)->9962K(10304K) NonClass: 8661K(8896K)->8661K(8896K) Class: 1301K(1408K)->1301K(1408K)
[283.170s][info][gc             ] GC(644) Pause Young (Allocation Failure) 84M->8M(1443M) 1.329ms
[283.170s][info][gc,cpu         ] GC(644) User=0.00s Sys=0.00s Real=0.00s
[283.491s][info][gc,start       ] GC(645) Pause Young (Allocation Failure)
[283.492s][info][gc,heap        ] GC(645) PSYoungGen: 79392K(79872K)->512K(78848K) Eden: 78336K(78336K)->0K(78336K) From: 1056K(1536K)->512K(512K)
[283.492s][info][gc,heap        ] GC(645) ParOldGen: 7197K(1398272K)->7437K(1398272K)
[283.492s][info][gc,metaspace   ] GC(645) Metaspace: 9962K(10304K)->9962K(10304K) NonClass: 8661K(8896K)->8661K(8896K) Class: 1301K(1408K)->1301K(1408K)
[283.492s][info][gc             ] GC(645) Pause Young (Allocation Failure) 84M->7M(1442M) 1.061ms
[283.492s][info][gc,cpu         ] GC(645) User=0.00s Sys=0.00s Real=0.00s
[283.807s][info][gc,start       ] GC(646) Pause Young (Allocation Failure)
[283.808s][info][gc,heap        ] GC(646) PSYoungGen: 78848K(78848K)->992K(79872K) Eden: 78336K(78336K)->0K(78336K) From: 512K(512K)->992K(1536K)
[283.808s][info][gc,heap        ] GC(646) ParOldGen: 7437K(1398272K)->7725K(1398272K)
[283.808s][info][gc,metaspace   ] GC(646) Metaspace: 9962K(10304K)->9962K(10304K) NonClass: 8661K(8896K)->8661K(8896K) Class: 1301K(1408K)->1301K(1408K)
[283.808s][info][gc             ] GC(646) Pause Young (Allocation Failure) 84M->8M(1443M) 1.695ms
[283.808s][info][gc,cpu         ] GC(646) User=0.00s Sys=0.00s Real=0.00s
[284.123s][info][gc,start       ] GC(647) Pause Young (Allocation Failure)
[284.130s][info][gc,heap        ] GC(647) PSYoungGen: 79328K(79872K)->1056K(79872K) Eden: 78336K(78336K)->0K(78336K) From: 992K(1536K)->1056K(1536K)
[284.130s][info][gc,heap        ] GC(647) ParOldGen: 7725K(1398272K)->7789K(1398272K)
[284.130s][info][gc,metaspace   ] GC(647) Metaspace: 9962K(10304K)->9962K(10304K) NonClass: 8661K(8896K)->8661K(8896K) Class: 1301K(1408K)->1301K(1408K)
[284.130s][info][gc             ] GC(647) Pause Young (Allocation Failure) 85M->8M(1443M) 6.831ms
[284.130s][info][gc,cpu         ] GC(647) User=0.00s Sys=0.00s Real=0.00s
[284.448s][info][gc,start       ] GC(648) Pause Young (Allocation Failure)
[284.450s][info][gc,heap        ] GC(648) PSYoungGen: 79392K(79872K)->1056K(79872K) Eden: 78336K(78336K)->0K(78336K) From: 1056K(1536K)->1056K(1536K)
[284.450s][info][gc,heap        ] GC(648) ParOldGen: 7789K(1398272K)->7789K(1398272K)
[284.450s][info][gc,metaspace   ] GC(648) Metaspace: 9962K(10304K)->9962K(10304K) NonClass: 8661K(8896K)->8661K(8896K) Class: 1301K(1408K)->1301K(1408K)
[284.450s][info][gc             ] GC(648) Pause Young (Allocation Failure) 85M->8M(1443M) 1.353ms
[284.450s][info][gc,cpu         ] GC(648) User=0.00s Sys=0.00s Real=0.00s
[284.780s][info][gc,start       ] GC(649) Pause Young (Allocation Failure)
[284.781s][info][gc,heap        ] GC(649) PSYoungGen: 79392K(79872K)->512K(78848K) Eden: 78336K(78336K)->0K(78336K) From: 1056K(1536K)->512K(512K)
[284.782s][info][gc,heap        ] GC(649) ParOldGen: 7789K(1398272K)->8253K(1398272K)
[284.782s][info][gc,metaspace   ] GC(649) Metaspace: 9962K(10304K)->9962K(10304K) NonClass: 8661K(8896K)->8661K(8896K) Class: 1301K(1408K)->1301K(1408K)
[284.782s][info][gc             ] GC(649) Pause Young (Allocation Failure) 85M->8M(1442M) 1.142ms
[284.782s][info][gc,cpu         ] GC(649) User=0.00s Sys=0.00s Real=0.00s
[285.070s][info][gc,start       ] GC(650) Pause Young (System.gc())
[285.072s][info][gc,heap        ] GC(650) PSYoungGen: 71112K(78848K)->1056K(79872K) Eden: 70600K(78336K)->0K(78336K) From: 512K(512K)->1056K(1536K)
[285.072s][info][gc,heap        ] GC(650) ParOldGen: 8253K(1398272K)->8621K(1398272K)
[285.072s][info][gc,metaspace   ] GC(650) Metaspace: 9962K(10304K)->9962K(10304K) NonClass: 8661K(8896K)->8661K(8896K) Class: 1301K(1408K)->1301K(1408K)
[285.072s][info][gc             ] GC(650) Pause Young (System.gc()) 77M->9M(1443M) 1.651ms
[285.072s][info][gc,cpu         ] GC(650) User=0.00s Sys=0.00s Real=0.00s
[285.072s][info][gc,start       ] GC(651) Pause Full (System.gc())
[285.072s][info][gc,phases,start] GC(651) Marking Phase
[285.090s][info][gc,phases      ] GC(651) Marking Phase 17.262ms
[285.090s][info][gc,phases,start] GC(651) Summary Phase
[285.090s][info][gc,phases      ] GC(651) Summary Phase 0.024ms
[285.090s][info][gc,phases,start] GC(651) Adjust Roots
[285.094s][info][gc,phases      ] GC(651) Adjust Roots 4.282ms
[285.094s][info][gc,phases,start] GC(651) Compaction Phase
[285.098s][info][gc,phases      ] GC(651) Compaction Phase 3.947ms
[285.098s][info][gc,phases,start] GC(651) Post Compact
[285.099s][info][gc,phases      ] GC(651) Post Compact 0.718ms
[285.099s][info][gc,heap        ] GC(651) PSYoungGen: 1056K(79872K)->0K(79872K) Eden: 0K(78336K)->0K(78336K) From: 1056K(1536K)->0K(1536K)
[285.099s][info][gc,heap        ] GC(651) ParOldGen: 8621K(1398272K)->4077K(1398272K)
[285.099s][info][gc,metaspace   ] GC(651) Metaspace: 9962K(10304K)->9962K(10304K) NonClass: 8661K(8896K)->8661K(8896K) Class: 1301K(1408K)->1301K(1408K)
[285.099s][info][gc             ] GC(651) Pause Full (System.gc()) 9M->3M(1443M) 26.508ms
[285.099s][info][gc,cpu         ] GC(651) User=0.53s Sys=0.00s Real=0.03s
[285.425s][info][gc,start       ] GC(652) Pause Young (Allocation Failure)
[285.426s][info][gc,heap        ] GC(652) PSYoungGen: 78336K(79872K)->1536K(79872K) Eden: 78336K(78336K)->0K(78336K) From: 0K(1536K)->1536K(1536K)
[285.426s][info][gc,heap        ] GC(652) ParOldGen: 4077K(1398272K)->4181K(1398272K)
[285.426s][info][gc,metaspace   ] GC(652) Metaspace: 9964K(10304K)->9964K(10304K) NonClass: 8663K(8896K)->8663K(8896K) Class: 1301K(1408K)->1301K(1408K)
[285.426s][info][gc             ] GC(652) Pause Young (Allocation Failure) 80M->5M(1443M) 1.343ms
[285.426s][info][gc,cpu         ] GC(652) User=0.02s Sys=0.00s Real=0.02s
[285.747s][info][gc,start       ] GC(653) Pause Young (Allocation Failure)
[285.749s][info][gc,heap        ] GC(653) PSYoungGen: 79872K(79872K)->1376K(79872K) Eden: 78336K(78336K)->0K(78336K) From: 1536K(1536K)->1376K(1536K)
[285.749s][info][gc,heap        ] GC(653) ParOldGen: 4181K(1398272K)->4693K(1398272K)
[285.749s][info][gc,metaspace   ] GC(653) Metaspace: 9964K(10304K)->9964K(10304K) NonClass: 8663K(8896K)->8663K(8896K) Class: 1301K(1408K)->1301K(1408K)
[285.749s][info][gc             ] GC(653) Pause Young (Allocation Failure) 82M->5M(1443M) 1.594ms
[285.749s][info][gc,cpu         ] GC(653) User=0.00s Sys=0.00s Real=0.00s
[286.061s][info][gc,start       ] GC(654) Pause Young (Allocation Failure)
[286.062s][info][gc,heap        ] GC(654) PSYoungGen: 79712K(79872K)->512K(78848K) Eden: 78336K(78336K)->0K(78336K) From: 1376K(1536K)->512K(512K)
[286.062s][info][gc,heap        ] GC(654) ParOldGen: 4693K(1398272K)->5197K(1398272K)
[286.062s][info][gc,metaspace   ] GC(654) Metaspace: 9964K(10304K)->9964K(10304K) NonClass: 8663K(8896K)->8663K(8896K) Class: 1301K(1408K)->1301K(1408K)
[286.062s][info][gc             ] GC(654) Pause Young (Allocation Failure) 82M->5M(1442M) 1.220ms
[286.062s][info][gc,cpu         ] GC(654) User=0.00s Sys=0.00s Real=0.00s
[286.378s][info][gc,start       ] GC(655) Pause Young (Allocation Failure)
[286.380s][info][gc,heap        ] GC(655) PSYoungGen: 78848K(78848K)->896K(79872K) Eden: 78336K(78336K)->0K(78336K) From: 512K(512K)->896K(1536K)
[286.380s][info][gc,heap        ] GC(655) ParOldGen: 5197K(1398272K)->5725K(1398272K)
[286.380s][info][gc,metaspace   ] GC(655) Metaspace: 9964K(10304K)->9964K(10304K) NonClass: 8663K(8896K)->8663K(8896K) Class: 1301K(1408K)->1301K(1408K)
[286.380s][info][gc             ] GC(655) Pause Young (Allocation Failure) 82M->6M(1443M) 1.977ms
[286.380s][info][gc,cpu         ] GC(655) User=0.00s Sys=0.00s Real=0.00s
[286.704s][info][gc,start       ] GC(656) Pause Young (Allocation Failure)
[286.705s][info][gc,heap        ] GC(656) PSYoungGen: 79232K(79872K)->1056K(79872K) Eden: 78336K(78336K)->0K(78336K) From: 896K(1536K)->1056K(1536K)
[286.705s][info][gc,heap        ] GC(656) ParOldGen: 5725K(1398272K)->5821K(1398272K)
[286.705s][info][gc,metaspace   ] GC(656) Metaspace: 9964K(10304K)->9964K(10304K) NonClass: 8663K(8896K)->8663K(8896K) Class: 1301K(1408K)->1301K(1408K)
[286.705s][info][gc             ] GC(656) Pause Young (Allocation Failure) 82M->6M(1443M) 1.081ms
[286.705s][info][gc,cpu         ] GC(656) User=0.00s Sys=0.02s Real=0.01s
[287.028s][info][gc,start       ] GC(657) Pause Young (Allocation Failure)
[287.029s][info][gc,heap        ] GC(657) PSYoungGen: 79392K(79872K)->1056K(79872K) Eden: 78336K(78336K)->0K(78336K) From: 1056K(1536K)->1056K(1536K)
[287.029s][info][gc,heap        ] GC(657) ParOldGen: 5821K(1398272K)->6133K(1398272K)
[287.029s][info][gc,metaspace   ] GC(657) Metaspace: 9964K(10304K)->9964K(10304K) NonClass: 8663K(8896K)->8663K(8896K) Class: 1301K(1408K)->1301K(1408K)
[287.029s][info][gc             ] GC(657) Pause Young (Allocation Failure) 83M->7M(1443M) 1.385ms
[287.029s][info][gc,cpu         ] GC(657) User=0.00s Sys=0.00s Real=0.00s
[287.354s][info][gc,start       ] GC(658) Pause Young (Allocation Failure)
[287.355s][info][gc,heap        ] GC(658) PSYoungGen: 79391K(79872K)->512K(78848K) Eden: 78335K(78336K)->0K(78336K) From: 1056K(1536K)->512K(512K)
[287.355s][info][gc,heap        ] GC(658) ParOldGen: 6133K(1398272K)->6493K(1398272K)
[287.355s][info][gc,metaspace   ] GC(658) Metaspace: 9964K(10304K)->9964K(10304K) NonClass: 8663K(8896K)->8663K(8896K) Class: 1301K(1408K)->1301K(1408K)
[287.355s][info][gc             ] GC(658) Pause Young (Allocation Failure) 83M->6M(1442M) 1.135ms
[287.355s][info][gc,cpu         ] GC(658) User=0.00s Sys=0.00s Real=0.00s
[287.667s][info][gc,start       ] GC(659) Pause Young (Allocation Failure)
[287.669s][info][gc,heap        ] GC(659) PSYoungGen: 78848K(78848K)->992K(79872K) Eden: 78336K(78336K)->0K(78336K) From: 512K(512K)->992K(1536K)
[287.669s][info][gc,heap        ] GC(659) ParOldGen: 6493K(1398272K)->6925K(1398272K)
[287.669s][info][gc,metaspace   ] GC(659) Metaspace: 9964K(10304K)->9964K(10304K) NonClass: 8663K(8896K)->8663K(8896K) Class: 1301K(1408K)->1301K(1408K)
[287.669s][info][gc             ] GC(659) Pause Young (Allocation Failure) 83M->7M(1443M) 2.310ms
[287.669s][info][gc,cpu         ] GC(659) User=0.00s Sys=0.00s Real=0.00s
[287.985s][info][gc,start       ] GC(660) Pause Young (Allocation Failure)
[287.986s][info][gc,heap        ] GC(660) PSYoungGen: 79328K(79872K)->1088K(79872K) Eden: 78336K(78336K)->0K(78336K) From: 992K(1536K)->1088K(1536K)
[287.986s][info][gc,heap        ] GC(660) ParOldGen: 6925K(1398272K)->6997K(1398272K)
[287.986s][info][gc,metaspace   ] GC(660) Metaspace: 9964K(10304K)->9964K(10304K) NonClass: 8663K(8896K)->8663K(8896K) Class: 1301K(1408K)->1301K(1408K)
[287.986s][info][gc             ] GC(660) Pause Young (Allocation Failure) 84M->7M(1443M) 1.050ms
[287.986s][info][gc,cpu         ] GC(660) User=0.00s Sys=0.00s Real=0.00s
[288.309s][info][gc,start       ] GC(661) Pause Young (Allocation Failure)
[288.310s][info][gc,heap        ] GC(661) PSYoungGen: 79424K(79872K)->1056K(79872K) Eden: 78336K(78336K)->0K(78336K) From: 1088K(1536K)->1056K(1536K)
[288.310s][info][gc,heap        ] GC(661) ParOldGen: 6997K(1398272K)->6997K(1398272K)
[288.310s][info][gc,metaspace   ] GC(661) Metaspace: 9964K(10304K)->9964K(10304K) NonClass: 8663K(8896K)->8663K(8896K) Class: 1301K(1408K)->1301K(1408K)
[288.310s][info][gc             ] GC(661) Pause Young (Allocation Failure) 84M->7M(1443M) 1.395ms
[288.311s][info][gc,cpu         ] GC(661) User=0.00s Sys=0.00s Real=0.00s
[288.634s][info][gc,start       ] GC(662) Pause Young (Allocation Failure)
[288.635s][info][gc,heap        ] GC(662) PSYoungGen: 79392K(79872K)->512K(78848K) Eden: 78336K(78336K)->0K(78336K) From: 1056K(1536K)->512K(512K)
[288.635s][info][gc,heap        ] GC(662) ParOldGen: 6997K(1398272K)->7325K(1398272K)
[288.635s][info][gc,metaspace   ] GC(662) Metaspace: 9964K(10304K)->9964K(10304K) NonClass: 8663K(8896K)->8663K(8896K) Class: 1301K(1408K)->1301K(1408K)
[288.635s][info][gc             ] GC(662) Pause Young (Allocation Failure) 84M->7M(1442M) 1.177ms
[288.635s][info][gc,cpu         ] GC(662) User=0.00s Sys=0.00s Real=0.00s
[288.954s][info][gc,start       ] GC(663) Pause Young (Allocation Failure)
[288.956s][info][gc,heap        ] GC(663) PSYoungGen: 78848K(78848K)->1024K(79872K) Eden: 78336K(78336K)->0K(78336K) From: 512K(512K)->1024K(1536K)
[288.956s][info][gc,heap        ] GC(663) ParOldGen: 7325K(1398272K)->7885K(1398272K)
[288.956s][info][gc,metaspace   ] GC(663) Metaspace: 9964K(10304K)->9964K(10304K) NonClass: 8663K(8896K)->8663K(8896K) Class: 1301K(1408K)->1301K(1408K)
[288.956s][info][gc             ] GC(663) Pause Young (Allocation Failure) 84M->8M(1443M) 1.788ms
[288.956s][info][gc,cpu         ] GC(663) User=0.00s Sys=0.00s Real=0.00s
[289.282s][info][gc,start       ] GC(664) Pause Young (Allocation Failure)
[289.283s][info][gc,heap        ] GC(664) PSYoungGen: 79360K(79872K)->1056K(79872K) Eden: 78336K(78336K)->0K(78336K) From: 1024K(1536K)->1056K(1536K)
[289.283s][info][gc,heap        ] GC(664) ParOldGen: 7885K(1398272K)->7901K(1398272K)
[289.283s][info][gc,metaspace   ] GC(664) Metaspace: 9964K(10304K)->9964K(10304K) NonClass: 8663K(8896K)->8663K(8896K) Class: 1301K(1408K)->1301K(1408K)
[289.283s][info][gc             ] GC(664) Pause Young (Allocation Failure) 85M->8M(1443M) 1.040ms
[289.284s][info][gc,cpu         ] GC(664) User=0.00s Sys=0.00s Real=0.00s
[289.604s][info][gc,start       ] GC(665) Pause Young (Allocation Failure)
[289.605s][info][gc,heap        ] GC(665) PSYoungGen: 79392K(79872K)->1056K(79872K) Eden: 78336K(78336K)->0K(78336K) From: 1056K(1536K)->1056K(1536K)
[289.605s][info][gc,heap        ] GC(665) ParOldGen: 7901K(1398272K)->7901K(1398272K)
[289.605s][info][gc,metaspace   ] GC(665) Metaspace: 9964K(10304K)->9964K(10304K) NonClass: 8663K(8896K)->8663K(8896K) Class: 1301K(1408K)->1301K(1408K)
[289.605s][info][gc             ] GC(665) Pause Young (Allocation Failure) 85M->8M(1443M) 1.369ms
[289.605s][info][gc,cpu         ] GC(665) User=0.00s Sys=0.00s Real=0.00s
[289.935s][info][gc,start       ] GC(666) Pause Young (Allocation Failure)
[289.936s][info][gc,heap        ] GC(666) PSYoungGen: 79392K(79872K)->512K(78848K) Eden: 78336K(78336K)->0K(78336K) From: 1056K(1536K)->512K(512K)
[289.936s][info][gc,heap        ] GC(666) ParOldGen: 7901K(1398272K)->8173K(1398272K)
[289.936s][info][gc,metaspace   ] GC(666) Metaspace: 9964K(10304K)->9964K(10304K) NonClass: 8663K(8896K)->8663K(8896K) Class: 1301K(1408K)->1301K(1408K)
[289.936s][info][gc             ] GC(666) Pause Young (Allocation Failure) 85M->8M(1442M) 1.129ms
[289.936s][info][gc,cpu         ] GC(666) User=0.00s Sys=0.00s Real=0.00s
[290.254s][info][gc,start       ] GC(667) Pause Young (Allocation Failure)
[290.255s][info][gc,heap        ] GC(667) PSYoungGen: 78848K(78848K)->928K(79872K) Eden: 78336K(78336K)->0K(78336K) From: 512K(512K)->928K(1536K)
[290.256s][info][gc,heap        ] GC(667) ParOldGen: 8173K(1398272K)->8493K(1398272K)
[290.256s][info][gc,metaspace   ] GC(667) Metaspace: 9964K(10304K)->9964K(10304K) NonClass: 8663K(8896K)->8663K(8896K) Class: 1301K(1408K)->1301K(1408K)
[290.256s][info][gc             ] GC(667) Pause Young (Allocation Failure) 84M->9M(1443M) 1.975ms
[290.256s][info][gc,cpu         ] GC(667) User=0.00s Sys=0.00s Real=0.00s
[290.574s][info][gc,start       ] GC(668) Pause Young (Allocation Failure)
[290.575s][info][gc,heap        ] GC(668) PSYoungGen: 79264K(79872K)->1056K(79872K) Eden: 78336K(78336K)->0K(78336K) From: 928K(1536K)->1056K(1536K)
[290.575s][info][gc,heap        ] GC(668) ParOldGen: 8493K(1398272K)->8653K(1398272K)
[290.575s][info][gc,metaspace   ] GC(668) Metaspace: 9964K(10304K)->9964K(10304K) NonClass: 8663K(8896K)->8663K(8896K) Class: 1301K(1408K)->1301K(1408K)
[290.575s][info][gc             ] GC(668) Pause Young (Allocation Failure) 85M->9M(1443M) 1.117ms
[290.575s][info][gc,cpu         ] GC(668) User=0.52s Sys=0.00s Real=0.02s
[290.900s][info][gc,start       ] GC(669) Pause Young (Allocation Failure)
[290.901s][info][gc,heap        ] GC(669) PSYoungGen: 79392K(79872K)->1056K(79872K) Eden: 78336K(78336K)->0K(78336K) From: 1056K(1536K)->1056K(1536K)
[290.902s][info][gc,heap        ] GC(669) ParOldGen: 8653K(1398272K)->8653K(1398272K)
[290.902s][info][gc,metaspace   ] GC(669) Metaspace: 9964K(10304K)->9964K(10304K) NonClass: 8663K(8896K)->8663K(8896K) Class: 1301K(1408K)->1301K(1408K)
[290.902s][info][gc             ] GC(669) Pause Young (Allocation Failure) 85M->9M(1443M) 1.319ms
[290.902s][info][gc,cpu         ] GC(669) User=0.00s Sys=0.00s Real=0.00s
[291.219s][info][gc,start       ] GC(670) Pause Young (Allocation Failure)
[291.220s][info][gc,heap        ] GC(670) PSYoungGen: 79392K(79872K)->512K(78848K) Eden: 78336K(78336K)->0K(78336K) From: 1056K(1536K)->512K(512K)
[291.220s][info][gc,heap        ] GC(670) ParOldGen: 8653K(1398272K)->8909K(1398272K)
[291.220s][info][gc,metaspace   ] GC(670) Metaspace: 9964K(10304K)->9964K(10304K) NonClass: 8663K(8896K)->8663K(8896K) Class: 1301K(1408K)->1301K(1408K)
[291.220s][info][gc             ] GC(670) Pause Young (Allocation Failure) 85M->9M(1442M) 1.078ms
[291.220s][info][gc,cpu         ] GC(670) User=0.00s Sys=0.00s Real=0.00s
[291.541s][info][gc,start       ] GC(671) Pause Young (Allocation Failure)
[291.544s][info][gc,heap        ] GC(671) PSYoungGen: 78848K(78848K)->960K(79872K) Eden: 78336K(78336K)->0K(78336K) From: 512K(512K)->960K(1536K)
[291.544s][info][gc,heap        ] GC(671) ParOldGen: 8909K(1398272K)->9237K(1398272K)
[291.544s][info][gc,metaspace   ] GC(671) Metaspace: 9964K(10304K)->9964K(10304K) NonClass: 8663K(8896K)->8663K(8896K) Class: 1301K(1408K)->1301K(1408K)
[291.544s][info][gc             ] GC(671) Pause Young (Allocation Failure) 85M->9M(1443M) 2.241ms
[291.544s][info][gc,cpu         ] GC(671) User=0.00s Sys=0.00s Real=0.00s
[291.832s][info][gc,start       ] GC(672) Pause Young (System.gc())
[291.833s][info][gc,heap        ] GC(672) PSYoungGen: 72374K(79872K)->1056K(79872K) Eden: 71414K(78336K)->0K(78336K) From: 960K(1536K)->1056K(1536K)
[291.833s][info][gc,heap        ] GC(672) ParOldGen: 9237K(1398272K)->9261K(1398272K)
[291.833s][info][gc,metaspace   ] GC(672) Metaspace: 9964K(10304K)->9964K(10304K) NonClass: 8663K(8896K)->8663K(8896K) Class: 1301K(1408K)->1301K(1408K)
[291.833s][info][gc             ] GC(672) Pause Young (System.gc()) 79M->10M(1443M) 1.024ms
[291.833s][info][gc,cpu         ] GC(672) User=0.00s Sys=0.00s Real=0.00s
[291.833s][info][gc,start       ] GC(673) Pause Full (System.gc())
[291.833s][info][gc,phases,start] GC(673) Marking Phase
[291.848s][info][gc,phases      ] GC(673) Marking Phase 15.171ms
[291.848s][info][gc,phases,start] GC(673) Summary Phase
[291.848s][info][gc,phases      ] GC(673) Summary Phase 0.021ms
[291.848s][info][gc,phases,start] GC(673) Adjust Roots
[291.853s][info][gc,phases      ] GC(673) Adjust Roots 4.595ms
[291.853s][info][gc,phases,start] GC(673) Compaction Phase
[291.856s][info][gc,phases      ] GC(673) Compaction Phase 3.623ms
[291.857s][info][gc,phases,start] GC(673) Post Compact
[291.857s][info][gc,phases      ] GC(673) Post Compact 0.730ms
[291.857s][info][gc,heap        ] GC(673) PSYoungGen: 1056K(79872K)->0K(79872K) Eden: 0K(78336K)->0K(78336K) From: 1056K(1536K)->0K(1536K)
[291.857s][info][gc,heap        ] GC(673) ParOldGen: 9261K(1398272K)->4077K(1398272K)
[291.857s][info][gc,metaspace   ] GC(673) Metaspace: 9964K(10304K)->9964K(10304K) NonClass: 8663K(8896K)->8663K(8896K) Class: 1301K(1408K)->1301K(1408K)
[291.857s][info][gc             ] GC(673) Pause Full (System.gc()) 10M->3M(1443M) 24.388ms
[291.857s][info][gc,cpu         ] GC(673) User=0.55s Sys=0.00s Real=0.03s
[292.175s][info][gc,start       ] GC(674) Pause Young (Allocation Failure)
[292.176s][info][gc,heap        ] GC(674) PSYoungGen: 78336K(79872K)->1536K(79872K) Eden: 78336K(78336K)->0K(78336K) From: 0K(1536K)->1536K(1536K)
[292.176s][info][gc,heap        ] GC(674) ParOldGen: 4077K(1398272K)->4189K(1398272K)
[292.176s][info][gc,metaspace   ] GC(674) Metaspace: 9964K(10304K)->9964K(10304K) NonClass: 8663K(8896K)->8663K(8896K) Class: 1301K(1408K)->1301K(1408K)
[292.176s][info][gc             ] GC(674) Pause Young (Allocation Failure) 80M->5M(1443M) 1.634ms
[292.176s][info][gc,cpu         ] GC(674) User=0.00s Sys=0.00s Real=0.00s
[292.496s][info][gc,start       ] GC(675) Pause Young (Allocation Failure)
[292.498s][info][gc,heap        ] GC(675) PSYoungGen: 79872K(79872K)->512K(78848K) Eden: 78336K(78336K)->0K(78336K) From: 1536K(1536K)->512K(512K)
[292.498s][info][gc,heap        ] GC(675) ParOldGen: 4189K(1398272K)->5141K(1398272K)
[292.498s][info][gc,metaspace   ] GC(675) Metaspace: 9964K(10304K)->9964K(10304K) NonClass: 8663K(8896K)->8663K(8896K) Class: 1301K(1408K)->1301K(1408K)
[292.498s][info][gc             ] GC(675) Pause Young (Allocation Failure) 82M->5M(1442M) 1.384ms
[292.498s][info][gc,cpu         ] GC(675) User=0.00s Sys=0.00s Real=0.00s
[292.819s][info][gc,start       ] GC(676) Pause Young (Allocation Failure)
[292.820s][info][gc,heap        ] GC(676) PSYoungGen: 78848K(78848K)->1024K(80384K) Eden: 78336K(78336K)->0K(78336K) From: 512K(512K)->1024K(2048K)
[292.820s][info][gc,heap        ] GC(676) ParOldGen: 5141K(1398272K)->5597K(1398272K)
[292.821s][info][gc,metaspace   ] GC(676) Metaspace: 9964K(10304K)->9964K(10304K) NonClass: 8663K(8896K)->8663K(8896K) Class: 1301K(1408K)->1301K(1408K)
[292.821s][info][gc             ] GC(676) Pause Young (Allocation Failure) 82M->6M(1444M) 1.199ms
[292.821s][info][gc,cpu         ] GC(676) User=0.52s Sys=0.00s Real=0.01s
[293.140s][info][gc,start       ] GC(677) Pause Young (Allocation Failure)
[293.141s][info][gc,heap        ] GC(677) PSYoungGen: 79360K(80384K)->1280K(79872K) Eden: 78336K(78336K)->0K(78336K) From: 1024K(2048K)->1280K(1536K)
[293.141s][info][gc,heap        ] GC(677) ParOldGen: 5597K(1398272K)->5709K(1398272K)
[293.141s][info][gc,metaspace   ] GC(677) Metaspace: 9964K(10304K)->9964K(10304K) NonClass: 8663K(8896K)->8663K(8896K) Class: 1301K(1408K)->1301K(1408K)
[293.141s][info][gc             ] GC(677) Pause Young (Allocation Failure) 82M->6M(1443M) 1.268ms
[293.141s][info][gc,cpu         ] GC(677) User=0.00s Sys=0.00s Real=0.00s
[293.464s][info][gc,start       ] GC(678) Pause Young (Allocation Failure)
[293.466s][info][gc,heap        ] GC(678) PSYoungGen: 79616K(79872K)->1312K(79872K) Eden: 78336K(78336K)->0K(78336K) From: 1280K(1536K)->1312K(1536K)
[293.466s][info][gc,heap        ] GC(678) ParOldGen: 5709K(1398272K)->6237K(1398272K)
[293.466s][info][gc,metaspace   ] GC(678) Metaspace: 9964K(10304K)->9964K(10304K) NonClass: 8663K(8896K)->8663K(8896K) Class: 1301K(1408K)->1301K(1408K)
[293.466s][info][gc             ] GC(678) Pause Young (Allocation Failure) 83M->7M(1443M) 1.485ms
[293.466s][info][gc,cpu         ] GC(678) User=0.00s Sys=0.00s Real=0.00s
[293.787s][info][gc,start       ] GC(679) Pause Young (Allocation Failure)
[293.789s][info][gc,heap        ] GC(679) PSYoungGen: 79648K(79872K)->1088K(79872K) Eden: 78336K(78336K)->0K(78336K) From: 1312K(1536K)->1088K(1536K)
[293.789s][info][gc,heap        ] GC(679) ParOldGen: 6237K(1398272K)->6589K(1398272K)
[293.789s][info][gc,metaspace   ] GC(679) Metaspace: 9964K(10304K)->9964K(10304K) NonClass: 8663K(8896K)->8663K(8896K) Class: 1301K(1408K)->1301K(1408K)
[293.789s][info][gc             ] GC(679) Pause Young (Allocation Failure) 83M->7M(1443M) 1.179ms
[293.789s][info][gc,cpu         ] GC(679) User=0.00s Sys=0.00s Real=0.00s
[294.113s][info][gc,start       ] GC(680) Pause Young (Allocation Failure)
[294.114s][info][gc,heap        ] GC(680) PSYoungGen: 79424K(79872K)->1088K(79872K) Eden: 78336K(78336K)->0K(78336K) From: 1088K(1536K)->1088K(1536K)
[294.114s][info][gc,heap        ] GC(680) ParOldGen: 6589K(1398272K)->6933K(1398272K)
[294.114s][info][gc,metaspace   ] GC(680) Metaspace: 9964K(10304K)->9964K(10304K) NonClass: 8663K(8896K)->8663K(8896K) Class: 1301K(1408K)->1301K(1408K)
[294.114s][info][gc             ] GC(680) Pause Young (Allocation Failure) 83M->7M(1443M) 1.415ms
[294.114s][info][gc,cpu         ] GC(680) User=0.00s Sys=0.00s Real=0.00s
[294.425s][info][gc,start       ] GC(681) Pause Young (Allocation Failure)
[294.426s][info][gc,heap        ] GC(681) PSYoungGen: 79424K(79872K)->1056K(79872K) Eden: 78336K(78336K)->0K(78336K) From: 1088K(1536K)->1056K(1536K)
[294.426s][info][gc,heap        ] GC(681) ParOldGen: 6933K(1398272K)->6933K(1398272K)
[294.426s][info][gc,metaspace   ] GC(681) Metaspace: 9964K(10304K)->9964K(10304K) NonClass: 8663K(8896K)->8663K(8896K) Class: 1301K(1408K)->1301K(1408K)
[294.426s][info][gc             ] GC(681) Pause Young (Allocation Failure) 84M->7M(1443M) 1.094ms
[294.426s][info][gc,cpu         ] GC(681) User=0.00s Sys=0.00s Real=0.00s
[294.744s][info][gc,start       ] GC(682) Pause Young (Allocation Failure)
[294.745s][info][gc,heap        ] GC(682) PSYoungGen: 79392K(79872K)->1024K(79360K) Eden: 78336K(78336K)->0K(78336K) From: 1056K(1536K)->1024K(1024K)
[294.746s][info][gc,heap        ] GC(682) ParOldGen: 6933K(1398272K)->7277K(1398272K)
[294.746s][info][gc,metaspace   ] GC(682) Metaspace: 9964K(10304K)->9964K(10304K) NonClass: 8663K(8896K)->8663K(8896K) Class: 1301K(1408K)->1301K(1408K)
[294.746s][info][gc             ] GC(682) Pause Young (Allocation Failure) 84M->8M(1443M) 1.396ms
[294.746s][info][gc,cpu         ] GC(682) User=0.00s Sys=0.00s Real=0.00s
[295.069s][info][gc,start       ] GC(683) Pause Young (Allocation Failure)
[295.070s][info][gc,heap        ] GC(683) PSYoungGen: 79360K(79360K)->1024K(79360K) Eden: 78336K(78336K)->0K(78336K) From: 1024K(1024K)->1024K(1024K)
[295.070s][info][gc,heap        ] GC(683) ParOldGen: 7277K(1398272K)->7501K(1398272K)
[295.070s][info][gc,metaspace   ] GC(683) Metaspace: 9964K(10304K)->9964K(10304K) NonClass: 8663K(8896K)->8663K(8896K) Class: 1301K(1408K)->1301K(1408K)
[295.070s][info][gc             ] GC(683) Pause Young (Allocation Failure) 84M->8M(1443M) 1.127ms
[295.070s][info][gc,cpu         ] GC(683) User=0.00s Sys=0.00s Real=0.00s
[295.385s][info][gc,start       ] GC(684) Pause Young (Allocation Failure)
[295.386s][info][gc,heap        ] GC(684) PSYoungGen: 79360K(79360K)->1056K(79872K) Eden: 78336K(78336K)->0K(78336K) From: 1024K(1024K)->1056K(1536K)
[295.386s][info][gc,heap        ] GC(684) ParOldGen: 7501K(1398272K)->7789K(1398272K)
[295.386s][info][gc,metaspace   ] GC(684) Metaspace: 9964K(10304K)->9964K(10304K) NonClass: 8663K(8896K)->8663K(8896K) Class: 1301K(1408K)->1301K(1408K)
[295.386s][info][gc             ] GC(684) Pause Young (Allocation Failure) 84M->8M(1443M) 1.194ms
[295.386s][info][gc,cpu         ] GC(684) User=0.00s Sys=0.00s Real=0.00s
[295.700s][info][gc,start       ] GC(685) Pause Young (Allocation Failure)
[295.701s][info][gc,heap        ] GC(685) PSYoungGen: 79392K(79872K)->1024K(79360K) Eden: 78336K(78336K)->0K(78336K) From: 1056K(1536K)->1024K(1024K)
[295.701s][info][gc,heap        ] GC(685) ParOldGen: 7789K(1398272K)->7805K(1398272K)
[295.701s][info][gc,metaspace   ] GC(685) Metaspace: 9964K(10304K)->9964K(10304K) NonClass: 8663K(8896K)->8663K(8896K) Class: 1301K(1408K)->1301K(1408K)
[295.701s][info][gc             ] GC(685) Pause Young (Allocation Failure) 85M->8M(1443M) 1.063ms
[295.701s][info][gc,cpu         ] GC(685) User=0.00s Sys=0.00s Real=0.00s
[296.016s][info][gc,start       ] GC(686) Pause Young (Allocation Failure)
[296.017s][info][gc,heap        ] GC(686) PSYoungGen: 79360K(79360K)->1024K(79360K) Eden: 78336K(78336K)->0K(78336K) From: 1024K(1024K)->1024K(1024K)
[296.017s][info][gc,heap        ] GC(686) ParOldGen: 7805K(1398272K)->8053K(1398272K)
[296.017s][info][gc,metaspace   ] GC(686) Metaspace: 9964K(10304K)->9964K(10304K) NonClass: 8663K(8896K)->8663K(8896K) Class: 1301K(1408K)->1301K(1408K)
[296.017s][info][gc             ] GC(686) Pause Young (Allocation Failure) 85M->8M(1443M) 1.530ms
[296.017s][info][gc,cpu         ] GC(686) User=0.00s Sys=0.00s Real=0.00s
[296.338s][info][gc,start       ] GC(687) Pause Young (Allocation Failure)
[296.339s][info][gc,heap        ] GC(687) PSYoungGen: 79360K(79360K)->1056K(79872K) Eden: 78336K(78336K)->0K(78336K) From: 1024K(1024K)->1056K(1536K)
[296.339s][info][gc,heap        ] GC(687) ParOldGen: 8053K(1398272K)->8053K(1398272K)
[296.339s][info][gc,metaspace   ] GC(687) Metaspace: 9964K(10304K)->9964K(10304K) NonClass: 8663K(8896K)->8663K(8896K) Class: 1301K(1408K)->1301K(1408K)
[296.339s][info][gc             ] GC(687) Pause Young (Allocation Failure) 85M->8M(1443M) 1.065ms
[296.339s][info][gc,cpu         ] GC(687) User=0.00s Sys=0.00s Real=0.00s
[296.656s][info][gc,start       ] GC(688) Pause Young (Allocation Failure)
[296.657s][info][gc,heap        ] GC(688) PSYoungGen: 79392K(79872K)->992K(79360K) Eden: 78336K(78336K)->0K(78336K) From: 1056K(1536K)->992K(1024K)
[296.657s][info][gc,heap        ] GC(688) ParOldGen: 8053K(1398272K)->8389K(1398272K)
[296.657s][info][gc,metaspace   ] GC(688) Metaspace: 9964K(10304K)->9964K(10304K) NonClass: 8663K(8896K)->8663K(8896K) Class: 1301K(1408K)->1301K(1408K)
[296.657s][info][gc             ] GC(688) Pause Young (Allocation Failure) 85M->9M(1443M) 1.355ms
[296.657s][info][gc,cpu         ] GC(688) User=0.00s Sys=0.00s Real=0.00s
[296.973s][info][gc,start       ] GC(689) Pause Young (Allocation Failure)
[296.974s][info][gc,heap        ] GC(689) PSYoungGen: 79328K(79360K)->1024K(79360K) Eden: 78336K(78336K)->0K(78336K) From: 992K(1024K)->1024K(1024K)
[296.974s][info][gc,heap        ] GC(689) ParOldGen: 8389K(1398272K)->8405K(1398272K)
[296.974s][info][gc,metaspace   ] GC(689) Metaspace: 9964K(10304K)->9964K(10304K) NonClass: 8663K(8896K)->8663K(8896K) Class: 1301K(1408K)->1301K(1408K)
[296.974s][info][gc             ] GC(689) Pause Young (Allocation Failure) 85M->9M(1443M) 1.018ms
[296.974s][info][gc,cpu         ] GC(689) User=0.00s Sys=0.00s Real=0.00s
[297.301s][info][gc,start       ] GC(690) Pause Young (Allocation Failure)
[297.302s][info][gc,heap        ] GC(690) PSYoungGen: 79360K(79360K)->1056K(79872K) Eden: 78336K(78336K)->0K(78336K) From: 1024K(1024K)->1056K(1536K)
[297.302s][info][gc,heap        ] GC(690) ParOldGen: 8405K(1398272K)->8453K(1398272K)
[297.302s][info][gc,metaspace   ] GC(690) Metaspace: 9964K(10304K)->9964K(10304K) NonClass: 8663K(8896K)->8663K(8896K) Class: 1301K(1408K)->1301K(1408K)
[297.302s][info][gc             ] GC(690) Pause Young (Allocation Failure) 85M->9M(1443M) 1.141ms
[297.302s][info][gc,cpu         ] GC(690) User=0.00s Sys=0.00s Real=0.00s
[297.628s][info][gc,start       ] GC(691) Pause Young (Allocation Failure)
[297.629s][info][gc,heap        ] GC(691) PSYoungGen: 79392K(79872K)->1024K(79360K) Eden: 78336K(78336K)->0K(78336K) From: 1056K(1536K)->1024K(1024K)
[297.629s][info][gc,heap        ] GC(691) ParOldGen: 8453K(1398272K)->8461K(1398272K)
[297.629s][info][gc,metaspace   ] GC(691) Metaspace: 9964K(10304K)->9964K(10304K) NonClass: 8663K(8896K)->8663K(8896K) Class: 1301K(1408K)->1301K(1408K)
[297.629s][info][gc             ] GC(691) Pause Young (Allocation Failure) 85M->9M(1443M) 1.039ms
[297.629s][info][gc,cpu         ] GC(691) User=0.00s Sys=0.00s Real=0.00s
[297.955s][info][gc,start       ] GC(692) Pause Young (Allocation Failure)
[297.956s][info][gc,heap        ] GC(692) PSYoungGen: 79360K(79360K)->1056K(79872K) Eden: 78336K(78336K)->0K(78336K) From: 1024K(1024K)->1056K(1536K)
[297.956s][info][gc,heap        ] GC(692) ParOldGen: 8461K(1398272K)->8525K(1398272K)
[297.956s][info][gc,metaspace   ] GC(692) Metaspace: 9964K(10304K)->9964K(10304K) NonClass: 8663K(8896K)->8663K(8896K) Class: 1301K(1408K)->1301K(1408K)
[297.957s][info][gc             ] GC(692) Pause Young (Allocation Failure) 85M->9M(1443M) 1.206ms
[297.957s][info][gc,cpu         ] GC(692) User=0.00s Sys=0.00s Real=0.00s
[298.275s][info][gc,start       ] GC(693) Pause Young (Allocation Failure)
[298.276s][info][gc,heap        ] GC(693) PSYoungGen: 79392K(79872K)->1024K(79360K) Eden: 78336K(78336K)->0K(78336K) From: 1056K(1536K)->1024K(1024K)
[298.276s][info][gc,heap        ] GC(693) ParOldGen: 8525K(1398272K)->8605K(1398272K)
[298.276s][info][gc,metaspace   ] GC(693) Metaspace: 9964K(10304K)->9964K(10304K) NonClass: 8663K(8896K)->8663K(8896K) Class: 1301K(1408K)->1301K(1408K)
[298.277s][info][gc             ] GC(693) Pause Young (Allocation Failure) 85M->9M(1443M) 1.031ms
[298.277s][info][gc,cpu         ] GC(693) User=0.00s Sys=0.00s Real=0.00s
[298.585s][info][gc,start       ] GC(694) Pause Young (System.gc())
[298.586s][info][gc,heap        ] GC(694) PSYoungGen: 74604K(79360K)->1056K(79872K) Eden: 73580K(78336K)->0K(78336K) From: 1024K(1024K)->1056K(1536K)
[298.586s][info][gc,heap        ] GC(694) ParOldGen: 8605K(1398272K)->8925K(1398272K)
[298.586s][info][gc,metaspace   ] GC(694) Metaspace: 9964K(10304K)->9964K(10304K) NonClass: 8663K(8896K)->8663K(8896K) Class: 1301K(1408K)->1301K(1408K)
[298.586s][info][gc             ] GC(694) Pause Young (System.gc()) 81M->9M(1443M) 1.150ms
[298.586s][info][gc,cpu         ] GC(694) User=0.00s Sys=0.00s Real=0.00s
[298.587s][info][gc,start       ] GC(695) Pause Full (System.gc())
[298.587s][info][gc,phases,start] GC(695) Marking Phase
[298.602s][info][gc,phases      ] GC(695) Marking Phase 15.107ms
[298.602s][info][gc,phases,start] GC(695) Summary Phase
[298.602s][info][gc,phases      ] GC(695) Summary Phase 0.021ms
[298.602s][info][gc,phases,start] GC(695) Adjust Roots
[298.605s][info][gc,phases      ] GC(695) Adjust Roots 3.500ms
[298.605s][info][gc,phases,start] GC(695) Compaction Phase
[298.609s][info][gc,phases      ] GC(695) Compaction Phase 4.071ms
[298.609s][info][gc,phases,start] GC(695) Post Compact
[298.610s][info][gc,phases      ] GC(695) Post Compact 0.721ms
[298.610s][info][gc,heap        ] GC(695) PSYoungGen: 1056K(79872K)->0K(79872K) Eden: 0K(78336K)->0K(78336K) From: 1056K(1536K)->0K(1536K)
[298.610s][info][gc,heap        ] GC(695) ParOldGen: 8925K(1398272K)->4077K(1398272K)
[298.610s][info][gc,metaspace   ] GC(695) Metaspace: 9964K(10304K)->9964K(10304K) NonClass: 8663K(8896K)->8663K(8896K) Class: 1301K(1408K)->1301K(1408K)
[298.610s][info][gc             ] GC(695) Pause Full (System.gc()) 9M->3M(1443M) 23.656ms
[298.610s][info][gc,cpu         ] GC(695) User=0.63s Sys=0.00s Real=0.03s
[298.938s][info][gc,start       ] GC(696) Pause Young (Allocation Failure)
[298.939s][info][gc,heap        ] GC(696) PSYoungGen: 78336K(79872K)->1024K(79360K) Eden: 78336K(78336K)->0K(78336K) From: 0K(1536K)->1024K(1024K)
[298.940s][info][gc,heap        ] GC(696) ParOldGen: 4077K(1398272K)->4365K(1398272K)
[298.940s][info][gc,metaspace   ] GC(696) Metaspace: 9964K(10304K)->9964K(10304K) NonClass: 8663K(8896K)->8663K(8896K) Class: 1301K(1408K)->1301K(1408K)
[298.940s][info][gc             ] GC(696) Pause Young (Allocation Failure) 80M->5M(1443M) 1.323ms
[298.940s][info][gc,cpu         ] GC(696) User=0.00s Sys=0.00s Real=0.00s
[299.258s][info][gc,start       ] GC(697) Pause Young (Allocation Failure)
[299.261s][info][gc,heap        ] GC(697) PSYoungGen: 79360K(79360K)->1504K(79872K) Eden: 78336K(78336K)->0K(78336K) From: 1024K(1024K)->1504K(1536K)
[299.261s][info][gc,heap        ] GC(697) ParOldGen: 4365K(1398272K)->5029K(1398272K)
[299.261s][info][gc,metaspace   ] GC(697) Metaspace: 9964K(10304K)->9964K(10304K) NonClass: 8663K(8896K)->8663K(8896K) Class: 1301K(1408K)->1301K(1408K)
[299.261s][info][gc             ] GC(697) Pause Young (Allocation Failure) 81M->6M(1443M) 2.443ms
[299.261s][info][gc,cpu         ] GC(697) User=0.00s Sys=0.00s Real=0.00s
[299.586s][info][gc,start       ] GC(698) Pause Young (Allocation Failure)
[299.587s][info][gc,heap        ] GC(698) PSYoungGen: 79840K(79872K)->1024K(79360K) Eden: 78336K(78336K)->0K(78336K) From: 1504K(1536K)->1024K(1024K)
[299.587s][info][gc,heap        ] GC(698) ParOldGen: 5029K(1398272K)->5381K(1398272K)
[299.587s][info][gc,metaspace   ] GC(698) Metaspace: 9964K(10304K)->9964K(10304K) NonClass: 8663K(8896K)->8663K(8896K) Class: 1301K(1408K)->1301K(1408K)
[299.587s][info][gc             ] GC(698) Pause Young (Allocation Failure) 82M->6M(1443M) 1.165ms
[299.587s][info][gc,cpu         ] GC(698) User=0.00s Sys=0.00s Real=0.00s
[299.908s][info][gc,start       ] GC(699) Pause Young (Allocation Failure)
[299.909s][info][gc,heap        ] GC(699) PSYoungGen: 79360K(79360K)->1152K(79872K) Eden: 78336K(78336K)->0K(78336K) From: 1024K(1024K)->1152K(1536K)
[299.909s][info][gc,heap        ] GC(699) ParOldGen: 5381K(1398272K)->5581K(1398272K)
[299.909s][info][gc,metaspace   ] GC(699) Metaspace: 9964K(10304K)->9964K(10304K) NonClass: 8663K(8896K)->8663K(8896K) Class: 1301K(1408K)->1301K(1408K)
[299.909s][info][gc             ] GC(699) Pause Young (Allocation Failure) 82M->6M(1443M) 1.317ms
[299.909s][info][gc,cpu         ] GC(699) User=0.00s Sys=0.00s Real=0.00s
[300.232s][info][gc,start       ] GC(700) Pause Young (Allocation Failure)
[300.233s][info][gc,heap        ] GC(700) PSYoungGen: 79488K(79872K)->1024K(79360K) Eden: 78336K(78336K)->0K(78336K) From: 1152K(1536K)->1024K(1024K)
[300.233s][info][gc,heap        ] GC(700) ParOldGen: 5581K(1398272K)->6101K(1398272K)
[300.233s][info][gc,metaspace   ] GC(700) Metaspace: 9964K(10304K)->9964K(10304K) NonClass: 8663K(8896K)->8663K(8896K) Class: 1301K(1408K)->1301K(1408K)
[300.233s][info][gc             ] GC(700) Pause Young (Allocation Failure) 83M->6M(1443M) 1.222ms
[300.233s][info][gc,cpu         ] GC(700) User=0.00s Sys=0.00s Real=0.00s
[300.561s][info][gc,start       ] GC(701) Pause Young (Allocation Failure)
[300.562s][info][gc,heap        ] GC(701) PSYoungGen: 79360K(79360K)->1056K(79872K) Eden: 78336K(78336K)->0K(78336K) From: 1024K(1024K)->1056K(1536K)
[300.562s][info][gc,heap        ] GC(701) ParOldGen: 6101K(1398272K)->6445K(1398272K)
[300.562s][info][gc,metaspace   ] GC(701) Metaspace: 9964K(10304K)->9964K(10304K) NonClass: 8663K(8896K)->8663K(8896K) Class: 1301K(1408K)->1301K(1408K)
[300.562s][info][gc             ] GC(701) Pause Young (Allocation Failure) 83M->7M(1443M) 1.254ms
[300.562s][info][gc,cpu         ] GC(701) User=0.00s Sys=0.00s Real=0.00s
[300.881s][info][gc,start       ] GC(702) Pause Young (Allocation Failure)
[300.883s][info][gc,heap        ] GC(702) PSYoungGen: 79392K(79872K)->1024K(79360K) Eden: 78336K(78336K)->0K(78336K) From: 1056K(1536K)->1024K(1024K)
[300.883s][info][gc,heap        ] GC(702) ParOldGen: 6445K(1398272K)->6613K(1398272K)
[300.883s][info][gc,metaspace   ] GC(702) Metaspace: 9964K(10304K)->9964K(10304K) NonClass: 8663K(8896K)->8663K(8896K) Class: 1301K(1408K)->1301K(1408K)
[300.883s][info][gc             ] GC(702) Pause Young (Allocation Failure) 83M->7M(1443M) 1.181ms
[300.883s][info][gc,cpu         ] GC(702) User=0.00s Sys=0.00s Real=0.00s
[301.209s][info][gc,start       ] GC(703) Pause Young (Allocation Failure)
[301.210s][info][gc,heap        ] GC(703) PSYoungGen: 79360K(79360K)->864K(79360K) Eden: 78336K(78336K)->0K(78336K) From: 1024K(1024K)->864K(1024K)
[301.211s][info][gc,heap        ] GC(703) ParOldGen: 6613K(1398272K)->7381K(1398272K)
[301.211s][info][gc,metaspace   ] GC(703) Metaspace: 9964K(10304K)->9964K(10304K) NonClass: 8663K(8896K)->8663K(8896K) Class: 1301K(1408K)->1301K(1408K)
[301.211s][info][gc             ] GC(703) Pause Young (Allocation Failure) 83M->8M(1443M) 1.397ms
[301.211s][info][gc,cpu         ] GC(703) User=0.00s Sys=0.00s Real=0.00s
[301.538s][info][gc,start       ] GC(704) Pause Young (Allocation Failure)
[301.539s][info][gc,heap        ] GC(704) PSYoungGen: 79200K(79360K)->1056K(79872K) Eden: 78336K(78336K)->0K(78336K) From: 864K(1024K)->1056K(1536K)
[301.539s][info][gc,heap        ] GC(704) ParOldGen: 7381K(1398272K)->7381K(1398272K)
[301.539s][info][gc,metaspace   ] GC(704) Metaspace: 9964K(10304K)->9964K(10304K) NonClass: 8663K(8896K)->8663K(8896K) Class: 1301K(1408K)->1301K(1408K)
[301.539s][info][gc             ] GC(704) Pause Young (Allocation Failure) 84M->8M(1443M) 1.069ms
[301.539s][info][gc,cpu         ] GC(704) User=0.00s Sys=0.00s Real=0.00s
[301.855s][info][gc,start       ] GC(705) Pause Young (Allocation Failure)
[301.856s][info][gc,heap        ] GC(705) PSYoungGen: 79392K(79872K)->1024K(79360K) Eden: 78336K(78336K)->0K(78336K) From: 1056K(1536K)->1024K(1024K)
[301.856s][info][gc,heap        ] GC(705) ParOldGen: 7381K(1398272K)->7725K(1398272K)
[301.856s][info][gc,metaspace   ] GC(705) Metaspace: 9964K(10304K)->9964K(10304K) NonClass: 8663K(8896K)->8663K(8896K) Class: 1301K(1408K)->1301K(1408K)
[301.856s][info][gc             ] GC(705) Pause Young (Allocation Failure) 84M->8M(1443M) 1.349ms
[301.857s][info][gc,cpu         ] GC(705) User=0.00s Sys=0.00s Real=0.00s
[302.172s][info][gc,start       ] GC(706) Pause Young (Allocation Failure)
[302.173s][info][gc,heap        ] GC(706) PSYoungGen: 79360K(79360K)->1024K(79360K) Eden: 78336K(78336K)->0K(78336K) From: 1024K(1024K)->1024K(1024K)
[302.173s][info][gc,heap        ] GC(706) ParOldGen: 7725K(1398272K)->7749K(1398272K)
[302.173s][info][gc,metaspace   ] GC(706) Metaspace: 9964K(10304K)->9964K(10304K) NonClass: 8663K(8896K)->8663K(8896K) Class: 1301K(1408K)->1301K(1408K)
[302.173s][info][gc             ] GC(706) Pause Young (Allocation Failure) 85M->8M(1443M) 1.066ms
[302.173s][info][gc,cpu         ] GC(706) User=0.00s Sys=0.00s Real=0.00s
[302.491s][info][gc,start       ] GC(707) Pause Young (Allocation Failure)
[302.492s][info][gc,heap        ] GC(707) PSYoungGen: 79360K(79360K)->1056K(79872K) Eden: 78336K(78336K)->0K(78336K) From: 1024K(1024K)->1056K(1536K)
[302.492s][info][gc,heap        ] GC(707) ParOldGen: 7749K(1398272K)->8093K(1398272K)
[302.492s][info][gc,metaspace   ] GC(707) Metaspace: 9964K(10304K)->9964K(10304K) NonClass: 8663K(8896K)->8663K(8896K) Class: 1301K(1408K)->1301K(1408K)
[302.492s][info][gc             ] GC(707) Pause Young (Allocation Failure) 85M->8M(1443M) 1.348ms
[302.492s][info][gc,cpu         ] GC(707) User=0.00s Sys=0.00s Real=0.00s
[302.817s][info][gc,start       ] GC(708) Pause Young (Allocation Failure)
[302.817s][info][gc,heap        ] GC(708) PSYoungGen: 79392K(79872K)->1024K(79360K) Eden: 78336K(78336K)->0K(78336K) From: 1056K(1536K)->1024K(1024K)
[302.817s][info][gc,heap        ] GC(708) ParOldGen: 8093K(1398272K)->8109K(1398272K)
[302.818s][info][gc,metaspace   ] GC(708) Metaspace: 9964K(10304K)->9964K(10304K) NonClass: 8663K(8896K)->8663K(8896K) Class: 1301K(1408K)->1301K(1408K)
[302.818s][info][gc             ] GC(708) Pause Young (Allocation Failure) 85M->8M(1443M) 1.012ms
[302.818s][info][gc,cpu         ] GC(708) User=0.00s Sys=0.00s Real=0.00s
[303.141s][info][gc,start       ] GC(709) Pause Young (Allocation Failure)
[303.142s][info][gc,heap        ] GC(709) PSYoungGen: 79360K(79360K)->1024K(79360K) Eden: 78336K(78336K)->0K(78336K) From: 1024K(1024K)->1024K(1024K)
[303.142s][info][gc,heap        ] GC(709) ParOldGen: 8109K(1398272K)->8325K(1398272K)
[303.142s][info][gc,metaspace   ] GC(709) Metaspace: 9964K(10304K)->9964K(10304K) NonClass: 8663K(8896K)->8663K(8896K) Class: 1301K(1408K)->1301K(1408K)
[303.142s][info][gc             ] GC(709) Pause Young (Allocation Failure) 85M->9M(1443M) 1.248ms
[303.142s][info][gc,cpu         ] GC(709) User=0.00s Sys=0.00s Real=0.00s
[303.462s][info][gc,start       ] GC(710) Pause Young (Allocation Failure)
[303.463s][info][gc,heap        ] GC(710) PSYoungGen: 79360K(79360K)->1056K(79872K) Eden: 78336K(78336K)->0K(78336K) From: 1024K(1024K)->1056K(1536K)
[303.463s][info][gc,heap        ] GC(710) ParOldGen: 8325K(1398272K)->8325K(1398272K)
[303.463s][info][gc,metaspace   ] GC(710) Metaspace: 9964K(10304K)->9964K(10304K) NonClass: 8663K(8896K)->8663K(8896K) Class: 1301K(1408K)->1301K(1408K)
[303.463s][info][gc             ] GC(710) Pause Young (Allocation Failure) 85M->9M(1443M) 1.084ms
[303.463s][info][gc,cpu         ] GC(710) User=0.00s Sys=0.00s Real=0.00s
[303.782s][info][gc,start       ] GC(711) Pause Young (Allocation Failure)
[303.784s][info][gc,heap        ] GC(711) PSYoungGen: 79392K(79872K)->1152K(79872K) Eden: 78336K(78336K)->0K(78336K) From: 1056K(1536K)->1152K(1536K)
[303.784s][info][gc,heap        ] GC(711) ParOldGen: 8325K(1398272K)->8653K(1398272K)
[303.784s][info][gc,metaspace   ] GC(711) Metaspace: 9964K(10304K)->9964K(10304K) NonClass: 8663K(8896K)->8663K(8896K) Class: 1301K(1408K)->1301K(1408K)
[303.784s][info][gc             ] GC(711) Pause Young (Allocation Failure) 85M->9M(1443M) 1.481ms
[303.784s][info][gc,cpu         ] GC(711) User=0.00s Sys=0.00s Real=0.00s
[304.080s][info][gc,start       ] GC(712) Pause Young (Allocation Failure)
[304.081s][info][gc,heap        ] GC(712) PSYoungGen: 79488K(79872K)->512K(78848K) Eden: 78336K(78336K)->0K(78336K) From: 1152K(1536K)->512K(512K)
[304.081s][info][gc,heap        ] GC(712) ParOldGen: 8653K(1398272K)->9165K(1398272K)
[304.081s][info][gc,metaspace   ] GC(712) Metaspace: 9964K(10304K)->9964K(10304K) NonClass: 8663K(8896K)->8663K(8896K) Class: 1301K(1408K)->1301K(1408K)
[304.081s][info][gc             ] GC(712) Pause Young (Allocation Failure) 86M->9M(1442M) 1.173ms
[304.081s][info][gc,cpu         ] GC(712) User=0.00s Sys=0.00s Real=0.00s
[304.404s][info][gc,start       ] GC(713) Pause Young (Allocation Failure)
[304.405s][info][gc,heap        ] GC(713) PSYoungGen: 78848K(78848K)->1056K(79872K) Eden: 78336K(78336K)->0K(78336K) From: 512K(512K)->1056K(1536K)
[304.405s][info][gc,heap        ] GC(713) ParOldGen: 9165K(1398272K)->9533K(1398272K)
[304.405s][info][gc,metaspace   ] GC(713) Metaspace: 9964K(10304K)->9964K(10304K) NonClass: 8663K(8896K)->8663K(8896K) Class: 1301K(1408K)->1301K(1408K)
[304.405s][info][gc             ] GC(713) Pause Young (Allocation Failure) 85M->10M(1443M) 1.207ms
[304.405s][info][gc,cpu         ] GC(713) User=0.00s Sys=0.00s Real=0.00s
[304.729s][info][gc,start       ] GC(714) Pause Young (Allocation Failure)
[304.730s][info][gc,heap        ] GC(714) PSYoungGen: 79392K(79872K)->1056K(79872K) Eden: 78336K(78336K)->0K(78336K) From: 1056K(1536K)->1056K(1536K)
[304.730s][info][gc,heap        ] GC(714) ParOldGen: 9533K(1398272K)->9629K(1398272K)
[304.730s][info][gc,metaspace   ] GC(714) Metaspace: 9964K(10304K)->9964K(10304K) NonClass: 8663K(8896K)->8663K(8896K) Class: 1301K(1408K)->1301K(1408K)
[304.730s][info][gc             ] GC(714) Pause Young (Allocation Failure) 86M->10M(1443M) 1.021ms
[304.730s][info][gc,cpu         ] GC(714) User=0.00s Sys=0.00s Real=0.00s
[305.049s][info][gc,start       ] GC(715) Pause Young (Allocation Failure)
[305.050s][info][gc,heap        ] GC(715) PSYoungGen: 79392K(79872K)->1056K(79872K) Eden: 78336K(78336K)->0K(78336K) From: 1056K(1536K)->1056K(1536K)
[305.050s][info][gc,heap        ] GC(715) ParOldGen: 9629K(1398272K)->9629K(1398272K)
[305.050s][info][gc,metaspace   ] GC(715) Metaspace: 9964K(10304K)->9964K(10304K) NonClass: 8663K(8896K)->8663K(8896K) Class: 1301K(1408K)->1301K(1408K)
[305.050s][info][gc             ] GC(715) Pause Young (Allocation Failure) 86M->10M(1443M) 1.365ms
[305.050s][info][gc,cpu         ] GC(715) User=0.00s Sys=0.00s Real=0.00s
[305.372s][info][gc,start       ] GC(716) Pause Young (Allocation Failure)
[305.373s][info][gc,heap        ] GC(716) PSYoungGen: 79392K(79872K)->512K(78848K) Eden: 78336K(78336K)->0K(78336K) From: 1056K(1536K)->512K(512K)
[305.373s][info][gc,heap        ] GC(716) ParOldGen: 9629K(1398272K)->10101K(1398272K)
[305.373s][info][gc,metaspace   ] GC(716) Metaspace: 9964K(10304K)->9964K(10304K) NonClass: 8663K(8896K)->8663K(8896K) Class: 1301K(1408K)->1301K(1408K)
[305.373s][info][gc             ] GC(716) Pause Young (Allocation Failure) 86M->10M(1442M) 1.210ms
[305.373s][info][gc,cpu         ] GC(716) User=0.00s Sys=0.00s Real=0.00s
[305.385s][info][gc,start       ] GC(717) Pause Young (System.gc())
[305.386s][info][gc,heap        ] GC(717) PSYoungGen: 3636K(78848K)->960K(79872K) Eden: 3124K(78336K)->0K(78336K) From: 512K(512K)->960K(1536K)
[305.386s][info][gc,heap        ] GC(717) ParOldGen: 10101K(1398272K)->10541K(1398272K)
[305.386s][info][gc,metaspace   ] GC(717) Metaspace: 9964K(10304K)->9964K(10304K) NonClass: 8663K(8896K)->8663K(8896K) Class: 1301K(1408K)->1301K(1408K)
[305.386s][info][gc             ] GC(717) Pause Young (System.gc()) 13M->11M(1443M) 1.346ms
[305.386s][info][gc,cpu         ] GC(717) User=0.00s Sys=0.00s Real=0.00s
[305.386s][info][gc,start       ] GC(718) Pause Full (System.gc())
[305.386s][info][gc,phases,start] GC(718) Marking Phase
[305.402s][info][gc,phases      ] GC(718) Marking Phase 15.459ms
[305.402s][info][gc,phases,start] GC(718) Summary Phase
[305.402s][info][gc,phases      ] GC(718) Summary Phase 0.021ms
[305.402s][info][gc,phases,start] GC(718) Adjust Roots
[305.407s][info][gc,phases      ] GC(718) Adjust Roots 4.620ms
[305.407s][info][gc,phases,start] GC(718) Compaction Phase
[305.410s][info][gc,phases      ] GC(718) Compaction Phase 3.532ms
[305.410s][info][gc,phases,start] GC(718) Post Compact
[305.411s][info][gc,phases      ] GC(718) Post Compact 0.789ms
[305.411s][info][gc,heap        ] GC(718) PSYoungGen: 960K(79872K)->0K(79872K) Eden: 0K(78336K)->0K(78336K) From: 960K(1536K)->0K(1536K)
[305.411s][info][gc,heap        ] GC(718) ParOldGen: 10541K(1398272K)->4077K(1398272K)
[305.411s][info][gc,metaspace   ] GC(718) Metaspace: 9964K(10304K)->9964K(10304K) NonClass: 8663K(8896K)->8663K(8896K) Class: 1301K(1408K)->1301K(1408K)
[305.411s][info][gc             ] GC(718) Pause Full (System.gc()) 11M->3M(1443M) 24.728ms
[305.411s][info][gc,cpu         ] GC(718) User=0.02s Sys=0.00s Real=0.02s
[305.734s][info][gc,start       ] GC(719) Pause Young (Allocation Failure)
[305.736s][info][gc,heap        ] GC(719) PSYoungGen: 78336K(79872K)->1536K(79872K) Eden: 78336K(78336K)->0K(78336K) From: 0K(1536K)->1536K(1536K)
[305.736s][info][gc,heap        ] GC(719) ParOldGen: 4077K(1398272K)->4197K(1398272K)
[305.736s][info][gc,metaspace   ] GC(719) Metaspace: 9964K(10304K)->9964K(10304K) NonClass: 8663K(8896K)->8663K(8896K) Class: 1301K(1408K)->1301K(1408K)
[305.736s][info][gc             ] GC(719) Pause Young (Allocation Failure) 80M->5M(1443M) 1.318ms
[305.736s][info][gc,cpu         ] GC(719) User=0.00s Sys=0.00s Real=0.00s
[306.060s][info][gc,start       ] GC(720) Pause Young (Allocation Failure)
[306.062s][info][gc,heap        ] GC(720) PSYoungGen: 79872K(79872K)->1536K(79872K) Eden: 78336K(78336K)->0K(78336K) From: 1536K(1536K)->1536K(1536K)
[306.062s][info][gc,heap        ] GC(720) ParOldGen: 4197K(1398272K)->4637K(1398272K)
[306.062s][info][gc,metaspace   ] GC(720) Metaspace: 9964K(10304K)->9964K(10304K) NonClass: 8663K(8896K)->8663K(8896K) Class: 1301K(1408K)->1301K(1408K)
[306.062s][info][gc             ] GC(720) Pause Young (Allocation Failure) 82M->6M(1443M) 1.668ms
[306.062s][info][gc,cpu         ] GC(720) User=0.00s Sys=0.00s Real=0.00s
[306.385s][info][gc,start       ] GC(721) Pause Young (Allocation Failure)
[306.386s][info][gc,heap        ] GC(721) PSYoungGen: 79872K(79872K)->512K(78848K) Eden: 78336K(78336K)->0K(78336K) From: 1536K(1536K)->512K(512K)
[306.386s][info][gc,heap        ] GC(721) ParOldGen: 4637K(1398272K)->5325K(1398272K)
[306.386s][info][gc,metaspace   ] GC(721) Metaspace: 9964K(10304K)->9964K(10304K) NonClass: 8663K(8896K)->8663K(8896K) Class: 1301K(1408K)->1301K(1408K)
[306.386s][info][gc             ] GC(721) Pause Young (Allocation Failure) 82M->5M(1442M) 1.332ms
[306.386s][info][gc,cpu         ] GC(721) User=0.00s Sys=0.00s Real=0.00s
[306.708s][info][gc,start       ] GC(722) Pause Young (Allocation Failure)
[306.709s][info][gc,heap        ] GC(722) PSYoungGen: 78848K(78848K)->1152K(80384K) Eden: 78336K(78336K)->0K(78336K) From: 512K(512K)->1152K(2048K)
[306.709s][info][gc,heap        ] GC(722) ParOldGen: 5325K(1398272K)->5925K(1398272K)
[306.709s][info][gc,metaspace   ] GC(722) Metaspace: 9964K(10304K)->9964K(10304K) NonClass: 8663K(8896K)->8663K(8896K) Class: 1301K(1408K)->1301K(1408K)
[306.709s][info][gc             ] GC(722) Pause Young (Allocation Failure) 82M->6M(1444M) 1.290ms
[306.709s][info][gc,cpu         ] GC(722) User=0.00s Sys=0.00s Real=0.00s
[307.034s][info][gc,start       ] GC(723) Pause Young (Allocation Failure)
[307.035s][info][gc,heap        ] GC(723) PSYoungGen: 79488K(80384K)->1056K(79872K) Eden: 78336K(78336K)->0K(78336K) From: 1152K(2048K)->1056K(1536K)
[307.035s][info][gc,heap        ] GC(723) ParOldGen: 5925K(1398272K)->6021K(1398272K)
[307.035s][info][gc,metaspace   ] GC(723) Metaspace: 9964K(10304K)->9964K(10304K) NonClass: 8663K(8896K)->8663K(8896K) Class: 1301K(1408K)->1301K(1408K)
[307.035s][info][gc             ] GC(723) Pause Young (Allocation Failure) 83M->6M(1443M) 1.221ms
[307.035s][info][gc,cpu         ] GC(723) User=0.00s Sys=0.00s Real=0.00s
[307.361s][info][gc,start       ] GC(724) Pause Young (Allocation Failure)
[307.362s][info][gc,heap        ] GC(724) PSYoungGen: 79392K(79872K)->1088K(79872K) Eden: 78336K(78336K)->0K(78336K) From: 1056K(1536K)->1088K(1536K)
[307.362s][info][gc,heap        ] GC(724) ParOldGen: 6021K(1398272K)->6021K(1398272K)
[307.362s][info][gc,metaspace   ] GC(724) Metaspace: 9964K(10304K)->9964K(10304K) NonClass: 8663K(8896K)->8663K(8896K) Class: 1301K(1408K)->1301K(1408K)
[307.362s][info][gc             ] GC(724) Pause Young (Allocation Failure) 83M->6M(1443M) 1.362ms
[307.362s][info][gc,cpu         ] GC(724) User=0.00s Sys=0.00s Real=0.00s
[307.669s][info][gc,start       ] GC(725) Pause Young (Allocation Failure)
[307.670s][info][gc,heap        ] GC(725) PSYoungGen: 79424K(79872K)->1120K(79872K) Eden: 78336K(78336K)->0K(78336K) From: 1088K(1536K)->1120K(1536K)
[307.670s][info][gc,heap        ] GC(725) ParOldGen: 6021K(1398272K)->6141K(1398272K)
[307.670s][info][gc,metaspace   ] GC(725) Metaspace: 9964K(10304K)->9964K(10304K) NonClass: 8663K(8896K)->8663K(8896K) Class: 1301K(1408K)->1301K(1408K)
[307.670s][info][gc             ] GC(725) Pause Young (Allocation Failure) 83M->7M(1443M) 1.106ms
[307.670s][info][gc,cpu         ] GC(725) User=0.00s Sys=0.00s Real=0.00s
[307.994s][info][gc,start       ] GC(726) Pause Young (Allocation Failure)
[307.996s][info][gc,heap        ] GC(726) PSYoungGen: 79456K(79872K)->1088K(79872K) Eden: 78336K(78336K)->0K(78336K) From: 1120K(1536K)->1088K(1536K)
[307.996s][info][gc,heap        ] GC(726) ParOldGen: 6141K(1398272K)->6653K(1398272K)
[307.996s][info][gc,metaspace   ] GC(726) Metaspace: 9964K(10304K)->9964K(10304K) NonClass: 8663K(8896K)->8663K(8896K) Class: 1301K(1408K)->1301K(1408K)
[307.996s][info][gc             ] GC(726) Pause Young (Allocation Failure) 83M->7M(1443M) 1.518ms
[307.996s][info][gc,cpu         ] GC(726) User=0.00s Sys=0.00s Real=0.00s
[308.315s][info][gc,start       ] GC(727) Pause Young (Allocation Failure)
[308.316s][info][gc,heap        ] GC(727) PSYoungGen: 79424K(79872K)->1056K(79872K) Eden: 78336K(78336K)->0K(78336K) From: 1088K(1536K)->1056K(1536K)
[308.316s][info][gc,heap        ] GC(727) ParOldGen: 6653K(1398272K)->6653K(1398272K)
[308.316s][info][gc,metaspace   ] GC(727) Metaspace: 9964K(10304K)->9964K(10304K) NonClass: 8663K(8896K)->8663K(8896K) Class: 1301K(1408K)->1301K(1408K)
[308.316s][info][gc             ] GC(727) Pause Young (Allocation Failure) 84M->7M(1443M) 1.081ms
[308.316s][info][gc,cpu         ] GC(727) User=0.00s Sys=0.00s Real=0.00s
[308.635s][info][gc,start       ] GC(728) Pause Young (Allocation Failure)
[308.636s][info][gc,heap        ] GC(728) PSYoungGen: 79392K(79872K)->1056K(79872K) Eden: 78336K(78336K)->0K(78336K) From: 1056K(1536K)->1056K(1536K)
[308.637s][info][gc,heap        ] GC(728) ParOldGen: 6653K(1398272K)->6653K(1398272K)
[308.637s][info][gc,metaspace   ] GC(728) Metaspace: 9964K(10304K)->9964K(10304K) NonClass: 8663K(8896K)->8663K(8896K) Class: 1301K(1408K)->1301K(1408K)
[308.637s][info][gc             ] GC(728) Pause Young (Allocation Failure) 84M->7M(1443M) 1.319ms
[308.637s][info][gc,cpu         ] GC(728) User=0.00s Sys=0.00s Real=0.00s
[308.953s][info][gc,start       ] GC(729) Pause Young (Allocation Failure)
[308.954s][info][gc,heap        ] GC(729) PSYoungGen: 79392K(79872K)->512K(78848K) Eden: 78336K(78336K)->0K(78336K) From: 1056K(1536K)->512K(512K)
[308.954s][info][gc,heap        ] GC(729) ParOldGen: 6653K(1398272K)->6893K(1398272K)
[308.954s][info][gc,metaspace   ] GC(729) Metaspace: 9964K(10304K)->9964K(10304K) NonClass: 8663K(8896K)->8663K(8896K) Class: 1301K(1408K)->1301K(1408K)
[308.954s][info][gc             ] GC(729) Pause Young (Allocation Failure) 84M->7M(1442M) 1.068ms
[308.954s][info][gc,cpu         ] GC(729) User=0.00s Sys=0.00s Real=0.00s
[309.274s][info][gc,start       ] GC(730) Pause Young (Allocation Failure)
[309.276s][info][gc,heap        ] GC(730) PSYoungGen: 78848K(78848K)->992K(79872K) Eden: 78336K(78336K)->0K(78336K) From: 512K(512K)->992K(1536K)
[309.276s][info][gc,heap        ] GC(730) ParOldGen: 6893K(1398272K)->7285K(1398272K)
[309.276s][info][gc,metaspace   ] GC(730) Metaspace: 9964K(10304K)->9964K(10304K) NonClass: 8663K(8896K)->8663K(8896K) Class: 1301K(1408K)->1301K(1408K)
[309.276s][info][gc             ] GC(730) Pause Young (Allocation Failure) 83M->8M(1443M) 2.001ms
[309.276s][info][gc,cpu         ] GC(730) User=0.00s Sys=0.00s Real=0.00s
[309.587s][info][gc,start       ] GC(731) Pause Young (Allocation Failure)
[309.588s][info][gc,heap        ] GC(731) PSYoungGen: 79328K(79872K)->1056K(79872K) Eden: 78336K(78336K)->0K(78336K) From: 992K(1536K)->1056K(1536K)
[309.588s][info][gc,heap        ] GC(731) ParOldGen: 7285K(1398272K)->7309K(1398272K)
[309.588s][info][gc,metaspace   ] GC(731) Metaspace: 9964K(10304K)->9964K(10304K) NonClass: 8663K(8896K)->8663K(8896K) Class: 1301K(1408K)->1301K(1408K)
[309.588s][info][gc             ] GC(731) Pause Young (Allocation Failure) 84M->8M(1443M) 1.008ms
[309.588s][info][gc,cpu         ] GC(731) User=0.00s Sys=0.00s Real=0.00s
[309.913s][info][gc,start       ] GC(732) Pause Young (Allocation Failure)
[309.915s][info][gc,heap        ] GC(732) PSYoungGen: 79392K(79872K)->1056K(79872K) Eden: 78336K(78336K)->0K(78336K) From: 1056K(1536K)->1056K(1536K)
[309.915s][info][gc,heap        ] GC(732) ParOldGen: 7309K(1398272K)->7309K(1398272K)
[309.915s][info][gc,metaspace   ] GC(732) Metaspace: 9964K(10304K)->9964K(10304K) NonClass: 8663K(8896K)->8663K(8896K) Class: 1301K(1408K)->1301K(1408K)
[309.915s][info][gc             ] GC(732) Pause Young (Allocation Failure) 84M->8M(1443M) 1.414ms
[309.915s][info][gc,cpu         ] GC(732) User=0.02s Sys=0.00s Real=0.02s
[310.238s][info][gc,start       ] GC(733) Pause Young (Allocation Failure)
[310.239s][info][gc,heap        ] GC(733) PSYoungGen: 79392K(79872K)->512K(78848K) Eden: 78336K(78336K)->0K(78336K) From: 1056K(1536K)->512K(512K)
[310.239s][info][gc,heap        ] GC(733) ParOldGen: 7309K(1398272K)->7557K(1398272K)
[310.239s][info][gc,metaspace   ] GC(733) Metaspace: 9964K(10304K)->9964K(10304K) NonClass: 8663K(8896K)->8663K(8896K) Class: 1301K(1408K)->1301K(1408K)
[310.239s][info][gc             ] GC(733) Pause Young (Allocation Failure) 84M->7M(1442M) 1.072ms
[310.239s][info][gc,cpu         ] GC(733) User=0.00s Sys=0.00s Real=0.00s
[310.546s][info][gc,start       ] GC(734) Pause Young (Allocation Failure)
[310.548s][info][gc,heap        ] GC(734) PSYoungGen: 78848K(78848K)->960K(79872K) Eden: 78336K(78336K)->0K(78336K) From: 512K(512K)->960K(1536K)
[310.548s][info][gc,heap        ] GC(734) ParOldGen: 7557K(1398272K)->7877K(1398272K)
[310.548s][info][gc,metaspace   ] GC(734) Metaspace: 9964K(10304K)->9964K(10304K) NonClass: 8663K(8896K)->8663K(8896K) Class: 1301K(1408K)->1301K(1408K)
[310.548s][info][gc             ] GC(734) Pause Young (Allocation Failure) 84M->8M(1443M) 1.412ms
[310.548s][info][gc,cpu         ] GC(734) User=0.00s Sys=0.00s Real=0.00s
[310.874s][info][gc,start       ] GC(735) Pause Young (Allocation Failure)
[310.875s][info][gc,heap        ] GC(735) PSYoungGen: 79296K(79872K)->1056K(79872K) Eden: 78336K(78336K)->0K(78336K) From: 960K(1536K)->1056K(1536K)
[310.875s][info][gc,heap        ] GC(735) ParOldGen: 7877K(1398272K)->7965K(1398272K)
[310.875s][info][gc,metaspace   ] GC(735) Metaspace: 9964K(10304K)->9964K(10304K) NonClass: 8663K(8896K)->8663K(8896K) Class: 1301K(1408K)->1301K(1408K)
[310.875s][info][gc             ] GC(735) Pause Young (Allocation Failure) 85M->8M(1443M) 1.112ms
[310.875s][info][gc,cpu         ] GC(735) User=0.00s Sys=0.00s Real=0.00s
[311.189s][info][gc,start       ] GC(736) Pause Young (Allocation Failure)
[311.191s][info][gc,heap        ] GC(736) PSYoungGen: 79392K(79872K)->1024K(79360K) Eden: 78336K(78336K)->0K(78336K) From: 1056K(1536K)->1024K(1024K)
[311.191s][info][gc,heap        ] GC(736) ParOldGen: 7965K(1398272K)->8317K(1398272K)
[311.191s][info][gc,metaspace   ] GC(736) Metaspace: 9964K(10304K)->9964K(10304K) NonClass: 8663K(8896K)->8663K(8896K) Class: 1301K(1408K)->1301K(1408K)
[311.191s][info][gc             ] GC(736) Pause Young (Allocation Failure) 85M->9M(1443M) 1.442ms
[311.191s][info][gc,cpu         ] GC(736) User=0.00s Sys=0.00s Real=0.00s
[311.501s][info][gc,start       ] GC(737) Pause Young (Allocation Failure)
[311.502s][info][gc,heap        ] GC(737) PSYoungGen: 79360K(79360K)->1024K(79360K) Eden: 78336K(78336K)->0K(78336K) From: 1024K(1024K)->1024K(1024K)
[311.502s][info][gc,heap        ] GC(737) ParOldGen: 8317K(1398272K)->8333K(1398272K)
[311.502s][info][gc,metaspace   ] GC(737) Metaspace: 9964K(10304K)->9964K(10304K) NonClass: 8663K(8896K)->8663K(8896K) Class: 1301K(1408K)->1301K(1408K)
[311.502s][info][gc             ] GC(737) Pause Young (Allocation Failure) 85M->9M(1443M) 1.092ms
[311.502s][info][gc,cpu         ] GC(737) User=0.00s Sys=0.00s Real=0.00s
[311.823s][info][gc,start       ] GC(738) Pause Young (Allocation Failure)
[311.824s][info][gc,heap        ] GC(738) PSYoungGen: 79360K(79360K)->1024K(79360K) Eden: 78336K(78336K)->0K(78336K) From: 1024K(1024K)->1024K(1024K)
[311.824s][info][gc,heap        ] GC(738) ParOldGen: 8333K(1398272K)->8557K(1398272K)
[311.824s][info][gc,metaspace   ] GC(738) Metaspace: 9964K(10304K)->9964K(10304K) NonClass: 8663K(8896K)->8663K(8896K) Class: 1301K(1408K)->1301K(1408K)
[311.824s][info][gc             ] GC(738) Pause Young (Allocation Failure) 85M->9M(1443M) 1.551ms
[311.824s][info][gc,cpu         ] GC(738) User=0.00s Sys=0.00s Real=0.00s
[312.108s][info][gc,start       ] GC(739) Pause Young (System.gc())
[312.109s][info][gc,heap        ] GC(739) PSYoungGen: 68363K(79360K)->1056K(79872K) Eden: 67339K(78336K)->0K(78336K) From: 1024K(1024K)->1056K(1536K)
[312.109s][info][gc,heap        ] GC(739) ParOldGen: 8557K(1398272K)->8557K(1398272K)
[312.109s][info][gc,metaspace   ] GC(739) Metaspace: 9964K(10304K)->9964K(10304K) NonClass: 8663K(8896K)->8663K(8896K) Class: 1301K(1408K)->1301K(1408K)
[312.109s][info][gc             ] GC(739) Pause Young (System.gc()) 75M->9M(1443M) 1.014ms
[312.109s][info][gc,cpu         ] GC(739) User=0.00s Sys=0.00s Real=0.00s
[312.109s][info][gc,start       ] GC(740) Pause Full (System.gc())
[312.109s][info][gc,phases,start] GC(740) Marking Phase
[312.126s][info][gc,phases      ] GC(740) Marking Phase 16.845ms
[312.126s][info][gc,phases,start] GC(740) Summary Phase
[312.126s][info][gc,phases      ] GC(740) Summary Phase 0.027ms
[312.126s][info][gc,phases,start] GC(740) Adjust Roots
[312.130s][info][gc,phases      ] GC(740) Adjust Roots 3.317ms
[312.130s][info][gc,phases,start] GC(740) Compaction Phase
[312.134s][info][gc,phases      ] GC(740) Compaction Phase 3.971ms
[312.134s][info][gc,phases,start] GC(740) Post Compact
[312.134s][info][gc,phases      ] GC(740) Post Compact 0.713ms
[312.134s][info][gc,heap        ] GC(740) PSYoungGen: 1056K(79872K)->0K(79872K) Eden: 0K(78336K)->0K(78336K) From: 1056K(1536K)->0K(1536K)
[312.134s][info][gc,heap        ] GC(740) ParOldGen: 8557K(1398272K)->4077K(1398272K)
[312.134s][info][gc,metaspace   ] GC(740) Metaspace: 9964K(10304K)->9964K(10304K) NonClass: 8663K(8896K)->8663K(8896K) Class: 1301K(1408K)->1301K(1408K)
[312.134s][info][gc             ] GC(740) Pause Full (System.gc()) 9M->3M(1443M) 25.128ms
[312.134s][info][gc,cpu         ] GC(740) User=0.02s Sys=0.00s Real=0.02s
[312.466s][info][gc,start       ] GC(741) Pause Young (Allocation Failure)
[312.468s][info][gc,heap        ] GC(741) PSYoungGen: 78336K(79872K)->1536K(79872K) Eden: 78336K(78336K)->0K(78336K) From: 0K(1536K)->1536K(1536K)
[312.468s][info][gc,heap        ] GC(741) ParOldGen: 4077K(1398272K)->4141K(1398272K)
[312.468s][info][gc,metaspace   ] GC(741) Metaspace: 9964K(10304K)->9964K(10304K) NonClass: 8663K(8896K)->8663K(8896K) Class: 1301K(1408K)->1301K(1408K)
[312.468s][info][gc             ] GC(741) Pause Young (Allocation Failure) 80M->5M(1443M) 1.569ms
[312.468s][info][gc,cpu         ] GC(741) User=0.00s Sys=0.00s Real=0.00s
[312.793s][info][gc,start       ] GC(742) Pause Young (Allocation Failure)
[312.794s][info][gc,heap        ] GC(742) PSYoungGen: 79872K(79872K)->512K(78848K) Eden: 78336K(78336K)->0K(78336K) From: 1536K(1536K)->512K(512K)
[312.794s][info][gc,heap        ] GC(742) ParOldGen: 4141K(1398272K)->5077K(1398272K)
[312.794s][info][gc,metaspace   ] GC(742) Metaspace: 9964K(10304K)->9964K(10304K) NonClass: 8663K(8896K)->8663K(8896K) Class: 1301K(1408K)->1301K(1408K)
[312.794s][info][gc             ] GC(742) Pause Young (Allocation Failure) 82M->5M(1442M) 1.487ms
[312.794s][info][gc,cpu         ] GC(742) User=0.00s Sys=0.00s Real=0.00s
[313.109s][info][gc,start       ] GC(743) Pause Young (Allocation Failure)
[313.111s][info][gc,heap        ] GC(743) PSYoungGen: 78848K(78848K)->1376K(80384K) Eden: 78336K(78336K)->0K(78336K) From: 512K(512K)->1376K(2048K)
[313.111s][info][gc,heap        ] GC(743) ParOldGen: 5077K(1398272K)->5709K(1398272K)
[313.111s][info][gc,metaspace   ] GC(743) Metaspace: 9964K(10304K)->9964K(10304K) NonClass: 8663K(8896K)->8663K(8896K) Class: 1301K(1408K)->1301K(1408K)
[313.111s][info][gc             ] GC(743) Pause Young (Allocation Failure) 81M->6M(1444M) 1.375ms
[313.111s][info][gc,cpu         ] GC(743) User=0.00s Sys=0.00s Real=0.00s
[313.433s][info][gc,start       ] GC(744) Pause Young (Allocation Failure)
[313.434s][info][gc,heap        ] GC(744) PSYoungGen: 79712K(80384K)->1344K(79872K) Eden: 78336K(78336K)->0K(78336K) From: 1376K(2048K)->1344K(1536K)
[313.434s][info][gc,heap        ] GC(744) ParOldGen: 5709K(1398272K)->6149K(1398272K)
[313.434s][info][gc,metaspace   ] GC(744) Metaspace: 9964K(10304K)->9964K(10304K) NonClass: 8663K(8896K)->8663K(8896K) Class: 1301K(1408K)->1301K(1408K)
[313.434s][info][gc             ] GC(744) Pause Young (Allocation Failure) 83M->7M(1443M) 1.386ms
[313.434s][info][gc,cpu         ] GC(744) User=0.52s Sys=0.00s Real=0.02s
[313.761s][info][gc,start       ] GC(745) Pause Young (Allocation Failure)
[313.762s][info][gc,heap        ] GC(745) PSYoungGen: 79680K(79872K)->992K(79360K) Eden: 78336K(78336K)->0K(78336K) From: 1344K(1536K)->992K(1024K)
[313.762s][info][gc,heap        ] GC(745) ParOldGen: 6149K(1398272K)->6661K(1398272K)
[313.763s][info][gc,metaspace   ] GC(745) Metaspace: 9964K(10304K)->9964K(10304K) NonClass: 8663K(8896K)->8663K(8896K) Class: 1301K(1408K)->1301K(1408K)
[313.763s][info][gc             ] GC(745) Pause Young (Allocation Failure) 83M->7M(1443M) 1.430ms
[313.763s][info][gc,cpu         ] GC(745) User=0.00s Sys=0.00s Real=0.00s
[314.073s][info][gc,start       ] GC(746) Pause Young (Allocation Failure)
[314.074s][info][gc,heap        ] GC(746) PSYoungGen: 79328K(79360K)->1152K(79872K) Eden: 78336K(78336K)->0K(78336K) From: 992K(1024K)->1152K(1536K)
[314.074s][info][gc,heap        ] GC(746) ParOldGen: 6661K(1398272K)->6749K(1398272K)
[314.074s][info][gc,metaspace   ] GC(746) Metaspace: 9964K(10304K)->9964K(10304K) NonClass: 8663K(8896K)->8663K(8896K) Class: 1301K(1408K)->1301K(1408K)
[314.074s][info][gc             ] GC(746) Pause Young (Allocation Failure) 83M->7M(1443M) 1.376ms
[314.074s][info][gc,cpu         ] GC(746) User=0.00s Sys=0.00s Real=0.00s
[314.393s][info][gc,start       ] GC(747) Pause Young (Allocation Failure)
[314.394s][info][gc,heap        ] GC(747) PSYoungGen: 79488K(79872K)->1056K(79872K) Eden: 78336K(78336K)->0K(78336K) From: 1152K(1536K)->1056K(1536K)
[314.394s][info][gc,heap        ] GC(747) ParOldGen: 6749K(1398272K)->7245K(1398272K)
[314.395s][info][gc,metaspace   ] GC(747) Metaspace: 9964K(10304K)->9964K(10304K) NonClass: 8663K(8896K)->8663K(8896K) Class: 1301K(1408K)->1301K(1408K)
[314.395s][info][gc             ] GC(747) Pause Young (Allocation Failure) 84M->8M(1443M) 1.546ms
[314.395s][info][gc,cpu         ] GC(747) User=0.00s Sys=0.00s Real=0.00s
[314.720s][info][gc,start       ] GC(748) Pause Young (Allocation Failure)
[314.721s][info][gc,heap        ] GC(748) PSYoungGen: 79392K(79872K)->1056K(79872K) Eden: 78336K(78336K)->0K(78336K) From: 1056K(1536K)->1056K(1536K)
[314.721s][info][gc,heap        ] GC(748) ParOldGen: 7245K(1398272K)->7277K(1398272K)
[314.721s][info][gc,metaspace   ] GC(748) Metaspace: 9964K(10304K)->9964K(10304K) NonClass: 8663K(8896K)->8663K(8896K) Class: 1301K(1408K)->1301K(1408K)
[314.721s][info][gc             ] GC(748) Pause Young (Allocation Failure) 84M->8M(1443M) 1.059ms
[314.721s][info][gc,cpu         ] GC(748) User=0.00s Sys=0.00s Real=0.00s
[315.039s][info][gc,start       ] GC(749) Pause Young (Allocation Failure)
[315.040s][info][gc,heap        ] GC(749) PSYoungGen: 79392K(79872K)->1056K(79872K) Eden: 78336K(78336K)->0K(78336K) From: 1056K(1536K)->1056K(1536K)
[315.040s][info][gc,heap        ] GC(749) ParOldGen: 7277K(1398272K)->7605K(1398272K)
[315.040s][info][gc,metaspace   ] GC(749) Metaspace: 9964K(10304K)->9964K(10304K) NonClass: 8663K(8896K)->8663K(8896K) Class: 1301K(1408K)->1301K(1408K)
[315.040s][info][gc             ] GC(749) Pause Young (Allocation Failure) 84M->8M(1443M) 1.398ms
[315.040s][info][gc,cpu         ] GC(749) User=0.00s Sys=0.00s Real=0.00s
[315.363s][info][gc,start       ] GC(750) Pause Young (Allocation Failure)
[315.364s][info][gc,heap        ] GC(750) PSYoungGen: 79392K(79872K)->512K(78848K) Eden: 78336K(78336K)->0K(78336K) From: 1056K(1536K)->512K(512K)
[315.364s][info][gc,heap        ] GC(750) ParOldGen: 7605K(1398272K)->7837K(1398272K)
[315.364s][info][gc,metaspace   ] GC(750) Metaspace: 9964K(10304K)->9964K(10304K) NonClass: 8663K(8896K)->8663K(8896K) Class: 1301K(1408K)->1301K(1408K)
[315.364s][info][gc             ] GC(750) Pause Young (Allocation Failure) 84M->8M(1442M) 1.093ms
[315.364s][info][gc,cpu         ] GC(750) User=0.00s Sys=0.00s Real=0.00s
[315.684s][info][gc,start       ] GC(751) Pause Young (Allocation Failure)
[315.687s][info][gc,heap        ] GC(751) PSYoungGen: 78848K(78848K)->960K(79872K) Eden: 78336K(78336K)->0K(78336K) From: 512K(512K)->960K(1536K)
[315.687s][info][gc,heap        ] GC(751) ParOldGen: 7837K(1398272K)->8277K(1398272K)
[315.687s][info][gc,metaspace   ] GC(751) Metaspace: 9964K(10304K)->9964K(10304K) NonClass: 8663K(8896K)->8663K(8896K) Class: 1301K(1408K)->1301K(1408K)
[315.687s][info][gc             ] GC(751) Pause Young (Allocation Failure) 84M->9M(1443M) 2.599ms
[315.687s][info][gc,cpu         ] GC(751) User=0.00s Sys=0.00s Real=0.00s
[316.008s][info][gc,start       ] GC(752) Pause Young (Allocation Failure)
[316.009s][info][gc,heap        ] GC(752) PSYoungGen: 79296K(79872K)->1120K(79872K) Eden: 78336K(78336K)->0K(78336K) From: 960K(1536K)->1120K(1536K)
[316.009s][info][gc,heap        ] GC(752) ParOldGen: 8277K(1398272K)->8309K(1398272K)
[316.009s][info][gc,metaspace   ] GC(752) Metaspace: 9964K(10304K)->9964K(10304K) NonClass: 8663K(8896K)->8663K(8896K) Class: 1301K(1408K)->1301K(1408K)
[316.009s][info][gc             ] GC(752) Pause Young (Allocation Failure) 85M->9M(1443M) 1.117ms
[316.009s][info][gc,cpu         ] GC(752) User=0.00s Sys=0.00s Real=0.00s
[316.332s][info][gc,start       ] GC(753) Pause Young (Allocation Failure)
[316.333s][info][gc,heap        ] GC(753) PSYoungGen: 79456K(79872K)->1024K(79360K) Eden: 78336K(78336K)->0K(78336K) From: 1120K(1536K)->1024K(1024K)
[316.333s][info][gc,heap        ] GC(753) ParOldGen: 8309K(1398272K)->8677K(1398272K)
[316.333s][info][gc,metaspace   ] GC(753) Metaspace: 9964K(10304K)->9964K(10304K) NonClass: 8663K(8896K)->8663K(8896K) Class: 1301K(1408K)->1301K(1408K)
[316.333s][info][gc             ] GC(753) Pause Young (Allocation Failure) 85M->9M(1443M) 1.465ms
[316.333s][info][gc,cpu         ] GC(753) User=0.00s Sys=0.00s Real=0.00s
[316.654s][info][gc,start       ] GC(754) Pause Young (Allocation Failure)
[316.655s][info][gc,heap        ] GC(754) PSYoungGen: 79360K(79360K)->1024K(79360K) Eden: 78336K(78336K)->0K(78336K) From: 1024K(1024K)->1024K(1024K)
[316.655s][info][gc,heap        ] GC(754) ParOldGen: 8677K(1398272K)->8693K(1398272K)
[316.655s][info][gc,metaspace   ] GC(754) Metaspace: 9964K(10304K)->9964K(10304K) NonClass: 8663K(8896K)->8663K(8896K) Class: 1301K(1408K)->1301K(1408K)
[316.655s][info][gc             ] GC(754) Pause Young (Allocation Failure) 85M->9M(1443M) 0.966ms
[316.655s][info][gc,cpu         ] GC(754) User=0.00s Sys=0.00s Real=0.00s
[316.973s][info][gc,start       ] GC(755) Pause Young (Allocation Failure)
[316.974s][info][gc,heap        ] GC(755) PSYoungGen: 79360K(79360K)->1024K(79360K) Eden: 78336K(78336K)->0K(78336K) From: 1024K(1024K)->1024K(1024K)
[316.974s][info][gc,heap        ] GC(755) ParOldGen: 8693K(1398272K)->8997K(1398272K)
[316.974s][info][gc,metaspace   ] GC(755) Metaspace: 9964K(10304K)->9964K(10304K) NonClass: 8663K(8896K)->8663K(8896K) Class: 1301K(1408K)->1301K(1408K)
[316.974s][info][gc             ] GC(755) Pause Young (Allocation Failure) 85M->9M(1443M) 1.277ms
[316.974s][info][gc,cpu         ] GC(755) User=0.00s Sys=0.00s Real=0.00s
[317.288s][info][gc,start       ] GC(756) Pause Young (Allocation Failure)
[317.289s][info][gc,heap        ] GC(756) PSYoungGen: 79360K(79360K)->1056K(79872K) Eden: 78336K(78336K)->0K(78336K) From: 1024K(1024K)->1056K(1536K)
[317.289s][info][gc,heap        ] GC(756) ParOldGen: 8997K(1398272K)->9117K(1398272K)
[317.289s][info][gc,metaspace   ] GC(756) Metaspace: 9964K(10304K)->9964K(10304K) NonClass: 8663K(8896K)->8663K(8896K) Class: 1301K(1408K)->1301K(1408K)
[317.289s][info][gc             ] GC(756) Pause Young (Allocation Failure) 86M->9M(1443M) 1.025ms
[317.289s][info][gc,cpu         ] GC(756) User=0.00s Sys=0.00s Real=0.00s
[317.611s][info][gc,start       ] GC(757) Pause Young (Allocation Failure)
[317.612s][info][gc,heap        ] GC(757) PSYoungGen: 79392K(79872K)->1056K(79872K) Eden: 78336K(78336K)->0K(78336K) From: 1056K(1536K)->1056K(1536K)
[317.612s][info][gc,heap        ] GC(757) ParOldGen: 9117K(1398272K)->9117K(1398272K)
[317.612s][info][gc,metaspace   ] GC(757) Metaspace: 9964K(10304K)->9964K(10304K) NonClass: 8663K(8896K)->8663K(8896K) Class: 1301K(1408K)->1301K(1408K)
[317.612s][info][gc             ] GC(757) Pause Young (Allocation Failure) 86M->9M(1443M) 1.386ms
[317.612s][info][gc,cpu         ] GC(757) User=0.00s Sys=0.00s Real=0.00s
[317.926s][info][gc,start       ] GC(758) Pause Young (Allocation Failure)
[317.927s][info][gc,heap        ] GC(758) PSYoungGen: 79392K(79872K)->512K(78848K) Eden: 78336K(78336K)->0K(78336K) From: 1056K(1536K)->512K(512K)
[317.927s][info][gc,heap        ] GC(758) ParOldGen: 9117K(1398272K)->9365K(1398272K)
[317.927s][info][gc,metaspace   ] GC(758) Metaspace: 9964K(10304K)->9964K(10304K) NonClass: 8663K(8896K)->8663K(8896K) Class: 1301K(1408K)->1301K(1408K)
[317.927s][info][gc             ] GC(758) Pause Young (Allocation Failure) 86M->9M(1442M) 1.068ms
[317.927s][info][gc,cpu         ] GC(758) User=0.00s Sys=0.00s Real=0.00s
[318.243s][info][gc,start       ] GC(759) Pause Young (Allocation Failure)
[318.245s][info][gc,heap        ] GC(759) PSYoungGen: 78848K(78848K)->1024K(79872K) Eden: 78336K(78336K)->0K(78336K) From: 512K(512K)->1024K(1536K)
[318.245s][info][gc,heap        ] GC(759) ParOldGen: 9365K(1398272K)->9765K(1398272K)
[318.245s][info][gc,metaspace   ] GC(759) Metaspace: 9964K(10304K)->9964K(10304K) NonClass: 8663K(8896K)->8663K(8896K) Class: 1301K(1408K)->1301K(1408K)
[318.245s][info][gc             ] GC(759) Pause Young (Allocation Failure) 86M->10M(1443M) 2.033ms
[318.245s][info][gc,cpu         ] GC(759) User=0.00s Sys=0.00s Real=0.00s
[318.566s][info][gc,start       ] GC(760) Pause Young (Allocation Failure)
[318.567s][info][gc,heap        ] GC(760) PSYoungGen: 79360K(79872K)->1056K(79872K) Eden: 78336K(78336K)->0K(78336K) From: 1024K(1536K)->1056K(1536K)
[318.567s][info][gc,heap        ] GC(760) ParOldGen: 9765K(1398272K)->9909K(1398272K)
[318.567s][info][gc,metaspace   ] GC(760) Metaspace: 9964K(10304K)->9964K(10304K) NonClass: 8663K(8896K)->8663K(8896K) Class: 1301K(1408K)->1301K(1408K)
[318.567s][info][gc             ] GC(760) Pause Young (Allocation Failure) 87M->10M(1443M) 1.067ms
[318.567s][info][gc,cpu         ] GC(760) User=0.00s Sys=0.00s Real=0.00s
[318.866s][info][gc,start       ] GC(761) Pause Young (System.gc())
[318.867s][info][gc,heap        ] GC(761) PSYoungGen: 73366K(79872K)->1056K(79872K) Eden: 72310K(78336K)->0K(78336K) From: 1056K(1536K)->1056K(1536K)
[318.867s][info][gc,heap        ] GC(761) ParOldGen: 9909K(1398272K)->10053K(1398272K)
[318.867s][info][gc,metaspace   ] GC(761) Metaspace: 9964K(10304K)->9964K(10304K) NonClass: 8663K(8896K)->8663K(8896K) Class: 1301K(1408K)->1301K(1408K)
[318.867s][info][gc             ] GC(761) Pause Young (System.gc()) 81M->10M(1443M) 1.273ms
[318.867s][info][gc,cpu         ] GC(761) User=0.00s Sys=0.00s Real=0.00s
[318.867s][info][gc,start       ] GC(762) Pause Full (System.gc())
[318.867s][info][gc,phases,start] GC(762) Marking Phase
[318.884s][info][gc,phases      ] GC(762) Marking Phase 16.773ms
[318.884s][info][gc,phases,start] GC(762) Summary Phase
[318.884s][info][gc,phases      ] GC(762) Summary Phase 0.021ms
[318.884s][info][gc,phases,start] GC(762) Adjust Roots
[318.889s][info][gc,phases      ] GC(762) Adjust Roots 4.601ms
[318.889s][info][gc,phases,start] GC(762) Compaction Phase
[318.893s][info][gc,phases      ] GC(762) Compaction Phase 4.064ms
[318.893s][info][gc,phases,start] GC(762) Post Compact
[318.893s][info][gc,phases      ] GC(762) Post Compact 0.808ms
[318.894s][info][gc,heap        ] GC(762) PSYoungGen: 1056K(79872K)->0K(79872K) Eden: 0K(78336K)->0K(78336K) From: 1056K(1536K)->0K(1536K)
[318.894s][info][gc,heap        ] GC(762) ParOldGen: 10053K(1398272K)->4077K(1398272K)
[318.894s][info][gc,metaspace   ] GC(762) Metaspace: 9964K(10304K)->9964K(10304K) NonClass: 8663K(8896K)->8663K(8896K) Class: 1301K(1408K)->1301K(1408K)
[318.894s][info][gc             ] GC(762) Pause Full (System.gc()) 10M->3M(1443M) 26.544ms
[318.894s][info][gc,cpu         ] GC(762) User=0.53s Sys=0.00s Real=0.03s
[319.213s][info][gc,start       ] GC(763) Pause Young (Allocation Failure)
[319.214s][info][gc,heap        ] GC(763) PSYoungGen: 78336K(79872K)->512K(78848K) Eden: 78336K(78336K)->0K(78336K) From: 0K(1536K)->512K(512K)
[319.214s][info][gc,heap        ] GC(763) ParOldGen: 4077K(1398272K)->4821K(1398272K)
[319.214s][info][gc,metaspace   ] GC(763) Metaspace: 9964K(10304K)->9964K(10304K) NonClass: 8663K(8896K)->8663K(8896K) Class: 1301K(1408K)->1301K(1408K)
[319.214s][info][gc             ] GC(763) Pause Young (Allocation Failure) 80M->5M(1442M) 1.389ms
[319.214s][info][gc,cpu         ] GC(763) User=0.00s Sys=0.00s Real=0.00s
[319.529s][info][gc,start       ] GC(764) Pause Young (Allocation Failure)
[319.531s][info][gc,heap        ] GC(764) PSYoungGen: 78848K(78848K)->1440K(79872K) Eden: 78336K(78336K)->0K(78336K) From: 512K(512K)->1440K(1536K)
[319.531s][info][gc,heap        ] GC(764) ParOldGen: 4821K(1398272K)->5413K(1398272K)
[319.531s][info][gc,metaspace   ] GC(764) Metaspace: 9964K(10304K)->9964K(10304K) NonClass: 8663K(8896K)->8663K(8896K) Class: 1301K(1408K)->1301K(1408K)
[319.531s][info][gc             ] GC(764) Pause Young (Allocation Failure) 81M->6M(1443M) 1.743ms
[319.531s][info][gc,cpu         ] GC(764) User=0.00s Sys=0.00s Real=0.00s
[319.848s][info][gc,start       ] GC(765) Pause Young (Allocation Failure)
[319.849s][info][gc,heap        ] GC(765) PSYoungGen: 79776K(79872K)->1088K(79872K) Eden: 78336K(78336K)->0K(78336K) From: 1440K(1536K)->1088K(1536K)
[319.849s][info][gc,heap        ] GC(765) ParOldGen: 5413K(1398272K)->5941K(1398272K)
[319.849s][info][gc,metaspace   ] GC(765) Metaspace: 9964K(10304K)->9964K(10304K) NonClass: 8663K(8896K)->8663K(8896K) Class: 1301K(1408K)->1301K(1408K)
[319.850s][info][gc             ] GC(765) Pause Young (Allocation Failure) 83M->6M(1443M) 1.164ms
[319.850s][info][gc,cpu         ] GC(765) User=0.00s Sys=0.00s Real=0.00s
[320.171s][info][gc,start       ] GC(766) Pause Young (Allocation Failure)
[320.172s][info][gc,heap        ] GC(766) PSYoungGen: 79424K(79872K)->1504K(79872K) Eden: 78336K(78336K)->0K(78336K) From: 1088K(1536K)->1504K(1536K)
[320.172s][info][gc,heap        ] GC(766) ParOldGen: 5941K(1398272K)->5941K(1398272K)
[320.172s][info][gc,metaspace   ] GC(766) Metaspace: 9964K(10304K)->9964K(10304K) NonClass: 8663K(8896K)->8663K(8896K) Class: 1301K(1408K)->1301K(1408K)
[320.172s][info][gc             ] GC(766) Pause Young (Allocation Failure) 83M->7M(1443M) 1.412ms
[320.172s][info][gc,cpu         ] GC(766) User=0.00s Sys=0.00s Real=0.00s
[320.492s][info][gc,start       ] GC(767) Pause Young (Allocation Failure)
[320.494s][info][gc,heap        ] GC(767) PSYoungGen: 79840K(79872K)->512K(78848K) Eden: 78336K(78336K)->0K(78336K) From: 1504K(1536K)->512K(512K)
[320.494s][info][gc,heap        ] GC(767) ParOldGen: 5941K(1398272K)->6781K(1398272K)
[320.494s][info][gc,metaspace   ] GC(767) Metaspace: 9964K(10304K)->9964K(10304K) NonClass: 8663K(8896K)->8663K(8896K) Class: 1301K(1408K)->1301K(1408K)
[320.494s][info][gc             ] GC(767) Pause Young (Allocation Failure) 83M->7M(1442M) 1.308ms
[320.494s][info][gc,cpu         ] GC(767) User=0.00s Sys=0.00s Real=0.00s
[320.813s][info][gc,start       ] GC(768) Pause Young (Allocation Failure)
[320.814s][info][gc,heap        ] GC(768) PSYoungGen: 78848K(78848K)->1056K(80384K) Eden: 78336K(78336K)->0K(78336K) From: 512K(512K)->1056K(2048K)
[320.814s][info][gc,heap        ] GC(768) ParOldGen: 6781K(1398272K)->7085K(1398272K)
[320.814s][info][gc,metaspace   ] GC(768) Metaspace: 9964K(10304K)->9964K(10304K) NonClass: 8663K(8896K)->8663K(8896K) Class: 1301K(1408K)->1301K(1408K)
[320.814s][info][gc             ] GC(768) Pause Young (Allocation Failure) 83M->7M(1444M) 1.319ms
[320.814s][info][gc,cpu         ] GC(768) User=0.00s Sys=0.00s Real=0.00s
[321.137s][info][gc,start       ] GC(769) Pause Young (Allocation Failure)
[321.138s][info][gc,heap        ] GC(769) PSYoungGen: 79392K(80384K)->1088K(79872K) Eden: 78336K(78336K)->0K(78336K) From: 1056K(2048K)->1088K(1536K)
[321.138s][info][gc,heap        ] GC(769) ParOldGen: 7085K(1398272K)->7093K(1398272K)
[321.138s][info][gc,metaspace   ] GC(769) Metaspace: 9964K(10304K)->9964K(10304K) NonClass: 8663K(8896K)->8663K(8896K) Class: 1301K(1408K)->1301K(1408K)
[321.138s][info][gc             ] GC(769) Pause Young (Allocation Failure) 84M->7M(1443M) 1.246ms
[321.138s][info][gc,cpu         ] GC(769) User=0.00s Sys=0.00s Real=0.00s
[321.474s][info][gc,start       ] GC(770) Pause Young (Allocation Failure)
[321.475s][info][gc,heap        ] GC(770) PSYoungGen: 79424K(79872K)->1120K(79872K) Eden: 78336K(78336K)->0K(78336K) From: 1088K(1536K)->1120K(1536K)
[321.475s][info][gc,heap        ] GC(770) ParOldGen: 7093K(1398272K)->7493K(1398272K)
[321.475s][info][gc,metaspace   ] GC(770) Metaspace: 9964K(10304K)->9964K(10304K) NonClass: 8663K(8896K)->8663K(8896K) Class: 1301K(1408K)->1301K(1408K)
[321.475s][info][gc             ] GC(770) Pause Young (Allocation Failure) 84M->8M(1443M) 1.439ms
[321.476s][info][gc,cpu         ] GC(770) User=0.00s Sys=0.00s Real=0.00s
[321.803s][info][gc,start       ] GC(771) Pause Young (Allocation Failure)
[321.804s][info][gc,heap        ] GC(771) PSYoungGen: 79455K(79872K)->512K(78848K) Eden: 78335K(78336K)->0K(78336K) From: 1120K(1536K)->512K(512K)
[321.804s][info][gc,heap        ] GC(771) ParOldGen: 7493K(1398272K)->7741K(1398272K)
[321.804s][info][gc,metaspace   ] GC(771) Metaspace: 9964K(10304K)->9964K(10304K) NonClass: 8663K(8896K)->8663K(8896K) Class: 1301K(1408K)->1301K(1408K)
[321.804s][info][gc             ] GC(771) Pause Young (Allocation Failure) 84M->8M(1442M) 1.098ms
[321.804s][info][gc,cpu         ] GC(771) User=0.00s Sys=0.00s Real=0.00s
[322.137s][info][gc,start       ] GC(772) Pause Young (Allocation Failure)
[322.138s][info][gc,heap        ] GC(772) PSYoungGen: 78848K(78848K)->1184K(79872K) Eden: 78336K(78336K)->0K(78336K) From: 512K(512K)->1184K(1536K)
[322.138s][info][gc,heap        ] GC(772) ParOldGen: 7741K(1398272K)->8125K(1398272K)
[322.138s][info][gc,metaspace   ] GC(772) Metaspace: 9964K(10304K)->9964K(10304K) NonClass: 8663K(8896K)->8663K(8896K) Class: 1301K(1408K)->1301K(1408K)
[322.138s][info][gc             ] GC(772) Pause Young (Allocation Failure) 84M->9M(1443M) 1.522ms
[322.138s][info][gc,cpu         ] GC(772) User=0.00s Sys=0.00s Real=0.00s
[322.457s][info][gc,start       ] GC(773) Pause Young (Allocation Failure)
[322.458s][info][gc,heap        ] GC(773) PSYoungGen: 79520K(79872K)->1184K(79872K) Eden: 78336K(78336K)->0K(78336K) From: 1184K(1536K)->1184K(1536K)
[322.458s][info][gc,heap        ] GC(773) ParOldGen: 8125K(1398272K)->8509K(1398272K)
[322.458s][info][gc,metaspace   ] GC(773) Metaspace: 9964K(10304K)->9964K(10304K) NonClass: 8663K(8896K)->8663K(8896K) Class: 1301K(1408K)->1301K(1408K)
[322.458s][info][gc             ] GC(773) Pause Young (Allocation Failure) 85M->9M(1443M) 1.386ms
[322.458s][info][gc,cpu         ] GC(773) User=0.00s Sys=0.00s Real=0.00s
[322.789s][info][gc,start       ] GC(774) Pause Young (Allocation Failure)
[322.790s][info][gc,heap        ] GC(774) PSYoungGen: 79520K(79872K)->1056K(79872K) Eden: 78336K(78336K)->0K(78336K) From: 1184K(1536K)->1056K(1536K)
[322.790s][info][gc,heap        ] GC(774) ParOldGen: 8509K(1398272K)->8877K(1398272K)
[322.791s][info][gc,metaspace   ] GC(774) Metaspace: 9964K(10304K)->9964K(10304K) NonClass: 8663K(8896K)->8663K(8896K) Class: 1301K(1408K)->1301K(1408K)
[322.791s][info][gc             ] GC(774) Pause Young (Allocation Failure) 85M->9M(1443M) 1.382ms
[322.791s][info][gc,cpu         ] GC(774) User=0.00s Sys=0.00s Real=0.00s
[323.102s][info][gc,start       ] GC(775) Pause Young (Allocation Failure)
[323.103s][info][gc,heap        ] GC(775) PSYoungGen: 79392K(79872K)->512K(78848K) Eden: 78336K(78336K)->0K(78336K) From: 1056K(1536K)->512K(512K)
[323.103s][info][gc,heap        ] GC(775) ParOldGen: 8877K(1398272K)->9221K(1398272K)
[323.103s][info][gc,metaspace   ] GC(775) Metaspace: 9964K(10304K)->9964K(10304K) NonClass: 8663K(8896K)->8663K(8896K) Class: 1301K(1408K)->1301K(1408K)
[323.103s][info][gc             ] GC(775) Pause Young (Allocation Failure) 86M->9M(1442M) 1.172ms
[323.103s][info][gc,cpu         ] GC(775) User=0.00s Sys=0.00s Real=0.00s
[323.430s][info][gc,start       ] GC(776) Pause Young (Allocation Failure)
[323.432s][info][gc,heap        ] GC(776) PSYoungGen: 78848K(78848K)->992K(79872K) Eden: 78336K(78336K)->0K(78336K) From: 512K(512K)->992K(1536K)
[323.432s][info][gc,heap        ] GC(776) ParOldGen: 9221K(1398272K)->9685K(1398272K)
[323.432s][info][gc,metaspace   ] GC(776) Metaspace: 9964K(10304K)->9964K(10304K) NonClass: 8663K(8896K)->8663K(8896K) Class: 1301K(1408K)->1301K(1408K)
[323.432s][info][gc             ] GC(776) Pause Young (Allocation Failure) 86M->10M(1443M) 1.847ms
[323.432s][info][gc,cpu         ] GC(776) User=0.00s Sys=0.00s Real=0.00s
[323.754s][info][gc,start       ] GC(777) Pause Young (Allocation Failure)
[323.755s][info][gc,heap        ] GC(777) PSYoungGen: 79328K(79872K)->1056K(79872K) Eden: 78336K(78336K)->0K(78336K) From: 992K(1536K)->1056K(1536K)
[323.755s][info][gc,heap        ] GC(777) ParOldGen: 9685K(1398272K)->9829K(1398272K)
[323.755s][info][gc,metaspace   ] GC(777) Metaspace: 9964K(10304K)->9964K(10304K) NonClass: 8663K(8896K)->8663K(8896K) Class: 1301K(1408K)->1301K(1408K)
[323.755s][info][gc             ] GC(777) Pause Young (Allocation Failure) 86M->10M(1443M) 1.069ms
[323.755s][info][gc,cpu         ] GC(777) User=0.00s Sys=0.00s Real=0.00s
[324.065s][info][gc,start       ] GC(778) Pause Young (Allocation Failure)
[324.067s][info][gc,heap        ] GC(778) PSYoungGen: 79392K(79872K)->1056K(79872K) Eden: 78336K(78336K)->0K(78336K) From: 1056K(1536K)->1056K(1536K)
[324.067s][info][gc,heap        ] GC(778) ParOldGen: 9829K(1398272K)->9829K(1398272K)
[324.067s][info][gc,metaspace   ] GC(778) Metaspace: 9964K(10304K)->9964K(10304K) NonClass: 8663K(8896K)->8663K(8896K) Class: 1301K(1408K)->1301K(1408K)
[324.067s][info][gc             ] GC(778) Pause Young (Allocation Failure) 87M->10M(1443M) 1.368ms
[324.067s][info][gc,cpu         ] GC(778) User=0.00s Sys=0.00s Real=0.00s
[324.382s][info][gc,start       ] GC(779) Pause Young (Allocation Failure)
[324.383s][info][gc,heap        ] GC(779) PSYoungGen: 79392K(79872K)->512K(78848K) Eden: 78336K(78336K)->0K(78336K) From: 1056K(1536K)->512K(512K)
[324.383s][info][gc,heap        ] GC(779) ParOldGen: 9829K(1398272K)->10077K(1398272K)
[324.383s][info][gc,metaspace   ] GC(779) Metaspace: 9964K(10304K)->9964K(10304K) NonClass: 8663K(8896K)->8663K(8896K) Class: 1301K(1408K)->1301K(1408K)
[324.383s][info][gc             ] GC(779) Pause Young (Allocation Failure) 87M->10M(1442M) 1.116ms
[324.383s][info][gc,cpu         ] GC(779) User=0.00s Sys=0.00s Real=0.00s
[324.703s][info][gc,start       ] GC(780) Pause Young (Allocation Failure)
[324.705s][info][gc,heap        ] GC(780) PSYoungGen: 78848K(78848K)->960K(79872K) Eden: 78336K(78336K)->0K(78336K) From: 512K(512K)->960K(1536K)
[324.705s][info][gc,heap        ] GC(780) ParOldGen: 10077K(1398272K)->10405K(1398272K)
[324.705s][info][gc,metaspace   ] GC(780) Metaspace: 9964K(10304K)->9964K(10304K) NonClass: 8663K(8896K)->8663K(8896K) Class: 1301K(1408K)->1301K(1408K)
[324.705s][info][gc             ] GC(780) Pause Young (Allocation Failure) 86M->11M(1443M) 2.184ms
[324.705s][info][gc,cpu         ] GC(780) User=0.00s Sys=0.00s Real=0.00s
[325.032s][info][gc,start       ] GC(781) Pause Young (Allocation Failure)
[325.032s][info][gc,heap        ] GC(781) PSYoungGen: 79296K(79872K)->1056K(79872K) Eden: 78336K(78336K)->0K(78336K) From: 960K(1536K)->1056K(1536K)
[325.032s][info][gc,heap        ] GC(781) ParOldGen: 10405K(1398272K)->10429K(1398272K)
[325.033s][info][gc,metaspace   ] GC(781) Metaspace: 9964K(10304K)->9964K(10304K) NonClass: 8663K(8896K)->8663K(8896K) Class: 1301K(1408K)->1301K(1408K)
[325.033s][info][gc             ] GC(781) Pause Young (Allocation Failure) 87M->11M(1443M) 1.013ms
[325.033s][info][gc,cpu         ] GC(781) User=0.00s Sys=0.00s Real=0.00s
[325.352s][info][gc,start       ] GC(782) Pause Young (Allocation Failure)
[325.353s][info][gc,heap        ] GC(782) PSYoungGen: 79392K(79872K)->1056K(79872K) Eden: 78336K(78336K)->0K(78336K) From: 1056K(1536K)->1056K(1536K)
[325.353s][info][gc,heap        ] GC(782) ParOldGen: 10429K(1398272K)->10429K(1398272K)
[325.353s][info][gc,metaspace   ] GC(782) Metaspace: 9964K(10304K)->9964K(10304K) NonClass: 8663K(8896K)->8663K(8896K) Class: 1301K(1408K)->1301K(1408K)
[325.353s][info][gc             ] GC(782) Pause Young (Allocation Failure) 87M->11M(1443M) 1.412ms
[325.353s][info][gc,cpu         ] GC(782) User=0.00s Sys=0.00s Real=0.00s
[325.690s][info][gc,start       ] GC(783) Pause Young (System.gc())
[325.691s][info][gc,heap        ] GC(783) PSYoungGen: 79143K(79872K)->512K(78848K) Eden: 78087K(78336K)->0K(78336K) From: 1056K(1536K)->512K(512K)
[325.691s][info][gc,heap        ] GC(783) ParOldGen: 10429K(1398272K)->10621K(1398272K)
[325.691s][info][gc,metaspace   ] GC(783) Metaspace: 9964K(10304K)->9964K(10304K) NonClass: 8663K(8896K)->8663K(8896K) Class: 1301K(1408K)->1301K(1408K)
[325.691s][info][gc             ] GC(783) Pause Young (System.gc()) 87M->10M(1442M) 1.014ms
[325.692s][info][gc,cpu         ] GC(783) User=0.00s Sys=0.00s Real=0.00s
[325.692s][info][gc,start       ] GC(784) Pause Full (System.gc())
[325.692s][info][gc,phases,start] GC(784) Marking Phase
[325.707s][info][gc,phases      ] GC(784) Marking Phase 15.185ms
[325.707s][info][gc,phases,start] GC(784) Summary Phase
[325.707s][info][gc,phases      ] GC(784) Summary Phase 0.020ms
[325.707s][info][gc,phases,start] GC(784) Adjust Roots
[325.712s][info][gc,phases      ] GC(784) Adjust Roots 4.543ms
[325.712s][info][gc,phases,start] GC(784) Compaction Phase
[325.715s][info][gc,phases      ] GC(784) Compaction Phase 3.434ms
[325.715s][info][gc,phases,start] GC(784) Post Compact
[325.716s][info][gc,phases      ] GC(784) Post Compact 0.702ms
[325.716s][info][gc,heap        ] GC(784) PSYoungGen: 512K(78848K)->0K(78848K) Eden: 0K(78336K)->0K(78336K) From: 512K(512K)->0K(512K)
[325.716s][info][gc,heap        ] GC(784) ParOldGen: 10621K(1398272K)->4077K(1398272K)
[325.716s][info][gc,metaspace   ] GC(784) Metaspace: 9964K(10304K)->9964K(10304K) NonClass: 8663K(8896K)->8663K(8896K) Class: 1301K(1408K)->1301K(1408K)
[325.716s][info][gc             ] GC(784) Pause Full (System.gc()) 10M->3M(1442M) 24.145ms
[325.716s][info][gc,cpu         ] GC(784) User=0.02s Sys=0.00s Real=0.02s
[326.044s][info][gc,start       ] GC(785) Pause Young (Allocation Failure)
[326.045s][info][gc,heap        ] GC(785) PSYoungGen: 78336K(78848K)->1536K(79872K) Eden: 78336K(78336K)->0K(78336K) From: 0K(512K)->1536K(1536K)
[326.045s][info][gc,heap        ] GC(785) ParOldGen: 4077K(1398272K)->4245K(1398272K)
[326.045s][info][gc,metaspace   ] GC(785) Metaspace: 9964K(10304K)->9964K(10304K) NonClass: 8663K(8896K)->8663K(8896K) Class: 1301K(1408K)->1301K(1408K)
[326.045s][info][gc             ] GC(785) Pause Young (Allocation Failure) 80M->5M(1443M) 1.326ms
[326.045s][info][gc,cpu         ] GC(785) User=0.00s Sys=0.00s Real=0.00s
[326.377s][info][gc,start       ] GC(786) Pause Young (Allocation Failure)
[326.378s][info][gc,heap        ] GC(786) PSYoungGen: 79872K(79872K)->1472K(79872K) Eden: 78336K(78336K)->0K(78336K) From: 1536K(1536K)->1472K(1536K)
[326.379s][info][gc,heap        ] GC(786) ParOldGen: 4245K(1398272K)->4677K(1398272K)
[326.379s][info][gc,metaspace   ] GC(786) Metaspace: 9964K(10304K)->9964K(10304K) NonClass: 8663K(8896K)->8663K(8896K) Class: 1301K(1408K)->1301K(1408K)
[326.379s][info][gc             ] GC(786) Pause Young (Allocation Failure) 82M->6M(1443M) 1.241ms
[326.379s][info][gc,cpu         ] GC(786) User=0.00s Sys=0.00s Real=0.00s
[326.696s][info][gc,start       ] GC(787) Pause Young (Allocation Failure)
[326.698s][info][gc,heap        ] GC(787) PSYoungGen: 79808K(79872K)->1056K(79872K) Eden: 78336K(78336K)->0K(78336K) From: 1472K(1536K)->1056K(1536K)
[326.698s][info][gc,heap        ] GC(787) ParOldGen: 4677K(1398272K)->5333K(1398272K)
[326.698s][info][gc,metaspace   ] GC(787) Metaspace: 9964K(10304K)->9964K(10304K) NonClass: 8663K(8896K)->8663K(8896K) Class: 1301K(1408K)->1301K(1408K)
[326.698s][info][gc             ] GC(787) Pause Young (Allocation Failure) 82M->6M(1443M) 1.534ms
[326.698s][info][gc,cpu         ] GC(787) User=0.02s Sys=0.00s Real=0.02s
[327.009s][info][gc,start       ] GC(788) Pause Young (Allocation Failure)
[327.010s][info][gc,heap        ] GC(788) PSYoungGen: 79392K(79872K)->1056K(79872K) Eden: 78336K(78336K)->0K(78336K) From: 1056K(1536K)->1056K(1536K)
[327.010s][info][gc,heap        ] GC(788) ParOldGen: 5333K(1398272K)->5333K(1398272K)
[327.010s][info][gc,metaspace   ] GC(788) Metaspace: 9964K(10304K)->9964K(10304K) NonClass: 8663K(8896K)->8663K(8896K) Class: 1301K(1408K)->1301K(1408K)
[327.010s][info][gc             ] GC(788) Pause Young (Allocation Failure) 82M->6M(1443M) 1.096ms
[327.010s][info][gc,cpu         ] GC(788) User=0.00s Sys=0.00s Real=0.00s
[327.331s][info][gc,start       ] GC(789) Pause Young (Allocation Failure)
[327.332s][info][gc,heap        ] GC(789) PSYoungGen: 79392K(79872K)->1056K(79872K) Eden: 78336K(78336K)->0K(78336K) From: 1056K(1536K)->1056K(1536K)
[327.333s][info][gc,heap        ] GC(789) ParOldGen: 5333K(1398272K)->5333K(1398272K)
[327.333s][info][gc,metaspace   ] GC(789) Metaspace: 9964K(10304K)->9964K(10304K) NonClass: 8663K(8896K)->8663K(8896K) Class: 1301K(1408K)->1301K(1408K)
[327.333s][info][gc             ] GC(789) Pause Young (Allocation Failure) 82M->6M(1443M) 1.340ms
[327.333s][info][gc,cpu         ] GC(789) User=0.00s Sys=0.00s Real=0.00s
[327.645s][info][gc,start       ] GC(790) Pause Young (Allocation Failure)
[327.646s][info][gc,heap        ] GC(790) PSYoungGen: 79392K(79872K)->1120K(79872K) Eden: 78336K(78336K)->0K(78336K) From: 1056K(1536K)->1120K(1536K)
[327.646s][info][gc,heap        ] GC(790) ParOldGen: 5333K(1398272K)->5349K(1398272K)
[327.646s][info][gc,metaspace   ] GC(790) Metaspace: 9964K(10304K)->9964K(10304K) NonClass: 8663K(8896K)->8663K(8896K) Class: 1301K(1408K)->1301K(1408K)
[327.646s][info][gc             ] GC(790) Pause Young (Allocation Failure) 82M->6M(1443M) 1.139ms
[327.646s][info][gc,cpu         ] GC(790) User=0.00s Sys=0.00s Real=0.00s
[327.967s][info][gc,start       ] GC(791) Pause Young (Allocation Failure)
[327.968s][info][gc,heap        ] GC(791) PSYoungGen: 79456K(79872K)->1088K(79872K) Eden: 78336K(78336K)->0K(78336K) From: 1120K(1536K)->1088K(1536K)
[327.968s][info][gc,heap        ] GC(791) ParOldGen: 5349K(1398272K)->5845K(1398272K)
[327.968s][info][gc,metaspace   ] GC(791) Metaspace: 9964K(10304K)->9964K(10304K) NonClass: 8663K(8896K)->8663K(8896K) Class: 1301K(1408K)->1301K(1408K)
[327.968s][info][gc             ] GC(791) Pause Young (Allocation Failure) 82M->6M(1443M) 1.423ms
[327.968s][info][gc,cpu         ] GC(791) User=0.00s Sys=0.00s Real=0.00s
[328.290s][info][gc,start       ] GC(792) Pause Young (Allocation Failure)
[328.291s][info][gc,heap        ] GC(792) PSYoungGen: 79424K(79872K)->512K(78848K) Eden: 78336K(78336K)->0K(78336K) From: 1088K(1536K)->512K(512K)
[328.291s][info][gc,heap        ] GC(792) ParOldGen: 5845K(1398272K)->6197K(1398272K)
[328.291s][info][gc,metaspace   ] GC(792) Metaspace: 9964K(10304K)->9964K(10304K) NonClass: 8663K(8896K)->8663K(8896K) Class: 1301K(1408K)->1301K(1408K)
[328.291s][info][gc             ] GC(792) Pause Young (Allocation Failure) 83M->6M(1442M) 1.111ms
[328.291s][info][gc,cpu         ] GC(792) User=0.00s Sys=0.00s Real=0.00s
[328.618s][info][gc,start       ] GC(793) Pause Young (Allocation Failure)
[328.620s][info][gc,heap        ] GC(793) PSYoungGen: 78848K(78848K)->960K(79872K) Eden: 78336K(78336K)->0K(78336K) From: 512K(512K)->960K(1536K)
[328.620s][info][gc,heap        ] GC(793) ParOldGen: 6197K(1398272K)->6733K(1398272K)
[328.620s][info][gc,metaspace   ] GC(793) Metaspace: 9964K(10304K)->9964K(10304K) NonClass: 8663K(8896K)->8663K(8896K) Class: 1301K(1408K)->1301K(1408K)
[328.620s][info][gc             ] GC(793) Pause Young (Allocation Failure) 83M->7M(1443M) 1.463ms
[328.620s][info][gc,cpu         ] GC(793) User=0.00s Sys=0.00s Real=0.00s
[328.941s][info][gc,start       ] GC(794) Pause Young (Allocation Failure)
[328.942s][info][gc,heap        ] GC(794) PSYoungGen: 79296K(79872K)->1056K(79872K) Eden: 78336K(78336K)->0K(78336K) From: 960K(1536K)->1056K(1536K)
[328.942s][info][gc,heap        ] GC(794) ParOldGen: 6733K(1398272K)->6805K(1398272K)
[328.942s][info][gc,metaspace   ] GC(794) Metaspace: 9964K(10304K)->9964K(10304K) NonClass: 8663K(8896K)->8663K(8896K) Class: 1301K(1408K)->1301K(1408K)
[328.942s][info][gc             ] GC(794) Pause Young (Allocation Failure) 84M->7M(1443M) 1.074ms
[328.942s][info][gc,cpu         ] GC(794) User=0.00s Sys=0.00s Real=0.00s
[329.256s][info][gc,start       ] GC(795) Pause Young (Allocation Failure)
[329.257s][info][gc,heap        ] GC(795) PSYoungGen: 79392K(79872K)->1056K(79872K) Eden: 78336K(78336K)->0K(78336K) From: 1056K(1536K)->1056K(1536K)
[329.257s][info][gc,heap        ] GC(795) ParOldGen: 6805K(1398272K)->7165K(1398272K)
[329.257s][info][gc,metaspace   ] GC(795) Metaspace: 9964K(10304K)->9964K(10304K) NonClass: 8663K(8896K)->8663K(8896K) Class: 1301K(1408K)->1301K(1408K)
[329.257s][info][gc             ] GC(795) Pause Young (Allocation Failure) 84M->8M(1443M) 1.389ms
[329.257s][info][gc,cpu         ] GC(795) User=0.00s Sys=0.00s Real=0.00s
[329.577s][info][gc,start       ] GC(796) Pause Young (Allocation Failure)
[329.578s][info][gc,heap        ] GC(796) PSYoungGen: 79392K(79872K)->512K(78848K) Eden: 78336K(78336K)->0K(78336K) From: 1056K(1536K)->512K(512K)
[329.578s][info][gc,heap        ] GC(796) ParOldGen: 7165K(1398272K)->7397K(1398272K)
[329.578s][info][gc,metaspace   ] GC(796) Metaspace: 9964K(10304K)->9964K(10304K) NonClass: 8663K(8896K)->8663K(8896K) Class: 1301K(1408K)->1301K(1408K)
[329.578s][info][gc             ] GC(796) Pause Young (Allocation Failure) 84M->7M(1442M) 1.162ms
[329.578s][info][gc,cpu         ] GC(796) User=0.00s Sys=0.00s Real=0.00s
[329.889s][info][gc,start       ] GC(797) Pause Young (Allocation Failure)
[329.890s][info][gc,heap        ] GC(797) PSYoungGen: 78848K(78848K)->1024K(79872K) Eden: 78336K(78336K)->0K(78336K) From: 512K(512K)->1024K(1536K)
[329.891s][info][gc,heap        ] GC(797) ParOldGen: 7397K(1398272K)->7797K(1398272K)
[329.891s][info][gc,metaspace   ] GC(797) Metaspace: 9964K(10304K)->9964K(10304K) NonClass: 8663K(8896K)->8663K(8896K) Class: 1301K(1408K)->1301K(1408K)
[329.891s][info][gc             ] GC(797) Pause Young (Allocation Failure) 84M->8M(1443M) 1.737ms
[329.891s][info][gc,cpu         ] GC(797) User=0.00s Sys=0.00s Real=0.00s
[330.201s][info][gc,start       ] GC(798) Pause Young (Allocation Failure)
[330.202s][info][gc,heap        ] GC(798) PSYoungGen: 79360K(79872K)->1088K(79872K) Eden: 78336K(78336K)->0K(78336K) From: 1024K(1536K)->1088K(1536K)
[330.202s][info][gc,heap        ] GC(798) ParOldGen: 7797K(1398272K)->7949K(1398272K)
[330.202s][info][gc,metaspace   ] GC(798) Metaspace: 9964K(10304K)->9964K(10304K) NonClass: 8663K(8896K)->8663K(8896K) Class: 1301K(1408K)->1301K(1408K)
[330.202s][info][gc             ] GC(798) Pause Young (Allocation Failure) 85M->8M(1443M) 1.155ms
[330.202s][info][gc,cpu         ] GC(798) User=0.00s Sys=0.00s Real=0.00s
[330.517s][info][gc,start       ] GC(799) Pause Young (Allocation Failure)
[330.518s][info][gc,heap        ] GC(799) PSYoungGen: 79424K(79872K)->1120K(79872K) Eden: 78336K(78336K)->0K(78336K) From: 1088K(1536K)->1120K(1536K)
[330.518s][info][gc,heap        ] GC(799) ParOldGen: 7949K(1398272K)->8293K(1398272K)
[330.518s][info][gc,metaspace   ] GC(799) Metaspace: 9964K(10304K)->9964K(10304K) NonClass: 8663K(8896K)->8663K(8896K) Class: 1301K(1408K)->1301K(1408K)
[330.518s][info][gc             ] GC(799) Pause Young (Allocation Failure) 85M->9M(1443M) 1.432ms
[330.518s][info][gc,cpu         ] GC(799) User=0.00s Sys=0.00s Real=0.00s
[330.842s][info][gc,start       ] GC(800) Pause Young (Allocation Failure)
[330.843s][info][gc,heap        ] GC(800) PSYoungGen: 79456K(79872K)->512K(78848K) Eden: 78336K(78336K)->0K(78336K) From: 1120K(1536K)->512K(512K)
[330.844s][info][gc,heap        ] GC(800) ParOldGen: 8293K(1398272K)->8797K(1398272K)
[330.844s][info][gc,metaspace   ] GC(800) Metaspace: 9964K(10304K)->9964K(10304K) NonClass: 8663K(8896K)->8663K(8896K) Class: 1301K(1408K)->1301K(1408K)
[330.844s][info][gc             ] GC(800) Pause Young (Allocation Failure) 85M->9M(1442M) 1.217ms
[330.844s][info][gc,cpu         ] GC(800) User=0.00s Sys=0.00s Real=0.00s
[331.159s][info][gc,start       ] GC(801) Pause Young (Allocation Failure)
[331.160s][info][gc,heap        ] GC(801) PSYoungGen: 78848K(78848K)->1024K(79872K) Eden: 78336K(78336K)->0K(78336K) From: 512K(512K)->1024K(1536K)
[331.160s][info][gc,heap        ] GC(801) ParOldGen: 8797K(1398272K)->9325K(1398272K)
[331.161s][info][gc,metaspace   ] GC(801) Metaspace: 9964K(10304K)->9964K(10304K) NonClass: 8663K(8896K)->8663K(8896K) Class: 1301K(1408K)->1301K(1408K)
[331.161s][info][gc             ] GC(801) Pause Young (Allocation Failure) 85M->10M(1443M) 1.309ms
[331.161s][info][gc,cpu         ] GC(801) User=0.00s Sys=0.00s Real=0.00s
[331.494s][info][gc,start       ] GC(802) Pause Young (Allocation Failure)
[331.495s][info][gc,heap        ] GC(802) PSYoungGen: 79360K(79872K)->1056K(79872K) Eden: 78336K(78336K)->0K(78336K) From: 1024K(1536K)->1056K(1536K)
[331.495s][info][gc,heap        ] GC(802) ParOldGen: 9325K(1398272K)->9485K(1398272K)
[331.495s][info][gc,metaspace   ] GC(802) Metaspace: 9964K(10304K)->9964K(10304K) NonClass: 8663K(8896K)->8663K(8896K) Class: 1301K(1408K)->1301K(1408K)
[331.495s][info][gc             ] GC(802) Pause Young (Allocation Failure) 86M->10M(1443M) 1.007ms
[331.495s][info][gc,cpu         ] GC(802) User=0.00s Sys=0.00s Real=0.00s
[331.824s][info][gc,start       ] GC(803) Pause Young (Allocation Failure)
[331.825s][info][gc,heap        ] GC(803) PSYoungGen: 79392K(79872K)->1056K(79872K) Eden: 78336K(78336K)->0K(78336K) From: 1056K(1536K)->1056K(1536K)
[331.825s][info][gc,heap        ] GC(803) ParOldGen: 9485K(1398272K)->9605K(1398272K)
[331.825s][info][gc,metaspace   ] GC(803) Metaspace: 9964K(10304K)->9964K(10304K) NonClass: 8663K(8896K)->8663K(8896K) Class: 1301K(1408K)->1301K(1408K)
[331.826s][info][gc             ] GC(803) Pause Young (Allocation Failure) 86M->10M(1443M) 1.418ms
[331.826s][info][gc,cpu         ] GC(803) User=0.00s Sys=0.00s Real=0.00s
[332.141s][info][gc,start       ] GC(804) Pause Young (Allocation Failure)
[332.142s][info][gc,heap        ] GC(804) PSYoungGen: 79392K(79872K)->512K(78848K) Eden: 78336K(78336K)->0K(78336K) From: 1056K(1536K)->512K(512K)
[332.142s][info][gc,heap        ] GC(804) ParOldGen: 9605K(1398272K)->9997K(1398272K)
[332.142s][info][gc,metaspace   ] GC(804) Metaspace: 9964K(10304K)->9964K(10304K) NonClass: 8663K(8896K)->8663K(8896K) Class: 1301K(1408K)->1301K(1408K)
[332.142s][info][gc             ] GC(804) Pause Young (Allocation Failure) 86M->10M(1442M) 1.137ms
[332.142s][info][gc,cpu         ] GC(804) User=0.00s Sys=0.00s Real=0.00s
[332.457s][info][gc,start       ] GC(805) Pause Young (System.gc())
[332.458s][info][gc,heap        ] GC(805) PSYoungGen: 77053K(78848K)->992K(79872K) Eden: 76541K(78336K)->0K(78336K) From: 512K(512K)->992K(1536K)
[332.458s][info][gc,heap        ] GC(805) ParOldGen: 9997K(1398272K)->10397K(1398272K)
[332.458s][info][gc,metaspace   ] GC(805) Metaspace: 9964K(10304K)->9964K(10304K) NonClass: 8663K(8896K)->8663K(8896K) Class: 1301K(1408K)->1301K(1408K)
[332.458s][info][gc             ] GC(805) Pause Young (System.gc()) 85M->11M(1443M) 1.488ms
[332.458s][info][gc,cpu         ] GC(805) User=0.00s Sys=0.00s Real=0.00s
[332.459s][info][gc,start       ] GC(806) Pause Full (System.gc())
[332.459s][info][gc,phases,start] GC(806) Marking Phase
[332.474s][info][gc,phases      ] GC(806) Marking Phase 15.578ms
[332.474s][info][gc,phases,start] GC(806) Summary Phase
[332.474s][info][gc,phases      ] GC(806) Summary Phase 0.026ms
[332.474s][info][gc,phases,start] GC(806) Adjust Roots
[332.479s][info][gc,phases      ] GC(806) Adjust Roots 4.340ms
[332.479s][info][gc,phases,start] GC(806) Compaction Phase
[332.483s][info][gc,phases      ] GC(806) Compaction Phase 3.984ms
[332.483s][info][gc,phases,start] GC(806) Post Compact
[332.483s][info][gc,phases      ] GC(806) Post Compact 0.756ms
[332.483s][info][gc,heap        ] GC(806) PSYoungGen: 992K(79872K)->0K(79872K) Eden: 0K(78336K)->0K(78336K) From: 992K(1536K)->0K(1536K)
[332.483s][info][gc,heap        ] GC(806) ParOldGen: 10397K(1398272K)->4077K(1398272K)
[332.483s][info][gc,metaspace   ] GC(806) Metaspace: 9964K(10304K)->9964K(10304K) NonClass: 8663K(8896K)->8663K(8896K) Class: 1301K(1408K)->1301K(1408K)
[332.484s][info][gc             ] GC(806) Pause Full (System.gc()) 11M->3M(1443M) 24.934ms
[332.484s][info][gc,cpu         ] GC(806) User=0.52s Sys=0.00s Real=0.02s
[332.809s][info][gc,start       ] GC(807) Pause Young (Allocation Failure)
[332.810s][info][gc,heap        ] GC(807) PSYoungGen: 78336K(79872K)->1536K(79872K) Eden: 78336K(78336K)->0K(78336K) From: 0K(1536K)->1536K(1536K)
[332.810s][info][gc,heap        ] GC(807) ParOldGen: 4077K(1398272K)->4165K(1398272K)
[332.810s][info][gc,metaspace   ] GC(807) Metaspace: 9964K(10304K)->9964K(10304K) NonClass: 8663K(8896K)->8663K(8896K) Class: 1301K(1408K)->1301K(1408K)
[332.810s][info][gc             ] GC(807) Pause Young (Allocation Failure) 80M->5M(1443M) 1.208ms
[332.810s][info][gc,cpu         ] GC(807) User=0.00s Sys=0.00s Real=0.00s
[333.130s][info][gc,start       ] GC(808) Pause Young (Allocation Failure)
[333.132s][info][gc,heap        ] GC(808) PSYoungGen: 79872K(79872K)->1536K(79872K) Eden: 78336K(78336K)->0K(78336K) From: 1536K(1536K)->1536K(1536K)
[333.132s][info][gc,heap        ] GC(808) ParOldGen: 4165K(1398272K)->4589K(1398272K)
[333.132s][info][gc,metaspace   ] GC(808) Metaspace: 9964K(10304K)->9964K(10304K) NonClass: 8663K(8896K)->8663K(8896K) Class: 1301K(1408K)->1301K(1408K)
[333.132s][info][gc             ] GC(808) Pause Young (Allocation Failure) 82M->5M(1443M) 1.770ms
[333.132s][info][gc,cpu         ] GC(808) User=0.00s Sys=0.02s Real=0.02s
[333.455s][info][gc,start       ] GC(809) Pause Young (Allocation Failure)
[333.457s][info][gc,heap        ] GC(809) PSYoungGen: 79872K(79872K)->512K(78848K) Eden: 78336K(78336K)->0K(78336K) From: 1536K(1536K)->512K(512K)
[333.457s][info][gc,heap        ] GC(809) ParOldGen: 4589K(1398272K)->5469K(1398272K)
[333.457s][info][gc,metaspace   ] GC(809) Metaspace: 9964K(10304K)->9964K(10304K) NonClass: 8663K(8896K)->8663K(8896K) Class: 1301K(1408K)->1301K(1408K)
[333.457s][info][gc             ] GC(809) Pause Young (Allocation Failure) 82M->5M(1442M) 1.324ms
[333.457s][info][gc,cpu         ] GC(809) User=0.00s Sys=0.00s Real=0.00s
[333.782s][info][gc,start       ] GC(810) Pause Young (Allocation Failure)
[333.783s][info][gc,heap        ] GC(810) PSYoungGen: 78848K(78848K)->1088K(80384K) Eden: 78336K(78336K)->0K(78336K) From: 512K(512K)->1088K(2048K)
[333.783s][info][gc,heap        ] GC(810) ParOldGen: 5469K(1398272K)->5853K(1398272K)
[333.783s][info][gc,metaspace   ] GC(810) Metaspace: 9964K(10304K)->9964K(10304K) NonClass: 8663K(8896K)->8663K(8896K) Class: 1301K(1408K)->1301K(1408K)
[333.783s][info][gc             ] GC(810) Pause Young (Allocation Failure) 82M->6M(1444M) 1.392ms
[333.783s][info][gc,cpu         ] GC(810) User=0.00s Sys=0.00s Real=0.00s
[334.106s][info][gc,start       ] GC(811) Pause Young (Allocation Failure)
[334.107s][info][gc,heap        ] GC(811) PSYoungGen: 79424K(80384K)->1120K(79872K) Eden: 78336K(78336K)->0K(78336K) From: 1088K(2048K)->1120K(1536K)
[334.107s][info][gc,heap        ] GC(811) ParOldGen: 5853K(1398272K)->5981K(1398272K)
[334.107s][info][gc,metaspace   ] GC(811) Metaspace: 9964K(10304K)->9964K(10304K) NonClass: 8663K(8896K)->8663K(8896K) Class: 1301K(1408K)->1301K(1408K)
[334.107s][info][gc             ] GC(811) Pause Young (Allocation Failure) 83M->6M(1443M) 1.296ms
[334.107s][info][gc,cpu         ] GC(811) User=0.00s Sys=0.00s Real=0.00s
[334.433s][info][gc,start       ] GC(812) Pause Young (Allocation Failure)
[334.434s][info][gc,heap        ] GC(812) PSYoungGen: 79456K(79872K)->1120K(79872K) Eden: 78336K(78336K)->0K(78336K) From: 1120K(1536K)->1120K(1536K)
[334.434s][info][gc,heap        ] GC(812) ParOldGen: 5981K(1398272K)->6493K(1398272K)
[334.434s][info][gc,metaspace   ] GC(812) Metaspace: 9964K(10304K)->9964K(10304K) NonClass: 8663K(8896K)->8663K(8896K) Class: 1301K(1408K)->1301K(1408K)
[334.434s][info][gc             ] GC(812) Pause Young (Allocation Failure) 83M->7M(1443M) 1.503ms
[334.435s][info][gc,cpu         ] GC(812) User=0.00s Sys=0.00s Real=0.00s
[334.768s][info][gc,start       ] GC(813) Pause Young (Allocation Failure)
[334.769s][info][gc,heap        ] GC(813) PSYoungGen: 79456K(79872K)->1056K(79872K) Eden: 78336K(78336K)->0K(78336K) From: 1120K(1536K)->1056K(1536K)
[334.769s][info][gc,heap        ] GC(813) ParOldGen: 6493K(1398272K)->6525K(1398272K)
[334.769s][info][gc,metaspace   ] GC(813) Metaspace: 9964K(10304K)->9964K(10304K) NonClass: 8663K(8896K)->8663K(8896K) Class: 1301K(1408K)->1301K(1408K)
[334.769s][info][gc             ] GC(813) Pause Young (Allocation Failure) 83M->7M(1443M) 1.078ms
[334.769s][info][gc,cpu         ] GC(813) User=0.00s Sys=0.00s Real=0.00s
[335.089s][info][gc,start       ] GC(814) Pause Young (Allocation Failure)
[335.091s][info][gc,heap        ] GC(814) PSYoungGen: 79392K(79872K)->1056K(79872K) Eden: 78336K(78336K)->0K(78336K) From: 1056K(1536K)->1056K(1536K)
[335.091s][info][gc,heap        ] GC(814) ParOldGen: 6525K(1398272K)->6845K(1398272K)
[335.091s][info][gc,metaspace   ] GC(814) Metaspace: 9964K(10304K)->9964K(10304K) NonClass: 8663K(8896K)->8663K(8896K) Class: 1301K(1408K)->1301K(1408K)
[335.091s][info][gc             ] GC(814) Pause Young (Allocation Failure) 83M->7M(1443M) 1.423ms
[335.091s][info][gc,cpu         ] GC(814) User=0.00s Sys=0.00s Real=0.00s
[335.417s][info][gc,start       ] GC(815) Pause Young (Allocation Failure)
[335.418s][info][gc,heap        ] GC(815) PSYoungGen: 79392K(79872K)->1056K(79872K) Eden: 78336K(78336K)->0K(78336K) From: 1056K(1536K)->1056K(1536K)
[335.418s][info][gc,heap        ] GC(815) ParOldGen: 6845K(1398272K)->6845K(1398272K)
[335.418s][info][gc,metaspace   ] GC(815) Metaspace: 9964K(10304K)->9964K(10304K) NonClass: 8663K(8896K)->8663K(8896K) Class: 1301K(1408K)->1301K(1408K)
[335.418s][info][gc             ] GC(815) Pause Young (Allocation Failure) 84M->7M(1443M) 1.214ms
[335.418s][info][gc,cpu         ] GC(815) User=0.42s Sys=0.02s Real=0.02s
[335.743s][info][gc,start       ] GC(816) Pause Young (Allocation Failure)
[335.744s][info][gc,heap        ] GC(816) PSYoungGen: 79392K(79872K)->1056K(79872K) Eden: 78336K(78336K)->0K(78336K) From: 1056K(1536K)->1056K(1536K)
[335.744s][info][gc,heap        ] GC(816) ParOldGen: 6845K(1398272K)->6845K(1398272K)
[335.744s][info][gc,metaspace   ] GC(816) Metaspace: 9964K(10304K)->9964K(10304K) NonClass: 8663K(8896K)->8663K(8896K) Class: 1301K(1408K)->1301K(1408K)
[335.744s][info][gc             ] GC(816) Pause Young (Allocation Failure) 84M->7M(1443M) 1.429ms
[335.744s][info][gc,cpu         ] GC(816) User=0.00s Sys=0.00s Real=0.00s
[336.064s][info][gc,start       ] GC(817) Pause Young (Allocation Failure)
[336.065s][info][gc,heap        ] GC(817) PSYoungGen: 79392K(79872K)->1120K(79872K) Eden: 78336K(78336K)->0K(78336K) From: 1056K(1536K)->1120K(1536K)
[336.065s][info][gc,heap        ] GC(817) ParOldGen: 6845K(1398272K)->7197K(1398272K)
[336.065s][info][gc,metaspace   ] GC(817) Metaspace: 9964K(10304K)->9964K(10304K) NonClass: 8663K(8896K)->8663K(8896K) Class: 1301K(1408K)->1301K(1408K)
[336.065s][info][gc             ] GC(817) Pause Young (Allocation Failure) 84M->8M(1443M) 1.179ms
[336.065s][info][gc,cpu         ] GC(817) User=0.00s Sys=0.00s Real=0.00s
[336.388s][info][gc,start       ] GC(818) Pause Young (Allocation Failure)
[336.390s][info][gc,heap        ] GC(818) PSYoungGen: 79456K(79872K)->1088K(79872K) Eden: 78336K(78336K)->0K(78336K) From: 1120K(1536K)->1088K(1536K)
[336.390s][info][gc,heap        ] GC(818) ParOldGen: 7197K(1398272K)->7549K(1398272K)
[336.390s][info][gc,metaspace   ] GC(818) Metaspace: 9964K(10304K)->9964K(10304K) NonClass: 8663K(8896K)->8663K(8896K) Class: 1301K(1408K)->1301K(1408K)
[336.390s][info][gc             ] GC(818) Pause Young (Allocation Failure) 84M->8M(1443M) 1.487ms
[336.390s][info][gc,cpu         ] GC(818) User=0.00s Sys=0.00s Real=0.00s
[336.709s][info][gc,start       ] GC(819) Pause Young (Allocation Failure)
[336.710s][info][gc,heap        ] GC(819) PSYoungGen: 79424K(79872K)->512K(78848K) Eden: 78336K(78336K)->0K(78336K) From: 1088K(1536K)->512K(512K)
[336.710s][info][gc,heap        ] GC(819) ParOldGen: 7549K(1398272K)->7765K(1398272K)
[336.710s][info][gc,metaspace   ] GC(819) Metaspace: 9964K(10304K)->9964K(10304K) NonClass: 8663K(8896K)->8663K(8896K) Class: 1301K(1408K)->1301K(1408K)
[336.710s][info][gc             ] GC(819) Pause Young (Allocation Failure) 84M->8M(1442M) 1.071ms
[336.710s][info][gc,cpu         ] GC(819) User=0.00s Sys=0.00s Real=0.00s
[337.031s][info][gc,start       ] GC(820) Pause Young (Allocation Failure)
[337.033s][info][gc,heap        ] GC(820) PSYoungGen: 78848K(78848K)->1056K(79872K) Eden: 78336K(78336K)->0K(78336K) From: 512K(512K)->1056K(1536K)
[337.033s][info][gc,heap        ] GC(820) ParOldGen: 7765K(1398272K)->8189K(1398272K)
[337.033s][info][gc,metaspace   ] GC(820) Metaspace: 9964K(10304K)->9964K(10304K) NonClass: 8663K(8896K)->8663K(8896K) Class: 1301K(1408K)->1301K(1408K)
[337.033s][info][gc             ] GC(820) Pause Young (Allocation Failure) 84M->9M(1443M) 1.671ms
[337.033s][info][gc,cpu         ] GC(820) User=0.00s Sys=0.00s Real=0.00s
[337.353s][info][gc,start       ] GC(821) Pause Young (Allocation Failure)
[337.354s][info][gc,heap        ] GC(821) PSYoungGen: 79392K(79872K)->1056K(79872K) Eden: 78336K(78336K)->0K(78336K) From: 1056K(1536K)->1056K(1536K)
[337.354s][info][gc,heap        ] GC(821) ParOldGen: 8189K(1398272K)->8349K(1398272K)
[337.354s][info][gc,metaspace   ] GC(821) Metaspace: 9964K(10304K)->9964K(10304K) NonClass: 8663K(8896K)->8663K(8896K) Class: 1301K(1408K)->1301K(1408K)
[337.354s][info][gc             ] GC(821) Pause Young (Allocation Failure) 85M->9M(1443M) 1.115ms
[337.354s][info][gc,cpu         ] GC(821) User=0.00s Sys=0.02s Real=0.02s
[337.677s][info][gc,start       ] GC(822) Pause Young (Allocation Failure)
[337.678s][info][gc,heap        ] GC(822) PSYoungGen: 79392K(79872K)->1056K(79872K) Eden: 78336K(78336K)->0K(78336K) From: 1056K(1536K)->1056K(1536K)
[337.678s][info][gc,heap        ] GC(822) ParOldGen: 8349K(1398272K)->8349K(1398272K)
[337.678s][info][gc,metaspace   ] GC(822) Metaspace: 9964K(10304K)->9964K(10304K) NonClass: 8663K(8896K)->8663K(8896K) Class: 1301K(1408K)->1301K(1408K)
[337.678s][info][gc             ] GC(822) Pause Young (Allocation Failure) 85M->9M(1443M) 1.289ms
[337.678s][info][gc,cpu         ] GC(822) User=0.00s Sys=0.00s Real=0.00s
[338.007s][info][gc,start       ] GC(823) Pause Young (Allocation Failure)
[338.008s][info][gc,heap        ] GC(823) PSYoungGen: 79392K(79872K)->512K(78848K) Eden: 78336K(78336K)->0K(78336K) From: 1056K(1536K)->512K(512K)
[338.008s][info][gc,heap        ] GC(823) ParOldGen: 8349K(1398272K)->8581K(1398272K)
[338.008s][info][gc,metaspace   ] GC(823) Metaspace: 9964K(10304K)->9964K(10304K) NonClass: 8663K(8896K)->8663K(8896K) Class: 1301K(1408K)->1301K(1408K)
[338.008s][info][gc             ] GC(823) Pause Young (Allocation Failure) 85M->8M(1442M) 1.118ms
[338.008s][info][gc,cpu         ] GC(823) User=0.00s Sys=0.00s Real=0.00s
[338.335s][info][gc,start       ] GC(824) Pause Young (Allocation Failure)
[338.337s][info][gc,heap        ] GC(824) PSYoungGen: 78848K(78848K)->992K(79872K) Eden: 78336K(78336K)->0K(78336K) From: 512K(512K)->992K(1536K)
[338.337s][info][gc,heap        ] GC(824) ParOldGen: 8581K(1398272K)->8877K(1398272K)
[338.337s][info][gc,metaspace   ] GC(824) Metaspace: 9964K(10304K)->9964K(10304K) NonClass: 8663K(8896K)->8663K(8896K) Class: 1301K(1408K)->1301K(1408K)
[338.337s][info][gc             ] GC(824) Pause Young (Allocation Failure) 85M->9M(1443M) 2.132ms
[338.337s][info][gc,cpu         ] GC(824) User=0.00s Sys=0.00s Real=0.00s
[338.655s][info][gc,start       ] GC(825) Pause Young (Allocation Failure)
[338.656s][info][gc,heap        ] GC(825) PSYoungGen: 79328K(79872K)->1024K(79360K) Eden: 78336K(78336K)->0K(78336K) From: 992K(1536K)->1024K(1024K)
[338.656s][info][gc,heap        ] GC(825) ParOldGen: 8877K(1398272K)->9253K(1398272K)
[338.656s][info][gc,metaspace   ] GC(825) Metaspace: 9964K(10304K)->9964K(10304K) NonClass: 8663K(8896K)->8663K(8896K) Class: 1301K(1408K)->1301K(1408K)
[338.656s][info][gc             ] GC(825) Pause Young (Allocation Failure) 86M->10M(1443M) 1.301ms
[338.656s][info][gc,cpu         ] GC(825) User=0.00s Sys=0.00s Real=0.00s
[338.985s][info][gc,start       ] GC(826) Pause Young (Allocation Failure)
[338.986s][info][gc,heap        ] GC(826) PSYoungGen: 79360K(79360K)->1056K(79872K) Eden: 78336K(78336K)->0K(78336K) From: 1024K(1024K)->1056K(1536K)
[338.986s][info][gc,heap        ] GC(826) ParOldGen: 9253K(1398272K)->9253K(1398272K)
[338.986s][info][gc,metaspace   ] GC(826) Metaspace: 9964K(10304K)->9964K(10304K) NonClass: 8663K(8896K)->8663K(8896K) Class: 1301K(1408K)->1301K(1408K)
[338.986s][info][gc             ] GC(826) Pause Young (Allocation Failure) 86M->10M(1443M) 1.290ms
[338.986s][info][gc,cpu         ] GC(826) User=0.00s Sys=0.00s Real=0.00s
[339.309s][info][gc,start       ] GC(827) Pause Young (Allocation Failure)
[339.310s][info][gc,heap        ] GC(827) PSYoungGen: 79392K(79872K)->1024K(79360K) Eden: 78336K(78336K)->0K(78336K) From: 1056K(1536K)->1024K(1024K)
[339.310s][info][gc,heap        ] GC(827) ParOldGen: 9253K(1398272K)->9269K(1398272K)
[339.310s][info][gc,metaspace   ] GC(827) Metaspace: 9964K(10304K)->9964K(10304K) NonClass: 8663K(8896K)->8663K(8896K) Class: 1301K(1408K)->1301K(1408K)
[339.310s][info][gc             ] GC(827) Pause Young (Allocation Failure) 86M->10M(1443M) 1.091ms
[339.310s][info][gc,cpu         ] GC(827) User=0.00s Sys=0.00s Real=0.00s
[339.331s][info][gc,heap,exit   ] Heap
[339.331s][info][gc,heap,exit   ]  PSYoungGen      total 79360K, used 3951K [0x00000007aab00000, 0x00000007bca00000, 0x0000000800000000)
[339.331s][info][gc,heap,exit   ]   eden space 78336K, 3% used [0x00000007aab00000,0x00000007aaddbe10,0x00000007af780000)
[339.331s][info][gc,heap,exit   ]   from space 1024K, 100% used [0x00000007bc900000,0x00000007bca00000,0x00000007bca00000)
[339.331s][info][gc,heap,exit   ]   to   space 1536K, 0% used [0x00000007bc700000,0x00000007bc700000,0x00000007bc880000)
[339.331s][info][gc,heap,exit   ]  ParOldGen       total 1398272K, used 9269K [0x0000000700000000, 0x0000000755580000, 0x00000007aab00000)
[339.331s][info][gc,heap,exit   ]   object space 1398272K, 0% used [0x0000000700000000,0x000000070090d560,0x0000000755580000)
[339.331s][info][gc,heap,exit   ]  Metaspace       used 10024K, committed 10368K, reserved 1114112K
[339.331s][info][gc,heap,exit   ]   class space    used 1310K, committed 1408K, reserved 1048576K
