[0.016s][info][gc,init] CardTable entry size: 512
[0.016s][info][gc     ] Using Parallel
[0.019s][info][gc,init] Version: 20+36-2344 (release)
[0.019s][info][gc,init] CPUs: 48 total, 48 available
[0.019s][info][gc,init] Memory: 382G
[0.019s][info][gc,init] Large Page Support: Disabled
[0.019s][info][gc,init] NUMA Support: Disabled
[0.019s][info][gc,init] Compressed Oops: Enabled (32-bit)
[0.019s][info][gc,init] Alignments: Space 512K, Generation 512K, Heap 2M
[0.019s][info][gc,init] Heap Min Capacity: 8M
[0.019s][info][gc,init] Heap Initial Capacity: 512M
[0.031s][info][gc,init] Heap Max Capacity: 512M
[0.031s][info][gc,init] Pre-touch: Disabled
[0.031s][info][gc,init] Parallel Workers: 33
[0.032s][info][gc,metaspace] CDS archive(s) mapped at: [0x0000000800000000-0x0000000800c60000-0x0000000800c60000), size 12976128, SharedBaseAddress: 0x0000000800000000, ArchiveRelocationMode: 0.
[0.032s][info][gc,metaspace] Compressed class space mapped at: 0x0000000801000000-0x0000000841000000, reserved size: 1073741824
[0.032s][info][gc,metaspace] Narrow klass base: 0x0000000800000000, Narrow klass shift: 0, Narrow klass range: 0x100000000
[1.229s][info][gc,start    ] GC(0) Pause Young (System.gc())
[1.234s][info][gc,heap     ] GC(0) PSYoungGen: 44829K(153088K)->4005K(153088K) Eden: 44829K(131584K)->0K(131584K) From: 0K(21504K)->4005K(21504K)
[1.234s][info][gc,heap     ] GC(0) ParOldGen: 0K(349696K)->16K(349696K)
[1.234s][info][gc,metaspace] GC(0) Metaspace: 8307K(8512K)->8307K(8512K) NonClass: 7192K(7296K)->7192K(7296K) Class: 1114K(1216K)->1114K(1216K)
[1.234s][info][gc          ] GC(0) Pause Young (System.gc()) 43M->3M(491M) 5.175ms
[1.234s][info][gc,cpu      ] GC(0) User=0.00s Sys=0.00s Real=0.00s
[1.235s][info][gc,start    ] GC(1) Pause Full (System.gc())
[1.235s][info][gc,phases,start] GC(1) Marking Phase
[1.243s][info][gc,phases      ] GC(1) Marking Phase 8.906ms
[1.244s][info][gc,phases,start] GC(1) Summary Phase
[1.244s][info][gc,phases      ] GC(1) Summary Phase 0.032ms
[1.244s][info][gc,phases,start] GC(1) Adjust Roots
[1.247s][info][gc,phases      ] GC(1) Adjust Roots 3.256ms
[1.247s][info][gc,phases,start] GC(1) Compaction Phase
[1.253s][info][gc,phases      ] GC(1) Compaction Phase 6.442ms
[1.253s][info][gc,phases,start] GC(1) Post Compact
[1.255s][info][gc,phases      ] GC(1) Post Compact 1.257ms
[1.255s][info][gc,heap        ] GC(1) PSYoungGen: 4005K(153088K)->0K(153088K) Eden: 0K(131584K)->0K(131584K) From: 4005K(21504K)->0K(21504K)
[1.255s][info][gc,heap        ] GC(1) ParOldGen: 16K(349696K)->3817K(349696K)
[1.255s][info][gc,metaspace   ] GC(1) Metaspace: 8307K(8512K)->8307K(8512K) NonClass: 7192K(7296K)->7192K(7296K) Class: 1114K(1216K)->1114K(1216K)
[1.255s][info][gc             ] GC(1) Pause Full (System.gc()) 3M->3M(491M) 20.264ms
[1.255s][info][gc,cpu         ] GC(1) User=0.23s Sys=0.02s Real=0.03s
[1.893s][info][gc,start       ] GC(2) Pause Young (Allocation Failure)
[1.895s][info][gc,heap        ] GC(2) PSYoungGen: 131584K(153088K)->1696K(153088K) Eden: 131584K(131584K)->0K(131584K) From: 0K(21504K)->1696K(21504K)
[1.895s][info][gc,heap        ] GC(2) ParOldGen: 3817K(349696K)->3825K(349696K)
[1.895s][info][gc,metaspace   ] GC(2) Metaspace: 9830K(10112K)->9830K(10112K) NonClass: 8526K(8704K)->8526K(8704K) Class: 1303K(1408K)->1303K(1408K)
[1.895s][info][gc             ] GC(2) Pause Young (Allocation Failure) 132M->5M(491M) 1.864ms
[1.895s][info][gc,cpu         ] GC(2) User=0.00s Sys=0.00s Real=0.00s
[2.404s][info][gc,start       ] GC(3) Pause Young (Allocation Failure)
[2.405s][info][gc,heap        ] GC(3) PSYoungGen: 133280K(153088K)->1600K(153088K) Eden: 131584K(131584K)->0K(131584K) From: 1696K(21504K)->1600K(21504K)
[2.405s][info][gc,heap        ] GC(3) ParOldGen: 3825K(349696K)->3833K(349696K)
[2.405s][info][gc,metaspace   ] GC(3) Metaspace: 9836K(10112K)->9836K(10112K) NonClass: 8533K(8704K)->8533K(8704K) Class: 1303K(1408K)->1303K(1408K)
[2.405s][info][gc             ] GC(3) Pause Young (Allocation Failure) 133M->5M(491M) 1.478ms
[2.406s][info][gc,cpu         ] GC(3) User=0.00s Sys=0.00s Real=0.00s
[2.929s][info][gc,start       ] GC(4) Pause Young (Allocation Failure)
[2.930s][info][gc,heap        ] GC(4) PSYoungGen: 133184K(153088K)->1760K(153088K) Eden: 131584K(131584K)->0K(131584K) From: 1600K(21504K)->1760K(21504K)
[2.930s][info][gc,heap        ] GC(4) ParOldGen: 3833K(349696K)->3841K(349696K)
[2.930s][info][gc,metaspace   ] GC(4) Metaspace: 9836K(10112K)->9836K(10112K) NonClass: 8533K(8704K)->8533K(8704K) Class: 1303K(1408K)->1303K(1408K)
[2.930s][info][gc             ] GC(4) Pause Young (Allocation Failure) 133M->5M(491M) 1.542ms
[2.930s][info][gc,cpu         ] GC(4) User=0.02s Sys=0.00s Real=0.02s
[3.446s][info][gc,start       ] GC(5) Pause Young (Allocation Failure)
[3.447s][info][gc,heap        ] GC(5) PSYoungGen: 133344K(153088K)->1696K(153088K) Eden: 131584K(131584K)->0K(131584K) From: 1760K(21504K)->1696K(21504K)
[3.447s][info][gc,heap        ] GC(5) ParOldGen: 3841K(349696K)->3849K(349696K)
[3.447s][info][gc,metaspace   ] GC(5) Metaspace: 9836K(10112K)->9836K(10112K) NonClass: 8533K(8704K)->8533K(8704K) Class: 1303K(1408K)->1303K(1408K)
[3.447s][info][gc             ] GC(5) Pause Young (Allocation Failure) 133M->5M(491M) 1.456ms
[3.448s][info][gc,cpu         ] GC(5) User=0.00s Sys=0.00s Real=0.00s
[3.968s][info][gc,start       ] GC(6) Pause Young (Allocation Failure)
[3.970s][info][gc,heap        ] GC(6) PSYoungGen: 133280K(153088K)->1760K(130560K) Eden: 131584K(131584K)->0K(128512K) From: 1696K(21504K)->1760K(2048K)
[3.970s][info][gc,heap        ] GC(6) ParOldGen: 3849K(349696K)->3857K(349696K)
[3.970s][info][gc,metaspace   ] GC(6) Metaspace: 9837K(10112K)->9837K(10112K) NonClass: 8533K(8704K)->8533K(8704K) Class: 1303K(1408K)->1303K(1408K)
[3.970s][info][gc             ] GC(6) Pause Young (Allocation Failure) 133M->5M(469M) 1.731ms
[3.970s][info][gc,cpu         ] GC(6) User=0.00s Sys=0.00s Real=0.00s
[4.473s][info][gc,start       ] GC(7) Pause Young (Allocation Failure)
[4.475s][info][gc,heap        ] GC(7) PSYoungGen: 130272K(130560K)->1760K(127488K) Eden: 128512K(128512K)->0K(125440K) From: 1760K(2048K)->1760K(2048K)
[4.475s][info][gc,heap        ] GC(7) ParOldGen: 3857K(349696K)->3865K(349696K)
[4.475s][info][gc,metaspace   ] GC(7) Metaspace: 9837K(10112K)->9837K(10112K) NonClass: 8533K(8704K)->8533K(8704K) Class: 1303K(1408K)->1303K(1408K)
[4.475s][info][gc             ] GC(7) Pause Young (Allocation Failure) 130M->5M(466M) 2.075ms
[4.475s][info][gc,cpu         ] GC(7) User=0.00s Sys=0.00s Real=0.00s
[4.965s][info][gc,start       ] GC(8) Pause Young (Allocation Failure)
[4.967s][info][gc,heap        ] GC(8) PSYoungGen: 127200K(127488K)->1408K(124416K) Eden: 125440K(125440K)->0K(122880K) From: 1760K(2048K)->1408K(1536K)
[4.967s][info][gc,heap        ] GC(8) ParOldGen: 3865K(349696K)->4225K(349696K)
[4.967s][info][gc,metaspace   ] GC(8) Metaspace: 9837K(10112K)->9837K(10112K) NonClass: 8533K(8704K)->8533K(8704K) Class: 1303K(1408K)->1303K(1408K)
[4.967s][info][gc             ] GC(8) Pause Young (Allocation Failure) 127M->5M(463M) 1.948ms
[4.967s][info][gc,cpu         ] GC(8) User=0.00s Sys=0.00s Real=0.00s
[5.445s][info][gc,start       ] GC(9) Pause Young (Allocation Failure)
[5.447s][info][gc,heap        ] GC(9) PSYoungGen: 124288K(124416K)->1280K(121856K) Eden: 122880K(122880K)->0K(120320K) From: 1408K(1536K)->1280K(1536K)
[5.447s][info][gc,heap        ] GC(9) ParOldGen: 4225K(349696K)->4433K(349696K)
[5.447s][info][gc,metaspace   ] GC(9) Metaspace: 9837K(10112K)->9837K(10112K) NonClass: 8533K(8704K)->8533K(8704K) Class: 1303K(1408K)->1303K(1408K)
[5.447s][info][gc             ] GC(9) Pause Young (Allocation Failure) 125M->5M(460M) 1.514ms
[5.447s][info][gc,cpu         ] GC(9) User=0.00s Sys=0.00s Real=0.00s
[5.911s][info][gc,start       ] GC(10) Pause Young (Allocation Failure)
[5.912s][info][gc,heap        ] GC(10) PSYoungGen: 121600K(121856K)->864K(118784K) Eden: 120320K(120320K)->0K(117760K) From: 1280K(1536K)->864K(1024K)
[5.912s][info][gc,heap        ] GC(10) ParOldGen: 4433K(349696K)->5097K(349696K)
[5.912s][info][gc,metaspace   ] GC(10) Metaspace: 9837K(10112K)->9837K(10112K) NonClass: 8533K(8704K)->8533K(8704K) Class: 1303K(1408K)->1303K(1408K)
[5.912s][info][gc             ] GC(10) Pause Young (Allocation Failure) 123M->5M(457M) 1.908ms
[5.912s][info][gc,cpu         ] GC(10) User=0.17s Sys=0.00s Real=0.01s
[6.374s][info][gc,start       ] GC(11) Pause Young (Allocation Failure)
[6.376s][info][gc,heap        ] GC(11) PSYoungGen: 118624K(118784K)->768K(116224K) Eden: 117760K(117760K)->0K(115200K) From: 864K(1024K)->768K(1024K)
[6.376s][info][gc,heap        ] GC(11) ParOldGen: 5097K(349696K)->5129K(349696K)
[6.376s][info][gc,metaspace   ] GC(11) Metaspace: 9837K(10112K)->9837K(10112K) NonClass: 8533K(8704K)->8533K(8704K) Class: 1303K(1408K)->1303K(1408K)
[6.376s][info][gc             ] GC(11) Pause Young (Allocation Failure) 120M->5M(455M) 1.270ms
[6.376s][info][gc,cpu         ] GC(11) User=0.00s Sys=0.00s Real=0.00s
[6.825s][info][gc,start       ] GC(12) Pause Young (Allocation Failure)
[6.826s][info][gc,heap        ] GC(12) PSYoungGen: 115968K(116224K)->608K(113664K) Eden: 115200K(115200K)->0K(112640K) From: 768K(1024K)->608K(1024K)
[6.826s][info][gc,heap        ] GC(12) ParOldGen: 5129K(349696K)->5321K(349696K)
[6.826s][info][gc,metaspace   ] GC(12) Metaspace: 9837K(10112K)->9837K(10112K) NonClass: 8533K(8704K)->8533K(8704K) Class: 1303K(1408K)->1303K(1408K)
[6.826s][info][gc             ] GC(12) Pause Young (Allocation Failure) 118M->5M(452M) 1.335ms
[6.826s][info][gc,cpu         ] GC(12) User=0.00s Sys=0.00s Real=0.00s
[7.249s][info][gc,start       ] GC(13) Pause Young (Allocation Failure)
[7.250s][info][gc,heap        ] GC(13) PSYoungGen: 113248K(113664K)->640K(111104K) Eden: 112640K(112640K)->0K(110080K) From: 608K(1024K)->640K(1024K)
[7.250s][info][gc,heap        ] GC(13) ParOldGen: 5321K(349696K)->5321K(349696K)
[7.250s][info][gc,metaspace   ] GC(13) Metaspace: 9837K(10112K)->9837K(10112K) NonClass: 8533K(8704K)->8533K(8704K) Class: 1303K(1408K)->1303K(1408K)
[7.251s][info][gc             ] GC(13) Pause Young (Allocation Failure) 115M->5M(450M) 1.113ms
[7.251s][info][gc,cpu         ] GC(13) User=0.00s Sys=0.00s Real=0.00s
[7.682s][info][gc,start       ] GC(14) Pause Young (Allocation Failure)
[7.683s][info][gc,heap        ] GC(14) PSYoungGen: 110720K(111104K)->576K(109056K) Eden: 110080K(110080K)->0K(108032K) From: 640K(1024K)->576K(1024K)
[7.683s][info][gc,heap        ] GC(14) ParOldGen: 5321K(349696K)->5321K(349696K)
[7.683s][info][gc,metaspace   ] GC(14) Metaspace: 9837K(10112K)->9837K(10112K) NonClass: 8533K(8704K)->8533K(8704K) Class: 1303K(1408K)->1303K(1408K)
[7.683s][info][gc             ] GC(14) Pause Young (Allocation Failure) 113M->5M(448M) 0.954ms
[7.683s][info][gc,cpu         ] GC(14) User=0.00s Sys=0.00s Real=0.00s
[7.935s][info][gc,start       ] GC(15) Pause Young (System.gc())
[7.936s][info][gc,heap        ] GC(15) PSYoungGen: 62336K(109056K)->640K(109056K) Eden: 61760K(108032K)->0K(108032K) From: 576K(1024K)->640K(1024K)
[7.936s][info][gc,heap        ] GC(15) ParOldGen: 5321K(349696K)->5321K(349696K)
[7.936s][info][gc,metaspace   ] GC(15) Metaspace: 9898K(10240K)->9898K(10240K) NonClass: 8583K(8768K)->8583K(8768K) Class: 1314K(1472K)->1314K(1472K)
[7.936s][info][gc             ] GC(15) Pause Young (System.gc()) 66M->5M(448M) 0.941ms
[7.936s][info][gc,cpu         ] GC(15) User=0.00s Sys=0.00s Real=0.00s
[7.937s][info][gc,start       ] GC(16) Pause Full (System.gc())
[7.937s][info][gc,phases,start] GC(16) Marking Phase
[7.956s][info][gc,phases      ] GC(16) Marking Phase 18.997ms
[7.956s][info][gc,phases,start] GC(16) Summary Phase
[7.956s][info][gc,phases      ] GC(16) Summary Phase 0.030ms
[7.956s][info][gc,phases,start] GC(16) Adjust Roots
[7.961s][info][gc,phases      ] GC(16) Adjust Roots 5.316ms
[7.961s][info][gc,phases,start] GC(16) Compaction Phase
[7.968s][info][gc,phases      ] GC(16) Compaction Phase 6.765ms
[7.968s][info][gc,phases,start] GC(16) Post Compact
[7.968s][info][gc,phases      ] GC(16) Post Compact 0.486ms
[7.968s][info][gc,heap        ] GC(16) PSYoungGen: 640K(109056K)->0K(109056K) Eden: 0K(108032K)->0K(108032K) From: 640K(1024K)->0K(1024K)
[7.968s][info][gc,heap        ] GC(16) ParOldGen: 5321K(349696K)->4068K(349696K)
[7.969s][info][gc,metaspace   ] GC(16) Metaspace: 9898K(10240K)->9857K(10240K) NonClass: 8583K(8768K)->8554K(8768K) Class: 1314K(1472K)->1302K(1472K)
[7.969s][info][gc             ] GC(16) Pause Full (System.gc()) 5M->3M(448M) 31.947ms
[7.969s][info][gc,cpu         ] GC(16) User=0.17s Sys=0.00s Real=0.03s
[8.412s][info][gc,start       ] GC(17) Pause Young (Allocation Failure)
[8.414s][info][gc,heap        ] GC(17) PSYoungGen: 108032K(109056K)->1312K(107520K) Eden: 108032K(108032K)->0K(105984K) From: 0K(1024K)->1312K(1536K)
[8.414s][info][gc,heap        ] GC(17) ParOldGen: 4068K(349696K)->4076K(349696K)
[8.414s][info][gc,metaspace   ] GC(17) Metaspace: 9857K(10240K)->9857K(10240K) NonClass: 8554K(8768K)->8554K(8768K) Class: 1302K(1472K)->1302K(1472K)
[8.414s][info][gc             ] GC(17) Pause Young (Allocation Failure) 109M->5M(446M) 2.009ms
[8.414s][info][gc,cpu         ] GC(17) User=0.00s Sys=0.00s Real=0.00s
[8.841s][info][gc,start       ] GC(18) Pause Young (Allocation Failure)
[8.843s][info][gc,heap        ] GC(18) PSYoungGen: 107296K(107520K)->1120K(105472K) Eden: 105984K(105984K)->0K(103936K) From: 1312K(1536K)->1120K(1536K)
[8.843s][info][gc,heap        ] GC(18) ParOldGen: 4076K(349696K)->4332K(349696K)
[8.843s][info][gc,metaspace   ] GC(18) Metaspace: 9857K(10240K)->9857K(10240K) NonClass: 8554K(8768K)->8554K(8768K) Class: 1302K(1472K)->1302K(1472K)
[8.843s][info][gc             ] GC(18) Pause Young (Allocation Failure) 108M->5M(444M) 1.342ms
[8.843s][info][gc,cpu         ] GC(18) User=0.02s Sys=0.00s Real=0.02s
[9.263s][info][gc,start       ] GC(19) Pause Young (Allocation Failure)
[9.265s][info][gc,heap        ] GC(19) PSYoungGen: 105056K(105472K)->832K(102912K) Eden: 103936K(103936K)->0K(101888K) From: 1120K(1536K)->832K(1024K)
[9.265s][info][gc,heap        ] GC(19) ParOldGen: 4332K(349696K)->4740K(349696K)
[9.265s][info][gc,metaspace   ] GC(19) Metaspace: 9857K(10240K)->9857K(10240K) NonClass: 8554K(8768K)->8554K(8768K) Class: 1302K(1472K)->1302K(1472K)
[9.265s][info][gc             ] GC(19) Pause Young (Allocation Failure) 106M->5M(442M) 1.525ms
[9.265s][info][gc,cpu         ] GC(19) User=0.13s Sys=0.03s Real=0.02s
[9.676s][info][gc,start       ] GC(20) Pause Young (Allocation Failure)
[9.678s][info][gc,heap        ] GC(20) PSYoungGen: 102720K(102912K)->832K(100864K) Eden: 101888K(101888K)->0K(99840K) From: 832K(1024K)->832K(1024K)
[9.678s][info][gc,heap        ] GC(20) ParOldGen: 4740K(349696K)->4980K(349696K)
[9.678s][info][gc,metaspace   ] GC(20) Metaspace: 9857K(10240K)->9857K(10240K) NonClass: 8554K(8768K)->8554K(8768K) Class: 1302K(1472K)->1302K(1472K)
[9.678s][info][gc             ] GC(20) Pause Young (Allocation Failure) 104M->5M(440M) 1.297ms
[9.678s][info][gc,cpu         ] GC(20) User=0.00s Sys=0.00s Real=0.00s
[10.080s][info][gc,start       ] GC(21) Pause Young (Allocation Failure)
[10.082s][info][gc,heap        ] GC(21) PSYoungGen: 100672K(100864K)->704K(98816K) Eden: 99840K(99840K)->0K(97792K) From: 832K(1024K)->704K(1024K)
[10.082s][info][gc,heap        ] GC(21) ParOldGen: 4980K(349696K)->5220K(349696K)
[10.082s][info][gc,metaspace   ] GC(21) Metaspace: 9857K(10240K)->9857K(10240K) NonClass: 8554K(8768K)->8554K(8768K) Class: 1302K(1472K)->1302K(1472K)
[10.082s][info][gc             ] GC(21) Pause Young (Allocation Failure) 103M->5M(438M) 1.508ms
[10.082s][info][gc,cpu         ] GC(21) User=0.00s Sys=0.00s Real=0.00s
[10.474s][info][gc,start       ] GC(22) Pause Young (Allocation Failure)
[10.475s][info][gc,heap        ] GC(22) PSYoungGen: 98496K(98816K)->768K(96768K) Eden: 97792K(97792K)->0K(95744K) From: 704K(1024K)->768K(1024K)
[10.475s][info][gc,heap        ] GC(22) ParOldGen: 5220K(349696K)->5220K(349696K)
[10.475s][info][gc,metaspace   ] GC(22) Metaspace: 9857K(10240K)->9857K(10240K) NonClass: 8554K(8768K)->8554K(8768K) Class: 1302K(1472K)->1302K(1472K)
[10.476s][info][gc             ] GC(22) Pause Young (Allocation Failure) 101M->5M(436M) 1.123ms
[10.476s][info][gc,cpu         ] GC(22) User=0.00s Sys=0.00s Real=0.00s
[10.868s][info][gc,start       ] GC(23) Pause Young (Allocation Failure)
[10.870s][info][gc,heap        ] GC(23) PSYoungGen: 96512K(96768K)->928K(95232K) Eden: 95744K(95744K)->0K(94208K) From: 768K(1024K)->928K(1024K)
[10.870s][info][gc,heap        ] GC(23) ParOldGen: 5220K(349696K)->5252K(349696K)
[10.870s][info][gc,metaspace   ] GC(23) Metaspace: 9857K(10240K)->9857K(10240K) NonClass: 8554K(8768K)->8554K(8768K) Class: 1302K(1472K)->1302K(1472K)
[10.870s][info][gc             ] GC(23) Pause Young (Allocation Failure) 99M->6M(434M) 1.412ms
[10.870s][info][gc,cpu         ] GC(23) User=0.00s Sys=0.00s Real=0.00s
[11.262s][info][gc,start       ] GC(24) Pause Young (Allocation Failure)
[11.263s][info][gc,heap        ] GC(24) PSYoungGen: 95136K(95232K)->800K(93696K) Eden: 94208K(94208K)->0K(92672K) From: 928K(1024K)->800K(1024K)
[11.263s][info][gc,heap        ] GC(24) ParOldGen: 5252K(349696K)->5460K(349696K)
[11.263s][info][gc,metaspace   ] GC(24) Metaspace: 9857K(10240K)->9857K(10240K) NonClass: 8554K(8768K)->8554K(8768K) Class: 1302K(1472K)->1302K(1472K)
[11.263s][info][gc             ] GC(24) Pause Young (Allocation Failure) 98M->6M(433M) 1.280ms
[11.263s][info][gc,cpu         ] GC(24) User=0.00s Sys=0.00s Real=0.00s
[11.641s][info][gc,start       ] GC(25) Pause Young (Allocation Failure)
[11.642s][info][gc,heap        ] GC(25) PSYoungGen: 93472K(93696K)->576K(92160K) Eden: 92672K(92672K)->0K(91136K) From: 800K(1024K)->576K(1024K)
[11.642s][info][gc,heap        ] GC(25) ParOldGen: 5460K(349696K)->5708K(349696K)
[11.642s][info][gc,metaspace   ] GC(25) Metaspace: 9857K(10240K)->9857K(10240K) NonClass: 8554K(8768K)->8554K(8768K) Class: 1302K(1472K)->1302K(1472K)
[11.642s][info][gc             ] GC(25) Pause Young (Allocation Failure) 96M->6M(431M) 1.393ms
[11.642s][info][gc,cpu         ] GC(25) User=0.00s Sys=0.00s Real=0.00s
[12.010s][info][gc,start       ] GC(26) Pause Young (Allocation Failure)
[12.011s][info][gc,heap        ] GC(26) PSYoungGen: 91712K(92160K)->800K(90624K) Eden: 91136K(91136K)->0K(89600K) From: 576K(1024K)->800K(1024K)
[12.011s][info][gc,heap        ] GC(26) ParOldGen: 5708K(349696K)->5780K(349696K)
[12.011s][info][gc,metaspace   ] GC(26) Metaspace: 9857K(10240K)->9857K(10240K) NonClass: 8554K(8768K)->8554K(8768K) Class: 1302K(1472K)->1302K(1472K)
[12.012s][info][gc             ] GC(26) Pause Young (Allocation Failure) 95M->6M(430M) 1.083ms
[12.012s][info][gc,cpu         ] GC(26) User=0.00s Sys=0.00s Real=0.00s
[12.374s][info][gc,start       ] GC(27) Pause Young (Allocation Failure)
[12.375s][info][gc,heap        ] GC(27) PSYoungGen: 90400K(90624K)->640K(89088K) Eden: 89600K(89600K)->0K(88064K) From: 800K(1024K)->640K(1024K)
[12.375s][info][gc,heap        ] GC(27) ParOldGen: 5780K(349696K)->5988K(349696K)
[12.375s][info][gc,metaspace   ] GC(27) Metaspace: 9857K(10240K)->9857K(10240K) NonClass: 8554K(8768K)->8554K(8768K) Class: 1302K(1472K)->1302K(1472K)
[12.375s][info][gc             ] GC(27) Pause Young (Allocation Failure) 93M->6M(428M) 1.534ms
[12.375s][info][gc,cpu         ] GC(27) User=0.00s Sys=0.00s Real=0.00s
[12.724s][info][gc,start       ] GC(28) Pause Young (Allocation Failure)
[12.725s][info][gc,heap        ] GC(28) PSYoungGen: 88704K(89088K)->640K(87552K) Eden: 88064K(88064K)->0K(86528K) From: 640K(1024K)->640K(1024K)
[12.725s][info][gc,heap        ] GC(28) ParOldGen: 5988K(349696K)->5988K(349696K)
[12.725s][info][gc,metaspace   ] GC(28) Metaspace: 9857K(10240K)->9857K(10240K) NonClass: 8554K(8768K)->8554K(8768K) Class: 1302K(1472K)->1302K(1472K)
[12.725s][info][gc             ] GC(28) Pause Young (Allocation Failure) 92M->6M(427M) 1.018ms
[12.725s][info][gc,cpu         ] GC(28) User=0.00s Sys=0.00s Real=0.00s
[13.061s][info][gc,start       ] GC(29) Pause Young (Allocation Failure)
[13.062s][info][gc,heap        ] GC(29) PSYoungGen: 87168K(87552K)->608K(86016K) Eden: 86528K(86528K)->0K(84992K) From: 640K(1024K)->608K(1024K)
[13.062s][info][gc,heap        ] GC(29) ParOldGen: 5988K(349696K)->5988K(349696K)
[13.062s][info][gc,metaspace   ] GC(29) Metaspace: 9857K(10240K)->9857K(10240K) NonClass: 8554K(8768K)->8554K(8768K) Class: 1302K(1472K)->1302K(1472K)
[13.062s][info][gc             ] GC(29) Pause Young (Allocation Failure) 90M->6M(425M) 1.377ms
[13.062s][info][gc,cpu         ] GC(29) User=0.00s Sys=0.00s Real=0.00s
[13.405s][info][gc,start       ] GC(30) Pause Young (Allocation Failure)
[13.406s][info][gc,heap        ] GC(30) PSYoungGen: 85600K(86016K)->640K(86016K) Eden: 84992K(84992K)->0K(83456K) From: 608K(1024K)->640K(2560K)
[13.406s][info][gc,heap        ] GC(30) ParOldGen: 5988K(349696K)->5988K(349696K)
[13.406s][info][gc,metaspace   ] GC(30) Metaspace: 9857K(10240K)->9857K(10240K) NonClass: 8554K(8768K)->8554K(8768K) Class: 1302K(1472K)->1302K(1472K)
[13.406s][info][gc             ] GC(30) Pause Young (Allocation Failure) 89M->6M(425M) 0.994ms
[13.406s][info][gc,cpu         ] GC(30) User=0.00s Sys=0.00s Real=0.00s
[13.755s][info][gc,start       ] GC(31) Pause Young (Allocation Failure)
[13.756s][info][gc,heap        ] GC(31) PSYoungGen: 84096K(86016K)->640K(82944K) Eden: 83456K(83456K)->0K(81920K) From: 640K(2560K)->640K(1024K)
[13.756s][info][gc,heap        ] GC(31) ParOldGen: 5988K(349696K)->5988K(349696K)
[13.756s][info][gc,metaspace   ] GC(31) Metaspace: 9857K(10240K)->9857K(10240K) NonClass: 8554K(8768K)->8554K(8768K) Class: 1302K(1472K)->1302K(1472K)
[13.756s][info][gc             ] GC(31) Pause Young (Allocation Failure) 87M->6M(422M) 1.071ms
[13.756s][info][gc,cpu         ] GC(31) User=0.00s Sys=0.00s Real=0.00s
[14.093s][info][gc,start       ] GC(32) Pause Young (Allocation Failure)
[14.094s][info][gc,heap        ] GC(32) PSYoungGen: 82560K(82944K)->640K(81408K) Eden: 81920K(81920K)->0K(80384K) From: 640K(1024K)->640K(1024K)
[14.094s][info][gc,heap        ] GC(32) ParOldGen: 5988K(349696K)->5988K(349696K)
[14.094s][info][gc,metaspace   ] GC(32) Metaspace: 9857K(10240K)->9857K(10240K) NonClass: 8554K(8768K)->8554K(8768K) Class: 1302K(1472K)->1302K(1472K)
[14.094s][info][gc             ] GC(32) Pause Young (Allocation Failure) 86M->6M(421M) 1.048ms
[14.094s][info][gc,cpu         ] GC(32) User=0.00s Sys=0.00s Real=0.00s
[14.430s][info][gc,start       ] GC(33) Pause Young (Allocation Failure)
[14.431s][info][gc,heap        ] GC(33) PSYoungGen: 81024K(81408K)->640K(80384K) Eden: 80384K(80384K)->0K(79360K) From: 640K(1024K)->640K(1024K)
[14.431s][info][gc,heap        ] GC(33) ParOldGen: 5988K(349696K)->5988K(349696K)
[14.431s][info][gc,metaspace   ] GC(33) Metaspace: 9857K(10240K)->9857K(10240K) NonClass: 8554K(8768K)->8554K(8768K) Class: 1302K(1472K)->1302K(1472K)
[14.431s][info][gc             ] GC(33) Pause Young (Allocation Failure) 84M->6M(420M) 1.182ms
[14.431s][info][gc,cpu         ] GC(33) User=0.00s Sys=0.00s Real=0.00s
[14.640s][info][gc,start       ] GC(34) Pause Young (System.gc())
[14.640s][info][gc,heap        ] GC(34) PSYoungGen: 50072K(80384K)->640K(80384K) Eden: 49432K(79360K)->0K(79360K) From: 640K(1024K)->640K(1024K)
[14.640s][info][gc,heap        ] GC(34) ParOldGen: 5988K(349696K)->5988K(349696K)
[14.641s][info][gc,metaspace   ] GC(34) Metaspace: 9857K(10240K)->9857K(10240K) NonClass: 8554K(8768K)->8554K(8768K) Class: 1302K(1472K)->1302K(1472K)
[14.641s][info][gc             ] GC(34) Pause Young (System.gc()) 54M->6M(420M) 0.952ms
[14.641s][info][gc,cpu         ] GC(34) User=0.00s Sys=0.00s Real=0.00s
[14.641s][info][gc,start       ] GC(35) Pause Full (System.gc())
[14.641s][info][gc,phases,start] GC(35) Marking Phase
[14.656s][info][gc,phases      ] GC(35) Marking Phase 15.043ms
[14.656s][info][gc,phases,start] GC(35) Summary Phase
[14.656s][info][gc,phases      ] GC(35) Summary Phase 0.031ms
[14.656s][info][gc,phases,start] GC(35) Adjust Roots
[14.660s][info][gc,phases      ] GC(35) Adjust Roots 4.003ms
[14.660s][info][gc,phases,start] GC(35) Compaction Phase
[14.663s][info][gc,phases      ] GC(35) Compaction Phase 3.044ms
[14.663s][info][gc,phases,start] GC(35) Post Compact
[14.663s][info][gc,phases      ] GC(35) Post Compact 0.310ms
[14.663s][info][gc,heap        ] GC(35) PSYoungGen: 640K(80384K)->0K(80384K) Eden: 0K(79360K)->0K(79360K) From: 640K(1024K)->0K(1024K)
[14.663s][info][gc,heap        ] GC(35) ParOldGen: 5988K(349696K)->4073K(349696K)
[14.663s][info][gc,metaspace   ] GC(35) Metaspace: 9857K(10240K)->9857K(10240K) NonClass: 8554K(8768K)->8554K(8768K) Class: 1302K(1472K)->1302K(1472K)
[14.663s][info][gc             ] GC(35) Pause Full (System.gc()) 6M->3M(420M) 22.751ms
[14.664s][info][gc,cpu         ] GC(35) User=0.02s Sys=0.00s Real=0.01s
[14.991s][info][gc,start       ] GC(36) Pause Young (Allocation Failure)
[14.993s][info][gc,heap        ] GC(36) PSYoungGen: 79360K(80384K)->1472K(79872K) Eden: 79360K(79360K)->0K(78336K) From: 0K(1024K)->1472K(1536K)
[14.993s][info][gc,heap        ] GC(36) ParOldGen: 4073K(349696K)->4073K(349696K)
[14.993s][info][gc,metaspace   ] GC(36) Metaspace: 9864K(10240K)->9864K(10240K) NonClass: 8561K(8768K)->8561K(8768K) Class: 1302K(1472K)->1302K(1472K)
[14.993s][info][gc             ] GC(36) Pause Young (Allocation Failure) 81M->5M(419M) 1.430ms
[14.993s][info][gc,cpu         ] GC(36) User=0.00s Sys=0.00s Real=0.00s
[15.315s][info][gc,start       ] GC(37) Pause Young (Allocation Failure)
[15.379s][info][gc,heap        ] GC(37) PSYoungGen: 79808K(79872K)->992K(78336K) Eden: 78336K(78336K)->0K(77312K) From: 1472K(1536K)->992K(1024K)
[15.379s][info][gc,heap        ] GC(37) ParOldGen: 4073K(349696K)->4489K(349696K)
[15.379s][info][gc,metaspace   ] GC(37) Metaspace: 9864K(10240K)->9864K(10240K) NonClass: 8561K(8768K)->8561K(8768K) Class: 1302K(1472K)->1302K(1472K)
[15.379s][info][gc             ] GC(37) Pause Young (Allocation Failure) 81M->5M(418M) 64.324ms
[15.379s][info][gc,cpu         ] GC(37) User=0.00s Sys=0.00s Real=0.05s
[15.689s][info][gc,start       ] GC(38) Pause Young (Allocation Failure)
[15.690s][info][gc,heap        ] GC(38) PSYoungGen: 78304K(78336K)->960K(77312K) Eden: 77312K(77312K)->0K(76288K) From: 992K(1024K)->960K(1024K)
[15.690s][info][gc,heap        ] GC(38) ParOldGen: 4489K(349696K)->4721K(349696K)
[15.690s][info][gc,metaspace   ] GC(38) Metaspace: 9864K(10240K)->9864K(10240K) NonClass: 8561K(8768K)->8561K(8768K) Class: 1302K(1472K)->1302K(1472K)
[15.690s][info][gc             ] GC(38) Pause Young (Allocation Failure) 80M->5M(417M) 1.388ms
[15.690s][info][gc,cpu         ] GC(38) User=0.00s Sys=0.00s Real=0.00s
[16.001s][info][gc,start       ] GC(39) Pause Young (Allocation Failure)
[16.002s][info][gc,heap        ] GC(39) PSYoungGen: 77248K(77312K)->704K(76288K) Eden: 76288K(76288K)->0K(75264K) From: 960K(1024K)->704K(1024K)
[16.002s][info][gc,heap        ] GC(39) ParOldGen: 4721K(349696K)->5073K(349696K)
[16.002s][info][gc,metaspace   ] GC(39) Metaspace: 9864K(10240K)->9864K(10240K) NonClass: 8561K(8768K)->8561K(8768K) Class: 1302K(1472K)->1302K(1472K)
[16.002s][info][gc             ] GC(39) Pause Young (Allocation Failure) 80M->5M(416M) 1.262ms
[16.002s][info][gc,cpu         ] GC(39) User=0.00s Sys=0.00s Real=0.00s
[16.300s][info][gc,start       ] GC(40) Pause Young (Allocation Failure)
[16.302s][info][gc,heap        ] GC(40) PSYoungGen: 75968K(76288K)->992K(75264K) Eden: 75264K(75264K)->0K(74240K) From: 704K(1024K)->992K(1024K)
[16.302s][info][gc,heap        ] GC(40) ParOldGen: 5073K(349696K)->5105K(349696K)
[16.302s][info][gc,metaspace   ] GC(40) Metaspace: 9864K(10240K)->9864K(10240K) NonClass: 8561K(8768K)->8561K(8768K) Class: 1302K(1472K)->1302K(1472K)
[16.302s][info][gc             ] GC(40) Pause Young (Allocation Failure) 79M->5M(415M) 1.390ms
[16.302s][info][gc,cpu         ] GC(40) User=0.00s Sys=0.00s Real=0.00s
[16.600s][info][gc,start       ] GC(41) Pause Young (Allocation Failure)
[16.601s][info][gc,heap        ] GC(41) PSYoungGen: 75232K(75264K)->864K(74240K) Eden: 74240K(74240K)->0K(73216K) From: 992K(1024K)->864K(1024K)
[16.601s][info][gc,heap        ] GC(41) ParOldGen: 5105K(349696K)->5529K(349696K)
[16.601s][info][gc,metaspace   ] GC(41) Metaspace: 9864K(10240K)->9864K(10240K) NonClass: 8561K(8768K)->8561K(8768K) Class: 1302K(1472K)->1302K(1472K)
[16.601s][info][gc             ] GC(41) Pause Young (Allocation Failure) 78M->6M(414M) 1.458ms
[16.601s][info][gc,cpu         ] GC(41) User=0.00s Sys=0.00s Real=0.00s
[16.891s][info][gc,start       ] GC(42) Pause Young (Allocation Failure)
[16.892s][info][gc,heap        ] GC(42) PSYoungGen: 74080K(74240K)->896K(73216K) Eden: 73216K(73216K)->0K(72192K) From: 864K(1024K)->896K(1024K)
[16.892s][info][gc,heap        ] GC(42) ParOldGen: 5529K(349696K)->5769K(349696K)
[16.892s][info][gc,metaspace   ] GC(42) Metaspace: 9864K(10240K)->9864K(10240K) NonClass: 8561K(8768K)->8561K(8768K) Class: 1302K(1472K)->1302K(1472K)
[16.892s][info][gc             ] GC(42) Pause Young (Allocation Failure) 77M->6M(413M) 1.391ms
[16.893s][info][gc,cpu         ] GC(42) User=0.00s Sys=0.00s Real=0.00s
[17.192s][info][gc,start       ] GC(43) Pause Young (Allocation Failure)
[17.193s][info][gc,heap        ] GC(43) PSYoungGen: 73088K(73216K)->576K(72192K) Eden: 72192K(72192K)->0K(71168K) From: 896K(1024K)->576K(1024K)
[17.193s][info][gc,heap        ] GC(43) ParOldGen: 5769K(349696K)->6121K(349696K)
[17.193s][info][gc,metaspace   ] GC(43) Metaspace: 9864K(10240K)->9864K(10240K) NonClass: 8561K(8768K)->8561K(8768K) Class: 1302K(1472K)->1302K(1472K)
[17.193s][info][gc             ] GC(43) Pause Young (Allocation Failure) 77M->6M(412M) 1.286ms
[17.193s][info][gc,cpu         ] GC(43) User=0.00s Sys=0.00s Real=0.00s
[17.474s][info][gc,start       ] GC(44) Pause Young (Allocation Failure)
[17.475s][info][gc,heap        ] GC(44) PSYoungGen: 71744K(72192K)->640K(71168K) Eden: 71168K(71168K)->0K(70144K) From: 576K(1024K)->640K(1024K)
[17.475s][info][gc,heap        ] GC(44) ParOldGen: 6121K(349696K)->6121K(349696K)
[17.475s][info][gc,metaspace   ] GC(44) Metaspace: 9864K(10240K)->9864K(10240K) NonClass: 8561K(8768K)->8561K(8768K) Class: 1302K(1472K)->1302K(1472K)
[17.475s][info][gc             ] GC(44) Pause Young (Allocation Failure) 76M->6M(411M) 0.982ms
[17.475s][info][gc,cpu         ] GC(44) User=0.00s Sys=0.00s Real=0.00s
[17.763s][info][gc,start       ] GC(45) Pause Young (Allocation Failure)
[17.764s][info][gc,heap        ] GC(45) PSYoungGen: 70784K(71168K)->768K(70144K) Eden: 70144K(70144K)->0K(69120K) From: 640K(1024K)->768K(1024K)
[17.764s][info][gc,heap        ] GC(45) ParOldGen: 6121K(349696K)->6121K(349696K)
[17.765s][info][gc,metaspace   ] GC(45) Metaspace: 9864K(10240K)->9864K(10240K) NonClass: 8561K(8768K)->8561K(8768K) Class: 1302K(1472K)->1302K(1472K)
[17.765s][info][gc             ] GC(45) Pause Young (Allocation Failure) 75M->6M(410M) 1.170ms
[17.765s][info][gc,cpu         ] GC(45) User=0.00s Sys=0.00s Real=0.00s
[18.039s][info][gc,start       ] GC(46) Pause Young (Allocation Failure)
[18.040s][info][gc,heap        ] GC(46) PSYoungGen: 69888K(70144K)->544K(69120K) Eden: 69120K(69120K)->0K(68096K) From: 768K(1024K)->544K(1024K)
[18.040s][info][gc,heap        ] GC(46) ParOldGen: 6121K(349696K)->6353K(349696K)
[18.040s][info][gc,metaspace   ] GC(46) Metaspace: 9864K(10240K)->9864K(10240K) NonClass: 8561K(8768K)->8561K(8768K) Class: 1302K(1472K)->1302K(1472K)
[18.040s][info][gc             ] GC(46) Pause Young (Allocation Failure) 74M->6M(409M) 1.152ms
[18.040s][info][gc,cpu         ] GC(46) User=0.00s Sys=0.00s Real=0.00s
[18.319s][info][gc,start       ] GC(47) Pause Young (Allocation Failure)
[18.320s][info][gc,heap        ] GC(47) PSYoungGen: 68640K(69120K)->704K(68096K) Eden: 68096K(68096K)->0K(67072K) From: 544K(1024K)->704K(1024K)
[18.320s][info][gc,heap        ] GC(47) ParOldGen: 6353K(349696K)->6353K(349696K)
[18.320s][info][gc,metaspace   ] GC(47) Metaspace: 9864K(10240K)->9864K(10240K) NonClass: 8561K(8768K)->8561K(8768K) Class: 1302K(1472K)->1302K(1472K)
[18.320s][info][gc             ] GC(47) Pause Young (Allocation Failure) 73M->6M(408M) 1.079ms
[18.320s][info][gc,cpu         ] GC(47) User=0.00s Sys=0.00s Real=0.00s
[18.595s][info][gc,start       ] GC(48) Pause Young (Allocation Failure)
[18.596s][info][gc,heap        ] GC(48) PSYoungGen: 67776K(68096K)->800K(67072K) Eden: 67072K(67072K)->0K(66048K) From: 704K(1024K)->800K(1024K)
[18.597s][info][gc,heap        ] GC(48) ParOldGen: 6353K(349696K)->6537K(349696K)
[18.597s][info][gc,metaspace   ] GC(48) Metaspace: 9864K(10240K)->9864K(10240K) NonClass: 8561K(8768K)->8561K(8768K) Class: 1302K(1472K)->1302K(1472K)
[18.597s][info][gc             ] GC(48) Pause Young (Allocation Failure) 72M->7M(407M) 1.250ms
[18.597s][info][gc,cpu         ] GC(48) User=0.00s Sys=0.00s Real=0.00s
[18.864s][info][gc,start       ] GC(49) Pause Young (Allocation Failure)
[18.865s][info][gc,heap        ] GC(49) PSYoungGen: 66848K(67072K)->832K(66048K) Eden: 66048K(66048K)->0K(65024K) From: 800K(1024K)->832K(1024K)
[18.865s][info][gc,heap        ] GC(49) ParOldGen: 6537K(349696K)->6809K(349696K)
[18.865s][info][gc,metaspace   ] GC(49) Metaspace: 9864K(10240K)->9864K(10240K) NonClass: 8561K(8768K)->8561K(8768K) Class: 1302K(1472K)->1302K(1472K)
[18.865s][info][gc             ] GC(49) Pause Young (Allocation Failure) 71M->7M(406M) 1.335ms
[18.865s][info][gc,cpu         ] GC(49) User=0.14s Sys=0.00s Real=0.02s
[19.127s][info][gc,start       ] GC(50) Pause Young (Allocation Failure)
[19.128s][info][gc,heap        ] GC(50) PSYoungGen: 65856K(66048K)->672K(65024K) Eden: 65024K(65024K)->0K(64000K) From: 832K(1024K)->672K(1024K)
[19.128s][info][gc,heap        ] GC(50) ParOldGen: 6809K(349696K)->6993K(349696K)
[19.128s][info][gc,metaspace   ] GC(50) Metaspace: 9864K(10240K)->9864K(10240K) NonClass: 8561K(8768K)->8561K(8768K) Class: 1302K(1472K)->1302K(1472K)
[19.128s][info][gc             ] GC(50) Pause Young (Allocation Failure) 70M->7M(405M) 1.176ms
[19.128s][info][gc,cpu         ] GC(50) User=0.00s Sys=0.00s Real=0.00s
[19.383s][info][gc,start       ] GC(51) Pause Young (Allocation Failure)
[19.384s][info][gc,heap        ] GC(51) PSYoungGen: 64672K(65024K)->576K(64000K) Eden: 64000K(64000K)->0K(62976K) From: 672K(1024K)->576K(1024K)
[19.384s][info][gc,heap        ] GC(51) ParOldGen: 6993K(349696K)->6993K(349696K)
[19.384s][info][gc,metaspace   ] GC(51) Metaspace: 9864K(10240K)->9864K(10240K) NonClass: 8561K(8768K)->8561K(8768K) Class: 1302K(1472K)->1302K(1472K)
[19.384s][info][gc             ] GC(51) Pause Young (Allocation Failure) 69M->7M(404M) 1.022ms
[19.384s][info][gc,cpu         ] GC(51) User=0.00s Sys=0.00s Real=0.00s
[19.636s][info][gc,start       ] GC(52) Pause Young (Allocation Failure)
[19.637s][info][gc,heap        ] GC(52) PSYoungGen: 63552K(64000K)->576K(63488K) Eden: 62976K(62976K)->0K(62464K) From: 576K(1024K)->576K(1024K)
[19.637s][info][gc,heap        ] GC(52) ParOldGen: 6993K(349696K)->6993K(349696K)
[19.637s][info][gc,metaspace   ] GC(52) Metaspace: 9864K(10240K)->9864K(10240K) NonClass: 8561K(8768K)->8561K(8768K) Class: 1302K(1472K)->1302K(1472K)
[19.637s][info][gc             ] GC(52) Pause Young (Allocation Failure) 68M->7M(403M) 0.987ms
[19.637s][info][gc,cpu         ] GC(52) User=0.00s Sys=0.00s Real=0.00s
[19.881s][info][gc,start       ] GC(53) Pause Young (Allocation Failure)
[19.882s][info][gc,heap        ] GC(53) PSYoungGen: 63040K(63488K)->608K(62976K) Eden: 62464K(62464K)->0K(61952K) From: 576K(1024K)->608K(1024K)
[19.882s][info][gc,heap        ] GC(53) ParOldGen: 6993K(349696K)->6993K(349696K)
[19.882s][info][gc,metaspace   ] GC(53) Metaspace: 9864K(10240K)->9864K(10240K) NonClass: 8561K(8768K)->8561K(8768K) Class: 1302K(1472K)->1302K(1472K)
[19.882s][info][gc             ] GC(53) Pause Young (Allocation Failure) 68M->7M(403M) 1.014ms
[19.882s][info][gc,cpu         ] GC(53) User=0.00s Sys=0.00s Real=0.00s
[20.121s][info][gc,start       ] GC(54) Pause Young (Allocation Failure)
[20.122s][info][gc,heap        ] GC(54) PSYoungGen: 62560K(62976K)->576K(62464K) Eden: 61952K(61952K)->0K(61440K) From: 608K(1024K)->576K(1024K)
[20.122s][info][gc,heap        ] GC(54) ParOldGen: 6993K(349696K)->6993K(349696K)
[20.122s][info][gc,metaspace   ] GC(54) Metaspace: 9864K(10240K)->9864K(10240K) NonClass: 8561K(8768K)->8561K(8768K) Class: 1302K(1472K)->1302K(1472K)
[20.122s][info][gc             ] GC(54) Pause Young (Allocation Failure) 67M->7M(402M) 1.013ms
[20.122s][info][gc,cpu         ] GC(54) User=0.00s Sys=0.00s Real=0.00s
[20.372s][info][gc,start       ] GC(55) Pause Young (Allocation Failure)
[20.373s][info][gc,heap        ] GC(55) PSYoungGen: 62016K(62464K)->576K(61952K) Eden: 61440K(61440K)->0K(60928K) From: 576K(1024K)->576K(1024K)
[20.373s][info][gc,heap        ] GC(55) ParOldGen: 6993K(349696K)->6993K(349696K)
[20.373s][info][gc,metaspace   ] GC(55) Metaspace: 9864K(10240K)->9864K(10240K) NonClass: 8561K(8768K)->8561K(8768K) Class: 1302K(1472K)->1302K(1472K)
[20.373s][info][gc             ] GC(55) Pause Young (Allocation Failure) 67M->7M(402M) 1.013ms
[20.373s][info][gc,cpu         ] GC(55) User=0.00s Sys=0.00s Real=0.00s
[20.616s][info][gc,start       ] GC(56) Pause Young (Allocation Failure)
[20.617s][info][gc,heap        ] GC(56) PSYoungGen: 61504K(61952K)->640K(61440K) Eden: 60928K(60928K)->0K(60416K) From: 576K(1024K)->640K(1024K)
[20.617s][info][gc,heap        ] GC(56) ParOldGen: 6993K(349696K)->6993K(349696K)
[20.617s][info][gc,metaspace   ] GC(56) Metaspace: 9864K(10240K)->9864K(10240K) NonClass: 8561K(8768K)->8561K(8768K) Class: 1302K(1472K)->1302K(1472K)
[20.617s][info][gc             ] GC(56) Pause Young (Allocation Failure) 66M->7M(401M) 1.074ms
[20.617s][info][gc,cpu         ] GC(56) User=0.00s Sys=0.00s Real=0.00s
[20.860s][info][gc,start       ] GC(57) Pause Young (Allocation Failure)
[20.861s][info][gc,heap        ] GC(57) PSYoungGen: 61056K(61440K)->640K(60928K) Eden: 60416K(60416K)->0K(59904K) From: 640K(1024K)->640K(1024K)
[20.861s][info][gc,heap        ] GC(57) ParOldGen: 6993K(349696K)->6993K(349696K)
[20.861s][info][gc,metaspace   ] GC(57) Metaspace: 9864K(10240K)->9864K(10240K) NonClass: 8561K(8768K)->8561K(8768K) Class: 1302K(1472K)->1302K(1472K)
[20.861s][info][gc             ] GC(57) Pause Young (Allocation Failure) 66M->7M(401M) 1.044ms
[20.861s][info][gc,cpu         ] GC(57) User=0.00s Sys=0.00s Real=0.00s
[21.109s][info][gc,start       ] GC(58) Pause Young (Allocation Failure)
[21.110s][info][gc,heap        ] GC(58) PSYoungGen: 60544K(60928K)->608K(60416K) Eden: 59904K(59904K)->0K(59392K) From: 640K(1024K)->608K(1024K)
[21.110s][info][gc,heap        ] GC(58) ParOldGen: 6993K(349696K)->6993K(349696K)
[21.110s][info][gc,metaspace   ] GC(58) Metaspace: 9864K(10240K)->9864K(10240K) NonClass: 8561K(8768K)->8561K(8768K) Class: 1302K(1472K)->1302K(1472K)
[21.110s][info][gc             ] GC(58) Pause Young (Allocation Failure) 65M->7M(400M) 1.032ms
[21.110s][info][gc,cpu         ] GC(58) User=0.00s Sys=0.00s Real=0.00s
[21.348s][info][gc,start       ] GC(59) Pause Young (Allocation Failure)
[21.349s][info][gc,heap        ] GC(59) PSYoungGen: 60000K(60416K)->576K(59904K) Eden: 59392K(59392K)->0K(58880K) From: 608K(1024K)->576K(1024K)
[21.349s][info][gc,heap        ] GC(59) ParOldGen: 6993K(349696K)->6993K(349696K)
[21.349s][info][gc,metaspace   ] GC(59) Metaspace: 9864K(10240K)->9864K(10240K) NonClass: 8561K(8768K)->8561K(8768K) Class: 1302K(1472K)->1302K(1472K)
[21.349s][info][gc             ] GC(59) Pause Young (Allocation Failure) 65M->7M(400M) 0.990ms
[21.349s][info][gc,cpu         ] GC(59) User=0.00s Sys=0.00s Real=0.00s
[21.385s][info][gc,start       ] GC(60) Pause Young (System.gc())
[21.386s][info][gc,heap        ] GC(60) PSYoungGen: 8799K(59904K)->576K(59904K) Eden: 8223K(58880K)->0K(58880K) From: 576K(1024K)->576K(1024K)
[21.386s][info][gc,heap        ] GC(60) ParOldGen: 6993K(349696K)->7073K(349696K)
[21.386s][info][gc,metaspace   ] GC(60) Metaspace: 9864K(10240K)->9864K(10240K) NonClass: 8562K(8768K)->8562K(8768K) Class: 1302K(1472K)->1302K(1472K)
[21.386s][info][gc             ] GC(60) Pause Young (System.gc()) 15M->7M(400M) 0.898ms
[21.386s][info][gc,cpu         ] GC(60) User=0.00s Sys=0.00s Real=0.00s
[21.386s][info][gc,start       ] GC(61) Pause Full (System.gc())
[21.386s][info][gc,phases,start] GC(61) Marking Phase
[21.400s][info][gc,phases      ] GC(61) Marking Phase 14.252ms
[21.400s][info][gc,phases,start] GC(61) Summary Phase
[21.400s][info][gc,phases      ] GC(61) Summary Phase 0.036ms
[21.400s][info][gc,phases,start] GC(61) Adjust Roots
[21.404s][info][gc,phases      ] GC(61) Adjust Roots 4.105ms
[21.404s][info][gc,phases,start] GC(61) Compaction Phase
[21.407s][info][gc,phases      ] GC(61) Compaction Phase 2.951ms
[21.407s][info][gc,phases,start] GC(61) Post Compact
[21.408s][info][gc,phases      ] GC(61) Post Compact 0.320ms
[21.408s][info][gc,heap        ] GC(61) PSYoungGen: 576K(59904K)->0K(59904K) Eden: 0K(58880K)->0K(58880K) From: 576K(1024K)->0K(1024K)
[21.408s][info][gc,heap        ] GC(61) ParOldGen: 7073K(349696K)->4074K(349696K)
[21.408s][info][gc,metaspace   ] GC(61) Metaspace: 9864K(10240K)->9864K(10240K) NonClass: 8562K(8768K)->8562K(8768K) Class: 1302K(1472K)->1302K(1472K)
[21.408s][info][gc             ] GC(61) Pause Full (System.gc()) 7M->3M(400M) 22.014ms
[21.408s][info][gc,cpu         ] GC(61) User=0.14s Sys=0.00s Real=0.03s
[21.659s][info][gc,start       ] GC(62) Pause Young (Allocation Failure)
[21.661s][info][gc,heap        ] GC(62) PSYoungGen: 58880K(59904K)->1024K(59392K) Eden: 58880K(58880K)->0K(58368K) From: 0K(1024K)->1024K(1024K)
[21.661s][info][gc,heap        ] GC(62) ParOldGen: 4074K(349696K)->4250K(349696K)
[21.661s][info][gc,metaspace   ] GC(62) Metaspace: 9867K(10240K)->9867K(10240K) NonClass: 8564K(8768K)->8564K(8768K) Class: 1302K(1472K)->1302K(1472K)
[21.661s][info][gc             ] GC(62) Pause Young (Allocation Failure) 61M->5M(399M) 1.544ms
[21.661s][info][gc,cpu         ] GC(62) User=0.00s Sys=0.00s Real=0.00s
[21.893s][info][gc,start       ] GC(63) Pause Young (Allocation Failure)
[21.894s][info][gc,heap        ] GC(63) PSYoungGen: 59392K(59392K)->512K(58368K) Eden: 58368K(58368K)->0K(57856K) From: 1024K(1024K)->512K(512K)
[21.894s][info][gc,heap        ] GC(63) ParOldGen: 4250K(349696K)->5146K(349696K)
[21.895s][info][gc,metaspace   ] GC(63) Metaspace: 9867K(10240K)->9867K(10240K) NonClass: 8564K(8768K)->8564K(8768K) Class: 1302K(1472K)->1302K(1472K)
[21.895s][info][gc             ] GC(63) Pause Young (Allocation Failure) 62M->5M(398M) 1.756ms
[21.895s][info][gc,cpu         ] GC(63) User=0.00s Sys=0.00s Real=0.00s
[22.129s][info][gc,start       ] GC(64) Pause Young (Allocation Failure)
[22.130s][info][gc,heap        ] GC(64) PSYoungGen: 58368K(58368K)->800K(58880K) Eden: 57856K(57856K)->0K(57344K) From: 512K(512K)->800K(1536K)
[22.130s][info][gc,heap        ] GC(64) ParOldGen: 5146K(349696K)->5442K(349696K)
[22.130s][info][gc,metaspace   ] GC(64) Metaspace: 9867K(10240K)->9867K(10240K) NonClass: 8564K(8768K)->8564K(8768K) Class: 1302K(1472K)->1302K(1472K)
[22.131s][info][gc             ] GC(64) Pause Young (Allocation Failure) 62M->6M(399M) 1.269ms
[22.131s][info][gc,cpu         ] GC(64) User=0.00s Sys=0.00s Real=0.00s
[22.360s][info][gc,start       ] GC(65) Pause Young (Allocation Failure)
[22.361s][info][gc,heap        ] GC(65) PSYoungGen: 58144K(58880K)->864K(57856K) Eden: 57344K(57344K)->0K(56832K) From: 800K(1536K)->864K(1024K)
[22.361s][info][gc,heap        ] GC(65) ParOldGen: 5442K(349696K)->5658K(349696K)
[22.362s][info][gc,metaspace   ] GC(65) Metaspace: 9867K(10240K)->9867K(10240K) NonClass: 8564K(8768K)->8564K(8768K) Class: 1302K(1472K)->1302K(1472K)
[22.362s][info][gc             ] GC(65) Pause Young (Allocation Failure) 62M->6M(398M) 1.226ms
[22.362s][info][gc,cpu         ] GC(65) User=0.00s Sys=0.00s Real=0.00s
[22.590s][info][gc,start       ] GC(66) Pause Young (Allocation Failure)
[22.591s][info][gc,heap        ] GC(66) PSYoungGen: 57696K(57856K)->960K(57344K) Eden: 56832K(56832K)->0K(56320K) From: 864K(1024K)->960K(1024K)
[22.591s][info][gc,heap        ] GC(66) ParOldGen: 5658K(349696K)->5658K(349696K)
[22.591s][info][gc,metaspace   ] GC(66) Metaspace: 9867K(10240K)->9867K(10240K) NonClass: 8564K(8768K)->8564K(8768K) Class: 1302K(1472K)->1302K(1472K)
[22.591s][info][gc             ] GC(66) Pause Young (Allocation Failure) 61M->6M(397M) 1.218ms
[22.591s][info][gc,cpu         ] GC(66) User=0.00s Sys=0.00s Real=0.00s
[22.812s][info][gc,start       ] GC(67) Pause Young (Allocation Failure)
[22.813s][info][gc,heap        ] GC(67) PSYoungGen: 57280K(57344K)->544K(56832K) Eden: 56320K(56320K)->0K(55808K) From: 960K(1024K)->544K(1024K)
[22.813s][info][gc,heap        ] GC(67) ParOldGen: 5658K(349696K)->6098K(349696K)
[22.813s][info][gc,metaspace   ] GC(67) Metaspace: 9867K(10240K)->9867K(10240K) NonClass: 8564K(8768K)->8564K(8768K) Class: 1302K(1472K)->1302K(1472K)
[22.813s][info][gc             ] GC(67) Pause Young (Allocation Failure) 61M->6M(397M) 1.393ms
[22.813s][info][gc,cpu         ] GC(67) User=0.00s Sys=0.00s Real=0.00s
[23.036s][info][gc,start       ] GC(68) Pause Young (Allocation Failure)
[23.037s][info][gc,heap        ] GC(68) PSYoungGen: 56352K(56832K)->832K(56320K) Eden: 55808K(55808K)->0K(55296K) From: 544K(1024K)->832K(1024K)
[23.037s][info][gc,heap        ] GC(68) ParOldGen: 6098K(349696K)->6098K(349696K)
[23.037s][info][gc,metaspace   ] GC(68) Metaspace: 9867K(10240K)->9867K(10240K) NonClass: 8564K(8768K)->8564K(8768K) Class: 1302K(1472K)->1302K(1472K)
[23.037s][info][gc             ] GC(68) Pause Young (Allocation Failure) 60M->6M(396M) 1.136ms
[23.037s][info][gc,cpu         ] GC(68) User=0.00s Sys=0.00s Real=0.00s
[23.259s][info][gc,start       ] GC(69) Pause Young (Allocation Failure)
[23.260s][info][gc,heap        ] GC(69) PSYoungGen: 56128K(56320K)->640K(55808K) Eden: 55296K(55296K)->0K(54784K) From: 832K(1024K)->640K(1024K)
[23.260s][info][gc,heap        ] GC(69) ParOldGen: 6098K(349696K)->6322K(349696K)
[23.260s][info][gc,metaspace   ] GC(69) Metaspace: 9867K(10240K)->9867K(10240K) NonClass: 8564K(8768K)->8564K(8768K) Class: 1302K(1472K)->1302K(1472K)
[23.260s][info][gc             ] GC(69) Pause Young (Allocation Failure) 60M->6M(396M) 1.100ms
[23.260s][info][gc,cpu         ] GC(69) User=0.00s Sys=0.00s Real=0.00s
[23.485s][info][gc,start       ] GC(70) Pause Young (Allocation Failure)
[23.486s][info][gc,heap        ] GC(70) PSYoungGen: 55424K(55808K)->928K(55296K) Eden: 54784K(54784K)->0K(54272K) From: 640K(1024K)->928K(1024K)
[23.486s][info][gc,heap        ] GC(70) ParOldGen: 6322K(349696K)->6322K(349696K)
[23.486s][info][gc,metaspace   ] GC(70) Metaspace: 9867K(10240K)->9867K(10240K) NonClass: 8564K(8768K)->8564K(8768K) Class: 1302K(1472K)->1302K(1472K)
[23.486s][info][gc             ] GC(70) Pause Young (Allocation Failure) 60M->7M(395M) 1.187ms
[23.486s][info][gc,cpu         ] GC(70) User=0.00s Sys=0.00s Real=0.00s
[23.700s][info][gc,start       ] GC(71) Pause Young (Allocation Failure)
[23.701s][info][gc,heap        ] GC(71) PSYoungGen: 55200K(55296K)->864K(54784K) Eden: 54272K(54272K)->0K(53760K) From: 928K(1024K)->864K(1024K)
[23.701s][info][gc,heap        ] GC(71) ParOldGen: 6322K(349696K)->6538K(349696K)
[23.701s][info][gc,metaspace   ] GC(71) Metaspace: 9867K(10240K)->9867K(10240K) NonClass: 8564K(8768K)->8564K(8768K) Class: 1302K(1472K)->1302K(1472K)
[23.701s][info][gc             ] GC(71) Pause Young (Allocation Failure) 60M->7M(395M) 1.348ms
[23.701s][info][gc,cpu         ] GC(71) User=0.00s Sys=0.00s Real=0.00s
[23.920s][info][gc,start       ] GC(72) Pause Young (Allocation Failure)
[23.921s][info][gc,heap        ] GC(72) PSYoungGen: 54624K(54784K)->672K(54272K) Eden: 53760K(53760K)->0K(53248K) From: 864K(1024K)->672K(1024K)
[23.921s][info][gc,heap        ] GC(72) ParOldGen: 6538K(349696K)->6778K(349696K)
[23.921s][info][gc,metaspace   ] GC(72) Metaspace: 9867K(10240K)->9867K(10240K) NonClass: 8564K(8768K)->8564K(8768K) Class: 1302K(1472K)->1302K(1472K)
[23.921s][info][gc             ] GC(72) Pause Young (Allocation Failure) 59M->7M(394M) 1.151ms
[23.921s][info][gc,cpu         ] GC(72) User=0.00s Sys=0.00s Real=0.00s
[24.129s][info][gc,start       ] GC(73) Pause Young (Allocation Failure)
[24.130s][info][gc,heap        ] GC(73) PSYoungGen: 53920K(54272K)->960K(53760K) Eden: 53248K(53248K)->0K(52736K) From: 672K(1024K)->960K(1024K)
[24.130s][info][gc,heap        ] GC(73) ParOldGen: 6778K(349696K)->6778K(349696K)
[24.130s][info][gc,metaspace   ] GC(73) Metaspace: 9867K(10240K)->9867K(10240K) NonClass: 8564K(8768K)->8564K(8768K) Class: 1302K(1472K)->1302K(1472K)
[24.130s][info][gc             ] GC(73) Pause Young (Allocation Failure) 59M->7M(394M) 1.239ms
[24.130s][info][gc,cpu         ] GC(73) User=0.00s Sys=0.00s Real=0.00s
[24.349s][info][gc,start       ] GC(74) Pause Young (Allocation Failure)
[24.350s][info][gc,heap        ] GC(74) PSYoungGen: 53696K(53760K)->512K(52736K) Eden: 52736K(52736K)->0K(52224K) From: 960K(1024K)->512K(512K)
[24.350s][info][gc,heap        ] GC(74) ParOldGen: 6778K(349696K)->7186K(349696K)
[24.350s][info][gc,metaspace   ] GC(74) Metaspace: 9867K(10240K)->9867K(10240K) NonClass: 8564K(8768K)->8564K(8768K) Class: 1302K(1472K)->1302K(1472K)
[24.350s][info][gc             ] GC(74) Pause Young (Allocation Failure) 59M->7M(393M) 1.304ms
[24.350s][info][gc,cpu         ] GC(74) User=0.00s Sys=0.00s Real=0.00s
[24.566s][info][gc,start       ] GC(75) Pause Young (Allocation Failure)
[24.567s][info][gc,heap        ] GC(75) PSYoungGen: 52736K(52736K)->608K(52736K) Eden: 52224K(52224K)->0K(51712K) From: 512K(512K)->608K(1024K)
[24.567s][info][gc,heap        ] GC(75) ParOldGen: 7186K(349696K)->7186K(349696K)
[24.567s][info][gc,metaspace   ] GC(75) Metaspace: 9867K(10240K)->9867K(10240K) NonClass: 8564K(8768K)->8564K(8768K) Class: 1302K(1472K)->1302K(1472K)
[24.567s][info][gc             ] GC(75) Pause Young (Allocation Failure) 58M->7M(393M) 1.014ms
[24.567s][info][gc,cpu         ] GC(75) User=0.00s Sys=0.00s Real=0.00s
[24.776s][info][gc,start       ] GC(76) Pause Young (Allocation Failure)
[24.776s][info][gc,heap        ] GC(76) PSYoungGen: 52320K(52736K)->640K(52224K) Eden: 51712K(51712K)->0K(51200K) From: 608K(1024K)->640K(1024K)
[24.777s][info][gc,heap        ] GC(76) ParOldGen: 7186K(349696K)->7186K(349696K)
[24.777s][info][gc,metaspace   ] GC(76) Metaspace: 9867K(10240K)->9867K(10240K) NonClass: 8564K(8768K)->8564K(8768K) Class: 1302K(1472K)->1302K(1472K)
[24.777s][info][gc             ] GC(76) Pause Young (Allocation Failure) 58M->7M(392M) 1.039ms
[24.777s][info][gc,cpu         ] GC(76) User=0.00s Sys=0.00s Real=0.00s
[24.973s][info][gc,start       ] GC(77) Pause Young (Allocation Failure)
[24.973s][info][gc,heap        ] GC(77) PSYoungGen: 51840K(52224K)->576K(51712K) Eden: 51200K(51200K)->0K(50688K) From: 640K(1024K)->576K(1024K)
[24.974s][info][gc,heap        ] GC(77) ParOldGen: 7186K(349696K)->7186K(349696K)
[24.974s][info][gc,metaspace   ] GC(77) Metaspace: 9867K(10240K)->9867K(10240K) NonClass: 8564K(8768K)->8564K(8768K) Class: 1302K(1472K)->1302K(1472K)
[24.974s][info][gc             ] GC(77) Pause Young (Allocation Failure) 57M->7M(392M) 1.047ms
[24.974s][info][gc,cpu         ] GC(77) User=0.00s Sys=0.00s Real=0.00s
[25.178s][info][gc,start       ] GC(78) Pause Young (Allocation Failure)
[25.179s][info][gc,heap        ] GC(78) PSYoungGen: 51264K(51712K)->608K(51200K) Eden: 50688K(50688K)->0K(50176K) From: 576K(1024K)->608K(1024K)
[25.179s][info][gc,heap        ] GC(78) ParOldGen: 7186K(349696K)->7186K(349696K)
[25.179s][info][gc,metaspace   ] GC(78) Metaspace: 9867K(10240K)->9867K(10240K) NonClass: 8564K(8768K)->8564K(8768K) Class: 1302K(1472K)->1302K(1472K)
[25.179s][info][gc             ] GC(78) Pause Young (Allocation Failure) 57M->7M(391M) 1.011ms
[25.179s][info][gc,cpu         ] GC(78) User=0.00s Sys=0.00s Real=0.00s
[25.385s][info][gc,start       ] GC(79) Pause Young (Allocation Failure)
[25.386s][info][gc,heap        ] GC(79) PSYoungGen: 50784K(51200K)->800K(50688K) Eden: 50176K(50176K)->0K(49664K) From: 608K(1024K)->800K(1024K)
[25.386s][info][gc,heap        ] GC(79) ParOldGen: 7186K(349696K)->7218K(349696K)
[25.386s][info][gc,metaspace   ] GC(79) Metaspace: 9867K(10240K)->9867K(10240K) NonClass: 8564K(8768K)->8564K(8768K) Class: 1302K(1472K)->1302K(1472K)
[25.387s][info][gc             ] GC(79) Pause Young (Allocation Failure) 56M->7M(391M) 1.073ms
[25.387s][info][gc,cpu         ] GC(79) User=0.00s Sys=0.00s Real=0.00s
[25.595s][info][gc,start       ] GC(80) Pause Young (Allocation Failure)
[25.596s][info][gc,heap        ] GC(80) PSYoungGen: 50464K(50688K)->608K(50176K) Eden: 49664K(49664K)->0K(49152K) From: 800K(1024K)->608K(1024K)
[25.597s][info][gc,heap        ] GC(80) ParOldGen: 7218K(349696K)->7458K(349696K)
[25.597s][info][gc,metaspace   ] GC(80) Metaspace: 9867K(10240K)->9867K(10240K) NonClass: 8564K(8768K)->8564K(8768K) Class: 1302K(1472K)->1302K(1472K)
[25.597s][info][gc             ] GC(80) Pause Young (Allocation Failure) 56M->7M(390M) 1.209ms
[25.597s][info][gc,cpu         ] GC(80) User=0.00s Sys=0.00s Real=0.00s
[25.803s][info][gc,start       ] GC(81) Pause Young (Allocation Failure)
[25.804s][info][gc,heap        ] GC(81) PSYoungGen: 49760K(50176K)->576K(49664K) Eden: 49152K(49152K)->0K(48640K) From: 608K(1024K)->576K(1024K)
[25.804s][info][gc,heap        ] GC(81) ParOldGen: 7458K(349696K)->7458K(349696K)
[25.804s][info][gc,metaspace   ] GC(81) Metaspace: 9867K(10240K)->9867K(10240K) NonClass: 8564K(8768K)->8564K(8768K) Class: 1302K(1472K)->1302K(1472K)
[25.804s][info][gc             ] GC(81) Pause Young (Allocation Failure) 55M->7M(390M) 1.008ms
[25.804s][info][gc,cpu         ] GC(81) User=0.00s Sys=0.00s Real=0.00s
[26.000s][info][gc,start       ] GC(82) Pause Young (Allocation Failure)
[26.001s][info][gc,heap        ] GC(82) PSYoungGen: 49216K(49664K)->576K(49152K) Eden: 48640K(48640K)->0K(48128K) From: 576K(1024K)->576K(1024K)
[26.001s][info][gc,heap        ] GC(82) ParOldGen: 7458K(349696K)->7458K(349696K)
[26.001s][info][gc,metaspace   ] GC(82) Metaspace: 9867K(10240K)->9867K(10240K) NonClass: 8564K(8768K)->8564K(8768K) Class: 1302K(1472K)->1302K(1472K)
[26.001s][info][gc             ] GC(82) Pause Young (Allocation Failure) 55M->7M(389M) 1.058ms
[26.001s][info][gc,cpu         ] GC(82) User=0.00s Sys=0.00s Real=0.00s
[26.184s][info][gc,start       ] GC(83) Pause Young (Allocation Failure)
[26.185s][info][gc,heap        ] GC(83) PSYoungGen: 48704K(49152K)->672K(48640K) Eden: 48128K(48128K)->0K(47616K) From: 576K(1024K)->672K(1024K)
[26.185s][info][gc,heap        ] GC(83) ParOldGen: 7458K(349696K)->7458K(349696K)
[26.185s][info][gc,metaspace   ] GC(83) Metaspace: 9867K(10240K)->9867K(10240K) NonClass: 8564K(8768K)->8564K(8768K) Class: 1302K(1472K)->1302K(1472K)
[26.185s][info][gc             ] GC(83) Pause Young (Allocation Failure) 54M->7M(389M) 1.109ms
[26.185s][info][gc,cpu         ] GC(83) User=0.00s Sys=0.00s Real=0.00s
[26.378s][info][gc,start       ] GC(84) Pause Young (Allocation Failure)
[26.379s][info][gc,heap        ] GC(84) PSYoungGen: 48288K(48640K)->768K(48128K) Eden: 47616K(47616K)->0K(47104K) From: 672K(1024K)->768K(1024K)
[26.379s][info][gc,heap        ] GC(84) ParOldGen: 7458K(349696K)->7650K(349696K)
[26.379s][info][gc,metaspace   ] GC(84) Metaspace: 9867K(10240K)->9867K(10240K) NonClass: 8564K(8768K)->8564K(8768K) Class: 1302K(1472K)->1302K(1472K)
[26.379s][info][gc             ] GC(84) Pause Young (Allocation Failure) 54M->8M(388M) 1.196ms
[26.379s][info][gc,cpu         ] GC(84) User=0.00s Sys=0.00s Real=0.00s
[26.566s][info][gc,start       ] GC(85) Pause Young (Allocation Failure)
[26.567s][info][gc,heap        ] GC(85) PSYoungGen: 47872K(48128K)->512K(47104K) Eden: 47104K(47104K)->0K(46592K) From: 768K(1024K)->512K(512K)
[26.568s][info][gc,heap        ] GC(85) ParOldGen: 7650K(349696K)->7906K(349696K)
[26.568s][info][gc,metaspace   ] GC(85) Metaspace: 9867K(10240K)->9867K(10240K) NonClass: 8564K(8768K)->8564K(8768K) Class: 1302K(1472K)->1302K(1472K)
[26.568s][info][gc             ] GC(85) Pause Young (Allocation Failure) 54M->8M(387M) 1.289ms
[26.568s][info][gc,cpu         ] GC(85) User=0.00s Sys=0.00s Real=0.00s
[26.755s][info][gc,start       ] GC(86) Pause Young (Allocation Failure)
[26.756s][info][gc,heap        ] GC(86) PSYoungGen: 47104K(47104K)->640K(47616K) Eden: 46592K(46592K)->0K(46080K) From: 512K(512K)->640K(1536K)
[26.756s][info][gc,heap        ] GC(86) ParOldGen: 7906K(349696K)->7906K(349696K)
[26.756s][info][gc,metaspace   ] GC(86) Metaspace: 9867K(10240K)->9867K(10240K) NonClass: 8564K(8768K)->8564K(8768K) Class: 1302K(1472K)->1302K(1472K)
[26.756s][info][gc             ] GC(86) Pause Young (Allocation Failure) 53M->8M(388M) 0.965ms
[26.756s][info][gc,cpu         ] GC(86) User=0.00s Sys=0.00s Real=0.00s
[26.945s][info][gc,start       ] GC(87) Pause Young (Allocation Failure)
[26.945s][info][gc,heap        ] GC(87) PSYoungGen: 46720K(47616K)->608K(46592K) Eden: 46080K(46080K)->0K(45568K) From: 640K(1536K)->608K(1024K)
[26.945s][info][gc,heap        ] GC(87) ParOldGen: 7906K(349696K)->7906K(349696K)
[26.945s][info][gc,metaspace   ] GC(87) Metaspace: 9867K(10240K)->9867K(10240K) NonClass: 8564K(8768K)->8564K(8768K) Class: 1302K(1472K)->1302K(1472K)
[26.945s][info][gc             ] GC(87) Pause Young (Allocation Failure) 53M->8M(387M) 0.901ms
[26.945s][info][gc,cpu         ] GC(87) User=0.00s Sys=0.00s Real=0.00s
[27.130s][info][gc,start       ] GC(88) Pause Young (Allocation Failure)
[27.131s][info][gc,heap        ] GC(88) PSYoungGen: 46176K(46592K)->544K(46080K) Eden: 45568K(45568K)->0K(45056K) From: 608K(1024K)->544K(1024K)
[27.131s][info][gc,heap        ] GC(88) ParOldGen: 7906K(349696K)->7906K(349696K)
[27.131s][info][gc,metaspace   ] GC(88) Metaspace: 9867K(10240K)->9867K(10240K) NonClass: 8564K(8768K)->8564K(8768K) Class: 1302K(1472K)->1302K(1472K)
[27.131s][info][gc             ] GC(88) Pause Young (Allocation Failure) 52M->8M(386M) 1.077ms
[27.131s][info][gc,cpu         ] GC(88) User=0.00s Sys=0.00s Real=0.00s
[27.317s][info][gc,start       ] GC(89) Pause Young (Allocation Failure)
[27.317s][info][gc,heap        ] GC(89) PSYoungGen: 45600K(46080K)->512K(45056K) Eden: 45056K(45056K)->0K(44544K) From: 544K(1024K)->512K(512K)
[27.317s][info][gc,heap        ] GC(89) ParOldGen: 7906K(349696K)->7922K(349696K)
[27.317s][info][gc,metaspace   ] GC(89) Metaspace: 9867K(10240K)->9867K(10240K) NonClass: 8564K(8768K)->8564K(8768K) Class: 1302K(1472K)->1302K(1472K)
[27.318s][info][gc             ] GC(89) Pause Young (Allocation Failure) 52M->8M(385M) 0.830ms
[27.318s][info][gc,cpu         ] GC(89) User=0.00s Sys=0.00s Real=0.00s
[27.498s][info][gc,start       ] GC(90) Pause Young (Allocation Failure)
[27.498s][info][gc,heap        ] GC(90) PSYoungGen: 45056K(45056K)->576K(45056K) Eden: 44544K(44544K)->0K(44032K) From: 512K(512K)->576K(1024K)
[27.498s][info][gc,heap        ] GC(90) ParOldGen: 7922K(349696K)->7938K(349696K)
[27.498s][info][gc,metaspace   ] GC(90) Metaspace: 9867K(10240K)->9867K(10240K) NonClass: 8564K(8768K)->8564K(8768K) Class: 1302K(1472K)->1302K(1472K)
[27.499s][info][gc             ] GC(90) Pause Young (Allocation Failure) 51M->8M(385M) 0.902ms
[27.499s][info][gc,cpu         ] GC(90) User=0.00s Sys=0.00s Real=0.00s
[27.675s][info][gc,start       ] GC(91) Pause Young (Allocation Failure)
[27.675s][info][gc,heap        ] GC(91) PSYoungGen: 44608K(45056K)->640K(44544K) Eden: 44032K(44032K)->0K(43520K) From: 576K(1024K)->640K(1024K)
[27.675s][info][gc,heap        ] GC(91) ParOldGen: 7938K(349696K)->7938K(349696K)
[27.676s][info][gc,metaspace   ] GC(91) Metaspace: 9867K(10240K)->9867K(10240K) NonClass: 8564K(8768K)->8564K(8768K) Class: 1302K(1472K)->1302K(1472K)
[27.676s][info][gc             ] GC(91) Pause Young (Allocation Failure) 51M->8M(385M) 0.911ms
[27.676s][info][gc,cpu         ] GC(91) User=0.00s Sys=0.00s Real=0.00s
[27.852s][info][gc,start       ] GC(92) Pause Young (Allocation Failure)
[27.853s][info][gc,heap        ] GC(92) PSYoungGen: 44160K(44544K)->864K(44032K) Eden: 43520K(43520K)->0K(43008K) From: 640K(1024K)->864K(1024K)
[27.853s][info][gc,heap        ] GC(92) ParOldGen: 7938K(349696K)->7938K(349696K)
[27.853s][info][gc,metaspace   ] GC(92) Metaspace: 9867K(10240K)->9867K(10240K) NonClass: 8564K(8768K)->8564K(8768K) Class: 1302K(1472K)->1302K(1472K)
[27.853s][info][gc             ] GC(92) Pause Young (Allocation Failure) 50M->8M(384M) 1.098ms
[27.853s][info][gc,cpu         ] GC(92) User=0.00s Sys=0.00s Real=0.00s
[28.018s][info][gc,start       ] GC(93) Pause Young (Allocation Failure)
[28.019s][info][gc,heap        ] GC(93) PSYoungGen: 43872K(44032K)->512K(43008K) Eden: 43008K(43008K)->0K(42496K) From: 864K(1024K)->512K(512K)
[28.019s][info][gc,heap        ] GC(93) ParOldGen: 7938K(349696K)->8154K(349696K)
[28.019s][info][gc,metaspace   ] GC(93) Metaspace: 9867K(10240K)->9867K(10240K) NonClass: 8564K(8768K)->8564K(8768K) Class: 1302K(1472K)->1302K(1472K)
[28.019s][info][gc             ] GC(93) Pause Young (Allocation Failure) 50M->8M(383M) 0.940ms
[28.019s][info][gc,cpu         ] GC(93) User=0.00s Sys=0.00s Real=0.00s
[28.072s][info][gc,start       ] GC(94) Pause Young (System.gc())
[28.072s][info][gc,heap        ] GC(94) PSYoungGen: 12111K(43008K)->544K(43520K) Eden: 11599K(42496K)->0K(42496K) From: 512K(512K)->544K(1024K)
[28.072s][info][gc,heap        ] GC(94) ParOldGen: 8154K(349696K)->8226K(349696K)
[28.072s][info][gc,metaspace   ] GC(94) Metaspace: 9867K(10240K)->9867K(10240K) NonClass: 8564K(8768K)->8564K(8768K) Class: 1302K(1472K)->1302K(1472K)
[28.072s][info][gc             ] GC(94) Pause Young (System.gc()) 19M->8M(384M) 0.713ms
[28.072s][info][gc,cpu         ] GC(94) User=0.00s Sys=0.00s Real=0.00s
[28.072s][info][gc,start       ] GC(95) Pause Full (System.gc())
[28.072s][info][gc,phases,start] GC(95) Marking Phase
[28.086s][info][gc,phases      ] GC(95) Marking Phase 13.961ms
[28.086s][info][gc,phases,start] GC(95) Summary Phase
[28.087s][info][gc,phases      ] GC(95) Summary Phase 0.031ms
[28.087s][info][gc,phases,start] GC(95) Adjust Roots
[28.090s][info][gc,phases      ] GC(95) Adjust Roots 3.497ms
[28.090s][info][gc,phases,start] GC(95) Compaction Phase
[28.093s][info][gc,phases      ] GC(95) Compaction Phase 2.675ms
[28.093s][info][gc,phases,start] GC(95) Post Compact
[28.093s][info][gc,phases      ] GC(95) Post Compact 0.338ms
[28.093s][info][gc,heap        ] GC(95) PSYoungGen: 544K(43520K)->0K(43520K) Eden: 0K(42496K)->0K(42496K) From: 544K(1024K)->0K(1024K)
[28.093s][info][gc,heap        ] GC(95) ParOldGen: 8226K(349696K)->4073K(349696K)
[28.093s][info][gc,metaspace   ] GC(95) Metaspace: 9867K(10240K)->9867K(10240K) NonClass: 8564K(8768K)->8564K(8768K) Class: 1302K(1472K)->1302K(1472K)
[28.093s][info][gc             ] GC(95) Pause Full (System.gc()) 8M->3M(384M) 20.907ms
[28.093s][info][gc,cpu         ] GC(95) User=0.16s Sys=0.00s Real=0.03s
[28.275s][info][gc,start       ] GC(96) Pause Young (Allocation Failure)
[28.276s][info][gc,heap        ] GC(96) PSYoungGen: 42496K(43520K)->1024K(43008K) Eden: 42496K(42496K)->0K(41984K) From: 0K(1024K)->1024K(1024K)
[28.276s][info][gc,heap        ] GC(96) ParOldGen: 4073K(349696K)->4297K(349696K)
[28.276s][info][gc,metaspace   ] GC(96) Metaspace: 9868K(10240K)->9868K(10240K) NonClass: 8566K(8768K)->8566K(8768K) Class: 1302K(1472K)->1302K(1472K)
[28.276s][info][gc             ] GC(96) Pause Young (Allocation Failure) 45M->5M(383M) 1.409ms
[28.276s][info][gc,cpu         ] GC(96) User=0.00s Sys=0.00s Real=0.00s
[28.447s][info][gc,start       ] GC(97) Pause Young (Allocation Failure)
[28.449s][info][gc,heap        ] GC(97) PSYoungGen: 43008K(43008K)->1312K(43520K) Eden: 41984K(41984K)->0K(41984K) From: 1024K(1024K)->1312K(1536K)
[28.449s][info][gc,heap        ] GC(97) ParOldGen: 4297K(349696K)->4601K(349696K)
[28.449s][info][gc,metaspace   ] GC(97) Metaspace: 9868K(10240K)->9868K(10240K) NonClass: 8566K(8768K)->8566K(8768K) Class: 1302K(1472K)->1302K(1472K)
[28.449s][info][gc             ] GC(97) Pause Young (Allocation Failure) 46M->5M(384M) 1.631ms
[28.449s][info][gc,cpu         ] GC(97) User=0.00s Sys=0.00s Real=0.00s
[28.621s][info][gc,start       ] GC(98) Pause Young (Allocation Failure)
[28.622s][info][gc,heap        ] GC(98) PSYoungGen: 43296K(43520K)->896K(43008K) Eden: 41984K(41984K)->0K(41984K) From: 1312K(1536K)->896K(1024K)
[28.622s][info][gc,heap        ] GC(98) ParOldGen: 4601K(349696K)->4945K(349696K)
[28.622s][info][gc,metaspace   ] GC(98) Metaspace: 9868K(10240K)->9868K(10240K) NonClass: 8566K(8768K)->8566K(8768K) Class: 1302K(1472K)->1302K(1472K)
[28.622s][info][gc             ] GC(98) Pause Young (Allocation Failure) 46M->5M(383M) 1.226ms
[28.622s][info][gc,cpu         ] GC(98) User=0.00s Sys=0.00s Real=0.00s
[28.788s][info][gc,start       ] GC(99) Pause Young (Allocation Failure)
[28.789s][info][gc,heap        ] GC(99) PSYoungGen: 42880K(43008K)->928K(43008K) Eden: 41984K(41984K)->0K(41984K) From: 896K(1024K)->928K(1024K)
[28.789s][info][gc,heap        ] GC(99) ParOldGen: 4945K(349696K)->5001K(349696K)
[28.789s][info][gc,metaspace   ] GC(99) Metaspace: 9868K(10240K)->9868K(10240K) NonClass: 8566K(8768K)->8566K(8768K) Class: 1302K(1472K)->1302K(1472K)
[28.789s][info][gc             ] GC(99) Pause Young (Allocation Failure) 46M->5M(383M) 1.244ms
[28.789s][info][gc,cpu         ] GC(99) User=0.00s Sys=0.00s Real=0.00s
[28.962s][info][gc,start       ] GC(100) Pause Young (Allocation Failure)
[28.963s][info][gc,heap        ] GC(100) PSYoungGen: 42912K(43008K)->1088K(43520K) Eden: 41984K(41984K)->0K(41984K) From: 928K(1024K)->1088K(1536K)
[28.963s][info][gc,heap        ] GC(100) ParOldGen: 5001K(349696K)->5225K(349696K)
[28.963s][info][gc,metaspace   ] GC(100) Metaspace: 9868K(10240K)->9868K(10240K) NonClass: 8566K(8768K)->8566K(8768K) Class: 1302K(1472K)->1302K(1472K)
[28.963s][info][gc             ] GC(100) Pause Young (Allocation Failure) 46M->6M(384M) 1.202ms
[28.963s][info][gc,cpu         ] GC(100) User=0.00s Sys=0.00s Real=0.00s
[29.130s][info][gc,start       ] GC(101) Pause Young (Allocation Failure)
[29.132s][info][gc,heap        ] GC(101) PSYoungGen: 43072K(43520K)->736K(43008K) Eden: 41984K(41984K)->0K(41984K) From: 1088K(1536K)->736K(1024K)
[29.132s][info][gc,heap        ] GC(101) ParOldGen: 5225K(349696K)->5481K(349696K)
[29.132s][info][gc,metaspace   ] GC(101) Metaspace: 9868K(10240K)->9868K(10240K) NonClass: 8566K(8768K)->8566K(8768K) Class: 1302K(1472K)->1302K(1472K)
[29.132s][info][gc             ] GC(101) Pause Young (Allocation Failure) 47M->6M(383M) 1.512ms
[29.132s][info][gc,cpu         ] GC(101) User=0.00s Sys=0.00s Real=0.00s
[29.293s][info][gc,start       ] GC(102) Pause Young (Allocation Failure)
[29.294s][info][gc,heap        ] GC(102) PSYoungGen: 42720K(43008K)->704K(43008K) Eden: 41984K(41984K)->0K(41984K) From: 736K(1024K)->704K(1024K)
[29.294s][info][gc,heap        ] GC(102) ParOldGen: 5481K(349696K)->5705K(349696K)
[29.294s][info][gc,metaspace   ] GC(102) Metaspace: 9868K(10240K)->9868K(10240K) NonClass: 8566K(8768K)->8566K(8768K) Class: 1302K(1472K)->1302K(1472K)
[29.294s][info][gc             ] GC(102) Pause Young (Allocation Failure) 47M->6M(383M) 1.003ms
[29.294s][info][gc,cpu         ] GC(102) User=0.00s Sys=0.00s Real=0.00s
[29.463s][info][gc,start       ] GC(103) Pause Young (Allocation Failure)
[29.464s][info][gc,heap        ] GC(103) PSYoungGen: 42688K(43008K)->640K(43008K) Eden: 41984K(41984K)->0K(41984K) From: 704K(1024K)->640K(1024K)
[29.464s][info][gc,heap        ] GC(103) ParOldGen: 5705K(349696K)->5705K(349696K)
[29.464s][info][gc,metaspace   ] GC(103) Metaspace: 9868K(10240K)->9868K(10240K) NonClass: 8566K(8768K)->8566K(8768K) Class: 1302K(1472K)->1302K(1472K)
[29.464s][info][gc             ] GC(103) Pause Young (Allocation Failure) 47M->6M(383M) 1.078ms
[29.464s][info][gc,cpu         ] GC(103) User=0.14s Sys=0.00s Real=0.01s
[29.634s][info][gc,start       ] GC(104) Pause Young (Allocation Failure)
[29.635s][info][gc,heap        ] GC(104) PSYoungGen: 42624K(43008K)->800K(43008K) Eden: 41984K(41984K)->0K(41984K) From: 640K(1024K)->800K(1024K)
[29.635s][info][gc,heap        ] GC(104) ParOldGen: 5705K(349696K)->5753K(349696K)
[29.635s][info][gc,metaspace   ] GC(104) Metaspace: 9868K(10240K)->9868K(10240K) NonClass: 8566K(8768K)->8566K(8768K) Class: 1302K(1472K)->1302K(1472K)
[29.635s][info][gc             ] GC(104) Pause Young (Allocation Failure) 47M->6M(383M) 1.140ms
[29.635s][info][gc,cpu         ] GC(104) User=0.00s Sys=0.00s Real=0.00s
[29.811s][info][gc,start       ] GC(105) Pause Young (Allocation Failure)
[29.813s][info][gc,heap        ] GC(105) PSYoungGen: 42784K(43008K)->800K(43008K) Eden: 41984K(41984K)->0K(41984K) From: 800K(1024K)->800K(1024K)
[29.813s][info][gc,heap        ] GC(105) ParOldGen: 5753K(349696K)->6001K(349696K)
[29.813s][info][gc,metaspace   ] GC(105) Metaspace: 9868K(10240K)->9868K(10240K) NonClass: 8566K(8768K)->8566K(8768K) Class: 1302K(1472K)->1302K(1472K)
[29.813s][info][gc             ] GC(105) Pause Young (Allocation Failure) 47M->6M(383M) 1.279ms
[29.813s][info][gc,cpu         ] GC(105) User=0.00s Sys=0.00s Real=0.00s
[29.975s][info][gc,start       ] GC(106) Pause Young (Allocation Failure)
[29.976s][info][gc,heap        ] GC(106) PSYoungGen: 42784K(43008K)->768K(43008K) Eden: 41984K(41984K)->0K(41984K) From: 800K(1024K)->768K(1024K)
[29.976s][info][gc,heap        ] GC(106) ParOldGen: 6001K(349696K)->6025K(349696K)
[29.976s][info][gc,metaspace   ] GC(106) Metaspace: 9868K(10240K)->9868K(10240K) NonClass: 8566K(8768K)->8566K(8768K) Class: 1302K(1472K)->1302K(1472K)
[29.976s][info][gc             ] GC(106) Pause Young (Allocation Failure) 47M->6M(383M) 1.117ms
[29.976s][info][gc,cpu         ] GC(106) User=0.00s Sys=0.00s Real=0.00s
[30.142s][info][gc,start       ] GC(107) Pause Young (Allocation Failure)
[30.143s][info][gc,heap        ] GC(107) PSYoungGen: 42752K(43008K)->704K(43008K) Eden: 41984K(41984K)->0K(41984K) From: 768K(1024K)->704K(1024K)
[30.143s][info][gc,heap        ] GC(107) ParOldGen: 6025K(349696K)->6297K(349696K)
[30.143s][info][gc,metaspace   ] GC(107) Metaspace: 9868K(10240K)->9868K(10240K) NonClass: 8566K(8768K)->8566K(8768K) Class: 1302K(1472K)->1302K(1472K)
[30.143s][info][gc             ] GC(107) Pause Young (Allocation Failure) 47M->6M(383M) 1.274ms
[30.143s][info][gc,cpu         ] GC(107) User=0.14s Sys=0.00s Real=0.02s
[30.315s][info][gc,start       ] GC(108) Pause Young (Allocation Failure)
[30.316s][info][gc,heap        ] GC(108) PSYoungGen: 42688K(43008K)->608K(43008K) Eden: 41984K(41984K)->0K(41984K) From: 704K(1024K)->608K(1024K)
[30.316s][info][gc,heap        ] GC(108) ParOldGen: 6297K(349696K)->6449K(349696K)
[30.316s][info][gc,metaspace   ] GC(108) Metaspace: 9868K(10240K)->9868K(10240K) NonClass: 8566K(8768K)->8566K(8768K) Class: 1302K(1472K)->1302K(1472K)
[30.316s][info][gc             ] GC(108) Pause Young (Allocation Failure) 47M->6M(383M) 1.147ms
[30.316s][info][gc,cpu         ] GC(108) User=0.00s Sys=0.00s Real=0.00s
[30.484s][info][gc,start       ] GC(109) Pause Young (Allocation Failure)
[30.485s][info][gc,heap        ] GC(109) PSYoungGen: 42592K(43008K)->576K(43008K) Eden: 41984K(41984K)->0K(41984K) From: 608K(1024K)->576K(1024K)
[30.485s][info][gc,heap        ] GC(109) ParOldGen: 6449K(349696K)->6449K(349696K)
[30.485s][info][gc,metaspace   ] GC(109) Metaspace: 9868K(10240K)->9868K(10240K) NonClass: 8566K(8768K)->8566K(8768K) Class: 1302K(1472K)->1302K(1472K)
[30.485s][info][gc             ] GC(109) Pause Young (Allocation Failure) 47M->6M(383M) 0.988ms
[30.485s][info][gc,cpu         ] GC(109) User=0.00s Sys=0.00s Real=0.00s
[30.654s][info][gc,start       ] GC(110) Pause Young (Allocation Failure)
[30.655s][info][gc,heap        ] GC(110) PSYoungGen: 42560K(43008K)->608K(43008K) Eden: 41984K(41984K)->0K(41984K) From: 576K(1024K)->608K(1024K)
[30.655s][info][gc,heap        ] GC(110) ParOldGen: 6449K(349696K)->6449K(349696K)
[30.655s][info][gc,metaspace   ] GC(110) Metaspace: 9868K(10240K)->9868K(10240K) NonClass: 8566K(8768K)->8566K(8768K) Class: 1302K(1472K)->1302K(1472K)
[30.655s][info][gc             ] GC(110) Pause Young (Allocation Failure) 47M->6M(383M) 0.972ms
[30.655s][info][gc,cpu         ] GC(110) User=0.00s Sys=0.00s Real=0.00s
[30.827s][info][gc,start       ] GC(111) Pause Young (Allocation Failure)
[30.828s][info][gc,heap        ] GC(111) PSYoungGen: 42592K(43008K)->832K(43008K) Eden: 41984K(41984K)->0K(41984K) From: 608K(1024K)->832K(1024K)
[30.828s][info][gc,heap        ] GC(111) ParOldGen: 6449K(349696K)->6505K(349696K)
[30.828s][info][gc,metaspace   ] GC(111) Metaspace: 9868K(10240K)->9868K(10240K) NonClass: 8566K(8768K)->8566K(8768K) Class: 1302K(1472K)->1302K(1472K)
[30.828s][info][gc             ] GC(111) Pause Young (Allocation Failure) 47M->7M(383M) 1.106ms
[30.828s][info][gc,cpu         ] GC(111) User=0.00s Sys=0.00s Real=0.00s
[30.993s][info][gc,start       ] GC(112) Pause Young (Allocation Failure)
[30.994s][info][gc,heap        ] GC(112) PSYoungGen: 42816K(43008K)->576K(43008K) Eden: 41984K(41984K)->0K(41984K) From: 832K(1024K)->576K(1024K)
[30.994s][info][gc,heap        ] GC(112) ParOldGen: 6505K(349696K)->6713K(349696K)
[30.994s][info][gc,metaspace   ] GC(112) Metaspace: 9868K(10240K)->9868K(10240K) NonClass: 8566K(8768K)->8566K(8768K) Class: 1302K(1472K)->1302K(1472K)
[30.994s][info][gc             ] GC(112) Pause Young (Allocation Failure) 48M->7M(383M) 1.174ms
[30.994s][info][gc,cpu         ] GC(112) User=0.00s Sys=0.00s Real=0.00s
[31.158s][info][gc,start       ] GC(113) Pause Young (Allocation Failure)
[31.159s][info][gc,heap        ] GC(113) PSYoungGen: 42560K(43008K)->608K(43008K) Eden: 41984K(41984K)->0K(41984K) From: 576K(1024K)->608K(1024K)
[31.159s][info][gc,heap        ] GC(113) ParOldGen: 6713K(349696K)->6713K(349696K)
[31.159s][info][gc,metaspace   ] GC(113) Metaspace: 9868K(10240K)->9868K(10240K) NonClass: 8566K(8768K)->8566K(8768K) Class: 1302K(1472K)->1302K(1472K)
[31.159s][info][gc             ] GC(113) Pause Young (Allocation Failure) 48M->7M(383M) 1.042ms
[31.159s][info][gc,cpu         ] GC(113) User=0.00s Sys=0.00s Real=0.00s
[31.328s][info][gc,start       ] GC(114) Pause Young (Allocation Failure)
[31.329s][info][gc,heap        ] GC(114) PSYoungGen: 42592K(43008K)->672K(43008K) Eden: 41984K(41984K)->0K(41984K) From: 608K(1024K)->672K(1024K)
[31.329s][info][gc,heap        ] GC(114) ParOldGen: 6713K(349696K)->6713K(349696K)
[31.329s][info][gc,metaspace   ] GC(114) Metaspace: 9868K(10240K)->9868K(10240K) NonClass: 8566K(8768K)->8566K(8768K) Class: 1302K(1472K)->1302K(1472K)
[31.329s][info][gc             ] GC(114) Pause Young (Allocation Failure) 48M->7M(383M) 1.074ms
[31.329s][info][gc,cpu         ] GC(114) User=0.14s Sys=0.00s Real=0.01s
[31.502s][info][gc,start       ] GC(115) Pause Young (Allocation Failure)
[31.503s][info][gc,heap        ] GC(115) PSYoungGen: 42656K(43008K)->608K(43008K) Eden: 41984K(41984K)->0K(41984K) From: 672K(1024K)->608K(1024K)
[31.503s][info][gc,heap        ] GC(115) ParOldGen: 6713K(349696K)->6713K(349696K)
[31.503s][info][gc,metaspace   ] GC(115) Metaspace: 9868K(10240K)->9868K(10240K) NonClass: 8566K(8768K)->8566K(8768K) Class: 1302K(1472K)->1302K(1472K)
[31.503s][info][gc             ] GC(115) Pause Young (Allocation Failure) 48M->7M(383M) 0.985ms
[31.503s][info][gc,cpu         ] GC(115) User=0.00s Sys=0.00s Real=0.00s
[31.667s][info][gc,start       ] GC(116) Pause Young (Allocation Failure)
[31.668s][info][gc,heap        ] GC(116) PSYoungGen: 42592K(43008K)->800K(43008K) Eden: 41984K(41984K)->0K(41984K) From: 608K(1024K)->800K(1024K)
[31.668s][info][gc,heap        ] GC(116) ParOldGen: 6713K(349696K)->6713K(349696K)
[31.668s][info][gc,metaspace   ] GC(116) Metaspace: 9868K(10240K)->9868K(10240K) NonClass: 8566K(8768K)->8566K(8768K) Class: 1302K(1472K)->1302K(1472K)
[31.668s][info][gc             ] GC(116) Pause Young (Allocation Failure) 48M->7M(383M) 1.107ms
[31.668s][info][gc,cpu         ] GC(116) User=0.00s Sys=0.00s Real=0.00s
[31.833s][info][gc,start       ] GC(117) Pause Young (Allocation Failure)
[31.834s][info][gc,heap        ] GC(117) PSYoungGen: 42784K(43008K)->704K(43520K) Eden: 41984K(41984K)->0K(41984K) From: 800K(1024K)->704K(1536K)
[31.834s][info][gc,heap        ] GC(117) ParOldGen: 6713K(349696K)->6897K(349696K)
[31.834s][info][gc,metaspace   ] GC(117) Metaspace: 9868K(10240K)->9868K(10240K) NonClass: 8566K(8768K)->8566K(8768K) Class: 1302K(1472K)->1302K(1472K)
[31.835s][info][gc             ] GC(117) Pause Young (Allocation Failure) 48M->7M(384M) 1.119ms
[31.835s][info][gc,cpu         ] GC(117) User=0.00s Sys=0.00s Real=0.00s
[31.999s][info][gc,start       ] GC(118) Pause Young (Allocation Failure)
[32.007s][info][gc,heap        ] GC(118) PSYoungGen: 42688K(43520K)->608K(43008K) Eden: 41984K(41984K)->0K(41984K) From: 704K(1536K)->608K(1024K)
[32.007s][info][gc,heap        ] GC(118) ParOldGen: 6897K(349696K)->6897K(349696K)
[32.007s][info][gc,metaspace   ] GC(118) Metaspace: 9868K(10240K)->9868K(10240K) NonClass: 8566K(8768K)->8566K(8768K) Class: 1302K(1472K)->1302K(1472K)
[32.007s][info][gc             ] GC(118) Pause Young (Allocation Failure) 48M->7M(383M) 8.010ms
[32.007s][info][gc,cpu         ] GC(118) User=0.00s Sys=0.00s Real=0.00s
[32.177s][info][gc,start       ] GC(119) Pause Young (Allocation Failure)
[32.178s][info][gc,heap        ] GC(119) PSYoungGen: 42592K(43008K)->576K(43008K) Eden: 41984K(41984K)->0K(41984K) From: 608K(1024K)->576K(1024K)
[32.178s][info][gc,heap        ] GC(119) ParOldGen: 6897K(349696K)->6897K(349696K)
[32.178s][info][gc,metaspace   ] GC(119) Metaspace: 9868K(10240K)->9868K(10240K) NonClass: 8566K(8768K)->8566K(8768K) Class: 1302K(1472K)->1302K(1472K)
[32.178s][info][gc             ] GC(119) Pause Young (Allocation Failure) 48M->7M(383M) 1.006ms
[32.178s][info][gc,cpu         ] GC(119) User=0.00s Sys=0.00s Real=0.00s
[32.345s][info][gc,start       ] GC(120) Pause Young (Allocation Failure)
[32.346s][info][gc,heap        ] GC(120) PSYoungGen: 42560K(43008K)->512K(42496K) Eden: 41984K(41984K)->0K(41984K) From: 576K(1024K)->512K(512K)
[32.346s][info][gc,heap        ] GC(120) ParOldGen: 6897K(349696K)->6913K(349696K)
[32.346s][info][gc,metaspace   ] GC(120) Metaspace: 9868K(10240K)->9868K(10240K) NonClass: 8566K(8768K)->8566K(8768K) Class: 1302K(1472K)->1302K(1472K)
[32.346s][info][gc             ] GC(120) Pause Young (Allocation Failure) 48M->7M(383M) 0.805ms
[32.346s][info][gc,cpu         ] GC(120) User=0.00s Sys=0.00s Real=0.00s
[32.510s][info][gc,start       ] GC(121) Pause Young (Allocation Failure)
[32.511s][info][gc,heap        ] GC(121) PSYoungGen: 42496K(42496K)->576K(43008K) Eden: 41984K(41984K)->0K(41984K) From: 512K(512K)->576K(1024K)
[32.511s][info][gc,heap        ] GC(121) ParOldGen: 6913K(349696K)->7081K(349696K)
[32.511s][info][gc,metaspace   ] GC(121) Metaspace: 9868K(10240K)->9868K(10240K) NonClass: 8566K(8768K)->8566K(8768K) Class: 1302K(1472K)->1302K(1472K)
[32.511s][info][gc             ] GC(121) Pause Young (Allocation Failure) 48M->7M(383M) 0.955ms
[32.511s][info][gc,cpu         ] GC(121) User=0.00s Sys=0.00s Real=0.00s
[32.675s][info][gc,start       ] GC(122) Pause Young (Allocation Failure)
[32.675s][info][gc,heap        ] GC(122) PSYoungGen: 42560K(43008K)->576K(43008K) Eden: 41984K(41984K)->0K(41984K) From: 576K(1024K)->576K(1024K)
[32.675s][info][gc,heap        ] GC(122) ParOldGen: 7081K(349696K)->7097K(349696K)
[32.676s][info][gc,metaspace   ] GC(122) Metaspace: 9868K(10240K)->9868K(10240K) NonClass: 8566K(8768K)->8566K(8768K) Class: 1302K(1472K)->1302K(1472K)
[32.676s][info][gc             ] GC(122) Pause Young (Allocation Failure) 48M->7M(383M) 0.847ms
[32.676s][info][gc,cpu         ] GC(122) User=0.00s Sys=0.00s Real=0.00s
[32.844s][info][gc,start       ] GC(123) Pause Young (Allocation Failure)
[32.845s][info][gc,heap        ] GC(123) PSYoungGen: 42560K(43008K)->576K(43008K) Eden: 41984K(41984K)->0K(41984K) From: 576K(1024K)->576K(1024K)
[32.845s][info][gc,heap        ] GC(123) ParOldGen: 7097K(349696K)->7097K(349696K)
[32.845s][info][gc,metaspace   ] GC(123) Metaspace: 9868K(10240K)->9868K(10240K) NonClass: 8566K(8768K)->8566K(8768K) Class: 1302K(1472K)->1302K(1472K)
[32.845s][info][gc             ] GC(123) Pause Young (Allocation Failure) 48M->7M(383M) 1.033ms
[32.845s][info][gc,cpu         ] GC(123) User=0.00s Sys=0.00s Real=0.00s
[33.012s][info][gc,start       ] GC(124) Pause Young (Allocation Failure)
[33.013s][info][gc,heap        ] GC(124) PSYoungGen: 42560K(43008K)->512K(42496K) Eden: 41984K(41984K)->0K(41984K) From: 576K(1024K)->512K(512K)
[33.013s][info][gc,heap        ] GC(124) ParOldGen: 7097K(349696K)->7153K(349696K)
[33.013s][info][gc,metaspace   ] GC(124) Metaspace: 9868K(10240K)->9868K(10240K) NonClass: 8566K(8768K)->8566K(8768K) Class: 1302K(1472K)->1302K(1472K)
[33.013s][info][gc             ] GC(124) Pause Young (Allocation Failure) 48M->7M(383M) 0.893ms
[33.013s][info][gc,cpu         ] GC(124) User=0.00s Sys=0.00s Real=0.00s
[33.183s][info][gc,start       ] GC(125) Pause Young (Allocation Failure)
[33.184s][info][gc,heap        ] GC(125) PSYoungGen: 42496K(42496K)->736K(43008K) Eden: 41984K(41984K)->0K(41984K) From: 512K(512K)->736K(1024K)
[33.184s][info][gc,heap        ] GC(125) ParOldGen: 7153K(349696K)->7353K(349696K)
[33.184s][info][gc,metaspace   ] GC(125) Metaspace: 9868K(10240K)->9868K(10240K) NonClass: 8566K(8768K)->8566K(8768K) Class: 1302K(1472K)->1302K(1472K)
[33.184s][info][gc             ] GC(125) Pause Young (Allocation Failure) 48M->7M(383M) 1.083ms
[33.184s][info][gc,cpu         ] GC(125) User=0.00s Sys=0.00s Real=0.00s
[33.354s][info][gc,start       ] GC(126) Pause Young (Allocation Failure)
[33.354s][info][gc,heap        ] GC(126) PSYoungGen: 42720K(43008K)->640K(43008K) Eden: 41984K(41984K)->0K(41984K) From: 736K(1024K)->640K(1024K)
[33.354s][info][gc,heap        ] GC(126) ParOldGen: 7353K(349696K)->7353K(349696K)
[33.354s][info][gc,metaspace   ] GC(126) Metaspace: 9868K(10240K)->9868K(10240K) NonClass: 8566K(8768K)->8566K(8768K) Class: 1302K(1472K)->1302K(1472K)
[33.355s][info][gc             ] GC(126) Pause Young (Allocation Failure) 48M->7M(383M) 0.929ms
[33.355s][info][gc,cpu         ] GC(126) User=0.00s Sys=0.00s Real=0.00s
[33.523s][info][gc,start       ] GC(127) Pause Young (Allocation Failure)
[33.524s][info][gc,heap        ] GC(127) PSYoungGen: 42624K(43008K)->576K(43008K) Eden: 41984K(41984K)->0K(41984K) From: 640K(1024K)->576K(1024K)
[33.524s][info][gc,heap        ] GC(127) ParOldGen: 7353K(349696K)->7353K(349696K)
[33.524s][info][gc,metaspace   ] GC(127) Metaspace: 9868K(10240K)->9868K(10240K) NonClass: 8566K(8768K)->8566K(8768K) Class: 1302K(1472K)->1302K(1472K)
[33.524s][info][gc             ] GC(127) Pause Young (Allocation Failure) 48M->7M(383M) 0.966ms
[33.524s][info][gc,cpu         ] GC(127) User=0.00s Sys=0.00s Real=0.00s
[33.688s][info][gc,start       ] GC(128) Pause Young (Allocation Failure)
[33.689s][info][gc,heap        ] GC(128) PSYoungGen: 42560K(43008K)->512K(42496K) Eden: 41984K(41984K)->0K(41984K) From: 576K(1024K)->512K(512K)
[33.689s][info][gc,heap        ] GC(128) ParOldGen: 7353K(349696K)->7641K(349696K)
[33.689s][info][gc,metaspace   ] GC(128) Metaspace: 9868K(10240K)->9868K(10240K) NonClass: 8566K(8768K)->8566K(8768K) Class: 1302K(1472K)->1302K(1472K)
[33.689s][info][gc             ] GC(128) Pause Young (Allocation Failure) 48M->7M(383M) 1.205ms
[33.689s][info][gc,cpu         ] GC(128) User=0.00s Sys=0.00s Real=0.00s
[33.855s][info][gc,start       ] GC(129) Pause Young (Allocation Failure)
[33.856s][info][gc,heap        ] GC(129) PSYoungGen: 42496K(42496K)->640K(43008K) Eden: 41984K(41984K)->0K(41984K) From: 512K(512K)->640K(1024K)
[33.856s][info][gc,heap        ] GC(129) ParOldGen: 7641K(349696K)->8121K(349696K)
[33.856s][info][gc,metaspace   ] GC(129) Metaspace: 9868K(10240K)->9868K(10240K) NonClass: 8566K(8768K)->8566K(8768K) Class: 1302K(1472K)->1302K(1472K)
[33.856s][info][gc             ] GC(129) Pause Young (Allocation Failure) 48M->8M(383M) 1.410ms
[33.856s][info][gc,cpu         ] GC(129) User=0.00s Sys=0.00s Real=0.00s
[34.030s][info][gc,start       ] GC(130) Pause Young (Allocation Failure)
[34.031s][info][gc,heap        ] GC(130) PSYoungGen: 42624K(43008K)->576K(43008K) Eden: 41984K(41984K)->0K(41984K) From: 640K(1024K)->576K(1024K)
[34.031s][info][gc,heap        ] GC(130) ParOldGen: 8121K(349696K)->8185K(349696K)
[34.031s][info][gc,metaspace   ] GC(130) Metaspace: 9868K(10240K)->9868K(10240K) NonClass: 8566K(8768K)->8566K(8768K) Class: 1302K(1472K)->1302K(1472K)
[34.031s][info][gc             ] GC(130) Pause Young (Allocation Failure) 49M->8M(383M) 0.896ms
[34.031s][info][gc,cpu         ] GC(130) User=0.00s Sys=0.00s Real=0.00s
[34.195s][info][gc,start       ] GC(131) Pause Young (Allocation Failure)
[34.195s][info][gc,heap        ] GC(131) PSYoungGen: 42560K(43008K)->608K(43008K) Eden: 41984K(41984K)->0K(41984K) From: 576K(1024K)->608K(1024K)
[34.196s][info][gc,heap        ] GC(131) ParOldGen: 8185K(349696K)->8185K(349696K)
[34.196s][info][gc,metaspace   ] GC(131) Metaspace: 9868K(10240K)->9868K(10240K) NonClass: 8566K(8768K)->8566K(8768K) Class: 1302K(1472K)->1302K(1472K)
[34.196s][info][gc             ] GC(131) Pause Young (Allocation Failure) 49M->8M(383M) 1.091ms
[34.196s][info][gc,cpu         ] GC(131) User=0.00s Sys=0.00s Real=0.00s
[34.369s][info][gc,start       ] GC(132) Pause Young (Allocation Failure)
[34.370s][info][gc,heap        ] GC(132) PSYoungGen: 42592K(43008K)->512K(42496K) Eden: 41984K(41984K)->0K(41984K) From: 608K(1024K)->512K(512K)
[34.370s][info][gc,heap        ] GC(132) ParOldGen: 8185K(349696K)->8449K(349696K)
[34.370s][info][gc,metaspace   ] GC(132) Metaspace: 9868K(10240K)->9868K(10240K) NonClass: 8566K(8768K)->8566K(8768K) Class: 1302K(1472K)->1302K(1472K)
[34.370s][info][gc             ] GC(132) Pause Young (Allocation Failure) 49M->8M(383M) 1.072ms
[34.370s][info][gc,cpu         ] GC(132) User=0.00s Sys=0.00s Real=0.00s
[34.541s][info][gc,start       ] GC(133) Pause Young (Allocation Failure)
[34.542s][info][gc,heap        ] GC(133) PSYoungGen: 42496K(42496K)->608K(43008K) Eden: 41984K(41984K)->0K(41984K) From: 512K(512K)->608K(1024K)
[34.542s][info][gc,heap        ] GC(133) ParOldGen: 8449K(349696K)->8625K(349696K)
[34.542s][info][gc,metaspace   ] GC(133) Metaspace: 9868K(10240K)->9868K(10240K) NonClass: 8566K(8768K)->8566K(8768K) Class: 1302K(1472K)->1302K(1472K)
[34.542s][info][gc             ] GC(133) Pause Young (Allocation Failure) 49M->9M(383M) 1.007ms
[34.542s][info][gc,cpu         ] GC(133) User=0.00s Sys=0.00s Real=0.00s
[34.706s][info][gc,start       ] GC(134) Pause Young (Allocation Failure)
[34.706s][info][gc,heap        ] GC(134) PSYoungGen: 42591K(43008K)->576K(43008K) Eden: 41983K(41984K)->0K(41984K) From: 608K(1024K)->576K(1024K)
[34.706s][info][gc,heap        ] GC(134) ParOldGen: 8625K(349696K)->8641K(349696K)
[34.706s][info][gc,metaspace   ] GC(134) Metaspace: 9868K(10240K)->9868K(10240K) NonClass: 8566K(8768K)->8566K(8768K) Class: 1302K(1472K)->1302K(1472K)
[34.706s][info][gc             ] GC(134) Pause Young (Allocation Failure) 50M->9M(383M) 0.883ms
[34.707s][info][gc,cpu         ] GC(134) User=0.00s Sys=0.00s Real=0.00s
[34.740s][info][gc,start       ] GC(135) Pause Young (System.gc())
[34.741s][info][gc,heap        ] GC(135) PSYoungGen: 8365K(43008K)->576K(43008K) Eden: 7789K(41984K)->0K(41984K) From: 576K(1024K)->576K(1024K)
[34.741s][info][gc,heap        ] GC(135) ParOldGen: 8641K(349696K)->8713K(349696K)
[34.741s][info][gc,metaspace   ] GC(135) Metaspace: 9868K(10240K)->9868K(10240K) NonClass: 8566K(8768K)->8566K(8768K) Class: 1302K(1472K)->1302K(1472K)
[34.741s][info][gc             ] GC(135) Pause Young (System.gc()) 16M->9M(383M) 0.901ms
[34.741s][info][gc,cpu         ] GC(135) User=0.00s Sys=0.00s Real=0.00s
[34.741s][info][gc,start       ] GC(136) Pause Full (System.gc())
[34.741s][info][gc,phases,start] GC(136) Marking Phase
[34.755s][info][gc,phases      ] GC(136) Marking Phase 13.667ms
[34.755s][info][gc,phases,start] GC(136) Summary Phase
[34.755s][info][gc,phases      ] GC(136) Summary Phase 0.032ms
[34.755s][info][gc,phases,start] GC(136) Adjust Roots
[34.759s][info][gc,phases      ] GC(136) Adjust Roots 4.084ms
[34.759s][info][gc,phases,start] GC(136) Compaction Phase
[34.762s][info][gc,phases      ] GC(136) Compaction Phase 2.961ms
[34.762s][info][gc,phases,start] GC(136) Post Compact
[34.763s][info][gc,phases      ] GC(136) Post Compact 0.315ms
[34.763s][info][gc,heap        ] GC(136) PSYoungGen: 576K(43008K)->0K(43008K) Eden: 0K(41984K)->0K(41984K) From: 576K(1024K)->0K(1024K)
[34.763s][info][gc,heap        ] GC(136) ParOldGen: 8713K(349696K)->4074K(349696K)
[34.763s][info][gc,metaspace   ] GC(136) Metaspace: 9868K(10240K)->9868K(10240K) NonClass: 8566K(8768K)->8566K(8768K) Class: 1302K(1472K)->1302K(1472K)
[34.763s][info][gc             ] GC(136) Pause Full (System.gc()) 9M->3M(383M) 21.402ms
[34.763s][info][gc,cpu         ] GC(136) User=0.17s Sys=0.00s Real=0.03s
[34.941s][info][gc,start       ] GC(137) Pause Young (Allocation Failure)
[34.943s][info][gc,heap        ] GC(137) PSYoungGen: 41984K(43008K)->512K(42496K) Eden: 41984K(41984K)->0K(41984K) From: 0K(1024K)->512K(512K)
[34.943s][info][gc,heap        ] GC(137) ParOldGen: 4074K(349696K)->4826K(349696K)
[34.943s][info][gc,metaspace   ] GC(137) Metaspace: 9869K(10240K)->9869K(10240K) NonClass: 8567K(8768K)->8567K(8768K) Class: 1302K(1472K)->1302K(1472K)
[34.943s][info][gc             ] GC(137) Pause Young (Allocation Failure) 44M->5M(383M) 1.784ms
[34.943s][info][gc,cpu         ] GC(137) User=0.00s Sys=0.00s Real=0.00s
[35.113s][info][gc,start       ] GC(138) Pause Young (Allocation Failure)
[35.114s][info][gc,heap        ] GC(138) PSYoungGen: 42496K(42496K)->1056K(43520K) Eden: 41984K(41984K)->0K(41984K) From: 512K(512K)->1056K(1536K)
[35.114s][info][gc,heap        ] GC(138) ParOldGen: 4826K(349696K)->5122K(349696K)
[35.114s][info][gc,metaspace   ] GC(138) Metaspace: 9869K(10240K)->9869K(10240K) NonClass: 8567K(8768K)->8567K(8768K) Class: 1302K(1472K)->1302K(1472K)
[35.114s][info][gc             ] GC(138) Pause Young (Allocation Failure) 46M->6M(384M) 1.475ms
[35.114s][info][gc,cpu         ] GC(138) User=0.00s Sys=0.00s Real=0.00s
[35.277s][info][gc,start       ] GC(139) Pause Young (Allocation Failure)
[35.279s][info][gc,heap        ] GC(139) PSYoungGen: 43040K(43520K)->800K(43008K) Eden: 41984K(41984K)->0K(41984K) From: 1056K(1536K)->800K(1024K)
[35.279s][info][gc,heap        ] GC(139) ParOldGen: 5122K(349696K)->5562K(349696K)
[35.279s][info][gc,metaspace   ] GC(139) Metaspace: 9869K(10240K)->9869K(10240K) NonClass: 8567K(8768K)->8567K(8768K) Class: 1302K(1472K)->1302K(1472K)
[35.279s][info][gc             ] GC(139) Pause Young (Allocation Failure) 47M->6M(383M) 1.432ms
[35.279s][info][gc,cpu         ] GC(139) User=0.00s Sys=0.00s Real=0.00s
[35.455s][info][gc,start       ] GC(140) Pause Young (Allocation Failure)
[35.457s][info][gc,heap        ] GC(140) PSYoungGen: 42784K(43008K)->800K(43008K) Eden: 41984K(41984K)->0K(41984K) From: 800K(1024K)->800K(1024K)
[35.457s][info][gc,heap        ] GC(140) ParOldGen: 5562K(349696K)->5762K(349696K)
[35.457s][info][gc,metaspace   ] GC(140) Metaspace: 9869K(10240K)->9869K(10240K) NonClass: 8567K(8768K)->8567K(8768K) Class: 1302K(1472K)->1302K(1472K)
[35.457s][info][gc             ] GC(140) Pause Young (Allocation Failure) 47M->6M(383M) 1.205ms
[35.457s][info][gc,cpu         ] GC(140) User=0.00s Sys=0.00s Real=0.00s
[35.625s][info][gc,start       ] GC(141) Pause Young (Allocation Failure)
[35.626s][info][gc,heap        ] GC(141) PSYoungGen: 42784K(43008K)->768K(43008K) Eden: 41984K(41984K)->0K(41984K) From: 800K(1024K)->768K(1024K)
[35.626s][info][gc,heap        ] GC(141) ParOldGen: 5762K(349696K)->5978K(349696K)
[35.627s][info][gc,metaspace   ] GC(141) Metaspace: 9869K(10240K)->9869K(10240K) NonClass: 8567K(8768K)->8567K(8768K) Class: 1302K(1472K)->1302K(1472K)
[35.627s][info][gc             ] GC(141) Pause Young (Allocation Failure) 47M->6M(383M) 1.220ms
[35.627s][info][gc,cpu         ] GC(141) User=0.00s Sys=0.00s Real=0.00s
[35.801s][info][gc,start       ] GC(142) Pause Young (Allocation Failure)
[35.802s][info][gc,heap        ] GC(142) PSYoungGen: 42752K(43008K)->640K(43008K) Eden: 41984K(41984K)->0K(41984K) From: 768K(1024K)->640K(1024K)
[35.802s][info][gc,heap        ] GC(142) ParOldGen: 5978K(349696K)->6178K(349696K)
[35.802s][info][gc,metaspace   ] GC(142) Metaspace: 9869K(10240K)->9869K(10240K) NonClass: 8567K(8768K)->8567K(8768K) Class: 1302K(1472K)->1302K(1472K)
[35.802s][info][gc             ] GC(142) Pause Young (Allocation Failure) 47M->6M(383M) 1.119ms
[35.802s][info][gc,cpu         ] GC(142) User=0.00s Sys=0.00s Real=0.00s
[35.980s][info][gc,start       ] GC(143) Pause Young (Allocation Failure)
[35.981s][info][gc,heap        ] GC(143) PSYoungGen: 42623K(43008K)->640K(43008K) Eden: 41983K(41984K)->0K(41984K) From: 640K(1024K)->640K(1024K)
[35.981s][info][gc,heap        ] GC(143) ParOldGen: 6178K(349696K)->6402K(349696K)
[35.981s][info][gc,metaspace   ] GC(143) Metaspace: 9869K(10240K)->9869K(10240K) NonClass: 8567K(8768K)->8567K(8768K) Class: 1302K(1472K)->1302K(1472K)
[35.981s][info][gc             ] GC(143) Pause Young (Allocation Failure) 47M->6M(383M) 1.185ms
[35.981s][info][gc,cpu         ] GC(143) User=0.02s Sys=0.00s Real=0.01s
[36.143s][info][gc,start       ] GC(144) Pause Young (Allocation Failure)
[36.144s][info][gc,heap        ] GC(144) PSYoungGen: 42624K(43008K)->608K(43008K) Eden: 41984K(41984K)->0K(41984K) From: 640K(1024K)->608K(1024K)
[36.144s][info][gc,heap        ] GC(144) ParOldGen: 6402K(349696K)->6402K(349696K)
[36.144s][info][gc,metaspace   ] GC(144) Metaspace: 9869K(10240K)->9869K(10240K) NonClass: 8567K(8768K)->8567K(8768K) Class: 1302K(1472K)->1302K(1472K)
[36.144s][info][gc             ] GC(144) Pause Young (Allocation Failure) 47M->6M(383M) 0.891ms
[36.144s][info][gc,cpu         ] GC(144) User=0.00s Sys=0.00s Real=0.00s
[36.309s][info][gc,start       ] GC(145) Pause Young (Allocation Failure)
[36.310s][info][gc,heap        ] GC(145) PSYoungGen: 42592K(43008K)->832K(43008K) Eden: 41984K(41984K)->0K(41984K) From: 608K(1024K)->832K(1024K)
[36.310s][info][gc,heap        ] GC(145) ParOldGen: 6402K(349696K)->6442K(349696K)
[36.310s][info][gc,metaspace   ] GC(145) Metaspace: 9869K(10240K)->9869K(10240K) NonClass: 8567K(8768K)->8567K(8768K) Class: 1302K(1472K)->1302K(1472K)
[36.310s][info][gc             ] GC(145) Pause Young (Allocation Failure) 47M->7M(383M) 1.156ms
[36.310s][info][gc,cpu         ] GC(145) User=0.00s Sys=0.00s Real=0.00s
[36.479s][info][gc,start       ] GC(146) Pause Young (Allocation Failure)
[36.480s][info][gc,heap        ] GC(146) PSYoungGen: 42816K(43008K)->480K(42496K) Eden: 41984K(41984K)->0K(41984K) From: 832K(1024K)->480K(512K)
[36.480s][info][gc,heap        ] GC(146) ParOldGen: 6442K(349696K)->6698K(349696K)
[36.481s][info][gc,metaspace   ] GC(146) Metaspace: 9869K(10240K)->9869K(10240K) NonClass: 8567K(8768K)->8567K(8768K) Class: 1302K(1472K)->1302K(1472K)
[36.481s][info][gc             ] GC(146) Pause Young (Allocation Failure) 48M->7M(383M) 1.199ms
[36.481s][info][gc,cpu         ] GC(146) User=0.00s Sys=0.02s Real=0.01s
[36.649s][info][gc,start       ] GC(147) Pause Young (Allocation Failure)
[36.650s][info][gc,heap        ] GC(147) PSYoungGen: 42464K(42496K)->672K(43008K) Eden: 41984K(41984K)->0K(41984K) From: 480K(512K)->672K(1024K)
[36.650s][info][gc,heap        ] GC(147) ParOldGen: 6698K(349696K)->6698K(349696K)
[36.650s][info][gc,metaspace   ] GC(147) Metaspace: 9869K(10240K)->9869K(10240K) NonClass: 8567K(8768K)->8567K(8768K) Class: 1302K(1472K)->1302K(1472K)
[36.650s][info][gc             ] GC(147) Pause Young (Allocation Failure) 48M->7M(383M) 1.028ms
[36.650s][info][gc,cpu         ] GC(147) User=0.00s Sys=0.00s Real=0.00s
[36.815s][info][gc,start       ] GC(148) Pause Young (Allocation Failure)
[36.816s][info][gc,heap        ] GC(148) PSYoungGen: 42656K(43008K)->832K(43008K) Eden: 41984K(41984K)->0K(41984K) From: 672K(1024K)->832K(1024K)
[36.816s][info][gc,heap        ] GC(148) ParOldGen: 6698K(349696K)->6746K(349696K)
[36.816s][info][gc,metaspace   ] GC(148) Metaspace: 9869K(10240K)->9869K(10240K) NonClass: 8567K(8768K)->8567K(8768K) Class: 1302K(1472K)->1302K(1472K)
[36.816s][info][gc             ] GC(148) Pause Young (Allocation Failure) 48M->7M(383M) 1.148ms
[36.816s][info][gc,cpu         ] GC(148) User=0.00s Sys=0.00s Real=0.00s
[36.985s][info][gc,start       ] GC(149) Pause Young (Allocation Failure)
[36.986s][info][gc,heap        ] GC(149) PSYoungGen: 42816K(43008K)->672K(43008K) Eden: 41984K(41984K)->0K(41984K) From: 832K(1024K)->672K(1024K)
[36.986s][info][gc,heap        ] GC(149) ParOldGen: 6746K(349696K)->6946K(349696K)
[36.986s][info][gc,metaspace   ] GC(149) Metaspace: 9869K(10240K)->9869K(10240K) NonClass: 8567K(8768K)->8567K(8768K) Class: 1302K(1472K)->1302K(1472K)
[36.986s][info][gc             ] GC(149) Pause Young (Allocation Failure) 48M->7M(383M) 1.113ms
[36.986s][info][gc,cpu         ] GC(149) User=0.00s Sys=0.00s Real=0.00s
[37.158s][info][gc,start       ] GC(150) Pause Young (Allocation Failure)
[37.159s][info][gc,heap        ] GC(150) PSYoungGen: 42656K(43008K)->576K(43520K) Eden: 41984K(41984K)->0K(41984K) From: 672K(1024K)->576K(1536K)
[37.159s][info][gc,heap        ] GC(150) ParOldGen: 6946K(349696K)->6946K(349696K)
[37.159s][info][gc,metaspace   ] GC(150) Metaspace: 9869K(10240K)->9869K(10240K) NonClass: 8567K(8768K)->8567K(8768K) Class: 1302K(1472K)->1302K(1472K)
[37.159s][info][gc             ] GC(150) Pause Young (Allocation Failure) 48M->7M(384M) 0.983ms
[37.159s][info][gc,cpu         ] GC(150) User=0.00s Sys=0.00s Real=0.00s
[37.332s][info][gc,start       ] GC(151) Pause Young (Allocation Failure)
[37.333s][info][gc,heap        ] GC(151) PSYoungGen: 42560K(43520K)->640K(43008K) Eden: 41984K(41984K)->0K(41984K) From: 576K(1536K)->640K(1024K)
[37.333s][info][gc,heap        ] GC(151) ParOldGen: 6946K(349696K)->6946K(349696K)
[37.333s][info][gc,metaspace   ] GC(151) Metaspace: 9869K(10240K)->9869K(10240K) NonClass: 8567K(8768K)->8567K(8768K) Class: 1302K(1472K)->1302K(1472K)
[37.333s][info][gc             ] GC(151) Pause Young (Allocation Failure) 48M->7M(383M) 0.876ms
[37.333s][info][gc,cpu         ] GC(151) User=0.00s Sys=0.00s Real=0.00s
[37.500s][info][gc,start       ] GC(152) Pause Young (Allocation Failure)
[37.501s][info][gc,heap        ] GC(152) PSYoungGen: 42624K(43008K)->608K(43008K) Eden: 41984K(41984K)->0K(41984K) From: 640K(1024K)->608K(1024K)
[37.501s][info][gc,heap        ] GC(152) ParOldGen: 6946K(349696K)->6946K(349696K)
[37.501s][info][gc,metaspace   ] GC(152) Metaspace: 9869K(10240K)->9869K(10240K) NonClass: 8567K(8768K)->8567K(8768K) Class: 1302K(1472K)->1302K(1472K)
[37.501s][info][gc             ] GC(152) Pause Young (Allocation Failure) 48M->7M(383M) 0.988ms
[37.501s][info][gc,cpu         ] GC(152) User=0.00s Sys=0.00s Real=0.00s
[37.669s][info][gc,start       ] GC(153) Pause Young (Allocation Failure)
[37.670s][info][gc,heap        ] GC(153) PSYoungGen: 42592K(43008K)->512K(42496K) Eden: 41984K(41984K)->0K(41984K) From: 608K(1024K)->512K(512K)
[37.670s][info][gc,heap        ] GC(153) ParOldGen: 6946K(349696K)->7026K(349696K)
[37.670s][info][gc,metaspace   ] GC(153) Metaspace: 9869K(10240K)->9869K(10240K) NonClass: 8567K(8768K)->8567K(8768K) Class: 1302K(1472K)->1302K(1472K)
[37.670s][info][gc             ] GC(153) Pause Young (Allocation Failure) 48M->7M(383M) 0.893ms
[37.670s][info][gc,cpu         ] GC(153) User=0.00s Sys=0.00s Real=0.00s
[37.847s][info][gc,start       ] GC(154) Pause Young (Allocation Failure)
[37.848s][info][gc,heap        ] GC(154) PSYoungGen: 42495K(42496K)->672K(43008K) Eden: 41983K(41984K)->0K(41984K) From: 512K(512K)->672K(1024K)
[37.848s][info][gc,heap        ] GC(154) ParOldGen: 7026K(349696K)->7298K(349696K)
[37.848s][info][gc,metaspace   ] GC(154) Metaspace: 9869K(10240K)->9869K(10240K) NonClass: 8567K(8768K)->8567K(8768K) Class: 1302K(1472K)->1302K(1472K)
[37.848s][info][gc             ] GC(154) Pause Young (Allocation Failure) 48M->7M(383M) 1.179ms
[37.848s][info][gc,cpu         ] GC(154) User=0.00s Sys=0.00s Real=0.00s
[38.016s][info][gc,start       ] GC(155) Pause Young (Allocation Failure)
[38.017s][info][gc,heap        ] GC(155) PSYoungGen: 42656K(43008K)->608K(43008K) Eden: 41984K(41984K)->0K(41984K) From: 672K(1024K)->608K(1024K)
[38.017s][info][gc,heap        ] GC(155) ParOldGen: 7298K(349696K)->7378K(349696K)
[38.017s][info][gc,metaspace   ] GC(155) Metaspace: 9869K(10240K)->9869K(10240K) NonClass: 8567K(8768K)->8567K(8768K) Class: 1302K(1472K)->1302K(1472K)
[38.017s][info][gc             ] GC(155) Pause Young (Allocation Failure) 48M->7M(383M) 0.902ms
[38.017s][info][gc,cpu         ] GC(155) User=0.00s Sys=0.00s Real=0.00s
[38.182s][info][gc,start       ] GC(156) Pause Young (Allocation Failure)
[38.183s][info][gc,heap        ] GC(156) PSYoungGen: 42592K(43008K)->608K(43008K) Eden: 41984K(41984K)->0K(41984K) From: 608K(1024K)->608K(1024K)
[38.183s][info][gc,heap        ] GC(156) ParOldGen: 7378K(349696K)->7378K(349696K)
[38.183s][info][gc,metaspace   ] GC(156) Metaspace: 9869K(10240K)->9869K(10240K) NonClass: 8567K(8768K)->8567K(8768K) Class: 1302K(1472K)->1302K(1472K)
[38.183s][info][gc             ] GC(156) Pause Young (Allocation Failure) 48M->7M(383M) 1.083ms
[38.183s][info][gc,cpu         ] GC(156) User=0.02s Sys=0.00s Real=0.02s
[38.357s][info][gc,start       ] GC(157) Pause Young (Allocation Failure)
[38.358s][info][gc,heap        ] GC(157) PSYoungGen: 42592K(43008K)->512K(42496K) Eden: 41984K(41984K)->0K(41984K) From: 608K(1024K)->512K(512K)
[38.358s][info][gc,heap        ] GC(157) ParOldGen: 7378K(349696K)->7634K(349696K)
[38.358s][info][gc,metaspace   ] GC(157) Metaspace: 9869K(10240K)->9869K(10240K) NonClass: 8567K(8768K)->8567K(8768K) Class: 1302K(1472K)->1302K(1472K)
[38.358s][info][gc             ] GC(157) Pause Young (Allocation Failure) 48M->7M(383M) 1.177ms
[38.358s][info][gc,cpu         ] GC(157) User=0.00s Sys=0.00s Real=0.00s
[38.526s][info][gc,start       ] GC(158) Pause Young (Allocation Failure)
[38.526s][info][gc,heap        ] GC(158) PSYoungGen: 42496K(42496K)->576K(43008K) Eden: 41984K(41984K)->0K(41984K) From: 512K(512K)->576K(1024K)
[38.527s][info][gc,heap        ] GC(158) ParOldGen: 7634K(349696K)->7818K(349696K)
[38.527s][info][gc,metaspace   ] GC(158) Metaspace: 9869K(10240K)->9869K(10240K) NonClass: 8567K(8768K)->8567K(8768K) Class: 1302K(1472K)->1302K(1472K)
[38.527s][info][gc             ] GC(158) Pause Young (Allocation Failure) 48M->8M(383M) 1.033ms
[38.527s][info][gc,cpu         ] GC(158) User=0.14s Sys=0.00s Real=0.02s
[38.690s][info][gc,start       ] GC(159) Pause Young (Allocation Failure)
[38.691s][info][gc,heap        ] GC(159) PSYoungGen: 42559K(43008K)->736K(43008K) Eden: 41983K(41984K)->0K(41984K) From: 576K(1024K)->736K(1024K)
[38.691s][info][gc,heap        ] GC(159) ParOldGen: 7818K(349696K)->7970K(349696K)
[38.691s][info][gc,metaspace   ] GC(159) Metaspace: 9869K(10240K)->9869K(10240K) NonClass: 8567K(8768K)->8567K(8768K) Class: 1302K(1472K)->1302K(1472K)
[38.691s][info][gc             ] GC(159) Pause Young (Allocation Failure) 49M->8M(383M) 1.004ms
[38.691s][info][gc,cpu         ] GC(159) User=0.00s Sys=0.00s Real=0.00s
[38.864s][info][gc,start       ] GC(160) Pause Young (Allocation Failure)
[38.865s][info][gc,heap        ] GC(160) PSYoungGen: 42720K(43008K)->736K(43008K) Eden: 41984K(41984K)->0K(41984K) From: 736K(1024K)->736K(1024K)
[38.865s][info][gc,heap        ] GC(160) ParOldGen: 7970K(349696K)->8082K(349696K)
[38.865s][info][gc,metaspace   ] GC(160) Metaspace: 9869K(10240K)->9869K(10240K) NonClass: 8567K(8768K)->8567K(8768K) Class: 1302K(1472K)->1302K(1472K)
[38.865s][info][gc             ] GC(160) Pause Young (Allocation Failure) 49M->8M(383M) 1.124ms
[38.865s][info][gc,cpu         ] GC(160) User=0.00s Sys=0.00s Real=0.00s
[39.031s][info][gc,start       ] GC(161) Pause Young (Allocation Failure)
[39.032s][info][gc,heap        ] GC(161) PSYoungGen: 42720K(43008K)->512K(42496K) Eden: 41984K(41984K)->0K(41984K) From: 736K(1024K)->512K(512K)
[39.032s][info][gc,heap        ] GC(161) ParOldGen: 8082K(349696K)->8362K(349696K)
[39.032s][info][gc,metaspace   ] GC(161) Metaspace: 9869K(10240K)->9869K(10240K) NonClass: 8567K(8768K)->8567K(8768K) Class: 1302K(1472K)->1302K(1472K)
[39.032s][info][gc             ] GC(161) Pause Young (Allocation Failure) 49M->8M(383M) 1.086ms
[39.032s][info][gc,cpu         ] GC(161) User=0.00s Sys=0.00s Real=0.00s
[39.198s][info][gc,start       ] GC(162) Pause Young (Allocation Failure)
[39.198s][info][gc,heap        ] GC(162) PSYoungGen: 42496K(42496K)->640K(43008K) Eden: 41984K(41984K)->0K(41984K) From: 512K(512K)->640K(1024K)
[39.199s][info][gc,heap        ] GC(162) ParOldGen: 8362K(349696K)->8442K(349696K)
[39.199s][info][gc,metaspace   ] GC(162) Metaspace: 9869K(10240K)->9869K(10240K) NonClass: 8567K(8768K)->8567K(8768K) Class: 1302K(1472K)->1302K(1472K)
[39.199s][info][gc             ] GC(162) Pause Young (Allocation Failure) 49M->8M(383M) 1.009ms
[39.199s][info][gc,cpu         ] GC(162) User=0.00s Sys=0.00s Real=0.00s
[39.365s][info][gc,start       ] GC(163) Pause Young (Allocation Failure)
[39.366s][info][gc,heap        ] GC(163) PSYoungGen: 42624K(43008K)->672K(43008K) Eden: 41984K(41984K)->0K(41984K) From: 640K(1024K)->672K(1024K)
[39.366s][info][gc,heap        ] GC(163) ParOldGen: 8442K(349696K)->8442K(349696K)
[39.366s][info][gc,metaspace   ] GC(163) Metaspace: 9869K(10240K)->9869K(10240K) NonClass: 8567K(8768K)->8567K(8768K) Class: 1302K(1472K)->1302K(1472K)
[39.366s][info][gc             ] GC(163) Pause Young (Allocation Failure) 49M->8M(383M) 0.929ms
[39.366s][info][gc,cpu         ] GC(163) User=0.00s Sys=0.00s Real=0.00s
[39.532s][info][gc,start       ] GC(164) Pause Young (Allocation Failure)
[39.533s][info][gc,heap        ] GC(164) PSYoungGen: 42656K(43008K)->864K(43008K) Eden: 41984K(41984K)->0K(41984K) From: 672K(1024K)->864K(1024K)
[39.533s][info][gc,heap        ] GC(164) ParOldGen: 8442K(349696K)->8442K(349696K)
[39.533s][info][gc,metaspace   ] GC(164) Metaspace: 9869K(10240K)->9869K(10240K) NonClass: 8567K(8768K)->8567K(8768K) Class: 1302K(1472K)->1302K(1472K)
[39.533s][info][gc             ] GC(164) Pause Young (Allocation Failure) 49M->9M(383M) 1.143ms
[39.533s][info][gc,cpu         ] GC(164) User=0.00s Sys=0.00s Real=0.00s
[39.699s][info][gc,start       ] GC(165) Pause Young (Allocation Failure)
[39.700s][info][gc,heap        ] GC(165) PSYoungGen: 42848K(43008K)->512K(42496K) Eden: 41984K(41984K)->0K(41984K) From: 864K(1024K)->512K(512K)
[39.700s][info][gc,heap        ] GC(165) ParOldGen: 8442K(349696K)->8706K(349696K)
[39.700s][info][gc,metaspace   ] GC(165) Metaspace: 9869K(10240K)->9869K(10240K) NonClass: 8567K(8768K)->8567K(8768K) Class: 1302K(1472K)->1302K(1472K)
[39.700s][info][gc             ] GC(165) Pause Young (Allocation Failure) 50M->9M(383M) 1.019ms
[39.700s][info][gc,cpu         ] GC(165) User=0.00s Sys=0.00s Real=0.00s
[39.870s][info][gc,start       ] GC(166) Pause Young (Allocation Failure)
[39.871s][info][gc,heap        ] GC(166) PSYoungGen: 42496K(42496K)->576K(43008K) Eden: 41984K(41984K)->0K(41984K) From: 512K(512K)->576K(1024K)
[39.871s][info][gc,heap        ] GC(166) ParOldGen: 8706K(349696K)->8754K(349696K)
[39.871s][info][gc,metaspace   ] GC(166) Metaspace: 9869K(10240K)->9869K(10240K) NonClass: 8567K(8768K)->8567K(8768K) Class: 1302K(1472K)->1302K(1472K)
[39.871s][info][gc             ] GC(166) Pause Young (Allocation Failure) 50M->9M(383M) 0.884ms
[39.871s][info][gc,cpu         ] GC(166) User=0.00s Sys=0.00s Real=0.00s
[40.048s][info][gc,start       ] GC(167) Pause Young (Allocation Failure)
[40.048s][info][gc,heap        ] GC(167) PSYoungGen: 42560K(43008K)->576K(43008K) Eden: 41984K(41984K)->0K(41984K) From: 576K(1024K)->576K(1024K)
[40.048s][info][gc,heap        ] GC(167) ParOldGen: 8754K(349696K)->8754K(349696K)
[40.048s][info][gc,metaspace   ] GC(167) Metaspace: 9869K(10240K)->9869K(10240K) NonClass: 8567K(8768K)->8567K(8768K) Class: 1302K(1472K)->1302K(1472K)
[40.048s][info][gc             ] GC(167) Pause Young (Allocation Failure) 50M->9M(383M) 0.786ms
[40.048s][info][gc,cpu         ] GC(167) User=0.00s Sys=0.00s Real=0.00s
[40.207s][info][gc,start       ] GC(168) Pause Young (Allocation Failure)
[40.208s][info][gc,heap        ] GC(168) PSYoungGen: 42560K(43008K)->576K(43008K) Eden: 41984K(41984K)->0K(41984K) From: 576K(1024K)->576K(1024K)
[40.208s][info][gc,heap        ] GC(168) ParOldGen: 8754K(349696K)->8754K(349696K)
[40.208s][info][gc,metaspace   ] GC(168) Metaspace: 9869K(10240K)->9869K(10240K) NonClass: 8567K(8768K)->8567K(8768K) Class: 1302K(1472K)->1302K(1472K)
[40.208s][info][gc             ] GC(168) Pause Young (Allocation Failure) 50M->9M(383M) 0.987ms
[40.208s][info][gc,cpu         ] GC(168) User=0.00s Sys=0.00s Real=0.00s
[40.373s][info][gc,start       ] GC(169) Pause Young (Allocation Failure)
[40.374s][info][gc,heap        ] GC(169) PSYoungGen: 42560K(43008K)->512K(42496K) Eden: 41984K(41984K)->0K(41984K) From: 576K(1024K)->512K(512K)
[40.374s][info][gc,heap        ] GC(169) ParOldGen: 8754K(349696K)->8778K(349696K)
[40.374s][info][gc,metaspace   ] GC(169) Metaspace: 9869K(10240K)->9869K(10240K) NonClass: 8567K(8768K)->8567K(8768K) Class: 1302K(1472K)->1302K(1472K)
[40.374s][info][gc             ] GC(169) Pause Young (Allocation Failure) 50M->9M(383M) 0.830ms
[40.374s][info][gc,cpu         ] GC(169) User=0.00s Sys=0.00s Real=0.00s
[40.554s][info][gc,start       ] GC(170) Pause Young (Allocation Failure)
[40.555s][info][gc,heap        ] GC(170) PSYoungGen: 42496K(42496K)->544K(43008K) Eden: 41984K(41984K)->0K(41984K) From: 512K(512K)->544K(1024K)
[40.555s][info][gc,heap        ] GC(170) ParOldGen: 8778K(349696K)->8882K(349696K)
[40.555s][info][gc,metaspace   ] GC(170) Metaspace: 9869K(10240K)->9869K(10240K) NonClass: 8567K(8768K)->8567K(8768K) Class: 1302K(1472K)->1302K(1472K)
[40.555s][info][gc             ] GC(170) Pause Young (Allocation Failure) 50M->9M(383M) 0.933ms
[40.555s][info][gc,cpu         ] GC(170) User=0.00s Sys=0.00s Real=0.00s
[40.731s][info][gc,start       ] GC(171) Pause Young (Allocation Failure)
[40.732s][info][gc,heap        ] GC(171) PSYoungGen: 42528K(43008K)->832K(43008K) Eden: 41984K(41984K)->0K(41984K) From: 544K(1024K)->832K(1024K)
[40.732s][info][gc,heap        ] GC(171) ParOldGen: 8882K(349696K)->8882K(349696K)
[40.732s][info][gc,metaspace   ] GC(171) Metaspace: 9869K(10240K)->9869K(10240K) NonClass: 8567K(8768K)->8567K(8768K) Class: 1302K(1472K)->1302K(1472K)
[40.732s][info][gc             ] GC(171) Pause Young (Allocation Failure) 50M->9M(383M) 0.971ms
[40.732s][info][gc,cpu         ] GC(171) User=0.00s Sys=0.00s Real=0.00s
[40.903s][info][gc,start       ] GC(172) Pause Young (Allocation Failure)
[40.904s][info][gc,heap        ] GC(172) PSYoungGen: 42816K(43008K)->640K(43008K) Eden: 41984K(41984K)->0K(41984K) From: 832K(1024K)->640K(1024K)
[40.904s][info][gc,heap        ] GC(172) ParOldGen: 8882K(349696K)->9106K(349696K)
[40.904s][info][gc,metaspace   ] GC(172) Metaspace: 9869K(10240K)->9869K(10240K) NonClass: 8567K(8768K)->8567K(8768K) Class: 1302K(1472K)->1302K(1472K)
[40.904s][info][gc             ] GC(172) Pause Young (Allocation Failure) 50M->9M(383M) 1.217ms
[40.904s][info][gc,cpu         ] GC(172) User=0.00s Sys=0.00s Real=0.00s
[41.075s][info][gc,start       ] GC(173) Pause Young (Allocation Failure)
[41.076s][info][gc,heap        ] GC(173) PSYoungGen: 42624K(43008K)->512K(42496K) Eden: 41984K(41984K)->0K(41984K) From: 640K(1024K)->512K(512K)
[41.076s][info][gc,heap        ] GC(173) ParOldGen: 9106K(349696K)->9266K(349696K)
[41.076s][info][gc,metaspace   ] GC(173) Metaspace: 9869K(10240K)->9869K(10240K) NonClass: 8567K(8768K)->8567K(8768K) Class: 1302K(1472K)->1302K(1472K)
[41.076s][info][gc             ] GC(173) Pause Young (Allocation Failure) 50M->9M(383M) 1.120ms
[41.076s][info][gc,cpu         ] GC(173) User=0.00s Sys=0.00s Real=0.00s
[41.242s][info][gc,start       ] GC(174) Pause Young (Allocation Failure)
[41.243s][info][gc,heap        ] GC(174) PSYoungGen: 42496K(42496K)->608K(43008K) Eden: 41984K(41984K)->0K(41984K) From: 512K(512K)->608K(1024K)
[41.243s][info][gc,heap        ] GC(174) ParOldGen: 9266K(349696K)->9618K(349696K)
[41.243s][info][gc,metaspace   ] GC(174) Metaspace: 9869K(10240K)->9869K(10240K) NonClass: 8567K(8768K)->8567K(8768K) Class: 1302K(1472K)->1302K(1472K)
[41.244s][info][gc             ] GC(174) Pause Young (Allocation Failure) 50M->9M(383M) 1.200ms
[41.244s][info][gc,cpu         ] GC(174) User=0.00s Sys=0.00s Real=0.00s
[41.414s][info][gc,start       ] GC(175) Pause Young (Allocation Failure)
[41.415s][info][gc,heap        ] GC(175) PSYoungGen: 42592K(43008K)->608K(43008K) Eden: 41984K(41984K)->0K(41984K) From: 608K(1024K)->608K(1024K)
[41.415s][info][gc,heap        ] GC(175) ParOldGen: 9618K(349696K)->9626K(349696K)
[41.415s][info][gc,metaspace   ] GC(175) Metaspace: 9870K(10240K)->9870K(10240K) NonClass: 8567K(8768K)->8567K(8768K) Class: 1302K(1472K)->1302K(1472K)
[41.415s][info][gc             ] GC(175) Pause Young (Allocation Failure) 50M->9M(383M) 0.905ms
[41.415s][info][gc,cpu         ] GC(175) User=0.00s Sys=0.00s Real=0.00s
[41.450s][info][gc,start       ] GC(176) Pause Young (System.gc())
[41.451s][info][gc,heap        ] GC(176) PSYoungGen: 8530K(43008K)->576K(43008K) Eden: 7922K(41984K)->0K(41984K) From: 608K(1024K)->576K(1024K)
[41.451s][info][gc,heap        ] GC(176) ParOldGen: 9626K(349696K)->9706K(349696K)
[41.451s][info][gc,metaspace   ] GC(176) Metaspace: 9870K(10240K)->9870K(10240K) NonClass: 8567K(8768K)->8567K(8768K) Class: 1302K(1472K)->1302K(1472K)
[41.451s][info][gc             ] GC(176) Pause Young (System.gc()) 17M->10M(383M) 0.916ms
[41.451s][info][gc,cpu         ] GC(176) User=0.00s Sys=0.00s Real=0.00s
[41.451s][info][gc,start       ] GC(177) Pause Full (System.gc())
[41.451s][info][gc,phases,start] GC(177) Marking Phase
[41.465s][info][gc,phases      ] GC(177) Marking Phase 13.827ms
[41.465s][info][gc,phases,start] GC(177) Summary Phase
[41.465s][info][gc,phases      ] GC(177) Summary Phase 0.032ms
[41.465s][info][gc,phases,start] GC(177) Adjust Roots
[41.469s][info][gc,phases      ] GC(177) Adjust Roots 3.449ms
[41.469s][info][gc,phases,start] GC(177) Compaction Phase
[41.472s][info][gc,phases      ] GC(177) Compaction Phase 2.947ms
[41.472s][info][gc,phases,start] GC(177) Post Compact
[41.472s][info][gc,phases      ] GC(177) Post Compact 0.325ms
[41.472s][info][gc,heap        ] GC(177) PSYoungGen: 576K(43008K)->0K(43008K) Eden: 0K(41984K)->0K(41984K) From: 576K(1024K)->0K(1024K)
[41.472s][info][gc,heap        ] GC(177) ParOldGen: 9706K(349696K)->4074K(349696K)
[41.472s][info][gc,metaspace   ] GC(177) Metaspace: 9870K(10240K)->9870K(10240K) NonClass: 8567K(8768K)->8567K(8768K) Class: 1302K(1472K)->1302K(1472K)
[41.472s][info][gc             ] GC(177) Pause Full (System.gc()) 10M->3M(383M) 20.912ms
[41.472s][info][gc,cpu         ] GC(177) User=0.02s Sys=0.00s Real=0.02s
[41.645s][info][gc,start       ] GC(178) Pause Young (Allocation Failure)
[41.647s][info][gc,heap        ] GC(178) PSYoungGen: 41984K(43008K)->512K(42496K) Eden: 41984K(41984K)->0K(41984K) From: 0K(1024K)->512K(512K)
[41.647s][info][gc,heap        ] GC(178) ParOldGen: 4074K(349696K)->4754K(349696K)
[41.647s][info][gc,metaspace   ] GC(178) Metaspace: 9870K(10240K)->9870K(10240K) NonClass: 8568K(8768K)->8568K(8768K) Class: 1302K(1472K)->1302K(1472K)
[41.647s][info][gc             ] GC(178) Pause Young (Allocation Failure) 44M->5M(383M) 1.673ms
[41.647s][info][gc,cpu         ] GC(178) User=0.00s Sys=0.00s Real=0.00s
[41.815s][info][gc,start       ] GC(179) Pause Young (Allocation Failure)
[41.817s][info][gc,heap        ] GC(179) PSYoungGen: 42496K(42496K)->992K(43520K) Eden: 41984K(41984K)->0K(41984K) From: 512K(512K)->992K(1536K)
[41.817s][info][gc,heap        ] GC(179) ParOldGen: 4754K(349696K)->5130K(349696K)
[41.817s][info][gc,metaspace   ] GC(179) Metaspace: 9870K(10240K)->9870K(10240K) NonClass: 8568K(8768K)->8568K(8768K) Class: 1302K(1472K)->1302K(1472K)
[41.817s][info][gc             ] GC(179) Pause Young (Allocation Failure) 46M->5M(384M) 1.540ms
[41.817s][info][gc,cpu         ] GC(179) User=0.00s Sys=0.00s Real=0.00s
[41.990s][info][gc,start       ] GC(180) Pause Young (Allocation Failure)
[41.994s][info][gc,heap        ] GC(180) PSYoungGen: 42976K(43520K)->640K(43008K) Eden: 41984K(41984K)->0K(41984K) From: 992K(1536K)->640K(1024K)
[41.994s][info][gc,heap        ] GC(180) ParOldGen: 5130K(349696K)->5586K(349696K)
[41.994s][info][gc,metaspace   ] GC(180) Metaspace: 9870K(10240K)->9870K(10240K) NonClass: 8568K(8768K)->8568K(8768K) Class: 1302K(1472K)->1302K(1472K)
[41.994s][info][gc             ] GC(180) Pause Young (Allocation Failure) 46M->6M(383M) 4.078ms
[41.994s][info][gc,cpu         ] GC(180) User=0.02s Sys=0.00s Real=0.02s
[42.154s][info][gc,start       ] GC(181) Pause Young (Allocation Failure)
[42.155s][info][gc,heap        ] GC(181) PSYoungGen: 42624K(43008K)->832K(43008K) Eden: 41984K(41984K)->0K(41984K) From: 640K(1024K)->832K(1024K)
[42.155s][info][gc,heap        ] GC(181) ParOldGen: 5586K(349696K)->5586K(349696K)
[42.155s][info][gc,metaspace   ] GC(181) Metaspace: 9870K(10240K)->9870K(10240K) NonClass: 8568K(8768K)->8568K(8768K) Class: 1302K(1472K)->1302K(1472K)
[42.155s][info][gc             ] GC(181) Pause Young (Allocation Failure) 47M->6M(383M) 1.184ms
[42.155s][info][gc,cpu         ] GC(181) User=0.00s Sys=0.00s Real=0.00s
[42.317s][info][gc,start       ] GC(182) Pause Young (Allocation Failure)
[42.318s][info][gc,heap        ] GC(182) PSYoungGen: 42816K(43008K)->736K(43008K) Eden: 41984K(41984K)->0K(41984K) From: 832K(1024K)->736K(1024K)
[42.318s][info][gc,heap        ] GC(182) ParOldGen: 5586K(349696K)->5978K(349696K)
[42.318s][info][gc,metaspace   ] GC(182) Metaspace: 9870K(10240K)->9870K(10240K) NonClass: 8568K(8768K)->8568K(8768K) Class: 1302K(1472K)->1302K(1472K)
[42.318s][info][gc             ] GC(182) Pause Young (Allocation Failure) 47M->6M(383M) 1.517ms
[42.318s][info][gc,cpu         ] GC(182) User=0.00s Sys=0.00s Real=0.00s
[42.487s][info][gc,start       ] GC(183) Pause Young (Allocation Failure)
[42.488s][info][gc,heap        ] GC(183) PSYoungGen: 42720K(43008K)->608K(43008K) Eden: 41984K(41984K)->0K(41984K) From: 736K(1024K)->608K(1024K)
[42.488s][info][gc,heap        ] GC(183) ParOldGen: 5978K(349696K)->6170K(349696K)
[42.488s][info][gc,metaspace   ] GC(183) Metaspace: 9870K(10240K)->9870K(10240K) NonClass: 8568K(8768K)->8568K(8768K) Class: 1302K(1472K)->1302K(1472K)
[42.488s][info][gc             ] GC(183) Pause Young (Allocation Failure) 47M->6M(383M) 1.208ms
[42.488s][info][gc,cpu         ] GC(183) User=0.00s Sys=0.00s Real=0.00s
[42.655s][info][gc,start       ] GC(184) Pause Young (Allocation Failure)
[42.656s][info][gc,heap        ] GC(184) PSYoungGen: 42592K(43008K)->576K(43008K) Eden: 41984K(41984K)->0K(41984K) From: 608K(1024K)->576K(1024K)
[42.656s][info][gc,heap        ] GC(184) ParOldGen: 6170K(349696K)->6170K(349696K)
[42.656s][info][gc,metaspace   ] GC(184) Metaspace: 9870K(10240K)->9870K(10240K) NonClass: 8568K(8768K)->8568K(8768K) Class: 1302K(1472K)->1302K(1472K)
[42.656s][info][gc             ] GC(184) Pause Young (Allocation Failure) 47M->6M(383M) 1.080ms
[42.656s][info][gc,cpu         ] GC(184) User=0.00s Sys=0.00s Real=0.00s
[42.823s][info][gc,start       ] GC(185) Pause Young (Allocation Failure)
[42.824s][info][gc,heap        ] GC(185) PSYoungGen: 42560K(43008K)->576K(43008K) Eden: 41984K(41984K)->0K(41984K) From: 576K(1024K)->576K(1024K)
[42.824s][info][gc,heap        ] GC(185) ParOldGen: 6170K(349696K)->6170K(349696K)
[42.824s][info][gc,metaspace   ] GC(185) Metaspace: 9870K(10240K)->9870K(10240K) NonClass: 8568K(8768K)->8568K(8768K) Class: 1302K(1472K)->1302K(1472K)
[42.824s][info][gc             ] GC(185) Pause Young (Allocation Failure) 47M->6M(383M) 1.011ms
[42.824s][info][gc,cpu         ] GC(185) User=0.00s Sys=0.00s Real=0.00s
[43.000s][info][gc,start       ] GC(186) Pause Young (Allocation Failure)
[43.001s][info][gc,heap        ] GC(186) PSYoungGen: 42560K(43008K)->832K(43008K) Eden: 41984K(41984K)->0K(41984K) From: 576K(1024K)->832K(1024K)
[43.001s][info][gc,heap        ] GC(186) ParOldGen: 6170K(349696K)->6170K(349696K)
[43.002s][info][gc,metaspace   ] GC(186) Metaspace: 9870K(10240K)->9870K(10240K) NonClass: 8568K(8768K)->8568K(8768K) Class: 1302K(1472K)->1302K(1472K)
[43.002s][info][gc             ] GC(186) Pause Young (Allocation Failure) 47M->6M(383M) 1.103ms
[43.002s][info][gc,cpu         ] GC(186) User=0.00s Sys=0.00s Real=0.00s
[43.170s][info][gc,start       ] GC(187) Pause Young (Allocation Failure)
[43.171s][info][gc,heap        ] GC(187) PSYoungGen: 42816K(43008K)->800K(43008K) Eden: 41984K(41984K)->0K(41984K) From: 832K(1024K)->800K(1024K)
[43.171s][info][gc,heap        ] GC(187) ParOldGen: 6170K(349696K)->6394K(349696K)
[43.171s][info][gc,metaspace   ] GC(187) Metaspace: 9870K(10240K)->9870K(10240K) NonClass: 8568K(8768K)->8568K(8768K) Class: 1302K(1472K)->1302K(1472K)
[43.171s][info][gc             ] GC(187) Pause Young (Allocation Failure) 47M->7M(383M) 1.260ms
[43.171s][info][gc,cpu         ] GC(187) User=0.00s Sys=0.00s Real=0.00s
[43.342s][info][gc,start       ] GC(188) Pause Young (Allocation Failure)
[43.343s][info][gc,heap        ] GC(188) PSYoungGen: 42784K(43008K)->640K(43008K) Eden: 41984K(41984K)->0K(41984K) From: 800K(1024K)->640K(1024K)
[43.343s][info][gc,heap        ] GC(188) ParOldGen: 6394K(349696K)->6642K(349696K)
[43.343s][info][gc,metaspace   ] GC(188) Metaspace: 9870K(10240K)->9870K(10240K) NonClass: 8568K(8768K)->8568K(8768K) Class: 1302K(1472K)->1302K(1472K)
[43.343s][info][gc             ] GC(188) Pause Young (Allocation Failure) 48M->7M(383M) 1.156ms
[43.343s][info][gc,cpu         ] GC(188) User=0.00s Sys=0.00s Real=0.00s
[43.515s][info][gc,start       ] GC(189) Pause Young (Allocation Failure)
[43.516s][info][gc,heap        ] GC(189) PSYoungGen: 42624K(43008K)->576K(43520K) Eden: 41984K(41984K)->0K(41984K) From: 640K(1024K)->576K(1536K)
[43.516s][info][gc,heap        ] GC(189) ParOldGen: 6642K(349696K)->6642K(349696K)
[43.516s][info][gc,metaspace   ] GC(189) Metaspace: 9870K(10240K)->9870K(10240K) NonClass: 8568K(8768K)->8568K(8768K) Class: 1302K(1472K)->1302K(1472K)
[43.516s][info][gc             ] GC(189) Pause Young (Allocation Failure) 48M->7M(384M) 0.967ms
[43.516s][info][gc,cpu         ] GC(189) User=0.00s Sys=0.00s Real=0.00s
[43.687s][info][gc,start       ] GC(190) Pause Young (Allocation Failure)
[43.688s][info][gc,heap        ] GC(190) PSYoungGen: 42560K(43520K)->544K(43008K) Eden: 41984K(41984K)->0K(41984K) From: 576K(1536K)->544K(1024K)
[43.688s][info][gc,heap        ] GC(190) ParOldGen: 6642K(349696K)->6642K(349696K)
[43.688s][info][gc,metaspace   ] GC(190) Metaspace: 9870K(10240K)->9870K(10240K) NonClass: 8568K(8768K)->8568K(8768K) Class: 1302K(1472K)->1302K(1472K)
[43.688s][info][gc             ] GC(190) Pause Young (Allocation Failure) 48M->7M(383M) 0.851ms
[43.688s][info][gc,cpu         ] GC(190) User=0.00s Sys=0.00s Real=0.00s
[43.857s][info][gc,start       ] GC(191) Pause Young (Allocation Failure)
[43.858s][info][gc,heap        ] GC(191) PSYoungGen: 42528K(43008K)->800K(43008K) Eden: 41984K(41984K)->0K(41984K) From: 544K(1024K)->800K(1024K)
[43.858s][info][gc,heap        ] GC(191) ParOldGen: 6642K(349696K)->6650K(349696K)
[43.858s][info][gc,metaspace   ] GC(191) Metaspace: 9870K(10240K)->9870K(10240K) NonClass: 8568K(8768K)->8568K(8768K) Class: 1302K(1472K)->1302K(1472K)
[43.858s][info][gc             ] GC(191) Pause Young (Allocation Failure) 48M->7M(383M) 1.104ms
[43.858s][info][gc,cpu         ] GC(191) User=0.00s Sys=0.00s Real=0.00s
[44.022s][info][gc,start       ] GC(192) Pause Young (Allocation Failure)
[44.023s][info][gc,heap        ] GC(192) PSYoungGen: 42784K(43008K)->512K(42496K) Eden: 41984K(41984K)->0K(41984K) From: 800K(1024K)->512K(512K)
[44.023s][info][gc,heap        ] GC(192) ParOldGen: 6650K(349696K)->6866K(349696K)
[44.023s][info][gc,metaspace   ] GC(192) Metaspace: 9870K(10240K)->9870K(10240K) NonClass: 8568K(8768K)->8568K(8768K) Class: 1302K(1472K)->1302K(1472K)
[44.023s][info][gc             ] GC(192) Pause Young (Allocation Failure) 48M->7M(383M) 0.984ms
[44.023s][info][gc,cpu         ] GC(192) User=0.00s Sys=0.00s Real=0.00s
[44.190s][info][gc,start       ] GC(193) Pause Young (Allocation Failure)
[44.190s][info][gc,heap        ] GC(193) PSYoungGen: 42496K(42496K)->544K(43008K) Eden: 41984K(41984K)->0K(41984K) From: 512K(512K)->544K(1024K)
[44.191s][info][gc,heap        ] GC(193) ParOldGen: 6866K(349696K)->6962K(349696K)
[44.191s][info][gc,metaspace   ] GC(193) Metaspace: 9870K(10240K)->9870K(10240K) NonClass: 8568K(8768K)->8568K(8768K) Class: 1302K(1472K)->1302K(1472K)
[44.191s][info][gc             ] GC(193) Pause Young (Allocation Failure) 48M->7M(383M) 0.989ms
[44.191s][info][gc,cpu         ] GC(193) User=0.14s Sys=0.00s Real=0.02s
[44.366s][info][gc,start       ] GC(194) Pause Young (Allocation Failure)
[44.367s][info][gc,heap        ] GC(194) PSYoungGen: 42528K(43008K)->576K(43008K) Eden: 41984K(41984K)->0K(41984K) From: 544K(1024K)->576K(1024K)
[44.367s][info][gc,heap        ] GC(194) ParOldGen: 6962K(349696K)->6962K(349696K)
[44.367s][info][gc,metaspace   ] GC(194) Metaspace: 9870K(10240K)->9870K(10240K) NonClass: 8568K(8768K)->8568K(8768K) Class: 1302K(1472K)->1302K(1472K)
[44.367s][info][gc             ] GC(194) Pause Young (Allocation Failure) 48M->7M(383M) 0.895ms
[44.367s][info][gc,cpu         ] GC(194) User=0.00s Sys=0.00s Real=0.00s
[44.546s][info][gc,start       ] GC(195) Pause Young (Allocation Failure)
[44.547s][info][gc,heap        ] GC(195) PSYoungGen: 42559K(43008K)->576K(43008K) Eden: 41983K(41984K)->0K(41984K) From: 576K(1024K)->576K(1024K)
[44.547s][info][gc,heap        ] GC(195) ParOldGen: 6962K(349696K)->6962K(349696K)
[44.547s][info][gc,metaspace   ] GC(195) Metaspace: 9870K(10240K)->9870K(10240K) NonClass: 8568K(8768K)->8568K(8768K) Class: 1302K(1472K)->1302K(1472K)
[44.547s][info][gc             ] GC(195) Pause Young (Allocation Failure) 48M->7M(383M) 1.040ms
[44.548s][info][gc,cpu         ] GC(195) User=0.00s Sys=0.00s Real=0.00s
[44.722s][info][gc,start       ] GC(196) Pause Young (Allocation Failure)
[44.722s][info][gc,heap        ] GC(196) PSYoungGen: 42560K(43008K)->512K(42496K) Eden: 41984K(41984K)->0K(41984K) From: 576K(1024K)->512K(512K)
[44.722s][info][gc,heap        ] GC(196) ParOldGen: 6962K(349696K)->6978K(349696K)
[44.722s][info][gc,metaspace   ] GC(196) Metaspace: 9870K(10240K)->9870K(10240K) NonClass: 8568K(8768K)->8568K(8768K) Class: 1302K(1472K)->1302K(1472K)
[44.722s][info][gc             ] GC(196) Pause Young (Allocation Failure) 48M->7M(383M) 0.886ms
[44.722s][info][gc,cpu         ] GC(196) User=0.00s Sys=0.00s Real=0.00s
[44.889s][info][gc,start       ] GC(197) Pause Young (Allocation Failure)
[44.890s][info][gc,heap        ] GC(197) PSYoungGen: 42496K(42496K)->608K(43008K) Eden: 41984K(41984K)->0K(41984K) From: 512K(512K)->608K(1024K)
[44.890s][info][gc,heap        ] GC(197) ParOldGen: 6978K(349696K)->7114K(349696K)
[44.890s][info][gc,metaspace   ] GC(197) Metaspace: 9870K(10240K)->9870K(10240K) NonClass: 8568K(8768K)->8568K(8768K) Class: 1302K(1472K)->1302K(1472K)
[44.890s][info][gc             ] GC(197) Pause Young (Allocation Failure) 48M->7M(383M) 0.943ms
[44.890s][info][gc,cpu         ] GC(197) User=0.00s Sys=0.00s Real=0.00s
[45.054s][info][gc,start       ] GC(198) Pause Young (Allocation Failure)
[45.054s][info][gc,heap        ] GC(198) PSYoungGen: 42592K(43008K)->576K(43008K) Eden: 41984K(41984K)->0K(41984K) From: 608K(1024K)->576K(1024K)
[45.054s][info][gc,heap        ] GC(198) ParOldGen: 7114K(349696K)->7178K(349696K)
[45.054s][info][gc,metaspace   ] GC(198) Metaspace: 9870K(10240K)->9870K(10240K) NonClass: 8568K(8768K)->8568K(8768K) Class: 1302K(1472K)->1302K(1472K)
[45.054s][info][gc             ] GC(198) Pause Young (Allocation Failure) 48M->7M(383M) 0.878ms
[45.054s][info][gc,cpu         ] GC(198) User=0.00s Sys=0.00s Real=0.00s
[45.225s][info][gc,start       ] GC(199) Pause Young (Allocation Failure)
[45.226s][info][gc,heap        ] GC(199) PSYoungGen: 42560K(43008K)->576K(43008K) Eden: 41984K(41984K)->0K(41984K) From: 576K(1024K)->576K(1024K)
[45.226s][info][gc,heap        ] GC(199) ParOldGen: 7178K(349696K)->7178K(349696K)
[45.226s][info][gc,metaspace   ] GC(199) Metaspace: 9870K(10240K)->9870K(10240K) NonClass: 8568K(8768K)->8568K(8768K) Class: 1302K(1472K)->1302K(1472K)
[45.226s][info][gc             ] GC(199) Pause Young (Allocation Failure) 48M->7M(383M) 0.990ms
[45.226s][info][gc,cpu         ] GC(199) User=0.00s Sys=0.00s Real=0.00s
[45.389s][info][gc,start       ] GC(200) Pause Young (Allocation Failure)
[45.390s][info][gc,heap        ] GC(200) PSYoungGen: 42560K(43008K)->512K(42496K) Eden: 41984K(41984K)->0K(41984K) From: 576K(1024K)->512K(512K)
[45.390s][info][gc,heap        ] GC(200) ParOldGen: 7178K(349696K)->7178K(349696K)
[45.390s][info][gc,metaspace   ] GC(200) Metaspace: 9870K(10240K)->9870K(10240K) NonClass: 8568K(8768K)->8568K(8768K) Class: 1302K(1472K)->1302K(1472K)
[45.390s][info][gc             ] GC(200) Pause Young (Allocation Failure) 48M->7M(383M) 0.874ms
[45.390s][info][gc,cpu         ] GC(200) User=0.00s Sys=0.00s Real=0.02s
[45.559s][info][gc,start       ] GC(201) Pause Young (Allocation Failure)
[45.560s][info][gc,heap        ] GC(201) PSYoungGen: 42496K(42496K)->608K(43008K) Eden: 41984K(41984K)->0K(41984K) From: 512K(512K)->608K(1024K)
[45.560s][info][gc,heap        ] GC(201) ParOldGen: 7178K(349696K)->7178K(349696K)
[45.560s][info][gc,metaspace   ] GC(201) Metaspace: 9870K(10240K)->9870K(10240K) NonClass: 8568K(8768K)->8568K(8768K) Class: 1302K(1472K)->1302K(1472K)
[45.560s][info][gc             ] GC(201) Pause Young (Allocation Failure) 48M->7M(383M) 0.962ms
[45.560s][info][gc,cpu         ] GC(201) User=0.00s Sys=0.00s Real=0.00s
[45.723s][info][gc,start       ] GC(202) Pause Young (Allocation Failure)
[45.724s][info][gc,heap        ] GC(202) PSYoungGen: 42592K(43008K)->640K(43008K) Eden: 41984K(41984K)->0K(41984K) From: 608K(1024K)->640K(1024K)
[45.724s][info][gc,heap        ] GC(202) ParOldGen: 7178K(349696K)->7178K(349696K)
[45.724s][info][gc,metaspace   ] GC(202) Metaspace: 9870K(10240K)->9870K(10240K) NonClass: 8568K(8768K)->8568K(8768K) Class: 1302K(1472K)->1302K(1472K)
[45.724s][info][gc             ] GC(202) Pause Young (Allocation Failure) 48M->7M(383M) 0.879ms
[45.724s][info][gc,cpu         ] GC(202) User=0.00s Sys=0.00s Real=0.00s
[45.893s][info][gc,start       ] GC(203) Pause Young (Allocation Failure)
[45.894s][info][gc,heap        ] GC(203) PSYoungGen: 42624K(43008K)->864K(43008K) Eden: 41984K(41984K)->0K(41984K) From: 640K(1024K)->864K(1024K)
[45.894s][info][gc,heap        ] GC(203) ParOldGen: 7178K(349696K)->7178K(349696K)
[45.894s][info][gc,metaspace   ] GC(203) Metaspace: 9870K(10240K)->9870K(10240K) NonClass: 8568K(8768K)->8568K(8768K) Class: 1302K(1472K)->1302K(1472K)
[45.894s][info][gc             ] GC(203) Pause Young (Allocation Failure) 48M->7M(383M) 1.261ms
[45.894s][info][gc,cpu         ] GC(203) User=0.00s Sys=0.00s Real=0.00s
[46.061s][info][gc,start       ] GC(204) Pause Young (Allocation Failure)
[46.062s][info][gc,heap        ] GC(204) PSYoungGen: 42848K(43008K)->512K(42496K) Eden: 41984K(41984K)->0K(41984K) From: 864K(1024K)->512K(512K)
[46.062s][info][gc,heap        ] GC(204) ParOldGen: 7178K(349696K)->7450K(349696K)
[46.062s][info][gc,metaspace   ] GC(204) Metaspace: 9870K(10240K)->9870K(10240K) NonClass: 8568K(8768K)->8568K(8768K) Class: 1302K(1472K)->1302K(1472K)
[46.063s][info][gc             ] GC(204) Pause Young (Allocation Failure) 48M->7M(383M) 1.058ms
[46.063s][info][gc,cpu         ] GC(204) User=0.14s Sys=0.00s Real=0.02s
[46.237s][info][gc,start       ] GC(205) Pause Young (Allocation Failure)
[46.237s][info][gc,heap        ] GC(205) PSYoungGen: 42496K(42496K)->576K(43008K) Eden: 41984K(41984K)->0K(41984K) From: 512K(512K)->576K(1024K)
[46.237s][info][gc,heap        ] GC(205) ParOldGen: 7450K(349696K)->7450K(349696K)
[46.237s][info][gc,metaspace   ] GC(205) Metaspace: 9870K(10240K)->9870K(10240K) NonClass: 8568K(8768K)->8568K(8768K) Class: 1302K(1472K)->1302K(1472K)
[46.238s][info][gc             ] GC(205) Pause Young (Allocation Failure) 48M->7M(383M) 0.873ms
[46.238s][info][gc,cpu         ] GC(205) User=0.00s Sys=0.00s Real=0.00s
[46.417s][info][gc,start       ] GC(206) Pause Young (Allocation Failure)
[46.418s][info][gc,heap        ] GC(206) PSYoungGen: 42560K(43008K)->640K(43008K) Eden: 41984K(41984K)->0K(41984K) From: 576K(1024K)->640K(1024K)
[46.418s][info][gc,heap        ] GC(206) ParOldGen: 7450K(349696K)->7450K(349696K)
[46.418s][info][gc,metaspace   ] GC(206) Metaspace: 9870K(10240K)->9870K(10240K) NonClass: 8568K(8768K)->8568K(8768K) Class: 1302K(1472K)->1302K(1472K)
[46.418s][info][gc             ] GC(206) Pause Young (Allocation Failure) 48M->7M(383M) 0.900ms
[46.418s][info][gc,cpu         ] GC(206) User=0.00s Sys=0.00s Real=0.00s
[46.583s][info][gc,start       ] GC(207) Pause Young (Allocation Failure)
[46.583s][info][gc,heap        ] GC(207) PSYoungGen: 42624K(43008K)->576K(43008K) Eden: 41984K(41984K)->0K(41984K) From: 640K(1024K)->576K(1024K)
[46.584s][info][gc,heap        ] GC(207) ParOldGen: 7450K(349696K)->7450K(349696K)
[46.584s][info][gc,metaspace   ] GC(207) Metaspace: 9870K(10240K)->9870K(10240K) NonClass: 8568K(8768K)->8568K(8768K) Class: 1302K(1472K)->1302K(1472K)
[46.584s][info][gc             ] GC(207) Pause Young (Allocation Failure) 48M->7M(383M) 1.020ms
[46.584s][info][gc,cpu         ] GC(207) User=0.00s Sys=0.00s Real=0.00s
[46.754s][info][gc,start       ] GC(208) Pause Young (Allocation Failure)
[46.754s][info][gc,heap        ] GC(208) PSYoungGen: 42560K(43008K)->512K(42496K) Eden: 41984K(41984K)->0K(41984K) From: 576K(1024K)->512K(512K)
[46.754s][info][gc,heap        ] GC(208) ParOldGen: 7450K(349696K)->7474K(349696K)
[46.754s][info][gc,metaspace   ] GC(208) Metaspace: 9870K(10240K)->9870K(10240K) NonClass: 8568K(8768K)->8568K(8768K) Class: 1302K(1472K)->1302K(1472K)
[46.754s][info][gc             ] GC(208) Pause Young (Allocation Failure) 48M->7M(383M) 0.861ms
[46.754s][info][gc,cpu         ] GC(208) User=0.00s Sys=0.00s Real=0.00s
[46.926s][info][gc,start       ] GC(209) Pause Young (Allocation Failure)
[46.927s][info][gc,heap        ] GC(209) PSYoungGen: 42496K(42496K)->640K(43008K) Eden: 41984K(41984K)->0K(41984K) From: 512K(512K)->640K(1024K)
[46.927s][info][gc,heap        ] GC(209) ParOldGen: 7474K(349696K)->7554K(349696K)
[46.927s][info][gc,metaspace   ] GC(209) Metaspace: 9870K(10240K)->9870K(10240K) NonClass: 8568K(8768K)->8568K(8768K) Class: 1302K(1472K)->1302K(1472K)
[46.927s][info][gc             ] GC(209) Pause Young (Allocation Failure) 48M->8M(383M) 0.910ms
[46.927s][info][gc,cpu         ] GC(209) User=0.00s Sys=0.00s Real=0.00s
[47.104s][info][gc,start       ] GC(210) Pause Young (Allocation Failure)
[47.105s][info][gc,heap        ] GC(210) PSYoungGen: 42624K(43008K)->576K(43008K) Eden: 41984K(41984K)->0K(41984K) From: 640K(1024K)->576K(1024K)
[47.105s][info][gc,heap        ] GC(210) ParOldGen: 7554K(349696K)->7554K(349696K)
[47.105s][info][gc,metaspace   ] GC(210) Metaspace: 9870K(10240K)->9870K(10240K) NonClass: 8568K(8768K)->8568K(8768K) Class: 1302K(1472K)->1302K(1472K)
[47.105s][info][gc             ] GC(210) Pause Young (Allocation Failure) 49M->7M(383M) 0.843ms
[47.105s][info][gc,cpu         ] GC(210) User=0.00s Sys=0.00s Real=0.00s
[47.285s][info][gc,start       ] GC(211) Pause Young (Allocation Failure)
[47.286s][info][gc,heap        ] GC(211) PSYoungGen: 42560K(43008K)->576K(43008K) Eden: 41984K(41984K)->0K(41984K) From: 576K(1024K)->576K(1024K)
[47.286s][info][gc,heap        ] GC(211) ParOldGen: 7554K(349696K)->7554K(349696K)
[47.286s][info][gc,metaspace   ] GC(211) Metaspace: 9870K(10240K)->9870K(10240K) NonClass: 8568K(8768K)->8568K(8768K) Class: 1302K(1472K)->1302K(1472K)
[47.286s][info][gc             ] GC(211) Pause Young (Allocation Failure) 48M->7M(383M) 0.982ms
[47.286s][info][gc,cpu         ] GC(211) User=0.00s Sys=0.00s Real=0.00s
[47.456s][info][gc,start       ] GC(212) Pause Young (Allocation Failure)
[47.456s][info][gc,heap        ] GC(212) PSYoungGen: 42560K(43008K)->512K(42496K) Eden: 41984K(41984K)->0K(41984K) From: 576K(1024K)->512K(512K)
[47.456s][info][gc,heap        ] GC(212) ParOldGen: 7554K(349696K)->7578K(349696K)
[47.456s][info][gc,metaspace   ] GC(212) Metaspace: 9870K(10240K)->9870K(10240K) NonClass: 8568K(8768K)->8568K(8768K) Class: 1302K(1472K)->1302K(1472K)
[47.456s][info][gc             ] GC(212) Pause Young (Allocation Failure) 48M->7M(383M) 0.858ms
[47.456s][info][gc,cpu         ] GC(212) User=0.00s Sys=0.00s Real=0.00s
[47.626s][info][gc,start       ] GC(213) Pause Young (Allocation Failure)
[47.627s][info][gc,heap        ] GC(213) PSYoungGen: 42496K(42496K)->576K(43008K) Eden: 41984K(41984K)->0K(41984K) From: 512K(512K)->576K(1024K)
[47.627s][info][gc,heap        ] GC(213) ParOldGen: 7578K(349696K)->7618K(349696K)
[47.627s][info][gc,metaspace   ] GC(213) Metaspace: 9870K(10240K)->9870K(10240K) NonClass: 8568K(8768K)->8568K(8768K) Class: 1302K(1472K)->1302K(1472K)
[47.627s][info][gc             ] GC(213) Pause Young (Allocation Failure) 48M->8M(383M) 0.843ms
[47.627s][info][gc,cpu         ] GC(213) User=0.00s Sys=0.00s Real=0.00s
[47.787s][info][gc,start       ] GC(214) Pause Young (Allocation Failure)
[47.788s][info][gc,heap        ] GC(214) PSYoungGen: 42560K(43008K)->576K(43008K) Eden: 41984K(41984K)->0K(41984K) From: 576K(1024K)->576K(1024K)
[47.788s][info][gc,heap        ] GC(214) ParOldGen: 7618K(349696K)->7618K(349696K)
[47.788s][info][gc,metaspace   ] GC(214) Metaspace: 9870K(10240K)->9870K(10240K) NonClass: 8568K(8768K)->8568K(8768K) Class: 1302K(1472K)->1302K(1472K)
[47.788s][info][gc             ] GC(214) Pause Young (Allocation Failure) 49M->8M(383M) 0.875ms
[47.788s][info][gc,cpu         ] GC(214) User=0.00s Sys=0.00s Real=0.00s
[47.953s][info][gc,start       ] GC(215) Pause Young (Allocation Failure)
[47.954s][info][gc,heap        ] GC(215) PSYoungGen: 42560K(43008K)->576K(43008K) Eden: 41984K(41984K)->0K(41984K) From: 576K(1024K)->576K(1024K)
[47.954s][info][gc,heap        ] GC(215) ParOldGen: 7618K(349696K)->7618K(349696K)
[47.954s][info][gc,metaspace   ] GC(215) Metaspace: 9870K(10240K)->9870K(10240K) NonClass: 8568K(8768K)->8568K(8768K) Class: 1302K(1472K)->1302K(1472K)
[47.954s][info][gc             ] GC(215) Pause Young (Allocation Failure) 49M->8M(383M) 0.950ms
[47.954s][info][gc,cpu         ] GC(215) User=0.00s Sys=0.00s Real=0.00s
[48.121s][info][gc,start       ] GC(216) Pause Young (Allocation Failure)
[48.121s][info][gc,heap        ] GC(216) PSYoungGen: 42560K(43008K)->512K(42496K) Eden: 41984K(41984K)->0K(41984K) From: 576K(1024K)->512K(512K)
[48.121s][info][gc,heap        ] GC(216) ParOldGen: 7618K(349696K)->7650K(349696K)
[48.121s][info][gc,metaspace   ] GC(216) Metaspace: 9870K(10240K)->9870K(10240K) NonClass: 8568K(8768K)->8568K(8768K) Class: 1302K(1472K)->1302K(1472K)
[48.121s][info][gc             ] GC(216) Pause Young (Allocation Failure) 49M->7M(383M) 0.861ms
[48.121s][info][gc,cpu         ] GC(216) User=0.00s Sys=0.00s Real=0.00s
[48.198s][info][gc,start       ] GC(217) Pause Young (System.gc())
[48.199s][info][gc,heap        ] GC(217) PSYoungGen: 17590K(42496K)->544K(43008K) Eden: 17078K(41984K)->0K(41984K) From: 512K(512K)->544K(1024K)
[48.199s][info][gc,heap        ] GC(217) ParOldGen: 7650K(349696K)->7818K(349696K)
[48.199s][info][gc,metaspace   ] GC(217) Metaspace: 9872K(10240K)->9872K(10240K) NonClass: 8569K(8768K)->8569K(8768K) Class: 1302K(1472K)->1302K(1472K)
[48.199s][info][gc             ] GC(217) Pause Young (System.gc()) 24M->8M(383M) 0.933ms
[48.199s][info][gc,cpu         ] GC(217) User=0.00s Sys=0.00s Real=0.00s
[48.199s][info][gc,start       ] GC(218) Pause Full (System.gc())
[48.199s][info][gc,phases,start] GC(218) Marking Phase
[48.212s][info][gc,phases      ] GC(218) Marking Phase 13.517ms
[48.212s][info][gc,phases,start] GC(218) Summary Phase
[48.212s][info][gc,phases      ] GC(218) Summary Phase 0.032ms
[48.213s][info][gc,phases,start] GC(218) Adjust Roots
[48.217s][info][gc,phases      ] GC(218) Adjust Roots 4.100ms
[48.217s][info][gc,phases,start] GC(218) Compaction Phase
[48.220s][info][gc,phases      ] GC(218) Compaction Phase 2.980ms
[48.220s][info][gc,phases,start] GC(218) Post Compact
[48.220s][info][gc,phases      ] GC(218) Post Compact 0.290ms
[48.220s][info][gc,heap        ] GC(218) PSYoungGen: 544K(43008K)->0K(43008K) Eden: 0K(41984K)->0K(41984K) From: 544K(1024K)->0K(1024K)
[48.220s][info][gc,heap        ] GC(218) ParOldGen: 7818K(349696K)->4076K(349696K)
[48.220s][info][gc,metaspace   ] GC(218) Metaspace: 9872K(10240K)->9872K(10240K) NonClass: 8569K(8768K)->8569K(8768K) Class: 1302K(1472K)->1302K(1472K)
[48.220s][info][gc             ] GC(218) Pause Full (System.gc()) 8M->3M(383M) 21.265ms
[48.220s][info][gc,cpu         ] GC(218) User=0.16s Sys=0.00s Real=0.03s
[48.398s][info][gc,start       ] GC(219) Pause Young (Allocation Failure)
[48.399s][info][gc,heap        ] GC(219) PSYoungGen: 41984K(43008K)->1024K(43008K) Eden: 41984K(41984K)->0K(41984K) From: 0K(1024K)->1024K(1024K)
[48.399s][info][gc,heap        ] GC(219) ParOldGen: 4076K(349696K)->4252K(349696K)
[48.399s][info][gc,metaspace   ] GC(219) Metaspace: 9872K(10240K)->9872K(10240K) NonClass: 8570K(8768K)->8570K(8768K) Class: 1302K(1472K)->1302K(1472K)
[48.399s][info][gc             ] GC(219) Pause Young (Allocation Failure) 44M->5M(383M) 1.397ms
[48.399s][info][gc,cpu         ] GC(219) User=0.00s Sys=0.00s Real=0.00s
[48.576s][info][gc,start       ] GC(220) Pause Young (Allocation Failure)
[48.577s][info][gc,heap        ] GC(220) PSYoungGen: 43008K(43008K)->960K(43008K) Eden: 41984K(41984K)->0K(41984K) From: 1024K(1024K)->960K(1024K)
[48.577s][info][gc,heap        ] GC(220) ParOldGen: 4252K(349696K)->4644K(349696K)
[48.577s][info][gc,metaspace   ] GC(220) Metaspace: 9872K(10240K)->9872K(10240K) NonClass: 8570K(8768K)->8570K(8768K) Class: 1302K(1472K)->1302K(1472K)
[48.577s][info][gc             ] GC(220) Pause Young (Allocation Failure) 46M->5M(383M) 1.474ms
[48.577s][info][gc,cpu         ] GC(220) User=0.00s Sys=0.00s Real=0.00s
[48.743s][info][gc,start       ] GC(221) Pause Young (Allocation Failure)
[48.745s][info][gc,heap        ] GC(221) PSYoungGen: 42944K(43008K)->512K(42496K) Eden: 41984K(41984K)->0K(41984K) From: 960K(1024K)->512K(512K)
[48.745s][info][gc,heap        ] GC(221) ParOldGen: 4644K(349696K)->4980K(349696K)
[48.745s][info][gc,metaspace   ] GC(221) Metaspace: 9872K(10240K)->9872K(10240K) NonClass: 8570K(8768K)->8570K(8768K) Class: 1302K(1472K)->1302K(1472K)
[48.745s][info][gc             ] GC(221) Pause Young (Allocation Failure) 46M->5M(383M) 1.184ms
[48.745s][info][gc,cpu         ] GC(221) User=0.00s Sys=0.00s Real=0.00s
[48.923s][info][gc,start       ] GC(222) Pause Young (Allocation Failure)
[48.945s][info][gc,heap        ] GC(222) PSYoungGen: 42496K(42496K)->736K(43520K) Eden: 41984K(41984K)->0K(41984K) From: 512K(512K)->736K(1536K)
[48.945s][info][gc,heap        ] GC(222) ParOldGen: 4980K(349696K)->5204K(349696K)
[48.945s][info][gc,metaspace   ] GC(222) Metaspace: 9872K(10240K)->9872K(10240K) NonClass: 8570K(8768K)->8570K(8768K) Class: 1302K(1472K)->1302K(1472K)
[48.945s][info][gc             ] GC(222) Pause Young (Allocation Failure) 46M->5M(384M) 21.528ms
[48.945s][info][gc,cpu         ] GC(222) User=0.00s Sys=0.00s Real=0.03s
[49.114s][info][gc,start       ] GC(223) Pause Young (Allocation Failure)
[49.115s][info][gc,heap        ] GC(223) PSYoungGen: 42720K(43520K)->736K(43008K) Eden: 41984K(41984K)->0K(41984K) From: 736K(1536K)->736K(1024K)
[49.115s][info][gc,heap        ] GC(223) ParOldGen: 5204K(349696K)->5444K(349696K)
[49.115s][info][gc,metaspace   ] GC(223) Metaspace: 9872K(10240K)->9872K(10240K) NonClass: 8570K(8768K)->8570K(8768K) Class: 1302K(1472K)->1302K(1472K)
[49.115s][info][gc             ] GC(223) Pause Young (Allocation Failure) 46M->6M(383M) 1.231ms
[49.115s][info][gc,cpu         ] GC(223) User=0.00s Sys=0.00s Real=0.00s
[49.284s][info][gc,start       ] GC(224) Pause Young (Allocation Failure)
[49.285s][info][gc,heap        ] GC(224) PSYoungGen: 42720K(43008K)->864K(43008K) Eden: 41984K(41984K)->0K(41984K) From: 736K(1024K)->864K(1024K)
[49.285s][info][gc,heap        ] GC(224) ParOldGen: 5444K(349696K)->5460K(349696K)
[49.285s][info][gc,metaspace   ] GC(224) Metaspace: 9872K(10240K)->9872K(10240K) NonClass: 8570K(8768K)->8570K(8768K) Class: 1302K(1472K)->1302K(1472K)
[49.285s][info][gc             ] GC(224) Pause Young (Allocation Failure) 47M->6M(383M) 1.163ms
[49.285s][info][gc,cpu         ] GC(224) User=0.00s Sys=0.00s Real=0.00s
[49.451s][info][gc,start       ] GC(225) Pause Young (Allocation Failure)
[49.452s][info][gc,heap        ] GC(225) PSYoungGen: 42848K(43008K)->704K(43008K) Eden: 41984K(41984K)->0K(41984K) From: 864K(1024K)->704K(1024K)
[49.452s][info][gc,heap        ] GC(225) ParOldGen: 5460K(349696K)->5676K(349696K)
[49.452s][info][gc,metaspace   ] GC(225) Metaspace: 9872K(10240K)->9872K(10240K) NonClass: 8570K(8768K)->8570K(8768K) Class: 1302K(1472K)->1302K(1472K)
[49.453s][info][gc             ] GC(225) Pause Young (Allocation Failure) 47M->6M(383M) 1.178ms
[49.453s][info][gc,cpu         ] GC(225) User=0.00s Sys=0.00s Real=0.00s
[49.623s][info][gc,start       ] GC(226) Pause Young (Allocation Failure)
[49.624s][info][gc,heap        ] GC(226) PSYoungGen: 42688K(43008K)->608K(43520K) Eden: 41984K(41984K)->0K(41984K) From: 704K(1024K)->608K(1536K)
[49.624s][info][gc,heap        ] GC(226) ParOldGen: 5676K(349696K)->5676K(349696K)
[49.624s][info][gc,metaspace   ] GC(226) Metaspace: 9872K(10240K)->9872K(10240K) NonClass: 8570K(8768K)->8570K(8768K) Class: 1302K(1472K)->1302K(1472K)
[49.624s][info][gc             ] GC(226) Pause Young (Allocation Failure) 47M->6M(384M) 1.003ms
[49.624s][info][gc,cpu         ] GC(226) User=0.00s Sys=0.00s Real=0.00s
[49.792s][info][gc,start       ] GC(227) Pause Young (Allocation Failure)
[49.793s][info][gc,heap        ] GC(227) PSYoungGen: 42592K(43520K)->576K(43008K) Eden: 41984K(41984K)->0K(41984K) From: 608K(1536K)->576K(1024K)
[49.793s][info][gc,heap        ] GC(227) ParOldGen: 5676K(349696K)->5676K(349696K)
[49.793s][info][gc,metaspace   ] GC(227) Metaspace: 9872K(10240K)->9872K(10240K) NonClass: 8570K(8768K)->8570K(8768K) Class: 1302K(1472K)->1302K(1472K)
[49.793s][info][gc             ] GC(227) Pause Young (Allocation Failure) 47M->6M(383M) 0.850ms
[49.793s][info][gc,cpu         ] GC(227) User=0.00s Sys=0.00s Real=0.00s
[49.961s][info][gc,start       ] GC(228) Pause Young (Allocation Failure)
[49.961s][info][gc,heap        ] GC(228) PSYoungGen: 42560K(43008K)->512K(42496K) Eden: 41984K(41984K)->0K(41984K) From: 576K(1024K)->512K(512K)
[49.961s][info][gc,heap        ] GC(228) ParOldGen: 5676K(349696K)->5684K(349696K)
[49.962s][info][gc,metaspace   ] GC(228) Metaspace: 9872K(10240K)->9872K(10240K) NonClass: 8570K(8768K)->8570K(8768K) Class: 1302K(1472K)->1302K(1472K)
[49.962s][info][gc             ] GC(228) Pause Young (Allocation Failure) 47M->6M(383M) 0.970ms
[49.962s][info][gc,cpu         ] GC(228) User=0.00s Sys=0.00s Real=0.00s
[50.137s][info][gc,start       ] GC(229) Pause Young (Allocation Failure)
[50.138s][info][gc,heap        ] GC(229) PSYoungGen: 42496K(42496K)->576K(43008K) Eden: 41984K(41984K)->0K(41984K) From: 512K(512K)->576K(1024K)
[50.138s][info][gc,heap        ] GC(229) ParOldGen: 5684K(349696K)->5684K(349696K)
[50.138s][info][gc,metaspace   ] GC(229) Metaspace: 9872K(10240K)->9872K(10240K) NonClass: 8570K(8768K)->8570K(8768K) Class: 1302K(1472K)->1302K(1472K)
[50.138s][info][gc             ] GC(229) Pause Young (Allocation Failure) 47M->6M(383M) 0.819ms
[50.138s][info][gc,cpu         ] GC(229) User=0.00s Sys=0.00s Real=0.00s
[50.310s][info][gc,start       ] GC(230) Pause Young (Allocation Failure)
[50.311s][info][gc,heap        ] GC(230) PSYoungGen: 42560K(43008K)->640K(43008K) Eden: 41984K(41984K)->0K(41984K) From: 576K(1024K)->640K(1024K)
[50.311s][info][gc,heap        ] GC(230) ParOldGen: 5684K(349696K)->5684K(349696K)
[50.311s][info][gc,metaspace   ] GC(230) Metaspace: 9872K(10240K)->9872K(10240K) NonClass: 8570K(8768K)->8570K(8768K) Class: 1302K(1472K)->1302K(1472K)
[50.311s][info][gc             ] GC(230) Pause Young (Allocation Failure) 47M->6M(383M) 1.107ms
[50.312s][info][gc,cpu         ] GC(230) User=0.00s Sys=0.00s Real=0.00s
[50.487s][info][gc,start       ] GC(231) Pause Young (Allocation Failure)
[50.487s][info][gc,heap        ] GC(231) PSYoungGen: 42624K(43008K)->512K(42496K) Eden: 41984K(41984K)->0K(41984K) From: 640K(1024K)->512K(512K)
[50.487s][info][gc,heap        ] GC(231) ParOldGen: 5684K(349696K)->5700K(349696K)
[50.487s][info][gc,metaspace   ] GC(231) Metaspace: 9872K(10240K)->9872K(10240K) NonClass: 8570K(8768K)->8570K(8768K) Class: 1302K(1472K)->1302K(1472K)
[50.487s][info][gc             ] GC(231) Pause Young (Allocation Failure) 47M->6M(383M) 0.870ms
[50.488s][info][gc,cpu         ] GC(231) User=0.00s Sys=0.00s Real=0.00s
[50.650s][info][gc,start       ] GC(232) Pause Young (Allocation Failure)
[50.651s][info][gc,heap        ] GC(232) PSYoungGen: 42496K(42496K)->608K(43008K) Eden: 41984K(41984K)->0K(41984K) From: 512K(512K)->608K(1024K)
[50.651s][info][gc,heap        ] GC(232) ParOldGen: 5700K(349696K)->5716K(349696K)
[50.651s][info][gc,metaspace   ] GC(232) Metaspace: 9872K(10240K)->9872K(10240K) NonClass: 8570K(8768K)->8570K(8768K) Class: 1302K(1472K)->1302K(1472K)
[50.651s][info][gc             ] GC(232) Pause Young (Allocation Failure) 47M->6M(383M) 0.833ms
[50.651s][info][gc,cpu         ] GC(232) User=0.00s Sys=0.00s Real=0.00s
[50.829s][info][gc,start       ] GC(233) Pause Young (Allocation Failure)
[50.830s][info][gc,heap        ] GC(233) PSYoungGen: 42592K(43008K)->576K(43008K) Eden: 41984K(41984K)->0K(41984K) From: 608K(1024K)->576K(1024K)
[50.830s][info][gc,heap        ] GC(233) ParOldGen: 5716K(349696K)->5716K(349696K)
[50.830s][info][gc,metaspace   ] GC(233) Metaspace: 9872K(10240K)->9872K(10240K) NonClass: 8570K(8768K)->8570K(8768K) Class: 1302K(1472K)->1302K(1472K)
[50.830s][info][gc             ] GC(233) Pause Young (Allocation Failure) 47M->6M(383M) 0.848ms
[50.830s][info][gc,cpu         ] GC(233) User=0.00s Sys=0.00s Real=0.00s
[51.002s][info][gc,start       ] GC(234) Pause Young (Allocation Failure)
[51.003s][info][gc,heap        ] GC(234) PSYoungGen: 42560K(43008K)->608K(43008K) Eden: 41984K(41984K)->0K(41984K) From: 576K(1024K)->608K(1024K)
[51.003s][info][gc,heap        ] GC(234) ParOldGen: 5716K(349696K)->5716K(349696K)
[51.003s][info][gc,metaspace   ] GC(234) Metaspace: 9872K(10240K)->9872K(10240K) NonClass: 8570K(8768K)->8570K(8768K) Class: 1302K(1472K)->1302K(1472K)
[51.003s][info][gc             ] GC(234) Pause Young (Allocation Failure) 47M->6M(383M) 1.023ms
[51.003s][info][gc,cpu         ] GC(234) User=0.14s Sys=0.00s Real=0.02s
[51.173s][info][gc,start       ] GC(235) Pause Young (Allocation Failure)
[51.173s][info][gc,heap        ] GC(235) PSYoungGen: 42592K(43008K)->512K(42496K) Eden: 41984K(41984K)->0K(41984K) From: 608K(1024K)->512K(512K)
[51.173s][info][gc,heap        ] GC(235) ParOldGen: 5716K(349696K)->5764K(349696K)
[51.173s][info][gc,metaspace   ] GC(235) Metaspace: 9872K(10240K)->9872K(10240K) NonClass: 8570K(8768K)->8570K(8768K) Class: 1302K(1472K)->1302K(1472K)
[51.173s][info][gc             ] GC(235) Pause Young (Allocation Failure) 47M->6M(383M) 0.887ms
[51.173s][info][gc,cpu         ] GC(235) User=0.00s Sys=0.00s Real=0.00s
[51.341s][info][gc,start       ] GC(236) Pause Young (Allocation Failure)
[51.342s][info][gc,heap        ] GC(236) PSYoungGen: 42496K(42496K)->736K(43008K) Eden: 41984K(41984K)->0K(41984K) From: 512K(512K)->736K(1024K)
[51.342s][info][gc,heap        ] GC(236) ParOldGen: 5764K(349696K)->5956K(349696K)
[51.342s][info][gc,metaspace   ] GC(236) Metaspace: 9872K(10240K)->9872K(10240K) NonClass: 8570K(8768K)->8570K(8768K) Class: 1302K(1472K)->1302K(1472K)
[51.342s][info][gc             ] GC(236) Pause Young (Allocation Failure) 47M->6M(383M) 1.020ms
[51.342s][info][gc,cpu         ] GC(236) User=0.00s Sys=0.00s Real=0.00s
[51.508s][info][gc,start       ] GC(237) Pause Young (Allocation Failure)
[51.509s][info][gc,heap        ] GC(237) PSYoungGen: 42720K(43008K)->768K(43008K) Eden: 41984K(41984K)->0K(41984K) From: 736K(1024K)->768K(1024K)
[51.509s][info][gc,heap        ] GC(237) ParOldGen: 5956K(349696K)->5988K(349696K)
[51.509s][info][gc,metaspace   ] GC(237) Metaspace: 9872K(10240K)->9872K(10240K) NonClass: 8570K(8768K)->8570K(8768K) Class: 1302K(1472K)->1302K(1472K)
[51.509s][info][gc             ] GC(237) Pause Young (Allocation Failure) 47M->6M(383M) 0.951ms
[51.509s][info][gc,cpu         ] GC(237) User=0.00s Sys=0.00s Real=0.00s
[51.677s][info][gc,start       ] GC(238) Pause Young (Allocation Failure)
[51.678s][info][gc,heap        ] GC(238) PSYoungGen: 42752K(43008K)->576K(43008K) Eden: 41984K(41984K)->0K(41984K) From: 768K(1024K)->576K(1024K)
[51.678s][info][gc,heap        ] GC(238) ParOldGen: 5988K(349696K)->6180K(349696K)
[51.678s][info][gc,metaspace   ] GC(238) Metaspace: 9872K(10240K)->9872K(10240K) NonClass: 8570K(8768K)->8570K(8768K) Class: 1302K(1472K)->1302K(1472K)
[51.679s][info][gc             ] GC(238) Pause Young (Allocation Failure) 47M->6M(383M) 1.154ms
[51.679s][info][gc,cpu         ] GC(238) User=0.00s Sys=0.00s Real=0.00s
[51.838s][info][gc,start       ] GC(239) Pause Young (Allocation Failure)
[51.839s][info][gc,heap        ] GC(239) PSYoungGen: 42560K(43008K)->512K(42496K) Eden: 41984K(41984K)->0K(41984K) From: 576K(1024K)->512K(512K)
[51.839s][info][gc,heap        ] GC(239) ParOldGen: 6180K(349696K)->6212K(349696K)
[51.839s][info][gc,metaspace   ] GC(239) Metaspace: 9872K(10240K)->9872K(10240K) NonClass: 8570K(8768K)->8570K(8768K) Class: 1302K(1472K)->1302K(1472K)
[51.839s][info][gc             ] GC(239) Pause Young (Allocation Failure) 47M->6M(383M) 0.998ms
[51.839s][info][gc,cpu         ] GC(239) User=0.14s Sys=0.00s Real=0.01s
[52.011s][info][gc,start       ] GC(240) Pause Young (Allocation Failure)
[52.011s][info][gc,heap        ] GC(240) PSYoungGen: 42496K(42496K)->640K(43008K) Eden: 41984K(41984K)->0K(41984K) From: 512K(512K)->640K(1024K)
[52.011s][info][gc,heap        ] GC(240) ParOldGen: 6212K(349696K)->6260K(349696K)
[52.011s][info][gc,metaspace   ] GC(240) Metaspace: 9872K(10240K)->9872K(10240K) NonClass: 8570K(8768K)->8570K(8768K) Class: 1302K(1472K)->1302K(1472K)
[52.011s][info][gc             ] GC(240) Pause Young (Allocation Failure) 47M->6M(383M) 0.850ms
[52.011s][info][gc,cpu         ] GC(240) User=0.00s Sys=0.00s Real=0.00s
[52.186s][info][gc,start       ] GC(241) Pause Young (Allocation Failure)
[52.187s][info][gc,heap        ] GC(241) PSYoungGen: 42624K(43008K)->608K(43008K) Eden: 41984K(41984K)->0K(41984K) From: 640K(1024K)->608K(1024K)
[52.187s][info][gc,heap        ] GC(241) ParOldGen: 6260K(349696K)->6260K(349696K)
[52.187s][info][gc,metaspace   ] GC(241) Metaspace: 9872K(10240K)->9872K(10240K) NonClass: 8570K(8768K)->8570K(8768K) Class: 1302K(1472K)->1302K(1472K)
[52.187s][info][gc             ] GC(241) Pause Young (Allocation Failure) 47M->6M(383M) 0.868ms
[52.187s][info][gc,cpu         ] GC(241) User=0.00s Sys=0.00s Real=0.00s
[52.355s][info][gc,start       ] GC(242) Pause Young (Allocation Failure)
[52.356s][info][gc,heap        ] GC(242) PSYoungGen: 42592K(43008K)->576K(43008K) Eden: 41984K(41984K)->0K(41984K) From: 608K(1024K)->576K(1024K)
[52.356s][info][gc,heap        ] GC(242) ParOldGen: 6260K(349696K)->6260K(349696K)
[52.356s][info][gc,metaspace   ] GC(242) Metaspace: 9872K(10240K)->9872K(10240K) NonClass: 8570K(8768K)->8570K(8768K) Class: 1302K(1472K)->1302K(1472K)
[52.356s][info][gc             ] GC(242) Pause Young (Allocation Failure) 47M->6M(383M) 0.978ms
[52.356s][info][gc,cpu         ] GC(242) User=0.00s Sys=0.00s Real=0.00s
[52.520s][info][gc,start       ] GC(243) Pause Young (Allocation Failure)
[52.521s][info][gc,heap        ] GC(243) PSYoungGen: 42559K(43008K)->512K(42496K) Eden: 41983K(41984K)->0K(41984K) From: 576K(1024K)->512K(512K)
[52.521s][info][gc,heap        ] GC(243) ParOldGen: 6260K(349696K)->6292K(349696K)
[52.521s][info][gc,metaspace   ] GC(243) Metaspace: 9872K(10240K)->9872K(10240K) NonClass: 8570K(8768K)->8570K(8768K) Class: 1302K(1472K)->1302K(1472K)
[52.521s][info][gc             ] GC(243) Pause Young (Allocation Failure) 47M->6M(383M) 0.910ms
[52.521s][info][gc,cpu         ] GC(243) User=0.00s Sys=0.00s Real=0.00s
[52.690s][info][gc,start       ] GC(244) Pause Young (Allocation Failure)
[52.691s][info][gc,heap        ] GC(244) PSYoungGen: 42496K(42496K)->672K(43008K) Eden: 41984K(41984K)->0K(41984K) From: 512K(512K)->672K(1024K)
[52.691s][info][gc,heap        ] GC(244) ParOldGen: 6292K(349696K)->6380K(349696K)
[52.691s][info][gc,metaspace   ] GC(244) Metaspace: 9872K(10240K)->9872K(10240K) NonClass: 8570K(8768K)->8570K(8768K) Class: 1302K(1472K)->1302K(1472K)
[52.691s][info][gc             ] GC(244) Pause Young (Allocation Failure) 47M->6M(383M) 0.917ms
[52.691s][info][gc,cpu         ] GC(244) User=0.00s Sys=0.00s Real=0.00s
[52.861s][info][gc,start       ] GC(245) Pause Young (Allocation Failure)
[52.862s][info][gc,heap        ] GC(245) PSYoungGen: 42656K(43008K)->608K(43008K) Eden: 41984K(41984K)->0K(41984K) From: 672K(1024K)->608K(1024K)
[52.862s][info][gc,heap        ] GC(245) ParOldGen: 6380K(349696K)->6380K(349696K)
[52.862s][info][gc,metaspace   ] GC(245) Metaspace: 9872K(10240K)->9872K(10240K) NonClass: 8570K(8768K)->8570K(8768K) Class: 1302K(1472K)->1302K(1472K)
[52.862s][info][gc             ] GC(245) Pause Young (Allocation Failure) 47M->6M(383M) 0.878ms
[52.862s][info][gc,cpu         ] GC(245) User=0.00s Sys=0.00s Real=0.00s
[53.028s][info][gc,start       ] GC(246) Pause Young (Allocation Failure)
[53.036s][info][gc,heap        ] GC(246) PSYoungGen: 42592K(43008K)->640K(43008K) Eden: 41984K(41984K)->0K(41984K) From: 608K(1024K)->640K(1024K)
[53.036s][info][gc,heap        ] GC(246) ParOldGen: 6380K(349696K)->6380K(349696K)
[53.036s][info][gc,metaspace   ] GC(246) Metaspace: 9872K(10240K)->9872K(10240K) NonClass: 8570K(8768K)->8570K(8768K) Class: 1302K(1472K)->1302K(1472K)
[53.036s][info][gc             ] GC(246) Pause Young (Allocation Failure) 47M->6M(383M) 8.517ms
[53.036s][info][gc,cpu         ] GC(246) User=0.00s Sys=0.00s Real=0.00s
[53.198s][info][gc,start       ] GC(247) Pause Young (Allocation Failure)
[53.199s][info][gc,heap        ] GC(247) PSYoungGen: 42624K(43008K)->512K(42496K) Eden: 41984K(41984K)->0K(41984K) From: 640K(1024K)->512K(512K)
[53.199s][info][gc,heap        ] GC(247) ParOldGen: 6380K(349696K)->6404K(349696K)
[53.199s][info][gc,metaspace   ] GC(247) Metaspace: 9872K(10240K)->9872K(10240K) NonClass: 8570K(8768K)->8570K(8768K) Class: 1302K(1472K)->1302K(1472K)
[53.199s][info][gc             ] GC(247) Pause Young (Allocation Failure) 47M->6M(383M) 0.841ms
[53.199s][info][gc,cpu         ] GC(247) User=0.00s Sys=0.00s Real=0.00s
[53.361s][info][gc,start       ] GC(248) Pause Young (Allocation Failure)
[53.362s][info][gc,heap        ] GC(248) PSYoungGen: 42496K(42496K)->672K(43008K) Eden: 41984K(41984K)->0K(41984K) From: 512K(512K)->672K(1024K)
[53.362s][info][gc,heap        ] GC(248) ParOldGen: 6404K(349696K)->6580K(349696K)
[53.362s][info][gc,metaspace   ] GC(248) Metaspace: 9872K(10240K)->9872K(10240K) NonClass: 8570K(8768K)->8570K(8768K) Class: 1302K(1472K)->1302K(1472K)
[53.362s][info][gc             ] GC(248) Pause Young (Allocation Failure) 47M->7M(383M) 0.983ms
[53.362s][info][gc,cpu         ] GC(248) User=0.00s Sys=0.00s Real=0.00s
[53.531s][info][gc,start       ] GC(249) Pause Young (Allocation Failure)
[53.532s][info][gc,heap        ] GC(249) PSYoungGen: 42656K(43008K)->832K(43008K) Eden: 41984K(41984K)->0K(41984K) From: 672K(1024K)->832K(1024K)
[53.532s][info][gc,heap        ] GC(249) ParOldGen: 6580K(349696K)->6636K(349696K)
[53.532s][info][gc,metaspace   ] GC(249) Metaspace: 9872K(10240K)->9872K(10240K) NonClass: 8570K(8768K)->8570K(8768K) Class: 1302K(1472K)->1302K(1472K)
[53.532s][info][gc             ] GC(249) Pause Young (Allocation Failure) 48M->7M(383M) 0.983ms
[53.532s][info][gc,cpu         ] GC(249) User=0.00s Sys=0.02s Real=0.02s
[53.698s][info][gc,start       ] GC(250) Pause Young (Allocation Failure)
[53.699s][info][gc,heap        ] GC(250) PSYoungGen: 42815K(43008K)->544K(43008K) Eden: 41983K(41984K)->0K(41984K) From: 832K(1024K)->544K(1024K)
[53.699s][info][gc,heap        ] GC(250) ParOldGen: 6636K(349696K)->6828K(349696K)
[53.699s][info][gc,metaspace   ] GC(250) Metaspace: 9872K(10240K)->9872K(10240K) NonClass: 8570K(8768K)->8570K(8768K) Class: 1302K(1472K)->1302K(1472K)
[53.699s][info][gc             ] GC(250) Pause Young (Allocation Failure) 48M->7M(383M) 1.238ms
[53.699s][info][gc,cpu         ] GC(250) User=0.00s Sys=0.00s Real=0.00s
[53.871s][info][gc,start       ] GC(251) Pause Young (Allocation Failure)
[53.871s][info][gc,heap        ] GC(251) PSYoungGen: 42528K(43008K)->512K(42496K) Eden: 41984K(41984K)->0K(41984K) From: 544K(1024K)->512K(512K)
[53.871s][info][gc,heap        ] GC(251) ParOldGen: 6828K(349696K)->6844K(349696K)
[53.871s][info][gc,metaspace   ] GC(251) Metaspace: 9872K(10240K)->9872K(10240K) NonClass: 8570K(8768K)->8570K(8768K) Class: 1302K(1472K)->1302K(1472K)
[53.871s][info][gc             ] GC(251) Pause Young (Allocation Failure) 48M->7M(383M) 0.806ms
[53.872s][info][gc,cpu         ] GC(251) User=0.00s Sys=0.00s Real=0.00s
[54.040s][info][gc,start       ] GC(252) Pause Young (Allocation Failure)
[54.041s][info][gc,heap        ] GC(252) PSYoungGen: 42496K(42496K)->576K(43008K) Eden: 41984K(41984K)->0K(41984K) From: 512K(512K)->576K(1024K)
[54.041s][info][gc,heap        ] GC(252) ParOldGen: 6844K(349696K)->6884K(349696K)
[54.041s][info][gc,metaspace   ] GC(252) Metaspace: 9872K(10240K)->9872K(10240K) NonClass: 8570K(8768K)->8570K(8768K) Class: 1302K(1472K)->1302K(1472K)
[54.041s][info][gc             ] GC(252) Pause Young (Allocation Failure) 48M->7M(383M) 0.883ms
[54.041s][info][gc,cpu         ] GC(252) User=0.00s Sys=0.00s Real=0.00s
[54.210s][info][gc,start       ] GC(253) Pause Young (Allocation Failure)
[54.210s][info][gc,heap        ] GC(253) PSYoungGen: 42560K(43008K)->896K(43008K) Eden: 41984K(41984K)->0K(41984K) From: 576K(1024K)->896K(1024K)
[54.210s][info][gc,heap        ] GC(253) ParOldGen: 6884K(349696K)->6916K(349696K)
[54.210s][info][gc,metaspace   ] GC(253) Metaspace: 9872K(10240K)->9872K(10240K) NonClass: 8570K(8768K)->8570K(8768K) Class: 1302K(1472K)->1302K(1472K)
[54.211s][info][gc             ] GC(253) Pause Young (Allocation Failure) 48M->7M(383M) 1.003ms
[54.211s][info][gc,cpu         ] GC(253) User=0.00s Sys=0.00s Real=0.00s
[54.379s][info][gc,start       ] GC(254) Pause Young (Allocation Failure)
[54.380s][info][gc,heap        ] GC(254) PSYoungGen: 42880K(43008K)->512K(42496K) Eden: 41984K(41984K)->0K(41984K) From: 896K(1024K)->512K(512K)
[54.380s][info][gc,heap        ] GC(254) ParOldGen: 6916K(349696K)->7156K(349696K)
[54.380s][info][gc,metaspace   ] GC(254) Metaspace: 9872K(10240K)->9872K(10240K) NonClass: 8570K(8768K)->8570K(8768K) Class: 1302K(1472K)->1302K(1472K)
[54.380s][info][gc             ] GC(254) Pause Young (Allocation Failure) 48M->7M(383M) 0.941ms
[54.380s][info][gc,cpu         ] GC(254) User=0.00s Sys=0.00s Real=0.00s
[54.559s][info][gc,start       ] GC(255) Pause Young (Allocation Failure)
[54.560s][info][gc,heap        ] GC(255) PSYoungGen: 42496K(42496K)->608K(43008K) Eden: 41984K(41984K)->0K(41984K) From: 512K(512K)->608K(1024K)
[54.560s][info][gc,heap        ] GC(255) ParOldGen: 7156K(349696K)->7156K(349696K)
[54.560s][info][gc,metaspace   ] GC(255) Metaspace: 9872K(10240K)->9872K(10240K) NonClass: 8570K(8768K)->8570K(8768K) Class: 1302K(1472K)->1302K(1472K)
[54.560s][info][gc             ] GC(255) Pause Young (Allocation Failure) 48M->7M(383M) 0.820ms
[54.560s][info][gc,cpu         ] GC(255) User=0.00s Sys=0.00s Real=0.00s
[54.725s][info][gc,start       ] GC(256) Pause Young (Allocation Failure)
[54.726s][info][gc,heap        ] GC(256) PSYoungGen: 42592K(43008K)->640K(43008K) Eden: 41984K(41984K)->0K(41984K) From: 608K(1024K)->640K(1024K)
[54.726s][info][gc,heap        ] GC(256) ParOldGen: 7156K(349696K)->7156K(349696K)
[54.726s][info][gc,metaspace   ] GC(256) Metaspace: 9872K(10240K)->9872K(10240K) NonClass: 8570K(8768K)->8570K(8768K) Class: 1302K(1472K)->1302K(1472K)
[54.726s][info][gc             ] GC(256) Pause Young (Allocation Failure) 48M->7M(383M) 1.070ms
[54.726s][info][gc,cpu         ] GC(256) User=0.00s Sys=0.00s Real=0.00s
[54.888s][info][gc,start       ] GC(257) Pause Young (Allocation Failure)
[54.889s][info][gc,heap        ] GC(257) PSYoungGen: 42624K(43008K)->512K(42496K) Eden: 41984K(41984K)->0K(41984K) From: 640K(1024K)->512K(512K)
[54.889s][info][gc,heap        ] GC(257) ParOldGen: 7156K(349696K)->7220K(349696K)
[54.889s][info][gc,metaspace   ] GC(257) Metaspace: 9872K(10240K)->9872K(10240K) NonClass: 8570K(8768K)->8570K(8768K) Class: 1302K(1472K)->1302K(1472K)
[54.889s][info][gc             ] GC(257) Pause Young (Allocation Failure) 48M->7M(383M) 0.921ms
[54.889s][info][gc,cpu         ] GC(257) User=0.00s Sys=0.00s Real=0.00s
[54.928s][info][gc,start       ] GC(258) Pause Young (System.gc())
[54.929s][info][gc,heap        ] GC(258) PSYoungGen: 9648K(42496K)->480K(43008K) Eden: 9136K(41984K)->0K(41984K) From: 512K(512K)->480K(1024K)
[54.929s][info][gc,heap        ] GC(258) ParOldGen: 7220K(349696K)->7420K(349696K)
[54.929s][info][gc,metaspace   ] GC(258) Metaspace: 9873K(10240K)->9873K(10240K) NonClass: 8570K(8768K)->8570K(8768K) Class: 1302K(1472K)->1302K(1472K)
[54.929s][info][gc             ] GC(258) Pause Young (System.gc()) 16M->7M(383M) 0.862ms
[54.929s][info][gc,cpu         ] GC(258) User=0.00s Sys=0.00s Real=0.00s
[54.929s][info][gc,start       ] GC(259) Pause Full (System.gc())
[54.929s][info][gc,phases,start] GC(259) Marking Phase
[54.943s][info][gc,phases      ] GC(259) Marking Phase 13.280ms
[54.943s][info][gc,phases,start] GC(259) Summary Phase
[54.943s][info][gc,phases      ] GC(259) Summary Phase 0.032ms
[54.943s][info][gc,phases,start] GC(259) Adjust Roots
[54.947s][info][gc,phases      ] GC(259) Adjust Roots 4.040ms
[54.947s][info][gc,phases,start] GC(259) Compaction Phase
[54.950s][info][gc,phases      ] GC(259) Compaction Phase 2.957ms
[54.950s][info][gc,phases,start] GC(259) Post Compact
[54.950s][info][gc,phases      ] GC(259) Post Compact 0.288ms
[54.950s][info][gc,heap        ] GC(259) PSYoungGen: 480K(43008K)->0K(43008K) Eden: 0K(41984K)->0K(41984K) From: 480K(1024K)->0K(1024K)
[54.950s][info][gc,heap        ] GC(259) ParOldGen: 7420K(349696K)->4075K(349696K)
[54.950s][info][gc,metaspace   ] GC(259) Metaspace: 9873K(10240K)->9873K(10240K) NonClass: 8570K(8768K)->8570K(8768K) Class: 1302K(1472K)->1302K(1472K)
[54.950s][info][gc             ] GC(259) Pause Full (System.gc()) 7M->3M(383M) 20.999ms
[54.950s][info][gc,cpu         ] GC(259) User=0.14s Sys=0.00s Real=0.02s
[55.116s][info][gc,start       ] GC(260) Pause Young (Allocation Failure)
[55.117s][info][gc,heap        ] GC(260) PSYoungGen: 41984K(43008K)->1024K(43008K) Eden: 41984K(41984K)->0K(41984K) From: 0K(1024K)->1024K(1024K)
[55.117s][info][gc,heap        ] GC(260) ParOldGen: 4075K(349696K)->4307K(349696K)
[55.117s][info][gc,metaspace   ] GC(260) Metaspace: 9876K(10240K)->9876K(10240K) NonClass: 8573K(8768K)->8573K(8768K) Class: 1302K(1472K)->1302K(1472K)
[55.117s][info][gc             ] GC(260) Pause Young (Allocation Failure) 44M->5M(383M) 1.618ms
[55.118s][info][gc,cpu         ] GC(260) User=0.00s Sys=0.00s Real=0.00s
[55.284s][info][gc,start       ] GC(261) Pause Young (Allocation Failure)
[55.285s][info][gc,heap        ] GC(261) PSYoungGen: 43008K(43008K)->1152K(43520K) Eden: 41984K(41984K)->0K(41984K) From: 1024K(1024K)->1152K(1536K)
[55.286s][info][gc,heap        ] GC(261) ParOldGen: 4307K(349696K)->4667K(349696K)
[55.286s][info][gc,metaspace   ] GC(261) Metaspace: 9876K(10240K)->9876K(10240K) NonClass: 8573K(8768K)->8573K(8768K) Class: 1302K(1472K)->1302K(1472K)
[55.286s][info][gc             ] GC(261) Pause Young (Allocation Failure) 46M->5M(384M) 1.646ms
[55.286s][info][gc,cpu         ] GC(261) User=0.00s Sys=0.00s Real=0.00s
[55.452s][info][gc,start       ] GC(262) Pause Young (Allocation Failure)
[55.453s][info][gc,heap        ] GC(262) PSYoungGen: 43136K(43520K)->1024K(43008K) Eden: 41984K(41984K)->0K(41984K) From: 1152K(1536K)->1024K(1024K)
[55.453s][info][gc,heap        ] GC(262) ParOldGen: 4667K(349696K)->4899K(349696K)
[55.453s][info][gc,metaspace   ] GC(262) Metaspace: 9876K(10240K)->9876K(10240K) NonClass: 8573K(8768K)->8573K(8768K) Class: 1302K(1472K)->1302K(1472K)
[55.453s][info][gc             ] GC(262) Pause Young (Allocation Failure) 46M->5M(383M) 1.212ms
[55.453s][info][gc,cpu         ] GC(262) User=0.00s Sys=0.00s Real=0.00s
[55.627s][info][gc,start       ] GC(263) Pause Young (Allocation Failure)
[55.629s][info][gc,heap        ] GC(263) PSYoungGen: 43008K(43008K)->832K(43008K) Eden: 41984K(41984K)->0K(41984K) From: 1024K(1024K)->832K(1024K)
[55.629s][info][gc,heap        ] GC(263) ParOldGen: 4899K(349696K)->5315K(349696K)
[55.629s][info][gc,metaspace   ] GC(263) Metaspace: 9876K(10240K)->9876K(10240K) NonClass: 8573K(8768K)->8573K(8768K) Class: 1302K(1472K)->1302K(1472K)
[55.629s][info][gc             ] GC(263) Pause Young (Allocation Failure) 46M->6M(383M) 1.432ms
[55.629s][info][gc,cpu         ] GC(263) User=0.00s Sys=0.00s Real=0.00s
[55.791s][info][gc,start       ] GC(264) Pause Young (Allocation Failure)
[55.792s][info][gc,heap        ] GC(264) PSYoungGen: 42816K(43008K)->576K(43008K) Eden: 41984K(41984K)->0K(41984K) From: 832K(1024K)->576K(1024K)
[55.792s][info][gc,heap        ] GC(264) ParOldGen: 5315K(349696K)->5547K(349696K)
[55.792s][info][gc,metaspace   ] GC(264) Metaspace: 9876K(10240K)->9876K(10240K) NonClass: 8573K(8768K)->8573K(8768K) Class: 1302K(1472K)->1302K(1472K)
[55.792s][info][gc             ] GC(264) Pause Young (Allocation Failure) 47M->5M(383M) 1.169ms
[55.792s][info][gc,cpu         ] GC(264) User=0.00s Sys=0.00s Real=0.00s
[55.969s][info][gc,start       ] GC(265) Pause Young (Allocation Failure)
[55.971s][info][gc,heap        ] GC(265) PSYoungGen: 42560K(43008K)->992K(43008K) Eden: 41984K(41984K)->0K(41984K) From: 576K(1024K)->992K(1024K)
[55.971s][info][gc,heap        ] GC(265) ParOldGen: 5547K(349696K)->5627K(349696K)
[55.971s][info][gc,metaspace   ] GC(265) Metaspace: 9876K(10240K)->9876K(10240K) NonClass: 8573K(8768K)->8573K(8768K) Class: 1302K(1472K)->1302K(1472K)
[55.971s][info][gc             ] GC(265) Pause Young (Allocation Failure) 46M->6M(383M) 1.301ms
[55.971s][info][gc,cpu         ] GC(265) User=0.00s Sys=0.00s Real=0.00s
[56.143s][info][gc,start       ] GC(266) Pause Young (Allocation Failure)
[56.144s][info][gc,heap        ] GC(266) PSYoungGen: 42976K(43008K)->640K(43008K) Eden: 41984K(41984K)->0K(41984K) From: 992K(1024K)->640K(1024K)
[56.144s][info][gc,heap        ] GC(266) ParOldGen: 5627K(349696K)->6067K(349696K)
[56.144s][info][gc,metaspace   ] GC(266) Metaspace: 9876K(10240K)->9876K(10240K) NonClass: 8573K(8768K)->8573K(8768K) Class: 1302K(1472K)->1302K(1472K)
[56.144s][info][gc             ] GC(266) Pause Young (Allocation Failure) 47M->6M(383M) 1.450ms
[56.144s][info][gc,cpu         ] GC(266) User=0.00s Sys=0.00s Real=0.00s
[56.317s][info][gc,start       ] GC(267) Pause Young (Allocation Failure)
[56.318s][info][gc,heap        ] GC(267) PSYoungGen: 42624K(43008K)->768K(43008K) Eden: 41984K(41984K)->0K(41984K) From: 640K(1024K)->768K(1024K)
[56.318s][info][gc,heap        ] GC(267) ParOldGen: 6067K(349696K)->6067K(349696K)
[56.318s][info][gc,metaspace   ] GC(267) Metaspace: 9876K(10240K)->9876K(10240K) NonClass: 8573K(8768K)->8573K(8768K) Class: 1302K(1472K)->1302K(1472K)
[56.318s][info][gc             ] GC(267) Pause Young (Allocation Failure) 47M->6M(383M) 1.087ms
[56.318s][info][gc,cpu         ] GC(267) User=0.00s Sys=0.00s Real=0.00s
[56.499s][info][gc,start       ] GC(268) Pause Young (Allocation Failure)
[56.501s][info][gc,heap        ] GC(268) PSYoungGen: 42752K(43008K)->800K(43008K) Eden: 41984K(41984K)->0K(41984K) From: 768K(1024K)->800K(1024K)
[56.501s][info][gc,heap        ] GC(268) ParOldGen: 6067K(349696K)->6323K(349696K)
[56.501s][info][gc,metaspace   ] GC(268) Metaspace: 9876K(10240K)->9876K(10240K) NonClass: 8573K(8768K)->8573K(8768K) Class: 1302K(1472K)->1302K(1472K)
[56.501s][info][gc             ] GC(268) Pause Young (Allocation Failure) 47M->6M(383M) 1.243ms
[56.501s][info][gc,cpu         ] GC(268) User=0.00s Sys=0.00s Real=0.00s
[56.671s][info][gc,start       ] GC(269) Pause Young (Allocation Failure)
[56.672s][info][gc,heap        ] GC(269) PSYoungGen: 42784K(43008K)->736K(43008K) Eden: 41984K(41984K)->0K(41984K) From: 800K(1024K)->736K(1024K)
[56.672s][info][gc,heap        ] GC(269) ParOldGen: 6323K(349696K)->6547K(349696K)
[56.672s][info][gc,metaspace   ] GC(269) Metaspace: 9876K(10240K)->9876K(10240K) NonClass: 8573K(8768K)->8573K(8768K) Class: 1302K(1472K)->1302K(1472K)
[56.672s][info][gc             ] GC(269) Pause Young (Allocation Failure) 47M->7M(383M) 1.253ms
[56.672s][info][gc,cpu         ] GC(269) User=0.00s Sys=0.00s Real=0.00s
[56.839s][info][gc,start       ] GC(270) Pause Young (Allocation Failure)
[56.840s][info][gc,heap        ] GC(270) PSYoungGen: 42720K(43008K)->864K(43008K) Eden: 41984K(41984K)->0K(41984K) From: 736K(1024K)->864K(1024K)
[56.840s][info][gc,heap        ] GC(270) ParOldGen: 6547K(349696K)->6547K(349696K)
[56.840s][info][gc,metaspace   ] GC(270) Metaspace: 9876K(10240K)->9876K(10240K) NonClass: 8573K(8768K)->8573K(8768K) Class: 1302K(1472K)->1302K(1472K)
[56.840s][info][gc             ] GC(270) Pause Young (Allocation Failure) 48M->7M(383M) 1.112ms
[56.840s][info][gc,cpu         ] GC(270) User=0.00s Sys=0.00s Real=0.00s
[57.005s][info][gc,start       ] GC(271) Pause Young (Allocation Failure)
[57.006s][info][gc,heap        ] GC(271) PSYoungGen: 42848K(43008K)->608K(43008K) Eden: 41984K(41984K)->0K(41984K) From: 864K(1024K)->608K(1024K)
[57.006s][info][gc,heap        ] GC(271) ParOldGen: 6547K(349696K)->6787K(349696K)
[57.006s][info][gc,metaspace   ] GC(271) Metaspace: 9876K(10240K)->9876K(10240K) NonClass: 8573K(8768K)->8573K(8768K) Class: 1302K(1472K)->1302K(1472K)
[57.006s][info][gc             ] GC(271) Pause Young (Allocation Failure) 48M->7M(383M) 1.160ms
[57.006s][info][gc,cpu         ] GC(271) User=0.00s Sys=0.00s Real=0.00s
[57.181s][info][gc,start       ] GC(272) Pause Young (Allocation Failure)
[57.182s][info][gc,heap        ] GC(272) PSYoungGen: 42592K(43008K)->608K(43008K) Eden: 41984K(41984K)->0K(41984K) From: 608K(1024K)->608K(1024K)
[57.182s][info][gc,heap        ] GC(272) ParOldGen: 6787K(349696K)->6787K(349696K)
[57.182s][info][gc,metaspace   ] GC(272) Metaspace: 9876K(10240K)->9876K(10240K) NonClass: 8573K(8768K)->8573K(8768K) Class: 1302K(1472K)->1302K(1472K)
[57.182s][info][gc             ] GC(272) Pause Young (Allocation Failure) 48M->7M(383M) 1.061ms
[57.182s][info][gc,cpu         ] GC(272) User=0.00s Sys=0.00s Real=0.00s
[57.349s][info][gc,start       ] GC(273) Pause Young (Allocation Failure)
[57.350s][info][gc,heap        ] GC(273) PSYoungGen: 42592K(43008K)->608K(43008K) Eden: 41984K(41984K)->0K(41984K) From: 608K(1024K)->608K(1024K)
[57.350s][info][gc,heap        ] GC(273) ParOldGen: 6787K(349696K)->6787K(349696K)
[57.350s][info][gc,metaspace   ] GC(273) Metaspace: 9876K(10240K)->9876K(10240K) NonClass: 8573K(8768K)->8573K(8768K) Class: 1302K(1472K)->1302K(1472K)
[57.350s][info][gc             ] GC(273) Pause Young (Allocation Failure) 48M->7M(383M) 1.070ms
[57.350s][info][gc,cpu         ] GC(273) User=0.00s Sys=0.00s Real=0.00s
[57.522s][info][gc,start       ] GC(274) Pause Young (Allocation Failure)
[57.523s][info][gc,heap        ] GC(274) PSYoungGen: 42592K(43008K)->608K(43008K) Eden: 41984K(41984K)->0K(41984K) From: 608K(1024K)->608K(1024K)
[57.523s][info][gc,heap        ] GC(274) ParOldGen: 6787K(349696K)->6787K(349696K)
[57.523s][info][gc,metaspace   ] GC(274) Metaspace: 9876K(10240K)->9876K(10240K) NonClass: 8573K(8768K)->8573K(8768K) Class: 1302K(1472K)->1302K(1472K)
[57.523s][info][gc             ] GC(274) Pause Young (Allocation Failure) 48M->7M(383M) 0.999ms
[57.523s][info][gc,cpu         ] GC(274) User=0.00s Sys=0.00s Real=0.00s
[57.698s][info][gc,start       ] GC(275) Pause Young (Allocation Failure)
[57.699s][info][gc,heap        ] GC(275) PSYoungGen: 42592K(43008K)->640K(43008K) Eden: 41984K(41984K)->0K(41984K) From: 608K(1024K)->640K(1024K)
[57.699s][info][gc,heap        ] GC(275) ParOldGen: 6787K(349696K)->6787K(349696K)
[57.699s][info][gc,metaspace   ] GC(275) Metaspace: 9876K(10240K)->9876K(10240K) NonClass: 8573K(8768K)->8573K(8768K) Class: 1302K(1472K)->1302K(1472K)
[57.699s][info][gc             ] GC(275) Pause Young (Allocation Failure) 48M->7M(383M) 1.023ms
[57.699s][info][gc,cpu         ] GC(275) User=0.00s Sys=0.00s Real=0.00s
[57.866s][info][gc,start       ] GC(276) Pause Young (Allocation Failure)
[57.867s][info][gc,heap        ] GC(276) PSYoungGen: 42623K(43008K)->576K(43008K) Eden: 41983K(41984K)->0K(41984K) From: 640K(1024K)->576K(1024K)
[57.867s][info][gc,heap        ] GC(276) ParOldGen: 6787K(349696K)->6787K(349696K)
[57.867s][info][gc,metaspace   ] GC(276) Metaspace: 9876K(10240K)->9876K(10240K) NonClass: 8573K(8768K)->8573K(8768K) Class: 1302K(1472K)->1302K(1472K)
[57.867s][info][gc             ] GC(276) Pause Young (Allocation Failure) 48M->7M(383M) 0.972ms
[57.867s][info][gc,cpu         ] GC(276) User=0.00s Sys=0.00s Real=0.00s
[58.040s][info][gc,start       ] GC(277) Pause Young (Allocation Failure)
[58.041s][info][gc,heap        ] GC(277) PSYoungGen: 42560K(43008K)->576K(43008K) Eden: 41984K(41984K)->0K(41984K) From: 576K(1024K)->576K(1024K)
[58.041s][info][gc,heap        ] GC(277) ParOldGen: 6787K(349696K)->6787K(349696K)
[58.041s][info][gc,metaspace   ] GC(277) Metaspace: 9876K(10240K)->9876K(10240K) NonClass: 8573K(8768K)->8573K(8768K) Class: 1302K(1472K)->1302K(1472K)
[58.041s][info][gc             ] GC(277) Pause Young (Allocation Failure) 48M->7M(383M) 1.061ms
[58.041s][info][gc,cpu         ] GC(277) User=0.00s Sys=0.00s Real=0.00s
[58.215s][info][gc,start       ] GC(278) Pause Young (Allocation Failure)
[58.216s][info][gc,heap        ] GC(278) PSYoungGen: 42560K(43008K)->576K(43008K) Eden: 41984K(41984K)->0K(41984K) From: 576K(1024K)->576K(1024K)
[58.216s][info][gc,heap        ] GC(278) ParOldGen: 6787K(349696K)->6787K(349696K)
[58.216s][info][gc,metaspace   ] GC(278) Metaspace: 9876K(10240K)->9876K(10240K) NonClass: 8573K(8768K)->8573K(8768K) Class: 1302K(1472K)->1302K(1472K)
[58.216s][info][gc             ] GC(278) Pause Young (Allocation Failure) 48M->7M(383M) 1.022ms
[58.216s][info][gc,cpu         ] GC(278) User=0.00s Sys=0.00s Real=0.00s
[58.390s][info][gc,start       ] GC(279) Pause Young (Allocation Failure)
[58.391s][info][gc,heap        ] GC(279) PSYoungGen: 42560K(43008K)->640K(43520K) Eden: 41984K(41984K)->0K(41984K) From: 576K(1024K)->640K(1536K)
[58.391s][info][gc,heap        ] GC(279) ParOldGen: 6787K(349696K)->6787K(349696K)
[58.391s][info][gc,metaspace   ] GC(279) Metaspace: 9876K(10240K)->9876K(10240K) NonClass: 8573K(8768K)->8573K(8768K) Class: 1302K(1472K)->1302K(1472K)
[58.391s][info][gc             ] GC(279) Pause Young (Allocation Failure) 48M->7M(384M) 1.043ms
[58.391s][info][gc,cpu         ] GC(279) User=0.00s Sys=0.00s Real=0.00s
[58.561s][info][gc,start       ] GC(280) Pause Young (Allocation Failure)
[58.562s][info][gc,heap        ] GC(280) PSYoungGen: 42624K(43520K)->576K(43008K) Eden: 41984K(41984K)->0K(41984K) From: 640K(1536K)->576K(1024K)
[58.562s][info][gc,heap        ] GC(280) ParOldGen: 6787K(349696K)->6787K(349696K)
[58.562s][info][gc,metaspace   ] GC(280) Metaspace: 9876K(10240K)->9876K(10240K) NonClass: 8573K(8768K)->8573K(8768K) Class: 1302K(1472K)->1302K(1472K)
[58.562s][info][gc             ] GC(280) Pause Young (Allocation Failure) 48M->7M(383M) 0.862ms
[58.562s][info][gc,cpu         ] GC(280) User=0.00s Sys=0.00s Real=0.00s
[58.725s][info][gc,start       ] GC(281) Pause Young (Allocation Failure)
[58.726s][info][gc,heap        ] GC(281) PSYoungGen: 42560K(43008K)->640K(43008K) Eden: 41984K(41984K)->0K(41984K) From: 576K(1024K)->640K(1024K)
[58.726s][info][gc,heap        ] GC(281) ParOldGen: 6787K(349696K)->6787K(349696K)
[58.726s][info][gc,metaspace   ] GC(281) Metaspace: 9876K(10240K)->9876K(10240K) NonClass: 8573K(8768K)->8573K(8768K) Class: 1302K(1472K)->1302K(1472K)
[58.726s][info][gc             ] GC(281) Pause Young (Allocation Failure) 48M->7M(383M) 1.081ms
[58.726s][info][gc,cpu         ] GC(281) User=0.00s Sys=0.00s Real=0.00s
[58.892s][info][gc,start       ] GC(282) Pause Young (Allocation Failure)
[58.893s][info][gc,heap        ] GC(282) PSYoungGen: 42623K(43008K)->512K(42496K) Eden: 41983K(41984K)->0K(41984K) From: 640K(1024K)->512K(512K)
[58.893s][info][gc,heap        ] GC(282) ParOldGen: 6787K(349696K)->6803K(349696K)
[58.893s][info][gc,metaspace   ] GC(282) Metaspace: 9876K(10240K)->9876K(10240K) NonClass: 8573K(8768K)->8573K(8768K) Class: 1302K(1472K)->1302K(1472K)
[58.893s][info][gc             ] GC(282) Pause Young (Allocation Failure) 48M->7M(383M) 0.894ms
[58.893s][info][gc,cpu         ] GC(282) User=0.00s Sys=0.00s Real=0.00s
[59.065s][info][gc,start       ] GC(283) Pause Young (Allocation Failure)
[59.065s][info][gc,heap        ] GC(283) PSYoungGen: 42496K(42496K)->576K(43008K) Eden: 41984K(41984K)->0K(41984K) From: 512K(512K)->576K(1024K)
[59.065s][info][gc,heap        ] GC(283) ParOldGen: 6803K(349696K)->6843K(349696K)
[59.065s][info][gc,metaspace   ] GC(283) Metaspace: 9876K(10240K)->9876K(10240K) NonClass: 8573K(8768K)->8573K(8768K) Class: 1302K(1472K)->1302K(1472K)
[59.065s][info][gc             ] GC(283) Pause Young (Allocation Failure) 48M->7M(383M) 0.894ms
[59.066s][info][gc,cpu         ] GC(283) User=0.00s Sys=0.00s Real=0.00s
[59.232s][info][gc,start       ] GC(284) Pause Young (Allocation Failure)
[59.233s][info][gc,heap        ] GC(284) PSYoungGen: 42560K(43008K)->576K(43008K) Eden: 41984K(41984K)->0K(41984K) From: 576K(1024K)->576K(1024K)
[59.233s][info][gc,heap        ] GC(284) ParOldGen: 6843K(349696K)->6843K(349696K)
[59.233s][info][gc,metaspace   ] GC(284) Metaspace: 9876K(10240K)->9876K(10240K) NonClass: 8573K(8768K)->8573K(8768K) Class: 1302K(1472K)->1302K(1472K)
[59.233s][info][gc             ] GC(284) Pause Young (Allocation Failure) 48M->7M(383M) 0.861ms
[59.233s][info][gc,cpu         ] GC(284) User=0.00s Sys=0.00s Real=0.00s
[59.408s][info][gc,start       ] GC(285) Pause Young (Allocation Failure)
[59.409s][info][gc,heap        ] GC(285) PSYoungGen: 42560K(43008K)->608K(43008K) Eden: 41984K(41984K)->0K(41984K) From: 576K(1024K)->608K(1024K)
[59.409s][info][gc,heap        ] GC(285) ParOldGen: 6843K(349696K)->6843K(349696K)
[59.409s][info][gc,metaspace   ] GC(285) Metaspace: 9876K(10240K)->9876K(10240K) NonClass: 8573K(8768K)->8573K(8768K) Class: 1302K(1472K)->1302K(1472K)
[59.409s][info][gc             ] GC(285) Pause Young (Allocation Failure) 48M->7M(383M) 1.080ms
[59.409s][info][gc,cpu         ] GC(285) User=0.00s Sys=0.00s Real=0.00s
[59.580s][info][gc,start       ] GC(286) Pause Young (Allocation Failure)
[59.581s][info][gc,heap        ] GC(286) PSYoungGen: 42592K(43008K)->512K(42496K) Eden: 41984K(41984K)->0K(41984K) From: 608K(1024K)->512K(512K)
[59.581s][info][gc,heap        ] GC(286) ParOldGen: 6843K(349696K)->6859K(349696K)
[59.581s][info][gc,metaspace   ] GC(286) Metaspace: 9876K(10240K)->9876K(10240K) NonClass: 8573K(8768K)->8573K(8768K) Class: 1302K(1472K)->1302K(1472K)
[59.581s][info][gc             ] GC(286) Pause Young (Allocation Failure) 48M->7M(383M) 0.880ms
[59.581s][info][gc,cpu         ] GC(286) User=0.00s Sys=0.00s Real=0.00s
[59.750s][info][gc,start       ] GC(287) Pause Young (Allocation Failure)
[59.750s][info][gc,heap        ] GC(287) PSYoungGen: 42495K(42496K)->576K(43008K) Eden: 41983K(41984K)->0K(41984K) From: 512K(512K)->576K(1024K)
[59.750s][info][gc,heap        ] GC(287) ParOldGen: 6859K(349696K)->6899K(349696K)
[59.750s][info][gc,metaspace   ] GC(287) Metaspace: 9876K(10240K)->9876K(10240K) NonClass: 8573K(8768K)->8573K(8768K) Class: 1302K(1472K)->1302K(1472K)
[59.750s][info][gc             ] GC(287) Pause Young (Allocation Failure) 48M->7M(383M) 0.856ms
[59.750s][info][gc,cpu         ] GC(287) User=0.00s Sys=0.00s Real=0.00s
[59.917s][info][gc,start       ] GC(288) Pause Young (Allocation Failure)
[59.918s][info][gc,heap        ] GC(288) PSYoungGen: 42560K(43008K)->608K(43008K) Eden: 41984K(41984K)->0K(41984K) From: 576K(1024K)->608K(1024K)
[59.918s][info][gc,heap        ] GC(288) ParOldGen: 6899K(349696K)->6899K(349696K)
[59.918s][info][gc,metaspace   ] GC(288) Metaspace: 9876K(10240K)->9876K(10240K) NonClass: 8573K(8768K)->8573K(8768K) Class: 1302K(1472K)->1302K(1472K)
[59.918s][info][gc             ] GC(288) Pause Young (Allocation Failure) 48M->7M(383M) 0.903ms
[59.918s][info][gc,cpu         ] GC(288) User=0.00s Sys=0.00s Real=0.00s
[60.084s][info][gc,start       ] GC(289) Pause Young (Allocation Failure)
[60.085s][info][gc,heap        ] GC(289) PSYoungGen: 42592K(43008K)->608K(43008K) Eden: 41984K(41984K)->0K(41984K) From: 608K(1024K)->608K(1024K)
[60.085s][info][gc,heap        ] GC(289) ParOldGen: 6899K(349696K)->6899K(349696K)
[60.085s][info][gc,metaspace   ] GC(289) Metaspace: 9876K(10240K)->9876K(10240K) NonClass: 8573K(8768K)->8573K(8768K) Class: 1302K(1472K)->1302K(1472K)
[60.085s][info][gc             ] GC(289) Pause Young (Allocation Failure) 48M->7M(383M) 1.000ms
[60.085s][info][gc,cpu         ] GC(289) User=0.00s Sys=0.00s Real=0.00s
[60.252s][info][gc,start       ] GC(290) Pause Young (Allocation Failure)
[60.252s][info][gc,heap        ] GC(290) PSYoungGen: 42592K(43008K)->512K(42496K) Eden: 41984K(41984K)->0K(41984K) From: 608K(1024K)->512K(512K)
[60.252s][info][gc,heap        ] GC(290) ParOldGen: 6899K(349696K)->6915K(349696K)
[60.252s][info][gc,metaspace   ] GC(290) Metaspace: 9876K(10240K)->9876K(10240K) NonClass: 8573K(8768K)->8573K(8768K) Class: 1302K(1472K)->1302K(1472K)
[60.252s][info][gc             ] GC(290) Pause Young (Allocation Failure) 48M->7M(383M) 0.859ms
[60.253s][info][gc,cpu         ] GC(290) User=0.00s Sys=0.00s Real=0.00s
[60.426s][info][gc,start       ] GC(291) Pause Young (Allocation Failure)
[60.427s][info][gc,heap        ] GC(291) PSYoungGen: 42496K(42496K)->576K(43008K) Eden: 41984K(41984K)->0K(41984K) From: 512K(512K)->576K(1024K)
[60.427s][info][gc,heap        ] GC(291) ParOldGen: 6915K(349696K)->6931K(349696K)
[60.427s][info][gc,metaspace   ] GC(291) Metaspace: 9876K(10240K)->9876K(10240K) NonClass: 8573K(8768K)->8573K(8768K) Class: 1302K(1472K)->1302K(1472K)
[60.427s][info][gc             ] GC(291) Pause Young (Allocation Failure) 48M->7M(383M) 0.864ms
[60.427s][info][gc,cpu         ] GC(291) User=0.00s Sys=0.00s Real=0.00s
[60.590s][info][gc,start       ] GC(292) Pause Young (Allocation Failure)
[60.591s][info][gc,heap        ] GC(292) PSYoungGen: 42560K(43008K)->576K(43008K) Eden: 41984K(41984K)->0K(41984K) From: 576K(1024K)->576K(1024K)
[60.591s][info][gc,heap        ] GC(292) ParOldGen: 6931K(349696K)->6939K(349696K)
[60.591s][info][gc,metaspace   ] GC(292) Metaspace: 9876K(10240K)->9876K(10240K) NonClass: 8573K(8768K)->8573K(8768K) Class: 1302K(1472K)->1302K(1472K)
[60.591s][info][gc             ] GC(292) Pause Young (Allocation Failure) 48M->7M(383M) 0.825ms
[60.591s][info][gc,cpu         ] GC(292) User=0.00s Sys=0.00s Real=0.00s
[60.764s][info][gc,start       ] GC(293) Pause Young (Allocation Failure)
[60.765s][info][gc,heap        ] GC(293) PSYoungGen: 42560K(43008K)->576K(43008K) Eden: 41984K(41984K)->0K(41984K) From: 576K(1024K)->576K(1024K)
[60.765s][info][gc,heap        ] GC(293) ParOldGen: 6939K(349696K)->6939K(349696K)
[60.765s][info][gc,metaspace   ] GC(293) Metaspace: 9876K(10240K)->9876K(10240K) NonClass: 8573K(8768K)->8573K(8768K) Class: 1302K(1472K)->1302K(1472K)
[60.765s][info][gc             ] GC(293) Pause Young (Allocation Failure) 48M->7M(383M) 1.070ms
[60.765s][info][gc,cpu         ] GC(293) User=0.00s Sys=0.00s Real=0.00s
[60.943s][info][gc,start       ] GC(294) Pause Young (Allocation Failure)
[60.944s][info][gc,heap        ] GC(294) PSYoungGen: 42560K(43008K)->512K(42496K) Eden: 41984K(41984K)->0K(41984K) From: 576K(1024K)->512K(512K)
[60.944s][info][gc,heap        ] GC(294) ParOldGen: 6939K(349696K)->6971K(349696K)
[60.944s][info][gc,metaspace   ] GC(294) Metaspace: 9876K(10240K)->9876K(10240K) NonClass: 8573K(8768K)->8573K(8768K) Class: 1302K(1472K)->1302K(1472K)
[60.944s][info][gc             ] GC(294) Pause Young (Allocation Failure) 48M->7M(383M) 0.890ms
[60.944s][info][gc,cpu         ] GC(294) User=0.00s Sys=0.00s Real=0.00s
[61.124s][info][gc,start       ] GC(295) Pause Young (Allocation Failure)
[61.125s][info][gc,heap        ] GC(295) PSYoungGen: 42496K(42496K)->672K(43008K) Eden: 41984K(41984K)->0K(41984K) From: 512K(512K)->672K(1024K)
[61.125s][info][gc,heap        ] GC(295) ParOldGen: 6971K(349696K)->7019K(349696K)
[61.125s][info][gc,metaspace   ] GC(295) Metaspace: 9876K(10240K)->9876K(10240K) NonClass: 8573K(8768K)->8573K(8768K) Class: 1302K(1472K)->1302K(1472K)
[61.125s][info][gc             ] GC(295) Pause Young (Allocation Failure) 48M->7M(383M) 0.916ms
[61.125s][info][gc,cpu         ] GC(295) User=0.00s Sys=0.00s Real=0.00s
[61.299s][info][gc,start       ] GC(296) Pause Young (Allocation Failure)
[61.300s][info][gc,heap        ] GC(296) PSYoungGen: 42656K(43008K)->704K(43008K) Eden: 41984K(41984K)->0K(41984K) From: 672K(1024K)->704K(1024K)
[61.300s][info][gc,heap        ] GC(296) ParOldGen: 7019K(349696K)->7019K(349696K)
[61.300s][info][gc,metaspace   ] GC(296) Metaspace: 9876K(10240K)->9876K(10240K) NonClass: 8573K(8768K)->8573K(8768K) Class: 1302K(1472K)->1302K(1472K)
[61.300s][info][gc             ] GC(296) Pause Young (Allocation Failure) 48M->7M(383M) 0.920ms
[61.300s][info][gc,cpu         ] GC(296) User=0.00s Sys=0.00s Real=0.00s
[61.471s][info][gc,start       ] GC(297) Pause Young (Allocation Failure)
[61.472s][info][gc,heap        ] GC(297) PSYoungGen: 42688K(43008K)->608K(43008K) Eden: 41984K(41984K)->0K(41984K) From: 704K(1024K)->608K(1024K)
[61.472s][info][gc,heap        ] GC(297) ParOldGen: 7019K(349696K)->7019K(349696K)
[61.472s][info][gc,metaspace   ] GC(297) Metaspace: 9876K(10240K)->9876K(10240K) NonClass: 8573K(8768K)->8573K(8768K) Class: 1302K(1472K)->1302K(1472K)
[61.472s][info][gc             ] GC(297) Pause Young (Allocation Failure) 48M->7M(383M) 1.159ms
[61.472s][info][gc,cpu         ] GC(297) User=0.00s Sys=0.00s Real=0.00s
[61.637s][info][gc,start       ] GC(298) Pause Young (Allocation Failure)
[61.638s][info][gc,heap        ] GC(298) PSYoungGen: 42592K(43008K)->512K(42496K) Eden: 41984K(41984K)->0K(41984K) From: 608K(1024K)->512K(512K)
[61.638s][info][gc,heap        ] GC(298) ParOldGen: 7019K(349696K)->7051K(349696K)
[61.638s][info][gc,metaspace   ] GC(298) Metaspace: 9876K(10240K)->9876K(10240K) NonClass: 8573K(8768K)->8573K(8768K) Class: 1302K(1472K)->1302K(1472K)
[61.638s][info][gc             ] GC(298) Pause Young (Allocation Failure) 48M->7M(383M) 0.855ms
[61.638s][info][gc,cpu         ] GC(298) User=0.00s Sys=0.00s Real=0.00s
[61.676s][info][gc,start       ] GC(299) Pause Young (System.gc())
[61.676s][info][gc,heap        ] GC(299) PSYoungGen: 8622K(42496K)->512K(43008K) Eden: 8110K(41984K)->0K(41984K) From: 512K(512K)->512K(1024K)
[61.676s][info][gc,heap        ] GC(299) ParOldGen: 7051K(349696K)->7163K(349696K)
[61.676s][info][gc,metaspace   ] GC(299) Metaspace: 9876K(10240K)->9876K(10240K) NonClass: 8573K(8768K)->8573K(8768K) Class: 1302K(1472K)->1302K(1472K)
[61.676s][info][gc             ] GC(299) Pause Young (System.gc()) 15M->7M(383M) 0.738ms
[61.676s][info][gc,cpu         ] GC(299) User=0.00s Sys=0.00s Real=0.00s
[61.677s][info][gc,start       ] GC(300) Pause Full (System.gc())
[61.677s][info][gc,phases,start] GC(300) Marking Phase
[61.689s][info][gc,phases      ] GC(300) Marking Phase 12.873ms
[61.690s][info][gc,phases,start] GC(300) Summary Phase
[61.690s][info][gc,phases      ] GC(300) Summary Phase 0.032ms
[61.690s][info][gc,phases,start] GC(300) Adjust Roots
[61.694s][info][gc,phases      ] GC(300) Adjust Roots 4.087ms
[61.694s][info][gc,phases,start] GC(300) Compaction Phase
[61.697s][info][gc,phases      ] GC(300) Compaction Phase 2.973ms
[61.697s][info][gc,phases,start] GC(300) Post Compact
[61.697s][info][gc,phases      ] GC(300) Post Compact 0.281ms
[61.697s][info][gc,heap        ] GC(300) PSYoungGen: 512K(43008K)->0K(43008K) Eden: 0K(41984K)->0K(41984K) From: 512K(1024K)->0K(1024K)
[61.697s][info][gc,heap        ] GC(300) ParOldGen: 7163K(349696K)->4076K(349696K)
[61.697s][info][gc,metaspace   ] GC(300) Metaspace: 9876K(10240K)->9876K(10240K) NonClass: 8573K(8768K)->8573K(8768K) Class: 1302K(1472K)->1302K(1472K)
[61.697s][info][gc             ] GC(300) Pause Full (System.gc()) 7M->3M(383M) 20.594ms
[61.697s][info][gc,cpu         ] GC(300) User=0.02s Sys=0.00s Real=0.02s
[61.873s][info][gc,start       ] GC(301) Pause Young (Allocation Failure)
[61.875s][info][gc,heap        ] GC(301) PSYoungGen: 41984K(43008K)->1024K(43008K) Eden: 41984K(41984K)->0K(41984K) From: 0K(1024K)->1024K(1024K)
[61.875s][info][gc,heap        ] GC(301) ParOldGen: 4076K(349696K)->4244K(349696K)
[61.875s][info][gc,metaspace   ] GC(301) Metaspace: 9876K(10240K)->9876K(10240K) NonClass: 8574K(8768K)->8574K(8768K) Class: 1302K(1472K)->1302K(1472K)
[61.875s][info][gc             ] GC(301) Pause Young (Allocation Failure) 44M->5M(383M) 1.338ms
[61.875s][info][gc,cpu         ] GC(301) User=0.00s Sys=0.00s Real=0.00s
[62.043s][info][gc,start       ] GC(302) Pause Young (Allocation Failure)
[62.044s][info][gc,heap        ] GC(302) PSYoungGen: 43008K(43008K)->1024K(43008K) Eden: 41984K(41984K)->0K(41984K) From: 1024K(1024K)->1024K(1024K)
[62.045s][info][gc,heap        ] GC(302) ParOldGen: 4244K(349696K)->4708K(349696K)
[62.045s][info][gc,metaspace   ] GC(302) Metaspace: 9876K(10240K)->9876K(10240K) NonClass: 8574K(8768K)->8574K(8768K) Class: 1302K(1472K)->1302K(1472K)
[62.045s][info][gc             ] GC(302) Pause Young (Allocation Failure) 46M->5M(383M) 1.726ms
[62.045s][info][gc,cpu         ] GC(302) User=0.00s Sys=0.00s Real=0.00s
[62.208s][info][gc,start       ] GC(303) Pause Young (Allocation Failure)
[62.209s][info][gc,heap        ] GC(303) PSYoungGen: 43008K(43008K)->960K(43520K) Eden: 41984K(41984K)->0K(41984K) From: 1024K(1024K)->960K(1536K)
[62.209s][info][gc,heap        ] GC(303) ParOldGen: 4708K(349696K)->4732K(349696K)
[62.209s][info][gc,metaspace   ] GC(303) Metaspace: 9876K(10240K)->9876K(10240K) NonClass: 8574K(8768K)->8574K(8768K) Class: 1302K(1472K)->1302K(1472K)
[62.209s][info][gc             ] GC(303) Pause Young (Allocation Failure) 46M->5M(384M) 1.050ms
[62.210s][info][gc,cpu         ] GC(303) User=0.00s Sys=0.00s Real=0.00s
[62.385s][info][gc,start       ] GC(304) Pause Young (Allocation Failure)
[62.386s][info][gc,heap        ] GC(304) PSYoungGen: 42944K(43520K)->800K(43520K) Eden: 41984K(41984K)->0K(41984K) From: 960K(1536K)->800K(1536K)
[62.386s][info][gc,heap        ] GC(304) ParOldGen: 4732K(349696K)->4996K(349696K)
[62.386s][info][gc,metaspace   ] GC(304) Metaspace: 9876K(10240K)->9876K(10240K) NonClass: 8574K(8768K)->8574K(8768K) Class: 1302K(1472K)->1302K(1472K)
[62.386s][info][gc             ] GC(304) Pause Young (Allocation Failure) 46M->5M(384M) 1.102ms
[62.386s][info][gc,cpu         ] GC(304) User=0.00s Sys=0.00s Real=0.00s
[62.553s][info][gc,start       ] GC(305) Pause Young (Allocation Failure)
[62.554s][info][gc,heap        ] GC(305) PSYoungGen: 42784K(43520K)->768K(43520K) Eden: 41984K(41984K)->0K(41984K) From: 800K(1536K)->768K(1536K)
[62.554s][info][gc,heap        ] GC(305) ParOldGen: 4996K(349696K)->5260K(349696K)
[62.554s][info][gc,metaspace   ] GC(305) Metaspace: 9876K(10240K)->9876K(10240K) NonClass: 8574K(8768K)->8574K(8768K) Class: 1302K(1472K)->1302K(1472K)
[62.554s][info][gc             ] GC(305) Pause Young (Allocation Failure) 46M->5M(384M) 1.100ms
[62.554s][info][gc,cpu         ] GC(305) User=0.00s Sys=0.00s Real=0.00s
[62.723s][info][gc,start       ] GC(306) Pause Young (Allocation Failure)
[62.724s][info][gc,heap        ] GC(306) PSYoungGen: 42752K(43520K)->704K(43520K) Eden: 41984K(41984K)->0K(41984K) From: 768K(1536K)->704K(1536K)
[62.724s][info][gc,heap        ] GC(306) ParOldGen: 5260K(349696K)->5460K(349696K)
[62.724s][info][gc,metaspace   ] GC(306) Metaspace: 9876K(10240K)->9876K(10240K) NonClass: 8574K(8768K)->8574K(8768K) Class: 1302K(1472K)->1302K(1472K)
[62.724s][info][gc             ] GC(306) Pause Young (Allocation Failure) 46M->6M(384M) 1.028ms
[62.724s][info][gc,cpu         ] GC(306) User=0.14s Sys=0.00s Real=0.01s
[62.891s][info][gc,start       ] GC(307) Pause Young (Allocation Failure)
[62.892s][info][gc,heap        ] GC(307) PSYoungGen: 42688K(43520K)->1024K(43520K) Eden: 41984K(41984K)->0K(41984K) From: 704K(1536K)->1024K(1536K)
[62.892s][info][gc,heap        ] GC(307) ParOldGen: 5460K(349696K)->5628K(349696K)
[62.892s][info][gc,metaspace   ] GC(307) Metaspace: 9876K(10240K)->9876K(10240K) NonClass: 8574K(8768K)->8574K(8768K) Class: 1302K(1472K)->1302K(1472K)
[62.892s][info][gc             ] GC(307) Pause Young (Allocation Failure) 47M->6M(384M) 1.121ms
[62.892s][info][gc,cpu         ] GC(307) User=0.00s Sys=0.00s Real=0.00s
[63.056s][info][gc,start       ] GC(308) Pause Young (Allocation Failure)
[63.057s][info][gc,heap        ] GC(308) PSYoungGen: 43008K(43520K)->672K(43520K) Eden: 41984K(41984K)->0K(41984K) From: 1024K(1536K)->672K(1536K)
[63.058s][info][gc,heap        ] GC(308) ParOldGen: 5628K(349696K)->6100K(349696K)
[63.058s][info][gc,metaspace   ] GC(308) Metaspace: 9876K(10240K)->9876K(10240K) NonClass: 8574K(8768K)->8574K(8768K) Class: 1302K(1472K)->1302K(1472K)
[63.058s][info][gc             ] GC(308) Pause Young (Allocation Failure) 47M->6M(384M) 1.337ms
[63.058s][info][gc,cpu         ] GC(308) User=0.00s Sys=0.00s Real=0.00s
[63.228s][info][gc,start       ] GC(309) Pause Young (Allocation Failure)
[63.229s][info][gc,heap        ] GC(309) PSYoungGen: 42656K(43520K)->832K(43520K) Eden: 41984K(41984K)->0K(41984K) From: 672K(1536K)->832K(1536K)
[63.229s][info][gc,heap        ] GC(309) ParOldGen: 6100K(349696K)->6164K(349696K)
[63.229s][info][gc,metaspace   ] GC(309) Metaspace: 9876K(10240K)->9876K(10240K) NonClass: 8574K(8768K)->8574K(8768K) Class: 1302K(1472K)->1302K(1472K)
[63.229s][info][gc             ] GC(309) Pause Young (Allocation Failure) 47M->6M(384M) 1.148ms
[63.230s][info][gc,cpu         ] GC(309) User=0.00s Sys=0.00s Real=0.00s
[63.404s][info][gc,start       ] GC(310) Pause Young (Allocation Failure)
[63.405s][info][gc,heap        ] GC(310) PSYoungGen: 42816K(43520K)->704K(43520K) Eden: 41984K(41984K)->0K(41984K) From: 832K(1536K)->704K(1536K)
[63.405s][info][gc,heap        ] GC(310) ParOldGen: 6164K(349696K)->6420K(349696K)
[63.405s][info][gc,metaspace   ] GC(310) Metaspace: 9876K(10240K)->9876K(10240K) NonClass: 8574K(8768K)->8574K(8768K) Class: 1302K(1472K)->1302K(1472K)
[63.405s][info][gc             ] GC(310) Pause Young (Allocation Failure) 47M->6M(384M) 1.105ms
[63.405s][info][gc,cpu         ] GC(310) User=0.00s Sys=0.00s Real=0.00s
[63.572s][info][gc,start       ] GC(311) Pause Young (Allocation Failure)
[63.572s][info][gc,heap        ] GC(311) PSYoungGen: 42688K(43520K)->480K(43520K) Eden: 41984K(41984K)->0K(41984K) From: 704K(1536K)->480K(1536K)
[63.572s][info][gc,heap        ] GC(311) ParOldGen: 6420K(349696K)->6644K(349696K)
[63.573s][info][gc,metaspace   ] GC(311) Metaspace: 9876K(10240K)->9876K(10240K) NonClass: 8574K(8768K)->8574K(8768K) Class: 1302K(1472K)->1302K(1472K)
[63.573s][info][gc             ] GC(311) Pause Young (Allocation Failure) 47M->6M(384M) 0.963ms
[63.573s][info][gc,cpu         ] GC(311) User=0.00s Sys=0.00s Real=0.00s
[63.738s][info][gc,start       ] GC(312) Pause Young (Allocation Failure)
[63.739s][info][gc,heap        ] GC(312) PSYoungGen: 42464K(43520K)->736K(43520K) Eden: 41984K(41984K)->0K(41984K) From: 480K(1536K)->736K(1536K)
[63.739s][info][gc,heap        ] GC(312) ParOldGen: 6644K(349696K)->6644K(349696K)
[63.739s][info][gc,metaspace   ] GC(312) Metaspace: 9876K(10240K)->9876K(10240K) NonClass: 8574K(8768K)->8574K(8768K) Class: 1302K(1472K)->1302K(1472K)
[63.739s][info][gc             ] GC(312) Pause Young (Allocation Failure) 47M->7M(384M) 0.970ms
[63.739s][info][gc,cpu         ] GC(312) User=0.00s Sys=0.02s Real=0.02s
[63.920s][info][gc,start       ] GC(313) Pause Young (Allocation Failure)
[63.921s][info][gc,heap        ] GC(313) PSYoungGen: 42720K(43520K)->736K(43520K) Eden: 41984K(41984K)->0K(41984K) From: 736K(1536K)->736K(1536K)
[63.921s][info][gc,heap        ] GC(313) ParOldGen: 6644K(349696K)->6644K(349696K)
[63.921s][info][gc,metaspace   ] GC(313) Metaspace: 9876K(10240K)->9876K(10240K) NonClass: 8574K(8768K)->8574K(8768K) Class: 1302K(1472K)->1302K(1472K)
[63.921s][info][gc             ] GC(313) Pause Young (Allocation Failure) 48M->7M(384M) 0.942ms
[63.921s][info][gc,cpu         ] GC(313) User=0.00s Sys=0.00s Real=0.00s
[64.088s][info][gc,start       ] GC(314) Pause Young (Allocation Failure)
[64.089s][info][gc,heap        ] GC(314) PSYoungGen: 42720K(43520K)->544K(43520K) Eden: 41984K(41984K)->0K(41984K) From: 736K(1536K)->544K(1536K)
[64.089s][info][gc,heap        ] GC(314) ParOldGen: 6644K(349696K)->6868K(349696K)
[64.089s][info][gc,metaspace   ] GC(314) Metaspace: 9876K(10240K)->9876K(10240K) NonClass: 8574K(8768K)->8574K(8768K) Class: 1302K(1472K)->1302K(1472K)
[64.089s][info][gc             ] GC(314) Pause Young (Allocation Failure) 48M->7M(384M) 0.958ms
[64.089s][info][gc,cpu         ] GC(314) User=0.00s Sys=0.00s Real=0.00s
[64.258s][info][gc,start       ] GC(315) Pause Young (Allocation Failure)
[64.258s][info][gc,heap        ] GC(315) PSYoungGen: 42528K(43520K)->608K(43520K) Eden: 41984K(41984K)->0K(41984K) From: 544K(1536K)->608K(1536K)
[64.258s][info][gc,heap        ] GC(315) ParOldGen: 6868K(349696K)->6868K(349696K)
[64.258s][info][gc,metaspace   ] GC(315) Metaspace: 9876K(10240K)->9876K(10240K) NonClass: 8574K(8768K)->8574K(8768K) Class: 1302K(1472K)->1302K(1472K)
[64.259s][info][gc             ] GC(315) Pause Young (Allocation Failure) 48M->7M(384M) 0.990ms
[64.259s][info][gc,cpu         ] GC(315) User=0.00s Sys=0.00s Real=0.00s
[64.424s][info][gc,start       ] GC(316) Pause Young (Allocation Failure)
[64.425s][info][gc,heap        ] GC(316) PSYoungGen: 42592K(43520K)->640K(43520K) Eden: 41984K(41984K)->0K(41984K) From: 608K(1536K)->640K(1536K)
[64.425s][info][gc,heap        ] GC(316) ParOldGen: 6868K(349696K)->6868K(349696K)
[64.425s][info][gc,metaspace   ] GC(316) Metaspace: 9876K(10240K)->9876K(10240K) NonClass: 8574K(8768K)->8574K(8768K) Class: 1302K(1472K)->1302K(1472K)
[64.425s][info][gc             ] GC(316) Pause Young (Allocation Failure) 48M->7M(384M) 0.868ms
[64.425s][info][gc,cpu         ] GC(316) User=0.00s Sys=0.00s Real=0.00s
[64.602s][info][gc,start       ] GC(317) Pause Young (Allocation Failure)
[64.603s][info][gc,heap        ] GC(317) PSYoungGen: 42624K(43520K)->576K(43520K) Eden: 41984K(41984K)->0K(41984K) From: 640K(1536K)->576K(1536K)
[64.603s][info][gc,heap        ] GC(317) ParOldGen: 6868K(349696K)->6868K(349696K)
[64.603s][info][gc,metaspace   ] GC(317) Metaspace: 9876K(10240K)->9876K(10240K) NonClass: 8574K(8768K)->8574K(8768K) Class: 1302K(1472K)->1302K(1472K)
[64.603s][info][gc             ] GC(317) Pause Young (Allocation Failure) 48M->7M(384M) 0.828ms
[64.603s][info][gc,cpu         ] GC(317) User=0.00s Sys=0.00s Real=0.00s
[64.768s][info][gc,start       ] GC(318) Pause Young (Allocation Failure)
[64.769s][info][gc,heap        ] GC(318) PSYoungGen: 42560K(43520K)->608K(43008K) Eden: 41984K(41984K)->0K(41984K) From: 576K(1536K)->608K(1024K)
[64.769s][info][gc,heap        ] GC(318) ParOldGen: 6868K(349696K)->6868K(349696K)
[64.769s][info][gc,metaspace   ] GC(318) Metaspace: 9876K(10240K)->9876K(10240K) NonClass: 8574K(8768K)->8574K(8768K) Class: 1302K(1472K)->1302K(1472K)
[64.769s][info][gc             ] GC(318) Pause Young (Allocation Failure) 48M->7M(383M) 0.989ms
[64.769s][info][gc,cpu         ] GC(318) User=0.00s Sys=0.00s Real=0.00s
[64.940s][info][gc,start       ] GC(319) Pause Young (Allocation Failure)
[64.941s][info][gc,heap        ] GC(319) PSYoungGen: 42592K(43008K)->576K(43008K) Eden: 41984K(41984K)->0K(41984K) From: 608K(1024K)->576K(1024K)
[64.941s][info][gc,heap        ] GC(319) ParOldGen: 6868K(349696K)->6868K(349696K)
[64.941s][info][gc,metaspace   ] GC(319) Metaspace: 9876K(10240K)->9876K(10240K) NonClass: 8574K(8768K)->8574K(8768K) Class: 1302K(1472K)->1302K(1472K)
[64.941s][info][gc             ] GC(319) Pause Young (Allocation Failure) 48M->7M(383M) 0.863ms
[64.941s][info][gc,cpu         ] GC(319) User=0.00s Sys=0.00s Real=0.00s
[65.107s][info][gc,start       ] GC(320) Pause Young (Allocation Failure)
[65.108s][info][gc,heap        ] GC(320) PSYoungGen: 42560K(43008K)->864K(43008K) Eden: 41984K(41984K)->0K(41984K) From: 576K(1024K)->864K(1024K)
[65.108s][info][gc,heap        ] GC(320) ParOldGen: 6868K(349696K)->6868K(349696K)
[65.108s][info][gc,metaspace   ] GC(320) Metaspace: 9876K(10240K)->9876K(10240K) NonClass: 8574K(8768K)->8574K(8768K) Class: 1302K(1472K)->1302K(1472K)
[65.108s][info][gc             ] GC(320) Pause Young (Allocation Failure) 48M->7M(383M) 1.012ms
[65.108s][info][gc,cpu         ] GC(320) User=0.00s Sys=0.00s Real=0.00s
[65.279s][info][gc,start       ] GC(321) Pause Young (Allocation Failure)
[65.280s][info][gc,heap        ] GC(321) PSYoungGen: 42848K(43008K)->672K(43008K) Eden: 41984K(41984K)->0K(41984K) From: 864K(1024K)->672K(1024K)
[65.280s][info][gc,heap        ] GC(321) ParOldGen: 6868K(349696K)->7084K(349696K)
[65.280s][info][gc,metaspace   ] GC(321) Metaspace: 9876K(10240K)->9876K(10240K) NonClass: 8574K(8768K)->8574K(8768K) Class: 1302K(1472K)->1302K(1472K)
[65.280s][info][gc             ] GC(321) Pause Young (Allocation Failure) 48M->7M(383M) 1.091ms
[65.280s][info][gc,cpu         ] GC(321) User=0.00s Sys=0.00s Real=0.00s
[65.442s][info][gc,start       ] GC(322) Pause Young (Allocation Failure)
[65.467s][info][gc,heap        ] GC(322) PSYoungGen: 42656K(43008K)->640K(43008K) Eden: 41984K(41984K)->0K(41984K) From: 672K(1024K)->640K(1024K)
[65.467s][info][gc,heap        ] GC(322) ParOldGen: 7084K(349696K)->7332K(349696K)
[65.467s][info][gc,metaspace   ] GC(322) Metaspace: 9876K(10240K)->9876K(10240K) NonClass: 8574K(8768K)->8574K(8768K) Class: 1302K(1472K)->1302K(1472K)
[65.467s][info][gc             ] GC(322) Pause Young (Allocation Failure) 48M->7M(383M) 25.780ms
[65.467s][info][gc,cpu         ] GC(322) User=0.00s Sys=0.00s Real=0.01s
[65.642s][info][gc,start       ] GC(323) Pause Young (Allocation Failure)
[65.643s][info][gc,heap        ] GC(323) PSYoungGen: 42624K(43008K)->640K(43008K) Eden: 41984K(41984K)->0K(41984K) From: 640K(1024K)->640K(1024K)
[65.643s][info][gc,heap        ] GC(323) ParOldGen: 7332K(349696K)->7332K(349696K)
[65.643s][info][gc,metaspace   ] GC(323) Metaspace: 9876K(10240K)->9876K(10240K) NonClass: 8574K(8768K)->8574K(8768K) Class: 1302K(1472K)->1302K(1472K)
[65.643s][info][gc             ] GC(323) Pause Young (Allocation Failure) 48M->7M(383M) 0.881ms
[65.643s][info][gc,cpu         ] GC(323) User=0.00s Sys=0.00s Real=0.00s
[65.798s][info][gc,start       ] GC(324) Pause Young (Allocation Failure)
[65.798s][info][gc,heap        ] GC(324) PSYoungGen: 42624K(43008K)->640K(43008K) Eden: 41984K(41984K)->0K(41984K) From: 640K(1024K)->640K(1024K)
[65.799s][info][gc,heap        ] GC(324) ParOldGen: 7332K(349696K)->7332K(349696K)
[65.799s][info][gc,metaspace   ] GC(324) Metaspace: 9876K(10240K)->9876K(10240K) NonClass: 8574K(8768K)->8574K(8768K) Class: 1302K(1472K)->1302K(1472K)
[65.799s][info][gc             ] GC(324) Pause Young (Allocation Failure) 48M->7M(383M) 0.876ms
[65.799s][info][gc,cpu         ] GC(324) User=0.00s Sys=0.00s Real=0.00s
[65.964s][info][gc,start       ] GC(325) Pause Young (Allocation Failure)
[65.965s][info][gc,heap        ] GC(325) PSYoungGen: 42624K(43008K)->544K(43008K) Eden: 41984K(41984K)->0K(41984K) From: 640K(1024K)->544K(1024K)
[65.965s][info][gc,heap        ] GC(325) ParOldGen: 7332K(349696K)->7332K(349696K)
[65.965s][info][gc,metaspace   ] GC(325) Metaspace: 9876K(10240K)->9876K(10240K) NonClass: 8574K(8768K)->8574K(8768K) Class: 1302K(1472K)->1302K(1472K)
[65.965s][info][gc             ] GC(325) Pause Young (Allocation Failure) 48M->7M(383M) 0.828ms
[65.965s][info][gc,cpu         ] GC(325) User=0.00s Sys=0.00s Real=0.00s
[66.130s][info][gc,start       ] GC(326) Pause Young (Allocation Failure)
[66.131s][info][gc,heap        ] GC(326) PSYoungGen: 42528K(43008K)->608K(43008K) Eden: 41984K(41984K)->0K(41984K) From: 544K(1024K)->608K(1024K)
[66.131s][info][gc,heap        ] GC(326) ParOldGen: 7332K(349696K)->7332K(349696K)
[66.131s][info][gc,metaspace   ] GC(326) Metaspace: 9876K(10240K)->9876K(10240K) NonClass: 8574K(8768K)->8574K(8768K) Class: 1302K(1472K)->1302K(1472K)
[66.131s][info][gc             ] GC(326) Pause Young (Allocation Failure) 48M->7M(383M) 0.860ms
[66.131s][info][gc,cpu         ] GC(326) User=0.00s Sys=0.00s Real=0.00s
[66.302s][info][gc,start       ] GC(327) Pause Young (Allocation Failure)
[66.303s][info][gc,heap        ] GC(327) PSYoungGen: 42592K(43008K)->608K(43008K) Eden: 41984K(41984K)->0K(41984K) From: 608K(1024K)->608K(1024K)
[66.303s][info][gc,heap        ] GC(327) ParOldGen: 7332K(349696K)->7332K(349696K)
[66.303s][info][gc,metaspace   ] GC(327) Metaspace: 9876K(10240K)->9876K(10240K) NonClass: 8574K(8768K)->8574K(8768K) Class: 1302K(1472K)->1302K(1472K)
[66.303s][info][gc             ] GC(327) Pause Young (Allocation Failure) 48M->7M(383M) 0.874ms
[66.303s][info][gc,cpu         ] GC(327) User=0.00s Sys=0.00s Real=0.00s
[66.471s][info][gc,start       ] GC(328) Pause Young (Allocation Failure)
[66.471s][info][gc,heap        ] GC(328) PSYoungGen: 42592K(43008K)->576K(43008K) Eden: 41984K(41984K)->0K(41984K) From: 608K(1024K)->576K(1024K)
[66.471s][info][gc,heap        ] GC(328) ParOldGen: 7332K(349696K)->7332K(349696K)
[66.471s][info][gc,metaspace   ] GC(328) Metaspace: 9876K(10240K)->9876K(10240K) NonClass: 8574K(8768K)->8574K(8768K) Class: 1302K(1472K)->1302K(1472K)
[66.471s][info][gc             ] GC(328) Pause Young (Allocation Failure) 48M->7M(383M) 0.948ms
[66.472s][info][gc,cpu         ] GC(328) User=0.00s Sys=0.00s Real=0.00s
[66.644s][info][gc,start       ] GC(329) Pause Young (Allocation Failure)
[66.645s][info][gc,heap        ] GC(329) PSYoungGen: 42560K(43008K)->576K(43008K) Eden: 41984K(41984K)->0K(41984K) From: 576K(1024K)->576K(1024K)
[66.645s][info][gc,heap        ] GC(329) ParOldGen: 7332K(349696K)->7332K(349696K)
[66.645s][info][gc,metaspace   ] GC(329) Metaspace: 9876K(10240K)->9876K(10240K) NonClass: 8574K(8768K)->8574K(8768K) Class: 1302K(1472K)->1302K(1472K)
[66.645s][info][gc             ] GC(329) Pause Young (Allocation Failure) 48M->7M(383M) 0.892ms
[66.645s][info][gc,cpu         ] GC(329) User=0.14s Sys=0.00s Real=0.01s
[66.812s][info][gc,start       ] GC(330) Pause Young (Allocation Failure)
[66.813s][info][gc,heap        ] GC(330) PSYoungGen: 42560K(43008K)->576K(43008K) Eden: 41984K(41984K)->0K(41984K) From: 576K(1024K)->576K(1024K)
[66.813s][info][gc,heap        ] GC(330) ParOldGen: 7332K(349696K)->7332K(349696K)
[66.813s][info][gc,metaspace   ] GC(330) Metaspace: 9876K(10240K)->9876K(10240K) NonClass: 8574K(8768K)->8574K(8768K) Class: 1302K(1472K)->1302K(1472K)
[66.813s][info][gc             ] GC(330) Pause Young (Allocation Failure) 48M->7M(383M) 0.888ms
[66.813s][info][gc,cpu         ] GC(330) User=0.00s Sys=0.00s Real=0.00s
[66.981s][info][gc,start       ] GC(331) Pause Young (Allocation Failure)
[66.986s][info][gc,heap        ] GC(331) PSYoungGen: 42560K(43008K)->608K(43008K) Eden: 41984K(41984K)->0K(41984K) From: 576K(1024K)->608K(1024K)
[66.986s][info][gc,heap        ] GC(331) ParOldGen: 7332K(349696K)->7332K(349696K)
[66.986s][info][gc,metaspace   ] GC(331) Metaspace: 9876K(10240K)->9876K(10240K) NonClass: 8574K(8768K)->8574K(8768K) Class: 1302K(1472K)->1302K(1472K)
[66.986s][info][gc             ] GC(331) Pause Young (Allocation Failure) 48M->7M(383M) 5.263ms
[66.986s][info][gc,cpu         ] GC(331) User=0.00s Sys=0.00s Real=0.00s
[67.151s][info][gc,start       ] GC(332) Pause Young (Allocation Failure)
[67.152s][info][gc,heap        ] GC(332) PSYoungGen: 42592K(43008K)->576K(43008K) Eden: 41984K(41984K)->0K(41984K) From: 608K(1024K)->576K(1024K)
[67.152s][info][gc,heap        ] GC(332) ParOldGen: 7332K(349696K)->7332K(349696K)
[67.152s][info][gc,metaspace   ] GC(332) Metaspace: 9876K(10240K)->9876K(10240K) NonClass: 8574K(8768K)->8574K(8768K) Class: 1302K(1472K)->1302K(1472K)
[67.152s][info][gc             ] GC(332) Pause Young (Allocation Failure) 48M->7M(383M) 0.847ms
[67.152s][info][gc,cpu         ] GC(332) User=0.00s Sys=0.00s Real=0.00s
[67.318s][info][gc,start       ] GC(333) Pause Young (Allocation Failure)
[67.318s][info][gc,heap        ] GC(333) PSYoungGen: 42560K(43008K)->576K(43008K) Eden: 41984K(41984K)->0K(41984K) From: 576K(1024K)->576K(1024K)
[67.318s][info][gc,heap        ] GC(333) ParOldGen: 7332K(349696K)->7332K(349696K)
[67.318s][info][gc,metaspace   ] GC(333) Metaspace: 9876K(10240K)->9876K(10240K) NonClass: 8574K(8768K)->8574K(8768K) Class: 1302K(1472K)->1302K(1472K)
[67.318s][info][gc             ] GC(333) Pause Young (Allocation Failure) 48M->7M(383M) 0.821ms
[67.318s][info][gc,cpu         ] GC(333) User=0.00s Sys=0.00s Real=0.00s
[67.487s][info][gc,start       ] GC(334) Pause Young (Allocation Failure)
[67.487s][info][gc,heap        ] GC(334) PSYoungGen: 42560K(43008K)->640K(43008K) Eden: 41984K(41984K)->0K(41984K) From: 576K(1024K)->640K(1024K)
[67.488s][info][gc,heap        ] GC(334) ParOldGen: 7332K(349696K)->7332K(349696K)
[67.488s][info][gc,metaspace   ] GC(334) Metaspace: 9876K(10240K)->9876K(10240K) NonClass: 8574K(8768K)->8574K(8768K) Class: 1302K(1472K)->1302K(1472K)
[67.488s][info][gc             ] GC(334) Pause Young (Allocation Failure) 48M->7M(383M) 0.911ms
[67.488s][info][gc,cpu         ] GC(334) User=0.02s Sys=0.00s Real=0.02s
[67.662s][info][gc,start       ] GC(335) Pause Young (Allocation Failure)
[67.663s][info][gc,heap        ] GC(335) PSYoungGen: 42624K(43008K)->576K(43008K) Eden: 41984K(41984K)->0K(41984K) From: 640K(1024K)->576K(1024K)
[67.663s][info][gc,heap        ] GC(335) ParOldGen: 7332K(349696K)->7332K(349696K)
[67.663s][info][gc,metaspace   ] GC(335) Metaspace: 9876K(10240K)->9876K(10240K) NonClass: 8574K(8768K)->8574K(8768K) Class: 1302K(1472K)->1302K(1472K)
[67.663s][info][gc             ] GC(335) Pause Young (Allocation Failure) 48M->7M(383M) 0.994ms
[67.663s][info][gc,cpu         ] GC(335) User=0.00s Sys=0.00s Real=0.00s
[67.828s][info][gc,start       ] GC(336) Pause Young (Allocation Failure)
[67.829s][info][gc,heap        ] GC(336) PSYoungGen: 42560K(43008K)->544K(43008K) Eden: 41984K(41984K)->0K(41984K) From: 576K(1024K)->544K(1024K)
[67.829s][info][gc,heap        ] GC(336) ParOldGen: 7332K(349696K)->7332K(349696K)
[67.829s][info][gc,metaspace   ] GC(336) Metaspace: 9876K(10240K)->9876K(10240K) NonClass: 8574K(8768K)->8574K(8768K) Class: 1302K(1472K)->1302K(1472K)
[67.829s][info][gc             ] GC(336) Pause Young (Allocation Failure) 48M->7M(383M) 0.822ms
[67.829s][info][gc,cpu         ] GC(336) User=0.00s Sys=0.00s Real=0.00s
[67.992s][info][gc,start       ] GC(337) Pause Young (Allocation Failure)
[67.993s][info][gc,heap        ] GC(337) PSYoungGen: 42528K(43008K)->608K(43008K) Eden: 41984K(41984K)->0K(41984K) From: 544K(1024K)->608K(1024K)
[67.993s][info][gc,heap        ] GC(337) ParOldGen: 7332K(349696K)->7332K(349696K)
[67.993s][info][gc,metaspace   ] GC(337) Metaspace: 9876K(10240K)->9876K(10240K) NonClass: 8574K(8768K)->8574K(8768K) Class: 1302K(1472K)->1302K(1472K)
[67.993s][info][gc             ] GC(337) Pause Young (Allocation Failure) 48M->7M(383M) 0.856ms
[67.993s][info][gc,cpu         ] GC(337) User=0.00s Sys=0.00s Real=0.00s
[68.163s][info][gc,start       ] GC(338) Pause Young (Allocation Failure)
[68.164s][info][gc,heap        ] GC(338) PSYoungGen: 42592K(43008K)->576K(43008K) Eden: 41984K(41984K)->0K(41984K) From: 608K(1024K)->576K(1024K)
[68.164s][info][gc,heap        ] GC(338) ParOldGen: 7332K(349696K)->7348K(349696K)
[68.164s][info][gc,metaspace   ] GC(338) Metaspace: 9876K(10240K)->9876K(10240K) NonClass: 8574K(8768K)->8574K(8768K) Class: 1302K(1472K)->1302K(1472K)
[68.164s][info][gc             ] GC(338) Pause Young (Allocation Failure) 48M->7M(383M) 0.800ms
[68.164s][info][gc,cpu         ] GC(338) User=0.00s Sys=0.00s Real=0.00s
[68.338s][info][gc,start       ] GC(339) Pause Young (Allocation Failure)
[68.338s][info][gc,heap        ] GC(339) PSYoungGen: 42560K(43008K)->544K(43008K) Eden: 41984K(41984K)->0K(41984K) From: 576K(1024K)->544K(1024K)
[68.339s][info][gc,heap        ] GC(339) ParOldGen: 7348K(349696K)->7348K(349696K)
[68.339s][info][gc,metaspace   ] GC(339) Metaspace: 9876K(10240K)->9876K(10240K) NonClass: 8574K(8768K)->8574K(8768K) Class: 1302K(1472K)->1302K(1472K)
[68.339s][info][gc             ] GC(339) Pause Young (Allocation Failure) 48M->7M(383M) 0.847ms
[68.339s][info][gc,cpu         ] GC(339) User=0.00s Sys=0.00s Real=0.00s
[68.357s][info][gc,start       ] GC(340) Pause Young (System.gc())
[68.357s][info][gc,heap        ] GC(340) PSYoungGen: 3934K(43008K)->416K(43008K) Eden: 3390K(41984K)->0K(41984K) From: 544K(1024K)->416K(1024K)
[68.357s][info][gc,heap        ] GC(340) ParOldGen: 7348K(349696K)->7604K(349696K)
[68.357s][info][gc,metaspace   ] GC(340) Metaspace: 9876K(10240K)->9876K(10240K) NonClass: 8574K(8768K)->8574K(8768K) Class: 1302K(1472K)->1302K(1472K)
[68.357s][info][gc             ] GC(340) Pause Young (System.gc()) 11M->7M(383M) 0.857ms
[68.357s][info][gc,cpu         ] GC(340) User=0.00s Sys=0.00s Real=0.00s
[68.358s][info][gc,start       ] GC(341) Pause Full (System.gc())
[68.358s][info][gc,phases,start] GC(341) Marking Phase
[68.371s][info][gc,phases      ] GC(341) Marking Phase 12.971ms
[68.371s][info][gc,phases,start] GC(341) Summary Phase
[68.371s][info][gc,phases      ] GC(341) Summary Phase 0.031ms
[68.371s][info][gc,phases,start] GC(341) Adjust Roots
[68.375s][info][gc,phases      ] GC(341) Adjust Roots 4.235ms
[68.375s][info][gc,phases,start] GC(341) Compaction Phase
[68.378s][info][gc,phases      ] GC(341) Compaction Phase 2.975ms
[68.378s][info][gc,phases,start] GC(341) Post Compact
[68.378s][info][gc,phases      ] GC(341) Post Compact 0.292ms
[68.378s][info][gc,heap        ] GC(341) PSYoungGen: 416K(43008K)->0K(43008K) Eden: 0K(41984K)->0K(41984K) From: 416K(1024K)->0K(1024K)
[68.378s][info][gc,heap        ] GC(341) ParOldGen: 7604K(349696K)->4076K(349696K)
[68.378s][info][gc,metaspace   ] GC(341) Metaspace: 9876K(10240K)->9876K(10240K) NonClass: 8574K(8768K)->8574K(8768K) Class: 1302K(1472K)->1302K(1472K)
[68.378s][info][gc             ] GC(341) Pause Full (System.gc()) 7M->3M(383M) 20.846ms
[68.378s][info][gc,cpu         ] GC(341) User=0.14s Sys=0.02s Real=0.03s
[68.550s][info][gc,start       ] GC(342) Pause Young (Allocation Failure)
[68.552s][info][gc,heap        ] GC(342) PSYoungGen: 41984K(43008K)->1024K(43008K) Eden: 41984K(41984K)->0K(41984K) From: 0K(1024K)->1024K(1024K)
[68.552s][info][gc,heap        ] GC(342) ParOldGen: 4076K(349696K)->4340K(349696K)
[68.552s][info][gc,metaspace   ] GC(342) Metaspace: 9877K(10240K)->9877K(10240K) NonClass: 8574K(8768K)->8574K(8768K) Class: 1302K(1472K)->1302K(1472K)
[68.552s][info][gc             ] GC(342) Pause Young (Allocation Failure) 44M->5M(383M) 1.435ms
[68.552s][info][gc,cpu         ] GC(342) User=0.00s Sys=0.00s Real=0.00s
[68.725s][info][gc,start       ] GC(343) Pause Young (Allocation Failure)
[68.727s][info][gc,heap        ] GC(343) PSYoungGen: 43008K(43008K)->1024K(43008K) Eden: 41984K(41984K)->0K(41984K) From: 1024K(1024K)->1024K(1024K)
[68.727s][info][gc,heap        ] GC(343) ParOldGen: 4340K(349696K)->4804K(349696K)
[68.727s][info][gc,metaspace   ] GC(343) Metaspace: 9877K(10240K)->9877K(10240K) NonClass: 8574K(8768K)->8574K(8768K) Class: 1302K(1472K)->1302K(1472K)
[68.727s][info][gc             ] GC(343) Pause Young (Allocation Failure) 46M->5M(383M) 1.532ms
[68.727s][info][gc,cpu         ] GC(343) User=0.00s Sys=0.00s Real=0.00s
[68.898s][info][gc,start       ] GC(344) Pause Young (Allocation Failure)
[68.899s][info][gc,heap        ] GC(344) PSYoungGen: 43008K(43008K)->1056K(43520K) Eden: 41984K(41984K)->0K(41984K) From: 1024K(1024K)->1056K(1536K)
[68.899s][info][gc,heap        ] GC(344) ParOldGen: 4804K(349696K)->4940K(349696K)
[68.899s][info][gc,metaspace   ] GC(344) Metaspace: 9877K(10240K)->9877K(10240K) NonClass: 8574K(8768K)->8574K(8768K) Class: 1302K(1472K)->1302K(1472K)
[68.899s][info][gc             ] GC(344) Pause Young (Allocation Failure) 46M->5M(384M) 1.222ms
[68.899s][info][gc,cpu         ] GC(344) User=0.00s Sys=0.00s Real=0.00s
[69.079s][info][gc,start       ] GC(345) Pause Young (Allocation Failure)
[69.080s][info][gc,heap        ] GC(345) PSYoungGen: 43040K(43520K)->512K(43520K) Eden: 41984K(41984K)->0K(41984K) From: 1056K(1536K)->512K(1536K)
[69.080s][info][gc,heap        ] GC(345) ParOldGen: 4940K(349696K)->5340K(349696K)
[69.080s][info][gc,metaspace   ] GC(345) Metaspace: 9877K(10240K)->9877K(10240K) NonClass: 8574K(8768K)->8574K(8768K) Class: 1302K(1472K)->1302K(1472K)
[69.080s][info][gc             ] GC(345) Pause Young (Allocation Failure) 46M->5M(384M) 1.185ms
[69.080s][info][gc,cpu         ] GC(345) User=0.00s Sys=0.00s Real=0.00s
[69.254s][info][gc,start       ] GC(346) Pause Young (Allocation Failure)
[69.255s][info][gc,heap        ] GC(346) PSYoungGen: 42496K(43520K)->768K(43520K) Eden: 41984K(41984K)->0K(41984K) From: 512K(1536K)->768K(1536K)
[69.255s][info][gc,heap        ] GC(346) ParOldGen: 5340K(349696K)->5340K(349696K)
[69.255s][info][gc,metaspace   ] GC(346) Metaspace: 9877K(10240K)->9877K(10240K) NonClass: 8574K(8768K)->8574K(8768K) Class: 1302K(1472K)->1302K(1472K)
[69.255s][info][gc             ] GC(346) Pause Young (Allocation Failure) 46M->5M(384M) 0.919ms
[69.255s][info][gc,cpu         ] GC(346) User=0.00s Sys=0.00s Real=0.00s
[69.419s][info][gc,start       ] GC(347) Pause Young (Allocation Failure)
[69.420s][info][gc,heap        ] GC(347) PSYoungGen: 42752K(43520K)->640K(43520K) Eden: 41984K(41984K)->0K(41984K) From: 768K(1536K)->640K(1536K)
[69.420s][info][gc,heap        ] GC(347) ParOldGen: 5340K(349696K)->5572K(349696K)
[69.420s][info][gc,metaspace   ] GC(347) Metaspace: 9877K(10240K)->9877K(10240K) NonClass: 8574K(8768K)->8574K(8768K) Class: 1302K(1472K)->1302K(1472K)
[69.420s][info][gc             ] GC(347) Pause Young (Allocation Failure) 46M->6M(384M) 1.132ms
[69.420s][info][gc,cpu         ] GC(347) User=0.00s Sys=0.00s Real=0.00s
[69.596s][info][gc,start       ] GC(348) Pause Young (Allocation Failure)
[69.597s][info][gc,heap        ] GC(348) PSYoungGen: 42624K(43520K)->864K(43520K) Eden: 41984K(41984K)->0K(41984K) From: 640K(1536K)->864K(1536K)
[69.597s][info][gc,heap        ] GC(348) ParOldGen: 5572K(349696K)->5572K(349696K)
[69.597s][info][gc,metaspace   ] GC(348) Metaspace: 9877K(10240K)->9877K(10240K) NonClass: 8574K(8768K)->8574K(8768K) Class: 1302K(1472K)->1302K(1472K)
[69.597s][info][gc             ] GC(348) Pause Young (Allocation Failure) 47M->6M(384M) 0.979ms
[69.597s][info][gc,cpu         ] GC(348) User=0.00s Sys=0.00s Real=0.00s
[69.768s][info][gc,start       ] GC(349) Pause Young (Allocation Failure)
[69.769s][info][gc,heap        ] GC(349) PSYoungGen: 42848K(43520K)->608K(43520K) Eden: 41984K(41984K)->0K(41984K) From: 864K(1536K)->608K(1536K)
[69.769s][info][gc,heap        ] GC(349) ParOldGen: 5572K(349696K)->5788K(349696K)
[69.769s][info][gc,metaspace   ] GC(349) Metaspace: 9877K(10240K)->9877K(10240K) NonClass: 8574K(8768K)->8574K(8768K) Class: 1302K(1472K)->1302K(1472K)
[69.769s][info][gc             ] GC(349) Pause Young (Allocation Failure) 47M->6M(384M) 1.017ms
[69.769s][info][gc,cpu         ] GC(349) User=0.00s Sys=0.02s Real=0.02s
[69.938s][info][gc,start       ] GC(350) Pause Young (Allocation Failure)
[69.939s][info][gc,heap        ] GC(350) PSYoungGen: 42592K(43520K)->768K(43520K) Eden: 41984K(41984K)->0K(41984K) From: 608K(1536K)->768K(1536K)
[69.939s][info][gc,heap        ] GC(350) ParOldGen: 5788K(349696K)->5820K(349696K)
[69.939s][info][gc,metaspace   ] GC(350) Metaspace: 9877K(10240K)->9877K(10240K) NonClass: 8574K(8768K)->8574K(8768K) Class: 1302K(1472K)->1302K(1472K)
[69.939s][info][gc             ] GC(350) Pause Young (Allocation Failure) 47M->6M(384M) 1.024ms
[69.939s][info][gc,cpu         ] GC(350) User=0.00s Sys=0.00s Real=0.00s
[70.107s][info][gc,start       ] GC(351) Pause Young (Allocation Failure)
[70.107s][info][gc,heap        ] GC(351) PSYoungGen: 42752K(43520K)->608K(43520K) Eden: 41984K(41984K)->0K(41984K) From: 768K(1536K)->608K(1536K)
[70.107s][info][gc,heap        ] GC(351) ParOldGen: 5820K(349696K)->6060K(349696K)
[70.108s][info][gc,metaspace   ] GC(351) Metaspace: 9877K(10240K)->9877K(10240K) NonClass: 8574K(8768K)->8574K(8768K) Class: 1302K(1472K)->1302K(1472K)
[70.108s][info][gc             ] GC(351) Pause Young (Allocation Failure) 47M->6M(384M) 1.031ms
[70.108s][info][gc,cpu         ] GC(351) User=0.00s Sys=0.00s Real=0.00s
[70.277s][info][gc,start       ] GC(352) Pause Young (Allocation Failure)
[70.278s][info][gc,heap        ] GC(352) PSYoungGen: 42592K(43520K)->896K(43520K) Eden: 41984K(41984K)->0K(41984K) From: 608K(1536K)->896K(1536K)
[70.278s][info][gc,heap        ] GC(352) ParOldGen: 6060K(349696K)->6060K(349696K)
[70.278s][info][gc,metaspace   ] GC(352) Metaspace: 9877K(10240K)->9877K(10240K) NonClass: 8574K(8768K)->8574K(8768K) Class: 1302K(1472K)->1302K(1472K)
[70.278s][info][gc             ] GC(352) Pause Young (Allocation Failure) 47M->6M(384M) 0.965ms
[70.278s][info][gc,cpu         ] GC(352) User=0.00s Sys=0.00s Real=0.00s
[70.448s][info][gc,start       ] GC(353) Pause Young (Allocation Failure)
[70.449s][info][gc,heap        ] GC(353) PSYoungGen: 42880K(43520K)->736K(43520K) Eden: 41984K(41984K)->0K(41984K) From: 896K(1536K)->736K(1536K)
[70.449s][info][gc,heap        ] GC(353) ParOldGen: 6060K(349696K)->6308K(349696K)
[70.449s][info][gc,metaspace   ] GC(353) Metaspace: 9877K(10240K)->9877K(10240K) NonClass: 8574K(8768K)->8574K(8768K) Class: 1302K(1472K)->1302K(1472K)
[70.449s][info][gc             ] GC(353) Pause Young (Allocation Failure) 47M->6M(384M) 1.204ms
[70.449s][info][gc,cpu         ] GC(353) User=0.00s Sys=0.00s Real=0.00s
[70.614s][info][gc,start       ] GC(354) Pause Young (Allocation Failure)
[70.615s][info][gc,heap        ] GC(354) PSYoungGen: 42720K(43520K)->704K(43520K) Eden: 41984K(41984K)->0K(41984K) From: 736K(1536K)->704K(1536K)
[70.615s][info][gc,heap        ] GC(354) ParOldGen: 6308K(349696K)->6516K(349696K)
[70.615s][info][gc,metaspace   ] GC(354) Metaspace: 9877K(10240K)->9877K(10240K) NonClass: 8574K(8768K)->8574K(8768K) Class: 1302K(1472K)->1302K(1472K)
[70.615s][info][gc             ] GC(354) Pause Young (Allocation Failure) 47M->7M(384M) 1.041ms
[70.615s][info][gc,cpu         ] GC(354) User=0.00s Sys=0.00s Real=0.00s
[70.783s][info][gc,start       ] GC(355) Pause Young (Allocation Failure)
[70.784s][info][gc,heap        ] GC(355) PSYoungGen: 42688K(43520K)->608K(43520K) Eden: 41984K(41984K)->0K(41984K) From: 704K(1536K)->608K(1536K)
[70.784s][info][gc,heap        ] GC(355) ParOldGen: 6516K(349696K)->6748K(349696K)
[70.784s][info][gc,metaspace   ] GC(355) Metaspace: 9877K(10240K)->9877K(10240K) NonClass: 8574K(8768K)->8574K(8768K) Class: 1302K(1472K)->1302K(1472K)
[70.784s][info][gc             ] GC(355) Pause Young (Allocation Failure) 48M->7M(384M) 0.960ms
[70.784s][info][gc,cpu         ] GC(355) User=0.00s Sys=0.00s Real=0.00s
[70.951s][info][gc,start       ] GC(356) Pause Young (Allocation Failure)
[70.951s][info][gc,heap        ] GC(356) PSYoungGen: 42592K(43520K)->608K(43520K) Eden: 41984K(41984K)->0K(41984K) From: 608K(1536K)->608K(1536K)
[70.951s][info][gc,heap        ] GC(356) ParOldGen: 6748K(349696K)->6748K(349696K)
[70.951s][info][gc,metaspace   ] GC(356) Metaspace: 9877K(10240K)->9877K(10240K) NonClass: 8574K(8768K)->8574K(8768K) Class: 1302K(1472K)->1302K(1472K)
[70.951s][info][gc             ] GC(356) Pause Young (Allocation Failure) 48M->7M(384M) 0.871ms
[70.951s][info][gc,cpu         ] GC(356) User=0.00s Sys=0.00s Real=0.00s
[71.118s][info][gc,start       ] GC(357) Pause Young (Allocation Failure)
[71.119s][info][gc,heap        ] GC(357) PSYoungGen: 42592K(43520K)->576K(43520K) Eden: 41984K(41984K)->0K(41984K) From: 608K(1536K)->576K(1536K)
[71.119s][info][gc,heap        ] GC(357) ParOldGen: 6748K(349696K)->6748K(349696K)
[71.119s][info][gc,metaspace   ] GC(357) Metaspace: 9877K(10240K)->9877K(10240K) NonClass: 8574K(8768K)->8574K(8768K) Class: 1302K(1472K)->1302K(1472K)
[71.119s][info][gc             ] GC(357) Pause Young (Allocation Failure) 48M->7M(384M) 0.956ms
[71.119s][info][gc,cpu         ] GC(357) User=0.00s Sys=0.00s Real=0.00s
[71.281s][info][gc,start       ] GC(358) Pause Young (Allocation Failure)
[71.282s][info][gc,heap        ] GC(358) PSYoungGen: 42560K(43520K)->768K(43520K) Eden: 41984K(41984K)->0K(41984K) From: 576K(1536K)->768K(1536K)
[71.282s][info][gc,heap        ] GC(358) ParOldGen: 6748K(349696K)->6748K(349696K)
[71.282s][info][gc,metaspace   ] GC(358) Metaspace: 9877K(10240K)->9877K(10240K) NonClass: 8574K(8768K)->8574K(8768K) Class: 1302K(1472K)->1302K(1472K)
[71.282s][info][gc             ] GC(358) Pause Young (Allocation Failure) 48M->7M(384M) 0.930ms
[71.282s][info][gc,cpu         ] GC(358) User=0.00s Sys=0.00s Real=0.00s
[71.449s][info][gc,start       ] GC(359) Pause Young (Allocation Failure)
[71.450s][info][gc,heap        ] GC(359) PSYoungGen: 42752K(43520K)->608K(43520K) Eden: 41984K(41984K)->0K(41984K) From: 768K(1536K)->608K(1536K)
[71.450s][info][gc,heap        ] GC(359) ParOldGen: 6748K(349696K)->6988K(349696K)
[71.450s][info][gc,metaspace   ] GC(359) Metaspace: 9877K(10240K)->9877K(10240K) NonClass: 8574K(8768K)->8574K(8768K) Class: 1302K(1472K)->1302K(1472K)
[71.450s][info][gc             ] GC(359) Pause Young (Allocation Failure) 48M->7M(384M) 1.021ms
[71.450s][info][gc,cpu         ] GC(359) User=0.00s Sys=0.00s Real=0.00s
[71.614s][info][gc,start       ] GC(360) Pause Young (Allocation Failure)
[71.615s][info][gc,heap        ] GC(360) PSYoungGen: 42592K(43520K)->608K(43008K) Eden: 41984K(41984K)->0K(41984K) From: 608K(1536K)->608K(1024K)
[71.615s][info][gc,heap        ] GC(360) ParOldGen: 6988K(349696K)->6988K(349696K)
[71.615s][info][gc,metaspace   ] GC(360) Metaspace: 9877K(10240K)->9877K(10240K) NonClass: 8574K(8768K)->8574K(8768K) Class: 1302K(1472K)->1302K(1472K)
[71.615s][info][gc             ] GC(360) Pause Young (Allocation Failure) 48M->7M(383M) 1.034ms
[71.615s][info][gc,cpu         ] GC(360) User=0.00s Sys=0.00s Real=0.00s
[71.783s][info][gc,start       ] GC(361) Pause Young (Allocation Failure)
[71.784s][info][gc,heap        ] GC(361) PSYoungGen: 42591K(43008K)->576K(43008K) Eden: 41983K(41984K)->0K(41984K) From: 608K(1024K)->576K(1024K)
[71.784s][info][gc,heap        ] GC(361) ParOldGen: 6988K(349696K)->6988K(349696K)
[71.784s][info][gc,metaspace   ] GC(361) Metaspace: 9877K(10240K)->9877K(10240K) NonClass: 8574K(8768K)->8574K(8768K) Class: 1302K(1472K)->1302K(1472K)
[71.784s][info][gc             ] GC(361) Pause Young (Allocation Failure) 48M->7M(383M) 1.016ms
[71.784s][info][gc,cpu         ] GC(361) User=0.00s Sys=0.00s Real=0.00s
[71.954s][info][gc,start       ] GC(362) Pause Young (Allocation Failure)
[71.955s][info][gc,heap        ] GC(362) PSYoungGen: 42560K(43008K)->512K(42496K) Eden: 41984K(41984K)->0K(41984K) From: 576K(1024K)->512K(512K)
[71.955s][info][gc,heap        ] GC(362) ParOldGen: 6988K(349696K)->7036K(349696K)
[71.955s][info][gc,metaspace   ] GC(362) Metaspace: 9877K(10240K)->9877K(10240K) NonClass: 8574K(8768K)->8574K(8768K) Class: 1302K(1472K)->1302K(1472K)
[71.955s][info][gc             ] GC(362) Pause Young (Allocation Failure) 48M->7M(383M) 0.878ms
[71.955s][info][gc,cpu         ] GC(362) User=0.00s Sys=0.00s Real=0.00s
[72.119s][info][gc,start       ] GC(363) Pause Young (Allocation Failure)
[72.119s][info][gc,heap        ] GC(363) PSYoungGen: 42496K(42496K)->576K(43008K) Eden: 41984K(41984K)->0K(41984K) From: 512K(512K)->576K(1024K)
[72.120s][info][gc,heap        ] GC(363) ParOldGen: 7036K(349696K)->7092K(349696K)
[72.120s][info][gc,metaspace   ] GC(363) Metaspace: 9877K(10240K)->9877K(10240K) NonClass: 8574K(8768K)->8574K(8768K) Class: 1302K(1472K)->1302K(1472K)
[72.120s][info][gc             ] GC(363) Pause Young (Allocation Failure) 48M->7M(383M) 0.913ms
[72.120s][info][gc,cpu         ] GC(363) User=0.00s Sys=0.00s Real=0.00s
[72.293s][info][gc,start       ] GC(364) Pause Young (Allocation Failure)
[72.294s][info][gc,heap        ] GC(364) PSYoungGen: 42560K(43008K)->576K(43008K) Eden: 41984K(41984K)->0K(41984K) From: 576K(1024K)->576K(1024K)
[72.294s][info][gc,heap        ] GC(364) ParOldGen: 7092K(349696K)->7092K(349696K)
[72.294s][info][gc,metaspace   ] GC(364) Metaspace: 9877K(10240K)->9877K(10240K) NonClass: 8574K(8768K)->8574K(8768K) Class: 1302K(1472K)->1302K(1472K)
[72.294s][info][gc             ] GC(364) Pause Young (Allocation Failure) 48M->7M(383M) 0.871ms
[72.294s][info][gc,cpu         ] GC(364) User=0.00s Sys=0.00s Real=0.00s
[72.465s][info][gc,start       ] GC(365) Pause Young (Allocation Failure)
[72.466s][info][gc,heap        ] GC(365) PSYoungGen: 42560K(43008K)->576K(43008K) Eden: 41984K(41984K)->0K(41984K) From: 576K(1024K)->576K(1024K)
[72.466s][info][gc,heap        ] GC(365) ParOldGen: 7092K(349696K)->7092K(349696K)
[72.466s][info][gc,metaspace   ] GC(365) Metaspace: 9877K(10240K)->9877K(10240K) NonClass: 8574K(8768K)->8574K(8768K) Class: 1302K(1472K)->1302K(1472K)
[72.466s][info][gc             ] GC(365) Pause Young (Allocation Failure) 48M->7M(383M) 0.857ms
[72.466s][info][gc,cpu         ] GC(365) User=0.00s Sys=0.00s Real=0.00s
[72.635s][info][gc,start       ] GC(366) Pause Young (Allocation Failure)
[72.636s][info][gc,heap        ] GC(366) PSYoungGen: 42560K(43008K)->576K(43008K) Eden: 41984K(41984K)->0K(41984K) From: 576K(1024K)->576K(1024K)
[72.636s][info][gc,heap        ] GC(366) ParOldGen: 7092K(349696K)->7092K(349696K)
[72.636s][info][gc,metaspace   ] GC(366) Metaspace: 9877K(10240K)->9877K(10240K) NonClass: 8574K(8768K)->8574K(8768K) Class: 1302K(1472K)->1302K(1472K)
[72.636s][info][gc             ] GC(366) Pause Young (Allocation Failure) 48M->7M(383M) 0.971ms
[72.636s][info][gc,cpu         ] GC(366) User=0.00s Sys=0.00s Real=0.00s
[72.805s][info][gc,start       ] GC(367) Pause Young (Allocation Failure)
[72.806s][info][gc,heap        ] GC(367) PSYoungGen: 42560K(43008K)->832K(43008K) Eden: 41984K(41984K)->0K(41984K) From: 576K(1024K)->832K(1024K)
[72.806s][info][gc,heap        ] GC(367) ParOldGen: 7092K(349696K)->7100K(349696K)
[72.806s][info][gc,metaspace   ] GC(367) Metaspace: 9877K(10240K)->9877K(10240K) NonClass: 8574K(8768K)->8574K(8768K) Class: 1302K(1472K)->1302K(1472K)
[72.806s][info][gc             ] GC(367) Pause Young (Allocation Failure) 48M->7M(383M) 0.996ms
[72.806s][info][gc,cpu         ] GC(367) User=0.00s Sys=0.00s Real=0.00s
[72.983s][info][gc,start       ] GC(368) Pause Young (Allocation Failure)
[72.984s][info][gc,heap        ] GC(368) PSYoungGen: 42816K(43008K)->704K(43008K) Eden: 41984K(41984K)->0K(41984K) From: 832K(1024K)->704K(1024K)
[72.984s][info][gc,heap        ] GC(368) ParOldGen: 7100K(349696K)->7340K(349696K)
[72.984s][info][gc,metaspace   ] GC(368) Metaspace: 9877K(10240K)->9877K(10240K) NonClass: 8574K(8768K)->8574K(8768K) Class: 1302K(1472K)->1302K(1472K)
[72.984s][info][gc             ] GC(368) Pause Young (Allocation Failure) 48M->7M(383M) 1.054ms
[72.984s][info][gc,cpu         ] GC(368) User=0.14s Sys=0.00s Real=0.02s
[73.149s][info][gc,start       ] GC(369) Pause Young (Allocation Failure)
[73.150s][info][gc,heap        ] GC(369) PSYoungGen: 42688K(43008K)->800K(43008K) Eden: 41984K(41984K)->0K(41984K) From: 704K(1024K)->800K(1024K)
[73.150s][info][gc,heap        ] GC(369) ParOldGen: 7340K(349696K)->7412K(349696K)
[73.150s][info][gc,metaspace   ] GC(369) Metaspace: 9877K(10240K)->9877K(10240K) NonClass: 8574K(8768K)->8574K(8768K) Class: 1302K(1472K)->1302K(1472K)
[73.150s][info][gc             ] GC(369) Pause Young (Allocation Failure) 48M->8M(383M) 0.991ms
[73.150s][info][gc,cpu         ] GC(369) User=0.00s Sys=0.00s Real=0.00s
[73.316s][info][gc,start       ] GC(370) Pause Young (Allocation Failure)
[73.317s][info][gc,heap        ] GC(370) PSYoungGen: 42784K(43008K)->608K(43008K) Eden: 41984K(41984K)->0K(41984K) From: 800K(1024K)->608K(1024K)
[73.317s][info][gc,heap        ] GC(370) ParOldGen: 7412K(349696K)->7564K(349696K)
[73.317s][info][gc,metaspace   ] GC(370) Metaspace: 9877K(10240K)->9877K(10240K) NonClass: 8574K(8768K)->8574K(8768K) Class: 1302K(1472K)->1302K(1472K)
[73.317s][info][gc             ] GC(370) Pause Young (Allocation Failure) 49M->7M(383M) 0.925ms
[73.317s][info][gc,cpu         ] GC(370) User=0.00s Sys=0.00s Real=0.00s
[73.491s][info][gc,start       ] GC(371) Pause Young (Allocation Failure)
[73.492s][info][gc,heap        ] GC(371) PSYoungGen: 42592K(43008K)->576K(43008K) Eden: 41984K(41984K)->0K(41984K) From: 608K(1024K)->576K(1024K)
[73.492s][info][gc,heap        ] GC(371) ParOldGen: 7564K(349696K)->7564K(349696K)
[73.492s][info][gc,metaspace   ] GC(371) Metaspace: 9877K(10240K)->9877K(10240K) NonClass: 8574K(8768K)->8574K(8768K) Class: 1302K(1472K)->1302K(1472K)
[73.492s][info][gc             ] GC(371) Pause Young (Allocation Failure) 48M->7M(383M) 0.914ms
[73.492s][info][gc,cpu         ] GC(371) User=0.02s Sys=0.00s Real=0.02s
[73.654s][info][gc,start       ] GC(372) Pause Young (Allocation Failure)
[73.655s][info][gc,heap        ] GC(372) PSYoungGen: 42560K(43008K)->640K(43008K) Eden: 41984K(41984K)->0K(41984K) From: 576K(1024K)->640K(1024K)
[73.655s][info][gc,heap        ] GC(372) ParOldGen: 7564K(349696K)->7564K(349696K)
[73.655s][info][gc,metaspace   ] GC(372) Metaspace: 9877K(10240K)->9877K(10240K) NonClass: 8574K(8768K)->8574K(8768K) Class: 1302K(1472K)->1302K(1472K)
[73.655s][info][gc             ] GC(372) Pause Young (Allocation Failure) 48M->8M(383M) 0.911ms
[73.655s][info][gc,cpu         ] GC(372) User=0.00s Sys=0.00s Real=0.00s
[73.825s][info][gc,start       ] GC(373) Pause Young (Allocation Failure)
[73.825s][info][gc,heap        ] GC(373) PSYoungGen: 42624K(43008K)->576K(43008K) Eden: 41984K(41984K)->0K(41984K) From: 640K(1024K)->576K(1024K)
[73.825s][info][gc,heap        ] GC(373) ParOldGen: 7564K(349696K)->7564K(349696K)
[73.825s][info][gc,metaspace   ] GC(373) Metaspace: 9877K(10240K)->9877K(10240K) NonClass: 8574K(8768K)->8574K(8768K) Class: 1302K(1472K)->1302K(1472K)
[73.825s][info][gc             ] GC(373) Pause Young (Allocation Failure) 49M->7M(383M) 0.933ms
[73.825s][info][gc,cpu         ] GC(373) User=0.00s Sys=0.00s Real=0.00s
[73.997s][info][gc,start       ] GC(374) Pause Young (Allocation Failure)
[73.998s][info][gc,heap        ] GC(374) PSYoungGen: 42560K(43008K)->576K(43008K) Eden: 41984K(41984K)->0K(41984K) From: 576K(1024K)->576K(1024K)
[73.998s][info][gc,heap        ] GC(374) ParOldGen: 7564K(349696K)->7564K(349696K)
[73.998s][info][gc,metaspace   ] GC(374) Metaspace: 9877K(10240K)->9877K(10240K) NonClass: 8574K(8768K)->8574K(8768K) Class: 1302K(1472K)->1302K(1472K)
[73.998s][info][gc             ] GC(374) Pause Young (Allocation Failure) 48M->7M(383M) 0.848ms
[73.998s][info][gc,cpu         ] GC(374) User=0.00s Sys=0.00s Real=0.00s
[74.169s][info][gc,start       ] GC(375) Pause Young (Allocation Failure)
[74.170s][info][gc,heap        ] GC(375) PSYoungGen: 42560K(43008K)->576K(43008K) Eden: 41984K(41984K)->0K(41984K) From: 576K(1024K)->576K(1024K)
[74.170s][info][gc,heap        ] GC(375) ParOldGen: 7564K(349696K)->7564K(349696K)
[74.170s][info][gc,metaspace   ] GC(375) Metaspace: 9877K(10240K)->9877K(10240K) NonClass: 8574K(8768K)->8574K(8768K) Class: 1302K(1472K)->1302K(1472K)
[74.170s][info][gc             ] GC(375) Pause Young (Allocation Failure) 48M->7M(383M) 0.836ms
[74.170s][info][gc,cpu         ] GC(375) User=0.00s Sys=0.00s Real=0.00s
[74.337s][info][gc,start       ] GC(376) Pause Young (Allocation Failure)
[74.338s][info][gc,heap        ] GC(376) PSYoungGen: 42560K(43008K)->608K(43008K) Eden: 41984K(41984K)->0K(41984K) From: 576K(1024K)->608K(1024K)
[74.338s][info][gc,heap        ] GC(376) ParOldGen: 7564K(349696K)->7564K(349696K)
[74.338s][info][gc,metaspace   ] GC(376) Metaspace: 9877K(10240K)->9877K(10240K) NonClass: 8574K(8768K)->8574K(8768K) Class: 1302K(1472K)->1302K(1472K)
[74.338s][info][gc             ] GC(376) Pause Young (Allocation Failure) 48M->7M(383M) 0.883ms
[74.338s][info][gc,cpu         ] GC(376) User=0.00s Sys=0.00s Real=0.00s
[74.508s][info][gc,start       ] GC(377) Pause Young (Allocation Failure)
[74.508s][info][gc,heap        ] GC(377) PSYoungGen: 42592K(43008K)->544K(43008K) Eden: 41984K(41984K)->0K(41984K) From: 608K(1024K)->544K(1024K)
[74.508s][info][gc,heap        ] GC(377) ParOldGen: 7564K(349696K)->7564K(349696K)
[74.508s][info][gc,metaspace   ] GC(377) Metaspace: 9877K(10240K)->9877K(10240K) NonClass: 8574K(8768K)->8574K(8768K) Class: 1302K(1472K)->1302K(1472K)
[74.508s][info][gc             ] GC(377) Pause Young (Allocation Failure) 48M->7M(383M) 0.827ms
[74.508s][info][gc,cpu         ] GC(377) User=0.00s Sys=0.00s Real=0.00s
[74.677s][info][gc,start       ] GC(378) Pause Young (Allocation Failure)
[74.685s][info][gc,heap        ] GC(378) PSYoungGen: 42528K(43008K)->544K(43008K) Eden: 41984K(41984K)->0K(41984K) From: 544K(1024K)->544K(1024K)
[74.685s][info][gc,heap        ] GC(378) ParOldGen: 7564K(349696K)->7564K(349696K)
[74.685s][info][gc,metaspace   ] GC(378) Metaspace: 9877K(10240K)->9877K(10240K) NonClass: 8574K(8768K)->8574K(8768K) Class: 1302K(1472K)->1302K(1472K)
[74.685s][info][gc             ] GC(378) Pause Young (Allocation Failure) 48M->7M(383M) 7.620ms
[74.685s][info][gc,cpu         ] GC(378) User=0.00s Sys=0.00s Real=0.02s
[74.857s][info][gc,start       ] GC(379) Pause Young (Allocation Failure)
[74.858s][info][gc,heap        ] GC(379) PSYoungGen: 42528K(43008K)->800K(43008K) Eden: 41984K(41984K)->0K(41984K) From: 544K(1024K)->800K(1024K)
[74.858s][info][gc,heap        ] GC(379) ParOldGen: 7564K(349696K)->7588K(349696K)
[74.858s][info][gc,metaspace   ] GC(379) Metaspace: 9877K(10240K)->9877K(10240K) NonClass: 8574K(8768K)->8574K(8768K) Class: 1302K(1472K)->1302K(1472K)
[74.859s][info][gc             ] GC(379) Pause Young (Allocation Failure) 48M->8M(383M) 1.119ms
[74.859s][info][gc,cpu         ] GC(379) User=0.00s Sys=0.00s Real=0.00s
[75.032s][info][gc,start       ] GC(380) Pause Young (Allocation Failure)
[75.033s][info][gc,heap        ] GC(380) PSYoungGen: 42784K(43008K)->736K(43008K) Eden: 41984K(41984K)->0K(41984K) From: 800K(1024K)->736K(1024K)
[75.033s][info][gc,heap        ] GC(380) ParOldGen: 7588K(349696K)->7796K(349696K)
[75.033s][info][gc,metaspace   ] GC(380) Metaspace: 9877K(10240K)->9877K(10240K) NonClass: 8574K(8768K)->8574K(8768K) Class: 1302K(1472K)->1302K(1472K)
[75.033s][info][gc             ] GC(380) Pause Young (Allocation Failure) 49M->8M(383M) 1.013ms
[75.033s][info][gc,cpu         ] GC(380) User=0.00s Sys=0.00s Real=0.00s
[75.065s][info][gc,start       ] GC(381) Pause Young (System.gc())
[75.065s][info][gc,heap        ] GC(381) PSYoungGen: 8252K(43008K)->544K(43008K) Eden: 7516K(41984K)->0K(41984K) From: 736K(1024K)->544K(1024K)
[75.066s][info][gc,heap        ] GC(381) ParOldGen: 7796K(349696K)->7876K(349696K)
[75.066s][info][gc,metaspace   ] GC(381) Metaspace: 9878K(10240K)->9878K(10240K) NonClass: 8576K(8768K)->8576K(8768K) Class: 1302K(1472K)->1302K(1472K)
[75.066s][info][gc             ] GC(381) Pause Young (System.gc()) 15M->8M(383M) 0.752ms
[75.066s][info][gc,cpu         ] GC(381) User=0.00s Sys=0.00s Real=0.00s
[75.066s][info][gc,start       ] GC(382) Pause Full (System.gc())
[75.066s][info][gc,phases,start] GC(382) Marking Phase
[75.080s][info][gc,phases      ] GC(382) Marking Phase 13.862ms
[75.080s][info][gc,phases,start] GC(382) Summary Phase
[75.080s][info][gc,phases      ] GC(382) Summary Phase 0.031ms
[75.080s][info][gc,phases,start] GC(382) Adjust Roots
[75.084s][info][gc,phases      ] GC(382) Adjust Roots 4.089ms
[75.084s][info][gc,phases,start] GC(382) Compaction Phase
[75.087s][info][gc,phases      ] GC(382) Compaction Phase 2.974ms
[75.087s][info][gc,phases,start] GC(382) Post Compact
[75.087s][info][gc,phases      ] GC(382) Post Compact 0.291ms
[75.087s][info][gc,heap        ] GC(382) PSYoungGen: 544K(43008K)->0K(43008K) Eden: 0K(41984K)->0K(41984K) From: 544K(1024K)->0K(1024K)
[75.087s][info][gc,heap        ] GC(382) ParOldGen: 7876K(349696K)->4076K(349696K)
[75.087s][info][gc,metaspace   ] GC(382) Metaspace: 9878K(10240K)->9878K(10240K) NonClass: 8576K(8768K)->8576K(8768K) Class: 1302K(1472K)->1302K(1472K)
[75.087s][info][gc             ] GC(382) Pause Full (System.gc()) 8M->3M(383M) 21.584ms
[75.087s][info][gc,cpu         ] GC(382) User=0.27s Sys=0.00s Real=0.03s
[75.265s][info][gc,start       ] GC(383) Pause Young (Allocation Failure)
[75.266s][info][gc,heap        ] GC(383) PSYoungGen: 41983K(43008K)->1024K(42496K) Eden: 41983K(41984K)->0K(41472K) From: 0K(1024K)->1024K(1024K)
[75.266s][info][gc,heap        ] GC(383) ParOldGen: 4076K(349696K)->4148K(349696K)
[75.266s][info][gc,metaspace   ] GC(383) Metaspace: 9893K(10304K)->9893K(10304K) NonClass: 8590K(8832K)->8590K(8832K) Class: 1302K(1472K)->1302K(1472K)
[75.266s][info][gc             ] GC(383) Pause Young (Allocation Failure) 44M->5M(383M) 1.198ms
[75.266s][info][gc,cpu         ] GC(383) User=0.00s Sys=0.00s Real=0.00s
[75.431s][info][gc,start       ] GC(384) Pause Young (Allocation Failure)
[75.433s][info][gc,heap        ] GC(384) PSYoungGen: 42496K(42496K)->832K(43008K) Eden: 41472K(41472K)->0K(41472K) From: 1024K(1024K)->832K(1536K)
[75.433s][info][gc,heap        ] GC(384) ParOldGen: 4148K(349696K)->4780K(349696K)
[75.433s][info][gc,metaspace   ] GC(384) Metaspace: 9893K(10304K)->9893K(10304K) NonClass: 8590K(8832K)->8590K(8832K) Class: 1302K(1472K)->1302K(1472K)
[75.433s][info][gc             ] GC(384) Pause Young (Allocation Failure) 45M->5M(383M) 1.533ms
[75.433s][info][gc,cpu         ] GC(384) User=0.00s Sys=0.00s Real=0.00s
[75.603s][info][gc,start       ] GC(385) Pause Young (Allocation Failure)
[75.604s][info][gc,heap        ] GC(385) PSYoungGen: 42304K(43008K)->800K(43008K) Eden: 41472K(41472K)->0K(41472K) From: 832K(1536K)->800K(1536K)
[75.604s][info][gc,heap        ] GC(385) ParOldGen: 4780K(349696K)->5012K(349696K)
[75.604s][info][gc,metaspace   ] GC(385) Metaspace: 9893K(10304K)->9893K(10304K) NonClass: 8590K(8832K)->8590K(8832K) Class: 1302K(1472K)->1302K(1472K)
[75.604s][info][gc             ] GC(385) Pause Young (Allocation Failure) 45M->5M(383M) 1.255ms
[75.604s][info][gc,cpu         ] GC(385) User=0.00s Sys=0.00s Real=0.00s
[75.775s][info][gc,start       ] GC(386) Pause Young (Allocation Failure)
[75.776s][info][gc,heap        ] GC(386) PSYoungGen: 42272K(43008K)->800K(43008K) Eden: 41472K(41472K)->0K(41472K) From: 800K(1536K)->800K(1536K)
[75.776s][info][gc,heap        ] GC(386) ParOldGen: 5012K(349696K)->5236K(349696K)
[75.776s][info][gc,metaspace   ] GC(386) Metaspace: 9893K(10304K)->9893K(10304K) NonClass: 8590K(8832K)->8590K(8832K) Class: 1302K(1472K)->1302K(1472K)
[75.776s][info][gc             ] GC(386) Pause Young (Allocation Failure) 46M->5M(383M) 1.056ms
[75.776s][info][gc,cpu         ] GC(386) User=0.00s Sys=0.00s Real=0.00s
[75.945s][info][gc,start       ] GC(387) Pause Young (Allocation Failure)
[75.946s][info][gc,heap        ] GC(387) PSYoungGen: 42272K(43008K)->640K(43008K) Eden: 41472K(41472K)->0K(41472K) From: 800K(1536K)->640K(1536K)
[75.946s][info][gc,heap        ] GC(387) ParOldGen: 5236K(349696K)->5468K(349696K)
[75.946s][info][gc,metaspace   ] GC(387) Metaspace: 9893K(10304K)->9893K(10304K) NonClass: 8590K(8832K)->8590K(8832K) Class: 1302K(1472K)->1302K(1472K)
[75.946s][info][gc             ] GC(387) Pause Young (Allocation Failure) 46M->5M(383M) 1.027ms
[75.946s][info][gc,cpu         ] GC(387) User=0.00s Sys=0.00s Real=0.00s
[76.112s][info][gc,start       ] GC(388) Pause Young (Allocation Failure)
[76.113s][info][gc,heap        ] GC(388) PSYoungGen: 42112K(43008K)->608K(42496K) Eden: 41472K(41472K)->0K(41472K) From: 640K(1536K)->608K(1024K)
[76.113s][info][gc,heap        ] GC(388) ParOldGen: 5468K(349696K)->5468K(349696K)
[76.113s][info][gc,metaspace   ] GC(388) Metaspace: 9893K(10304K)->9893K(10304K) NonClass: 8590K(8832K)->8590K(8832K) Class: 1302K(1472K)->1302K(1472K)
[76.113s][info][gc             ] GC(388) Pause Young (Allocation Failure) 46M->5M(383M) 1.055ms
[76.113s][info][gc,cpu         ] GC(388) User=0.00s Sys=0.00s Real=0.00s
[76.286s][info][gc,start       ] GC(389) Pause Young (Allocation Failure)
[76.287s][info][gc,heap        ] GC(389) PSYoungGen: 42080K(42496K)->800K(41984K) Eden: 41472K(41472K)->0K(40960K) From: 608K(1024K)->800K(1024K)
[76.288s][info][gc,heap        ] GC(389) ParOldGen: 5468K(349696K)->5636K(349696K)
[76.288s][info][gc,metaspace   ] GC(389) Metaspace: 9893K(10304K)->9893K(10304K) NonClass: 8590K(8832K)->8590K(8832K) Class: 1302K(1472K)->1302K(1472K)
[76.288s][info][gc             ] GC(389) Pause Young (Allocation Failure) 46M->6M(382M) 1.167ms
[76.288s][info][gc,cpu         ] GC(389) User=0.14s Sys=0.00s Real=0.02s
[76.461s][info][gc,start       ] GC(390) Pause Young (Allocation Failure)
[76.462s][info][gc,heap        ] GC(390) PSYoungGen: 41760K(41984K)->576K(41984K) Eden: 40960K(40960K)->0K(40960K) From: 800K(1024K)->576K(1024K)
[76.462s][info][gc,heap        ] GC(390) ParOldGen: 5636K(349696K)->5876K(349696K)
[76.462s][info][gc,metaspace   ] GC(390) Metaspace: 9893K(10304K)->9893K(10304K) NonClass: 8590K(8832K)->8590K(8832K) Class: 1302K(1472K)->1302K(1472K)
[76.462s][info][gc             ] GC(390) Pause Young (Allocation Failure) 46M->6M(382M) 1.217ms
[76.462s][info][gc,cpu         ] GC(390) User=0.00s Sys=0.00s Real=0.00s
[76.624s][info][gc,start       ] GC(391) Pause Young (Allocation Failure)
[76.624s][info][gc,heap        ] GC(391) PSYoungGen: 41536K(41984K)->608K(41984K) Eden: 40960K(40960K)->0K(40960K) From: 576K(1024K)->608K(1024K)
[76.624s][info][gc,heap        ] GC(391) ParOldGen: 5876K(349696K)->5876K(349696K)
[76.624s][info][gc,metaspace   ] GC(391) Metaspace: 9893K(10304K)->9893K(10304K) NonClass: 8590K(8832K)->8590K(8832K) Class: 1302K(1472K)->1302K(1472K)
[76.625s][info][gc             ] GC(391) Pause Young (Allocation Failure) 46M->6M(382M) 0.876ms
[76.625s][info][gc,cpu         ] GC(391) User=0.00s Sys=0.00s Real=0.00s
[76.799s][info][gc,start       ] GC(392) Pause Young (Allocation Failure)
[76.800s][info][gc,heap        ] GC(392) PSYoungGen: 41568K(41984K)->608K(41984K) Eden: 40960K(40960K)->0K(40960K) From: 608K(1024K)->608K(1024K)
[76.800s][info][gc,heap        ] GC(392) ParOldGen: 5876K(349696K)->5876K(349696K)
[76.800s][info][gc,metaspace   ] GC(392) Metaspace: 9893K(10304K)->9893K(10304K) NonClass: 8590K(8832K)->8590K(8832K) Class: 1302K(1472K)->1302K(1472K)
[76.800s][info][gc             ] GC(392) Pause Young (Allocation Failure) 46M->6M(382M) 0.872ms
[76.800s][info][gc,cpu         ] GC(392) User=0.00s Sys=0.00s Real=0.00s
[76.970s][info][gc,start       ] GC(393) Pause Young (Allocation Failure)
[76.971s][info][gc,heap        ] GC(393) PSYoungGen: 41568K(41984K)->832K(41984K) Eden: 40960K(40960K)->0K(40960K) From: 608K(1024K)->832K(1024K)
[76.971s][info][gc,heap        ] GC(393) ParOldGen: 5876K(349696K)->5908K(349696K)
[76.971s][info][gc,metaspace   ] GC(393) Metaspace: 9893K(10304K)->9893K(10304K) NonClass: 8590K(8832K)->8590K(8832K) Class: 1302K(1472K)->1302K(1472K)
[76.971s][info][gc             ] GC(393) Pause Young (Allocation Failure) 46M->6M(382M) 0.974ms
[76.971s][info][gc,cpu         ] GC(393) User=0.00s Sys=0.00s Real=0.00s
[77.138s][info][gc,start       ] GC(394) Pause Young (Allocation Failure)
[77.138s][info][gc,heap        ] GC(394) PSYoungGen: 41792K(41984K)->544K(41984K) Eden: 40960K(40960K)->0K(40960K) From: 832K(1024K)->544K(1024K)
[77.138s][info][gc,heap        ] GC(394) ParOldGen: 5908K(349696K)->6140K(349696K)
[77.138s][info][gc,metaspace   ] GC(394) Metaspace: 9893K(10304K)->9893K(10304K) NonClass: 8590K(8832K)->8590K(8832K) Class: 1302K(1472K)->1302K(1472K)
[77.139s][info][gc             ] GC(394) Pause Young (Allocation Failure) 46M->6M(382M) 1.005ms
[77.139s][info][gc,cpu         ] GC(394) User=0.00s Sys=0.00s Real=0.00s
[77.303s][info][gc,start       ] GC(395) Pause Young (Allocation Failure)
[77.303s][info][gc,heap        ] GC(395) PSYoungGen: 41503K(41984K)->800K(41984K) Eden: 40959K(40960K)->0K(40960K) From: 544K(1024K)->800K(1024K)
[77.303s][info][gc,heap        ] GC(395) ParOldGen: 6140K(349696K)->6140K(349696K)
[77.304s][info][gc,metaspace   ] GC(395) Metaspace: 9893K(10304K)->9893K(10304K) NonClass: 8590K(8832K)->8590K(8832K) Class: 1302K(1472K)->1302K(1472K)
[77.304s][info][gc             ] GC(395) Pause Young (Allocation Failure) 46M->6M(382M) 0.954ms
[77.304s][info][gc,cpu         ] GC(395) User=0.00s Sys=0.00s Real=0.00s
[77.470s][info][gc,start       ] GC(396) Pause Young (Allocation Failure)
[77.471s][info][gc,heap        ] GC(396) PSYoungGen: 41760K(41984K)->768K(41984K) Eden: 40960K(40960K)->0K(40960K) From: 800K(1024K)->768K(1024K)
[77.471s][info][gc,heap        ] GC(396) ParOldGen: 6140K(349696K)->6388K(349696K)
[77.471s][info][gc,metaspace   ] GC(396) Metaspace: 9893K(10304K)->9893K(10304K) NonClass: 8590K(8832K)->8590K(8832K) Class: 1302K(1472K)->1302K(1472K)
[77.471s][info][gc             ] GC(396) Pause Young (Allocation Failure) 46M->6M(382M) 1.052ms
[77.471s][info][gc,cpu         ] GC(396) User=0.00s Sys=0.00s Real=0.00s
[77.641s][info][gc,start       ] GC(397) Pause Young (Allocation Failure)
[77.642s][info][gc,heap        ] GC(397) PSYoungGen: 41728K(41984K)->544K(41984K) Eden: 40960K(40960K)->0K(40960K) From: 768K(1024K)->544K(1024K)
[77.642s][info][gc,heap        ] GC(397) ParOldGen: 6388K(349696K)->6564K(349696K)
[77.642s][info][gc,metaspace   ] GC(397) Metaspace: 9893K(10304K)->9893K(10304K) NonClass: 8590K(8832K)->8590K(8832K) Class: 1302K(1472K)->1302K(1472K)
[77.642s][info][gc             ] GC(397) Pause Young (Allocation Failure) 46M->6M(382M) 0.942ms
[77.642s][info][gc,cpu         ] GC(397) User=0.00s Sys=0.00s Real=0.00s
[77.809s][info][gc,start       ] GC(398) Pause Young (Allocation Failure)
[77.810s][info][gc,heap        ] GC(398) PSYoungGen: 41504K(41984K)->576K(41984K) Eden: 40960K(40960K)->0K(40960K) From: 544K(1024K)->576K(1024K)
[77.810s][info][gc,heap        ] GC(398) ParOldGen: 6564K(349696K)->6564K(349696K)
[77.810s][info][gc,metaspace   ] GC(398) Metaspace: 9893K(10304K)->9893K(10304K) NonClass: 8590K(8832K)->8590K(8832K) Class: 1302K(1472K)->1302K(1472K)
[77.810s][info][gc             ] GC(398) Pause Young (Allocation Failure) 46M->6M(382M) 0.875ms
[77.810s][info][gc,cpu         ] GC(398) User=0.00s Sys=0.00s Real=0.00s
[77.983s][info][gc,start       ] GC(399) Pause Young (Allocation Failure)
[77.984s][info][gc,heap        ] GC(399) PSYoungGen: 41535K(41984K)->608K(41984K) Eden: 40959K(40960K)->0K(40960K) From: 576K(1024K)->608K(1024K)
[77.984s][info][gc,heap        ] GC(399) ParOldGen: 6564K(349696K)->6564K(349696K)
[77.984s][info][gc,metaspace   ] GC(399) Metaspace: 9893K(10304K)->9893K(10304K) NonClass: 8590K(8832K)->8590K(8832K) Class: 1302K(1472K)->1302K(1472K)
[77.984s][info][gc             ] GC(399) Pause Young (Allocation Failure) 46M->7M(382M) 0.873ms
[77.984s][info][gc,cpu         ] GC(399) User=0.00s Sys=0.00s Real=0.00s
[78.154s][info][gc,start       ] GC(400) Pause Young (Allocation Failure)
[78.155s][info][gc,heap        ] GC(400) PSYoungGen: 41568K(41984K)->608K(41984K) Eden: 40960K(40960K)->0K(40960K) From: 608K(1024K)->608K(1024K)
[78.155s][info][gc,heap        ] GC(400) ParOldGen: 6564K(349696K)->6564K(349696K)
[78.155s][info][gc,metaspace   ] GC(400) Metaspace: 9893K(10304K)->9893K(10304K) NonClass: 8590K(8832K)->8590K(8832K) Class: 1302K(1472K)->1302K(1472K)
[78.155s][info][gc             ] GC(400) Pause Young (Allocation Failure) 47M->7M(382M) 0.864ms
[78.155s][info][gc,cpu         ] GC(400) User=0.00s Sys=0.00s Real=0.00s
[78.325s][info][gc,start       ] GC(401) Pause Young (Allocation Failure)
[78.326s][info][gc,heap        ] GC(401) PSYoungGen: 41568K(41984K)->800K(41984K) Eden: 40960K(40960K)->0K(40960K) From: 608K(1024K)->800K(1024K)
[78.326s][info][gc,heap        ] GC(401) ParOldGen: 6564K(349696K)->6564K(349696K)
[78.326s][info][gc,metaspace   ] GC(401) Metaspace: 9893K(10304K)->9893K(10304K) NonClass: 8590K(8832K)->8590K(8832K) Class: 1302K(1472K)->1302K(1472K)
[78.326s][info][gc             ] GC(401) Pause Young (Allocation Failure) 47M->7M(382M) 0.949ms
[78.326s][info][gc,cpu         ] GC(401) User=0.00s Sys=0.00s Real=0.00s
[78.494s][info][gc,start       ] GC(402) Pause Young (Allocation Failure)
[78.495s][info][gc,heap        ] GC(402) PSYoungGen: 41760K(41984K)->608K(41984K) Eden: 40960K(40960K)->0K(40960K) From: 800K(1024K)->608K(1024K)
[78.495s][info][gc,heap        ] GC(402) ParOldGen: 6564K(349696K)->6804K(349696K)
[78.495s][info][gc,metaspace   ] GC(402) Metaspace: 9893K(10304K)->9893K(10304K) NonClass: 8590K(8832K)->8590K(8832K) Class: 1302K(1472K)->1302K(1472K)
[78.495s][info][gc             ] GC(402) Pause Young (Allocation Failure) 47M->7M(382M) 0.988ms
[78.495s][info][gc,cpu         ] GC(402) User=0.00s Sys=0.00s Real=0.00s
[78.655s][info][gc,start       ] GC(403) Pause Young (Allocation Failure)
[78.685s][info][gc,heap        ] GC(403) PSYoungGen: 41568K(41984K)->608K(41984K) Eden: 40960K(40960K)->0K(40960K) From: 608K(1024K)->608K(1024K)
[78.685s][info][gc,heap        ] GC(403) ParOldGen: 6804K(349696K)->6804K(349696K)
[78.685s][info][gc,metaspace   ] GC(403) Metaspace: 9893K(10304K)->9893K(10304K) NonClass: 8590K(8832K)->8590K(8832K) Class: 1302K(1472K)->1302K(1472K)
[78.685s][info][gc             ] GC(403) Pause Young (Allocation Failure) 47M->7M(382M) 29.413ms
[78.685s][info][gc,cpu         ] GC(403) User=0.00s Sys=0.00s Real=0.03s
[78.849s][info][gc,start       ] GC(404) Pause Young (Allocation Failure)
[78.850s][info][gc,heap        ] GC(404) PSYoungGen: 41568K(41984K)->576K(41984K) Eden: 40960K(40960K)->0K(40960K) From: 608K(1024K)->576K(1024K)
[78.850s][info][gc,heap        ] GC(404) ParOldGen: 6804K(349696K)->6804K(349696K)
[78.850s][info][gc,metaspace   ] GC(404) Metaspace: 9893K(10304K)->9893K(10304K) NonClass: 8590K(8832K)->8590K(8832K) Class: 1302K(1472K)->1302K(1472K)
[78.850s][info][gc             ] GC(404) Pause Young (Allocation Failure) 47M->7M(382M) 0.868ms
[78.850s][info][gc,cpu         ] GC(404) User=0.00s Sys=0.00s Real=0.00s
[79.024s][info][gc,start       ] GC(405) Pause Young (Allocation Failure)
[79.024s][info][gc,heap        ] GC(405) PSYoungGen: 41536K(41984K)->576K(41984K) Eden: 40960K(40960K)->0K(40960K) From: 576K(1024K)->576K(1024K)
[79.024s][info][gc,heap        ] GC(405) ParOldGen: 6804K(349696K)->6804K(349696K)
[79.025s][info][gc,metaspace   ] GC(405) Metaspace: 9893K(10304K)->9893K(10304K) NonClass: 8590K(8832K)->8590K(8832K) Class: 1302K(1472K)->1302K(1472K)
[79.025s][info][gc             ] GC(405) Pause Young (Allocation Failure) 47M->7M(382M) 0.847ms
[79.025s][info][gc,cpu         ] GC(405) User=0.00s Sys=0.00s Real=0.00s
[79.189s][info][gc,start       ] GC(406) Pause Young (Allocation Failure)
[79.190s][info][gc,heap        ] GC(406) PSYoungGen: 41536K(41984K)->608K(41984K) Eden: 40960K(40960K)->0K(40960K) From: 576K(1024K)->608K(1024K)
[79.190s][info][gc,heap        ] GC(406) ParOldGen: 6804K(349696K)->6804K(349696K)
[79.190s][info][gc,metaspace   ] GC(406) Metaspace: 9893K(10304K)->9893K(10304K) NonClass: 8590K(8832K)->8590K(8832K) Class: 1302K(1472K)->1302K(1472K)
[79.190s][info][gc             ] GC(406) Pause Young (Allocation Failure) 47M->7M(382M) 0.863ms
[79.190s][info][gc,cpu         ] GC(406) User=0.00s Sys=0.00s Real=0.00s
[79.354s][info][gc,start       ] GC(407) Pause Young (Allocation Failure)
[79.355s][info][gc,heap        ] GC(407) PSYoungGen: 41568K(41984K)->608K(41984K) Eden: 40960K(40960K)->0K(40960K) From: 608K(1024K)->608K(1024K)
[79.355s][info][gc,heap        ] GC(407) ParOldGen: 6804K(349696K)->6804K(349696K)
[79.355s][info][gc,metaspace   ] GC(407) Metaspace: 9893K(10304K)->9893K(10304K) NonClass: 8590K(8832K)->8590K(8832K) Class: 1302K(1472K)->1302K(1472K)
[79.355s][info][gc             ] GC(407) Pause Young (Allocation Failure) 47M->7M(382M) 0.849ms
[79.355s][info][gc,cpu         ] GC(407) User=0.00s Sys=0.00s Real=0.00s
[79.516s][info][gc,start       ] GC(408) Pause Young (Allocation Failure)
[79.517s][info][gc,heap        ] GC(408) PSYoungGen: 41568K(41984K)->640K(41984K) Eden: 40960K(40960K)->0K(40960K) From: 608K(1024K)->640K(1024K)
[79.517s][info][gc,heap        ] GC(408) ParOldGen: 6804K(349696K)->6804K(349696K)
[79.517s][info][gc,metaspace   ] GC(408) Metaspace: 9893K(10304K)->9893K(10304K) NonClass: 8590K(8832K)->8590K(8832K) Class: 1302K(1472K)->1302K(1472K)
[79.517s][info][gc             ] GC(408) Pause Young (Allocation Failure) 47M->7M(382M) 0.882ms
[79.517s][info][gc,cpu         ] GC(408) User=0.00s Sys=0.00s Real=0.00s
[79.672s][info][gc,start       ] GC(409) Pause Young (Allocation Failure)
[79.673s][info][gc,heap        ] GC(409) PSYoungGen: 41600K(41984K)->544K(41984K) Eden: 40960K(40960K)->0K(40960K) From: 640K(1024K)->544K(1024K)
[79.673s][info][gc,heap        ] GC(409) ParOldGen: 6804K(349696K)->6804K(349696K)
[79.673s][info][gc,metaspace   ] GC(409) Metaspace: 9893K(10304K)->9893K(10304K) NonClass: 8590K(8832K)->8590K(8832K) Class: 1302K(1472K)->1302K(1472K)
[79.673s][info][gc             ] GC(409) Pause Young (Allocation Failure) 47M->7M(382M) 0.874ms
[79.673s][info][gc,cpu         ] GC(409) User=0.00s Sys=0.00s Real=0.00s
[79.843s][info][gc,start       ] GC(410) Pause Young (Allocation Failure)
[79.843s][info][gc,heap        ] GC(410) PSYoungGen: 41504K(41984K)->640K(41984K) Eden: 40960K(40960K)->0K(40960K) From: 544K(1024K)->640K(1024K)
[79.843s][info][gc,heap        ] GC(410) ParOldGen: 6804K(349696K)->6804K(349696K)
[79.843s][info][gc,metaspace   ] GC(410) Metaspace: 9893K(10304K)->9893K(10304K) NonClass: 8590K(8832K)->8590K(8832K) Class: 1302K(1472K)->1302K(1472K)
[79.843s][info][gc             ] GC(410) Pause Young (Allocation Failure) 47M->7M(382M) 0.874ms
[79.844s][info][gc,cpu         ] GC(410) User=0.00s Sys=0.00s Real=0.00s
[80.004s][info][gc,start       ] GC(411) Pause Young (Allocation Failure)
[80.005s][info][gc,heap        ] GC(411) PSYoungGen: 41600K(41984K)->576K(41984K) Eden: 40960K(40960K)->0K(40960K) From: 640K(1024K)->576K(1024K)
[80.005s][info][gc,heap        ] GC(411) ParOldGen: 6804K(349696K)->6804K(349696K)
[80.005s][info][gc,metaspace   ] GC(411) Metaspace: 9893K(10304K)->9893K(10304K) NonClass: 8590K(8832K)->8590K(8832K) Class: 1302K(1472K)->1302K(1472K)
[80.005s][info][gc             ] GC(411) Pause Young (Allocation Failure) 47M->7M(382M) 0.858ms
[80.005s][info][gc,cpu         ] GC(411) User=0.00s Sys=0.00s Real=0.00s
[80.180s][info][gc,start       ] GC(412) Pause Young (Allocation Failure)
[80.181s][info][gc,heap        ] GC(412) PSYoungGen: 41536K(41984K)->544K(41984K) Eden: 40960K(40960K)->0K(40960K) From: 576K(1024K)->544K(1024K)
[80.181s][info][gc,heap        ] GC(412) ParOldGen: 6804K(349696K)->6804K(349696K)
[80.181s][info][gc,metaspace   ] GC(412) Metaspace: 9893K(10304K)->9893K(10304K) NonClass: 8590K(8832K)->8590K(8832K) Class: 1302K(1472K)->1302K(1472K)
[80.181s][info][gc             ] GC(412) Pause Young (Allocation Failure) 47M->7M(382M) 0.788ms
[80.181s][info][gc,cpu         ] GC(412) User=0.00s Sys=0.02s Real=0.02s
[80.357s][info][gc,start       ] GC(413) Pause Young (Allocation Failure)
[80.358s][info][gc,heap        ] GC(413) PSYoungGen: 41504K(41984K)->576K(41984K) Eden: 40960K(40960K)->0K(40960K) From: 544K(1024K)->576K(1024K)
[80.358s][info][gc,heap        ] GC(413) ParOldGen: 6804K(349696K)->6804K(349696K)
[80.358s][info][gc,metaspace   ] GC(413) Metaspace: 9893K(10304K)->9893K(10304K) NonClass: 8590K(8832K)->8590K(8832K) Class: 1302K(1472K)->1302K(1472K)
[80.358s][info][gc             ] GC(413) Pause Young (Allocation Failure) 47M->7M(382M) 0.854ms
[80.358s][info][gc,cpu         ] GC(413) User=0.00s Sys=0.00s Real=0.00s
[80.529s][info][gc,start       ] GC(414) Pause Young (Allocation Failure)
[80.530s][info][gc,heap        ] GC(414) PSYoungGen: 41536K(41984K)->576K(41984K) Eden: 40960K(40960K)->0K(40960K) From: 576K(1024K)->576K(1024K)
[80.530s][info][gc,heap        ] GC(414) ParOldGen: 6804K(349696K)->6804K(349696K)
[80.530s][info][gc,metaspace   ] GC(414) Metaspace: 9893K(10304K)->9893K(10304K) NonClass: 8590K(8832K)->8590K(8832K) Class: 1302K(1472K)->1302K(1472K)
[80.530s][info][gc             ] GC(414) Pause Young (Allocation Failure) 47M->7M(382M) 0.878ms
[80.530s][info][gc,cpu         ] GC(414) User=0.00s Sys=0.00s Real=0.00s
[80.695s][info][gc,start       ] GC(415) Pause Young (Allocation Failure)
[80.696s][info][gc,heap        ] GC(415) PSYoungGen: 41536K(41984K)->576K(41984K) Eden: 40960K(40960K)->0K(40960K) From: 576K(1024K)->576K(1024K)
[80.696s][info][gc,heap        ] GC(415) ParOldGen: 6804K(349696K)->6804K(349696K)
[80.696s][info][gc,metaspace   ] GC(415) Metaspace: 9893K(10304K)->9893K(10304K) NonClass: 8590K(8832K)->8590K(8832K) Class: 1302K(1472K)->1302K(1472K)
[80.696s][info][gc             ] GC(415) Pause Young (Allocation Failure) 47M->7M(382M) 0.826ms
[80.696s][info][gc,cpu         ] GC(415) User=0.00s Sys=0.00s Real=0.00s
[80.862s][info][gc,start       ] GC(416) Pause Young (Allocation Failure)
[80.862s][info][gc,heap        ] GC(416) PSYoungGen: 41536K(41984K)->576K(41984K) Eden: 40960K(40960K)->0K(40960K) From: 576K(1024K)->576K(1024K)
[80.862s][info][gc,heap        ] GC(416) ParOldGen: 6804K(349696K)->6804K(349696K)
[80.862s][info][gc,metaspace   ] GC(416) Metaspace: 9893K(10304K)->9893K(10304K) NonClass: 8590K(8832K)->8590K(8832K) Class: 1302K(1472K)->1302K(1472K)
[80.862s][info][gc             ] GC(416) Pause Young (Allocation Failure) 47M->7M(382M) 0.847ms
[80.862s][info][gc,cpu         ] GC(416) User=0.00s Sys=0.00s Real=0.00s
[81.030s][info][gc,start       ] GC(417) Pause Young (Allocation Failure)
[81.030s][info][gc,heap        ] GC(417) PSYoungGen: 41536K(41984K)->640K(41984K) Eden: 40960K(40960K)->0K(40960K) From: 576K(1024K)->640K(1024K)
[81.030s][info][gc,heap        ] GC(417) ParOldGen: 6804K(349696K)->6804K(349696K)
[81.030s][info][gc,metaspace   ] GC(417) Metaspace: 9893K(10304K)->9893K(10304K) NonClass: 8590K(8832K)->8590K(8832K) Class: 1302K(1472K)->1302K(1472K)
[81.031s][info][gc             ] GC(417) Pause Young (Allocation Failure) 47M->7M(382M) 0.914ms
[81.031s][info][gc,cpu         ] GC(417) User=0.00s Sys=0.00s Real=0.00s
[81.193s][info][gc,start       ] GC(418) Pause Young (Allocation Failure)
[81.194s][info][gc,heap        ] GC(418) PSYoungGen: 41600K(41984K)->608K(41984K) Eden: 40960K(40960K)->0K(40960K) From: 640K(1024K)->608K(1024K)
[81.194s][info][gc,heap        ] GC(418) ParOldGen: 6804K(349696K)->6804K(349696K)
[81.194s][info][gc,metaspace   ] GC(418) Metaspace: 9893K(10304K)->9893K(10304K) NonClass: 8590K(8832K)->8590K(8832K) Class: 1302K(1472K)->1302K(1472K)
[81.194s][info][gc             ] GC(418) Pause Young (Allocation Failure) 47M->7M(382M) 0.841ms
[81.194s][info][gc,cpu         ] GC(418) User=0.00s Sys=0.00s Real=0.00s
[81.355s][info][gc,start       ] GC(419) Pause Young (Allocation Failure)
[81.355s][info][gc,heap        ] GC(419) PSYoungGen: 41568K(41984K)->576K(41984K) Eden: 40960K(40960K)->0K(40960K) From: 608K(1024K)->576K(1024K)
[81.355s][info][gc,heap        ] GC(419) ParOldGen: 6804K(349696K)->6804K(349696K)
[81.355s][info][gc,metaspace   ] GC(419) Metaspace: 9893K(10304K)->9893K(10304K) NonClass: 8590K(8832K)->8590K(8832K) Class: 1302K(1472K)->1302K(1472K)
[81.355s][info][gc             ] GC(419) Pause Young (Allocation Failure) 47M->7M(382M) 0.853ms
[81.356s][info][gc,cpu         ] GC(419) User=0.00s Sys=0.00s Real=0.00s
[81.518s][info][gc,start       ] GC(420) Pause Young (Allocation Failure)
[81.519s][info][gc,heap        ] GC(420) PSYoungGen: 41536K(41984K)->576K(41984K) Eden: 40960K(40960K)->0K(40960K) From: 576K(1024K)->576K(1024K)
[81.519s][info][gc,heap        ] GC(420) ParOldGen: 6804K(349696K)->6804K(349696K)
[81.519s][info][gc,metaspace   ] GC(420) Metaspace: 9893K(10304K)->9893K(10304K) NonClass: 8590K(8832K)->8590K(8832K) Class: 1302K(1472K)->1302K(1472K)
[81.519s][info][gc             ] GC(420) Pause Young (Allocation Failure) 47M->7M(382M) 0.874ms
[81.519s][info][gc,cpu         ] GC(420) User=0.00s Sys=0.00s Real=0.00s
[81.682s][info][gc,start       ] GC(421) Pause Young (Allocation Failure)
[81.683s][info][gc,heap        ] GC(421) PSYoungGen: 41536K(41984K)->800K(41984K) Eden: 40960K(40960K)->0K(40960K) From: 576K(1024K)->800K(1024K)
[81.683s][info][gc,heap        ] GC(421) ParOldGen: 6804K(349696K)->6804K(349696K)
[81.683s][info][gc,metaspace   ] GC(421) Metaspace: 9893K(10304K)->9893K(10304K) NonClass: 8590K(8832K)->8590K(8832K) Class: 1302K(1472K)->1302K(1472K)
[81.683s][info][gc             ] GC(421) Pause Young (Allocation Failure) 47M->7M(382M) 1.014ms
[81.683s][info][gc,cpu         ] GC(421) User=0.00s Sys=0.00s Real=0.00s
[81.861s][info][gc,start       ] GC(422) Pause Young (Allocation Failure)
[81.879s][info][gc,heap        ] GC(422) PSYoungGen: 41760K(41984K)->800K(41984K) Eden: 40960K(40960K)->0K(40960K) From: 800K(1024K)->800K(1024K)
[81.879s][info][gc,heap        ] GC(422) ParOldGen: 6804K(349696K)->7028K(349696K)
[81.879s][info][gc,metaspace   ] GC(422) Metaspace: 9893K(10304K)->9893K(10304K) NonClass: 8590K(8832K)->8590K(8832K) Class: 1302K(1472K)->1302K(1472K)
[81.879s][info][gc             ] GC(422) Pause Young (Allocation Failure) 47M->7M(382M) 18.055ms
[81.879s][info][gc,cpu         ] GC(422) User=0.00s Sys=0.00s Real=0.02s
[81.918s][info][gc,start       ] GC(423) Pause Young (System.gc())
[81.919s][info][gc,heap        ] GC(423) PSYoungGen: 9633K(41984K)->544K(41984K) Eden: 8833K(40960K)->0K(40960K) From: 800K(1024K)->544K(1024K)
[81.919s][info][gc,heap        ] GC(423) ParOldGen: 7028K(349696K)->7244K(349696K)
[81.919s][info][gc,metaspace   ] GC(423) Metaspace: 9894K(10304K)->9894K(10304K) NonClass: 8592K(8832K)->8592K(8832K) Class: 1302K(1472K)->1302K(1472K)
[81.919s][info][gc             ] GC(423) Pause Young (System.gc()) 16M->7M(382M) 0.897ms
[81.919s][info][gc,cpu         ] GC(423) User=0.00s Sys=0.00s Real=0.00s
[81.919s][info][gc,start       ] GC(424) Pause Full (System.gc())
[81.919s][info][gc,phases,start] GC(424) Marking Phase
[81.933s][info][gc,phases      ] GC(424) Marking Phase 13.223ms
[81.933s][info][gc,phases,start] GC(424) Summary Phase
[81.933s][info][gc,phases      ] GC(424) Summary Phase 0.040ms
[81.933s][info][gc,phases,start] GC(424) Adjust Roots
[81.937s][info][gc,phases      ] GC(424) Adjust Roots 4.253ms
[81.937s][info][gc,phases,start] GC(424) Compaction Phase
[81.940s][info][gc,phases      ] GC(424) Compaction Phase 2.987ms
[81.940s][info][gc,phases,start] GC(424) Post Compact
[81.940s][info][gc,phases      ] GC(424) Post Compact 0.277ms
[81.940s][info][gc,heap        ] GC(424) PSYoungGen: 544K(41984K)->0K(41984K) Eden: 0K(40960K)->0K(40960K) From: 544K(1024K)->0K(1024K)
[81.940s][info][gc,heap        ] GC(424) ParOldGen: 7244K(349696K)->4076K(349696K)
[81.940s][info][gc,metaspace   ] GC(424) Metaspace: 9894K(10304K)->9894K(10304K) NonClass: 8592K(8832K)->8592K(8832K) Class: 1302K(1472K)->1302K(1472K)
[81.941s][info][gc             ] GC(424) Pause Full (System.gc()) 7M->3M(382M) 21.127ms
[81.941s][info][gc,cpu         ] GC(424) User=0.16s Sys=0.00s Real=0.03s
[82.109s][info][gc,start       ] GC(425) Pause Young (Allocation Failure)
[82.111s][info][gc,heap        ] GC(425) PSYoungGen: 40960K(41984K)->1024K(41984K) Eden: 40960K(40960K)->0K(40960K) From: 0K(1024K)->1024K(1024K)
[82.111s][info][gc,heap        ] GC(425) ParOldGen: 4076K(349696K)->4260K(349696K)
[82.111s][info][gc,metaspace   ] GC(425) Metaspace: 9896K(10304K)->9896K(10304K) NonClass: 8593K(8832K)->8593K(8832K) Class: 1302K(1472K)->1302K(1472K)
[82.111s][info][gc             ] GC(425) Pause Young (Allocation Failure) 43M->5M(382M) 1.381ms
[82.111s][info][gc,cpu         ] GC(425) User=0.00s Sys=0.00s Real=0.00s
[82.276s][info][gc,start       ] GC(426) Pause Young (Allocation Failure)
[82.278s][info][gc,heap        ] GC(426) PSYoungGen: 41984K(41984K)->1152K(42496K) Eden: 40960K(40960K)->0K(40960K) From: 1024K(1024K)->1152K(1536K)
[82.278s][info][gc,heap        ] GC(426) ParOldGen: 4260K(349696K)->4604K(349696K)
[82.278s][info][gc,metaspace   ] GC(426) Metaspace: 9896K(10304K)->9896K(10304K) NonClass: 8593K(8832K)->8593K(8832K) Class: 1302K(1472K)->1302K(1472K)
[82.278s][info][gc             ] GC(426) Pause Young (Allocation Failure) 45M->5M(383M) 1.422ms
[82.278s][info][gc,cpu         ] GC(426) User=0.00s Sys=0.00s Real=0.00s
[82.443s][info][gc,start       ] GC(427) Pause Young (Allocation Failure)
[82.445s][info][gc,heap        ] GC(427) PSYoungGen: 42112K(42496K)->896K(42496K) Eden: 40960K(40960K)->0K(40960K) From: 1152K(1536K)->896K(1536K)
[82.445s][info][gc,heap        ] GC(427) ParOldGen: 4604K(349696K)->5052K(349696K)
[82.445s][info][gc,metaspace   ] GC(427) Metaspace: 9896K(10304K)->9896K(10304K) NonClass: 8593K(8832K)->8593K(8832K) Class: 1302K(1472K)->1302K(1472K)
[82.445s][info][gc             ] GC(427) Pause Young (Allocation Failure) 45M->5M(383M) 1.384ms
[82.445s][info][gc,cpu         ] GC(427) User=0.09s Sys=0.05s Real=0.02s
[82.612s][info][gc,start       ] GC(428) Pause Young (Allocation Failure)
[82.613s][info][gc,heap        ] GC(428) PSYoungGen: 41856K(42496K)->736K(42496K) Eden: 40960K(40960K)->0K(40960K) From: 896K(1536K)->736K(1536K)
[82.613s][info][gc,heap        ] GC(428) ParOldGen: 5052K(349696K)->5452K(349696K)
[82.613s][info][gc,metaspace   ] GC(428) Metaspace: 9896K(10304K)->9896K(10304K) NonClass: 8593K(8832K)->8593K(8832K) Class: 1302K(1472K)->1302K(1472K)
[82.613s][info][gc             ] GC(428) Pause Young (Allocation Failure) 45M->6M(383M) 1.277ms
[82.613s][info][gc,cpu         ] GC(428) User=0.00s Sys=0.00s Real=0.00s
[82.776s][info][gc,start       ] GC(429) Pause Young (Allocation Failure)
[82.777s][info][gc,heap        ] GC(429) PSYoungGen: 41696K(42496K)->608K(42496K) Eden: 40960K(40960K)->0K(40960K) From: 736K(1536K)->608K(1536K)
[82.777s][info][gc,heap        ] GC(429) ParOldGen: 5452K(349696K)->5628K(349696K)
[82.777s][info][gc,metaspace   ] GC(429) Metaspace: 9896K(10304K)->9896K(10304K) NonClass: 8593K(8832K)->8593K(8832K) Class: 1302K(1472K)->1302K(1472K)
[82.777s][info][gc             ] GC(429) Pause Young (Allocation Failure) 46M->6M(383M) 0.999ms
[82.777s][info][gc,cpu         ] GC(429) User=0.00s Sys=0.00s Real=0.00s
[82.942s][info][gc,start       ] GC(430) Pause Young (Allocation Failure)
[82.942s][info][gc,heap        ] GC(430) PSYoungGen: 41568K(42496K)->832K(42496K) Eden: 40960K(40960K)->0K(40960K) From: 608K(1536K)->832K(1536K)
[82.943s][info][gc,heap        ] GC(430) ParOldGen: 5628K(349696K)->5668K(349696K)
[82.943s][info][gc,metaspace   ] GC(430) Metaspace: 9896K(10304K)->9896K(10304K) NonClass: 8593K(8832K)->8593K(8832K) Class: 1302K(1472K)->1302K(1472K)
[82.943s][info][gc             ] GC(430) Pause Young (Allocation Failure) 46M->6M(383M) 0.972ms
[82.943s][info][gc,cpu         ] GC(430) User=0.00s Sys=0.00s Real=0.00s
[83.121s][info][gc,start       ] GC(431) Pause Young (Allocation Failure)
[83.122s][info][gc,heap        ] GC(431) PSYoungGen: 41792K(42496K)->800K(42496K) Eden: 40960K(40960K)->0K(40960K) From: 832K(1536K)->800K(1536K)
[83.122s][info][gc,heap        ] GC(431) ParOldGen: 5668K(349696K)->5908K(349696K)
[83.122s][info][gc,metaspace   ] GC(431) Metaspace: 9896K(10304K)->9896K(10304K) NonClass: 8593K(8832K)->8593K(8832K) Class: 1302K(1472K)->1302K(1472K)
[83.122s][info][gc             ] GC(431) Pause Young (Allocation Failure) 46M->6M(383M) 1.098ms
[83.122s][info][gc,cpu         ] GC(431) User=0.00s Sys=0.00s Real=0.00s
[83.288s][info][gc,start       ] GC(432) Pause Young (Allocation Failure)
[83.289s][info][gc,heap        ] GC(432) PSYoungGen: 41760K(42496K)->480K(42496K) Eden: 40960K(40960K)->0K(40960K) From: 800K(1536K)->480K(1536K)
[83.289s][info][gc,heap        ] GC(432) ParOldGen: 5908K(349696K)->6148K(349696K)
[83.289s][info][gc,metaspace   ] GC(432) Metaspace: 9896K(10304K)->9896K(10304K) NonClass: 8593K(8832K)->8593K(8832K) Class: 1302K(1472K)->1302K(1472K)
[83.289s][info][gc             ] GC(432) Pause Young (Allocation Failure) 46M->6M(383M) 0.965ms
[83.289s][info][gc,cpu         ] GC(432) User=0.00s Sys=0.00s Real=0.00s
[83.455s][info][gc,start       ] GC(433) Pause Young (Allocation Failure)
[83.456s][info][gc,heap        ] GC(433) PSYoungGen: 41440K(42496K)->736K(42496K) Eden: 40960K(40960K)->0K(40960K) From: 480K(1536K)->736K(1536K)
[83.456s][info][gc,heap        ] GC(433) ParOldGen: 6148K(349696K)->6148K(349696K)
[83.456s][info][gc,metaspace   ] GC(433) Metaspace: 9896K(10304K)->9896K(10304K) NonClass: 8593K(8832K)->8593K(8832K) Class: 1302K(1472K)->1302K(1472K)
[83.456s][info][gc             ] GC(433) Pause Young (Allocation Failure) 46M->6M(383M) 0.929ms
[83.456s][info][gc,cpu         ] GC(433) User=0.00s Sys=0.00s Real=0.00s
[83.626s][info][gc,start       ] GC(434) Pause Young (Allocation Failure)
[83.627s][info][gc,heap        ] GC(434) PSYoungGen: 41696K(42496K)->544K(42496K) Eden: 40960K(40960K)->0K(40960K) From: 736K(1536K)->544K(1536K)
[83.627s][info][gc,heap        ] GC(434) ParOldGen: 6148K(349696K)->6372K(349696K)
[83.627s][info][gc,metaspace   ] GC(434) Metaspace: 9896K(10304K)->9896K(10304K) NonClass: 8593K(8832K)->8593K(8832K) Class: 1302K(1472K)->1302K(1472K)
[83.627s][info][gc             ] GC(434) Pause Young (Allocation Failure) 46M->6M(383M) 0.978ms
[83.627s][info][gc,cpu         ] GC(434) User=0.00s Sys=0.00s Real=0.00s
[83.792s][info][gc,start       ] GC(435) Pause Young (Allocation Failure)
[83.793s][info][gc,heap        ] GC(435) PSYoungGen: 41504K(42496K)->864K(42496K) Eden: 40960K(40960K)->0K(40960K) From: 544K(1536K)->864K(1536K)
[83.793s][info][gc,heap        ] GC(435) ParOldGen: 6372K(349696K)->6388K(349696K)
[83.793s][info][gc,metaspace   ] GC(435) Metaspace: 9896K(10304K)->9896K(10304K) NonClass: 8593K(8832K)->8593K(8832K) Class: 1302K(1472K)->1302K(1472K)
[83.793s][info][gc             ] GC(435) Pause Young (Allocation Failure) 46M->7M(383M) 0.987ms
[83.793s][info][gc,cpu         ] GC(435) User=0.00s Sys=0.00s Real=0.00s
[83.955s][info][gc,start       ] GC(436) Pause Young (Allocation Failure)
[83.956s][info][gc,heap        ] GC(436) PSYoungGen: 41824K(42496K)->704K(42496K) Eden: 40960K(40960K)->0K(40960K) From: 864K(1536K)->704K(1536K)
[83.956s][info][gc,heap        ] GC(436) ParOldGen: 6388K(349696K)->6692K(349696K)
[83.956s][info][gc,metaspace   ] GC(436) Metaspace: 9896K(10304K)->9896K(10304K) NonClass: 8593K(8832K)->8593K(8832K) Class: 1302K(1472K)->1302K(1472K)
[83.956s][info][gc             ] GC(436) Pause Young (Allocation Failure) 47M->7M(383M) 1.153ms
[83.956s][info][gc,cpu         ] GC(436) User=0.00s Sys=0.00s Real=0.00s
[84.119s][info][gc,start       ] GC(437) Pause Young (Allocation Failure)
[84.120s][info][gc,heap        ] GC(437) PSYoungGen: 41664K(42496K)->736K(42496K) Eden: 40960K(40960K)->0K(40960K) From: 704K(1536K)->736K(1536K)
[84.120s][info][gc,heap        ] GC(437) ParOldGen: 6692K(349696K)->6780K(349696K)
[84.120s][info][gc,metaspace   ] GC(437) Metaspace: 9896K(10304K)->9896K(10304K) NonClass: 8593K(8832K)->8593K(8832K) Class: 1302K(1472K)->1302K(1472K)
[84.120s][info][gc             ] GC(437) Pause Young (Allocation Failure) 47M->7M(383M) 0.983ms
[84.120s][info][gc,cpu         ] GC(437) User=0.00s Sys=0.00s Real=0.00s
[84.283s][info][gc,start       ] GC(438) Pause Young (Allocation Failure)
[84.283s][info][gc,heap        ] GC(438) PSYoungGen: 41696K(42496K)->544K(42496K) Eden: 40960K(40960K)->0K(40960K) From: 736K(1536K)->544K(1536K)
[84.283s][info][gc,heap        ] GC(438) ParOldGen: 6780K(349696K)->6996K(349696K)
[84.283s][info][gc,metaspace   ] GC(438) Metaspace: 9896K(10304K)->9896K(10304K) NonClass: 8593K(8832K)->8593K(8832K) Class: 1302K(1472K)->1302K(1472K)
[84.283s][info][gc             ] GC(438) Pause Young (Allocation Failure) 47M->7M(383M) 0.970ms
[84.284s][info][gc,cpu         ] GC(438) User=0.00s Sys=0.00s Real=0.00s
[84.448s][info][gc,start       ] GC(439) Pause Young (Allocation Failure)
[84.449s][info][gc,heap        ] GC(439) PSYoungGen: 41504K(42496K)->576K(41984K) Eden: 40960K(40960K)->0K(40960K) From: 544K(1536K)->576K(1024K)
[84.449s][info][gc,heap        ] GC(439) ParOldGen: 6996K(349696K)->6996K(349696K)
[84.449s][info][gc,metaspace   ] GC(439) Metaspace: 9896K(10304K)->9896K(10304K) NonClass: 8593K(8832K)->8593K(8832K) Class: 1302K(1472K)->1302K(1472K)
[84.449s][info][gc             ] GC(439) Pause Young (Allocation Failure) 47M->7M(382M) 1.037ms
[84.449s][info][gc,cpu         ] GC(439) User=0.00s Sys=0.00s Real=0.00s
[84.619s][info][gc,start       ] GC(440) Pause Young (Allocation Failure)
[84.620s][info][gc,heap        ] GC(440) PSYoungGen: 41536K(41984K)->576K(41984K) Eden: 40960K(40960K)->0K(40960K) From: 576K(1024K)->576K(1024K)
[84.620s][info][gc,heap        ] GC(440) ParOldGen: 6996K(349696K)->6996K(349696K)
[84.620s][info][gc,metaspace   ] GC(440) Metaspace: 9896K(10304K)->9896K(10304K) NonClass: 8593K(8832K)->8593K(8832K) Class: 1302K(1472K)->1302K(1472K)
[84.620s][info][gc             ] GC(440) Pause Young (Allocation Failure) 47M->7M(382M) 0.861ms
[84.620s][info][gc,cpu         ] GC(440) User=0.00s Sys=0.00s Real=0.00s
[84.786s][info][gc,start       ] GC(441) Pause Young (Allocation Failure)
[84.787s][info][gc,heap        ] GC(441) PSYoungGen: 41536K(41984K)->640K(41984K) Eden: 40960K(40960K)->0K(40960K) From: 576K(1024K)->640K(1024K)
[84.787s][info][gc,heap        ] GC(441) ParOldGen: 6996K(349696K)->6996K(349696K)
[84.787s][info][gc,metaspace   ] GC(441) Metaspace: 9896K(10304K)->9896K(10304K) NonClass: 8593K(8832K)->8593K(8832K) Class: 1302K(1472K)->1302K(1472K)
[84.787s][info][gc             ] GC(441) Pause Young (Allocation Failure) 47M->7M(382M) 0.865ms
[84.787s][info][gc,cpu         ] GC(441) User=0.00s Sys=0.00s Real=0.00s
[84.952s][info][gc,start       ] GC(442) Pause Young (Allocation Failure)
[84.953s][info][gc,heap        ] GC(442) PSYoungGen: 41600K(41984K)->576K(41984K) Eden: 40960K(40960K)->0K(40960K) From: 640K(1024K)->576K(1024K)
[84.953s][info][gc,heap        ] GC(442) ParOldGen: 6996K(349696K)->6996K(349696K)
[84.953s][info][gc,metaspace   ] GC(442) Metaspace: 9896K(10304K)->9896K(10304K) NonClass: 8593K(8832K)->8593K(8832K) Class: 1302K(1472K)->1302K(1472K)
[84.953s][info][gc             ] GC(442) Pause Young (Allocation Failure) 47M->7M(382M) 0.838ms
[84.953s][info][gc,cpu         ] GC(442) User=0.00s Sys=0.00s Real=0.00s
[85.116s][info][gc,start       ] GC(443) Pause Young (Allocation Failure)
[85.117s][info][gc,heap        ] GC(443) PSYoungGen: 41536K(41984K)->576K(41984K) Eden: 40960K(40960K)->0K(40960K) From: 576K(1024K)->576K(1024K)
[85.117s][info][gc,heap        ] GC(443) ParOldGen: 6996K(349696K)->6996K(349696K)
[85.117s][info][gc,metaspace   ] GC(443) Metaspace: 9896K(10304K)->9896K(10304K) NonClass: 8593K(8832K)->8593K(8832K) Class: 1302K(1472K)->1302K(1472K)
[85.117s][info][gc             ] GC(443) Pause Young (Allocation Failure) 47M->7M(382M) 0.875ms
[85.117s][info][gc,cpu         ] GC(443) User=0.00s Sys=0.00s Real=0.00s
[85.284s][info][gc,start       ] GC(444) Pause Young (Allocation Failure)
[85.285s][info][gc,heap        ] GC(444) PSYoungGen: 41536K(41984K)->672K(41984K) Eden: 40960K(40960K)->0K(40960K) From: 576K(1024K)->672K(1024K)
[85.285s][info][gc,heap        ] GC(444) ParOldGen: 6996K(349696K)->6996K(349696K)
[85.285s][info][gc,metaspace   ] GC(444) Metaspace: 9896K(10304K)->9896K(10304K) NonClass: 8593K(8832K)->8593K(8832K) Class: 1302K(1472K)->1302K(1472K)
[85.285s][info][gc             ] GC(444) Pause Young (Allocation Failure) 47M->7M(382M) 0.961ms
[85.285s][info][gc,cpu         ] GC(444) User=0.02s Sys=0.00s Real=0.02s
[85.453s][info][gc,start       ] GC(445) Pause Young (Allocation Failure)
[85.454s][info][gc,heap        ] GC(445) PSYoungGen: 41632K(41984K)->576K(41984K) Eden: 40960K(40960K)->0K(40960K) From: 672K(1024K)->576K(1024K)
[85.454s][info][gc,heap        ] GC(445) ParOldGen: 6996K(349696K)->6996K(349696K)
[85.454s][info][gc,metaspace   ] GC(445) Metaspace: 9896K(10304K)->9896K(10304K) NonClass: 8593K(8832K)->8593K(8832K) Class: 1302K(1472K)->1302K(1472K)
[85.454s][info][gc             ] GC(445) Pause Young (Allocation Failure) 47M->7M(382M) 0.884ms
[85.454s][info][gc,cpu         ] GC(445) User=0.00s Sys=0.00s Real=0.00s
[85.622s][info][gc,start       ] GC(446) Pause Young (Allocation Failure)
[85.623s][info][gc,heap        ] GC(446) PSYoungGen: 41536K(41984K)->832K(41984K) Eden: 40960K(40960K)->0K(40960K) From: 576K(1024K)->832K(1024K)
[85.623s][info][gc,heap        ] GC(446) ParOldGen: 6996K(349696K)->7020K(349696K)
[85.623s][info][gc,metaspace   ] GC(446) Metaspace: 9896K(10304K)->9896K(10304K) NonClass: 8593K(8832K)->8593K(8832K) Class: 1302K(1472K)->1302K(1472K)
[85.623s][info][gc             ] GC(446) Pause Young (Allocation Failure) 47M->7M(382M) 0.947ms
[85.623s][info][gc,cpu         ] GC(446) User=0.00s Sys=0.00s Real=0.00s
[85.794s][info][gc,start       ] GC(447) Pause Young (Allocation Failure)
[85.795s][info][gc,heap        ] GC(447) PSYoungGen: 41792K(41984K)->608K(41984K) Eden: 40960K(40960K)->0K(40960K) From: 832K(1024K)->608K(1024K)
[85.795s][info][gc,heap        ] GC(447) ParOldGen: 7020K(349696K)->7252K(349696K)
[85.795s][info][gc,metaspace   ] GC(447) Metaspace: 9896K(10304K)->9896K(10304K) NonClass: 8593K(8832K)->8593K(8832K) Class: 1302K(1472K)->1302K(1472K)
[85.795s][info][gc             ] GC(447) Pause Young (Allocation Failure) 47M->7M(382M) 1.012ms
[85.795s][info][gc,cpu         ] GC(447) User=0.00s Sys=0.00s Real=0.00s
[85.961s][info][gc,start       ] GC(448) Pause Young (Allocation Failure)
[85.962s][info][gc,heap        ] GC(448) PSYoungGen: 41568K(41984K)->576K(41984K) Eden: 40960K(40960K)->0K(40960K) From: 608K(1024K)->576K(1024K)
[85.962s][info][gc,heap        ] GC(448) ParOldGen: 7252K(349696K)->7260K(349696K)
[85.962s][info][gc,metaspace   ] GC(448) Metaspace: 9896K(10304K)->9896K(10304K) NonClass: 8593K(8832K)->8593K(8832K) Class: 1302K(1472K)->1302K(1472K)
[85.962s][info][gc             ] GC(448) Pause Young (Allocation Failure) 47M->7M(382M) 0.843ms
[85.962s][info][gc,cpu         ] GC(448) User=0.00s Sys=0.00s Real=0.00s
[86.132s][info][gc,start       ] GC(449) Pause Young (Allocation Failure)
[86.132s][info][gc,heap        ] GC(449) PSYoungGen: 41536K(41984K)->608K(41984K) Eden: 40960K(40960K)->0K(40960K) From: 576K(1024K)->608K(1024K)
[86.133s][info][gc,heap        ] GC(449) ParOldGen: 7260K(349696K)->7268K(349696K)
[86.133s][info][gc,metaspace   ] GC(449) Metaspace: 9896K(10304K)->9896K(10304K) NonClass: 8593K(8832K)->8593K(8832K) Class: 1302K(1472K)->1302K(1472K)
[86.133s][info][gc             ] GC(449) Pause Young (Allocation Failure) 47M->7M(382M) 0.893ms
[86.133s][info][gc,cpu         ] GC(449) User=0.00s Sys=0.00s Real=0.00s
[86.301s][info][gc,start       ] GC(450) Pause Young (Allocation Failure)
[86.301s][info][gc,heap        ] GC(450) PSYoungGen: 41568K(41984K)->608K(41984K) Eden: 40960K(40960K)->0K(40960K) From: 608K(1024K)->608K(1024K)
[86.301s][info][gc,heap        ] GC(450) ParOldGen: 7268K(349696K)->7268K(349696K)
[86.301s][info][gc,metaspace   ] GC(450) Metaspace: 9896K(10304K)->9896K(10304K) NonClass: 8593K(8832K)->8593K(8832K) Class: 1302K(1472K)->1302K(1472K)
[86.301s][info][gc             ] GC(450) Pause Young (Allocation Failure) 47M->7M(382M) 0.895ms
[86.302s][info][gc,cpu         ] GC(450) User=0.00s Sys=0.00s Real=0.00s
[86.463s][info][gc,start       ] GC(451) Pause Young (Allocation Failure)
[86.464s][info][gc,heap        ] GC(451) PSYoungGen: 41568K(41984K)->608K(41984K) Eden: 40960K(40960K)->0K(40960K) From: 608K(1024K)->608K(1024K)
[86.464s][info][gc,heap        ] GC(451) ParOldGen: 7268K(349696K)->7268K(349696K)
[86.464s][info][gc,metaspace   ] GC(451) Metaspace: 9896K(10304K)->9896K(10304K) NonClass: 8593K(8832K)->8593K(8832K) Class: 1302K(1472K)->1302K(1472K)
[86.464s][info][gc             ] GC(451) Pause Young (Allocation Failure) 47M->7M(382M) 0.877ms
[86.464s][info][gc,cpu         ] GC(451) User=0.00s Sys=0.00s Real=0.00s
[86.624s][info][gc,start       ] GC(452) Pause Young (Allocation Failure)
[86.625s][info][gc,heap        ] GC(452) PSYoungGen: 41568K(41984K)->832K(41984K) Eden: 40960K(40960K)->0K(40960K) From: 608K(1024K)->832K(1024K)
[86.625s][info][gc,heap        ] GC(452) ParOldGen: 7268K(349696K)->7276K(349696K)
[86.625s][info][gc,metaspace   ] GC(452) Metaspace: 9896K(10304K)->9896K(10304K) NonClass: 8593K(8832K)->8593K(8832K) Class: 1302K(1472K)->1302K(1472K)
[86.625s][info][gc             ] GC(452) Pause Young (Allocation Failure) 47M->7M(382M) 0.966ms
[86.625s][info][gc,cpu         ] GC(452) User=0.00s Sys=0.00s Real=0.00s
[86.797s][info][gc,start       ] GC(453) Pause Young (Allocation Failure)
[86.798s][info][gc,heap        ] GC(453) PSYoungGen: 41792K(41984K)->544K(41984K) Eden: 40960K(40960K)->0K(40960K) From: 832K(1024K)->544K(1024K)
[86.798s][info][gc,heap        ] GC(453) ParOldGen: 7276K(349696K)->7516K(349696K)
[86.798s][info][gc,metaspace   ] GC(453) Metaspace: 9896K(10304K)->9896K(10304K) NonClass: 8593K(8832K)->8593K(8832K) Class: 1302K(1472K)->1302K(1472K)
[86.798s][info][gc             ] GC(453) Pause Young (Allocation Failure) 47M->7M(382M) 1.018ms
[86.798s][info][gc,cpu         ] GC(453) User=0.00s Sys=0.00s Real=0.00s
[86.971s][info][gc,start       ] GC(454) Pause Young (Allocation Failure)
[86.972s][info][gc,heap        ] GC(454) PSYoungGen: 41503K(41984K)->640K(41984K) Eden: 40959K(40960K)->0K(40960K) From: 544K(1024K)->640K(1024K)
[86.972s][info][gc,heap        ] GC(454) ParOldGen: 7516K(349696K)->7516K(349696K)
[86.972s][info][gc,metaspace   ] GC(454) Metaspace: 9896K(10304K)->9896K(10304K) NonClass: 8593K(8832K)->8593K(8832K) Class: 1302K(1472K)->1302K(1472K)
[86.972s][info][gc             ] GC(454) Pause Young (Allocation Failure) 47M->7M(382M) 0.913ms
[86.972s][info][gc,cpu         ] GC(454) User=0.00s Sys=0.00s Real=0.00s
[87.134s][info][gc,start       ] GC(455) Pause Young (Allocation Failure)
[87.135s][info][gc,heap        ] GC(455) PSYoungGen: 41600K(41984K)->736K(41984K) Eden: 40960K(40960K)->0K(40960K) From: 640K(1024K)->736K(1024K)
[87.135s][info][gc,heap        ] GC(455) ParOldGen: 7516K(349696K)->7556K(349696K)
[87.135s][info][gc,metaspace   ] GC(455) Metaspace: 9896K(10304K)->9896K(10304K) NonClass: 8593K(8832K)->8593K(8832K) Class: 1302K(1472K)->1302K(1472K)
[87.135s][info][gc             ] GC(455) Pause Young (Allocation Failure) 47M->8M(382M) 0.963ms
[87.135s][info][gc,cpu         ] GC(455) User=0.00s Sys=0.00s Real=0.00s
[87.312s][info][gc,start       ] GC(456) Pause Young (Allocation Failure)
[87.313s][info][gc,heap        ] GC(456) PSYoungGen: 41696K(41984K)->608K(41984K) Eden: 40960K(40960K)->0K(40960K) From: 736K(1024K)->608K(1024K)
[87.313s][info][gc,heap        ] GC(456) ParOldGen: 7556K(349696K)->7756K(349696K)
[87.313s][info][gc,metaspace   ] GC(456) Metaspace: 9896K(10304K)->9896K(10304K) NonClass: 8593K(8832K)->8593K(8832K) Class: 1302K(1472K)->1302K(1472K)
[87.313s][info][gc             ] GC(456) Pause Young (Allocation Failure) 48M->8M(382M) 1.003ms
[87.313s][info][gc,cpu         ] GC(456) User=0.02s Sys=0.00s Real=0.01s
[87.484s][info][gc,start       ] GC(457) Pause Young (Allocation Failure)
[87.484s][info][gc,heap        ] GC(457) PSYoungGen: 41568K(41984K)->576K(41984K) Eden: 40960K(40960K)->0K(40960K) From: 608K(1024K)->576K(1024K)
[87.484s][info][gc,heap        ] GC(457) ParOldGen: 7756K(349696K)->7756K(349696K)
[87.485s][info][gc,metaspace   ] GC(457) Metaspace: 9896K(10304K)->9896K(10304K) NonClass: 8593K(8832K)->8593K(8832K) Class: 1302K(1472K)->1302K(1472K)
[87.485s][info][gc             ] GC(457) Pause Young (Allocation Failure) 48M->8M(382M) 0.963ms
[87.485s][info][gc,cpu         ] GC(457) User=0.02s Sys=0.00s Real=0.02s
[87.650s][info][gc,start       ] GC(458) Pause Young (Allocation Failure)
[87.651s][info][gc,heap        ] GC(458) PSYoungGen: 41536K(41984K)->576K(41984K) Eden: 40960K(40960K)->0K(40960K) From: 576K(1024K)->576K(1024K)
[87.651s][info][gc,heap        ] GC(458) ParOldGen: 7756K(349696K)->7756K(349696K)
[87.651s][info][gc,metaspace   ] GC(458) Metaspace: 9896K(10304K)->9896K(10304K) NonClass: 8593K(8832K)->8593K(8832K) Class: 1302K(1472K)->1302K(1472K)
[87.651s][info][gc             ] GC(458) Pause Young (Allocation Failure) 48M->8M(382M) 0.829ms
[87.651s][info][gc,cpu         ] GC(458) User=0.00s Sys=0.00s Real=0.00s
[87.820s][info][gc,start       ] GC(459) Pause Young (Allocation Failure)
[87.821s][info][gc,heap        ] GC(459) PSYoungGen: 41536K(41984K)->576K(41984K) Eden: 40960K(40960K)->0K(40960K) From: 576K(1024K)->576K(1024K)
[87.821s][info][gc,heap        ] GC(459) ParOldGen: 7756K(349696K)->7756K(349696K)
[87.821s][info][gc,metaspace   ] GC(459) Metaspace: 9896K(10304K)->9896K(10304K) NonClass: 8593K(8832K)->8593K(8832K) Class: 1302K(1472K)->1302K(1472K)
[87.821s][info][gc             ] GC(459) Pause Young (Allocation Failure) 48M->8M(382M) 0.879ms
[87.821s][info][gc,cpu         ] GC(459) User=0.00s Sys=0.00s Real=0.00s
[87.988s][info][gc,start       ] GC(460) Pause Young (Allocation Failure)
[87.989s][info][gc,heap        ] GC(460) PSYoungGen: 41536K(41984K)->576K(41984K) Eden: 40960K(40960K)->0K(40960K) From: 576K(1024K)->576K(1024K)
[87.989s][info][gc,heap        ] GC(460) ParOldGen: 7756K(349696K)->7756K(349696K)
[87.989s][info][gc,metaspace   ] GC(460) Metaspace: 9896K(10304K)->9896K(10304K) NonClass: 8593K(8832K)->8593K(8832K) Class: 1302K(1472K)->1302K(1472K)
[87.989s][info][gc             ] GC(460) Pause Young (Allocation Failure) 48M->8M(382M) 0.856ms
[87.989s][info][gc,cpu         ] GC(460) User=0.00s Sys=0.00s Real=0.00s
[88.162s][info][gc,start       ] GC(461) Pause Young (Allocation Failure)
[88.163s][info][gc,heap        ] GC(461) PSYoungGen: 41536K(41984K)->544K(41984K) Eden: 40960K(40960K)->0K(40960K) From: 576K(1024K)->544K(1024K)
[88.163s][info][gc,heap        ] GC(461) ParOldGen: 7756K(349696K)->7756K(349696K)
[88.163s][info][gc,metaspace   ] GC(461) Metaspace: 9896K(10304K)->9896K(10304K) NonClass: 8593K(8832K)->8593K(8832K) Class: 1302K(1472K)->1302K(1472K)
[88.163s][info][gc             ] GC(461) Pause Young (Allocation Failure) 48M->8M(382M) 0.872ms
[88.163s][info][gc,cpu         ] GC(461) User=0.14s Sys=0.00s Real=0.01s
[88.331s][info][gc,start       ] GC(462) Pause Young (Allocation Failure)
[88.332s][info][gc,heap        ] GC(462) PSYoungGen: 41504K(41984K)->576K(41984K) Eden: 40960K(40960K)->0K(40960K) From: 544K(1024K)->576K(1024K)
[88.332s][info][gc,heap        ] GC(462) ParOldGen: 7756K(349696K)->7756K(349696K)
[88.332s][info][gc,metaspace   ] GC(462) Metaspace: 9896K(10304K)->9896K(10304K) NonClass: 8593K(8832K)->8593K(8832K) Class: 1302K(1472K)->1302K(1472K)
[88.332s][info][gc             ] GC(462) Pause Young (Allocation Failure) 48M->8M(382M) 0.880ms
[88.332s][info][gc,cpu         ] GC(462) User=0.00s Sys=0.00s Real=0.00s
[88.507s][info][gc,start       ] GC(463) Pause Young (Allocation Failure)
[88.508s][info][gc,heap        ] GC(463) PSYoungGen: 41536K(41984K)->576K(41984K) Eden: 40960K(40960K)->0K(40960K) From: 576K(1024K)->576K(1024K)
[88.508s][info][gc,heap        ] GC(463) ParOldGen: 7756K(349696K)->7756K(349696K)
[88.508s][info][gc,metaspace   ] GC(463) Metaspace: 9896K(10304K)->9896K(10304K) NonClass: 8593K(8832K)->8593K(8832K) Class: 1302K(1472K)->1302K(1472K)
[88.508s][info][gc             ] GC(463) Pause Young (Allocation Failure) 48M->8M(382M) 0.858ms
[88.508s][info][gc,cpu         ] GC(463) User=0.00s Sys=0.00s Real=0.00s
[88.676s][info][gc,start       ] GC(464) Pause Young (System.gc())
[88.677s][info][gc,heap        ] GC(464) PSYoungGen: 39748K(41984K)->576K(41984K) Eden: 39172K(40960K)->0K(40960K) From: 576K(1024K)->576K(1024K)
[88.677s][info][gc,heap        ] GC(464) ParOldGen: 7756K(349696K)->7756K(349696K)
[88.677s][info][gc,metaspace   ] GC(464) Metaspace: 9898K(10304K)->9898K(10304K) NonClass: 8596K(8832K)->8596K(8832K) Class: 1302K(1472K)->1302K(1472K)
[88.677s][info][gc             ] GC(464) Pause Young (System.gc()) 46M->8M(382M) 0.793ms
[88.677s][info][gc,cpu         ] GC(464) User=0.00s Sys=0.00s Real=0.00s
[88.677s][info][gc,start       ] GC(465) Pause Full (System.gc())
[88.677s][info][gc,phases,start] GC(465) Marking Phase
[88.691s][info][gc,phases      ] GC(465) Marking Phase 13.700ms
[88.691s][info][gc,phases,start] GC(465) Summary Phase
[88.691s][info][gc,phases      ] GC(465) Summary Phase 0.031ms
[88.691s][info][gc,phases,start] GC(465) Adjust Roots
[88.694s][info][gc,phases      ] GC(465) Adjust Roots 3.784ms
[88.694s][info][gc,phases,start] GC(465) Compaction Phase
[88.697s][info][gc,phases      ] GC(465) Compaction Phase 2.961ms
[88.697s][info][gc,phases,start] GC(465) Post Compact
[88.698s][info][gc,phases      ] GC(465) Post Compact 0.283ms
[88.698s][info][gc,heap        ] GC(465) PSYoungGen: 576K(41984K)->0K(41984K) Eden: 0K(40960K)->0K(40960K) From: 576K(1024K)->0K(1024K)
[88.698s][info][gc,heap        ] GC(465) ParOldGen: 7756K(349696K)->4076K(349696K)
[88.698s][info][gc,metaspace   ] GC(465) Metaspace: 9898K(10304K)->9898K(10304K) NonClass: 8596K(8832K)->8596K(8832K) Class: 1302K(1472K)->1302K(1472K)
[88.698s][info][gc             ] GC(465) Pause Full (System.gc()) 8M->3M(382M) 21.094ms
[88.698s][info][gc,cpu         ] GC(465) User=0.02s Sys=0.00s Real=0.02s
[88.862s][info][gc,start       ] GC(466) Pause Young (Allocation Failure)
[88.864s][info][gc,heap        ] GC(466) PSYoungGen: 40960K(41984K)->1024K(41984K) Eden: 40960K(40960K)->0K(40960K) From: 0K(1024K)->1024K(1024K)
[88.864s][info][gc,heap        ] GC(466) ParOldGen: 4076K(349696K)->4292K(349696K)
[88.864s][info][gc,metaspace   ] GC(466) Metaspace: 9904K(10304K)->9904K(10304K) NonClass: 8601K(8832K)->8601K(8832K) Class: 1302K(1472K)->1302K(1472K)
[88.864s][info][gc             ] GC(466) Pause Young (Allocation Failure) 43M->5M(382M) 1.376ms
[88.864s][info][gc,cpu         ] GC(466) User=0.00s Sys=0.00s Real=0.00s
[89.028s][info][gc,start       ] GC(467) Pause Young (Allocation Failure)
[89.029s][info][gc,heap        ] GC(467) PSYoungGen: 41984K(41984K)->960K(41472K) Eden: 40960K(40960K)->0K(40448K) From: 1024K(1024K)->960K(1024K)
[89.029s][info][gc,heap        ] GC(467) ParOldGen: 4292K(349696K)->4956K(349696K)
[89.029s][info][gc,metaspace   ] GC(467) Metaspace: 9904K(10304K)->9904K(10304K) NonClass: 8601K(8832K)->8601K(8832K) Class: 1302K(1472K)->1302K(1472K)
[89.029s][info][gc             ] GC(467) Pause Young (Allocation Failure) 45M->5M(382M) 1.604ms
[89.029s][info][gc,cpu         ] GC(467) User=0.00s Sys=0.00s Real=0.00s
[89.189s][info][gc,start       ] GC(468) Pause Young (Allocation Failure)
[89.190s][info][gc,heap        ] GC(468) PSYoungGen: 41408K(41472K)->736K(41984K) Eden: 40448K(40448K)->0K(40448K) From: 960K(1024K)->736K(1536K)
[89.190s][info][gc,heap        ] GC(468) ParOldGen: 4956K(349696K)->5324K(349696K)
[89.190s][info][gc,metaspace   ] GC(468) Metaspace: 9904K(10304K)->9904K(10304K) NonClass: 8601K(8832K)->8601K(8832K) Class: 1302K(1472K)->1302K(1472K)
[89.190s][info][gc             ] GC(468) Pause Young (Allocation Failure) 45M->5M(382M) 1.219ms
[89.190s][info][gc,cpu         ] GC(468) User=0.00s Sys=0.00s Real=0.00s
[89.350s][info][gc,start       ] GC(469) Pause Young (Allocation Failure)
[89.350s][info][gc,heap        ] GC(469) PSYoungGen: 41184K(41984K)->960K(41984K) Eden: 40448K(40448K)->0K(40448K) From: 736K(1536K)->960K(1536K)
[89.351s][info][gc,heap        ] GC(469) ParOldGen: 5324K(349696K)->5332K(349696K)
[89.351s][info][gc,metaspace   ] GC(469) Metaspace: 9904K(10304K)->9904K(10304K) NonClass: 8601K(8832K)->8601K(8832K) Class: 1302K(1472K)->1302K(1472K)
[89.351s][info][gc             ] GC(469) Pause Young (Allocation Failure) 45M->6M(382M) 1.053ms
[89.351s][info][gc,cpu         ] GC(469) User=0.00s Sys=0.00s Real=0.00s
[89.517s][info][gc,start       ] GC(470) Pause Young (Allocation Failure)
[89.518s][info][gc,heap        ] GC(470) PSYoungGen: 41408K(41984K)->704K(41984K) Eden: 40448K(40448K)->0K(40448K) From: 960K(1536K)->704K(1536K)
[89.518s][info][gc,heap        ] GC(470) ParOldGen: 5332K(349696K)->5732K(349696K)
[89.519s][info][gc,metaspace   ] GC(470) Metaspace: 9904K(10304K)->9904K(10304K) NonClass: 8601K(8832K)->8601K(8832K) Class: 1302K(1472K)->1302K(1472K)
[89.519s][info][gc             ] GC(470) Pause Young (Allocation Failure) 45M->6M(382M) 1.299ms
[89.519s][info][gc,cpu         ] GC(470) User=0.00s Sys=0.00s Real=0.00s
[89.679s][info][gc,start       ] GC(471) Pause Young (Allocation Failure)
[89.680s][info][gc,heap        ] GC(471) PSYoungGen: 41152K(41984K)->672K(41984K) Eden: 40448K(40448K)->0K(40448K) From: 704K(1536K)->672K(1536K)
[89.680s][info][gc,heap        ] GC(471) ParOldGen: 5732K(349696K)->5948K(349696K)
[89.680s][info][gc,metaspace   ] GC(471) Metaspace: 9904K(10304K)->9904K(10304K) NonClass: 8601K(8832K)->8601K(8832K) Class: 1302K(1472K)->1302K(1472K)
[89.680s][info][gc             ] GC(471) Pause Young (Allocation Failure) 45M->6M(382M) 1.011ms
[89.680s][info][gc,cpu         ] GC(471) User=0.00s Sys=0.00s Real=0.00s
[89.844s][info][gc,start       ] GC(472) Pause Young (Allocation Failure)
[89.845s][info][gc,heap        ] GC(472) PSYoungGen: 41120K(41984K)->672K(41984K) Eden: 40448K(40448K)->0K(40448K) From: 672K(1536K)->672K(1536K)
[89.845s][info][gc,heap        ] GC(472) ParOldGen: 5948K(349696K)->6156K(349696K)
[89.845s][info][gc,metaspace   ] GC(472) Metaspace: 9904K(10304K)->9904K(10304K) NonClass: 8601K(8832K)->8601K(8832K) Class: 1302K(1472K)->1302K(1472K)
[89.845s][info][gc             ] GC(472) Pause Young (Allocation Failure) 45M->6M(382M) 1.016ms
[89.845s][info][gc,cpu         ] GC(472) User=0.00s Sys=0.00s Real=0.00s
[90.003s][info][gc,start       ] GC(473) Pause Young (Allocation Failure)
[90.003s][info][gc,heap        ] GC(473) PSYoungGen: 41120K(41984K)->800K(41984K) Eden: 40448K(40448K)->0K(40448K) From: 672K(1536K)->800K(1536K)
[90.003s][info][gc,heap        ] GC(473) ParOldGen: 6156K(349696K)->6172K(349696K)
[90.003s][info][gc,metaspace   ] GC(473) Metaspace: 9904K(10304K)->9904K(10304K) NonClass: 8601K(8832K)->8601K(8832K) Class: 1302K(1472K)->1302K(1472K)
[90.003s][info][gc             ] GC(473) Pause Young (Allocation Failure) 46M->6M(382M) 0.931ms
[90.004s][info][gc,cpu         ] GC(473) User=0.00s Sys=0.00s Real=0.00s
[90.171s][info][gc,start       ] GC(474) Pause Young (Allocation Failure)
[90.177s][info][gc,heap        ] GC(474) PSYoungGen: 41248K(41984K)->640K(41472K) Eden: 40448K(40448K)->0K(40448K) From: 800K(1536K)->640K(1024K)
[90.177s][info][gc,heap        ] GC(474) ParOldGen: 6172K(349696K)->6404K(349696K)
[90.177s][info][gc,metaspace   ] GC(474) Metaspace: 9904K(10304K)->9904K(10304K) NonClass: 8601K(8832K)->8601K(8832K) Class: 1302K(1472K)->1302K(1472K)
[90.177s][info][gc             ] GC(474) Pause Young (Allocation Failure) 46M->6M(382M) 5.377ms
[90.177s][info][gc,cpu         ] GC(474) User=0.00s Sys=0.00s Real=0.00s
[90.341s][info][gc,start       ] GC(475) Pause Young (Allocation Failure)
[90.342s][info][gc,heap        ] GC(475) PSYoungGen: 41088K(41472K)->576K(41472K) Eden: 40448K(40448K)->0K(40448K) From: 640K(1024K)->576K(1024K)
[90.342s][info][gc,heap        ] GC(475) ParOldGen: 6404K(349696K)->6404K(349696K)
[90.342s][info][gc,metaspace   ] GC(475) Metaspace: 9904K(10304K)->9904K(10304K) NonClass: 8601K(8832K)->8601K(8832K) Class: 1302K(1472K)->1302K(1472K)
[90.342s][info][gc             ] GC(475) Pause Young (Allocation Failure) 46M->6M(382M) 0.935ms
[90.342s][info][gc,cpu         ] GC(475) User=0.00s Sys=0.00s Real=0.00s
[90.498s][info][gc,start       ] GC(476) Pause Young (Allocation Failure)
[90.498s][info][gc,heap        ] GC(476) PSYoungGen: 41024K(41472K)->576K(41472K) Eden: 40448K(40448K)->0K(40448K) From: 576K(1024K)->576K(1024K)
[90.498s][info][gc,heap        ] GC(476) ParOldGen: 6404K(349696K)->6404K(349696K)
[90.498s][info][gc,metaspace   ] GC(476) Metaspace: 9904K(10304K)->9904K(10304K) NonClass: 8601K(8832K)->8601K(8832K) Class: 1302K(1472K)->1302K(1472K)
[90.498s][info][gc             ] GC(476) Pause Young (Allocation Failure) 46M->6M(382M) 0.821ms
[90.499s][info][gc,cpu         ] GC(476) User=0.00s Sys=0.00s Real=0.00s
[90.665s][info][gc,start       ] GC(477) Pause Young (Allocation Failure)
[90.666s][info][gc,heap        ] GC(477) PSYoungGen: 41024K(41472K)->576K(41472K) Eden: 40448K(40448K)->0K(40448K) From: 576K(1024K)->576K(1024K)
[90.666s][info][gc,heap        ] GC(477) ParOldGen: 6404K(349696K)->6404K(349696K)
[90.666s][info][gc,metaspace   ] GC(477) Metaspace: 9904K(10304K)->9904K(10304K) NonClass: 8601K(8832K)->8601K(8832K) Class: 1302K(1472K)->1302K(1472K)
[90.666s][info][gc             ] GC(477) Pause Young (Allocation Failure) 46M->6M(382M) 0.823ms
[90.666s][info][gc,cpu         ] GC(477) User=0.00s Sys=0.00s Real=0.00s
[90.830s][info][gc,start       ] GC(478) Pause Young (Allocation Failure)
[90.831s][info][gc,heap        ] GC(478) PSYoungGen: 41024K(41472K)->576K(41472K) Eden: 40448K(40448K)->0K(40448K) From: 576K(1024K)->576K(1024K)
[90.831s][info][gc,heap        ] GC(478) ParOldGen: 6404K(349696K)->6404K(349696K)
[90.831s][info][gc,metaspace   ] GC(478) Metaspace: 9904K(10304K)->9904K(10304K) NonClass: 8601K(8832K)->8601K(8832K) Class: 1302K(1472K)->1302K(1472K)
[90.831s][info][gc             ] GC(478) Pause Young (Allocation Failure) 46M->6M(382M) 0.858ms
[90.831s][info][gc,cpu         ] GC(478) User=0.00s Sys=0.00s Real=0.00s
[90.994s][info][gc,start       ] GC(479) Pause Young (Allocation Failure)
[90.995s][info][gc,heap        ] GC(479) PSYoungGen: 41024K(41472K)->576K(41472K) Eden: 40448K(40448K)->0K(40448K) From: 576K(1024K)->576K(1024K)
[90.995s][info][gc,heap        ] GC(479) ParOldGen: 6404K(349696K)->6404K(349696K)
[90.995s][info][gc,metaspace   ] GC(479) Metaspace: 9904K(10304K)->9904K(10304K) NonClass: 8601K(8832K)->8601K(8832K) Class: 1302K(1472K)->1302K(1472K)
[90.995s][info][gc             ] GC(479) Pause Young (Allocation Failure) 46M->6M(382M) 0.881ms
[90.995s][info][gc,cpu         ] GC(479) User=0.00s Sys=0.00s Real=0.00s
[91.155s][info][gc,start       ] GC(480) Pause Young (Allocation Failure)
[91.156s][info][gc,heap        ] GC(480) PSYoungGen: 41024K(41472K)->576K(41472K) Eden: 40448K(40448K)->0K(40448K) From: 576K(1024K)->576K(1024K)
[91.156s][info][gc,heap        ] GC(480) ParOldGen: 6404K(349696K)->6404K(349696K)
[91.156s][info][gc,metaspace   ] GC(480) Metaspace: 9904K(10304K)->9904K(10304K) NonClass: 8601K(8832K)->8601K(8832K) Class: 1302K(1472K)->1302K(1472K)
[91.156s][info][gc             ] GC(480) Pause Young (Allocation Failure) 46M->6M(382M) 0.837ms
[91.156s][info][gc,cpu         ] GC(480) User=0.00s Sys=0.00s Real=0.00s
[91.321s][info][gc,start       ] GC(481) Pause Young (Allocation Failure)
[91.322s][info][gc,heap        ] GC(481) PSYoungGen: 41024K(41472K)->576K(41472K) Eden: 40448K(40448K)->0K(40448K) From: 576K(1024K)->576K(1024K)
[91.322s][info][gc,heap        ] GC(481) ParOldGen: 6404K(349696K)->6404K(349696K)
[91.322s][info][gc,metaspace   ] GC(481) Metaspace: 9904K(10304K)->9904K(10304K) NonClass: 8601K(8832K)->8601K(8832K) Class: 1302K(1472K)->1302K(1472K)
[91.322s][info][gc             ] GC(481) Pause Young (Allocation Failure) 46M->6M(382M) 0.859ms
[91.322s][info][gc,cpu         ] GC(481) User=0.00s Sys=0.00s Real=0.00s
[91.484s][info][gc,start       ] GC(482) Pause Young (Allocation Failure)
[91.484s][info][gc,heap        ] GC(482) PSYoungGen: 41024K(41472K)->832K(41472K) Eden: 40448K(40448K)->0K(40448K) From: 576K(1024K)->832K(1024K)
[91.484s][info][gc,heap        ] GC(482) ParOldGen: 6404K(349696K)->6404K(349696K)
[91.484s][info][gc,metaspace   ] GC(482) Metaspace: 9904K(10304K)->9904K(10304K) NonClass: 8601K(8832K)->8601K(8832K) Class: 1302K(1472K)->1302K(1472K)
[91.485s][info][gc             ] GC(482) Pause Young (Allocation Failure) 46M->7M(382M) 0.987ms
[91.485s][info][gc,cpu         ] GC(482) User=0.00s Sys=0.00s Real=0.00s
[91.650s][info][gc,start       ] GC(483) Pause Young (Allocation Failure)
[91.651s][info][gc,heap        ] GC(483) PSYoungGen: 41280K(41472K)->608K(41472K) Eden: 40448K(40448K)->0K(40448K) From: 832K(1024K)->608K(1024K)
[91.651s][info][gc,heap        ] GC(483) ParOldGen: 6404K(349696K)->6620K(349696K)
[91.651s][info][gc,metaspace   ] GC(483) Metaspace: 9904K(10304K)->9904K(10304K) NonClass: 8601K(8832K)->8601K(8832K) Class: 1302K(1472K)->1302K(1472K)
[91.651s][info][gc             ] GC(483) Pause Young (Allocation Failure) 46M->7M(382M) 1.005ms
[91.651s][info][gc,cpu         ] GC(483) User=0.00s Sys=0.00s Real=0.00s
[91.809s][info][gc,start       ] GC(484) Pause Young (Allocation Failure)
[91.810s][info][gc,heap        ] GC(484) PSYoungGen: 41056K(41472K)->864K(41472K) Eden: 40448K(40448K)->0K(40448K) From: 608K(1024K)->864K(1024K)
[91.810s][info][gc,heap        ] GC(484) ParOldGen: 6620K(349696K)->6668K(349696K)
[91.810s][info][gc,metaspace   ] GC(484) Metaspace: 9904K(10304K)->9904K(10304K) NonClass: 8601K(8832K)->8601K(8832K) Class: 1302K(1472K)->1302K(1472K)
[91.810s][info][gc             ] GC(484) Pause Young (Allocation Failure) 46M->7M(382M) 0.985ms
[91.810s][info][gc,cpu         ] GC(484) User=0.00s Sys=0.00s Real=0.00s
[91.969s][info][gc,start       ] GC(485) Pause Young (Allocation Failure)
[91.970s][info][gc,heap        ] GC(485) PSYoungGen: 41312K(41472K)->800K(41472K) Eden: 40448K(40448K)->0K(40448K) From: 864K(1024K)->800K(1024K)
[91.970s][info][gc,heap        ] GC(485) ParOldGen: 6668K(349696K)->6908K(349696K)
[91.970s][info][gc,metaspace   ] GC(485) Metaspace: 9904K(10304K)->9904K(10304K) NonClass: 8601K(8832K)->8601K(8832K) Class: 1302K(1472K)->1302K(1472K)
[91.970s][info][gc             ] GC(485) Pause Young (Allocation Failure) 46M->7M(382M) 1.067ms
[91.970s][info][gc,cpu         ] GC(485) User=0.00s Sys=0.00s Real=0.00s
[92.131s][info][gc,start       ] GC(486) Pause Young (Allocation Failure)
[92.132s][info][gc,heap        ] GC(486) PSYoungGen: 41248K(41472K)->608K(41472K) Eden: 40448K(40448K)->0K(40448K) From: 800K(1024K)->608K(1024K)
[92.132s][info][gc,heap        ] GC(486) ParOldGen: 6908K(349696K)->7148K(349696K)
[92.132s][info][gc,metaspace   ] GC(486) Metaspace: 9904K(10304K)->9904K(10304K) NonClass: 8601K(8832K)->8601K(8832K) Class: 1302K(1472K)->1302K(1472K)
[92.132s][info][gc             ] GC(486) Pause Young (Allocation Failure) 47M->7M(382M) 0.997ms
[92.132s][info][gc,cpu         ] GC(486) User=0.00s Sys=0.00s Real=0.00s
[92.302s][info][gc,start       ] GC(487) Pause Young (Allocation Failure)
[92.303s][info][gc,heap        ] GC(487) PSYoungGen: 41056K(41472K)->704K(41472K) Eden: 40448K(40448K)->0K(40448K) From: 608K(1024K)->704K(1024K)
[92.303s][info][gc,heap        ] GC(487) ParOldGen: 7148K(349696K)->7148K(349696K)
[92.303s][info][gc,metaspace   ] GC(487) Metaspace: 9904K(10304K)->9904K(10304K) NonClass: 8601K(8832K)->8601K(8832K) Class: 1302K(1472K)->1302K(1472K)
[92.303s][info][gc             ] GC(487) Pause Young (Allocation Failure) 47M->7M(382M) 0.917ms
[92.303s][info][gc,cpu         ] GC(487) User=0.00s Sys=0.00s Real=0.00s
[92.468s][info][gc,start       ] GC(488) Pause Young (Allocation Failure)
[92.468s][info][gc,heap        ] GC(488) PSYoungGen: 41152K(41472K)->576K(41472K) Eden: 40448K(40448K)->0K(40448K) From: 704K(1024K)->576K(1024K)
[92.469s][info][gc,heap        ] GC(488) ParOldGen: 7148K(349696K)->7148K(349696K)
[92.469s][info][gc,metaspace   ] GC(488) Metaspace: 9904K(10304K)->9904K(10304K) NonClass: 8601K(8832K)->8601K(8832K) Class: 1302K(1472K)->1302K(1472K)
[92.469s][info][gc             ] GC(488) Pause Young (Allocation Failure) 47M->7M(382M) 0.874ms
[92.469s][info][gc,cpu         ] GC(488) User=0.00s Sys=0.00s Real=0.00s
[92.635s][info][gc,start       ] GC(489) Pause Young (Allocation Failure)
[92.636s][info][gc,heap        ] GC(489) PSYoungGen: 41024K(41472K)->576K(41472K) Eden: 40448K(40448K)->0K(40448K) From: 576K(1024K)->576K(1024K)
[92.636s][info][gc,heap        ] GC(489) ParOldGen: 7148K(349696K)->7148K(349696K)
[92.636s][info][gc,metaspace   ] GC(489) Metaspace: 9904K(10304K)->9904K(10304K) NonClass: 8601K(8832K)->8601K(8832K) Class: 1302K(1472K)->1302K(1472K)
[92.636s][info][gc             ] GC(489) Pause Young (Allocation Failure) 47M->7M(382M) 1.019ms
[92.636s][info][gc,cpu         ] GC(489) User=0.02s Sys=0.00s Real=0.02s
[92.797s][info][gc,start       ] GC(490) Pause Young (Allocation Failure)
[92.798s][info][gc,heap        ] GC(490) PSYoungGen: 41024K(41472K)->608K(41472K) Eden: 40448K(40448K)->0K(40448K) From: 576K(1024K)->608K(1024K)
[92.798s][info][gc,heap        ] GC(490) ParOldGen: 7148K(349696K)->7148K(349696K)
[92.798s][info][gc,metaspace   ] GC(490) Metaspace: 9904K(10304K)->9904K(10304K) NonClass: 8601K(8832K)->8601K(8832K) Class: 1302K(1472K)->1302K(1472K)
[92.798s][info][gc             ] GC(490) Pause Young (Allocation Failure) 47M->7M(382M) 0.872ms
[92.798s][info][gc,cpu         ] GC(490) User=0.00s Sys=0.00s Real=0.00s
[92.968s][info][gc,start       ] GC(491) Pause Young (Allocation Failure)
[92.969s][info][gc,heap        ] GC(491) PSYoungGen: 41056K(41472K)->576K(41472K) Eden: 40448K(40448K)->0K(40448K) From: 608K(1024K)->576K(1024K)
[92.969s][info][gc,heap        ] GC(491) ParOldGen: 7148K(349696K)->7148K(349696K)
[92.969s][info][gc,metaspace   ] GC(491) Metaspace: 9904K(10304K)->9904K(10304K) NonClass: 8601K(8832K)->8601K(8832K) Class: 1302K(1472K)->1302K(1472K)
[92.969s][info][gc             ] GC(491) Pause Young (Allocation Failure) 47M->7M(382M) 0.881ms
[92.969s][info][gc,cpu         ] GC(491) User=0.00s Sys=0.00s Real=0.00s
[93.124s][info][gc,start       ] GC(492) Pause Young (Allocation Failure)
[93.125s][info][gc,heap        ] GC(492) PSYoungGen: 41024K(41472K)->576K(41472K) Eden: 40448K(40448K)->0K(40448K) From: 576K(1024K)->576K(1024K)
[93.125s][info][gc,heap        ] GC(492) ParOldGen: 7148K(349696K)->7148K(349696K)
[93.125s][info][gc,metaspace   ] GC(492) Metaspace: 9904K(10304K)->9904K(10304K) NonClass: 8601K(8832K)->8601K(8832K) Class: 1302K(1472K)->1302K(1472K)
[93.125s][info][gc             ] GC(492) Pause Young (Allocation Failure) 47M->7M(382M) 0.834ms
[93.125s][info][gc,cpu         ] GC(492) User=0.00s Sys=0.00s Real=0.00s
[93.283s][info][gc,start       ] GC(493) Pause Young (Allocation Failure)
[93.284s][info][gc,heap        ] GC(493) PSYoungGen: 41024K(41472K)->672K(41472K) Eden: 40448K(40448K)->0K(40448K) From: 576K(1024K)->672K(1024K)
[93.284s][info][gc,heap        ] GC(493) ParOldGen: 7148K(349696K)->7148K(349696K)
[93.284s][info][gc,metaspace   ] GC(493) Metaspace: 9904K(10304K)->9904K(10304K) NonClass: 8601K(8832K)->8601K(8832K) Class: 1302K(1472K)->1302K(1472K)
[93.284s][info][gc             ] GC(493) Pause Young (Allocation Failure) 47M->7M(382M) 0.895ms
[93.284s][info][gc,cpu         ] GC(493) User=0.00s Sys=0.00s Real=0.00s
[93.451s][info][gc,start       ] GC(494) Pause Young (Allocation Failure)
[93.452s][info][gc,heap        ] GC(494) PSYoungGen: 41120K(41472K)->608K(41472K) Eden: 40448K(40448K)->0K(40448K) From: 672K(1024K)->608K(1024K)
[93.452s][info][gc,heap        ] GC(494) ParOldGen: 7148K(349696K)->7148K(349696K)
[93.452s][info][gc,metaspace   ] GC(494) Metaspace: 9904K(10304K)->9904K(10304K) NonClass: 8601K(8832K)->8601K(8832K) Class: 1302K(1472K)->1302K(1472K)
[93.452s][info][gc             ] GC(494) Pause Young (Allocation Failure) 47M->7M(382M) 0.850ms
[93.452s][info][gc,cpu         ] GC(494) User=0.00s Sys=0.00s Real=0.00s
[93.620s][info][gc,start       ] GC(495) Pause Young (Allocation Failure)
[93.621s][info][gc,heap        ] GC(495) PSYoungGen: 41056K(41472K)->576K(41472K) Eden: 40448K(40448K)->0K(40448K) From: 608K(1024K)->576K(1024K)
[93.621s][info][gc,heap        ] GC(495) ParOldGen: 7148K(349696K)->7148K(349696K)
[93.621s][info][gc,metaspace   ] GC(495) Metaspace: 9904K(10304K)->9904K(10304K) NonClass: 8601K(8832K)->8601K(8832K) Class: 1302K(1472K)->1302K(1472K)
[93.621s][info][gc             ] GC(495) Pause Young (Allocation Failure) 47M->7M(382M) 0.880ms
[93.621s][info][gc,cpu         ] GC(495) User=0.00s Sys=0.00s Real=0.00s
[93.788s][info][gc,start       ] GC(496) Pause Young (Allocation Failure)
[93.789s][info][gc,heap        ] GC(496) PSYoungGen: 41024K(41472K)->576K(41472K) Eden: 40448K(40448K)->0K(40448K) From: 576K(1024K)->576K(1024K)
[93.789s][info][gc,heap        ] GC(496) ParOldGen: 7148K(349696K)->7148K(349696K)
[93.789s][info][gc,metaspace   ] GC(496) Metaspace: 9904K(10304K)->9904K(10304K) NonClass: 8601K(8832K)->8601K(8832K) Class: 1302K(1472K)->1302K(1472K)
[93.789s][info][gc             ] GC(496) Pause Young (Allocation Failure) 47M->7M(382M) 0.858ms
[93.789s][info][gc,cpu         ] GC(496) User=0.00s Sys=0.00s Real=0.00s
[93.953s][info][gc,start       ] GC(497) Pause Young (Allocation Failure)
[93.953s][info][gc,heap        ] GC(497) PSYoungGen: 41024K(41472K)->576K(41472K) Eden: 40448K(40448K)->0K(40448K) From: 576K(1024K)->576K(1024K)
[93.954s][info][gc,heap        ] GC(497) ParOldGen: 7148K(349696K)->7148K(349696K)
[93.954s][info][gc,metaspace   ] GC(497) Metaspace: 9904K(10304K)->9904K(10304K) NonClass: 8601K(8832K)->8601K(8832K) Class: 1302K(1472K)->1302K(1472K)
[93.954s][info][gc             ] GC(497) Pause Young (Allocation Failure) 47M->7M(382M) 0.797ms
[93.954s][info][gc,cpu         ] GC(497) User=0.00s Sys=0.00s Real=0.00s
[94.111s][info][gc,start       ] GC(498) Pause Young (Allocation Failure)
[94.112s][info][gc,heap        ] GC(498) PSYoungGen: 41024K(41472K)->576K(41472K) Eden: 40448K(40448K)->0K(40448K) From: 576K(1024K)->576K(1024K)
[94.112s][info][gc,heap        ] GC(498) ParOldGen: 7148K(349696K)->7148K(349696K)
[94.112s][info][gc,metaspace   ] GC(498) Metaspace: 9904K(10304K)->9904K(10304K) NonClass: 8601K(8832K)->8601K(8832K) Class: 1302K(1472K)->1302K(1472K)
[94.112s][info][gc             ] GC(498) Pause Young (Allocation Failure) 47M->7M(382M) 0.895ms
[94.112s][info][gc,cpu         ] GC(498) User=0.00s Sys=0.00s Real=0.00s
[94.270s][info][gc,start       ] GC(499) Pause Young (Allocation Failure)
[94.271s][info][gc,heap        ] GC(499) PSYoungGen: 41024K(41472K)->640K(41472K) Eden: 40448K(40448K)->0K(40448K) From: 576K(1024K)->640K(1024K)
[94.271s][info][gc,heap        ] GC(499) ParOldGen: 7148K(349696K)->7148K(349696K)
[94.271s][info][gc,metaspace   ] GC(499) Metaspace: 9904K(10304K)->9904K(10304K) NonClass: 8601K(8832K)->8601K(8832K) Class: 1302K(1472K)->1302K(1472K)
[94.271s][info][gc             ] GC(499) Pause Young (Allocation Failure) 47M->7M(382M) 0.879ms
[94.271s][info][gc,cpu         ] GC(499) User=0.00s Sys=0.00s Real=0.00s
[94.431s][info][gc,start       ] GC(500) Pause Young (Allocation Failure)
[94.432s][info][gc,heap        ] GC(500) PSYoungGen: 41088K(41472K)->576K(41472K) Eden: 40448K(40448K)->0K(40448K) From: 640K(1024K)->576K(1024K)
[94.432s][info][gc,heap        ] GC(500) ParOldGen: 7148K(349696K)->7148K(349696K)
[94.432s][info][gc,metaspace   ] GC(500) Metaspace: 9904K(10304K)->9904K(10304K) NonClass: 8601K(8832K)->8601K(8832K) Class: 1302K(1472K)->1302K(1472K)
[94.432s][info][gc             ] GC(500) Pause Young (Allocation Failure) 47M->7M(382M) 0.863ms
[94.432s][info][gc,cpu         ] GC(500) User=0.00s Sys=0.00s Real=0.00s
[94.591s][info][gc,start       ] GC(501) Pause Young (Allocation Failure)
[94.592s][info][gc,heap        ] GC(501) PSYoungGen: 41024K(41472K)->576K(41472K) Eden: 40448K(40448K)->0K(40448K) From: 576K(1024K)->576K(1024K)
[94.592s][info][gc,heap        ] GC(501) ParOldGen: 7148K(349696K)->7148K(349696K)
[94.592s][info][gc,metaspace   ] GC(501) Metaspace: 9904K(10304K)->9904K(10304K) NonClass: 8601K(8832K)->8601K(8832K) Class: 1302K(1472K)->1302K(1472K)
[94.592s][info][gc             ] GC(501) Pause Young (Allocation Failure) 47M->7M(382M) 0.830ms
[94.592s][info][gc,cpu         ] GC(501) User=0.00s Sys=0.00s Real=0.00s
[94.750s][info][gc,start       ] GC(502) Pause Young (Allocation Failure)
[94.751s][info][gc,heap        ] GC(502) PSYoungGen: 41024K(41472K)->608K(41472K) Eden: 40448K(40448K)->0K(40448K) From: 576K(1024K)->608K(1024K)
[94.751s][info][gc,heap        ] GC(502) ParOldGen: 7148K(349696K)->7148K(349696K)
[94.751s][info][gc,metaspace   ] GC(502) Metaspace: 9904K(10304K)->9904K(10304K) NonClass: 8601K(8832K)->8601K(8832K) Class: 1302K(1472K)->1302K(1472K)
[94.751s][info][gc             ] GC(502) Pause Young (Allocation Failure) 47M->7M(382M) 0.878ms
[94.751s][info][gc,cpu         ] GC(502) User=0.00s Sys=0.00s Real=0.00s
[94.920s][info][gc,start       ] GC(503) Pause Young (Allocation Failure)
[94.921s][info][gc,heap        ] GC(503) PSYoungGen: 41056K(41472K)->608K(41472K) Eden: 40448K(40448K)->0K(40448K) From: 608K(1024K)->608K(1024K)
[94.921s][info][gc,heap        ] GC(503) ParOldGen: 7148K(349696K)->7156K(349696K)
[94.921s][info][gc,metaspace   ] GC(503) Metaspace: 9904K(10304K)->9904K(10304K) NonClass: 8601K(8832K)->8601K(8832K) Class: 1302K(1472K)->1302K(1472K)
[94.921s][info][gc             ] GC(503) Pause Young (Allocation Failure) 47M->7M(382M) 0.906ms
[94.921s][info][gc,cpu         ] GC(503) User=0.00s Sys=0.00s Real=0.00s
[95.086s][info][gc,start       ] GC(504) Pause Young (Allocation Failure)
[95.087s][info][gc,heap        ] GC(504) PSYoungGen: 41056K(41472K)->576K(41472K) Eden: 40448K(40448K)->0K(40448K) From: 608K(1024K)->576K(1024K)
[95.087s][info][gc,heap        ] GC(504) ParOldGen: 7156K(349696K)->7156K(349696K)
[95.087s][info][gc,metaspace   ] GC(504) Metaspace: 9904K(10304K)->9904K(10304K) NonClass: 8601K(8832K)->8601K(8832K) Class: 1302K(1472K)->1302K(1472K)
[95.087s][info][gc             ] GC(504) Pause Young (Allocation Failure) 47M->7M(382M) 0.857ms
[95.087s][info][gc,cpu         ] GC(504) User=0.00s Sys=0.00s Real=0.00s
[95.252s][info][gc,start       ] GC(505) Pause Young (Allocation Failure)
[95.253s][info][gc,heap        ] GC(505) PSYoungGen: 41024K(41472K)->576K(41472K) Eden: 40448K(40448K)->0K(40448K) From: 576K(1024K)->576K(1024K)
[95.253s][info][gc,heap        ] GC(505) ParOldGen: 7156K(349696K)->7156K(349696K)
[95.253s][info][gc,metaspace   ] GC(505) Metaspace: 9904K(10304K)->9904K(10304K) NonClass: 8601K(8832K)->8601K(8832K) Class: 1302K(1472K)->1302K(1472K)
[95.253s][info][gc             ] GC(505) Pause Young (Allocation Failure) 47M->7M(382M) 0.847ms
[95.253s][info][gc,cpu         ] GC(505) User=0.00s Sys=0.00s Real=0.00s
[95.374s][info][gc,start       ] GC(506) Pause Young (System.gc())
[95.375s][info][gc,heap        ] GC(506) PSYoungGen: 30126K(41472K)->576K(41472K) Eden: 29550K(40448K)->0K(40448K) From: 576K(1024K)->576K(1024K)
[95.375s][info][gc,heap        ] GC(506) ParOldGen: 7156K(349696K)->7156K(349696K)
[95.375s][info][gc,metaspace   ] GC(506) Metaspace: 9904K(10304K)->9904K(10304K) NonClass: 8601K(8832K)->8601K(8832K) Class: 1302K(1472K)->1302K(1472K)
[95.375s][info][gc             ] GC(506) Pause Young (System.gc()) 36M->7M(382M) 0.843ms
[95.375s][info][gc,cpu         ] GC(506) User=0.00s Sys=0.00s Real=0.00s
[95.375s][info][gc,start       ] GC(507) Pause Full (System.gc())
[95.375s][info][gc,phases,start] GC(507) Marking Phase
[95.389s][info][gc,phases      ] GC(507) Marking Phase 13.814ms
[95.389s][info][gc,phases,start] GC(507) Summary Phase
[95.389s][info][gc,phases      ] GC(507) Summary Phase 0.031ms
[95.389s][info][gc,phases,start] GC(507) Adjust Roots
[95.393s][info][gc,phases      ] GC(507) Adjust Roots 4.139ms
[95.393s][info][gc,phases,start] GC(507) Compaction Phase
[95.396s][info][gc,phases      ] GC(507) Compaction Phase 2.974ms
[95.396s][info][gc,phases,start] GC(507) Post Compact
[95.397s][info][gc,phases      ] GC(507) Post Compact 0.286ms
[95.397s][info][gc,heap        ] GC(507) PSYoungGen: 576K(41472K)->0K(41472K) Eden: 0K(40448K)->0K(40448K) From: 576K(1024K)->0K(1024K)
[95.397s][info][gc,heap        ] GC(507) ParOldGen: 7156K(349696K)->4078K(349696K)
[95.397s][info][gc,metaspace   ] GC(507) Metaspace: 9904K(10304K)->9904K(10304K) NonClass: 8601K(8832K)->8601K(8832K) Class: 1302K(1472K)->1302K(1472K)
[95.397s][info][gc             ] GC(507) Pause Full (System.gc()) 7M->3M(382M) 21.703ms
[95.397s][info][gc,cpu         ] GC(507) User=0.02s Sys=0.00s Real=0.02s
[95.555s][info][gc,start       ] GC(508) Pause Young (Allocation Failure)
[95.557s][info][gc,heap        ] GC(508) PSYoungGen: 40448K(41472K)->1024K(41472K) Eden: 40448K(40448K)->0K(40448K) From: 0K(1024K)->1024K(1024K)
[95.557s][info][gc,heap        ] GC(508) ParOldGen: 4078K(349696K)->4318K(349696K)
[95.557s][info][gc,metaspace   ] GC(508) Metaspace: 9909K(10304K)->9909K(10304K) NonClass: 8606K(8832K)->8606K(8832K) Class: 1302K(1472K)->1302K(1472K)
[95.557s][info][gc             ] GC(508) Pause Young (Allocation Failure) 43M->5M(382M) 1.454ms
[95.557s][info][gc,cpu         ] GC(508) User=0.00s Sys=0.00s Real=0.00s
[95.724s][info][gc,start       ] GC(509) Pause Young (Allocation Failure)
[95.759s][info][gc,heap        ] GC(509) PSYoungGen: 41472K(41472K)->832K(41472K) Eden: 40448K(40448K)->0K(40448K) From: 1024K(1024K)->832K(1024K)
[95.759s][info][gc,heap        ] GC(509) ParOldGen: 4318K(349696K)->4878K(349696K)
[95.759s][info][gc,metaspace   ] GC(509) Metaspace: 9909K(10304K)->9909K(10304K) NonClass: 8606K(8832K)->8606K(8832K) Class: 1302K(1472K)->1302K(1472K)
[95.759s][info][gc             ] GC(509) Pause Young (Allocation Failure) 44M->5M(382M) 34.993ms
[95.759s][info][gc,cpu         ] GC(509) User=0.00s Sys=0.00s Real=0.03s
[95.912s][info][gc,start       ] GC(510) Pause Young (Allocation Failure)
[95.913s][info][gc,heap        ] GC(510) PSYoungGen: 41280K(41472K)->640K(41472K) Eden: 40448K(40448K)->0K(40448K) From: 832K(1024K)->640K(1024K)
[95.913s][info][gc,heap        ] GC(510) ParOldGen: 4878K(349696K)->5150K(349696K)
[95.913s][info][gc,metaspace   ] GC(510) Metaspace: 9909K(10304K)->9909K(10304K) NonClass: 8606K(8832K)->8606K(8832K) Class: 1302K(1472K)->1302K(1472K)
[95.913s][info][gc             ] GC(510) Pause Young (Allocation Failure) 45M->5M(382M) 1.023ms
[95.913s][info][gc,cpu         ] GC(510) User=0.00s Sys=0.00s Real=0.00s
[96.069s][info][gc,start       ] GC(511) Pause Young (Allocation Failure)
[96.070s][info][gc,heap        ] GC(511) PSYoungGen: 41088K(41472K)->1024K(41472K) Eden: 40448K(40448K)->0K(40448K) From: 640K(1024K)->1024K(1024K)
[96.070s][info][gc,heap        ] GC(511) ParOldGen: 5150K(349696K)->5262K(349696K)
[96.070s][info][gc,metaspace   ] GC(511) Metaspace: 9909K(10304K)->9909K(10304K) NonClass: 8606K(8832K)->8606K(8832K) Class: 1302K(1472K)->1302K(1472K)
[96.070s][info][gc             ] GC(511) Pause Young (Allocation Failure) 45M->6M(382M) 1.321ms
[96.070s][info][gc,cpu         ] GC(511) User=0.00s Sys=0.00s Real=0.00s
[96.231s][info][gc,start       ] GC(512) Pause Young (Allocation Failure)
[96.232s][info][gc,heap        ] GC(512) PSYoungGen: 41472K(41472K)->800K(41984K) Eden: 40448K(40448K)->0K(40448K) From: 1024K(1024K)->800K(1536K)
[96.232s][info][gc,heap        ] GC(512) ParOldGen: 5262K(349696K)->5670K(349696K)
[96.232s][info][gc,metaspace   ] GC(512) Metaspace: 9909K(10304K)->9909K(10304K) NonClass: 8606K(8832K)->8606K(8832K) Class: 1302K(1472K)->1302K(1472K)
[96.232s][info][gc             ] GC(512) Pause Young (Allocation Failure) 45M->6M(382M) 1.416ms
[96.232s][info][gc,cpu         ] GC(512) User=0.00s Sys=0.00s Real=0.00s
[96.404s][info][gc,start       ] GC(513) Pause Young (Allocation Failure)
[96.405s][info][gc,heap        ] GC(513) PSYoungGen: 41248K(41984K)->704K(41984K) Eden: 40448K(40448K)->0K(40448K) From: 800K(1536K)->704K(1536K)
[96.405s][info][gc,heap        ] GC(513) ParOldGen: 5670K(349696K)->5894K(349696K)
[96.405s][info][gc,metaspace   ] GC(513) Metaspace: 9909K(10304K)->9909K(10304K) NonClass: 8606K(8832K)->8606K(8832K) Class: 1302K(1472K)->1302K(1472K)
[96.405s][info][gc             ] GC(513) Pause Young (Allocation Failure) 45M->6M(382M) 1.039ms
[96.405s][info][gc,cpu         ] GC(513) User=0.00s Sys=0.00s Real=0.00s
[96.573s][info][gc,start       ] GC(514) Pause Young (Allocation Failure)
[96.574s][info][gc,heap        ] GC(514) PSYoungGen: 41152K(41984K)->768K(41984K) Eden: 40448K(40448K)->0K(40448K) From: 704K(1536K)->768K(1536K)
[96.574s][info][gc,heap        ] GC(514) ParOldGen: 5894K(349696K)->5894K(349696K)
[96.574s][info][gc,metaspace   ] GC(514) Metaspace: 9909K(10304K)->9909K(10304K) NonClass: 8606K(8832K)->8606K(8832K) Class: 1302K(1472K)->1302K(1472K)
[96.574s][info][gc             ] GC(514) Pause Young (Allocation Failure) 45M->6M(382M) 0.977ms
[96.574s][info][gc,cpu         ] GC(514) User=0.00s Sys=0.00s Real=0.00s
[96.735s][info][gc,start       ] GC(515) Pause Young (Allocation Failure)
[96.736s][info][gc,heap        ] GC(515) PSYoungGen: 41216K(41984K)->640K(41984K) Eden: 40448K(40448K)->0K(40448K) From: 768K(1536K)->640K(1536K)
[96.736s][info][gc,heap        ] GC(515) ParOldGen: 5894K(349696K)->6102K(349696K)
[96.736s][info][gc,metaspace   ] GC(515) Metaspace: 9909K(10304K)->9909K(10304K) NonClass: 8606K(8832K)->8606K(8832K) Class: 1302K(1472K)->1302K(1472K)
[96.736s][info][gc             ] GC(515) Pause Young (Allocation Failure) 46M->6M(382M) 0.988ms
[96.736s][info][gc,cpu         ] GC(515) User=0.00s Sys=0.00s Real=0.00s
[96.899s][info][gc,start       ] GC(516) Pause Young (Allocation Failure)
[96.899s][info][gc,heap        ] GC(516) PSYoungGen: 41088K(41984K)->576K(41984K) Eden: 40448K(40448K)->0K(40448K) From: 640K(1536K)->576K(1536K)
[96.899s][info][gc,heap        ] GC(516) ParOldGen: 6102K(349696K)->6102K(349696K)
[96.899s][info][gc,metaspace   ] GC(516) Metaspace: 9909K(10304K)->9909K(10304K) NonClass: 8606K(8832K)->8606K(8832K) Class: 1302K(1472K)->1302K(1472K)
[96.899s][info][gc             ] GC(516) Pause Young (Allocation Failure) 46M->6M(382M) 0.806ms
[96.899s][info][gc,cpu         ] GC(516) User=0.00s Sys=0.00s Real=0.00s
[97.059s][info][gc,start       ] GC(517) Pause Young (Allocation Failure)
[97.078s][info][gc,heap        ] GC(517) PSYoungGen: 41024K(41984K)->576K(41472K) Eden: 40448K(40448K)->0K(40448K) From: 576K(1536K)->576K(1024K)
[97.078s][info][gc,heap        ] GC(517) ParOldGen: 6102K(349696K)->6102K(349696K)
[97.078s][info][gc,metaspace   ] GC(517) Metaspace: 9909K(10304K)->9909K(10304K) NonClass: 8606K(8832K)->8606K(8832K) Class: 1302K(1472K)->1302K(1472K)
[97.078s][info][gc             ] GC(517) Pause Young (Allocation Failure) 46M->6M(382M) 19.594ms
[97.078s][info][gc,cpu         ] GC(517) User=0.00s Sys=0.00s Real=0.02s
[97.242s][info][gc,start       ] GC(518) Pause Young (Allocation Failure)
[97.243s][info][gc,heap        ] GC(518) PSYoungGen: 41024K(41472K)->672K(41472K) Eden: 40448K(40448K)->0K(40448K) From: 576K(1024K)->672K(1024K)
[97.243s][info][gc,heap        ] GC(518) ParOldGen: 6102K(349696K)->6102K(349696K)
[97.243s][info][gc,metaspace   ] GC(518) Metaspace: 9909K(10304K)->9909K(10304K) NonClass: 8606K(8832K)->8606K(8832K) Class: 1302K(1472K)->1302K(1472K)
[97.243s][info][gc             ] GC(518) Pause Young (Allocation Failure) 46M->6M(382M) 0.889ms
[97.243s][info][gc,cpu         ] GC(518) User=0.00s Sys=0.00s Real=0.00s
[97.405s][info][gc,start       ] GC(519) Pause Young (Allocation Failure)
[97.406s][info][gc,heap        ] GC(519) PSYoungGen: 41120K(41472K)->640K(41472K) Eden: 40448K(40448K)->0K(40448K) From: 672K(1024K)->640K(1024K)
[97.406s][info][gc,heap        ] GC(519) ParOldGen: 6102K(349696K)->6318K(349696K)
[97.406s][info][gc,metaspace   ] GC(519) Metaspace: 9909K(10304K)->9909K(10304K) NonClass: 8606K(8832K)->8606K(8832K) Class: 1302K(1472K)->1302K(1472K)
[97.406s][info][gc             ] GC(519) Pause Young (Allocation Failure) 46M->6M(382M) 1.097ms
[97.406s][info][gc,cpu         ] GC(519) User=0.00s Sys=0.00s Real=0.00s
[97.568s][info][gc,start       ] GC(520) Pause Young (Allocation Failure)
[97.569s][info][gc,heap        ] GC(520) PSYoungGen: 41088K(41472K)->576K(41472K) Eden: 40448K(40448K)->0K(40448K) From: 640K(1024K)->576K(1024K)
[97.569s][info][gc,heap        ] GC(520) ParOldGen: 6318K(349696K)->6318K(349696K)
[97.569s][info][gc,metaspace   ] GC(520) Metaspace: 9909K(10304K)->9909K(10304K) NonClass: 8606K(8832K)->8606K(8832K) Class: 1302K(1472K)->1302K(1472K)
[97.569s][info][gc             ] GC(520) Pause Young (Allocation Failure) 46M->6M(382M) 0.835ms
[97.569s][info][gc,cpu         ] GC(520) User=0.00s Sys=0.00s Real=0.00s
[97.727s][info][gc,start       ] GC(521) Pause Young (Allocation Failure)
[97.727s][info][gc,heap        ] GC(521) PSYoungGen: 41024K(41472K)->608K(41472K) Eden: 40448K(40448K)->0K(40448K) From: 576K(1024K)->608K(1024K)
[97.727s][info][gc,heap        ] GC(521) ParOldGen: 6318K(349696K)->6318K(349696K)
[97.727s][info][gc,metaspace   ] GC(521) Metaspace: 9909K(10304K)->9909K(10304K) NonClass: 8606K(8832K)->8606K(8832K) Class: 1302K(1472K)->1302K(1472K)
[97.727s][info][gc             ] GC(521) Pause Young (Allocation Failure) 46M->6M(382M) 0.837ms
[97.727s][info][gc,cpu         ] GC(521) User=0.00s Sys=0.00s Real=0.00s
[97.883s][info][gc,start       ] GC(522) Pause Young (Allocation Failure)
[97.884s][info][gc,heap        ] GC(522) PSYoungGen: 41056K(41472K)->832K(41472K) Eden: 40448K(40448K)->0K(40448K) From: 608K(1024K)->832K(1024K)
[97.884s][info][gc,heap        ] GC(522) ParOldGen: 6318K(349696K)->6318K(349696K)
[97.884s][info][gc,metaspace   ] GC(522) Metaspace: 9909K(10304K)->9909K(10304K) NonClass: 8606K(8832K)->8606K(8832K) Class: 1302K(1472K)->1302K(1472K)
[97.884s][info][gc             ] GC(522) Pause Young (Allocation Failure) 46M->6M(382M) 0.946ms
[97.884s][info][gc,cpu         ] GC(522) User=0.00s Sys=0.00s Real=0.00s
[98.045s][info][gc,start       ] GC(523) Pause Young (Allocation Failure)
[98.046s][info][gc,heap        ] GC(523) PSYoungGen: 41280K(41472K)->1024K(41472K) Eden: 40448K(40448K)->0K(40448K) From: 832K(1024K)->1024K(1024K)
[98.046s][info][gc,heap        ] GC(523) ParOldGen: 6318K(349696K)->6350K(349696K)
[98.046s][info][gc,metaspace   ] GC(523) Metaspace: 9909K(10304K)->9909K(10304K) NonClass: 8606K(8832K)->8606K(8832K) Class: 1302K(1472K)->1302K(1472K)
[98.046s][info][gc             ] GC(523) Pause Young (Allocation Failure) 46M->7M(382M) 1.084ms
[98.046s][info][gc,cpu         ] GC(523) User=0.00s Sys=0.00s Real=0.00s
[98.208s][info][gc,start       ] GC(524) Pause Young (Allocation Failure)
[98.209s][info][gc,heap        ] GC(524) PSYoungGen: 41472K(41472K)->512K(41984K) Eden: 40448K(40448K)->0K(40448K) From: 1024K(1024K)->512K(1536K)
[98.209s][info][gc,heap        ] GC(524) ParOldGen: 6350K(349696K)->6814K(349696K)
[98.209s][info][gc,metaspace   ] GC(524) Metaspace: 9909K(10304K)->9909K(10304K) NonClass: 8606K(8832K)->8606K(8832K) Class: 1302K(1472K)->1302K(1472K)
[98.209s][info][gc             ] GC(524) Pause Young (Allocation Failure) 46M->7M(382M) 1.228ms
[98.209s][info][gc,cpu         ] GC(524) User=0.00s Sys=0.00s Real=0.00s
[98.372s][info][gc,start       ] GC(525) Pause Young (Allocation Failure)
[98.373s][info][gc,heap        ] GC(525) PSYoungGen: 40960K(41984K)->608K(41984K) Eden: 40448K(40448K)->0K(40448K) From: 512K(1536K)->608K(1536K)
[98.373s][info][gc,heap        ] GC(525) ParOldGen: 6814K(349696K)->6814K(349696K)
[98.373s][info][gc,metaspace   ] GC(525) Metaspace: 9909K(10304K)->9909K(10304K) NonClass: 8606K(8832K)->8606K(8832K) Class: 1302K(1472K)->1302K(1472K)
[98.373s][info][gc             ] GC(525) Pause Young (Allocation Failure) 46M->7M(382M) 1.006ms
[98.373s][info][gc,cpu         ] GC(525) User=0.00s Sys=0.00s Real=0.00s
[98.527s][info][gc,start       ] GC(526) Pause Young (Allocation Failure)
[98.528s][info][gc,heap        ] GC(526) PSYoungGen: 41056K(41984K)->640K(41472K) Eden: 40448K(40448K)->0K(40448K) From: 608K(1536K)->640K(1024K)
[98.528s][info][gc,heap        ] GC(526) ParOldGen: 6814K(349696K)->6814K(349696K)
[98.528s][info][gc,metaspace   ] GC(526) Metaspace: 9909K(10304K)->9909K(10304K) NonClass: 8606K(8832K)->8606K(8832K) Class: 1302K(1472K)->1302K(1472K)
[98.528s][info][gc             ] GC(526) Pause Young (Allocation Failure) 46M->7M(382M) 0.932ms
[98.528s][info][gc,cpu         ] GC(526) User=0.00s Sys=0.00s Real=0.00s
[98.688s][info][gc,start       ] GC(527) Pause Young (Allocation Failure)
[98.688s][info][gc,heap        ] GC(527) PSYoungGen: 41087K(41472K)->576K(41472K) Eden: 40447K(40448K)->0K(40448K) From: 640K(1024K)->576K(1024K)
[98.688s][info][gc,heap        ] GC(527) ParOldGen: 6814K(349696K)->6814K(349696K)
[98.688s][info][gc,metaspace   ] GC(527) Metaspace: 9909K(10304K)->9909K(10304K) NonClass: 8606K(8832K)->8606K(8832K) Class: 1302K(1472K)->1302K(1472K)
[98.688s][info][gc             ] GC(527) Pause Young (Allocation Failure) 46M->7M(382M) 0.915ms
[98.688s][info][gc,cpu         ] GC(527) User=0.00s Sys=0.00s Real=0.00s
[98.864s][info][gc,start       ] GC(528) Pause Young (Allocation Failure)
[98.865s][info][gc,heap        ] GC(528) PSYoungGen: 41024K(41472K)->512K(40960K) Eden: 40448K(40448K)->0K(40448K) From: 576K(1024K)->512K(512K)
[98.865s][info][gc,heap        ] GC(528) ParOldGen: 6814K(349696K)->6846K(349696K)
[98.865s][info][gc,metaspace   ] GC(528) Metaspace: 9909K(10304K)->9909K(10304K) NonClass: 8606K(8832K)->8606K(8832K) Class: 1302K(1472K)->1302K(1472K)
[98.865s][info][gc             ] GC(528) Pause Young (Allocation Failure) 46M->7M(381M) 0.861ms
[98.865s][info][gc,cpu         ] GC(528) User=0.00s Sys=0.00s Real=0.00s
[99.031s][info][gc,start       ] GC(529) Pause Young (Allocation Failure)
[99.031s][info][gc,heap        ] GC(529) PSYoungGen: 40960K(40960K)->512K(41472K) Eden: 40448K(40448K)->0K(40448K) From: 512K(512K)->512K(1024K)
[99.031s][info][gc,heap        ] GC(529) ParOldGen: 6846K(349696K)->6934K(349696K)
[99.031s][info][gc,metaspace   ] GC(529) Metaspace: 9909K(10304K)->9909K(10304K) NonClass: 8606K(8832K)->8606K(8832K) Class: 1302K(1472K)->1302K(1472K)
[99.032s][info][gc             ] GC(529) Pause Young (Allocation Failure) 46M->7M(382M) 0.886ms
[99.032s][info][gc,cpu         ] GC(529) User=0.00s Sys=0.00s Real=0.00s
[99.188s][info][gc,start       ] GC(530) Pause Young (Allocation Failure)
[99.188s][info][gc,heap        ] GC(530) PSYoungGen: 40960K(41472K)->576K(41472K) Eden: 40448K(40448K)->0K(40448K) From: 512K(1024K)->576K(1024K)
[99.188s][info][gc,heap        ] GC(530) ParOldGen: 6934K(349696K)->6934K(349696K)
[99.189s][info][gc,metaspace   ] GC(530) Metaspace: 9909K(10304K)->9909K(10304K) NonClass: 8606K(8832K)->8606K(8832K) Class: 1302K(1472K)->1302K(1472K)
[99.189s][info][gc             ] GC(530) Pause Young (Allocation Failure) 46M->7M(382M) 0.865ms
[99.189s][info][gc,cpu         ] GC(530) User=0.00s Sys=0.00s Real=0.00s
[99.356s][info][gc,start       ] GC(531) Pause Young (Allocation Failure)
[99.357s][info][gc,heap        ] GC(531) PSYoungGen: 41024K(41472K)->576K(41472K) Eden: 40448K(40448K)->0K(40448K) From: 576K(1024K)->576K(1024K)
[99.357s][info][gc,heap        ] GC(531) ParOldGen: 6934K(349696K)->6942K(349696K)
[99.357s][info][gc,metaspace   ] GC(531) Metaspace: 9909K(10304K)->9909K(10304K) NonClass: 8606K(8832K)->8606K(8832K) Class: 1302K(1472K)->1302K(1472K)
[99.357s][info][gc             ] GC(531) Pause Young (Allocation Failure) 46M->7M(382M) 0.874ms
[99.357s][info][gc,cpu         ] GC(531) User=0.00s Sys=0.00s Real=0.00s
[99.516s][info][gc,start       ] GC(532) Pause Young (Allocation Failure)
[99.517s][info][gc,heap        ] GC(532) PSYoungGen: 41024K(41472K)->608K(41472K) Eden: 40448K(40448K)->0K(40448K) From: 576K(1024K)->608K(1024K)
[99.517s][info][gc,heap        ] GC(532) ParOldGen: 6942K(349696K)->6942K(349696K)
[99.517s][info][gc,metaspace   ] GC(532) Metaspace: 9909K(10304K)->9909K(10304K) NonClass: 8606K(8832K)->8606K(8832K) Class: 1302K(1472K)->1302K(1472K)
[99.517s][info][gc             ] GC(532) Pause Young (Allocation Failure) 46M->7M(382M) 0.946ms
[99.517s][info][gc,cpu         ] GC(532) User=0.00s Sys=0.00s Real=0.00s
[99.683s][info][gc,start       ] GC(533) Pause Young (Allocation Failure)
[99.684s][info][gc,heap        ] GC(533) PSYoungGen: 41056K(41472K)->768K(41472K) Eden: 40448K(40448K)->0K(40448K) From: 608K(1024K)->768K(1024K)
[99.684s][info][gc,heap        ] GC(533) ParOldGen: 6942K(349696K)->6942K(349696K)
[99.684s][info][gc,metaspace   ] GC(533) Metaspace: 9909K(10304K)->9909K(10304K) NonClass: 8606K(8832K)->8606K(8832K) Class: 1302K(1472K)->1302K(1472K)
[99.684s][info][gc             ] GC(533) Pause Young (Allocation Failure) 46M->7M(382M) 0.924ms
[99.684s][info][gc,cpu         ] GC(533) User=0.00s Sys=0.00s Real=0.00s
[99.849s][info][gc,start       ] GC(534) Pause Young (Allocation Failure)
[99.850s][info][gc,heap        ] GC(534) PSYoungGen: 41216K(41472K)->640K(41472K) Eden: 40448K(40448K)->0K(40448K) From: 768K(1024K)->640K(1024K)
[99.850s][info][gc,heap        ] GC(534) ParOldGen: 6942K(349696K)->7174K(349696K)
[99.850s][info][gc,metaspace   ] GC(534) Metaspace: 9909K(10304K)->9909K(10304K) NonClass: 8606K(8832K)->8606K(8832K) Class: 1302K(1472K)->1302K(1472K)
[99.850s][info][gc             ] GC(534) Pause Young (Allocation Failure) 47M->7M(382M) 0.999ms
[99.850s][info][gc,cpu         ] GC(534) User=0.00s Sys=0.00s Real=0.00s
[100.015s][info][gc,start       ] GC(535) Pause Young (Allocation Failure)
[100.016s][info][gc,heap        ] GC(535) PSYoungGen: 41088K(41472K)->576K(41472K) Eden: 40448K(40448K)->0K(40448K) From: 640K(1024K)->576K(1024K)
[100.016s][info][gc,heap        ] GC(535) ParOldGen: 7174K(349696K)->7174K(349696K)
[100.016s][info][gc,metaspace   ] GC(535) Metaspace: 9909K(10304K)->9909K(10304K) NonClass: 8606K(8832K)->8606K(8832K) Class: 1302K(1472K)->1302K(1472K)
[100.016s][info][gc             ] GC(535) Pause Young (Allocation Failure) 47M->7M(382M) 0.916ms
[100.016s][info][gc,cpu         ] GC(535) User=0.00s Sys=0.00s Real=0.00s
[100.179s][info][gc,start       ] GC(536) Pause Young (Allocation Failure)
[100.180s][info][gc,heap        ] GC(536) PSYoungGen: 41024K(41472K)->576K(41472K) Eden: 40448K(40448K)->0K(40448K) From: 576K(1024K)->576K(1024K)
[100.180s][info][gc,heap        ] GC(536) ParOldGen: 7174K(349696K)->7174K(349696K)
[100.180s][info][gc,metaspace   ] GC(536) Metaspace: 9909K(10304K)->9909K(10304K) NonClass: 8606K(8832K)->8606K(8832K) Class: 1302K(1472K)->1302K(1472K)
[100.180s][info][gc             ] GC(536) Pause Young (Allocation Failure) 47M->7M(382M) 0.834ms
[100.180s][info][gc,cpu         ] GC(536) User=0.00s Sys=0.00s Real=0.00s
[100.349s][info][gc,start       ] GC(537) Pause Young (Allocation Failure)
[100.349s][info][gc,heap        ] GC(537) PSYoungGen: 41024K(41472K)->800K(41472K) Eden: 40448K(40448K)->0K(40448K) From: 576K(1024K)->800K(1024K)
[100.350s][info][gc,heap        ] GC(537) ParOldGen: 7174K(349696K)->7222K(349696K)
[100.350s][info][gc,metaspace   ] GC(537) Metaspace: 9909K(10304K)->9909K(10304K) NonClass: 8606K(8832K)->8606K(8832K) Class: 1302K(1472K)->1302K(1472K)
[100.350s][info][gc             ] GC(537) Pause Young (Allocation Failure) 47M->7M(382M) 1.034ms
[100.350s][info][gc,cpu         ] GC(537) User=0.00s Sys=0.00s Real=0.00s
[100.520s][info][gc,start       ] GC(538) Pause Young (Allocation Failure)
[100.521s][info][gc,heap        ] GC(538) PSYoungGen: 41248K(41472K)->608K(41472K) Eden: 40448K(40448K)->0K(40448K) From: 800K(1024K)->608K(1024K)
[100.521s][info][gc,heap        ] GC(538) ParOldGen: 7222K(349696K)->7430K(349696K)
[100.521s][info][gc,metaspace   ] GC(538) Metaspace: 9909K(10304K)->9909K(10304K) NonClass: 8606K(8832K)->8606K(8832K) Class: 1302K(1472K)->1302K(1472K)
[100.521s][info][gc             ] GC(538) Pause Young (Allocation Failure) 47M->7M(382M) 1.098ms
[100.521s][info][gc,cpu         ] GC(538) User=0.00s Sys=0.00s Real=0.00s
[100.683s][info][gc,start       ] GC(539) Pause Young (Allocation Failure)
[100.684s][info][gc,heap        ] GC(539) PSYoungGen: 41056K(41472K)->576K(41472K) Eden: 40448K(40448K)->0K(40448K) From: 608K(1024K)->576K(1024K)
[100.684s][info][gc,heap        ] GC(539) ParOldGen: 7430K(349696K)->7430K(349696K)
[100.684s][info][gc,metaspace   ] GC(539) Metaspace: 9909K(10304K)->9909K(10304K) NonClass: 8606K(8832K)->8606K(8832K) Class: 1302K(1472K)->1302K(1472K)
[100.684s][info][gc             ] GC(539) Pause Young (Allocation Failure) 47M->7M(382M) 0.817ms
[100.684s][info][gc,cpu         ] GC(539) User=0.00s Sys=0.00s Real=0.00s
[100.843s][info][gc,start       ] GC(540) Pause Young (Allocation Failure)
[100.844s][info][gc,heap        ] GC(540) PSYoungGen: 41024K(41472K)->800K(41472K) Eden: 40448K(40448K)->0K(40448K) From: 576K(1024K)->800K(1024K)
[100.844s][info][gc,heap        ] GC(540) ParOldGen: 7430K(349696K)->7454K(349696K)
[100.844s][info][gc,metaspace   ] GC(540) Metaspace: 9909K(10304K)->9909K(10304K) NonClass: 8606K(8832K)->8606K(8832K) Class: 1302K(1472K)->1302K(1472K)
[100.844s][info][gc             ] GC(540) Pause Young (Allocation Failure) 47M->8M(382M) 0.960ms
[100.844s][info][gc,cpu         ] GC(540) User=0.00s Sys=0.00s Real=0.00s
[101.007s][info][gc,start       ] GC(541) Pause Young (Allocation Failure)
[101.008s][info][gc,heap        ] GC(541) PSYoungGen: 41248K(41472K)->544K(41472K) Eden: 40448K(40448K)->0K(40448K) From: 800K(1024K)->544K(1024K)
[101.008s][info][gc,heap        ] GC(541) ParOldGen: 7454K(349696K)->7662K(349696K)
[101.008s][info][gc,metaspace   ] GC(541) Metaspace: 9909K(10304K)->9909K(10304K) NonClass: 8606K(8832K)->8606K(8832K) Class: 1302K(1472K)->1302K(1472K)
[101.008s][info][gc             ] GC(541) Pause Young (Allocation Failure) 47M->8M(382M) 0.992ms
[101.009s][info][gc,cpu         ] GC(541) User=0.00s Sys=0.00s Real=0.00s
[101.172s][info][gc,start       ] GC(542) Pause Young (Allocation Failure)
[101.173s][info][gc,heap        ] GC(542) PSYoungGen: 40992K(41472K)->576K(41472K) Eden: 40448K(40448K)->0K(40448K) From: 544K(1024K)->576K(1024K)
[101.173s][info][gc,heap        ] GC(542) ParOldGen: 7662K(349696K)->7662K(349696K)
[101.173s][info][gc,metaspace   ] GC(542) Metaspace: 9909K(10304K)->9909K(10304K) NonClass: 8606K(8832K)->8606K(8832K) Class: 1302K(1472K)->1302K(1472K)
[101.173s][info][gc             ] GC(542) Pause Young (Allocation Failure) 47M->8M(382M) 0.852ms
[101.173s][info][gc,cpu         ] GC(542) User=0.00s Sys=0.00s Real=0.00s
[101.345s][info][gc,start       ] GC(543) Pause Young (Allocation Failure)
[101.346s][info][gc,heap        ] GC(543) PSYoungGen: 41024K(41472K)->544K(41472K) Eden: 40448K(40448K)->0K(40448K) From: 576K(1024K)->544K(1024K)
[101.346s][info][gc,heap        ] GC(543) ParOldGen: 7662K(349696K)->7662K(349696K)
[101.346s][info][gc,metaspace   ] GC(543) Metaspace: 9909K(10304K)->9909K(10304K) NonClass: 8606K(8832K)->8606K(8832K) Class: 1302K(1472K)->1302K(1472K)
[101.346s][info][gc             ] GC(543) Pause Young (Allocation Failure) 47M->8M(382M) 0.876ms
[101.346s][info][gc,cpu         ] GC(543) User=0.00s Sys=0.00s Real=0.00s
[101.511s][info][gc,start       ] GC(544) Pause Young (Allocation Failure)
[101.512s][info][gc,heap        ] GC(544) PSYoungGen: 40992K(41472K)->576K(41472K) Eden: 40448K(40448K)->0K(40448K) From: 544K(1024K)->576K(1024K)
[101.512s][info][gc,heap        ] GC(544) ParOldGen: 7662K(349696K)->7662K(349696K)
[101.512s][info][gc,metaspace   ] GC(544) Metaspace: 9909K(10304K)->9909K(10304K) NonClass: 8606K(8832K)->8606K(8832K) Class: 1302K(1472K)->1302K(1472K)
[101.512s][info][gc             ] GC(544) Pause Young (Allocation Failure) 47M->8M(382M) 0.850ms
[101.512s][info][gc,cpu         ] GC(544) User=0.00s Sys=0.00s Real=0.00s
[101.673s][info][gc,start       ] GC(545) Pause Young (Allocation Failure)
[101.674s][info][gc,heap        ] GC(545) PSYoungGen: 41024K(41472K)->576K(41472K) Eden: 40448K(40448K)->0K(40448K) From: 576K(1024K)->576K(1024K)
[101.674s][info][gc,heap        ] GC(545) ParOldGen: 7662K(349696K)->7662K(349696K)
[101.674s][info][gc,metaspace   ] GC(545) Metaspace: 9909K(10304K)->9909K(10304K) NonClass: 8606K(8832K)->8606K(8832K) Class: 1302K(1472K)->1302K(1472K)
[101.674s][info][gc             ] GC(545) Pause Young (Allocation Failure) 47M->8M(382M) 0.935ms
[101.674s][info][gc,cpu         ] GC(545) User=0.00s Sys=0.00s Real=0.00s
[101.840s][info][gc,start       ] GC(546) Pause Young (Allocation Failure)
[101.841s][info][gc,heap        ] GC(546) PSYoungGen: 41024K(41472K)->576K(41472K) Eden: 40448K(40448K)->0K(40448K) From: 576K(1024K)->576K(1024K)
[101.841s][info][gc,heap        ] GC(546) ParOldGen: 7662K(349696K)->7662K(349696K)
[101.841s][info][gc,metaspace   ] GC(546) Metaspace: 9909K(10304K)->9909K(10304K) NonClass: 8606K(8832K)->8606K(8832K) Class: 1302K(1472K)->1302K(1472K)
[101.841s][info][gc             ] GC(546) Pause Young (Allocation Failure) 47M->8M(382M) 0.820ms
[101.841s][info][gc,cpu         ] GC(546) User=0.00s Sys=0.00s Real=0.00s
[102.003s][info][gc,start       ] GC(547) Pause Young (Allocation Failure)
[102.004s][info][gc,heap        ] GC(547) PSYoungGen: 41024K(41472K)->576K(41472K) Eden: 40448K(40448K)->0K(40448K) From: 576K(1024K)->576K(1024K)
[102.004s][info][gc,heap        ] GC(547) ParOldGen: 7662K(349696K)->7662K(349696K)
[102.004s][info][gc,metaspace   ] GC(547) Metaspace: 9909K(10304K)->9909K(10304K) NonClass: 8606K(8832K)->8606K(8832K) Class: 1302K(1472K)->1302K(1472K)
[102.004s][info][gc             ] GC(547) Pause Young (Allocation Failure) 47M->8M(382M) 0.884ms
[102.004s][info][gc,cpu         ] GC(547) User=0.00s Sys=0.00s Real=0.00s
[102.145s][info][gc,start       ] GC(548) Pause Young (System.gc())
[102.145s][info][gc,heap        ] GC(548) PSYoungGen: 34792K(41472K)->544K(41472K) Eden: 34216K(40448K)->0K(40448K) From: 576K(1024K)->544K(1024K)
[102.145s][info][gc,heap        ] GC(548) ParOldGen: 7662K(349696K)->7662K(349696K)
[102.145s][info][gc,metaspace   ] GC(548) Metaspace: 9909K(10304K)->9909K(10304K) NonClass: 8607K(8832K)->8607K(8832K) Class: 1302K(1472K)->1302K(1472K)
[102.145s][info][gc             ] GC(548) Pause Young (System.gc()) 41M->8M(382M) 0.741ms
[102.145s][info][gc,cpu         ] GC(548) User=0.00s Sys=0.00s Real=0.00s
[102.146s][info][gc,start       ] GC(549) Pause Full (System.gc())
[102.146s][info][gc,phases,start] GC(549) Marking Phase
[102.159s][info][gc,phases      ] GC(549) Marking Phase 13.686ms
[102.159s][info][gc,phases,start] GC(549) Summary Phase
[102.159s][info][gc,phases      ] GC(549) Summary Phase 0.032ms
[102.159s][info][gc,phases,start] GC(549) Adjust Roots
[102.163s][info][gc,phases      ] GC(549) Adjust Roots 4.137ms
[102.164s][info][gc,phases,start] GC(549) Compaction Phase
[102.166s][info][gc,phases      ] GC(549) Compaction Phase 2.962ms
[102.167s][info][gc,phases,start] GC(549) Post Compact
[102.167s][info][gc,phases      ] GC(549) Post Compact 0.289ms
[102.167s][info][gc,heap        ] GC(549) PSYoungGen: 544K(41472K)->0K(41472K) Eden: 0K(40448K)->0K(40448K) From: 544K(1024K)->0K(1024K)
[102.167s][info][gc,heap        ] GC(549) ParOldGen: 7662K(349696K)->4078K(349696K)
[102.167s][info][gc,metaspace   ] GC(549) Metaspace: 9909K(10304K)->9909K(10304K) NonClass: 8607K(8832K)->8607K(8832K) Class: 1302K(1472K)->1302K(1472K)
[102.167s][info][gc             ] GC(549) Pause Full (System.gc()) 8M->3M(382M) 21.439ms
[102.167s][info][gc,cpu         ] GC(549) User=0.02s Sys=0.00s Real=0.02s
[102.333s][info][gc,start       ] GC(550) Pause Young (Allocation Failure)
[102.335s][info][gc,heap        ] GC(550) PSYoungGen: 40448K(41472K)->1024K(41472K) Eden: 40448K(40448K)->0K(40448K) From: 0K(1024K)->1024K(1024K)
[102.335s][info][gc,heap        ] GC(550) ParOldGen: 4078K(349696K)->4390K(349696K)
[102.335s][info][gc,metaspace   ] GC(550) Metaspace: 9909K(10304K)->9909K(10304K) NonClass: 8607K(8832K)->8607K(8832K) Class: 1302K(1472K)->1302K(1472K)
[102.335s][info][gc             ] GC(550) Pause Young (Allocation Failure) 43M->5M(382M) 1.750ms
[102.335s][info][gc,cpu         ] GC(550) User=0.00s Sys=0.00s Real=0.00s
[102.507s][info][gc,start       ] GC(551) Pause Young (Allocation Failure)
[102.508s][info][gc,heap        ] GC(551) PSYoungGen: 41472K(41472K)->1120K(41984K) Eden: 40448K(40448K)->0K(40448K) From: 1024K(1024K)->1120K(1536K)
[102.508s][info][gc,heap        ] GC(551) ParOldGen: 4390K(349696K)->4606K(349696K)
[102.508s][info][gc,metaspace   ] GC(551) Metaspace: 9909K(10304K)->9909K(10304K) NonClass: 8607K(8832K)->8607K(8832K) Class: 1302K(1472K)->1302K(1472K)
[102.508s][info][gc             ] GC(551) Pause Young (Allocation Failure) 44M->5M(382M) 1.391ms
[102.508s][info][gc,cpu         ] GC(551) User=0.00s Sys=0.00s Real=0.00s
[102.674s][info][gc,start       ] GC(552) Pause Young (Allocation Failure)
[102.675s][info][gc,heap        ] GC(552) PSYoungGen: 41568K(41984K)->768K(41984K) Eden: 40448K(40448K)->0K(40448K) From: 1120K(1536K)->768K(1536K)
[102.675s][info][gc,heap        ] GC(552) ParOldGen: 4606K(349696K)->5286K(349696K)
[102.675s][info][gc,metaspace   ] GC(552) Metaspace: 9909K(10304K)->9909K(10304K) NonClass: 8607K(8832K)->8607K(8832K) Class: 1302K(1472K)->1302K(1472K)
[102.675s][info][gc             ] GC(552) Pause Young (Allocation Failure) 45M->5M(382M) 1.544ms
[102.676s][info][gc,cpu         ] GC(552) User=0.00s Sys=0.00s Real=0.00s
[102.840s][info][gc,start       ] GC(553) Pause Young (Allocation Failure)
[102.841s][info][gc,heap        ] GC(553) PSYoungGen: 41216K(41984K)->736K(41984K) Eden: 40448K(40448K)->0K(40448K) From: 768K(1536K)->736K(1536K)
[102.841s][info][gc,heap        ] GC(553) ParOldGen: 5286K(349696K)->5494K(349696K)
[102.841s][info][gc,metaspace   ] GC(553) Metaspace: 9909K(10304K)->9909K(10304K) NonClass: 8607K(8832K)->8607K(8832K) Class: 1302K(1472K)->1302K(1472K)
[102.841s][info][gc             ] GC(553) Pause Young (Allocation Failure) 45M->6M(382M) 1.065ms
[102.841s][info][gc,cpu         ] GC(553) User=0.00s Sys=0.00s Real=0.00s
[102.999s][info][gc,start       ] GC(554) Pause Young (Allocation Failure)
[103.000s][info][gc,heap        ] GC(554) PSYoungGen: 41184K(41984K)->768K(41984K) Eden: 40448K(40448K)->0K(40448K) From: 736K(1536K)->768K(1536K)
[103.000s][info][gc,heap        ] GC(554) ParOldGen: 5494K(349696K)->5718K(349696K)
[103.000s][info][gc,metaspace   ] GC(554) Metaspace: 9909K(10304K)->9909K(10304K) NonClass: 8607K(8832K)->8607K(8832K) Class: 1302K(1472K)->1302K(1472K)
[103.000s][info][gc             ] GC(554) Pause Young (Allocation Failure) 45M->6M(382M) 1.024ms
[103.000s][info][gc,cpu         ] GC(554) User=0.00s Sys=0.00s Real=0.00s
[103.162s][info][gc,start       ] GC(555) Pause Young (Allocation Failure)
[103.162s][info][gc,heap        ] GC(555) PSYoungGen: 41216K(41984K)->832K(41984K) Eden: 40448K(40448K)->0K(40448K) From: 768K(1536K)->832K(1536K)
[103.163s][info][gc,heap        ] GC(555) ParOldGen: 5718K(349696K)->5910K(349696K)
[103.163s][info][gc,metaspace   ] GC(555) Metaspace: 9909K(10304K)->9909K(10304K) NonClass: 8607K(8832K)->8607K(8832K) Class: 1302K(1472K)->1302K(1472K)
[103.163s][info][gc             ] GC(555) Pause Young (Allocation Failure) 45M->6M(382M) 1.058ms
[103.163s][info][gc,cpu         ] GC(555) User=0.00s Sys=0.00s Real=0.00s
[103.323s][info][gc,start       ] GC(556) Pause Young (Allocation Failure)
[103.324s][info][gc,heap        ] GC(556) PSYoungGen: 41280K(41984K)->608K(41984K) Eden: 40448K(40448K)->0K(40448K) From: 832K(1536K)->608K(1536K)
[103.324s][info][gc,heap        ] GC(556) ParOldGen: 5910K(349696K)->6142K(349696K)
[103.324s][info][gc,metaspace   ] GC(556) Metaspace: 9909K(10304K)->9909K(10304K) NonClass: 8607K(8832K)->8607K(8832K) Class: 1302K(1472K)->1302K(1472K)
[103.324s][info][gc             ] GC(556) Pause Young (Allocation Failure) 46M->6M(382M) 1.024ms
[103.324s][info][gc,cpu         ] GC(556) User=0.00s Sys=0.00s Real=0.00s
[103.482s][info][gc,start       ] GC(557) Pause Young (Allocation Failure)
[103.483s][info][gc,heap        ] GC(557) PSYoungGen: 41056K(41984K)->800K(41984K) Eden: 40448K(40448K)->0K(40448K) From: 608K(1536K)->800K(1536K)
[103.483s][info][gc,heap        ] GC(557) ParOldGen: 6142K(349696K)->6206K(349696K)
[103.483s][info][gc,metaspace   ] GC(557) Metaspace: 9909K(10304K)->9909K(10304K) NonClass: 8607K(8832K)->8607K(8832K) Class: 1302K(1472K)->1302K(1472K)
[103.483s][info][gc             ] GC(557) Pause Young (Allocation Failure) 46M->6M(382M) 0.950ms
[103.483s][info][gc,cpu         ] GC(557) User=0.00s Sys=0.00s Real=0.00s
[103.652s][info][gc,start       ] GC(558) Pause Young (Allocation Failure)
[103.653s][info][gc,heap        ] GC(558) PSYoungGen: 41248K(41984K)->800K(41984K) Eden: 40448K(40448K)->0K(40448K) From: 800K(1536K)->800K(1536K)
[103.653s][info][gc,heap        ] GC(558) ParOldGen: 6206K(349696K)->6462K(349696K)
[103.653s][info][gc,metaspace   ] GC(558) Metaspace: 9909K(10304K)->9909K(10304K) NonClass: 8607K(8832K)->8607K(8832K) Class: 1302K(1472K)->1302K(1472K)
[103.653s][info][gc             ] GC(558) Pause Young (Allocation Failure) 46M->7M(382M) 1.077ms
[103.653s][info][gc,cpu         ] GC(558) User=0.00s Sys=0.00s Real=0.00s
[103.828s][info][gc,start       ] GC(559) Pause Young (Allocation Failure)
[103.829s][info][gc,heap        ] GC(559) PSYoungGen: 41248K(41984K)->800K(41984K) Eden: 40448K(40448K)->0K(40448K) From: 800K(1536K)->800K(1536K)
[103.829s][info][gc,heap        ] GC(559) ParOldGen: 6462K(349696K)->6670K(349696K)
[103.829s][info][gc,metaspace   ] GC(559) Metaspace: 9909K(10304K)->9909K(10304K) NonClass: 8607K(8832K)->8607K(8832K) Class: 1302K(1472K)->1302K(1472K)
[103.829s][info][gc             ] GC(559) Pause Young (Allocation Failure) 46M->7M(382M) 1.075ms
[103.829s][info][gc,cpu         ] GC(559) User=0.00s Sys=0.00s Real=0.00s
[103.998s][info][gc,start       ] GC(560) Pause Young (Allocation Failure)
[103.999s][info][gc,heap        ] GC(560) PSYoungGen: 41248K(41984K)->736K(41984K) Eden: 40448K(40448K)->0K(40448K) From: 800K(1536K)->736K(1536K)
[103.999s][info][gc,heap        ] GC(560) ParOldGen: 6670K(349696K)->6878K(349696K)
[103.999s][info][gc,metaspace   ] GC(560) Metaspace: 9909K(10304K)->9909K(10304K) NonClass: 8607K(8832K)->8607K(8832K) Class: 1302K(1472K)->1302K(1472K)
[103.999s][info][gc             ] GC(560) Pause Young (Allocation Failure) 46M->7M(382M) 1.121ms
[103.999s][info][gc,cpu         ] GC(560) User=0.00s Sys=0.00s Real=0.00s
[104.157s][info][gc,start       ] GC(561) Pause Young (Allocation Failure)
[104.158s][info][gc,heap        ] GC(561) PSYoungGen: 41184K(41984K)->608K(41472K) Eden: 40448K(40448K)->0K(40448K) From: 736K(1536K)->608K(1024K)
[104.158s][info][gc,heap        ] GC(561) ParOldGen: 6878K(349696K)->7126K(349696K)
[104.158s][info][gc,metaspace   ] GC(561) Metaspace: 9909K(10304K)->9909K(10304K) NonClass: 8607K(8832K)->8607K(8832K) Class: 1302K(1472K)->1302K(1472K)
[104.158s][info][gc             ] GC(561) Pause Young (Allocation Failure) 46M->7M(382M) 1.040ms
[104.158s][info][gc,cpu         ] GC(561) User=0.00s Sys=0.00s Real=0.00s
[104.317s][info][gc,start       ] GC(562) Pause Young (Allocation Failure)
[104.318s][info][gc,heap        ] GC(562) PSYoungGen: 41056K(41472K)->576K(41472K) Eden: 40448K(40448K)->0K(40448K) From: 608K(1024K)->576K(1024K)
[104.318s][info][gc,heap        ] GC(562) ParOldGen: 7126K(349696K)->7126K(349696K)
[104.318s][info][gc,metaspace   ] GC(562) Metaspace: 9909K(10304K)->9909K(10304K) NonClass: 8607K(8832K)->8607K(8832K) Class: 1302K(1472K)->1302K(1472K)
[104.318s][info][gc             ] GC(562) Pause Young (Allocation Failure) 47M->7M(382M) 1.016ms
[104.318s][info][gc,cpu         ] GC(562) User=0.00s Sys=0.00s Real=0.00s
[104.483s][info][gc,start       ] GC(563) Pause Young (Allocation Failure)
[104.484s][info][gc,heap        ] GC(563) PSYoungGen: 41024K(41472K)->512K(40960K) Eden: 40448K(40448K)->0K(40448K) From: 576K(1024K)->512K(512K)
[104.484s][info][gc,heap        ] GC(563) ParOldGen: 7126K(349696K)->7158K(349696K)
[104.484s][info][gc,metaspace   ] GC(563) Metaspace: 9909K(10304K)->9909K(10304K) NonClass: 8607K(8832K)->8607K(8832K) Class: 1302K(1472K)->1302K(1472K)
[104.484s][info][gc             ] GC(563) Pause Young (Allocation Failure) 47M->7M(381M) 0.972ms
[104.484s][info][gc,cpu         ] GC(563) User=0.00s Sys=0.00s Real=0.00s
[104.642s][info][gc,start       ] GC(564) Pause Young (Allocation Failure)
[104.643s][info][gc,heap        ] GC(564) PSYoungGen: 40960K(40960K)->672K(41472K) Eden: 40448K(40448K)->0K(40448K) From: 512K(512K)->672K(1024K)
[104.643s][info][gc,heap        ] GC(564) ParOldGen: 7158K(349696K)->7318K(349696K)
[104.643s][info][gc,metaspace   ] GC(564) Metaspace: 9909K(10304K)->9909K(10304K) NonClass: 8607K(8832K)->8607K(8832K) Class: 1302K(1472K)->1302K(1472K)
[104.643s][info][gc             ] GC(564) Pause Young (Allocation Failure) 46M->7M(382M) 0.952ms
[104.643s][info][gc,cpu         ] GC(564) User=0.00s Sys=0.00s Real=0.00s
[104.806s][info][gc,start       ] GC(565) Pause Young (Allocation Failure)
[104.807s][info][gc,heap        ] GC(565) PSYoungGen: 41120K(41472K)->576K(41472K) Eden: 40448K(40448K)->0K(40448K) From: 672K(1024K)->576K(1024K)
[104.807s][info][gc,heap        ] GC(565) ParOldGen: 7318K(349696K)->7382K(349696K)
[104.807s][info][gc,metaspace   ] GC(565) Metaspace: 9909K(10304K)->9909K(10304K) NonClass: 8607K(8832K)->8607K(8832K) Class: 1302K(1472K)->1302K(1472K)
[104.807s][info][gc             ] GC(565) Pause Young (Allocation Failure) 47M->7M(382M) 0.878ms
[104.807s][info][gc,cpu         ] GC(565) User=0.00s Sys=0.00s Real=0.00s
[104.964s][info][gc,start       ] GC(566) Pause Young (Allocation Failure)
[104.965s][info][gc,heap        ] GC(566) PSYoungGen: 41024K(41472K)->800K(41472K) Eden: 40448K(40448K)->0K(40448K) From: 576K(1024K)->800K(1024K)
[104.965s][info][gc,heap        ] GC(566) ParOldGen: 7382K(349696K)->7414K(349696K)
[104.965s][info][gc,metaspace   ] GC(566) Metaspace: 9909K(10304K)->9909K(10304K) NonClass: 8607K(8832K)->8607K(8832K) Class: 1302K(1472K)->1302K(1472K)
[104.965s][info][gc             ] GC(566) Pause Young (Allocation Failure) 47M->8M(382M) 0.970ms
[104.965s][info][gc,cpu         ] GC(566) User=0.00s Sys=0.00s Real=0.00s
[105.133s][info][gc,start       ] GC(567) Pause Young (Allocation Failure)
[105.134s][info][gc,heap        ] GC(567) PSYoungGen: 41248K(41472K)->576K(41472K) Eden: 40448K(40448K)->0K(40448K) From: 800K(1024K)->576K(1024K)
[105.134s][info][gc,heap        ] GC(567) ParOldGen: 7414K(349696K)->7574K(349696K)
[105.134s][info][gc,metaspace   ] GC(567) Metaspace: 9909K(10304K)->9909K(10304K) NonClass: 8607K(8832K)->8607K(8832K) Class: 1302K(1472K)->1302K(1472K)
[105.134s][info][gc             ] GC(567) Pause Young (Allocation Failure) 47M->7M(382M) 0.889ms
[105.134s][info][gc,cpu         ] GC(567) User=0.00s Sys=0.00s Real=0.00s
[105.297s][info][gc,start       ] GC(568) Pause Young (Allocation Failure)
[105.298s][info][gc,heap        ] GC(568) PSYoungGen: 41024K(41472K)->640K(41472K) Eden: 40448K(40448K)->0K(40448K) From: 576K(1024K)->640K(1024K)
[105.298s][info][gc,heap        ] GC(568) ParOldGen: 7574K(349696K)->7574K(349696K)
[105.298s][info][gc,metaspace   ] GC(568) Metaspace: 9909K(10304K)->9909K(10304K) NonClass: 8607K(8832K)->8607K(8832K) Class: 1302K(1472K)->1302K(1472K)
[105.298s][info][gc             ] GC(568) Pause Young (Allocation Failure) 47M->8M(382M) 0.896ms
[105.298s][info][gc,cpu         ] GC(568) User=0.00s Sys=0.00s Real=0.00s
[105.457s][info][gc,start       ] GC(569) Pause Young (Allocation Failure)
[105.457s][info][gc,heap        ] GC(569) PSYoungGen: 41088K(41472K)->576K(41472K) Eden: 40448K(40448K)->0K(40448K) From: 640K(1024K)->576K(1024K)
[105.457s][info][gc,heap        ] GC(569) ParOldGen: 7574K(349696K)->7574K(349696K)
[105.457s][info][gc,metaspace   ] GC(569) Metaspace: 9909K(10304K)->9909K(10304K) NonClass: 8607K(8832K)->8607K(8832K) Class: 1302K(1472K)->1302K(1472K)
[105.457s][info][gc             ] GC(569) Pause Young (Allocation Failure) 47M->7M(382M) 0.866ms
[105.457s][info][gc,cpu         ] GC(569) User=0.00s Sys=0.00s Real=0.00s
[105.621s][info][gc,start       ] GC(570) Pause Young (Allocation Failure)
[105.621s][info][gc,heap        ] GC(570) PSYoungGen: 41024K(41472K)->512K(41472K) Eden: 40448K(40448K)->0K(40448K) From: 576K(1024K)->512K(1024K)
[105.621s][info][gc,heap        ] GC(570) ParOldGen: 7574K(349696K)->7574K(349696K)
[105.621s][info][gc,metaspace   ] GC(570) Metaspace: 9909K(10304K)->9909K(10304K) NonClass: 8607K(8832K)->8607K(8832K) Class: 1302K(1472K)->1302K(1472K)
[105.621s][info][gc             ] GC(570) Pause Young (Allocation Failure) 47M->7M(382M) 0.830ms
[105.622s][info][gc,cpu         ] GC(570) User=0.00s Sys=0.00s Real=0.00s
[105.786s][info][gc,start       ] GC(571) Pause Young (Allocation Failure)
[105.787s][info][gc,heap        ] GC(571) PSYoungGen: 40960K(41472K)->576K(41472K) Eden: 40448K(40448K)->0K(40448K) From: 512K(1024K)->576K(1024K)
[105.787s][info][gc,heap        ] GC(571) ParOldGen: 7574K(349696K)->7574K(349696K)
[105.787s][info][gc,metaspace   ] GC(571) Metaspace: 9909K(10304K)->9909K(10304K) NonClass: 8607K(8832K)->8607K(8832K) Class: 1302K(1472K)->1302K(1472K)
[105.787s][info][gc             ] GC(571) Pause Young (Allocation Failure) 47M->7M(382M) 0.859ms
[105.787s][info][gc,cpu         ] GC(571) User=0.00s Sys=0.00s Real=0.00s
[105.953s][info][gc,start       ] GC(572) Pause Young (Allocation Failure)
[105.954s][info][gc,heap        ] GC(572) PSYoungGen: 41024K(41472K)->576K(41472K) Eden: 40448K(40448K)->0K(40448K) From: 576K(1024K)->576K(1024K)
[105.954s][info][gc,heap        ] GC(572) ParOldGen: 7574K(349696K)->7574K(349696K)
[105.954s][info][gc,metaspace   ] GC(572) Metaspace: 9909K(10304K)->9909K(10304K) NonClass: 8607K(8832K)->8607K(8832K) Class: 1302K(1472K)->1302K(1472K)
[105.954s][info][gc             ] GC(572) Pause Young (Allocation Failure) 47M->7M(382M) 0.814ms
[105.954s][info][gc,cpu         ] GC(572) User=0.00s Sys=0.00s Real=0.00s
[106.117s][info][gc,start       ] GC(573) Pause Young (Allocation Failure)
[106.118s][info][gc,heap        ] GC(573) PSYoungGen: 41024K(41472K)->576K(41472K) Eden: 40448K(40448K)->0K(40448K) From: 576K(1024K)->576K(1024K)
[106.118s][info][gc,heap        ] GC(573) ParOldGen: 7574K(349696K)->7574K(349696K)
[106.118s][info][gc,metaspace   ] GC(573) Metaspace: 9909K(10304K)->9909K(10304K) NonClass: 8607K(8832K)->8607K(8832K) Class: 1302K(1472K)->1302K(1472K)
[106.118s][info][gc             ] GC(573) Pause Young (Allocation Failure) 47M->7M(382M) 0.849ms
[106.118s][info][gc,cpu         ] GC(573) User=0.00s Sys=0.00s Real=0.00s
[106.278s][info][gc,start       ] GC(574) Pause Young (Allocation Failure)
[106.279s][info][gc,heap        ] GC(574) PSYoungGen: 41023K(41472K)->608K(41472K) Eden: 40447K(40448K)->0K(40448K) From: 576K(1024K)->608K(1024K)
[106.279s][info][gc,heap        ] GC(574) ParOldGen: 7574K(349696K)->7574K(349696K)
[106.279s][info][gc,metaspace   ] GC(574) Metaspace: 9909K(10304K)->9909K(10304K) NonClass: 8607K(8832K)->8607K(8832K) Class: 1302K(1472K)->1302K(1472K)
[106.279s][info][gc             ] GC(574) Pause Young (Allocation Failure) 47M->7M(382M) 0.862ms
[106.279s][info][gc,cpu         ] GC(574) User=0.00s Sys=0.00s Real=0.00s
[106.441s][info][gc,start       ] GC(575) Pause Young (Allocation Failure)
[106.442s][info][gc,heap        ] GC(575) PSYoungGen: 41056K(41472K)->576K(41472K) Eden: 40448K(40448K)->0K(40448K) From: 608K(1024K)->576K(1024K)
[106.442s][info][gc,heap        ] GC(575) ParOldGen: 7574K(349696K)->7574K(349696K)
[106.442s][info][gc,metaspace   ] GC(575) Metaspace: 9909K(10304K)->9909K(10304K) NonClass: 8607K(8832K)->8607K(8832K) Class: 1302K(1472K)->1302K(1472K)
[106.442s][info][gc             ] GC(575) Pause Young (Allocation Failure) 47M->7M(382M) 0.893ms
[106.442s][info][gc,cpu         ] GC(575) User=0.00s Sys=0.00s Real=0.00s
[106.601s][info][gc,start       ] GC(576) Pause Young (Allocation Failure)
[106.602s][info][gc,heap        ] GC(576) PSYoungGen: 41024K(41472K)->576K(41472K) Eden: 40448K(40448K)->0K(40448K) From: 576K(1024K)->576K(1024K)
[106.602s][info][gc,heap        ] GC(576) ParOldGen: 7574K(349696K)->7574K(349696K)
[106.602s][info][gc,metaspace   ] GC(576) Metaspace: 9909K(10304K)->9909K(10304K) NonClass: 8607K(8832K)->8607K(8832K) Class: 1302K(1472K)->1302K(1472K)
[106.602s][info][gc             ] GC(576) Pause Young (Allocation Failure) 47M->7M(382M) 0.872ms
[106.602s][info][gc,cpu         ] GC(576) User=0.00s Sys=0.00s Real=0.00s
[106.770s][info][gc,start       ] GC(577) Pause Young (Allocation Failure)
[106.771s][info][gc,heap        ] GC(577) PSYoungGen: 41024K(41472K)->608K(41472K) Eden: 40448K(40448K)->0K(40448K) From: 576K(1024K)->608K(1024K)
[106.771s][info][gc,heap        ] GC(577) ParOldGen: 7574K(349696K)->7574K(349696K)
[106.771s][info][gc,metaspace   ] GC(577) Metaspace: 9909K(10304K)->9909K(10304K) NonClass: 8607K(8832K)->8607K(8832K) Class: 1302K(1472K)->1302K(1472K)
[106.771s][info][gc             ] GC(577) Pause Young (Allocation Failure) 47M->7M(382M) 0.887ms
[106.771s][info][gc,cpu         ] GC(577) User=0.00s Sys=0.00s Real=0.00s
[106.933s][info][gc,start       ] GC(578) Pause Young (Allocation Failure)
[106.934s][info][gc,heap        ] GC(578) PSYoungGen: 41056K(41472K)->608K(41472K) Eden: 40448K(40448K)->0K(40448K) From: 608K(1024K)->608K(1024K)
[106.934s][info][gc,heap        ] GC(578) ParOldGen: 7574K(349696K)->7574K(349696K)
[106.934s][info][gc,metaspace   ] GC(578) Metaspace: 9909K(10304K)->9909K(10304K) NonClass: 8607K(8832K)->8607K(8832K) Class: 1302K(1472K)->1302K(1472K)
[106.934s][info][gc             ] GC(578) Pause Young (Allocation Failure) 47M->7M(382M) 0.890ms
[106.934s][info][gc,cpu         ] GC(578) User=0.00s Sys=0.00s Real=0.00s
[107.100s][info][gc,start       ] GC(579) Pause Young (Allocation Failure)
[107.101s][info][gc,heap        ] GC(579) PSYoungGen: 41056K(41472K)->832K(41472K) Eden: 40448K(40448K)->0K(40448K) From: 608K(1024K)->832K(1024K)
[107.101s][info][gc,heap        ] GC(579) ParOldGen: 7574K(349696K)->7590K(349696K)
[107.101s][info][gc,metaspace   ] GC(579) Metaspace: 9909K(10304K)->9909K(10304K) NonClass: 8607K(8832K)->8607K(8832K) Class: 1302K(1472K)->1302K(1472K)
[107.101s][info][gc             ] GC(579) Pause Young (Allocation Failure) 47M->8M(382M) 0.965ms
[107.101s][info][gc,cpu         ] GC(579) User=0.00s Sys=0.00s Real=0.00s
[107.267s][info][gc,start       ] GC(580) Pause Young (Allocation Failure)
[107.268s][info][gc,heap        ] GC(580) PSYoungGen: 41280K(41472K)->608K(41472K) Eden: 40448K(40448K)->0K(40448K) From: 832K(1024K)->608K(1024K)
[107.268s][info][gc,heap        ] GC(580) ParOldGen: 7590K(349696K)->7838K(349696K)
[107.268s][info][gc,metaspace   ] GC(580) Metaspace: 9909K(10304K)->9909K(10304K) NonClass: 8607K(8832K)->8607K(8832K) Class: 1302K(1472K)->1302K(1472K)
[107.268s][info][gc             ] GC(580) Pause Young (Allocation Failure) 47M->8M(382M) 0.985ms
[107.268s][info][gc,cpu         ] GC(580) User=0.00s Sys=0.00s Real=0.00s
[107.429s][info][gc,start       ] GC(581) Pause Young (Allocation Failure)
[107.430s][info][gc,heap        ] GC(581) PSYoungGen: 41056K(41472K)->864K(41472K) Eden: 40448K(40448K)->0K(40448K) From: 608K(1024K)->864K(1024K)
[107.430s][info][gc,heap        ] GC(581) ParOldGen: 7838K(349696K)->7854K(349696K)
[107.430s][info][gc,metaspace   ] GC(581) Metaspace: 9909K(10304K)->9909K(10304K) NonClass: 8607K(8832K)->8607K(8832K) Class: 1302K(1472K)->1302K(1472K)
[107.430s][info][gc             ] GC(581) Pause Young (Allocation Failure) 47M->8M(382M) 0.972ms
[107.430s][info][gc,cpu         ] GC(581) User=0.00s Sys=0.00s Real=0.00s
[107.594s][info][gc,start       ] GC(582) Pause Young (Allocation Failure)
[107.595s][info][gc,heap        ] GC(582) PSYoungGen: 41312K(41472K)->640K(41472K) Eden: 40448K(40448K)->0K(40448K) From: 864K(1024K)->640K(1024K)
[107.595s][info][gc,heap        ] GC(582) ParOldGen: 7854K(349696K)->8070K(349696K)
[107.595s][info][gc,metaspace   ] GC(582) Metaspace: 9909K(10304K)->9909K(10304K) NonClass: 8607K(8832K)->8607K(8832K) Class: 1302K(1472K)->1302K(1472K)
[107.595s][info][gc             ] GC(582) Pause Young (Allocation Failure) 48M->8M(382M) 0.977ms
[107.595s][info][gc,cpu         ] GC(582) User=0.00s Sys=0.00s Real=0.00s
[107.755s][info][gc,start       ] GC(583) Pause Young (Allocation Failure)
[107.755s][info][gc,heap        ] GC(583) PSYoungGen: 41088K(41472K)->640K(41472K) Eden: 40448K(40448K)->0K(40448K) From: 640K(1024K)->640K(1024K)
[107.756s][info][gc,heap        ] GC(583) ParOldGen: 8070K(349696K)->8070K(349696K)
[107.756s][info][gc,metaspace   ] GC(583) Metaspace: 9909K(10304K)->9909K(10304K) NonClass: 8607K(8832K)->8607K(8832K) Class: 1302K(1472K)->1302K(1472K)
[107.756s][info][gc             ] GC(583) Pause Young (Allocation Failure) 48M->8M(382M) 0.911ms
[107.756s][info][gc,cpu         ] GC(583) User=0.00s Sys=0.00s Real=0.00s
[107.925s][info][gc,start       ] GC(584) Pause Young (Allocation Failure)
[107.926s][info][gc,heap        ] GC(584) PSYoungGen: 41088K(41472K)->576K(41472K) Eden: 40448K(40448K)->0K(40448K) From: 640K(1024K)->576K(1024K)
[107.926s][info][gc,heap        ] GC(584) ParOldGen: 8070K(349696K)->8070K(349696K)
[107.926s][info][gc,metaspace   ] GC(584) Metaspace: 9909K(10304K)->9909K(10304K) NonClass: 8607K(8832K)->8607K(8832K) Class: 1302K(1472K)->1302K(1472K)
[107.926s][info][gc             ] GC(584) Pause Young (Allocation Failure) 48M->8M(382M) 0.837ms
[107.926s][info][gc,cpu         ] GC(584) User=0.00s Sys=0.00s Real=0.00s
[108.088s][info][gc,start       ] GC(585) Pause Young (Allocation Failure)
[108.089s][info][gc,heap        ] GC(585) PSYoungGen: 41024K(41472K)->704K(41472K) Eden: 40448K(40448K)->0K(40448K) From: 576K(1024K)->704K(1024K)
[108.089s][info][gc,heap        ] GC(585) ParOldGen: 8070K(349696K)->8070K(349696K)
[108.089s][info][gc,metaspace   ] GC(585) Metaspace: 9909K(10304K)->9909K(10304K) NonClass: 8607K(8832K)->8607K(8832K) Class: 1302K(1472K)->1302K(1472K)
[108.089s][info][gc             ] GC(585) Pause Young (Allocation Failure) 47M->8M(382M) 0.928ms
[108.089s][info][gc,cpu         ] GC(585) User=0.00s Sys=0.00s Real=0.00s
[108.254s][info][gc,start       ] GC(586) Pause Young (Allocation Failure)
[108.255s][info][gc,heap        ] GC(586) PSYoungGen: 41152K(41472K)->576K(41472K) Eden: 40448K(40448K)->0K(40448K) From: 704K(1024K)->576K(1024K)
[108.255s][info][gc,heap        ] GC(586) ParOldGen: 8070K(349696K)->8070K(349696K)
[108.255s][info][gc,metaspace   ] GC(586) Metaspace: 9909K(10304K)->9909K(10304K) NonClass: 8607K(8832K)->8607K(8832K) Class: 1302K(1472K)->1302K(1472K)
[108.255s][info][gc             ] GC(586) Pause Young (Allocation Failure) 48M->8M(382M) 0.870ms
[108.255s][info][gc,cpu         ] GC(586) User=0.00s Sys=0.00s Real=0.00s
[108.421s][info][gc,start       ] GC(587) Pause Young (Allocation Failure)
[108.422s][info][gc,heap        ] GC(587) PSYoungGen: 41024K(41472K)->576K(41472K) Eden: 40448K(40448K)->0K(40448K) From: 576K(1024K)->576K(1024K)
[108.422s][info][gc,heap        ] GC(587) ParOldGen: 8070K(349696K)->8070K(349696K)
[108.422s][info][gc,metaspace   ] GC(587) Metaspace: 9909K(10304K)->9909K(10304K) NonClass: 8607K(8832K)->8607K(8832K) Class: 1302K(1472K)->1302K(1472K)
[108.422s][info][gc             ] GC(587) Pause Young (Allocation Failure) 47M->8M(382M) 0.857ms
[108.422s][info][gc,cpu         ] GC(587) User=0.00s Sys=0.00s Real=0.00s
[108.580s][info][gc,start       ] GC(588) Pause Young (Allocation Failure)
[108.581s][info][gc,heap        ] GC(588) PSYoungGen: 41024K(41472K)->768K(41472K) Eden: 40448K(40448K)->0K(40448K) From: 576K(1024K)->768K(1024K)
[108.581s][info][gc,heap        ] GC(588) ParOldGen: 8070K(349696K)->8070K(349696K)
[108.581s][info][gc,metaspace   ] GC(588) Metaspace: 9909K(10304K)->9909K(10304K) NonClass: 8607K(8832K)->8607K(8832K) Class: 1302K(1472K)->1302K(1472K)
[108.581s][info][gc             ] GC(588) Pause Young (Allocation Failure) 47M->8M(382M) 0.953ms
[108.581s][info][gc,cpu         ] GC(588) User=0.00s Sys=0.00s Real=0.00s
[108.746s][info][gc,start       ] GC(589) Pause Young (Allocation Failure)
[108.747s][info][gc,heap        ] GC(589) PSYoungGen: 41216K(41472K)->640K(41472K) Eden: 40448K(40448K)->0K(40448K) From: 768K(1024K)->640K(1024K)
[108.747s][info][gc,heap        ] GC(589) ParOldGen: 8070K(349696K)->8318K(349696K)
[108.747s][info][gc,metaspace   ] GC(589) Metaspace: 9909K(10304K)->9909K(10304K) NonClass: 8607K(8832K)->8607K(8832K) Class: 1302K(1472K)->1302K(1472K)
[108.748s][info][gc             ] GC(589) Pause Young (Allocation Failure) 48M->8M(382M) 1.045ms
[108.748s][info][gc,cpu         ] GC(589) User=0.00s Sys=0.00s Real=0.00s
[108.858s][info][gc,start       ] GC(590) Pause Young (System.gc())
[108.859s][info][gc,heap        ] GC(590) PSYoungGen: 28835K(41472K)->576K(41472K) Eden: 28195K(40448K)->0K(40448K) From: 640K(1024K)->576K(1024K)
[108.859s][info][gc,heap        ] GC(590) ParOldGen: 8318K(349696K)->8326K(349696K)
[108.859s][info][gc,metaspace   ] GC(590) Metaspace: 9910K(10304K)->9910K(10304K) NonClass: 8607K(8832K)->8607K(8832K) Class: 1302K(1472K)->1302K(1472K)
[108.859s][info][gc             ] GC(590) Pause Young (System.gc()) 36M->8M(382M) 0.780ms
[108.859s][info][gc,cpu         ] GC(590) User=0.00s Sys=0.00s Real=0.00s
[108.859s][info][gc,start       ] GC(591) Pause Full (System.gc())
[108.859s][info][gc,phases,start] GC(591) Marking Phase
[108.872s][info][gc,phases      ] GC(591) Marking Phase 13.254ms
[108.872s][info][gc,phases,start] GC(591) Summary Phase
[108.872s][info][gc,phases      ] GC(591) Summary Phase 0.032ms
[108.872s][info][gc,phases,start] GC(591) Adjust Roots
[108.877s][info][gc,phases      ] GC(591) Adjust Roots 4.154ms
[108.877s][info][gc,phases,start] GC(591) Compaction Phase
[108.880s][info][gc,phases      ] GC(591) Compaction Phase 2.961ms
[108.880s][info][gc,phases,start] GC(591) Post Compact
[108.880s][info][gc,phases      ] GC(591) Post Compact 0.288ms
[108.880s][info][gc,heap        ] GC(591) PSYoungGen: 576K(41472K)->0K(41472K) Eden: 0K(40448K)->0K(40448K) From: 576K(1024K)->0K(1024K)
[108.880s][info][gc,heap        ] GC(591) ParOldGen: 8326K(349696K)->4078K(349696K)
[108.880s][info][gc,metaspace   ] GC(591) Metaspace: 9910K(10304K)->9910K(10304K) NonClass: 8607K(8832K)->8607K(8832K) Class: 1302K(1472K)->1302K(1472K)
[108.880s][info][gc             ] GC(591) Pause Full (System.gc()) 8M->3M(382M) 21.026ms
[108.880s][info][gc,cpu         ] GC(591) User=0.16s Sys=0.00s Real=0.03s
[109.046s][info][gc,start       ] GC(592) Pause Young (Allocation Failure)
[109.047s][info][gc,heap        ] GC(592) PSYoungGen: 40448K(41472K)->1024K(40960K) Eden: 40448K(40448K)->0K(39936K) From: 0K(1024K)->1024K(1024K)
[109.047s][info][gc,heap        ] GC(592) ParOldGen: 4078K(349696K)->4310K(349696K)
[109.047s][info][gc,metaspace   ] GC(592) Metaspace: 9910K(10304K)->9910K(10304K) NonClass: 8607K(8832K)->8607K(8832K) Class: 1302K(1472K)->1302K(1472K)
[109.047s][info][gc             ] GC(592) Pause Young (Allocation Failure) 43M->5M(381M) 1.475ms
[109.047s][info][gc,cpu         ] GC(592) User=0.00s Sys=0.00s Real=0.00s
[109.211s][info][gc,start       ] GC(593) Pause Young (Allocation Failure)
[109.212s][info][gc,heap        ] GC(593) PSYoungGen: 40960K(40960K)->1280K(41472K) Eden: 39936K(39936K)->0K(39936K) From: 1024K(1024K)->1280K(1536K)
[109.212s][info][gc,heap        ] GC(593) ParOldGen: 4310K(349696K)->4614K(349696K)
[109.212s][info][gc,metaspace   ] GC(593) Metaspace: 9910K(10304K)->9910K(10304K) NonClass: 8607K(8832K)->8607K(8832K) Class: 1302K(1472K)->1302K(1472K)
[109.212s][info][gc             ] GC(593) Pause Young (Allocation Failure) 44M->5M(382M) 1.524ms
[109.212s][info][gc,cpu         ] GC(593) User=0.14s Sys=0.00s Real=0.02s
[109.375s][info][gc,start       ] GC(594) Pause Young (Allocation Failure)
[109.376s][info][gc,heap        ] GC(594) PSYoungGen: 41216K(41472K)->736K(41472K) Eden: 39936K(39936K)->0K(39936K) From: 1280K(1536K)->736K(1536K)
[109.376s][info][gc,heap        ] GC(594) ParOldGen: 4614K(349696K)->5086K(349696K)
[109.376s][info][gc,metaspace   ] GC(594) Metaspace: 9910K(10304K)->9910K(10304K) NonClass: 8607K(8832K)->8607K(8832K) Class: 1302K(1472K)->1302K(1472K)
[109.376s][info][gc             ] GC(594) Pause Young (Allocation Failure) 44M->5M(382M) 1.352ms
[109.376s][info][gc,cpu         ] GC(594) User=0.00s Sys=0.00s Real=0.00s
[109.541s][info][gc,start       ] GC(595) Pause Young (Allocation Failure)
[109.542s][info][gc,heap        ] GC(595) PSYoungGen: 40672K(41472K)->640K(41472K) Eden: 39936K(39936K)->0K(39936K) From: 736K(1536K)->640K(1536K)
[109.542s][info][gc,heap        ] GC(595) ParOldGen: 5086K(349696K)->5294K(349696K)
[109.542s][info][gc,metaspace   ] GC(595) Metaspace: 9910K(10304K)->9910K(10304K) NonClass: 8607K(8832K)->8607K(8832K) Class: 1302K(1472K)->1302K(1472K)
[109.542s][info][gc             ] GC(595) Pause Young (Allocation Failure) 44M->5M(382M) 1.049ms
[109.542s][info][gc,cpu         ] GC(595) User=0.00s Sys=0.00s Real=0.00s
[109.702s][info][gc,start       ] GC(596) Pause Young (Allocation Failure)
[109.702s][info][gc,heap        ] GC(596) PSYoungGen: 40576K(41472K)->576K(41472K) Eden: 39936K(39936K)->0K(39936K) From: 640K(1536K)->576K(1536K)
[109.702s][info][gc,heap        ] GC(596) ParOldGen: 5294K(349696K)->5294K(349696K)
[109.702s][info][gc,metaspace   ] GC(596) Metaspace: 9910K(10304K)->9910K(10304K) NonClass: 8607K(8832K)->8607K(8832K) Class: 1302K(1472K)->1302K(1472K)
[109.702s][info][gc             ] GC(596) Pause Young (Allocation Failure) 44M->5M(382M) 0.877ms
[109.702s][info][gc,cpu         ] GC(596) User=0.00s Sys=0.00s Real=0.00s
[109.861s][info][gc,start       ] GC(597) Pause Young (Allocation Failure)
[109.862s][info][gc,heap        ] GC(597) PSYoungGen: 40512K(41472K)->576K(41472K) Eden: 39936K(39936K)->0K(39936K) From: 576K(1536K)->576K(1536K)
[109.862s][info][gc,heap        ] GC(597) ParOldGen: 5294K(349696K)->5294K(349696K)
[109.862s][info][gc,metaspace   ] GC(597) Metaspace: 9910K(10304K)->9910K(10304K) NonClass: 8607K(8832K)->8607K(8832K) Class: 1302K(1472K)->1302K(1472K)
[109.862s][info][gc             ] GC(597) Pause Young (Allocation Failure) 44M->5M(382M) 0.852ms
[109.862s][info][gc,cpu         ] GC(597) User=0.00s Sys=0.00s Real=0.00s
[110.017s][info][gc,start       ] GC(598) Pause Young (Allocation Failure)
[110.018s][info][gc,heap        ] GC(598) PSYoungGen: 40512K(41472K)->576K(41472K) Eden: 39936K(39936K)->0K(39936K) From: 576K(1536K)->576K(1536K)
[110.018s][info][gc,heap        ] GC(598) ParOldGen: 5294K(349696K)->5294K(349696K)
[110.018s][info][gc,metaspace   ] GC(598) Metaspace: 9910K(10304K)->9910K(10304K) NonClass: 8607K(8832K)->8607K(8832K) Class: 1302K(1472K)->1302K(1472K)
[110.018s][info][gc             ] GC(598) Pause Young (Allocation Failure) 44M->5M(382M) 0.856ms
[110.018s][info][gc,cpu         ] GC(598) User=0.00s Sys=0.00s Real=0.00s
[110.179s][info][gc,start       ] GC(599) Pause Young (Allocation Failure)
[110.179s][info][gc,heap        ] GC(599) PSYoungGen: 40512K(41472K)->768K(41472K) Eden: 39936K(39936K)->0K(39936K) From: 576K(1536K)->768K(1536K)
[110.179s][info][gc,heap        ] GC(599) ParOldGen: 5294K(349696K)->5326K(349696K)
[110.179s][info][gc,metaspace   ] GC(599) Metaspace: 9910K(10304K)->9910K(10304K) NonClass: 8607K(8832K)->8607K(8832K) Class: 1302K(1472K)->1302K(1472K)
[110.180s][info][gc             ] GC(599) Pause Young (Allocation Failure) 44M->5M(382M) 0.961ms
[110.180s][info][gc,cpu         ] GC(599) User=0.00s Sys=0.00s Real=0.00s
[110.341s][info][gc,start       ] GC(600) Pause Young (Allocation Failure)
[110.342s][info][gc,heap        ] GC(600) PSYoungGen: 40704K(41472K)->704K(41472K) Eden: 39936K(39936K)->0K(39936K) From: 768K(1536K)->704K(1536K)
[110.342s][info][gc,heap        ] GC(600) ParOldGen: 5326K(349696K)->5534K(349696K)
[110.342s][info][gc,metaspace   ] GC(600) Metaspace: 9910K(10304K)->9910K(10304K) NonClass: 8607K(8832K)->8607K(8832K) Class: 1302K(1472K)->1302K(1472K)
[110.342s][info][gc             ] GC(600) Pause Young (Allocation Failure) 44M->6M(382M) 1.049ms
[110.342s][info][gc,cpu         ] GC(600) User=0.00s Sys=0.00s Real=0.00s
[110.501s][info][gc,start       ] GC(601) Pause Young (Allocation Failure)
[110.513s][info][gc,heap        ] GC(601) PSYoungGen: 40640K(41472K)->576K(41472K) Eden: 39936K(39936K)->0K(39936K) From: 704K(1536K)->576K(1536K)
[110.513s][info][gc,heap        ] GC(601) ParOldGen: 5534K(349696K)->5902K(349696K)
[110.513s][info][gc,metaspace   ] GC(601) Metaspace: 9910K(10304K)->9910K(10304K) NonClass: 8607K(8832K)->8607K(8832K) Class: 1302K(1472K)->1302K(1472K)
[110.513s][info][gc             ] GC(601) Pause Young (Allocation Failure) 45M->6M(382M) 11.987ms
[110.513s][info][gc,cpu         ] GC(601) User=0.00s Sys=0.00s Real=0.02s
[110.668s][info][gc,start       ] GC(602) Pause Young (Allocation Failure)
[110.669s][info][gc,heap        ] GC(602) PSYoungGen: 40512K(41472K)->576K(41472K) Eden: 39936K(39936K)->0K(39936K) From: 576K(1536K)->576K(1536K)
[110.669s][info][gc,heap        ] GC(602) ParOldGen: 5902K(349696K)->5902K(349696K)
[110.669s][info][gc,metaspace   ] GC(602) Metaspace: 9910K(10304K)->9910K(10304K) NonClass: 8607K(8832K)->8607K(8832K) Class: 1302K(1472K)->1302K(1472K)
[110.669s][info][gc             ] GC(602) Pause Young (Allocation Failure) 45M->6M(382M) 0.823ms
[110.669s][info][gc,cpu         ] GC(602) User=0.00s Sys=0.00s Real=0.00s
[110.823s][info][gc,start       ] GC(603) Pause Young (Allocation Failure)
[110.824s][info][gc,heap        ] GC(603) PSYoungGen: 40512K(41472K)->576K(40960K) Eden: 39936K(39936K)->0K(39936K) From: 576K(1536K)->576K(1024K)
[110.824s][info][gc,heap        ] GC(603) ParOldGen: 5902K(349696K)->5902K(349696K)
[110.824s][info][gc,metaspace   ] GC(603) Metaspace: 9910K(10304K)->9910K(10304K) NonClass: 8607K(8832K)->8607K(8832K) Class: 1302K(1472K)->1302K(1472K)
[110.824s][info][gc             ] GC(603) Pause Young (Allocation Failure) 45M->6M(381M) 1.034ms
[110.824s][info][gc,cpu         ] GC(603) User=0.00s Sys=0.00s Real=0.00s
[110.984s][info][gc,start       ] GC(604) Pause Young (Allocation Failure)
[110.984s][info][gc,heap        ] GC(604) PSYoungGen: 40512K(40960K)->608K(40960K) Eden: 39936K(39936K)->0K(39936K) From: 576K(1024K)->608K(1024K)
[110.984s][info][gc,heap        ] GC(604) ParOldGen: 5902K(349696K)->5902K(349696K)
[110.985s][info][gc,metaspace   ] GC(604) Metaspace: 9910K(10304K)->9910K(10304K) NonClass: 8607K(8832K)->8607K(8832K) Class: 1302K(1472K)->1302K(1472K)
[110.985s][info][gc             ] GC(604) Pause Young (Allocation Failure) 45M->6M(381M) 0.829ms
[110.985s][info][gc,cpu         ] GC(604) User=0.00s Sys=0.00s Real=0.00s
[111.142s][info][gc,start       ] GC(605) Pause Young (Allocation Failure)
[111.143s][info][gc,heap        ] GC(605) PSYoungGen: 40544K(40960K)->960K(40960K) Eden: 39936K(39936K)->0K(39936K) From: 608K(1024K)->960K(1024K)
[111.143s][info][gc,heap        ] GC(605) ParOldGen: 5902K(349696K)->5926K(349696K)
[111.143s][info][gc,metaspace   ] GC(605) Metaspace: 9910K(10304K)->9910K(10304K) NonClass: 8607K(8832K)->8607K(8832K) Class: 1302K(1472K)->1302K(1472K)
[111.143s][info][gc             ] GC(605) Pause Young (Allocation Failure) 45M->6M(381M) 1.063ms
[111.143s][info][gc,cpu         ] GC(605) User=0.00s Sys=0.00s Real=0.00s
[111.308s][info][gc,start       ] GC(606) Pause Young (Allocation Failure)
[111.309s][info][gc,heap        ] GC(606) PSYoungGen: 40896K(40960K)->608K(41472K) Eden: 39936K(39936K)->0K(39936K) From: 960K(1024K)->608K(1536K)
[111.309s][info][gc,heap        ] GC(606) ParOldGen: 5926K(349696K)->6342K(349696K)
[111.309s][info][gc,metaspace   ] GC(606) Metaspace: 9910K(10304K)->9910K(10304K) NonClass: 8607K(8832K)->8607K(8832K) Class: 1302K(1472K)->1302K(1472K)
[111.309s][info][gc             ] GC(606) Pause Young (Allocation Failure) 45M->6M(382M) 1.234ms
[111.309s][info][gc,cpu         ] GC(606) User=0.00s Sys=0.00s Real=0.00s
[111.470s][info][gc,start       ] GC(607) Pause Young (Allocation Failure)
[111.471s][info][gc,heap        ] GC(607) PSYoungGen: 40544K(41472K)->544K(41472K) Eden: 39936K(39936K)->0K(39936K) From: 608K(1536K)->544K(1536K)
[111.471s][info][gc,heap        ] GC(607) ParOldGen: 6342K(349696K)->6342K(349696K)
[111.471s][info][gc,metaspace   ] GC(607) Metaspace: 9910K(10304K)->9910K(10304K) NonClass: 8607K(8832K)->8607K(8832K) Class: 1302K(1472K)->1302K(1472K)
[111.471s][info][gc             ] GC(607) Pause Young (Allocation Failure) 45M->6M(382M) 0.902ms
[111.471s][info][gc,cpu         ] GC(607) User=0.00s Sys=0.00s Real=0.00s
[111.632s][info][gc,start       ] GC(608) Pause Young (Allocation Failure)
[111.632s][info][gc,heap        ] GC(608) PSYoungGen: 40480K(41472K)->576K(40960K) Eden: 39936K(39936K)->0K(39936K) From: 544K(1536K)->576K(1024K)
[111.632s][info][gc,heap        ] GC(608) ParOldGen: 6342K(349696K)->6342K(349696K)
[111.632s][info][gc,metaspace   ] GC(608) Metaspace: 9910K(10304K)->9910K(10304K) NonClass: 8607K(8832K)->8607K(8832K) Class: 1302K(1472K)->1302K(1472K)
[111.632s][info][gc             ] GC(608) Pause Young (Allocation Failure) 45M->6M(381M) 0.883ms
[111.632s][info][gc,cpu         ] GC(608) User=0.00s Sys=0.00s Real=0.00s
[111.799s][info][gc,start       ] GC(609) Pause Young (Allocation Failure)
[111.800s][info][gc,heap        ] GC(609) PSYoungGen: 40512K(40960K)->576K(40960K) Eden: 39936K(39936K)->0K(39936K) From: 576K(1024K)->576K(1024K)
[111.800s][info][gc,heap        ] GC(609) ParOldGen: 6342K(349696K)->6342K(349696K)
[111.800s][info][gc,metaspace   ] GC(609) Metaspace: 9910K(10304K)->9910K(10304K) NonClass: 8607K(8832K)->8607K(8832K) Class: 1302K(1472K)->1302K(1472K)
[111.800s][info][gc             ] GC(609) Pause Young (Allocation Failure) 45M->6M(381M) 0.873ms
[111.800s][info][gc,cpu         ] GC(609) User=0.00s Sys=0.00s Real=0.00s
[111.959s][info][gc,start       ] GC(610) Pause Young (Allocation Failure)
[111.959s][info][gc,heap        ] GC(610) PSYoungGen: 40512K(40960K)->512K(40448K) Eden: 39936K(39936K)->0K(39936K) From: 576K(1024K)->512K(512K)
[111.959s][info][gc,heap        ] GC(610) ParOldGen: 6342K(349696K)->6366K(349696K)
[111.959s][info][gc,metaspace   ] GC(610) Metaspace: 9910K(10304K)->9910K(10304K) NonClass: 8607K(8832K)->8607K(8832K) Class: 1302K(1472K)->1302K(1472K)
[111.960s][info][gc             ] GC(610) Pause Young (Allocation Failure) 45M->6M(381M) 0.902ms
[111.960s][info][gc,cpu         ] GC(610) User=0.00s Sys=0.00s Real=0.00s
[112.116s][info][gc,start       ] GC(611) Pause Young (Allocation Failure)
[112.116s][info][gc,heap        ] GC(611) PSYoungGen: 40448K(40448K)->704K(40960K) Eden: 39936K(39936K)->0K(39936K) From: 512K(512K)->704K(1024K)
[112.117s][info][gc,heap        ] GC(611) ParOldGen: 6366K(349696K)->6398K(349696K)
[112.117s][info][gc,metaspace   ] GC(611) Metaspace: 9910K(10304K)->9910K(10304K) NonClass: 8607K(8832K)->8607K(8832K) Class: 1302K(1472K)->1302K(1472K)
[112.117s][info][gc             ] GC(611) Pause Young (Allocation Failure) 45M->6M(381M) 0.930ms
[112.117s][info][gc,cpu         ] GC(611) User=0.00s Sys=0.00s Real=0.00s
[112.281s][info][gc,start       ] GC(612) Pause Young (Allocation Failure)
[112.282s][info][gc,heap        ] GC(612) PSYoungGen: 40640K(40960K)->576K(40960K) Eden: 39936K(39936K)->0K(39936K) From: 704K(1024K)->576K(1024K)
[112.282s][info][gc,heap        ] GC(612) ParOldGen: 6398K(349696K)->6398K(349696K)
[112.282s][info][gc,metaspace   ] GC(612) Metaspace: 9910K(10304K)->9910K(10304K) NonClass: 8607K(8832K)->8607K(8832K) Class: 1302K(1472K)->1302K(1472K)
[112.282s][info][gc             ] GC(612) Pause Young (Allocation Failure) 45M->6M(381M) 0.862ms
[112.282s][info][gc,cpu         ] GC(612) User=0.00s Sys=0.00s Real=0.00s
[112.437s][info][gc,start       ] GC(613) Pause Young (Allocation Failure)
[112.438s][info][gc,heap        ] GC(613) PSYoungGen: 40512K(40960K)->800K(40960K) Eden: 39936K(39936K)->0K(39936K) From: 576K(1024K)->800K(1024K)
[112.438s][info][gc,heap        ] GC(613) ParOldGen: 6398K(349696K)->6406K(349696K)
[112.438s][info][gc,metaspace   ] GC(613) Metaspace: 9910K(10304K)->9910K(10304K) NonClass: 8607K(8832K)->8607K(8832K) Class: 1302K(1472K)->1302K(1472K)
[112.438s][info][gc             ] GC(613) Pause Young (Allocation Failure) 45M->7M(381M) 0.928ms
[112.438s][info][gc,cpu         ] GC(613) User=0.00s Sys=0.00s Real=0.00s
[112.599s][info][gc,start       ] GC(614) Pause Young (Allocation Failure)
[112.600s][info][gc,heap        ] GC(614) PSYoungGen: 40736K(40960K)->704K(40960K) Eden: 39936K(39936K)->0K(39936K) From: 800K(1024K)->704K(1024K)
[112.600s][info][gc,heap        ] GC(614) ParOldGen: 6406K(349696K)->6590K(349696K)
[112.600s][info][gc,metaspace   ] GC(614) Metaspace: 9910K(10304K)->9910K(10304K) NonClass: 8607K(8832K)->8607K(8832K) Class: 1302K(1472K)->1302K(1472K)
[112.600s][info][gc             ] GC(614) Pause Young (Allocation Failure) 46M->7M(381M) 1.006ms
[112.600s][info][gc,cpu         ] GC(614) User=0.00s Sys=0.00s Real=0.00s
[112.762s][info][gc,start       ] GC(615) Pause Young (Allocation Failure)
[112.763s][info][gc,heap        ] GC(615) PSYoungGen: 40640K(40960K)->704K(40960K) Eden: 39936K(39936K)->0K(39936K) From: 704K(1024K)->704K(1024K)
[112.763s][info][gc,heap        ] GC(615) ParOldGen: 6590K(349696K)->6590K(349696K)
[112.763s][info][gc,metaspace   ] GC(615) Metaspace: 9910K(10304K)->9910K(10304K) NonClass: 8607K(8832K)->8607K(8832K) Class: 1302K(1472K)->1302K(1472K)
[112.763s][info][gc             ] GC(615) Pause Young (Allocation Failure) 46M->7M(381M) 0.893ms
[112.763s][info][gc,cpu         ] GC(615) User=0.00s Sys=0.00s Real=0.00s
[112.923s][info][gc,start       ] GC(616) Pause Young (Allocation Failure)
[112.924s][info][gc,heap        ] GC(616) PSYoungGen: 40640K(40960K)->800K(40960K) Eden: 39936K(39936K)->0K(39936K) From: 704K(1024K)->800K(1024K)
[112.924s][info][gc,heap        ] GC(616) ParOldGen: 6590K(349696K)->6622K(349696K)
[112.924s][info][gc,metaspace   ] GC(616) Metaspace: 9910K(10304K)->9910K(10304K) NonClass: 8607K(8832K)->8607K(8832K) Class: 1302K(1472K)->1302K(1472K)
[112.924s][info][gc             ] GC(616) Pause Young (Allocation Failure) 46M->7M(381M) 0.964ms
[112.924s][info][gc,cpu         ] GC(616) User=0.00s Sys=0.00s Real=0.00s
[113.078s][info][gc,start       ] GC(617) Pause Young (Allocation Failure)
[113.079s][info][gc,heap        ] GC(617) PSYoungGen: 40736K(40960K)->608K(40960K) Eden: 39936K(39936K)->0K(39936K) From: 800K(1024K)->608K(1024K)
[113.079s][info][gc,heap        ] GC(617) ParOldGen: 6622K(349696K)->6878K(349696K)
[113.079s][info][gc,metaspace   ] GC(617) Metaspace: 9910K(10304K)->9910K(10304K) NonClass: 8607K(8832K)->8607K(8832K) Class: 1302K(1472K)->1302K(1472K)
[113.079s][info][gc             ] GC(617) Pause Young (Allocation Failure) 46M->7M(381M) 1.066ms
[113.079s][info][gc,cpu         ] GC(617) User=0.00s Sys=0.00s Real=0.00s
[113.234s][info][gc,start       ] GC(618) Pause Young (Allocation Failure)
[113.235s][info][gc,heap        ] GC(618) PSYoungGen: 40544K(40960K)->576K(40960K) Eden: 39936K(39936K)->0K(39936K) From: 608K(1024K)->576K(1024K)
[113.235s][info][gc,heap        ] GC(618) ParOldGen: 6878K(349696K)->6878K(349696K)
[113.235s][info][gc,metaspace   ] GC(618) Metaspace: 9910K(10304K)->9910K(10304K) NonClass: 8607K(8832K)->8607K(8832K) Class: 1302K(1472K)->1302K(1472K)
[113.235s][info][gc             ] GC(618) Pause Young (Allocation Failure) 46M->7M(381M) 0.865ms
[113.235s][info][gc,cpu         ] GC(618) User=0.00s Sys=0.00s Real=0.00s
[113.401s][info][gc,start       ] GC(619) Pause Young (Allocation Failure)
[113.402s][info][gc,heap        ] GC(619) PSYoungGen: 40512K(40960K)->896K(40960K) Eden: 39936K(39936K)->0K(39936K) From: 576K(1024K)->896K(1024K)
[113.402s][info][gc,heap        ] GC(619) ParOldGen: 6878K(349696K)->6942K(349696K)
[113.402s][info][gc,metaspace   ] GC(619) Metaspace: 9910K(10304K)->9910K(10304K) NonClass: 8607K(8832K)->8607K(8832K) Class: 1302K(1472K)->1302K(1472K)
[113.402s][info][gc             ] GC(619) Pause Young (Allocation Failure) 46M->7M(381M) 1.024ms
[113.402s][info][gc,cpu         ] GC(619) User=0.00s Sys=0.00s Real=0.00s
[113.558s][info][gc,start       ] GC(620) Pause Young (Allocation Failure)
[113.559s][info][gc,heap        ] GC(620) PSYoungGen: 40832K(40960K)->832K(40960K) Eden: 39936K(39936K)->0K(39936K) From: 896K(1024K)->832K(1024K)
[113.559s][info][gc,heap        ] GC(620) ParOldGen: 6942K(349696K)->7182K(349696K)
[113.559s][info][gc,metaspace   ] GC(620) Metaspace: 9910K(10304K)->9910K(10304K) NonClass: 8607K(8832K)->8607K(8832K) Class: 1302K(1472K)->1302K(1472K)
[113.559s][info][gc             ] GC(620) Pause Young (Allocation Failure) 46M->7M(381M) 1.127ms
[113.559s][info][gc,cpu         ] GC(620) User=0.00s Sys=0.00s Real=0.00s
[113.716s][info][gc,start       ] GC(621) Pause Young (Allocation Failure)
[113.717s][info][gc,heap        ] GC(621) PSYoungGen: 40768K(40960K)->544K(40960K) Eden: 39936K(39936K)->0K(39936K) From: 832K(1024K)->544K(1024K)
[113.717s][info][gc,heap        ] GC(621) ParOldGen: 7182K(349696K)->7398K(349696K)
[113.717s][info][gc,metaspace   ] GC(621) Metaspace: 9910K(10304K)->9910K(10304K) NonClass: 8607K(8832K)->8607K(8832K) Class: 1302K(1472K)->1302K(1472K)
[113.717s][info][gc             ] GC(621) Pause Young (Allocation Failure) 46M->7M(381M) 0.996ms
[113.717s][info][gc,cpu         ] GC(621) User=0.00s Sys=0.00s Real=0.00s
[113.873s][info][gc,start       ] GC(622) Pause Young (Allocation Failure)
[113.874s][info][gc,heap        ] GC(622) PSYoungGen: 40480K(40960K)->544K(40960K) Eden: 39936K(39936K)->0K(39936K) From: 544K(1024K)->544K(1024K)
[113.874s][info][gc,heap        ] GC(622) ParOldGen: 7398K(349696K)->7406K(349696K)
[113.874s][info][gc,metaspace   ] GC(622) Metaspace: 9910K(10304K)->9910K(10304K) NonClass: 8607K(8832K)->8607K(8832K) Class: 1302K(1472K)->1302K(1472K)
[113.874s][info][gc             ] GC(622) Pause Young (Allocation Failure) 46M->7M(381M) 0.873ms
[113.874s][info][gc,cpu         ] GC(622) User=0.00s Sys=0.00s Real=0.00s
[114.036s][info][gc,start       ] GC(623) Pause Young (Allocation Failure)
[114.037s][info][gc,heap        ] GC(623) PSYoungGen: 40480K(40960K)->608K(40960K) Eden: 39936K(39936K)->0K(39936K) From: 544K(1024K)->608K(1024K)
[114.037s][info][gc,heap        ] GC(623) ParOldGen: 7406K(349696K)->7406K(349696K)
[114.037s][info][gc,metaspace   ] GC(623) Metaspace: 9910K(10304K)->9910K(10304K) NonClass: 8607K(8832K)->8607K(8832K) Class: 1302K(1472K)->1302K(1472K)
[114.037s][info][gc             ] GC(623) Pause Young (Allocation Failure) 46M->7M(381M) 0.869ms
[114.037s][info][gc,cpu         ] GC(623) User=0.00s Sys=0.00s Real=0.00s
[114.205s][info][gc,start       ] GC(624) Pause Young (Allocation Failure)
[114.206s][info][gc,heap        ] GC(624) PSYoungGen: 40544K(40960K)->608K(40960K) Eden: 39936K(39936K)->0K(39936K) From: 608K(1024K)->608K(1024K)
[114.206s][info][gc,heap        ] GC(624) ParOldGen: 7406K(349696K)->7414K(349696K)
[114.206s][info][gc,metaspace   ] GC(624) Metaspace: 9910K(10304K)->9910K(10304K) NonClass: 8607K(8832K)->8607K(8832K) Class: 1302K(1472K)->1302K(1472K)
[114.206s][info][gc             ] GC(624) Pause Young (Allocation Failure) 46M->7M(381M) 0.885ms
[114.206s][info][gc,cpu         ] GC(624) User=0.00s Sys=0.00s Real=0.00s
[114.375s][info][gc,start       ] GC(625) Pause Young (Allocation Failure)
[114.376s][info][gc,heap        ] GC(625) PSYoungGen: 40544K(40960K)->896K(40960K) Eden: 39936K(39936K)->0K(39936K) From: 608K(1024K)->896K(1024K)
[114.376s][info][gc,heap        ] GC(625) ParOldGen: 7414K(349696K)->7430K(349696K)
[114.376s][info][gc,metaspace   ] GC(625) Metaspace: 9910K(10304K)->9910K(10304K) NonClass: 8607K(8832K)->8607K(8832K) Class: 1302K(1472K)->1302K(1472K)
[114.376s][info][gc             ] GC(625) Pause Young (Allocation Failure) 46M->8M(381M) 1.011ms
[114.376s][info][gc,cpu         ] GC(625) User=0.00s Sys=0.00s Real=0.00s
[114.540s][info][gc,start       ] GC(626) Pause Young (Allocation Failure)
[114.541s][info][gc,heap        ] GC(626) PSYoungGen: 40832K(40960K)->608K(40960K) Eden: 39936K(39936K)->0K(39936K) From: 896K(1024K)->608K(1024K)
[114.541s][info][gc,heap        ] GC(626) ParOldGen: 7430K(349696K)->7702K(349696K)
[114.541s][info][gc,metaspace   ] GC(626) Metaspace: 9910K(10304K)->9910K(10304K) NonClass: 8607K(8832K)->8607K(8832K) Class: 1302K(1472K)->1302K(1472K)
[114.541s][info][gc             ] GC(626) Pause Young (Allocation Failure) 47M->8M(381M) 1.026ms
[114.541s][info][gc,cpu         ] GC(626) User=0.00s Sys=0.00s Real=0.00s
[114.702s][info][gc,start       ] GC(627) Pause Young (Allocation Failure)
[114.702s][info][gc,heap        ] GC(627) PSYoungGen: 40544K(40960K)->576K(40960K) Eden: 39936K(39936K)->0K(39936K) From: 608K(1024K)->576K(1024K)
[114.702s][info][gc,heap        ] GC(627) ParOldGen: 7702K(349696K)->7702K(349696K)
[114.702s][info][gc,metaspace   ] GC(627) Metaspace: 9910K(10304K)->9910K(10304K) NonClass: 8607K(8832K)->8607K(8832K) Class: 1302K(1472K)->1302K(1472K)
[114.702s][info][gc             ] GC(627) Pause Young (Allocation Failure) 47M->8M(381M) 0.884ms
[114.702s][info][gc,cpu         ] GC(627) User=0.00s Sys=0.00s Real=0.00s
[114.866s][info][gc,start       ] GC(628) Pause Young (Allocation Failure)
[114.866s][info][gc,heap        ] GC(628) PSYoungGen: 40512K(40960K)->576K(40960K) Eden: 39936K(39936K)->0K(39936K) From: 576K(1024K)->576K(1024K)
[114.866s][info][gc,heap        ] GC(628) ParOldGen: 7702K(349696K)->7702K(349696K)
[114.866s][info][gc,metaspace   ] GC(628) Metaspace: 9910K(10304K)->9910K(10304K) NonClass: 8607K(8832K)->8607K(8832K) Class: 1302K(1472K)->1302K(1472K)
[114.866s][info][gc             ] GC(628) Pause Young (Allocation Failure) 47M->8M(381M) 0.833ms
[114.867s][info][gc,cpu         ] GC(628) User=0.00s Sys=0.00s Real=0.00s
[115.023s][info][gc,start       ] GC(629) Pause Young (Allocation Failure)
[115.024s][info][gc,heap        ] GC(629) PSYoungGen: 40512K(40960K)->608K(40960K) Eden: 39936K(39936K)->0K(39936K) From: 576K(1024K)->608K(1024K)
[115.024s][info][gc,heap        ] GC(629) ParOldGen: 7702K(349696K)->7702K(349696K)
[115.024s][info][gc,metaspace   ] GC(629) Metaspace: 9910K(10304K)->9910K(10304K) NonClass: 8607K(8832K)->8607K(8832K) Class: 1302K(1472K)->1302K(1472K)
[115.024s][info][gc             ] GC(629) Pause Young (Allocation Failure) 47M->8M(381M) 0.893ms
[115.024s][info][gc,cpu         ] GC(629) User=0.00s Sys=0.00s Real=0.00s
[115.182s][info][gc,start       ] GC(630) Pause Young (Allocation Failure)
[115.183s][info][gc,heap        ] GC(630) PSYoungGen: 40544K(40960K)->576K(40960K) Eden: 39936K(39936K)->0K(39936K) From: 608K(1024K)->576K(1024K)
[115.183s][info][gc,heap        ] GC(630) ParOldGen: 7702K(349696K)->7702K(349696K)
[115.183s][info][gc,metaspace   ] GC(630) Metaspace: 9910K(10304K)->9910K(10304K) NonClass: 8607K(8832K)->8607K(8832K) Class: 1302K(1472K)->1302K(1472K)
[115.183s][info][gc             ] GC(630) Pause Young (Allocation Failure) 47M->8M(381M) 0.847ms
[115.183s][info][gc,cpu         ] GC(630) User=0.00s Sys=0.00s Real=0.00s
[115.345s][info][gc,start       ] GC(631) Pause Young (Allocation Failure)
[115.345s][info][gc,heap        ] GC(631) PSYoungGen: 40512K(40960K)->576K(40960K) Eden: 39936K(39936K)->0K(39936K) From: 576K(1024K)->576K(1024K)
[115.345s][info][gc,heap        ] GC(631) ParOldGen: 7702K(349696K)->7702K(349696K)
[115.345s][info][gc,metaspace   ] GC(631) Metaspace: 9910K(10304K)->9910K(10304K) NonClass: 8607K(8832K)->8607K(8832K) Class: 1302K(1472K)->1302K(1472K)
[115.345s][info][gc             ] GC(631) Pause Young (Allocation Failure) 47M->8M(381M) 0.834ms
[115.345s][info][gc,cpu         ] GC(631) User=0.00s Sys=0.00s Real=0.00s
[115.511s][info][gc,start       ] GC(632) Pause Young (Allocation Failure)
[115.511s][info][gc,heap        ] GC(632) PSYoungGen: 40512K(40960K)->576K(40960K) Eden: 39936K(39936K)->0K(39936K) From: 576K(1024K)->576K(1024K)
[115.511s][info][gc,heap        ] GC(632) ParOldGen: 7702K(349696K)->7702K(349696K)
[115.511s][info][gc,metaspace   ] GC(632) Metaspace: 9910K(10304K)->9910K(10304K) NonClass: 8607K(8832K)->8607K(8832K) Class: 1302K(1472K)->1302K(1472K)
[115.511s][info][gc             ] GC(632) Pause Young (Allocation Failure) 47M->8M(381M) 0.874ms
[115.511s][info][gc,cpu         ] GC(632) User=0.00s Sys=0.00s Real=0.00s
[115.572s][info][gc,start       ] GC(633) Pause Young (System.gc())
[115.573s][info][gc,heap        ] GC(633) PSYoungGen: 14061K(40960K)->544K(40960K) Eden: 13485K(39936K)->0K(39936K) From: 576K(1024K)->544K(1024K)
[115.573s][info][gc,heap        ] GC(633) ParOldGen: 7702K(349696K)->7766K(349696K)
[115.573s][info][gc,metaspace   ] GC(633) Metaspace: 9910K(10304K)->9910K(10304K) NonClass: 8607K(8832K)->8607K(8832K) Class: 1302K(1472K)->1302K(1472K)
[115.573s][info][gc             ] GC(633) Pause Young (System.gc()) 21M->8M(381M) 0.765ms
[115.573s][info][gc,cpu         ] GC(633) User=0.00s Sys=0.00s Real=0.00s
[115.573s][info][gc,start       ] GC(634) Pause Full (System.gc())
[115.573s][info][gc,phases,start] GC(634) Marking Phase
[115.587s][info][gc,phases      ] GC(634) Marking Phase 14.413ms
[115.587s][info][gc,phases,start] GC(634) Summary Phase
[115.587s][info][gc,phases      ] GC(634) Summary Phase 0.031ms
[115.587s][info][gc,phases,start] GC(634) Adjust Roots
[115.592s][info][gc,phases      ] GC(634) Adjust Roots 4.172ms
[115.592s][info][gc,phases,start] GC(634) Compaction Phase
[115.595s][info][gc,phases      ] GC(634) Compaction Phase 2.973ms
[115.595s][info][gc,phases,start] GC(634) Post Compact
[115.595s][info][gc,phases      ] GC(634) Post Compact 0.292ms
[115.595s][info][gc,heap        ] GC(634) PSYoungGen: 544K(40960K)->0K(40960K) Eden: 0K(39936K)->0K(39936K) From: 544K(1024K)->0K(1024K)
[115.595s][info][gc,heap        ] GC(634) ParOldGen: 7766K(349696K)->4078K(349696K)
[115.595s][info][gc,metaspace   ] GC(634) Metaspace: 9910K(10304K)->9910K(10304K) NonClass: 8607K(8832K)->8607K(8832K) Class: 1302K(1472K)->1302K(1472K)
[115.595s][info][gc             ] GC(634) Pause Full (System.gc()) 8M->3M(381M) 22.221ms
[115.595s][info][gc,cpu         ] GC(634) User=0.02s Sys=0.00s Real=0.02s
[115.767s][info][gc,start       ] GC(635) Pause Young (Allocation Failure)
[115.768s][info][gc,heap        ] GC(635) PSYoungGen: 39936K(40960K)->1024K(40448K) Eden: 39936K(39936K)->0K(39424K) From: 0K(1024K)->1024K(1024K)
[115.768s][info][gc,heap        ] GC(635) ParOldGen: 4078K(349696K)->4254K(349696K)
[115.768s][info][gc,metaspace   ] GC(635) Metaspace: 9910K(10304K)->9910K(10304K) NonClass: 8607K(8832K)->8607K(8832K) Class: 1302K(1472K)->1302K(1472K)
[115.768s][info][gc             ] GC(635) Pause Young (Allocation Failure) 42M->5M(381M) 1.512ms
[115.768s][info][gc,cpu         ] GC(635) User=0.00s Sys=0.00s Real=0.00s
[115.924s][info][gc,start       ] GC(636) Pause Young (Allocation Failure)
[115.926s][info][gc,heap        ] GC(636) PSYoungGen: 40448K(40448K)->1152K(40960K) Eden: 39424K(39424K)->0K(39424K) From: 1024K(1024K)->1152K(1536K)
[115.926s][info][gc,heap        ] GC(636) ParOldGen: 4254K(349696K)->4606K(349696K)
[115.926s][info][gc,metaspace   ] GC(636) Metaspace: 9910K(10304K)->9910K(10304K) NonClass: 8607K(8832K)->8607K(8832K) Class: 1302K(1472K)->1302K(1472K)
[115.926s][info][gc             ] GC(636) Pause Young (Allocation Failure) 43M->5M(381M) 1.467ms
[115.926s][info][gc,cpu         ] GC(636) User=0.00s Sys=0.00s Real=0.00s
[116.081s][info][gc,start       ] GC(637) Pause Young (Allocation Failure)
[116.082s][info][gc,heap        ] GC(637) PSYoungGen: 40576K(40960K)->736K(40960K) Eden: 39424K(39424K)->0K(39424K) From: 1152K(1536K)->736K(1536K)
[116.082s][info][gc,heap        ] GC(637) ParOldGen: 4606K(349696K)->5070K(349696K)
[116.082s][info][gc,metaspace   ] GC(637) Metaspace: 9910K(10304K)->9910K(10304K) NonClass: 8607K(8832K)->8607K(8832K) Class: 1302K(1472K)->1302K(1472K)
[116.082s][info][gc             ] GC(637) Pause Young (Allocation Failure) 44M->5M(381M) 1.350ms
[116.082s][info][gc,cpu         ] GC(637) User=0.00s Sys=0.00s Real=0.00s
[116.237s][info][gc,start       ] GC(638) Pause Young (Allocation Failure)
[116.238s][info][gc,heap        ] GC(638) PSYoungGen: 40160K(40960K)->1024K(40960K) Eden: 39424K(39424K)->0K(39424K) From: 736K(1536K)->1024K(1536K)
[116.238s][info][gc,heap        ] GC(638) ParOldGen: 5070K(349696K)->5110K(349696K)
[116.238s][info][gc,metaspace   ] GC(638) Metaspace: 9910K(10304K)->9910K(10304K) NonClass: 8607K(8832K)->8607K(8832K) Class: 1302K(1472K)->1302K(1472K)
[116.238s][info][gc             ] GC(638) Pause Young (Allocation Failure) 44M->5M(381M) 1.052ms
[116.239s][info][gc,cpu         ] GC(638) User=0.00s Sys=0.00s Real=0.00s
[116.392s][info][gc,start       ] GC(639) Pause Young (Allocation Failure)
[116.394s][info][gc,heap        ] GC(639) PSYoungGen: 40448K(40960K)->576K(40960K) Eden: 39424K(39424K)->0K(39424K) From: 1024K(1536K)->576K(1536K)
[116.394s][info][gc,heap        ] GC(639) ParOldGen: 5110K(349696K)->5526K(349696K)
[116.394s][info][gc,metaspace   ] GC(639) Metaspace: 9910K(10304K)->9910K(10304K) NonClass: 8607K(8832K)->8607K(8832K) Class: 1302K(1472K)->1302K(1472K)
[116.394s][info][gc             ] GC(639) Pause Young (Allocation Failure) 44M->5M(381M) 1.261ms
[116.394s][info][gc,cpu         ] GC(639) User=0.00s Sys=0.00s Real=0.00s
[116.550s][info][gc,start       ] GC(640) Pause Young (Allocation Failure)
[116.551s][info][gc,heap        ] GC(640) PSYoungGen: 40000K(40960K)->608K(40960K) Eden: 39424K(39424K)->0K(39424K) From: 576K(1536K)->608K(1536K)
[116.551s][info][gc,heap        ] GC(640) ParOldGen: 5526K(349696K)->5526K(349696K)
[116.551s][info][gc,metaspace   ] GC(640) Metaspace: 9910K(10304K)->9910K(10304K) NonClass: 8607K(8832K)->8607K(8832K) Class: 1302K(1472K)->1302K(1472K)
[116.551s][info][gc             ] GC(640) Pause Young (Allocation Failure) 44M->5M(381M) 0.856ms
[116.551s][info][gc,cpu         ] GC(640) User=0.00s Sys=0.00s Real=0.00s
[116.707s][info][gc,start       ] GC(641) Pause Young (Allocation Failure)
[116.707s][info][gc,heap        ] GC(641) PSYoungGen: 40032K(40960K)->832K(40960K) Eden: 39424K(39424K)->0K(39424K) From: 608K(1536K)->832K(1536K)
[116.707s][info][gc,heap        ] GC(641) ParOldGen: 5526K(349696K)->5526K(349696K)
[116.707s][info][gc,metaspace   ] GC(641) Metaspace: 9910K(10304K)->9910K(10304K) NonClass: 8607K(8832K)->8607K(8832K) Class: 1302K(1472K)->1302K(1472K)
[116.707s][info][gc             ] GC(641) Pause Young (Allocation Failure) 44M->6M(381M) 0.892ms
[116.707s][info][gc,cpu         ] GC(641) User=0.00s Sys=0.00s Real=0.00s
[116.863s][info][gc,start       ] GC(642) Pause Young (Allocation Failure)
[116.864s][info][gc,heap        ] GC(642) PSYoungGen: 40256K(40960K)->864K(40960K) Eden: 39424K(39424K)->0K(39424K) From: 832K(1536K)->864K(1536K)
[116.864s][info][gc,heap        ] GC(642) ParOldGen: 5526K(349696K)->5846K(349696K)
[116.864s][info][gc,metaspace   ] GC(642) Metaspace: 9910K(10304K)->9910K(10304K) NonClass: 8607K(8832K)->8607K(8832K) Class: 1302K(1472K)->1302K(1472K)
[116.864s][info][gc             ] GC(642) Pause Young (Allocation Failure) 44M->6M(381M) 1.189ms
[116.864s][info][gc,cpu         ] GC(642) User=0.00s Sys=0.00s Real=0.00s
[117.020s][info][gc,start       ] GC(643) Pause Young (Allocation Failure)
[117.021s][info][gc,heap        ] GC(643) PSYoungGen: 40288K(40960K)->704K(40960K) Eden: 39424K(39424K)->0K(39424K) From: 864K(1536K)->704K(1536K)
[117.021s][info][gc,heap        ] GC(643) ParOldGen: 5846K(349696K)->6102K(349696K)
[117.021s][info][gc,metaspace   ] GC(643) Metaspace: 9910K(10304K)->9910K(10304K) NonClass: 8607K(8832K)->8607K(8832K) Class: 1302K(1472K)->1302K(1472K)
[117.021s][info][gc             ] GC(643) Pause Young (Allocation Failure) 45M->6M(381M) 1.142ms
[117.021s][info][gc,cpu         ] GC(643) User=0.02s Sys=0.00s Real=0.02s
[117.184s][info][gc,start       ] GC(644) Pause Young (Allocation Failure)
[117.185s][info][gc,heap        ] GC(644) PSYoungGen: 40128K(40960K)->640K(40960K) Eden: 39424K(39424K)->0K(39424K) From: 704K(1536K)->640K(1536K)
[117.185s][info][gc,heap        ] GC(644) ParOldGen: 6102K(349696K)->6278K(349696K)
[117.185s][info][gc,metaspace   ] GC(644) Metaspace: 9910K(10304K)->9910K(10304K) NonClass: 8607K(8832K)->8607K(8832K) Class: 1302K(1472K)->1302K(1472K)
[117.185s][info][gc             ] GC(644) Pause Young (Allocation Failure) 45M->6M(381M) 0.921ms
[117.185s][info][gc,cpu         ] GC(644) User=0.00s Sys=0.00s Real=0.00s
[117.341s][info][gc,start       ] GC(645) Pause Young (Allocation Failure)
[117.342s][info][gc,heap        ] GC(645) PSYoungGen: 40064K(40960K)->576K(40960K) Eden: 39424K(39424K)->0K(39424K) From: 640K(1536K)->576K(1536K)
[117.342s][info][gc,heap        ] GC(645) ParOldGen: 6278K(349696K)->6278K(349696K)
[117.342s][info][gc,metaspace   ] GC(645) Metaspace: 9910K(10304K)->9910K(10304K) NonClass: 8607K(8832K)->8607K(8832K) Class: 1302K(1472K)->1302K(1472K)
[117.342s][info][gc             ] GC(645) Pause Young (Allocation Failure) 45M->6M(381M) 0.896ms
[117.342s][info][gc,cpu         ] GC(645) User=0.00s Sys=0.00s Real=0.00s
[117.499s][info][gc,start       ] GC(646) Pause Young (Allocation Failure)
[117.499s][info][gc,heap        ] GC(646) PSYoungGen: 40000K(40960K)->608K(40960K) Eden: 39424K(39424K)->0K(39424K) From: 576K(1536K)->608K(1536K)
[117.499s][info][gc,heap        ] GC(646) ParOldGen: 6278K(349696K)->6278K(349696K)
[117.499s][info][gc,metaspace   ] GC(646) Metaspace: 9910K(10304K)->9910K(10304K) NonClass: 8607K(8832K)->8607K(8832K) Class: 1302K(1472K)->1302K(1472K)
[117.499s][info][gc             ] GC(646) Pause Young (Allocation Failure) 45M->6M(381M) 0.859ms
[117.499s][info][gc,cpu         ] GC(646) User=0.00s Sys=0.00s Real=0.00s
[117.655s][info][gc,start       ] GC(647) Pause Young (Allocation Failure)
[117.674s][info][gc,heap        ] GC(647) PSYoungGen: 40032K(40960K)->544K(40960K) Eden: 39424K(39424K)->0K(39424K) From: 608K(1536K)->544K(1536K)
[117.674s][info][gc,heap        ] GC(647) ParOldGen: 6278K(349696K)->6278K(349696K)
[117.674s][info][gc,metaspace   ] GC(647) Metaspace: 9910K(10304K)->9910K(10304K) NonClass: 8607K(8832K)->8607K(8832K) Class: 1302K(1472K)->1302K(1472K)
[117.674s][info][gc             ] GC(647) Pause Young (Allocation Failure) 45M->6M(381M) 18.972ms
[117.674s][info][gc,cpu         ] GC(647) User=0.00s Sys=0.00s Real=0.02s
[117.840s][info][gc,start       ] GC(648) Pause Young (Allocation Failure)
[117.840s][info][gc,heap        ] GC(648) PSYoungGen: 39968K(40960K)->832K(40960K) Eden: 39424K(39424K)->0K(39424K) From: 544K(1536K)->832K(1536K)
[117.840s][info][gc,heap        ] GC(648) ParOldGen: 6278K(349696K)->6294K(349696K)
[117.840s][info][gc,metaspace   ] GC(648) Metaspace: 9910K(10304K)->9910K(10304K) NonClass: 8607K(8832K)->8607K(8832K) Class: 1302K(1472K)->1302K(1472K)
[117.841s][info][gc             ] GC(648) Pause Young (Allocation Failure) 45M->6M(381M) 0.962ms
[117.841s][info][gc,cpu         ] GC(648) User=0.02s Sys=0.00s Real=0.02s
[117.994s][info][gc,start       ] GC(649) Pause Young (Allocation Failure)
[117.995s][info][gc,heap        ] GC(649) PSYoungGen: 40256K(40960K)->800K(40960K) Eden: 39424K(39424K)->0K(39424K) From: 832K(1536K)->800K(1536K)
[117.995s][info][gc,heap        ] GC(649) ParOldGen: 6294K(349696K)->6518K(349696K)
[117.995s][info][gc,metaspace   ] GC(649) Metaspace: 9910K(10304K)->9910K(10304K) NonClass: 8607K(8832K)->8607K(8832K) Class: 1302K(1472K)->1302K(1472K)
[117.995s][info][gc             ] GC(649) Pause Young (Allocation Failure) 45M->7M(381M) 1.031ms
[117.995s][info][gc,cpu         ] GC(649) User=0.00s Sys=0.00s Real=0.00s
[118.152s][info][gc,start       ] GC(650) Pause Young (Allocation Failure)
[118.153s][info][gc,heap        ] GC(650) PSYoungGen: 40224K(40960K)->800K(40960K) Eden: 39424K(39424K)->0K(39424K) From: 800K(1536K)->800K(1536K)
[118.153s][info][gc,heap        ] GC(650) ParOldGen: 6518K(349696K)->6790K(349696K)
[118.153s][info][gc,metaspace   ] GC(650) Metaspace: 9910K(10304K)->9910K(10304K) NonClass: 8607K(8832K)->8607K(8832K) Class: 1302K(1472K)->1302K(1472K)
[118.153s][info][gc             ] GC(650) Pause Young (Allocation Failure) 45M->7M(381M) 1.107ms
[118.154s][info][gc,cpu         ] GC(650) User=0.00s Sys=0.00s Real=0.00s
[118.311s][info][gc,start       ] GC(651) Pause Young (Allocation Failure)
[118.312s][info][gc,heap        ] GC(651) PSYoungGen: 40224K(40960K)->576K(40960K) Eden: 39424K(39424K)->0K(39424K) From: 800K(1536K)->576K(1536K)
[118.312s][info][gc,heap        ] GC(651) ParOldGen: 6790K(349696K)->6990K(349696K)
[118.312s][info][gc,metaspace   ] GC(651) Metaspace: 9910K(10304K)->9910K(10304K) NonClass: 8607K(8832K)->8607K(8832K) Class: 1302K(1472K)->1302K(1472K)
[118.312s][info][gc             ] GC(651) Pause Young (Allocation Failure) 45M->7M(381M) 0.992ms
[118.312s][info][gc,cpu         ] GC(651) User=0.00s Sys=0.00s Real=0.00s
[118.476s][info][gc,start       ] GC(652) Pause Young (Allocation Failure)
[118.476s][info][gc,heap        ] GC(652) PSYoungGen: 40000K(40960K)->608K(40960K) Eden: 39424K(39424K)->0K(39424K) From: 576K(1536K)->608K(1536K)
[118.476s][info][gc,heap        ] GC(652) ParOldGen: 6990K(349696K)->6990K(349696K)
[118.476s][info][gc,metaspace   ] GC(652) Metaspace: 9910K(10304K)->9910K(10304K) NonClass: 8607K(8832K)->8607K(8832K) Class: 1302K(1472K)->1302K(1472K)
[118.477s][info][gc             ] GC(652) Pause Young (Allocation Failure) 45M->7M(381M) 0.891ms
[118.477s][info][gc,cpu         ] GC(652) User=0.00s Sys=0.00s Real=0.00s
[118.637s][info][gc,start       ] GC(653) Pause Young (Allocation Failure)
[118.638s][info][gc,heap        ] GC(653) PSYoungGen: 40032K(40960K)->576K(40960K) Eden: 39424K(39424K)->0K(39424K) From: 608K(1536K)->576K(1536K)
[118.638s][info][gc,heap        ] GC(653) ParOldGen: 6990K(349696K)->6990K(349696K)
[118.638s][info][gc,metaspace   ] GC(653) Metaspace: 9910K(10304K)->9910K(10304K) NonClass: 8607K(8832K)->8607K(8832K) Class: 1302K(1472K)->1302K(1472K)
[118.638s][info][gc             ] GC(653) Pause Young (Allocation Failure) 45M->7M(381M) 0.825ms
[118.638s][info][gc,cpu         ] GC(653) User=0.00s Sys=0.00s Real=0.00s
[118.797s][info][gc,start       ] GC(654) Pause Young (Allocation Failure)
[118.798s][info][gc,heap        ] GC(654) PSYoungGen: 40000K(40960K)->576K(40448K) Eden: 39424K(39424K)->0K(39424K) From: 576K(1536K)->576K(1024K)
[118.798s][info][gc,heap        ] GC(654) ParOldGen: 6990K(349696K)->6990K(349696K)
[118.798s][info][gc,metaspace   ] GC(654) Metaspace: 9910K(10304K)->9910K(10304K) NonClass: 8607K(8832K)->8607K(8832K) Class: 1302K(1472K)->1302K(1472K)
[118.798s][info][gc             ] GC(654) Pause Young (Allocation Failure) 45M->7M(381M) 1.010ms
[118.798s][info][gc,cpu         ] GC(654) User=0.00s Sys=0.00s Real=0.00s
[118.951s][info][gc,start       ] GC(655) Pause Young (Allocation Failure)
[118.952s][info][gc,heap        ] GC(655) PSYoungGen: 40000K(40448K)->576K(40448K) Eden: 39424K(39424K)->0K(39424K) From: 576K(1024K)->576K(1024K)
[118.952s][info][gc,heap        ] GC(655) ParOldGen: 6990K(349696K)->6990K(349696K)
[118.952s][info][gc,metaspace   ] GC(655) Metaspace: 9910K(10304K)->9910K(10304K) NonClass: 8607K(8832K)->8607K(8832K) Class: 1302K(1472K)->1302K(1472K)
[118.952s][info][gc             ] GC(655) Pause Young (Allocation Failure) 45M->7M(381M) 0.843ms
[118.952s][info][gc,cpu         ] GC(655) User=0.00s Sys=0.00s Real=0.00s
[119.109s][info][gc,start       ] GC(656) Pause Young (Allocation Failure)
[119.109s][info][gc,heap        ] GC(656) PSYoungGen: 40000K(40448K)->544K(40448K) Eden: 39424K(39424K)->0K(39424K) From: 576K(1024K)->544K(1024K)
[119.109s][info][gc,heap        ] GC(656) ParOldGen: 6990K(349696K)->6990K(349696K)
[119.109s][info][gc,metaspace   ] GC(656) Metaspace: 9910K(10304K)->9910K(10304K) NonClass: 8607K(8832K)->8607K(8832K) Class: 1302K(1472K)->1302K(1472K)
[119.109s][info][gc             ] GC(656) Pause Young (Allocation Failure) 45M->7M(381M) 0.849ms
[119.110s][info][gc,cpu         ] GC(656) User=0.00s Sys=0.00s Real=0.00s
[119.267s][info][gc,start       ] GC(657) Pause Young (Allocation Failure)
[119.267s][info][gc,heap        ] GC(657) PSYoungGen: 39968K(40448K)->576K(40448K) Eden: 39424K(39424K)->0K(39424K) From: 544K(1024K)->576K(1024K)
[119.267s][info][gc,heap        ] GC(657) ParOldGen: 6990K(349696K)->6990K(349696K)
[119.267s][info][gc,metaspace   ] GC(657) Metaspace: 9910K(10304K)->9910K(10304K) NonClass: 8607K(8832K)->8607K(8832K) Class: 1302K(1472K)->1302K(1472K)
[119.267s][info][gc             ] GC(657) Pause Young (Allocation Failure) 45M->7M(381M) 0.871ms
[119.267s][info][gc,cpu         ] GC(657) User=0.00s Sys=0.00s Real=0.00s
[119.430s][info][gc,start       ] GC(658) Pause Young (Allocation Failure)
[119.431s][info][gc,heap        ] GC(658) PSYoungGen: 40000K(40448K)->832K(40448K) Eden: 39424K(39424K)->0K(39424K) From: 576K(1024K)->832K(1024K)
[119.431s][info][gc,heap        ] GC(658) ParOldGen: 6990K(349696K)->7014K(349696K)
[119.431s][info][gc,metaspace   ] GC(658) Metaspace: 9910K(10304K)->9910K(10304K) NonClass: 8607K(8832K)->8607K(8832K) Class: 1302K(1472K)->1302K(1472K)
[119.431s][info][gc             ] GC(658) Pause Young (Allocation Failure) 45M->7M(381M) 1.093ms
[119.431s][info][gc,cpu         ] GC(658) User=0.00s Sys=0.00s Real=0.00s
[119.583s][info][gc,start       ] GC(659) Pause Young (Allocation Failure)
[119.584s][info][gc,heap        ] GC(659) PSYoungGen: 40256K(40448K)->768K(40448K) Eden: 39424K(39424K)->0K(39424K) From: 832K(1024K)->768K(1024K)
[119.584s][info][gc,heap        ] GC(659) ParOldGen: 7014K(349696K)->7270K(349696K)
[119.584s][info][gc,metaspace   ] GC(659) Metaspace: 9910K(10304K)->9910K(10304K) NonClass: 8607K(8832K)->8607K(8832K) Class: 1302K(1472K)->1302K(1472K)
[119.584s][info][gc             ] GC(659) Pause Young (Allocation Failure) 46M->7M(381M) 1.138ms
[119.584s][info][gc,cpu         ] GC(659) User=0.00s Sys=0.00s Real=0.00s
[119.745s][info][gc,start       ] GC(660) Pause Young (Allocation Failure)
[119.746s][info][gc,heap        ] GC(660) PSYoungGen: 40192K(40448K)->608K(40448K) Eden: 39424K(39424K)->0K(39424K) From: 768K(1024K)->608K(1024K)
[119.746s][info][gc,heap        ] GC(660) ParOldGen: 7270K(349696K)->7486K(349696K)
[119.746s][info][gc,metaspace   ] GC(660) Metaspace: 9910K(10304K)->9910K(10304K) NonClass: 8607K(8832K)->8607K(8832K) Class: 1302K(1472K)->1302K(1472K)
[119.746s][info][gc             ] GC(660) Pause Young (Allocation Failure) 46M->7M(381M) 0.973ms
[119.746s][info][gc,cpu         ] GC(660) User=0.00s Sys=0.00s Real=0.00s
[119.901s][info][gc,start       ] GC(661) Pause Young (Allocation Failure)
[119.902s][info][gc,heap        ] GC(661) PSYoungGen: 40032K(40448K)->736K(40448K) Eden: 39424K(39424K)->0K(39424K) From: 608K(1024K)->736K(1024K)
[119.902s][info][gc,heap        ] GC(661) ParOldGen: 7486K(349696K)->7510K(349696K)
[119.902s][info][gc,metaspace   ] GC(661) Metaspace: 9910K(10304K)->9910K(10304K) NonClass: 8607K(8832K)->8607K(8832K) Class: 1302K(1472K)->1302K(1472K)
[119.902s][info][gc             ] GC(661) Pause Young (Allocation Failure) 46M->8M(381M) 0.953ms
[119.902s][info][gc,cpu         ] GC(661) User=0.00s Sys=0.00s Real=0.00s
[120.068s][info][gc,start       ] GC(662) Pause Young (Allocation Failure)
[120.069s][info][gc,heap        ] GC(662) PSYoungGen: 40160K(40448K)->608K(40448K) Eden: 39424K(39424K)->0K(39424K) From: 736K(1024K)->608K(1024K)
[120.069s][info][gc,heap        ] GC(662) ParOldGen: 7510K(349696K)->7726K(349696K)
[120.069s][info][gc,metaspace   ] GC(662) Metaspace: 9910K(10304K)->9910K(10304K) NonClass: 8607K(8832K)->8607K(8832K) Class: 1302K(1472K)->1302K(1472K)
[120.069s][info][gc             ] GC(662) Pause Young (Allocation Failure) 46M->8M(381M) 1.006ms
[120.069s][info][gc,cpu         ] GC(662) User=0.00s Sys=0.00s Real=0.00s
[120.223s][info][gc,start       ] GC(663) Pause Young (Allocation Failure)
[120.224s][info][gc,heap        ] GC(663) PSYoungGen: 40032K(40448K)->608K(40448K) Eden: 39424K(39424K)->0K(39424K) From: 608K(1024K)->608K(1024K)
[120.224s][info][gc,heap        ] GC(663) ParOldGen: 7726K(349696K)->7726K(349696K)
[120.224s][info][gc,metaspace   ] GC(663) Metaspace: 9910K(10304K)->9910K(10304K) NonClass: 8607K(8832K)->8607K(8832K) Class: 1302K(1472K)->1302K(1472K)
[120.224s][info][gc             ] GC(663) Pause Young (Allocation Failure) 46M->8M(381M) 0.890ms
[120.224s][info][gc,cpu         ] GC(663) User=0.00s Sys=0.00s Real=0.00s
[120.385s][info][gc,start       ] GC(664) Pause Young (Allocation Failure)
[120.386s][info][gc,heap        ] GC(664) PSYoungGen: 40032K(40448K)->576K(40448K) Eden: 39424K(39424K)->0K(39424K) From: 608K(1024K)->576K(1024K)
[120.386s][info][gc,heap        ] GC(664) ParOldGen: 7726K(349696K)->7726K(349696K)
[120.386s][info][gc,metaspace   ] GC(664) Metaspace: 9910K(10304K)->9910K(10304K) NonClass: 8607K(8832K)->8607K(8832K) Class: 1302K(1472K)->1302K(1472K)
[120.386s][info][gc             ] GC(664) Pause Young (Allocation Failure) 46M->8M(381M) 0.864ms
[120.386s][info][gc,cpu         ] GC(664) User=0.00s Sys=0.00s Real=0.00s
[120.542s][info][gc,start       ] GC(665) Pause Young (Allocation Failure)
[120.543s][info][gc,heap        ] GC(665) PSYoungGen: 40000K(40448K)->576K(40448K) Eden: 39424K(39424K)->0K(39424K) From: 576K(1024K)->576K(1024K)
[120.543s][info][gc,heap        ] GC(665) ParOldGen: 7726K(349696K)->7726K(349696K)
[120.543s][info][gc,metaspace   ] GC(665) Metaspace: 9910K(10304K)->9910K(10304K) NonClass: 8607K(8832K)->8607K(8832K) Class: 1302K(1472K)->1302K(1472K)
[120.543s][info][gc             ] GC(665) Pause Young (Allocation Failure) 46M->8M(381M) 1.584ms
[120.543s][info][gc,cpu         ] GC(665) User=0.00s Sys=0.00s Real=0.00s
[120.700s][info][gc,start       ] GC(666) Pause Young (Allocation Failure)
[120.700s][info][gc,heap        ] GC(666) PSYoungGen: 40000K(40448K)->608K(40448K) Eden: 39424K(39424K)->0K(39424K) From: 576K(1024K)->608K(1024K)
[120.700s][info][gc,heap        ] GC(666) ParOldGen: 7726K(349696K)->7726K(349696K)
[120.700s][info][gc,metaspace   ] GC(666) Metaspace: 9910K(10304K)->9910K(10304K) NonClass: 8607K(8832K)->8607K(8832K) Class: 1302K(1472K)->1302K(1472K)
[120.700s][info][gc             ] GC(666) Pause Young (Allocation Failure) 46M->8M(381M) 0.854ms
[120.701s][info][gc,cpu         ] GC(666) User=0.00s Sys=0.00s Real=0.00s
[120.861s][info][gc,start       ] GC(667) Pause Young (Allocation Failure)
[120.861s][info][gc,heap        ] GC(667) PSYoungGen: 40032K(40448K)->576K(40448K) Eden: 39424K(39424K)->0K(39424K) From: 608K(1024K)->576K(1024K)
[120.861s][info][gc,heap        ] GC(667) ParOldGen: 7726K(349696K)->7726K(349696K)
[120.861s][info][gc,metaspace   ] GC(667) Metaspace: 9910K(10304K)->9910K(10304K) NonClass: 8607K(8832K)->8607K(8832K) Class: 1302K(1472K)->1302K(1472K)
[120.861s][info][gc             ] GC(667) Pause Young (Allocation Failure) 46M->8M(381M) 0.885ms
[120.862s][info][gc,cpu         ] GC(667) User=0.14s Sys=0.00s Real=0.02s
[121.019s][info][gc,start       ] GC(668) Pause Young (Allocation Failure)
[121.020s][info][gc,heap        ] GC(668) PSYoungGen: 40000K(40448K)->608K(40448K) Eden: 39424K(39424K)->0K(39424K) From: 576K(1024K)->608K(1024K)
[121.020s][info][gc,heap        ] GC(668) ParOldGen: 7726K(349696K)->7726K(349696K)
[121.020s][info][gc,metaspace   ] GC(668) Metaspace: 9910K(10304K)->9910K(10304K) NonClass: 8607K(8832K)->8607K(8832K) Class: 1302K(1472K)->1302K(1472K)
[121.020s][info][gc             ] GC(668) Pause Young (Allocation Failure) 46M->8M(381M) 0.841ms
[121.020s][info][gc,cpu         ] GC(668) User=0.00s Sys=0.00s Real=0.00s
[121.176s][info][gc,start       ] GC(669) Pause Young (Allocation Failure)
[121.177s][info][gc,heap        ] GC(669) PSYoungGen: 40032K(40448K)->608K(40448K) Eden: 39424K(39424K)->0K(39424K) From: 608K(1024K)->608K(1024K)
[121.177s][info][gc,heap        ] GC(669) ParOldGen: 7726K(349696K)->7726K(349696K)
[121.177s][info][gc,metaspace   ] GC(669) Metaspace: 9910K(10304K)->9910K(10304K) NonClass: 8607K(8832K)->8607K(8832K) Class: 1302K(1472K)->1302K(1472K)
[121.177s][info][gc             ] GC(669) Pause Young (Allocation Failure) 46M->8M(381M) 0.932ms
[121.177s][info][gc,cpu         ] GC(669) User=0.00s Sys=0.00s Real=0.00s
[121.329s][info][gc,start       ] GC(670) Pause Young (Allocation Failure)
[121.330s][info][gc,heap        ] GC(670) PSYoungGen: 40032K(40448K)->576K(40448K) Eden: 39424K(39424K)->0K(39424K) From: 608K(1024K)->576K(1024K)
[121.330s][info][gc,heap        ] GC(670) ParOldGen: 7726K(349696K)->7726K(349696K)
[121.330s][info][gc,metaspace   ] GC(670) Metaspace: 9910K(10304K)->9910K(10304K) NonClass: 8607K(8832K)->8607K(8832K) Class: 1302K(1472K)->1302K(1472K)
[121.330s][info][gc             ] GC(670) Pause Young (Allocation Failure) 46M->8M(381M) 0.864ms
[121.330s][info][gc,cpu         ] GC(670) User=0.14s Sys=0.00s Real=0.02s
[121.484s][info][gc,start       ] GC(671) Pause Young (Allocation Failure)
[121.485s][info][gc,heap        ] GC(671) PSYoungGen: 40000K(40448K)->800K(40448K) Eden: 39424K(39424K)->0K(39424K) From: 576K(1024K)->800K(1024K)
[121.485s][info][gc,heap        ] GC(671) ParOldGen: 7726K(349696K)->7742K(349696K)
[121.485s][info][gc,metaspace   ] GC(671) Metaspace: 9910K(10304K)->9910K(10304K) NonClass: 8607K(8832K)->8607K(8832K) Class: 1302K(1472K)->1302K(1472K)
[121.485s][info][gc             ] GC(671) Pause Young (Allocation Failure) 46M->8M(381M) 0.959ms
[121.485s][info][gc,cpu         ] GC(671) User=0.00s Sys=0.00s Real=0.00s
[121.644s][info][gc,start       ] GC(672) Pause Young (Allocation Failure)
[121.645s][info][gc,heap        ] GC(672) PSYoungGen: 40224K(40448K)->640K(40448K) Eden: 39424K(39424K)->0K(39424K) From: 800K(1024K)->640K(1024K)
[121.645s][info][gc,heap        ] GC(672) ParOldGen: 7742K(349696K)->7950K(349696K)
[121.645s][info][gc,metaspace   ] GC(672) Metaspace: 9910K(10304K)->9910K(10304K) NonClass: 8607K(8832K)->8607K(8832K) Class: 1302K(1472K)->1302K(1472K)
[121.645s][info][gc             ] GC(672) Pause Young (Allocation Failure) 46M->8M(381M) 0.979ms
[121.645s][info][gc,cpu         ] GC(672) User=0.00s Sys=0.00s Real=0.00s
[121.801s][info][gc,start       ] GC(673) Pause Young (Allocation Failure)
[121.802s][info][gc,heap        ] GC(673) PSYoungGen: 40064K(40448K)->640K(40448K) Eden: 39424K(39424K)->0K(39424K) From: 640K(1024K)->640K(1024K)
[121.802s][info][gc,heap        ] GC(673) ParOldGen: 7950K(349696K)->7950K(349696K)
[121.802s][info][gc,metaspace   ] GC(673) Metaspace: 9910K(10304K)->9910K(10304K) NonClass: 8607K(8832K)->8607K(8832K) Class: 1302K(1472K)->1302K(1472K)
[121.802s][info][gc             ] GC(673) Pause Young (Allocation Failure) 46M->8M(381M) 0.885ms
[121.802s][info][gc,cpu         ] GC(673) User=0.00s Sys=0.00s Real=0.00s
[121.953s][info][gc,start       ] GC(674) Pause Young (Allocation Failure)
[121.954s][info][gc,heap        ] GC(674) PSYoungGen: 40064K(40448K)->544K(40448K) Eden: 39424K(39424K)->0K(39424K) From: 640K(1024K)->544K(1024K)
[121.954s][info][gc,heap        ] GC(674) ParOldGen: 7950K(349696K)->7950K(349696K)
[121.954s][info][gc,metaspace   ] GC(674) Metaspace: 9910K(10304K)->9910K(10304K) NonClass: 8607K(8832K)->8607K(8832K) Class: 1302K(1472K)->1302K(1472K)
[121.954s][info][gc             ] GC(674) Pause Young (Allocation Failure) 46M->8M(381M) 0.830ms
[121.954s][info][gc,cpu         ] GC(674) User=0.00s Sys=0.00s Real=0.00s
[122.118s][info][gc,start       ] GC(675) Pause Young (Allocation Failure)
[122.119s][info][gc,heap        ] GC(675) PSYoungGen: 39968K(40448K)->608K(40448K) Eden: 39424K(39424K)->0K(39424K) From: 544K(1024K)->608K(1024K)
[122.119s][info][gc,heap        ] GC(675) ParOldGen: 7950K(349696K)->7950K(349696K)
[122.119s][info][gc,metaspace   ] GC(675) Metaspace: 9910K(10304K)->9910K(10304K) NonClass: 8607K(8832K)->8607K(8832K) Class: 1302K(1472K)->1302K(1472K)
[122.119s][info][gc             ] GC(675) Pause Young (Allocation Failure) 46M->8M(381M) 0.851ms
[122.119s][info][gc,cpu         ] GC(675) User=0.00s Sys=0.00s Real=0.00s
[122.244s][info][gc,start       ] GC(676) Pause Young (System.gc())
[122.245s][info][gc,heap        ] GC(676) PSYoungGen: 30183K(40448K)->544K(40448K) Eden: 29575K(39424K)->0K(39424K) From: 608K(1024K)->544K(1024K)
[122.245s][info][gc,heap        ] GC(676) ParOldGen: 7950K(349696K)->7950K(349696K)
[122.245s][info][gc,metaspace   ] GC(676) Metaspace: 9911K(10304K)->9911K(10304K) NonClass: 8608K(8832K)->8608K(8832K) Class: 1302K(1472K)->1302K(1472K)
[122.245s][info][gc             ] GC(676) Pause Young (System.gc()) 37M->8M(381M) 0.760ms
[122.245s][info][gc,cpu         ] GC(676) User=0.00s Sys=0.00s Real=0.00s
[122.245s][info][gc,start       ] GC(677) Pause Full (System.gc())
[122.245s][info][gc,phases,start] GC(677) Marking Phase
[122.258s][info][gc,phases      ] GC(677) Marking Phase 13.214ms
[122.258s][info][gc,phases,start] GC(677) Summary Phase
[122.258s][info][gc,phases      ] GC(677) Summary Phase 0.032ms
[122.258s][info][gc,phases,start] GC(677) Adjust Roots
[122.262s][info][gc,phases      ] GC(677) Adjust Roots 4.106ms
[122.263s][info][gc,phases,start] GC(677) Compaction Phase
[122.266s][info][gc,phases      ] GC(677) Compaction Phase 2.988ms
[122.266s][info][gc,phases,start] GC(677) Post Compact
[122.266s][info][gc,phases      ] GC(677) Post Compact 0.291ms
[122.266s][info][gc,heap        ] GC(677) PSYoungGen: 544K(40448K)->0K(40448K) Eden: 0K(39424K)->0K(39424K) From: 544K(1024K)->0K(1024K)
[122.266s][info][gc,heap        ] GC(677) ParOldGen: 7950K(349696K)->4078K(349696K)
[122.266s][info][gc,metaspace   ] GC(677) Metaspace: 9911K(10304K)->9911K(10304K) NonClass: 8608K(8832K)->8608K(8832K) Class: 1302K(1472K)->1302K(1472K)
[122.266s][info][gc             ] GC(677) Pause Full (System.gc()) 8M->3M(381M) 20.971ms
[122.266s][info][gc,cpu         ] GC(677) User=0.14s Sys=0.00s Real=0.01s
[122.425s][info][gc,start       ] GC(678) Pause Young (Allocation Failure)
[122.426s][info][gc,heap        ] GC(678) PSYoungGen: 39424K(40448K)->1024K(39936K) Eden: 39424K(39424K)->0K(38912K) From: 0K(1024K)->1024K(1024K)
[122.426s][info][gc,heap        ] GC(678) ParOldGen: 4078K(349696K)->4326K(349696K)
[122.426s][info][gc,metaspace   ] GC(678) Metaspace: 9911K(10304K)->9911K(10304K) NonClass: 8609K(8832K)->8609K(8832K) Class: 1302K(1472K)->1302K(1472K)
[122.426s][info][gc             ] GC(678) Pause Young (Allocation Failure) 42M->5M(380M) 1.472ms
[122.426s][info][gc,cpu         ] GC(678) User=0.00s Sys=0.00s Real=0.00s
[122.585s][info][gc,start       ] GC(679) Pause Young (Allocation Failure)
[122.586s][info][gc,heap        ] GC(679) PSYoungGen: 39936K(39936K)->1088K(40448K) Eden: 38912K(38912K)->0K(38912K) From: 1024K(1024K)->1088K(1536K)
[122.586s][info][gc,heap        ] GC(679) ParOldGen: 4326K(349696K)->4790K(349696K)
[122.586s][info][gc,metaspace   ] GC(679) Metaspace: 9911K(10304K)->9911K(10304K) NonClass: 8609K(8832K)->8609K(8832K) Class: 1302K(1472K)->1302K(1472K)
[122.586s][info][gc             ] GC(679) Pause Young (Allocation Failure) 43M->5M(381M) 1.538ms
[122.587s][info][gc,cpu         ] GC(679) User=0.00s Sys=0.00s Real=0.00s
[122.745s][info][gc,start       ] GC(680) Pause Young (Allocation Failure)
[122.746s][info][gc,heap        ] GC(680) PSYoungGen: 40000K(40448K)->832K(40448K) Eden: 38912K(38912K)->0K(38912K) From: 1088K(1536K)->832K(1536K)
[122.746s][info][gc,heap        ] GC(680) ParOldGen: 4790K(349696K)->5158K(349696K)
[122.746s][info][gc,metaspace   ] GC(680) Metaspace: 9911K(10304K)->9911K(10304K) NonClass: 8609K(8832K)->8609K(8832K) Class: 1302K(1472K)->1302K(1472K)
[122.746s][info][gc             ] GC(680) Pause Young (Allocation Failure) 43M->5M(381M) 1.257ms
[122.746s][info][gc,cpu         ] GC(680) User=0.00s Sys=0.00s Real=0.00s
[122.893s][info][gc,start       ] GC(681) Pause Young (Allocation Failure)
[122.894s][info][gc,heap        ] GC(681) PSYoungGen: 39744K(40448K)->480K(40448K) Eden: 38912K(38912K)->0K(38912K) From: 832K(1536K)->480K(1536K)
[122.894s][info][gc,heap        ] GC(681) ParOldGen: 5158K(349696K)->5366K(349696K)
[122.894s][info][gc,metaspace   ] GC(681) Metaspace: 9911K(10304K)->9911K(10304K) NonClass: 8609K(8832K)->8609K(8832K) Class: 1302K(1472K)->1302K(1472K)
[122.894s][info][gc             ] GC(681) Pause Young (Allocation Failure) 43M->5M(381M) 0.960ms
[122.894s][info][gc,cpu         ] GC(681) User=0.00s Sys=0.00s Real=0.00s
[123.042s][info][gc,start       ] GC(682) Pause Young (Allocation Failure)
[123.043s][info][gc,heap        ] GC(682) PSYoungGen: 39392K(40448K)->736K(40448K) Eden: 38912K(38912K)->0K(38912K) From: 480K(1536K)->736K(1536K)
[123.043s][info][gc,heap        ] GC(682) ParOldGen: 5366K(349696K)->5430K(349696K)
[123.043s][info][gc,metaspace   ] GC(682) Metaspace: 9911K(10304K)->9911K(10304K) NonClass: 8609K(8832K)->8609K(8832K) Class: 1302K(1472K)->1302K(1472K)
[123.043s][info][gc             ] GC(682) Pause Young (Allocation Failure) 43M->6M(381M) 0.949ms
[123.043s][info][gc,cpu         ] GC(682) User=0.00s Sys=0.00s Real=0.00s
[123.202s][info][gc,start       ] GC(683) Pause Young (Allocation Failure)
[123.202s][info][gc,heap        ] GC(683) PSYoungGen: 39648K(40448K)->672K(40448K) Eden: 38912K(38912K)->0K(38912K) From: 736K(1536K)->672K(1536K)
[123.203s][info][gc,heap        ] GC(683) ParOldGen: 5430K(349696K)->5686K(349696K)
[123.203s][info][gc,metaspace   ] GC(683) Metaspace: 9911K(10304K)->9911K(10304K) NonClass: 8609K(8832K)->8609K(8832K) Class: 1302K(1472K)->1302K(1472K)
[123.203s][info][gc             ] GC(683) Pause Young (Allocation Failure) 44M->6M(381M) 1.003ms
[123.203s][info][gc,cpu         ] GC(683) User=0.00s Sys=0.00s Real=0.00s
[123.356s][info][gc,start       ] GC(684) Pause Young (Allocation Failure)
[123.357s][info][gc,heap        ] GC(684) PSYoungGen: 39584K(40448K)->576K(40448K) Eden: 38912K(38912K)->0K(38912K) From: 672K(1536K)->576K(1536K)
[123.357s][info][gc,heap        ] GC(684) ParOldGen: 5686K(349696K)->5686K(349696K)
[123.357s][info][gc,metaspace   ] GC(684) Metaspace: 9911K(10304K)->9911K(10304K) NonClass: 8609K(8832K)->8609K(8832K) Class: 1302K(1472K)->1302K(1472K)
[123.357s][info][gc             ] GC(684) Pause Young (Allocation Failure) 44M->6M(381M) 0.829ms
[123.357s][info][gc,cpu         ] GC(684) User=0.00s Sys=0.00s Real=0.00s
[123.510s][info][gc,start       ] GC(685) Pause Young (Allocation Failure)
[123.511s][info][gc,heap        ] GC(685) PSYoungGen: 39488K(40448K)->672K(40448K) Eden: 38912K(38912K)->0K(38912K) From: 576K(1536K)->672K(1536K)
[123.511s][info][gc,heap        ] GC(685) ParOldGen: 5686K(349696K)->5686K(349696K)
[123.511s][info][gc,metaspace   ] GC(685) Metaspace: 9911K(10304K)->9911K(10304K) NonClass: 8609K(8832K)->8609K(8832K) Class: 1302K(1472K)->1302K(1472K)
[123.511s][info][gc             ] GC(685) Pause Young (Allocation Failure) 44M->6M(381M) 0.870ms
[123.511s][info][gc,cpu         ] GC(685) User=0.00s Sys=0.00s Real=0.00s
[123.662s][info][gc,start       ] GC(686) Pause Young (Allocation Failure)
[123.662s][info][gc,heap        ] GC(686) PSYoungGen: 39584K(40448K)->576K(39936K) Eden: 38912K(38912K)->0K(38912K) From: 672K(1536K)->576K(1024K)
[123.662s][info][gc,heap        ] GC(686) ParOldGen: 5686K(349696K)->5686K(349696K)
[123.662s][info][gc,metaspace   ] GC(686) Metaspace: 9911K(10304K)->9911K(10304K) NonClass: 8609K(8832K)->8609K(8832K) Class: 1302K(1472K)->1302K(1472K)
[123.663s][info][gc             ] GC(686) Pause Young (Allocation Failure) 44M->6M(380M) 0.853ms
[123.663s][info][gc,cpu         ] GC(686) User=0.00s Sys=0.00s Real=0.00s
[123.815s][info][gc,start       ] GC(687) Pause Young (Allocation Failure)
[123.816s][info][gc,heap        ] GC(687) PSYoungGen: 39488K(39936K)->576K(39936K) Eden: 38912K(38912K)->0K(38912K) From: 576K(1024K)->576K(1024K)
[123.816s][info][gc,heap        ] GC(687) ParOldGen: 5686K(349696K)->5686K(349696K)
[123.816s][info][gc,metaspace   ] GC(687) Metaspace: 9911K(10304K)->9911K(10304K) NonClass: 8609K(8832K)->8609K(8832K) Class: 1302K(1472K)->1302K(1472K)
[123.816s][info][gc             ] GC(687) Pause Young (Allocation Failure) 44M->6M(380M) 0.942ms
[123.816s][info][gc,cpu         ] GC(687) User=0.00s Sys=0.00s Real=0.00s
[123.963s][info][gc,start       ] GC(688) Pause Young (Allocation Failure)
[123.964s][info][gc,heap        ] GC(688) PSYoungGen: 39488K(39936K)->512K(39424K) Eden: 38912K(38912K)->0K(38912K) From: 576K(1024K)->512K(512K)
[123.964s][info][gc,heap        ] GC(688) ParOldGen: 5686K(349696K)->5734K(349696K)
[123.964s][info][gc,metaspace   ] GC(688) Metaspace: 9911K(10304K)->9911K(10304K) NonClass: 8609K(8832K)->8609K(8832K) Class: 1302K(1472K)->1302K(1472K)
[123.964s][info][gc             ] GC(688) Pause Young (Allocation Failure) 44M->6M(380M) 0.891ms
[123.964s][info][gc,cpu         ] GC(688) User=0.00s Sys=0.00s Real=0.00s
[124.124s][info][gc,start       ] GC(689) Pause Young (Allocation Failure)
[124.125s][info][gc,heap        ] GC(689) PSYoungGen: 39424K(39424K)->608K(39936K) Eden: 38912K(38912K)->0K(38912K) From: 512K(512K)->608K(1024K)
[124.125s][info][gc,heap        ] GC(689) ParOldGen: 5734K(349696K)->5974K(349696K)
[124.125s][info][gc,metaspace   ] GC(689) Metaspace: 9911K(10304K)->9911K(10304K) NonClass: 8609K(8832K)->8609K(8832K) Class: 1302K(1472K)->1302K(1472K)
[124.125s][info][gc             ] GC(689) Pause Young (Allocation Failure) 44M->6M(380M) 1.037ms
[124.125s][info][gc,cpu         ] GC(689) User=0.00s Sys=0.00s Real=0.00s
[124.283s][info][gc,start       ] GC(690) Pause Young (Allocation Failure)
[124.284s][info][gc,heap        ] GC(690) PSYoungGen: 39520K(39936K)->576K(39936K) Eden: 38912K(38912K)->0K(38912K) From: 608K(1024K)->576K(1024K)
[124.284s][info][gc,heap        ] GC(690) ParOldGen: 5974K(349696K)->6022K(349696K)
[124.284s][info][gc,metaspace   ] GC(690) Metaspace: 9911K(10304K)->9911K(10304K) NonClass: 8609K(8832K)->8609K(8832K) Class: 1302K(1472K)->1302K(1472K)
[124.284s][info][gc             ] GC(690) Pause Young (Allocation Failure) 44M->6M(380M) 0.869ms
[124.284s][info][gc,cpu         ] GC(690) User=0.00s Sys=0.00s Real=0.00s
[124.438s][info][gc,start       ] GC(691) Pause Young (Allocation Failure)
[124.438s][info][gc,heap        ] GC(691) PSYoungGen: 39488K(39936K)->672K(39936K) Eden: 38912K(38912K)->0K(38912K) From: 576K(1024K)->672K(1024K)
[124.439s][info][gc,heap        ] GC(691) ParOldGen: 6022K(349696K)->6022K(349696K)
[124.439s][info][gc,metaspace   ] GC(691) Metaspace: 9911K(10304K)->9911K(10304K) NonClass: 8609K(8832K)->8609K(8832K) Class: 1302K(1472K)->1302K(1472K)
[124.439s][info][gc             ] GC(691) Pause Young (Allocation Failure) 44M->6M(380M) 0.969ms
[124.439s][info][gc,cpu         ] GC(691) User=0.02s Sys=0.00s Real=0.02s
[124.590s][info][gc,start       ] GC(692) Pause Young (Allocation Failure)
[124.591s][info][gc,heap        ] GC(692) PSYoungGen: 39584K(39936K)->608K(39936K) Eden: 38912K(38912K)->0K(38912K) From: 672K(1024K)->608K(1024K)
[124.591s][info][gc,heap        ] GC(692) ParOldGen: 6022K(349696K)->6022K(349696K)
[124.591s][info][gc,metaspace   ] GC(692) Metaspace: 9911K(10304K)->9911K(10304K) NonClass: 8609K(8832K)->8609K(8832K) Class: 1302K(1472K)->1302K(1472K)
[124.591s][info][gc             ] GC(692) Pause Young (Allocation Failure) 44M->6M(380M) 0.869ms
[124.591s][info][gc,cpu         ] GC(692) User=0.00s Sys=0.00s Real=0.00s
[124.751s][info][gc,start       ] GC(693) Pause Young (Allocation Failure)
[124.752s][info][gc,heap        ] GC(693) PSYoungGen: 39520K(39936K)->608K(39936K) Eden: 38912K(38912K)->0K(38912K) From: 608K(1024K)->608K(1024K)
[124.752s][info][gc,heap        ] GC(693) ParOldGen: 6022K(349696K)->6022K(349696K)
[124.752s][info][gc,metaspace   ] GC(693) Metaspace: 9911K(10304K)->9911K(10304K) NonClass: 8609K(8832K)->8609K(8832K) Class: 1302K(1472K)->1302K(1472K)
[124.752s][info][gc             ] GC(693) Pause Young (Allocation Failure) 44M->6M(380M) 0.904ms
[124.752s][info][gc,cpu         ] GC(693) User=0.00s Sys=0.00s Real=0.00s
[124.913s][info][gc,start       ] GC(694) Pause Young (Allocation Failure)
[124.914s][info][gc,heap        ] GC(694) PSYoungGen: 39520K(39936K)->736K(39936K) Eden: 38912K(38912K)->0K(38912K) From: 608K(1024K)->736K(1024K)
[124.914s][info][gc,heap        ] GC(694) ParOldGen: 6022K(349696K)->6110K(349696K)
[124.914s][info][gc,metaspace   ] GC(694) Metaspace: 9911K(10304K)->9911K(10304K) NonClass: 8609K(8832K)->8609K(8832K) Class: 1302K(1472K)->1302K(1472K)
[124.914s][info][gc             ] GC(694) Pause Young (Allocation Failure) 44M->6M(380M) 0.951ms
[124.914s][info][gc,cpu         ] GC(694) User=0.00s Sys=0.00s Real=0.00s
[125.070s][info][gc,start       ] GC(695) Pause Young (Allocation Failure)
[125.071s][info][gc,heap        ] GC(695) PSYoungGen: 39648K(39936K)->576K(39936K) Eden: 38912K(38912K)->0K(38912K) From: 736K(1024K)->576K(1024K)
[125.071s][info][gc,heap        ] GC(695) ParOldGen: 6110K(349696K)->6294K(349696K)
[125.071s][info][gc,metaspace   ] GC(695) Metaspace: 9911K(10304K)->9911K(10304K) NonClass: 8609K(8832K)->8609K(8832K) Class: 1302K(1472K)->1302K(1472K)
[125.071s][info][gc             ] GC(695) Pause Young (Allocation Failure) 44M->6M(380M) 0.975ms
[125.071s][info][gc,cpu         ] GC(695) User=0.00s Sys=0.00s Real=0.00s
[125.231s][info][gc,start       ] GC(696) Pause Young (Allocation Failure)
[125.232s][info][gc,heap        ] GC(696) PSYoungGen: 39488K(39936K)->576K(39936K) Eden: 38912K(38912K)->0K(38912K) From: 576K(1024K)->576K(1024K)
[125.232s][info][gc,heap        ] GC(696) ParOldGen: 6294K(349696K)->6294K(349696K)
[125.232s][info][gc,metaspace   ] GC(696) Metaspace: 9911K(10304K)->9911K(10304K) NonClass: 8609K(8832K)->8609K(8832K) Class: 1302K(1472K)->1302K(1472K)
[125.232s][info][gc             ] GC(696) Pause Young (Allocation Failure) 44M->6M(380M) 0.860ms
[125.232s][info][gc,cpu         ] GC(696) User=0.00s Sys=0.00s Real=0.00s
[125.387s][info][gc,start       ] GC(697) Pause Young (Allocation Failure)
[125.388s][info][gc,heap        ] GC(697) PSYoungGen: 39488K(39936K)->704K(39936K) Eden: 38912K(38912K)->0K(38912K) From: 576K(1024K)->704K(1024K)
[125.388s][info][gc,heap        ] GC(697) ParOldGen: 6294K(349696K)->6294K(349696K)
[125.388s][info][gc,metaspace   ] GC(697) Metaspace: 9911K(10304K)->9911K(10304K) NonClass: 8609K(8832K)->8609K(8832K) Class: 1302K(1472K)->1302K(1472K)
[125.388s][info][gc             ] GC(697) Pause Young (Allocation Failure) 44M->6M(380M) 0.922ms
[125.388s][info][gc,cpu         ] GC(697) User=0.00s Sys=0.00s Real=0.00s
[125.551s][info][gc,start       ] GC(698) Pause Young (Allocation Failure)
[125.552s][info][gc,heap        ] GC(698) PSYoungGen: 39616K(39936K)->832K(39936K) Eden: 38912K(38912K)->0K(38912K) From: 704K(1024K)->832K(1024K)
[125.552s][info][gc,heap        ] GC(698) ParOldGen: 6294K(349696K)->6334K(349696K)
[125.552s][info][gc,metaspace   ] GC(698) Metaspace: 9911K(10304K)->9911K(10304K) NonClass: 8609K(8832K)->8609K(8832K) Class: 1302K(1472K)->1302K(1472K)
[125.552s][info][gc             ] GC(698) Pause Young (Allocation Failure) 44M->6M(380M) 0.990ms
[125.552s][info][gc,cpu         ] GC(698) User=0.00s Sys=0.00s Real=0.00s
[125.707s][info][gc,start       ] GC(699) Pause Young (Allocation Failure)
[125.708s][info][gc,heap        ] GC(699) PSYoungGen: 39744K(39936K)->704K(39936K) Eden: 38912K(38912K)->0K(38912K) From: 832K(1024K)->704K(1024K)
[125.708s][info][gc,heap        ] GC(699) ParOldGen: 6334K(349696K)->6566K(349696K)
[125.708s][info][gc,metaspace   ] GC(699) Metaspace: 9911K(10304K)->9911K(10304K) NonClass: 8609K(8832K)->8609K(8832K) Class: 1302K(1472K)->1302K(1472K)
[125.708s][info][gc             ] GC(699) Pause Young (Allocation Failure) 44M->7M(380M) 1.061ms
[125.708s][info][gc,cpu         ] GC(699) User=0.00s Sys=0.00s Real=0.00s
[125.874s][info][gc,start       ] GC(700) Pause Young (Allocation Failure)
[125.875s][info][gc,heap        ] GC(700) PSYoungGen: 39616K(39936K)->640K(39936K) Eden: 38912K(38912K)->0K(38912K) From: 704K(1024K)->640K(1024K)
[125.875s][info][gc,heap        ] GC(700) ParOldGen: 6566K(349696K)->6750K(349696K)
[125.875s][info][gc,metaspace   ] GC(700) Metaspace: 9911K(10304K)->9911K(10304K) NonClass: 8609K(8832K)->8609K(8832K) Class: 1302K(1472K)->1302K(1472K)
[125.875s][info][gc             ] GC(700) Pause Young (Allocation Failure) 45M->7M(380M) 0.971ms
[125.875s][info][gc,cpu         ] GC(700) User=0.00s Sys=0.00s Real=0.00s
[126.027s][info][gc,start       ] GC(701) Pause Young (Allocation Failure)
[126.027s][info][gc,heap        ] GC(701) PSYoungGen: 39552K(39936K)->576K(39936K) Eden: 38912K(38912K)->0K(38912K) From: 640K(1024K)->576K(1024K)
[126.027s][info][gc,heap        ] GC(701) ParOldGen: 6750K(349696K)->6750K(349696K)
[126.027s][info][gc,metaspace   ] GC(701) Metaspace: 9911K(10304K)->9911K(10304K) NonClass: 8609K(8832K)->8609K(8832K) Class: 1302K(1472K)->1302K(1472K)
[126.027s][info][gc             ] GC(701) Pause Young (Allocation Failure) 45M->7M(380M) 0.847ms
[126.028s][info][gc,cpu         ] GC(701) User=0.00s Sys=0.00s Real=0.00s
[126.183s][info][gc,start       ] GC(702) Pause Young (Allocation Failure)
[126.183s][info][gc,heap        ] GC(702) PSYoungGen: 39488K(39936K)->608K(39936K) Eden: 38912K(38912K)->0K(38912K) From: 576K(1024K)->608K(1024K)
[126.183s][info][gc,heap        ] GC(702) ParOldGen: 6750K(349696K)->6750K(349696K)
[126.183s][info][gc,metaspace   ] GC(702) Metaspace: 9911K(10304K)->9911K(10304K) NonClass: 8609K(8832K)->8609K(8832K) Class: 1302K(1472K)->1302K(1472K)
[126.183s][info][gc             ] GC(702) Pause Young (Allocation Failure) 45M->7M(380M) 0.889ms
[126.184s][info][gc,cpu         ] GC(702) User=0.00s Sys=0.00s Real=0.00s
[126.335s][info][gc,start       ] GC(703) Pause Young (Allocation Failure)
[126.336s][info][gc,heap        ] GC(703) PSYoungGen: 39520K(39936K)->640K(39936K) Eden: 38912K(38912K)->0K(38912K) From: 608K(1024K)->640K(1024K)
[126.336s][info][gc,heap        ] GC(703) ParOldGen: 6750K(349696K)->6750K(349696K)
[126.336s][info][gc,metaspace   ] GC(703) Metaspace: 9911K(10304K)->9911K(10304K) NonClass: 8609K(8832K)->8609K(8832K) Class: 1302K(1472K)->1302K(1472K)
[126.336s][info][gc             ] GC(703) Pause Young (Allocation Failure) 45M->7M(380M) 0.888ms
[126.336s][info][gc,cpu         ] GC(703) User=0.00s Sys=0.00s Real=0.00s
[126.499s][info][gc,start       ] GC(704) Pause Young (Allocation Failure)
[126.499s][info][gc,heap        ] GC(704) PSYoungGen: 39552K(39936K)->608K(39936K) Eden: 38912K(38912K)->0K(38912K) From: 640K(1024K)->608K(1024K)
[126.499s][info][gc,heap        ] GC(704) ParOldGen: 6750K(349696K)->6750K(349696K)
[126.499s][info][gc,metaspace   ] GC(704) Metaspace: 9911K(10304K)->9911K(10304K) NonClass: 8609K(8832K)->8609K(8832K) Class: 1302K(1472K)->1302K(1472K)
[126.500s][info][gc             ] GC(704) Pause Young (Allocation Failure) 45M->7M(380M) 0.908ms
[126.500s][info][gc,cpu         ] GC(704) User=0.00s Sys=0.00s Real=0.00s
[126.650s][info][gc,start       ] GC(705) Pause Young (Allocation Failure)
[126.651s][info][gc,heap        ] GC(705) PSYoungGen: 39520K(39936K)->608K(39936K) Eden: 38912K(38912K)->0K(38912K) From: 608K(1024K)->608K(1024K)
[126.651s][info][gc,heap        ] GC(705) ParOldGen: 6750K(349696K)->6750K(349696K)
[126.651s][info][gc,metaspace   ] GC(705) Metaspace: 9911K(10304K)->9911K(10304K) NonClass: 8609K(8832K)->8609K(8832K) Class: 1302K(1472K)->1302K(1472K)
[126.651s][info][gc             ] GC(705) Pause Young (Allocation Failure) 45M->7M(380M) 0.894ms
[126.651s][info][gc,cpu         ] GC(705) User=0.00s Sys=0.00s Real=0.00s
[126.801s][info][gc,start       ] GC(706) Pause Young (Allocation Failure)
[126.802s][info][gc,heap        ] GC(706) PSYoungGen: 39520K(39936K)->576K(39936K) Eden: 38912K(38912K)->0K(38912K) From: 608K(1024K)->576K(1024K)
[126.802s][info][gc,heap        ] GC(706) ParOldGen: 6750K(349696K)->6750K(349696K)
[126.802s][info][gc,metaspace   ] GC(706) Metaspace: 9911K(10304K)->9911K(10304K) NonClass: 8609K(8832K)->8609K(8832K) Class: 1302K(1472K)->1302K(1472K)
[126.802s][info][gc             ] GC(706) Pause Young (Allocation Failure) 45M->7M(380M) 0.987ms
[126.802s][info][gc,cpu         ] GC(706) User=0.00s Sys=0.00s Real=0.00s
[126.966s][info][gc,start       ] GC(707) Pause Young (Allocation Failure)
[126.966s][info][gc,heap        ] GC(707) PSYoungGen: 39487K(39936K)->576K(39936K) Eden: 38911K(38912K)->0K(38912K) From: 576K(1024K)->576K(1024K)
[126.966s][info][gc,heap        ] GC(707) ParOldGen: 6750K(349696K)->6750K(349696K)
[126.966s][info][gc,metaspace   ] GC(707) Metaspace: 9911K(10304K)->9911K(10304K) NonClass: 8609K(8832K)->8609K(8832K) Class: 1302K(1472K)->1302K(1472K)
[126.966s][info][gc             ] GC(707) Pause Young (Allocation Failure) 45M->7M(380M) 0.887ms
[126.966s][info][gc,cpu         ] GC(707) User=0.00s Sys=0.00s Real=0.00s
[127.123s][info][gc,start       ] GC(708) Pause Young (Allocation Failure)
[127.123s][info][gc,heap        ] GC(708) PSYoungGen: 39488K(39936K)->608K(39936K) Eden: 38912K(38912K)->0K(38912K) From: 576K(1024K)->608K(1024K)
[127.123s][info][gc,heap        ] GC(708) ParOldGen: 6750K(349696K)->6750K(349696K)
[127.123s][info][gc,metaspace   ] GC(708) Metaspace: 9911K(10304K)->9911K(10304K) NonClass: 8609K(8832K)->8609K(8832K) Class: 1302K(1472K)->1302K(1472K)
[127.123s][info][gc             ] GC(708) Pause Young (Allocation Failure) 45M->7M(380M) 0.894ms
[127.124s][info][gc,cpu         ] GC(708) User=0.00s Sys=0.00s Real=0.00s
[127.283s][info][gc,start       ] GC(709) Pause Young (Allocation Failure)
[127.283s][info][gc,heap        ] GC(709) PSYoungGen: 39520K(39936K)->576K(39936K) Eden: 38912K(38912K)->0K(38912K) From: 608K(1024K)->576K(1024K)
[127.284s][info][gc,heap        ] GC(709) ParOldGen: 6750K(349696K)->6750K(349696K)
[127.284s][info][gc,metaspace   ] GC(709) Metaspace: 9911K(10304K)->9911K(10304K) NonClass: 8609K(8832K)->8609K(8832K) Class: 1302K(1472K)->1302K(1472K)
[127.284s][info][gc             ] GC(709) Pause Young (Allocation Failure) 45M->7M(380M) 0.849ms
[127.284s][info][gc,cpu         ] GC(709) User=0.00s Sys=0.00s Real=0.00s
[127.435s][info][gc,start       ] GC(710) Pause Young (Allocation Failure)
[127.435s][info][gc,heap        ] GC(710) PSYoungGen: 39488K(39936K)->544K(39936K) Eden: 38912K(38912K)->0K(38912K) From: 576K(1024K)->544K(1024K)
[127.435s][info][gc,heap        ] GC(710) ParOldGen: 6750K(349696K)->6750K(349696K)
[127.435s][info][gc,metaspace   ] GC(710) Metaspace: 9911K(10304K)->9911K(10304K) NonClass: 8609K(8832K)->8609K(8832K) Class: 1302K(1472K)->1302K(1472K)
[127.435s][info][gc             ] GC(710) Pause Young (Allocation Failure) 45M->7M(380M) 0.812ms
[127.435s][info][gc,cpu         ] GC(710) User=0.00s Sys=0.00s Real=0.00s
[127.593s][info][gc,start       ] GC(711) Pause Young (Allocation Failure)
[127.594s][info][gc,heap        ] GC(711) PSYoungGen: 39456K(39936K)->704K(39936K) Eden: 38912K(38912K)->0K(38912K) From: 544K(1024K)->704K(1024K)
[127.594s][info][gc,heap        ] GC(711) ParOldGen: 6750K(349696K)->6750K(349696K)
[127.594s][info][gc,metaspace   ] GC(711) Metaspace: 9911K(10304K)->9911K(10304K) NonClass: 8609K(8832K)->8609K(8832K) Class: 1302K(1472K)->1302K(1472K)
[127.594s][info][gc             ] GC(711) Pause Young (Allocation Failure) 45M->7M(380M) 0.913ms
[127.594s][info][gc,cpu         ] GC(711) User=0.00s Sys=0.00s Real=0.00s
[127.750s][info][gc,start       ] GC(712) Pause Young (Allocation Failure)
[127.751s][info][gc,heap        ] GC(712) PSYoungGen: 39616K(39936K)->608K(39936K) Eden: 38912K(38912K)->0K(38912K) From: 704K(1024K)->608K(1024K)
[127.751s][info][gc,heap        ] GC(712) ParOldGen: 6750K(349696K)->6974K(349696K)
[127.751s][info][gc,metaspace   ] GC(712) Metaspace: 9911K(10304K)->9911K(10304K) NonClass: 8609K(8832K)->8609K(8832K) Class: 1302K(1472K)->1302K(1472K)
[127.751s][info][gc             ] GC(712) Pause Young (Allocation Failure) 45M->7M(380M) 1.024ms
[127.751s][info][gc,cpu         ] GC(712) User=0.00s Sys=0.00s Real=0.00s
[127.906s][info][gc,start       ] GC(713) Pause Young (Allocation Failure)
[127.907s][info][gc,heap        ] GC(713) PSYoungGen: 39520K(39936K)->576K(39936K) Eden: 38912K(38912K)->0K(38912K) From: 608K(1024K)->576K(1024K)
[127.907s][info][gc,heap        ] GC(713) ParOldGen: 6974K(349696K)->6974K(349696K)
[127.907s][info][gc,metaspace   ] GC(713) Metaspace: 9911K(10304K)->9911K(10304K) NonClass: 8609K(8832K)->8609K(8832K) Class: 1302K(1472K)->1302K(1472K)
[127.907s][info][gc             ] GC(713) Pause Young (Allocation Failure) 45M->7M(380M) 0.849ms
[127.907s][info][gc,cpu         ] GC(713) User=0.00s Sys=0.00s Real=0.00s
[128.063s][info][gc,start       ] GC(714) Pause Young (Allocation Failure)
[128.064s][info][gc,heap        ] GC(714) PSYoungGen: 39488K(39936K)->608K(39936K) Eden: 38912K(38912K)->0K(38912K) From: 576K(1024K)->608K(1024K)
[128.064s][info][gc,heap        ] GC(714) ParOldGen: 6974K(349696K)->6974K(349696K)
[128.064s][info][gc,metaspace   ] GC(714) Metaspace: 9911K(10304K)->9911K(10304K) NonClass: 8609K(8832K)->8609K(8832K) Class: 1302K(1472K)->1302K(1472K)
[128.064s][info][gc             ] GC(714) Pause Young (Allocation Failure) 45M->7M(380M) 0.848ms
[128.064s][info][gc,cpu         ] GC(714) User=0.00s Sys=0.00s Real=0.00s
[128.219s][info][gc,start       ] GC(715) Pause Young (Allocation Failure)
[128.220s][info][gc,heap        ] GC(715) PSYoungGen: 39520K(39936K)->544K(39936K) Eden: 38912K(38912K)->0K(38912K) From: 608K(1024K)->544K(1024K)
[128.220s][info][gc,heap        ] GC(715) ParOldGen: 6974K(349696K)->7094K(349696K)
[128.220s][info][gc,metaspace   ] GC(715) Metaspace: 9911K(10304K)->9911K(10304K) NonClass: 8609K(8832K)->8609K(8832K) Class: 1302K(1472K)->1302K(1472K)
[128.220s][info][gc             ] GC(715) Pause Young (Allocation Failure) 45M->7M(380M) 0.941ms
[128.220s][info][gc,cpu         ] GC(715) User=0.00s Sys=0.00s Real=0.00s
[128.367s][info][gc,start       ] GC(716) Pause Young (Allocation Failure)
[128.368s][info][gc,heap        ] GC(716) PSYoungGen: 39456K(39936K)->544K(39936K) Eden: 38912K(38912K)->0K(38912K) From: 544K(1024K)->544K(1024K)
[128.368s][info][gc,heap        ] GC(716) ParOldGen: 7094K(349696K)->7254K(349696K)
[128.368s][info][gc,metaspace   ] GC(716) Metaspace: 9911K(10304K)->9911K(10304K) NonClass: 8609K(8832K)->8609K(8832K) Class: 1302K(1472K)->1302K(1472K)
[128.369s][info][gc             ] GC(716) Pause Young (Allocation Failure) 45M->7M(380M) 1.010ms
[128.369s][info][gc,cpu         ] GC(716) User=0.00s Sys=0.00s Real=0.02s
[128.521s][info][gc,start       ] GC(717) Pause Young (Allocation Failure)
[128.521s][info][gc,heap        ] GC(717) PSYoungGen: 39456K(39936K)->608K(39936K) Eden: 38912K(38912K)->0K(38912K) From: 544K(1024K)->608K(1024K)
[128.521s][info][gc,heap        ] GC(717) ParOldGen: 7254K(349696K)->7254K(349696K)
[128.521s][info][gc,metaspace   ] GC(717) Metaspace: 9911K(10304K)->9911K(10304K) NonClass: 8609K(8832K)->8609K(8832K) Class: 1302K(1472K)->1302K(1472K)
[128.522s][info][gc             ] GC(717) Pause Young (Allocation Failure) 45M->7M(380M) 0.878ms
[128.522s][info][gc,cpu         ] GC(717) User=0.00s Sys=0.00s Real=0.00s
[128.674s][info][gc,start       ] GC(718) Pause Young (Allocation Failure)
[128.675s][info][gc,heap        ] GC(718) PSYoungGen: 39520K(39936K)->576K(39936K) Eden: 38912K(38912K)->0K(38912K) From: 608K(1024K)->576K(1024K)
[128.675s][info][gc,heap        ] GC(718) ParOldGen: 7254K(349696K)->7254K(349696K)
[128.675s][info][gc,metaspace   ] GC(718) Metaspace: 9911K(10304K)->9911K(10304K) NonClass: 8609K(8832K)->8609K(8832K) Class: 1302K(1472K)->1302K(1472K)
[128.675s][info][gc             ] GC(718) Pause Young (Allocation Failure) 45M->7M(380M) 0.871ms
[128.675s][info][gc,cpu         ] GC(718) User=0.00s Sys=0.00s Real=0.00s
[128.835s][info][gc,start       ] GC(719) Pause Young (Allocation Failure)
[128.836s][info][gc,heap        ] GC(719) PSYoungGen: 39488K(39936K)->576K(39936K) Eden: 38912K(38912K)->0K(38912K) From: 576K(1024K)->576K(1024K)
[128.836s][info][gc,heap        ] GC(719) ParOldGen: 7254K(349696K)->7254K(349696K)
[128.836s][info][gc,metaspace   ] GC(719) Metaspace: 9911K(10304K)->9911K(10304K) NonClass: 8609K(8832K)->8609K(8832K) Class: 1302K(1472K)->1302K(1472K)
[128.836s][info][gc             ] GC(719) Pause Young (Allocation Failure) 45M->7M(380M) 0.889ms
[128.836s][info][gc,cpu         ] GC(719) User=0.00s Sys=0.00s Real=0.00s
[128.876s][info][gc,start       ] GC(720) Pause Young (System.gc())
[128.877s][info][gc,heap        ] GC(720) PSYoungGen: 9192K(39936K)->544K(39936K) Eden: 8616K(38912K)->0K(38912K) From: 576K(1024K)->544K(1024K)
[128.877s][info][gc,heap        ] GC(720) ParOldGen: 7254K(349696K)->7326K(349696K)
[128.877s][info][gc,metaspace   ] GC(720) Metaspace: 9911K(10304K)->9911K(10304K) NonClass: 8609K(8832K)->8609K(8832K) Class: 1302K(1472K)->1302K(1472K)
[128.877s][info][gc             ] GC(720) Pause Young (System.gc()) 16M->7M(380M) 0.725ms
[128.877s][info][gc,cpu         ] GC(720) User=0.00s Sys=0.00s Real=0.00s
[128.877s][info][gc,start       ] GC(721) Pause Full (System.gc())
[128.877s][info][gc,phases,start] GC(721) Marking Phase
[128.890s][info][gc,phases      ] GC(721) Marking Phase 13.242ms
[128.890s][info][gc,phases,start] GC(721) Summary Phase
[128.890s][info][gc,phases      ] GC(721) Summary Phase 0.032ms
[128.890s][info][gc,phases,start] GC(721) Adjust Roots
[128.894s][info][gc,phases      ] GC(721) Adjust Roots 4.107ms
[128.895s][info][gc,phases,start] GC(721) Compaction Phase
[128.897s][info][gc,phases      ] GC(721) Compaction Phase 2.957ms
[128.897s][info][gc,phases,start] GC(721) Post Compact
[128.898s][info][gc,phases      ] GC(721) Post Compact 0.276ms
[128.898s][info][gc,heap        ] GC(721) PSYoungGen: 544K(39936K)->0K(39936K) Eden: 0K(38912K)->0K(38912K) From: 544K(1024K)->0K(1024K)
[128.898s][info][gc,heap        ] GC(721) ParOldGen: 7326K(349696K)->4078K(349696K)
[128.898s][info][gc,metaspace   ] GC(721) Metaspace: 9911K(10304K)->9911K(10304K) NonClass: 8609K(8832K)->8609K(8832K) Class: 1302K(1472K)->1302K(1472K)
[128.898s][info][gc             ] GC(721) Pause Full (System.gc()) 7M->3M(380M) 20.951ms
[128.898s][info][gc,cpu         ] GC(721) User=0.14s Sys=0.00s Real=0.02s
[129.053s][info][gc,start       ] GC(722) Pause Young (Allocation Failure)
[129.054s][info][gc,heap        ] GC(722) PSYoungGen: 38912K(39936K)->1024K(39936K) Eden: 38912K(38912K)->0K(38912K) From: 0K(1024K)->1024K(1024K)
[129.054s][info][gc,heap        ] GC(722) ParOldGen: 4078K(349696K)->4174K(349696K)
[129.054s][info][gc,metaspace   ] GC(722) Metaspace: 9912K(10304K)->9912K(10304K) NonClass: 8609K(8832K)->8609K(8832K) Class: 1302K(1472K)->1302K(1472K)
[129.054s][info][gc             ] GC(722) Pause Young (Allocation Failure) 41M->5M(380M) 1.272ms
[129.054s][info][gc,cpu         ] GC(722) User=0.00s Sys=0.00s Real=0.00s
[129.210s][info][gc,start       ] GC(723) Pause Young (Allocation Failure)
[129.211s][info][gc,heap        ] GC(723) PSYoungGen: 39936K(39936K)->800K(39936K) Eden: 38912K(38912K)->0K(38912K) From: 1024K(1024K)->800K(1024K)
[129.211s][info][gc,heap        ] GC(723) ParOldGen: 4174K(349696K)->4718K(349696K)
[129.211s][info][gc,metaspace   ] GC(723) Metaspace: 9912K(10304K)->9912K(10304K) NonClass: 8609K(8832K)->8609K(8832K) Class: 1302K(1472K)->1302K(1472K)
[129.211s][info][gc             ] GC(723) Pause Young (Allocation Failure) 43M->5M(380M) 1.466ms
[129.212s][info][gc,cpu         ] GC(723) User=0.00s Sys=0.00s Real=0.00s
[129.362s][info][gc,start       ] GC(724) Pause Young (Allocation Failure)
[129.363s][info][gc,heap        ] GC(724) PSYoungGen: 39712K(39936K)->832K(39936K) Eden: 38912K(38912K)->0K(38912K) From: 800K(1024K)->832K(1024K)
[129.363s][info][gc,heap        ] GC(724) ParOldGen: 4718K(349696K)->4894K(349696K)
[129.363s][info][gc,metaspace   ] GC(724) Metaspace: 9912K(10304K)->9912K(10304K) NonClass: 8609K(8832K)->8609K(8832K) Class: 1302K(1472K)->1302K(1472K)
[129.363s][info][gc             ] GC(724) Pause Young (Allocation Failure) 43M->5M(380M) 1.051ms
[129.363s][info][gc,cpu         ] GC(724) User=0.00s Sys=0.00s Real=0.00s
[129.515s][info][gc,start       ] GC(725) Pause Young (Allocation Failure)
[129.516s][info][gc,heap        ] GC(725) PSYoungGen: 39744K(39936K)->672K(39936K) Eden: 38912K(38912K)->0K(38912K) From: 832K(1024K)->672K(1024K)
[129.516s][info][gc,heap        ] GC(725) ParOldGen: 4894K(349696K)->5182K(349696K)
[129.516s][info][gc,metaspace   ] GC(725) Metaspace: 9912K(10304K)->9912K(10304K) NonClass: 8609K(8832K)->8609K(8832K) Class: 1302K(1472K)->1302K(1472K)
[129.516s][info][gc             ] GC(725) Pause Young (Allocation Failure) 43M->5M(380M) 1.070ms
[129.516s][info][gc,cpu         ] GC(725) User=0.00s Sys=0.00s Real=0.00s
[129.668s][info][gc,start       ] GC(726) Pause Young (Allocation Failure)
[129.669s][info][gc,heap        ] GC(726) PSYoungGen: 39584K(39936K)->832K(39936K) Eden: 38912K(38912K)->0K(38912K) From: 672K(1024K)->832K(1024K)
[129.669s][info][gc,heap        ] GC(726) ParOldGen: 5182K(349696K)->5206K(349696K)
[129.669s][info][gc,metaspace   ] GC(726) Metaspace: 9912K(10304K)->9912K(10304K) NonClass: 8609K(8832K)->8609K(8832K) Class: 1302K(1472K)->1302K(1472K)
[129.669s][info][gc             ] GC(726) Pause Young (Allocation Failure) 43M->5M(380M) 0.937ms
[129.669s][info][gc,cpu         ] GC(726) User=0.00s Sys=0.00s Real=0.00s
[129.823s][info][gc,start       ] GC(727) Pause Young (Allocation Failure)
[129.824s][info][gc,heap        ] GC(727) PSYoungGen: 39744K(39936K)->576K(39936K) Eden: 38912K(38912K)->0K(38912K) From: 832K(1024K)->576K(1024K)
[129.824s][info][gc,heap        ] GC(727) ParOldGen: 5206K(349696K)->5438K(349696K)
[129.824s][info][gc,metaspace   ] GC(727) Metaspace: 9912K(10304K)->9912K(10304K) NonClass: 8609K(8832K)->8609K(8832K) Class: 1302K(1472K)->1302K(1472K)
[129.824s][info][gc             ] GC(727) Pause Young (Allocation Failure) 43M->5M(380M) 1.011ms
[129.824s][info][gc,cpu         ] GC(727) User=0.00s Sys=0.00s Real=0.00s
[129.986s][info][gc,start       ] GC(728) Pause Young (Allocation Failure)
[129.987s][info][gc,heap        ] GC(728) PSYoungGen: 39488K(39936K)->768K(39936K) Eden: 38912K(38912K)->0K(38912K) From: 576K(1024K)->768K(1024K)
[129.987s][info][gc,heap        ] GC(728) ParOldGen: 5438K(349696K)->5438K(349696K)
[129.987s][info][gc,metaspace   ] GC(728) Metaspace: 9912K(10304K)->9912K(10304K) NonClass: 8609K(8832K)->8609K(8832K) Class: 1302K(1472K)->1302K(1472K)
[129.987s][info][gc             ] GC(728) Pause Young (Allocation Failure) 43M->6M(380M) 0.962ms
[129.987s][info][gc,cpu         ] GC(728) User=0.00s Sys=0.00s Real=0.00s
[130.138s][info][gc,start       ] GC(729) Pause Young (Allocation Failure)
[130.139s][info][gc,heap        ] GC(729) PSYoungGen: 39680K(39936K)->608K(39936K) Eden: 38912K(38912K)->0K(38912K) From: 768K(1024K)->608K(1024K)
[130.139s][info][gc,heap        ] GC(729) ParOldGen: 5438K(349696K)->5686K(349696K)
[130.139s][info][gc,metaspace   ] GC(729) Metaspace: 9912K(10304K)->9912K(10304K) NonClass: 8609K(8832K)->8609K(8832K) Class: 1302K(1472K)->1302K(1472K)
[130.139s][info][gc             ] GC(729) Pause Young (Allocation Failure) 44M->6M(380M) 1.019ms
[130.139s][info][gc,cpu         ] GC(729) User=0.00s Sys=0.00s Real=0.00s
[130.302s][info][gc,start       ] GC(730) Pause Young (Allocation Failure)
[130.303s][info][gc,heap        ] GC(730) PSYoungGen: 39520K(39936K)->800K(39936K) Eden: 38912K(38912K)->0K(38912K) From: 608K(1024K)->800K(1024K)
[130.303s][info][gc,heap        ] GC(730) ParOldGen: 5686K(349696K)->5710K(349696K)
[130.303s][info][gc,metaspace   ] GC(730) Metaspace: 9912K(10304K)->9912K(10304K) NonClass: 8609K(8832K)->8609K(8832K) Class: 1302K(1472K)->1302K(1472K)
[130.303s][info][gc             ] GC(730) Pause Young (Allocation Failure) 44M->6M(380M) 1.030ms
[130.304s][info][gc,cpu         ] GC(730) User=0.14s Sys=0.00s Real=0.02s
[130.460s][info][gc,start       ] GC(731) Pause Young (Allocation Failure)
[130.461s][info][gc,heap        ] GC(731) PSYoungGen: 39712K(39936K)->480K(39936K) Eden: 38912K(38912K)->0K(38912K) From: 800K(1024K)->480K(1024K)
[130.461s][info][gc,heap        ] GC(731) ParOldGen: 5710K(349696K)->5934K(349696K)
[130.461s][info][gc,metaspace   ] GC(731) Metaspace: 9912K(10304K)->9912K(10304K) NonClass: 8609K(8832K)->8609K(8832K) Class: 1302K(1472K)->1302K(1472K)
[130.461s][info][gc             ] GC(731) Pause Young (Allocation Failure) 44M->6M(380M) 0.946ms
[130.461s][info][gc,cpu         ] GC(731) User=0.00s Sys=0.00s Real=0.00s
[130.624s][info][gc,start       ] GC(732) Pause Young (Allocation Failure)
[130.625s][info][gc,heap        ] GC(732) PSYoungGen: 39392K(39936K)->640K(39936K) Eden: 38912K(38912K)->0K(38912K) From: 480K(1024K)->640K(1024K)
[130.625s][info][gc,heap        ] GC(732) ParOldGen: 5934K(349696K)->5934K(349696K)
[130.625s][info][gc,metaspace   ] GC(732) Metaspace: 9912K(10304K)->9912K(10304K) NonClass: 8609K(8832K)->8609K(8832K) Class: 1302K(1472K)->1302K(1472K)
[130.625s][info][gc             ] GC(732) Pause Young (Allocation Failure) 44M->6M(380M) 0.918ms
[130.625s][info][gc,cpu         ] GC(732) User=0.00s Sys=0.00s Real=0.00s
[130.785s][info][gc,start       ] GC(733) Pause Young (Allocation Failure)
[130.785s][info][gc,heap        ] GC(733) PSYoungGen: 39552K(39936K)->640K(39936K) Eden: 38912K(38912K)->0K(38912K) From: 640K(1024K)->640K(1024K)
[130.785s][info][gc,heap        ] GC(733) ParOldGen: 5934K(349696K)->5934K(349696K)
[130.785s][info][gc,metaspace   ] GC(733) Metaspace: 9912K(10304K)->9912K(10304K) NonClass: 8609K(8832K)->8609K(8832K) Class: 1302K(1472K)->1302K(1472K)
[130.785s][info][gc             ] GC(733) Pause Young (Allocation Failure) 44M->6M(380M) 0.890ms
[130.785s][info][gc,cpu         ] GC(733) User=0.00s Sys=0.00s Real=0.00s
[130.947s][info][gc,start       ] GC(734) Pause Young (Allocation Failure)
[130.948s][info][gc,heap        ] GC(734) PSYoungGen: 39552K(39936K)->864K(39936K) Eden: 38912K(38912K)->0K(38912K) From: 640K(1024K)->864K(1024K)
[130.948s][info][gc,heap        ] GC(734) ParOldGen: 5934K(349696K)->5974K(349696K)
[130.948s][info][gc,metaspace   ] GC(734) Metaspace: 9912K(10304K)->9912K(10304K) NonClass: 8609K(8832K)->8609K(8832K) Class: 1302K(1472K)->1302K(1472K)
[130.948s][info][gc             ] GC(734) Pause Young (Allocation Failure) 44M->6M(380M) 0.994ms
[130.948s][info][gc,cpu         ] GC(734) User=0.00s Sys=0.00s Real=0.00s
[131.110s][info][gc,start       ] GC(735) Pause Young (Allocation Failure)
[131.110s][info][gc,heap        ] GC(735) PSYoungGen: 39776K(39936K)->608K(39936K) Eden: 38912K(38912K)->0K(38912K) From: 864K(1024K)->608K(1024K)
[131.110s][info][gc,heap        ] GC(735) ParOldGen: 5974K(349696K)->6182K(349696K)
[131.110s][info][gc,metaspace   ] GC(735) Metaspace: 9912K(10304K)->9912K(10304K) NonClass: 8609K(8832K)->8609K(8832K) Class: 1302K(1472K)->1302K(1472K)
[131.110s][info][gc             ] GC(735) Pause Young (Allocation Failure) 44M->6M(380M) 0.979ms
[131.111s][info][gc,cpu         ] GC(735) User=0.00s Sys=0.00s Real=0.00s
[131.264s][info][gc,start       ] GC(736) Pause Young (Allocation Failure)
[131.265s][info][gc,heap        ] GC(736) PSYoungGen: 39519K(39936K)->608K(39936K) Eden: 38911K(38912K)->0K(38912K) From: 608K(1024K)->608K(1024K)
[131.265s][info][gc,heap        ] GC(736) ParOldGen: 6182K(349696K)->6182K(349696K)
[131.265s][info][gc,metaspace   ] GC(736) Metaspace: 9912K(10304K)->9912K(10304K) NonClass: 8609K(8832K)->8609K(8832K) Class: 1302K(1472K)->1302K(1472K)
[131.265s][info][gc             ] GC(736) Pause Young (Allocation Failure) 44M->6M(380M) 0.891ms
[131.265s][info][gc,cpu         ] GC(736) User=0.00s Sys=0.00s Real=0.00s
[131.420s][info][gc,start       ] GC(737) Pause Young (Allocation Failure)
[131.421s][info][gc,heap        ] GC(737) PSYoungGen: 39520K(39936K)->704K(39936K) Eden: 38912K(38912K)->0K(38912K) From: 608K(1024K)->704K(1024K)
[131.421s][info][gc,heap        ] GC(737) ParOldGen: 6182K(349696K)->6182K(349696K)
[131.421s][info][gc,metaspace   ] GC(737) Metaspace: 9912K(10304K)->9912K(10304K) NonClass: 8609K(8832K)->8609K(8832K) Class: 1302K(1472K)->1302K(1472K)
[131.421s][info][gc             ] GC(737) Pause Young (Allocation Failure) 44M->6M(380M) 0.913ms
[131.421s][info][gc,cpu         ] GC(737) User=0.00s Sys=0.00s Real=0.00s
[131.577s][info][gc,start       ] GC(738) Pause Young (Allocation Failure)
[131.577s][info][gc,heap        ] GC(738) PSYoungGen: 39616K(39936K)->640K(39936K) Eden: 38912K(38912K)->0K(38912K) From: 704K(1024K)->640K(1024K)
[131.577s][info][gc,heap        ] GC(738) ParOldGen: 6182K(349696K)->6366K(349696K)
[131.577s][info][gc,metaspace   ] GC(738) Metaspace: 9912K(10304K)->9912K(10304K) NonClass: 8609K(8832K)->8609K(8832K) Class: 1302K(1472K)->1302K(1472K)
[131.577s][info][gc             ] GC(738) Pause Young (Allocation Failure) 44M->6M(380M) 0.957ms
[131.578s][info][gc,cpu         ] GC(738) User=0.00s Sys=0.00s Real=0.00s
[131.736s][info][gc,start       ] GC(739) Pause Young (Allocation Failure)
[131.737s][info][gc,heap        ] GC(739) PSYoungGen: 39552K(39936K)->576K(39936K) Eden: 38912K(38912K)->0K(38912K) From: 640K(1024K)->576K(1024K)
[131.737s][info][gc,heap        ] GC(739) ParOldGen: 6366K(349696K)->6366K(349696K)
[131.737s][info][gc,metaspace   ] GC(739) Metaspace: 9912K(10304K)->9912K(10304K) NonClass: 8609K(8832K)->8609K(8832K) Class: 1302K(1472K)->1302K(1472K)
[131.737s][info][gc             ] GC(739) Pause Young (Allocation Failure) 44M->6M(380M) 0.891ms
[131.737s][info][gc,cpu         ] GC(739) User=0.00s Sys=0.00s Real=0.00s
[131.897s][info][gc,start       ] GC(740) Pause Young (Allocation Failure)
[131.898s][info][gc,heap        ] GC(740) PSYoungGen: 39488K(39936K)->576K(39936K) Eden: 38912K(38912K)->0K(38912K) From: 576K(1024K)->576K(1024K)
[131.898s][info][gc,heap        ] GC(740) ParOldGen: 6366K(349696K)->6366K(349696K)
[131.898s][info][gc,metaspace   ] GC(740) Metaspace: 9912K(10304K)->9912K(10304K) NonClass: 8609K(8832K)->8609K(8832K) Class: 1302K(1472K)->1302K(1472K)
[131.898s][info][gc             ] GC(740) Pause Young (Allocation Failure) 44M->6M(380M) 0.868ms
[131.898s][info][gc,cpu         ] GC(740) User=0.00s Sys=0.00s Real=0.00s
[132.051s][info][gc,start       ] GC(741) Pause Young (Allocation Failure)
[132.052s][info][gc,heap        ] GC(741) PSYoungGen: 39488K(39936K)->576K(39936K) Eden: 38912K(38912K)->0K(38912K) From: 576K(1024K)->576K(1024K)
[132.052s][info][gc,heap        ] GC(741) ParOldGen: 6366K(349696K)->6366K(349696K)
[132.052s][info][gc,metaspace   ] GC(741) Metaspace: 9912K(10304K)->9912K(10304K) NonClass: 8609K(8832K)->8609K(8832K) Class: 1302K(1472K)->1302K(1472K)
[132.052s][info][gc             ] GC(741) Pause Young (Allocation Failure) 44M->6M(380M) 0.897ms
[132.052s][info][gc,cpu         ] GC(741) User=0.00s Sys=0.00s Real=0.00s
[132.211s][info][gc,start       ] GC(742) Pause Young (Allocation Failure)
[132.212s][info][gc,heap        ] GC(742) PSYoungGen: 39488K(39936K)->672K(39936K) Eden: 38912K(38912K)->0K(38912K) From: 576K(1024K)->672K(1024K)
[132.212s][info][gc,heap        ] GC(742) ParOldGen: 6366K(349696K)->6366K(349696K)
[132.212s][info][gc,metaspace   ] GC(742) Metaspace: 9912K(10304K)->9912K(10304K) NonClass: 8609K(8832K)->8609K(8832K) Class: 1302K(1472K)->1302K(1472K)
[132.212s][info][gc             ] GC(742) Pause Young (Allocation Failure) 44M->6M(380M) 0.943ms
[132.212s][info][gc,cpu         ] GC(742) User=0.00s Sys=0.00s Real=0.00s
[132.373s][info][gc,start       ] GC(743) Pause Young (Allocation Failure)
[132.374s][info][gc,heap        ] GC(743) PSYoungGen: 39584K(39936K)->608K(39936K) Eden: 38912K(38912K)->0K(38912K) From: 672K(1024K)->608K(1024K)
[132.374s][info][gc,heap        ] GC(743) ParOldGen: 6366K(349696K)->6366K(349696K)
[132.374s][info][gc,metaspace   ] GC(743) Metaspace: 9912K(10304K)->9912K(10304K) NonClass: 8609K(8832K)->8609K(8832K) Class: 1302K(1472K)->1302K(1472K)
[132.374s][info][gc             ] GC(743) Pause Young (Allocation Failure) 44M->6M(380M) 0.877ms
[132.374s][info][gc,cpu         ] GC(743) User=0.00s Sys=0.00s Real=0.00s
[132.535s][info][gc,start       ] GC(744) Pause Young (Allocation Failure)
[132.535s][info][gc,heap        ] GC(744) PSYoungGen: 39520K(39936K)->640K(39936K) Eden: 38912K(38912K)->0K(38912K) From: 608K(1024K)->640K(1024K)
[132.536s][info][gc,heap        ] GC(744) ParOldGen: 6366K(349696K)->6366K(349696K)
[132.536s][info][gc,metaspace   ] GC(744) Metaspace: 9912K(10304K)->9912K(10304K) NonClass: 8609K(8832K)->8609K(8832K) Class: 1302K(1472K)->1302K(1472K)
[132.536s][info][gc             ] GC(744) Pause Young (Allocation Failure) 44M->6M(380M) 0.960ms
[132.536s][info][gc,cpu         ] GC(744) User=0.00s Sys=0.00s Real=0.00s
[132.693s][info][gc,start       ] GC(745) Pause Young (Allocation Failure)
[132.694s][info][gc,heap        ] GC(745) PSYoungGen: 39552K(39936K)->608K(39936K) Eden: 38912K(38912K)->0K(38912K) From: 640K(1024K)->608K(1024K)
[132.694s][info][gc,heap        ] GC(745) ParOldGen: 6366K(349696K)->6366K(349696K)
[132.694s][info][gc,metaspace   ] GC(745) Metaspace: 9912K(10304K)->9912K(10304K) NonClass: 8609K(8832K)->8609K(8832K) Class: 1302K(1472K)->1302K(1472K)
[132.694s][info][gc             ] GC(745) Pause Young (Allocation Failure) 44M->6M(380M) 0.876ms
[132.694s][info][gc,cpu         ] GC(745) User=0.00s Sys=0.00s Real=0.00s
[132.847s][info][gc,start       ] GC(746) Pause Young (Allocation Failure)
[132.848s][info][gc,heap        ] GC(746) PSYoungGen: 39520K(39936K)->608K(39936K) Eden: 38912K(38912K)->0K(38912K) From: 608K(1024K)->608K(1024K)
[132.848s][info][gc,heap        ] GC(746) ParOldGen: 6366K(349696K)->6366K(349696K)
[132.848s][info][gc,metaspace   ] GC(746) Metaspace: 9912K(10304K)->9912K(10304K) NonClass: 8609K(8832K)->8609K(8832K) Class: 1302K(1472K)->1302K(1472K)
[132.848s][info][gc             ] GC(746) Pause Young (Allocation Failure) 44M->6M(380M) 0.888ms
[132.848s][info][gc,cpu         ] GC(746) User=0.00s Sys=0.00s Real=0.00s
[133.009s][info][gc,start       ] GC(747) Pause Young (Allocation Failure)
[133.010s][info][gc,heap        ] GC(747) PSYoungGen: 39520K(39936K)->800K(39936K) Eden: 38912K(38912K)->0K(38912K) From: 608K(1024K)->800K(1024K)
[133.010s][info][gc,heap        ] GC(747) ParOldGen: 6366K(349696K)->6374K(349696K)
[133.010s][info][gc,metaspace   ] GC(747) Metaspace: 9912K(10304K)->9912K(10304K) NonClass: 8609K(8832K)->8609K(8832K) Class: 1302K(1472K)->1302K(1472K)
[133.010s][info][gc             ] GC(747) Pause Young (Allocation Failure) 44M->7M(380M) 0.945ms
[133.010s][info][gc,cpu         ] GC(747) User=0.00s Sys=0.00s Real=0.00s
[133.170s][info][gc,start       ] GC(748) Pause Young (Allocation Failure)
[133.171s][info][gc,heap        ] GC(748) PSYoungGen: 39712K(39936K)->608K(39936K) Eden: 38912K(38912K)->0K(38912K) From: 800K(1024K)->608K(1024K)
[133.171s][info][gc,heap        ] GC(748) ParOldGen: 6374K(349696K)->6590K(349696K)
[133.171s][info][gc,metaspace   ] GC(748) Metaspace: 9912K(10304K)->9912K(10304K) NonClass: 8609K(8832K)->8609K(8832K) Class: 1302K(1472K)->1302K(1472K)
[133.171s][info][gc             ] GC(748) Pause Young (Allocation Failure) 45M->7M(380M) 1.031ms
[133.171s][info][gc,cpu         ] GC(748) User=0.00s Sys=0.00s Real=0.00s
[133.323s][info][gc,start       ] GC(749) Pause Young (Allocation Failure)
[133.324s][info][gc,heap        ] GC(749) PSYoungGen: 39520K(39936K)->576K(39936K) Eden: 38912K(38912K)->0K(38912K) From: 608K(1024K)->576K(1024K)
[133.324s][info][gc,heap        ] GC(749) ParOldGen: 6590K(349696K)->6590K(349696K)
[133.324s][info][gc,metaspace   ] GC(749) Metaspace: 9912K(10304K)->9912K(10304K) NonClass: 8609K(8832K)->8609K(8832K) Class: 1302K(1472K)->1302K(1472K)
[133.324s][info][gc             ] GC(749) Pause Young (Allocation Failure) 45M->6M(380M) 0.851ms
[133.324s][info][gc,cpu         ] GC(749) User=0.00s Sys=0.00s Real=0.00s
[133.478s][info][gc,start       ] GC(750) Pause Young (Allocation Failure)
[133.479s][info][gc,heap        ] GC(750) PSYoungGen: 39487K(39936K)->544K(39936K) Eden: 38911K(38912K)->0K(38912K) From: 576K(1024K)->544K(1024K)
[133.479s][info][gc,heap        ] GC(750) ParOldGen: 6590K(349696K)->6590K(349696K)
[133.479s][info][gc,metaspace   ] GC(750) Metaspace: 9912K(10304K)->9912K(10304K) NonClass: 8609K(8832K)->8609K(8832K) Class: 1302K(1472K)->1302K(1472K)
[133.479s][info][gc             ] GC(750) Pause Young (Allocation Failure) 44M->6M(380M) 0.802ms
[133.479s][info][gc,cpu         ] GC(750) User=0.00s Sys=0.00s Real=0.00s
[133.629s][info][gc,start       ] GC(751) Pause Young (Allocation Failure)
[133.630s][info][gc,heap        ] GC(751) PSYoungGen: 39456K(39936K)->576K(39936K) Eden: 38912K(38912K)->0K(38912K) From: 544K(1024K)->576K(1024K)
[133.630s][info][gc,heap        ] GC(751) ParOldGen: 6590K(349696K)->6590K(349696K)
[133.630s][info][gc,metaspace   ] GC(751) Metaspace: 9912K(10304K)->9912K(10304K) NonClass: 8609K(8832K)->8609K(8832K) Class: 1302K(1472K)->1302K(1472K)
[133.630s][info][gc             ] GC(751) Pause Young (Allocation Failure) 44M->6M(380M) 0.863ms
[133.630s][info][gc,cpu         ] GC(751) User=0.00s Sys=0.00s Real=0.00s
[133.785s][info][gc,start       ] GC(752) Pause Young (Allocation Failure)
[133.786s][info][gc,heap        ] GC(752) PSYoungGen: 39488K(39936K)->608K(39936K) Eden: 38912K(38912K)->0K(38912K) From: 576K(1024K)->608K(1024K)
[133.786s][info][gc,heap        ] GC(752) ParOldGen: 6590K(349696K)->6590K(349696K)
[133.786s][info][gc,metaspace   ] GC(752) Metaspace: 9912K(10304K)->9912K(10304K) NonClass: 8609K(8832K)->8609K(8832K) Class: 1302K(1472K)->1302K(1472K)
[133.786s][info][gc             ] GC(752) Pause Young (Allocation Failure) 44M->7M(380M) 0.898ms
[133.786s][info][gc,cpu         ] GC(752) User=0.00s Sys=0.00s Real=0.00s
[133.933s][info][gc,start       ] GC(753) Pause Young (Allocation Failure)
[133.934s][info][gc,heap        ] GC(753) PSYoungGen: 39520K(39936K)->576K(39936K) Eden: 38912K(38912K)->0K(38912K) From: 608K(1024K)->576K(1024K)
[133.934s][info][gc,heap        ] GC(753) ParOldGen: 6590K(349696K)->6590K(349696K)
[133.934s][info][gc,metaspace   ] GC(753) Metaspace: 9912K(10304K)->9912K(10304K) NonClass: 8609K(8832K)->8609K(8832K) Class: 1302K(1472K)->1302K(1472K)
[133.934s][info][gc             ] GC(753) Pause Young (Allocation Failure) 45M->6M(380M) 0.888ms
[133.934s][info][gc,cpu         ] GC(753) User=0.00s Sys=0.00s Real=0.00s
[134.095s][info][gc,start       ] GC(754) Pause Young (Allocation Failure)
[134.096s][info][gc,heap        ] GC(754) PSYoungGen: 39488K(39936K)->576K(39936K) Eden: 38912K(38912K)->0K(38912K) From: 576K(1024K)->576K(1024K)
[134.096s][info][gc,heap        ] GC(754) ParOldGen: 6590K(349696K)->6590K(349696K)
[134.096s][info][gc,metaspace   ] GC(754) Metaspace: 9912K(10304K)->9912K(10304K) NonClass: 8609K(8832K)->8609K(8832K) Class: 1302K(1472K)->1302K(1472K)
[134.096s][info][gc             ] GC(754) Pause Young (Allocation Failure) 44M->6M(380M) 0.870ms
[134.096s][info][gc,cpu         ] GC(754) User=0.00s Sys=0.00s Real=0.00s
[134.253s][info][gc,start       ] GC(755) Pause Young (Allocation Failure)
[134.253s][info][gc,heap        ] GC(755) PSYoungGen: 39488K(39936K)->832K(39936K) Eden: 38912K(38912K)->0K(38912K) From: 576K(1024K)->832K(1024K)
[134.267s][info][gc,heap        ] GC(755) ParOldGen: 6590K(349696K)->6606K(349696K)
[134.267s][info][gc,metaspace   ] GC(755) Metaspace: 9912K(10304K)->9912K(10304K) NonClass: 8609K(8832K)->8609K(8832K) Class: 1302K(1472K)->1302K(1472K)
[134.267s][info][gc             ] GC(755) Pause Young (Allocation Failure) 44M->7M(380M) 14.573ms
[134.267s][info][gc,cpu         ] GC(755) User=0.14s Sys=0.00s Real=0.02s
[134.429s][info][gc,start       ] GC(756) Pause Young (Allocation Failure)
[134.430s][info][gc,heap        ] GC(756) PSYoungGen: 39744K(39936K)->576K(39936K) Eden: 38912K(38912K)->0K(38912K) From: 832K(1024K)->576K(1024K)
[134.430s][info][gc,heap        ] GC(756) ParOldGen: 6606K(349696K)->6806K(349696K)
[134.430s][info][gc,metaspace   ] GC(756) Metaspace: 9912K(10304K)->9912K(10304K) NonClass: 8609K(8832K)->8609K(8832K) Class: 1302K(1472K)->1302K(1472K)
[134.430s][info][gc             ] GC(756) Pause Young (Allocation Failure) 45M->7M(380M) 1.023ms
[134.430s][info][gc,cpu         ] GC(756) User=0.00s Sys=0.00s Real=0.00s
[134.589s][info][gc,start       ] GC(757) Pause Young (Allocation Failure)
[134.589s][info][gc,heap        ] GC(757) PSYoungGen: 39488K(39936K)->608K(39936K) Eden: 38912K(38912K)->0K(38912K) From: 576K(1024K)->608K(1024K)
[134.589s][info][gc,heap        ] GC(757) ParOldGen: 6806K(349696K)->6814K(349696K)
[134.589s][info][gc,metaspace   ] GC(757) Metaspace: 9912K(10304K)->9912K(10304K) NonClass: 8609K(8832K)->8609K(8832K) Class: 1302K(1472K)->1302K(1472K)
[134.590s][info][gc             ] GC(757) Pause Young (Allocation Failure) 45M->7M(380M) 0.897ms
[134.590s][info][gc,cpu         ] GC(757) User=0.14s Sys=0.00s Real=0.02s
[134.744s][info][gc,start       ] GC(758) Pause Young (Allocation Failure)
[134.745s][info][gc,heap        ] GC(758) PSYoungGen: 39520K(39936K)->576K(39936K) Eden: 38912K(38912K)->0K(38912K) From: 608K(1024K)->576K(1024K)
[134.745s][info][gc,heap        ] GC(758) ParOldGen: 6814K(349696K)->6814K(349696K)
[134.745s][info][gc,metaspace   ] GC(758) Metaspace: 9912K(10304K)->9912K(10304K) NonClass: 8609K(8832K)->8609K(8832K) Class: 1302K(1472K)->1302K(1472K)
[134.745s][info][gc             ] GC(758) Pause Young (Allocation Failure) 45M->7M(380M) 0.817ms
[134.745s][info][gc,cpu         ] GC(758) User=0.00s Sys=0.00s Real=0.00s
[134.900s][info][gc,start       ] GC(759) Pause Young (Allocation Failure)
[134.901s][info][gc,heap        ] GC(759) PSYoungGen: 39488K(39936K)->608K(39936K) Eden: 38912K(38912K)->0K(38912K) From: 576K(1024K)->608K(1024K)
[134.901s][info][gc,heap        ] GC(759) ParOldGen: 6814K(349696K)->6814K(349696K)
[134.901s][info][gc,metaspace   ] GC(759) Metaspace: 9912K(10304K)->9912K(10304K) NonClass: 8609K(8832K)->8609K(8832K) Class: 1302K(1472K)->1302K(1472K)
[134.901s][info][gc             ] GC(759) Pause Young (Allocation Failure) 45M->7M(380M) 0.892ms
[134.901s][info][gc,cpu         ] GC(759) User=0.00s Sys=0.00s Real=0.00s
[135.059s][info][gc,start       ] GC(760) Pause Young (Allocation Failure)
[135.060s][info][gc,heap        ] GC(760) PSYoungGen: 39520K(39936K)->576K(39936K) Eden: 38912K(38912K)->0K(38912K) From: 608K(1024K)->576K(1024K)
[135.060s][info][gc,heap        ] GC(760) ParOldGen: 6814K(349696K)->6814K(349696K)
[135.060s][info][gc,metaspace   ] GC(760) Metaspace: 9912K(10304K)->9912K(10304K) NonClass: 8609K(8832K)->8609K(8832K) Class: 1302K(1472K)->1302K(1472K)
[135.060s][info][gc             ] GC(760) Pause Young (Allocation Failure) 45M->7M(380M) 0.844ms
[135.060s][info][gc,cpu         ] GC(760) User=0.00s Sys=0.00s Real=0.00s
[135.219s][info][gc,start       ] GC(761) Pause Young (Allocation Failure)
[135.220s][info][gc,heap        ] GC(761) PSYoungGen: 39488K(39936K)->608K(39936K) Eden: 38912K(38912K)->0K(38912K) From: 576K(1024K)->608K(1024K)
[135.220s][info][gc,heap        ] GC(761) ParOldGen: 6814K(349696K)->6814K(349696K)
[135.220s][info][gc,metaspace   ] GC(761) Metaspace: 9912K(10304K)->9912K(10304K) NonClass: 8609K(8832K)->8609K(8832K) Class: 1302K(1472K)->1302K(1472K)
[135.220s][info][gc             ] GC(761) Pause Young (Allocation Failure) 45M->7M(380M) 0.900ms
[135.220s][info][gc,cpu         ] GC(761) User=0.00s Sys=0.00s Real=0.00s
[135.381s][info][gc,start       ] GC(762) Pause Young (Allocation Failure)
[135.382s][info][gc,heap        ] GC(762) PSYoungGen: 39520K(39936K)->576K(39936K) Eden: 38912K(38912K)->0K(38912K) From: 608K(1024K)->576K(1024K)
[135.382s][info][gc,heap        ] GC(762) ParOldGen: 6814K(349696K)->6814K(349696K)
[135.382s][info][gc,metaspace   ] GC(762) Metaspace: 9912K(10304K)->9912K(10304K) NonClass: 8609K(8832K)->8609K(8832K) Class: 1302K(1472K)->1302K(1472K)
[135.382s][info][gc             ] GC(762) Pause Young (Allocation Failure) 45M->7M(380M) 0.866ms
[135.382s][info][gc,cpu         ] GC(762) User=0.00s Sys=0.00s Real=0.00s
[135.535s][info][gc,start       ] GC(763) Pause Young (Allocation Failure)
[135.536s][info][gc,heap        ] GC(763) PSYoungGen: 39488K(39936K)->576K(39936K) Eden: 38912K(38912K)->0K(38912K) From: 576K(1024K)->576K(1024K)
[135.536s][info][gc,heap        ] GC(763) ParOldGen: 6814K(349696K)->6814K(349696K)
[135.536s][info][gc,metaspace   ] GC(763) Metaspace: 9912K(10304K)->9912K(10304K) NonClass: 8609K(8832K)->8609K(8832K) Class: 1302K(1472K)->1302K(1472K)
[135.536s][info][gc             ] GC(763) Pause Young (Allocation Failure) 45M->7M(380M) 0.848ms
[135.536s][info][gc,cpu         ] GC(763) User=0.00s Sys=0.00s Real=0.00s
[135.592s][info][gc,start       ] GC(764) Pause Young (System.gc())
[135.593s][info][gc,heap        ] GC(764) PSYoungGen: 14255K(39936K)->576K(39936K) Eden: 13679K(38912K)->0K(38912K) From: 576K(1024K)->576K(1024K)
[135.593s][info][gc,heap        ] GC(764) ParOldGen: 6814K(349696K)->6886K(349696K)
[135.593s][info][gc,metaspace   ] GC(764) Metaspace: 9912K(10304K)->9912K(10304K) NonClass: 8609K(8832K)->8609K(8832K) Class: 1302K(1472K)->1302K(1472K)
[135.593s][info][gc             ] GC(764) Pause Young (System.gc()) 20M->7M(380M) 0.775ms
[135.593s][info][gc,cpu         ] GC(764) User=0.00s Sys=0.00s Real=0.00s
[135.593s][info][gc,start       ] GC(765) Pause Full (System.gc())
[135.593s][info][gc,phases,start] GC(765) Marking Phase
[135.607s][info][gc,phases      ] GC(765) Marking Phase 13.409ms
[135.608s][info][gc,phases,start] GC(765) Summary Phase
[135.608s][info][gc,phases      ] GC(765) Summary Phase 0.069ms
[135.608s][info][gc,phases,start] GC(765) Adjust Roots
[135.612s][info][gc,phases      ] GC(765) Adjust Roots 4.152ms
[135.612s][info][gc,phases,start] GC(765) Compaction Phase
[135.615s][info][gc,phases      ] GC(765) Compaction Phase 2.970ms
[135.615s][info][gc,phases,start] GC(765) Post Compact
[135.615s][info][gc,phases      ] GC(765) Post Compact 0.287ms
[135.615s][info][gc,heap        ] GC(765) PSYoungGen: 576K(39936K)->0K(39936K) Eden: 0K(38912K)->0K(38912K) From: 576K(1024K)->0K(1024K)
[135.615s][info][gc,heap        ] GC(765) ParOldGen: 6886K(349696K)->4078K(349696K)
[135.615s][info][gc,metaspace   ] GC(765) Metaspace: 9912K(10304K)->9912K(10304K) NonClass: 8609K(8832K)->8609K(8832K) Class: 1302K(1472K)->1302K(1472K)
[135.615s][info][gc             ] GC(765) Pause Full (System.gc()) 7M->3M(380M) 22.183ms
[135.615s][info][gc,cpu         ] GC(765) User=0.02s Sys=0.00s Real=0.01s
[135.778s][info][gc,start       ] GC(766) Pause Young (Allocation Failure)
[135.780s][info][gc,heap        ] GC(766) PSYoungGen: 38912K(39936K)->1024K(39936K) Eden: 38912K(38912K)->0K(38912K) From: 0K(1024K)->1024K(1024K)
[135.780s][info][gc,heap        ] GC(766) ParOldGen: 4078K(349696K)->4222K(349696K)
[135.780s][info][gc,metaspace   ] GC(766) Metaspace: 9937K(10304K)->9937K(10304K) NonClass: 8635K(8832K)->8635K(8832K) Class: 1302K(1472K)->1302K(1472K)
[135.780s][info][gc             ] GC(766) Pause Young (Allocation Failure) 41M->5M(380M) 1.323ms
[135.780s][info][gc,cpu         ] GC(766) User=0.00s Sys=0.00s Real=0.00s
[135.933s][info][gc,start       ] GC(767) Pause Young (Allocation Failure)
[135.934s][info][gc,heap        ] GC(767) PSYoungGen: 39936K(39936K)->928K(39936K) Eden: 38912K(38912K)->0K(38912K) From: 1024K(1024K)->928K(1024K)
[135.934s][info][gc,heap        ] GC(767) ParOldGen: 4222K(349696K)->4614K(349696K)
[135.934s][info][gc,metaspace   ] GC(767) Metaspace: 9937K(10304K)->9937K(10304K) NonClass: 8635K(8832K)->8635K(8832K) Class: 1302K(1472K)->1302K(1472K)
[135.934s][info][gc             ] GC(767) Pause Young (Allocation Failure) 43M->5M(380M) 1.350ms
[135.934s][info][gc,cpu         ] GC(767) User=0.00s Sys=0.00s Real=0.00s
[136.097s][info][gc,start       ] GC(768) Pause Young (Allocation Failure)
[136.098s][info][gc,heap        ] GC(768) PSYoungGen: 39840K(39936K)->608K(39936K) Eden: 38912K(38912K)->0K(38912K) From: 928K(1024K)->608K(1024K)
[136.098s][info][gc,heap        ] GC(768) ParOldGen: 4614K(349696K)->5014K(349696K)
[136.098s][info][gc,metaspace   ] GC(768) Metaspace: 9937K(10304K)->9937K(10304K) NonClass: 8635K(8832K)->8635K(8832K) Class: 1302K(1472K)->1302K(1472K)
[136.098s][info][gc             ] GC(768) Pause Young (Allocation Failure) 43M->5M(380M) 1.173ms
[136.098s][info][gc,cpu         ] GC(768) User=0.00s Sys=0.00s Real=0.00s
[136.254s][info][gc,start       ] GC(769) Pause Young (Allocation Failure)
[136.255s][info][gc,heap        ] GC(769) PSYoungGen: 39520K(39936K)->960K(39936K) Eden: 38912K(38912K)->0K(38912K) From: 608K(1024K)->960K(1024K)
[136.255s][info][gc,heap        ] GC(769) ParOldGen: 5014K(349696K)->5062K(349696K)
[136.255s][info][gc,metaspace   ] GC(769) Metaspace: 9937K(10304K)->9937K(10304K) NonClass: 8635K(8832K)->8635K(8832K) Class: 1302K(1472K)->1302K(1472K)
[136.256s][info][gc             ] GC(769) Pause Young (Allocation Failure) 43M->5M(380M) 1.085ms
[136.256s][info][gc,cpu         ] GC(769) User=0.00s Sys=0.00s Real=0.00s
[136.412s][info][gc,start       ] GC(770) Pause Young (Allocation Failure)
[136.413s][info][gc,heap        ] GC(770) PSYoungGen: 39872K(39936K)->608K(40448K) Eden: 38912K(38912K)->0K(38912K) From: 960K(1024K)->608K(1536K)
[136.413s][info][gc,heap        ] GC(770) ParOldGen: 5062K(349696K)->5462K(349696K)
[136.413s][info][gc,metaspace   ] GC(770) Metaspace: 9937K(10304K)->9937K(10304K) NonClass: 8635K(8832K)->8635K(8832K) Class: 1302K(1472K)->1302K(1472K)
[136.413s][info][gc             ] GC(770) Pause Young (Allocation Failure) 43M->5M(381M) 1.280ms
[136.413s][info][gc,cpu         ] GC(770) User=0.00s Sys=0.00s Real=0.00s
[136.570s][info][gc,start       ] GC(771) Pause Young (Allocation Failure)
[136.571s][info][gc,heap        ] GC(771) PSYoungGen: 39520K(40448K)->640K(39936K) Eden: 38912K(38912K)->0K(38912K) From: 608K(1536K)->640K(1024K)
[136.571s][info][gc,heap        ] GC(771) ParOldGen: 5462K(349696K)->5462K(349696K)
[136.571s][info][gc,metaspace   ] GC(771) Metaspace: 9937K(10304K)->9937K(10304K) NonClass: 8635K(8832K)->8635K(8832K) Class: 1302K(1472K)->1302K(1472K)
[136.571s][info][gc             ] GC(771) Pause Young (Allocation Failure) 43M->5M(380M) 0.965ms
[136.571s][info][gc,cpu         ] GC(771) User=0.00s Sys=0.00s Real=0.00s
[136.724s][info][gc,start       ] GC(772) Pause Young (Allocation Failure)
[136.725s][info][gc,heap        ] GC(772) PSYoungGen: 39552K(39936K)->576K(39936K) Eden: 38912K(38912K)->0K(38912K) From: 640K(1024K)->576K(1024K)
[136.725s][info][gc,heap        ] GC(772) ParOldGen: 5462K(349696K)->5462K(349696K)
[136.725s][info][gc,metaspace   ] GC(772) Metaspace: 9937K(10304K)->9937K(10304K) NonClass: 8635K(8832K)->8635K(8832K) Class: 1302K(1472K)->1302K(1472K)
[136.725s][info][gc             ] GC(772) Pause Young (Allocation Failure) 43M->5M(380M) 0.857ms
[136.725s][info][gc,cpu         ] GC(772) User=0.00s Sys=0.00s Real=0.00s
[136.884s][info][gc,start       ] GC(773) Pause Young (Allocation Failure)
[136.884s][info][gc,heap        ] GC(773) PSYoungGen: 39488K(39936K)->608K(39936K) Eden: 38912K(38912K)->0K(38912K) From: 576K(1024K)->608K(1024K)
[136.884s][info][gc,heap        ] GC(773) ParOldGen: 5462K(349696K)->5462K(349696K)
[136.884s][info][gc,metaspace   ] GC(773) Metaspace: 9937K(10304K)->9937K(10304K) NonClass: 8635K(8832K)->8635K(8832K) Class: 1302K(1472K)->1302K(1472K)
[136.885s][info][gc             ] GC(773) Pause Young (Allocation Failure) 43M->5M(380M) 0.912ms
[136.885s][info][gc,cpu         ] GC(773) User=0.02s Sys=0.00s Real=0.02s
[137.044s][info][gc,start       ] GC(774) Pause Young (Allocation Failure)
[137.045s][info][gc,heap        ] GC(774) PSYoungGen: 39520K(39936K)->576K(39936K) Eden: 38912K(38912K)->0K(38912K) From: 608K(1024K)->576K(1024K)
[137.045s][info][gc,heap        ] GC(774) ParOldGen: 5462K(349696K)->5462K(349696K)
[137.045s][info][gc,metaspace   ] GC(774) Metaspace: 9937K(10304K)->9937K(10304K) NonClass: 8635K(8832K)->8635K(8832K) Class: 1302K(1472K)->1302K(1472K)
[137.045s][info][gc             ] GC(774) Pause Young (Allocation Failure) 43M->5M(380M) 0.875ms
[137.045s][info][gc,cpu         ] GC(774) User=0.00s Sys=0.00s Real=0.00s
[137.201s][info][gc,start       ] GC(775) Pause Young (Allocation Failure)
[137.202s][info][gc,heap        ] GC(775) PSYoungGen: 39488K(39936K)->864K(39936K) Eden: 38912K(38912K)->0K(38912K) From: 576K(1024K)->864K(1024K)
[137.202s][info][gc,heap        ] GC(775) ParOldGen: 5462K(349696K)->5462K(349696K)
[137.202s][info][gc,metaspace   ] GC(775) Metaspace: 9937K(10304K)->9937K(10304K) NonClass: 8635K(8832K)->8635K(8832K) Class: 1302K(1472K)->1302K(1472K)
[137.202s][info][gc             ] GC(775) Pause Young (Allocation Failure) 43M->6M(380M) 0.984ms
[137.202s][info][gc,cpu         ] GC(775) User=0.00s Sys=0.00s Real=0.00s
[137.357s][info][gc,start       ] GC(776) Pause Young (Allocation Failure)
[137.358s][info][gc,heap        ] GC(776) PSYoungGen: 39776K(39936K)->640K(39936K) Eden: 38912K(38912K)->0K(38912K) From: 864K(1024K)->640K(1024K)
[137.358s][info][gc,heap        ] GC(776) ParOldGen: 5462K(349696K)->5670K(349696K)
[137.358s][info][gc,metaspace   ] GC(776) Metaspace: 9937K(10304K)->9937K(10304K) NonClass: 8635K(8832K)->8635K(8832K) Class: 1302K(1472K)->1302K(1472K)
[137.358s][info][gc             ] GC(776) Pause Young (Allocation Failure) 44M->6M(380M) 1.037ms
[137.358s][info][gc,cpu         ] GC(776) User=0.00s Sys=0.00s Real=0.00s
[137.510s][info][gc,start       ] GC(777) Pause Young (Allocation Failure)
[137.511s][info][gc,heap        ] GC(777) PSYoungGen: 39552K(39936K)->576K(39936K) Eden: 38912K(38912K)->0K(38912K) From: 640K(1024K)->576K(1024K)
[137.511s][info][gc,heap        ] GC(777) ParOldGen: 5670K(349696K)->5670K(349696K)
[137.511s][info][gc,metaspace   ] GC(777) Metaspace: 9937K(10304K)->9937K(10304K) NonClass: 8635K(8832K)->8635K(8832K) Class: 1302K(1472K)->1302K(1472K)
[137.511s][info][gc             ] GC(777) Pause Young (Allocation Failure) 44M->6M(380M) 0.861ms
[137.511s][info][gc,cpu         ] GC(777) User=0.00s Sys=0.00s Real=0.00s
[137.668s][info][gc,start       ] GC(778) Pause Young (Allocation Failure)
[137.668s][info][gc,heap        ] GC(778) PSYoungGen: 39488K(39936K)->576K(39936K) Eden: 38912K(38912K)->0K(38912K) From: 576K(1024K)->576K(1024K)
[137.668s][info][gc,heap        ] GC(778) ParOldGen: 5670K(349696K)->5670K(349696K)
[137.668s][info][gc,metaspace   ] GC(778) Metaspace: 9937K(10304K)->9937K(10304K) NonClass: 8635K(8832K)->8635K(8832K) Class: 1302K(1472K)->1302K(1472K)
[137.668s][info][gc             ] GC(778) Pause Young (Allocation Failure) 44M->6M(380M) 0.861ms
[137.669s][info][gc,cpu         ] GC(778) User=0.00s Sys=0.00s Real=0.00s
[137.829s][info][gc,start       ] GC(779) Pause Young (Allocation Failure)
[137.830s][info][gc,heap        ] GC(779) PSYoungGen: 39488K(39936K)->864K(39936K) Eden: 38912K(38912K)->0K(38912K) From: 576K(1024K)->864K(1024K)
[137.830s][info][gc,heap        ] GC(779) ParOldGen: 5670K(349696K)->5710K(349696K)
[137.830s][info][gc,metaspace   ] GC(779) Metaspace: 9937K(10304K)->9937K(10304K) NonClass: 8635K(8832K)->8635K(8832K) Class: 1302K(1472K)->1302K(1472K)
[137.830s][info][gc             ] GC(779) Pause Young (Allocation Failure) 44M->6M(380M) 1.047ms
[137.830s][info][gc,cpu         ] GC(779) User=0.00s Sys=0.00s Real=0.00s
[137.986s][info][gc,start       ] GC(780) Pause Young (Allocation Failure)
[137.987s][info][gc,heap        ] GC(780) PSYoungGen: 39776K(39936K)->576K(39936K) Eden: 38912K(38912K)->0K(38912K) From: 864K(1024K)->576K(1024K)
[137.987s][info][gc,heap        ] GC(780) ParOldGen: 5710K(349696K)->5926K(349696K)
[137.987s][info][gc,metaspace   ] GC(780) Metaspace: 9937K(10304K)->9937K(10304K) NonClass: 8635K(8832K)->8635K(8832K) Class: 1302K(1472K)->1302K(1472K)
[137.987s][info][gc             ] GC(780) Pause Young (Allocation Failure) 44M->6M(380M) 1.001ms
[137.987s][info][gc,cpu         ] GC(780) User=0.00s Sys=0.00s Real=0.00s
[138.145s][info][gc,start       ] GC(781) Pause Young (Allocation Failure)
[138.146s][info][gc,heap        ] GC(781) PSYoungGen: 39488K(39936K)->672K(39936K) Eden: 38912K(38912K)->0K(38912K) From: 576K(1024K)->672K(1024K)
[138.146s][info][gc,heap        ] GC(781) ParOldGen: 5926K(349696K)->5926K(349696K)
[138.146s][info][gc,metaspace   ] GC(781) Metaspace: 9937K(10304K)->9937K(10304K) NonClass: 8635K(8832K)->8635K(8832K) Class: 1302K(1472K)->1302K(1472K)
[138.146s][info][gc             ] GC(781) Pause Young (Allocation Failure) 44M->6M(380M) 0.897ms
[138.146s][info][gc,cpu         ] GC(781) User=0.00s Sys=0.00s Real=0.00s
[138.298s][info][gc,start       ] GC(782) Pause Young (Allocation Failure)
[138.299s][info][gc,heap        ] GC(782) PSYoungGen: 39584K(39936K)->608K(39936K) Eden: 38912K(38912K)->0K(38912K) From: 672K(1024K)->608K(1024K)
[138.299s][info][gc,heap        ] GC(782) ParOldGen: 5926K(349696K)->6166K(349696K)
[138.299s][info][gc,metaspace   ] GC(782) Metaspace: 9937K(10304K)->9937K(10304K) NonClass: 8635K(8832K)->8635K(8832K) Class: 1302K(1472K)->1302K(1472K)
[138.299s][info][gc             ] GC(782) Pause Young (Allocation Failure) 44M->6M(380M) 0.999ms
[138.299s][info][gc,cpu         ] GC(782) User=0.00s Sys=0.00s Real=0.00s
[138.449s][info][gc,start       ] GC(783) Pause Young (Allocation Failure)
[138.450s][info][gc,heap        ] GC(783) PSYoungGen: 39520K(39936K)->576K(39936K) Eden: 38912K(38912K)->0K(38912K) From: 608K(1024K)->576K(1024K)
[138.450s][info][gc,heap        ] GC(783) ParOldGen: 6166K(349696K)->6166K(349696K)
[138.450s][info][gc,metaspace   ] GC(783) Metaspace: 9937K(10304K)->9937K(10304K) NonClass: 8635K(8832K)->8635K(8832K) Class: 1302K(1472K)->1302K(1472K)
[138.450s][info][gc             ] GC(783) Pause Young (Allocation Failure) 44M->6M(380M) 0.830ms
[138.450s][info][gc,cpu         ] GC(783) User=0.00s Sys=0.00s Real=0.00s
[138.601s][info][gc,start       ] GC(784) Pause Young (Allocation Failure)
[138.602s][info][gc,heap        ] GC(784) PSYoungGen: 39488K(39936K)->832K(39936K) Eden: 38912K(38912K)->0K(38912K) From: 576K(1024K)->832K(1024K)
[138.602s][info][gc,heap        ] GC(784) ParOldGen: 6166K(349696K)->6198K(349696K)
[138.602s][info][gc,metaspace   ] GC(784) Metaspace: 9937K(10304K)->9937K(10304K) NonClass: 8635K(8832K)->8635K(8832K) Class: 1302K(1472K)->1302K(1472K)
[138.602s][info][gc             ] GC(784) Pause Young (Allocation Failure) 44M->6M(380M) 1.019ms
[138.602s][info][gc,cpu         ] GC(784) User=0.00s Sys=0.00s Real=0.00s
[138.761s][info][gc,start       ] GC(785) Pause Young (Allocation Failure)
[138.762s][info][gc,heap        ] GC(785) PSYoungGen: 39744K(39936K)->704K(39936K) Eden: 38912K(38912K)->0K(38912K) From: 832K(1024K)->704K(1024K)
[138.762s][info][gc,heap        ] GC(785) ParOldGen: 6198K(349696K)->6206K(349696K)
[138.762s][info][gc,metaspace   ] GC(785) Metaspace: 9937K(10304K)->9937K(10304K) NonClass: 8635K(8832K)->8635K(8832K) Class: 1302K(1472K)->1302K(1472K)
[138.762s][info][gc             ] GC(785) Pause Young (Allocation Failure) 44M->6M(380M) 0.890ms
[138.762s][info][gc,cpu         ] GC(785) User=0.00s Sys=0.00s Real=0.00s
[138.919s][info][gc,start       ] GC(786) Pause Young (Allocation Failure)
[138.920s][info][gc,heap        ] GC(786) PSYoungGen: 39616K(39936K)->576K(39936K) Eden: 38912K(38912K)->0K(38912K) From: 704K(1024K)->576K(1024K)
[138.920s][info][gc,heap        ] GC(786) ParOldGen: 6206K(349696K)->6430K(349696K)
[138.920s][info][gc,metaspace   ] GC(786) Metaspace: 9937K(10304K)->9937K(10304K) NonClass: 8635K(8832K)->8635K(8832K) Class: 1302K(1472K)->1302K(1472K)
[138.920s][info][gc             ] GC(786) Pause Young (Allocation Failure) 44M->6M(380M) 0.986ms
[138.920s][info][gc,cpu         ] GC(786) User=0.00s Sys=0.00s Real=0.00s
[139.076s][info][gc,start       ] GC(787) Pause Young (Allocation Failure)
[139.077s][info][gc,heap        ] GC(787) PSYoungGen: 39488K(39936K)->864K(39936K) Eden: 38912K(38912K)->0K(38912K) From: 576K(1024K)->864K(1024K)
[139.077s][info][gc,heap        ] GC(787) ParOldGen: 6430K(349696K)->6454K(349696K)
[139.077s][info][gc,metaspace   ] GC(787) Metaspace: 9937K(10304K)->9937K(10304K) NonClass: 8635K(8832K)->8635K(8832K) Class: 1302K(1472K)->1302K(1472K)
[139.077s][info][gc             ] GC(787) Pause Young (Allocation Failure) 44M->7M(380M) 1.019ms
[139.077s][info][gc,cpu         ] GC(787) User=0.02s Sys=0.00s Real=0.01s
[139.233s][info][gc,start       ] GC(788) Pause Young (Allocation Failure)
[139.234s][info][gc,heap        ] GC(788) PSYoungGen: 39776K(39936K)->576K(39936K) Eden: 38912K(38912K)->0K(38912K) From: 864K(1024K)->576K(1024K)
[139.234s][info][gc,heap        ] GC(788) ParOldGen: 6454K(349696K)->6630K(349696K)
[139.234s][info][gc,metaspace   ] GC(788) Metaspace: 9937K(10304K)->9937K(10304K) NonClass: 8635K(8832K)->8635K(8832K) Class: 1302K(1472K)->1302K(1472K)
[139.234s][info][gc             ] GC(788) Pause Young (Allocation Failure) 45M->7M(380M) 0.977ms
[139.234s][info][gc,cpu         ] GC(788) User=0.00s Sys=0.00s Real=0.00s
[139.388s][info][gc,start       ] GC(789) Pause Young (Allocation Failure)
[139.389s][info][gc,heap        ] GC(789) PSYoungGen: 39488K(39936K)->672K(39936K) Eden: 38912K(38912K)->0K(38912K) From: 576K(1024K)->672K(1024K)
[139.389s][info][gc,heap        ] GC(789) ParOldGen: 6630K(349696K)->6630K(349696K)
[139.389s][info][gc,metaspace   ] GC(789) Metaspace: 9937K(10304K)->9937K(10304K) NonClass: 8635K(8832K)->8635K(8832K) Class: 1302K(1472K)->1302K(1472K)
[139.389s][info][gc             ] GC(789) Pause Young (Allocation Failure) 45M->7M(380M) 0.891ms
[139.389s][info][gc,cpu         ] GC(789) User=0.00s Sys=0.00s Real=0.00s
[139.540s][info][gc,start       ] GC(790) Pause Young (Allocation Failure)
[139.541s][info][gc,heap        ] GC(790) PSYoungGen: 39584K(39936K)->576K(39936K) Eden: 38912K(38912K)->0K(38912K) From: 672K(1024K)->576K(1024K)
[139.541s][info][gc,heap        ] GC(790) ParOldGen: 6630K(349696K)->6638K(349696K)
[139.541s][info][gc,metaspace   ] GC(790) Metaspace: 9937K(10304K)->9937K(10304K) NonClass: 8635K(8832K)->8635K(8832K) Class: 1302K(1472K)->1302K(1472K)
[139.541s][info][gc             ] GC(790) Pause Young (Allocation Failure) 45M->7M(380M) 0.866ms
[139.541s][info][gc,cpu         ] GC(790) User=0.00s Sys=0.00s Real=0.00s
[139.703s][info][gc,start       ] GC(791) Pause Young (Allocation Failure)
[139.704s][info][gc,heap        ] GC(791) PSYoungGen: 39488K(39936K)->608K(39936K) Eden: 38912K(38912K)->0K(38912K) From: 576K(1024K)->608K(1024K)
[139.704s][info][gc,heap        ] GC(791) ParOldGen: 6638K(349696K)->6638K(349696K)
[139.704s][info][gc,metaspace   ] GC(791) Metaspace: 9937K(10304K)->9937K(10304K) NonClass: 8635K(8832K)->8635K(8832K) Class: 1302K(1472K)->1302K(1472K)
[139.704s][info][gc             ] GC(791) Pause Young (Allocation Failure) 45M->7M(380M) 0.845ms
[139.704s][info][gc,cpu         ] GC(791) User=0.00s Sys=0.00s Real=0.00s
[139.862s][info][gc,start       ] GC(792) Pause Young (Allocation Failure)
[139.885s][info][gc,heap        ] GC(792) PSYoungGen: 39519K(39936K)->576K(39936K) Eden: 38911K(38912K)->0K(38912K) From: 608K(1024K)->576K(1024K)
[139.885s][info][gc,heap        ] GC(792) ParOldGen: 6638K(349696K)->6638K(349696K)
[139.886s][info][gc,metaspace   ] GC(792) Metaspace: 9937K(10304K)->9937K(10304K) NonClass: 8635K(8832K)->8635K(8832K) Class: 1302K(1472K)->1302K(1472K)
[139.886s][info][gc             ] GC(792) Pause Young (Allocation Failure) 45M->7M(380M) 23.240ms
[139.886s][info][gc,cpu         ] GC(792) User=0.00s Sys=0.00s Real=0.02s
[140.044s][info][gc,start       ] GC(793) Pause Young (Allocation Failure)
[140.044s][info][gc,heap        ] GC(793) PSYoungGen: 39488K(39936K)->608K(39936K) Eden: 38912K(38912K)->0K(38912K) From: 576K(1024K)->608K(1024K)
[140.045s][info][gc,heap        ] GC(793) ParOldGen: 6638K(349696K)->6638K(349696K)
[140.045s][info][gc,metaspace   ] GC(793) Metaspace: 9937K(10304K)->9937K(10304K) NonClass: 8635K(8832K)->8635K(8832K) Class: 1302K(1472K)->1302K(1472K)
[140.045s][info][gc             ] GC(793) Pause Young (Allocation Failure) 45M->7M(380M) 0.974ms
[140.045s][info][gc,cpu         ] GC(793) User=0.14s Sys=0.00s Real=0.02s
[140.199s][info][gc,start       ] GC(794) Pause Young (Allocation Failure)
[140.200s][info][gc,heap        ] GC(794) PSYoungGen: 39520K(39936K)->576K(39936K) Eden: 38912K(38912K)->0K(38912K) From: 608K(1024K)->576K(1024K)
[140.200s][info][gc,heap        ] GC(794) ParOldGen: 6638K(349696K)->6638K(349696K)
[140.200s][info][gc,metaspace   ] GC(794) Metaspace: 9937K(10304K)->9937K(10304K) NonClass: 8635K(8832K)->8635K(8832K) Class: 1302K(1472K)->1302K(1472K)
[140.200s][info][gc             ] GC(794) Pause Young (Allocation Failure) 45M->7M(380M) 0.876ms
[140.200s][info][gc,cpu         ] GC(794) User=0.00s Sys=0.00s Real=0.00s
[140.351s][info][gc,start       ] GC(795) Pause Young (Allocation Failure)
[140.351s][info][gc,heap        ] GC(795) PSYoungGen: 39488K(39936K)->576K(39936K) Eden: 38912K(38912K)->0K(38912K) From: 576K(1024K)->576K(1024K)
[140.351s][info][gc,heap        ] GC(795) ParOldGen: 6638K(349696K)->6638K(349696K)
[140.351s][info][gc,metaspace   ] GC(795) Metaspace: 9937K(10304K)->9937K(10304K) NonClass: 8635K(8832K)->8635K(8832K) Class: 1302K(1472K)->1302K(1472K)
[140.351s][info][gc             ] GC(795) Pause Young (Allocation Failure) 45M->7M(380M) 0.895ms
[140.351s][info][gc,cpu         ] GC(795) User=0.00s Sys=0.00s Real=0.00s
[140.511s][info][gc,start       ] GC(796) Pause Young (Allocation Failure)
[140.512s][info][gc,heap        ] GC(796) PSYoungGen: 39488K(39936K)->576K(39936K) Eden: 38912K(38912K)->0K(38912K) From: 576K(1024K)->576K(1024K)
[140.512s][info][gc,heap        ] GC(796) ParOldGen: 6638K(349696K)->6638K(349696K)
[140.512s][info][gc,metaspace   ] GC(796) Metaspace: 9937K(10304K)->9937K(10304K) NonClass: 8635K(8832K)->8635K(8832K) Class: 1302K(1472K)->1302K(1472K)
[140.512s][info][gc             ] GC(796) Pause Young (Allocation Failure) 45M->7M(380M) 0.855ms
[140.512s][info][gc,cpu         ] GC(796) User=0.00s Sys=0.00s Real=0.00s
[140.665s][info][gc,start       ] GC(797) Pause Young (Allocation Failure)
[140.665s][info][gc,heap        ] GC(797) PSYoungGen: 39488K(39936K)->576K(39936K) Eden: 38912K(38912K)->0K(38912K) From: 576K(1024K)->576K(1024K)
[140.665s][info][gc,heap        ] GC(797) ParOldGen: 6638K(349696K)->6638K(349696K)
[140.666s][info][gc,metaspace   ] GC(797) Metaspace: 9937K(10304K)->9937K(10304K) NonClass: 8635K(8832K)->8635K(8832K) Class: 1302K(1472K)->1302K(1472K)
[140.666s][info][gc             ] GC(797) Pause Young (Allocation Failure) 45M->7M(380M) 0.871ms
[140.666s][info][gc,cpu         ] GC(797) User=0.00s Sys=0.00s Real=0.00s
[140.822s][info][gc,start       ] GC(798) Pause Young (Allocation Failure)
[140.822s][info][gc,heap        ] GC(798) PSYoungGen: 39488K(39936K)->576K(39936K) Eden: 38912K(38912K)->0K(38912K) From: 576K(1024K)->576K(1024K)
[140.822s][info][gc,heap        ] GC(798) ParOldGen: 6638K(349696K)->6638K(349696K)
[140.822s][info][gc,metaspace   ] GC(798) Metaspace: 9937K(10304K)->9937K(10304K) NonClass: 8635K(8832K)->8635K(8832K) Class: 1302K(1472K)->1302K(1472K)
[140.822s][info][gc             ] GC(798) Pause Young (Allocation Failure) 45M->7M(380M) 0.862ms
[140.822s][info][gc,cpu         ] GC(798) User=0.00s Sys=0.00s Real=0.00s
[140.972s][info][gc,start       ] GC(799) Pause Young (Allocation Failure)
[140.972s][info][gc,heap        ] GC(799) PSYoungGen: 39488K(39936K)->672K(39936K) Eden: 38912K(38912K)->0K(38912K) From: 576K(1024K)->672K(1024K)
[140.972s][info][gc,heap        ] GC(799) ParOldGen: 6638K(349696K)->6646K(349696K)
[140.972s][info][gc,metaspace   ] GC(799) Metaspace: 9937K(10304K)->9937K(10304K) NonClass: 8635K(8832K)->8635K(8832K) Class: 1302K(1472K)->1302K(1472K)
[140.972s][info][gc             ] GC(799) Pause Young (Allocation Failure) 45M->7M(380M) 0.886ms
[140.972s][info][gc,cpu         ] GC(799) User=0.00s Sys=0.00s Real=0.00s
[141.130s][info][gc,start       ] GC(800) Pause Young (Allocation Failure)
[141.130s][info][gc,heap        ] GC(800) PSYoungGen: 39584K(39936K)->608K(39936K) Eden: 38912K(38912K)->0K(38912K) From: 672K(1024K)->608K(1024K)
[141.130s][info][gc,heap        ] GC(800) ParOldGen: 6646K(349696K)->6646K(349696K)
[141.130s][info][gc,metaspace   ] GC(800) Metaspace: 9937K(10304K)->9937K(10304K) NonClass: 8635K(8832K)->8635K(8832K) Class: 1302K(1472K)->1302K(1472K)
[141.130s][info][gc             ] GC(800) Pause Young (Allocation Failure) 45M->7M(380M) 0.844ms
[141.130s][info][gc,cpu         ] GC(800) User=0.00s Sys=0.00s Real=0.00s
[141.285s][info][gc,start       ] GC(801) Pause Young (Allocation Failure)
[141.286s][info][gc,heap        ] GC(801) PSYoungGen: 39520K(39936K)->576K(39936K) Eden: 38912K(38912K)->0K(38912K) From: 608K(1024K)->576K(1024K)
[141.286s][info][gc,heap        ] GC(801) ParOldGen: 6646K(349696K)->6646K(349696K)
[141.286s][info][gc,metaspace   ] GC(801) Metaspace: 9937K(10304K)->9937K(10304K) NonClass: 8635K(8832K)->8635K(8832K) Class: 1302K(1472K)->1302K(1472K)
[141.286s][info][gc             ] GC(801) Pause Young (Allocation Failure) 45M->7M(380M) 0.867ms
[141.286s][info][gc,cpu         ] GC(801) User=0.00s Sys=0.00s Real=0.00s
[141.436s][info][gc,start       ] GC(802) Pause Young (Allocation Failure)
[141.437s][info][gc,heap        ] GC(802) PSYoungGen: 39488K(39936K)->608K(39936K) Eden: 38912K(38912K)->0K(38912K) From: 576K(1024K)->608K(1024K)
[141.437s][info][gc,heap        ] GC(802) ParOldGen: 6646K(349696K)->6646K(349696K)
[141.437s][info][gc,metaspace   ] GC(802) Metaspace: 9937K(10304K)->9937K(10304K) NonClass: 8635K(8832K)->8635K(8832K) Class: 1302K(1472K)->1302K(1472K)
[141.437s][info][gc             ] GC(802) Pause Young (Allocation Failure) 45M->7M(380M) 0.846ms
[141.437s][info][gc,cpu         ] GC(802) User=0.00s Sys=0.00s Real=0.00s
[141.584s][info][gc,start       ] GC(803) Pause Young (Allocation Failure)
[141.585s][info][gc,heap        ] GC(803) PSYoungGen: 39520K(39936K)->576K(39936K) Eden: 38912K(38912K)->0K(38912K) From: 608K(1024K)->576K(1024K)
[141.585s][info][gc,heap        ] GC(803) ParOldGen: 6646K(349696K)->6646K(349696K)
[141.585s][info][gc,metaspace   ] GC(803) Metaspace: 9937K(10304K)->9937K(10304K) NonClass: 8635K(8832K)->8635K(8832K) Class: 1302K(1472K)->1302K(1472K)
[141.585s][info][gc             ] GC(803) Pause Young (Allocation Failure) 45M->7M(380M) 0.886ms
[141.585s][info][gc,cpu         ] GC(803) User=0.00s Sys=0.00s Real=0.00s
[141.744s][info][gc,start       ] GC(804) Pause Young (Allocation Failure)
[141.745s][info][gc,heap        ] GC(804) PSYoungGen: 39488K(39936K)->576K(39936K) Eden: 38912K(38912K)->0K(38912K) From: 576K(1024K)->576K(1024K)
[141.745s][info][gc,heap        ] GC(804) ParOldGen: 6646K(349696K)->6646K(349696K)
[141.745s][info][gc,metaspace   ] GC(804) Metaspace: 9937K(10304K)->9937K(10304K) NonClass: 8635K(8832K)->8635K(8832K) Class: 1302K(1472K)->1302K(1472K)
[141.745s][info][gc             ] GC(804) Pause Young (Allocation Failure) 45M->7M(380M) 0.891ms
[141.745s][info][gc,cpu         ] GC(804) User=0.00s Sys=0.00s Real=0.00s
[141.898s][info][gc,start       ] GC(805) Pause Young (Allocation Failure)
[141.898s][info][gc,heap        ] GC(805) PSYoungGen: 39488K(39936K)->608K(39936K) Eden: 38912K(38912K)->0K(38912K) From: 576K(1024K)->608K(1024K)
[141.898s][info][gc,heap        ] GC(805) ParOldGen: 6646K(349696K)->6646K(349696K)
[141.898s][info][gc,metaspace   ] GC(805) Metaspace: 9937K(10304K)->9937K(10304K) NonClass: 8635K(8832K)->8635K(8832K) Class: 1302K(1472K)->1302K(1472K)
[141.898s][info][gc             ] GC(805) Pause Young (Allocation Failure) 45M->7M(380M) 0.871ms
[141.898s][info][gc,cpu         ] GC(805) User=0.00s Sys=0.00s Real=0.00s
[142.054s][info][gc,start       ] GC(806) Pause Young (Allocation Failure)
[142.054s][info][gc,heap        ] GC(806) PSYoungGen: 39520K(39936K)->576K(39936K) Eden: 38912K(38912K)->0K(38912K) From: 608K(1024K)->576K(1024K)
[142.054s][info][gc,heap        ] GC(806) ParOldGen: 6646K(349696K)->6646K(349696K)
[142.054s][info][gc,metaspace   ] GC(806) Metaspace: 9937K(10304K)->9937K(10304K) NonClass: 8635K(8832K)->8635K(8832K) Class: 1302K(1472K)->1302K(1472K)
[142.054s][info][gc             ] GC(806) Pause Young (Allocation Failure) 45M->7M(380M) 0.803ms
[142.054s][info][gc,cpu         ] GC(806) User=0.00s Sys=0.00s Real=0.00s
[142.206s][info][gc,start       ] GC(807) Pause Young (Allocation Failure)
[142.207s][info][gc,heap        ] GC(807) PSYoungGen: 39487K(39936K)->544K(39936K) Eden: 38911K(38912K)->0K(38912K) From: 576K(1024K)->544K(1024K)
[142.207s][info][gc,heap        ] GC(807) ParOldGen: 6646K(349696K)->6646K(349696K)
[142.207s][info][gc,metaspace   ] GC(807) Metaspace: 9937K(10304K)->9937K(10304K) NonClass: 8635K(8832K)->8635K(8832K) Class: 1302K(1472K)->1302K(1472K)
[142.207s][info][gc             ] GC(807) Pause Young (Allocation Failure) 45M->7M(380M) 0.820ms
[142.207s][info][gc,cpu         ] GC(807) User=0.00s Sys=0.00s Real=0.00s
[142.281s][info][gc,start       ] GC(808) Pause Young (System.gc())
[142.282s][info][gc,heap        ] GC(808) PSYoungGen: 18270K(39936K)->576K(39936K) Eden: 17726K(38912K)->0K(38912K) From: 544K(1024K)->576K(1024K)
[142.282s][info][gc,heap        ] GC(808) ParOldGen: 6646K(349696K)->6718K(349696K)
[142.282s][info][gc,metaspace   ] GC(808) Metaspace: 9937K(10304K)->9937K(10304K) NonClass: 8635K(8832K)->8635K(8832K) Class: 1302K(1472K)->1302K(1472K)
[142.282s][info][gc             ] GC(808) Pause Young (System.gc()) 24M->7M(380M) 0.788ms
[142.282s][info][gc,cpu         ] GC(808) User=0.00s Sys=0.00s Real=0.00s
[142.282s][info][gc,start       ] GC(809) Pause Full (System.gc())
[142.282s][info][gc,phases,start] GC(809) Marking Phase
[142.296s][info][gc,phases      ] GC(809) Marking Phase 13.463ms
[142.296s][info][gc,phases,start] GC(809) Summary Phase
[142.296s][info][gc,phases      ] GC(809) Summary Phase 0.032ms
[142.296s][info][gc,phases,start] GC(809) Adjust Roots
[142.300s][info][gc,phases      ] GC(809) Adjust Roots 3.852ms
[142.300s][info][gc,phases,start] GC(809) Compaction Phase
[142.303s][info][gc,phases      ] GC(809) Compaction Phase 2.957ms
[142.303s][info][gc,phases,start] GC(809) Post Compact
[142.303s][info][gc,phases      ] GC(809) Post Compact 0.274ms
[142.303s][info][gc,heap        ] GC(809) PSYoungGen: 576K(39936K)->0K(39936K) Eden: 0K(38912K)->0K(38912K) From: 576K(1024K)->0K(1024K)
[142.303s][info][gc,heap        ] GC(809) ParOldGen: 6718K(349696K)->4078K(349696K)
[142.303s][info][gc,metaspace   ] GC(809) Metaspace: 9937K(10304K)->9937K(10304K) NonClass: 8635K(8832K)->8635K(8832K) Class: 1302K(1472K)->1302K(1472K)
[142.303s][info][gc             ] GC(809) Pause Full (System.gc()) 7M->3M(380M) 21.120ms
[142.303s][info][gc,cpu         ] GC(809) User=0.02s Sys=0.00s Real=0.01s
[142.463s][info][gc,start       ] GC(810) Pause Young (Allocation Failure)
[142.465s][info][gc,heap        ] GC(810) PSYoungGen: 38912K(39936K)->1024K(39936K) Eden: 38912K(38912K)->0K(38912K) From: 0K(1024K)->1024K(1024K)
[142.465s][info][gc,heap        ] GC(810) ParOldGen: 4078K(349696K)->4302K(349696K)
[142.465s][info][gc,metaspace   ] GC(810) Metaspace: 9937K(10304K)->9937K(10304K) NonClass: 8635K(8832K)->8635K(8832K) Class: 1302K(1472K)->1302K(1472K)
[142.465s][info][gc             ] GC(810) Pause Young (Allocation Failure) 41M->5M(380M) 1.430ms
[142.465s][info][gc,cpu         ] GC(810) User=0.00s Sys=0.00s Real=0.00s
[142.618s][info][gc,start       ] GC(811) Pause Young (Allocation Failure)
[142.619s][info][gc,heap        ] GC(811) PSYoungGen: 39936K(39936K)->992K(39424K) Eden: 38912K(38912K)->0K(38400K) From: 1024K(1024K)->992K(1024K)
[142.620s][info][gc,heap        ] GC(811) ParOldGen: 4302K(349696K)->4766K(349696K)
[142.620s][info][gc,metaspace   ] GC(811) Metaspace: 9937K(10304K)->9937K(10304K) NonClass: 8635K(8832K)->8635K(8832K) Class: 1302K(1472K)->1302K(1472K)
[142.620s][info][gc             ] GC(811) Pause Young (Allocation Failure) 43M->5M(380M) 1.618ms
[142.620s][info][gc,cpu         ] GC(811) User=0.14s Sys=0.00s Real=0.02s
[142.772s][info][gc,start       ] GC(812) Pause Young (Allocation Failure)
[142.773s][info][gc,heap        ] GC(812) PSYoungGen: 39392K(39424K)->960K(39936K) Eden: 38400K(38400K)->0K(38400K) From: 992K(1024K)->960K(1536K)
[142.773s][info][gc,heap        ] GC(812) ParOldGen: 4766K(349696K)->4790K(349696K)
[142.773s][info][gc,metaspace   ] GC(812) Metaspace: 9937K(10304K)->9937K(10304K) NonClass: 8635K(8832K)->8635K(8832K) Class: 1302K(1472K)->1302K(1472K)
[142.773s][info][gc             ] GC(812) Pause Young (Allocation Failure) 43M->5M(380M) 1.103ms
[142.773s][info][gc,cpu         ] GC(812) User=0.00s Sys=0.00s Real=0.00s
[142.928s][info][gc,start       ] GC(813) Pause Young (Allocation Failure)
[142.929s][info][gc,heap        ] GC(813) PSYoungGen: 39360K(39936K)->928K(39936K) Eden: 38400K(38400K)->0K(38400K) From: 960K(1536K)->928K(1536K)
[142.929s][info][gc,heap        ] GC(813) ParOldGen: 4790K(349696K)->5006K(349696K)
[142.929s][info][gc,metaspace   ] GC(813) Metaspace: 9937K(10304K)->9937K(10304K) NonClass: 8635K(8832K)->8635K(8832K) Class: 1302K(1472K)->1302K(1472K)
[142.929s][info][gc             ] GC(813) Pause Young (Allocation Failure) 43M->5M(380M) 1.182ms
[142.929s][info][gc,cpu         ] GC(813) User=0.00s Sys=0.00s Real=0.00s
[143.077s][info][gc,start       ] GC(814) Pause Young (Allocation Failure)
[143.078s][info][gc,heap        ] GC(814) PSYoungGen: 39328K(39936K)->736K(39936K) Eden: 38400K(38400K)->0K(38400K) From: 928K(1536K)->736K(1536K)
[143.078s][info][gc,heap        ] GC(814) ParOldGen: 5006K(349696K)->5406K(349696K)
[143.078s][info][gc,metaspace   ] GC(814) Metaspace: 9937K(10304K)->9937K(10304K) NonClass: 8635K(8832K)->8635K(8832K) Class: 1302K(1472K)->1302K(1472K)
[143.078s][info][gc             ] GC(814) Pause Young (Allocation Failure) 43M->5M(380M) 1.239ms
[143.078s][info][gc,cpu         ] GC(814) User=0.00s Sys=0.00s Real=0.00s
[143.232s][info][gc,start       ] GC(815) Pause Young (Allocation Failure)
[143.233s][info][gc,heap        ] GC(815) PSYoungGen: 39136K(39936K)->768K(39936K) Eden: 38400K(38400K)->0K(38400K) From: 736K(1536K)->768K(1536K)
[143.233s][info][gc,heap        ] GC(815) ParOldGen: 5406K(349696K)->5606K(349696K)
[143.233s][info][gc,metaspace   ] GC(815) Metaspace: 9937K(10304K)->9937K(10304K) NonClass: 8635K(8832K)->8635K(8832K) Class: 1302K(1472K)->1302K(1472K)
[143.234s][info][gc             ] GC(815) Pause Young (Allocation Failure) 43M->6M(380M) 1.199ms
[143.234s][info][gc,cpu         ] GC(815) User=0.00s Sys=0.00s Real=0.00s
[143.387s][info][gc,start       ] GC(816) Pause Young (Allocation Failure)
[143.388s][info][gc,heap        ] GC(816) PSYoungGen: 39168K(39936K)->608K(39936K) Eden: 38400K(38400K)->0K(38400K) From: 768K(1536K)->608K(1536K)
[143.388s][info][gc,heap        ] GC(816) ParOldGen: 5606K(349696K)->5814K(349696K)
[143.388s][info][gc,metaspace   ] GC(816) Metaspace: 9937K(10304K)->9937K(10304K) NonClass: 8635K(8832K)->8635K(8832K) Class: 1302K(1472K)->1302K(1472K)
[143.388s][info][gc             ] GC(816) Pause Young (Allocation Failure) 43M->6M(380M) 0.976ms
[143.388s][info][gc,cpu         ] GC(816) User=0.00s Sys=0.00s Real=0.00s
[143.547s][info][gc,start       ] GC(817) Pause Young (Allocation Failure)
[143.548s][info][gc,heap        ] GC(817) PSYoungGen: 39008K(39936K)->576K(39936K) Eden: 38400K(38400K)->0K(38400K) From: 608K(1536K)->576K(1536K)
[143.548s][info][gc,heap        ] GC(817) ParOldGen: 5814K(349696K)->5814K(349696K)
[143.548s][info][gc,metaspace   ] GC(817) Metaspace: 9937K(10304K)->9937K(10304K) NonClass: 8635K(8832K)->8635K(8832K) Class: 1302K(1472K)->1302K(1472K)
[143.548s][info][gc             ] GC(817) Pause Young (Allocation Failure) 43M->6M(380M) 0.861ms
[143.548s][info][gc,cpu         ] GC(817) User=0.00s Sys=0.00s Real=0.00s
[143.704s][info][gc,start       ] GC(818) Pause Young (Allocation Failure)
[143.705s][info][gc,heap        ] GC(818) PSYoungGen: 38976K(39936K)->576K(39936K) Eden: 38400K(38400K)->0K(38400K) From: 576K(1536K)->576K(1536K)
[143.705s][info][gc,heap        ] GC(818) ParOldGen: 5814K(349696K)->5814K(349696K)
[143.705s][info][gc,metaspace   ] GC(818) Metaspace: 9937K(10304K)->9937K(10304K) NonClass: 8635K(8832K)->8635K(8832K) Class: 1302K(1472K)->1302K(1472K)
[143.705s][info][gc             ] GC(818) Pause Young (Allocation Failure) 43M->6M(380M) 0.939ms
[143.705s][info][gc,cpu         ] GC(818) User=0.00s Sys=0.00s Real=0.00s
[143.858s][info][gc,start       ] GC(819) Pause Young (Allocation Failure)
[143.859s][info][gc,heap        ] GC(819) PSYoungGen: 38976K(39936K)->576K(39936K) Eden: 38400K(38400K)->0K(38400K) From: 576K(1536K)->576K(1536K)
[143.859s][info][gc,heap        ] GC(819) ParOldGen: 5814K(349696K)->5814K(349696K)
[143.859s][info][gc,metaspace   ] GC(819) Metaspace: 9937K(10304K)->9937K(10304K) NonClass: 8635K(8832K)->8635K(8832K) Class: 1302K(1472K)->1302K(1472K)
[143.859s][info][gc             ] GC(819) Pause Young (Allocation Failure) 43M->6M(380M) 0.830ms
[143.859s][info][gc,cpu         ] GC(819) User=0.00s Sys=0.00s Real=0.00s
[144.014s][info][gc,start       ] GC(820) Pause Young (Allocation Failure)
[144.015s][info][gc,heap        ] GC(820) PSYoungGen: 38976K(39936K)->576K(39424K) Eden: 38400K(38400K)->0K(38400K) From: 576K(1536K)->576K(1024K)
[144.015s][info][gc,heap        ] GC(820) ParOldGen: 5814K(349696K)->5814K(349696K)
[144.015s][info][gc,metaspace   ] GC(820) Metaspace: 9937K(10304K)->9937K(10304K) NonClass: 8635K(8832K)->8635K(8832K) Class: 1302K(1472K)->1302K(1472K)
[144.015s][info][gc             ] GC(820) Pause Young (Allocation Failure) 43M->6M(380M) 1.045ms
[144.015s][info][gc,cpu         ] GC(820) User=0.00s Sys=0.00s Real=0.00s
[144.167s][info][gc,start       ] GC(821) Pause Young (Allocation Failure)
[144.168s][info][gc,heap        ] GC(821) PSYoungGen: 38976K(39424K)->576K(39424K) Eden: 38400K(38400K)->0K(38400K) From: 576K(1024K)->576K(1024K)
[144.168s][info][gc,heap        ] GC(821) ParOldGen: 5814K(349696K)->5814K(349696K)
[144.168s][info][gc,metaspace   ] GC(821) Metaspace: 9937K(10304K)->9937K(10304K) NonClass: 8635K(8832K)->8635K(8832K) Class: 1302K(1472K)->1302K(1472K)
[144.168s][info][gc             ] GC(821) Pause Young (Allocation Failure) 43M->6M(380M) 0.858ms
[144.168s][info][gc,cpu         ] GC(821) User=0.00s Sys=0.00s Real=0.00s
[144.327s][info][gc,start       ] GC(822) Pause Young (Allocation Failure)
[144.328s][info][gc,heap        ] GC(822) PSYoungGen: 38976K(39424K)->800K(39424K) Eden: 38400K(38400K)->0K(38400K) From: 576K(1024K)->800K(1024K)
[144.329s][info][gc,heap        ] GC(822) ParOldGen: 5814K(349696K)->5814K(349696K)
[144.329s][info][gc,metaspace   ] GC(822) Metaspace: 9937K(10304K)->9937K(10304K) NonClass: 8635K(8832K)->8635K(8832K) Class: 1302K(1472K)->1302K(1472K)
[144.329s][info][gc             ] GC(822) Pause Young (Allocation Failure) 43M->6M(380M) 1.218ms
[144.329s][info][gc,cpu         ] GC(822) User=0.00s Sys=0.02s Real=0.02s
[144.485s][info][gc,start       ] GC(823) Pause Young (Allocation Failure)
[144.486s][info][gc,heap        ] GC(823) PSYoungGen: 39200K(39424K)->512K(39424K) Eden: 38400K(38400K)->0K(38400K) From: 800K(1024K)->512K(1024K)
[144.486s][info][gc,heap        ] GC(823) ParOldGen: 5814K(349696K)->6014K(349696K)
[144.486s][info][gc,metaspace   ] GC(823) Metaspace: 9937K(10304K)->9937K(10304K) NonClass: 8635K(8832K)->8635K(8832K) Class: 1302K(1472K)->1302K(1472K)
[144.486s][info][gc             ] GC(823) Pause Young (Allocation Failure) 43M->6M(380M) 1.040ms
[144.486s][info][gc,cpu         ] GC(823) User=0.00s Sys=0.00s Real=0.00s
[144.642s][info][gc,start       ] GC(824) Pause Young (Allocation Failure)
[144.643s][info][gc,heap        ] GC(824) PSYoungGen: 38912K(39424K)->608K(39424K) Eden: 38400K(38400K)->0K(38400K) From: 512K(1024K)->608K(1024K)
[144.643s][info][gc,heap        ] GC(824) ParOldGen: 6014K(349696K)->6014K(349696K)
[144.643s][info][gc,metaspace   ] GC(824) Metaspace: 9937K(10304K)->9937K(10304K) NonClass: 8635K(8832K)->8635K(8832K) Class: 1302K(1472K)->1302K(1472K)
[144.643s][info][gc             ] GC(824) Pause Young (Allocation Failure) 43M->6M(380M) 0.873ms
[144.643s][info][gc,cpu         ] GC(824) User=0.00s Sys=0.00s Real=0.00s
[144.796s][info][gc,start       ] GC(825) Pause Young (Allocation Failure)
[144.797s][info][gc,heap        ] GC(825) PSYoungGen: 39007K(39424K)->864K(38912K) Eden: 38399K(38400K)->0K(37888K) From: 608K(1024K)->864K(1024K)
[144.797s][info][gc,heap        ] GC(825) ParOldGen: 6014K(349696K)->6014K(349696K)
[144.797s][info][gc,metaspace   ] GC(825) Metaspace: 9937K(10304K)->9937K(10304K) NonClass: 8635K(8832K)->8635K(8832K) Class: 1302K(1472K)->1302K(1472K)
[144.797s][info][gc             ] GC(825) Pause Young (Allocation Failure) 43M->6M(379M) 1.082ms
[144.797s][info][gc,cpu         ] GC(825) User=0.00s Sys=0.00s Real=0.00s
[144.954s][info][gc,start       ] GC(826) Pause Young (Allocation Failure)
[144.955s][info][gc,heap        ] GC(826) PSYoungGen: 38752K(38912K)->640K(38912K) Eden: 37888K(37888K)->0K(37888K) From: 864K(1024K)->640K(1024K)
[144.955s][info][gc,heap        ] GC(826) ParOldGen: 6014K(349696K)->6230K(349696K)
[144.955s][info][gc,metaspace   ] GC(826) Metaspace: 9937K(10304K)->9937K(10304K) NonClass: 8635K(8832K)->8635K(8832K) Class: 1302K(1472K)->1302K(1472K)
[144.955s][info][gc             ] GC(826) Pause Young (Allocation Failure) 43M->6M(379M) 1.164ms
[144.955s][info][gc,cpu         ] GC(826) User=0.00s Sys=0.00s Real=0.00s
[145.106s][info][gc,start       ] GC(827) Pause Young (Allocation Failure)
[145.107s][info][gc,heap        ] GC(827) PSYoungGen: 38528K(38912K)->576K(38912K) Eden: 37888K(37888K)->0K(37888K) From: 640K(1024K)->576K(1024K)
[145.107s][info][gc,heap        ] GC(827) ParOldGen: 6230K(349696K)->6238K(349696K)
[145.107s][info][gc,metaspace   ] GC(827) Metaspace: 9937K(10304K)->9937K(10304K) NonClass: 8635K(8832K)->8635K(8832K) Class: 1302K(1472K)->1302K(1472K)
[145.107s][info][gc             ] GC(827) Pause Young (Allocation Failure) 43M->6M(379M) 0.928ms
[145.107s][info][gc,cpu         ] GC(827) User=0.00s Sys=0.00s Real=0.00s
[145.257s][info][gc,start       ] GC(828) Pause Young (Allocation Failure)
[145.258s][info][gc,heap        ] GC(828) PSYoungGen: 38463K(38912K)->544K(38912K) Eden: 37887K(37888K)->0K(37888K) From: 576K(1024K)->544K(1024K)
[145.258s][info][gc,heap        ] GC(828) ParOldGen: 6238K(349696K)->6238K(349696K)
[145.258s][info][gc,metaspace   ] GC(828) Metaspace: 9937K(10304K)->9937K(10304K) NonClass: 8635K(8832K)->8635K(8832K) Class: 1302K(1472K)->1302K(1472K)
[145.258s][info][gc             ] GC(828) Pause Young (Allocation Failure) 43M->6M(379M) 0.967ms
[145.258s][info][gc,cpu         ] GC(828) User=0.00s Sys=0.00s Real=0.00s
[145.407s][info][gc,start       ] GC(829) Pause Young (Allocation Failure)
[145.408s][info][gc,heap        ] GC(829) PSYoungGen: 38432K(38912K)->576K(38912K) Eden: 37888K(37888K)->0K(37888K) From: 544K(1024K)->576K(1024K)
[145.408s][info][gc,heap        ] GC(829) ParOldGen: 6238K(349696K)->6238K(349696K)
[145.408s][info][gc,metaspace   ] GC(829) Metaspace: 9937K(10304K)->9937K(10304K) NonClass: 8635K(8832K)->8635K(8832K) Class: 1302K(1472K)->1302K(1472K)
[145.408s][info][gc             ] GC(829) Pause Young (Allocation Failure) 43M->6M(379M) 0.853ms
[145.408s][info][gc,cpu         ] GC(829) User=0.00s Sys=0.00s Real=0.00s
[145.563s][info][gc,start       ] GC(830) Pause Young (Allocation Failure)
[145.563s][info][gc,heap        ] GC(830) PSYoungGen: 38464K(38912K)->576K(38912K) Eden: 37888K(37888K)->0K(37888K) From: 576K(1024K)->576K(1024K)
[145.564s][info][gc,heap        ] GC(830) ParOldGen: 6238K(349696K)->6238K(349696K)
[145.564s][info][gc,metaspace   ] GC(830) Metaspace: 9937K(10304K)->9937K(10304K) NonClass: 8635K(8832K)->8635K(8832K) Class: 1302K(1472K)->1302K(1472K)
[145.564s][info][gc             ] GC(830) Pause Young (Allocation Failure) 43M->6M(379M) 0.889ms
[145.564s][info][gc,cpu         ] GC(830) User=0.00s Sys=0.00s Real=0.00s
[145.722s][info][gc,start       ] GC(831) Pause Young (Allocation Failure)
[145.723s][info][gc,heap        ] GC(831) PSYoungGen: 38464K(38912K)->640K(38912K) Eden: 37888K(37888K)->0K(37888K) From: 576K(1024K)->640K(1024K)
[145.723s][info][gc,heap        ] GC(831) ParOldGen: 6238K(349696K)->6238K(349696K)
[145.723s][info][gc,metaspace   ] GC(831) Metaspace: 9937K(10304K)->9937K(10304K) NonClass: 8635K(8832K)->8635K(8832K) Class: 1302K(1472K)->1302K(1472K)
[145.723s][info][gc             ] GC(831) Pause Young (Allocation Failure) 43M->6M(379M) 0.893ms
[145.723s][info][gc,cpu         ] GC(831) User=0.00s Sys=0.00s Real=0.00s
[145.878s][info][gc,start       ] GC(832) Pause Young (Allocation Failure)
[145.879s][info][gc,heap        ] GC(832) PSYoungGen: 38528K(38912K)->576K(38912K) Eden: 37888K(37888K)->0K(37888K) From: 640K(1024K)->576K(1024K)
[145.879s][info][gc,heap        ] GC(832) ParOldGen: 6238K(349696K)->6246K(349696K)
[145.879s][info][gc,metaspace   ] GC(832) Metaspace: 9937K(10304K)->9937K(10304K) NonClass: 8635K(8832K)->8635K(8832K) Class: 1302K(1472K)->1302K(1472K)
[145.879s][info][gc             ] GC(832) Pause Young (Allocation Failure) 43M->6M(379M) 0.904ms
[145.879s][info][gc,cpu         ] GC(832) User=0.00s Sys=0.00s Real=0.00s
[146.030s][info][gc,start       ] GC(833) Pause Young (Allocation Failure)
[146.030s][info][gc,heap        ] GC(833) PSYoungGen: 38464K(38912K)->576K(38912K) Eden: 37888K(37888K)->0K(37888K) From: 576K(1024K)->576K(1024K)
[146.030s][info][gc,heap        ] GC(833) ParOldGen: 6246K(349696K)->6246K(349696K)
[146.030s][info][gc,metaspace   ] GC(833) Metaspace: 9937K(10304K)->9937K(10304K) NonClass: 8635K(8832K)->8635K(8832K) Class: 1302K(1472K)->1302K(1472K)
[146.031s][info][gc             ] GC(833) Pause Young (Allocation Failure) 43M->6M(379M) 0.860ms
[146.031s][info][gc,cpu         ] GC(833) User=0.00s Sys=0.00s Real=0.00s
[146.194s][info][gc,start       ] GC(834) Pause Young (Allocation Failure)
[146.195s][info][gc,heap        ] GC(834) PSYoungGen: 38464K(38912K)->800K(38912K) Eden: 37888K(37888K)->0K(37888K) From: 576K(1024K)->800K(1024K)
[146.195s][info][gc,heap        ] GC(834) ParOldGen: 6246K(349696K)->6246K(349696K)
[146.195s][info][gc,metaspace   ] GC(834) Metaspace: 9937K(10304K)->9937K(10304K) NonClass: 8635K(8832K)->8635K(8832K) Class: 1302K(1472K)->1302K(1472K)
[146.195s][info][gc             ] GC(834) Pause Young (Allocation Failure) 43M->6M(379M) 0.953ms
[146.195s][info][gc,cpu         ] GC(834) User=0.00s Sys=0.00s Real=0.00s
[146.349s][info][gc,start       ] GC(835) Pause Young (Allocation Failure)
[146.350s][info][gc,heap        ] GC(835) PSYoungGen: 38688K(38912K)->608K(38912K) Eden: 37888K(37888K)->0K(37888K) From: 800K(1024K)->608K(1024K)
[146.351s][info][gc,heap        ] GC(835) ParOldGen: 6246K(349696K)->6494K(349696K)
[146.351s][info][gc,metaspace   ] GC(835) Metaspace: 9937K(10304K)->9937K(10304K) NonClass: 8635K(8832K)->8635K(8832K) Class: 1302K(1472K)->1302K(1472K)
[146.351s][info][gc             ] GC(835) Pause Young (Allocation Failure) 43M->6M(379M) 1.207ms
[146.351s][info][gc,cpu         ] GC(835) User=0.00s Sys=0.00s Real=0.00s
[146.504s][info][gc,start       ] GC(836) Pause Young (Allocation Failure)
[146.505s][info][gc,heap        ] GC(836) PSYoungGen: 38496K(38912K)->576K(38912K) Eden: 37888K(37888K)->0K(37888K) From: 608K(1024K)->576K(1024K)
[146.505s][info][gc,heap        ] GC(836) ParOldGen: 6494K(349696K)->6510K(349696K)
[146.505s][info][gc,metaspace   ] GC(836) Metaspace: 9937K(10304K)->9937K(10304K) NonClass: 8635K(8832K)->8635K(8832K) Class: 1302K(1472K)->1302K(1472K)
[146.505s][info][gc             ] GC(836) Pause Young (Allocation Failure) 43M->6M(379M) 0.858ms
[146.505s][info][gc,cpu         ] GC(836) User=0.00s Sys=0.00s Real=0.00s
[146.663s][info][gc,start       ] GC(837) Pause Young (Allocation Failure)
[146.664s][info][gc,heap        ] GC(837) PSYoungGen: 38464K(38912K)->608K(38912K) Eden: 37888K(37888K)->0K(37888K) From: 576K(1024K)->608K(1024K)
[146.664s][info][gc,heap        ] GC(837) ParOldGen: 6510K(349696K)->6510K(349696K)
[146.664s][info][gc,metaspace   ] GC(837) Metaspace: 9937K(10304K)->9937K(10304K) NonClass: 8635K(8832K)->8635K(8832K) Class: 1302K(1472K)->1302K(1472K)
[146.664s][info][gc             ] GC(837) Pause Young (Allocation Failure) 43M->6M(379M) 0.877ms
[146.664s][info][gc,cpu         ] GC(837) User=0.00s Sys=0.00s Real=0.00s
[146.818s][info][gc,start       ] GC(838) Pause Young (Allocation Failure)
[146.819s][info][gc,heap        ] GC(838) PSYoungGen: 38496K(38912K)->576K(38912K) Eden: 37888K(37888K)->0K(37888K) From: 608K(1024K)->576K(1024K)
[146.819s][info][gc,heap        ] GC(838) ParOldGen: 6510K(349696K)->6510K(349696K)
[146.819s][info][gc,metaspace   ] GC(838) Metaspace: 9937K(10304K)->9937K(10304K) NonClass: 8635K(8832K)->8635K(8832K) Class: 1302K(1472K)->1302K(1472K)
[146.819s][info][gc             ] GC(838) Pause Young (Allocation Failure) 43M->6M(379M) 0.879ms
[146.819s][info][gc,cpu         ] GC(838) User=0.00s Sys=0.00s Real=0.00s
[146.971s][info][gc,start       ] GC(839) Pause Young (Allocation Failure)
[146.972s][info][gc,heap        ] GC(839) PSYoungGen: 38464K(38912K)->768K(38912K) Eden: 37888K(37888K)->0K(37888K) From: 576K(1024K)->768K(1024K)
[146.972s][info][gc,heap        ] GC(839) ParOldGen: 6510K(349696K)->6526K(349696K)
[146.972s][info][gc,metaspace   ] GC(839) Metaspace: 9937K(10304K)->9937K(10304K) NonClass: 8635K(8832K)->8635K(8832K) Class: 1302K(1472K)->1302K(1472K)
[146.972s][info][gc             ] GC(839) Pause Young (Allocation Failure) 43M->7M(379M) 0.971ms
[146.972s][info][gc,cpu         ] GC(839) User=0.14s Sys=0.00s Real=0.02s
[147.128s][info][gc,start       ] GC(840) Pause Young (Allocation Failure)
[147.129s][info][gc,heap        ] GC(840) PSYoungGen: 38656K(38912K)->608K(38912K) Eden: 37888K(37888K)->0K(37888K) From: 768K(1024K)->608K(1024K)
[147.129s][info][gc,heap        ] GC(840) ParOldGen: 6526K(349696K)->6758K(349696K)
[147.129s][info][gc,metaspace   ] GC(840) Metaspace: 9937K(10304K)->9937K(10304K) NonClass: 8635K(8832K)->8635K(8832K) Class: 1302K(1472K)->1302K(1472K)
[147.129s][info][gc             ] GC(840) Pause Young (Allocation Failure) 44M->7M(379M) 1.054ms
[147.129s][info][gc,cpu         ] GC(840) User=0.14s Sys=0.00s Real=0.02s
[147.276s][info][gc,start       ] GC(841) Pause Young (Allocation Failure)
[147.277s][info][gc,heap        ] GC(841) PSYoungGen: 38496K(38912K)->576K(38912K) Eden: 37888K(37888K)->0K(37888K) From: 608K(1024K)->576K(1024K)
[147.277s][info][gc,heap        ] GC(841) ParOldGen: 6758K(349696K)->6758K(349696K)
[147.277s][info][gc,metaspace   ] GC(841) Metaspace: 9937K(10304K)->9937K(10304K) NonClass: 8635K(8832K)->8635K(8832K) Class: 1302K(1472K)->1302K(1472K)
[147.277s][info][gc             ] GC(841) Pause Young (Allocation Failure) 44M->7M(379M) 0.858ms
[147.277s][info][gc,cpu         ] GC(841) User=0.00s Sys=0.00s Real=0.00s
[147.430s][info][gc,start       ] GC(842) Pause Young (Allocation Failure)
[147.430s][info][gc,heap        ] GC(842) PSYoungGen: 38464K(38912K)->576K(38912K) Eden: 37888K(37888K)->0K(37888K) From: 576K(1024K)->576K(1024K)
[147.430s][info][gc,heap        ] GC(842) ParOldGen: 6758K(349696K)->6758K(349696K)
[147.431s][info][gc,metaspace   ] GC(842) Metaspace: 9937K(10304K)->9937K(10304K) NonClass: 8635K(8832K)->8635K(8832K) Class: 1302K(1472K)->1302K(1472K)
[147.431s][info][gc             ] GC(842) Pause Young (Allocation Failure) 44M->7M(379M) 0.876ms
[147.431s][info][gc,cpu         ] GC(842) User=0.00s Sys=0.00s Real=0.00s
[147.587s][info][gc,start       ] GC(843) Pause Young (Allocation Failure)
[147.587s][info][gc,heap        ] GC(843) PSYoungGen: 38464K(38912K)->576K(38912K) Eden: 37888K(37888K)->0K(37888K) From: 576K(1024K)->576K(1024K)
[147.587s][info][gc,heap        ] GC(843) ParOldGen: 6758K(349696K)->6758K(349696K)
[147.587s][info][gc,metaspace   ] GC(843) Metaspace: 9937K(10304K)->9937K(10304K) NonClass: 8635K(8832K)->8635K(8832K) Class: 1302K(1472K)->1302K(1472K)
[147.588s][info][gc             ] GC(843) Pause Young (Allocation Failure) 44M->7M(379M) 0.842ms
[147.588s][info][gc,cpu         ] GC(843) User=0.00s Sys=0.00s Real=0.00s
[147.744s][info][gc,start       ] GC(844) Pause Young (Allocation Failure)
[147.744s][info][gc,heap        ] GC(844) PSYoungGen: 38464K(38912K)->576K(38912K) Eden: 37888K(37888K)->0K(37888K) From: 576K(1024K)->576K(1024K)
[147.744s][info][gc,heap        ] GC(844) ParOldGen: 6758K(349696K)->6758K(349696K)
[147.744s][info][gc,metaspace   ] GC(844) Metaspace: 9937K(10304K)->9937K(10304K) NonClass: 8635K(8832K)->8635K(8832K) Class: 1302K(1472K)->1302K(1472K)
[147.745s][info][gc             ] GC(844) Pause Young (Allocation Failure) 44M->7M(379M) 0.895ms
[147.745s][info][gc,cpu         ] GC(844) User=0.00s Sys=0.00s Real=0.00s
[147.893s][info][gc,start       ] GC(845) Pause Young (Allocation Failure)
[147.894s][info][gc,heap        ] GC(845) PSYoungGen: 38464K(38912K)->640K(38912K) Eden: 37888K(37888K)->0K(37888K) From: 576K(1024K)->640K(1024K)
[147.894s][info][gc,heap        ] GC(845) ParOldGen: 6758K(349696K)->6758K(349696K)
[147.894s][info][gc,metaspace   ] GC(845) Metaspace: 9937K(10304K)->9937K(10304K) NonClass: 8635K(8832K)->8635K(8832K) Class: 1302K(1472K)->1302K(1472K)
[147.894s][info][gc             ] GC(845) Pause Young (Allocation Failure) 44M->7M(379M) 0.924ms
[147.894s][info][gc,cpu         ] GC(845) User=0.00s Sys=0.00s Real=0.00s
[148.053s][info][gc,start       ] GC(846) Pause Young (Allocation Failure)
[148.053s][info][gc,heap        ] GC(846) PSYoungGen: 38527K(38912K)->832K(38912K) Eden: 37887K(37888K)->0K(37888K) From: 640K(1024K)->832K(1024K)
[148.053s][info][gc,heap        ] GC(846) ParOldGen: 6758K(349696K)->6758K(349696K)
[148.053s][info][gc,metaspace   ] GC(846) Metaspace: 9937K(10304K)->9937K(10304K) NonClass: 8635K(8832K)->8635K(8832K) Class: 1302K(1472K)->1302K(1472K)
[148.054s][info][gc             ] GC(846) Pause Young (Allocation Failure) 44M->7M(379M) 0.967ms
[148.054s][info][gc,cpu         ] GC(846) User=0.00s Sys=0.00s Real=0.00s
[148.210s][info][gc,start       ] GC(847) Pause Young (Allocation Failure)
[148.220s][info][gc,heap        ] GC(847) PSYoungGen: 38720K(38912K)->576K(38912K) Eden: 37888K(37888K)->0K(37888K) From: 832K(1024K)->576K(1024K)
[148.220s][info][gc,heap        ] GC(847) ParOldGen: 6758K(349696K)->6990K(349696K)
[148.220s][info][gc,metaspace   ] GC(847) Metaspace: 9937K(10304K)->9937K(10304K) NonClass: 8635K(8832K)->8635K(8832K) Class: 1302K(1472K)->1302K(1472K)
[148.220s][info][gc             ] GC(847) Pause Young (Allocation Failure) 44M->7M(379M) 9.370ms
[148.220s][info][gc,cpu         ] GC(847) User=0.00s Sys=0.00s Real=0.00s
[148.376s][info][gc,start       ] GC(848) Pause Young (Allocation Failure)
[148.377s][info][gc,heap        ] GC(848) PSYoungGen: 38464K(38912K)->576K(38912K) Eden: 37888K(37888K)->0K(37888K) From: 576K(1024K)->576K(1024K)
[148.377s][info][gc,heap        ] GC(848) ParOldGen: 6990K(349696K)->6990K(349696K)
[148.377s][info][gc,metaspace   ] GC(848) Metaspace: 9937K(10304K)->9937K(10304K) NonClass: 8635K(8832K)->8635K(8832K) Class: 1302K(1472K)->1302K(1472K)
[148.377s][info][gc             ] GC(848) Pause Young (Allocation Failure) 44M->7M(379M) 0.902ms
[148.377s][info][gc,cpu         ] GC(848) User=0.00s Sys=0.02s Real=0.02s
[148.530s][info][gc,start       ] GC(849) Pause Young (Allocation Failure)
[148.531s][info][gc,heap        ] GC(849) PSYoungGen: 38464K(38912K)->576K(38912K) Eden: 37888K(37888K)->0K(37888K) From: 576K(1024K)->576K(1024K)
[148.531s][info][gc,heap        ] GC(849) ParOldGen: 6990K(349696K)->6990K(349696K)
[148.531s][info][gc,metaspace   ] GC(849) Metaspace: 9937K(10304K)->9937K(10304K) NonClass: 8635K(8832K)->8635K(8832K) Class: 1302K(1472K)->1302K(1472K)
[148.531s][info][gc             ] GC(849) Pause Young (Allocation Failure) 44M->7M(379M) 0.878ms
[148.531s][info][gc,cpu         ] GC(849) User=0.00s Sys=0.00s Real=0.00s
[148.683s][info][gc,start       ] GC(850) Pause Young (Allocation Failure)
[148.684s][info][gc,heap        ] GC(850) PSYoungGen: 38464K(38912K)->832K(38912K) Eden: 37888K(37888K)->0K(37888K) From: 576K(1024K)->832K(1024K)
[148.684s][info][gc,heap        ] GC(850) ParOldGen: 6990K(349696K)->7022K(349696K)
[148.684s][info][gc,metaspace   ] GC(850) Metaspace: 9937K(10304K)->9937K(10304K) NonClass: 8635K(8832K)->8635K(8832K) Class: 1302K(1472K)->1302K(1472K)
[148.684s][info][gc             ] GC(850) Pause Young (Allocation Failure) 44M->7M(379M) 0.966ms
[148.684s][info][gc,cpu         ] GC(850) User=0.00s Sys=0.00s Real=0.00s
[148.839s][info][gc,start       ] GC(851) Pause Young (Allocation Failure)
[148.840s][info][gc,heap        ] GC(851) PSYoungGen: 38720K(38912K)->608K(38912K) Eden: 37888K(37888K)->0K(37888K) From: 832K(1024K)->608K(1024K)
[148.840s][info][gc,heap        ] GC(851) ParOldGen: 7022K(349696K)->7262K(349696K)
[148.840s][info][gc,metaspace   ] GC(851) Metaspace: 9937K(10304K)->9937K(10304K) NonClass: 8635K(8832K)->8635K(8832K) Class: 1302K(1472K)->1302K(1472K)
[148.840s][info][gc             ] GC(851) Pause Young (Allocation Failure) 44M->7M(379M) 0.987ms
[148.840s][info][gc,cpu         ] GC(851) User=0.00s Sys=0.00s Real=0.00s
[148.998s][info][gc,start       ] GC(852) Pause Young (Allocation Failure)
[148.999s][info][gc,heap        ] GC(852) PSYoungGen: 38496K(38912K)->640K(38912K) Eden: 37888K(37888K)->0K(37888K) From: 608K(1024K)->640K(1024K)
[148.999s][info][gc,heap        ] GC(852) ParOldGen: 7262K(349696K)->7262K(349696K)
[148.999s][info][gc,metaspace   ] GC(852) Metaspace: 9937K(10304K)->9937K(10304K) NonClass: 8635K(8832K)->8635K(8832K) Class: 1302K(1472K)->1302K(1472K)
[148.999s][info][gc             ] GC(852) Pause Young (Allocation Failure) 44M->7M(379M) 0.923ms
[148.999s][info][gc,cpu         ] GC(852) User=0.00s Sys=0.00s Real=0.00s
[149.040s][info][gc,start       ] GC(853) Pause Young (System.gc())
[149.041s][info][gc,heap        ] GC(853) PSYoungGen: 10020K(38912K)->576K(38912K) Eden: 9380K(37888K)->0K(37888K) From: 640K(1024K)->576K(1024K)
[149.041s][info][gc,heap        ] GC(853) ParOldGen: 7262K(349696K)->7326K(349696K)
[149.041s][info][gc,metaspace   ] GC(853) Metaspace: 9937K(10304K)->9937K(10304K) NonClass: 8635K(8832K)->8635K(8832K) Class: 1302K(1472K)->1302K(1472K)
[149.041s][info][gc             ] GC(853) Pause Young (System.gc()) 16M->7M(379M) 0.776ms
[149.041s][info][gc,cpu         ] GC(853) User=0.00s Sys=0.00s Real=0.00s
[149.041s][info][gc,start       ] GC(854) Pause Full (System.gc())
[149.041s][info][gc,phases,start] GC(854) Marking Phase
[149.054s][info][gc,phases      ] GC(854) Marking Phase 13.079ms
[149.054s][info][gc,phases,start] GC(854) Summary Phase
[149.054s][info][gc,phases      ] GC(854) Summary Phase 0.022ms
[149.054s][info][gc,phases,start] GC(854) Adjust Roots
[149.059s][info][gc,phases      ] GC(854) Adjust Roots 4.247ms
[149.059s][info][gc,phases,start] GC(854) Compaction Phase
[149.062s][info][gc,phases      ] GC(854) Compaction Phase 2.954ms
[149.062s][info][gc,phases,start] GC(854) Post Compact
[149.062s][info][gc,phases      ] GC(854) Post Compact 0.248ms
[149.062s][info][gc,heap        ] GC(854) PSYoungGen: 576K(38912K)->0K(38912K) Eden: 0K(37888K)->0K(37888K) From: 576K(1024K)->0K(1024K)
[149.062s][info][gc,heap        ] GC(854) ParOldGen: 7326K(349696K)->4078K(349696K)
[149.062s][info][gc,metaspace   ] GC(854) Metaspace: 9937K(10304K)->9937K(10304K) NonClass: 8635K(8832K)->8635K(8832K) Class: 1302K(1472K)->1302K(1472K)
[149.062s][info][gc             ] GC(854) Pause Full (System.gc()) 7M->3M(379M) 20.815ms
[149.062s][info][gc,cpu         ] GC(854) User=0.02s Sys=0.00s Real=0.02s
[149.211s][info][gc,start       ] GC(855) Pause Young (Allocation Failure)
[149.212s][info][gc,heap        ] GC(855) PSYoungGen: 37888K(38912K)->1024K(38912K) Eden: 37888K(37888K)->0K(37888K) From: 0K(1024K)->1024K(1024K)
[149.213s][info][gc,heap        ] GC(855) ParOldGen: 4078K(349696K)->4214K(349696K)
[149.213s][info][gc,metaspace   ] GC(855) Metaspace: 9937K(10304K)->9937K(10304K) NonClass: 8635K(8832K)->8635K(8832K) Class: 1302K(1472K)->1302K(1472K)
[149.213s][info][gc             ] GC(855) Pause Young (Allocation Failure) 40M->5M(379M) 1.629ms
[149.213s][info][gc,cpu         ] GC(855) User=0.14s Sys=0.00s Real=0.01s
[149.369s][info][gc,start       ] GC(856) Pause Young (Allocation Failure)
[149.371s][info][gc,heap        ] GC(856) PSYoungGen: 38912K(38912K)->928K(38400K) Eden: 37888K(37888K)->0K(37376K) From: 1024K(1024K)->928K(1024K)
[149.371s][info][gc,heap        ] GC(856) ParOldGen: 4214K(349696K)->4758K(349696K)
[149.371s][info][gc,metaspace   ] GC(856) Metaspace: 9937K(10304K)->9937K(10304K) NonClass: 8635K(8832K)->8635K(8832K) Class: 1302K(1472K)->1302K(1472K)
[149.371s][info][gc             ] GC(856) Pause Young (Allocation Failure) 42M->5M(379M) 1.650ms
[149.371s][info][gc,cpu         ] GC(856) User=0.00s Sys=0.00s Real=0.00s
[149.522s][info][gc,start       ] GC(857) Pause Young (Allocation Failure)
[149.523s][info][gc,heap        ] GC(857) PSYoungGen: 38304K(38400K)->1056K(38912K) Eden: 37376K(37376K)->0K(37376K) From: 928K(1024K)->1056K(1536K)
[149.523s][info][gc,heap        ] GC(857) ParOldGen: 4758K(349696K)->4998K(349696K)
[149.523s][info][gc,metaspace   ] GC(857) Metaspace: 9937K(10304K)->9937K(10304K) NonClass: 8635K(8832K)->8635K(8832K) Class: 1302K(1472K)->1302K(1472K)
[149.523s][info][gc             ] GC(857) Pause Young (Allocation Failure) 42M->5M(379M) 1.195ms
[149.523s][info][gc,cpu         ] GC(857) User=0.00s Sys=0.00s Real=0.00s
[149.676s][info][gc,start       ] GC(858) Pause Young (Allocation Failure)
[149.677s][info][gc,heap        ] GC(858) PSYoungGen: 38432K(38912K)->832K(38912K) Eden: 37376K(37376K)->0K(37376K) From: 1056K(1536K)->832K(1536K)
[149.677s][info][gc,heap        ] GC(858) ParOldGen: 4998K(349696K)->5414K(349696K)
[149.677s][info][gc,metaspace   ] GC(858) Metaspace: 9937K(10304K)->9937K(10304K) NonClass: 8635K(8832K)->8635K(8832K) Class: 1302K(1472K)->1302K(1472K)
[149.677s][info][gc             ] GC(858) Pause Young (Allocation Failure) 42M->6M(379M) 1.301ms
[149.677s][info][gc,cpu         ] GC(858) User=0.00s Sys=0.00s Real=0.00s
[149.824s][info][gc,start       ] GC(859) Pause Young (Allocation Failure)
[149.825s][info][gc,heap        ] GC(859) PSYoungGen: 38208K(38912K)->864K(38912K) Eden: 37376K(37376K)->0K(37376K) From: 832K(1536K)->864K(1536K)
[149.825s][info][gc,heap        ] GC(859) ParOldGen: 5414K(349696K)->5670K(349696K)
[149.825s][info][gc,metaspace   ] GC(859) Metaspace: 9937K(10304K)->9937K(10304K) NonClass: 8635K(8832K)->8635K(8832K) Class: 1302K(1472K)->1302K(1472K)
[149.825s][info][gc             ] GC(859) Pause Young (Allocation Failure) 42M->6M(379M) 1.069ms
[149.825s][info][gc,cpu         ] GC(859) User=0.00s Sys=0.00s Real=0.00s
[149.967s][info][gc,start       ] GC(860) Pause Young (Allocation Failure)
[149.968s][info][gc,heap        ] GC(860) PSYoungGen: 38240K(38912K)->608K(38912K) Eden: 37376K(37376K)->0K(37376K) From: 864K(1536K)->608K(1536K)
[149.968s][info][gc,heap        ] GC(860) ParOldGen: 5670K(349696K)->5886K(349696K)
[149.968s][info][gc,metaspace   ] GC(860) Metaspace: 9937K(10304K)->9937K(10304K) NonClass: 8635K(8832K)->8635K(8832K) Class: 1302K(1472K)->1302K(1472K)
[149.968s][info][gc             ] GC(860) Pause Young (Allocation Failure) 42M->6M(379M) 0.988ms
[149.968s][info][gc,cpu         ] GC(860) User=0.00s Sys=0.00s Real=0.00s
[150.113s][info][gc,start       ] GC(861) Pause Young (Allocation Failure)
[150.113s][info][gc,heap        ] GC(861) PSYoungGen: 37984K(38912K)->576K(38912K) Eden: 37376K(37376K)->0K(37376K) From: 608K(1536K)->576K(1536K)
[150.113s][info][gc,heap        ] GC(861) ParOldGen: 5886K(349696K)->5886K(349696K)
[150.113s][info][gc,metaspace   ] GC(861) Metaspace: 9937K(10304K)->9937K(10304K) NonClass: 8635K(8832K)->8635K(8832K) Class: 1302K(1472K)->1302K(1472K)
[150.113s][info][gc             ] GC(861) Pause Young (Allocation Failure) 42M->6M(379M) 0.852ms
[150.114s][info][gc,cpu         ] GC(861) User=0.00s Sys=0.00s Real=0.00s
[150.268s][info][gc,start       ] GC(862) Pause Young (Allocation Failure)
[150.269s][info][gc,heap        ] GC(862) PSYoungGen: 37952K(38912K)->576K(38912K) Eden: 37376K(37376K)->0K(37376K) From: 576K(1536K)->576K(1536K)
[150.269s][info][gc,heap        ] GC(862) ParOldGen: 5886K(349696K)->5886K(349696K)
[150.269s][info][gc,metaspace   ] GC(862) Metaspace: 9937K(10304K)->9937K(10304K) NonClass: 8635K(8832K)->8635K(8832K) Class: 1302K(1472K)->1302K(1472K)
[150.269s][info][gc             ] GC(862) Pause Young (Allocation Failure) 42M->6M(379M) 0.876ms
[150.269s][info][gc,cpu         ] GC(862) User=0.00s Sys=0.00s Real=0.00s
[150.416s][info][gc,start       ] GC(863) Pause Young (Allocation Failure)
[150.417s][info][gc,heap        ] GC(863) PSYoungGen: 37952K(38912K)->736K(38912K) Eden: 37376K(37376K)->0K(37376K) From: 576K(1536K)->736K(1536K)
[150.417s][info][gc,heap        ] GC(863) ParOldGen: 5886K(349696K)->5926K(349696K)
[150.417s][info][gc,metaspace   ] GC(863) Metaspace: 9937K(10304K)->9937K(10304K) NonClass: 8635K(8832K)->8635K(8832K) Class: 1302K(1472K)->1302K(1472K)
[150.417s][info][gc             ] GC(863) Pause Young (Allocation Failure) 42M->6M(379M) 0.925ms
[150.417s][info][gc,cpu         ] GC(863) User=0.00s Sys=0.00s Real=0.00s
[150.575s][info][gc,start       ] GC(864) Pause Young (Allocation Failure)
[150.576s][info][gc,heap        ] GC(864) PSYoungGen: 38112K(38912K)->640K(38912K) Eden: 37376K(37376K)->0K(37376K) From: 736K(1536K)->640K(1536K)
[150.576s][info][gc,heap        ] GC(864) ParOldGen: 5926K(349696K)->6150K(349696K)
[150.576s][info][gc,metaspace   ] GC(864) Metaspace: 9937K(10304K)->9937K(10304K) NonClass: 8635K(8832K)->8635K(8832K) Class: 1302K(1472K)->1302K(1472K)
[150.576s][info][gc             ] GC(864) Pause Young (Allocation Failure) 43M->6M(379M) 0.998ms
[150.576s][info][gc,cpu         ] GC(864) User=0.00s Sys=0.00s Real=0.00s
[150.727s][info][gc,start       ] GC(865) Pause Young (Allocation Failure)
[150.728s][info][gc,heap        ] GC(865) PSYoungGen: 38016K(38912K)->608K(38912K) Eden: 37376K(37376K)->0K(37376K) From: 640K(1536K)->608K(1536K)
[150.728s][info][gc,heap        ] GC(865) ParOldGen: 6150K(349696K)->6150K(349696K)
[150.728s][info][gc,metaspace   ] GC(865) Metaspace: 9937K(10304K)->9937K(10304K) NonClass: 8635K(8832K)->8635K(8832K) Class: 1302K(1472K)->1302K(1472K)
[150.728s][info][gc             ] GC(865) Pause Young (Allocation Failure) 43M->6M(379M) 0.881ms
[150.728s][info][gc,cpu         ] GC(865) User=0.00s Sys=0.00s Real=0.00s
[150.878s][info][gc,start       ] GC(866) Pause Young (Allocation Failure)
[150.879s][info][gc,heap        ] GC(866) PSYoungGen: 37984K(38912K)->576K(38912K) Eden: 37376K(37376K)->0K(37376K) From: 608K(1536K)->576K(1536K)
[150.879s][info][gc,heap        ] GC(866) ParOldGen: 6150K(349696K)->6150K(349696K)
[150.879s][info][gc,metaspace   ] GC(866) Metaspace: 9937K(10304K)->9937K(10304K) NonClass: 8635K(8832K)->8635K(8832K) Class: 1302K(1472K)->1302K(1472K)
[150.879s][info][gc             ] GC(866) Pause Young (Allocation Failure) 43M->6M(379M) 0.878ms
[150.879s][info][gc,cpu         ] GC(866) User=0.00s Sys=0.00s Real=0.00s
[151.026s][info][gc,start       ] GC(867) Pause Young (Allocation Failure)
[151.027s][info][gc,heap        ] GC(867) PSYoungGen: 37952K(38912K)->768K(38912K) Eden: 37376K(37376K)->0K(37376K) From: 576K(1536K)->768K(1536K)
[151.027s][info][gc,heap        ] GC(867) ParOldGen: 6150K(349696K)->6158K(349696K)
[151.027s][info][gc,metaspace   ] GC(867) Metaspace: 9937K(10304K)->9937K(10304K) NonClass: 8635K(8832K)->8635K(8832K) Class: 1302K(1472K)->1302K(1472K)
[151.027s][info][gc             ] GC(867) Pause Young (Allocation Failure) 43M->6M(379M) 0.900ms
[151.027s][info][gc,cpu         ] GC(867) User=0.00s Sys=0.00s Real=0.00s
[151.179s][info][gc,start       ] GC(868) Pause Young (Allocation Failure)
[151.180s][info][gc,heap        ] GC(868) PSYoungGen: 38144K(38912K)->544K(38400K) Eden: 37376K(37376K)->0K(37376K) From: 768K(1536K)->544K(1024K)
[151.180s][info][gc,heap        ] GC(868) ParOldGen: 6158K(349696K)->6358K(349696K)
[151.181s][info][gc,metaspace   ] GC(868) Metaspace: 9937K(10304K)->9937K(10304K) NonClass: 8635K(8832K)->8635K(8832K) Class: 1302K(1472K)->1302K(1472K)
[151.181s][info][gc             ] GC(868) Pause Young (Allocation Failure) 43M->6M(379M) 1.056ms
[151.181s][info][gc,cpu         ] GC(868) User=0.14s Sys=0.00s Real=0.02s
[151.334s][info][gc,start       ] GC(869) Pause Young (Allocation Failure)
[151.334s][info][gc,heap        ] GC(869) PSYoungGen: 37920K(38400K)->800K(38400K) Eden: 37376K(37376K)->0K(37376K) From: 544K(1024K)->800K(1024K)
[151.335s][info][gc,heap        ] GC(869) ParOldGen: 6358K(349696K)->6374K(349696K)
[151.335s][info][gc,metaspace   ] GC(869) Metaspace: 9937K(10304K)->9937K(10304K) NonClass: 8635K(8832K)->8635K(8832K) Class: 1302K(1472K)->1302K(1472K)
[151.335s][info][gc             ] GC(869) Pause Young (Allocation Failure) 43M->7M(379M) 0.974ms
[151.335s][info][gc,cpu         ] GC(869) User=0.00s Sys=0.00s Real=0.00s
[151.485s][info][gc,start       ] GC(870) Pause Young (Allocation Failure)
[151.486s][info][gc,heap        ] GC(870) PSYoungGen: 38176K(38400K)->608K(38400K) Eden: 37376K(37376K)->0K(37376K) From: 800K(1024K)->608K(1024K)
[151.486s][info][gc,heap        ] GC(870) ParOldGen: 6374K(349696K)->6614K(349696K)
[151.486s][info][gc,metaspace   ] GC(870) Metaspace: 9937K(10304K)->9937K(10304K) NonClass: 8635K(8832K)->8635K(8832K) Class: 1302K(1472K)->1302K(1472K)
[151.486s][info][gc             ] GC(870) Pause Young (Allocation Failure) 43M->7M(379M) 1.020ms
[151.486s][info][gc,cpu         ] GC(870) User=0.00s Sys=0.00s Real=0.00s
[151.635s][info][gc,start       ] GC(871) Pause Young (Allocation Failure)
[151.635s][info][gc,heap        ] GC(871) PSYoungGen: 37984K(38400K)->544K(38400K) Eden: 37376K(37376K)->0K(37376K) From: 608K(1024K)->544K(1024K)
[151.636s][info][gc,heap        ] GC(871) ParOldGen: 6614K(349696K)->6622K(349696K)
[151.636s][info][gc,metaspace   ] GC(871) Metaspace: 9937K(10304K)->9937K(10304K) NonClass: 8635K(8832K)->8635K(8832K) Class: 1302K(1472K)->1302K(1472K)
[151.636s][info][gc             ] GC(871) Pause Young (Allocation Failure) 43M->6M(379M) 1.061ms
[151.636s][info][gc,cpu         ] GC(871) User=0.00s Sys=0.00s Real=0.00s
[151.792s][info][gc,start       ] GC(872) Pause Young (Allocation Failure)
[151.793s][info][gc,heap        ] GC(872) PSYoungGen: 37920K(38400K)->512K(37888K) Eden: 37376K(37376K)->0K(37376K) From: 544K(1024K)->512K(512K)
[151.793s][info][gc,heap        ] GC(872) ParOldGen: 6622K(349696K)->6630K(349696K)
[151.793s][info][gc,metaspace   ] GC(872) Metaspace: 9937K(10304K)->9937K(10304K) NonClass: 8635K(8832K)->8635K(8832K) Class: 1302K(1472K)->1302K(1472K)
[151.793s][info][gc             ] GC(872) Pause Young (Allocation Failure) 43M->6M(378M) 0.801ms
[151.793s][info][gc,cpu         ] GC(872) User=0.00s Sys=0.00s Real=0.00s
[151.947s][info][gc,start       ] GC(873) Pause Young (Allocation Failure)
[151.948s][info][gc,heap        ] GC(873) PSYoungGen: 37888K(37888K)->608K(38400K) Eden: 37376K(37376K)->0K(37376K) From: 512K(512K)->608K(1024K)
[151.948s][info][gc,heap        ] GC(873) ParOldGen: 6630K(349696K)->6630K(349696K)
[151.948s][info][gc,metaspace   ] GC(873) Metaspace: 9937K(10304K)->9937K(10304K) NonClass: 8635K(8832K)->8635K(8832K) Class: 1302K(1472K)->1302K(1472K)
[151.948s][info][gc             ] GC(873) Pause Young (Allocation Failure) 43M->7M(379M) 0.888ms
[151.948s][info][gc,cpu         ] GC(873) User=0.00s Sys=0.00s Real=0.00s
[152.095s][info][gc,start       ] GC(874) Pause Young (Allocation Failure)
[152.096s][info][gc,heap        ] GC(874) PSYoungGen: 37983K(38400K)->768K(38400K) Eden: 37375K(37376K)->0K(37376K) From: 608K(1024K)->768K(1024K)
[152.096s][info][gc,heap        ] GC(874) ParOldGen: 6630K(349696K)->6726K(349696K)
[152.096s][info][gc,metaspace   ] GC(874) Metaspace: 9937K(10304K)->9937K(10304K) NonClass: 8635K(8832K)->8635K(8832K) Class: 1302K(1472K)->1302K(1472K)
[152.096s][info][gc             ] GC(874) Pause Young (Allocation Failure) 43M->7M(379M) 0.922ms
[152.096s][info][gc,cpu         ] GC(874) User=0.00s Sys=0.00s Real=0.00s
[152.241s][info][gc,start       ] GC(875) Pause Young (Allocation Failure)
[152.242s][info][gc,heap        ] GC(875) PSYoungGen: 38144K(38400K)->672K(38400K) Eden: 37376K(37376K)->0K(37376K) From: 768K(1024K)->672K(1024K)
[152.242s][info][gc,heap        ] GC(875) ParOldGen: 6726K(349696K)->6910K(349696K)
[152.242s][info][gc,metaspace   ] GC(875) Metaspace: 9937K(10304K)->9937K(10304K) NonClass: 8635K(8832K)->8635K(8832K) Class: 1302K(1472K)->1302K(1472K)
[152.242s][info][gc             ] GC(875) Pause Young (Allocation Failure) 43M->7M(379M) 1.000ms
[152.242s][info][gc,cpu         ] GC(875) User=0.00s Sys=0.03s Real=0.02s
[152.394s][info][gc,start       ] GC(876) Pause Young (Allocation Failure)
[152.395s][info][gc,heap        ] GC(876) PSYoungGen: 38048K(38400K)->800K(38400K) Eden: 37376K(37376K)->0K(37376K) From: 672K(1024K)->800K(1024K)
[152.395s][info][gc,heap        ] GC(876) ParOldGen: 6910K(349696K)->6942K(349696K)
[152.395s][info][gc,metaspace   ] GC(876) Metaspace: 9937K(10304K)->9937K(10304K) NonClass: 8635K(8832K)->8635K(8832K) Class: 1302K(1472K)->1302K(1472K)
[152.395s][info][gc             ] GC(876) Pause Young (Allocation Failure) 43M->7M(379M) 0.975ms
[152.395s][info][gc,cpu         ] GC(876) User=0.00s Sys=0.00s Real=0.00s
[152.545s][info][gc,start       ] GC(877) Pause Young (Allocation Failure)
[152.546s][info][gc,heap        ] GC(877) PSYoungGen: 38176K(38400K)->608K(38400K) Eden: 37376K(37376K)->0K(37376K) From: 800K(1024K)->608K(1024K)
[152.546s][info][gc,heap        ] GC(877) ParOldGen: 6942K(349696K)->7190K(349696K)
[152.546s][info][gc,metaspace   ] GC(877) Metaspace: 9937K(10304K)->9937K(10304K) NonClass: 8635K(8832K)->8635K(8832K) Class: 1302K(1472K)->1302K(1472K)
[152.546s][info][gc             ] GC(877) Pause Young (Allocation Failure) 44M->7M(379M) 1.085ms
[152.546s][info][gc,cpu         ] GC(877) User=0.00s Sys=0.00s Real=0.00s
[152.696s][info][gc,start       ] GC(878) Pause Young (Allocation Failure)
[152.697s][info][gc,heap        ] GC(878) PSYoungGen: 37984K(38400K)->576K(38400K) Eden: 37376K(37376K)->0K(37376K) From: 608K(1024K)->576K(1024K)
[152.697s][info][gc,heap        ] GC(878) ParOldGen: 7190K(349696K)->7190K(349696K)
[152.697s][info][gc,metaspace   ] GC(878) Metaspace: 9937K(10304K)->9937K(10304K) NonClass: 8635K(8832K)->8635K(8832K) Class: 1302K(1472K)->1302K(1472K)
[152.697s][info][gc             ] GC(878) Pause Young (Allocation Failure) 44M->7M(379M) 0.870ms
[152.697s][info][gc,cpu         ] GC(878) User=0.00s Sys=0.00s Real=0.00s
[152.848s][info][gc,start       ] GC(879) Pause Young (Allocation Failure)
[152.849s][info][gc,heap        ] GC(879) PSYoungGen: 37952K(38400K)->608K(38400K) Eden: 37376K(37376K)->0K(37376K) From: 576K(1024K)->608K(1024K)
[152.849s][info][gc,heap        ] GC(879) ParOldGen: 7190K(349696K)->7190K(349696K)
[152.849s][info][gc,metaspace   ] GC(879) Metaspace: 9937K(10304K)->9937K(10304K) NonClass: 8635K(8832K)->8635K(8832K) Class: 1302K(1472K)->1302K(1472K)
[152.849s][info][gc             ] GC(879) Pause Young (Allocation Failure) 44M->7M(379M) 0.838ms
[152.849s][info][gc,cpu         ] GC(879) User=0.00s Sys=0.00s Real=0.00s
[152.997s][info][gc,start       ] GC(880) Pause Young (Allocation Failure)
[152.998s][info][gc,heap        ] GC(880) PSYoungGen: 37984K(38400K)->576K(38400K) Eden: 37376K(37376K)->0K(37376K) From: 608K(1024K)->576K(1024K)
[152.998s][info][gc,heap        ] GC(880) ParOldGen: 7190K(349696K)->7190K(349696K)
[152.998s][info][gc,metaspace   ] GC(880) Metaspace: 9937K(10304K)->9937K(10304K) NonClass: 8635K(8832K)->8635K(8832K) Class: 1302K(1472K)->1302K(1472K)
[152.998s][info][gc             ] GC(880) Pause Young (Allocation Failure) 44M->7M(379M) 0.845ms
[152.998s][info][gc,cpu         ] GC(880) User=0.00s Sys=0.00s Real=0.00s
[153.142s][info][gc,start       ] GC(881) Pause Young (Allocation Failure)
[153.143s][info][gc,heap        ] GC(881) PSYoungGen: 37952K(38400K)->576K(38400K) Eden: 37376K(37376K)->0K(37376K) From: 576K(1024K)->576K(1024K)
[153.143s][info][gc,heap        ] GC(881) ParOldGen: 7190K(349696K)->7190K(349696K)
[153.143s][info][gc,metaspace   ] GC(881) Metaspace: 9937K(10304K)->9937K(10304K) NonClass: 8635K(8832K)->8635K(8832K) Class: 1302K(1472K)->1302K(1472K)
[153.143s][info][gc             ] GC(881) Pause Young (Allocation Failure) 44M->7M(379M) 0.805ms
[153.143s][info][gc,cpu         ] GC(881) User=0.00s Sys=0.00s Real=0.00s
[153.290s][info][gc,start       ] GC(882) Pause Young (Allocation Failure)
[153.291s][info][gc,heap        ] GC(882) PSYoungGen: 37952K(38400K)->608K(38400K) Eden: 37376K(37376K)->0K(37376K) From: 576K(1024K)->608K(1024K)
[153.291s][info][gc,heap        ] GC(882) ParOldGen: 7190K(349696K)->7190K(349696K)
[153.291s][info][gc,metaspace   ] GC(882) Metaspace: 9937K(10304K)->9937K(10304K) NonClass: 8635K(8832K)->8635K(8832K) Class: 1302K(1472K)->1302K(1472K)
[153.291s][info][gc             ] GC(882) Pause Young (Allocation Failure) 44M->7M(379M) 0.857ms
[153.291s][info][gc,cpu         ] GC(882) User=0.00s Sys=0.00s Real=0.00s
[153.443s][info][gc,start       ] GC(883) Pause Young (Allocation Failure)
[153.443s][info][gc,heap        ] GC(883) PSYoungGen: 37984K(38400K)->576K(38400K) Eden: 37376K(37376K)->0K(37376K) From: 608K(1024K)->576K(1024K)
[153.443s][info][gc,heap        ] GC(883) ParOldGen: 7190K(349696K)->7190K(349696K)
[153.443s][info][gc,metaspace   ] GC(883) Metaspace: 9937K(10304K)->9937K(10304K) NonClass: 8635K(8832K)->8635K(8832K) Class: 1302K(1472K)->1302K(1472K)
[153.443s][info][gc             ] GC(883) Pause Young (Allocation Failure) 44M->7M(379M) 0.845ms
[153.444s][info][gc,cpu         ] GC(883) User=0.00s Sys=0.00s Real=0.00s
[153.594s][info][gc,start       ] GC(884) Pause Young (Allocation Failure)
[153.595s][info][gc,heap        ] GC(884) PSYoungGen: 37952K(38400K)->608K(38400K) Eden: 37376K(37376K)->0K(37376K) From: 576K(1024K)->608K(1024K)
[153.595s][info][gc,heap        ] GC(884) ParOldGen: 7190K(349696K)->7190K(349696K)
[153.595s][info][gc,metaspace   ] GC(884) Metaspace: 9937K(10304K)->9937K(10304K) NonClass: 8635K(8832K)->8635K(8832K) Class: 1302K(1472K)->1302K(1472K)
[153.595s][info][gc             ] GC(884) Pause Young (Allocation Failure) 44M->7M(379M) 0.884ms
[153.595s][info][gc,cpu         ] GC(884) User=0.00s Sys=0.00s Real=0.00s
[153.749s][info][gc,start       ] GC(885) Pause Young (Allocation Failure)
[153.749s][info][gc,heap        ] GC(885) PSYoungGen: 37984K(38400K)->576K(38400K) Eden: 37376K(37376K)->0K(37376K) From: 608K(1024K)->576K(1024K)
[153.749s][info][gc,heap        ] GC(885) ParOldGen: 7190K(349696K)->7190K(349696K)
[153.749s][info][gc,metaspace   ] GC(885) Metaspace: 9937K(10304K)->9937K(10304K) NonClass: 8635K(8832K)->8635K(8832K) Class: 1302K(1472K)->1302K(1472K)
[153.750s][info][gc             ] GC(885) Pause Young (Allocation Failure) 44M->7M(379M) 0.845ms
[153.750s][info][gc,cpu         ] GC(885) User=0.00s Sys=0.00s Real=0.00s
[153.905s][info][gc,start       ] GC(886) Pause Young (Allocation Failure)
[153.905s][info][gc,heap        ] GC(886) PSYoungGen: 37952K(38400K)->576K(38400K) Eden: 37376K(37376K)->0K(37376K) From: 576K(1024K)->576K(1024K)
[153.906s][info][gc,heap        ] GC(886) ParOldGen: 7190K(349696K)->7190K(349696K)
[153.906s][info][gc,metaspace   ] GC(886) Metaspace: 9937K(10304K)->9937K(10304K) NonClass: 8635K(8832K)->8635K(8832K) Class: 1302K(1472K)->1302K(1472K)
[153.906s][info][gc             ] GC(886) Pause Young (Allocation Failure) 44M->7M(379M) 0.915ms
[153.906s][info][gc,cpu         ] GC(886) User=0.00s Sys=0.00s Real=0.00s
[154.060s][info][gc,start       ] GC(887) Pause Young (Allocation Failure)
[154.060s][info][gc,heap        ] GC(887) PSYoungGen: 37952K(38400K)->576K(38400K) Eden: 37376K(37376K)->0K(37376K) From: 576K(1024K)->576K(1024K)
[154.060s][info][gc,heap        ] GC(887) ParOldGen: 7190K(349696K)->7198K(349696K)
[154.060s][info][gc,metaspace   ] GC(887) Metaspace: 9937K(10304K)->9937K(10304K) NonClass: 8635K(8832K)->8635K(8832K) Class: 1302K(1472K)->1302K(1472K)
[154.060s][info][gc             ] GC(887) Pause Young (Allocation Failure) 44M->7M(379M) 0.815ms
[154.061s][info][gc,cpu         ] GC(887) User=0.00s Sys=0.00s Real=0.00s
[154.213s][info][gc,start       ] GC(888) Pause Young (Allocation Failure)
[154.214s][info][gc,heap        ] GC(888) PSYoungGen: 37952K(38400K)->576K(38400K) Eden: 37376K(37376K)->0K(37376K) From: 576K(1024K)->576K(1024K)
[154.214s][info][gc,heap        ] GC(888) ParOldGen: 7198K(349696K)->7198K(349696K)
[154.214s][info][gc,metaspace   ] GC(888) Metaspace: 9937K(10304K)->9937K(10304K) NonClass: 8635K(8832K)->8635K(8832K) Class: 1302K(1472K)->1302K(1472K)
[154.214s][info][gc             ] GC(888) Pause Young (Allocation Failure) 44M->7M(379M) 0.845ms
[154.214s][info][gc,cpu         ] GC(888) User=0.00s Sys=0.00s Real=0.00s
[154.367s][info][gc,start       ] GC(889) Pause Young (Allocation Failure)
[154.368s][info][gc,heap        ] GC(889) PSYoungGen: 37952K(38400K)->704K(38400K) Eden: 37376K(37376K)->0K(37376K) From: 576K(1024K)->704K(1024K)
[154.368s][info][gc,heap        ] GC(889) ParOldGen: 7198K(349696K)->7198K(349696K)
[154.368s][info][gc,metaspace   ] GC(889) Metaspace: 9937K(10304K)->9937K(10304K) NonClass: 8635K(8832K)->8635K(8832K) Class: 1302K(1472K)->1302K(1472K)
[154.368s][info][gc             ] GC(889) Pause Young (Allocation Failure) 44M->7M(379M) 0.944ms
[154.368s][info][gc,cpu         ] GC(889) User=0.00s Sys=0.00s Real=0.00s
[154.518s][info][gc,start       ] GC(890) Pause Young (Allocation Failure)
[154.519s][info][gc,heap        ] GC(890) PSYoungGen: 38080K(38400K)->480K(38400K) Eden: 37376K(37376K)->0K(37376K) From: 704K(1024K)->480K(1024K)
[154.519s][info][gc,heap        ] GC(890) ParOldGen: 7198K(349696K)->7390K(349696K)
[154.519s][info][gc,metaspace   ] GC(890) Metaspace: 9937K(10304K)->9937K(10304K) NonClass: 8635K(8832K)->8635K(8832K) Class: 1302K(1472K)->1302K(1472K)
[154.519s][info][gc             ] GC(890) Pause Young (Allocation Failure) 44M->7M(379M) 0.950ms
[154.519s][info][gc,cpu         ] GC(890) User=0.00s Sys=0.00s Real=0.00s
[154.667s][info][gc,start       ] GC(891) Pause Young (Allocation Failure)
[154.667s][info][gc,heap        ] GC(891) PSYoungGen: 37856K(38400K)->576K(38400K) Eden: 37376K(37376K)->0K(37376K) From: 480K(1024K)->576K(1024K)
[154.667s][info][gc,heap        ] GC(891) ParOldGen: 7390K(349696K)->7390K(349696K)
[154.667s][info][gc,metaspace   ] GC(891) Metaspace: 9937K(10304K)->9937K(10304K) NonClass: 8635K(8832K)->8635K(8832K) Class: 1302K(1472K)->1302K(1472K)
[154.667s][info][gc             ] GC(891) Pause Young (Allocation Failure) 44M->7M(379M) 0.868ms
[154.668s][info][gc,cpu         ] GC(891) User=0.00s Sys=0.00s Real=0.00s
[154.817s][info][gc,start       ] GC(892) Pause Young (Allocation Failure)
[154.818s][info][gc,heap        ] GC(892) PSYoungGen: 37952K(38400K)->576K(38400K) Eden: 37376K(37376K)->0K(37376K) From: 576K(1024K)->576K(1024K)
[154.818s][info][gc,heap        ] GC(892) ParOldGen: 7390K(349696K)->7390K(349696K)
[154.818s][info][gc,metaspace   ] GC(892) Metaspace: 9937K(10304K)->9937K(10304K) NonClass: 8635K(8832K)->8635K(8832K) Class: 1302K(1472K)->1302K(1472K)
[154.818s][info][gc             ] GC(892) Pause Young (Allocation Failure) 44M->7M(379M) 0.857ms
[154.818s][info][gc,cpu         ] GC(892) User=0.00s Sys=0.00s Real=0.00s
[154.970s][info][gc,start       ] GC(893) Pause Young (Allocation Failure)
[154.971s][info][gc,heap        ] GC(893) PSYoungGen: 37952K(38400K)->576K(38400K) Eden: 37376K(37376K)->0K(37376K) From: 576K(1024K)->576K(1024K)
[154.971s][info][gc,heap        ] GC(893) ParOldGen: 7390K(349696K)->7390K(349696K)
[154.971s][info][gc,metaspace   ] GC(893) Metaspace: 9937K(10304K)->9937K(10304K) NonClass: 8635K(8832K)->8635K(8832K) Class: 1302K(1472K)->1302K(1472K)
[154.971s][info][gc             ] GC(893) Pause Young (Allocation Failure) 44M->7M(379M) 0.852ms
[154.971s][info][gc,cpu         ] GC(893) User=0.00s Sys=0.00s Real=0.00s
[155.127s][info][gc,start       ] GC(894) Pause Young (Allocation Failure)
[155.128s][info][gc,heap        ] GC(894) PSYoungGen: 37952K(38400K)->608K(38400K) Eden: 37376K(37376K)->0K(37376K) From: 576K(1024K)->608K(1024K)
[155.128s][info][gc,heap        ] GC(894) ParOldGen: 7390K(349696K)->7390K(349696K)
[155.128s][info][gc,metaspace   ] GC(894) Metaspace: 9937K(10304K)->9937K(10304K) NonClass: 8635K(8832K)->8635K(8832K) Class: 1302K(1472K)->1302K(1472K)
[155.128s][info][gc             ] GC(894) Pause Young (Allocation Failure) 44M->7M(379M) 0.818ms
[155.128s][info][gc,cpu         ] GC(894) User=0.00s Sys=0.00s Real=0.00s
[155.279s][info][gc,start       ] GC(895) Pause Young (Allocation Failure)
[155.280s][info][gc,heap        ] GC(895) PSYoungGen: 37984K(38400K)->608K(38400K) Eden: 37376K(37376K)->0K(37376K) From: 608K(1024K)->608K(1024K)
[155.280s][info][gc,heap        ] GC(895) ParOldGen: 7390K(349696K)->7390K(349696K)
[155.280s][info][gc,metaspace   ] GC(895) Metaspace: 9937K(10304K)->9937K(10304K) NonClass: 8635K(8832K)->8635K(8832K) Class: 1302K(1472K)->1302K(1472K)
[155.280s][info][gc             ] GC(895) Pause Young (Allocation Failure) 44M->7M(379M) 0.878ms
[155.280s][info][gc,cpu         ] GC(895) User=0.00s Sys=0.00s Real=0.00s
[155.431s][info][gc,start       ] GC(896) Pause Young (Allocation Failure)
[155.432s][info][gc,heap        ] GC(896) PSYoungGen: 37984K(38400K)->576K(38400K) Eden: 37376K(37376K)->0K(37376K) From: 608K(1024K)->576K(1024K)
[155.432s][info][gc,heap        ] GC(896) ParOldGen: 7390K(349696K)->7390K(349696K)
[155.432s][info][gc,metaspace   ] GC(896) Metaspace: 9937K(10304K)->9937K(10304K) NonClass: 8635K(8832K)->8635K(8832K) Class: 1302K(1472K)->1302K(1472K)
[155.432s][info][gc             ] GC(896) Pause Young (Allocation Failure) 44M->7M(379M) 0.873ms
[155.432s][info][gc,cpu         ] GC(896) User=0.00s Sys=0.00s Real=0.00s
[155.584s][info][gc,start       ] GC(897) Pause Young (Allocation Failure)
[155.585s][info][gc,heap        ] GC(897) PSYoungGen: 37952K(38400K)->608K(38400K) Eden: 37376K(37376K)->0K(37376K) From: 576K(1024K)->608K(1024K)
[155.585s][info][gc,heap        ] GC(897) ParOldGen: 7390K(349696K)->7390K(349696K)
[155.585s][info][gc,metaspace   ] GC(897) Metaspace: 9937K(10304K)->9937K(10304K) NonClass: 8635K(8832K)->8635K(8832K) Class: 1302K(1472K)->1302K(1472K)
[155.585s][info][gc             ] GC(897) Pause Young (Allocation Failure) 44M->7M(379M) 0.896ms
[155.585s][info][gc,cpu         ] GC(897) User=0.00s Sys=0.00s Real=0.00s
[155.733s][info][gc,start       ] GC(898) Pause Young (System.gc())
[155.733s][info][gc,heap        ] GC(898) PSYoungGen: 35567K(38400K)->576K(38400K) Eden: 34959K(37376K)->0K(37376K) From: 608K(1024K)->576K(1024K)
[155.733s][info][gc,heap        ] GC(898) ParOldGen: 7390K(349696K)->7390K(349696K)
[155.733s][info][gc,metaspace   ] GC(898) Metaspace: 9937K(10304K)->9937K(10304K) NonClass: 8635K(8832K)->8635K(8832K) Class: 1302K(1472K)->1302K(1472K)
[155.733s][info][gc             ] GC(898) Pause Young (System.gc()) 41M->7M(379M) 0.804ms
[155.733s][info][gc,cpu         ] GC(898) User=0.00s Sys=0.00s Real=0.00s
[155.734s][info][gc,start       ] GC(899) Pause Full (System.gc())
[155.734s][info][gc,phases,start] GC(899) Marking Phase
[155.748s][info][gc,phases      ] GC(899) Marking Phase 14.365ms
[155.748s][info][gc,phases,start] GC(899) Summary Phase
[155.748s][info][gc,phases      ] GC(899) Summary Phase 0.032ms
[155.748s][info][gc,phases,start] GC(899) Adjust Roots
[155.752s][info][gc,phases      ] GC(899) Adjust Roots 4.205ms
[155.752s][info][gc,phases,start] GC(899) Compaction Phase
[155.755s][info][gc,phases      ] GC(899) Compaction Phase 2.965ms
[155.755s][info][gc,phases,start] GC(899) Post Compact
[155.756s][info][gc,phases      ] GC(899) Post Compact 0.289ms
[155.756s][info][gc,heap        ] GC(899) PSYoungGen: 576K(38400K)->0K(38400K) Eden: 0K(37376K)->0K(37376K) From: 576K(1024K)->0K(1024K)
[155.756s][info][gc,heap        ] GC(899) ParOldGen: 7390K(349696K)->4078K(349696K)
[155.756s][info][gc,metaspace   ] GC(899) Metaspace: 9937K(10304K)->9937K(10304K) NonClass: 8635K(8832K)->8635K(8832K) Class: 1302K(1472K)->1302K(1472K)
[155.756s][info][gc             ] GC(899) Pause Full (System.gc()) 7M->3M(379M) 22.195ms
[155.756s][info][gc,cpu         ] GC(899) User=0.14s Sys=0.00s Real=0.02s
[155.913s][info][gc,start       ] GC(900) Pause Young (Allocation Failure)
[155.915s][info][gc,heap        ] GC(900) PSYoungGen: 37376K(38400K)->1024K(38400K) Eden: 37376K(37376K)->0K(37376K) From: 0K(1024K)->1024K(1024K)
[155.915s][info][gc,heap        ] GC(900) ParOldGen: 4078K(349696K)->4294K(349696K)
[155.915s][info][gc,metaspace   ] GC(900) Metaspace: 9942K(10304K)->9942K(10304K) NonClass: 8640K(8832K)->8640K(8832K) Class: 1302K(1472K)->1302K(1472K)
[155.915s][info][gc             ] GC(900) Pause Young (Allocation Failure) 40M->5M(379M) 1.398ms
[155.915s][info][gc,cpu         ] GC(900) User=0.00s Sys=0.00s Real=0.00s
[156.070s][info][gc,start       ] GC(901) Pause Young (Allocation Failure)
[156.071s][info][gc,heap        ] GC(901) PSYoungGen: 38400K(38400K)->928K(38400K) Eden: 37376K(37376K)->0K(37376K) From: 1024K(1024K)->928K(1024K)
[156.071s][info][gc,heap        ] GC(901) ParOldGen: 4294K(349696K)->4774K(349696K)
[156.071s][info][gc,metaspace   ] GC(901) Metaspace: 9942K(10304K)->9942K(10304K) NonClass: 8640K(8832K)->8640K(8832K) Class: 1302K(1472K)->1302K(1472K)
[156.071s][info][gc             ] GC(901) Pause Young (Allocation Failure) 41M->5M(379M) 1.435ms
[156.071s][info][gc,cpu         ] GC(901) User=0.00s Sys=0.00s Real=0.00s
[156.233s][info][gc,start       ] GC(902) Pause Young (Allocation Failure)
[156.234s][info][gc,heap        ] GC(902) PSYoungGen: 38304K(38400K)->960K(38400K) Eden: 37376K(37376K)->0K(37376K) From: 928K(1024K)->960K(1024K)
[156.234s][info][gc,heap        ] GC(902) ParOldGen: 4774K(349696K)->5030K(349696K)
[156.234s][info][gc,metaspace   ] GC(902) Metaspace: 9942K(10304K)->9942K(10304K) NonClass: 8640K(8832K)->8640K(8832K) Class: 1302K(1472K)->1302K(1472K)
[156.234s][info][gc             ] GC(902) Pause Young (Allocation Failure) 42M->5M(379M) 1.216ms
[156.234s][info][gc,cpu         ] GC(902) User=0.00s Sys=0.00s Real=0.00s
[156.382s][info][gc,start       ] GC(903) Pause Young (Allocation Failure)
[156.383s][info][gc,heap        ] GC(903) PSYoungGen: 38336K(38400K)->768K(38912K) Eden: 37376K(37376K)->0K(37376K) From: 960K(1024K)->768K(1536K)
[156.383s][info][gc,heap        ] GC(903) ParOldGen: 5030K(349696K)->5270K(349696K)
[156.383s][info][gc,metaspace   ] GC(903) Metaspace: 9942K(10304K)->9942K(10304K) NonClass: 8640K(8832K)->8640K(8832K) Class: 1302K(1472K)->1302K(1472K)
[156.383s][info][gc             ] GC(903) Pause Young (Allocation Failure) 42M->5M(379M) 1.133ms
[156.383s][info][gc,cpu         ] GC(903) User=0.00s Sys=0.00s Real=0.00s
[156.534s][info][gc,start       ] GC(904) Pause Young (Allocation Failure)
[156.536s][info][gc,heap        ] GC(904) PSYoungGen: 38144K(38912K)->1088K(38912K) Eden: 37376K(37376K)->0K(37376K) From: 768K(1536K)->1088K(1536K)
[156.536s][info][gc,heap        ] GC(904) ParOldGen: 5270K(349696K)->5486K(349696K)
[156.536s][info][gc,metaspace   ] GC(904) Metaspace: 9942K(10304K)->9942K(10304K) NonClass: 8640K(8832K)->8640K(8832K) Class: 1302K(1472K)->1302K(1472K)
[156.536s][info][gc             ] GC(904) Pause Young (Allocation Failure) 42M->6M(379M) 1.256ms
[156.536s][info][gc,cpu         ] GC(904) User=0.00s Sys=0.00s Real=0.00s
[156.686s][info][gc,start       ] GC(905) Pause Young (Allocation Failure)
[156.687s][info][gc,heap        ] GC(905) PSYoungGen: 38464K(38912K)->800K(38912K) Eden: 37376K(37376K)->0K(37376K) From: 1088K(1536K)->800K(1536K)
[156.688s][info][gc,heap        ] GC(905) ParOldGen: 5486K(349696K)->5966K(349696K)
[156.688s][info][gc,metaspace   ] GC(905) Metaspace: 9942K(10304K)->9942K(10304K) NonClass: 8640K(8832K)->8640K(8832K) Class: 1302K(1472K)->1302K(1472K)
[156.688s][info][gc             ] GC(905) Pause Young (Allocation Failure) 42M->6M(379M) 1.426ms
[156.688s][info][gc,cpu         ] GC(905) User=0.00s Sys=0.00s Real=0.00s
[156.834s][info][gc,start       ] GC(906) Pause Young (Allocation Failure)
[156.835s][info][gc,heap        ] GC(906) PSYoungGen: 38176K(38912K)->864K(38912K) Eden: 37376K(37376K)->0K(37376K) From: 800K(1536K)->864K(1536K)
[156.835s][info][gc,heap        ] GC(906) ParOldGen: 5966K(349696K)->5974K(349696K)
[156.835s][info][gc,metaspace   ] GC(906) Metaspace: 9942K(10304K)->9942K(10304K) NonClass: 8640K(8832K)->8640K(8832K) Class: 1302K(1472K)->1302K(1472K)
[156.835s][info][gc             ] GC(906) Pause Young (Allocation Failure) 43M->6M(379M) 1.035ms
[156.835s][info][gc,cpu         ] GC(906) User=0.14s Sys=0.00s Real=0.02s
[156.979s][info][gc,start       ] GC(907) Pause Young (Allocation Failure)
[156.980s][info][gc,heap        ] GC(907) PSYoungGen: 38240K(38912K)->608K(38912K) Eden: 37376K(37376K)->0K(37376K) From: 864K(1536K)->608K(1536K)
[156.980s][info][gc,heap        ] GC(907) ParOldGen: 5974K(349696K)->6214K(349696K)
[156.980s][info][gc,metaspace   ] GC(907) Metaspace: 9942K(10304K)->9942K(10304K) NonClass: 8640K(8832K)->8640K(8832K) Class: 1302K(1472K)->1302K(1472K)
[156.980s][info][gc             ] GC(907) Pause Young (Allocation Failure) 43M->6M(379M) 1.047ms
[156.980s][info][gc,cpu         ] GC(907) User=0.00s Sys=0.00s Real=0.00s
[157.134s][info][gc,start       ] GC(908) Pause Young (Allocation Failure)
[157.135s][info][gc,heap        ] GC(908) PSYoungGen: 37984K(38912K)->576K(38912K) Eden: 37376K(37376K)->0K(37376K) From: 608K(1536K)->576K(1536K)
[157.135s][info][gc,heap        ] GC(908) ParOldGen: 6214K(349696K)->6214K(349696K)
[157.135s][info][gc,metaspace   ] GC(908) Metaspace: 9942K(10304K)->9942K(10304K) NonClass: 8640K(8832K)->8640K(8832K) Class: 1302K(1472K)->1302K(1472K)
[157.135s][info][gc             ] GC(908) Pause Young (Allocation Failure) 43M->6M(379M) 0.894ms
[157.135s][info][gc,cpu         ] GC(908) User=0.00s Sys=0.00s Real=0.00s
[157.289s][info][gc,start       ] GC(909) Pause Young (Allocation Failure)
[157.290s][info][gc,heap        ] GC(909) PSYoungGen: 37952K(38912K)->704K(38912K) Eden: 37376K(37376K)->0K(37376K) From: 576K(1536K)->704K(1536K)
[157.290s][info][gc,heap        ] GC(909) ParOldGen: 6214K(349696K)->6222K(349696K)
[157.290s][info][gc,metaspace   ] GC(909) Metaspace: 9942K(10304K)->9942K(10304K) NonClass: 8640K(8832K)->8640K(8832K) Class: 1302K(1472K)->1302K(1472K)
[157.290s][info][gc             ] GC(909) Pause Young (Allocation Failure) 43M->6M(379M) 0.919ms
[157.290s][info][gc,cpu         ] GC(909) User=0.00s Sys=0.00s Real=0.00s
[157.446s][info][gc,start       ] GC(910) Pause Young (Allocation Failure)
[157.447s][info][gc,heap        ] GC(910) PSYoungGen: 38080K(38912K)->736K(38912K) Eden: 37376K(37376K)->0K(37376K) From: 704K(1536K)->736K(1536K)
[157.447s][info][gc,heap        ] GC(910) ParOldGen: 6222K(349696K)->6438K(349696K)
[157.447s][info][gc,metaspace   ] GC(910) Metaspace: 9942K(10304K)->9942K(10304K) NonClass: 8640K(8832K)->8640K(8832K) Class: 1302K(1472K)->1302K(1472K)
[157.447s][info][gc             ] GC(910) Pause Young (Allocation Failure) 43M->7M(379M) 1.039ms
[157.447s][info][gc,cpu         ] GC(910) User=0.00s Sys=0.00s Real=0.00s
[157.597s][info][gc,start       ] GC(911) Pause Young (Allocation Failure)
[157.598s][info][gc,heap        ] GC(911) PSYoungGen: 38112K(38912K)->576K(38912K) Eden: 37376K(37376K)->0K(37376K) From: 736K(1536K)->576K(1536K)
[157.598s][info][gc,heap        ] GC(911) ParOldGen: 6438K(349696K)->6438K(349696K)
[157.598s][info][gc,metaspace   ] GC(911) Metaspace: 9942K(10304K)->9942K(10304K) NonClass: 8640K(8832K)->8640K(8832K) Class: 1302K(1472K)->1302K(1472K)
[157.598s][info][gc             ] GC(911) Pause Young (Allocation Failure) 43M->6M(379M) 0.876ms
[157.598s][info][gc,cpu         ] GC(911) User=0.00s Sys=0.00s Real=0.00s
[157.748s][info][gc,start       ] GC(912) Pause Young (Allocation Failure)
[157.749s][info][gc,heap        ] GC(912) PSYoungGen: 37952K(38912K)->704K(38400K) Eden: 37376K(37376K)->0K(37376K) From: 576K(1536K)->704K(1024K)
[157.749s][info][gc,heap        ] GC(912) ParOldGen: 6438K(349696K)->6438K(349696K)
[157.749s][info][gc,metaspace   ] GC(912) Metaspace: 9942K(10304K)->9942K(10304K) NonClass: 8640K(8832K)->8640K(8832K) Class: 1302K(1472K)->1302K(1472K)
[157.749s][info][gc             ] GC(912) Pause Young (Allocation Failure) 43M->6M(379M) 1.047ms
[157.749s][info][gc,cpu         ] GC(912) User=0.00s Sys=0.00s Real=0.00s
[157.890s][info][gc,start       ] GC(913) Pause Young (Allocation Failure)
[157.891s][info][gc,heap        ] GC(913) PSYoungGen: 38080K(38400K)->640K(38400K) Eden: 37376K(37376K)->0K(37376K) From: 704K(1024K)->640K(1024K)
[157.891s][info][gc,heap        ] GC(913) ParOldGen: 6438K(349696K)->6662K(349696K)
[157.891s][info][gc,metaspace   ] GC(913) Metaspace: 9942K(10304K)->9942K(10304K) NonClass: 8640K(8832K)->8640K(8832K) Class: 1302K(1472K)->1302K(1472K)
[157.891s][info][gc             ] GC(913) Pause Young (Allocation Failure) 43M->7M(379M) 1.028ms
[157.891s][info][gc,cpu         ] GC(913) User=0.00s Sys=0.00s Real=0.00s
[158.045s][info][gc,start       ] GC(914) Pause Young (Allocation Failure)
[158.046s][info][gc,heap        ] GC(914) PSYoungGen: 38016K(38400K)->832K(38400K) Eden: 37376K(37376K)->0K(37376K) From: 640K(1024K)->832K(1024K)
[158.046s][info][gc,heap        ] GC(914) ParOldGen: 6662K(349696K)->6694K(349696K)
[158.046s][info][gc,metaspace   ] GC(914) Metaspace: 9942K(10304K)->9942K(10304K) NonClass: 8640K(8832K)->8640K(8832K) Class: 1302K(1472K)->1302K(1472K)
[158.046s][info][gc             ] GC(914) Pause Young (Allocation Failure) 43M->7M(379M) 0.957ms
[158.046s][info][gc,cpu         ] GC(914) User=0.00s Sys=0.02s Real=0.02s
[158.203s][info][gc,start       ] GC(915) Pause Young (Allocation Failure)
[158.204s][info][gc,heap        ] GC(915) PSYoungGen: 38208K(38400K)->640K(38400K) Eden: 37376K(37376K)->0K(37376K) From: 832K(1024K)->640K(1024K)
[158.204s][info][gc,heap        ] GC(915) ParOldGen: 6694K(349696K)->6918K(349696K)
[158.204s][info][gc,metaspace   ] GC(915) Metaspace: 9942K(10304K)->9942K(10304K) NonClass: 8640K(8832K)->8640K(8832K) Class: 1302K(1472K)->1302K(1472K)
[158.204s][info][gc             ] GC(915) Pause Young (Allocation Failure) 43M->7M(379M) 1.044ms
[158.204s][info][gc,cpu         ] GC(915) User=0.00s Sys=0.00s Real=0.00s
[158.357s][info][gc,start       ] GC(916) Pause Young (Allocation Failure)
[158.358s][info][gc,heap        ] GC(916) PSYoungGen: 38016K(38400K)->576K(38400K) Eden: 37376K(37376K)->0K(37376K) From: 640K(1024K)->576K(1024K)
[158.358s][info][gc,heap        ] GC(916) ParOldGen: 6918K(349696K)->6918K(349696K)
[158.358s][info][gc,metaspace   ] GC(916) Metaspace: 9942K(10304K)->9942K(10304K) NonClass: 8640K(8832K)->8640K(8832K) Class: 1302K(1472K)->1302K(1472K)
[158.358s][info][gc             ] GC(916) Pause Young (Allocation Failure) 43M->7M(379M) 0.863ms
[158.358s][info][gc,cpu         ] GC(916) User=0.00s Sys=0.00s Real=0.00s
[158.505s][info][gc,start       ] GC(917) Pause Young (Allocation Failure)
[158.506s][info][gc,heap        ] GC(917) PSYoungGen: 37952K(38400K)->672K(38400K) Eden: 37376K(37376K)->0K(37376K) From: 576K(1024K)->672K(1024K)
[158.506s][info][gc,heap        ] GC(917) ParOldGen: 6918K(349696K)->6918K(349696K)
[158.506s][info][gc,metaspace   ] GC(917) Metaspace: 9942K(10304K)->9942K(10304K) NonClass: 8640K(8832K)->8640K(8832K) Class: 1302K(1472K)->1302K(1472K)
[158.506s][info][gc             ] GC(917) Pause Young (Allocation Failure) 43M->7M(379M) 0.901ms
[158.506s][info][gc,cpu         ] GC(917) User=0.00s Sys=0.00s Real=0.00s
[158.651s][info][gc,start       ] GC(918) Pause Young (Allocation Failure)
[158.652s][info][gc,heap        ] GC(918) PSYoungGen: 38048K(38400K)->832K(38400K) Eden: 37376K(37376K)->0K(37376K) From: 672K(1024K)->832K(1024K)
[158.652s][info][gc,heap        ] GC(918) ParOldGen: 6918K(349696K)->6918K(349696K)
[158.652s][info][gc,metaspace   ] GC(918) Metaspace: 9942K(10304K)->9942K(10304K) NonClass: 8640K(8832K)->8640K(8832K) Class: 1302K(1472K)->1302K(1472K)
[158.652s][info][gc             ] GC(918) Pause Young (Allocation Failure) 43M->7M(379M) 0.952ms
[158.652s][info][gc,cpu         ] GC(918) User=0.00s Sys=0.00s Real=0.00s
[158.808s][info][gc,start       ] GC(919) Pause Young (Allocation Failure)
[158.809s][info][gc,heap        ] GC(919) PSYoungGen: 38208K(38400K)->576K(38400K) Eden: 37376K(37376K)->0K(37376K) From: 832K(1024K)->576K(1024K)
[158.809s][info][gc,heap        ] GC(919) ParOldGen: 6918K(349696K)->7166K(349696K)
[158.809s][info][gc,metaspace   ] GC(919) Metaspace: 9942K(10304K)->9942K(10304K) NonClass: 8640K(8832K)->8640K(8832K) Class: 1302K(1472K)->1302K(1472K)
[158.809s][info][gc             ] GC(919) Pause Young (Allocation Failure) 44M->7M(379M) 1.020ms
[158.809s][info][gc,cpu         ] GC(919) User=0.00s Sys=0.00s Real=0.00s
[158.949s][info][gc,start       ] GC(920) Pause Young (Allocation Failure)
[158.949s][info][gc,heap        ] GC(920) PSYoungGen: 37952K(38400K)->576K(38400K) Eden: 37376K(37376K)->0K(37376K) From: 576K(1024K)->576K(1024K)
[158.949s][info][gc,heap        ] GC(920) ParOldGen: 7166K(349696K)->7166K(349696K)
[158.950s][info][gc,metaspace   ] GC(920) Metaspace: 9942K(10304K)->9942K(10304K) NonClass: 8640K(8832K)->8640K(8832K) Class: 1302K(1472K)->1302K(1472K)
[158.950s][info][gc             ] GC(920) Pause Young (Allocation Failure) 44M->7M(379M) 0.840ms
[158.950s][info][gc,cpu         ] GC(920) User=0.00s Sys=0.00s Real=0.00s
[159.100s][info][gc,start       ] GC(921) Pause Young (Allocation Failure)
[159.101s][info][gc,heap        ] GC(921) PSYoungGen: 37952K(38400K)->864K(38400K) Eden: 37376K(37376K)->0K(37376K) From: 576K(1024K)->864K(1024K)
[159.101s][info][gc,heap        ] GC(921) ParOldGen: 7166K(349696K)->7214K(349696K)
[159.101s][info][gc,metaspace   ] GC(921) Metaspace: 9942K(10304K)->9942K(10304K) NonClass: 8640K(8832K)->8640K(8832K) Class: 1302K(1472K)->1302K(1472K)
[159.101s][info][gc             ] GC(921) Pause Young (Allocation Failure) 44M->7M(379M) 1.058ms
[159.101s][info][gc,cpu         ] GC(921) User=0.00s Sys=0.00s Real=0.00s
[159.249s][info][gc,start       ] GC(922) Pause Young (Allocation Failure)
[159.250s][info][gc,heap        ] GC(922) PSYoungGen: 38240K(38400K)->544K(38400K) Eden: 37376K(37376K)->0K(37376K) From: 864K(1024K)->544K(1024K)
[159.250s][info][gc,heap        ] GC(922) ParOldGen: 7214K(349696K)->7414K(349696K)
[159.250s][info][gc,metaspace   ] GC(922) Metaspace: 9942K(10304K)->9942K(10304K) NonClass: 8640K(8832K)->8640K(8832K) Class: 1302K(1472K)->1302K(1472K)
[159.250s][info][gc             ] GC(922) Pause Young (Allocation Failure) 44M->7M(379M) 0.944ms
[159.250s][info][gc,cpu         ] GC(922) User=0.00s Sys=0.00s Real=0.00s
[159.398s][info][gc,start       ] GC(923) Pause Young (Allocation Failure)
[159.399s][info][gc,heap        ] GC(923) PSYoungGen: 37920K(38400K)->576K(38400K) Eden: 37376K(37376K)->0K(37376K) From: 544K(1024K)->576K(1024K)
[159.399s][info][gc,heap        ] GC(923) ParOldGen: 7414K(349696K)->7414K(349696K)
[159.399s][info][gc,metaspace   ] GC(923) Metaspace: 9942K(10304K)->9942K(10304K) NonClass: 8640K(8832K)->8640K(8832K) Class: 1302K(1472K)->1302K(1472K)
[159.399s][info][gc             ] GC(923) Pause Young (Allocation Failure) 44M->7M(379M) 0.883ms
[159.399s][info][gc,cpu         ] GC(923) User=0.00s Sys=0.00s Real=0.00s
[159.548s][info][gc,start       ] GC(924) Pause Young (Allocation Failure)
[159.549s][info][gc,heap        ] GC(924) PSYoungGen: 37952K(38400K)->768K(38400K) Eden: 37376K(37376K)->0K(37376K) From: 576K(1024K)->768K(1024K)
[159.549s][info][gc,heap        ] GC(924) ParOldGen: 7414K(349696K)->7414K(349696K)
[159.549s][info][gc,metaspace   ] GC(924) Metaspace: 9942K(10304K)->9942K(10304K) NonClass: 8640K(8832K)->8640K(8832K) Class: 1302K(1472K)->1302K(1472K)
[159.549s][info][gc             ] GC(924) Pause Young (Allocation Failure) 44M->7M(379M) 0.959ms
[159.549s][info][gc,cpu         ] GC(924) User=0.00s Sys=0.00s Real=0.00s
[159.708s][info][gc,start       ] GC(925) Pause Young (Allocation Failure)
[159.709s][info][gc,heap        ] GC(925) PSYoungGen: 38144K(38400K)->640K(38400K) Eden: 37376K(37376K)->0K(37376K) From: 768K(1024K)->640K(1024K)
[159.709s][info][gc,heap        ] GC(925) ParOldGen: 7414K(349696K)->7590K(349696K)
[159.709s][info][gc,metaspace   ] GC(925) Metaspace: 9942K(10304K)->9942K(10304K) NonClass: 8640K(8832K)->8640K(8832K) Class: 1302K(1472K)->1302K(1472K)
[159.709s][info][gc             ] GC(925) Pause Young (Allocation Failure) 44M->8M(379M) 0.958ms
[159.709s][info][gc,cpu         ] GC(925) User=0.00s Sys=0.00s Real=0.00s
[159.861s][info][gc,start       ] GC(926) Pause Young (Allocation Failure)
[159.862s][info][gc,heap        ] GC(926) PSYoungGen: 38016K(38400K)->608K(38400K) Eden: 37376K(37376K)->0K(37376K) From: 640K(1024K)->608K(1024K)
[159.862s][info][gc,heap        ] GC(926) ParOldGen: 7590K(349696K)->7590K(349696K)
[159.862s][info][gc,metaspace   ] GC(926) Metaspace: 9942K(10304K)->9942K(10304K) NonClass: 8640K(8832K)->8640K(8832K) Class: 1302K(1472K)->1302K(1472K)
[159.862s][info][gc             ] GC(926) Pause Young (Allocation Failure) 44M->8M(379M) 0.914ms
[159.862s][info][gc,cpu         ] GC(926) User=0.14s Sys=0.00s Real=0.02s
[160.014s][info][gc,start       ] GC(927) Pause Young (Allocation Failure)
[160.014s][info][gc,heap        ] GC(927) PSYoungGen: 37984K(38400K)->864K(38400K) Eden: 37376K(37376K)->0K(37376K) From: 608K(1024K)->864K(1024K)
[160.014s][info][gc,heap        ] GC(927) ParOldGen: 7590K(349696K)->7622K(349696K)
[160.014s][info][gc,metaspace   ] GC(927) Metaspace: 9942K(10304K)->9942K(10304K) NonClass: 8640K(8832K)->8640K(8832K) Class: 1302K(1472K)->1302K(1472K)
[160.015s][info][gc             ] GC(927) Pause Young (Allocation Failure) 44M->8M(379M) 1.007ms
[160.015s][info][gc,cpu         ] GC(927) User=0.00s Sys=0.00s Real=0.00s
[160.163s][info][gc,start       ] GC(928) Pause Young (Allocation Failure)
[160.164s][info][gc,heap        ] GC(928) PSYoungGen: 38240K(38400K)->608K(38400K) Eden: 37376K(37376K)->0K(37376K) From: 864K(1024K)->608K(1024K)
[160.164s][info][gc,heap        ] GC(928) ParOldGen: 7622K(349696K)->7846K(349696K)
[160.164s][info][gc,metaspace   ] GC(928) Metaspace: 9942K(10304K)->9942K(10304K) NonClass: 8640K(8832K)->8640K(8832K) Class: 1302K(1472K)->1302K(1472K)
[160.164s][info][gc             ] GC(928) Pause Young (Allocation Failure) 44M->8M(379M) 0.981ms
[160.164s][info][gc,cpu         ] GC(928) User=0.00s Sys=0.00s Real=0.00s
[160.312s][info][gc,start       ] GC(929) Pause Young (Allocation Failure)
[160.313s][info][gc,heap        ] GC(929) PSYoungGen: 37984K(38400K)->608K(38400K) Eden: 37376K(37376K)->0K(37376K) From: 608K(1024K)->608K(1024K)
[160.313s][info][gc,heap        ] GC(929) ParOldGen: 7846K(349696K)->7846K(349696K)
[160.313s][info][gc,metaspace   ] GC(929) Metaspace: 9942K(10304K)->9942K(10304K) NonClass: 8640K(8832K)->8640K(8832K) Class: 1302K(1472K)->1302K(1472K)
[160.313s][info][gc             ] GC(929) Pause Young (Allocation Failure) 44M->8M(379M) 0.879ms
[160.313s][info][gc,cpu         ] GC(929) User=0.00s Sys=0.00s Real=0.00s
[160.458s][info][gc,start       ] GC(930) Pause Young (Allocation Failure)
[160.459s][info][gc,heap        ] GC(930) PSYoungGen: 37984K(38400K)->768K(38400K) Eden: 37376K(37376K)->0K(37376K) From: 608K(1024K)->768K(1024K)
[160.459s][info][gc,heap        ] GC(930) ParOldGen: 7846K(349696K)->7894K(349696K)
[160.459s][info][gc,metaspace   ] GC(930) Metaspace: 9942K(10304K)->9942K(10304K) NonClass: 8640K(8832K)->8640K(8832K) Class: 1302K(1472K)->1302K(1472K)
[160.459s][info][gc             ] GC(930) Pause Young (Allocation Failure) 44M->8M(379M) 0.945ms
[160.459s][info][gc,cpu         ] GC(930) User=0.00s Sys=0.00s Real=0.00s
[160.609s][info][gc,start       ] GC(931) Pause Young (Allocation Failure)
[160.610s][info][gc,heap        ] GC(931) PSYoungGen: 38144K(38400K)->768K(38400K) Eden: 37376K(37376K)->0K(37376K) From: 768K(1024K)->768K(1024K)
[160.610s][info][gc,heap        ] GC(931) ParOldGen: 7894K(349696K)->8086K(349696K)
[160.610s][info][gc,metaspace   ] GC(931) Metaspace: 9942K(10304K)->9942K(10304K) NonClass: 8640K(8832K)->8640K(8832K) Class: 1302K(1472K)->1302K(1472K)
[160.610s][info][gc             ] GC(931) Pause Young (Allocation Failure) 44M->8M(379M) 0.982ms
[160.610s][info][gc,cpu         ] GC(931) User=0.00s Sys=0.00s Real=0.00s
[160.758s][info][gc,start       ] GC(932) Pause Young (Allocation Failure)
[160.759s][info][gc,heap        ] GC(932) PSYoungGen: 38144K(38400K)->608K(38400K) Eden: 37376K(37376K)->0K(37376K) From: 768K(1024K)->608K(1024K)
[160.759s][info][gc,heap        ] GC(932) ParOldGen: 8086K(349696K)->8310K(349696K)
[160.759s][info][gc,metaspace   ] GC(932) Metaspace: 9942K(10304K)->9942K(10304K) NonClass: 8640K(8832K)->8640K(8832K) Class: 1302K(1472K)->1302K(1472K)
[160.759s][info][gc             ] GC(932) Pause Young (Allocation Failure) 45M->8M(379M) 0.983ms
[160.759s][info][gc,cpu         ] GC(932) User=0.00s Sys=0.00s Real=0.00s
[160.912s][info][gc,start       ] GC(933) Pause Young (Allocation Failure)
[160.912s][info][gc,heap        ] GC(933) PSYoungGen: 37984K(38400K)->608K(38400K) Eden: 37376K(37376K)->0K(37376K) From: 608K(1024K)->608K(1024K)
[160.912s][info][gc,heap        ] GC(933) ParOldGen: 8310K(349696K)->8310K(349696K)
[160.913s][info][gc,metaspace   ] GC(933) Metaspace: 9942K(10304K)->9942K(10304K) NonClass: 8640K(8832K)->8640K(8832K) Class: 1302K(1472K)->1302K(1472K)
[160.913s][info][gc             ] GC(933) Pause Young (Allocation Failure) 45M->8M(379M) 0.863ms
[160.913s][info][gc,cpu         ] GC(933) User=0.00s Sys=0.00s Real=0.00s
[161.062s][info][gc,start       ] GC(934) Pause Young (Allocation Failure)
[161.063s][info][gc,heap        ] GC(934) PSYoungGen: 37984K(38400K)->608K(38400K) Eden: 37376K(37376K)->0K(37376K) From: 608K(1024K)->608K(1024K)
[161.063s][info][gc,heap        ] GC(934) ParOldGen: 8310K(349696K)->8310K(349696K)
[161.063s][info][gc,metaspace   ] GC(934) Metaspace: 9942K(10304K)->9942K(10304K) NonClass: 8640K(8832K)->8640K(8832K) Class: 1302K(1472K)->1302K(1472K)
[161.063s][info][gc             ] GC(934) Pause Young (Allocation Failure) 45M->8M(379M) 0.856ms
[161.063s][info][gc,cpu         ] GC(934) User=0.00s Sys=0.00s Real=0.00s
[161.214s][info][gc,start       ] GC(935) Pause Young (Allocation Failure)
[161.214s][info][gc,heap        ] GC(935) PSYoungGen: 37984K(38400K)->576K(38400K) Eden: 37376K(37376K)->0K(37376K) From: 608K(1024K)->576K(1024K)
[161.214s][info][gc,heap        ] GC(935) ParOldGen: 8310K(349696K)->8310K(349696K)
[161.214s][info][gc,metaspace   ] GC(935) Metaspace: 9942K(10304K)->9942K(10304K) NonClass: 8640K(8832K)->8640K(8832K) Class: 1302K(1472K)->1302K(1472K)
[161.214s][info][gc             ] GC(935) Pause Young (Allocation Failure) 45M->8M(379M) 0.861ms
[161.214s][info][gc,cpu         ] GC(935) User=0.00s Sys=0.00s Real=0.00s
[161.371s][info][gc,start       ] GC(936) Pause Young (Allocation Failure)
[161.372s][info][gc,heap        ] GC(936) PSYoungGen: 37952K(38400K)->736K(38400K) Eden: 37376K(37376K)->0K(37376K) From: 576K(1024K)->736K(1024K)
[161.372s][info][gc,heap        ] GC(936) ParOldGen: 8310K(349696K)->8310K(349696K)
[161.372s][info][gc,metaspace   ] GC(936) Metaspace: 9942K(10304K)->9942K(10304K) NonClass: 8640K(8832K)->8640K(8832K) Class: 1302K(1472K)->1302K(1472K)
[161.372s][info][gc             ] GC(936) Pause Young (Allocation Failure) 45M->8M(379M) 0.928ms
[161.372s][info][gc,cpu         ] GC(936) User=0.00s Sys=0.00s Real=0.00s
[161.523s][info][gc,start       ] GC(937) Pause Young (Allocation Failure)
[161.524s][info][gc,heap        ] GC(937) PSYoungGen: 38112K(38400K)->576K(38400K) Eden: 37376K(37376K)->0K(37376K) From: 736K(1024K)->576K(1024K)
[161.524s][info][gc,heap        ] GC(937) ParOldGen: 8310K(349696K)->8310K(349696K)
[161.524s][info][gc,metaspace   ] GC(937) Metaspace: 9942K(10304K)->9942K(10304K) NonClass: 8640K(8832K)->8640K(8832K) Class: 1302K(1472K)->1302K(1472K)
[161.524s][info][gc             ] GC(937) Pause Young (Allocation Failure) 45M->8M(379M) 0.801ms
[161.524s][info][gc,cpu         ] GC(937) User=0.00s Sys=0.00s Real=0.00s
[161.672s][info][gc,start       ] GC(938) Pause Young (Allocation Failure)
[161.672s][info][gc,heap        ] GC(938) PSYoungGen: 37952K(38400K)->576K(38400K) Eden: 37376K(37376K)->0K(37376K) From: 576K(1024K)->576K(1024K)
[161.672s][info][gc,heap        ] GC(938) ParOldGen: 8310K(349696K)->8310K(349696K)
[161.672s][info][gc,metaspace   ] GC(938) Metaspace: 9942K(10304K)->9942K(10304K) NonClass: 8640K(8832K)->8640K(8832K) Class: 1302K(1472K)->1302K(1472K)
[161.672s][info][gc             ] GC(938) Pause Young (Allocation Failure) 45M->8M(379M) 0.870ms
[161.672s][info][gc,cpu         ] GC(938) User=0.00s Sys=0.00s Real=0.00s
[161.819s][info][gc,start       ] GC(939) Pause Young (Allocation Failure)
[161.820s][info][gc,heap        ] GC(939) PSYoungGen: 37952K(38400K)->608K(38400K) Eden: 37376K(37376K)->0K(37376K) From: 576K(1024K)->608K(1024K)
[161.820s][info][gc,heap        ] GC(939) ParOldGen: 8310K(349696K)->8310K(349696K)
[161.820s][info][gc,metaspace   ] GC(939) Metaspace: 9942K(10304K)->9942K(10304K) NonClass: 8640K(8832K)->8640K(8832K) Class: 1302K(1472K)->1302K(1472K)
[161.820s][info][gc             ] GC(939) Pause Young (Allocation Failure) 45M->8M(379M) 0.801ms
[161.820s][info][gc,cpu         ] GC(939) User=0.00s Sys=0.00s Real=0.00s
[161.963s][info][gc,start       ] GC(940) Pause Young (Allocation Failure)
[161.963s][info][gc,heap        ] GC(940) PSYoungGen: 37984K(38400K)->576K(38400K) Eden: 37376K(37376K)->0K(37376K) From: 608K(1024K)->576K(1024K)
[161.963s][info][gc,heap        ] GC(940) ParOldGen: 8310K(349696K)->8310K(349696K)
[161.963s][info][gc,metaspace   ] GC(940) Metaspace: 9942K(10304K)->9942K(10304K) NonClass: 8640K(8832K)->8640K(8832K) Class: 1302K(1472K)->1302K(1472K)
[161.963s][info][gc             ] GC(940) Pause Young (Allocation Failure) 45M->8M(379M) 0.881ms
[161.963s][info][gc,cpu         ] GC(940) User=0.00s Sys=0.00s Real=0.00s
[162.112s][info][gc,start       ] GC(941) Pause Young (Allocation Failure)
[162.113s][info][gc,heap        ] GC(941) PSYoungGen: 37952K(38400K)->608K(38400K) Eden: 37376K(37376K)->0K(37376K) From: 576K(1024K)->608K(1024K)
[162.113s][info][gc,heap        ] GC(941) ParOldGen: 8310K(349696K)->8310K(349696K)
[162.113s][info][gc,metaspace   ] GC(941) Metaspace: 9942K(10304K)->9942K(10304K) NonClass: 8640K(8832K)->8640K(8832K) Class: 1302K(1472K)->1302K(1472K)
[162.113s][info][gc             ] GC(941) Pause Young (Allocation Failure) 45M->8M(379M) 0.887ms
[162.113s][info][gc,cpu         ] GC(941) User=0.00s Sys=0.00s Real=0.00s
[162.260s][info][gc,start       ] GC(942) Pause Young (Allocation Failure)
[162.261s][info][gc,heap        ] GC(942) PSYoungGen: 37984K(38400K)->608K(38400K) Eden: 37376K(37376K)->0K(37376K) From: 608K(1024K)->608K(1024K)
[162.261s][info][gc,heap        ] GC(942) ParOldGen: 8310K(349696K)->8310K(349696K)
[162.261s][info][gc,metaspace   ] GC(942) Metaspace: 9942K(10304K)->9942K(10304K) NonClass: 8640K(8832K)->8640K(8832K) Class: 1302K(1472K)->1302K(1472K)
[162.261s][info][gc             ] GC(942) Pause Young (Allocation Failure) 45M->8M(379M) 0.831ms
[162.261s][info][gc,cpu         ] GC(942) User=0.00s Sys=0.00s Real=0.00s
[162.409s][info][gc,start       ] GC(943) Pause Young (Allocation Failure)
[162.410s][info][gc,heap        ] GC(943) PSYoungGen: 37984K(38400K)->832K(38400K) Eden: 37376K(37376K)->0K(37376K) From: 608K(1024K)->832K(1024K)
[162.410s][info][gc,heap        ] GC(943) ParOldGen: 8310K(349696K)->8398K(349696K)
[162.410s][info][gc,metaspace   ] GC(943) Metaspace: 9942K(10304K)->9942K(10304K) NonClass: 8640K(8832K)->8640K(8832K) Class: 1302K(1472K)->1302K(1472K)
[162.410s][info][gc             ] GC(943) Pause Young (Allocation Failure) 45M->9M(379M) 0.963ms
[162.410s][info][gc,cpu         ] GC(943) User=0.00s Sys=0.00s Real=0.00s
[162.459s][info][gc,start       ] GC(944) Pause Young (System.gc())
[162.460s][info][gc,heap        ] GC(944) PSYoungGen: 12297K(38400K)->512K(38400K) Eden: 11465K(37376K)->0K(37376K) From: 832K(1024K)->512K(1024K)
[162.460s][info][gc,heap        ] GC(944) ParOldGen: 8398K(349696K)->8622K(349696K)
[162.460s][info][gc,metaspace   ] GC(944) Metaspace: 9945K(10304K)->9945K(10304K) NonClass: 8642K(8832K)->8642K(8832K) Class: 1302K(1472K)->1302K(1472K)
[162.460s][info][gc             ] GC(944) Pause Young (System.gc()) 20M->8M(379M) 0.873ms
[162.460s][info][gc,cpu         ] GC(944) User=0.00s Sys=0.00s Real=0.00s
[162.460s][info][gc,start       ] GC(945) Pause Full (System.gc())
[162.460s][info][gc,phases,start] GC(945) Marking Phase
[162.474s][info][gc,phases      ] GC(945) Marking Phase 13.886ms
[162.474s][info][gc,phases,start] GC(945) Summary Phase
[162.474s][info][gc,phases      ] GC(945) Summary Phase 0.030ms
[162.474s][info][gc,phases,start] GC(945) Adjust Roots
[162.478s][info][gc,phases      ] GC(945) Adjust Roots 3.618ms
[162.478s][info][gc,phases,start] GC(945) Compaction Phase
[162.480s][info][gc,phases      ] GC(945) Compaction Phase 2.691ms
[162.480s][info][gc,phases,start] GC(945) Post Compact
[162.481s][info][gc,phases      ] GC(945) Post Compact 0.296ms
[162.481s][info][gc,heap        ] GC(945) PSYoungGen: 512K(38400K)->0K(38400K) Eden: 0K(37376K)->0K(37376K) From: 512K(1024K)->0K(1024K)
[162.481s][info][gc,heap        ] GC(945) ParOldGen: 8622K(349696K)->4078K(349696K)
[162.481s][info][gc,metaspace   ] GC(945) Metaspace: 9945K(10304K)->9945K(10304K) NonClass: 8642K(8832K)->8642K(8832K) Class: 1302K(1472K)->1302K(1472K)
[162.481s][info][gc             ] GC(945) Pause Full (System.gc()) 8M->3M(379M) 20.919ms
[162.481s][info][gc,cpu         ] GC(945) User=0.16s Sys=0.00s Real=0.03s
[162.637s][info][gc,start       ] GC(946) Pause Young (Allocation Failure)
[162.638s][info][gc,heap        ] GC(946) PSYoungGen: 37376K(38400K)->1024K(37888K) Eden: 37376K(37376K)->0K(36864K) From: 0K(1024K)->1024K(1024K)
[162.638s][info][gc,heap        ] GC(946) ParOldGen: 4078K(349696K)->4206K(349696K)
[162.638s][info][gc,metaspace   ] GC(946) Metaspace: 9945K(10304K)->9945K(10304K) NonClass: 8642K(8832K)->8642K(8832K) Class: 1302K(1472K)->1302K(1472K)
[162.638s][info][gc             ] GC(946) Pause Young (Allocation Failure) 40M->5M(378M) 1.295ms
[162.638s][info][gc,cpu         ] GC(946) User=0.00s Sys=0.00s Real=0.00s
[162.791s][info][gc,start       ] GC(947) Pause Young (Allocation Failure)
[162.792s][info][gc,heap        ] GC(947) PSYoungGen: 37888K(37888K)->1024K(38400K) Eden: 36864K(36864K)->0K(36864K) From: 1024K(1024K)->1024K(1536K)
[162.792s][info][gc,heap        ] GC(947) ParOldGen: 4206K(349696K)->4558K(349696K)
[162.792s][info][gc,metaspace   ] GC(947) Metaspace: 9945K(10304K)->9945K(10304K) NonClass: 8642K(8832K)->8642K(8832K) Class: 1302K(1472K)->1302K(1472K)
[162.792s][info][gc             ] GC(947) Pause Young (Allocation Failure) 41M->5M(379M) 1.246ms
[162.792s][info][gc,cpu         ] GC(947) User=0.00s Sys=0.00s Real=0.00s
[162.935s][info][gc,start       ] GC(948) Pause Young (Allocation Failure)
[162.936s][info][gc,heap        ] GC(948) PSYoungGen: 37888K(38400K)->928K(38400K) Eden: 36864K(36864K)->0K(36864K) From: 1024K(1536K)->928K(1536K)
[162.936s][info][gc,heap        ] GC(948) ParOldGen: 4558K(349696K)->4934K(349696K)
[162.936s][info][gc,metaspace   ] GC(948) Metaspace: 9945K(10304K)->9945K(10304K) NonClass: 8642K(8832K)->8642K(8832K) Class: 1302K(1472K)->1302K(1472K)
[162.936s][info][gc             ] GC(948) Pause Young (Allocation Failure) 41M->5M(379M) 1.315ms
[162.936s][info][gc,cpu         ] GC(948) User=0.00s Sys=0.00s Real=0.00s
[163.081s][info][gc,start       ] GC(949) Pause Young (Allocation Failure)
[163.082s][info][gc,heap        ] GC(949) PSYoungGen: 37792K(38400K)->832K(38400K) Eden: 36864K(36864K)->0K(36864K) From: 928K(1536K)->832K(1536K)
[163.082s][info][gc,heap        ] GC(949) ParOldGen: 4934K(349696K)->5046K(349696K)
[163.082s][info][gc,metaspace   ] GC(949) Metaspace: 9945K(10304K)->9945K(10304K) NonClass: 8642K(8832K)->8642K(8832K) Class: 1302K(1472K)->1302K(1472K)
[163.082s][info][gc             ] GC(949) Pause Young (Allocation Failure) 41M->5M(379M) 1.010ms
[163.082s][info][gc,cpu         ] GC(949) User=0.00s Sys=0.00s Real=0.00s
[163.229s][info][gc,start       ] GC(950) Pause Young (Allocation Failure)
[163.230s][info][gc,heap        ] GC(950) PSYoungGen: 37696K(38400K)->832K(38400K) Eden: 36864K(36864K)->0K(36864K) From: 832K(1536K)->832K(1536K)
[163.230s][info][gc,heap        ] GC(950) ParOldGen: 5046K(349696K)->5062K(349696K)
[163.230s][info][gc,metaspace   ] GC(950) Metaspace: 9945K(10304K)->9945K(10304K) NonClass: 8642K(8832K)->8642K(8832K) Class: 1302K(1472K)->1302K(1472K)
[163.230s][info][gc             ] GC(950) Pause Young (Allocation Failure) 41M->5M(379M) 0.983ms
[163.230s][info][gc,cpu         ] GC(950) User=0.00s Sys=0.00s Real=0.00s
[163.380s][info][gc,start       ] GC(951) Pause Young (Allocation Failure)
[163.381s][info][gc,heap        ] GC(951) PSYoungGen: 37696K(38400K)->960K(38400K) Eden: 36864K(36864K)->0K(36864K) From: 832K(1536K)->960K(1536K)
[163.381s][info][gc,heap        ] GC(951) ParOldGen: 5062K(349696K)->5094K(349696K)
[163.382s][info][gc,metaspace   ] GC(951) Metaspace: 9945K(10304K)->9945K(10304K) NonClass: 8642K(8832K)->8642K(8832K) Class: 1302K(1472K)->1302K(1472K)
[163.382s][info][gc             ] GC(951) Pause Young (Allocation Failure) 41M->5M(379M) 1.072ms
[163.382s][info][gc,cpu         ] GC(951) User=0.00s Sys=0.00s Real=0.00s
[163.531s][info][gc,start       ] GC(952) Pause Young (Allocation Failure)
[163.532s][info][gc,heap        ] GC(952) PSYoungGen: 37824K(38400K)->704K(38400K) Eden: 36864K(36864K)->0K(36864K) From: 960K(1536K)->704K(1536K)
[163.532s][info][gc,heap        ] GC(952) ParOldGen: 5094K(349696K)->5318K(349696K)
[163.532s][info][gc,metaspace   ] GC(952) Metaspace: 9945K(10304K)->9945K(10304K) NonClass: 8642K(8832K)->8642K(8832K) Class: 1302K(1472K)->1302K(1472K)
[163.532s][info][gc             ] GC(952) Pause Young (Allocation Failure) 41M->5M(379M) 1.043ms
[163.532s][info][gc,cpu         ] GC(952) User=0.00s Sys=0.00s Real=0.00s
[163.689s][info][gc,start       ] GC(953) Pause Young (Allocation Failure)
[163.690s][info][gc,heap        ] GC(953) PSYoungGen: 37568K(38400K)->576K(38400K) Eden: 36864K(36864K)->0K(36864K) From: 704K(1536K)->576K(1536K)
[163.690s][info][gc,heap        ] GC(953) ParOldGen: 5318K(349696K)->5550K(349696K)
[163.690s][info][gc,metaspace   ] GC(953) Metaspace: 9945K(10304K)->9945K(10304K) NonClass: 8642K(8832K)->8642K(8832K) Class: 1302K(1472K)->1302K(1472K)
[163.690s][info][gc             ] GC(953) Pause Young (Allocation Failure) 41M->5M(379M) 0.995ms
[163.690s][info][gc,cpu         ] GC(953) User=0.00s Sys=0.00s Real=0.00s
[163.837s][info][gc,start       ] GC(954) Pause Young (Allocation Failure)
[163.838s][info][gc,heap        ] GC(954) PSYoungGen: 37440K(38400K)->576K(38400K) Eden: 36864K(36864K)->0K(36864K) From: 576K(1536K)->576K(1536K)
[163.838s][info][gc,heap        ] GC(954) ParOldGen: 5550K(349696K)->5550K(349696K)
[163.838s][info][gc,metaspace   ] GC(954) Metaspace: 9945K(10304K)->9945K(10304K) NonClass: 8642K(8832K)->8642K(8832K) Class: 1302K(1472K)->1302K(1472K)
[163.838s][info][gc             ] GC(954) Pause Young (Allocation Failure) 41M->5M(379M) 0.861ms
[163.838s][info][gc,cpu         ] GC(954) User=0.00s Sys=0.00s Real=0.00s
[163.986s][info][gc,start       ] GC(955) Pause Young (Allocation Failure)
[163.987s][info][gc,heap        ] GC(955) PSYoungGen: 37440K(38400K)->864K(38400K) Eden: 36864K(36864K)->0K(36864K) From: 576K(1536K)->864K(1536K)
[163.987s][info][gc,heap        ] GC(955) ParOldGen: 5550K(349696K)->5550K(349696K)
[163.987s][info][gc,metaspace   ] GC(955) Metaspace: 9945K(10304K)->9945K(10304K) NonClass: 8642K(8832K)->8642K(8832K) Class: 1302K(1472K)->1302K(1472K)
[163.987s][info][gc             ] GC(955) Pause Young (Allocation Failure) 41M->6M(379M) 0.972ms
[163.987s][info][gc,cpu         ] GC(955) User=0.00s Sys=0.00s Real=0.00s
[164.139s][info][gc,start       ] GC(956) Pause Young (Allocation Failure)
[164.141s][info][gc,heap        ] GC(956) PSYoungGen: 37728K(38400K)->480K(38400K) Eden: 36864K(36864K)->0K(36864K) From: 864K(1536K)->480K(1536K)
[164.141s][info][gc,heap        ] GC(956) ParOldGen: 5550K(349696K)->5982K(349696K)
[164.141s][info][gc,metaspace   ] GC(956) Metaspace: 9945K(10304K)->9945K(10304K) NonClass: 8642K(8832K)->8642K(8832K) Class: 1302K(1472K)->1302K(1472K)
[164.141s][info][gc             ] GC(956) Pause Young (Allocation Failure) 42M->6M(379M) 1.216ms
[164.141s][info][gc,cpu         ] GC(956) User=0.14s Sys=0.00s Real=0.02s
[164.285s][info][gc,start       ] GC(957) Pause Young (Allocation Failure)
[164.286s][info][gc,heap        ] GC(957) PSYoungGen: 37344K(38400K)->576K(38400K) Eden: 36864K(36864K)->0K(36864K) From: 480K(1536K)->576K(1536K)
[164.286s][info][gc,heap        ] GC(957) ParOldGen: 5982K(349696K)->5982K(349696K)
[164.286s][info][gc,metaspace   ] GC(957) Metaspace: 9945K(10304K)->9945K(10304K) NonClass: 8642K(8832K)->8642K(8832K) Class: 1302K(1472K)->1302K(1472K)
[164.286s][info][gc             ] GC(957) Pause Young (Allocation Failure) 42M->6M(379M) 0.866ms
[164.286s][info][gc,cpu         ] GC(957) User=0.00s Sys=0.00s Real=0.00s
[164.439s][info][gc,start       ] GC(958) Pause Young (Allocation Failure)
[164.440s][info][gc,heap        ] GC(958) PSYoungGen: 37440K(38400K)->576K(38400K) Eden: 36864K(36864K)->0K(36864K) From: 576K(1536K)->576K(1536K)
[164.440s][info][gc,heap        ] GC(958) ParOldGen: 5982K(349696K)->5982K(349696K)
[164.440s][info][gc,metaspace   ] GC(958) Metaspace: 9945K(10304K)->9945K(10304K) NonClass: 8642K(8832K)->8642K(8832K) Class: 1302K(1472K)->1302K(1472K)
[164.440s][info][gc             ] GC(958) Pause Young (Allocation Failure) 42M->6M(379M) 0.860ms
[164.440s][info][gc,cpu         ] GC(958) User=0.00s Sys=0.00s Real=0.00s
[164.585s][info][gc,start       ] GC(959) Pause Young (Allocation Failure)
[164.586s][info][gc,heap        ] GC(959) PSYoungGen: 37440K(38400K)->576K(38400K) Eden: 36864K(36864K)->0K(36864K) From: 576K(1536K)->576K(1536K)
[164.586s][info][gc,heap        ] GC(959) ParOldGen: 5982K(349696K)->5982K(349696K)
[164.586s][info][gc,metaspace   ] GC(959) Metaspace: 9945K(10304K)->9945K(10304K) NonClass: 8642K(8832K)->8642K(8832K) Class: 1302K(1472K)->1302K(1472K)
[164.586s][info][gc             ] GC(959) Pause Young (Allocation Failure) 42M->6M(379M) 0.890ms
[164.586s][info][gc,cpu         ] GC(959) User=0.14s Sys=0.00s Real=0.02s
[164.730s][info][gc,start       ] GC(960) Pause Young (Allocation Failure)
[164.731s][info][gc,heap        ] GC(960) PSYoungGen: 37440K(38400K)->576K(38400K) Eden: 36864K(36864K)->0K(36864K) From: 576K(1536K)->576K(1536K)
[164.731s][info][gc,heap        ] GC(960) ParOldGen: 5982K(349696K)->5982K(349696K)
[164.731s][info][gc,metaspace   ] GC(960) Metaspace: 9945K(10304K)->9945K(10304K) NonClass: 8642K(8832K)->8642K(8832K) Class: 1302K(1472K)->1302K(1472K)
[164.731s][info][gc             ] GC(960) Pause Young (Allocation Failure) 42M->6M(379M) 0.974ms
[164.731s][info][gc,cpu         ] GC(960) User=0.00s Sys=0.00s Real=0.00s
[164.879s][info][gc,start       ] GC(961) Pause Young (Allocation Failure)
[164.880s][info][gc,heap        ] GC(961) PSYoungGen: 37440K(38400K)->800K(38400K) Eden: 36864K(36864K)->0K(36864K) From: 576K(1536K)->800K(1536K)
[164.880s][info][gc,heap        ] GC(961) ParOldGen: 5982K(349696K)->6006K(349696K)
[164.880s][info][gc,metaspace   ] GC(961) Metaspace: 9945K(10304K)->9945K(10304K) NonClass: 8642K(8832K)->8642K(8832K) Class: 1302K(1472K)->1302K(1472K)
[164.880s][info][gc             ] GC(961) Pause Young (Allocation Failure) 42M->6M(379M) 0.993ms
[164.880s][info][gc,cpu         ] GC(961) User=0.00s Sys=0.00s Real=0.00s
[165.030s][info][gc,start       ] GC(962) Pause Young (Allocation Failure)
[165.031s][info][gc,heap        ] GC(962) PSYoungGen: 37664K(38400K)->640K(38400K) Eden: 36864K(36864K)->0K(36864K) From: 800K(1536K)->640K(1536K)
[165.031s][info][gc,heap        ] GC(962) ParOldGen: 6006K(349696K)->6230K(349696K)
[165.031s][info][gc,metaspace   ] GC(962) Metaspace: 9945K(10304K)->9945K(10304K) NonClass: 8642K(8832K)->8642K(8832K) Class: 1302K(1472K)->1302K(1472K)
[165.031s][info][gc             ] GC(962) Pause Young (Allocation Failure) 42M->6M(379M) 1.019ms
[165.031s][info][gc,cpu         ] GC(962) User=0.00s Sys=0.00s Real=0.00s
[165.183s][info][gc,start       ] GC(963) Pause Young (Allocation Failure)
[165.183s][info][gc,heap        ] GC(963) PSYoungGen: 37504K(38400K)->576K(38400K) Eden: 36864K(36864K)->0K(36864K) From: 640K(1536K)->576K(1536K)
[165.184s][info][gc,heap        ] GC(963) ParOldGen: 6230K(349696K)->6230K(349696K)
[165.184s][info][gc,metaspace   ] GC(963) Metaspace: 9945K(10304K)->9945K(10304K) NonClass: 8642K(8832K)->8642K(8832K) Class: 1302K(1472K)->1302K(1472K)
[165.184s][info][gc             ] GC(963) Pause Young (Allocation Failure) 42M->6M(379M) 0.878ms
[165.184s][info][gc,cpu         ] GC(963) User=0.00s Sys=0.00s Real=0.00s
[165.335s][info][gc,start       ] GC(964) Pause Young (Allocation Failure)
[165.336s][info][gc,heap        ] GC(964) PSYoungGen: 37440K(38400K)->640K(37888K) Eden: 36864K(36864K)->0K(36864K) From: 576K(1536K)->640K(1024K)
[165.336s][info][gc,heap        ] GC(964) ParOldGen: 6230K(349696K)->6230K(349696K)
[165.336s][info][gc,metaspace   ] GC(964) Metaspace: 9945K(10304K)->9945K(10304K) NonClass: 8642K(8832K)->8642K(8832K) Class: 1302K(1472K)->1302K(1472K)
[165.336s][info][gc             ] GC(964) Pause Young (Allocation Failure) 42M->6M(378M) 0.903ms
[165.336s][info][gc,cpu         ] GC(964) User=0.00s Sys=0.00s Real=0.00s
[165.483s][info][gc,start       ] GC(965) Pause Young (Allocation Failure)
[165.484s][info][gc,heap        ] GC(965) PSYoungGen: 37504K(37888K)->608K(37888K) Eden: 36864K(36864K)->0K(36864K) From: 640K(1024K)->608K(1024K)
[165.484s][info][gc,heap        ] GC(965) ParOldGen: 6230K(349696K)->6238K(349696K)
[165.484s][info][gc,metaspace   ] GC(965) Metaspace: 9945K(10304K)->9945K(10304K) NonClass: 8642K(8832K)->8642K(8832K) Class: 1302K(1472K)->1302K(1472K)
[165.484s][info][gc             ] GC(965) Pause Young (Allocation Failure) 42M->6M(378M) 1.097ms
[165.484s][info][gc,cpu         ] GC(965) User=0.14s Sys=0.00s Real=0.02s
[165.636s][info][gc,start       ] GC(966) Pause Young (Allocation Failure)
[165.637s][info][gc,heap        ] GC(966) PSYoungGen: 37472K(37888K)->512K(37376K) Eden: 36864K(36864K)->0K(36864K) From: 608K(1024K)->512K(512K)
[165.637s][info][gc,heap        ] GC(966) ParOldGen: 6238K(349696K)->6270K(349696K)
[165.637s][info][gc,metaspace   ] GC(966) Metaspace: 9945K(10304K)->9945K(10304K) NonClass: 8642K(8832K)->8642K(8832K) Class: 1302K(1472K)->1302K(1472K)
[165.637s][info][gc             ] GC(966) Pause Young (Allocation Failure) 42M->6M(378M) 0.858ms
[165.637s][info][gc,cpu         ] GC(966) User=0.00s Sys=0.00s Real=0.00s
[165.791s][info][gc,start       ] GC(967) Pause Young (Allocation Failure)
[165.792s][info][gc,heap        ] GC(967) PSYoungGen: 37376K(37376K)->672K(37888K) Eden: 36864K(36864K)->0K(36864K) From: 512K(512K)->672K(1024K)
[165.792s][info][gc,heap        ] GC(967) ParOldGen: 6270K(349696K)->6462K(349696K)
[165.792s][info][gc,metaspace   ] GC(967) Metaspace: 9945K(10304K)->9945K(10304K) NonClass: 8642K(8832K)->8642K(8832K) Class: 1302K(1472K)->1302K(1472K)
[165.792s][info][gc             ] GC(967) Pause Young (Allocation Failure) 42M->6M(378M) 1.080ms
[165.792s][info][gc,cpu         ] GC(967) User=0.00s Sys=0.00s Real=0.00s
[165.938s][info][gc,start       ] GC(968) Pause Young (Allocation Failure)
[165.938s][info][gc,heap        ] GC(968) PSYoungGen: 37536K(37888K)->512K(37888K) Eden: 36864K(36864K)->0K(36864K) From: 672K(1024K)->512K(1024K)
[165.938s][info][gc,heap        ] GC(968) ParOldGen: 6462K(349696K)->6518K(349696K)
[165.938s][info][gc,metaspace   ] GC(968) Metaspace: 9945K(10304K)->9945K(10304K) NonClass: 8642K(8832K)->8642K(8832K) Class: 1302K(1472K)->1302K(1472K)
[165.938s][info][gc             ] GC(968) Pause Young (Allocation Failure) 42M->6M(378M) 0.863ms
[165.938s][info][gc,cpu         ] GC(968) User=0.00s Sys=0.00s Real=0.00s
[166.087s][info][gc,start       ] GC(969) Pause Young (Allocation Failure)
[166.088s][info][gc,heap        ] GC(969) PSYoungGen: 37376K(37888K)->576K(37888K) Eden: 36864K(36864K)->0K(36864K) From: 512K(1024K)->576K(1024K)
[166.088s][info][gc,heap        ] GC(969) ParOldGen: 6518K(349696K)->6518K(349696K)
[166.088s][info][gc,metaspace   ] GC(969) Metaspace: 9945K(10304K)->9945K(10304K) NonClass: 8642K(8832K)->8642K(8832K) Class: 1302K(1472K)->1302K(1472K)
[166.088s][info][gc             ] GC(969) Pause Young (Allocation Failure) 42M->6M(378M) 0.852ms
[166.088s][info][gc,cpu         ] GC(969) User=0.00s Sys=0.00s Real=0.00s
[166.240s][info][gc,start       ] GC(970) Pause Young (Allocation Failure)
[166.241s][info][gc,heap        ] GC(970) PSYoungGen: 37440K(37888K)->608K(37888K) Eden: 36864K(36864K)->0K(36864K) From: 576K(1024K)->608K(1024K)
[166.241s][info][gc,heap        ] GC(970) ParOldGen: 6518K(349696K)->6518K(349696K)
[166.241s][info][gc,metaspace   ] GC(970) Metaspace: 9945K(10304K)->9945K(10304K) NonClass: 8642K(8832K)->8642K(8832K) Class: 1302K(1472K)->1302K(1472K)
[166.241s][info][gc             ] GC(970) Pause Young (Allocation Failure) 42M->6M(378M) 0.891ms
[166.241s][info][gc,cpu         ] GC(970) User=0.00s Sys=0.00s Real=0.00s
[166.386s][info][gc,start       ] GC(971) Pause Young (Allocation Failure)
[166.386s][info][gc,heap        ] GC(971) PSYoungGen: 37472K(37888K)->544K(37888K) Eden: 36864K(36864K)->0K(36864K) From: 608K(1024K)->544K(1024K)
[166.386s][info][gc,heap        ] GC(971) ParOldGen: 6518K(349696K)->6518K(349696K)
[166.386s][info][gc,metaspace   ] GC(971) Metaspace: 9945K(10304K)->9945K(10304K) NonClass: 8642K(8832K)->8642K(8832K) Class: 1302K(1472K)->1302K(1472K)
[166.386s][info][gc             ] GC(971) Pause Young (Allocation Failure) 42M->6M(378M) 0.854ms
[166.386s][info][gc,cpu         ] GC(971) User=0.00s Sys=0.00s Real=0.00s
[166.533s][info][gc,start       ] GC(972) Pause Young (Allocation Failure)
[166.534s][info][gc,heap        ] GC(972) PSYoungGen: 37408K(37888K)->640K(37888K) Eden: 36864K(36864K)->0K(36864K) From: 544K(1024K)->640K(1024K)
[166.534s][info][gc,heap        ] GC(972) ParOldGen: 6518K(349696K)->6518K(349696K)
[166.534s][info][gc,metaspace   ] GC(972) Metaspace: 9945K(10304K)->9945K(10304K) NonClass: 8642K(8832K)->8642K(8832K) Class: 1302K(1472K)->1302K(1472K)
[166.534s][info][gc             ] GC(972) Pause Young (Allocation Failure) 42M->6M(378M) 0.858ms
[166.534s][info][gc,cpu         ] GC(972) User=0.00s Sys=0.00s Real=0.00s
[166.688s][info][gc,start       ] GC(973) Pause Young (Allocation Failure)
[166.689s][info][gc,heap        ] GC(973) PSYoungGen: 37504K(37888K)->576K(37888K) Eden: 36864K(36864K)->0K(36864K) From: 640K(1024K)->576K(1024K)
[166.689s][info][gc,heap        ] GC(973) ParOldGen: 6518K(349696K)->6518K(349696K)
[166.689s][info][gc,metaspace   ] GC(973) Metaspace: 9945K(10304K)->9945K(10304K) NonClass: 8642K(8832K)->8642K(8832K) Class: 1302K(1472K)->1302K(1472K)
[166.689s][info][gc             ] GC(973) Pause Young (Allocation Failure) 42M->6M(378M) 0.834ms
[166.689s][info][gc,cpu         ] GC(973) User=0.00s Sys=0.00s Real=0.00s
[166.835s][info][gc,start       ] GC(974) Pause Young (Allocation Failure)
[166.836s][info][gc,heap        ] GC(974) PSYoungGen: 37440K(37888K)->608K(37888K) Eden: 36864K(36864K)->0K(36864K) From: 576K(1024K)->608K(1024K)
[166.836s][info][gc,heap        ] GC(974) ParOldGen: 6518K(349696K)->6518K(349696K)
[166.836s][info][gc,metaspace   ] GC(974) Metaspace: 9945K(10304K)->9945K(10304K) NonClass: 8642K(8832K)->8642K(8832K) Class: 1302K(1472K)->1302K(1472K)
[166.836s][info][gc             ] GC(974) Pause Young (Allocation Failure) 42M->6M(378M) 0.858ms
[166.836s][info][gc,cpu         ] GC(974) User=0.00s Sys=0.00s Real=0.00s
[166.984s][info][gc,start       ] GC(975) Pause Young (Allocation Failure)
[166.985s][info][gc,heap        ] GC(975) PSYoungGen: 37472K(37888K)->576K(37888K) Eden: 36864K(36864K)->0K(36864K) From: 608K(1024K)->576K(1024K)
[166.985s][info][gc,heap        ] GC(975) ParOldGen: 6518K(349696K)->6518K(349696K)
[166.985s][info][gc,metaspace   ] GC(975) Metaspace: 9945K(10304K)->9945K(10304K) NonClass: 8642K(8832K)->8642K(8832K) Class: 1302K(1472K)->1302K(1472K)
[166.985s][info][gc             ] GC(975) Pause Young (Allocation Failure) 42M->6M(378M) 0.928ms
[166.985s][info][gc,cpu         ] GC(975) User=0.00s Sys=0.00s Real=0.00s
[167.131s][info][gc,start       ] GC(976) Pause Young (Allocation Failure)
[167.132s][info][gc,heap        ] GC(976) PSYoungGen: 37440K(37888K)->576K(37888K) Eden: 36864K(36864K)->0K(36864K) From: 576K(1024K)->576K(1024K)
[167.132s][info][gc,heap        ] GC(976) ParOldGen: 6518K(349696K)->6518K(349696K)
[167.132s][info][gc,metaspace   ] GC(976) Metaspace: 9945K(10304K)->9945K(10304K) NonClass: 8642K(8832K)->8642K(8832K) Class: 1302K(1472K)->1302K(1472K)
[167.132s][info][gc             ] GC(976) Pause Young (Allocation Failure) 42M->6M(378M) 0.880ms
[167.132s][info][gc,cpu         ] GC(976) User=0.00s Sys=0.00s Real=0.00s
[167.273s][info][gc,start       ] GC(977) Pause Young (Allocation Failure)
[167.273s][info][gc,heap        ] GC(977) PSYoungGen: 37440K(37888K)->608K(37888K) Eden: 36864K(36864K)->0K(36864K) From: 576K(1024K)->608K(1024K)
[167.273s][info][gc,heap        ] GC(977) ParOldGen: 6518K(349696K)->6518K(349696K)
[167.273s][info][gc,metaspace   ] GC(977) Metaspace: 9945K(10304K)->9945K(10304K) NonClass: 8642K(8832K)->8642K(8832K) Class: 1302K(1472K)->1302K(1472K)
[167.274s][info][gc             ] GC(977) Pause Young (Allocation Failure) 42M->6M(378M) 0.868ms
[167.274s][info][gc,cpu         ] GC(977) User=0.00s Sys=0.00s Real=0.00s
[167.422s][info][gc,start       ] GC(978) Pause Young (Allocation Failure)
[167.423s][info][gc,heap        ] GC(978) PSYoungGen: 37472K(37888K)->576K(37888K) Eden: 36864K(36864K)->0K(36864K) From: 608K(1024K)->576K(1024K)
[167.423s][info][gc,heap        ] GC(978) ParOldGen: 6518K(349696K)->6518K(349696K)
[167.423s][info][gc,metaspace   ] GC(978) Metaspace: 9945K(10304K)->9945K(10304K) NonClass: 8642K(8832K)->8642K(8832K) Class: 1302K(1472K)->1302K(1472K)
[167.423s][info][gc             ] GC(978) Pause Young (Allocation Failure) 42M->6M(378M) 0.829ms
[167.423s][info][gc,cpu         ] GC(978) User=0.00s Sys=0.00s Real=0.00s
[167.580s][info][gc,start       ] GC(979) Pause Young (Allocation Failure)
[167.581s][info][gc,heap        ] GC(979) PSYoungGen: 37440K(37888K)->576K(37888K) Eden: 36864K(36864K)->0K(36864K) From: 576K(1024K)->576K(1024K)
[167.581s][info][gc,heap        ] GC(979) ParOldGen: 6518K(349696K)->6518K(349696K)
[167.581s][info][gc,metaspace   ] GC(979) Metaspace: 9945K(10304K)->9945K(10304K) NonClass: 8642K(8832K)->8642K(8832K) Class: 1302K(1472K)->1302K(1472K)
[167.581s][info][gc             ] GC(979) Pause Young (Allocation Failure) 42M->6M(378M) 0.874ms
[167.581s][info][gc,cpu         ] GC(979) User=0.00s Sys=0.00s Real=0.00s
[167.732s][info][gc,start       ] GC(980) Pause Young (Allocation Failure)
[167.733s][info][gc,heap        ] GC(980) PSYoungGen: 37440K(37888K)->608K(37888K) Eden: 36864K(36864K)->0K(36864K) From: 576K(1024K)->608K(1024K)
[167.733s][info][gc,heap        ] GC(980) ParOldGen: 6518K(349696K)->6518K(349696K)
[167.733s][info][gc,metaspace   ] GC(980) Metaspace: 9945K(10304K)->9945K(10304K) NonClass: 8642K(8832K)->8642K(8832K) Class: 1302K(1472K)->1302K(1472K)
[167.733s][info][gc             ] GC(980) Pause Young (Allocation Failure) 42M->6M(378M) 0.887ms
[167.733s][info][gc,cpu         ] GC(980) User=0.00s Sys=0.00s Real=0.00s
[167.885s][info][gc,start       ] GC(981) Pause Young (Allocation Failure)
[167.885s][info][gc,heap        ] GC(981) PSYoungGen: 37472K(37888K)->576K(37888K) Eden: 36864K(36864K)->0K(36864K) From: 608K(1024K)->576K(1024K)
[167.885s][info][gc,heap        ] GC(981) ParOldGen: 6518K(349696K)->6518K(349696K)
[167.885s][info][gc,metaspace   ] GC(981) Metaspace: 9945K(10304K)->9945K(10304K) NonClass: 8642K(8832K)->8642K(8832K) Class: 1302K(1472K)->1302K(1472K)
[167.885s][info][gc             ] GC(981) Pause Young (Allocation Failure) 42M->6M(378M) 0.870ms
[167.885s][info][gc,cpu         ] GC(981) User=0.00s Sys=0.00s Real=0.00s
[168.035s][info][gc,start       ] GC(982) Pause Young (Allocation Failure)
[168.036s][info][gc,heap        ] GC(982) PSYoungGen: 37440K(37888K)->608K(37888K) Eden: 36864K(36864K)->0K(36864K) From: 576K(1024K)->608K(1024K)
[168.036s][info][gc,heap        ] GC(982) ParOldGen: 6518K(349696K)->6518K(349696K)
[168.036s][info][gc,metaspace   ] GC(982) Metaspace: 9945K(10304K)->9945K(10304K) NonClass: 8642K(8832K)->8642K(8832K) Class: 1302K(1472K)->1302K(1472K)
[168.036s][info][gc             ] GC(982) Pause Young (Allocation Failure) 42M->6M(378M) 0.893ms
[168.036s][info][gc,cpu         ] GC(982) User=0.00s Sys=0.00s Real=0.00s
[168.183s][info][gc,start       ] GC(983) Pause Young (Allocation Failure)
[168.184s][info][gc,heap        ] GC(983) PSYoungGen: 37472K(37888K)->576K(37888K) Eden: 36864K(36864K)->0K(36864K) From: 608K(1024K)->576K(1024K)
[168.184s][info][gc,heap        ] GC(983) ParOldGen: 6518K(349696K)->6518K(349696K)
[168.184s][info][gc,metaspace   ] GC(983) Metaspace: 9945K(10304K)->9945K(10304K) NonClass: 8642K(8832K)->8642K(8832K) Class: 1302K(1472K)->1302K(1472K)
[168.184s][info][gc             ] GC(983) Pause Young (Allocation Failure) 42M->6M(378M) 0.874ms
[168.184s][info][gc,cpu         ] GC(983) User=0.00s Sys=0.00s Real=0.00s
[168.331s][info][gc,start       ] GC(984) Pause Young (Allocation Failure)
[168.332s][info][gc,heap        ] GC(984) PSYoungGen: 37440K(37888K)->576K(37888K) Eden: 36864K(36864K)->0K(36864K) From: 576K(1024K)->576K(1024K)
[168.332s][info][gc,heap        ] GC(984) ParOldGen: 6518K(349696K)->6518K(349696K)
[168.332s][info][gc,metaspace   ] GC(984) Metaspace: 9945K(10304K)->9945K(10304K) NonClass: 8642K(8832K)->8642K(8832K) Class: 1302K(1472K)->1302K(1472K)
[168.332s][info][gc             ] GC(984) Pause Young (Allocation Failure) 42M->6M(378M) 0.917ms
[168.332s][info][gc,cpu         ] GC(984) User=0.00s Sys=0.02s Real=0.02s
[168.482s][info][gc,start       ] GC(985) Pause Young (Allocation Failure)
[168.483s][info][gc,heap        ] GC(985) PSYoungGen: 37440K(37888K)->608K(37888K) Eden: 36864K(36864K)->0K(36864K) From: 576K(1024K)->608K(1024K)
[168.483s][info][gc,heap        ] GC(985) ParOldGen: 6518K(349696K)->6518K(349696K)
[168.483s][info][gc,metaspace   ] GC(985) Metaspace: 9945K(10304K)->9945K(10304K) NonClass: 8642K(8832K)->8642K(8832K) Class: 1302K(1472K)->1302K(1472K)
[168.483s][info][gc             ] GC(985) Pause Young (Allocation Failure) 42M->6M(378M) 0.835ms
[168.483s][info][gc,cpu         ] GC(985) User=0.00s Sys=0.00s Real=0.00s
[168.631s][info][gc,start       ] GC(986) Pause Young (Allocation Failure)
[168.632s][info][gc,heap        ] GC(986) PSYoungGen: 37472K(37888K)->576K(37888K) Eden: 36864K(36864K)->0K(36864K) From: 608K(1024K)->576K(1024K)
[168.632s][info][gc,heap        ] GC(986) ParOldGen: 6518K(349696K)->6518K(349696K)
[168.632s][info][gc,metaspace   ] GC(986) Metaspace: 9945K(10304K)->9945K(10304K) NonClass: 8642K(8832K)->8642K(8832K) Class: 1302K(1472K)->1302K(1472K)
[168.632s][info][gc             ] GC(986) Pause Young (Allocation Failure) 42M->6M(378M) 0.854ms
[168.632s][info][gc,cpu         ] GC(986) User=0.00s Sys=0.00s Real=0.00s
[168.782s][info][gc,start       ] GC(987) Pause Young (Allocation Failure)
[168.783s][info][gc,heap        ] GC(987) PSYoungGen: 37440K(37888K)->608K(37888K) Eden: 36864K(36864K)->0K(36864K) From: 576K(1024K)->608K(1024K)
[168.783s][info][gc,heap        ] GC(987) ParOldGen: 6518K(349696K)->6518K(349696K)
[168.783s][info][gc,metaspace   ] GC(987) Metaspace: 9945K(10304K)->9945K(10304K) NonClass: 8642K(8832K)->8642K(8832K) Class: 1302K(1472K)->1302K(1472K)
[168.783s][info][gc             ] GC(987) Pause Young (Allocation Failure) 42M->6M(378M) 0.853ms
[168.783s][info][gc,cpu         ] GC(987) User=0.00s Sys=0.00s Real=0.00s
[168.937s][info][gc,start       ] GC(988) Pause Young (Allocation Failure)
[168.938s][info][gc,heap        ] GC(988) PSYoungGen: 37472K(37888K)->576K(37888K) Eden: 36864K(36864K)->0K(36864K) From: 608K(1024K)->576K(1024K)
[168.938s][info][gc,heap        ] GC(988) ParOldGen: 6518K(349696K)->6518K(349696K)
[168.938s][info][gc,metaspace   ] GC(988) Metaspace: 9945K(10304K)->9945K(10304K) NonClass: 8642K(8832K)->8642K(8832K) Class: 1302K(1472K)->1302K(1472K)
[168.938s][info][gc             ] GC(988) Pause Young (Allocation Failure) 42M->6M(378M) 0.799ms
[168.938s][info][gc,cpu         ] GC(988) User=0.00s Sys=0.00s Real=0.00s
[169.090s][info][gc,start       ] GC(989) Pause Young (Allocation Failure)
[169.090s][info][gc,heap        ] GC(989) PSYoungGen: 37440K(37888K)->768K(37888K) Eden: 36864K(36864K)->0K(36864K) From: 576K(1024K)->768K(1024K)
[169.090s][info][gc,heap        ] GC(989) ParOldGen: 6518K(349696K)->6518K(349696K)
[169.091s][info][gc,metaspace   ] GC(989) Metaspace: 9945K(10304K)->9945K(10304K) NonClass: 8642K(8832K)->8642K(8832K) Class: 1302K(1472K)->1302K(1472K)
[169.091s][info][gc             ] GC(989) Pause Young (Allocation Failure) 42M->7M(378M) 0.953ms
[169.091s][info][gc,cpu         ] GC(989) User=0.00s Sys=0.00s Real=0.00s
[169.209s][info][gc,start       ] GC(990) Pause Young (System.gc())
[169.210s][info][gc,heap        ] GC(990) PSYoungGen: 31002K(37888K)->576K(37888K) Eden: 30234K(36864K)->0K(36864K) From: 768K(1024K)->576K(1024K)
[169.210s][info][gc,heap        ] GC(990) ParOldGen: 6518K(349696K)->6734K(349696K)
[169.210s][info][gc,metaspace   ] GC(990) Metaspace: 9945K(10304K)->9945K(10304K) NonClass: 8642K(8832K)->8642K(8832K) Class: 1302K(1472K)->1302K(1472K)
[169.210s][info][gc             ] GC(990) Pause Young (System.gc()) 36M->7M(378M) 0.901ms
[169.210s][info][gc,cpu         ] GC(990) User=0.00s Sys=0.00s Real=0.00s
[169.210s][info][gc,start       ] GC(991) Pause Full (System.gc())
[169.210s][info][gc,phases,start] GC(991) Marking Phase
[169.224s][info][gc,phases      ] GC(991) Marking Phase 13.511ms
[169.224s][info][gc,phases,start] GC(991) Summary Phase
[169.224s][info][gc,phases      ] GC(991) Summary Phase 0.022ms
[169.224s][info][gc,phases,start] GC(991) Adjust Roots
[169.228s][info][gc,phases      ] GC(991) Adjust Roots 4.213ms
[169.228s][info][gc,phases,start] GC(991) Compaction Phase
[169.231s][info][gc,phases      ] GC(991) Compaction Phase 2.992ms
[169.231s][info][gc,phases,start] GC(991) Post Compact
[169.231s][info][gc,phases      ] GC(991) Post Compact 0.266ms
[169.231s][info][gc,heap        ] GC(991) PSYoungGen: 576K(37888K)->0K(37888K) Eden: 0K(36864K)->0K(36864K) From: 576K(1024K)->0K(1024K)
[169.231s][info][gc,heap        ] GC(991) ParOldGen: 6734K(349696K)->4078K(349696K)
[169.232s][info][gc,metaspace   ] GC(991) Metaspace: 9945K(10304K)->9945K(10304K) NonClass: 8642K(8832K)->8642K(8832K) Class: 1302K(1472K)->1302K(1472K)
[169.232s][info][gc             ] GC(991) Pause Full (System.gc()) 7M->3M(378M) 21.353ms
[169.232s][info][gc,cpu         ] GC(991) User=0.20s Sys=0.00s Real=0.03s
[169.385s][info][gc,start       ] GC(992) Pause Young (Allocation Failure)
[169.386s][info][gc,heap        ] GC(992) PSYoungGen: 36864K(37888K)->1024K(37888K) Eden: 36864K(36864K)->0K(36864K) From: 0K(1024K)->1024K(1024K)
[169.386s][info][gc,heap        ] GC(992) ParOldGen: 4078K(349696K)->4214K(349696K)
[169.386s][info][gc,metaspace   ] GC(992) Metaspace: 9946K(10304K)->9946K(10304K) NonClass: 8644K(8832K)->8644K(8832K) Class: 1302K(1472K)->1302K(1472K)
[169.386s][info][gc             ] GC(992) Pause Young (Allocation Failure) 39M->5M(378M) 1.346ms
[169.386s][info][gc,cpu         ] GC(992) User=0.00s Sys=0.00s Real=0.00s
[169.540s][info][gc,start       ] GC(993) Pause Young (Allocation Failure)
[169.542s][info][gc,heap        ] GC(993) PSYoungGen: 37888K(37888K)->960K(37888K) Eden: 36864K(36864K)->0K(36864K) From: 1024K(1024K)->960K(1024K)
[169.542s][info][gc,heap        ] GC(993) ParOldGen: 4214K(349696K)->4702K(349696K)
[169.542s][info][gc,metaspace   ] GC(993) Metaspace: 9946K(10304K)->9946K(10304K) NonClass: 8644K(8832K)->8644K(8832K) Class: 1302K(1472K)->1302K(1472K)
[169.542s][info][gc             ] GC(993) Pause Young (Allocation Failure) 41M->5M(378M) 1.419ms
[169.542s][info][gc,cpu         ] GC(993) User=0.00s Sys=0.00s Real=0.00s
[169.695s][info][gc,start       ] GC(994) Pause Young (Allocation Failure)
[169.696s][info][gc,heap        ] GC(994) PSYoungGen: 37824K(37888K)->704K(37888K) Eden: 36864K(36864K)->0K(36864K) From: 960K(1024K)->704K(1024K)
[169.696s][info][gc,heap        ] GC(994) ParOldGen: 4702K(349696K)->5086K(349696K)
[169.696s][info][gc,metaspace   ] GC(994) Metaspace: 9946K(10304K)->9946K(10304K) NonClass: 8644K(8832K)->8644K(8832K) Class: 1302K(1472K)->1302K(1472K)
[169.696s][info][gc             ] GC(994) Pause Young (Allocation Failure) 41M->5M(378M) 1.233ms
[169.696s][info][gc,cpu         ] GC(994) User=0.00s Sys=0.00s Real=0.00s
[169.847s][info][gc,start       ] GC(995) Pause Young (Allocation Failure)
[169.849s][info][gc,heap        ] GC(995) PSYoungGen: 37568K(37888K)->1024K(37376K) Eden: 36864K(36864K)->0K(36352K) From: 704K(1024K)->1024K(1024K)
[169.849s][info][gc,heap        ] GC(995) ParOldGen: 5086K(349696K)->5174K(349696K)
[169.849s][info][gc,metaspace   ] GC(995) Metaspace: 9946K(10304K)->9946K(10304K) NonClass: 8644K(8832K)->8644K(8832K) Class: 1302K(1472K)->1302K(1472K)
[169.849s][info][gc             ] GC(995) Pause Young (Allocation Failure) 41M->6M(378M) 1.312ms
[169.849s][info][gc,cpu         ] GC(995) User=0.00s Sys=0.00s Real=0.00s
[169.991s][info][gc,start       ] GC(996) Pause Young (Allocation Failure)
[169.993s][info][gc,heap        ] GC(996) PSYoungGen: 37376K(37376K)->864K(37888K) Eden: 36352K(36352K)->0K(36352K) From: 1024K(1024K)->864K(1536K)
[169.993s][info][gc,heap        ] GC(996) ParOldGen: 5174K(349696K)->5598K(349696K)
[169.993s][info][gc,metaspace   ] GC(996) Metaspace: 9946K(10304K)->9946K(10304K) NonClass: 8644K(8832K)->8644K(8832K) Class: 1302K(1472K)->1302K(1472K)
[169.993s][info][gc             ] GC(996) Pause Young (Allocation Failure) 41M->6M(378M) 1.399ms
[169.993s][info][gc,cpu         ] GC(996) User=0.00s Sys=0.00s Real=0.00s
[170.132s][info][gc,start       ] GC(997) Pause Young (Allocation Failure)
[170.132s][info][gc,heap        ] GC(997) PSYoungGen: 37216K(37888K)->864K(37888K) Eden: 36352K(36352K)->0K(36352K) From: 864K(1536K)->864K(1536K)
[170.133s][info][gc,heap        ] GC(997) ParOldGen: 5598K(349696K)->5814K(349696K)
[170.133s][info][gc,metaspace   ] GC(997) Metaspace: 9946K(10304K)->9946K(10304K) NonClass: 8644K(8832K)->8644K(8832K) Class: 1302K(1472K)->1302K(1472K)
[170.133s][info][gc             ] GC(997) Pause Young (Allocation Failure) 41M->6M(378M) 1.077ms
[170.133s][info][gc,cpu         ] GC(997) User=0.00s Sys=0.00s Real=0.00s
[170.271s][info][gc,start       ] GC(998) Pause Young (Allocation Failure)
[170.272s][info][gc,heap        ] GC(998) PSYoungGen: 37216K(37888K)->1024K(37888K) Eden: 36352K(36352K)->0K(36352K) From: 864K(1536K)->1024K(1536K)
[170.272s][info][gc,heap        ] GC(998) ParOldGen: 5814K(349696K)->5854K(349696K)
[170.272s][info][gc,metaspace   ] GC(998) Metaspace: 9946K(10304K)->9946K(10304K) NonClass: 8644K(8832K)->8644K(8832K) Class: 1302K(1472K)->1302K(1472K)
[170.272s][info][gc             ] GC(998) Pause Young (Allocation Failure) 42M->6M(378M) 1.109ms
[170.272s][info][gc,cpu         ] GC(998) User=0.00s Sys=0.00s Real=0.00s
[170.420s][info][gc,start       ] GC(999) Pause Young (Allocation Failure)
[170.422s][info][gc,heap        ] GC(999) PSYoungGen: 37376K(37888K)->608K(37888K) Eden: 36352K(36352K)->0K(36352K) From: 1024K(1536K)->608K(1536K)
[170.422s][info][gc,heap        ] GC(999) ParOldGen: 5854K(349696K)->6326K(349696K)
[170.422s][info][gc,metaspace   ] GC(999) Metaspace: 9946K(10304K)->9946K(10304K) NonClass: 8644K(8832K)->8644K(8832K) Class: 1302K(1472K)->1302K(1472K)
[170.422s][info][gc             ] GC(999) Pause Young (Allocation Failure) 42M->6M(378M) 1.240ms
[170.422s][info][gc,cpu         ] GC(999) User=0.00s Sys=0.00s Real=0.00s
[170.575s][info][gc,start       ] GC(1000) Pause Young (Allocation Failure)
[170.576s][info][gc,heap        ] GC(1000) PSYoungGen: 36960K(37888K)->768K(37888K) Eden: 36352K(36352K)->0K(36352K) From: 608K(1536K)->768K(1536K)
[170.576s][info][gc,heap        ] GC(1000) ParOldGen: 6326K(349696K)->6358K(349696K)
[170.576s][info][gc,metaspace   ] GC(1000) Metaspace: 9946K(10304K)->9946K(10304K) NonClass: 8644K(8832K)->8644K(8832K) Class: 1302K(1472K)->1302K(1472K)
[170.576s][info][gc             ] GC(1000) Pause Young (Allocation Failure) 42M->6M(378M) 0.932ms
[170.576s][info][gc,cpu         ] GC(1000) User=0.00s Sys=0.00s Real=0.00s
[170.729s][info][gc,start       ] GC(1001) Pause Young (Allocation Failure)
[170.730s][info][gc,heap        ] GC(1001) PSYoungGen: 37120K(37888K)->672K(37888K) Eden: 36352K(36352K)->0K(36352K) From: 768K(1536K)->672K(1536K)
[170.730s][info][gc,heap        ] GC(1001) ParOldGen: 6358K(349696K)->6654K(349696K)
[170.730s][info][gc,metaspace   ] GC(1001) Metaspace: 9946K(10304K)->9946K(10304K) NonClass: 8644K(8832K)->8644K(8832K) Class: 1302K(1472K)->1302K(1472K)
[170.731s][info][gc             ] GC(1001) Pause Young (Allocation Failure) 42M->7M(378M) 1.104ms
[170.731s][info][gc,cpu         ] GC(1001) User=0.00s Sys=0.00s Real=0.00s
[170.872s][info][gc,start       ] GC(1002) Pause Young (Allocation Failure)
[170.873s][info][gc,heap        ] GC(1002) PSYoungGen: 37024K(37888K)->640K(37888K) Eden: 36352K(36352K)->0K(36352K) From: 672K(1536K)->640K(1536K)
[170.873s][info][gc,heap        ] GC(1002) ParOldGen: 6654K(349696K)->6742K(349696K)
[170.873s][info][gc,metaspace   ] GC(1002) Metaspace: 9946K(10304K)->9946K(10304K) NonClass: 8644K(8832K)->8644K(8832K) Class: 1302K(1472K)->1302K(1472K)
[170.873s][info][gc             ] GC(1002) Pause Young (Allocation Failure) 42M->7M(378M) 0.869ms
[170.873s][info][gc,cpu         ] GC(1002) User=0.00s Sys=0.00s Real=0.00s
[171.019s][info][gc,start       ] GC(1003) Pause Young (Allocation Failure)
[171.019s][info][gc,heap        ] GC(1003) PSYoungGen: 36992K(37888K)->608K(37888K) Eden: 36352K(36352K)->0K(36352K) From: 640K(1536K)->608K(1536K)
[171.019s][info][gc,heap        ] GC(1003) ParOldGen: 6742K(349696K)->6742K(349696K)
[171.019s][info][gc,metaspace   ] GC(1003) Metaspace: 9946K(10304K)->9946K(10304K) NonClass: 8644K(8832K)->8644K(8832K) Class: 1302K(1472K)->1302K(1472K)
[171.019s][info][gc             ] GC(1003) Pause Young (Allocation Failure) 42M->7M(378M) 0.924ms
[171.020s][info][gc,cpu         ] GC(1003) User=0.00s Sys=0.00s Real=0.00s
[171.163s][info][gc,start       ] GC(1004) Pause Young (Allocation Failure)
[171.164s][info][gc,heap        ] GC(1004) PSYoungGen: 36960K(37888K)->576K(37888K) Eden: 36352K(36352K)->0K(36352K) From: 608K(1536K)->576K(1536K)
[171.164s][info][gc,heap        ] GC(1004) ParOldGen: 6742K(349696K)->6742K(349696K)
[171.164s][info][gc,metaspace   ] GC(1004) Metaspace: 9946K(10304K)->9946K(10304K) NonClass: 8644K(8832K)->8644K(8832K) Class: 1302K(1472K)->1302K(1472K)
[171.164s][info][gc             ] GC(1004) Pause Young (Allocation Failure) 42M->7M(378M) 0.874ms
[171.164s][info][gc,cpu         ] GC(1004) User=0.00s Sys=0.00s Real=0.00s
[171.309s][info][gc,start       ] GC(1005) Pause Young (Allocation Failure)
[171.310s][info][gc,heap        ] GC(1005) PSYoungGen: 36928K(37888K)->832K(37888K) Eden: 36352K(36352K)->0K(36352K) From: 576K(1536K)->832K(1536K)
[171.310s][info][gc,heap        ] GC(1005) ParOldGen: 6742K(349696K)->6774K(349696K)
[171.310s][info][gc,metaspace   ] GC(1005) Metaspace: 9946K(10304K)->9946K(10304K) NonClass: 8644K(8832K)->8644K(8832K) Class: 1302K(1472K)->1302K(1472K)
[171.310s][info][gc             ] GC(1005) Pause Young (Allocation Failure) 42M->7M(378M) 0.992ms
[171.310s][info][gc,cpu         ] GC(1005) User=0.00s Sys=0.00s Real=0.00s
[171.459s][info][gc,start       ] GC(1006) Pause Young (Allocation Failure)
[171.460s][info][gc,heap        ] GC(1006) PSYoungGen: 37183K(37888K)->640K(37888K) Eden: 36351K(36352K)->0K(36352K) From: 832K(1536K)->640K(1536K)
[171.460s][info][gc,heap        ] GC(1006) ParOldGen: 6774K(349696K)->6990K(349696K)
[171.460s][info][gc,metaspace   ] GC(1006) Metaspace: 9946K(10304K)->9946K(10304K) NonClass: 8644K(8832K)->8644K(8832K) Class: 1302K(1472K)->1302K(1472K)
[171.460s][info][gc             ] GC(1006) Pause Young (Allocation Failure) 42M->7M(378M) 0.996ms
[171.460s][info][gc,cpu         ] GC(1006) User=0.00s Sys=0.00s Real=0.00s
[171.596s][info][gc,start       ] GC(1007) Pause Young (Allocation Failure)
[171.597s][info][gc,heap        ] GC(1007) PSYoungGen: 36992K(37888K)->608K(37888K) Eden: 36352K(36352K)->0K(36352K) From: 640K(1536K)->608K(1536K)
[171.597s][info][gc,heap        ] GC(1007) ParOldGen: 6990K(349696K)->6998K(349696K)
[171.597s][info][gc,metaspace   ] GC(1007) Metaspace: 9946K(10304K)->9946K(10304K) NonClass: 8644K(8832K)->8644K(8832K) Class: 1302K(1472K)->1302K(1472K)
[171.597s][info][gc             ] GC(1007) Pause Young (Allocation Failure) 42M->7M(378M) 0.908ms
[171.597s][info][gc,cpu         ] GC(1007) User=0.00s Sys=0.00s Real=0.00s
[171.746s][info][gc,start       ] GC(1008) Pause Young (Allocation Failure)
[171.747s][info][gc,heap        ] GC(1008) PSYoungGen: 36960K(37888K)->800K(37888K) Eden: 36352K(36352K)->0K(36352K) From: 608K(1536K)->800K(1536K)
[171.747s][info][gc,heap        ] GC(1008) ParOldGen: 6998K(349696K)->7070K(349696K)
[171.747s][info][gc,metaspace   ] GC(1008) Metaspace: 9946K(10304K)->9946K(10304K) NonClass: 8644K(8832K)->8644K(8832K) Class: 1302K(1472K)->1302K(1472K)
[171.747s][info][gc             ] GC(1008) Pause Young (Allocation Failure) 42M->7M(378M) 1.007ms
[171.747s][info][gc,cpu         ] GC(1008) User=0.00s Sys=0.00s Real=0.00s
[171.896s][info][gc,start       ] GC(1009) Pause Young (Allocation Failure)
[171.897s][info][gc,heap        ] GC(1009) PSYoungGen: 37152K(37888K)->576K(37888K) Eden: 36352K(36352K)->0K(36352K) From: 800K(1536K)->576K(1536K)
[171.897s][info][gc,heap        ] GC(1009) ParOldGen: 7070K(349696K)->7254K(349696K)
[171.897s][info][gc,metaspace   ] GC(1009) Metaspace: 9946K(10304K)->9946K(10304K) NonClass: 8644K(8832K)->8644K(8832K) Class: 1302K(1472K)->1302K(1472K)
[171.897s][info][gc             ] GC(1009) Pause Young (Allocation Failure) 43M->7M(378M) 0.969ms
[171.897s][info][gc,cpu         ] GC(1009) User=0.00s Sys=0.00s Real=0.00s
[172.040s][info][gc,start       ] GC(1010) Pause Young (Allocation Failure)
[172.041s][info][gc,heap        ] GC(1010) PSYoungGen: 36928K(37888K)->608K(37376K) Eden: 36352K(36352K)->0K(36352K) From: 576K(1536K)->608K(1024K)
[172.041s][info][gc,heap        ] GC(1010) ParOldGen: 7254K(349696K)->7254K(349696K)
[172.041s][info][gc,metaspace   ] GC(1010) Metaspace: 9946K(10304K)->9946K(10304K) NonClass: 8644K(8832K)->8644K(8832K) Class: 1302K(1472K)->1302K(1472K)
[172.041s][info][gc             ] GC(1010) Pause Young (Allocation Failure) 43M->7M(378M) 1.014ms
[172.041s][info][gc,cpu         ] GC(1010) User=0.00s Sys=0.00s Real=0.00s
[172.191s][info][gc,start       ] GC(1011) Pause Young (Allocation Failure)
[172.191s][info][gc,heap        ] GC(1011) PSYoungGen: 36960K(37376K)->640K(37376K) Eden: 36352K(36352K)->0K(36352K) From: 608K(1024K)->640K(1024K)
[172.191s][info][gc,heap        ] GC(1011) ParOldGen: 7254K(349696K)->7254K(349696K)
[172.192s][info][gc,metaspace   ] GC(1011) Metaspace: 9946K(10304K)->9946K(10304K) NonClass: 8644K(8832K)->8644K(8832K) Class: 1302K(1472K)->1302K(1472K)
[172.192s][info][gc             ] GC(1011) Pause Young (Allocation Failure) 43M->7M(378M) 1.017ms
[172.192s][info][gc,cpu         ] GC(1011) User=0.00s Sys=0.00s Real=0.00s
[172.340s][info][gc,start       ] GC(1012) Pause Young (Allocation Failure)
[172.340s][info][gc,heap        ] GC(1012) PSYoungGen: 36992K(37376K)->576K(37376K) Eden: 36352K(36352K)->0K(36352K) From: 640K(1024K)->576K(1024K)
[172.340s][info][gc,heap        ] GC(1012) ParOldGen: 7254K(349696K)->7254K(349696K)
[172.340s][info][gc,metaspace   ] GC(1012) Metaspace: 9946K(10304K)->9946K(10304K) NonClass: 8644K(8832K)->8644K(8832K) Class: 1302K(1472K)->1302K(1472K)
[172.340s][info][gc             ] GC(1012) Pause Young (Allocation Failure) 43M->7M(378M) 0.914ms
[172.341s][info][gc,cpu         ] GC(1012) User=0.00s Sys=0.00s Real=0.00s
[172.488s][info][gc,start       ] GC(1013) Pause Young (Allocation Failure)
[172.489s][info][gc,heap        ] GC(1013) PSYoungGen: 36928K(37376K)->672K(37376K) Eden: 36352K(36352K)->0K(36352K) From: 576K(1024K)->672K(1024K)
[172.489s][info][gc,heap        ] GC(1013) ParOldGen: 7254K(349696K)->7254K(349696K)
[172.489s][info][gc,metaspace   ] GC(1013) Metaspace: 9946K(10304K)->9946K(10304K) NonClass: 8644K(8832K)->8644K(8832K) Class: 1302K(1472K)->1302K(1472K)
[172.489s][info][gc             ] GC(1013) Pause Young (Allocation Failure) 43M->7M(378M) 0.880ms
[172.489s][info][gc,cpu         ] GC(1013) User=0.00s Sys=0.00s Real=0.00s
[172.636s][info][gc,start       ] GC(1014) Pause Young (Allocation Failure)
[172.637s][info][gc,heap        ] GC(1014) PSYoungGen: 37024K(37376K)->960K(37376K) Eden: 36352K(36352K)->0K(36352K) From: 672K(1024K)->960K(1024K)
[172.637s][info][gc,heap        ] GC(1014) ParOldGen: 7254K(349696K)->7342K(349696K)
[172.637s][info][gc,metaspace   ] GC(1014) Metaspace: 9946K(10304K)->9946K(10304K) NonClass: 8644K(8832K)->8644K(8832K) Class: 1302K(1472K)->1302K(1472K)
[172.637s][info][gc             ] GC(1014) Pause Young (Allocation Failure) 43M->8M(378M) 1.130ms
[172.637s][info][gc,cpu         ] GC(1014) User=0.00s Sys=0.00s Real=0.00s
[172.780s][info][gc,start       ] GC(1015) Pause Young (Allocation Failure)
[172.781s][info][gc,heap        ] GC(1015) PSYoungGen: 37312K(37376K)->576K(37376K) Eden: 36352K(36352K)->0K(36352K) From: 960K(1024K)->576K(1024K)
[172.781s][info][gc,heap        ] GC(1015) ParOldGen: 7342K(349696K)->7726K(349696K)
[172.781s][info][gc,metaspace   ] GC(1015) Metaspace: 9946K(10304K)->9946K(10304K) NonClass: 8644K(8832K)->8644K(8832K) Class: 1302K(1472K)->1302K(1472K)
[172.781s][info][gc             ] GC(1015) Pause Young (Allocation Failure) 43M->8M(378M) 1.180ms
[172.781s][info][gc,cpu         ] GC(1015) User=0.00s Sys=0.00s Real=0.00s
[172.930s][info][gc,start       ] GC(1016) Pause Young (Allocation Failure)
[172.931s][info][gc,heap        ] GC(1016) PSYoungGen: 36928K(37376K)->576K(37376K) Eden: 36352K(36352K)->0K(36352K) From: 576K(1024K)->576K(1024K)
[172.931s][info][gc,heap        ] GC(1016) ParOldGen: 7726K(349696K)->7726K(349696K)
[172.931s][info][gc,metaspace   ] GC(1016) Metaspace: 9946K(10304K)->9946K(10304K) NonClass: 8644K(8832K)->8644K(8832K) Class: 1302K(1472K)->1302K(1472K)
[172.931s][info][gc             ] GC(1016) Pause Young (Allocation Failure) 43M->8M(378M) 0.941ms
[172.931s][info][gc,cpu         ] GC(1016) User=0.00s Sys=0.00s Real=0.00s
[173.076s][info][gc,start       ] GC(1017) Pause Young (Allocation Failure)
[173.077s][info][gc,heap        ] GC(1017) PSYoungGen: 36928K(37376K)->800K(37376K) Eden: 36352K(36352K)->0K(36352K) From: 576K(1024K)->800K(1024K)
[173.077s][info][gc,heap        ] GC(1017) ParOldGen: 7726K(349696K)->7774K(349696K)
[173.077s][info][gc,metaspace   ] GC(1017) Metaspace: 9946K(10304K)->9946K(10304K) NonClass: 8644K(8832K)->8644K(8832K) Class: 1302K(1472K)->1302K(1472K)
[173.077s][info][gc             ] GC(1017) Pause Young (Allocation Failure) 43M->8M(378M) 0.950ms
[173.077s][info][gc,cpu         ] GC(1017) User=0.00s Sys=0.00s Real=0.00s
[173.214s][info][gc,start       ] GC(1018) Pause Young (Allocation Failure)
[173.215s][info][gc,heap        ] GC(1018) PSYoungGen: 37152K(37376K)->608K(37376K) Eden: 36352K(36352K)->0K(36352K) From: 800K(1024K)->608K(1024K)
[173.215s][info][gc,heap        ] GC(1018) ParOldGen: 7774K(349696K)->8022K(349696K)
[173.215s][info][gc,metaspace   ] GC(1018) Metaspace: 9946K(10304K)->9946K(10304K) NonClass: 8644K(8832K)->8644K(8832K) Class: 1302K(1472K)->1302K(1472K)
[173.215s][info][gc             ] GC(1018) Pause Young (Allocation Failure) 43M->8M(378M) 1.029ms
[173.215s][info][gc,cpu         ] GC(1018) User=0.00s Sys=0.00s Real=0.00s
[173.360s][info][gc,start       ] GC(1019) Pause Young (Allocation Failure)
[173.361s][info][gc,heap        ] GC(1019) PSYoungGen: 36960K(37376K)->608K(37376K) Eden: 36352K(36352K)->0K(36352K) From: 608K(1024K)->608K(1024K)
[173.361s][info][gc,heap        ] GC(1019) ParOldGen: 8022K(349696K)->8022K(349696K)
[173.361s][info][gc,metaspace   ] GC(1019) Metaspace: 9946K(10304K)->9946K(10304K) NonClass: 8644K(8832K)->8644K(8832K) Class: 1302K(1472K)->1302K(1472K)
[173.361s][info][gc             ] GC(1019) Pause Young (Allocation Failure) 43M->8M(378M) 0.877ms
[173.361s][info][gc,cpu         ] GC(1019) User=0.00s Sys=0.00s Real=0.00s
[173.512s][info][gc,start       ] GC(1020) Pause Young (Allocation Failure)
[173.513s][info][gc,heap        ] GC(1020) PSYoungGen: 36960K(37376K)->576K(37376K) Eden: 36352K(36352K)->0K(36352K) From: 608K(1024K)->576K(1024K)
[173.513s][info][gc,heap        ] GC(1020) ParOldGen: 8022K(349696K)->8038K(349696K)
[173.513s][info][gc,metaspace   ] GC(1020) Metaspace: 9946K(10304K)->9946K(10304K) NonClass: 8644K(8832K)->8644K(8832K) Class: 1302K(1472K)->1302K(1472K)
[173.513s][info][gc             ] GC(1020) Pause Young (Allocation Failure) 43M->8M(378M) 0.922ms
[173.513s][info][gc,cpu         ] GC(1020) User=0.00s Sys=0.00s Real=0.00s
[173.656s][info][gc,start       ] GC(1021) Pause Young (Allocation Failure)
[173.657s][info][gc,heap        ] GC(1021) PSYoungGen: 36928K(37376K)->640K(37376K) Eden: 36352K(36352K)->0K(36352K) From: 576K(1024K)->640K(1024K)
[173.657s][info][gc,heap        ] GC(1021) ParOldGen: 8038K(349696K)->8038K(349696K)
[173.657s][info][gc,metaspace   ] GC(1021) Metaspace: 9946K(10304K)->9946K(10304K) NonClass: 8644K(8832K)->8644K(8832K) Class: 1302K(1472K)->1302K(1472K)
[173.657s][info][gc             ] GC(1021) Pause Young (Allocation Failure) 43M->8M(378M) 0.912ms
[173.657s][info][gc,cpu         ] GC(1021) User=0.00s Sys=0.00s Real=0.00s
[173.806s][info][gc,start       ] GC(1022) Pause Young (Allocation Failure)
[173.806s][info][gc,heap        ] GC(1022) PSYoungGen: 36992K(37376K)->608K(37376K) Eden: 36352K(36352K)->0K(36352K) From: 640K(1024K)->608K(1024K)
[173.806s][info][gc,heap        ] GC(1022) ParOldGen: 8038K(349696K)->8046K(349696K)
[173.806s][info][gc,metaspace   ] GC(1022) Metaspace: 9946K(10304K)->9946K(10304K) NonClass: 8644K(8832K)->8644K(8832K) Class: 1302K(1472K)->1302K(1472K)
[173.806s][info][gc             ] GC(1022) Pause Young (Allocation Failure) 43M->8M(378M) 0.791ms
[173.806s][info][gc,cpu         ] GC(1022) User=0.00s Sys=0.00s Real=0.00s
[173.953s][info][gc,start       ] GC(1023) Pause Young (Allocation Failure)
[173.954s][info][gc,heap        ] GC(1023) PSYoungGen: 36960K(37376K)->608K(37376K) Eden: 36352K(36352K)->0K(36352K) From: 608K(1024K)->608K(1024K)
[173.954s][info][gc,heap        ] GC(1023) ParOldGen: 8046K(349696K)->8046K(349696K)
[173.954s][info][gc,metaspace   ] GC(1023) Metaspace: 9946K(10304K)->9946K(10304K) NonClass: 8644K(8832K)->8644K(8832K) Class: 1302K(1472K)->1302K(1472K)
[173.954s][info][gc             ] GC(1023) Pause Young (Allocation Failure) 43M->8M(378M) 0.874ms
[173.954s][info][gc,cpu         ] GC(1023) User=0.00s Sys=0.00s Real=0.00s
[174.103s][info][gc,start       ] GC(1024) Pause Young (Allocation Failure)
[174.104s][info][gc,heap        ] GC(1024) PSYoungGen: 36960K(37376K)->576K(37376K) Eden: 36352K(36352K)->0K(36352K) From: 608K(1024K)->576K(1024K)
[174.104s][info][gc,heap        ] GC(1024) ParOldGen: 8046K(349696K)->8046K(349696K)
[174.104s][info][gc,metaspace   ] GC(1024) Metaspace: 9946K(10304K)->9946K(10304K) NonClass: 8644K(8832K)->8644K(8832K) Class: 1302K(1472K)->1302K(1472K)
[174.104s][info][gc             ] GC(1024) Pause Young (Allocation Failure) 43M->8M(378M) 1.018ms
[174.105s][info][gc,cpu         ] GC(1024) User=0.00s Sys=0.00s Real=0.00s
[174.266s][info][gc,start       ] GC(1025) Pause Young (Allocation Failure)
[174.266s][info][gc,heap        ] GC(1025) PSYoungGen: 36928K(37376K)->576K(37376K) Eden: 36352K(36352K)->0K(36352K) From: 576K(1024K)->576K(1024K)
[174.266s][info][gc,heap        ] GC(1025) ParOldGen: 8046K(349696K)->8054K(349696K)
[174.266s][info][gc,metaspace   ] GC(1025) Metaspace: 9946K(10304K)->9946K(10304K) NonClass: 8644K(8832K)->8644K(8832K) Class: 1302K(1472K)->1302K(1472K)
[174.266s][info][gc             ] GC(1025) Pause Young (Allocation Failure) 43M->8M(378M) 0.851ms
[174.266s][info][gc,cpu         ] GC(1025) User=0.00s Sys=0.00s Real=0.00s
[174.408s][info][gc,start       ] GC(1026) Pause Young (Allocation Failure)
[174.409s][info][gc,heap        ] GC(1026) PSYoungGen: 36928K(37376K)->576K(37376K) Eden: 36352K(36352K)->0K(36352K) From: 576K(1024K)->576K(1024K)
[174.409s][info][gc,heap        ] GC(1026) ParOldGen: 8054K(349696K)->8054K(349696K)
[174.409s][info][gc,metaspace   ] GC(1026) Metaspace: 9946K(10304K)->9946K(10304K) NonClass: 8644K(8832K)->8644K(8832K) Class: 1302K(1472K)->1302K(1472K)
[174.409s][info][gc             ] GC(1026) Pause Young (Allocation Failure) 43M->8M(378M) 0.829ms
[174.409s][info][gc,cpu         ] GC(1026) User=0.00s Sys=0.00s Real=0.00s
[174.556s][info][gc,start       ] GC(1027) Pause Young (Allocation Failure)
[174.557s][info][gc,heap        ] GC(1027) PSYoungGen: 36928K(37376K)->608K(37376K) Eden: 36352K(36352K)->0K(36352K) From: 576K(1024K)->608K(1024K)
[174.557s][info][gc,heap        ] GC(1027) ParOldGen: 8054K(349696K)->8054K(349696K)
[174.557s][info][gc,metaspace   ] GC(1027) Metaspace: 9946K(10304K)->9946K(10304K) NonClass: 8644K(8832K)->8644K(8832K) Class: 1302K(1472K)->1302K(1472K)
[174.557s][info][gc             ] GC(1027) Pause Young (Allocation Failure) 43M->8M(378M) 0.911ms
[174.557s][info][gc,cpu         ] GC(1027) User=0.00s Sys=0.00s Real=0.00s
[174.703s][info][gc,start       ] GC(1028) Pause Young (Allocation Failure)
[174.704s][info][gc,heap        ] GC(1028) PSYoungGen: 36960K(37376K)->608K(37376K) Eden: 36352K(36352K)->0K(36352K) From: 608K(1024K)->608K(1024K)
[174.704s][info][gc,heap        ] GC(1028) ParOldGen: 8054K(349696K)->8054K(349696K)
[174.704s][info][gc,metaspace   ] GC(1028) Metaspace: 9946K(10304K)->9946K(10304K) NonClass: 8644K(8832K)->8644K(8832K) Class: 1302K(1472K)->1302K(1472K)
[174.704s][info][gc             ] GC(1028) Pause Young (Allocation Failure) 43M->8M(378M) 0.867ms
[174.704s][info][gc,cpu         ] GC(1028) User=0.00s Sys=0.00s Real=0.00s
[174.845s][info][gc,start       ] GC(1029) Pause Young (Allocation Failure)
[174.846s][info][gc,heap        ] GC(1029) PSYoungGen: 36960K(37376K)->576K(37376K) Eden: 36352K(36352K)->0K(36352K) From: 608K(1024K)->576K(1024K)
[174.846s][info][gc,heap        ] GC(1029) ParOldGen: 8054K(349696K)->8054K(349696K)
[174.846s][info][gc,metaspace   ] GC(1029) Metaspace: 9946K(10304K)->9946K(10304K) NonClass: 8644K(8832K)->8644K(8832K) Class: 1302K(1472K)->1302K(1472K)
[174.846s][info][gc             ] GC(1029) Pause Young (Allocation Failure) 43M->8M(378M) 0.859ms
[174.846s][info][gc,cpu         ] GC(1029) User=0.00s Sys=0.00s Real=0.00s
[174.992s][info][gc,start       ] GC(1030) Pause Young (Allocation Failure)
[174.993s][info][gc,heap        ] GC(1030) PSYoungGen: 36928K(37376K)->640K(37376K) Eden: 36352K(36352K)->0K(36352K) From: 576K(1024K)->640K(1024K)
[174.993s][info][gc,heap        ] GC(1030) ParOldGen: 8054K(349696K)->8054K(349696K)
[174.993s][info][gc,metaspace   ] GC(1030) Metaspace: 9946K(10304K)->9946K(10304K) NonClass: 8644K(8832K)->8644K(8832K) Class: 1302K(1472K)->1302K(1472K)
[174.993s][info][gc             ] GC(1030) Pause Young (Allocation Failure) 43M->8M(378M) 1.003ms
[174.993s][info][gc,cpu         ] GC(1030) User=0.00s Sys=0.00s Real=0.00s
[175.142s][info][gc,start       ] GC(1031) Pause Young (Allocation Failure)
[175.143s][info][gc,heap        ] GC(1031) PSYoungGen: 36992K(37376K)->576K(37376K) Eden: 36352K(36352K)->0K(36352K) From: 640K(1024K)->576K(1024K)
[175.143s][info][gc,heap        ] GC(1031) ParOldGen: 8054K(349696K)->8054K(349696K)
[175.143s][info][gc,metaspace   ] GC(1031) Metaspace: 9946K(10304K)->9946K(10304K) NonClass: 8644K(8832K)->8644K(8832K) Class: 1302K(1472K)->1302K(1472K)
[175.143s][info][gc             ] GC(1031) Pause Young (Allocation Failure) 43M->8M(378M) 0.843ms
[175.143s][info][gc,cpu         ] GC(1031) User=0.00s Sys=0.00s Real=0.00s
[175.293s][info][gc,start       ] GC(1032) Pause Young (Allocation Failure)
[175.294s][info][gc,heap        ] GC(1032) PSYoungGen: 36928K(37376K)->576K(37376K) Eden: 36352K(36352K)->0K(36352K) From: 576K(1024K)->576K(1024K)
[175.294s][info][gc,heap        ] GC(1032) ParOldGen: 8054K(349696K)->8054K(349696K)
[175.294s][info][gc,metaspace   ] GC(1032) Metaspace: 9946K(10304K)->9946K(10304K) NonClass: 8644K(8832K)->8644K(8832K) Class: 1302K(1472K)->1302K(1472K)
[175.294s][info][gc             ] GC(1032) Pause Young (Allocation Failure) 43M->8M(378M) 0.885ms
[175.294s][info][gc,cpu         ] GC(1032) User=0.00s Sys=0.00s Real=0.00s
[175.443s][info][gc,start       ] GC(1033) Pause Young (Allocation Failure)
[175.444s][info][gc,heap        ] GC(1033) PSYoungGen: 36928K(37376K)->608K(37376K) Eden: 36352K(36352K)->0K(36352K) From: 576K(1024K)->608K(1024K)
[175.444s][info][gc,heap        ] GC(1033) ParOldGen: 8054K(349696K)->8054K(349696K)
[175.444s][info][gc,metaspace   ] GC(1033) Metaspace: 9946K(10304K)->9946K(10304K) NonClass: 8644K(8832K)->8644K(8832K) Class: 1302K(1472K)->1302K(1472K)
[175.444s][info][gc             ] GC(1033) Pause Young (Allocation Failure) 43M->8M(378M) 0.871ms
[175.444s][info][gc,cpu         ] GC(1033) User=0.00s Sys=0.00s Real=0.00s
[175.590s][info][gc,start       ] GC(1034) Pause Young (Allocation Failure)
[175.591s][info][gc,heap        ] GC(1034) PSYoungGen: 36960K(37376K)->608K(37376K) Eden: 36352K(36352K)->0K(36352K) From: 608K(1024K)->608K(1024K)
[175.591s][info][gc,heap        ] GC(1034) ParOldGen: 8054K(349696K)->8054K(349696K)
[175.591s][info][gc,metaspace   ] GC(1034) Metaspace: 9946K(10304K)->9946K(10304K) NonClass: 8644K(8832K)->8644K(8832K) Class: 1302K(1472K)->1302K(1472K)
[175.591s][info][gc             ] GC(1034) Pause Young (Allocation Failure) 43M->8M(378M) 0.962ms
[175.591s][info][gc,cpu         ] GC(1034) User=0.00s Sys=0.00s Real=0.00s
[175.739s][info][gc,start       ] GC(1035) Pause Young (Allocation Failure)
[175.740s][info][gc,heap        ] GC(1035) PSYoungGen: 36960K(37376K)->576K(37376K) Eden: 36352K(36352K)->0K(36352K) From: 608K(1024K)->576K(1024K)
[175.740s][info][gc,heap        ] GC(1035) ParOldGen: 8054K(349696K)->8054K(349696K)
[175.740s][info][gc,metaspace   ] GC(1035) Metaspace: 9946K(10304K)->9946K(10304K) NonClass: 8644K(8832K)->8644K(8832K) Class: 1302K(1472K)->1302K(1472K)
[175.740s][info][gc             ] GC(1035) Pause Young (Allocation Failure) 43M->8M(378M) 0.822ms
[175.740s][info][gc,cpu         ] GC(1035) User=0.00s Sys=0.00s Real=0.00s
[175.891s][info][gc,start       ] GC(1036) Pause Young (Allocation Failure)
[175.892s][info][gc,heap        ] GC(1036) PSYoungGen: 36928K(37376K)->608K(37376K) Eden: 36352K(36352K)->0K(36352K) From: 576K(1024K)->608K(1024K)
[175.892s][info][gc,heap        ] GC(1036) ParOldGen: 8054K(349696K)->8054K(349696K)
[175.892s][info][gc,metaspace   ] GC(1036) Metaspace: 9946K(10304K)->9946K(10304K) NonClass: 8644K(8832K)->8644K(8832K) Class: 1302K(1472K)->1302K(1472K)
[175.892s][info][gc             ] GC(1036) Pause Young (Allocation Failure) 43M->8M(378M) 0.857ms
[175.892s][info][gc,cpu         ] GC(1036) User=0.00s Sys=0.00s Real=0.00s
[175.931s][info][gc,start       ] GC(1037) Pause Young (System.gc())
[175.932s][info][gc,heap        ] GC(1037) PSYoungGen: 9164K(37376K)->544K(37376K) Eden: 8556K(36352K)->0K(36352K) From: 608K(1024K)->544K(1024K)
[175.932s][info][gc,heap        ] GC(1037) ParOldGen: 8054K(349696K)->8142K(349696K)
[175.932s][info][gc,metaspace   ] GC(1037) Metaspace: 9946K(10304K)->9946K(10304K) NonClass: 8644K(8832K)->8644K(8832K) Class: 1302K(1472K)->1302K(1472K)
[175.932s][info][gc             ] GC(1037) Pause Young (System.gc()) 16M->8M(378M) 0.870ms
[175.932s][info][gc,cpu         ] GC(1037) User=0.02s Sys=0.00s Real=0.01s
[175.932s][info][gc,start       ] GC(1038) Pause Full (System.gc())
[175.932s][info][gc,phases,start] GC(1038) Marking Phase
[175.946s][info][gc,phases      ] GC(1038) Marking Phase 14.348ms
[175.946s][info][gc,phases,start] GC(1038) Summary Phase
[175.946s][info][gc,phases      ] GC(1038) Summary Phase 0.032ms
[175.946s][info][gc,phases,start] GC(1038) Adjust Roots
[175.951s][info][gc,phases      ] GC(1038) Adjust Roots 4.283ms
[175.951s][info][gc,phases,start] GC(1038) Compaction Phase
[175.954s][info][gc,phases      ] GC(1038) Compaction Phase 2.994ms
[175.954s][info][gc,phases,start] GC(1038) Post Compact
[175.954s][info][gc,phases      ] GC(1038) Post Compact 0.293ms
[175.954s][info][gc,heap        ] GC(1038) PSYoungGen: 544K(37376K)->0K(37376K) Eden: 0K(36352K)->0K(36352K) From: 544K(1024K)->0K(1024K)
[175.954s][info][gc,heap        ] GC(1038) ParOldGen: 8142K(349696K)->4078K(349696K)
[175.954s][info][gc,metaspace   ] GC(1038) Metaspace: 9946K(10304K)->9946K(10304K) NonClass: 8644K(8832K)->8644K(8832K) Class: 1302K(1472K)->1302K(1472K)
[175.954s][info][gc             ] GC(1038) Pause Full (System.gc()) 8M->3M(378M) 22.364ms
[175.954s][info][gc,cpu         ] GC(1038) User=0.02s Sys=0.00s Real=0.02s
[176.105s][info][gc,start       ] GC(1039) Pause Young (Allocation Failure)
[176.107s][info][gc,heap        ] GC(1039) PSYoungGen: 36352K(37376K)->1024K(37376K) Eden: 36352K(36352K)->0K(36352K) From: 0K(1024K)->1024K(1024K)
[176.107s][info][gc,heap        ] GC(1039) ParOldGen: 4078K(349696K)->4286K(349696K)
[176.107s][info][gc,metaspace   ] GC(1039) Metaspace: 9946K(10304K)->9946K(10304K) NonClass: 8644K(8832K)->8644K(8832K) Class: 1302K(1472K)->1302K(1472K)
[176.107s][info][gc             ] GC(1039) Pause Young (Allocation Failure) 39M->5M(378M) 1.427ms
[176.107s][info][gc,cpu         ] GC(1039) User=0.00s Sys=0.00s Real=0.00s
[176.252s][info][gc,start       ] GC(1040) Pause Young (Allocation Failure)
[176.254s][info][gc,heap        ] GC(1040) PSYoungGen: 37376K(37376K)->928K(37376K) Eden: 36352K(36352K)->0K(36352K) From: 1024K(1024K)->928K(1024K)
[176.254s][info][gc,heap        ] GC(1040) ParOldGen: 4286K(349696K)->4782K(349696K)
[176.254s][info][gc,metaspace   ] GC(1040) Metaspace: 9946K(10304K)->9946K(10304K) NonClass: 8644K(8832K)->8644K(8832K) Class: 1302K(1472K)->1302K(1472K)
[176.254s][info][gc             ] GC(1040) Pause Young (Allocation Failure) 40M->5M(378M) 1.464ms
[176.254s][info][gc,cpu         ] GC(1040) User=0.00s Sys=0.00s Real=0.00s
[176.397s][info][gc,start       ] GC(1041) Pause Young (Allocation Failure)
[176.398s][info][gc,heap        ] GC(1041) PSYoungGen: 37280K(37376K)->800K(37376K) Eden: 36352K(36352K)->0K(36352K) From: 928K(1024K)->800K(1024K)
[176.398s][info][gc,heap        ] GC(1041) ParOldGen: 4782K(349696K)->5014K(349696K)
[176.398s][info][gc,metaspace   ] GC(1041) Metaspace: 9946K(10304K)->9946K(10304K) NonClass: 8644K(8832K)->8644K(8832K) Class: 1302K(1472K)->1302K(1472K)
[176.398s][info][gc             ] GC(1041) Pause Young (Allocation Failure) 41M->5M(378M) 1.118ms
[176.398s][info][gc,cpu         ] GC(1041) User=0.00s Sys=0.00s Real=0.00s
[176.543s][info][gc,start       ] GC(1042) Pause Young (Allocation Failure)
[176.544s][info][gc,heap        ] GC(1042) PSYoungGen: 37152K(37376K)->736K(37376K) Eden: 36352K(36352K)->0K(36352K) From: 800K(1024K)->736K(1024K)
[176.544s][info][gc,heap        ] GC(1042) ParOldGen: 5014K(349696K)->5030K(349696K)
[176.544s][info][gc,metaspace   ] GC(1042) Metaspace: 9946K(10304K)->9946K(10304K) NonClass: 8644K(8832K)->8644K(8832K) Class: 1302K(1472K)->1302K(1472K)
[176.544s][info][gc             ] GC(1042) Pause Young (Allocation Failure) 41M->5M(378M) 0.948ms
[176.544s][info][gc,cpu         ] GC(1042) User=0.00s Sys=0.00s Real=0.00s
[176.689s][info][gc,start       ] GC(1043) Pause Young (Allocation Failure)
[176.690s][info][gc,heap        ] GC(1043) PSYoungGen: 37088K(37376K)->736K(37376K) Eden: 36352K(36352K)->0K(36352K) From: 736K(1024K)->736K(1024K)
[176.690s][info][gc,heap        ] GC(1043) ParOldGen: 5030K(349696K)->5054K(349696K)
[176.690s][info][gc,metaspace   ] GC(1043) Metaspace: 9946K(10304K)->9946K(10304K) NonClass: 8644K(8832K)->8644K(8832K) Class: 1302K(1472K)->1302K(1472K)
[176.690s][info][gc             ] GC(1043) Pause Young (Allocation Failure) 41M->5M(378M) 0.998ms
[176.690s][info][gc,cpu         ] GC(1043) User=0.00s Sys=0.00s Real=0.00s
[176.841s][info][gc,start       ] GC(1044) Pause Young (Allocation Failure)
[176.842s][info][gc,heap        ] GC(1044) PSYoungGen: 37088K(37376K)->832K(37376K) Eden: 36352K(36352K)->0K(36352K) From: 736K(1024K)->832K(1024K)
[176.842s][info][gc,heap        ] GC(1044) ParOldGen: 5054K(349696K)->5070K(349696K)
[176.842s][info][gc,metaspace   ] GC(1044) Metaspace: 9946K(10304K)->9946K(10304K) NonClass: 8644K(8832K)->8644K(8832K) Class: 1302K(1472K)->1302K(1472K)
[176.842s][info][gc             ] GC(1044) Pause Young (Allocation Failure) 41M->5M(378M) 0.966ms
[176.842s][info][gc,cpu         ] GC(1044) User=0.00s Sys=0.00s Real=0.00s
[176.990s][info][gc,start       ] GC(1045) Pause Young (Allocation Failure)
[176.991s][info][gc,heap        ] GC(1045) PSYoungGen: 37184K(37376K)->544K(37376K) Eden: 36352K(36352K)->0K(36352K) From: 832K(1024K)->544K(1024K)
[176.991s][info][gc,heap        ] GC(1045) ParOldGen: 5070K(349696K)->5278K(349696K)
[176.991s][info][gc,metaspace   ] GC(1045) Metaspace: 9946K(10304K)->9946K(10304K) NonClass: 8644K(8832K)->8644K(8832K) Class: 1302K(1472K)->1302K(1472K)
[176.991s][info][gc             ] GC(1045) Pause Young (Allocation Failure) 41M->5M(378M) 0.954ms
[176.991s][info][gc,cpu         ] GC(1045) User=0.00s Sys=0.00s Real=0.00s
[177.143s][info][gc,start       ] GC(1046) Pause Young (Allocation Failure)
[177.144s][info][gc,heap        ] GC(1046) PSYoungGen: 36896K(37376K)->768K(37376K) Eden: 36352K(36352K)->0K(36352K) From: 544K(1024K)->768K(1024K)
[177.144s][info][gc,heap        ] GC(1046) ParOldGen: 5278K(349696K)->5286K(349696K)
[177.144s][info][gc,metaspace   ] GC(1046) Metaspace: 9946K(10304K)->9946K(10304K) NonClass: 8644K(8832K)->8644K(8832K) Class: 1302K(1472K)->1302K(1472K)
[177.144s][info][gc             ] GC(1046) Pause Young (Allocation Failure) 41M->5M(378M) 0.970ms
[177.144s][info][gc,cpu         ] GC(1046) User=0.00s Sys=0.00s Real=0.00s
[177.296s][info][gc,start       ] GC(1047) Pause Young (Allocation Failure)
[177.297s][info][gc,heap        ] GC(1047) PSYoungGen: 37120K(37376K)->640K(37376K) Eden: 36352K(36352K)->0K(36352K) From: 768K(1024K)->640K(1024K)
[177.297s][info][gc,heap        ] GC(1047) ParOldGen: 5286K(349696K)->5502K(349696K)
[177.297s][info][gc,metaspace   ] GC(1047) Metaspace: 9946K(10304K)->9946K(10304K) NonClass: 8644K(8832K)->8644K(8832K) Class: 1302K(1472K)->1302K(1472K)
[177.297s][info][gc             ] GC(1047) Pause Young (Allocation Failure) 41M->5M(378M) 1.037ms
[177.297s][info][gc,cpu         ] GC(1047) User=0.14s Sys=0.00s Real=0.01s
[177.443s][info][gc,start       ] GC(1048) Pause Young (Allocation Failure)
[177.444s][info][gc,heap        ] GC(1048) PSYoungGen: 36992K(37376K)->608K(37376K) Eden: 36352K(36352K)->0K(36352K) From: 640K(1024K)->608K(1024K)
[177.444s][info][gc,heap        ] GC(1048) ParOldGen: 5502K(349696K)->5502K(349696K)
[177.444s][info][gc,metaspace   ] GC(1048) Metaspace: 9946K(10304K)->9946K(10304K) NonClass: 8644K(8832K)->8644K(8832K) Class: 1302K(1472K)->1302K(1472K)
[177.444s][info][gc             ] GC(1048) Pause Young (Allocation Failure) 41M->5M(378M) 0.860ms
[177.444s][info][gc,cpu         ] GC(1048) User=0.00s Sys=0.00s Real=0.00s
[177.594s][info][gc,start       ] GC(1049) Pause Young (Allocation Failure)
[177.594s][info][gc,heap        ] GC(1049) PSYoungGen: 36960K(37376K)->640K(37376K) Eden: 36352K(36352K)->0K(36352K) From: 608K(1024K)->640K(1024K)
[177.594s][info][gc,heap        ] GC(1049) ParOldGen: 5502K(349696K)->5502K(349696K)
[177.594s][info][gc,metaspace   ] GC(1049) Metaspace: 9946K(10304K)->9946K(10304K) NonClass: 8644K(8832K)->8644K(8832K) Class: 1302K(1472K)->1302K(1472K)
[177.595s][info][gc             ] GC(1049) Pause Young (Allocation Failure) 41M->5M(378M) 0.899ms
[177.595s][info][gc,cpu         ] GC(1049) User=0.00s Sys=0.00s Real=0.00s
[177.742s][info][gc,start       ] GC(1050) Pause Young (Allocation Failure)
[177.743s][info][gc,heap        ] GC(1050) PSYoungGen: 36992K(37376K)->576K(37376K) Eden: 36352K(36352K)->0K(36352K) From: 640K(1024K)->576K(1024K)
[177.743s][info][gc,heap        ] GC(1050) ParOldGen: 5502K(349696K)->5502K(349696K)
[177.743s][info][gc,metaspace   ] GC(1050) Metaspace: 9946K(10304K)->9946K(10304K) NonClass: 8644K(8832K)->8644K(8832K) Class: 1302K(1472K)->1302K(1472K)
[177.743s][info][gc             ] GC(1050) Pause Young (Allocation Failure) 41M->5M(378M) 0.880ms
[177.743s][info][gc,cpu         ] GC(1050) User=0.00s Sys=0.00s Real=0.00s
[177.891s][info][gc,start       ] GC(1051) Pause Young (Allocation Failure)
[177.891s][info][gc,heap        ] GC(1051) PSYoungGen: 36928K(37376K)->576K(37376K) Eden: 36352K(36352K)->0K(36352K) From: 576K(1024K)->576K(1024K)
[177.891s][info][gc,heap        ] GC(1051) ParOldGen: 5502K(349696K)->5502K(349696K)
[177.891s][info][gc,metaspace   ] GC(1051) Metaspace: 9946K(10304K)->9946K(10304K) NonClass: 8644K(8832K)->8644K(8832K) Class: 1302K(1472K)->1302K(1472K)
[177.891s][info][gc             ] GC(1051) Pause Young (Allocation Failure) 41M->5M(378M) 0.859ms
[177.892s][info][gc,cpu         ] GC(1051) User=0.00s Sys=0.00s Real=0.00s
[178.042s][info][gc,start       ] GC(1052) Pause Young (Allocation Failure)
[178.042s][info][gc,heap        ] GC(1052) PSYoungGen: 36928K(37376K)->576K(37376K) Eden: 36352K(36352K)->0K(36352K) From: 576K(1024K)->576K(1024K)
[178.042s][info][gc,heap        ] GC(1052) ParOldGen: 5502K(349696K)->5502K(349696K)
[178.042s][info][gc,metaspace   ] GC(1052) Metaspace: 9946K(10304K)->9946K(10304K) NonClass: 8644K(8832K)->8644K(8832K) Class: 1302K(1472K)->1302K(1472K)
[178.042s][info][gc             ] GC(1052) Pause Young (Allocation Failure) 41M->5M(378M) 0.839ms
[178.042s][info][gc,cpu         ] GC(1052) User=0.00s Sys=0.00s Real=0.00s
[178.194s][info][gc,start       ] GC(1053) Pause Young (Allocation Failure)
[178.195s][info][gc,heap        ] GC(1053) PSYoungGen: 36928K(37376K)->608K(37376K) Eden: 36352K(36352K)->0K(36352K) From: 576K(1024K)->608K(1024K)
[178.195s][info][gc,heap        ] GC(1053) ParOldGen: 5502K(349696K)->5510K(349696K)
[178.195s][info][gc,metaspace   ] GC(1053) Metaspace: 9946K(10304K)->9946K(10304K) NonClass: 8644K(8832K)->8644K(8832K) Class: 1302K(1472K)->1302K(1472K)
[178.195s][info][gc             ] GC(1053) Pause Young (Allocation Failure) 41M->5M(378M) 0.949ms
[178.195s][info][gc,cpu         ] GC(1053) User=0.00s Sys=0.02s Real=0.02s
[178.342s][info][gc,start       ] GC(1054) Pause Young (Allocation Failure)
[178.343s][info][gc,heap        ] GC(1054) PSYoungGen: 36960K(37376K)->576K(37376K) Eden: 36352K(36352K)->0K(36352K) From: 608K(1024K)->576K(1024K)
[178.343s][info][gc,heap        ] GC(1054) ParOldGen: 5510K(349696K)->5510K(349696K)
[178.343s][info][gc,metaspace   ] GC(1054) Metaspace: 9946K(10304K)->9946K(10304K) NonClass: 8644K(8832K)->8644K(8832K) Class: 1302K(1472K)->1302K(1472K)
[178.343s][info][gc             ] GC(1054) Pause Young (Allocation Failure) 41M->5M(378M) 0.875ms
[178.343s][info][gc,cpu         ] GC(1054) User=0.00s Sys=0.00s Real=0.00s
[178.487s][info][gc,start       ] GC(1055) Pause Young (Allocation Failure)
[178.487s][info][gc,heap        ] GC(1055) PSYoungGen: 36928K(37376K)->576K(37376K) Eden: 36352K(36352K)->0K(36352K) From: 576K(1024K)->576K(1024K)
[178.487s][info][gc,heap        ] GC(1055) ParOldGen: 5510K(349696K)->5526K(349696K)
[178.487s][info][gc,metaspace   ] GC(1055) Metaspace: 9946K(10304K)->9946K(10304K) NonClass: 8644K(8832K)->8644K(8832K) Class: 1302K(1472K)->1302K(1472K)
[178.487s][info][gc             ] GC(1055) Pause Young (Allocation Failure) 41M->5M(378M) 0.845ms
[178.487s][info][gc,cpu         ] GC(1055) User=0.00s Sys=0.00s Real=0.00s
[178.642s][info][gc,start       ] GC(1056) Pause Young (Allocation Failure)
[178.643s][info][gc,heap        ] GC(1056) PSYoungGen: 36928K(37376K)->576K(37376K) Eden: 36352K(36352K)->0K(36352K) From: 576K(1024K)->576K(1024K)
[178.643s][info][gc,heap        ] GC(1056) ParOldGen: 5526K(349696K)->5526K(349696K)
[178.643s][info][gc,metaspace   ] GC(1056) Metaspace: 9946K(10304K)->9946K(10304K) NonClass: 8644K(8832K)->8644K(8832K) Class: 1302K(1472K)->1302K(1472K)
[178.643s][info][gc             ] GC(1056) Pause Young (Allocation Failure) 41M->5M(378M) 0.859ms
[178.643s][info][gc,cpu         ] GC(1056) User=0.00s Sys=0.00s Real=0.00s
[178.785s][info][gc,start       ] GC(1057) Pause Young (Allocation Failure)
[178.786s][info][gc,heap        ] GC(1057) PSYoungGen: 36928K(37376K)->608K(37376K) Eden: 36352K(36352K)->0K(36352K) From: 576K(1024K)->608K(1024K)
[178.786s][info][gc,heap        ] GC(1057) ParOldGen: 5526K(349696K)->5526K(349696K)
[178.786s][info][gc,metaspace   ] GC(1057) Metaspace: 9946K(10304K)->9946K(10304K) NonClass: 8644K(8832K)->8644K(8832K) Class: 1302K(1472K)->1302K(1472K)
[178.786s][info][gc             ] GC(1057) Pause Young (Allocation Failure) 41M->5M(378M) 0.886ms
[178.786s][info][gc,cpu         ] GC(1057) User=0.00s Sys=0.00s Real=0.00s
[178.930s][info][gc,start       ] GC(1058) Pause Young (Allocation Failure)
[178.931s][info][gc,heap        ] GC(1058) PSYoungGen: 36960K(37376K)->544K(37376K) Eden: 36352K(36352K)->0K(36352K) From: 608K(1024K)->544K(1024K)
[178.931s][info][gc,heap        ] GC(1058) ParOldGen: 5526K(349696K)->5526K(349696K)
[178.931s][info][gc,metaspace   ] GC(1058) Metaspace: 9946K(10304K)->9946K(10304K) NonClass: 8644K(8832K)->8644K(8832K) Class: 1302K(1472K)->1302K(1472K)
[178.931s][info][gc             ] GC(1058) Pause Young (Allocation Failure) 41M->5M(378M) 0.796ms
[178.931s][info][gc,cpu         ] GC(1058) User=0.00s Sys=0.00s Real=0.00s
[179.080s][info][gc,start       ] GC(1059) Pause Young (Allocation Failure)
[179.081s][info][gc,heap        ] GC(1059) PSYoungGen: 36896K(37376K)->576K(37376K) Eden: 36352K(36352K)->0K(36352K) From: 544K(1024K)->576K(1024K)
[179.081s][info][gc,heap        ] GC(1059) ParOldGen: 5526K(349696K)->5526K(349696K)
[179.081s][info][gc,metaspace   ] GC(1059) Metaspace: 9946K(10304K)->9946K(10304K) NonClass: 8644K(8832K)->8644K(8832K) Class: 1302K(1472K)->1302K(1472K)
[179.081s][info][gc             ] GC(1059) Pause Young (Allocation Failure) 41M->5M(378M) 0.871ms
[179.081s][info][gc,cpu         ] GC(1059) User=0.00s Sys=0.00s Real=0.00s
[179.234s][info][gc,start       ] GC(1060) Pause Young (Allocation Failure)
[179.234s][info][gc,heap        ] GC(1060) PSYoungGen: 36928K(37376K)->576K(37376K) Eden: 36352K(36352K)->0K(36352K) From: 576K(1024K)->576K(1024K)
[179.234s][info][gc,heap        ] GC(1060) ParOldGen: 5526K(349696K)->5526K(349696K)
[179.234s][info][gc,metaspace   ] GC(1060) Metaspace: 9946K(10304K)->9946K(10304K) NonClass: 8644K(8832K)->8644K(8832K) Class: 1302K(1472K)->1302K(1472K)
[179.235s][info][gc             ] GC(1060) Pause Young (Allocation Failure) 41M->5M(378M) 0.852ms
[179.235s][info][gc,cpu         ] GC(1060) User=0.00s Sys=0.00s Real=0.00s
[179.379s][info][gc,start       ] GC(1061) Pause Young (Allocation Failure)
[179.380s][info][gc,heap        ] GC(1061) PSYoungGen: 36928K(37376K)->576K(37376K) Eden: 36352K(36352K)->0K(36352K) From: 576K(1024K)->576K(1024K)
[179.380s][info][gc,heap        ] GC(1061) ParOldGen: 5526K(349696K)->5526K(349696K)
[179.380s][info][gc,metaspace   ] GC(1061) Metaspace: 9946K(10304K)->9946K(10304K) NonClass: 8644K(8832K)->8644K(8832K) Class: 1302K(1472K)->1302K(1472K)
[179.380s][info][gc             ] GC(1061) Pause Young (Allocation Failure) 41M->5M(378M) 0.905ms
[179.380s][info][gc,cpu         ] GC(1061) User=0.14s Sys=0.00s Real=0.02s
[179.523s][info][gc,start       ] GC(1062) Pause Young (Allocation Failure)
[179.524s][info][gc,heap        ] GC(1062) PSYoungGen: 36928K(37376K)->608K(37376K) Eden: 36352K(36352K)->0K(36352K) From: 576K(1024K)->608K(1024K)
[179.524s][info][gc,heap        ] GC(1062) ParOldGen: 5526K(349696K)->5526K(349696K)
[179.524s][info][gc,metaspace   ] GC(1062) Metaspace: 9946K(10304K)->9946K(10304K) NonClass: 8644K(8832K)->8644K(8832K) Class: 1302K(1472K)->1302K(1472K)
[179.524s][info][gc             ] GC(1062) Pause Young (Allocation Failure) 41M->5M(378M) 0.852ms
[179.524s][info][gc,cpu         ] GC(1062) User=0.00s Sys=0.00s Real=0.00s
[179.668s][info][gc,start       ] GC(1063) Pause Young (Allocation Failure)
[179.669s][info][gc,heap        ] GC(1063) PSYoungGen: 36960K(37376K)->544K(37376K) Eden: 36352K(36352K)->0K(36352K) From: 608K(1024K)->544K(1024K)
[179.669s][info][gc,heap        ] GC(1063) ParOldGen: 5526K(349696K)->5526K(349696K)
[179.669s][info][gc,metaspace   ] GC(1063) Metaspace: 9946K(10304K)->9946K(10304K) NonClass: 8644K(8832K)->8644K(8832K) Class: 1302K(1472K)->1302K(1472K)
[179.669s][info][gc             ] GC(1063) Pause Young (Allocation Failure) 41M->5M(378M) 0.830ms
[179.669s][info][gc,cpu         ] GC(1063) User=0.00s Sys=0.00s Real=0.00s
[179.816s][info][gc,start       ] GC(1064) Pause Young (Allocation Failure)
[179.817s][info][gc,heap        ] GC(1064) PSYoungGen: 36896K(37376K)->800K(37376K) Eden: 36352K(36352K)->0K(36352K) From: 544K(1024K)->800K(1024K)
[179.817s][info][gc,heap        ] GC(1064) ParOldGen: 5526K(349696K)->5558K(349696K)
[179.817s][info][gc,metaspace   ] GC(1064) Metaspace: 9946K(10304K)->9946K(10304K) NonClass: 8644K(8832K)->8644K(8832K) Class: 1302K(1472K)->1302K(1472K)
[179.817s][info][gc             ] GC(1064) Pause Young (Allocation Failure) 41M->6M(378M) 0.972ms
[179.817s][info][gc,cpu         ] GC(1064) User=0.02s Sys=0.00s Real=0.02s
[179.956s][info][gc,start       ] GC(1065) Pause Young (Allocation Failure)
[179.957s][info][gc,heap        ] GC(1065) PSYoungGen: 37152K(37376K)->608K(37376K) Eden: 36352K(36352K)->0K(36352K) From: 800K(1024K)->608K(1024K)
[179.957s][info][gc,heap        ] GC(1065) ParOldGen: 5558K(349696K)->5734K(349696K)
[179.957s][info][gc,metaspace   ] GC(1065) Metaspace: 9946K(10304K)->9946K(10304K) NonClass: 8644K(8832K)->8644K(8832K) Class: 1302K(1472K)->1302K(1472K)
[179.957s][info][gc             ] GC(1065) Pause Young (Allocation Failure) 41M->6M(378M) 1.010ms
[179.957s][info][gc,cpu         ] GC(1065) User=0.00s Sys=0.00s Real=0.00s
[180.100s][info][gc,start       ] GC(1066) Pause Young (Allocation Failure)
[180.100s][info][gc,heap        ] GC(1066) PSYoungGen: 36960K(37376K)->576K(37376K) Eden: 36352K(36352K)->0K(36352K) From: 608K(1024K)->576K(1024K)
[180.100s][info][gc,heap        ] GC(1066) ParOldGen: 5734K(349696K)->5734K(349696K)
[180.100s][info][gc,metaspace   ] GC(1066) Metaspace: 9946K(10304K)->9946K(10304K) NonClass: 8644K(8832K)->8644K(8832K) Class: 1302K(1472K)->1302K(1472K)
[180.100s][info][gc             ] GC(1066) Pause Young (Allocation Failure) 41M->6M(378M) 0.833ms
[180.100s][info][gc,cpu         ] GC(1066) User=0.00s Sys=0.00s Real=0.00s
[180.247s][info][gc,start       ] GC(1067) Pause Young (Allocation Failure)
[180.248s][info][gc,heap        ] GC(1067) PSYoungGen: 36928K(37376K)->736K(37376K) Eden: 36352K(36352K)->0K(36352K) From: 576K(1024K)->736K(1024K)
[180.248s][info][gc,heap        ] GC(1067) ParOldGen: 5734K(349696K)->5734K(349696K)
[180.248s][info][gc,metaspace   ] GC(1067) Metaspace: 9946K(10304K)->9946K(10304K) NonClass: 8644K(8832K)->8644K(8832K) Class: 1302K(1472K)->1302K(1472K)
[180.248s][info][gc             ] GC(1067) Pause Young (Allocation Failure) 41M->6M(378M) 0.944ms
[180.248s][info][gc,cpu         ] GC(1067) User=0.00s Sys=0.00s Real=0.00s
[180.399s][info][gc,start       ] GC(1068) Pause Young (Allocation Failure)
[180.400s][info][gc,heap        ] GC(1068) PSYoungGen: 37088K(37376K)->800K(37376K) Eden: 36352K(36352K)->0K(36352K) From: 736K(1024K)->800K(1024K)
[180.400s][info][gc,heap        ] GC(1068) ParOldGen: 5734K(349696K)->5982K(349696K)
[180.400s][info][gc,metaspace   ] GC(1068) Metaspace: 9946K(10304K)->9946K(10304K) NonClass: 8644K(8832K)->8644K(8832K) Class: 1302K(1472K)->1302K(1472K)
[180.400s][info][gc             ] GC(1068) Pause Young (Allocation Failure) 41M->6M(378M) 1.115ms
[180.400s][info][gc,cpu         ] GC(1068) User=0.00s Sys=0.00s Real=0.00s
[180.533s][info][gc,start       ] GC(1069) Pause Young (Allocation Failure)
[180.534s][info][gc,heap        ] GC(1069) PSYoungGen: 37152K(37376K)->608K(37376K) Eden: 36352K(36352K)->0K(36352K) From: 800K(1024K)->608K(1024K)
[180.534s][info][gc,heap        ] GC(1069) ParOldGen: 5982K(349696K)->6222K(349696K)
[180.534s][info][gc,metaspace   ] GC(1069) Metaspace: 9946K(10304K)->9946K(10304K) NonClass: 8644K(8832K)->8644K(8832K) Class: 1302K(1472K)->1302K(1472K)
[180.534s][info][gc             ] GC(1069) Pause Young (Allocation Failure) 42M->6M(378M) 0.979ms
[180.534s][info][gc,cpu         ] GC(1069) User=0.00s Sys=0.00s Real=0.00s
[180.676s][info][gc,start       ] GC(1070) Pause Young (Allocation Failure)
[180.676s][info][gc,heap        ] GC(1070) PSYoungGen: 36960K(37376K)->576K(37376K) Eden: 36352K(36352K)->0K(36352K) From: 608K(1024K)->576K(1024K)
[180.676s][info][gc,heap        ] GC(1070) ParOldGen: 6222K(349696K)->6222K(349696K)
[180.677s][info][gc,metaspace   ] GC(1070) Metaspace: 9946K(10304K)->9946K(10304K) NonClass: 8644K(8832K)->8644K(8832K) Class: 1302K(1472K)->1302K(1472K)
[180.677s][info][gc             ] GC(1070) Pause Young (Allocation Failure) 42M->6M(378M) 0.869ms
[180.677s][info][gc,cpu         ] GC(1070) User=0.02s Sys=0.00s Real=0.02s
[180.827s][info][gc,start       ] GC(1071) Pause Young (Allocation Failure)
[180.828s][info][gc,heap        ] GC(1071) PSYoungGen: 36928K(37376K)->672K(37376K) Eden: 36352K(36352K)->0K(36352K) From: 576K(1024K)->672K(1024K)
[180.828s][info][gc,heap        ] GC(1071) ParOldGen: 6222K(349696K)->6222K(349696K)
[180.828s][info][gc,metaspace   ] GC(1071) Metaspace: 9946K(10304K)->9946K(10304K) NonClass: 8644K(8832K)->8644K(8832K) Class: 1302K(1472K)->1302K(1472K)
[180.828s][info][gc             ] GC(1071) Pause Young (Allocation Failure) 42M->6M(378M) 0.905ms
[180.828s][info][gc,cpu         ] GC(1071) User=0.00s Sys=0.00s Real=0.00s
[180.977s][info][gc,start       ] GC(1072) Pause Young (Allocation Failure)
[180.977s][info][gc,heap        ] GC(1072) PSYoungGen: 37024K(37376K)->864K(37376K) Eden: 36352K(36352K)->0K(36352K) From: 672K(1024K)->864K(1024K)
[180.977s][info][gc,heap        ] GC(1072) ParOldGen: 6222K(349696K)->6254K(349696K)
[180.977s][info][gc,metaspace   ] GC(1072) Metaspace: 9946K(10304K)->9946K(10304K) NonClass: 8644K(8832K)->8644K(8832K) Class: 1302K(1472K)->1302K(1472K)
[180.977s][info][gc             ] GC(1072) Pause Young (Allocation Failure) 42M->6M(378M) 0.959ms
[180.978s][info][gc,cpu         ] GC(1072) User=0.00s Sys=0.00s Real=0.00s
[181.122s][info][gc,start       ] GC(1073) Pause Young (Allocation Failure)
[181.123s][info][gc,heap        ] GC(1073) PSYoungGen: 37216K(37376K)->576K(37376K) Eden: 36352K(36352K)->0K(36352K) From: 864K(1024K)->576K(1024K)
[181.123s][info][gc,heap        ] GC(1073) ParOldGen: 6254K(349696K)->6494K(349696K)
[181.123s][info][gc,metaspace   ] GC(1073) Metaspace: 9946K(10304K)->9946K(10304K) NonClass: 8644K(8832K)->8644K(8832K) Class: 1302K(1472K)->1302K(1472K)
[181.123s][info][gc             ] GC(1073) Pause Young (Allocation Failure) 42M->6M(378M) 1.011ms
[181.123s][info][gc,cpu         ] GC(1073) User=0.00s Sys=0.00s Real=0.00s
[181.265s][info][gc,start       ] GC(1074) Pause Young (Allocation Failure)
[181.266s][info][gc,heap        ] GC(1074) PSYoungGen: 36928K(37376K)->608K(37376K) Eden: 36352K(36352K)->0K(36352K) From: 576K(1024K)->608K(1024K)
[181.266s][info][gc,heap        ] GC(1074) ParOldGen: 6494K(349696K)->6494K(349696K)
[181.266s][info][gc,metaspace   ] GC(1074) Metaspace: 9946K(10304K)->9946K(10304K) NonClass: 8644K(8832K)->8644K(8832K) Class: 1302K(1472K)->1302K(1472K)
[181.266s][info][gc             ] GC(1074) Pause Young (Allocation Failure) 42M->6M(378M) 0.888ms
[181.266s][info][gc,cpu         ] GC(1074) User=0.00s Sys=0.00s Real=0.00s
[181.410s][info][gc,start       ] GC(1075) Pause Young (Allocation Failure)
[181.411s][info][gc,heap        ] GC(1075) PSYoungGen: 36960K(37376K)->608K(37376K) Eden: 36352K(36352K)->0K(36352K) From: 608K(1024K)->608K(1024K)
[181.411s][info][gc,heap        ] GC(1075) ParOldGen: 6494K(349696K)->6494K(349696K)
[181.411s][info][gc,metaspace   ] GC(1075) Metaspace: 9946K(10304K)->9946K(10304K) NonClass: 8644K(8832K)->8644K(8832K) Class: 1302K(1472K)->1302K(1472K)
[181.411s][info][gc             ] GC(1075) Pause Young (Allocation Failure) 42M->6M(378M) 1.094ms
[181.411s][info][gc,cpu         ] GC(1075) User=0.08s Sys=0.03s Real=0.02s
[181.557s][info][gc,start       ] GC(1076) Pause Young (Allocation Failure)
[181.576s][info][gc,heap        ] GC(1076) PSYoungGen: 36960K(37376K)->864K(37376K) Eden: 36352K(36352K)->0K(36352K) From: 608K(1024K)->864K(1024K)
[181.576s][info][gc,heap        ] GC(1076) ParOldGen: 6494K(349696K)->6550K(349696K)
[181.576s][info][gc,metaspace   ] GC(1076) Metaspace: 9946K(10304K)->9946K(10304K) NonClass: 8644K(8832K)->8644K(8832K) Class: 1302K(1472K)->1302K(1472K)
[181.576s][info][gc             ] GC(1076) Pause Young (Allocation Failure) 42M->7M(378M) 18.606ms
[181.576s][info][gc,cpu         ] GC(1076) User=0.00s Sys=0.00s Real=0.02s
[181.724s][info][gc,start       ] GC(1077) Pause Young (Allocation Failure)
[181.725s][info][gc,heap        ] GC(1077) PSYoungGen: 37216K(37376K)->608K(37376K) Eden: 36352K(36352K)->0K(36352K) From: 864K(1024K)->608K(1024K)
[181.725s][info][gc,heap        ] GC(1077) ParOldGen: 6550K(349696K)->6758K(349696K)
[181.725s][info][gc,metaspace   ] GC(1077) Metaspace: 9946K(10304K)->9946K(10304K) NonClass: 8644K(8832K)->8644K(8832K) Class: 1302K(1472K)->1302K(1472K)
[181.725s][info][gc             ] GC(1077) Pause Young (Allocation Failure) 42M->7M(378M) 0.964ms
[181.725s][info][gc,cpu         ] GC(1077) User=0.00s Sys=0.00s Real=0.00s
[181.867s][info][gc,start       ] GC(1078) Pause Young (Allocation Failure)
[181.868s][info][gc,heap        ] GC(1078) PSYoungGen: 36960K(37376K)->576K(37376K) Eden: 36352K(36352K)->0K(36352K) From: 608K(1024K)->576K(1024K)
[181.868s][info][gc,heap        ] GC(1078) ParOldGen: 6758K(349696K)->6758K(349696K)
[181.868s][info][gc,metaspace   ] GC(1078) Metaspace: 9946K(10304K)->9946K(10304K) NonClass: 8644K(8832K)->8644K(8832K) Class: 1302K(1472K)->1302K(1472K)
[181.868s][info][gc             ] GC(1078) Pause Young (Allocation Failure) 42M->7M(378M) 0.844ms
[181.868s][info][gc,cpu         ] GC(1078) User=0.00s Sys=0.00s Real=0.00s
[182.017s][info][gc,start       ] GC(1079) Pause Young (Allocation Failure)
[182.018s][info][gc,heap        ] GC(1079) PSYoungGen: 36928K(37376K)->576K(37376K) Eden: 36352K(36352K)->0K(36352K) From: 576K(1024K)->576K(1024K)
[182.018s][info][gc,heap        ] GC(1079) ParOldGen: 6758K(349696K)->6758K(349696K)
[182.018s][info][gc,metaspace   ] GC(1079) Metaspace: 9946K(10304K)->9946K(10304K) NonClass: 8644K(8832K)->8644K(8832K) Class: 1302K(1472K)->1302K(1472K)
[182.018s][info][gc             ] GC(1079) Pause Young (Allocation Failure) 42M->7M(378M) 0.849ms
[182.018s][info][gc,cpu         ] GC(1079) User=0.00s Sys=0.00s Real=0.00s
[182.161s][info][gc,start       ] GC(1080) Pause Young (Allocation Failure)
[182.161s][info][gc,heap        ] GC(1080) PSYoungGen: 36928K(37376K)->608K(37376K) Eden: 36352K(36352K)->0K(36352K) From: 576K(1024K)->608K(1024K)
[182.161s][info][gc,heap        ] GC(1080) ParOldGen: 6758K(349696K)->6758K(349696K)
[182.161s][info][gc,metaspace   ] GC(1080) Metaspace: 9946K(10304K)->9946K(10304K) NonClass: 8644K(8832K)->8644K(8832K) Class: 1302K(1472K)->1302K(1472K)
[182.161s][info][gc             ] GC(1080) Pause Young (Allocation Failure) 42M->7M(378M) 0.852ms
[182.161s][info][gc,cpu         ] GC(1080) User=0.00s Sys=0.00s Real=0.00s
[182.310s][info][gc,start       ] GC(1081) Pause Young (Allocation Failure)
[182.311s][info][gc,heap        ] GC(1081) PSYoungGen: 36960K(37376K)->608K(37376K) Eden: 36352K(36352K)->0K(36352K) From: 608K(1024K)->608K(1024K)
[182.311s][info][gc,heap        ] GC(1081) ParOldGen: 6758K(349696K)->6758K(349696K)
[182.311s][info][gc,metaspace   ] GC(1081) Metaspace: 9946K(10304K)->9946K(10304K) NonClass: 8644K(8832K)->8644K(8832K) Class: 1302K(1472K)->1302K(1472K)
[182.311s][info][gc             ] GC(1081) Pause Young (Allocation Failure) 42M->7M(378M) 0.871ms
[182.311s][info][gc,cpu         ] GC(1081) User=0.00s Sys=0.00s Real=0.00s
[182.454s][info][gc,start       ] GC(1082) Pause Young (Allocation Failure)
[182.455s][info][gc,heap        ] GC(1082) PSYoungGen: 36960K(37376K)->640K(37376K) Eden: 36352K(36352K)->0K(36352K) From: 608K(1024K)->640K(1024K)
[182.455s][info][gc,heap        ] GC(1082) ParOldGen: 6758K(349696K)->6758K(349696K)
[182.455s][info][gc,metaspace   ] GC(1082) Metaspace: 9946K(10304K)->9946K(10304K) NonClass: 8644K(8832K)->8644K(8832K) Class: 1302K(1472K)->1302K(1472K)
[182.455s][info][gc             ] GC(1082) Pause Young (Allocation Failure) 42M->7M(378M) 0.882ms
[182.455s][info][gc,cpu         ] GC(1082) User=0.00s Sys=0.00s Real=0.00s
[182.602s][info][gc,start       ] GC(1083) Pause Young (Allocation Failure)
[182.603s][info][gc,heap        ] GC(1083) PSYoungGen: 36992K(37376K)->640K(37376K) Eden: 36352K(36352K)->0K(36352K) From: 640K(1024K)->640K(1024K)
[182.603s][info][gc,heap        ] GC(1083) ParOldGen: 6758K(349696K)->6758K(349696K)
[182.603s][info][gc,metaspace   ] GC(1083) Metaspace: 9946K(10304K)->9946K(10304K) NonClass: 8644K(8832K)->8644K(8832K) Class: 1302K(1472K)->1302K(1472K)
[182.603s][info][gc             ] GC(1083) Pause Young (Allocation Failure) 42M->7M(378M) 0.905ms
[182.603s][info][gc,cpu         ] GC(1083) User=0.00s Sys=0.00s Real=0.00s
[182.634s][info][gc,start       ] GC(1084) Pause Young (System.gc())
[182.634s][info][gc,heap        ] GC(1084) PSYoungGen: 7673K(37376K)->576K(37376K) Eden: 7033K(36352K)->0K(36352K) From: 640K(1024K)->576K(1024K)
[182.634s][info][gc,heap        ] GC(1084) ParOldGen: 6758K(349696K)->6830K(349696K)
[182.634s][info][gc,metaspace   ] GC(1084) Metaspace: 9949K(10368K)->9949K(10368K) NonClass: 8647K(8896K)->8647K(8896K) Class: 1302K(1472K)->1302K(1472K)
[182.634s][info][gc             ] GC(1084) Pause Young (System.gc()) 14M->7M(378M) 0.759ms
[182.634s][info][gc,cpu         ] GC(1084) User=0.00s Sys=0.00s Real=0.00s
[182.635s][info][gc,start       ] GC(1085) Pause Full (System.gc())
[182.635s][info][gc,phases,start] GC(1085) Marking Phase
[182.648s][info][gc,phases      ] GC(1085) Marking Phase 13.919ms
[182.649s][info][gc,phases,start] GC(1085) Summary Phase
[182.649s][info][gc,phases      ] GC(1085) Summary Phase 0.032ms
[182.649s][info][gc,phases,start] GC(1085) Adjust Roots
[182.653s][info][gc,phases      ] GC(1085) Adjust Roots 4.232ms
[182.653s][info][gc,phases,start] GC(1085) Compaction Phase
[182.656s][info][gc,phases      ] GC(1085) Compaction Phase 2.964ms
[182.656s][info][gc,phases,start] GC(1085) Post Compact
[182.656s][info][gc,phases      ] GC(1085) Post Compact 0.273ms
[182.656s][info][gc,heap        ] GC(1085) PSYoungGen: 576K(37376K)->0K(37376K) Eden: 0K(36352K)->0K(36352K) From: 576K(1024K)->0K(1024K)
[182.656s][info][gc,heap        ] GC(1085) ParOldGen: 6830K(349696K)->4078K(349696K)
[182.656s][info][gc,metaspace   ] GC(1085) Metaspace: 9949K(10368K)->9949K(10368K) NonClass: 8647K(8896K)->8647K(8896K) Class: 1302K(1472K)->1302K(1472K)
[182.656s][info][gc             ] GC(1085) Pause Full (System.gc()) 7M->3M(378M) 21.753ms
[182.656s][info][gc,cpu         ] GC(1085) User=0.02s Sys=0.00s Real=0.02s
[182.812s][info][gc,start       ] GC(1086) Pause Young (Allocation Failure)
[182.813s][info][gc,heap        ] GC(1086) PSYoungGen: 36352K(37376K)->1024K(37376K) Eden: 36352K(36352K)->0K(36352K) From: 0K(1024K)->1024K(1024K)
[182.813s][info][gc,heap        ] GC(1086) ParOldGen: 4078K(349696K)->4406K(349696K)
[182.813s][info][gc,metaspace   ] GC(1086) Metaspace: 9949K(10368K)->9949K(10368K) NonClass: 8647K(8896K)->8647K(8896K) Class: 1302K(1472K)->1302K(1472K)
[182.813s][info][gc             ] GC(1086) Pause Young (Allocation Failure) 39M->5M(378M) 1.519ms
[182.814s][info][gc,cpu         ] GC(1086) User=0.00s Sys=0.00s Real=0.00s
[182.961s][info][gc,start       ] GC(1087) Pause Young (Allocation Failure)
[182.962s][info][gc,heap        ] GC(1087) PSYoungGen: 37376K(37376K)->736K(37888K) Eden: 36352K(36352K)->0K(36352K) From: 1024K(1024K)->736K(1536K)
[182.962s][info][gc,heap        ] GC(1087) ParOldGen: 4406K(349696K)->5046K(349696K)
[182.963s][info][gc,metaspace   ] GC(1087) Metaspace: 9949K(10368K)->9949K(10368K) NonClass: 8647K(8896K)->8647K(8896K) Class: 1302K(1472K)->1302K(1472K)
[182.963s][info][gc             ] GC(1087) Pause Young (Allocation Failure) 40M->5M(378M) 1.514ms
[182.963s][info][gc,cpu         ] GC(1087) User=0.00s Sys=0.00s Real=0.00s
[183.114s][info][gc,start       ] GC(1088) Pause Young (Allocation Failure)
[183.115s][info][gc,heap        ] GC(1088) PSYoungGen: 37088K(37888K)->800K(37888K) Eden: 36352K(36352K)->0K(36352K) From: 736K(1536K)->800K(1536K)
[183.115s][info][gc,heap        ] GC(1088) ParOldGen: 5046K(349696K)->5054K(349696K)
[183.115s][info][gc,metaspace   ] GC(1088) Metaspace: 9949K(10368K)->9949K(10368K) NonClass: 8647K(8896K)->8647K(8896K) Class: 1302K(1472K)->1302K(1472K)
[183.115s][info][gc             ] GC(1088) Pause Young (Allocation Failure) 41M->5M(378M) 0.976ms
[183.115s][info][gc,cpu         ] GC(1088) User=0.00s Sys=0.00s Real=0.00s
[183.260s][info][gc,start       ] GC(1089) Pause Young (Allocation Failure)
[183.261s][info][gc,heap        ] GC(1089) PSYoungGen: 37152K(37888K)->800K(37888K) Eden: 36352K(36352K)->0K(36352K) From: 800K(1536K)->800K(1536K)
[183.261s][info][gc,heap        ] GC(1089) ParOldGen: 5054K(349696K)->5294K(349696K)
[183.261s][info][gc,metaspace   ] GC(1089) Metaspace: 9949K(10368K)->9949K(10368K) NonClass: 8647K(8896K)->8647K(8896K) Class: 1302K(1472K)->1302K(1472K)
[183.261s][info][gc             ] GC(1089) Pause Young (Allocation Failure) 41M->5M(378M) 1.089ms
[183.261s][info][gc,cpu         ] GC(1089) User=0.00s Sys=0.00s Real=0.00s
[183.406s][info][gc,start       ] GC(1090) Pause Young (Allocation Failure)
[183.407s][info][gc,heap        ] GC(1090) PSYoungGen: 37152K(37888K)->928K(37888K) Eden: 36352K(36352K)->0K(36352K) From: 800K(1536K)->928K(1536K)
[183.407s][info][gc,heap        ] GC(1090) ParOldGen: 5294K(349696K)->5406K(349696K)
[183.407s][info][gc,metaspace   ] GC(1090) Metaspace: 9949K(10368K)->9949K(10368K) NonClass: 8647K(8896K)->8647K(8896K) Class: 1302K(1472K)->1302K(1472K)
[183.407s][info][gc             ] GC(1090) Pause Young (Allocation Failure) 41M->6M(378M) 1.084ms
[183.407s][info][gc,cpu         ] GC(1090) User=0.00s Sys=0.00s Real=0.00s
[183.553s][info][gc,start       ] GC(1091) Pause Young (Allocation Failure)
[183.554s][info][gc,heap        ] GC(1091) PSYoungGen: 37280K(37888K)->672K(37888K) Eden: 36352K(36352K)->0K(36352K) From: 928K(1536K)->672K(1536K)
[183.554s][info][gc,heap        ] GC(1091) ParOldGen: 5406K(349696K)->5774K(349696K)
[183.554s][info][gc,metaspace   ] GC(1091) Metaspace: 9949K(10368K)->9949K(10368K) NonClass: 8647K(8896K)->8647K(8896K) Class: 1302K(1472K)->1302K(1472K)
[183.555s][info][gc             ] GC(1091) Pause Young (Allocation Failure) 41M->6M(378M) 1.220ms
[183.555s][info][gc,cpu         ] GC(1091) User=0.00s Sys=0.00s Real=0.00s
[183.704s][info][gc,start       ] GC(1092) Pause Young (Allocation Failure)
[183.705s][info][gc,heap        ] GC(1092) PSYoungGen: 37024K(37888K)->576K(37888K) Eden: 36352K(36352K)->0K(36352K) From: 672K(1536K)->576K(1536K)
[183.705s][info][gc,heap        ] GC(1092) ParOldGen: 5774K(349696K)->5774K(349696K)
[183.705s][info][gc,metaspace   ] GC(1092) Metaspace: 9949K(10368K)->9949K(10368K) NonClass: 8647K(8896K)->8647K(8896K) Class: 1302K(1472K)->1302K(1472K)
[183.705s][info][gc             ] GC(1092) Pause Young (Allocation Failure) 41M->6M(378M) 0.882ms
[183.705s][info][gc,cpu         ] GC(1092) User=0.00s Sys=0.00s Real=0.00s
[183.853s][info][gc,start       ] GC(1093) Pause Young (Allocation Failure)
[183.854s][info][gc,heap        ] GC(1093) PSYoungGen: 36928K(37888K)->1024K(37888K) Eden: 36352K(36352K)->0K(36352K) From: 576K(1536K)->1024K(1536K)
[183.854s][info][gc,heap        ] GC(1093) ParOldGen: 5774K(349696K)->5846K(349696K)
[183.854s][info][gc,metaspace   ] GC(1093) Metaspace: 9949K(10368K)->9949K(10368K) NonClass: 8647K(8896K)->8647K(8896K) Class: 1302K(1472K)->1302K(1472K)
[183.854s][info][gc             ] GC(1093) Pause Young (Allocation Failure) 41M->6M(378M) 1.122ms
[183.854s][info][gc,cpu         ] GC(1093) User=0.00s Sys=0.00s Real=0.00s
[183.996s][info][gc,start       ] GC(1094) Pause Young (Allocation Failure)
[183.997s][info][gc,heap        ] GC(1094) PSYoungGen: 37376K(37888K)->576K(37888K) Eden: 36352K(36352K)->0K(36352K) From: 1024K(1536K)->576K(1536K)
[183.997s][info][gc,heap        ] GC(1094) ParOldGen: 5846K(349696K)->6278K(349696K)
[183.997s][info][gc,metaspace   ] GC(1094) Metaspace: 9949K(10368K)->9949K(10368K) NonClass: 8647K(8896K)->8647K(8896K) Class: 1302K(1472K)->1302K(1472K)
[183.997s][info][gc             ] GC(1094) Pause Young (Allocation Failure) 42M->6M(378M) 1.313ms
[183.998s][info][gc,cpu         ] GC(1094) User=0.00s Sys=0.00s Real=0.00s
[184.140s][info][gc,start       ] GC(1095) Pause Young (Allocation Failure)
[184.141s][info][gc,heap        ] GC(1095) PSYoungGen: 36928K(37888K)->896K(37888K) Eden: 36352K(36352K)->0K(36352K) From: 576K(1536K)->896K(1536K)
[184.141s][info][gc,heap        ] GC(1095) ParOldGen: 6278K(349696K)->6382K(349696K)
[184.141s][info][gc,metaspace   ] GC(1095) Metaspace: 9949K(10368K)->9949K(10368K) NonClass: 8647K(8896K)->8647K(8896K) Class: 1302K(1472K)->1302K(1472K)
[184.141s][info][gc             ] GC(1095) Pause Young (Allocation Failure) 42M->7M(378M) 1.096ms
[184.141s][info][gc,cpu         ] GC(1095) User=0.00s Sys=0.00s Real=0.00s
[184.282s][info][gc,start       ] GC(1096) Pause Young (Allocation Failure)
[184.283s][info][gc,heap        ] GC(1096) PSYoungGen: 37248K(37888K)->576K(37888K) Eden: 36352K(36352K)->0K(36352K) From: 896K(1536K)->576K(1536K)
[184.283s][info][gc,heap        ] GC(1096) ParOldGen: 6382K(349696K)->6734K(349696K)
[184.283s][info][gc,metaspace   ] GC(1096) Metaspace: 9949K(10368K)->9949K(10368K) NonClass: 8647K(8896K)->8647K(8896K) Class: 1302K(1472K)->1302K(1472K)
[184.283s][info][gc             ] GC(1096) Pause Young (Allocation Failure) 42M->7M(378M) 1.154ms
[184.283s][info][gc,cpu         ] GC(1096) User=0.00s Sys=0.00s Real=0.00s
[184.425s][info][gc,start       ] GC(1097) Pause Young (Allocation Failure)
[184.426s][info][gc,heap        ] GC(1097) PSYoungGen: 36927K(37888K)->576K(37888K) Eden: 36351K(36352K)->0K(36352K) From: 576K(1536K)->576K(1536K)
[184.426s][info][gc,heap        ] GC(1097) ParOldGen: 6734K(349696K)->6734K(349696K)
[184.426s][info][gc,metaspace   ] GC(1097) Metaspace: 9949K(10368K)->9949K(10368K) NonClass: 8647K(8896K)->8647K(8896K) Class: 1302K(1472K)->1302K(1472K)
[184.426s][info][gc             ] GC(1097) Pause Young (Allocation Failure) 42M->7M(378M) 0.857ms
[184.426s][info][gc,cpu         ] GC(1097) User=0.14s Sys=0.00s Real=0.01s
[184.577s][info][gc,start       ] GC(1098) Pause Young (Allocation Failure)
[184.578s][info][gc,heap        ] GC(1098) PSYoungGen: 36928K(37888K)->608K(37888K) Eden: 36352K(36352K)->0K(36352K) From: 576K(1536K)->608K(1536K)
[184.578s][info][gc,heap        ] GC(1098) ParOldGen: 6734K(349696K)->6734K(349696K)
[184.578s][info][gc,metaspace   ] GC(1098) Metaspace: 9949K(10368K)->9949K(10368K) NonClass: 8647K(8896K)->8647K(8896K) Class: 1302K(1472K)->1302K(1472K)
[184.578s][info][gc             ] GC(1098) Pause Young (Allocation Failure) 42M->7M(378M) 0.854ms
[184.578s][info][gc,cpu         ] GC(1098) User=0.00s Sys=0.00s Real=0.00s
[184.723s][info][gc,start       ] GC(1099) Pause Young (Allocation Failure)
[184.724s][info][gc,heap        ] GC(1099) PSYoungGen: 36960K(37888K)->576K(37888K) Eden: 36352K(36352K)->0K(36352K) From: 608K(1536K)->576K(1536K)
[184.724s][info][gc,heap        ] GC(1099) ParOldGen: 6734K(349696K)->6734K(349696K)
[184.724s][info][gc,metaspace   ] GC(1099) Metaspace: 9949K(10368K)->9949K(10368K) NonClass: 8647K(8896K)->8647K(8896K) Class: 1302K(1472K)->1302K(1472K)
[184.724s][info][gc             ] GC(1099) Pause Young (Allocation Failure) 42M->7M(378M) 0.888ms
[184.724s][info][gc,cpu         ] GC(1099) User=0.00s Sys=0.00s Real=0.00s
[184.871s][info][gc,start       ] GC(1100) Pause Young (Allocation Failure)
[184.872s][info][gc,heap        ] GC(1100) PSYoungGen: 36928K(37888K)->768K(37888K) Eden: 36352K(36352K)->0K(36352K) From: 576K(1536K)->768K(1536K)
[184.872s][info][gc,heap        ] GC(1100) ParOldGen: 6734K(349696K)->6742K(349696K)
[184.872s][info][gc,metaspace   ] GC(1100) Metaspace: 9949K(10368K)->9949K(10368K) NonClass: 8647K(8896K)->8647K(8896K) Class: 1302K(1472K)->1302K(1472K)
[184.872s][info][gc             ] GC(1100) Pause Young (Allocation Failure) 42M->7M(378M) 0.927ms
[184.872s][info][gc,cpu         ] GC(1100) User=0.00s Sys=0.00s Real=0.00s
[185.014s][info][gc,start       ] GC(1101) Pause Young (Allocation Failure)
[185.015s][info][gc,heap        ] GC(1101) PSYoungGen: 37120K(37888K)->640K(37888K) Eden: 36352K(36352K)->0K(36352K) From: 768K(1536K)->640K(1536K)
[185.015s][info][gc,heap        ] GC(1101) ParOldGen: 6742K(349696K)->6958K(349696K)
[185.015s][info][gc,metaspace   ] GC(1101) Metaspace: 9949K(10368K)->9949K(10368K) NonClass: 8647K(8896K)->8647K(8896K) Class: 1302K(1472K)->1302K(1472K)
[185.015s][info][gc             ] GC(1101) Pause Young (Allocation Failure) 42M->7M(378M) 0.994ms
[185.015s][info][gc,cpu         ] GC(1101) User=0.00s Sys=0.00s Real=0.00s
[185.161s][info][gc,start       ] GC(1102) Pause Young (Allocation Failure)
[185.162s][info][gc,heap        ] GC(1102) PSYoungGen: 36991K(37888K)->576K(37888K) Eden: 36351K(36352K)->0K(36352K) From: 640K(1536K)->576K(1536K)
[185.162s][info][gc,heap        ] GC(1102) ParOldGen: 6958K(349696K)->6958K(349696K)
[185.162s][info][gc,metaspace   ] GC(1102) Metaspace: 9949K(10368K)->9949K(10368K) NonClass: 8647K(8896K)->8647K(8896K) Class: 1302K(1472K)->1302K(1472K)
[185.162s][info][gc             ] GC(1102) Pause Young (Allocation Failure) 42M->7M(378M) 0.842ms
[185.162s][info][gc,cpu         ] GC(1102) User=0.00s Sys=0.00s Real=0.00s
[185.310s][info][gc,start       ] GC(1103) Pause Young (Allocation Failure)
[185.311s][info][gc,heap        ] GC(1103) PSYoungGen: 36928K(37888K)->768K(37888K) Eden: 36352K(36352K)->0K(36352K) From: 576K(1536K)->768K(1536K)
[185.311s][info][gc,heap        ] GC(1103) ParOldGen: 6958K(349696K)->7006K(349696K)
[185.311s][info][gc,metaspace   ] GC(1103) Metaspace: 9949K(10368K)->9949K(10368K) NonClass: 8647K(8896K)->8647K(8896K) Class: 1302K(1472K)->1302K(1472K)
[185.311s][info][gc             ] GC(1103) Pause Young (Allocation Failure) 42M->7M(378M) 0.943ms
[185.311s][info][gc,cpu         ] GC(1103) User=0.00s Sys=0.00s Real=0.00s
[185.463s][info][gc,start       ] GC(1104) Pause Young (Allocation Failure)
[185.464s][info][gc,heap        ] GC(1104) PSYoungGen: 37120K(37888K)->512K(36864K) Eden: 36352K(36352K)->0K(36352K) From: 768K(1536K)->512K(512K)
[185.464s][info][gc,heap        ] GC(1104) ParOldGen: 7006K(349696K)->7246K(349696K)
[185.464s][info][gc,metaspace   ] GC(1104) Metaspace: 9949K(10368K)->9949K(10368K) NonClass: 8647K(8896K)->8647K(8896K) Class: 1302K(1472K)->1302K(1472K)
[185.464s][info][gc             ] GC(1104) Pause Young (Allocation Failure) 43M->7M(377M) 1.103ms
[185.464s][info][gc,cpu         ] GC(1104) User=0.00s Sys=0.00s Real=0.00s
[185.607s][info][gc,start       ] GC(1105) Pause Young (Allocation Failure)
[185.608s][info][gc,heap        ] GC(1105) PSYoungGen: 36864K(36864K)->768K(37376K) Eden: 36352K(36352K)->0K(36352K) From: 512K(512K)->768K(1024K)
[185.608s][info][gc,heap        ] GC(1105) ParOldGen: 7246K(349696K)->7278K(349696K)
[185.608s][info][gc,metaspace   ] GC(1105) Metaspace: 9949K(10368K)->9949K(10368K) NonClass: 8647K(8896K)->8647K(8896K) Class: 1302K(1472K)->1302K(1472K)
[185.608s][info][gc             ] GC(1105) Pause Young (Allocation Failure) 43M->7M(378M) 0.954ms
[185.608s][info][gc,cpu         ] GC(1105) User=0.00s Sys=0.00s Real=0.00s
[185.753s][info][gc,start       ] GC(1106) Pause Young (Allocation Failure)
[185.754s][info][gc,heap        ] GC(1106) PSYoungGen: 37120K(37376K)->640K(37376K) Eden: 36352K(36352K)->0K(36352K) From: 768K(1024K)->640K(1024K)
[185.754s][info][gc,heap        ] GC(1106) ParOldGen: 7278K(349696K)->7526K(349696K)
[185.754s][info][gc,metaspace   ] GC(1106) Metaspace: 9949K(10368K)->9949K(10368K) NonClass: 8647K(8896K)->8647K(8896K) Class: 1302K(1472K)->1302K(1472K)
[185.754s][info][gc             ] GC(1106) Pause Young (Allocation Failure) 43M->7M(378M) 1.026ms
[185.754s][info][gc,cpu         ] GC(1106) User=0.00s Sys=0.02s Real=0.00s
[185.902s][info][gc,start       ] GC(1107) Pause Young (Allocation Failure)
[185.903s][info][gc,heap        ] GC(1107) PSYoungGen: 36992K(37376K)->864K(36864K) Eden: 36352K(36352K)->0K(35840K) From: 640K(1024K)->864K(1024K)
[185.903s][info][gc,heap        ] GC(1107) ParOldGen: 7526K(349696K)->7542K(349696K)
[185.903s][info][gc,metaspace   ] GC(1107) Metaspace: 9949K(10368K)->9949K(10368K) NonClass: 8647K(8896K)->8647K(8896K) Class: 1302K(1472K)->1302K(1472K)
[185.903s][info][gc             ] GC(1107) Pause Young (Allocation Failure) 43M->8M(377M) 0.973ms
[185.903s][info][gc,cpu         ] GC(1107) User=0.00s Sys=0.00s Real=0.00s
[186.045s][info][gc,start       ] GC(1108) Pause Young (Allocation Failure)
[186.047s][info][gc,heap        ] GC(1108) PSYoungGen: 36704K(36864K)->640K(36864K) Eden: 35840K(35840K)->0K(35840K) From: 864K(1024K)->640K(1024K)
[186.047s][info][gc,heap        ] GC(1108) ParOldGen: 7542K(349696K)->7766K(349696K)
[186.047s][info][gc,metaspace   ] GC(1108) Metaspace: 9949K(10368K)->9949K(10368K) NonClass: 8647K(8896K)->8647K(8896K) Class: 1302K(1472K)->1302K(1472K)
[186.047s][info][gc             ] GC(1108) Pause Young (Allocation Failure) 43M->8M(377M) 1.185ms
[186.047s][info][gc,cpu         ] GC(1108) User=0.00s Sys=0.00s Real=0.00s
[186.188s][info][gc,start       ] GC(1109) Pause Young (Allocation Failure)
[186.189s][info][gc,heap        ] GC(1109) PSYoungGen: 36480K(36864K)->576K(36864K) Eden: 35840K(35840K)->0K(35840K) From: 640K(1024K)->576K(1024K)
[186.189s][info][gc,heap        ] GC(1109) ParOldGen: 7766K(349696K)->7766K(349696K)
[186.189s][info][gc,metaspace   ] GC(1109) Metaspace: 9949K(10368K)->9949K(10368K) NonClass: 8647K(8896K)->8647K(8896K) Class: 1302K(1472K)->1302K(1472K)
[186.189s][info][gc             ] GC(1109) Pause Young (Allocation Failure) 43M->8M(377M) 0.847ms
[186.189s][info][gc,cpu         ] GC(1109) User=0.00s Sys=0.00s Real=0.00s
[186.332s][info][gc,start       ] GC(1110) Pause Young (Allocation Failure)
[186.333s][info][gc,heap        ] GC(1110) PSYoungGen: 36416K(36864K)->672K(36864K) Eden: 35840K(35840K)->0K(35840K) From: 576K(1024K)->672K(1024K)
[186.333s][info][gc,heap        ] GC(1110) ParOldGen: 7766K(349696K)->7774K(349696K)
[186.333s][info][gc,metaspace   ] GC(1110) Metaspace: 9949K(10368K)->9949K(10368K) NonClass: 8647K(8896K)->8647K(8896K) Class: 1302K(1472K)->1302K(1472K)
[186.333s][info][gc             ] GC(1110) Pause Young (Allocation Failure) 43M->8M(377M) 0.917ms
[186.333s][info][gc,cpu         ] GC(1110) User=0.00s Sys=0.00s Real=0.00s
[186.479s][info][gc,start       ] GC(1111) Pause Young (Allocation Failure)
[186.480s][info][gc,heap        ] GC(1111) PSYoungGen: 36512K(36864K)->544K(36864K) Eden: 35840K(35840K)->0K(35840K) From: 672K(1024K)->544K(1024K)
[186.480s][info][gc,heap        ] GC(1111) ParOldGen: 7774K(349696K)->7950K(349696K)
[186.480s][info][gc,metaspace   ] GC(1111) Metaspace: 9949K(10368K)->9949K(10368K) NonClass: 8647K(8896K)->8647K(8896K) Class: 1302K(1472K)->1302K(1472K)
[186.480s][info][gc             ] GC(1111) Pause Young (Allocation Failure) 43M->8M(377M) 0.944ms
[186.480s][info][gc,cpu         ] GC(1111) User=0.00s Sys=0.00s Real=0.00s
[186.621s][info][gc,start       ] GC(1112) Pause Young (Allocation Failure)
[186.622s][info][gc,heap        ] GC(1112) PSYoungGen: 36384K(36864K)->576K(36864K) Eden: 35840K(35840K)->0K(35840K) From: 544K(1024K)->576K(1024K)
[186.622s][info][gc,heap        ] GC(1112) ParOldGen: 7950K(349696K)->7950K(349696K)
[186.622s][info][gc,metaspace   ] GC(1112) Metaspace: 9949K(10368K)->9949K(10368K) NonClass: 8647K(8896K)->8647K(8896K) Class: 1302K(1472K)->1302K(1472K)
[186.622s][info][gc             ] GC(1112) Pause Young (Allocation Failure) 43M->8M(377M) 0.837ms
[186.622s][info][gc,cpu         ] GC(1112) User=0.00s Sys=0.00s Real=0.00s
[186.767s][info][gc,start       ] GC(1113) Pause Young (Allocation Failure)
[186.768s][info][gc,heap        ] GC(1113) PSYoungGen: 36416K(36864K)->736K(36864K) Eden: 35840K(35840K)->0K(35840K) From: 576K(1024K)->736K(1024K)
[186.768s][info][gc,heap        ] GC(1113) ParOldGen: 7950K(349696K)->7950K(349696K)
[186.768s][info][gc,metaspace   ] GC(1113) Metaspace: 9949K(10368K)->9949K(10368K) NonClass: 8647K(8896K)->8647K(8896K) Class: 1302K(1472K)->1302K(1472K)
[186.768s][info][gc             ] GC(1113) Pause Young (Allocation Failure) 43M->8M(377M) 0.914ms
[186.768s][info][gc,cpu         ] GC(1113) User=0.00s Sys=0.00s Real=0.00s
[186.920s][info][gc,start       ] GC(1114) Pause Young (Allocation Failure)
[186.921s][info][gc,heap        ] GC(1114) PSYoungGen: 36576K(36864K)->640K(36864K) Eden: 35840K(35840K)->0K(35840K) From: 736K(1024K)->640K(1024K)
[186.921s][info][gc,heap        ] GC(1114) ParOldGen: 7950K(349696K)->7950K(349696K)
[186.921s][info][gc,metaspace   ] GC(1114) Metaspace: 9949K(10368K)->9949K(10368K) NonClass: 8647K(8896K)->8647K(8896K) Class: 1302K(1472K)->1302K(1472K)
[186.921s][info][gc             ] GC(1114) Pause Young (Allocation Failure) 43M->8M(377M) 0.894ms
[186.921s][info][gc,cpu         ] GC(1114) User=0.00s Sys=0.00s Real=0.00s
[187.063s][info][gc,start       ] GC(1115) Pause Young (Allocation Failure)
[187.064s][info][gc,heap        ] GC(1115) PSYoungGen: 36480K(36864K)->576K(36864K) Eden: 35840K(35840K)->0K(35840K) From: 640K(1024K)->576K(1024K)
[187.064s][info][gc,heap        ] GC(1115) ParOldGen: 7950K(349696K)->7950K(349696K)
[187.064s][info][gc,metaspace   ] GC(1115) Metaspace: 9949K(10368K)->9949K(10368K) NonClass: 8647K(8896K)->8647K(8896K) Class: 1302K(1472K)->1302K(1472K)
[187.064s][info][gc             ] GC(1115) Pause Young (Allocation Failure) 43M->8M(377M) 0.857ms
[187.064s][info][gc,cpu         ] GC(1115) User=0.00s Sys=0.00s Real=0.00s
[187.212s][info][gc,start       ] GC(1116) Pause Young (Allocation Failure)
[187.213s][info][gc,heap        ] GC(1116) PSYoungGen: 36416K(36864K)->608K(36864K) Eden: 35840K(35840K)->0K(35840K) From: 576K(1024K)->608K(1024K)
[187.213s][info][gc,heap        ] GC(1116) ParOldGen: 7950K(349696K)->7950K(349696K)
[187.213s][info][gc,metaspace   ] GC(1116) Metaspace: 9949K(10368K)->9949K(10368K) NonClass: 8647K(8896K)->8647K(8896K) Class: 1302K(1472K)->1302K(1472K)
[187.213s][info][gc             ] GC(1116) Pause Young (Allocation Failure) 43M->8M(377M) 0.878ms
[187.213s][info][gc,cpu         ] GC(1116) User=0.00s Sys=0.00s Real=0.00s
[187.357s][info][gc,start       ] GC(1117) Pause Young (Allocation Failure)
[187.357s][info][gc,heap        ] GC(1117) PSYoungGen: 36448K(36864K)->896K(36864K) Eden: 35840K(35840K)->0K(35840K) From: 608K(1024K)->896K(1024K)
[187.357s][info][gc,heap        ] GC(1117) ParOldGen: 7950K(349696K)->7950K(349696K)
[187.358s][info][gc,metaspace   ] GC(1117) Metaspace: 9949K(10368K)->9949K(10368K) NonClass: 8647K(8896K)->8647K(8896K) Class: 1302K(1472K)->1302K(1472K)
[187.358s][info][gc             ] GC(1117) Pause Young (Allocation Failure) 43M->8M(377M) 1.004ms
[187.358s][info][gc,cpu         ] GC(1117) User=0.00s Sys=0.00s Real=0.00s
[187.504s][info][gc,start       ] GC(1118) Pause Young (Allocation Failure)
[187.505s][info][gc,heap        ] GC(1118) PSYoungGen: 36736K(36864K)->640K(36864K) Eden: 35840K(35840K)->0K(35840K) From: 896K(1024K)->640K(1024K)
[187.505s][info][gc,heap        ] GC(1118) ParOldGen: 7950K(349696K)->8190K(349696K)
[187.505s][info][gc,metaspace   ] GC(1118) Metaspace: 9949K(10368K)->9949K(10368K) NonClass: 8647K(8896K)->8647K(8896K) Class: 1302K(1472K)->1302K(1472K)
[187.505s][info][gc             ] GC(1118) Pause Young (Allocation Failure) 43M->8M(377M) 1.048ms
[187.505s][info][gc,cpu         ] GC(1118) User=0.00s Sys=0.00s Real=0.00s
[187.657s][info][gc,start       ] GC(1119) Pause Young (Allocation Failure)
[187.658s][info][gc,heap        ] GC(1119) PSYoungGen: 36480K(36864K)->576K(36864K) Eden: 35840K(35840K)->0K(35840K) From: 640K(1024K)->576K(1024K)
[187.658s][info][gc,heap        ] GC(1119) ParOldGen: 8190K(349696K)->8190K(349696K)
[187.658s][info][gc,metaspace   ] GC(1119) Metaspace: 9949K(10368K)->9949K(10368K) NonClass: 8647K(8896K)->8647K(8896K) Class: 1302K(1472K)->1302K(1472K)
[187.658s][info][gc             ] GC(1119) Pause Young (Allocation Failure) 43M->8M(377M) 0.867ms
[187.658s][info][gc,cpu         ] GC(1119) User=0.00s Sys=0.00s Real=0.00s
[187.808s][info][gc,start       ] GC(1120) Pause Young (Allocation Failure)
[187.808s][info][gc,heap        ] GC(1120) PSYoungGen: 36416K(36864K)->576K(36864K) Eden: 35840K(35840K)->0K(35840K) From: 576K(1024K)->576K(1024K)
[187.808s][info][gc,heap        ] GC(1120) ParOldGen: 8190K(349696K)->8190K(349696K)
[187.808s][info][gc,metaspace   ] GC(1120) Metaspace: 9949K(10368K)->9949K(10368K) NonClass: 8647K(8896K)->8647K(8896K) Class: 1302K(1472K)->1302K(1472K)
[187.808s][info][gc             ] GC(1120) Pause Young (Allocation Failure) 43M->8M(377M) 0.848ms
[187.808s][info][gc,cpu         ] GC(1120) User=0.00s Sys=0.00s Real=0.00s
[187.953s][info][gc,start       ] GC(1121) Pause Young (Allocation Failure)
[187.954s][info][gc,heap        ] GC(1121) PSYoungGen: 36416K(36864K)->576K(36864K) Eden: 35840K(35840K)->0K(35840K) From: 576K(1024K)->576K(1024K)
[187.954s][info][gc,heap        ] GC(1121) ParOldGen: 8190K(349696K)->8190K(349696K)
[187.954s][info][gc,metaspace   ] GC(1121) Metaspace: 9949K(10368K)->9949K(10368K) NonClass: 8647K(8896K)->8647K(8896K) Class: 1302K(1472K)->1302K(1472K)
[187.954s][info][gc             ] GC(1121) Pause Young (Allocation Failure) 43M->8M(377M) 0.841ms
[187.954s][info][gc,cpu         ] GC(1121) User=0.00s Sys=0.00s Real=0.00s
[188.097s][info][gc,start       ] GC(1122) Pause Young (Allocation Failure)
[188.098s][info][gc,heap        ] GC(1122) PSYoungGen: 36416K(36864K)->640K(36864K) Eden: 35840K(35840K)->0K(35840K) From: 576K(1024K)->640K(1024K)
[188.098s][info][gc,heap        ] GC(1122) ParOldGen: 8190K(349696K)->8190K(349696K)
[188.098s][info][gc,metaspace   ] GC(1122) Metaspace: 9949K(10368K)->9949K(10368K) NonClass: 8647K(8896K)->8647K(8896K) Class: 1302K(1472K)->1302K(1472K)
[188.098s][info][gc             ] GC(1122) Pause Young (Allocation Failure) 43M->8M(377M) 0.934ms
[188.098s][info][gc,cpu         ] GC(1122) User=0.00s Sys=0.00s Real=0.00s
[188.244s][info][gc,start       ] GC(1123) Pause Young (Allocation Failure)
[188.245s][info][gc,heap        ] GC(1123) PSYoungGen: 36480K(36864K)->640K(36864K) Eden: 35840K(35840K)->0K(35840K) From: 640K(1024K)->640K(1024K)
[188.245s][info][gc,heap        ] GC(1123) ParOldGen: 8190K(349696K)->8198K(349696K)
[188.245s][info][gc,metaspace   ] GC(1123) Metaspace: 9949K(10368K)->9949K(10368K) NonClass: 8647K(8896K)->8647K(8896K) Class: 1302K(1472K)->1302K(1472K)
[188.245s][info][gc             ] GC(1123) Pause Young (Allocation Failure) 43M->8M(377M) 0.878ms
[188.245s][info][gc,cpu         ] GC(1123) User=0.00s Sys=0.00s Real=0.00s
[188.399s][info][gc,start       ] GC(1124) Pause Young (Allocation Failure)
[188.399s][info][gc,heap        ] GC(1124) PSYoungGen: 36480K(36864K)->576K(36864K) Eden: 35840K(35840K)->0K(35840K) From: 640K(1024K)->576K(1024K)
[188.399s][info][gc,heap        ] GC(1124) ParOldGen: 8198K(349696K)->8198K(349696K)
[188.399s][info][gc,metaspace   ] GC(1124) Metaspace: 9949K(10368K)->9949K(10368K) NonClass: 8647K(8896K)->8647K(8896K) Class: 1302K(1472K)->1302K(1472K)
[188.399s][info][gc             ] GC(1124) Pause Young (Allocation Failure) 43M->8M(377M) 0.878ms
[188.399s][info][gc,cpu         ] GC(1124) User=0.00s Sys=0.00s Real=0.00s
[188.544s][info][gc,start       ] GC(1125) Pause Young (Allocation Failure)
[188.545s][info][gc,heap        ] GC(1125) PSYoungGen: 36416K(36864K)->640K(36864K) Eden: 35840K(35840K)->0K(35840K) From: 576K(1024K)->640K(1024K)
[188.545s][info][gc,heap        ] GC(1125) ParOldGen: 8198K(349696K)->8198K(349696K)
[188.545s][info][gc,metaspace   ] GC(1125) Metaspace: 9949K(10368K)->9949K(10368K) NonClass: 8647K(8896K)->8647K(8896K) Class: 1302K(1472K)->1302K(1472K)
[188.545s][info][gc             ] GC(1125) Pause Young (Allocation Failure) 43M->8M(377M) 0.894ms
[188.545s][info][gc,cpu         ] GC(1125) User=0.00s Sys=0.00s Real=0.00s
[188.683s][info][gc,start       ] GC(1126) Pause Young (Allocation Failure)
[188.684s][info][gc,heap        ] GC(1126) PSYoungGen: 36480K(36864K)->576K(36864K) Eden: 35840K(35840K)->0K(35840K) From: 640K(1024K)->576K(1024K)
[188.684s][info][gc,heap        ] GC(1126) ParOldGen: 8198K(349696K)->8198K(349696K)
[188.684s][info][gc,metaspace   ] GC(1126) Metaspace: 9949K(10368K)->9949K(10368K) NonClass: 8647K(8896K)->8647K(8896K) Class: 1302K(1472K)->1302K(1472K)
[188.684s][info][gc             ] GC(1126) Pause Young (Allocation Failure) 43M->8M(377M) 0.962ms
[188.684s][info][gc,cpu         ] GC(1126) User=0.14s Sys=0.00s Real=0.02s
[188.831s][info][gc,start       ] GC(1127) Pause Young (Allocation Failure)
[188.832s][info][gc,heap        ] GC(1127) PSYoungGen: 36416K(36864K)->608K(36864K) Eden: 35840K(35840K)->0K(35840K) From: 576K(1024K)->608K(1024K)
[188.832s][info][gc,heap        ] GC(1127) ParOldGen: 8198K(349696K)->8198K(349696K)
[188.832s][info][gc,metaspace   ] GC(1127) Metaspace: 9949K(10368K)->9949K(10368K) NonClass: 8647K(8896K)->8647K(8896K) Class: 1302K(1472K)->1302K(1472K)
[188.832s][info][gc             ] GC(1127) Pause Young (Allocation Failure) 43M->8M(377M) 0.860ms
[188.832s][info][gc,cpu         ] GC(1127) User=0.00s Sys=0.00s Real=0.00s
[188.977s][info][gc,start       ] GC(1128) Pause Young (Allocation Failure)
[188.978s][info][gc,heap        ] GC(1128) PSYoungGen: 36448K(36864K)->576K(36864K) Eden: 35840K(35840K)->0K(35840K) From: 608K(1024K)->576K(1024K)
[188.978s][info][gc,heap        ] GC(1128) ParOldGen: 8198K(349696K)->8198K(349696K)
[188.978s][info][gc,metaspace   ] GC(1128) Metaspace: 9949K(10368K)->9949K(10368K) NonClass: 8647K(8896K)->8647K(8896K) Class: 1302K(1472K)->1302K(1472K)
[188.978s][info][gc             ] GC(1128) Pause Young (Allocation Failure) 43M->8M(377M) 0.880ms
[188.978s][info][gc,cpu         ] GC(1128) User=0.00s Sys=0.00s Real=0.00s
[189.126s][info][gc,start       ] GC(1129) Pause Young (Allocation Failure)
[189.127s][info][gc,heap        ] GC(1129) PSYoungGen: 36416K(36864K)->576K(36864K) Eden: 35840K(35840K)->0K(35840K) From: 576K(1024K)->576K(1024K)
[189.127s][info][gc,heap        ] GC(1129) ParOldGen: 8198K(349696K)->8198K(349696K)
[189.127s][info][gc,metaspace   ] GC(1129) Metaspace: 9949K(10368K)->9949K(10368K) NonClass: 8647K(8896K)->8647K(8896K) Class: 1302K(1472K)->1302K(1472K)
[189.127s][info][gc             ] GC(1129) Pause Young (Allocation Failure) 43M->8M(377M) 0.825ms
[189.127s][info][gc,cpu         ] GC(1129) User=0.00s Sys=0.00s Real=0.00s
[189.277s][info][gc,start       ] GC(1130) Pause Young (Allocation Failure)
[189.278s][info][gc,heap        ] GC(1130) PSYoungGen: 36416K(36864K)->576K(36864K) Eden: 35840K(35840K)->0K(35840K) From: 576K(1024K)->576K(1024K)
[189.278s][info][gc,heap        ] GC(1130) ParOldGen: 8198K(349696K)->8198K(349696K)
[189.278s][info][gc,metaspace   ] GC(1130) Metaspace: 9949K(10368K)->9949K(10368K) NonClass: 8647K(8896K)->8647K(8896K) Class: 1302K(1472K)->1302K(1472K)
[189.278s][info][gc             ] GC(1130) Pause Young (Allocation Failure) 43M->8M(377M) 0.854ms
[189.278s][info][gc,cpu         ] GC(1130) User=0.00s Sys=0.00s Real=0.00s
[189.395s][info][gc,start       ] GC(1131) Pause Young (System.gc())
[189.396s][info][gc,heap        ] GC(1131) PSYoungGen: 28962K(36864K)->576K(36864K) Eden: 28386K(35840K)->0K(35840K) From: 576K(1024K)->576K(1024K)
[189.396s][info][gc,heap        ] GC(1131) ParOldGen: 8198K(349696K)->8198K(349696K)
[189.396s][info][gc,metaspace   ] GC(1131) Metaspace: 9949K(10368K)->9949K(10368K) NonClass: 8647K(8896K)->8647K(8896K) Class: 1302K(1472K)->1302K(1472K)
[189.396s][info][gc             ] GC(1131) Pause Young (System.gc()) 36M->8M(377M) 0.766ms
[189.396s][info][gc,cpu         ] GC(1131) User=0.00s Sys=0.00s Real=0.00s
[189.396s][info][gc,start       ] GC(1132) Pause Full (System.gc())
[189.396s][info][gc,phases,start] GC(1132) Marking Phase
[189.409s][info][gc,phases      ] GC(1132) Marking Phase 13.240ms
[189.409s][info][gc,phases,start] GC(1132) Summary Phase
[189.409s][info][gc,phases      ] GC(1132) Summary Phase 0.032ms
[189.409s][info][gc,phases,start] GC(1132) Adjust Roots
[189.414s][info][gc,phases      ] GC(1132) Adjust Roots 4.257ms
[189.414s][info][gc,phases,start] GC(1132) Compaction Phase
[189.417s][info][gc,phases      ] GC(1132) Compaction Phase 2.980ms
[189.417s][info][gc,phases,start] GC(1132) Post Compact
[189.417s][info][gc,phases      ] GC(1132) Post Compact 0.286ms
[189.417s][info][gc,heap        ] GC(1132) PSYoungGen: 576K(36864K)->0K(36864K) Eden: 0K(35840K)->0K(35840K) From: 576K(1024K)->0K(1024K)
[189.417s][info][gc,heap        ] GC(1132) ParOldGen: 8198K(349696K)->4078K(349696K)
[189.417s][info][gc,metaspace   ] GC(1132) Metaspace: 9949K(10368K)->9949K(10368K) NonClass: 8647K(8896K)->8647K(8896K) Class: 1302K(1472K)->1302K(1472K)
[189.417s][info][gc             ] GC(1132) Pause Full (System.gc()) 8M->3M(377M) 21.136ms
[189.417s][info][gc,cpu         ] GC(1132) User=0.23s Sys=0.00s Real=0.03s
[189.572s][info][gc,start       ] GC(1133) Pause Young (Allocation Failure)
[189.573s][info][gc,heap        ] GC(1133) PSYoungGen: 35840K(36864K)->1024K(36864K) Eden: 35840K(35840K)->0K(35840K) From: 0K(1024K)->1024K(1024K)
[189.573s][info][gc,heap        ] GC(1133) ParOldGen: 4078K(349696K)->4342K(349696K)
[189.573s][info][gc,metaspace   ] GC(1133) Metaspace: 9949K(10368K)->9949K(10368K) NonClass: 8647K(8896K)->8647K(8896K) Class: 1302K(1472K)->1302K(1472K)
[189.573s][info][gc             ] GC(1133) Pause Young (Allocation Failure) 38M->5M(377M) 1.481ms
[189.573s][info][gc,cpu         ] GC(1133) User=0.00s Sys=0.00s Real=0.00s
[189.716s][info][gc,start       ] GC(1134) Pause Young (Allocation Failure)
[189.717s][info][gc,heap        ] GC(1134) PSYoungGen: 36864K(36864K)->928K(36352K) Eden: 35840K(35840K)->0K(35328K) From: 1024K(1024K)->928K(1024K)
[189.717s][info][gc,heap        ] GC(1134) ParOldGen: 4342K(349696K)->4942K(349696K)
[189.717s][info][gc,metaspace   ] GC(1134) Metaspace: 9949K(10368K)->9949K(10368K) NonClass: 8647K(8896K)->8647K(8896K) Class: 1302K(1472K)->1302K(1472K)
[189.717s][info][gc             ] GC(1134) Pause Young (Allocation Failure) 40M->5M(377M) 1.514ms
[189.717s][info][gc,cpu         ] GC(1134) User=0.00s Sys=0.00s Real=0.00s
[189.859s][info][gc,start       ] GC(1135) Pause Young (Allocation Failure)
[189.860s][info][gc,heap        ] GC(1135) PSYoungGen: 36255K(36352K)->768K(36864K) Eden: 35327K(35328K)->0K(35328K) From: 928K(1024K)->768K(1536K)
[189.860s][info][gc,heap        ] GC(1135) ParOldGen: 4942K(349696K)->5078K(349696K)
[189.860s][info][gc,metaspace   ] GC(1135) Metaspace: 9949K(10368K)->9949K(10368K) NonClass: 8647K(8896K)->8647K(8896K) Class: 1302K(1472K)->1302K(1472K)
[189.860s][info][gc             ] GC(1135) Pause Young (Allocation Failure) 40M->5M(377M) 1.019ms
[189.860s][info][gc,cpu         ] GC(1135) User=0.00s Sys=0.00s Real=0.00s
[190.002s][info][gc,start       ] GC(1136) Pause Young (Allocation Failure)
[190.003s][info][gc,heap        ] GC(1136) PSYoungGen: 36096K(36864K)->800K(36864K) Eden: 35328K(35328K)->0K(35328K) From: 768K(1536K)->800K(1536K)
[190.003s][info][gc,heap        ] GC(1136) ParOldGen: 5078K(349696K)->5310K(349696K)
[190.003s][info][gc,metaspace   ] GC(1136) Metaspace: 9949K(10368K)->9949K(10368K) NonClass: 8647K(8896K)->8647K(8896K) Class: 1302K(1472K)->1302K(1472K)
[190.003s][info][gc             ] GC(1136) Pause Young (Allocation Failure) 40M->5M(377M) 1.108ms
[190.003s][info][gc,cpu         ] GC(1136) User=0.00s Sys=0.00s Real=0.00s
[190.141s][info][gc,start       ] GC(1137) Pause Young (Allocation Failure)
[190.142s][info][gc,heap        ] GC(1137) PSYoungGen: 36128K(36864K)->576K(36864K) Eden: 35328K(35328K)->0K(35328K) From: 800K(1536K)->576K(1536K)
[190.142s][info][gc,heap        ] GC(1137) ParOldGen: 5310K(349696K)->5582K(349696K)
[190.142s][info][gc,metaspace   ] GC(1137) Metaspace: 9949K(10368K)->9949K(10368K) NonClass: 8647K(8896K)->8647K(8896K) Class: 1302K(1472K)->1302K(1472K)
[190.142s][info][gc             ] GC(1137) Pause Young (Allocation Failure) 40M->6M(377M) 1.046ms
[190.142s][info][gc,cpu         ] GC(1137) User=0.00s Sys=0.00s Real=0.00s
[190.288s][info][gc,start       ] GC(1138) Pause Young (Allocation Failure)
[190.289s][info][gc,heap        ] GC(1138) PSYoungGen: 35904K(36864K)->576K(36864K) Eden: 35328K(35328K)->0K(35328K) From: 576K(1536K)->576K(1536K)
[190.289s][info][gc,heap        ] GC(1138) ParOldGen: 5582K(349696K)->5582K(349696K)
[190.289s][info][gc,metaspace   ] GC(1138) Metaspace: 9949K(10368K)->9949K(10368K) NonClass: 8647K(8896K)->8647K(8896K) Class: 1302K(1472K)->1302K(1472K)
[190.289s][info][gc             ] GC(1138) Pause Young (Allocation Failure) 40M->6M(377M) 0.855ms
[190.289s][info][gc,cpu         ] GC(1138) User=0.00s Sys=0.00s Real=0.00s
[190.433s][info][gc,start       ] GC(1139) Pause Young (Allocation Failure)
[190.434s][info][gc,heap        ] GC(1139) PSYoungGen: 35904K(36864K)->768K(36352K) Eden: 35328K(35328K)->0K(35328K) From: 576K(1536K)->768K(1024K)
[190.434s][info][gc,heap        ] GC(1139) ParOldGen: 5582K(349696K)->5582K(349696K)
[190.434s][info][gc,metaspace   ] GC(1139) Metaspace: 9949K(10368K)->9949K(10368K) NonClass: 8647K(8896K)->8647K(8896K) Class: 1302K(1472K)->1302K(1472K)
[190.435s][info][gc             ] GC(1139) Pause Young (Allocation Failure) 40M->6M(377M) 1.143ms
[190.435s][info][gc,cpu         ] GC(1139) User=0.00s Sys=0.00s Real=0.00s
[190.584s][info][gc,start       ] GC(1140) Pause Young (Allocation Failure)
[190.585s][info][gc,heap        ] GC(1140) PSYoungGen: 36096K(36352K)->576K(36352K) Eden: 35328K(35328K)->0K(35328K) From: 768K(1024K)->576K(1024K)
[190.585s][info][gc,heap        ] GC(1140) ParOldGen: 5582K(349696K)->5814K(349696K)
[190.585s][info][gc,metaspace   ] GC(1140) Metaspace: 9949K(10368K)->9949K(10368K) NonClass: 8647K(8896K)->8647K(8896K) Class: 1302K(1472K)->1302K(1472K)
[190.585s][info][gc             ] GC(1140) Pause Young (Allocation Failure) 40M->6M(377M) 1.004ms
[190.585s][info][gc,cpu         ] GC(1140) User=0.00s Sys=0.00s Real=0.00s
[190.731s][info][gc,start       ] GC(1141) Pause Young (Allocation Failure)
[190.732s][info][gc,heap        ] GC(1141) PSYoungGen: 35904K(36352K)->896K(36352K) Eden: 35328K(35328K)->0K(35328K) From: 576K(1024K)->896K(1024K)
[190.732s][info][gc,heap        ] GC(1141) ParOldGen: 5814K(349696K)->5814K(349696K)
[190.732s][info][gc,metaspace   ] GC(1141) Metaspace: 9949K(10368K)->9949K(10368K) NonClass: 8647K(8896K)->8647K(8896K) Class: 1302K(1472K)->1302K(1472K)
[190.732s][info][gc             ] GC(1141) Pause Young (Allocation Failure) 40M->6M(377M) 1.011ms
[190.732s][info][gc,cpu         ] GC(1141) User=0.00s Sys=0.00s Real=0.00s
[190.870s][info][gc,start       ] GC(1142) Pause Young (Allocation Failure)
[190.871s][info][gc,heap        ] GC(1142) PSYoungGen: 36223K(36352K)->480K(36864K) Eden: 35327K(35328K)->0K(35328K) From: 896K(1024K)->480K(1536K)
[190.871s][info][gc,heap        ] GC(1142) ParOldGen: 5814K(349696K)->6038K(349696K)
[190.871s][info][gc,metaspace   ] GC(1142) Metaspace: 9949K(10368K)->9949K(10368K) NonClass: 8647K(8896K)->8647K(8896K) Class: 1302K(1472K)->1302K(1472K)
[190.871s][info][gc             ] GC(1142) Pause Young (Allocation Failure) 41M->6M(377M) 0.954ms
[190.871s][info][gc,cpu         ] GC(1142) User=0.00s Sys=0.00s Real=0.00s
[191.014s][info][gc,start       ] GC(1143) Pause Young (Allocation Failure)
[191.015s][info][gc,heap        ] GC(1143) PSYoungGen: 35808K(36864K)->800K(36864K) Eden: 35328K(35328K)->0K(35328K) From: 480K(1536K)->800K(1536K)
[191.015s][info][gc,heap        ] GC(1143) ParOldGen: 6038K(349696K)->6094K(349696K)
[191.015s][info][gc,metaspace   ] GC(1143) Metaspace: 9949K(10368K)->9949K(10368K) NonClass: 8647K(8896K)->8647K(8896K) Class: 1302K(1472K)->1302K(1472K)
[191.015s][info][gc             ] GC(1143) Pause Young (Allocation Failure) 40M->6M(377M) 0.951ms
[191.015s][info][gc,cpu         ] GC(1143) User=0.00s Sys=0.00s Real=0.00s
[191.162s][info][gc,start       ] GC(1144) Pause Young (Allocation Failure)
[191.163s][info][gc,heap        ] GC(1144) PSYoungGen: 36128K(36864K)->576K(36864K) Eden: 35328K(35328K)->0K(35328K) From: 800K(1536K)->576K(1536K)
[191.163s][info][gc,heap        ] GC(1144) ParOldGen: 6094K(349696K)->6310K(349696K)
[191.163s][info][gc,metaspace   ] GC(1144) Metaspace: 9949K(10368K)->9949K(10368K) NonClass: 8647K(8896K)->8647K(8896K) Class: 1302K(1472K)->1302K(1472K)
[191.163s][info][gc             ] GC(1144) Pause Young (Allocation Failure) 41M->6M(377M) 1.000ms
[191.163s][info][gc,cpu         ] GC(1144) User=0.00s Sys=0.02s Real=0.02s
[191.306s][info][gc,start       ] GC(1145) Pause Young (Allocation Failure)
[191.307s][info][gc,heap        ] GC(1145) PSYoungGen: 35904K(36864K)->576K(36864K) Eden: 35328K(35328K)->0K(35328K) From: 576K(1536K)->576K(1536K)
[191.307s][info][gc,heap        ] GC(1145) ParOldGen: 6310K(349696K)->6310K(349696K)
[191.307s][info][gc,metaspace   ] GC(1145) Metaspace: 9949K(10368K)->9949K(10368K) NonClass: 8647K(8896K)->8647K(8896K) Class: 1302K(1472K)->1302K(1472K)
[191.307s][info][gc             ] GC(1145) Pause Young (Allocation Failure) 41M->6M(377M) 0.839ms
[191.307s][info][gc,cpu         ] GC(1145) User=0.00s Sys=0.00s Real=0.00s
[191.437s][info][gc,start       ] GC(1146) Pause Young (Allocation Failure)
[191.443s][info][gc,heap        ] GC(1146) PSYoungGen: 35904K(36864K)->768K(36864K) Eden: 35328K(35328K)->0K(35328K) From: 576K(1536K)->768K(1536K)
[191.443s][info][gc,heap        ] GC(1146) ParOldGen: 6310K(349696K)->6374K(349696K)
[191.443s][info][gc,metaspace   ] GC(1146) Metaspace: 9949K(10368K)->9949K(10368K) NonClass: 8647K(8896K)->8647K(8896K) Class: 1302K(1472K)->1302K(1472K)
[191.443s][info][gc             ] GC(1146) Pause Young (Allocation Failure) 41M->6M(377M) 5.806ms
[191.443s][info][gc,cpu         ] GC(1146) User=0.00s Sys=0.00s Real=0.00s
[191.582s][info][gc,start       ] GC(1147) Pause Young (Allocation Failure)
[191.583s][info][gc,heap        ] GC(1147) PSYoungGen: 36096K(36864K)->576K(36352K) Eden: 35328K(35328K)->0K(35328K) From: 768K(1536K)->576K(1024K)
[191.583s][info][gc,heap        ] GC(1147) ParOldGen: 6374K(349696K)->6606K(349696K)
[191.583s][info][gc,metaspace   ] GC(1147) Metaspace: 9949K(10368K)->9949K(10368K) NonClass: 8647K(8896K)->8647K(8896K) Class: 1302K(1472K)->1302K(1472K)
[191.583s][info][gc             ] GC(1147) Pause Young (Allocation Failure) 41M->7M(377M) 1.095ms
[191.583s][info][gc,cpu         ] GC(1147) User=0.00s Sys=0.00s Real=0.00s
[191.719s][info][gc,start       ] GC(1148) Pause Young (Allocation Failure)
[191.720s][info][gc,heap        ] GC(1148) PSYoungGen: 35904K(36352K)->576K(36352K) Eden: 35328K(35328K)->0K(35328K) From: 576K(1024K)->576K(1024K)
[191.720s][info][gc,heap        ] GC(1148) ParOldGen: 6606K(349696K)->6606K(349696K)
[191.720s][info][gc,metaspace   ] GC(1148) Metaspace: 9949K(10368K)->9949K(10368K) NonClass: 8647K(8896K)->8647K(8896K) Class: 1302K(1472K)->1302K(1472K)
[191.720s][info][gc             ] GC(1148) Pause Young (Allocation Failure) 41M->7M(377M) 0.871ms
[191.720s][info][gc,cpu         ] GC(1148) User=0.00s Sys=0.00s Real=0.00s
[191.856s][info][gc,start       ] GC(1149) Pause Young (Allocation Failure)
[191.857s][info][gc,heap        ] GC(1149) PSYoungGen: 35904K(36352K)->576K(36352K) Eden: 35328K(35328K)->0K(35328K) From: 576K(1024K)->576K(1024K)
[191.857s][info][gc,heap        ] GC(1149) ParOldGen: 6606K(349696K)->6606K(349696K)
[191.857s][info][gc,metaspace   ] GC(1149) Metaspace: 9949K(10368K)->9949K(10368K) NonClass: 8647K(8896K)->8647K(8896K) Class: 1302K(1472K)->1302K(1472K)
[191.857s][info][gc             ] GC(1149) Pause Young (Allocation Failure) 41M->7M(377M) 0.882ms
[191.857s][info][gc,cpu         ] GC(1149) User=0.00s Sys=0.00s Real=0.00s
[191.997s][info][gc,start       ] GC(1150) Pause Young (Allocation Failure)
[191.998s][info][gc,heap        ] GC(1150) PSYoungGen: 35904K(36352K)->832K(36352K) Eden: 35328K(35328K)->0K(35328K) From: 576K(1024K)->832K(1024K)
[191.998s][info][gc,heap        ] GC(1150) ParOldGen: 6606K(349696K)->6630K(349696K)
[191.998s][info][gc,metaspace   ] GC(1150) Metaspace: 9949K(10368K)->9949K(10368K) NonClass: 8647K(8896K)->8647K(8896K) Class: 1302K(1472K)->1302K(1472K)
[191.998s][info][gc             ] GC(1150) Pause Young (Allocation Failure) 41M->7M(377M) 0.933ms
[191.998s][info][gc,cpu         ] GC(1150) User=0.00s Sys=0.00s Real=0.00s
[192.149s][info][gc,start       ] GC(1151) Pause Young (Allocation Failure)
[192.150s][info][gc,heap        ] GC(1151) PSYoungGen: 36160K(36352K)->736K(36352K) Eden: 35328K(35328K)->0K(35328K) From: 832K(1024K)->736K(1024K)
[192.150s][info][gc,heap        ] GC(1151) ParOldGen: 6630K(349696K)->6846K(349696K)
[192.150s][info][gc,metaspace   ] GC(1151) Metaspace: 9949K(10368K)->9949K(10368K) NonClass: 8647K(8896K)->8647K(8896K) Class: 1302K(1472K)->1302K(1472K)
[192.150s][info][gc             ] GC(1151) Pause Young (Allocation Failure) 41M->7M(377M) 0.996ms
[192.150s][info][gc,cpu         ] GC(1151) User=0.00s Sys=0.00s Real=0.00s
[192.295s][info][gc,start       ] GC(1152) Pause Young (Allocation Failure)
[192.296s][info][gc,heap        ] GC(1152) PSYoungGen: 36064K(36352K)->608K(36352K) Eden: 35328K(35328K)->0K(35328K) From: 736K(1024K)->608K(1024K)
[192.296s][info][gc,heap        ] GC(1152) ParOldGen: 6846K(349696K)->6846K(349696K)
[192.296s][info][gc,metaspace   ] GC(1152) Metaspace: 9949K(10368K)->9949K(10368K) NonClass: 8647K(8896K)->8647K(8896K) Class: 1302K(1472K)->1302K(1472K)
[192.296s][info][gc             ] GC(1152) Pause Young (Allocation Failure) 41M->7M(377M) 0.967ms
[192.296s][info][gc,cpu         ] GC(1152) User=0.00s Sys=0.02s Real=0.02s
[192.434s][info][gc,start       ] GC(1153) Pause Young (Allocation Failure)
[192.435s][info][gc,heap        ] GC(1153) PSYoungGen: 35936K(36352K)->544K(36352K) Eden: 35328K(35328K)->0K(35328K) From: 608K(1024K)->544K(1024K)
[192.435s][info][gc,heap        ] GC(1153) ParOldGen: 6846K(349696K)->6846K(349696K)
[192.435s][info][gc,metaspace   ] GC(1153) Metaspace: 9949K(10368K)->9949K(10368K) NonClass: 8647K(8896K)->8647K(8896K) Class: 1302K(1472K)->1302K(1472K)
[192.435s][info][gc             ] GC(1153) Pause Young (Allocation Failure) 41M->7M(377M) 0.813ms
[192.435s][info][gc,cpu         ] GC(1153) User=0.00s Sys=0.00s Real=0.00s
[192.573s][info][gc,start       ] GC(1154) Pause Young (Allocation Failure)
[192.574s][info][gc,heap        ] GC(1154) PSYoungGen: 35872K(36352K)->608K(36352K) Eden: 35328K(35328K)->0K(35328K) From: 544K(1024K)->608K(1024K)
[192.574s][info][gc,heap        ] GC(1154) ParOldGen: 6846K(349696K)->6846K(349696K)
[192.574s][info][gc,metaspace   ] GC(1154) Metaspace: 9949K(10368K)->9949K(10368K) NonClass: 8647K(8896K)->8647K(8896K) Class: 1302K(1472K)->1302K(1472K)
[192.574s][info][gc             ] GC(1154) Pause Young (Allocation Failure) 41M->7M(377M) 0.862ms
[192.574s][info][gc,cpu         ] GC(1154) User=0.00s Sys=0.00s Real=0.00s
[192.715s][info][gc,start       ] GC(1155) Pause Young (Allocation Failure)
[192.716s][info][gc,heap        ] GC(1155) PSYoungGen: 35936K(36352K)->576K(36352K) Eden: 35328K(35328K)->0K(35328K) From: 608K(1024K)->576K(1024K)
[192.716s][info][gc,heap        ] GC(1155) ParOldGen: 6846K(349696K)->6846K(349696K)
[192.716s][info][gc,metaspace   ] GC(1155) Metaspace: 9949K(10368K)->9949K(10368K) NonClass: 8647K(8896K)->8647K(8896K) Class: 1302K(1472K)->1302K(1472K)
[192.716s][info][gc             ] GC(1155) Pause Young (Allocation Failure) 41M->7M(377M) 0.840ms
[192.716s][info][gc,cpu         ] GC(1155) User=0.00s Sys=0.00s Real=0.00s
[192.858s][info][gc,start       ] GC(1156) Pause Young (Allocation Failure)
[192.859s][info][gc,heap        ] GC(1156) PSYoungGen: 35904K(36352K)->576K(36352K) Eden: 35328K(35328K)->0K(35328K) From: 576K(1024K)->576K(1024K)
[192.859s][info][gc,heap        ] GC(1156) ParOldGen: 6846K(349696K)->6846K(349696K)
[192.859s][info][gc,metaspace   ] GC(1156) Metaspace: 9949K(10368K)->9949K(10368K) NonClass: 8647K(8896K)->8647K(8896K) Class: 1302K(1472K)->1302K(1472K)
[192.859s][info][gc             ] GC(1156) Pause Young (Allocation Failure) 41M->7M(377M) 0.933ms
[192.859s][info][gc,cpu         ] GC(1156) User=0.00s Sys=0.00s Real=0.00s
[193.003s][info][gc,start       ] GC(1157) Pause Young (Allocation Failure)
[193.004s][info][gc,heap        ] GC(1157) PSYoungGen: 35904K(36352K)->576K(36352K) Eden: 35328K(35328K)->0K(35328K) From: 576K(1024K)->576K(1024K)
[193.004s][info][gc,heap        ] GC(1157) ParOldGen: 6846K(349696K)->6846K(349696K)
[193.004s][info][gc,metaspace   ] GC(1157) Metaspace: 9949K(10368K)->9949K(10368K) NonClass: 8647K(8896K)->8647K(8896K) Class: 1302K(1472K)->1302K(1472K)
[193.004s][info][gc             ] GC(1157) Pause Young (Allocation Failure) 41M->7M(377M) 0.835ms
[193.004s][info][gc,cpu         ] GC(1157) User=0.00s Sys=0.00s Real=0.00s
[193.146s][info][gc,start       ] GC(1158) Pause Young (Allocation Failure)
[193.147s][info][gc,heap        ] GC(1158) PSYoungGen: 35904K(36352K)->608K(36352K) Eden: 35328K(35328K)->0K(35328K) From: 576K(1024K)->608K(1024K)
[193.147s][info][gc,heap        ] GC(1158) ParOldGen: 6846K(349696K)->6846K(349696K)
[193.147s][info][gc,metaspace   ] GC(1158) Metaspace: 9949K(10368K)->9949K(10368K) NonClass: 8647K(8896K)->8647K(8896K) Class: 1302K(1472K)->1302K(1472K)
[193.147s][info][gc             ] GC(1158) Pause Young (Allocation Failure) 41M->7M(377M) 0.855ms
[193.147s][info][gc,cpu         ] GC(1158) User=0.00s Sys=0.00s Real=0.00s
[193.291s][info][gc,start       ] GC(1159) Pause Young (Allocation Failure)
[193.292s][info][gc,heap        ] GC(1159) PSYoungGen: 35936K(36352K)->576K(36352K) Eden: 35328K(35328K)->0K(35328K) From: 608K(1024K)->576K(1024K)
[193.292s][info][gc,heap        ] GC(1159) ParOldGen: 6846K(349696K)->6846K(349696K)
[193.292s][info][gc,metaspace   ] GC(1159) Metaspace: 9949K(10368K)->9949K(10368K) NonClass: 8647K(8896K)->8647K(8896K) Class: 1302K(1472K)->1302K(1472K)
[193.292s][info][gc             ] GC(1159) Pause Young (Allocation Failure) 41M->7M(377M) 0.870ms
[193.292s][info][gc,cpu         ] GC(1159) User=0.00s Sys=0.00s Real=0.00s
[193.433s][info][gc,start       ] GC(1160) Pause Young (Allocation Failure)
[193.434s][info][gc,heap        ] GC(1160) PSYoungGen: 35904K(36352K)->576K(36352K) Eden: 35328K(35328K)->0K(35328K) From: 576K(1024K)->576K(1024K)
[193.434s][info][gc,heap        ] GC(1160) ParOldGen: 6846K(349696K)->6846K(349696K)
[193.434s][info][gc,metaspace   ] GC(1160) Metaspace: 9949K(10368K)->9949K(10368K) NonClass: 8647K(8896K)->8647K(8896K) Class: 1302K(1472K)->1302K(1472K)
[193.434s][info][gc             ] GC(1160) Pause Young (Allocation Failure) 41M->7M(377M) 0.870ms
[193.434s][info][gc,cpu         ] GC(1160) User=0.00s Sys=0.00s Real=0.00s
[193.581s][info][gc,start       ] GC(1161) Pause Young (Allocation Failure)
[193.582s][info][gc,heap        ] GC(1161) PSYoungGen: 35904K(36352K)->576K(36352K) Eden: 35328K(35328K)->0K(35328K) From: 576K(1024K)->576K(1024K)
[193.582s][info][gc,heap        ] GC(1161) ParOldGen: 6846K(349696K)->6846K(349696K)
[193.582s][info][gc,metaspace   ] GC(1161) Metaspace: 9949K(10368K)->9949K(10368K) NonClass: 8647K(8896K)->8647K(8896K) Class: 1302K(1472K)->1302K(1472K)
[193.582s][info][gc             ] GC(1161) Pause Young (Allocation Failure) 41M->7M(377M) 0.869ms
[193.582s][info][gc,cpu         ] GC(1161) User=0.00s Sys=0.00s Real=0.00s
[193.716s][info][gc,start       ] GC(1162) Pause Young (Allocation Failure)
[193.717s][info][gc,heap        ] GC(1162) PSYoungGen: 35904K(36352K)->800K(36352K) Eden: 35328K(35328K)->0K(35328K) From: 576K(1024K)->800K(1024K)
[193.717s][info][gc,heap        ] GC(1162) ParOldGen: 6846K(349696K)->6854K(349696K)
[193.717s][info][gc,metaspace   ] GC(1162) Metaspace: 9949K(10368K)->9949K(10368K) NonClass: 8647K(8896K)->8647K(8896K) Class: 1302K(1472K)->1302K(1472K)
[193.717s][info][gc             ] GC(1162) Pause Young (Allocation Failure) 41M->7M(377M) 0.968ms
[193.717s][info][gc,cpu         ] GC(1162) User=0.00s Sys=0.00s Real=0.00s
[193.855s][info][gc,start       ] GC(1163) Pause Young (Allocation Failure)
[193.856s][info][gc,heap        ] GC(1163) PSYoungGen: 36128K(36352K)->576K(36352K) Eden: 35328K(35328K)->0K(35328K) From: 800K(1024K)->576K(1024K)
[193.856s][info][gc,heap        ] GC(1163) ParOldGen: 6854K(349696K)->7102K(349696K)
[193.856s][info][gc,metaspace   ] GC(1163) Metaspace: 9949K(10368K)->9949K(10368K) NonClass: 8647K(8896K)->8647K(8896K) Class: 1302K(1472K)->1302K(1472K)
[193.856s][info][gc             ] GC(1163) Pause Young (Allocation Failure) 41M->7M(377M) 1.060ms
[193.856s][info][gc,cpu         ] GC(1163) User=0.00s Sys=0.00s Real=0.00s
[193.997s][info][gc,start       ] GC(1164) Pause Young (Allocation Failure)
[193.998s][info][gc,heap        ] GC(1164) PSYoungGen: 35904K(36352K)->576K(36352K) Eden: 35328K(35328K)->0K(35328K) From: 576K(1024K)->576K(1024K)
[193.998s][info][gc,heap        ] GC(1164) ParOldGen: 7102K(349696K)->7102K(349696K)
[193.998s][info][gc,metaspace   ] GC(1164) Metaspace: 9949K(10368K)->9949K(10368K) NonClass: 8647K(8896K)->8647K(8896K) Class: 1302K(1472K)->1302K(1472K)
[193.998s][info][gc             ] GC(1164) Pause Young (Allocation Failure) 41M->7M(377M) 0.875ms
[193.998s][info][gc,cpu         ] GC(1164) User=0.00s Sys=0.00s Real=0.00s
[194.136s][info][gc,start       ] GC(1165) Pause Young (Allocation Failure)
[194.137s][info][gc,heap        ] GC(1165) PSYoungGen: 35904K(36352K)->608K(36352K) Eden: 35328K(35328K)->0K(35328K) From: 576K(1024K)->608K(1024K)
[194.137s][info][gc,heap        ] GC(1165) ParOldGen: 7102K(349696K)->7102K(349696K)
[194.137s][info][gc,metaspace   ] GC(1165) Metaspace: 9949K(10368K)->9949K(10368K) NonClass: 8647K(8896K)->8647K(8896K) Class: 1302K(1472K)->1302K(1472K)
[194.137s][info][gc             ] GC(1165) Pause Young (Allocation Failure) 41M->7M(377M) 0.859ms
[194.137s][info][gc,cpu         ] GC(1165) User=0.00s Sys=0.00s Real=0.00s
[194.276s][info][gc,start       ] GC(1166) Pause Young (Allocation Failure)
[194.276s][info][gc,heap        ] GC(1166) PSYoungGen: 35936K(36352K)->576K(36352K) Eden: 35328K(35328K)->0K(35328K) From: 608K(1024K)->576K(1024K)
[194.276s][info][gc,heap        ] GC(1166) ParOldGen: 7102K(349696K)->7102K(349696K)
[194.276s][info][gc,metaspace   ] GC(1166) Metaspace: 9949K(10368K)->9949K(10368K) NonClass: 8647K(8896K)->8647K(8896K) Class: 1302K(1472K)->1302K(1472K)
[194.276s][info][gc             ] GC(1166) Pause Young (Allocation Failure) 42M->7M(377M) 0.855ms
[194.276s][info][gc,cpu         ] GC(1166) User=0.00s Sys=0.00s Real=0.00s
[194.416s][info][gc,start       ] GC(1167) Pause Young (Allocation Failure)
[194.417s][info][gc,heap        ] GC(1167) PSYoungGen: 35904K(36352K)->608K(36352K) Eden: 35328K(35328K)->0K(35328K) From: 576K(1024K)->608K(1024K)
[194.417s][info][gc,heap        ] GC(1167) ParOldGen: 7102K(349696K)->7102K(349696K)
[194.417s][info][gc,metaspace   ] GC(1167) Metaspace: 9949K(10368K)->9949K(10368K) NonClass: 8647K(8896K)->8647K(8896K) Class: 1302K(1472K)->1302K(1472K)
[194.417s][info][gc             ] GC(1167) Pause Young (Allocation Failure) 41M->7M(377M) 0.894ms
[194.417s][info][gc,cpu         ] GC(1167) User=0.00s Sys=0.00s Real=0.00s
[194.557s][info][gc,start       ] GC(1168) Pause Young (Allocation Failure)
[194.558s][info][gc,heap        ] GC(1168) PSYoungGen: 35936K(36352K)->576K(36352K) Eden: 35328K(35328K)->0K(35328K) From: 608K(1024K)->576K(1024K)
[194.558s][info][gc,heap        ] GC(1168) ParOldGen: 7102K(349696K)->7102K(349696K)
[194.558s][info][gc,metaspace   ] GC(1168) Metaspace: 9949K(10368K)->9949K(10368K) NonClass: 8647K(8896K)->8647K(8896K) Class: 1302K(1472K)->1302K(1472K)
[194.558s][info][gc             ] GC(1168) Pause Young (Allocation Failure) 42M->7M(377M) 0.873ms
[194.558s][info][gc,cpu         ] GC(1168) User=0.00s Sys=0.00s Real=0.00s
[194.697s][info][gc,start       ] GC(1169) Pause Young (Allocation Failure)
[194.698s][info][gc,heap        ] GC(1169) PSYoungGen: 35904K(36352K)->576K(36352K) Eden: 35328K(35328K)->0K(35328K) From: 576K(1024K)->576K(1024K)
[194.698s][info][gc,heap        ] GC(1169) ParOldGen: 7102K(349696K)->7102K(349696K)
[194.698s][info][gc,metaspace   ] GC(1169) Metaspace: 9949K(10368K)->9949K(10368K) NonClass: 8647K(8896K)->8647K(8896K) Class: 1302K(1472K)->1302K(1472K)
[194.698s][info][gc             ] GC(1169) Pause Young (Allocation Failure) 41M->7M(377M) 0.901ms
[194.698s][info][gc,cpu         ] GC(1169) User=0.00s Sys=0.00s Real=0.00s
[194.840s][info][gc,start       ] GC(1170) Pause Young (Allocation Failure)
[194.840s][info][gc,heap        ] GC(1170) PSYoungGen: 35904K(36352K)->544K(36352K) Eden: 35328K(35328K)->0K(35328K) From: 576K(1024K)->544K(1024K)
[194.840s][info][gc,heap        ] GC(1170) ParOldGen: 7102K(349696K)->7102K(349696K)
[194.840s][info][gc,metaspace   ] GC(1170) Metaspace: 9949K(10368K)->9949K(10368K) NonClass: 8647K(8896K)->8647K(8896K) Class: 1302K(1472K)->1302K(1472K)
[194.840s][info][gc             ] GC(1170) Pause Young (Allocation Failure) 41M->7M(377M) 0.886ms
[194.841s][info][gc,cpu         ] GC(1170) User=0.00s Sys=0.00s Real=0.00s
[194.984s][info][gc,start       ] GC(1171) Pause Young (Allocation Failure)
[194.985s][info][gc,heap        ] GC(1171) PSYoungGen: 35872K(36352K)->608K(36352K) Eden: 35328K(35328K)->0K(35328K) From: 544K(1024K)->608K(1024K)
[194.985s][info][gc,heap        ] GC(1171) ParOldGen: 7102K(349696K)->7102K(349696K)
[194.985s][info][gc,metaspace   ] GC(1171) Metaspace: 9949K(10368K)->9949K(10368K) NonClass: 8647K(8896K)->8647K(8896K) Class: 1302K(1472K)->1302K(1472K)
[194.985s][info][gc             ] GC(1171) Pause Young (Allocation Failure) 41M->7M(377M) 0.903ms
[194.985s][info][gc,cpu         ] GC(1171) User=0.00s Sys=0.00s Real=0.00s
[195.130s][info][gc,start       ] GC(1172) Pause Young (Allocation Failure)
[195.131s][info][gc,heap        ] GC(1172) PSYoungGen: 35936K(36352K)->576K(36352K) Eden: 35328K(35328K)->0K(35328K) From: 608K(1024K)->576K(1024K)
[195.131s][info][gc,heap        ] GC(1172) ParOldGen: 7102K(349696K)->7102K(349696K)
[195.131s][info][gc,metaspace   ] GC(1172) Metaspace: 9949K(10368K)->9949K(10368K) NonClass: 8647K(8896K)->8647K(8896K) Class: 1302K(1472K)->1302K(1472K)
[195.131s][info][gc             ] GC(1172) Pause Young (Allocation Failure) 42M->7M(377M) 0.822ms
[195.131s][info][gc,cpu         ] GC(1172) User=0.00s Sys=0.00s Real=0.00s
[195.272s][info][gc,start       ] GC(1173) Pause Young (Allocation Failure)
[195.273s][info][gc,heap        ] GC(1173) PSYoungGen: 35904K(36352K)->608K(36352K) Eden: 35328K(35328K)->0K(35328K) From: 576K(1024K)->608K(1024K)
[195.273s][info][gc,heap        ] GC(1173) ParOldGen: 7102K(349696K)->7110K(349696K)
[195.273s][info][gc,metaspace   ] GC(1173) Metaspace: 9949K(10368K)->9949K(10368K) NonClass: 8647K(8896K)->8647K(8896K) Class: 1302K(1472K)->1302K(1472K)
[195.273s][info][gc             ] GC(1173) Pause Young (Allocation Failure) 41M->7M(377M) 0.891ms
[195.273s][info][gc,cpu         ] GC(1173) User=0.00s Sys=0.00s Real=0.00s
[195.417s][info][gc,start       ] GC(1174) Pause Young (Allocation Failure)
[195.417s][info][gc,heap        ] GC(1174) PSYoungGen: 35936K(36352K)->608K(36352K) Eden: 35328K(35328K)->0K(35328K) From: 608K(1024K)->608K(1024K)
[195.418s][info][gc,heap        ] GC(1174) ParOldGen: 7110K(349696K)->7110K(349696K)
[195.418s][info][gc,metaspace   ] GC(1174) Metaspace: 9949K(10368K)->9949K(10368K) NonClass: 8647K(8896K)->8647K(8896K) Class: 1302K(1472K)->1302K(1472K)
[195.418s][info][gc             ] GC(1174) Pause Young (Allocation Failure) 42M->7M(377M) 0.891ms
[195.418s][info][gc,cpu         ] GC(1174) User=0.00s Sys=0.00s Real=0.00s
[195.567s][info][gc,start       ] GC(1175) Pause Young (Allocation Failure)
[195.567s][info][gc,heap        ] GC(1175) PSYoungGen: 35936K(36352K)->608K(36352K) Eden: 35328K(35328K)->0K(35328K) From: 608K(1024K)->608K(1024K)
[195.567s][info][gc,heap        ] GC(1175) ParOldGen: 7110K(349696K)->7110K(349696K)
[195.568s][info][gc,metaspace   ] GC(1175) Metaspace: 9949K(10368K)->9949K(10368K) NonClass: 8647K(8896K)->8647K(8896K) Class: 1302K(1472K)->1302K(1472K)
[195.568s][info][gc             ] GC(1175) Pause Young (Allocation Failure) 42M->7M(377M) 0.901ms
[195.568s][info][gc,cpu         ] GC(1175) User=0.00s Sys=0.00s Real=0.00s
[195.710s][info][gc,start       ] GC(1176) Pause Young (Allocation Failure)
[195.711s][info][gc,heap        ] GC(1176) PSYoungGen: 35936K(36352K)->576K(36352K) Eden: 35328K(35328K)->0K(35328K) From: 608K(1024K)->576K(1024K)
[195.711s][info][gc,heap        ] GC(1176) ParOldGen: 7110K(349696K)->7110K(349696K)
[195.711s][info][gc,metaspace   ] GC(1176) Metaspace: 9949K(10368K)->9949K(10368K) NonClass: 8647K(8896K)->8647K(8896K) Class: 1302K(1472K)->1302K(1472K)
[195.711s][info][gc             ] GC(1176) Pause Young (Allocation Failure) 42M->7M(377M) 0.853ms
[195.711s][info][gc,cpu         ] GC(1176) User=0.00s Sys=0.00s Real=0.00s
[195.852s][info][gc,start       ] GC(1177) Pause Young (Allocation Failure)
[195.853s][info][gc,heap        ] GC(1177) PSYoungGen: 35904K(36352K)->576K(36352K) Eden: 35328K(35328K)->0K(35328K) From: 576K(1024K)->576K(1024K)
[195.853s][info][gc,heap        ] GC(1177) ParOldGen: 7110K(349696K)->7110K(349696K)
[195.853s][info][gc,metaspace   ] GC(1177) Metaspace: 9949K(10368K)->9949K(10368K) NonClass: 8647K(8896K)->8647K(8896K) Class: 1302K(1472K)->1302K(1472K)
[195.853s][info][gc             ] GC(1177) Pause Young (Allocation Failure) 42M->7M(377M) 0.865ms
[195.853s][info][gc,cpu         ] GC(1177) User=0.00s Sys=0.00s Real=0.00s
[195.993s][info][gc,start       ] GC(1178) Pause Young (Allocation Failure)
[195.994s][info][gc,heap        ] GC(1178) PSYoungGen: 35904K(36352K)->608K(36352K) Eden: 35328K(35328K)->0K(35328K) From: 576K(1024K)->608K(1024K)
[195.994s][info][gc,heap        ] GC(1178) ParOldGen: 7110K(349696K)->7110K(349696K)
[195.994s][info][gc,metaspace   ] GC(1178) Metaspace: 9949K(10368K)->9949K(10368K) NonClass: 8647K(8896K)->8647K(8896K) Class: 1302K(1472K)->1302K(1472K)
[195.994s][info][gc             ] GC(1178) Pause Young (Allocation Failure) 42M->7M(377M) 0.879ms
[195.994s][info][gc,cpu         ] GC(1178) User=0.00s Sys=0.00s Real=0.00s
[196.092s][info][gc,start       ] GC(1179) Pause Young (System.gc())
[196.093s][info][gc,heap        ] GC(1179) PSYoungGen: 23942K(36352K)->576K(36352K) Eden: 23334K(35328K)->0K(35328K) From: 608K(1024K)->576K(1024K)
[196.093s][info][gc,heap        ] GC(1179) ParOldGen: 7110K(349696K)->7150K(349696K)
[196.093s][info][gc,metaspace   ] GC(1179) Metaspace: 9951K(10368K)->9951K(10368K) NonClass: 8648K(8896K)->8648K(8896K) Class: 1302K(1472K)->1302K(1472K)
[196.093s][info][gc             ] GC(1179) Pause Young (System.gc()) 30M->7M(377M) 0.782ms
[196.093s][info][gc,cpu         ] GC(1179) User=0.00s Sys=0.00s Real=0.00s
[196.093s][info][gc,start       ] GC(1180) Pause Full (System.gc())
[196.093s][info][gc,phases,start] GC(1180) Marking Phase
[196.106s][info][gc,phases      ] GC(1180) Marking Phase 13.295ms
[196.106s][info][gc,phases,start] GC(1180) Summary Phase
[196.107s][info][gc,phases      ] GC(1180) Summary Phase 0.033ms
[196.107s][info][gc,phases,start] GC(1180) Adjust Roots
[196.111s][info][gc,phases      ] GC(1180) Adjust Roots 4.263ms
[196.111s][info][gc,phases,start] GC(1180) Compaction Phase
[196.114s][info][gc,phases      ] GC(1180) Compaction Phase 3.001ms
[196.114s][info][gc,phases,start] GC(1180) Post Compact
[196.114s][info][gc,phases      ] GC(1180) Post Compact 0.290ms
[196.114s][info][gc,heap        ] GC(1180) PSYoungGen: 576K(36352K)->0K(36352K) Eden: 0K(35328K)->0K(35328K) From: 576K(1024K)->0K(1024K)
[196.114s][info][gc,heap        ] GC(1180) ParOldGen: 7150K(349696K)->4078K(349696K)
[196.114s][info][gc,metaspace   ] GC(1180) Metaspace: 9951K(10368K)->9951K(10368K) NonClass: 8648K(8896K)->8648K(8896K) Class: 1302K(1472K)->1302K(1472K)
[196.114s][info][gc             ] GC(1180) Pause Full (System.gc()) 7M->3M(377M) 21.251ms
[196.114s][info][gc,cpu         ] GC(1180) User=0.17s Sys=0.00s Real=0.03s
[196.262s][info][gc,start       ] GC(1181) Pause Young (Allocation Failure)
[196.264s][info][gc,heap        ] GC(1181) PSYoungGen: 35328K(36352K)->1024K(36352K) Eden: 35328K(35328K)->0K(35328K) From: 0K(1024K)->1024K(1024K)
[196.264s][info][gc,heap        ] GC(1181) ParOldGen: 4078K(349696K)->4254K(349696K)
[196.264s][info][gc,metaspace   ] GC(1181) Metaspace: 9952K(10368K)->9952K(10368K) NonClass: 8650K(8896K)->8650K(8896K) Class: 1302K(1472K)->1302K(1472K)
[196.264s][info][gc             ] GC(1181) Pause Young (Allocation Failure) 38M->5M(377M) 1.400ms
[196.264s][info][gc,cpu         ] GC(1181) User=0.00s Sys=0.00s Real=0.00s
[196.406s][info][gc,start       ] GC(1182) Pause Young (Allocation Failure)
[196.407s][info][gc,heap        ] GC(1182) PSYoungGen: 36352K(36352K)->960K(36352K) Eden: 35328K(35328K)->0K(35328K) From: 1024K(1024K)->960K(1024K)
[196.408s][info][gc,heap        ] GC(1182) ParOldGen: 4254K(349696K)->4654K(349696K)
[196.408s][info][gc,metaspace   ] GC(1182) Metaspace: 9952K(10368K)->9952K(10368K) NonClass: 8650K(8896K)->8650K(8896K) Class: 1302K(1472K)->1302K(1472K)
[196.408s][info][gc             ] GC(1182) Pause Young (Allocation Failure) 39M->5M(377M) 1.382ms
[196.408s][info][gc,cpu         ] GC(1182) User=0.00s Sys=0.00s Real=0.00s
[196.545s][info][gc,start       ] GC(1183) Pause Young (Allocation Failure)
[196.546s][info][gc,heap        ] GC(1183) PSYoungGen: 36288K(36352K)->544K(36352K) Eden: 35328K(35328K)->0K(35328K) From: 960K(1024K)->544K(1024K)
[196.546s][info][gc,heap        ] GC(1183) ParOldGen: 4654K(349696K)->5110K(349696K)
[196.546s][info][gc,metaspace   ] GC(1183) Metaspace: 9952K(10368K)->9952K(10368K) NonClass: 8650K(8896K)->8650K(8896K) Class: 1302K(1472K)->1302K(1472K)
[196.546s][info][gc             ] GC(1183) Pause Young (Allocation Failure) 39M->5M(377M) 1.342ms
[196.546s][info][gc,cpu         ] GC(1183) User=0.00s Sys=0.00s Real=0.00s
[196.688s][info][gc,start       ] GC(1184) Pause Young (Allocation Failure)
[196.689s][info][gc,heap        ] GC(1184) PSYoungGen: 35872K(36352K)->1024K(36352K) Eden: 35328K(35328K)->0K(35328K) From: 544K(1024K)->1024K(1024K)
[196.690s][info][gc,heap        ] GC(1184) ParOldGen: 5110K(349696K)->5278K(349696K)
[196.690s][info][gc,metaspace   ] GC(1184) Metaspace: 9952K(10368K)->9952K(10368K) NonClass: 8650K(8896K)->8650K(8896K) Class: 1302K(1472K)->1302K(1472K)
[196.690s][info][gc             ] GC(1184) Pause Young (Allocation Failure) 40M->6M(377M) 1.183ms
[196.690s][info][gc,cpu         ] GC(1184) User=0.00s Sys=0.00s Real=0.00s
[196.834s][info][gc,start       ] GC(1185) Pause Young (Allocation Failure)
[196.835s][info][gc,heap        ] GC(1185) PSYoungGen: 36352K(36352K)->672K(36864K) Eden: 35328K(35328K)->0K(35328K) From: 1024K(1024K)->672K(1536K)
[196.835s][info][gc,heap        ] GC(1185) ParOldGen: 5278K(349696K)->5558K(349696K)
[196.835s][info][gc,metaspace   ] GC(1185) Metaspace: 9952K(10368K)->9952K(10368K) NonClass: 8650K(8896K)->8650K(8896K) Class: 1302K(1472K)->1302K(1472K)
[196.835s][info][gc             ] GC(1185) Pause Young (Allocation Failure) 40M->6M(377M) 1.108ms
[196.835s][info][gc,cpu         ] GC(1185) User=0.00s Sys=0.00s Real=0.00s
[196.978s][info][gc,start       ] GC(1186) Pause Young (Allocation Failure)
[196.979s][info][gc,heap        ] GC(1186) PSYoungGen: 36000K(36864K)->608K(36864K) Eden: 35328K(35328K)->0K(35328K) From: 672K(1536K)->608K(1536K)
[196.979s][info][gc,heap        ] GC(1186) ParOldGen: 5558K(349696K)->5750K(349696K)
[196.979s][info][gc,metaspace   ] GC(1186) Metaspace: 9952K(10368K)->9952K(10368K) NonClass: 8650K(8896K)->8650K(8896K) Class: 1302K(1472K)->1302K(1472K)
[196.979s][info][gc             ] GC(1186) Pause Young (Allocation Failure) 40M->6M(377M) 0.976ms
[196.979s][info][gc,cpu         ] GC(1186) User=0.00s Sys=0.00s Real=0.00s
[197.126s][info][gc,start       ] GC(1187) Pause Young (Allocation Failure)
[197.127s][info][gc,heap        ] GC(1187) PSYoungGen: 35936K(36864K)->608K(36352K) Eden: 35328K(35328K)->0K(35328K) From: 608K(1536K)->608K(1024K)
[197.127s][info][gc,heap        ] GC(1187) ParOldGen: 5750K(349696K)->5750K(349696K)
[197.127s][info][gc,metaspace   ] GC(1187) Metaspace: 9952K(10368K)->9952K(10368K) NonClass: 8650K(8896K)->8650K(8896K) Class: 1302K(1472K)->1302K(1472K)
[197.127s][info][gc             ] GC(1187) Pause Young (Allocation Failure) 40M->6M(377M) 1.003ms
[197.127s][info][gc,cpu         ] GC(1187) User=0.00s Sys=0.00s Real=0.00s
[197.270s][info][gc,start       ] GC(1188) Pause Young (Allocation Failure)
[197.271s][info][gc,heap        ] GC(1188) PSYoungGen: 35935K(36352K)->1024K(36352K) Eden: 35327K(35328K)->0K(35328K) From: 608K(1024K)->1024K(1024K)
[197.271s][info][gc,heap        ] GC(1188) ParOldGen: 5750K(349696K)->5814K(349696K)
[197.271s][info][gc,metaspace   ] GC(1188) Metaspace: 9952K(10368K)->9952K(10368K) NonClass: 8650K(8896K)->8650K(8896K) Class: 1302K(1472K)->1302K(1472K)
[197.271s][info][gc             ] GC(1188) Pause Young (Allocation Failure) 40M->6M(377M) 1.111ms
[197.271s][info][gc,cpu         ] GC(1188) User=0.00s Sys=0.00s Real=0.00s
[197.411s][info][gc,start       ] GC(1189) Pause Young (Allocation Failure)
[197.412s][info][gc,heap        ] GC(1189) PSYoungGen: 36352K(36352K)->608K(36864K) Eden: 35328K(35328K)->0K(35328K) From: 1024K(1024K)->608K(1536K)
[197.412s][info][gc,heap        ] GC(1189) ParOldGen: 5814K(349696K)->6254K(349696K)
[197.412s][info][gc,metaspace   ] GC(1189) Metaspace: 9952K(10368K)->9952K(10368K) NonClass: 8650K(8896K)->8650K(8896K) Class: 1302K(1472K)->1302K(1472K)
[197.412s][info][gc             ] GC(1189) Pause Young (Allocation Failure) 41M->6M(377M) 1.247ms
[197.412s][info][gc,cpu         ] GC(1189) User=0.00s Sys=0.00s Real=0.00s
[197.556s][info][gc,start       ] GC(1190) Pause Young (Allocation Failure)
[197.557s][info][gc,heap        ] GC(1190) PSYoungGen: 35936K(36864K)->576K(36864K) Eden: 35328K(35328K)->0K(35328K) From: 608K(1536K)->576K(1536K)
[197.557s][info][gc,heap        ] GC(1190) ParOldGen: 6254K(349696K)->6254K(349696K)
[197.557s][info][gc,metaspace   ] GC(1190) Metaspace: 9952K(10368K)->9952K(10368K) NonClass: 8650K(8896K)->8650K(8896K) Class: 1302K(1472K)->1302K(1472K)
[197.557s][info][gc             ] GC(1190) Pause Young (Allocation Failure) 41M->6M(377M) 0.847ms
[197.557s][info][gc,cpu         ] GC(1190) User=0.00s Sys=0.00s Real=0.00s
[197.696s][info][gc,start       ] GC(1191) Pause Young (Allocation Failure)
[197.697s][info][gc,heap        ] GC(1191) PSYoungGen: 35904K(36864K)->576K(36864K) Eden: 35328K(35328K)->0K(35328K) From: 576K(1536K)->576K(1536K)
[197.697s][info][gc,heap        ] GC(1191) ParOldGen: 6254K(349696K)->6254K(349696K)
[197.697s][info][gc,metaspace   ] GC(1191) Metaspace: 9952K(10368K)->9952K(10368K) NonClass: 8650K(8896K)->8650K(8896K) Class: 1302K(1472K)->1302K(1472K)
[197.697s][info][gc             ] GC(1191) Pause Young (Allocation Failure) 41M->6M(377M) 0.876ms
[197.697s][info][gc,cpu         ] GC(1191) User=0.00s Sys=0.00s Real=0.00s
[197.838s][info][gc,start       ] GC(1192) Pause Young (Allocation Failure)
[197.839s][info][gc,heap        ] GC(1192) PSYoungGen: 35904K(36864K)->736K(36864K) Eden: 35328K(35328K)->0K(35328K) From: 576K(1536K)->736K(1536K)
[197.839s][info][gc,heap        ] GC(1192) ParOldGen: 6254K(349696K)->6294K(349696K)
[197.839s][info][gc,metaspace   ] GC(1192) Metaspace: 9952K(10368K)->9952K(10368K) NonClass: 8650K(8896K)->8650K(8896K) Class: 1302K(1472K)->1302K(1472K)
[197.839s][info][gc             ] GC(1192) Pause Young (Allocation Failure) 41M->6M(377M) 0.963ms
[197.839s][info][gc,cpu         ] GC(1192) User=0.14s Sys=0.00s Real=0.02s
[197.987s][info][gc,start       ] GC(1193) Pause Young (Allocation Failure)
[197.988s][info][gc,heap        ] GC(1193) PSYoungGen: 36064K(36864K)->576K(36864K) Eden: 35328K(35328K)->0K(35328K) From: 736K(1536K)->576K(1536K)
[197.988s][info][gc,heap        ] GC(1193) ParOldGen: 6294K(349696K)->6550K(349696K)
[197.988s][info][gc,metaspace   ] GC(1193) Metaspace: 9952K(10368K)->9952K(10368K) NonClass: 8650K(8896K)->8650K(8896K) Class: 1302K(1472K)->1302K(1472K)
[197.988s][info][gc             ] GC(1193) Pause Young (Allocation Failure) 41M->6M(377M) 1.016ms
[197.988s][info][gc,cpu         ] GC(1193) User=0.00s Sys=0.00s Real=0.00s
[198.130s][info][gc,start       ] GC(1194) Pause Young (Allocation Failure)
[198.131s][info][gc,heap        ] GC(1194) PSYoungGen: 35904K(36864K)->576K(36352K) Eden: 35328K(35328K)->0K(35328K) From: 576K(1536K)->576K(1024K)
[198.131s][info][gc,heap        ] GC(1194) ParOldGen: 6550K(349696K)->6550K(349696K)
[198.131s][info][gc,metaspace   ] GC(1194) Metaspace: 9952K(10368K)->9952K(10368K) NonClass: 8650K(8896K)->8650K(8896K) Class: 1302K(1472K)->1302K(1472K)
[198.131s][info][gc             ] GC(1194) Pause Young (Allocation Failure) 41M->6M(377M) 0.921ms
[198.131s][info][gc,cpu         ] GC(1194) User=0.00s Sys=0.00s Real=0.00s
[198.275s][info][gc,start       ] GC(1195) Pause Young (Allocation Failure)
[198.276s][info][gc,heap        ] GC(1195) PSYoungGen: 35904K(36352K)->896K(35840K) Eden: 35328K(35328K)->0K(34816K) From: 576K(1024K)->896K(1024K)
[198.276s][info][gc,heap        ] GC(1195) ParOldGen: 6550K(349696K)->6566K(349696K)
[198.277s][info][gc,metaspace   ] GC(1195) Metaspace: 9952K(10368K)->9952K(10368K) NonClass: 8650K(8896K)->8650K(8896K) Class: 1302K(1472K)->1302K(1472K)
[198.277s][info][gc             ] GC(1195) Pause Young (Allocation Failure) 41M->7M(376M) 1.090ms
[198.277s][info][gc,cpu         ] GC(1195) User=0.00s Sys=0.00s Real=0.00s
[198.414s][info][gc,start       ] GC(1196) Pause Young (Allocation Failure)
[198.415s][info][gc,heap        ] GC(1196) PSYoungGen: 35712K(35840K)->544K(36352K) Eden: 34816K(34816K)->0K(34816K) From: 896K(1024K)->544K(1536K)
[198.415s][info][gc,heap        ] GC(1196) ParOldGen: 6566K(349696K)->7006K(349696K)
[198.415s][info][gc,metaspace   ] GC(1196) Metaspace: 9952K(10368K)->9952K(10368K) NonClass: 8650K(8896K)->8650K(8896K) Class: 1302K(1472K)->1302K(1472K)
[198.415s][info][gc             ] GC(1196) Pause Young (Allocation Failure) 41M->7M(377M) 1.218ms
[198.415s][info][gc,cpu         ] GC(1196) User=0.00s Sys=0.00s Real=0.00s
[198.560s][info][gc,start       ] GC(1197) Pause Young (Allocation Failure)
[198.561s][info][gc,heap        ] GC(1197) PSYoungGen: 35360K(36352K)->768K(36352K) Eden: 34816K(34816K)->0K(34816K) From: 544K(1536K)->768K(1536K)
[198.561s][info][gc,heap        ] GC(1197) ParOldGen: 7006K(349696K)->7046K(349696K)
[198.561s][info][gc,metaspace   ] GC(1197) Metaspace: 9952K(10368K)->9952K(10368K) NonClass: 8650K(8896K)->8650K(8896K) Class: 1302K(1472K)->1302K(1472K)
[198.561s][info][gc             ] GC(1197) Pause Young (Allocation Failure) 41M->7M(377M) 0.968ms
[198.561s][info][gc,cpu         ] GC(1197) User=0.00s Sys=0.00s Real=0.00s
[198.697s][info][gc,start       ] GC(1198) Pause Young (Allocation Failure)
[198.698s][info][gc,heap        ] GC(1198) PSYoungGen: 35584K(36352K)->672K(35840K) Eden: 34816K(34816K)->0K(34816K) From: 768K(1536K)->672K(1024K)
[198.698s][info][gc,heap        ] GC(1198) ParOldGen: 7046K(349696K)->7238K(349696K)
[198.698s][info][gc,metaspace   ] GC(1198) Metaspace: 9952K(10368K)->9952K(10368K) NonClass: 8650K(8896K)->8650K(8896K) Class: 1302K(1472K)->1302K(1472K)
[198.698s][info][gc             ] GC(1198) Pause Young (Allocation Failure) 41M->7M(376M) 1.195ms
[198.698s][info][gc,cpu         ] GC(1198) User=0.00s Sys=0.00s Real=0.00s
[198.837s][info][gc,start       ] GC(1199) Pause Young (Allocation Failure)
[198.838s][info][gc,heap        ] GC(1199) PSYoungGen: 35488K(35840K)->576K(35840K) Eden: 34816K(34816K)->0K(34816K) From: 672K(1024K)->576K(1024K)
[198.838s][info][gc,heap        ] GC(1199) ParOldGen: 7238K(349696K)->7238K(349696K)
[198.838s][info][gc,metaspace   ] GC(1199) Metaspace: 9952K(10368K)->9952K(10368K) NonClass: 8650K(8896K)->8650K(8896K) Class: 1302K(1472K)->1302K(1472K)
[198.838s][info][gc             ] GC(1199) Pause Young (Allocation Failure) 41M->7M(376M) 0.879ms
[198.838s][info][gc,cpu         ] GC(1199) User=0.00s Sys=0.00s Real=0.00s
[198.980s][info][gc,start       ] GC(1200) Pause Young (Allocation Failure)
[198.981s][info][gc,heap        ] GC(1200) PSYoungGen: 35392K(35840K)->544K(35840K) Eden: 34816K(34816K)->0K(34816K) From: 576K(1024K)->544K(1024K)
[198.981s][info][gc,heap        ] GC(1200) ParOldGen: 7238K(349696K)->7246K(349696K)
[198.981s][info][gc,metaspace   ] GC(1200) Metaspace: 9952K(10368K)->9952K(10368K) NonClass: 8650K(8896K)->8650K(8896K) Class: 1302K(1472K)->1302K(1472K)
[198.981s][info][gc             ] GC(1200) Pause Young (Allocation Failure) 41M->7M(376M) 0.822ms
[198.981s][info][gc,cpu         ] GC(1200) User=0.00s Sys=0.00s Real=0.00s
[199.122s][info][gc,start       ] GC(1201) Pause Young (Allocation Failure)
[199.122s][info][gc,heap        ] GC(1201) PSYoungGen: 35360K(35840K)->576K(35840K) Eden: 34816K(34816K)->0K(34816K) From: 544K(1024K)->576K(1024K)
[199.122s][info][gc,heap        ] GC(1201) ParOldGen: 7246K(349696K)->7246K(349696K)
[199.122s][info][gc,metaspace   ] GC(1201) Metaspace: 9952K(10368K)->9952K(10368K) NonClass: 8650K(8896K)->8650K(8896K) Class: 1302K(1472K)->1302K(1472K)
[199.122s][info][gc             ] GC(1201) Pause Young (Allocation Failure) 41M->7M(376M) 0.883ms
[199.122s][info][gc,cpu         ] GC(1201) User=0.00s Sys=0.00s Real=0.00s
[199.261s][info][gc,start       ] GC(1202) Pause Young (Allocation Failure)
[199.261s][info][gc,heap        ] GC(1202) PSYoungGen: 35392K(35840K)->640K(35840K) Eden: 34816K(34816K)->0K(34816K) From: 576K(1024K)->640K(1024K)
[199.261s][info][gc,heap        ] GC(1202) ParOldGen: 7246K(349696K)->7254K(349696K)
[199.261s][info][gc,metaspace   ] GC(1202) Metaspace: 9952K(10368K)->9952K(10368K) NonClass: 8650K(8896K)->8650K(8896K) Class: 1302K(1472K)->1302K(1472K)
[199.261s][info][gc             ] GC(1202) Pause Young (Allocation Failure) 41M->7M(376M) 0.888ms
[199.262s][info][gc,cpu         ] GC(1202) User=0.00s Sys=0.00s Real=0.00s
[199.402s][info][gc,start       ] GC(1203) Pause Young (Allocation Failure)
[199.403s][info][gc,heap        ] GC(1203) PSYoungGen: 35456K(35840K)->576K(35840K) Eden: 34816K(34816K)->0K(34816K) From: 640K(1024K)->576K(1024K)
[199.403s][info][gc,heap        ] GC(1203) ParOldGen: 7254K(349696K)->7254K(349696K)
[199.403s][info][gc,metaspace   ] GC(1203) Metaspace: 9952K(10368K)->9952K(10368K) NonClass: 8650K(8896K)->8650K(8896K) Class: 1302K(1472K)->1302K(1472K)
[199.403s][info][gc             ] GC(1203) Pause Young (Allocation Failure) 41M->7M(376M) 0.872ms
[199.403s][info][gc,cpu         ] GC(1203) User=0.00s Sys=0.00s Real=0.00s
[199.543s][info][gc,start       ] GC(1204) Pause Young (Allocation Failure)
[199.544s][info][gc,heap        ] GC(1204) PSYoungGen: 35392K(35840K)->704K(35840K) Eden: 34816K(34816K)->0K(34816K) From: 576K(1024K)->704K(1024K)
[199.544s][info][gc,heap        ] GC(1204) ParOldGen: 7254K(349696K)->7254K(349696K)
[199.544s][info][gc,metaspace   ] GC(1204) Metaspace: 9952K(10368K)->9952K(10368K) NonClass: 8650K(8896K)->8650K(8896K) Class: 1302K(1472K)->1302K(1472K)
[199.544s][info][gc             ] GC(1204) Pause Young (Allocation Failure) 41M->7M(376M) 0.887ms
[199.544s][info][gc,cpu         ] GC(1204) User=0.00s Sys=0.00s Real=0.00s
[199.687s][info][gc,start       ] GC(1205) Pause Young (Allocation Failure)
[199.688s][info][gc,heap        ] GC(1205) PSYoungGen: 35520K(35840K)->864K(35840K) Eden: 34816K(34816K)->0K(34816K) From: 704K(1024K)->864K(1024K)
[199.688s][info][gc,heap        ] GC(1205) ParOldGen: 7254K(349696K)->7294K(349696K)
[199.688s][info][gc,metaspace   ] GC(1205) Metaspace: 9952K(10368K)->9952K(10368K) NonClass: 8650K(8896K)->8650K(8896K) Class: 1302K(1472K)->1302K(1472K)
[199.688s][info][gc             ] GC(1205) Pause Young (Allocation Failure) 41M->7M(376M) 0.998ms
[199.688s][info][gc,cpu         ] GC(1205) User=0.00s Sys=0.00s Real=0.00s
[199.830s][info][gc,start       ] GC(1206) Pause Young (Allocation Failure)
[199.831s][info][gc,heap        ] GC(1206) PSYoungGen: 35680K(35840K)->736K(35840K) Eden: 34816K(34816K)->0K(34816K) From: 864K(1024K)->736K(1024K)
[199.831s][info][gc,heap        ] GC(1206) ParOldGen: 7294K(349696K)->7630K(349696K)
[199.831s][info][gc,metaspace   ] GC(1206) Metaspace: 9952K(10368K)->9952K(10368K) NonClass: 8650K(8896K)->8650K(8896K) Class: 1302K(1472K)->1302K(1472K)
[199.831s][info][gc             ] GC(1206) Pause Young (Allocation Failure) 41M->8M(376M) 1.130ms
[199.832s][info][gc,cpu         ] GC(1206) User=0.00s Sys=0.00s Real=0.00s
[199.972s][info][gc,start       ] GC(1207) Pause Young (Allocation Failure)
[199.973s][info][gc,heap        ] GC(1207) PSYoungGen: 35552K(35840K)->608K(35840K) Eden: 34816K(34816K)->0K(34816K) From: 736K(1024K)->608K(1024K)
[199.973s][info][gc,heap        ] GC(1207) ParOldGen: 7630K(349696K)->7806K(349696K)
[199.973s][info][gc,metaspace   ] GC(1207) Metaspace: 9952K(10368K)->9952K(10368K) NonClass: 8650K(8896K)->8650K(8896K) Class: 1302K(1472K)->1302K(1472K)
[199.973s][info][gc             ] GC(1207) Pause Young (Allocation Failure) 42M->8M(376M) 0.968ms
[199.973s][info][gc,cpu         ] GC(1207) User=0.00s Sys=0.00s Real=0.00s
[200.113s][info][gc,start       ] GC(1208) Pause Young (Allocation Failure)
[200.114s][info][gc,heap        ] GC(1208) PSYoungGen: 35424K(35840K)->576K(35840K) Eden: 34816K(34816K)->0K(34816K) From: 608K(1024K)->576K(1024K)
[200.114s][info][gc,heap        ] GC(1208) ParOldGen: 7806K(349696K)->7806K(349696K)
[200.114s][info][gc,metaspace   ] GC(1208) Metaspace: 9952K(10368K)->9952K(10368K) NonClass: 8650K(8896K)->8650K(8896K) Class: 1302K(1472K)->1302K(1472K)
[200.114s][info][gc             ] GC(1208) Pause Young (Allocation Failure) 42M->8M(376M) 0.876ms
[200.114s][info][gc,cpu         ] GC(1208) User=0.00s Sys=0.00s Real=0.00s
[200.252s][info][gc,start       ] GC(1209) Pause Young (Allocation Failure)
[200.253s][info][gc,heap        ] GC(1209) PSYoungGen: 35392K(35840K)->768K(35840K) Eden: 34816K(34816K)->0K(34816K) From: 576K(1024K)->768K(1024K)
[200.253s][info][gc,heap        ] GC(1209) ParOldGen: 7806K(349696K)->7814K(349696K)
[200.253s][info][gc,metaspace   ] GC(1209) Metaspace: 9952K(10368K)->9952K(10368K) NonClass: 8650K(8896K)->8650K(8896K) Class: 1302K(1472K)->1302K(1472K)
[200.253s][info][gc             ] GC(1209) Pause Young (Allocation Failure) 42M->8M(376M) 0.948ms
[200.253s][info][gc,cpu         ] GC(1209) User=0.00s Sys=0.00s Real=0.00s
[200.397s][info][gc,start       ] GC(1210) Pause Young (Allocation Failure)
[200.398s][info][gc,heap        ] GC(1210) PSYoungGen: 35584K(35840K)->704K(35840K) Eden: 34816K(34816K)->0K(34816K) From: 768K(1024K)->704K(1024K)
[200.398s][info][gc,heap        ] GC(1210) ParOldGen: 7814K(349696K)->7998K(349696K)
[200.398s][info][gc,metaspace   ] GC(1210) Metaspace: 9952K(10368K)->9952K(10368K) NonClass: 8650K(8896K)->8650K(8896K) Class: 1302K(1472K)->1302K(1472K)
[200.398s][info][gc             ] GC(1210) Pause Young (Allocation Failure) 42M->8M(376M) 1.007ms
[200.399s][info][gc,cpu         ] GC(1210) User=0.00s Sys=0.00s Real=0.00s
[200.531s][info][gc,start       ] GC(1211) Pause Young (Allocation Failure)
[200.531s][info][gc,heap        ] GC(1211) PSYoungGen: 35520K(35840K)->608K(35840K) Eden: 34816K(34816K)->0K(34816K) From: 704K(1024K)->608K(1024K)
[200.531s][info][gc,heap        ] GC(1211) ParOldGen: 7998K(349696K)->7998K(349696K)
[200.532s][info][gc,metaspace   ] GC(1211) Metaspace: 9952K(10368K)->9952K(10368K) NonClass: 8650K(8896K)->8650K(8896K) Class: 1302K(1472K)->1302K(1472K)
[200.532s][info][gc             ] GC(1211) Pause Young (Allocation Failure) 42M->8M(376M) 0.875ms
[200.532s][info][gc,cpu         ] GC(1211) User=0.00s Sys=0.00s Real=0.00s
[200.679s][info][gc,start       ] GC(1212) Pause Young (Allocation Failure)
[200.680s][info][gc,heap        ] GC(1212) PSYoungGen: 35424K(35840K)->608K(35840K) Eden: 34816K(34816K)->0K(34816K) From: 608K(1024K)->608K(1024K)
[200.680s][info][gc,heap        ] GC(1212) ParOldGen: 7998K(349696K)->7998K(349696K)
[200.680s][info][gc,metaspace   ] GC(1212) Metaspace: 9952K(10368K)->9952K(10368K) NonClass: 8650K(8896K)->8650K(8896K) Class: 1302K(1472K)->1302K(1472K)
[200.680s][info][gc             ] GC(1212) Pause Young (Allocation Failure) 42M->8M(376M) 1.116ms
[200.680s][info][gc,cpu         ] GC(1212) User=0.00s Sys=0.00s Real=0.00s
[200.824s][info][gc,start       ] GC(1213) Pause Young (Allocation Failure)
[200.825s][info][gc,heap        ] GC(1213) PSYoungGen: 35424K(35840K)->576K(35840K) Eden: 34816K(34816K)->0K(34816K) From: 608K(1024K)->576K(1024K)
[200.825s][info][gc,heap        ] GC(1213) ParOldGen: 7998K(349696K)->7998K(349696K)
[200.825s][info][gc,metaspace   ] GC(1213) Metaspace: 9952K(10368K)->9952K(10368K) NonClass: 8650K(8896K)->8650K(8896K) Class: 1302K(1472K)->1302K(1472K)
[200.825s][info][gc             ] GC(1213) Pause Young (Allocation Failure) 42M->8M(376M) 0.829ms
[200.825s][info][gc,cpu         ] GC(1213) User=0.00s Sys=0.00s Real=0.00s
[200.963s][info][gc,start       ] GC(1214) Pause Young (Allocation Failure)
[200.964s][info][gc,heap        ] GC(1214) PSYoungGen: 35392K(35840K)->576K(35840K) Eden: 34816K(34816K)->0K(34816K) From: 576K(1024K)->576K(1024K)
[200.964s][info][gc,heap        ] GC(1214) ParOldGen: 7998K(349696K)->7998K(349696K)
[200.964s][info][gc,metaspace   ] GC(1214) Metaspace: 9952K(10368K)->9952K(10368K) NonClass: 8650K(8896K)->8650K(8896K) Class: 1302K(1472K)->1302K(1472K)
[200.964s][info][gc             ] GC(1214) Pause Young (Allocation Failure) 42M->8M(376M) 0.890ms
[200.964s][info][gc,cpu         ] GC(1214) User=0.00s Sys=0.00s Real=0.00s
[201.102s][info][gc,start       ] GC(1215) Pause Young (Allocation Failure)
[201.103s][info][gc,heap        ] GC(1215) PSYoungGen: 35392K(35840K)->576K(35840K) Eden: 34816K(34816K)->0K(34816K) From: 576K(1024K)->576K(1024K)
[201.103s][info][gc,heap        ] GC(1215) ParOldGen: 7998K(349696K)->7998K(349696K)
[201.103s][info][gc,metaspace   ] GC(1215) Metaspace: 9952K(10368K)->9952K(10368K) NonClass: 8650K(8896K)->8650K(8896K) Class: 1302K(1472K)->1302K(1472K)
[201.103s][info][gc             ] GC(1215) Pause Young (Allocation Failure) 42M->8M(376M) 0.836ms
[201.103s][info][gc,cpu         ] GC(1215) User=0.00s Sys=0.00s Real=0.00s
[201.236s][info][gc,start       ] GC(1216) Pause Young (Allocation Failure)
[201.237s][info][gc,heap        ] GC(1216) PSYoungGen: 35392K(35840K)->608K(35840K) Eden: 34816K(34816K)->0K(34816K) From: 576K(1024K)->608K(1024K)
[201.237s][info][gc,heap        ] GC(1216) ParOldGen: 7998K(349696K)->7998K(349696K)
[201.237s][info][gc,metaspace   ] GC(1216) Metaspace: 9952K(10368K)->9952K(10368K) NonClass: 8650K(8896K)->8650K(8896K) Class: 1302K(1472K)->1302K(1472K)
[201.237s][info][gc             ] GC(1216) Pause Young (Allocation Failure) 42M->8M(376M) 0.871ms
[201.237s][info][gc,cpu         ] GC(1216) User=0.00s Sys=0.00s Real=0.00s
[201.367s][info][gc,start       ] GC(1217) Pause Young (Allocation Failure)
[201.368s][info][gc,heap        ] GC(1217) PSYoungGen: 35424K(35840K)->576K(35840K) Eden: 34816K(34816K)->0K(34816K) From: 608K(1024K)->576K(1024K)
[201.368s][info][gc,heap        ] GC(1217) ParOldGen: 7998K(349696K)->7998K(349696K)
[201.368s][info][gc,metaspace   ] GC(1217) Metaspace: 9952K(10368K)->9952K(10368K) NonClass: 8650K(8896K)->8650K(8896K) Class: 1302K(1472K)->1302K(1472K)
[201.368s][info][gc             ] GC(1217) Pause Young (Allocation Failure) 42M->8M(376M) 0.820ms
[201.368s][info][gc,cpu         ] GC(1217) User=0.00s Sys=0.00s Real=0.00s
[201.507s][info][gc,start       ] GC(1218) Pause Young (Allocation Failure)
[201.507s][info][gc,heap        ] GC(1218) PSYoungGen: 35392K(35840K)->576K(35840K) Eden: 34816K(34816K)->0K(34816K) From: 576K(1024K)->576K(1024K)
[201.507s][info][gc,heap        ] GC(1218) ParOldGen: 7998K(349696K)->8006K(349696K)
[201.507s][info][gc,metaspace   ] GC(1218) Metaspace: 9952K(10368K)->9952K(10368K) NonClass: 8650K(8896K)->8650K(8896K) Class: 1302K(1472K)->1302K(1472K)
[201.508s][info][gc             ] GC(1218) Pause Young (Allocation Failure) 42M->8M(376M) 0.888ms
[201.508s][info][gc,cpu         ] GC(1218) User=0.00s Sys=0.00s Real=0.00s
[201.651s][info][gc,start       ] GC(1219) Pause Young (Allocation Failure)
[201.652s][info][gc,heap        ] GC(1219) PSYoungGen: 35392K(35840K)->608K(35840K) Eden: 34816K(34816K)->0K(34816K) From: 576K(1024K)->608K(1024K)
[201.652s][info][gc,heap        ] GC(1219) ParOldGen: 8006K(349696K)->8006K(349696K)
[201.652s][info][gc,metaspace   ] GC(1219) Metaspace: 9952K(10368K)->9952K(10368K) NonClass: 8650K(8896K)->8650K(8896K) Class: 1302K(1472K)->1302K(1472K)
[201.652s][info][gc             ] GC(1219) Pause Young (Allocation Failure) 42M->8M(376M) 0.860ms
[201.652s][info][gc,cpu         ] GC(1219) User=0.00s Sys=0.00s Real=0.00s
[201.792s][info][gc,start       ] GC(1220) Pause Young (Allocation Failure)
[201.793s][info][gc,heap        ] GC(1220) PSYoungGen: 35424K(35840K)->576K(35840K) Eden: 34816K(34816K)->0K(34816K) From: 608K(1024K)->576K(1024K)
[201.793s][info][gc,heap        ] GC(1220) ParOldGen: 8006K(349696K)->8014K(349696K)
[201.793s][info][gc,metaspace   ] GC(1220) Metaspace: 9952K(10368K)->9952K(10368K) NonClass: 8650K(8896K)->8650K(8896K) Class: 1302K(1472K)->1302K(1472K)
[201.793s][info][gc             ] GC(1220) Pause Young (Allocation Failure) 42M->8M(376M) 0.846ms
[201.793s][info][gc,cpu         ] GC(1220) User=0.00s Sys=0.00s Real=0.00s
[201.939s][info][gc,start       ] GC(1221) Pause Young (Allocation Failure)
[201.940s][info][gc,heap        ] GC(1221) PSYoungGen: 35392K(35840K)->896K(35840K) Eden: 34816K(34816K)->0K(34816K) From: 576K(1024K)->896K(1024K)
[201.940s][info][gc,heap        ] GC(1221) ParOldGen: 8014K(349696K)->8030K(349696K)
[201.940s][info][gc,metaspace   ] GC(1221) Metaspace: 9952K(10368K)->9952K(10368K) NonClass: 8650K(8896K)->8650K(8896K) Class: 1302K(1472K)->1302K(1472K)
[201.940s][info][gc             ] GC(1221) Pause Young (Allocation Failure) 42M->8M(376M) 1.002ms
[201.940s][info][gc,cpu         ] GC(1221) User=0.00s Sys=0.00s Real=0.00s
[202.078s][info][gc,start       ] GC(1222) Pause Young (Allocation Failure)
[202.079s][info][gc,heap        ] GC(1222) PSYoungGen: 35712K(35840K)->512K(35840K) Eden: 34816K(34816K)->0K(34816K) From: 896K(1024K)->512K(1024K)
[202.079s][info][gc,heap        ] GC(1222) ParOldGen: 8030K(349696K)->8270K(349696K)
[202.079s][info][gc,metaspace   ] GC(1222) Metaspace: 9952K(10368K)->9952K(10368K) NonClass: 8650K(8896K)->8650K(8896K) Class: 1302K(1472K)->1302K(1472K)
[202.079s][info][gc             ] GC(1222) Pause Young (Allocation Failure) 42M->8M(376M) 0.977ms
[202.079s][info][gc,cpu         ] GC(1222) User=0.00s Sys=0.00s Real=0.00s
[202.218s][info][gc,start       ] GC(1223) Pause Young (Allocation Failure)
[202.219s][info][gc,heap        ] GC(1223) PSYoungGen: 35328K(35840K)->576K(35840K) Eden: 34816K(34816K)->0K(34816K) From: 512K(1024K)->576K(1024K)
[202.219s][info][gc,heap        ] GC(1223) ParOldGen: 8270K(349696K)->8270K(349696K)
[202.219s][info][gc,metaspace   ] GC(1223) Metaspace: 9952K(10368K)->9952K(10368K) NonClass: 8650K(8896K)->8650K(8896K) Class: 1302K(1472K)->1302K(1472K)
[202.219s][info][gc             ] GC(1223) Pause Young (Allocation Failure) 42M->8M(376M) 0.809ms
[202.219s][info][gc,cpu         ] GC(1223) User=0.00s Sys=0.00s Real=0.00s
[202.362s][info][gc,start       ] GC(1224) Pause Young (Allocation Failure)
[202.363s][info][gc,heap        ] GC(1224) PSYoungGen: 35392K(35840K)->576K(35840K) Eden: 34816K(34816K)->0K(34816K) From: 576K(1024K)->576K(1024K)
[202.363s][info][gc,heap        ] GC(1224) ParOldGen: 8270K(349696K)->8270K(349696K)
[202.363s][info][gc,metaspace   ] GC(1224) Metaspace: 9952K(10368K)->9952K(10368K) NonClass: 8650K(8896K)->8650K(8896K) Class: 1302K(1472K)->1302K(1472K)
[202.363s][info][gc             ] GC(1224) Pause Young (Allocation Failure) 42M->8M(376M) 0.873ms
[202.363s][info][gc,cpu         ] GC(1224) User=0.00s Sys=0.00s Real=0.00s
[202.506s][info][gc,start       ] GC(1225) Pause Young (Allocation Failure)
[202.507s][info][gc,heap        ] GC(1225) PSYoungGen: 35392K(35840K)->608K(35840K) Eden: 34816K(34816K)->0K(34816K) From: 576K(1024K)->608K(1024K)
[202.507s][info][gc,heap        ] GC(1225) ParOldGen: 8270K(349696K)->8278K(349696K)
[202.507s][info][gc,metaspace   ] GC(1225) Metaspace: 9952K(10368K)->9952K(10368K) NonClass: 8650K(8896K)->8650K(8896K) Class: 1302K(1472K)->1302K(1472K)
[202.507s][info][gc             ] GC(1225) Pause Young (Allocation Failure) 42M->8M(376M) 0.884ms
[202.507s][info][gc,cpu         ] GC(1225) User=0.00s Sys=0.00s Real=0.00s
[202.647s][info][gc,start       ] GC(1226) Pause Young (Allocation Failure)
[202.648s][info][gc,heap        ] GC(1226) PSYoungGen: 35424K(35840K)->608K(35840K) Eden: 34816K(34816K)->0K(34816K) From: 608K(1024K)->608K(1024K)
[202.648s][info][gc,heap        ] GC(1226) ParOldGen: 8278K(349696K)->8278K(349696K)
[202.648s][info][gc,metaspace   ] GC(1226) Metaspace: 9952K(10368K)->9952K(10368K) NonClass: 8650K(8896K)->8650K(8896K) Class: 1302K(1472K)->1302K(1472K)
[202.648s][info][gc             ] GC(1226) Pause Young (Allocation Failure) 42M->8M(376M) 0.878ms
[202.648s][info][gc,cpu         ] GC(1226) User=0.00s Sys=0.00s Real=0.00s
[202.782s][info][gc,start       ] GC(1227) Pause Young (Allocation Failure)
[202.783s][info][gc,heap        ] GC(1227) PSYoungGen: 35424K(35840K)->576K(35840K) Eden: 34816K(34816K)->0K(34816K) From: 608K(1024K)->576K(1024K)
[202.783s][info][gc,heap        ] GC(1227) ParOldGen: 8278K(349696K)->8286K(349696K)
[202.783s][info][gc,metaspace   ] GC(1227) Metaspace: 9952K(10368K)->9952K(10368K) NonClass: 8650K(8896K)->8650K(8896K) Class: 1302K(1472K)->1302K(1472K)
[202.783s][info][gc             ] GC(1227) Pause Young (Allocation Failure) 42M->8M(376M) 0.790ms
[202.783s][info][gc,cpu         ] GC(1227) User=0.00s Sys=0.00s Real=0.00s
[202.802s][info][gc,start       ] GC(1228) Pause Young (System.gc())
[202.803s][info][gc,heap        ] GC(1228) PSYoungGen: 5012K(35840K)->576K(35840K) Eden: 4436K(34816K)->0K(34816K) From: 576K(1024K)->576K(1024K)
[202.803s][info][gc,heap        ] GC(1228) ParOldGen: 8286K(349696K)->8382K(349696K)
[202.803s][info][gc,metaspace   ] GC(1228) Metaspace: 9954K(10368K)->9954K(10368K) NonClass: 8652K(8896K)->8652K(8896K) Class: 1302K(1472K)->1302K(1472K)
[202.803s][info][gc             ] GC(1228) Pause Young (System.gc()) 12M->8M(376M) 0.723ms
[202.803s][info][gc,cpu         ] GC(1228) User=0.00s Sys=0.00s Real=0.00s
[202.803s][info][gc,start       ] GC(1229) Pause Full (System.gc())
[202.803s][info][gc,phases,start] GC(1229) Marking Phase
[202.817s][info][gc,phases      ] GC(1229) Marking Phase 13.681ms
[202.817s][info][gc,phases,start] GC(1229) Summary Phase
[202.817s][info][gc,phases      ] GC(1229) Summary Phase 0.031ms
[202.817s][info][gc,phases,start] GC(1229) Adjust Roots
[202.821s][info][gc,phases      ] GC(1229) Adjust Roots 4.275ms
[202.821s][info][gc,phases,start] GC(1229) Compaction Phase
[202.824s][info][gc,phases      ] GC(1229) Compaction Phase 2.969ms
[202.824s][info][gc,phases,start] GC(1229) Post Compact
[202.825s][info][gc,phases      ] GC(1229) Post Compact 0.293ms
[202.825s][info][gc,heap        ] GC(1229) PSYoungGen: 576K(35840K)->0K(35840K) Eden: 0K(34816K)->0K(34816K) From: 576K(1024K)->0K(1024K)
[202.825s][info][gc,heap        ] GC(1229) ParOldGen: 8382K(349696K)->4078K(349696K)
[202.825s][info][gc,metaspace   ] GC(1229) Metaspace: 9954K(10368K)->9954K(10368K) NonClass: 8652K(8896K)->8652K(8896K) Class: 1302K(1472K)->1302K(1472K)
[202.825s][info][gc             ] GC(1229) Pause Full (System.gc()) 8M->3M(376M) 21.644ms
[202.825s][info][gc,cpu         ] GC(1229) User=0.02s Sys=0.00s Real=0.02s
[202.966s][info][gc,start       ] GC(1230) Pause Young (Allocation Failure)
[202.967s][info][gc,heap        ] GC(1230) PSYoungGen: 34816K(35840K)->1024K(35840K) Eden: 34816K(34816K)->0K(34816K) From: 0K(1024K)->1024K(1024K)
[202.968s][info][gc,heap        ] GC(1230) ParOldGen: 4078K(349696K)->4174K(349696K)
[202.968s][info][gc,metaspace   ] GC(1230) Metaspace: 9955K(10368K)->9955K(10368K) NonClass: 8653K(8896K)->8653K(8896K) Class: 1302K(1472K)->1302K(1472K)
[202.968s][info][gc             ] GC(1230) Pause Young (Allocation Failure) 37M->5M(376M) 1.261ms
[202.968s][info][gc,cpu         ] GC(1230) User=0.00s Sys=0.00s Real=0.00s
[203.112s][info][gc,start       ] GC(1231) Pause Young (Allocation Failure)
[203.113s][info][gc,heap        ] GC(1231) PSYoungGen: 35840K(35840K)->960K(35840K) Eden: 34816K(34816K)->0K(34816K) From: 1024K(1024K)->960K(1024K)
[203.113s][info][gc,heap        ] GC(1231) ParOldGen: 4174K(349696K)->4590K(349696K)
[203.113s][info][gc,metaspace   ] GC(1231) Metaspace: 9955K(10368K)->9955K(10368K) NonClass: 8653K(8896K)->8653K(8896K) Class: 1302K(1472K)->1302K(1472K)
[203.113s][info][gc             ] GC(1231) Pause Young (Allocation Failure) 39M->5M(376M) 1.371ms
[203.114s][info][gc,cpu         ] GC(1231) User=0.14s Sys=0.00s Real=0.02s
[203.259s][info][gc,start       ] GC(1232) Pause Young (Allocation Failure)
[203.261s][info][gc,heap        ] GC(1232) PSYoungGen: 35776K(35840K)->1184K(36352K) Eden: 34816K(34816K)->0K(34816K) From: 960K(1024K)->1184K(1536K)
[203.261s][info][gc,heap        ] GC(1232) ParOldGen: 4590K(349696K)->4662K(349696K)
[203.261s][info][gc,metaspace   ] GC(1232) Metaspace: 9955K(10368K)->9955K(10368K) NonClass: 8653K(8896K)->8653K(8896K) Class: 1302K(1472K)->1302K(1472K)
[203.261s][info][gc             ] GC(1232) Pause Young (Allocation Failure) 39M->5M(377M) 1.342ms
[203.261s][info][gc,cpu         ] GC(1232) User=0.13s Sys=0.02s Real=0.02s
[203.400s][info][gc,start       ] GC(1233) Pause Young (Allocation Failure)
[203.402s][info][gc,heap        ] GC(1233) PSYoungGen: 36000K(36352K)->896K(36352K) Eden: 34816K(34816K)->0K(34816K) From: 1184K(1536K)->896K(1536K)
[203.402s][info][gc,heap        ] GC(1233) ParOldGen: 4662K(349696K)->4878K(349696K)
[203.402s][info][gc,metaspace   ] GC(1233) Metaspace: 9955K(10368K)->9955K(10368K) NonClass: 8653K(8896K)->8653K(8896K) Class: 1302K(1472K)->1302K(1472K)
[203.402s][info][gc             ] GC(1233) Pause Young (Allocation Failure) 39M->5M(377M) 1.200ms
[203.402s][info][gc,cpu         ] GC(1233) User=0.14s Sys=0.00s Real=0.02s
[203.550s][info][gc,start       ] GC(1234) Pause Young (Allocation Failure)
[203.551s][info][gc,heap        ] GC(1234) PSYoungGen: 35712K(36352K)->640K(36352K) Eden: 34816K(34816K)->0K(34816K) From: 896K(1536K)->640K(1536K)
[203.551s][info][gc,heap        ] GC(1234) ParOldGen: 4878K(349696K)->5302K(349696K)
[203.551s][info][gc,metaspace   ] GC(1234) Metaspace: 9955K(10368K)->9955K(10368K) NonClass: 8653K(8896K)->8653K(8896K) Class: 1302K(1472K)->1302K(1472K)
[203.551s][info][gc             ] GC(1234) Pause Young (Allocation Failure) 39M->5M(377M) 1.220ms
[203.551s][info][gc,cpu         ] GC(1234) User=0.00s Sys=0.00s Real=0.00s
[203.693s][info][gc,start       ] GC(1235) Pause Young (Allocation Failure)
[203.694s][info][gc,heap        ] GC(1235) PSYoungGen: 35456K(36352K)->800K(36352K) Eden: 34816K(34816K)->0K(34816K) From: 640K(1536K)->800K(1536K)
[203.694s][info][gc,heap        ] GC(1235) ParOldGen: 5302K(349696K)->5350K(349696K)
[203.694s][info][gc,metaspace   ] GC(1235) Metaspace: 9955K(10368K)->9955K(10368K) NonClass: 8653K(8896K)->8653K(8896K) Class: 1302K(1472K)->1302K(1472K)
[203.694s][info][gc             ] GC(1235) Pause Young (Allocation Failure) 39M->6M(377M) 0.972ms
[203.694s][info][gc,cpu         ] GC(1235) User=0.00s Sys=0.00s Real=0.00s
[203.832s][info][gc,start       ] GC(1236) Pause Young (Allocation Failure)
[203.833s][info][gc,heap        ] GC(1236) PSYoungGen: 35616K(36352K)->800K(36352K) Eden: 34816K(34816K)->0K(34816K) From: 800K(1536K)->800K(1536K)
[203.833s][info][gc,heap        ] GC(1236) ParOldGen: 5350K(349696K)->5574K(349696K)
[203.833s][info][gc,metaspace   ] GC(1236) Metaspace: 9955K(10368K)->9955K(10368K) NonClass: 8653K(8896K)->8653K(8896K) Class: 1302K(1472K)->1302K(1472K)
[203.833s][info][gc             ] GC(1236) Pause Young (Allocation Failure) 40M->6M(377M) 1.101ms
[203.833s][info][gc,cpu         ] GC(1236) User=0.00s Sys=0.00s Real=0.00s
[203.975s][info][gc,start       ] GC(1237) Pause Young (Allocation Failure)
[203.976s][info][gc,heap        ] GC(1237) PSYoungGen: 35616K(36352K)->544K(36352K) Eden: 34816K(34816K)->0K(34816K) From: 800K(1536K)->544K(1536K)
[203.976s][info][gc,heap        ] GC(1237) ParOldGen: 5574K(349696K)->5806K(349696K)
[203.976s][info][gc,metaspace   ] GC(1237) Metaspace: 9955K(10368K)->9955K(10368K) NonClass: 8653K(8896K)->8653K(8896K) Class: 1302K(1472K)->1302K(1472K)
[203.976s][info][gc             ] GC(1237) Pause Young (Allocation Failure) 40M->6M(377M) 0.972ms
[203.976s][info][gc,cpu         ] GC(1237) User=0.00s Sys=0.00s Real=0.00s
[204.111s][info][gc,start       ] GC(1238) Pause Young (Allocation Failure)
[204.112s][info][gc,heap        ] GC(1238) PSYoungGen: 35360K(36352K)->768K(36352K) Eden: 34816K(34816K)->0K(34816K) From: 544K(1536K)->768K(1536K)
[204.112s][info][gc,heap        ] GC(1238) ParOldGen: 5806K(349696K)->5822K(349696K)
[204.112s][info][gc,metaspace   ] GC(1238) Metaspace: 9955K(10368K)->9955K(10368K) NonClass: 8653K(8896K)->8653K(8896K) Class: 1302K(1472K)->1302K(1472K)
[204.112s][info][gc             ] GC(1238) Pause Young (Allocation Failure) 40M->6M(377M) 0.969ms
[204.112s][info][gc,cpu         ] GC(1238) User=0.14s Sys=0.00s Real=0.02s
[204.250s][info][gc,start       ] GC(1239) Pause Young (Allocation Failure)
[204.251s][info][gc,heap        ] GC(1239) PSYoungGen: 35584K(36352K)->896K(36352K) Eden: 34816K(34816K)->0K(34816K) From: 768K(1536K)->896K(1536K)
[204.251s][info][gc,heap        ] GC(1239) ParOldGen: 5822K(349696K)->5886K(349696K)
[204.251s][info][gc,metaspace   ] GC(1239) Metaspace: 9955K(10368K)->9955K(10368K) NonClass: 8653K(8896K)->8653K(8896K) Class: 1302K(1472K)->1302K(1472K)
[204.251s][info][gc             ] GC(1239) Pause Young (Allocation Failure) 40M->6M(377M) 1.041ms
[204.251s][info][gc,cpu         ] GC(1239) User=0.00s Sys=0.00s Real=0.00s
[204.401s][info][gc,start       ] GC(1240) Pause Young (Allocation Failure)
[204.402s][info][gc,heap        ] GC(1240) PSYoungGen: 35712K(36352K)->608K(36352K) Eden: 34816K(34816K)->0K(34816K) From: 896K(1536K)->608K(1536K)
[204.402s][info][gc,heap        ] GC(1240) ParOldGen: 5886K(349696K)->6166K(349696K)
[204.402s][info][gc,metaspace   ] GC(1240) Metaspace: 9955K(10368K)->9955K(10368K) NonClass: 8653K(8896K)->8653K(8896K) Class: 1302K(1472K)->1302K(1472K)
[204.402s][info][gc             ] GC(1240) Pause Young (Allocation Failure) 40M->6M(377M) 1.066ms
[204.402s][info][gc,cpu         ] GC(1240) User=0.00s Sys=0.00s Real=0.00s
[204.541s][info][gc,start       ] GC(1241) Pause Young (Allocation Failure)
[204.542s][info][gc,heap        ] GC(1241) PSYoungGen: 35424K(36352K)->576K(36352K) Eden: 34816K(34816K)->0K(34816K) From: 608K(1536K)->576K(1536K)
[204.542s][info][gc,heap        ] GC(1241) ParOldGen: 6166K(349696K)->6166K(349696K)
[204.542s][info][gc,metaspace   ] GC(1241) Metaspace: 9955K(10368K)->9955K(10368K) NonClass: 8653K(8896K)->8653K(8896K) Class: 1302K(1472K)->1302K(1472K)
[204.542s][info][gc             ] GC(1241) Pause Young (Allocation Failure) 40M->6M(377M) 0.879ms
[204.542s][info][gc,cpu         ] GC(1241) User=0.00s Sys=0.00s Real=0.00s
[204.687s][info][gc,start       ] GC(1242) Pause Young (Allocation Failure)
[204.688s][info][gc,heap        ] GC(1242) PSYoungGen: 35392K(36352K)->576K(36352K) Eden: 34816K(34816K)->0K(34816K) From: 576K(1536K)->576K(1536K)
[204.688s][info][gc,heap        ] GC(1242) ParOldGen: 6166K(349696K)->6166K(349696K)
[204.688s][info][gc,metaspace   ] GC(1242) Metaspace: 9955K(10368K)->9955K(10368K) NonClass: 8653K(8896K)->8653K(8896K) Class: 1302K(1472K)->1302K(1472K)
[204.688s][info][gc             ] GC(1242) Pause Young (Allocation Failure) 40M->6M(377M) 0.859ms
[204.688s][info][gc,cpu         ] GC(1242) User=0.00s Sys=0.00s Real=0.00s
[204.830s][info][gc,start       ] GC(1243) Pause Young (Allocation Failure)
[204.830s][info][gc,heap        ] GC(1243) PSYoungGen: 35392K(36352K)->576K(36352K) Eden: 34816K(34816K)->0K(34816K) From: 576K(1536K)->576K(1536K)
[204.830s][info][gc,heap        ] GC(1243) ParOldGen: 6166K(349696K)->6166K(349696K)
[204.831s][info][gc,metaspace   ] GC(1243) Metaspace: 9955K(10368K)->9955K(10368K) NonClass: 8653K(8896K)->8653K(8896K) Class: 1302K(1472K)->1302K(1472K)
[204.831s][info][gc             ] GC(1243) Pause Young (Allocation Failure) 40M->6M(377M) 0.843ms
[204.831s][info][gc,cpu         ] GC(1243) User=0.00s Sys=0.00s Real=0.00s
[204.970s][info][gc,start       ] GC(1244) Pause Young (Allocation Failure)
[204.971s][info][gc,heap        ] GC(1244) PSYoungGen: 35392K(36352K)->576K(36352K) Eden: 34816K(34816K)->0K(34816K) From: 576K(1536K)->576K(1536K)
[204.971s][info][gc,heap        ] GC(1244) ParOldGen: 6166K(349696K)->6166K(349696K)
[204.971s][info][gc,metaspace   ] GC(1244) Metaspace: 9955K(10368K)->9955K(10368K) NonClass: 8653K(8896K)->8653K(8896K) Class: 1302K(1472K)->1302K(1472K)
[204.971s][info][gc             ] GC(1244) Pause Young (Allocation Failure) 40M->6M(377M) 0.848ms
[204.971s][info][gc,cpu         ] GC(1244) User=0.00s Sys=0.00s Real=0.00s
[205.107s][info][gc,start       ] GC(1245) Pause Young (Allocation Failure)
[205.108s][info][gc,heap        ] GC(1245) PSYoungGen: 35392K(36352K)->576K(36352K) Eden: 34816K(34816K)->0K(34816K) From: 576K(1536K)->576K(1536K)
[205.108s][info][gc,heap        ] GC(1245) ParOldGen: 6166K(349696K)->6166K(349696K)
[205.108s][info][gc,metaspace   ] GC(1245) Metaspace: 9955K(10368K)->9955K(10368K) NonClass: 8653K(8896K)->8653K(8896K) Class: 1302K(1472K)->1302K(1472K)
[205.108s][info][gc             ] GC(1245) Pause Young (Allocation Failure) 40M->6M(377M) 0.864ms
[205.108s][info][gc,cpu         ] GC(1245) User=0.00s Sys=0.00s Real=0.00s
[205.249s][info][gc,start       ] GC(1246) Pause Young (Allocation Failure)
[205.250s][info][gc,heap        ] GC(1246) PSYoungGen: 35392K(36352K)->576K(35840K) Eden: 34816K(34816K)->0K(34816K) From: 576K(1536K)->576K(1024K)
[205.250s][info][gc,heap        ] GC(1246) ParOldGen: 6166K(349696K)->6166K(349696K)
[205.250s][info][gc,metaspace   ] GC(1246) Metaspace: 9955K(10368K)->9955K(10368K) NonClass: 8653K(8896K)->8653K(8896K) Class: 1302K(1472K)->1302K(1472K)
[205.250s][info][gc             ] GC(1246) Pause Young (Allocation Failure) 40M->6M(376M) 0.900ms
[205.250s][info][gc,cpu         ] GC(1246) User=0.00s Sys=0.00s Real=0.00s
[205.396s][info][gc,start       ] GC(1247) Pause Young (Allocation Failure)
[205.397s][info][gc,heap        ] GC(1247) PSYoungGen: 35392K(35840K)->576K(35840K) Eden: 34816K(34816K)->0K(34816K) From: 576K(1024K)->576K(1024K)
[205.397s][info][gc,heap        ] GC(1247) ParOldGen: 6166K(349696K)->6166K(349696K)
[205.397s][info][gc,metaspace   ] GC(1247) Metaspace: 9955K(10368K)->9955K(10368K) NonClass: 8653K(8896K)->8653K(8896K) Class: 1302K(1472K)->1302K(1472K)
[205.397s][info][gc             ] GC(1247) Pause Young (Allocation Failure) 40M->6M(376M) 1.019ms
[205.397s][info][gc,cpu         ] GC(1247) User=0.00s Sys=0.00s Real=0.00s
[205.539s][info][gc,start       ] GC(1248) Pause Young (Allocation Failure)
[205.540s][info][gc,heap        ] GC(1248) PSYoungGen: 35392K(35840K)->512K(35328K) Eden: 34816K(34816K)->0K(34816K) From: 576K(1024K)->512K(512K)
[205.540s][info][gc,heap        ] GC(1248) ParOldGen: 6166K(349696K)->6294K(349696K)
[205.540s][info][gc,metaspace   ] GC(1248) Metaspace: 9955K(10368K)->9955K(10368K) NonClass: 8653K(8896K)->8653K(8896K) Class: 1302K(1472K)->1302K(1472K)
[205.540s][info][gc             ] GC(1248) Pause Young (Allocation Failure) 40M->6M(376M) 1.027ms
[205.540s][info][gc,cpu         ] GC(1248) User=0.00s Sys=0.00s Real=0.00s
[205.675s][info][gc,start       ] GC(1249) Pause Young (Allocation Failure)
[205.676s][info][gc,heap        ] GC(1249) PSYoungGen: 35328K(35328K)->576K(35840K) Eden: 34816K(34816K)->0K(34816K) From: 512K(512K)->576K(1024K)
[205.676s][info][gc,heap        ] GC(1249) ParOldGen: 6294K(349696K)->6558K(349696K)
[205.676s][info][gc,metaspace   ] GC(1249) Metaspace: 9955K(10368K)->9955K(10368K) NonClass: 8653K(8896K)->8653K(8896K) Class: 1302K(1472K)->1302K(1472K)
[205.676s][info][gc             ] GC(1249) Pause Young (Allocation Failure) 40M->6M(376M) 1.150ms
[205.676s][info][gc,cpu         ] GC(1249) User=0.00s Sys=0.00s Real=0.00s
[205.821s][info][gc,start       ] GC(1250) Pause Young (Allocation Failure)
[205.822s][info][gc,heap        ] GC(1250) PSYoungGen: 35392K(35840K)->608K(35840K) Eden: 34816K(34816K)->0K(34816K) From: 576K(1024K)->608K(1024K)
[205.822s][info][gc,heap        ] GC(1250) ParOldGen: 6558K(349696K)->6582K(349696K)
[205.822s][info][gc,metaspace   ] GC(1250) Metaspace: 9955K(10368K)->9955K(10368K) NonClass: 8653K(8896K)->8653K(8896K) Class: 1302K(1472K)->1302K(1472K)
[205.822s][info][gc             ] GC(1250) Pause Young (Allocation Failure) 40M->7M(376M) 0.846ms
[205.822s][info][gc,cpu         ] GC(1250) User=0.00s Sys=0.00s Real=0.00s
[205.964s][info][gc,start       ] GC(1251) Pause Young (Allocation Failure)
[205.965s][info][gc,heap        ] GC(1251) PSYoungGen: 35424K(35840K)->608K(35840K) Eden: 34816K(34816K)->0K(34816K) From: 608K(1024K)->608K(1024K)
[205.965s][info][gc,heap        ] GC(1251) ParOldGen: 6582K(349696K)->6582K(349696K)
[205.965s][info][gc,metaspace   ] GC(1251) Metaspace: 9955K(10368K)->9955K(10368K) NonClass: 8653K(8896K)->8653K(8896K) Class: 1302K(1472K)->1302K(1472K)
[205.965s][info][gc             ] GC(1251) Pause Young (Allocation Failure) 41M->7M(376M) 0.932ms
[205.965s][info][gc,cpu         ] GC(1251) User=0.00s Sys=0.00s Real=0.00s
[206.104s][info][gc,start       ] GC(1252) Pause Young (Allocation Failure)
[206.105s][info][gc,heap        ] GC(1252) PSYoungGen: 35424K(35840K)->576K(35840K) Eden: 34816K(34816K)->0K(34816K) From: 608K(1024K)->576K(1024K)
[206.105s][info][gc,heap        ] GC(1252) ParOldGen: 6582K(349696K)->6582K(349696K)
[206.105s][info][gc,metaspace   ] GC(1252) Metaspace: 9955K(10368K)->9955K(10368K) NonClass: 8653K(8896K)->8653K(8896K) Class: 1302K(1472K)->1302K(1472K)
[206.105s][info][gc             ] GC(1252) Pause Young (Allocation Failure) 41M->6M(376M) 0.860ms
[206.105s][info][gc,cpu         ] GC(1252) User=0.00s Sys=0.00s Real=0.00s
[206.249s][info][gc,start       ] GC(1253) Pause Young (Allocation Failure)
[206.250s][info][gc,heap        ] GC(1253) PSYoungGen: 35392K(35840K)->608K(35840K) Eden: 34816K(34816K)->0K(34816K) From: 576K(1024K)->608K(1024K)
[206.250s][info][gc,heap        ] GC(1253) ParOldGen: 6582K(349696K)->6582K(349696K)
[206.250s][info][gc,metaspace   ] GC(1253) Metaspace: 9955K(10368K)->9955K(10368K) NonClass: 8653K(8896K)->8653K(8896K) Class: 1302K(1472K)->1302K(1472K)
[206.250s][info][gc             ] GC(1253) Pause Young (Allocation Failure) 40M->7M(376M) 0.857ms
[206.250s][info][gc,cpu         ] GC(1253) User=0.00s Sys=0.00s Real=0.00s
[206.387s][info][gc,start       ] GC(1254) Pause Young (Allocation Failure)
[206.388s][info][gc,heap        ] GC(1254) PSYoungGen: 35424K(35840K)->576K(35840K) Eden: 34816K(34816K)->0K(34816K) From: 608K(1024K)->576K(1024K)
[206.388s][info][gc,heap        ] GC(1254) ParOldGen: 6582K(349696K)->6590K(349696K)
[206.388s][info][gc,metaspace   ] GC(1254) Metaspace: 9955K(10368K)->9955K(10368K) NonClass: 8653K(8896K)->8653K(8896K) Class: 1302K(1472K)->1302K(1472K)
[206.388s][info][gc             ] GC(1254) Pause Young (Allocation Failure) 41M->6M(376M) 0.844ms
[206.388s][info][gc,cpu         ] GC(1254) User=0.00s Sys=0.00s Real=0.00s
[206.529s][info][gc,start       ] GC(1255) Pause Young (Allocation Failure)
[206.530s][info][gc,heap        ] GC(1255) PSYoungGen: 35392K(35840K)->640K(35840K) Eden: 34816K(34816K)->0K(34816K) From: 576K(1024K)->640K(1024K)
[206.530s][info][gc,heap        ] GC(1255) ParOldGen: 6590K(349696K)->6806K(349696K)
[206.530s][info][gc,metaspace   ] GC(1255) Metaspace: 9955K(10368K)->9955K(10368K) NonClass: 8653K(8896K)->8653K(8896K) Class: 1302K(1472K)->1302K(1472K)
[206.530s][info][gc             ] GC(1255) Pause Young (Allocation Failure) 40M->7M(376M) 1.013ms
[206.530s][info][gc,cpu         ] GC(1255) User=0.00s Sys=0.00s Real=0.02s
[206.666s][info][gc,start       ] GC(1256) Pause Young (Allocation Failure)
[206.667s][info][gc,heap        ] GC(1256) PSYoungGen: 35456K(35840K)->576K(35840K) Eden: 34816K(34816K)->0K(34816K) From: 640K(1024K)->576K(1024K)
[206.667s][info][gc,heap        ] GC(1256) ParOldGen: 6806K(349696K)->6806K(349696K)
[206.667s][info][gc,metaspace   ] GC(1256) Metaspace: 9955K(10368K)->9955K(10368K) NonClass: 8653K(8896K)->8653K(8896K) Class: 1302K(1472K)->1302K(1472K)
[206.667s][info][gc             ] GC(1256) Pause Young (Allocation Failure) 41M->7M(376M) 0.847ms
[206.667s][info][gc,cpu         ] GC(1256) User=0.00s Sys=0.00s Real=0.00s
[206.804s][info][gc,start       ] GC(1257) Pause Young (Allocation Failure)
[206.805s][info][gc,heap        ] GC(1257) PSYoungGen: 35392K(35840K)->576K(35840K) Eden: 34816K(34816K)->0K(34816K) From: 576K(1024K)->576K(1024K)
[206.805s][info][gc,heap        ] GC(1257) ParOldGen: 6806K(349696K)->6806K(349696K)
[206.805s][info][gc,metaspace   ] GC(1257) Metaspace: 9955K(10368K)->9955K(10368K) NonClass: 8653K(8896K)->8653K(8896K) Class: 1302K(1472K)->1302K(1472K)
[206.805s][info][gc             ] GC(1257) Pause Young (Allocation Failure) 41M->7M(376M) 0.848ms
[206.805s][info][gc,cpu         ] GC(1257) User=0.00s Sys=0.00s Real=0.00s
[206.950s][info][gc,start       ] GC(1258) Pause Young (Allocation Failure)
[206.950s][info][gc,heap        ] GC(1258) PSYoungGen: 35392K(35840K)->608K(35840K) Eden: 34816K(34816K)->0K(34816K) From: 576K(1024K)->608K(1024K)
[206.950s][info][gc,heap        ] GC(1258) ParOldGen: 6806K(349696K)->6806K(349696K)
[206.951s][info][gc,metaspace   ] GC(1258) Metaspace: 9955K(10368K)->9955K(10368K) NonClass: 8653K(8896K)->8653K(8896K) Class: 1302K(1472K)->1302K(1472K)
[206.951s][info][gc             ] GC(1258) Pause Young (Allocation Failure) 41M->7M(376M) 0.890ms
[206.951s][info][gc,cpu         ] GC(1258) User=0.00s Sys=0.00s Real=0.00s
[207.089s][info][gc,start       ] GC(1259) Pause Young (Allocation Failure)
[207.133s][info][gc,heap        ] GC(1259) PSYoungGen: 35424K(35840K)->576K(35840K) Eden: 34816K(34816K)->0K(34816K) From: 608K(1024K)->576K(1024K)
[207.133s][info][gc,heap        ] GC(1259) ParOldGen: 6806K(349696K)->6806K(349696K)
[207.133s][info][gc,metaspace   ] GC(1259) Metaspace: 9955K(10368K)->9955K(10368K) NonClass: 8653K(8896K)->8653K(8896K) Class: 1302K(1472K)->1302K(1472K)
[207.133s][info][gc             ] GC(1259) Pause Young (Allocation Failure) 41M->7M(376M) 43.684ms
[207.133s][info][gc,cpu         ] GC(1259) User=0.00s Sys=0.00s Real=0.05s
[207.281s][info][gc,start       ] GC(1260) Pause Young (Allocation Failure)
[207.282s][info][gc,heap        ] GC(1260) PSYoungGen: 35392K(35840K)->576K(35840K) Eden: 34816K(34816K)->0K(34816K) From: 576K(1024K)->576K(1024K)
[207.282s][info][gc,heap        ] GC(1260) ParOldGen: 6806K(349696K)->6806K(349696K)
[207.282s][info][gc,metaspace   ] GC(1260) Metaspace: 9955K(10368K)->9955K(10368K) NonClass: 8653K(8896K)->8653K(8896K) Class: 1302K(1472K)->1302K(1472K)
[207.282s][info][gc             ] GC(1260) Pause Young (Allocation Failure) 41M->7M(376M) 0.855ms
[207.282s][info][gc,cpu         ] GC(1260) User=0.00s Sys=0.00s Real=0.00s
[207.429s][info][gc,start       ] GC(1261) Pause Young (Allocation Failure)
[207.430s][info][gc,heap        ] GC(1261) PSYoungGen: 35392K(35840K)->576K(35840K) Eden: 34816K(34816K)->0K(34816K) From: 576K(1024K)->576K(1024K)
[207.430s][info][gc,heap        ] GC(1261) ParOldGen: 6806K(349696K)->6806K(349696K)
[207.430s][info][gc,metaspace   ] GC(1261) Metaspace: 9955K(10368K)->9955K(10368K) NonClass: 8653K(8896K)->8653K(8896K) Class: 1302K(1472K)->1302K(1472K)
[207.430s][info][gc             ] GC(1261) Pause Young (Allocation Failure) 41M->7M(376M) 0.841ms
[207.430s][info][gc,cpu         ] GC(1261) User=0.00s Sys=0.00s Real=0.00s
[207.568s][info][gc,start       ] GC(1262) Pause Young (Allocation Failure)
[207.569s][info][gc,heap        ] GC(1262) PSYoungGen: 35392K(35840K)->608K(35840K) Eden: 34816K(34816K)->0K(34816K) From: 576K(1024K)->608K(1024K)
[207.569s][info][gc,heap        ] GC(1262) ParOldGen: 6806K(349696K)->6814K(349696K)
[207.569s][info][gc,metaspace   ] GC(1262) Metaspace: 9955K(10368K)->9955K(10368K) NonClass: 8653K(8896K)->8653K(8896K) Class: 1302K(1472K)->1302K(1472K)
[207.569s][info][gc             ] GC(1262) Pause Young (Allocation Failure) 41M->7M(376M) 0.906ms
[207.569s][info][gc,cpu         ] GC(1262) User=0.00s Sys=0.00s Real=0.00s
[207.712s][info][gc,start       ] GC(1263) Pause Young (Allocation Failure)
[207.713s][info][gc,heap        ] GC(1263) PSYoungGen: 35424K(35840K)->576K(35840K) Eden: 34816K(34816K)->0K(34816K) From: 608K(1024K)->576K(1024K)
[207.713s][info][gc,heap        ] GC(1263) ParOldGen: 6814K(349696K)->6814K(349696K)
[207.713s][info][gc,metaspace   ] GC(1263) Metaspace: 9955K(10368K)->9955K(10368K) NonClass: 8653K(8896K)->8653K(8896K) Class: 1302K(1472K)->1302K(1472K)
[207.713s][info][gc             ] GC(1263) Pause Young (Allocation Failure) 41M->7M(376M) 0.836ms
[207.713s][info][gc,cpu         ] GC(1263) User=0.00s Sys=0.00s Real=0.00s
[207.859s][info][gc,start       ] GC(1264) Pause Young (Allocation Failure)
[207.860s][info][gc,heap        ] GC(1264) PSYoungGen: 35392K(35840K)->608K(35840K) Eden: 34816K(34816K)->0K(34816K) From: 576K(1024K)->608K(1024K)
[207.860s][info][gc,heap        ] GC(1264) ParOldGen: 6814K(349696K)->6814K(349696K)
[207.860s][info][gc,metaspace   ] GC(1264) Metaspace: 9955K(10368K)->9955K(10368K) NonClass: 8653K(8896K)->8653K(8896K) Class: 1302K(1472K)->1302K(1472K)
[207.860s][info][gc             ] GC(1264) Pause Young (Allocation Failure) 41M->7M(376M) 0.876ms
[207.860s][info][gc,cpu         ] GC(1264) User=0.00s Sys=0.00s Real=0.00s
[208.003s][info][gc,start       ] GC(1265) Pause Young (Allocation Failure)
[208.004s][info][gc,heap        ] GC(1265) PSYoungGen: 35424K(35840K)->736K(35840K) Eden: 34816K(34816K)->0K(34816K) From: 608K(1024K)->736K(1024K)
[208.004s][info][gc,heap        ] GC(1265) ParOldGen: 6814K(349696K)->6814K(349696K)
[208.004s][info][gc,metaspace   ] GC(1265) Metaspace: 9955K(10368K)->9955K(10368K) NonClass: 8653K(8896K)->8653K(8896K) Class: 1302K(1472K)->1302K(1472K)
[208.004s][info][gc             ] GC(1265) Pause Young (Allocation Failure) 41M->7M(376M) 1.016ms
[208.004s][info][gc,cpu         ] GC(1265) User=0.00s Sys=0.00s Real=0.00s
[208.141s][info][gc,start       ] GC(1266) Pause Young (Allocation Failure)
[208.142s][info][gc,heap        ] GC(1266) PSYoungGen: 35552K(35840K)->544K(35840K) Eden: 34816K(34816K)->0K(34816K) From: 736K(1024K)->544K(1024K)
[208.142s][info][gc,heap        ] GC(1266) ParOldGen: 6814K(349696K)->7054K(349696K)
[208.142s][info][gc,metaspace   ] GC(1266) Metaspace: 9955K(10368K)->9955K(10368K) NonClass: 8653K(8896K)->8653K(8896K) Class: 1302K(1472K)->1302K(1472K)
[208.142s][info][gc             ] GC(1266) Pause Young (Allocation Failure) 41M->7M(376M) 1.027ms
[208.142s][info][gc,cpu         ] GC(1266) User=0.00s Sys=0.00s Real=0.00s
[208.281s][info][gc,start       ] GC(1267) Pause Young (Allocation Failure)
[208.282s][info][gc,heap        ] GC(1267) PSYoungGen: 35360K(35840K)->608K(35840K) Eden: 34816K(34816K)->0K(34816K) From: 544K(1024K)->608K(1024K)
[208.282s][info][gc,heap        ] GC(1267) ParOldGen: 7054K(349696K)->7054K(349696K)
[208.282s][info][gc,metaspace   ] GC(1267) Metaspace: 9955K(10368K)->9955K(10368K) NonClass: 8653K(8896K)->8653K(8896K) Class: 1302K(1472K)->1302K(1472K)
[208.282s][info][gc             ] GC(1267) Pause Young (Allocation Failure) 41M->7M(376M) 0.910ms
[208.282s][info][gc,cpu         ] GC(1267) User=0.00s Sys=0.00s Real=0.00s
[208.425s][info][gc,start       ] GC(1268) Pause Young (Allocation Failure)
[208.426s][info][gc,heap        ] GC(1268) PSYoungGen: 35424K(35840K)->608K(35840K) Eden: 34816K(34816K)->0K(34816K) From: 608K(1024K)->608K(1024K)
[208.426s][info][gc,heap        ] GC(1268) ParOldGen: 7054K(349696K)->7054K(349696K)
[208.426s][info][gc,metaspace   ] GC(1268) Metaspace: 9955K(10368K)->9955K(10368K) NonClass: 8653K(8896K)->8653K(8896K) Class: 1302K(1472K)->1302K(1472K)
[208.426s][info][gc             ] GC(1268) Pause Young (Allocation Failure) 41M->7M(376M) 0.907ms
[208.426s][info][gc,cpu         ] GC(1268) User=0.14s Sys=0.00s Real=0.02s
[208.561s][info][gc,start       ] GC(1269) Pause Young (Allocation Failure)
[208.562s][info][gc,heap        ] GC(1269) PSYoungGen: 35424K(35840K)->608K(35840K) Eden: 34816K(34816K)->0K(34816K) From: 608K(1024K)->608K(1024K)
[208.562s][info][gc,heap        ] GC(1269) ParOldGen: 7054K(349696K)->7054K(349696K)
[208.562s][info][gc,metaspace   ] GC(1269) Metaspace: 9955K(10368K)->9955K(10368K) NonClass: 8653K(8896K)->8653K(8896K) Class: 1302K(1472K)->1302K(1472K)
[208.562s][info][gc             ] GC(1269) Pause Young (Allocation Failure) 41M->7M(376M) 0.941ms
[208.562s][info][gc,cpu         ] GC(1269) User=0.00s Sys=0.00s Real=0.00s
[208.705s][info][gc,start       ] GC(1270) Pause Young (Allocation Failure)
[208.706s][info][gc,heap        ] GC(1270) PSYoungGen: 35424K(35840K)->608K(35840K) Eden: 34816K(34816K)->0K(34816K) From: 608K(1024K)->608K(1024K)
[208.706s][info][gc,heap        ] GC(1270) ParOldGen: 7054K(349696K)->7062K(349696K)
[208.706s][info][gc,metaspace   ] GC(1270) Metaspace: 9955K(10368K)->9955K(10368K) NonClass: 8653K(8896K)->8653K(8896K) Class: 1302K(1472K)->1302K(1472K)
[208.706s][info][gc             ] GC(1270) Pause Young (Allocation Failure) 41M->7M(376M) 0.874ms
[208.706s][info][gc,cpu         ] GC(1270) User=0.00s Sys=0.00s Real=0.00s
[208.840s][info][gc,start       ] GC(1271) Pause Young (Allocation Failure)
[208.841s][info][gc,heap        ] GC(1271) PSYoungGen: 35424K(35840K)->608K(35840K) Eden: 34816K(34816K)->0K(34816K) From: 608K(1024K)->608K(1024K)
[208.841s][info][gc,heap        ] GC(1271) ParOldGen: 7062K(349696K)->7062K(349696K)
[208.841s][info][gc,metaspace   ] GC(1271) Metaspace: 9955K(10368K)->9955K(10368K) NonClass: 8653K(8896K)->8653K(8896K) Class: 1302K(1472K)->1302K(1472K)
[208.841s][info][gc             ] GC(1271) Pause Young (Allocation Failure) 41M->7M(376M) 0.856ms
[208.841s][info][gc,cpu         ] GC(1271) User=0.00s Sys=0.00s Real=0.00s
[208.975s][info][gc,start       ] GC(1272) Pause Young (Allocation Failure)
[208.975s][info][gc,heap        ] GC(1272) PSYoungGen: 35424K(35840K)->576K(35840K) Eden: 34816K(34816K)->0K(34816K) From: 608K(1024K)->576K(1024K)
[208.975s][info][gc,heap        ] GC(1272) ParOldGen: 7062K(349696K)->7062K(349696K)
[208.975s][info][gc,metaspace   ] GC(1272) Metaspace: 9955K(10368K)->9955K(10368K) NonClass: 8653K(8896K)->8653K(8896K) Class: 1302K(1472K)->1302K(1472K)
[208.975s][info][gc             ] GC(1272) Pause Young (Allocation Failure) 41M->7M(376M) 0.792ms
[208.975s][info][gc,cpu         ] GC(1272) User=0.00s Sys=0.00s Real=0.00s
[209.119s][info][gc,start       ] GC(1273) Pause Young (Allocation Failure)
[209.120s][info][gc,heap        ] GC(1273) PSYoungGen: 35392K(35840K)->544K(35840K) Eden: 34816K(34816K)->0K(34816K) From: 576K(1024K)->544K(1024K)
[209.120s][info][gc,heap        ] GC(1273) ParOldGen: 7062K(349696K)->7062K(349696K)
[209.120s][info][gc,metaspace   ] GC(1273) Metaspace: 9955K(10368K)->9955K(10368K) NonClass: 8653K(8896K)->8653K(8896K) Class: 1302K(1472K)->1302K(1472K)
[209.120s][info][gc             ] GC(1273) Pause Young (Allocation Failure) 41M->7M(376M) 0.818ms
[209.120s][info][gc,cpu         ] GC(1273) User=0.00s Sys=0.00s Real=0.00s
[209.255s][info][gc,start       ] GC(1274) Pause Young (Allocation Failure)
[209.256s][info][gc,heap        ] GC(1274) PSYoungGen: 35360K(35840K)->576K(35840K) Eden: 34816K(34816K)->0K(34816K) From: 544K(1024K)->576K(1024K)
[209.256s][info][gc,heap        ] GC(1274) ParOldGen: 7062K(349696K)->7062K(349696K)
[209.256s][info][gc,metaspace   ] GC(1274) Metaspace: 9955K(10368K)->9955K(10368K) NonClass: 8653K(8896K)->8653K(8896K) Class: 1302K(1472K)->1302K(1472K)
[209.256s][info][gc             ] GC(1274) Pause Young (Allocation Failure) 41M->7M(376M) 0.849ms
[209.256s][info][gc,cpu         ] GC(1274) User=0.00s Sys=0.00s Real=0.00s
[209.401s][info][gc,start       ] GC(1275) Pause Young (Allocation Failure)
[209.402s][info][gc,heap        ] GC(1275) PSYoungGen: 35392K(35840K)->576K(35840K) Eden: 34816K(34816K)->0K(34816K) From: 576K(1024K)->576K(1024K)
[209.402s][info][gc,heap        ] GC(1275) ParOldGen: 7062K(349696K)->7062K(349696K)
[209.402s][info][gc,metaspace   ] GC(1275) Metaspace: 9955K(10368K)->9955K(10368K) NonClass: 8653K(8896K)->8653K(8896K) Class: 1302K(1472K)->1302K(1472K)
[209.402s][info][gc             ] GC(1275) Pause Young (Allocation Failure) 41M->7M(376M) 0.897ms
[209.402s][info][gc,cpu         ] GC(1275) User=0.00s Sys=0.00s Real=0.00s
[209.542s][info][gc,start       ] GC(1276) Pause Young (Allocation Failure)
[209.543s][info][gc,heap        ] GC(1276) PSYoungGen: 35392K(35840K)->704K(35840K) Eden: 34816K(34816K)->0K(34816K) From: 576K(1024K)->704K(1024K)
[209.543s][info][gc,heap        ] GC(1276) ParOldGen: 7062K(349696K)->7206K(349696K)
[209.543s][info][gc,metaspace   ] GC(1276) Metaspace: 9955K(10368K)->9955K(10368K) NonClass: 8653K(8896K)->8653K(8896K) Class: 1302K(1472K)->1302K(1472K)
[209.543s][info][gc             ] GC(1276) Pause Young (Allocation Failure) 41M->7M(376M) 0.966ms
[209.543s][info][gc,cpu         ] GC(1276) User=0.00s Sys=0.00s Real=0.00s
[209.585s][info][gc,start       ] GC(1277) Pause Young (System.gc())
[209.586s][info][gc,heap        ] GC(1277) PSYoungGen: 9875K(35840K)->480K(35840K) Eden: 9171K(34816K)->0K(34816K) From: 704K(1024K)->480K(1024K)
[209.586s][info][gc,heap        ] GC(1277) ParOldGen: 7206K(349696K)->7342K(349696K)
[209.586s][info][gc,metaspace   ] GC(1277) Metaspace: 9956K(10368K)->9956K(10368K) NonClass: 8654K(8896K)->8654K(8896K) Class: 1302K(1472K)->1302K(1472K)
[209.586s][info][gc             ] GC(1277) Pause Young (System.gc()) 16M->7M(376M) 0.802ms
[209.586s][info][gc,cpu         ] GC(1277) User=0.00s Sys=0.00s Real=0.00s
[209.586s][info][gc,start       ] GC(1278) Pause Full (System.gc())
[209.586s][info][gc,phases,start] GC(1278) Marking Phase
[209.600s][info][gc,phases      ] GC(1278) Marking Phase 13.918ms
[209.600s][info][gc,phases,start] GC(1278) Summary Phase
[209.600s][info][gc,phases      ] GC(1278) Summary Phase 0.033ms
[209.600s][info][gc,phases,start] GC(1278) Adjust Roots
[209.604s][info][gc,phases      ] GC(1278) Adjust Roots 4.283ms
[209.604s][info][gc,phases,start] GC(1278) Compaction Phase
[209.607s][info][gc,phases      ] GC(1278) Compaction Phase 2.957ms
[209.607s][info][gc,phases,start] GC(1278) Post Compact
[209.608s][info][gc,phases      ] GC(1278) Post Compact 0.283ms
[209.608s][info][gc,heap        ] GC(1278) PSYoungGen: 480K(35840K)->0K(35840K) Eden: 0K(34816K)->0K(34816K) From: 480K(1024K)->0K(1024K)
[209.608s][info][gc,heap        ] GC(1278) ParOldGen: 7342K(349696K)->4078K(349696K)
[209.608s][info][gc,metaspace   ] GC(1278) Metaspace: 9956K(10368K)->9956K(10368K) NonClass: 8654K(8896K)->8654K(8896K) Class: 1302K(1472K)->1302K(1472K)
[209.608s][info][gc             ] GC(1278) Pause Full (System.gc()) 7M->3M(376M) 21.874ms
[209.608s][info][gc,cpu         ] GC(1278) User=0.02s Sys=0.00s Real=0.01s
[209.755s][info][gc,start       ] GC(1279) Pause Young (Allocation Failure)
[209.756s][info][gc,heap        ] GC(1279) PSYoungGen: 34816K(35840K)->1024K(35840K) Eden: 34816K(34816K)->0K(34816K) From: 0K(1024K)->1024K(1024K)
[209.756s][info][gc,heap        ] GC(1279) ParOldGen: 4078K(349696K)->4302K(349696K)
[209.756s][info][gc,metaspace   ] GC(1279) Metaspace: 9956K(10368K)->9956K(10368K) NonClass: 8654K(8896K)->8654K(8896K) Class: 1302K(1472K)->1302K(1472K)
[209.756s][info][gc             ] GC(1279) Pause Young (Allocation Failure) 37M->5M(376M) 1.433ms
[209.757s][info][gc,cpu         ] GC(1279) User=0.00s Sys=0.00s Real=0.00s
[209.900s][info][gc,start       ] GC(1280) Pause Young (Allocation Failure)
[209.902s][info][gc,heap        ] GC(1280) PSYoungGen: 35840K(35840K)->1024K(35840K) Eden: 34816K(34816K)->0K(34816K) From: 1024K(1024K)->1024K(1024K)
[209.902s][info][gc,heap        ] GC(1280) ParOldGen: 4302K(349696K)->4630K(349696K)
[209.902s][info][gc,metaspace   ] GC(1280) Metaspace: 9956K(10368K)->9956K(10368K) NonClass: 8654K(8896K)->8654K(8896K) Class: 1302K(1472K)->1302K(1472K)
[209.902s][info][gc             ] GC(1280) Pause Young (Allocation Failure) 39M->5M(376M) 1.354ms
[209.902s][info][gc,cpu         ] GC(1280) User=0.00s Sys=0.00s Real=0.00s
[210.047s][info][gc,start       ] GC(1281) Pause Young (Allocation Failure)
[210.048s][info][gc,heap        ] GC(1281) PSYoungGen: 35840K(35840K)->1024K(36352K) Eden: 34816K(34816K)->0K(34816K) From: 1024K(1024K)->1024K(1536K)
[210.048s][info][gc,heap        ] GC(1281) ParOldGen: 4630K(349696K)->4830K(349696K)
[210.048s][info][gc,metaspace   ] GC(1281) Metaspace: 9956K(10368K)->9956K(10368K) NonClass: 8654K(8896K)->8654K(8896K) Class: 1302K(1472K)->1302K(1472K)
[210.048s][info][gc             ] GC(1281) Pause Young (Allocation Failure) 39M->5M(377M) 1.207ms
[210.048s][info][gc,cpu         ] GC(1281) User=0.00s Sys=0.00s Real=0.00s
[210.185s][info][gc,start       ] GC(1282) Pause Young (Allocation Failure)
[210.186s][info][gc,heap        ] GC(1282) PSYoungGen: 35840K(36352K)->512K(36352K) Eden: 34816K(34816K)->0K(34816K) From: 1024K(1536K)->512K(1536K)
[210.186s][info][gc,heap        ] GC(1282) ParOldGen: 4830K(349696K)->5254K(349696K)
[210.186s][info][gc,metaspace   ] GC(1282) Metaspace: 9956K(10368K)->9956K(10368K) NonClass: 8654K(8896K)->8654K(8896K) Class: 1302K(1472K)->1302K(1472K)
[210.186s][info][gc             ] GC(1282) Pause Young (Allocation Failure) 39M->5M(377M) 1.193ms
[210.186s][info][gc,cpu         ] GC(1282) User=0.00s Sys=0.00s Real=0.00s
[210.331s][info][gc,start       ] GC(1283) Pause Young (Allocation Failure)
[210.332s][info][gc,heap        ] GC(1283) PSYoungGen: 35328K(36352K)->928K(36352K) Eden: 34816K(34816K)->0K(34816K) From: 512K(1536K)->928K(1536K)
[210.332s][info][gc,heap        ] GC(1283) ParOldGen: 5254K(349696K)->5318K(349696K)
[210.332s][info][gc,metaspace   ] GC(1283) Metaspace: 9956K(10368K)->9956K(10368K) NonClass: 8654K(8896K)->8654K(8896K) Class: 1302K(1472K)->1302K(1472K)
[210.332s][info][gc             ] GC(1283) Pause Young (Allocation Failure) 39M->6M(377M) 1.079ms
[210.332s][info][gc,cpu         ] GC(1283) User=0.00s Sys=0.00s Real=0.00s
[210.474s][info][gc,start       ] GC(1284) Pause Young (Allocation Failure)
[210.476s][info][gc,heap        ] GC(1284) PSYoungGen: 35744K(36352K)->704K(36352K) Eden: 34816K(34816K)->0K(34816K) From: 928K(1536K)->704K(1536K)
[210.476s][info][gc,heap        ] GC(1284) ParOldGen: 5318K(349696K)->5742K(349696K)
[210.476s][info][gc,metaspace   ] GC(1284) Metaspace: 9956K(10368K)->9956K(10368K) NonClass: 8654K(8896K)->8654K(8896K) Class: 1302K(1472K)->1302K(1472K)
[210.476s][info][gc             ] GC(1284) Pause Young (Allocation Failure) 40M->6M(377M) 1.257ms
[210.476s][info][gc,cpu         ] GC(1284) User=0.00s Sys=0.00s Real=0.00s
[210.625s][info][gc,start       ] GC(1285) Pause Young (Allocation Failure)
[210.626s][info][gc,heap        ] GC(1285) PSYoungGen: 35520K(36352K)->896K(36352K) Eden: 34816K(34816K)->0K(34816K) From: 704K(1536K)->896K(1536K)
[210.626s][info][gc,heap        ] GC(1285) ParOldGen: 5742K(349696K)->5974K(349696K)
[210.626s][info][gc,metaspace   ] GC(1285) Metaspace: 9956K(10368K)->9956K(10368K) NonClass: 8654K(8896K)->8654K(8896K) Class: 1302K(1472K)->1302K(1472K)
[210.626s][info][gc             ] GC(1285) Pause Young (Allocation Failure) 40M->6M(377M) 1.130ms
[210.626s][info][gc,cpu         ] GC(1285) User=0.00s Sys=0.00s Real=0.00s
[210.762s][info][gc,start       ] GC(1286) Pause Young (Allocation Failure)
[210.763s][info][gc,heap        ] GC(1286) PSYoungGen: 35712K(36352K)->704K(36352K) Eden: 34816K(34816K)->0K(34816K) From: 896K(1536K)->704K(1536K)
[210.763s][info][gc,heap        ] GC(1286) ParOldGen: 5974K(349696K)->6238K(349696K)
[210.763s][info][gc,metaspace   ] GC(1286) Metaspace: 9956K(10368K)->9956K(10368K) NonClass: 8654K(8896K)->8654K(8896K) Class: 1302K(1472K)->1302K(1472K)
[210.763s][info][gc             ] GC(1286) Pause Young (Allocation Failure) 40M->6M(377M) 1.081ms
[210.763s][info][gc,cpu         ] GC(1286) User=0.00s Sys=0.00s Real=0.00s
[210.904s][info][gc,start       ] GC(1287) Pause Young (Allocation Failure)
[210.905s][info][gc,heap        ] GC(1287) PSYoungGen: 35520K(36352K)->576K(36352K) Eden: 34816K(34816K)->0K(34816K) From: 704K(1536K)->576K(1536K)
[210.905s][info][gc,heap        ] GC(1287) ParOldGen: 6238K(349696K)->6446K(349696K)
[210.905s][info][gc,metaspace   ] GC(1287) Metaspace: 9956K(10368K)->9956K(10368K) NonClass: 8654K(8896K)->8654K(8896K) Class: 1302K(1472K)->1302K(1472K)
[210.905s][info][gc             ] GC(1287) Pause Young (Allocation Failure) 40M->6M(377M) 0.965ms
[210.905s][info][gc,cpu         ] GC(1287) User=0.00s Sys=0.00s Real=0.00s
[211.045s][info][gc,start       ] GC(1288) Pause Young (Allocation Failure)
[211.045s][info][gc,heap        ] GC(1288) PSYoungGen: 35392K(36352K)->576K(36352K) Eden: 34816K(34816K)->0K(34816K) From: 576K(1536K)->576K(1536K)
[211.045s][info][gc,heap        ] GC(1288) ParOldGen: 6446K(349696K)->6446K(349696K)
[211.046s][info][gc,metaspace   ] GC(1288) Metaspace: 9956K(10368K)->9956K(10368K) NonClass: 8654K(8896K)->8654K(8896K) Class: 1302K(1472K)->1302K(1472K)
[211.046s][info][gc             ] GC(1288) Pause Young (Allocation Failure) 40M->6M(377M) 0.879ms
[211.046s][info][gc,cpu         ] GC(1288) User=0.00s Sys=0.00s Real=0.00s
[211.184s][info][gc,start       ] GC(1289) Pause Young (Allocation Failure)
[211.185s][info][gc,heap        ] GC(1289) PSYoungGen: 35392K(36352K)->576K(36352K) Eden: 34816K(34816K)->0K(34816K) From: 576K(1536K)->576K(1536K)
[211.185s][info][gc,heap        ] GC(1289) ParOldGen: 6446K(349696K)->6446K(349696K)
[211.185s][info][gc,metaspace   ] GC(1289) Metaspace: 9956K(10368K)->9956K(10368K) NonClass: 8654K(8896K)->8654K(8896K) Class: 1302K(1472K)->1302K(1472K)
[211.185s][info][gc             ] GC(1289) Pause Young (Allocation Failure) 40M->6M(377M) 0.837ms
[211.185s][info][gc,cpu         ] GC(1289) User=0.00s Sys=0.00s Real=0.00s
[211.322s][info][gc,start       ] GC(1290) Pause Young (Allocation Failure)
[211.323s][info][gc,heap        ] GC(1290) PSYoungGen: 35392K(36352K)->576K(36352K) Eden: 34816K(34816K)->0K(34816K) From: 576K(1536K)->576K(1536K)
[211.323s][info][gc,heap        ] GC(1290) ParOldGen: 6446K(349696K)->6462K(349696K)
[211.323s][info][gc,metaspace   ] GC(1290) Metaspace: 9956K(10368K)->9956K(10368K) NonClass: 8654K(8896K)->8654K(8896K) Class: 1302K(1472K)->1302K(1472K)
[211.323s][info][gc             ] GC(1290) Pause Young (Allocation Failure) 40M->6M(377M) 0.934ms
[211.323s][info][gc,cpu         ] GC(1290) User=0.00s Sys=0.00s Real=0.00s
[211.462s][info][gc,start       ] GC(1291) Pause Young (Allocation Failure)
[211.463s][info][gc,heap        ] GC(1291) PSYoungGen: 35391K(36352K)->544K(36352K) Eden: 34815K(34816K)->0K(34816K) From: 576K(1536K)->544K(1536K)
[211.463s][info][gc,heap        ] GC(1291) ParOldGen: 6462K(349696K)->6462K(349696K)
[211.463s][info][gc,metaspace   ] GC(1291) Metaspace: 9956K(10368K)->9956K(10368K) NonClass: 8654K(8896K)->8654K(8896K) Class: 1302K(1472K)->1302K(1472K)
[211.463s][info][gc             ] GC(1291) Pause Young (Allocation Failure) 40M->6M(377M) 0.799ms
[211.463s][info][gc,cpu         ] GC(1291) User=0.00s Sys=0.00s Real=0.00s
[211.597s][info][gc,start       ] GC(1292) Pause Young (Allocation Failure)
[211.598s][info][gc,heap        ] GC(1292) PSYoungGen: 35360K(36352K)->640K(36352K) Eden: 34816K(34816K)->0K(34816K) From: 544K(1536K)->640K(1536K)
[211.598s][info][gc,heap        ] GC(1292) ParOldGen: 6462K(349696K)->6462K(349696K)
[211.598s][info][gc,metaspace   ] GC(1292) Metaspace: 9956K(10368K)->9956K(10368K) NonClass: 8654K(8896K)->8654K(8896K) Class: 1302K(1472K)->1302K(1472K)
[211.598s][info][gc             ] GC(1292) Pause Young (Allocation Failure) 40M->6M(377M) 0.882ms
[211.598s][info][gc,cpu         ] GC(1292) User=0.00s Sys=0.00s Real=0.00s
[211.741s][info][gc,start       ] GC(1293) Pause Young (Allocation Failure)
[211.742s][info][gc,heap        ] GC(1293) PSYoungGen: 35456K(36352K)->576K(36352K) Eden: 34816K(34816K)->0K(34816K) From: 640K(1536K)->576K(1536K)
[211.742s][info][gc,heap        ] GC(1293) ParOldGen: 6462K(349696K)->6478K(349696K)
[211.742s][info][gc,metaspace   ] GC(1293) Metaspace: 9956K(10368K)->9956K(10368K) NonClass: 8654K(8896K)->8654K(8896K) Class: 1302K(1472K)->1302K(1472K)
[211.742s][info][gc             ] GC(1293) Pause Young (Allocation Failure) 40M->6M(377M) 0.896ms
[211.742s][info][gc,cpu         ] GC(1293) User=0.00s Sys=0.00s Real=0.00s
[211.885s][info][gc,start       ] GC(1294) Pause Young (Allocation Failure)
[211.886s][info][gc,heap        ] GC(1294) PSYoungGen: 35392K(36352K)->576K(35840K) Eden: 34816K(34816K)->0K(34816K) From: 576K(1536K)->576K(1024K)
[211.886s][info][gc,heap        ] GC(1294) ParOldGen: 6478K(349696K)->6478K(349696K)
[211.886s][info][gc,metaspace   ] GC(1294) Metaspace: 9956K(10368K)->9956K(10368K) NonClass: 8654K(8896K)->8654K(8896K) Class: 1302K(1472K)->1302K(1472K)
[211.886s][info][gc             ] GC(1294) Pause Young (Allocation Failure) 40M->6M(376M) 0.994ms
[211.886s][info][gc,cpu         ] GC(1294) User=0.00s Sys=0.00s Real=0.00s
[212.026s][info][gc,start       ] GC(1295) Pause Young (Allocation Failure)
[212.027s][info][gc,heap        ] GC(1295) PSYoungGen: 35392K(35840K)->576K(35840K) Eden: 34816K(34816K)->0K(34816K) From: 576K(1024K)->576K(1024K)
[212.027s][info][gc,heap        ] GC(1295) ParOldGen: 6478K(349696K)->6478K(349696K)
[212.027s][info][gc,metaspace   ] GC(1295) Metaspace: 9956K(10368K)->9956K(10368K) NonClass: 8654K(8896K)->8654K(8896K) Class: 1302K(1472K)->1302K(1472K)
[212.027s][info][gc             ] GC(1295) Pause Young (Allocation Failure) 40M->6M(376M) 0.824ms
[212.027s][info][gc,cpu         ] GC(1295) User=0.00s Sys=0.00s Real=0.00s
[212.166s][info][gc,start       ] GC(1296) Pause Young (Allocation Failure)
[212.167s][info][gc,heap        ] GC(1296) PSYoungGen: 35392K(35840K)->576K(35840K) Eden: 34816K(34816K)->0K(34816K) From: 576K(1024K)->576K(1024K)
[212.167s][info][gc,heap        ] GC(1296) ParOldGen: 6478K(349696K)->6478K(349696K)
[212.167s][info][gc,metaspace   ] GC(1296) Metaspace: 9956K(10368K)->9956K(10368K) NonClass: 8654K(8896K)->8654K(8896K) Class: 1302K(1472K)->1302K(1472K)
[212.167s][info][gc             ] GC(1296) Pause Young (Allocation Failure) 40M->6M(376M) 0.832ms
[212.167s][info][gc,cpu         ] GC(1296) User=0.00s Sys=0.00s Real=0.00s
[212.303s][info][gc,start       ] GC(1297) Pause Young (Allocation Failure)
[212.304s][info][gc,heap        ] GC(1297) PSYoungGen: 35392K(35840K)->576K(35840K) Eden: 34816K(34816K)->0K(34816K) From: 576K(1024K)->576K(1024K)
[212.304s][info][gc,heap        ] GC(1297) ParOldGen: 6478K(349696K)->6486K(349696K)
[212.304s][info][gc,metaspace   ] GC(1297) Metaspace: 9956K(10368K)->9956K(10368K) NonClass: 8654K(8896K)->8654K(8896K) Class: 1302K(1472K)->1302K(1472K)
[212.304s][info][gc             ] GC(1297) Pause Young (Allocation Failure) 40M->6M(376M) 0.867ms
[212.304s][info][gc,cpu         ] GC(1297) User=0.00s Sys=0.00s Real=0.00s
[212.441s][info][gc,start       ] GC(1298) Pause Young (Allocation Failure)
[212.442s][info][gc,heap        ] GC(1298) PSYoungGen: 35392K(35840K)->576K(35840K) Eden: 34816K(34816K)->0K(34816K) From: 576K(1024K)->576K(1024K)
[212.442s][info][gc,heap        ] GC(1298) ParOldGen: 6486K(349696K)->6486K(349696K)
[212.442s][info][gc,metaspace   ] GC(1298) Metaspace: 9956K(10368K)->9956K(10368K) NonClass: 8654K(8896K)->8654K(8896K) Class: 1302K(1472K)->1302K(1472K)
[212.442s][info][gc             ] GC(1298) Pause Young (Allocation Failure) 40M->6M(376M) 0.871ms
[212.442s][info][gc,cpu         ] GC(1298) User=0.00s Sys=0.00s Real=0.00s
[212.580s][info][gc,start       ] GC(1299) Pause Young (Allocation Failure)
[212.581s][info][gc,heap        ] GC(1299) PSYoungGen: 35392K(35840K)->608K(35840K) Eden: 34816K(34816K)->0K(34816K) From: 576K(1024K)->608K(1024K)
[212.581s][info][gc,heap        ] GC(1299) ParOldGen: 6486K(349696K)->6486K(349696K)
[212.581s][info][gc,metaspace   ] GC(1299) Metaspace: 9956K(10368K)->9956K(10368K) NonClass: 8654K(8896K)->8654K(8896K) Class: 1302K(1472K)->1302K(1472K)
[212.581s][info][gc             ] GC(1299) Pause Young (Allocation Failure) 40M->6M(376M) 0.863ms
[212.581s][info][gc,cpu         ] GC(1299) User=0.00s Sys=0.00s Real=0.00s
[212.721s][info][gc,start       ] GC(1300) Pause Young (Allocation Failure)
[212.722s][info][gc,heap        ] GC(1300) PSYoungGen: 35424K(35840K)->864K(35840K) Eden: 34816K(34816K)->0K(34816K) From: 608K(1024K)->864K(1024K)
[212.722s][info][gc,heap        ] GC(1300) ParOldGen: 6486K(349696K)->6494K(349696K)
[212.722s][info][gc,metaspace   ] GC(1300) Metaspace: 9956K(10368K)->9956K(10368K) NonClass: 8654K(8896K)->8654K(8896K) Class: 1302K(1472K)->1302K(1472K)
[212.722s][info][gc             ] GC(1300) Pause Young (Allocation Failure) 40M->7M(376M) 0.998ms
[212.722s][info][gc,cpu         ] GC(1300) User=0.00s Sys=0.00s Real=0.00s
[212.855s][info][gc,start       ] GC(1301) Pause Young (Allocation Failure)
[212.855s][info][gc,heap        ] GC(1301) PSYoungGen: 35680K(35840K)->864K(35840K) Eden: 34816K(34816K)->0K(34816K) From: 864K(1024K)->864K(1024K)
[212.856s][info][gc,heap        ] GC(1301) ParOldGen: 6494K(349696K)->6510K(349696K)
[212.856s][info][gc,metaspace   ] GC(1301) Metaspace: 9956K(10368K)->9956K(10368K) NonClass: 8654K(8896K)->8654K(8896K) Class: 1302K(1472K)->1302K(1472K)
[212.856s][info][gc             ] GC(1301) Pause Young (Allocation Failure) 41M->7M(376M) 1.031ms
[212.856s][info][gc,cpu         ] GC(1301) User=0.00s Sys=0.00s Real=0.00s
[212.998s][info][gc,start       ] GC(1302) Pause Young (Allocation Failure)
[212.999s][info][gc,heap        ] GC(1302) PSYoungGen: 35680K(35840K)->512K(35840K) Eden: 34816K(34816K)->0K(34816K) From: 864K(1024K)->512K(1024K)
[212.999s][info][gc,heap        ] GC(1302) ParOldGen: 6510K(349696K)->6934K(349696K)
[212.999s][info][gc,metaspace   ] GC(1302) Metaspace: 9956K(10368K)->9956K(10368K) NonClass: 8654K(8896K)->8654K(8896K) Class: 1302K(1472K)->1302K(1472K)
[212.999s][info][gc             ] GC(1302) Pause Young (Allocation Failure) 41M->7M(376M) 1.200ms
[212.999s][info][gc,cpu         ] GC(1302) User=0.00s Sys=0.00s Real=0.00s
[213.143s][info][gc,start       ] GC(1303) Pause Young (Allocation Failure)
[213.144s][info][gc,heap        ] GC(1303) PSYoungGen: 35328K(35840K)->576K(35840K) Eden: 34816K(34816K)->0K(34816K) From: 512K(1024K)->576K(1024K)
[213.144s][info][gc,heap        ] GC(1303) ParOldGen: 6934K(349696K)->6934K(349696K)
[213.144s][info][gc,metaspace   ] GC(1303) Metaspace: 9956K(10368K)->9956K(10368K) NonClass: 8654K(8896K)->8654K(8896K) Class: 1302K(1472K)->1302K(1472K)
[213.144s][info][gc             ] GC(1303) Pause Young (Allocation Failure) 41M->7M(376M) 0.861ms
[213.144s][info][gc,cpu         ] GC(1303) User=0.00s Sys=0.00s Real=0.00s
[213.284s][info][gc,start       ] GC(1304) Pause Young (Allocation Failure)
[213.285s][info][gc,heap        ] GC(1304) PSYoungGen: 35392K(35840K)->576K(35840K) Eden: 34816K(34816K)->0K(34816K) From: 576K(1024K)->576K(1024K)
[213.285s][info][gc,heap        ] GC(1304) ParOldGen: 6934K(349696K)->6934K(349696K)
[213.285s][info][gc,metaspace   ] GC(1304) Metaspace: 9956K(10368K)->9956K(10368K) NonClass: 8654K(8896K)->8654K(8896K) Class: 1302K(1472K)->1302K(1472K)
[213.285s][info][gc             ] GC(1304) Pause Young (Allocation Failure) 41M->7M(376M) 0.875ms
[213.285s][info][gc,cpu         ] GC(1304) User=0.00s Sys=0.00s Real=0.00s
[213.419s][info][gc,start       ] GC(1305) Pause Young (Allocation Failure)
[213.420s][info][gc,heap        ] GC(1305) PSYoungGen: 35392K(35840K)->608K(35840K) Eden: 34816K(34816K)->0K(34816K) From: 576K(1024K)->608K(1024K)
[213.420s][info][gc,heap        ] GC(1305) ParOldGen: 6934K(349696K)->6934K(349696K)
[213.420s][info][gc,metaspace   ] GC(1305) Metaspace: 9956K(10368K)->9956K(10368K) NonClass: 8654K(8896K)->8654K(8896K) Class: 1302K(1472K)->1302K(1472K)
[213.420s][info][gc             ] GC(1305) Pause Young (Allocation Failure) 41M->7M(376M) 0.855ms
[213.420s][info][gc,cpu         ] GC(1305) User=0.00s Sys=0.00s Real=0.00s
[213.559s][info][gc,start       ] GC(1306) Pause Young (Allocation Failure)
[213.559s][info][gc,heap        ] GC(1306) PSYoungGen: 35424K(35840K)->544K(35840K) Eden: 34816K(34816K)->0K(34816K) From: 608K(1024K)->544K(1024K)
[213.559s][info][gc,heap        ] GC(1306) ParOldGen: 6934K(349696K)->6942K(349696K)
[213.559s][info][gc,metaspace   ] GC(1306) Metaspace: 9956K(10368K)->9956K(10368K) NonClass: 8654K(8896K)->8654K(8896K) Class: 1302K(1472K)->1302K(1472K)
[213.559s][info][gc             ] GC(1306) Pause Young (Allocation Failure) 41M->7M(376M) 0.845ms
[213.559s][info][gc,cpu         ] GC(1306) User=0.00s Sys=0.00s Real=0.00s
[213.697s][info][gc,start       ] GC(1307) Pause Young (Allocation Failure)
[213.698s][info][gc,heap        ] GC(1307) PSYoungGen: 35360K(35840K)->576K(35840K) Eden: 34816K(34816K)->0K(34816K) From: 544K(1024K)->576K(1024K)
[213.698s][info][gc,heap        ] GC(1307) ParOldGen: 6942K(349696K)->6942K(349696K)
[213.698s][info][gc,metaspace   ] GC(1307) Metaspace: 9956K(10368K)->9956K(10368K) NonClass: 8654K(8896K)->8654K(8896K) Class: 1302K(1472K)->1302K(1472K)
[213.698s][info][gc             ] GC(1307) Pause Young (Allocation Failure) 41M->7M(376M) 0.840ms
[213.698s][info][gc,cpu         ] GC(1307) User=0.00s Sys=0.00s Real=0.00s
[213.839s][info][gc,start       ] GC(1308) Pause Young (Allocation Failure)
[213.840s][info][gc,heap        ] GC(1308) PSYoungGen: 35392K(35840K)->608K(35840K) Eden: 34816K(34816K)->0K(34816K) From: 576K(1024K)->608K(1024K)
[213.840s][info][gc,heap        ] GC(1308) ParOldGen: 6942K(349696K)->6950K(349696K)
[213.840s][info][gc,metaspace   ] GC(1308) Metaspace: 9956K(10368K)->9956K(10368K) NonClass: 8654K(8896K)->8654K(8896K) Class: 1302K(1472K)->1302K(1472K)
[213.840s][info][gc             ] GC(1308) Pause Young (Allocation Failure) 41M->7M(376M) 0.857ms
[213.840s][info][gc,cpu         ] GC(1308) User=0.00s Sys=0.00s Real=0.00s
[213.980s][info][gc,start       ] GC(1309) Pause Young (Allocation Failure)
[213.980s][info][gc,heap        ] GC(1309) PSYoungGen: 35424K(35840K)->640K(35840K) Eden: 34816K(34816K)->0K(34816K) From: 608K(1024K)->640K(1024K)
[213.981s][info][gc,heap        ] GC(1309) ParOldGen: 6950K(349696K)->6950K(349696K)
[213.981s][info][gc,metaspace   ] GC(1309) Metaspace: 9956K(10368K)->9956K(10368K) NonClass: 8654K(8896K)->8654K(8896K) Class: 1302K(1472K)->1302K(1472K)
[213.981s][info][gc             ] GC(1309) Pause Young (Allocation Failure) 41M->7M(376M) 0.852ms
[213.981s][info][gc,cpu         ] GC(1309) User=0.00s Sys=0.00s Real=0.00s
[214.120s][info][gc,start       ] GC(1310) Pause Young (Allocation Failure)
[214.120s][info][gc,heap        ] GC(1310) PSYoungGen: 35456K(35840K)->576K(35840K) Eden: 34816K(34816K)->0K(34816K) From: 640K(1024K)->576K(1024K)
[214.120s][info][gc,heap        ] GC(1310) ParOldGen: 6950K(349696K)->6950K(349696K)
[214.120s][info][gc,metaspace   ] GC(1310) Metaspace: 9956K(10368K)->9956K(10368K) NonClass: 8654K(8896K)->8654K(8896K) Class: 1302K(1472K)->1302K(1472K)
[214.120s][info][gc             ] GC(1310) Pause Young (Allocation Failure) 41M->7M(376M) 0.856ms
[214.120s][info][gc,cpu         ] GC(1310) User=0.00s Sys=0.00s Real=0.00s
[214.269s][info][gc,start       ] GC(1311) Pause Young (Allocation Failure)
[214.270s][info][gc,heap        ] GC(1311) PSYoungGen: 35392K(35840K)->608K(35840K) Eden: 34816K(34816K)->0K(34816K) From: 576K(1024K)->608K(1024K)
[214.270s][info][gc,heap        ] GC(1311) ParOldGen: 6950K(349696K)->6950K(349696K)
[214.270s][info][gc,metaspace   ] GC(1311) Metaspace: 9956K(10368K)->9956K(10368K) NonClass: 8654K(8896K)->8654K(8896K) Class: 1302K(1472K)->1302K(1472K)
[214.270s][info][gc             ] GC(1311) Pause Young (Allocation Failure) 41M->7M(376M) 0.880ms
[214.270s][info][gc,cpu         ] GC(1311) User=0.00s Sys=0.00s Real=0.00s
[214.406s][info][gc,start       ] GC(1312) Pause Young (Allocation Failure)
[214.407s][info][gc,heap        ] GC(1312) PSYoungGen: 35424K(35840K)->736K(35840K) Eden: 34816K(34816K)->0K(34816K) From: 608K(1024K)->736K(1024K)
[214.407s][info][gc,heap        ] GC(1312) ParOldGen: 6950K(349696K)->6990K(349696K)
[214.407s][info][gc,metaspace   ] GC(1312) Metaspace: 9956K(10368K)->9956K(10368K) NonClass: 8654K(8896K)->8654K(8896K) Class: 1302K(1472K)->1302K(1472K)
[214.407s][info][gc             ] GC(1312) Pause Young (Allocation Failure) 41M->7M(376M) 1.101ms
[214.407s][info][gc,cpu         ] GC(1312) User=0.00s Sys=0.00s Real=0.00s
[214.542s][info][gc,start       ] GC(1313) Pause Young (Allocation Failure)
[214.543s][info][gc,heap        ] GC(1313) PSYoungGen: 35552K(35840K)->672K(35840K) Eden: 34816K(34816K)->0K(34816K) From: 736K(1024K)->672K(1024K)
[214.543s][info][gc,heap        ] GC(1313) ParOldGen: 6990K(349696K)->7206K(349696K)
[214.543s][info][gc,metaspace   ] GC(1313) Metaspace: 9956K(10368K)->9956K(10368K) NonClass: 8654K(8896K)->8654K(8896K) Class: 1302K(1472K)->1302K(1472K)
[214.543s][info][gc             ] GC(1313) Pause Young (Allocation Failure) 41M->7M(376M) 0.986ms
[214.543s][info][gc,cpu         ] GC(1313) User=0.00s Sys=0.00s Real=0.00s
[214.681s][info][gc,start       ] GC(1314) Pause Young (Allocation Failure)
[214.681s][info][gc,heap        ] GC(1314) PSYoungGen: 35488K(35840K)->576K(35840K) Eden: 34816K(34816K)->0K(34816K) From: 672K(1024K)->576K(1024K)
[214.681s][info][gc,heap        ] GC(1314) ParOldGen: 7206K(349696K)->7206K(349696K)
[214.681s][info][gc,metaspace   ] GC(1314) Metaspace: 9956K(10368K)->9956K(10368K) NonClass: 8654K(8896K)->8654K(8896K) Class: 1302K(1472K)->1302K(1472K)
[214.681s][info][gc             ] GC(1314) Pause Young (Allocation Failure) 41M->7M(376M) 0.845ms
[214.681s][info][gc,cpu         ] GC(1314) User=0.00s Sys=0.00s Real=0.00s
[214.821s][info][gc,start       ] GC(1315) Pause Young (Allocation Failure)
[214.822s][info][gc,heap        ] GC(1315) PSYoungGen: 35392K(35840K)->576K(35840K) Eden: 34816K(34816K)->0K(34816K) From: 576K(1024K)->576K(1024K)
[214.822s][info][gc,heap        ] GC(1315) ParOldGen: 7206K(349696K)->7206K(349696K)
[214.822s][info][gc,metaspace   ] GC(1315) Metaspace: 9956K(10368K)->9956K(10368K) NonClass: 8654K(8896K)->8654K(8896K) Class: 1302K(1472K)->1302K(1472K)
[214.822s][info][gc             ] GC(1315) Pause Young (Allocation Failure) 41M->7M(376M) 0.863ms
[214.822s][info][gc,cpu         ] GC(1315) User=0.00s Sys=0.00s Real=0.00s
[214.964s][info][gc,start       ] GC(1316) Pause Young (Allocation Failure)
[214.965s][info][gc,heap        ] GC(1316) PSYoungGen: 35392K(35840K)->576K(35840K) Eden: 34816K(34816K)->0K(34816K) From: 576K(1024K)->576K(1024K)
[214.965s][info][gc,heap        ] GC(1316) ParOldGen: 7206K(349696K)->7206K(349696K)
[214.965s][info][gc,metaspace   ] GC(1316) Metaspace: 9956K(10368K)->9956K(10368K) NonClass: 8654K(8896K)->8654K(8896K) Class: 1302K(1472K)->1302K(1472K)
[214.965s][info][gc             ] GC(1316) Pause Young (Allocation Failure) 41M->7M(376M) 0.868ms
[214.965s][info][gc,cpu         ] GC(1316) User=0.00s Sys=0.00s Real=0.00s
[215.103s][info][gc,start       ] GC(1317) Pause Young (Allocation Failure)
[215.103s][info][gc,heap        ] GC(1317) PSYoungGen: 35392K(35840K)->576K(35840K) Eden: 34816K(34816K)->0K(34816K) From: 576K(1024K)->576K(1024K)
[215.103s][info][gc,heap        ] GC(1317) ParOldGen: 7206K(349696K)->7206K(349696K)
[215.103s][info][gc,metaspace   ] GC(1317) Metaspace: 9956K(10368K)->9956K(10368K) NonClass: 8654K(8896K)->8654K(8896K) Class: 1302K(1472K)->1302K(1472K)
[215.104s][info][gc             ] GC(1317) Pause Young (Allocation Failure) 41M->7M(376M) 0.860ms
[215.104s][info][gc,cpu         ] GC(1317) User=0.00s Sys=0.00s Real=0.00s
[215.244s][info][gc,start       ] GC(1318) Pause Young (Allocation Failure)
[215.245s][info][gc,heap        ] GC(1318) PSYoungGen: 35392K(35840K)->608K(35840K) Eden: 34816K(34816K)->0K(34816K) From: 576K(1024K)->608K(1024K)
[215.245s][info][gc,heap        ] GC(1318) ParOldGen: 7206K(349696K)->7206K(349696K)
[215.245s][info][gc,metaspace   ] GC(1318) Metaspace: 9956K(10368K)->9956K(10368K) NonClass: 8654K(8896K)->8654K(8896K) Class: 1302K(1472K)->1302K(1472K)
[215.245s][info][gc             ] GC(1318) Pause Young (Allocation Failure) 41M->7M(376M) 0.833ms
[215.245s][info][gc,cpu         ] GC(1318) User=0.00s Sys=0.00s Real=0.00s
[215.388s][info][gc,start       ] GC(1319) Pause Young (Allocation Failure)
[215.388s][info][gc,heap        ] GC(1319) PSYoungGen: 35424K(35840K)->576K(35840K) Eden: 34816K(34816K)->0K(34816K) From: 608K(1024K)->576K(1024K)
[215.389s][info][gc,heap        ] GC(1319) ParOldGen: 7206K(349696K)->7206K(349696K)
[215.389s][info][gc,metaspace   ] GC(1319) Metaspace: 9956K(10368K)->9956K(10368K) NonClass: 8654K(8896K)->8654K(8896K) Class: 1302K(1472K)->1302K(1472K)
[215.389s][info][gc             ] GC(1319) Pause Young (Allocation Failure) 41M->7M(376M) 0.847ms
[215.389s][info][gc,cpu         ] GC(1319) User=0.00s Sys=0.00s Real=0.00s
[215.524s][info][gc,start       ] GC(1320) Pause Young (Allocation Failure)
[215.525s][info][gc,heap        ] GC(1320) PSYoungGen: 35392K(35840K)->576K(35840K) Eden: 34816K(34816K)->0K(34816K) From: 576K(1024K)->576K(1024K)
[215.525s][info][gc,heap        ] GC(1320) ParOldGen: 7206K(349696K)->7206K(349696K)
[215.525s][info][gc,metaspace   ] GC(1320) Metaspace: 9956K(10368K)->9956K(10368K) NonClass: 8654K(8896K)->8654K(8896K) Class: 1302K(1472K)->1302K(1472K)
[215.525s][info][gc             ] GC(1320) Pause Young (Allocation Failure) 41M->7M(376M) 0.863ms
[215.525s][info][gc,cpu         ] GC(1320) User=0.00s Sys=0.00s Real=0.00s
[215.663s][info][gc,start       ] GC(1321) Pause Young (Allocation Failure)
[215.664s][info][gc,heap        ] GC(1321) PSYoungGen: 35392K(35840K)->576K(35840K) Eden: 34816K(34816K)->0K(34816K) From: 576K(1024K)->576K(1024K)
[215.664s][info][gc,heap        ] GC(1321) ParOldGen: 7206K(349696K)->7206K(349696K)
[215.664s][info][gc,metaspace   ] GC(1321) Metaspace: 9956K(10368K)->9956K(10368K) NonClass: 8654K(8896K)->8654K(8896K) Class: 1302K(1472K)->1302K(1472K)
[215.664s][info][gc             ] GC(1321) Pause Young (Allocation Failure) 41M->7M(376M) 0.873ms
[215.664s][info][gc,cpu         ] GC(1321) User=0.00s Sys=0.00s Real=0.00s
[215.810s][info][gc,start       ] GC(1322) Pause Young (Allocation Failure)
[215.811s][info][gc,heap        ] GC(1322) PSYoungGen: 35392K(35840K)->608K(35840K) Eden: 34816K(34816K)->0K(34816K) From: 576K(1024K)->608K(1024K)
[215.811s][info][gc,heap        ] GC(1322) ParOldGen: 7206K(349696K)->7214K(349696K)
[215.811s][info][gc,metaspace   ] GC(1322) Metaspace: 9956K(10368K)->9956K(10368K) NonClass: 8654K(8896K)->8654K(8896K) Class: 1302K(1472K)->1302K(1472K)
[215.811s][info][gc             ] GC(1322) Pause Young (Allocation Failure) 41M->7M(376M) 0.848ms
[215.811s][info][gc,cpu         ] GC(1322) User=0.00s Sys=0.00s Real=0.00s
[215.960s][info][gc,start       ] GC(1323) Pause Young (Allocation Failure)
[215.960s][info][gc,heap        ] GC(1323) PSYoungGen: 35424K(35840K)->608K(35840K) Eden: 34816K(34816K)->0K(34816K) From: 608K(1024K)->608K(1024K)
[215.960s][info][gc,heap        ] GC(1323) ParOldGen: 7214K(349696K)->7214K(349696K)
[215.960s][info][gc,metaspace   ] GC(1323) Metaspace: 9956K(10368K)->9956K(10368K) NonClass: 8654K(8896K)->8654K(8896K) Class: 1302K(1472K)->1302K(1472K)
[215.961s][info][gc             ] GC(1323) Pause Young (Allocation Failure) 41M->7M(376M) 0.881ms
[215.961s][info][gc,cpu         ] GC(1323) User=0.00s Sys=0.00s Real=0.00s
[216.093s][info][gc,start       ] GC(1324) Pause Young (Allocation Failure)
[216.094s][info][gc,heap        ] GC(1324) PSYoungGen: 35424K(35840K)->800K(35840K) Eden: 34816K(34816K)->0K(34816K) From: 608K(1024K)->800K(1024K)
[216.094s][info][gc,heap        ] GC(1324) ParOldGen: 7214K(349696K)->7214K(349696K)
[216.094s][info][gc,metaspace   ] GC(1324) Metaspace: 9956K(10368K)->9956K(10368K) NonClass: 8654K(8896K)->8654K(8896K) Class: 1302K(1472K)->1302K(1472K)
[216.094s][info][gc             ] GC(1324) Pause Young (Allocation Failure) 41M->7M(376M) 0.969ms
[216.094s][info][gc,cpu         ] GC(1324) User=0.00s Sys=0.00s Real=0.00s
[216.232s][info][gc,start       ] GC(1325) Pause Young (Allocation Failure)
[216.233s][info][gc,heap        ] GC(1325) PSYoungGen: 35616K(35840K)->576K(35840K) Eden: 34816K(34816K)->0K(34816K) From: 800K(1024K)->576K(1024K)
[216.233s][info][gc,heap        ] GC(1325) ParOldGen: 7214K(349696K)->7430K(349696K)
[216.233s][info][gc,metaspace   ] GC(1325) Metaspace: 9956K(10368K)->9956K(10368K) NonClass: 8654K(8896K)->8654K(8896K) Class: 1302K(1472K)->1302K(1472K)
[216.233s][info][gc             ] GC(1325) Pause Young (Allocation Failure) 41M->7M(376M) 1.019ms
[216.233s][info][gc,cpu         ] GC(1325) User=0.00s Sys=0.00s Real=0.00s
[216.299s][info][gc,start       ] GC(1326) Pause Young (System.gc())
[216.300s][info][gc,heap        ] GC(1326) PSYoungGen: 16351K(35840K)->544K(35840K) Eden: 15775K(34816K)->0K(34816K) From: 576K(1024K)->544K(1024K)
[216.300s][info][gc,heap        ] GC(1326) ParOldGen: 7430K(349696K)->7494K(349696K)
[216.300s][info][gc,metaspace   ] GC(1326) Metaspace: 9956K(10368K)->9956K(10368K) NonClass: 8654K(8896K)->8654K(8896K) Class: 1302K(1472K)->1302K(1472K)
[216.300s][info][gc             ] GC(1326) Pause Young (System.gc()) 23M->7M(376M) 0.691ms
[216.300s][info][gc,cpu         ] GC(1326) User=0.00s Sys=0.00s Real=0.00s
[216.300s][info][gc,start       ] GC(1327) Pause Full (System.gc())
[216.300s][info][gc,phases,start] GC(1327) Marking Phase
[216.313s][info][gc,phases      ] GC(1327) Marking Phase 13.364ms
[216.314s][info][gc,phases,start] GC(1327) Summary Phase
[216.314s][info][gc,phases      ] GC(1327) Summary Phase 0.031ms
[216.314s][info][gc,phases,start] GC(1327) Adjust Roots
[216.318s][info][gc,phases      ] GC(1327) Adjust Roots 4.287ms
[216.318s][info][gc,phases,start] GC(1327) Compaction Phase
[216.321s][info][gc,phases      ] GC(1327) Compaction Phase 2.969ms
[216.321s][info][gc,phases,start] GC(1327) Post Compact
[216.321s][info][gc,phases      ] GC(1327) Post Compact 0.280ms
[216.321s][info][gc,heap        ] GC(1327) PSYoungGen: 544K(35840K)->0K(35840K) Eden: 0K(34816K)->0K(34816K) From: 544K(1024K)->0K(1024K)
[216.321s][info][gc,heap        ] GC(1327) ParOldGen: 7494K(349696K)->4077K(349696K)
[216.321s][info][gc,metaspace   ] GC(1327) Metaspace: 9956K(10368K)->9956K(10368K) NonClass: 8654K(8896K)->8654K(8896K) Class: 1302K(1472K)->1302K(1472K)
[216.321s][info][gc             ] GC(1327) Pause Full (System.gc()) 7M->3M(376M) 21.266ms
[216.321s][info][gc,cpu         ] GC(1327) User=0.02s Sys=0.00s Real=0.01s
[216.471s][info][gc,start       ] GC(1328) Pause Young (Allocation Failure)
[216.473s][info][gc,heap        ] GC(1328) PSYoungGen: 34816K(35840K)->1024K(35328K) Eden: 34816K(34816K)->0K(34304K) From: 0K(1024K)->1024K(1024K)
[216.473s][info][gc,heap        ] GC(1328) ParOldGen: 4077K(349696K)->4453K(349696K)
[216.473s][info][gc,metaspace   ] GC(1328) Metaspace: 9956K(10368K)->9956K(10368K) NonClass: 8654K(8896K)->8654K(8896K) Class: 1302K(1472K)->1302K(1472K)
[216.473s][info][gc             ] GC(1328) Pause Young (Allocation Failure) 37M->5M(376M) 1.571ms
[216.473s][info][gc,cpu         ] GC(1328) User=0.00s Sys=0.00s Real=0.00s
[216.619s][info][gc,start       ] GC(1329) Pause Young (Allocation Failure)
[216.620s][info][gc,heap        ] GC(1329) PSYoungGen: 35328K(35328K)->1088K(35840K) Eden: 34304K(34304K)->0K(34304K) From: 1024K(1024K)->1088K(1536K)
[216.620s][info][gc,heap        ] GC(1329) ParOldGen: 4453K(349696K)->4757K(349696K)
[216.620s][info][gc,metaspace   ] GC(1329) Metaspace: 9956K(10368K)->9956K(10368K) NonClass: 8654K(8896K)->8654K(8896K) Class: 1302K(1472K)->1302K(1472K)
[216.620s][info][gc             ] GC(1329) Pause Young (Allocation Failure) 38M->5M(376M) 1.403ms
[216.620s][info][gc,cpu         ] GC(1329) User=0.00s Sys=0.00s Real=0.00s
[216.759s][info][gc,start       ] GC(1330) Pause Young (Allocation Failure)
[216.761s][info][gc,heap        ] GC(1330) PSYoungGen: 35392K(35840K)->576K(35840K) Eden: 34304K(34304K)->0K(34304K) From: 1088K(1536K)->576K(1536K)
[216.761s][info][gc,heap        ] GC(1330) ParOldGen: 4757K(349696K)->5333K(349696K)
[216.761s][info][gc,metaspace   ] GC(1330) Metaspace: 9956K(10368K)->9956K(10368K) NonClass: 8654K(8896K)->8654K(8896K) Class: 1302K(1472K)->1302K(1472K)
[216.761s][info][gc             ] GC(1330) Pause Young (Allocation Failure) 39M->5M(376M) 1.391ms
[216.761s][info][gc,cpu         ] GC(1330) User=0.00s Sys=0.00s Real=0.00s
[216.901s][info][gc,start       ] GC(1331) Pause Young (Allocation Failure)
[216.902s][info][gc,heap        ] GC(1331) PSYoungGen: 34879K(35840K)->640K(35840K) Eden: 34303K(34304K)->0K(34304K) From: 576K(1536K)->640K(1536K)
[216.902s][info][gc,heap        ] GC(1331) ParOldGen: 5333K(349696K)->5341K(349696K)
[216.902s][info][gc,metaspace   ] GC(1331) Metaspace: 9956K(10368K)->9956K(10368K) NonClass: 8654K(8896K)->8654K(8896K) Class: 1302K(1472K)->1302K(1472K)
[216.902s][info][gc             ] GC(1331) Pause Young (Allocation Failure) 39M->5M(376M) 0.886ms
[216.902s][info][gc,cpu         ] GC(1331) User=0.00s Sys=0.00s Real=0.00s
[217.045s][info][gc,start       ] GC(1332) Pause Young (Allocation Failure)
[217.045s][info][gc,heap        ] GC(1332) PSYoungGen: 34944K(35840K)->832K(35840K) Eden: 34304K(34304K)->0K(34304K) From: 640K(1536K)->832K(1536K)
[217.045s][info][gc,heap        ] GC(1332) ParOldGen: 5341K(349696K)->5349K(349696K)
[217.045s][info][gc,metaspace   ] GC(1332) Metaspace: 9956K(10368K)->9956K(10368K) NonClass: 8654K(8896K)->8654K(8896K) Class: 1302K(1472K)->1302K(1472K)
[217.046s][info][gc             ] GC(1332) Pause Young (Allocation Failure) 39M->6M(376M) 0.971ms
[217.046s][info][gc,cpu         ] GC(1332) User=0.00s Sys=0.00s Real=0.00s
[217.192s][info][gc,start       ] GC(1333) Pause Young (Allocation Failure)
[217.193s][info][gc,heap        ] GC(1333) PSYoungGen: 35136K(35840K)->576K(35840K) Eden: 34304K(34304K)->0K(34304K) From: 832K(1536K)->576K(1536K)
[217.193s][info][gc,heap        ] GC(1333) ParOldGen: 5349K(349696K)->5573K(349696K)
[217.193s][info][gc,metaspace   ] GC(1333) Metaspace: 9956K(10368K)->9956K(10368K) NonClass: 8654K(8896K)->8654K(8896K) Class: 1302K(1472K)->1302K(1472K)
[217.193s][info][gc             ] GC(1333) Pause Young (Allocation Failure) 39M->6M(376M) 0.977ms
[217.193s][info][gc,cpu         ] GC(1333) User=0.00s Sys=0.00s Real=0.00s
[217.340s][info][gc,start       ] GC(1334) Pause Young (Allocation Failure)
[217.340s][info][gc,heap        ] GC(1334) PSYoungGen: 34880K(35840K)->832K(35840K) Eden: 34304K(34304K)->0K(34304K) From: 576K(1536K)->832K(1536K)
[217.340s][info][gc,heap        ] GC(1334) ParOldGen: 5573K(349696K)->5621K(349696K)
[217.341s][info][gc,metaspace   ] GC(1334) Metaspace: 9956K(10368K)->9956K(10368K) NonClass: 8654K(8896K)->8654K(8896K) Class: 1302K(1472K)->1302K(1472K)
[217.341s][info][gc             ] GC(1334) Pause Young (Allocation Failure) 39M->6M(376M) 0.992ms
[217.341s][info][gc,cpu         ] GC(1334) User=0.00s Sys=0.00s Real=0.00s
[217.471s][info][gc,start       ] GC(1335) Pause Young (Allocation Failure)
[217.472s][info][gc,heap        ] GC(1335) PSYoungGen: 35136K(35840K)->576K(35840K) Eden: 34304K(34304K)->0K(34304K) From: 832K(1536K)->576K(1536K)
[217.472s][info][gc,heap        ] GC(1335) ParOldGen: 5621K(349696K)->5869K(349696K)
[217.472s][info][gc,metaspace   ] GC(1335) Metaspace: 9956K(10368K)->9956K(10368K) NonClass: 8654K(8896K)->8654K(8896K) Class: 1302K(1472K)->1302K(1472K)
[217.472s][info][gc             ] GC(1335) Pause Young (Allocation Failure) 39M->6M(376M) 1.012ms
[217.472s][info][gc,cpu         ] GC(1335) User=0.00s Sys=0.00s Real=0.00s
[217.609s][info][gc,start       ] GC(1336) Pause Young (Allocation Failure)
[217.610s][info][gc,heap        ] GC(1336) PSYoungGen: 34880K(35840K)->672K(35840K) Eden: 34304K(34304K)->0K(34304K) From: 576K(1536K)->672K(1536K)
[217.610s][info][gc,heap        ] GC(1336) ParOldGen: 5869K(349696K)->5869K(349696K)
[217.610s][info][gc,metaspace   ] GC(1336) Metaspace: 9956K(10368K)->9956K(10368K) NonClass: 8654K(8896K)->8654K(8896K) Class: 1302K(1472K)->1302K(1472K)
[217.610s][info][gc             ] GC(1336) Pause Young (Allocation Failure) 39M->6M(376M) 0.930ms
[217.610s][info][gc,cpu         ] GC(1336) User=0.14s Sys=0.00s Real=0.02s
[217.750s][info][gc,start       ] GC(1337) Pause Young (Allocation Failure)
[217.751s][info][gc,heap        ] GC(1337) PSYoungGen: 34976K(35840K)->576K(35840K) Eden: 34304K(34304K)->0K(34304K) From: 672K(1536K)->576K(1536K)
[217.751s][info][gc,heap        ] GC(1337) ParOldGen: 5869K(349696K)->5885K(349696K)
[217.751s][info][gc,metaspace   ] GC(1337) Metaspace: 9956K(10368K)->9956K(10368K) NonClass: 8654K(8896K)->8654K(8896K) Class: 1302K(1472K)->1302K(1472K)
[217.751s][info][gc             ] GC(1337) Pause Young (Allocation Failure) 39M->6M(376M) 0.879ms
[217.751s][info][gc,cpu         ] GC(1337) User=0.00s Sys=0.00s Real=0.00s
[217.887s][info][gc,start       ] GC(1338) Pause Young (Allocation Failure)
[217.888s][info][gc,heap        ] GC(1338) PSYoungGen: 34880K(35840K)->576K(35840K) Eden: 34304K(34304K)->0K(34304K) From: 576K(1536K)->576K(1536K)
[217.888s][info][gc,heap        ] GC(1338) ParOldGen: 5885K(349696K)->5885K(349696K)
[217.888s][info][gc,metaspace   ] GC(1338) Metaspace: 9956K(10368K)->9956K(10368K) NonClass: 8654K(8896K)->8654K(8896K) Class: 1302K(1472K)->1302K(1472K)
[217.888s][info][gc             ] GC(1338) Pause Young (Allocation Failure) 39M->6M(376M) 0.821ms
[217.888s][info][gc,cpu         ] GC(1338) User=0.00s Sys=0.00s Real=0.00s
[218.030s][info][gc,start       ] GC(1339) Pause Young (Allocation Failure)
[218.031s][info][gc,heap        ] GC(1339) PSYoungGen: 34880K(35840K)->704K(35328K) Eden: 34304K(34304K)->0K(34304K) From: 576K(1536K)->704K(1024K)
[218.031s][info][gc,heap        ] GC(1339) ParOldGen: 5885K(349696K)->5885K(349696K)
[218.031s][info][gc,metaspace   ] GC(1339) Metaspace: 9956K(10368K)->9956K(10368K) NonClass: 8654K(8896K)->8654K(8896K) Class: 1302K(1472K)->1302K(1472K)
[218.031s][info][gc             ] GC(1339) Pause Young (Allocation Failure) 39M->6M(376M) 1.048ms
[218.031s][info][gc,cpu         ] GC(1339) User=0.00s Sys=0.02s Real=0.02s
[218.166s][info][gc,start       ] GC(1340) Pause Young (Allocation Failure)
[218.167s][info][gc,heap        ] GC(1340) PSYoungGen: 35008K(35328K)->768K(35328K) Eden: 34304K(34304K)->0K(34304K) From: 704K(1024K)->768K(1024K)
[218.167s][info][gc,heap        ] GC(1340) ParOldGen: 5885K(349696K)->5885K(349696K)
[218.167s][info][gc,metaspace   ] GC(1340) Metaspace: 9956K(10368K)->9956K(10368K) NonClass: 8654K(8896K)->8654K(8896K) Class: 1302K(1472K)->1302K(1472K)
[218.167s][info][gc             ] GC(1340) Pause Young (Allocation Failure) 39M->6M(376M) 0.932ms
[218.167s][info][gc,cpu         ] GC(1340) User=0.00s Sys=0.00s Real=0.00s
[218.299s][info][gc,start       ] GC(1341) Pause Young (Allocation Failure)
[218.300s][info][gc,heap        ] GC(1341) PSYoungGen: 35072K(35328K)->544K(35328K) Eden: 34304K(34304K)->0K(34304K) From: 768K(1024K)->544K(1024K)
[218.300s][info][gc,heap        ] GC(1341) ParOldGen: 5885K(349696K)->6093K(349696K)
[218.300s][info][gc,metaspace   ] GC(1341) Metaspace: 9956K(10368K)->9956K(10368K) NonClass: 8654K(8896K)->8654K(8896K) Class: 1302K(1472K)->1302K(1472K)
[218.300s][info][gc             ] GC(1341) Pause Young (Allocation Failure) 39M->6M(376M) 1.049ms
[218.300s][info][gc,cpu         ] GC(1341) User=0.00s Sys=0.00s Real=0.00s
[218.441s][info][gc,start       ] GC(1342) Pause Young (Allocation Failure)
[218.442s][info][gc,heap        ] GC(1342) PSYoungGen: 34848K(35328K)->576K(35328K) Eden: 34304K(34304K)->0K(34304K) From: 544K(1024K)->576K(1024K)
[218.442s][info][gc,heap        ] GC(1342) ParOldGen: 6093K(349696K)->6093K(349696K)
[218.442s][info][gc,metaspace   ] GC(1342) Metaspace: 9956K(10368K)->9956K(10368K) NonClass: 8654K(8896K)->8654K(8896K) Class: 1302K(1472K)->1302K(1472K)
[218.442s][info][gc             ] GC(1342) Pause Young (Allocation Failure) 39M->6M(376M) 0.846ms
[218.442s][info][gc,cpu         ] GC(1342) User=0.00s Sys=0.00s Real=0.00s
[218.574s][info][gc,start       ] GC(1343) Pause Young (Allocation Failure)
[218.575s][info][gc,heap        ] GC(1343) PSYoungGen: 34880K(35328K)->576K(35328K) Eden: 34304K(34304K)->0K(34304K) From: 576K(1024K)->576K(1024K)
[218.575s][info][gc,heap        ] GC(1343) ParOldGen: 6093K(349696K)->6093K(349696K)
[218.575s][info][gc,metaspace   ] GC(1343) Metaspace: 9956K(10368K)->9956K(10368K) NonClass: 8654K(8896K)->8654K(8896K) Class: 1302K(1472K)->1302K(1472K)
[218.575s][info][gc             ] GC(1343) Pause Young (Allocation Failure) 40M->6M(376M) 0.906ms
[218.575s][info][gc,cpu         ] GC(1343) User=0.00s Sys=0.00s Real=0.00s
[218.707s][info][gc,start       ] GC(1344) Pause Young (Allocation Failure)
[218.708s][info][gc,heap        ] GC(1344) PSYoungGen: 34880K(35328K)->576K(35328K) Eden: 34304K(34304K)->0K(34304K) From: 576K(1024K)->576K(1024K)
[218.708s][info][gc,heap        ] GC(1344) ParOldGen: 6093K(349696K)->6093K(349696K)
[218.708s][info][gc,metaspace   ] GC(1344) Metaspace: 9956K(10368K)->9956K(10368K) NonClass: 8654K(8896K)->8654K(8896K) Class: 1302K(1472K)->1302K(1472K)
[218.708s][info][gc             ] GC(1344) Pause Young (Allocation Failure) 40M->6M(376M) 0.842ms
[218.708s][info][gc,cpu         ] GC(1344) User=0.00s Sys=0.00s Real=0.00s
[218.843s][info][gc,start       ] GC(1345) Pause Young (Allocation Failure)
[218.844s][info][gc,heap        ] GC(1345) PSYoungGen: 34880K(35328K)->640K(35328K) Eden: 34304K(34304K)->0K(34304K) From: 576K(1024K)->640K(1024K)
[218.844s][info][gc,heap        ] GC(1345) ParOldGen: 6093K(349696K)->6101K(349696K)
[218.844s][info][gc,metaspace   ] GC(1345) Metaspace: 9956K(10368K)->9956K(10368K) NonClass: 8654K(8896K)->8654K(8896K) Class: 1302K(1472K)->1302K(1472K)
[218.844s][info][gc             ] GC(1345) Pause Young (Allocation Failure) 40M->6M(376M) 0.896ms
[218.844s][info][gc,cpu         ] GC(1345) User=0.00s Sys=0.00s Real=0.00s
[218.977s][info][gc,start       ] GC(1346) Pause Young (Allocation Failure)
[218.978s][info][gc,heap        ] GC(1346) PSYoungGen: 34944K(35328K)->768K(35328K) Eden: 34304K(34304K)->0K(34304K) From: 640K(1024K)->768K(1024K)
[218.978s][info][gc,heap        ] GC(1346) ParOldGen: 6101K(349696K)->6125K(349696K)
[218.978s][info][gc,metaspace   ] GC(1346) Metaspace: 9956K(10368K)->9956K(10368K) NonClass: 8654K(8896K)->8654K(8896K) Class: 1302K(1472K)->1302K(1472K)
[218.978s][info][gc             ] GC(1346) Pause Young (Allocation Failure) 40M->6M(376M) 0.950ms
[218.978s][info][gc,cpu         ] GC(1346) User=0.00s Sys=0.00s Real=0.00s
[219.116s][info][gc,start       ] GC(1347) Pause Young (Allocation Failure)
[219.117s][info][gc,heap        ] GC(1347) PSYoungGen: 35072K(35328K)->640K(35328K) Eden: 34304K(34304K)->0K(34304K) From: 768K(1024K)->640K(1024K)
[219.117s][info][gc,heap        ] GC(1347) ParOldGen: 6125K(349696K)->6309K(349696K)
[219.117s][info][gc,metaspace   ] GC(1347) Metaspace: 9956K(10368K)->9956K(10368K) NonClass: 8654K(8896K)->8654K(8896K) Class: 1302K(1472K)->1302K(1472K)
[219.117s][info][gc             ] GC(1347) Pause Young (Allocation Failure) 40M->6M(376M) 0.966ms
[219.117s][info][gc,cpu         ] GC(1347) User=0.00s Sys=0.00s Real=0.00s
[219.257s][info][gc,start       ] GC(1348) Pause Young (Allocation Failure)
[219.257s][info][gc,heap        ] GC(1348) PSYoungGen: 34944K(35328K)->608K(35328K) Eden: 34304K(34304K)->0K(34304K) From: 640K(1024K)->608K(1024K)
[219.257s][info][gc,heap        ] GC(1348) ParOldGen: 6309K(349696K)->6309K(349696K)
[219.258s][info][gc,metaspace   ] GC(1348) Metaspace: 9956K(10368K)->9956K(10368K) NonClass: 8654K(8896K)->8654K(8896K) Class: 1302K(1472K)->1302K(1472K)
[219.258s][info][gc             ] GC(1348) Pause Young (Allocation Failure) 40M->6M(376M) 0.897ms
[219.258s][info][gc,cpu         ] GC(1348) User=0.00s Sys=0.00s Real=0.00s
[219.400s][info][gc,start       ] GC(1349) Pause Young (Allocation Failure)
[219.400s][info][gc,heap        ] GC(1349) PSYoungGen: 34912K(35328K)->608K(35328K) Eden: 34304K(34304K)->0K(34304K) From: 608K(1024K)->608K(1024K)
[219.401s][info][gc,heap        ] GC(1349) ParOldGen: 6309K(349696K)->6309K(349696K)
[219.401s][info][gc,metaspace   ] GC(1349) Metaspace: 9956K(10368K)->9956K(10368K) NonClass: 8654K(8896K)->8654K(8896K) Class: 1302K(1472K)->1302K(1472K)
[219.401s][info][gc             ] GC(1349) Pause Young (Allocation Failure) 40M->6M(376M) 0.871ms
[219.401s][info][gc,cpu         ] GC(1349) User=0.00s Sys=0.00s Real=0.00s
[219.544s][info][gc,start       ] GC(1350) Pause Young (Allocation Failure)
[219.545s][info][gc,heap        ] GC(1350) PSYoungGen: 34912K(35328K)->608K(35328K) Eden: 34304K(34304K)->0K(34304K) From: 608K(1024K)->608K(1024K)
[219.545s][info][gc,heap        ] GC(1350) ParOldGen: 6309K(349696K)->6309K(349696K)
[219.545s][info][gc,metaspace   ] GC(1350) Metaspace: 9956K(10368K)->9956K(10368K) NonClass: 8654K(8896K)->8654K(8896K) Class: 1302K(1472K)->1302K(1472K)
[219.545s][info][gc             ] GC(1350) Pause Young (Allocation Failure) 40M->6M(376M) 0.878ms
[219.545s][info][gc,cpu         ] GC(1350) User=0.00s Sys=0.00s Real=0.00s
[219.679s][info][gc,start       ] GC(1351) Pause Young (Allocation Failure)
[219.680s][info][gc,heap        ] GC(1351) PSYoungGen: 34912K(35328K)->608K(35328K) Eden: 34304K(34304K)->0K(34304K) From: 608K(1024K)->608K(1024K)
[219.680s][info][gc,heap        ] GC(1351) ParOldGen: 6309K(349696K)->6309K(349696K)
[219.680s][info][gc,metaspace   ] GC(1351) Metaspace: 9956K(10368K)->9956K(10368K) NonClass: 8654K(8896K)->8654K(8896K) Class: 1302K(1472K)->1302K(1472K)
[219.680s][info][gc             ] GC(1351) Pause Young (Allocation Failure) 40M->6M(376M) 0.873ms
[219.680s][info][gc,cpu         ] GC(1351) User=0.00s Sys=0.00s Real=0.00s
[219.816s][info][gc,start       ] GC(1352) Pause Young (Allocation Failure)
[219.816s][info][gc,heap        ] GC(1352) PSYoungGen: 34912K(35328K)->576K(35328K) Eden: 34304K(34304K)->0K(34304K) From: 608K(1024K)->576K(1024K)
[219.816s][info][gc,heap        ] GC(1352) ParOldGen: 6309K(349696K)->6317K(349696K)
[219.816s][info][gc,metaspace   ] GC(1352) Metaspace: 9956K(10368K)->9956K(10368K) NonClass: 8654K(8896K)->8654K(8896K) Class: 1302K(1472K)->1302K(1472K)
[219.816s][info][gc             ] GC(1352) Pause Young (Allocation Failure) 40M->6M(376M) 0.825ms
[219.816s][info][gc,cpu         ] GC(1352) User=0.00s Sys=0.00s Real=0.00s
[219.960s][info][gc,start       ] GC(1353) Pause Young (Allocation Failure)
[219.961s][info][gc,heap        ] GC(1353) PSYoungGen: 34880K(35328K)->576K(35328K) Eden: 34304K(34304K)->0K(34304K) From: 576K(1024K)->576K(1024K)
[219.961s][info][gc,heap        ] GC(1353) ParOldGen: 6317K(349696K)->6325K(349696K)
[219.961s][info][gc,metaspace   ] GC(1353) Metaspace: 9956K(10368K)->9956K(10368K) NonClass: 8654K(8896K)->8654K(8896K) Class: 1302K(1472K)->1302K(1472K)
[219.961s][info][gc             ] GC(1353) Pause Young (Allocation Failure) 40M->6M(376M) 0.845ms
[219.961s][info][gc,cpu         ] GC(1353) User=0.00s Sys=0.00s Real=0.00s
[220.100s][info][gc,start       ] GC(1354) Pause Young (Allocation Failure)
[220.101s][info][gc,heap        ] GC(1354) PSYoungGen: 34880K(35328K)->608K(35328K) Eden: 34304K(34304K)->0K(34304K) From: 576K(1024K)->608K(1024K)
[220.101s][info][gc,heap        ] GC(1354) ParOldGen: 6325K(349696K)->6325K(349696K)
[220.101s][info][gc,metaspace   ] GC(1354) Metaspace: 9956K(10368K)->9956K(10368K) NonClass: 8654K(8896K)->8654K(8896K) Class: 1302K(1472K)->1302K(1472K)
[220.101s][info][gc             ] GC(1354) Pause Young (Allocation Failure) 40M->6M(376M) 0.957ms
[220.101s][info][gc,cpu         ] GC(1354) User=0.00s Sys=0.00s Real=0.00s
[220.232s][info][gc,start       ] GC(1355) Pause Young (Allocation Failure)
[220.233s][info][gc,heap        ] GC(1355) PSYoungGen: 34912K(35328K)->576K(35328K) Eden: 34304K(34304K)->0K(34304K) From: 608K(1024K)->576K(1024K)
[220.233s][info][gc,heap        ] GC(1355) ParOldGen: 6325K(349696K)->6325K(349696K)
[220.233s][info][gc,metaspace   ] GC(1355) Metaspace: 9956K(10368K)->9956K(10368K) NonClass: 8654K(8896K)->8654K(8896K) Class: 1302K(1472K)->1302K(1472K)
[220.233s][info][gc             ] GC(1355) Pause Young (Allocation Failure) 40M->6M(376M) 0.963ms
[220.233s][info][gc,cpu         ] GC(1355) User=0.00s Sys=0.00s Real=0.00s
[220.368s][info][gc,start       ] GC(1356) Pause Young (Allocation Failure)
[220.369s][info][gc,heap        ] GC(1356) PSYoungGen: 34880K(35328K)->576K(35328K) Eden: 34304K(34304K)->0K(34304K) From: 576K(1024K)->576K(1024K)
[220.369s][info][gc,heap        ] GC(1356) ParOldGen: 6325K(349696K)->6325K(349696K)
[220.369s][info][gc,metaspace   ] GC(1356) Metaspace: 9956K(10368K)->9956K(10368K) NonClass: 8654K(8896K)->8654K(8896K) Class: 1302K(1472K)->1302K(1472K)
[220.369s][info][gc             ] GC(1356) Pause Young (Allocation Failure) 40M->6M(376M) 0.867ms
[220.369s][info][gc,cpu         ] GC(1356) User=0.00s Sys=0.00s Real=0.00s
[220.505s][info][gc,start       ] GC(1357) Pause Young (Allocation Failure)
[220.506s][info][gc,heap        ] GC(1357) PSYoungGen: 34880K(35328K)->576K(35328K) Eden: 34304K(34304K)->0K(34304K) From: 576K(1024K)->576K(1024K)
[220.506s][info][gc,heap        ] GC(1357) ParOldGen: 6325K(349696K)->6325K(349696K)
[220.506s][info][gc,metaspace   ] GC(1357) Metaspace: 9956K(10368K)->9956K(10368K) NonClass: 8654K(8896K)->8654K(8896K) Class: 1302K(1472K)->1302K(1472K)
[220.506s][info][gc             ] GC(1357) Pause Young (Allocation Failure) 40M->6M(376M) 0.839ms
[220.506s][info][gc,cpu         ] GC(1357) User=0.00s Sys=0.00s Real=0.00s
[220.647s][info][gc,start       ] GC(1358) Pause Young (Allocation Failure)
[220.648s][info][gc,heap        ] GC(1358) PSYoungGen: 34880K(35328K)->576K(35328K) Eden: 34304K(34304K)->0K(34304K) From: 576K(1024K)->576K(1024K)
[220.648s][info][gc,heap        ] GC(1358) ParOldGen: 6325K(349696K)->6325K(349696K)
[220.648s][info][gc,metaspace   ] GC(1358) Metaspace: 9956K(10368K)->9956K(10368K) NonClass: 8654K(8896K)->8654K(8896K) Class: 1302K(1472K)->1302K(1472K)
[220.648s][info][gc             ] GC(1358) Pause Young (Allocation Failure) 40M->6M(376M) 0.868ms
[220.648s][info][gc,cpu         ] GC(1358) User=0.00s Sys=0.00s Real=0.00s
[220.780s][info][gc,start       ] GC(1359) Pause Young (Allocation Failure)
[220.781s][info][gc,heap        ] GC(1359) PSYoungGen: 34879K(35328K)->768K(35328K) Eden: 34303K(34304K)->0K(34304K) From: 576K(1024K)->768K(1024K)
[220.781s][info][gc,heap        ] GC(1359) ParOldGen: 6325K(349696K)->6325K(349696K)
[220.781s][info][gc,metaspace   ] GC(1359) Metaspace: 9956K(10368K)->9956K(10368K) NonClass: 8654K(8896K)->8654K(8896K) Class: 1302K(1472K)->1302K(1472K)
[220.781s][info][gc             ] GC(1359) Pause Young (Allocation Failure) 40M->6M(376M) 0.949ms
[220.781s][info][gc,cpu         ] GC(1359) User=0.00s Sys=0.00s Real=0.00s
[220.924s][info][gc,start       ] GC(1360) Pause Young (Allocation Failure)
[220.925s][info][gc,heap        ] GC(1360) PSYoungGen: 35072K(35328K)->576K(35328K) Eden: 34304K(34304K)->0K(34304K) From: 768K(1024K)->576K(1024K)
[220.925s][info][gc,heap        ] GC(1360) ParOldGen: 6325K(349696K)->6533K(349696K)
[220.925s][info][gc,metaspace   ] GC(1360) Metaspace: 9956K(10368K)->9956K(10368K) NonClass: 8654K(8896K)->8654K(8896K) Class: 1302K(1472K)->1302K(1472K)
[220.925s][info][gc             ] GC(1360) Pause Young (Allocation Failure) 40M->6M(376M) 0.985ms
[220.925s][info][gc,cpu         ] GC(1360) User=0.00s Sys=0.00s Real=0.00s
[221.061s][info][gc,start       ] GC(1361) Pause Young (Allocation Failure)
[221.062s][info][gc,heap        ] GC(1361) PSYoungGen: 34880K(35328K)->576K(35328K) Eden: 34304K(34304K)->0K(34304K) From: 576K(1024K)->576K(1024K)
[221.062s][info][gc,heap        ] GC(1361) ParOldGen: 6533K(349696K)->6533K(349696K)
[221.062s][info][gc,metaspace   ] GC(1361) Metaspace: 9956K(10368K)->9956K(10368K) NonClass: 8654K(8896K)->8654K(8896K) Class: 1302K(1472K)->1302K(1472K)
[221.062s][info][gc             ] GC(1361) Pause Young (Allocation Failure) 40M->6M(376M) 0.815ms
[221.062s][info][gc,cpu         ] GC(1361) User=0.00s Sys=0.00s Real=0.00s
[221.202s][info][gc,start       ] GC(1362) Pause Young (Allocation Failure)
[221.202s][info][gc,heap        ] GC(1362) PSYoungGen: 34880K(35328K)->576K(35328K) Eden: 34304K(34304K)->0K(34304K) From: 576K(1024K)->576K(1024K)
[221.202s][info][gc,heap        ] GC(1362) ParOldGen: 6533K(349696K)->6533K(349696K)
[221.202s][info][gc,metaspace   ] GC(1362) Metaspace: 9956K(10368K)->9956K(10368K) NonClass: 8654K(8896K)->8654K(8896K) Class: 1302K(1472K)->1302K(1472K)
[221.203s][info][gc             ] GC(1362) Pause Young (Allocation Failure) 40M->6M(376M) 0.860ms
[221.203s][info][gc,cpu         ] GC(1362) User=0.00s Sys=0.00s Real=0.00s
[221.341s][info][gc,start       ] GC(1363) Pause Young (Allocation Failure)
[221.342s][info][gc,heap        ] GC(1363) PSYoungGen: 34880K(35328K)->576K(35328K) Eden: 34304K(34304K)->0K(34304K) From: 576K(1024K)->576K(1024K)
[221.342s][info][gc,heap        ] GC(1363) ParOldGen: 6533K(349696K)->6533K(349696K)
[221.342s][info][gc,metaspace   ] GC(1363) Metaspace: 9956K(10368K)->9956K(10368K) NonClass: 8654K(8896K)->8654K(8896K) Class: 1302K(1472K)->1302K(1472K)
[221.342s][info][gc             ] GC(1363) Pause Young (Allocation Failure) 40M->6M(376M) 0.867ms
[221.342s][info][gc,cpu         ] GC(1363) User=0.00s Sys=0.00s Real=0.00s
[221.476s][info][gc,start       ] GC(1364) Pause Young (Allocation Failure)
[221.477s][info][gc,heap        ] GC(1364) PSYoungGen: 34880K(35328K)->576K(35328K) Eden: 34304K(34304K)->0K(34304K) From: 576K(1024K)->576K(1024K)
[221.477s][info][gc,heap        ] GC(1364) ParOldGen: 6533K(349696K)->6549K(349696K)
[221.477s][info][gc,metaspace   ] GC(1364) Metaspace: 9956K(10368K)->9956K(10368K) NonClass: 8654K(8896K)->8654K(8896K) Class: 1302K(1472K)->1302K(1472K)
[221.477s][info][gc             ] GC(1364) Pause Young (Allocation Failure) 40M->6M(376M) 0.839ms
[221.477s][info][gc,cpu         ] GC(1364) User=0.00s Sys=0.00s Real=0.00s
[221.622s][info][gc,start       ] GC(1365) Pause Young (Allocation Failure)
[221.623s][info][gc,heap        ] GC(1365) PSYoungGen: 34880K(35328K)->576K(35328K) Eden: 34304K(34304K)->0K(34304K) From: 576K(1024K)->576K(1024K)
[221.623s][info][gc,heap        ] GC(1365) ParOldGen: 6549K(349696K)->6549K(349696K)
[221.623s][info][gc,metaspace   ] GC(1365) Metaspace: 9956K(10368K)->9956K(10368K) NonClass: 8654K(8896K)->8654K(8896K) Class: 1302K(1472K)->1302K(1472K)
[221.623s][info][gc             ] GC(1365) Pause Young (Allocation Failure) 40M->6M(376M) 0.873ms
[221.623s][info][gc,cpu         ] GC(1365) User=0.00s Sys=0.00s Real=0.00s
[221.758s][info][gc,start       ] GC(1366) Pause Young (Allocation Failure)
[221.759s][info][gc,heap        ] GC(1366) PSYoungGen: 34879K(35328K)->576K(35328K) Eden: 34303K(34304K)->0K(34304K) From: 576K(1024K)->576K(1024K)
[221.759s][info][gc,heap        ] GC(1366) ParOldGen: 6549K(349696K)->6549K(349696K)
[221.759s][info][gc,metaspace   ] GC(1366) Metaspace: 9956K(10368K)->9956K(10368K) NonClass: 8654K(8896K)->8654K(8896K) Class: 1302K(1472K)->1302K(1472K)
[221.759s][info][gc             ] GC(1366) Pause Young (Allocation Failure) 40M->6M(376M) 0.851ms
[221.759s][info][gc,cpu         ] GC(1366) User=0.00s Sys=0.00s Real=0.00s
[221.894s][info][gc,start       ] GC(1367) Pause Young (Allocation Failure)
[221.895s][info][gc,heap        ] GC(1367) PSYoungGen: 34880K(35328K)->608K(35328K) Eden: 34304K(34304K)->0K(34304K) From: 576K(1024K)->608K(1024K)
[221.895s][info][gc,heap        ] GC(1367) ParOldGen: 6549K(349696K)->6549K(349696K)
[221.895s][info][gc,metaspace   ] GC(1367) Metaspace: 9956K(10368K)->9956K(10368K) NonClass: 8654K(8896K)->8654K(8896K) Class: 1302K(1472K)->1302K(1472K)
[221.895s][info][gc             ] GC(1367) Pause Young (Allocation Failure) 40M->6M(376M) 0.894ms
[221.895s][info][gc,cpu         ] GC(1367) User=0.14s Sys=0.00s Real=0.02s
[222.032s][info][gc,start       ] GC(1368) Pause Young (Allocation Failure)
[222.033s][info][gc,heap        ] GC(1368) PSYoungGen: 34911K(35328K)->608K(35328K) Eden: 34303K(34304K)->0K(34304K) From: 608K(1024K)->608K(1024K)
[222.033s][info][gc,heap        ] GC(1368) ParOldGen: 6549K(349696K)->6549K(349696K)
[222.033s][info][gc,metaspace   ] GC(1368) Metaspace: 9956K(10368K)->9956K(10368K) NonClass: 8654K(8896K)->8654K(8896K) Class: 1302K(1472K)->1302K(1472K)
[222.033s][info][gc             ] GC(1368) Pause Young (Allocation Failure) 40M->6M(376M) 0.899ms
[222.033s][info][gc,cpu         ] GC(1368) User=0.00s Sys=0.00s Real=0.00s
[222.173s][info][gc,start       ] GC(1369) Pause Young (Allocation Failure)
[222.173s][info][gc,heap        ] GC(1369) PSYoungGen: 34912K(35328K)->608K(35328K) Eden: 34304K(34304K)->0K(34304K) From: 608K(1024K)->608K(1024K)
[222.173s][info][gc,heap        ] GC(1369) ParOldGen: 6549K(349696K)->6549K(349696K)
[222.173s][info][gc,metaspace   ] GC(1369) Metaspace: 9956K(10368K)->9956K(10368K) NonClass: 8654K(8896K)->8654K(8896K) Class: 1302K(1472K)->1302K(1472K)
[222.173s][info][gc             ] GC(1369) Pause Young (Allocation Failure) 40M->6M(376M) 0.846ms
[222.174s][info][gc,cpu         ] GC(1369) User=0.00s Sys=0.00s Real=0.00s
[222.316s][info][gc,start       ] GC(1370) Pause Young (Allocation Failure)
[222.316s][info][gc,heap        ] GC(1370) PSYoungGen: 34912K(35328K)->736K(35328K) Eden: 34304K(34304K)->0K(34304K) From: 608K(1024K)->736K(1024K)
[222.316s][info][gc,heap        ] GC(1370) ParOldGen: 6549K(349696K)->6589K(349696K)
[222.316s][info][gc,metaspace   ] GC(1370) Metaspace: 9956K(10368K)->9956K(10368K) NonClass: 8654K(8896K)->8654K(8896K) Class: 1302K(1472K)->1302K(1472K)
[222.316s][info][gc             ] GC(1370) Pause Young (Allocation Failure) 40M->7M(376M) 0.906ms
[222.316s][info][gc,cpu         ] GC(1370) User=0.00s Sys=0.00s Real=0.00s
[222.455s][info][gc,start       ] GC(1371) Pause Young (Allocation Failure)
[222.456s][info][gc,heap        ] GC(1371) PSYoungGen: 35040K(35328K)->608K(35328K) Eden: 34304K(34304K)->0K(34304K) From: 736K(1024K)->608K(1024K)
[222.456s][info][gc,heap        ] GC(1371) ParOldGen: 6589K(349696K)->6797K(349696K)
[222.456s][info][gc,metaspace   ] GC(1371) Metaspace: 9956K(10368K)->9956K(10368K) NonClass: 8654K(8896K)->8654K(8896K) Class: 1302K(1472K)->1302K(1472K)
[222.456s][info][gc             ] GC(1371) Pause Young (Allocation Failure) 40M->7M(376M) 0.964ms
[222.456s][info][gc,cpu         ] GC(1371) User=0.00s Sys=0.00s Real=0.00s
[222.595s][info][gc,start       ] GC(1372) Pause Young (Allocation Failure)
[222.596s][info][gc,heap        ] GC(1372) PSYoungGen: 34911K(35328K)->576K(35328K) Eden: 34303K(34304K)->0K(34304K) From: 608K(1024K)->576K(1024K)
[222.596s][info][gc,heap        ] GC(1372) ParOldGen: 6797K(349696K)->6797K(349696K)
[222.596s][info][gc,metaspace   ] GC(1372) Metaspace: 9956K(10368K)->9956K(10368K) NonClass: 8654K(8896K)->8654K(8896K) Class: 1302K(1472K)->1302K(1472K)
[222.596s][info][gc             ] GC(1372) Pause Young (Allocation Failure) 40M->7M(376M) 0.809ms
[222.596s][info][gc,cpu         ] GC(1372) User=0.00s Sys=0.00s Real=0.00s
[222.731s][info][gc,start       ] GC(1373) Pause Young (Allocation Failure)
[222.732s][info][gc,heap        ] GC(1373) PSYoungGen: 34880K(35328K)->576K(35328K) Eden: 34304K(34304K)->0K(34304K) From: 576K(1024K)->576K(1024K)
[222.732s][info][gc,heap        ] GC(1373) ParOldGen: 6797K(349696K)->6813K(349696K)
[222.732s][info][gc,metaspace   ] GC(1373) Metaspace: 9956K(10368K)->9956K(10368K) NonClass: 8654K(8896K)->8654K(8896K) Class: 1302K(1472K)->1302K(1472K)
[222.732s][info][gc             ] GC(1373) Pause Young (Allocation Failure) 40M->7M(376M) 0.851ms
[222.732s][info][gc,cpu         ] GC(1373) User=0.00s Sys=0.00s Real=0.00s
[222.863s][info][gc,start       ] GC(1374) Pause Young (Allocation Failure)
[222.864s][info][gc,heap        ] GC(1374) PSYoungGen: 34880K(35328K)->576K(35328K) Eden: 34304K(34304K)->0K(34304K) From: 576K(1024K)->576K(1024K)
[222.864s][info][gc,heap        ] GC(1374) ParOldGen: 6813K(349696K)->6813K(349696K)
[222.864s][info][gc,metaspace   ] GC(1374) Metaspace: 9956K(10368K)->9956K(10368K) NonClass: 8654K(8896K)->8654K(8896K) Class: 1302K(1472K)->1302K(1472K)
[222.864s][info][gc             ] GC(1374) Pause Young (Allocation Failure) 40M->7M(376M) 0.837ms
[222.864s][info][gc,cpu         ] GC(1374) User=0.00s Sys=0.00s Real=0.00s
[223.002s][info][gc,start       ] GC(1375) Pause Young (Allocation Failure)
[223.003s][info][gc,heap        ] GC(1375) PSYoungGen: 34880K(35328K)->608K(35328K) Eden: 34304K(34304K)->0K(34304K) From: 576K(1024K)->608K(1024K)
[223.003s][info][gc,heap        ] GC(1375) ParOldGen: 6813K(349696K)->6813K(349696K)
[223.003s][info][gc,metaspace   ] GC(1375) Metaspace: 9956K(10368K)->9956K(10368K) NonClass: 8654K(8896K)->8654K(8896K) Class: 1302K(1472K)->1302K(1472K)
[223.003s][info][gc             ] GC(1375) Pause Young (Allocation Failure) 40M->7M(376M) 0.817ms
[223.003s][info][gc,cpu         ] GC(1375) User=0.00s Sys=0.00s Real=0.00s
[223.012s][info][gc,start       ] GC(1376) Pause Young (System.gc())
[223.013s][info][gc,heap        ] GC(1376) PSYoungGen: 2200K(35328K)->352K(35328K) Eden: 1592K(34304K)->0K(34304K) From: 608K(1024K)->352K(1024K)
[223.013s][info][gc,heap        ] GC(1376) ParOldGen: 6813K(349696K)->7061K(349696K)
[223.013s][info][gc,metaspace   ] GC(1376) Metaspace: 9956K(10368K)->9956K(10368K) NonClass: 8654K(8896K)->8654K(8896K) Class: 1302K(1472K)->1302K(1472K)
[223.013s][info][gc             ] GC(1376) Pause Young (System.gc()) 8M->7M(376M) 0.780ms
[223.013s][info][gc,cpu         ] GC(1376) User=0.00s Sys=0.00s Real=0.00s
[223.013s][info][gc,start       ] GC(1377) Pause Full (System.gc())
[223.013s][info][gc,phases,start] GC(1377) Marking Phase
[223.027s][info][gc,phases      ] GC(1377) Marking Phase 13.908ms
[223.027s][info][gc,phases,start] GC(1377) Summary Phase
[223.027s][info][gc,phases      ] GC(1377) Summary Phase 0.030ms
[223.027s][info][gc,phases,start] GC(1377) Adjust Roots
[223.029s][info][gc,phases      ] GC(1377) Adjust Roots 2.142ms
[223.030s][info][gc,phases,start] GC(1377) Compaction Phase
[223.031s][info][gc,phases      ] GC(1377) Compaction Phase 1.595ms
[223.031s][info][gc,phases,start] GC(1377) Post Compact
[223.031s][info][gc,phases      ] GC(1377) Post Compact 0.264ms
[223.031s][info][gc,heap        ] GC(1377) PSYoungGen: 352K(35328K)->0K(35328K) Eden: 0K(34304K)->0K(34304K) From: 352K(1024K)->0K(1024K)
[223.031s][info][gc,heap        ] GC(1377) ParOldGen: 7061K(349696K)->4078K(349696K)
[223.032s][info][gc,metaspace   ] GC(1377) Metaspace: 9956K(10368K)->9956K(10368K) NonClass: 8654K(8896K)->8654K(8896K) Class: 1302K(1472K)->1302K(1472K)
[223.032s][info][gc             ] GC(1377) Pause Full (System.gc()) 7M->3M(376M) 18.269ms
[223.032s][info][gc,cpu         ] GC(1377) User=0.14s Sys=0.00s Real=0.02s
[223.172s][info][gc,start       ] GC(1378) Pause Young (Allocation Failure)
[223.173s][info][gc,heap        ] GC(1378) PSYoungGen: 34304K(35328K)->1024K(35328K) Eden: 34304K(34304K)->0K(34304K) From: 0K(1024K)->1024K(1024K)
[223.173s][info][gc,heap        ] GC(1378) ParOldGen: 4078K(349696K)->4182K(349696K)
[223.173s][info][gc,metaspace   ] GC(1378) Metaspace: 9956K(10368K)->9956K(10368K) NonClass: 8654K(8896K)->8654K(8896K) Class: 1302K(1472K)->1302K(1472K)
[223.173s][info][gc             ] GC(1378) Pause Young (Allocation Failure) 37M->5M(376M) 1.255ms
[223.173s][info][gc,cpu         ] GC(1378) User=0.00s Sys=0.00s Real=0.00s
[223.315s][info][gc,start       ] GC(1379) Pause Young (Allocation Failure)
[223.316s][info][gc,heap        ] GC(1379) PSYoungGen: 35327K(35328K)->896K(35328K) Eden: 34303K(34304K)->0K(34304K) From: 1024K(1024K)->896K(1024K)
[223.316s][info][gc,heap        ] GC(1379) ParOldGen: 4182K(349696K)->4742K(349696K)
[223.316s][info][gc,metaspace   ] GC(1379) Metaspace: 9956K(10368K)->9956K(10368K) NonClass: 8654K(8896K)->8654K(8896K) Class: 1302K(1472K)->1302K(1472K)
[223.316s][info][gc             ] GC(1379) Pause Young (Allocation Failure) 38M->5M(376M) 1.408ms
[223.316s][info][gc,cpu         ] GC(1379) User=0.00s Sys=0.00s Real=0.00s
[223.461s][info][gc,start       ] GC(1380) Pause Young (Allocation Failure)
[223.462s][info][gc,heap        ] GC(1380) PSYoungGen: 35200K(35328K)->768K(35328K) Eden: 34304K(34304K)->0K(34304K) From: 896K(1024K)->768K(1024K)
[223.462s][info][gc,heap        ] GC(1380) ParOldGen: 4742K(349696K)->5110K(349696K)
[223.462s][info][gc,metaspace   ] GC(1380) Metaspace: 9956K(10368K)->9956K(10368K) NonClass: 8654K(8896K)->8654K(8896K) Class: 1302K(1472K)->1302K(1472K)
[223.462s][info][gc             ] GC(1380) Pause Young (Allocation Failure) 39M->5M(376M) 1.079ms
[223.462s][info][gc,cpu         ] GC(1380) User=0.00s Sys=0.00s Real=0.00s
[223.601s][info][gc,start       ] GC(1381) Pause Young (Allocation Failure)
[223.602s][info][gc,heap        ] GC(1381) PSYoungGen: 35072K(35328K)->800K(35328K) Eden: 34304K(34304K)->0K(34304K) From: 768K(1024K)->800K(1024K)
[223.602s][info][gc,heap        ] GC(1381) ParOldGen: 5110K(349696K)->5366K(349696K)
[223.602s][info][gc,metaspace   ] GC(1381) Metaspace: 9956K(10368K)->9956K(10368K) NonClass: 8654K(8896K)->8654K(8896K) Class: 1302K(1472K)->1302K(1472K)
[223.602s][info][gc             ] GC(1381) Pause Young (Allocation Failure) 39M->6M(376M) 1.049ms
[223.602s][info][gc,cpu         ] GC(1381) User=0.00s Sys=0.00s Real=0.00s
[223.745s][info][gc,start       ] GC(1382) Pause Young (Allocation Failure)
[223.746s][info][gc,heap        ] GC(1382) PSYoungGen: 35104K(35328K)->800K(35328K) Eden: 34304K(34304K)->0K(34304K) From: 800K(1024K)->800K(1024K)
[223.746s][info][gc,heap        ] GC(1382) ParOldGen: 5366K(349696K)->5614K(349696K)
[223.746s][info][gc,metaspace   ] GC(1382) Metaspace: 9956K(10368K)->9956K(10368K) NonClass: 8654K(8896K)->8654K(8896K) Class: 1302K(1472K)->1302K(1472K)
[223.746s][info][gc             ] GC(1382) Pause Young (Allocation Failure) 39M->6M(376M) 1.069ms
[223.746s][info][gc,cpu         ] GC(1382) User=0.00s Sys=0.00s Real=0.00s
[223.879s][info][gc,start       ] GC(1383) Pause Young (Allocation Failure)
[223.894s][info][gc,heap        ] GC(1383) PSYoungGen: 35104K(35328K)->512K(34816K) Eden: 34304K(34304K)->0K(34304K) From: 800K(1024K)->512K(512K)
[223.894s][info][gc,heap        ] GC(1383) ParOldGen: 5614K(349696K)->5822K(349696K)
[223.894s][info][gc,metaspace   ] GC(1383) Metaspace: 9956K(10368K)->9956K(10368K) NonClass: 8654K(8896K)->8654K(8896K) Class: 1302K(1472K)->1302K(1472K)
[223.894s][info][gc             ] GC(1383) Pause Young (Allocation Failure) 39M->6M(375M) 14.850ms
[223.894s][info][gc,cpu         ] GC(1383) User=0.00s Sys=0.00s Real=0.02s
[224.027s][info][gc,start       ] GC(1384) Pause Young (Allocation Failure)
[224.028s][info][gc,heap        ] GC(1384) PSYoungGen: 34816K(34816K)->672K(35328K) Eden: 34304K(34304K)->0K(34304K) From: 512K(512K)->672K(1024K)
[224.028s][info][gc,heap        ] GC(1384) ParOldGen: 5822K(349696K)->5822K(349696K)
[224.028s][info][gc,metaspace   ] GC(1384) Metaspace: 9956K(10368K)->9956K(10368K) NonClass: 8654K(8896K)->8654K(8896K) Class: 1302K(1472K)->1302K(1472K)
[224.028s][info][gc             ] GC(1384) Pause Young (Allocation Failure) 39M->6M(376M) 0.869ms
[224.028s][info][gc,cpu         ] GC(1384) User=0.00s Sys=0.00s Real=0.00s
[224.173s][info][gc,start       ] GC(1385) Pause Young (Allocation Failure)
[224.173s][info][gc,heap        ] GC(1385) PSYoungGen: 34976K(35328K)->608K(35328K) Eden: 34304K(34304K)->0K(34304K) From: 672K(1024K)->608K(1024K)
[224.173s][info][gc,heap        ] GC(1385) ParOldGen: 5822K(349696K)->5822K(349696K)
[224.174s][info][gc,metaspace   ] GC(1385) Metaspace: 9956K(10368K)->9956K(10368K) NonClass: 8654K(8896K)->8654K(8896K) Class: 1302K(1472K)->1302K(1472K)
[224.174s][info][gc             ] GC(1385) Pause Young (Allocation Failure) 39M->6M(376M) 0.819ms
[224.174s][info][gc,cpu         ] GC(1385) User=0.00s Sys=0.00s Real=0.00s
[224.305s][info][gc,start       ] GC(1386) Pause Young (Allocation Failure)
[224.306s][info][gc,heap        ] GC(1386) PSYoungGen: 34912K(35328K)->544K(35328K) Eden: 34304K(34304K)->0K(34304K) From: 608K(1024K)->544K(1024K)
[224.306s][info][gc,heap        ] GC(1386) ParOldGen: 5822K(349696K)->5822K(349696K)
[224.306s][info][gc,metaspace   ] GC(1386) Metaspace: 9956K(10368K)->9956K(10368K) NonClass: 8654K(8896K)->8654K(8896K) Class: 1302K(1472K)->1302K(1472K)
[224.306s][info][gc             ] GC(1386) Pause Young (Allocation Failure) 39M->6M(376M) 0.808ms
[224.306s][info][gc,cpu         ] GC(1386) User=0.00s Sys=0.00s Real=0.00s
[224.445s][info][gc,start       ] GC(1387) Pause Young (Allocation Failure)
[224.446s][info][gc,heap        ] GC(1387) PSYoungGen: 34848K(35328K)->704K(35328K) Eden: 34304K(34304K)->0K(34304K) From: 544K(1024K)->704K(1024K)
[224.446s][info][gc,heap        ] GC(1387) ParOldGen: 5822K(349696K)->5822K(349696K)
[224.446s][info][gc,metaspace   ] GC(1387) Metaspace: 9956K(10368K)->9956K(10368K) NonClass: 8654K(8896K)->8654K(8896K) Class: 1302K(1472K)->1302K(1472K)
[224.446s][info][gc             ] GC(1387) Pause Young (Allocation Failure) 39M->6M(376M) 0.932ms
[224.446s][info][gc,cpu         ] GC(1387) User=0.00s Sys=0.00s Real=0.00s
[224.587s][info][gc,start       ] GC(1388) Pause Young (Allocation Failure)
[224.588s][info][gc,heap        ] GC(1388) PSYoungGen: 35008K(35328K)->544K(35328K) Eden: 34304K(34304K)->0K(34304K) From: 704K(1024K)->544K(1024K)
[224.588s][info][gc,heap        ] GC(1388) ParOldGen: 5822K(349696K)->6030K(349696K)
[224.588s][info][gc,metaspace   ] GC(1388) Metaspace: 9956K(10368K)->9956K(10368K) NonClass: 8654K(8896K)->8654K(8896K) Class: 1302K(1472K)->1302K(1472K)
[224.588s][info][gc             ] GC(1388) Pause Young (Allocation Failure) 39M->6M(376M) 0.976ms
[224.588s][info][gc,cpu         ] GC(1388) User=0.14s Sys=0.00s Real=0.02s
[224.728s][info][gc,start       ] GC(1389) Pause Young (Allocation Failure)
[224.728s][info][gc,heap        ] GC(1389) PSYoungGen: 34848K(35328K)->896K(35328K) Eden: 34304K(34304K)->0K(34304K) From: 544K(1024K)->896K(1024K)
[224.728s][info][gc,heap        ] GC(1389) ParOldGen: 6030K(349696K)->6038K(349696K)
[224.729s][info][gc,metaspace   ] GC(1389) Metaspace: 9956K(10368K)->9956K(10368K) NonClass: 8654K(8896K)->8654K(8896K) Class: 1302K(1472K)->1302K(1472K)
[224.729s][info][gc             ] GC(1389) Pause Young (Allocation Failure) 39M->6M(376M) 0.986ms
[224.729s][info][gc,cpu         ] GC(1389) User=0.02s Sys=0.00s Real=0.02s
[224.874s][info][gc,start       ] GC(1390) Pause Young (Allocation Failure)
[224.875s][info][gc,heap        ] GC(1390) PSYoungGen: 35200K(35328K)->672K(35328K) Eden: 34304K(34304K)->0K(34304K) From: 896K(1024K)->672K(1024K)
[224.875s][info][gc,heap        ] GC(1390) ParOldGen: 6038K(349696K)->6294K(349696K)
[224.875s][info][gc,metaspace   ] GC(1390) Metaspace: 9956K(10368K)->9956K(10368K) NonClass: 8654K(8896K)->8654K(8896K) Class: 1302K(1472K)->1302K(1472K)
[224.875s][info][gc             ] GC(1390) Pause Young (Allocation Failure) 40M->6M(376M) 0.925ms
[224.875s][info][gc,cpu         ] GC(1390) User=0.00s Sys=0.00s Real=0.00s
[225.010s][info][gc,start       ] GC(1391) Pause Young (Allocation Failure)
[225.011s][info][gc,heap        ] GC(1391) PSYoungGen: 34976K(35328K)->608K(35328K) Eden: 34304K(34304K)->0K(34304K) From: 672K(1024K)->608K(1024K)
[225.011s][info][gc,heap        ] GC(1391) ParOldGen: 6294K(349696K)->6294K(349696K)
[225.011s][info][gc,metaspace   ] GC(1391) Metaspace: 9956K(10368K)->9956K(10368K) NonClass: 8654K(8896K)->8654K(8896K) Class: 1302K(1472K)->1302K(1472K)
[225.011s][info][gc             ] GC(1391) Pause Young (Allocation Failure) 40M->6M(376M) 0.799ms
[225.011s][info][gc,cpu         ] GC(1391) User=0.00s Sys=0.00s Real=0.00s
[225.141s][info][gc,start       ] GC(1392) Pause Young (Allocation Failure)
[225.141s][info][gc,heap        ] GC(1392) PSYoungGen: 34912K(35328K)->608K(35328K) Eden: 34304K(34304K)->0K(34304K) From: 608K(1024K)->608K(1024K)
[225.142s][info][gc,heap        ] GC(1392) ParOldGen: 6294K(349696K)->6302K(349696K)
[225.142s][info][gc,metaspace   ] GC(1392) Metaspace: 9956K(10368K)->9956K(10368K) NonClass: 8654K(8896K)->8654K(8896K) Class: 1302K(1472K)->1302K(1472K)
[225.142s][info][gc             ] GC(1392) Pause Young (Allocation Failure) 40M->6M(376M) 0.838ms
[225.142s][info][gc,cpu         ] GC(1392) User=0.00s Sys=0.00s Real=0.00s
[225.282s][info][gc,start       ] GC(1393) Pause Young (Allocation Failure)
[225.283s][info][gc,heap        ] GC(1393) PSYoungGen: 34912K(35328K)->608K(35328K) Eden: 34304K(34304K)->0K(34304K) From: 608K(1024K)->608K(1024K)
[225.283s][info][gc,heap        ] GC(1393) ParOldGen: 6302K(349696K)->6310K(349696K)
[225.283s][info][gc,metaspace   ] GC(1393) Metaspace: 9956K(10368K)->9956K(10368K) NonClass: 8654K(8896K)->8654K(8896K) Class: 1302K(1472K)->1302K(1472K)
[225.283s][info][gc             ] GC(1393) Pause Young (Allocation Failure) 40M->6M(376M) 0.828ms
[225.283s][info][gc,cpu         ] GC(1393) User=0.00s Sys=0.00s Real=0.00s
[225.420s][info][gc,start       ] GC(1394) Pause Young (Allocation Failure)
[225.420s][info][gc,heap        ] GC(1394) PSYoungGen: 34912K(35328K)->672K(35328K) Eden: 34304K(34304K)->0K(34304K) From: 608K(1024K)->672K(1024K)
[225.420s][info][gc,heap        ] GC(1394) ParOldGen: 6310K(349696K)->6310K(349696K)
[225.420s][info][gc,metaspace   ] GC(1394) Metaspace: 9956K(10368K)->9956K(10368K) NonClass: 8654K(8896K)->8654K(8896K) Class: 1302K(1472K)->1302K(1472K)
[225.420s][info][gc             ] GC(1394) Pause Young (Allocation Failure) 40M->6M(376M) 0.843ms
[225.420s][info][gc,cpu         ] GC(1394) User=0.00s Sys=0.00s Real=0.00s
[225.555s][info][gc,start       ] GC(1395) Pause Young (Allocation Failure)
[225.556s][info][gc,heap        ] GC(1395) PSYoungGen: 34976K(35328K)->608K(35328K) Eden: 34304K(34304K)->0K(34304K) From: 672K(1024K)->608K(1024K)
[225.556s][info][gc,heap        ] GC(1395) ParOldGen: 6310K(349696K)->6310K(349696K)
[225.556s][info][gc,metaspace   ] GC(1395) Metaspace: 9956K(10368K)->9956K(10368K) NonClass: 8654K(8896K)->8654K(8896K) Class: 1302K(1472K)->1302K(1472K)
[225.556s][info][gc             ] GC(1395) Pause Young (Allocation Failure) 40M->6M(376M) 0.826ms
[225.556s][info][gc,cpu         ] GC(1395) User=0.00s Sys=0.00s Real=0.00s
[225.699s][info][gc,start       ] GC(1396) Pause Young (Allocation Failure)
[225.699s][info][gc,heap        ] GC(1396) PSYoungGen: 34912K(35328K)->576K(35328K) Eden: 34304K(34304K)->0K(34304K) From: 608K(1024K)->576K(1024K)
[225.699s][info][gc,heap        ] GC(1396) ParOldGen: 6310K(349696K)->6310K(349696K)
[225.699s][info][gc,metaspace   ] GC(1396) Metaspace: 9956K(10368K)->9956K(10368K) NonClass: 8654K(8896K)->8654K(8896K) Class: 1302K(1472K)->1302K(1472K)
[225.700s][info][gc             ] GC(1396) Pause Young (Allocation Failure) 40M->6M(376M) 0.889ms
[225.700s][info][gc,cpu         ] GC(1396) User=0.00s Sys=0.00s Real=0.00s
[225.841s][info][gc,start       ] GC(1397) Pause Young (Allocation Failure)
[225.842s][info][gc,heap        ] GC(1397) PSYoungGen: 34880K(35328K)->640K(35328K) Eden: 34304K(34304K)->0K(34304K) From: 576K(1024K)->640K(1024K)
[225.842s][info][gc,heap        ] GC(1397) ParOldGen: 6310K(349696K)->6318K(349696K)
[225.842s][info][gc,metaspace   ] GC(1397) Metaspace: 9956K(10368K)->9956K(10368K) NonClass: 8654K(8896K)->8654K(8896K) Class: 1302K(1472K)->1302K(1472K)
[225.842s][info][gc             ] GC(1397) Pause Young (Allocation Failure) 40M->6M(376M) 0.865ms
[225.842s][info][gc,cpu         ] GC(1397) User=0.00s Sys=0.00s Real=0.00s
[225.976s][info][gc,start       ] GC(1398) Pause Young (Allocation Failure)
[225.976s][info][gc,heap        ] GC(1398) PSYoungGen: 34944K(35328K)->576K(35328K) Eden: 34304K(34304K)->0K(34304K) From: 640K(1024K)->576K(1024K)
[225.976s][info][gc,heap        ] GC(1398) ParOldGen: 6318K(349696K)->6334K(349696K)
[225.976s][info][gc,metaspace   ] GC(1398) Metaspace: 9956K(10368K)->9956K(10368K) NonClass: 8654K(8896K)->8654K(8896K) Class: 1302K(1472K)->1302K(1472K)
[225.976s][info][gc             ] GC(1398) Pause Young (Allocation Failure) 40M->6M(376M) 0.824ms
[225.976s][info][gc,cpu         ] GC(1398) User=0.00s Sys=0.00s Real=0.00s
[226.118s][info][gc,start       ] GC(1399) Pause Young (Allocation Failure)
[226.119s][info][gc,heap        ] GC(1399) PSYoungGen: 34880K(35328K)->576K(35328K) Eden: 34304K(34304K)->0K(34304K) From: 576K(1024K)->576K(1024K)
[226.119s][info][gc,heap        ] GC(1399) ParOldGen: 6334K(349696K)->6334K(349696K)
[226.119s][info][gc,metaspace   ] GC(1399) Metaspace: 9956K(10368K)->9956K(10368K) NonClass: 8654K(8896K)->8654K(8896K) Class: 1302K(1472K)->1302K(1472K)
[226.119s][info][gc             ] GC(1399) Pause Young (Allocation Failure) 40M->6M(376M) 0.855ms
[226.119s][info][gc,cpu         ] GC(1399) User=0.00s Sys=0.00s Real=0.00s
[226.259s][info][gc,start       ] GC(1400) Pause Young (Allocation Failure)
[226.260s][info][gc,heap        ] GC(1400) PSYoungGen: 34880K(35328K)->608K(35328K) Eden: 34304K(34304K)->0K(34304K) From: 576K(1024K)->608K(1024K)
[226.260s][info][gc,heap        ] GC(1400) ParOldGen: 6334K(349696K)->6334K(349696K)
[226.260s][info][gc,metaspace   ] GC(1400) Metaspace: 9956K(10368K)->9956K(10368K) NonClass: 8654K(8896K)->8654K(8896K) Class: 1302K(1472K)->1302K(1472K)
[226.260s][info][gc             ] GC(1400) Pause Young (Allocation Failure) 40M->6M(376M) 0.870ms
[226.260s][info][gc,cpu         ] GC(1400) User=0.00s Sys=0.00s Real=0.00s
[226.400s][info][gc,start       ] GC(1401) Pause Young (Allocation Failure)
[226.401s][info][gc,heap        ] GC(1401) PSYoungGen: 34912K(35328K)->576K(35328K) Eden: 34304K(34304K)->0K(34304K) From: 608K(1024K)->576K(1024K)
[226.401s][info][gc,heap        ] GC(1401) ParOldGen: 6334K(349696K)->6334K(349696K)
[226.401s][info][gc,metaspace   ] GC(1401) Metaspace: 9956K(10368K)->9956K(10368K) NonClass: 8654K(8896K)->8654K(8896K) Class: 1302K(1472K)->1302K(1472K)
[226.401s][info][gc             ] GC(1401) Pause Young (Allocation Failure) 40M->6M(376M) 0.836ms
[226.401s][info][gc,cpu         ] GC(1401) User=0.00s Sys=0.00s Real=0.00s
[226.542s][info][gc,start       ] GC(1402) Pause Young (Allocation Failure)
[226.543s][info][gc,heap        ] GC(1402) PSYoungGen: 34880K(35328K)->608K(35328K) Eden: 34304K(34304K)->0K(34304K) From: 576K(1024K)->608K(1024K)
[226.543s][info][gc,heap        ] GC(1402) ParOldGen: 6334K(349696K)->6334K(349696K)
[226.543s][info][gc,metaspace   ] GC(1402) Metaspace: 9956K(10368K)->9956K(10368K) NonClass: 8654K(8896K)->8654K(8896K) Class: 1302K(1472K)->1302K(1472K)
[226.543s][info][gc             ] GC(1402) Pause Young (Allocation Failure) 40M->6M(376M) 0.951ms
[226.543s][info][gc,cpu         ] GC(1402) User=0.00s Sys=0.00s Real=0.00s
[226.679s][info][gc,start       ] GC(1403) Pause Young (Allocation Failure)
[226.680s][info][gc,heap        ] GC(1403) PSYoungGen: 34912K(35328K)->576K(35328K) Eden: 34304K(34304K)->0K(34304K) From: 608K(1024K)->576K(1024K)
[226.680s][info][gc,heap        ] GC(1403) ParOldGen: 6334K(349696K)->6334K(349696K)
[226.680s][info][gc,metaspace   ] GC(1403) Metaspace: 9956K(10368K)->9956K(10368K) NonClass: 8654K(8896K)->8654K(8896K) Class: 1302K(1472K)->1302K(1472K)
[226.680s][info][gc             ] GC(1403) Pause Young (Allocation Failure) 40M->6M(376M) 0.862ms
[226.680s][info][gc,cpu         ] GC(1403) User=0.00s Sys=0.00s Real=0.00s
[226.809s][info][gc,start       ] GC(1404) Pause Young (Allocation Failure)
[226.810s][info][gc,heap        ] GC(1404) PSYoungGen: 34880K(35328K)->576K(35328K) Eden: 34304K(34304K)->0K(34304K) From: 576K(1024K)->576K(1024K)
[226.810s][info][gc,heap        ] GC(1404) ParOldGen: 6334K(349696K)->6334K(349696K)
[226.810s][info][gc,metaspace   ] GC(1404) Metaspace: 9956K(10368K)->9956K(10368K) NonClass: 8654K(8896K)->8654K(8896K) Class: 1302K(1472K)->1302K(1472K)
[226.810s][info][gc             ] GC(1404) Pause Young (Allocation Failure) 40M->6M(376M) 0.855ms
[226.810s][info][gc,cpu         ] GC(1404) User=0.00s Sys=0.00s Real=0.00s
[226.952s][info][gc,start       ] GC(1405) Pause Young (Allocation Failure)
[226.952s][info][gc,heap        ] GC(1405) PSYoungGen: 34879K(35328K)->608K(35328K) Eden: 34303K(34304K)->0K(34304K) From: 576K(1024K)->608K(1024K)
[226.952s][info][gc,heap        ] GC(1405) ParOldGen: 6334K(349696K)->6334K(349696K)
[226.953s][info][gc,metaspace   ] GC(1405) Metaspace: 9956K(10368K)->9956K(10368K) NonClass: 8654K(8896K)->8654K(8896K) Class: 1302K(1472K)->1302K(1472K)
[226.953s][info][gc             ] GC(1405) Pause Young (Allocation Failure) 40M->6M(376M) 0.832ms
[226.953s][info][gc,cpu         ] GC(1405) User=0.00s Sys=0.00s Real=0.00s
[227.090s][info][gc,start       ] GC(1406) Pause Young (Allocation Failure)
[227.091s][info][gc,heap        ] GC(1406) PSYoungGen: 34912K(35328K)->800K(35328K) Eden: 34304K(34304K)->0K(34304K) From: 608K(1024K)->800K(1024K)
[227.091s][info][gc,heap        ] GC(1406) ParOldGen: 6334K(349696K)->6334K(349696K)
[227.091s][info][gc,metaspace   ] GC(1406) Metaspace: 9956K(10368K)->9956K(10368K) NonClass: 8654K(8896K)->8654K(8896K) Class: 1302K(1472K)->1302K(1472K)
[227.091s][info][gc             ] GC(1406) Pause Young (Allocation Failure) 40M->6M(376M) 1.005ms
[227.091s][info][gc,cpu         ] GC(1406) User=0.00s Sys=0.00s Real=0.00s
[227.232s][info][gc,start       ] GC(1407) Pause Young (Allocation Failure)
[227.233s][info][gc,heap        ] GC(1407) PSYoungGen: 35104K(35328K)->640K(35328K) Eden: 34304K(34304K)->0K(34304K) From: 800K(1024K)->640K(1024K)
[227.233s][info][gc,heap        ] GC(1407) ParOldGen: 6334K(349696K)->6566K(349696K)
[227.233s][info][gc,metaspace   ] GC(1407) Metaspace: 9956K(10368K)->9956K(10368K) NonClass: 8654K(8896K)->8654K(8896K) Class: 1302K(1472K)->1302K(1472K)
[227.233s][info][gc             ] GC(1407) Pause Young (Allocation Failure) 40M->7M(376M) 1.028ms
[227.233s][info][gc,cpu         ] GC(1407) User=0.00s Sys=0.00s Real=0.00s
[227.371s][info][gc,start       ] GC(1408) Pause Young (Allocation Failure)
[227.371s][info][gc,heap        ] GC(1408) PSYoungGen: 34944K(35328K)->576K(35328K) Eden: 34304K(34304K)->0K(34304K) From: 640K(1024K)->576K(1024K)
[227.371s][info][gc,heap        ] GC(1408) ParOldGen: 6566K(349696K)->6566K(349696K)
[227.371s][info][gc,metaspace   ] GC(1408) Metaspace: 9956K(10368K)->9956K(10368K) NonClass: 8654K(8896K)->8654K(8896K) Class: 1302K(1472K)->1302K(1472K)
[227.371s][info][gc             ] GC(1408) Pause Young (Allocation Failure) 40M->6M(376M) 0.913ms
[227.372s][info][gc,cpu         ] GC(1408) User=0.00s Sys=0.00s Real=0.00s
[227.512s][info][gc,start       ] GC(1409) Pause Young (Allocation Failure)
[227.513s][info][gc,heap        ] GC(1409) PSYoungGen: 34880K(35328K)->608K(35328K) Eden: 34304K(34304K)->0K(34304K) From: 576K(1024K)->608K(1024K)
[227.513s][info][gc,heap        ] GC(1409) ParOldGen: 6566K(349696K)->6566K(349696K)
[227.513s][info][gc,metaspace   ] GC(1409) Metaspace: 9956K(10368K)->9956K(10368K) NonClass: 8654K(8896K)->8654K(8896K) Class: 1302K(1472K)->1302K(1472K)
[227.513s][info][gc             ] GC(1409) Pause Young (Allocation Failure) 40M->7M(376M) 0.878ms
[227.513s][info][gc,cpu         ] GC(1409) User=0.00s Sys=0.00s Real=0.00s
[227.648s][info][gc,start       ] GC(1410) Pause Young (Allocation Failure)
[227.649s][info][gc,heap        ] GC(1410) PSYoungGen: 34912K(35328K)->576K(35328K) Eden: 34304K(34304K)->0K(34304K) From: 608K(1024K)->576K(1024K)
[227.649s][info][gc,heap        ] GC(1410) ParOldGen: 6566K(349696K)->6566K(349696K)
[227.649s][info][gc,metaspace   ] GC(1410) Metaspace: 9956K(10368K)->9956K(10368K) NonClass: 8654K(8896K)->8654K(8896K) Class: 1302K(1472K)->1302K(1472K)
[227.649s][info][gc             ] GC(1410) Pause Young (Allocation Failure) 40M->6M(376M) 0.894ms
[227.649s][info][gc,cpu         ] GC(1410) User=0.00s Sys=0.00s Real=0.00s
[227.789s][info][gc,start       ] GC(1411) Pause Young (Allocation Failure)
[227.790s][info][gc,heap        ] GC(1411) PSYoungGen: 34880K(35328K)->608K(35328K) Eden: 34304K(34304K)->0K(34304K) From: 576K(1024K)->608K(1024K)
[227.790s][info][gc,heap        ] GC(1411) ParOldGen: 6566K(349696K)->6566K(349696K)
[227.790s][info][gc,metaspace   ] GC(1411) Metaspace: 9956K(10368K)->9956K(10368K) NonClass: 8654K(8896K)->8654K(8896K) Class: 1302K(1472K)->1302K(1472K)
[227.790s][info][gc             ] GC(1411) Pause Young (Allocation Failure) 40M->7M(376M) 0.870ms
[227.790s][info][gc,cpu         ] GC(1411) User=0.00s Sys=0.00s Real=0.00s
[227.924s][info][gc,start       ] GC(1412) Pause Young (Allocation Failure)
[227.924s][info][gc,heap        ] GC(1412) PSYoungGen: 34911K(35328K)->576K(35328K) Eden: 34303K(34304K)->0K(34304K) From: 608K(1024K)->576K(1024K)
[227.924s][info][gc,heap        ] GC(1412) ParOldGen: 6566K(349696K)->6566K(349696K)
[227.924s][info][gc,metaspace   ] GC(1412) Metaspace: 9956K(10368K)->9956K(10368K) NonClass: 8654K(8896K)->8654K(8896K) Class: 1302K(1472K)->1302K(1472K)
[227.925s][info][gc             ] GC(1412) Pause Young (Allocation Failure) 40M->6M(376M) 1.004ms
[227.925s][info][gc,cpu         ] GC(1412) User=0.00s Sys=0.00s Real=0.00s
[228.065s][info][gc,start       ] GC(1413) Pause Young (Allocation Failure)
[228.066s][info][gc,heap        ] GC(1413) PSYoungGen: 34880K(35328K)->608K(35328K) Eden: 34304K(34304K)->0K(34304K) From: 576K(1024K)->608K(1024K)
[228.066s][info][gc,heap        ] GC(1413) ParOldGen: 6566K(349696K)->6566K(349696K)
[228.066s][info][gc,metaspace   ] GC(1413) Metaspace: 9956K(10368K)->9956K(10368K) NonClass: 8654K(8896K)->8654K(8896K) Class: 1302K(1472K)->1302K(1472K)
[228.066s][info][gc             ] GC(1413) Pause Young (Allocation Failure) 40M->7M(376M) 0.900ms
[228.066s][info][gc,cpu         ] GC(1413) User=0.00s Sys=0.00s Real=0.00s
[228.203s][info][gc,start       ] GC(1414) Pause Young (Allocation Failure)
[228.204s][info][gc,heap        ] GC(1414) PSYoungGen: 34912K(35328K)->608K(35328K) Eden: 34304K(34304K)->0K(34304K) From: 608K(1024K)->608K(1024K)
[228.204s][info][gc,heap        ] GC(1414) ParOldGen: 6566K(349696K)->6566K(349696K)
[228.204s][info][gc,metaspace   ] GC(1414) Metaspace: 9956K(10368K)->9956K(10368K) NonClass: 8654K(8896K)->8654K(8896K) Class: 1302K(1472K)->1302K(1472K)
[228.204s][info][gc             ] GC(1414) Pause Young (Allocation Failure) 40M->7M(376M) 0.847ms
[228.204s][info][gc,cpu         ] GC(1414) User=0.00s Sys=0.00s Real=0.00s
[228.344s][info][gc,start       ] GC(1415) Pause Young (Allocation Failure)
[228.345s][info][gc,heap        ] GC(1415) PSYoungGen: 34912K(35328K)->576K(35328K) Eden: 34304K(34304K)->0K(34304K) From: 608K(1024K)->576K(1024K)
[228.345s][info][gc,heap        ] GC(1415) ParOldGen: 6566K(349696K)->6574K(349696K)
[228.345s][info][gc,metaspace   ] GC(1415) Metaspace: 9956K(10368K)->9956K(10368K) NonClass: 8654K(8896K)->8654K(8896K) Class: 1302K(1472K)->1302K(1472K)
[228.345s][info][gc             ] GC(1415) Pause Young (Allocation Failure) 40M->6M(376M) 0.861ms
[228.345s][info][gc,cpu         ] GC(1415) User=0.00s Sys=0.00s Real=0.00s
[228.485s][info][gc,start       ] GC(1416) Pause Young (Allocation Failure)
[228.486s][info][gc,heap        ] GC(1416) PSYoungGen: 34880K(35328K)->608K(35328K) Eden: 34304K(34304K)->0K(34304K) From: 576K(1024K)->608K(1024K)
[228.486s][info][gc,heap        ] GC(1416) ParOldGen: 6574K(349696K)->6574K(349696K)
[228.486s][info][gc,metaspace   ] GC(1416) Metaspace: 9956K(10368K)->9956K(10368K) NonClass: 8654K(8896K)->8654K(8896K) Class: 1302K(1472K)->1302K(1472K)
[228.486s][info][gc             ] GC(1416) Pause Young (Allocation Failure) 40M->7M(376M) 0.900ms
[228.486s][info][gc,cpu         ] GC(1416) User=0.00s Sys=0.00s Real=0.00s
[228.620s][info][gc,start       ] GC(1417) Pause Young (Allocation Failure)
[228.621s][info][gc,heap        ] GC(1417) PSYoungGen: 34912K(35328K)->608K(35328K) Eden: 34304K(34304K)->0K(34304K) From: 608K(1024K)->608K(1024K)
[228.621s][info][gc,heap        ] GC(1417) ParOldGen: 6574K(349696K)->6574K(349696K)
[228.621s][info][gc,metaspace   ] GC(1417) Metaspace: 9956K(10368K)->9956K(10368K) NonClass: 8654K(8896K)->8654K(8896K) Class: 1302K(1472K)->1302K(1472K)
[228.621s][info][gc             ] GC(1417) Pause Young (Allocation Failure) 40M->7M(376M) 0.875ms
[228.621s][info][gc,cpu         ] GC(1417) User=0.00s Sys=0.00s Real=0.00s
[228.755s][info][gc,start       ] GC(1418) Pause Young (Allocation Failure)
[228.756s][info][gc,heap        ] GC(1418) PSYoungGen: 34912K(35328K)->576K(35328K) Eden: 34304K(34304K)->0K(34304K) From: 608K(1024K)->576K(1024K)
[228.756s][info][gc,heap        ] GC(1418) ParOldGen: 6574K(349696K)->6574K(349696K)
[228.756s][info][gc,metaspace   ] GC(1418) Metaspace: 9956K(10368K)->9956K(10368K) NonClass: 8654K(8896K)->8654K(8896K) Class: 1302K(1472K)->1302K(1472K)
[228.756s][info][gc             ] GC(1418) Pause Young (Allocation Failure) 40M->6M(376M) 0.823ms
[228.756s][info][gc,cpu         ] GC(1418) User=0.00s Sys=0.00s Real=0.00s
[228.891s][info][gc,start       ] GC(1419) Pause Young (Allocation Failure)
[228.892s][info][gc,heap        ] GC(1419) PSYoungGen: 34880K(35328K)->608K(35328K) Eden: 34304K(34304K)->0K(34304K) From: 576K(1024K)->608K(1024K)
[228.892s][info][gc,heap        ] GC(1419) ParOldGen: 6574K(349696K)->6574K(349696K)
[228.892s][info][gc,metaspace   ] GC(1419) Metaspace: 9956K(10368K)->9956K(10368K) NonClass: 8654K(8896K)->8654K(8896K) Class: 1302K(1472K)->1302K(1472K)
[228.892s][info][gc             ] GC(1419) Pause Young (Allocation Failure) 40M->7M(376M) 0.858ms
[228.892s][info][gc,cpu         ] GC(1419) User=0.00s Sys=0.00s Real=0.00s
[229.032s][info][gc,start       ] GC(1420) Pause Young (Allocation Failure)
[229.032s][info][gc,heap        ] GC(1420) PSYoungGen: 34912K(35328K)->608K(35328K) Eden: 34304K(34304K)->0K(34304K) From: 608K(1024K)->608K(1024K)
[229.032s][info][gc,heap        ] GC(1420) ParOldGen: 6574K(349696K)->6574K(349696K)
[229.032s][info][gc,metaspace   ] GC(1420) Metaspace: 9956K(10368K)->9956K(10368K) NonClass: 8654K(8896K)->8654K(8896K) Class: 1302K(1472K)->1302K(1472K)
[229.032s][info][gc             ] GC(1420) Pause Young (Allocation Failure) 40M->7M(376M) 0.859ms
[229.032s][info][gc,cpu         ] GC(1420) User=0.00s Sys=0.00s Real=0.00s
[229.170s][info][gc,start       ] GC(1421) Pause Young (Allocation Failure)
[229.170s][info][gc,heap        ] GC(1421) PSYoungGen: 34912K(35328K)->576K(35328K) Eden: 34304K(34304K)->0K(34304K) From: 608K(1024K)->576K(1024K)
[229.170s][info][gc,heap        ] GC(1421) ParOldGen: 6574K(349696K)->6574K(349696K)
[229.170s][info][gc,metaspace   ] GC(1421) Metaspace: 9956K(10368K)->9956K(10368K) NonClass: 8654K(8896K)->8654K(8896K) Class: 1302K(1472K)->1302K(1472K)
[229.170s][info][gc             ] GC(1421) Pause Young (Allocation Failure) 40M->6M(376M) 0.878ms
[229.170s][info][gc,cpu         ] GC(1421) User=0.00s Sys=0.00s Real=0.00s
[229.308s][info][gc,start       ] GC(1422) Pause Young (Allocation Failure)
[229.308s][info][gc,heap        ] GC(1422) PSYoungGen: 34880K(35328K)->576K(35328K) Eden: 34304K(34304K)->0K(34304K) From: 576K(1024K)->576K(1024K)
[229.308s][info][gc,heap        ] GC(1422) ParOldGen: 6574K(349696K)->6574K(349696K)
[229.308s][info][gc,metaspace   ] GC(1422) Metaspace: 9956K(10368K)->9956K(10368K) NonClass: 8654K(8896K)->8654K(8896K) Class: 1302K(1472K)->1302K(1472K)
[229.308s][info][gc             ] GC(1422) Pause Young (Allocation Failure) 40M->6M(376M) 0.884ms
[229.308s][info][gc,cpu         ] GC(1422) User=0.00s Sys=0.00s Real=0.00s
[229.445s][info][gc,start       ] GC(1423) Pause Young (Allocation Failure)
[229.446s][info][gc,heap        ] GC(1423) PSYoungGen: 34880K(35328K)->576K(35328K) Eden: 34304K(34304K)->0K(34304K) From: 576K(1024K)->576K(1024K)
[229.446s][info][gc,heap        ] GC(1423) ParOldGen: 6574K(349696K)->6574K(349696K)
[229.446s][info][gc,metaspace   ] GC(1423) Metaspace: 9956K(10368K)->9956K(10368K) NonClass: 8654K(8896K)->8654K(8896K) Class: 1302K(1472K)->1302K(1472K)
[229.446s][info][gc             ] GC(1423) Pause Young (Allocation Failure) 40M->6M(376M) 0.864ms
[229.446s][info][gc,cpu         ] GC(1423) User=0.00s Sys=0.00s Real=0.00s
[229.590s][info][gc,start       ] GC(1424) Pause Young (Allocation Failure)
[229.590s][info][gc,heap        ] GC(1424) PSYoungGen: 34880K(35328K)->576K(35328K) Eden: 34304K(34304K)->0K(34304K) From: 576K(1024K)->576K(1024K)
[229.590s][info][gc,heap        ] GC(1424) ParOldGen: 6574K(349696K)->6574K(349696K)
[229.590s][info][gc,metaspace   ] GC(1424) Metaspace: 9956K(10368K)->9956K(10368K) NonClass: 8654K(8896K)->8654K(8896K) Class: 1302K(1472K)->1302K(1472K)
[229.590s][info][gc             ] GC(1424) Pause Young (Allocation Failure) 40M->6M(376M) 0.859ms
[229.590s][info][gc,cpu         ] GC(1424) User=0.00s Sys=0.00s Real=0.00s
[229.727s][info][gc,start       ] GC(1425) Pause Young (System.gc())
[229.728s][info][gc,heap        ] GC(1425) PSYoungGen: 34587K(35328K)->576K(35328K) Eden: 34011K(34304K)->0K(34304K) From: 576K(1024K)->576K(1024K)
[229.728s][info][gc,heap        ] GC(1425) ParOldGen: 6574K(349696K)->6574K(349696K)
[229.728s][info][gc,metaspace   ] GC(1425) Metaspace: 9956K(10368K)->9956K(10368K) NonClass: 8654K(8896K)->8654K(8896K) Class: 1302K(1472K)->1302K(1472K)
[229.728s][info][gc             ] GC(1425) Pause Young (System.gc()) 40M->6M(376M) 0.790ms
[229.728s][info][gc,cpu         ] GC(1425) User=0.00s Sys=0.00s Real=0.00s
[229.728s][info][gc,start       ] GC(1426) Pause Full (System.gc())
[229.728s][info][gc,phases,start] GC(1426) Marking Phase
[229.742s][info][gc,phases      ] GC(1426) Marking Phase 13.477ms
[229.742s][info][gc,phases,start] GC(1426) Summary Phase
[229.742s][info][gc,phases      ] GC(1426) Summary Phase 0.032ms
[229.742s][info][gc,phases,start] GC(1426) Adjust Roots
[229.746s][info][gc,phases      ] GC(1426) Adjust Roots 4.324ms
[229.746s][info][gc,phases,start] GC(1426) Compaction Phase
[229.749s][info][gc,phases      ] GC(1426) Compaction Phase 2.981ms
[229.749s][info][gc,phases,start] GC(1426) Post Compact
[229.749s][info][gc,phases      ] GC(1426) Post Compact 0.264ms
[229.749s][info][gc,heap        ] GC(1426) PSYoungGen: 576K(35328K)->0K(35328K) Eden: 0K(34304K)->0K(34304K) From: 576K(1024K)->0K(1024K)
[229.749s][info][gc,heap        ] GC(1426) ParOldGen: 6574K(349696K)->4078K(349696K)
[229.749s][info][gc,metaspace   ] GC(1426) Metaspace: 9956K(10368K)->9956K(10368K) NonClass: 8654K(8896K)->8654K(8896K) Class: 1302K(1472K)->1302K(1472K)
[229.749s][info][gc             ] GC(1426) Pause Full (System.gc()) 6M->3M(376M) 21.417ms
[229.749s][info][gc,cpu         ] GC(1426) User=0.02s Sys=0.00s Real=0.02s
[229.888s][info][gc,start       ] GC(1427) Pause Young (Allocation Failure)
[229.889s][info][gc,heap        ] GC(1427) PSYoungGen: 34304K(35328K)->1024K(35328K) Eden: 34304K(34304K)->0K(34304K) From: 0K(1024K)->1024K(1024K)
[229.889s][info][gc,heap        ] GC(1427) ParOldGen: 4078K(349696K)->4286K(349696K)
[229.889s][info][gc,metaspace   ] GC(1427) Metaspace: 9956K(10368K)->9956K(10368K) NonClass: 8654K(8896K)->8654K(8896K) Class: 1302K(1472K)->1302K(1472K)
[229.889s][info][gc             ] GC(1427) Pause Young (Allocation Failure) 37M->5M(376M) 1.405ms
[229.889s][info][gc,cpu         ] GC(1427) User=0.00s Sys=0.00s Real=0.00s
[230.023s][info][gc,start       ] GC(1428) Pause Young (Allocation Failure)
[230.025s][info][gc,heap        ] GC(1428) PSYoungGen: 35328K(35328K)->768K(35328K) Eden: 34304K(34304K)->0K(34304K) From: 1024K(1024K)->768K(1024K)
[230.025s][info][gc,heap        ] GC(1428) ParOldGen: 4286K(349696K)->4750K(349696K)
[230.025s][info][gc,metaspace   ] GC(1428) Metaspace: 9956K(10368K)->9956K(10368K) NonClass: 8654K(8896K)->8654K(8896K) Class: 1302K(1472K)->1302K(1472K)
[230.025s][info][gc             ] GC(1428) Pause Young (Allocation Failure) 38M->5M(376M) 1.306ms
[230.025s][info][gc,cpu         ] GC(1428) User=0.00s Sys=0.00s Real=0.00s
[230.163s][info][gc,start       ] GC(1429) Pause Young (Allocation Failure)
[230.164s][info][gc,heap        ] GC(1429) PSYoungGen: 35072K(35328K)->832K(35328K) Eden: 34304K(34304K)->0K(34304K) From: 768K(1024K)->832K(1024K)
[230.164s][info][gc,heap        ] GC(1429) ParOldGen: 4750K(349696K)->4798K(349696K)
[230.164s][info][gc,metaspace   ] GC(1429) Metaspace: 9956K(10368K)->9956K(10368K) NonClass: 8654K(8896K)->8654K(8896K) Class: 1302K(1472K)->1302K(1472K)
[230.164s][info][gc             ] GC(1429) Pause Young (Allocation Failure) 38M->5M(376M) 1.022ms
[230.164s][info][gc,cpu         ] GC(1429) User=0.00s Sys=0.00s Real=0.00s
[230.305s][info][gc,start       ] GC(1430) Pause Young (Allocation Failure)
[230.306s][info][gc,heap        ] GC(1430) PSYoungGen: 35136K(35328K)->768K(35328K) Eden: 34304K(34304K)->0K(34304K) From: 832K(1024K)->768K(1024K)
[230.306s][info][gc,heap        ] GC(1430) ParOldGen: 4798K(349696K)->5182K(349696K)
[230.306s][info][gc,metaspace   ] GC(1430) Metaspace: 9956K(10368K)->9956K(10368K) NonClass: 8654K(8896K)->8654K(8896K) Class: 1302K(1472K)->1302K(1472K)
[230.306s][info][gc             ] GC(1430) Pause Young (Allocation Failure) 38M->5M(376M) 1.237ms
[230.306s][info][gc,cpu         ] GC(1430) User=0.00s Sys=0.00s Real=0.00s
[230.444s][info][gc,start       ] GC(1431) Pause Young (Allocation Failure)
[230.445s][info][gc,heap        ] GC(1431) PSYoungGen: 35072K(35328K)->608K(35328K) Eden: 34304K(34304K)->0K(34304K) From: 768K(1024K)->608K(1024K)
[230.445s][info][gc,heap        ] GC(1431) ParOldGen: 5182K(349696K)->5406K(349696K)
[230.445s][info][gc,metaspace   ] GC(1431) Metaspace: 9956K(10368K)->9956K(10368K) NonClass: 8654K(8896K)->8654K(8896K) Class: 1302K(1472K)->1302K(1472K)
[230.445s][info][gc             ] GC(1431) Pause Young (Allocation Failure) 39M->5M(376M) 0.989ms
[230.445s][info][gc,cpu         ] GC(1431) User=0.00s Sys=0.00s Real=0.00s
[230.583s][info][gc,start       ] GC(1432) Pause Young (Allocation Failure)
[230.583s][info][gc,heap        ] GC(1432) PSYoungGen: 34912K(35328K)->576K(35328K) Eden: 34304K(34304K)->0K(34304K) From: 608K(1024K)->576K(1024K)
[230.583s][info][gc,heap        ] GC(1432) ParOldGen: 5406K(349696K)->5406K(349696K)
[230.583s][info][gc,metaspace   ] GC(1432) Metaspace: 9956K(10368K)->9956K(10368K) NonClass: 8654K(8896K)->8654K(8896K) Class: 1302K(1472K)->1302K(1472K)
[230.583s][info][gc             ] GC(1432) Pause Young (Allocation Failure) 39M->5M(376M) 0.809ms
[230.583s][info][gc,cpu         ] GC(1432) User=0.00s Sys=0.00s Real=0.00s
[230.715s][info][gc,start       ] GC(1433) Pause Young (Allocation Failure)
[230.716s][info][gc,heap        ] GC(1433) PSYoungGen: 34880K(35328K)->768K(35328K) Eden: 34304K(34304K)->0K(34304K) From: 576K(1024K)->768K(1024K)
[230.716s][info][gc,heap        ] GC(1433) ParOldGen: 5406K(349696K)->5430K(349696K)
[230.716s][info][gc,metaspace   ] GC(1433) Metaspace: 9956K(10368K)->9956K(10368K) NonClass: 8654K(8896K)->8654K(8896K) Class: 1302K(1472K)->1302K(1472K)
[230.716s][info][gc             ] GC(1433) Pause Young (Allocation Failure) 39M->6M(376M) 0.958ms
[230.716s][info][gc,cpu         ] GC(1433) User=0.00s Sys=0.00s Real=0.00s
[230.849s][info][gc,start       ] GC(1434) Pause Young (Allocation Failure)
[230.850s][info][gc,heap        ] GC(1434) PSYoungGen: 35072K(35328K)->640K(35328K) Eden: 34304K(34304K)->0K(34304K) From: 768K(1024K)->640K(1024K)
[230.850s][info][gc,heap        ] GC(1434) ParOldGen: 5430K(349696K)->5646K(349696K)
[230.850s][info][gc,metaspace   ] GC(1434) Metaspace: 9956K(10368K)->9956K(10368K) NonClass: 8654K(8896K)->8654K(8896K) Class: 1302K(1472K)->1302K(1472K)
[230.850s][info][gc             ] GC(1434) Pause Young (Allocation Failure) 39M->6M(376M) 1.008ms
[230.850s][info][gc,cpu         ] GC(1434) User=0.00s Sys=0.00s Real=0.00s
[230.990s][info][gc,start       ] GC(1435) Pause Young (Allocation Failure)
[230.991s][info][gc,heap        ] GC(1435) PSYoungGen: 34944K(35328K)->576K(35328K) Eden: 34304K(34304K)->0K(34304K) From: 640K(1024K)->576K(1024K)
[230.991s][info][gc,heap        ] GC(1435) ParOldGen: 5646K(349696K)->5646K(349696K)
[230.991s][info][gc,metaspace   ] GC(1435) Metaspace: 9956K(10368K)->9956K(10368K) NonClass: 8654K(8896K)->8654K(8896K) Class: 1302K(1472K)->1302K(1472K)
[230.991s][info][gc             ] GC(1435) Pause Young (Allocation Failure) 39M->6M(376M) 0.853ms
[230.991s][info][gc,cpu         ] GC(1435) User=0.00s Sys=0.00s Real=0.00s
[231.127s][info][gc,start       ] GC(1436) Pause Young (Allocation Failure)
[231.128s][info][gc,heap        ] GC(1436) PSYoungGen: 34880K(35328K)->576K(35328K) Eden: 34304K(34304K)->0K(34304K) From: 576K(1024K)->576K(1024K)
[231.128s][info][gc,heap        ] GC(1436) ParOldGen: 5646K(349696K)->5646K(349696K)
[231.128s][info][gc,metaspace   ] GC(1436) Metaspace: 9956K(10368K)->9956K(10368K) NonClass: 8654K(8896K)->8654K(8896K) Class: 1302K(1472K)->1302K(1472K)
[231.128s][info][gc             ] GC(1436) Pause Young (Allocation Failure) 39M->6M(376M) 0.882ms
[231.128s][info][gc,cpu         ] GC(1436) User=0.00s Sys=0.00s Real=0.00s
[231.269s][info][gc,start       ] GC(1437) Pause Young (Allocation Failure)
[231.270s][info][gc,heap        ] GC(1437) PSYoungGen: 34880K(35328K)->832K(35328K) Eden: 34304K(34304K)->0K(34304K) From: 576K(1024K)->832K(1024K)
[231.270s][info][gc,heap        ] GC(1437) ParOldGen: 5646K(349696K)->5646K(349696K)
[231.270s][info][gc,metaspace   ] GC(1437) Metaspace: 9956K(10368K)->9956K(10368K) NonClass: 8654K(8896K)->8654K(8896K) Class: 1302K(1472K)->1302K(1472K)
[231.270s][info][gc             ] GC(1437) Pause Young (Allocation Failure) 39M->6M(376M) 1.017ms
[231.270s][info][gc,cpu         ] GC(1437) User=0.00s Sys=0.00s Real=0.00s
[231.400s][info][gc,start       ] GC(1438) Pause Young (Allocation Failure)
[231.401s][info][gc,heap        ] GC(1438) PSYoungGen: 35136K(35328K)->704K(35328K) Eden: 34304K(34304K)->0K(34304K) From: 832K(1024K)->704K(1024K)
[231.401s][info][gc,heap        ] GC(1438) ParOldGen: 5646K(349696K)->5886K(349696K)
[231.401s][info][gc,metaspace   ] GC(1438) Metaspace: 9956K(10368K)->9956K(10368K) NonClass: 8654K(8896K)->8654K(8896K) Class: 1302K(1472K)->1302K(1472K)
[231.401s][info][gc             ] GC(1438) Pause Young (Allocation Failure) 39M->6M(376M) 1.032ms
[231.401s][info][gc,cpu         ] GC(1438) User=0.00s Sys=0.02s Real=0.02s
[231.534s][info][gc,start       ] GC(1439) Pause Young (Allocation Failure)
[231.535s][info][gc,heap        ] GC(1439) PSYoungGen: 35008K(35328K)->576K(35328K) Eden: 34304K(34304K)->0K(34304K) From: 704K(1024K)->576K(1024K)
[231.535s][info][gc,heap        ] GC(1439) ParOldGen: 5886K(349696K)->5886K(349696K)
[231.535s][info][gc,metaspace   ] GC(1439) Metaspace: 9956K(10368K)->9956K(10368K) NonClass: 8654K(8896K)->8654K(8896K) Class: 1302K(1472K)->1302K(1472K)
[231.535s][info][gc             ] GC(1439) Pause Young (Allocation Failure) 39M->6M(376M) 0.884ms
[231.535s][info][gc,cpu         ] GC(1439) User=0.00s Sys=0.00s Real=0.00s
[231.673s][info][gc,start       ] GC(1440) Pause Young (Allocation Failure)
[231.673s][info][gc,heap        ] GC(1440) PSYoungGen: 34880K(35328K)->576K(35328K) Eden: 34304K(34304K)->0K(34304K) From: 576K(1024K)->576K(1024K)
[231.673s][info][gc,heap        ] GC(1440) ParOldGen: 5886K(349696K)->5886K(349696K)
[231.673s][info][gc,metaspace   ] GC(1440) Metaspace: 9956K(10368K)->9956K(10368K) NonClass: 8654K(8896K)->8654K(8896K) Class: 1302K(1472K)->1302K(1472K)
[231.673s][info][gc             ] GC(1440) Pause Young (Allocation Failure) 39M->6M(376M) 0.867ms
[231.673s][info][gc,cpu         ] GC(1440) User=0.00s Sys=0.00s Real=0.00s
[231.809s][info][gc,start       ] GC(1441) Pause Young (Allocation Failure)
[231.810s][info][gc,heap        ] GC(1441) PSYoungGen: 34880K(35328K)->576K(35328K) Eden: 34304K(34304K)->0K(34304K) From: 576K(1024K)->576K(1024K)
[231.810s][info][gc,heap        ] GC(1441) ParOldGen: 5886K(349696K)->5886K(349696K)
[231.810s][info][gc,metaspace   ] GC(1441) Metaspace: 9956K(10368K)->9956K(10368K) NonClass: 8654K(8896K)->8654K(8896K) Class: 1302K(1472K)->1302K(1472K)
[231.810s][info][gc             ] GC(1441) Pause Young (Allocation Failure) 39M->6M(376M) 0.853ms
[231.810s][info][gc,cpu         ] GC(1441) User=0.00s Sys=0.00s Real=0.00s
[231.946s][info][gc,start       ] GC(1442) Pause Young (Allocation Failure)
[231.947s][info][gc,heap        ] GC(1442) PSYoungGen: 34880K(35328K)->672K(35328K) Eden: 34304K(34304K)->0K(34304K) From: 576K(1024K)->672K(1024K)
[231.947s][info][gc,heap        ] GC(1442) ParOldGen: 5886K(349696K)->5886K(349696K)
[231.947s][info][gc,metaspace   ] GC(1442) Metaspace: 9956K(10368K)->9956K(10368K) NonClass: 8654K(8896K)->8654K(8896K) Class: 1302K(1472K)->1302K(1472K)
[231.947s][info][gc             ] GC(1442) Pause Young (Allocation Failure) 39M->6M(376M) 0.878ms
[231.947s][info][gc,cpu         ] GC(1442) User=0.00s Sys=0.00s Real=0.00s
[232.086s][info][gc,start       ] GC(1443) Pause Young (Allocation Failure)
[232.087s][info][gc,heap        ] GC(1443) PSYoungGen: 34976K(35328K)->640K(35328K) Eden: 34304K(34304K)->0K(34304K) From: 672K(1024K)->640K(1024K)
[232.087s][info][gc,heap        ] GC(1443) ParOldGen: 5886K(349696K)->5886K(349696K)
[232.087s][info][gc,metaspace   ] GC(1443) Metaspace: 9956K(10368K)->9956K(10368K) NonClass: 8654K(8896K)->8654K(8896K) Class: 1302K(1472K)->1302K(1472K)
[232.087s][info][gc             ] GC(1443) Pause Young (Allocation Failure) 39M->6M(376M) 0.897ms
[232.087s][info][gc,cpu         ] GC(1443) User=0.00s Sys=0.00s Real=0.00s
[232.225s][info][gc,start       ] GC(1444) Pause Young (Allocation Failure)
[232.226s][info][gc,heap        ] GC(1444) PSYoungGen: 34944K(35328K)->576K(35328K) Eden: 34304K(34304K)->0K(34304K) From: 640K(1024K)->576K(1024K)
[232.226s][info][gc,heap        ] GC(1444) ParOldGen: 5886K(349696K)->5886K(349696K)
[232.226s][info][gc,metaspace   ] GC(1444) Metaspace: 9956K(10368K)->9956K(10368K) NonClass: 8654K(8896K)->8654K(8896K) Class: 1302K(1472K)->1302K(1472K)
[232.226s][info][gc             ] GC(1444) Pause Young (Allocation Failure) 39M->6M(376M) 0.848ms
[232.226s][info][gc,cpu         ] GC(1444) User=0.00s Sys=0.00s Real=0.00s
[232.365s][info][gc,start       ] GC(1445) Pause Young (Allocation Failure)
[232.366s][info][gc,heap        ] GC(1445) PSYoungGen: 34880K(35328K)->576K(35328K) Eden: 34304K(34304K)->0K(34304K) From: 576K(1024K)->576K(1024K)
[232.366s][info][gc,heap        ] GC(1445) ParOldGen: 5886K(349696K)->5886K(349696K)
[232.366s][info][gc,metaspace   ] GC(1445) Metaspace: 9956K(10368K)->9956K(10368K) NonClass: 8654K(8896K)->8654K(8896K) Class: 1302K(1472K)->1302K(1472K)
[232.366s][info][gc             ] GC(1445) Pause Young (Allocation Failure) 39M->6M(376M) 0.858ms
[232.366s][info][gc,cpu         ] GC(1445) User=0.00s Sys=0.00s Real=0.00s
[232.511s][info][gc,start       ] GC(1446) Pause Young (Allocation Failure)
[232.512s][info][gc,heap        ] GC(1446) PSYoungGen: 34880K(35328K)->576K(35328K) Eden: 34304K(34304K)->0K(34304K) From: 576K(1024K)->576K(1024K)
[232.512s][info][gc,heap        ] GC(1446) ParOldGen: 5886K(349696K)->5902K(349696K)
[232.512s][info][gc,metaspace   ] GC(1446) Metaspace: 9956K(10368K)->9956K(10368K) NonClass: 8654K(8896K)->8654K(8896K) Class: 1302K(1472K)->1302K(1472K)
[232.512s][info][gc             ] GC(1446) Pause Young (Allocation Failure) 39M->6M(376M) 0.831ms
[232.512s][info][gc,cpu         ] GC(1446) User=0.00s Sys=0.00s Real=0.00s
[232.650s][info][gc,start       ] GC(1447) Pause Young (Allocation Failure)
[232.651s][info][gc,heap        ] GC(1447) PSYoungGen: 34880K(35328K)->896K(35328K) Eden: 34304K(34304K)->0K(34304K) From: 576K(1024K)->896K(1024K)
[232.651s][info][gc,heap        ] GC(1447) ParOldGen: 5902K(349696K)->5934K(349696K)
[232.651s][info][gc,metaspace   ] GC(1447) Metaspace: 9956K(10368K)->9956K(10368K) NonClass: 8654K(8896K)->8654K(8896K) Class: 1302K(1472K)->1302K(1472K)
[232.651s][info][gc             ] GC(1447) Pause Young (Allocation Failure) 39M->6M(376M) 1.015ms
[232.651s][info][gc,cpu         ] GC(1447) User=0.00s Sys=0.00s Real=0.00s
[232.791s][info][gc,start       ] GC(1448) Pause Young (Allocation Failure)
[232.792s][info][gc,heap        ] GC(1448) PSYoungGen: 35200K(35328K)->544K(35328K) Eden: 34304K(34304K)->0K(34304K) From: 896K(1024K)->544K(1024K)
[232.792s][info][gc,heap        ] GC(1448) ParOldGen: 5934K(349696K)->6174K(349696K)
[232.792s][info][gc,metaspace   ] GC(1448) Metaspace: 9956K(10368K)->9956K(10368K) NonClass: 8654K(8896K)->8654K(8896K) Class: 1302K(1472K)->1302K(1472K)
[232.792s][info][gc             ] GC(1448) Pause Young (Allocation Failure) 40M->6M(376M) 0.997ms
[232.792s][info][gc,cpu         ] GC(1448) User=0.00s Sys=0.00s Real=0.00s
[232.925s][info][gc,start       ] GC(1449) Pause Young (Allocation Failure)
[232.925s][info][gc,heap        ] GC(1449) PSYoungGen: 34848K(35328K)->576K(35328K) Eden: 34304K(34304K)->0K(34304K) From: 544K(1024K)->576K(1024K)
[232.925s][info][gc,heap        ] GC(1449) ParOldGen: 6174K(349696K)->6174K(349696K)
[232.926s][info][gc,metaspace   ] GC(1449) Metaspace: 9956K(10368K)->9956K(10368K) NonClass: 8654K(8896K)->8654K(8896K) Class: 1302K(1472K)->1302K(1472K)
[232.926s][info][gc             ] GC(1449) Pause Young (Allocation Failure) 40M->6M(376M) 0.831ms
[232.926s][info][gc,cpu         ] GC(1449) User=0.00s Sys=0.00s Real=0.00s
[233.065s][info][gc,start       ] GC(1450) Pause Young (Allocation Failure)
[233.066s][info][gc,heap        ] GC(1450) PSYoungGen: 34880K(35328K)->768K(35328K) Eden: 34304K(34304K)->0K(34304K) From: 576K(1024K)->768K(1024K)
[233.066s][info][gc,heap        ] GC(1450) ParOldGen: 6174K(349696K)->6246K(349696K)
[233.066s][info][gc,metaspace   ] GC(1450) Metaspace: 9956K(10368K)->9956K(10368K) NonClass: 8654K(8896K)->8654K(8896K) Class: 1302K(1472K)->1302K(1472K)
[233.066s][info][gc             ] GC(1450) Pause Young (Allocation Failure) 40M->6M(376M) 0.974ms
[233.066s][info][gc,cpu         ] GC(1450) User=0.00s Sys=0.00s Real=0.00s
[233.203s][info][gc,start       ] GC(1451) Pause Young (Allocation Failure)
[233.204s][info][gc,heap        ] GC(1451) PSYoungGen: 35072K(35328K)->640K(35328K) Eden: 34304K(34304K)->0K(34304K) From: 768K(1024K)->640K(1024K)
[233.204s][info][gc,heap        ] GC(1451) ParOldGen: 6246K(349696K)->6430K(349696K)
[233.204s][info][gc,metaspace   ] GC(1451) Metaspace: 9956K(10368K)->9956K(10368K) NonClass: 8654K(8896K)->8654K(8896K) Class: 1302K(1472K)->1302K(1472K)
[233.204s][info][gc             ] GC(1451) Pause Young (Allocation Failure) 40M->6M(376M) 0.952ms
[233.204s][info][gc,cpu         ] GC(1451) User=0.14s Sys=0.00s Real=0.02s
[233.337s][info][gc,start       ] GC(1452) Pause Young (Allocation Failure)
[233.338s][info][gc,heap        ] GC(1452) PSYoungGen: 34944K(35328K)->576K(35328K) Eden: 34304K(34304K)->0K(34304K) From: 640K(1024K)->576K(1024K)
[233.338s][info][gc,heap        ] GC(1452) ParOldGen: 6430K(349696K)->6430K(349696K)
[233.338s][info][gc,metaspace   ] GC(1452) Metaspace: 9956K(10368K)->9956K(10368K) NonClass: 8654K(8896K)->8654K(8896K) Class: 1302K(1472K)->1302K(1472K)
[233.338s][info][gc             ] GC(1452) Pause Young (Allocation Failure) 40M->6M(376M) 0.864ms
[233.338s][info][gc,cpu         ] GC(1452) User=0.00s Sys=0.00s Real=0.00s
[233.474s][info][gc,start       ] GC(1453) Pause Young (Allocation Failure)
[233.475s][info][gc,heap        ] GC(1453) PSYoungGen: 34880K(35328K)->640K(35328K) Eden: 34304K(34304K)->0K(34304K) From: 576K(1024K)->640K(1024K)
[233.475s][info][gc,heap        ] GC(1453) ParOldGen: 6430K(349696K)->6446K(349696K)
[233.475s][info][gc,metaspace   ] GC(1453) Metaspace: 9956K(10368K)->9956K(10368K) NonClass: 8654K(8896K)->8654K(8896K) Class: 1302K(1472K)->1302K(1472K)
[233.475s][info][gc             ] GC(1453) Pause Young (Allocation Failure) 40M->6M(376M) 0.882ms
[233.475s][info][gc,cpu         ] GC(1453) User=0.00s Sys=0.00s Real=0.00s
[233.616s][info][gc,start       ] GC(1454) Pause Young (Allocation Failure)
[233.616s][info][gc,heap        ] GC(1454) PSYoungGen: 34944K(35328K)->672K(35328K) Eden: 34304K(34304K)->0K(34304K) From: 640K(1024K)->672K(1024K)
[233.616s][info][gc,heap        ] GC(1454) ParOldGen: 6446K(349696K)->6454K(349696K)
[233.616s][info][gc,metaspace   ] GC(1454) Metaspace: 9956K(10368K)->9956K(10368K) NonClass: 8654K(8896K)->8654K(8896K) Class: 1302K(1472K)->1302K(1472K)
[233.616s][info][gc             ] GC(1454) Pause Young (Allocation Failure) 40M->6M(376M) 0.875ms
[233.616s][info][gc,cpu         ] GC(1454) User=0.00s Sys=0.00s Real=0.00s
[233.755s][info][gc,start       ] GC(1455) Pause Young (Allocation Failure)
[233.756s][info][gc,heap        ] GC(1455) PSYoungGen: 34976K(35328K)->832K(35328K) Eden: 34304K(34304K)->0K(34304K) From: 672K(1024K)->832K(1024K)
[233.756s][info][gc,heap        ] GC(1455) ParOldGen: 6454K(349696K)->6470K(349696K)
[233.756s][info][gc,metaspace   ] GC(1455) Metaspace: 9956K(10368K)->9956K(10368K) NonClass: 8654K(8896K)->8654K(8896K) Class: 1302K(1472K)->1302K(1472K)
[233.756s][info][gc             ] GC(1455) Pause Young (Allocation Failure) 40M->7M(376M) 0.964ms
[233.756s][info][gc,cpu         ] GC(1455) User=0.00s Sys=0.00s Real=0.00s
[233.893s][info][gc,start       ] GC(1456) Pause Young (Allocation Failure)
[233.894s][info][gc,heap        ] GC(1456) PSYoungGen: 35136K(35328K)->544K(35328K) Eden: 34304K(34304K)->0K(34304K) From: 832K(1024K)->544K(1024K)
[233.894s][info][gc,heap        ] GC(1456) ParOldGen: 6470K(349696K)->6686K(349696K)
[233.894s][info][gc,metaspace   ] GC(1456) Metaspace: 9956K(10368K)->9956K(10368K) NonClass: 8654K(8896K)->8654K(8896K) Class: 1302K(1472K)->1302K(1472K)
[233.894s][info][gc             ] GC(1456) Pause Young (Allocation Failure) 40M->7M(376M) 0.988ms
[233.894s][info][gc,cpu         ] GC(1456) User=0.00s Sys=0.00s Real=0.00s
[234.034s][info][gc,start       ] GC(1457) Pause Young (Allocation Failure)
[234.035s][info][gc,heap        ] GC(1457) PSYoungGen: 34848K(35328K)->544K(35328K) Eden: 34304K(34304K)->0K(34304K) From: 544K(1024K)->544K(1024K)
[234.035s][info][gc,heap        ] GC(1457) ParOldGen: 6686K(349696K)->6686K(349696K)
[234.035s][info][gc,metaspace   ] GC(1457) Metaspace: 9956K(10368K)->9956K(10368K) NonClass: 8654K(8896K)->8654K(8896K) Class: 1302K(1472K)->1302K(1472K)
[234.035s][info][gc             ] GC(1457) Pause Young (Allocation Failure) 40M->7M(376M) 0.903ms
[234.035s][info][gc,cpu         ] GC(1457) User=0.00s Sys=0.00s Real=0.00s
[234.173s][info][gc,start       ] GC(1458) Pause Young (Allocation Failure)
[234.173s][info][gc,heap        ] GC(1458) PSYoungGen: 34848K(35328K)->832K(35328K) Eden: 34304K(34304K)->0K(34304K) From: 544K(1024K)->832K(1024K)
[234.173s][info][gc,heap        ] GC(1458) ParOldGen: 6686K(349696K)->6742K(349696K)
[234.173s][info][gc,metaspace   ] GC(1458) Metaspace: 9956K(10368K)->9956K(10368K) NonClass: 8654K(8896K)->8654K(8896K) Class: 1302K(1472K)->1302K(1472K)
[234.174s][info][gc             ] GC(1458) Pause Young (Allocation Failure) 40M->7M(376M) 1.012ms
[234.174s][info][gc,cpu         ] GC(1458) User=0.00s Sys=0.00s Real=0.00s
[234.307s][info][gc,start       ] GC(1459) Pause Young (Allocation Failure)
[234.308s][info][gc,heap        ] GC(1459) PSYoungGen: 35136K(35328K)->736K(35328K) Eden: 34304K(34304K)->0K(34304K) From: 832K(1024K)->736K(1024K)
[234.308s][info][gc,heap        ] GC(1459) ParOldGen: 6742K(349696K)->6934K(349696K)
[234.308s][info][gc,metaspace   ] GC(1459) Metaspace: 9956K(10368K)->9956K(10368K) NonClass: 8654K(8896K)->8654K(8896K) Class: 1302K(1472K)->1302K(1472K)
[234.308s][info][gc             ] GC(1459) Pause Young (Allocation Failure) 40M->7M(376M) 1.016ms
[234.308s][info][gc,cpu         ] GC(1459) User=0.00s Sys=0.00s Real=0.00s
[234.446s][info][gc,start       ] GC(1460) Pause Young (Allocation Failure)
[234.447s][info][gc,heap        ] GC(1460) PSYoungGen: 35040K(35328K)->544K(35328K) Eden: 34304K(34304K)->0K(34304K) From: 736K(1024K)->544K(1024K)
[234.447s][info][gc,heap        ] GC(1460) ParOldGen: 6934K(349696K)->6934K(349696K)
[234.447s][info][gc,metaspace   ] GC(1460) Metaspace: 9956K(10368K)->9956K(10368K) NonClass: 8654K(8896K)->8654K(8896K) Class: 1302K(1472K)->1302K(1472K)
[234.447s][info][gc             ] GC(1460) Pause Young (Allocation Failure) 40M->7M(376M) 0.831ms
[234.447s][info][gc,cpu         ] GC(1460) User=0.00s Sys=0.00s Real=0.00s
[234.587s][info][gc,start       ] GC(1461) Pause Young (Allocation Failure)
[234.587s][info][gc,heap        ] GC(1461) PSYoungGen: 34848K(35328K)->640K(35328K) Eden: 34304K(34304K)->0K(34304K) From: 544K(1024K)->640K(1024K)
[234.587s][info][gc,heap        ] GC(1461) ParOldGen: 6934K(349696K)->6934K(349696K)
[234.587s][info][gc,metaspace   ] GC(1461) Metaspace: 9956K(10368K)->9956K(10368K) NonClass: 8654K(8896K)->8654K(8896K) Class: 1302K(1472K)->1302K(1472K)
[234.587s][info][gc             ] GC(1461) Pause Young (Allocation Failure) 40M->7M(376M) 0.890ms
[234.587s][info][gc,cpu         ] GC(1461) User=0.00s Sys=0.00s Real=0.00s
[234.724s][info][gc,start       ] GC(1462) Pause Young (Allocation Failure)
[234.725s][info][gc,heap        ] GC(1462) PSYoungGen: 34944K(35328K)->640K(35328K) Eden: 34304K(34304K)->0K(34304K) From: 640K(1024K)->640K(1024K)
[234.725s][info][gc,heap        ] GC(1462) ParOldGen: 6934K(349696K)->6934K(349696K)
[234.725s][info][gc,metaspace   ] GC(1462) Metaspace: 9956K(10368K)->9956K(10368K) NonClass: 8654K(8896K)->8654K(8896K) Class: 1302K(1472K)->1302K(1472K)
[234.725s][info][gc             ] GC(1462) Pause Young (Allocation Failure) 40M->7M(376M) 0.935ms
[234.725s][info][gc,cpu         ] GC(1462) User=0.14s Sys=0.00s Real=0.02s
[234.857s][info][gc,start       ] GC(1463) Pause Young (Allocation Failure)
[234.858s][info][gc,heap        ] GC(1463) PSYoungGen: 34944K(35328K)->576K(35328K) Eden: 34304K(34304K)->0K(34304K) From: 640K(1024K)->576K(1024K)
[234.858s][info][gc,heap        ] GC(1463) ParOldGen: 6934K(349696K)->6942K(349696K)
[234.858s][info][gc,metaspace   ] GC(1463) Metaspace: 9956K(10368K)->9956K(10368K) NonClass: 8654K(8896K)->8654K(8896K) Class: 1302K(1472K)->1302K(1472K)
[234.858s][info][gc             ] GC(1463) Pause Young (Allocation Failure) 40M->7M(376M) 0.832ms
[234.858s][info][gc,cpu         ] GC(1463) User=0.00s Sys=0.00s Real=0.00s
[234.998s][info][gc,start       ] GC(1464) Pause Young (Allocation Failure)
[234.999s][info][gc,heap        ] GC(1464) PSYoungGen: 34880K(35328K)->608K(35328K) Eden: 34304K(34304K)->0K(34304K) From: 576K(1024K)->608K(1024K)
[234.999s][info][gc,heap        ] GC(1464) ParOldGen: 6942K(349696K)->6942K(349696K)
[234.999s][info][gc,metaspace   ] GC(1464) Metaspace: 9956K(10368K)->9956K(10368K) NonClass: 8654K(8896K)->8654K(8896K) Class: 1302K(1472K)->1302K(1472K)
[234.999s][info][gc             ] GC(1464) Pause Young (Allocation Failure) 40M->7M(376M) 0.859ms
[234.999s][info][gc,cpu         ] GC(1464) User=0.00s Sys=0.00s Real=0.00s
[235.137s][info][gc,start       ] GC(1465) Pause Young (Allocation Failure)
[235.137s][info][gc,heap        ] GC(1465) PSYoungGen: 34912K(35328K)->608K(35328K) Eden: 34304K(34304K)->0K(34304K) From: 608K(1024K)->608K(1024K)
[235.138s][info][gc,heap        ] GC(1465) ParOldGen: 6942K(349696K)->6942K(349696K)
[235.138s][info][gc,metaspace   ] GC(1465) Metaspace: 9956K(10368K)->9956K(10368K) NonClass: 8654K(8896K)->8654K(8896K) Class: 1302K(1472K)->1302K(1472K)
[235.138s][info][gc             ] GC(1465) Pause Young (Allocation Failure) 40M->7M(376M) 0.859ms
[235.138s][info][gc,cpu         ] GC(1465) User=0.00s Sys=0.00s Real=0.00s
[235.280s][info][gc,start       ] GC(1466) Pause Young (Allocation Failure)
[235.281s][info][gc,heap        ] GC(1466) PSYoungGen: 34912K(35328K)->608K(35328K) Eden: 34304K(34304K)->0K(34304K) From: 608K(1024K)->608K(1024K)
[235.281s][info][gc,heap        ] GC(1466) ParOldGen: 6942K(349696K)->6942K(349696K)
[235.281s][info][gc,metaspace   ] GC(1466) Metaspace: 9956K(10368K)->9956K(10368K) NonClass: 8654K(8896K)->8654K(8896K) Class: 1302K(1472K)->1302K(1472K)
[235.281s][info][gc             ] GC(1466) Pause Young (Allocation Failure) 40M->7M(376M) 0.892ms
[235.281s][info][gc,cpu         ] GC(1466) User=0.00s Sys=0.00s Real=0.00s
[235.414s][info][gc,start       ] GC(1467) Pause Young (Allocation Failure)
[235.415s][info][gc,heap        ] GC(1467) PSYoungGen: 34912K(35328K)->608K(35328K) Eden: 34304K(34304K)->0K(34304K) From: 608K(1024K)->608K(1024K)
[235.415s][info][gc,heap        ] GC(1467) ParOldGen: 6942K(349696K)->6942K(349696K)
[235.415s][info][gc,metaspace   ] GC(1467) Metaspace: 9956K(10368K)->9956K(10368K) NonClass: 8654K(8896K)->8654K(8896K) Class: 1302K(1472K)->1302K(1472K)
[235.415s][info][gc             ] GC(1467) Pause Young (Allocation Failure) 40M->7M(376M) 0.886ms
[235.415s][info][gc,cpu         ] GC(1467) User=0.00s Sys=0.00s Real=0.00s
[235.550s][info][gc,start       ] GC(1468) Pause Young (Allocation Failure)
[235.550s][info][gc,heap        ] GC(1468) PSYoungGen: 34912K(35328K)->608K(35328K) Eden: 34304K(34304K)->0K(34304K) From: 608K(1024K)->608K(1024K)
[235.551s][info][gc,heap        ] GC(1468) ParOldGen: 6942K(349696K)->6942K(349696K)
[235.551s][info][gc,metaspace   ] GC(1468) Metaspace: 9956K(10368K)->9956K(10368K) NonClass: 8654K(8896K)->8654K(8896K) Class: 1302K(1472K)->1302K(1472K)
[235.551s][info][gc             ] GC(1468) Pause Young (Allocation Failure) 40M->7M(376M) 0.858ms
[235.551s][info][gc,cpu         ] GC(1468) User=0.00s Sys=0.00s Real=0.00s
[235.686s][info][gc,start       ] GC(1469) Pause Young (Allocation Failure)
[235.687s][info][gc,heap        ] GC(1469) PSYoungGen: 34912K(35328K)->576K(35328K) Eden: 34304K(34304K)->0K(34304K) From: 608K(1024K)->576K(1024K)
[235.687s][info][gc,heap        ] GC(1469) ParOldGen: 6942K(349696K)->6942K(349696K)
[235.687s][info][gc,metaspace   ] GC(1469) Metaspace: 9956K(10368K)->9956K(10368K) NonClass: 8654K(8896K)->8654K(8896K) Class: 1302K(1472K)->1302K(1472K)
[235.687s][info][gc             ] GC(1469) Pause Young (Allocation Failure) 40M->7M(376M) 0.867ms
[235.687s][info][gc,cpu         ] GC(1469) User=0.00s Sys=0.00s Real=0.00s
[235.818s][info][gc,start       ] GC(1470) Pause Young (Allocation Failure)
[235.819s][info][gc,heap        ] GC(1470) PSYoungGen: 34880K(35328K)->640K(35328K) Eden: 34304K(34304K)->0K(34304K) From: 576K(1024K)->640K(1024K)
[235.819s][info][gc,heap        ] GC(1470) ParOldGen: 6942K(349696K)->6942K(349696K)
[235.819s][info][gc,metaspace   ] GC(1470) Metaspace: 9956K(10368K)->9956K(10368K) NonClass: 8654K(8896K)->8654K(8896K) Class: 1302K(1472K)->1302K(1472K)
[235.819s][info][gc             ] GC(1470) Pause Young (Allocation Failure) 40M->7M(376M) 0.865ms
[235.819s][info][gc,cpu         ] GC(1470) User=0.00s Sys=0.00s Real=0.00s
[235.955s][info][gc,start       ] GC(1471) Pause Young (Allocation Failure)
[235.955s][info][gc,heap        ] GC(1471) PSYoungGen: 34944K(35328K)->576K(35328K) Eden: 34304K(34304K)->0K(34304K) From: 640K(1024K)->576K(1024K)
[235.955s][info][gc,heap        ] GC(1471) ParOldGen: 6942K(349696K)->6942K(349696K)
[235.955s][info][gc,metaspace   ] GC(1471) Metaspace: 9956K(10368K)->9956K(10368K) NonClass: 8654K(8896K)->8654K(8896K) Class: 1302K(1472K)->1302K(1472K)
[235.956s][info][gc             ] GC(1471) Pause Young (Allocation Failure) 40M->7M(376M) 0.860ms
[235.956s][info][gc,cpu         ] GC(1471) User=0.00s Sys=0.00s Real=0.00s
[236.088s][info][gc,start       ] GC(1472) Pause Young (Allocation Failure)
[236.089s][info][gc,heap        ] GC(1472) PSYoungGen: 34880K(35328K)->704K(35328K) Eden: 34304K(34304K)->0K(34304K) From: 576K(1024K)->704K(1024K)
[236.089s][info][gc,heap        ] GC(1472) ParOldGen: 6942K(349696K)->6950K(349696K)
[236.089s][info][gc,metaspace   ] GC(1472) Metaspace: 9956K(10368K)->9956K(10368K) NonClass: 8654K(8896K)->8654K(8896K) Class: 1302K(1472K)->1302K(1472K)
[236.089s][info][gc             ] GC(1472) Pause Young (Allocation Failure) 40M->7M(376M) 0.911ms
[236.089s][info][gc,cpu         ] GC(1472) User=0.00s Sys=0.00s Real=0.00s
[236.225s][info][gc,start       ] GC(1473) Pause Young (Allocation Failure)
[236.226s][info][gc,heap        ] GC(1473) PSYoungGen: 35008K(35328K)->608K(35328K) Eden: 34304K(34304K)->0K(34304K) From: 704K(1024K)->608K(1024K)
[236.226s][info][gc,heap        ] GC(1473) ParOldGen: 6950K(349696K)->7166K(349696K)
[236.226s][info][gc,metaspace   ] GC(1473) Metaspace: 9956K(10368K)->9956K(10368K) NonClass: 8654K(8896K)->8654K(8896K) Class: 1302K(1472K)->1302K(1472K)
[236.226s][info][gc             ] GC(1473) Pause Young (Allocation Failure) 40M->7M(376M) 1.013ms
[236.226s][info][gc,cpu         ] GC(1473) User=0.00s Sys=0.00s Real=0.00s
[236.361s][info][gc,start       ] GC(1474) Pause Young (Allocation Failure)
[236.362s][info][gc,heap        ] GC(1474) PSYoungGen: 34912K(35328K)->576K(35328K) Eden: 34304K(34304K)->0K(34304K) From: 608K(1024K)->576K(1024K)
[236.362s][info][gc,heap        ] GC(1474) ParOldGen: 7166K(349696K)->7182K(349696K)
[236.362s][info][gc,metaspace   ] GC(1474) Metaspace: 9956K(10368K)->9956K(10368K) NonClass: 8654K(8896K)->8654K(8896K) Class: 1302K(1472K)->1302K(1472K)
[236.362s][info][gc             ] GC(1474) Pause Young (Allocation Failure) 41M->7M(376M) 0.836ms
[236.362s][info][gc,cpu         ] GC(1474) User=0.00s Sys=0.00s Real=0.00s
[236.409s][info][gc,start       ] GC(1475) Pause Young (System.gc())
[236.410s][info][gc,heap        ] GC(1475) PSYoungGen: 10568K(35328K)->576K(35328K) Eden: 9992K(34304K)->0K(34304K) From: 576K(1024K)->576K(1024K)
[236.410s][info][gc,heap        ] GC(1475) ParOldGen: 7182K(349696K)->7254K(349696K)
[236.410s][info][gc,metaspace   ] GC(1475) Metaspace: 9956K(10368K)->9956K(10368K) NonClass: 8654K(8896K)->8654K(8896K) Class: 1302K(1472K)->1302K(1472K)
[236.410s][info][gc             ] GC(1475) Pause Young (System.gc()) 17M->7M(376M) 0.749ms
[236.410s][info][gc,cpu         ] GC(1475) User=0.00s Sys=0.00s Real=0.00s
[236.410s][info][gc,start       ] GC(1476) Pause Full (System.gc())
[236.410s][info][gc,phases,start] GC(1476) Marking Phase
[236.424s][info][gc,phases      ] GC(1476) Marking Phase 13.767ms
[236.424s][info][gc,phases,start] GC(1476) Summary Phase
[236.424s][info][gc,phases      ] GC(1476) Summary Phase 0.032ms
[236.424s][info][gc,phases,start] GC(1476) Adjust Roots
[236.428s][info][gc,phases      ] GC(1476) Adjust Roots 3.970ms
[236.428s][info][gc,phases,start] GC(1476) Compaction Phase
[236.431s][info][gc,phases      ] GC(1476) Compaction Phase 2.772ms
[236.431s][info][gc,phases,start] GC(1476) Post Compact
[236.431s][info][gc,phases      ] GC(1476) Post Compact 0.289ms
[236.431s][info][gc,heap        ] GC(1476) PSYoungGen: 576K(35328K)->0K(35328K) Eden: 0K(34304K)->0K(34304K) From: 576K(1024K)->0K(1024K)
[236.431s][info][gc,heap        ] GC(1476) ParOldGen: 7254K(349696K)->4078K(349696K)
[236.431s][info][gc,metaspace   ] GC(1476) Metaspace: 9956K(10368K)->9956K(10368K) NonClass: 8654K(8896K)->8654K(8896K) Class: 1302K(1472K)->1302K(1472K)
[236.431s][info][gc             ] GC(1476) Pause Full (System.gc()) 7M->3M(376M) 21.234ms
[236.432s][info][gc,cpu         ] GC(1476) User=0.14s Sys=0.00s Real=0.01s
[236.570s][info][gc,start       ] GC(1477) Pause Young (Allocation Failure)
[236.571s][info][gc,heap        ] GC(1477) PSYoungGen: 34304K(35328K)->1024K(35328K) Eden: 34304K(34304K)->0K(34304K) From: 0K(1024K)->1024K(1024K)
[236.571s][info][gc,heap        ] GC(1477) ParOldGen: 4078K(349696K)->4158K(349696K)
[236.571s][info][gc,metaspace   ] GC(1477) Metaspace: 9956K(10368K)->9956K(10368K) NonClass: 8654K(8896K)->8654K(8896K) Class: 1302K(1472K)->1302K(1472K)
[236.571s][info][gc             ] GC(1477) Pause Young (Allocation Failure) 37M->5M(376M) 1.289ms
[236.571s][info][gc,cpu         ] GC(1477) User=0.00s Sys=0.00s Real=0.00s
[236.711s][info][gc,start       ] GC(1478) Pause Young (Allocation Failure)
[236.712s][info][gc,heap        ] GC(1478) PSYoungGen: 35328K(35328K)->1024K(35328K) Eden: 34304K(34304K)->0K(34304K) From: 1024K(1024K)->1024K(1024K)
[236.712s][info][gc,heap        ] GC(1478) ParOldGen: 4158K(349696K)->4462K(349696K)
[236.712s][info][gc,metaspace   ] GC(1478) Metaspace: 9956K(10368K)->9956K(10368K) NonClass: 8654K(8896K)->8654K(8896K) Class: 1302K(1472K)->1302K(1472K)
[236.712s][info][gc             ] GC(1478) Pause Young (Allocation Failure) 38M->5M(376M) 1.333ms
[236.712s][info][gc,cpu         ] GC(1478) User=0.00s Sys=0.00s Real=0.00s
[236.851s][info][gc,start       ] GC(1479) Pause Young (Allocation Failure)
[236.852s][info][gc,heap        ] GC(1479) PSYoungGen: 35328K(35328K)->576K(35328K) Eden: 34304K(34304K)->0K(34304K) From: 1024K(1024K)->576K(1024K)
[236.852s][info][gc,heap        ] GC(1479) ParOldGen: 4462K(349696K)->5014K(349696K)
[236.852s][info][gc,metaspace   ] GC(1479) Metaspace: 9956K(10368K)->9956K(10368K) NonClass: 8654K(8896K)->8654K(8896K) Class: 1302K(1472K)->1302K(1472K)
[236.852s][info][gc             ] GC(1479) Pause Young (Allocation Failure) 38M->5M(376M) 1.413ms
[236.852s][info][gc,cpu         ] GC(1479) User=0.00s Sys=0.00s Real=0.00s
[236.989s][info][gc,start       ] GC(1480) Pause Young (Allocation Failure)
[236.990s][info][gc,heap        ] GC(1480) PSYoungGen: 34880K(35328K)->736K(35328K) Eden: 34304K(34304K)->0K(34304K) From: 576K(1024K)->736K(1024K)
[236.990s][info][gc,heap        ] GC(1480) ParOldGen: 5014K(349696K)->5014K(349696K)
[236.990s][info][gc,metaspace   ] GC(1480) Metaspace: 9956K(10368K)->9956K(10368K) NonClass: 8654K(8896K)->8654K(8896K) Class: 1302K(1472K)->1302K(1472K)
[236.990s][info][gc             ] GC(1480) Pause Young (Allocation Failure) 38M->5M(376M) 0.949ms
[236.990s][info][gc,cpu         ] GC(1480) User=0.00s Sys=0.00s Real=0.00s
[237.130s][info][gc,start       ] GC(1481) Pause Young (Allocation Failure)
[237.130s][info][gc,heap        ] GC(1481) PSYoungGen: 35040K(35328K)->768K(35328K) Eden: 34304K(34304K)->0K(34304K) From: 736K(1024K)->768K(1024K)
[237.130s][info][gc,heap        ] GC(1481) ParOldGen: 5014K(349696K)->5022K(349696K)
[237.131s][info][gc,metaspace   ] GC(1481) Metaspace: 9956K(10368K)->9956K(10368K) NonClass: 8654K(8896K)->8654K(8896K) Class: 1302K(1472K)->1302K(1472K)
[237.131s][info][gc             ] GC(1481) Pause Young (Allocation Failure) 39M->5M(376M) 0.999ms
[237.131s][info][gc,cpu         ] GC(1481) User=0.00s Sys=0.00s Real=0.00s
[237.277s][info][gc,start       ] GC(1482) Pause Young (Allocation Failure)
[237.278s][info][gc,heap        ] GC(1482) PSYoungGen: 35072K(35328K)->704K(35328K) Eden: 34304K(34304K)->0K(34304K) From: 768K(1024K)->704K(1024K)
[237.278s][info][gc,heap        ] GC(1482) ParOldGen: 5022K(349696K)->5254K(349696K)
[237.278s][info][gc,metaspace   ] GC(1482) Metaspace: 9956K(10368K)->9956K(10368K) NonClass: 8654K(8896K)->8654K(8896K) Class: 1302K(1472K)->1302K(1472K)
[237.278s][info][gc             ] GC(1482) Pause Young (Allocation Failure) 39M->5M(376M) 1.083ms
[237.279s][info][gc,cpu         ] GC(1482) User=0.00s Sys=0.00s Real=0.00s
[237.418s][info][gc,start       ] GC(1483) Pause Young (Allocation Failure)
[237.419s][info][gc,heap        ] GC(1483) PSYoungGen: 35008K(35328K)->704K(35328K) Eden: 34304K(34304K)->0K(34304K) From: 704K(1024K)->704K(1024K)
[237.419s][info][gc,heap        ] GC(1483) ParOldGen: 5254K(349696K)->5342K(349696K)
[237.419s][info][gc,metaspace   ] GC(1483) Metaspace: 9956K(10368K)->9956K(10368K) NonClass: 8654K(8896K)->8654K(8896K) Class: 1302K(1472K)->1302K(1472K)
[237.419s][info][gc             ] GC(1483) Pause Young (Allocation Failure) 39M->5M(376M) 0.980ms
[237.419s][info][gc,cpu         ] GC(1483) User=0.00s Sys=0.00s Real=0.00s
[237.558s][info][gc,start       ] GC(1484) Pause Young (Allocation Failure)
[237.559s][info][gc,heap        ] GC(1484) PSYoungGen: 35008K(35328K)->704K(35328K) Eden: 34304K(34304K)->0K(34304K) From: 704K(1024K)->704K(1024K)
[237.559s][info][gc,heap        ] GC(1484) ParOldGen: 5342K(349696K)->5542K(349696K)
[237.559s][info][gc,metaspace   ] GC(1484) Metaspace: 9956K(10368K)->9956K(10368K) NonClass: 8654K(8896K)->8654K(8896K) Class: 1302K(1472K)->1302K(1472K)
[237.559s][info][gc             ] GC(1484) Pause Young (Allocation Failure) 39M->6M(376M) 0.980ms
[237.559s][info][gc,cpu         ] GC(1484) User=0.00s Sys=0.00s Real=0.00s
[237.698s][info][gc,start       ] GC(1485) Pause Young (Allocation Failure)
[237.699s][info][gc,heap        ] GC(1485) PSYoungGen: 35008K(35328K)->800K(35328K) Eden: 34304K(34304K)->0K(34304K) From: 704K(1024K)->800K(1024K)
[237.699s][info][gc,heap        ] GC(1485) ParOldGen: 5542K(349696K)->5574K(349696K)
[237.699s][info][gc,metaspace   ] GC(1485) Metaspace: 9956K(10368K)->9956K(10368K) NonClass: 8654K(8896K)->8654K(8896K) Class: 1302K(1472K)->1302K(1472K)
[237.699s][info][gc             ] GC(1485) Pause Young (Allocation Failure) 39M->6M(376M) 0.961ms
[237.699s][info][gc,cpu         ] GC(1485) User=0.00s Sys=0.00s Real=0.00s
[237.839s][info][gc,start       ] GC(1486) Pause Young (Allocation Failure)
[237.840s][info][gc,heap        ] GC(1486) PSYoungGen: 35104K(35328K)->608K(35328K) Eden: 34304K(34304K)->0K(34304K) From: 800K(1024K)->608K(1024K)
[237.840s][info][gc,heap        ] GC(1486) ParOldGen: 5574K(349696K)->5774K(349696K)
[237.840s][info][gc,metaspace   ] GC(1486) Metaspace: 9956K(10368K)->9956K(10368K) NonClass: 8654K(8896K)->8654K(8896K) Class: 1302K(1472K)->1302K(1472K)
[237.840s][info][gc             ] GC(1486) Pause Young (Allocation Failure) 39M->6M(376M) 1.006ms
[237.840s][info][gc,cpu         ] GC(1486) User=0.00s Sys=0.00s Real=0.00s
[237.984s][info][gc,start       ] GC(1487) Pause Young (Allocation Failure)
[237.985s][info][gc,heap        ] GC(1487) PSYoungGen: 34912K(35328K)->864K(35328K) Eden: 34304K(34304K)->0K(34304K) From: 608K(1024K)->864K(1024K)
[237.985s][info][gc,heap        ] GC(1487) ParOldGen: 5774K(349696K)->5822K(349696K)
[237.985s][info][gc,metaspace   ] GC(1487) Metaspace: 9956K(10368K)->9956K(10368K) NonClass: 8654K(8896K)->8654K(8896K) Class: 1302K(1472K)->1302K(1472K)
[237.985s][info][gc             ] GC(1487) Pause Young (Allocation Failure) 39M->6M(376M) 1.017ms
[237.985s][info][gc,cpu         ] GC(1487) User=0.00s Sys=0.00s Real=0.00s
[238.126s][info][gc,start       ] GC(1488) Pause Young (Allocation Failure)
[238.126s][info][gc,heap        ] GC(1488) PSYoungGen: 35167K(35328K)->672K(35328K) Eden: 34303K(34304K)->0K(34304K) From: 864K(1024K)->672K(1024K)
[238.127s][info][gc,heap        ] GC(1488) ParOldGen: 5822K(349696K)->6046K(349696K)
[238.127s][info][gc,metaspace   ] GC(1488) Metaspace: 9956K(10368K)->9956K(10368K) NonClass: 8654K(8896K)->8654K(8896K) Class: 1302K(1472K)->1302K(1472K)
[238.127s][info][gc             ] GC(1488) Pause Young (Allocation Failure) 40M->6M(376M) 1.010ms
[238.127s][info][gc,cpu         ] GC(1488) User=0.00s Sys=0.00s Real=0.00s
[238.263s][info][gc,start       ] GC(1489) Pause Young (Allocation Failure)
[238.264s][info][gc,heap        ] GC(1489) PSYoungGen: 34976K(35328K)->608K(35328K) Eden: 34304K(34304K)->0K(34304K) From: 672K(1024K)->608K(1024K)
[238.264s][info][gc,heap        ] GC(1489) ParOldGen: 6046K(349696K)->6062K(349696K)
[238.264s][info][gc,metaspace   ] GC(1489) Metaspace: 9956K(10368K)->9956K(10368K) NonClass: 8654K(8896K)->8654K(8896K) Class: 1302K(1472K)->1302K(1472K)
[238.264s][info][gc             ] GC(1489) Pause Young (Allocation Failure) 40M->6M(376M) 0.895ms
[238.264s][info][gc,cpu         ] GC(1489) User=0.00s Sys=0.00s Real=0.00s
[238.405s][info][gc,start       ] GC(1490) Pause Young (Allocation Failure)
[238.405s][info][gc,heap        ] GC(1490) PSYoungGen: 34912K(35328K)->608K(35328K) Eden: 34304K(34304K)->0K(34304K) From: 608K(1024K)->608K(1024K)
[238.405s][info][gc,heap        ] GC(1490) ParOldGen: 6062K(349696K)->6062K(349696K)
[238.405s][info][gc,metaspace   ] GC(1490) Metaspace: 9956K(10368K)->9956K(10368K) NonClass: 8654K(8896K)->8654K(8896K) Class: 1302K(1472K)->1302K(1472K)
[238.406s][info][gc             ] GC(1490) Pause Young (Allocation Failure) 40M->6M(376M) 0.950ms
[238.406s][info][gc,cpu         ] GC(1490) User=0.00s Sys=0.00s Real=0.00s
[238.541s][info][gc,start       ] GC(1491) Pause Young (Allocation Failure)
[238.542s][info][gc,heap        ] GC(1491) PSYoungGen: 34912K(35328K)->608K(35328K) Eden: 34304K(34304K)->0K(34304K) From: 608K(1024K)->608K(1024K)
[238.542s][info][gc,heap        ] GC(1491) ParOldGen: 6062K(349696K)->6062K(349696K)
[238.542s][info][gc,metaspace   ] GC(1491) Metaspace: 9956K(10368K)->9956K(10368K) NonClass: 8654K(8896K)->8654K(8896K) Class: 1302K(1472K)->1302K(1472K)
[238.542s][info][gc             ] GC(1491) Pause Young (Allocation Failure) 40M->6M(376M) 0.889ms
[238.542s][info][gc,cpu         ] GC(1491) User=0.00s Sys=0.00s Real=0.00s
[238.678s][info][gc,start       ] GC(1492) Pause Young (Allocation Failure)
[238.679s][info][gc,heap        ] GC(1492) PSYoungGen: 34912K(35328K)->576K(35328K) Eden: 34304K(34304K)->0K(34304K) From: 608K(1024K)->576K(1024K)
[238.679s][info][gc,heap        ] GC(1492) ParOldGen: 6062K(349696K)->6062K(349696K)
[238.679s][info][gc,metaspace   ] GC(1492) Metaspace: 9956K(10368K)->9956K(10368K) NonClass: 8654K(8896K)->8654K(8896K) Class: 1302K(1472K)->1302K(1472K)
[238.679s][info][gc             ] GC(1492) Pause Young (Allocation Failure) 40M->6M(376M) 0.847ms
[238.679s][info][gc,cpu         ] GC(1492) User=0.00s Sys=0.00s Real=0.00s
[238.814s][info][gc,start       ] GC(1493) Pause Young (Allocation Failure)
[238.814s][info][gc,heap        ] GC(1493) PSYoungGen: 34880K(35328K)->576K(35328K) Eden: 34304K(34304K)->0K(34304K) From: 576K(1024K)->576K(1024K)
[238.814s][info][gc,heap        ] GC(1493) ParOldGen: 6062K(349696K)->6062K(349696K)
[238.814s][info][gc,metaspace   ] GC(1493) Metaspace: 9956K(10368K)->9956K(10368K) NonClass: 8654K(8896K)->8654K(8896K) Class: 1302K(1472K)->1302K(1472K)
[238.814s][info][gc             ] GC(1493) Pause Young (Allocation Failure) 39M->6M(376M) 0.931ms
[238.815s][info][gc,cpu         ] GC(1493) User=0.00s Sys=0.00s Real=0.00s
[238.953s][info][gc,start       ] GC(1494) Pause Young (Allocation Failure)
[238.954s][info][gc,heap        ] GC(1494) PSYoungGen: 34880K(35328K)->928K(35328K) Eden: 34304K(34304K)->0K(34304K) From: 576K(1024K)->928K(1024K)
[238.954s][info][gc,heap        ] GC(1494) ParOldGen: 6062K(349696K)->6086K(349696K)
[238.954s][info][gc,metaspace   ] GC(1494) Metaspace: 9956K(10368K)->9956K(10368K) NonClass: 8654K(8896K)->8654K(8896K) Class: 1302K(1472K)->1302K(1472K)
[238.954s][info][gc             ] GC(1494) Pause Young (Allocation Failure) 39M->6M(376M) 1.136ms
[238.954s][info][gc,cpu         ] GC(1494) User=0.00s Sys=0.00s Real=0.00s
[239.092s][info][gc,start       ] GC(1495) Pause Young (Allocation Failure)
[239.093s][info][gc,heap        ] GC(1495) PSYoungGen: 35232K(35328K)->576K(35328K) Eden: 34304K(34304K)->0K(34304K) From: 928K(1024K)->576K(1024K)
[239.093s][info][gc,heap        ] GC(1495) ParOldGen: 6086K(349696K)->6342K(349696K)
[239.093s][info][gc,metaspace   ] GC(1495) Metaspace: 9956K(10368K)->9956K(10368K) NonClass: 8654K(8896K)->8654K(8896K) Class: 1302K(1472K)->1302K(1472K)
[239.093s][info][gc             ] GC(1495) Pause Young (Allocation Failure) 40M->6M(376M) 1.008ms
[239.093s][info][gc,cpu         ] GC(1495) User=0.00s Sys=0.00s Real=0.00s
[239.234s][info][gc,start       ] GC(1496) Pause Young (Allocation Failure)
[239.235s][info][gc,heap        ] GC(1496) PSYoungGen: 34880K(35328K)->736K(35328K) Eden: 34304K(34304K)->0K(34304K) From: 576K(1024K)->736K(1024K)
[239.235s][info][gc,heap        ] GC(1496) ParOldGen: 6342K(349696K)->6574K(349696K)
[239.235s][info][gc,metaspace   ] GC(1496) Metaspace: 9956K(10368K)->9956K(10368K) NonClass: 8654K(8896K)->8654K(8896K) Class: 1302K(1472K)->1302K(1472K)
[239.235s][info][gc             ] GC(1496) Pause Young (Allocation Failure) 40M->7M(376M) 1.091ms
[239.235s][info][gc,cpu         ] GC(1496) User=0.00s Sys=0.00s Real=0.00s
[239.382s][info][gc,start       ] GC(1497) Pause Young (Allocation Failure)
[239.383s][info][gc,heap        ] GC(1497) PSYoungGen: 35040K(35328K)->512K(35328K) Eden: 34304K(34304K)->0K(34304K) From: 736K(1024K)->512K(1024K)
[239.383s][info][gc,heap        ] GC(1497) ParOldGen: 6574K(349696K)->6774K(349696K)
[239.383s][info][gc,metaspace   ] GC(1497) Metaspace: 9956K(10368K)->9956K(10368K) NonClass: 8654K(8896K)->8654K(8896K) Class: 1302K(1472K)->1302K(1472K)
[239.383s][info][gc             ] GC(1497) Pause Young (Allocation Failure) 40M->7M(376M) 0.982ms
[239.383s][info][gc,cpu         ] GC(1497) User=0.02s Sys=0.00s Real=0.02s
[239.520s][info][gc,start       ] GC(1498) Pause Young (Allocation Failure)
[239.520s][info][gc,heap        ] GC(1498) PSYoungGen: 34816K(35328K)->576K(35328K) Eden: 34304K(34304K)->0K(34304K) From: 512K(1024K)->576K(1024K)
[239.520s][info][gc,heap        ] GC(1498) ParOldGen: 6774K(349696K)->6790K(349696K)
[239.520s][info][gc,metaspace   ] GC(1498) Metaspace: 9956K(10368K)->9956K(10368K) NonClass: 8654K(8896K)->8654K(8896K) Class: 1302K(1472K)->1302K(1472K)
[239.521s][info][gc             ] GC(1498) Pause Young (Allocation Failure) 40M->7M(376M) 0.865ms
[239.521s][info][gc,cpu         ] GC(1498) User=0.00s Sys=0.00s Real=0.00s
[239.657s][info][gc,start       ] GC(1499) Pause Young (Allocation Failure)
[239.658s][info][gc,heap        ] GC(1499) PSYoungGen: 34880K(35328K)->608K(35328K) Eden: 34304K(34304K)->0K(34304K) From: 576K(1024K)->608K(1024K)
[239.658s][info][gc,heap        ] GC(1499) ParOldGen: 6790K(349696K)->6798K(349696K)
[239.658s][info][gc,metaspace   ] GC(1499) Metaspace: 9956K(10368K)->9956K(10368K) NonClass: 8654K(8896K)->8654K(8896K) Class: 1302K(1472K)->1302K(1472K)
[239.658s][info][gc             ] GC(1499) Pause Young (Allocation Failure) 40M->7M(376M) 0.891ms
[239.658s][info][gc,cpu         ] GC(1499) User=0.00s Sys=0.00s Real=0.00s
[239.800s][info][gc,start       ] GC(1500) Pause Young (Allocation Failure)
[239.800s][info][gc,heap        ] GC(1500) PSYoungGen: 34912K(35328K)->608K(35328K) Eden: 34304K(34304K)->0K(34304K) From: 608K(1024K)->608K(1024K)
[239.800s][info][gc,heap        ] GC(1500) ParOldGen: 6798K(349696K)->6798K(349696K)
[239.800s][info][gc,metaspace   ] GC(1500) Metaspace: 9956K(10368K)->9956K(10368K) NonClass: 8654K(8896K)->8654K(8896K) Class: 1302K(1472K)->1302K(1472K)
[239.800s][info][gc             ] GC(1500) Pause Young (Allocation Failure) 40M->7M(376M) 0.884ms
[239.800s][info][gc,cpu         ] GC(1500) User=0.00s Sys=0.00s Real=0.00s
[239.931s][info][gc,start       ] GC(1501) Pause Young (Allocation Failure)
[239.931s][info][gc,heap        ] GC(1501) PSYoungGen: 34912K(35328K)->608K(35328K) Eden: 34304K(34304K)->0K(34304K) From: 608K(1024K)->608K(1024K)
[239.931s][info][gc,heap        ] GC(1501) ParOldGen: 6798K(349696K)->6798K(349696K)
[239.931s][info][gc,metaspace   ] GC(1501) Metaspace: 9956K(10368K)->9956K(10368K) NonClass: 8654K(8896K)->8654K(8896K) Class: 1302K(1472K)->1302K(1472K)
[239.931s][info][gc             ] GC(1501) Pause Young (Allocation Failure) 40M->7M(376M) 0.827ms
[239.931s][info][gc,cpu         ] GC(1501) User=0.00s Sys=0.00s Real=0.00s
[240.072s][info][gc,start       ] GC(1502) Pause Young (Allocation Failure)
[240.073s][info][gc,heap        ] GC(1502) PSYoungGen: 34912K(35328K)->576K(35328K) Eden: 34304K(34304K)->0K(34304K) From: 608K(1024K)->576K(1024K)
[240.073s][info][gc,heap        ] GC(1502) ParOldGen: 6798K(349696K)->6798K(349696K)
[240.073s][info][gc,metaspace   ] GC(1502) Metaspace: 9956K(10368K)->9956K(10368K) NonClass: 8654K(8896K)->8654K(8896K) Class: 1302K(1472K)->1302K(1472K)
[240.073s][info][gc             ] GC(1502) Pause Young (Allocation Failure) 40M->7M(376M) 0.823ms
[240.073s][info][gc,cpu         ] GC(1502) User=0.00s Sys=0.00s Real=0.00s
[240.213s][info][gc,start       ] GC(1503) Pause Young (Allocation Failure)
[240.213s][info][gc,heap        ] GC(1503) PSYoungGen: 34880K(35328K)->608K(35328K) Eden: 34304K(34304K)->0K(34304K) From: 576K(1024K)->608K(1024K)
[240.213s][info][gc,heap        ] GC(1503) ParOldGen: 6798K(349696K)->6798K(349696K)
[240.213s][info][gc,metaspace   ] GC(1503) Metaspace: 9956K(10368K)->9956K(10368K) NonClass: 8654K(8896K)->8654K(8896K) Class: 1302K(1472K)->1302K(1472K)
[240.214s][info][gc             ] GC(1503) Pause Young (Allocation Failure) 40M->7M(376M) 0.889ms
[240.214s][info][gc,cpu         ] GC(1503) User=0.00s Sys=0.00s Real=0.00s
[240.357s][info][gc,start       ] GC(1504) Pause Young (Allocation Failure)
[240.358s][info][gc,heap        ] GC(1504) PSYoungGen: 34912K(35328K)->576K(35328K) Eden: 34304K(34304K)->0K(34304K) From: 608K(1024K)->576K(1024K)
[240.358s][info][gc,heap        ] GC(1504) ParOldGen: 6798K(349696K)->6798K(349696K)
[240.358s][info][gc,metaspace   ] GC(1504) Metaspace: 9956K(10368K)->9956K(10368K) NonClass: 8654K(8896K)->8654K(8896K) Class: 1302K(1472K)->1302K(1472K)
[240.358s][info][gc             ] GC(1504) Pause Young (Allocation Failure) 40M->7M(376M) 0.835ms
[240.358s][info][gc,cpu         ] GC(1504) User=0.00s Sys=0.00s Real=0.00s
[240.496s][info][gc,start       ] GC(1505) Pause Young (Allocation Failure)
[240.497s][info][gc,heap        ] GC(1505) PSYoungGen: 34880K(35328K)->576K(35328K) Eden: 34304K(34304K)->0K(34304K) From: 576K(1024K)->576K(1024K)
[240.497s][info][gc,heap        ] GC(1505) ParOldGen: 6798K(349696K)->6798K(349696K)
[240.497s][info][gc,metaspace   ] GC(1505) Metaspace: 9956K(10368K)->9956K(10368K) NonClass: 8654K(8896K)->8654K(8896K) Class: 1302K(1472K)->1302K(1472K)
[240.497s][info][gc             ] GC(1505) Pause Young (Allocation Failure) 40M->7M(376M) 0.835ms
[240.497s][info][gc,cpu         ] GC(1505) User=0.00s Sys=0.00s Real=0.00s
[240.639s][info][gc,start       ] GC(1506) Pause Young (Allocation Failure)
[240.640s][info][gc,heap        ] GC(1506) PSYoungGen: 34880K(35328K)->576K(35328K) Eden: 34304K(34304K)->0K(34304K) From: 576K(1024K)->576K(1024K)
[240.640s][info][gc,heap        ] GC(1506) ParOldGen: 6798K(349696K)->6798K(349696K)
[240.640s][info][gc,metaspace   ] GC(1506) Metaspace: 9956K(10368K)->9956K(10368K) NonClass: 8654K(8896K)->8654K(8896K) Class: 1302K(1472K)->1302K(1472K)
[240.640s][info][gc             ] GC(1506) Pause Young (Allocation Failure) 40M->7M(376M) 0.859ms
[240.640s][info][gc,cpu         ] GC(1506) User=0.00s Sys=0.00s Real=0.00s
[240.778s][info][gc,start       ] GC(1507) Pause Young (Allocation Failure)
[240.779s][info][gc,heap        ] GC(1507) PSYoungGen: 34880K(35328K)->576K(35328K) Eden: 34304K(34304K)->0K(34304K) From: 576K(1024K)->576K(1024K)
[240.779s][info][gc,heap        ] GC(1507) ParOldGen: 6798K(349696K)->6798K(349696K)
[240.779s][info][gc,metaspace   ] GC(1507) Metaspace: 9956K(10368K)->9956K(10368K) NonClass: 8654K(8896K)->8654K(8896K) Class: 1302K(1472K)->1302K(1472K)
[240.779s][info][gc             ] GC(1507) Pause Young (Allocation Failure) 40M->7M(376M) 0.834ms
[240.779s][info][gc,cpu         ] GC(1507) User=0.00s Sys=0.00s Real=0.00s
[240.921s][info][gc,start       ] GC(1508) Pause Young (Allocation Failure)
[240.922s][info][gc,heap        ] GC(1508) PSYoungGen: 34880K(35328K)->544K(35328K) Eden: 34304K(34304K)->0K(34304K) From: 576K(1024K)->544K(1024K)
[240.922s][info][gc,heap        ] GC(1508) ParOldGen: 6798K(349696K)->6798K(349696K)
[240.922s][info][gc,metaspace   ] GC(1508) Metaspace: 9956K(10368K)->9956K(10368K) NonClass: 8654K(8896K)->8654K(8896K) Class: 1302K(1472K)->1302K(1472K)
[240.922s][info][gc             ] GC(1508) Pause Young (Allocation Failure) 40M->7M(376M) 0.836ms
[240.922s][info][gc,cpu         ] GC(1508) User=0.00s Sys=0.00s Real=0.00s
[241.063s][info][gc,start       ] GC(1509) Pause Young (Allocation Failure)
[241.064s][info][gc,heap        ] GC(1509) PSYoungGen: 34848K(35328K)->576K(35328K) Eden: 34304K(34304K)->0K(34304K) From: 544K(1024K)->576K(1024K)
[241.064s][info][gc,heap        ] GC(1509) ParOldGen: 6798K(349696K)->6798K(349696K)
[241.064s][info][gc,metaspace   ] GC(1509) Metaspace: 9956K(10368K)->9956K(10368K) NonClass: 8654K(8896K)->8654K(8896K) Class: 1302K(1472K)->1302K(1472K)
[241.064s][info][gc             ] GC(1509) Pause Young (Allocation Failure) 40M->7M(376M) 0.843ms
[241.064s][info][gc,cpu         ] GC(1509) User=0.00s Sys=0.00s Real=0.00s
[241.202s][info][gc,start       ] GC(1510) Pause Young (Allocation Failure)
[241.203s][info][gc,heap        ] GC(1510) PSYoungGen: 34880K(35328K)->576K(35328K) Eden: 34304K(34304K)->0K(34304K) From: 576K(1024K)->576K(1024K)
[241.203s][info][gc,heap        ] GC(1510) ParOldGen: 6798K(349696K)->6798K(349696K)
[241.203s][info][gc,metaspace   ] GC(1510) Metaspace: 9956K(10368K)->9956K(10368K) NonClass: 8654K(8896K)->8654K(8896K) Class: 1302K(1472K)->1302K(1472K)
[241.203s][info][gc             ] GC(1510) Pause Young (Allocation Failure) 40M->7M(376M) 0.848ms
[241.203s][info][gc,cpu         ] GC(1510) User=0.00s Sys=0.00s Real=0.00s
[241.340s][info][gc,start       ] GC(1511) Pause Young (Allocation Failure)
[241.341s][info][gc,heap        ] GC(1511) PSYoungGen: 34880K(35328K)->576K(35328K) Eden: 34304K(34304K)->0K(34304K) From: 576K(1024K)->576K(1024K)
[241.341s][info][gc,heap        ] GC(1511) ParOldGen: 6798K(349696K)->6798K(349696K)
[241.341s][info][gc,metaspace   ] GC(1511) Metaspace: 9956K(10368K)->9956K(10368K) NonClass: 8654K(8896K)->8654K(8896K) Class: 1302K(1472K)->1302K(1472K)
[241.341s][info][gc             ] GC(1511) Pause Young (Allocation Failure) 40M->7M(376M) 0.852ms
[241.341s][info][gc,cpu         ] GC(1511) User=0.00s Sys=0.00s Real=0.00s
[241.472s][info][gc,start       ] GC(1512) Pause Young (Allocation Failure)
[241.473s][info][gc,heap        ] GC(1512) PSYoungGen: 34880K(35328K)->576K(35328K) Eden: 34304K(34304K)->0K(34304K) From: 576K(1024K)->576K(1024K)
[241.473s][info][gc,heap        ] GC(1512) ParOldGen: 6798K(349696K)->6798K(349696K)
[241.473s][info][gc,metaspace   ] GC(1512) Metaspace: 9956K(10368K)->9956K(10368K) NonClass: 8654K(8896K)->8654K(8896K) Class: 1302K(1472K)->1302K(1472K)
[241.473s][info][gc             ] GC(1512) Pause Young (Allocation Failure) 40M->7M(376M) 0.830ms
[241.473s][info][gc,cpu         ] GC(1512) User=0.00s Sys=0.00s Real=0.00s
[241.619s][info][gc,start       ] GC(1513) Pause Young (Allocation Failure)
[241.620s][info][gc,heap        ] GC(1513) PSYoungGen: 34880K(35328K)->576K(35328K) Eden: 34304K(34304K)->0K(34304K) From: 576K(1024K)->576K(1024K)
[241.620s][info][gc,heap        ] GC(1513) ParOldGen: 6798K(349696K)->6806K(349696K)
[241.620s][info][gc,metaspace   ] GC(1513) Metaspace: 9956K(10368K)->9956K(10368K) NonClass: 8654K(8896K)->8654K(8896K) Class: 1302K(1472K)->1302K(1472K)
[241.620s][info][gc             ] GC(1513) Pause Young (Allocation Failure) 40M->7M(376M) 0.927ms
[241.620s][info][gc,cpu         ] GC(1513) User=0.00s Sys=0.00s Real=0.00s
[241.765s][info][gc,start       ] GC(1514) Pause Young (Allocation Failure)
[241.766s][info][gc,heap        ] GC(1514) PSYoungGen: 34880K(35328K)->576K(35328K) Eden: 34304K(34304K)->0K(34304K) From: 576K(1024K)->576K(1024K)
[241.766s][info][gc,heap        ] GC(1514) ParOldGen: 6806K(349696K)->6806K(349696K)
[241.766s][info][gc,metaspace   ] GC(1514) Metaspace: 9956K(10368K)->9956K(10368K) NonClass: 8654K(8896K)->8654K(8896K) Class: 1302K(1472K)->1302K(1472K)
[241.766s][info][gc             ] GC(1514) Pause Young (Allocation Failure) 40M->7M(376M) 0.879ms
[241.766s][info][gc,cpu         ] GC(1514) User=0.00s Sys=0.00s Real=0.00s
[241.911s][info][gc,start       ] GC(1515) Pause Young (Allocation Failure)
[241.912s][info][gc,heap        ] GC(1515) PSYoungGen: 34880K(35328K)->576K(35328K) Eden: 34304K(34304K)->0K(34304K) From: 576K(1024K)->576K(1024K)
[241.912s][info][gc,heap        ] GC(1515) ParOldGen: 6806K(349696K)->6806K(349696K)
[241.912s][info][gc,metaspace   ] GC(1515) Metaspace: 9956K(10368K)->9956K(10368K) NonClass: 8654K(8896K)->8654K(8896K) Class: 1302K(1472K)->1302K(1472K)
[241.912s][info][gc             ] GC(1515) Pause Young (Allocation Failure) 40M->7M(376M) 0.907ms
[241.912s][info][gc,cpu         ] GC(1515) User=0.00s Sys=0.00s Real=0.00s
[242.053s][info][gc,start       ] GC(1516) Pause Young (Allocation Failure)
[242.054s][info][gc,heap        ] GC(1516) PSYoungGen: 34880K(35328K)->608K(35328K) Eden: 34304K(34304K)->0K(34304K) From: 576K(1024K)->608K(1024K)
[242.054s][info][gc,heap        ] GC(1516) ParOldGen: 6806K(349696K)->6806K(349696K)
[242.054s][info][gc,metaspace   ] GC(1516) Metaspace: 9956K(10368K)->9956K(10368K) NonClass: 8654K(8896K)->8654K(8896K) Class: 1302K(1472K)->1302K(1472K)
[242.054s][info][gc             ] GC(1516) Pause Young (Allocation Failure) 40M->7M(376M) 0.910ms
[242.054s][info][gc,cpu         ] GC(1516) User=0.00s Sys=0.00s Real=0.00s
[242.201s][info][gc,start       ] GC(1517) Pause Young (Allocation Failure)
[242.202s][info][gc,heap        ] GC(1517) PSYoungGen: 34912K(35328K)->608K(35328K) Eden: 34304K(34304K)->0K(34304K) From: 608K(1024K)->608K(1024K)
[242.202s][info][gc,heap        ] GC(1517) ParOldGen: 6806K(349696K)->6806K(349696K)
[242.202s][info][gc,metaspace   ] GC(1517) Metaspace: 9956K(10368K)->9956K(10368K) NonClass: 8654K(8896K)->8654K(8896K) Class: 1302K(1472K)->1302K(1472K)
[242.202s][info][gc             ] GC(1517) Pause Young (Allocation Failure) 40M->7M(376M) 0.859ms
[242.202s][info][gc,cpu         ] GC(1517) User=0.00s Sys=0.00s Real=0.00s
[242.342s][info][gc,start       ] GC(1518) Pause Young (Allocation Failure)
[242.343s][info][gc,heap        ] GC(1518) PSYoungGen: 34912K(35328K)->608K(35328K) Eden: 34304K(34304K)->0K(34304K) From: 608K(1024K)->608K(1024K)
[242.343s][info][gc,heap        ] GC(1518) ParOldGen: 6806K(349696K)->6806K(349696K)
[242.343s][info][gc,metaspace   ] GC(1518) Metaspace: 9956K(10368K)->9956K(10368K) NonClass: 8654K(8896K)->8654K(8896K) Class: 1302K(1472K)->1302K(1472K)
[242.343s][info][gc             ] GC(1518) Pause Young (Allocation Failure) 40M->7M(376M) 0.895ms
[242.343s][info][gc,cpu         ] GC(1518) User=0.00s Sys=0.00s Real=0.00s
[242.484s][info][gc,start       ] GC(1519) Pause Young (Allocation Failure)
[242.485s][info][gc,heap        ] GC(1519) PSYoungGen: 34912K(35328K)->544K(35328K) Eden: 34304K(34304K)->0K(34304K) From: 608K(1024K)->544K(1024K)
[242.485s][info][gc,heap        ] GC(1519) ParOldGen: 6806K(349696K)->6814K(349696K)
[242.485s][info][gc,metaspace   ] GC(1519) Metaspace: 9956K(10368K)->9956K(10368K) NonClass: 8654K(8896K)->8654K(8896K) Class: 1302K(1472K)->1302K(1472K)
[242.485s][info][gc             ] GC(1519) Pause Young (Allocation Failure) 40M->7M(376M) 0.876ms
[242.485s][info][gc,cpu         ] GC(1519) User=0.00s Sys=0.00s Real=0.00s
[242.625s][info][gc,start       ] GC(1520) Pause Young (Allocation Failure)
[242.626s][info][gc,heap        ] GC(1520) PSYoungGen: 34848K(35328K)->576K(35328K) Eden: 34304K(34304K)->0K(34304K) From: 544K(1024K)->576K(1024K)
[242.626s][info][gc,heap        ] GC(1520) ParOldGen: 6814K(349696K)->6814K(349696K)
[242.626s][info][gc,metaspace   ] GC(1520) Metaspace: 9956K(10368K)->9956K(10368K) NonClass: 8654K(8896K)->8654K(8896K) Class: 1302K(1472K)->1302K(1472K)
[242.626s][info][gc             ] GC(1520) Pause Young (Allocation Failure) 40M->7M(376M) 0.860ms
[242.626s][info][gc,cpu         ] GC(1520) User=0.00s Sys=0.00s Real=0.00s
[242.773s][info][gc,start       ] GC(1521) Pause Young (Allocation Failure)
[242.774s][info][gc,heap        ] GC(1521) PSYoungGen: 34880K(35328K)->736K(35328K) Eden: 34304K(34304K)->0K(34304K) From: 576K(1024K)->736K(1024K)
[242.774s][info][gc,heap        ] GC(1521) ParOldGen: 6814K(349696K)->6854K(349696K)
[242.774s][info][gc,metaspace   ] GC(1521) Metaspace: 9956K(10368K)->9956K(10368K) NonClass: 8654K(8896K)->8654K(8896K) Class: 1302K(1472K)->1302K(1472K)
[242.774s][info][gc             ] GC(1521) Pause Young (Allocation Failure) 40M->7M(376M) 0.954ms
[242.774s][info][gc,cpu         ] GC(1521) User=0.00s Sys=0.00s Real=0.00s
[242.912s][info][gc,start       ] GC(1522) Pause Young (Allocation Failure)
[242.913s][info][gc,heap        ] GC(1522) PSYoungGen: 35040K(35328K)->736K(35328K) Eden: 34304K(34304K)->0K(34304K) From: 736K(1024K)->736K(1024K)
[242.913s][info][gc,heap        ] GC(1522) ParOldGen: 6854K(349696K)->7102K(349696K)
[242.913s][info][gc,metaspace   ] GC(1522) Metaspace: 9956K(10368K)->9956K(10368K) NonClass: 8654K(8896K)->8654K(8896K) Class: 1302K(1472K)->1302K(1472K)
[242.913s][info][gc             ] GC(1522) Pause Young (Allocation Failure) 40M->7M(376M) 1.084ms
[242.913s][info][gc,cpu         ] GC(1522) User=0.00s Sys=0.00s Real=0.00s
[243.049s][info][gc,start       ] GC(1523) Pause Young (Allocation Failure)
[243.050s][info][gc,heap        ] GC(1523) PSYoungGen: 35040K(35328K)->608K(35328K) Eden: 34304K(34304K)->0K(34304K) From: 736K(1024K)->608K(1024K)
[243.050s][info][gc,heap        ] GC(1523) ParOldGen: 7102K(349696K)->7318K(349696K)
[243.050s][info][gc,metaspace   ] GC(1523) Metaspace: 9956K(10368K)->9956K(10368K) NonClass: 8654K(8896K)->8654K(8896K) Class: 1302K(1472K)->1302K(1472K)
[243.050s][info][gc             ] GC(1523) Pause Young (Allocation Failure) 41M->7M(376M) 0.993ms
[243.050s][info][gc,cpu         ] GC(1523) User=0.00s Sys=0.00s Real=0.00s
[243.184s][info][gc,start       ] GC(1524) Pause Young (System.gc())
[243.185s][info][gc,heap        ] GC(1524) PSYoungGen: 33674K(35328K)->576K(35328K) Eden: 33066K(34304K)->0K(34304K) From: 608K(1024K)->576K(1024K)
[243.185s][info][gc,heap        ] GC(1524) ParOldGen: 7318K(349696K)->7318K(349696K)
[243.185s][info][gc,metaspace   ] GC(1524) Metaspace: 9956K(10368K)->9956K(10368K) NonClass: 8654K(8896K)->8654K(8896K) Class: 1302K(1472K)->1302K(1472K)
[243.185s][info][gc             ] GC(1524) Pause Young (System.gc()) 40M->7M(376M) 0.767ms
[243.185s][info][gc,cpu         ] GC(1524) User=0.00s Sys=0.00s Real=0.00s
[243.185s][info][gc,start       ] GC(1525) Pause Full (System.gc())
[243.185s][info][gc,phases,start] GC(1525) Marking Phase
[243.200s][info][gc,phases      ] GC(1525) Marking Phase 14.397ms
[243.200s][info][gc,phases,start] GC(1525) Summary Phase
[243.200s][info][gc,phases      ] GC(1525) Summary Phase 0.031ms
[243.200s][info][gc,phases,start] GC(1525) Adjust Roots
[243.204s][info][gc,phases      ] GC(1525) Adjust Roots 3.909ms
[243.204s][info][gc,phases,start] GC(1525) Compaction Phase
[243.207s][info][gc,phases      ] GC(1525) Compaction Phase 2.964ms
[243.207s][info][gc,phases,start] GC(1525) Post Compact
[243.207s][info][gc,phases      ] GC(1525) Post Compact 0.275ms
[243.207s][info][gc,heap        ] GC(1525) PSYoungGen: 576K(35328K)->0K(35328K) Eden: 0K(34304K)->0K(34304K) From: 576K(1024K)->0K(1024K)
[243.207s][info][gc,heap        ] GC(1525) ParOldGen: 7318K(349696K)->4078K(349696K)
[243.207s][info][gc,metaspace   ] GC(1525) Metaspace: 9956K(10368K)->9956K(10368K) NonClass: 8654K(8896K)->8654K(8896K) Class: 1302K(1472K)->1302K(1472K)
[243.207s][info][gc             ] GC(1525) Pause Full (System.gc()) 7M->3M(376M) 21.916ms
[243.207s][info][gc,cpu         ] GC(1525) User=0.02s Sys=0.00s Real=0.01s
[243.345s][info][gc,start       ] GC(1526) Pause Young (Allocation Failure)
[243.346s][info][gc,heap        ] GC(1526) PSYoungGen: 34304K(35328K)->1024K(35328K) Eden: 34304K(34304K)->0K(34304K) From: 0K(1024K)->1024K(1024K)
[243.346s][info][gc,heap        ] GC(1526) ParOldGen: 4078K(349696K)->4350K(349696K)
[243.346s][info][gc,metaspace   ] GC(1526) Metaspace: 9957K(10368K)->9957K(10368K) NonClass: 8654K(8896K)->8654K(8896K) Class: 1302K(1472K)->1302K(1472K)
[243.346s][info][gc             ] GC(1526) Pause Young (Allocation Failure) 37M->5M(376M) 1.438ms
[243.346s][info][gc,cpu         ] GC(1526) User=0.00s Sys=0.00s Real=0.00s
[243.484s][info][gc,start       ] GC(1527) Pause Young (Allocation Failure)
[243.486s][info][gc,heap        ] GC(1527) PSYoungGen: 35328K(35328K)->1024K(35328K) Eden: 34304K(34304K)->0K(34304K) From: 1024K(1024K)->1024K(1024K)
[243.486s][info][gc,heap        ] GC(1527) ParOldGen: 4350K(349696K)->4742K(349696K)
[243.486s][info][gc,metaspace   ] GC(1527) Metaspace: 9957K(10368K)->9957K(10368K) NonClass: 8654K(8896K)->8654K(8896K) Class: 1302K(1472K)->1302K(1472K)
[243.486s][info][gc             ] GC(1527) Pause Young (Allocation Failure) 38M->5M(376M) 1.524ms
[243.486s][info][gc,cpu         ] GC(1527) User=0.00s Sys=0.00s Real=0.00s
[243.628s][info][gc,start       ] GC(1528) Pause Young (Allocation Failure)
[243.629s][info][gc,heap        ] GC(1528) PSYoungGen: 35328K(35328K)->640K(35840K) Eden: 34304K(34304K)->0K(34304K) From: 1024K(1024K)->640K(1536K)
[243.629s][info][gc,heap        ] GC(1528) ParOldGen: 4742K(349696K)->5310K(349696K)
[243.629s][info][gc,metaspace   ] GC(1528) Metaspace: 9957K(10368K)->9957K(10368K) NonClass: 8654K(8896K)->8654K(8896K) Class: 1302K(1472K)->1302K(1472K)
[243.629s][info][gc             ] GC(1528) Pause Young (Allocation Failure) 39M->5M(376M) 1.381ms
[243.629s][info][gc,cpu         ] GC(1528) User=0.00s Sys=0.00s Real=0.00s
[243.771s][info][gc,start       ] GC(1529) Pause Young (Allocation Failure)
[243.772s][info][gc,heap        ] GC(1529) PSYoungGen: 34944K(35840K)->576K(35840K) Eden: 34304K(34304K)->0K(34304K) From: 640K(1536K)->576K(1536K)
[243.772s][info][gc,heap        ] GC(1529) ParOldGen: 5310K(349696K)->5310K(349696K)
[243.772s][info][gc,metaspace   ] GC(1529) Metaspace: 9957K(10368K)->9957K(10368K) NonClass: 8654K(8896K)->8654K(8896K) Class: 1302K(1472K)->1302K(1472K)
[243.772s][info][gc             ] GC(1529) Pause Young (Allocation Failure) 39M->5M(376M) 0.841ms
[243.772s][info][gc,cpu         ] GC(1529) User=0.00s Sys=0.00s Real=0.00s
[243.912s][info][gc,start       ] GC(1530) Pause Young (Allocation Failure)
[243.913s][info][gc,heap        ] GC(1530) PSYoungGen: 34879K(35840K)->800K(35840K) Eden: 34303K(34304K)->0K(34304K) From: 576K(1536K)->800K(1536K)
[243.913s][info][gc,heap        ] GC(1530) ParOldGen: 5310K(349696K)->5406K(349696K)
[243.913s][info][gc,metaspace   ] GC(1530) Metaspace: 9957K(10368K)->9957K(10368K) NonClass: 8654K(8896K)->8654K(8896K) Class: 1302K(1472K)->1302K(1472K)
[243.913s][info][gc             ] GC(1530) Pause Young (Allocation Failure) 39M->6M(376M) 0.983ms
[243.913s][info][gc,cpu         ] GC(1530) User=0.00s Sys=0.00s Real=0.00s
[244.050s][info][gc,start       ] GC(1531) Pause Young (Allocation Failure)
[244.051s][info][gc,heap        ] GC(1531) PSYoungGen: 35104K(35840K)->768K(35840K) Eden: 34304K(34304K)->0K(34304K) From: 800K(1536K)->768K(1536K)
[244.051s][info][gc,heap        ] GC(1531) ParOldGen: 5406K(349696K)->5454K(349696K)
[244.051s][info][gc,metaspace   ] GC(1531) Metaspace: 9957K(10368K)->9957K(10368K) NonClass: 8654K(8896K)->8654K(8896K) Class: 1302K(1472K)->1302K(1472K)
[244.051s][info][gc             ] GC(1531) Pause Young (Allocation Failure) 39M->6M(376M) 0.937ms
[244.051s][info][gc,cpu         ] GC(1531) User=0.00s Sys=0.00s Real=0.00s
[244.186s][info][gc,start       ] GC(1532) Pause Young (Allocation Failure)
[244.187s][info][gc,heap        ] GC(1532) PSYoungGen: 35072K(35840K)->704K(35840K) Eden: 34304K(34304K)->0K(34304K) From: 768K(1536K)->704K(1536K)
[244.187s][info][gc,heap        ] GC(1532) ParOldGen: 5454K(349696K)->5678K(349696K)
[244.187s][info][gc,metaspace   ] GC(1532) Metaspace: 9957K(10368K)->9957K(10368K) NonClass: 8654K(8896K)->8654K(8896K) Class: 1302K(1472K)->1302K(1472K)
[244.187s][info][gc             ] GC(1532) Pause Young (Allocation Failure) 39M->6M(376M) 1.066ms
[244.187s][info][gc,cpu         ] GC(1532) User=0.00s Sys=0.00s Real=0.00s
[244.331s][info][gc,start       ] GC(1533) Pause Young (Allocation Failure)
[244.332s][info][gc,heap        ] GC(1533) PSYoungGen: 35008K(35840K)->736K(35840K) Eden: 34304K(34304K)->0K(34304K) From: 704K(1536K)->736K(1536K)
[244.332s][info][gc,heap        ] GC(1533) ParOldGen: 5678K(349696K)->5854K(349696K)
[244.332s][info][gc,metaspace   ] GC(1533) Metaspace: 9957K(10368K)->9957K(10368K) NonClass: 8654K(8896K)->8654K(8896K) Class: 1302K(1472K)->1302K(1472K)
[244.332s][info][gc             ] GC(1533) Pause Young (Allocation Failure) 39M->6M(376M) 0.995ms
[244.332s][info][gc,cpu         ] GC(1533) User=0.00s Sys=0.00s Real=0.00s
[244.469s][info][gc,start       ] GC(1534) Pause Young (Allocation Failure)
[244.470s][info][gc,heap        ] GC(1534) PSYoungGen: 35040K(35840K)->576K(35840K) Eden: 34304K(34304K)->0K(34304K) From: 736K(1536K)->576K(1536K)
[244.470s][info][gc,heap        ] GC(1534) ParOldGen: 5854K(349696K)->5854K(349696K)
[244.470s][info][gc,metaspace   ] GC(1534) Metaspace: 9957K(10368K)->9957K(10368K) NonClass: 8654K(8896K)->8654K(8896K) Class: 1302K(1472K)->1302K(1472K)
[244.470s][info][gc             ] GC(1534) Pause Young (Allocation Failure) 39M->6M(376M) 0.841ms
[244.470s][info][gc,cpu         ] GC(1534) User=0.00s Sys=0.00s Real=0.00s
[244.607s][info][gc,start       ] GC(1535) Pause Young (Allocation Failure)
[244.607s][info][gc,heap        ] GC(1535) PSYoungGen: 34880K(35840K)->576K(35840K) Eden: 34304K(34304K)->0K(34304K) From: 576K(1536K)->576K(1536K)
[244.607s][info][gc,heap        ] GC(1535) ParOldGen: 5854K(349696K)->5854K(349696K)
[244.607s][info][gc,metaspace   ] GC(1535) Metaspace: 9957K(10368K)->9957K(10368K) NonClass: 8654K(8896K)->8654K(8896K) Class: 1302K(1472K)->1302K(1472K)
[244.607s][info][gc             ] GC(1535) Pause Young (Allocation Failure) 39M->6M(376M) 0.822ms
[244.607s][info][gc,cpu         ] GC(1535) User=0.00s Sys=0.00s Real=0.00s
[244.744s][info][gc,start       ] GC(1536) Pause Young (Allocation Failure)
[244.745s][info][gc,heap        ] GC(1536) PSYoungGen: 34880K(35840K)->576K(35840K) Eden: 34304K(34304K)->0K(34304K) From: 576K(1536K)->576K(1536K)
[244.745s][info][gc,heap        ] GC(1536) ParOldGen: 5854K(349696K)->5854K(349696K)
[244.745s][info][gc,metaspace   ] GC(1536) Metaspace: 9957K(10368K)->9957K(10368K) NonClass: 8654K(8896K)->8654K(8896K) Class: 1302K(1472K)->1302K(1472K)
[244.745s][info][gc             ] GC(1536) Pause Young (Allocation Failure) 39M->6M(376M) 0.810ms
[244.745s][info][gc,cpu         ] GC(1536) User=0.00s Sys=0.00s Real=0.00s
[244.882s][info][gc,start       ] GC(1537) Pause Young (Allocation Failure)
[244.882s][info][gc,heap        ] GC(1537) PSYoungGen: 34880K(35840K)->544K(35840K) Eden: 34304K(34304K)->0K(34304K) From: 576K(1536K)->544K(1536K)
[244.882s][info][gc,heap        ] GC(1537) ParOldGen: 5854K(349696K)->5854K(349696K)
[244.882s][info][gc,metaspace   ] GC(1537) Metaspace: 9957K(10368K)->9957K(10368K) NonClass: 8654K(8896K)->8654K(8896K) Class: 1302K(1472K)->1302K(1472K)
[244.882s][info][gc             ] GC(1537) Pause Young (Allocation Failure) 39M->6M(376M) 0.854ms
[244.883s][info][gc,cpu         ] GC(1537) User=0.00s Sys=0.00s Real=0.00s
[245.024s][info][gc,start       ] GC(1538) Pause Young (Allocation Failure)
[245.025s][info][gc,heap        ] GC(1538) PSYoungGen: 34848K(35840K)->832K(35840K) Eden: 34304K(34304K)->0K(34304K) From: 544K(1536K)->832K(1536K)
[245.025s][info][gc,heap        ] GC(1538) ParOldGen: 5854K(349696K)->5870K(349696K)
[245.025s][info][gc,metaspace   ] GC(1538) Metaspace: 9957K(10368K)->9957K(10368K) NonClass: 8654K(8896K)->8654K(8896K) Class: 1302K(1472K)->1302K(1472K)
[245.025s][info][gc             ] GC(1538) Pause Young (Allocation Failure) 39M->6M(376M) 0.940ms
[245.025s][info][gc,cpu         ] GC(1538) User=0.00s Sys=0.00s Real=0.00s
[245.157s][info][gc,start       ] GC(1539) Pause Young (Allocation Failure)
[245.158s][info][gc,heap        ] GC(1539) PSYoungGen: 35136K(35840K)->672K(35328K) Eden: 34304K(34304K)->0K(34304K) From: 832K(1536K)->672K(1024K)
[245.158s][info][gc,heap        ] GC(1539) ParOldGen: 5870K(349696K)->6126K(349696K)
[245.158s][info][gc,metaspace   ] GC(1539) Metaspace: 9957K(10368K)->9957K(10368K) NonClass: 8654K(8896K)->8654K(8896K) Class: 1302K(1472K)->1302K(1472K)
[245.158s][info][gc             ] GC(1539) Pause Young (Allocation Failure) 40M->6M(376M) 1.085ms
[245.158s][info][gc,cpu         ] GC(1539) User=0.00s Sys=0.00s Real=0.00s
[245.293s][info][gc,start       ] GC(1540) Pause Young (Allocation Failure)
[245.293s][info][gc,heap        ] GC(1540) PSYoungGen: 34976K(35328K)->576K(35328K) Eden: 34304K(34304K)->0K(34304K) From: 672K(1024K)->576K(1024K)
[245.293s][info][gc,heap        ] GC(1540) ParOldGen: 6126K(349696K)->6126K(349696K)
[245.293s][info][gc,metaspace   ] GC(1540) Metaspace: 9957K(10368K)->9957K(10368K) NonClass: 8654K(8896K)->8654K(8896K) Class: 1302K(1472K)->1302K(1472K)
[245.293s][info][gc             ] GC(1540) Pause Young (Allocation Failure) 40M->6M(376M) 0.805ms
[245.293s][info][gc,cpu         ] GC(1540) User=0.00s Sys=0.00s Real=0.00s
[245.433s][info][gc,start       ] GC(1541) Pause Young (Allocation Failure)
[245.434s][info][gc,heap        ] GC(1541) PSYoungGen: 34880K(35328K)->864K(35328K) Eden: 34304K(34304K)->0K(34304K) From: 576K(1024K)->864K(1024K)
[245.434s][info][gc,heap        ] GC(1541) ParOldGen: 6126K(349696K)->6158K(349696K)
[245.434s][info][gc,metaspace   ] GC(1541) Metaspace: 9957K(10368K)->9957K(10368K) NonClass: 8654K(8896K)->8654K(8896K) Class: 1302K(1472K)->1302K(1472K)
[245.434s][info][gc             ] GC(1541) Pause Young (Allocation Failure) 40M->6M(376M) 1.001ms
[245.434s][info][gc,cpu         ] GC(1541) User=0.00s Sys=0.00s Real=0.00s
[245.572s][info][gc,start       ] GC(1542) Pause Young (Allocation Failure)
[245.572s][info][gc,heap        ] GC(1542) PSYoungGen: 35168K(35328K)->576K(35840K) Eden: 34304K(34304K)->0K(34304K) From: 864K(1024K)->576K(1536K)
[245.572s][info][gc,heap        ] GC(1542) ParOldGen: 6158K(349696K)->6358K(349696K)
[245.572s][info][gc,metaspace   ] GC(1542) Metaspace: 9957K(10368K)->9957K(10368K) NonClass: 8654K(8896K)->8654K(8896K) Class: 1302K(1472K)->1302K(1472K)
[245.573s][info][gc             ] GC(1542) Pause Young (Allocation Failure) 40M->6M(376M) 0.898ms
[245.573s][info][gc,cpu         ] GC(1542) User=0.00s Sys=0.00s Real=0.00s
[245.712s][info][gc,start       ] GC(1543) Pause Young (Allocation Failure)
[245.713s][info][gc,heap        ] GC(1543) PSYoungGen: 34880K(35840K)->576K(35328K) Eden: 34304K(34304K)->0K(34304K) From: 576K(1536K)->576K(1024K)
[245.713s][info][gc,heap        ] GC(1543) ParOldGen: 6358K(349696K)->6366K(349696K)
[245.713s][info][gc,metaspace   ] GC(1543) Metaspace: 9957K(10368K)->9957K(10368K) NonClass: 8654K(8896K)->8654K(8896K) Class: 1302K(1472K)->1302K(1472K)
[245.713s][info][gc             ] GC(1543) Pause Young (Allocation Failure) 40M->6M(376M) 0.892ms
[245.713s][info][gc,cpu         ] GC(1543) User=0.00s Sys=0.00s Real=0.00s
[245.850s][info][gc,start       ] GC(1544) Pause Young (Allocation Failure)
[245.851s][info][gc,heap        ] GC(1544) PSYoungGen: 34880K(35328K)->576K(35328K) Eden: 34304K(34304K)->0K(34304K) From: 576K(1024K)->576K(1024K)
[245.851s][info][gc,heap        ] GC(1544) ParOldGen: 6366K(349696K)->6366K(349696K)
[245.851s][info][gc,metaspace   ] GC(1544) Metaspace: 9957K(10368K)->9957K(10368K) NonClass: 8654K(8896K)->8654K(8896K) Class: 1302K(1472K)->1302K(1472K)
[245.851s][info][gc             ] GC(1544) Pause Young (Allocation Failure) 40M->6M(376M) 0.910ms
[245.851s][info][gc,cpu         ] GC(1544) User=0.00s Sys=0.00s Real=0.00s
[245.992s][info][gc,start       ] GC(1545) Pause Young (Allocation Failure)
[245.993s][info][gc,heap        ] GC(1545) PSYoungGen: 34880K(35328K)->896K(35328K) Eden: 34304K(34304K)->0K(34304K) From: 576K(1024K)->896K(1024K)
[245.993s][info][gc,heap        ] GC(1545) ParOldGen: 6366K(349696K)->6390K(349696K)
[245.993s][info][gc,metaspace   ] GC(1545) Metaspace: 9957K(10368K)->9957K(10368K) NonClass: 8654K(8896K)->8654K(8896K) Class: 1302K(1472K)->1302K(1472K)
[245.993s][info][gc             ] GC(1545) Pause Young (Allocation Failure) 40M->7M(376M) 1.023ms
[245.993s][info][gc,cpu         ] GC(1545) User=0.00s Sys=0.00s Real=0.00s
[246.132s][info][gc,start       ] GC(1546) Pause Young (Allocation Failure)
[246.133s][info][gc,heap        ] GC(1546) PSYoungGen: 35200K(35328K)->608K(35328K) Eden: 34304K(34304K)->0K(34304K) From: 896K(1024K)->608K(1024K)
[246.133s][info][gc,heap        ] GC(1546) ParOldGen: 6390K(349696K)->6670K(349696K)
[246.133s][info][gc,metaspace   ] GC(1546) Metaspace: 9957K(10368K)->9957K(10368K) NonClass: 8654K(8896K)->8654K(8896K) Class: 1302K(1472K)->1302K(1472K)
[246.133s][info][gc             ] GC(1546) Pause Young (Allocation Failure) 40M->7M(376M) 1.030ms
[246.133s][info][gc,cpu         ] GC(1546) User=0.00s Sys=0.00s Real=0.00s
[246.265s][info][gc,start       ] GC(1547) Pause Young (Allocation Failure)
[246.266s][info][gc,heap        ] GC(1547) PSYoungGen: 34912K(35328K)->672K(35328K) Eden: 34304K(34304K)->0K(34304K) From: 608K(1024K)->672K(1024K)
[246.266s][info][gc,heap        ] GC(1547) ParOldGen: 6670K(349696K)->6678K(349696K)
[246.266s][info][gc,metaspace   ] GC(1547) Metaspace: 9957K(10368K)->9957K(10368K) NonClass: 8654K(8896K)->8654K(8896K) Class: 1302K(1472K)->1302K(1472K)
[246.266s][info][gc             ] GC(1547) Pause Young (Allocation Failure) 40M->7M(376M) 0.888ms
[246.266s][info][gc,cpu         ] GC(1547) User=0.00s Sys=0.00s Real=0.00s
[246.406s][info][gc,start       ] GC(1548) Pause Young (Allocation Failure)
[246.407s][info][gc,heap        ] GC(1548) PSYoungGen: 34976K(35328K)->576K(35328K) Eden: 34304K(34304K)->0K(34304K) From: 672K(1024K)->576K(1024K)
[246.407s][info][gc,heap        ] GC(1548) ParOldGen: 6678K(349696K)->6678K(349696K)
[246.407s][info][gc,metaspace   ] GC(1548) Metaspace: 9957K(10368K)->9957K(10368K) NonClass: 8654K(8896K)->8654K(8896K) Class: 1302K(1472K)->1302K(1472K)
[246.407s][info][gc             ] GC(1548) Pause Young (Allocation Failure) 40M->7M(376M) 0.852ms
[246.407s][info][gc,cpu         ] GC(1548) User=0.00s Sys=0.00s Real=0.00s
[246.544s][info][gc,start       ] GC(1549) Pause Young (Allocation Failure)
[246.545s][info][gc,heap        ] GC(1549) PSYoungGen: 34880K(35328K)->576K(35328K) Eden: 34304K(34304K)->0K(34304K) From: 576K(1024K)->576K(1024K)
[246.545s][info][gc,heap        ] GC(1549) ParOldGen: 6678K(349696K)->6702K(349696K)
[246.545s][info][gc,metaspace   ] GC(1549) Metaspace: 9957K(10368K)->9957K(10368K) NonClass: 8654K(8896K)->8654K(8896K) Class: 1302K(1472K)->1302K(1472K)
[246.545s][info][gc             ] GC(1549) Pause Young (Allocation Failure) 40M->7M(376M) 0.907ms
[246.545s][info][gc,cpu         ] GC(1549) User=0.00s Sys=0.00s Real=0.00s
[246.691s][info][gc,start       ] GC(1550) Pause Young (Allocation Failure)
[246.691s][info][gc,heap        ] GC(1550) PSYoungGen: 34880K(35328K)->576K(35328K) Eden: 34304K(34304K)->0K(34304K) From: 576K(1024K)->576K(1024K)
[246.691s][info][gc,heap        ] GC(1550) ParOldGen: 6702K(349696K)->6702K(349696K)
[246.691s][info][gc,metaspace   ] GC(1550) Metaspace: 9957K(10368K)->9957K(10368K) NonClass: 8654K(8896K)->8654K(8896K) Class: 1302K(1472K)->1302K(1472K)
[246.691s][info][gc             ] GC(1550) Pause Young (Allocation Failure) 40M->7M(376M) 0.860ms
[246.691s][info][gc,cpu         ] GC(1550) User=0.00s Sys=0.00s Real=0.00s
[246.830s][info][gc,start       ] GC(1551) Pause Young (Allocation Failure)
[246.831s][info][gc,heap        ] GC(1551) PSYoungGen: 34880K(35328K)->576K(35328K) Eden: 34304K(34304K)->0K(34304K) From: 576K(1024K)->576K(1024K)
[246.831s][info][gc,heap        ] GC(1551) ParOldGen: 6702K(349696K)->6702K(349696K)
[246.831s][info][gc,metaspace   ] GC(1551) Metaspace: 9957K(10368K)->9957K(10368K) NonClass: 8654K(8896K)->8654K(8896K) Class: 1302K(1472K)->1302K(1472K)
[246.831s][info][gc             ] GC(1551) Pause Young (Allocation Failure) 40M->7M(376M) 0.849ms
[246.831s][info][gc,cpu         ] GC(1551) User=0.00s Sys=0.00s Real=0.00s
[246.969s][info][gc,start       ] GC(1552) Pause Young (Allocation Failure)
[246.970s][info][gc,heap        ] GC(1552) PSYoungGen: 34880K(35328K)->832K(35328K) Eden: 34304K(34304K)->0K(34304K) From: 576K(1024K)->832K(1024K)
[246.970s][info][gc,heap        ] GC(1552) ParOldGen: 6702K(349696K)->6726K(349696K)
[246.970s][info][gc,metaspace   ] GC(1552) Metaspace: 9957K(10368K)->9957K(10368K) NonClass: 8654K(8896K)->8654K(8896K) Class: 1302K(1472K)->1302K(1472K)
[246.970s][info][gc             ] GC(1552) Pause Young (Allocation Failure) 40M->7M(376M) 0.937ms
[246.970s][info][gc,cpu         ] GC(1552) User=0.00s Sys=0.00s Real=0.00s
[247.110s][info][gc,start       ] GC(1553) Pause Young (Allocation Failure)
[247.111s][info][gc,heap        ] GC(1553) PSYoungGen: 35136K(35328K)->608K(35328K) Eden: 34304K(34304K)->0K(34304K) From: 832K(1024K)->608K(1024K)
[247.111s][info][gc,heap        ] GC(1553) ParOldGen: 6726K(349696K)->6966K(349696K)
[247.111s][info][gc,metaspace   ] GC(1553) Metaspace: 9957K(10368K)->9957K(10368K) NonClass: 8654K(8896K)->8654K(8896K) Class: 1302K(1472K)->1302K(1472K)
[247.111s][info][gc             ] GC(1553) Pause Young (Allocation Failure) 40M->7M(376M) 1.061ms
[247.112s][info][gc,cpu         ] GC(1553) User=0.00s Sys=0.00s Real=0.00s
[247.248s][info][gc,start       ] GC(1554) Pause Young (Allocation Failure)
[247.249s][info][gc,heap        ] GC(1554) PSYoungGen: 34912K(35328K)->576K(35328K) Eden: 34304K(34304K)->0K(34304K) From: 608K(1024K)->576K(1024K)
[247.249s][info][gc,heap        ] GC(1554) ParOldGen: 6966K(349696K)->6966K(349696K)
[247.249s][info][gc,metaspace   ] GC(1554) Metaspace: 9957K(10368K)->9957K(10368K) NonClass: 8654K(8896K)->8654K(8896K) Class: 1302K(1472K)->1302K(1472K)
[247.249s][info][gc             ] GC(1554) Pause Young (Allocation Failure) 40M->7M(376M) 0.846ms
[247.249s][info][gc,cpu         ] GC(1554) User=0.00s Sys=0.00s Real=0.00s
[247.389s][info][gc,start       ] GC(1555) Pause Young (Allocation Failure)
[247.389s][info][gc,heap        ] GC(1555) PSYoungGen: 34880K(35328K)->576K(35328K) Eden: 34304K(34304K)->0K(34304K) From: 576K(1024K)->576K(1024K)
[247.389s][info][gc,heap        ] GC(1555) ParOldGen: 6966K(349696K)->6966K(349696K)
[247.389s][info][gc,metaspace   ] GC(1555) Metaspace: 9957K(10368K)->9957K(10368K) NonClass: 8654K(8896K)->8654K(8896K) Class: 1302K(1472K)->1302K(1472K)
[247.389s][info][gc             ] GC(1555) Pause Young (Allocation Failure) 40M->7M(376M) 0.838ms
[247.390s][info][gc,cpu         ] GC(1555) User=0.00s Sys=0.00s Real=0.00s
[247.525s][info][gc,start       ] GC(1556) Pause Young (Allocation Failure)
[247.526s][info][gc,heap        ] GC(1556) PSYoungGen: 34880K(35328K)->576K(35328K) Eden: 34304K(34304K)->0K(34304K) From: 576K(1024K)->576K(1024K)
[247.526s][info][gc,heap        ] GC(1556) ParOldGen: 6966K(349696K)->6966K(349696K)
[247.526s][info][gc,metaspace   ] GC(1556) Metaspace: 9957K(10368K)->9957K(10368K) NonClass: 8654K(8896K)->8654K(8896K) Class: 1302K(1472K)->1302K(1472K)
[247.526s][info][gc             ] GC(1556) Pause Young (Allocation Failure) 40M->7M(376M) 0.829ms
[247.526s][info][gc,cpu         ] GC(1556) User=0.00s Sys=0.00s Real=0.00s
[247.666s][info][gc,start       ] GC(1557) Pause Young (Allocation Failure)
[247.667s][info][gc,heap        ] GC(1557) PSYoungGen: 34880K(35328K)->608K(35328K) Eden: 34304K(34304K)->0K(34304K) From: 576K(1024K)->608K(1024K)
[247.667s][info][gc,heap        ] GC(1557) ParOldGen: 6966K(349696K)->6966K(349696K)
[247.667s][info][gc,metaspace   ] GC(1557) Metaspace: 9957K(10368K)->9957K(10368K) NonClass: 8654K(8896K)->8654K(8896K) Class: 1302K(1472K)->1302K(1472K)
[247.667s][info][gc             ] GC(1557) Pause Young (Allocation Failure) 40M->7M(376M) 0.873ms
[247.667s][info][gc,cpu         ] GC(1557) User=0.00s Sys=0.00s Real=0.00s
[247.805s][info][gc,start       ] GC(1558) Pause Young (Allocation Failure)
[247.806s][info][gc,heap        ] GC(1558) PSYoungGen: 34912K(35328K)->704K(35328K) Eden: 34304K(34304K)->0K(34304K) From: 608K(1024K)->704K(1024K)
[247.806s][info][gc,heap        ] GC(1558) ParOldGen: 6966K(349696K)->6998K(349696K)
[247.806s][info][gc,metaspace   ] GC(1558) Metaspace: 9957K(10368K)->9957K(10368K) NonClass: 8654K(8896K)->8654K(8896K) Class: 1302K(1472K)->1302K(1472K)
[247.806s][info][gc             ] GC(1558) Pause Young (Allocation Failure) 40M->7M(376M) 0.937ms
[247.806s][info][gc,cpu         ] GC(1558) User=0.00s Sys=0.00s Real=0.00s
[247.938s][info][gc,start       ] GC(1559) Pause Young (Allocation Failure)
[247.939s][info][gc,heap        ] GC(1559) PSYoungGen: 35008K(35328K)->640K(35328K) Eden: 34304K(34304K)->0K(34304K) From: 704K(1024K)->640K(1024K)
[247.939s][info][gc,heap        ] GC(1559) ParOldGen: 6998K(349696K)->7230K(349696K)
[247.939s][info][gc,metaspace   ] GC(1559) Metaspace: 9957K(10368K)->9957K(10368K) NonClass: 8654K(8896K)->8654K(8896K) Class: 1302K(1472K)->1302K(1472K)
[247.939s][info][gc             ] GC(1559) Pause Young (Allocation Failure) 41M->7M(376M) 1.000ms
[247.939s][info][gc,cpu         ] GC(1559) User=0.00s Sys=0.00s Real=0.00s
[248.083s][info][gc,start       ] GC(1560) Pause Young (Allocation Failure)
[248.084s][info][gc,heap        ] GC(1560) PSYoungGen: 34944K(35328K)->576K(35328K) Eden: 34304K(34304K)->0K(34304K) From: 640K(1024K)->576K(1024K)
[248.084s][info][gc,heap        ] GC(1560) ParOldGen: 7230K(349696K)->7230K(349696K)
[248.084s][info][gc,metaspace   ] GC(1560) Metaspace: 9957K(10368K)->9957K(10368K) NonClass: 8654K(8896K)->8654K(8896K) Class: 1302K(1472K)->1302K(1472K)
[248.084s][info][gc             ] GC(1560) Pause Young (Allocation Failure) 41M->7M(376M) 0.876ms
[248.084s][info][gc,cpu         ] GC(1560) User=0.00s Sys=0.00s Real=0.00s
[248.221s][info][gc,start       ] GC(1561) Pause Young (Allocation Failure)
[248.221s][info][gc,heap        ] GC(1561) PSYoungGen: 34880K(35328K)->608K(35328K) Eden: 34304K(34304K)->0K(34304K) From: 576K(1024K)->608K(1024K)
[248.221s][info][gc,heap        ] GC(1561) ParOldGen: 7230K(349696K)->7238K(349696K)
[248.221s][info][gc,metaspace   ] GC(1561) Metaspace: 9957K(10368K)->9957K(10368K) NonClass: 8654K(8896K)->8654K(8896K) Class: 1302K(1472K)->1302K(1472K)
[248.221s][info][gc             ] GC(1561) Pause Young (Allocation Failure) 41M->7M(376M) 0.853ms
[248.221s][info][gc,cpu         ] GC(1561) User=0.00s Sys=0.00s Real=0.00s
[248.363s][info][gc,start       ] GC(1562) Pause Young (Allocation Failure)
[248.364s][info][gc,heap        ] GC(1562) PSYoungGen: 34912K(35328K)->736K(35328K) Eden: 34304K(34304K)->0K(34304K) From: 608K(1024K)->736K(1024K)
[248.364s][info][gc,heap        ] GC(1562) ParOldGen: 7238K(349696K)->7254K(349696K)
[248.364s][info][gc,metaspace   ] GC(1562) Metaspace: 9957K(10368K)->9957K(10368K) NonClass: 8654K(8896K)->8654K(8896K) Class: 1302K(1472K)->1302K(1472K)
[248.364s][info][gc             ] GC(1562) Pause Young (Allocation Failure) 41M->7M(376M) 0.941ms
[248.364s][info][gc,cpu         ] GC(1562) User=0.00s Sys=0.00s Real=0.00s
[248.504s][info][gc,start       ] GC(1563) Pause Young (Allocation Failure)
[248.505s][info][gc,heap        ] GC(1563) PSYoungGen: 35040K(35328K)->480K(35328K) Eden: 34304K(34304K)->0K(34304K) From: 736K(1024K)->480K(1024K)
[248.505s][info][gc,heap        ] GC(1563) ParOldGen: 7254K(349696K)->7494K(349696K)
[248.505s][info][gc,metaspace   ] GC(1563) Metaspace: 9957K(10368K)->9957K(10368K) NonClass: 8654K(8896K)->8654K(8896K) Class: 1302K(1472K)->1302K(1472K)
[248.505s][info][gc             ] GC(1563) Pause Young (Allocation Failure) 41M->7M(376M) 0.994ms
[248.505s][info][gc,cpu         ] GC(1563) User=0.00s Sys=0.00s Real=0.00s
[248.645s][info][gc,start       ] GC(1564) Pause Young (Allocation Failure)
[248.645s][info][gc,heap        ] GC(1564) PSYoungGen: 34784K(35328K)->576K(35328K) Eden: 34304K(34304K)->0K(34304K) From: 480K(1024K)->576K(1024K)
[248.645s][info][gc,heap        ] GC(1564) ParOldGen: 7494K(349696K)->7502K(349696K)
[248.645s][info][gc,metaspace   ] GC(1564) Metaspace: 9957K(10368K)->9957K(10368K) NonClass: 8654K(8896K)->8654K(8896K) Class: 1302K(1472K)->1302K(1472K)
[248.646s][info][gc             ] GC(1564) Pause Young (Allocation Failure) 41M->7M(376M) 0.847ms
[248.646s][info][gc,cpu         ] GC(1564) User=0.00s Sys=0.00s Real=0.00s
[248.788s][info][gc,start       ] GC(1565) Pause Young (Allocation Failure)
[248.788s][info][gc,heap        ] GC(1565) PSYoungGen: 34880K(35328K)->608K(35328K) Eden: 34304K(34304K)->0K(34304K) From: 576K(1024K)->608K(1024K)
[248.788s][info][gc,heap        ] GC(1565) ParOldGen: 7502K(349696K)->7510K(349696K)
[248.788s][info][gc,metaspace   ] GC(1565) Metaspace: 9957K(10368K)->9957K(10368K) NonClass: 8654K(8896K)->8654K(8896K) Class: 1302K(1472K)->1302K(1472K)
[248.789s][info][gc             ] GC(1565) Pause Young (Allocation Failure) 41M->7M(376M) 0.882ms
[248.789s][info][gc,cpu         ] GC(1565) User=0.00s Sys=0.00s Real=0.00s
[248.921s][info][gc,start       ] GC(1566) Pause Young (Allocation Failure)
[248.922s][info][gc,heap        ] GC(1566) PSYoungGen: 34912K(35328K)->576K(35328K) Eden: 34304K(34304K)->0K(34304K) From: 608K(1024K)->576K(1024K)
[248.922s][info][gc,heap        ] GC(1566) ParOldGen: 7510K(349696K)->7510K(349696K)
[248.922s][info][gc,metaspace   ] GC(1566) Metaspace: 9957K(10368K)->9957K(10368K) NonClass: 8654K(8896K)->8654K(8896K) Class: 1302K(1472K)->1302K(1472K)
[248.922s][info][gc             ] GC(1566) Pause Young (Allocation Failure) 41M->7M(376M) 0.858ms
[248.922s][info][gc,cpu         ] GC(1566) User=0.00s Sys=0.00s Real=0.00s
[249.056s][info][gc,start       ] GC(1567) Pause Young (Allocation Failure)
[249.057s][info][gc,heap        ] GC(1567) PSYoungGen: 34880K(35328K)->576K(35328K) Eden: 34304K(34304K)->0K(34304K) From: 576K(1024K)->576K(1024K)
[249.057s][info][gc,heap        ] GC(1567) ParOldGen: 7510K(349696K)->7510K(349696K)
[249.057s][info][gc,metaspace   ] GC(1567) Metaspace: 9957K(10368K)->9957K(10368K) NonClass: 8654K(8896K)->8654K(8896K) Class: 1302K(1472K)->1302K(1472K)
[249.057s][info][gc             ] GC(1567) Pause Young (Allocation Failure) 41M->7M(376M) 0.836ms
[249.057s][info][gc,cpu         ] GC(1567) User=0.00s Sys=0.00s Real=0.00s
[249.194s][info][gc,start       ] GC(1568) Pause Young (Allocation Failure)
[249.195s][info][gc,heap        ] GC(1568) PSYoungGen: 34880K(35328K)->768K(35328K) Eden: 34304K(34304K)->0K(34304K) From: 576K(1024K)->768K(1024K)
[249.195s][info][gc,heap        ] GC(1568) ParOldGen: 7510K(349696K)->7558K(349696K)
[249.195s][info][gc,metaspace   ] GC(1568) Metaspace: 9957K(10368K)->9957K(10368K) NonClass: 8654K(8896K)->8654K(8896K) Class: 1302K(1472K)->1302K(1472K)
[249.195s][info][gc             ] GC(1568) Pause Young (Allocation Failure) 41M->8M(376M) 0.900ms
[249.195s][info][gc,cpu         ] GC(1568) User=0.00s Sys=0.00s Real=0.00s
[249.333s][info][gc,start       ] GC(1569) Pause Young (Allocation Failure)
[249.334s][info][gc,heap        ] GC(1569) PSYoungGen: 35072K(35328K)->544K(35328K) Eden: 34304K(34304K)->0K(34304K) From: 768K(1024K)->544K(1024K)
[249.334s][info][gc,heap        ] GC(1569) ParOldGen: 7558K(349696K)->7774K(349696K)
[249.334s][info][gc,metaspace   ] GC(1569) Metaspace: 9957K(10368K)->9957K(10368K) NonClass: 8654K(8896K)->8654K(8896K) Class: 1302K(1472K)->1302K(1472K)
[249.334s][info][gc             ] GC(1569) Pause Young (Allocation Failure) 41M->8M(376M) 0.948ms
[249.334s][info][gc,cpu         ] GC(1569) User=0.00s Sys=0.00s Real=0.00s
[249.466s][info][gc,start       ] GC(1570) Pause Young (Allocation Failure)
[249.467s][info][gc,heap        ] GC(1570) PSYoungGen: 34848K(35328K)->576K(35328K) Eden: 34304K(34304K)->0K(34304K) From: 544K(1024K)->576K(1024K)
[249.467s][info][gc,heap        ] GC(1570) ParOldGen: 7774K(349696K)->7782K(349696K)
[249.467s][info][gc,metaspace   ] GC(1570) Metaspace: 9957K(10368K)->9957K(10368K) NonClass: 8654K(8896K)->8654K(8896K) Class: 1302K(1472K)->1302K(1472K)
[249.467s][info][gc             ] GC(1570) Pause Young (Allocation Failure) 41M->8M(376M) 0.800ms
[249.467s][info][gc,cpu         ] GC(1570) User=0.00s Sys=0.00s Real=0.00s
[249.614s][info][gc,start       ] GC(1571) Pause Young (Allocation Failure)
[249.614s][info][gc,heap        ] GC(1571) PSYoungGen: 34880K(35328K)->608K(35328K) Eden: 34304K(34304K)->0K(34304K) From: 576K(1024K)->608K(1024K)
[249.614s][info][gc,heap        ] GC(1571) ParOldGen: 7782K(349696K)->7782K(349696K)
[249.614s][info][gc,metaspace   ] GC(1571) Metaspace: 9957K(10368K)->9957K(10368K) NonClass: 8654K(8896K)->8654K(8896K) Class: 1302K(1472K)->1302K(1472K)
[249.614s][info][gc             ] GC(1571) Pause Young (Allocation Failure) 41M->8M(376M) 0.859ms
[249.614s][info][gc,cpu         ] GC(1571) User=0.00s Sys=0.00s Real=0.00s
[249.758s][info][gc,start       ] GC(1572) Pause Young (Allocation Failure)
[249.759s][info][gc,heap        ] GC(1572) PSYoungGen: 34912K(35328K)->640K(35328K) Eden: 34304K(34304K)->0K(34304K) From: 608K(1024K)->640K(1024K)
[249.759s][info][gc,heap        ] GC(1572) ParOldGen: 7782K(349696K)->7782K(349696K)
[249.759s][info][gc,metaspace   ] GC(1572) Metaspace: 9957K(10368K)->9957K(10368K) NonClass: 8654K(8896K)->8654K(8896K) Class: 1302K(1472K)->1302K(1472K)
[249.759s][info][gc             ] GC(1572) Pause Young (Allocation Failure) 41M->8M(376M) 0.850ms
[249.759s][info][gc,cpu         ] GC(1572) User=0.00s Sys=0.00s Real=0.00s
[249.894s][info][gc,start       ] GC(1573) Pause Young (Allocation Failure)
[249.895s][info][gc,heap        ] GC(1573) PSYoungGen: 34944K(35328K)->576K(35328K) Eden: 34304K(34304K)->0K(34304K) From: 640K(1024K)->576K(1024K)
[249.895s][info][gc,heap        ] GC(1573) ParOldGen: 7782K(349696K)->7790K(349696K)
[249.895s][info][gc,metaspace   ] GC(1573) Metaspace: 9957K(10368K)->9957K(10368K) NonClass: 8654K(8896K)->8654K(8896K) Class: 1302K(1472K)->1302K(1472K)
[249.895s][info][gc             ] GC(1573) Pause Young (Allocation Failure) 41M->8M(376M) 0.827ms
[249.895s][info][gc,cpu         ] GC(1573) User=0.00s Sys=0.00s Real=0.00s
[249.915s][info][gc,start       ] GC(1574) Pause Young (System.gc())
[249.916s][info][gc,heap        ] GC(1574) PSYoungGen: 4538K(35328K)->384K(35328K) Eden: 3962K(34304K)->0K(34304K) From: 576K(1024K)->384K(1024K)
[249.916s][info][gc,heap        ] GC(1574) ParOldGen: 7790K(349696K)->7934K(349696K)
[249.916s][info][gc,metaspace   ] GC(1574) Metaspace: 9957K(10368K)->9957K(10368K) NonClass: 8654K(8896K)->8654K(8896K) Class: 1302K(1472K)->1302K(1472K)
[249.916s][info][gc             ] GC(1574) Pause Young (System.gc()) 12M->8M(376M) 0.694ms
[249.916s][info][gc,cpu         ] GC(1574) User=0.00s Sys=0.00s Real=0.00s
[249.916s][info][gc,start       ] GC(1575) Pause Full (System.gc())
[249.916s][info][gc,phases,start] GC(1575) Marking Phase
[249.929s][info][gc,phases      ] GC(1575) Marking Phase 13.462ms
[249.929s][info][gc,phases,start] GC(1575) Summary Phase
[249.930s][info][gc,phases      ] GC(1575) Summary Phase 0.031ms
[249.930s][info][gc,phases,start] GC(1575) Adjust Roots
[249.933s][info][gc,phases      ] GC(1575) Adjust Roots 3.956ms
[249.934s][info][gc,phases,start] GC(1575) Compaction Phase
[249.937s][info][gc,phases      ] GC(1575) Compaction Phase 3.005ms
[249.937s][info][gc,phases,start] GC(1575) Post Compact
[249.937s][info][gc,phases      ] GC(1575) Post Compact 0.280ms
[249.937s][info][gc,heap        ] GC(1575) PSYoungGen: 384K(35328K)->0K(35328K) Eden: 0K(34304K)->0K(34304K) From: 384K(1024K)->0K(1024K)
[249.937s][info][gc,heap        ] GC(1575) ParOldGen: 7934K(349696K)->4078K(349696K)
[249.937s][info][gc,metaspace   ] GC(1575) Metaspace: 9957K(10368K)->9957K(10368K) NonClass: 8654K(8896K)->8654K(8896K) Class: 1302K(1472K)->1302K(1472K)
[249.937s][info][gc             ] GC(1575) Pause Full (System.gc()) 8M->3M(376M) 21.090ms
[249.937s][info][gc,cpu         ] GC(1575) User=0.14s Sys=0.02s Real=0.03s
[250.079s][info][gc,start       ] GC(1576) Pause Young (Allocation Failure)
[250.081s][info][gc,heap        ] GC(1576) PSYoungGen: 34304K(35328K)->1024K(35328K) Eden: 34304K(34304K)->0K(34304K) From: 0K(1024K)->1024K(1024K)
[250.081s][info][gc,heap        ] GC(1576) ParOldGen: 4078K(349696K)->4262K(349696K)
[250.081s][info][gc,metaspace   ] GC(1576) Metaspace: 9957K(10368K)->9957K(10368K) NonClass: 8654K(8896K)->8654K(8896K) Class: 1302K(1472K)->1302K(1472K)
[250.081s][info][gc             ] GC(1576) Pause Young (Allocation Failure) 37M->5M(376M) 1.376ms
[250.081s][info][gc,cpu         ] GC(1576) User=0.00s Sys=0.00s Real=0.00s
[250.224s][info][gc,start       ] GC(1577) Pause Young (Allocation Failure)
[250.225s][info][gc,heap        ] GC(1577) PSYoungGen: 35328K(35328K)->1024K(34816K) Eden: 34304K(34304K)->0K(33792K) From: 1024K(1024K)->1024K(1024K)
[250.225s][info][gc,heap        ] GC(1577) ParOldGen: 4262K(349696K)->4622K(349696K)
[250.225s][info][gc,metaspace   ] GC(1577) Metaspace: 9957K(10368K)->9957K(10368K) NonClass: 8654K(8896K)->8654K(8896K) Class: 1302K(1472K)->1302K(1472K)
[250.225s][info][gc             ] GC(1577) Pause Young (Allocation Failure) 38M->5M(375M) 1.375ms
[250.225s][info][gc,cpu         ] GC(1577) User=0.00s Sys=0.00s Real=0.00s
[250.368s][info][gc,start       ] GC(1578) Pause Young (Allocation Failure)
[250.369s][info][gc,heap        ] GC(1578) PSYoungGen: 34816K(34816K)->544K(35328K) Eden: 33792K(33792K)->0K(33792K) From: 1024K(1024K)->544K(1536K)
[250.369s][info][gc,heap        ] GC(1578) ParOldGen: 4622K(349696K)->5134K(349696K)
[250.369s][info][gc,metaspace   ] GC(1578) Metaspace: 9957K(10368K)->9957K(10368K) NonClass: 8654K(8896K)->8654K(8896K) Class: 1302K(1472K)->1302K(1472K)
[250.369s][info][gc             ] GC(1578) Pause Young (Allocation Failure) 38M->5M(376M) 1.335ms
[250.369s][info][gc,cpu         ] GC(1578) User=0.00s Sys=0.00s Real=0.00s
[250.506s][info][gc,start       ] GC(1579) Pause Young (Allocation Failure)
[250.506s][info][gc,heap        ] GC(1579) PSYoungGen: 34336K(35328K)->800K(35328K) Eden: 33792K(33792K)->0K(33792K) From: 544K(1536K)->800K(1536K)
[250.506s][info][gc,heap        ] GC(1579) ParOldGen: 5134K(349696K)->5190K(349696K)
[250.507s][info][gc,metaspace   ] GC(1579) Metaspace: 9957K(10368K)->9957K(10368K) NonClass: 8654K(8896K)->8654K(8896K) Class: 1302K(1472K)->1302K(1472K)
[250.507s][info][gc             ] GC(1579) Pause Young (Allocation Failure) 38M->5M(376M) 0.965ms
[250.507s][info][gc,cpu         ] GC(1579) User=0.00s Sys=0.00s Real=0.00s
[250.639s][info][gc,start       ] GC(1580) Pause Young (Allocation Failure)
[250.640s][info][gc,heap        ] GC(1580) PSYoungGen: 34591K(35328K)->576K(35328K) Eden: 33791K(33792K)->0K(33792K) From: 800K(1536K)->576K(1536K)
[250.640s][info][gc,heap        ] GC(1580) ParOldGen: 5190K(349696K)->5374K(349696K)
[250.640s][info][gc,metaspace   ] GC(1580) Metaspace: 9957K(10368K)->9957K(10368K) NonClass: 8654K(8896K)->8654K(8896K) Class: 1302K(1472K)->1302K(1472K)
[250.640s][info][gc             ] GC(1580) Pause Young (Allocation Failure) 38M->5M(376M) 0.944ms
[250.640s][info][gc,cpu         ] GC(1580) User=0.00s Sys=0.00s Real=0.00s
[250.781s][info][gc,start       ] GC(1581) Pause Young (Allocation Failure)
[250.782s][info][gc,heap        ] GC(1581) PSYoungGen: 34368K(35328K)->576K(35328K) Eden: 33792K(33792K)->0K(33792K) From: 576K(1536K)->576K(1536K)
[250.782s][info][gc,heap        ] GC(1581) ParOldGen: 5374K(349696K)->5374K(349696K)
[250.782s][info][gc,metaspace   ] GC(1581) Metaspace: 9957K(10368K)->9957K(10368K) NonClass: 8654K(8896K)->8654K(8896K) Class: 1302K(1472K)->1302K(1472K)
[250.782s][info][gc             ] GC(1581) Pause Young (Allocation Failure) 38M->5M(376M) 0.942ms
[250.782s][info][gc,cpu         ] GC(1581) User=0.00s Sys=0.00s Real=0.00s
[250.921s][info][gc,start       ] GC(1582) Pause Young (Allocation Failure)
[250.921s][info][gc,heap        ] GC(1582) PSYoungGen: 34368K(35328K)->768K(35328K) Eden: 33792K(33792K)->0K(33792K) From: 576K(1536K)->768K(1536K)
[250.921s][info][gc,heap        ] GC(1582) ParOldGen: 5374K(349696K)->5374K(349696K)
[250.921s][info][gc,metaspace   ] GC(1582) Metaspace: 9957K(10368K)->9957K(10368K) NonClass: 8654K(8896K)->8654K(8896K) Class: 1302K(1472K)->1302K(1472K)
[250.922s][info][gc             ] GC(1582) Pause Young (Allocation Failure) 38M->5M(376M) 0.922ms
[250.922s][info][gc,cpu         ] GC(1582) User=0.00s Sys=0.00s Real=0.00s
[251.058s][info][gc,start       ] GC(1583) Pause Young (Allocation Failure)
[251.059s][info][gc,heap        ] GC(1583) PSYoungGen: 34560K(35328K)->672K(35328K) Eden: 33792K(33792K)->0K(33792K) From: 768K(1536K)->672K(1536K)
[251.059s][info][gc,heap        ] GC(1583) ParOldGen: 5374K(349696K)->5518K(349696K)
[251.059s][info][gc,metaspace   ] GC(1583) Metaspace: 9957K(10368K)->9957K(10368K) NonClass: 8654K(8896K)->8654K(8896K) Class: 1302K(1472K)->1302K(1472K)
[251.059s][info][gc             ] GC(1583) Pause Young (Allocation Failure) 38M->6M(376M) 0.969ms
[251.059s][info][gc,cpu         ] GC(1583) User=0.00s Sys=0.00s Real=0.00s
[251.195s][info][gc,start       ] GC(1584) Pause Young (Allocation Failure)
[251.195s][info][gc,heap        ] GC(1584) PSYoungGen: 34464K(35328K)->704K(35328K) Eden: 33792K(33792K)->0K(33792K) From: 672K(1536K)->704K(1536K)
[251.195s][info][gc,heap        ] GC(1584) ParOldGen: 5518K(349696K)->5566K(349696K)
[251.195s][info][gc,metaspace   ] GC(1584) Metaspace: 9957K(10368K)->9957K(10368K) NonClass: 8654K(8896K)->8654K(8896K) Class: 1302K(1472K)->1302K(1472K)
[251.195s][info][gc             ] GC(1584) Pause Young (Allocation Failure) 39M->6M(376M) 0.900ms
[251.196s][info][gc,cpu         ] GC(1584) User=0.00s Sys=0.00s Real=0.00s
[251.333s][info][gc,start       ] GC(1585) Pause Young (Allocation Failure)
[251.334s][info][gc,heap        ] GC(1585) PSYoungGen: 34496K(35328K)->576K(35328K) Eden: 33792K(33792K)->0K(33792K) From: 704K(1536K)->576K(1536K)
[251.334s][info][gc,heap        ] GC(1585) ParOldGen: 5566K(349696K)->5574K(349696K)
[251.334s][info][gc,metaspace   ] GC(1585) Metaspace: 9957K(10368K)->9957K(10368K) NonClass: 8654K(8896K)->8654K(8896K) Class: 1302K(1472K)->1302K(1472K)
[251.334s][info][gc             ] GC(1585) Pause Young (Allocation Failure) 39M->6M(376M) 0.887ms
[251.334s][info][gc,cpu         ] GC(1585) User=0.00s Sys=0.00s Real=0.00s
[251.465s][info][gc,start       ] GC(1586) Pause Young (Allocation Failure)
[251.466s][info][gc,heap        ] GC(1586) PSYoungGen: 34368K(35328K)->576K(35328K) Eden: 33792K(33792K)->0K(33792K) From: 576K(1536K)->576K(1536K)
[251.466s][info][gc,heap        ] GC(1586) ParOldGen: 5574K(349696K)->5574K(349696K)
[251.466s][info][gc,metaspace   ] GC(1586) Metaspace: 9957K(10368K)->9957K(10368K) NonClass: 8654K(8896K)->8654K(8896K) Class: 1302K(1472K)->1302K(1472K)
[251.466s][info][gc             ] GC(1586) Pause Young (Allocation Failure) 39M->6M(376M) 0.830ms
[251.466s][info][gc,cpu         ] GC(1586) User=0.00s Sys=0.00s Real=0.00s
[251.603s][info][gc,start       ] GC(1587) Pause Young (Allocation Failure)
[251.604s][info][gc,heap        ] GC(1587) PSYoungGen: 34368K(35328K)->576K(34816K) Eden: 33792K(33792K)->0K(33792K) From: 576K(1536K)->576K(1024K)
[251.604s][info][gc,heap        ] GC(1587) ParOldGen: 5574K(349696K)->5574K(349696K)
[251.604s][info][gc,metaspace   ] GC(1587) Metaspace: 9957K(10368K)->9957K(10368K) NonClass: 8654K(8896K)->8654K(8896K) Class: 1302K(1472K)->1302K(1472K)
[251.604s][info][gc             ] GC(1587) Pause Young (Allocation Failure) 39M->6M(375M) 0.893ms
[251.604s][info][gc,cpu         ] GC(1587) User=0.00s Sys=0.00s Real=0.00s
[251.736s][info][gc,start       ] GC(1588) Pause Young (Allocation Failure)
[251.737s][info][gc,heap        ] GC(1588) PSYoungGen: 34368K(34816K)->576K(34816K) Eden: 33792K(33792K)->0K(33792K) From: 576K(1024K)->576K(1024K)
[251.737s][info][gc,heap        ] GC(1588) ParOldGen: 5574K(349696K)->5574K(349696K)
[251.737s][info][gc,metaspace   ] GC(1588) Metaspace: 9957K(10368K)->9957K(10368K) NonClass: 8654K(8896K)->8654K(8896K) Class: 1302K(1472K)->1302K(1472K)
[251.737s][info][gc             ] GC(1588) Pause Young (Allocation Failure) 39M->6M(375M) 1.025ms
[251.737s][info][gc,cpu         ] GC(1588) User=0.00s Sys=0.00s Real=0.00s
[251.872s][info][gc,start       ] GC(1589) Pause Young (Allocation Failure)
[251.873s][info][gc,heap        ] GC(1589) PSYoungGen: 34368K(34816K)->512K(34304K) Eden: 33792K(33792K)->0K(33792K) From: 576K(1024K)->512K(512K)
[251.873s][info][gc,heap        ] GC(1589) ParOldGen: 5574K(349696K)->5598K(349696K)
[251.873s][info][gc,metaspace   ] GC(1589) Metaspace: 9957K(10368K)->9957K(10368K) NonClass: 8654K(8896K)->8654K(8896K) Class: 1302K(1472K)->1302K(1472K)
[251.873s][info][gc             ] GC(1589) Pause Young (Allocation Failure) 39M->5M(375M) 0.865ms
[251.873s][info][gc,cpu         ] GC(1589) User=0.00s Sys=0.00s Real=0.00s
[252.007s][info][gc,start       ] GC(1590) Pause Young (Allocation Failure)
[252.007s][info][gc,heap        ] GC(1590) PSYoungGen: 34304K(34304K)->576K(34816K) Eden: 33792K(33792K)->0K(33792K) From: 512K(512K)->576K(1024K)
[252.007s][info][gc,heap        ] GC(1590) ParOldGen: 5598K(349696K)->5766K(349696K)
[252.007s][info][gc,metaspace   ] GC(1590) Metaspace: 9957K(10368K)->9957K(10368K) NonClass: 8654K(8896K)->8654K(8896K) Class: 1302K(1472K)->1302K(1472K)
[252.007s][info][gc             ] GC(1590) Pause Young (Allocation Failure) 38M->6M(375M) 0.918ms
[252.007s][info][gc,cpu         ] GC(1590) User=0.00s Sys=0.00s Real=0.00s
[252.140s][info][gc,start       ] GC(1591) Pause Young (Allocation Failure)
[252.140s][info][gc,heap        ] GC(1591) PSYoungGen: 34368K(34816K)->768K(34816K) Eden: 33792K(33792K)->0K(33792K) From: 576K(1024K)->768K(1024K)
[252.140s][info][gc,heap        ] GC(1591) ParOldGen: 5766K(349696K)->5766K(349696K)
[252.140s][info][gc,metaspace   ] GC(1591) Metaspace: 9957K(10368K)->9957K(10368K) NonClass: 8654K(8896K)->8654K(8896K) Class: 1302K(1472K)->1302K(1472K)
[252.140s][info][gc             ] GC(1591) Pause Young (Allocation Failure) 39M->6M(375M) 0.945ms
[252.141s][info][gc,cpu         ] GC(1591) User=0.00s Sys=0.00s Real=0.00s
[252.277s][info][gc,start       ] GC(1592) Pause Young (Allocation Failure)
[252.278s][info][gc,heap        ] GC(1592) PSYoungGen: 34560K(34816K)->672K(34816K) Eden: 33792K(33792K)->0K(33792K) From: 768K(1024K)->672K(1024K)
[252.278s][info][gc,heap        ] GC(1592) ParOldGen: 5766K(349696K)->5966K(349696K)
[252.278s][info][gc,metaspace   ] GC(1592) Metaspace: 9957K(10368K)->9957K(10368K) NonClass: 8654K(8896K)->8654K(8896K) Class: 1302K(1472K)->1302K(1472K)
[252.278s][info][gc             ] GC(1592) Pause Young (Allocation Failure) 39M->6M(375M) 0.975ms
[252.279s][info][gc,cpu         ] GC(1592) User=0.00s Sys=0.00s Real=0.00s
[252.424s][info][gc,start       ] GC(1593) Pause Young (Allocation Failure)
[252.424s][info][gc,heap        ] GC(1593) PSYoungGen: 34464K(34816K)->576K(34816K) Eden: 33792K(33792K)->0K(33792K) From: 672K(1024K)->576K(1024K)
[252.424s][info][gc,heap        ] GC(1593) ParOldGen: 5966K(349696K)->5966K(349696K)
[252.424s][info][gc,metaspace   ] GC(1593) Metaspace: 9957K(10368K)->9957K(10368K) NonClass: 8654K(8896K)->8654K(8896K) Class: 1302K(1472K)->1302K(1472K)
[252.424s][info][gc             ] GC(1593) Pause Young (Allocation Failure) 39M->6M(375M) 0.838ms
[252.424s][info][gc,cpu         ] GC(1593) User=0.00s Sys=0.00s Real=0.00s
[252.561s][info][gc,start       ] GC(1594) Pause Young (Allocation Failure)
[252.561s][info][gc,heap        ] GC(1594) PSYoungGen: 34368K(34816K)->608K(34816K) Eden: 33792K(33792K)->0K(33792K) From: 576K(1024K)->608K(1024K)
[252.561s][info][gc,heap        ] GC(1594) ParOldGen: 5966K(349696K)->5966K(349696K)
[252.561s][info][gc,metaspace   ] GC(1594) Metaspace: 9957K(10368K)->9957K(10368K) NonClass: 8654K(8896K)->8654K(8896K) Class: 1302K(1472K)->1302K(1472K)
[252.562s][info][gc             ] GC(1594) Pause Young (Allocation Failure) 39M->6M(375M) 0.839ms
[252.562s][info][gc,cpu         ] GC(1594) User=0.00s Sys=0.00s Real=0.00s
[252.703s][info][gc,start       ] GC(1595) Pause Young (Allocation Failure)
[252.704s][info][gc,heap        ] GC(1595) PSYoungGen: 34400K(34816K)->672K(34816K) Eden: 33792K(33792K)->0K(33792K) From: 608K(1024K)->672K(1024K)
[252.704s][info][gc,heap        ] GC(1595) ParOldGen: 5966K(349696K)->5974K(349696K)
[252.704s][info][gc,metaspace   ] GC(1595) Metaspace: 9957K(10368K)->9957K(10368K) NonClass: 8654K(8896K)->8654K(8896K) Class: 1302K(1472K)->1302K(1472K)
[252.704s][info][gc             ] GC(1595) Pause Young (Allocation Failure) 39M->6M(375M) 0.891ms
[252.704s][info][gc,cpu         ] GC(1595) User=0.00s Sys=0.00s Real=0.00s
[252.842s][info][gc,start       ] GC(1596) Pause Young (Allocation Failure)
[252.842s][info][gc,heap        ] GC(1596) PSYoungGen: 34464K(34816K)->576K(34816K) Eden: 33792K(33792K)->0K(33792K) From: 672K(1024K)->576K(1024K)
[252.842s][info][gc,heap        ] GC(1596) ParOldGen: 5974K(349696K)->5974K(349696K)
[252.842s][info][gc,metaspace   ] GC(1596) Metaspace: 9957K(10368K)->9957K(10368K) NonClass: 8654K(8896K)->8654K(8896K) Class: 1302K(1472K)->1302K(1472K)
[252.842s][info][gc             ] GC(1596) Pause Young (Allocation Failure) 39M->6M(375M) 0.806ms
[252.842s][info][gc,cpu         ] GC(1596) User=0.00s Sys=0.00s Real=0.00s
[252.982s][info][gc,start       ] GC(1597) Pause Young (Allocation Failure)
[252.982s][info][gc,heap        ] GC(1597) PSYoungGen: 34368K(34816K)->608K(34816K) Eden: 33792K(33792K)->0K(33792K) From: 576K(1024K)->608K(1024K)
[252.982s][info][gc,heap        ] GC(1597) ParOldGen: 5974K(349696K)->5974K(349696K)
[252.982s][info][gc,metaspace   ] GC(1597) Metaspace: 9957K(10368K)->9957K(10368K) NonClass: 8654K(8896K)->8654K(8896K) Class: 1302K(1472K)->1302K(1472K)
[252.982s][info][gc             ] GC(1597) Pause Young (Allocation Failure) 39M->6M(375M) 0.872ms
[252.982s][info][gc,cpu         ] GC(1597) User=0.00s Sys=0.00s Real=0.00s
[253.129s][info][gc,start       ] GC(1598) Pause Young (Allocation Failure)
[253.130s][info][gc,heap        ] GC(1598) PSYoungGen: 34400K(34816K)->832K(34816K) Eden: 33792K(33792K)->0K(33792K) From: 608K(1024K)->832K(1024K)
[253.130s][info][gc,heap        ] GC(1598) ParOldGen: 5974K(349696K)->6022K(349696K)
[253.130s][info][gc,metaspace   ] GC(1598) Metaspace: 9957K(10368K)->9957K(10368K) NonClass: 8654K(8896K)->8654K(8896K) Class: 1302K(1472K)->1302K(1472K)
[253.130s][info][gc             ] GC(1598) Pause Young (Allocation Failure) 39M->6M(375M) 0.978ms
[253.130s][info][gc,cpu         ] GC(1598) User=0.00s Sys=0.00s Real=0.00s
[253.261s][info][gc,start       ] GC(1599) Pause Young (Allocation Failure)
[253.262s][info][gc,heap        ] GC(1599) PSYoungGen: 34624K(34816K)->640K(34816K) Eden: 33792K(33792K)->0K(33792K) From: 832K(1024K)->640K(1024K)
[253.262s][info][gc,heap        ] GC(1599) ParOldGen: 6022K(349696K)->6270K(349696K)
[253.262s][info][gc,metaspace   ] GC(1599) Metaspace: 9957K(10368K)->9957K(10368K) NonClass: 8654K(8896K)->8654K(8896K) Class: 1302K(1472K)->1302K(1472K)
[253.262s][info][gc             ] GC(1599) Pause Young (Allocation Failure) 39M->6M(375M) 1.050ms
[253.262s][info][gc,cpu         ] GC(1599) User=0.00s Sys=0.00s Real=0.00s
[253.395s][info][gc,start       ] GC(1600) Pause Young (Allocation Failure)
[253.396s][info][gc,heap        ] GC(1600) PSYoungGen: 34432K(34816K)->576K(34816K) Eden: 33792K(33792K)->0K(33792K) From: 640K(1024K)->576K(1024K)
[253.396s][info][gc,heap        ] GC(1600) ParOldGen: 6270K(349696K)->6270K(349696K)
[253.396s][info][gc,metaspace   ] GC(1600) Metaspace: 9957K(10368K)->9957K(10368K) NonClass: 8654K(8896K)->8654K(8896K) Class: 1302K(1472K)->1302K(1472K)
[253.396s][info][gc             ] GC(1600) Pause Young (Allocation Failure) 39M->6M(375M) 0.873ms
[253.396s][info][gc,cpu         ] GC(1600) User=0.00s Sys=0.00s Real=0.00s
[253.534s][info][gc,start       ] GC(1601) Pause Young (Allocation Failure)
[253.535s][info][gc,heap        ] GC(1601) PSYoungGen: 34368K(34816K)->576K(34816K) Eden: 33792K(33792K)->0K(33792K) From: 576K(1024K)->576K(1024K)
[253.535s][info][gc,heap        ] GC(1601) ParOldGen: 6270K(349696K)->6270K(349696K)
[253.535s][info][gc,metaspace   ] GC(1601) Metaspace: 9957K(10368K)->9957K(10368K) NonClass: 8654K(8896K)->8654K(8896K) Class: 1302K(1472K)->1302K(1472K)
[253.535s][info][gc             ] GC(1601) Pause Young (Allocation Failure) 39M->6M(375M) 0.830ms
[253.535s][info][gc,cpu         ] GC(1601) User=0.00s Sys=0.00s Real=0.00s
[253.672s][info][gc,start       ] GC(1602) Pause Young (Allocation Failure)
[253.672s][info][gc,heap        ] GC(1602) PSYoungGen: 34368K(34816K)->640K(34816K) Eden: 33792K(33792K)->0K(33792K) From: 576K(1024K)->640K(1024K)
[253.672s][info][gc,heap        ] GC(1602) ParOldGen: 6270K(349696K)->6270K(349696K)
[253.672s][info][gc,metaspace   ] GC(1602) Metaspace: 9957K(10368K)->9957K(10368K) NonClass: 8654K(8896K)->8654K(8896K) Class: 1302K(1472K)->1302K(1472K)
[253.673s][info][gc             ] GC(1602) Pause Young (Allocation Failure) 39M->6M(375M) 0.846ms
[253.673s][info][gc,cpu         ] GC(1602) User=0.00s Sys=0.00s Real=0.00s
[253.806s][info][gc,start       ] GC(1603) Pause Young (Allocation Failure)
[253.807s][info][gc,heap        ] GC(1603) PSYoungGen: 34432K(34816K)->576K(34816K) Eden: 33792K(33792K)->0K(33792K) From: 640K(1024K)->576K(1024K)
[253.807s][info][gc,heap        ] GC(1603) ParOldGen: 6270K(349696K)->6270K(349696K)
[253.807s][info][gc,metaspace   ] GC(1603) Metaspace: 9957K(10368K)->9957K(10368K) NonClass: 8654K(8896K)->8654K(8896K) Class: 1302K(1472K)->1302K(1472K)
[253.807s][info][gc             ] GC(1603) Pause Young (Allocation Failure) 39M->6M(375M) 0.829ms
[253.807s][info][gc,cpu         ] GC(1603) User=0.14s Sys=0.00s Real=0.02s
[253.951s][info][gc,start       ] GC(1604) Pause Young (Allocation Failure)
[253.952s][info][gc,heap        ] GC(1604) PSYoungGen: 34368K(34816K)->960K(34816K) Eden: 33792K(33792K)->0K(33792K) From: 576K(1024K)->960K(1024K)
[253.952s][info][gc,heap        ] GC(1604) ParOldGen: 6270K(349696K)->6278K(349696K)
[253.952s][info][gc,metaspace   ] GC(1604) Metaspace: 9957K(10368K)->9957K(10368K) NonClass: 8654K(8896K)->8654K(8896K) Class: 1302K(1472K)->1302K(1472K)
[253.952s][info][gc             ] GC(1604) Pause Young (Allocation Failure) 39M->7M(375M) 1.057ms
[253.952s][info][gc,cpu         ] GC(1604) User=0.00s Sys=0.00s Real=0.00s
[254.093s][info][gc,start       ] GC(1605) Pause Young (Allocation Failure)
[254.094s][info][gc,heap        ] GC(1605) PSYoungGen: 34752K(34816K)->608K(34816K) Eden: 33792K(33792K)->0K(33792K) From: 960K(1024K)->608K(1024K)
[254.094s][info][gc,heap        ] GC(1605) ParOldGen: 6278K(349696K)->6646K(349696K)
[254.094s][info][gc,metaspace   ] GC(1605) Metaspace: 9957K(10368K)->9957K(10368K) NonClass: 8654K(8896K)->8654K(8896K) Class: 1302K(1472K)->1302K(1472K)
[254.094s][info][gc             ] GC(1605) Pause Young (Allocation Failure) 40M->7M(375M) 1.178ms
[254.094s][info][gc,cpu         ] GC(1605) User=0.00s Sys=0.00s Real=0.00s
[254.233s][info][gc,start       ] GC(1606) Pause Young (Allocation Failure)
[254.237s][info][gc,heap        ] GC(1606) PSYoungGen: 34400K(34816K)->576K(34816K) Eden: 33792K(33792K)->0K(33792K) From: 608K(1024K)->576K(1024K)
[254.237s][info][gc,heap        ] GC(1606) ParOldGen: 6646K(349696K)->6654K(349696K)
[254.237s][info][gc,metaspace   ] GC(1606) Metaspace: 9957K(10368K)->9957K(10368K) NonClass: 8654K(8896K)->8654K(8896K) Class: 1302K(1472K)->1302K(1472K)
[254.237s][info][gc             ] GC(1606) Pause Young (Allocation Failure) 40M->7M(375M) 4.327ms
[254.237s][info][gc,cpu         ] GC(1606) User=0.00s Sys=0.00s Real=0.02s
[254.380s][info][gc,start       ] GC(1607) Pause Young (Allocation Failure)
[254.380s][info][gc,heap        ] GC(1607) PSYoungGen: 34368K(34816K)->928K(34816K) Eden: 33792K(33792K)->0K(33792K) From: 576K(1024K)->928K(1024K)
[254.381s][info][gc,heap        ] GC(1607) ParOldGen: 6654K(349696K)->6662K(349696K)
[254.381s][info][gc,metaspace   ] GC(1607) Metaspace: 9957K(10368K)->9957K(10368K) NonClass: 8654K(8896K)->8654K(8896K) Class: 1302K(1472K)->1302K(1472K)
[254.381s][info][gc             ] GC(1607) Pause Young (Allocation Failure) 40M->7M(375M) 1.062ms
[254.381s][info][gc,cpu         ] GC(1607) User=0.00s Sys=0.00s Real=0.00s
[254.522s][info][gc,start       ] GC(1608) Pause Young (Allocation Failure)
[254.523s][info][gc,heap        ] GC(1608) PSYoungGen: 34720K(34816K)->544K(34816K) Eden: 33792K(33792K)->0K(33792K) From: 928K(1024K)->544K(1024K)
[254.523s][info][gc,heap        ] GC(1608) ParOldGen: 6662K(349696K)->7070K(349696K)
[254.523s][info][gc,metaspace   ] GC(1608) Metaspace: 9957K(10368K)->9957K(10368K) NonClass: 8654K(8896K)->8654K(8896K) Class: 1302K(1472K)->1302K(1472K)
[254.523s][info][gc             ] GC(1608) Pause Young (Allocation Failure) 40M->7M(375M) 1.172ms
[254.523s][info][gc,cpu         ] GC(1608) User=0.00s Sys=0.00s Real=0.00s
[254.658s][info][gc,start       ] GC(1609) Pause Young (Allocation Failure)
[254.659s][info][gc,heap        ] GC(1609) PSYoungGen: 34336K(34816K)->576K(34816K) Eden: 33792K(33792K)->0K(33792K) From: 544K(1024K)->576K(1024K)
[254.659s][info][gc,heap        ] GC(1609) ParOldGen: 7070K(349696K)->7070K(349696K)
[254.659s][info][gc,metaspace   ] GC(1609) Metaspace: 9957K(10368K)->9957K(10368K) NonClass: 8654K(8896K)->8654K(8896K) Class: 1302K(1472K)->1302K(1472K)
[254.659s][info][gc             ] GC(1609) Pause Young (Allocation Failure) 40M->7M(375M) 0.856ms
[254.659s][info][gc,cpu         ] GC(1609) User=0.00s Sys=0.00s Real=0.00s
[254.795s][info][gc,start       ] GC(1610) Pause Young (Allocation Failure)
[254.796s][info][gc,heap        ] GC(1610) PSYoungGen: 34368K(34816K)->704K(34816K) Eden: 33792K(33792K)->0K(33792K) From: 576K(1024K)->704K(1024K)
[254.796s][info][gc,heap        ] GC(1610) ParOldGen: 7070K(349696K)->7110K(349696K)
[254.796s][info][gc,metaspace   ] GC(1610) Metaspace: 9957K(10368K)->9957K(10368K) NonClass: 8654K(8896K)->8654K(8896K) Class: 1302K(1472K)->1302K(1472K)
[254.796s][info][gc             ] GC(1610) Pause Young (Allocation Failure) 40M->7M(375M) 0.926ms
[254.796s][info][gc,cpu         ] GC(1610) User=0.00s Sys=0.00s Real=0.00s
[254.935s][info][gc,start       ] GC(1611) Pause Young (Allocation Failure)
[254.936s][info][gc,heap        ] GC(1611) PSYoungGen: 34496K(34816K)->704K(34816K) Eden: 33792K(33792K)->0K(33792K) From: 704K(1024K)->704K(1024K)
[254.936s][info][gc,heap        ] GC(1611) ParOldGen: 7110K(349696K)->7310K(349696K)
[254.936s][info][gc,metaspace   ] GC(1611) Metaspace: 9957K(10368K)->9957K(10368K) NonClass: 8654K(8896K)->8654K(8896K) Class: 1302K(1472K)->1302K(1472K)
[254.936s][info][gc             ] GC(1611) Pause Young (Allocation Failure) 40M->7M(375M) 0.972ms
[254.936s][info][gc,cpu         ] GC(1611) User=0.00s Sys=0.00s Real=0.00s
[255.071s][info][gc,start       ] GC(1612) Pause Young (Allocation Failure)
[255.072s][info][gc,heap        ] GC(1612) PSYoungGen: 34496K(34816K)->576K(34816K) Eden: 33792K(33792K)->0K(33792K) From: 704K(1024K)->576K(1024K)
[255.072s][info][gc,heap        ] GC(1612) ParOldGen: 7310K(349696K)->7310K(349696K)
[255.072s][info][gc,metaspace   ] GC(1612) Metaspace: 9957K(10368K)->9957K(10368K) NonClass: 8654K(8896K)->8654K(8896K) Class: 1302K(1472K)->1302K(1472K)
[255.072s][info][gc             ] GC(1612) Pause Young (Allocation Failure) 40M->7M(375M) 0.885ms
[255.072s][info][gc,cpu         ] GC(1612) User=0.14s Sys=0.00s Real=0.01s
[255.211s][info][gc,start       ] GC(1613) Pause Young (Allocation Failure)
[255.212s][info][gc,heap        ] GC(1613) PSYoungGen: 34368K(34816K)->640K(34816K) Eden: 33792K(33792K)->0K(33792K) From: 576K(1024K)->640K(1024K)
[255.212s][info][gc,heap        ] GC(1613) ParOldGen: 7310K(349696K)->7310K(349696K)
[255.212s][info][gc,metaspace   ] GC(1613) Metaspace: 9957K(10368K)->9957K(10368K) NonClass: 8654K(8896K)->8654K(8896K) Class: 1302K(1472K)->1302K(1472K)
[255.212s][info][gc             ] GC(1613) Pause Young (Allocation Failure) 40M->7M(375M) 1.268ms
[255.212s][info][gc,cpu         ] GC(1613) User=0.00s Sys=0.00s Real=0.00s
[255.355s][info][gc,start       ] GC(1614) Pause Young (Allocation Failure)
[255.355s][info][gc,heap        ] GC(1614) PSYoungGen: 34432K(34816K)->576K(34816K) Eden: 33792K(33792K)->0K(33792K) From: 640K(1024K)->576K(1024K)
[255.355s][info][gc,heap        ] GC(1614) ParOldGen: 7310K(349696K)->7310K(349696K)
[255.355s][info][gc,metaspace   ] GC(1614) Metaspace: 9957K(10368K)->9957K(10368K) NonClass: 8654K(8896K)->8654K(8896K) Class: 1302K(1472K)->1302K(1472K)
[255.356s][info][gc             ] GC(1614) Pause Young (Allocation Failure) 40M->7M(375M) 0.888ms
[255.356s][info][gc,cpu         ] GC(1614) User=0.00s Sys=0.00s Real=0.00s
[255.494s][info][gc,start       ] GC(1615) Pause Young (Allocation Failure)
[255.495s][info][gc,heap        ] GC(1615) PSYoungGen: 34368K(34816K)->576K(34816K) Eden: 33792K(33792K)->0K(33792K) From: 576K(1024K)->576K(1024K)
[255.495s][info][gc,heap        ] GC(1615) ParOldGen: 7310K(349696K)->7310K(349696K)
[255.495s][info][gc,metaspace   ] GC(1615) Metaspace: 9957K(10368K)->9957K(10368K) NonClass: 8654K(8896K)->8654K(8896K) Class: 1302K(1472K)->1302K(1472K)
[255.495s][info][gc             ] GC(1615) Pause Young (Allocation Failure) 40M->7M(375M) 0.857ms
[255.495s][info][gc,cpu         ] GC(1615) User=0.00s Sys=0.00s Real=0.00s
[255.635s][info][gc,start       ] GC(1616) Pause Young (Allocation Failure)
[255.635s][info][gc,heap        ] GC(1616) PSYoungGen: 34368K(34816K)->576K(34816K) Eden: 33792K(33792K)->0K(33792K) From: 576K(1024K)->576K(1024K)
[255.635s][info][gc,heap        ] GC(1616) ParOldGen: 7310K(349696K)->7310K(349696K)
[255.635s][info][gc,metaspace   ] GC(1616) Metaspace: 9957K(10368K)->9957K(10368K) NonClass: 8654K(8896K)->8654K(8896K) Class: 1302K(1472K)->1302K(1472K)
[255.635s][info][gc             ] GC(1616) Pause Young (Allocation Failure) 40M->7M(375M) 0.830ms
[255.635s][info][gc,cpu         ] GC(1616) User=0.00s Sys=0.00s Real=0.00s
[255.766s][info][gc,start       ] GC(1617) Pause Young (Allocation Failure)
[255.767s][info][gc,heap        ] GC(1617) PSYoungGen: 34368K(34816K)->576K(34816K) Eden: 33792K(33792K)->0K(33792K) From: 576K(1024K)->576K(1024K)
[255.767s][info][gc,heap        ] GC(1617) ParOldGen: 7310K(349696K)->7310K(349696K)
[255.767s][info][gc,metaspace   ] GC(1617) Metaspace: 9957K(10368K)->9957K(10368K) NonClass: 8654K(8896K)->8654K(8896K) Class: 1302K(1472K)->1302K(1472K)
[255.767s][info][gc             ] GC(1617) Pause Young (Allocation Failure) 40M->7M(375M) 0.879ms
[255.767s][info][gc,cpu         ] GC(1617) User=0.00s Sys=0.00s Real=0.00s
[255.908s][info][gc,start       ] GC(1618) Pause Young (Allocation Failure)
[255.909s][info][gc,heap        ] GC(1618) PSYoungGen: 34368K(34816K)->576K(34816K) Eden: 33792K(33792K)->0K(33792K) From: 576K(1024K)->576K(1024K)
[255.909s][info][gc,heap        ] GC(1618) ParOldGen: 7310K(349696K)->7310K(349696K)
[255.909s][info][gc,metaspace   ] GC(1618) Metaspace: 9957K(10368K)->9957K(10368K) NonClass: 8654K(8896K)->8654K(8896K) Class: 1302K(1472K)->1302K(1472K)
[255.909s][info][gc             ] GC(1618) Pause Young (Allocation Failure) 40M->7M(375M) 0.864ms
[255.909s][info][gc,cpu         ] GC(1618) User=0.00s Sys=0.00s Real=0.00s
[256.048s][info][gc,start       ] GC(1619) Pause Young (Allocation Failure)
[256.049s][info][gc,heap        ] GC(1619) PSYoungGen: 34368K(34816K)->768K(34816K) Eden: 33792K(33792K)->0K(33792K) From: 576K(1024K)->768K(1024K)
[256.049s][info][gc,heap        ] GC(1619) ParOldGen: 7310K(349696K)->7310K(349696K)
[256.049s][info][gc,metaspace   ] GC(1619) Metaspace: 9957K(10368K)->9957K(10368K) NonClass: 8654K(8896K)->8654K(8896K) Class: 1302K(1472K)->1302K(1472K)
[256.049s][info][gc             ] GC(1619) Pause Young (Allocation Failure) 40M->7M(375M) 0.983ms
[256.049s][info][gc,cpu         ] GC(1619) User=0.00s Sys=0.00s Real=0.00s
[256.191s][info][gc,start       ] GC(1620) Pause Young (Allocation Failure)
[256.192s][info][gc,heap        ] GC(1620) PSYoungGen: 34560K(34816K)->640K(34816K) Eden: 33792K(33792K)->0K(33792K) From: 768K(1024K)->640K(1024K)
[256.192s][info][gc,heap        ] GC(1620) ParOldGen: 7310K(349696K)->7542K(349696K)
[256.192s][info][gc,metaspace   ] GC(1620) Metaspace: 9957K(10368K)->9957K(10368K) NonClass: 8654K(8896K)->8654K(8896K) Class: 1302K(1472K)->1302K(1472K)
[256.192s][info][gc             ] GC(1620) Pause Young (Allocation Failure) 40M->7M(375M) 1.019ms
[256.192s][info][gc,cpu         ] GC(1620) User=0.00s Sys=0.00s Real=0.00s
[256.324s][info][gc,start       ] GC(1621) Pause Young (Allocation Failure)
[256.324s][info][gc,heap        ] GC(1621) PSYoungGen: 34432K(34816K)->608K(34816K) Eden: 33792K(33792K)->0K(33792K) From: 640K(1024K)->608K(1024K)
[256.324s][info][gc,heap        ] GC(1621) ParOldGen: 7542K(349696K)->7542K(349696K)
[256.325s][info][gc,metaspace   ] GC(1621) Metaspace: 9957K(10368K)->9957K(10368K) NonClass: 8654K(8896K)->8654K(8896K) Class: 1302K(1472K)->1302K(1472K)
[256.325s][info][gc             ] GC(1621) Pause Young (Allocation Failure) 40M->7M(375M) 0.901ms
[256.325s][info][gc,cpu         ] GC(1621) User=0.00s Sys=0.00s Real=0.00s
[256.463s][info][gc,start       ] GC(1622) Pause Young (Allocation Failure)
[256.464s][info][gc,heap        ] GC(1622) PSYoungGen: 34400K(34816K)->704K(34816K) Eden: 33792K(33792K)->0K(33792K) From: 608K(1024K)->704K(1024K)
[256.464s][info][gc,heap        ] GC(1622) ParOldGen: 7542K(349696K)->7550K(349696K)
[256.464s][info][gc,metaspace   ] GC(1622) Metaspace: 9957K(10368K)->9957K(10368K) NonClass: 8654K(8896K)->8654K(8896K) Class: 1302K(1472K)->1302K(1472K)
[256.464s][info][gc             ] GC(1622) Pause Young (Allocation Failure) 40M->8M(375M) 0.956ms
[256.464s][info][gc,cpu         ] GC(1622) User=0.00s Sys=0.00s Real=0.00s
[256.600s][info][gc,start       ] GC(1623) Pause Young (Allocation Failure)
[256.601s][info][gc,heap        ] GC(1623) PSYoungGen: 34496K(34816K)->640K(34816K) Eden: 33792K(33792K)->0K(33792K) From: 704K(1024K)->640K(1024K)
[256.601s][info][gc,heap        ] GC(1623) ParOldGen: 7550K(349696K)->7782K(349696K)
[256.601s][info][gc,metaspace   ] GC(1623) Metaspace: 9957K(10368K)->9957K(10368K) NonClass: 8654K(8896K)->8654K(8896K) Class: 1302K(1472K)->1302K(1472K)
[256.601s][info][gc             ] GC(1623) Pause Young (Allocation Failure) 41M->8M(375M) 1.003ms
[256.601s][info][gc,cpu         ] GC(1623) User=0.00s Sys=0.00s Real=0.00s
[256.730s][info][gc,start       ] GC(1624) Pause Young (System.gc())
[256.730s][info][gc,heap        ] GC(1624) PSYoungGen: 32252K(34816K)->576K(34816K) Eden: 31612K(33792K)->0K(33792K) From: 640K(1024K)->576K(1024K)
[256.731s][info][gc,heap        ] GC(1624) ParOldGen: 7782K(349696K)->7782K(349696K)
[256.731s][info][gc,metaspace   ] GC(1624) Metaspace: 9957K(10368K)->9957K(10368K) NonClass: 8654K(8896K)->8654K(8896K) Class: 1302K(1472K)->1302K(1472K)
[256.731s][info][gc             ] GC(1624) Pause Young (System.gc()) 39M->8M(375M) 0.758ms
[256.731s][info][gc,cpu         ] GC(1624) User=0.00s Sys=0.00s Real=0.00s
[256.731s][info][gc,start       ] GC(1625) Pause Full (System.gc())
[256.731s][info][gc,phases,start] GC(1625) Marking Phase
[256.745s][info][gc,phases      ] GC(1625) Marking Phase 14.097ms
[256.745s][info][gc,phases,start] GC(1625) Summary Phase
[256.745s][info][gc,phases      ] GC(1625) Summary Phase 0.032ms
[256.745s][info][gc,phases,start] GC(1625) Adjust Roots
[256.749s][info][gc,phases      ] GC(1625) Adjust Roots 3.977ms
[256.749s][info][gc,phases,start] GC(1625) Compaction Phase
[256.752s][info][gc,phases      ] GC(1625) Compaction Phase 2.734ms
[256.752s][info][gc,phases,start] GC(1625) Post Compact
[256.752s][info][gc,phases      ] GC(1625) Post Compact 0.285ms
[256.752s][info][gc,heap        ] GC(1625) PSYoungGen: 576K(34816K)->0K(34816K) Eden: 0K(33792K)->0K(33792K) From: 576K(1024K)->0K(1024K)
[256.752s][info][gc,heap        ] GC(1625) ParOldGen: 7782K(349696K)->4078K(349696K)
[256.752s][info][gc,metaspace   ] GC(1625) Metaspace: 9957K(10368K)->9957K(10368K) NonClass: 8654K(8896K)->8654K(8896K) Class: 1302K(1472K)->1302K(1472K)
[256.752s][info][gc             ] GC(1625) Pause Full (System.gc()) 8M->3M(375M) 21.556ms
[256.752s][info][gc,cpu         ] GC(1625) User=0.28s Sys=0.00s Real=0.03s
[256.893s][info][gc,start       ] GC(1626) Pause Young (Allocation Failure)
[256.894s][info][gc,heap        ] GC(1626) PSYoungGen: 33792K(34816K)->1024K(34816K) Eden: 33792K(33792K)->0K(33792K) From: 0K(1024K)->1024K(1024K)
[256.894s][info][gc,heap        ] GC(1626) ParOldGen: 4078K(349696K)->4238K(349696K)
[256.894s][info][gc,metaspace   ] GC(1626) Metaspace: 9957K(10368K)->9957K(10368K) NonClass: 8654K(8896K)->8654K(8896K) Class: 1302K(1472K)->1302K(1472K)
[256.894s][info][gc             ] GC(1626) Pause Young (Allocation Failure) 36M->5M(375M) 1.357ms
[256.894s][info][gc,cpu         ] GC(1626) User=0.00s Sys=0.00s Real=0.00s
[257.026s][info][gc,start       ] GC(1627) Pause Young (Allocation Failure)
[257.027s][info][gc,heap        ] GC(1627) PSYoungGen: 34816K(34816K)->928K(34816K) Eden: 33792K(33792K)->0K(33792K) From: 1024K(1024K)->928K(1024K)
[257.027s][info][gc,heap        ] GC(1627) ParOldGen: 4238K(349696K)->4686K(349696K)
[257.027s][info][gc,metaspace   ] GC(1627) Metaspace: 9957K(10368K)->9957K(10368K) NonClass: 8654K(8896K)->8654K(8896K) Class: 1302K(1472K)->1302K(1472K)
[257.027s][info][gc             ] GC(1627) Pause Young (Allocation Failure) 38M->5M(375M) 1.441ms
[257.027s][info][gc,cpu         ] GC(1627) User=0.00s Sys=0.00s Real=0.00s
[257.165s][info][gc,start       ] GC(1628) Pause Young (Allocation Failure)
[257.166s][info][gc,heap        ] GC(1628) PSYoungGen: 34720K(34816K)->576K(35328K) Eden: 33792K(33792K)->0K(33792K) From: 928K(1024K)->576K(1536K)
[257.166s][info][gc,heap        ] GC(1628) ParOldGen: 4686K(349696K)->5094K(349696K)
[257.166s][info][gc,metaspace   ] GC(1628) Metaspace: 9957K(10368K)->9957K(10368K) NonClass: 8654K(8896K)->8654K(8896K) Class: 1302K(1472K)->1302K(1472K)
[257.166s][info][gc             ] GC(1628) Pause Young (Allocation Failure) 38M->5M(376M) 1.200ms
[257.166s][info][gc,cpu         ] GC(1628) User=0.00s Sys=0.00s Real=0.00s
[257.305s][info][gc,start       ] GC(1629) Pause Young (Allocation Failure)
[257.306s][info][gc,heap        ] GC(1629) PSYoungGen: 34368K(35328K)->576K(35328K) Eden: 33792K(33792K)->0K(33792K) From: 576K(1536K)->576K(1536K)
[257.306s][info][gc,heap        ] GC(1629) ParOldGen: 5094K(349696K)->5094K(349696K)
[257.306s][info][gc,metaspace   ] GC(1629) Metaspace: 9957K(10368K)->9957K(10368K) NonClass: 8654K(8896K)->8654K(8896K) Class: 1302K(1472K)->1302K(1472K)
[257.306s][info][gc             ] GC(1629) Pause Young (Allocation Failure) 38M->5M(376M) 0.835ms
[257.306s][info][gc,cpu         ] GC(1629) User=0.00s Sys=0.00s Real=0.00s
[257.441s][info][gc,start       ] GC(1630) Pause Young (Allocation Failure)
[257.442s][info][gc,heap        ] GC(1630) PSYoungGen: 34368K(35328K)->768K(35328K) Eden: 33792K(33792K)->0K(33792K) From: 576K(1536K)->768K(1536K)
[257.442s][info][gc,heap        ] GC(1630) ParOldGen: 5094K(349696K)->5094K(349696K)
[257.442s][info][gc,metaspace   ] GC(1630) Metaspace: 9957K(10368K)->9957K(10368K) NonClass: 8654K(8896K)->8654K(8896K) Class: 1302K(1472K)->1302K(1472K)
[257.442s][info][gc             ] GC(1630) Pause Young (Allocation Failure) 38M->5M(376M) 0.937ms
[257.442s][info][gc,cpu         ] GC(1630) User=0.00s Sys=0.00s Real=0.00s
[257.575s][info][gc,start       ] GC(1631) Pause Young (Allocation Failure)
[257.576s][info][gc,heap        ] GC(1631) PSYoungGen: 34560K(35328K)->768K(34816K) Eden: 33792K(33792K)->0K(33792K) From: 768K(1536K)->768K(1024K)
[257.576s][info][gc,heap        ] GC(1631) ParOldGen: 5094K(349696K)->5286K(349696K)
[257.576s][info][gc,metaspace   ] GC(1631) Metaspace: 9957K(10368K)->9957K(10368K) NonClass: 8654K(8896K)->8654K(8896K) Class: 1302K(1472K)->1302K(1472K)
[257.576s][info][gc             ] GC(1631) Pause Young (Allocation Failure) 38M->5M(375M) 1.206ms
[257.576s][info][gc,cpu         ] GC(1631) User=0.00s Sys=0.00s Real=0.00s
[257.707s][info][gc,start       ] GC(1632) Pause Young (Allocation Failure)
[257.708s][info][gc,heap        ] GC(1632) PSYoungGen: 34559K(34816K)->672K(34816K) Eden: 33791K(33792K)->0K(33792K) From: 768K(1024K)->672K(1024K)
[257.708s][info][gc,heap        ] GC(1632) ParOldGen: 5286K(349696K)->5510K(349696K)
[257.708s][info][gc,metaspace   ] GC(1632) Metaspace: 9957K(10368K)->9957K(10368K) NonClass: 8654K(8896K)->8654K(8896K) Class: 1302K(1472K)->1302K(1472K)
[257.708s][info][gc             ] GC(1632) Pause Young (Allocation Failure) 38M->6M(375M) 1.007ms
[257.709s][info][gc,cpu         ] GC(1632) User=0.00s Sys=0.00s Real=0.00s
[257.846s][info][gc,start       ] GC(1633) Pause Young (Allocation Failure)
[257.847s][info][gc,heap        ] GC(1633) PSYoungGen: 34464K(34816K)->704K(34816K) Eden: 33792K(33792K)->0K(33792K) From: 672K(1024K)->704K(1024K)
[257.847s][info][gc,heap        ] GC(1633) ParOldGen: 5510K(349696K)->5510K(349696K)
[257.847s][info][gc,metaspace   ] GC(1633) Metaspace: 9957K(10368K)->9957K(10368K) NonClass: 8654K(8896K)->8654K(8896K) Class: 1302K(1472K)->1302K(1472K)
[257.847s][info][gc             ] GC(1633) Pause Young (Allocation Failure) 39M->6M(375M) 0.919ms
[257.847s][info][gc,cpu         ] GC(1633) User=0.00s Sys=0.00s Real=0.00s
[257.981s][info][gc,start       ] GC(1634) Pause Young (Allocation Failure)
[257.982s][info][gc,heap        ] GC(1634) PSYoungGen: 34496K(34816K)->576K(34816K) Eden: 33792K(33792K)->0K(33792K) From: 704K(1024K)->576K(1024K)
[257.982s][info][gc,heap        ] GC(1634) ParOldGen: 5510K(349696K)->5718K(349696K)
[257.982s][info][gc,metaspace   ] GC(1634) Metaspace: 9957K(10368K)->9957K(10368K) NonClass: 8654K(8896K)->8654K(8896K) Class: 1302K(1472K)->1302K(1472K)
[257.982s][info][gc             ] GC(1634) Pause Young (Allocation Failure) 39M->6M(375M) 0.975ms
[257.982s][info][gc,cpu         ] GC(1634) User=0.00s Sys=0.00s Real=0.00s
[258.113s][info][gc,start       ] GC(1635) Pause Young (Allocation Failure)
[258.114s][info][gc,heap        ] GC(1635) PSYoungGen: 34368K(34816K)->576K(34816K) Eden: 33792K(33792K)->0K(33792K) From: 576K(1024K)->576K(1024K)
[258.114s][info][gc,heap        ] GC(1635) ParOldGen: 5718K(349696K)->5718K(349696K)
[258.114s][info][gc,metaspace   ] GC(1635) Metaspace: 9957K(10368K)->9957K(10368K) NonClass: 8654K(8896K)->8654K(8896K) Class: 1302K(1472K)->1302K(1472K)
[258.114s][info][gc             ] GC(1635) Pause Young (Allocation Failure) 39M->6M(375M) 0.881ms
[258.114s][info][gc,cpu         ] GC(1635) User=0.00s Sys=0.00s Real=0.00s
[258.244s][info][gc,start       ] GC(1636) Pause Young (Allocation Failure)
[258.245s][info][gc,heap        ] GC(1636) PSYoungGen: 34368K(34816K)->576K(34816K) Eden: 33792K(33792K)->0K(33792K) From: 576K(1024K)->576K(1024K)
[258.245s][info][gc,heap        ] GC(1636) ParOldGen: 5718K(349696K)->5718K(349696K)
[258.245s][info][gc,metaspace   ] GC(1636) Metaspace: 9957K(10368K)->9957K(10368K) NonClass: 8654K(8896K)->8654K(8896K) Class: 1302K(1472K)->1302K(1472K)
[258.245s][info][gc             ] GC(1636) Pause Young (Allocation Failure) 39M->6M(375M) 0.842ms
[258.245s][info][gc,cpu         ] GC(1636) User=0.00s Sys=0.00s Real=0.00s
[258.387s][info][gc,start       ] GC(1637) Pause Young (Allocation Failure)
[258.388s][info][gc,heap        ] GC(1637) PSYoungGen: 34368K(34816K)->576K(34816K) Eden: 33792K(33792K)->0K(33792K) From: 576K(1024K)->576K(1024K)
[258.388s][info][gc,heap        ] GC(1637) ParOldGen: 5718K(349696K)->5718K(349696K)
[258.388s][info][gc,metaspace   ] GC(1637) Metaspace: 9957K(10368K)->9957K(10368K) NonClass: 8654K(8896K)->8654K(8896K) Class: 1302K(1472K)->1302K(1472K)
[258.388s][info][gc             ] GC(1637) Pause Young (Allocation Failure) 39M->6M(375M) 0.852ms
[258.388s][info][gc,cpu         ] GC(1637) User=0.00s Sys=0.00s Real=0.00s
[258.525s][info][gc,start       ] GC(1638) Pause Young (Allocation Failure)
[258.526s][info][gc,heap        ] GC(1638) PSYoungGen: 34368K(34816K)->640K(34816K) Eden: 33792K(33792K)->0K(33792K) From: 576K(1024K)->640K(1024K)
[258.526s][info][gc,heap        ] GC(1638) ParOldGen: 5718K(349696K)->5734K(349696K)
[258.526s][info][gc,metaspace   ] GC(1638) Metaspace: 9957K(10368K)->9957K(10368K) NonClass: 8654K(8896K)->8654K(8896K) Class: 1302K(1472K)->1302K(1472K)
[258.526s][info][gc             ] GC(1638) Pause Young (Allocation Failure) 39M->6M(375M) 0.863ms
[258.526s][info][gc,cpu         ] GC(1638) User=0.00s Sys=0.00s Real=0.00s
[258.663s][info][gc,start       ] GC(1639) Pause Young (Allocation Failure)
[258.664s][info][gc,heap        ] GC(1639) PSYoungGen: 34432K(34816K)->544K(34816K) Eden: 33792K(33792K)->0K(33792K) From: 640K(1024K)->544K(1024K)
[258.664s][info][gc,heap        ] GC(1639) ParOldGen: 5734K(349696K)->5734K(349696K)
[258.664s][info][gc,metaspace   ] GC(1639) Metaspace: 9957K(10368K)->9957K(10368K) NonClass: 8654K(8896K)->8654K(8896K) Class: 1302K(1472K)->1302K(1472K)
[258.664s][info][gc             ] GC(1639) Pause Young (Allocation Failure) 39M->6M(375M) 0.805ms
[258.664s][info][gc,cpu         ] GC(1639) User=0.00s Sys=0.00s Real=0.00s
[258.801s][info][gc,start       ] GC(1640) Pause Young (Allocation Failure)
[258.802s][info][gc,heap        ] GC(1640) PSYoungGen: 34336K(34816K)->576K(34816K) Eden: 33792K(33792K)->0K(33792K) From: 544K(1024K)->576K(1024K)
[258.802s][info][gc,heap        ] GC(1640) ParOldGen: 5734K(349696K)->5742K(349696K)
[258.802s][info][gc,metaspace   ] GC(1640) Metaspace: 9957K(10368K)->9957K(10368K) NonClass: 8654K(8896K)->8654K(8896K) Class: 1302K(1472K)->1302K(1472K)
[258.802s][info][gc             ] GC(1640) Pause Young (Allocation Failure) 39M->6M(375M) 0.847ms
[258.802s][info][gc,cpu         ] GC(1640) User=0.00s Sys=0.00s Real=0.00s
[258.940s][info][gc,start       ] GC(1641) Pause Young (Allocation Failure)
[258.941s][info][gc,heap        ] GC(1641) PSYoungGen: 34368K(34816K)->896K(34816K) Eden: 33792K(33792K)->0K(33792K) From: 576K(1024K)->896K(1024K)
[258.941s][info][gc,heap        ] GC(1641) ParOldGen: 5742K(349696K)->5790K(349696K)
[258.941s][info][gc,metaspace   ] GC(1641) Metaspace: 9957K(10368K)->9957K(10368K) NonClass: 8654K(8896K)->8654K(8896K) Class: 1302K(1472K)->1302K(1472K)
[258.941s][info][gc             ] GC(1641) Pause Young (Allocation Failure) 39M->6M(375M) 1.033ms
[258.941s][info][gc,cpu         ] GC(1641) User=0.00s Sys=0.00s Real=0.00s
[259.075s][info][gc,start       ] GC(1642) Pause Young (Allocation Failure)
[259.076s][info][gc,heap        ] GC(1642) PSYoungGen: 34688K(34816K)->576K(34816K) Eden: 33792K(33792K)->0K(33792K) From: 896K(1024K)->576K(1024K)
[259.077s][info][gc,heap        ] GC(1642) ParOldGen: 5790K(349696K)->6222K(349696K)
[259.077s][info][gc,metaspace   ] GC(1642) Metaspace: 9957K(10368K)->9957K(10368K) NonClass: 8654K(8896K)->8654K(8896K) Class: 1302K(1472K)->1302K(1472K)
[259.077s][info][gc             ] GC(1642) Pause Young (Allocation Failure) 39M->6M(375M) 1.229ms
[259.077s][info][gc,cpu         ] GC(1642) User=0.00s Sys=0.00s Real=0.00s
[259.214s][info][gc,start       ] GC(1643) Pause Young (Allocation Failure)
[259.215s][info][gc,heap        ] GC(1643) PSYoungGen: 34368K(34816K)->608K(34816K) Eden: 33792K(33792K)->0K(33792K) From: 576K(1024K)->608K(1024K)
[259.215s][info][gc,heap        ] GC(1643) ParOldGen: 6222K(349696K)->6222K(349696K)
[259.215s][info][gc,metaspace   ] GC(1643) Metaspace: 9957K(10368K)->9957K(10368K) NonClass: 8654K(8896K)->8654K(8896K) Class: 1302K(1472K)->1302K(1472K)
[259.215s][info][gc             ] GC(1643) Pause Young (Allocation Failure) 39M->6M(375M) 0.875ms
[259.215s][info][gc,cpu         ] GC(1643) User=0.00s Sys=0.02s Real=0.02s
[259.352s][info][gc,start       ] GC(1644) Pause Young (Allocation Failure)
[259.353s][info][gc,heap        ] GC(1644) PSYoungGen: 34400K(34816K)->576K(34816K) Eden: 33792K(33792K)->0K(33792K) From: 608K(1024K)->576K(1024K)
[259.353s][info][gc,heap        ] GC(1644) ParOldGen: 6222K(349696K)->6222K(349696K)
[259.353s][info][gc,metaspace   ] GC(1644) Metaspace: 9957K(10368K)->9957K(10368K) NonClass: 8654K(8896K)->8654K(8896K) Class: 1302K(1472K)->1302K(1472K)
[259.353s][info][gc             ] GC(1644) Pause Young (Allocation Failure) 39M->6M(375M) 0.847ms
[259.353s][info][gc,cpu         ] GC(1644) User=0.00s Sys=0.00s Real=0.00s
[259.493s][info][gc,start       ] GC(1645) Pause Young (Allocation Failure)
[259.493s][info][gc,heap        ] GC(1645) PSYoungGen: 34368K(34816K)->576K(34816K) Eden: 33792K(33792K)->0K(33792K) From: 576K(1024K)->576K(1024K)
[259.493s][info][gc,heap        ] GC(1645) ParOldGen: 6222K(349696K)->6222K(349696K)
[259.494s][info][gc,metaspace   ] GC(1645) Metaspace: 9957K(10368K)->9957K(10368K) NonClass: 8654K(8896K)->8654K(8896K) Class: 1302K(1472K)->1302K(1472K)
[259.494s][info][gc             ] GC(1645) Pause Young (Allocation Failure) 39M->6M(375M) 0.884ms
[259.494s][info][gc,cpu         ] GC(1645) User=0.00s Sys=0.00s Real=0.00s
[259.625s][info][gc,start       ] GC(1646) Pause Young (Allocation Failure)
[259.626s][info][gc,heap        ] GC(1646) PSYoungGen: 34368K(34816K)->800K(34816K) Eden: 33792K(33792K)->0K(33792K) From: 576K(1024K)->800K(1024K)
[259.626s][info][gc,heap        ] GC(1646) ParOldGen: 6222K(349696K)->6246K(349696K)
[259.626s][info][gc,metaspace   ] GC(1646) Metaspace: 9957K(10368K)->9957K(10368K) NonClass: 8654K(8896K)->8654K(8896K) Class: 1302K(1472K)->1302K(1472K)
[259.626s][info][gc             ] GC(1646) Pause Young (Allocation Failure) 39M->6M(375M) 0.927ms
[259.626s][info][gc,cpu         ] GC(1646) User=0.00s Sys=0.00s Real=0.00s
[259.762s][info][gc,start       ] GC(1647) Pause Young (Allocation Failure)
[259.763s][info][gc,heap        ] GC(1647) PSYoungGen: 34592K(34816K)->640K(34816K) Eden: 33792K(33792K)->0K(33792K) From: 800K(1024K)->640K(1024K)
[259.763s][info][gc,heap        ] GC(1647) ParOldGen: 6246K(349696K)->6462K(349696K)
[259.763s][info][gc,metaspace   ] GC(1647) Metaspace: 9957K(10368K)->9957K(10368K) NonClass: 8654K(8896K)->8654K(8896K) Class: 1302K(1472K)->1302K(1472K)
[259.763s][info][gc             ] GC(1647) Pause Young (Allocation Failure) 39M->6M(375M) 0.967ms
[259.763s][info][gc,cpu         ] GC(1647) User=0.00s Sys=0.00s Real=0.00s
[259.896s][info][gc,start       ] GC(1648) Pause Young (Allocation Failure)
[259.897s][info][gc,heap        ] GC(1648) PSYoungGen: 34432K(34816K)->608K(34816K) Eden: 33792K(33792K)->0K(33792K) From: 640K(1024K)->608K(1024K)
[259.897s][info][gc,heap        ] GC(1648) ParOldGen: 6462K(349696K)->6462K(349696K)
[259.897s][info][gc,metaspace   ] GC(1648) Metaspace: 9957K(10368K)->9957K(10368K) NonClass: 8654K(8896K)->8654K(8896K) Class: 1302K(1472K)->1302K(1472K)
[259.897s][info][gc             ] GC(1648) Pause Young (Allocation Failure) 39M->6M(375M) 0.894ms
[259.897s][info][gc,cpu         ] GC(1648) User=0.00s Sys=0.00s Real=0.00s
[260.035s][info][gc,start       ] GC(1649) Pause Young (Allocation Failure)
[260.035s][info][gc,heap        ] GC(1649) PSYoungGen: 34400K(34816K)->832K(34816K) Eden: 33792K(33792K)->0K(33792K) From: 608K(1024K)->832K(1024K)
[260.035s][info][gc,heap        ] GC(1649) ParOldGen: 6462K(349696K)->6462K(349696K)
[260.036s][info][gc,metaspace   ] GC(1649) Metaspace: 9957K(10368K)->9957K(10368K) NonClass: 8654K(8896K)->8654K(8896K) Class: 1302K(1472K)->1302K(1472K)
[260.036s][info][gc             ] GC(1649) Pause Young (Allocation Failure) 39M->7M(375M) 0.950ms
[260.036s][info][gc,cpu         ] GC(1649) User=0.00s Sys=0.00s Real=0.00s
[260.172s][info][gc,start       ] GC(1650) Pause Young (Allocation Failure)
[260.172s][info][gc,heap        ] GC(1650) PSYoungGen: 34624K(34816K)->672K(34816K) Eden: 33792K(33792K)->0K(33792K) From: 832K(1024K)->672K(1024K)
[260.173s][info][gc,heap        ] GC(1650) ParOldGen: 6462K(349696K)->6622K(349696K)
[260.173s][info][gc,metaspace   ] GC(1650) Metaspace: 9957K(10368K)->9957K(10368K) NonClass: 8654K(8896K)->8654K(8896K) Class: 1302K(1472K)->1302K(1472K)
[260.173s][info][gc             ] GC(1650) Pause Young (Allocation Failure) 40M->7M(375M) 0.962ms
[260.173s][info][gc,cpu         ] GC(1650) User=0.00s Sys=0.00s Real=0.00s
[260.312s][info][gc,start       ] GC(1651) Pause Young (Allocation Failure)
[260.313s][info][gc,heap        ] GC(1651) PSYoungGen: 34464K(34816K)->512K(34816K) Eden: 33792K(33792K)->0K(33792K) From: 672K(1024K)->512K(1024K)
[260.313s][info][gc,heap        ] GC(1651) ParOldGen: 6622K(349696K)->6630K(349696K)
[260.313s][info][gc,metaspace   ] GC(1651) Metaspace: 9957K(10368K)->9957K(10368K) NonClass: 8654K(8896K)->8654K(8896K) Class: 1302K(1472K)->1302K(1472K)
[260.313s][info][gc             ] GC(1651) Pause Young (Allocation Failure) 40M->6M(375M) 0.825ms
[260.313s][info][gc,cpu         ] GC(1651) User=0.00s Sys=0.00s Real=0.00s
[260.445s][info][gc,start       ] GC(1652) Pause Young (Allocation Failure)
[260.446s][info][gc,heap        ] GC(1652) PSYoungGen: 34304K(34816K)->576K(34816K) Eden: 33792K(33792K)->0K(33792K) From: 512K(1024K)->576K(1024K)
[260.446s][info][gc,heap        ] GC(1652) ParOldGen: 6630K(349696K)->6638K(349696K)
[260.446s][info][gc,metaspace   ] GC(1652) Metaspace: 9957K(10368K)->9957K(10368K) NonClass: 8654K(8896K)->8654K(8896K) Class: 1302K(1472K)->1302K(1472K)
[260.446s][info][gc             ] GC(1652) Pause Young (Allocation Failure) 39M->7M(375M) 0.822ms
[260.446s][info][gc,cpu         ] GC(1652) User=0.00s Sys=0.00s Real=0.00s
[260.591s][info][gc,start       ] GC(1653) Pause Young (Allocation Failure)
[260.592s][info][gc,heap        ] GC(1653) PSYoungGen: 34368K(34816K)->544K(34816K) Eden: 33792K(33792K)->0K(33792K) From: 576K(1024K)->544K(1024K)
[260.592s][info][gc,heap        ] GC(1653) ParOldGen: 6638K(349696K)->6638K(349696K)
[260.592s][info][gc,metaspace   ] GC(1653) Metaspace: 9957K(10368K)->9957K(10368K) NonClass: 8654K(8896K)->8654K(8896K) Class: 1302K(1472K)->1302K(1472K)
[260.592s][info][gc             ] GC(1653) Pause Young (Allocation Failure) 40M->7M(375M) 0.870ms
[260.592s][info][gc,cpu         ] GC(1653) User=0.00s Sys=0.00s Real=0.00s
[260.722s][info][gc,start       ] GC(1654) Pause Young (Allocation Failure)
[260.723s][info][gc,heap        ] GC(1654) PSYoungGen: 34336K(34816K)->576K(34816K) Eden: 33792K(33792K)->0K(33792K) From: 544K(1024K)->576K(1024K)
[260.723s][info][gc,heap        ] GC(1654) ParOldGen: 6638K(349696K)->6638K(349696K)
[260.723s][info][gc,metaspace   ] GC(1654) Metaspace: 9957K(10368K)->9957K(10368K) NonClass: 8654K(8896K)->8654K(8896K) Class: 1302K(1472K)->1302K(1472K)
[260.723s][info][gc             ] GC(1654) Pause Young (Allocation Failure) 40M->7M(375M) 0.879ms
[260.723s][info][gc,cpu         ] GC(1654) User=0.00s Sys=0.00s Real=0.00s
[260.864s][info][gc,start       ] GC(1655) Pause Young (Allocation Failure)
[260.865s][info][gc,heap        ] GC(1655) PSYoungGen: 34368K(34816K)->576K(34816K) Eden: 33792K(33792K)->0K(33792K) From: 576K(1024K)->576K(1024K)
[260.865s][info][gc,heap        ] GC(1655) ParOldGen: 6638K(349696K)->6646K(349696K)
[260.865s][info][gc,metaspace   ] GC(1655) Metaspace: 9957K(10368K)->9957K(10368K) NonClass: 8654K(8896K)->8654K(8896K) Class: 1302K(1472K)->1302K(1472K)
[260.865s][info][gc             ] GC(1655) Pause Young (Allocation Failure) 40M->7M(375M) 0.881ms
[260.865s][info][gc,cpu         ] GC(1655) User=0.00s Sys=0.00s Real=0.00s
[260.998s][info][gc,start       ] GC(1656) Pause Young (Allocation Failure)
[260.998s][info][gc,heap        ] GC(1656) PSYoungGen: 34368K(34816K)->544K(34816K) Eden: 33792K(33792K)->0K(33792K) From: 576K(1024K)->544K(1024K)
[260.998s][info][gc,heap        ] GC(1656) ParOldGen: 6646K(349696K)->6646K(349696K)
[260.999s][info][gc,metaspace   ] GC(1656) Metaspace: 9957K(10368K)->9957K(10368K) NonClass: 8654K(8896K)->8654K(8896K) Class: 1302K(1472K)->1302K(1472K)
[260.999s][info][gc             ] GC(1656) Pause Young (Allocation Failure) 40M->7M(375M) 0.847ms
[260.999s][info][gc,cpu         ] GC(1656) User=0.00s Sys=0.00s Real=0.00s
[261.135s][info][gc,start       ] GC(1657) Pause Young (Allocation Failure)
[261.136s][info][gc,heap        ] GC(1657) PSYoungGen: 34336K(34816K)->640K(34816K) Eden: 33792K(33792K)->0K(33792K) From: 544K(1024K)->640K(1024K)
[261.136s][info][gc,heap        ] GC(1657) ParOldGen: 6646K(349696K)->6646K(349696K)
[261.136s][info][gc,metaspace   ] GC(1657) Metaspace: 9957K(10368K)->9957K(10368K) NonClass: 8654K(8896K)->8654K(8896K) Class: 1302K(1472K)->1302K(1472K)
[261.136s][info][gc             ] GC(1657) Pause Young (Allocation Failure) 40M->7M(375M) 0.885ms
[261.136s][info][gc,cpu         ] GC(1657) User=0.00s Sys=0.00s Real=0.00s
[261.273s][info][gc,start       ] GC(1658) Pause Young (Allocation Failure)
[261.306s][info][gc,heap        ] GC(1658) PSYoungGen: 34432K(34816K)->576K(34816K) Eden: 33792K(33792K)->0K(33792K) From: 640K(1024K)->576K(1024K)
[261.306s][info][gc,heap        ] GC(1658) ParOldGen: 6646K(349696K)->6646K(349696K)
[261.306s][info][gc,metaspace   ] GC(1658) Metaspace: 9957K(10368K)->9957K(10368K) NonClass: 8654K(8896K)->8654K(8896K) Class: 1302K(1472K)->1302K(1472K)
[261.307s][info][gc             ] GC(1658) Pause Young (Allocation Failure) 40M->7M(375M) 33.396ms
[261.307s][info][gc,cpu         ] GC(1658) User=0.00s Sys=0.00s Real=0.05s
[261.452s][info][gc,start       ] GC(1659) Pause Young (Allocation Failure)
[261.453s][info][gc,heap        ] GC(1659) PSYoungGen: 34368K(34816K)->672K(34816K) Eden: 33792K(33792K)->0K(33792K) From: 576K(1024K)->672K(1024K)
[261.453s][info][gc,heap        ] GC(1659) ParOldGen: 6646K(349696K)->6662K(349696K)
[261.453s][info][gc,metaspace   ] GC(1659) Metaspace: 9957K(10368K)->9957K(10368K) NonClass: 8654K(8896K)->8654K(8896K) Class: 1302K(1472K)->1302K(1472K)
[261.453s][info][gc             ] GC(1659) Pause Young (Allocation Failure) 40M->7M(375M) 0.892ms
[261.453s][info][gc,cpu         ] GC(1659) User=0.00s Sys=0.00s Real=0.00s
[261.596s][info][gc,start       ] GC(1660) Pause Young (Allocation Failure)
[261.596s][info][gc,heap        ] GC(1660) PSYoungGen: 34464K(34816K)->576K(34816K) Eden: 33792K(33792K)->0K(33792K) From: 672K(1024K)->576K(1024K)
[261.596s][info][gc,heap        ] GC(1660) ParOldGen: 6662K(349696K)->6662K(349696K)
[261.596s][info][gc,metaspace   ] GC(1660) Metaspace: 9957K(10368K)->9957K(10368K) NonClass: 8654K(8896K)->8654K(8896K) Class: 1302K(1472K)->1302K(1472K)
[261.596s][info][gc             ] GC(1660) Pause Young (Allocation Failure) 40M->7M(375M) 0.835ms
[261.596s][info][gc,cpu         ] GC(1660) User=0.00s Sys=0.00s Real=0.00s
[261.733s][info][gc,start       ] GC(1661) Pause Young (Allocation Failure)
[261.734s][info][gc,heap        ] GC(1661) PSYoungGen: 34368K(34816K)->864K(34816K) Eden: 33792K(33792K)->0K(33792K) From: 576K(1024K)->864K(1024K)
[261.734s][info][gc,heap        ] GC(1661) ParOldGen: 6662K(349696K)->6662K(349696K)
[261.734s][info][gc,metaspace   ] GC(1661) Metaspace: 9957K(10368K)->9957K(10368K) NonClass: 8654K(8896K)->8654K(8896K) Class: 1302K(1472K)->1302K(1472K)
[261.734s][info][gc             ] GC(1661) Pause Young (Allocation Failure) 40M->7M(375M) 0.998ms
[261.734s][info][gc,cpu         ] GC(1661) User=0.00s Sys=0.00s Real=0.00s
[261.866s][info][gc,start       ] GC(1662) Pause Young (Allocation Failure)
[261.867s][info][gc,heap        ] GC(1662) PSYoungGen: 34656K(34816K)->768K(34816K) Eden: 33792K(33792K)->0K(33792K) From: 864K(1024K)->768K(1024K)
[261.867s][info][gc,heap        ] GC(1662) ParOldGen: 6662K(349696K)->6886K(349696K)
[261.867s][info][gc,metaspace   ] GC(1662) Metaspace: 9957K(10368K)->9957K(10368K) NonClass: 8654K(8896K)->8654K(8896K) Class: 1302K(1472K)->1302K(1472K)
[261.867s][info][gc             ] GC(1662) Pause Young (Allocation Failure) 40M->7M(375M) 1.082ms
[261.867s][info][gc,cpu         ] GC(1662) User=0.00s Sys=0.00s Real=0.00s
[262.008s][info][gc,start       ] GC(1663) Pause Young (Allocation Failure)
[262.009s][info][gc,heap        ] GC(1663) PSYoungGen: 34560K(34816K)->672K(34816K) Eden: 33792K(33792K)->0K(33792K) From: 768K(1024K)->672K(1024K)
[262.009s][info][gc,heap        ] GC(1663) ParOldGen: 6886K(349696K)->7094K(349696K)
[262.009s][info][gc,metaspace   ] GC(1663) Metaspace: 9957K(10368K)->9957K(10368K) NonClass: 8654K(8896K)->8654K(8896K) Class: 1302K(1472K)->1302K(1472K)
[262.009s][info][gc             ] GC(1663) Pause Young (Allocation Failure) 40M->7M(375M) 1.027ms
[262.009s][info][gc,cpu         ] GC(1663) User=0.00s Sys=0.00s Real=0.00s
[262.144s][info][gc,start       ] GC(1664) Pause Young (Allocation Failure)
[262.145s][info][gc,heap        ] GC(1664) PSYoungGen: 34464K(34816K)->576K(34816K) Eden: 33792K(33792K)->0K(33792K) From: 672K(1024K)->576K(1024K)
[262.145s][info][gc,heap        ] GC(1664) ParOldGen: 7094K(349696K)->7094K(349696K)
[262.145s][info][gc,metaspace   ] GC(1664) Metaspace: 9957K(10368K)->9957K(10368K) NonClass: 8654K(8896K)->8654K(8896K) Class: 1302K(1472K)->1302K(1472K)
[262.145s][info][gc             ] GC(1664) Pause Young (Allocation Failure) 40M->7M(375M) 0.869ms
[262.145s][info][gc,cpu         ] GC(1664) User=0.00s Sys=0.00s Real=0.00s
[262.282s][info][gc,start       ] GC(1665) Pause Young (Allocation Failure)
[262.283s][info][gc,heap        ] GC(1665) PSYoungGen: 34368K(34816K)->608K(34816K) Eden: 33792K(33792K)->0K(33792K) From: 576K(1024K)->608K(1024K)
[262.283s][info][gc,heap        ] GC(1665) ParOldGen: 7094K(349696K)->7094K(349696K)
[262.283s][info][gc,metaspace   ] GC(1665) Metaspace: 9957K(10368K)->9957K(10368K) NonClass: 8654K(8896K)->8654K(8896K) Class: 1302K(1472K)->1302K(1472K)
[262.283s][info][gc             ] GC(1665) Pause Young (Allocation Failure) 40M->7M(375M) 0.859ms
[262.283s][info][gc,cpu         ] GC(1665) User=0.00s Sys=0.00s Real=0.00s
[262.424s][info][gc,start       ] GC(1666) Pause Young (Allocation Failure)
[262.425s][info][gc,heap        ] GC(1666) PSYoungGen: 34400K(34816K)->576K(34816K) Eden: 33792K(33792K)->0K(33792K) From: 608K(1024K)->576K(1024K)
[262.425s][info][gc,heap        ] GC(1666) ParOldGen: 7094K(349696K)->7094K(349696K)
[262.425s][info][gc,metaspace   ] GC(1666) Metaspace: 9957K(10368K)->9957K(10368K) NonClass: 8654K(8896K)->8654K(8896K) Class: 1302K(1472K)->1302K(1472K)
[262.425s][info][gc             ] GC(1666) Pause Young (Allocation Failure) 40M->7M(375M) 0.852ms
[262.425s][info][gc,cpu         ] GC(1666) User=0.00s Sys=0.00s Real=0.00s
[262.558s][info][gc,start       ] GC(1667) Pause Young (Allocation Failure)
[262.558s][info][gc,heap        ] GC(1667) PSYoungGen: 34368K(34816K)->576K(34816K) Eden: 33792K(33792K)->0K(33792K) From: 576K(1024K)->576K(1024K)
[262.558s][info][gc,heap        ] GC(1667) ParOldGen: 7094K(349696K)->7094K(349696K)
[262.559s][info][gc,metaspace   ] GC(1667) Metaspace: 9957K(10368K)->9957K(10368K) NonClass: 8654K(8896K)->8654K(8896K) Class: 1302K(1472K)->1302K(1472K)
[262.559s][info][gc             ] GC(1667) Pause Young (Allocation Failure) 40M->7M(375M) 0.866ms
[262.559s][info][gc,cpu         ] GC(1667) User=0.00s Sys=0.00s Real=0.00s
[262.696s][info][gc,start       ] GC(1668) Pause Young (Allocation Failure)
[262.697s][info][gc,heap        ] GC(1668) PSYoungGen: 34368K(34816K)->608K(34816K) Eden: 33792K(33792K)->0K(33792K) From: 576K(1024K)->608K(1024K)
[262.697s][info][gc,heap        ] GC(1668) ParOldGen: 7094K(349696K)->7094K(349696K)
[262.697s][info][gc,metaspace   ] GC(1668) Metaspace: 9957K(10368K)->9957K(10368K) NonClass: 8654K(8896K)->8654K(8896K) Class: 1302K(1472K)->1302K(1472K)
[262.697s][info][gc             ] GC(1668) Pause Young (Allocation Failure) 40M->7M(375M) 0.822ms
[262.697s][info][gc,cpu         ] GC(1668) User=0.00s Sys=0.00s Real=0.00s
[262.829s][info][gc,start       ] GC(1669) Pause Young (Allocation Failure)
[262.830s][info][gc,heap        ] GC(1669) PSYoungGen: 34399K(34816K)->576K(34816K) Eden: 33791K(33792K)->0K(33792K) From: 608K(1024K)->576K(1024K)
[262.830s][info][gc,heap        ] GC(1669) ParOldGen: 7094K(349696K)->7094K(349696K)
[262.830s][info][gc,metaspace   ] GC(1669) Metaspace: 9957K(10368K)->9957K(10368K) NonClass: 8654K(8896K)->8654K(8896K) Class: 1302K(1472K)->1302K(1472K)
[262.830s][info][gc             ] GC(1669) Pause Young (Allocation Failure) 40M->7M(375M) 0.840ms
[262.830s][info][gc,cpu         ] GC(1669) User=0.00s Sys=0.00s Real=0.00s
[262.963s][info][gc,start       ] GC(1670) Pause Young (Allocation Failure)
[262.964s][info][gc,heap        ] GC(1670) PSYoungGen: 34368K(34816K)->576K(34816K) Eden: 33792K(33792K)->0K(33792K) From: 576K(1024K)->576K(1024K)
[262.964s][info][gc,heap        ] GC(1670) ParOldGen: 7094K(349696K)->7094K(349696K)
[262.964s][info][gc,metaspace   ] GC(1670) Metaspace: 9957K(10368K)->9957K(10368K) NonClass: 8654K(8896K)->8654K(8896K) Class: 1302K(1472K)->1302K(1472K)
[262.964s][info][gc             ] GC(1670) Pause Young (Allocation Failure) 40M->7M(375M) 0.855ms
[262.964s][info][gc,cpu         ] GC(1670) User=0.00s Sys=0.00s Real=0.00s
[263.101s][info][gc,start       ] GC(1671) Pause Young (Allocation Failure)
[263.101s][info][gc,heap        ] GC(1671) PSYoungGen: 34368K(34816K)->640K(34816K) Eden: 33792K(33792K)->0K(33792K) From: 576K(1024K)->640K(1024K)
[263.101s][info][gc,heap        ] GC(1671) ParOldGen: 7094K(349696K)->7094K(349696K)
[263.101s][info][gc,metaspace   ] GC(1671) Metaspace: 9957K(10368K)->9957K(10368K) NonClass: 8654K(8896K)->8654K(8896K) Class: 1302K(1472K)->1302K(1472K)
[263.102s][info][gc             ] GC(1671) Pause Young (Allocation Failure) 40M->7M(375M) 0.885ms
[263.102s][info][gc,cpu         ] GC(1671) User=0.00s Sys=0.00s Real=0.00s
[263.238s][info][gc,start       ] GC(1672) Pause Young (Allocation Failure)
[263.239s][info][gc,heap        ] GC(1672) PSYoungGen: 34432K(34816K)->608K(34816K) Eden: 33792K(33792K)->0K(33792K) From: 640K(1024K)->608K(1024K)
[263.239s][info][gc,heap        ] GC(1672) ParOldGen: 7094K(349696K)->7102K(349696K)
[263.239s][info][gc,metaspace   ] GC(1672) Metaspace: 9957K(10368K)->9957K(10368K) NonClass: 8654K(8896K)->8654K(8896K) Class: 1302K(1472K)->1302K(1472K)
[263.239s][info][gc             ] GC(1672) Pause Young (Allocation Failure) 40M->7M(375M) 0.877ms
[263.239s][info][gc,cpu         ] GC(1672) User=0.00s Sys=0.00s Real=0.00s
[263.375s][info][gc,start       ] GC(1673) Pause Young (Allocation Failure)
[263.376s][info][gc,heap        ] GC(1673) PSYoungGen: 34400K(34816K)->544K(34816K) Eden: 33792K(33792K)->0K(33792K) From: 608K(1024K)->544K(1024K)
[263.376s][info][gc,heap        ] GC(1673) ParOldGen: 7102K(349696K)->7110K(349696K)
[263.376s][info][gc,metaspace   ] GC(1673) Metaspace: 9957K(10368K)->9957K(10368K) NonClass: 8654K(8896K)->8654K(8896K) Class: 1302K(1472K)->1302K(1472K)
[263.376s][info][gc             ] GC(1673) Pause Young (Allocation Failure) 40M->7M(375M) 0.808ms
[263.376s][info][gc,cpu         ] GC(1673) User=0.00s Sys=0.00s Real=0.00s
[263.482s][info][gc,start       ] GC(1674) Pause Young (System.gc())
[263.483s][info][gc,heap        ] GC(1674) PSYoungGen: 26101K(34816K)->576K(34816K) Eden: 25557K(33792K)->0K(33792K) From: 544K(1024K)->576K(1024K)
[263.483s][info][gc,heap        ] GC(1674) ParOldGen: 7110K(349696K)->7118K(349696K)
[263.483s][info][gc,metaspace   ] GC(1674) Metaspace: 9957K(10368K)->9957K(10368K) NonClass: 8654K(8896K)->8654K(8896K) Class: 1302K(1472K)->1302K(1472K)
[263.483s][info][gc             ] GC(1674) Pause Young (System.gc()) 32M->7M(375M) 0.803ms
[263.483s][info][gc,cpu         ] GC(1674) User=0.11s Sys=0.02s Real=0.02s
[263.483s][info][gc,start       ] GC(1675) Pause Full (System.gc())
[263.483s][info][gc,phases,start] GC(1675) Marking Phase
[263.497s][info][gc,phases      ] GC(1675) Marking Phase 13.414ms
[263.497s][info][gc,phases,start] GC(1675) Summary Phase
[263.497s][info][gc,phases      ] GC(1675) Summary Phase 0.031ms
[263.497s][info][gc,phases,start] GC(1675) Adjust Roots
[263.501s][info][gc,phases      ] GC(1675) Adjust Roots 4.314ms
[263.501s][info][gc,phases,start] GC(1675) Compaction Phase
[263.504s][info][gc,phases      ] GC(1675) Compaction Phase 2.974ms
[263.504s][info][gc,phases,start] GC(1675) Post Compact
[263.504s][info][gc,phases      ] GC(1675) Post Compact 0.274ms
[263.505s][info][gc,heap        ] GC(1675) PSYoungGen: 576K(34816K)->0K(34816K) Eden: 0K(33792K)->0K(33792K) From: 576K(1024K)->0K(1024K)
[263.505s][info][gc,heap        ] GC(1675) ParOldGen: 7118K(349696K)->4078K(349696K)
[263.505s][info][gc,metaspace   ] GC(1675) Metaspace: 9957K(10368K)->9957K(10368K) NonClass: 8654K(8896K)->8654K(8896K) Class: 1302K(1472K)->1302K(1472K)
[263.505s][info][gc             ] GC(1675) Pause Full (System.gc()) 7M->3M(375M) 21.354ms
[263.505s][info][gc,cpu         ] GC(1675) User=0.02s Sys=0.00s Real=0.02s
[263.640s][info][gc,start       ] GC(1676) Pause Young (Allocation Failure)
[263.642s][info][gc,heap        ] GC(1676) PSYoungGen: 33792K(34816K)->1024K(34816K) Eden: 33792K(33792K)->0K(33792K) From: 0K(1024K)->1024K(1024K)
[263.642s][info][gc,heap        ] GC(1676) ParOldGen: 4078K(349696K)->4502K(349696K)
[263.642s][info][gc,metaspace   ] GC(1676) Metaspace: 9957K(10368K)->9957K(10368K) NonClass: 8654K(8896K)->8654K(8896K) Class: 1302K(1472K)->1302K(1472K)
[263.642s][info][gc             ] GC(1676) Pause Young (Allocation Failure) 36M->5M(375M) 1.602ms
[263.642s][info][gc,cpu         ] GC(1676) User=0.00s Sys=0.00s Real=0.00s
[263.773s][info][gc,start       ] GC(1677) Pause Young (Allocation Failure)
[263.775s][info][gc,heap        ] GC(1677) PSYoungGen: 34816K(34816K)->960K(35328K) Eden: 33792K(33792K)->0K(33792K) From: 1024K(1024K)->960K(1536K)
[263.775s][info][gc,heap        ] GC(1677) ParOldGen: 4502K(349696K)->5118K(349696K)
[263.775s][info][gc,metaspace   ] GC(1677) Metaspace: 9957K(10368K)->9957K(10368K) NonClass: 8654K(8896K)->8654K(8896K) Class: 1302K(1472K)->1302K(1472K)
[263.775s][info][gc             ] GC(1677) Pause Young (Allocation Failure) 38M->5M(376M) 1.625ms
[263.775s][info][gc,cpu         ] GC(1677) User=0.00s Sys=0.00s Real=0.00s
[263.909s][info][gc,start       ] GC(1678) Pause Young (Allocation Failure)
[263.910s][info][gc,heap        ] GC(1678) PSYoungGen: 34752K(35328K)->896K(35328K) Eden: 33792K(33792K)->0K(33792K) From: 960K(1536K)->896K(1536K)
[263.910s][info][gc,heap        ] GC(1678) ParOldGen: 5118K(349696K)->5470K(349696K)
[263.910s][info][gc,metaspace   ] GC(1678) Metaspace: 9957K(10368K)->9957K(10368K) NonClass: 8654K(8896K)->8654K(8896K) Class: 1302K(1472K)->1302K(1472K)
[263.910s][info][gc             ] GC(1678) Pause Young (Allocation Failure) 38M->6M(376M) 1.231ms
[263.910s][info][gc,cpu         ] GC(1678) User=0.00s Sys=0.00s Real=0.00s
[264.046s][info][gc,start       ] GC(1679) Pause Young (Allocation Failure)
[264.047s][info][gc,heap        ] GC(1679) PSYoungGen: 34688K(35328K)->544K(35328K) Eden: 33792K(33792K)->0K(33792K) From: 896K(1536K)->544K(1536K)
[264.047s][info][gc,heap        ] GC(1679) ParOldGen: 5470K(349696K)->5774K(349696K)
[264.047s][info][gc,metaspace   ] GC(1679) Metaspace: 9957K(10368K)->9957K(10368K) NonClass: 8654K(8896K)->8654K(8896K) Class: 1302K(1472K)->1302K(1472K)
[264.047s][info][gc             ] GC(1679) Pause Young (Allocation Failure) 39M->6M(376M) 1.064ms
[264.047s][info][gc,cpu         ] GC(1679) User=0.00s Sys=0.00s Real=0.00s
[264.189s][info][gc,start       ] GC(1680) Pause Young (Allocation Failure)
[264.189s][info][gc,heap        ] GC(1680) PSYoungGen: 34335K(35328K)->800K(35328K) Eden: 33791K(33792K)->0K(33792K) From: 544K(1536K)->800K(1536K)
[264.190s][info][gc,heap        ] GC(1680) ParOldGen: 5774K(349696K)->5774K(349696K)
[264.190s][info][gc,metaspace   ] GC(1680) Metaspace: 9957K(10368K)->9957K(10368K) NonClass: 8654K(8896K)->8654K(8896K) Class: 1302K(1472K)->1302K(1472K)
[264.190s][info][gc             ] GC(1680) Pause Young (Allocation Failure) 39M->6M(376M) 0.992ms
[264.190s][info][gc,cpu         ] GC(1680) User=0.00s Sys=0.00s Real=0.00s
[264.328s][info][gc,start       ] GC(1681) Pause Young (Allocation Failure)
[264.329s][info][gc,heap        ] GC(1681) PSYoungGen: 34592K(35328K)->640K(35328K) Eden: 33792K(33792K)->0K(33792K) From: 800K(1536K)->640K(1536K)
[264.329s][info][gc,heap        ] GC(1681) ParOldGen: 5774K(349696K)->6022K(349696K)
[264.329s][info][gc,metaspace   ] GC(1681) Metaspace: 9957K(10368K)->9957K(10368K) NonClass: 8654K(8896K)->8654K(8896K) Class: 1302K(1472K)->1302K(1472K)
[264.329s][info][gc             ] GC(1681) Pause Young (Allocation Failure) 39M->6M(376M) 1.050ms
[264.329s][info][gc,cpu         ] GC(1681) User=0.00s Sys=0.00s Real=0.00s
[264.466s][info][gc,start       ] GC(1682) Pause Young (Allocation Failure)
[264.467s][info][gc,heap        ] GC(1682) PSYoungGen: 34432K(35328K)->576K(35328K) Eden: 33792K(33792K)->0K(33792K) From: 640K(1536K)->576K(1536K)
[264.467s][info][gc,heap        ] GC(1682) ParOldGen: 6022K(349696K)->6022K(349696K)
[264.467s][info][gc,metaspace   ] GC(1682) Metaspace: 9957K(10368K)->9957K(10368K) NonClass: 8654K(8896K)->8654K(8896K) Class: 1302K(1472K)->1302K(1472K)
[264.467s][info][gc             ] GC(1682) Pause Young (Allocation Failure) 39M->6M(376M) 0.813ms
[264.467s][info][gc,cpu         ] GC(1682) User=0.00s Sys=0.00s Real=0.00s
[264.603s][info][gc,start       ] GC(1683) Pause Young (Allocation Failure)
[264.604s][info][gc,heap        ] GC(1683) PSYoungGen: 34368K(35328K)->832K(35328K) Eden: 33792K(33792K)->0K(33792K) From: 576K(1536K)->832K(1536K)
[264.604s][info][gc,heap        ] GC(1683) ParOldGen: 6022K(349696K)->6022K(349696K)
[264.604s][info][gc,metaspace   ] GC(1683) Metaspace: 9957K(10368K)->9957K(10368K) NonClass: 8654K(8896K)->8654K(8896K) Class: 1302K(1472K)->1302K(1472K)
[264.604s][info][gc             ] GC(1683) Pause Young (Allocation Failure) 39M->6M(376M) 0.964ms
[264.604s][info][gc,cpu         ] GC(1683) User=0.00s Sys=0.00s Real=0.00s
[264.747s][info][gc,start       ] GC(1684) Pause Young (Allocation Failure)
[264.748s][info][gc,heap        ] GC(1684) PSYoungGen: 34624K(35328K)->704K(35328K) Eden: 33792K(33792K)->0K(33792K) From: 832K(1536K)->704K(1536K)
[264.748s][info][gc,heap        ] GC(1684) ParOldGen: 6022K(349696K)->6278K(349696K)
[264.748s][info][gc,metaspace   ] GC(1684) Metaspace: 9957K(10368K)->9957K(10368K) NonClass: 8654K(8896K)->8654K(8896K) Class: 1302K(1472K)->1302K(1472K)
[264.748s][info][gc             ] GC(1684) Pause Young (Allocation Failure) 39M->6M(376M) 1.096ms
[264.748s][info][gc,cpu         ] GC(1684) User=0.00s Sys=0.00s Real=0.00s
[264.884s][info][gc,start       ] GC(1685) Pause Young (Allocation Failure)
[264.885s][info][gc,heap        ] GC(1685) PSYoungGen: 34496K(35328K)->608K(35328K) Eden: 33792K(33792K)->0K(33792K) From: 704K(1536K)->608K(1536K)
[264.885s][info][gc,heap        ] GC(1685) ParOldGen: 6278K(349696K)->6486K(349696K)
[264.885s][info][gc,metaspace   ] GC(1685) Metaspace: 9957K(10368K)->9957K(10368K) NonClass: 8654K(8896K)->8654K(8896K) Class: 1302K(1472K)->1302K(1472K)
[264.885s][info][gc             ] GC(1685) Pause Young (Allocation Failure) 39M->6M(376M) 1.019ms
[264.885s][info][gc,cpu         ] GC(1685) User=0.00s Sys=0.00s Real=0.00s
[265.023s][info][gc,start       ] GC(1686) Pause Young (Allocation Failure)
[265.024s][info][gc,heap        ] GC(1686) PSYoungGen: 34400K(35328K)->576K(35328K) Eden: 33792K(33792K)->0K(33792K) From: 608K(1536K)->576K(1536K)
[265.024s][info][gc,heap        ] GC(1686) ParOldGen: 6486K(349696K)->6486K(349696K)
[265.024s][info][gc,metaspace   ] GC(1686) Metaspace: 9957K(10368K)->9957K(10368K) NonClass: 8654K(8896K)->8654K(8896K) Class: 1302K(1472K)->1302K(1472K)
[265.024s][info][gc             ] GC(1686) Pause Young (Allocation Failure) 39M->6M(376M) 0.867ms
[265.024s][info][gc,cpu         ] GC(1686) User=0.00s Sys=0.00s Real=0.00s
[265.160s][info][gc,start       ] GC(1687) Pause Young (Allocation Failure)
[265.161s][info][gc,heap        ] GC(1687) PSYoungGen: 34368K(35328K)->608K(34816K) Eden: 33792K(33792K)->0K(33792K) From: 576K(1536K)->608K(1024K)
[265.161s][info][gc,heap        ] GC(1687) ParOldGen: 6486K(349696K)->6494K(349696K)
[265.161s][info][gc,metaspace   ] GC(1687) Metaspace: 9957K(10368K)->9957K(10368K) NonClass: 8654K(8896K)->8654K(8896K) Class: 1302K(1472K)->1302K(1472K)
[265.161s][info][gc             ] GC(1687) Pause Young (Allocation Failure) 39M->6M(375M) 0.903ms
[265.161s][info][gc,cpu         ] GC(1687) User=0.00s Sys=0.00s Real=0.00s
[265.293s][info][gc,start       ] GC(1688) Pause Young (Allocation Failure)
[265.294s][info][gc,heap        ] GC(1688) PSYoungGen: 34400K(34816K)->768K(34816K) Eden: 33792K(33792K)->0K(33792K) From: 608K(1024K)->768K(1024K)
[265.294s][info][gc,heap        ] GC(1688) ParOldGen: 6494K(349696K)->6526K(349696K)
[265.294s][info][gc,metaspace   ] GC(1688) Metaspace: 9957K(10368K)->9957K(10368K) NonClass: 8654K(8896K)->8654K(8896K) Class: 1302K(1472K)->1302K(1472K)
[265.294s][info][gc             ] GC(1688) Pause Young (Allocation Failure) 39M->7M(375M) 1.051ms
[265.294s][info][gc,cpu         ] GC(1688) User=0.00s Sys=0.00s Real=0.00s
[265.431s][info][gc,start       ] GC(1689) Pause Young (Allocation Failure)
[265.432s][info][gc,heap        ] GC(1689) PSYoungGen: 34560K(34816K)->512K(34304K) Eden: 33792K(33792K)->0K(33792K) From: 768K(1024K)->512K(512K)
[265.432s][info][gc,heap        ] GC(1689) ParOldGen: 6526K(349696K)->6734K(349696K)
[265.432s][info][gc,metaspace   ] GC(1689) Metaspace: 9957K(10368K)->9957K(10368K) NonClass: 8654K(8896K)->8654K(8896K) Class: 1302K(1472K)->1302K(1472K)
[265.432s][info][gc             ] GC(1689) Pause Young (Allocation Failure) 40M->7M(375M) 1.006ms
[265.432s][info][gc,cpu         ] GC(1689) User=0.00s Sys=0.00s Real=0.00s
[265.569s][info][gc,start       ] GC(1690) Pause Young (Allocation Failure)
[265.570s][info][gc,heap        ] GC(1690) PSYoungGen: 34304K(34304K)->608K(34816K) Eden: 33792K(33792K)->0K(33792K) From: 512K(512K)->608K(1024K)
[265.570s][info][gc,heap        ] GC(1690) ParOldGen: 6734K(349696K)->6774K(349696K)
[265.570s][info][gc,metaspace   ] GC(1690) Metaspace: 9957K(10368K)->9957K(10368K) NonClass: 8654K(8896K)->8654K(8896K) Class: 1302K(1472K)->1302K(1472K)
[265.570s][info][gc             ] GC(1690) Pause Young (Allocation Failure) 40M->7M(375M) 0.890ms
[265.570s][info][gc,cpu         ] GC(1690) User=0.00s Sys=0.00s Real=0.00s
[265.697s][info][gc,start       ] GC(1691) Pause Young (Allocation Failure)
[265.697s][info][gc,heap        ] GC(1691) PSYoungGen: 34400K(34816K)->576K(34816K) Eden: 33792K(33792K)->0K(33792K) From: 608K(1024K)->576K(1024K)
[265.697s][info][gc,heap        ] GC(1691) ParOldGen: 6774K(349696K)->6790K(349696K)
[265.698s][info][gc,metaspace   ] GC(1691) Metaspace: 9957K(10368K)->9957K(10368K) NonClass: 8654K(8896K)->8654K(8896K) Class: 1302K(1472K)->1302K(1472K)
[265.698s][info][gc             ] GC(1691) Pause Young (Allocation Failure) 40M->7M(375M) 0.860ms
[265.698s][info][gc,cpu         ] GC(1691) User=0.00s Sys=0.00s Real=0.00s
[265.828s][info][gc,start       ] GC(1692) Pause Young (Allocation Failure)
[265.828s][info][gc,heap        ] GC(1692) PSYoungGen: 34368K(34816K)->576K(34816K) Eden: 33792K(33792K)->0K(33792K) From: 576K(1024K)->576K(1024K)
[265.828s][info][gc,heap        ] GC(1692) ParOldGen: 6790K(349696K)->6798K(349696K)
[265.828s][info][gc,metaspace   ] GC(1692) Metaspace: 9957K(10368K)->9957K(10368K) NonClass: 8654K(8896K)->8654K(8896K) Class: 1302K(1472K)->1302K(1472K)
[265.828s][info][gc             ] GC(1692) Pause Young (Allocation Failure) 40M->7M(375M) 0.866ms
[265.828s][info][gc,cpu         ] GC(1692) User=0.00s Sys=0.00s Real=0.00s
[265.964s][info][gc,start       ] GC(1693) Pause Young (Allocation Failure)
[265.964s][info][gc,heap        ] GC(1693) PSYoungGen: 34368K(34816K)->672K(34816K) Eden: 33792K(33792K)->0K(33792K) From: 576K(1024K)->672K(1024K)
[265.965s][info][gc,heap        ] GC(1693) ParOldGen: 6798K(349696K)->6798K(349696K)
[265.965s][info][gc,metaspace   ] GC(1693) Metaspace: 9957K(10368K)->9957K(10368K) NonClass: 8654K(8896K)->8654K(8896K) Class: 1302K(1472K)->1302K(1472K)
[265.965s][info][gc             ] GC(1693) Pause Young (Allocation Failure) 40M->7M(375M) 0.977ms
[265.965s][info][gc,cpu         ] GC(1693) User=0.00s Sys=0.00s Real=0.00s
[266.106s][info][gc,start       ] GC(1694) Pause Young (Allocation Failure)
[266.106s][info][gc,heap        ] GC(1694) PSYoungGen: 34464K(34816K)->608K(34816K) Eden: 33792K(33792K)->0K(33792K) From: 672K(1024K)->608K(1024K)
[266.106s][info][gc,heap        ] GC(1694) ParOldGen: 6798K(349696K)->6798K(349696K)
[266.106s][info][gc,metaspace   ] GC(1694) Metaspace: 9957K(10368K)->9957K(10368K) NonClass: 8654K(8896K)->8654K(8896K) Class: 1302K(1472K)->1302K(1472K)
[266.107s][info][gc             ] GC(1694) Pause Young (Allocation Failure) 40M->7M(375M) 0.883ms
[266.107s][info][gc,cpu         ] GC(1694) User=0.00s Sys=0.00s Real=0.00s
[266.241s][info][gc,start       ] GC(1695) Pause Young (Allocation Failure)
[266.242s][info][gc,heap        ] GC(1695) PSYoungGen: 34399K(34816K)->576K(34816K) Eden: 33791K(33792K)->0K(33792K) From: 608K(1024K)->576K(1024K)
[266.242s][info][gc,heap        ] GC(1695) ParOldGen: 6798K(349696K)->6798K(349696K)
[266.242s][info][gc,metaspace   ] GC(1695) Metaspace: 9957K(10368K)->9957K(10368K) NonClass: 8654K(8896K)->8654K(8896K) Class: 1302K(1472K)->1302K(1472K)
[266.242s][info][gc             ] GC(1695) Pause Young (Allocation Failure) 40M->7M(375M) 0.832ms
[266.242s][info][gc,cpu         ] GC(1695) User=0.00s Sys=0.00s Real=0.00s
[266.376s][info][gc,start       ] GC(1696) Pause Young (Allocation Failure)
[266.377s][info][gc,heap        ] GC(1696) PSYoungGen: 34368K(34816K)->576K(34816K) Eden: 33792K(33792K)->0K(33792K) From: 576K(1024K)->576K(1024K)
[266.377s][info][gc,heap        ] GC(1696) ParOldGen: 6798K(349696K)->6798K(349696K)
[266.377s][info][gc,metaspace   ] GC(1696) Metaspace: 9957K(10368K)->9957K(10368K) NonClass: 8654K(8896K)->8654K(8896K) Class: 1302K(1472K)->1302K(1472K)
[266.377s][info][gc             ] GC(1696) Pause Young (Allocation Failure) 40M->7M(375M) 0.967ms
[266.377s][info][gc,cpu         ] GC(1696) User=0.02s Sys=0.00s Real=0.01s
[266.525s][info][gc,start       ] GC(1697) Pause Young (Allocation Failure)
[266.526s][info][gc,heap        ] GC(1697) PSYoungGen: 34368K(34816K)->576K(34816K) Eden: 33792K(33792K)->0K(33792K) From: 576K(1024K)->576K(1024K)
[266.526s][info][gc,heap        ] GC(1697) ParOldGen: 6798K(349696K)->6798K(349696K)
[266.526s][info][gc,metaspace   ] GC(1697) Metaspace: 9957K(10368K)->9957K(10368K) NonClass: 8654K(8896K)->8654K(8896K) Class: 1302K(1472K)->1302K(1472K)
[266.526s][info][gc             ] GC(1697) Pause Young (Allocation Failure) 40M->7M(375M) 0.872ms
[266.526s][info][gc,cpu         ] GC(1697) User=0.00s Sys=0.00s Real=0.00s
[266.668s][info][gc,start       ] GC(1698) Pause Young (Allocation Failure)
[266.669s][info][gc,heap        ] GC(1698) PSYoungGen: 34368K(34816K)->608K(34816K) Eden: 33792K(33792K)->0K(33792K) From: 576K(1024K)->608K(1024K)
[266.669s][info][gc,heap        ] GC(1698) ParOldGen: 6798K(349696K)->6798K(349696K)
[266.669s][info][gc,metaspace   ] GC(1698) Metaspace: 9957K(10368K)->9957K(10368K) NonClass: 8654K(8896K)->8654K(8896K) Class: 1302K(1472K)->1302K(1472K)
[266.669s][info][gc             ] GC(1698) Pause Young (Allocation Failure) 40M->7M(375M) 0.857ms
[266.669s][info][gc,cpu         ] GC(1698) User=0.00s Sys=0.00s Real=0.00s
[266.809s][info][gc,start       ] GC(1699) Pause Young (Allocation Failure)
[266.809s][info][gc,heap        ] GC(1699) PSYoungGen: 34400K(34816K)->576K(34816K) Eden: 33792K(33792K)->0K(33792K) From: 608K(1024K)->576K(1024K)
[266.810s][info][gc,heap        ] GC(1699) ParOldGen: 6798K(349696K)->6798K(349696K)
[266.810s][info][gc,metaspace   ] GC(1699) Metaspace: 9957K(10368K)->9957K(10368K) NonClass: 8654K(8896K)->8654K(8896K) Class: 1302K(1472K)->1302K(1472K)
[266.810s][info][gc             ] GC(1699) Pause Young (Allocation Failure) 40M->7M(375M) 0.883ms
[266.810s][info][gc,cpu         ] GC(1699) User=0.00s Sys=0.00s Real=0.00s
[266.943s][info][gc,start       ] GC(1700) Pause Young (Allocation Failure)
[266.944s][info][gc,heap        ] GC(1700) PSYoungGen: 34367K(34816K)->544K(34816K) Eden: 33791K(33792K)->0K(33792K) From: 576K(1024K)->544K(1024K)
[266.944s][info][gc,heap        ] GC(1700) ParOldGen: 6798K(349696K)->6798K(349696K)
[266.944s][info][gc,metaspace   ] GC(1700) Metaspace: 9957K(10368K)->9957K(10368K) NonClass: 8654K(8896K)->8654K(8896K) Class: 1302K(1472K)->1302K(1472K)
[266.944s][info][gc             ] GC(1700) Pause Young (Allocation Failure) 40M->7M(375M) 0.817ms
[266.944s][info][gc,cpu         ] GC(1700) User=0.00s Sys=0.00s Real=0.00s
[267.079s][info][gc,start       ] GC(1701) Pause Young (Allocation Failure)
[267.080s][info][gc,heap        ] GC(1701) PSYoungGen: 34336K(34816K)->544K(34816K) Eden: 33792K(33792K)->0K(33792K) From: 544K(1024K)->544K(1024K)
[267.080s][info][gc,heap        ] GC(1701) ParOldGen: 6798K(349696K)->6798K(349696K)
[267.080s][info][gc,metaspace   ] GC(1701) Metaspace: 9957K(10368K)->9957K(10368K) NonClass: 8654K(8896K)->8654K(8896K) Class: 1302K(1472K)->1302K(1472K)
[267.080s][info][gc             ] GC(1701) Pause Young (Allocation Failure) 40M->7M(375M) 0.792ms
[267.080s][info][gc,cpu         ] GC(1701) User=0.00s Sys=0.00s Real=0.00s
[267.224s][info][gc,start       ] GC(1702) Pause Young (Allocation Failure)
[267.224s][info][gc,heap        ] GC(1702) PSYoungGen: 34336K(34816K)->576K(34816K) Eden: 33792K(33792K)->0K(33792K) From: 544K(1024K)->576K(1024K)
[267.224s][info][gc,heap        ] GC(1702) ParOldGen: 6798K(349696K)->6798K(349696K)
[267.224s][info][gc,metaspace   ] GC(1702) Metaspace: 9957K(10368K)->9957K(10368K) NonClass: 8654K(8896K)->8654K(8896K) Class: 1302K(1472K)->1302K(1472K)
[267.224s][info][gc             ] GC(1702) Pause Young (Allocation Failure) 40M->7M(375M) 0.866ms
[267.224s][info][gc,cpu         ] GC(1702) User=0.00s Sys=0.00s Real=0.00s
[267.359s][info][gc,start       ] GC(1703) Pause Young (Allocation Failure)
[267.360s][info][gc,heap        ] GC(1703) PSYoungGen: 34368K(34816K)->800K(34816K) Eden: 33792K(33792K)->0K(33792K) From: 576K(1024K)->800K(1024K)
[267.360s][info][gc,heap        ] GC(1703) ParOldGen: 6798K(349696K)->6822K(349696K)
[267.360s][info][gc,metaspace   ] GC(1703) Metaspace: 9957K(10368K)->9957K(10368K) NonClass: 8654K(8896K)->8654K(8896K) Class: 1302K(1472K)->1302K(1472K)
[267.360s][info][gc             ] GC(1703) Pause Young (Allocation Failure) 40M->7M(375M) 1.010ms
[267.360s][info][gc,cpu         ] GC(1703) User=0.00s Sys=0.02s Real=0.02s
[267.500s][info][gc,start       ] GC(1704) Pause Young (Allocation Failure)
[267.501s][info][gc,heap        ] GC(1704) PSYoungGen: 34592K(34816K)->736K(34816K) Eden: 33792K(33792K)->0K(33792K) From: 800K(1024K)->736K(1024K)
[267.501s][info][gc,heap        ] GC(1704) ParOldGen: 6822K(349696K)->6830K(349696K)
[267.501s][info][gc,metaspace   ] GC(1704) Metaspace: 9957K(10368K)->9957K(10368K) NonClass: 8654K(8896K)->8654K(8896K) Class: 1302K(1472K)->1302K(1472K)
[267.501s][info][gc             ] GC(1704) Pause Young (Allocation Failure) 40M->7M(375M) 0.891ms
[267.501s][info][gc,cpu         ] GC(1704) User=0.14s Sys=0.00s Real=0.02s
[267.637s][info][gc,start       ] GC(1705) Pause Young (Allocation Failure)
[267.638s][info][gc,heap        ] GC(1705) PSYoungGen: 34528K(34816K)->768K(34816K) Eden: 33792K(33792K)->0K(33792K) From: 736K(1024K)->768K(1024K)
[267.638s][info][gc,heap        ] GC(1705) ParOldGen: 6830K(349696K)->7078K(349696K)
[267.638s][info][gc,metaspace   ] GC(1705) Metaspace: 9957K(10368K)->9957K(10368K) NonClass: 8654K(8896K)->8654K(8896K) Class: 1302K(1472K)->1302K(1472K)
[267.638s][info][gc             ] GC(1705) Pause Young (Allocation Failure) 40M->7M(375M) 1.172ms
[267.638s][info][gc,cpu         ] GC(1705) User=0.00s Sys=0.00s Real=0.00s
[267.774s][info][gc,start       ] GC(1706) Pause Young (Allocation Failure)
[267.775s][info][gc,heap        ] GC(1706) PSYoungGen: 34560K(34816K)->608K(34816K) Eden: 33792K(33792K)->0K(33792K) From: 768K(1024K)->608K(1024K)
[267.775s][info][gc,heap        ] GC(1706) ParOldGen: 7078K(349696K)->7254K(349696K)
[267.775s][info][gc,metaspace   ] GC(1706) Metaspace: 9957K(10368K)->9957K(10368K) NonClass: 8654K(8896K)->8654K(8896K) Class: 1302K(1472K)->1302K(1472K)
[267.775s][info][gc             ] GC(1706) Pause Young (Allocation Failure) 40M->7M(375M) 0.938ms
[267.775s][info][gc,cpu         ] GC(1706) User=0.00s Sys=0.00s Real=0.00s
[267.911s][info][gc,start       ] GC(1707) Pause Young (Allocation Failure)
[267.912s][info][gc,heap        ] GC(1707) PSYoungGen: 34400K(34816K)->576K(34816K) Eden: 33792K(33792K)->0K(33792K) From: 608K(1024K)->576K(1024K)
[267.912s][info][gc,heap        ] GC(1707) ParOldGen: 7254K(349696K)->7254K(349696K)
[267.912s][info][gc,metaspace   ] GC(1707) Metaspace: 9957K(10368K)->9957K(10368K) NonClass: 8654K(8896K)->8654K(8896K) Class: 1302K(1472K)->1302K(1472K)
[267.912s][info][gc             ] GC(1707) Pause Young (Allocation Failure) 40M->7M(375M) 0.876ms
[267.912s][info][gc,cpu         ] GC(1707) User=0.00s Sys=0.00s Real=0.00s
[268.042s][info][gc,start       ] GC(1708) Pause Young (Allocation Failure)
[268.043s][info][gc,heap        ] GC(1708) PSYoungGen: 34368K(34816K)->608K(34816K) Eden: 33792K(33792K)->0K(33792K) From: 576K(1024K)->608K(1024K)
[268.043s][info][gc,heap        ] GC(1708) ParOldGen: 7254K(349696K)->7254K(349696K)
[268.043s][info][gc,metaspace   ] GC(1708) Metaspace: 9957K(10368K)->9957K(10368K) NonClass: 8654K(8896K)->8654K(8896K) Class: 1302K(1472K)->1302K(1472K)
[268.043s][info][gc             ] GC(1708) Pause Young (Allocation Failure) 40M->7M(375M) 0.903ms
[268.043s][info][gc,cpu         ] GC(1708) User=0.00s Sys=0.00s Real=0.00s
[268.179s][info][gc,start       ] GC(1709) Pause Young (Allocation Failure)
[268.180s][info][gc,heap        ] GC(1709) PSYoungGen: 34400K(34816K)->576K(34816K) Eden: 33792K(33792K)->0K(33792K) From: 608K(1024K)->576K(1024K)
[268.180s][info][gc,heap        ] GC(1709) ParOldGen: 7254K(349696K)->7262K(349696K)
[268.180s][info][gc,metaspace   ] GC(1709) Metaspace: 9957K(10368K)->9957K(10368K) NonClass: 8654K(8896K)->8654K(8896K) Class: 1302K(1472K)->1302K(1472K)
[268.180s][info][gc             ] GC(1709) Pause Young (Allocation Failure) 40M->7M(375M) 0.863ms
[268.180s][info][gc,cpu         ] GC(1709) User=0.14s Sys=0.00s Real=0.02s
[268.315s][info][gc,start       ] GC(1710) Pause Young (Allocation Failure)
[268.316s][info][gc,heap        ] GC(1710) PSYoungGen: 34368K(34816K)->832K(34816K) Eden: 33792K(33792K)->0K(33792K) From: 576K(1024K)->832K(1024K)
[268.316s][info][gc,heap        ] GC(1710) ParOldGen: 7262K(349696K)->7270K(349696K)
[268.316s][info][gc,metaspace   ] GC(1710) Metaspace: 9957K(10368K)->9957K(10368K) NonClass: 8654K(8896K)->8654K(8896K) Class: 1302K(1472K)->1302K(1472K)
[268.316s][info][gc             ] GC(1710) Pause Young (Allocation Failure) 40M->7M(375M) 1.019ms
[268.316s][info][gc,cpu         ] GC(1710) User=0.00s Sys=0.00s Real=0.00s
[268.459s][info][gc,start       ] GC(1711) Pause Young (Allocation Failure)
[268.460s][info][gc,heap        ] GC(1711) PSYoungGen: 34624K(34816K)->608K(34816K) Eden: 33792K(33792K)->0K(33792K) From: 832K(1024K)->608K(1024K)
[268.460s][info][gc,heap        ] GC(1711) ParOldGen: 7270K(349696K)->7510K(349696K)
[268.460s][info][gc,metaspace   ] GC(1711) Metaspace: 9957K(10368K)->9957K(10368K) NonClass: 8654K(8896K)->8654K(8896K) Class: 1302K(1472K)->1302K(1472K)
[268.460s][info][gc             ] GC(1711) Pause Young (Allocation Failure) 40M->7M(375M) 0.996ms
[268.460s][info][gc,cpu         ] GC(1711) User=0.00s Sys=0.00s Real=0.00s
[268.597s][info][gc,start       ] GC(1712) Pause Young (Allocation Failure)
[268.598s][info][gc,heap        ] GC(1712) PSYoungGen: 34400K(34816K)->576K(34816K) Eden: 33792K(33792K)->0K(33792K) From: 608K(1024K)->576K(1024K)
[268.598s][info][gc,heap        ] GC(1712) ParOldGen: 7510K(349696K)->7510K(349696K)
[268.598s][info][gc,metaspace   ] GC(1712) Metaspace: 9957K(10368K)->9957K(10368K) NonClass: 8654K(8896K)->8654K(8896K) Class: 1302K(1472K)->1302K(1472K)
[268.598s][info][gc             ] GC(1712) Pause Young (Allocation Failure) 40M->7M(375M) 0.879ms
[268.598s][info][gc,cpu         ] GC(1712) User=0.00s Sys=0.00s Real=0.00s
[268.727s][info][gc,start       ] GC(1713) Pause Young (Allocation Failure)
[268.728s][info][gc,heap        ] GC(1713) PSYoungGen: 34368K(34816K)->576K(34816K) Eden: 33792K(33792K)->0K(33792K) From: 576K(1024K)->576K(1024K)
[268.728s][info][gc,heap        ] GC(1713) ParOldGen: 7510K(349696K)->7510K(349696K)
[268.728s][info][gc,metaspace   ] GC(1713) Metaspace: 9957K(10368K)->9957K(10368K) NonClass: 8654K(8896K)->8654K(8896K) Class: 1302K(1472K)->1302K(1472K)
[268.728s][info][gc             ] GC(1713) Pause Young (Allocation Failure) 40M->7M(375M) 0.965ms
[268.728s][info][gc,cpu         ] GC(1713) User=0.00s Sys=0.00s Real=0.00s
[268.856s][info][gc,start       ] GC(1714) Pause Young (Allocation Failure)
[268.857s][info][gc,heap        ] GC(1714) PSYoungGen: 34368K(34816K)->544K(34816K) Eden: 33792K(33792K)->0K(33792K) From: 576K(1024K)->544K(1024K)
[268.857s][info][gc,heap        ] GC(1714) ParOldGen: 7510K(349696K)->7510K(349696K)
[268.857s][info][gc,metaspace   ] GC(1714) Metaspace: 9957K(10368K)->9957K(10368K) NonClass: 8654K(8896K)->8654K(8896K) Class: 1302K(1472K)->1302K(1472K)
[268.857s][info][gc             ] GC(1714) Pause Young (Allocation Failure) 40M->7M(375M) 0.741ms
[268.857s][info][gc,cpu         ] GC(1714) User=0.00s Sys=0.00s Real=0.00s
[268.995s][info][gc,start       ] GC(1715) Pause Young (Allocation Failure)
[268.995s][info][gc,heap        ] GC(1715) PSYoungGen: 34336K(34816K)->640K(34816K) Eden: 33792K(33792K)->0K(33792K) From: 544K(1024K)->640K(1024K)
[268.995s][info][gc,heap        ] GC(1715) ParOldGen: 7510K(349696K)->7510K(349696K)
[268.995s][info][gc,metaspace   ] GC(1715) Metaspace: 9957K(10368K)->9957K(10368K) NonClass: 8654K(8896K)->8654K(8896K) Class: 1302K(1472K)->1302K(1472K)
[268.995s][info][gc             ] GC(1715) Pause Young (Allocation Failure) 40M->7M(375M) 0.850ms
[268.995s][info][gc,cpu         ] GC(1715) User=0.00s Sys=0.00s Real=0.00s
[269.125s][info][gc,start       ] GC(1716) Pause Young (Allocation Failure)
[269.126s][info][gc,heap        ] GC(1716) PSYoungGen: 34432K(34816K)->576K(34816K) Eden: 33792K(33792K)->0K(33792K) From: 640K(1024K)->576K(1024K)
[269.126s][info][gc,heap        ] GC(1716) ParOldGen: 7510K(349696K)->7510K(349696K)
[269.126s][info][gc,metaspace   ] GC(1716) Metaspace: 9957K(10368K)->9957K(10368K) NonClass: 8654K(8896K)->8654K(8896K) Class: 1302K(1472K)->1302K(1472K)
[269.126s][info][gc             ] GC(1716) Pause Young (Allocation Failure) 40M->7M(375M) 0.846ms
[269.126s][info][gc,cpu         ] GC(1716) User=0.00s Sys=0.00s Real=0.00s
[269.263s][info][gc,start       ] GC(1717) Pause Young (Allocation Failure)
[269.264s][info][gc,heap        ] GC(1717) PSYoungGen: 34368K(34816K)->800K(34816K) Eden: 33792K(33792K)->0K(33792K) From: 576K(1024K)->800K(1024K)
[269.264s][info][gc,heap        ] GC(1717) ParOldGen: 7510K(349696K)->7518K(349696K)
[269.264s][info][gc,metaspace   ] GC(1717) Metaspace: 9957K(10368K)->9957K(10368K) NonClass: 8654K(8896K)->8654K(8896K) Class: 1302K(1472K)->1302K(1472K)
[269.264s][info][gc             ] GC(1717) Pause Young (Allocation Failure) 40M->8M(375M) 0.942ms
[269.264s][info][gc,cpu         ] GC(1717) User=0.00s Sys=0.00s Real=0.00s
[269.403s][info][gc,start       ] GC(1718) Pause Young (Allocation Failure)
[269.404s][info][gc,heap        ] GC(1718) PSYoungGen: 34592K(34816K)->608K(34816K) Eden: 33792K(33792K)->0K(33792K) From: 800K(1024K)->608K(1024K)
[269.404s][info][gc,heap        ] GC(1718) ParOldGen: 7518K(349696K)->7726K(349696K)
[269.404s][info][gc,metaspace   ] GC(1718) Metaspace: 9957K(10368K)->9957K(10368K) NonClass: 8654K(8896K)->8654K(8896K) Class: 1302K(1472K)->1302K(1472K)
[269.404s][info][gc             ] GC(1718) Pause Young (Allocation Failure) 41M->8M(375M) 1.001ms
[269.404s][info][gc,cpu         ] GC(1718) User=0.00s Sys=0.00s Real=0.00s
[269.545s][info][gc,start       ] GC(1719) Pause Young (Allocation Failure)
[269.546s][info][gc,heap        ] GC(1719) PSYoungGen: 34400K(34816K)->576K(34816K) Eden: 33792K(33792K)->0K(33792K) From: 608K(1024K)->576K(1024K)
[269.546s][info][gc,heap        ] GC(1719) ParOldGen: 7726K(349696K)->7726K(349696K)
[269.546s][info][gc,metaspace   ] GC(1719) Metaspace: 9957K(10368K)->9957K(10368K) NonClass: 8654K(8896K)->8654K(8896K) Class: 1302K(1472K)->1302K(1472K)
[269.546s][info][gc             ] GC(1719) Pause Young (Allocation Failure) 41M->8M(375M) 0.852ms
[269.546s][info][gc,cpu         ] GC(1719) User=0.00s Sys=0.02s Real=0.02s
[269.677s][info][gc,start       ] GC(1720) Pause Young (Allocation Failure)
[269.677s][info][gc,heap        ] GC(1720) PSYoungGen: 34368K(34816K)->576K(34816K) Eden: 33792K(33792K)->0K(33792K) From: 576K(1024K)->576K(1024K)
[269.677s][info][gc,heap        ] GC(1720) ParOldGen: 7726K(349696K)->7726K(349696K)
[269.677s][info][gc,metaspace   ] GC(1720) Metaspace: 9957K(10368K)->9957K(10368K) NonClass: 8654K(8896K)->8654K(8896K) Class: 1302K(1472K)->1302K(1472K)
[269.677s][info][gc             ] GC(1720) Pause Young (Allocation Failure) 41M->8M(375M) 0.898ms
[269.678s][info][gc,cpu         ] GC(1720) User=0.00s Sys=0.00s Real=0.00s
[269.815s][info][gc,start       ] GC(1721) Pause Young (Allocation Failure)
[269.815s][info][gc,heap        ] GC(1721) PSYoungGen: 34368K(34816K)->608K(34816K) Eden: 33792K(33792K)->0K(33792K) From: 576K(1024K)->608K(1024K)
[269.816s][info][gc,heap        ] GC(1721) ParOldGen: 7726K(349696K)->7726K(349696K)
[269.816s][info][gc,metaspace   ] GC(1721) Metaspace: 9957K(10368K)->9957K(10368K) NonClass: 8654K(8896K)->8654K(8896K) Class: 1302K(1472K)->1302K(1472K)
[269.816s][info][gc             ] GC(1721) Pause Young (Allocation Failure) 41M->8M(375M) 0.873ms
[269.816s][info][gc,cpu         ] GC(1721) User=0.00s Sys=0.00s Real=0.00s
[269.948s][info][gc,start       ] GC(1722) Pause Young (Allocation Failure)
[269.949s][info][gc,heap        ] GC(1722) PSYoungGen: 34400K(34816K)->576K(34816K) Eden: 33792K(33792K)->0K(33792K) From: 608K(1024K)->576K(1024K)
[269.949s][info][gc,heap        ] GC(1722) ParOldGen: 7726K(349696K)->7726K(349696K)
[269.949s][info][gc,metaspace   ] GC(1722) Metaspace: 9957K(10368K)->9957K(10368K) NonClass: 8654K(8896K)->8654K(8896K) Class: 1302K(1472K)->1302K(1472K)
[269.949s][info][gc             ] GC(1722) Pause Young (Allocation Failure) 41M->8M(375M) 0.875ms
[269.949s][info][gc,cpu         ] GC(1722) User=0.00s Sys=0.00s Real=0.00s
[270.083s][info][gc,start       ] GC(1723) Pause Young (Allocation Failure)
[270.084s][info][gc,heap        ] GC(1723) PSYoungGen: 34368K(34816K)->576K(34816K) Eden: 33792K(33792K)->0K(33792K) From: 576K(1024K)->576K(1024K)
[270.084s][info][gc,heap        ] GC(1723) ParOldGen: 7726K(349696K)->7726K(349696K)
[270.084s][info][gc,metaspace   ] GC(1723) Metaspace: 9957K(10368K)->9957K(10368K) NonClass: 8654K(8896K)->8654K(8896K) Class: 1302K(1472K)->1302K(1472K)
[270.084s][info][gc             ] GC(1723) Pause Young (Allocation Failure) 41M->8M(375M) 0.835ms
[270.084s][info][gc,cpu         ] GC(1723) User=0.00s Sys=0.00s Real=0.00s
[270.154s][info][gc,start       ] GC(1724) Pause Young (System.gc())
[270.155s][info][gc,heap        ] GC(1724) PSYoungGen: 18587K(34816K)->576K(34816K) Eden: 18011K(33792K)->0K(33792K) From: 576K(1024K)->576K(1024K)
[270.155s][info][gc,heap        ] GC(1724) ParOldGen: 7726K(349696K)->7782K(349696K)
[270.155s][info][gc,metaspace   ] GC(1724) Metaspace: 9957K(10368K)->9957K(10368K) NonClass: 8654K(8896K)->8654K(8896K) Class: 1302K(1472K)->1302K(1472K)
[270.155s][info][gc             ] GC(1724) Pause Young (System.gc()) 25M->8M(375M) 0.790ms
[270.155s][info][gc,cpu         ] GC(1724) User=0.02s Sys=0.00s Real=0.02s
[270.155s][info][gc,start       ] GC(1725) Pause Full (System.gc())
[270.155s][info][gc,phases,start] GC(1725) Marking Phase
[270.169s][info][gc,phases      ] GC(1725) Marking Phase 13.879ms
[270.169s][info][gc,phases,start] GC(1725) Summary Phase
[270.169s][info][gc,phases      ] GC(1725) Summary Phase 0.031ms
[270.169s][info][gc,phases,start] GC(1725) Adjust Roots
[270.174s][info][gc,phases      ] GC(1725) Adjust Roots 4.322ms
[270.174s][info][gc,phases,start] GC(1725) Compaction Phase
[270.177s][info][gc,phases      ] GC(1725) Compaction Phase 2.980ms
[270.177s][info][gc,phases,start] GC(1725) Post Compact
[270.177s][info][gc,phases      ] GC(1725) Post Compact 0.288ms
[270.177s][info][gc,heap        ] GC(1725) PSYoungGen: 576K(34816K)->0K(34816K) Eden: 0K(33792K)->0K(33792K) From: 576K(1024K)->0K(1024K)
[270.177s][info][gc,heap        ] GC(1725) ParOldGen: 7782K(349696K)->4078K(349696K)
[270.177s][info][gc,metaspace   ] GC(1725) Metaspace: 9957K(10368K)->9957K(10368K) NonClass: 8654K(8896K)->8654K(8896K) Class: 1302K(1472K)->1302K(1472K)
[270.177s][info][gc             ] GC(1725) Pause Full (System.gc()) 8M->3M(375M) 21.912ms
[270.177s][info][gc,cpu         ] GC(1725) User=0.02s Sys=0.00s Real=0.02s
[270.318s][info][gc,start       ] GC(1726) Pause Young (Allocation Failure)
[270.320s][info][gc,heap        ] GC(1726) PSYoungGen: 33792K(34816K)->1024K(34816K) Eden: 33792K(33792K)->0K(33792K) From: 0K(1024K)->1024K(1024K)
[270.320s][info][gc,heap        ] GC(1726) ParOldGen: 4078K(349696K)->4374K(349696K)
[270.320s][info][gc,metaspace   ] GC(1726) Metaspace: 9957K(10368K)->9957K(10368K) NonClass: 8654K(8896K)->8654K(8896K) Class: 1302K(1472K)->1302K(1472K)
[270.320s][info][gc             ] GC(1726) Pause Young (Allocation Failure) 36M->5M(375M) 1.529ms
[270.320s][info][gc,cpu         ] GC(1726) User=0.00s Sys=0.00s Real=0.00s
[270.451s][info][gc,start       ] GC(1727) Pause Young (Allocation Failure)
[270.453s][info][gc,heap        ] GC(1727) PSYoungGen: 34816K(34816K)->1024K(34816K) Eden: 33792K(33792K)->0K(33792K) From: 1024K(1024K)->1024K(1024K)
[270.453s][info][gc,heap        ] GC(1727) ParOldGen: 4374K(349696K)->4790K(349696K)
[270.453s][info][gc,metaspace   ] GC(1727) Metaspace: 9957K(10368K)->9957K(10368K) NonClass: 8654K(8896K)->8654K(8896K) Class: 1302K(1472K)->1302K(1472K)
[270.453s][info][gc             ] GC(1727) Pause Young (Allocation Failure) 38M->5M(375M) 1.463ms
[270.453s][info][gc,cpu         ] GC(1727) User=0.14s Sys=0.00s Real=0.02s
[270.593s][info][gc,start       ] GC(1728) Pause Young (Allocation Failure)
[270.594s][info][gc,heap        ] GC(1728) PSYoungGen: 34816K(34816K)->608K(35328K) Eden: 33792K(33792K)->0K(33792K) From: 1024K(1024K)->608K(1536K)
[270.594s][info][gc,heap        ] GC(1728) ParOldGen: 4790K(349696K)->5342K(349696K)
[270.594s][info][gc,metaspace   ] GC(1728) Metaspace: 9957K(10368K)->9957K(10368K) NonClass: 8654K(8896K)->8654K(8896K) Class: 1302K(1472K)->1302K(1472K)
[270.594s][info][gc             ] GC(1728) Pause Young (Allocation Failure) 38M->5M(376M) 1.349ms
[270.594s][info][gc,cpu         ] GC(1728) User=0.00s Sys=0.00s Real=0.00s
[270.736s][info][gc,start       ] GC(1729) Pause Young (Allocation Failure)
[270.737s][info][gc,heap        ] GC(1729) PSYoungGen: 34400K(35328K)->640K(35328K) Eden: 33792K(33792K)->0K(33792K) From: 608K(1536K)->640K(1536K)
[270.737s][info][gc,heap        ] GC(1729) ParOldGen: 5342K(349696K)->5342K(349696K)
[270.737s][info][gc,metaspace   ] GC(1729) Metaspace: 9957K(10368K)->9957K(10368K) NonClass: 8654K(8896K)->8654K(8896K) Class: 1302K(1472K)->1302K(1472K)
[270.737s][info][gc             ] GC(1729) Pause Young (Allocation Failure) 38M->5M(376M) 1.006ms
[270.737s][info][gc,cpu         ] GC(1729) User=0.00s Sys=0.00s Real=0.00s
[270.871s][info][gc,start       ] GC(1730) Pause Young (Allocation Failure)
[270.872s][info][gc,heap        ] GC(1730) PSYoungGen: 34432K(35328K)->864K(35328K) Eden: 33792K(33792K)->0K(33792K) From: 640K(1536K)->864K(1536K)
[270.872s][info][gc,heap        ] GC(1730) ParOldGen: 5342K(349696K)->5414K(349696K)
[270.872s][info][gc,metaspace   ] GC(1730) Metaspace: 9957K(10368K)->9957K(10368K) NonClass: 8654K(8896K)->8654K(8896K) Class: 1302K(1472K)->1302K(1472K)
[270.872s][info][gc             ] GC(1730) Pause Young (Allocation Failure) 38M->6M(376M) 1.013ms
[270.872s][info][gc,cpu         ] GC(1730) User=0.00s Sys=0.00s Real=0.00s
[271.012s][info][gc,start       ] GC(1731) Pause Young (Allocation Failure)
[271.013s][info][gc,heap        ] GC(1731) PSYoungGen: 34656K(35328K)->608K(35328K) Eden: 33792K(33792K)->0K(33792K) From: 864K(1536K)->608K(1536K)
[271.013s][info][gc,heap        ] GC(1731) ParOldGen: 5414K(349696K)->5662K(349696K)
[271.013s][info][gc,metaspace   ] GC(1731) Metaspace: 9957K(10368K)->9957K(10368K) NonClass: 8654K(8896K)->8654K(8896K) Class: 1302K(1472K)->1302K(1472K)
[271.013s][info][gc             ] GC(1731) Pause Young (Allocation Failure) 39M->6M(376M) 1.035ms
[271.013s][info][gc,cpu         ] GC(1731) User=0.00s Sys=0.00s Real=0.00s
[271.153s][info][gc,start       ] GC(1732) Pause Young (Allocation Failure)
[271.154s][info][gc,heap        ] GC(1732) PSYoungGen: 34400K(35328K)->800K(35328K) Eden: 33792K(33792K)->0K(33792K) From: 608K(1536K)->800K(1536K)
[271.154s][info][gc,heap        ] GC(1732) ParOldGen: 5662K(349696K)->5718K(349696K)
[271.154s][info][gc,metaspace   ] GC(1732) Metaspace: 9957K(10368K)->9957K(10368K) NonClass: 8654K(8896K)->8654K(8896K) Class: 1302K(1472K)->1302K(1472K)
[271.154s][info][gc             ] GC(1732) Pause Young (Allocation Failure) 39M->6M(376M) 0.925ms
[271.154s][info][gc,cpu         ] GC(1732) User=0.00s Sys=0.00s Real=0.00s
[271.285s][info][gc,start       ] GC(1733) Pause Young (Allocation Failure)
[271.286s][info][gc,heap        ] GC(1733) PSYoungGen: 34592K(35328K)->704K(35328K) Eden: 33792K(33792K)->0K(33792K) From: 800K(1536K)->704K(1536K)
[271.286s][info][gc,heap        ] GC(1733) ParOldGen: 5718K(349696K)->5726K(349696K)
[271.286s][info][gc,metaspace   ] GC(1733) Metaspace: 9957K(10368K)->9957K(10368K) NonClass: 8654K(8896K)->8654K(8896K) Class: 1302K(1472K)->1302K(1472K)
[271.286s][info][gc             ] GC(1733) Pause Young (Allocation Failure) 39M->6M(376M) 0.883ms
[271.286s][info][gc,cpu         ] GC(1733) User=0.00s Sys=0.00s Real=0.00s
[271.420s][info][gc,start       ] GC(1734) Pause Young (Allocation Failure)
[271.421s][info][gc,heap        ] GC(1734) PSYoungGen: 34496K(35328K)->608K(35328K) Eden: 33792K(33792K)->0K(33792K) From: 704K(1536K)->608K(1536K)
[271.421s][info][gc,heap        ] GC(1734) ParOldGen: 5726K(349696K)->5886K(349696K)
[271.421s][info][gc,metaspace   ] GC(1734) Metaspace: 9957K(10368K)->9957K(10368K) NonClass: 8654K(8896K)->8654K(8896K) Class: 1302K(1472K)->1302K(1472K)
[271.421s][info][gc             ] GC(1734) Pause Young (Allocation Failure) 39M->6M(376M) 0.975ms
[271.421s][info][gc,cpu         ] GC(1734) User=0.14s Sys=0.00s Real=0.01s
[271.562s][info][gc,start       ] GC(1735) Pause Young (Allocation Failure)
[271.563s][info][gc,heap        ] GC(1735) PSYoungGen: 34400K(35328K)->576K(35328K) Eden: 33792K(33792K)->0K(33792K) From: 608K(1536K)->576K(1536K)
[271.563s][info][gc,heap        ] GC(1735) ParOldGen: 5886K(349696K)->5894K(349696K)
[271.563s][info][gc,metaspace   ] GC(1735) Metaspace: 9957K(10368K)->9957K(10368K) NonClass: 8654K(8896K)->8654K(8896K) Class: 1302K(1472K)->1302K(1472K)
[271.563s][info][gc             ] GC(1735) Pause Young (Allocation Failure) 39M->6M(376M) 0.848ms
[271.563s][info][gc,cpu         ] GC(1735) User=0.00s Sys=0.00s Real=0.00s
[271.699s][info][gc,start       ] GC(1736) Pause Young (Allocation Failure)
[271.700s][info][gc,heap        ] GC(1736) PSYoungGen: 34368K(35328K)->768K(35328K) Eden: 33792K(33792K)->0K(33792K) From: 576K(1536K)->768K(1536K)
[271.700s][info][gc,heap        ] GC(1736) ParOldGen: 5894K(349696K)->5894K(349696K)
[271.700s][info][gc,metaspace   ] GC(1736) Metaspace: 9957K(10368K)->9957K(10368K) NonClass: 8654K(8896K)->8654K(8896K) Class: 1302K(1472K)->1302K(1472K)
[271.700s][info][gc             ] GC(1736) Pause Young (Allocation Failure) 39M->6M(376M) 0.914ms
[271.700s][info][gc,cpu         ] GC(1736) User=0.00s Sys=0.00s Real=0.00s
[271.837s][info][gc,start       ] GC(1737) Pause Young (Allocation Failure)
[271.838s][info][gc,heap        ] GC(1737) PSYoungGen: 34559K(35328K)->896K(35328K) Eden: 33791K(33792K)->0K(33792K) From: 768K(1536K)->896K(1536K)
[271.838s][info][gc,heap        ] GC(1737) ParOldGen: 5894K(349696K)->6134K(349696K)
[271.838s][info][gc,metaspace   ] GC(1737) Metaspace: 9957K(10368K)->9957K(10368K) NonClass: 8654K(8896K)->8654K(8896K) Class: 1302K(1472K)->1302K(1472K)
[271.838s][info][gc             ] GC(1737) Pause Young (Allocation Failure) 39M->6M(376M) 1.092ms
[271.838s][info][gc,cpu         ] GC(1737) User=0.00s Sys=0.00s Real=0.00s
[271.974s][info][gc,start       ] GC(1738) Pause Young (Allocation Failure)
[271.975s][info][gc,heap        ] GC(1738) PSYoungGen: 34688K(35328K)->928K(35328K) Eden: 33792K(33792K)->0K(33792K) From: 896K(1536K)->928K(1536K)
[271.975s][info][gc,heap        ] GC(1738) ParOldGen: 6134K(349696K)->6350K(349696K)
[271.976s][info][gc,metaspace   ] GC(1738) Metaspace: 9957K(10368K)->9957K(10368K) NonClass: 8654K(8896K)->8654K(8896K) Class: 1302K(1472K)->1302K(1472K)
[271.976s][info][gc             ] GC(1738) Pause Young (Allocation Failure) 39M->7M(376M) 1.198ms
[271.976s][info][gc,cpu         ] GC(1738) User=0.00s Sys=0.00s Real=0.00s
[272.113s][info][gc,start       ] GC(1739) Pause Young (Allocation Failure)
[272.114s][info][gc,heap        ] GC(1739) PSYoungGen: 34720K(35328K)->576K(35328K) Eden: 33792K(33792K)->0K(33792K) From: 928K(1536K)->576K(1536K)
[272.114s][info][gc,heap        ] GC(1739) ParOldGen: 6350K(349696K)->6742K(349696K)
[272.114s][info][gc,metaspace   ] GC(1739) Metaspace: 9957K(10368K)->9957K(10368K) NonClass: 8654K(8896K)->8654K(8896K) Class: 1302K(1472K)->1302K(1472K)
[272.114s][info][gc             ] GC(1739) Pause Young (Allocation Failure) 40M->7M(376M) 1.268ms
[272.114s][info][gc,cpu         ] GC(1739) User=0.00s Sys=0.00s Real=0.00s
[272.246s][info][gc,start       ] GC(1740) Pause Young (Allocation Failure)
[272.247s][info][gc,heap        ] GC(1740) PSYoungGen: 34368K(35328K)->576K(35328K) Eden: 33792K(33792K)->0K(33792K) From: 576K(1536K)->576K(1536K)
[272.247s][info][gc,heap        ] GC(1740) ParOldGen: 6742K(349696K)->6742K(349696K)
[272.247s][info][gc,metaspace   ] GC(1740) Metaspace: 9957K(10368K)->9957K(10368K) NonClass: 8654K(8896K)->8654K(8896K) Class: 1302K(1472K)->1302K(1472K)
[272.247s][info][gc             ] GC(1740) Pause Young (Allocation Failure) 40M->7M(376M) 0.794ms
[272.247s][info][gc,cpu         ] GC(1740) User=0.00s Sys=0.00s Real=0.00s
[272.382s][info][gc,start       ] GC(1741) Pause Young (Allocation Failure)
[272.383s][info][gc,heap        ] GC(1741) PSYoungGen: 34368K(35328K)->768K(35328K) Eden: 33792K(33792K)->0K(33792K) From: 576K(1536K)->768K(1536K)
[272.383s][info][gc,heap        ] GC(1741) ParOldGen: 6742K(349696K)->6742K(349696K)
[272.383s][info][gc,metaspace   ] GC(1741) Metaspace: 9957K(10368K)->9957K(10368K) NonClass: 8654K(8896K)->8654K(8896K) Class: 1302K(1472K)->1302K(1472K)
[272.383s][info][gc             ] GC(1741) Pause Young (Allocation Failure) 40M->7M(376M) 0.922ms
[272.383s][info][gc,cpu         ] GC(1741) User=0.00s Sys=0.00s Real=0.00s
[272.517s][info][gc,start       ] GC(1742) Pause Young (Allocation Failure)
[272.518s][info][gc,heap        ] GC(1742) PSYoungGen: 34560K(35328K)->640K(35328K) Eden: 33792K(33792K)->0K(33792K) From: 768K(1536K)->640K(1536K)
[272.518s][info][gc,heap        ] GC(1742) ParOldGen: 6742K(349696K)->6742K(349696K)
[272.518s][info][gc,metaspace   ] GC(1742) Metaspace: 9957K(10368K)->9957K(10368K) NonClass: 8654K(8896K)->8654K(8896K) Class: 1302K(1472K)->1302K(1472K)
[272.518s][info][gc             ] GC(1742) Pause Young (Allocation Failure) 40M->7M(376M) 0.859ms
[272.518s][info][gc,cpu         ] GC(1742) User=0.00s Sys=0.00s Real=0.00s
[272.652s][info][gc,start       ] GC(1743) Pause Young (Allocation Failure)
[272.653s][info][gc,heap        ] GC(1743) PSYoungGen: 34432K(35328K)->576K(35328K) Eden: 33792K(33792K)->0K(33792K) From: 640K(1536K)->576K(1536K)
[272.653s][info][gc,heap        ] GC(1743) ParOldGen: 6742K(349696K)->6742K(349696K)
[272.653s][info][gc,metaspace   ] GC(1743) Metaspace: 9957K(10368K)->9957K(10368K) NonClass: 8654K(8896K)->8654K(8896K) Class: 1302K(1472K)->1302K(1472K)
[272.653s][info][gc             ] GC(1743) Pause Young (Allocation Failure) 40M->7M(376M) 0.827ms
[272.653s][info][gc,cpu         ] GC(1743) User=0.00s Sys=0.00s Real=0.00s
[272.790s][info][gc,start       ] GC(1744) Pause Young (Allocation Failure)
[272.791s][info][gc,heap        ] GC(1744) PSYoungGen: 34368K(35328K)->576K(35328K) Eden: 33792K(33792K)->0K(33792K) From: 576K(1536K)->576K(1536K)
[272.791s][info][gc,heap        ] GC(1744) ParOldGen: 6742K(349696K)->6742K(349696K)
[272.791s][info][gc,metaspace   ] GC(1744) Metaspace: 9957K(10368K)->9957K(10368K) NonClass: 8654K(8896K)->8654K(8896K) Class: 1302K(1472K)->1302K(1472K)
[272.791s][info][gc             ] GC(1744) Pause Young (Allocation Failure) 40M->7M(376M) 0.847ms
[272.791s][info][gc,cpu         ] GC(1744) User=0.00s Sys=0.00s Real=0.00s
[272.934s][info][gc,start       ] GC(1745) Pause Young (Allocation Failure)
[272.934s][info][gc,heap        ] GC(1745) PSYoungGen: 34368K(35328K)->576K(35328K) Eden: 33792K(33792K)->0K(33792K) From: 576K(1536K)->576K(1536K)
[272.934s][info][gc,heap        ] GC(1745) ParOldGen: 6742K(349696K)->6742K(349696K)
[272.934s][info][gc,metaspace   ] GC(1745) Metaspace: 9957K(10368K)->9957K(10368K) NonClass: 8654K(8896K)->8654K(8896K) Class: 1302K(1472K)->1302K(1472K)
[272.935s][info][gc             ] GC(1745) Pause Young (Allocation Failure) 40M->7M(376M) 0.847ms
[272.935s][info][gc,cpu         ] GC(1745) User=0.00s Sys=0.00s Real=0.00s
[273.068s][info][gc,start       ] GC(1746) Pause Young (Allocation Failure)
[273.069s][info][gc,heap        ] GC(1746) PSYoungGen: 34368K(35328K)->608K(34816K) Eden: 33792K(33792K)->0K(33792K) From: 576K(1536K)->608K(1024K)
[273.069s][info][gc,heap        ] GC(1746) ParOldGen: 6742K(349696K)->6750K(349696K)
[273.069s][info][gc,metaspace   ] GC(1746) Metaspace: 9957K(10368K)->9957K(10368K) NonClass: 8654K(8896K)->8654K(8896K) Class: 1302K(1472K)->1302K(1472K)
[273.069s][info][gc             ] GC(1746) Pause Young (Allocation Failure) 40M->7M(375M) 0.876ms
[273.069s][info][gc,cpu         ] GC(1746) User=0.00s Sys=0.00s Real=0.00s
[273.205s][info][gc,start       ] GC(1747) Pause Young (Allocation Failure)
[273.206s][info][gc,heap        ] GC(1747) PSYoungGen: 34400K(34816K)->576K(34816K) Eden: 33792K(33792K)->0K(33792K) From: 608K(1024K)->576K(1024K)
[273.206s][info][gc,heap        ] GC(1747) ParOldGen: 6750K(349696K)->6750K(349696K)
[273.206s][info][gc,metaspace   ] GC(1747) Metaspace: 9957K(10368K)->9957K(10368K) NonClass: 8654K(8896K)->8654K(8896K) Class: 1302K(1472K)->1302K(1472K)
[273.206s][info][gc             ] GC(1747) Pause Young (Allocation Failure) 40M->7M(375M) 0.990ms
[273.206s][info][gc,cpu         ] GC(1747) User=0.00s Sys=0.00s Real=0.00s
[273.342s][info][gc,start       ] GC(1748) Pause Young (Allocation Failure)
[273.343s][info][gc,heap        ] GC(1748) PSYoungGen: 34368K(34816K)->512K(34304K) Eden: 33792K(33792K)->0K(33792K) From: 576K(1024K)->512K(512K)
[273.343s][info][gc,heap        ] GC(1748) ParOldGen: 6750K(349696K)->6798K(349696K)
[273.343s][info][gc,metaspace   ] GC(1748) Metaspace: 9957K(10368K)->9957K(10368K) NonClass: 8654K(8896K)->8654K(8896K) Class: 1302K(1472K)->1302K(1472K)
[273.343s][info][gc             ] GC(1748) Pause Young (Allocation Failure) 40M->7M(375M) 0.895ms
[273.343s][info][gc,cpu         ] GC(1748) User=0.00s Sys=0.00s Real=0.00s
[273.474s][info][gc,start       ] GC(1749) Pause Young (Allocation Failure)
[273.474s][info][gc,heap        ] GC(1749) PSYoungGen: 34304K(34304K)->576K(34816K) Eden: 33792K(33792K)->0K(33792K) From: 512K(512K)->576K(1024K)
[273.474s][info][gc,heap        ] GC(1749) ParOldGen: 6798K(349696K)->7014K(349696K)
[273.475s][info][gc,metaspace   ] GC(1749) Metaspace: 9957K(10368K)->9957K(10368K) NonClass: 8654K(8896K)->8654K(8896K) Class: 1302K(1472K)->1302K(1472K)
[273.475s][info][gc             ] GC(1749) Pause Young (Allocation Failure) 40M->7M(375M) 0.980ms
[273.475s][info][gc,cpu         ] GC(1749) User=0.00s Sys=0.00s Real=0.00s
[273.615s][info][gc,start       ] GC(1750) Pause Young (Allocation Failure)
[273.615s][info][gc,heap        ] GC(1750) PSYoungGen: 34368K(34816K)->576K(34816K) Eden: 33792K(33792K)->0K(33792K) From: 576K(1024K)->576K(1024K)
[273.615s][info][gc,heap        ] GC(1750) ParOldGen: 7014K(349696K)->7014K(349696K)
[273.615s][info][gc,metaspace   ] GC(1750) Metaspace: 9957K(10368K)->9957K(10368K) NonClass: 8654K(8896K)->8654K(8896K) Class: 1302K(1472K)->1302K(1472K)
[273.616s][info][gc             ] GC(1750) Pause Young (Allocation Failure) 40M->7M(375M) 0.807ms
[273.616s][info][gc,cpu         ] GC(1750) User=0.00s Sys=0.00s Real=0.00s
[273.751s][info][gc,start       ] GC(1751) Pause Young (Allocation Failure)
[273.752s][info][gc,heap        ] GC(1751) PSYoungGen: 34367K(34816K)->608K(34816K) Eden: 33791K(33792K)->0K(33792K) From: 576K(1024K)->608K(1024K)
[273.752s][info][gc,heap        ] GC(1751) ParOldGen: 7014K(349696K)->7014K(349696K)
[273.752s][info][gc,metaspace   ] GC(1751) Metaspace: 9957K(10368K)->9957K(10368K) NonClass: 8654K(8896K)->8654K(8896K) Class: 1302K(1472K)->1302K(1472K)
[273.752s][info][gc             ] GC(1751) Pause Young (Allocation Failure) 40M->7M(375M) 0.825ms
[273.752s][info][gc,cpu         ] GC(1751) User=0.00s Sys=0.00s Real=0.00s
[273.883s][info][gc,start       ] GC(1752) Pause Young (Allocation Failure)
[273.884s][info][gc,heap        ] GC(1752) PSYoungGen: 34400K(34816K)->608K(34816K) Eden: 33792K(33792K)->0K(33792K) From: 608K(1024K)->608K(1024K)
[273.884s][info][gc,heap        ] GC(1752) ParOldGen: 7014K(349696K)->7014K(349696K)
[273.884s][info][gc,metaspace   ] GC(1752) Metaspace: 9957K(10368K)->9957K(10368K) NonClass: 8654K(8896K)->8654K(8896K) Class: 1302K(1472K)->1302K(1472K)
[273.884s][info][gc             ] GC(1752) Pause Young (Allocation Failure) 40M->7M(375M) 0.876ms
[273.884s][info][gc,cpu         ] GC(1752) User=0.00s Sys=0.00s Real=0.00s
[274.020s][info][gc,start       ] GC(1753) Pause Young (Allocation Failure)
[274.021s][info][gc,heap        ] GC(1753) PSYoungGen: 34399K(34816K)->704K(34816K) Eden: 33791K(33792K)->0K(33792K) From: 608K(1024K)->704K(1024K)
[274.021s][info][gc,heap        ] GC(1753) ParOldGen: 7014K(349696K)->7054K(349696K)
[274.021s][info][gc,metaspace   ] GC(1753) Metaspace: 9957K(10368K)->9957K(10368K) NonClass: 8654K(8896K)->8654K(8896K) Class: 1302K(1472K)->1302K(1472K)
[274.021s][info][gc             ] GC(1753) Pause Young (Allocation Failure) 40M->7M(375M) 1.009ms
[274.021s][info][gc,cpu         ] GC(1753) User=0.00s Sys=0.00s Real=0.00s
[274.161s][info][gc,start       ] GC(1754) Pause Young (Allocation Failure)
[274.162s][info][gc,heap        ] GC(1754) PSYoungGen: 34496K(34816K)->544K(34816K) Eden: 33792K(33792K)->0K(33792K) From: 704K(1024K)->544K(1024K)
[274.162s][info][gc,heap        ] GC(1754) ParOldGen: 7054K(349696K)->7246K(349696K)
[274.162s][info][gc,metaspace   ] GC(1754) Metaspace: 9957K(10368K)->9957K(10368K) NonClass: 8654K(8896K)->8654K(8896K) Class: 1302K(1472K)->1302K(1472K)
[274.162s][info][gc             ] GC(1754) Pause Young (Allocation Failure) 40M->7M(375M) 0.922ms
[274.162s][info][gc,cpu         ] GC(1754) User=0.00s Sys=0.00s Real=0.00s
[274.296s][info][gc,start       ] GC(1755) Pause Young (Allocation Failure)
[274.296s][info][gc,heap        ] GC(1755) PSYoungGen: 34335K(34816K)->576K(34816K) Eden: 33791K(33792K)->0K(33792K) From: 544K(1024K)->576K(1024K)
[274.296s][info][gc,heap        ] GC(1755) ParOldGen: 7246K(349696K)->7246K(349696K)
[274.296s][info][gc,metaspace   ] GC(1755) Metaspace: 9957K(10368K)->9957K(10368K) NonClass: 8654K(8896K)->8654K(8896K) Class: 1302K(1472K)->1302K(1472K)
[274.296s][info][gc             ] GC(1755) Pause Young (Allocation Failure) 40M->7M(375M) 0.868ms
[274.296s][info][gc,cpu         ] GC(1755) User=0.00s Sys=0.00s Real=0.00s
[274.432s][info][gc,start       ] GC(1756) Pause Young (Allocation Failure)
[274.433s][info][gc,heap        ] GC(1756) PSYoungGen: 34368K(34816K)->576K(34816K) Eden: 33792K(33792K)->0K(33792K) From: 576K(1024K)->576K(1024K)
[274.433s][info][gc,heap        ] GC(1756) ParOldGen: 7246K(349696K)->7246K(349696K)
[274.433s][info][gc,metaspace   ] GC(1756) Metaspace: 9957K(10368K)->9957K(10368K) NonClass: 8654K(8896K)->8654K(8896K) Class: 1302K(1472K)->1302K(1472K)
[274.433s][info][gc             ] GC(1756) Pause Young (Allocation Failure) 40M->7M(375M) 0.825ms
[274.433s][info][gc,cpu         ] GC(1756) User=0.00s Sys=0.00s Real=0.00s
[274.573s][info][gc,start       ] GC(1757) Pause Young (Allocation Failure)
[274.574s][info][gc,heap        ] GC(1757) PSYoungGen: 34368K(34816K)->576K(34816K) Eden: 33792K(33792K)->0K(33792K) From: 576K(1024K)->576K(1024K)
[274.574s][info][gc,heap        ] GC(1757) ParOldGen: 7246K(349696K)->7246K(349696K)
[274.574s][info][gc,metaspace   ] GC(1757) Metaspace: 9957K(10368K)->9957K(10368K) NonClass: 8654K(8896K)->8654K(8896K) Class: 1302K(1472K)->1302K(1472K)
[274.574s][info][gc             ] GC(1757) Pause Young (Allocation Failure) 40M->7M(375M) 0.895ms
[274.574s][info][gc,cpu         ] GC(1757) User=0.00s Sys=0.00s Real=0.00s
[274.704s][info][gc,start       ] GC(1758) Pause Young (Allocation Failure)
[274.705s][info][gc,heap        ] GC(1758) PSYoungGen: 34368K(34816K)->640K(34816K) Eden: 33792K(33792K)->0K(33792K) From: 576K(1024K)->640K(1024K)
[274.705s][info][gc,heap        ] GC(1758) ParOldGen: 7246K(349696K)->7254K(349696K)
[274.705s][info][gc,metaspace   ] GC(1758) Metaspace: 9957K(10368K)->9957K(10368K) NonClass: 8654K(8896K)->8654K(8896K) Class: 1302K(1472K)->1302K(1472K)
[274.705s][info][gc             ] GC(1758) Pause Young (Allocation Failure) 40M->7M(375M) 0.875ms
[274.705s][info][gc,cpu         ] GC(1758) User=0.00s Sys=0.00s Real=0.00s
[274.843s][info][gc,start       ] GC(1759) Pause Young (Allocation Failure)
[274.844s][info][gc,heap        ] GC(1759) PSYoungGen: 34432K(34816K)->640K(34816K) Eden: 33792K(33792K)->0K(33792K) From: 640K(1024K)->640K(1024K)
[274.844s][info][gc,heap        ] GC(1759) ParOldGen: 7254K(349696K)->7254K(349696K)
[274.844s][info][gc,metaspace   ] GC(1759) Metaspace: 9957K(10368K)->9957K(10368K) NonClass: 8654K(8896K)->8654K(8896K) Class: 1302K(1472K)->1302K(1472K)
[274.844s][info][gc             ] GC(1759) Pause Young (Allocation Failure) 40M->7M(375M) 0.857ms
[274.844s][info][gc,cpu         ] GC(1759) User=0.00s Sys=0.00s Real=0.00s
[274.983s][info][gc,start       ] GC(1760) Pause Young (Allocation Failure)
[274.983s][info][gc,heap        ] GC(1760) PSYoungGen: 34432K(34816K)->576K(34816K) Eden: 33792K(33792K)->0K(33792K) From: 640K(1024K)->576K(1024K)
[274.984s][info][gc,heap        ] GC(1760) ParOldGen: 7254K(349696K)->7254K(349696K)
[274.984s][info][gc,metaspace   ] GC(1760) Metaspace: 9957K(10368K)->9957K(10368K) NonClass: 8654K(8896K)->8654K(8896K) Class: 1302K(1472K)->1302K(1472K)
[274.984s][info][gc             ] GC(1760) Pause Young (Allocation Failure) 40M->7M(375M) 0.838ms
[274.984s][info][gc,cpu         ] GC(1760) User=0.00s Sys=0.00s Real=0.00s
[275.125s][info][gc,start       ] GC(1761) Pause Young (Allocation Failure)
[275.125s][info][gc,heap        ] GC(1761) PSYoungGen: 34368K(34816K)->608K(34816K) Eden: 33792K(33792K)->0K(33792K) From: 576K(1024K)->608K(1024K)
[275.126s][info][gc,heap        ] GC(1761) ParOldGen: 7254K(349696K)->7254K(349696K)
[275.126s][info][gc,metaspace   ] GC(1761) Metaspace: 9957K(10368K)->9957K(10368K) NonClass: 8654K(8896K)->8654K(8896K) Class: 1302K(1472K)->1302K(1472K)
[275.126s][info][gc             ] GC(1761) Pause Young (Allocation Failure) 40M->7M(375M) 0.865ms
[275.126s][info][gc,cpu         ] GC(1761) User=0.00s Sys=0.00s Real=0.00s
[275.265s][info][gc,start       ] GC(1762) Pause Young (Allocation Failure)
[275.266s][info][gc,heap        ] GC(1762) PSYoungGen: 34400K(34816K)->640K(34816K) Eden: 33792K(33792K)->0K(33792K) From: 608K(1024K)->640K(1024K)
[275.266s][info][gc,heap        ] GC(1762) ParOldGen: 7254K(349696K)->7398K(349696K)
[275.266s][info][gc,metaspace   ] GC(1762) Metaspace: 9957K(10368K)->9957K(10368K) NonClass: 8654K(8896K)->8654K(8896K) Class: 1302K(1472K)->1302K(1472K)
[275.266s][info][gc             ] GC(1762) Pause Young (Allocation Failure) 40M->7M(375M) 0.956ms
[275.266s][info][gc,cpu         ] GC(1762) User=0.00s Sys=0.00s Real=0.00s
[275.399s][info][gc,start       ] GC(1763) Pause Young (Allocation Failure)
[275.399s][info][gc,heap        ] GC(1763) PSYoungGen: 34432K(34816K)->640K(34816K) Eden: 33792K(33792K)->0K(33792K) From: 640K(1024K)->640K(1024K)
[275.400s][info][gc,heap        ] GC(1763) ParOldGen: 7398K(349696K)->7494K(349696K)
[275.400s][info][gc,metaspace   ] GC(1763) Metaspace: 9957K(10368K)->9957K(10368K) NonClass: 8654K(8896K)->8654K(8896K) Class: 1302K(1472K)->1302K(1472K)
[275.400s][info][gc             ] GC(1763) Pause Young (Allocation Failure) 40M->7M(375M) 0.888ms
[275.400s][info][gc,cpu         ] GC(1763) User=0.00s Sys=0.00s Real=0.00s
[275.539s][info][gc,start       ] GC(1764) Pause Young (Allocation Failure)
[275.540s][info][gc,heap        ] GC(1764) PSYoungGen: 34432K(34816K)->576K(34816K) Eden: 33792K(33792K)->0K(33792K) From: 640K(1024K)->576K(1024K)
[275.540s][info][gc,heap        ] GC(1764) ParOldGen: 7494K(349696K)->7494K(349696K)
[275.540s][info][gc,metaspace   ] GC(1764) Metaspace: 9957K(10368K)->9957K(10368K) NonClass: 8654K(8896K)->8654K(8896K) Class: 1302K(1472K)->1302K(1472K)
[275.540s][info][gc             ] GC(1764) Pause Young (Allocation Failure) 40M->7M(375M) 0.823ms
[275.540s][info][gc,cpu         ] GC(1764) User=0.00s Sys=0.00s Real=0.00s
[275.675s][info][gc,start       ] GC(1765) Pause Young (Allocation Failure)
[275.676s][info][gc,heap        ] GC(1765) PSYoungGen: 34368K(34816K)->544K(34816K) Eden: 33792K(33792K)->0K(33792K) From: 576K(1024K)->544K(1024K)
[275.676s][info][gc,heap        ] GC(1765) ParOldGen: 7494K(349696K)->7502K(349696K)
[275.676s][info][gc,metaspace   ] GC(1765) Metaspace: 9957K(10368K)->9957K(10368K) NonClass: 8654K(8896K)->8654K(8896K) Class: 1302K(1472K)->1302K(1472K)
[275.676s][info][gc             ] GC(1765) Pause Young (Allocation Failure) 40M->7M(375M) 0.830ms
[275.676s][info][gc,cpu         ] GC(1765) User=0.00s Sys=0.00s Real=0.00s
[275.816s][info][gc,start       ] GC(1766) Pause Young (Allocation Failure)
[275.816s][info][gc,heap        ] GC(1766) PSYoungGen: 34336K(34816K)->608K(34816K) Eden: 33792K(33792K)->0K(33792K) From: 544K(1024K)->608K(1024K)
[275.816s][info][gc,heap        ] GC(1766) ParOldGen: 7502K(349696K)->7502K(349696K)
[275.816s][info][gc,metaspace   ] GC(1766) Metaspace: 9957K(10368K)->9957K(10368K) NonClass: 8654K(8896K)->8654K(8896K) Class: 1302K(1472K)->1302K(1472K)
[275.816s][info][gc             ] GC(1766) Pause Young (Allocation Failure) 40M->7M(375M) 0.850ms
[275.816s][info][gc,cpu         ] GC(1766) User=0.00s Sys=0.00s Real=0.00s
[275.949s][info][gc,start       ] GC(1767) Pause Young (Allocation Failure)
[275.950s][info][gc,heap        ] GC(1767) PSYoungGen: 34399K(34816K)->576K(34816K) Eden: 33791K(33792K)->0K(33792K) From: 608K(1024K)->576K(1024K)
[275.950s][info][gc,heap        ] GC(1767) ParOldGen: 7502K(349696K)->7502K(349696K)
[275.950s][info][gc,metaspace   ] GC(1767) Metaspace: 9957K(10368K)->9957K(10368K) NonClass: 8654K(8896K)->8654K(8896K) Class: 1302K(1472K)->1302K(1472K)
[275.950s][info][gc             ] GC(1767) Pause Young (Allocation Failure) 40M->7M(375M) 0.849ms
[275.950s][info][gc,cpu         ] GC(1767) User=0.00s Sys=0.00s Real=0.00s
[276.085s][info][gc,start       ] GC(1768) Pause Young (Allocation Failure)
[276.086s][info][gc,heap        ] GC(1768) PSYoungGen: 34368K(34816K)->576K(34816K) Eden: 33792K(33792K)->0K(33792K) From: 576K(1024K)->576K(1024K)
[276.086s][info][gc,heap        ] GC(1768) ParOldGen: 7502K(349696K)->7510K(349696K)
[276.086s][info][gc,metaspace   ] GC(1768) Metaspace: 9957K(10368K)->9957K(10368K) NonClass: 8654K(8896K)->8654K(8896K) Class: 1302K(1472K)->1302K(1472K)
[276.086s][info][gc             ] GC(1768) Pause Young (Allocation Failure) 40M->7M(375M) 0.848ms
[276.086s][info][gc,cpu         ] GC(1768) User=0.00s Sys=0.00s Real=0.00s
[276.221s][info][gc,start       ] GC(1769) Pause Young (Allocation Failure)
[276.221s][info][gc,heap        ] GC(1769) PSYoungGen: 34368K(34816K)->576K(34816K) Eden: 33792K(33792K)->0K(33792K) From: 576K(1024K)->576K(1024K)
[276.221s][info][gc,heap        ] GC(1769) ParOldGen: 7510K(349696K)->7518K(349696K)
[276.221s][info][gc,metaspace   ] GC(1769) Metaspace: 9957K(10368K)->9957K(10368K) NonClass: 8654K(8896K)->8654K(8896K) Class: 1302K(1472K)->1302K(1472K)
[276.221s][info][gc             ] GC(1769) Pause Young (Allocation Failure) 40M->7M(375M) 0.825ms
[276.221s][info][gc,cpu         ] GC(1769) User=0.00s Sys=0.00s Real=0.00s
[276.358s][info][gc,start       ] GC(1770) Pause Young (Allocation Failure)
[276.359s][info][gc,heap        ] GC(1770) PSYoungGen: 34368K(34816K)->608K(34816K) Eden: 33792K(33792K)->0K(33792K) From: 576K(1024K)->608K(1024K)
[276.359s][info][gc,heap        ] GC(1770) ParOldGen: 7518K(349696K)->7518K(349696K)
[276.359s][info][gc,metaspace   ] GC(1770) Metaspace: 9957K(10368K)->9957K(10368K) NonClass: 8654K(8896K)->8654K(8896K) Class: 1302K(1472K)->1302K(1472K)
[276.359s][info][gc             ] GC(1770) Pause Young (Allocation Failure) 40M->7M(375M) 0.867ms
[276.359s][info][gc,cpu         ] GC(1770) User=0.00s Sys=0.00s Real=0.00s
[276.491s][info][gc,start       ] GC(1771) Pause Young (Allocation Failure)
[276.491s][info][gc,heap        ] GC(1771) PSYoungGen: 34400K(34816K)->576K(34816K) Eden: 33792K(33792K)->0K(33792K) From: 608K(1024K)->576K(1024K)
[276.491s][info][gc,heap        ] GC(1771) ParOldGen: 7518K(349696K)->7518K(349696K)
[276.491s][info][gc,metaspace   ] GC(1771) Metaspace: 9957K(10368K)->9957K(10368K) NonClass: 8654K(8896K)->8654K(8896K) Class: 1302K(1472K)->1302K(1472K)
[276.492s][info][gc             ] GC(1771) Pause Young (Allocation Failure) 40M->7M(375M) 0.831ms
[276.492s][info][gc,cpu         ] GC(1771) User=0.00s Sys=0.00s Real=0.00s
[276.629s][info][gc,start       ] GC(1772) Pause Young (Allocation Failure)
[276.630s][info][gc,heap        ] GC(1772) PSYoungGen: 34368K(34816K)->736K(34816K) Eden: 33792K(33792K)->0K(33792K) From: 576K(1024K)->736K(1024K)
[276.630s][info][gc,heap        ] GC(1772) ParOldGen: 7518K(349696K)->7526K(349696K)
[276.630s][info][gc,metaspace   ] GC(1772) Metaspace: 9957K(10368K)->9957K(10368K) NonClass: 8654K(8896K)->8654K(8896K) Class: 1302K(1472K)->1302K(1472K)
[276.630s][info][gc             ] GC(1772) Pause Young (Allocation Failure) 40M->8M(375M) 0.948ms
[276.630s][info][gc,cpu         ] GC(1772) User=0.00s Sys=0.00s Real=0.00s
[276.758s][info][gc,start       ] GC(1773) Pause Young (Allocation Failure)
[276.759s][info][gc,heap        ] GC(1773) PSYoungGen: 34528K(34816K)->640K(34816K) Eden: 33792K(33792K)->0K(33792K) From: 736K(1024K)->640K(1024K)
[276.759s][info][gc,heap        ] GC(1773) ParOldGen: 7526K(349696K)->7742K(349696K)
[276.759s][info][gc,metaspace   ] GC(1773) Metaspace: 9957K(10368K)->9957K(10368K) NonClass: 8654K(8896K)->8654K(8896K) Class: 1302K(1472K)->1302K(1472K)
[276.759s][info][gc             ] GC(1773) Pause Young (Allocation Failure) 41M->8M(375M) 0.955ms
[276.759s][info][gc,cpu         ] GC(1773) User=0.00s Sys=0.00s Real=0.00s
[276.865s][info][gc,start       ] GC(1774) Pause Young (System.gc())
[276.865s][info][gc,heap        ] GC(1774) PSYoungGen: 26556K(34816K)->576K(34816K) Eden: 25916K(33792K)->0K(33792K) From: 640K(1024K)->576K(1024K)
[276.865s][info][gc,heap        ] GC(1774) ParOldGen: 7742K(349696K)->7758K(349696K)
[276.865s][info][gc,metaspace   ] GC(1774) Metaspace: 9958K(10368K)->9958K(10368K) NonClass: 8656K(8896K)->8656K(8896K) Class: 1302K(1472K)->1302K(1472K)
[276.865s][info][gc             ] GC(1774) Pause Young (System.gc()) 33M->8M(375M) 0.767ms
[276.865s][info][gc,cpu         ] GC(1774) User=0.00s Sys=0.00s Real=0.00s
[276.866s][info][gc,start       ] GC(1775) Pause Full (System.gc())
[276.866s][info][gc,phases,start] GC(1775) Marking Phase
[276.879s][info][gc,phases      ] GC(1775) Marking Phase 13.661ms
[276.879s][info][gc,phases,start] GC(1775) Summary Phase
[276.879s][info][gc,phases      ] GC(1775) Summary Phase 0.032ms
[276.879s][info][gc,phases,start] GC(1775) Adjust Roots
[276.884s][info][gc,phases      ] GC(1775) Adjust Roots 4.220ms
[276.884s][info][gc,phases,start] GC(1775) Compaction Phase
[276.886s][info][gc,phases      ] GC(1775) Compaction Phase 2.664ms
[276.886s][info][gc,phases,start] GC(1775) Post Compact
[276.887s][info][gc,phases      ] GC(1775) Post Compact 0.284ms
[276.887s][info][gc,heap        ] GC(1775) PSYoungGen: 576K(34816K)->0K(34816K) Eden: 0K(33792K)->0K(33792K) From: 576K(1024K)->0K(1024K)
[276.887s][info][gc,heap        ] GC(1775) ParOldGen: 7758K(349696K)->4078K(349696K)
[276.887s][info][gc,metaspace   ] GC(1775) Metaspace: 9958K(10368K)->9958K(10368K) NonClass: 8656K(8896K)->8656K(8896K) Class: 1302K(1472K)->1302K(1472K)
[276.887s][info][gc             ] GC(1775) Pause Full (System.gc()) 8M->3M(375M) 21.263ms
[276.887s][info][gc,cpu         ] GC(1775) User=0.14s Sys=0.00s Real=0.02s
[277.028s][info][gc,start       ] GC(1776) Pause Young (Allocation Failure)
[277.029s][info][gc,heap        ] GC(1776) PSYoungGen: 33792K(34816K)->1024K(34816K) Eden: 33792K(33792K)->0K(33792K) From: 0K(1024K)->1024K(1024K)
[277.029s][info][gc,heap        ] GC(1776) ParOldGen: 4078K(349696K)->4358K(349696K)
[277.030s][info][gc,metaspace   ] GC(1776) Metaspace: 9967K(10368K)->9967K(10368K) NonClass: 8664K(8896K)->8664K(8896K) Class: 1302K(1472K)->1302K(1472K)
[277.030s][info][gc             ] GC(1776) Pause Young (Allocation Failure) 36M->5M(375M) 1.515ms
[277.030s][info][gc,cpu         ] GC(1776) User=0.14s Sys=0.00s Real=0.02s
[277.165s][info][gc,start       ] GC(1777) Pause Young (Allocation Failure)
[277.167s][info][gc,heap        ] GC(1777) PSYoungGen: 34816K(34816K)->1024K(34304K) Eden: 33792K(33792K)->0K(33280K) From: 1024K(1024K)->1024K(1024K)
[277.167s][info][gc,heap        ] GC(1777) ParOldGen: 4358K(349696K)->4662K(349696K)
[277.167s][info][gc,metaspace   ] GC(1777) Metaspace: 9967K(10368K)->9967K(10368K) NonClass: 8664K(8896K)->8664K(8896K) Class: 1302K(1472K)->1302K(1472K)
[277.167s][info][gc             ] GC(1777) Pause Young (Allocation Failure) 38M->5M(375M) 1.456ms
[277.167s][info][gc,cpu         ] GC(1777) User=0.00s Sys=0.00s Real=0.00s
[277.305s][info][gc,start       ] GC(1778) Pause Young (Allocation Failure)
[277.306s][info][gc,heap        ] GC(1778) PSYoungGen: 34304K(34304K)->800K(34816K) Eden: 33280K(33280K)->0K(33280K) From: 1024K(1024K)->800K(1536K)
[277.306s][info][gc,heap        ] GC(1778) ParOldGen: 4662K(349696K)->5070K(349696K)
[277.306s][info][gc,metaspace   ] GC(1778) Metaspace: 9967K(10368K)->9967K(10368K) NonClass: 8664K(8896K)->8664K(8896K) Class: 1302K(1472K)->1302K(1472K)
[277.306s][info][gc             ] GC(1778) Pause Young (Allocation Failure) 38M->5M(375M) 1.278ms
[277.306s][info][gc,cpu         ] GC(1778) User=0.00s Sys=0.00s Real=0.00s
[277.441s][info][gc,start       ] GC(1779) Pause Young (Allocation Failure)
[277.442s][info][gc,heap        ] GC(1779) PSYoungGen: 34080K(34816K)->992K(34816K) Eden: 33280K(33280K)->0K(33280K) From: 800K(1536K)->992K(1536K)
[277.442s][info][gc,heap        ] GC(1779) ParOldGen: 5070K(349696K)->5262K(349696K)
[277.442s][info][gc,metaspace   ] GC(1779) Metaspace: 9967K(10368K)->9967K(10368K) NonClass: 8664K(8896K)->8664K(8896K) Class: 1302K(1472K)->1302K(1472K)
[277.442s][info][gc             ] GC(1779) Pause Young (Allocation Failure) 38M->6M(375M) 1.187ms
[277.442s][info][gc,cpu         ] GC(1779) User=0.00s Sys=0.00s Real=0.00s
[277.572s][info][gc,start       ] GC(1780) Pause Young (Allocation Failure)
[277.573s][info][gc,heap        ] GC(1780) PSYoungGen: 34272K(34816K)->736K(34816K) Eden: 33280K(33280K)->0K(33280K) From: 992K(1536K)->736K(1536K)
[277.573s][info][gc,heap        ] GC(1780) ParOldGen: 5262K(349696K)->5526K(349696K)
[277.573s][info][gc,metaspace   ] GC(1780) Metaspace: 9967K(10368K)->9967K(10368K) NonClass: 8664K(8896K)->8664K(8896K) Class: 1302K(1472K)->1302K(1472K)
[277.573s][info][gc             ] GC(1780) Pause Young (Allocation Failure) 38M->6M(375M) 1.095ms
[277.573s][info][gc,cpu         ] GC(1780) User=0.00s Sys=0.00s Real=0.00s
[277.709s][info][gc,start       ] GC(1781) Pause Young (Allocation Failure)
[277.710s][info][gc,heap        ] GC(1781) PSYoungGen: 34016K(34816K)->608K(34816K) Eden: 33280K(33280K)->0K(33280K) From: 736K(1536K)->608K(1536K)
[277.710s][info][gc,heap        ] GC(1781) ParOldGen: 5526K(349696K)->5742K(349696K)
[277.710s][info][gc,metaspace   ] GC(1781) Metaspace: 9967K(10368K)->9967K(10368K) NonClass: 8664K(8896K)->8664K(8896K) Class: 1302K(1472K)->1302K(1472K)
[277.710s][info][gc             ] GC(1781) Pause Young (Allocation Failure) 38M->6M(375M) 0.998ms
[277.710s][info][gc,cpu         ] GC(1781) User=0.00s Sys=0.00s Real=0.00s
[277.848s][info][gc,start       ] GC(1782) Pause Young (Allocation Failure)
[277.849s][info][gc,heap        ] GC(1782) PSYoungGen: 33888K(34816K)->576K(34816K) Eden: 33280K(33280K)->0K(33280K) From: 608K(1536K)->576K(1536K)
[277.849s][info][gc,heap        ] GC(1782) ParOldGen: 5742K(349696K)->5758K(349696K)
[277.849s][info][gc,metaspace   ] GC(1782) Metaspace: 9967K(10368K)->9967K(10368K) NonClass: 8664K(8896K)->8664K(8896K) Class: 1302K(1472K)->1302K(1472K)
[277.849s][info][gc             ] GC(1782) Pause Young (Allocation Failure) 38M->6M(375M) 0.900ms
[277.849s][info][gc,cpu         ] GC(1782) User=0.02s Sys=0.00s Real=0.02s
[277.979s][info][gc,start       ] GC(1783) Pause Young (Allocation Failure)
[277.980s][info][gc,heap        ] GC(1783) PSYoungGen: 33856K(34816K)->832K(34816K) Eden: 33280K(33280K)->0K(33280K) From: 576K(1536K)->832K(1536K)
[277.980s][info][gc,heap        ] GC(1783) ParOldGen: 5758K(349696K)->5758K(349696K)
[277.980s][info][gc,metaspace   ] GC(1783) Metaspace: 9967K(10368K)->9967K(10368K) NonClass: 8664K(8896K)->8664K(8896K) Class: 1302K(1472K)->1302K(1472K)
[277.980s][info][gc             ] GC(1783) Pause Young (Allocation Failure) 38M->6M(375M) 1.017ms
[277.980s][info][gc,cpu         ] GC(1783) User=0.00s Sys=0.00s Real=0.00s
[278.117s][info][gc,start       ] GC(1784) Pause Young (Allocation Failure)
[278.118s][info][gc,heap        ] GC(1784) PSYoungGen: 34112K(34816K)->992K(34816K) Eden: 33280K(33280K)->0K(33280K) From: 832K(1536K)->992K(1536K)
[278.118s][info][gc,heap        ] GC(1784) ParOldGen: 5758K(349696K)->5822K(349696K)
[278.118s][info][gc,metaspace   ] GC(1784) Metaspace: 9967K(10368K)->9967K(10368K) NonClass: 8664K(8896K)->8664K(8896K) Class: 1302K(1472K)->1302K(1472K)
[278.118s][info][gc             ] GC(1784) Pause Young (Allocation Failure) 38M->6M(375M) 1.052ms
[278.118s][info][gc,cpu         ] GC(1784) User=0.00s Sys=0.00s Real=0.00s
[278.263s][info][gc,start       ] GC(1785) Pause Young (Allocation Failure)
[278.264s][info][gc,heap        ] GC(1785) PSYoungGen: 34272K(34816K)->640K(34816K) Eden: 33280K(33280K)->0K(33280K) From: 992K(1536K)->640K(1536K)
[278.264s][info][gc,heap        ] GC(1785) ParOldGen: 5822K(349696K)->6286K(349696K)
[278.264s][info][gc,metaspace   ] GC(1785) Metaspace: 9967K(10368K)->9967K(10368K) NonClass: 8664K(8896K)->8664K(8896K) Class: 1302K(1472K)->1302K(1472K)
[278.264s][info][gc             ] GC(1785) Pause Young (Allocation Failure) 39M->6M(375M) 1.288ms
[278.264s][info][gc,cpu         ] GC(1785) User=0.00s Sys=0.00s Real=0.00s
[278.403s][info][gc,start       ] GC(1786) Pause Young (Allocation Failure)
[278.404s][info][gc,heap        ] GC(1786) PSYoungGen: 33920K(34816K)->576K(34816K) Eden: 33280K(33280K)->0K(33280K) From: 640K(1536K)->576K(1536K)
[278.404s][info][gc,heap        ] GC(1786) ParOldGen: 6286K(349696K)->6286K(349696K)
[278.404s][info][gc,metaspace   ] GC(1786) Metaspace: 9967K(10368K)->9967K(10368K) NonClass: 8664K(8896K)->8664K(8896K) Class: 1302K(1472K)->1302K(1472K)
[278.404s][info][gc             ] GC(1786) Pause Young (Allocation Failure) 39M->6M(375M) 0.845ms
[278.404s][info][gc,cpu         ] GC(1786) User=0.00s Sys=0.00s Real=0.00s
[278.540s][info][gc,start       ] GC(1787) Pause Young (Allocation Failure)
[278.540s][info][gc,heap        ] GC(1787) PSYoungGen: 33856K(34816K)->576K(34816K) Eden: 33280K(33280K)->0K(33280K) From: 576K(1536K)->576K(1536K)
[278.540s][info][gc,heap        ] GC(1787) ParOldGen: 6286K(349696K)->6286K(349696K)
[278.540s][info][gc,metaspace   ] GC(1787) Metaspace: 9967K(10368K)->9967K(10368K) NonClass: 8664K(8896K)->8664K(8896K) Class: 1302K(1472K)->1302K(1472K)
[278.540s][info][gc             ] GC(1787) Pause Young (Allocation Failure) 39M->6M(375M) 0.856ms
[278.540s][info][gc,cpu         ] GC(1787) User=0.00s Sys=0.00s Real=0.00s
[278.675s][info][gc,start       ] GC(1788) Pause Young (Allocation Failure)
[278.676s][info][gc,heap        ] GC(1788) PSYoungGen: 33855K(34816K)->992K(34816K) Eden: 33279K(33280K)->0K(33280K) From: 576K(1536K)->992K(1536K)
[278.676s][info][gc,heap        ] GC(1788) ParOldGen: 6286K(349696K)->6350K(349696K)
[278.676s][info][gc,metaspace   ] GC(1788) Metaspace: 9967K(10368K)->9967K(10368K) NonClass: 8664K(8896K)->8664K(8896K) Class: 1302K(1472K)->1302K(1472K)
[278.676s][info][gc             ] GC(1788) Pause Young (Allocation Failure) 39M->7M(375M) 1.100ms
[278.676s][info][gc,cpu         ] GC(1788) User=0.00s Sys=0.00s Real=0.00s
[278.812s][info][gc,start       ] GC(1789) Pause Young (Allocation Failure)
[278.813s][info][gc,heap        ] GC(1789) PSYoungGen: 34272K(34816K)->640K(34816K) Eden: 33280K(33280K)->0K(33280K) From: 992K(1536K)->640K(1536K)
[278.814s][info][gc,heap        ] GC(1789) ParOldGen: 6350K(349696K)->6742K(349696K)
[278.814s][info][gc,metaspace   ] GC(1789) Metaspace: 9967K(10368K)->9967K(10368K) NonClass: 8664K(8896K)->8664K(8896K) Class: 1302K(1472K)->1302K(1472K)
[278.814s][info][gc             ] GC(1789) Pause Young (Allocation Failure) 39M->7M(375M) 1.318ms
[278.814s][info][gc,cpu         ] GC(1789) User=0.00s Sys=0.00s Real=0.00s
[278.941s][info][gc,start       ] GC(1790) Pause Young (Allocation Failure)
[278.942s][info][gc,heap        ] GC(1790) PSYoungGen: 33919K(34816K)->672K(34816K) Eden: 33279K(33280K)->0K(33280K) From: 640K(1536K)->672K(1536K)
[278.942s][info][gc,heap        ] GC(1790) ParOldGen: 6742K(349696K)->6790K(349696K)
[278.942s][info][gc,metaspace   ] GC(1790) Metaspace: 9967K(10368K)->9967K(10368K) NonClass: 8664K(8896K)->8664K(8896K) Class: 1302K(1472K)->1302K(1472K)
[278.942s][info][gc             ] GC(1790) Pause Young (Allocation Failure) 39M->7M(375M) 0.916ms
[278.942s][info][gc,cpu         ] GC(1790) User=0.00s Sys=0.00s Real=0.00s
[279.082s][info][gc,start       ] GC(1791) Pause Young (Allocation Failure)
[279.083s][info][gc,heap        ] GC(1791) PSYoungGen: 33952K(34816K)->608K(34816K) Eden: 33280K(33280K)->0K(33280K) From: 672K(1536K)->608K(1536K)
[279.083s][info][gc,heap        ] GC(1791) ParOldGen: 6790K(349696K)->7006K(349696K)
[279.083s][info][gc,metaspace   ] GC(1791) Metaspace: 9967K(10368K)->9967K(10368K) NonClass: 8664K(8896K)->8664K(8896K) Class: 1302K(1472K)->1302K(1472K)
[279.083s][info][gc             ] GC(1791) Pause Young (Allocation Failure) 39M->7M(375M) 1.090ms
[279.083s][info][gc,cpu         ] GC(1791) User=0.00s Sys=0.00s Real=0.00s
[279.214s][info][gc,start       ] GC(1792) Pause Young (Allocation Failure)
[279.215s][info][gc,heap        ] GC(1792) PSYoungGen: 33888K(34816K)->544K(34816K) Eden: 33280K(33280K)->0K(33280K) From: 608K(1536K)->544K(1536K)
[279.215s][info][gc,heap        ] GC(1792) ParOldGen: 7006K(349696K)->7006K(349696K)
[279.215s][info][gc,metaspace   ] GC(1792) Metaspace: 9967K(10368K)->9967K(10368K) NonClass: 8664K(8896K)->8664K(8896K) Class: 1302K(1472K)->1302K(1472K)
[279.215s][info][gc             ] GC(1792) Pause Young (Allocation Failure) 39M->7M(375M) 0.812ms
[279.215s][info][gc,cpu         ] GC(1792) User=0.00s Sys=0.00s Real=0.00s
[279.352s][info][gc,start       ] GC(1793) Pause Young (Allocation Failure)
[279.353s][info][gc,heap        ] GC(1793) PSYoungGen: 33824K(34816K)->576K(34816K) Eden: 33280K(33280K)->0K(33280K) From: 544K(1536K)->576K(1536K)
[279.353s][info][gc,heap        ] GC(1793) ParOldGen: 7006K(349696K)->7014K(349696K)
[279.353s][info][gc,metaspace   ] GC(1793) Metaspace: 9967K(10368K)->9967K(10368K) NonClass: 8664K(8896K)->8664K(8896K) Class: 1302K(1472K)->1302K(1472K)
[279.353s][info][gc             ] GC(1793) Pause Young (Allocation Failure) 39M->7M(375M) 0.867ms
[279.353s][info][gc,cpu         ] GC(1793) User=0.14s Sys=0.00s Real=0.02s
[279.485s][info][gc,start       ] GC(1794) Pause Young (Allocation Failure)
[279.486s][info][gc,heap        ] GC(1794) PSYoungGen: 33856K(34816K)->608K(34816K) Eden: 33280K(33280K)->0K(33280K) From: 576K(1536K)->608K(1536K)
[279.486s][info][gc,heap        ] GC(1794) ParOldGen: 7014K(349696K)->7014K(349696K)
[279.486s][info][gc,metaspace   ] GC(1794) Metaspace: 9967K(10368K)->9967K(10368K) NonClass: 8664K(8896K)->8664K(8896K) Class: 1302K(1472K)->1302K(1472K)
[279.486s][info][gc             ] GC(1794) Pause Young (Allocation Failure) 39M->7M(375M) 0.907ms
[279.486s][info][gc,cpu         ] GC(1794) User=0.00s Sys=0.00s Real=0.00s
[279.623s][info][gc,start       ] GC(1795) Pause Young (Allocation Failure)
[279.624s][info][gc,heap        ] GC(1795) PSYoungGen: 33888K(34816K)->576K(34816K) Eden: 33280K(33280K)->0K(33280K) From: 608K(1536K)->576K(1536K)
[279.624s][info][gc,heap        ] GC(1795) ParOldGen: 7014K(349696K)->7022K(349696K)
[279.624s][info][gc,metaspace   ] GC(1795) Metaspace: 9967K(10368K)->9967K(10368K) NonClass: 8664K(8896K)->8664K(8896K) Class: 1302K(1472K)->1302K(1472K)
[279.624s][info][gc             ] GC(1795) Pause Young (Allocation Failure) 39M->7M(375M) 0.858ms
[279.624s][info][gc,cpu         ] GC(1795) User=0.00s Sys=0.00s Real=0.00s
[279.757s][info][gc,start       ] GC(1796) Pause Young (Allocation Failure)
[279.758s][info][gc,heap        ] GC(1796) PSYoungGen: 33856K(34816K)->800K(34816K) Eden: 33280K(33280K)->0K(33280K) From: 576K(1536K)->800K(1536K)
[279.758s][info][gc,heap        ] GC(1796) ParOldGen: 7022K(349696K)->7118K(349696K)
[279.758s][info][gc,metaspace   ] GC(1796) Metaspace: 9967K(10368K)->9967K(10368K) NonClass: 8664K(8896K)->8664K(8896K) Class: 1302K(1472K)->1302K(1472K)
[279.758s][info][gc             ] GC(1796) Pause Young (Allocation Failure) 39M->7M(375M) 0.980ms
[279.758s][info][gc,cpu         ] GC(1796) User=0.00s Sys=0.00s Real=0.00s
[279.900s][info][gc,start       ] GC(1797) Pause Young (Allocation Failure)
[279.901s][info][gc,heap        ] GC(1797) PSYoungGen: 34080K(34816K)->576K(34816K) Eden: 33280K(33280K)->0K(33280K) From: 800K(1536K)->576K(1536K)
[279.901s][info][gc,heap        ] GC(1797) ParOldGen: 7118K(349696K)->7334K(349696K)
[279.901s][info][gc,metaspace   ] GC(1797) Metaspace: 9967K(10368K)->9967K(10368K) NonClass: 8664K(8896K)->8664K(8896K) Class: 1302K(1472K)->1302K(1472K)
[279.901s][info][gc             ] GC(1797) Pause Young (Allocation Failure) 40M->7M(375M) 0.961ms
[279.901s][info][gc,cpu         ] GC(1797) User=0.00s Sys=0.00s Real=0.00s
[280.036s][info][gc,start       ] GC(1798) Pause Young (Allocation Failure)
[280.037s][info][gc,heap        ] GC(1798) PSYoungGen: 33856K(34816K)->576K(34304K) Eden: 33280K(33280K)->0K(33280K) From: 576K(1536K)->576K(1024K)
[280.037s][info][gc,heap        ] GC(1798) ParOldGen: 7334K(349696K)->7334K(349696K)
[280.037s][info][gc,metaspace   ] GC(1798) Metaspace: 9967K(10368K)->9967K(10368K) NonClass: 8664K(8896K)->8664K(8896K) Class: 1302K(1472K)->1302K(1472K)
[280.037s][info][gc             ] GC(1798) Pause Young (Allocation Failure) 40M->7M(375M) 0.991ms
[280.037s][info][gc,cpu         ] GC(1798) User=0.00s Sys=0.00s Real=0.00s
[280.177s][info][gc,start       ] GC(1799) Pause Young (Allocation Failure)
[280.178s][info][gc,heap        ] GC(1799) PSYoungGen: 33856K(34304K)->576K(34304K) Eden: 33280K(33280K)->0K(33280K) From: 576K(1024K)->576K(1024K)
[280.178s][info][gc,heap        ] GC(1799) ParOldGen: 7334K(349696K)->7334K(349696K)
[280.178s][info][gc,metaspace   ] GC(1799) Metaspace: 9967K(10368K)->9967K(10368K) NonClass: 8664K(8896K)->8664K(8896K) Class: 1302K(1472K)->1302K(1472K)
[280.178s][info][gc             ] GC(1799) Pause Young (Allocation Failure) 40M->7M(375M) 0.826ms
[280.178s][info][gc,cpu         ] GC(1799) User=0.00s Sys=0.00s Real=0.00s
[280.312s][info][gc,start       ] GC(1800) Pause Young (Allocation Failure)
[280.313s][info][gc,heap        ] GC(1800) PSYoungGen: 33856K(34304K)->832K(34304K) Eden: 33280K(33280K)->0K(33280K) From: 576K(1024K)->832K(1024K)
[280.313s][info][gc,heap        ] GC(1800) ParOldGen: 7334K(349696K)->7350K(349696K)
[280.313s][info][gc,metaspace   ] GC(1800) Metaspace: 9967K(10368K)->9967K(10368K) NonClass: 8664K(8896K)->8664K(8896K) Class: 1302K(1472K)->1302K(1472K)
[280.313s][info][gc             ] GC(1800) Pause Young (Allocation Failure) 40M->7M(375M) 0.992ms
[280.313s][info][gc,cpu         ] GC(1800) User=0.00s Sys=0.00s Real=0.00s
[280.447s][info][gc,start       ] GC(1801) Pause Young (Allocation Failure)
[280.448s][info][gc,heap        ] GC(1801) PSYoungGen: 34112K(34304K)->736K(34304K) Eden: 33280K(33280K)->0K(33280K) From: 832K(1024K)->736K(1024K)
[280.448s][info][gc,heap        ] GC(1801) ParOldGen: 7350K(349696K)->7598K(349696K)
[280.448s][info][gc,metaspace   ] GC(1801) Metaspace: 9967K(10368K)->9967K(10368K) NonClass: 8664K(8896K)->8664K(8896K) Class: 1302K(1472K)->1302K(1472K)
[280.448s][info][gc             ] GC(1801) Pause Young (Allocation Failure) 40M->8M(375M) 1.046ms
[280.448s][info][gc,cpu         ] GC(1801) User=0.00s Sys=0.00s Real=0.00s
[280.584s][info][gc,start       ] GC(1802) Pause Young (Allocation Failure)
[280.585s][info][gc,heap        ] GC(1802) PSYoungGen: 34016K(34304K)->576K(34304K) Eden: 33280K(33280K)->0K(33280K) From: 736K(1024K)->576K(1024K)
[280.585s][info][gc,heap        ] GC(1802) ParOldGen: 7598K(349696K)->7598K(349696K)
[280.585s][info][gc,metaspace   ] GC(1802) Metaspace: 9967K(10368K)->9967K(10368K) NonClass: 8664K(8896K)->8664K(8896K) Class: 1302K(1472K)->1302K(1472K)
[280.585s][info][gc             ] GC(1802) Pause Young (Allocation Failure) 40M->7M(375M) 0.916ms
[280.585s][info][gc,cpu         ] GC(1802) User=0.00s Sys=0.00s Real=0.00s
[280.720s][info][gc,start       ] GC(1803) Pause Young (Allocation Failure)
[280.720s][info][gc,heap        ] GC(1803) PSYoungGen: 33856K(34304K)->608K(34304K) Eden: 33280K(33280K)->0K(33280K) From: 576K(1024K)->608K(1024K)
[280.720s][info][gc,heap        ] GC(1803) ParOldGen: 7598K(349696K)->7598K(349696K)
[280.720s][info][gc,metaspace   ] GC(1803) Metaspace: 9967K(10368K)->9967K(10368K) NonClass: 8664K(8896K)->8664K(8896K) Class: 1302K(1472K)->1302K(1472K)
[280.720s][info][gc             ] GC(1803) Pause Young (Allocation Failure) 40M->8M(375M) 0.905ms
[280.720s][info][gc,cpu         ] GC(1803) User=0.00s Sys=0.02s Real=0.02s
[280.851s][info][gc,start       ] GC(1804) Pause Young (Allocation Failure)
[280.852s][info][gc,heap        ] GC(1804) PSYoungGen: 33888K(34304K)->608K(34304K) Eden: 33280K(33280K)->0K(33280K) From: 608K(1024K)->608K(1024K)
[280.852s][info][gc,heap        ] GC(1804) ParOldGen: 7598K(349696K)->7598K(349696K)
[280.852s][info][gc,metaspace   ] GC(1804) Metaspace: 9967K(10368K)->9967K(10368K) NonClass: 8664K(8896K)->8664K(8896K) Class: 1302K(1472K)->1302K(1472K)
[280.852s][info][gc             ] GC(1804) Pause Young (Allocation Failure) 40M->8M(375M) 0.834ms
[280.852s][info][gc,cpu         ] GC(1804) User=0.00s Sys=0.00s Real=0.00s
[280.990s][info][gc,start       ] GC(1805) Pause Young (Allocation Failure)
[280.990s][info][gc,heap        ] GC(1805) PSYoungGen: 33888K(34304K)->576K(34304K) Eden: 33280K(33280K)->0K(33280K) From: 608K(1024K)->576K(1024K)
[280.990s][info][gc,heap        ] GC(1805) ParOldGen: 7598K(349696K)->7598K(349696K)
[280.990s][info][gc,metaspace   ] GC(1805) Metaspace: 9967K(10368K)->9967K(10368K) NonClass: 8664K(8896K)->8664K(8896K) Class: 1302K(1472K)->1302K(1472K)
[280.991s][info][gc             ] GC(1805) Pause Young (Allocation Failure) 40M->7M(375M) 0.849ms
[280.991s][info][gc,cpu         ] GC(1805) User=0.00s Sys=0.00s Real=0.00s
[281.125s][info][gc,start       ] GC(1806) Pause Young (Allocation Failure)
[281.125s][info][gc,heap        ] GC(1806) PSYoungGen: 33856K(34304K)->576K(34304K) Eden: 33280K(33280K)->0K(33280K) From: 576K(1024K)->576K(1024K)
[281.125s][info][gc,heap        ] GC(1806) ParOldGen: 7598K(349696K)->7622K(349696K)
[281.126s][info][gc,metaspace   ] GC(1806) Metaspace: 9967K(10368K)->9967K(10368K) NonClass: 8664K(8896K)->8664K(8896K) Class: 1302K(1472K)->1302K(1472K)
[281.126s][info][gc             ] GC(1806) Pause Young (Allocation Failure) 40M->8M(375M) 0.859ms
[281.126s][info][gc,cpu         ] GC(1806) User=0.00s Sys=0.00s Real=0.00s
[281.262s][info][gc,start       ] GC(1807) Pause Young (Allocation Failure)
[281.263s][info][gc,heap        ] GC(1807) PSYoungGen: 33855K(34304K)->576K(34304K) Eden: 33279K(33280K)->0K(33280K) From: 576K(1024K)->576K(1024K)
[281.263s][info][gc,heap        ] GC(1807) ParOldGen: 7622K(349696K)->7622K(349696K)
[281.263s][info][gc,metaspace   ] GC(1807) Metaspace: 9967K(10368K)->9967K(10368K) NonClass: 8664K(8896K)->8664K(8896K) Class: 1302K(1472K)->1302K(1472K)
[281.263s][info][gc             ] GC(1807) Pause Young (Allocation Failure) 40M->8M(375M) 0.877ms
[281.263s][info][gc,cpu         ] GC(1807) User=0.00s Sys=0.00s Real=0.00s
[281.398s][info][gc,start       ] GC(1808) Pause Young (Allocation Failure)
[281.398s][info][gc,heap        ] GC(1808) PSYoungGen: 33856K(34304K)->576K(34304K) Eden: 33280K(33280K)->0K(33280K) From: 576K(1024K)->576K(1024K)
[281.398s][info][gc,heap        ] GC(1808) ParOldGen: 7622K(349696K)->7622K(349696K)
[281.398s][info][gc,metaspace   ] GC(1808) Metaspace: 9967K(10368K)->9967K(10368K) NonClass: 8664K(8896K)->8664K(8896K) Class: 1302K(1472K)->1302K(1472K)
[281.398s][info][gc             ] GC(1808) Pause Young (Allocation Failure) 40M->8M(375M) 0.856ms
[281.398s][info][gc,cpu         ] GC(1808) User=0.00s Sys=0.00s Real=0.00s
[281.537s][info][gc,start       ] GC(1809) Pause Young (Allocation Failure)
[281.538s][info][gc,heap        ] GC(1809) PSYoungGen: 33856K(34304K)->576K(34304K) Eden: 33280K(33280K)->0K(33280K) From: 576K(1024K)->576K(1024K)
[281.538s][info][gc,heap        ] GC(1809) ParOldGen: 7622K(349696K)->7622K(349696K)
[281.538s][info][gc,metaspace   ] GC(1809) Metaspace: 9967K(10368K)->9967K(10368K) NonClass: 8664K(8896K)->8664K(8896K) Class: 1302K(1472K)->1302K(1472K)
[281.538s][info][gc             ] GC(1809) Pause Young (Allocation Failure) 40M->8M(375M) 0.818ms
[281.538s][info][gc,cpu         ] GC(1809) User=0.00s Sys=0.00s Real=0.00s
[281.668s][info][gc,start       ] GC(1810) Pause Young (Allocation Failure)
[281.668s][info][gc,heap        ] GC(1810) PSYoungGen: 33856K(34304K)->544K(34304K) Eden: 33280K(33280K)->0K(33280K) From: 576K(1024K)->544K(1024K)
[281.668s][info][gc,heap        ] GC(1810) ParOldGen: 7622K(349696K)->7622K(349696K)
[281.668s][info][gc,metaspace   ] GC(1810) Metaspace: 9967K(10368K)->9967K(10368K) NonClass: 8664K(8896K)->8664K(8896K) Class: 1302K(1472K)->1302K(1472K)
[281.668s][info][gc             ] GC(1810) Pause Young (Allocation Failure) 40M->7M(375M) 0.817ms
[281.668s][info][gc,cpu         ] GC(1810) User=0.00s Sys=0.00s Real=0.00s
[281.800s][info][gc,start       ] GC(1811) Pause Young (Allocation Failure)
[281.801s][info][gc,heap        ] GC(1811) PSYoungGen: 33824K(34304K)->640K(34304K) Eden: 33280K(33280K)->0K(33280K) From: 544K(1024K)->640K(1024K)
[281.801s][info][gc,heap        ] GC(1811) ParOldGen: 7622K(349696K)->7622K(349696K)
[281.801s][info][gc,metaspace   ] GC(1811) Metaspace: 9967K(10368K)->9967K(10368K) NonClass: 8664K(8896K)->8664K(8896K) Class: 1302K(1472K)->1302K(1472K)
[281.801s][info][gc             ] GC(1811) Pause Young (Allocation Failure) 40M->8M(375M) 0.898ms
[281.801s][info][gc,cpu         ] GC(1811) User=0.00s Sys=0.00s Real=0.00s
[281.935s][info][gc,start       ] GC(1812) Pause Young (Allocation Failure)
[281.936s][info][gc,heap        ] GC(1812) PSYoungGen: 33920K(34304K)->576K(34304K) Eden: 33280K(33280K)->0K(33280K) From: 640K(1024K)->576K(1024K)
[281.936s][info][gc,heap        ] GC(1812) ParOldGen: 7622K(349696K)->7622K(349696K)
[281.936s][info][gc,metaspace   ] GC(1812) Metaspace: 9967K(10368K)->9967K(10368K) NonClass: 8664K(8896K)->8664K(8896K) Class: 1302K(1472K)->1302K(1472K)
[281.936s][info][gc             ] GC(1812) Pause Young (Allocation Failure) 40M->8M(375M) 0.950ms
[281.936s][info][gc,cpu         ] GC(1812) User=0.00s Sys=0.00s Real=0.00s
[282.073s][info][gc,start       ] GC(1813) Pause Young (Allocation Failure)
[282.073s][info][gc,heap        ] GC(1813) PSYoungGen: 33856K(34304K)->576K(34304K) Eden: 33280K(33280K)->0K(33280K) From: 576K(1024K)->576K(1024K)
[282.073s][info][gc,heap        ] GC(1813) ParOldGen: 7622K(349696K)->7622K(349696K)
[282.073s][info][gc,metaspace   ] GC(1813) Metaspace: 9967K(10368K)->9967K(10368K) NonClass: 8664K(8896K)->8664K(8896K) Class: 1302K(1472K)->1302K(1472K)
[282.074s][info][gc             ] GC(1813) Pause Young (Allocation Failure) 40M->8M(375M) 1.038ms
[282.074s][info][gc,cpu         ] GC(1813) User=0.00s Sys=0.00s Real=0.00s
[282.207s][info][gc,start       ] GC(1814) Pause Young (Allocation Failure)
[282.208s][info][gc,heap        ] GC(1814) PSYoungGen: 33856K(34304K)->608K(34304K) Eden: 33280K(33280K)->0K(33280K) From: 576K(1024K)->608K(1024K)
[282.208s][info][gc,heap        ] GC(1814) ParOldGen: 7622K(349696K)->7622K(349696K)
[282.208s][info][gc,metaspace   ] GC(1814) Metaspace: 9967K(10368K)->9967K(10368K) NonClass: 8664K(8896K)->8664K(8896K) Class: 1302K(1472K)->1302K(1472K)
[282.208s][info][gc             ] GC(1814) Pause Young (Allocation Failure) 40M->8M(375M) 0.871ms
[282.208s][info][gc,cpu         ] GC(1814) User=0.00s Sys=0.00s Real=0.00s
[282.345s][info][gc,start       ] GC(1815) Pause Young (Allocation Failure)
[282.346s][info][gc,heap        ] GC(1815) PSYoungGen: 33888K(34304K)->800K(34304K) Eden: 33280K(33280K)->0K(33280K) From: 608K(1024K)->800K(1024K)
[282.346s][info][gc,heap        ] GC(1815) ParOldGen: 7622K(349696K)->7638K(349696K)
[282.346s][info][gc,metaspace   ] GC(1815) Metaspace: 9967K(10368K)->9967K(10368K) NonClass: 8664K(8896K)->8664K(8896K) Class: 1302K(1472K)->1302K(1472K)
[282.346s][info][gc             ] GC(1815) Pause Young (Allocation Failure) 40M->8M(375M) 0.970ms
[282.346s][info][gc,cpu         ] GC(1815) User=0.00s Sys=0.00s Real=0.00s
[282.477s][info][gc,start       ] GC(1816) Pause Young (Allocation Failure)
[282.478s][info][gc,heap        ] GC(1816) PSYoungGen: 34080K(34304K)->640K(34304K) Eden: 33280K(33280K)->0K(33280K) From: 800K(1024K)->640K(1024K)
[282.478s][info][gc,heap        ] GC(1816) ParOldGen: 7638K(349696K)->7862K(349696K)
[282.478s][info][gc,metaspace   ] GC(1816) Metaspace: 9967K(10368K)->9967K(10368K) NonClass: 8664K(8896K)->8664K(8896K) Class: 1302K(1472K)->1302K(1472K)
[282.478s][info][gc             ] GC(1816) Pause Young (Allocation Failure) 40M->8M(375M) 0.990ms
[282.478s][info][gc,cpu         ] GC(1816) User=0.00s Sys=0.00s Real=0.00s
[282.614s][info][gc,start       ] GC(1817) Pause Young (Allocation Failure)
[282.615s][info][gc,heap        ] GC(1817) PSYoungGen: 33920K(34304K)->608K(34304K) Eden: 33280K(33280K)->0K(33280K) From: 640K(1024K)->608K(1024K)
[282.615s][info][gc,heap        ] GC(1817) ParOldGen: 7862K(349696K)->7862K(349696K)
[282.615s][info][gc,metaspace   ] GC(1817) Metaspace: 9967K(10368K)->9967K(10368K) NonClass: 8664K(8896K)->8664K(8896K) Class: 1302K(1472K)->1302K(1472K)
[282.615s][info][gc             ] GC(1817) Pause Young (Allocation Failure) 40M->8M(375M) 0.874ms
[282.615s][info][gc,cpu         ] GC(1817) User=0.00s Sys=0.00s Real=0.00s
[282.745s][info][gc,start       ] GC(1818) Pause Young (Allocation Failure)
[282.745s][info][gc,heap        ] GC(1818) PSYoungGen: 33888K(34304K)->736K(34304K) Eden: 33280K(33280K)->0K(33280K) From: 608K(1024K)->736K(1024K)
[282.745s][info][gc,heap        ] GC(1818) ParOldGen: 7862K(349696K)->7926K(349696K)
[282.745s][info][gc,metaspace   ] GC(1818) Metaspace: 9967K(10368K)->9967K(10368K) NonClass: 8664K(8896K)->8664K(8896K) Class: 1302K(1472K)->1302K(1472K)
[282.745s][info][gc             ] GC(1818) Pause Young (Allocation Failure) 40M->8M(375M) 0.941ms
[282.746s][info][gc,cpu         ] GC(1818) User=0.00s Sys=0.00s Real=0.00s
[282.882s][info][gc,start       ] GC(1819) Pause Young (Allocation Failure)
[282.883s][info][gc,heap        ] GC(1819) PSYoungGen: 34016K(34304K)->672K(34304K) Eden: 33280K(33280K)->0K(33280K) From: 736K(1024K)->672K(1024K)
[282.883s][info][gc,heap        ] GC(1819) ParOldGen: 7926K(349696K)->8126K(349696K)
[282.883s][info][gc,metaspace   ] GC(1819) Metaspace: 9967K(10368K)->9967K(10368K) NonClass: 8664K(8896K)->8664K(8896K) Class: 1302K(1472K)->1302K(1472K)
[282.883s][info][gc             ] GC(1819) Pause Young (Allocation Failure) 40M->8M(375M) 1.049ms
[282.883s][info][gc,cpu         ] GC(1819) User=0.00s Sys=0.00s Real=0.00s
[283.019s][info][gc,start       ] GC(1820) Pause Young (Allocation Failure)
[283.020s][info][gc,heap        ] GC(1820) PSYoungGen: 33952K(34304K)->576K(34304K) Eden: 33280K(33280K)->0K(33280K) From: 672K(1024K)->576K(1024K)
[283.020s][info][gc,heap        ] GC(1820) ParOldGen: 8126K(349696K)->8126K(349696K)
[283.020s][info][gc,metaspace   ] GC(1820) Metaspace: 9967K(10368K)->9967K(10368K) NonClass: 8664K(8896K)->8664K(8896K) Class: 1302K(1472K)->1302K(1472K)
[283.020s][info][gc             ] GC(1820) Pause Young (Allocation Failure) 41M->8M(375M) 0.853ms
[283.020s][info][gc,cpu         ] GC(1820) User=0.00s Sys=0.00s Real=0.00s
[283.150s][info][gc,start       ] GC(1821) Pause Young (Allocation Failure)
[283.151s][info][gc,heap        ] GC(1821) PSYoungGen: 33856K(34304K)->640K(34304K) Eden: 33280K(33280K)->0K(33280K) From: 576K(1024K)->640K(1024K)
[283.151s][info][gc,heap        ] GC(1821) ParOldGen: 8126K(349696K)->8126K(349696K)
[283.151s][info][gc,metaspace   ] GC(1821) Metaspace: 9967K(10368K)->9967K(10368K) NonClass: 8664K(8896K)->8664K(8896K) Class: 1302K(1472K)->1302K(1472K)
[283.151s][info][gc             ] GC(1821) Pause Young (Allocation Failure) 40M->8M(375M) 0.877ms
[283.151s][info][gc,cpu         ] GC(1821) User=0.00s Sys=0.00s Real=0.00s
[283.287s][info][gc,start       ] GC(1822) Pause Young (Allocation Failure)
[283.288s][info][gc,heap        ] GC(1822) PSYoungGen: 33920K(34304K)->576K(34304K) Eden: 33280K(33280K)->0K(33280K) From: 640K(1024K)->576K(1024K)
[283.288s][info][gc,heap        ] GC(1822) ParOldGen: 8126K(349696K)->8126K(349696K)
[283.288s][info][gc,metaspace   ] GC(1822) Metaspace: 9967K(10368K)->9967K(10368K) NonClass: 8664K(8896K)->8664K(8896K) Class: 1302K(1472K)->1302K(1472K)
[283.288s][info][gc             ] GC(1822) Pause Young (Allocation Failure) 41M->8M(375M) 0.901ms
[283.288s][info][gc,cpu         ] GC(1822) User=0.00s Sys=0.00s Real=0.00s
[283.418s][info][gc,start       ] GC(1823) Pause Young (Allocation Failure)
[283.419s][info][gc,heap        ] GC(1823) PSYoungGen: 33856K(34304K)->576K(34304K) Eden: 33280K(33280K)->0K(33280K) From: 576K(1024K)->576K(1024K)
[283.419s][info][gc,heap        ] GC(1823) ParOldGen: 8126K(349696K)->8126K(349696K)
[283.419s][info][gc,metaspace   ] GC(1823) Metaspace: 9967K(10368K)->9967K(10368K) NonClass: 8664K(8896K)->8664K(8896K) Class: 1302K(1472K)->1302K(1472K)
[283.419s][info][gc             ] GC(1823) Pause Young (Allocation Failure) 40M->8M(375M) 0.890ms
[283.419s][info][gc,cpu         ] GC(1823) User=0.00s Sys=0.00s Real=0.00s
[283.559s][info][gc,start       ] GC(1824) Pause Young (Allocation Failure)
[283.560s][info][gc,heap        ] GC(1824) PSYoungGen: 33856K(34304K)->640K(34304K) Eden: 33280K(33280K)->0K(33280K) From: 576K(1024K)->640K(1024K)
[283.560s][info][gc,heap        ] GC(1824) ParOldGen: 8126K(349696K)->8126K(349696K)
[283.560s][info][gc,metaspace   ] GC(1824) Metaspace: 9967K(10368K)->9967K(10368K) NonClass: 8664K(8896K)->8664K(8896K) Class: 1302K(1472K)->1302K(1472K)
[283.560s][info][gc             ] GC(1824) Pause Young (Allocation Failure) 40M->8M(375M) 0.999ms
[283.560s][info][gc,cpu         ] GC(1824) User=0.00s Sys=0.00s Real=0.00s
[283.666s][info][gc,start       ] GC(1825) Pause Young (System.gc())
[283.666s][info][gc,heap        ] GC(1825) PSYoungGen: 25650K(34304K)->544K(34304K) Eden: 25010K(33280K)->0K(33280K) From: 640K(1024K)->544K(1024K)
[283.666s][info][gc,heap        ] GC(1825) ParOldGen: 8126K(349696K)->8150K(349696K)
[283.666s][info][gc,metaspace   ] GC(1825) Metaspace: 9967K(10368K)->9967K(10368K) NonClass: 8664K(8896K)->8664K(8896K) Class: 1302K(1472K)->1302K(1472K)
[283.666s][info][gc             ] GC(1825) Pause Young (System.gc()) 32M->8M(375M) 0.814ms
[283.666s][info][gc,cpu         ] GC(1825) User=0.00s Sys=0.00s Real=0.00s
[283.667s][info][gc,start       ] GC(1826) Pause Full (System.gc())
[283.667s][info][gc,phases,start] GC(1826) Marking Phase
[283.681s][info][gc,phases      ] GC(1826) Marking Phase 14.450ms
[283.681s][info][gc,phases,start] GC(1826) Summary Phase
[283.681s][info][gc,phases      ] GC(1826) Summary Phase 0.040ms
[283.681s][info][gc,phases,start] GC(1826) Adjust Roots
[283.685s][info][gc,phases      ] GC(1826) Adjust Roots 4.297ms
[283.685s][info][gc,phases,start] GC(1826) Compaction Phase
[283.688s][info][gc,phases      ] GC(1826) Compaction Phase 2.958ms
[283.689s][info][gc,phases,start] GC(1826) Post Compact
[283.689s][info][gc,phases      ] GC(1826) Post Compact 0.289ms
[283.689s][info][gc,heap        ] GC(1826) PSYoungGen: 544K(34304K)->0K(34304K) Eden: 0K(33280K)->0K(33280K) From: 544K(1024K)->0K(1024K)
[283.689s][info][gc,heap        ] GC(1826) ParOldGen: 8150K(349696K)->4078K(349696K)
[283.689s][info][gc,metaspace   ] GC(1826) Metaspace: 9967K(10368K)->9967K(10368K) NonClass: 8664K(8896K)->8664K(8896K) Class: 1302K(1472K)->1302K(1472K)
[283.689s][info][gc             ] GC(1826) Pause Full (System.gc()) 8M->3M(375M) 22.426ms
[283.689s][info][gc,cpu         ] GC(1826) User=0.02s Sys=0.00s Real=0.02s
[283.830s][info][gc,start       ] GC(1827) Pause Young (Allocation Failure)
[283.831s][info][gc,heap        ] GC(1827) PSYoungGen: 33280K(34304K)->1024K(34304K) Eden: 33280K(33280K)->0K(33280K) From: 0K(1024K)->1024K(1024K)
[283.831s][info][gc,heap        ] GC(1827) ParOldGen: 4078K(349696K)->4278K(349696K)
[283.832s][info][gc,metaspace   ] GC(1827) Metaspace: 9968K(10368K)->9968K(10368K) NonClass: 8666K(8896K)->8666K(8896K) Class: 1302K(1472K)->1302K(1472K)
[283.832s][info][gc             ] GC(1827) Pause Young (Allocation Failure) 36M->5M(375M) 1.390ms
[283.832s][info][gc,cpu         ] GC(1827) User=0.00s Sys=0.00s Real=0.00s
[283.966s][info][gc,start       ] GC(1828) Pause Young (Allocation Failure)
[283.967s][info][gc,heap        ] GC(1828) PSYoungGen: 34304K(34304K)->576K(34304K) Eden: 33280K(33280K)->0K(33280K) From: 1024K(1024K)->576K(1024K)
[283.967s][info][gc,heap        ] GC(1828) ParOldGen: 4278K(349696K)->4942K(349696K)
[283.967s][info][gc,metaspace   ] GC(1828) Metaspace: 9968K(10368K)->9968K(10368K) NonClass: 8666K(8896K)->8666K(8896K) Class: 1302K(1472K)->1302K(1472K)
[283.968s][info][gc             ] GC(1828) Pause Young (Allocation Failure) 37M->5M(375M) 1.482ms
[283.968s][info][gc,cpu         ] GC(1828) User=0.00s Sys=0.00s Real=0.00s
[284.103s][info][gc,start       ] GC(1829) Pause Young (Allocation Failure)
[284.104s][info][gc,heap        ] GC(1829) PSYoungGen: 33856K(34304K)->576K(34304K) Eden: 33280K(33280K)->0K(33280K) From: 576K(1024K)->576K(1024K)
[284.104s][info][gc,heap        ] GC(1829) ParOldGen: 4942K(349696K)->4942K(349696K)
[284.104s][info][gc,metaspace   ] GC(1829) Metaspace: 9968K(10368K)->9968K(10368K) NonClass: 8666K(8896K)->8666K(8896K) Class: 1302K(1472K)->1302K(1472K)
[284.104s][info][gc             ] GC(1829) Pause Young (Allocation Failure) 37M->5M(375M) 0.807ms
[284.104s][info][gc,cpu         ] GC(1829) User=0.00s Sys=0.00s Real=0.00s
[284.245s][info][gc,start       ] GC(1830) Pause Young (Allocation Failure)
[284.246s][info][gc,heap        ] GC(1830) PSYoungGen: 33856K(34304K)->704K(34304K) Eden: 33280K(33280K)->0K(33280K) From: 576K(1024K)->704K(1024K)
[284.246s][info][gc,heap        ] GC(1830) ParOldGen: 4942K(349696K)->4950K(349696K)
[284.246s][info][gc,metaspace   ] GC(1830) Metaspace: 9968K(10368K)->9968K(10368K) NonClass: 8666K(8896K)->8666K(8896K) Class: 1302K(1472K)->1302K(1472K)
[284.246s][info][gc             ] GC(1830) Pause Young (Allocation Failure) 37M->5M(375M) 0.945ms
[284.246s][info][gc,cpu         ] GC(1830) User=0.00s Sys=0.00s Real=0.00s
[284.388s][info][gc,start       ] GC(1831) Pause Young (Allocation Failure)
[284.389s][info][gc,heap        ] GC(1831) PSYoungGen: 33984K(34304K)->608K(34304K) Eden: 33280K(33280K)->0K(33280K) From: 704K(1024K)->608K(1024K)
[284.389s][info][gc,heap        ] GC(1831) ParOldGen: 4950K(349696K)->5150K(349696K)
[284.389s][info][gc,metaspace   ] GC(1831) Metaspace: 9968K(10368K)->9968K(10368K) NonClass: 8666K(8896K)->8666K(8896K) Class: 1302K(1472K)->1302K(1472K)
[284.389s][info][gc             ] GC(1831) Pause Young (Allocation Failure) 38M->5M(375M) 0.960ms
[284.389s][info][gc,cpu         ] GC(1831) User=0.00s Sys=0.00s Real=0.00s
[284.528s][info][gc,start       ] GC(1832) Pause Young (Allocation Failure)
[284.529s][info][gc,heap        ] GC(1832) PSYoungGen: 33888K(34304K)->960K(34304K) Eden: 33280K(33280K)->0K(33280K) From: 608K(1024K)->960K(1024K)
[284.529s][info][gc,heap        ] GC(1832) ParOldGen: 5150K(349696K)->5214K(349696K)
[284.529s][info][gc,metaspace   ] GC(1832) Metaspace: 9968K(10368K)->9968K(10368K) NonClass: 8666K(8896K)->8666K(8896K) Class: 1302K(1472K)->1302K(1472K)
[284.529s][info][gc             ] GC(1832) Pause Young (Allocation Failure) 38M->6M(375M) 1.064ms
[284.529s][info][gc,cpu         ] GC(1832) User=0.00s Sys=0.00s Real=0.00s
[284.668s][info][gc,start       ] GC(1833) Pause Young (Allocation Failure)
[284.669s][info][gc,heap        ] GC(1833) PSYoungGen: 34240K(34304K)->512K(34304K) Eden: 33280K(33280K)->0K(33280K) From: 960K(1024K)->512K(1024K)
[284.669s][info][gc,heap        ] GC(1833) ParOldGen: 5214K(349696K)->5614K(349696K)
[284.669s][info][gc,metaspace   ] GC(1833) Metaspace: 9968K(10368K)->9968K(10368K) NonClass: 8666K(8896K)->8666K(8896K) Class: 1302K(1472K)->1302K(1472K)
[284.669s][info][gc             ] GC(1833) Pause Young (Allocation Failure) 38M->5M(375M) 1.208ms
[284.669s][info][gc,cpu         ] GC(1833) User=0.00s Sys=0.00s Real=0.00s
[284.813s][info][gc,start       ] GC(1834) Pause Young (Allocation Failure)
[284.813s][info][gc,heap        ] GC(1834) PSYoungGen: 33792K(34304K)->576K(34304K) Eden: 33280K(33280K)->0K(33280K) From: 512K(1024K)->576K(1024K)
[284.813s][info][gc,heap        ] GC(1834) ParOldGen: 5614K(349696K)->5614K(349696K)
[284.813s][info][gc,metaspace   ] GC(1834) Metaspace: 9968K(10368K)->9968K(10368K) NonClass: 8666K(8896K)->8666K(8896K) Class: 1302K(1472K)->1302K(1472K)
[284.813s][info][gc             ] GC(1834) Pause Young (Allocation Failure) 38M->6M(375M) 0.887ms
[284.814s][info][gc,cpu         ] GC(1834) User=0.00s Sys=0.00s Real=0.00s
[284.954s][info][gc,start       ] GC(1835) Pause Young (Allocation Failure)
[284.955s][info][gc,heap        ] GC(1835) PSYoungGen: 33856K(34304K)->608K(34304K) Eden: 33280K(33280K)->0K(33280K) From: 576K(1024K)->608K(1024K)
[284.955s][info][gc,heap        ] GC(1835) ParOldGen: 5614K(349696K)->5614K(349696K)
[284.955s][info][gc,metaspace   ] GC(1835) Metaspace: 9968K(10368K)->9968K(10368K) NonClass: 8666K(8896K)->8666K(8896K) Class: 1302K(1472K)->1302K(1472K)
[284.955s][info][gc             ] GC(1835) Pause Young (Allocation Failure) 38M->6M(375M) 0.870ms
[284.955s][info][gc,cpu         ] GC(1835) User=0.00s Sys=0.00s Real=0.00s
[285.080s][info][gc,start       ] GC(1836) Pause Young (Allocation Failure)
[285.081s][info][gc,heap        ] GC(1836) PSYoungGen: 33888K(34304K)->640K(34304K) Eden: 33280K(33280K)->0K(33280K) From: 608K(1024K)->640K(1024K)
[285.081s][info][gc,heap        ] GC(1836) ParOldGen: 5614K(349696K)->5630K(349696K)
[285.081s][info][gc,metaspace   ] GC(1836) Metaspace: 9968K(10368K)->9968K(10368K) NonClass: 8666K(8896K)->8666K(8896K) Class: 1302K(1472K)->1302K(1472K)
[285.081s][info][gc             ] GC(1836) Pause Young (Allocation Failure) 38M->6M(375M) 0.899ms
[285.081s][info][gc,cpu         ] GC(1836) User=0.00s Sys=0.00s Real=0.00s
[285.215s][info][gc,start       ] GC(1837) Pause Young (Allocation Failure)
[285.216s][info][gc,heap        ] GC(1837) PSYoungGen: 33920K(34304K)->576K(34304K) Eden: 33280K(33280K)->0K(33280K) From: 640K(1024K)->576K(1024K)
[285.216s][info][gc,heap        ] GC(1837) ParOldGen: 5630K(349696K)->5630K(349696K)
[285.216s][info][gc,metaspace   ] GC(1837) Metaspace: 9968K(10368K)->9968K(10368K) NonClass: 8666K(8896K)->8666K(8896K) Class: 1302K(1472K)->1302K(1472K)
[285.216s][info][gc             ] GC(1837) Pause Young (Allocation Failure) 38M->6M(375M) 0.831ms
[285.216s][info][gc,cpu         ] GC(1837) User=0.00s Sys=0.00s Real=0.00s
[285.354s][info][gc,start       ] GC(1838) Pause Young (Allocation Failure)
[285.355s][info][gc,heap        ] GC(1838) PSYoungGen: 33856K(34304K)->576K(34304K) Eden: 33280K(33280K)->0K(33280K) From: 576K(1024K)->576K(1024K)
[285.355s][info][gc,heap        ] GC(1838) ParOldGen: 5630K(349696K)->5646K(349696K)
[285.355s][info][gc,metaspace   ] GC(1838) Metaspace: 9968K(10368K)->9968K(10368K) NonClass: 8666K(8896K)->8666K(8896K) Class: 1302K(1472K)->1302K(1472K)
[285.355s][info][gc             ] GC(1838) Pause Young (Allocation Failure) 38M->6M(375M) 0.887ms
[285.355s][info][gc,cpu         ] GC(1838) User=0.00s Sys=0.00s Real=0.00s
[285.491s][info][gc,start       ] GC(1839) Pause Young (Allocation Failure)
[285.492s][info][gc,heap        ] GC(1839) PSYoungGen: 33856K(34304K)->576K(34304K) Eden: 33280K(33280K)->0K(33280K) From: 576K(1024K)->576K(1024K)
[285.492s][info][gc,heap        ] GC(1839) ParOldGen: 5646K(349696K)->5646K(349696K)
[285.492s][info][gc,metaspace   ] GC(1839) Metaspace: 9968K(10368K)->9968K(10368K) NonClass: 8666K(8896K)->8666K(8896K) Class: 1302K(1472K)->1302K(1472K)
[285.492s][info][gc             ] GC(1839) Pause Young (Allocation Failure) 38M->6M(375M) 0.819ms
[285.492s][info][gc,cpu         ] GC(1839) User=0.00s Sys=0.00s Real=0.00s
[285.626s][info][gc,start       ] GC(1840) Pause Young (Allocation Failure)
[285.626s][info][gc,heap        ] GC(1840) PSYoungGen: 33856K(34304K)->608K(34304K) Eden: 33280K(33280K)->0K(33280K) From: 576K(1024K)->608K(1024K)
[285.627s][info][gc,heap        ] GC(1840) ParOldGen: 5646K(349696K)->5646K(349696K)
[285.627s][info][gc,metaspace   ] GC(1840) Metaspace: 9968K(10368K)->9968K(10368K) NonClass: 8666K(8896K)->8666K(8896K) Class: 1302K(1472K)->1302K(1472K)
[285.627s][info][gc             ] GC(1840) Pause Young (Allocation Failure) 38M->6M(375M) 0.868ms
[285.627s][info][gc,cpu         ] GC(1840) User=0.00s Sys=0.00s Real=0.00s
[285.758s][info][gc,start       ] GC(1841) Pause Young (Allocation Failure)
[285.759s][info][gc,heap        ] GC(1841) PSYoungGen: 33888K(34304K)->576K(34304K) Eden: 33280K(33280K)->0K(33280K) From: 608K(1024K)->576K(1024K)
[285.759s][info][gc,heap        ] GC(1841) ParOldGen: 5646K(349696K)->5646K(349696K)
[285.759s][info][gc,metaspace   ] GC(1841) Metaspace: 9968K(10368K)->9968K(10368K) NonClass: 8666K(8896K)->8666K(8896K) Class: 1302K(1472K)->1302K(1472K)
[285.759s][info][gc             ] GC(1841) Pause Young (Allocation Failure) 38M->6M(375M) 0.805ms
[285.759s][info][gc,cpu         ] GC(1841) User=0.00s Sys=0.00s Real=0.00s
[285.898s][info][gc,start       ] GC(1842) Pause Young (Allocation Failure)
[285.899s][info][gc,heap        ] GC(1842) PSYoungGen: 33856K(34304K)->896K(34304K) Eden: 33280K(33280K)->0K(33280K) From: 576K(1024K)->896K(1024K)
[285.899s][info][gc,heap        ] GC(1842) ParOldGen: 5646K(349696K)->5654K(349696K)
[285.899s][info][gc,metaspace   ] GC(1842) Metaspace: 9968K(10368K)->9968K(10368K) NonClass: 8666K(8896K)->8666K(8896K) Class: 1302K(1472K)->1302K(1472K)
[285.899s][info][gc             ] GC(1842) Pause Young (Allocation Failure) 38M->6M(375M) 1.026ms
[285.899s][info][gc,cpu         ] GC(1842) User=0.00s Sys=0.00s Real=0.00s
[286.038s][info][gc,start       ] GC(1843) Pause Young (Allocation Failure)
[286.039s][info][gc,heap        ] GC(1843) PSYoungGen: 34176K(34304K)->672K(34304K) Eden: 33280K(33280K)->0K(33280K) From: 896K(1024K)->672K(1024K)
[286.039s][info][gc,heap        ] GC(1843) ParOldGen: 5654K(349696K)->5886K(349696K)
[286.039s][info][gc,metaspace   ] GC(1843) Metaspace: 9968K(10368K)->9968K(10368K) NonClass: 8666K(8896K)->8666K(8896K) Class: 1302K(1472K)->1302K(1472K)
[286.040s][info][gc             ] GC(1843) Pause Young (Allocation Failure) 38M->6M(375M) 1.029ms
[286.040s][info][gc,cpu         ] GC(1843) User=0.00s Sys=0.00s Real=0.00s
[286.177s][info][gc,start       ] GC(1844) Pause Young (Allocation Failure)
[286.178s][info][gc,heap        ] GC(1844) PSYoungGen: 33952K(34304K)->544K(34304K) Eden: 33280K(33280K)->0K(33280K) From: 672K(1024K)->544K(1024K)
[286.178s][info][gc,heap        ] GC(1844) ParOldGen: 5886K(349696K)->6086K(349696K)
[286.178s][info][gc,metaspace   ] GC(1844) Metaspace: 9968K(10368K)->9968K(10368K) NonClass: 8666K(8896K)->8666K(8896K) Class: 1302K(1472K)->1302K(1472K)
[286.178s][info][gc             ] GC(1844) Pause Young (Allocation Failure) 38M->6M(375M) 1.034ms
[286.178s][info][gc,cpu         ] GC(1844) User=0.00s Sys=0.00s Real=0.00s
[286.309s][info][gc,start       ] GC(1845) Pause Young (Allocation Failure)
[286.310s][info][gc,heap        ] GC(1845) PSYoungGen: 33824K(34304K)->864K(34304K) Eden: 33280K(33280K)->0K(33280K) From: 544K(1024K)->864K(1024K)
[286.310s][info][gc,heap        ] GC(1845) ParOldGen: 6086K(349696K)->6094K(349696K)
[286.310s][info][gc,metaspace   ] GC(1845) Metaspace: 9968K(10368K)->9968K(10368K) NonClass: 8666K(8896K)->8666K(8896K) Class: 1302K(1472K)->1302K(1472K)
[286.310s][info][gc             ] GC(1845) Pause Young (Allocation Failure) 38M->6M(375M) 0.973ms
[286.310s][info][gc,cpu         ] GC(1845) User=0.00s Sys=0.00s Real=0.00s
[286.447s][info][gc,start       ] GC(1846) Pause Young (Allocation Failure)
[286.448s][info][gc,heap        ] GC(1846) PSYoungGen: 34144K(34304K)->576K(34304K) Eden: 33280K(33280K)->0K(33280K) From: 864K(1024K)->576K(1024K)
[286.448s][info][gc,heap        ] GC(1846) ParOldGen: 6094K(349696K)->6334K(349696K)
[286.448s][info][gc,metaspace   ] GC(1846) Metaspace: 9968K(10368K)->9968K(10368K) NonClass: 8666K(8896K)->8666K(8896K) Class: 1302K(1472K)->1302K(1472K)
[286.448s][info][gc             ] GC(1846) Pause Young (Allocation Failure) 39M->6M(375M) 1.008ms
[286.448s][info][gc,cpu         ] GC(1846) User=0.00s Sys=0.00s Real=0.00s
[286.579s][info][gc,start       ] GC(1847) Pause Young (Allocation Failure)
[286.580s][info][gc,heap        ] GC(1847) PSYoungGen: 33855K(34304K)->640K(34304K) Eden: 33279K(33280K)->0K(33280K) From: 576K(1024K)->640K(1024K)
[286.580s][info][gc,heap        ] GC(1847) ParOldGen: 6334K(349696K)->6334K(349696K)
[286.580s][info][gc,metaspace   ] GC(1847) Metaspace: 9968K(10368K)->9968K(10368K) NonClass: 8666K(8896K)->8666K(8896K) Class: 1302K(1472K)->1302K(1472K)
[286.580s][info][gc             ] GC(1847) Pause Young (Allocation Failure) 39M->6M(375M) 0.892ms
[286.580s][info][gc,cpu         ] GC(1847) User=0.00s Sys=0.00s Real=0.00s
[286.722s][info][gc,start       ] GC(1848) Pause Young (Allocation Failure)
[286.723s][info][gc,heap        ] GC(1848) PSYoungGen: 33920K(34304K)->576K(34304K) Eden: 33280K(33280K)->0K(33280K) From: 640K(1024K)->576K(1024K)
[286.723s][info][gc,heap        ] GC(1848) ParOldGen: 6334K(349696K)->6334K(349696K)
[286.723s][info][gc,metaspace   ] GC(1848) Metaspace: 9968K(10368K)->9968K(10368K) NonClass: 8666K(8896K)->8666K(8896K) Class: 1302K(1472K)->1302K(1472K)
[286.723s][info][gc             ] GC(1848) Pause Young (Allocation Failure) 39M->6M(375M) 0.842ms
[286.723s][info][gc,cpu         ] GC(1848) User=0.00s Sys=0.00s Real=0.00s
[286.861s][info][gc,start       ] GC(1849) Pause Young (Allocation Failure)
[286.862s][info][gc,heap        ] GC(1849) PSYoungGen: 33856K(34304K)->608K(34304K) Eden: 33280K(33280K)->0K(33280K) From: 576K(1024K)->608K(1024K)
[286.862s][info][gc,heap        ] GC(1849) ParOldGen: 6334K(349696K)->6334K(349696K)
[286.862s][info][gc,metaspace   ] GC(1849) Metaspace: 9968K(10368K)->9968K(10368K) NonClass: 8666K(8896K)->8666K(8896K) Class: 1302K(1472K)->1302K(1472K)
[286.862s][info][gc             ] GC(1849) Pause Young (Allocation Failure) 39M->6M(375M) 0.854ms
[286.862s][info][gc,cpu         ] GC(1849) User=0.00s Sys=0.00s Real=0.00s
[286.993s][info][gc,start       ] GC(1850) Pause Young (Allocation Failure)
[286.994s][info][gc,heap        ] GC(1850) PSYoungGen: 33888K(34304K)->576K(34304K) Eden: 33280K(33280K)->0K(33280K) From: 608K(1024K)->576K(1024K)
[286.994s][info][gc,heap        ] GC(1850) ParOldGen: 6334K(349696K)->6334K(349696K)
[286.994s][info][gc,metaspace   ] GC(1850) Metaspace: 9968K(10368K)->9968K(10368K) NonClass: 8666K(8896K)->8666K(8896K) Class: 1302K(1472K)->1302K(1472K)
[286.994s][info][gc             ] GC(1850) Pause Young (Allocation Failure) 39M->6M(375M) 0.875ms
[286.994s][info][gc,cpu         ] GC(1850) User=0.00s Sys=0.00s Real=0.00s
[287.123s][info][gc,start       ] GC(1851) Pause Young (Allocation Failure)
[287.124s][info][gc,heap        ] GC(1851) PSYoungGen: 33856K(34304K)->832K(34304K) Eden: 33280K(33280K)->0K(33280K) From: 576K(1024K)->832K(1024K)
[287.124s][info][gc,heap        ] GC(1851) ParOldGen: 6334K(349696K)->6358K(349696K)
[287.124s][info][gc,metaspace   ] GC(1851) Metaspace: 9968K(10368K)->9968K(10368K) NonClass: 8666K(8896K)->8666K(8896K) Class: 1302K(1472K)->1302K(1472K)
[287.125s][info][gc             ] GC(1851) Pause Young (Allocation Failure) 39M->7M(375M) 1.049ms
[287.125s][info][gc,cpu         ] GC(1851) User=0.00s Sys=0.00s Real=0.00s
[287.255s][info][gc,start       ] GC(1852) Pause Young (Allocation Failure)
[287.256s][info][gc,heap        ] GC(1852) PSYoungGen: 34112K(34304K)->512K(34304K) Eden: 33280K(33280K)->0K(33280K) From: 832K(1024K)->512K(1024K)
[287.256s][info][gc,heap        ] GC(1852) ParOldGen: 6358K(349696K)->6582K(349696K)
[287.256s][info][gc,metaspace   ] GC(1852) Metaspace: 9968K(10368K)->9968K(10368K) NonClass: 8666K(8896K)->8666K(8896K) Class: 1302K(1472K)->1302K(1472K)
[287.256s][info][gc             ] GC(1852) Pause Young (Allocation Failure) 39M->6M(375M) 0.983ms
[287.256s][info][gc,cpu         ] GC(1852) User=0.00s Sys=0.00s Real=0.00s
[287.394s][info][gc,start       ] GC(1853) Pause Young (Allocation Failure)
[287.395s][info][gc,heap        ] GC(1853) PSYoungGen: 33792K(34304K)->576K(34304K) Eden: 33280K(33280K)->0K(33280K) From: 512K(1024K)->576K(1024K)
[287.395s][info][gc,heap        ] GC(1853) ParOldGen: 6582K(349696K)->6582K(349696K)
[287.395s][info][gc,metaspace   ] GC(1853) Metaspace: 9968K(10368K)->9968K(10368K) NonClass: 8666K(8896K)->8666K(8896K) Class: 1302K(1472K)->1302K(1472K)
[287.395s][info][gc             ] GC(1853) Pause Young (Allocation Failure) 39M->6M(375M) 0.920ms
[287.395s][info][gc,cpu         ] GC(1853) User=0.14s Sys=0.00s Real=0.02s
[287.523s][info][gc,start       ] GC(1854) Pause Young (Allocation Failure)
[287.524s][info][gc,heap        ] GC(1854) PSYoungGen: 33856K(34304K)->736K(34304K) Eden: 33280K(33280K)->0K(33280K) From: 576K(1024K)->736K(1024K)
[287.524s][info][gc,heap        ] GC(1854) ParOldGen: 6582K(349696K)->6662K(349696K)
[287.524s][info][gc,metaspace   ] GC(1854) Metaspace: 9968K(10368K)->9968K(10368K) NonClass: 8666K(8896K)->8666K(8896K) Class: 1302K(1472K)->1302K(1472K)
[287.524s][info][gc             ] GC(1854) Pause Young (Allocation Failure) 39M->7M(375M) 0.930ms
[287.524s][info][gc,cpu         ] GC(1854) User=0.00s Sys=0.00s Real=0.00s
[287.658s][info][gc,start       ] GC(1855) Pause Young (Allocation Failure)
[287.659s][info][gc,heap        ] GC(1855) PSYoungGen: 34016K(34304K)->704K(34304K) Eden: 33280K(33280K)->0K(33280K) From: 736K(1024K)->704K(1024K)
[287.659s][info][gc,heap        ] GC(1855) ParOldGen: 6662K(349696K)->6854K(349696K)
[287.659s][info][gc,metaspace   ] GC(1855) Metaspace: 9968K(10368K)->9968K(10368K) NonClass: 8666K(8896K)->8666K(8896K) Class: 1302K(1472K)->1302K(1472K)
[287.659s][info][gc             ] GC(1855) Pause Young (Allocation Failure) 39M->7M(375M) 1.051ms
[287.659s][info][gc,cpu         ] GC(1855) User=0.00s Sys=0.00s Real=0.00s
[287.788s][info][gc,start       ] GC(1856) Pause Young (Allocation Failure)
[287.789s][info][gc,heap        ] GC(1856) PSYoungGen: 33984K(34304K)->512K(34304K) Eden: 33280K(33280K)->0K(33280K) From: 704K(1024K)->512K(1024K)
[287.789s][info][gc,heap        ] GC(1856) ParOldGen: 6854K(349696K)->7078K(349696K)
[287.789s][info][gc,metaspace   ] GC(1856) Metaspace: 9968K(10368K)->9968K(10368K) NonClass: 8666K(8896K)->8666K(8896K) Class: 1302K(1472K)->1302K(1472K)
[287.789s][info][gc             ] GC(1856) Pause Young (Allocation Failure) 39M->7M(375M) 1.001ms
[287.789s][info][gc,cpu         ] GC(1856) User=0.00s Sys=0.00s Real=0.00s
[287.920s][info][gc,start       ] GC(1857) Pause Young (Allocation Failure)
[287.921s][info][gc,heap        ] GC(1857) PSYoungGen: 33792K(34304K)->576K(34304K) Eden: 33280K(33280K)->0K(33280K) From: 512K(1024K)->576K(1024K)
[287.921s][info][gc,heap        ] GC(1857) ParOldGen: 7078K(349696K)->7078K(349696K)
[287.921s][info][gc,metaspace   ] GC(1857) Metaspace: 9968K(10368K)->9968K(10368K) NonClass: 8666K(8896K)->8666K(8896K) Class: 1302K(1472K)->1302K(1472K)
[287.921s][info][gc             ] GC(1857) Pause Young (Allocation Failure) 39M->7M(375M) 0.862ms
[287.921s][info][gc,cpu         ] GC(1857) User=0.00s Sys=0.00s Real=0.00s
[288.054s][info][gc,start       ] GC(1858) Pause Young (Allocation Failure)
[288.054s][info][gc,heap        ] GC(1858) PSYoungGen: 33856K(34304K)->576K(34304K) Eden: 33280K(33280K)->0K(33280K) From: 576K(1024K)->576K(1024K)
[288.054s][info][gc,heap        ] GC(1858) ParOldGen: 7078K(349696K)->7078K(349696K)
[288.054s][info][gc,metaspace   ] GC(1858) Metaspace: 9968K(10368K)->9968K(10368K) NonClass: 8666K(8896K)->8666K(8896K) Class: 1302K(1472K)->1302K(1472K)
[288.054s][info][gc             ] GC(1858) Pause Young (Allocation Failure) 39M->7M(375M) 0.857ms
[288.054s][info][gc,cpu         ] GC(1858) User=0.00s Sys=0.00s Real=0.00s
[288.188s][info][gc,start       ] GC(1859) Pause Young (Allocation Failure)
[288.188s][info][gc,heap        ] GC(1859) PSYoungGen: 33856K(34304K)->576K(34304K) Eden: 33280K(33280K)->0K(33280K) From: 576K(1024K)->576K(1024K)
[288.189s][info][gc,heap        ] GC(1859) ParOldGen: 7078K(349696K)->7078K(349696K)
[288.189s][info][gc,metaspace   ] GC(1859) Metaspace: 9968K(10368K)->9968K(10368K) NonClass: 8666K(8896K)->8666K(8896K) Class: 1302K(1472K)->1302K(1472K)
[288.189s][info][gc             ] GC(1859) Pause Young (Allocation Failure) 39M->7M(375M) 0.840ms
[288.189s][info][gc,cpu         ] GC(1859) User=0.00s Sys=0.00s Real=0.00s
[288.322s][info][gc,start       ] GC(1860) Pause Young (Allocation Failure)
[288.322s][info][gc,heap        ] GC(1860) PSYoungGen: 33856K(34304K)->576K(34304K) Eden: 33280K(33280K)->0K(33280K) From: 576K(1024K)->576K(1024K)
[288.322s][info][gc,heap        ] GC(1860) ParOldGen: 7078K(349696K)->7078K(349696K)
[288.322s][info][gc,metaspace   ] GC(1860) Metaspace: 9968K(10368K)->9968K(10368K) NonClass: 8666K(8896K)->8666K(8896K) Class: 1302K(1472K)->1302K(1472K)
[288.322s][info][gc             ] GC(1860) Pause Young (Allocation Failure) 39M->7M(375M) 0.812ms
[288.322s][info][gc,cpu         ] GC(1860) User=0.00s Sys=0.00s Real=0.00s
[288.457s][info][gc,start       ] GC(1861) Pause Young (Allocation Failure)
[288.458s][info][gc,heap        ] GC(1861) PSYoungGen: 33856K(34304K)->576K(34304K) Eden: 33280K(33280K)->0K(33280K) From: 576K(1024K)->576K(1024K)
[288.458s][info][gc,heap        ] GC(1861) ParOldGen: 7078K(349696K)->7078K(349696K)
[288.458s][info][gc,metaspace   ] GC(1861) Metaspace: 9968K(10368K)->9968K(10368K) NonClass: 8666K(8896K)->8666K(8896K) Class: 1302K(1472K)->1302K(1472K)
[288.458s][info][gc             ] GC(1861) Pause Young (Allocation Failure) 39M->7M(375M) 0.840ms
[288.458s][info][gc,cpu         ] GC(1861) User=0.00s Sys=0.00s Real=0.00s
[288.592s][info][gc,start       ] GC(1862) Pause Young (Allocation Failure)
[288.593s][info][gc,heap        ] GC(1862) PSYoungGen: 33856K(34304K)->576K(34304K) Eden: 33280K(33280K)->0K(33280K) From: 576K(1024K)->576K(1024K)
[288.593s][info][gc,heap        ] GC(1862) ParOldGen: 7078K(349696K)->7078K(349696K)
[288.593s][info][gc,metaspace   ] GC(1862) Metaspace: 9968K(10368K)->9968K(10368K) NonClass: 8666K(8896K)->8666K(8896K) Class: 1302K(1472K)->1302K(1472K)
[288.593s][info][gc             ] GC(1862) Pause Young (Allocation Failure) 39M->7M(375M) 0.897ms
[288.593s][info][gc,cpu         ] GC(1862) User=0.00s Sys=0.00s Real=0.00s
[288.726s][info][gc,start       ] GC(1863) Pause Young (Allocation Failure)
[288.726s][info][gc,heap        ] GC(1863) PSYoungGen: 33856K(34304K)->608K(34304K) Eden: 33280K(33280K)->0K(33280K) From: 576K(1024K)->608K(1024K)
[288.726s][info][gc,heap        ] GC(1863) ParOldGen: 7078K(349696K)->7078K(349696K)
[288.726s][info][gc,metaspace   ] GC(1863) Metaspace: 9968K(10368K)->9968K(10368K) NonClass: 8666K(8896K)->8666K(8896K) Class: 1302K(1472K)->1302K(1472K)
[288.726s][info][gc             ] GC(1863) Pause Young (Allocation Failure) 39M->7M(375M) 0.861ms
[288.727s][info][gc,cpu         ] GC(1863) User=0.00s Sys=0.00s Real=0.00s
[288.855s][info][gc,start       ] GC(1864) Pause Young (Allocation Failure)
[288.856s][info][gc,heap        ] GC(1864) PSYoungGen: 33888K(34304K)->640K(34304K) Eden: 33280K(33280K)->0K(33280K) From: 608K(1024K)->640K(1024K)
[288.856s][info][gc,heap        ] GC(1864) ParOldGen: 7078K(349696K)->7086K(349696K)
[288.856s][info][gc,metaspace   ] GC(1864) Metaspace: 9968K(10368K)->9968K(10368K) NonClass: 8666K(8896K)->8666K(8896K) Class: 1302K(1472K)->1302K(1472K)
[288.856s][info][gc             ] GC(1864) Pause Young (Allocation Failure) 40M->7M(375M) 0.890ms
[288.856s][info][gc,cpu         ] GC(1864) User=0.00s Sys=0.00s Real=0.00s
[288.995s][info][gc,start       ] GC(1865) Pause Young (Allocation Failure)
[288.995s][info][gc,heap        ] GC(1865) PSYoungGen: 33920K(34304K)->864K(34304K) Eden: 33280K(33280K)->0K(33280K) From: 640K(1024K)->864K(1024K)
[288.995s][info][gc,heap        ] GC(1865) ParOldGen: 7086K(349696K)->7142K(349696K)
[288.995s][info][gc,metaspace   ] GC(1865) Metaspace: 9968K(10368K)->9968K(10368K) NonClass: 8666K(8896K)->8666K(8896K) Class: 1302K(1472K)->1302K(1472K)
[288.996s][info][gc             ] GC(1865) Pause Young (Allocation Failure) 40M->7M(375M) 0.974ms
[288.996s][info][gc,cpu         ] GC(1865) User=0.00s Sys=0.00s Real=0.00s
[289.131s][info][gc,start       ] GC(1866) Pause Young (Allocation Failure)
[289.132s][info][gc,heap        ] GC(1866) PSYoungGen: 34144K(34304K)->672K(34304K) Eden: 33280K(33280K)->0K(33280K) From: 864K(1024K)->672K(1024K)
[289.132s][info][gc,heap        ] GC(1866) ParOldGen: 7142K(349696K)->7374K(349696K)
[289.132s][info][gc,metaspace   ] GC(1866) Metaspace: 9968K(10368K)->9968K(10368K) NonClass: 8666K(8896K)->8666K(8896K) Class: 1302K(1472K)->1302K(1472K)
[289.132s][info][gc             ] GC(1866) Pause Young (Allocation Failure) 40M->7M(375M) 1.007ms
[289.132s][info][gc,cpu         ] GC(1866) User=0.00s Sys=0.00s Real=0.00s
[289.267s][info][gc,start       ] GC(1867) Pause Young (Allocation Failure)
[289.268s][info][gc,heap        ] GC(1867) PSYoungGen: 33952K(34304K)->576K(34304K) Eden: 33280K(33280K)->0K(33280K) From: 672K(1024K)->576K(1024K)
[289.268s][info][gc,heap        ] GC(1867) ParOldGen: 7374K(349696K)->7382K(349696K)
[289.268s][info][gc,metaspace   ] GC(1867) Metaspace: 9968K(10368K)->9968K(10368K) NonClass: 8666K(8896K)->8666K(8896K) Class: 1302K(1472K)->1302K(1472K)
[289.268s][info][gc             ] GC(1867) Pause Young (Allocation Failure) 40M->7M(375M) 0.851ms
[289.268s][info][gc,cpu         ] GC(1867) User=0.00s Sys=0.00s Real=0.00s
[289.406s][info][gc,start       ] GC(1868) Pause Young (Allocation Failure)
[289.406s][info][gc,heap        ] GC(1868) PSYoungGen: 33856K(34304K)->576K(34304K) Eden: 33280K(33280K)->0K(33280K) From: 576K(1024K)->576K(1024K)
[289.407s][info][gc,heap        ] GC(1868) ParOldGen: 7382K(349696K)->7382K(349696K)
[289.407s][info][gc,metaspace   ] GC(1868) Metaspace: 9968K(10368K)->9968K(10368K) NonClass: 8666K(8896K)->8666K(8896K) Class: 1302K(1472K)->1302K(1472K)
[289.407s][info][gc             ] GC(1868) Pause Young (Allocation Failure) 40M->7M(375M) 0.910ms
[289.407s][info][gc,cpu         ] GC(1868) User=0.00s Sys=0.00s Real=0.00s
[289.547s][info][gc,start       ] GC(1869) Pause Young (Allocation Failure)
[289.548s][info][gc,heap        ] GC(1869) PSYoungGen: 33856K(34304K)->576K(34304K) Eden: 33280K(33280K)->0K(33280K) From: 576K(1024K)->576K(1024K)
[289.548s][info][gc,heap        ] GC(1869) ParOldGen: 7382K(349696K)->7382K(349696K)
[289.548s][info][gc,metaspace   ] GC(1869) Metaspace: 9968K(10368K)->9968K(10368K) NonClass: 8666K(8896K)->8666K(8896K) Class: 1302K(1472K)->1302K(1472K)
[289.548s][info][gc             ] GC(1869) Pause Young (Allocation Failure) 40M->7M(375M) 0.902ms
[289.548s][info][gc,cpu         ] GC(1869) User=0.00s Sys=0.00s Real=0.00s
[289.675s][info][gc,start       ] GC(1870) Pause Young (Allocation Failure)
[289.676s][info][gc,heap        ] GC(1870) PSYoungGen: 33856K(34304K)->576K(34304K) Eden: 33280K(33280K)->0K(33280K) From: 576K(1024K)->576K(1024K)
[289.676s][info][gc,heap        ] GC(1870) ParOldGen: 7382K(349696K)->7382K(349696K)
[289.676s][info][gc,metaspace   ] GC(1870) Metaspace: 9968K(10368K)->9968K(10368K) NonClass: 8666K(8896K)->8666K(8896K) Class: 1302K(1472K)->1302K(1472K)
[289.676s][info][gc             ] GC(1870) Pause Young (Allocation Failure) 40M->7M(375M) 0.862ms
[289.676s][info][gc,cpu         ] GC(1870) User=0.00s Sys=0.00s Real=0.00s
[289.810s][info][gc,start       ] GC(1871) Pause Young (Allocation Failure)
[289.811s][info][gc,heap        ] GC(1871) PSYoungGen: 33856K(34304K)->576K(34304K) Eden: 33280K(33280K)->0K(33280K) From: 576K(1024K)->576K(1024K)
[289.811s][info][gc,heap        ] GC(1871) ParOldGen: 7382K(349696K)->7382K(349696K)
[289.811s][info][gc,metaspace   ] GC(1871) Metaspace: 9968K(10368K)->9968K(10368K) NonClass: 8666K(8896K)->8666K(8896K) Class: 1302K(1472K)->1302K(1472K)
[289.811s][info][gc             ] GC(1871) Pause Young (Allocation Failure) 40M->7M(375M) 0.867ms
[289.811s][info][gc,cpu         ] GC(1871) User=0.00s Sys=0.00s Real=0.00s
[289.947s][info][gc,start       ] GC(1872) Pause Young (Allocation Failure)
[289.948s][info][gc,heap        ] GC(1872) PSYoungGen: 33856K(34304K)->544K(34304K) Eden: 33280K(33280K)->0K(33280K) From: 576K(1024K)->544K(1024K)
[289.948s][info][gc,heap        ] GC(1872) ParOldGen: 7382K(349696K)->7406K(349696K)
[289.948s][info][gc,metaspace   ] GC(1872) Metaspace: 9968K(10368K)->9968K(10368K) NonClass: 8666K(8896K)->8666K(8896K) Class: 1302K(1472K)->1302K(1472K)
[289.948s][info][gc             ] GC(1872) Pause Young (Allocation Failure) 40M->7M(375M) 0.840ms
[289.948s][info][gc,cpu         ] GC(1872) User=0.00s Sys=0.00s Real=0.00s
[290.087s][info][gc,start       ] GC(1873) Pause Young (Allocation Failure)
[290.088s][info][gc,heap        ] GC(1873) PSYoungGen: 33824K(34304K)->608K(34304K) Eden: 33280K(33280K)->0K(33280K) From: 544K(1024K)->608K(1024K)
[290.088s][info][gc,heap        ] GC(1873) ParOldGen: 7406K(349696K)->7422K(349696K)
[290.088s][info][gc,metaspace   ] GC(1873) Metaspace: 9968K(10368K)->9968K(10368K) NonClass: 8666K(8896K)->8666K(8896K) Class: 1302K(1472K)->1302K(1472K)
[290.088s][info][gc             ] GC(1873) Pause Young (Allocation Failure) 40M->7M(375M) 0.865ms
[290.088s][info][gc,cpu         ] GC(1873) User=0.00s Sys=0.00s Real=0.00s
[290.223s][info][gc,start       ] GC(1874) Pause Young (Allocation Failure)
[290.224s][info][gc,heap        ] GC(1874) PSYoungGen: 33888K(34304K)->640K(34304K) Eden: 33280K(33280K)->0K(33280K) From: 608K(1024K)->640K(1024K)
[290.224s][info][gc,heap        ] GC(1874) ParOldGen: 7422K(349696K)->7422K(349696K)
[290.224s][info][gc,metaspace   ] GC(1874) Metaspace: 9968K(10368K)->9968K(10368K) NonClass: 8666K(8896K)->8666K(8896K) Class: 1302K(1472K)->1302K(1472K)
[290.224s][info][gc             ] GC(1874) Pause Young (Allocation Failure) 40M->7M(375M) 0.886ms
[290.224s][info][gc,cpu         ] GC(1874) User=0.00s Sys=0.00s Real=0.00s
[290.361s][info][gc,start       ] GC(1875) Pause Young (Allocation Failure)
[290.362s][info][gc,heap        ] GC(1875) PSYoungGen: 33920K(34304K)->576K(34304K) Eden: 33280K(33280K)->0K(33280K) From: 640K(1024K)->576K(1024K)
[290.362s][info][gc,heap        ] GC(1875) ParOldGen: 7422K(349696K)->7422K(349696K)
[290.362s][info][gc,metaspace   ] GC(1875) Metaspace: 9968K(10368K)->9968K(10368K) NonClass: 8666K(8896K)->8666K(8896K) Class: 1302K(1472K)->1302K(1472K)
[290.362s][info][gc             ] GC(1875) Pause Young (Allocation Failure) 40M->7M(375M) 0.843ms
[290.362s][info][gc,cpu         ] GC(1875) User=0.00s Sys=0.00s Real=0.00s
[290.431s][info][gc,start       ] GC(1876) Pause Young (System.gc())
[290.431s][info][gc,heap        ] GC(1876) PSYoungGen: 16867K(34304K)->576K(34304K) Eden: 16291K(33280K)->0K(33280K) From: 576K(1024K)->576K(1024K)
[290.431s][info][gc,heap        ] GC(1876) ParOldGen: 7422K(349696K)->7494K(349696K)
[290.431s][info][gc,metaspace   ] GC(1876) Metaspace: 9968K(10368K)->9968K(10368K) NonClass: 8666K(8896K)->8666K(8896K) Class: 1302K(1472K)->1302K(1472K)
[290.431s][info][gc             ] GC(1876) Pause Young (System.gc()) 23M->7M(375M) 0.703ms
[290.431s][info][gc,cpu         ] GC(1876) User=0.00s Sys=0.00s Real=0.00s
[290.431s][info][gc,start       ] GC(1877) Pause Full (System.gc())
[290.431s][info][gc,phases,start] GC(1877) Marking Phase
[290.445s][info][gc,phases      ] GC(1877) Marking Phase 13.391ms
[290.445s][info][gc,phases,start] GC(1877) Summary Phase
[290.445s][info][gc,phases      ] GC(1877) Summary Phase 0.032ms
[290.445s][info][gc,phases,start] GC(1877) Adjust Roots
[290.449s][info][gc,phases      ] GC(1877) Adjust Roots 4.343ms
[290.449s][info][gc,phases,start] GC(1877) Compaction Phase
[290.452s][info][gc,phases      ] GC(1877) Compaction Phase 2.959ms
[290.452s][info][gc,phases,start] GC(1877) Post Compact
[290.453s][info][gc,phases      ] GC(1877) Post Compact 0.287ms
[290.453s][info][gc,heap        ] GC(1877) PSYoungGen: 576K(34304K)->0K(34304K) Eden: 0K(33280K)->0K(33280K) From: 576K(1024K)->0K(1024K)
[290.453s][info][gc,heap        ] GC(1877) ParOldGen: 7494K(349696K)->4078K(349696K)
[290.453s][info][gc,metaspace   ] GC(1877) Metaspace: 9968K(10368K)->9968K(10368K) NonClass: 8666K(8896K)->8666K(8896K) Class: 1302K(1472K)->1302K(1472K)
[290.453s][info][gc             ] GC(1877) Pause Full (System.gc()) 7M->3M(375M) 21.414ms
[290.453s][info][gc,cpu         ] GC(1877) User=0.02s Sys=0.00s Real=0.02s
[290.590s][info][gc,start       ] GC(1878) Pause Young (Allocation Failure)
[290.602s][info][gc,heap        ] GC(1878) PSYoungGen: 33280K(34304K)->1024K(34304K) Eden: 33280K(33280K)->0K(33280K) From: 0K(1024K)->1024K(1024K)
[290.602s][info][gc,heap        ] GC(1878) ParOldGen: 4078K(349696K)->4158K(349696K)
[290.602s][info][gc,metaspace   ] GC(1878) Metaspace: 9968K(10368K)->9968K(10368K) NonClass: 8666K(8896K)->8666K(8896K) Class: 1302K(1472K)->1302K(1472K)
[290.602s][info][gc             ] GC(1878) Pause Young (Allocation Failure) 36M->5M(375M) 12.081ms
[290.602s][info][gc,cpu         ] GC(1878) User=0.14s Sys=0.00s Real=0.01s
[290.735s][info][gc,start       ] GC(1879) Pause Young (Allocation Failure)
[290.736s][info][gc,heap        ] GC(1879) PSYoungGen: 34304K(34304K)->960K(34304K) Eden: 33280K(33280K)->0K(33280K) From: 1024K(1024K)->960K(1024K)
[290.736s][info][gc,heap        ] GC(1879) ParOldGen: 4158K(349696K)->4614K(349696K)
[290.736s][info][gc,metaspace   ] GC(1879) Metaspace: 9968K(10368K)->9968K(10368K) NonClass: 8666K(8896K)->8666K(8896K) Class: 1302K(1472K)->1302K(1472K)
[290.736s][info][gc             ] GC(1879) Pause Young (Allocation Failure) 37M->5M(375M) 1.538ms
[290.736s][info][gc,cpu         ] GC(1879) User=0.00s Sys=0.00s Real=0.00s
[290.872s][info][gc,start       ] GC(1880) Pause Young (Allocation Failure)
[290.873s][info][gc,heap        ] GC(1880) PSYoungGen: 34240K(34304K)->896K(34304K) Eden: 33280K(33280K)->0K(33280K) From: 960K(1024K)->896K(1024K)
[290.873s][info][gc,heap        ] GC(1880) ParOldGen: 4614K(349696K)->4982K(349696K)
[290.873s][info][gc,metaspace   ] GC(1880) Metaspace: 9968K(10368K)->9968K(10368K) NonClass: 8666K(8896K)->8666K(8896K) Class: 1302K(1472K)->1302K(1472K)
[290.873s][info][gc             ] GC(1880) Pause Young (Allocation Failure) 37M->5M(375M) 1.289ms
[290.873s][info][gc,cpu         ] GC(1880) User=0.00s Sys=0.00s Real=0.00s
[291.015s][info][gc,start       ] GC(1881) Pause Young (Allocation Failure)
[291.016s][info][gc,heap        ] GC(1881) PSYoungGen: 34176K(34304K)->608K(34816K) Eden: 33280K(33280K)->0K(33280K) From: 896K(1024K)->608K(1536K)
[291.016s][info][gc,heap        ] GC(1881) ParOldGen: 4982K(349696K)->5398K(349696K)
[291.016s][info][gc,metaspace   ] GC(1881) Metaspace: 9968K(10368K)->9968K(10368K) NonClass: 8666K(8896K)->8666K(8896K) Class: 1302K(1472K)->1302K(1472K)
[291.016s][info][gc             ] GC(1881) Pause Young (Allocation Failure) 38M->5M(375M) 1.220ms
[291.016s][info][gc,cpu         ] GC(1881) User=0.00s Sys=0.00s Real=0.00s
[291.145s][info][gc,start       ] GC(1882) Pause Young (Allocation Failure)
[291.145s][info][gc,heap        ] GC(1882) PSYoungGen: 33888K(34816K)->608K(34304K) Eden: 33280K(33280K)->0K(33280K) From: 608K(1536K)->608K(1024K)
[291.145s][info][gc,heap        ] GC(1882) ParOldGen: 5398K(349696K)->5398K(349696K)
[291.145s][info][gc,metaspace   ] GC(1882) Metaspace: 9968K(10368K)->9968K(10368K) NonClass: 8666K(8896K)->8666K(8896K) Class: 1302K(1472K)->1302K(1472K)
[291.145s][info][gc             ] GC(1882) Pause Young (Allocation Failure) 38M->5M(375M) 0.920ms
[291.146s][info][gc,cpu         ] GC(1882) User=0.00s Sys=0.00s Real=0.00s
[291.279s][info][gc,start       ] GC(1883) Pause Young (Allocation Failure)
[291.280s][info][gc,heap        ] GC(1883) PSYoungGen: 33888K(34304K)->704K(34304K) Eden: 33280K(33280K)->0K(33280K) From: 608K(1024K)->704K(1024K)
[291.280s][info][gc,heap        ] GC(1883) ParOldGen: 5398K(349696K)->5518K(349696K)
[291.280s][info][gc,metaspace   ] GC(1883) Metaspace: 9968K(10368K)->9968K(10368K) NonClass: 8666K(8896K)->8666K(8896K) Class: 1302K(1472K)->1302K(1472K)
[291.280s][info][gc             ] GC(1883) Pause Young (Allocation Failure) 38M->6M(375M) 0.999ms
[291.280s][info][gc,cpu         ] GC(1883) User=0.02s Sys=0.05s Real=0.02s
[291.418s][info][gc,start       ] GC(1884) Pause Young (Allocation Failure)
[291.419s][info][gc,heap        ] GC(1884) PSYoungGen: 33984K(34304K)->608K(34304K) Eden: 33280K(33280K)->0K(33280K) From: 704K(1024K)->608K(1024K)
[291.419s][info][gc,heap        ] GC(1884) ParOldGen: 5518K(349696K)->5662K(349696K)
[291.419s][info][gc,metaspace   ] GC(1884) Metaspace: 9968K(10368K)->9968K(10368K) NonClass: 8666K(8896K)->8666K(8896K) Class: 1302K(1472K)->1302K(1472K)
[291.419s][info][gc             ] GC(1884) Pause Young (Allocation Failure) 38M->6M(375M) 0.908ms
[291.419s][info][gc,cpu         ] GC(1884) User=0.00s Sys=0.00s Real=0.00s
[291.554s][info][gc,start       ] GC(1885) Pause Young (Allocation Failure)
[291.555s][info][gc,heap        ] GC(1885) PSYoungGen: 33888K(34304K)->864K(34304K) Eden: 33280K(33280K)->0K(33280K) From: 608K(1024K)->864K(1024K)
[291.555s][info][gc,heap        ] GC(1885) ParOldGen: 5662K(349696K)->5702K(349696K)
[291.555s][info][gc,metaspace   ] GC(1885) Metaspace: 9968K(10368K)->9968K(10368K) NonClass: 8666K(8896K)->8666K(8896K) Class: 1302K(1472K)->1302K(1472K)
[291.555s][info][gc             ] GC(1885) Pause Young (Allocation Failure) 38M->6M(375M) 0.980ms
[291.555s][info][gc,cpu         ] GC(1885) User=0.00s Sys=0.00s Real=0.00s
[291.686s][info][gc,start       ] GC(1886) Pause Young (Allocation Failure)
[291.687s][info][gc,heap        ] GC(1886) PSYoungGen: 34144K(34304K)->832K(34304K) Eden: 33280K(33280K)->0K(33280K) From: 864K(1024K)->832K(1024K)
[291.688s][info][gc,heap        ] GC(1886) ParOldGen: 5702K(349696K)->5950K(349696K)
[291.688s][info][gc,metaspace   ] GC(1886) Metaspace: 9968K(10368K)->9968K(10368K) NonClass: 8666K(8896K)->8666K(8896K) Class: 1302K(1472K)->1302K(1472K)
[291.688s][info][gc             ] GC(1886) Pause Young (Allocation Failure) 38M->6M(375M) 1.137ms
[291.688s][info][gc,cpu         ] GC(1886) User=0.00s Sys=0.00s Real=0.00s
[291.825s][info][gc,start       ] GC(1887) Pause Young (Allocation Failure)
[291.827s][info][gc,heap        ] GC(1887) PSYoungGen: 34112K(34304K)->960K(34816K) Eden: 33280K(33280K)->0K(33280K) From: 832K(1024K)->960K(1536K)
[291.827s][info][gc,heap        ] GC(1887) ParOldGen: 5950K(349696K)->6198K(349696K)
[291.827s][info][gc,metaspace   ] GC(1887) Metaspace: 9968K(10368K)->9968K(10368K) NonClass: 8666K(8896K)->8666K(8896K) Class: 1302K(1472K)->1302K(1472K)
[291.827s][info][gc             ] GC(1887) Pause Young (Allocation Failure) 39M->6M(375M) 1.219ms
[291.827s][info][gc,cpu         ] GC(1887) User=0.00s Sys=0.00s Real=0.00s
[291.960s][info][gc,start       ] GC(1888) Pause Young (Allocation Failure)
[291.961s][info][gc,heap        ] GC(1888) PSYoungGen: 34240K(34816K)->640K(34816K) Eden: 33280K(33280K)->0K(33280K) From: 960K(1536K)->640K(1536K)
[291.961s][info][gc,heap        ] GC(1888) ParOldGen: 6198K(349696K)->6566K(349696K)
[291.961s][info][gc,metaspace   ] GC(1888) Metaspace: 9968K(10368K)->9968K(10368K) NonClass: 8666K(8896K)->8666K(8896K) Class: 1302K(1472K)->1302K(1472K)
[291.961s][info][gc             ] GC(1888) Pause Young (Allocation Failure) 39M->7M(375M) 1.159ms
[291.961s][info][gc,cpu         ] GC(1888) User=0.00s Sys=0.00s Real=0.00s
[292.099s][info][gc,start       ] GC(1889) Pause Young (Allocation Failure)
[292.099s][info][gc,heap        ] GC(1889) PSYoungGen: 33920K(34816K)->576K(34816K) Eden: 33280K(33280K)->0K(33280K) From: 640K(1536K)->576K(1536K)
[292.099s][info][gc,heap        ] GC(1889) ParOldGen: 6566K(349696K)->6566K(349696K)
[292.100s][info][gc,metaspace   ] GC(1889) Metaspace: 9968K(10368K)->9968K(10368K) NonClass: 8666K(8896K)->8666K(8896K) Class: 1302K(1472K)->1302K(1472K)
[292.100s][info][gc             ] GC(1889) Pause Young (Allocation Failure) 39M->6M(375M) 0.839ms
[292.100s][info][gc,cpu         ] GC(1889) User=0.00s Sys=0.00s Real=0.00s
[292.232s][info][gc,start       ] GC(1890) Pause Young (Allocation Failure)
[292.233s][info][gc,heap        ] GC(1890) PSYoungGen: 33856K(34816K)->576K(34816K) Eden: 33280K(33280K)->0K(33280K) From: 576K(1536K)->576K(1536K)
[292.233s][info][gc,heap        ] GC(1890) ParOldGen: 6566K(349696K)->6574K(349696K)
[292.233s][info][gc,metaspace   ] GC(1890) Metaspace: 9968K(10368K)->9968K(10368K) NonClass: 8666K(8896K)->8666K(8896K) Class: 1302K(1472K)->1302K(1472K)
[292.233s][info][gc             ] GC(1890) Pause Young (Allocation Failure) 39M->6M(375M) 0.846ms
[292.233s][info][gc,cpu         ] GC(1890) User=0.00s Sys=0.00s Real=0.00s
[292.365s][info][gc,start       ] GC(1891) Pause Young (Allocation Failure)
[292.366s][info][gc,heap        ] GC(1891) PSYoungGen: 33856K(34816K)->576K(34816K) Eden: 33280K(33280K)->0K(33280K) From: 576K(1536K)->576K(1536K)
[292.366s][info][gc,heap        ] GC(1891) ParOldGen: 6574K(349696K)->6582K(349696K)
[292.366s][info][gc,metaspace   ] GC(1891) Metaspace: 9968K(10368K)->9968K(10368K) NonClass: 8666K(8896K)->8666K(8896K) Class: 1302K(1472K)->1302K(1472K)
[292.366s][info][gc             ] GC(1891) Pause Young (Allocation Failure) 39M->6M(375M) 0.830ms
[292.366s][info][gc,cpu         ] GC(1891) User=0.00s Sys=0.00s Real=0.00s
[292.492s][info][gc,start       ] GC(1892) Pause Young (Allocation Failure)
[292.493s][info][gc,heap        ] GC(1892) PSYoungGen: 33856K(34816K)->576K(34304K) Eden: 33280K(33280K)->0K(33280K) From: 576K(1536K)->576K(1024K)
[292.493s][info][gc,heap        ] GC(1892) ParOldGen: 6582K(349696K)->6582K(349696K)
[292.493s][info][gc,metaspace   ] GC(1892) Metaspace: 9968K(10368K)->9968K(10368K) NonClass: 8666K(8896K)->8666K(8896K) Class: 1302K(1472K)->1302K(1472K)
[292.493s][info][gc             ] GC(1892) Pause Young (Allocation Failure) 39M->6M(375M) 0.997ms
[292.493s][info][gc,cpu         ] GC(1892) User=0.00s Sys=0.00s Real=0.00s
[292.633s][info][gc,start       ] GC(1893) Pause Young (Allocation Failure)
[292.634s][info][gc,heap        ] GC(1893) PSYoungGen: 33856K(34304K)->576K(34304K) Eden: 33280K(33280K)->0K(33280K) From: 576K(1024K)->576K(1024K)
[292.634s][info][gc,heap        ] GC(1893) ParOldGen: 6582K(349696K)->6582K(349696K)
[292.634s][info][gc,metaspace   ] GC(1893) Metaspace: 9968K(10368K)->9968K(10368K) NonClass: 8666K(8896K)->8666K(8896K) Class: 1302K(1472K)->1302K(1472K)
[292.634s][info][gc             ] GC(1893) Pause Young (Allocation Failure) 39M->6M(375M) 0.834ms
[292.634s][info][gc,cpu         ] GC(1893) User=0.00s Sys=0.00s Real=0.00s
[292.767s][info][gc,start       ] GC(1894) Pause Young (Allocation Failure)
[292.768s][info][gc,heap        ] GC(1894) PSYoungGen: 33856K(34304K)->576K(34304K) Eden: 33280K(33280K)->0K(33280K) From: 576K(1024K)->576K(1024K)
[292.768s][info][gc,heap        ] GC(1894) ParOldGen: 6582K(349696K)->6582K(349696K)
[292.768s][info][gc,metaspace   ] GC(1894) Metaspace: 9968K(10368K)->9968K(10368K) NonClass: 8666K(8896K)->8666K(8896K) Class: 1302K(1472K)->1302K(1472K)
[292.768s][info][gc             ] GC(1894) Pause Young (Allocation Failure) 39M->6M(375M) 0.845ms
[292.768s][info][gc,cpu         ] GC(1894) User=0.00s Sys=0.00s Real=0.00s
[292.897s][info][gc,start       ] GC(1895) Pause Young (Allocation Failure)
[292.898s][info][gc,heap        ] GC(1895) PSYoungGen: 33856K(34304K)->576K(34304K) Eden: 33280K(33280K)->0K(33280K) From: 576K(1024K)->576K(1024K)
[292.898s][info][gc,heap        ] GC(1895) ParOldGen: 6582K(349696K)->6582K(349696K)
[292.898s][info][gc,metaspace   ] GC(1895) Metaspace: 9968K(10368K)->9968K(10368K) NonClass: 8666K(8896K)->8666K(8896K) Class: 1302K(1472K)->1302K(1472K)
[292.898s][info][gc             ] GC(1895) Pause Young (Allocation Failure) 39M->6M(375M) 0.847ms
[292.898s][info][gc,cpu         ] GC(1895) User=0.00s Sys=0.00s Real=0.00s
[293.033s][info][gc,start       ] GC(1896) Pause Young (Allocation Failure)
[293.034s][info][gc,heap        ] GC(1896) PSYoungGen: 33856K(34304K)->576K(34304K) Eden: 33280K(33280K)->0K(33280K) From: 576K(1024K)->576K(1024K)
[293.034s][info][gc,heap        ] GC(1896) ParOldGen: 6582K(349696K)->6582K(349696K)
[293.034s][info][gc,metaspace   ] GC(1896) Metaspace: 9968K(10368K)->9968K(10368K) NonClass: 8666K(8896K)->8666K(8896K) Class: 1302K(1472K)->1302K(1472K)
[293.034s][info][gc             ] GC(1896) Pause Young (Allocation Failure) 39M->6M(375M) 0.836ms
[293.034s][info][gc,cpu         ] GC(1896) User=0.00s Sys=0.00s Real=0.00s
[293.163s][info][gc,start       ] GC(1897) Pause Young (Allocation Failure)
[293.164s][info][gc,heap        ] GC(1897) PSYoungGen: 33856K(34304K)->608K(34304K) Eden: 33280K(33280K)->0K(33280K) From: 576K(1024K)->608K(1024K)
[293.164s][info][gc,heap        ] GC(1897) ParOldGen: 6582K(349696K)->6582K(349696K)
[293.164s][info][gc,metaspace   ] GC(1897) Metaspace: 9968K(10368K)->9968K(10368K) NonClass: 8666K(8896K)->8666K(8896K) Class: 1302K(1472K)->1302K(1472K)
[293.164s][info][gc             ] GC(1897) Pause Young (Allocation Failure) 39M->7M(375M) 0.868ms
[293.164s][info][gc,cpu         ] GC(1897) User=0.00s Sys=0.00s Real=0.00s
[293.295s][info][gc,start       ] GC(1898) Pause Young (Allocation Failure)
[293.296s][info][gc,heap        ] GC(1898) PSYoungGen: 33888K(34304K)->608K(34304K) Eden: 33280K(33280K)->0K(33280K) From: 608K(1024K)->608K(1024K)
[293.296s][info][gc,heap        ] GC(1898) ParOldGen: 6582K(349696K)->6582K(349696K)
[293.296s][info][gc,metaspace   ] GC(1898) Metaspace: 9968K(10368K)->9968K(10368K) NonClass: 8666K(8896K)->8666K(8896K) Class: 1302K(1472K)->1302K(1472K)
[293.296s][info][gc             ] GC(1898) Pause Young (Allocation Failure) 39M->7M(375M) 0.934ms
[293.296s][info][gc,cpu         ] GC(1898) User=0.00s Sys=0.00s Real=0.00s
[293.432s][info][gc,start       ] GC(1899) Pause Young (Allocation Failure)
[293.433s][info][gc,heap        ] GC(1899) PSYoungGen: 33888K(34304K)->576K(34304K) Eden: 33280K(33280K)->0K(33280K) From: 608K(1024K)->576K(1024K)
[293.433s][info][gc,heap        ] GC(1899) ParOldGen: 6582K(349696K)->6582K(349696K)
[293.433s][info][gc,metaspace   ] GC(1899) Metaspace: 9968K(10368K)->9968K(10368K) NonClass: 8666K(8896K)->8666K(8896K) Class: 1302K(1472K)->1302K(1472K)
[293.433s][info][gc             ] GC(1899) Pause Young (Allocation Failure) 39M->6M(375M) 0.865ms
[293.433s][info][gc,cpu         ] GC(1899) User=0.00s Sys=0.00s Real=0.00s
[293.572s][info][gc,start       ] GC(1900) Pause Young (Allocation Failure)
[293.573s][info][gc,heap        ] GC(1900) PSYoungGen: 33856K(34304K)->576K(34304K) Eden: 33280K(33280K)->0K(33280K) From: 576K(1024K)->576K(1024K)
[293.573s][info][gc,heap        ] GC(1900) ParOldGen: 6582K(349696K)->6582K(349696K)
[293.573s][info][gc,metaspace   ] GC(1900) Metaspace: 9968K(10368K)->9968K(10368K) NonClass: 8666K(8896K)->8666K(8896K) Class: 1302K(1472K)->1302K(1472K)
[293.573s][info][gc             ] GC(1900) Pause Young (Allocation Failure) 39M->6M(375M) 0.870ms
[293.573s][info][gc,cpu         ] GC(1900) User=0.00s Sys=0.00s Real=0.00s
[293.712s][info][gc,start       ] GC(1901) Pause Young (Allocation Failure)
[293.713s][info][gc,heap        ] GC(1901) PSYoungGen: 33856K(34304K)->576K(34304K) Eden: 33280K(33280K)->0K(33280K) From: 576K(1024K)->576K(1024K)
[293.713s][info][gc,heap        ] GC(1901) ParOldGen: 6582K(349696K)->6590K(349696K)
[293.713s][info][gc,metaspace   ] GC(1901) Metaspace: 9968K(10368K)->9968K(10368K) NonClass: 8666K(8896K)->8666K(8896K) Class: 1302K(1472K)->1302K(1472K)
[293.713s][info][gc             ] GC(1901) Pause Young (Allocation Failure) 39M->6M(375M) 0.889ms
[293.713s][info][gc,cpu         ] GC(1901) User=0.00s Sys=0.00s Real=0.00s
[293.844s][info][gc,start       ] GC(1902) Pause Young (Allocation Failure)
[293.844s][info][gc,heap        ] GC(1902) PSYoungGen: 33856K(34304K)->576K(34304K) Eden: 33280K(33280K)->0K(33280K) From: 576K(1024K)->576K(1024K)
[293.844s][info][gc,heap        ] GC(1902) ParOldGen: 6590K(349696K)->6590K(349696K)
[293.844s][info][gc,metaspace   ] GC(1902) Metaspace: 9968K(10368K)->9968K(10368K) NonClass: 8666K(8896K)->8666K(8896K) Class: 1302K(1472K)->1302K(1472K)
[293.844s][info][gc             ] GC(1902) Pause Young (Allocation Failure) 39M->6M(375M) 0.855ms
[293.844s][info][gc,cpu         ] GC(1902) User=0.00s Sys=0.00s Real=0.00s
[293.974s][info][gc,start       ] GC(1903) Pause Young (Allocation Failure)
[293.975s][info][gc,heap        ] GC(1903) PSYoungGen: 33856K(34304K)->576K(34304K) Eden: 33280K(33280K)->0K(33280K) From: 576K(1024K)->576K(1024K)
[293.975s][info][gc,heap        ] GC(1903) ParOldGen: 6590K(349696K)->6590K(349696K)
[293.975s][info][gc,metaspace   ] GC(1903) Metaspace: 9968K(10368K)->9968K(10368K) NonClass: 8666K(8896K)->8666K(8896K) Class: 1302K(1472K)->1302K(1472K)
[293.975s][info][gc             ] GC(1903) Pause Young (Allocation Failure) 39M->6M(375M) 0.851ms
[293.975s][info][gc,cpu         ] GC(1903) User=0.00s Sys=0.00s Real=0.00s
[294.108s][info][gc,start       ] GC(1904) Pause Young (Allocation Failure)
[294.108s][info][gc,heap        ] GC(1904) PSYoungGen: 33856K(34304K)->576K(34304K) Eden: 33280K(33280K)->0K(33280K) From: 576K(1024K)->576K(1024K)
[294.108s][info][gc,heap        ] GC(1904) ParOldGen: 6590K(349696K)->6606K(349696K)
[294.108s][info][gc,metaspace   ] GC(1904) Metaspace: 9968K(10368K)->9968K(10368K) NonClass: 8666K(8896K)->8666K(8896K) Class: 1302K(1472K)->1302K(1472K)
[294.108s][info][gc             ] GC(1904) Pause Young (Allocation Failure) 39M->7M(375M) 0.841ms
[294.108s][info][gc,cpu         ] GC(1904) User=0.00s Sys=0.00s Real=0.00s
[294.249s][info][gc,start       ] GC(1905) Pause Young (Allocation Failure)
[294.250s][info][gc,heap        ] GC(1905) PSYoungGen: 33856K(34304K)->576K(34304K) Eden: 33280K(33280K)->0K(33280K) From: 576K(1024K)->576K(1024K)
[294.250s][info][gc,heap        ] GC(1905) ParOldGen: 6606K(349696K)->6606K(349696K)
[294.250s][info][gc,metaspace   ] GC(1905) Metaspace: 9968K(10368K)->9968K(10368K) NonClass: 8666K(8896K)->8666K(8896K) Class: 1302K(1472K)->1302K(1472K)
[294.250s][info][gc             ] GC(1905) Pause Young (Allocation Failure) 39M->7M(375M) 0.853ms
[294.250s][info][gc,cpu         ] GC(1905) User=0.00s Sys=0.00s Real=0.00s
[294.385s][info][gc,start       ] GC(1906) Pause Young (Allocation Failure)
[294.386s][info][gc,heap        ] GC(1906) PSYoungGen: 33856K(34304K)->608K(34304K) Eden: 33280K(33280K)->0K(33280K) From: 576K(1024K)->608K(1024K)
[294.386s][info][gc,heap        ] GC(1906) ParOldGen: 6606K(349696K)->6606K(349696K)
[294.386s][info][gc,metaspace   ] GC(1906) Metaspace: 9968K(10368K)->9968K(10368K) NonClass: 8666K(8896K)->8666K(8896K) Class: 1302K(1472K)->1302K(1472K)
[294.386s][info][gc             ] GC(1906) Pause Young (Allocation Failure) 39M->7M(375M) 0.894ms
[294.386s][info][gc,cpu         ] GC(1906) User=0.00s Sys=0.00s Real=0.00s
[294.524s][info][gc,start       ] GC(1907) Pause Young (Allocation Failure)
[294.525s][info][gc,heap        ] GC(1907) PSYoungGen: 33888K(34304K)->672K(34304K) Eden: 33280K(33280K)->0K(33280K) From: 608K(1024K)->672K(1024K)
[294.525s][info][gc,heap        ] GC(1907) ParOldGen: 6606K(349696K)->6606K(349696K)
[294.525s][info][gc,metaspace   ] GC(1907) Metaspace: 9968K(10368K)->9968K(10368K) NonClass: 8666K(8896K)->8666K(8896K) Class: 1302K(1472K)->1302K(1472K)
[294.525s][info][gc             ] GC(1907) Pause Young (Allocation Failure) 39M->7M(375M) 0.923ms
[294.525s][info][gc,cpu         ] GC(1907) User=0.00s Sys=0.00s Real=0.00s
[294.660s][info][gc,start       ] GC(1908) Pause Young (Allocation Failure)
[294.660s][info][gc,heap        ] GC(1908) PSYoungGen: 33952K(34304K)->672K(34304K) Eden: 33280K(33280K)->0K(33280K) From: 672K(1024K)->672K(1024K)
[294.660s][info][gc,heap        ] GC(1908) ParOldGen: 6606K(349696K)->6606K(349696K)
[294.660s][info][gc,metaspace   ] GC(1908) Metaspace: 9968K(10368K)->9968K(10368K) NonClass: 8666K(8896K)->8666K(8896K) Class: 1302K(1472K)->1302K(1472K)
[294.660s][info][gc             ] GC(1908) Pause Young (Allocation Failure) 39M->7M(375M) 0.875ms
[294.660s][info][gc,cpu         ] GC(1908) User=0.00s Sys=0.00s Real=0.00s
[294.789s][info][gc,start       ] GC(1909) Pause Young (Allocation Failure)
[294.790s][info][gc,heap        ] GC(1909) PSYoungGen: 33952K(34304K)->832K(34304K) Eden: 33280K(33280K)->0K(33280K) From: 672K(1024K)->832K(1024K)
[294.790s][info][gc,heap        ] GC(1909) ParOldGen: 6606K(349696K)->6606K(349696K)
[294.790s][info][gc,metaspace   ] GC(1909) Metaspace: 9968K(10368K)->9968K(10368K) NonClass: 8666K(8896K)->8666K(8896K) Class: 1302K(1472K)->1302K(1472K)
[294.790s][info][gc             ] GC(1909) Pause Young (Allocation Failure) 39M->7M(375M) 0.987ms
[294.790s][info][gc,cpu         ] GC(1909) User=0.00s Sys=0.00s Real=0.00s
[294.926s][info][gc,start       ] GC(1910) Pause Young (Allocation Failure)
[294.927s][info][gc,heap        ] GC(1910) PSYoungGen: 34112K(34304K)->672K(34304K) Eden: 33280K(33280K)->0K(33280K) From: 832K(1024K)->672K(1024K)
[294.927s][info][gc,heap        ] GC(1910) ParOldGen: 6606K(349696K)->6830K(349696K)
[294.927s][info][gc,metaspace   ] GC(1910) Metaspace: 9968K(10368K)->9968K(10368K) NonClass: 8666K(8896K)->8666K(8896K) Class: 1302K(1472K)->1302K(1472K)
[294.927s][info][gc             ] GC(1910) Pause Young (Allocation Failure) 39M->7M(375M) 1.059ms
[294.927s][info][gc,cpu         ] GC(1910) User=0.00s Sys=0.00s Real=0.00s
[295.063s][info][gc,start       ] GC(1911) Pause Young (Allocation Failure)
[295.064s][info][gc,heap        ] GC(1911) PSYoungGen: 33952K(34304K)->640K(34304K) Eden: 33280K(33280K)->0K(33280K) From: 672K(1024K)->640K(1024K)
[295.064s][info][gc,heap        ] GC(1911) ParOldGen: 6830K(349696K)->6830K(349696K)
[295.064s][info][gc,metaspace   ] GC(1911) Metaspace: 9968K(10368K)->9968K(10368K) NonClass: 8666K(8896K)->8666K(8896K) Class: 1302K(1472K)->1302K(1472K)
[295.064s][info][gc             ] GC(1911) Pause Young (Allocation Failure) 39M->7M(375M) 0.913ms
[295.064s][info][gc,cpu         ] GC(1911) User=0.02s Sys=0.00s Real=0.02s
[295.205s][info][gc,start       ] GC(1912) Pause Young (Allocation Failure)
[295.205s][info][gc,heap        ] GC(1912) PSYoungGen: 33920K(34304K)->608K(34304K) Eden: 33280K(33280K)->0K(33280K) From: 640K(1024K)->608K(1024K)
[295.206s][info][gc,heap        ] GC(1912) ParOldGen: 6830K(349696K)->6830K(349696K)
[295.206s][info][gc,metaspace   ] GC(1912) Metaspace: 9968K(10368K)->9968K(10368K) NonClass: 8666K(8896K)->8666K(8896K) Class: 1302K(1472K)->1302K(1472K)
[295.206s][info][gc             ] GC(1912) Pause Young (Allocation Failure) 39M->7M(375M) 0.907ms
[295.206s][info][gc,cpu         ] GC(1912) User=0.00s Sys=0.00s Real=0.00s
[295.342s][info][gc,start       ] GC(1913) Pause Young (Allocation Failure)
[295.343s][info][gc,heap        ] GC(1913) PSYoungGen: 33888K(34304K)->576K(34304K) Eden: 33280K(33280K)->0K(33280K) From: 608K(1024K)->576K(1024K)
[295.343s][info][gc,heap        ] GC(1913) ParOldGen: 6830K(349696K)->6830K(349696K)
[295.343s][info][gc,metaspace   ] GC(1913) Metaspace: 9968K(10368K)->9968K(10368K) NonClass: 8666K(8896K)->8666K(8896K) Class: 1302K(1472K)->1302K(1472K)
[295.343s][info][gc             ] GC(1913) Pause Young (Allocation Failure) 39M->7M(375M) 0.888ms
[295.343s][info][gc,cpu         ] GC(1913) User=0.00s Sys=0.00s Real=0.00s
[295.476s][info][gc,start       ] GC(1914) Pause Young (Allocation Failure)
[295.476s][info][gc,heap        ] GC(1914) PSYoungGen: 33856K(34304K)->576K(34304K) Eden: 33280K(33280K)->0K(33280K) From: 576K(1024K)->576K(1024K)
[295.476s][info][gc,heap        ] GC(1914) ParOldGen: 6830K(349696K)->6838K(349696K)
[295.476s][info][gc,metaspace   ] GC(1914) Metaspace: 9968K(10368K)->9968K(10368K) NonClass: 8666K(8896K)->8666K(8896K) Class: 1302K(1472K)->1302K(1472K)
[295.476s][info][gc             ] GC(1914) Pause Young (Allocation Failure) 39M->7M(375M) 0.838ms
[295.476s][info][gc,cpu         ] GC(1914) User=0.00s Sys=0.00s Real=0.00s
[295.612s][info][gc,start       ] GC(1915) Pause Young (Allocation Failure)
[295.613s][info][gc,heap        ] GC(1915) PSYoungGen: 33856K(34304K)->576K(34304K) Eden: 33280K(33280K)->0K(33280K) From: 576K(1024K)->576K(1024K)
[295.613s][info][gc,heap        ] GC(1915) ParOldGen: 6838K(349696K)->6838K(349696K)
[295.613s][info][gc,metaspace   ] GC(1915) Metaspace: 9968K(10368K)->9968K(10368K) NonClass: 8666K(8896K)->8666K(8896K) Class: 1302K(1472K)->1302K(1472K)
[295.613s][info][gc             ] GC(1915) Pause Young (Allocation Failure) 39M->7M(375M) 0.865ms
[295.613s][info][gc,cpu         ] GC(1915) User=0.00s Sys=0.00s Real=0.00s
[295.746s][info][gc,start       ] GC(1916) Pause Young (Allocation Failure)
[295.747s][info][gc,heap        ] GC(1916) PSYoungGen: 33856K(34304K)->608K(34304K) Eden: 33280K(33280K)->0K(33280K) From: 576K(1024K)->608K(1024K)
[295.747s][info][gc,heap        ] GC(1916) ParOldGen: 6838K(349696K)->6838K(349696K)
[295.747s][info][gc,metaspace   ] GC(1916) Metaspace: 9968K(10368K)->9968K(10368K) NonClass: 8666K(8896K)->8666K(8896K) Class: 1302K(1472K)->1302K(1472K)
[295.747s][info][gc             ] GC(1916) Pause Young (Allocation Failure) 39M->7M(375M) 0.792ms
[295.747s][info][gc,cpu         ] GC(1916) User=0.00s Sys=0.00s Real=0.00s
[295.880s][info][gc,start       ] GC(1917) Pause Young (Allocation Failure)
[295.881s][info][gc,heap        ] GC(1917) PSYoungGen: 33888K(34304K)->576K(34304K) Eden: 33280K(33280K)->0K(33280K) From: 608K(1024K)->576K(1024K)
[295.881s][info][gc,heap        ] GC(1917) ParOldGen: 6838K(349696K)->6838K(349696K)
[295.881s][info][gc,metaspace   ] GC(1917) Metaspace: 9968K(10368K)->9968K(10368K) NonClass: 8666K(8896K)->8666K(8896K) Class: 1302K(1472K)->1302K(1472K)
[295.881s][info][gc             ] GC(1917) Pause Young (Allocation Failure) 39M->7M(375M) 0.883ms
[295.881s][info][gc,cpu         ] GC(1917) User=0.00s Sys=0.00s Real=0.00s
[296.016s][info][gc,start       ] GC(1918) Pause Young (Allocation Failure)
[296.017s][info][gc,heap        ] GC(1918) PSYoungGen: 33856K(34304K)->576K(34304K) Eden: 33280K(33280K)->0K(33280K) From: 576K(1024K)->576K(1024K)
[296.017s][info][gc,heap        ] GC(1918) ParOldGen: 6838K(349696K)->6838K(349696K)
[296.017s][info][gc,metaspace   ] GC(1918) Metaspace: 9968K(10368K)->9968K(10368K) NonClass: 8666K(8896K)->8666K(8896K) Class: 1302K(1472K)->1302K(1472K)
[296.017s][info][gc             ] GC(1918) Pause Young (Allocation Failure) 39M->7M(375M) 0.848ms
[296.017s][info][gc,cpu         ] GC(1918) User=0.00s Sys=0.00s Real=0.00s
[296.150s][info][gc,start       ] GC(1919) Pause Young (Allocation Failure)
[296.150s][info][gc,heap        ] GC(1919) PSYoungGen: 33856K(34304K)->576K(34304K) Eden: 33280K(33280K)->0K(33280K) From: 576K(1024K)->576K(1024K)
[296.150s][info][gc,heap        ] GC(1919) ParOldGen: 6838K(349696K)->6838K(349696K)
[296.151s][info][gc,metaspace   ] GC(1919) Metaspace: 9968K(10368K)->9968K(10368K) NonClass: 8666K(8896K)->8666K(8896K) Class: 1302K(1472K)->1302K(1472K)
[296.151s][info][gc             ] GC(1919) Pause Young (Allocation Failure) 39M->7M(375M) 0.898ms
[296.151s][info][gc,cpu         ] GC(1919) User=0.00s Sys=0.00s Real=0.00s
[296.288s][info][gc,start       ] GC(1920) Pause Young (Allocation Failure)
[296.289s][info][gc,heap        ] GC(1920) PSYoungGen: 33856K(34304K)->608K(34304K) Eden: 33280K(33280K)->0K(33280K) From: 576K(1024K)->608K(1024K)
[296.289s][info][gc,heap        ] GC(1920) ParOldGen: 6838K(349696K)->6838K(349696K)
[296.289s][info][gc,metaspace   ] GC(1920) Metaspace: 9968K(10368K)->9968K(10368K) NonClass: 8666K(8896K)->8666K(8896K) Class: 1302K(1472K)->1302K(1472K)
[296.289s][info][gc             ] GC(1920) Pause Young (Allocation Failure) 39M->7M(375M) 0.873ms
[296.289s][info][gc,cpu         ] GC(1920) User=0.00s Sys=0.00s Real=0.00s
[296.423s][info][gc,start       ] GC(1921) Pause Young (Allocation Failure)
[296.424s][info][gc,heap        ] GC(1921) PSYoungGen: 33888K(34304K)->608K(34304K) Eden: 33280K(33280K)->0K(33280K) From: 608K(1024K)->608K(1024K)
[296.424s][info][gc,heap        ] GC(1921) ParOldGen: 6838K(349696K)->6838K(349696K)
[296.424s][info][gc,metaspace   ] GC(1921) Metaspace: 9968K(10368K)->9968K(10368K) NonClass: 8666K(8896K)->8666K(8896K) Class: 1302K(1472K)->1302K(1472K)
[296.424s][info][gc             ] GC(1921) Pause Young (Allocation Failure) 39M->7M(375M) 0.905ms
[296.424s][info][gc,cpu         ] GC(1921) User=0.00s Sys=0.00s Real=0.00s
[296.556s][info][gc,start       ] GC(1922) Pause Young (Allocation Failure)
[296.557s][info][gc,heap        ] GC(1922) PSYoungGen: 33888K(34304K)->608K(34304K) Eden: 33280K(33280K)->0K(33280K) From: 608K(1024K)->608K(1024K)
[296.557s][info][gc,heap        ] GC(1922) ParOldGen: 6838K(349696K)->6838K(349696K)
[296.557s][info][gc,metaspace   ] GC(1922) Metaspace: 9968K(10368K)->9968K(10368K) NonClass: 8666K(8896K)->8666K(8896K) Class: 1302K(1472K)->1302K(1472K)
[296.557s][info][gc             ] GC(1922) Pause Young (Allocation Failure) 39M->7M(375M) 0.872ms
[296.557s][info][gc,cpu         ] GC(1922) User=0.00s Sys=0.00s Real=0.00s
[296.685s][info][gc,start       ] GC(1923) Pause Young (Allocation Failure)
[296.686s][info][gc,heap        ] GC(1923) PSYoungGen: 33888K(34304K)->576K(34304K) Eden: 33280K(33280K)->0K(33280K) From: 608K(1024K)->576K(1024K)
[296.686s][info][gc,heap        ] GC(1923) ParOldGen: 6838K(349696K)->6838K(349696K)
[296.686s][info][gc,metaspace   ] GC(1923) Metaspace: 9968K(10368K)->9968K(10368K) NonClass: 8666K(8896K)->8666K(8896K) Class: 1302K(1472K)->1302K(1472K)
[296.686s][info][gc             ] GC(1923) Pause Young (Allocation Failure) 39M->7M(375M) 0.884ms
[296.686s][info][gc,cpu         ] GC(1923) User=0.00s Sys=0.00s Real=0.00s
[296.824s][info][gc,start       ] GC(1924) Pause Young (Allocation Failure)
[296.824s][info][gc,heap        ] GC(1924) PSYoungGen: 33856K(34304K)->640K(34304K) Eden: 33280K(33280K)->0K(33280K) From: 576K(1024K)->640K(1024K)
[296.824s][info][gc,heap        ] GC(1924) ParOldGen: 6838K(349696K)->6838K(349696K)
[296.824s][info][gc,metaspace   ] GC(1924) Metaspace: 9968K(10368K)->9968K(10368K) NonClass: 8666K(8896K)->8666K(8896K) Class: 1302K(1472K)->1302K(1472K)
[296.824s][info][gc             ] GC(1924) Pause Young (Allocation Failure) 39M->7M(375M) 0.854ms
[296.824s][info][gc,cpu         ] GC(1924) User=0.00s Sys=0.00s Real=0.00s
[296.958s][info][gc,start       ] GC(1925) Pause Young (Allocation Failure)
[296.958s][info][gc,heap        ] GC(1925) PSYoungGen: 33920K(34304K)->608K(34304K) Eden: 33280K(33280K)->0K(33280K) From: 640K(1024K)->608K(1024K)
[296.958s][info][gc,heap        ] GC(1925) ParOldGen: 6838K(349696K)->6838K(349696K)
[296.958s][info][gc,metaspace   ] GC(1925) Metaspace: 9968K(10368K)->9968K(10368K) NonClass: 8666K(8896K)->8666K(8896K) Class: 1302K(1472K)->1302K(1472K)
[296.958s][info][gc             ] GC(1925) Pause Young (Allocation Failure) 39M->7M(375M) 0.882ms
[296.958s][info][gc,cpu         ] GC(1925) User=0.00s Sys=0.00s Real=0.00s
[297.091s][info][gc,start       ] GC(1926) Pause Young (Allocation Failure)
[297.092s][info][gc,heap        ] GC(1926) PSYoungGen: 33888K(34304K)->576K(34304K) Eden: 33280K(33280K)->0K(33280K) From: 608K(1024K)->576K(1024K)
[297.092s][info][gc,heap        ] GC(1926) ParOldGen: 6838K(349696K)->6838K(349696K)
[297.092s][info][gc,metaspace   ] GC(1926) Metaspace: 9968K(10368K)->9968K(10368K) NonClass: 8666K(8896K)->8666K(8896K) Class: 1302K(1472K)->1302K(1472K)
[297.092s][info][gc             ] GC(1926) Pause Young (Allocation Failure) 39M->7M(375M) 0.856ms
[297.092s][info][gc,cpu         ] GC(1926) User=0.00s Sys=0.00s Real=0.00s
[297.178s][info][gc,start       ] GC(1927) Pause Young (System.gc())
[297.179s][info][gc,heap        ] GC(1927) PSYoungGen: 19511K(34304K)->576K(34304K) Eden: 18935K(33280K)->0K(33280K) From: 576K(1024K)->576K(1024K)
[297.179s][info][gc,heap        ] GC(1927) ParOldGen: 6838K(349696K)->6878K(349696K)
[297.179s][info][gc,metaspace   ] GC(1927) Metaspace: 9968K(10368K)->9968K(10368K) NonClass: 8666K(8896K)->8666K(8896K) Class: 1302K(1472K)->1302K(1472K)
[297.179s][info][gc             ] GC(1927) Pause Young (System.gc()) 25M->7M(375M) 0.849ms
[297.179s][info][gc,cpu         ] GC(1927) User=0.00s Sys=0.00s Real=0.00s
[297.179s][info][gc,start       ] GC(1928) Pause Full (System.gc())
[297.180s][info][gc,phases,start] GC(1928) Marking Phase
[297.193s][info][gc,phases      ] GC(1928) Marking Phase 13.891ms
[297.193s][info][gc,phases,start] GC(1928) Summary Phase
[297.194s][info][gc,phases      ] GC(1928) Summary Phase 0.032ms
[297.194s][info][gc,phases,start] GC(1928) Adjust Roots
[297.198s][info][gc,phases      ] GC(1928) Adjust Roots 4.024ms
[297.198s][info][gc,phases,start] GC(1928) Compaction Phase
[297.200s][info][gc,phases      ] GC(1928) Compaction Phase 2.770ms
[297.200s][info][gc,phases,start] GC(1928) Post Compact
[297.201s][info][gc,phases      ] GC(1928) Post Compact 0.270ms
[297.201s][info][gc,heap        ] GC(1928) PSYoungGen: 576K(34304K)->0K(34304K) Eden: 0K(33280K)->0K(33280K) From: 576K(1024K)->0K(1024K)
[297.201s][info][gc,heap        ] GC(1928) ParOldGen: 6878K(349696K)->4078K(349696K)
[297.201s][info][gc,metaspace   ] GC(1928) Metaspace: 9968K(10368K)->9968K(10368K) NonClass: 8666K(8896K)->8666K(8896K) Class: 1302K(1472K)->1302K(1472K)
[297.201s][info][gc             ] GC(1928) Pause Full (System.gc()) 7M->3M(375M) 21.323ms
[297.201s][info][gc,cpu         ] GC(1928) User=0.02s Sys=0.00s Real=0.01s
[297.336s][info][gc,start       ] GC(1929) Pause Young (Allocation Failure)
[297.338s][info][gc,heap        ] GC(1929) PSYoungGen: 33280K(34304K)->1024K(34304K) Eden: 33280K(33280K)->0K(33280K) From: 0K(1024K)->1024K(1024K)
[297.338s][info][gc,heap        ] GC(1929) ParOldGen: 4078K(349696K)->4254K(349696K)
[297.338s][info][gc,metaspace   ] GC(1929) Metaspace: 9968K(10368K)->9968K(10368K) NonClass: 8666K(8896K)->8666K(8896K) Class: 1302K(1472K)->1302K(1472K)
[297.338s][info][gc             ] GC(1929) Pause Young (Allocation Failure) 36M->5M(375M) 1.336ms
[297.338s][info][gc,cpu         ] GC(1929) User=0.00s Sys=0.00s Real=0.00s
[297.471s][info][gc,start       ] GC(1930) Pause Young (Allocation Failure)
[297.472s][info][gc,heap        ] GC(1930) PSYoungGen: 34303K(34304K)->896K(34304K) Eden: 33279K(33280K)->0K(33280K) From: 1024K(1024K)->896K(1024K)
[297.473s][info][gc,heap        ] GC(1930) ParOldGen: 4254K(349696K)->4742K(349696K)
[297.473s][info][gc,metaspace   ] GC(1930) Metaspace: 9968K(10368K)->9968K(10368K) NonClass: 8666K(8896K)->8666K(8896K) Class: 1302K(1472K)->1302K(1472K)
[297.473s][info][gc             ] GC(1930) Pause Young (Allocation Failure) 37M->5M(375M) 1.413ms
[297.473s][info][gc,cpu         ] GC(1930) User=0.00s Sys=0.00s Real=0.00s
[297.607s][info][gc,start       ] GC(1931) Pause Young (Allocation Failure)
[297.608s][info][gc,heap        ] GC(1931) PSYoungGen: 34176K(34304K)->768K(34304K) Eden: 33280K(33280K)->0K(33280K) From: 896K(1024K)->768K(1024K)
[297.608s][info][gc,heap        ] GC(1931) ParOldGen: 4742K(349696K)->4926K(349696K)
[297.608s][info][gc,metaspace   ] GC(1931) Metaspace: 9968K(10368K)->9968K(10368K) NonClass: 8666K(8896K)->8666K(8896K) Class: 1302K(1472K)->1302K(1472K)
[297.608s][info][gc             ] GC(1931) Pause Young (Allocation Failure) 38M->5M(375M) 1.142ms
[297.608s][info][gc,cpu         ] GC(1931) User=0.14s Sys=0.00s Real=0.02s
[297.738s][info][gc,start       ] GC(1932) Pause Young (Allocation Failure)
[297.739s][info][gc,heap        ] GC(1932) PSYoungGen: 34048K(34304K)->960K(33792K) Eden: 33280K(33280K)->0K(32768K) From: 768K(1024K)->960K(1024K)
[297.739s][info][gc,heap        ] GC(1932) ParOldGen: 4926K(349696K)->5238K(349696K)
[297.739s][info][gc,metaspace   ] GC(1932) Metaspace: 9968K(10368K)->9968K(10368K) NonClass: 8666K(8896K)->8666K(8896K) Class: 1302K(1472K)->1302K(1472K)
[297.739s][info][gc             ] GC(1932) Pause Young (Allocation Failure) 38M->6M(374M) 1.361ms
[297.739s][info][gc,cpu         ] GC(1932) User=0.00s Sys=0.00s Real=0.00s
[297.877s][info][gc,start       ] GC(1933) Pause Young (Allocation Failure)
[297.878s][info][gc,heap        ] GC(1933) PSYoungGen: 33728K(33792K)->1024K(34304K) Eden: 32768K(32768K)->0K(32768K) From: 960K(1024K)->1024K(1536K)
[297.878s][info][gc,heap        ] GC(1933) ParOldGen: 5238K(349696K)->5446K(349696K)
[297.878s][info][gc,metaspace   ] GC(1933) Metaspace: 9968K(10368K)->9968K(10368K) NonClass: 8666K(8896K)->8666K(8896K) Class: 1302K(1472K)->1302K(1472K)
[297.878s][info][gc             ] GC(1933) Pause Young (Allocation Failure) 38M->6M(375M) 1.160ms
[297.878s][info][gc,cpu         ] GC(1933) User=0.00s Sys=0.00s Real=0.00s
[298.003s][info][gc,start       ] GC(1934) Pause Young (Allocation Failure)
[298.004s][info][gc,heap        ] GC(1934) PSYoungGen: 33792K(34304K)->576K(34304K) Eden: 32768K(32768K)->0K(32768K) From: 1024K(1536K)->576K(1536K)
[298.004s][info][gc,heap        ] GC(1934) ParOldGen: 5446K(349696K)->5790K(349696K)
[298.004s][info][gc,metaspace   ] GC(1934) Metaspace: 9968K(10368K)->9968K(10368K) NonClass: 8666K(8896K)->8666K(8896K) Class: 1302K(1472K)->1302K(1472K)
[298.004s][info][gc             ] GC(1934) Pause Young (Allocation Failure) 38M->6M(375M) 1.110ms
[298.004s][info][gc,cpu         ] GC(1934) User=0.00s Sys=0.00s Real=0.00s
[298.133s][info][gc,start       ] GC(1935) Pause Young (Allocation Failure)
[298.133s][info][gc,heap        ] GC(1935) PSYoungGen: 33344K(34304K)->576K(34304K) Eden: 32768K(32768K)->0K(32768K) From: 576K(1536K)->576K(1536K)
[298.133s][info][gc,heap        ] GC(1935) ParOldGen: 5790K(349696K)->5798K(349696K)
[298.133s][info][gc,metaspace   ] GC(1935) Metaspace: 9968K(10368K)->9968K(10368K) NonClass: 8666K(8896K)->8666K(8896K) Class: 1302K(1472K)->1302K(1472K)
[298.133s][info][gc             ] GC(1935) Pause Young (Allocation Failure) 38M->6M(375M) 0.853ms
[298.134s][info][gc,cpu         ] GC(1935) User=0.00s Sys=0.00s Real=0.00s
[298.265s][info][gc,start       ] GC(1936) Pause Young (Allocation Failure)
[298.266s][info][gc,heap        ] GC(1936) PSYoungGen: 33344K(34304K)->576K(34304K) Eden: 32768K(32768K)->0K(32768K) From: 576K(1536K)->576K(1536K)
[298.266s][info][gc,heap        ] GC(1936) ParOldGen: 5798K(349696K)->5798K(349696K)
[298.266s][info][gc,metaspace   ] GC(1936) Metaspace: 9968K(10368K)->9968K(10368K) NonClass: 8666K(8896K)->8666K(8896K) Class: 1302K(1472K)->1302K(1472K)
[298.266s][info][gc             ] GC(1936) Pause Young (Allocation Failure) 38M->6M(375M) 0.816ms
[298.266s][info][gc,cpu         ] GC(1936) User=0.00s Sys=0.00s Real=0.00s
[298.396s][info][gc,start       ] GC(1937) Pause Young (Allocation Failure)
[298.397s][info][gc,heap        ] GC(1937) PSYoungGen: 33344K(34304K)->640K(34304K) Eden: 32768K(32768K)->0K(32768K) From: 576K(1536K)->640K(1536K)
[298.397s][info][gc,heap        ] GC(1937) ParOldGen: 5798K(349696K)->5798K(349696K)
[298.397s][info][gc,metaspace   ] GC(1937) Metaspace: 9968K(10368K)->9968K(10368K) NonClass: 8666K(8896K)->8666K(8896K) Class: 1302K(1472K)->1302K(1472K)
[298.397s][info][gc             ] GC(1937) Pause Young (Allocation Failure) 38M->6M(375M) 0.882ms
[298.397s][info][gc,cpu         ] GC(1937) User=0.00s Sys=0.00s Real=0.00s
[298.527s][info][gc,start       ] GC(1938) Pause Young (Allocation Failure)
[298.528s][info][gc,heap        ] GC(1938) PSYoungGen: 33408K(34304K)->608K(34304K) Eden: 32768K(32768K)->0K(32768K) From: 640K(1536K)->608K(1536K)
[298.528s][info][gc,heap        ] GC(1938) ParOldGen: 5798K(349696K)->5798K(349696K)
[298.528s][info][gc,metaspace   ] GC(1938) Metaspace: 9968K(10368K)->9968K(10368K) NonClass: 8666K(8896K)->8666K(8896K) Class: 1302K(1472K)->1302K(1472K)
[298.528s][info][gc             ] GC(1938) Pause Young (Allocation Failure) 38M->6M(375M) 0.863ms
[298.528s][info][gc,cpu         ] GC(1938) User=0.00s Sys=0.00s Real=0.00s
[298.662s][info][gc,start       ] GC(1939) Pause Young (Allocation Failure)
[298.663s][info][gc,heap        ] GC(1939) PSYoungGen: 33376K(34304K)->832K(34304K) Eden: 32768K(32768K)->0K(32768K) From: 608K(1536K)->832K(1536K)
[298.663s][info][gc,heap        ] GC(1939) ParOldGen: 5798K(349696K)->5806K(349696K)
[298.663s][info][gc,metaspace   ] GC(1939) Metaspace: 9968K(10368K)->9968K(10368K) NonClass: 8666K(8896K)->8666K(8896K) Class: 1302K(1472K)->1302K(1472K)
[298.663s][info][gc             ] GC(1939) Pause Young (Allocation Failure) 38M->6M(375M) 0.976ms
[298.663s][info][gc,cpu         ] GC(1939) User=0.00s Sys=0.00s Real=0.00s
[298.798s][info][gc,start       ] GC(1940) Pause Young (Allocation Failure)
[298.799s][info][gc,heap        ] GC(1940) PSYoungGen: 33600K(34304K)->704K(33792K) Eden: 32768K(32768K)->0K(32768K) From: 832K(1536K)->704K(1024K)
[298.799s][info][gc,heap        ] GC(1940) ParOldGen: 5806K(349696K)->6070K(349696K)
[298.799s][info][gc,metaspace   ] GC(1940) Metaspace: 9968K(10368K)->9968K(10368K) NonClass: 8666K(8896K)->8666K(8896K) Class: 1302K(1472K)->1302K(1472K)
[298.799s][info][gc             ] GC(1940) Pause Young (Allocation Failure) 38M->6M(374M) 1.115ms
[298.799s][info][gc,cpu         ] GC(1940) User=0.00s Sys=0.00s Real=0.00s
[298.936s][info][gc,start       ] GC(1941) Pause Young (Allocation Failure)
[298.937s][info][gc,heap        ] GC(1941) PSYoungGen: 33472K(33792K)->576K(33792K) Eden: 32768K(32768K)->0K(32768K) From: 704K(1024K)->576K(1024K)
[298.937s][info][gc,heap        ] GC(1941) ParOldGen: 6070K(349696K)->6310K(349696K)
[298.937s][info][gc,metaspace   ] GC(1941) Metaspace: 9968K(10368K)->9968K(10368K) NonClass: 8666K(8896K)->8666K(8896K) Class: 1302K(1472K)->1302K(1472K)
[298.937s][info][gc             ] GC(1941) Pause Young (Allocation Failure) 38M->6M(374M) 1.160ms
[298.937s][info][gc,cpu         ] GC(1941) User=0.00s Sys=0.00s Real=0.00s
[299.072s][info][gc,start       ] GC(1942) Pause Young (Allocation Failure)
[299.072s][info][gc,heap        ] GC(1942) PSYoungGen: 33344K(33792K)->512K(33280K) Eden: 32768K(32768K)->0K(32768K) From: 576K(1024K)->512K(512K)
[299.073s][info][gc,heap        ] GC(1942) ParOldGen: 6310K(349696K)->6502K(349696K)
[299.073s][info][gc,metaspace   ] GC(1942) Metaspace: 9968K(10368K)->9968K(10368K) NonClass: 8666K(8896K)->8666K(8896K) Class: 1302K(1472K)->1302K(1472K)
[299.073s][info][gc             ] GC(1942) Pause Young (Allocation Failure) 38M->6M(374M) 1.089ms
[299.073s][info][gc,cpu         ] GC(1942) User=0.00s Sys=0.00s Real=0.00s
[299.201s][info][gc,start       ] GC(1943) Pause Young (Allocation Failure)
[299.203s][info][gc,heap        ] GC(1943) PSYoungGen: 33280K(33280K)->736K(33792K) Eden: 32768K(32768K)->0K(32768K) From: 512K(512K)->736K(1024K)
[299.203s][info][gc,heap        ] GC(1943) ParOldGen: 6502K(349696K)->6894K(349696K)
[299.203s][info][gc,metaspace   ] GC(1943) Metaspace: 9968K(10368K)->9968K(10368K) NonClass: 8666K(8896K)->8666K(8896K) Class: 1302K(1472K)->1302K(1472K)
[299.203s][info][gc             ] GC(1943) Pause Young (Allocation Failure) 38M->7M(374M) 1.342ms
[299.203s][info][gc,cpu         ] GC(1943) User=0.00s Sys=0.00s Real=0.00s
[299.340s][info][gc,start       ] GC(1944) Pause Young (Allocation Failure)
[299.341s][info][gc,heap        ] GC(1944) PSYoungGen: 33504K(33792K)->608K(33792K) Eden: 32768K(32768K)->0K(32768K) From: 736K(1024K)->608K(1024K)
[299.341s][info][gc,heap        ] GC(1944) ParOldGen: 6894K(349696K)->7150K(349696K)
[299.341s][info][gc,metaspace   ] GC(1944) Metaspace: 9968K(10368K)->9968K(10368K) NonClass: 8666K(8896K)->8666K(8896K) Class: 1302K(1472K)->1302K(1472K)
[299.341s][info][gc             ] GC(1944) Pause Young (Allocation Failure) 39M->7M(374M) 1.054ms
[299.341s][info][gc,cpu         ] GC(1944) User=0.00s Sys=0.00s Real=0.00s
[299.472s][info][gc,start       ] GC(1945) Pause Young (Allocation Failure)
[299.472s][info][gc,heap        ] GC(1945) PSYoungGen: 33376K(33792K)->640K(33792K) Eden: 32768K(32768K)->0K(32768K) From: 608K(1024K)->640K(1024K)
[299.472s][info][gc,heap        ] GC(1945) ParOldGen: 7150K(349696K)->7150K(349696K)
[299.473s][info][gc,metaspace   ] GC(1945) Metaspace: 9968K(10368K)->9968K(10368K) NonClass: 8666K(8896K)->8666K(8896K) Class: 1302K(1472K)->1302K(1472K)
[299.473s][info][gc             ] GC(1945) Pause Young (Allocation Failure) 39M->7M(374M) 0.841ms
[299.473s][info][gc,cpu         ] GC(1945) User=0.00s Sys=0.00s Real=0.00s
[299.599s][info][gc,start       ] GC(1946) Pause Young (Allocation Failure)
[299.599s][info][gc,heap        ] GC(1946) PSYoungGen: 33408K(33792K)->608K(33792K) Eden: 32768K(32768K)->0K(32768K) From: 640K(1024K)->608K(1024K)
[299.599s][info][gc,heap        ] GC(1946) ParOldGen: 7150K(349696K)->7150K(349696K)
[299.600s][info][gc,metaspace   ] GC(1946) Metaspace: 9968K(10368K)->9968K(10368K) NonClass: 8666K(8896K)->8666K(8896K) Class: 1302K(1472K)->1302K(1472K)
[299.600s][info][gc             ] GC(1946) Pause Young (Allocation Failure) 39M->7M(374M) 0.934ms
[299.600s][info][gc,cpu         ] GC(1946) User=0.00s Sys=0.00s Real=0.00s
[299.729s][info][gc,start       ] GC(1947) Pause Young (Allocation Failure)
[299.730s][info][gc,heap        ] GC(1947) PSYoungGen: 33376K(33792K)->640K(33792K) Eden: 32768K(32768K)->0K(32768K) From: 608K(1024K)->640K(1024K)
[299.730s][info][gc,heap        ] GC(1947) ParOldGen: 7150K(349696K)->7150K(349696K)
[299.730s][info][gc,metaspace   ] GC(1947) Metaspace: 9968K(10368K)->9968K(10368K) NonClass: 8666K(8896K)->8666K(8896K) Class: 1302K(1472K)->1302K(1472K)
[299.730s][info][gc             ] GC(1947) Pause Young (Allocation Failure) 39M->7M(374M) 0.889ms
[299.730s][info][gc,cpu         ] GC(1947) User=0.00s Sys=0.00s Real=0.00s
[299.864s][info][gc,start       ] GC(1948) Pause Young (Allocation Failure)
[299.873s][info][gc,heap        ] GC(1948) PSYoungGen: 33408K(33792K)->768K(33792K) Eden: 32768K(32768K)->0K(32768K) From: 640K(1024K)->768K(1024K)
[299.873s][info][gc,heap        ] GC(1948) ParOldGen: 7150K(349696K)->7174K(349696K)
[299.873s][info][gc,metaspace   ] GC(1948) Metaspace: 9968K(10368K)->9968K(10368K) NonClass: 8666K(8896K)->8666K(8896K) Class: 1302K(1472K)->1302K(1472K)
[299.873s][info][gc             ] GC(1948) Pause Young (Allocation Failure) 39M->7M(374M) 8.360ms
[299.873s][info][gc,cpu         ] GC(1948) User=0.00s Sys=0.00s Real=0.00s
[300.003s][info][gc,start       ] GC(1949) Pause Young (Allocation Failure)
[300.004s][info][gc,heap        ] GC(1949) PSYoungGen: 33536K(33792K)->608K(33792K) Eden: 32768K(32768K)->0K(32768K) From: 768K(1024K)->608K(1024K)
[300.004s][info][gc,heap        ] GC(1949) ParOldGen: 7174K(349696K)->7382K(349696K)
[300.004s][info][gc,metaspace   ] GC(1949) Metaspace: 9968K(10368K)->9968K(10368K) NonClass: 8666K(8896K)->8666K(8896K) Class: 1302K(1472K)->1302K(1472K)
[300.004s][info][gc             ] GC(1949) Pause Young (Allocation Failure) 39M->7M(374M) 1.084ms
[300.004s][info][gc,cpu         ] GC(1949) User=0.00s Sys=0.00s Real=0.00s
[300.134s][info][gc,start       ] GC(1950) Pause Young (Allocation Failure)
[300.134s][info][gc,heap        ] GC(1950) PSYoungGen: 33376K(33792K)->576K(33792K) Eden: 32768K(32768K)->0K(32768K) From: 608K(1024K)->576K(1024K)
[300.134s][info][gc,heap        ] GC(1950) ParOldGen: 7382K(349696K)->7382K(349696K)
[300.134s][info][gc,metaspace   ] GC(1950) Metaspace: 9968K(10368K)->9968K(10368K) NonClass: 8666K(8896K)->8666K(8896K) Class: 1302K(1472K)->1302K(1472K)
[300.134s][info][gc             ] GC(1950) Pause Young (Allocation Failure) 39M->7M(374M) 0.837ms
[300.134s][info][gc,cpu         ] GC(1950) User=0.00s Sys=0.00s Real=0.00s
[300.261s][info][gc,start       ] GC(1951) Pause Young (Allocation Failure)
[300.262s][info][gc,heap        ] GC(1951) PSYoungGen: 33344K(33792K)->576K(33792K) Eden: 32768K(32768K)->0K(32768K) From: 576K(1024K)->576K(1024K)
[300.262s][info][gc,heap        ] GC(1951) ParOldGen: 7382K(349696K)->7382K(349696K)
[300.262s][info][gc,metaspace   ] GC(1951) Metaspace: 9968K(10368K)->9968K(10368K) NonClass: 8666K(8896K)->8666K(8896K) Class: 1302K(1472K)->1302K(1472K)
[300.262s][info][gc             ] GC(1951) Pause Young (Allocation Failure) 39M->7M(374M) 0.869ms
[300.262s][info][gc,cpu         ] GC(1951) User=0.00s Sys=0.00s Real=0.00s
[300.400s][info][gc,start       ] GC(1952) Pause Young (Allocation Failure)
[300.401s][info][gc,heap        ] GC(1952) PSYoungGen: 33344K(33792K)->640K(33792K) Eden: 32768K(32768K)->0K(32768K) From: 576K(1024K)->640K(1024K)
[300.401s][info][gc,heap        ] GC(1952) ParOldGen: 7382K(349696K)->7382K(349696K)
[300.401s][info][gc,metaspace   ] GC(1952) Metaspace: 9968K(10368K)->9968K(10368K) NonClass: 8666K(8896K)->8666K(8896K) Class: 1302K(1472K)->1302K(1472K)
[300.401s][info][gc             ] GC(1952) Pause Young (Allocation Failure) 39M->7M(374M) 0.892ms
[300.401s][info][gc,cpu         ] GC(1952) User=0.00s Sys=0.00s Real=0.00s
[300.534s][info][gc,start       ] GC(1953) Pause Young (Allocation Failure)
[300.535s][info][gc,heap        ] GC(1953) PSYoungGen: 33408K(33792K)->576K(33792K) Eden: 32768K(32768K)->0K(32768K) From: 640K(1024K)->576K(1024K)
[300.535s][info][gc,heap        ] GC(1953) ParOldGen: 7382K(349696K)->7382K(349696K)
[300.535s][info][gc,metaspace   ] GC(1953) Metaspace: 9968K(10368K)->9968K(10368K) NonClass: 8666K(8896K)->8666K(8896K) Class: 1302K(1472K)->1302K(1472K)
[300.535s][info][gc             ] GC(1953) Pause Young (Allocation Failure) 39M->7M(374M) 0.865ms
[300.535s][info][gc,cpu         ] GC(1953) User=0.00s Sys=0.00s Real=0.00s
[300.656s][info][gc,start       ] GC(1954) Pause Young (Allocation Failure)
[300.656s][info][gc,heap        ] GC(1954) PSYoungGen: 33344K(33792K)->608K(33792K) Eden: 32768K(32768K)->0K(32768K) From: 576K(1024K)->608K(1024K)
[300.656s][info][gc,heap        ] GC(1954) ParOldGen: 7382K(349696K)->7382K(349696K)
[300.656s][info][gc,metaspace   ] GC(1954) Metaspace: 9968K(10368K)->9968K(10368K) NonClass: 8666K(8896K)->8666K(8896K) Class: 1302K(1472K)->1302K(1472K)
[300.656s][info][gc             ] GC(1954) Pause Young (Allocation Failure) 39M->7M(374M) 0.883ms
[300.656s][info][gc,cpu         ] GC(1954) User=0.00s Sys=0.00s Real=0.00s
[300.789s][info][gc,start       ] GC(1955) Pause Young (Allocation Failure)
[300.790s][info][gc,heap        ] GC(1955) PSYoungGen: 33376K(33792K)->608K(33792K) Eden: 32768K(32768K)->0K(32768K) From: 608K(1024K)->608K(1024K)
[300.790s][info][gc,heap        ] GC(1955) ParOldGen: 7382K(349696K)->7382K(349696K)
[300.790s][info][gc,metaspace   ] GC(1955) Metaspace: 9968K(10368K)->9968K(10368K) NonClass: 8666K(8896K)->8666K(8896K) Class: 1302K(1472K)->1302K(1472K)
[300.790s][info][gc             ] GC(1955) Pause Young (Allocation Failure) 39M->7M(374M) 0.872ms
[300.790s][info][gc,cpu         ] GC(1955) User=0.00s Sys=0.00s Real=0.00s
[300.913s][info][gc,start       ] GC(1956) Pause Young (Allocation Failure)
[300.913s][info][gc,heap        ] GC(1956) PSYoungGen: 33376K(33792K)->640K(33792K) Eden: 32768K(32768K)->0K(32768K) From: 608K(1024K)->640K(1024K)
[300.913s][info][gc,heap        ] GC(1956) ParOldGen: 7382K(349696K)->7382K(349696K)
[300.914s][info][gc,metaspace   ] GC(1956) Metaspace: 9968K(10368K)->9968K(10368K) NonClass: 8666K(8896K)->8666K(8896K) Class: 1302K(1472K)->1302K(1472K)
[300.914s][info][gc             ] GC(1956) Pause Young (Allocation Failure) 39M->7M(374M) 0.861ms
[300.914s][info][gc,cpu         ] GC(1956) User=0.00s Sys=0.00s Real=0.00s
[301.042s][info][gc,start       ] GC(1957) Pause Young (Allocation Failure)
[301.043s][info][gc,heap        ] GC(1957) PSYoungGen: 33408K(33792K)->576K(33792K) Eden: 32768K(32768K)->0K(32768K) From: 640K(1024K)->576K(1024K)
[301.043s][info][gc,heap        ] GC(1957) ParOldGen: 7382K(349696K)->7382K(349696K)
[301.043s][info][gc,metaspace   ] GC(1957) Metaspace: 9968K(10368K)->9968K(10368K) NonClass: 8666K(8896K)->8666K(8896K) Class: 1302K(1472K)->1302K(1472K)
[301.043s][info][gc             ] GC(1957) Pause Young (Allocation Failure) 39M->7M(374M) 0.870ms
[301.043s][info][gc,cpu         ] GC(1957) User=0.00s Sys=0.00s Real=0.00s
[301.176s][info][gc,start       ] GC(1958) Pause Young (Allocation Failure)
[301.177s][info][gc,heap        ] GC(1958) PSYoungGen: 33344K(33792K)->576K(33792K) Eden: 32768K(32768K)->0K(32768K) From: 576K(1024K)->576K(1024K)
[301.177s][info][gc,heap        ] GC(1958) ParOldGen: 7382K(349696K)->7382K(349696K)
[301.177s][info][gc,metaspace   ] GC(1958) Metaspace: 9968K(10368K)->9968K(10368K) NonClass: 8666K(8896K)->8666K(8896K) Class: 1302K(1472K)->1302K(1472K)
[301.177s][info][gc             ] GC(1958) Pause Young (Allocation Failure) 39M->7M(374M) 0.836ms
[301.177s][info][gc,cpu         ] GC(1958) User=0.00s Sys=0.00s Real=0.00s
[301.312s][info][gc,start       ] GC(1959) Pause Young (Allocation Failure)
[301.313s][info][gc,heap        ] GC(1959) PSYoungGen: 33344K(33792K)->576K(33792K) Eden: 32768K(32768K)->0K(32768K) From: 576K(1024K)->576K(1024K)
[301.313s][info][gc,heap        ] GC(1959) ParOldGen: 7382K(349696K)->7606K(349696K)
[301.313s][info][gc,metaspace   ] GC(1959) Metaspace: 9968K(10368K)->9968K(10368K) NonClass: 8666K(8896K)->8666K(8896K) Class: 1302K(1472K)->1302K(1472K)
[301.313s][info][gc             ] GC(1959) Pause Young (Allocation Failure) 39M->7M(374M) 0.983ms
[301.313s][info][gc,cpu         ] GC(1959) User=0.00s Sys=0.00s Real=0.00s
[301.454s][info][gc,start       ] GC(1960) Pause Young (Allocation Failure)
[301.455s][info][gc,heap        ] GC(1960) PSYoungGen: 33344K(33792K)->576K(33792K) Eden: 32768K(32768K)->0K(32768K) From: 576K(1024K)->576K(1024K)
[301.455s][info][gc,heap        ] GC(1960) ParOldGen: 7606K(349696K)->7614K(349696K)
[301.455s][info][gc,metaspace   ] GC(1960) Metaspace: 9968K(10368K)->9968K(10368K) NonClass: 8666K(8896K)->8666K(8896K) Class: 1302K(1472K)->1302K(1472K)
[301.455s][info][gc             ] GC(1960) Pause Young (Allocation Failure) 39M->7M(374M) 0.862ms
[301.455s][info][gc,cpu         ] GC(1960) User=0.00s Sys=0.00s Real=0.00s
[301.585s][info][gc,start       ] GC(1961) Pause Young (Allocation Failure)
[301.586s][info][gc,heap        ] GC(1961) PSYoungGen: 33344K(33792K)->544K(33792K) Eden: 32768K(32768K)->0K(32768K) From: 576K(1024K)->544K(1024K)
[301.586s][info][gc,heap        ] GC(1961) ParOldGen: 7614K(349696K)->7614K(349696K)
[301.586s][info][gc,metaspace   ] GC(1961) Metaspace: 9968K(10368K)->9968K(10368K) NonClass: 8666K(8896K)->8666K(8896K) Class: 1302K(1472K)->1302K(1472K)
[301.586s][info][gc             ] GC(1961) Pause Young (Allocation Failure) 39M->7M(374M) 0.866ms
[301.586s][info][gc,cpu         ] GC(1961) User=0.00s Sys=0.00s Real=0.00s
[301.724s][info][gc,start       ] GC(1962) Pause Young (Allocation Failure)
[301.725s][info][gc,heap        ] GC(1962) PSYoungGen: 33312K(33792K)->576K(33792K) Eden: 32768K(32768K)->0K(32768K) From: 544K(1024K)->576K(1024K)
[301.725s][info][gc,heap        ] GC(1962) ParOldGen: 7614K(349696K)->7614K(349696K)
[301.725s][info][gc,metaspace   ] GC(1962) Metaspace: 9968K(10368K)->9968K(10368K) NonClass: 8666K(8896K)->8666K(8896K) Class: 1302K(1472K)->1302K(1472K)
[301.725s][info][gc             ] GC(1962) Pause Young (Allocation Failure) 39M->7M(374M) 0.812ms
[301.725s][info][gc,cpu         ] GC(1962) User=0.00s Sys=0.00s Real=0.00s
[301.858s][info][gc,start       ] GC(1963) Pause Young (Allocation Failure)
[301.859s][info][gc,heap        ] GC(1963) PSYoungGen: 33344K(33792K)->576K(33792K) Eden: 32768K(32768K)->0K(32768K) From: 576K(1024K)->576K(1024K)
[301.859s][info][gc,heap        ] GC(1963) ParOldGen: 7614K(349696K)->7614K(349696K)
[301.859s][info][gc,metaspace   ] GC(1963) Metaspace: 9968K(10368K)->9968K(10368K) NonClass: 8666K(8896K)->8666K(8896K) Class: 1302K(1472K)->1302K(1472K)
[301.859s][info][gc             ] GC(1963) Pause Young (Allocation Failure) 39M->7M(374M) 0.863ms
[301.859s][info][gc,cpu         ] GC(1963) User=0.00s Sys=0.00s Real=0.00s
[301.984s][info][gc,start       ] GC(1964) Pause Young (Allocation Failure)
[301.985s][info][gc,heap        ] GC(1964) PSYoungGen: 33344K(33792K)->576K(33792K) Eden: 32768K(32768K)->0K(32768K) From: 576K(1024K)->576K(1024K)
[301.985s][info][gc,heap        ] GC(1964) ParOldGen: 7614K(349696K)->7622K(349696K)
[301.985s][info][gc,metaspace   ] GC(1964) Metaspace: 9968K(10368K)->9968K(10368K) NonClass: 8666K(8896K)->8666K(8896K) Class: 1302K(1472K)->1302K(1472K)
[301.985s][info][gc             ] GC(1964) Pause Young (Allocation Failure) 39M->8M(374M) 0.874ms
[301.985s][info][gc,cpu         ] GC(1964) User=0.00s Sys=0.00s Real=0.00s
[302.113s][info][gc,start       ] GC(1965) Pause Young (Allocation Failure)
[302.114s][info][gc,heap        ] GC(1965) PSYoungGen: 33344K(33792K)->640K(33792K) Eden: 32768K(32768K)->0K(32768K) From: 576K(1024K)->640K(1024K)
[302.114s][info][gc,heap        ] GC(1965) ParOldGen: 7622K(349696K)->7630K(349696K)
[302.114s][info][gc,metaspace   ] GC(1965) Metaspace: 9968K(10368K)->9968K(10368K) NonClass: 8666K(8896K)->8666K(8896K) Class: 1302K(1472K)->1302K(1472K)
[302.114s][info][gc             ] GC(1965) Pause Young (Allocation Failure) 40M->8M(374M) 0.918ms
[302.114s][info][gc,cpu         ] GC(1965) User=0.14s Sys=0.00s Real=0.02s
[302.246s][info][gc,start       ] GC(1966) Pause Young (Allocation Failure)
[302.247s][info][gc,heap        ] GC(1966) PSYoungGen: 33408K(33792K)->800K(33792K) Eden: 32768K(32768K)->0K(32768K) From: 640K(1024K)->800K(1024K)
[302.247s][info][gc,heap        ] GC(1966) ParOldGen: 7630K(349696K)->7662K(349696K)
[302.247s][info][gc,metaspace   ] GC(1966) Metaspace: 9968K(10368K)->9968K(10368K) NonClass: 8666K(8896K)->8666K(8896K) Class: 1302K(1472K)->1302K(1472K)
[302.247s][info][gc             ] GC(1966) Pause Young (Allocation Failure) 40M->8M(374M) 0.949ms
[302.247s][info][gc,cpu         ] GC(1966) User=0.00s Sys=0.00s Real=0.00s
[302.371s][info][gc,start       ] GC(1967) Pause Young (Allocation Failure)
[302.372s][info][gc,heap        ] GC(1967) PSYoungGen: 33568K(33792K)->544K(33792K) Eden: 32768K(32768K)->0K(32768K) From: 800K(1024K)->544K(1024K)
[302.372s][info][gc,heap        ] GC(1967) ParOldGen: 7662K(349696K)->7902K(349696K)
[302.372s][info][gc,metaspace   ] GC(1967) Metaspace: 9968K(10368K)->9968K(10368K) NonClass: 8666K(8896K)->8666K(8896K) Class: 1302K(1472K)->1302K(1472K)
[302.372s][info][gc             ] GC(1967) Pause Young (Allocation Failure) 40M->8M(374M) 1.000ms
[302.372s][info][gc,cpu         ] GC(1967) User=0.00s Sys=0.00s Real=0.00s
[302.503s][info][gc,start       ] GC(1968) Pause Young (Allocation Failure)
[302.504s][info][gc,heap        ] GC(1968) PSYoungGen: 33312K(33792K)->864K(33792K) Eden: 32768K(32768K)->0K(32768K) From: 544K(1024K)->864K(1024K)
[302.504s][info][gc,heap        ] GC(1968) ParOldGen: 7902K(349696K)->7958K(349696K)
[302.504s][info][gc,metaspace   ] GC(1968) Metaspace: 9968K(10368K)->9968K(10368K) NonClass: 8666K(8896K)->8666K(8896K) Class: 1302K(1472K)->1302K(1472K)
[302.504s][info][gc             ] GC(1968) Pause Young (Allocation Failure) 40M->8M(374M) 1.001ms
[302.504s][info][gc,cpu         ] GC(1968) User=0.14s Sys=0.00s Real=0.02s
[302.636s][info][gc,start       ] GC(1969) Pause Young (Allocation Failure)
[302.637s][info][gc,heap        ] GC(1969) PSYoungGen: 33632K(33792K)->608K(33792K) Eden: 32768K(32768K)->0K(32768K) From: 864K(1024K)->608K(1024K)
[302.637s][info][gc,heap        ] GC(1969) ParOldGen: 7958K(349696K)->8214K(349696K)
[302.638s][info][gc,metaspace   ] GC(1969) Metaspace: 9968K(10368K)->9968K(10368K) NonClass: 8666K(8896K)->8666K(8896K) Class: 1302K(1472K)->1302K(1472K)
[302.638s][info][gc             ] GC(1969) Pause Young (Allocation Failure) 40M->8M(374M) 1.096ms
[302.638s][info][gc,cpu         ] GC(1969) User=0.00s Sys=0.00s Real=0.00s
[302.773s][info][gc,start       ] GC(1970) Pause Young (Allocation Failure)
[302.773s][info][gc,heap        ] GC(1970) PSYoungGen: 33376K(33792K)->608K(33792K) Eden: 32768K(32768K)->0K(32768K) From: 608K(1024K)->608K(1024K)
[302.773s][info][gc,heap        ] GC(1970) ParOldGen: 8214K(349696K)->8214K(349696K)
[302.773s][info][gc,metaspace   ] GC(1970) Metaspace: 9968K(10368K)->9968K(10368K) NonClass: 8666K(8896K)->8666K(8896K) Class: 1302K(1472K)->1302K(1472K)
[302.774s][info][gc             ] GC(1970) Pause Young (Allocation Failure) 40M->8M(374M) 0.888ms
[302.774s][info][gc,cpu         ] GC(1970) User=0.00s Sys=0.00s Real=0.00s
[302.901s][info][gc,start       ] GC(1971) Pause Young (Allocation Failure)
[302.902s][info][gc,heap        ] GC(1971) PSYoungGen: 33376K(33792K)->608K(33792K) Eden: 32768K(32768K)->0K(32768K) From: 608K(1024K)->608K(1024K)
[302.902s][info][gc,heap        ] GC(1971) ParOldGen: 8214K(349696K)->8214K(349696K)
[302.902s][info][gc,metaspace   ] GC(1971) Metaspace: 9968K(10368K)->9968K(10368K) NonClass: 8666K(8896K)->8666K(8896K) Class: 1302K(1472K)->1302K(1472K)
[302.902s][info][gc             ] GC(1971) Pause Young (Allocation Failure) 40M->8M(374M) 0.857ms
[302.902s][info][gc,cpu         ] GC(1971) User=0.00s Sys=0.00s Real=0.00s
[303.033s][info][gc,start       ] GC(1972) Pause Young (Allocation Failure)
[303.033s][info][gc,heap        ] GC(1972) PSYoungGen: 33376K(33792K)->576K(33792K) Eden: 32768K(32768K)->0K(32768K) From: 608K(1024K)->576K(1024K)
[303.033s][info][gc,heap        ] GC(1972) ParOldGen: 8214K(349696K)->8214K(349696K)
[303.034s][info][gc,metaspace   ] GC(1972) Metaspace: 9968K(10368K)->9968K(10368K) NonClass: 8666K(8896K)->8666K(8896K) Class: 1302K(1472K)->1302K(1472K)
[303.034s][info][gc             ] GC(1972) Pause Young (Allocation Failure) 40M->8M(374M) 0.854ms
[303.034s][info][gc,cpu         ] GC(1972) User=0.00s Sys=0.00s Real=0.00s
[303.168s][info][gc,start       ] GC(1973) Pause Young (Allocation Failure)
[303.169s][info][gc,heap        ] GC(1973) PSYoungGen: 33344K(33792K)->576K(33792K) Eden: 32768K(32768K)->0K(32768K) From: 576K(1024K)->576K(1024K)
[303.169s][info][gc,heap        ] GC(1973) ParOldGen: 8214K(349696K)->8214K(349696K)
[303.169s][info][gc,metaspace   ] GC(1973) Metaspace: 9968K(10368K)->9968K(10368K) NonClass: 8666K(8896K)->8666K(8896K) Class: 1302K(1472K)->1302K(1472K)
[303.169s][info][gc             ] GC(1973) Pause Young (Allocation Failure) 40M->8M(374M) 0.827ms
[303.169s][info][gc,cpu         ] GC(1973) User=0.00s Sys=0.00s Real=0.00s
[303.306s][info][gc,start       ] GC(1974) Pause Young (Allocation Failure)
[303.307s][info][gc,heap        ] GC(1974) PSYoungGen: 33344K(33792K)->608K(33792K) Eden: 32768K(32768K)->0K(32768K) From: 576K(1024K)->608K(1024K)
[303.307s][info][gc,heap        ] GC(1974) ParOldGen: 8214K(349696K)->8230K(349696K)
[303.307s][info][gc,metaspace   ] GC(1974) Metaspace: 9968K(10368K)->9968K(10368K) NonClass: 8666K(8896K)->8666K(8896K) Class: 1302K(1472K)->1302K(1472K)
[303.307s][info][gc             ] GC(1974) Pause Young (Allocation Failure) 40M->8M(374M) 0.885ms
[303.307s][info][gc,cpu         ] GC(1974) User=0.00s Sys=0.00s Real=0.00s
[303.440s][info][gc,start       ] GC(1975) Pause Young (Allocation Failure)
[303.441s][info][gc,heap        ] GC(1975) PSYoungGen: 33376K(33792K)->608K(33792K) Eden: 32768K(32768K)->0K(32768K) From: 608K(1024K)->608K(1024K)
[303.441s][info][gc,heap        ] GC(1975) ParOldGen: 8230K(349696K)->8230K(349696K)
[303.441s][info][gc,metaspace   ] GC(1975) Metaspace: 9968K(10368K)->9968K(10368K) NonClass: 8666K(8896K)->8666K(8896K) Class: 1302K(1472K)->1302K(1472K)
[303.441s][info][gc             ] GC(1975) Pause Young (Allocation Failure) 40M->8M(374M) 0.983ms
[303.441s][info][gc,cpu         ] GC(1975) User=0.02s Sys=0.00s Real=0.02s
[303.573s][info][gc,start       ] GC(1976) Pause Young (Allocation Failure)
[303.574s][info][gc,heap        ] GC(1976) PSYoungGen: 33376K(33792K)->608K(33792K) Eden: 32768K(32768K)->0K(32768K) From: 608K(1024K)->608K(1024K)
[303.574s][info][gc,heap        ] GC(1976) ParOldGen: 8230K(349696K)->8238K(349696K)
[303.574s][info][gc,metaspace   ] GC(1976) Metaspace: 9968K(10368K)->9968K(10368K) NonClass: 8666K(8896K)->8666K(8896K) Class: 1302K(1472K)->1302K(1472K)
[303.574s][info][gc             ] GC(1976) Pause Young (Allocation Failure) 40M->8M(374M) 0.868ms
[303.574s][info][gc,cpu         ] GC(1976) User=0.00s Sys=0.00s Real=0.00s
[303.710s][info][gc,start       ] GC(1977) Pause Young (Allocation Failure)
[303.711s][info][gc,heap        ] GC(1977) PSYoungGen: 33376K(33792K)->608K(33792K) Eden: 32768K(32768K)->0K(32768K) From: 608K(1024K)->608K(1024K)
[303.711s][info][gc,heap        ] GC(1977) ParOldGen: 8238K(349696K)->8238K(349696K)
[303.711s][info][gc,metaspace   ] GC(1977) Metaspace: 9968K(10368K)->9968K(10368K) NonClass: 8666K(8896K)->8666K(8896K) Class: 1302K(1472K)->1302K(1472K)
[303.711s][info][gc             ] GC(1977) Pause Young (Allocation Failure) 40M->8M(374M) 0.879ms
[303.711s][info][gc,cpu         ] GC(1977) User=0.00s Sys=0.00s Real=0.00s
[303.844s][info][gc,start       ] GC(1978) Pause Young (Allocation Failure)
[303.845s][info][gc,heap        ] GC(1978) PSYoungGen: 33375K(33792K)->608K(33792K) Eden: 32767K(32768K)->0K(32768K) From: 608K(1024K)->608K(1024K)
[303.845s][info][gc,heap        ] GC(1978) ParOldGen: 8238K(349696K)->8246K(349696K)
[303.845s][info][gc,metaspace   ] GC(1978) Metaspace: 9968K(10368K)->9968K(10368K) NonClass: 8666K(8896K)->8666K(8896K) Class: 1302K(1472K)->1302K(1472K)
[303.845s][info][gc             ] GC(1978) Pause Young (Allocation Failure) 40M->8M(374M) 0.834ms
[303.845s][info][gc,cpu         ] GC(1978) User=0.00s Sys=0.00s Real=0.00s
[303.874s][info][gc,start       ] GC(1979) Pause Young (System.gc())
[303.874s][info][gc,heap        ] GC(1979) PSYoungGen: 7349K(33792K)->576K(33792K) Eden: 6741K(32768K)->0K(32768K) From: 608K(1024K)->576K(1024K)
[303.874s][info][gc,heap        ] GC(1979) ParOldGen: 8246K(349696K)->8318K(349696K)
[303.874s][info][gc,metaspace   ] GC(1979) Metaspace: 9968K(10368K)->9968K(10368K) NonClass: 8666K(8896K)->8666K(8896K) Class: 1302K(1472K)->1302K(1472K)
[303.874s][info][gc             ] GC(1979) Pause Young (System.gc()) 15M->8M(374M) 0.726ms
[303.874s][info][gc,cpu         ] GC(1979) User=0.00s Sys=0.00s Real=0.00s
[303.874s][info][gc,start       ] GC(1980) Pause Full (System.gc())
[303.875s][info][gc,phases,start] GC(1980) Marking Phase
[303.888s][info][gc,phases      ] GC(1980) Marking Phase 13.965ms
[303.889s][info][gc,phases,start] GC(1980) Summary Phase
[303.889s][info][gc,phases      ] GC(1980) Summary Phase 0.032ms
[303.889s][info][gc,phases,start] GC(1980) Adjust Roots
[303.892s][info][gc,phases      ] GC(1980) Adjust Roots 3.672ms
[303.892s][info][gc,phases,start] GC(1980) Compaction Phase
[303.895s][info][gc,phases      ] GC(1980) Compaction Phase 2.626ms
[303.895s][info][gc,phases,start] GC(1980) Post Compact
[303.895s][info][gc,phases      ] GC(1980) Post Compact 0.298ms
[303.895s][info][gc,heap        ] GC(1980) PSYoungGen: 576K(33792K)->0K(33792K) Eden: 0K(32768K)->0K(32768K) From: 576K(1024K)->0K(1024K)
[303.895s][info][gc,heap        ] GC(1980) ParOldGen: 8318K(349696K)->4078K(349696K)
[303.895s][info][gc,metaspace   ] GC(1980) Metaspace: 9968K(10368K)->9968K(10368K) NonClass: 8666K(8896K)->8666K(8896K) Class: 1302K(1472K)->1302K(1472K)
[303.895s][info][gc             ] GC(1980) Pause Full (System.gc()) 8M->3M(374M) 20.936ms
[303.895s][info][gc,cpu         ] GC(1980) User=0.17s Sys=0.00s Real=0.03s
[304.037s][info][gc,start       ] GC(1981) Pause Young (Allocation Failure)
[304.038s][info][gc,heap        ] GC(1981) PSYoungGen: 32768K(33792K)->1024K(33792K) Eden: 32768K(32768K)->0K(32768K) From: 0K(1024K)->1024K(1024K)
[304.038s][info][gc,heap        ] GC(1981) ParOldGen: 4078K(349696K)->4150K(349696K)
[304.038s][info][gc,metaspace   ] GC(1981) Metaspace: 9968K(10368K)->9968K(10368K) NonClass: 8666K(8896K)->8666K(8896K) Class: 1302K(1472K)->1302K(1472K)
[304.038s][info][gc             ] GC(1981) Pause Young (Allocation Failure) 35M->5M(374M) 1.208ms
[304.038s][info][gc,cpu         ] GC(1981) User=0.00s Sys=0.00s Real=0.00s
[304.169s][info][gc,start       ] GC(1982) Pause Young (Allocation Failure)
[304.170s][info][gc,heap        ] GC(1982) PSYoungGen: 33792K(33792K)->1024K(33792K) Eden: 32768K(32768K)->0K(32768K) From: 1024K(1024K)->1024K(1024K)
[304.170s][info][gc,heap        ] GC(1982) ParOldGen: 4150K(349696K)->4382K(349696K)
[304.170s][info][gc,metaspace   ] GC(1982) Metaspace: 9968K(10368K)->9968K(10368K) NonClass: 8666K(8896K)->8666K(8896K) Class: 1302K(1472K)->1302K(1472K)
[304.170s][info][gc             ] GC(1982) Pause Young (Allocation Failure) 37M->5M(374M) 1.357ms
[304.170s][info][gc,cpu         ] GC(1982) User=0.00s Sys=0.00s Real=0.00s
[304.312s][info][gc,start       ] GC(1983) Pause Young (Allocation Failure)
[304.313s][info][gc,heap        ] GC(1983) PSYoungGen: 33792K(33792K)->992K(34304K) Eden: 32768K(32768K)->0K(32768K) From: 1024K(1024K)->992K(1536K)
[304.313s][info][gc,heap        ] GC(1983) ParOldGen: 4382K(349696K)->4678K(349696K)
[304.313s][info][gc,metaspace   ] GC(1983) Metaspace: 9968K(10368K)->9968K(10368K) NonClass: 8666K(8896K)->8666K(8896K) Class: 1302K(1472K)->1302K(1472K)
[304.313s][info][gc             ] GC(1983) Pause Young (Allocation Failure) 37M->5M(375M) 1.307ms
[304.313s][info][gc,cpu         ] GC(1983) User=0.00s Sys=0.00s Real=0.00s
[304.451s][info][gc,start       ] GC(1984) Pause Young (Allocation Failure)
[304.452s][info][gc,heap        ] GC(1984) PSYoungGen: 33760K(34304K)->768K(34304K) Eden: 32768K(32768K)->0K(32768K) From: 992K(1536K)->768K(1536K)
[304.452s][info][gc,heap        ] GC(1984) ParOldGen: 4678K(349696K)->5094K(349696K)
[304.452s][info][gc,metaspace   ] GC(1984) Metaspace: 9968K(10368K)->9968K(10368K) NonClass: 8666K(8896K)->8666K(8896K) Class: 1302K(1472K)->1302K(1472K)
[304.452s][info][gc             ] GC(1984) Pause Young (Allocation Failure) 37M->5M(375M) 1.295ms
[304.452s][info][gc,cpu         ] GC(1984) User=0.00s Sys=0.00s Real=0.00s
[304.581s][info][gc,start       ] GC(1985) Pause Young (Allocation Failure)
[304.582s][info][gc,heap        ] GC(1985) PSYoungGen: 33536K(34304K)->768K(34304K) Eden: 32768K(32768K)->0K(32768K) From: 768K(1536K)->768K(1536K)
[304.582s][info][gc,heap        ] GC(1985) ParOldGen: 5094K(349696K)->5382K(349696K)
[304.582s][info][gc,metaspace   ] GC(1985) Metaspace: 9968K(10368K)->9968K(10368K) NonClass: 8666K(8896K)->8666K(8896K) Class: 1302K(1472K)->1302K(1472K)
[304.582s][info][gc             ] GC(1985) Pause Young (Allocation Failure) 37M->6M(375M) 1.153ms
[304.582s][info][gc,cpu         ] GC(1985) User=0.02s Sys=0.00s Real=0.02s
[304.714s][info][gc,start       ] GC(1986) Pause Young (Allocation Failure)
[304.715s][info][gc,heap        ] GC(1986) PSYoungGen: 33536K(34304K)->768K(34304K) Eden: 32768K(32768K)->0K(32768K) From: 768K(1536K)->768K(1536K)
[304.715s][info][gc,heap        ] GC(1986) ParOldGen: 5382K(349696K)->5406K(349696K)
[304.715s][info][gc,metaspace   ] GC(1986) Metaspace: 9968K(10368K)->9968K(10368K) NonClass: 8666K(8896K)->8666K(8896K) Class: 1302K(1472K)->1302K(1472K)
[304.715s][info][gc             ] GC(1986) Pause Young (Allocation Failure) 38M->6M(375M) 0.906ms
[304.715s][info][gc,cpu         ] GC(1986) User=0.00s Sys=0.00s Real=0.00s
[304.842s][info][gc,start       ] GC(1987) Pause Young (Allocation Failure)
[304.843s][info][gc,heap        ] GC(1987) PSYoungGen: 33536K(34304K)->864K(34304K) Eden: 32768K(32768K)->0K(32768K) From: 768K(1536K)->864K(1536K)
[304.843s][info][gc,heap        ] GC(1987) ParOldGen: 5406K(349696K)->5614K(349696K)
[304.843s][info][gc,metaspace   ] GC(1987) Metaspace: 9968K(10368K)->9968K(10368K) NonClass: 8666K(8896K)->8666K(8896K) Class: 1302K(1472K)->1302K(1472K)
[304.843s][info][gc             ] GC(1987) Pause Young (Allocation Failure) 38M->6M(375M) 1.119ms
[304.843s][info][gc,cpu         ] GC(1987) User=0.00s Sys=0.00s Real=0.00s
[304.979s][info][gc,start       ] GC(1988) Pause Young (Allocation Failure)
[304.980s][info][gc,heap        ] GC(1988) PSYoungGen: 33632K(34304K)->544K(34304K) Eden: 32768K(32768K)->0K(32768K) From: 864K(1536K)->544K(1536K)
[304.980s][info][gc,heap        ] GC(1988) ParOldGen: 5614K(349696K)->5822K(349696K)
[304.980s][info][gc,metaspace   ] GC(1988) Metaspace: 9968K(10368K)->9968K(10368K) NonClass: 8666K(8896K)->8666K(8896K) Class: 1302K(1472K)->1302K(1472K)
[304.980s][info][gc             ] GC(1988) Pause Young (Allocation Failure) 38M->6M(375M) 1.028ms
[304.980s][info][gc,cpu         ] GC(1988) User=0.00s Sys=0.00s Real=0.00s
[305.113s][info][gc,start       ] GC(1989) Pause Young (Allocation Failure)
[305.114s][info][gc,heap        ] GC(1989) PSYoungGen: 33312K(34304K)->576K(34304K) Eden: 32768K(32768K)->0K(32768K) From: 544K(1536K)->576K(1536K)
[305.114s][info][gc,heap        ] GC(1989) ParOldGen: 5822K(349696K)->5830K(349696K)
[305.114s][info][gc,metaspace   ] GC(1989) Metaspace: 9968K(10368K)->9968K(10368K) NonClass: 8666K(8896K)->8666K(8896K) Class: 1302K(1472K)->1302K(1472K)
[305.114s][info][gc             ] GC(1989) Pause Young (Allocation Failure) 38M->6M(375M) 0.977ms
[305.114s][info][gc,cpu         ] GC(1989) User=0.00s Sys=0.00s Real=0.00s
[305.246s][info][gc,start       ] GC(1990) Pause Young (Allocation Failure)
[305.246s][info][gc,heap        ] GC(1990) PSYoungGen: 33343K(34304K)->576K(34304K) Eden: 32767K(32768K)->0K(32768K) From: 576K(1536K)->576K(1536K)
[305.246s][info][gc,heap        ] GC(1990) ParOldGen: 5830K(349696K)->5830K(349696K)
[305.246s][info][gc,metaspace   ] GC(1990) Metaspace: 9968K(10368K)->9968K(10368K) NonClass: 8666K(8896K)->8666K(8896K) Class: 1302K(1472K)->1302K(1472K)
[305.246s][info][gc             ] GC(1990) Pause Young (Allocation Failure) 38M->6M(375M) 0.828ms
[305.246s][info][gc,cpu         ] GC(1990) User=0.00s Sys=0.00s Real=0.00s
[305.377s][info][gc,start       ] GC(1991) Pause Young (Allocation Failure)
[305.378s][info][gc,heap        ] GC(1991) PSYoungGen: 33344K(34304K)->608K(34304K) Eden: 32768K(32768K)->0K(32768K) From: 576K(1536K)->608K(1536K)
[305.378s][info][gc,heap        ] GC(1991) ParOldGen: 5830K(349696K)->5830K(349696K)
[305.378s][info][gc,metaspace   ] GC(1991) Metaspace: 9968K(10368K)->9968K(10368K) NonClass: 8666K(8896K)->8666K(8896K) Class: 1302K(1472K)->1302K(1472K)
[305.378s][info][gc             ] GC(1991) Pause Young (Allocation Failure) 38M->6M(375M) 0.888ms
[305.378s][info][gc,cpu         ] GC(1991) User=0.02s Sys=0.00s Real=0.02s
[305.512s][info][gc,start       ] GC(1992) Pause Young (Allocation Failure)
[305.513s][info][gc,heap        ] GC(1992) PSYoungGen: 33376K(34304K)->576K(34304K) Eden: 32768K(32768K)->0K(32768K) From: 608K(1536K)->576K(1536K)
[305.513s][info][gc,heap        ] GC(1992) ParOldGen: 5830K(349696K)->5846K(349696K)
[305.513s][info][gc,metaspace   ] GC(1992) Metaspace: 9968K(10368K)->9968K(10368K) NonClass: 8666K(8896K)->8666K(8896K) Class: 1302K(1472K)->1302K(1472K)
[305.513s][info][gc             ] GC(1992) Pause Young (Allocation Failure) 38M->6M(375M) 0.831ms
[305.513s][info][gc,cpu         ] GC(1992) User=0.00s Sys=0.00s Real=0.00s
[305.642s][info][gc,start       ] GC(1993) Pause Young (Allocation Failure)
[305.643s][info][gc,heap        ] GC(1993) PSYoungGen: 33344K(34304K)->1056K(34304K) Eden: 32768K(32768K)->0K(32768K) From: 576K(1536K)->1056K(1536K)
[305.643s][info][gc,heap        ] GC(1993) ParOldGen: 5846K(349696K)->5854K(349696K)
[305.644s][info][gc,metaspace   ] GC(1993) Metaspace: 9968K(10368K)->9968K(10368K) NonClass: 8666K(8896K)->8666K(8896K) Class: 1302K(1472K)->1302K(1472K)
[305.644s][info][gc             ] GC(1993) Pause Young (Allocation Failure) 38M->6M(375M) 1.080ms
[305.644s][info][gc,cpu         ] GC(1993) User=0.00s Sys=0.00s Real=0.00s
[305.774s][info][gc,start       ] GC(1994) Pause Young (Allocation Failure)
[305.776s][info][gc,heap        ] GC(1994) PSYoungGen: 33824K(34304K)->640K(34304K) Eden: 32768K(32768K)->0K(32768K) From: 1056K(1536K)->640K(1536K)
[305.776s][info][gc,heap        ] GC(1994) ParOldGen: 5854K(349696K)->6254K(349696K)
[305.776s][info][gc,metaspace   ] GC(1994) Metaspace: 9968K(10368K)->9968K(10368K) NonClass: 8666K(8896K)->8666K(8896K) Class: 1302K(1472K)->1302K(1472K)
[305.776s][info][gc             ] GC(1994) Pause Young (Allocation Failure) 38M->6M(375M) 1.222ms
[305.776s][info][gc,cpu         ] GC(1994) User=0.00s Sys=0.00s Real=0.00s
[305.904s][info][gc,start       ] GC(1995) Pause Young (Allocation Failure)
[305.905s][info][gc,heap        ] GC(1995) PSYoungGen: 33408K(34304K)->576K(34304K) Eden: 32768K(32768K)->0K(32768K) From: 640K(1536K)->576K(1536K)
[305.905s][info][gc,heap        ] GC(1995) ParOldGen: 6254K(349696K)->6254K(349696K)
[305.905s][info][gc,metaspace   ] GC(1995) Metaspace: 9968K(10368K)->9968K(10368K) NonClass: 8666K(8896K)->8666K(8896K) Class: 1302K(1472K)->1302K(1472K)
[305.905s][info][gc             ] GC(1995) Pause Young (Allocation Failure) 38M->6M(375M) 0.871ms
[305.905s][info][gc,cpu         ] GC(1995) User=0.00s Sys=0.00s Real=0.00s
[306.039s][info][gc,start       ] GC(1996) Pause Young (Allocation Failure)
[306.040s][info][gc,heap        ] GC(1996) PSYoungGen: 33344K(34304K)->608K(34304K) Eden: 32768K(32768K)->0K(32768K) From: 576K(1536K)->608K(1536K)
[306.040s][info][gc,heap        ] GC(1996) ParOldGen: 6254K(349696K)->6254K(349696K)
[306.040s][info][gc,metaspace   ] GC(1996) Metaspace: 9968K(10368K)->9968K(10368K) NonClass: 8666K(8896K)->8666K(8896K) Class: 1302K(1472K)->1302K(1472K)
[306.040s][info][gc             ] GC(1996) Pause Young (Allocation Failure) 38M->6M(375M) 0.887ms
[306.040s][info][gc,cpu         ] GC(1996) User=0.00s Sys=0.00s Real=0.00s
[306.169s][info][gc,start       ] GC(1997) Pause Young (Allocation Failure)
[306.170s][info][gc,heap        ] GC(1997) PSYoungGen: 33376K(34304K)->800K(34304K) Eden: 32768K(32768K)->0K(32768K) From: 608K(1536K)->800K(1536K)
[306.170s][info][gc,heap        ] GC(1997) ParOldGen: 6254K(349696K)->6262K(349696K)
[306.170s][info][gc,metaspace   ] GC(1997) Metaspace: 9968K(10368K)->9968K(10368K) NonClass: 8666K(8896K)->8666K(8896K) Class: 1302K(1472K)->1302K(1472K)
[306.170s][info][gc             ] GC(1997) Pause Young (Allocation Failure) 38M->6M(375M) 0.941ms
[306.170s][info][gc,cpu         ] GC(1997) User=0.00s Sys=0.00s Real=0.00s
[306.298s][info][gc,start       ] GC(1998) Pause Young (Allocation Failure)
[306.299s][info][gc,heap        ] GC(1998) PSYoungGen: 33568K(34304K)->800K(34304K) Eden: 32768K(32768K)->0K(32768K) From: 800K(1536K)->800K(1536K)
[306.299s][info][gc,heap        ] GC(1998) ParOldGen: 6262K(349696K)->6462K(349696K)
[306.299s][info][gc,metaspace   ] GC(1998) Metaspace: 9968K(10368K)->9968K(10368K) NonClass: 8666K(8896K)->8666K(8896K) Class: 1302K(1472K)->1302K(1472K)
[306.299s][info][gc             ] GC(1998) Pause Young (Allocation Failure) 38M->7M(375M) 1.058ms
[306.299s][info][gc,cpu         ] GC(1998) User=0.00s Sys=0.00s Real=0.00s
[306.436s][info][gc,start       ] GC(1999) Pause Young (Allocation Failure)
[306.437s][info][gc,heap        ] GC(1999) PSYoungGen: 33568K(34304K)->608K(34304K) Eden: 32768K(32768K)->0K(32768K) From: 800K(1536K)->608K(1536K)
[306.437s][info][gc,heap        ] GC(1999) ParOldGen: 6462K(349696K)->6694K(349696K)
[306.437s][info][gc,metaspace   ] GC(1999) Metaspace: 9968K(10368K)->9968K(10368K) NonClass: 8666K(8896K)->8666K(8896K) Class: 1302K(1472K)->1302K(1472K)
[306.437s][info][gc             ] GC(1999) Pause Young (Allocation Failure) 39M->7M(375M) 0.981ms
[306.437s][info][gc,cpu         ] GC(1999) User=0.00s Sys=0.00s Real=0.00s
[306.568s][info][gc,start       ] GC(2000) Pause Young (Allocation Failure)
[306.569s][info][gc,heap        ] GC(2000) PSYoungGen: 33376K(34304K)->608K(34304K) Eden: 32768K(32768K)->0K(32768K) From: 608K(1536K)->608K(1536K)
[306.569s][info][gc,heap        ] GC(2000) ParOldGen: 6694K(349696K)->6710K(349696K)
[306.569s][info][gc,metaspace   ] GC(2000) Metaspace: 9968K(10368K)->9968K(10368K) NonClass: 8666K(8896K)->8666K(8896K) Class: 1302K(1472K)->1302K(1472K)
[306.569s][info][gc             ] GC(2000) Pause Young (Allocation Failure) 39M->7M(375M) 0.856ms
[306.569s][info][gc,cpu         ] GC(2000) User=0.00s Sys=0.00s Real=0.00s
[306.703s][info][gc,start       ] GC(2001) Pause Young (Allocation Failure)
[306.704s][info][gc,heap        ] GC(2001) PSYoungGen: 33376K(34304K)->672K(33792K) Eden: 32768K(32768K)->0K(32768K) From: 608K(1536K)->672K(1024K)
[306.704s][info][gc,heap        ] GC(2001) ParOldGen: 6710K(349696K)->6710K(349696K)
[306.704s][info][gc,metaspace   ] GC(2001) Metaspace: 9968K(10368K)->9968K(10368K) NonClass: 8666K(8896K)->8666K(8896K) Class: 1302K(1472K)->1302K(1472K)
[306.704s][info][gc             ] GC(2001) Pause Young (Allocation Failure) 39M->7M(374M) 0.908ms
[306.704s][info][gc,cpu         ] GC(2001) User=0.00s Sys=0.00s Real=0.00s
[306.840s][info][gc,start       ] GC(2002) Pause Young (Allocation Failure)
[306.840s][info][gc,heap        ] GC(2002) PSYoungGen: 33440K(33792K)->608K(33792K) Eden: 32768K(32768K)->0K(32768K) From: 672K(1024K)->608K(1024K)
[306.841s][info][gc,heap        ] GC(2002) ParOldGen: 6710K(349696K)->6710K(349696K)
[306.841s][info][gc,metaspace   ] GC(2002) Metaspace: 9968K(10368K)->9968K(10368K) NonClass: 8666K(8896K)->8666K(8896K) Class: 1302K(1472K)->1302K(1472K)
[306.841s][info][gc             ] GC(2002) Pause Young (Allocation Failure) 39M->7M(374M) 0.992ms
[306.841s][info][gc,cpu         ] GC(2002) User=0.00s Sys=0.00s Real=0.00s
[306.975s][info][gc,start       ] GC(2003) Pause Young (Allocation Failure)
[306.976s][info][gc,heap        ] GC(2003) PSYoungGen: 33376K(33792K)->512K(33280K) Eden: 32768K(32768K)->0K(32768K) From: 608K(1024K)->512K(512K)
[306.976s][info][gc,heap        ] GC(2003) ParOldGen: 6710K(349696K)->6742K(349696K)
[306.976s][info][gc,metaspace   ] GC(2003) Metaspace: 9968K(10368K)->9968K(10368K) NonClass: 8666K(8896K)->8666K(8896K) Class: 1302K(1472K)->1302K(1472K)
[306.976s][info][gc             ] GC(2003) Pause Young (Allocation Failure) 39M->7M(374M) 0.854ms
[306.976s][info][gc,cpu         ] GC(2003) User=0.00s Sys=0.00s Real=0.00s
[307.109s][info][gc,start       ] GC(2004) Pause Young (Allocation Failure)
[307.110s][info][gc,heap        ] GC(2004) PSYoungGen: 33280K(33280K)->512K(33792K) Eden: 32768K(32768K)->0K(32768K) From: 512K(512K)->512K(1024K)
[307.110s][info][gc,heap        ] GC(2004) ParOldGen: 6742K(349696K)->6822K(349696K)
[307.110s][info][gc,metaspace   ] GC(2004) Metaspace: 9968K(10368K)->9968K(10368K) NonClass: 8666K(8896K)->8666K(8896K) Class: 1302K(1472K)->1302K(1472K)
[307.110s][info][gc             ] GC(2004) Pause Young (Allocation Failure) 39M->7M(374M) 0.948ms
[307.110s][info][gc,cpu         ] GC(2004) User=0.00s Sys=0.00s Real=0.00s
[307.236s][info][gc,start       ] GC(2005) Pause Young (Allocation Failure)
[307.237s][info][gc,heap        ] GC(2005) PSYoungGen: 33280K(33792K)->576K(33792K) Eden: 32768K(32768K)->0K(32768K) From: 512K(1024K)->576K(1024K)
[307.237s][info][gc,heap        ] GC(2005) ParOldGen: 6822K(349696K)->6830K(349696K)
[307.237s][info][gc,metaspace   ] GC(2005) Metaspace: 9968K(10368K)->9968K(10368K) NonClass: 8666K(8896K)->8666K(8896K) Class: 1302K(1472K)->1302K(1472K)
[307.237s][info][gc             ] GC(2005) Pause Young (Allocation Failure) 39M->7M(374M) 0.839ms
[307.237s][info][gc,cpu         ] GC(2005) User=0.00s Sys=0.00s Real=0.00s
[307.373s][info][gc,start       ] GC(2006) Pause Young (Allocation Failure)
[307.374s][info][gc,heap        ] GC(2006) PSYoungGen: 33344K(33792K)->576K(33792K) Eden: 32768K(32768K)->0K(32768K) From: 576K(1024K)->576K(1024K)
[307.374s][info][gc,heap        ] GC(2006) ParOldGen: 6830K(349696K)->6830K(349696K)
[307.374s][info][gc,metaspace   ] GC(2006) Metaspace: 9968K(10368K)->9968K(10368K) NonClass: 8666K(8896K)->8666K(8896K) Class: 1302K(1472K)->1302K(1472K)
[307.374s][info][gc             ] GC(2006) Pause Young (Allocation Failure) 39M->7M(374M) 0.834ms
[307.374s][info][gc,cpu         ] GC(2006) User=0.00s Sys=0.00s Real=0.00s
[307.506s][info][gc,start       ] GC(2007) Pause Young (Allocation Failure)
[307.507s][info][gc,heap        ] GC(2007) PSYoungGen: 33344K(33792K)->576K(33792K) Eden: 32768K(32768K)->0K(32768K) From: 576K(1024K)->576K(1024K)
[307.507s][info][gc,heap        ] GC(2007) ParOldGen: 6830K(349696K)->6830K(349696K)
[307.507s][info][gc,metaspace   ] GC(2007) Metaspace: 9968K(10368K)->9968K(10368K) NonClass: 8666K(8896K)->8666K(8896K) Class: 1302K(1472K)->1302K(1472K)
[307.507s][info][gc             ] GC(2007) Pause Young (Allocation Failure) 39M->7M(374M) 0.832ms
[307.507s][info][gc,cpu         ] GC(2007) User=0.00s Sys=0.00s Real=0.00s
[307.641s][info][gc,start       ] GC(2008) Pause Young (Allocation Failure)
[307.642s][info][gc,heap        ] GC(2008) PSYoungGen: 33344K(33792K)->608K(33792K) Eden: 32768K(32768K)->0K(32768K) From: 576K(1024K)->608K(1024K)
[307.642s][info][gc,heap        ] GC(2008) ParOldGen: 6830K(349696K)->6838K(349696K)
[307.642s][info][gc,metaspace   ] GC(2008) Metaspace: 9968K(10368K)->9968K(10368K) NonClass: 8666K(8896K)->8666K(8896K) Class: 1302K(1472K)->1302K(1472K)
[307.642s][info][gc             ] GC(2008) Pause Young (Allocation Failure) 39M->7M(374M) 0.859ms
[307.642s][info][gc,cpu         ] GC(2008) User=0.00s Sys=0.00s Real=0.00s
[307.771s][info][gc,start       ] GC(2009) Pause Young (Allocation Failure)
[307.772s][info][gc,heap        ] GC(2009) PSYoungGen: 33376K(33792K)->608K(33792K) Eden: 32768K(32768K)->0K(32768K) From: 608K(1024K)->608K(1024K)
[307.772s][info][gc,heap        ] GC(2009) ParOldGen: 6838K(349696K)->6838K(349696K)
[307.772s][info][gc,metaspace   ] GC(2009) Metaspace: 9968K(10368K)->9968K(10368K) NonClass: 8666K(8896K)->8666K(8896K) Class: 1302K(1472K)->1302K(1472K)
[307.772s][info][gc             ] GC(2009) Pause Young (Allocation Failure) 39M->7M(374M) 0.873ms
[307.772s][info][gc,cpu         ] GC(2009) User=0.00s Sys=0.00s Real=0.00s
[307.906s][info][gc,start       ] GC(2010) Pause Young (Allocation Failure)
[307.907s][info][gc,heap        ] GC(2010) PSYoungGen: 33376K(33792K)->608K(33792K) Eden: 32768K(32768K)->0K(32768K) From: 608K(1024K)->608K(1024K)
[307.907s][info][gc,heap        ] GC(2010) ParOldGen: 6838K(349696K)->6838K(349696K)
[307.907s][info][gc,metaspace   ] GC(2010) Metaspace: 9968K(10368K)->9968K(10368K) NonClass: 8666K(8896K)->8666K(8896K) Class: 1302K(1472K)->1302K(1472K)
[307.907s][info][gc             ] GC(2010) Pause Young (Allocation Failure) 39M->7M(374M) 0.879ms
[307.907s][info][gc,cpu         ] GC(2010) User=0.00s Sys=0.00s Real=0.00s
[308.043s][info][gc,start       ] GC(2011) Pause Young (Allocation Failure)
[308.044s][info][gc,heap        ] GC(2011) PSYoungGen: 33375K(33792K)->576K(33792K) Eden: 32767K(32768K)->0K(32768K) From: 608K(1024K)->576K(1024K)
[308.044s][info][gc,heap        ] GC(2011) ParOldGen: 6838K(349696K)->6838K(349696K)
[308.044s][info][gc,metaspace   ] GC(2011) Metaspace: 9968K(10368K)->9968K(10368K) NonClass: 8666K(8896K)->8666K(8896K) Class: 1302K(1472K)->1302K(1472K)
[308.044s][info][gc             ] GC(2011) Pause Young (Allocation Failure) 39M->7M(374M) 0.826ms
[308.044s][info][gc,cpu         ] GC(2011) User=0.00s Sys=0.00s Real=0.00s
[308.178s][info][gc,start       ] GC(2012) Pause Young (Allocation Failure)
[308.179s][info][gc,heap        ] GC(2012) PSYoungGen: 33343K(33792K)->800K(33792K) Eden: 32767K(32768K)->0K(32768K) From: 576K(1024K)->800K(1024K)
[308.179s][info][gc,heap        ] GC(2012) ParOldGen: 6838K(349696K)->6878K(349696K)
[308.179s][info][gc,metaspace   ] GC(2012) Metaspace: 9968K(10368K)->9968K(10368K) NonClass: 8666K(8896K)->8666K(8896K) Class: 1302K(1472K)->1302K(1472K)
[308.179s][info][gc             ] GC(2012) Pause Young (Allocation Failure) 39M->7M(374M) 0.976ms
[308.179s][info][gc,cpu         ] GC(2012) User=0.00s Sys=0.00s Real=0.00s
[308.308s][info][gc,start       ] GC(2013) Pause Young (Allocation Failure)
[308.309s][info][gc,heap        ] GC(2013) PSYoungGen: 33568K(33792K)->704K(33792K) Eden: 32768K(32768K)->0K(32768K) From: 800K(1024K)->704K(1024K)
[308.309s][info][gc,heap        ] GC(2013) ParOldGen: 6878K(349696K)->7118K(349696K)
[308.309s][info][gc,metaspace   ] GC(2013) Metaspace: 9968K(10368K)->9968K(10368K) NonClass: 8666K(8896K)->8666K(8896K) Class: 1302K(1472K)->1302K(1472K)
[308.310s][info][gc             ] GC(2013) Pause Young (Allocation Failure) 39M->7M(374M) 1.062ms
[308.310s][info][gc,cpu         ] GC(2013) User=0.00s Sys=0.00s Real=0.00s
[308.437s][info][gc,start       ] GC(2014) Pause Young (Allocation Failure)
[308.438s][info][gc,heap        ] GC(2014) PSYoungGen: 33471K(33792K)->576K(33792K) Eden: 32767K(32768K)->0K(32768K) From: 704K(1024K)->576K(1024K)
[308.438s][info][gc,heap        ] GC(2014) ParOldGen: 7118K(349696K)->7118K(349696K)
[308.438s][info][gc,metaspace   ] GC(2014) Metaspace: 9968K(10368K)->9968K(10368K) NonClass: 8666K(8896K)->8666K(8896K) Class: 1302K(1472K)->1302K(1472K)
[308.438s][info][gc             ] GC(2014) Pause Young (Allocation Failure) 39M->7M(374M) 1.144ms
[308.438s][info][gc,cpu         ] GC(2014) User=0.00s Sys=0.00s Real=0.00s
[308.578s][info][gc,start       ] GC(2015) Pause Young (Allocation Failure)
[308.578s][info][gc,heap        ] GC(2015) PSYoungGen: 33344K(33792K)->640K(33792K) Eden: 32768K(32768K)->0K(32768K) From: 576K(1024K)->640K(1024K)
[308.578s][info][gc,heap        ] GC(2015) ParOldGen: 7118K(349696K)->7118K(349696K)
[308.578s][info][gc,metaspace   ] GC(2015) Metaspace: 9968K(10368K)->9968K(10368K) NonClass: 8666K(8896K)->8666K(8896K) Class: 1302K(1472K)->1302K(1472K)
[308.578s][info][gc             ] GC(2015) Pause Young (Allocation Failure) 39M->7M(374M) 0.880ms
[308.578s][info][gc,cpu         ] GC(2015) User=0.00s Sys=0.00s Real=0.00s
[308.714s][info][gc,start       ] GC(2016) Pause Young (Allocation Failure)
[308.715s][info][gc,heap        ] GC(2016) PSYoungGen: 33408K(33792K)->576K(33792K) Eden: 32768K(32768K)->0K(32768K) From: 640K(1024K)->576K(1024K)
[308.715s][info][gc,heap        ] GC(2016) ParOldGen: 7118K(349696K)->7118K(349696K)
[308.715s][info][gc,metaspace   ] GC(2016) Metaspace: 9968K(10368K)->9968K(10368K) NonClass: 8666K(8896K)->8666K(8896K) Class: 1302K(1472K)->1302K(1472K)
[308.715s][info][gc             ] GC(2016) Pause Young (Allocation Failure) 39M->7M(374M) 0.865ms
[308.715s][info][gc,cpu         ] GC(2016) User=0.00s Sys=0.00s Real=0.00s
[308.850s][info][gc,start       ] GC(2017) Pause Young (Allocation Failure)
[308.850s][info][gc,heap        ] GC(2017) PSYoungGen: 33344K(33792K)->576K(33792K) Eden: 32768K(32768K)->0K(32768K) From: 576K(1024K)->576K(1024K)
[308.850s][info][gc,heap        ] GC(2017) ParOldGen: 7118K(349696K)->7118K(349696K)
[308.850s][info][gc,metaspace   ] GC(2017) Metaspace: 9968K(10368K)->9968K(10368K) NonClass: 8666K(8896K)->8666K(8896K) Class: 1302K(1472K)->1302K(1472K)
[308.850s][info][gc             ] GC(2017) Pause Young (Allocation Failure) 39M->7M(374M) 0.804ms
[308.850s][info][gc,cpu         ] GC(2017) User=0.00s Sys=0.00s Real=0.00s
[308.984s][info][gc,start       ] GC(2018) Pause Young (Allocation Failure)
[308.985s][info][gc,heap        ] GC(2018) PSYoungGen: 33344K(33792K)->608K(33792K) Eden: 32768K(32768K)->0K(32768K) From: 576K(1024K)->608K(1024K)
[308.985s][info][gc,heap        ] GC(2018) ParOldGen: 7118K(349696K)->7118K(349696K)
[308.985s][info][gc,metaspace   ] GC(2018) Metaspace: 9968K(10368K)->9968K(10368K) NonClass: 8666K(8896K)->8666K(8896K) Class: 1302K(1472K)->1302K(1472K)
[308.985s][info][gc             ] GC(2018) Pause Young (Allocation Failure) 39M->7M(374M) 0.878ms
[308.985s][info][gc,cpu         ] GC(2018) User=0.00s Sys=0.00s Real=0.00s
[309.115s][info][gc,start       ] GC(2019) Pause Young (Allocation Failure)
[309.116s][info][gc,heap        ] GC(2019) PSYoungGen: 33376K(33792K)->768K(33792K) Eden: 32768K(32768K)->0K(32768K) From: 608K(1024K)->768K(1024K)
[309.116s][info][gc,heap        ] GC(2019) ParOldGen: 7118K(349696K)->7126K(349696K)
[309.116s][info][gc,metaspace   ] GC(2019) Metaspace: 9968K(10368K)->9968K(10368K) NonClass: 8666K(8896K)->8666K(8896K) Class: 1302K(1472K)->1302K(1472K)
[309.116s][info][gc             ] GC(2019) Pause Young (Allocation Failure) 39M->7M(374M) 0.941ms
[309.116s][info][gc,cpu         ] GC(2019) User=0.00s Sys=0.00s Real=0.00s
[309.249s][info][gc,start       ] GC(2020) Pause Young (Allocation Failure)
[309.250s][info][gc,heap        ] GC(2020) PSYoungGen: 33536K(33792K)->640K(33792K) Eden: 32768K(32768K)->0K(32768K) From: 768K(1024K)->640K(1024K)
[309.250s][info][gc,heap        ] GC(2020) ParOldGen: 7126K(349696K)->7342K(349696K)
[309.250s][info][gc,metaspace   ] GC(2020) Metaspace: 9968K(10368K)->9968K(10368K) NonClass: 8666K(8896K)->8666K(8896K) Class: 1302K(1472K)->1302K(1472K)
[309.250s][info][gc             ] GC(2020) Pause Young (Allocation Failure) 39M->7M(374M) 1.045ms
[309.250s][info][gc,cpu         ] GC(2020) User=0.00s Sys=0.00s Real=0.00s
[309.380s][info][gc,start       ] GC(2021) Pause Young (Allocation Failure)
[309.381s][info][gc,heap        ] GC(2021) PSYoungGen: 33408K(33792K)->576K(33792K) Eden: 32768K(32768K)->0K(32768K) From: 640K(1024K)->576K(1024K)
[309.381s][info][gc,heap        ] GC(2021) ParOldGen: 7342K(349696K)->7342K(349696K)
[309.381s][info][gc,metaspace   ] GC(2021) Metaspace: 9968K(10368K)->9968K(10368K) NonClass: 8666K(8896K)->8666K(8896K) Class: 1302K(1472K)->1302K(1472K)
[309.381s][info][gc             ] GC(2021) Pause Young (Allocation Failure) 39M->7M(374M) 0.882ms
[309.381s][info][gc,cpu         ] GC(2021) User=0.00s Sys=0.00s Real=0.00s
[309.517s][info][gc,start       ] GC(2022) Pause Young (Allocation Failure)
[309.517s][info][gc,heap        ] GC(2022) PSYoungGen: 33344K(33792K)->576K(33792K) Eden: 32768K(32768K)->0K(32768K) From: 576K(1024K)->576K(1024K)
[309.517s][info][gc,heap        ] GC(2022) ParOldGen: 7342K(349696K)->7342K(349696K)
[309.517s][info][gc,metaspace   ] GC(2022) Metaspace: 9968K(10368K)->9968K(10368K) NonClass: 8666K(8896K)->8666K(8896K) Class: 1302K(1472K)->1302K(1472K)
[309.517s][info][gc             ] GC(2022) Pause Young (Allocation Failure) 39M->7M(374M) 0.813ms
[309.517s][info][gc,cpu         ] GC(2022) User=0.00s Sys=0.00s Real=0.00s
[309.645s][info][gc,start       ] GC(2023) Pause Young (Allocation Failure)
[309.646s][info][gc,heap        ] GC(2023) PSYoungGen: 33344K(33792K)->608K(33792K) Eden: 32768K(32768K)->0K(32768K) From: 576K(1024K)->608K(1024K)
[309.646s][info][gc,heap        ] GC(2023) ParOldGen: 7342K(349696K)->7342K(349696K)
[309.646s][info][gc,metaspace   ] GC(2023) Metaspace: 9968K(10368K)->9968K(10368K) NonClass: 8666K(8896K)->8666K(8896K) Class: 1302K(1472K)->1302K(1472K)
[309.646s][info][gc             ] GC(2023) Pause Young (Allocation Failure) 39M->7M(374M) 0.894ms
[309.646s][info][gc,cpu         ] GC(2023) User=0.00s Sys=0.00s Real=0.00s
[309.774s][info][gc,start       ] GC(2024) Pause Young (Allocation Failure)
[309.775s][info][gc,heap        ] GC(2024) PSYoungGen: 33376K(33792K)->608K(33792K) Eden: 32768K(32768K)->0K(32768K) From: 608K(1024K)->608K(1024K)
[309.775s][info][gc,heap        ] GC(2024) ParOldGen: 7342K(349696K)->7350K(349696K)
[309.775s][info][gc,metaspace   ] GC(2024) Metaspace: 9968K(10368K)->9968K(10368K) NonClass: 8666K(8896K)->8666K(8896K) Class: 1302K(1472K)->1302K(1472K)
[309.775s][info][gc             ] GC(2024) Pause Young (Allocation Failure) 39M->7M(374M) 0.873ms
[309.775s][info][gc,cpu         ] GC(2024) User=0.00s Sys=0.00s Real=0.00s
[309.909s][info][gc,start       ] GC(2025) Pause Young (Allocation Failure)
[309.910s][info][gc,heap        ] GC(2025) PSYoungGen: 33376K(33792K)->768K(33792K) Eden: 32768K(32768K)->0K(32768K) From: 608K(1024K)->768K(1024K)
[309.910s][info][gc,heap        ] GC(2025) ParOldGen: 7350K(349696K)->7374K(349696K)
[309.910s][info][gc,metaspace   ] GC(2025) Metaspace: 9968K(10368K)->9968K(10368K) NonClass: 8666K(8896K)->8666K(8896K) Class: 1302K(1472K)->1302K(1472K)
[309.910s][info][gc             ] GC(2025) Pause Young (Allocation Failure) 39M->7M(374M) 0.978ms
[309.910s][info][gc,cpu         ] GC(2025) User=0.00s Sys=0.00s Real=0.00s
[310.044s][info][gc,start       ] GC(2026) Pause Young (Allocation Failure)
[310.052s][info][gc,heap        ] GC(2026) PSYoungGen: 33536K(33792K)->544K(33792K) Eden: 32768K(32768K)->0K(32768K) From: 768K(1024K)->544K(1024K)
[310.052s][info][gc,heap        ] GC(2026) ParOldGen: 7374K(349696K)->7534K(349696K)
[310.052s][info][gc,metaspace   ] GC(2026) Metaspace: 9968K(10368K)->9968K(10368K) NonClass: 8666K(8896K)->8666K(8896K) Class: 1302K(1472K)->1302K(1472K)
[310.052s][info][gc             ] GC(2026) Pause Young (Allocation Failure) 39M->7M(374M) 8.024ms
[310.052s][info][gc,cpu         ] GC(2026) User=0.00s Sys=0.00s Real=0.02s
[310.184s][info][gc,start       ] GC(2027) Pause Young (Allocation Failure)
[310.185s][info][gc,heap        ] GC(2027) PSYoungGen: 33312K(33792K)->576K(33792K) Eden: 32768K(32768K)->0K(32768K) From: 544K(1024K)->576K(1024K)
[310.185s][info][gc,heap        ] GC(2027) ParOldGen: 7534K(349696K)->7542K(349696K)
[310.185s][info][gc,metaspace   ] GC(2027) Metaspace: 9968K(10368K)->9968K(10368K) NonClass: 8666K(8896K)->8666K(8896K) Class: 1302K(1472K)->1302K(1472K)
[310.185s][info][gc             ] GC(2027) Pause Young (Allocation Failure) 39M->7M(374M) 0.812ms
[310.185s][info][gc,cpu         ] GC(2027) User=0.00s Sys=0.00s Real=0.00s
[310.318s][info][gc,start       ] GC(2028) Pause Young (Allocation Failure)
[310.319s][info][gc,heap        ] GC(2028) PSYoungGen: 33344K(33792K)->576K(33792K) Eden: 32768K(32768K)->0K(32768K) From: 576K(1024K)->576K(1024K)
[310.319s][info][gc,heap        ] GC(2028) ParOldGen: 7542K(349696K)->7542K(349696K)
[310.319s][info][gc,metaspace   ] GC(2028) Metaspace: 9968K(10368K)->9968K(10368K) NonClass: 8666K(8896K)->8666K(8896K) Class: 1302K(1472K)->1302K(1472K)
[310.319s][info][gc             ] GC(2028) Pause Young (Allocation Failure) 39M->7M(374M) 0.857ms
[310.319s][info][gc,cpu         ] GC(2028) User=0.00s Sys=0.00s Real=0.00s
[310.451s][info][gc,start       ] GC(2029) Pause Young (Allocation Failure)
[310.451s][info][gc,heap        ] GC(2029) PSYoungGen: 33344K(33792K)->576K(33792K) Eden: 32768K(32768K)->0K(32768K) From: 576K(1024K)->576K(1024K)
[310.451s][info][gc,heap        ] GC(2029) ParOldGen: 7542K(349696K)->7542K(349696K)
[310.451s][info][gc,metaspace   ] GC(2029) Metaspace: 9968K(10368K)->9968K(10368K) NonClass: 8666K(8896K)->8666K(8896K) Class: 1302K(1472K)->1302K(1472K)
[310.451s][info][gc             ] GC(2029) Pause Young (Allocation Failure) 39M->7M(374M) 0.795ms
[310.451s][info][gc,cpu         ] GC(2029) User=0.00s Sys=0.00s Real=0.00s
[310.584s][info][gc,start       ] GC(2030) Pause Young (Allocation Failure)
[310.585s][info][gc,heap        ] GC(2030) PSYoungGen: 33344K(33792K)->608K(33792K) Eden: 32768K(32768K)->0K(32768K) From: 576K(1024K)->608K(1024K)
[310.585s][info][gc,heap        ] GC(2030) ParOldGen: 7542K(349696K)->7550K(349696K)
[310.585s][info][gc,metaspace   ] GC(2030) Metaspace: 9968K(10368K)->9968K(10368K) NonClass: 8666K(8896K)->8666K(8896K) Class: 1302K(1472K)->1302K(1472K)
[310.585s][info][gc             ] GC(2030) Pause Young (Allocation Failure) 39M->7M(374M) 0.861ms
[310.585s][info][gc,cpu         ] GC(2030) User=0.00s Sys=0.00s Real=0.00s
[310.647s][info][gc,start       ] GC(2031) Pause Young (System.gc())
[310.647s][info][gc,heap        ] GC(2031) PSYoungGen: 14831K(33792K)->608K(33792K) Eden: 14223K(32768K)->0K(32768K) From: 608K(1024K)->608K(1024K)
[310.647s][info][gc,heap        ] GC(2031) ParOldGen: 7550K(349696K)->7622K(349696K)
[310.647s][info][gc,metaspace   ] GC(2031) Metaspace: 9968K(10368K)->9968K(10368K) NonClass: 8666K(8896K)->8666K(8896K) Class: 1302K(1472K)->1302K(1472K)
[310.647s][info][gc             ] GC(2031) Pause Young (System.gc()) 21M->8M(374M) 0.793ms
[310.647s][info][gc,cpu         ] GC(2031) User=0.00s Sys=0.00s Real=0.00s
[310.648s][info][gc,start       ] GC(2032) Pause Full (System.gc())
[310.648s][info][gc,phases,start] GC(2032) Marking Phase
[310.662s][info][gc,phases      ] GC(2032) Marking Phase 14.104ms
[310.662s][info][gc,phases,start] GC(2032) Summary Phase
[310.662s][info][gc,phases      ] GC(2032) Summary Phase 0.032ms
[310.662s][info][gc,phases,start] GC(2032) Adjust Roots
[310.666s][info][gc,phases      ] GC(2032) Adjust Roots 4.326ms
[310.666s][info][gc,phases,start] GC(2032) Compaction Phase
[310.669s][info][gc,phases      ] GC(2032) Compaction Phase 2.975ms
[310.669s][info][gc,phases,start] GC(2032) Post Compact
[310.670s][info][gc,phases      ] GC(2032) Post Compact 0.282ms
[310.670s][info][gc,heap        ] GC(2032) PSYoungGen: 608K(33792K)->0K(33792K) Eden: 0K(32768K)->0K(32768K) From: 608K(1024K)->0K(1024K)
[310.670s][info][gc,heap        ] GC(2032) ParOldGen: 7622K(349696K)->4078K(349696K)
[310.670s][info][gc,metaspace   ] GC(2032) Metaspace: 9968K(10368K)->9968K(10368K) NonClass: 8666K(8896K)->8666K(8896K) Class: 1302K(1472K)->1302K(1472K)
[310.670s][info][gc             ] GC(2032) Pause Full (System.gc()) 8M->3M(374M) 22.059ms
[310.670s][info][gc,cpu         ] GC(2032) User=0.16s Sys=0.00s Real=0.03s
[310.807s][info][gc,start       ] GC(2033) Pause Young (Allocation Failure)
[310.808s][info][gc,heap        ] GC(2033) PSYoungGen: 32768K(33792K)->1024K(33792K) Eden: 32768K(32768K)->0K(32768K) From: 0K(1024K)->1024K(1024K)
[310.808s][info][gc,heap        ] GC(2033) ParOldGen: 4078K(349696K)->4094K(349696K)
[310.808s][info][gc,metaspace   ] GC(2033) Metaspace: 9968K(10368K)->9968K(10368K) NonClass: 8666K(8896K)->8666K(8896K) Class: 1302K(1472K)->1302K(1472K)
[310.808s][info][gc             ] GC(2033) Pause Young (Allocation Failure) 35M->4M(374M) 1.101ms
[310.808s][info][gc,cpu         ] GC(2033) User=0.00s Sys=0.00s Real=0.00s
[310.943s][info][gc,start       ] GC(2034) Pause Young (Allocation Failure)
[310.944s][info][gc,heap        ] GC(2034) PSYoungGen: 33792K(33792K)->1024K(33280K) Eden: 32768K(32768K)->0K(32256K) From: 1024K(1024K)->1024K(1024K)
[310.944s][info][gc,heap        ] GC(2034) ParOldGen: 4094K(349696K)->4382K(349696K)
[310.944s][info][gc,metaspace   ] GC(2034) Metaspace: 9968K(10368K)->9968K(10368K) NonClass: 8666K(8896K)->8666K(8896K) Class: 1302K(1472K)->1302K(1472K)
[310.944s][info][gc             ] GC(2034) Pause Young (Allocation Failure) 36M->5M(374M) 1.324ms
[310.944s][info][gc,cpu         ] GC(2034) User=0.00s Sys=0.00s Real=0.00s
[311.080s][info][gc,start       ] GC(2035) Pause Young (Allocation Failure)
[311.082s][info][gc,heap        ] GC(2035) PSYoungGen: 33280K(33280K)->576K(33792K) Eden: 32256K(32256K)->0K(32256K) From: 1024K(1024K)->576K(1536K)
[311.082s][info][gc,heap        ] GC(2035) ParOldGen: 4382K(349696K)->4966K(349696K)
[311.082s][info][gc,metaspace   ] GC(2035) Metaspace: 9968K(10368K)->9968K(10368K) NonClass: 8666K(8896K)->8666K(8896K) Class: 1302K(1472K)->1302K(1472K)
[311.082s][info][gc             ] GC(2035) Pause Young (Allocation Failure) 36M->5M(374M) 1.559ms
[311.082s][info][gc,cpu         ] GC(2035) User=0.00s Sys=0.00s Real=0.00s
[311.221s][info][gc,start       ] GC(2036) Pause Young (Allocation Failure)
[311.221s][info][gc,heap        ] GC(2036) PSYoungGen: 32832K(33792K)->576K(33792K) Eden: 32256K(32256K)->0K(32256K) From: 576K(1536K)->576K(1536K)
[311.221s][info][gc,heap        ] GC(2036) ParOldGen: 4966K(349696K)->4974K(349696K)
[311.221s][info][gc,metaspace   ] GC(2036) Metaspace: 9968K(10368K)->9968K(10368K) NonClass: 8666K(8896K)->8666K(8896K) Class: 1302K(1472K)->1302K(1472K)
[311.221s][info][gc             ] GC(2036) Pause Young (Allocation Failure) 36M->5M(374M) 0.855ms
[311.221s][info][gc,cpu         ] GC(2036) User=0.00s Sys=0.00s Real=0.00s
[311.350s][info][gc,start       ] GC(2037) Pause Young (Allocation Failure)
[311.351s][info][gc,heap        ] GC(2037) PSYoungGen: 32832K(33792K)->576K(33792K) Eden: 32256K(32256K)->0K(32256K) From: 576K(1536K)->576K(1536K)
[311.351s][info][gc,heap        ] GC(2037) ParOldGen: 4974K(349696K)->4974K(349696K)
[311.351s][info][gc,metaspace   ] GC(2037) Metaspace: 9968K(10368K)->9968K(10368K) NonClass: 8666K(8896K)->8666K(8896K) Class: 1302K(1472K)->1302K(1472K)
[311.351s][info][gc             ] GC(2037) Pause Young (Allocation Failure) 36M->5M(374M) 0.945ms
[311.351s][info][gc,cpu         ] GC(2037) User=0.02s Sys=0.00s Real=0.01s
[311.485s][info][gc,start       ] GC(2038) Pause Young (Allocation Failure)
[311.486s][info][gc,heap        ] GC(2038) PSYoungGen: 32832K(33792K)->576K(33792K) Eden: 32256K(32256K)->0K(32256K) From: 576K(1536K)->576K(1536K)
[311.486s][info][gc,heap        ] GC(2038) ParOldGen: 4974K(349696K)->5006K(349696K)
[311.486s][info][gc,metaspace   ] GC(2038) Metaspace: 9968K(10368K)->9968K(10368K) NonClass: 8666K(8896K)->8666K(8896K) Class: 1302K(1472K)->1302K(1472K)
[311.486s][info][gc             ] GC(2038) Pause Young (Allocation Failure) 36M->5M(374M) 0.918ms
[311.486s][info][gc,cpu         ] GC(2038) User=0.00s Sys=0.00s Real=0.00s
[311.615s][info][gc,start       ] GC(2039) Pause Young (Allocation Failure)
[311.616s][info][gc,heap        ] GC(2039) PSYoungGen: 32832K(33792K)->608K(33280K) Eden: 32256K(32256K)->0K(32256K) From: 576K(1536K)->608K(1024K)
[311.616s][info][gc,heap        ] GC(2039) ParOldGen: 5006K(349696K)->5006K(349696K)
[311.616s][info][gc,metaspace   ] GC(2039) Metaspace: 9968K(10368K)->9968K(10368K) NonClass: 8666K(8896K)->8666K(8896K) Class: 1302K(1472K)->1302K(1472K)
[311.616s][info][gc             ] GC(2039) Pause Young (Allocation Failure) 36M->5M(374M) 1.012ms
[311.616s][info][gc,cpu         ] GC(2039) User=0.00s Sys=0.00s Real=0.00s
[311.750s][info][gc,start       ] GC(2040) Pause Young (Allocation Failure)
[311.750s][info][gc,heap        ] GC(2040) PSYoungGen: 32864K(33280K)->640K(33280K) Eden: 32256K(32256K)->0K(32256K) From: 608K(1024K)->640K(1024K)
[311.750s][info][gc,heap        ] GC(2040) ParOldGen: 5006K(349696K)->5046K(349696K)
[311.750s][info][gc,metaspace   ] GC(2040) Metaspace: 9968K(10368K)->9968K(10368K) NonClass: 8666K(8896K)->8666K(8896K) Class: 1302K(1472K)->1302K(1472K)
[311.750s][info][gc             ] GC(2040) Pause Young (Allocation Failure) 36M->5M(374M) 0.921ms
[311.750s][info][gc,cpu         ] GC(2040) User=0.00s Sys=0.00s Real=0.00s
[311.873s][info][gc,start       ] GC(2041) Pause Young (Allocation Failure)
[311.874s][info][gc,heap        ] GC(2041) PSYoungGen: 32896K(33280K)->544K(33280K) Eden: 32256K(32256K)->0K(32256K) From: 640K(1024K)->544K(1024K)
[311.874s][info][gc,heap        ] GC(2041) ParOldGen: 5046K(349696K)->5254K(349696K)
[311.874s][info][gc,metaspace   ] GC(2041) Metaspace: 9968K(10368K)->9968K(10368K) NonClass: 8666K(8896K)->8666K(8896K) Class: 1302K(1472K)->1302K(1472K)
[311.874s][info][gc             ] GC(2041) Pause Young (Allocation Failure) 37M->5M(374M) 1.008ms
[311.874s][info][gc,cpu         ] GC(2041) User=0.00s Sys=0.00s Real=0.00s
[312.008s][info][gc,start       ] GC(2042) Pause Young (Allocation Failure)
[312.009s][info][gc,heap        ] GC(2042) PSYoungGen: 32800K(33280K)->512K(33280K) Eden: 32256K(32256K)->0K(32256K) From: 544K(1024K)->512K(1024K)
[312.009s][info][gc,heap        ] GC(2042) ParOldGen: 5254K(349696K)->5254K(349696K)
[312.009s][info][gc,metaspace   ] GC(2042) Metaspace: 9968K(10368K)->9968K(10368K) NonClass: 8666K(8896K)->8666K(8896K) Class: 1302K(1472K)->1302K(1472K)
[312.009s][info][gc             ] GC(2042) Pause Young (Allocation Failure) 37M->5M(374M) 0.829ms
[312.009s][info][gc,cpu         ] GC(2042) User=0.00s Sys=0.00s Real=0.00s
[312.140s][info][gc,start       ] GC(2043) Pause Young (Allocation Failure)
[312.141s][info][gc,heap        ] GC(2043) PSYoungGen: 32768K(33280K)->800K(33280K) Eden: 32256K(32256K)->0K(32256K) From: 512K(1024K)->800K(1024K)
[312.141s][info][gc,heap        ] GC(2043) ParOldGen: 5254K(349696K)->5286K(349696K)
[312.141s][info][gc,metaspace   ] GC(2043) Metaspace: 9968K(10368K)->9968K(10368K) NonClass: 8666K(8896K)->8666K(8896K) Class: 1302K(1472K)->1302K(1472K)
[312.141s][info][gc             ] GC(2043) Pause Young (Allocation Failure) 37M->5M(374M) 1.010ms
[312.141s][info][gc,cpu         ] GC(2043) User=0.00s Sys=0.00s Real=0.00s
[312.274s][info][gc,start       ] GC(2044) Pause Young (Allocation Failure)
[312.275s][info][gc,heap        ] GC(2044) PSYoungGen: 33056K(33280K)->544K(33280K) Eden: 32256K(32256K)->0K(32256K) From: 800K(1024K)->544K(1024K)
[312.275s][info][gc,heap        ] GC(2044) ParOldGen: 5286K(349696K)->5518K(349696K)
[312.275s][info][gc,metaspace   ] GC(2044) Metaspace: 9968K(10368K)->9968K(10368K) NonClass: 8666K(8896K)->8666K(8896K) Class: 1302K(1472K)->1302K(1472K)
[312.275s][info][gc             ] GC(2044) Pause Young (Allocation Failure) 37M->5M(374M) 1.020ms
[312.275s][info][gc,cpu         ] GC(2044) User=0.00s Sys=0.00s Real=0.00s
[312.407s][info][gc,start       ] GC(2045) Pause Young (Allocation Failure)
[312.408s][info][gc,heap        ] GC(2045) PSYoungGen: 32800K(33280K)->768K(33280K) Eden: 32256K(32256K)->0K(32256K) From: 544K(1024K)->768K(1024K)
[312.408s][info][gc,heap        ] GC(2045) ParOldGen: 5518K(349696K)->5526K(349696K)
[312.408s][info][gc,metaspace   ] GC(2045) Metaspace: 9968K(10368K)->9968K(10368K) NonClass: 8666K(8896K)->8666K(8896K) Class: 1302K(1472K)->1302K(1472K)
[312.408s][info][gc             ] GC(2045) Pause Young (Allocation Failure) 37M->6M(374M) 1.006ms
[312.408s][info][gc,cpu         ] GC(2045) User=0.00s Sys=0.00s Real=0.00s
[312.537s][info][gc,start       ] GC(2046) Pause Young (Allocation Failure)
[312.538s][info][gc,heap        ] GC(2046) PSYoungGen: 33024K(33280K)->576K(33280K) Eden: 32256K(32256K)->0K(32256K) From: 768K(1024K)->576K(1024K)
[312.538s][info][gc,heap        ] GC(2046) ParOldGen: 5526K(349696K)->5750K(349696K)
[312.538s][info][gc,metaspace   ] GC(2046) Metaspace: 9968K(10368K)->9968K(10368K) NonClass: 8666K(8896K)->8666K(8896K) Class: 1302K(1472K)->1302K(1472K)
[312.538s][info][gc             ] GC(2046) Pause Young (Allocation Failure) 37M->6M(374M) 1.106ms
[312.538s][info][gc,cpu         ] GC(2046) User=0.00s Sys=0.00s Real=0.00s
[312.667s][info][gc,start       ] GC(2047) Pause Young (Allocation Failure)
[312.668s][info][gc,heap        ] GC(2047) PSYoungGen: 32832K(33280K)->672K(33280K) Eden: 32256K(32256K)->0K(32256K) From: 576K(1024K)->672K(1024K)
[312.668s][info][gc,heap        ] GC(2047) ParOldGen: 5750K(349696K)->5750K(349696K)
[312.668s][info][gc,metaspace   ] GC(2047) Metaspace: 9968K(10368K)->9968K(10368K) NonClass: 8666K(8896K)->8666K(8896K) Class: 1302K(1472K)->1302K(1472K)
[312.668s][info][gc             ] GC(2047) Pause Young (Allocation Failure) 37M->6M(374M) 0.939ms
[312.668s][info][gc,cpu         ] GC(2047) User=0.00s Sys=0.00s Real=0.00s
[312.793s][info][gc,start       ] GC(2048) Pause Young (Allocation Failure)
[312.794s][info][gc,heap        ] GC(2048) PSYoungGen: 32928K(33280K)->512K(33280K) Eden: 32256K(32256K)->0K(32256K) From: 672K(1024K)->512K(1024K)
[312.794s][info][gc,heap        ] GC(2048) ParOldGen: 5750K(349696K)->5750K(349696K)
[312.794s][info][gc,metaspace   ] GC(2048) Metaspace: 9968K(10368K)->9968K(10368K) NonClass: 8666K(8896K)->8666K(8896K) Class: 1302K(1472K)->1302K(1472K)
[312.794s][info][gc             ] GC(2048) Pause Young (Allocation Failure) 37M->6M(374M) 0.870ms
[312.794s][info][gc,cpu         ] GC(2048) User=0.00s Sys=0.00s Real=0.00s
[312.924s][info][gc,start       ] GC(2049) Pause Young (Allocation Failure)
[312.925s][info][gc,heap        ] GC(2049) PSYoungGen: 32768K(33280K)->832K(33280K) Eden: 32256K(32256K)->0K(32256K) From: 512K(1024K)->832K(1024K)
[312.925s][info][gc,heap        ] GC(2049) ParOldGen: 5750K(349696K)->5758K(349696K)
[312.925s][info][gc,metaspace   ] GC(2049) Metaspace: 9968K(10368K)->9968K(10368K) NonClass: 8666K(8896K)->8666K(8896K) Class: 1302K(1472K)->1302K(1472K)
[312.925s][info][gc             ] GC(2049) Pause Young (Allocation Failure) 37M->6M(374M) 1.020ms
[312.925s][info][gc,cpu         ] GC(2049) User=0.00s Sys=0.00s Real=0.00s
[313.058s][info][gc,start       ] GC(2050) Pause Young (Allocation Failure)
[313.059s][info][gc,heap        ] GC(2050) PSYoungGen: 33088K(33280K)->640K(33280K) Eden: 32256K(32256K)->0K(32256K) From: 832K(1024K)->640K(1024K)
[313.059s][info][gc,heap        ] GC(2050) ParOldGen: 5758K(349696K)->5990K(349696K)
[313.059s][info][gc,metaspace   ] GC(2050) Metaspace: 9968K(10368K)->9968K(10368K) NonClass: 8666K(8896K)->8666K(8896K) Class: 1302K(1472K)->1302K(1472K)
[313.059s][info][gc             ] GC(2050) Pause Young (Allocation Failure) 37M->6M(374M) 1.068ms
[313.059s][info][gc,cpu         ] GC(2050) User=0.00s Sys=0.00s Real=0.00s
[313.184s][info][gc,start       ] GC(2051) Pause Young (Allocation Failure)
[313.185s][info][gc,heap        ] GC(2051) PSYoungGen: 32896K(33280K)->608K(33280K) Eden: 32256K(32256K)->0K(32256K) From: 640K(1024K)->608K(1024K)
[313.185s][info][gc,heap        ] GC(2051) ParOldGen: 5990K(349696K)->5990K(349696K)
[313.185s][info][gc,metaspace   ] GC(2051) Metaspace: 9968K(10368K)->9968K(10368K) NonClass: 8666K(8896K)->8666K(8896K) Class: 1302K(1472K)->1302K(1472K)
[313.185s][info][gc             ] GC(2051) Pause Young (Allocation Failure) 37M->6M(374M) 0.917ms
[313.185s][info][gc,cpu         ] GC(2051) User=0.00s Sys=0.00s Real=0.00s
[313.310s][info][gc,start       ] GC(2052) Pause Young (Allocation Failure)
[313.311s][info][gc,heap        ] GC(2052) PSYoungGen: 32864K(33280K)->512K(33280K) Eden: 32256K(32256K)->0K(32256K) From: 608K(1024K)->512K(1024K)
[313.311s][info][gc,heap        ] GC(2052) ParOldGen: 5990K(349696K)->5990K(349696K)
[313.311s][info][gc,metaspace   ] GC(2052) Metaspace: 9968K(10368K)->9968K(10368K) NonClass: 8666K(8896K)->8666K(8896K) Class: 1302K(1472K)->1302K(1472K)
[313.311s][info][gc             ] GC(2052) Pause Young (Allocation Failure) 37M->6M(374M) 0.867ms
[313.311s][info][gc,cpu         ] GC(2052) User=0.00s Sys=0.00s Real=0.00s
[313.448s][info][gc,start       ] GC(2053) Pause Young (Allocation Failure)
[313.449s][info][gc,heap        ] GC(2053) PSYoungGen: 32768K(33280K)->640K(33280K) Eden: 32256K(32256K)->0K(32256K) From: 512K(1024K)->640K(1024K)
[313.449s][info][gc,heap        ] GC(2053) ParOldGen: 5990K(349696K)->5990K(349696K)
[313.449s][info][gc,metaspace   ] GC(2053) Metaspace: 9968K(10368K)->9968K(10368K) NonClass: 8666K(8896K)->8666K(8896K) Class: 1302K(1472K)->1302K(1472K)
[313.449s][info][gc             ] GC(2053) Pause Young (Allocation Failure) 37M->6M(374M) 0.913ms
[313.449s][info][gc,cpu         ] GC(2053) User=0.00s Sys=0.00s Real=0.00s
[313.577s][info][gc,start       ] GC(2054) Pause Young (Allocation Failure)
[313.578s][info][gc,heap        ] GC(2054) PSYoungGen: 32896K(33280K)->544K(33280K) Eden: 32256K(32256K)->0K(32256K) From: 640K(1024K)->544K(1024K)
[313.578s][info][gc,heap        ] GC(2054) ParOldGen: 5990K(349696K)->5990K(349696K)
[313.578s][info][gc,metaspace   ] GC(2054) Metaspace: 9968K(10368K)->9968K(10368K) NonClass: 8666K(8896K)->8666K(8896K) Class: 1302K(1472K)->1302K(1472K)
[313.578s][info][gc             ] GC(2054) Pause Young (Allocation Failure) 37M->6M(374M) 0.896ms
[313.578s][info][gc,cpu         ] GC(2054) User=0.00s Sys=0.00s Real=0.00s
[313.721s][info][gc,start       ] GC(2055) Pause Young (Allocation Failure)
[313.722s][info][gc,heap        ] GC(2055) PSYoungGen: 32800K(33280K)->640K(33280K) Eden: 32256K(32256K)->0K(32256K) From: 544K(1024K)->640K(1024K)
[313.722s][info][gc,heap        ] GC(2055) ParOldGen: 5990K(349696K)->5990K(349696K)
[313.722s][info][gc,metaspace   ] GC(2055) Metaspace: 9968K(10368K)->9968K(10368K) NonClass: 8666K(8896K)->8666K(8896K) Class: 1302K(1472K)->1302K(1472K)
[313.722s][info][gc             ] GC(2055) Pause Young (Allocation Failure) 37M->6M(374M) 0.945ms
[313.722s][info][gc,cpu         ] GC(2055) User=0.00s Sys=0.00s Real=0.00s
[313.849s][info][gc,start       ] GC(2056) Pause Young (Allocation Failure)
[313.850s][info][gc,heap        ] GC(2056) PSYoungGen: 32896K(33280K)->576K(33280K) Eden: 32256K(32256K)->0K(32256K) From: 640K(1024K)->576K(1024K)
[313.850s][info][gc,heap        ] GC(2056) ParOldGen: 5990K(349696K)->5998K(349696K)
[313.850s][info][gc,metaspace   ] GC(2056) Metaspace: 9968K(10368K)->9968K(10368K) NonClass: 8666K(8896K)->8666K(8896K) Class: 1302K(1472K)->1302K(1472K)
[313.850s][info][gc             ] GC(2056) Pause Young (Allocation Failure) 37M->6M(374M) 0.753ms
[313.850s][info][gc,cpu         ] GC(2056) User=0.00s Sys=0.00s Real=0.00s
[313.977s][info][gc,start       ] GC(2057) Pause Young (Allocation Failure)
[313.978s][info][gc,heap        ] GC(2057) PSYoungGen: 32831K(33280K)->640K(33280K) Eden: 32255K(32256K)->0K(32256K) From: 576K(1024K)->640K(1024K)
[313.978s][info][gc,heap        ] GC(2057) ParOldGen: 5998K(349696K)->5998K(349696K)
[313.978s][info][gc,metaspace   ] GC(2057) Metaspace: 9968K(10368K)->9968K(10368K) NonClass: 8666K(8896K)->8666K(8896K) Class: 1302K(1472K)->1302K(1472K)
[313.978s][info][gc             ] GC(2057) Pause Young (Allocation Failure) 37M->6M(374M) 0.938ms
[313.978s][info][gc,cpu         ] GC(2057) User=0.00s Sys=0.00s Real=0.00s
[314.108s][info][gc,start       ] GC(2058) Pause Young (Allocation Failure)
[314.108s][info][gc,heap        ] GC(2058) PSYoungGen: 32896K(33280K)->512K(33280K) Eden: 32256K(32256K)->0K(32256K) From: 640K(1024K)->512K(1024K)
[314.108s][info][gc,heap        ] GC(2058) ParOldGen: 5998K(349696K)->5998K(349696K)
[314.108s][info][gc,metaspace   ] GC(2058) Metaspace: 9968K(10368K)->9968K(10368K) NonClass: 8666K(8896K)->8666K(8896K) Class: 1302K(1472K)->1302K(1472K)
[314.108s][info][gc             ] GC(2058) Pause Young (Allocation Failure) 37M->6M(374M) 0.839ms
[314.108s][info][gc,cpu         ] GC(2058) User=0.00s Sys=0.00s Real=0.00s
[314.237s][info][gc,start       ] GC(2059) Pause Young (Allocation Failure)
[314.237s][info][gc,heap        ] GC(2059) PSYoungGen: 32767K(33280K)->544K(33280K) Eden: 32255K(32256K)->0K(32256K) From: 512K(1024K)->544K(1024K)
[314.237s][info][gc,heap        ] GC(2059) ParOldGen: 5998K(349696K)->5998K(349696K)
[314.237s][info][gc,metaspace   ] GC(2059) Metaspace: 9968K(10368K)->9968K(10368K) NonClass: 8666K(8896K)->8666K(8896K) Class: 1302K(1472K)->1302K(1472K)
[314.238s][info][gc             ] GC(2059) Pause Young (Allocation Failure) 37M->6M(374M) 0.888ms
[314.238s][info][gc,cpu         ] GC(2059) User=0.00s Sys=0.00s Real=0.00s
[314.366s][info][gc,start       ] GC(2060) Pause Young (Allocation Failure)
[314.367s][info][gc,heap        ] GC(2060) PSYoungGen: 32800K(33280K)->512K(33280K) Eden: 32256K(32256K)->0K(32256K) From: 544K(1024K)->512K(1024K)
[314.367s][info][gc,heap        ] GC(2060) ParOldGen: 5998K(349696K)->5998K(349696K)
[314.367s][info][gc,metaspace   ] GC(2060) Metaspace: 9968K(10368K)->9968K(10368K) NonClass: 8666K(8896K)->8666K(8896K) Class: 1302K(1472K)->1302K(1472K)
[314.367s][info][gc             ] GC(2060) Pause Young (Allocation Failure) 37M->6M(374M) 0.862ms
[314.367s][info][gc,cpu         ] GC(2060) User=0.00s Sys=0.00s Real=0.00s
[314.496s][info][gc,start       ] GC(2061) Pause Young (Allocation Failure)
[314.497s][info][gc,heap        ] GC(2061) PSYoungGen: 32768K(33280K)->736K(33280K) Eden: 32256K(32256K)->0K(32256K) From: 512K(1024K)->736K(1024K)
[314.497s][info][gc,heap        ] GC(2061) ParOldGen: 5998K(349696K)->6054K(349696K)
[314.497s][info][gc,metaspace   ] GC(2061) Metaspace: 9968K(10368K)->9968K(10368K) NonClass: 8666K(8896K)->8666K(8896K) Class: 1302K(1472K)->1302K(1472K)
[314.498s][info][gc             ] GC(2061) Pause Young (Allocation Failure) 37M->6M(374M) 1.037ms
[314.498s][info][gc,cpu         ] GC(2061) User=0.00s Sys=0.02s Real=0.02s
[314.632s][info][gc,start       ] GC(2062) Pause Young (Allocation Failure)
[314.633s][info][gc,heap        ] GC(2062) PSYoungGen: 32992K(33280K)->544K(33280K) Eden: 32256K(32256K)->0K(32256K) From: 736K(1024K)->544K(1024K)
[314.633s][info][gc,heap        ] GC(2062) ParOldGen: 6054K(349696K)->6278K(349696K)
[314.633s][info][gc,metaspace   ] GC(2062) Metaspace: 9968K(10368K)->9968K(10368K) NonClass: 8666K(8896K)->8666K(8896K) Class: 1302K(1472K)->1302K(1472K)
[314.633s][info][gc             ] GC(2062) Pause Young (Allocation Failure) 38M->6M(374M) 0.972ms
[314.633s][info][gc,cpu         ] GC(2062) User=0.00s Sys=0.00s Real=0.00s
[314.759s][info][gc,start       ] GC(2063) Pause Young (Allocation Failure)
[314.760s][info][gc,heap        ] GC(2063) PSYoungGen: 32800K(33280K)->576K(33280K) Eden: 32256K(32256K)->0K(32256K) From: 544K(1024K)->576K(1024K)
[314.760s][info][gc,heap        ] GC(2063) ParOldGen: 6278K(349696K)->6278K(349696K)
[314.760s][info][gc,metaspace   ] GC(2063) Metaspace: 9968K(10368K)->9968K(10368K) NonClass: 8666K(8896K)->8666K(8896K) Class: 1302K(1472K)->1302K(1472K)
[314.760s][info][gc             ] GC(2063) Pause Young (Allocation Failure) 38M->6M(374M) 0.876ms
[314.760s][info][gc,cpu         ] GC(2063) User=0.00s Sys=0.00s Real=0.00s
[314.892s][info][gc,start       ] GC(2064) Pause Young (Allocation Failure)
[314.893s][info][gc,heap        ] GC(2064) PSYoungGen: 32832K(33280K)->544K(33280K) Eden: 32256K(32256K)->0K(32256K) From: 576K(1024K)->544K(1024K)
[314.893s][info][gc,heap        ] GC(2064) ParOldGen: 6278K(349696K)->6278K(349696K)
[314.893s][info][gc,metaspace   ] GC(2064) Metaspace: 9968K(10368K)->9968K(10368K) NonClass: 8666K(8896K)->8666K(8896K) Class: 1302K(1472K)->1302K(1472K)
[314.893s][info][gc             ] GC(2064) Pause Young (Allocation Failure) 38M->6M(374M) 0.889ms
[314.893s][info][gc,cpu         ] GC(2064) User=0.00s Sys=0.00s Real=0.00s
[315.026s][info][gc,start       ] GC(2065) Pause Young (Allocation Failure)
[315.027s][info][gc,heap        ] GC(2065) PSYoungGen: 32800K(33280K)->640K(33280K) Eden: 32256K(32256K)->0K(32256K) From: 544K(1024K)->640K(1024K)
[315.027s][info][gc,heap        ] GC(2065) ParOldGen: 6278K(349696K)->6278K(349696K)
[315.027s][info][gc,metaspace   ] GC(2065) Metaspace: 9968K(10368K)->9968K(10368K) NonClass: 8666K(8896K)->8666K(8896K) Class: 1302K(1472K)->1302K(1472K)
[315.027s][info][gc             ] GC(2065) Pause Young (Allocation Failure) 38M->6M(374M) 0.933ms
[315.027s][info][gc,cpu         ] GC(2065) User=0.00s Sys=0.00s Real=0.00s
[315.162s][info][gc,start       ] GC(2066) Pause Young (Allocation Failure)
[315.163s][info][gc,heap        ] GC(2066) PSYoungGen: 32896K(33280K)->544K(33280K) Eden: 32256K(32256K)->0K(32256K) From: 640K(1024K)->544K(1024K)
[315.163s][info][gc,heap        ] GC(2066) ParOldGen: 6278K(349696K)->6278K(349696K)
[315.163s][info][gc,metaspace   ] GC(2066) Metaspace: 9968K(10368K)->9968K(10368K) NonClass: 8666K(8896K)->8666K(8896K) Class: 1302K(1472K)->1302K(1472K)
[315.163s][info][gc             ] GC(2066) Pause Young (Allocation Failure) 38M->6M(374M) 0.972ms
[315.163s][info][gc,cpu         ] GC(2066) User=0.00s Sys=0.00s Real=0.00s
[315.293s][info][gc,start       ] GC(2067) Pause Young (Allocation Failure)
[315.294s][info][gc,heap        ] GC(2067) PSYoungGen: 32800K(33280K)->544K(33280K) Eden: 32256K(32256K)->0K(32256K) From: 544K(1024K)->544K(1024K)
[315.294s][info][gc,heap        ] GC(2067) ParOldGen: 6278K(349696K)->6286K(349696K)
[315.294s][info][gc,metaspace   ] GC(2067) Metaspace: 9968K(10368K)->9968K(10368K) NonClass: 8666K(8896K)->8666K(8896K) Class: 1302K(1472K)->1302K(1472K)
[315.294s][info][gc             ] GC(2067) Pause Young (Allocation Failure) 38M->6M(374M) 0.878ms
[315.294s][info][gc,cpu         ] GC(2067) User=0.00s Sys=0.00s Real=0.00s
[315.429s][info][gc,start       ] GC(2068) Pause Young (Allocation Failure)
[315.429s][info][gc,heap        ] GC(2068) PSYoungGen: 32800K(33280K)->544K(33280K) Eden: 32256K(32256K)->0K(32256K) From: 544K(1024K)->544K(1024K)
[315.429s][info][gc,heap        ] GC(2068) ParOldGen: 6286K(349696K)->6286K(349696K)
[315.429s][info][gc,metaspace   ] GC(2068) Metaspace: 9968K(10368K)->9968K(10368K) NonClass: 8666K(8896K)->8666K(8896K) Class: 1302K(1472K)->1302K(1472K)
[315.430s][info][gc             ] GC(2068) Pause Young (Allocation Failure) 38M->6M(374M) 0.857ms
[315.430s][info][gc,cpu         ] GC(2068) User=0.00s Sys=0.00s Real=0.00s
[315.563s][info][gc,start       ] GC(2069) Pause Young (Allocation Failure)
[315.563s][info][gc,heap        ] GC(2069) PSYoungGen: 32800K(33280K)->576K(33280K) Eden: 32256K(32256K)->0K(32256K) From: 544K(1024K)->576K(1024K)
[315.563s][info][gc,heap        ] GC(2069) ParOldGen: 6286K(349696K)->6294K(349696K)
[315.563s][info][gc,metaspace   ] GC(2069) Metaspace: 9968K(10368K)->9968K(10368K) NonClass: 8666K(8896K)->8666K(8896K) Class: 1302K(1472K)->1302K(1472K)
[315.563s][info][gc             ] GC(2069) Pause Young (Allocation Failure) 38M->6M(374M) 0.898ms
[315.564s][info][gc,cpu         ] GC(2069) User=0.00s Sys=0.00s Real=0.00s
[315.697s][info][gc,start       ] GC(2070) Pause Young (Allocation Failure)
[315.698s][info][gc,heap        ] GC(2070) PSYoungGen: 32832K(33280K)->640K(33280K) Eden: 32256K(32256K)->0K(32256K) From: 576K(1024K)->640K(1024K)
[315.698s][info][gc,heap        ] GC(2070) ParOldGen: 6294K(349696K)->6294K(349696K)
[315.698s][info][gc,metaspace   ] GC(2070) Metaspace: 9968K(10368K)->9968K(10368K) NonClass: 8666K(8896K)->8666K(8896K) Class: 1302K(1472K)->1302K(1472K)
[315.698s][info][gc             ] GC(2070) Pause Young (Allocation Failure) 38M->6M(374M) 0.927ms
[315.698s][info][gc,cpu         ] GC(2070) User=0.00s Sys=0.00s Real=0.00s
[315.837s][info][gc,start       ] GC(2071) Pause Young (Allocation Failure)
[315.837s][info][gc,heap        ] GC(2071) PSYoungGen: 32896K(33280K)->512K(33280K) Eden: 32256K(32256K)->0K(32256K) From: 640K(1024K)->512K(1024K)
[315.838s][info][gc,heap        ] GC(2071) ParOldGen: 6294K(349696K)->6294K(349696K)
[315.838s][info][gc,metaspace   ] GC(2071) Metaspace: 9968K(10368K)->9968K(10368K) NonClass: 8666K(8896K)->8666K(8896K) Class: 1302K(1472K)->1302K(1472K)
[315.838s][info][gc             ] GC(2071) Pause Young (Allocation Failure) 38M->6M(374M) 0.857ms
[315.838s][info][gc,cpu         ] GC(2071) User=0.00s Sys=0.00s Real=0.00s
[315.966s][info][gc,start       ] GC(2072) Pause Young (Allocation Failure)
[315.967s][info][gc,heap        ] GC(2072) PSYoungGen: 32768K(33280K)->544K(33280K) Eden: 32256K(32256K)->0K(32256K) From: 512K(1024K)->544K(1024K)
[315.967s][info][gc,heap        ] GC(2072) ParOldGen: 6294K(349696K)->6294K(349696K)
[315.967s][info][gc,metaspace   ] GC(2072) Metaspace: 9968K(10368K)->9968K(10368K) NonClass: 8666K(8896K)->8666K(8896K) Class: 1302K(1472K)->1302K(1472K)
[315.967s][info][gc             ] GC(2072) Pause Young (Allocation Failure) 38M->6M(374M) 0.865ms
[315.967s][info][gc,cpu         ] GC(2072) User=0.00s Sys=0.00s Real=0.00s
[316.096s][info][gc,start       ] GC(2073) Pause Young (Allocation Failure)
[316.097s][info][gc,heap        ] GC(2073) PSYoungGen: 32800K(33280K)->512K(33280K) Eden: 32256K(32256K)->0K(32256K) From: 544K(1024K)->512K(1024K)
[316.097s][info][gc,heap        ] GC(2073) ParOldGen: 6294K(349696K)->6294K(349696K)
[316.097s][info][gc,metaspace   ] GC(2073) Metaspace: 9968K(10368K)->9968K(10368K) NonClass: 8666K(8896K)->8666K(8896K) Class: 1302K(1472K)->1302K(1472K)
[316.097s][info][gc             ] GC(2073) Pause Young (Allocation Failure) 38M->6M(374M) 0.965ms
[316.097s][info][gc,cpu         ] GC(2073) User=0.00s Sys=0.00s Real=0.00s
[316.224s][info][gc,start       ] GC(2074) Pause Young (Allocation Failure)
[316.225s][info][gc,heap        ] GC(2074) PSYoungGen: 32768K(33280K)->672K(33280K) Eden: 32256K(32256K)->0K(32256K) From: 512K(1024K)->672K(1024K)
[316.225s][info][gc,heap        ] GC(2074) ParOldGen: 6294K(349696K)->6294K(349696K)
[316.225s][info][gc,metaspace   ] GC(2074) Metaspace: 9968K(10368K)->9968K(10368K) NonClass: 8666K(8896K)->8666K(8896K) Class: 1302K(1472K)->1302K(1472K)
[316.225s][info][gc             ] GC(2074) Pause Young (Allocation Failure) 38M->6M(374M) 0.892ms
[316.225s][info][gc,cpu         ] GC(2074) User=0.00s Sys=0.00s Real=0.00s
[316.353s][info][gc,start       ] GC(2075) Pause Young (Allocation Failure)
[316.354s][info][gc,heap        ] GC(2075) PSYoungGen: 32928K(33280K)->704K(33280K) Eden: 32256K(32256K)->0K(32256K) From: 672K(1024K)->704K(1024K)
[316.354s][info][gc,heap        ] GC(2075) ParOldGen: 6294K(349696K)->6294K(349696K)
[316.354s][info][gc,metaspace   ] GC(2075) Metaspace: 9968K(10368K)->9968K(10368K) NonClass: 8666K(8896K)->8666K(8896K) Class: 1302K(1472K)->1302K(1472K)
[316.354s][info][gc             ] GC(2075) Pause Young (Allocation Failure) 38M->6M(374M) 0.926ms
[316.354s][info][gc,cpu         ] GC(2075) User=0.00s Sys=0.00s Real=0.00s
[316.487s][info][gc,start       ] GC(2076) Pause Young (Allocation Failure)
[316.488s][info][gc,heap        ] GC(2076) PSYoungGen: 32960K(33280K)->608K(33280K) Eden: 32256K(32256K)->0K(32256K) From: 704K(1024K)->608K(1024K)
[316.488s][info][gc,heap        ] GC(2076) ParOldGen: 6294K(349696K)->6294K(349696K)
[316.488s][info][gc,metaspace   ] GC(2076) Metaspace: 9968K(10368K)->9968K(10368K) NonClass: 8666K(8896K)->8666K(8896K) Class: 1302K(1472K)->1302K(1472K)
[316.488s][info][gc             ] GC(2076) Pause Young (Allocation Failure) 38M->6M(374M) 0.925ms
[316.488s][info][gc,cpu         ] GC(2076) User=0.00s Sys=0.02s Real=0.02s
[316.615s][info][gc,start       ] GC(2077) Pause Young (Allocation Failure)
[316.615s][info][gc,heap        ] GC(2077) PSYoungGen: 32864K(33280K)->544K(33280K) Eden: 32256K(32256K)->0K(32256K) From: 608K(1024K)->544K(1024K)
[316.615s][info][gc,heap        ] GC(2077) ParOldGen: 6294K(349696K)->6294K(349696K)
[316.615s][info][gc,metaspace   ] GC(2077) Metaspace: 9968K(10368K)->9968K(10368K) NonClass: 8666K(8896K)->8666K(8896K) Class: 1302K(1472K)->1302K(1472K)
[316.615s][info][gc             ] GC(2077) Pause Young (Allocation Failure) 38M->6M(374M) 0.832ms
[316.615s][info][gc,cpu         ] GC(2077) User=0.00s Sys=0.00s Real=0.00s
[316.740s][info][gc,start       ] GC(2078) Pause Young (Allocation Failure)
[316.741s][info][gc,heap        ] GC(2078) PSYoungGen: 32800K(33280K)->512K(33280K) Eden: 32256K(32256K)->0K(32256K) From: 544K(1024K)->512K(1024K)
[316.741s][info][gc,heap        ] GC(2078) ParOldGen: 6294K(349696K)->6294K(349696K)
[316.741s][info][gc,metaspace   ] GC(2078) Metaspace: 9968K(10368K)->9968K(10368K) NonClass: 8666K(8896K)->8666K(8896K) Class: 1302K(1472K)->1302K(1472K)
[316.741s][info][gc             ] GC(2078) Pause Young (Allocation Failure) 38M->6M(374M) 0.821ms
[316.741s][info][gc,cpu         ] GC(2078) User=0.00s Sys=0.00s Real=0.00s
[316.867s][info][gc,start       ] GC(2079) Pause Young (Allocation Failure)
[316.868s][info][gc,heap        ] GC(2079) PSYoungGen: 32768K(33280K)->544K(33280K) Eden: 32256K(32256K)->0K(32256K) From: 512K(1024K)->544K(1024K)
[316.868s][info][gc,heap        ] GC(2079) ParOldGen: 6294K(349696K)->6302K(349696K)
[316.868s][info][gc,metaspace   ] GC(2079) Metaspace: 9968K(10368K)->9968K(10368K) NonClass: 8666K(8896K)->8666K(8896K) Class: 1302K(1472K)->1302K(1472K)
[316.868s][info][gc             ] GC(2079) Pause Young (Allocation Failure) 38M->6M(374M) 0.853ms
[316.868s][info][gc,cpu         ] GC(2079) User=0.00s Sys=0.00s Real=0.00s
[316.999s][info][gc,start       ] GC(2080) Pause Young (Allocation Failure)
[317.000s][info][gc,heap        ] GC(2080) PSYoungGen: 32800K(33280K)->608K(33280K) Eden: 32256K(32256K)->0K(32256K) From: 544K(1024K)->608K(1024K)
[317.000s][info][gc,heap        ] GC(2080) ParOldGen: 6302K(349696K)->6302K(349696K)
[317.000s][info][gc,metaspace   ] GC(2080) Metaspace: 9968K(10368K)->9968K(10368K) NonClass: 8666K(8896K)->8666K(8896K) Class: 1302K(1472K)->1302K(1472K)
[317.000s][info][gc             ] GC(2080) Pause Young (Allocation Failure) 38M->6M(374M) 0.974ms
[317.000s][info][gc,cpu         ] GC(2080) User=0.00s Sys=0.00s Real=0.00s
[317.132s][info][gc,start       ] GC(2081) Pause Young (Allocation Failure)
[317.133s][info][gc,heap        ] GC(2081) PSYoungGen: 32864K(33280K)->608K(33280K) Eden: 32256K(32256K)->0K(32256K) From: 608K(1024K)->608K(1024K)
[317.133s][info][gc,heap        ] GC(2081) ParOldGen: 6302K(349696K)->6302K(349696K)
[317.133s][info][gc,metaspace   ] GC(2081) Metaspace: 9968K(10368K)->9968K(10368K) NonClass: 8666K(8896K)->8666K(8896K) Class: 1302K(1472K)->1302K(1472K)
[317.133s][info][gc             ] GC(2081) Pause Young (Allocation Failure) 38M->6M(374M) 0.872ms
[317.133s][info][gc,cpu         ] GC(2081) User=0.00s Sys=0.00s Real=0.00s
[317.258s][info][gc,start       ] GC(2082) Pause Young (Allocation Failure)
[317.259s][info][gc,heap        ] GC(2082) PSYoungGen: 32864K(33280K)->608K(33280K) Eden: 32256K(32256K)->0K(32256K) From: 608K(1024K)->608K(1024K)
[317.259s][info][gc,heap        ] GC(2082) ParOldGen: 6302K(349696K)->6302K(349696K)
[317.259s][info][gc,metaspace   ] GC(2082) Metaspace: 9968K(10368K)->9968K(10368K) NonClass: 8666K(8896K)->8666K(8896K) Class: 1302K(1472K)->1302K(1472K)
[317.259s][info][gc             ] GC(2082) Pause Young (Allocation Failure) 38M->6M(374M) 0.857ms
[317.259s][info][gc,cpu         ] GC(2082) User=0.00s Sys=0.00s Real=0.00s
[317.388s][info][gc,start       ] GC(2083) Pause Young (Allocation Failure)
[317.389s][info][gc,heap        ] GC(2083) PSYoungGen: 32863K(33280K)->512K(33280K) Eden: 32255K(32256K)->0K(32256K) From: 608K(1024K)->512K(1024K)
[317.389s][info][gc,heap        ] GC(2083) ParOldGen: 6302K(349696K)->6302K(349696K)
[317.389s][info][gc,metaspace   ] GC(2083) Metaspace: 9968K(10368K)->9968K(10368K) NonClass: 8666K(8896K)->8666K(8896K) Class: 1302K(1472K)->1302K(1472K)
[317.389s][info][gc             ] GC(2083) Pause Young (Allocation Failure) 38M->6M(374M) 0.910ms
[317.389s][info][gc,cpu         ] GC(2083) User=0.00s Sys=0.00s Real=0.00s
[317.404s][info][gc,start       ] GC(2084) Pause Young (System.gc())
[317.405s][info][gc,heap        ] GC(2084) PSYoungGen: 3291K(33280K)->416K(33280K) Eden: 2779K(32256K)->0K(32256K) From: 512K(1024K)->416K(1024K)
[317.405s][info][gc,heap        ] GC(2084) ParOldGen: 6302K(349696K)->6462K(349696K)
[317.405s][info][gc,metaspace   ] GC(2084) Metaspace: 9968K(10368K)->9968K(10368K) NonClass: 8666K(8896K)->8666K(8896K) Class: 1302K(1472K)->1302K(1472K)
[317.405s][info][gc             ] GC(2084) Pause Young (System.gc()) 9M->6M(374M) 0.794ms
[317.405s][info][gc,cpu         ] GC(2084) User=0.00s Sys=0.00s Real=0.00s
[317.405s][info][gc,start       ] GC(2085) Pause Full (System.gc())
[317.405s][info][gc,phases,start] GC(2085) Marking Phase
[317.419s][info][gc,phases      ] GC(2085) Marking Phase 14.646ms
[317.420s][info][gc,phases,start] GC(2085) Summary Phase
[317.420s][info][gc,phases      ] GC(2085) Summary Phase 0.032ms
[317.420s][info][gc,phases,start] GC(2085) Adjust Roots
[317.424s][info][gc,phases      ] GC(2085) Adjust Roots 4.048ms
[317.424s][info][gc,phases,start] GC(2085) Compaction Phase
[317.427s][info][gc,phases      ] GC(2085) Compaction Phase 2.984ms
[317.427s][info][gc,phases,start] GC(2085) Post Compact
[317.427s][info][gc,phases      ] GC(2085) Post Compact 0.271ms
[317.427s][info][gc,heap        ] GC(2085) PSYoungGen: 416K(33280K)->0K(33280K) Eden: 0K(32256K)->0K(32256K) From: 416K(1024K)->0K(1024K)
[317.427s][info][gc,heap        ] GC(2085) ParOldGen: 6462K(349696K)->4078K(349696K)
[317.427s][info][gc,metaspace   ] GC(2085) Metaspace: 9968K(10368K)->9968K(10368K) NonClass: 8666K(8896K)->8666K(8896K) Class: 1302K(1472K)->1302K(1472K)
[317.427s][info][gc             ] GC(2085) Pause Full (System.gc()) 6M->3M(374M) 22.316ms
[317.427s][info][gc,cpu         ] GC(2085) User=0.16s Sys=0.00s Real=0.03s
[317.564s][info][gc,start       ] GC(2086) Pause Young (Allocation Failure)
[317.566s][info][gc,heap        ] GC(2086) PSYoungGen: 32256K(33280K)->1024K(33280K) Eden: 32256K(32256K)->0K(32256K) From: 0K(1024K)->1024K(1024K)
[317.566s][info][gc,heap        ] GC(2086) ParOldGen: 4078K(349696K)->4262K(349696K)
[317.566s][info][gc,metaspace   ] GC(2086) Metaspace: 9968K(10368K)->9968K(10368K) NonClass: 8666K(8896K)->8666K(8896K) Class: 1302K(1472K)->1302K(1472K)
[317.566s][info][gc             ] GC(2086) Pause Young (Allocation Failure) 35M->5M(374M) 1.466ms
[317.566s][info][gc,cpu         ] GC(2086) User=0.00s Sys=0.00s Real=0.00s
[317.699s][info][gc,start       ] GC(2087) Pause Young (Allocation Failure)
[317.700s][info][gc,heap        ] GC(2087) PSYoungGen: 33280K(33280K)->704K(33280K) Eden: 32256K(32256K)->0K(32256K) From: 1024K(1024K)->704K(1024K)
[317.700s][info][gc,heap        ] GC(2087) ParOldGen: 4262K(349696K)->4750K(349696K)
[317.700s][info][gc,metaspace   ] GC(2087) Metaspace: 9968K(10368K)->9968K(10368K) NonClass: 8666K(8896K)->8666K(8896K) Class: 1302K(1472K)->1302K(1472K)
[317.700s][info][gc             ] GC(2087) Pause Young (Allocation Failure) 36M->5M(374M) 1.445ms
[317.700s][info][gc,cpu         ] GC(2087) User=0.00s Sys=0.00s Real=0.00s
[317.828s][info][gc,start       ] GC(2088) Pause Young (Allocation Failure)
[317.829s][info][gc,heap        ] GC(2088) PSYoungGen: 32960K(33280K)->864K(33280K) Eden: 32256K(32256K)->0K(32256K) From: 704K(1024K)->864K(1024K)
[317.829s][info][gc,heap        ] GC(2088) ParOldGen: 4750K(349696K)->5030K(349696K)
[317.829s][info][gc,metaspace   ] GC(2088) Metaspace: 9968K(10368K)->9968K(10368K) NonClass: 8666K(8896K)->8666K(8896K) Class: 1302K(1472K)->1302K(1472K)
[317.829s][info][gc             ] GC(2088) Pause Young (Allocation Failure) 36M->5M(374M) 1.234ms
[317.829s][info][gc,cpu         ] GC(2088) User=0.00s Sys=0.00s Real=0.00s
[317.954s][info][gc,start       ] GC(2089) Pause Young (Allocation Failure)
[317.956s][info][gc,heap        ] GC(2089) PSYoungGen: 33120K(33280K)->1024K(32768K) Eden: 32256K(32256K)->0K(31744K) From: 864K(1024K)->1024K(1024K)
[317.956s][info][gc,heap        ] GC(2089) ParOldGen: 5030K(349696K)->5118K(349696K)
[317.956s][info][gc,metaspace   ] GC(2089) Metaspace: 9968K(10368K)->9968K(10368K) NonClass: 8666K(8896K)->8666K(8896K) Class: 1302K(1472K)->1302K(1472K)
[317.956s][info][gc             ] GC(2089) Pause Young (Allocation Failure) 37M->5M(373M) 1.237ms
[317.956s][info][gc,cpu         ] GC(2089) User=0.00s Sys=0.00s Real=0.00s
[318.083s][info][gc,start       ] GC(2090) Pause Young (Allocation Failure)
[318.084s][info][gc,heap        ] GC(2090) PSYoungGen: 32768K(32768K)->896K(33280K) Eden: 31744K(31744K)->0K(31744K) From: 1024K(1024K)->896K(1536K)
[318.084s][info][gc,heap        ] GC(2090) ParOldGen: 5118K(349696K)->5526K(349696K)
[318.084s][info][gc,metaspace   ] GC(2090) Metaspace: 9968K(10368K)->9968K(10368K) NonClass: 8666K(8896K)->8666K(8896K) Class: 1302K(1472K)->1302K(1472K)
[318.084s][info][gc             ] GC(2090) Pause Young (Allocation Failure) 36M->6M(374M) 1.343ms
[318.085s][info][gc,cpu         ] GC(2090) User=0.00s Sys=0.00s Real=0.00s
[318.211s][info][gc,start       ] GC(2091) Pause Young (Allocation Failure)
[318.212s][info][gc,heap        ] GC(2091) PSYoungGen: 32640K(33280K)->576K(33280K) Eden: 31744K(31744K)->0K(31744K) From: 896K(1536K)->576K(1536K)
[318.212s][info][gc,heap        ] GC(2091) ParOldGen: 5526K(349696K)->5910K(349696K)
[318.212s][info][gc,metaspace   ] GC(2091) Metaspace: 9968K(10368K)->9968K(10368K) NonClass: 8666K(8896K)->8666K(8896K) Class: 1302K(1472K)->1302K(1472K)
[318.212s][info][gc             ] GC(2091) Pause Young (Allocation Failure) 37M->6M(374M) 1.278ms
[318.212s][info][gc,cpu         ] GC(2091) User=0.13s Sys=0.00s Real=0.02s
[318.339s][info][gc,start       ] GC(2092) Pause Young (Allocation Failure)
[318.340s][info][gc,heap        ] GC(2092) PSYoungGen: 32320K(33280K)->544K(33280K) Eden: 31744K(31744K)->0K(31744K) From: 576K(1536K)->544K(1536K)
[318.340s][info][gc,heap        ] GC(2092) ParOldGen: 5910K(349696K)->5910K(349696K)
[318.340s][info][gc,metaspace   ] GC(2092) Metaspace: 9968K(10368K)->9968K(10368K) NonClass: 8666K(8896K)->8666K(8896K) Class: 1302K(1472K)->1302K(1472K)
[318.340s][info][gc             ] GC(2092) Pause Young (Allocation Failure) 37M->6M(374M) 0.920ms
[318.340s][info][gc,cpu         ] GC(2092) User=0.00s Sys=0.00s Real=0.00s
[318.468s][info][gc,start       ] GC(2093) Pause Young (Allocation Failure)
[318.468s][info][gc,heap        ] GC(2093) PSYoungGen: 32288K(33280K)->608K(33280K) Eden: 31744K(31744K)->0K(31744K) From: 544K(1536K)->608K(1536K)
[318.468s][info][gc,heap        ] GC(2093) ParOldGen: 5910K(349696K)->6062K(349696K)
[318.468s][info][gc,metaspace   ] GC(2093) Metaspace: 9968K(10368K)->9968K(10368K) NonClass: 8666K(8896K)->8666K(8896K) Class: 1302K(1472K)->1302K(1472K)
[318.469s][info][gc             ] GC(2093) Pause Young (Allocation Failure) 37M->6M(374M) 0.989ms
[318.469s][info][gc,cpu         ] GC(2093) User=0.00s Sys=0.00s Real=0.00s
[318.604s][info][gc,start       ] GC(2094) Pause Young (Allocation Failure)
[318.604s][info][gc,heap        ] GC(2094) PSYoungGen: 32351K(33280K)->608K(33280K) Eden: 31743K(31744K)->0K(31744K) From: 608K(1536K)->608K(1536K)
[318.604s][info][gc,heap        ] GC(2094) ParOldGen: 6062K(349696K)->6182K(349696K)
[318.604s][info][gc,metaspace   ] GC(2094) Metaspace: 9968K(10368K)->9968K(10368K) NonClass: 8666K(8896K)->8666K(8896K) Class: 1302K(1472K)->1302K(1472K)
[318.605s][info][gc             ] GC(2094) Pause Young (Allocation Failure) 37M->6M(374M) 0.971ms
[318.605s][info][gc,cpu         ] GC(2094) User=0.00s Sys=0.00s Real=0.00s
[318.733s][info][gc,start       ] GC(2095) Pause Young (Allocation Failure)
[318.734s][info][gc,heap        ] GC(2095) PSYoungGen: 32352K(33280K)->512K(33280K) Eden: 31744K(31744K)->0K(31744K) From: 608K(1536K)->512K(1536K)
[318.734s][info][gc,heap        ] GC(2095) ParOldGen: 6182K(349696K)->6198K(349696K)
[318.734s][info][gc,metaspace   ] GC(2095) Metaspace: 9968K(10368K)->9968K(10368K) NonClass: 8666K(8896K)->8666K(8896K) Class: 1302K(1472K)->1302K(1472K)
[318.734s][info][gc             ] GC(2095) Pause Young (Allocation Failure) 37M->6M(374M) 0.872ms
[318.734s][info][gc,cpu         ] GC(2095) User=0.00s Sys=0.00s Real=0.00s
[318.861s][info][gc,start       ] GC(2096) Pause Young (Allocation Failure)
[318.862s][info][gc,heap        ] GC(2096) PSYoungGen: 32256K(33280K)->704K(33280K) Eden: 31744K(31744K)->0K(31744K) From: 512K(1536K)->704K(1536K)
[318.862s][info][gc,heap        ] GC(2096) ParOldGen: 6198K(349696K)->6198K(349696K)
[318.862s][info][gc,metaspace   ] GC(2096) Metaspace: 9968K(10368K)->9968K(10368K) NonClass: 8666K(8896K)->8666K(8896K) Class: 1302K(1472K)->1302K(1472K)
[318.862s][info][gc             ] GC(2096) Pause Young (Allocation Failure) 37M->6M(374M) 0.951ms
[318.862s][info][gc,cpu         ] GC(2096) User=0.00s Sys=0.00s Real=0.00s
[318.994s][info][gc,start       ] GC(2097) Pause Young (Allocation Failure)
[318.994s][info][gc,heap        ] GC(2097) PSYoungGen: 32448K(33280K)->704K(32768K) Eden: 31744K(31744K)->0K(31744K) From: 704K(1536K)->704K(1024K)
[318.994s][info][gc,heap        ] GC(2097) ParOldGen: 6198K(349696K)->6206K(349696K)
[318.995s][info][gc,metaspace   ] GC(2097) Metaspace: 9968K(10368K)->9968K(10368K) NonClass: 8666K(8896K)->8666K(8896K) Class: 1302K(1472K)->1302K(1472K)
[318.995s][info][gc             ] GC(2097) Pause Young (Allocation Failure) 37M->6M(373M) 0.982ms
[318.995s][info][gc,cpu         ] GC(2097) User=0.00s Sys=0.00s Real=0.00s
[319.121s][info][gc,start       ] GC(2098) Pause Young (Allocation Failure)
[319.122s][info][gc,heap        ] GC(2098) PSYoungGen: 32448K(32768K)->512K(32256K) Eden: 31744K(31744K)->0K(31744K) From: 704K(1024K)->512K(512K)
[319.122s][info][gc,heap        ] GC(2098) ParOldGen: 6206K(349696K)->6414K(349696K)
[319.122s][info][gc,metaspace   ] GC(2098) Metaspace: 9968K(10368K)->9968K(10368K) NonClass: 8666K(8896K)->8666K(8896K) Class: 1302K(1472K)->1302K(1472K)
[319.122s][info][gc             ] GC(2098) Pause Young (Allocation Failure) 37M->6M(373M) 1.132ms
[319.122s][info][gc,cpu         ] GC(2098) User=0.00s Sys=0.00s Real=0.00s
[319.257s][info][gc,start       ] GC(2099) Pause Young (Allocation Failure)
[319.258s][info][gc,heap        ] GC(2099) PSYoungGen: 32256K(32256K)->608K(32768K) Eden: 31744K(31744K)->0K(31744K) From: 512K(512K)->608K(1024K)
[319.258s][info][gc,heap        ] GC(2099) ParOldGen: 6414K(349696K)->6430K(349696K)
[319.258s][info][gc,metaspace   ] GC(2099) Metaspace: 9968K(10368K)->9968K(10368K) NonClass: 8666K(8896K)->8666K(8896K) Class: 1302K(1472K)->1302K(1472K)
[319.258s][info][gc             ] GC(2099) Pause Young (Allocation Failure) 37M->6M(373M) 0.997ms
[319.258s][info][gc,cpu         ] GC(2099) User=0.13s Sys=0.00s Real=0.02s
[319.385s][info][gc,start       ] GC(2100) Pause Young (Allocation Failure)
[319.386s][info][gc,heap        ] GC(2100) PSYoungGen: 32352K(32768K)->800K(32768K) Eden: 31744K(31744K)->0K(31744K) From: 608K(1024K)->800K(1024K)
[319.386s][info][gc,heap        ] GC(2100) ParOldGen: 6430K(349696K)->6454K(349696K)
[319.386s][info][gc,metaspace   ] GC(2100) Metaspace: 9968K(10368K)->9968K(10368K) NonClass: 8666K(8896K)->8666K(8896K) Class: 1302K(1472K)->1302K(1472K)
[319.386s][info][gc             ] GC(2100) Pause Young (Allocation Failure) 37M->7M(373M) 1.003ms
[319.386s][info][gc,cpu         ] GC(2100) User=0.00s Sys=0.00s Real=0.00s
[319.517s][info][gc,start       ] GC(2101) Pause Young (Allocation Failure)
[319.518s][info][gc,heap        ] GC(2101) PSYoungGen: 32544K(32768K)->512K(32768K) Eden: 31744K(31744K)->0K(31744K) From: 800K(1024K)->512K(1024K)
[319.518s][info][gc,heap        ] GC(2101) ParOldGen: 6454K(349696K)->6686K(349696K)
[319.518s][info][gc,metaspace   ] GC(2101) Metaspace: 9968K(10368K)->9968K(10368K) NonClass: 8666K(8896K)->8666K(8896K) Class: 1302K(1472K)->1302K(1472K)
[319.518s][info][gc             ] GC(2101) Pause Young (Allocation Failure) 38M->7M(373M) 0.974ms
[319.518s][info][gc,cpu         ] GC(2101) User=0.00s Sys=0.00s Real=0.00s
[319.639s][info][gc,start       ] GC(2102) Pause Young (Allocation Failure)
[319.640s][info][gc,heap        ] GC(2102) PSYoungGen: 32256K(32768K)->576K(32768K) Eden: 31744K(31744K)->0K(31744K) From: 512K(1024K)->576K(1024K)
[319.640s][info][gc,heap        ] GC(2102) ParOldGen: 6686K(349696K)->6686K(349696K)
[319.640s][info][gc,metaspace   ] GC(2102) Metaspace: 9968K(10368K)->9968K(10368K) NonClass: 8666K(8896K)->8666K(8896K) Class: 1302K(1472K)->1302K(1472K)
[319.640s][info][gc             ] GC(2102) Pause Young (Allocation Failure) 38M->7M(373M) 0.895ms
[319.640s][info][gc,cpu         ] GC(2102) User=0.00s Sys=0.00s Real=0.00s
[319.767s][info][gc,start       ] GC(2103) Pause Young (Allocation Failure)
[319.768s][info][gc,heap        ] GC(2103) PSYoungGen: 32320K(32768K)->768K(32768K) Eden: 31744K(31744K)->0K(31744K) From: 576K(1024K)->768K(1024K)
[319.768s][info][gc,heap        ] GC(2103) ParOldGen: 6686K(349696K)->6734K(349696K)
[319.768s][info][gc,metaspace   ] GC(2103) Metaspace: 9968K(10368K)->9968K(10368K) NonClass: 8666K(8896K)->8666K(8896K) Class: 1302K(1472K)->1302K(1472K)
[319.769s][info][gc             ] GC(2103) Pause Young (Allocation Failure) 38M->7M(373M) 1.048ms
[319.769s][info][gc,cpu         ] GC(2103) User=0.00s Sys=0.00s Real=0.00s
[319.887s][info][gc,start       ] GC(2104) Pause Young (Allocation Failure)
[319.888s][info][gc,heap        ] GC(2104) PSYoungGen: 32512K(32768K)->544K(32768K) Eden: 31744K(31744K)->0K(31744K) From: 768K(1024K)->544K(1024K)
[319.888s][info][gc,heap        ] GC(2104) ParOldGen: 6734K(349696K)->6950K(349696K)
[319.888s][info][gc,metaspace   ] GC(2104) Metaspace: 9968K(10368K)->9968K(10368K) NonClass: 8666K(8896K)->8666K(8896K) Class: 1302K(1472K)->1302K(1472K)
[319.888s][info][gc             ] GC(2104) Pause Young (Allocation Failure) 38M->7M(373M) 1.023ms
[319.888s][info][gc,cpu         ] GC(2104) User=0.00s Sys=0.00s Real=0.00s
[320.015s][info][gc,start       ] GC(2105) Pause Young (Allocation Failure)
[320.016s][info][gc,heap        ] GC(2105) PSYoungGen: 32288K(32768K)->672K(32768K) Eden: 31744K(31744K)->0K(31744K) From: 544K(1024K)->672K(1024K)
[320.016s][info][gc,heap        ] GC(2105) ParOldGen: 6950K(349696K)->6950K(349696K)
[320.016s][info][gc,metaspace   ] GC(2105) Metaspace: 9968K(10368K)->9968K(10368K) NonClass: 8666K(8896K)->8666K(8896K) Class: 1302K(1472K)->1302K(1472K)
[320.016s][info][gc             ] GC(2105) Pause Young (Allocation Failure) 38M->7M(373M) 0.957ms
[320.016s][info][gc,cpu         ] GC(2105) User=0.00s Sys=0.00s Real=0.00s
[320.144s][info][gc,start       ] GC(2106) Pause Young (Allocation Failure)
[320.145s][info][gc,heap        ] GC(2106) PSYoungGen: 32416K(32768K)->640K(32768K) Eden: 31744K(31744K)->0K(31744K) From: 672K(1024K)->640K(1024K)
[320.145s][info][gc,heap        ] GC(2106) ParOldGen: 6950K(349696K)->6950K(349696K)
[320.145s][info][gc,metaspace   ] GC(2106) Metaspace: 9968K(10368K)->9968K(10368K) NonClass: 8666K(8896K)->8666K(8896K) Class: 1302K(1472K)->1302K(1472K)
[320.145s][info][gc             ] GC(2106) Pause Young (Allocation Failure) 38M->7M(373M) 0.934ms
[320.145s][info][gc,cpu         ] GC(2106) User=0.00s Sys=0.00s Real=0.00s
[320.277s][info][gc,start       ] GC(2107) Pause Young (Allocation Failure)
[320.278s][info][gc,heap        ] GC(2107) PSYoungGen: 32384K(32768K)->512K(32768K) Eden: 31744K(31744K)->0K(31744K) From: 640K(1024K)->512K(1024K)
[320.278s][info][gc,heap        ] GC(2107) ParOldGen: 6950K(349696K)->6950K(349696K)
[320.278s][info][gc,metaspace   ] GC(2107) Metaspace: 9968K(10368K)->9968K(10368K) NonClass: 8666K(8896K)->8666K(8896K) Class: 1302K(1472K)->1302K(1472K)
[320.278s][info][gc             ] GC(2107) Pause Young (Allocation Failure) 38M->7M(373M) 0.847ms
[320.278s][info][gc,cpu         ] GC(2107) User=0.00s Sys=0.00s Real=0.00s
[320.407s][info][gc,start       ] GC(2108) Pause Young (Allocation Failure)
[320.408s][info][gc,heap        ] GC(2108) PSYoungGen: 32256K(32768K)->544K(32768K) Eden: 31744K(31744K)->0K(31744K) From: 512K(1024K)->544K(1024K)
[320.408s][info][gc,heap        ] GC(2108) ParOldGen: 6950K(349696K)->6950K(349696K)
[320.408s][info][gc,metaspace   ] GC(2108) Metaspace: 9968K(10368K)->9968K(10368K) NonClass: 8666K(8896K)->8666K(8896K) Class: 1302K(1472K)->1302K(1472K)
[320.408s][info][gc             ] GC(2108) Pause Young (Allocation Failure) 38M->7M(373M) 0.899ms
[320.408s][info][gc,cpu         ] GC(2108) User=0.00s Sys=0.00s Real=0.00s
[320.541s][info][gc,start       ] GC(2109) Pause Young (Allocation Failure)
[320.542s][info][gc,heap        ] GC(2109) PSYoungGen: 32288K(32768K)->704K(32768K) Eden: 31744K(31744K)->0K(31744K) From: 544K(1024K)->704K(1024K)
[320.542s][info][gc,heap        ] GC(2109) ParOldGen: 6950K(349696K)->6958K(349696K)
[320.542s][info][gc,metaspace   ] GC(2109) Metaspace: 9968K(10368K)->9968K(10368K) NonClass: 8666K(8896K)->8666K(8896K) Class: 1302K(1472K)->1302K(1472K)
[320.542s][info][gc             ] GC(2109) Pause Young (Allocation Failure) 38M->7M(373M) 0.945ms
[320.542s][info][gc,cpu         ] GC(2109) User=0.00s Sys=0.00s Real=0.00s
[320.675s][info][gc,start       ] GC(2110) Pause Young (Allocation Failure)
[320.676s][info][gc,heap        ] GC(2110) PSYoungGen: 32448K(32768K)->576K(32768K) Eden: 31744K(31744K)->0K(31744K) From: 704K(1024K)->576K(1024K)
[320.676s][info][gc,heap        ] GC(2110) ParOldGen: 6958K(349696K)->6958K(349696K)
[320.676s][info][gc,metaspace   ] GC(2110) Metaspace: 9968K(10368K)->9968K(10368K) NonClass: 8666K(8896K)->8666K(8896K) Class: 1302K(1472K)->1302K(1472K)
[320.676s][info][gc             ] GC(2110) Pause Young (Allocation Failure) 38M->7M(373M) 0.886ms
[320.676s][info][gc,cpu         ] GC(2110) User=0.00s Sys=0.00s Real=0.00s
[320.806s][info][gc,start       ] GC(2111) Pause Young (Allocation Failure)
[320.807s][info][gc,heap        ] GC(2111) PSYoungGen: 32320K(32768K)->576K(32768K) Eden: 31744K(31744K)->0K(31744K) From: 576K(1024K)->576K(1024K)
[320.807s][info][gc,heap        ] GC(2111) ParOldGen: 6958K(349696K)->6958K(349696K)
[320.807s][info][gc,metaspace   ] GC(2111) Metaspace: 9968K(10368K)->9968K(10368K) NonClass: 8666K(8896K)->8666K(8896K) Class: 1302K(1472K)->1302K(1472K)
[320.807s][info][gc             ] GC(2111) Pause Young (Allocation Failure) 38M->7M(373M) 0.908ms
[320.807s][info][gc,cpu         ] GC(2111) User=0.00s Sys=0.00s Real=0.00s
[320.938s][info][gc,start       ] GC(2112) Pause Young (Allocation Failure)
[320.939s][info][gc,heap        ] GC(2112) PSYoungGen: 32320K(32768K)->544K(32768K) Eden: 31744K(31744K)->0K(31744K) From: 576K(1024K)->544K(1024K)
[320.939s][info][gc,heap        ] GC(2112) ParOldGen: 6958K(349696K)->6958K(349696K)
[320.939s][info][gc,metaspace   ] GC(2112) Metaspace: 9968K(10368K)->9968K(10368K) NonClass: 8666K(8896K)->8666K(8896K) Class: 1302K(1472K)->1302K(1472K)
[320.939s][info][gc             ] GC(2112) Pause Young (Allocation Failure) 38M->7M(373M) 0.902ms
[320.939s][info][gc,cpu         ] GC(2112) User=0.00s Sys=0.00s Real=0.00s
[321.078s][info][gc,start       ] GC(2113) Pause Young (Allocation Failure)
[321.087s][info][gc,heap        ] GC(2113) PSYoungGen: 32288K(32768K)->672K(32768K) Eden: 31744K(31744K)->0K(31744K) From: 544K(1024K)->672K(1024K)
[321.087s][info][gc,heap        ] GC(2113) ParOldGen: 6958K(349696K)->6958K(349696K)
[321.087s][info][gc,metaspace   ] GC(2113) Metaspace: 9968K(10368K)->9968K(10368K) NonClass: 8666K(8896K)->8666K(8896K) Class: 1302K(1472K)->1302K(1472K)
[321.087s][info][gc             ] GC(2113) Pause Young (Allocation Failure) 38M->7M(373M) 8.704ms
[321.087s][info][gc,cpu         ] GC(2113) User=0.00s Sys=0.00s Real=0.01s
[321.214s][info][gc,start       ] GC(2114) Pause Young (Allocation Failure)
[321.215s][info][gc,heap        ] GC(2114) PSYoungGen: 32416K(32768K)->576K(32768K) Eden: 31744K(31744K)->0K(31744K) From: 672K(1024K)->576K(1024K)
[321.215s][info][gc,heap        ] GC(2114) ParOldGen: 6958K(349696K)->6966K(349696K)
[321.215s][info][gc,metaspace   ] GC(2114) Metaspace: 9968K(10368K)->9968K(10368K) NonClass: 8666K(8896K)->8666K(8896K) Class: 1302K(1472K)->1302K(1472K)
[321.215s][info][gc             ] GC(2114) Pause Young (Allocation Failure) 38M->7M(373M) 1.113ms
[321.215s][info][gc,cpu         ] GC(2114) User=0.00s Sys=0.00s Real=0.00s
[321.342s][info][gc,start       ] GC(2115) Pause Young (Allocation Failure)
[321.343s][info][gc,heap        ] GC(2115) PSYoungGen: 32320K(32768K)->672K(32768K) Eden: 31744K(31744K)->0K(31744K) From: 576K(1024K)->672K(1024K)
[321.343s][info][gc,heap        ] GC(2115) ParOldGen: 6966K(349696K)->6966K(349696K)
[321.343s][info][gc,metaspace   ] GC(2115) Metaspace: 9968K(10368K)->9968K(10368K) NonClass: 8666K(8896K)->8666K(8896K) Class: 1302K(1472K)->1302K(1472K)
[321.343s][info][gc             ] GC(2115) Pause Young (Allocation Failure) 38M->7M(373M) 0.921ms
[321.343s][info][gc,cpu         ] GC(2115) User=0.00s Sys=0.00s Real=0.00s
[321.474s][info][gc,start       ] GC(2116) Pause Young (Allocation Failure)
[321.475s][info][gc,heap        ] GC(2116) PSYoungGen: 32416K(32768K)->512K(32768K) Eden: 31744K(31744K)->0K(31744K) From: 672K(1024K)->512K(1024K)
[321.475s][info][gc,heap        ] GC(2116) ParOldGen: 6966K(349696K)->6966K(349696K)
[321.475s][info][gc,metaspace   ] GC(2116) Metaspace: 9968K(10368K)->9968K(10368K) NonClass: 8666K(8896K)->8666K(8896K) Class: 1302K(1472K)->1302K(1472K)
[321.475s][info][gc             ] GC(2116) Pause Young (Allocation Failure) 38M->7M(373M) 0.866ms
[321.475s][info][gc,cpu         ] GC(2116) User=0.00s Sys=0.00s Real=0.00s
[321.602s][info][gc,start       ] GC(2117) Pause Young (Allocation Failure)
[321.602s][info][gc,heap        ] GC(2117) PSYoungGen: 32256K(32768K)->544K(32768K) Eden: 31744K(31744K)->0K(31744K) From: 512K(1024K)->544K(1024K)
[321.603s][info][gc,heap        ] GC(2117) ParOldGen: 6966K(349696K)->6966K(349696K)
[321.603s][info][gc,metaspace   ] GC(2117) Metaspace: 9968K(10368K)->9968K(10368K) NonClass: 8666K(8896K)->8666K(8896K) Class: 1302K(1472K)->1302K(1472K)
[321.603s][info][gc             ] GC(2117) Pause Young (Allocation Failure) 38M->7M(373M) 0.875ms
[321.603s][info][gc,cpu         ] GC(2117) User=0.00s Sys=0.00s Real=0.00s
[321.729s][info][gc,start       ] GC(2118) Pause Young (Allocation Failure)
[321.730s][info][gc,heap        ] GC(2118) PSYoungGen: 32288K(32768K)->512K(32768K) Eden: 31744K(31744K)->0K(31744K) From: 544K(1024K)->512K(1024K)
[321.730s][info][gc,heap        ] GC(2118) ParOldGen: 6966K(349696K)->6974K(349696K)
[321.730s][info][gc,metaspace   ] GC(2118) Metaspace: 9968K(10368K)->9968K(10368K) NonClass: 8666K(8896K)->8666K(8896K) Class: 1302K(1472K)->1302K(1472K)
[321.730s][info][gc             ] GC(2118) Pause Young (Allocation Failure) 38M->7M(373M) 0.889ms
[321.730s][info][gc,cpu         ] GC(2118) User=0.00s Sys=0.00s Real=0.00s
[321.859s][info][gc,start       ] GC(2119) Pause Young (Allocation Failure)
[321.860s][info][gc,heap        ] GC(2119) PSYoungGen: 32256K(32768K)->512K(32768K) Eden: 31744K(31744K)->0K(31744K) From: 512K(1024K)->512K(1024K)
[321.860s][info][gc,heap        ] GC(2119) ParOldGen: 6974K(349696K)->6974K(349696K)
[321.860s][info][gc,metaspace   ] GC(2119) Metaspace: 9968K(10368K)->9968K(10368K) NonClass: 8666K(8896K)->8666K(8896K) Class: 1302K(1472K)->1302K(1472K)
[321.860s][info][gc             ] GC(2119) Pause Young (Allocation Failure) 38M->7M(373M) 0.873ms
[321.860s][info][gc,cpu         ] GC(2119) User=0.00s Sys=0.00s Real=0.00s
[321.989s][info][gc,start       ] GC(2120) Pause Young (Allocation Failure)
[321.990s][info][gc,heap        ] GC(2120) PSYoungGen: 32256K(32768K)->512K(32768K) Eden: 31744K(31744K)->0K(31744K) From: 512K(1024K)->512K(1024K)
[321.990s][info][gc,heap        ] GC(2120) ParOldGen: 6974K(349696K)->6974K(349696K)
[321.990s][info][gc,metaspace   ] GC(2120) Metaspace: 9968K(10368K)->9968K(10368K) NonClass: 8666K(8896K)->8666K(8896K) Class: 1302K(1472K)->1302K(1472K)
[321.990s][info][gc             ] GC(2120) Pause Young (Allocation Failure) 38M->7M(373M) 0.864ms
[321.990s][info][gc,cpu         ] GC(2120) User=0.00s Sys=0.00s Real=0.00s
[322.120s][info][gc,start       ] GC(2121) Pause Young (Allocation Failure)
[322.121s][info][gc,heap        ] GC(2121) PSYoungGen: 32256K(32768K)->672K(32768K) Eden: 31744K(31744K)->0K(31744K) From: 512K(1024K)->672K(1024K)
[322.121s][info][gc,heap        ] GC(2121) ParOldGen: 6974K(349696K)->6974K(349696K)
[322.121s][info][gc,metaspace   ] GC(2121) Metaspace: 9968K(10368K)->9968K(10368K) NonClass: 8666K(8896K)->8666K(8896K) Class: 1302K(1472K)->1302K(1472K)
[322.121s][info][gc             ] GC(2121) Pause Young (Allocation Failure) 38M->7M(373M) 0.920ms
[322.121s][info][gc,cpu         ] GC(2121) User=0.00s Sys=0.00s Real=0.00s
[322.253s][info][gc,start       ] GC(2122) Pause Young (Allocation Failure)
[322.254s][info][gc,heap        ] GC(2122) PSYoungGen: 32416K(32768K)->608K(32768K) Eden: 31744K(31744K)->0K(31744K) From: 672K(1024K)->608K(1024K)
[322.254s][info][gc,heap        ] GC(2122) ParOldGen: 6974K(349696K)->6974K(349696K)
[322.254s][info][gc,metaspace   ] GC(2122) Metaspace: 9968K(10368K)->9968K(10368K) NonClass: 8666K(8896K)->8666K(8896K) Class: 1302K(1472K)->1302K(1472K)
[322.254s][info][gc             ] GC(2122) Pause Young (Allocation Failure) 38M->7M(373M) 0.925ms
[322.254s][info][gc,cpu         ] GC(2122) User=0.00s Sys=0.00s Real=0.00s
[322.386s][info][gc,start       ] GC(2123) Pause Young (Allocation Failure)
[322.386s][info][gc,heap        ] GC(2123) PSYoungGen: 32352K(32768K)->576K(32768K) Eden: 31744K(31744K)->0K(31744K) From: 608K(1024K)->576K(1024K)
[322.386s][info][gc,heap        ] GC(2123) ParOldGen: 6974K(349696K)->6974K(349696K)
[322.386s][info][gc,metaspace   ] GC(2123) Metaspace: 9968K(10368K)->9968K(10368K) NonClass: 8666K(8896K)->8666K(8896K) Class: 1302K(1472K)->1302K(1472K)
[322.386s][info][gc             ] GC(2123) Pause Young (Allocation Failure) 38M->7M(373M) 0.910ms
[322.387s][info][gc,cpu         ] GC(2123) User=0.00s Sys=0.02s Real=0.02s
[322.518s][info][gc,start       ] GC(2124) Pause Young (Allocation Failure)
[322.519s][info][gc,heap        ] GC(2124) PSYoungGen: 32320K(32768K)->576K(32768K) Eden: 31744K(31744K)->0K(31744K) From: 576K(1024K)->576K(1024K)
[322.519s][info][gc,heap        ] GC(2124) ParOldGen: 6974K(349696K)->6974K(349696K)
[322.519s][info][gc,metaspace   ] GC(2124) Metaspace: 9968K(10368K)->9968K(10368K) NonClass: 8666K(8896K)->8666K(8896K) Class: 1302K(1472K)->1302K(1472K)
[322.519s][info][gc             ] GC(2124) Pause Young (Allocation Failure) 38M->7M(373M) 0.908ms
[322.519s][info][gc,cpu         ] GC(2124) User=0.00s Sys=0.00s Real=0.00s
[322.647s][info][gc,start       ] GC(2125) Pause Young (Allocation Failure)
[322.647s][info][gc,heap        ] GC(2125) PSYoungGen: 32320K(32768K)->512K(32768K) Eden: 31744K(31744K)->0K(31744K) From: 576K(1024K)->512K(1024K)
[322.648s][info][gc,heap        ] GC(2125) ParOldGen: 6974K(349696K)->6974K(349696K)
[322.648s][info][gc,metaspace   ] GC(2125) Metaspace: 9968K(10368K)->9968K(10368K) NonClass: 8666K(8896K)->8666K(8896K) Class: 1302K(1472K)->1302K(1472K)
[322.648s][info][gc             ] GC(2125) Pause Young (Allocation Failure) 38M->7M(373M) 0.857ms
[322.648s][info][gc,cpu         ] GC(2125) User=0.00s Sys=0.00s Real=0.00s
[322.772s][info][gc,start       ] GC(2126) Pause Young (Allocation Failure)
[322.773s][info][gc,heap        ] GC(2126) PSYoungGen: 32256K(32768K)->608K(32768K) Eden: 31744K(31744K)->0K(31744K) From: 512K(1024K)->608K(1024K)
[322.773s][info][gc,heap        ] GC(2126) ParOldGen: 6974K(349696K)->6974K(349696K)
[322.773s][info][gc,metaspace   ] GC(2126) Metaspace: 9968K(10368K)->9968K(10368K) NonClass: 8666K(8896K)->8666K(8896K) Class: 1302K(1472K)->1302K(1472K)
[322.773s][info][gc             ] GC(2126) Pause Young (Allocation Failure) 38M->7M(373M) 0.991ms
[322.773s][info][gc,cpu         ] GC(2126) User=0.00s Sys=0.00s Real=0.00s
[322.896s][info][gc,start       ] GC(2127) Pause Young (Allocation Failure)
[322.897s][info][gc,heap        ] GC(2127) PSYoungGen: 32352K(32768K)->544K(32768K) Eden: 31744K(31744K)->0K(31744K) From: 608K(1024K)->544K(1024K)
[322.897s][info][gc,heap        ] GC(2127) ParOldGen: 6974K(349696K)->6990K(349696K)
[322.897s][info][gc,metaspace   ] GC(2127) Metaspace: 9968K(10368K)->9968K(10368K) NonClass: 8666K(8896K)->8666K(8896K) Class: 1302K(1472K)->1302K(1472K)
[322.897s][info][gc             ] GC(2127) Pause Young (Allocation Failure) 38M->7M(373M) 0.892ms
[322.897s][info][gc,cpu         ] GC(2127) User=0.00s Sys=0.00s Real=0.00s
[323.032s][info][gc,start       ] GC(2128) Pause Young (Allocation Failure)
[323.032s][info][gc,heap        ] GC(2128) PSYoungGen: 32288K(32768K)->512K(32768K) Eden: 31744K(31744K)->0K(31744K) From: 544K(1024K)->512K(1024K)
[323.032s][info][gc,heap        ] GC(2128) ParOldGen: 6990K(349696K)->6990K(349696K)
[323.032s][info][gc,metaspace   ] GC(2128) Metaspace: 9968K(10368K)->9968K(10368K) NonClass: 8666K(8896K)->8666K(8896K) Class: 1302K(1472K)->1302K(1472K)
[323.032s][info][gc             ] GC(2128) Pause Young (Allocation Failure) 38M->7M(373M) 0.837ms
[323.032s][info][gc,cpu         ] GC(2128) User=0.00s Sys=0.00s Real=0.00s
[323.154s][info][gc,start       ] GC(2129) Pause Young (Allocation Failure)
[323.155s][info][gc,heap        ] GC(2129) PSYoungGen: 32256K(32768K)->512K(32768K) Eden: 31744K(31744K)->0K(31744K) From: 512K(1024K)->512K(1024K)
[323.155s][info][gc,heap        ] GC(2129) ParOldGen: 6990K(349696K)->6990K(349696K)
[323.155s][info][gc,metaspace   ] GC(2129) Metaspace: 9968K(10368K)->9968K(10368K) NonClass: 8666K(8896K)->8666K(8896K) Class: 1302K(1472K)->1302K(1472K)
[323.155s][info][gc             ] GC(2129) Pause Young (Allocation Failure) 38M->7M(373M) 0.857ms
[323.155s][info][gc,cpu         ] GC(2129) User=0.00s Sys=0.00s Real=0.00s
[323.284s][info][gc,start       ] GC(2130) Pause Young (Allocation Failure)
[323.285s][info][gc,heap        ] GC(2130) PSYoungGen: 32256K(32768K)->544K(32768K) Eden: 31744K(31744K)->0K(31744K) From: 512K(1024K)->544K(1024K)
[323.285s][info][gc,heap        ] GC(2130) ParOldGen: 6990K(349696K)->6998K(349696K)
[323.285s][info][gc,metaspace   ] GC(2130) Metaspace: 9968K(10368K)->9968K(10368K) NonClass: 8666K(8896K)->8666K(8896K) Class: 1302K(1472K)->1302K(1472K)
[323.285s][info][gc             ] GC(2130) Pause Young (Allocation Failure) 38M->7M(373M) 0.995ms
[323.285s][info][gc,cpu         ] GC(2130) User=0.13s Sys=0.00s Real=0.02s
[323.412s][info][gc,start       ] GC(2131) Pause Young (Allocation Failure)
[323.413s][info][gc,heap        ] GC(2131) PSYoungGen: 32287K(32768K)->672K(32768K) Eden: 31743K(31744K)->0K(31744K) From: 544K(1024K)->672K(1024K)
[323.413s][info][gc,heap        ] GC(2131) ParOldGen: 6998K(349696K)->6998K(349696K)
[323.413s][info][gc,metaspace   ] GC(2131) Metaspace: 9968K(10368K)->9968K(10368K) NonClass: 8666K(8896K)->8666K(8896K) Class: 1302K(1472K)->1302K(1472K)
[323.413s][info][gc             ] GC(2131) Pause Young (Allocation Failure) 38M->7M(373M) 0.928ms
[323.413s][info][gc,cpu         ] GC(2131) User=0.00s Sys=0.00s Real=0.00s
[323.548s][info][gc,start       ] GC(2132) Pause Young (Allocation Failure)
[323.549s][info][gc,heap        ] GC(2132) PSYoungGen: 32416K(32768K)->640K(32768K) Eden: 31744K(31744K)->0K(31744K) From: 672K(1024K)->640K(1024K)
[323.549s][info][gc,heap        ] GC(2132) ParOldGen: 6998K(349696K)->7006K(349696K)
[323.549s][info][gc,metaspace   ] GC(2132) Metaspace: 9968K(10368K)->9968K(10368K) NonClass: 8666K(8896K)->8666K(8896K) Class: 1302K(1472K)->1302K(1472K)
[323.549s][info][gc             ] GC(2132) Pause Young (Allocation Failure) 38M->7M(373M) 0.923ms
[323.549s][info][gc,cpu         ] GC(2132) User=0.00s Sys=0.00s Real=0.00s
[323.681s][info][gc,start       ] GC(2133) Pause Young (Allocation Failure)
[323.681s][info][gc,heap        ] GC(2133) PSYoungGen: 32384K(32768K)->640K(32768K) Eden: 31744K(31744K)->0K(31744K) From: 640K(1024K)->640K(1024K)
[323.681s][info][gc,heap        ] GC(2133) ParOldGen: 7006K(349696K)->7006K(349696K)
[323.681s][info][gc,metaspace   ] GC(2133) Metaspace: 9968K(10368K)->9968K(10368K) NonClass: 8666K(8896K)->8666K(8896K) Class: 1302K(1472K)->1302K(1472K)
[323.681s][info][gc             ] GC(2133) Pause Young (Allocation Failure) 38M->7M(373M) 0.924ms
[323.682s][info][gc,cpu         ] GC(2133) User=0.00s Sys=0.00s Real=0.00s
[323.807s][info][gc,start       ] GC(2134) Pause Young (Allocation Failure)
[323.808s][info][gc,heap        ] GC(2134) PSYoungGen: 32384K(32768K)->512K(32768K) Eden: 31744K(31744K)->0K(31744K) From: 640K(1024K)->512K(1024K)
[323.808s][info][gc,heap        ] GC(2134) ParOldGen: 7006K(349696K)->7006K(349696K)
[323.808s][info][gc,metaspace   ] GC(2134) Metaspace: 9968K(10368K)->9968K(10368K) NonClass: 8666K(8896K)->8666K(8896K) Class: 1302K(1472K)->1302K(1472K)
[323.808s][info][gc             ] GC(2134) Pause Young (Allocation Failure) 38M->7M(373M) 0.916ms
[323.808s][info][gc,cpu         ] GC(2134) User=0.00s Sys=0.02s Real=0.02s
[323.935s][info][gc,start       ] GC(2135) Pause Young (Allocation Failure)
[323.936s][info][gc,heap        ] GC(2135) PSYoungGen: 32256K(32768K)->512K(32768K) Eden: 31744K(31744K)->0K(31744K) From: 512K(1024K)->512K(1024K)
[323.936s][info][gc,heap        ] GC(2135) ParOldGen: 7006K(349696K)->7014K(349696K)
[323.936s][info][gc,metaspace   ] GC(2135) Metaspace: 9968K(10368K)->9968K(10368K) NonClass: 8666K(8896K)->8666K(8896K) Class: 1302K(1472K)->1302K(1472K)
[323.936s][info][gc             ] GC(2135) Pause Young (Allocation Failure) 38M->7M(373M) 0.885ms
[323.936s][info][gc,cpu         ] GC(2135) User=0.00s Sys=0.00s Real=0.00s
[324.059s][info][gc,start       ] GC(2136) Pause Young (Allocation Failure)
[324.060s][info][gc,heap        ] GC(2136) PSYoungGen: 32256K(32768K)->512K(32768K) Eden: 31744K(31744K)->0K(31744K) From: 512K(1024K)->512K(1024K)
[324.060s][info][gc,heap        ] GC(2136) ParOldGen: 7014K(349696K)->7014K(349696K)
[324.060s][info][gc,metaspace   ] GC(2136) Metaspace: 9968K(10368K)->9968K(10368K) NonClass: 8666K(8896K)->8666K(8896K) Class: 1302K(1472K)->1302K(1472K)
[324.060s][info][gc             ] GC(2136) Pause Young (Allocation Failure) 38M->7M(373M) 0.844ms
[324.060s][info][gc,cpu         ] GC(2136) User=0.00s Sys=0.00s Real=0.00s
[324.191s][info][gc,start       ] GC(2137) Pause Young (Allocation Failure)
[324.192s][info][gc,heap        ] GC(2137) PSYoungGen: 32256K(32768K)->608K(32768K) Eden: 31744K(31744K)->0K(31744K) From: 512K(1024K)->608K(1024K)
[324.192s][info][gc,heap        ] GC(2137) ParOldGen: 7014K(349696K)->7022K(349696K)
[324.192s][info][gc,metaspace   ] GC(2137) Metaspace: 9968K(10368K)->9968K(10368K) NonClass: 8666K(8896K)->8666K(8896K) Class: 1302K(1472K)->1302K(1472K)
[324.192s][info][gc             ] GC(2137) Pause Young (Allocation Failure) 38M->7M(373M) 0.865ms
[324.192s][info][gc,cpu         ] GC(2137) User=0.00s Sys=0.00s Real=0.00s
[324.199s][info][gc,start       ] GC(2138) Pause Young (System.gc())
[324.199s][info][gc,heap        ] GC(2138) PSYoungGen: 1683K(32768K)->288K(32768K) Eden: 1075K(31744K)->0K(31744K) From: 608K(1024K)->288K(1024K)
[324.200s][info][gc,heap        ] GC(2138) ParOldGen: 7022K(349696K)->7366K(349696K)
[324.200s][info][gc,metaspace   ] GC(2138) Metaspace: 9974K(10368K)->9974K(10368K) NonClass: 8671K(8896K)->8671K(8896K) Class: 1302K(1472K)->1302K(1472K)
[324.200s][info][gc             ] GC(2138) Pause Young (System.gc()) 8M->7M(373M) 0.910ms
[324.200s][info][gc,cpu         ] GC(2138) User=0.00s Sys=0.00s Real=0.00s
[324.200s][info][gc,start       ] GC(2139) Pause Full (System.gc())
[324.200s][info][gc,phases,start] GC(2139) Marking Phase
[324.214s][info][gc,phases      ] GC(2139) Marking Phase 13.899ms
[324.214s][info][gc,phases,start] GC(2139) Summary Phase
[324.214s][info][gc,phases      ] GC(2139) Summary Phase 0.033ms
[324.214s][info][gc,phases,start] GC(2139) Adjust Roots
[324.218s][info][gc,phases      ] GC(2139) Adjust Roots 4.319ms
[324.218s][info][gc,phases,start] GC(2139) Compaction Phase
[324.221s][info][gc,phases      ] GC(2139) Compaction Phase 2.997ms
[324.221s][info][gc,phases,start] GC(2139) Post Compact
[324.221s][info][gc,phases      ] GC(2139) Post Compact 0.286ms
[324.222s][info][gc,heap        ] GC(2139) PSYoungGen: 288K(32768K)->0K(32768K) Eden: 0K(31744K)->0K(31744K) From: 288K(1024K)->0K(1024K)
[324.222s][info][gc,heap        ] GC(2139) ParOldGen: 7366K(349696K)->4078K(349696K)
[324.222s][info][gc,metaspace   ] GC(2139) Metaspace: 9974K(10368K)->9974K(10368K) NonClass: 8671K(8896K)->8671K(8896K) Class: 1302K(1472K)->1302K(1472K)
[324.222s][info][gc             ] GC(2139) Pause Full (System.gc()) 7M->3M(373M) 21.877ms
[324.222s][info][gc,cpu         ] GC(2139) User=0.16s Sys=0.00s Real=0.03s
[324.353s][info][gc,start       ] GC(2140) Pause Young (Allocation Failure)
[324.354s][info][gc,heap        ] GC(2140) PSYoungGen: 31744K(32768K)->1024K(32768K) Eden: 31744K(31744K)->0K(31744K) From: 0K(1024K)->1024K(1024K)
[324.354s][info][gc,heap        ] GC(2140) ParOldGen: 4078K(349696K)->4214K(349696K)
[324.354s][info][gc,metaspace   ] GC(2140) Metaspace: 9983K(10368K)->9983K(10368K) NonClass: 8681K(8896K)->8681K(8896K) Class: 1302K(1472K)->1302K(1472K)
[324.354s][info][gc             ] GC(2140) Pause Young (Allocation Failure) 34M->5M(373M) 1.373ms
[324.354s][info][gc,cpu         ] GC(2140) User=0.00s Sys=0.00s Real=0.00s
[324.480s][info][gc,start       ] GC(2141) Pause Young (Allocation Failure)
[324.482s][info][gc,heap        ] GC(2141) PSYoungGen: 32768K(32768K)->608K(32768K) Eden: 31744K(31744K)->0K(31744K) From: 1024K(1024K)->608K(1024K)
[324.482s][info][gc,heap        ] GC(2141) ParOldGen: 4214K(349696K)->4854K(349696K)
[324.482s][info][gc,metaspace   ] GC(2141) Metaspace: 9983K(10368K)->9983K(10368K) NonClass: 8681K(8896K)->8681K(8896K) Class: 1302K(1472K)->1302K(1472K)
[324.482s][info][gc             ] GC(2141) Pause Young (Allocation Failure) 36M->5M(373M) 1.584ms
[324.482s][info][gc,cpu         ] GC(2141) User=0.00s Sys=0.00s Real=0.00s
[324.608s][info][gc,start       ] GC(2142) Pause Young (Allocation Failure)
[324.609s][info][gc,heap        ] GC(2142) PSYoungGen: 32352K(32768K)->640K(32768K) Eden: 31744K(31744K)->0K(31744K) From: 608K(1024K)->640K(1024K)
[324.609s][info][gc,heap        ] GC(2142) ParOldGen: 4854K(349696K)->4934K(349696K)
[324.609s][info][gc,metaspace   ] GC(2142) Metaspace: 9983K(10368K)->9983K(10368K) NonClass: 8681K(8896K)->8681K(8896K) Class: 1302K(1472K)->1302K(1472K)
[324.609s][info][gc             ] GC(2142) Pause Young (Allocation Failure) 36M->5M(373M) 0.914ms
[324.609s][info][gc,cpu         ] GC(2142) User=0.00s Sys=0.00s Real=0.00s
[324.735s][info][gc,start       ] GC(2143) Pause Young (Allocation Failure)
[324.736s][info][gc,heap        ] GC(2143) PSYoungGen: 32384K(32768K)->960K(32768K) Eden: 31744K(31744K)->0K(31744K) From: 640K(1024K)->960K(1024K)
[324.736s][info][gc,heap        ] GC(2143) ParOldGen: 4934K(349696K)->5014K(349696K)
[324.736s][info][gc,metaspace   ] GC(2143) Metaspace: 9983K(10368K)->9983K(10368K) NonClass: 8681K(8896K)->8681K(8896K) Class: 1302K(1472K)->1302K(1472K)
[324.737s][info][gc             ] GC(2143) Pause Young (Allocation Failure) 36M->5M(373M) 1.094ms
[324.737s][info][gc,cpu         ] GC(2143) User=0.00s Sys=0.00s Real=0.00s
[324.865s][info][gc,start       ] GC(2144) Pause Young (Allocation Failure)
[324.866s][info][gc,heap        ] GC(2144) PSYoungGen: 32704K(32768K)->576K(32768K) Eden: 31744K(31744K)->0K(31744K) From: 960K(1024K)->576K(1024K)
[324.866s][info][gc,heap        ] GC(2144) ParOldGen: 5014K(349696K)->5398K(349696K)
[324.866s][info][gc,metaspace   ] GC(2144) Metaspace: 9983K(10368K)->9983K(10368K) NonClass: 8681K(8896K)->8681K(8896K) Class: 1302K(1472K)->1302K(1472K)
[324.866s][info][gc             ] GC(2144) Pause Young (Allocation Failure) 36M->5M(373M) 1.213ms
[324.866s][info][gc,cpu         ] GC(2144) User=0.00s Sys=0.00s Real=0.00s
[324.996s][info][gc,start       ] GC(2145) Pause Young (Allocation Failure)
[324.997s][info][gc,heap        ] GC(2145) PSYoungGen: 32320K(32768K)->768K(32768K) Eden: 31744K(31744K)->0K(31744K) From: 576K(1024K)->768K(1024K)
[324.997s][info][gc,heap        ] GC(2145) ParOldGen: 5398K(349696K)->5446K(349696K)
[324.997s][info][gc,metaspace   ] GC(2145) Metaspace: 9983K(10368K)->9983K(10368K) NonClass: 8681K(8896K)->8681K(8896K) Class: 1302K(1472K)->1302K(1472K)
[324.997s][info][gc             ] GC(2145) Pause Young (Allocation Failure) 36M->6M(373M) 0.985ms
[324.997s][info][gc,cpu         ] GC(2145) User=0.00s Sys=0.00s Real=0.00s
[325.123s][info][gc,start       ] GC(2146) Pause Young (Allocation Failure)
[325.124s][info][gc,heap        ] GC(2146) PSYoungGen: 32512K(32768K)->768K(32768K) Eden: 31744K(31744K)->0K(31744K) From: 768K(1024K)->768K(1024K)
[325.124s][info][gc,heap        ] GC(2146) ParOldGen: 5446K(349696K)->5678K(349696K)
[325.124s][info][gc,metaspace   ] GC(2146) Metaspace: 9983K(10368K)->9983K(10368K) NonClass: 8681K(8896K)->8681K(8896K) Class: 1302K(1472K)->1302K(1472K)
[325.124s][info][gc             ] GC(2146) Pause Young (Allocation Failure) 37M->6M(373M) 1.114ms
[325.124s][info][gc,cpu         ] GC(2146) User=0.00s Sys=0.00s Real=0.00s
[325.262s][info][gc,start       ] GC(2147) Pause Young (Allocation Failure)
[325.263s][info][gc,heap        ] GC(2147) PSYoungGen: 32512K(32768K)->544K(32768K) Eden: 31744K(31744K)->0K(31744K) From: 768K(1024K)->544K(1024K)
[325.263s][info][gc,heap        ] GC(2147) ParOldGen: 5678K(349696K)->5902K(349696K)
[325.263s][info][gc,metaspace   ] GC(2147) Metaspace: 9983K(10368K)->9983K(10368K) NonClass: 8681K(8896K)->8681K(8896K) Class: 1302K(1472K)->1302K(1472K)
[325.263s][info][gc             ] GC(2147) Pause Young (Allocation Failure) 37M->6M(373M) 1.056ms
[325.263s][info][gc,cpu         ] GC(2147) User=0.00s Sys=0.00s Real=0.00s
[325.394s][info][gc,start       ] GC(2148) Pause Young (Allocation Failure)
[325.395s][info][gc,heap        ] GC(2148) PSYoungGen: 32288K(32768K)->672K(32768K) Eden: 31744K(31744K)->0K(31744K) From: 544K(1024K)->672K(1024K)
[325.395s][info][gc,heap        ] GC(2148) ParOldGen: 5902K(349696K)->5902K(349696K)
[325.395s][info][gc,metaspace   ] GC(2148) Metaspace: 9983K(10368K)->9983K(10368K) NonClass: 8681K(8896K)->8681K(8896K) Class: 1302K(1472K)->1302K(1472K)
[325.395s][info][gc             ] GC(2148) Pause Young (Allocation Failure) 37M->6M(373M) 0.927ms
[325.395s][info][gc,cpu         ] GC(2148) User=0.00s Sys=0.00s Real=0.00s
[325.526s][info][gc,start       ] GC(2149) Pause Young (Allocation Failure)
[325.526s][info][gc,heap        ] GC(2149) PSYoungGen: 32416K(32768K)->800K(32768K) Eden: 31744K(31744K)->0K(31744K) From: 672K(1024K)->800K(1024K)
[325.526s][info][gc,heap        ] GC(2149) ParOldGen: 5902K(349696K)->5966K(349696K)
[325.527s][info][gc,metaspace   ] GC(2149) Metaspace: 9983K(10368K)->9983K(10368K) NonClass: 8681K(8896K)->8681K(8896K) Class: 1302K(1472K)->1302K(1472K)
[325.527s][info][gc             ] GC(2149) Pause Young (Allocation Failure) 37M->6M(373M) 1.011ms
[325.527s][info][gc,cpu         ] GC(2149) User=0.00s Sys=0.00s Real=0.00s
[325.652s][info][gc,start       ] GC(2150) Pause Young (Allocation Failure)
[325.653s][info][gc,heap        ] GC(2150) PSYoungGen: 32544K(32768K)->576K(32768K) Eden: 31744K(31744K)->0K(31744K) From: 800K(1024K)->576K(1024K)
[325.653s][info][gc,heap        ] GC(2150) ParOldGen: 5966K(349696K)->6198K(349696K)
[325.653s][info][gc,metaspace   ] GC(2150) Metaspace: 9983K(10368K)->9983K(10368K) NonClass: 8681K(8896K)->8681K(8896K) Class: 1302K(1472K)->1302K(1472K)
[325.653s][info][gc             ] GC(2150) Pause Young (Allocation Failure) 37M->6M(373M) 1.065ms
[325.653s][info][gc,cpu         ] GC(2150) User=0.00s Sys=0.00s Real=0.00s
[325.781s][info][gc,start       ] GC(2151) Pause Young (Allocation Failure)
[325.782s][info][gc,heap        ] GC(2151) PSYoungGen: 32320K(32768K)->544K(32768K) Eden: 31744K(31744K)->0K(31744K) From: 576K(1024K)->544K(1024K)
[325.782s][info][gc,heap        ] GC(2151) ParOldGen: 6198K(349696K)->6206K(349696K)
[325.782s][info][gc,metaspace   ] GC(2151) Metaspace: 9983K(10368K)->9983K(10368K) NonClass: 8681K(8896K)->8681K(8896K) Class: 1302K(1472K)->1302K(1472K)
[325.782s][info][gc             ] GC(2151) Pause Young (Allocation Failure) 37M->6M(373M) 0.904ms
[325.782s][info][gc,cpu         ] GC(2151) User=0.00s Sys=0.00s Real=0.00s
[325.914s][info][gc,start       ] GC(2152) Pause Young (Allocation Failure)
[325.915s][info][gc,heap        ] GC(2152) PSYoungGen: 32288K(32768K)->768K(32768K) Eden: 31744K(31744K)->0K(31744K) From: 544K(1024K)->768K(1024K)
[325.915s][info][gc,heap        ] GC(2152) ParOldGen: 6206K(349696K)->6254K(349696K)
[325.915s][info][gc,metaspace   ] GC(2152) Metaspace: 9983K(10368K)->9983K(10368K) NonClass: 8681K(8896K)->8681K(8896K) Class: 1302K(1472K)->1302K(1472K)
[325.915s][info][gc             ] GC(2152) Pause Young (Allocation Failure) 37M->6M(373M) 1.002ms
[325.915s][info][gc,cpu         ] GC(2152) User=0.00s Sys=0.00s Real=0.00s
[326.043s][info][gc,start       ] GC(2153) Pause Young (Allocation Failure)
[326.044s][info][gc,heap        ] GC(2153) PSYoungGen: 32512K(32768K)->832K(32768K) Eden: 31744K(31744K)->0K(31744K) From: 768K(1024K)->832K(1024K)
[326.044s][info][gc,heap        ] GC(2153) ParOldGen: 6254K(349696K)->6622K(349696K)
[326.044s][info][gc,metaspace   ] GC(2153) Metaspace: 9983K(10368K)->9983K(10368K) NonClass: 8681K(8896K)->8681K(8896K) Class: 1302K(1472K)->1302K(1472K)
[326.044s][info][gc             ] GC(2153) Pause Young (Allocation Failure) 37M->7M(373M) 1.409ms
[326.044s][info][gc,cpu         ] GC(2153) User=0.00s Sys=0.00s Real=0.00s
[326.173s][info][gc,start       ] GC(2154) Pause Young (Allocation Failure)
[326.174s][info][gc,heap        ] GC(2154) PSYoungGen: 32576K(32768K)->608K(32768K) Eden: 31744K(31744K)->0K(31744K) From: 832K(1024K)->608K(1024K)
[326.174s][info][gc,heap        ] GC(2154) ParOldGen: 6622K(349696K)->6782K(349696K)
[326.174s][info][gc,metaspace   ] GC(2154) Metaspace: 9983K(10368K)->9983K(10368K) NonClass: 8681K(8896K)->8681K(8896K) Class: 1302K(1472K)->1302K(1472K)
[326.174s][info][gc             ] GC(2154) Pause Young (Allocation Failure) 38M->7M(373M) 1.008ms
[326.174s][info][gc,cpu         ] GC(2154) User=0.00s Sys=0.00s Real=0.00s
[326.297s][info][gc,start       ] GC(2155) Pause Young (Allocation Failure)
[326.298s][info][gc,heap        ] GC(2155) PSYoungGen: 32352K(32768K)->640K(32768K) Eden: 31744K(31744K)->0K(31744K) From: 608K(1024K)->640K(1024K)
[326.298s][info][gc,heap        ] GC(2155) ParOldGen: 6782K(349696K)->6782K(349696K)
[326.298s][info][gc,metaspace   ] GC(2155) Metaspace: 9983K(10368K)->9983K(10368K) NonClass: 8681K(8896K)->8681K(8896K) Class: 1302K(1472K)->1302K(1472K)
[326.298s][info][gc             ] GC(2155) Pause Young (Allocation Failure) 38M->7M(373M) 0.911ms
[326.298s][info][gc,cpu         ] GC(2155) User=0.00s Sys=0.00s Real=0.00s
[326.420s][info][gc,start       ] GC(2156) Pause Young (Allocation Failure)
[326.420s][info][gc,heap        ] GC(2156) PSYoungGen: 32384K(32768K)->544K(32768K) Eden: 31744K(31744K)->0K(31744K) From: 640K(1024K)->544K(1024K)
[326.420s][info][gc,heap        ] GC(2156) ParOldGen: 6782K(349696K)->6790K(349696K)
[326.421s][info][gc,metaspace   ] GC(2156) Metaspace: 9983K(10368K)->9983K(10368K) NonClass: 8681K(8896K)->8681K(8896K) Class: 1302K(1472K)->1302K(1472K)
[326.421s][info][gc             ] GC(2156) Pause Young (Allocation Failure) 38M->7M(373M) 0.973ms
[326.421s][info][gc,cpu         ] GC(2156) User=0.13s Sys=0.00s Real=0.02s
[326.550s][info][gc,start       ] GC(2157) Pause Young (Allocation Failure)
[326.551s][info][gc,heap        ] GC(2157) PSYoungGen: 32288K(32768K)->704K(32768K) Eden: 31744K(31744K)->0K(31744K) From: 544K(1024K)->704K(1024K)
[326.551s][info][gc,heap        ] GC(2157) ParOldGen: 6790K(349696K)->6790K(349696K)
[326.551s][info][gc,metaspace   ] GC(2157) Metaspace: 9983K(10368K)->9983K(10368K) NonClass: 8681K(8896K)->8681K(8896K) Class: 1302K(1472K)->1302K(1472K)
[326.551s][info][gc             ] GC(2157) Pause Young (Allocation Failure) 38M->7M(373M) 0.931ms
[326.551s][info][gc,cpu         ] GC(2157) User=0.00s Sys=0.00s Real=0.00s
[326.676s][info][gc,start       ] GC(2158) Pause Young (Allocation Failure)
[326.677s][info][gc,heap        ] GC(2158) PSYoungGen: 32448K(32768K)->960K(32768K) Eden: 31744K(31744K)->0K(31744K) From: 704K(1024K)->960K(1024K)
[326.677s][info][gc,heap        ] GC(2158) ParOldGen: 6790K(349696K)->6830K(349696K)
[326.677s][info][gc,metaspace   ] GC(2158) Metaspace: 9983K(10368K)->9983K(10368K) NonClass: 8681K(8896K)->8681K(8896K) Class: 1302K(1472K)->1302K(1472K)
[326.677s][info][gc             ] GC(2158) Pause Young (Allocation Failure) 38M->7M(373M) 1.144ms
[326.677s][info][gc,cpu         ] GC(2158) User=0.00s Sys=0.00s Real=0.00s
[326.802s][info][gc,start       ] GC(2159) Pause Young (Allocation Failure)
[326.803s][info][gc,heap        ] GC(2159) PSYoungGen: 32704K(32768K)->608K(32768K) Eden: 31744K(31744K)->0K(31744K) From: 960K(1024K)->608K(1024K)
[326.803s][info][gc,heap        ] GC(2159) ParOldGen: 6830K(349696K)->7238K(349696K)
[326.803s][info][gc,metaspace   ] GC(2159) Metaspace: 9983K(10368K)->9983K(10368K) NonClass: 8681K(8896K)->8681K(8896K) Class: 1302K(1472K)->1302K(1472K)
[326.803s][info][gc             ] GC(2159) Pause Young (Allocation Failure) 38M->7M(373M) 1.274ms
[326.803s][info][gc,cpu         ] GC(2159) User=0.00s Sys=0.00s Real=0.00s
[326.927s][info][gc,start       ] GC(2160) Pause Young (Allocation Failure)
[326.928s][info][gc,heap        ] GC(2160) PSYoungGen: 32352K(32768K)->544K(32768K) Eden: 31744K(31744K)->0K(31744K) From: 608K(1024K)->544K(1024K)
[326.928s][info][gc,heap        ] GC(2160) ParOldGen: 7238K(349696K)->7238K(349696K)
[326.928s][info][gc,metaspace   ] GC(2160) Metaspace: 9983K(10368K)->9983K(10368K) NonClass: 8681K(8896K)->8681K(8896K) Class: 1302K(1472K)->1302K(1472K)
[326.928s][info][gc             ] GC(2160) Pause Young (Allocation Failure) 38M->7M(373M) 0.913ms
[326.928s][info][gc,cpu         ] GC(2160) User=0.00s Sys=0.00s Real=0.00s
[327.052s][info][gc,start       ] GC(2161) Pause Young (Allocation Failure)
[327.053s][info][gc,heap        ] GC(2161) PSYoungGen: 32288K(32768K)->512K(32768K) Eden: 31744K(31744K)->0K(31744K) From: 544K(1024K)->512K(1024K)
[327.053s][info][gc,heap        ] GC(2161) ParOldGen: 7238K(349696K)->7254K(349696K)
[327.053s][info][gc,metaspace   ] GC(2161) Metaspace: 9983K(10368K)->9983K(10368K) NonClass: 8681K(8896K)->8681K(8896K) Class: 1302K(1472K)->1302K(1472K)
[327.053s][info][gc             ] GC(2161) Pause Young (Allocation Failure) 38M->7M(373M) 0.921ms
[327.053s][info][gc,cpu         ] GC(2161) User=0.13s Sys=0.00s Real=0.02s
[327.177s][info][gc,start       ] GC(2162) Pause Young (Allocation Failure)
[327.178s][info][gc,heap        ] GC(2162) PSYoungGen: 32256K(32768K)->544K(32768K) Eden: 31744K(31744K)->0K(31744K) From: 512K(1024K)->544K(1024K)
[327.178s][info][gc,heap        ] GC(2162) ParOldGen: 7254K(349696K)->7254K(349696K)
[327.178s][info][gc,metaspace   ] GC(2162) Metaspace: 9983K(10368K)->9983K(10368K) NonClass: 8681K(8896K)->8681K(8896K) Class: 1302K(1472K)->1302K(1472K)
[327.178s][info][gc             ] GC(2162) Pause Young (Allocation Failure) 38M->7M(373M) 1.012ms
[327.178s][info][gc,cpu         ] GC(2162) User=0.11s Sys=0.02s Real=0.02s
[327.304s][info][gc,start       ] GC(2163) Pause Young (Allocation Failure)
[327.305s][info][gc,heap        ] GC(2163) PSYoungGen: 32288K(32768K)->768K(32768K) Eden: 31744K(31744K)->0K(31744K) From: 544K(1024K)->768K(1024K)
[327.305s][info][gc,heap        ] GC(2163) ParOldGen: 7254K(349696K)->7278K(349696K)
[327.305s][info][gc,metaspace   ] GC(2163) Metaspace: 9983K(10368K)->9983K(10368K) NonClass: 8681K(8896K)->8681K(8896K) Class: 1302K(1472K)->1302K(1472K)
[327.305s][info][gc             ] GC(2163) Pause Young (Allocation Failure) 38M->7M(373M) 1.018ms
[327.305s][info][gc,cpu         ] GC(2163) User=0.00s Sys=0.00s Real=0.00s
[327.428s][info][gc,start       ] GC(2164) Pause Young (Allocation Failure)
[327.429s][info][gc,heap        ] GC(2164) PSYoungGen: 32512K(32768K)->640K(32768K) Eden: 31744K(31744K)->0K(31744K) From: 768K(1024K)->640K(1024K)
[327.429s][info][gc,heap        ] GC(2164) ParOldGen: 7278K(349696K)->7486K(349696K)
[327.429s][info][gc,metaspace   ] GC(2164) Metaspace: 9983K(10368K)->9983K(10368K) NonClass: 8681K(8896K)->8681K(8896K) Class: 1302K(1472K)->1302K(1472K)
[327.429s][info][gc             ] GC(2164) Pause Young (Allocation Failure) 38M->7M(373M) 1.026ms
[327.429s][info][gc,cpu         ] GC(2164) User=0.00s Sys=0.00s Real=0.00s
[327.560s][info][gc,start       ] GC(2165) Pause Young (Allocation Failure)
[327.561s][info][gc,heap        ] GC(2165) PSYoungGen: 32384K(32768K)->640K(32768K) Eden: 31744K(31744K)->0K(31744K) From: 640K(1024K)->640K(1024K)
[327.561s][info][gc,heap        ] GC(2165) ParOldGen: 7486K(349696K)->7486K(349696K)
[327.561s][info][gc,metaspace   ] GC(2165) Metaspace: 9983K(10368K)->9983K(10368K) NonClass: 8681K(8896K)->8681K(8896K) Class: 1302K(1472K)->1302K(1472K)
[327.561s][info][gc             ] GC(2165) Pause Young (Allocation Failure) 38M->7M(373M) 0.919ms
[327.561s][info][gc,cpu         ] GC(2165) User=0.00s Sys=0.00s Real=0.00s
[327.684s][info][gc,start       ] GC(2166) Pause Young (Allocation Failure)
[327.685s][info][gc,heap        ] GC(2166) PSYoungGen: 32384K(32768K)->640K(32768K) Eden: 31744K(31744K)->0K(31744K) From: 640K(1024K)->640K(1024K)
[327.685s][info][gc,heap        ] GC(2166) ParOldGen: 7486K(349696K)->7486K(349696K)
[327.685s][info][gc,metaspace   ] GC(2166) Metaspace: 9983K(10368K)->9983K(10368K) NonClass: 8681K(8896K)->8681K(8896K) Class: 1302K(1472K)->1302K(1472K)
[327.685s][info][gc             ] GC(2166) Pause Young (Allocation Failure) 38M->7M(373M) 0.886ms
[327.685s][info][gc,cpu         ] GC(2166) User=0.00s Sys=0.00s Real=0.00s
[327.815s][info][gc,start       ] GC(2167) Pause Young (Allocation Failure)
[327.816s][info][gc,heap        ] GC(2167) PSYoungGen: 32384K(32768K)->544K(32768K) Eden: 31744K(31744K)->0K(31744K) From: 640K(1024K)->544K(1024K)
[327.816s][info][gc,heap        ] GC(2167) ParOldGen: 7486K(349696K)->7494K(349696K)
[327.816s][info][gc,metaspace   ] GC(2167) Metaspace: 9983K(10368K)->9983K(10368K) NonClass: 8681K(8896K)->8681K(8896K) Class: 1302K(1472K)->1302K(1472K)
[327.816s][info][gc             ] GC(2167) Pause Young (Allocation Failure) 38M->7M(373M) 0.901ms
[327.816s][info][gc,cpu         ] GC(2167) User=0.00s Sys=0.00s Real=0.00s
[327.944s][info][gc,start       ] GC(2168) Pause Young (Allocation Failure)
[327.945s][info][gc,heap        ] GC(2168) PSYoungGen: 32288K(32768K)->544K(32768K) Eden: 31744K(31744K)->0K(31744K) From: 544K(1024K)->544K(1024K)
[327.945s][info][gc,heap        ] GC(2168) ParOldGen: 7494K(349696K)->7494K(349696K)
[327.945s][info][gc,metaspace   ] GC(2168) Metaspace: 9983K(10368K)->9983K(10368K) NonClass: 8681K(8896K)->8681K(8896K) Class: 1302K(1472K)->1302K(1472K)
[327.945s][info][gc             ] GC(2168) Pause Young (Allocation Failure) 38M->7M(373M) 0.860ms
[327.945s][info][gc,cpu         ] GC(2168) User=0.00s Sys=0.00s Real=0.00s
[328.071s][info][gc,start       ] GC(2169) Pause Young (Allocation Failure)
[328.072s][info][gc,heap        ] GC(2169) PSYoungGen: 32288K(32768K)->832K(32768K) Eden: 31744K(31744K)->0K(31744K) From: 544K(1024K)->832K(1024K)
[328.072s][info][gc,heap        ] GC(2169) ParOldGen: 7494K(349696K)->7502K(349696K)
[328.072s][info][gc,metaspace   ] GC(2169) Metaspace: 9983K(10368K)->9983K(10368K) NonClass: 8681K(8896K)->8681K(8896K) Class: 1302K(1472K)->1302K(1472K)
[328.072s][info][gc             ] GC(2169) Pause Young (Allocation Failure) 38M->8M(373M) 1.049ms
[328.072s][info][gc,cpu         ] GC(2169) User=0.00s Sys=0.00s Real=0.00s
[328.202s][info][gc,start       ] GC(2170) Pause Young (Allocation Failure)
[328.203s][info][gc,heap        ] GC(2170) PSYoungGen: 32576K(32768K)->544K(32768K) Eden: 31744K(31744K)->0K(31744K) From: 832K(1024K)->544K(1024K)
[328.203s][info][gc,heap        ] GC(2170) ParOldGen: 7502K(349696K)->7758K(349696K)
[328.203s][info][gc,metaspace   ] GC(2170) Metaspace: 9983K(10368K)->9983K(10368K) NonClass: 8681K(8896K)->8681K(8896K) Class: 1302K(1472K)->1302K(1472K)
[328.203s][info][gc             ] GC(2170) Pause Young (Allocation Failure) 39M->8M(373M) 1.046ms
[328.203s][info][gc,cpu         ] GC(2170) User=0.00s Sys=0.00s Real=0.00s
[328.335s][info][gc,start       ] GC(2171) Pause Young (Allocation Failure)
[328.336s][info][gc,heap        ] GC(2171) PSYoungGen: 32288K(32768K)->512K(32768K) Eden: 31744K(31744K)->0K(31744K) From: 544K(1024K)->512K(1024K)
[328.336s][info][gc,heap        ] GC(2171) ParOldGen: 7758K(349696K)->7758K(349696K)
[328.336s][info][gc,metaspace   ] GC(2171) Metaspace: 9983K(10368K)->9983K(10368K) NonClass: 8681K(8896K)->8681K(8896K) Class: 1302K(1472K)->1302K(1472K)
[328.336s][info][gc             ] GC(2171) Pause Young (Allocation Failure) 39M->8M(373M) 0.834ms
[328.336s][info][gc,cpu         ] GC(2171) User=0.00s Sys=0.00s Real=0.00s
[328.466s][info][gc,start       ] GC(2172) Pause Young (Allocation Failure)
[328.466s][info][gc,heap        ] GC(2172) PSYoungGen: 32256K(32768K)->544K(32768K) Eden: 31744K(31744K)->0K(31744K) From: 512K(1024K)->544K(1024K)
[328.467s][info][gc,heap        ] GC(2172) ParOldGen: 7758K(349696K)->7758K(349696K)
[328.467s][info][gc,metaspace   ] GC(2172) Metaspace: 9983K(10368K)->9983K(10368K) NonClass: 8681K(8896K)->8681K(8896K) Class: 1302K(1472K)->1302K(1472K)
[328.467s][info][gc             ] GC(2172) Pause Young (Allocation Failure) 39M->8M(373M) 0.885ms
[328.467s][info][gc,cpu         ] GC(2172) User=0.00s Sys=0.00s Real=0.00s
[328.592s][info][gc,start       ] GC(2173) Pause Young (Allocation Failure)
[328.593s][info][gc,heap        ] GC(2173) PSYoungGen: 32288K(32768K)->544K(32768K) Eden: 31744K(31744K)->0K(31744K) From: 544K(1024K)->544K(1024K)
[328.593s][info][gc,heap        ] GC(2173) ParOldGen: 7758K(349696K)->7758K(349696K)
[328.593s][info][gc,metaspace   ] GC(2173) Metaspace: 9983K(10368K)->9983K(10368K) NonClass: 8681K(8896K)->8681K(8896K) Class: 1302K(1472K)->1302K(1472K)
[328.593s][info][gc             ] GC(2173) Pause Young (Allocation Failure) 39M->8M(373M) 0.909ms
[328.593s][info][gc,cpu         ] GC(2173) User=0.00s Sys=0.00s Real=0.00s
[328.721s][info][gc,start       ] GC(2174) Pause Young (Allocation Failure)
[328.722s][info][gc,heap        ] GC(2174) PSYoungGen: 32288K(32768K)->544K(32768K) Eden: 31744K(31744K)->0K(31744K) From: 544K(1024K)->544K(1024K)
[328.722s][info][gc,heap        ] GC(2174) ParOldGen: 7758K(349696K)->7758K(349696K)
[328.722s][info][gc,metaspace   ] GC(2174) Metaspace: 9983K(10368K)->9983K(10368K) NonClass: 8681K(8896K)->8681K(8896K) Class: 1302K(1472K)->1302K(1472K)
[328.722s][info][gc             ] GC(2174) Pause Young (Allocation Failure) 39M->8M(373M) 0.891ms
[328.722s][info][gc,cpu         ] GC(2174) User=0.00s Sys=0.00s Real=0.00s
[328.846s][info][gc,start       ] GC(2175) Pause Young (Allocation Failure)
[328.846s][info][gc,heap        ] GC(2175) PSYoungGen: 32288K(32768K)->544K(32768K) Eden: 31744K(31744K)->0K(31744K) From: 544K(1024K)->544K(1024K)
[328.846s][info][gc,heap        ] GC(2175) ParOldGen: 7758K(349696K)->7758K(349696K)
[328.846s][info][gc,metaspace   ] GC(2175) Metaspace: 9983K(10368K)->9983K(10368K) NonClass: 8681K(8896K)->8681K(8896K) Class: 1302K(1472K)->1302K(1472K)
[328.846s][info][gc             ] GC(2175) Pause Young (Allocation Failure) 39M->8M(373M) 0.860ms
[328.846s][info][gc,cpu         ] GC(2175) User=0.00s Sys=0.00s Real=0.00s
[328.970s][info][gc,start       ] GC(2176) Pause Young (Allocation Failure)
[328.971s][info][gc,heap        ] GC(2176) PSYoungGen: 32288K(32768K)->512K(32768K) Eden: 31744K(31744K)->0K(31744K) From: 544K(1024K)->512K(1024K)
[328.971s][info][gc,heap        ] GC(2176) ParOldGen: 7758K(349696K)->7758K(349696K)
[328.971s][info][gc,metaspace   ] GC(2176) Metaspace: 9983K(10368K)->9983K(10368K) NonClass: 8681K(8896K)->8681K(8896K) Class: 1302K(1472K)->1302K(1472K)
[328.971s][info][gc             ] GC(2176) Pause Young (Allocation Failure) 39M->8M(373M) 0.853ms
[328.971s][info][gc,cpu         ] GC(2176) User=0.00s Sys=0.00s Real=0.00s
[329.091s][info][gc,start       ] GC(2177) Pause Young (Allocation Failure)
[329.092s][info][gc,heap        ] GC(2177) PSYoungGen: 32256K(32768K)->576K(32768K) Eden: 31744K(31744K)->0K(31744K) From: 512K(1024K)->576K(1024K)
[329.092s][info][gc,heap        ] GC(2177) ParOldGen: 7758K(349696K)->7758K(349696K)
[329.092s][info][gc,metaspace   ] GC(2177) Metaspace: 9983K(10368K)->9983K(10368K) NonClass: 8681K(8896K)->8681K(8896K) Class: 1302K(1472K)->1302K(1472K)
[329.092s][info][gc             ] GC(2177) Pause Young (Allocation Failure) 39M->8M(373M) 0.965ms
[329.092s][info][gc,cpu         ] GC(2177) User=0.00s Sys=0.00s Real=0.00s
[329.218s][info][gc,start       ] GC(2178) Pause Young (Allocation Failure)
[329.219s][info][gc,heap        ] GC(2178) PSYoungGen: 32320K(32768K)->544K(32768K) Eden: 31744K(31744K)->0K(31744K) From: 576K(1024K)->544K(1024K)
[329.219s][info][gc,heap        ] GC(2178) ParOldGen: 7758K(349696K)->7758K(349696K)
[329.219s][info][gc,metaspace   ] GC(2178) Metaspace: 9983K(10368K)->9983K(10368K) NonClass: 8681K(8896K)->8681K(8896K) Class: 1302K(1472K)->1302K(1472K)
[329.219s][info][gc             ] GC(2178) Pause Young (Allocation Failure) 39M->8M(373M) 0.910ms
[329.219s][info][gc,cpu         ] GC(2178) User=0.00s Sys=0.00s Real=0.00s
[329.338s][info][gc,start       ] GC(2179) Pause Young (Allocation Failure)
[329.339s][info][gc,heap        ] GC(2179) PSYoungGen: 32288K(32768K)->544K(32768K) Eden: 31744K(31744K)->0K(31744K) From: 544K(1024K)->544K(1024K)
[329.339s][info][gc,heap        ] GC(2179) ParOldGen: 7758K(349696K)->7758K(349696K)
[329.339s][info][gc,metaspace   ] GC(2179) Metaspace: 9983K(10368K)->9983K(10368K) NonClass: 8681K(8896K)->8681K(8896K) Class: 1302K(1472K)->1302K(1472K)
[329.339s][info][gc             ] GC(2179) Pause Young (Allocation Failure) 39M->8M(373M) 0.885ms
[329.339s][info][gc,cpu         ] GC(2179) User=0.00s Sys=0.00s Real=0.00s
[329.470s][info][gc,start       ] GC(2180) Pause Young (Allocation Failure)
[329.471s][info][gc,heap        ] GC(2180) PSYoungGen: 32288K(32768K)->576K(32768K) Eden: 31744K(31744K)->0K(31744K) From: 544K(1024K)->576K(1024K)
[329.471s][info][gc,heap        ] GC(2180) ParOldGen: 7758K(349696K)->7758K(349696K)
[329.471s][info][gc,metaspace   ] GC(2180) Metaspace: 9983K(10368K)->9983K(10368K) NonClass: 8681K(8896K)->8681K(8896K) Class: 1302K(1472K)->1302K(1472K)
[329.471s][info][gc             ] GC(2180) Pause Young (Allocation Failure) 39M->8M(373M) 0.885ms
[329.471s][info][gc,cpu         ] GC(2180) User=0.00s Sys=0.00s Real=0.00s
[329.599s][info][gc,start       ] GC(2181) Pause Young (Allocation Failure)
[329.600s][info][gc,heap        ] GC(2181) PSYoungGen: 32320K(32768K)->608K(32768K) Eden: 31744K(31744K)->0K(31744K) From: 576K(1024K)->608K(1024K)
[329.600s][info][gc,heap        ] GC(2181) ParOldGen: 7758K(349696K)->7758K(349696K)
[329.600s][info][gc,metaspace   ] GC(2181) Metaspace: 9983K(10368K)->9983K(10368K) NonClass: 8681K(8896K)->8681K(8896K) Class: 1302K(1472K)->1302K(1472K)
[329.600s][info][gc             ] GC(2181) Pause Young (Allocation Failure) 39M->8M(373M) 0.926ms
[329.600s][info][gc,cpu         ] GC(2181) User=0.00s Sys=0.00s Real=0.00s
[329.730s][info][gc,start       ] GC(2182) Pause Young (Allocation Failure)
[329.731s][info][gc,heap        ] GC(2182) PSYoungGen: 32352K(32768K)->608K(32768K) Eden: 31744K(31744K)->0K(31744K) From: 608K(1024K)->608K(1024K)
[329.731s][info][gc,heap        ] GC(2182) ParOldGen: 7758K(349696K)->7758K(349696K)
[329.731s][info][gc,metaspace   ] GC(2182) Metaspace: 9983K(10368K)->9983K(10368K) NonClass: 8681K(8896K)->8681K(8896K) Class: 1302K(1472K)->1302K(1472K)
[329.731s][info][gc             ] GC(2182) Pause Young (Allocation Failure) 39M->8M(373M) 0.890ms
[329.731s][info][gc,cpu         ] GC(2182) User=0.00s Sys=0.00s Real=0.00s
[329.855s][info][gc,start       ] GC(2183) Pause Young (Allocation Failure)
[329.856s][info][gc,heap        ] GC(2183) PSYoungGen: 32352K(32768K)->512K(32768K) Eden: 31744K(31744K)->0K(31744K) From: 608K(1024K)->512K(1024K)
[329.856s][info][gc,heap        ] GC(2183) ParOldGen: 7758K(349696K)->7758K(349696K)
[329.856s][info][gc,metaspace   ] GC(2183) Metaspace: 9983K(10368K)->9983K(10368K) NonClass: 8681K(8896K)->8681K(8896K) Class: 1302K(1472K)->1302K(1472K)
[329.856s][info][gc             ] GC(2183) Pause Young (Allocation Failure) 39M->8M(373M) 0.876ms
[329.856s][info][gc,cpu         ] GC(2183) User=0.00s Sys=0.00s Real=0.00s
[329.985s][info][gc,start       ] GC(2184) Pause Young (Allocation Failure)
[329.986s][info][gc,heap        ] GC(2184) PSYoungGen: 32256K(32768K)->576K(32768K) Eden: 31744K(31744K)->0K(31744K) From: 512K(1024K)->576K(1024K)
[329.986s][info][gc,heap        ] GC(2184) ParOldGen: 7758K(349696K)->7766K(349696K)
[329.986s][info][gc,metaspace   ] GC(2184) Metaspace: 9983K(10368K)->9983K(10368K) NonClass: 8681K(8896K)->8681K(8896K) Class: 1302K(1472K)->1302K(1472K)
[329.986s][info][gc             ] GC(2184) Pause Young (Allocation Failure) 39M->8M(373M) 0.925ms
[329.986s][info][gc,cpu         ] GC(2184) User=0.00s Sys=0.00s Real=0.00s
[330.119s][info][gc,start       ] GC(2185) Pause Young (Allocation Failure)
[330.120s][info][gc,heap        ] GC(2185) PSYoungGen: 32320K(32768K)->512K(32768K) Eden: 31744K(31744K)->0K(31744K) From: 576K(1024K)->512K(1024K)
[330.120s][info][gc,heap        ] GC(2185) ParOldGen: 7766K(349696K)->7766K(349696K)
[330.120s][info][gc,metaspace   ] GC(2185) Metaspace: 9983K(10368K)->9983K(10368K) NonClass: 8681K(8896K)->8681K(8896K) Class: 1302K(1472K)->1302K(1472K)
[330.120s][info][gc             ] GC(2185) Pause Young (Allocation Failure) 39M->8M(373M) 0.855ms
[330.120s][info][gc,cpu         ] GC(2185) User=0.00s Sys=0.00s Real=0.00s
[330.243s][info][gc,start       ] GC(2186) Pause Young (Allocation Failure)
[330.244s][info][gc,heap        ] GC(2186) PSYoungGen: 32256K(32768K)->576K(32768K) Eden: 31744K(31744K)->0K(31744K) From: 512K(1024K)->576K(1024K)
[330.244s][info][gc,heap        ] GC(2186) ParOldGen: 7766K(349696K)->7766K(349696K)
[330.244s][info][gc,metaspace   ] GC(2186) Metaspace: 9983K(10368K)->9983K(10368K) NonClass: 8681K(8896K)->8681K(8896K) Class: 1302K(1472K)->1302K(1472K)
[330.244s][info][gc             ] GC(2186) Pause Young (Allocation Failure) 39M->8M(373M) 0.865ms
[330.244s][info][gc,cpu         ] GC(2186) User=0.00s Sys=0.00s Real=0.00s
[330.373s][info][gc,start       ] GC(2187) Pause Young (Allocation Failure)
[330.374s][info][gc,heap        ] GC(2187) PSYoungGen: 32320K(32768K)->576K(32768K) Eden: 31744K(31744K)->0K(31744K) From: 576K(1024K)->576K(1024K)
[330.374s][info][gc,heap        ] GC(2187) ParOldGen: 7766K(349696K)->7766K(349696K)
[330.374s][info][gc,metaspace   ] GC(2187) Metaspace: 9983K(10368K)->9983K(10368K) NonClass: 8681K(8896K)->8681K(8896K) Class: 1302K(1472K)->1302K(1472K)
[330.374s][info][gc             ] GC(2187) Pause Young (Allocation Failure) 39M->8M(373M) 0.908ms
[330.374s][info][gc,cpu         ] GC(2187) User=0.00s Sys=0.00s Real=0.00s
[330.497s][info][gc,start       ] GC(2188) Pause Young (Allocation Failure)
[330.498s][info][gc,heap        ] GC(2188) PSYoungGen: 32320K(32768K)->608K(32768K) Eden: 31744K(31744K)->0K(31744K) From: 576K(1024K)->608K(1024K)
[330.498s][info][gc,heap        ] GC(2188) ParOldGen: 7766K(349696K)->7766K(349696K)
[330.498s][info][gc,metaspace   ] GC(2188) Metaspace: 9983K(10368K)->9983K(10368K) NonClass: 8681K(8896K)->8681K(8896K) Class: 1302K(1472K)->1302K(1472K)
[330.498s][info][gc             ] GC(2188) Pause Young (Allocation Failure) 39M->8M(373M) 0.909ms
[330.498s][info][gc,cpu         ] GC(2188) User=0.00s Sys=0.00s Real=0.00s
[330.626s][info][gc,start       ] GC(2189) Pause Young (Allocation Failure)
[330.627s][info][gc,heap        ] GC(2189) PSYoungGen: 32352K(32768K)->704K(32768K) Eden: 31744K(31744K)->0K(31744K) From: 608K(1024K)->704K(1024K)
[330.627s][info][gc,heap        ] GC(2189) ParOldGen: 7766K(349696K)->7806K(349696K)
[330.627s][info][gc,metaspace   ] GC(2189) Metaspace: 9983K(10368K)->9983K(10368K) NonClass: 8681K(8896K)->8681K(8896K) Class: 1302K(1472K)->1302K(1472K)
[330.627s][info][gc             ] GC(2189) Pause Young (Allocation Failure) 39M->8M(373M) 0.992ms
[330.627s][info][gc,cpu         ] GC(2189) User=0.00s Sys=0.00s Real=0.00s
[330.752s][info][gc,start       ] GC(2190) Pause Young (Allocation Failure)
[330.753s][info][gc,heap        ] GC(2190) PSYoungGen: 32448K(32768K)->576K(32768K) Eden: 31744K(31744K)->0K(31744K) From: 704K(1024K)->576K(1024K)
[330.753s][info][gc,heap        ] GC(2190) ParOldGen: 7806K(349696K)->8038K(349696K)
[330.753s][info][gc,metaspace   ] GC(2190) Metaspace: 9983K(10368K)->9983K(10368K) NonClass: 8681K(8896K)->8681K(8896K) Class: 1302K(1472K)->1302K(1472K)
[330.753s][info][gc             ] GC(2190) Pause Young (Allocation Failure) 39M->8M(373M) 1.036ms
[330.753s][info][gc,cpu         ] GC(2190) User=0.00s Sys=0.00s Real=0.00s
[330.885s][info][gc,start       ] GC(2191) Pause Young (Allocation Failure)
[330.886s][info][gc,heap        ] GC(2191) PSYoungGen: 32320K(32768K)->512K(32768K) Eden: 31744K(31744K)->0K(31744K) From: 576K(1024K)->512K(1024K)
[330.886s][info][gc,heap        ] GC(2191) ParOldGen: 8038K(349696K)->8038K(349696K)
[330.886s][info][gc,metaspace   ] GC(2191) Metaspace: 9983K(10368K)->9983K(10368K) NonClass: 8681K(8896K)->8681K(8896K) Class: 1302K(1472K)->1302K(1472K)
[330.886s][info][gc             ] GC(2191) Pause Young (Allocation Failure) 39M->8M(373M) 0.887ms
[330.886s][info][gc,cpu         ] GC(2191) User=0.00s Sys=0.00s Real=0.00s
[330.891s][info][gc,start       ] GC(2192) Pause Young (System.gc())
[330.891s][info][gc,heap        ] GC(2192) PSYoungGen: 1412K(32768K)->352K(32768K) Eden: 900K(31744K)->0K(31744K) From: 512K(1024K)->352K(1024K)
[330.891s][info][gc,heap        ] GC(2192) ParOldGen: 8038K(349696K)->8318K(349696K)
[330.891s][info][gc,metaspace   ] GC(2192) Metaspace: 9983K(10368K)->9983K(10368K) NonClass: 8681K(8896K)->8681K(8896K) Class: 1302K(1472K)->1302K(1472K)
[330.891s][info][gc             ] GC(2192) Pause Young (System.gc()) 9M->8M(373M) 0.809ms
[330.891s][info][gc,cpu         ] GC(2192) User=0.00s Sys=0.00s Real=0.00s
[330.892s][info][gc,start       ] GC(2193) Pause Full (System.gc())
[330.892s][info][gc,phases,start] GC(2193) Marking Phase
[330.906s][info][gc,phases      ] GC(2193) Marking Phase 14.155ms
[330.906s][info][gc,phases,start] GC(2193) Summary Phase
[330.906s][info][gc,phases      ] GC(2193) Summary Phase 0.031ms
[330.906s][info][gc,phases,start] GC(2193) Adjust Roots
[330.910s][info][gc,phases      ] GC(2193) Adjust Roots 4.039ms
[330.910s][info][gc,phases,start] GC(2193) Compaction Phase
[330.913s][info][gc,phases      ] GC(2193) Compaction Phase 2.981ms
[330.913s][info][gc,phases,start] GC(2193) Post Compact
[330.913s][info][gc,phases      ] GC(2193) Post Compact 0.283ms
[330.913s][info][gc,heap        ] GC(2193) PSYoungGen: 352K(32768K)->0K(32768K) Eden: 0K(31744K)->0K(31744K) From: 352K(1024K)->0K(1024K)
[330.913s][info][gc,heap        ] GC(2193) ParOldGen: 8318K(349696K)->4078K(349696K)
[330.913s][info][gc,metaspace   ] GC(2193) Metaspace: 9983K(10368K)->9983K(10368K) NonClass: 8681K(8896K)->8681K(8896K) Class: 1302K(1472K)->1302K(1472K)
[330.913s][info][gc             ] GC(2193) Pause Full (System.gc()) 8M->3M(373M) 21.828ms
[330.913s][info][gc,cpu         ] GC(2193) User=0.25s Sys=0.00s Real=0.03s
[331.040s][info][gc,start       ] GC(2194) Pause Young (Allocation Failure)
[331.041s][info][gc,heap        ] GC(2194) PSYoungGen: 31744K(32768K)->1024K(32768K) Eden: 31744K(31744K)->0K(31744K) From: 0K(1024K)->1024K(1024K)
[331.041s][info][gc,heap        ] GC(2194) ParOldGen: 4078K(349696K)->4222K(349696K)
[331.041s][info][gc,metaspace   ] GC(2194) Metaspace: 9983K(10368K)->9983K(10368K) NonClass: 8681K(8896K)->8681K(8896K) Class: 1302K(1472K)->1302K(1472K)
[331.041s][info][gc             ] GC(2194) Pause Young (Allocation Failure) 34M->5M(373M) 1.405ms
[331.041s][info][gc,cpu         ] GC(2194) User=0.00s Sys=0.00s Real=0.00s
[331.168s][info][gc,start       ] GC(2195) Pause Young (Allocation Failure)
[331.169s][info][gc,heap        ] GC(2195) PSYoungGen: 32767K(32768K)->960K(32256K) Eden: 31743K(31744K)->0K(31232K) From: 1024K(1024K)->960K(1024K)
[331.169s][info][gc,heap        ] GC(2195) ParOldGen: 4222K(349696K)->4686K(349696K)
[331.169s][info][gc,metaspace   ] GC(2195) Metaspace: 9983K(10368K)->9983K(10368K) NonClass: 8681K(8896K)->8681K(8896K) Class: 1302K(1472K)->1302K(1472K)
[331.169s][info][gc             ] GC(2195) Pause Young (Allocation Failure) 36M->5M(373M) 1.507ms
[331.169s][info][gc,cpu         ] GC(2195) User=0.00s Sys=0.00s Real=0.00s
[331.294s][info][gc,start       ] GC(2196) Pause Young (Allocation Failure)
[331.295s][info][gc,heap        ] GC(2196) PSYoungGen: 32192K(32256K)->608K(32256K) Eden: 31232K(31232K)->0K(31232K) From: 960K(1024K)->608K(1024K)
[331.295s][info][gc,heap        ] GC(2196) ParOldGen: 4686K(349696K)->5054K(349696K)
[331.295s][info][gc,metaspace   ] GC(2196) Metaspace: 9983K(10368K)->9983K(10368K) NonClass: 8681K(8896K)->8681K(8896K) Class: 1302K(1472K)->1302K(1472K)
[331.295s][info][gc             ] GC(2196) Pause Young (Allocation Failure) 36M->5M(373M) 1.383ms
[331.295s][info][gc,cpu         ] GC(2196) User=0.00s Sys=0.00s Real=0.00s
[331.420s][info][gc,start       ] GC(2197) Pause Young (Allocation Failure)
[331.421s][info][gc,heap        ] GC(2197) PSYoungGen: 31840K(32256K)->768K(32256K) Eden: 31232K(31232K)->0K(31232K) From: 608K(1024K)->768K(1024K)
[331.421s][info][gc,heap        ] GC(2197) ParOldGen: 5054K(349696K)->5054K(349696K)
[331.421s][info][gc,metaspace   ] GC(2197) Metaspace: 9983K(10368K)->9983K(10368K) NonClass: 8681K(8896K)->8681K(8896K) Class: 1302K(1472K)->1302K(1472K)
[331.421s][info][gc             ] GC(2197) Pause Young (Allocation Failure) 36M->5M(373M) 0.998ms
[331.421s][info][gc,cpu         ] GC(2197) User=0.00s Sys=0.00s Real=0.00s
[331.545s][info][gc,start       ] GC(2198) Pause Young (Allocation Failure)
[331.546s][info][gc,heap        ] GC(2198) PSYoungGen: 32000K(32256K)->576K(32256K) Eden: 31232K(31232K)->0K(31232K) From: 768K(1024K)->576K(1024K)
[331.546s][info][gc,heap        ] GC(2198) ParOldGen: 5054K(349696K)->5270K(349696K)
[331.546s][info][gc,metaspace   ] GC(2198) Metaspace: 9983K(10368K)->9983K(10368K) NonClass: 8681K(8896K)->8681K(8896K) Class: 1302K(1472K)->1302K(1472K)
[331.546s][info][gc             ] GC(2198) Pause Young (Allocation Failure) 36M->5M(373M) 1.014ms
[331.546s][info][gc,cpu         ] GC(2198) User=0.00s Sys=0.00s Real=0.00s
[331.669s][info][gc,start       ] GC(2199) Pause Young (Allocation Failure)
[331.670s][info][gc,heap        ] GC(2199) PSYoungGen: 31808K(32256K)->768K(32256K) Eden: 31232K(31232K)->0K(31232K) From: 576K(1024K)->768K(1024K)
[331.670s][info][gc,heap        ] GC(2199) ParOldGen: 5270K(349696K)->5318K(349696K)
[331.670s][info][gc,metaspace   ] GC(2199) Metaspace: 9983K(10368K)->9983K(10368K) NonClass: 8681K(8896K)->8681K(8896K) Class: 1302K(1472K)->1302K(1472K)
[331.670s][info][gc             ] GC(2199) Pause Young (Allocation Failure) 36M->5M(373M) 0.965ms
[331.670s][info][gc,cpu         ] GC(2199) User=0.00s Sys=0.00s Real=0.00s
[331.792s][info][gc,start       ] GC(2200) Pause Young (Allocation Failure)
[331.793s][info][gc,heap        ] GC(2200) PSYoungGen: 32000K(32256K)->736K(32256K) Eden: 31232K(31232K)->0K(31232K) From: 768K(1024K)->736K(1024K)
[331.793s][info][gc,heap        ] GC(2200) ParOldGen: 5318K(349696K)->5558K(349696K)
[331.793s][info][gc,metaspace   ] GC(2200) Metaspace: 9983K(10368K)->9983K(10368K) NonClass: 8681K(8896K)->8681K(8896K) Class: 1302K(1472K)->1302K(1472K)
[331.793s][info][gc             ] GC(2200) Pause Young (Allocation Failure) 36M->6M(373M) 1.101ms
[331.793s][info][gc,cpu         ] GC(2200) User=0.00s Sys=0.00s Real=0.00s
[331.921s][info][gc,start       ] GC(2201) Pause Young (Allocation Failure)
[331.922s][info][gc,heap        ] GC(2201) PSYoungGen: 31968K(32256K)->672K(32256K) Eden: 31232K(31232K)->0K(31232K) From: 736K(1024K)->672K(1024K)
[331.922s][info][gc,heap        ] GC(2201) ParOldGen: 5558K(349696K)->5790K(349696K)
[331.922s][info][gc,metaspace   ] GC(2201) Metaspace: 9983K(10368K)->9983K(10368K) NonClass: 8681K(8896K)->8681K(8896K) Class: 1302K(1472K)->1302K(1472K)
[331.922s][info][gc             ] GC(2201) Pause Young (Allocation Failure) 36M->6M(373M) 1.095ms
[331.922s][info][gc,cpu         ] GC(2201) User=0.00s Sys=0.00s Real=0.00s
[332.053s][info][gc,start       ] GC(2202) Pause Young (Allocation Failure)
[332.054s][info][gc,heap        ] GC(2202) PSYoungGen: 31904K(32256K)->608K(32256K) Eden: 31232K(31232K)->0K(31232K) From: 672K(1024K)->608K(1024K)
[332.054s][info][gc,heap        ] GC(2202) ParOldGen: 5790K(349696K)->5790K(349696K)
[332.054s][info][gc,metaspace   ] GC(2202) Metaspace: 9983K(10368K)->9983K(10368K) NonClass: 8681K(8896K)->8681K(8896K) Class: 1302K(1472K)->1302K(1472K)
[332.054s][info][gc             ] GC(2202) Pause Young (Allocation Failure) 36M->6M(373M) 0.902ms
[332.054s][info][gc,cpu         ] GC(2202) User=0.00s Sys=0.00s Real=0.00s
[332.185s][info][gc,start       ] GC(2203) Pause Young (Allocation Failure)
[332.194s][info][gc,heap        ] GC(2203) PSYoungGen: 31840K(32256K)->608K(32256K) Eden: 31232K(31232K)->0K(31232K) From: 608K(1024K)->608K(1024K)
[332.194s][info][gc,heap        ] GC(2203) ParOldGen: 5790K(349696K)->5798K(349696K)
[332.194s][info][gc,metaspace   ] GC(2203) Metaspace: 9983K(10368K)->9983K(10368K) NonClass: 8681K(8896K)->8681K(8896K) Class: 1302K(1472K)->1302K(1472K)
[332.194s][info][gc             ] GC(2203) Pause Young (Allocation Failure) 36M->6M(373M) 9.029ms
[332.194s][info][gc,cpu         ] GC(2203) User=0.00s Sys=0.00s Real=0.02s
[332.321s][info][gc,start       ] GC(2204) Pause Young (Allocation Failure)
[332.322s][info][gc,heap        ] GC(2204) PSYoungGen: 31840K(32256K)->800K(32256K) Eden: 31232K(31232K)->0K(31232K) From: 608K(1024K)->800K(1024K)
[332.322s][info][gc,heap        ] GC(2204) ParOldGen: 5798K(349696K)->5838K(349696K)
[332.322s][info][gc,metaspace   ] GC(2204) Metaspace: 9983K(10368K)->9983K(10368K) NonClass: 8681K(8896K)->8681K(8896K) Class: 1302K(1472K)->1302K(1472K)
[332.322s][info][gc             ] GC(2204) Pause Young (Allocation Failure) 36M->6M(373M) 1.007ms
[332.322s][info][gc,cpu         ] GC(2204) User=0.00s Sys=0.00s Real=0.00s
[332.449s][info][gc,start       ] GC(2205) Pause Young (Allocation Failure)
[332.449s][info][gc,heap        ] GC(2205) PSYoungGen: 32032K(32256K)->640K(32256K) Eden: 31232K(31232K)->0K(31232K) From: 800K(1024K)->640K(1024K)
[332.450s][info][gc,heap        ] GC(2205) ParOldGen: 5838K(349696K)->6046K(349696K)
[332.450s][info][gc,metaspace   ] GC(2205) Metaspace: 9983K(10368K)->9983K(10368K) NonClass: 8681K(8896K)->8681K(8896K) Class: 1302K(1472K)->1302K(1472K)
[332.450s][info][gc             ] GC(2205) Pause Young (Allocation Failure) 36M->6M(373M) 1.054ms
[332.450s][info][gc,cpu         ] GC(2205) User=0.00s Sys=0.00s Real=0.00s
[332.581s][info][gc,start       ] GC(2206) Pause Young (Allocation Failure)
[332.582s][info][gc,heap        ] GC(2206) PSYoungGen: 31872K(32256K)->704K(32256K) Eden: 31232K(31232K)->0K(31232K) From: 640K(1024K)->704K(1024K)
[332.582s][info][gc,heap        ] GC(2206) ParOldGen: 6046K(349696K)->6054K(349696K)
[332.582s][info][gc,metaspace   ] GC(2206) Metaspace: 9983K(10368K)->9983K(10368K) NonClass: 8681K(8896K)->8681K(8896K) Class: 1302K(1472K)->1302K(1472K)
[332.582s][info][gc             ] GC(2206) Pause Young (Allocation Failure) 37M->6M(373M) 1.059ms
[332.582s][info][gc,cpu         ] GC(2206) User=0.00s Sys=0.02s Real=0.02s
[332.704s][info][gc,start       ] GC(2207) Pause Young (Allocation Failure)
[332.705s][info][gc,heap        ] GC(2207) PSYoungGen: 31936K(32256K)->800K(32256K) Eden: 31232K(31232K)->0K(31232K) From: 704K(1024K)->800K(1024K)
[332.705s][info][gc,heap        ] GC(2207) ParOldGen: 6054K(349696K)->6254K(349696K)
[332.705s][info][gc,metaspace   ] GC(2207) Metaspace: 9983K(10368K)->9983K(10368K) NonClass: 8681K(8896K)->8681K(8896K) Class: 1302K(1472K)->1302K(1472K)
[332.705s][info][gc             ] GC(2207) Pause Young (Allocation Failure) 37M->6M(373M) 1.106ms
[332.705s][info][gc,cpu         ] GC(2207) User=0.00s Sys=0.00s Real=0.00s
[332.838s][info][gc,start       ] GC(2208) Pause Young (Allocation Failure)
[332.839s][info][gc,heap        ] GC(2208) PSYoungGen: 32032K(32256K)->800K(32256K) Eden: 31232K(31232K)->0K(31232K) From: 800K(1024K)->800K(1024K)
[332.839s][info][gc,heap        ] GC(2208) ParOldGen: 6254K(349696K)->6454K(349696K)
[332.839s][info][gc,metaspace   ] GC(2208) Metaspace: 9983K(10368K)->9983K(10368K) NonClass: 8681K(8896K)->8681K(8896K) Class: 1302K(1472K)->1302K(1472K)
[332.840s][info][gc             ] GC(2208) Pause Young (Allocation Failure) 37M->7M(373M) 1.129ms
[332.840s][info][gc,cpu         ] GC(2208) User=0.00s Sys=0.00s Real=0.00s
[332.967s][info][gc,start       ] GC(2209) Pause Young (Allocation Failure)
[332.968s][info][gc,heap        ] GC(2209) PSYoungGen: 32032K(32256K)->480K(32256K) Eden: 31232K(31232K)->0K(31232K) From: 800K(1024K)->480K(1024K)
[332.968s][info][gc,heap        ] GC(2209) ParOldGen: 6454K(349696K)->6678K(349696K)
[332.968s][info][gc,metaspace   ] GC(2209) Metaspace: 9983K(10368K)->9983K(10368K) NonClass: 8681K(8896K)->8681K(8896K) Class: 1302K(1472K)->1302K(1472K)
[332.968s][info][gc             ] GC(2209) Pause Young (Allocation Failure) 37M->6M(373M) 0.970ms
[332.968s][info][gc,cpu         ] GC(2209) User=0.00s Sys=0.00s Real=0.00s
[333.091s][info][gc,start       ] GC(2210) Pause Young (Allocation Failure)
[333.092s][info][gc,heap        ] GC(2210) PSYoungGen: 31712K(32256K)->544K(32256K) Eden: 31232K(31232K)->0K(31232K) From: 480K(1024K)->544K(1024K)
[333.092s][info][gc,heap        ] GC(2210) ParOldGen: 6678K(349696K)->6686K(349696K)
[333.092s][info][gc,metaspace   ] GC(2210) Metaspace: 9983K(10368K)->9983K(10368K) NonClass: 8681K(8896K)->8681K(8896K) Class: 1302K(1472K)->1302K(1472K)
[333.092s][info][gc             ] GC(2210) Pause Young (Allocation Failure) 37M->7M(373M) 0.977ms
[333.092s][info][gc,cpu         ] GC(2210) User=0.00s Sys=0.00s Real=0.00s
[333.217s][info][gc,start       ] GC(2211) Pause Young (Allocation Failure)
[333.218s][info][gc,heap        ] GC(2211) PSYoungGen: 31776K(32256K)->512K(32256K) Eden: 31232K(31232K)->0K(31232K) From: 544K(1024K)->512K(1024K)
[333.218s][info][gc,heap        ] GC(2211) ParOldGen: 6686K(349696K)->6686K(349696K)
[333.218s][info][gc,metaspace   ] GC(2211) Metaspace: 9983K(10368K)->9983K(10368K) NonClass: 8681K(8896K)->8681K(8896K) Class: 1302K(1472K)->1302K(1472K)
[333.218s][info][gc             ] GC(2211) Pause Young (Allocation Failure) 37M->7M(373M) 0.869ms
[333.218s][info][gc,cpu         ] GC(2211) User=0.00s Sys=0.00s Real=0.00s
[333.342s][info][gc,start       ] GC(2212) Pause Young (Allocation Failure)
[333.343s][info][gc,heap        ] GC(2212) PSYoungGen: 31744K(32256K)->704K(32256K) Eden: 31232K(31232K)->0K(31232K) From: 512K(1024K)->704K(1024K)
[333.343s][info][gc,heap        ] GC(2212) ParOldGen: 6686K(349696K)->6694K(349696K)
[333.343s][info][gc,metaspace   ] GC(2212) Metaspace: 9983K(10368K)->9983K(10368K) NonClass: 8681K(8896K)->8681K(8896K) Class: 1302K(1472K)->1302K(1472K)
[333.343s][info][gc             ] GC(2212) Pause Young (Allocation Failure) 37M->7M(373M) 0.942ms
[333.343s][info][gc,cpu         ] GC(2212) User=0.00s Sys=0.00s Real=0.00s
[333.471s][info][gc,start       ] GC(2213) Pause Young (Allocation Failure)
[333.472s][info][gc,heap        ] GC(2213) PSYoungGen: 31936K(32256K)->576K(32256K) Eden: 31232K(31232K)->0K(31232K) From: 704K(1024K)->576K(1024K)
[333.472s][info][gc,heap        ] GC(2213) ParOldGen: 6694K(349696K)->6694K(349696K)
[333.472s][info][gc,metaspace   ] GC(2213) Metaspace: 9983K(10368K)->9983K(10368K) NonClass: 8681K(8896K)->8681K(8896K) Class: 1302K(1472K)->1302K(1472K)
[333.472s][info][gc             ] GC(2213) Pause Young (Allocation Failure) 37M->7M(373M) 0.904ms
[333.472s][info][gc,cpu         ] GC(2213) User=0.00s Sys=0.00s Real=0.00s
[333.597s][info][gc,start       ] GC(2214) Pause Young (Allocation Failure)
[333.598s][info][gc,heap        ] GC(2214) PSYoungGen: 31808K(32256K)->576K(32256K) Eden: 31232K(31232K)->0K(31232K) From: 576K(1024K)->576K(1024K)
[333.598s][info][gc,heap        ] GC(2214) ParOldGen: 6694K(349696K)->6694K(349696K)
[333.598s][info][gc,metaspace   ] GC(2214) Metaspace: 9983K(10368K)->9983K(10368K) NonClass: 8681K(8896K)->8681K(8896K) Class: 1302K(1472K)->1302K(1472K)
[333.598s][info][gc             ] GC(2214) Pause Young (Allocation Failure) 37M->7M(373M) 1.170ms
[333.598s][info][gc,cpu         ] GC(2214) User=0.13s Sys=0.00s Real=0.01s
[333.728s][info][gc,start       ] GC(2215) Pause Young (Allocation Failure)
[333.728s][info][gc,heap        ] GC(2215) PSYoungGen: 31808K(32256K)->544K(32256K) Eden: 31232K(31232K)->0K(31232K) From: 576K(1024K)->544K(1024K)
[333.728s][info][gc,heap        ] GC(2215) ParOldGen: 6694K(349696K)->6694K(349696K)
[333.728s][info][gc,metaspace   ] GC(2215) Metaspace: 9983K(10368K)->9983K(10368K) NonClass: 8681K(8896K)->8681K(8896K) Class: 1302K(1472K)->1302K(1472K)
[333.728s][info][gc             ] GC(2215) Pause Young (Allocation Failure) 37M->7M(373M) 0.930ms
[333.729s][info][gc,cpu         ] GC(2215) User=0.00s Sys=0.00s Real=0.00s
[333.855s][info][gc,start       ] GC(2216) Pause Young (Allocation Failure)
[333.856s][info][gc,heap        ] GC(2216) PSYoungGen: 31776K(32256K)->704K(32256K) Eden: 31232K(31232K)->0K(31232K) From: 544K(1024K)->704K(1024K)
[333.856s][info][gc,heap        ] GC(2216) ParOldGen: 6694K(349696K)->6694K(349696K)
[333.856s][info][gc,metaspace   ] GC(2216) Metaspace: 9983K(10368K)->9983K(10368K) NonClass: 8681K(8896K)->8681K(8896K) Class: 1302K(1472K)->1302K(1472K)
[333.856s][info][gc             ] GC(2216) Pause Young (Allocation Failure) 37M->7M(373M) 0.946ms
[333.856s][info][gc,cpu         ] GC(2216) User=0.00s Sys=0.00s Real=0.00s
[333.987s][info][gc,start       ] GC(2217) Pause Young (Allocation Failure)
[333.988s][info][gc,heap        ] GC(2217) PSYoungGen: 31936K(32256K)->608K(32256K) Eden: 31232K(31232K)->0K(31232K) From: 704K(1024K)->608K(1024K)
[333.988s][info][gc,heap        ] GC(2217) ParOldGen: 6694K(349696K)->6886K(349696K)
[333.988s][info][gc,metaspace   ] GC(2217) Metaspace: 9983K(10368K)->9983K(10368K) NonClass: 8681K(8896K)->8681K(8896K) Class: 1302K(1472K)->1302K(1472K)
[333.988s][info][gc             ] GC(2217) Pause Young (Allocation Failure) 37M->7M(373M) 1.051ms
[333.988s][info][gc,cpu         ] GC(2217) User=0.00s Sys=0.02s Real=0.02s
[334.110s][info][gc,start       ] GC(2218) Pause Young (Allocation Failure)
[334.111s][info][gc,heap        ] GC(2218) PSYoungGen: 31840K(32256K)->800K(32256K) Eden: 31232K(31232K)->0K(31232K) From: 608K(1024K)->800K(1024K)
[334.111s][info][gc,heap        ] GC(2218) ParOldGen: 6886K(349696K)->6910K(349696K)
[334.111s][info][gc,metaspace   ] GC(2218) Metaspace: 9983K(10368K)->9983K(10368K) NonClass: 8681K(8896K)->8681K(8896K) Class: 1302K(1472K)->1302K(1472K)
[334.111s][info][gc             ] GC(2218) Pause Young (Allocation Failure) 37M->7M(373M) 0.994ms
[334.111s][info][gc,cpu         ] GC(2218) User=0.00s Sys=0.00s Real=0.00s
[334.236s][info][gc,start       ] GC(2219) Pause Young (Allocation Failure)
[334.237s][info][gc,heap        ] GC(2219) PSYoungGen: 32032K(32256K)->544K(32256K) Eden: 31232K(31232K)->0K(31232K) From: 800K(1024K)->544K(1024K)
[334.237s][info][gc,heap        ] GC(2219) ParOldGen: 6910K(349696K)->7166K(349696K)
[334.237s][info][gc,metaspace   ] GC(2219) Metaspace: 9983K(10368K)->9983K(10368K) NonClass: 8681K(8896K)->8681K(8896K) Class: 1302K(1472K)->1302K(1472K)
[334.238s][info][gc             ] GC(2219) Pause Young (Allocation Failure) 38M->7M(373M) 1.064ms
[334.238s][info][gc,cpu         ] GC(2219) User=0.00s Sys=0.00s Real=0.00s
[334.361s][info][gc,start       ] GC(2220) Pause Young (Allocation Failure)
[334.362s][info][gc,heap        ] GC(2220) PSYoungGen: 31775K(32256K)->736K(32256K) Eden: 31231K(31232K)->0K(31232K) From: 544K(1024K)->736K(1024K)
[334.362s][info][gc,heap        ] GC(2220) ParOldGen: 7166K(349696K)->7182K(349696K)
[334.362s][info][gc,metaspace   ] GC(2220) Metaspace: 9983K(10368K)->9983K(10368K) NonClass: 8681K(8896K)->8681K(8896K) Class: 1302K(1472K)->1302K(1472K)
[334.362s][info][gc             ] GC(2220) Pause Young (Allocation Failure) 38M->7M(373M) 1.005ms
[334.362s][info][gc,cpu         ] GC(2220) User=0.00s Sys=0.00s Real=0.00s
[334.485s][info][gc,start       ] GC(2221) Pause Young (Allocation Failure)
[334.486s][info][gc,heap        ] GC(2221) PSYoungGen: 31968K(32256K)->576K(32256K) Eden: 31232K(31232K)->0K(31232K) From: 736K(1024K)->576K(1024K)
[334.486s][info][gc,heap        ] GC(2221) ParOldGen: 7182K(349696K)->7414K(349696K)
[334.486s][info][gc,metaspace   ] GC(2221) Metaspace: 9983K(10368K)->9983K(10368K) NonClass: 8681K(8896K)->8681K(8896K) Class: 1302K(1472K)->1302K(1472K)
[334.486s][info][gc             ] GC(2221) Pause Young (Allocation Failure) 38M->7M(373M) 1.067ms
[334.486s][info][gc,cpu         ] GC(2221) User=0.00s Sys=0.00s Real=0.00s
[334.614s][info][gc,start       ] GC(2222) Pause Young (Allocation Failure)
[334.614s][info][gc,heap        ] GC(2222) PSYoungGen: 31808K(32256K)->608K(32256K) Eden: 31232K(31232K)->0K(31232K) From: 576K(1024K)->608K(1024K)
[334.614s][info][gc,heap        ] GC(2222) ParOldGen: 7414K(349696K)->7414K(349696K)
[334.614s][info][gc,metaspace   ] GC(2222) Metaspace: 9983K(10368K)->9983K(10368K) NonClass: 8681K(8896K)->8681K(8896K) Class: 1302K(1472K)->1302K(1472K)
[334.614s][info][gc             ] GC(2222) Pause Young (Allocation Failure) 38M->7M(373M) 0.922ms
[334.615s][info][gc,cpu         ] GC(2222) User=0.00s Sys=0.00s Real=0.00s
[334.740s][info][gc,start       ] GC(2223) Pause Young (Allocation Failure)
[334.741s][info][gc,heap        ] GC(2223) PSYoungGen: 31840K(32256K)->576K(32256K) Eden: 31232K(31232K)->0K(31232K) From: 608K(1024K)->576K(1024K)
[334.741s][info][gc,heap        ] GC(2223) ParOldGen: 7414K(349696K)->7414K(349696K)
[334.741s][info][gc,metaspace   ] GC(2223) Metaspace: 9983K(10368K)->9983K(10368K) NonClass: 8681K(8896K)->8681K(8896K) Class: 1302K(1472K)->1302K(1472K)
[334.741s][info][gc             ] GC(2223) Pause Young (Allocation Failure) 38M->7M(373M) 0.873ms
[334.741s][info][gc,cpu         ] GC(2223) User=0.00s Sys=0.00s Real=0.00s
[334.862s][info][gc,start       ] GC(2224) Pause Young (Allocation Failure)
[334.863s][info][gc,heap        ] GC(2224) PSYoungGen: 31807K(32256K)->576K(32256K) Eden: 31231K(31232K)->0K(31232K) From: 576K(1024K)->576K(1024K)
[334.863s][info][gc,heap        ] GC(2224) ParOldGen: 7414K(349696K)->7414K(349696K)
[334.863s][info][gc,metaspace   ] GC(2224) Metaspace: 9983K(10368K)->9983K(10368K) NonClass: 8681K(8896K)->8681K(8896K) Class: 1302K(1472K)->1302K(1472K)
[334.863s][info][gc             ] GC(2224) Pause Young (Allocation Failure) 38M->7M(373M) 0.876ms
[334.863s][info][gc,cpu         ] GC(2224) User=0.00s Sys=0.00s Real=0.02s
[334.992s][info][gc,start       ] GC(2225) Pause Young (Allocation Failure)
[334.992s][info][gc,heap        ] GC(2225) PSYoungGen: 31808K(32256K)->512K(32256K) Eden: 31232K(31232K)->0K(31232K) From: 576K(1024K)->512K(1024K)
[334.992s][info][gc,heap        ] GC(2225) ParOldGen: 7414K(349696K)->7414K(349696K)
[334.992s][info][gc,metaspace   ] GC(2225) Metaspace: 9983K(10368K)->9983K(10368K) NonClass: 8681K(8896K)->8681K(8896K) Class: 1302K(1472K)->1302K(1472K)
[334.992s][info][gc             ] GC(2225) Pause Young (Allocation Failure) 38M->7M(373M) 0.878ms
[334.992s][info][gc,cpu         ] GC(2225) User=0.00s Sys=0.00s Real=0.00s
[335.117s][info][gc,start       ] GC(2226) Pause Young (Allocation Failure)
[335.118s][info][gc,heap        ] GC(2226) PSYoungGen: 31744K(32256K)->544K(32256K) Eden: 31232K(31232K)->0K(31232K) From: 512K(1024K)->544K(1024K)
[335.118s][info][gc,heap        ] GC(2226) ParOldGen: 7414K(349696K)->7414K(349696K)
[335.118s][info][gc,metaspace   ] GC(2226) Metaspace: 9983K(10368K)->9983K(10368K) NonClass: 8681K(8896K)->8681K(8896K) Class: 1302K(1472K)->1302K(1472K)
[335.118s][info][gc             ] GC(2226) Pause Young (Allocation Failure) 38M->7M(373M) 0.906ms
[335.118s][info][gc,cpu         ] GC(2226) User=0.00s Sys=0.00s Real=0.00s
[335.248s][info][gc,start       ] GC(2227) Pause Young (Allocation Failure)
[335.248s][info][gc,heap        ] GC(2227) PSYoungGen: 31776K(32256K)->576K(32256K) Eden: 31232K(31232K)->0K(31232K) From: 544K(1024K)->576K(1024K)
[335.248s][info][gc,heap        ] GC(2227) ParOldGen: 7414K(349696K)->7414K(349696K)
[335.248s][info][gc,metaspace   ] GC(2227) Metaspace: 9983K(10368K)->9983K(10368K) NonClass: 8681K(8896K)->8681K(8896K) Class: 1302K(1472K)->1302K(1472K)
[335.248s][info][gc             ] GC(2227) Pause Young (Allocation Failure) 38M->7M(373M) 0.909ms
[335.248s][info][gc,cpu         ] GC(2227) User=0.00s Sys=0.00s Real=0.00s
[335.374s][info][gc,start       ] GC(2228) Pause Young (Allocation Failure)
[335.374s][info][gc,heap        ] GC(2228) PSYoungGen: 31808K(32256K)->544K(32256K) Eden: 31232K(31232K)->0K(31232K) From: 576K(1024K)->544K(1024K)
[335.374s][info][gc,heap        ] GC(2228) ParOldGen: 7414K(349696K)->7414K(349696K)
[335.374s][info][gc,metaspace   ] GC(2228) Metaspace: 9983K(10368K)->9983K(10368K) NonClass: 8681K(8896K)->8681K(8896K) Class: 1302K(1472K)->1302K(1472K)
[335.374s][info][gc             ] GC(2228) Pause Young (Allocation Failure) 38M->7M(373M) 0.884ms
[335.374s][info][gc,cpu         ] GC(2228) User=0.00s Sys=0.00s Real=0.00s
[335.500s][info][gc,start       ] GC(2229) Pause Young (Allocation Failure)
[335.501s][info][gc,heap        ] GC(2229) PSYoungGen: 31776K(32256K)->576K(32256K) Eden: 31232K(31232K)->0K(31232K) From: 544K(1024K)->576K(1024K)
[335.501s][info][gc,heap        ] GC(2229) ParOldGen: 7414K(349696K)->7422K(349696K)
[335.501s][info][gc,metaspace   ] GC(2229) Metaspace: 9983K(10368K)->9983K(10368K) NonClass: 8681K(8896K)->8681K(8896K) Class: 1302K(1472K)->1302K(1472K)
[335.501s][info][gc             ] GC(2229) Pause Young (Allocation Failure) 38M->7M(373M) 0.902ms
[335.501s][info][gc,cpu         ] GC(2229) User=0.00s Sys=0.00s Real=0.00s
[335.623s][info][gc,start       ] GC(2230) Pause Young (Allocation Failure)
[335.624s][info][gc,heap        ] GC(2230) PSYoungGen: 31808K(32256K)->576K(32256K) Eden: 31232K(31232K)->0K(31232K) From: 576K(1024K)->576K(1024K)
[335.624s][info][gc,heap        ] GC(2230) ParOldGen: 7422K(349696K)->7422K(349696K)
[335.624s][info][gc,metaspace   ] GC(2230) Metaspace: 9983K(10368K)->9983K(10368K) NonClass: 8681K(8896K)->8681K(8896K) Class: 1302K(1472K)->1302K(1472K)
[335.624s][info][gc             ] GC(2230) Pause Young (Allocation Failure) 38M->7M(373M) 0.922ms
[335.624s][info][gc,cpu         ] GC(2230) User=0.00s Sys=0.00s Real=0.00s
[335.753s][info][gc,start       ] GC(2231) Pause Young (Allocation Failure)
[335.754s][info][gc,heap        ] GC(2231) PSYoungGen: 31808K(32256K)->768K(32256K) Eden: 31232K(31232K)->0K(31232K) From: 576K(1024K)->768K(1024K)
[335.754s][info][gc,heap        ] GC(2231) ParOldGen: 7422K(349696K)->7494K(349696K)
[335.754s][info][gc,metaspace   ] GC(2231) Metaspace: 9983K(10368K)->9983K(10368K) NonClass: 8681K(8896K)->8681K(8896K) Class: 1302K(1472K)->1302K(1472K)
[335.754s][info][gc             ] GC(2231) Pause Young (Allocation Failure) 38M->8M(373M) 1.060ms
[335.754s][info][gc,cpu         ] GC(2231) User=0.13s Sys=0.00s Real=0.02s
[335.880s][info][gc,start       ] GC(2232) Pause Young (Allocation Failure)
[335.881s][info][gc,heap        ] GC(2232) PSYoungGen: 32000K(32256K)->544K(32256K) Eden: 31232K(31232K)->0K(31232K) From: 768K(1024K)->544K(1024K)
[335.881s][info][gc,heap        ] GC(2232) ParOldGen: 7494K(349696K)->7718K(349696K)
[335.881s][info][gc,metaspace   ] GC(2232) Metaspace: 9983K(10368K)->9983K(10368K) NonClass: 8681K(8896K)->8681K(8896K) Class: 1302K(1472K)->1302K(1472K)
[335.881s][info][gc             ] GC(2232) Pause Young (Allocation Failure) 38M->8M(373M) 0.978ms
[335.881s][info][gc,cpu         ] GC(2232) User=0.00s Sys=0.00s Real=0.00s
[336.001s][info][gc,start       ] GC(2233) Pause Young (Allocation Failure)
[336.002s][info][gc,heap        ] GC(2233) PSYoungGen: 31776K(32256K)->736K(32256K) Eden: 31232K(31232K)->0K(31232K) From: 544K(1024K)->736K(1024K)
[336.002s][info][gc,heap        ] GC(2233) ParOldGen: 7718K(349696K)->7758K(349696K)
[336.002s][info][gc,metaspace   ] GC(2233) Metaspace: 9983K(10368K)->9983K(10368K) NonClass: 8681K(8896K)->8681K(8896K) Class: 1302K(1472K)->1302K(1472K)
[336.002s][info][gc             ] GC(2233) Pause Young (Allocation Failure) 38M->8M(373M) 0.986ms
[336.002s][info][gc,cpu         ] GC(2233) User=0.00s Sys=0.00s Real=0.00s
[336.135s][info][gc,start       ] GC(2234) Pause Young (Allocation Failure)
[336.136s][info][gc,heap        ] GC(2234) PSYoungGen: 31968K(32256K)->608K(32256K) Eden: 31232K(31232K)->0K(31232K) From: 736K(1024K)->608K(1024K)
[336.136s][info][gc,heap        ] GC(2234) ParOldGen: 7758K(349696K)->7998K(349696K)
[336.136s][info][gc,metaspace   ] GC(2234) Metaspace: 9983K(10368K)->9983K(10368K) NonClass: 8681K(8896K)->8681K(8896K) Class: 1302K(1472K)->1302K(1472K)
[336.136s][info][gc             ] GC(2234) Pause Young (Allocation Failure) 38M->8M(373M) 1.049ms
[336.136s][info][gc,cpu         ] GC(2234) User=0.00s Sys=0.00s Real=0.00s
[336.260s][info][gc,start       ] GC(2235) Pause Young (Allocation Failure)
[336.261s][info][gc,heap        ] GC(2235) PSYoungGen: 31840K(32256K)->512K(32256K) Eden: 31232K(31232K)->0K(31232K) From: 608K(1024K)->512K(1024K)
[336.261s][info][gc,heap        ] GC(2235) ParOldGen: 7998K(349696K)->7998K(349696K)
[336.261s][info][gc,metaspace   ] GC(2235) Metaspace: 9983K(10368K)->9983K(10368K) NonClass: 8681K(8896K)->8681K(8896K) Class: 1302K(1472K)->1302K(1472K)
[336.261s][info][gc             ] GC(2235) Pause Young (Allocation Failure) 38M->8M(373M) 0.875ms
[336.261s][info][gc,cpu         ] GC(2235) User=0.00s Sys=0.00s Real=0.00s
[336.389s][info][gc,start       ] GC(2236) Pause Young (Allocation Failure)
[336.390s][info][gc,heap        ] GC(2236) PSYoungGen: 31744K(32256K)->640K(32256K) Eden: 31232K(31232K)->0K(31232K) From: 512K(1024K)->640K(1024K)
[336.390s][info][gc,heap        ] GC(2236) ParOldGen: 7998K(349696K)->7998K(349696K)
[336.390s][info][gc,metaspace   ] GC(2236) Metaspace: 9983K(10368K)->9983K(10368K) NonClass: 8681K(8896K)->8681K(8896K) Class: 1302K(1472K)->1302K(1472K)
[336.390s][info][gc             ] GC(2236) Pause Young (Allocation Failure) 38M->8M(373M) 0.940ms
[336.390s][info][gc,cpu         ] GC(2236) User=0.00s Sys=0.00s Real=0.00s
[336.517s][info][gc,start       ] GC(2237) Pause Young (Allocation Failure)
[336.517s][info][gc,heap        ] GC(2237) PSYoungGen: 31872K(32256K)->544K(32256K) Eden: 31232K(31232K)->0K(31232K) From: 640K(1024K)->544K(1024K)
[336.517s][info][gc,heap        ] GC(2237) ParOldGen: 7998K(349696K)->8014K(349696K)
[336.518s][info][gc,metaspace   ] GC(2237) Metaspace: 9983K(10368K)->9983K(10368K) NonClass: 8681K(8896K)->8681K(8896K) Class: 1302K(1472K)->1302K(1472K)
[336.518s][info][gc             ] GC(2237) Pause Young (Allocation Failure) 38M->8M(373M) 0.877ms
[336.518s][info][gc,cpu         ] GC(2237) User=0.00s Sys=0.00s Real=0.00s
[336.645s][info][gc,start       ] GC(2238) Pause Young (Allocation Failure)
[336.646s][info][gc,heap        ] GC(2238) PSYoungGen: 31776K(32256K)->768K(32256K) Eden: 31232K(31232K)->0K(31232K) From: 544K(1024K)->768K(1024K)
[336.646s][info][gc,heap        ] GC(2238) ParOldGen: 8014K(349696K)->8014K(349696K)
[336.646s][info][gc,metaspace   ] GC(2238) Metaspace: 9983K(10368K)->9983K(10368K) NonClass: 8681K(8896K)->8681K(8896K) Class: 1302K(1472K)->1302K(1472K)
[336.646s][info][gc             ] GC(2238) Pause Young (Allocation Failure) 38M->8M(373M) 1.007ms
[336.646s][info][gc,cpu         ] GC(2238) User=0.00s Sys=0.00s Real=0.00s
[336.777s][info][gc,start       ] GC(2239) Pause Young (Allocation Failure)
[336.778s][info][gc,heap        ] GC(2239) PSYoungGen: 32000K(32256K)->608K(32256K) Eden: 31232K(31232K)->0K(31232K) From: 768K(1024K)->608K(1024K)
[336.778s][info][gc,heap        ] GC(2239) ParOldGen: 8014K(349696K)->8238K(349696K)
[336.778s][info][gc,metaspace   ] GC(2239) Metaspace: 9983K(10368K)->9983K(10368K) NonClass: 8681K(8896K)->8681K(8896K) Class: 1302K(1472K)->1302K(1472K)
[336.778s][info][gc             ] GC(2239) Pause Young (Allocation Failure) 39M->8M(373M) 1.091ms
[336.778s][info][gc,cpu         ] GC(2239) User=0.00s Sys=0.00s Real=0.00s
[336.902s][info][gc,start       ] GC(2240) Pause Young (Allocation Failure)
[336.903s][info][gc,heap        ] GC(2240) PSYoungGen: 31840K(32256K)->768K(32256K) Eden: 31232K(31232K)->0K(31232K) From: 608K(1024K)->768K(1024K)
[336.903s][info][gc,heap        ] GC(2240) ParOldGen: 8238K(349696K)->8294K(349696K)
[336.903s][info][gc,metaspace   ] GC(2240) Metaspace: 9983K(10368K)->9983K(10368K) NonClass: 8681K(8896K)->8681K(8896K) Class: 1302K(1472K)->1302K(1472K)
[336.903s][info][gc             ] GC(2240) Pause Young (Allocation Failure) 39M->8M(373M) 1.019ms
[336.903s][info][gc,cpu         ] GC(2240) User=0.00s Sys=0.00s Real=0.00s
[337.029s][info][gc,start       ] GC(2241) Pause Young (Allocation Failure)
[337.030s][info][gc,heap        ] GC(2241) PSYoungGen: 32000K(32256K)->608K(32256K) Eden: 31232K(31232K)->0K(31232K) From: 768K(1024K)->608K(1024K)
[337.030s][info][gc,heap        ] GC(2241) ParOldGen: 8294K(349696K)->8566K(349696K)
[337.030s][info][gc,metaspace   ] GC(2241) Metaspace: 9983K(10368K)->9983K(10368K) NonClass: 8681K(8896K)->8681K(8896K) Class: 1302K(1472K)->1302K(1472K)
[337.030s][info][gc             ] GC(2241) Pause Young (Allocation Failure) 39M->8M(373M) 1.085ms
[337.030s][info][gc,cpu         ] GC(2241) User=0.00s Sys=0.00s Real=0.00s
[337.158s][info][gc,start       ] GC(2242) Pause Young (Allocation Failure)
[337.159s][info][gc,heap        ] GC(2242) PSYoungGen: 31840K(32256K)->512K(32256K) Eden: 31232K(31232K)->0K(31232K) From: 608K(1024K)->512K(1024K)
[337.159s][info][gc,heap        ] GC(2242) ParOldGen: 8566K(349696K)->8574K(349696K)
[337.159s][info][gc,metaspace   ] GC(2242) Metaspace: 9983K(10368K)->9983K(10368K) NonClass: 8681K(8896K)->8681K(8896K) Class: 1302K(1472K)->1302K(1472K)
[337.159s][info][gc             ] GC(2242) Pause Young (Allocation Failure) 39M->8M(373M) 0.857ms
[337.159s][info][gc,cpu         ] GC(2242) User=0.02s Sys=0.00s Real=0.02s
[337.287s][info][gc,start       ] GC(2243) Pause Young (Allocation Failure)
[337.288s][info][gc,heap        ] GC(2243) PSYoungGen: 31744K(32256K)->608K(32256K) Eden: 31232K(31232K)->0K(31232K) From: 512K(1024K)->608K(1024K)
[337.288s][info][gc,heap        ] GC(2243) ParOldGen: 8574K(349696K)->8582K(349696K)
[337.288s][info][gc,metaspace   ] GC(2243) Metaspace: 9983K(10368K)->9983K(10368K) NonClass: 8681K(8896K)->8681K(8896K) Class: 1302K(1472K)->1302K(1472K)
[337.288s][info][gc             ] GC(2243) Pause Young (Allocation Failure) 39M->8M(373M) 0.906ms
[337.288s][info][gc,cpu         ] GC(2243) User=0.00s Sys=0.00s Real=0.00s
[337.413s][info][gc,start       ] GC(2244) Pause Young (Allocation Failure)
[337.414s][info][gc,heap        ] GC(2244) PSYoungGen: 31840K(32256K)->640K(32256K) Eden: 31232K(31232K)->0K(31232K) From: 608K(1024K)->640K(1024K)
[337.414s][info][gc,heap        ] GC(2244) ParOldGen: 8582K(349696K)->8582K(349696K)
[337.414s][info][gc,metaspace   ] GC(2244) Metaspace: 9983K(10368K)->9983K(10368K) NonClass: 8681K(8896K)->8681K(8896K) Class: 1302K(1472K)->1302K(1472K)
[337.414s][info][gc             ] GC(2244) Pause Young (Allocation Failure) 39M->9M(373M) 0.902ms
[337.414s][info][gc,cpu         ] GC(2244) User=0.00s Sys=0.00s Real=0.00s
[337.540s][info][gc,start       ] GC(2245) Pause Young (Allocation Failure)
[337.541s][info][gc,heap        ] GC(2245) PSYoungGen: 31872K(32256K)->608K(32256K) Eden: 31232K(31232K)->0K(31232K) From: 640K(1024K)->608K(1024K)
[337.541s][info][gc,heap        ] GC(2245) ParOldGen: 8582K(349696K)->8582K(349696K)
[337.541s][info][gc,metaspace   ] GC(2245) Metaspace: 9983K(10368K)->9983K(10368K) NonClass: 8681K(8896K)->8681K(8896K) Class: 1302K(1472K)->1302K(1472K)
[337.541s][info][gc             ] GC(2245) Pause Young (Allocation Failure) 39M->8M(373M) 0.898ms
[337.541s][info][gc,cpu         ] GC(2245) User=0.00s Sys=0.00s Real=0.00s
[337.648s][info][gc,heap,exit   ] Heap
[337.648s][info][gc,heap,exit   ]  PSYoungGen      total 32256K, used 23308K [0x00000000f5580000, 0x00000000f7600000, 0x0000000100000000)
[337.648s][info][gc,heap,exit   ]   eden space 31232K, 72% used [0x00000000f5580000,0x00000000f6bab188,0x00000000f7400000)
[337.648s][info][gc,heap,exit   ]   from space 1024K, 59% used [0x00000000f7500000,0x00000000f7598000,0x00000000f7600000)
[337.648s][info][gc,heap,exit   ]   to   space 1024K, 0% used [0x00000000f7400000,0x00000000f7400000,0x00000000f7500000)
[337.648s][info][gc,heap,exit   ]  ParOldGen       total 349696K, used 8582K [0x00000000e0000000, 0x00000000f5580000, 0x00000000f5580000)
[337.648s][info][gc,heap,exit   ]   object space 349696K, 2% used [0x00000000e0000000,0x00000000e0861bc8,0x00000000f5580000)
[337.648s][info][gc,heap,exit   ]  Metaspace       used 10044K, committed 10432K, reserved 1114112K
[337.648s][info][gc,heap,exit   ]   class space    used 1311K, committed 1472K, reserved 1048576K
