[0.016s][info][gc,init] CardTable entry size: 512
[0.016s][info][gc     ] Using Parallel
[0.022s][info][gc,init] Version: 20+36-2344 (release)
[0.022s][info][gc,init] CPUs: 48 total, 48 available
[0.022s][info][gc,init] Memory: 382G
[0.022s][info][gc,init] Large Page Support: Disabled
[0.022s][info][gc,init] NUMA Support: Disabled
[0.022s][info][gc,init] Compressed Oops: Enabled (32-bit)
[0.022s][info][gc,init] Alignments: Space 512K, Generation 512K, Heap 2M
[0.022s][info][gc,init] Heap Min Capacity: 8M
[0.022s][info][gc,init] Heap Initial Capacity: 1G
[0.041s][info][gc,init] Heap Max Capacity: 1G
[0.041s][info][gc,init] Pre-touch: Disabled
[0.041s][info][gc,init] Parallel Workers: 33
[0.043s][info][gc,metaspace] CDS archive(s) mapped at: [0x0000000800000000-0x0000000800c60000-0x0000000800c60000), size 12976128, SharedBaseAddress: 0x0000000800000000, ArchiveRelocationMode: 0.
[0.043s][info][gc,metaspace] Compressed class space mapped at: 0x0000000801000000-0x0000000841000000, reserved size: 1073741824
[0.043s][info][gc,metaspace] Narrow klass base: 0x0000000800000000, Narrow klass shift: 0, Narrow klass range: 0x100000000
[1.173s][info][gc,start    ] GC(0) Pause Young (System.gc())
[1.179s][info][gc,heap     ] GC(0) PSYoungGen: 68419K(305664K)->4228K(305664K) Eden: 68419K(262144K)->0K(262144K) From: 0K(43520K)->4228K(43520K)
[1.179s][info][gc,heap     ] GC(0) ParOldGen: 0K(699392K)->16K(699392K)
[1.179s][info][gc,metaspace] GC(0) Metaspace: 8309K(8512K)->8309K(8512K) NonClass: 7193K(7296K)->7193K(7296K) Class: 1116K(1216K)->1116K(1216K)
[1.179s][info][gc          ] GC(0) Pause Young (System.gc()) 66M->4M(981M) 6.242ms
[1.179s][info][gc,cpu      ] GC(0) User=0.14s Sys=0.08s Real=0.02s
[1.179s][info][gc,start    ] GC(1) Pause Full (System.gc())
[1.180s][info][gc,phases,start] GC(1) Marking Phase
[1.189s][info][gc,phases      ] GC(1) Marking Phase 9.179ms
[1.189s][info][gc,phases,start] GC(1) Summary Phase
[1.189s][info][gc,phases      ] GC(1) Summary Phase 0.023ms
[1.189s][info][gc,phases,start] GC(1) Adjust Roots
[1.191s][info][gc,phases      ] GC(1) Adjust Roots 2.403ms
[1.191s][info][gc,phases,start] GC(1) Compaction Phase
[1.198s][info][gc,phases      ] GC(1) Compaction Phase 6.409ms
[1.198s][info][gc,phases,start] GC(1) Post Compact
[1.199s][info][gc,phases      ] GC(1) Post Compact 0.891ms
[1.199s][info][gc,heap        ] GC(1) PSYoungGen: 4228K(305664K)->0K(305664K) Eden: 0K(262144K)->0K(262144K) From: 4228K(43520K)->0K(43520K)
[1.199s][info][gc,heap        ] GC(1) ParOldGen: 16K(699392K)->3817K(699392K)
[1.199s][info][gc,metaspace   ] GC(1) Metaspace: 8309K(8512K)->8309K(8512K) NonClass: 7193K(7296K)->7193K(7296K) Class: 1116K(1216K)->1116K(1216K)
[1.199s][info][gc             ] GC(1) Pause Full (System.gc()) 4M->3M(981M) 19.185ms
[1.199s][info][gc,cpu         ] GC(1) User=0.19s Sys=0.00s Real=0.02s
[2.269s][info][gc,start       ] GC(2) Pause Young (Allocation Failure)
[2.271s][info][gc,heap        ] GC(2) PSYoungGen: 262144K(305664K)->1792K(305664K) Eden: 262144K(262144K)->0K(262144K) From: 0K(43520K)->1792K(43520K)
[2.271s][info][gc,heap        ] GC(2) ParOldGen: 3817K(699392K)->3825K(699392K)
[2.271s][info][gc,metaspace   ] GC(2) Metaspace: 9818K(10112K)->9818K(10112K) NonClass: 8516K(8704K)->8516K(8704K) Class: 1302K(1408K)->1302K(1408K)
[2.271s][info][gc             ] GC(2) Pause Young (Allocation Failure) 259M->5M(981M) 2.079ms
[2.271s][info][gc,cpu         ] GC(2) User=0.00s Sys=0.00s Real=0.00s
[3.338s][info][gc,start       ] GC(3) Pause Young (Allocation Failure)
[3.339s][info][gc,heap        ] GC(3) PSYoungGen: 263936K(305664K)->1824K(305664K) Eden: 262144K(262144K)->0K(262144K) From: 1792K(43520K)->1824K(43520K)
[3.339s][info][gc,heap        ] GC(3) ParOldGen: 3825K(699392K)->3833K(699392K)
[3.339s][info][gc,metaspace   ] GC(3) Metaspace: 9824K(10112K)->9824K(10112K) NonClass: 8522K(8704K)->8522K(8704K) Class: 1302K(1408K)->1302K(1408K)
[3.339s][info][gc             ] GC(3) Pause Young (Allocation Failure) 261M->5M(981M) 1.243ms
[3.339s][info][gc,cpu         ] GC(3) User=0.00s Sys=0.00s Real=0.00s
[4.380s][info][gc,start       ] GC(4) Pause Young (Allocation Failure)
[4.381s][info][gc,heap        ] GC(4) PSYoungGen: 263968K(305664K)->1856K(305664K) Eden: 262144K(262144K)->0K(262144K) From: 1824K(43520K)->1856K(43520K)
[4.381s][info][gc,heap        ] GC(4) ParOldGen: 3833K(699392K)->3841K(699392K)
[4.381s][info][gc,metaspace   ] GC(4) Metaspace: 9825K(10112K)->9825K(10112K) NonClass: 8523K(8704K)->8523K(8704K) Class: 1302K(1408K)->1302K(1408K)
[4.381s][info][gc             ] GC(4) Pause Young (Allocation Failure) 261M->5M(981M) 1.551ms
[4.381s][info][gc,cpu         ] GC(4) User=0.00s Sys=0.00s Real=0.00s
[5.431s][info][gc,start       ] GC(5) Pause Young (Allocation Failure)
[5.433s][info][gc,heap        ] GC(5) PSYoungGen: 264000K(305664K)->1824K(305664K) Eden: 262144K(262144K)->0K(262144K) From: 1856K(43520K)->1824K(43520K)
[5.433s][info][gc,heap        ] GC(5) ParOldGen: 3841K(699392K)->3849K(699392K)
[5.433s][info][gc,metaspace   ] GC(5) Metaspace: 9825K(10112K)->9825K(10112K) NonClass: 8523K(8704K)->8523K(8704K) Class: 1302K(1408K)->1302K(1408K)
[5.433s][info][gc             ] GC(5) Pause Young (Allocation Failure) 261M->5M(981M) 1.518ms
[5.433s][info][gc,cpu         ] GC(5) User=0.00s Sys=0.00s Real=0.00s
[6.484s][info][gc,start       ] GC(6) Pause Young (Allocation Failure)
[6.486s][info][gc,heap        ] GC(6) PSYoungGen: 263968K(305664K)->1856K(258048K) Eden: 262144K(262144K)->0K(256000K) From: 1824K(43520K)->1856K(2048K)
[6.486s][info][gc,heap        ] GC(6) ParOldGen: 3849K(699392K)->3857K(699392K)
[6.486s][info][gc,metaspace   ] GC(6) Metaspace: 9825K(10112K)->9825K(10112K) NonClass: 8523K(8704K)->8523K(8704K) Class: 1302K(1408K)->1302K(1408K)
[6.486s][info][gc             ] GC(6) Pause Young (Allocation Failure) 261M->5M(935M) 1.869ms
[6.486s][info][gc,cpu         ] GC(6) User=0.00s Sys=0.00s Real=0.00s
[7.506s][info][gc,start       ] GC(7) Pause Young (Allocation Failure)
[7.508s][info][gc,heap        ] GC(7) PSYoungGen: 257856K(258048K)->1888K(251904K) Eden: 256000K(256000K)->0K(249856K) From: 1856K(2048K)->1888K(2048K)
[7.508s][info][gc,heap        ] GC(7) ParOldGen: 3857K(699392K)->3865K(699392K)
[7.508s][info][gc,metaspace   ] GC(7) Metaspace: 9825K(10112K)->9825K(10112K) NonClass: 8523K(8704K)->8523K(8704K) Class: 1302K(1408K)->1302K(1408K)
[7.508s][info][gc             ] GC(7) Pause Young (Allocation Failure) 255M->5M(929M) 2.004ms
[7.508s][info][gc,cpu         ] GC(7) User=0.00s Sys=0.00s Real=0.00s
[8.040s][info][gc,start       ] GC(8) Pause Young (System.gc())
[8.041s][info][gc,heap        ] GC(8) PSYoungGen: 133964K(251904K)->640K(250880K) Eden: 132076K(249856K)->0K(249856K) From: 1888K(2048K)->640K(1024K)
[8.041s][info][gc,heap        ] GC(8) ParOldGen: 3865K(699392K)->4257K(699392K)
[8.041s][info][gc,metaspace   ] GC(8) Metaspace: 9886K(10176K)->9886K(10176K) NonClass: 8572K(8768K)->8572K(8768K) Class: 1313K(1408K)->1313K(1408K)
[8.041s][info][gc             ] GC(8) Pause Young (System.gc()) 134M->4M(928M) 1.275ms
[8.041s][info][gc,cpu         ] GC(8) User=0.00s Sys=0.00s Real=0.00s
[8.041s][info][gc,start       ] GC(9) Pause Full (System.gc())
[8.041s][info][gc,phases,start] GC(9) Marking Phase
[8.058s][info][gc,phases      ] GC(9) Marking Phase 16.680ms
[8.058s][info][gc,phases,start] GC(9) Summary Phase
[8.058s][info][gc,phases      ] GC(9) Summary Phase 0.023ms
[8.058s][info][gc,phases,start] GC(9) Adjust Roots
[8.062s][info][gc,phases      ] GC(9) Adjust Roots 3.787ms
[8.062s][info][gc,phases,start] GC(9) Compaction Phase
[8.068s][info][gc,phases      ] GC(9) Compaction Phase 6.046ms
[8.068s][info][gc,phases,start] GC(9) Post Compact
[8.069s][info][gc,phases      ] GC(9) Post Compact 0.633ms
[8.069s][info][gc,heap        ] GC(9) PSYoungGen: 640K(250880K)->0K(250880K) Eden: 0K(249856K)->0K(249856K) From: 640K(1024K)->0K(1024K)
[8.069s][info][gc,heap        ] GC(9) ParOldGen: 4257K(699392K)->4065K(699392K)
[8.069s][info][gc,metaspace   ] GC(9) Metaspace: 9886K(10176K)->9850K(10176K) NonClass: 8572K(8768K)->8547K(8768K) Class: 1313K(1408K)->1302K(1408K)
[8.069s][info][gc             ] GC(9) Pause Full (System.gc()) 4M->3M(928M) 27.672ms
[8.069s][info][gc,cpu         ] GC(9) User=0.36s Sys=0.00s Real=0.03s
[9.099s][info][gc,start       ] GC(10) Pause Young (Allocation Failure)
[9.100s][info][gc,heap        ] GC(10) PSYoungGen: 249856K(250880K)->1600K(246272K) Eden: 249856K(249856K)->0K(244224K) From: 0K(1024K)->1600K(2048K)
[9.100s][info][gc,heap        ] GC(10) ParOldGen: 4065K(699392K)->4065K(699392K)
[9.100s][info][gc,metaspace   ] GC(10) Metaspace: 9850K(10176K)->9850K(10176K) NonClass: 8547K(8768K)->8547K(8768K) Class: 1302K(1408K)->1302K(1408K)
[9.100s][info][gc             ] GC(10) Pause Young (Allocation Failure) 247M->5M(923M) 1.469ms
[9.100s][info][gc,cpu         ] GC(10) User=0.00s Sys=0.00s Real=0.00s
[10.112s][info][gc,start       ] GC(11) Pause Young (Allocation Failure)
[10.113s][info][gc,heap        ] GC(11) PSYoungGen: 245824K(246272K)->1632K(240640K) Eden: 244224K(244224K)->0K(238592K) From: 1600K(2048K)->1632K(2048K)
[10.113s][info][gc,heap        ] GC(11) ParOldGen: 4065K(699392K)->4065K(699392K)
[10.113s][info][gc,metaspace   ] GC(11) Metaspace: 9850K(10176K)->9850K(10176K) NonClass: 8547K(8768K)->8547K(8768K) Class: 1302K(1408K)->1302K(1408K)
[10.113s][info][gc             ] GC(11) Pause Young (Allocation Failure) 244M->5M(918M) 1.343ms
[10.113s][info][gc,cpu         ] GC(11) User=0.00s Sys=0.00s Real=0.00s
[11.086s][info][gc,start       ] GC(12) Pause Young (Allocation Failure)
[11.087s][info][gc,heap        ] GC(12) PSYoungGen: 240224K(240640K)->1536K(234496K) Eden: 238592K(238592K)->0K(232960K) From: 1632K(2048K)->1536K(1536K)
[11.087s][info][gc,heap        ] GC(12) ParOldGen: 4065K(699392K)->4201K(699392K)
[11.087s][info][gc,metaspace   ] GC(12) Metaspace: 9850K(10176K)->9850K(10176K) NonClass: 8547K(8768K)->8547K(8768K) Class: 1302K(1408K)->1302K(1408K)
[11.088s][info][gc             ] GC(12) Pause Young (Allocation Failure) 238M->5M(912M) 1.846ms
[11.088s][info][gc,cpu         ] GC(12) User=0.00s Sys=0.00s Real=0.00s
[12.035s][info][gc,start       ] GC(13) Pause Young (Allocation Failure)
[12.036s][info][gc,heap        ] GC(13) PSYoungGen: 234496K(234496K)->1056K(229376K) Eden: 232960K(232960K)->0K(227840K) From: 1536K(1536K)->1056K(1536K)
[12.036s][info][gc,heap        ] GC(13) ParOldGen: 4201K(699392K)->4673K(699392K)
[12.036s][info][gc,metaspace   ] GC(13) Metaspace: 9850K(10176K)->9850K(10176K) NonClass: 8547K(8768K)->8547K(8768K) Class: 1302K(1408K)->1302K(1408K)
[12.037s][info][gc             ] GC(13) Pause Young (Allocation Failure) 233M->5M(907M) 1.832ms
[12.037s][info][gc,cpu         ] GC(13) User=0.00s Sys=0.00s Real=0.00s
[12.975s][info][gc,start       ] GC(14) Pause Young (Allocation Failure)
[12.976s][info][gc,heap        ] GC(14) PSYoungGen: 228896K(229376K)->864K(223744K) Eden: 227840K(227840K)->0K(222720K) From: 1056K(1536K)->864K(1024K)
[12.977s][info][gc,heap        ] GC(14) ParOldGen: 4673K(699392K)->5081K(699392K)
[12.977s][info][gc,metaspace   ] GC(14) Metaspace: 9850K(10176K)->9850K(10176K) NonClass: 8547K(8768K)->8547K(8768K) Class: 1302K(1408K)->1302K(1408K)
[12.977s][info][gc             ] GC(14) Pause Young (Allocation Failure) 228M->5M(901M) 1.446ms
[12.977s][info][gc,cpu         ] GC(14) User=0.00s Sys=0.00s Real=0.00s
[13.886s][info][gc,start       ] GC(15) Pause Young (Allocation Failure)
[13.887s][info][gc,heap        ] GC(15) PSYoungGen: 223584K(223744K)->672K(219136K) Eden: 222720K(222720K)->0K(218112K) From: 864K(1024K)->672K(1024K)
[13.887s][info][gc,heap        ] GC(15) ParOldGen: 5081K(699392K)->5081K(699392K)
[13.887s][info][gc,metaspace   ] GC(15) Metaspace: 9850K(10176K)->9850K(10176K) NonClass: 8547K(8768K)->8547K(8768K) Class: 1302K(1408K)->1302K(1408K)
[13.887s][info][gc             ] GC(15) Pause Young (Allocation Failure) 223M->5M(897M) 1.281ms
[13.888s][info][gc,cpu         ] GC(15) User=0.00s Sys=0.00s Real=0.00s
[14.773s][info][gc,start       ] GC(16) Pause Young (System.gc())
[14.774s][info][gc,heap        ] GC(16) PSYoungGen: 218695K(219136K)->672K(219136K) Eden: 218023K(218112K)->0K(218112K) From: 672K(1024K)->672K(1024K)
[14.774s][info][gc,heap        ] GC(16) ParOldGen: 5081K(699392K)->5081K(699392K)
[14.774s][info][gc,metaspace   ] GC(16) Metaspace: 9850K(10176K)->9850K(10176K) NonClass: 8547K(8768K)->8547K(8768K) Class: 1302K(1408K)->1302K(1408K)
[14.774s][info][gc             ] GC(16) Pause Young (System.gc()) 218M->5M(897M) 1.053ms
[14.774s][info][gc,cpu         ] GC(16) User=0.00s Sys=0.00s Real=0.00s
[14.775s][info][gc,start       ] GC(17) Pause Full (System.gc())
[14.775s][info][gc,phases,start] GC(17) Marking Phase
[14.788s][info][gc,phases      ] GC(17) Marking Phase 13.885ms
[14.788s][info][gc,phases,start] GC(17) Summary Phase
[14.788s][info][gc,phases      ] GC(17) Summary Phase 0.022ms
[14.789s][info][gc,phases,start] GC(17) Adjust Roots
[14.793s][info][gc,phases      ] GC(17) Adjust Roots 4.143ms
[14.793s][info][gc,phases,start] GC(17) Compaction Phase
[14.797s][info][gc,phases      ] GC(17) Compaction Phase 4.531ms
[14.797s][info][gc,phases,start] GC(17) Post Compact
[14.798s][info][gc,phases      ] GC(17) Post Compact 0.450ms
[14.798s][info][gc,heap        ] GC(17) PSYoungGen: 672K(219136K)->0K(219136K) Eden: 0K(218112K)->0K(218112K) From: 672K(1024K)->0K(1024K)
[14.798s][info][gc,heap        ] GC(17) ParOldGen: 5081K(699392K)->4065K(699392K)
[14.798s][info][gc,metaspace   ] GC(17) Metaspace: 9850K(10176K)->9850K(10176K) NonClass: 8547K(8768K)->8547K(8768K) Class: 1302K(1408K)->1302K(1408K)
[14.798s][info][gc             ] GC(17) Pause Full (System.gc()) 5M->3M(897M) 23.308ms
[14.798s][info][gc,cpu         ] GC(17) User=0.34s Sys=0.00s Real=0.03s
[15.720s][info][gc,start       ] GC(18) Pause Young (Allocation Failure)
[15.721s][info][gc,heap        ] GC(18) PSYoungGen: 218112K(219136K)->1536K(215040K) Eden: 218112K(218112K)->0K(213504K) From: 0K(1024K)->1536K(1536K)
[15.721s][info][gc,heap        ] GC(18) ParOldGen: 4065K(699392K)->4065K(699392K)
[15.721s][info][gc,metaspace   ] GC(18) Metaspace: 9857K(10176K)->9857K(10176K) NonClass: 8555K(8768K)->8555K(8768K) Class: 1302K(1408K)->1302K(1408K)
[15.721s][info][gc             ] GC(18) Pause Young (Allocation Failure) 216M->5M(893M) 1.360ms
[15.721s][info][gc,cpu         ] GC(18) User=0.00s Sys=0.00s Real=0.00s
[16.586s][info][gc,start       ] GC(19) Pause Young (Allocation Failure)
[16.588s][info][gc,heap        ] GC(19) PSYoungGen: 215040K(215040K)->1216K(210432K) Eden: 213504K(213504K)->0K(208896K) From: 1536K(1536K)->1216K(1536K)
[16.588s][info][gc,heap        ] GC(19) ParOldGen: 4065K(699392K)->4529K(699392K)
[16.588s][info][gc,metaspace   ] GC(19) Metaspace: 9857K(10176K)->9857K(10176K) NonClass: 8555K(8768K)->8555K(8768K) Class: 1302K(1408K)->1302K(1408K)
[16.588s][info][gc             ] GC(19) Pause Young (Allocation Failure) 213M->5M(888M) 1.476ms
[16.588s][info][gc,cpu         ] GC(19) User=0.00s Sys=0.00s Real=0.00s
[17.433s][info][gc,start       ] GC(20) Pause Young (Allocation Failure)
[17.434s][info][gc,heap        ] GC(20) PSYoungGen: 210112K(210432K)->1312K(205824K) Eden: 208896K(208896K)->0K(204288K) From: 1216K(1536K)->1312K(1536K)
[17.434s][info][gc,heap        ] GC(20) ParOldGen: 4529K(699392K)->4529K(699392K)
[17.434s][info][gc,metaspace   ] GC(20) Metaspace: 9857K(10176K)->9857K(10176K) NonClass: 8555K(8768K)->8555K(8768K) Class: 1302K(1408K)->1302K(1408K)
[17.434s][info][gc             ] GC(20) Pause Young (Allocation Failure) 209M->5M(884M) 1.211ms
[17.434s][info][gc,cpu         ] GC(20) User=0.00s Sys=0.00s Real=0.00s
[18.265s][info][gc,start       ] GC(21) Pause Young (Allocation Failure)
[18.266s][info][gc,heap        ] GC(21) PSYoungGen: 205600K(205824K)->1248K(201728K) Eden: 204288K(204288K)->0K(200192K) From: 1312K(1536K)->1248K(1536K)
[18.266s][info][gc,heap        ] GC(21) ParOldGen: 4529K(699392K)->4777K(699392K)
[18.266s][info][gc,metaspace   ] GC(21) Metaspace: 9857K(10176K)->9857K(10176K) NonClass: 8555K(8768K)->8555K(8768K) Class: 1302K(1408K)->1302K(1408K)
[18.266s][info][gc             ] GC(21) Pause Young (Allocation Failure) 205M->5M(880M) 1.376ms
[18.266s][info][gc,cpu         ] GC(21) User=0.00s Sys=0.00s Real=0.00s
[19.087s][info][gc,start       ] GC(22) Pause Young (Allocation Failure)
[19.089s][info][gc,heap        ] GC(22) PSYoungGen: 201440K(201728K)->800K(197120K) Eden: 200192K(200192K)->0K(196096K) From: 1248K(1536K)->800K(1024K)
[19.089s][info][gc,heap        ] GC(22) ParOldGen: 4777K(699392K)->5201K(699392K)
[19.089s][info][gc,metaspace   ] GC(22) Metaspace: 9857K(10176K)->9857K(10176K) NonClass: 8555K(8768K)->8555K(8768K) Class: 1302K(1408K)->1302K(1408K)
[19.089s][info][gc             ] GC(22) Pause Young (Allocation Failure) 201M->5M(875M) 1.303ms
[19.089s][info][gc,cpu         ] GC(22) User=0.00s Sys=0.00s Real=0.00s
[19.893s][info][gc,start       ] GC(23) Pause Young (Allocation Failure)
[19.894s][info][gc,heap        ] GC(23) PSYoungGen: 196896K(197120K)->864K(193024K) Eden: 196096K(196096K)->0K(192000K) From: 800K(1024K)->864K(1024K)
[19.894s][info][gc,heap        ] GC(23) ParOldGen: 5201K(699392K)->5305K(699392K)
[19.894s][info][gc,metaspace   ] GC(23) Metaspace: 9857K(10176K)->9857K(10176K) NonClass: 8555K(8768K)->8555K(8768K) Class: 1302K(1408K)->1302K(1408K)
[19.894s][info][gc             ] GC(23) Pause Young (Allocation Failure) 197M->6M(871M) 1.179ms
[19.894s][info][gc,cpu         ] GC(23) User=0.00s Sys=0.00s Real=0.00s
[20.675s][info][gc,start       ] GC(24) Pause Young (Allocation Failure)
[20.676s][info][gc,heap        ] GC(24) PSYoungGen: 192864K(193024K)->1056K(189952K) Eden: 192000K(192000K)->0K(188416K) From: 864K(1024K)->1056K(1536K)
[20.676s][info][gc,heap        ] GC(24) ParOldGen: 5305K(699392K)->5585K(699392K)
[20.676s][info][gc,metaspace   ] GC(24) Metaspace: 9857K(10176K)->9857K(10176K) NonClass: 8555K(8768K)->8555K(8768K) Class: 1302K(1408K)->1302K(1408K)
[20.676s][info][gc             ] GC(24) Pause Young (Allocation Failure) 193M->6M(868M) 1.226ms
[20.676s][info][gc,cpu         ] GC(24) User=0.00s Sys=0.00s Real=0.00s
[21.455s][info][gc,start       ] GC(25) Pause Young (Allocation Failure)
[21.456s][info][gc,heap        ] GC(25) PSYoungGen: 189472K(189952K)->960K(185856K) Eden: 188416K(188416K)->0K(184832K) From: 1056K(1536K)->960K(1024K)
[21.456s][info][gc,heap        ] GC(25) ParOldGen: 5585K(699392K)->5857K(699392K)
[21.456s][info][gc,metaspace   ] GC(25) Metaspace: 9857K(10176K)->9857K(10176K) NonClass: 8555K(8768K)->8555K(8768K) Class: 1302K(1408K)->1302K(1408K)
[21.456s][info][gc             ] GC(25) Pause Young (Allocation Failure) 190M->6M(864M) 1.324ms
[21.456s][info][gc,cpu         ] GC(25) User=0.00s Sys=0.00s Real=0.00s
[21.490s][info][gc,start       ] GC(26) Pause Young (System.gc())
[21.491s][info][gc,heap        ] GC(26) PSYoungGen: 10062K(185856K)->704K(185856K) Eden: 9102K(184832K)->0K(184832K) From: 960K(1024K)->704K(1024K)
[21.491s][info][gc,heap        ] GC(26) ParOldGen: 5857K(699392K)->6121K(699392K)
[21.491s][info][gc,metaspace   ] GC(26) Metaspace: 9858K(10176K)->9858K(10176K) NonClass: 8555K(8768K)->8555K(8768K) Class: 1302K(1408K)->1302K(1408K)
[21.491s][info][gc             ] GC(26) Pause Young (System.gc()) 15M->6M(864M) 0.933ms
[21.491s][info][gc,cpu         ] GC(26) User=0.00s Sys=0.00s Real=0.00s
[21.491s][info][gc,start       ] GC(27) Pause Full (System.gc())
[21.491s][info][gc,phases,start] GC(27) Marking Phase
[21.504s][info][gc,phases      ] GC(27) Marking Phase 12.963ms
[21.505s][info][gc,phases,start] GC(27) Summary Phase
[21.505s][info][gc,phases      ] GC(27) Summary Phase 0.031ms
[21.505s][info][gc,phases,start] GC(27) Adjust Roots
[21.509s][info][gc,phases      ] GC(27) Adjust Roots 4.068ms
[21.509s][info][gc,phases,start] GC(27) Compaction Phase
[21.512s][info][gc,phases      ] GC(27) Compaction Phase 3.583ms
[21.512s][info][gc,phases,start] GC(27) Post Compact
[21.513s][info][gc,phases      ] GC(27) Post Compact 0.478ms
[21.513s][info][gc,heap        ] GC(27) PSYoungGen: 704K(185856K)->0K(185856K) Eden: 0K(184832K)->0K(184832K) From: 704K(1024K)->0K(1024K)
[21.513s][info][gc,heap        ] GC(27) ParOldGen: 6121K(699392K)->4065K(699392K)
[21.513s][info][gc,metaspace   ] GC(27) Metaspace: 9858K(10176K)->9858K(10176K) NonClass: 8555K(8768K)->8555K(8768K) Class: 1302K(1408K)->1302K(1408K)
[21.513s][info][gc             ] GC(27) Pause Full (System.gc()) 6M->3M(864M) 21.472ms
[21.513s][info][gc,cpu         ] GC(27) User=0.02s Sys=0.00s Real=0.01s
[22.276s][info][gc,start       ] GC(28) Pause Young (Allocation Failure)
[22.278s][info][gc,heap        ] GC(28) PSYoungGen: 184832K(185856K)->1440K(184320K) Eden: 184832K(184832K)->0K(181248K) From: 0K(1024K)->1440K(3072K)
[22.278s][info][gc,heap        ] GC(28) ParOldGen: 4065K(699392K)->4065K(699392K)
[22.278s][info][gc,metaspace   ] GC(28) Metaspace: 9859K(10176K)->9859K(10176K) NonClass: 8557K(8768K)->8557K(8768K) Class: 1302K(1408K)->1302K(1408K)
[22.278s][info][gc             ] GC(28) Pause Young (Allocation Failure) 184M->5M(863M) 1.523ms
[22.278s][info][gc,cpu         ] GC(28) User=0.00s Sys=0.00s Real=0.00s
[23.012s][info][gc,start       ] GC(29) Pause Young (Allocation Failure)
[23.013s][info][gc,heap        ] GC(29) PSYoungGen: 182688K(184320K)->1312K(179200K) Eden: 181248K(181248K)->0K(177664K) From: 1440K(3072K)->1312K(1536K)
[23.013s][info][gc,heap        ] GC(29) ParOldGen: 4065K(699392K)->4377K(699392K)
[23.013s][info][gc,metaspace   ] GC(29) Metaspace: 9859K(10176K)->9859K(10176K) NonClass: 8557K(8768K)->8557K(8768K) Class: 1302K(1408K)->1302K(1408K)
[23.013s][info][gc             ] GC(29) Pause Young (Allocation Failure) 182M->5M(858M) 1.288ms
[23.013s][info][gc,cpu         ] GC(29) User=0.00s Sys=0.00s Real=0.00s
[23.723s][info][gc,start       ] GC(30) Pause Young (Allocation Failure)
[23.724s][info][gc,heap        ] GC(30) PSYoungGen: 178976K(179200K)->800K(175104K) Eden: 177664K(177664K)->0K(174080K) From: 1312K(1536K)->800K(1024K)
[23.724s][info][gc,heap        ] GC(30) ParOldGen: 4377K(699392K)->5049K(699392K)
[23.724s][info][gc,metaspace   ] GC(30) Metaspace: 9859K(10176K)->9859K(10176K) NonClass: 8557K(8768K)->8557K(8768K) Class: 1302K(1408K)->1302K(1408K)
[23.724s][info][gc             ] GC(30) Pause Young (Allocation Failure) 179M->5M(854M) 1.375ms
[23.724s][info][gc,cpu         ] GC(30) User=0.00s Sys=0.00s Real=0.00s
[24.448s][info][gc,start       ] GC(31) Pause Young (Allocation Failure)
[24.449s][info][gc,heap        ] GC(31) PSYoungGen: 174880K(175104K)->672K(172032K) Eden: 174080K(174080K)->0K(171008K) From: 800K(1024K)->672K(1024K)
[24.449s][info][gc,heap        ] GC(31) ParOldGen: 5049K(699392K)->5049K(699392K)
[24.449s][info][gc,metaspace   ] GC(31) Metaspace: 9859K(10176K)->9859K(10176K) NonClass: 8557K(8768K)->8557K(8768K) Class: 1302K(1408K)->1302K(1408K)
[24.449s][info][gc             ] GC(31) Pause Young (Allocation Failure) 175M->5M(851M) 0.998ms
[24.449s][info][gc,cpu         ] GC(31) User=0.00s Sys=0.00s Real=0.00s
[25.148s][info][gc,start       ] GC(32) Pause Young (Allocation Failure)
[25.149s][info][gc,heap        ] GC(32) PSYoungGen: 171680K(172032K)->736K(168960K) Eden: 171008K(171008K)->0K(167936K) From: 672K(1024K)->736K(1024K)
[25.149s][info][gc,heap        ] GC(32) ParOldGen: 5049K(699392K)->5049K(699392K)
[25.149s][info][gc,metaspace   ] GC(32) Metaspace: 9859K(10176K)->9859K(10176K) NonClass: 8557K(8768K)->8557K(8768K) Class: 1302K(1408K)->1302K(1408K)
[25.149s][info][gc             ] GC(32) Pause Young (Allocation Failure) 172M->5M(848M) 1.039ms
[25.149s][info][gc,cpu         ] GC(32) User=0.00s Sys=0.00s Real=0.00s
[25.840s][info][gc,start       ] GC(33) Pause Young (Allocation Failure)
[25.841s][info][gc,heap        ] GC(33) PSYoungGen: 168672K(168960K)->1120K(166400K) Eden: 167936K(167936K)->0K(164864K) From: 736K(1024K)->1120K(1536K)
[25.841s][info][gc,heap        ] GC(33) ParOldGen: 5049K(699392K)->5049K(699392K)
[25.841s][info][gc,metaspace   ] GC(33) Metaspace: 9859K(10176K)->9859K(10176K) NonClass: 8557K(8768K)->8557K(8768K) Class: 1302K(1408K)->1302K(1408K)
[25.841s][info][gc             ] GC(33) Pause Young (Allocation Failure) 169M->6M(845M) 1.329ms
[25.841s][info][gc,cpu         ] GC(33) User=0.00s Sys=0.00s Real=0.00s
[26.515s][info][gc,start       ] GC(34) Pause Young (Allocation Failure)
[26.516s][info][gc,heap        ] GC(34) PSYoungGen: 165984K(166400K)->768K(162816K) Eden: 164864K(164864K)->0K(161792K) From: 1120K(1536K)->768K(1024K)
[26.516s][info][gc,heap        ] GC(34) ParOldGen: 5049K(699392K)->5545K(699392K)
[26.516s][info][gc,metaspace   ] GC(34) Metaspace: 9859K(10176K)->9859K(10176K) NonClass: 8557K(8768K)->8557K(8768K) Class: 1302K(1408K)->1302K(1408K)
[26.516s][info][gc             ] GC(34) Pause Young (Allocation Failure) 167M->6M(842M) 1.308ms
[26.517s][info][gc,cpu         ] GC(34) User=0.00s Sys=0.00s Real=0.00s
[27.168s][info][gc,start       ] GC(35) Pause Young (Allocation Failure)
[27.169s][info][gc,heap        ] GC(35) PSYoungGen: 162560K(162816K)->736K(159744K) Eden: 161792K(161792K)->0K(158720K) From: 768K(1024K)->736K(1024K)
[27.169s][info][gc,heap        ] GC(35) ParOldGen: 5545K(699392K)->5545K(699392K)
[27.170s][info][gc,metaspace   ] GC(35) Metaspace: 9859K(10176K)->9859K(10176K) NonClass: 8557K(8768K)->8557K(8768K) Class: 1302K(1408K)->1302K(1408K)
[27.170s][info][gc             ] GC(35) Pause Young (Allocation Failure) 164M->6M(839M) 1.087ms
[27.170s][info][gc,cpu         ] GC(35) User=0.00s Sys=0.02s Real=0.02s
[27.801s][info][gc,start       ] GC(36) Pause Young (Allocation Failure)
[27.802s][info][gc,heap        ] GC(36) PSYoungGen: 159456K(159744K)->864K(158720K) Eden: 158720K(158720K)->0K(156160K) From: 736K(1024K)->864K(2560K)
[27.802s][info][gc,heap        ] GC(36) ParOldGen: 5545K(699392K)->5809K(699392K)
[27.802s][info][gc,metaspace   ] GC(36) Metaspace: 9859K(10176K)->9859K(10176K) NonClass: 8557K(8768K)->8557K(8768K) Class: 1302K(1408K)->1302K(1408K)
[27.802s][info][gc             ] GC(36) Pause Young (Allocation Failure) 161M->6M(838M) 1.051ms
[27.802s][info][gc,cpu         ] GC(36) User=0.00s Sys=0.02s Real=0.02s
[28.173s][info][gc,start       ] GC(37) Pause Young (System.gc())
[28.173s][info][gc,heap        ] GC(37) PSYoungGen: 91239K(158720K)->640K(157184K) Eden: 90375K(156160K)->0K(156160K) From: 864K(2560K)->640K(1024K)
[28.174s][info][gc,heap        ] GC(37) ParOldGen: 5809K(699392K)->5809K(699392K)
[28.174s][info][gc,metaspace   ] GC(37) Metaspace: 9859K(10176K)->9859K(10176K) NonClass: 8557K(8768K)->8557K(8768K) Class: 1302K(1408K)->1302K(1408K)
[28.174s][info][gc             ] GC(37) Pause Young (System.gc()) 94M->6M(836M) 0.886ms
[28.174s][info][gc,cpu         ] GC(37) User=0.00s Sys=0.00s Real=0.00s
[28.174s][info][gc,start       ] GC(38) Pause Full (System.gc())
[28.174s][info][gc,phases,start] GC(38) Marking Phase
[28.187s][info][gc,phases      ] GC(38) Marking Phase 13.428ms
[28.187s][info][gc,phases,start] GC(38) Summary Phase
[28.187s][info][gc,phases      ] GC(38) Summary Phase 0.032ms
[28.187s][info][gc,phases,start] GC(38) Adjust Roots
[28.191s][info][gc,phases      ] GC(38) Adjust Roots 3.629ms
[28.191s][info][gc,phases,start] GC(38) Compaction Phase
[28.195s][info][gc,phases      ] GC(38) Compaction Phase 3.695ms
[28.195s][info][gc,phases,start] GC(38) Post Compact
[28.195s][info][gc,phases      ] GC(38) Post Compact 0.457ms
[28.195s][info][gc,heap        ] GC(38) PSYoungGen: 640K(157184K)->0K(157184K) Eden: 0K(156160K)->0K(156160K) From: 640K(1024K)->0K(1024K)
[28.195s][info][gc,heap        ] GC(38) ParOldGen: 5809K(699392K)->4066K(699392K)
[28.195s][info][gc,metaspace   ] GC(38) Metaspace: 9859K(10176K)->9859K(10176K) NonClass: 8557K(8768K)->8557K(8768K) Class: 1302K(1408K)->1302K(1408K)
[28.195s][info][gc             ] GC(38) Pause Full (System.gc()) 6M->3M(836M) 21.598ms
[28.195s][info][gc,cpu         ] GC(38) User=0.45s Sys=0.00s Real=0.03s
[28.848s][info][gc,start       ] GC(39) Pause Young (Allocation Failure)
[28.849s][info][gc,heap        ] GC(39) PSYoungGen: 156160K(157184K)->1504K(155136K) Eden: 156160K(156160K)->0K(153600K) From: 0K(1024K)->1504K(1536K)
[28.849s][info][gc,heap        ] GC(39) ParOldGen: 4066K(699392K)->4066K(699392K)
[28.849s][info][gc,metaspace   ] GC(39) Metaspace: 9861K(10176K)->9861K(10176K) NonClass: 8558K(8768K)->8558K(8768K) Class: 1302K(1408K)->1302K(1408K)
[28.849s][info][gc             ] GC(39) Pause Young (Allocation Failure) 156M->5M(834M) 1.230ms
[28.849s][info][gc,cpu         ] GC(39) User=0.00s Sys=0.00s Real=0.00s
[29.481s][info][gc,start       ] GC(40) Pause Young (Allocation Failure)
[29.482s][info][gc,heap        ] GC(40) PSYoungGen: 155104K(155136K)->1408K(152576K) Eden: 153600K(153600K)->0K(151040K) From: 1504K(1536K)->1408K(1536K)
[29.482s][info][gc,heap        ] GC(40) ParOldGen: 4066K(699392K)->4330K(699392K)
[29.482s][info][gc,metaspace   ] GC(40) Metaspace: 9861K(10176K)->9861K(10176K) NonClass: 8558K(8768K)->8558K(8768K) Class: 1302K(1408K)->1302K(1408K)
[29.482s][info][gc             ] GC(40) Pause Young (Allocation Failure) 155M->5M(832M) 1.453ms
[29.482s][info][gc,cpu         ] GC(40) User=0.00s Sys=0.00s Real=0.00s
[30.102s][info][gc,start       ] GC(41) Pause Young (Allocation Failure)
[30.103s][info][gc,heap        ] GC(41) PSYoungGen: 152448K(152576K)->736K(149504K) Eden: 151040K(151040K)->0K(148480K) From: 1408K(1536K)->736K(1024K)
[30.104s][info][gc,heap        ] GC(41) ParOldGen: 4330K(699392K)->5026K(699392K)
[30.104s][info][gc,metaspace   ] GC(41) Metaspace: 9861K(10176K)->9861K(10176K) NonClass: 8558K(8768K)->8558K(8768K) Class: 1302K(1408K)->1302K(1408K)
[30.104s][info][gc             ] GC(41) Pause Young (Allocation Failure) 153M->5M(829M) 1.430ms
[30.104s][info][gc,cpu         ] GC(41) User=0.00s Sys=0.00s Real=0.00s
[30.717s][info][gc,start       ] GC(42) Pause Young (Allocation Failure)
[30.718s][info][gc,heap        ] GC(42) PSYoungGen: 149216K(149504K)->1152K(147456K) Eden: 148480K(148480K)->0K(145920K) From: 736K(1024K)->1152K(1536K)
[30.718s][info][gc,heap        ] GC(42) ParOldGen: 5026K(699392K)->5042K(699392K)
[30.718s][info][gc,metaspace   ] GC(42) Metaspace: 9861K(10176K)->9861K(10176K) NonClass: 8558K(8768K)->8558K(8768K) Class: 1302K(1408K)->1302K(1408K)
[30.719s][info][gc             ] GC(42) Pause Young (Allocation Failure) 150M->6M(827M) 1.168ms
[30.719s][info][gc,cpu         ] GC(42) User=0.00s Sys=0.00s Real=0.00s
[31.322s][info][gc,start       ] GC(43) Pause Young (Allocation Failure)
[31.323s][info][gc,heap        ] GC(43) PSYoungGen: 147072K(147456K)->768K(144384K) Eden: 145920K(145920K)->0K(143360K) From: 1152K(1536K)->768K(1024K)
[31.323s][info][gc,heap        ] GC(43) ParOldGen: 5042K(699392K)->5354K(699392K)
[31.324s][info][gc,metaspace   ] GC(43) Metaspace: 9861K(10176K)->9861K(10176K) NonClass: 8558K(8768K)->8558K(8768K) Class: 1302K(1408K)->1302K(1408K)
[31.324s][info][gc             ] GC(43) Pause Young (Allocation Failure) 148M->5M(824M) 1.168ms
[31.324s][info][gc,cpu         ] GC(43) User=0.00s Sys=0.00s Real=0.00s
[31.908s][info][gc,start       ] GC(44) Pause Young (Allocation Failure)
[31.909s][info][gc,heap        ] GC(44) PSYoungGen: 144128K(144384K)->928K(142336K) Eden: 143360K(143360K)->0K(141312K) From: 768K(1024K)->928K(1024K)
[31.909s][info][gc,heap        ] GC(44) ParOldGen: 5354K(699392K)->5354K(699392K)
[31.909s][info][gc,metaspace   ] GC(44) Metaspace: 9861K(10176K)->9861K(10176K) NonClass: 8558K(8768K)->8558K(8768K) Class: 1302K(1408K)->1302K(1408K)
[31.909s][info][gc             ] GC(44) Pause Young (Allocation Failure) 145M->6M(822M) 1.202ms
[31.909s][info][gc,cpu         ] GC(44) User=0.00s Sys=0.00s Real=0.00s
[32.498s][info][gc,start       ] GC(45) Pause Young (Allocation Failure)
[32.499s][info][gc,heap        ] GC(45) PSYoungGen: 142240K(142336K)->992K(140288K) Eden: 141312K(141312K)->0K(139264K) From: 928K(1024K)->992K(1024K)
[32.499s][info][gc,heap        ] GC(45) ParOldGen: 5354K(699392K)->5666K(699392K)
[32.499s][info][gc,metaspace   ] GC(45) Metaspace: 9861K(10176K)->9861K(10176K) NonClass: 8558K(8768K)->8558K(8768K) Class: 1302K(1408K)->1302K(1408K)
[32.499s][info][gc             ] GC(45) Pause Young (Allocation Failure) 144M->6M(820M) 1.253ms
[32.499s][info][gc,cpu         ] GC(45) User=0.22s Sys=0.02s Real=0.01s
[33.067s][info][gc,start       ] GC(46) Pause Young (Allocation Failure)
[33.068s][info][gc,heap        ] GC(46) PSYoungGen: 140256K(140288K)->832K(138240K) Eden: 139264K(139264K)->0K(137216K) From: 992K(1024K)->832K(1024K)
[33.068s][info][gc,heap        ] GC(46) ParOldGen: 5666K(699392K)->5946K(699392K)
[33.068s][info][gc,metaspace   ] GC(46) Metaspace: 9861K(10176K)->9861K(10176K) NonClass: 8558K(8768K)->8558K(8768K) Class: 1302K(1408K)->1302K(1408K)
[33.068s][info][gc             ] GC(46) Pause Young (Allocation Failure) 142M->6M(818M) 1.362ms
[33.068s][info][gc,cpu         ] GC(46) User=0.28s Sys=0.02s Real=0.02s
[33.616s][info][gc,start       ] GC(47) Pause Young (Allocation Failure)
[33.617s][info][gc,heap        ] GC(47) PSYoungGen: 138048K(138240K)->832K(136192K) Eden: 137216K(137216K)->0K(135168K) From: 832K(1024K)->832K(1024K)
[33.617s][info][gc,heap        ] GC(47) ParOldGen: 5946K(699392K)->5946K(699392K)
[33.617s][info][gc,metaspace   ] GC(47) Metaspace: 9861K(10176K)->9861K(10176K) NonClass: 8558K(8768K)->8558K(8768K) Class: 1302K(1408K)->1302K(1408K)
[33.617s][info][gc             ] GC(47) Pause Young (Allocation Failure) 140M->6M(816M) 1.059ms
[33.617s][info][gc,cpu         ] GC(47) User=0.00s Sys=0.00s Real=0.00s
[34.173s][info][gc,start       ] GC(48) Pause Young (Allocation Failure)
[34.174s][info][gc,heap        ] GC(48) PSYoungGen: 136000K(136192K)->960K(134144K) Eden: 135168K(135168K)->0K(133120K) From: 832K(1024K)->960K(1024K)
[34.174s][info][gc,heap        ] GC(48) ParOldGen: 5946K(699392K)->6194K(699392K)
[34.174s][info][gc,metaspace   ] GC(48) Metaspace: 9861K(10176K)->9861K(10176K) NonClass: 8558K(8768K)->8558K(8768K) Class: 1302K(1408K)->1302K(1408K)
[34.174s][info][gc             ] GC(48) Pause Young (Allocation Failure) 138M->6M(814M) 1.190ms
[34.174s][info][gc,cpu         ] GC(48) User=0.00s Sys=0.00s Real=0.00s
[34.707s][info][gc,start       ] GC(49) Pause Young (Allocation Failure)
[34.708s][info][gc,heap        ] GC(49) PSYoungGen: 134080K(134144K)->640K(132096K) Eden: 133120K(133120K)->0K(131072K) From: 960K(1024K)->640K(1024K)
[34.708s][info][gc,heap        ] GC(49) ParOldGen: 6194K(699392K)->6426K(699392K)
[34.708s][info][gc,metaspace   ] GC(49) Metaspace: 9861K(10176K)->9861K(10176K) NonClass: 8558K(8768K)->8558K(8768K) Class: 1302K(1408K)->1302K(1408K)
[34.708s][info][gc             ] GC(49) Pause Young (Allocation Failure) 136M->6M(812M) 1.073ms
[34.708s][info][gc,cpu         ] GC(49) User=0.00s Sys=0.00s Real=0.00s
[34.914s][info][gc,start       ] GC(50) Pause Young (System.gc())
[34.915s][info][gc,heap        ] GC(50) PSYoungGen: 49209K(132096K)->608K(132096K) Eden: 48569K(131072K)->0K(131072K) From: 640K(1024K)->608K(1024K)
[34.915s][info][gc,heap        ] GC(50) ParOldGen: 6426K(699392K)->6426K(699392K)
[34.915s][info][gc,metaspace   ] GC(50) Metaspace: 9861K(10176K)->9861K(10176K) NonClass: 8558K(8768K)->8558K(8768K) Class: 1302K(1408K)->1302K(1408K)
[34.915s][info][gc             ] GC(50) Pause Young (System.gc()) 54M->6M(812M) 1.061ms
[34.915s][info][gc,cpu         ] GC(50) User=0.00s Sys=0.00s Real=0.00s
[34.915s][info][gc,start       ] GC(51) Pause Full (System.gc())
[34.915s][info][gc,phases,start] GC(51) Marking Phase
[34.927s][info][gc,phases      ] GC(51) Marking Phase 12.449ms
[34.928s][info][gc,phases,start] GC(51) Summary Phase
[34.928s][info][gc,phases      ] GC(51) Summary Phase 0.021ms
[34.928s][info][gc,phases,start] GC(51) Adjust Roots
[34.930s][info][gc,phases      ] GC(51) Adjust Roots 2.874ms
[34.930s][info][gc,phases,start] GC(51) Compaction Phase
[34.934s][info][gc,phases      ] GC(51) Compaction Phase 3.635ms
[34.934s][info][gc,phases,start] GC(51) Post Compact
[34.935s][info][gc,phases      ] GC(51) Post Compact 0.424ms
[34.935s][info][gc,heap        ] GC(51) PSYoungGen: 608K(132096K)->0K(132096K) Eden: 0K(131072K)->0K(131072K) From: 608K(1024K)->0K(1024K)
[34.935s][info][gc,heap        ] GC(51) ParOldGen: 6426K(699392K)->4069K(699392K)
[34.935s][info][gc,metaspace   ] GC(51) Metaspace: 9861K(10176K)->9861K(10176K) NonClass: 8558K(8768K)->8558K(8768K) Class: 1302K(1408K)->1302K(1408K)
[34.935s][info][gc             ] GC(51) Pause Full (System.gc()) 6M->3M(812M) 19.802ms
[34.935s][info][gc,cpu         ] GC(51) User=0.39s Sys=0.00s Real=0.03s
[35.470s][info][gc,start       ] GC(52) Pause Young (Allocation Failure)
[35.472s][info][gc,heap        ] GC(52) PSYoungGen: 131072K(132096K)->1504K(130560K) Eden: 131072K(131072K)->0K(129024K) From: 0K(1024K)->1504K(1536K)
[35.472s][info][gc,heap        ] GC(52) ParOldGen: 4069K(699392K)->4069K(699392K)
[35.472s][info][gc,metaspace   ] GC(52) Metaspace: 9862K(10176K)->9862K(10176K) NonClass: 8559K(8768K)->8559K(8768K) Class: 1302K(1408K)->1302K(1408K)
[35.472s][info][gc             ] GC(52) Pause Young (Allocation Failure) 131M->5M(810M) 1.369ms
[35.472s][info][gc,cpu         ] GC(52) User=0.00s Sys=0.00s Real=0.00s
[36.010s][info][gc,start       ] GC(53) Pause Young (Allocation Failure)
[36.012s][info][gc,heap        ] GC(53) PSYoungGen: 130528K(130560K)->992K(128000K) Eden: 129024K(129024K)->0K(126976K) From: 1504K(1536K)->992K(1024K)
[36.012s][info][gc,heap        ] GC(53) ParOldGen: 4069K(699392K)->4709K(699392K)
[36.012s][info][gc,metaspace   ] GC(53) Metaspace: 9862K(10176K)->9862K(10176K) NonClass: 8559K(8768K)->8559K(8768K) Class: 1302K(1408K)->1302K(1408K)
[36.012s][info][gc             ] GC(53) Pause Young (Allocation Failure) 131M->5M(808M) 1.605ms
[36.012s][info][gc,cpu         ] GC(53) User=0.00s Sys=0.00s Real=0.00s
[36.522s][info][gc,start       ] GC(54) Pause Young (Allocation Failure)
[36.523s][info][gc,heap        ] GC(54) PSYoungGen: 127968K(128000K)->800K(125952K) Eden: 126976K(126976K)->0K(124928K) From: 992K(1024K)->800K(1024K)
[36.523s][info][gc,heap        ] GC(54) ParOldGen: 4709K(699392K)->4989K(699392K)
[36.523s][info][gc,metaspace   ] GC(54) Metaspace: 9862K(10176K)->9862K(10176K) NonClass: 8559K(8768K)->8559K(8768K) Class: 1302K(1408K)->1302K(1408K)
[36.523s][info][gc             ] GC(54) Pause Young (Allocation Failure) 129M->5M(806M) 1.096ms
[36.523s][info][gc,cpu         ] GC(54) User=0.00s Sys=0.00s Real=0.00s
[37.038s][info][gc,start       ] GC(55) Pause Young (Allocation Failure)
[37.039s][info][gc,heap        ] GC(55) PSYoungGen: 125728K(125952K)->704K(124416K) Eden: 124928K(124928K)->0K(123392K) From: 800K(1024K)->704K(1024K)
[37.039s][info][gc,heap        ] GC(55) ParOldGen: 4989K(699392K)->4989K(699392K)
[37.039s][info][gc,metaspace   ] GC(55) Metaspace: 9862K(10176K)->9862K(10176K) NonClass: 8559K(8768K)->8559K(8768K) Class: 1302K(1408K)->1302K(1408K)
[37.039s][info][gc             ] GC(55) Pause Young (Allocation Failure) 127M->5M(804M) 1.157ms
[37.039s][info][gc,cpu         ] GC(55) User=0.00s Sys=0.00s Real=0.00s
[37.543s][info][gc,start       ] GC(56) Pause Young (Allocation Failure)
[37.544s][info][gc,heap        ] GC(56) PSYoungGen: 124096K(124416K)->736K(122880K) Eden: 123392K(123392K)->0K(121856K) From: 704K(1024K)->736K(1024K)
[37.544s][info][gc,heap        ] GC(56) ParOldGen: 4989K(699392K)->4989K(699392K)
[37.544s][info][gc,metaspace   ] GC(56) Metaspace: 9862K(10176K)->9862K(10176K) NonClass: 8559K(8768K)->8559K(8768K) Class: 1302K(1408K)->1302K(1408K)
[37.544s][info][gc             ] GC(56) Pause Young (Allocation Failure) 126M->5M(803M) 1.002ms
[37.544s][info][gc,cpu         ] GC(56) User=0.00s Sys=0.00s Real=0.00s
[38.048s][info][gc,start       ] GC(57) Pause Young (Allocation Failure)
[38.049s][info][gc,heap        ] GC(57) PSYoungGen: 122592K(122880K)->736K(121344K) Eden: 121856K(121856K)->0K(120320K) From: 736K(1024K)->736K(1024K)
[38.049s][info][gc,heap        ] GC(57) ParOldGen: 4989K(699392K)->5237K(699392K)
[38.049s][info][gc,metaspace   ] GC(57) Metaspace: 9862K(10176K)->9862K(10176K) NonClass: 8559K(8768K)->8559K(8768K) Class: 1302K(1408K)->1302K(1408K)
[38.049s][info][gc             ] GC(57) Pause Young (Allocation Failure) 124M->5M(801M) 1.249ms
[38.049s][info][gc,cpu         ] GC(57) User=0.00s Sys=0.00s Real=0.00s
[38.548s][info][gc,start       ] GC(58) Pause Young (Allocation Failure)
[38.549s][info][gc,heap        ] GC(58) PSYoungGen: 121056K(121344K)->608K(120832K) Eden: 120320K(120320K)->0K(118784K) From: 736K(1024K)->608K(2048K)
[38.549s][info][gc,heap        ] GC(58) ParOldGen: 5237K(699392K)->5237K(699392K)
[38.549s][info][gc,metaspace   ] GC(58) Metaspace: 9862K(10176K)->9862K(10176K) NonClass: 8559K(8768K)->8559K(8768K) Class: 1302K(1408K)->1302K(1408K)
[38.549s][info][gc             ] GC(58) Pause Young (Allocation Failure) 123M->5M(801M) 1.108ms
[38.549s][info][gc,cpu         ] GC(58) User=0.00s Sys=0.00s Real=0.00s
[39.036s][info][gc,start       ] GC(59) Pause Young (Allocation Failure)
[39.037s][info][gc,heap        ] GC(59) PSYoungGen: 119392K(120832K)->736K(118272K) Eden: 118784K(118784K)->0K(117248K) From: 608K(2048K)->736K(1024K)
[39.037s][info][gc,heap        ] GC(59) ParOldGen: 5237K(699392K)->5237K(699392K)
[39.037s][info][gc,metaspace   ] GC(59) Metaspace: 9862K(10176K)->9862K(10176K) NonClass: 8559K(8768K)->8559K(8768K) Class: 1302K(1408K)->1302K(1408K)
[39.037s][info][gc             ] GC(59) Pause Young (Allocation Failure) 121M->5M(798M) 1.082ms
[39.037s][info][gc,cpu         ] GC(59) User=0.00s Sys=0.00s Real=0.00s
[39.536s][info][gc,start       ] GC(60) Pause Young (Allocation Failure)
[39.537s][info][gc,heap        ] GC(60) PSYoungGen: 117984K(118272K)->1024K(116736K) Eden: 117248K(117248K)->0K(115712K) From: 736K(1024K)->1024K(1024K)
[39.537s][info][gc,heap        ] GC(60) ParOldGen: 5237K(699392K)->5309K(699392K)
[39.537s][info][gc,metaspace   ] GC(60) Metaspace: 9862K(10176K)->9862K(10176K) NonClass: 8559K(8768K)->8559K(8768K) Class: 1302K(1408K)->1302K(1408K)
[39.537s][info][gc             ] GC(60) Pause Young (Allocation Failure) 120M->6M(797M) 1.039ms
[39.537s][info][gc,cpu         ] GC(60) User=0.00s Sys=0.00s Real=0.00s
[40.007s][info][gc,start       ] GC(61) Pause Young (Allocation Failure)
[40.008s][info][gc,heap        ] GC(61) PSYoungGen: 116736K(116736K)->928K(115200K) Eden: 115712K(115712K)->0K(114176K) From: 1024K(1024K)->928K(1024K)
[40.008s][info][gc,heap        ] GC(61) ParOldGen: 5309K(699392K)->5581K(699392K)
[40.008s][info][gc,metaspace   ] GC(61) Metaspace: 9862K(10176K)->9862K(10176K) NonClass: 8559K(8768K)->8559K(8768K) Class: 1302K(1408K)->1302K(1408K)
[40.008s][info][gc             ] GC(61) Pause Young (Allocation Failure) 119M->6M(795M) 1.112ms
[40.008s][info][gc,cpu         ] GC(61) User=0.00s Sys=0.00s Real=0.00s
[40.464s][info][gc,start       ] GC(62) Pause Young (Allocation Failure)
[40.465s][info][gc,heap        ] GC(62) PSYoungGen: 115104K(115200K)->800K(113664K) Eden: 114176K(114176K)->0K(112640K) From: 928K(1024K)->800K(1024K)
[40.465s][info][gc,heap        ] GC(62) ParOldGen: 5581K(699392K)->5845K(699392K)
[40.465s][info][gc,metaspace   ] GC(62) Metaspace: 9862K(10176K)->9862K(10176K) NonClass: 8559K(8768K)->8559K(8768K) Class: 1302K(1408K)->1302K(1408K)
[40.465s][info][gc             ] GC(62) Pause Young (Allocation Failure) 117M->6M(794M) 1.069ms
[40.465s][info][gc,cpu         ] GC(62) User=0.00s Sys=0.00s Real=0.00s
[40.928s][info][gc,start       ] GC(63) Pause Young (Allocation Failure)
[40.929s][info][gc,heap        ] GC(63) PSYoungGen: 113440K(113664K)->992K(112128K) Eden: 112640K(112640K)->0K(111104K) From: 800K(1024K)->992K(1024K)
[40.929s][info][gc,heap        ] GC(63) ParOldGen: 5845K(699392K)->5845K(699392K)
[40.929s][info][gc,metaspace   ] GC(63) Metaspace: 9862K(10176K)->9862K(10176K) NonClass: 8559K(8768K)->8559K(8768K) Class: 1302K(1408K)->1302K(1408K)
[40.929s][info][gc             ] GC(63) Pause Young (Allocation Failure) 116M->6M(792M) 1.101ms
[40.929s][info][gc,cpu         ] GC(63) User=0.00s Sys=0.00s Real=0.00s
[41.379s][info][gc,start       ] GC(64) Pause Young (Allocation Failure)
[41.380s][info][gc,heap        ] GC(64) PSYoungGen: 112096K(112128K)->800K(110592K) Eden: 111104K(111104K)->0K(109568K) From: 992K(1024K)->800K(1024K)
[41.380s][info][gc,heap        ] GC(64) ParOldGen: 5845K(699392K)->6141K(699392K)
[41.380s][info][gc,metaspace   ] GC(64) Metaspace: 9862K(10176K)->9862K(10176K) NonClass: 8559K(8768K)->8559K(8768K) Class: 1302K(1408K)->1302K(1408K)
[41.380s][info][gc             ] GC(64) Pause Young (Allocation Failure) 115M->6M(791M) 1.069ms
[41.380s][info][gc,cpu         ] GC(64) User=0.00s Sys=0.00s Real=0.00s
[41.686s][info][gc,start       ] GC(65) Pause Young (System.gc())
[41.686s][info][gc,heap        ] GC(65) PSYoungGen: 73708K(110592K)->608K(110592K) Eden: 72908K(109568K)->0K(109568K) From: 800K(1024K)->608K(1024K)
[41.686s][info][gc,heap        ] GC(65) ParOldGen: 6141K(699392K)->6141K(699392K)
[41.687s][info][gc,metaspace   ] GC(65) Metaspace: 9862K(10176K)->9862K(10176K) NonClass: 8559K(8768K)->8559K(8768K) Class: 1302K(1408K)->1302K(1408K)
[41.687s][info][gc             ] GC(65) Pause Young (System.gc()) 77M->6M(791M) 0.941ms
[41.687s][info][gc,cpu         ] GC(65) User=0.00s Sys=0.00s Real=0.00s
[41.687s][info][gc,start       ] GC(66) Pause Full (System.gc())
[41.687s][info][gc,phases,start] GC(66) Marking Phase
[41.698s][info][gc,phases      ] GC(66) Marking Phase 11.649ms
[41.698s][info][gc,phases,start] GC(66) Summary Phase
[41.698s][info][gc,phases      ] GC(66) Summary Phase 0.021ms
[41.699s][info][gc,phases,start] GC(66) Adjust Roots
[41.703s][info][gc,phases      ] GC(66) Adjust Roots 4.016ms
[41.703s][info][gc,phases,start] GC(66) Compaction Phase
[41.706s][info][gc,phases      ] GC(66) Compaction Phase 3.566ms
[41.706s][info][gc,phases,start] GC(66) Post Compact
[41.707s][info][gc,phases      ] GC(66) Post Compact 0.398ms
[41.707s][info][gc,heap        ] GC(66) PSYoungGen: 608K(110592K)->0K(110592K) Eden: 0K(109568K)->0K(109568K) From: 608K(1024K)->0K(1024K)
[41.707s][info][gc,heap        ] GC(66) ParOldGen: 6141K(699392K)->4073K(699392K)
[41.707s][info][gc,metaspace   ] GC(66) Metaspace: 9862K(10176K)->9862K(10176K) NonClass: 8559K(8768K)->8559K(8768K) Class: 1302K(1408K)->1302K(1408K)
[41.707s][info][gc             ] GC(66) Pause Full (System.gc()) 6M->3M(791M) 19.890ms
[41.707s][info][gc,cpu         ] GC(66) User=0.02s Sys=0.00s Real=0.02s
[42.151s][info][gc,start       ] GC(67) Pause Young (Allocation Failure)
[42.153s][info][gc,heap        ] GC(67) PSYoungGen: 109568K(110592K)->1408K(109568K) Eden: 109568K(109568K)->0K(108032K) From: 0K(1024K)->1408K(1536K)
[42.153s][info][gc,heap        ] GC(67) ParOldGen: 4073K(699392K)->4073K(699392K)
[42.153s][info][gc,metaspace   ] GC(67) Metaspace: 9863K(10176K)->9863K(10176K) NonClass: 8560K(8768K)->8560K(8768K) Class: 1302K(1408K)->1302K(1408K)
[42.153s][info][gc             ] GC(67) Pause Young (Allocation Failure) 110M->5M(790M) 1.322ms
[42.153s][info][gc,cpu         ] GC(67) User=0.00s Sys=0.00s Real=0.00s
[42.603s][info][gc,start       ] GC(68) Pause Young (Allocation Failure)
[42.604s][info][gc,heap        ] GC(68) PSYoungGen: 109440K(109568K)->1024K(107520K) Eden: 108032K(108032K)->0K(106496K) From: 1408K(1536K)->1024K(1024K)
[42.605s][info][gc,heap        ] GC(68) ParOldGen: 4073K(699392K)->4537K(699392K)
[42.605s][info][gc,metaspace   ] GC(68) Metaspace: 9863K(10176K)->9863K(10176K) NonClass: 8560K(8768K)->8560K(8768K) Class: 1302K(1408K)->1302K(1408K)
[42.605s][info][gc             ] GC(68) Pause Young (Allocation Failure) 110M->5M(788M) 1.142ms
[42.605s][info][gc,cpu         ] GC(68) User=0.00s Sys=0.00s Real=0.00s
[43.032s][info][gc,start       ] GC(69) Pause Young (Allocation Failure)
[43.033s][info][gc,heap        ] GC(69) PSYoungGen: 107520K(107520K)->1056K(106496K) Eden: 106496K(106496K)->0K(104960K) From: 1024K(1024K)->1056K(1536K)
[43.033s][info][gc,heap        ] GC(69) ParOldGen: 4537K(699392K)->4769K(699392K)
[43.033s][info][gc,metaspace   ] GC(69) Metaspace: 9863K(10176K)->9863K(10176K) NonClass: 8560K(8768K)->8560K(8768K) Class: 1302K(1408K)->1302K(1408K)
[43.033s][info][gc             ] GC(69) Pause Young (Allocation Failure) 109M->5M(787M) 1.174ms
[43.033s][info][gc,cpu         ] GC(69) User=0.00s Sys=0.00s Real=0.00s
[43.459s][info][gc,start       ] GC(70) Pause Young (Allocation Failure)
[43.460s][info][gc,heap        ] GC(70) PSYoungGen: 106016K(106496K)->1024K(104960K) Eden: 104960K(104960K)->0K(103936K) From: 1056K(1536K)->1024K(1024K)
[43.460s][info][gc,heap        ] GC(70) ParOldGen: 4769K(699392K)->5065K(699392K)
[43.460s][info][gc,metaspace   ] GC(70) Metaspace: 9863K(10176K)->9863K(10176K) NonClass: 8560K(8768K)->8560K(8768K) Class: 1302K(1408K)->1302K(1408K)
[43.460s][info][gc             ] GC(70) Pause Young (Allocation Failure) 108M->5M(785M) 1.074ms
[43.460s][info][gc,cpu         ] GC(70) User=0.00s Sys=0.00s Real=0.00s
[43.875s][info][gc,start       ] GC(71) Pause Young (Allocation Failure)
[43.876s][info][gc,heap        ] GC(71) PSYoungGen: 104960K(104960K)->672K(103936K) Eden: 103936K(103936K)->0K(102912K) From: 1024K(1024K)->672K(1024K)
[43.876s][info][gc,heap        ] GC(71) ParOldGen: 5065K(699392K)->5489K(699392K)
[43.876s][info][gc,metaspace   ] GC(71) Metaspace: 9863K(10176K)->9863K(10176K) NonClass: 8560K(8768K)->8560K(8768K) Class: 1302K(1408K)->1302K(1408K)
[43.876s][info][gc             ] GC(71) Pause Young (Allocation Failure) 107M->6M(784M) 1.163ms
[43.876s][info][gc,cpu         ] GC(71) User=0.00s Sys=0.00s Real=0.00s
[44.294s][info][gc,start       ] GC(72) Pause Young (Allocation Failure)
[44.295s][info][gc,heap        ] GC(72) PSYoungGen: 103584K(103936K)->832K(102912K) Eden: 102912K(102912K)->0K(101888K) From: 672K(1024K)->832K(1024K)
[44.295s][info][gc,heap        ] GC(72) ParOldGen: 5489K(699392K)->5489K(699392K)
[44.295s][info][gc,metaspace   ] GC(72) Metaspace: 9863K(10176K)->9863K(10176K) NonClass: 8560K(8768K)->8560K(8768K) Class: 1302K(1408K)->1302K(1408K)
[44.296s][info][gc             ] GC(72) Pause Young (Allocation Failure) 106M->6M(783M) 1.166ms
[44.296s][info][gc,cpu         ] GC(72) User=0.28s Sys=0.00s Real=0.02s
[44.714s][info][gc,start       ] GC(73) Pause Young (Allocation Failure)
[44.715s][info][gc,heap        ] GC(73) PSYoungGen: 102720K(102912K)->768K(101888K) Eden: 101888K(101888K)->0K(100864K) From: 832K(1024K)->768K(1024K)
[44.715s][info][gc,heap        ] GC(73) ParOldGen: 5489K(699392K)->5769K(699392K)
[44.715s][info][gc,metaspace   ] GC(73) Metaspace: 9863K(10176K)->9863K(10176K) NonClass: 8560K(8768K)->8560K(8768K) Class: 1302K(1408K)->1302K(1408K)
[44.715s][info][gc             ] GC(73) Pause Young (Allocation Failure) 105M->6M(782M) 1.102ms
[44.715s][info][gc,cpu         ] GC(73) User=0.00s Sys=0.00s Real=0.00s
[45.134s][info][gc,start       ] GC(74) Pause Young (Allocation Failure)
[45.135s][info][gc,heap        ] GC(74) PSYoungGen: 101632K(101888K)->1088K(101376K) Eden: 100864K(100864K)->0K(99840K) From: 768K(1024K)->1088K(1536K)
[45.135s][info][gc,heap        ] GC(74) ParOldGen: 5769K(699392K)->5825K(699392K)
[45.135s][info][gc,metaspace   ] GC(74) Metaspace: 9863K(10176K)->9863K(10176K) NonClass: 8560K(8768K)->8560K(8768K) Class: 1302K(1408K)->1302K(1408K)
[45.135s][info][gc             ] GC(74) Pause Young (Allocation Failure) 104M->6M(782M) 0.953ms
[45.135s][info][gc,cpu         ] GC(74) User=0.00s Sys=0.00s Real=0.00s
[45.544s][info][gc,start       ] GC(75) Pause Young (Allocation Failure)
[45.545s][info][gc,heap        ] GC(75) PSYoungGen: 100928K(101376K)->992K(99840K) Eden: 99840K(99840K)->0K(98816K) From: 1088K(1536K)->992K(1024K)
[45.545s][info][gc,heap        ] GC(75) ParOldGen: 5825K(699392K)->6129K(699392K)
[45.545s][info][gc,metaspace   ] GC(75) Metaspace: 9863K(10176K)->9863K(10176K) NonClass: 8560K(8768K)->8560K(8768K) Class: 1302K(1408K)->1302K(1408K)
[45.545s][info][gc             ] GC(75) Pause Young (Allocation Failure) 104M->6M(780M) 1.379ms
[45.545s][info][gc,cpu         ] GC(75) User=0.09s Sys=0.03s Real=0.02s
[45.948s][info][gc,start       ] GC(76) Pause Young (Allocation Failure)
[45.948s][info][gc,heap        ] GC(76) PSYoungGen: 99808K(99840K)->896K(98816K) Eden: 98816K(98816K)->0K(97792K) From: 992K(1024K)->896K(1024K)
[45.948s][info][gc,heap        ] GC(76) ParOldGen: 6129K(699392K)->6393K(699392K)
[45.948s][info][gc,metaspace   ] GC(76) Metaspace: 9863K(10176K)->9863K(10176K) NonClass: 8560K(8768K)->8560K(8768K) Class: 1302K(1408K)->1302K(1408K)
[45.949s][info][gc             ] GC(76) Pause Young (Allocation Failure) 103M->7M(779M) 1.007ms
[45.949s][info][gc,cpu         ] GC(76) User=0.00s Sys=0.00s Real=0.00s
[46.353s][info][gc,start       ] GC(77) Pause Young (Allocation Failure)
[46.354s][info][gc,heap        ] GC(77) PSYoungGen: 98688K(98816K)->864K(97792K) Eden: 97792K(97792K)->0K(96768K) From: 896K(1024K)->864K(1024K)
[46.354s][info][gc,heap        ] GC(77) ParOldGen: 6393K(699392K)->6665K(699392K)
[46.355s][info][gc,metaspace   ] GC(77) Metaspace: 9863K(10176K)->9863K(10176K) NonClass: 8560K(8768K)->8560K(8768K) Class: 1302K(1408K)->1302K(1408K)
[46.355s][info][gc             ] GC(77) Pause Young (Allocation Failure) 102M->7M(778M) 1.127ms
[46.355s][info][gc,cpu         ] GC(77) User=0.00s Sys=0.00s Real=0.00s
[46.742s][info][gc,start       ] GC(78) Pause Young (Allocation Failure)
[46.743s][info][gc,heap        ] GC(78) PSYoungGen: 97631K(97792K)->704K(96768K) Eden: 96767K(96768K)->0K(95744K) From: 864K(1024K)->704K(1024K)
[46.743s][info][gc,heap        ] GC(78) ParOldGen: 6665K(699392K)->6665K(699392K)
[46.743s][info][gc,metaspace   ] GC(78) Metaspace: 9863K(10176K)->9863K(10176K) NonClass: 8560K(8768K)->8560K(8768K) Class: 1302K(1408K)->1302K(1408K)
[46.743s][info][gc             ] GC(78) Pause Young (Allocation Failure) 101M->7M(777M) 0.994ms
[46.743s][info][gc,cpu         ] GC(78) User=0.00s Sys=0.00s Real=0.00s
[47.135s][info][gc,start       ] GC(79) Pause Young (Allocation Failure)
[47.135s][info][gc,heap        ] GC(79) PSYoungGen: 96448K(96768K)->672K(95744K) Eden: 95744K(95744K)->0K(94720K) From: 704K(1024K)->672K(1024K)
[47.135s][info][gc,heap        ] GC(79) ParOldGen: 6665K(699392K)->6665K(699392K)
[47.136s][info][gc,metaspace   ] GC(79) Metaspace: 9863K(10176K)->9863K(10176K) NonClass: 8560K(8768K)->8560K(8768K) Class: 1302K(1408K)->1302K(1408K)
[47.136s][info][gc             ] GC(79) Pause Young (Allocation Failure) 100M->7M(776M) 0.963ms
[47.136s][info][gc,cpu         ] GC(79) User=0.00s Sys=0.00s Real=0.00s
[47.527s][info][gc,start       ] GC(80) Pause Young (Allocation Failure)
[47.528s][info][gc,heap        ] GC(80) PSYoungGen: 95392K(95744K)->928K(94720K) Eden: 94720K(94720K)->0K(93696K) From: 672K(1024K)->928K(1024K)
[47.528s][info][gc,heap        ] GC(80) ParOldGen: 6665K(699392K)->6665K(699392K)
[47.528s][info][gc,metaspace   ] GC(80) Metaspace: 9863K(10176K)->9863K(10176K) NonClass: 8560K(8768K)->8560K(8768K) Class: 1302K(1408K)->1302K(1408K)
[47.528s][info][gc             ] GC(80) Pause Young (Allocation Failure) 99M->7M(775M) 1.079ms
[47.528s][info][gc,cpu         ] GC(80) User=0.00s Sys=0.00s Real=0.02s
[47.915s][info][gc,start       ] GC(81) Pause Young (Allocation Failure)
[47.916s][info][gc,heap        ] GC(81) PSYoungGen: 94624K(94720K)->864K(93696K) Eden: 93696K(93696K)->0K(92672K) From: 928K(1024K)->864K(1024K)
[47.916s][info][gc,heap        ] GC(81) ParOldGen: 6665K(699392K)->7121K(699392K)
[47.916s][info][gc,metaspace   ] GC(81) Metaspace: 9863K(10176K)->9863K(10176K) NonClass: 8560K(8768K)->8560K(8768K) Class: 1302K(1408K)->1302K(1408K)
[47.916s][info][gc             ] GC(81) Pause Young (Allocation Failure) 98M->7M(774M) 1.294ms
[47.916s][info][gc,cpu         ] GC(81) User=0.00s Sys=0.00s Real=0.00s
[48.297s][info][gc,start       ] GC(82) Pause Young (Allocation Failure)
[48.297s][info][gc,heap        ] GC(82) PSYoungGen: 93536K(93696K)->672K(92672K) Eden: 92672K(92672K)->0K(91648K) From: 864K(1024K)->672K(1024K)
[48.297s][info][gc,heap        ] GC(82) ParOldGen: 7121K(699392K)->7145K(699392K)
[48.298s][info][gc,metaspace   ] GC(82) Metaspace: 9863K(10176K)->9863K(10176K) NonClass: 8560K(8768K)->8560K(8768K) Class: 1302K(1408K)->1302K(1408K)
[48.298s][info][gc             ] GC(82) Pause Young (Allocation Failure) 98M->7M(773M) 0.957ms
[48.298s][info][gc,cpu         ] GC(82) User=0.00s Sys=0.00s Real=0.00s
[48.403s][info][gc,start       ] GC(83) Pause Young (System.gc())
[48.404s][info][gc,heap        ] GC(83) PSYoungGen: 26953K(92672K)->608K(92672K) Eden: 26281K(91648K)->0K(91648K) From: 672K(1024K)->608K(1024K)
[48.404s][info][gc,heap        ] GC(83) ParOldGen: 7145K(699392K)->7145K(699392K)
[48.404s][info][gc,metaspace   ] GC(83) Metaspace: 9864K(10176K)->9864K(10176K) NonClass: 8561K(8768K)->8561K(8768K) Class: 1302K(1408K)->1302K(1408K)
[48.404s][info][gc             ] GC(83) Pause Young (System.gc()) 33M->7M(773M) 0.973ms
[48.405s][info][gc,cpu         ] GC(83) User=0.00s Sys=0.00s Real=0.00s
[48.405s][info][gc,start       ] GC(84) Pause Full (System.gc())
[48.405s][info][gc,phases,start] GC(84) Marking Phase
[48.416s][info][gc,phases      ] GC(84) Marking Phase 11.639ms
[48.416s][info][gc,phases,start] GC(84) Summary Phase
[48.416s][info][gc,phases      ] GC(84) Summary Phase 0.025ms
[48.416s][info][gc,phases,start] GC(84) Adjust Roots
[48.420s][info][gc,phases      ] GC(84) Adjust Roots 3.354ms
[48.420s][info][gc,phases,start] GC(84) Compaction Phase
[48.424s][info][gc,phases      ] GC(84) Compaction Phase 3.609ms
[48.424s][info][gc,phases,start] GC(84) Post Compact
[48.424s][info][gc,phases      ] GC(84) Post Compact 0.477ms
[48.424s][info][gc,heap        ] GC(84) PSYoungGen: 608K(92672K)->0K(92672K) Eden: 0K(91648K)->0K(91648K) From: 608K(1024K)->0K(1024K)
[48.424s][info][gc,heap        ] GC(84) ParOldGen: 7145K(699392K)->4074K(699392K)
[48.424s][info][gc,metaspace   ] GC(84) Metaspace: 9864K(10176K)->9864K(10176K) NonClass: 8561K(8768K)->8561K(8768K) Class: 1302K(1408K)->1302K(1408K)
[48.424s][info][gc             ] GC(84) Pause Full (System.gc()) 7M->3M(773M) 19.508ms
[48.424s][info][gc,cpu         ] GC(84) User=0.02s Sys=0.00s Real=0.01s
[48.805s][info][gc,start       ] GC(85) Pause Young (Allocation Failure)
[48.806s][info][gc,heap        ] GC(85) PSYoungGen: 91648K(92672K)->1376K(92160K) Eden: 91648K(91648K)->0K(90624K) From: 0K(1024K)->1376K(1536K)
[48.806s][info][gc,heap        ] GC(85) ParOldGen: 4074K(699392K)->4074K(699392K)
[48.806s][info][gc,metaspace   ] GC(85) Metaspace: 9865K(10176K)->9865K(10176K) NonClass: 8562K(8768K)->8562K(8768K) Class: 1302K(1408K)->1302K(1408K)
[48.806s][info][gc             ] GC(85) Pause Young (Allocation Failure) 93M->5M(773M) 1.094ms
[48.806s][info][gc,cpu         ] GC(85) User=0.00s Sys=0.00s Real=0.00s
[49.173s][info][gc,start       ] GC(86) Pause Young (Allocation Failure)
[49.175s][info][gc,heap        ] GC(86) PSYoungGen: 92000K(92160K)->1056K(91136K) Eden: 90624K(90624K)->0K(89600K) From: 1376K(1536K)->1056K(1536K)
[49.175s][info][gc,heap        ] GC(86) ParOldGen: 4074K(699392K)->4706K(699392K)
[49.175s][info][gc,metaspace   ] GC(86) Metaspace: 9865K(10176K)->9865K(10176K) NonClass: 8562K(8768K)->8562K(8768K) Class: 1302K(1408K)->1302K(1408K)
[49.175s][info][gc             ] GC(86) Pause Young (Allocation Failure) 93M->5M(772M) 1.541ms
[49.175s][info][gc,cpu         ] GC(86) User=0.00s Sys=0.00s Real=0.00s
[49.533s][info][gc,start       ] GC(87) Pause Young (Allocation Failure)
[49.534s][info][gc,heap        ] GC(87) PSYoungGen: 90656K(91136K)->512K(89088K) Eden: 89600K(89600K)->0K(88576K) From: 1056K(1536K)->512K(512K)
[49.534s][info][gc,heap        ] GC(87) ParOldGen: 4706K(699392K)->5058K(699392K)
[49.534s][info][gc,metaspace   ] GC(87) Metaspace: 9865K(10176K)->9865K(10176K) NonClass: 8562K(8768K)->8562K(8768K) Class: 1302K(1408K)->1302K(1408K)
[49.534s][info][gc             ] GC(87) Pause Young (Allocation Failure) 93M->5M(770M) 1.009ms
[49.534s][info][gc,cpu         ] GC(87) User=0.00s Sys=0.00s Real=0.00s
[49.898s][info][gc,start       ] GC(88) Pause Young (Allocation Failure)
[49.899s][info][gc,heap        ] GC(88) PSYoungGen: 89088K(89088K)->1344K(89088K) Eden: 88576K(88576K)->0K(87552K) From: 512K(512K)->1344K(1536K)
[49.899s][info][gc,heap        ] GC(88) ParOldGen: 5058K(699392K)->5498K(699392K)
[49.899s][info][gc,metaspace   ] GC(88) Metaspace: 9865K(10176K)->9865K(10176K) NonClass: 8562K(8768K)->8562K(8768K) Class: 1302K(1408K)->1302K(1408K)
[49.899s][info][gc             ] GC(88) Pause Young (Allocation Failure) 91M->6M(770M) 1.268ms
[49.899s][info][gc,cpu         ] GC(88) User=0.00s Sys=0.00s Real=0.00s
[50.266s][info][gc,start       ] GC(89) Pause Young (Allocation Failure)
[50.267s][info][gc,heap        ] GC(89) PSYoungGen: 88896K(89088K)->800K(87552K) Eden: 87552K(87552K)->0K(86528K) From: 1344K(1536K)->800K(1024K)
[50.267s][info][gc,heap        ] GC(89) ParOldGen: 5498K(699392K)->6202K(699392K)
[50.267s][info][gc,metaspace   ] GC(89) Metaspace: 9865K(10176K)->9865K(10176K) NonClass: 8562K(8768K)->8562K(8768K) Class: 1302K(1408K)->1302K(1408K)
[50.267s][info][gc             ] GC(89) Pause Young (Allocation Failure) 92M->6M(768M) 1.404ms
[50.267s][info][gc,cpu         ] GC(89) User=0.00s Sys=0.00s Real=0.00s
[50.627s][info][gc,start       ] GC(90) Pause Young (Allocation Failure)
[50.628s][info][gc,heap        ] GC(90) PSYoungGen: 87328K(87552K)->704K(86528K) Eden: 86528K(86528K)->0K(85504K) From: 800K(1024K)->704K(1024K)
[50.628s][info][gc,heap        ] GC(90) ParOldGen: 6202K(699392K)->6442K(699392K)
[50.628s][info][gc,metaspace   ] GC(90) Metaspace: 9865K(10176K)->9865K(10176K) NonClass: 8562K(8768K)->8562K(8768K) Class: 1302K(1408K)->1302K(1408K)
[50.629s][info][gc             ] GC(90) Pause Young (Allocation Failure) 91M->6M(767M) 1.061ms
[50.629s][info][gc,cpu         ] GC(90) User=0.00s Sys=0.00s Real=0.00s
[50.984s][info][gc,start       ] GC(91) Pause Young (Allocation Failure)
[50.984s][info][gc,heap        ] GC(91) PSYoungGen: 86208K(86528K)->640K(85504K) Eden: 85504K(85504K)->0K(84480K) From: 704K(1024K)->640K(1024K)
[50.984s][info][gc,heap        ] GC(91) ParOldGen: 6442K(699392K)->6442K(699392K)
[50.985s][info][gc,metaspace   ] GC(91) Metaspace: 9865K(10176K)->9865K(10176K) NonClass: 8562K(8768K)->8562K(8768K) Class: 1302K(1408K)->1302K(1408K)
[50.985s][info][gc             ] GC(91) Pause Young (Allocation Failure) 90M->6M(766M) 1.020ms
[50.985s][info][gc,cpu         ] GC(91) User=0.00s Sys=0.00s Real=0.00s
[51.340s][info][gc,start       ] GC(92) Pause Young (Allocation Failure)
[51.341s][info][gc,heap        ] GC(92) PSYoungGen: 85120K(85504K)->672K(84480K) Eden: 84480K(84480K)->0K(83456K) From: 640K(1024K)->672K(1024K)
[51.341s][info][gc,heap        ] GC(92) ParOldGen: 6442K(699392K)->6442K(699392K)
[51.341s][info][gc,metaspace   ] GC(92) Metaspace: 9865K(10176K)->9865K(10176K) NonClass: 8562K(8768K)->8562K(8768K) Class: 1302K(1408K)->1302K(1408K)
[51.341s][info][gc             ] GC(92) Pause Young (Allocation Failure) 89M->6M(765M) 1.013ms
[51.341s][info][gc,cpu         ] GC(92) User=0.00s Sys=0.00s Real=0.00s
[51.682s][info][gc,start       ] GC(93) Pause Young (Allocation Failure)
[51.683s][info][gc,heap        ] GC(93) PSYoungGen: 84128K(84480K)->736K(83968K) Eden: 83456K(83456K)->0K(82944K) From: 672K(1024K)->736K(1024K)
[51.683s][info][gc,heap        ] GC(93) ParOldGen: 6442K(699392K)->6442K(699392K)
[51.683s][info][gc,metaspace   ] GC(93) Metaspace: 9865K(10176K)->9865K(10176K) NonClass: 8562K(8768K)->8562K(8768K) Class: 1302K(1408K)->1302K(1408K)
[51.683s][info][gc             ] GC(93) Pause Young (Allocation Failure) 88M->7M(765M) 0.997ms
[51.683s][info][gc,cpu         ] GC(93) User=0.00s Sys=0.00s Real=0.00s
[52.026s][info][gc,start       ] GC(94) Pause Young (Allocation Failure)
[52.027s][info][gc,heap        ] GC(94) PSYoungGen: 83680K(83968K)->960K(83456K) Eden: 82944K(82944K)->0K(82432K) From: 736K(1024K)->960K(1024K)
[52.027s][info][gc,heap        ] GC(94) ParOldGen: 6442K(699392K)->6498K(699392K)
[52.027s][info][gc,metaspace   ] GC(94) Metaspace: 9865K(10176K)->9865K(10176K) NonClass: 8562K(8768K)->8562K(8768K) Class: 1302K(1408K)->1302K(1408K)
[52.027s][info][gc             ] GC(94) Pause Young (Allocation Failure) 88M->7M(764M) 1.140ms
[52.027s][info][gc,cpu         ] GC(94) User=0.00s Sys=0.00s Real=0.00s
[52.375s][info][gc,start       ] GC(95) Pause Young (Allocation Failure)
[52.376s][info][gc,heap        ] GC(95) PSYoungGen: 83392K(83456K)->736K(82944K) Eden: 82432K(82432K)->0K(81920K) From: 960K(1024K)->736K(1024K)
[52.376s][info][gc,heap        ] GC(95) ParOldGen: 6498K(699392K)->6730K(699392K)
[52.377s][info][gc,metaspace   ] GC(95) Metaspace: 9865K(10176K)->9865K(10176K) NonClass: 8562K(8768K)->8562K(8768K) Class: 1302K(1408K)->1302K(1408K)
[52.377s][info][gc             ] GC(95) Pause Young (Allocation Failure) 87M->7M(764M) 1.097ms
[52.377s][info][gc,cpu         ] GC(95) User=0.00s Sys=0.00s Real=0.00s
[52.714s][info][gc,start       ] GC(96) Pause Young (Allocation Failure)
[52.715s][info][gc,heap        ] GC(96) PSYoungGen: 82656K(82944K)->704K(82432K) Eden: 81920K(81920K)->0K(81408K) From: 736K(1024K)->704K(1024K)
[52.715s][info][gc,heap        ] GC(96) ParOldGen: 6730K(699392K)->6730K(699392K)
[52.715s][info][gc,metaspace   ] GC(96) Metaspace: 9865K(10176K)->9865K(10176K) NonClass: 8562K(8768K)->8562K(8768K) Class: 1302K(1408K)->1302K(1408K)
[52.715s][info][gc             ] GC(96) Pause Young (Allocation Failure) 87M->7M(763M) 1.075ms
[52.715s][info][gc,cpu         ] GC(96) User=0.00s Sys=0.00s Real=0.00s
[53.050s][info][gc,start       ] GC(97) Pause Young (Allocation Failure)
[53.050s][info][gc,heap        ] GC(97) PSYoungGen: 82112K(82432K)->672K(81920K) Eden: 81408K(81408K)->0K(80896K) From: 704K(1024K)->672K(1024K)
[53.050s][info][gc,heap        ] GC(97) ParOldGen: 6730K(699392K)->6730K(699392K)
[53.051s][info][gc,metaspace   ] GC(97) Metaspace: 9865K(10176K)->9865K(10176K) NonClass: 8562K(8768K)->8562K(8768K) Class: 1302K(1408K)->1302K(1408K)
[53.051s][info][gc             ] GC(97) Pause Young (Allocation Failure) 86M->7M(763M) 0.978ms
[53.051s][info][gc,cpu         ] GC(97) User=0.00s Sys=0.00s Real=0.00s
[53.386s][info][gc,start       ] GC(98) Pause Young (Allocation Failure)
[53.387s][info][gc,heap        ] GC(98) PSYoungGen: 81568K(81920K)->640K(81408K) Eden: 80896K(80896K)->0K(80384K) From: 672K(1024K)->640K(1024K)
[53.387s][info][gc,heap        ] GC(98) ParOldGen: 6730K(699392K)->6730K(699392K)
[53.387s][info][gc,metaspace   ] GC(98) Metaspace: 9865K(10176K)->9865K(10176K) NonClass: 8562K(8768K)->8562K(8768K) Class: 1302K(1408K)->1302K(1408K)
[53.387s][info][gc             ] GC(98) Pause Young (Allocation Failure) 86M->7M(762M) 0.966ms
[53.387s][info][gc,cpu         ] GC(98) User=0.00s Sys=0.00s Real=0.00s
[53.718s][info][gc,start       ] GC(99) Pause Young (Allocation Failure)
[53.719s][info][gc,heap        ] GC(99) PSYoungGen: 81024K(81408K)->608K(80896K) Eden: 80384K(80384K)->0K(79872K) From: 640K(1024K)->608K(1024K)
[53.719s][info][gc,heap        ] GC(99) ParOldGen: 6730K(699392K)->6730K(699392K)
[53.719s][info][gc,metaspace   ] GC(99) Metaspace: 9865K(10176K)->9865K(10176K) NonClass: 8562K(8768K)->8562K(8768K) Class: 1302K(1408K)->1302K(1408K)
[53.719s][info][gc             ] GC(99) Pause Young (Allocation Failure) 85M->7M(762M) 0.988ms
[53.719s][info][gc,cpu         ] GC(99) User=0.28s Sys=0.00s Real=0.01s
[54.044s][info][gc,start       ] GC(100) Pause Young (Allocation Failure)
[54.045s][info][gc,heap        ] GC(100) PSYoungGen: 80480K(80896K)->1120K(80896K) Eden: 79872K(79872K)->0K(79360K) From: 608K(1024K)->1120K(1536K)
[54.045s][info][gc,heap        ] GC(100) ParOldGen: 6730K(699392K)->6802K(699392K)
[54.045s][info][gc,metaspace   ] GC(100) Metaspace: 9865K(10176K)->9865K(10176K) NonClass: 8562K(8768K)->8562K(8768K) Class: 1302K(1408K)->1302K(1408K)
[54.045s][info][gc             ] GC(100) Pause Young (Allocation Failure) 85M->7M(762M) 1.174ms
[54.045s][info][gc,cpu         ] GC(100) User=0.00s Sys=0.00s Real=0.00s
[54.372s][info][gc,start       ] GC(101) Pause Young (Allocation Failure)
[54.373s][info][gc,heap        ] GC(101) PSYoungGen: 80480K(80896K)->1024K(79872K) Eden: 79360K(79360K)->0K(78848K) From: 1120K(1536K)->1024K(1024K)
[54.373s][info][gc,heap        ] GC(101) ParOldGen: 6802K(699392K)->7266K(699392K)
[54.373s][info][gc,metaspace   ] GC(101) Metaspace: 9865K(10176K)->9865K(10176K) NonClass: 8562K(8768K)->8562K(8768K) Class: 1302K(1408K)->1302K(1408K)
[54.373s][info][gc             ] GC(101) Pause Young (Allocation Failure) 85M->8M(761M) 1.165ms
[54.373s][info][gc,cpu         ] GC(101) User=0.00s Sys=0.00s Real=0.00s
[54.687s][info][gc,start       ] GC(102) Pause Young (Allocation Failure)
[54.688s][info][gc,heap        ] GC(102) PSYoungGen: 79872K(79872K)->672K(79360K) Eden: 78848K(78848K)->0K(78336K) From: 1024K(1024K)->672K(1024K)
[54.688s][info][gc,heap        ] GC(102) ParOldGen: 7266K(699392K)->7546K(699392K)
[54.688s][info][gc,metaspace   ] GC(102) Metaspace: 9865K(10176K)->9865K(10176K) NonClass: 8562K(8768K)->8562K(8768K) Class: 1302K(1408K)->1302K(1408K)
[54.689s][info][gc             ] GC(102) Pause Young (Allocation Failure) 85M->8M(760M) 1.105ms
[54.689s][info][gc,cpu         ] GC(102) User=0.00s Sys=0.00s Real=0.00s
[55.004s][info][gc,start       ] GC(103) Pause Young (Allocation Failure)
[55.005s][info][gc,heap        ] GC(103) PSYoungGen: 79008K(79360K)->672K(78848K) Eden: 78336K(78336K)->0K(77824K) From: 672K(1024K)->672K(1024K)
[55.005s][info][gc,heap        ] GC(103) ParOldGen: 7546K(699392K)->7546K(699392K)
[55.005s][info][gc,metaspace   ] GC(103) Metaspace: 9865K(10176K)->9865K(10176K) NonClass: 8562K(8768K)->8562K(8768K) Class: 1302K(1408K)->1302K(1408K)
[55.005s][info][gc             ] GC(103) Pause Young (Allocation Failure) 84M->8M(760M) 0.976ms
[55.005s][info][gc,cpu         ] GC(103) User=0.00s Sys=0.00s Real=0.00s
[55.167s][info][gc,start       ] GC(104) Pause Young (System.gc())
[55.167s][info][gc,heap        ] GC(104) PSYoungGen: 41626K(78848K)->576K(78848K) Eden: 40954K(77824K)->0K(77824K) From: 672K(1024K)->576K(1024K)
[55.167s][info][gc,heap        ] GC(104) ParOldGen: 7546K(699392K)->7546K(699392K)
[55.167s][info][gc,metaspace   ] GC(104) Metaspace: 9865K(10176K)->9865K(10176K) NonClass: 8562K(8768K)->8562K(8768K) Class: 1302K(1408K)->1302K(1408K)
[55.167s][info][gc             ] GC(104) Pause Young (System.gc()) 48M->7M(760M) 0.888ms
[55.168s][info][gc,cpu         ] GC(104) User=0.00s Sys=0.00s Real=0.00s
[55.168s][info][gc,start       ] GC(105) Pause Full (System.gc())
[55.168s][info][gc,phases,start] GC(105) Marking Phase
[55.180s][info][gc,phases      ] GC(105) Marking Phase 12.248ms
[55.180s][info][gc,phases,start] GC(105) Summary Phase
[55.180s][info][gc,phases      ] GC(105) Summary Phase 0.032ms
[55.180s][info][gc,phases,start] GC(105) Adjust Roots
[55.184s][info][gc,phases      ] GC(105) Adjust Roots 3.525ms
[55.184s][info][gc,phases,start] GC(105) Compaction Phase
[55.187s][info][gc,phases      ] GC(105) Compaction Phase 3.563ms
[55.187s][info][gc,phases,start] GC(105) Post Compact
[55.188s][info][gc,phases      ] GC(105) Post Compact 0.479ms
[55.188s][info][gc,heap        ] GC(105) PSYoungGen: 576K(78848K)->0K(78848K) Eden: 0K(77824K)->0K(77824K) From: 576K(1024K)->0K(1024K)
[55.188s][info][gc,heap        ] GC(105) ParOldGen: 7546K(699392K)->4074K(699392K)
[55.188s][info][gc,metaspace   ] GC(105) Metaspace: 9865K(10176K)->9865K(10176K) NonClass: 8562K(8768K)->8562K(8768K) Class: 1302K(1408K)->1302K(1408K)
[55.188s][info][gc             ] GC(105) Pause Full (System.gc()) 7M->3M(760M) 20.198ms
[55.188s][info][gc,cpu         ] GC(105) User=0.33s Sys=0.00s Real=0.03s
[55.520s][info][gc,start       ] GC(106) Pause Young (Allocation Failure)
[55.521s][info][gc,heap        ] GC(106) PSYoungGen: 77824K(78848K)->1536K(78848K) Eden: 77824K(77824K)->0K(77312K) From: 0K(1024K)->1536K(1536K)
[55.521s][info][gc,heap        ] GC(106) ParOldGen: 4074K(699392K)->4074K(699392K)
[55.521s][info][gc,metaspace   ] GC(106) Metaspace: 9868K(10176K)->9868K(10176K) NonClass: 8566K(8768K)->8566K(8768K) Class: 1302K(1408K)->1302K(1408K)
[55.521s][info][gc             ] GC(106) Pause Young (Allocation Failure) 79M->5M(760M) 1.120ms
[55.521s][info][gc,cpu         ] GC(106) User=0.00s Sys=0.02s Real=0.02s
[55.846s][info][gc,start       ] GC(107) Pause Young (Allocation Failure)
[55.847s][info][gc,heap        ] GC(107) PSYoungGen: 78848K(78848K)->1184K(78336K) Eden: 77312K(77312K)->0K(76800K) From: 1536K(1536K)->1184K(1536K)
[55.847s][info][gc,heap        ] GC(107) ParOldGen: 4074K(699392K)->4522K(699392K)
[55.847s][info][gc,metaspace   ] GC(107) Metaspace: 9868K(10176K)->9868K(10176K) NonClass: 8566K(8768K)->8566K(8768K) Class: 1302K(1408K)->1302K(1408K)
[55.847s][info][gc             ] GC(107) Pause Young (Allocation Failure) 80M->5M(759M) 1.524ms
[55.847s][info][gc,cpu         ] GC(107) User=0.00s Sys=0.00s Real=0.00s
[56.155s][info][gc,start       ] GC(108) Pause Young (Allocation Failure)
[56.156s][info][gc,heap        ] GC(108) PSYoungGen: 77984K(78336K)->512K(76800K) Eden: 76800K(76800K)->0K(76288K) From: 1184K(1536K)->512K(512K)
[56.156s][info][gc,heap        ] GC(108) ParOldGen: 4522K(699392K)->5130K(699392K)
[56.156s][info][gc,metaspace   ] GC(108) Metaspace: 9868K(10176K)->9868K(10176K) NonClass: 8566K(8768K)->8566K(8768K) Class: 1302K(1408K)->1302K(1408K)
[56.157s][info][gc             ] GC(108) Pause Young (Allocation Failure) 80M->5M(758M) 1.210ms
[56.157s][info][gc,cpu         ] GC(108) User=0.00s Sys=0.00s Real=0.00s
[56.472s][info][gc,start       ] GC(109) Pause Young (Allocation Failure)
[56.473s][info][gc,heap        ] GC(109) PSYoungGen: 76800K(76800K)->1248K(77824K) Eden: 76288K(76288K)->0K(75776K) From: 512K(512K)->1248K(2048K)
[56.473s][info][gc,heap        ] GC(109) ParOldGen: 5130K(699392K)->5658K(699392K)
[56.473s][info][gc,metaspace   ] GC(109) Metaspace: 9868K(10176K)->9868K(10176K) NonClass: 8566K(8768K)->8566K(8768K) Class: 1302K(1408K)->1302K(1408K)
[56.473s][info][gc             ] GC(109) Pause Young (Allocation Failure) 80M->6M(759M) 1.305ms
[56.473s][info][gc,cpu         ] GC(109) User=0.00s Sys=0.00s Real=0.00s
[56.778s][info][gc,start       ] GC(110) Pause Young (Allocation Failure)
[56.779s][info][gc,heap        ] GC(110) PSYoungGen: 77024K(77824K)->896K(76288K) Eden: 75776K(75776K)->0K(75264K) From: 1248K(2048K)->896K(1024K)
[56.779s][info][gc,heap        ] GC(110) ParOldGen: 5658K(699392K)->6162K(699392K)
[56.779s][info][gc,metaspace   ] GC(110) Metaspace: 9868K(10176K)->9868K(10176K) NonClass: 8566K(8768K)->8566K(8768K) Class: 1302K(1408K)->1302K(1408K)
[56.779s][info][gc             ] GC(110) Pause Young (Allocation Failure) 80M->6M(757M) 1.383ms
[56.779s][info][gc,cpu         ] GC(110) User=0.00s Sys=0.00s Real=0.00s
[57.086s][info][gc,start       ] GC(111) Pause Young (Allocation Failure)
[57.087s][info][gc,heap        ] GC(111) PSYoungGen: 76160K(76288K)->832K(75776K) Eden: 75264K(75264K)->0K(74752K) From: 896K(1024K)->832K(1024K)
[57.087s][info][gc,heap        ] GC(111) ParOldGen: 6162K(699392K)->6162K(699392K)
[57.087s][info][gc,metaspace   ] GC(111) Metaspace: 9868K(10176K)->9868K(10176K) NonClass: 8566K(8768K)->8566K(8768K) Class: 1302K(1408K)->1302K(1408K)
[57.088s][info][gc             ] GC(111) Pause Young (Allocation Failure) 80M->6M(757M) 1.070ms
[57.088s][info][gc,cpu         ] GC(111) User=0.00s Sys=0.00s Real=0.00s
[57.396s][info][gc,start       ] GC(112) Pause Young (Allocation Failure)
[57.397s][info][gc,heap        ] GC(112) PSYoungGen: 75584K(75776K)->640K(75264K) Eden: 74752K(74752K)->0K(74240K) From: 832K(1024K)->640K(1024K)
[57.398s][info][gc,heap        ] GC(112) ParOldGen: 6162K(699392K)->6418K(699392K)
[57.398s][info][gc,metaspace   ] GC(112) Metaspace: 9868K(10176K)->9868K(10176K) NonClass: 8566K(8768K)->8566K(8768K) Class: 1302K(1408K)->1302K(1408K)
[57.398s][info][gc             ] GC(112) Pause Young (Allocation Failure) 79M->6M(756M) 1.232ms
[57.398s][info][gc,cpu         ] GC(112) User=0.00s Sys=0.00s Real=0.00s
[57.706s][info][gc,start       ] GC(113) Pause Young (Allocation Failure)
[57.707s][info][gc,heap        ] GC(113) PSYoungGen: 74880K(75264K)->768K(74752K) Eden: 74240K(74240K)->0K(73728K) From: 640K(1024K)->768K(1024K)
[57.707s][info][gc,heap        ] GC(113) ParOldGen: 6418K(699392K)->6418K(699392K)
[57.707s][info][gc,metaspace   ] GC(113) Metaspace: 9868K(10176K)->9868K(10176K) NonClass: 8566K(8768K)->8566K(8768K) Class: 1302K(1408K)->1302K(1408K)
[57.707s][info][gc             ] GC(113) Pause Young (Allocation Failure) 79M->7M(756M) 0.951ms
[57.707s][info][gc,cpu         ] GC(113) User=0.00s Sys=0.00s Real=0.00s
[58.009s][info][gc,start       ] GC(114) Pause Young (Allocation Failure)
[58.010s][info][gc,heap        ] GC(114) PSYoungGen: 74496K(74752K)->640K(74240K) Eden: 73728K(73728K)->0K(73216K) From: 768K(1024K)->640K(1024K)
[58.010s][info][gc,heap        ] GC(114) ParOldGen: 6418K(699392K)->6418K(699392K)
[58.010s][info][gc,metaspace   ] GC(114) Metaspace: 9868K(10176K)->9868K(10176K) NonClass: 8566K(8768K)->8566K(8768K) Class: 1302K(1408K)->1302K(1408K)
[58.010s][info][gc             ] GC(114) Pause Young (Allocation Failure) 79M->6M(755M) 0.981ms
[58.010s][info][gc,cpu         ] GC(114) User=0.00s Sys=0.00s Real=0.00s
[58.309s][info][gc,start       ] GC(115) Pause Young (Allocation Failure)
[58.309s][info][gc,heap        ] GC(115) PSYoungGen: 73856K(74240K)->736K(73728K) Eden: 73216K(73216K)->0K(72704K) From: 640K(1024K)->736K(1024K)
[58.309s][info][gc,heap        ] GC(115) ParOldGen: 6418K(699392K)->6418K(699392K)
[58.309s][info][gc,metaspace   ] GC(115) Metaspace: 9868K(10176K)->9868K(10176K) NonClass: 8566K(8768K)->8566K(8768K) Class: 1302K(1408K)->1302K(1408K)
[58.310s][info][gc             ] GC(115) Pause Young (Allocation Failure) 78M->6M(755M) 0.979ms
[58.310s][info][gc,cpu         ] GC(115) User=0.00s Sys=0.00s Real=0.00s
[58.615s][info][gc,start       ] GC(116) Pause Young (Allocation Failure)
[58.616s][info][gc,heap        ] GC(116) PSYoungGen: 73440K(73728K)->704K(73216K) Eden: 72704K(72704K)->0K(72192K) From: 736K(1024K)->704K(1024K)
[58.616s][info][gc,heap        ] GC(116) ParOldGen: 6418K(699392K)->6418K(699392K)
[58.616s][info][gc,metaspace   ] GC(116) Metaspace: 9868K(10176K)->9868K(10176K) NonClass: 8566K(8768K)->8566K(8768K) Class: 1302K(1408K)->1302K(1408K)
[58.616s][info][gc             ] GC(116) Pause Young (Allocation Failure) 77M->6M(754M) 0.988ms
[58.616s][info][gc,cpu         ] GC(116) User=0.00s Sys=0.00s Real=0.00s
[58.911s][info][gc,start       ] GC(117) Pause Young (Allocation Failure)
[58.912s][info][gc,heap        ] GC(117) PSYoungGen: 72896K(73216K)->640K(72704K) Eden: 72192K(72192K)->0K(71680K) From: 704K(1024K)->640K(1024K)
[58.912s][info][gc,heap        ] GC(117) ParOldGen: 6418K(699392K)->6418K(699392K)
[58.912s][info][gc,metaspace   ] GC(117) Metaspace: 9868K(10176K)->9868K(10176K) NonClass: 8566K(8768K)->8566K(8768K) Class: 1302K(1408K)->1302K(1408K)
[58.912s][info][gc             ] GC(117) Pause Young (Allocation Failure) 77M->6M(754M) 0.949ms
[58.912s][info][gc,cpu         ] GC(117) User=0.00s Sys=0.00s Real=0.00s
[59.213s][info][gc,start       ] GC(118) Pause Young (Allocation Failure)
[59.214s][info][gc,heap        ] GC(118) PSYoungGen: 72320K(72704K)->992K(72192K) Eden: 71680K(71680K)->0K(71168K) From: 640K(1024K)->992K(1024K)
[59.214s][info][gc,heap        ] GC(118) ParOldGen: 6418K(699392K)->6418K(699392K)
[59.214s][info][gc,metaspace   ] GC(118) Metaspace: 9868K(10176K)->9868K(10176K) NonClass: 8566K(8768K)->8566K(8768K) Class: 1302K(1408K)->1302K(1408K)
[59.214s][info][gc             ] GC(118) Pause Young (Allocation Failure) 76M->7M(753M) 1.085ms
[59.214s][info][gc,cpu         ] GC(118) User=0.00s Sys=0.00s Real=0.00s
[59.490s][info][gc,start       ] GC(119) Pause Young (Allocation Failure)
[59.491s][info][gc,heap        ] GC(119) PSYoungGen: 72160K(72192K)->640K(71680K) Eden: 71168K(71168K)->0K(70656K) From: 992K(1024K)->640K(1024K)
[59.491s][info][gc,heap        ] GC(119) ParOldGen: 6418K(699392K)->6682K(699392K)
[59.491s][info][gc,metaspace   ] GC(119) Metaspace: 9868K(10176K)->9868K(10176K) NonClass: 8566K(8768K)->8566K(8768K) Class: 1302K(1408K)->1302K(1408K)
[59.491s][info][gc             ] GC(119) Pause Young (Allocation Failure) 76M->7M(753M) 1.097ms
[59.491s][info][gc,cpu         ] GC(119) User=0.00s Sys=0.00s Real=0.00s
[59.776s][info][gc,start       ] GC(120) Pause Young (Allocation Failure)
[59.777s][info][gc,heap        ] GC(120) PSYoungGen: 71296K(71680K)->704K(71168K) Eden: 70656K(70656K)->0K(70144K) From: 640K(1024K)->704K(1024K)
[59.777s][info][gc,heap        ] GC(120) ParOldGen: 6682K(699392K)->6682K(699392K)
[59.777s][info][gc,metaspace   ] GC(120) Metaspace: 9868K(10176K)->9868K(10176K) NonClass: 8566K(8768K)->8566K(8768K) Class: 1302K(1408K)->1302K(1408K)
[59.777s][info][gc             ] GC(120) Pause Young (Allocation Failure) 76M->7M(752M) 0.932ms
[59.777s][info][gc,cpu         ] GC(120) User=0.00s Sys=0.00s Real=0.00s
[60.059s][info][gc,start       ] GC(121) Pause Young (Allocation Failure)
[60.060s][info][gc,heap        ] GC(121) PSYoungGen: 70848K(71168K)->928K(70656K) Eden: 70144K(70144K)->0K(69632K) From: 704K(1024K)->928K(1024K)
[60.060s][info][gc,heap        ] GC(121) ParOldGen: 6682K(699392K)->6682K(699392K)
[60.060s][info][gc,metaspace   ] GC(121) Metaspace: 9868K(10176K)->9868K(10176K) NonClass: 8566K(8768K)->8566K(8768K) Class: 1302K(1408K)->1302K(1408K)
[60.060s][info][gc             ] GC(121) Pause Young (Allocation Failure) 75M->7M(752M) 1.040ms
[60.060s][info][gc,cpu         ] GC(121) User=0.00s Sys=0.00s Real=0.00s
[60.340s][info][gc,start       ] GC(122) Pause Young (Allocation Failure)
[60.341s][info][gc,heap        ] GC(122) PSYoungGen: 70560K(70656K)->768K(70144K) Eden: 69632K(69632K)->0K(69120K) From: 928K(1024K)->768K(1024K)
[60.342s][info][gc,heap        ] GC(122) ParOldGen: 6682K(699392K)->6922K(699392K)
[60.342s][info][gc,metaspace   ] GC(122) Metaspace: 9868K(10176K)->9868K(10176K) NonClass: 8566K(8768K)->8566K(8768K) Class: 1302K(1408K)->1302K(1408K)
[60.342s][info][gc             ] GC(122) Pause Young (Allocation Failure) 75M->7M(751M) 1.102ms
[60.342s][info][gc,cpu         ] GC(122) User=0.00s Sys=0.00s Real=0.00s
[60.627s][info][gc,start       ] GC(123) Pause Young (Allocation Failure)
[60.628s][info][gc,heap        ] GC(123) PSYoungGen: 69888K(70144K)->672K(69632K) Eden: 69120K(69120K)->0K(68608K) From: 768K(1024K)->672K(1024K)
[60.628s][info][gc,heap        ] GC(123) ParOldGen: 6922K(699392K)->6922K(699392K)
[60.628s][info][gc,metaspace   ] GC(123) Metaspace: 9868K(10176K)->9868K(10176K) NonClass: 8566K(8768K)->8566K(8768K) Class: 1302K(1408K)->1302K(1408K)
[60.628s][info][gc             ] GC(123) Pause Young (Allocation Failure) 75M->7M(751M) 1.033ms
[60.628s][info][gc,cpu         ] GC(123) User=0.00s Sys=0.00s Real=0.00s
[60.911s][info][gc,start       ] GC(124) Pause Young (Allocation Failure)
[60.912s][info][gc,heap        ] GC(124) PSYoungGen: 69280K(69632K)->640K(69120K) Eden: 68608K(68608K)->0K(68096K) From: 672K(1024K)->640K(1024K)
[60.912s][info][gc,heap        ] GC(124) ParOldGen: 6922K(699392K)->6922K(699392K)
[60.912s][info][gc,metaspace   ] GC(124) Metaspace: 9868K(10176K)->9868K(10176K) NonClass: 8566K(8768K)->8566K(8768K) Class: 1302K(1408K)->1302K(1408K)
[60.912s][info][gc             ] GC(124) Pause Young (Allocation Failure) 74M->7M(750M) 1.145ms
[60.912s][info][gc,cpu         ] GC(124) User=0.00s Sys=0.02s Real=0.02s
[61.186s][info][gc,start       ] GC(125) Pause Young (Allocation Failure)
[61.187s][info][gc,heap        ] GC(125) PSYoungGen: 68736K(69120K)->704K(68608K) Eden: 68096K(68096K)->0K(67584K) From: 640K(1024K)->704K(1024K)
[61.187s][info][gc,heap        ] GC(125) ParOldGen: 6922K(699392K)->6922K(699392K)
[61.187s][info][gc,metaspace   ] GC(125) Metaspace: 9868K(10176K)->9868K(10176K) NonClass: 8566K(8768K)->8566K(8768K) Class: 1302K(1408K)->1302K(1408K)
[61.187s][info][gc             ] GC(125) Pause Young (Allocation Failure) 73M->7M(750M) 0.971ms
[61.187s][info][gc,cpu         ] GC(125) User=0.00s Sys=0.00s Real=0.00s
[61.467s][info][gc,start       ] GC(126) Pause Young (Allocation Failure)
[61.468s][info][gc,heap        ] GC(126) PSYoungGen: 68288K(68608K)->928K(68096K) Eden: 67584K(67584K)->0K(67072K) From: 704K(1024K)->928K(1024K)
[61.468s][info][gc,heap        ] GC(126) ParOldGen: 6922K(699392K)->6922K(699392K)
[61.468s][info][gc,metaspace   ] GC(126) Metaspace: 9868K(10176K)->9868K(10176K) NonClass: 8566K(8768K)->8566K(8768K) Class: 1302K(1408K)->1302K(1408K)
[61.468s][info][gc             ] GC(126) Pause Young (Allocation Failure) 73M->7M(749M) 1.032ms
[61.468s][info][gc,cpu         ] GC(126) User=0.00s Sys=0.00s Real=0.00s
[61.757s][info][gc,start       ] GC(127) Pause Young (Allocation Failure)
[61.758s][info][gc,heap        ] GC(127) PSYoungGen: 68000K(68096K)->896K(67584K) Eden: 67072K(67072K)->0K(66560K) From: 928K(1024K)->896K(1024K)
[61.758s][info][gc,heap        ] GC(127) ParOldGen: 6922K(699392K)->7234K(699392K)
[61.758s][info][gc,metaspace   ] GC(127) Metaspace: 9868K(10176K)->9868K(10176K) NonClass: 8566K(8768K)->8566K(8768K) Class: 1302K(1408K)->1302K(1408K)
[61.758s][info][gc             ] GC(127) Pause Young (Allocation Failure) 73M->7M(749M) 1.158ms
[61.758s][info][gc,cpu         ] GC(127) User=0.00s Sys=0.00s Real=0.00s
[61.933s][info][gc,start       ] GC(128) Pause Young (System.gc())
[61.934s][info][gc,heap        ] GC(128) PSYoungGen: 42951K(67584K)->768K(67584K) Eden: 42055K(66560K)->0K(66560K) From: 896K(1024K)->768K(1024K)
[61.934s][info][gc,heap        ] GC(128) ParOldGen: 7234K(699392K)->7530K(699392K)
[61.934s][info][gc,metaspace   ] GC(128) Metaspace: 9868K(10176K)->9868K(10176K) NonClass: 8566K(8768K)->8566K(8768K) Class: 1302K(1408K)->1302K(1408K)
[61.934s][info][gc             ] GC(128) Pause Young (System.gc()) 49M->8M(749M) 1.063ms
[61.934s][info][gc,cpu         ] GC(128) User=0.00s Sys=0.00s Real=0.00s
[61.934s][info][gc,start       ] GC(129) Pause Full (System.gc())
[61.934s][info][gc,phases,start] GC(129) Marking Phase
[61.947s][info][gc,phases      ] GC(129) Marking Phase 12.374ms
[61.947s][info][gc,phases,start] GC(129) Summary Phase
[61.947s][info][gc,phases      ] GC(129) Summary Phase 0.020ms
[61.947s][info][gc,phases,start] GC(129) Adjust Roots
[61.951s][info][gc,phases      ] GC(129) Adjust Roots 4.058ms
[61.951s][info][gc,phases,start] GC(129) Compaction Phase
[61.954s][info][gc,phases      ] GC(129) Compaction Phase 3.516ms
[61.954s][info][gc,phases,start] GC(129) Post Compact
[61.955s][info][gc,phases      ] GC(129) Post Compact 0.413ms
[61.955s][info][gc,heap        ] GC(129) PSYoungGen: 768K(67584K)->0K(67584K) Eden: 0K(66560K)->0K(66560K) From: 768K(1024K)->0K(1024K)
[61.955s][info][gc,heap        ] GC(129) ParOldGen: 7530K(699392K)->4074K(699392K)
[61.955s][info][gc,metaspace   ] GC(129) Metaspace: 9868K(10176K)->9868K(10176K) NonClass: 8566K(8768K)->8566K(8768K) Class: 1302K(1408K)->1302K(1408K)
[61.955s][info][gc             ] GC(129) Pause Full (System.gc()) 8M->3M(749M) 20.622ms
[61.955s][info][gc,cpu         ] GC(129) User=0.30s Sys=0.00s Real=0.03s
[62.239s][info][gc,start       ] GC(130) Pause Young (Allocation Failure)
[62.240s][info][gc,heap        ] GC(130) PSYoungGen: 66560K(67584K)->1216K(67584K) Eden: 66560K(66560K)->0K(66048K) From: 0K(1024K)->1216K(1536K)
[62.240s][info][gc,heap        ] GC(130) ParOldGen: 4074K(699392K)->4074K(699392K)
[62.240s][info][gc,metaspace   ] GC(130) Metaspace: 9869K(10176K)->9869K(10176K) NonClass: 8566K(8768K)->8566K(8768K) Class: 1302K(1408K)->1302K(1408K)
[62.240s][info][gc             ] GC(130) Pause Young (Allocation Failure) 68M->5M(749M) 1.167ms
[62.240s][info][gc,cpu         ] GC(130) User=0.00s Sys=0.00s Real=0.00s
[62.507s][info][gc,start       ] GC(131) Pause Young (Allocation Failure)
[62.508s][info][gc,heap        ] GC(131) PSYoungGen: 67264K(67584K)->832K(66560K) Eden: 66048K(66048K)->0K(65536K) From: 1216K(1536K)->832K(1024K)
[62.509s][info][gc,heap        ] GC(131) ParOldGen: 4074K(699392K)->4722K(699392K)
[62.509s][info][gc,metaspace   ] GC(131) Metaspace: 9869K(10176K)->9869K(10176K) NonClass: 8566K(8768K)->8566K(8768K) Class: 1302K(1408K)->1302K(1408K)
[62.509s][info][gc             ] GC(131) Pause Young (Allocation Failure) 69M->5M(748M) 1.270ms
[62.509s][info][gc,cpu         ] GC(131) User=0.00s Sys=0.00s Real=0.00s
[62.788s][info][gc,start       ] GC(132) Pause Young (Allocation Failure)
[62.789s][info][gc,heap        ] GC(132) PSYoungGen: 66368K(66560K)->1120K(66560K) Eden: 65536K(65536K)->0K(65024K) From: 832K(1024K)->1120K(1536K)
[62.789s][info][gc,heap        ] GC(132) ParOldGen: 4722K(699392K)->4890K(699392K)
[62.789s][info][gc,metaspace   ] GC(132) Metaspace: 9869K(10176K)->9869K(10176K) NonClass: 8566K(8768K)->8566K(8768K) Class: 1302K(1408K)->1302K(1408K)
[62.789s][info][gc             ] GC(132) Pause Young (Allocation Failure) 69M->5M(748M) 1.204ms
[62.789s][info][gc,cpu         ] GC(132) User=0.00s Sys=0.00s Real=0.00s
[63.043s][info][gc,start       ] GC(133) Pause Young (Allocation Failure)
[63.044s][info][gc,heap        ] GC(133) PSYoungGen: 66143K(66560K)->608K(65536K) Eden: 65023K(65024K)->0K(64512K) From: 1120K(1536K)->608K(1024K)
[63.044s][info][gc,heap        ] GC(133) ParOldGen: 4890K(699392K)->5370K(699392K)
[63.044s][info][gc,metaspace   ] GC(133) Metaspace: 9869K(10176K)->9869K(10176K) NonClass: 8566K(8768K)->8566K(8768K) Class: 1302K(1408K)->1302K(1408K)
[63.044s][info][gc             ] GC(133) Pause Young (Allocation Failure) 69M->5M(747M) 1.101ms
[63.044s][info][gc,cpu         ] GC(133) User=0.00s Sys=0.00s Real=0.00s
[63.309s][info][gc,start       ] GC(134) Pause Young (Allocation Failure)
[63.310s][info][gc,heap        ] GC(134) PSYoungGen: 65120K(65536K)->768K(65024K) Eden: 64512K(64512K)->0K(64000K) From: 608K(1024K)->768K(1024K)
[63.310s][info][gc,heap        ] GC(134) ParOldGen: 5370K(699392K)->5386K(699392K)
[63.310s][info][gc,metaspace   ] GC(134) Metaspace: 9869K(10176K)->9869K(10176K) NonClass: 8566K(8768K)->8566K(8768K) Class: 1302K(1408K)->1302K(1408K)
[63.310s][info][gc             ] GC(134) Pause Young (Allocation Failure) 68M->6M(746M) 1.041ms
[63.310s][info][gc,cpu         ] GC(134) User=0.00s Sys=0.00s Real=0.00s
[63.580s][info][gc,start       ] GC(135) Pause Young (Allocation Failure)
[63.581s][info][gc,heap        ] GC(135) PSYoungGen: 64768K(65024K)->1216K(65024K) Eden: 64000K(64000K)->0K(63488K) From: 768K(1024K)->1216K(1536K)
[63.581s][info][gc,heap        ] GC(135) ParOldGen: 5386K(699392K)->5482K(699392K)
[63.581s][info][gc,metaspace   ] GC(135) Metaspace: 9869K(10176K)->9869K(10176K) NonClass: 8566K(8768K)->8566K(8768K) Class: 1302K(1408K)->1302K(1408K)
[63.581s][info][gc             ] GC(135) Pause Young (Allocation Failure) 68M->6M(746M) 0.953ms
[63.581s][info][gc,cpu         ] GC(135) User=0.02s Sys=0.00s Real=0.02s
[63.849s][info][gc,start       ] GC(136) Pause Young (Allocation Failure)
[63.850s][info][gc,heap        ] GC(136) PSYoungGen: 64704K(65024K)->1088K(64512K) Eden: 63488K(63488K)->0K(62976K) From: 1216K(1536K)->1088K(1536K)
[63.850s][info][gc,heap        ] GC(136) ParOldGen: 5482K(699392K)->5786K(699392K)
[63.850s][info][gc,metaspace   ] GC(136) Metaspace: 9869K(10176K)->9869K(10176K) NonClass: 8566K(8768K)->8566K(8768K) Class: 1302K(1408K)->1302K(1408K)
[63.850s][info][gc             ] GC(136) Pause Young (Allocation Failure) 68M->6M(746M) 1.423ms
[63.850s][info][gc,cpu         ] GC(136) User=0.00s Sys=0.00s Real=0.00s
[64.114s][info][gc,start       ] GC(137) Pause Young (Allocation Failure)
[64.115s][info][gc,heap        ] GC(137) PSYoungGen: 64064K(64512K)->512K(62976K) Eden: 62976K(62976K)->0K(62464K) From: 1088K(1536K)->512K(512K)
[64.115s][info][gc,heap        ] GC(137) ParOldGen: 5786K(699392K)->6258K(699392K)
[64.115s][info][gc,metaspace   ] GC(137) Metaspace: 9869K(10176K)->9869K(10176K) NonClass: 8566K(8768K)->8566K(8768K) Class: 1302K(1408K)->1302K(1408K)
[64.115s][info][gc             ] GC(137) Pause Young (Allocation Failure) 68M->6M(744M) 1.073ms
[64.115s][info][gc,cpu         ] GC(137) User=0.00s Sys=0.00s Real=0.00s
[64.365s][info][gc,start       ] GC(138) Pause Young (Allocation Failure)
[64.366s][info][gc,heap        ] GC(138) PSYoungGen: 62976K(62976K)->768K(63488K) Eden: 62464K(62464K)->0K(61952K) From: 512K(512K)->768K(1536K)
[64.366s][info][gc,heap        ] GC(138) ParOldGen: 6258K(699392K)->6490K(699392K)
[64.366s][info][gc,metaspace   ] GC(138) Metaspace: 9869K(10176K)->9869K(10176K) NonClass: 8566K(8768K)->8566K(8768K) Class: 1302K(1408K)->1302K(1408K)
[64.366s][info][gc             ] GC(138) Pause Young (Allocation Failure) 67M->7M(745M) 0.946ms
[64.366s][info][gc,cpu         ] GC(138) User=0.00s Sys=0.00s Real=0.00s
[64.619s][info][gc,start       ] GC(139) Pause Young (Allocation Failure)
[64.620s][info][gc,heap        ] GC(139) PSYoungGen: 62720K(63488K)->992K(62464K) Eden: 61952K(61952K)->0K(61440K) From: 768K(1536K)->992K(1024K)
[64.620s][info][gc,heap        ] GC(139) ParOldGen: 6490K(699392K)->6490K(699392K)
[64.620s][info][gc,metaspace   ] GC(139) Metaspace: 9869K(10176K)->9869K(10176K) NonClass: 8566K(8768K)->8566K(8768K) Class: 1302K(1408K)->1302K(1408K)
[64.621s][info][gc             ] GC(139) Pause Young (Allocation Failure) 67M->7M(744M) 1.112ms
[64.621s][info][gc,cpu         ] GC(139) User=0.00s Sys=0.00s Real=0.00s
[64.875s][info][gc,start       ] GC(140) Pause Young (Allocation Failure)
[64.876s][info][gc,heap        ] GC(140) PSYoungGen: 62432K(62464K)->1088K(62464K) Eden: 61440K(61440K)->0K(60928K) From: 992K(1024K)->1088K(1536K)
[64.876s][info][gc,heap        ] GC(140) ParOldGen: 6490K(699392K)->6826K(699392K)
[64.876s][info][gc,metaspace   ] GC(140) Metaspace: 9869K(10176K)->9869K(10176K) NonClass: 8566K(8768K)->8566K(8768K) Class: 1302K(1408K)->1302K(1408K)
[64.876s][info][gc             ] GC(140) Pause Young (Allocation Failure) 67M->7M(744M) 1.239ms
[64.876s][info][gc,cpu         ] GC(140) User=0.00s Sys=0.00s Real=0.00s
[65.123s][info][gc,start       ] GC(141) Pause Young (Allocation Failure)
[65.124s][info][gc,heap        ] GC(141) PSYoungGen: 62016K(62464K)->1024K(61440K) Eden: 60928K(60928K)->0K(60416K) From: 1088K(1536K)->1024K(1024K)
[65.124s][info][gc,heap        ] GC(141) ParOldGen: 6826K(699392K)->7074K(699392K)
[65.124s][info][gc,metaspace   ] GC(141) Metaspace: 9869K(10176K)->9869K(10176K) NonClass: 8566K(8768K)->8566K(8768K) Class: 1302K(1408K)->1302K(1408K)
[65.124s][info][gc             ] GC(141) Pause Young (Allocation Failure) 67M->7M(743M) 1.009ms
[65.124s][info][gc,cpu         ] GC(141) User=0.00s Sys=0.00s Real=0.00s
[65.366s][info][gc,start       ] GC(142) Pause Young (Allocation Failure)
[65.367s][info][gc,heap        ] GC(142) PSYoungGen: 61440K(61440K)->704K(60928K) Eden: 60416K(60416K)->0K(59904K) From: 1024K(1024K)->704K(1024K)
[65.367s][info][gc,heap        ] GC(142) ParOldGen: 7074K(699392K)->7338K(699392K)
[65.367s][info][gc,metaspace   ] GC(142) Metaspace: 9869K(10176K)->9869K(10176K) NonClass: 8566K(8768K)->8566K(8768K) Class: 1302K(1408K)->1302K(1408K)
[65.367s][info][gc             ] GC(142) Pause Young (Allocation Failure) 66M->7M(742M) 1.127ms
[65.367s][info][gc,cpu         ] GC(142) User=0.00s Sys=0.00s Real=0.00s
[65.603s][info][gc,start       ] GC(143) Pause Young (Allocation Failure)
[65.604s][info][gc,heap        ] GC(143) PSYoungGen: 60608K(60928K)->608K(60416K) Eden: 59904K(59904K)->0K(59392K) From: 704K(1024K)->608K(1024K)
[65.604s][info][gc,heap        ] GC(143) ParOldGen: 7338K(699392K)->7338K(699392K)
[65.604s][info][gc,metaspace   ] GC(143) Metaspace: 9869K(10176K)->9869K(10176K) NonClass: 8566K(8768K)->8566K(8768K) Class: 1302K(1408K)->1302K(1408K)
[65.605s][info][gc             ] GC(143) Pause Young (Allocation Failure) 66M->7M(742M) 1.033ms
[65.605s][info][gc,cpu         ] GC(143) User=0.00s Sys=0.00s Real=0.00s
[65.848s][info][gc,start       ] GC(144) Pause Young (Allocation Failure)
[65.849s][info][gc,heap        ] GC(144) PSYoungGen: 60000K(60416K)->928K(59904K) Eden: 59392K(59392K)->0K(58880K) From: 608K(1024K)->928K(1024K)
[65.849s][info][gc,heap        ] GC(144) ParOldGen: 7338K(699392K)->7338K(699392K)
[65.849s][info][gc,metaspace   ] GC(144) Metaspace: 9869K(10176K)->9869K(10176K) NonClass: 8566K(8768K)->8566K(8768K) Class: 1302K(1408K)->1302K(1408K)
[65.849s][info][gc             ] GC(144) Pause Young (Allocation Failure) 65M->8M(741M) 1.032ms
[65.849s][info][gc,cpu         ] GC(144) User=0.00s Sys=0.00s Real=0.00s
[66.084s][info][gc,start       ] GC(145) Pause Young (Allocation Failure)
[66.085s][info][gc,heap        ] GC(145) PSYoungGen: 59808K(59904K)->736K(59392K) Eden: 58880K(58880K)->0K(58368K) From: 928K(1024K)->736K(1024K)
[66.085s][info][gc,heap        ] GC(145) ParOldGen: 7338K(699392K)->7586K(699392K)
[66.085s][info][gc,metaspace   ] GC(145) Metaspace: 9869K(10176K)->9869K(10176K) NonClass: 8566K(8768K)->8566K(8768K) Class: 1302K(1408K)->1302K(1408K)
[66.085s][info][gc             ] GC(145) Pause Young (Allocation Failure) 65M->8M(741M) 1.090ms
[66.085s][info][gc,cpu         ] GC(145) User=0.00s Sys=0.00s Real=0.00s
[66.322s][info][gc,start       ] GC(146) Pause Young (Allocation Failure)
[66.323s][info][gc,heap        ] GC(146) PSYoungGen: 59104K(59392K)->608K(58880K) Eden: 58368K(58368K)->0K(57856K) From: 736K(1024K)->608K(1024K)
[66.323s][info][gc,heap        ] GC(146) ParOldGen: 7586K(699392K)->7586K(699392K)
[66.323s][info][gc,metaspace   ] GC(146) Metaspace: 9869K(10176K)->9869K(10176K) NonClass: 8566K(8768K)->8566K(8768K) Class: 1302K(1408K)->1302K(1408K)
[66.323s][info][gc             ] GC(146) Pause Young (Allocation Failure) 65M->8M(740M) 0.966ms
[66.323s][info][gc,cpu         ] GC(146) User=0.00s Sys=0.00s Real=0.00s
[66.545s][info][gc,start       ] GC(147) Pause Young (Allocation Failure)
[66.546s][info][gc,heap        ] GC(147) PSYoungGen: 58464K(58880K)->768K(58368K) Eden: 57856K(57856K)->0K(57344K) From: 608K(1024K)->768K(1024K)
[66.546s][info][gc,heap        ] GC(147) ParOldGen: 7586K(699392K)->7586K(699392K)
[66.546s][info][gc,metaspace   ] GC(147) Metaspace: 9869K(10176K)->9869K(10176K) NonClass: 8566K(8768K)->8566K(8768K) Class: 1302K(1408K)->1302K(1408K)
[66.546s][info][gc             ] GC(147) Pause Young (Allocation Failure) 64M->8M(740M) 0.952ms
[66.546s][info][gc,cpu         ] GC(147) User=0.00s Sys=0.00s Real=0.00s
[66.787s][info][gc,start       ] GC(148) Pause Young (Allocation Failure)
[66.788s][info][gc,heap        ] GC(148) PSYoungGen: 58112K(58368K)->672K(57856K) Eden: 57344K(57344K)->0K(56832K) From: 768K(1024K)->672K(1024K)
[66.788s][info][gc,heap        ] GC(148) ParOldGen: 7586K(699392K)->7586K(699392K)
[66.788s][info][gc,metaspace   ] GC(148) Metaspace: 9869K(10176K)->9869K(10176K) NonClass: 8566K(8768K)->8566K(8768K) Class: 1302K(1408K)->1302K(1408K)
[66.788s][info][gc             ] GC(148) Pause Young (Allocation Failure) 64M->8M(739M) 1.030ms
[66.788s][info][gc,cpu         ] GC(148) User=0.00s Sys=0.00s Real=0.00s
[67.013s][info][gc,start       ] GC(149) Pause Young (Allocation Failure)
[67.014s][info][gc,heap        ] GC(149) PSYoungGen: 57504K(57856K)->768K(57856K) Eden: 56832K(56832K)->0K(56832K) From: 672K(1024K)->768K(1024K)
[67.014s][info][gc,heap        ] GC(149) ParOldGen: 7586K(699392K)->7586K(699392K)
[67.014s][info][gc,metaspace   ] GC(149) Metaspace: 9869K(10176K)->9869K(10176K) NonClass: 8566K(8768K)->8566K(8768K) Class: 1302K(1408K)->1302K(1408K)
[67.014s][info][gc             ] GC(149) Pause Young (Allocation Failure) 63M->8M(739M) 0.991ms
[67.014s][info][gc,cpu         ] GC(149) User=0.00s Sys=0.00s Real=0.00s
[67.243s][info][gc,start       ] GC(150) Pause Young (Allocation Failure)
[67.244s][info][gc,heap        ] GC(150) PSYoungGen: 57600K(57856K)->640K(57856K) Eden: 56832K(56832K)->0K(56832K) From: 768K(1024K)->640K(1024K)
[67.244s][info][gc,heap        ] GC(150) ParOldGen: 7586K(699392K)->7586K(699392K)
[67.244s][info][gc,metaspace   ] GC(150) Metaspace: 9869K(10176K)->9869K(10176K) NonClass: 8566K(8768K)->8566K(8768K) Class: 1302K(1408K)->1302K(1408K)
[67.244s][info][gc             ] GC(150) Pause Young (Allocation Failure) 63M->8M(739M) 0.987ms
[67.244s][info][gc,cpu         ] GC(150) User=0.02s Sys=0.00s Real=0.02s
[67.470s][info][gc,start       ] GC(151) Pause Young (Allocation Failure)
[67.471s][info][gc,heap        ] GC(151) PSYoungGen: 57472K(57856K)->704K(57856K) Eden: 56832K(56832K)->0K(56832K) From: 640K(1024K)->704K(1024K)
[67.471s][info][gc,heap        ] GC(151) ParOldGen: 7586K(699392K)->7586K(699392K)
[67.471s][info][gc,metaspace   ] GC(151) Metaspace: 9869K(10176K)->9869K(10176K) NonClass: 8566K(8768K)->8566K(8768K) Class: 1302K(1408K)->1302K(1408K)
[67.471s][info][gc             ] GC(151) Pause Young (Allocation Failure) 63M->8M(739M) 1.007ms
[67.471s][info][gc,cpu         ] GC(151) User=0.00s Sys=0.00s Real=0.00s
[67.698s][info][gc,start       ] GC(152) Pause Young (Allocation Failure)
[67.699s][info][gc,heap        ] GC(152) PSYoungGen: 57536K(57856K)->864K(57856K) Eden: 56832K(56832K)->0K(56832K) From: 704K(1024K)->864K(1024K)
[67.699s][info][gc,heap        ] GC(152) ParOldGen: 7586K(699392K)->7690K(699392K)
[67.699s][info][gc,metaspace   ] GC(152) Metaspace: 9869K(10176K)->9869K(10176K) NonClass: 8566K(8768K)->8566K(8768K) Class: 1302K(1408K)->1302K(1408K)
[67.700s][info][gc             ] GC(152) Pause Young (Allocation Failure) 63M->8M(739M) 1.075ms
[67.700s][info][gc,cpu         ] GC(152) User=0.00s Sys=0.00s Real=0.00s
[67.931s][info][gc,start       ] GC(153) Pause Young (Allocation Failure)
[67.932s][info][gc,heap        ] GC(153) PSYoungGen: 57696K(57856K)->736K(57856K) Eden: 56832K(56832K)->0K(56832K) From: 864K(1024K)->736K(1024K)
[67.932s][info][gc,heap        ] GC(153) ParOldGen: 7690K(699392K)->7930K(699392K)
[67.932s][info][gc,metaspace   ] GC(153) Metaspace: 9869K(10176K)->9869K(10176K) NonClass: 8566K(8768K)->8566K(8768K) Class: 1302K(1408K)->1302K(1408K)
[67.932s][info][gc             ] GC(153) Pause Young (Allocation Failure) 63M->8M(739M) 1.187ms
[67.932s][info][gc,cpu         ] GC(153) User=0.00s Sys=0.00s Real=0.00s
[68.158s][info][gc,start       ] GC(154) Pause Young (Allocation Failure)
[68.159s][info][gc,heap        ] GC(154) PSYoungGen: 57568K(57856K)->640K(57856K) Eden: 56832K(56832K)->0K(56832K) From: 736K(1024K)->640K(1024K)
[68.159s][info][gc,heap        ] GC(154) ParOldGen: 7930K(699392K)->7930K(699392K)
[68.159s][info][gc,metaspace   ] GC(154) Metaspace: 9869K(10176K)->9869K(10176K) NonClass: 8566K(8768K)->8566K(8768K) Class: 1302K(1408K)->1302K(1408K)
[68.159s][info][gc             ] GC(154) Pause Young (Allocation Failure) 63M->8M(739M) 0.988ms
[68.159s][info][gc,cpu         ] GC(154) User=0.00s Sys=0.00s Real=0.00s
[68.384s][info][gc,start       ] GC(155) Pause Young (Allocation Failure)
[68.385s][info][gc,heap        ] GC(155) PSYoungGen: 57472K(57856K)->736K(57856K) Eden: 56832K(56832K)->0K(56832K) From: 640K(1024K)->736K(1024K)
[68.385s][info][gc,heap        ] GC(155) ParOldGen: 7930K(699392K)->7938K(699392K)
[68.385s][info][gc,metaspace   ] GC(155) Metaspace: 9869K(10176K)->9869K(10176K) NonClass: 8566K(8768K)->8566K(8768K) Class: 1302K(1408K)->1302K(1408K)
[68.385s][info][gc             ] GC(155) Pause Young (Allocation Failure) 63M->8M(739M) 1.054ms
[68.385s][info][gc,cpu         ] GC(155) User=0.00s Sys=0.00s Real=0.00s
[68.615s][info][gc,start       ] GC(156) Pause Young (Allocation Failure)
[68.616s][info][gc,heap        ] GC(156) PSYoungGen: 57568K(57856K)->768K(57856K) Eden: 56832K(56832K)->0K(56832K) From: 736K(1024K)->768K(1024K)
[68.616s][info][gc,heap        ] GC(156) ParOldGen: 7938K(699392K)->7938K(699392K)
[68.616s][info][gc,metaspace   ] GC(156) Metaspace: 9869K(10176K)->9869K(10176K) NonClass: 8566K(8768K)->8566K(8768K) Class: 1302K(1408K)->1302K(1408K)
[68.616s][info][gc             ] GC(156) Pause Young (Allocation Failure) 63M->8M(739M) 1.103ms
[68.616s][info][gc,cpu         ] GC(156) User=0.00s Sys=0.00s Real=0.00s
[68.661s][info][gc,start       ] GC(157) Pause Young (System.gc())
[68.661s][info][gc,heap        ] GC(157) PSYoungGen: 10425K(57856K)->576K(57856K) Eden: 9657K(56832K)->0K(56832K) From: 768K(1024K)->576K(1024K)
[68.661s][info][gc,heap        ] GC(157) ParOldGen: 7938K(699392K)->8066K(699392K)
[68.661s][info][gc,metaspace   ] GC(157) Metaspace: 9869K(10176K)->9869K(10176K) NonClass: 8566K(8768K)->8566K(8768K) Class: 1302K(1408K)->1302K(1408K)
[68.661s][info][gc             ] GC(157) Pause Young (System.gc()) 17M->8M(739M) 0.890ms
[68.662s][info][gc,cpu         ] GC(157) User=0.00s Sys=0.00s Real=0.00s
[68.662s][info][gc,start       ] GC(158) Pause Full (System.gc())
[68.662s][info][gc,phases,start] GC(158) Marking Phase
[68.675s][info][gc,phases      ] GC(158) Marking Phase 13.020ms
[68.675s][info][gc,phases,start] GC(158) Summary Phase
[68.675s][info][gc,phases      ] GC(158) Summary Phase 0.032ms
[68.675s][info][gc,phases,start] GC(158) Adjust Roots
[68.679s][info][gc,phases      ] GC(158) Adjust Roots 3.751ms
[68.679s][info][gc,phases,start] GC(158) Compaction Phase
[68.682s][info][gc,phases      ] GC(158) Compaction Phase 3.674ms
[68.682s][info][gc,phases,start] GC(158) Post Compact
[68.683s][info][gc,phases      ] GC(158) Post Compact 0.423ms
[68.683s][info][gc,heap        ] GC(158) PSYoungGen: 576K(57856K)->0K(57856K) Eden: 0K(56832K)->0K(56832K) From: 576K(1024K)->0K(1024K)
[68.683s][info][gc,heap        ] GC(158) ParOldGen: 8066K(699392K)->4076K(699392K)
[68.683s][info][gc,metaspace   ] GC(158) Metaspace: 9869K(10176K)->9869K(10176K) NonClass: 8566K(8768K)->8566K(8768K) Class: 1302K(1408K)->1302K(1408K)
[68.683s][info][gc             ] GC(158) Pause Full (System.gc()) 8M->3M(739M) 21.246ms
[68.683s][info][gc,cpu         ] GC(158) User=0.31s Sys=0.00s Real=0.03s
[68.924s][info][gc,start       ] GC(159) Pause Young (Allocation Failure)
[68.925s][info][gc,heap        ] GC(159) PSYoungGen: 56832K(57856K)->1536K(58368K) Eden: 56832K(56832K)->0K(56832K) From: 0K(1024K)->1536K(1536K)
[68.926s][info][gc,heap        ] GC(159) ParOldGen: 4076K(699392K)->4076K(699392K)
[68.926s][info][gc,metaspace   ] GC(159) Metaspace: 9869K(10176K)->9869K(10176K) NonClass: 8567K(8768K)->8567K(8768K) Class: 1302K(1408K)->1302K(1408K)
[68.926s][info][gc             ] GC(159) Pause Young (Allocation Failure) 59M->5M(740M) 1.332ms
[68.926s][info][gc,cpu         ] GC(159) User=0.00s Sys=0.00s Real=0.00s
[69.151s][info][gc,start       ] GC(160) Pause Young (Allocation Failure)
[69.152s][info][gc,heap        ] GC(160) PSYoungGen: 58368K(58368K)->1024K(57856K) Eden: 56832K(56832K)->0K(56832K) From: 1536K(1536K)->1024K(1024K)
[69.153s][info][gc,heap        ] GC(160) ParOldGen: 4076K(699392K)->4412K(699392K)
[69.153s][info][gc,metaspace   ] GC(160) Metaspace: 9869K(10176K)->9869K(10176K) NonClass: 8567K(8768K)->8567K(8768K) Class: 1302K(1408K)->1302K(1408K)
[69.153s][info][gc             ] GC(160) Pause Young (Allocation Failure) 60M->5M(739M) 1.194ms
[69.153s][info][gc,cpu         ] GC(160) User=0.00s Sys=0.00s Real=0.00s
[69.389s][info][gc,start       ] GC(161) Pause Young (Allocation Failure)
[69.391s][info][gc,heap        ] GC(161) PSYoungGen: 57856K(57856K)->896K(57856K) Eden: 56832K(56832K)->0K(56832K) From: 1024K(1024K)->896K(1024K)
[69.391s][info][gc,heap        ] GC(161) ParOldGen: 4412K(699392K)->4980K(699392K)
[69.391s][info][gc,metaspace   ] GC(161) Metaspace: 9869K(10176K)->9869K(10176K) NonClass: 8567K(8768K)->8567K(8768K) Class: 1302K(1408K)->1302K(1408K)
[69.391s][info][gc             ] GC(161) Pause Young (Allocation Failure) 60M->5M(739M) 1.321ms
[69.391s][info][gc,cpu         ] GC(161) User=0.00s Sys=0.00s Real=0.00s
[69.628s][info][gc,start       ] GC(162) Pause Young (Allocation Failure)
[69.629s][info][gc,heap        ] GC(162) PSYoungGen: 57728K(57856K)->1152K(58368K) Eden: 56832K(56832K)->0K(56832K) From: 896K(1024K)->1152K(1536K)
[69.629s][info][gc,heap        ] GC(162) ParOldGen: 4980K(699392K)->5324K(699392K)
[69.629s][info][gc,metaspace   ] GC(162) Metaspace: 9869K(10176K)->9869K(10176K) NonClass: 8567K(8768K)->8567K(8768K) Class: 1302K(1408K)->1302K(1408K)
[69.629s][info][gc             ] GC(162) Pause Young (Allocation Failure) 61M->6M(740M) 1.123ms
[69.629s][info][gc,cpu         ] GC(162) User=0.00s Sys=0.00s Real=0.00s
[69.854s][info][gc,start       ] GC(163) Pause Young (Allocation Failure)
[69.856s][info][gc,heap        ] GC(163) PSYoungGen: 57984K(58368K)->800K(57856K) Eden: 56832K(56832K)->0K(56832K) From: 1152K(1536K)->800K(1024K)
[69.856s][info][gc,heap        ] GC(163) ParOldGen: 5324K(699392K)->5860K(699392K)
[69.856s][info][gc,metaspace   ] GC(163) Metaspace: 9869K(10176K)->9869K(10176K) NonClass: 8567K(8768K)->8567K(8768K) Class: 1302K(1408K)->1302K(1408K)
[69.856s][info][gc             ] GC(163) Pause Young (Allocation Failure) 61M->6M(739M) 1.516ms
[69.856s][info][gc,cpu         ] GC(163) User=0.00s Sys=0.00s Real=0.00s
[70.095s][info][gc,start       ] GC(164) Pause Young (Allocation Failure)
[70.096s][info][gc,heap        ] GC(164) PSYoungGen: 57632K(57856K)->576K(57856K) Eden: 56832K(56832K)->0K(56832K) From: 800K(1024K)->576K(1024K)
[70.096s][info][gc,heap        ] GC(164) ParOldGen: 5860K(699392K)->5860K(699392K)
[70.096s][info][gc,metaspace   ] GC(164) Metaspace: 9869K(10176K)->9869K(10176K) NonClass: 8567K(8768K)->8567K(8768K) Class: 1302K(1408K)->1302K(1408K)
[70.096s][info][gc             ] GC(164) Pause Young (Allocation Failure) 62M->6M(739M) 0.819ms
[70.096s][info][gc,cpu         ] GC(164) User=0.00s Sys=0.00s Real=0.00s
[70.328s][info][gc,start       ] GC(165) Pause Young (Allocation Failure)
[70.329s][info][gc,heap        ] GC(165) PSYoungGen: 57408K(57856K)->768K(57856K) Eden: 56832K(56832K)->0K(56832K) From: 576K(1024K)->768K(1024K)
[70.329s][info][gc,heap        ] GC(165) ParOldGen: 5860K(699392K)->5860K(699392K)
[70.329s][info][gc,metaspace   ] GC(165) Metaspace: 9869K(10176K)->9869K(10176K) NonClass: 8567K(8768K)->8567K(8768K) Class: 1302K(1408K)->1302K(1408K)
[70.329s][info][gc             ] GC(165) Pause Young (Allocation Failure) 61M->6M(739M) 0.978ms
[70.329s][info][gc,cpu         ] GC(165) User=0.00s Sys=0.00s Real=0.00s
[70.561s][info][gc,start       ] GC(166) Pause Young (Allocation Failure)
[70.562s][info][gc,heap        ] GC(166) PSYoungGen: 57600K(57856K)->960K(57856K) Eden: 56832K(56832K)->0K(56832K) From: 768K(1024K)->960K(1024K)
[70.562s][info][gc,heap        ] GC(166) ParOldGen: 5860K(699392K)->5860K(699392K)
[70.562s][info][gc,metaspace   ] GC(166) Metaspace: 9869K(10176K)->9869K(10176K) NonClass: 8567K(8768K)->8567K(8768K) Class: 1302K(1408K)->1302K(1408K)
[70.562s][info][gc             ] GC(166) Pause Young (Allocation Failure) 61M->6M(739M) 1.049ms
[70.562s][info][gc,cpu         ] GC(166) User=0.00s Sys=0.00s Real=0.00s
[70.792s][info][gc,start       ] GC(167) Pause Young (Allocation Failure)
[70.793s][info][gc,heap        ] GC(167) PSYoungGen: 57792K(57856K)->736K(57856K) Eden: 56832K(56832K)->0K(56832K) From: 960K(1024K)->736K(1024K)
[70.793s][info][gc,heap        ] GC(167) ParOldGen: 5860K(699392K)->6148K(699392K)
[70.793s][info][gc,metaspace   ] GC(167) Metaspace: 9869K(10176K)->9869K(10176K) NonClass: 8567K(8768K)->8567K(8768K) Class: 1302K(1408K)->1302K(1408K)
[70.793s][info][gc             ] GC(167) Pause Young (Allocation Failure) 62M->6M(739M) 1.065ms
[70.793s][info][gc,cpu         ] GC(167) User=0.00s Sys=0.00s Real=0.00s
[71.026s][info][gc,start       ] GC(168) Pause Young (Allocation Failure)
[71.027s][info][gc,heap        ] GC(168) PSYoungGen: 57568K(57856K)->704K(57856K) Eden: 56832K(56832K)->0K(56832K) From: 736K(1024K)->704K(1024K)
[71.027s][info][gc,heap        ] GC(168) ParOldGen: 6148K(699392K)->6148K(699392K)
[71.027s][info][gc,metaspace   ] GC(168) Metaspace: 9869K(10176K)->9869K(10176K) NonClass: 8567K(8768K)->8567K(8768K) Class: 1302K(1408K)->1302K(1408K)
[71.027s][info][gc             ] GC(168) Pause Young (Allocation Failure) 62M->6M(739M) 1.111ms
[71.027s][info][gc,cpu         ] GC(168) User=0.00s Sys=0.00s Real=0.00s
[71.256s][info][gc,start       ] GC(169) Pause Young (Allocation Failure)
[71.322s][info][gc,heap        ] GC(169) PSYoungGen: 57536K(57856K)->832K(57856K) Eden: 56832K(56832K)->0K(56832K) From: 704K(1024K)->832K(1024K)
[71.322s][info][gc,heap        ] GC(169) ParOldGen: 6148K(699392K)->6148K(699392K)
[71.322s][info][gc,metaspace   ] GC(169) Metaspace: 9869K(10176K)->9869K(10176K) NonClass: 8567K(8768K)->8567K(8768K) Class: 1302K(1408K)->1302K(1408K)
[71.322s][info][gc             ] GC(169) Pause Young (Allocation Failure) 62M->6M(739M) 65.717ms
[71.322s][info][gc,cpu         ] GC(169) User=0.00s Sys=0.00s Real=0.08s
[71.559s][info][gc,start       ] GC(170) Pause Young (Allocation Failure)
[71.560s][info][gc,heap        ] GC(170) PSYoungGen: 57664K(57856K)->640K(57856K) Eden: 56832K(56832K)->0K(56832K) From: 832K(1024K)->640K(1024K)
[71.560s][info][gc,heap        ] GC(170) ParOldGen: 6148K(699392K)->6148K(699392K)
[71.560s][info][gc,metaspace   ] GC(170) Metaspace: 9869K(10176K)->9869K(10176K) NonClass: 8567K(8768K)->8567K(8768K) Class: 1302K(1408K)->1302K(1408K)
[71.560s][info][gc             ] GC(170) Pause Young (Allocation Failure) 62M->6M(739M) 0.958ms
[71.560s][info][gc,cpu         ] GC(170) User=0.00s Sys=0.00s Real=0.00s
[71.788s][info][gc,start       ] GC(171) Pause Young (Allocation Failure)
[71.789s][info][gc,heap        ] GC(171) PSYoungGen: 57472K(57856K)->672K(57856K) Eden: 56832K(56832K)->0K(56832K) From: 640K(1024K)->672K(1024K)
[71.789s][info][gc,heap        ] GC(171) ParOldGen: 6148K(699392K)->6148K(699392K)
[71.789s][info][gc,metaspace   ] GC(171) Metaspace: 9869K(10176K)->9869K(10176K) NonClass: 8567K(8768K)->8567K(8768K) Class: 1302K(1408K)->1302K(1408K)
[71.789s][info][gc             ] GC(171) Pause Young (Allocation Failure) 62M->6M(739M) 0.983ms
[71.789s][info][gc,cpu         ] GC(171) User=0.00s Sys=0.02s Real=0.02s
[72.020s][info][gc,start       ] GC(172) Pause Young (Allocation Failure)
[72.021s][info][gc,heap        ] GC(172) PSYoungGen: 57504K(57856K)->960K(57856K) Eden: 56832K(56832K)->0K(56832K) From: 672K(1024K)->960K(1024K)
[72.021s][info][gc,heap        ] GC(172) ParOldGen: 6148K(699392K)->6148K(699392K)
[72.021s][info][gc,metaspace   ] GC(172) Metaspace: 9869K(10176K)->9869K(10176K) NonClass: 8567K(8768K)->8567K(8768K) Class: 1302K(1408K)->1302K(1408K)
[72.021s][info][gc             ] GC(172) Pause Young (Allocation Failure) 62M->6M(739M) 1.070ms
[72.021s][info][gc,cpu         ] GC(172) User=0.00s Sys=0.00s Real=0.00s
[72.252s][info][gc,start       ] GC(173) Pause Young (Allocation Failure)
[72.253s][info][gc,heap        ] GC(173) PSYoungGen: 57792K(57856K)->992K(57856K) Eden: 56832K(56832K)->0K(56832K) From: 960K(1024K)->992K(1024K)
[72.253s][info][gc,heap        ] GC(173) ParOldGen: 6148K(699392K)->6524K(699392K)
[72.253s][info][gc,metaspace   ] GC(173) Metaspace: 9869K(10176K)->9869K(10176K) NonClass: 8567K(8768K)->8567K(8768K) Class: 1302K(1408K)->1302K(1408K)
[72.253s][info][gc             ] GC(173) Pause Young (Allocation Failure) 62M->7M(739M) 1.203ms
[72.253s][info][gc,cpu         ] GC(173) User=0.00s Sys=0.00s Real=0.00s
[72.475s][info][gc,start       ] GC(174) Pause Young (Allocation Failure)
[72.476s][info][gc,heap        ] GC(174) PSYoungGen: 57824K(57856K)->704K(57856K) Eden: 56832K(56832K)->0K(56832K) From: 992K(1024K)->704K(1024K)
[72.476s][info][gc,heap        ] GC(174) ParOldGen: 6524K(699392K)->6740K(699392K)
[72.476s][info][gc,metaspace   ] GC(174) Metaspace: 9869K(10176K)->9869K(10176K) NonClass: 8567K(8768K)->8567K(8768K) Class: 1302K(1408K)->1302K(1408K)
[72.476s][info][gc             ] GC(174) Pause Young (Allocation Failure) 62M->7M(739M) 0.961ms
[72.476s][info][gc,cpu         ] GC(174) User=0.00s Sys=0.00s Real=0.00s
[72.708s][info][gc,start       ] GC(175) Pause Young (Allocation Failure)
[72.709s][info][gc,heap        ] GC(175) PSYoungGen: 57536K(57856K)->704K(57856K) Eden: 56832K(56832K)->0K(56832K) From: 704K(1024K)->704K(1024K)
[72.709s][info][gc,heap        ] GC(175) ParOldGen: 6740K(699392K)->6740K(699392K)
[72.709s][info][gc,metaspace   ] GC(175) Metaspace: 9869K(10176K)->9869K(10176K) NonClass: 8567K(8768K)->8567K(8768K) Class: 1302K(1408K)->1302K(1408K)
[72.709s][info][gc             ] GC(175) Pause Young (Allocation Failure) 62M->7M(739M) 1.030ms
[72.709s][info][gc,cpu         ] GC(175) User=0.00s Sys=0.00s Real=0.00s
[72.937s][info][gc,start       ] GC(176) Pause Young (Allocation Failure)
[72.938s][info][gc,heap        ] GC(176) PSYoungGen: 57536K(57856K)->576K(57856K) Eden: 56832K(56832K)->0K(56832K) From: 704K(1024K)->576K(1024K)
[72.938s][info][gc,heap        ] GC(176) ParOldGen: 6740K(699392K)->6740K(699392K)
[72.938s][info][gc,metaspace   ] GC(176) Metaspace: 9869K(10176K)->9869K(10176K) NonClass: 8567K(8768K)->8567K(8768K) Class: 1302K(1408K)->1302K(1408K)
[72.938s][info][gc             ] GC(176) Pause Young (Allocation Failure) 62M->7M(739M) 1.000ms
[72.938s][info][gc,cpu         ] GC(176) User=0.00s Sys=0.00s Real=0.00s
[73.175s][info][gc,start       ] GC(177) Pause Young (Allocation Failure)
[73.176s][info][gc,heap        ] GC(177) PSYoungGen: 57408K(57856K)->608K(57856K) Eden: 56832K(56832K)->0K(56832K) From: 576K(1024K)->608K(1024K)
[73.176s][info][gc,heap        ] GC(177) ParOldGen: 6740K(699392K)->6740K(699392K)
[73.176s][info][gc,metaspace   ] GC(177) Metaspace: 9869K(10176K)->9869K(10176K) NonClass: 8567K(8768K)->8567K(8768K) Class: 1302K(1408K)->1302K(1408K)
[73.176s][info][gc             ] GC(177) Pause Young (Allocation Failure) 62M->7M(739M) 0.980ms
[73.176s][info][gc,cpu         ] GC(177) User=0.00s Sys=0.00s Real=0.00s
[73.408s][info][gc,start       ] GC(178) Pause Young (Allocation Failure)
[73.409s][info][gc,heap        ] GC(178) PSYoungGen: 57440K(57856K)->672K(57856K) Eden: 56832K(56832K)->0K(56832K) From: 608K(1024K)->672K(1024K)
[73.409s][info][gc,heap        ] GC(178) ParOldGen: 6740K(699392K)->6740K(699392K)
[73.409s][info][gc,metaspace   ] GC(178) Metaspace: 9869K(10176K)->9869K(10176K) NonClass: 8567K(8768K)->8567K(8768K) Class: 1302K(1408K)->1302K(1408K)
[73.409s][info][gc             ] GC(178) Pause Young (Allocation Failure) 62M->7M(739M) 1.016ms
[73.409s][info][gc,cpu         ] GC(178) User=0.00s Sys=0.00s Real=0.00s
[73.644s][info][gc,start       ] GC(179) Pause Young (Allocation Failure)
[73.645s][info][gc,heap        ] GC(179) PSYoungGen: 57504K(57856K)->704K(57856K) Eden: 56832K(56832K)->0K(56832K) From: 672K(1024K)->704K(1024K)
[73.645s][info][gc,heap        ] GC(179) ParOldGen: 6740K(699392K)->6740K(699392K)
[73.645s][info][gc,metaspace   ] GC(179) Metaspace: 9869K(10176K)->9869K(10176K) NonClass: 8567K(8768K)->8567K(8768K) Class: 1302K(1408K)->1302K(1408K)
[73.645s][info][gc             ] GC(179) Pause Young (Allocation Failure) 62M->7M(739M) 0.983ms
[73.645s][info][gc,cpu         ] GC(179) User=0.00s Sys=0.00s Real=0.00s
[73.872s][info][gc,start       ] GC(180) Pause Young (Allocation Failure)
[73.873s][info][gc,heap        ] GC(180) PSYoungGen: 57536K(57856K)->768K(57856K) Eden: 56832K(56832K)->0K(56832K) From: 704K(1024K)->768K(1024K)
[73.873s][info][gc,heap        ] GC(180) ParOldGen: 6740K(699392K)->6740K(699392K)
[73.873s][info][gc,metaspace   ] GC(180) Metaspace: 9869K(10176K)->9869K(10176K) NonClass: 8567K(8768K)->8567K(8768K) Class: 1302K(1408K)->1302K(1408K)
[73.873s][info][gc             ] GC(180) Pause Young (Allocation Failure) 62M->7M(739M) 1.025ms
[73.873s][info][gc,cpu         ] GC(180) User=0.00s Sys=0.00s Real=0.00s
[74.101s][info][gc,start       ] GC(181) Pause Young (Allocation Failure)
[74.102s][info][gc,heap        ] GC(181) PSYoungGen: 57600K(57856K)->736K(57856K) Eden: 56832K(56832K)->0K(56832K) From: 768K(1024K)->736K(1024K)
[74.102s][info][gc,heap        ] GC(181) ParOldGen: 6740K(699392K)->6740K(699392K)
[74.102s][info][gc,metaspace   ] GC(181) Metaspace: 9869K(10176K)->9869K(10176K) NonClass: 8567K(8768K)->8567K(8768K) Class: 1302K(1408K)->1302K(1408K)
[74.102s][info][gc             ] GC(181) Pause Young (Allocation Failure) 62M->7M(739M) 1.017ms
[74.102s][info][gc,cpu         ] GC(181) User=0.00s Sys=0.00s Real=0.00s
[74.338s][info][gc,start       ] GC(182) Pause Young (Allocation Failure)
[74.339s][info][gc,heap        ] GC(182) PSYoungGen: 57568K(57856K)->896K(57856K) Eden: 56832K(56832K)->0K(56832K) From: 736K(1024K)->896K(1024K)
[74.339s][info][gc,heap        ] GC(182) ParOldGen: 6740K(699392K)->6740K(699392K)
[74.339s][info][gc,metaspace   ] GC(182) Metaspace: 9869K(10176K)->9869K(10176K) NonClass: 8567K(8768K)->8567K(8768K) Class: 1302K(1408K)->1302K(1408K)
[74.339s][info][gc             ] GC(182) Pause Young (Allocation Failure) 62M->7M(739M) 1.021ms
[74.339s][info][gc,cpu         ] GC(182) User=0.00s Sys=0.00s Real=0.00s
[74.571s][info][gc,start       ] GC(183) Pause Young (Allocation Failure)
[74.572s][info][gc,heap        ] GC(183) PSYoungGen: 57728K(57856K)->704K(57856K) Eden: 56832K(56832K)->0K(56832K) From: 896K(1024K)->704K(1024K)
[74.572s][info][gc,heap        ] GC(183) ParOldGen: 6740K(699392K)->7004K(699392K)
[74.572s][info][gc,metaspace   ] GC(183) Metaspace: 9869K(10176K)->9869K(10176K) NonClass: 8567K(8768K)->8567K(8768K) Class: 1302K(1408K)->1302K(1408K)
[74.572s][info][gc             ] GC(183) Pause Young (Allocation Failure) 62M->7M(739M) 1.054ms
[74.572s][info][gc,cpu         ] GC(183) User=0.00s Sys=0.00s Real=0.00s
[74.805s][info][gc,start       ] GC(184) Pause Young (Allocation Failure)
[74.806s][info][gc,heap        ] GC(184) PSYoungGen: 57536K(57856K)->640K(57856K) Eden: 56832K(56832K)->0K(56832K) From: 704K(1024K)->640K(1024K)
[74.806s][info][gc,heap        ] GC(184) ParOldGen: 7004K(699392K)->7004K(699392K)
[74.806s][info][gc,metaspace   ] GC(184) Metaspace: 9869K(10176K)->9869K(10176K) NonClass: 8567K(8768K)->8567K(8768K) Class: 1302K(1408K)->1302K(1408K)
[74.806s][info][gc             ] GC(184) Pause Young (Allocation Failure) 63M->7M(739M) 0.962ms
[74.806s][info][gc,cpu         ] GC(184) User=0.00s Sys=0.00s Real=0.00s
[75.040s][info][gc,start       ] GC(185) Pause Young (Allocation Failure)
[75.041s][info][gc,heap        ] GC(185) PSYoungGen: 57472K(57856K)->736K(57856K) Eden: 56832K(56832K)->0K(56832K) From: 640K(1024K)->736K(1024K)
[75.041s][info][gc,heap        ] GC(185) ParOldGen: 7004K(699392K)->7004K(699392K)
[75.041s][info][gc,metaspace   ] GC(185) Metaspace: 9869K(10176K)->9869K(10176K) NonClass: 8567K(8768K)->8567K(8768K) Class: 1302K(1408K)->1302K(1408K)
[75.041s][info][gc             ] GC(185) Pause Young (Allocation Failure) 62M->7M(739M) 0.994ms
[75.041s][info][gc,cpu         ] GC(185) User=0.00s Sys=0.00s Real=0.00s
[75.274s][info][gc,start       ] GC(186) Pause Young (Allocation Failure)
[75.275s][info][gc,heap        ] GC(186) PSYoungGen: 57568K(57856K)->672K(57856K) Eden: 56832K(56832K)->0K(56832K) From: 736K(1024K)->672K(1024K)
[75.275s][info][gc,heap        ] GC(186) ParOldGen: 7004K(699392K)->7004K(699392K)
[75.275s][info][gc,metaspace   ] GC(186) Metaspace: 9869K(10176K)->9869K(10176K) NonClass: 8567K(8768K)->8567K(8768K) Class: 1302K(1408K)->1302K(1408K)
[75.275s][info][gc             ] GC(186) Pause Young (Allocation Failure) 63M->7M(739M) 0.901ms
[75.275s][info][gc,cpu         ] GC(186) User=0.00s Sys=0.00s Real=0.00s
[75.488s][info][gc,start       ] GC(187) Pause Young (System.gc())
[75.489s][info][gc,heap        ] GC(187) PSYoungGen: 54261K(57856K)->544K(57856K) Eden: 53589K(56832K)->0K(56832K) From: 672K(1024K)->544K(1024K)
[75.489s][info][gc,heap        ] GC(187) ParOldGen: 7004K(699392K)->7004K(699392K)
[75.489s][info][gc,metaspace   ] GC(187) Metaspace: 9871K(10176K)->9871K(10176K) NonClass: 8568K(8768K)->8568K(8768K) Class: 1302K(1408K)->1302K(1408K)
[75.489s][info][gc             ] GC(187) Pause Young (System.gc()) 59M->7M(739M) 0.920ms
[75.489s][info][gc,cpu         ] GC(187) User=0.00s Sys=0.00s Real=0.00s
[75.490s][info][gc,start       ] GC(188) Pause Full (System.gc())
[75.490s][info][gc,phases,start] GC(188) Marking Phase
[75.502s][info][gc,phases      ] GC(188) Marking Phase 12.536ms
[75.502s][info][gc,phases,start] GC(188) Summary Phase
[75.502s][info][gc,phases      ] GC(188) Summary Phase 0.031ms
[75.502s][info][gc,phases,start] GC(188) Adjust Roots
[75.506s][info][gc,phases      ] GC(188) Adjust Roots 4.128ms
[75.506s][info][gc,phases,start] GC(188) Compaction Phase
[75.510s][info][gc,phases      ] GC(188) Compaction Phase 3.546ms
[75.510s][info][gc,phases,start] GC(188) Post Compact
[75.510s][info][gc,phases      ] GC(188) Post Compact 0.412ms
[75.510s][info][gc,heap        ] GC(188) PSYoungGen: 544K(57856K)->0K(57856K) Eden: 0K(56832K)->0K(56832K) From: 544K(1024K)->0K(1024K)
[75.510s][info][gc,heap        ] GC(188) ParOldGen: 7004K(699392K)->4076K(699392K)
[75.510s][info][gc,metaspace   ] GC(188) Metaspace: 9871K(10176K)->9871K(10176K) NonClass: 8568K(8768K)->8568K(8768K) Class: 1302K(1408K)->1302K(1408K)
[75.510s][info][gc             ] GC(188) Pause Full (System.gc()) 7M->3M(739M) 20.926ms
[75.511s][info][gc,cpu         ] GC(188) User=0.28s Sys=0.00s Real=0.03s
[75.757s][info][gc,start       ] GC(189) Pause Young (Allocation Failure)
[75.758s][info][gc,heap        ] GC(189) PSYoungGen: 56832K(57856K)->1536K(58368K) Eden: 56832K(56832K)->0K(56832K) From: 0K(1024K)->1536K(1536K)
[75.758s][info][gc,heap        ] GC(189) ParOldGen: 4076K(699392K)->4092K(699392K)
[75.758s][info][gc,metaspace   ] GC(189) Metaspace: 9885K(10240K)->9885K(10240K) NonClass: 8583K(8832K)->8583K(8832K) Class: 1302K(1408K)->1302K(1408K)
[75.758s][info][gc             ] GC(189) Pause Young (Allocation Failure) 59M->5M(740M) 1.192ms
[75.758s][info][gc,cpu         ] GC(189) User=0.00s Sys=0.00s Real=0.00s
[75.988s][info][gc,start       ] GC(190) Pause Young (Allocation Failure)
[75.990s][info][gc,heap        ] GC(190) PSYoungGen: 58368K(58368K)->960K(57856K) Eden: 56832K(56832K)->0K(56832K) From: 1536K(1536K)->960K(1024K)
[75.990s][info][gc,heap        ] GC(190) ParOldGen: 4092K(699392K)->4756K(699392K)
[75.990s][info][gc,metaspace   ] GC(190) Metaspace: 9885K(10240K)->9885K(10240K) NonClass: 8583K(8832K)->8583K(8832K) Class: 1302K(1408K)->1302K(1408K)
[75.990s][info][gc             ] GC(190) Pause Young (Allocation Failure) 60M->5M(739M) 1.516ms
[75.990s][info][gc,cpu         ] GC(190) User=0.00s Sys=0.00s Real=0.00s
[76.217s][info][gc,start       ] GC(191) Pause Young (Allocation Failure)
[76.218s][info][gc,heap        ] GC(191) PSYoungGen: 57792K(57856K)->864K(57856K) Eden: 56832K(56832K)->0K(56832K) From: 960K(1024K)->864K(1024K)
[76.218s][info][gc,heap        ] GC(191) ParOldGen: 4756K(699392K)->5004K(699392K)
[76.218s][info][gc,metaspace   ] GC(191) Metaspace: 9885K(10240K)->9885K(10240K) NonClass: 8583K(8832K)->8583K(8832K) Class: 1302K(1408K)->1302K(1408K)
[76.218s][info][gc             ] GC(191) Pause Young (Allocation Failure) 61M->5M(739M) 0.934ms
[76.218s][info][gc,cpu         ] GC(191) User=0.00s Sys=0.00s Real=0.00s
[76.450s][info][gc,start       ] GC(192) Pause Young (Allocation Failure)
[76.451s][info][gc,heap        ] GC(192) PSYoungGen: 57696K(57856K)->1088K(58368K) Eden: 56832K(56832K)->0K(56832K) From: 864K(1024K)->1088K(1536K)
[76.451s][info][gc,heap        ] GC(192) ParOldGen: 5004K(699392K)->5060K(699392K)
[76.451s][info][gc,metaspace   ] GC(192) Metaspace: 9885K(10240K)->9885K(10240K) NonClass: 8583K(8832K)->8583K(8832K) Class: 1302K(1408K)->1302K(1408K)
[76.451s][info][gc             ] GC(192) Pause Young (Allocation Failure) 61M->6M(740M) 1.133ms
[76.451s][info][gc,cpu         ] GC(192) User=0.00s Sys=0.02s Real=0.02s
[76.677s][info][gc,start       ] GC(193) Pause Young (Allocation Failure)
[76.678s][info][gc,heap        ] GC(193) PSYoungGen: 57920K(58368K)->768K(57856K) Eden: 56832K(56832K)->0K(56832K) From: 1088K(1536K)->768K(1024K)
[76.678s][info][gc,heap        ] GC(193) ParOldGen: 5060K(699392K)->5460K(699392K)
[76.678s][info][gc,metaspace   ] GC(193) Metaspace: 9885K(10240K)->9885K(10240K) NonClass: 8583K(8832K)->8583K(8832K) Class: 1302K(1408K)->1302K(1408K)
[76.678s][info][gc             ] GC(193) Pause Young (Allocation Failure) 61M->6M(739M) 1.019ms
[76.678s][info][gc,cpu         ] GC(193) User=0.00s Sys=0.00s Real=0.00s
[76.912s][info][gc,start       ] GC(194) Pause Young (Allocation Failure)
[76.913s][info][gc,heap        ] GC(194) PSYoungGen: 57600K(57856K)->896K(57856K) Eden: 56832K(56832K)->0K(56832K) From: 768K(1024K)->896K(1024K)
[76.913s][info][gc,heap        ] GC(194) ParOldGen: 5460K(699392K)->5460K(699392K)
[76.913s][info][gc,metaspace   ] GC(194) Metaspace: 9885K(10240K)->9885K(10240K) NonClass: 8583K(8832K)->8583K(8832K) Class: 1302K(1408K)->1302K(1408K)
[76.913s][info][gc             ] GC(194) Pause Young (Allocation Failure) 61M->6M(739M) 1.064ms
[76.913s][info][gc,cpu         ] GC(194) User=0.00s Sys=0.00s Real=0.00s
[77.150s][info][gc,start       ] GC(195) Pause Young (Allocation Failure)
[77.151s][info][gc,heap        ] GC(195) PSYoungGen: 57728K(57856K)->800K(57856K) Eden: 56832K(56832K)->0K(56832K) From: 896K(1024K)->800K(1024K)
[77.151s][info][gc,heap        ] GC(195) ParOldGen: 5460K(699392K)->5700K(699392K)
[77.151s][info][gc,metaspace   ] GC(195) Metaspace: 9885K(10240K)->9885K(10240K) NonClass: 8583K(8832K)->8583K(8832K) Class: 1302K(1408K)->1302K(1408K)
[77.151s][info][gc             ] GC(195) Pause Young (Allocation Failure) 61M->6M(739M) 1.039ms
[77.151s][info][gc,cpu         ] GC(195) User=0.00s Sys=0.00s Real=0.00s
[77.379s][info][gc,start       ] GC(196) Pause Young (Allocation Failure)
[77.380s][info][gc,heap        ] GC(196) PSYoungGen: 57632K(57856K)->1120K(58368K) Eden: 56832K(56832K)->0K(56832K) From: 800K(1024K)->1120K(1536K)
[77.380s][info][gc,heap        ] GC(196) ParOldGen: 5700K(699392K)->5788K(699392K)
[77.380s][info][gc,metaspace   ] GC(196) Metaspace: 9885K(10240K)->9885K(10240K) NonClass: 8583K(8832K)->8583K(8832K) Class: 1302K(1408K)->1302K(1408K)
[77.380s][info][gc             ] GC(196) Pause Young (Allocation Failure) 61M->6M(740M) 1.117ms
[77.380s][info][gc,cpu         ] GC(196) User=0.00s Sys=0.00s Real=0.00s
[77.614s][info][gc,start       ] GC(197) Pause Young (Allocation Failure)
[77.615s][info][gc,heap        ] GC(197) PSYoungGen: 57952K(58368K)->800K(57856K) Eden: 56832K(56832K)->0K(56832K) From: 1120K(1536K)->800K(1024K)
[77.615s][info][gc,heap        ] GC(197) ParOldGen: 5788K(699392K)->6180K(699392K)
[77.615s][info][gc,metaspace   ] GC(197) Metaspace: 9885K(10240K)->9885K(10240K) NonClass: 8583K(8832K)->8583K(8832K) Class: 1302K(1408K)->1302K(1408K)
[77.615s][info][gc             ] GC(197) Pause Young (Allocation Failure) 62M->6M(739M) 0.992ms
[77.615s][info][gc,cpu         ] GC(197) User=0.00s Sys=0.00s Real=0.00s
[77.854s][info][gc,start       ] GC(198) Pause Young (Allocation Failure)
[77.855s][info][gc,heap        ] GC(198) PSYoungGen: 57632K(57856K)->928K(57856K) Eden: 56832K(56832K)->0K(56832K) From: 800K(1024K)->928K(1024K)
[77.855s][info][gc,heap        ] GC(198) ParOldGen: 6180K(699392K)->6180K(699392K)
[77.855s][info][gc,metaspace   ] GC(198) Metaspace: 9885K(10240K)->9885K(10240K) NonClass: 8583K(8832K)->8583K(8832K) Class: 1302K(1408K)->1302K(1408K)
[77.855s][info][gc             ] GC(198) Pause Young (Allocation Failure) 62M->6M(739M) 1.092ms
[77.855s][info][gc,cpu         ] GC(198) User=0.00s Sys=0.00s Real=0.00s
[78.087s][info][gc,start       ] GC(199) Pause Young (Allocation Failure)
[78.088s][info][gc,heap        ] GC(199) PSYoungGen: 57760K(57856K)->960K(57856K) Eden: 56832K(56832K)->0K(56832K) From: 928K(1024K)->960K(1024K)
[78.088s][info][gc,heap        ] GC(199) ParOldGen: 6180K(699392K)->6196K(699392K)
[78.088s][info][gc,metaspace   ] GC(199) Metaspace: 9885K(10240K)->9885K(10240K) NonClass: 8583K(8832K)->8583K(8832K) Class: 1302K(1408K)->1302K(1408K)
[78.088s][info][gc             ] GC(199) Pause Young (Allocation Failure) 62M->6M(739M) 1.115ms
[78.088s][info][gc,cpu         ] GC(199) User=0.00s Sys=0.00s Real=0.00s
[78.319s][info][gc,start       ] GC(200) Pause Young (Allocation Failure)
[78.320s][info][gc,heap        ] GC(200) PSYoungGen: 57792K(57856K)->640K(57856K) Eden: 56832K(56832K)->0K(56832K) From: 960K(1024K)->640K(1024K)
[78.320s][info][gc,heap        ] GC(200) ParOldGen: 6196K(699392K)->6484K(699392K)
[78.320s][info][gc,metaspace   ] GC(200) Metaspace: 9885K(10240K)->9885K(10240K) NonClass: 8583K(8832K)->8583K(8832K) Class: 1302K(1408K)->1302K(1408K)
[78.320s][info][gc             ] GC(200) Pause Young (Allocation Failure) 62M->6M(739M) 1.050ms
[78.320s][info][gc,cpu         ] GC(200) User=0.00s Sys=0.00s Real=0.00s
[78.551s][info][gc,start       ] GC(201) Pause Young (Allocation Failure)
[78.552s][info][gc,heap        ] GC(201) PSYoungGen: 57472K(57856K)->608K(57856K) Eden: 56832K(56832K)->0K(56832K) From: 640K(1024K)->608K(1024K)
[78.552s][info][gc,heap        ] GC(201) ParOldGen: 6484K(699392K)->6484K(699392K)
[78.552s][info][gc,metaspace   ] GC(201) Metaspace: 9885K(10240K)->9885K(10240K) NonClass: 8583K(8832K)->8583K(8832K) Class: 1302K(1408K)->1302K(1408K)
[78.552s][info][gc             ] GC(201) Pause Young (Allocation Failure) 62M->6M(739M) 0.979ms
[78.552s][info][gc,cpu         ] GC(201) User=0.00s Sys=0.00s Real=0.00s
[78.783s][info][gc,start       ] GC(202) Pause Young (Allocation Failure)
[78.784s][info][gc,heap        ] GC(202) PSYoungGen: 57440K(57856K)->736K(57856K) Eden: 56832K(56832K)->0K(56832K) From: 608K(1024K)->736K(1024K)
[78.784s][info][gc,heap        ] GC(202) ParOldGen: 6484K(699392K)->6484K(699392K)
[78.784s][info][gc,metaspace   ] GC(202) Metaspace: 9885K(10240K)->9885K(10240K) NonClass: 8583K(8832K)->8583K(8832K) Class: 1302K(1408K)->1302K(1408K)
[78.784s][info][gc             ] GC(202) Pause Young (Allocation Failure) 62M->7M(739M) 1.023ms
[78.784s][info][gc,cpu         ] GC(202) User=0.00s Sys=0.00s Real=0.00s
[79.009s][info][gc,start       ] GC(203) Pause Young (Allocation Failure)
[79.010s][info][gc,heap        ] GC(203) PSYoungGen: 57568K(57856K)->832K(57856K) Eden: 56832K(56832K)->0K(56832K) From: 736K(1024K)->832K(1024K)
[79.010s][info][gc,heap        ] GC(203) ParOldGen: 6484K(699392K)->6484K(699392K)
[79.010s][info][gc,metaspace   ] GC(203) Metaspace: 9885K(10240K)->9885K(10240K) NonClass: 8583K(8832K)->8583K(8832K) Class: 1302K(1408K)->1302K(1408K)
[79.010s][info][gc             ] GC(203) Pause Young (Allocation Failure) 62M->7M(739M) 1.001ms
[79.010s][info][gc,cpu         ] GC(203) User=0.00s Sys=0.00s Real=0.00s
[79.242s][info][gc,start       ] GC(204) Pause Young (Allocation Failure)
[79.243s][info][gc,heap        ] GC(204) PSYoungGen: 57664K(57856K)->704K(57856K) Eden: 56832K(56832K)->0K(56832K) From: 832K(1024K)->704K(1024K)
[79.243s][info][gc,heap        ] GC(204) ParOldGen: 6484K(699392K)->6484K(699392K)
[79.243s][info][gc,metaspace   ] GC(204) Metaspace: 9885K(10240K)->9885K(10240K) NonClass: 8583K(8832K)->8583K(8832K) Class: 1302K(1408K)->1302K(1408K)
[79.243s][info][gc             ] GC(204) Pause Young (Allocation Failure) 62M->7M(739M) 1.022ms
[79.243s][info][gc,cpu         ] GC(204) User=0.00s Sys=0.00s Real=0.00s
[79.471s][info][gc,start       ] GC(205) Pause Young (Allocation Failure)
[79.472s][info][gc,heap        ] GC(205) PSYoungGen: 57535K(57856K)->768K(57856K) Eden: 56831K(56832K)->0K(56832K) From: 704K(1024K)->768K(1024K)
[79.472s][info][gc,heap        ] GC(205) ParOldGen: 6484K(699392K)->6484K(699392K)
[79.472s][info][gc,metaspace   ] GC(205) Metaspace: 9885K(10240K)->9885K(10240K) NonClass: 8583K(8832K)->8583K(8832K) Class: 1302K(1408K)->1302K(1408K)
[79.472s][info][gc             ] GC(205) Pause Young (Allocation Failure) 62M->7M(739M) 0.954ms
[79.472s][info][gc,cpu         ] GC(205) User=0.00s Sys=0.00s Real=0.00s
[79.712s][info][gc,start       ] GC(206) Pause Young (Allocation Failure)
[79.713s][info][gc,heap        ] GC(206) PSYoungGen: 57600K(57856K)->672K(57856K) Eden: 56832K(56832K)->0K(56832K) From: 768K(1024K)->672K(1024K)
[79.713s][info][gc,heap        ] GC(206) ParOldGen: 6484K(699392K)->6484K(699392K)
[79.713s][info][gc,metaspace   ] GC(206) Metaspace: 9885K(10240K)->9885K(10240K) NonClass: 8583K(8832K)->8583K(8832K) Class: 1302K(1408K)->1302K(1408K)
[79.713s][info][gc             ] GC(206) Pause Young (Allocation Failure) 62M->6M(739M) 1.082ms
[79.713s][info][gc,cpu         ] GC(206) User=0.00s Sys=0.00s Real=0.00s
[79.948s][info][gc,start       ] GC(207) Pause Young (Allocation Failure)
[79.949s][info][gc,heap        ] GC(207) PSYoungGen: 57504K(57856K)->640K(57856K) Eden: 56832K(56832K)->0K(56832K) From: 672K(1024K)->640K(1024K)
[79.949s][info][gc,heap        ] GC(207) ParOldGen: 6484K(699392K)->6484K(699392K)
[79.949s][info][gc,metaspace   ] GC(207) Metaspace: 9885K(10240K)->9885K(10240K) NonClass: 8583K(8832K)->8583K(8832K) Class: 1302K(1408K)->1302K(1408K)
[79.949s][info][gc             ] GC(207) Pause Young (Allocation Failure) 62M->6M(739M) 1.010ms
[79.949s][info][gc,cpu         ] GC(207) User=0.02s Sys=0.00s Real=0.02s
[80.178s][info][gc,start       ] GC(208) Pause Young (Allocation Failure)
[80.179s][info][gc,heap        ] GC(208) PSYoungGen: 57472K(57856K)->928K(57856K) Eden: 56832K(56832K)->0K(56832K) From: 640K(1024K)->928K(1024K)
[80.179s][info][gc,heap        ] GC(208) ParOldGen: 6484K(699392K)->6484K(699392K)
[80.179s][info][gc,metaspace   ] GC(208) Metaspace: 9885K(10240K)->9885K(10240K) NonClass: 8583K(8832K)->8583K(8832K) Class: 1302K(1408K)->1302K(1408K)
[80.179s][info][gc             ] GC(208) Pause Young (Allocation Failure) 62M->7M(739M) 1.049ms
[80.179s][info][gc,cpu         ] GC(208) User=0.00s Sys=0.00s Real=0.00s
[80.416s][info][gc,start       ] GC(209) Pause Young (Allocation Failure)
[80.417s][info][gc,heap        ] GC(209) PSYoungGen: 57760K(57856K)->704K(57856K) Eden: 56832K(56832K)->0K(56832K) From: 928K(1024K)->704K(1024K)
[80.417s][info][gc,heap        ] GC(209) ParOldGen: 6484K(699392K)->6748K(699392K)
[80.417s][info][gc,metaspace   ] GC(209) Metaspace: 9885K(10240K)->9885K(10240K) NonClass: 8583K(8832K)->8583K(8832K) Class: 1302K(1408K)->1302K(1408K)
[80.417s][info][gc             ] GC(209) Pause Young (Allocation Failure) 62M->7M(739M) 1.127ms
[80.417s][info][gc,cpu         ] GC(209) User=0.00s Sys=0.00s Real=0.00s
[80.660s][info][gc,start       ] GC(210) Pause Young (Allocation Failure)
[80.661s][info][gc,heap        ] GC(210) PSYoungGen: 57536K(57856K)->672K(57856K) Eden: 56832K(56832K)->0K(56832K) From: 704K(1024K)->672K(1024K)
[80.661s][info][gc,heap        ] GC(210) ParOldGen: 6748K(699392K)->6748K(699392K)
[80.661s][info][gc,metaspace   ] GC(210) Metaspace: 9885K(10240K)->9885K(10240K) NonClass: 8583K(8832K)->8583K(8832K) Class: 1302K(1408K)->1302K(1408K)
[80.661s][info][gc             ] GC(210) Pause Young (Allocation Failure) 62M->7M(739M) 0.954ms
[80.661s][info][gc,cpu         ] GC(210) User=0.00s Sys=0.00s Real=0.00s
[80.889s][info][gc,start       ] GC(211) Pause Young (Allocation Failure)
[80.890s][info][gc,heap        ] GC(211) PSYoungGen: 57504K(57856K)->608K(57856K) Eden: 56832K(56832K)->0K(56832K) From: 672K(1024K)->608K(1024K)
[80.890s][info][gc,heap        ] GC(211) ParOldGen: 6748K(699392K)->6748K(699392K)
[80.890s][info][gc,metaspace   ] GC(211) Metaspace: 9885K(10240K)->9885K(10240K) NonClass: 8583K(8832K)->8583K(8832K) Class: 1302K(1408K)->1302K(1408K)
[80.890s][info][gc             ] GC(211) Pause Young (Allocation Failure) 62M->7M(739M) 0.951ms
[80.890s][info][gc,cpu         ] GC(211) User=0.00s Sys=0.00s Real=0.00s
[81.122s][info][gc,start       ] GC(212) Pause Young (Allocation Failure)
[81.123s][info][gc,heap        ] GC(212) PSYoungGen: 57440K(57856K)->992K(57856K) Eden: 56832K(56832K)->0K(56832K) From: 608K(1024K)->992K(1024K)
[81.123s][info][gc,heap        ] GC(212) ParOldGen: 6748K(699392K)->6748K(699392K)
[81.123s][info][gc,metaspace   ] GC(212) Metaspace: 9885K(10240K)->9885K(10240K) NonClass: 8583K(8832K)->8583K(8832K) Class: 1302K(1408K)->1302K(1408K)
[81.123s][info][gc             ] GC(212) Pause Young (Allocation Failure) 62M->7M(739M) 1.114ms
[81.123s][info][gc,cpu         ] GC(212) User=0.00s Sys=0.00s Real=0.00s
[81.351s][info][gc,start       ] GC(213) Pause Young (Allocation Failure)
[81.352s][info][gc,heap        ] GC(213) PSYoungGen: 57824K(57856K)->736K(57856K) Eden: 56832K(56832K)->0K(56832K) From: 992K(1024K)->736K(1024K)
[81.352s][info][gc,heap        ] GC(213) ParOldGen: 6748K(699392K)->7028K(699392K)
[81.352s][info][gc,metaspace   ] GC(213) Metaspace: 9885K(10240K)->9885K(10240K) NonClass: 8583K(8832K)->8583K(8832K) Class: 1302K(1408K)->1302K(1408K)
[81.352s][info][gc             ] GC(213) Pause Young (Allocation Failure) 63M->7M(739M) 1.076ms
[81.352s][info][gc,cpu         ] GC(213) User=0.00s Sys=0.00s Real=0.00s
[81.593s][info][gc,start       ] GC(214) Pause Young (Allocation Failure)
[81.594s][info][gc,heap        ] GC(214) PSYoungGen: 57568K(57856K)->768K(57856K) Eden: 56832K(56832K)->0K(56832K) From: 736K(1024K)->768K(1024K)
[81.594s][info][gc,heap        ] GC(214) ParOldGen: 7028K(699392K)->7028K(699392K)
[81.594s][info][gc,metaspace   ] GC(214) Metaspace: 9885K(10240K)->9885K(10240K) NonClass: 8583K(8832K)->8583K(8832K) Class: 1302K(1408K)->1302K(1408K)
[81.594s][info][gc             ] GC(214) Pause Young (Allocation Failure) 63M->7M(739M) 1.004ms
[81.594s][info][gc,cpu         ] GC(214) User=0.00s Sys=0.00s Real=0.00s
[81.823s][info][gc,start       ] GC(215) Pause Young (Allocation Failure)
[81.824s][info][gc,heap        ] GC(215) PSYoungGen: 57600K(57856K)->704K(57856K) Eden: 56832K(56832K)->0K(56832K) From: 768K(1024K)->704K(1024K)
[81.824s][info][gc,heap        ] GC(215) ParOldGen: 7028K(699392K)->7028K(699392K)
[81.824s][info][gc,metaspace   ] GC(215) Metaspace: 9885K(10240K)->9885K(10240K) NonClass: 8583K(8832K)->8583K(8832K) Class: 1302K(1408K)->1302K(1408K)
[81.824s][info][gc             ] GC(215) Pause Young (Allocation Failure) 63M->7M(739M) 1.003ms
[81.824s][info][gc,cpu         ] GC(215) User=0.00s Sys=0.00s Real=0.00s
[82.058s][info][gc,start       ] GC(216) Pause Young (Allocation Failure)
[82.059s][info][gc,heap        ] GC(216) PSYoungGen: 57536K(57856K)->704K(57856K) Eden: 56832K(56832K)->0K(56832K) From: 704K(1024K)->704K(1024K)
[82.059s][info][gc,heap        ] GC(216) ParOldGen: 7028K(699392K)->7028K(699392K)
[82.059s][info][gc,metaspace   ] GC(216) Metaspace: 9885K(10240K)->9885K(10240K) NonClass: 8583K(8832K)->8583K(8832K) Class: 1302K(1408K)->1302K(1408K)
[82.059s][info][gc             ] GC(216) Pause Young (Allocation Failure) 63M->7M(739M) 1.040ms
[82.059s][info][gc,cpu         ] GC(216) User=0.00s Sys=0.00s Real=0.00s
[82.252s][info][gc,start       ] GC(217) Pause Young (System.gc())
[82.253s][info][gc,heap        ] GC(217) PSYoungGen: 46734K(57856K)->544K(57856K) Eden: 46030K(56832K)->0K(56832K) From: 704K(1024K)->544K(1024K)
[82.253s][info][gc,heap        ] GC(217) ParOldGen: 7028K(699392K)->7028K(699392K)
[82.253s][info][gc,metaspace   ] GC(217) Metaspace: 9887K(10240K)->9887K(10240K) NonClass: 8584K(8832K)->8584K(8832K) Class: 1302K(1408K)->1302K(1408K)
[82.253s][info][gc             ] GC(217) Pause Young (System.gc()) 52M->7M(739M) 0.870ms
[82.253s][info][gc,cpu         ] GC(217) User=0.00s Sys=0.00s Real=0.00s
[82.253s][info][gc,start       ] GC(218) Pause Full (System.gc())
[82.253s][info][gc,phases,start] GC(218) Marking Phase
[82.266s][info][gc,phases      ] GC(218) Marking Phase 12.696ms
[82.266s][info][gc,phases,start] GC(218) Summary Phase
[82.266s][info][gc,phases      ] GC(218) Summary Phase 0.021ms
[82.266s][info][gc,phases,start] GC(218) Adjust Roots
[82.270s][info][gc,phases      ] GC(218) Adjust Roots 4.067ms
[82.270s][info][gc,phases,start] GC(218) Compaction Phase
[82.275s][info][gc,phases      ] GC(218) Compaction Phase 4.398ms
[82.275s][info][gc,phases,start] GC(218) Post Compact
[82.275s][info][gc,phases      ] GC(218) Post Compact 0.424ms
[82.275s][info][gc,heap        ] GC(218) PSYoungGen: 544K(57856K)->0K(57856K) Eden: 0K(56832K)->0K(56832K) From: 544K(1024K)->0K(1024K)
[82.275s][info][gc,heap        ] GC(218) ParOldGen: 7028K(699392K)->4076K(699392K)
[82.275s][info][gc,metaspace   ] GC(218) Metaspace: 9887K(10240K)->9887K(10240K) NonClass: 8584K(8832K)->8584K(8832K) Class: 1302K(1408K)->1302K(1408K)
[82.275s][info][gc             ] GC(218) Pause Full (System.gc()) 7M->3M(739M) 21.850ms
[82.275s][info][gc,cpu         ] GC(218) User=0.28s Sys=0.00s Real=0.03s
[82.512s][info][gc,start       ] GC(219) Pause Young (Allocation Failure)
[82.513s][info][gc,heap        ] GC(219) PSYoungGen: 56832K(57856K)->1536K(58368K) Eden: 56832K(56832K)->0K(56832K) From: 0K(1024K)->1536K(1536K)
[82.513s][info][gc,heap        ] GC(219) ParOldGen: 4076K(699392K)->4084K(699392K)
[82.513s][info][gc,metaspace   ] GC(219) Metaspace: 9888K(10240K)->9888K(10240K) NonClass: 8585K(8832K)->8585K(8832K) Class: 1302K(1408K)->1302K(1408K)
[82.513s][info][gc             ] GC(219) Pause Young (Allocation Failure) 59M->5M(740M) 1.247ms
[82.513s][info][gc,cpu         ] GC(219) User=0.00s Sys=0.00s Real=0.00s
[82.746s][info][gc,start       ] GC(220) Pause Young (Allocation Failure)
[82.747s][info][gc,heap        ] GC(220) PSYoungGen: 58368K(58368K)->928K(57856K) Eden: 56832K(56832K)->0K(56832K) From: 1536K(1536K)->928K(1024K)
[82.747s][info][gc,heap        ] GC(220) ParOldGen: 4084K(699392K)->4804K(699392K)
[82.747s][info][gc,metaspace   ] GC(220) Metaspace: 9888K(10240K)->9888K(10240K) NonClass: 8585K(8832K)->8585K(8832K) Class: 1302K(1408K)->1302K(1408K)
[82.747s][info][gc             ] GC(220) Pause Young (Allocation Failure) 60M->5M(739M) 1.300ms
[82.747s][info][gc,cpu         ] GC(220) User=0.00s Sys=0.00s Real=0.00s
[82.979s][info][gc,start       ] GC(221) Pause Young (Allocation Failure)
[82.980s][info][gc,heap        ] GC(221) PSYoungGen: 57760K(57856K)->1280K(58368K) Eden: 56832K(56832K)->0K(56832K) From: 928K(1024K)->1280K(1536K)
[82.980s][info][gc,heap        ] GC(221) ParOldGen: 4804K(699392K)->4860K(699392K)
[82.980s][info][gc,metaspace   ] GC(221) Metaspace: 9888K(10240K)->9888K(10240K) NonClass: 8585K(8832K)->8585K(8832K) Class: 1302K(1408K)->1302K(1408K)
[82.980s][info][gc             ] GC(221) Pause Young (Allocation Failure) 61M->5M(740M) 1.254ms
[82.980s][info][gc,cpu         ] GC(221) User=0.00s Sys=0.00s Real=0.00s
[83.215s][info][gc,start       ] GC(222) Pause Young (Allocation Failure)
[83.216s][info][gc,heap        ] GC(222) PSYoungGen: 58112K(58368K)->1024K(57856K) Eden: 56832K(56832K)->0K(56832K) From: 1280K(1536K)->1024K(1024K)
[83.216s][info][gc,heap        ] GC(222) ParOldGen: 4860K(699392K)->5284K(699392K)
[83.216s][info][gc,metaspace   ] GC(222) Metaspace: 9888K(10240K)->9888K(10240K) NonClass: 8585K(8832K)->8585K(8832K) Class: 1302K(1408K)->1302K(1408K)
[83.216s][info][gc             ] GC(222) Pause Young (Allocation Failure) 61M->6M(739M) 1.203ms
[83.216s][info][gc,cpu         ] GC(222) User=0.00s Sys=0.00s Real=0.00s
[83.444s][info][gc,start       ] GC(223) Pause Young (Allocation Failure)
[83.445s][info][gc,heap        ] GC(223) PSYoungGen: 57856K(57856K)->704K(57856K) Eden: 56832K(56832K)->0K(56832K) From: 1024K(1024K)->704K(1024K)
[83.445s][info][gc,heap        ] GC(223) ParOldGen: 5284K(699392K)->5820K(699392K)
[83.445s][info][gc,metaspace   ] GC(223) Metaspace: 9888K(10240K)->9888K(10240K) NonClass: 8585K(8832K)->8585K(8832K) Class: 1302K(1408K)->1302K(1408K)
[83.445s][info][gc             ] GC(223) Pause Young (Allocation Failure) 61M->6M(739M) 1.242ms
[83.445s][info][gc,cpu         ] GC(223) User=0.00s Sys=0.02s Real=0.01s
[83.671s][info][gc,start       ] GC(224) Pause Young (Allocation Failure)
[83.672s][info][gc,heap        ] GC(224) PSYoungGen: 57536K(57856K)->640K(57856K) Eden: 56832K(56832K)->0K(56832K) From: 704K(1024K)->640K(1024K)
[83.672s][info][gc,heap        ] GC(224) ParOldGen: 5820K(699392K)->5820K(699392K)
[83.672s][info][gc,metaspace   ] GC(224) Metaspace: 9888K(10240K)->9888K(10240K) NonClass: 8585K(8832K)->8585K(8832K) Class: 1302K(1408K)->1302K(1408K)
[83.672s][info][gc             ] GC(224) Pause Young (Allocation Failure) 61M->6M(739M) 1.064ms
[83.672s][info][gc,cpu         ] GC(224) User=0.00s Sys=0.00s Real=0.00s
[83.901s][info][gc,start       ] GC(225) Pause Young (Allocation Failure)
[83.902s][info][gc,heap        ] GC(225) PSYoungGen: 57472K(57856K)->672K(58880K) Eden: 56832K(56832K)->0K(56832K) From: 640K(1024K)->672K(2048K)
[83.902s][info][gc,heap        ] GC(225) ParOldGen: 5820K(699392K)->5820K(699392K)
[83.902s][info][gc,metaspace   ] GC(225) Metaspace: 9888K(10240K)->9888K(10240K) NonClass: 8585K(8832K)->8585K(8832K) Class: 1302K(1408K)->1302K(1408K)
[83.902s][info][gc             ] GC(225) Pause Young (Allocation Failure) 61M->6M(740M) 1.015ms
[83.902s][info][gc,cpu         ] GC(225) User=0.00s Sys=0.00s Real=0.00s
[84.131s][info][gc,start       ] GC(226) Pause Young (Allocation Failure)
[84.132s][info][gc,heap        ] GC(226) PSYoungGen: 57504K(58880K)->736K(57856K) Eden: 56832K(56832K)->0K(56832K) From: 672K(2048K)->736K(1024K)
[84.132s][info][gc,heap        ] GC(226) ParOldGen: 5820K(699392K)->5820K(699392K)
[84.132s][info][gc,metaspace   ] GC(226) Metaspace: 9888K(10240K)->9888K(10240K) NonClass: 8585K(8832K)->8585K(8832K) Class: 1302K(1408K)->1302K(1408K)
[84.132s][info][gc             ] GC(226) Pause Young (Allocation Failure) 61M->6M(739M) 0.965ms
[84.132s][info][gc,cpu         ] GC(226) User=0.00s Sys=0.00s Real=0.00s
[84.365s][info][gc,start       ] GC(227) Pause Young (Allocation Failure)
[84.366s][info][gc,heap        ] GC(227) PSYoungGen: 57568K(57856K)->928K(57856K) Eden: 56832K(56832K)->0K(56832K) From: 736K(1024K)->928K(1024K)
[84.366s][info][gc,heap        ] GC(227) ParOldGen: 5820K(699392K)->5852K(699392K)
[84.366s][info][gc,metaspace   ] GC(227) Metaspace: 9888K(10240K)->9888K(10240K) NonClass: 8585K(8832K)->8585K(8832K) Class: 1302K(1408K)->1302K(1408K)
[84.366s][info][gc             ] GC(227) Pause Young (Allocation Failure) 61M->6M(739M) 1.033ms
[84.366s][info][gc,cpu         ] GC(227) User=0.00s Sys=0.00s Real=0.00s
[84.598s][info][gc,start       ] GC(228) Pause Young (Allocation Failure)
[84.599s][info][gc,heap        ] GC(228) PSYoungGen: 57760K(57856K)->640K(57856K) Eden: 56832K(56832K)->0K(56832K) From: 928K(1024K)->640K(1024K)
[84.599s][info][gc,heap        ] GC(228) ParOldGen: 5852K(699392K)->6124K(699392K)
[84.599s][info][gc,metaspace   ] GC(228) Metaspace: 9888K(10240K)->9888K(10240K) NonClass: 8585K(8832K)->8585K(8832K) Class: 1302K(1408K)->1302K(1408K)
[84.599s][info][gc             ] GC(228) Pause Young (Allocation Failure) 62M->6M(739M) 1.049ms
[84.599s][info][gc,cpu         ] GC(228) User=0.00s Sys=0.00s Real=0.00s
[84.842s][info][gc,start       ] GC(229) Pause Young (Allocation Failure)
[84.843s][info][gc,heap        ] GC(229) PSYoungGen: 57472K(57856K)->704K(57856K) Eden: 56832K(56832K)->0K(56832K) From: 640K(1024K)->704K(1024K)
[84.843s][info][gc,heap        ] GC(229) ParOldGen: 6124K(699392K)->6124K(699392K)
[84.843s][info][gc,metaspace   ] GC(229) Metaspace: 9888K(10240K)->9888K(10240K) NonClass: 8585K(8832K)->8585K(8832K) Class: 1302K(1408K)->1302K(1408K)
[84.843s][info][gc             ] GC(229) Pause Young (Allocation Failure) 62M->6M(739M) 0.941ms
[84.843s][info][gc,cpu         ] GC(229) User=0.00s Sys=0.00s Real=0.00s
[85.075s][info][gc,start       ] GC(230) Pause Young (Allocation Failure)
[85.076s][info][gc,heap        ] GC(230) PSYoungGen: 57536K(57856K)->960K(57856K) Eden: 56832K(56832K)->0K(56832K) From: 704K(1024K)->960K(1024K)
[85.076s][info][gc,heap        ] GC(230) ParOldGen: 6124K(699392K)->6124K(699392K)
[85.076s][info][gc,metaspace   ] GC(230) Metaspace: 9888K(10240K)->9888K(10240K) NonClass: 8585K(8832K)->8585K(8832K) Class: 1302K(1408K)->1302K(1408K)
[85.076s][info][gc             ] GC(230) Pause Young (Allocation Failure) 62M->6M(739M) 1.036ms
[85.076s][info][gc,cpu         ] GC(230) User=0.27s Sys=0.00s Real=0.02s
[85.305s][info][gc,start       ] GC(231) Pause Young (Allocation Failure)
[85.305s][info][gc,heap        ] GC(231) PSYoungGen: 57792K(57856K)->768K(57856K) Eden: 56832K(56832K)->0K(56832K) From: 960K(1024K)->768K(1024K)
[85.306s][info][gc,heap        ] GC(231) ParOldGen: 6124K(699392K)->6396K(699392K)
[85.306s][info][gc,metaspace   ] GC(231) Metaspace: 9888K(10240K)->9888K(10240K) NonClass: 8585K(8832K)->8585K(8832K) Class: 1302K(1408K)->1302K(1408K)
[85.306s][info][gc             ] GC(231) Pause Young (Allocation Failure) 62M->6M(739M) 1.100ms
[85.306s][info][gc,cpu         ] GC(231) User=0.00s Sys=0.00s Real=0.00s
[85.550s][info][gc,start       ] GC(232) Pause Young (Allocation Failure)
[85.551s][info][gc,heap        ] GC(232) PSYoungGen: 57600K(57856K)->640K(57856K) Eden: 56832K(56832K)->0K(56832K) From: 768K(1024K)->640K(1024K)
[85.551s][info][gc,heap        ] GC(232) ParOldGen: 6396K(699392K)->6396K(699392K)
[85.551s][info][gc,metaspace   ] GC(232) Metaspace: 9888K(10240K)->9888K(10240K) NonClass: 8585K(8832K)->8585K(8832K) Class: 1302K(1408K)->1302K(1408K)
[85.551s][info][gc             ] GC(232) Pause Young (Allocation Failure) 62M->6M(739M) 0.951ms
[85.551s][info][gc,cpu         ] GC(232) User=0.00s Sys=0.00s Real=0.00s
[85.780s][info][gc,start       ] GC(233) Pause Young (Allocation Failure)
[85.781s][info][gc,heap        ] GC(233) PSYoungGen: 57472K(57856K)->800K(57856K) Eden: 56832K(56832K)->0K(56832K) From: 640K(1024K)->800K(1024K)
[85.781s][info][gc,heap        ] GC(233) ParOldGen: 6396K(699392K)->6396K(699392K)
[85.781s][info][gc,metaspace   ] GC(233) Metaspace: 9888K(10240K)->9888K(10240K) NonClass: 8585K(8832K)->8585K(8832K) Class: 1302K(1408K)->1302K(1408K)
[85.781s][info][gc             ] GC(233) Pause Young (Allocation Failure) 62M->7M(739M) 1.033ms
[85.781s][info][gc,cpu         ] GC(233) User=0.00s Sys=0.00s Real=0.00s
[86.012s][info][gc,start       ] GC(234) Pause Young (Allocation Failure)
[86.013s][info][gc,heap        ] GC(234) PSYoungGen: 57632K(57856K)->704K(57856K) Eden: 56832K(56832K)->0K(56832K) From: 800K(1024K)->704K(1024K)
[86.013s][info][gc,heap        ] GC(234) ParOldGen: 6396K(699392K)->6668K(699392K)
[86.013s][info][gc,metaspace   ] GC(234) Metaspace: 9888K(10240K)->9888K(10240K) NonClass: 8585K(8832K)->8585K(8832K) Class: 1302K(1408K)->1302K(1408K)
[86.013s][info][gc             ] GC(234) Pause Young (Allocation Failure) 62M->7M(739M) 1.127ms
[86.013s][info][gc,cpu         ] GC(234) User=0.00s Sys=0.00s Real=0.00s
[86.247s][info][gc,start       ] GC(235) Pause Young (Allocation Failure)
[86.248s][info][gc,heap        ] GC(235) PSYoungGen: 57536K(57856K)->864K(57856K) Eden: 56832K(56832K)->0K(56832K) From: 704K(1024K)->864K(1024K)
[86.248s][info][gc,heap        ] GC(235) ParOldGen: 6668K(699392K)->6668K(699392K)
[86.248s][info][gc,metaspace   ] GC(235) Metaspace: 9888K(10240K)->9888K(10240K) NonClass: 8585K(8832K)->8585K(8832K) Class: 1302K(1408K)->1302K(1408K)
[86.248s][info][gc             ] GC(235) Pause Young (Allocation Failure) 62M->7M(739M) 1.083ms
[86.248s][info][gc,cpu         ] GC(235) User=0.00s Sys=0.00s Real=0.00s
[86.474s][info][gc,start       ] GC(236) Pause Young (Allocation Failure)
[86.475s][info][gc,heap        ] GC(236) PSYoungGen: 57696K(57856K)->736K(57856K) Eden: 56832K(56832K)->0K(56832K) From: 864K(1024K)->736K(1024K)
[86.475s][info][gc,heap        ] GC(236) ParOldGen: 6668K(699392K)->6668K(699392K)
[86.475s][info][gc,metaspace   ] GC(236) Metaspace: 9888K(10240K)->9888K(10240K) NonClass: 8585K(8832K)->8585K(8832K) Class: 1302K(1408K)->1302K(1408K)
[86.475s][info][gc             ] GC(236) Pause Young (Allocation Failure) 62M->7M(739M) 1.022ms
[86.475s][info][gc,cpu         ] GC(236) User=0.00s Sys=0.00s Real=0.00s
[86.704s][info][gc,start       ] GC(237) Pause Young (Allocation Failure)
[86.705s][info][gc,heap        ] GC(237) PSYoungGen: 57568K(57856K)->736K(57856K) Eden: 56832K(56832K)->0K(56832K) From: 736K(1024K)->736K(1024K)
[86.705s][info][gc,heap        ] GC(237) ParOldGen: 6668K(699392K)->6836K(699392K)
[86.705s][info][gc,metaspace   ] GC(237) Metaspace: 9888K(10240K)->9888K(10240K) NonClass: 8585K(8832K)->8585K(8832K) Class: 1302K(1408K)->1302K(1408K)
[86.705s][info][gc             ] GC(237) Pause Young (Allocation Failure) 62M->7M(739M) 1.064ms
[86.705s][info][gc,cpu         ] GC(237) User=0.00s Sys=0.00s Real=0.00s
[86.937s][info][gc,start       ] GC(238) Pause Young (Allocation Failure)
[86.937s][info][gc,heap        ] GC(238) PSYoungGen: 57568K(57856K)->832K(57856K) Eden: 56832K(56832K)->0K(56832K) From: 736K(1024K)->832K(1024K)
[86.937s][info][gc,heap        ] GC(238) ParOldGen: 6836K(699392K)->6836K(699392K)
[86.937s][info][gc,metaspace   ] GC(238) Metaspace: 9888K(10240K)->9888K(10240K) NonClass: 8585K(8832K)->8585K(8832K) Class: 1302K(1408K)->1302K(1408K)
[86.938s][info][gc             ] GC(238) Pause Young (Allocation Failure) 62M->7M(739M) 0.996ms
[86.938s][info][gc,cpu         ] GC(238) User=0.00s Sys=0.00s Real=0.00s
[87.173s][info][gc,start       ] GC(239) Pause Young (Allocation Failure)
[87.174s][info][gc,heap        ] GC(239) PSYoungGen: 57664K(57856K)->960K(57856K) Eden: 56832K(56832K)->0K(56832K) From: 832K(1024K)->960K(1024K)
[87.174s][info][gc,heap        ] GC(239) ParOldGen: 6836K(699392K)->7084K(699392K)
[87.174s][info][gc,metaspace   ] GC(239) Metaspace: 9888K(10240K)->9888K(10240K) NonClass: 8585K(8832K)->8585K(8832K) Class: 1302K(1408K)->1302K(1408K)
[87.174s][info][gc             ] GC(239) Pause Young (Allocation Failure) 62M->7M(739M) 1.145ms
[87.174s][info][gc,cpu         ] GC(239) User=0.00s Sys=0.00s Real=0.00s
[87.402s][info][gc,start       ] GC(240) Pause Young (Allocation Failure)
[87.403s][info][gc,heap        ] GC(240) PSYoungGen: 57792K(57856K)->832K(57856K) Eden: 56832K(56832K)->0K(56832K) From: 960K(1024K)->832K(1024K)
[87.403s][info][gc,heap        ] GC(240) ParOldGen: 7084K(699392K)->7292K(699392K)
[87.403s][info][gc,metaspace   ] GC(240) Metaspace: 9888K(10240K)->9888K(10240K) NonClass: 8585K(8832K)->8585K(8832K) Class: 1302K(1408K)->1302K(1408K)
[87.403s][info][gc             ] GC(240) Pause Young (Allocation Failure) 63M->7M(739M) 1.215ms
[87.403s][info][gc,cpu         ] GC(240) User=0.00s Sys=0.00s Real=0.00s
[87.635s][info][gc,start       ] GC(241) Pause Young (Allocation Failure)
[87.636s][info][gc,heap        ] GC(241) PSYoungGen: 57664K(57856K)->832K(57856K) Eden: 56832K(56832K)->0K(56832K) From: 832K(1024K)->832K(1024K)
[87.636s][info][gc,heap        ] GC(241) ParOldGen: 7292K(699392K)->7292K(699392K)
[87.636s][info][gc,metaspace   ] GC(241) Metaspace: 9888K(10240K)->9888K(10240K) NonClass: 8585K(8832K)->8585K(8832K) Class: 1302K(1408K)->1302K(1408K)
[87.636s][info][gc             ] GC(241) Pause Young (Allocation Failure) 63M->7M(739M) 1.047ms
[87.636s][info][gc,cpu         ] GC(241) User=0.00s Sys=0.00s Real=0.00s
[87.866s][info][gc,start       ] GC(242) Pause Young (Allocation Failure)
[87.867s][info][gc,heap        ] GC(242) PSYoungGen: 57664K(57856K)->704K(57856K) Eden: 56832K(56832K)->0K(56832K) From: 832K(1024K)->704K(1024K)
[87.867s][info][gc,heap        ] GC(242) ParOldGen: 7292K(699392K)->7532K(699392K)
[87.867s][info][gc,metaspace   ] GC(242) Metaspace: 9888K(10240K)->9888K(10240K) NonClass: 8585K(8832K)->8585K(8832K) Class: 1302K(1408K)->1302K(1408K)
[87.867s][info][gc             ] GC(242) Pause Young (Allocation Failure) 63M->8M(739M) 1.046ms
[87.867s][info][gc,cpu         ] GC(242) User=0.00s Sys=0.00s Real=0.00s
[88.102s][info][gc,start       ] GC(243) Pause Young (Allocation Failure)
[88.103s][info][gc,heap        ] GC(243) PSYoungGen: 57536K(57856K)->672K(57856K) Eden: 56832K(56832K)->0K(56832K) From: 704K(1024K)->672K(1024K)
[88.103s][info][gc,heap        ] GC(243) ParOldGen: 7532K(699392K)->7532K(699392K)
[88.103s][info][gc,metaspace   ] GC(243) Metaspace: 9888K(10240K)->9888K(10240K) NonClass: 8585K(8832K)->8585K(8832K) Class: 1302K(1408K)->1302K(1408K)
[88.103s][info][gc             ] GC(243) Pause Young (Allocation Failure) 63M->8M(739M) 1.053ms
[88.103s][info][gc,cpu         ] GC(243) User=0.00s Sys=0.00s Real=0.00s
[88.329s][info][gc,start       ] GC(244) Pause Young (Allocation Failure)
[88.330s][info][gc,heap        ] GC(244) PSYoungGen: 57504K(57856K)->736K(57856K) Eden: 56832K(56832K)->0K(56832K) From: 672K(1024K)->736K(1024K)
[88.330s][info][gc,heap        ] GC(244) ParOldGen: 7532K(699392K)->7532K(699392K)
[88.330s][info][gc,metaspace   ] GC(244) Metaspace: 9888K(10240K)->9888K(10240K) NonClass: 8585K(8832K)->8585K(8832K) Class: 1302K(1408K)->1302K(1408K)
[88.330s][info][gc             ] GC(244) Pause Young (Allocation Failure) 63M->8M(739M) 0.966ms
[88.330s][info][gc,cpu         ] GC(244) User=0.00s Sys=0.00s Real=0.00s
[88.552s][info][gc,start       ] GC(245) Pause Young (Allocation Failure)
[88.553s][info][gc,heap        ] GC(245) PSYoungGen: 57568K(57856K)->640K(57856K) Eden: 56832K(56832K)->0K(56832K) From: 736K(1024K)->640K(1024K)
[88.553s][info][gc,heap        ] GC(245) ParOldGen: 7532K(699392K)->7532K(699392K)
[88.553s][info][gc,metaspace   ] GC(245) Metaspace: 9888K(10240K)->9888K(10240K) NonClass: 8585K(8832K)->8585K(8832K) Class: 1302K(1408K)->1302K(1408K)
[88.553s][info][gc             ] GC(245) Pause Young (Allocation Failure) 63M->7M(739M) 1.010ms
[88.553s][info][gc,cpu         ] GC(245) User=0.00s Sys=0.00s Real=0.00s
[88.782s][info][gc,start       ] GC(246) Pause Young (Allocation Failure)
[88.783s][info][gc,heap        ] GC(246) PSYoungGen: 57472K(57856K)->896K(57856K) Eden: 56832K(56832K)->0K(56832K) From: 640K(1024K)->896K(1024K)
[88.783s][info][gc,heap        ] GC(246) ParOldGen: 7532K(699392K)->7532K(699392K)
[88.783s][info][gc,metaspace   ] GC(246) Metaspace: 9888K(10240K)->9888K(10240K) NonClass: 8585K(8832K)->8585K(8832K) Class: 1302K(1408K)->1302K(1408K)
[88.783s][info][gc             ] GC(246) Pause Young (Allocation Failure) 63M->8M(739M) 0.999ms
[88.783s][info][gc,cpu         ] GC(246) User=0.00s Sys=0.00s Real=0.00s
[88.966s][info][gc,start       ] GC(247) Pause Young (System.gc())
[88.967s][info][gc,heap        ] GC(247) PSYoungGen: 44994K(57856K)->640K(57856K) Eden: 44098K(56832K)->0K(56832K) From: 896K(1024K)->640K(1024K)
[88.967s][info][gc,heap        ] GC(247) ParOldGen: 7532K(699392K)->7532K(699392K)
[88.967s][info][gc,metaspace   ] GC(247) Metaspace: 9890K(10240K)->9890K(10240K) NonClass: 8588K(8832K)->8588K(8832K) Class: 1302K(1408K)->1302K(1408K)
[88.967s][info][gc             ] GC(247) Pause Young (System.gc()) 51M->7M(739M) 0.901ms
[88.967s][info][gc,cpu         ] GC(247) User=0.00s Sys=0.00s Real=0.00s
[88.967s][info][gc,start       ] GC(248) Pause Full (System.gc())
[88.967s][info][gc,phases,start] GC(248) Marking Phase
[88.980s][info][gc,phases      ] GC(248) Marking Phase 13.139ms
[88.980s][info][gc,phases,start] GC(248) Summary Phase
[88.980s][info][gc,phases      ] GC(248) Summary Phase 0.020ms
[88.980s][info][gc,phases,start] GC(248) Adjust Roots
[88.984s][info][gc,phases      ] GC(248) Adjust Roots 4.052ms
[88.984s][info][gc,phases,start] GC(248) Compaction Phase
[88.988s][info][gc,phases      ] GC(248) Compaction Phase 3.522ms
[88.988s][info][gc,phases,start] GC(248) Post Compact
[88.988s][info][gc,phases      ] GC(248) Post Compact 0.410ms
[88.988s][info][gc,heap        ] GC(248) PSYoungGen: 640K(57856K)->0K(57856K) Eden: 0K(56832K)->0K(56832K) From: 640K(1024K)->0K(1024K)
[88.988s][info][gc,heap        ] GC(248) ParOldGen: 7532K(699392K)->4076K(699392K)
[88.988s][info][gc,metaspace   ] GC(248) Metaspace: 9890K(10240K)->9890K(10240K) NonClass: 8588K(8832K)->8588K(8832K) Class: 1302K(1408K)->1302K(1408K)
[88.988s][info][gc             ] GC(248) Pause Full (System.gc()) 7M->3M(739M) 21.383ms
[88.988s][info][gc,cpu         ] GC(248) User=0.02s Sys=0.00s Real=0.01s
[89.216s][info][gc,start       ] GC(249) Pause Young (Allocation Failure)
[89.217s][info][gc,heap        ] GC(249) PSYoungGen: 56832K(57856K)->1504K(58368K) Eden: 56832K(56832K)->0K(56832K) From: 0K(1024K)->1504K(1536K)
[89.217s][info][gc,heap        ] GC(249) ParOldGen: 4076K(699392K)->4076K(699392K)
[89.217s][info][gc,metaspace   ] GC(249) Metaspace: 9896K(10240K)->9896K(10240K) NonClass: 8593K(8832K)->8593K(8832K) Class: 1302K(1408K)->1302K(1408K)
[89.217s][info][gc             ] GC(249) Pause Young (Allocation Failure) 59M->5M(740M) 1.139ms
[89.217s][info][gc,cpu         ] GC(249) User=0.00s Sys=0.00s Real=0.00s
[89.444s][info][gc,start       ] GC(250) Pause Young (Allocation Failure)
[89.445s][info][gc,heap        ] GC(250) PSYoungGen: 58336K(58368K)->1088K(58368K) Eden: 56832K(56832K)->0K(56832K) From: 1504K(1536K)->1088K(1536K)
[89.445s][info][gc,heap        ] GC(250) ParOldGen: 4076K(699392K)->4540K(699392K)
[89.445s][info][gc,metaspace   ] GC(250) Metaspace: 9896K(10240K)->9896K(10240K) NonClass: 8593K(8832K)->8593K(8832K) Class: 1302K(1408K)->1302K(1408K)
[89.445s][info][gc             ] GC(250) Pause Young (Allocation Failure) 60M->5M(740M) 1.418ms
[89.445s][info][gc,cpu         ] GC(250) User=0.00s Sys=0.00s Real=0.00s
[89.673s][info][gc,start       ] GC(251) Pause Young (Allocation Failure)
[89.674s][info][gc,heap        ] GC(251) PSYoungGen: 57920K(58368K)->512K(57344K) Eden: 56832K(56832K)->0K(56832K) From: 1088K(1536K)->512K(512K)
[89.674s][info][gc,heap        ] GC(251) ParOldGen: 4540K(699392K)->5004K(699392K)
[89.674s][info][gc,metaspace   ] GC(251) Metaspace: 9896K(10240K)->9896K(10240K) NonClass: 8593K(8832K)->8593K(8832K) Class: 1302K(1408K)->1302K(1408K)
[89.674s][info][gc             ] GC(251) Pause Young (Allocation Failure) 60M->5M(739M) 1.133ms
[89.674s][info][gc,cpu         ] GC(251) User=0.00s Sys=0.00s Real=0.00s
[89.902s][info][gc,start       ] GC(252) Pause Young (Allocation Failure)
[89.903s][info][gc,heap        ] GC(252) PSYoungGen: 57344K(57344K)->864K(58368K) Eden: 56832K(56832K)->0K(56832K) From: 512K(512K)->864K(1536K)
[89.903s][info][gc,heap        ] GC(252) ParOldGen: 5004K(699392K)->5436K(699392K)
[89.903s][info][gc,metaspace   ] GC(252) Metaspace: 9896K(10240K)->9896K(10240K) NonClass: 8593K(8832K)->8593K(8832K) Class: 1302K(1408K)->1302K(1408K)
[89.903s][info][gc             ] GC(252) Pause Young (Allocation Failure) 60M->6M(740M) 1.095ms
[89.903s][info][gc,cpu         ] GC(252) User=0.00s Sys=0.00s Real=0.00s
[90.134s][info][gc,start       ] GC(253) Pause Young (Allocation Failure)
[90.135s][info][gc,heap        ] GC(253) PSYoungGen: 57696K(58368K)->896K(57856K) Eden: 56832K(56832K)->0K(56832K) From: 864K(1536K)->896K(1024K)
[90.135s][info][gc,heap        ] GC(253) ParOldGen: 5436K(699392K)->5540K(699392K)
[90.135s][info][gc,metaspace   ] GC(253) Metaspace: 9896K(10240K)->9896K(10240K) NonClass: 8593K(8832K)->8593K(8832K) Class: 1302K(1408K)->1302K(1408K)
[90.135s][info][gc             ] GC(253) Pause Young (Allocation Failure) 61M->6M(739M) 1.076ms
[90.135s][info][gc,cpu         ] GC(253) User=0.00s Sys=0.00s Real=0.00s
[90.367s][info][gc,start       ] GC(254) Pause Young (Allocation Failure)
[90.368s][info][gc,heap        ] GC(254) PSYoungGen: 57728K(57856K)->1120K(58368K) Eden: 56832K(56832K)->0K(56832K) From: 896K(1024K)->1120K(1536K)
[90.368s][info][gc,heap        ] GC(254) ParOldGen: 5540K(699392K)->5540K(699392K)
[90.368s][info][gc,metaspace   ] GC(254) Metaspace: 9896K(10240K)->9896K(10240K) NonClass: 8593K(8832K)->8593K(8832K) Class: 1302K(1408K)->1302K(1408K)
[90.368s][info][gc             ] GC(254) Pause Young (Allocation Failure) 61M->6M(740M) 1.100ms
[90.368s][info][gc,cpu         ] GC(254) User=0.00s Sys=0.00s Real=0.00s
[90.598s][info][gc,start       ] GC(255) Pause Young (Allocation Failure)
[90.599s][info][gc,heap        ] GC(255) PSYoungGen: 57952K(58368K)->832K(57856K) Eden: 56832K(56832K)->0K(56832K) From: 1120K(1536K)->832K(1024K)
[90.599s][info][gc,heap        ] GC(255) ParOldGen: 5540K(699392K)->5996K(699392K)
[90.599s][info][gc,metaspace   ] GC(255) Metaspace: 9896K(10240K)->9896K(10240K) NonClass: 8593K(8832K)->8593K(8832K) Class: 1302K(1408K)->1302K(1408K)
[90.599s][info][gc             ] GC(255) Pause Young (Allocation Failure) 62M->6M(739M) 1.052ms
[90.599s][info][gc,cpu         ] GC(255) User=0.00s Sys=0.00s Real=0.00s
[90.825s][info][gc,start       ] GC(256) Pause Young (Allocation Failure)
[90.826s][info][gc,heap        ] GC(256) PSYoungGen: 57664K(57856K)->672K(57856K) Eden: 56832K(56832K)->0K(56832K) From: 832K(1024K)->672K(1024K)
[90.826s][info][gc,heap        ] GC(256) ParOldGen: 5996K(699392K)->5996K(699392K)
[90.826s][info][gc,metaspace   ] GC(256) Metaspace: 9896K(10240K)->9896K(10240K) NonClass: 8593K(8832K)->8593K(8832K) Class: 1302K(1408K)->1302K(1408K)
[90.826s][info][gc             ] GC(256) Pause Young (Allocation Failure) 62M->6M(739M) 1.019ms
[90.826s][info][gc,cpu         ] GC(256) User=0.00s Sys=0.00s Real=0.00s
[91.057s][info][gc,start       ] GC(257) Pause Young (Allocation Failure)
[91.058s][info][gc,heap        ] GC(257) PSYoungGen: 57504K(57856K)->640K(57856K) Eden: 56832K(56832K)->0K(56832K) From: 672K(1024K)->640K(1024K)
[91.058s][info][gc,heap        ] GC(257) ParOldGen: 5996K(699392K)->5996K(699392K)
[91.058s][info][gc,metaspace   ] GC(257) Metaspace: 9896K(10240K)->9896K(10240K) NonClass: 8593K(8832K)->8593K(8832K) Class: 1302K(1408K)->1302K(1408K)
[91.058s][info][gc             ] GC(257) Pause Young (Allocation Failure) 62M->6M(739M) 1.043ms
[91.058s][info][gc,cpu         ] GC(257) User=0.00s Sys=0.00s Real=0.00s
[91.286s][info][gc,start       ] GC(258) Pause Young (Allocation Failure)
[91.287s][info][gc,heap        ] GC(258) PSYoungGen: 57472K(57856K)->640K(57856K) Eden: 56832K(56832K)->0K(56832K) From: 640K(1024K)->640K(1024K)
[91.287s][info][gc,heap        ] GC(258) ParOldGen: 5996K(699392K)->5996K(699392K)
[91.287s][info][gc,metaspace   ] GC(258) Metaspace: 9896K(10240K)->9896K(10240K) NonClass: 8593K(8832K)->8593K(8832K) Class: 1302K(1408K)->1302K(1408K)
[91.287s][info][gc             ] GC(258) Pause Young (Allocation Failure) 61M->6M(739M) 0.963ms
[91.287s][info][gc,cpu         ] GC(258) User=0.27s Sys=0.00s Real=0.02s
[91.527s][info][gc,start       ] GC(259) Pause Young (Allocation Failure)
[91.528s][info][gc,heap        ] GC(259) PSYoungGen: 57471K(57856K)->672K(57856K) Eden: 56831K(56832K)->0K(56832K) From: 640K(1024K)->672K(1024K)
[91.528s][info][gc,heap        ] GC(259) ParOldGen: 5996K(699392K)->5996K(699392K)
[91.528s][info][gc,metaspace   ] GC(259) Metaspace: 9896K(10240K)->9896K(10240K) NonClass: 8593K(8832K)->8593K(8832K) Class: 1302K(1408K)->1302K(1408K)
[91.528s][info][gc             ] GC(259) Pause Young (Allocation Failure) 61M->6M(739M) 1.076ms
[91.528s][info][gc,cpu         ] GC(259) User=0.00s Sys=0.00s Real=0.00s
[91.761s][info][gc,start       ] GC(260) Pause Young (Allocation Failure)
[91.762s][info][gc,heap        ] GC(260) PSYoungGen: 57504K(57856K)->1088K(58368K) Eden: 56832K(56832K)->0K(56832K) From: 672K(1024K)->1088K(1536K)
[91.762s][info][gc,heap        ] GC(260) ParOldGen: 5996K(699392K)->6140K(699392K)
[91.762s][info][gc,metaspace   ] GC(260) Metaspace: 9896K(10240K)->9896K(10240K) NonClass: 8593K(8832K)->8593K(8832K) Class: 1302K(1408K)->1302K(1408K)
[91.762s][info][gc             ] GC(260) Pause Young (Allocation Failure) 62M->7M(740M) 1.148ms
[91.762s][info][gc,cpu         ] GC(260) User=0.00s Sys=0.02s Real=0.02s
[91.996s][info][gc,start       ] GC(261) Pause Young (Allocation Failure)
[91.996s][info][gc,heap        ] GC(261) PSYoungGen: 57920K(58368K)->672K(57856K) Eden: 56832K(56832K)->0K(56832K) From: 1088K(1536K)->672K(1024K)
[91.997s][info][gc,heap        ] GC(261) ParOldGen: 6140K(699392K)->6556K(699392K)
[91.997s][info][gc,metaspace   ] GC(261) Metaspace: 9896K(10240K)->9896K(10240K) NonClass: 8593K(8832K)->8593K(8832K) Class: 1302K(1408K)->1302K(1408K)
[91.997s][info][gc             ] GC(261) Pause Young (Allocation Failure) 62M->7M(739M) 1.119ms
[91.997s][info][gc,cpu         ] GC(261) User=0.14s Sys=0.00s Real=0.02s
[92.237s][info][gc,start       ] GC(262) Pause Young (Allocation Failure)
[92.238s][info][gc,heap        ] GC(262) PSYoungGen: 57504K(57856K)->672K(57856K) Eden: 56832K(56832K)->0K(56832K) From: 672K(1024K)->672K(1024K)
[92.238s][info][gc,heap        ] GC(262) ParOldGen: 6556K(699392K)->6556K(699392K)
[92.238s][info][gc,metaspace   ] GC(262) Metaspace: 9896K(10240K)->9896K(10240K) NonClass: 8593K(8832K)->8593K(8832K) Class: 1302K(1408K)->1302K(1408K)
[92.238s][info][gc             ] GC(262) Pause Young (Allocation Failure) 62M->7M(739M) 1.051ms
[92.238s][info][gc,cpu         ] GC(262) User=0.00s Sys=0.02s Real=0.02s
[92.476s][info][gc,start       ] GC(263) Pause Young (Allocation Failure)
[92.477s][info][gc,heap        ] GC(263) PSYoungGen: 57504K(57856K)->896K(57856K) Eden: 56832K(56832K)->0K(56832K) From: 672K(1024K)->896K(1024K)
[92.477s][info][gc,heap        ] GC(263) ParOldGen: 6556K(699392K)->6556K(699392K)
[92.477s][info][gc,metaspace   ] GC(263) Metaspace: 9896K(10240K)->9896K(10240K) NonClass: 8593K(8832K)->8593K(8832K) Class: 1302K(1408K)->1302K(1408K)
[92.477s][info][gc             ] GC(263) Pause Young (Allocation Failure) 62M->7M(739M) 1.044ms
[92.477s][info][gc,cpu         ] GC(263) User=0.00s Sys=0.00s Real=0.00s
[92.706s][info][gc,start       ] GC(264) Pause Young (Allocation Failure)
[92.707s][info][gc,heap        ] GC(264) PSYoungGen: 57728K(57856K)->800K(57856K) Eden: 56832K(56832K)->0K(56832K) From: 896K(1024K)->800K(1024K)
[92.707s][info][gc,heap        ] GC(264) ParOldGen: 6556K(699392K)->6804K(699392K)
[92.707s][info][gc,metaspace   ] GC(264) Metaspace: 9896K(10240K)->9896K(10240K) NonClass: 8593K(8832K)->8593K(8832K) Class: 1302K(1408K)->1302K(1408K)
[92.707s][info][gc             ] GC(264) Pause Young (Allocation Failure) 62M->7M(739M) 1.220ms
[92.707s][info][gc,cpu         ] GC(264) User=0.00s Sys=0.02s Real=0.02s
[92.936s][info][gc,start       ] GC(265) Pause Young (Allocation Failure)
[92.937s][info][gc,heap        ] GC(265) PSYoungGen: 57632K(57856K)->672K(57856K) Eden: 56832K(56832K)->0K(56832K) From: 800K(1024K)->672K(1024K)
[92.937s][info][gc,heap        ] GC(265) ParOldGen: 6804K(699392K)->6804K(699392K)
[92.937s][info][gc,metaspace   ] GC(265) Metaspace: 9896K(10240K)->9896K(10240K) NonClass: 8593K(8832K)->8593K(8832K) Class: 1302K(1408K)->1302K(1408K)
[92.937s][info][gc             ] GC(265) Pause Young (Allocation Failure) 62M->7M(739M) 1.009ms
[92.937s][info][gc,cpu         ] GC(265) User=0.00s Sys=0.00s Real=0.00s
[93.163s][info][gc,start       ] GC(266) Pause Young (Allocation Failure)
[93.164s][info][gc,heap        ] GC(266) PSYoungGen: 57504K(57856K)->672K(57856K) Eden: 56832K(56832K)->0K(56832K) From: 672K(1024K)->672K(1024K)
[93.164s][info][gc,heap        ] GC(266) ParOldGen: 6804K(699392K)->6804K(699392K)
[93.164s][info][gc,metaspace   ] GC(266) Metaspace: 9896K(10240K)->9896K(10240K) NonClass: 8593K(8832K)->8593K(8832K) Class: 1302K(1408K)->1302K(1408K)
[93.164s][info][gc             ] GC(266) Pause Young (Allocation Failure) 62M->7M(739M) 0.934ms
[93.164s][info][gc,cpu         ] GC(266) User=0.00s Sys=0.00s Real=0.00s
[93.414s][info][gc,start       ] GC(267) Pause Young (Allocation Failure)
[93.415s][info][gc,heap        ] GC(267) PSYoungGen: 57504K(57856K)->928K(57856K) Eden: 56832K(56832K)->0K(56832K) From: 672K(1024K)->928K(1024K)
[93.415s][info][gc,heap        ] GC(267) ParOldGen: 6804K(699392K)->6804K(699392K)
[93.415s][info][gc,metaspace   ] GC(267) Metaspace: 9896K(10240K)->9896K(10240K) NonClass: 8593K(8832K)->8593K(8832K) Class: 1302K(1408K)->1302K(1408K)
[93.415s][info][gc             ] GC(267) Pause Young (Allocation Failure) 62M->7M(739M) 1.100ms
[93.415s][info][gc,cpu         ] GC(267) User=0.00s Sys=0.00s Real=0.00s
[93.643s][info][gc,start       ] GC(268) Pause Young (Allocation Failure)
[93.644s][info][gc,heap        ] GC(268) PSYoungGen: 57760K(57856K)->768K(57856K) Eden: 56832K(56832K)->0K(56832K) From: 928K(1024K)->768K(1024K)
[93.644s][info][gc,heap        ] GC(268) ParOldGen: 6804K(699392K)->7044K(699392K)
[93.644s][info][gc,metaspace   ] GC(268) Metaspace: 9896K(10240K)->9896K(10240K) NonClass: 8593K(8832K)->8593K(8832K) Class: 1302K(1408K)->1302K(1408K)
[93.644s][info][gc             ] GC(268) Pause Young (Allocation Failure) 63M->7M(739M) 1.136ms
[93.644s][info][gc,cpu         ] GC(268) User=0.14s Sys=0.00s Real=0.02s
[93.879s][info][gc,start       ] GC(269) Pause Young (Allocation Failure)
[93.880s][info][gc,heap        ] GC(269) PSYoungGen: 57600K(57856K)->832K(57856K) Eden: 56832K(56832K)->0K(56832K) From: 768K(1024K)->832K(1024K)
[93.880s][info][gc,heap        ] GC(269) ParOldGen: 7044K(699392K)->7044K(699392K)
[93.880s][info][gc,metaspace   ] GC(269) Metaspace: 9896K(10240K)->9896K(10240K) NonClass: 8593K(8832K)->8593K(8832K) Class: 1302K(1408K)->1302K(1408K)
[93.880s][info][gc             ] GC(269) Pause Young (Allocation Failure) 63M->7M(739M) 1.087ms
[93.880s][info][gc,cpu         ] GC(269) User=0.00s Sys=0.00s Real=0.00s
[94.113s][info][gc,start       ] GC(270) Pause Young (Allocation Failure)
[94.114s][info][gc,heap        ] GC(270) PSYoungGen: 57664K(57856K)->960K(57856K) Eden: 56832K(56832K)->0K(56832K) From: 832K(1024K)->960K(1024K)
[94.114s][info][gc,heap        ] GC(270) ParOldGen: 7044K(699392K)->7044K(699392K)
[94.114s][info][gc,metaspace   ] GC(270) Metaspace: 9896K(10240K)->9896K(10240K) NonClass: 8593K(8832K)->8593K(8832K) Class: 1302K(1408K)->1302K(1408K)
[94.114s][info][gc             ] GC(270) Pause Young (Allocation Failure) 63M->7M(739M) 1.038ms
[94.114s][info][gc,cpu         ] GC(270) User=0.00s Sys=0.00s Real=0.00s
[94.348s][info][gc,start       ] GC(271) Pause Young (Allocation Failure)
[94.349s][info][gc,heap        ] GC(271) PSYoungGen: 57792K(57856K)->768K(57856K) Eden: 56832K(56832K)->0K(56832K) From: 960K(1024K)->768K(1024K)
[94.349s][info][gc,heap        ] GC(271) ParOldGen: 7044K(699392K)->7284K(699392K)
[94.349s][info][gc,metaspace   ] GC(271) Metaspace: 9896K(10240K)->9896K(10240K) NonClass: 8593K(8832K)->8593K(8832K) Class: 1302K(1408K)->1302K(1408K)
[94.349s][info][gc             ] GC(271) Pause Young (Allocation Failure) 63M->7M(739M) 1.057ms
[94.349s][info][gc,cpu         ] GC(271) User=0.00s Sys=0.00s Real=0.00s
[94.572s][info][gc,start       ] GC(272) Pause Young (Allocation Failure)
[94.573s][info][gc,heap        ] GC(272) PSYoungGen: 57600K(57856K)->1024K(57856K) Eden: 56832K(56832K)->0K(56832K) From: 768K(1024K)->1024K(1024K)
[94.573s][info][gc,heap        ] GC(272) ParOldGen: 7284K(699392K)->7356K(699392K)
[94.573s][info][gc,metaspace   ] GC(272) Metaspace: 9896K(10240K)->9896K(10240K) NonClass: 8593K(8832K)->8593K(8832K) Class: 1302K(1408K)->1302K(1408K)
[94.573s][info][gc             ] GC(272) Pause Young (Allocation Failure) 63M->8M(739M) 1.079ms
[94.573s][info][gc,cpu         ] GC(272) User=0.00s Sys=0.00s Real=0.00s
[94.793s][info][gc,start       ] GC(273) Pause Young (Allocation Failure)
[94.794s][info][gc,heap        ] GC(273) PSYoungGen: 57856K(57856K)->640K(57856K) Eden: 56832K(56832K)->0K(56832K) From: 1024K(1024K)->640K(1024K)
[94.794s][info][gc,heap        ] GC(273) ParOldGen: 7356K(699392K)->7588K(699392K)
[94.795s][info][gc,metaspace   ] GC(273) Metaspace: 9896K(10240K)->9896K(10240K) NonClass: 8593K(8832K)->8593K(8832K) Class: 1302K(1408K)->1302K(1408K)
[94.795s][info][gc             ] GC(273) Pause Young (Allocation Failure) 63M->8M(739M) 1.098ms
[94.795s][info][gc,cpu         ] GC(273) User=0.00s Sys=0.00s Real=0.00s
[95.026s][info][gc,start       ] GC(274) Pause Young (Allocation Failure)
[95.027s][info][gc,heap        ] GC(274) PSYoungGen: 57471K(57856K)->640K(57856K) Eden: 56831K(56832K)->0K(56832K) From: 640K(1024K)->640K(1024K)
[95.027s][info][gc,heap        ] GC(274) ParOldGen: 7588K(699392K)->7588K(699392K)
[95.027s][info][gc,metaspace   ] GC(274) Metaspace: 9896K(10240K)->9896K(10240K) NonClass: 8593K(8832K)->8593K(8832K) Class: 1302K(1408K)->1302K(1408K)
[95.027s][info][gc             ] GC(274) Pause Young (Allocation Failure) 63M->8M(739M) 0.950ms
[95.027s][info][gc,cpu         ] GC(274) User=0.00s Sys=0.00s Real=0.00s
[95.250s][info][gc,start       ] GC(275) Pause Young (Allocation Failure)
[95.250s][info][gc,heap        ] GC(275) PSYoungGen: 57472K(57856K)->736K(57856K) Eden: 56832K(56832K)->0K(56832K) From: 640K(1024K)->736K(1024K)
[95.251s][info][gc,heap        ] GC(275) ParOldGen: 7588K(699392K)->7588K(699392K)
[95.251s][info][gc,metaspace   ] GC(275) Metaspace: 9896K(10240K)->9896K(10240K) NonClass: 8593K(8832K)->8593K(8832K) Class: 1302K(1408K)->1302K(1408K)
[95.251s][info][gc             ] GC(275) Pause Young (Allocation Failure) 63M->8M(739M) 0.981ms
[95.251s][info][gc,cpu         ] GC(275) User=0.00s Sys=0.00s Real=0.00s
[95.473s][info][gc,start       ] GC(276) Pause Young (Allocation Failure)
[95.474s][info][gc,heap        ] GC(276) PSYoungGen: 57568K(57856K)->640K(57856K) Eden: 56832K(56832K)->0K(56832K) From: 736K(1024K)->640K(1024K)
[95.474s][info][gc,heap        ] GC(276) ParOldGen: 7588K(699392K)->7588K(699392K)
[95.474s][info][gc,metaspace   ] GC(276) Metaspace: 9896K(10240K)->9896K(10240K) NonClass: 8593K(8832K)->8593K(8832K) Class: 1302K(1408K)->1302K(1408K)
[95.474s][info][gc             ] GC(276) Pause Young (Allocation Failure) 63M->8M(739M) 0.922ms
[95.474s][info][gc,cpu         ] GC(276) User=0.00s Sys=0.00s Real=0.00s
[95.683s][info][gc,start       ] GC(277) Pause Young (System.gc())
[95.684s][info][gc,heap        ] GC(277) PSYoungGen: 51992K(57856K)->736K(57856K) Eden: 51352K(56832K)->0K(56832K) From: 640K(1024K)->736K(1024K)
[95.684s][info][gc,heap        ] GC(277) ParOldGen: 7588K(699392K)->7588K(699392K)
[95.684s][info][gc,metaspace   ] GC(277) Metaspace: 9896K(10240K)->9896K(10240K) NonClass: 8593K(8832K)->8593K(8832K) Class: 1302K(1408K)->1302K(1408K)
[95.684s][info][gc             ] GC(277) Pause Young (System.gc()) 58M->8M(739M) 0.967ms
[95.684s][info][gc,cpu         ] GC(277) User=0.00s Sys=0.00s Real=0.00s
[95.685s][info][gc,start       ] GC(278) Pause Full (System.gc())
[95.685s][info][gc,phases,start] GC(278) Marking Phase
[95.698s][info][gc,phases      ] GC(278) Marking Phase 13.305ms
[95.698s][info][gc,phases,start] GC(278) Summary Phase
[95.698s][info][gc,phases      ] GC(278) Summary Phase 0.029ms
[95.698s][info][gc,phases,start] GC(278) Adjust Roots
[95.702s][info][gc,phases      ] GC(278) Adjust Roots 3.810ms
[95.702s][info][gc,phases,start] GC(278) Compaction Phase
[95.705s][info][gc,phases      ] GC(278) Compaction Phase 3.592ms
[95.705s][info][gc,phases,start] GC(278) Post Compact
[95.706s][info][gc,phases      ] GC(278) Post Compact 0.490ms
[95.706s][info][gc,heap        ] GC(278) PSYoungGen: 736K(57856K)->0K(57856K) Eden: 0K(56832K)->0K(56832K) From: 736K(1024K)->0K(1024K)
[95.706s][info][gc,heap        ] GC(278) ParOldGen: 7588K(699392K)->4076K(699392K)
[95.706s][info][gc,metaspace   ] GC(278) Metaspace: 9896K(10240K)->9896K(10240K) NonClass: 8593K(8832K)->8593K(8832K) Class: 1302K(1408K)->1302K(1408K)
[95.706s][info][gc             ] GC(278) Pause Full (System.gc()) 8M->3M(739M) 21.566ms
[95.706s][info][gc,cpu         ] GC(278) User=0.28s Sys=0.00s Real=0.03s
[95.938s][info][gc,start       ] GC(279) Pause Young (Allocation Failure)
[95.940s][info][gc,heap        ] GC(279) PSYoungGen: 56832K(57856K)->1408K(58368K) Eden: 56832K(56832K)->0K(56832K) From: 0K(1024K)->1408K(1536K)
[95.940s][info][gc,heap        ] GC(279) ParOldGen: 4076K(699392K)->4076K(699392K)
[95.940s][info][gc,metaspace   ] GC(279) Metaspace: 9901K(10240K)->9901K(10240K) NonClass: 8598K(8832K)->8598K(8832K) Class: 1302K(1408K)->1302K(1408K)
[95.940s][info][gc             ] GC(279) Pause Young (Allocation Failure) 59M->5M(740M) 1.292ms
[95.940s][info][gc,cpu         ] GC(279) User=0.00s Sys=0.00s Real=0.00s
[96.172s][info][gc,start       ] GC(280) Pause Young (Allocation Failure)
[96.173s][info][gc,heap        ] GC(280) PSYoungGen: 58240K(58368K)->1024K(57856K) Eden: 56832K(56832K)->0K(56832K) From: 1408K(1536K)->1024K(1024K)
[96.173s][info][gc,heap        ] GC(280) ParOldGen: 4076K(699392K)->4564K(699392K)
[96.173s][info][gc,metaspace   ] GC(280) Metaspace: 9901K(10240K)->9901K(10240K) NonClass: 8598K(8832K)->8598K(8832K) Class: 1302K(1408K)->1302K(1408K)
[96.173s][info][gc             ] GC(280) Pause Young (Allocation Failure) 60M->5M(739M) 1.160ms
[96.173s][info][gc,cpu         ] GC(280) User=0.00s Sys=0.00s Real=0.00s
[96.405s][info][gc,start       ] GC(281) Pause Young (Allocation Failure)
[96.406s][info][gc,heap        ] GC(281) PSYoungGen: 57856K(57856K)->864K(57856K) Eden: 56832K(56832K)->0K(56832K) From: 1024K(1024K)->864K(1024K)
[96.406s][info][gc,heap        ] GC(281) ParOldGen: 4564K(699392K)->4788K(699392K)
[96.406s][info][gc,metaspace   ] GC(281) Metaspace: 9901K(10240K)->9901K(10240K) NonClass: 8598K(8832K)->8598K(8832K) Class: 1302K(1408K)->1302K(1408K)
[96.406s][info][gc             ] GC(281) Pause Young (Allocation Failure) 60M->5M(739M) 1.174ms
[96.406s][info][gc,cpu         ] GC(281) User=0.00s Sys=0.00s Real=0.00s
[96.643s][info][gc,start       ] GC(282) Pause Young (Allocation Failure)
[96.644s][info][gc,heap        ] GC(282) PSYoungGen: 57696K(57856K)->928K(57856K) Eden: 56832K(56832K)->0K(56832K) From: 864K(1024K)->928K(1024K)
[96.644s][info][gc,heap        ] GC(282) ParOldGen: 4788K(699392K)->5068K(699392K)
[96.644s][info][gc,metaspace   ] GC(282) Metaspace: 9901K(10240K)->9901K(10240K) NonClass: 8598K(8832K)->8598K(8832K) Class: 1302K(1408K)->1302K(1408K)
[96.644s][info][gc             ] GC(282) Pause Young (Allocation Failure) 61M->5M(739M) 1.195ms
[96.644s][info][gc,cpu         ] GC(282) User=0.27s Sys=0.00s Real=0.02s
[96.881s][info][gc,start       ] GC(283) Pause Young (Allocation Failure)
[96.882s][info][gc,heap        ] GC(283) PSYoungGen: 57760K(57856K)->832K(57856K) Eden: 56832K(56832K)->0K(56832K) From: 928K(1024K)->832K(1024K)
[96.882s][info][gc,heap        ] GC(283) ParOldGen: 5068K(699392K)->5140K(699392K)
[96.882s][info][gc,metaspace   ] GC(283) Metaspace: 9901K(10240K)->9901K(10240K) NonClass: 8598K(8832K)->8598K(8832K) Class: 1302K(1408K)->1302K(1408K)
[96.882s][info][gc             ] GC(283) Pause Young (Allocation Failure) 61M->5M(739M) 1.015ms
[96.882s][info][gc,cpu         ] GC(283) User=0.00s Sys=0.00s Real=0.00s
[97.110s][info][gc,start       ] GC(284) Pause Young (Allocation Failure)
[97.111s][info][gc,heap        ] GC(284) PSYoungGen: 57664K(57856K)->832K(57856K) Eden: 56832K(56832K)->0K(56832K) From: 832K(1024K)->832K(1024K)
[97.111s][info][gc,heap        ] GC(284) ParOldGen: 5140K(699392K)->5484K(699392K)
[97.111s][info][gc,metaspace   ] GC(284) Metaspace: 9901K(10240K)->9901K(10240K) NonClass: 8598K(8832K)->8598K(8832K) Class: 1302K(1408K)->1302K(1408K)
[97.111s][info][gc             ] GC(284) Pause Young (Allocation Failure) 61M->6M(739M) 1.143ms
[97.111s][info][gc,cpu         ] GC(284) User=0.00s Sys=0.00s Real=0.00s
[97.342s][info][gc,start       ] GC(285) Pause Young (Allocation Failure)
[97.343s][info][gc,heap        ] GC(285) PSYoungGen: 57664K(57856K)->672K(57856K) Eden: 56832K(56832K)->0K(56832K) From: 832K(1024K)->672K(1024K)
[97.343s][info][gc,heap        ] GC(285) ParOldGen: 5484K(699392K)->5692K(699392K)
[97.343s][info][gc,metaspace   ] GC(285) Metaspace: 9901K(10240K)->9901K(10240K) NonClass: 8598K(8832K)->8598K(8832K) Class: 1302K(1408K)->1302K(1408K)
[97.343s][info][gc             ] GC(285) Pause Young (Allocation Failure) 61M->6M(739M) 1.008ms
[97.343s][info][gc,cpu         ] GC(285) User=0.00s Sys=0.00s Real=0.00s
[97.576s][info][gc,start       ] GC(286) Pause Young (Allocation Failure)
[97.577s][info][gc,heap        ] GC(286) PSYoungGen: 57504K(57856K)->640K(57856K) Eden: 56832K(56832K)->0K(56832K) From: 672K(1024K)->640K(1024K)
[97.577s][info][gc,heap        ] GC(286) ParOldGen: 5692K(699392K)->5692K(699392K)
[97.577s][info][gc,metaspace   ] GC(286) Metaspace: 9901K(10240K)->9901K(10240K) NonClass: 8598K(8832K)->8598K(8832K) Class: 1302K(1408K)->1302K(1408K)
[97.577s][info][gc             ] GC(286) Pause Young (Allocation Failure) 61M->6M(739M) 0.974ms
[97.577s][info][gc,cpu         ] GC(286) User=0.00s Sys=0.00s Real=0.00s
[97.810s][info][gc,start       ] GC(287) Pause Young (Allocation Failure)
[97.811s][info][gc,heap        ] GC(287) PSYoungGen: 57472K(57856K)->896K(57856K) Eden: 56832K(56832K)->0K(56832K) From: 640K(1024K)->896K(1024K)
[97.811s][info][gc,heap        ] GC(287) ParOldGen: 5692K(699392K)->5692K(699392K)
[97.811s][info][gc,metaspace   ] GC(287) Metaspace: 9901K(10240K)->9901K(10240K) NonClass: 8598K(8832K)->8598K(8832K) Class: 1302K(1408K)->1302K(1408K)
[97.811s][info][gc             ] GC(287) Pause Young (Allocation Failure) 61M->6M(739M) 1.127ms
[97.811s][info][gc,cpu         ] GC(287) User=0.00s Sys=0.00s Real=0.00s
[98.040s][info][gc,start       ] GC(288) Pause Young (Allocation Failure)
[98.041s][info][gc,heap        ] GC(288) PSYoungGen: 57728K(57856K)->864K(57856K) Eden: 56832K(56832K)->0K(56832K) From: 896K(1024K)->864K(1024K)
[98.041s][info][gc,heap        ] GC(288) ParOldGen: 5692K(699392K)->5748K(699392K)
[98.041s][info][gc,metaspace   ] GC(288) Metaspace: 9901K(10240K)->9901K(10240K) NonClass: 8598K(8832K)->8598K(8832K) Class: 1302K(1408K)->1302K(1408K)
[98.041s][info][gc             ] GC(288) Pause Young (Allocation Failure) 61M->6M(739M) 1.108ms
[98.041s][info][gc,cpu         ] GC(288) User=0.00s Sys=0.00s Real=0.00s
[98.274s][info][gc,start       ] GC(289) Pause Young (Allocation Failure)
[98.275s][info][gc,heap        ] GC(289) PSYoungGen: 57696K(57856K)->736K(57856K) Eden: 56832K(56832K)->0K(56832K) From: 864K(1024K)->736K(1024K)
[98.275s][info][gc,heap        ] GC(289) ParOldGen: 5748K(699392K)->5988K(699392K)
[98.275s][info][gc,metaspace   ] GC(289) Metaspace: 9901K(10240K)->9901K(10240K) NonClass: 8598K(8832K)->8598K(8832K) Class: 1302K(1408K)->1302K(1408K)
[98.275s][info][gc             ] GC(289) Pause Young (Allocation Failure) 61M->6M(739M) 1.058ms
[98.275s][info][gc,cpu         ] GC(289) User=0.00s Sys=0.00s Real=0.00s
[98.493s][info][gc,start       ] GC(290) Pause Young (Allocation Failure)
[98.494s][info][gc,heap        ] GC(290) PSYoungGen: 57568K(57856K)->704K(57856K) Eden: 56832K(56832K)->0K(56832K) From: 736K(1024K)->704K(1024K)
[98.494s][info][gc,heap        ] GC(290) ParOldGen: 5988K(699392K)->5988K(699392K)
[98.494s][info][gc,metaspace   ] GC(290) Metaspace: 9901K(10240K)->9901K(10240K) NonClass: 8598K(8832K)->8598K(8832K) Class: 1302K(1408K)->1302K(1408K)
[98.494s][info][gc             ] GC(290) Pause Young (Allocation Failure) 62M->6M(739M) 0.973ms
[98.494s][info][gc,cpu         ] GC(290) User=0.00s Sys=0.00s Real=0.00s
[98.726s][info][gc,start       ] GC(291) Pause Young (Allocation Failure)
[98.726s][info][gc,heap        ] GC(291) PSYoungGen: 57536K(57856K)->736K(57856K) Eden: 56832K(56832K)->0K(56832K) From: 704K(1024K)->736K(1024K)
[98.727s][info][gc,heap        ] GC(291) ParOldGen: 5988K(699392K)->5988K(699392K)
[98.727s][info][gc,metaspace   ] GC(291) Metaspace: 9901K(10240K)->9901K(10240K) NonClass: 8598K(8832K)->8598K(8832K) Class: 1302K(1408K)->1302K(1408K)
[98.727s][info][gc             ] GC(291) Pause Young (Allocation Failure) 62M->6M(739M) 0.983ms
[98.727s][info][gc,cpu         ] GC(291) User=0.00s Sys=0.00s Real=0.00s
[98.955s][info][gc,start       ] GC(292) Pause Young (Allocation Failure)
[98.956s][info][gc,heap        ] GC(292) PSYoungGen: 57568K(57856K)->640K(57856K) Eden: 56832K(56832K)->0K(56832K) From: 736K(1024K)->640K(1024K)
[98.956s][info][gc,heap        ] GC(292) ParOldGen: 5988K(699392K)->5988K(699392K)
[98.956s][info][gc,metaspace   ] GC(292) Metaspace: 9901K(10240K)->9901K(10240K) NonClass: 8598K(8832K)->8598K(8832K) Class: 1302K(1408K)->1302K(1408K)
[98.956s][info][gc             ] GC(292) Pause Young (Allocation Failure) 62M->6M(739M) 0.997ms
[98.956s][info][gc,cpu         ] GC(292) User=0.00s Sys=0.00s Real=0.00s
[99.184s][info][gc,start       ] GC(293) Pause Young (Allocation Failure)
[99.185s][info][gc,heap        ] GC(293) PSYoungGen: 57472K(57856K)->704K(57856K) Eden: 56832K(56832K)->0K(56832K) From: 640K(1024K)->704K(1024K)
[99.185s][info][gc,heap        ] GC(293) ParOldGen: 5988K(699392K)->5988K(699392K)
[99.185s][info][gc,metaspace   ] GC(293) Metaspace: 9901K(10240K)->9901K(10240K) NonClass: 8598K(8832K)->8598K(8832K) Class: 1302K(1408K)->1302K(1408K)
[99.185s][info][gc             ] GC(293) Pause Young (Allocation Failure) 61M->6M(739M) 0.986ms
[99.185s][info][gc,cpu         ] GC(293) User=0.00s Sys=0.00s Real=0.00s
[99.406s][info][gc,start       ] GC(294) Pause Young (Allocation Failure)
[99.407s][info][gc,heap        ] GC(294) PSYoungGen: 57536K(57856K)->1056K(58368K) Eden: 56832K(56832K)->0K(56832K) From: 704K(1024K)->1056K(1536K)
[99.407s][info][gc,heap        ] GC(294) ParOldGen: 5988K(699392K)->5988K(699392K)
[99.407s][info][gc,metaspace   ] GC(294) Metaspace: 9901K(10240K)->9901K(10240K) NonClass: 8598K(8832K)->8598K(8832K) Class: 1302K(1408K)->1302K(1408K)
[99.407s][info][gc             ] GC(294) Pause Young (Allocation Failure) 62M->6M(740M) 0.949ms
[99.407s][info][gc,cpu         ] GC(294) User=0.00s Sys=0.00s Real=0.00s
[99.633s][info][gc,start       ] GC(295) Pause Young (Allocation Failure)
[99.634s][info][gc,heap        ] GC(295) PSYoungGen: 57888K(58368K)->736K(57856K) Eden: 56832K(56832K)->0K(56832K) From: 1056K(1536K)->736K(1024K)
[99.634s][info][gc,heap        ] GC(295) ParOldGen: 5988K(699392K)->6420K(699392K)
[99.634s][info][gc,metaspace   ] GC(295) Metaspace: 9901K(10240K)->9901K(10240K) NonClass: 8598K(8832K)->8598K(8832K) Class: 1302K(1408K)->1302K(1408K)
[99.634s][info][gc             ] GC(295) Pause Young (Allocation Failure) 62M->6M(739M) 1.251ms
[99.634s][info][gc,cpu         ] GC(295) User=0.00s Sys=0.00s Real=0.00s
[99.864s][info][gc,start       ] GC(296) Pause Young (Allocation Failure)
[99.865s][info][gc,heap        ] GC(296) PSYoungGen: 57568K(57856K)->640K(57856K) Eden: 56832K(56832K)->0K(56832K) From: 736K(1024K)->640K(1024K)
[99.865s][info][gc,heap        ] GC(296) ParOldGen: 6420K(699392K)->6420K(699392K)
[99.865s][info][gc,metaspace   ] GC(296) Metaspace: 9901K(10240K)->9901K(10240K) NonClass: 8598K(8832K)->8598K(8832K) Class: 1302K(1408K)->1302K(1408K)
[99.865s][info][gc             ] GC(296) Pause Young (Allocation Failure) 62M->6M(739M) 0.872ms
[99.865s][info][gc,cpu         ] GC(296) User=0.00s Sys=0.00s Real=0.00s
[100.094s][info][gc,start       ] GC(297) Pause Young (Allocation Failure)
[100.095s][info][gc,heap        ] GC(297) PSYoungGen: 57472K(57856K)->672K(57856K) Eden: 56832K(56832K)->0K(56832K) From: 640K(1024K)->672K(1024K)
[100.095s][info][gc,heap        ] GC(297) ParOldGen: 6420K(699392K)->6420K(699392K)
[100.095s][info][gc,metaspace   ] GC(297) Metaspace: 9901K(10240K)->9901K(10240K) NonClass: 8598K(8832K)->8598K(8832K) Class: 1302K(1408K)->1302K(1408K)
[100.095s][info][gc             ] GC(297) Pause Young (Allocation Failure) 62M->6M(739M) 1.216ms
[100.095s][info][gc,cpu         ] GC(297) User=0.00s Sys=0.00s Real=0.00s
[100.327s][info][gc,start       ] GC(298) Pause Young (Allocation Failure)
[100.328s][info][gc,heap        ] GC(298) PSYoungGen: 57504K(57856K)->704K(57856K) Eden: 56832K(56832K)->0K(56832K) From: 672K(1024K)->704K(1024K)
[100.328s][info][gc,heap        ] GC(298) ParOldGen: 6420K(699392K)->6420K(699392K)
[100.328s][info][gc,metaspace   ] GC(298) Metaspace: 9901K(10240K)->9901K(10240K) NonClass: 8598K(8832K)->8598K(8832K) Class: 1302K(1408K)->1302K(1408K)
[100.328s][info][gc             ] GC(298) Pause Young (Allocation Failure) 62M->6M(739M) 0.981ms
[100.328s][info][gc,cpu         ] GC(298) User=0.00s Sys=0.00s Real=0.00s
[100.558s][info][gc,start       ] GC(299) Pause Young (Allocation Failure)
[100.559s][info][gc,heap        ] GC(299) PSYoungGen: 57536K(57856K)->704K(57856K) Eden: 56832K(56832K)->0K(56832K) From: 704K(1024K)->704K(1024K)
[100.559s][info][gc,heap        ] GC(299) ParOldGen: 6420K(699392K)->6420K(699392K)
[100.559s][info][gc,metaspace   ] GC(299) Metaspace: 9901K(10240K)->9901K(10240K) NonClass: 8598K(8832K)->8598K(8832K) Class: 1302K(1408K)->1302K(1408K)
[100.559s][info][gc             ] GC(299) Pause Young (Allocation Failure) 62M->6M(739M) 0.947ms
[100.559s][info][gc,cpu         ] GC(299) User=0.00s Sys=0.00s Real=0.00s
[100.793s][info][gc,start       ] GC(300) Pause Young (Allocation Failure)
[100.793s][info][gc,heap        ] GC(300) PSYoungGen: 57536K(57856K)->704K(57856K) Eden: 56832K(56832K)->0K(56832K) From: 704K(1024K)->704K(1024K)
[100.793s][info][gc,heap        ] GC(300) ParOldGen: 6420K(699392K)->6420K(699392K)
[100.794s][info][gc,metaspace   ] GC(300) Metaspace: 9901K(10240K)->9901K(10240K) NonClass: 8598K(8832K)->8598K(8832K) Class: 1302K(1408K)->1302K(1408K)
[100.794s][info][gc             ] GC(300) Pause Young (Allocation Failure) 62M->6M(739M) 0.994ms
[100.794s][info][gc,cpu         ] GC(300) User=0.00s Sys=0.00s Real=0.00s
[101.021s][info][gc,start       ] GC(301) Pause Young (Allocation Failure)
[101.022s][info][gc,heap        ] GC(301) PSYoungGen: 57536K(57856K)->736K(57856K) Eden: 56832K(56832K)->0K(56832K) From: 704K(1024K)->736K(1024K)
[101.022s][info][gc,heap        ] GC(301) ParOldGen: 6420K(699392K)->6420K(699392K)
[101.022s][info][gc,metaspace   ] GC(301) Metaspace: 9901K(10240K)->9901K(10240K) NonClass: 8598K(8832K)->8598K(8832K) Class: 1302K(1408K)->1302K(1408K)
[101.022s][info][gc             ] GC(301) Pause Young (Allocation Failure) 62M->6M(739M) 1.053ms
[101.022s][info][gc,cpu         ] GC(301) User=0.00s Sys=0.00s Real=0.00s
[101.250s][info][gc,start       ] GC(302) Pause Young (Allocation Failure)
[101.250s][info][gc,heap        ] GC(302) PSYoungGen: 57568K(57856K)->704K(57856K) Eden: 56832K(56832K)->0K(56832K) From: 736K(1024K)->704K(1024K)
[101.251s][info][gc,heap        ] GC(302) ParOldGen: 6420K(699392K)->6420K(699392K)
[101.251s][info][gc,metaspace   ] GC(302) Metaspace: 9901K(10240K)->9901K(10240K) NonClass: 8598K(8832K)->8598K(8832K) Class: 1302K(1408K)->1302K(1408K)
[101.251s][info][gc             ] GC(302) Pause Young (Allocation Failure) 62M->6M(739M) 0.978ms
[101.251s][info][gc,cpu         ] GC(302) User=0.00s Sys=0.00s Real=0.00s
[101.481s][info][gc,start       ] GC(303) Pause Young (Allocation Failure)
[101.482s][info][gc,heap        ] GC(303) PSYoungGen: 57536K(57856K)->800K(57856K) Eden: 56832K(56832K)->0K(56832K) From: 704K(1024K)->800K(1024K)
[101.482s][info][gc,heap        ] GC(303) ParOldGen: 6420K(699392K)->6420K(699392K)
[101.482s][info][gc,metaspace   ] GC(303) Metaspace: 9901K(10240K)->9901K(10240K) NonClass: 8598K(8832K)->8598K(8832K) Class: 1302K(1408K)->1302K(1408K)
[101.482s][info][gc             ] GC(303) Pause Young (Allocation Failure) 62M->7M(739M) 0.991ms
[101.482s][info][gc,cpu         ] GC(303) User=0.00s Sys=0.00s Real=0.00s
[101.711s][info][gc,start       ] GC(304) Pause Young (Allocation Failure)
[101.712s][info][gc,heap        ] GC(304) PSYoungGen: 57632K(57856K)->800K(57856K) Eden: 56832K(56832K)->0K(56832K) From: 800K(1024K)->800K(1024K)
[101.712s][info][gc,heap        ] GC(304) ParOldGen: 6420K(699392K)->6420K(699392K)
[101.712s][info][gc,metaspace   ] GC(304) Metaspace: 9901K(10240K)->9901K(10240K) NonClass: 8598K(8832K)->8598K(8832K) Class: 1302K(1408K)->1302K(1408K)
[101.712s][info][gc             ] GC(304) Pause Young (Allocation Failure) 62M->7M(739M) 1.000ms
[101.712s][info][gc,cpu         ] GC(304) User=0.00s Sys=0.00s Real=0.00s
[101.938s][info][gc,start       ] GC(305) Pause Young (Allocation Failure)
[101.939s][info][gc,heap        ] GC(305) PSYoungGen: 57632K(57856K)->1024K(57856K) Eden: 56832K(56832K)->0K(56832K) From: 800K(1024K)->1024K(1024K)
[101.939s][info][gc,heap        ] GC(305) ParOldGen: 6420K(699392K)->6420K(699392K)
[101.939s][info][gc,metaspace   ] GC(305) Metaspace: 9901K(10240K)->9901K(10240K) NonClass: 8598K(8832K)->8598K(8832K) Class: 1302K(1408K)->1302K(1408K)
[101.939s][info][gc             ] GC(305) Pause Young (Allocation Failure) 62M->7M(739M) 1.029ms
[101.939s][info][gc,cpu         ] GC(305) User=0.00s Sys=0.00s Real=0.00s
[102.172s][info][gc,start       ] GC(306) Pause Young (Allocation Failure)
[102.173s][info][gc,heap        ] GC(306) PSYoungGen: 57856K(57856K)->512K(57344K) Eden: 56832K(56832K)->0K(56832K) From: 1024K(1024K)->512K(512K)
[102.173s][info][gc,heap        ] GC(306) ParOldGen: 6420K(699392K)->6748K(699392K)
[102.173s][info][gc,metaspace   ] GC(306) Metaspace: 9901K(10240K)->9901K(10240K) NonClass: 8598K(8832K)->8598K(8832K) Class: 1302K(1408K)->1302K(1408K)
[102.173s][info][gc             ] GC(306) Pause Young (Allocation Failure) 62M->7M(739M) 0.989ms
[102.173s][info][gc,cpu         ] GC(306) User=0.27s Sys=0.00s Real=0.02s
[102.343s][info][gc,start       ] GC(307) Pause Young (System.gc())
[102.344s][info][gc,heap        ] GC(307) PSYoungGen: 42317K(57344K)->640K(58368K) Eden: 41805K(56832K)->0K(56832K) From: 512K(512K)->640K(1536K)
[102.344s][info][gc,heap        ] GC(307) ParOldGen: 6748K(699392K)->6956K(699392K)
[102.344s][info][gc,metaspace   ] GC(307) Metaspace: 9901K(10240K)->9901K(10240K) NonClass: 8599K(8832K)->8599K(8832K) Class: 1302K(1408K)->1302K(1408K)
[102.344s][info][gc             ] GC(307) Pause Young (System.gc()) 47M->7M(740M) 0.978ms
[102.344s][info][gc,cpu         ] GC(307) User=0.00s Sys=0.00s Real=0.00s
[102.344s][info][gc,start       ] GC(308) Pause Full (System.gc())
[102.344s][info][gc,phases,start] GC(308) Marking Phase
[102.356s][info][gc,phases      ] GC(308) Marking Phase 11.527ms
[102.356s][info][gc,phases,start] GC(308) Summary Phase
[102.356s][info][gc,phases      ] GC(308) Summary Phase 0.022ms
[102.356s][info][gc,phases,start] GC(308) Adjust Roots
[102.360s][info][gc,phases      ] GC(308) Adjust Roots 4.172ms
[102.360s][info][gc,phases,start] GC(308) Compaction Phase
[102.364s][info][gc,phases      ] GC(308) Compaction Phase 3.520ms
[102.364s][info][gc,phases,start] GC(308) Post Compact
[102.364s][info][gc,phases      ] GC(308) Post Compact 0.467ms
[102.364s][info][gc,heap        ] GC(308) PSYoungGen: 640K(58368K)->0K(58368K) Eden: 0K(56832K)->0K(56832K) From: 640K(1536K)->0K(1536K)
[102.364s][info][gc,heap        ] GC(308) ParOldGen: 6956K(699392K)->4076K(699392K)
[102.364s][info][gc,metaspace   ] GC(308) Metaspace: 9901K(10240K)->9901K(10240K) NonClass: 8599K(8832K)->8599K(8832K) Class: 1302K(1408K)->1302K(1408K)
[102.364s][info][gc             ] GC(308) Pause Full (System.gc()) 7M->3M(740M) 20.085ms
[102.364s][info][gc,cpu         ] GC(308) User=0.03s Sys=0.00s Real=0.03s
[102.607s][info][gc,start       ] GC(309) Pause Young (Allocation Failure)
[102.608s][info][gc,heap        ] GC(309) PSYoungGen: 56832K(58368K)->1504K(58368K) Eden: 56832K(56832K)->0K(56832K) From: 0K(1536K)->1504K(1536K)
[102.608s][info][gc,heap        ] GC(309) ParOldGen: 4076K(699392K)->4076K(699392K)
[102.608s][info][gc,metaspace   ] GC(309) Metaspace: 9901K(10240K)->9901K(10240K) NonClass: 8599K(8832K)->8599K(8832K) Class: 1302K(1408K)->1302K(1408K)
[102.608s][info][gc             ] GC(309) Pause Young (Allocation Failure) 59M->5M(740M) 1.133ms
[102.608s][info][gc,cpu         ] GC(309) User=0.00s Sys=0.00s Real=0.00s
[102.847s][info][gc,start       ] GC(310) Pause Young (Allocation Failure)
[102.848s][info][gc,heap        ] GC(310) PSYoungGen: 58336K(58368K)->1024K(57856K) Eden: 56832K(56832K)->0K(56832K) From: 1504K(1536K)->1024K(1024K)
[102.848s][info][gc,heap        ] GC(310) ParOldGen: 4076K(699392K)->4596K(699392K)
[102.848s][info][gc,metaspace   ] GC(310) Metaspace: 9901K(10240K)->9901K(10240K) NonClass: 8599K(8832K)->8599K(8832K) Class: 1302K(1408K)->1302K(1408K)
[102.848s][info][gc             ] GC(310) Pause Young (Allocation Failure) 60M->5M(739M) 1.600ms
[102.848s][info][gc,cpu         ] GC(310) User=0.00s Sys=0.00s Real=0.00s
[103.082s][info][gc,start       ] GC(311) Pause Young (Allocation Failure)
[103.083s][info][gc,heap        ] GC(311) PSYoungGen: 57856K(57856K)->640K(57856K) Eden: 56832K(56832K)->0K(56832K) From: 1024K(1024K)->640K(1024K)
[103.083s][info][gc,heap        ] GC(311) ParOldGen: 4596K(699392K)->5068K(699392K)
[103.083s][info][gc,metaspace   ] GC(311) Metaspace: 9901K(10240K)->9901K(10240K) NonClass: 8599K(8832K)->8599K(8832K) Class: 1302K(1408K)->1302K(1408K)
[103.083s][info][gc             ] GC(311) Pause Young (Allocation Failure) 60M->5M(739M) 1.071ms
[103.083s][info][gc,cpu         ] GC(311) User=0.00s Sys=0.00s Real=0.00s
[103.310s][info][gc,start       ] GC(312) Pause Young (Allocation Failure)
[103.311s][info][gc,heap        ] GC(312) PSYoungGen: 57472K(57856K)->1536K(58368K) Eden: 56832K(56832K)->0K(56832K) From: 640K(1024K)->1536K(1536K)
[103.311s][info][gc,heap        ] GC(312) ParOldGen: 5068K(699392K)->5100K(699392K)
[103.311s][info][gc,metaspace   ] GC(312) Metaspace: 9901K(10240K)->9901K(10240K) NonClass: 8599K(8832K)->8599K(8832K) Class: 1302K(1408K)->1302K(1408K)
[103.311s][info][gc             ] GC(312) Pause Young (Allocation Failure) 61M->6M(740M) 1.287ms
[103.311s][info][gc,cpu         ] GC(312) User=0.00s Sys=0.00s Real=0.00s
[103.549s][info][gc,start       ] GC(313) Pause Young (Allocation Failure)
[103.550s][info][gc,heap        ] GC(313) PSYoungGen: 58368K(58368K)->928K(57856K) Eden: 56832K(56832K)->0K(56832K) From: 1536K(1536K)->928K(1024K)
[103.550s][info][gc,heap        ] GC(313) ParOldGen: 5100K(699392K)->5788K(699392K)
[103.550s][info][gc,metaspace   ] GC(313) Metaspace: 9901K(10240K)->9901K(10240K) NonClass: 8599K(8832K)->8599K(8832K) Class: 1302K(1408K)->1302K(1408K)
[103.550s][info][gc             ] GC(313) Pause Young (Allocation Failure) 61M->6M(739M) 1.272ms
[103.550s][info][gc,cpu         ] GC(313) User=0.00s Sys=0.00s Real=0.00s
[103.784s][info][gc,start       ] GC(314) Pause Young (Allocation Failure)
[103.785s][info][gc,heap        ] GC(314) PSYoungGen: 57760K(57856K)->736K(57856K) Eden: 56832K(56832K)->0K(56832K) From: 928K(1024K)->736K(1024K)
[103.785s][info][gc,heap        ] GC(314) ParOldGen: 5788K(699392K)->6068K(699392K)
[103.785s][info][gc,metaspace   ] GC(314) Metaspace: 9901K(10240K)->9901K(10240K) NonClass: 8599K(8832K)->8599K(8832K) Class: 1302K(1408K)->1302K(1408K)
[103.785s][info][gc             ] GC(314) Pause Young (Allocation Failure) 62M->6M(739M) 1.098ms
[103.785s][info][gc,cpu         ] GC(314) User=0.00s Sys=0.00s Real=0.00s
[104.018s][info][gc,start       ] GC(315) Pause Young (Allocation Failure)
[104.019s][info][gc,heap        ] GC(315) PSYoungGen: 57568K(57856K)->608K(57856K) Eden: 56832K(56832K)->0K(56832K) From: 736K(1024K)->608K(1024K)
[104.019s][info][gc,heap        ] GC(315) ParOldGen: 6068K(699392K)->6068K(699392K)
[104.019s][info][gc,metaspace   ] GC(315) Metaspace: 9901K(10240K)->9901K(10240K) NonClass: 8599K(8832K)->8599K(8832K) Class: 1302K(1408K)->1302K(1408K)
[104.019s][info][gc             ] GC(315) Pause Young (Allocation Failure) 62M->6M(739M) 0.996ms
[104.019s][info][gc,cpu         ] GC(315) User=0.00s Sys=0.00s Real=0.00s
[104.252s][info][gc,start       ] GC(316) Pause Young (Allocation Failure)
[104.253s][info][gc,heap        ] GC(316) PSYoungGen: 57440K(57856K)->704K(57856K) Eden: 56832K(56832K)->0K(56832K) From: 608K(1024K)->704K(1024K)
[104.253s][info][gc,heap        ] GC(316) ParOldGen: 6068K(699392K)->6068K(699392K)
[104.253s][info][gc,metaspace   ] GC(316) Metaspace: 9901K(10240K)->9901K(10240K) NonClass: 8599K(8832K)->8599K(8832K) Class: 1302K(1408K)->1302K(1408K)
[104.253s][info][gc             ] GC(316) Pause Young (Allocation Failure) 62M->6M(739M) 1.069ms
[104.253s][info][gc,cpu         ] GC(316) User=0.00s Sys=0.00s Real=0.00s
[104.484s][info][gc,start       ] GC(317) Pause Young (Allocation Failure)
[104.485s][info][gc,heap        ] GC(317) PSYoungGen: 57536K(57856K)->608K(57856K) Eden: 56832K(56832K)->0K(56832K) From: 704K(1024K)->608K(1024K)
[104.485s][info][gc,heap        ] GC(317) ParOldGen: 6068K(699392K)->6068K(699392K)
[104.485s][info][gc,metaspace   ] GC(317) Metaspace: 9901K(10240K)->9901K(10240K) NonClass: 8599K(8832K)->8599K(8832K) Class: 1302K(1408K)->1302K(1408K)
[104.485s][info][gc             ] GC(317) Pause Young (Allocation Failure) 62M->6M(739M) 0.919ms
[104.485s][info][gc,cpu         ] GC(317) User=0.00s Sys=0.00s Real=0.00s
[104.724s][info][gc,start       ] GC(318) Pause Young (Allocation Failure)
[104.725s][info][gc,heap        ] GC(318) PSYoungGen: 57440K(57856K)->704K(57856K) Eden: 56832K(56832K)->0K(56832K) From: 608K(1024K)->704K(1024K)
[104.725s][info][gc,heap        ] GC(318) ParOldGen: 6068K(699392K)->6068K(699392K)
[104.725s][info][gc,metaspace   ] GC(318) Metaspace: 9901K(10240K)->9901K(10240K) NonClass: 8599K(8832K)->8599K(8832K) Class: 1302K(1408K)->1302K(1408K)
[104.725s][info][gc             ] GC(318) Pause Young (Allocation Failure) 62M->6M(739M) 0.987ms
[104.725s][info][gc,cpu         ] GC(318) User=0.00s Sys=0.00s Real=0.00s
[104.961s][info][gc,start       ] GC(319) Pause Young (Allocation Failure)
[104.962s][info][gc,heap        ] GC(319) PSYoungGen: 57536K(57856K)->704K(57856K) Eden: 56832K(56832K)->0K(56832K) From: 704K(1024K)->704K(1024K)
[104.962s][info][gc,heap        ] GC(319) ParOldGen: 6068K(699392K)->6068K(699392K)
[104.962s][info][gc,metaspace   ] GC(319) Metaspace: 9901K(10240K)->9901K(10240K) NonClass: 8599K(8832K)->8599K(8832K) Class: 1302K(1408K)->1302K(1408K)
[104.962s][info][gc             ] GC(319) Pause Young (Allocation Failure) 62M->6M(739M) 0.959ms
[104.962s][info][gc,cpu         ] GC(319) User=0.00s Sys=0.00s Real=0.00s
[105.191s][info][gc,start       ] GC(320) Pause Young (Allocation Failure)
[105.192s][info][gc,heap        ] GC(320) PSYoungGen: 57536K(57856K)->992K(57856K) Eden: 56832K(56832K)->0K(56832K) From: 704K(1024K)->992K(1024K)
[105.192s][info][gc,heap        ] GC(320) ParOldGen: 6068K(699392K)->6084K(699392K)
[105.192s][info][gc,metaspace   ] GC(320) Metaspace: 9901K(10240K)->9901K(10240K) NonClass: 8599K(8832K)->8599K(8832K) Class: 1302K(1408K)->1302K(1408K)
[105.192s][info][gc             ] GC(320) Pause Young (Allocation Failure) 62M->6M(739M) 1.088ms
[105.192s][info][gc,cpu         ] GC(320) User=0.00s Sys=0.00s Real=0.00s
[105.415s][info][gc,start       ] GC(321) Pause Young (Allocation Failure)
[105.416s][info][gc,heap        ] GC(321) PSYoungGen: 57824K(57856K)->736K(57856K) Eden: 56832K(56832K)->0K(56832K) From: 992K(1024K)->736K(1024K)
[105.416s][info][gc,heap        ] GC(321) ParOldGen: 6084K(699392K)->6316K(699392K)
[105.416s][info][gc,metaspace   ] GC(321) Metaspace: 9901K(10240K)->9901K(10240K) NonClass: 8599K(8832K)->8599K(8832K) Class: 1302K(1408K)->1302K(1408K)
[105.417s][info][gc             ] GC(321) Pause Young (Allocation Failure) 62M->6M(739M) 1.051ms
[105.417s][info][gc,cpu         ] GC(321) User=0.00s Sys=0.00s Real=0.00s
[105.659s][info][gc,start       ] GC(322) Pause Young (Allocation Failure)
[105.660s][info][gc,heap        ] GC(322) PSYoungGen: 57568K(57856K)->672K(57856K) Eden: 56832K(56832K)->0K(56832K) From: 736K(1024K)->672K(1024K)
[105.660s][info][gc,heap        ] GC(322) ParOldGen: 6316K(699392K)->6316K(699392K)
[105.660s][info][gc,metaspace   ] GC(322) Metaspace: 9901K(10240K)->9901K(10240K) NonClass: 8599K(8832K)->8599K(8832K) Class: 1302K(1408K)->1302K(1408K)
[105.660s][info][gc             ] GC(322) Pause Young (Allocation Failure) 62M->6M(739M) 0.986ms
[105.660s][info][gc,cpu         ] GC(322) User=0.00s Sys=0.00s Real=0.00s
[105.900s][info][gc,start       ] GC(323) Pause Young (Allocation Failure)
[105.900s][info][gc,heap        ] GC(323) PSYoungGen: 57504K(57856K)->1056K(58368K) Eden: 56832K(56832K)->0K(56832K) From: 672K(1024K)->1056K(1536K)
[105.900s][info][gc,heap        ] GC(323) ParOldGen: 6316K(699392K)->6332K(699392K)
[105.900s][info][gc,metaspace   ] GC(323) Metaspace: 9901K(10240K)->9901K(10240K) NonClass: 8599K(8832K)->8599K(8832K) Class: 1302K(1408K)->1302K(1408K)
[105.900s][info][gc             ] GC(323) Pause Young (Allocation Failure) 62M->7M(740M) 0.911ms
[105.900s][info][gc,cpu         ] GC(323) User=0.00s Sys=0.00s Real=0.00s
[106.131s][info][gc,start       ] GC(324) Pause Young (Allocation Failure)
[106.133s][info][gc,heap        ] GC(324) PSYoungGen: 57888K(58368K)->960K(57856K) Eden: 56832K(56832K)->0K(56832K) From: 1056K(1536K)->960K(1024K)
[106.133s][info][gc,heap        ] GC(324) ParOldGen: 6332K(699392K)->6596K(699392K)
[106.133s][info][gc,metaspace   ] GC(324) Metaspace: 9901K(10240K)->9901K(10240K) NonClass: 8599K(8832K)->8599K(8832K) Class: 1302K(1408K)->1302K(1408K)
[106.133s][info][gc             ] GC(324) Pause Young (Allocation Failure) 62M->7M(739M) 1.328ms
[106.133s][info][gc,cpu         ] GC(324) User=0.00s Sys=0.00s Real=0.00s
[106.364s][info][gc,start       ] GC(325) Pause Young (Allocation Failure)
[106.365s][info][gc,heap        ] GC(325) PSYoungGen: 57792K(57856K)->768K(57856K) Eden: 56832K(56832K)->0K(56832K) From: 960K(1024K)->768K(1024K)
[106.365s][info][gc,heap        ] GC(325) ParOldGen: 6596K(699392K)->6836K(699392K)
[106.365s][info][gc,metaspace   ] GC(325) Metaspace: 9901K(10240K)->9901K(10240K) NonClass: 8599K(8832K)->8599K(8832K) Class: 1302K(1408K)->1302K(1408K)
[106.365s][info][gc             ] GC(325) Pause Young (Allocation Failure) 62M->7M(739M) 0.902ms
[106.365s][info][gc,cpu         ] GC(325) User=0.00s Sys=0.00s Real=0.00s
[106.600s][info][gc,start       ] GC(326) Pause Young (Allocation Failure)
[106.601s][info][gc,heap        ] GC(326) PSYoungGen: 57600K(57856K)->704K(57856K) Eden: 56832K(56832K)->0K(56832K) From: 768K(1024K)->704K(1024K)
[106.601s][info][gc,heap        ] GC(326) ParOldGen: 6836K(699392K)->6836K(699392K)
[106.601s][info][gc,metaspace   ] GC(326) Metaspace: 9901K(10240K)->9901K(10240K) NonClass: 8599K(8832K)->8599K(8832K) Class: 1302K(1408K)->1302K(1408K)
[106.601s][info][gc             ] GC(326) Pause Young (Allocation Failure) 62M->7M(739M) 0.988ms
[106.601s][info][gc,cpu         ] GC(326) User=0.00s Sys=0.00s Real=0.00s
[106.839s][info][gc,start       ] GC(327) Pause Young (Allocation Failure)
[106.839s][info][gc,heap        ] GC(327) PSYoungGen: 57536K(57856K)->576K(57856K) Eden: 56832K(56832K)->0K(56832K) From: 704K(1024K)->576K(1024K)
[106.839s][info][gc,heap        ] GC(327) ParOldGen: 6836K(699392K)->6836K(699392K)
[106.839s][info][gc,metaspace   ] GC(327) Metaspace: 9901K(10240K)->9901K(10240K) NonClass: 8599K(8832K)->8599K(8832K) Class: 1302K(1408K)->1302K(1408K)
[106.840s][info][gc             ] GC(327) Pause Young (Allocation Failure) 62M->7M(739M) 0.989ms
[106.840s][info][gc,cpu         ] GC(327) User=0.00s Sys=0.00s Real=0.00s
[107.069s][info][gc,start       ] GC(328) Pause Young (Allocation Failure)
[107.070s][info][gc,heap        ] GC(328) PSYoungGen: 57408K(57856K)->576K(57856K) Eden: 56832K(56832K)->0K(56832K) From: 576K(1024K)->576K(1024K)
[107.070s][info][gc,heap        ] GC(328) ParOldGen: 6836K(699392K)->6836K(699392K)
[107.070s][info][gc,metaspace   ] GC(328) Metaspace: 9901K(10240K)->9901K(10240K) NonClass: 8599K(8832K)->8599K(8832K) Class: 1302K(1408K)->1302K(1408K)
[107.070s][info][gc             ] GC(328) Pause Young (Allocation Failure) 62M->7M(739M) 0.943ms
[107.070s][info][gc,cpu         ] GC(328) User=0.00s Sys=0.00s Real=0.00s
[107.304s][info][gc,start       ] GC(329) Pause Young (Allocation Failure)
[107.305s][info][gc,heap        ] GC(329) PSYoungGen: 57408K(57856K)->576K(57856K) Eden: 56832K(56832K)->0K(56832K) From: 576K(1024K)->576K(1024K)
[107.305s][info][gc,heap        ] GC(329) ParOldGen: 6836K(699392K)->6836K(699392K)
[107.305s][info][gc,metaspace   ] GC(329) Metaspace: 9901K(10240K)->9901K(10240K) NonClass: 8599K(8832K)->8599K(8832K) Class: 1302K(1408K)->1302K(1408K)
[107.305s][info][gc             ] GC(329) Pause Young (Allocation Failure) 62M->7M(739M) 0.990ms
[107.305s][info][gc,cpu         ] GC(329) User=0.00s Sys=0.00s Real=0.00s
[107.543s][info][gc,start       ] GC(330) Pause Young (Allocation Failure)
[107.544s][info][gc,heap        ] GC(330) PSYoungGen: 57408K(57856K)->672K(57856K) Eden: 56832K(56832K)->0K(56832K) From: 576K(1024K)->672K(1024K)
[107.544s][info][gc,heap        ] GC(330) ParOldGen: 6836K(699392K)->6836K(699392K)
[107.544s][info][gc,metaspace   ] GC(330) Metaspace: 9901K(10240K)->9901K(10240K) NonClass: 8599K(8832K)->8599K(8832K) Class: 1302K(1408K)->1302K(1408K)
[107.544s][info][gc             ] GC(330) Pause Young (Allocation Failure) 62M->7M(739M) 0.983ms
[107.544s][info][gc,cpu         ] GC(330) User=0.00s Sys=0.05s Real=0.02s
[107.779s][info][gc,start       ] GC(331) Pause Young (Allocation Failure)
[107.780s][info][gc,heap        ] GC(331) PSYoungGen: 57504K(57856K)->672K(57856K) Eden: 56832K(56832K)->0K(56832K) From: 672K(1024K)->672K(1024K)
[107.780s][info][gc,heap        ] GC(331) ParOldGen: 6836K(699392K)->6836K(699392K)
[107.780s][info][gc,metaspace   ] GC(331) Metaspace: 9901K(10240K)->9901K(10240K) NonClass: 8599K(8832K)->8599K(8832K) Class: 1302K(1408K)->1302K(1408K)
[107.780s][info][gc             ] GC(331) Pause Young (Allocation Failure) 62M->7M(739M) 0.948ms
[107.780s][info][gc,cpu         ] GC(331) User=0.00s Sys=0.00s Real=0.00s
[108.011s][info][gc,start       ] GC(332) Pause Young (Allocation Failure)
[108.012s][info][gc,heap        ] GC(332) PSYoungGen: 57504K(57856K)->640K(57856K) Eden: 56832K(56832K)->0K(56832K) From: 672K(1024K)->640K(1024K)
[108.012s][info][gc,heap        ] GC(332) ParOldGen: 6836K(699392K)->6836K(699392K)
[108.012s][info][gc,metaspace   ] GC(332) Metaspace: 9901K(10240K)->9901K(10240K) NonClass: 8599K(8832K)->8599K(8832K) Class: 1302K(1408K)->1302K(1408K)
[108.012s][info][gc             ] GC(332) Pause Young (Allocation Failure) 62M->7M(739M) 0.979ms
[108.012s][info][gc,cpu         ] GC(332) User=0.00s Sys=0.00s Real=0.00s
[108.248s][info][gc,start       ] GC(333) Pause Young (Allocation Failure)
[108.249s][info][gc,heap        ] GC(333) PSYoungGen: 57472K(57856K)->672K(57856K) Eden: 56832K(56832K)->0K(56832K) From: 640K(1024K)->672K(1024K)
[108.249s][info][gc,heap        ] GC(333) ParOldGen: 6836K(699392K)->6836K(699392K)
[108.249s][info][gc,metaspace   ] GC(333) Metaspace: 9901K(10240K)->9901K(10240K) NonClass: 8599K(8832K)->8599K(8832K) Class: 1302K(1408K)->1302K(1408K)
[108.249s][info][gc             ] GC(333) Pause Young (Allocation Failure) 62M->7M(739M) 1.028ms
[108.249s][info][gc,cpu         ] GC(333) User=0.00s Sys=0.00s Real=0.00s
[108.483s][info][gc,start       ] GC(334) Pause Young (Allocation Failure)
[108.484s][info][gc,heap        ] GC(334) PSYoungGen: 57504K(57856K)->704K(57856K) Eden: 56832K(56832K)->0K(56832K) From: 672K(1024K)->704K(1024K)
[108.484s][info][gc,heap        ] GC(334) ParOldGen: 6836K(699392K)->6836K(699392K)
[108.484s][info][gc,metaspace   ] GC(334) Metaspace: 9901K(10240K)->9901K(10240K) NonClass: 8599K(8832K)->8599K(8832K) Class: 1302K(1408K)->1302K(1408K)
[108.484s][info][gc             ] GC(334) Pause Young (Allocation Failure) 62M->7M(739M) 0.972ms
[108.484s][info][gc,cpu         ] GC(334) User=0.00s Sys=0.00s Real=0.00s
[108.724s][info][gc,start       ] GC(335) Pause Young (Allocation Failure)
[108.724s][info][gc,heap        ] GC(335) PSYoungGen: 57536K(57856K)->576K(57856K) Eden: 56832K(56832K)->0K(56832K) From: 704K(1024K)->576K(1024K)
[108.724s][info][gc,heap        ] GC(335) ParOldGen: 6836K(699392K)->6836K(699392K)
[108.725s][info][gc,metaspace   ] GC(335) Metaspace: 9901K(10240K)->9901K(10240K) NonClass: 8599K(8832K)->8599K(8832K) Class: 1302K(1408K)->1302K(1408K)
[108.725s][info][gc             ] GC(335) Pause Young (Allocation Failure) 62M->7M(739M) 0.963ms
[108.725s][info][gc,cpu         ] GC(335) User=0.00s Sys=0.00s Real=0.00s
[108.953s][info][gc,start       ] GC(336) Pause Young (Allocation Failure)
[108.954s][info][gc,heap        ] GC(336) PSYoungGen: 57408K(57856K)->640K(57856K) Eden: 56832K(56832K)->0K(56832K) From: 576K(1024K)->640K(1024K)
[108.954s][info][gc,heap        ] GC(336) ParOldGen: 6836K(699392K)->6836K(699392K)
[108.954s][info][gc,metaspace   ] GC(336) Metaspace: 9901K(10240K)->9901K(10240K) NonClass: 8599K(8832K)->8599K(8832K) Class: 1302K(1408K)->1302K(1408K)
[108.954s][info][gc             ] GC(336) Pause Young (Allocation Failure) 62M->7M(739M) 0.998ms
[108.954s][info][gc,cpu         ] GC(336) User=0.00s Sys=0.00s Real=0.00s
[109.152s][info][gc,start       ] GC(337) Pause Young (System.gc())
[109.153s][info][gc,heap        ] GC(337) PSYoungGen: 49134K(57856K)->576K(57856K) Eden: 48494K(56832K)->0K(56832K) From: 640K(1024K)->576K(1024K)
[109.153s][info][gc,heap        ] GC(337) ParOldGen: 6836K(699392K)->6836K(699392K)
[109.153s][info][gc,metaspace   ] GC(337) Metaspace: 9902K(10240K)->9902K(10240K) NonClass: 8599K(8832K)->8599K(8832K) Class: 1302K(1408K)->1302K(1408K)
[109.153s][info][gc             ] GC(337) Pause Young (System.gc()) 54M->7M(739M) 0.920ms
[109.153s][info][gc,cpu         ] GC(337) User=0.00s Sys=0.00s Real=0.00s
[109.153s][info][gc,start       ] GC(338) Pause Full (System.gc())
[109.153s][info][gc,phases,start] GC(338) Marking Phase
[109.167s][info][gc,phases      ] GC(338) Marking Phase 13.433ms
[109.167s][info][gc,phases,start] GC(338) Summary Phase
[109.167s][info][gc,phases      ] GC(338) Summary Phase 0.021ms
[109.167s][info][gc,phases,start] GC(338) Adjust Roots
[109.171s][info][gc,phases      ] GC(338) Adjust Roots 4.106ms
[109.171s][info][gc,phases,start] GC(338) Compaction Phase
[109.174s][info][gc,phases      ] GC(338) Compaction Phase 3.541ms
[109.174s][info][gc,phases,start] GC(338) Post Compact
[109.175s][info][gc,phases      ] GC(338) Post Compact 0.405ms
[109.175s][info][gc,heap        ] GC(338) PSYoungGen: 576K(57856K)->0K(57856K) Eden: 0K(56832K)->0K(56832K) From: 576K(1024K)->0K(1024K)
[109.175s][info][gc,heap        ] GC(338) ParOldGen: 6836K(699392K)->4076K(699392K)
[109.175s][info][gc,metaspace   ] GC(338) Metaspace: 9902K(10240K)->9902K(10240K) NonClass: 8599K(8832K)->8599K(8832K) Class: 1302K(1408K)->1302K(1408K)
[109.175s][info][gc             ] GC(338) Pause Full (System.gc()) 7M->3M(739M) 21.750ms
[109.175s][info][gc,cpu         ] GC(338) User=0.02s Sys=0.00s Real=0.02s
[109.410s][info][gc,start       ] GC(339) Pause Young (Allocation Failure)
[109.412s][info][gc,heap        ] GC(339) PSYoungGen: 56831K(57856K)->1408K(58368K) Eden: 56831K(56832K)->0K(56832K) From: 0K(1024K)->1408K(1536K)
[109.412s][info][gc,heap        ] GC(339) ParOldGen: 4076K(699392K)->4076K(699392K)
[109.412s][info][gc,metaspace   ] GC(339) Metaspace: 9902K(10240K)->9902K(10240K) NonClass: 8599K(8832K)->8599K(8832K) Class: 1302K(1408K)->1302K(1408K)
[109.412s][info][gc             ] GC(339) Pause Young (Allocation Failure) 59M->5M(740M) 1.260ms
[109.412s][info][gc,cpu         ] GC(339) User=0.00s Sys=0.00s Real=0.00s
[109.645s][info][gc,start       ] GC(340) Pause Young (Allocation Failure)
[109.646s][info][gc,heap        ] GC(340) PSYoungGen: 58240K(58368K)->864K(57856K) Eden: 56832K(56832K)->0K(56832K) From: 1408K(1536K)->864K(1024K)
[109.646s][info][gc,heap        ] GC(340) ParOldGen: 4076K(699392K)->4708K(699392K)
[109.646s][info][gc,metaspace   ] GC(340) Metaspace: 9902K(10240K)->9902K(10240K) NonClass: 8599K(8832K)->8599K(8832K) Class: 1302K(1408K)->1302K(1408K)
[109.646s][info][gc             ] GC(340) Pause Young (Allocation Failure) 60M->5M(739M) 1.264ms
[109.646s][info][gc,cpu         ] GC(340) User=0.00s Sys=0.00s Real=0.00s
[109.881s][info][gc,start       ] GC(341) Pause Young (Allocation Failure)
[109.882s][info][gc,heap        ] GC(341) PSYoungGen: 57696K(57856K)->800K(57856K) Eden: 56832K(56832K)->0K(56832K) From: 864K(1024K)->800K(1024K)
[109.882s][info][gc,heap        ] GC(341) ParOldGen: 4708K(699392K)->4980K(699392K)
[109.882s][info][gc,metaspace   ] GC(341) Metaspace: 9902K(10240K)->9902K(10240K) NonClass: 8599K(8832K)->8599K(8832K) Class: 1302K(1408K)->1302K(1408K)
[109.882s][info][gc             ] GC(341) Pause Young (Allocation Failure) 60M->5M(739M) 1.140ms
[109.882s][info][gc,cpu         ] GC(341) User=0.00s Sys=0.00s Real=0.00s
[110.114s][info][gc,start       ] GC(342) Pause Young (Allocation Failure)
[110.114s][info][gc,heap        ] GC(342) PSYoungGen: 57632K(57856K)->672K(57856K) Eden: 56832K(56832K)->0K(56832K) From: 800K(1024K)->672K(1024K)
[110.114s][info][gc,heap        ] GC(342) ParOldGen: 4980K(699392K)->4980K(699392K)
[110.114s][info][gc,metaspace   ] GC(342) Metaspace: 9902K(10240K)->9902K(10240K) NonClass: 8599K(8832K)->8599K(8832K) Class: 1302K(1408K)->1302K(1408K)
[110.115s][info][gc             ] GC(342) Pause Young (Allocation Failure) 61M->5M(739M) 0.972ms
[110.115s][info][gc,cpu         ] GC(342) User=0.00s Sys=0.00s Real=0.00s
[110.346s][info][gc,start       ] GC(343) Pause Young (Allocation Failure)
[110.347s][info][gc,heap        ] GC(343) PSYoungGen: 57504K(57856K)->672K(57856K) Eden: 56832K(56832K)->0K(56832K) From: 672K(1024K)->672K(1024K)
[110.347s][info][gc,heap        ] GC(343) ParOldGen: 4980K(699392K)->4980K(699392K)
[110.347s][info][gc,metaspace   ] GC(343) Metaspace: 9902K(10240K)->9902K(10240K) NonClass: 8599K(8832K)->8599K(8832K) Class: 1302K(1408K)->1302K(1408K)
[110.347s][info][gc             ] GC(343) Pause Young (Allocation Failure) 61M->5M(739M) 0.968ms
[110.347s][info][gc,cpu         ] GC(343) User=0.00s Sys=0.00s Real=0.00s
[110.583s][info][gc,start       ] GC(344) Pause Young (Allocation Failure)
[110.584s][info][gc,heap        ] GC(344) PSYoungGen: 57504K(57856K)->800K(57856K) Eden: 56832K(56832K)->0K(56832K) From: 672K(1024K)->800K(1024K)
[110.584s][info][gc,heap        ] GC(344) ParOldGen: 4980K(699392K)->4980K(699392K)
[110.584s][info][gc,metaspace   ] GC(344) Metaspace: 9902K(10240K)->9902K(10240K) NonClass: 8599K(8832K)->8599K(8832K) Class: 1302K(1408K)->1302K(1408K)
[110.584s][info][gc             ] GC(344) Pause Young (Allocation Failure) 61M->5M(739M) 1.007ms
[110.584s][info][gc,cpu         ] GC(344) User=0.00s Sys=0.00s Real=0.00s
[110.814s][info][gc,start       ] GC(345) Pause Young (Allocation Failure)
[110.815s][info][gc,heap        ] GC(345) PSYoungGen: 57632K(57856K)->608K(57856K) Eden: 56832K(56832K)->0K(56832K) From: 800K(1024K)->608K(1024K)
[110.815s][info][gc,heap        ] GC(345) ParOldGen: 4980K(699392K)->4980K(699392K)
[110.815s][info][gc,metaspace   ] GC(345) Metaspace: 9902K(10240K)->9902K(10240K) NonClass: 8599K(8832K)->8599K(8832K) Class: 1302K(1408K)->1302K(1408K)
[110.815s][info][gc             ] GC(345) Pause Young (Allocation Failure) 61M->5M(739M) 0.938ms
[110.815s][info][gc,cpu         ] GC(345) User=0.00s Sys=0.00s Real=0.00s
[111.053s][info][gc,start       ] GC(346) Pause Young (Allocation Failure)
[111.054s][info][gc,heap        ] GC(346) PSYoungGen: 57440K(57856K)->1120K(58368K) Eden: 56832K(56832K)->0K(56832K) From: 608K(1024K)->1120K(1536K)
[111.054s][info][gc,heap        ] GC(346) ParOldGen: 4980K(699392K)->5036K(699392K)
[111.054s][info][gc,metaspace   ] GC(346) Metaspace: 9902K(10240K)->9902K(10240K) NonClass: 8599K(8832K)->8599K(8832K) Class: 1302K(1408K)->1302K(1408K)
[111.054s][info][gc             ] GC(346) Pause Young (Allocation Failure) 60M->6M(740M) 0.943ms
[111.054s][info][gc,cpu         ] GC(346) User=0.00s Sys=0.00s Real=0.00s
[111.285s][info][gc,start       ] GC(347) Pause Young (Allocation Failure)
[111.286s][info][gc,heap        ] GC(347) PSYoungGen: 57952K(58368K)->800K(57856K) Eden: 56832K(56832K)->0K(56832K) From: 1120K(1536K)->800K(1024K)
[111.286s][info][gc,heap        ] GC(347) ParOldGen: 5036K(699392K)->5452K(699392K)
[111.286s][info][gc,metaspace   ] GC(347) Metaspace: 9902K(10240K)->9902K(10240K) NonClass: 8599K(8832K)->8599K(8832K) Class: 1302K(1408K)->1302K(1408K)
[111.286s][info][gc             ] GC(347) Pause Young (Allocation Failure) 61M->6M(739M) 1.497ms
[111.286s][info][gc,cpu         ] GC(347) User=0.00s Sys=0.00s Real=0.00s
[111.520s][info][gc,start       ] GC(348) Pause Young (Allocation Failure)
[111.520s][info][gc,heap        ] GC(348) PSYoungGen: 57632K(57856K)->672K(57856K) Eden: 56832K(56832K)->0K(56832K) From: 800K(1024K)->672K(1024K)
[111.520s][info][gc,heap        ] GC(348) ParOldGen: 5452K(699392K)->5452K(699392K)
[111.520s][info][gc,metaspace   ] GC(348) Metaspace: 9902K(10240K)->9902K(10240K) NonClass: 8599K(8832K)->8599K(8832K) Class: 1302K(1408K)->1302K(1408K)
[111.520s][info][gc             ] GC(348) Pause Young (Allocation Failure) 61M->5M(739M) 0.816ms
[111.521s][info][gc,cpu         ] GC(348) User=0.00s Sys=0.00s Real=0.00s
[111.752s][info][gc,start       ] GC(349) Pause Young (Allocation Failure)
[111.752s][info][gc,heap        ] GC(349) PSYoungGen: 57504K(57856K)->704K(57856K) Eden: 56832K(56832K)->0K(56832K) From: 672K(1024K)->704K(1024K)
[111.753s][info][gc,heap        ] GC(349) ParOldGen: 5452K(699392K)->5452K(699392K)
[111.753s][info][gc,metaspace   ] GC(349) Metaspace: 9902K(10240K)->9902K(10240K) NonClass: 8599K(8832K)->8599K(8832K) Class: 1302K(1408K)->1302K(1408K)
[111.753s][info][gc             ] GC(349) Pause Young (Allocation Failure) 61M->6M(739M) 1.057ms
[111.753s][info][gc,cpu         ] GC(349) User=0.00s Sys=0.02s Real=0.02s
[111.983s][info][gc,start       ] GC(350) Pause Young (Allocation Failure)
[111.984s][info][gc,heap        ] GC(350) PSYoungGen: 57536K(57856K)->960K(57856K) Eden: 56832K(56832K)->0K(56832K) From: 704K(1024K)->960K(1024K)
[111.984s][info][gc,heap        ] GC(350) ParOldGen: 5452K(699392K)->5532K(699392K)
[111.984s][info][gc,metaspace   ] GC(350) Metaspace: 9902K(10240K)->9902K(10240K) NonClass: 8599K(8832K)->8599K(8832K) Class: 1302K(1408K)->1302K(1408K)
[111.985s][info][gc             ] GC(350) Pause Young (Allocation Failure) 61M->6M(739M) 1.093ms
[111.985s][info][gc,cpu         ] GC(350) User=0.00s Sys=0.00s Real=0.00s
[112.225s][info][gc,start       ] GC(351) Pause Young (Allocation Failure)
[112.226s][info][gc,heap        ] GC(351) PSYoungGen: 57792K(57856K)->704K(57856K) Eden: 56832K(56832K)->0K(56832K) From: 960K(1024K)->704K(1024K)
[112.226s][info][gc,heap        ] GC(351) ParOldGen: 5532K(699392K)->5804K(699392K)
[112.226s][info][gc,metaspace   ] GC(351) Metaspace: 9902K(10240K)->9902K(10240K) NonClass: 8599K(8832K)->8599K(8832K) Class: 1302K(1408K)->1302K(1408K)
[112.226s][info][gc             ] GC(351) Pause Young (Allocation Failure) 61M->6M(739M) 1.042ms
[112.226s][info][gc,cpu         ] GC(351) User=0.00s Sys=0.00s Real=0.00s
[112.464s][info][gc,start       ] GC(352) Pause Young (Allocation Failure)
[112.464s][info][gc,heap        ] GC(352) PSYoungGen: 57536K(57856K)->800K(57856K) Eden: 56832K(56832K)->0K(56832K) From: 704K(1024K)->800K(1024K)
[112.464s][info][gc,heap        ] GC(352) ParOldGen: 5804K(699392K)->5804K(699392K)
[112.465s][info][gc,metaspace   ] GC(352) Metaspace: 9902K(10240K)->9902K(10240K) NonClass: 8599K(8832K)->8599K(8832K) Class: 1302K(1408K)->1302K(1408K)
[112.465s][info][gc             ] GC(352) Pause Young (Allocation Failure) 61M->6M(739M) 0.972ms
[112.465s][info][gc,cpu         ] GC(352) User=0.00s Sys=0.00s Real=0.00s
[112.694s][info][gc,start       ] GC(353) Pause Young (Allocation Failure)
[112.695s][info][gc,heap        ] GC(353) PSYoungGen: 57632K(57856K)->672K(57856K) Eden: 56832K(56832K)->0K(56832K) From: 800K(1024K)->672K(1024K)
[112.695s][info][gc,heap        ] GC(353) ParOldGen: 5804K(699392K)->5804K(699392K)
[112.695s][info][gc,metaspace   ] GC(353) Metaspace: 9902K(10240K)->9902K(10240K) NonClass: 8599K(8832K)->8599K(8832K) Class: 1302K(1408K)->1302K(1408K)
[112.695s][info][gc             ] GC(353) Pause Young (Allocation Failure) 61M->6M(739M) 0.993ms
[112.695s][info][gc,cpu         ] GC(353) User=0.00s Sys=0.00s Real=0.00s
[112.930s][info][gc,start       ] GC(354) Pause Young (Allocation Failure)
[112.930s][info][gc,heap        ] GC(354) PSYoungGen: 57504K(57856K)->704K(57856K) Eden: 56832K(56832K)->0K(56832K) From: 672K(1024K)->704K(1024K)
[112.930s][info][gc,heap        ] GC(354) ParOldGen: 5804K(699392K)->5804K(699392K)
[112.930s][info][gc,metaspace   ] GC(354) Metaspace: 9902K(10240K)->9902K(10240K) NonClass: 8599K(8832K)->8599K(8832K) Class: 1302K(1408K)->1302K(1408K)
[112.931s][info][gc             ] GC(354) Pause Young (Allocation Failure) 61M->6M(739M) 1.007ms
[112.931s][info][gc,cpu         ] GC(354) User=0.00s Sys=0.00s Real=0.00s
[113.164s][info][gc,start       ] GC(355) Pause Young (Allocation Failure)
[113.165s][info][gc,heap        ] GC(355) PSYoungGen: 57536K(57856K)->736K(57856K) Eden: 56832K(56832K)->0K(56832K) From: 704K(1024K)->736K(1024K)
[113.165s][info][gc,heap        ] GC(355) ParOldGen: 5804K(699392K)->5804K(699392K)
[113.165s][info][gc,metaspace   ] GC(355) Metaspace: 9902K(10240K)->9902K(10240K) NonClass: 8599K(8832K)->8599K(8832K) Class: 1302K(1408K)->1302K(1408K)
[113.165s][info][gc             ] GC(355) Pause Young (Allocation Failure) 61M->6M(739M) 0.958ms
[113.165s][info][gc,cpu         ] GC(355) User=0.00s Sys=0.00s Real=0.00s
[113.395s][info][gc,start       ] GC(356) Pause Young (Allocation Failure)
[113.396s][info][gc,heap        ] GC(356) PSYoungGen: 57568K(57856K)->704K(57856K) Eden: 56832K(56832K)->0K(56832K) From: 736K(1024K)->704K(1024K)
[113.396s][info][gc,heap        ] GC(356) ParOldGen: 5804K(699392K)->5804K(699392K)
[113.396s][info][gc,metaspace   ] GC(356) Metaspace: 9902K(10240K)->9902K(10240K) NonClass: 8599K(8832K)->8599K(8832K) Class: 1302K(1408K)->1302K(1408K)
[113.396s][info][gc             ] GC(356) Pause Young (Allocation Failure) 61M->6M(739M) 1.013ms
[113.396s][info][gc,cpu         ] GC(356) User=0.00s Sys=0.00s Real=0.00s
[113.629s][info][gc,start       ] GC(357) Pause Young (Allocation Failure)
[113.630s][info][gc,heap        ] GC(357) PSYoungGen: 57536K(57856K)->768K(58368K) Eden: 56832K(56832K)->0K(56832K) From: 704K(1024K)->768K(1536K)
[113.630s][info][gc,heap        ] GC(357) ParOldGen: 5804K(699392K)->5804K(699392K)
[113.630s][info][gc,metaspace   ] GC(357) Metaspace: 9902K(10240K)->9902K(10240K) NonClass: 8599K(8832K)->8599K(8832K) Class: 1302K(1408K)->1302K(1408K)
[113.630s][info][gc             ] GC(357) Pause Young (Allocation Failure) 61M->6M(740M) 1.074ms
[113.630s][info][gc,cpu         ] GC(357) User=0.00s Sys=0.00s Real=0.00s
[113.859s][info][gc,start       ] GC(358) Pause Young (Allocation Failure)
[113.860s][info][gc,heap        ] GC(358) PSYoungGen: 57600K(58368K)->992K(57856K) Eden: 56832K(56832K)->0K(56832K) From: 768K(1536K)->992K(1024K)
[113.860s][info][gc,heap        ] GC(358) ParOldGen: 5804K(699392K)->5812K(699392K)
[113.860s][info][gc,metaspace   ] GC(358) Metaspace: 9902K(10240K)->9902K(10240K) NonClass: 8599K(8832K)->8599K(8832K) Class: 1302K(1408K)->1302K(1408K)
[113.860s][info][gc             ] GC(358) Pause Young (Allocation Failure) 61M->6M(739M) 0.894ms
[113.860s][info][gc,cpu         ] GC(358) User=0.00s Sys=0.00s Real=0.00s
[114.094s][info][gc,start       ] GC(359) Pause Young (Allocation Failure)
[114.095s][info][gc,heap        ] GC(359) PSYoungGen: 57824K(57856K)->704K(57856K) Eden: 56832K(56832K)->0K(56832K) From: 992K(1024K)->704K(1024K)
[114.095s][info][gc,heap        ] GC(359) ParOldGen: 5812K(699392K)->6116K(699392K)
[114.095s][info][gc,metaspace   ] GC(359) Metaspace: 9902K(10240K)->9902K(10240K) NonClass: 8599K(8832K)->8599K(8832K) Class: 1302K(1408K)->1302K(1408K)
[114.095s][info][gc             ] GC(359) Pause Young (Allocation Failure) 62M->6M(739M) 1.142ms
[114.095s][info][gc,cpu         ] GC(359) User=0.00s Sys=0.00s Real=0.00s
[114.327s][info][gc,start       ] GC(360) Pause Young (Allocation Failure)
[114.327s][info][gc,heap        ] GC(360) PSYoungGen: 57536K(57856K)->800K(57856K) Eden: 56832K(56832K)->0K(56832K) From: 704K(1024K)->800K(1024K)
[114.327s][info][gc,heap        ] GC(360) ParOldGen: 6116K(699392K)->6116K(699392K)
[114.328s][info][gc,metaspace   ] GC(360) Metaspace: 9902K(10240K)->9902K(10240K) NonClass: 8599K(8832K)->8599K(8832K) Class: 1302K(1408K)->1302K(1408K)
[114.328s][info][gc             ] GC(360) Pause Young (Allocation Failure) 62M->6M(739M) 1.019ms
[114.328s][info][gc,cpu         ] GC(360) User=0.00s Sys=0.00s Real=0.00s
[114.555s][info][gc,start       ] GC(361) Pause Young (Allocation Failure)
[114.556s][info][gc,heap        ] GC(361) PSYoungGen: 57632K(57856K)->640K(57856K) Eden: 56832K(56832K)->0K(56832K) From: 800K(1024K)->640K(1024K)
[114.556s][info][gc,heap        ] GC(361) ParOldGen: 6116K(699392K)->6116K(699392K)
[114.556s][info][gc,metaspace   ] GC(361) Metaspace: 9902K(10240K)->9902K(10240K) NonClass: 8599K(8832K)->8599K(8832K) Class: 1302K(1408K)->1302K(1408K)
[114.556s][info][gc             ] GC(361) Pause Young (Allocation Failure) 62M->6M(739M) 1.022ms
[114.556s][info][gc,cpu         ] GC(361) User=0.00s Sys=0.00s Real=0.00s
[114.790s][info][gc,start       ] GC(362) Pause Young (Allocation Failure)
[114.791s][info][gc,heap        ] GC(362) PSYoungGen: 57472K(57856K)->800K(57856K) Eden: 56832K(56832K)->0K(56832K) From: 640K(1024K)->800K(1024K)
[114.791s][info][gc,heap        ] GC(362) ParOldGen: 6116K(699392K)->6116K(699392K)
[114.791s][info][gc,metaspace   ] GC(362) Metaspace: 9902K(10240K)->9902K(10240K) NonClass: 8599K(8832K)->8599K(8832K) Class: 1302K(1408K)->1302K(1408K)
[114.791s][info][gc             ] GC(362) Pause Young (Allocation Failure) 62M->6M(739M) 1.038ms
[114.791s][info][gc,cpu         ] GC(362) User=0.00s Sys=0.00s Real=0.00s
[115.020s][info][gc,start       ] GC(363) Pause Young (Allocation Failure)
[115.021s][info][gc,heap        ] GC(363) PSYoungGen: 57632K(57856K)->832K(57856K) Eden: 56832K(56832K)->0K(56832K) From: 800K(1024K)->832K(1024K)
[115.021s][info][gc,heap        ] GC(363) ParOldGen: 6116K(699392K)->6372K(699392K)
[115.021s][info][gc,metaspace   ] GC(363) Metaspace: 9902K(10240K)->9902K(10240K) NonClass: 8599K(8832K)->8599K(8832K) Class: 1302K(1408K)->1302K(1408K)
[115.021s][info][gc             ] GC(363) Pause Young (Allocation Failure) 62M->7M(739M) 1.090ms
[115.021s][info][gc,cpu         ] GC(363) User=0.00s Sys=0.02s Real=0.02s
[115.256s][info][gc,start       ] GC(364) Pause Young (Allocation Failure)
[115.257s][info][gc,heap        ] GC(364) PSYoungGen: 57664K(57856K)->512K(57344K) Eden: 56832K(56832K)->0K(56832K) From: 832K(1024K)->512K(512K)
[115.257s][info][gc,heap        ] GC(364) ParOldGen: 6372K(699392K)->6452K(699392K)
[115.257s][info][gc,metaspace   ] GC(364) Metaspace: 9902K(10240K)->9902K(10240K) NonClass: 8599K(8832K)->8599K(8832K) Class: 1302K(1408K)->1302K(1408K)
[115.257s][info][gc             ] GC(364) Pause Young (Allocation Failure) 62M->6M(739M) 0.851ms
[115.257s][info][gc,cpu         ] GC(364) User=0.00s Sys=0.00s Real=0.00s
[115.485s][info][gc,start       ] GC(365) Pause Young (Allocation Failure)
[115.485s][info][gc,heap        ] GC(365) PSYoungGen: 57344K(57344K)->672K(58368K) Eden: 56832K(56832K)->0K(56832K) From: 512K(512K)->672K(1536K)
[115.485s][info][gc,heap        ] GC(365) ParOldGen: 6452K(699392K)->6564K(699392K)
[115.485s][info][gc,metaspace   ] GC(365) Metaspace: 9902K(10240K)->9902K(10240K) NonClass: 8599K(8832K)->8599K(8832K) Class: 1302K(1408K)->1302K(1408K)
[115.486s][info][gc             ] GC(365) Pause Young (Allocation Failure) 62M->7M(740M) 0.831ms
[115.486s][info][gc,cpu         ] GC(365) User=0.00s Sys=0.00s Real=0.00s
[115.714s][info][gc,start       ] GC(366) Pause Young (Allocation Failure)
[115.714s][info][gc,heap        ] GC(366) PSYoungGen: 57504K(58368K)->640K(57856K) Eden: 56832K(56832K)->0K(56832K) From: 672K(1536K)->640K(1024K)
[115.714s][info][gc,heap        ] GC(366) ParOldGen: 6564K(699392K)->6564K(699392K)
[115.714s][info][gc,metaspace   ] GC(366) Metaspace: 9902K(10240K)->9902K(10240K) NonClass: 8599K(8832K)->8599K(8832K) Class: 1302K(1408K)->1302K(1408K)
[115.714s][info][gc             ] GC(366) Pause Young (Allocation Failure) 62M->7M(739M) 0.815ms
[115.714s][info][gc,cpu         ] GC(366) User=0.00s Sys=0.00s Real=0.00s
[115.901s][info][gc,start       ] GC(367) Pause Young (System.gc())
[115.902s][info][gc,heap        ] GC(367) PSYoungGen: 47235K(57856K)->544K(57856K) Eden: 46595K(56832K)->0K(56832K) From: 640K(1024K)->544K(1024K)
[115.902s][info][gc,heap        ] GC(367) ParOldGen: 6564K(699392K)->6564K(699392K)
[115.902s][info][gc,metaspace   ] GC(367) Metaspace: 9902K(10240K)->9902K(10240K) NonClass: 8599K(8832K)->8599K(8832K) Class: 1302K(1408K)->1302K(1408K)
[115.902s][info][gc             ] GC(367) Pause Young (System.gc()) 52M->6M(739M) 0.934ms
[115.902s][info][gc,cpu         ] GC(367) User=0.00s Sys=0.00s Real=0.00s
[115.902s][info][gc,start       ] GC(368) Pause Full (System.gc())
[115.902s][info][gc,phases,start] GC(368) Marking Phase
[115.914s][info][gc,phases      ] GC(368) Marking Phase 12.466ms
[115.914s][info][gc,phases,start] GC(368) Summary Phase
[115.915s][info][gc,phases      ] GC(368) Summary Phase 0.034ms
[115.915s][info][gc,phases,start] GC(368) Adjust Roots
[115.919s][info][gc,phases      ] GC(368) Adjust Roots 4.175ms
[115.919s][info][gc,phases,start] GC(368) Compaction Phase
[115.922s][info][gc,phases      ] GC(368) Compaction Phase 3.581ms
[115.922s][info][gc,phases,start] GC(368) Post Compact
[115.923s][info][gc,phases      ] GC(368) Post Compact 0.450ms
[115.923s][info][gc,heap        ] GC(368) PSYoungGen: 544K(57856K)->0K(57856K) Eden: 0K(56832K)->0K(56832K) From: 544K(1024K)->0K(1024K)
[115.923s][info][gc,heap        ] GC(368) ParOldGen: 6564K(699392K)->4076K(699392K)
[115.923s][info][gc,metaspace   ] GC(368) Metaspace: 9902K(10240K)->9902K(10240K) NonClass: 8599K(8832K)->8599K(8832K) Class: 1302K(1408K)->1302K(1408K)
[115.923s][info][gc             ] GC(368) Pause Full (System.gc()) 6M->3M(739M) 21.088ms
[115.923s][info][gc,cpu         ] GC(368) User=0.02s Sys=0.00s Real=0.02s
[116.167s][info][gc,start       ] GC(369) Pause Young (Allocation Failure)
[116.168s][info][gc,heap        ] GC(369) PSYoungGen: 56832K(57856K)->512K(57344K) Eden: 56832K(56832K)->0K(56832K) From: 0K(1024K)->512K(512K)
[116.168s][info][gc,heap        ] GC(369) ParOldGen: 4076K(699392K)->4820K(699392K)
[116.168s][info][gc,metaspace   ] GC(369) Metaspace: 9902K(10240K)->9902K(10240K) NonClass: 8599K(8832K)->8599K(8832K) Class: 1302K(1408K)->1302K(1408K)
[116.168s][info][gc             ] GC(369) Pause Young (Allocation Failure) 59M->5M(739M) 1.310ms
[116.168s][info][gc,cpu         ] GC(369) User=0.00s Sys=0.00s Real=0.00s
[116.413s][info][gc,start       ] GC(370) Pause Young (Allocation Failure)
[116.414s][info][gc,heap        ] GC(370) PSYoungGen: 57344K(57344K)->1376K(58368K) Eden: 56832K(56832K)->0K(56832K) From: 512K(512K)->1376K(1536K)
[116.414s][info][gc,heap        ] GC(370) ParOldGen: 4820K(699392K)->5180K(699392K)
[116.414s][info][gc,metaspace   ] GC(370) Metaspace: 9902K(10240K)->9902K(10240K) NonClass: 8599K(8832K)->8599K(8832K) Class: 1302K(1408K)->1302K(1408K)
[116.414s][info][gc             ] GC(370) Pause Young (Allocation Failure) 60M->6M(740M) 1.278ms
[116.414s][info][gc,cpu         ] GC(370) User=0.00s Sys=0.00s Real=0.00s
[116.647s][info][gc,start       ] GC(371) Pause Young (Allocation Failure)
[116.648s][info][gc,heap        ] GC(371) PSYoungGen: 58208K(58368K)->960K(57856K) Eden: 56832K(56832K)->0K(56832K) From: 1376K(1536K)->960K(1024K)
[116.648s][info][gc,heap        ] GC(371) ParOldGen: 5180K(699392K)->5692K(699392K)
[116.648s][info][gc,metaspace   ] GC(371) Metaspace: 9902K(10240K)->9902K(10240K) NonClass: 8599K(8832K)->8599K(8832K) Class: 1302K(1408K)->1302K(1408K)
[116.648s][info][gc             ] GC(371) Pause Young (Allocation Failure) 61M->6M(739M) 1.305ms
[116.648s][info][gc,cpu         ] GC(371) User=0.00s Sys=0.00s Real=0.00s
[116.876s][info][gc,start       ] GC(372) Pause Young (Allocation Failure)
[116.877s][info][gc,heap        ] GC(372) PSYoungGen: 57792K(57856K)->1088K(58368K) Eden: 56832K(56832K)->0K(56832K) From: 960K(1024K)->1088K(1536K)
[116.877s][info][gc,heap        ] GC(372) ParOldGen: 5692K(699392K)->5692K(699392K)
[116.877s][info][gc,metaspace   ] GC(372) Metaspace: 9902K(10240K)->9902K(10240K) NonClass: 8599K(8832K)->8599K(8832K) Class: 1302K(1408K)->1302K(1408K)
[116.877s][info][gc             ] GC(372) Pause Young (Allocation Failure) 61M->6M(740M) 1.123ms
[116.877s][info][gc,cpu         ] GC(372) User=0.00s Sys=0.00s Real=0.00s
[117.112s][info][gc,start       ] GC(373) Pause Young (Allocation Failure)
[117.113s][info][gc,heap        ] GC(373) PSYoungGen: 57920K(58368K)->800K(57856K) Eden: 56832K(56832K)->0K(56832K) From: 1088K(1536K)->800K(1024K)
[117.113s][info][gc,heap        ] GC(373) ParOldGen: 5692K(699392K)->5964K(699392K)
[117.113s][info][gc,metaspace   ] GC(373) Metaspace: 9902K(10240K)->9902K(10240K) NonClass: 8599K(8832K)->8599K(8832K) Class: 1302K(1408K)->1302K(1408K)
[117.113s][info][gc             ] GC(373) Pause Young (Allocation Failure) 62M->6M(739M) 0.992ms
[117.113s][info][gc,cpu         ] GC(373) User=0.00s Sys=0.00s Real=0.00s
[117.352s][info][gc,start       ] GC(374) Pause Young (Allocation Failure)
[117.353s][info][gc,heap        ] GC(374) PSYoungGen: 57632K(57856K)->928K(57856K) Eden: 56832K(56832K)->0K(56832K) From: 800K(1024K)->928K(1024K)
[117.353s][info][gc,heap        ] GC(374) ParOldGen: 5964K(699392K)->6180K(699392K)
[117.353s][info][gc,metaspace   ] GC(374) Metaspace: 9902K(10240K)->9902K(10240K) NonClass: 8599K(8832K)->8599K(8832K) Class: 1302K(1408K)->1302K(1408K)
[117.353s][info][gc             ] GC(374) Pause Young (Allocation Failure) 62M->6M(739M) 1.141ms
[117.353s][info][gc,cpu         ] GC(374) User=0.00s Sys=0.00s Real=0.00s
[117.587s][info][gc,start       ] GC(375) Pause Young (Allocation Failure)
[117.588s][info][gc,heap        ] GC(375) PSYoungGen: 57760K(57856K)->832K(57856K) Eden: 56832K(56832K)->0K(56832K) From: 928K(1024K)->832K(1024K)
[117.588s][info][gc,heap        ] GC(375) ParOldGen: 6180K(699392K)->6444K(699392K)
[117.588s][info][gc,metaspace   ] GC(375) Metaspace: 9902K(10240K)->9902K(10240K) NonClass: 8599K(8832K)->8599K(8832K) Class: 1302K(1408K)->1302K(1408K)
[117.588s][info][gc             ] GC(375) Pause Young (Allocation Failure) 62M->7M(739M) 1.088ms
[117.588s][info][gc,cpu         ] GC(375) User=0.00s Sys=0.00s Real=0.00s
[117.827s][info][gc,start       ] GC(376) Pause Young (Allocation Failure)
[117.828s][info][gc,heap        ] GC(376) PSYoungGen: 57664K(57856K)->672K(57856K) Eden: 56832K(56832K)->0K(56832K) From: 832K(1024K)->672K(1024K)
[117.828s][info][gc,heap        ] GC(376) ParOldGen: 6444K(699392K)->6444K(699392K)
[117.828s][info][gc,metaspace   ] GC(376) Metaspace: 9902K(10240K)->9902K(10240K) NonClass: 8599K(8832K)->8599K(8832K) Class: 1302K(1408K)->1302K(1408K)
[117.828s][info][gc             ] GC(376) Pause Young (Allocation Failure) 62M->6M(739M) 1.014ms
[117.828s][info][gc,cpu         ] GC(376) User=0.00s Sys=0.00s Real=0.00s
[118.059s][info][gc,start       ] GC(377) Pause Young (Allocation Failure)
[118.060s][info][gc,heap        ] GC(377) PSYoungGen: 57504K(57856K)->1184K(58368K) Eden: 56832K(56832K)->0K(56832K) From: 672K(1024K)->1184K(1536K)
[118.060s][info][gc,heap        ] GC(377) ParOldGen: 6444K(699392K)->6484K(699392K)
[118.060s][info][gc,metaspace   ] GC(377) Metaspace: 9902K(10240K)->9902K(10240K) NonClass: 8599K(8832K)->8599K(8832K) Class: 1302K(1408K)->1302K(1408K)
[118.060s][info][gc             ] GC(377) Pause Young (Allocation Failure) 62M->7M(740M) 1.006ms
[118.060s][info][gc,cpu         ] GC(377) User=0.00s Sys=0.00s Real=0.00s
[118.286s][info][gc,start       ] GC(378) Pause Young (Allocation Failure)
[118.288s][info][gc,heap        ] GC(378) PSYoungGen: 58016K(58368K)->704K(57856K) Eden: 56832K(56832K)->0K(56832K) From: 1184K(1536K)->704K(1024K)
[118.288s][info][gc,heap        ] GC(378) ParOldGen: 6484K(699392K)->6948K(699392K)
[118.288s][info][gc,metaspace   ] GC(378) Metaspace: 9902K(10240K)->9902K(10240K) NonClass: 8599K(8832K)->8599K(8832K) Class: 1302K(1408K)->1302K(1408K)
[118.288s][info][gc             ] GC(378) Pause Young (Allocation Failure) 62M->7M(739M) 1.347ms
[118.288s][info][gc,cpu         ] GC(378) User=0.00s Sys=0.00s Real=0.00s
[118.513s][info][gc,start       ] GC(379) Pause Young (Allocation Failure)
[118.514s][info][gc,heap        ] GC(379) PSYoungGen: 57536K(57856K)->768K(57856K) Eden: 56832K(56832K)->0K(56832K) From: 704K(1024K)->768K(1024K)
[118.514s][info][gc,heap        ] GC(379) ParOldGen: 6948K(699392K)->6948K(699392K)
[118.514s][info][gc,metaspace   ] GC(379) Metaspace: 9902K(10240K)->9902K(10240K) NonClass: 8599K(8832K)->8599K(8832K) Class: 1302K(1408K)->1302K(1408K)
[118.514s][info][gc             ] GC(379) Pause Young (Allocation Failure) 62M->7M(739M) 0.853ms
[118.514s][info][gc,cpu         ] GC(379) User=0.00s Sys=0.00s Real=0.00s
[118.743s][info][gc,start       ] GC(380) Pause Young (Allocation Failure)
[118.744s][info][gc,heap        ] GC(380) PSYoungGen: 57600K(57856K)->800K(57856K) Eden: 56832K(56832K)->0K(56832K) From: 768K(1024K)->800K(1024K)
[118.744s][info][gc,heap        ] GC(380) ParOldGen: 6948K(699392K)->6948K(699392K)
[118.744s][info][gc,metaspace   ] GC(380) Metaspace: 9902K(10240K)->9902K(10240K) NonClass: 8599K(8832K)->8599K(8832K) Class: 1302K(1408K)->1302K(1408K)
[118.744s][info][gc             ] GC(380) Pause Young (Allocation Failure) 63M->7M(739M) 1.051ms
[118.744s][info][gc,cpu         ] GC(380) User=0.00s Sys=0.00s Real=0.00s
[118.978s][info][gc,start       ] GC(381) Pause Young (Allocation Failure)
[118.979s][info][gc,heap        ] GC(381) PSYoungGen: 57632K(57856K)->672K(57856K) Eden: 56832K(56832K)->0K(56832K) From: 800K(1024K)->672K(1024K)
[118.979s][info][gc,heap        ] GC(381) ParOldGen: 6948K(699392K)->6948K(699392K)
[118.979s][info][gc,metaspace   ] GC(381) Metaspace: 9902K(10240K)->9902K(10240K) NonClass: 8599K(8832K)->8599K(8832K) Class: 1302K(1408K)->1302K(1408K)
[118.979s][info][gc             ] GC(381) Pause Young (Allocation Failure) 63M->7M(739M) 1.008ms
[118.979s][info][gc,cpu         ] GC(381) User=0.00s Sys=0.00s Real=0.00s
[119.219s][info][gc,start       ] GC(382) Pause Young (Allocation Failure)
[119.220s][info][gc,heap        ] GC(382) PSYoungGen: 57504K(57856K)->800K(57856K) Eden: 56832K(56832K)->0K(56832K) From: 672K(1024K)->800K(1024K)
[119.220s][info][gc,heap        ] GC(382) ParOldGen: 6948K(699392K)->6948K(699392K)
[119.220s][info][gc,metaspace   ] GC(382) Metaspace: 9902K(10240K)->9902K(10240K) NonClass: 8599K(8832K)->8599K(8832K) Class: 1302K(1408K)->1302K(1408K)
[119.220s][info][gc             ] GC(382) Pause Young (Allocation Failure) 62M->7M(739M) 0.979ms
[119.220s][info][gc,cpu         ] GC(382) User=0.00s Sys=0.00s Real=0.00s
[119.454s][info][gc,start       ] GC(383) Pause Young (Allocation Failure)
[119.455s][info][gc,heap        ] GC(383) PSYoungGen: 57632K(57856K)->672K(57856K) Eden: 56832K(56832K)->0K(56832K) From: 800K(1024K)->672K(1024K)
[119.455s][info][gc,heap        ] GC(383) ParOldGen: 6948K(699392K)->6948K(699392K)
[119.455s][info][gc,metaspace   ] GC(383) Metaspace: 9902K(10240K)->9902K(10240K) NonClass: 8599K(8832K)->8599K(8832K) Class: 1302K(1408K)->1302K(1408K)
[119.455s][info][gc             ] GC(383) Pause Young (Allocation Failure) 63M->7M(739M) 1.030ms
[119.455s][info][gc,cpu         ] GC(383) User=0.00s Sys=0.00s Real=0.00s
[119.679s][info][gc,start       ] GC(384) Pause Young (Allocation Failure)
[119.680s][info][gc,heap        ] GC(384) PSYoungGen: 57504K(57856K)->736K(57856K) Eden: 56832K(56832K)->0K(56832K) From: 672K(1024K)->736K(1024K)
[119.680s][info][gc,heap        ] GC(384) ParOldGen: 6948K(699392K)->6948K(699392K)
[119.680s][info][gc,metaspace   ] GC(384) Metaspace: 9902K(10240K)->9902K(10240K) NonClass: 8599K(8832K)->8599K(8832K) Class: 1302K(1408K)->1302K(1408K)
[119.680s][info][gc             ] GC(384) Pause Young (Allocation Failure) 62M->7M(739M) 0.999ms
[119.680s][info][gc,cpu         ] GC(384) User=0.00s Sys=0.00s Real=0.00s
[119.909s][info][gc,start       ] GC(385) Pause Young (Allocation Failure)
[119.910s][info][gc,heap        ] GC(385) PSYoungGen: 57568K(57856K)->640K(57856K) Eden: 56832K(56832K)->0K(56832K) From: 736K(1024K)->640K(1024K)
[119.910s][info][gc,heap        ] GC(385) ParOldGen: 6948K(699392K)->6948K(699392K)
[119.910s][info][gc,metaspace   ] GC(385) Metaspace: 9902K(10240K)->9902K(10240K) NonClass: 8599K(8832K)->8599K(8832K) Class: 1302K(1408K)->1302K(1408K)
[119.910s][info][gc             ] GC(385) Pause Young (Allocation Failure) 63M->7M(739M) 0.994ms
[119.910s][info][gc,cpu         ] GC(385) User=0.00s Sys=0.00s Real=0.00s
[120.128s][info][gc,start       ] GC(386) Pause Young (Allocation Failure)
[120.128s][info][gc,heap        ] GC(386) PSYoungGen: 57472K(57856K)->576K(57856K) Eden: 56832K(56832K)->0K(56832K) From: 640K(1024K)->576K(1024K)
[120.128s][info][gc,heap        ] GC(386) ParOldGen: 6948K(699392K)->6948K(699392K)
[120.129s][info][gc,metaspace   ] GC(386) Metaspace: 9902K(10240K)->9902K(10240K) NonClass: 8599K(8832K)->8599K(8832K) Class: 1302K(1408K)->1302K(1408K)
[120.129s][info][gc             ] GC(386) Pause Young (Allocation Failure) 62M->7M(739M) 0.959ms
[120.129s][info][gc,cpu         ] GC(386) User=0.00s Sys=0.00s Real=0.00s
[120.357s][info][gc,start       ] GC(387) Pause Young (Allocation Failure)
[120.358s][info][gc,heap        ] GC(387) PSYoungGen: 57408K(57856K)->704K(57856K) Eden: 56832K(56832K)->0K(56832K) From: 576K(1024K)->704K(1024K)
[120.358s][info][gc,heap        ] GC(387) ParOldGen: 6948K(699392K)->6948K(699392K)
[120.358s][info][gc,metaspace   ] GC(387) Metaspace: 9902K(10240K)->9902K(10240K) NonClass: 8599K(8832K)->8599K(8832K) Class: 1302K(1408K)->1302K(1408K)
[120.358s][info][gc             ] GC(387) Pause Young (Allocation Failure) 62M->7M(739M) 0.955ms
[120.358s][info][gc,cpu         ] GC(387) User=0.00s Sys=0.00s Real=0.00s
[120.589s][info][gc,start       ] GC(388) Pause Young (Allocation Failure)
[120.590s][info][gc,heap        ] GC(388) PSYoungGen: 57536K(57856K)->672K(57856K) Eden: 56832K(56832K)->0K(56832K) From: 704K(1024K)->672K(1024K)
[120.590s][info][gc,heap        ] GC(388) ParOldGen: 6948K(699392K)->6948K(699392K)
[120.590s][info][gc,metaspace   ] GC(388) Metaspace: 9902K(10240K)->9902K(10240K) NonClass: 8599K(8832K)->8599K(8832K) Class: 1302K(1408K)->1302K(1408K)
[120.590s][info][gc             ] GC(388) Pause Young (Allocation Failure) 62M->7M(739M) 0.960ms
[120.590s][info][gc,cpu         ] GC(388) User=0.00s Sys=0.00s Real=0.00s
[120.833s][info][gc,start       ] GC(389) Pause Young (Allocation Failure)
[120.833s][info][gc,heap        ] GC(389) PSYoungGen: 57504K(57856K)->704K(57856K) Eden: 56832K(56832K)->0K(56832K) From: 672K(1024K)->704K(1024K)
[120.834s][info][gc,heap        ] GC(389) ParOldGen: 6948K(699392K)->6948K(699392K)
[120.834s][info][gc,metaspace   ] GC(389) Metaspace: 9902K(10240K)->9902K(10240K) NonClass: 8599K(8832K)->8599K(8832K) Class: 1302K(1408K)->1302K(1408K)
[120.834s][info][gc             ] GC(389) Pause Young (Allocation Failure) 62M->7M(739M) 1.009ms
[120.834s][info][gc,cpu         ] GC(389) User=0.00s Sys=0.00s Real=0.00s
[121.057s][info][gc,start       ] GC(390) Pause Young (Allocation Failure)
[121.058s][info][gc,heap        ] GC(390) PSYoungGen: 57536K(57856K)->672K(57856K) Eden: 56832K(56832K)->0K(56832K) From: 704K(1024K)->672K(1024K)
[121.058s][info][gc,heap        ] GC(390) ParOldGen: 6948K(699392K)->6948K(699392K)
[121.058s][info][gc,metaspace   ] GC(390) Metaspace: 9902K(10240K)->9902K(10240K) NonClass: 8599K(8832K)->8599K(8832K) Class: 1302K(1408K)->1302K(1408K)
[121.058s][info][gc             ] GC(390) Pause Young (Allocation Failure) 62M->7M(739M) 0.971ms
[121.058s][info][gc,cpu         ] GC(390) User=0.00s Sys=0.00s Real=0.00s
[121.291s][info][gc,start       ] GC(391) Pause Young (Allocation Failure)
[121.292s][info][gc,heap        ] GC(391) PSYoungGen: 57504K(57856K)->704K(57856K) Eden: 56832K(56832K)->0K(56832K) From: 672K(1024K)->704K(1024K)
[121.292s][info][gc,heap        ] GC(391) ParOldGen: 6948K(699392K)->6948K(699392K)
[121.292s][info][gc,metaspace   ] GC(391) Metaspace: 9902K(10240K)->9902K(10240K) NonClass: 8599K(8832K)->8599K(8832K) Class: 1302K(1408K)->1302K(1408K)
[121.293s][info][gc             ] GC(391) Pause Young (Allocation Failure) 62M->7M(739M) 1.042ms
[121.293s][info][gc,cpu         ] GC(391) User=0.00s Sys=0.00s Real=0.00s
[121.527s][info][gc,start       ] GC(392) Pause Young (Allocation Failure)
[121.528s][info][gc,heap        ] GC(392) PSYoungGen: 57536K(57856K)->704K(58368K) Eden: 56832K(56832K)->0K(56832K) From: 704K(1024K)->704K(1536K)
[121.528s][info][gc,heap        ] GC(392) ParOldGen: 6948K(699392K)->6948K(699392K)
[121.528s][info][gc,metaspace   ] GC(392) Metaspace: 9902K(10240K)->9902K(10240K) NonClass: 8599K(8832K)->8599K(8832K) Class: 1302K(1408K)->1302K(1408K)
[121.528s][info][gc             ] GC(392) Pause Young (Allocation Failure) 62M->7M(740M) 0.979ms
[121.528s][info][gc,cpu         ] GC(392) User=0.00s Sys=0.00s Real=0.00s
[121.757s][info][gc,start       ] GC(393) Pause Young (Allocation Failure)
[121.757s][info][gc,heap        ] GC(393) PSYoungGen: 57535K(58368K)->896K(57856K) Eden: 56831K(56832K)->0K(56832K) From: 704K(1536K)->896K(1024K)
[121.757s][info][gc,heap        ] GC(393) ParOldGen: 6948K(699392K)->6996K(699392K)
[121.757s][info][gc,metaspace   ] GC(393) Metaspace: 9902K(10240K)->9902K(10240K) NonClass: 8599K(8832K)->8599K(8832K) Class: 1302K(1408K)->1302K(1408K)
[121.757s][info][gc             ] GC(393) Pause Young (Allocation Failure) 62M->7M(739M) 0.895ms
[121.757s][info][gc,cpu         ] GC(393) User=0.00s Sys=0.00s Real=0.00s
[121.998s][info][gc,start       ] GC(394) Pause Young (Allocation Failure)
[121.999s][info][gc,heap        ] GC(394) PSYoungGen: 57728K(57856K)->800K(57856K) Eden: 56832K(56832K)->0K(56832K) From: 896K(1024K)->800K(1024K)
[122.000s][info][gc,heap        ] GC(394) ParOldGen: 6996K(699392K)->7212K(699392K)
[122.000s][info][gc,metaspace   ] GC(394) Metaspace: 9902K(10240K)->9902K(10240K) NonClass: 8599K(8832K)->8599K(8832K) Class: 1302K(1408K)->1302K(1408K)
[122.000s][info][gc             ] GC(394) Pause Young (Allocation Failure) 63M->7M(739M) 1.133ms
[122.000s][info][gc,cpu         ] GC(394) User=0.00s Sys=0.00s Real=0.00s
[122.242s][info][gc,start       ] GC(395) Pause Young (Allocation Failure)
[122.243s][info][gc,heap        ] GC(395) PSYoungGen: 57632K(57856K)->864K(57856K) Eden: 56832K(56832K)->0K(56832K) From: 800K(1024K)->864K(1024K)
[122.243s][info][gc,heap        ] GC(395) ParOldGen: 7212K(699392K)->7268K(699392K)
[122.243s][info][gc,metaspace   ] GC(395) Metaspace: 9902K(10240K)->9902K(10240K) NonClass: 8599K(8832K)->8599K(8832K) Class: 1302K(1408K)->1302K(1408K)
[122.243s][info][gc             ] GC(395) Pause Young (Allocation Failure) 63M->7M(739M) 1.104ms
[122.243s][info][gc,cpu         ] GC(395) User=0.00s Sys=0.00s Real=0.00s
[122.471s][info][gc,start       ] GC(396) Pause Young (Allocation Failure)
[122.472s][info][gc,heap        ] GC(396) PSYoungGen: 57696K(57856K)->928K(57856K) Eden: 56832K(56832K)->0K(56832K) From: 864K(1024K)->928K(1024K)
[122.472s][info][gc,heap        ] GC(396) ParOldGen: 7268K(699392K)->7572K(699392K)
[122.472s][info][gc,metaspace   ] GC(396) Metaspace: 9902K(10240K)->9902K(10240K) NonClass: 8599K(8832K)->8599K(8832K) Class: 1302K(1408K)->1302K(1408K)
[122.472s][info][gc             ] GC(396) Pause Young (Allocation Failure) 63M->8M(739M) 1.159ms
[122.472s][info][gc,cpu         ] GC(396) User=0.00s Sys=0.00s Real=0.00s
[122.686s][info][gc,start       ] GC(397) Pause Young (System.gc())
[122.687s][info][gc,heap        ] GC(397) PSYoungGen: 52051K(57856K)->544K(57856K) Eden: 51123K(56832K)->0K(56832K) From: 928K(1024K)->544K(1024K)
[122.687s][info][gc,heap        ] GC(397) ParOldGen: 7572K(699392K)->7572K(699392K)
[122.687s][info][gc,metaspace   ] GC(397) Metaspace: 9903K(10240K)->9903K(10240K) NonClass: 8600K(8832K)->8600K(8832K) Class: 1302K(1408K)->1302K(1408K)
[122.687s][info][gc             ] GC(397) Pause Young (System.gc()) 58M->7M(739M) 1.131ms
[122.687s][info][gc,cpu         ] GC(397) User=0.00s Sys=0.00s Real=0.00s
[122.687s][info][gc,start       ] GC(398) Pause Full (System.gc())
[122.687s][info][gc,phases,start] GC(398) Marking Phase
[122.700s][info][gc,phases      ] GC(398) Marking Phase 12.344ms
[122.700s][info][gc,phases,start] GC(398) Summary Phase
[122.700s][info][gc,phases      ] GC(398) Summary Phase 0.023ms
[122.700s][info][gc,phases,start] GC(398) Adjust Roots
[122.704s][info][gc,phases      ] GC(398) Adjust Roots 4.109ms
[122.704s][info][gc,phases,start] GC(398) Compaction Phase
[122.708s][info][gc,phases      ] GC(398) Compaction Phase 4.363ms
[122.708s][info][gc,phases,start] GC(398) Post Compact
[122.709s][info][gc,phases      ] GC(398) Post Compact 0.407ms
[122.709s][info][gc,heap        ] GC(398) PSYoungGen: 544K(57856K)->0K(57856K) Eden: 0K(56832K)->0K(56832K) From: 544K(1024K)->0K(1024K)
[122.709s][info][gc,heap        ] GC(398) ParOldGen: 7572K(699392K)->4076K(699392K)
[122.709s][info][gc,metaspace   ] GC(398) Metaspace: 9903K(10240K)->9903K(10240K) NonClass: 8600K(8832K)->8600K(8832K) Class: 1302K(1408K)->1302K(1408K)
[122.709s][info][gc             ] GC(398) Pause Full (System.gc()) 7M->3M(739M) 21.522ms
[122.709s][info][gc,cpu         ] GC(398) User=0.02s Sys=0.00s Real=0.02s
[122.949s][info][gc,start       ] GC(399) Pause Young (Allocation Failure)
[122.950s][info][gc,heap        ] GC(399) PSYoungGen: 56832K(57856K)->1536K(58368K) Eden: 56832K(56832K)->0K(56832K) From: 0K(1024K)->1536K(1536K)
[122.950s][info][gc,heap        ] GC(399) ParOldGen: 4076K(699392K)->4076K(699392K)
[122.950s][info][gc,metaspace   ] GC(399) Metaspace: 9904K(10240K)->9904K(10240K) NonClass: 8601K(8832K)->8601K(8832K) Class: 1302K(1408K)->1302K(1408K)
[122.950s][info][gc             ] GC(399) Pause Young (Allocation Failure) 59M->5M(740M) 1.432ms
[122.950s][info][gc,cpu         ] GC(399) User=0.02s Sys=0.00s Real=0.02s
[123.188s][info][gc,start       ] GC(400) Pause Young (Allocation Failure)
[123.189s][info][gc,heap        ] GC(400) PSYoungGen: 58368K(58368K)->1024K(57856K) Eden: 56832K(56832K)->0K(56832K) From: 1536K(1536K)->1024K(1024K)
[123.189s][info][gc,heap        ] GC(400) ParOldGen: 4076K(699392K)->4196K(699392K)
[123.189s][info][gc,metaspace   ] GC(400) Metaspace: 9904K(10240K)->9904K(10240K) NonClass: 8601K(8832K)->8601K(8832K) Class: 1302K(1408K)->1302K(1408K)
[123.189s][info][gc             ] GC(400) Pause Young (Allocation Failure) 60M->5M(739M) 1.038ms
[123.189s][info][gc,cpu         ] GC(400) User=0.00s Sys=0.00s Real=0.00s
[123.424s][info][gc,start       ] GC(401) Pause Young (Allocation Failure)
[123.425s][info][gc,heap        ] GC(401) PSYoungGen: 57856K(57856K)->1024K(57856K) Eden: 56832K(56832K)->0K(56832K) From: 1024K(1024K)->1024K(1024K)
[123.425s][info][gc,heap        ] GC(401) ParOldGen: 4196K(699392K)->4548K(699392K)
[123.425s][info][gc,metaspace   ] GC(401) Metaspace: 9904K(10240K)->9904K(10240K) NonClass: 8601K(8832K)->8601K(8832K) Class: 1302K(1408K)->1302K(1408K)
[123.425s][info][gc             ] GC(401) Pause Young (Allocation Failure) 60M->5M(739M) 1.351ms
[123.425s][info][gc,cpu         ] GC(401) User=0.00s Sys=0.00s Real=0.00s
[123.662s][info][gc,start       ] GC(402) Pause Young (Allocation Failure)
[123.663s][info][gc,heap        ] GC(402) PSYoungGen: 57856K(57856K)->1120K(58368K) Eden: 56832K(56832K)->0K(56832K) From: 1024K(1024K)->1120K(1536K)
[123.663s][info][gc,heap        ] GC(402) ParOldGen: 4548K(699392K)->4796K(699392K)
[123.663s][info][gc,metaspace   ] GC(402) Metaspace: 9904K(10240K)->9904K(10240K) NonClass: 8601K(8832K)->8601K(8832K) Class: 1302K(1408K)->1302K(1408K)
[123.663s][info][gc             ] GC(402) Pause Young (Allocation Failure) 60M->5M(740M) 1.061ms
[123.663s][info][gc,cpu         ] GC(402) User=0.00s Sys=0.00s Real=0.00s
[123.891s][info][gc,start       ] GC(403) Pause Young (Allocation Failure)
[123.893s][info][gc,heap        ] GC(403) PSYoungGen: 57952K(58368K)->864K(57856K) Eden: 56832K(56832K)->0K(56832K) From: 1120K(1536K)->864K(1024K)
[123.893s][info][gc,heap        ] GC(403) ParOldGen: 4796K(699392K)->5284K(699392K)
[123.893s][info][gc,metaspace   ] GC(403) Metaspace: 9904K(10240K)->9904K(10240K) NonClass: 8601K(8832K)->8601K(8832K) Class: 1302K(1408K)->1302K(1408K)
[123.893s][info][gc             ] GC(403) Pause Young (Allocation Failure) 61M->6M(739M) 1.503ms
[123.893s][info][gc,cpu         ] GC(403) User=0.00s Sys=0.00s Real=0.00s
[124.127s][info][gc,start       ] GC(404) Pause Young (Allocation Failure)
[124.128s][info][gc,heap        ] GC(404) PSYoungGen: 57696K(57856K)->672K(57856K) Eden: 56832K(56832K)->0K(56832K) From: 864K(1024K)->672K(1024K)
[124.128s][info][gc,heap        ] GC(404) ParOldGen: 5284K(699392K)->5548K(699392K)
[124.128s][info][gc,metaspace   ] GC(404) Metaspace: 9904K(10240K)->9904K(10240K) NonClass: 8601K(8832K)->8601K(8832K) Class: 1302K(1408K)->1302K(1408K)
[124.128s][info][gc             ] GC(404) Pause Young (Allocation Failure) 61M->6M(739M) 0.957ms
[124.128s][info][gc,cpu         ] GC(404) User=0.00s Sys=0.00s Real=0.00s
[124.362s][info][gc,start       ] GC(405) Pause Young (Allocation Failure)
[124.363s][info][gc,heap        ] GC(405) PSYoungGen: 57504K(57856K)->640K(57856K) Eden: 56832K(56832K)->0K(56832K) From: 672K(1024K)->640K(1024K)
[124.363s][info][gc,heap        ] GC(405) ParOldGen: 5548K(699392K)->5548K(699392K)
[124.363s][info][gc,metaspace   ] GC(405) Metaspace: 9904K(10240K)->9904K(10240K) NonClass: 8601K(8832K)->8601K(8832K) Class: 1302K(1408K)->1302K(1408K)
[124.363s][info][gc             ] GC(405) Pause Young (Allocation Failure) 61M->6M(739M) 1.103ms
[124.363s][info][gc,cpu         ] GC(405) User=0.00s Sys=0.00s Real=0.00s
[124.593s][info][gc,start       ] GC(406) Pause Young (Allocation Failure)
[124.594s][info][gc,heap        ] GC(406) PSYoungGen: 57472K(57856K)->672K(57856K) Eden: 56832K(56832K)->0K(56832K) From: 640K(1024K)->672K(1024K)
[124.594s][info][gc,heap        ] GC(406) ParOldGen: 5548K(699392K)->5548K(699392K)
[124.594s][info][gc,metaspace   ] GC(406) Metaspace: 9904K(10240K)->9904K(10240K) NonClass: 8601K(8832K)->8601K(8832K) Class: 1302K(1408K)->1302K(1408K)
[124.594s][info][gc             ] GC(406) Pause Young (Allocation Failure) 61M->6M(739M) 0.966ms
[124.594s][info][gc,cpu         ] GC(406) User=0.00s Sys=0.00s Real=0.00s
[124.819s][info][gc,start       ] GC(407) Pause Young (Allocation Failure)
[124.820s][info][gc,heap        ] GC(407) PSYoungGen: 57504K(57856K)->608K(57856K) Eden: 56832K(56832K)->0K(56832K) From: 672K(1024K)->608K(1024K)
[124.820s][info][gc,heap        ] GC(407) ParOldGen: 5548K(699392K)->5548K(699392K)
[124.820s][info][gc,metaspace   ] GC(407) Metaspace: 9904K(10240K)->9904K(10240K) NonClass: 8601K(8832K)->8601K(8832K) Class: 1302K(1408K)->1302K(1408K)
[124.820s][info][gc             ] GC(407) Pause Young (Allocation Failure) 61M->6M(739M) 0.952ms
[124.820s][info][gc,cpu         ] GC(407) User=0.00s Sys=0.00s Real=0.00s
[125.055s][info][gc,start       ] GC(408) Pause Young (Allocation Failure)
[125.056s][info][gc,heap        ] GC(408) PSYoungGen: 57440K(57856K)->864K(57856K) Eden: 56832K(56832K)->0K(56832K) From: 608K(1024K)->864K(1024K)
[125.056s][info][gc,heap        ] GC(408) ParOldGen: 5548K(699392K)->5588K(699392K)
[125.056s][info][gc,metaspace   ] GC(408) Metaspace: 9904K(10240K)->9904K(10240K) NonClass: 8601K(8832K)->8601K(8832K) Class: 1302K(1408K)->1302K(1408K)
[125.056s][info][gc             ] GC(408) Pause Young (Allocation Failure) 61M->6M(739M) 1.013ms
[125.056s][info][gc,cpu         ] GC(408) User=0.00s Sys=0.00s Real=0.00s
[125.286s][info][gc,start       ] GC(409) Pause Young (Allocation Failure)
[125.287s][info][gc,heap        ] GC(409) PSYoungGen: 57696K(57856K)->832K(57856K) Eden: 56832K(56832K)->0K(56832K) From: 864K(1024K)->832K(1024K)
[125.287s][info][gc,heap        ] GC(409) ParOldGen: 5588K(699392K)->5828K(699392K)
[125.287s][info][gc,metaspace   ] GC(409) Metaspace: 9904K(10240K)->9904K(10240K) NonClass: 8601K(8832K)->8601K(8832K) Class: 1302K(1408K)->1302K(1408K)
[125.287s][info][gc             ] GC(409) Pause Young (Allocation Failure) 61M->6M(739M) 1.079ms
[125.287s][info][gc,cpu         ] GC(409) User=0.00s Sys=0.00s Real=0.00s
[125.517s][info][gc,start       ] GC(410) Pause Young (Allocation Failure)
[125.518s][info][gc,heap        ] GC(410) PSYoungGen: 57663K(57856K)->960K(57856K) Eden: 56831K(56832K)->0K(56832K) From: 832K(1024K)->960K(1024K)
[125.518s][info][gc,heap        ] GC(410) ParOldGen: 5828K(699392K)->5828K(699392K)
[125.518s][info][gc,metaspace   ] GC(410) Metaspace: 9904K(10240K)->9904K(10240K) NonClass: 8601K(8832K)->8601K(8832K) Class: 1302K(1408K)->1302K(1408K)
[125.518s][info][gc             ] GC(410) Pause Young (Allocation Failure) 62M->6M(739M) 1.038ms
[125.518s][info][gc,cpu         ] GC(410) User=0.00s Sys=0.00s Real=0.00s
[125.751s][info][gc,start       ] GC(411) Pause Young (Allocation Failure)
[125.752s][info][gc,heap        ] GC(411) PSYoungGen: 57792K(57856K)->640K(57856K) Eden: 56832K(56832K)->0K(56832K) From: 960K(1024K)->640K(1024K)
[125.752s][info][gc,heap        ] GC(411) ParOldGen: 5828K(699392K)->6108K(699392K)
[125.752s][info][gc,metaspace   ] GC(411) Metaspace: 9904K(10240K)->9904K(10240K) NonClass: 8601K(8832K)->8601K(8832K) Class: 1302K(1408K)->1302K(1408K)
[125.752s][info][gc             ] GC(411) Pause Young (Allocation Failure) 62M->6M(739M) 1.040ms
[125.752s][info][gc,cpu         ] GC(411) User=0.00s Sys=0.00s Real=0.00s
[125.985s][info][gc,start       ] GC(412) Pause Young (Allocation Failure)
[125.986s][info][gc,heap        ] GC(412) PSYoungGen: 57472K(57856K)->1184K(58368K) Eden: 56832K(56832K)->0K(56832K) From: 640K(1024K)->1184K(1536K)
[125.986s][info][gc,heap        ] GC(412) ParOldGen: 6108K(699392K)->6148K(699392K)
[125.986s][info][gc,metaspace   ] GC(412) Metaspace: 9904K(10240K)->9904K(10240K) NonClass: 8601K(8832K)->8601K(8832K) Class: 1302K(1408K)->1302K(1408K)
[125.986s][info][gc             ] GC(412) Pause Young (Allocation Failure) 62M->7M(740M) 0.965ms
[125.986s][info][gc,cpu         ] GC(412) User=0.00s Sys=0.00s Real=0.00s
[126.220s][info][gc,start       ] GC(413) Pause Young (Allocation Failure)
[126.221s][info][gc,heap        ] GC(413) PSYoungGen: 58016K(58368K)->704K(57856K) Eden: 56832K(56832K)->0K(56832K) From: 1184K(1536K)->704K(1024K)
[126.221s][info][gc,heap        ] GC(413) ParOldGen: 6148K(699392K)->6588K(699392K)
[126.221s][info][gc,metaspace   ] GC(413) Metaspace: 9904K(10240K)->9904K(10240K) NonClass: 8601K(8832K)->8601K(8832K) Class: 1302K(1408K)->1302K(1408K)
[126.221s][info][gc             ] GC(413) Pause Young (Allocation Failure) 62M->7M(739M) 1.423ms
[126.221s][info][gc,cpu         ] GC(413) User=0.00s Sys=0.00s Real=0.00s
[126.456s][info][gc,start       ] GC(414) Pause Young (Allocation Failure)
[126.457s][info][gc,heap        ] GC(414) PSYoungGen: 57536K(57856K)->704K(57856K) Eden: 56832K(56832K)->0K(56832K) From: 704K(1024K)->704K(1024K)
[126.457s][info][gc,heap        ] GC(414) ParOldGen: 6588K(699392K)->6588K(699392K)
[126.457s][info][gc,metaspace   ] GC(414) Metaspace: 9904K(10240K)->9904K(10240K) NonClass: 8601K(8832K)->8601K(8832K) Class: 1302K(1408K)->1302K(1408K)
[126.457s][info][gc             ] GC(414) Pause Young (Allocation Failure) 62M->7M(739M) 0.846ms
[126.457s][info][gc,cpu         ] GC(414) User=0.00s Sys=0.00s Real=0.00s
[126.689s][info][gc,start       ] GC(415) Pause Young (Allocation Failure)
[126.690s][info][gc,heap        ] GC(415) PSYoungGen: 57536K(57856K)->576K(57856K) Eden: 56832K(56832K)->0K(56832K) From: 704K(1024K)->576K(1024K)
[126.690s][info][gc,heap        ] GC(415) ParOldGen: 6588K(699392K)->6588K(699392K)
[126.690s][info][gc,metaspace   ] GC(415) Metaspace: 9904K(10240K)->9904K(10240K) NonClass: 8601K(8832K)->8601K(8832K) Class: 1302K(1408K)->1302K(1408K)
[126.690s][info][gc             ] GC(415) Pause Young (Allocation Failure) 62M->6M(739M) 0.985ms
[126.690s][info][gc,cpu         ] GC(415) User=0.00s Sys=0.00s Real=0.00s
[126.924s][info][gc,start       ] GC(416) Pause Young (Allocation Failure)
[126.925s][info][gc,heap        ] GC(416) PSYoungGen: 57408K(57856K)->736K(57856K) Eden: 56832K(56832K)->0K(56832K) From: 576K(1024K)->736K(1024K)
[126.925s][info][gc,heap        ] GC(416) ParOldGen: 6588K(699392K)->6588K(699392K)
[126.925s][info][gc,metaspace   ] GC(416) Metaspace: 9904K(10240K)->9904K(10240K) NonClass: 8601K(8832K)->8601K(8832K) Class: 1302K(1408K)->1302K(1408K)
[126.925s][info][gc             ] GC(416) Pause Young (Allocation Failure) 62M->7M(739M) 1.038ms
[126.925s][info][gc,cpu         ] GC(416) User=0.00s Sys=0.00s Real=0.00s
[127.148s][info][gc,start       ] GC(417) Pause Young (Allocation Failure)
[127.149s][info][gc,heap        ] GC(417) PSYoungGen: 57568K(57856K)->672K(57856K) Eden: 56832K(56832K)->0K(56832K) From: 736K(1024K)->672K(1024K)
[127.149s][info][gc,heap        ] GC(417) ParOldGen: 6588K(699392K)->6588K(699392K)
[127.149s][info][gc,metaspace   ] GC(417) Metaspace: 9904K(10240K)->9904K(10240K) NonClass: 8601K(8832K)->8601K(8832K) Class: 1302K(1408K)->1302K(1408K)
[127.149s][info][gc             ] GC(417) Pause Young (Allocation Failure) 62M->7M(739M) 1.048ms
[127.149s][info][gc,cpu         ] GC(417) User=0.00s Sys=0.00s Real=0.00s
[127.375s][info][gc,start       ] GC(418) Pause Young (Allocation Failure)
[127.376s][info][gc,heap        ] GC(418) PSYoungGen: 57504K(57856K)->640K(57856K) Eden: 56832K(56832K)->0K(56832K) From: 672K(1024K)->640K(1024K)
[127.376s][info][gc,heap        ] GC(418) ParOldGen: 6588K(699392K)->6588K(699392K)
[127.376s][info][gc,metaspace   ] GC(418) Metaspace: 9904K(10240K)->9904K(10240K) NonClass: 8601K(8832K)->8601K(8832K) Class: 1302K(1408K)->1302K(1408K)
[127.376s][info][gc             ] GC(418) Pause Young (Allocation Failure) 62M->7M(739M) 1.138ms
[127.376s][info][gc,cpu         ] GC(418) User=0.00s Sys=0.00s Real=0.00s
[127.599s][info][gc,start       ] GC(419) Pause Young (Allocation Failure)
[127.599s][info][gc,heap        ] GC(419) PSYoungGen: 57472K(57856K)->704K(57856K) Eden: 56832K(56832K)->0K(56832K) From: 640K(1024K)->704K(1024K)
[127.599s][info][gc,heap        ] GC(419) ParOldGen: 6588K(699392K)->6588K(699392K)
[127.600s][info][gc,metaspace   ] GC(419) Metaspace: 9904K(10240K)->9904K(10240K) NonClass: 8601K(8832K)->8601K(8832K) Class: 1302K(1408K)->1302K(1408K)
[127.600s][info][gc             ] GC(419) Pause Young (Allocation Failure) 62M->7M(739M) 0.950ms
[127.600s][info][gc,cpu         ] GC(419) User=0.00s Sys=0.00s Real=0.00s
[127.826s][info][gc,start       ] GC(420) Pause Young (Allocation Failure)
[127.827s][info][gc,heap        ] GC(420) PSYoungGen: 57536K(57856K)->736K(57856K) Eden: 56832K(56832K)->0K(56832K) From: 704K(1024K)->736K(1024K)
[127.827s][info][gc,heap        ] GC(420) ParOldGen: 6588K(699392K)->6588K(699392K)
[127.827s][info][gc,metaspace   ] GC(420) Metaspace: 9904K(10240K)->9904K(10240K) NonClass: 8601K(8832K)->8601K(8832K) Class: 1302K(1408K)->1302K(1408K)
[127.827s][info][gc             ] GC(420) Pause Young (Allocation Failure) 62M->7M(739M) 1.023ms
[127.827s][info][gc,cpu         ] GC(420) User=0.00s Sys=0.00s Real=0.00s
[128.068s][info][gc,start       ] GC(421) Pause Young (Allocation Failure)
[128.068s][info][gc,heap        ] GC(421) PSYoungGen: 57568K(57856K)->576K(57856K) Eden: 56832K(56832K)->0K(56832K) From: 736K(1024K)->576K(1024K)
[128.068s][info][gc,heap        ] GC(421) ParOldGen: 6588K(699392K)->6588K(699392K)
[128.068s][info][gc,metaspace   ] GC(421) Metaspace: 9904K(10240K)->9904K(10240K) NonClass: 8601K(8832K)->8601K(8832K) Class: 1302K(1408K)->1302K(1408K)
[128.069s][info][gc             ] GC(421) Pause Young (Allocation Failure) 62M->6M(739M) 0.942ms
[128.069s][info][gc,cpu         ] GC(421) User=0.00s Sys=0.00s Real=0.00s
[128.305s][info][gc,start       ] GC(422) Pause Young (Allocation Failure)
[128.306s][info][gc,heap        ] GC(422) PSYoungGen: 57408K(57856K)->832K(57856K) Eden: 56832K(56832K)->0K(56832K) From: 576K(1024K)->832K(1024K)
[128.306s][info][gc,heap        ] GC(422) ParOldGen: 6588K(699392K)->6684K(699392K)
[128.306s][info][gc,metaspace   ] GC(422) Metaspace: 9904K(10240K)->9904K(10240K) NonClass: 8601K(8832K)->8601K(8832K) Class: 1302K(1408K)->1302K(1408K)
[128.306s][info][gc             ] GC(422) Pause Young (Allocation Failure) 62M->7M(739M) 1.071ms
[128.306s][info][gc,cpu         ] GC(422) User=0.00s Sys=0.00s Real=0.00s
[128.530s][info][gc,start       ] GC(423) Pause Young (Allocation Failure)
[128.531s][info][gc,heap        ] GC(423) PSYoungGen: 57664K(57856K)->736K(57856K) Eden: 56832K(56832K)->0K(56832K) From: 832K(1024K)->736K(1024K)
[128.531s][info][gc,heap        ] GC(423) ParOldGen: 6684K(699392K)->6948K(699392K)
[128.531s][info][gc,metaspace   ] GC(423) Metaspace: 9904K(10240K)->9904K(10240K) NonClass: 8601K(8832K)->8601K(8832K) Class: 1302K(1408K)->1302K(1408K)
[128.531s][info][gc             ] GC(423) Pause Young (Allocation Failure) 62M->7M(739M) 1.101ms
[128.531s][info][gc,cpu         ] GC(423) User=0.00s Sys=0.00s Real=0.00s
[128.761s][info][gc,start       ] GC(424) Pause Young (Allocation Failure)
[128.762s][info][gc,heap        ] GC(424) PSYoungGen: 57568K(57856K)->704K(57856K) Eden: 56832K(56832K)->0K(56832K) From: 736K(1024K)->704K(1024K)
[128.762s][info][gc,heap        ] GC(424) ParOldGen: 6948K(699392K)->6948K(699392K)
[128.762s][info][gc,metaspace   ] GC(424) Metaspace: 9904K(10240K)->9904K(10240K) NonClass: 8601K(8832K)->8601K(8832K) Class: 1302K(1408K)->1302K(1408K)
[128.762s][info][gc             ] GC(424) Pause Young (Allocation Failure) 63M->7M(739M) 1.061ms
[128.762s][info][gc,cpu         ] GC(424) User=0.02s Sys=0.00s Real=0.02s
[128.997s][info][gc,start       ] GC(425) Pause Young (Allocation Failure)
[128.998s][info][gc,heap        ] GC(425) PSYoungGen: 57536K(57856K)->672K(57856K) Eden: 56832K(56832K)->0K(56832K) From: 704K(1024K)->672K(1024K)
[128.998s][info][gc,heap        ] GC(425) ParOldGen: 6948K(699392K)->6948K(699392K)
[128.998s][info][gc,metaspace   ] GC(425) Metaspace: 9904K(10240K)->9904K(10240K) NonClass: 8601K(8832K)->8601K(8832K) Class: 1302K(1408K)->1302K(1408K)
[128.998s][info][gc             ] GC(425) Pause Young (Allocation Failure) 62M->7M(739M) 0.955ms
[128.998s][info][gc,cpu         ] GC(425) User=0.00s Sys=0.00s Real=0.00s
[129.224s][info][gc,start       ] GC(426) Pause Young (Allocation Failure)
[129.224s][info][gc,heap        ] GC(426) PSYoungGen: 57504K(57856K)->704K(57856K) Eden: 56832K(56832K)->0K(56832K) From: 672K(1024K)->704K(1024K)
[129.224s][info][gc,heap        ] GC(426) ParOldGen: 6948K(699392K)->6948K(699392K)
[129.225s][info][gc,metaspace   ] GC(426) Metaspace: 9904K(10240K)->9904K(10240K) NonClass: 8601K(8832K)->8601K(8832K) Class: 1302K(1408K)->1302K(1408K)
[129.225s][info][gc             ] GC(426) Pause Young (Allocation Failure) 62M->7M(739M) 0.971ms
[129.225s][info][gc,cpu         ] GC(426) User=0.00s Sys=0.00s Real=0.00s
[129.437s][info][gc,start       ] GC(427) Pause Young (System.gc())
[129.438s][info][gc,heap        ] GC(427) PSYoungGen: 49820K(57856K)->544K(57856K) Eden: 49116K(56832K)->0K(56832K) From: 704K(1024K)->544K(1024K)
[129.438s][info][gc,heap        ] GC(427) ParOldGen: 6948K(699392K)->6948K(699392K)
[129.438s][info][gc,metaspace   ] GC(427) Metaspace: 9904K(10240K)->9904K(10240K) NonClass: 8601K(8832K)->8601K(8832K) Class: 1302K(1408K)->1302K(1408K)
[129.438s][info][gc             ] GC(427) Pause Young (System.gc()) 55M->7M(739M) 0.888ms
[129.438s][info][gc,cpu         ] GC(427) User=0.00s Sys=0.00s Real=0.00s
[129.438s][info][gc,start       ] GC(428) Pause Full (System.gc())
[129.438s][info][gc,phases,start] GC(428) Marking Phase
[129.451s][info][gc,phases      ] GC(428) Marking Phase 12.432ms
[129.451s][info][gc,phases,start] GC(428) Summary Phase
[129.451s][info][gc,phases      ] GC(428) Summary Phase 0.031ms
[129.451s][info][gc,phases,start] GC(428) Adjust Roots
[129.455s][info][gc,phases      ] GC(428) Adjust Roots 4.154ms
[129.455s][info][gc,phases,start] GC(428) Compaction Phase
[129.459s][info][gc,phases      ] GC(428) Compaction Phase 3.538ms
[129.459s][info][gc,phases,start] GC(428) Post Compact
[129.459s][info][gc,phases      ] GC(428) Post Compact 0.403ms
[129.459s][info][gc,heap        ] GC(428) PSYoungGen: 544K(57856K)->0K(57856K) Eden: 0K(56832K)->0K(56832K) From: 544K(1024K)->0K(1024K)
[129.459s][info][gc,heap        ] GC(428) ParOldGen: 6948K(699392K)->4076K(699392K)
[129.459s][info][gc,metaspace   ] GC(428) Metaspace: 9904K(10240K)->9904K(10240K) NonClass: 8601K(8832K)->8601K(8832K) Class: 1302K(1408K)->1302K(1408K)
[129.459s][info][gc             ] GC(428) Pause Full (System.gc()) 7M->3M(739M) 20.831ms
[129.459s][info][gc,cpu         ] GC(428) User=0.02s Sys=0.00s Real=0.02s
[129.702s][info][gc,start       ] GC(429) Pause Young (Allocation Failure)
[129.703s][info][gc,heap        ] GC(429) PSYoungGen: 56832K(57856K)->512K(57344K) Eden: 56832K(56832K)->0K(56832K) From: 0K(1024K)->512K(512K)
[129.703s][info][gc,heap        ] GC(429) ParOldGen: 4076K(699392K)->4756K(699392K)
[129.703s][info][gc,metaspace   ] GC(429) Metaspace: 9904K(10240K)->9904K(10240K) NonClass: 8601K(8832K)->8601K(8832K) Class: 1302K(1408K)->1302K(1408K)
[129.703s][info][gc             ] GC(429) Pause Young (Allocation Failure) 59M->5M(739M) 1.299ms
[129.703s][info][gc,cpu         ] GC(429) User=0.00s Sys=0.00s Real=0.00s
[129.941s][info][gc,start       ] GC(430) Pause Young (Allocation Failure)
[129.942s][info][gc,heap        ] GC(430) PSYoungGen: 57344K(57344K)->1152K(58368K) Eden: 56832K(56832K)->0K(56832K) From: 512K(512K)->1152K(1536K)
[129.942s][info][gc,heap        ] GC(430) ParOldGen: 4756K(699392K)->5236K(699392K)
[129.942s][info][gc,metaspace   ] GC(430) Metaspace: 9904K(10240K)->9904K(10240K) NonClass: 8601K(8832K)->8601K(8832K) Class: 1302K(1408K)->1302K(1408K)
[129.942s][info][gc             ] GC(430) Pause Young (Allocation Failure) 60M->6M(740M) 1.353ms
[129.942s][info][gc,cpu         ] GC(430) User=0.27s Sys=0.00s Real=0.02s
[130.175s][info][gc,start       ] GC(431) Pause Young (Allocation Failure)
[130.176s][info][gc,heap        ] GC(431) PSYoungGen: 57984K(58368K)->736K(57856K) Eden: 56832K(56832K)->0K(56832K) From: 1152K(1536K)->736K(1024K)
[130.176s][info][gc,heap        ] GC(431) ParOldGen: 5236K(699392K)->5508K(699392K)
[130.177s][info][gc,metaspace   ] GC(431) Metaspace: 9904K(10240K)->9904K(10240K) NonClass: 8601K(8832K)->8601K(8832K) Class: 1302K(1408K)->1302K(1408K)
[130.177s][info][gc             ] GC(431) Pause Young (Allocation Failure) 61M->6M(739M) 1.211ms
[130.177s][info][gc,cpu         ] GC(431) User=0.20s Sys=0.02s Real=0.02s
[130.413s][info][gc,start       ] GC(432) Pause Young (Allocation Failure)
[130.414s][info][gc,heap        ] GC(432) PSYoungGen: 57568K(57856K)->896K(57856K) Eden: 56832K(56832K)->0K(56832K) From: 736K(1024K)->896K(1024K)
[130.414s][info][gc,heap        ] GC(432) ParOldGen: 5508K(699392K)->5740K(699392K)
[130.414s][info][gc,metaspace   ] GC(432) Metaspace: 9904K(10240K)->9904K(10240K) NonClass: 8601K(8832K)->8601K(8832K) Class: 1302K(1408K)->1302K(1408K)
[130.414s][info][gc             ] GC(432) Pause Young (Allocation Failure) 61M->6M(739M) 1.189ms
[130.414s][info][gc,cpu         ] GC(432) User=0.00s Sys=0.00s Real=0.00s
[130.650s][info][gc,start       ] GC(433) Pause Young (Allocation Failure)
[130.651s][info][gc,heap        ] GC(433) PSYoungGen: 57728K(57856K)->960K(57856K) Eden: 56832K(56832K)->0K(56832K) From: 896K(1024K)->960K(1024K)
[130.651s][info][gc,heap        ] GC(433) ParOldGen: 5740K(699392K)->5996K(699392K)
[130.651s][info][gc,metaspace   ] GC(433) Metaspace: 9904K(10240K)->9904K(10240K) NonClass: 8601K(8832K)->8601K(8832K) Class: 1302K(1408K)->1302K(1408K)
[130.651s][info][gc             ] GC(433) Pause Young (Allocation Failure) 61M->6M(739M) 1.182ms
[130.651s][info][gc,cpu         ] GC(433) User=0.00s Sys=0.00s Real=0.00s
[130.881s][info][gc,start       ] GC(434) Pause Young (Allocation Failure)
[130.882s][info][gc,heap        ] GC(434) PSYoungGen: 57792K(57856K)->672K(57856K) Eden: 56832K(56832K)->0K(56832K) From: 960K(1024K)->672K(1024K)
[130.882s][info][gc,heap        ] GC(434) ParOldGen: 5996K(699392K)->6276K(699392K)
[130.882s][info][gc,metaspace   ] GC(434) Metaspace: 9904K(10240K)->9904K(10240K) NonClass: 8601K(8832K)->8601K(8832K) Class: 1302K(1408K)->1302K(1408K)
[130.882s][info][gc             ] GC(434) Pause Young (Allocation Failure) 62M->6M(739M) 1.121ms
[130.882s][info][gc,cpu         ] GC(434) User=0.00s Sys=0.00s Real=0.00s
[131.122s][info][gc,start       ] GC(435) Pause Young (Allocation Failure)
[131.126s][info][gc,heap        ] GC(435) PSYoungGen: 57504K(57856K)->704K(57856K) Eden: 56832K(56832K)->0K(56832K) From: 672K(1024K)->704K(1024K)
[131.126s][info][gc,heap        ] GC(435) ParOldGen: 6276K(699392K)->6276K(699392K)
[131.126s][info][gc,metaspace   ] GC(435) Metaspace: 9904K(10240K)->9904K(10240K) NonClass: 8601K(8832K)->8601K(8832K) Class: 1302K(1408K)->1302K(1408K)
[131.126s][info][gc             ] GC(435) Pause Young (Allocation Failure) 62M->6M(739M) 4.573ms
[131.126s][info][gc,cpu         ] GC(435) User=0.02s Sys=0.00s Real=0.02s
[131.355s][info][gc,start       ] GC(436) Pause Young (Allocation Failure)
[131.356s][info][gc,heap        ] GC(436) PSYoungGen: 57536K(57856K)->992K(57856K) Eden: 56832K(56832K)->0K(56832K) From: 704K(1024K)->992K(1024K)
[131.357s][info][gc,heap        ] GC(436) ParOldGen: 6276K(699392K)->6276K(699392K)
[131.357s][info][gc,metaspace   ] GC(436) Metaspace: 9904K(10240K)->9904K(10240K) NonClass: 8601K(8832K)->8601K(8832K) Class: 1302K(1408K)->1302K(1408K)
[131.357s][info][gc             ] GC(436) Pause Young (Allocation Failure) 62M->7M(739M) 1.145ms
[131.357s][info][gc,cpu         ] GC(436) User=0.00s Sys=0.00s Real=0.00s
[131.587s][info][gc,start       ] GC(437) Pause Young (Allocation Failure)
[131.588s][info][gc,heap        ] GC(437) PSYoungGen: 57824K(57856K)->640K(57856K) Eden: 56832K(56832K)->0K(56832K) From: 992K(1024K)->640K(1024K)
[131.588s][info][gc,heap        ] GC(437) ParOldGen: 6276K(699392K)->6756K(699392K)
[131.588s][info][gc,metaspace   ] GC(437) Metaspace: 9904K(10240K)->9904K(10240K) NonClass: 8601K(8832K)->8601K(8832K) Class: 1302K(1408K)->1302K(1408K)
[131.588s][info][gc             ] GC(437) Pause Young (Allocation Failure) 62M->7M(739M) 1.231ms
[131.588s][info][gc,cpu         ] GC(437) User=0.00s Sys=0.00s Real=0.00s
[131.822s][info][gc,start       ] GC(438) Pause Young (Allocation Failure)
[131.823s][info][gc,heap        ] GC(438) PSYoungGen: 57472K(57856K)->832K(57856K) Eden: 56832K(56832K)->0K(56832K) From: 640K(1024K)->832K(1024K)
[131.823s][info][gc,heap        ] GC(438) ParOldGen: 6756K(699392K)->6924K(699392K)
[131.823s][info][gc,metaspace   ] GC(438) Metaspace: 9904K(10240K)->9904K(10240K) NonClass: 8601K(8832K)->8601K(8832K) Class: 1302K(1408K)->1302K(1408K)
[131.823s][info][gc             ] GC(438) Pause Young (Allocation Failure) 62M->7M(739M) 1.059ms
[131.823s][info][gc,cpu         ] GC(438) User=0.00s Sys=0.00s Real=0.00s
[132.052s][info][gc,start       ] GC(439) Pause Young (Allocation Failure)
[132.053s][info][gc,heap        ] GC(439) PSYoungGen: 57664K(57856K)->992K(57856K) Eden: 56832K(56832K)->0K(56832K) From: 832K(1024K)->992K(1024K)
[132.053s][info][gc,heap        ] GC(439) ParOldGen: 6924K(699392K)->6996K(699392K)
[132.053s][info][gc,metaspace   ] GC(439) Metaspace: 9904K(10240K)->9904K(10240K) NonClass: 8601K(8832K)->8601K(8832K) Class: 1302K(1408K)->1302K(1408K)
[132.053s][info][gc             ] GC(439) Pause Young (Allocation Failure) 63M->7M(739M) 1.115ms
[132.053s][info][gc,cpu         ] GC(439) User=0.00s Sys=0.00s Real=0.00s
[132.283s][info][gc,start       ] GC(440) Pause Young (Allocation Failure)
[132.284s][info][gc,heap        ] GC(440) PSYoungGen: 57824K(57856K)->960K(57856K) Eden: 56832K(56832K)->0K(56832K) From: 992K(1024K)->960K(1024K)
[132.284s][info][gc,heap        ] GC(440) ParOldGen: 6996K(699392K)->7284K(699392K)
[132.284s][info][gc,metaspace   ] GC(440) Metaspace: 9904K(10240K)->9904K(10240K) NonClass: 8601K(8832K)->8601K(8832K) Class: 1302K(1408K)->1302K(1408K)
[132.284s][info][gc             ] GC(440) Pause Young (Allocation Failure) 63M->8M(739M) 1.178ms
[132.284s][info][gc,cpu         ] GC(440) User=0.00s Sys=0.00s Real=0.00s
[132.515s][info][gc,start       ] GC(441) Pause Young (Allocation Failure)
[132.516s][info][gc,heap        ] GC(441) PSYoungGen: 57792K(57856K)->736K(57856K) Eden: 56832K(56832K)->0K(56832K) From: 960K(1024K)->736K(1024K)
[132.516s][info][gc,heap        ] GC(441) ParOldGen: 7284K(699392K)->7532K(699392K)
[132.516s][info][gc,metaspace   ] GC(441) Metaspace: 9904K(10240K)->9904K(10240K) NonClass: 8601K(8832K)->8601K(8832K) Class: 1302K(1408K)->1302K(1408K)
[132.516s][info][gc             ] GC(441) Pause Young (Allocation Failure) 63M->8M(739M) 1.172ms
[132.516s][info][gc,cpu         ] GC(441) User=0.00s Sys=0.00s Real=0.00s
[132.747s][info][gc,start       ] GC(442) Pause Young (Allocation Failure)
[132.748s][info][gc,heap        ] GC(442) PSYoungGen: 57568K(57856K)->736K(57856K) Eden: 56832K(56832K)->0K(56832K) From: 736K(1024K)->736K(1024K)
[132.748s][info][gc,heap        ] GC(442) ParOldGen: 7532K(699392K)->7532K(699392K)
[132.748s][info][gc,metaspace   ] GC(442) Metaspace: 9904K(10240K)->9904K(10240K) NonClass: 8601K(8832K)->8601K(8832K) Class: 1302K(1408K)->1302K(1408K)
[132.748s][info][gc             ] GC(442) Pause Young (Allocation Failure) 63M->8M(739M) 1.080ms
[132.748s][info][gc,cpu         ] GC(442) User=0.00s Sys=0.00s Real=0.00s
[132.985s][info][gc,start       ] GC(443) Pause Young (Allocation Failure)
[132.986s][info][gc,heap        ] GC(443) PSYoungGen: 57568K(57856K)->736K(57856K) Eden: 56832K(56832K)->0K(56832K) From: 736K(1024K)->736K(1024K)
[132.986s][info][gc,heap        ] GC(443) ParOldGen: 7532K(699392K)->7532K(699392K)
[132.986s][info][gc,metaspace   ] GC(443) Metaspace: 9904K(10240K)->9904K(10240K) NonClass: 8601K(8832K)->8601K(8832K) Class: 1302K(1408K)->1302K(1408K)
[132.986s][info][gc             ] GC(443) Pause Young (Allocation Failure) 63M->8M(739M) 1.004ms
[132.986s][info][gc,cpu         ] GC(443) User=0.00s Sys=0.00s Real=0.00s
[133.216s][info][gc,start       ] GC(444) Pause Young (Allocation Failure)
[133.217s][info][gc,heap        ] GC(444) PSYoungGen: 57568K(57856K)->672K(57856K) Eden: 56832K(56832K)->0K(56832K) From: 736K(1024K)->672K(1024K)
[133.217s][info][gc,heap        ] GC(444) ParOldGen: 7532K(699392K)->7532K(699392K)
[133.217s][info][gc,metaspace   ] GC(444) Metaspace: 9904K(10240K)->9904K(10240K) NonClass: 8601K(8832K)->8601K(8832K) Class: 1302K(1408K)->1302K(1408K)
[133.217s][info][gc             ] GC(444) Pause Young (Allocation Failure) 63M->8M(739M) 0.953ms
[133.217s][info][gc,cpu         ] GC(444) User=0.00s Sys=0.00s Real=0.00s
[133.441s][info][gc,start       ] GC(445) Pause Young (Allocation Failure)
[133.442s][info][gc,heap        ] GC(445) PSYoungGen: 57504K(57856K)->736K(57856K) Eden: 56832K(56832K)->0K(56832K) From: 672K(1024K)->736K(1024K)
[133.442s][info][gc,heap        ] GC(445) ParOldGen: 7532K(699392K)->7532K(699392K)
[133.442s][info][gc,metaspace   ] GC(445) Metaspace: 9904K(10240K)->9904K(10240K) NonClass: 8601K(8832K)->8601K(8832K) Class: 1302K(1408K)->1302K(1408K)
[133.442s][info][gc             ] GC(445) Pause Young (Allocation Failure) 63M->8M(739M) 1.016ms
[133.442s][info][gc,cpu         ] GC(445) User=0.00s Sys=0.00s Real=0.00s
[133.675s][info][gc,start       ] GC(446) Pause Young (Allocation Failure)
[133.676s][info][gc,heap        ] GC(446) PSYoungGen: 57568K(57856K)->640K(57856K) Eden: 56832K(56832K)->0K(56832K) From: 736K(1024K)->640K(1024K)
[133.676s][info][gc,heap        ] GC(446) ParOldGen: 7532K(699392K)->7532K(699392K)
[133.676s][info][gc,metaspace   ] GC(446) Metaspace: 9904K(10240K)->9904K(10240K) NonClass: 8601K(8832K)->8601K(8832K) Class: 1302K(1408K)->1302K(1408K)
[133.676s][info][gc             ] GC(446) Pause Young (Allocation Failure) 63M->7M(739M) 1.025ms
[133.676s][info][gc,cpu         ] GC(446) User=0.00s Sys=0.00s Real=0.00s
[133.915s][info][gc,start       ] GC(447) Pause Young (Allocation Failure)
[133.916s][info][gc,heap        ] GC(447) PSYoungGen: 57472K(57856K)->704K(57856K) Eden: 56832K(56832K)->0K(56832K) From: 640K(1024K)->704K(1024K)
[133.916s][info][gc,heap        ] GC(447) ParOldGen: 7532K(699392K)->7532K(699392K)
[133.916s][info][gc,metaspace   ] GC(447) Metaspace: 9904K(10240K)->9904K(10240K) NonClass: 8601K(8832K)->8601K(8832K) Class: 1302K(1408K)->1302K(1408K)
[133.916s][info][gc             ] GC(447) Pause Young (Allocation Failure) 63M->8M(739M) 0.990ms
[133.916s][info][gc,cpu         ] GC(447) User=0.00s Sys=0.00s Real=0.00s
[134.150s][info][gc,start       ] GC(448) Pause Young (Allocation Failure)
[134.150s][info][gc,heap        ] GC(448) PSYoungGen: 57536K(57856K)->672K(57856K) Eden: 56832K(56832K)->0K(56832K) From: 704K(1024K)->672K(1024K)
[134.150s][info][gc,heap        ] GC(448) ParOldGen: 7532K(699392K)->7532K(699392K)
[134.150s][info][gc,metaspace   ] GC(448) Metaspace: 9904K(10240K)->9904K(10240K) NonClass: 8601K(8832K)->8601K(8832K) Class: 1302K(1408K)->1302K(1408K)
[134.150s][info][gc             ] GC(448) Pause Young (Allocation Failure) 63M->8M(739M) 0.981ms
[134.151s][info][gc,cpu         ] GC(448) User=0.00s Sys=0.00s Real=0.00s
[134.386s][info][gc,start       ] GC(449) Pause Young (Allocation Failure)
[134.387s][info][gc,heap        ] GC(449) PSYoungGen: 57504K(57856K)->736K(57856K) Eden: 56832K(56832K)->0K(56832K) From: 672K(1024K)->736K(1024K)
[134.387s][info][gc,heap        ] GC(449) ParOldGen: 7532K(699392K)->7532K(699392K)
[134.387s][info][gc,metaspace   ] GC(449) Metaspace: 9904K(10240K)->9904K(10240K) NonClass: 8601K(8832K)->8601K(8832K) Class: 1302K(1408K)->1302K(1408K)
[134.387s][info][gc             ] GC(449) Pause Young (Allocation Failure) 63M->8M(739M) 1.041ms
[134.387s][info][gc,cpu         ] GC(449) User=0.00s Sys=0.00s Real=0.00s
[134.615s][info][gc,start       ] GC(450) Pause Young (Allocation Failure)
[134.616s][info][gc,heap        ] GC(450) PSYoungGen: 57568K(57856K)->768K(57856K) Eden: 56832K(56832K)->0K(56832K) From: 736K(1024K)->768K(1024K)
[134.616s][info][gc,heap        ] GC(450) ParOldGen: 7532K(699392K)->7532K(699392K)
[134.616s][info][gc,metaspace   ] GC(450) Metaspace: 9904K(10240K)->9904K(10240K) NonClass: 8601K(8832K)->8601K(8832K) Class: 1302K(1408K)->1302K(1408K)
[134.616s][info][gc             ] GC(450) Pause Young (Allocation Failure) 63M->8M(739M) 1.003ms
[134.616s][info][gc,cpu         ] GC(450) User=0.00s Sys=0.00s Real=0.00s
[134.845s][info][gc,start       ] GC(451) Pause Young (Allocation Failure)
[134.846s][info][gc,heap        ] GC(451) PSYoungGen: 57600K(57856K)->704K(57856K) Eden: 56832K(56832K)->0K(56832K) From: 768K(1024K)->704K(1024K)
[134.846s][info][gc,heap        ] GC(451) ParOldGen: 7532K(699392K)->7532K(699392K)
[134.846s][info][gc,metaspace   ] GC(451) Metaspace: 9904K(10240K)->9904K(10240K) NonClass: 8601K(8832K)->8601K(8832K) Class: 1302K(1408K)->1302K(1408K)
[134.846s][info][gc             ] GC(451) Pause Young (Allocation Failure) 63M->8M(739M) 0.953ms
[134.846s][info][gc,cpu         ] GC(451) User=0.00s Sys=0.00s Real=0.00s
[135.085s][info][gc,start       ] GC(452) Pause Young (Allocation Failure)
[135.086s][info][gc,heap        ] GC(452) PSYoungGen: 57536K(57856K)->608K(57856K) Eden: 56832K(56832K)->0K(56832K) From: 704K(1024K)->608K(1024K)
[135.086s][info][gc,heap        ] GC(452) ParOldGen: 7532K(699392K)->7532K(699392K)
[135.086s][info][gc,metaspace   ] GC(452) Metaspace: 9904K(10240K)->9904K(10240K) NonClass: 8601K(8832K)->8601K(8832K) Class: 1302K(1408K)->1302K(1408K)
[135.086s][info][gc             ] GC(452) Pause Young (Allocation Failure) 63M->7M(739M) 1.013ms
[135.086s][info][gc,cpu         ] GC(452) User=0.27s Sys=0.00s Real=0.02s
[135.315s][info][gc,start       ] GC(453) Pause Young (Allocation Failure)
[135.315s][info][gc,heap        ] GC(453) PSYoungGen: 57440K(57856K)->512K(57344K) Eden: 56832K(56832K)->0K(56832K) From: 608K(1024K)->512K(512K)
[135.315s][info][gc,heap        ] GC(453) ParOldGen: 7532K(699392K)->7572K(699392K)
[135.315s][info][gc,metaspace   ] GC(453) Metaspace: 9904K(10240K)->9904K(10240K) NonClass: 8601K(8832K)->8601K(8832K) Class: 1302K(1408K)->1302K(1408K)
[135.316s][info][gc             ] GC(453) Pause Young (Allocation Failure) 63M->7M(739M) 0.813ms
[135.316s][info][gc,cpu         ] GC(453) User=0.00s Sys=0.00s Real=0.00s
[135.547s][info][gc,start       ] GC(454) Pause Young (Allocation Failure)
[135.548s][info][gc,heap        ] GC(454) PSYoungGen: 57344K(57344K)->832K(57856K) Eden: 56832K(56832K)->0K(56832K) From: 512K(512K)->832K(1024K)
[135.548s][info][gc,heap        ] GC(454) ParOldGen: 7572K(699392K)->7844K(699392K)
[135.548s][info][gc,metaspace   ] GC(454) Metaspace: 9904K(10240K)->9904K(10240K) NonClass: 8601K(8832K)->8601K(8832K) Class: 1302K(1408K)->1302K(1408K)
[135.548s][info][gc             ] GC(454) Pause Young (Allocation Failure) 63M->8M(739M) 0.942ms
[135.548s][info][gc,cpu         ] GC(454) User=0.00s Sys=0.00s Real=0.00s
[135.783s][info][gc,start       ] GC(455) Pause Young (Allocation Failure)
[135.783s][info][gc,heap        ] GC(455) PSYoungGen: 57664K(57856K)->736K(57856K) Eden: 56832K(56832K)->0K(56832K) From: 832K(1024K)->736K(1024K)
[135.783s][info][gc,heap        ] GC(455) ParOldGen: 7844K(699392K)->7892K(699392K)
[135.783s][info][gc,metaspace   ] GC(455) Metaspace: 9904K(10240K)->9904K(10240K) NonClass: 8601K(8832K)->8601K(8832K) Class: 1302K(1408K)->1302K(1408K)
[135.783s][info][gc             ] GC(455) Pause Young (Allocation Failure) 63M->8M(739M) 0.847ms
[135.783s][info][gc,cpu         ] GC(455) User=0.00s Sys=0.00s Real=0.00s
[136.010s][info][gc,start       ] GC(456) Pause Young (Allocation Failure)
[136.011s][info][gc,heap        ] GC(456) PSYoungGen: 57568K(57856K)->864K(57856K) Eden: 56832K(56832K)->0K(56832K) From: 736K(1024K)->864K(1024K)
[136.011s][info][gc,heap        ] GC(456) ParOldGen: 7892K(699392K)->7924K(699392K)
[136.011s][info][gc,metaspace   ] GC(456) Metaspace: 9904K(10240K)->9904K(10240K) NonClass: 8601K(8832K)->8601K(8832K) Class: 1302K(1408K)->1302K(1408K)
[136.011s][info][gc             ] GC(456) Pause Young (Allocation Failure) 63M->8M(739M) 1.048ms
[136.011s][info][gc,cpu         ] GC(456) User=0.00s Sys=0.00s Real=0.00s
[136.199s][info][gc,start       ] GC(457) Pause Young (System.gc())
[136.200s][info][gc,heap        ] GC(457) PSYoungGen: 44273K(57856K)->512K(57344K) Eden: 43409K(56832K)->0K(56832K) From: 864K(1024K)->512K(512K)
[136.200s][info][gc,heap        ] GC(457) ParOldGen: 7924K(699392K)->8188K(699392K)
[136.200s][info][gc,metaspace   ] GC(457) Metaspace: 9904K(10240K)->9904K(10240K) NonClass: 8601K(8832K)->8601K(8832K) Class: 1302K(1408K)->1302K(1408K)
[136.200s][info][gc             ] GC(457) Pause Young (System.gc()) 50M->8M(739M) 0.930ms
[136.200s][info][gc,cpu         ] GC(457) User=0.00s Sys=0.00s Real=0.00s
[136.200s][info][gc,start       ] GC(458) Pause Full (System.gc())
[136.200s][info][gc,phases,start] GC(458) Marking Phase
[136.214s][info][gc,phases      ] GC(458) Marking Phase 13.532ms
[136.214s][info][gc,phases,start] GC(458) Summary Phase
[136.214s][info][gc,phases      ] GC(458) Summary Phase 0.031ms
[136.214s][info][gc,phases,start] GC(458) Adjust Roots
[136.218s][info][gc,phases      ] GC(458) Adjust Roots 4.191ms
[136.218s][info][gc,phases,start] GC(458) Compaction Phase
[136.221s][info][gc,phases      ] GC(458) Compaction Phase 3.529ms
[136.221s][info][gc,phases,start] GC(458) Post Compact
[136.222s][info][gc,phases      ] GC(458) Post Compact 0.409ms
[136.222s][info][gc,heap        ] GC(458) PSYoungGen: 512K(57344K)->0K(57344K) Eden: 0K(56832K)->0K(56832K) From: 512K(512K)->0K(512K)
[136.222s][info][gc,heap        ] GC(458) ParOldGen: 8188K(699392K)->4076K(699392K)
[136.222s][info][gc,metaspace   ] GC(458) Metaspace: 9904K(10240K)->9904K(10240K) NonClass: 8601K(8832K)->8601K(8832K) Class: 1302K(1408K)->1302K(1408K)
[136.222s][info][gc             ] GC(458) Pause Full (System.gc()) 8M->3M(739M) 21.956ms
[136.222s][info][gc,cpu         ] GC(458) User=0.02s Sys=0.00s Real=0.02s
[136.456s][info][gc,start       ] GC(459) Pause Young (Allocation Failure)
[136.457s][info][gc,heap        ] GC(459) PSYoungGen: 56832K(57344K)->1024K(57856K) Eden: 56832K(56832K)->0K(56832K) From: 0K(512K)->1024K(1024K)
[136.457s][info][gc,heap        ] GC(459) ParOldGen: 4076K(699392K)->4372K(699392K)
[136.457s][info][gc,metaspace   ] GC(459) Metaspace: 9929K(10240K)->9929K(10240K) NonClass: 8627K(8832K)->8627K(8832K) Class: 1302K(1408K)->1302K(1408K)
[136.457s][info][gc             ] GC(459) Pause Young (Allocation Failure) 59M->5M(739M) 1.280ms
[136.457s][info][gc,cpu         ] GC(459) User=0.00s Sys=0.00s Real=0.00s
[136.686s][info][gc,start       ] GC(460) Pause Young (Allocation Failure)
[136.688s][info][gc,heap        ] GC(460) PSYoungGen: 57856K(57856K)->1024K(57856K) Eden: 56832K(56832K)->0K(56832K) From: 1024K(1024K)->1024K(1024K)
[136.688s][info][gc,heap        ] GC(460) ParOldGen: 4372K(699392K)->4788K(699392K)
[136.688s][info][gc,metaspace   ] GC(460) Metaspace: 9929K(10240K)->9929K(10240K) NonClass: 8627K(8832K)->8627K(8832K) Class: 1302K(1408K)->1302K(1408K)
[136.688s][info][gc             ] GC(460) Pause Young (Allocation Failure) 60M->5M(739M) 1.816ms
[136.688s][info][gc,cpu         ] GC(460) User=0.00s Sys=0.00s Real=0.00s
[136.917s][info][gc,start       ] GC(461) Pause Young (Allocation Failure)
[136.918s][info][gc,heap        ] GC(461) PSYoungGen: 57856K(57856K)->1152K(58368K) Eden: 56832K(56832K)->0K(56832K) From: 1024K(1024K)->1152K(1536K)
[136.918s][info][gc,heap        ] GC(461) ParOldGen: 4788K(699392K)->5076K(699392K)
[136.918s][info][gc,metaspace   ] GC(461) Metaspace: 9929K(10240K)->9929K(10240K) NonClass: 8627K(8832K)->8627K(8832K) Class: 1302K(1408K)->1302K(1408K)
[136.919s][info][gc             ] GC(461) Pause Young (Allocation Failure) 61M->6M(740M) 1.232ms
[136.919s][info][gc,cpu         ] GC(461) User=0.00s Sys=0.00s Real=0.00s
[137.147s][info][gc,start       ] GC(462) Pause Young (Allocation Failure)
[137.147s][info][gc,heap        ] GC(462) PSYoungGen: 57984K(58368K)->928K(57856K) Eden: 56832K(56832K)->0K(56832K) From: 1152K(1536K)->928K(1024K)
[137.147s][info][gc,heap        ] GC(462) ParOldGen: 5076K(699392K)->5364K(699392K)
[137.147s][info][gc,metaspace   ] GC(462) Metaspace: 9929K(10240K)->9929K(10240K) NonClass: 8627K(8832K)->8627K(8832K) Class: 1302K(1408K)->1302K(1408K)
[137.147s][info][gc             ] GC(462) Pause Young (Allocation Failure) 61M->6M(739M) 0.961ms
[137.148s][info][gc,cpu         ] GC(462) User=0.00s Sys=0.00s Real=0.00s
[137.378s][info][gc,start       ] GC(463) Pause Young (Allocation Failure)
[137.379s][info][gc,heap        ] GC(463) PSYoungGen: 57760K(57856K)->1088K(58368K) Eden: 56832K(56832K)->0K(56832K) From: 928K(1024K)->1088K(1536K)
[137.379s][info][gc,heap        ] GC(463) ParOldGen: 5364K(699392K)->5604K(699392K)
[137.379s][info][gc,metaspace   ] GC(463) Metaspace: 9929K(10240K)->9929K(10240K) NonClass: 8627K(8832K)->8627K(8832K) Class: 1302K(1408K)->1302K(1408K)
[137.379s][info][gc             ] GC(463) Pause Young (Allocation Failure) 61M->6M(740M) 1.310ms
[137.379s][info][gc,cpu         ] GC(463) User=0.00s Sys=0.00s Real=0.00s
[137.616s][info][gc,start       ] GC(464) Pause Young (Allocation Failure)
[137.617s][info][gc,heap        ] GC(464) PSYoungGen: 57920K(58368K)->1024K(57856K) Eden: 56832K(56832K)->0K(56832K) From: 1088K(1536K)->1024K(1024K)
[137.617s][info][gc,heap        ] GC(464) ParOldGen: 5604K(699392K)->5876K(699392K)
[137.617s][info][gc,metaspace   ] GC(464) Metaspace: 9929K(10240K)->9929K(10240K) NonClass: 8627K(8832K)->8627K(8832K) Class: 1302K(1408K)->1302K(1408K)
[137.617s][info][gc             ] GC(464) Pause Young (Allocation Failure) 62M->6M(739M) 1.078ms
[137.617s][info][gc,cpu         ] GC(464) User=0.00s Sys=0.00s Real=0.00s
[137.847s][info][gc,start       ] GC(465) Pause Young (Allocation Failure)
[137.848s][info][gc,heap        ] GC(465) PSYoungGen: 57856K(57856K)->832K(57856K) Eden: 56832K(56832K)->0K(56832K) From: 1024K(1024K)->832K(1024K)
[137.848s][info][gc,heap        ] GC(465) ParOldGen: 5876K(699392K)->6364K(699392K)
[137.848s][info][gc,metaspace   ] GC(465) Metaspace: 9929K(10240K)->9929K(10240K) NonClass: 8627K(8832K)->8627K(8832K) Class: 1302K(1408K)->1302K(1408K)
[137.848s][info][gc             ] GC(465) Pause Young (Allocation Failure) 62M->7M(739M) 1.280ms
[137.848s][info][gc,cpu         ] GC(465) User=0.00s Sys=0.00s Real=0.00s
[138.079s][info][gc,start       ] GC(466) Pause Young (Allocation Failure)
[138.080s][info][gc,heap        ] GC(466) PSYoungGen: 57664K(57856K)->640K(57856K) Eden: 56832K(56832K)->0K(56832K) From: 832K(1024K)->640K(1024K)
[138.080s][info][gc,heap        ] GC(466) ParOldGen: 6364K(699392K)->6364K(699392K)
[138.080s][info][gc,metaspace   ] GC(466) Metaspace: 9929K(10240K)->9929K(10240K) NonClass: 8627K(8832K)->8627K(8832K) Class: 1302K(1408K)->1302K(1408K)
[138.080s][info][gc             ] GC(466) Pause Young (Allocation Failure) 62M->6M(739M) 0.973ms
[138.080s][info][gc,cpu         ] GC(466) User=0.00s Sys=0.00s Real=0.00s
[138.306s][info][gc,start       ] GC(467) Pause Young (Allocation Failure)
[138.307s][info][gc,heap        ] GC(467) PSYoungGen: 57472K(57856K)->992K(57856K) Eden: 56832K(56832K)->0K(56832K) From: 640K(1024K)->992K(1024K)
[138.307s][info][gc,heap        ] GC(467) ParOldGen: 6364K(699392K)->6364K(699392K)
[138.307s][info][gc,metaspace   ] GC(467) Metaspace: 9929K(10240K)->9929K(10240K) NonClass: 8627K(8832K)->8627K(8832K) Class: 1302K(1408K)->1302K(1408K)
[138.307s][info][gc             ] GC(467) Pause Young (Allocation Failure) 62M->7M(739M) 1.078ms
[138.307s][info][gc,cpu         ] GC(467) User=0.00s Sys=0.00s Real=0.00s
[138.544s][info][gc,start       ] GC(468) Pause Young (Allocation Failure)
[138.545s][info][gc,heap        ] GC(468) PSYoungGen: 57824K(57856K)->736K(57856K) Eden: 56832K(56832K)->0K(56832K) From: 992K(1024K)->736K(1024K)
[138.545s][info][gc,heap        ] GC(468) ParOldGen: 6364K(699392K)->6660K(699392K)
[138.545s][info][gc,metaspace   ] GC(468) Metaspace: 9929K(10240K)->9929K(10240K) NonClass: 8627K(8832K)->8627K(8832K) Class: 1302K(1408K)->1302K(1408K)
[138.545s][info][gc             ] GC(468) Pause Young (Allocation Failure) 62M->7M(739M) 1.136ms
[138.546s][info][gc,cpu         ] GC(468) User=0.00s Sys=0.00s Real=0.00s
[138.785s][info][gc,start       ] GC(469) Pause Young (Allocation Failure)
[138.785s][info][gc,heap        ] GC(469) PSYoungGen: 57568K(57856K)->800K(57856K) Eden: 56832K(56832K)->0K(56832K) From: 736K(1024K)->800K(1024K)
[138.786s][info][gc,heap        ] GC(469) ParOldGen: 6660K(699392K)->6660K(699392K)
[138.786s][info][gc,metaspace   ] GC(469) Metaspace: 9929K(10240K)->9929K(10240K) NonClass: 8627K(8832K)->8627K(8832K) Class: 1302K(1408K)->1302K(1408K)
[138.786s][info][gc             ] GC(469) Pause Young (Allocation Failure) 62M->7M(739M) 1.002ms
[138.786s][info][gc,cpu         ] GC(469) User=0.00s Sys=0.00s Real=0.00s
[139.018s][info][gc,start       ] GC(470) Pause Young (Allocation Failure)
[139.019s][info][gc,heap        ] GC(470) PSYoungGen: 57632K(57856K)->608K(57856K) Eden: 56832K(56832K)->0K(56832K) From: 800K(1024K)->608K(1024K)
[139.019s][info][gc,heap        ] GC(470) ParOldGen: 6660K(699392K)->6660K(699392K)
[139.019s][info][gc,metaspace   ] GC(470) Metaspace: 9929K(10240K)->9929K(10240K) NonClass: 8627K(8832K)->8627K(8832K) Class: 1302K(1408K)->1302K(1408K)
[139.019s][info][gc             ] GC(470) Pause Young (Allocation Failure) 62M->7M(739M) 0.968ms
[139.019s][info][gc,cpu         ] GC(470) User=0.00s Sys=0.00s Real=0.00s
[139.249s][info][gc,start       ] GC(471) Pause Young (Allocation Failure)
[139.250s][info][gc,heap        ] GC(471) PSYoungGen: 57440K(57856K)->896K(57856K) Eden: 56832K(56832K)->0K(56832K) From: 608K(1024K)->896K(1024K)
[139.250s][info][gc,heap        ] GC(471) ParOldGen: 6660K(699392K)->6660K(699392K)
[139.250s][info][gc,metaspace   ] GC(471) Metaspace: 9929K(10240K)->9929K(10240K) NonClass: 8627K(8832K)->8627K(8832K) Class: 1302K(1408K)->1302K(1408K)
[139.250s][info][gc             ] GC(471) Pause Young (Allocation Failure) 62M->7M(739M) 1.009ms
[139.250s][info][gc,cpu         ] GC(471) User=0.00s Sys=0.00s Real=0.00s
[139.478s][info][gc,start       ] GC(472) Pause Young (Allocation Failure)
[139.479s][info][gc,heap        ] GC(472) PSYoungGen: 57728K(57856K)->704K(57856K) Eden: 56832K(56832K)->0K(56832K) From: 896K(1024K)->704K(1024K)
[139.479s][info][gc,heap        ] GC(472) ParOldGen: 6660K(699392K)->6908K(699392K)
[139.479s][info][gc,metaspace   ] GC(472) Metaspace: 9929K(10240K)->9929K(10240K) NonClass: 8627K(8832K)->8627K(8832K) Class: 1302K(1408K)->1302K(1408K)
[139.479s][info][gc             ] GC(472) Pause Young (Allocation Failure) 62M->7M(739M) 1.094ms
[139.479s][info][gc,cpu         ] GC(472) User=0.00s Sys=0.00s Real=0.00s
[139.718s][info][gc,start       ] GC(473) Pause Young (Allocation Failure)
[139.719s][info][gc,heap        ] GC(473) PSYoungGen: 57536K(57856K)->704K(57856K) Eden: 56832K(56832K)->0K(56832K) From: 704K(1024K)->704K(1024K)
[139.719s][info][gc,heap        ] GC(473) ParOldGen: 6908K(699392K)->6908K(699392K)
[139.719s][info][gc,metaspace   ] GC(473) Metaspace: 9929K(10240K)->9929K(10240K) NonClass: 8627K(8832K)->8627K(8832K) Class: 1302K(1408K)->1302K(1408K)
[139.719s][info][gc             ] GC(473) Pause Young (Allocation Failure) 62M->7M(739M) 0.982ms
[139.719s][info][gc,cpu         ] GC(473) User=0.00s Sys=0.00s Real=0.00s
[139.947s][info][gc,start       ] GC(474) Pause Young (Allocation Failure)
[139.948s][info][gc,heap        ] GC(474) PSYoungGen: 57536K(57856K)->704K(57856K) Eden: 56832K(56832K)->0K(56832K) From: 704K(1024K)->704K(1024K)
[139.948s][info][gc,heap        ] GC(474) ParOldGen: 6908K(699392K)->6908K(699392K)
[139.948s][info][gc,metaspace   ] GC(474) Metaspace: 9929K(10240K)->9929K(10240K) NonClass: 8627K(8832K)->8627K(8832K) Class: 1302K(1408K)->1302K(1408K)
[139.948s][info][gc             ] GC(474) Pause Young (Allocation Failure) 62M->7M(739M) 0.948ms
[139.948s][info][gc,cpu         ] GC(474) User=0.00s Sys=0.00s Real=0.00s
[140.173s][info][gc,start       ] GC(475) Pause Young (Allocation Failure)
[140.174s][info][gc,heap        ] GC(475) PSYoungGen: 57536K(57856K)->928K(57856K) Eden: 56832K(56832K)->0K(56832K) From: 704K(1024K)->928K(1024K)
[140.174s][info][gc,heap        ] GC(475) ParOldGen: 6908K(699392K)->6908K(699392K)
[140.174s][info][gc,metaspace   ] GC(475) Metaspace: 9929K(10240K)->9929K(10240K) NonClass: 8627K(8832K)->8627K(8832K) Class: 1302K(1408K)->1302K(1408K)
[140.174s][info][gc             ] GC(475) Pause Young (Allocation Failure) 62M->7M(739M) 1.048ms
[140.175s][info][gc,cpu         ] GC(475) User=0.00s Sys=0.00s Real=0.00s
[140.393s][info][gc,start       ] GC(476) Pause Young (Allocation Failure)
[140.394s][info][gc,heap        ] GC(476) PSYoungGen: 57760K(57856K)->928K(57856K) Eden: 56832K(56832K)->0K(56832K) From: 928K(1024K)->928K(1024K)
[140.394s][info][gc,heap        ] GC(476) ParOldGen: 6908K(699392K)->7172K(699392K)
[140.394s][info][gc,metaspace   ] GC(476) Metaspace: 9929K(10240K)->9929K(10240K) NonClass: 8627K(8832K)->8627K(8832K) Class: 1302K(1408K)->1302K(1408K)
[140.395s][info][gc             ] GC(476) Pause Young (Allocation Failure) 63M->7M(739M) 1.228ms
[140.395s][info][gc,cpu         ] GC(476) User=0.00s Sys=0.00s Real=0.00s
[140.619s][info][gc,start       ] GC(477) Pause Young (Allocation Failure)
[140.620s][info][gc,heap        ] GC(477) PSYoungGen: 57760K(57856K)->768K(57856K) Eden: 56832K(56832K)->0K(56832K) From: 928K(1024K)->768K(1024K)
[140.621s][info][gc,heap        ] GC(477) ParOldGen: 7172K(699392K)->7444K(699392K)
[140.621s][info][gc,metaspace   ] GC(477) Metaspace: 9929K(10240K)->9929K(10240K) NonClass: 8627K(8832K)->8627K(8832K) Class: 1302K(1408K)->1302K(1408K)
[140.621s][info][gc             ] GC(477) Pause Young (Allocation Failure) 63M->8M(739M) 1.117ms
[140.621s][info][gc,cpu         ] GC(477) User=0.00s Sys=0.00s Real=0.00s
[140.856s][info][gc,start       ] GC(478) Pause Young (Allocation Failure)
[140.857s][info][gc,heap        ] GC(478) PSYoungGen: 57600K(57856K)->672K(57856K) Eden: 56832K(56832K)->0K(56832K) From: 768K(1024K)->672K(1024K)
[140.857s][info][gc,heap        ] GC(478) ParOldGen: 7444K(699392K)->7444K(699392K)
[140.857s][info][gc,metaspace   ] GC(478) Metaspace: 9929K(10240K)->9929K(10240K) NonClass: 8627K(8832K)->8627K(8832K) Class: 1302K(1408K)->1302K(1408K)
[140.857s][info][gc             ] GC(478) Pause Young (Allocation Failure) 63M->7M(739M) 0.976ms
[140.857s][info][gc,cpu         ] GC(478) User=0.00s Sys=0.00s Real=0.00s
[141.095s][info][gc,start       ] GC(479) Pause Young (Allocation Failure)
[141.095s][info][gc,heap        ] GC(479) PSYoungGen: 57504K(57856K)->544K(57856K) Eden: 56832K(56832K)->0K(56832K) From: 672K(1024K)->544K(1024K)
[141.095s][info][gc,heap        ] GC(479) ParOldGen: 7444K(699392K)->7444K(699392K)
[141.096s][info][gc,metaspace   ] GC(479) Metaspace: 9929K(10240K)->9929K(10240K) NonClass: 8627K(8832K)->8627K(8832K) Class: 1302K(1408K)->1302K(1408K)
[141.096s][info][gc             ] GC(479) Pause Young (Allocation Failure) 63M->7M(739M) 1.030ms
[141.096s][info][gc,cpu         ] GC(479) User=0.27s Sys=0.00s Real=0.02s
[141.330s][info][gc,start       ] GC(480) Pause Young (Allocation Failure)
[141.331s][info][gc,heap        ] GC(480) PSYoungGen: 57376K(57856K)->640K(57856K) Eden: 56832K(56832K)->0K(56832K) From: 544K(1024K)->640K(1024K)
[141.331s][info][gc,heap        ] GC(480) ParOldGen: 7444K(699392K)->7444K(699392K)
[141.331s][info][gc,metaspace   ] GC(480) Metaspace: 9929K(10240K)->9929K(10240K) NonClass: 8627K(8832K)->8627K(8832K) Class: 1302K(1408K)->1302K(1408K)
[141.331s][info][gc             ] GC(480) Pause Young (Allocation Failure) 63M->7M(739M) 0.968ms
[141.331s][info][gc,cpu         ] GC(480) User=0.00s Sys=0.00s Real=0.00s
[141.568s][info][gc,start       ] GC(481) Pause Young (Allocation Failure)
[141.569s][info][gc,heap        ] GC(481) PSYoungGen: 57472K(57856K)->704K(57856K) Eden: 56832K(56832K)->0K(56832K) From: 640K(1024K)->704K(1024K)
[141.569s][info][gc,heap        ] GC(481) ParOldGen: 7444K(699392K)->7444K(699392K)
[141.569s][info][gc,metaspace   ] GC(481) Metaspace: 9929K(10240K)->9929K(10240K) NonClass: 8627K(8832K)->8627K(8832K) Class: 1302K(1408K)->1302K(1408K)
[141.569s][info][gc             ] GC(481) Pause Young (Allocation Failure) 63M->7M(739M) 1.015ms
[141.569s][info][gc,cpu         ] GC(481) User=0.00s Sys=0.00s Real=0.00s
[141.802s][info][gc,start       ] GC(482) Pause Young (Allocation Failure)
[141.803s][info][gc,heap        ] GC(482) PSYoungGen: 57536K(57856K)->832K(57856K) Eden: 56832K(56832K)->0K(56832K) From: 704K(1024K)->832K(1024K)
[141.803s][info][gc,heap        ] GC(482) ParOldGen: 7444K(699392K)->7444K(699392K)
[141.803s][info][gc,metaspace   ] GC(482) Metaspace: 9929K(10240K)->9929K(10240K) NonClass: 8627K(8832K)->8627K(8832K) Class: 1302K(1408K)->1302K(1408K)
[141.803s][info][gc             ] GC(482) Pause Young (Allocation Failure) 63M->8M(739M) 1.074ms
[141.803s][info][gc,cpu         ] GC(482) User=0.00s Sys=0.00s Real=0.00s
[142.029s][info][gc,start       ] GC(483) Pause Young (Allocation Failure)
[142.031s][info][gc,heap        ] GC(483) PSYoungGen: 57664K(57856K)->992K(57856K) Eden: 56832K(56832K)->0K(56832K) From: 832K(1024K)->992K(1024K)
[142.031s][info][gc,heap        ] GC(483) ParOldGen: 7444K(699392K)->7708K(699392K)
[142.031s][info][gc,metaspace   ] GC(483) Metaspace: 9929K(10240K)->9929K(10240K) NonClass: 8627K(8832K)->8627K(8832K) Class: 1302K(1408K)->1302K(1408K)
[142.031s][info][gc             ] GC(483) Pause Young (Allocation Failure) 63M->8M(739M) 1.197ms
[142.031s][info][gc,cpu         ] GC(483) User=0.00s Sys=0.00s Real=0.00s
[142.259s][info][gc,start       ] GC(484) Pause Young (Allocation Failure)
[142.260s][info][gc,heap        ] GC(484) PSYoungGen: 57824K(57856K)->736K(57856K) Eden: 56832K(56832K)->0K(56832K) From: 992K(1024K)->736K(1024K)
[142.260s][info][gc,heap        ] GC(484) ParOldGen: 7708K(699392K)->7948K(699392K)
[142.260s][info][gc,metaspace   ] GC(484) Metaspace: 9929K(10240K)->9929K(10240K) NonClass: 8627K(8832K)->8627K(8832K) Class: 1302K(1408K)->1302K(1408K)
[142.260s][info][gc             ] GC(484) Pause Young (Allocation Failure) 63M->8M(739M) 1.060ms
[142.260s][info][gc,cpu         ] GC(484) User=0.00s Sys=0.00s Real=0.00s
[142.493s][info][gc,start       ] GC(485) Pause Young (Allocation Failure)
[142.493s][info][gc,heap        ] GC(485) PSYoungGen: 57568K(57856K)->768K(57856K) Eden: 56832K(56832K)->0K(56832K) From: 736K(1024K)->768K(1024K)
[142.493s][info][gc,heap        ] GC(485) ParOldGen: 7948K(699392K)->7948K(699392K)
[142.494s][info][gc,metaspace   ] GC(485) Metaspace: 9929K(10240K)->9929K(10240K) NonClass: 8627K(8832K)->8627K(8832K) Class: 1302K(1408K)->1302K(1408K)
[142.494s][info][gc             ] GC(485) Pause Young (Allocation Failure) 63M->8M(739M) 0.980ms
[142.494s][info][gc,cpu         ] GC(485) User=0.00s Sys=0.00s Real=0.00s
[142.723s][info][gc,start       ] GC(486) Pause Young (Allocation Failure)
[142.724s][info][gc,heap        ] GC(486) PSYoungGen: 57600K(57856K)->576K(57856K) Eden: 56832K(56832K)->0K(56832K) From: 768K(1024K)->576K(1024K)
[142.724s][info][gc,heap        ] GC(486) ParOldGen: 7948K(699392K)->7948K(699392K)
[142.724s][info][gc,metaspace   ] GC(486) Metaspace: 9929K(10240K)->9929K(10240K) NonClass: 8627K(8832K)->8627K(8832K) Class: 1302K(1408K)->1302K(1408K)
[142.724s][info][gc             ] GC(486) Pause Young (Allocation Failure) 64M->8M(739M) 0.933ms
[142.724s][info][gc,cpu         ] GC(486) User=0.00s Sys=0.00s Real=0.00s
[142.920s][info][gc,start       ] GC(487) Pause Young (System.gc())
[142.921s][info][gc,heap        ] GC(487) PSYoungGen: 49614K(57856K)->576K(57856K) Eden: 49038K(56832K)->0K(56832K) From: 576K(1024K)->576K(1024K)
[142.921s][info][gc,heap        ] GC(487) ParOldGen: 7948K(699392K)->7948K(699392K)
[142.921s][info][gc,metaspace   ] GC(487) Metaspace: 9929K(10240K)->9929K(10240K) NonClass: 8627K(8832K)->8627K(8832K) Class: 1302K(1408K)->1302K(1408K)
[142.921s][info][gc             ] GC(487) Pause Young (System.gc()) 56M->8M(739M) 0.893ms
[142.921s][info][gc,cpu         ] GC(487) User=0.00s Sys=0.00s Real=0.00s
[142.921s][info][gc,start       ] GC(488) Pause Full (System.gc())
[142.921s][info][gc,phases,start] GC(488) Marking Phase
[142.933s][info][gc,phases      ] GC(488) Marking Phase 12.259ms
[142.933s][info][gc,phases,start] GC(488) Summary Phase
[142.933s][info][gc,phases      ] GC(488) Summary Phase 0.033ms
[142.933s][info][gc,phases,start] GC(488) Adjust Roots
[142.938s][info][gc,phases      ] GC(488) Adjust Roots 4.255ms
[142.938s][info][gc,phases,start] GC(488) Compaction Phase
[142.941s][info][gc,phases      ] GC(488) Compaction Phase 3.614ms
[142.941s][info][gc,phases,start] GC(488) Post Compact
[142.942s][info][gc,phases      ] GC(488) Post Compact 0.422ms
[142.942s][info][gc,heap        ] GC(488) PSYoungGen: 576K(57856K)->0K(57856K) Eden: 0K(56832K)->0K(56832K) From: 576K(1024K)->0K(1024K)
[142.942s][info][gc,heap        ] GC(488) ParOldGen: 7948K(699392K)->4076K(699392K)
[142.942s][info][gc,metaspace   ] GC(488) Metaspace: 9929K(10240K)->9929K(10240K) NonClass: 8627K(8832K)->8627K(8832K) Class: 1302K(1408K)->1302K(1408K)
[142.942s][info][gc             ] GC(488) Pause Full (System.gc()) 8M->3M(739M) 20.948ms
[142.942s][info][gc,cpu         ] GC(488) User=0.02s Sys=0.00s Real=0.02s
[143.181s][info][gc,start       ] GC(489) Pause Young (Allocation Failure)
[143.182s][info][gc,heap        ] GC(489) PSYoungGen: 56832K(57856K)->1536K(58368K) Eden: 56832K(56832K)->0K(56832K) From: 0K(1024K)->1536K(1536K)
[143.182s][info][gc,heap        ] GC(489) ParOldGen: 4076K(699392K)->4084K(699392K)
[143.182s][info][gc,metaspace   ] GC(489) Metaspace: 9929K(10240K)->9929K(10240K) NonClass: 8627K(8832K)->8627K(8832K) Class: 1302K(1408K)->1302K(1408K)
[143.182s][info][gc             ] GC(489) Pause Young (Allocation Failure) 59M->5M(740M) 1.134ms
[143.182s][info][gc,cpu         ] GC(489) User=0.00s Sys=0.00s Real=0.00s
[143.428s][info][gc,start       ] GC(490) Pause Young (Allocation Failure)
[143.429s][info][gc,heap        ] GC(490) PSYoungGen: 58368K(58368K)->864K(57856K) Eden: 56832K(56832K)->0K(56832K) From: 1536K(1536K)->864K(1024K)
[143.429s][info][gc,heap        ] GC(490) ParOldGen: 4084K(699392K)->4820K(699392K)
[143.429s][info][gc,metaspace   ] GC(490) Metaspace: 9929K(10240K)->9929K(10240K) NonClass: 8627K(8832K)->8627K(8832K) Class: 1302K(1408K)->1302K(1408K)
[143.430s][info][gc             ] GC(490) Pause Young (Allocation Failure) 60M->5M(739M) 1.664ms
[143.430s][info][gc,cpu         ] GC(490) User=0.00s Sys=0.00s Real=0.00s
[143.667s][info][gc,start       ] GC(491) Pause Young (Allocation Failure)
[143.668s][info][gc,heap        ] GC(491) PSYoungGen: 57696K(57856K)->1024K(57856K) Eden: 56832K(56832K)->0K(56832K) From: 864K(1024K)->1024K(1024K)
[143.668s][info][gc,heap        ] GC(491) ParOldGen: 4820K(699392K)->4940K(699392K)
[143.668s][info][gc,metaspace   ] GC(491) Metaspace: 9929K(10240K)->9929K(10240K) NonClass: 8627K(8832K)->8627K(8832K) Class: 1302K(1408K)->1302K(1408K)
[143.668s][info][gc             ] GC(491) Pause Young (Allocation Failure) 61M->5M(739M) 1.055ms
[143.668s][info][gc,cpu         ] GC(491) User=0.00s Sys=0.00s Real=0.00s
[143.902s][info][gc,start       ] GC(492) Pause Young (Allocation Failure)
[143.903s][info][gc,heap        ] GC(492) PSYoungGen: 57856K(57856K)->960K(57856K) Eden: 56832K(56832K)->0K(56832K) From: 1024K(1024K)->960K(1024K)
[143.903s][info][gc,heap        ] GC(492) ParOldGen: 4940K(699392K)->5532K(699392K)
[143.903s][info][gc,metaspace   ] GC(492) Metaspace: 9929K(10240K)->9929K(10240K) NonClass: 8627K(8832K)->8627K(8832K) Class: 1302K(1408K)->1302K(1408K)
[143.903s][info][gc             ] GC(492) Pause Young (Allocation Failure) 61M->6M(739M) 1.423ms
[143.903s][info][gc,cpu         ] GC(492) User=0.00s Sys=0.00s Real=0.00s
[144.130s][info][gc,start       ] GC(493) Pause Young (Allocation Failure)
[144.131s][info][gc,heap        ] GC(493) PSYoungGen: 57792K(57856K)->1088K(58368K) Eden: 56832K(56832K)->0K(56832K) From: 960K(1024K)->1088K(1536K)
[144.131s][info][gc,heap        ] GC(493) ParOldGen: 5532K(699392K)->5780K(699392K)
[144.131s][info][gc,metaspace   ] GC(493) Metaspace: 9929K(10240K)->9929K(10240K) NonClass: 8627K(8832K)->8627K(8832K) Class: 1302K(1408K)->1302K(1408K)
[144.131s][info][gc             ] GC(493) Pause Young (Allocation Failure) 61M->6M(740M) 1.126ms
[144.131s][info][gc,cpu         ] GC(493) User=0.27s Sys=0.00s Real=0.02s
[144.355s][info][gc,start       ] GC(494) Pause Young (Allocation Failure)
[144.356s][info][gc,heap        ] GC(494) PSYoungGen: 57920K(58368K)->1056K(58368K) Eden: 56832K(56832K)->0K(56832K) From: 1088K(1536K)->1056K(1536K)
[144.356s][info][gc,heap        ] GC(494) ParOldGen: 5780K(699392K)->6092K(699392K)
[144.356s][info][gc,metaspace   ] GC(494) Metaspace: 9929K(10240K)->9929K(10240K) NonClass: 8627K(8832K)->8627K(8832K) Class: 1302K(1408K)->1302K(1408K)
[144.356s][info][gc             ] GC(494) Pause Young (Allocation Failure) 62M->6M(740M) 1.396ms
[144.356s][info][gc,cpu         ] GC(494) User=0.02s Sys=0.00s Real=0.02s
[144.598s][info][gc,start       ] GC(495) Pause Young (Allocation Failure)
[144.599s][info][gc,heap        ] GC(495) PSYoungGen: 57888K(58368K)->512K(57344K) Eden: 56832K(56832K)->0K(56832K) From: 1056K(1536K)->512K(512K)
[144.599s][info][gc,heap        ] GC(495) ParOldGen: 6092K(699392K)->6572K(699392K)
[144.599s][info][gc,metaspace   ] GC(495) Metaspace: 9929K(10240K)->9929K(10240K) NonClass: 8627K(8832K)->8627K(8832K) Class: 1302K(1408K)->1302K(1408K)
[144.599s][info][gc             ] GC(495) Pause Young (Allocation Failure) 62M->6M(739M) 1.087ms
[144.599s][info][gc,cpu         ] GC(495) User=0.00s Sys=0.00s Real=0.00s
[144.834s][info][gc,start       ] GC(496) Pause Young (Allocation Failure)
[144.835s][info][gc,heap        ] GC(496) PSYoungGen: 57344K(57344K)->864K(58368K) Eden: 56832K(56832K)->0K(56832K) From: 512K(512K)->864K(1536K)
[144.835s][info][gc,heap        ] GC(496) ParOldGen: 6572K(699392K)->6796K(699392K)
[144.835s][info][gc,metaspace   ] GC(496) Metaspace: 9929K(10240K)->9929K(10240K) NonClass: 8627K(8832K)->8627K(8832K) Class: 1302K(1408K)->1302K(1408K)
[144.835s][info][gc             ] GC(496) Pause Young (Allocation Failure) 62M->7M(740M) 0.973ms
[144.835s][info][gc,cpu         ] GC(496) User=0.00s Sys=0.00s Real=0.00s
[145.072s][info][gc,start       ] GC(497) Pause Young (Allocation Failure)
[145.073s][info][gc,heap        ] GC(497) PSYoungGen: 57696K(58368K)->1056K(58368K) Eden: 56832K(56832K)->0K(56832K) From: 864K(1536K)->1056K(1536K)
[145.073s][info][gc,heap        ] GC(497) ParOldGen: 6796K(699392K)->6844K(699392K)
[145.073s][info][gc,metaspace   ] GC(497) Metaspace: 9929K(10240K)->9929K(10240K) NonClass: 8627K(8832K)->8627K(8832K) Class: 1302K(1408K)->1302K(1408K)
[145.073s][info][gc             ] GC(497) Pause Young (Allocation Failure) 62M->7M(740M) 0.966ms
[145.073s][info][gc,cpu         ] GC(497) User=0.00s Sys=0.00s Real=0.00s
[145.306s][info][gc,start       ] GC(498) Pause Young (Allocation Failure)
[145.307s][info][gc,heap        ] GC(498) PSYoungGen: 57888K(58368K)->704K(57856K) Eden: 56832K(56832K)->0K(56832K) From: 1056K(1536K)->704K(1024K)
[145.307s][info][gc,heap        ] GC(498) ParOldGen: 6844K(699392K)->7284K(699392K)
[145.307s][info][gc,metaspace   ] GC(498) Metaspace: 9929K(10240K)->9929K(10240K) NonClass: 8627K(8832K)->8627K(8832K) Class: 1302K(1408K)->1302K(1408K)
[145.307s][info][gc             ] GC(498) Pause Young (Allocation Failure) 63M->7M(739M) 1.316ms
[145.307s][info][gc,cpu         ] GC(498) User=0.00s Sys=0.00s Real=0.00s
[145.542s][info][gc,start       ] GC(499) Pause Young (Allocation Failure)
[145.543s][info][gc,heap        ] GC(499) PSYoungGen: 57536K(57856K)->640K(57856K) Eden: 56832K(56832K)->0K(56832K) From: 704K(1024K)->640K(1024K)
[145.543s][info][gc,heap        ] GC(499) ParOldGen: 7284K(699392K)->7284K(699392K)
[145.543s][info][gc,metaspace   ] GC(499) Metaspace: 9929K(10240K)->9929K(10240K) NonClass: 8627K(8832K)->8627K(8832K) Class: 1302K(1408K)->1302K(1408K)
[145.543s][info][gc             ] GC(499) Pause Young (Allocation Failure) 63M->7M(739M) 0.830ms
[145.543s][info][gc,cpu         ] GC(499) User=0.00s Sys=0.00s Real=0.00s
[145.779s][info][gc,start       ] GC(500) Pause Young (Allocation Failure)
[145.779s][info][gc,heap        ] GC(500) PSYoungGen: 57472K(57856K)->640K(57856K) Eden: 56832K(56832K)->0K(56832K) From: 640K(1024K)->640K(1024K)
[145.779s][info][gc,heap        ] GC(500) ParOldGen: 7284K(699392K)->7284K(699392K)
[145.780s][info][gc,metaspace   ] GC(500) Metaspace: 9929K(10240K)->9929K(10240K) NonClass: 8627K(8832K)->8627K(8832K) Class: 1302K(1408K)->1302K(1408K)
[145.780s][info][gc             ] GC(500) Pause Young (Allocation Failure) 63M->7M(739M) 1.002ms
[145.780s][info][gc,cpu         ] GC(500) User=0.00s Sys=0.00s Real=0.00s
[146.013s][info][gc,start       ] GC(501) Pause Young (Allocation Failure)
[146.014s][info][gc,heap        ] GC(501) PSYoungGen: 57472K(57856K)->704K(57856K) Eden: 56832K(56832K)->0K(56832K) From: 640K(1024K)->704K(1024K)
[146.014s][info][gc,heap        ] GC(501) ParOldGen: 7284K(699392K)->7284K(699392K)
[146.014s][info][gc,metaspace   ] GC(501) Metaspace: 9929K(10240K)->9929K(10240K) NonClass: 8627K(8832K)->8627K(8832K) Class: 1302K(1408K)->1302K(1408K)
[146.014s][info][gc             ] GC(501) Pause Young (Allocation Failure) 63M->7M(739M) 1.099ms
[146.014s][info][gc,cpu         ] GC(501) User=0.00s Sys=0.00s Real=0.00s
[146.245s][info][gc,start       ] GC(502) Pause Young (Allocation Failure)
[146.246s][info][gc,heap        ] GC(502) PSYoungGen: 57536K(57856K)->864K(57856K) Eden: 56832K(56832K)->0K(56832K) From: 704K(1024K)->864K(1024K)
[146.246s][info][gc,heap        ] GC(502) ParOldGen: 7284K(699392K)->7284K(699392K)
[146.246s][info][gc,metaspace   ] GC(502) Metaspace: 9929K(10240K)->9929K(10240K) NonClass: 8627K(8832K)->8627K(8832K) Class: 1302K(1408K)->1302K(1408K)
[146.246s][info][gc             ] GC(502) Pause Young (Allocation Failure) 63M->7M(739M) 1.046ms
[146.246s][info][gc,cpu         ] GC(502) User=0.00s Sys=0.00s Real=0.00s
[146.483s][info][gc,start       ] GC(503) Pause Young (Allocation Failure)
[146.484s][info][gc,heap        ] GC(503) PSYoungGen: 57695K(57856K)->736K(57856K) Eden: 56831K(56832K)->0K(56832K) From: 864K(1024K)->736K(1024K)
[146.484s][info][gc,heap        ] GC(503) ParOldGen: 7284K(699392K)->7548K(699392K)
[146.484s][info][gc,metaspace   ] GC(503) Metaspace: 9929K(10240K)->9929K(10240K) NonClass: 8627K(8832K)->8627K(8832K) Class: 1302K(1408K)->1302K(1408K)
[146.484s][info][gc             ] GC(503) Pause Young (Allocation Failure) 63M->8M(739M) 1.007ms
[146.484s][info][gc,cpu         ] GC(503) User=0.00s Sys=0.00s Real=0.00s
[146.724s][info][gc,start       ] GC(504) Pause Young (Allocation Failure)
[146.725s][info][gc,heap        ] GC(504) PSYoungGen: 57568K(57856K)->704K(57856K) Eden: 56832K(56832K)->0K(56832K) From: 736K(1024K)->704K(1024K)
[146.725s][info][gc,heap        ] GC(504) ParOldGen: 7548K(699392K)->7548K(699392K)
[146.725s][info][gc,metaspace   ] GC(504) Metaspace: 9929K(10240K)->9929K(10240K) NonClass: 8627K(8832K)->8627K(8832K) Class: 1302K(1408K)->1302K(1408K)
[146.725s][info][gc             ] GC(504) Pause Young (Allocation Failure) 63M->8M(739M) 0.984ms
[146.725s][info][gc,cpu         ] GC(504) User=0.00s Sys=0.00s Real=0.00s
[146.963s][info][gc,start       ] GC(505) Pause Young (Allocation Failure)
[146.964s][info][gc,heap        ] GC(505) PSYoungGen: 57536K(57856K)->736K(57856K) Eden: 56832K(56832K)->0K(56832K) From: 704K(1024K)->736K(1024K)
[146.964s][info][gc,heap        ] GC(505) ParOldGen: 7548K(699392K)->7548K(699392K)
[146.964s][info][gc,metaspace   ] GC(505) Metaspace: 9929K(10240K)->9929K(10240K) NonClass: 8627K(8832K)->8627K(8832K) Class: 1302K(1408K)->1302K(1408K)
[146.964s][info][gc             ] GC(505) Pause Young (Allocation Failure) 63M->8M(739M) 1.027ms
[146.964s][info][gc,cpu         ] GC(505) User=0.00s Sys=0.00s Real=0.00s
[147.193s][info][gc,start       ] GC(506) Pause Young (Allocation Failure)
[147.194s][info][gc,heap        ] GC(506) PSYoungGen: 57568K(57856K)->672K(57856K) Eden: 56832K(56832K)->0K(56832K) From: 736K(1024K)->672K(1024K)
[147.194s][info][gc,heap        ] GC(506) ParOldGen: 7548K(699392K)->7548K(699392K)
[147.194s][info][gc,metaspace   ] GC(506) Metaspace: 9929K(10240K)->9929K(10240K) NonClass: 8627K(8832K)->8627K(8832K) Class: 1302K(1408K)->1302K(1408K)
[147.194s][info][gc             ] GC(506) Pause Young (Allocation Failure) 63M->8M(739M) 1.019ms
[147.194s][info][gc,cpu         ] GC(506) User=0.00s Sys=0.00s Real=0.00s
[147.424s][info][gc,start       ] GC(507) Pause Young (Allocation Failure)
[147.425s][info][gc,heap        ] GC(507) PSYoungGen: 57504K(57856K)->672K(57856K) Eden: 56832K(56832K)->0K(56832K) From: 672K(1024K)->672K(1024K)
[147.425s][info][gc,heap        ] GC(507) ParOldGen: 7548K(699392K)->7548K(699392K)
[147.425s][info][gc,metaspace   ] GC(507) Metaspace: 9929K(10240K)->9929K(10240K) NonClass: 8627K(8832K)->8627K(8832K) Class: 1302K(1408K)->1302K(1408K)
[147.425s][info][gc             ] GC(507) Pause Young (Allocation Failure) 63M->8M(739M) 1.046ms
[147.425s][info][gc,cpu         ] GC(507) User=0.00s Sys=0.00s Real=0.00s
[147.654s][info][gc,start       ] GC(508) Pause Young (Allocation Failure)
[147.655s][info][gc,heap        ] GC(508) PSYoungGen: 57504K(57856K)->768K(57856K) Eden: 56832K(56832K)->0K(56832K) From: 672K(1024K)->768K(1024K)
[147.655s][info][gc,heap        ] GC(508) ParOldGen: 7548K(699392K)->7548K(699392K)
[147.655s][info][gc,metaspace   ] GC(508) Metaspace: 9929K(10240K)->9929K(10240K) NonClass: 8627K(8832K)->8627K(8832K) Class: 1302K(1408K)->1302K(1408K)
[147.655s][info][gc             ] GC(508) Pause Young (Allocation Failure) 63M->8M(739M) 0.982ms
[147.656s][info][gc,cpu         ] GC(508) User=0.00s Sys=0.00s Real=0.00s
[147.878s][info][gc,start       ] GC(509) Pause Young (Allocation Failure)
[147.879s][info][gc,heap        ] GC(509) PSYoungGen: 57600K(57856K)->736K(57856K) Eden: 56832K(56832K)->0K(56832K) From: 768K(1024K)->736K(1024K)
[147.879s][info][gc,heap        ] GC(509) ParOldGen: 7548K(699392K)->7548K(699392K)
[147.879s][info][gc,metaspace   ] GC(509) Metaspace: 9929K(10240K)->9929K(10240K) NonClass: 8627K(8832K)->8627K(8832K) Class: 1302K(1408K)->1302K(1408K)
[147.879s][info][gc             ] GC(509) Pause Young (Allocation Failure) 63M->8M(739M) 1.029ms
[147.879s][info][gc,cpu         ] GC(509) User=0.00s Sys=0.00s Real=0.00s
[148.113s][info][gc,start       ] GC(510) Pause Young (Allocation Failure)
[148.113s][info][gc,heap        ] GC(510) PSYoungGen: 57568K(57856K)->704K(57856K) Eden: 56832K(56832K)->0K(56832K) From: 736K(1024K)->704K(1024K)
[148.114s][info][gc,heap        ] GC(510) ParOldGen: 7548K(699392K)->7548K(699392K)
[148.114s][info][gc,metaspace   ] GC(510) Metaspace: 9929K(10240K)->9929K(10240K) NonClass: 8627K(8832K)->8627K(8832K) Class: 1302K(1408K)->1302K(1408K)
[148.114s][info][gc             ] GC(510) Pause Young (Allocation Failure) 63M->8M(739M) 1.007ms
[148.114s][info][gc,cpu         ] GC(510) User=0.00s Sys=0.00s Real=0.00s
[148.345s][info][gc,start       ] GC(511) Pause Young (Allocation Failure)
[148.346s][info][gc,heap        ] GC(511) PSYoungGen: 57536K(57856K)->576K(58368K) Eden: 56832K(56832K)->0K(56832K) From: 704K(1024K)->576K(1536K)
[148.346s][info][gc,heap        ] GC(511) ParOldGen: 7548K(699392K)->7548K(699392K)
[148.346s][info][gc,metaspace   ] GC(511) Metaspace: 9929K(10240K)->9929K(10240K) NonClass: 8627K(8832K)->8627K(8832K) Class: 1302K(1408K)->1302K(1408K)
[148.346s][info][gc             ] GC(511) Pause Young (Allocation Failure) 63M->7M(740M) 0.880ms
[148.346s][info][gc,cpu         ] GC(511) User=0.00s Sys=0.00s Real=0.00s
[148.577s][info][gc,start       ] GC(512) Pause Young (Allocation Failure)
[148.578s][info][gc,heap        ] GC(512) PSYoungGen: 57408K(58368K)->672K(58368K) Eden: 56832K(56832K)->0K(56832K) From: 576K(1536K)->672K(1536K)
[148.578s][info][gc,heap        ] GC(512) ParOldGen: 7548K(699392K)->7548K(699392K)
[148.578s][info][gc,metaspace   ] GC(512) Metaspace: 9929K(10240K)->9929K(10240K) NonClass: 8627K(8832K)->8627K(8832K) Class: 1302K(1408K)->1302K(1408K)
[148.578s][info][gc             ] GC(512) Pause Young (Allocation Failure) 63M->8M(740M) 0.876ms
[148.578s][info][gc,cpu         ] GC(512) User=0.02s Sys=0.00s Real=0.02s
[148.804s][info][gc,start       ] GC(513) Pause Young (Allocation Failure)
[148.805s][info][gc,heap        ] GC(513) PSYoungGen: 57504K(58368K)->672K(58368K) Eden: 56832K(56832K)->0K(56832K) From: 672K(1536K)->672K(1536K)
[148.805s][info][gc,heap        ] GC(513) ParOldGen: 7548K(699392K)->7548K(699392K)
[148.805s][info][gc,metaspace   ] GC(513) Metaspace: 9929K(10240K)->9929K(10240K) NonClass: 8627K(8832K)->8627K(8832K) Class: 1302K(1408K)->1302K(1408K)
[148.805s][info][gc             ] GC(513) Pause Young (Allocation Failure) 63M->8M(740M) 0.791ms
[148.805s][info][gc,cpu         ] GC(513) User=0.00s Sys=0.00s Real=0.00s
[149.034s][info][gc,start       ] GC(514) Pause Young (Allocation Failure)
[149.034s][info][gc,heap        ] GC(514) PSYoungGen: 57504K(58368K)->640K(58368K) Eden: 56832K(56832K)->0K(56832K) From: 672K(1536K)->640K(1536K)
[149.034s][info][gc,heap        ] GC(514) ParOldGen: 7548K(699392K)->7548K(699392K)
[149.034s][info][gc,metaspace   ] GC(514) Metaspace: 9929K(10240K)->9929K(10240K) NonClass: 8627K(8832K)->8627K(8832K) Class: 1302K(1408K)->1302K(1408K)
[149.034s][info][gc             ] GC(514) Pause Young (Allocation Failure) 63M->7M(740M) 0.810ms
[149.034s][info][gc,cpu         ] GC(514) User=0.00s Sys=0.00s Real=0.00s
[149.274s][info][gc,start       ] GC(515) Pause Young (Allocation Failure)
[149.274s][info][gc,heap        ] GC(515) PSYoungGen: 57472K(58368K)->704K(57856K) Eden: 56832K(56832K)->0K(56832K) From: 640K(1536K)->704K(1024K)
[149.274s][info][gc,heap        ] GC(515) ParOldGen: 7548K(699392K)->7548K(699392K)
[149.275s][info][gc,metaspace   ] GC(515) Metaspace: 9929K(10240K)->9929K(10240K) NonClass: 8627K(8832K)->8627K(8832K) Class: 1302K(1408K)->1302K(1408K)
[149.275s][info][gc             ] GC(515) Pause Young (Allocation Failure) 63M->8M(739M) 0.983ms
[149.275s][info][gc,cpu         ] GC(515) User=0.00s Sys=0.00s Real=0.00s
[149.497s][info][gc,start       ] GC(516) Pause Young (Allocation Failure)
[149.498s][info][gc,heap        ] GC(516) PSYoungGen: 57536K(57856K)->608K(57856K) Eden: 56832K(56832K)->0K(56832K) From: 704K(1024K)->608K(1024K)
[149.498s][info][gc,heap        ] GC(516) ParOldGen: 7548K(699392K)->7548K(699392K)
[149.498s][info][gc,metaspace   ] GC(516) Metaspace: 9929K(10240K)->9929K(10240K) NonClass: 8627K(8832K)->8627K(8832K) Class: 1302K(1408K)->1302K(1408K)
[149.498s][info][gc             ] GC(516) Pause Young (Allocation Failure) 63M->7M(739M) 1.028ms
[149.498s][info][gc,cpu         ] GC(516) User=0.00s Sys=0.00s Real=0.00s
[149.701s][info][gc,start       ] GC(517) Pause Young (System.gc())
[149.702s][info][gc,heap        ] GC(517) PSYoungGen: 50230K(57856K)->512K(57344K) Eden: 49622K(56832K)->0K(56832K) From: 608K(1024K)->512K(512K)
[149.702s][info][gc,heap        ] GC(517) ParOldGen: 7548K(699392K)->7676K(699392K)
[149.702s][info][gc,metaspace   ] GC(517) Metaspace: 9929K(10240K)->9929K(10240K) NonClass: 8627K(8832K)->8627K(8832K) Class: 1302K(1408K)->1302K(1408K)
[149.702s][info][gc             ] GC(517) Pause Young (System.gc()) 56M->7M(739M) 0.922ms
[149.702s][info][gc,cpu         ] GC(517) User=0.00s Sys=0.00s Real=0.00s
[149.702s][info][gc,start       ] GC(518) Pause Full (System.gc())
[149.702s][info][gc,phases,start] GC(518) Marking Phase
[149.715s][info][gc,phases      ] GC(518) Marking Phase 13.011ms
[149.715s][info][gc,phases,start] GC(518) Summary Phase
[149.715s][info][gc,phases      ] GC(518) Summary Phase 0.031ms
[149.715s][info][gc,phases,start] GC(518) Adjust Roots
[149.719s][info][gc,phases      ] GC(518) Adjust Roots 3.962ms
[149.719s][info][gc,phases,start] GC(518) Compaction Phase
[149.723s][info][gc,phases      ] GC(518) Compaction Phase 3.535ms
[149.723s][info][gc,phases,start] GC(518) Post Compact
[149.723s][info][gc,phases      ] GC(518) Post Compact 0.457ms
[149.723s][info][gc,heap        ] GC(518) PSYoungGen: 512K(57344K)->0K(57344K) Eden: 0K(56832K)->0K(56832K) From: 512K(512K)->0K(512K)
[149.723s][info][gc,heap        ] GC(518) ParOldGen: 7676K(699392K)->4076K(699392K)
[149.723s][info][gc,metaspace   ] GC(518) Metaspace: 9929K(10240K)->9929K(10240K) NonClass: 8627K(8832K)->8627K(8832K) Class: 1302K(1408K)->1302K(1408K)
[149.723s][info][gc             ] GC(518) Pause Full (System.gc()) 7M->3M(739M) 21.339ms
[149.724s][info][gc,cpu         ] GC(518) User=0.17s Sys=0.00s Real=0.02s
[149.961s][info][gc,start       ] GC(519) Pause Young (Allocation Failure)
[149.962s][info][gc,heap        ] GC(519) PSYoungGen: 56832K(57344K)->1024K(57856K) Eden: 56832K(56832K)->0K(56832K) From: 0K(512K)->1024K(1024K)
[149.962s][info][gc,heap        ] GC(519) ParOldGen: 4076K(699392K)->4300K(699392K)
[149.962s][info][gc,metaspace   ] GC(519) Metaspace: 9929K(10240K)->9929K(10240K) NonClass: 8627K(8832K)->8627K(8832K) Class: 1302K(1408K)->1302K(1408K)
[149.962s][info][gc             ] GC(519) Pause Young (Allocation Failure) 59M->5M(739M) 1.203ms
[149.962s][info][gc,cpu         ] GC(519) User=0.00s Sys=0.00s Real=0.00s
[150.192s][info][gc,start       ] GC(520) Pause Young (Allocation Failure)
[150.193s][info][gc,heap        ] GC(520) PSYoungGen: 57856K(57856K)->1280K(58368K) Eden: 56832K(56832K)->0K(56832K) From: 1024K(1024K)->1280K(1536K)
[150.193s][info][gc,heap        ] GC(520) ParOldGen: 4300K(699392K)->4660K(699392K)
[150.193s][info][gc,metaspace   ] GC(520) Metaspace: 9929K(10240K)->9929K(10240K) NonClass: 8627K(8832K)->8627K(8832K) Class: 1302K(1408K)->1302K(1408K)
[150.194s][info][gc             ] GC(520) Pause Young (Allocation Failure) 60M->5M(740M) 1.261ms
[150.194s][info][gc,cpu         ] GC(520) User=0.00s Sys=0.00s Real=0.00s
[150.426s][info][gc,start       ] GC(521) Pause Young (Allocation Failure)
[150.427s][info][gc,heap        ] GC(521) PSYoungGen: 58112K(58368K)->1152K(58368K) Eden: 56832K(56832K)->0K(56832K) From: 1280K(1536K)->1152K(1536K)
[150.427s][info][gc,heap        ] GC(521) ParOldGen: 4660K(699392K)->4964K(699392K)
[150.428s][info][gc,metaspace   ] GC(521) Metaspace: 9929K(10240K)->9929K(10240K) NonClass: 8627K(8832K)->8627K(8832K) Class: 1302K(1408K)->1302K(1408K)
[150.428s][info][gc             ] GC(521) Pause Young (Allocation Failure) 61M->5M(740M) 1.122ms
[150.428s][info][gc,cpu         ] GC(521) User=0.00s Sys=0.00s Real=0.00s
[150.654s][info][gc,start       ] GC(522) Pause Young (Allocation Failure)
[150.655s][info][gc,heap        ] GC(522) PSYoungGen: 57984K(58368K)->832K(58368K) Eden: 56832K(56832K)->0K(56832K) From: 1152K(1536K)->832K(1536K)
[150.655s][info][gc,heap        ] GC(522) ParOldGen: 4964K(699392K)->5372K(699392K)
[150.655s][info][gc,metaspace   ] GC(522) Metaspace: 9929K(10240K)->9929K(10240K) NonClass: 8627K(8832K)->8627K(8832K) Class: 1302K(1408K)->1302K(1408K)
[150.655s][info][gc             ] GC(522) Pause Young (Allocation Failure) 61M->6M(740M) 1.070ms
[150.655s][info][gc,cpu         ] GC(522) User=0.00s Sys=0.00s Real=0.00s
[150.882s][info][gc,start       ] GC(523) Pause Young (Allocation Failure)
[150.883s][info][gc,heap        ] GC(523) PSYoungGen: 57664K(58368K)->736K(58368K) Eden: 56832K(56832K)->0K(56832K) From: 832K(1536K)->736K(1536K)
[150.883s][info][gc,heap        ] GC(523) ParOldGen: 5372K(699392K)->5652K(699392K)
[150.883s][info][gc,metaspace   ] GC(523) Metaspace: 9929K(10240K)->9929K(10240K) NonClass: 8627K(8832K)->8627K(8832K) Class: 1302K(1408K)->1302K(1408K)
[150.883s][info][gc             ] GC(523) Pause Young (Allocation Failure) 61M->6M(740M) 0.919ms
[150.883s][info][gc,cpu         ] GC(523) User=0.00s Sys=0.00s Real=0.00s
[151.123s][info][gc,start       ] GC(524) Pause Young (Allocation Failure)
[151.124s][info][gc,heap        ] GC(524) PSYoungGen: 57568K(58368K)->960K(58368K) Eden: 56832K(56832K)->0K(56832K) From: 736K(1536K)->960K(1536K)
[151.124s][info][gc,heap        ] GC(524) ParOldGen: 5652K(699392K)->5684K(699392K)
[151.124s][info][gc,metaspace   ] GC(524) Metaspace: 9929K(10240K)->9929K(10240K) NonClass: 8627K(8832K)->8627K(8832K) Class: 1302K(1408K)->1302K(1408K)
[151.124s][info][gc             ] GC(524) Pause Young (Allocation Failure) 61M->6M(740M) 0.952ms
[151.124s][info][gc,cpu         ] GC(524) User=0.00s Sys=0.00s Real=0.00s
[151.353s][info][gc,start       ] GC(525) Pause Young (Allocation Failure)
[151.354s][info][gc,heap        ] GC(525) PSYoungGen: 57792K(58368K)->928K(58368K) Eden: 56832K(56832K)->0K(56832K) From: 960K(1536K)->928K(1536K)
[151.354s][info][gc,heap        ] GC(525) ParOldGen: 5684K(699392K)->5740K(699392K)
[151.354s][info][gc,metaspace   ] GC(525) Metaspace: 9929K(10240K)->9929K(10240K) NonClass: 8627K(8832K)->8627K(8832K) Class: 1302K(1408K)->1302K(1408K)
[151.354s][info][gc             ] GC(525) Pause Young (Allocation Failure) 61M->6M(740M) 0.890ms
[151.354s][info][gc,cpu         ] GC(525) User=0.00s Sys=0.00s Real=0.00s
[151.601s][info][gc,start       ] GC(526) Pause Young (Allocation Failure)
[151.602s][info][gc,heap        ] GC(526) PSYoungGen: 57760K(58368K)->736K(58368K) Eden: 56832K(56832K)->0K(56832K) From: 928K(1536K)->736K(1536K)
[151.602s][info][gc,heap        ] GC(526) ParOldGen: 5740K(699392K)->6036K(699392K)
[151.602s][info][gc,metaspace   ] GC(526) Metaspace: 9929K(10240K)->9929K(10240K) NonClass: 8627K(8832K)->8627K(8832K) Class: 1302K(1408K)->1302K(1408K)
[151.602s][info][gc             ] GC(526) Pause Young (Allocation Failure) 62M->6M(740M) 0.906ms
[151.602s][info][gc,cpu         ] GC(526) User=0.00s Sys=0.00s Real=0.00s
[151.833s][info][gc,start       ] GC(527) Pause Young (Allocation Failure)
[151.834s][info][gc,heap        ] GC(527) PSYoungGen: 57568K(58368K)->928K(58368K) Eden: 56832K(56832K)->0K(56832K) From: 736K(1536K)->928K(1536K)
[151.834s][info][gc,heap        ] GC(527) ParOldGen: 6036K(699392K)->6036K(699392K)
[151.834s][info][gc,metaspace   ] GC(527) Metaspace: 9929K(10240K)->9929K(10240K) NonClass: 8627K(8832K)->8627K(8832K) Class: 1302K(1408K)->1302K(1408K)
[151.834s][info][gc             ] GC(527) Pause Young (Allocation Failure) 62M->6M(740M) 0.900ms
[151.834s][info][gc,cpu         ] GC(527) User=0.00s Sys=0.00s Real=0.00s
[152.066s][info][gc,start       ] GC(528) Pause Young (Allocation Failure)
[152.067s][info][gc,heap        ] GC(528) PSYoungGen: 57760K(58368K)->832K(58368K) Eden: 56832K(56832K)->0K(56832K) From: 928K(1536K)->832K(1536K)
[152.067s][info][gc,heap        ] GC(528) ParOldGen: 6036K(699392K)->6284K(699392K)
[152.067s][info][gc,metaspace   ] GC(528) Metaspace: 9929K(10240K)->9929K(10240K) NonClass: 8627K(8832K)->8627K(8832K) Class: 1302K(1408K)->1302K(1408K)
[152.067s][info][gc             ] GC(528) Pause Young (Allocation Failure) 62M->6M(740M) 0.979ms
[152.067s][info][gc,cpu         ] GC(528) User=0.00s Sys=0.00s Real=0.00s
[152.292s][info][gc,start       ] GC(529) Pause Young (Allocation Failure)
[152.293s][info][gc,heap        ] GC(529) PSYoungGen: 57664K(58368K)->896K(58368K) Eden: 56832K(56832K)->0K(56832K) From: 832K(1536K)->896K(1536K)
[152.293s][info][gc,heap        ] GC(529) ParOldGen: 6284K(699392K)->6284K(699392K)
[152.293s][info][gc,metaspace   ] GC(529) Metaspace: 9929K(10240K)->9929K(10240K) NonClass: 8627K(8832K)->8627K(8832K) Class: 1302K(1408K)->1302K(1408K)
[152.293s][info][gc             ] GC(529) Pause Young (Allocation Failure) 62M->7M(740M) 0.861ms
[152.293s][info][gc,cpu         ] GC(529) User=0.00s Sys=0.00s Real=0.00s
[152.531s][info][gc,start       ] GC(530) Pause Young (Allocation Failure)
[152.532s][info][gc,heap        ] GC(530) PSYoungGen: 57728K(58368K)->1024K(58368K) Eden: 56832K(56832K)->0K(56832K) From: 896K(1536K)->1024K(1536K)
[152.532s][info][gc,heap        ] GC(530) ParOldGen: 6284K(699392K)->6540K(699392K)
[152.532s][info][gc,metaspace   ] GC(530) Metaspace: 9929K(10240K)->9929K(10240K) NonClass: 8627K(8832K)->8627K(8832K) Class: 1302K(1408K)->1302K(1408K)
[152.532s][info][gc             ] GC(530) Pause Young (Allocation Failure) 62M->7M(740M) 1.037ms
[152.532s][info][gc,cpu         ] GC(530) User=0.00s Sys=0.00s Real=0.00s
[152.765s][info][gc,start       ] GC(531) Pause Young (Allocation Failure)
[152.766s][info][gc,heap        ] GC(531) PSYoungGen: 57856K(58368K)->800K(58368K) Eden: 56832K(56832K)->0K(56832K) From: 1024K(1536K)->800K(1536K)
[152.766s][info][gc,heap        ] GC(531) ParOldGen: 6540K(699392K)->6828K(699392K)
[152.766s][info][gc,metaspace   ] GC(531) Metaspace: 9929K(10240K)->9929K(10240K) NonClass: 8627K(8832K)->8627K(8832K) Class: 1302K(1408K)->1302K(1408K)
[152.766s][info][gc             ] GC(531) Pause Young (Allocation Failure) 62M->7M(740M) 0.935ms
[152.766s][info][gc,cpu         ] GC(531) User=0.00s Sys=0.00s Real=0.00s
[153.004s][info][gc,start       ] GC(532) Pause Young (Allocation Failure)
[153.004s][info][gc,heap        ] GC(532) PSYoungGen: 57632K(58368K)->672K(58368K) Eden: 56832K(56832K)->0K(56832K) From: 800K(1536K)->672K(1536K)
[153.004s][info][gc,heap        ] GC(532) ParOldGen: 6828K(699392K)->6828K(699392K)
[153.004s][info][gc,metaspace   ] GC(532) Metaspace: 9929K(10240K)->9929K(10240K) NonClass: 8627K(8832K)->8627K(8832K) Class: 1302K(1408K)->1302K(1408K)
[153.005s][info][gc             ] GC(532) Pause Young (Allocation Failure) 62M->7M(740M) 0.835ms
[153.005s][info][gc,cpu         ] GC(532) User=0.00s Sys=0.00s Real=0.00s
[153.235s][info][gc,start       ] GC(533) Pause Young (Allocation Failure)
[153.236s][info][gc,heap        ] GC(533) PSYoungGen: 57504K(58368K)->832K(58368K) Eden: 56832K(56832K)->0K(56832K) From: 672K(1536K)->832K(1536K)
[153.236s][info][gc,heap        ] GC(533) ParOldGen: 6828K(699392K)->6916K(699392K)
[153.236s][info][gc,metaspace   ] GC(533) Metaspace: 9929K(10240K)->9929K(10240K) NonClass: 8627K(8832K)->8627K(8832K) Class: 1302K(1408K)->1302K(1408K)
[153.236s][info][gc             ] GC(533) Pause Young (Allocation Failure) 62M->7M(740M) 0.866ms
[153.236s][info][gc,cpu         ] GC(533) User=0.00s Sys=0.00s Real=0.00s
[153.469s][info][gc,start       ] GC(534) Pause Young (Allocation Failure)
[153.470s][info][gc,heap        ] GC(534) PSYoungGen: 57664K(58368K)->704K(58368K) Eden: 56832K(56832K)->0K(56832K) From: 832K(1536K)->704K(1536K)
[153.470s][info][gc,heap        ] GC(534) ParOldGen: 6916K(699392K)->7156K(699392K)
[153.470s][info][gc,metaspace   ] GC(534) Metaspace: 9929K(10240K)->9929K(10240K) NonClass: 8627K(8832K)->8627K(8832K) Class: 1302K(1408K)->1302K(1408K)
[153.470s][info][gc             ] GC(534) Pause Young (Allocation Failure) 63M->7M(740M) 0.902ms
[153.470s][info][gc,cpu         ] GC(534) User=0.00s Sys=0.00s Real=0.00s
[153.708s][info][gc,start       ] GC(535) Pause Young (Allocation Failure)
[153.709s][info][gc,heap        ] GC(535) PSYoungGen: 57535K(58368K)->832K(58368K) Eden: 56831K(56832K)->0K(56832K) From: 704K(1536K)->832K(1536K)
[153.709s][info][gc,heap        ] GC(535) ParOldGen: 7156K(699392K)->7156K(699392K)
[153.709s][info][gc,metaspace   ] GC(535) Metaspace: 9929K(10240K)->9929K(10240K) NonClass: 8627K(8832K)->8627K(8832K) Class: 1302K(1408K)->1302K(1408K)
[153.709s][info][gc             ] GC(535) Pause Young (Allocation Failure) 63M->7M(740M) 0.849ms
[153.709s][info][gc,cpu         ] GC(535) User=0.00s Sys=0.00s Real=0.00s
[153.942s][info][gc,start       ] GC(536) Pause Young (Allocation Failure)
[153.943s][info][gc,heap        ] GC(536) PSYoungGen: 57664K(58368K)->704K(58368K) Eden: 56832K(56832K)->0K(56832K) From: 832K(1536K)->704K(1536K)
[153.943s][info][gc,heap        ] GC(536) ParOldGen: 7156K(699392K)->7420K(699392K)
[153.943s][info][gc,metaspace   ] GC(536) Metaspace: 9929K(10240K)->9929K(10240K) NonClass: 8627K(8832K)->8627K(8832K) Class: 1302K(1408K)->1302K(1408K)
[153.943s][info][gc             ] GC(536) Pause Young (Allocation Failure) 63M->7M(740M) 0.888ms
[153.943s][info][gc,cpu         ] GC(536) User=0.00s Sys=0.00s Real=0.00s
[154.185s][info][gc,start       ] GC(537) Pause Young (Allocation Failure)
[154.186s][info][gc,heap        ] GC(537) PSYoungGen: 57536K(58368K)->928K(58368K) Eden: 56832K(56832K)->0K(56832K) From: 704K(1536K)->928K(1536K)
[154.186s][info][gc,heap        ] GC(537) ParOldGen: 7420K(699392K)->7492K(699392K)
[154.186s][info][gc,metaspace   ] GC(537) Metaspace: 9929K(10240K)->9929K(10240K) NonClass: 8627K(8832K)->8627K(8832K) Class: 1302K(1408K)->1302K(1408K)
[154.186s][info][gc             ] GC(537) Pause Young (Allocation Failure) 63M->8M(740M) 0.910ms
[154.186s][info][gc,cpu         ] GC(537) User=0.00s Sys=0.00s Real=0.00s
[154.422s][info][gc,start       ] GC(538) Pause Young (Allocation Failure)
[154.422s][info][gc,heap        ] GC(538) PSYoungGen: 57760K(58368K)->768K(58368K) Eden: 56832K(56832K)->0K(56832K) From: 928K(1536K)->768K(1536K)
[154.422s][info][gc,heap        ] GC(538) ParOldGen: 7492K(699392K)->7748K(699392K)
[154.422s][info][gc,metaspace   ] GC(538) Metaspace: 9929K(10240K)->9929K(10240K) NonClass: 8627K(8832K)->8627K(8832K) Class: 1302K(1408K)->1302K(1408K)
[154.422s][info][gc             ] GC(538) Pause Young (Allocation Failure) 63M->8M(740M) 0.913ms
[154.422s][info][gc,cpu         ] GC(538) User=0.00s Sys=0.00s Real=0.00s
[154.660s][info][gc,start       ] GC(539) Pause Young (Allocation Failure)
[154.661s][info][gc,heap        ] GC(539) PSYoungGen: 57600K(58368K)->608K(58368K) Eden: 56832K(56832K)->0K(56832K) From: 768K(1536K)->608K(1536K)
[154.661s][info][gc,heap        ] GC(539) ParOldGen: 7748K(699392K)->7748K(699392K)
[154.661s][info][gc,metaspace   ] GC(539) Metaspace: 9929K(10240K)->9929K(10240K) NonClass: 8627K(8832K)->8627K(8832K) Class: 1302K(1408K)->1302K(1408K)
[154.661s][info][gc             ] GC(539) Pause Young (Allocation Failure) 63M->8M(740M) 0.816ms
[154.661s][info][gc,cpu         ] GC(539) User=0.00s Sys=0.00s Real=0.00s
[154.889s][info][gc,start       ] GC(540) Pause Young (Allocation Failure)
[154.889s][info][gc,heap        ] GC(540) PSYoungGen: 57440K(58368K)->768K(58368K) Eden: 56832K(56832K)->0K(56832K) From: 608K(1536K)->768K(1536K)
[154.889s][info][gc,heap        ] GC(540) ParOldGen: 7748K(699392K)->7748K(699392K)
[154.890s][info][gc,metaspace   ] GC(540) Metaspace: 9929K(10240K)->9929K(10240K) NonClass: 8627K(8832K)->8627K(8832K) Class: 1302K(1408K)->1302K(1408K)
[154.890s][info][gc             ] GC(540) Pause Young (Allocation Failure) 63M->8M(740M) 0.836ms
[154.890s][info][gc,cpu         ] GC(540) User=0.00s Sys=0.00s Real=0.00s
[155.111s][info][gc,start       ] GC(541) Pause Young (Allocation Failure)
[155.112s][info][gc,heap        ] GC(541) PSYoungGen: 57600K(58368K)->832K(58368K) Eden: 56832K(56832K)->0K(56832K) From: 768K(1536K)->832K(1536K)
[155.112s][info][gc,heap        ] GC(541) ParOldGen: 7748K(699392K)->7748K(699392K)
[155.112s][info][gc,metaspace   ] GC(541) Metaspace: 9929K(10240K)->9929K(10240K) NonClass: 8627K(8832K)->8627K(8832K) Class: 1302K(1408K)->1302K(1408K)
[155.112s][info][gc             ] GC(541) Pause Young (Allocation Failure) 63M->8M(740M) 0.872ms
[155.112s][info][gc,cpu         ] GC(541) User=0.02s Sys=0.00s Real=0.02s
[155.342s][info][gc,start       ] GC(542) Pause Young (Allocation Failure)
[155.343s][info][gc,heap        ] GC(542) PSYoungGen: 57664K(58368K)->768K(58368K) Eden: 56832K(56832K)->0K(56832K) From: 832K(1536K)->768K(1536K)
[155.343s][info][gc,heap        ] GC(542) ParOldGen: 7748K(699392K)->7748K(699392K)
[155.343s][info][gc,metaspace   ] GC(542) Metaspace: 9929K(10240K)->9929K(10240K) NonClass: 8627K(8832K)->8627K(8832K) Class: 1302K(1408K)->1302K(1408K)
[155.343s][info][gc             ] GC(542) Pause Young (Allocation Failure) 63M->8M(740M) 0.836ms
[155.343s][info][gc,cpu         ] GC(542) User=0.00s Sys=0.00s Real=0.00s
[155.568s][info][gc,start       ] GC(543) Pause Young (Allocation Failure)
[155.568s][info][gc,heap        ] GC(543) PSYoungGen: 57600K(58368K)->640K(58368K) Eden: 56832K(56832K)->0K(56832K) From: 768K(1536K)->640K(1536K)
[155.568s][info][gc,heap        ] GC(543) ParOldGen: 7748K(699392K)->7748K(699392K)
[155.568s][info][gc,metaspace   ] GC(543) Metaspace: 9929K(10240K)->9929K(10240K) NonClass: 8627K(8832K)->8627K(8832K) Class: 1302K(1408K)->1302K(1408K)
[155.568s][info][gc             ] GC(543) Pause Young (Allocation Failure) 63M->8M(740M) 0.808ms
[155.568s][info][gc,cpu         ] GC(543) User=0.00s Sys=0.00s Real=0.00s
[155.800s][info][gc,start       ] GC(544) Pause Young (Allocation Failure)
[155.800s][info][gc,heap        ] GC(544) PSYoungGen: 57472K(58368K)->672K(58368K) Eden: 56832K(56832K)->0K(56832K) From: 640K(1536K)->672K(1536K)
[155.800s][info][gc,heap        ] GC(544) ParOldGen: 7748K(699392K)->7748K(699392K)
[155.800s][info][gc,metaspace   ] GC(544) Metaspace: 9929K(10240K)->9929K(10240K) NonClass: 8627K(8832K)->8627K(8832K) Class: 1302K(1408K)->1302K(1408K)
[155.801s][info][gc             ] GC(544) Pause Young (Allocation Failure) 63M->8M(740M) 0.865ms
[155.801s][info][gc,cpu         ] GC(544) User=0.00s Sys=0.00s Real=0.00s
[156.030s][info][gc,start       ] GC(545) Pause Young (Allocation Failure)
[156.030s][info][gc,heap        ] GC(545) PSYoungGen: 57504K(58368K)->576K(58368K) Eden: 56832K(56832K)->0K(56832K) From: 672K(1536K)->576K(1536K)
[156.030s][info][gc,heap        ] GC(545) ParOldGen: 7748K(699392K)->7748K(699392K)
[156.030s][info][gc,metaspace   ] GC(545) Metaspace: 9929K(10240K)->9929K(10240K) NonClass: 8627K(8832K)->8627K(8832K) Class: 1302K(1408K)->1302K(1408K)
[156.030s][info][gc             ] GC(545) Pause Young (Allocation Failure) 63M->8M(740M) 0.807ms
[156.031s][info][gc,cpu         ] GC(545) User=0.00s Sys=0.00s Real=0.00s
[156.254s][info][gc,start       ] GC(546) Pause Young (Allocation Failure)
[156.255s][info][gc,heap        ] GC(546) PSYoungGen: 57408K(58368K)->736K(57856K) Eden: 56832K(56832K)->0K(56832K) From: 576K(1536K)->736K(1024K)
[156.255s][info][gc,heap        ] GC(546) ParOldGen: 7748K(699392K)->7748K(699392K)
[156.255s][info][gc,metaspace   ] GC(546) Metaspace: 9929K(10240K)->9929K(10240K) NonClass: 8627K(8832K)->8627K(8832K) Class: 1302K(1408K)->1302K(1408K)
[156.255s][info][gc             ] GC(546) Pause Young (Allocation Failure) 63M->8M(739M) 0.897ms
[156.255s][info][gc,cpu         ] GC(546) User=0.00s Sys=0.00s Real=0.00s
[156.462s][info][gc,start       ] GC(547) Pause Young (System.gc())
[156.462s][info][gc,heap        ] GC(547) PSYoungGen: 50881K(57856K)->544K(57856K) Eden: 50145K(56832K)->0K(56832K) From: 736K(1024K)->544K(1024K)
[156.462s][info][gc,heap        ] GC(547) ParOldGen: 7748K(699392K)->7748K(699392K)
[156.462s][info][gc,metaspace   ] GC(547) Metaspace: 9929K(10240K)->9929K(10240K) NonClass: 8627K(8832K)->8627K(8832K) Class: 1302K(1408K)->1302K(1408K)
[156.462s][info][gc             ] GC(547) Pause Young (System.gc()) 57M->8M(739M) 0.790ms
[156.462s][info][gc,cpu         ] GC(547) User=0.00s Sys=0.00s Real=0.00s
[156.463s][info][gc,start       ] GC(548) Pause Full (System.gc())
[156.463s][info][gc,phases,start] GC(548) Marking Phase
[156.475s][info][gc,phases      ] GC(548) Marking Phase 11.988ms
[156.475s][info][gc,phases,start] GC(548) Summary Phase
[156.475s][info][gc,phases      ] GC(548) Summary Phase 0.021ms
[156.475s][info][gc,phases,start] GC(548) Adjust Roots
[156.479s][info][gc,phases      ] GC(548) Adjust Roots 4.184ms
[156.479s][info][gc,phases,start] GC(548) Compaction Phase
[156.482s][info][gc,phases      ] GC(548) Compaction Phase 3.524ms
[156.482s][info][gc,phases,start] GC(548) Post Compact
[156.483s][info][gc,phases      ] GC(548) Post Compact 0.409ms
[156.483s][info][gc,heap        ] GC(548) PSYoungGen: 544K(57856K)->0K(57856K) Eden: 0K(56832K)->0K(56832K) From: 544K(1024K)->0K(1024K)
[156.483s][info][gc,heap        ] GC(548) ParOldGen: 7748K(699392K)->4076K(699392K)
[156.483s][info][gc,metaspace   ] GC(548) Metaspace: 9929K(10240K)->9929K(10240K) NonClass: 8627K(8832K)->8627K(8832K) Class: 1302K(1408K)->1302K(1408K)
[156.483s][info][gc             ] GC(548) Pause Full (System.gc()) 8M->3M(739M) 20.368ms
[156.483s][info][gc,cpu         ] GC(548) User=0.02s Sys=0.00s Real=0.02s
[156.714s][info][gc,start       ] GC(549) Pause Young (Allocation Failure)
[156.715s][info][gc,heap        ] GC(549) PSYoungGen: 56832K(57856K)->1376K(58368K) Eden: 56832K(56832K)->0K(56832K) From: 0K(1024K)->1376K(1536K)
[156.716s][info][gc,heap        ] GC(549) ParOldGen: 4076K(699392K)->4076K(699392K)
[156.716s][info][gc,metaspace   ] GC(549) Metaspace: 9935K(10240K)->9935K(10240K) NonClass: 8632K(8832K)->8632K(8832K) Class: 1302K(1408K)->1302K(1408K)
[156.716s][info][gc             ] GC(549) Pause Young (Allocation Failure) 59M->5M(740M) 1.145ms
[156.716s][info][gc,cpu         ] GC(549) User=0.00s Sys=0.00s Real=0.00s
[156.954s][info][gc,start       ] GC(550) Pause Young (Allocation Failure)
[156.955s][info][gc,heap        ] GC(550) PSYoungGen: 58208K(58368K)->1216K(58368K) Eden: 56832K(56832K)->0K(56832K) From: 1376K(1536K)->1216K(1536K)
[156.955s][info][gc,heap        ] GC(550) ParOldGen: 4076K(699392K)->4516K(699392K)
[156.955s][info][gc,metaspace   ] GC(550) Metaspace: 9935K(10240K)->9935K(10240K) NonClass: 8632K(8832K)->8632K(8832K) Class: 1302K(1408K)->1302K(1408K)
[156.956s][info][gc             ] GC(550) Pause Young (Allocation Failure) 60M->5M(740M) 1.185ms
[156.956s][info][gc,cpu         ] GC(550) User=0.02s Sys=0.00s Real=0.02s
[157.191s][info][gc,start       ] GC(551) Pause Young (Allocation Failure)
[157.192s][info][gc,heap        ] GC(551) PSYoungGen: 58048K(58368K)->832K(58368K) Eden: 56832K(56832K)->0K(56832K) From: 1216K(1536K)->832K(1536K)
[157.192s][info][gc,heap        ] GC(551) ParOldGen: 4516K(699392K)->4980K(699392K)
[157.192s][info][gc,metaspace   ] GC(551) Metaspace: 9935K(10240K)->9935K(10240K) NonClass: 8632K(8832K)->8632K(8832K) Class: 1302K(1408K)->1302K(1408K)
[157.192s][info][gc             ] GC(551) Pause Young (Allocation Failure) 61M->5M(740M) 1.089ms
[157.192s][info][gc,cpu         ] GC(551) User=0.00s Sys=0.00s Real=0.00s
[157.415s][info][gc,start       ] GC(552) Pause Young (Allocation Failure)
[157.415s][info][gc,heap        ] GC(552) PSYoungGen: 57664K(58368K)->672K(58368K) Eden: 56832K(56832K)->0K(56832K) From: 832K(1536K)->672K(1536K)
[157.415s][info][gc,heap        ] GC(552) ParOldGen: 4980K(699392K)->4980K(699392K)
[157.416s][info][gc,metaspace   ] GC(552) Metaspace: 9935K(10240K)->9935K(10240K) NonClass: 8632K(8832K)->8632K(8832K) Class: 1302K(1408K)->1302K(1408K)
[157.416s][info][gc             ] GC(552) Pause Young (Allocation Failure) 61M->5M(740M) 0.826ms
[157.416s][info][gc,cpu         ] GC(552) User=0.00s Sys=0.00s Real=0.00s
[157.651s][info][gc,start       ] GC(553) Pause Young (Allocation Failure)
[157.652s][info][gc,heap        ] GC(553) PSYoungGen: 57504K(58368K)->704K(58368K) Eden: 56832K(56832K)->0K(56832K) From: 672K(1536K)->704K(1536K)
[157.652s][info][gc,heap        ] GC(553) ParOldGen: 4980K(699392K)->4980K(699392K)
[157.652s][info][gc,metaspace   ] GC(553) Metaspace: 9935K(10240K)->9935K(10240K) NonClass: 8632K(8832K)->8632K(8832K) Class: 1302K(1408K)->1302K(1408K)
[157.652s][info][gc             ] GC(553) Pause Young (Allocation Failure) 61M->5M(740M) 0.860ms
[157.652s][info][gc,cpu         ] GC(553) User=0.00s Sys=0.00s Real=0.00s
[157.888s][info][gc,start       ] GC(554) Pause Young (Allocation Failure)
[157.889s][info][gc,heap        ] GC(554) PSYoungGen: 57536K(58368K)->896K(58368K) Eden: 56832K(56832K)->0K(56832K) From: 704K(1536K)->896K(1536K)
[157.889s][info][gc,heap        ] GC(554) ParOldGen: 4980K(699392K)->5044K(699392K)
[157.889s][info][gc,metaspace   ] GC(554) Metaspace: 9935K(10240K)->9935K(10240K) NonClass: 8632K(8832K)->8632K(8832K) Class: 1302K(1408K)->1302K(1408K)
[157.889s][info][gc             ] GC(554) Pause Young (Allocation Failure) 61M->5M(740M) 0.884ms
[157.889s][info][gc,cpu         ] GC(554) User=0.00s Sys=0.00s Real=0.00s
[158.123s][info][gc,start       ] GC(555) Pause Young (Allocation Failure)
[158.124s][info][gc,heap        ] GC(555) PSYoungGen: 57728K(58368K)->1056K(58368K) Eden: 56832K(56832K)->0K(56832K) From: 896K(1536K)->1056K(1536K)
[158.124s][info][gc,heap        ] GC(555) ParOldGen: 5044K(699392K)->5308K(699392K)
[158.124s][info][gc,metaspace   ] GC(555) Metaspace: 9935K(10240K)->9935K(10240K) NonClass: 8632K(8832K)->8632K(8832K) Class: 1302K(1408K)->1302K(1408K)
[158.124s][info][gc             ] GC(555) Pause Young (Allocation Failure) 61M->6M(740M) 1.014ms
[158.124s][info][gc,cpu         ] GC(555) User=0.00s Sys=0.00s Real=0.00s
[158.356s][info][gc,start       ] GC(556) Pause Young (Allocation Failure)
[158.356s][info][gc,heap        ] GC(556) PSYoungGen: 57888K(58368K)->928K(58368K) Eden: 56832K(56832K)->0K(56832K) From: 1056K(1536K)->928K(1536K)
[158.357s][info][gc,heap        ] GC(556) ParOldGen: 5308K(699392K)->5572K(699392K)
[158.357s][info][gc,metaspace   ] GC(556) Metaspace: 9935K(10240K)->9935K(10240K) NonClass: 8632K(8832K)->8632K(8832K) Class: 1302K(1408K)->1302K(1408K)
[158.357s][info][gc             ] GC(556) Pause Young (Allocation Failure) 61M->6M(740M) 1.006ms
[158.357s][info][gc,cpu         ] GC(556) User=0.00s Sys=0.00s Real=0.00s
[158.585s][info][gc,start       ] GC(557) Pause Young (Allocation Failure)
[158.586s][info][gc,heap        ] GC(557) PSYoungGen: 57760K(58368K)->896K(58368K) Eden: 56832K(56832K)->0K(56832K) From: 928K(1536K)->896K(1536K)
[158.586s][info][gc,heap        ] GC(557) ParOldGen: 5572K(699392K)->5812K(699392K)
[158.586s][info][gc,metaspace   ] GC(557) Metaspace: 9935K(10240K)->9935K(10240K) NonClass: 8632K(8832K)->8632K(8832K) Class: 1302K(1408K)->1302K(1408K)
[158.586s][info][gc             ] GC(557) Pause Young (Allocation Failure) 61M->6M(740M) 0.956ms
[158.586s][info][gc,cpu         ] GC(557) User=0.00s Sys=0.00s Real=0.00s
[158.826s][info][gc,start       ] GC(558) Pause Young (Allocation Failure)
[158.827s][info][gc,heap        ] GC(558) PSYoungGen: 57728K(58368K)->704K(58368K) Eden: 56832K(56832K)->0K(56832K) From: 896K(1536K)->704K(1536K)
[158.827s][info][gc,heap        ] GC(558) ParOldGen: 5812K(699392K)->6076K(699392K)
[158.827s][info][gc,metaspace   ] GC(558) Metaspace: 9935K(10240K)->9935K(10240K) NonClass: 8632K(8832K)->8632K(8832K) Class: 1302K(1408K)->1302K(1408K)
[158.827s][info][gc             ] GC(558) Pause Young (Allocation Failure) 62M->6M(740M) 0.902ms
[158.827s][info][gc,cpu         ] GC(558) User=0.00s Sys=0.00s Real=0.00s
[159.065s][info][gc,start       ] GC(559) Pause Young (Allocation Failure)
[159.066s][info][gc,heap        ] GC(559) PSYoungGen: 57536K(58368K)->736K(58368K) Eden: 56832K(56832K)->0K(56832K) From: 704K(1536K)->736K(1536K)
[159.066s][info][gc,heap        ] GC(559) ParOldGen: 6076K(699392K)->6076K(699392K)
[159.066s][info][gc,metaspace   ] GC(559) Metaspace: 9935K(10240K)->9935K(10240K) NonClass: 8632K(8832K)->8632K(8832K) Class: 1302K(1408K)->1302K(1408K)
[159.066s][info][gc             ] GC(559) Pause Young (Allocation Failure) 62M->6M(740M) 0.849ms
[159.066s][info][gc,cpu         ] GC(559) User=0.00s Sys=0.00s Real=0.00s
[159.295s][info][gc,start       ] GC(560) Pause Young (Allocation Failure)
[159.295s][info][gc,heap        ] GC(560) PSYoungGen: 57568K(58368K)->736K(58368K) Eden: 56832K(56832K)->0K(56832K) From: 736K(1536K)->736K(1536K)
[159.295s][info][gc,heap        ] GC(560) ParOldGen: 6076K(699392K)->6076K(699392K)
[159.295s][info][gc,metaspace   ] GC(560) Metaspace: 9935K(10240K)->9935K(10240K) NonClass: 8632K(8832K)->8632K(8832K) Class: 1302K(1408K)->1302K(1408K)
[159.295s][info][gc             ] GC(560) Pause Young (Allocation Failure) 62M->6M(740M) 0.846ms
[159.295s][info][gc,cpu         ] GC(560) User=0.00s Sys=0.00s Real=0.00s
[159.523s][info][gc,start       ] GC(561) Pause Young (Allocation Failure)
[159.524s][info][gc,heap        ] GC(561) PSYoungGen: 57568K(58368K)->736K(58368K) Eden: 56832K(56832K)->0K(56832K) From: 736K(1536K)->736K(1536K)
[159.524s][info][gc,heap        ] GC(561) ParOldGen: 6076K(699392K)->6076K(699392K)
[159.524s][info][gc,metaspace   ] GC(561) Metaspace: 9935K(10240K)->9935K(10240K) NonClass: 8632K(8832K)->8632K(8832K) Class: 1302K(1408K)->1302K(1408K)
[159.524s][info][gc             ] GC(561) Pause Young (Allocation Failure) 62M->6M(740M) 0.851ms
[159.524s][info][gc,cpu         ] GC(561) User=0.00s Sys=0.00s Real=0.00s
[159.762s][info][gc,start       ] GC(562) Pause Young (Allocation Failure)
[159.762s][info][gc,heap        ] GC(562) PSYoungGen: 57568K(58368K)->704K(58368K) Eden: 56832K(56832K)->0K(56832K) From: 736K(1536K)->704K(1536K)
[159.762s][info][gc,heap        ] GC(562) ParOldGen: 6076K(699392K)->6076K(699392K)
[159.762s][info][gc,metaspace   ] GC(562) Metaspace: 9935K(10240K)->9935K(10240K) NonClass: 8632K(8832K)->8632K(8832K) Class: 1302K(1408K)->1302K(1408K)
[159.762s][info][gc             ] GC(562) Pause Young (Allocation Failure) 62M->6M(740M) 0.847ms
[159.762s][info][gc,cpu         ] GC(562) User=0.00s Sys=0.00s Real=0.00s
[159.987s][info][gc,start       ] GC(563) Pause Young (Allocation Failure)
[159.988s][info][gc,heap        ] GC(563) PSYoungGen: 57536K(58368K)->640K(58368K) Eden: 56832K(56832K)->0K(56832K) From: 704K(1536K)->640K(1536K)
[159.988s][info][gc,heap        ] GC(563) ParOldGen: 6076K(699392K)->6076K(699392K)
[159.988s][info][gc,metaspace   ] GC(563) Metaspace: 9935K(10240K)->9935K(10240K) NonClass: 8632K(8832K)->8632K(8832K) Class: 1302K(1408K)->1302K(1408K)
[159.988s][info][gc             ] GC(563) Pause Young (Allocation Failure) 62M->6M(740M) 0.820ms
[159.988s][info][gc,cpu         ] GC(563) User=0.00s Sys=0.00s Real=0.00s
[160.213s][info][gc,start       ] GC(564) Pause Young (Allocation Failure)
[160.213s][info][gc,heap        ] GC(564) PSYoungGen: 57472K(58368K)->640K(58368K) Eden: 56832K(56832K)->0K(56832K) From: 640K(1536K)->640K(1536K)
[160.214s][info][gc,heap        ] GC(564) ParOldGen: 6076K(699392K)->6076K(699392K)
[160.214s][info][gc,metaspace   ] GC(564) Metaspace: 9935K(10240K)->9935K(10240K) NonClass: 8632K(8832K)->8632K(8832K) Class: 1302K(1408K)->1302K(1408K)
[160.214s][info][gc             ] GC(564) Pause Young (Allocation Failure) 62M->6M(740M) 0.828ms
[160.214s][info][gc,cpu         ] GC(564) User=0.00s Sys=0.00s Real=0.00s
[160.444s][info][gc,start       ] GC(565) Pause Young (Allocation Failure)
[160.445s][info][gc,heap        ] GC(565) PSYoungGen: 57472K(58368K)->1152K(58368K) Eden: 56832K(56832K)->0K(56832K) From: 640K(1536K)->1152K(1536K)
[160.445s][info][gc,heap        ] GC(565) ParOldGen: 6076K(699392K)->6124K(699392K)
[160.445s][info][gc,metaspace   ] GC(565) Metaspace: 9935K(10240K)->9935K(10240K) NonClass: 8632K(8832K)->8632K(8832K) Class: 1302K(1408K)->1302K(1408K)
[160.445s][info][gc             ] GC(565) Pause Young (Allocation Failure) 62M->7M(740M) 1.040ms
[160.445s][info][gc,cpu         ] GC(565) User=0.00s Sys=0.00s Real=0.00s
[160.675s][info][gc,start       ] GC(566) Pause Young (Allocation Failure)
[160.675s][info][gc,heap        ] GC(566) PSYoungGen: 57984K(58368K)->768K(58368K) Eden: 56832K(56832K)->0K(56832K) From: 1152K(1536K)->768K(1536K)
[160.676s][info][gc,heap        ] GC(566) ParOldGen: 6124K(699392K)->6516K(699392K)
[160.676s][info][gc,metaspace   ] GC(566) Metaspace: 9935K(10240K)->9935K(10240K) NonClass: 8632K(8832K)->8632K(8832K) Class: 1302K(1408K)->1302K(1408K)
[160.676s][info][gc             ] GC(566) Pause Young (Allocation Failure) 62M->7M(740M) 1.065ms
[160.676s][info][gc,cpu         ] GC(566) User=0.00s Sys=0.00s Real=0.00s
[160.912s][info][gc,start       ] GC(567) Pause Young (Allocation Failure)
[160.913s][info][gc,heap        ] GC(567) PSYoungGen: 57600K(58368K)->672K(58368K) Eden: 56832K(56832K)->0K(56832K) From: 768K(1536K)->672K(1536K)
[160.913s][info][gc,heap        ] GC(567) ParOldGen: 6516K(699392K)->6516K(699392K)
[160.913s][info][gc,metaspace   ] GC(567) Metaspace: 9935K(10240K)->9935K(10240K) NonClass: 8632K(8832K)->8632K(8832K) Class: 1302K(1408K)->1302K(1408K)
[160.913s][info][gc             ] GC(567) Pause Young (Allocation Failure) 62M->7M(740M) 0.888ms
[160.913s][info][gc,cpu         ] GC(567) User=0.00s Sys=0.00s Real=0.00s
[161.136s][info][gc,start       ] GC(568) Pause Young (Allocation Failure)
[161.136s][info][gc,heap        ] GC(568) PSYoungGen: 57504K(58368K)->896K(58368K) Eden: 56832K(56832K)->0K(56832K) From: 672K(1536K)->896K(1536K)
[161.136s][info][gc,heap        ] GC(568) ParOldGen: 6516K(699392K)->6516K(699392K)
[161.136s][info][gc,metaspace   ] GC(568) Metaspace: 9935K(10240K)->9935K(10240K) NonClass: 8632K(8832K)->8632K(8832K) Class: 1302K(1408K)->1302K(1408K)
[161.136s][info][gc             ] GC(568) Pause Young (Allocation Failure) 62M->7M(740M) 0.889ms
[161.137s][info][gc,cpu         ] GC(568) User=0.00s Sys=0.00s Real=0.00s
[161.370s][info][gc,start       ] GC(569) Pause Young (Allocation Failure)
[161.371s][info][gc,heap        ] GC(569) PSYoungGen: 57728K(58368K)->608K(58368K) Eden: 56832K(56832K)->0K(56832K) From: 896K(1536K)->608K(1536K)
[161.371s][info][gc,heap        ] GC(569) ParOldGen: 6516K(699392K)->6516K(699392K)
[161.371s][info][gc,metaspace   ] GC(569) Metaspace: 9935K(10240K)->9935K(10240K) NonClass: 8632K(8832K)->8632K(8832K) Class: 1302K(1408K)->1302K(1408K)
[161.371s][info][gc             ] GC(569) Pause Young (Allocation Failure) 62M->6M(740M) 0.802ms
[161.371s][info][gc,cpu         ] GC(569) User=0.00s Sys=0.00s Real=0.00s
[161.607s][info][gc,start       ] GC(570) Pause Young (Allocation Failure)
[161.607s][info][gc,heap        ] GC(570) PSYoungGen: 57440K(58368K)->768K(58368K) Eden: 56832K(56832K)->0K(56832K) From: 608K(1536K)->768K(1536K)
[161.608s][info][gc,heap        ] GC(570) ParOldGen: 6516K(699392K)->6516K(699392K)
[161.608s][info][gc,metaspace   ] GC(570) Metaspace: 9935K(10240K)->9935K(10240K) NonClass: 8632K(8832K)->8632K(8832K) Class: 1302K(1408K)->1302K(1408K)
[161.608s][info][gc             ] GC(570) Pause Young (Allocation Failure) 62M->7M(740M) 0.852ms
[161.608s][info][gc,cpu         ] GC(570) User=0.00s Sys=0.00s Real=0.00s
[161.837s][info][gc,start       ] GC(571) Pause Young (Allocation Failure)
[161.838s][info][gc,heap        ] GC(571) PSYoungGen: 57600K(58368K)->768K(58368K) Eden: 56832K(56832K)->0K(56832K) From: 768K(1536K)->768K(1536K)
[161.838s][info][gc,heap        ] GC(571) ParOldGen: 6516K(699392K)->6772K(699392K)
[161.838s][info][gc,metaspace   ] GC(571) Metaspace: 9935K(10240K)->9935K(10240K) NonClass: 8632K(8832K)->8632K(8832K) Class: 1302K(1408K)->1302K(1408K)
[161.838s][info][gc             ] GC(571) Pause Young (Allocation Failure) 62M->7M(740M) 0.936ms
[161.838s][info][gc,cpu         ] GC(571) User=0.00s Sys=0.00s Real=0.00s
[162.069s][info][gc,start       ] GC(572) Pause Young (Allocation Failure)
[162.070s][info][gc,heap        ] GC(572) PSYoungGen: 57600K(58368K)->768K(58368K) Eden: 56832K(56832K)->0K(56832K) From: 768K(1536K)->768K(1536K)
[162.070s][info][gc,heap        ] GC(572) ParOldGen: 6772K(699392K)->6772K(699392K)
[162.070s][info][gc,metaspace   ] GC(572) Metaspace: 9935K(10240K)->9935K(10240K) NonClass: 8632K(8832K)->8632K(8832K) Class: 1302K(1408K)->1302K(1408K)
[162.070s][info][gc             ] GC(572) Pause Young (Allocation Failure) 62M->7M(740M) 0.865ms
[162.070s][info][gc,cpu         ] GC(572) User=0.00s Sys=0.00s Real=0.00s
[162.299s][info][gc,start       ] GC(573) Pause Young (Allocation Failure)
[162.299s][info][gc,heap        ] GC(573) PSYoungGen: 57600K(58368K)->672K(58368K) Eden: 56832K(56832K)->0K(56832K) From: 768K(1536K)->672K(1536K)
[162.299s][info][gc,heap        ] GC(573) ParOldGen: 6772K(699392K)->6772K(699392K)
[162.299s][info][gc,metaspace   ] GC(573) Metaspace: 9935K(10240K)->9935K(10240K) NonClass: 8632K(8832K)->8632K(8832K) Class: 1302K(1408K)->1302K(1408K)
[162.299s][info][gc             ] GC(573) Pause Young (Allocation Failure) 62M->7M(740M) 0.819ms
[162.300s][info][gc,cpu         ] GC(573) User=0.00s Sys=0.00s Real=0.00s
[162.532s][info][gc,start       ] GC(574) Pause Young (Allocation Failure)
[162.533s][info][gc,heap        ] GC(574) PSYoungGen: 57504K(58368K)->768K(58368K) Eden: 56832K(56832K)->0K(56832K) From: 672K(1536K)->768K(1536K)
[162.533s][info][gc,heap        ] GC(574) ParOldGen: 6772K(699392K)->6772K(699392K)
[162.533s][info][gc,metaspace   ] GC(574) Metaspace: 9935K(10240K)->9935K(10240K) NonClass: 8632K(8832K)->8632K(8832K) Class: 1302K(1408K)->1302K(1408K)
[162.533s][info][gc             ] GC(574) Pause Young (Allocation Failure) 62M->7M(740M) 0.905ms
[162.533s][info][gc,cpu         ] GC(574) User=0.00s Sys=0.00s Real=0.00s
[162.776s][info][gc,start       ] GC(575) Pause Young (Allocation Failure)
[162.777s][info][gc,heap        ] GC(575) PSYoungGen: 57600K(58368K)->672K(58368K) Eden: 56832K(56832K)->0K(56832K) From: 768K(1536K)->672K(1536K)
[162.777s][info][gc,heap        ] GC(575) ParOldGen: 6772K(699392K)->6772K(699392K)
[162.777s][info][gc,metaspace   ] GC(575) Metaspace: 9935K(10240K)->9935K(10240K) NonClass: 8632K(8832K)->8632K(8832K) Class: 1302K(1408K)->1302K(1408K)
[162.777s][info][gc             ] GC(575) Pause Young (Allocation Failure) 62M->7M(740M) 0.821ms
[162.777s][info][gc,cpu         ] GC(575) User=0.00s Sys=0.00s Real=0.00s
[163.008s][info][gc,start       ] GC(576) Pause Young (Allocation Failure)
[163.009s][info][gc,heap        ] GC(576) PSYoungGen: 57504K(58368K)->864K(58368K) Eden: 56832K(56832K)->0K(56832K) From: 672K(1536K)->864K(1536K)
[163.009s][info][gc,heap        ] GC(576) ParOldGen: 6772K(699392K)->6812K(699392K)
[163.009s][info][gc,metaspace   ] GC(576) Metaspace: 9935K(10240K)->9935K(10240K) NonClass: 8632K(8832K)->8632K(8832K) Class: 1302K(1408K)->1302K(1408K)
[163.009s][info][gc             ] GC(576) Pause Young (Allocation Failure) 62M->7M(740M) 0.927ms
[163.009s][info][gc,cpu         ] GC(576) User=0.00s Sys=0.00s Real=0.00s
[163.224s][info][gc,start       ] GC(577) Pause Young (System.gc())
[163.225s][info][gc,heap        ] GC(577) PSYoungGen: 50946K(58368K)->640K(58368K) Eden: 50082K(56832K)->0K(56832K) From: 864K(1536K)->640K(1536K)
[163.225s][info][gc,heap        ] GC(577) ParOldGen: 6812K(699392K)->7068K(699392K)
[163.225s][info][gc,metaspace   ] GC(577) Metaspace: 9937K(10240K)->9937K(10240K) NonClass: 8635K(8832K)->8635K(8832K) Class: 1302K(1408K)->1302K(1408K)
[163.225s][info][gc             ] GC(577) Pause Young (System.gc()) 56M->7M(740M) 0.847ms
[163.225s][info][gc,cpu         ] GC(577) User=0.00s Sys=0.00s Real=0.00s
[163.225s][info][gc,start       ] GC(578) Pause Full (System.gc())
[163.225s][info][gc,phases,start] GC(578) Marking Phase
[163.238s][info][gc,phases      ] GC(578) Marking Phase 12.915ms
[163.238s][info][gc,phases,start] GC(578) Summary Phase
[163.238s][info][gc,phases      ] GC(578) Summary Phase 0.021ms
[163.238s][info][gc,phases,start] GC(578) Adjust Roots
[163.242s][info][gc,phases      ] GC(578) Adjust Roots 4.138ms
[163.242s][info][gc,phases,start] GC(578) Compaction Phase
[163.246s][info][gc,phases      ] GC(578) Compaction Phase 3.517ms
[163.246s][info][gc,phases,start] GC(578) Post Compact
[163.247s][info][gc,phases      ] GC(578) Post Compact 0.474ms
[163.247s][info][gc,heap        ] GC(578) PSYoungGen: 640K(58368K)->0K(58368K) Eden: 0K(56832K)->0K(56832K) From: 640K(1536K)->0K(1536K)
[163.247s][info][gc,heap        ] GC(578) ParOldGen: 7068K(699392K)->4076K(699392K)
[163.247s][info][gc,metaspace   ] GC(578) Metaspace: 9937K(10240K)->9937K(10240K) NonClass: 8635K(8832K)->8635K(8832K) Class: 1302K(1408K)->1302K(1408K)
[163.247s][info][gc             ] GC(578) Pause Full (System.gc()) 7M->3M(740M) 21.437ms
[163.247s][info][gc,cpu         ] GC(578) User=0.27s Sys=0.00s Real=0.02s
[163.495s][info][gc,start       ] GC(579) Pause Young (Allocation Failure)
[163.496s][info][gc,heap        ] GC(579) PSYoungGen: 56832K(58368K)->1504K(58368K) Eden: 56832K(56832K)->0K(56832K) From: 0K(1536K)->1504K(1536K)
[163.496s][info][gc,heap        ] GC(579) ParOldGen: 4076K(699392K)->4076K(699392K)
[163.496s][info][gc,metaspace   ] GC(579) Metaspace: 9937K(10240K)->9937K(10240K) NonClass: 8635K(8832K)->8635K(8832K) Class: 1302K(1408K)->1302K(1408K)
[163.496s][info][gc             ] GC(579) Pause Young (Allocation Failure) 59M->5M(740M) 1.121ms
[163.496s][info][gc,cpu         ] GC(579) User=0.00s Sys=0.00s Real=0.00s
[163.727s][info][gc,start       ] GC(580) Pause Young (Allocation Failure)
[163.728s][info][gc,heap        ] GC(580) PSYoungGen: 58336K(58368K)->864K(58368K) Eden: 56832K(56832K)->0K(56832K) From: 1504K(1536K)->864K(1536K)
[163.728s][info][gc,heap        ] GC(580) ParOldGen: 4076K(699392K)->4732K(699392K)
[163.728s][info][gc,metaspace   ] GC(580) Metaspace: 9937K(10240K)->9937K(10240K) NonClass: 8635K(8832K)->8635K(8832K) Class: 1302K(1408K)->1302K(1408K)
[163.728s][info][gc             ] GC(580) Pause Young (Allocation Failure) 60M->5M(740M) 1.217ms
[163.728s][info][gc,cpu         ] GC(580) User=0.00s Sys=0.00s Real=0.00s
[163.960s][info][gc,start       ] GC(581) Pause Young (Allocation Failure)
[163.961s][info][gc,heap        ] GC(581) PSYoungGen: 57696K(58368K)->864K(58368K) Eden: 56832K(56832K)->0K(56832K) From: 864K(1536K)->864K(1536K)
[163.961s][info][gc,heap        ] GC(581) ParOldGen: 4732K(699392K)->4804K(699392K)
[163.961s][info][gc,metaspace   ] GC(581) Metaspace: 9937K(10240K)->9937K(10240K) NonClass: 8635K(8832K)->8635K(8832K) Class: 1302K(1408K)->1302K(1408K)
[163.961s][info][gc             ] GC(581) Pause Young (Allocation Failure) 60M->5M(740M) 0.895ms
[163.961s][info][gc,cpu         ] GC(581) User=0.00s Sys=0.00s Real=0.00s
[164.191s][info][gc,start       ] GC(582) Pause Young (Allocation Failure)
[164.191s][info][gc,heap        ] GC(582) PSYoungGen: 57696K(58368K)->640K(58368K) Eden: 56832K(56832K)->0K(56832K) From: 864K(1536K)->640K(1536K)
[164.192s][info][gc,heap        ] GC(582) ParOldGen: 4804K(699392K)->5068K(699392K)
[164.192s][info][gc,metaspace   ] GC(582) Metaspace: 9937K(10240K)->9937K(10240K) NonClass: 8635K(8832K)->8635K(8832K) Class: 1302K(1408K)->1302K(1408K)
[164.192s][info][gc             ] GC(582) Pause Young (Allocation Failure) 61M->5M(740M) 0.919ms
[164.192s][info][gc,cpu         ] GC(582) User=0.00s Sys=0.00s Real=0.00s
[164.425s][info][gc,start       ] GC(583) Pause Young (Allocation Failure)
[164.426s][info][gc,heap        ] GC(583) PSYoungGen: 57472K(58368K)->1152K(58368K) Eden: 56832K(56832K)->0K(56832K) From: 640K(1536K)->1152K(1536K)
[164.426s][info][gc,heap        ] GC(583) ParOldGen: 5068K(699392K)->5132K(699392K)
[164.426s][info][gc,metaspace   ] GC(583) Metaspace: 9937K(10240K)->9937K(10240K) NonClass: 8635K(8832K)->8635K(8832K) Class: 1302K(1408K)->1302K(1408K)
[164.426s][info][gc             ] GC(583) Pause Young (Allocation Failure) 61M->6M(740M) 0.966ms
[164.426s][info][gc,cpu         ] GC(583) User=0.00s Sys=0.00s Real=0.00s
[164.664s][info][gc,start       ] GC(584) Pause Young (Allocation Failure)
[164.665s][info][gc,heap        ] GC(584) PSYoungGen: 57984K(58368K)->672K(58368K) Eden: 56832K(56832K)->0K(56832K) From: 1152K(1536K)->672K(1536K)
[164.665s][info][gc,heap        ] GC(584) ParOldGen: 5132K(699392K)->5492K(699392K)
[164.665s][info][gc,metaspace   ] GC(584) Metaspace: 9937K(10240K)->9937K(10240K) NonClass: 8635K(8832K)->8635K(8832K) Class: 1302K(1408K)->1302K(1408K)
[164.665s][info][gc             ] GC(584) Pause Young (Allocation Failure) 61M->6M(740M) 1.007ms
[164.665s][info][gc,cpu         ] GC(584) User=0.00s Sys=0.00s Real=0.00s
[164.899s][info][gc,start       ] GC(585) Pause Young (Allocation Failure)
[164.900s][info][gc,heap        ] GC(585) PSYoungGen: 57504K(58368K)->832K(58368K) Eden: 56832K(56832K)->0K(56832K) From: 672K(1536K)->832K(1536K)
[164.900s][info][gc,heap        ] GC(585) ParOldGen: 5492K(699392K)->5660K(699392K)
[164.900s][info][gc,metaspace   ] GC(585) Metaspace: 9937K(10240K)->9937K(10240K) NonClass: 8635K(8832K)->8635K(8832K) Class: 1302K(1408K)->1302K(1408K)
[164.900s][info][gc             ] GC(585) Pause Young (Allocation Failure) 61M->6M(740M) 0.892ms
[164.900s][info][gc,cpu         ] GC(585) User=0.00s Sys=0.00s Real=0.00s
[165.142s][info][gc,start       ] GC(586) Pause Young (Allocation Failure)
[165.143s][info][gc,heap        ] GC(586) PSYoungGen: 57664K(58368K)->704K(58368K) Eden: 56832K(56832K)->0K(56832K) From: 832K(1536K)->704K(1536K)
[165.143s][info][gc,heap        ] GC(586) ParOldGen: 5660K(699392K)->5804K(699392K)
[165.143s][info][gc,metaspace   ] GC(586) Metaspace: 9937K(10240K)->9937K(10240K) NonClass: 8635K(8832K)->8635K(8832K) Class: 1302K(1408K)->1302K(1408K)
[165.143s][info][gc             ] GC(586) Pause Young (Allocation Failure) 61M->6M(740M) 0.819ms
[165.143s][info][gc,cpu         ] GC(586) User=0.00s Sys=0.00s Real=0.00s
[165.365s][info][gc,start       ] GC(587) Pause Young (Allocation Failure)
[165.366s][info][gc,heap        ] GC(587) PSYoungGen: 57536K(58368K)->1056K(58368K) Eden: 56832K(56832K)->0K(56832K) From: 704K(1536K)->1056K(1536K)
[165.366s][info][gc,heap        ] GC(587) ParOldGen: 5804K(699392K)->5804K(699392K)
[165.366s][info][gc,metaspace   ] GC(587) Metaspace: 9937K(10240K)->9937K(10240K) NonClass: 8635K(8832K)->8635K(8832K) Class: 1302K(1408K)->1302K(1408K)
[165.366s][info][gc             ] GC(587) Pause Young (Allocation Failure) 61M->6M(740M) 0.949ms
[165.366s][info][gc,cpu         ] GC(587) User=0.00s Sys=0.00s Real=0.00s
[165.589s][info][gc,start       ] GC(588) Pause Young (Allocation Failure)
[165.590s][info][gc,heap        ] GC(588) PSYoungGen: 57888K(58368K)->864K(58368K) Eden: 56832K(56832K)->0K(56832K) From: 1056K(1536K)->864K(1536K)
[165.590s][info][gc,heap        ] GC(588) ParOldGen: 5804K(699392K)->6244K(699392K)
[165.590s][info][gc,metaspace   ] GC(588) Metaspace: 9937K(10240K)->9937K(10240K) NonClass: 8635K(8832K)->8635K(8832K) Class: 1302K(1408K)->1302K(1408K)
[165.590s][info][gc             ] GC(588) Pause Young (Allocation Failure) 62M->6M(740M) 1.074ms
[165.590s][info][gc,cpu         ] GC(588) User=0.27s Sys=0.00s Real=0.02s
[165.821s][info][gc,start       ] GC(589) Pause Young (Allocation Failure)
[165.822s][info][gc,heap        ] GC(589) PSYoungGen: 57696K(58368K)->736K(58368K) Eden: 56832K(56832K)->0K(56832K) From: 864K(1536K)->736K(1536K)
[165.822s][info][gc,heap        ] GC(589) ParOldGen: 6244K(699392K)->6244K(699392K)
[165.822s][info][gc,metaspace   ] GC(589) Metaspace: 9937K(10240K)->9937K(10240K) NonClass: 8635K(8832K)->8635K(8832K) Class: 1302K(1408K)->1302K(1408K)
[165.822s][info][gc             ] GC(589) Pause Young (Allocation Failure) 62M->6M(740M) 0.829ms
[165.822s][info][gc,cpu         ] GC(589) User=0.00s Sys=0.00s Real=0.00s
[166.055s][info][gc,start       ] GC(590) Pause Young (Allocation Failure)
[166.056s][info][gc,heap        ] GC(590) PSYoungGen: 57568K(58368K)->672K(58368K) Eden: 56832K(56832K)->0K(56832K) From: 736K(1536K)->672K(1536K)
[166.056s][info][gc,heap        ] GC(590) ParOldGen: 6244K(699392K)->6244K(699392K)
[166.056s][info][gc,metaspace   ] GC(590) Metaspace: 9937K(10240K)->9937K(10240K) NonClass: 8635K(8832K)->8635K(8832K) Class: 1302K(1408K)->1302K(1408K)
[166.056s][info][gc             ] GC(590) Pause Young (Allocation Failure) 62M->6M(740M) 0.817ms
[166.056s][info][gc,cpu         ] GC(590) User=0.00s Sys=0.00s Real=0.00s
[166.285s][info][gc,start       ] GC(591) Pause Young (Allocation Failure)
[166.286s][info][gc,heap        ] GC(591) PSYoungGen: 57504K(58368K)->672K(58368K) Eden: 56832K(56832K)->0K(56832K) From: 672K(1536K)->672K(1536K)
[166.286s][info][gc,heap        ] GC(591) ParOldGen: 6244K(699392K)->6244K(699392K)
[166.286s][info][gc,metaspace   ] GC(591) Metaspace: 9937K(10240K)->9937K(10240K) NonClass: 8635K(8832K)->8635K(8832K) Class: 1302K(1408K)->1302K(1408K)
[166.286s][info][gc             ] GC(591) Pause Young (Allocation Failure) 62M->6M(740M) 0.790ms
[166.286s][info][gc,cpu         ] GC(591) User=0.00s Sys=0.00s Real=0.00s
[166.513s][info][gc,start       ] GC(592) Pause Young (Allocation Failure)
[166.514s][info][gc,heap        ] GC(592) PSYoungGen: 57504K(58368K)->608K(58368K) Eden: 56832K(56832K)->0K(56832K) From: 672K(1536K)->608K(1536K)
[166.514s][info][gc,heap        ] GC(592) ParOldGen: 6244K(699392K)->6244K(699392K)
[166.514s][info][gc,metaspace   ] GC(592) Metaspace: 9937K(10240K)->9937K(10240K) NonClass: 8635K(8832K)->8635K(8832K) Class: 1302K(1408K)->1302K(1408K)
[166.514s][info][gc             ] GC(592) Pause Young (Allocation Failure) 62M->6M(740M) 0.806ms
[166.514s][info][gc,cpu         ] GC(592) User=0.00s Sys=0.00s Real=0.00s
[166.752s][info][gc,start       ] GC(593) Pause Young (Allocation Failure)
[166.753s][info][gc,heap        ] GC(593) PSYoungGen: 57440K(58368K)->864K(58368K) Eden: 56832K(56832K)->0K(56832K) From: 608K(1536K)->864K(1536K)
[166.753s][info][gc,heap        ] GC(593) ParOldGen: 6244K(699392K)->6372K(699392K)
[166.753s][info][gc,metaspace   ] GC(593) Metaspace: 9937K(10240K)->9937K(10240K) NonClass: 8635K(8832K)->8635K(8832K) Class: 1302K(1408K)->1302K(1408K)
[166.753s][info][gc             ] GC(593) Pause Young (Allocation Failure) 62M->7M(740M) 0.865ms
[166.753s][info][gc,cpu         ] GC(593) User=0.00s Sys=0.00s Real=0.00s
[166.988s][info][gc,start       ] GC(594) Pause Young (Allocation Failure)
[166.988s][info][gc,heap        ] GC(594) PSYoungGen: 57696K(58368K)->960K(58368K) Eden: 56832K(56832K)->0K(56832K) From: 864K(1536K)->960K(1536K)
[166.988s][info][gc,heap        ] GC(594) ParOldGen: 6372K(699392K)->6572K(699392K)
[166.988s][info][gc,metaspace   ] GC(594) Metaspace: 9937K(10240K)->9937K(10240K) NonClass: 8635K(8832K)->8635K(8832K) Class: 1302K(1408K)->1302K(1408K)
[166.989s][info][gc             ] GC(594) Pause Young (Allocation Failure) 62M->7M(740M) 0.933ms
[166.989s][info][gc,cpu         ] GC(594) User=0.00s Sys=0.00s Real=0.00s
[167.225s][info][gc,start       ] GC(595) Pause Young (Allocation Failure)
[167.226s][info][gc,heap        ] GC(595) PSYoungGen: 57792K(58368K)->928K(58368K) Eden: 56832K(56832K)->0K(56832K) From: 960K(1536K)->928K(1536K)
[167.226s][info][gc,heap        ] GC(595) ParOldGen: 6572K(699392K)->6572K(699392K)
[167.226s][info][gc,metaspace   ] GC(595) Metaspace: 9937K(10240K)->9937K(10240K) NonClass: 8635K(8832K)->8635K(8832K) Class: 1302K(1408K)->1302K(1408K)
[167.226s][info][gc             ] GC(595) Pause Young (Allocation Failure) 62M->7M(740M) 0.904ms
[167.226s][info][gc,cpu         ] GC(595) User=0.00s Sys=0.00s Real=0.00s
[167.465s][info][gc,start       ] GC(596) Pause Young (Allocation Failure)
[167.465s][info][gc,heap        ] GC(596) PSYoungGen: 57760K(58368K)->736K(58368K) Eden: 56832K(56832K)->0K(56832K) From: 928K(1536K)->736K(1536K)
[167.465s][info][gc,heap        ] GC(596) ParOldGen: 6572K(699392K)->6844K(699392K)
[167.466s][info][gc,metaspace   ] GC(596) Metaspace: 9937K(10240K)->9937K(10240K) NonClass: 8635K(8832K)->8635K(8832K) Class: 1302K(1408K)->1302K(1408K)
[167.466s][info][gc             ] GC(596) Pause Young (Allocation Failure) 62M->7M(740M) 0.932ms
[167.466s][info][gc,cpu         ] GC(596) User=0.00s Sys=0.00s Real=0.00s
[167.700s][info][gc,start       ] GC(597) Pause Young (Allocation Failure)
[167.700s][info][gc,heap        ] GC(597) PSYoungGen: 57568K(58368K)->608K(58368K) Eden: 56832K(56832K)->0K(56832K) From: 736K(1536K)->608K(1536K)
[167.701s][info][gc,heap        ] GC(597) ParOldGen: 6844K(699392K)->6844K(699392K)
[167.701s][info][gc,metaspace   ] GC(597) Metaspace: 9937K(10240K)->9937K(10240K) NonClass: 8635K(8832K)->8635K(8832K) Class: 1302K(1408K)->1302K(1408K)
[167.701s][info][gc             ] GC(597) Pause Young (Allocation Failure) 62M->7M(740M) 0.954ms
[167.701s][info][gc,cpu         ] GC(597) User=0.00s Sys=0.00s Real=0.00s
[167.929s][info][gc,start       ] GC(598) Pause Young (Allocation Failure)
[167.929s][info][gc,heap        ] GC(598) PSYoungGen: 57440K(58368K)->1056K(58368K) Eden: 56832K(56832K)->0K(56832K) From: 608K(1536K)->1056K(1536K)
[167.929s][info][gc,heap        ] GC(598) ParOldGen: 6844K(699392K)->6844K(699392K)
[167.930s][info][gc,metaspace   ] GC(598) Metaspace: 9937K(10240K)->9937K(10240K) NonClass: 8635K(8832K)->8635K(8832K) Class: 1302K(1408K)->1302K(1408K)
[167.930s][info][gc             ] GC(598) Pause Young (Allocation Failure) 62M->7M(740M) 0.887ms
[167.930s][info][gc,cpu         ] GC(598) User=0.00s Sys=0.00s Real=0.00s
[168.160s][info][gc,start       ] GC(599) Pause Young (Allocation Failure)
[168.161s][info][gc,heap        ] GC(599) PSYoungGen: 57888K(58368K)->672K(58368K) Eden: 56832K(56832K)->0K(56832K) From: 1056K(1536K)->672K(1536K)
[168.161s][info][gc,heap        ] GC(599) ParOldGen: 6844K(699392K)->7092K(699392K)
[168.161s][info][gc,metaspace   ] GC(599) Metaspace: 9937K(10240K)->9937K(10240K) NonClass: 8635K(8832K)->8635K(8832K) Class: 1302K(1408K)->1302K(1408K)
[168.161s][info][gc             ] GC(599) Pause Young (Allocation Failure) 63M->7M(740M) 0.921ms
[168.161s][info][gc,cpu         ] GC(599) User=0.00s Sys=0.00s Real=0.00s
[168.387s][info][gc,start       ] GC(600) Pause Young (Allocation Failure)
[168.387s][info][gc,heap        ] GC(600) PSYoungGen: 57504K(58368K)->640K(58368K) Eden: 56832K(56832K)->0K(56832K) From: 672K(1536K)->640K(1536K)
[168.387s][info][gc,heap        ] GC(600) ParOldGen: 7092K(699392K)->7092K(699392K)
[168.387s][info][gc,metaspace   ] GC(600) Metaspace: 9937K(10240K)->9937K(10240K) NonClass: 8635K(8832K)->8635K(8832K) Class: 1302K(1408K)->1302K(1408K)
[168.387s][info][gc             ] GC(600) Pause Young (Allocation Failure) 63M->7M(740M) 0.805ms
[168.387s][info][gc,cpu         ] GC(600) User=0.00s Sys=0.00s Real=0.00s
[168.623s][info][gc,start       ] GC(601) Pause Young (Allocation Failure)
[168.624s][info][gc,heap        ] GC(601) PSYoungGen: 57472K(58368K)->640K(58368K) Eden: 56832K(56832K)->0K(56832K) From: 640K(1536K)->640K(1536K)
[168.624s][info][gc,heap        ] GC(601) ParOldGen: 7092K(699392K)->7092K(699392K)
[168.624s][info][gc,metaspace   ] GC(601) Metaspace: 9937K(10240K)->9937K(10240K) NonClass: 8635K(8832K)->8635K(8832K) Class: 1302K(1408K)->1302K(1408K)
[168.624s][info][gc             ] GC(601) Pause Young (Allocation Failure) 63M->7M(740M) 0.836ms
[168.624s][info][gc,cpu         ] GC(601) User=0.00s Sys=0.00s Real=0.00s
[168.857s][info][gc,start       ] GC(602) Pause Young (Allocation Failure)
[168.858s][info][gc,heap        ] GC(602) PSYoungGen: 57472K(58368K)->736K(58368K) Eden: 56832K(56832K)->0K(56832K) From: 640K(1536K)->736K(1536K)
[168.858s][info][gc,heap        ] GC(602) ParOldGen: 7092K(699392K)->7092K(699392K)
[168.858s][info][gc,metaspace   ] GC(602) Metaspace: 9937K(10240K)->9937K(10240K) NonClass: 8635K(8832K)->8635K(8832K) Class: 1302K(1408K)->1302K(1408K)
[168.858s][info][gc             ] GC(602) Pause Young (Allocation Failure) 63M->7M(740M) 0.850ms
[168.858s][info][gc,cpu         ] GC(602) User=0.00s Sys=0.00s Real=0.00s
[169.096s][info][gc,start       ] GC(603) Pause Young (Allocation Failure)
[169.097s][info][gc,heap        ] GC(603) PSYoungGen: 57568K(58368K)->640K(58368K) Eden: 56832K(56832K)->0K(56832K) From: 736K(1536K)->640K(1536K)
[169.097s][info][gc,heap        ] GC(603) ParOldGen: 7092K(699392K)->7092K(699392K)
[169.097s][info][gc,metaspace   ] GC(603) Metaspace: 9937K(10240K)->9937K(10240K) NonClass: 8635K(8832K)->8635K(8832K) Class: 1302K(1408K)->1302K(1408K)
[169.097s][info][gc             ] GC(603) Pause Young (Allocation Failure) 63M->7M(740M) 0.841ms
[169.097s][info][gc,cpu         ] GC(603) User=0.00s Sys=0.00s Real=0.00s
[169.333s][info][gc,start       ] GC(604) Pause Young (Allocation Failure)
[169.334s][info][gc,heap        ] GC(604) PSYoungGen: 57472K(58368K)->608K(58368K) Eden: 56832K(56832K)->0K(56832K) From: 640K(1536K)->608K(1536K)
[169.334s][info][gc,heap        ] GC(604) ParOldGen: 7092K(699392K)->7092K(699392K)
[169.334s][info][gc,metaspace   ] GC(604) Metaspace: 9937K(10240K)->9937K(10240K) NonClass: 8635K(8832K)->8635K(8832K) Class: 1302K(1408K)->1302K(1408K)
[169.334s][info][gc             ] GC(604) Pause Young (Allocation Failure) 63M->7M(740M) 0.841ms
[169.334s][info][gc,cpu         ] GC(604) User=0.00s Sys=0.00s Real=0.00s
[169.561s][info][gc,start       ] GC(605) Pause Young (Allocation Failure)
[169.562s][info][gc,heap        ] GC(605) PSYoungGen: 57440K(58368K)->768K(58368K) Eden: 56832K(56832K)->0K(56832K) From: 608K(1536K)->768K(1536K)
[169.562s][info][gc,heap        ] GC(605) ParOldGen: 7092K(699392K)->7092K(699392K)
[169.562s][info][gc,metaspace   ] GC(605) Metaspace: 9937K(10240K)->9937K(10240K) NonClass: 8635K(8832K)->8635K(8832K) Class: 1302K(1408K)->1302K(1408K)
[169.562s][info][gc             ] GC(605) Pause Young (Allocation Failure) 63M->7M(740M) 0.896ms
[169.562s][info][gc,cpu         ] GC(605) User=0.00s Sys=0.00s Real=0.00s
[169.794s][info][gc,start       ] GC(606) Pause Young (Allocation Failure)
[169.795s][info][gc,heap        ] GC(606) PSYoungGen: 57600K(58368K)->576K(58368K) Eden: 56832K(56832K)->0K(56832K) From: 768K(1536K)->576K(1536K)
[169.795s][info][gc,heap        ] GC(606) ParOldGen: 7092K(699392K)->7092K(699392K)
[169.795s][info][gc,metaspace   ] GC(606) Metaspace: 9937K(10240K)->9937K(10240K) NonClass: 8635K(8832K)->8635K(8832K) Class: 1302K(1408K)->1302K(1408K)
[169.795s][info][gc             ] GC(606) Pause Young (Allocation Failure) 63M->7M(740M) 0.801ms
[169.795s][info][gc,cpu         ] GC(606) User=0.00s Sys=0.00s Real=0.00s
[170.013s][info][gc,start       ] GC(607) Pause Young (System.gc())
[170.014s][info][gc,heap        ] GC(607) PSYoungGen: 54782K(58368K)->800K(58368K) Eden: 54206K(56832K)->0K(56832K) From: 576K(1536K)->800K(1536K)
[170.014s][info][gc,heap        ] GC(607) ParOldGen: 7092K(699392K)->7172K(699392K)
[170.014s][info][gc,metaspace   ] GC(607) Metaspace: 9937K(10240K)->9937K(10240K) NonClass: 8635K(8832K)->8635K(8832K) Class: 1302K(1408K)->1302K(1408K)
[170.014s][info][gc             ] GC(607) Pause Young (System.gc()) 60M->7M(740M) 0.843ms
[170.014s][info][gc,cpu         ] GC(607) User=0.00s Sys=0.00s Real=0.00s
[170.014s][info][gc,start       ] GC(608) Pause Full (System.gc())
[170.014s][info][gc,phases,start] GC(608) Marking Phase
[170.027s][info][gc,phases      ] GC(608) Marking Phase 12.417ms
[170.027s][info][gc,phases,start] GC(608) Summary Phase
[170.027s][info][gc,phases      ] GC(608) Summary Phase 0.032ms
[170.027s][info][gc,phases,start] GC(608) Adjust Roots
[170.031s][info][gc,phases      ] GC(608) Adjust Roots 4.247ms
[170.031s][info][gc,phases,start] GC(608) Compaction Phase
[170.035s][info][gc,phases      ] GC(608) Compaction Phase 3.570ms
[170.035s][info][gc,phases,start] GC(608) Post Compact
[170.035s][info][gc,phases      ] GC(608) Post Compact 0.454ms
[170.035s][info][gc,heap        ] GC(608) PSYoungGen: 800K(58368K)->0K(58368K) Eden: 0K(56832K)->0K(56832K) From: 800K(1536K)->0K(1536K)
[170.035s][info][gc,heap        ] GC(608) ParOldGen: 7172K(699392K)->4076K(699392K)
[170.035s][info][gc,metaspace   ] GC(608) Metaspace: 9937K(10240K)->9937K(10240K) NonClass: 8635K(8832K)->8635K(8832K) Class: 1302K(1408K)->1302K(1408K)
[170.035s][info][gc             ] GC(608) Pause Full (System.gc()) 7M->3M(740M) 21.059ms
[170.035s][info][gc,cpu         ] GC(608) User=0.28s Sys=0.00s Real=0.03s
[170.273s][info][gc,start       ] GC(609) Pause Young (Allocation Failure)
[170.274s][info][gc,heap        ] GC(609) PSYoungGen: 56832K(58368K)->1408K(58368K) Eden: 56832K(56832K)->0K(56832K) From: 0K(1536K)->1408K(1536K)
[170.274s][info][gc,heap        ] GC(609) ParOldGen: 4076K(699392K)->4076K(699392K)
[170.274s][info][gc,metaspace   ] GC(609) Metaspace: 9939K(10240K)->9939K(10240K) NonClass: 8636K(8832K)->8636K(8832K) Class: 1302K(1408K)->1302K(1408K)
[170.274s][info][gc             ] GC(609) Pause Young (Allocation Failure) 59M->5M(740M) 1.176ms
[170.274s][info][gc,cpu         ] GC(609) User=0.02s Sys=0.00s Real=0.02s
[170.504s][info][gc,start       ] GC(610) Pause Young (Allocation Failure)
[170.505s][info][gc,heap        ] GC(610) PSYoungGen: 58240K(58368K)->896K(58368K) Eden: 56832K(56832K)->0K(56832K) From: 1408K(1536K)->896K(1536K)
[170.505s][info][gc,heap        ] GC(610) ParOldGen: 4076K(699392K)->4708K(699392K)
[170.506s][info][gc,metaspace   ] GC(610) Metaspace: 9939K(10240K)->9939K(10240K) NonClass: 8636K(8832K)->8636K(8832K) Class: 1302K(1408K)->1302K(1408K)
[170.506s][info][gc             ] GC(610) Pause Young (Allocation Failure) 60M->5M(740M) 1.237ms
[170.506s][info][gc,cpu         ] GC(610) User=0.00s Sys=0.00s Real=0.00s
[170.741s][info][gc,start       ] GC(611) Pause Young (Allocation Failure)
[170.742s][info][gc,heap        ] GC(611) PSYoungGen: 57728K(58368K)->1312K(58368K) Eden: 56832K(56832K)->0K(56832K) From: 896K(1536K)->1312K(1536K)
[170.742s][info][gc,heap        ] GC(611) ParOldGen: 4708K(699392K)->4804K(699392K)
[170.742s][info][gc,metaspace   ] GC(611) Metaspace: 9939K(10240K)->9939K(10240K) NonClass: 8636K(8832K)->8636K(8832K) Class: 1302K(1408K)->1302K(1408K)
[170.742s][info][gc             ] GC(611) Pause Young (Allocation Failure) 60M->5M(740M) 1.078ms
[170.742s][info][gc,cpu         ] GC(611) User=0.27s Sys=0.00s Real=0.02s
[170.972s][info][gc,start       ] GC(612) Pause Young (Allocation Failure)
[170.973s][info][gc,heap        ] GC(612) PSYoungGen: 58144K(58368K)->928K(58368K) Eden: 56832K(56832K)->0K(56832K) From: 1312K(1536K)->928K(1536K)
[170.973s][info][gc,heap        ] GC(612) ParOldGen: 4804K(699392K)->5236K(699392K)
[170.973s][info][gc,metaspace   ] GC(612) Metaspace: 9939K(10240K)->9939K(10240K) NonClass: 8636K(8832K)->8636K(8832K) Class: 1302K(1408K)->1302K(1408K)
[170.973s][info][gc             ] GC(612) Pause Young (Allocation Failure) 61M->6M(740M) 1.020ms
[170.973s][info][gc,cpu         ] GC(612) User=0.00s Sys=0.00s Real=0.00s
[171.191s][info][gc,start       ] GC(613) Pause Young (Allocation Failure)
[171.192s][info][gc,heap        ] GC(613) PSYoungGen: 57760K(58368K)->832K(58368K) Eden: 56832K(56832K)->0K(56832K) From: 928K(1536K)->832K(1536K)
[171.192s][info][gc,heap        ] GC(613) ParOldGen: 5236K(699392K)->5500K(699392K)
[171.192s][info][gc,metaspace   ] GC(613) Metaspace: 9939K(10240K)->9939K(10240K) NonClass: 8636K(8832K)->8636K(8832K) Class: 1302K(1408K)->1302K(1408K)
[171.192s][info][gc             ] GC(613) Pause Young (Allocation Failure) 61M->6M(740M) 0.962ms
[171.192s][info][gc,cpu         ] GC(613) User=0.00s Sys=0.00s Real=0.00s
[171.422s][info][gc,start       ] GC(614) Pause Young (Allocation Failure)
[171.423s][info][gc,heap        ] GC(614) PSYoungGen: 57664K(58368K)->736K(58368K) Eden: 56832K(56832K)->0K(56832K) From: 832K(1536K)->736K(1536K)
[171.423s][info][gc,heap        ] GC(614) ParOldGen: 5500K(699392K)->5764K(699392K)
[171.423s][info][gc,metaspace   ] GC(614) Metaspace: 9939K(10240K)->9939K(10240K) NonClass: 8636K(8832K)->8636K(8832K) Class: 1302K(1408K)->1302K(1408K)
[171.423s][info][gc             ] GC(614) Pause Young (Allocation Failure) 61M->6M(740M) 0.906ms
[171.423s][info][gc,cpu         ] GC(614) User=0.00s Sys=0.00s Real=0.00s
[171.654s][info][gc,start       ] GC(615) Pause Young (Allocation Failure)
[171.655s][info][gc,heap        ] GC(615) PSYoungGen: 57568K(58368K)->768K(58368K) Eden: 56832K(56832K)->0K(56832K) From: 736K(1536K)->768K(1536K)
[171.655s][info][gc,heap        ] GC(615) ParOldGen: 5764K(699392K)->5764K(699392K)
[171.655s][info][gc,metaspace   ] GC(615) Metaspace: 9939K(10240K)->9939K(10240K) NonClass: 8636K(8832K)->8636K(8832K) Class: 1302K(1408K)->1302K(1408K)
[171.655s][info][gc             ] GC(615) Pause Young (Allocation Failure) 61M->6M(740M) 0.850ms
[171.655s][info][gc,cpu         ] GC(615) User=0.00s Sys=0.00s Real=0.00s
[171.892s][info][gc,start       ] GC(616) Pause Young (Allocation Failure)
[171.893s][info][gc,heap        ] GC(616) PSYoungGen: 57600K(58368K)->800K(58368K) Eden: 56832K(56832K)->0K(56832K) From: 768K(1536K)->800K(1536K)
[171.893s][info][gc,heap        ] GC(616) ParOldGen: 5764K(699392K)->5764K(699392K)
[171.893s][info][gc,metaspace   ] GC(616) Metaspace: 9939K(10240K)->9939K(10240K) NonClass: 8636K(8832K)->8636K(8832K) Class: 1302K(1408K)->1302K(1408K)
[171.893s][info][gc             ] GC(616) Pause Young (Allocation Failure) 61M->6M(740M) 0.815ms
[171.893s][info][gc,cpu         ] GC(616) User=0.00s Sys=0.00s Real=0.00s
[172.130s][info][gc,start       ] GC(617) Pause Young (Allocation Failure)
[172.131s][info][gc,heap        ] GC(617) PSYoungGen: 57632K(58368K)->992K(58368K) Eden: 56832K(56832K)->0K(56832K) From: 800K(1536K)->992K(1536K)
[172.131s][info][gc,heap        ] GC(617) ParOldGen: 5764K(699392K)->5764K(699392K)
[172.131s][info][gc,metaspace   ] GC(617) Metaspace: 9939K(10240K)->9939K(10240K) NonClass: 8636K(8832K)->8636K(8832K) Class: 1302K(1408K)->1302K(1408K)
[172.131s][info][gc             ] GC(617) Pause Young (Allocation Failure) 61M->6M(740M) 0.917ms
[172.131s][info][gc,cpu         ] GC(617) User=0.00s Sys=0.00s Real=0.00s
[172.370s][info][gc,start       ] GC(618) Pause Young (Allocation Failure)
[172.370s][info][gc,heap        ] GC(618) PSYoungGen: 57824K(58368K)->896K(58368K) Eden: 56832K(56832K)->0K(56832K) From: 992K(1536K)->896K(1536K)
[172.371s][info][gc,heap        ] GC(618) ParOldGen: 5764K(699392K)->6044K(699392K)
[172.371s][info][gc,metaspace   ] GC(618) Metaspace: 9939K(10240K)->9939K(10240K) NonClass: 8636K(8832K)->8636K(8832K) Class: 1302K(1408K)->1302K(1408K)
[172.371s][info][gc             ] GC(618) Pause Young (Allocation Failure) 62M->6M(740M) 1.014ms
[172.371s][info][gc,cpu         ] GC(618) User=0.00s Sys=0.00s Real=0.00s
[172.600s][info][gc,start       ] GC(619) Pause Young (Allocation Failure)
[172.601s][info][gc,heap        ] GC(619) PSYoungGen: 57728K(58368K)->736K(58368K) Eden: 56832K(56832K)->0K(56832K) From: 896K(1536K)->736K(1536K)
[172.601s][info][gc,heap        ] GC(619) ParOldGen: 6044K(699392K)->6300K(699392K)
[172.601s][info][gc,metaspace   ] GC(619) Metaspace: 9939K(10240K)->9939K(10240K) NonClass: 8636K(8832K)->8636K(8832K) Class: 1302K(1408K)->1302K(1408K)
[172.601s][info][gc             ] GC(619) Pause Young (Allocation Failure) 62M->6M(740M) 0.891ms
[172.601s][info][gc,cpu         ] GC(619) User=0.00s Sys=0.00s Real=0.00s
[172.827s][info][gc,start       ] GC(620) Pause Young (Allocation Failure)
[172.827s][info][gc,heap        ] GC(620) PSYoungGen: 57568K(58368K)->704K(58368K) Eden: 56832K(56832K)->0K(56832K) From: 736K(1536K)->704K(1536K)
[172.827s][info][gc,heap        ] GC(620) ParOldGen: 6300K(699392K)->6300K(699392K)
[172.828s][info][gc,metaspace   ] GC(620) Metaspace: 9939K(10240K)->9939K(10240K) NonClass: 8636K(8832K)->8636K(8832K) Class: 1302K(1408K)->1302K(1408K)
[172.828s][info][gc             ] GC(620) Pause Young (Allocation Failure) 62M->6M(740M) 0.826ms
[172.828s][info][gc,cpu         ] GC(620) User=0.00s Sys=0.00s Real=0.00s
[173.059s][info][gc,start       ] GC(621) Pause Young (Allocation Failure)
[173.060s][info][gc,heap        ] GC(621) PSYoungGen: 57536K(58368K)->640K(58368K) Eden: 56832K(56832K)->0K(56832K) From: 704K(1536K)->640K(1536K)
[173.060s][info][gc,heap        ] GC(621) ParOldGen: 6300K(699392K)->6300K(699392K)
[173.060s][info][gc,metaspace   ] GC(621) Metaspace: 9939K(10240K)->9939K(10240K) NonClass: 8636K(8832K)->8636K(8832K) Class: 1302K(1408K)->1302K(1408K)
[173.060s][info][gc             ] GC(621) Pause Young (Allocation Failure) 62M->6M(740M) 0.830ms
[173.060s][info][gc,cpu         ] GC(621) User=0.00s Sys=0.00s Real=0.00s
[173.302s][info][gc,start       ] GC(622) Pause Young (Allocation Failure)
[173.303s][info][gc,heap        ] GC(622) PSYoungGen: 57472K(58368K)->704K(58368K) Eden: 56832K(56832K)->0K(56832K) From: 640K(1536K)->704K(1536K)
[173.303s][info][gc,heap        ] GC(622) ParOldGen: 6300K(699392K)->6300K(699392K)
[173.303s][info][gc,metaspace   ] GC(622) Metaspace: 9939K(10240K)->9939K(10240K) NonClass: 8636K(8832K)->8636K(8832K) Class: 1302K(1408K)->1302K(1408K)
[173.303s][info][gc             ] GC(622) Pause Young (Allocation Failure) 62M->6M(740M) 0.850ms
[173.303s][info][gc,cpu         ] GC(622) User=0.00s Sys=0.00s Real=0.00s
[173.537s][info][gc,start       ] GC(623) Pause Young (Allocation Failure)
[173.538s][info][gc,heap        ] GC(623) PSYoungGen: 57536K(58368K)->736K(58368K) Eden: 56832K(56832K)->0K(56832K) From: 704K(1536K)->736K(1536K)
[173.538s][info][gc,heap        ] GC(623) ParOldGen: 6300K(699392K)->6300K(699392K)
[173.538s][info][gc,metaspace   ] GC(623) Metaspace: 9939K(10240K)->9939K(10240K) NonClass: 8636K(8832K)->8636K(8832K) Class: 1302K(1408K)->1302K(1408K)
[173.538s][info][gc             ] GC(623) Pause Young (Allocation Failure) 62M->6M(740M) 0.886ms
[173.538s][info][gc,cpu         ] GC(623) User=0.00s Sys=0.00s Real=0.00s
[173.772s][info][gc,start       ] GC(624) Pause Young (Allocation Failure)
[173.773s][info][gc,heap        ] GC(624) PSYoungGen: 57568K(58368K)->576K(58368K) Eden: 56832K(56832K)->0K(56832K) From: 736K(1536K)->576K(1536K)
[173.773s][info][gc,heap        ] GC(624) ParOldGen: 6300K(699392K)->6300K(699392K)
[173.773s][info][gc,metaspace   ] GC(624) Metaspace: 9939K(10240K)->9939K(10240K) NonClass: 8636K(8832K)->8636K(8832K) Class: 1302K(1408K)->1302K(1408K)
[173.773s][info][gc             ] GC(624) Pause Young (Allocation Failure) 62M->6M(740M) 0.851ms
[173.773s][info][gc,cpu         ] GC(624) User=0.00s Sys=0.00s Real=0.00s
[174.001s][info][gc,start       ] GC(625) Pause Young (Allocation Failure)
[174.002s][info][gc,heap        ] GC(625) PSYoungGen: 57408K(58368K)->704K(58368K) Eden: 56832K(56832K)->0K(56832K) From: 576K(1536K)->704K(1536K)
[174.002s][info][gc,heap        ] GC(625) ParOldGen: 6300K(699392K)->6300K(699392K)
[174.002s][info][gc,metaspace   ] GC(625) Metaspace: 9939K(10240K)->9939K(10240K) NonClass: 8636K(8832K)->8636K(8832K) Class: 1302K(1408K)->1302K(1408K)
[174.002s][info][gc             ] GC(625) Pause Young (Allocation Failure) 62M->6M(740M) 0.824ms
[174.002s][info][gc,cpu         ] GC(625) User=0.00s Sys=0.00s Real=0.00s
[174.238s][info][gc,start       ] GC(626) Pause Young (Allocation Failure)
[174.238s][info][gc,heap        ] GC(626) PSYoungGen: 57536K(58368K)->704K(58368K) Eden: 56832K(56832K)->0K(56832K) From: 704K(1536K)->704K(1536K)
[174.238s][info][gc,heap        ] GC(626) ParOldGen: 6300K(699392K)->6300K(699392K)
[174.238s][info][gc,metaspace   ] GC(626) Metaspace: 9939K(10240K)->9939K(10240K) NonClass: 8636K(8832K)->8636K(8832K) Class: 1302K(1408K)->1302K(1408K)
[174.239s][info][gc             ] GC(626) Pause Young (Allocation Failure) 62M->6M(740M) 0.804ms
[174.239s][info][gc,cpu         ] GC(626) User=0.00s Sys=0.00s Real=0.00s
[174.462s][info][gc,start       ] GC(627) Pause Young (Allocation Failure)
[174.462s][info][gc,heap        ] GC(627) PSYoungGen: 57536K(58368K)->768K(58368K) Eden: 56832K(56832K)->0K(56832K) From: 704K(1536K)->768K(1536K)
[174.462s][info][gc,heap        ] GC(627) ParOldGen: 6300K(699392K)->6300K(699392K)
[174.462s][info][gc,metaspace   ] GC(627) Metaspace: 9939K(10240K)->9939K(10240K) NonClass: 8636K(8832K)->8636K(8832K) Class: 1302K(1408K)->1302K(1408K)
[174.462s][info][gc             ] GC(627) Pause Young (Allocation Failure) 62M->6M(740M) 0.807ms
[174.462s][info][gc,cpu         ] GC(627) User=0.00s Sys=0.00s Real=0.00s
[174.689s][info][gc,start       ] GC(628) Pause Young (Allocation Failure)
[174.690s][info][gc,heap        ] GC(628) PSYoungGen: 57600K(58368K)->704K(58368K) Eden: 56832K(56832K)->0K(56832K) From: 768K(1536K)->704K(1536K)
[174.690s][info][gc,heap        ] GC(628) ParOldGen: 6300K(699392K)->6300K(699392K)
[174.690s][info][gc,metaspace   ] GC(628) Metaspace: 9939K(10240K)->9939K(10240K) NonClass: 8636K(8832K)->8636K(8832K) Class: 1302K(1408K)->1302K(1408K)
[174.690s][info][gc             ] GC(628) Pause Young (Allocation Failure) 62M->6M(740M) 0.837ms
[174.690s][info][gc,cpu         ] GC(628) User=0.00s Sys=0.00s Real=0.00s
[174.920s][info][gc,start       ] GC(629) Pause Young (Allocation Failure)
[174.921s][info][gc,heap        ] GC(629) PSYoungGen: 57536K(58368K)->736K(58368K) Eden: 56832K(56832K)->0K(56832K) From: 704K(1536K)->736K(1536K)
[174.921s][info][gc,heap        ] GC(629) ParOldGen: 6300K(699392K)->6300K(699392K)
[174.921s][info][gc,metaspace   ] GC(629) Metaspace: 9939K(10240K)->9939K(10240K) NonClass: 8636K(8832K)->8636K(8832K) Class: 1302K(1408K)->1302K(1408K)
[174.921s][info][gc             ] GC(629) Pause Young (Allocation Failure) 62M->6M(740M) 0.839ms
[174.921s][info][gc,cpu         ] GC(629) User=0.00s Sys=0.00s Real=0.00s
[175.151s][info][gc,start       ] GC(630) Pause Young (Allocation Failure)
[175.151s][info][gc,heap        ] GC(630) PSYoungGen: 57568K(58368K)->704K(57856K) Eden: 56832K(56832K)->0K(56832K) From: 736K(1536K)->704K(1024K)
[175.151s][info][gc,heap        ] GC(630) ParOldGen: 6300K(699392K)->6300K(699392K)
[175.151s][info][gc,metaspace   ] GC(630) Metaspace: 9939K(10240K)->9939K(10240K) NonClass: 8636K(8832K)->8636K(8832K) Class: 1302K(1408K)->1302K(1408K)
[175.152s][info][gc             ] GC(630) Pause Young (Allocation Failure) 62M->6M(739M) 1.024ms
[175.152s][info][gc,cpu         ] GC(630) User=0.00s Sys=0.00s Real=0.00s
[175.382s][info][gc,start       ] GC(631) Pause Young (Allocation Failure)
[175.382s][info][gc,heap        ] GC(631) PSYoungGen: 57536K(57856K)->672K(57856K) Eden: 56832K(56832K)->0K(56832K) From: 704K(1024K)->672K(1024K)
[175.383s][info][gc,heap        ] GC(631) ParOldGen: 6300K(699392K)->6300K(699392K)
[175.383s][info][gc,metaspace   ] GC(631) Metaspace: 9939K(10240K)->9939K(10240K) NonClass: 8636K(8832K)->8636K(8832K) Class: 1302K(1408K)->1302K(1408K)
[175.383s][info][gc             ] GC(631) Pause Young (Allocation Failure) 62M->6M(739M) 0.826ms
[175.383s][info][gc,cpu         ] GC(631) User=0.00s Sys=0.00s Real=0.00s
[175.618s][info][gc,start       ] GC(632) Pause Young (Allocation Failure)
[175.619s][info][gc,heap        ] GC(632) PSYoungGen: 57504K(57856K)->640K(57856K) Eden: 56832K(56832K)->0K(56832K) From: 672K(1024K)->640K(1024K)
[175.619s][info][gc,heap        ] GC(632) ParOldGen: 6300K(699392K)->6300K(699392K)
[175.619s][info][gc,metaspace   ] GC(632) Metaspace: 9939K(10240K)->9939K(10240K) NonClass: 8636K(8832K)->8636K(8832K) Class: 1302K(1408K)->1302K(1408K)
[175.619s][info][gc             ] GC(632) Pause Young (Allocation Failure) 62M->6M(739M) 0.818ms
[175.619s][info][gc,cpu         ] GC(632) User=0.00s Sys=0.00s Real=0.00s
[175.850s][info][gc,start       ] GC(633) Pause Young (Allocation Failure)
[175.851s][info][gc,heap        ] GC(633) PSYoungGen: 57472K(57856K)->736K(57856K) Eden: 56832K(56832K)->0K(56832K) From: 640K(1024K)->736K(1024K)
[175.851s][info][gc,heap        ] GC(633) ParOldGen: 6300K(699392K)->6300K(699392K)
[175.851s][info][gc,metaspace   ] GC(633) Metaspace: 9939K(10240K)->9939K(10240K) NonClass: 8636K(8832K)->8636K(8832K) Class: 1302K(1408K)->1302K(1408K)
[175.851s][info][gc             ] GC(633) Pause Young (Allocation Failure) 62M->6M(739M) 0.851ms
[175.851s][info][gc,cpu         ] GC(633) User=0.00s Sys=0.00s Real=0.00s
[176.085s][info][gc,start       ] GC(634) Pause Young (Allocation Failure)
[176.086s][info][gc,heap        ] GC(634) PSYoungGen: 57568K(57856K)->800K(57856K) Eden: 56832K(56832K)->0K(56832K) From: 736K(1024K)->800K(1024K)
[176.086s][info][gc,heap        ] GC(634) ParOldGen: 6300K(699392K)->6300K(699392K)
[176.086s][info][gc,metaspace   ] GC(634) Metaspace: 9939K(10240K)->9939K(10240K) NonClass: 8636K(8832K)->8636K(8832K) Class: 1302K(1408K)->1302K(1408K)
[176.086s][info][gc             ] GC(634) Pause Young (Allocation Failure) 62M->6M(739M) 0.975ms
[176.086s][info][gc,cpu         ] GC(634) User=0.14s Sys=0.00s Real=0.02s
[176.324s][info][gc,start       ] GC(635) Pause Young (Allocation Failure)
[176.325s][info][gc,heap        ] GC(635) PSYoungGen: 57632K(57856K)->736K(57856K) Eden: 56832K(56832K)->0K(56832K) From: 800K(1024K)->736K(1024K)
[176.325s][info][gc,heap        ] GC(635) ParOldGen: 6300K(699392K)->6524K(699392K)
[176.325s][info][gc,metaspace   ] GC(635) Metaspace: 9939K(10240K)->9939K(10240K) NonClass: 8636K(8832K)->8636K(8832K) Class: 1302K(1408K)->1302K(1408K)
[176.325s][info][gc             ] GC(635) Pause Young (Allocation Failure) 62M->7M(739M) 1.035ms
[176.325s][info][gc,cpu         ] GC(635) User=0.00s Sys=0.00s Real=0.00s
[176.559s][info][gc,start       ] GC(636) Pause Young (Allocation Failure)
[176.560s][info][gc,heap        ] GC(636) PSYoungGen: 57568K(57856K)->672K(57856K) Eden: 56832K(56832K)->0K(56832K) From: 736K(1024K)->672K(1024K)
[176.560s][info][gc,heap        ] GC(636) ParOldGen: 6524K(699392K)->6524K(699392K)
[176.560s][info][gc,metaspace   ] GC(636) Metaspace: 9939K(10240K)->9939K(10240K) NonClass: 8636K(8832K)->8636K(8832K) Class: 1302K(1408K)->1302K(1408K)
[176.560s][info][gc             ] GC(636) Pause Young (Allocation Failure) 62M->7M(739M) 0.810ms
[176.560s][info][gc,cpu         ] GC(636) User=0.00s Sys=0.00s Real=0.00s
[176.781s][info][gc,start       ] GC(637) Pause Young (System.gc())
[176.781s][info][gc,heap        ] GC(637) PSYoungGen: 53213K(57856K)->576K(57856K) Eden: 52541K(56832K)->0K(56832K) From: 672K(1024K)->576K(1024K)
[176.781s][info][gc,heap        ] GC(637) ParOldGen: 6524K(699392K)->6524K(699392K)
[176.781s][info][gc,metaspace   ] GC(637) Metaspace: 9939K(10240K)->9939K(10240K) NonClass: 8636K(8832K)->8636K(8832K) Class: 1302K(1408K)->1302K(1408K)
[176.781s][info][gc             ] GC(637) Pause Young (System.gc()) 58M->6M(739M) 0.811ms
[176.781s][info][gc,cpu         ] GC(637) User=0.00s Sys=0.00s Real=0.00s
[176.782s][info][gc,start       ] GC(638) Pause Full (System.gc())
[176.782s][info][gc,phases,start] GC(638) Marking Phase
[176.794s][info][gc,phases      ] GC(638) Marking Phase 12.647ms
[176.794s][info][gc,phases,start] GC(638) Summary Phase
[176.794s][info][gc,phases      ] GC(638) Summary Phase 0.032ms
[176.794s][info][gc,phases,start] GC(638) Adjust Roots
[176.799s][info][gc,phases      ] GC(638) Adjust Roots 4.366ms
[176.799s][info][gc,phases,start] GC(638) Compaction Phase
[176.802s][info][gc,phases      ] GC(638) Compaction Phase 3.611ms
[176.802s][info][gc,phases,start] GC(638) Post Compact
[176.803s][info][gc,phases      ] GC(638) Post Compact 0.405ms
[176.803s][info][gc,heap        ] GC(638) PSYoungGen: 576K(57856K)->0K(57856K) Eden: 0K(56832K)->0K(56832K) From: 576K(1024K)->0K(1024K)
[176.803s][info][gc,heap        ] GC(638) ParOldGen: 6524K(699392K)->4076K(699392K)
[176.803s][info][gc,metaspace   ] GC(638) Metaspace: 9939K(10240K)->9939K(10240K) NonClass: 8636K(8832K)->8636K(8832K) Class: 1302K(1408K)->1302K(1408K)
[176.803s][info][gc             ] GC(638) Pause Full (System.gc()) 6M->3M(739M) 21.363ms
[176.803s][info][gc,cpu         ] GC(638) User=0.03s Sys=0.00s Real=0.02s
[177.039s][info][gc,start       ] GC(639) Pause Young (Allocation Failure)
[177.040s][info][gc,heap        ] GC(639) PSYoungGen: 56832K(57856K)->1024K(57856K) Eden: 56832K(56832K)->0K(56832K) From: 0K(1024K)->1024K(1024K)
[177.040s][info][gc,heap        ] GC(639) ParOldGen: 4076K(699392K)->4476K(699392K)
[177.040s][info][gc,metaspace   ] GC(639) Metaspace: 9939K(10240K)->9939K(10240K) NonClass: 8636K(8832K)->8636K(8832K) Class: 1302K(1408K)->1302K(1408K)
[177.040s][info][gc             ] GC(639) Pause Young (Allocation Failure) 59M->5M(739M) 1.293ms
[177.040s][info][gc,cpu         ] GC(639) User=0.00s Sys=0.00s Real=0.00s
[177.272s][info][gc,start       ] GC(640) Pause Young (Allocation Failure)
[177.273s][info][gc,heap        ] GC(640) PSYoungGen: 57856K(57856K)->960K(58368K) Eden: 56832K(56832K)->0K(56832K) From: 1024K(1024K)->960K(1536K)
[177.273s][info][gc,heap        ] GC(640) ParOldGen: 4476K(699392K)->5092K(699392K)
[177.273s][info][gc,metaspace   ] GC(640) Metaspace: 9939K(10240K)->9939K(10240K) NonClass: 8636K(8832K)->8636K(8832K) Class: 1302K(1408K)->1302K(1408K)
[177.273s][info][gc             ] GC(640) Pause Young (Allocation Failure) 60M->5M(740M) 1.280ms
[177.273s][info][gc,cpu         ] GC(640) User=0.00s Sys=0.00s Real=0.00s
[177.511s][info][gc,start       ] GC(641) Pause Young (Allocation Failure)
[177.511s][info][gc,heap        ] GC(641) PSYoungGen: 57792K(58368K)->1312K(58368K) Eden: 56832K(56832K)->0K(56832K) From: 960K(1536K)->1312K(1536K)
[177.512s][info][gc,heap        ] GC(641) ParOldGen: 5092K(699392K)->5204K(699392K)
[177.512s][info][gc,metaspace   ] GC(641) Metaspace: 9939K(10240K)->9939K(10240K) NonClass: 8636K(8832K)->8636K(8832K) Class: 1302K(1408K)->1302K(1408K)
[177.512s][info][gc             ] GC(641) Pause Young (Allocation Failure) 61M->6M(740M) 1.053ms
[177.512s][info][gc,cpu         ] GC(641) User=0.00s Sys=0.00s Real=0.00s
[177.736s][info][gc,start       ] GC(642) Pause Young (Allocation Failure)
[177.737s][info][gc,heap        ] GC(642) PSYoungGen: 58144K(58368K)->1248K(58368K) Eden: 56832K(56832K)->0K(56832K) From: 1312K(1536K)->1248K(1536K)
[177.737s][info][gc,heap        ] GC(642) ParOldGen: 5204K(699392K)->5644K(699392K)
[177.737s][info][gc,metaspace   ] GC(642) Metaspace: 9939K(10240K)->9939K(10240K) NonClass: 8636K(8832K)->8636K(8832K) Class: 1302K(1408K)->1302K(1408K)
[177.737s][info][gc             ] GC(642) Pause Young (Allocation Failure) 61M->6M(740M) 1.216ms
[177.737s][info][gc,cpu         ] GC(642) User=0.00s Sys=0.00s Real=0.00s
[177.974s][info][gc,start       ] GC(643) Pause Young (Allocation Failure)
[177.975s][info][gc,heap        ] GC(643) PSYoungGen: 58080K(58368K)->704K(58368K) Eden: 56832K(56832K)->0K(56832K) From: 1248K(1536K)->704K(1536K)
[177.975s][info][gc,heap        ] GC(643) ParOldGen: 5644K(699392K)->6100K(699392K)
[177.975s][info][gc,metaspace   ] GC(643) Metaspace: 9939K(10240K)->9939K(10240K) NonClass: 8636K(8832K)->8636K(8832K) Class: 1302K(1408K)->1302K(1408K)
[177.975s][info][gc             ] GC(643) Pause Young (Allocation Failure) 62M->6M(740M) 1.040ms
[177.975s][info][gc,cpu         ] GC(643) User=0.00s Sys=0.00s Real=0.00s
[178.204s][info][gc,start       ] GC(644) Pause Young (Allocation Failure)
[178.205s][info][gc,heap        ] GC(644) PSYoungGen: 57536K(58368K)->672K(58368K) Eden: 56832K(56832K)->0K(56832K) From: 704K(1536K)->672K(1536K)
[178.205s][info][gc,heap        ] GC(644) ParOldGen: 6100K(699392K)->6100K(699392K)
[178.205s][info][gc,metaspace   ] GC(644) Metaspace: 9939K(10240K)->9939K(10240K) NonClass: 8636K(8832K)->8636K(8832K) Class: 1302K(1408K)->1302K(1408K)
[178.205s][info][gc             ] GC(644) Pause Young (Allocation Failure) 62M->6M(740M) 0.871ms
[178.205s][info][gc,cpu         ] GC(644) User=0.00s Sys=0.00s Real=0.00s
[178.439s][info][gc,start       ] GC(645) Pause Young (Allocation Failure)
[178.440s][info][gc,heap        ] GC(645) PSYoungGen: 57504K(58368K)->1152K(58368K) Eden: 56832K(56832K)->0K(56832K) From: 672K(1536K)->1152K(1536K)
[178.440s][info][gc,heap        ] GC(645) ParOldGen: 6100K(699392K)->6156K(699392K)
[178.440s][info][gc,metaspace   ] GC(645) Metaspace: 9939K(10240K)->9939K(10240K) NonClass: 8636K(8832K)->8636K(8832K) Class: 1302K(1408K)->1302K(1408K)
[178.440s][info][gc             ] GC(645) Pause Young (Allocation Failure) 62M->7M(740M) 1.002ms
[178.440s][info][gc,cpu         ] GC(645) User=0.00s Sys=0.00s Real=0.00s
[178.677s][info][gc,start       ] GC(646) Pause Young (Allocation Failure)
[178.678s][info][gc,heap        ] GC(646) PSYoungGen: 57984K(58368K)->768K(58368K) Eden: 56832K(56832K)->0K(56832K) From: 1152K(1536K)->768K(1536K)
[178.678s][info][gc,heap        ] GC(646) ParOldGen: 6156K(699392K)->6604K(699392K)
[178.678s][info][gc,metaspace   ] GC(646) Metaspace: 9939K(10240K)->9939K(10240K) NonClass: 8636K(8832K)->8636K(8832K) Class: 1302K(1408K)->1302K(1408K)
[178.678s][info][gc             ] GC(646) Pause Young (Allocation Failure) 62M->7M(740M) 1.055ms
[178.678s][info][gc,cpu         ] GC(646) User=0.00s Sys=0.00s Real=0.00s
[178.910s][info][gc,start       ] GC(647) Pause Young (Allocation Failure)
[178.911s][info][gc,heap        ] GC(647) PSYoungGen: 57600K(58368K)->896K(58368K) Eden: 56832K(56832K)->0K(56832K) From: 768K(1536K)->896K(1536K)
[178.911s][info][gc,heap        ] GC(647) ParOldGen: 6604K(699392K)->6788K(699392K)
[178.911s][info][gc,metaspace   ] GC(647) Metaspace: 9939K(10240K)->9939K(10240K) NonClass: 8636K(8832K)->8636K(8832K) Class: 1302K(1408K)->1302K(1408K)
[178.911s][info][gc             ] GC(647) Pause Young (Allocation Failure) 62M->7M(740M) 0.992ms
[178.911s][info][gc,cpu         ] GC(647) User=0.00s Sys=0.00s Real=0.00s
[179.147s][info][gc,start       ] GC(648) Pause Young (Allocation Failure)
[179.148s][info][gc,heap        ] GC(648) PSYoungGen: 57728K(58368K)->704K(58368K) Eden: 56832K(56832K)->0K(56832K) From: 896K(1536K)->704K(1536K)
[179.148s][info][gc,heap        ] GC(648) ParOldGen: 6788K(699392K)->6900K(699392K)
[179.148s][info][gc,metaspace   ] GC(648) Metaspace: 9939K(10240K)->9939K(10240K) NonClass: 8636K(8832K)->8636K(8832K) Class: 1302K(1408K)->1302K(1408K)
[179.148s][info][gc             ] GC(648) Pause Young (Allocation Failure) 63M->7M(740M) 0.845ms
[179.148s][info][gc,cpu         ] GC(648) User=0.00s Sys=0.00s Real=0.00s
[179.381s][info][gc,start       ] GC(649) Pause Young (Allocation Failure)
[179.382s][info][gc,heap        ] GC(649) PSYoungGen: 57536K(58368K)->576K(58368K) Eden: 56832K(56832K)->0K(56832K) From: 704K(1536K)->576K(1536K)
[179.382s][info][gc,heap        ] GC(649) ParOldGen: 6900K(699392K)->6900K(699392K)
[179.382s][info][gc,metaspace   ] GC(649) Metaspace: 9939K(10240K)->9939K(10240K) NonClass: 8636K(8832K)->8636K(8832K) Class: 1302K(1408K)->1302K(1408K)
[179.382s][info][gc             ] GC(649) Pause Young (Allocation Failure) 62M->7M(740M) 0.884ms
[179.382s][info][gc,cpu         ] GC(649) User=0.00s Sys=0.00s Real=0.00s
[179.614s][info][gc,start       ] GC(650) Pause Young (Allocation Failure)
[179.615s][info][gc,heap        ] GC(650) PSYoungGen: 57408K(58368K)->672K(58368K) Eden: 56832K(56832K)->0K(56832K) From: 576K(1536K)->672K(1536K)
[179.615s][info][gc,heap        ] GC(650) ParOldGen: 6900K(699392K)->6900K(699392K)
[179.615s][info][gc,metaspace   ] GC(650) Metaspace: 9939K(10240K)->9939K(10240K) NonClass: 8636K(8832K)->8636K(8832K) Class: 1302K(1408K)->1302K(1408K)
[179.615s][info][gc             ] GC(650) Pause Young (Allocation Failure) 62M->7M(740M) 0.806ms
[179.615s][info][gc,cpu         ] GC(650) User=0.00s Sys=0.00s Real=0.00s
[179.845s][info][gc,start       ] GC(651) Pause Young (Allocation Failure)
[179.846s][info][gc,heap        ] GC(651) PSYoungGen: 57504K(58368K)->640K(58368K) Eden: 56832K(56832K)->0K(56832K) From: 672K(1536K)->640K(1536K)
[179.846s][info][gc,heap        ] GC(651) ParOldGen: 6900K(699392K)->6900K(699392K)
[179.846s][info][gc,metaspace   ] GC(651) Metaspace: 9939K(10240K)->9939K(10240K) NonClass: 8636K(8832K)->8636K(8832K) Class: 1302K(1408K)->1302K(1408K)
[179.846s][info][gc             ] GC(651) Pause Young (Allocation Failure) 62M->7M(740M) 0.814ms
[179.846s][info][gc,cpu         ] GC(651) User=0.00s Sys=0.00s Real=0.00s
[180.073s][info][gc,start       ] GC(652) Pause Young (Allocation Failure)
[180.073s][info][gc,heap        ] GC(652) PSYoungGen: 57472K(58368K)->672K(58368K) Eden: 56832K(56832K)->0K(56832K) From: 640K(1536K)->672K(1536K)
[180.074s][info][gc,heap        ] GC(652) ParOldGen: 6900K(699392K)->6900K(699392K)
[180.074s][info][gc,metaspace   ] GC(652) Metaspace: 9939K(10240K)->9939K(10240K) NonClass: 8636K(8832K)->8636K(8832K) Class: 1302K(1408K)->1302K(1408K)
[180.074s][info][gc             ] GC(652) Pause Young (Allocation Failure) 62M->7M(740M) 0.934ms
[180.074s][info][gc,cpu         ] GC(652) User=0.00s Sys=0.00s Real=0.00s
[180.307s][info][gc,start       ] GC(653) Pause Young (Allocation Failure)
[180.308s][info][gc,heap        ] GC(653) PSYoungGen: 57504K(58368K)->704K(58368K) Eden: 56832K(56832K)->0K(56832K) From: 672K(1536K)->704K(1536K)
[180.308s][info][gc,heap        ] GC(653) ParOldGen: 6900K(699392K)->6900K(699392K)
[180.308s][info][gc,metaspace   ] GC(653) Metaspace: 9939K(10240K)->9939K(10240K) NonClass: 8636K(8832K)->8636K(8832K) Class: 1302K(1408K)->1302K(1408K)
[180.308s][info][gc             ] GC(653) Pause Young (Allocation Failure) 62M->7M(740M) 0.841ms
[180.308s][info][gc,cpu         ] GC(653) User=0.00s Sys=0.00s Real=0.00s
[180.537s][info][gc,start       ] GC(654) Pause Young (Allocation Failure)
[180.538s][info][gc,heap        ] GC(654) PSYoungGen: 57536K(58368K)->544K(58368K) Eden: 56832K(56832K)->0K(56832K) From: 704K(1536K)->544K(1536K)
[180.538s][info][gc,heap        ] GC(654) ParOldGen: 6900K(699392K)->6900K(699392K)
[180.538s][info][gc,metaspace   ] GC(654) Metaspace: 9939K(10240K)->9939K(10240K) NonClass: 8636K(8832K)->8636K(8832K) Class: 1302K(1408K)->1302K(1408K)
[180.538s][info][gc             ] GC(654) Pause Young (Allocation Failure) 62M->7M(740M) 0.781ms
[180.538s][info][gc,cpu         ] GC(654) User=0.00s Sys=0.00s Real=0.00s
[180.765s][info][gc,start       ] GC(655) Pause Young (Allocation Failure)
[180.766s][info][gc,heap        ] GC(655) PSYoungGen: 57376K(58368K)->960K(58368K) Eden: 56832K(56832K)->0K(56832K) From: 544K(1536K)->960K(1536K)
[180.766s][info][gc,heap        ] GC(655) ParOldGen: 6900K(699392K)->6956K(699392K)
[180.766s][info][gc,metaspace   ] GC(655) Metaspace: 9939K(10240K)->9939K(10240K) NonClass: 8636K(8832K)->8636K(8832K) Class: 1302K(1408K)->1302K(1408K)
[180.766s][info][gc             ] GC(655) Pause Young (Allocation Failure) 62M->7M(740M) 0.914ms
[180.766s][info][gc,cpu         ] GC(655) User=0.00s Sys=0.00s Real=0.00s
[180.997s][info][gc,start       ] GC(656) Pause Young (Allocation Failure)
[180.998s][info][gc,heap        ] GC(656) PSYoungGen: 57792K(58368K)->1056K(58368K) Eden: 56832K(56832K)->0K(56832K) From: 960K(1536K)->1056K(1536K)
[180.998s][info][gc,heap        ] GC(656) ParOldGen: 6956K(699392K)->7180K(699392K)
[180.998s][info][gc,metaspace   ] GC(656) Metaspace: 9939K(10240K)->9939K(10240K) NonClass: 8636K(8832K)->8636K(8832K) Class: 1302K(1408K)->1302K(1408K)
[180.998s][info][gc             ] GC(656) Pause Young (Allocation Failure) 63M->8M(740M) 0.962ms
[180.998s][info][gc,cpu         ] GC(656) User=0.00s Sys=0.00s Real=0.00s
[181.221s][info][gc,start       ] GC(657) Pause Young (Allocation Failure)
[181.222s][info][gc,heap        ] GC(657) PSYoungGen: 57888K(58368K)->768K(58368K) Eden: 56832K(56832K)->0K(56832K) From: 1056K(1536K)->768K(1536K)
[181.222s][info][gc,heap        ] GC(657) ParOldGen: 7180K(699392K)->7468K(699392K)
[181.222s][info][gc,metaspace   ] GC(657) Metaspace: 9939K(10240K)->9939K(10240K) NonClass: 8636K(8832K)->8636K(8832K) Class: 1302K(1408K)->1302K(1408K)
[181.222s][info][gc             ] GC(657) Pause Young (Allocation Failure) 63M->8M(740M) 0.946ms
[181.222s][info][gc,cpu         ] GC(657) User=0.00s Sys=0.00s Real=0.00s
[181.452s][info][gc,start       ] GC(658) Pause Young (Allocation Failure)
[181.452s][info][gc,heap        ] GC(658) PSYoungGen: 57600K(58368K)->672K(58368K) Eden: 56832K(56832K)->0K(56832K) From: 768K(1536K)->672K(1536K)
[181.452s][info][gc,heap        ] GC(658) ParOldGen: 7468K(699392K)->7468K(699392K)
[181.452s][info][gc,metaspace   ] GC(658) Metaspace: 9939K(10240K)->9939K(10240K) NonClass: 8636K(8832K)->8636K(8832K) Class: 1302K(1408K)->1302K(1408K)
[181.452s][info][gc             ] GC(658) Pause Young (Allocation Failure) 63M->7M(740M) 0.794ms
[181.452s][info][gc,cpu         ] GC(658) User=0.00s Sys=0.00s Real=0.00s
[181.683s][info][gc,start       ] GC(659) Pause Young (Allocation Failure)
[181.684s][info][gc,heap        ] GC(659) PSYoungGen: 57504K(58368K)->832K(58368K) Eden: 56832K(56832K)->0K(56832K) From: 672K(1536K)->832K(1536K)
[181.684s][info][gc,heap        ] GC(659) ParOldGen: 7468K(699392K)->7468K(699392K)
[181.684s][info][gc,metaspace   ] GC(659) Metaspace: 9939K(10240K)->9939K(10240K) NonClass: 8636K(8832K)->8636K(8832K) Class: 1302K(1408K)->1302K(1408K)
[181.684s][info][gc             ] GC(659) Pause Young (Allocation Failure) 63M->8M(740M) 0.879ms
[181.684s][info][gc,cpu         ] GC(659) User=0.00s Sys=0.00s Real=0.00s
[181.922s][info][gc,start       ] GC(660) Pause Young (Allocation Failure)
[181.923s][info][gc,heap        ] GC(660) PSYoungGen: 57664K(58368K)->736K(58368K) Eden: 56832K(56832K)->0K(56832K) From: 832K(1536K)->736K(1536K)
[181.923s][info][gc,heap        ] GC(660) ParOldGen: 7468K(699392K)->7748K(699392K)
[181.923s][info][gc,metaspace   ] GC(660) Metaspace: 9939K(10240K)->9939K(10240K) NonClass: 8636K(8832K)->8636K(8832K) Class: 1302K(1408K)->1302K(1408K)
[181.923s][info][gc             ] GC(660) Pause Young (Allocation Failure) 63M->8M(740M) 1.014ms
[181.923s][info][gc,cpu         ] GC(660) User=0.00s Sys=0.00s Real=0.00s
[182.156s][info][gc,start       ] GC(661) Pause Young (Allocation Failure)
[182.156s][info][gc,heap        ] GC(661) PSYoungGen: 57568K(58368K)->896K(58368K) Eden: 56832K(56832K)->0K(56832K) From: 736K(1536K)->896K(1536K)
[182.156s][info][gc,heap        ] GC(661) ParOldGen: 7748K(699392K)->7748K(699392K)
[182.156s][info][gc,metaspace   ] GC(661) Metaspace: 9939K(10240K)->9939K(10240K) NonClass: 8636K(8832K)->8636K(8832K) Class: 1302K(1408K)->1302K(1408K)
[182.156s][info][gc             ] GC(661) Pause Young (Allocation Failure) 63M->8M(740M) 0.900ms
[182.156s][info][gc,cpu         ] GC(661) User=0.00s Sys=0.00s Real=0.00s
[182.390s][info][gc,start       ] GC(662) Pause Young (Allocation Failure)
[182.391s][info][gc,heap        ] GC(662) PSYoungGen: 57728K(58368K)->864K(58368K) Eden: 56832K(56832K)->0K(56832K) From: 896K(1536K)->864K(1536K)
[182.391s][info][gc,heap        ] GC(662) ParOldGen: 7748K(699392K)->7980K(699392K)
[182.391s][info][gc,metaspace   ] GC(662) Metaspace: 9939K(10240K)->9939K(10240K) NonClass: 8636K(8832K)->8636K(8832K) Class: 1302K(1408K)->1302K(1408K)
[182.391s][info][gc             ] GC(662) Pause Young (Allocation Failure) 63M->8M(740M) 0.976ms
[182.391s][info][gc,cpu         ] GC(662) User=0.00s Sys=0.00s Real=0.00s
[182.627s][info][gc,start       ] GC(663) Pause Young (Allocation Failure)
[182.628s][info][gc,heap        ] GC(663) PSYoungGen: 57696K(58368K)->736K(58368K) Eden: 56832K(56832K)->0K(56832K) From: 864K(1536K)->736K(1536K)
[182.628s][info][gc,heap        ] GC(663) ParOldGen: 7980K(699392K)->8260K(699392K)
[182.628s][info][gc,metaspace   ] GC(663) Metaspace: 9939K(10240K)->9939K(10240K) NonClass: 8636K(8832K)->8636K(8832K) Class: 1302K(1408K)->1302K(1408K)
[182.628s][info][gc             ] GC(663) Pause Young (Allocation Failure) 64M->8M(740M) 0.926ms
[182.628s][info][gc,cpu         ] GC(663) User=0.00s Sys=0.00s Real=0.00s
[182.868s][info][gc,start       ] GC(664) Pause Young (Allocation Failure)
[182.869s][info][gc,heap        ] GC(664) PSYoungGen: 57568K(58368K)->640K(58368K) Eden: 56832K(56832K)->0K(56832K) From: 736K(1536K)->640K(1536K)
[182.869s][info][gc,heap        ] GC(664) ParOldGen: 8260K(699392K)->8260K(699392K)
[182.869s][info][gc,metaspace   ] GC(664) Metaspace: 9939K(10240K)->9939K(10240K) NonClass: 8636K(8832K)->8636K(8832K) Class: 1302K(1408K)->1302K(1408K)
[182.869s][info][gc             ] GC(664) Pause Young (Allocation Failure) 64M->8M(740M) 0.895ms
[182.869s][info][gc,cpu         ] GC(664) User=0.27s Sys=0.00s Real=0.02s
[183.107s][info][gc,start       ] GC(665) Pause Young (Allocation Failure)
[183.108s][info][gc,heap        ] GC(665) PSYoungGen: 57472K(58368K)->704K(58368K) Eden: 56832K(56832K)->0K(56832K) From: 640K(1536K)->704K(1536K)
[183.108s][info][gc,heap        ] GC(665) ParOldGen: 8260K(699392K)->8260K(699392K)
[183.108s][info][gc,metaspace   ] GC(665) Metaspace: 9939K(10240K)->9939K(10240K) NonClass: 8636K(8832K)->8636K(8832K) Class: 1302K(1408K)->1302K(1408K)
[183.108s][info][gc             ] GC(665) Pause Young (Allocation Failure) 64M->8M(740M) 0.889ms
[183.108s][info][gc,cpu         ] GC(665) User=0.00s Sys=0.00s Real=0.00s
[183.335s][info][gc,start       ] GC(666) Pause Young (Allocation Failure)
[183.336s][info][gc,heap        ] GC(666) PSYoungGen: 57536K(58368K)->640K(58368K) Eden: 56832K(56832K)->0K(56832K) From: 704K(1536K)->640K(1536K)
[183.336s][info][gc,heap        ] GC(666) ParOldGen: 8260K(699392K)->8260K(699392K)
[183.336s][info][gc,metaspace   ] GC(666) Metaspace: 9939K(10240K)->9939K(10240K) NonClass: 8636K(8832K)->8636K(8832K) Class: 1302K(1408K)->1302K(1408K)
[183.336s][info][gc             ] GC(666) Pause Young (Allocation Failure) 64M->8M(740M) 0.837ms
[183.336s][info][gc,cpu         ] GC(666) User=0.00s Sys=0.00s Real=0.00s
[183.549s][info][gc,start       ] GC(667) Pause Young (System.gc())
[183.550s][info][gc,heap        ] GC(667) PSYoungGen: 50881K(58368K)->544K(58368K) Eden: 50241K(56832K)->0K(56832K) From: 640K(1536K)->544K(1536K)
[183.550s][info][gc,heap        ] GC(667) ParOldGen: 8260K(699392K)->8260K(699392K)
[183.550s][info][gc,metaspace   ] GC(667) Metaspace: 9942K(10240K)->9942K(10240K) NonClass: 8639K(8832K)->8639K(8832K) Class: 1302K(1408K)->1302K(1408K)
[183.550s][info][gc             ] GC(667) Pause Young (System.gc()) 57M->8M(740M) 0.767ms
[183.550s][info][gc,cpu         ] GC(667) User=0.00s Sys=0.00s Real=0.00s
[183.550s][info][gc,start       ] GC(668) Pause Full (System.gc())
[183.550s][info][gc,phases,start] GC(668) Marking Phase
[183.563s][info][gc,phases      ] GC(668) Marking Phase 12.801ms
[183.563s][info][gc,phases,start] GC(668) Summary Phase
[183.563s][info][gc,phases      ] GC(668) Summary Phase 0.030ms
[183.563s][info][gc,phases,start] GC(668) Adjust Roots
[183.567s][info][gc,phases      ] GC(668) Adjust Roots 4.262ms
[183.567s][info][gc,phases,start] GC(668) Compaction Phase
[183.571s][info][gc,phases      ] GC(668) Compaction Phase 3.563ms
[183.571s][info][gc,phases,start] GC(668) Post Compact
[183.572s][info][gc,phases      ] GC(668) Post Compact 0.479ms
[183.572s][info][gc,heap        ] GC(668) PSYoungGen: 544K(58368K)->0K(58368K) Eden: 0K(56832K)->0K(56832K) From: 544K(1536K)->0K(1536K)
[183.572s][info][gc,heap        ] GC(668) ParOldGen: 8260K(699392K)->4076K(699392K)
[183.572s][info][gc,metaspace   ] GC(668) Metaspace: 9942K(10240K)->9942K(10240K) NonClass: 8639K(8832K)->8639K(8832K) Class: 1302K(1408K)->1302K(1408K)
[183.572s][info][gc             ] GC(668) Pause Full (System.gc()) 8M->3M(740M) 21.477ms
[183.572s][info][gc,cpu         ] GC(668) User=0.28s Sys=0.00s Real=0.03s
[183.803s][info][gc,start       ] GC(669) Pause Young (Allocation Failure)
[183.804s][info][gc,heap        ] GC(669) PSYoungGen: 56832K(58368K)->1408K(58368K) Eden: 56832K(56832K)->0K(56832K) From: 0K(1536K)->1408K(1536K)
[183.804s][info][gc,heap        ] GC(669) ParOldGen: 4076K(699392K)->4076K(699392K)
[183.804s][info][gc,metaspace   ] GC(669) Metaspace: 9942K(10240K)->9942K(10240K) NonClass: 8639K(8832K)->8639K(8832K) Class: 1302K(1408K)->1302K(1408K)
[183.804s][info][gc             ] GC(669) Pause Young (Allocation Failure) 59M->5M(740M) 1.160ms
[183.804s][info][gc,cpu         ] GC(669) User=0.00s Sys=0.00s Real=0.00s
[184.038s][info][gc,start       ] GC(670) Pause Young (Allocation Failure)
[184.039s][info][gc,heap        ] GC(670) PSYoungGen: 58240K(58368K)->1120K(58368K) Eden: 56832K(56832K)->0K(56832K) From: 1408K(1536K)->1120K(1536K)
[184.039s][info][gc,heap        ] GC(670) ParOldGen: 4076K(699392K)->4532K(699392K)
[184.039s][info][gc,metaspace   ] GC(670) Metaspace: 9942K(10240K)->9942K(10240K) NonClass: 8639K(8832K)->8639K(8832K) Class: 1302K(1408K)->1302K(1408K)
[184.039s][info][gc             ] GC(670) Pause Young (Allocation Failure) 60M->5M(740M) 1.152ms
[184.039s][info][gc,cpu         ] GC(670) User=0.00s Sys=0.00s Real=0.00s
[184.268s][info][gc,start       ] GC(671) Pause Young (Allocation Failure)
[184.269s][info][gc,heap        ] GC(671) PSYoungGen: 57952K(58368K)->992K(58368K) Eden: 56832K(56832K)->0K(56832K) From: 1120K(1536K)->992K(1536K)
[184.269s][info][gc,heap        ] GC(671) ParOldGen: 4532K(699392K)->4964K(699392K)
[184.269s][info][gc,metaspace   ] GC(671) Metaspace: 9942K(10240K)->9942K(10240K) NonClass: 8639K(8832K)->8639K(8832K) Class: 1302K(1408K)->1302K(1408K)
[184.269s][info][gc             ] GC(671) Pause Young (Allocation Failure) 61M->5M(740M) 1.121ms
[184.269s][info][gc,cpu         ] GC(671) User=0.00s Sys=0.00s Real=0.00s
[184.501s][info][gc,start       ] GC(672) Pause Young (Allocation Failure)
[184.502s][info][gc,heap        ] GC(672) PSYoungGen: 57824K(58368K)->1216K(58368K) Eden: 56832K(56832K)->0K(56832K) From: 992K(1536K)->1216K(1536K)
[184.502s][info][gc,heap        ] GC(672) ParOldGen: 4964K(699392K)->5268K(699392K)
[184.502s][info][gc,metaspace   ] GC(672) Metaspace: 9942K(10240K)->9942K(10240K) NonClass: 8639K(8832K)->8639K(8832K) Class: 1302K(1408K)->1302K(1408K)
[184.502s][info][gc             ] GC(672) Pause Young (Allocation Failure) 61M->6M(740M) 1.084ms
[184.502s][info][gc,cpu         ] GC(672) User=0.00s Sys=0.00s Real=0.00s
[184.734s][info][gc,start       ] GC(673) Pause Young (Allocation Failure)
[184.735s][info][gc,heap        ] GC(673) PSYoungGen: 58048K(58368K)->800K(58368K) Eden: 56832K(56832K)->0K(56832K) From: 1216K(1536K)->800K(1536K)
[184.735s][info][gc,heap        ] GC(673) ParOldGen: 5268K(699392K)->5764K(699392K)
[184.735s][info][gc,metaspace   ] GC(673) Metaspace: 9942K(10240K)->9942K(10240K) NonClass: 8639K(8832K)->8639K(8832K) Class: 1302K(1408K)->1302K(1408K)
[184.735s][info][gc             ] GC(673) Pause Young (Allocation Failure) 61M->6M(740M) 1.091ms
[184.735s][info][gc,cpu         ] GC(673) User=0.00s Sys=0.00s Real=0.00s
[184.964s][info][gc,start       ] GC(674) Pause Young (Allocation Failure)
[184.965s][info][gc,heap        ] GC(674) PSYoungGen: 57632K(58368K)->992K(58368K) Eden: 56832K(56832K)->0K(56832K) From: 800K(1536K)->992K(1536K)
[184.965s][info][gc,heap        ] GC(674) ParOldGen: 5764K(699392K)->5796K(699392K)
[184.965s][info][gc,metaspace   ] GC(674) Metaspace: 9942K(10240K)->9942K(10240K) NonClass: 8639K(8832K)->8639K(8832K) Class: 1302K(1408K)->1302K(1408K)
[184.965s][info][gc             ] GC(674) Pause Young (Allocation Failure) 61M->6M(740M) 0.927ms
[184.965s][info][gc,cpu         ] GC(674) User=0.00s Sys=0.00s Real=0.00s
[185.199s][info][gc,start       ] GC(675) Pause Young (Allocation Failure)
[185.200s][info][gc,heap        ] GC(675) PSYoungGen: 57824K(58368K)->1152K(58368K) Eden: 56832K(56832K)->0K(56832K) From: 992K(1536K)->1152K(1536K)
[185.200s][info][gc,heap        ] GC(675) ParOldGen: 5796K(699392K)->6028K(699392K)
[185.200s][info][gc,metaspace   ] GC(675) Metaspace: 9942K(10240K)->9942K(10240K) NonClass: 8639K(8832K)->8639K(8832K) Class: 1302K(1408K)->1302K(1408K)
[185.200s][info][gc             ] GC(675) Pause Young (Allocation Failure) 62M->7M(740M) 1.012ms
[185.200s][info][gc,cpu         ] GC(675) User=0.00s Sys=0.00s Real=0.00s
[185.428s][info][gc,start       ] GC(676) Pause Young (Allocation Failure)
[185.429s][info][gc,heap        ] GC(676) PSYoungGen: 57984K(58368K)->672K(58368K) Eden: 56832K(56832K)->0K(56832K) From: 1152K(1536K)->672K(1536K)
[185.429s][info][gc,heap        ] GC(676) ParOldGen: 6028K(699392K)->6316K(699392K)
[185.429s][info][gc,metaspace   ] GC(676) Metaspace: 9942K(10240K)->9942K(10240K) NonClass: 8639K(8832K)->8639K(8832K) Class: 1302K(1408K)->1302K(1408K)
[185.429s][info][gc             ] GC(676) Pause Young (Allocation Failure) 62M->6M(740M) 0.942ms
[185.429s][info][gc,cpu         ] GC(676) User=0.00s Sys=0.00s Real=0.00s
[185.661s][info][gc,start       ] GC(677) Pause Young (Allocation Failure)
[185.662s][info][gc,heap        ] GC(677) PSYoungGen: 57504K(58368K)->704K(58368K) Eden: 56832K(56832K)->0K(56832K) From: 672K(1536K)->704K(1536K)
[185.662s][info][gc,heap        ] GC(677) ParOldGen: 6316K(699392K)->6316K(699392K)
[185.662s][info][gc,metaspace   ] GC(677) Metaspace: 9942K(10240K)->9942K(10240K) NonClass: 8639K(8832K)->8639K(8832K) Class: 1302K(1408K)->1302K(1408K)
[185.662s][info][gc             ] GC(677) Pause Young (Allocation Failure) 62M->6M(740M) 0.811ms
[185.662s][info][gc,cpu         ] GC(677) User=0.00s Sys=0.00s Real=0.00s
[185.894s][info][gc,start       ] GC(678) Pause Young (Allocation Failure)
[185.895s][info][gc,heap        ] GC(678) PSYoungGen: 57536K(58368K)->672K(58368K) Eden: 56832K(56832K)->0K(56832K) From: 704K(1536K)->672K(1536K)
[185.895s][info][gc,heap        ] GC(678) ParOldGen: 6316K(699392K)->6316K(699392K)
[185.895s][info][gc,metaspace   ] GC(678) Metaspace: 9942K(10240K)->9942K(10240K) NonClass: 8639K(8832K)->8639K(8832K) Class: 1302K(1408K)->1302K(1408K)
[185.895s][info][gc             ] GC(678) Pause Young (Allocation Failure) 62M->6M(740M) 0.847ms
[185.895s][info][gc,cpu         ] GC(678) User=0.00s Sys=0.00s Real=0.00s
[186.127s][info][gc,start       ] GC(679) Pause Young (Allocation Failure)
[186.128s][info][gc,heap        ] GC(679) PSYoungGen: 57504K(58368K)->640K(58368K) Eden: 56832K(56832K)->0K(56832K) From: 672K(1536K)->640K(1536K)
[186.128s][info][gc,heap        ] GC(679) ParOldGen: 6316K(699392K)->6316K(699392K)
[186.128s][info][gc,metaspace   ] GC(679) Metaspace: 9942K(10240K)->9942K(10240K) NonClass: 8639K(8832K)->8639K(8832K) Class: 1302K(1408K)->1302K(1408K)
[186.128s][info][gc             ] GC(679) Pause Young (Allocation Failure) 62M->6M(740M) 0.819ms
[186.128s][info][gc,cpu         ] GC(679) User=0.00s Sys=0.00s Real=0.00s
[186.352s][info][gc,start       ] GC(680) Pause Young (Allocation Failure)
[186.353s][info][gc,heap        ] GC(680) PSYoungGen: 57472K(58368K)->640K(58368K) Eden: 56832K(56832K)->0K(56832K) From: 640K(1536K)->640K(1536K)
[186.353s][info][gc,heap        ] GC(680) ParOldGen: 6316K(699392K)->6316K(699392K)
[186.353s][info][gc,metaspace   ] GC(680) Metaspace: 9942K(10240K)->9942K(10240K) NonClass: 8639K(8832K)->8639K(8832K) Class: 1302K(1408K)->1302K(1408K)
[186.353s][info][gc             ] GC(680) Pause Young (Allocation Failure) 62M->6M(740M) 0.880ms
[186.353s][info][gc,cpu         ] GC(680) User=0.00s Sys=0.02s Real=0.01s
[186.583s][info][gc,start       ] GC(681) Pause Young (Allocation Failure)
[186.583s][info][gc,heap        ] GC(681) PSYoungGen: 57472K(58368K)->608K(58368K) Eden: 56832K(56832K)->0K(56832K) From: 640K(1536K)->608K(1536K)
[186.583s][info][gc,heap        ] GC(681) ParOldGen: 6316K(699392K)->6316K(699392K)
[186.583s][info][gc,metaspace   ] GC(681) Metaspace: 9942K(10240K)->9942K(10240K) NonClass: 8639K(8832K)->8639K(8832K) Class: 1302K(1408K)->1302K(1408K)
[186.583s][info][gc             ] GC(681) Pause Young (Allocation Failure) 62M->6M(740M) 0.802ms
[186.583s][info][gc,cpu         ] GC(681) User=0.00s Sys=0.00s Real=0.00s
[186.810s][info][gc,start       ] GC(682) Pause Young (Allocation Failure)
[186.810s][info][gc,heap        ] GC(682) PSYoungGen: 57440K(58368K)->672K(58368K) Eden: 56832K(56832K)->0K(56832K) From: 608K(1536K)->672K(1536K)
[186.810s][info][gc,heap        ] GC(682) ParOldGen: 6316K(699392K)->6316K(699392K)
[186.811s][info][gc,metaspace   ] GC(682) Metaspace: 9942K(10240K)->9942K(10240K) NonClass: 8639K(8832K)->8639K(8832K) Class: 1302K(1408K)->1302K(1408K)
[186.811s][info][gc             ] GC(682) Pause Young (Allocation Failure) 62M->6M(740M) 0.811ms
[186.811s][info][gc,cpu         ] GC(682) User=0.00s Sys=0.00s Real=0.00s
[187.043s][info][gc,start       ] GC(683) Pause Young (Allocation Failure)
[187.044s][info][gc,heap        ] GC(683) PSYoungGen: 57504K(58368K)->736K(58368K) Eden: 56832K(56832K)->0K(56832K) From: 672K(1536K)->736K(1536K)
[187.044s][info][gc,heap        ] GC(683) ParOldGen: 6316K(699392K)->6316K(699392K)
[187.044s][info][gc,metaspace   ] GC(683) Metaspace: 9942K(10240K)->9942K(10240K) NonClass: 8639K(8832K)->8639K(8832K) Class: 1302K(1408K)->1302K(1408K)
[187.044s][info][gc             ] GC(683) Pause Young (Allocation Failure) 62M->6M(740M) 0.888ms
[187.044s][info][gc,cpu         ] GC(683) User=0.00s Sys=0.00s Real=0.00s
[187.283s][info][gc,start       ] GC(684) Pause Young (Allocation Failure)
[187.284s][info][gc,heap        ] GC(684) PSYoungGen: 57568K(58368K)->608K(58368K) Eden: 56832K(56832K)->0K(56832K) From: 736K(1536K)->608K(1536K)
[187.284s][info][gc,heap        ] GC(684) ParOldGen: 6316K(699392K)->6316K(699392K)
[187.284s][info][gc,metaspace   ] GC(684) Metaspace: 9942K(10240K)->9942K(10240K) NonClass: 8639K(8832K)->8639K(8832K) Class: 1302K(1408K)->1302K(1408K)
[187.284s][info][gc             ] GC(684) Pause Young (Allocation Failure) 62M->6M(740M) 0.836ms
[187.284s][info][gc,cpu         ] GC(684) User=0.00s Sys=0.00s Real=0.00s
[187.517s][info][gc,start       ] GC(685) Pause Young (Allocation Failure)
[187.517s][info][gc,heap        ] GC(685) PSYoungGen: 57440K(58368K)->832K(58368K) Eden: 56832K(56832K)->0K(56832K) From: 608K(1536K)->832K(1536K)
[187.517s][info][gc,heap        ] GC(685) ParOldGen: 6316K(699392K)->6316K(699392K)
[187.517s][info][gc,metaspace   ] GC(685) Metaspace: 9942K(10240K)->9942K(10240K) NonClass: 8639K(8832K)->8639K(8832K) Class: 1302K(1408K)->1302K(1408K)
[187.517s][info][gc             ] GC(685) Pause Young (Allocation Failure) 62M->6M(740M) 0.851ms
[187.517s][info][gc,cpu         ] GC(685) User=0.00s Sys=0.00s Real=0.00s
[187.752s][info][gc,start       ] GC(686) Pause Young (Allocation Failure)
[187.753s][info][gc,heap        ] GC(686) PSYoungGen: 57664K(58368K)->672K(58368K) Eden: 56832K(56832K)->0K(56832K) From: 832K(1536K)->672K(1536K)
[187.753s][info][gc,heap        ] GC(686) ParOldGen: 6316K(699392K)->6316K(699392K)
[187.753s][info][gc,metaspace   ] GC(686) Metaspace: 9942K(10240K)->9942K(10240K) NonClass: 8639K(8832K)->8639K(8832K) Class: 1302K(1408K)->1302K(1408K)
[187.753s][info][gc             ] GC(686) Pause Young (Allocation Failure) 62M->6M(740M) 0.832ms
[187.753s][info][gc,cpu         ] GC(686) User=0.00s Sys=0.00s Real=0.00s
[187.991s][info][gc,start       ] GC(687) Pause Young (Allocation Failure)
[187.991s][info][gc,heap        ] GC(687) PSYoungGen: 57504K(58368K)->768K(58368K) Eden: 56832K(56832K)->0K(56832K) From: 672K(1536K)->768K(1536K)
[187.991s][info][gc,heap        ] GC(687) ParOldGen: 6316K(699392K)->6316K(699392K)
[187.992s][info][gc,metaspace   ] GC(687) Metaspace: 9942K(10240K)->9942K(10240K) NonClass: 8639K(8832K)->8639K(8832K) Class: 1302K(1408K)->1302K(1408K)
[187.992s][info][gc             ] GC(687) Pause Young (Allocation Failure) 62M->6M(740M) 0.910ms
[187.992s][info][gc,cpu         ] GC(687) User=0.00s Sys=0.00s Real=0.00s
[188.225s][info][gc,start       ] GC(688) Pause Young (Allocation Failure)
[188.225s][info][gc,heap        ] GC(688) PSYoungGen: 57600K(58368K)->736K(58368K) Eden: 56832K(56832K)->0K(56832K) From: 768K(1536K)->736K(1536K)
[188.225s][info][gc,heap        ] GC(688) ParOldGen: 6316K(699392K)->6316K(699392K)
[188.225s][info][gc,metaspace   ] GC(688) Metaspace: 9942K(10240K)->9942K(10240K) NonClass: 8639K(8832K)->8639K(8832K) Class: 1302K(1408K)->1302K(1408K)
[188.225s][info][gc             ] GC(688) Pause Young (Allocation Failure) 62M->6M(740M) 0.846ms
[188.226s][info][gc,cpu         ] GC(688) User=0.00s Sys=0.00s Real=0.00s
[188.448s][info][gc,start       ] GC(689) Pause Young (Allocation Failure)
[188.448s][info][gc,heap        ] GC(689) PSYoungGen: 57568K(58368K)->768K(58368K) Eden: 56832K(56832K)->0K(56832K) From: 736K(1536K)->768K(1536K)
[188.448s][info][gc,heap        ] GC(689) ParOldGen: 6316K(699392K)->6500K(699392K)
[188.448s][info][gc,metaspace   ] GC(689) Metaspace: 9942K(10240K)->9942K(10240K) NonClass: 8639K(8832K)->8639K(8832K) Class: 1302K(1408K)->1302K(1408K)
[188.449s][info][gc             ] GC(689) Pause Young (Allocation Failure) 62M->7M(740M) 0.887ms
[188.449s][info][gc,cpu         ] GC(689) User=0.00s Sys=0.00s Real=0.00s
[188.676s][info][gc,start       ] GC(690) Pause Young (Allocation Failure)
[188.676s][info][gc,heap        ] GC(690) PSYoungGen: 57600K(58368K)->704K(58368K) Eden: 56832K(56832K)->0K(56832K) From: 768K(1536K)->704K(1536K)
[188.677s][info][gc,heap        ] GC(690) ParOldGen: 6500K(699392K)->6636K(699392K)
[188.677s][info][gc,metaspace   ] GC(690) Metaspace: 9942K(10240K)->9942K(10240K) NonClass: 8639K(8832K)->8639K(8832K) Class: 1302K(1408K)->1302K(1408K)
[188.677s][info][gc             ] GC(690) Pause Young (Allocation Failure) 62M->7M(740M) 0.865ms
[188.677s][info][gc,cpu         ] GC(690) User=0.00s Sys=0.00s Real=0.00s
[188.900s][info][gc,start       ] GC(691) Pause Young (Allocation Failure)
[188.901s][info][gc,heap        ] GC(691) PSYoungGen: 57536K(58368K)->704K(58368K) Eden: 56832K(56832K)->0K(56832K) From: 704K(1536K)->704K(1536K)
[188.901s][info][gc,heap        ] GC(691) ParOldGen: 6636K(699392K)->6636K(699392K)
[188.901s][info][gc,metaspace   ] GC(691) Metaspace: 9942K(10240K)->9942K(10240K) NonClass: 8639K(8832K)->8639K(8832K) Class: 1302K(1408K)->1302K(1408K)
[188.901s][info][gc             ] GC(691) Pause Young (Allocation Failure) 62M->7M(740M) 0.843ms
[188.901s][info][gc,cpu         ] GC(691) User=0.00s Sys=0.00s Real=0.00s
[189.133s][info][gc,start       ] GC(692) Pause Young (Allocation Failure)
[189.134s][info][gc,heap        ] GC(692) PSYoungGen: 57536K(58368K)->672K(57856K) Eden: 56832K(56832K)->0K(56832K) From: 704K(1536K)->672K(1024K)
[189.134s][info][gc,heap        ] GC(692) ParOldGen: 6636K(699392K)->6636K(699392K)
[189.134s][info][gc,metaspace   ] GC(692) Metaspace: 9942K(10240K)->9942K(10240K) NonClass: 8639K(8832K)->8639K(8832K) Class: 1302K(1408K)->1302K(1408K)
[189.134s][info][gc             ] GC(692) Pause Young (Allocation Failure) 62M->7M(739M) 1.068ms
[189.134s][info][gc,cpu         ] GC(692) User=0.00s Sys=0.00s Real=0.00s
[189.360s][info][gc,start       ] GC(693) Pause Young (Allocation Failure)
[189.361s][info][gc,heap        ] GC(693) PSYoungGen: 57504K(57856K)->768K(57856K) Eden: 56832K(56832K)->0K(56832K) From: 672K(1024K)->768K(1024K)
[189.361s][info][gc,heap        ] GC(693) ParOldGen: 6636K(699392K)->6636K(699392K)
[189.361s][info][gc,metaspace   ] GC(693) Metaspace: 9942K(10240K)->9942K(10240K) NonClass: 8639K(8832K)->8639K(8832K) Class: 1302K(1408K)->1302K(1408K)
[189.361s][info][gc             ] GC(693) Pause Young (Allocation Failure) 62M->7M(739M) 0.811ms
[189.361s][info][gc,cpu         ] GC(693) User=0.00s Sys=0.00s Real=0.00s
[189.596s][info][gc,start       ] GC(694) Pause Young (Allocation Failure)
[189.596s][info][gc,heap        ] GC(694) PSYoungGen: 57600K(57856K)->672K(57856K) Eden: 56832K(56832K)->0K(56832K) From: 768K(1024K)->672K(1024K)
[189.596s][info][gc,heap        ] GC(694) ParOldGen: 6636K(699392K)->6636K(699392K)
[189.597s][info][gc,metaspace   ] GC(694) Metaspace: 9942K(10240K)->9942K(10240K) NonClass: 8639K(8832K)->8639K(8832K) Class: 1302K(1408K)->1302K(1408K)
[189.597s][info][gc             ] GC(694) Pause Young (Allocation Failure) 62M->7M(739M) 0.806ms
[189.597s][info][gc,cpu         ] GC(694) User=0.00s Sys=0.00s Real=0.00s
[189.820s][info][gc,start       ] GC(695) Pause Young (Allocation Failure)
[189.821s][info][gc,heap        ] GC(695) PSYoungGen: 57504K(57856K)->640K(57856K) Eden: 56832K(56832K)->0K(56832K) From: 672K(1024K)->640K(1024K)
[189.821s][info][gc,heap        ] GC(695) ParOldGen: 6636K(699392K)->6636K(699392K)
[189.821s][info][gc,metaspace   ] GC(695) Metaspace: 9942K(10240K)->9942K(10240K) NonClass: 8639K(8832K)->8639K(8832K) Class: 1302K(1408K)->1302K(1408K)
[189.821s][info][gc             ] GC(695) Pause Young (Allocation Failure) 62M->7M(739M) 0.818ms
[189.821s][info][gc,cpu         ] GC(695) User=0.00s Sys=0.00s Real=0.00s
[190.051s][info][gc,start       ] GC(696) Pause Young (Allocation Failure)
[190.052s][info][gc,heap        ] GC(696) PSYoungGen: 57472K(57856K)->640K(57856K) Eden: 56832K(56832K)->0K(56832K) From: 640K(1024K)->640K(1024K)
[190.052s][info][gc,heap        ] GC(696) ParOldGen: 6636K(699392K)->6636K(699392K)
[190.052s][info][gc,metaspace   ] GC(696) Metaspace: 9942K(10240K)->9942K(10240K) NonClass: 8639K(8832K)->8639K(8832K) Class: 1302K(1408K)->1302K(1408K)
[190.052s][info][gc             ] GC(696) Pause Young (Allocation Failure) 62M->7M(739M) 0.798ms
[190.052s][info][gc,cpu         ] GC(696) User=0.00s Sys=0.00s Real=0.00s
[190.256s][info][gc,start       ] GC(697) Pause Young (System.gc())
[190.257s][info][gc,heap        ] GC(697) PSYoungGen: 49107K(57856K)->864K(57856K) Eden: 48467K(56832K)->0K(56832K) From: 640K(1024K)->864K(1024K)
[190.257s][info][gc,heap        ] GC(697) ParOldGen: 6636K(699392K)->6636K(699392K)
[190.257s][info][gc,metaspace   ] GC(697) Metaspace: 9942K(10240K)->9942K(10240K) NonClass: 8639K(8832K)->8639K(8832K) Class: 1302K(1408K)->1302K(1408K)
[190.257s][info][gc             ] GC(697) Pause Young (System.gc()) 54M->7M(739M) 0.978ms
[190.257s][info][gc,cpu         ] GC(697) User=0.00s Sys=0.00s Real=0.00s
[190.257s][info][gc,start       ] GC(698) Pause Full (System.gc())
[190.257s][info][gc,phases,start] GC(698) Marking Phase
[190.271s][info][gc,phases      ] GC(698) Marking Phase 13.627ms
[190.271s][info][gc,phases,start] GC(698) Summary Phase
[190.271s][info][gc,phases      ] GC(698) Summary Phase 0.021ms
[190.271s][info][gc,phases,start] GC(698) Adjust Roots
[190.275s][info][gc,phases      ] GC(698) Adjust Roots 4.192ms
[190.275s][info][gc,phases,start] GC(698) Compaction Phase
[190.279s][info][gc,phases      ] GC(698) Compaction Phase 3.517ms
[190.279s][info][gc,phases,start] GC(698) Post Compact
[190.279s][info][gc,phases      ] GC(698) Post Compact 0.394ms
[190.279s][info][gc,heap        ] GC(698) PSYoungGen: 864K(57856K)->0K(57856K) Eden: 0K(56832K)->0K(56832K) From: 864K(1024K)->0K(1024K)
[190.279s][info][gc,heap        ] GC(698) ParOldGen: 6636K(699392K)->4076K(699392K)
[190.279s][info][gc,metaspace   ] GC(698) Metaspace: 9942K(10240K)->9942K(10240K) NonClass: 8639K(8832K)->8639K(8832K) Class: 1302K(1408K)->1302K(1408K)
[190.279s][info][gc             ] GC(698) Pause Full (System.gc()) 7M->3M(739M) 21.996ms
[190.279s][info][gc,cpu         ] GC(698) User=0.27s Sys=0.00s Real=0.02s
[190.524s][info][gc,start       ] GC(699) Pause Young (Allocation Failure)
[190.525s][info][gc,heap        ] GC(699) PSYoungGen: 56832K(57856K)->1024K(57856K) Eden: 56832K(56832K)->0K(56832K) From: 0K(1024K)->1024K(1024K)
[190.525s][info][gc,heap        ] GC(699) ParOldGen: 4076K(699392K)->4340K(699392K)
[190.525s][info][gc,metaspace   ] GC(699) Metaspace: 9942K(10240K)->9942K(10240K) NonClass: 8639K(8832K)->8639K(8832K) Class: 1302K(1408K)->1302K(1408K)
[190.525s][info][gc             ] GC(699) Pause Young (Allocation Failure) 59M->5M(739M) 1.171ms
[190.525s][info][gc,cpu         ] GC(699) User=0.00s Sys=0.00s Real=0.00s
[190.751s][info][gc,start       ] GC(700) Pause Young (Allocation Failure)
[190.752s][info][gc,heap        ] GC(700) PSYoungGen: 57856K(57856K)->1344K(58368K) Eden: 56832K(56832K)->0K(56832K) From: 1024K(1024K)->1344K(1536K)
[190.752s][info][gc,heap        ] GC(700) ParOldGen: 4340K(699392K)->4700K(699392K)
[190.752s][info][gc,metaspace   ] GC(700) Metaspace: 9942K(10240K)->9942K(10240K) NonClass: 8639K(8832K)->8639K(8832K) Class: 1302K(1408K)->1302K(1408K)
[190.752s][info][gc             ] GC(700) Pause Young (Allocation Failure) 60M->5M(740M) 1.232ms
[190.752s][info][gc,cpu         ] GC(700) User=0.00s Sys=0.00s Real=0.00s
[190.978s][info][gc,start       ] GC(701) Pause Young (Allocation Failure)
[190.979s][info][gc,heap        ] GC(701) PSYoungGen: 58176K(58368K)->1024K(58368K) Eden: 56832K(56832K)->0K(56832K) From: 1344K(1536K)->1024K(1536K)
[190.979s][info][gc,heap        ] GC(701) ParOldGen: 4700K(699392K)->5020K(699392K)
[190.979s][info][gc,metaspace   ] GC(701) Metaspace: 9942K(10240K)->9942K(10240K) NonClass: 8639K(8832K)->8639K(8832K) Class: 1302K(1408K)->1302K(1408K)
[190.979s][info][gc             ] GC(701) Pause Young (Allocation Failure) 61M->5M(740M) 1.020ms
[190.979s][info][gc,cpu         ] GC(701) User=0.00s Sys=0.00s Real=0.00s
[191.211s][info][gc,start       ] GC(702) Pause Young (Allocation Failure)
[191.212s][info][gc,heap        ] GC(702) PSYoungGen: 57856K(58368K)->672K(58368K) Eden: 56832K(56832K)->0K(56832K) From: 1024K(1536K)->672K(1536K)
[191.212s][info][gc,heap        ] GC(702) ParOldGen: 5020K(699392K)->5420K(699392K)
[191.212s][info][gc,metaspace   ] GC(702) Metaspace: 9942K(10240K)->9942K(10240K) NonClass: 8639K(8832K)->8639K(8832K) Class: 1302K(1408K)->1302K(1408K)
[191.212s][info][gc             ] GC(702) Pause Young (Allocation Failure) 61M->5M(740M) 0.991ms
[191.212s][info][gc,cpu         ] GC(702) User=0.00s Sys=0.00s Real=0.00s
[191.437s][info][gc,start       ] GC(703) Pause Young (Allocation Failure)
[191.438s][info][gc,heap        ] GC(703) PSYoungGen: 57504K(58368K)->832K(58368K) Eden: 56832K(56832K)->0K(56832K) From: 672K(1536K)->832K(1536K)
[191.438s][info][gc,heap        ] GC(703) ParOldGen: 5420K(699392K)->5516K(699392K)
[191.438s][info][gc,metaspace   ] GC(703) Metaspace: 9942K(10240K)->9942K(10240K) NonClass: 8639K(8832K)->8639K(8832K) Class: 1302K(1408K)->1302K(1408K)
[191.438s][info][gc             ] GC(703) Pause Young (Allocation Failure) 61M->6M(740M) 0.885ms
[191.438s][info][gc,cpu         ] GC(703) User=0.00s Sys=0.00s Real=0.00s
[191.661s][info][gc,start       ] GC(704) Pause Young (Allocation Failure)
[191.662s][info][gc,heap        ] GC(704) PSYoungGen: 57664K(58368K)->608K(58368K) Eden: 56832K(56832K)->0K(56832K) From: 832K(1536K)->608K(1536K)
[191.662s][info][gc,heap        ] GC(704) ParOldGen: 5516K(699392K)->5764K(699392K)
[191.662s][info][gc,metaspace   ] GC(704) Metaspace: 9942K(10240K)->9942K(10240K) NonClass: 8639K(8832K)->8639K(8832K) Class: 1302K(1408K)->1302K(1408K)
[191.662s][info][gc             ] GC(704) Pause Young (Allocation Failure) 61M->6M(740M) 0.913ms
[191.662s][info][gc,cpu         ] GC(704) User=0.02s Sys=0.00s Real=0.02s
[191.890s][info][gc,start       ] GC(705) Pause Young (Allocation Failure)
[191.891s][info][gc,heap        ] GC(705) PSYoungGen: 57440K(58368K)->992K(58368K) Eden: 56832K(56832K)->0K(56832K) From: 608K(1536K)->992K(1536K)
[191.891s][info][gc,heap        ] GC(705) ParOldGen: 5764K(699392K)->5788K(699392K)
[191.891s][info][gc,metaspace   ] GC(705) Metaspace: 9942K(10240K)->9942K(10240K) NonClass: 8639K(8832K)->8639K(8832K) Class: 1302K(1408K)->1302K(1408K)
[191.891s][info][gc             ] GC(705) Pause Young (Allocation Failure) 61M->6M(740M) 0.958ms
[191.891s][info][gc,cpu         ] GC(705) User=0.00s Sys=0.00s Real=0.00s
[192.111s][info][gc,start       ] GC(706) Pause Young (Allocation Failure)
[192.112s][info][gc,heap        ] GC(706) PSYoungGen: 57824K(58368K)->672K(58368K) Eden: 56832K(56832K)->0K(56832K) From: 992K(1536K)->672K(1536K)
[192.112s][info][gc,heap        ] GC(706) ParOldGen: 5788K(699392K)->6028K(699392K)
[192.112s][info][gc,metaspace   ] GC(706) Metaspace: 9942K(10240K)->9942K(10240K) NonClass: 8639K(8832K)->8639K(8832K) Class: 1302K(1408K)->1302K(1408K)
[192.112s][info][gc             ] GC(706) Pause Young (Allocation Failure) 62M->6M(740M) 0.872ms
[192.112s][info][gc,cpu         ] GC(706) User=0.00s Sys=0.00s Real=0.00s
[192.341s][info][gc,start       ] GC(707) Pause Young (Allocation Failure)
[192.342s][info][gc,heap        ] GC(707) PSYoungGen: 57504K(58368K)->768K(58368K) Eden: 56832K(56832K)->0K(56832K) From: 672K(1536K)->768K(1536K)
[192.342s][info][gc,heap        ] GC(707) ParOldGen: 6028K(699392K)->6028K(699392K)
[192.342s][info][gc,metaspace   ] GC(707) Metaspace: 9942K(10240K)->9942K(10240K) NonClass: 8639K(8832K)->8639K(8832K) Class: 1302K(1408K)->1302K(1408K)
[192.342s][info][gc             ] GC(707) Pause Young (Allocation Failure) 62M->6M(740M) 0.862ms
[192.342s][info][gc,cpu         ] GC(707) User=0.22s Sys=0.05s Real=0.02s
[192.574s][info][gc,start       ] GC(708) Pause Young (Allocation Failure)
[192.575s][info][gc,heap        ] GC(708) PSYoungGen: 57600K(58368K)->640K(58368K) Eden: 56832K(56832K)->0K(56832K) From: 768K(1536K)->640K(1536K)
[192.575s][info][gc,heap        ] GC(708) ParOldGen: 6028K(699392K)->6028K(699392K)
[192.575s][info][gc,metaspace   ] GC(708) Metaspace: 9942K(10240K)->9942K(10240K) NonClass: 8639K(8832K)->8639K(8832K) Class: 1302K(1408K)->1302K(1408K)
[192.575s][info][gc             ] GC(708) Pause Young (Allocation Failure) 62M->6M(740M) 0.812ms
[192.575s][info][gc,cpu         ] GC(708) User=0.00s Sys=0.00s Real=0.00s
[192.800s][info][gc,start       ] GC(709) Pause Young (Allocation Failure)
[192.800s][info][gc,heap        ] GC(709) PSYoungGen: 57471K(58368K)->864K(58368K) Eden: 56831K(56832K)->0K(56832K) From: 640K(1536K)->864K(1536K)
[192.800s][info][gc,heap        ] GC(709) ParOldGen: 6028K(699392K)->6028K(699392K)
[192.800s][info][gc,metaspace   ] GC(709) Metaspace: 9942K(10240K)->9942K(10240K) NonClass: 8639K(8832K)->8639K(8832K) Class: 1302K(1408K)->1302K(1408K)
[192.800s][info][gc             ] GC(709) Pause Young (Allocation Failure) 62M->6M(740M) 0.845ms
[192.801s][info][gc,cpu         ] GC(709) User=0.00s Sys=0.00s Real=0.00s
[193.031s][info][gc,start       ] GC(710) Pause Young (Allocation Failure)
[193.032s][info][gc,heap        ] GC(710) PSYoungGen: 57696K(58368K)->960K(58368K) Eden: 56832K(56832K)->0K(56832K) From: 864K(1536K)->960K(1536K)
[193.032s][info][gc,heap        ] GC(710) ParOldGen: 6028K(699392K)->6300K(699392K)
[193.032s][info][gc,metaspace   ] GC(710) Metaspace: 9942K(10240K)->9942K(10240K) NonClass: 8639K(8832K)->8639K(8832K) Class: 1302K(1408K)->1302K(1408K)
[193.032s][info][gc             ] GC(710) Pause Young (Allocation Failure) 62M->7M(740M) 0.955ms
[193.032s][info][gc,cpu         ] GC(710) User=0.00s Sys=0.00s Real=0.00s
[193.258s][info][gc,start       ] GC(711) Pause Young (Allocation Failure)
[193.259s][info][gc,heap        ] GC(711) PSYoungGen: 57792K(58368K)->800K(58368K) Eden: 56832K(56832K)->0K(56832K) From: 960K(1536K)->800K(1536K)
[193.259s][info][gc,heap        ] GC(711) ParOldGen: 6300K(699392K)->6580K(699392K)
[193.259s][info][gc,metaspace   ] GC(711) Metaspace: 9942K(10240K)->9942K(10240K) NonClass: 8639K(8832K)->8639K(8832K) Class: 1302K(1408K)->1302K(1408K)
[193.259s][info][gc             ] GC(711) Pause Young (Allocation Failure) 62M->7M(740M) 0.862ms
[193.259s][info][gc,cpu         ] GC(711) User=0.00s Sys=0.00s Real=0.00s
[193.479s][info][gc,start       ] GC(712) Pause Young (Allocation Failure)
[193.480s][info][gc,heap        ] GC(712) PSYoungGen: 57632K(58368K)->576K(58368K) Eden: 56832K(56832K)->0K(56832K) From: 800K(1536K)->576K(1536K)
[193.480s][info][gc,heap        ] GC(712) ParOldGen: 6580K(699392K)->6580K(699392K)
[193.480s][info][gc,metaspace   ] GC(712) Metaspace: 9942K(10240K)->9942K(10240K) NonClass: 8639K(8832K)->8639K(8832K) Class: 1302K(1408K)->1302K(1408K)
[193.480s][info][gc             ] GC(712) Pause Young (Allocation Failure) 62M->6M(740M) 0.813ms
[193.480s][info][gc,cpu         ] GC(712) User=0.00s Sys=0.00s Real=0.00s
[193.702s][info][gc,start       ] GC(713) Pause Young (Allocation Failure)
[193.703s][info][gc,heap        ] GC(713) PSYoungGen: 57408K(58368K)->736K(58368K) Eden: 56832K(56832K)->0K(56832K) From: 576K(1536K)->736K(1536K)
[193.703s][info][gc,heap        ] GC(713) ParOldGen: 6580K(699392K)->6580K(699392K)
[193.703s][info][gc,metaspace   ] GC(713) Metaspace: 9942K(10240K)->9942K(10240K) NonClass: 8639K(8832K)->8639K(8832K) Class: 1302K(1408K)->1302K(1408K)
[193.703s][info][gc             ] GC(713) Pause Young (Allocation Failure) 62M->7M(740M) 0.808ms
[193.703s][info][gc,cpu         ] GC(713) User=0.00s Sys=0.00s Real=0.00s
[193.933s][info][gc,start       ] GC(714) Pause Young (Allocation Failure)
[193.933s][info][gc,heap        ] GC(714) PSYoungGen: 57568K(58368K)->672K(58368K) Eden: 56832K(56832K)->0K(56832K) From: 736K(1536K)->672K(1536K)
[193.933s][info][gc,heap        ] GC(714) ParOldGen: 6580K(699392K)->6580K(699392K)
[193.933s][info][gc,metaspace   ] GC(714) Metaspace: 9942K(10240K)->9942K(10240K) NonClass: 8639K(8832K)->8639K(8832K) Class: 1302K(1408K)->1302K(1408K)
[193.933s][info][gc             ] GC(714) Pause Young (Allocation Failure) 62M->7M(740M) 0.885ms
[193.933s][info][gc,cpu         ] GC(714) User=0.00s Sys=0.00s Real=0.00s
[194.161s][info][gc,start       ] GC(715) Pause Young (Allocation Failure)
[194.161s][info][gc,heap        ] GC(715) PSYoungGen: 57504K(58368K)->704K(58368K) Eden: 56832K(56832K)->0K(56832K) From: 672K(1536K)->704K(1536K)
[194.161s][info][gc,heap        ] GC(715) ParOldGen: 6580K(699392K)->6580K(699392K)
[194.161s][info][gc,metaspace   ] GC(715) Metaspace: 9942K(10240K)->9942K(10240K) NonClass: 8639K(8832K)->8639K(8832K) Class: 1302K(1408K)->1302K(1408K)
[194.161s][info][gc             ] GC(715) Pause Young (Allocation Failure) 62M->7M(740M) 0.836ms
[194.161s][info][gc,cpu         ] GC(715) User=0.02s Sys=0.00s Real=0.01s
[194.384s][info][gc,start       ] GC(716) Pause Young (Allocation Failure)
[194.385s][info][gc,heap        ] GC(716) PSYoungGen: 57536K(58368K)->672K(58368K) Eden: 56832K(56832K)->0K(56832K) From: 704K(1536K)->672K(1536K)
[194.385s][info][gc,heap        ] GC(716) ParOldGen: 6580K(699392K)->6580K(699392K)
[194.385s][info][gc,metaspace   ] GC(716) Metaspace: 9942K(10240K)->9942K(10240K) NonClass: 8639K(8832K)->8639K(8832K) Class: 1302K(1408K)->1302K(1408K)
[194.385s][info][gc             ] GC(716) Pause Young (Allocation Failure) 62M->7M(740M) 0.841ms
[194.385s][info][gc,cpu         ] GC(716) User=0.00s Sys=0.00s Real=0.00s
[194.620s][info][gc,start       ] GC(717) Pause Young (Allocation Failure)
[194.621s][info][gc,heap        ] GC(717) PSYoungGen: 57504K(58368K)->992K(58368K) Eden: 56832K(56832K)->0K(56832K) From: 672K(1536K)->992K(1536K)
[194.621s][info][gc,heap        ] GC(717) ParOldGen: 6580K(699392K)->6580K(699392K)
[194.621s][info][gc,metaspace   ] GC(717) Metaspace: 9942K(10240K)->9942K(10240K) NonClass: 8639K(8832K)->8639K(8832K) Class: 1302K(1408K)->1302K(1408K)
[194.621s][info][gc             ] GC(717) Pause Young (Allocation Failure) 62M->7M(740M) 0.917ms
[194.621s][info][gc,cpu         ] GC(717) User=0.00s Sys=0.00s Real=0.00s
[194.856s][info][gc,start       ] GC(718) Pause Young (Allocation Failure)
[194.857s][info][gc,heap        ] GC(718) PSYoungGen: 57824K(58368K)->672K(58368K) Eden: 56832K(56832K)->0K(56832K) From: 992K(1536K)->672K(1536K)
[194.857s][info][gc,heap        ] GC(718) ParOldGen: 6580K(699392K)->6860K(699392K)
[194.857s][info][gc,metaspace   ] GC(718) Metaspace: 9942K(10240K)->9942K(10240K) NonClass: 8639K(8832K)->8639K(8832K) Class: 1302K(1408K)->1302K(1408K)
[194.857s][info][gc             ] GC(718) Pause Young (Allocation Failure) 62M->7M(740M) 0.909ms
[194.857s][info][gc,cpu         ] GC(718) User=0.00s Sys=0.00s Real=0.00s
[195.083s][info][gc,start       ] GC(719) Pause Young (Allocation Failure)
[195.084s][info][gc,heap        ] GC(719) PSYoungGen: 57504K(58368K)->704K(58368K) Eden: 56832K(56832K)->0K(56832K) From: 672K(1536K)->704K(1536K)
[195.084s][info][gc,heap        ] GC(719) ParOldGen: 6860K(699392K)->6860K(699392K)
[195.084s][info][gc,metaspace   ] GC(719) Metaspace: 9942K(10240K)->9942K(10240K) NonClass: 8639K(8832K)->8639K(8832K) Class: 1302K(1408K)->1302K(1408K)
[195.084s][info][gc             ] GC(719) Pause Young (Allocation Failure) 62M->7M(740M) 0.839ms
[195.084s][info][gc,cpu         ] GC(719) User=0.00s Sys=0.00s Real=0.00s
[195.318s][info][gc,start       ] GC(720) Pause Young (Allocation Failure)
[195.319s][info][gc,heap        ] GC(720) PSYoungGen: 57536K(58368K)->768K(58368K) Eden: 56832K(56832K)->0K(56832K) From: 704K(1536K)->768K(1536K)
[195.319s][info][gc,heap        ] GC(720) ParOldGen: 6860K(699392K)->6860K(699392K)
[195.319s][info][gc,metaspace   ] GC(720) Metaspace: 9942K(10240K)->9942K(10240K) NonClass: 8639K(8832K)->8639K(8832K) Class: 1302K(1408K)->1302K(1408K)
[195.319s][info][gc             ] GC(720) Pause Young (Allocation Failure) 62M->7M(740M) 0.838ms
[195.319s][info][gc,cpu         ] GC(720) User=0.00s Sys=0.00s Real=0.00s
[195.548s][info][gc,start       ] GC(721) Pause Young (Allocation Failure)
[195.549s][info][gc,heap        ] GC(721) PSYoungGen: 57600K(58368K)->640K(58368K) Eden: 56832K(56832K)->0K(56832K) From: 768K(1536K)->640K(1536K)
[195.549s][info][gc,heap        ] GC(721) ParOldGen: 6860K(699392K)->6860K(699392K)
[195.549s][info][gc,metaspace   ] GC(721) Metaspace: 9942K(10240K)->9942K(10240K) NonClass: 8639K(8832K)->8639K(8832K) Class: 1302K(1408K)->1302K(1408K)
[195.549s][info][gc             ] GC(721) Pause Young (Allocation Failure) 62M->7M(740M) 0.815ms
[195.549s][info][gc,cpu         ] GC(721) User=0.00s Sys=0.00s Real=0.00s
[195.776s][info][gc,start       ] GC(722) Pause Young (Allocation Failure)
[195.777s][info][gc,heap        ] GC(722) PSYoungGen: 57472K(58368K)->736K(58368K) Eden: 56832K(56832K)->0K(56832K) From: 640K(1536K)->736K(1536K)
[195.777s][info][gc,heap        ] GC(722) ParOldGen: 6860K(699392K)->6860K(699392K)
[195.777s][info][gc,metaspace   ] GC(722) Metaspace: 9942K(10240K)->9942K(10240K) NonClass: 8639K(8832K)->8639K(8832K) Class: 1302K(1408K)->1302K(1408K)
[195.777s][info][gc             ] GC(722) Pause Young (Allocation Failure) 62M->7M(740M) 0.946ms
[195.777s][info][gc,cpu         ] GC(722) User=0.00s Sys=0.02s Real=0.02s
[195.994s][info][gc,start       ] GC(723) Pause Young (Allocation Failure)
[195.995s][info][gc,heap        ] GC(723) PSYoungGen: 57568K(58368K)->608K(58368K) Eden: 56832K(56832K)->0K(56832K) From: 736K(1536K)->608K(1536K)
[195.995s][info][gc,heap        ] GC(723) ParOldGen: 6860K(699392K)->6860K(699392K)
[195.995s][info][gc,metaspace   ] GC(723) Metaspace: 9942K(10240K)->9942K(10240K) NonClass: 8639K(8832K)->8639K(8832K) Class: 1302K(1408K)->1302K(1408K)
[195.995s][info][gc             ] GC(723) Pause Young (Allocation Failure) 62M->7M(740M) 0.868ms
[195.995s][info][gc,cpu         ] GC(723) User=0.00s Sys=0.00s Real=0.00s
[196.230s][info][gc,start       ] GC(724) Pause Young (Allocation Failure)
[196.230s][info][gc,heap        ] GC(724) PSYoungGen: 57440K(58368K)->768K(57856K) Eden: 56832K(56832K)->0K(56832K) From: 608K(1536K)->768K(1024K)
[196.230s][info][gc,heap        ] GC(724) ParOldGen: 6860K(699392K)->6860K(699392K)
[196.230s][info][gc,metaspace   ] GC(724) Metaspace: 9942K(10240K)->9942K(10240K) NonClass: 8639K(8832K)->8639K(8832K) Class: 1302K(1408K)->1302K(1408K)
[196.231s][info][gc             ] GC(724) Pause Young (Allocation Failure) 62M->7M(739M) 0.894ms
[196.231s][info][gc,cpu         ] GC(724) User=0.00s Sys=0.00s Real=0.00s
[196.453s][info][gc,start       ] GC(725) Pause Young (Allocation Failure)
[196.454s][info][gc,heap        ] GC(725) PSYoungGen: 57600K(57856K)->960K(57856K) Eden: 56832K(56832K)->0K(56832K) From: 768K(1024K)->960K(1024K)
[196.454s][info][gc,heap        ] GC(725) ParOldGen: 6860K(699392K)->6900K(699392K)
[196.454s][info][gc,metaspace   ] GC(725) Metaspace: 9942K(10240K)->9942K(10240K) NonClass: 8639K(8832K)->8639K(8832K) Class: 1302K(1408K)->1302K(1408K)
[196.454s][info][gc             ] GC(725) Pause Young (Allocation Failure) 62M->7M(739M) 0.893ms
[196.454s][info][gc,cpu         ] GC(725) User=0.00s Sys=0.00s Real=0.00s
[196.688s][info][gc,start       ] GC(726) Pause Young (Allocation Failure)
[196.689s][info][gc,heap        ] GC(726) PSYoungGen: 57792K(57856K)->768K(58368K) Eden: 56832K(56832K)->0K(56832K) From: 960K(1024K)->768K(1536K)
[196.689s][info][gc,heap        ] GC(726) ParOldGen: 6900K(699392K)->7132K(699392K)
[196.689s][info][gc,metaspace   ] GC(726) Metaspace: 9942K(10240K)->9942K(10240K) NonClass: 8639K(8832K)->8639K(8832K) Class: 1302K(1408K)->1302K(1408K)
[196.689s][info][gc             ] GC(726) Pause Young (Allocation Failure) 63M->7M(740M) 0.895ms
[196.689s][info][gc,cpu         ] GC(726) User=0.00s Sys=0.00s Real=0.00s
[196.861s][info][gc,start       ] GC(727) Pause Young (System.gc())
[196.861s][info][gc,heap        ] GC(727) PSYoungGen: 45396K(58368K)->608K(58368K) Eden: 44628K(56832K)->0K(56832K) From: 768K(1536K)->608K(1536K)
[196.861s][info][gc,heap        ] GC(727) ParOldGen: 7132K(699392K)->7132K(699392K)
[196.861s][info][gc,metaspace   ] GC(727) Metaspace: 9943K(10240K)->9943K(10240K) NonClass: 8641K(8832K)->8641K(8832K) Class: 1302K(1408K)->1302K(1408K)
[196.861s][info][gc             ] GC(727) Pause Young (System.gc()) 51M->7M(740M) 0.759ms
[196.861s][info][gc,cpu         ] GC(727) User=0.00s Sys=0.00s Real=0.00s
[196.862s][info][gc,start       ] GC(728) Pause Full (System.gc())
[196.862s][info][gc,phases,start] GC(728) Marking Phase
[196.875s][info][gc,phases      ] GC(728) Marking Phase 13.273ms
[196.875s][info][gc,phases,start] GC(728) Summary Phase
[196.875s][info][gc,phases      ] GC(728) Summary Phase 0.020ms
[196.875s][info][gc,phases,start] GC(728) Adjust Roots
[196.879s][info][gc,phases      ] GC(728) Adjust Roots 3.619ms
[196.879s][info][gc,phases,start] GC(728) Compaction Phase
[196.882s][info][gc,phases      ] GC(728) Compaction Phase 3.250ms
[196.882s][info][gc,phases,start] GC(728) Post Compact
[196.882s][info][gc,phases      ] GC(728) Post Compact 0.403ms
[196.882s][info][gc,heap        ] GC(728) PSYoungGen: 608K(58368K)->0K(58368K) Eden: 0K(56832K)->0K(56832K) From: 608K(1536K)->0K(1536K)
[196.882s][info][gc,heap        ] GC(728) ParOldGen: 7132K(699392K)->4076K(699392K)
[196.882s][info][gc,metaspace   ] GC(728) Metaspace: 9943K(10240K)->9943K(10240K) NonClass: 8641K(8832K)->8641K(8832K) Class: 1302K(1408K)->1302K(1408K)
[196.882s][info][gc             ] GC(728) Pause Full (System.gc()) 7M->3M(740M) 20.807ms
[196.882s][info][gc,cpu         ] GC(728) User=0.02s Sys=0.00s Real=0.02s
[197.113s][info][gc,start       ] GC(729) Pause Young (Allocation Failure)
[197.114s][info][gc,heap        ] GC(729) PSYoungGen: 56832K(58368K)->1536K(58368K) Eden: 56832K(56832K)->0K(56832K) From: 0K(1536K)->1536K(1536K)
[197.114s][info][gc,heap        ] GC(729) ParOldGen: 4076K(699392K)->4092K(699392K)
[197.114s][info][gc,metaspace   ] GC(729) Metaspace: 9945K(10304K)->9945K(10304K) NonClass: 8642K(8896K)->8642K(8896K) Class: 1302K(1408K)->1302K(1408K)
[197.114s][info][gc             ] GC(729) Pause Young (Allocation Failure) 59M->5M(740M) 1.171ms
[197.114s][info][gc,cpu         ] GC(729) User=0.00s Sys=0.00s Real=0.00s
[197.337s][info][gc,start       ] GC(730) Pause Young (Allocation Failure)
[197.338s][info][gc,heap        ] GC(730) PSYoungGen: 58368K(58368K)->832K(58368K) Eden: 56832K(56832K)->0K(56832K) From: 1536K(1536K)->832K(1536K)
[197.338s][info][gc,heap        ] GC(730) ParOldGen: 4092K(699392K)->4740K(699392K)
[197.338s][info][gc,metaspace   ] GC(730) Metaspace: 9945K(10304K)->9945K(10304K) NonClass: 8642K(8896K)->8642K(8896K) Class: 1302K(1408K)->1302K(1408K)
[197.338s][info][gc             ] GC(730) Pause Young (Allocation Failure) 60M->5M(740M) 1.299ms
[197.338s][info][gc,cpu         ] GC(730) User=0.00s Sys=0.00s Real=0.00s
[197.570s][info][gc,start       ] GC(731) Pause Young (Allocation Failure)
[197.571s][info][gc,heap        ] GC(731) PSYoungGen: 57664K(58368K)->1088K(58368K) Eden: 56832K(56832K)->0K(56832K) From: 832K(1536K)->1088K(1536K)
[197.571s][info][gc,heap        ] GC(731) ParOldGen: 4740K(699392K)->5036K(699392K)
[197.571s][info][gc,metaspace   ] GC(731) Metaspace: 9945K(10304K)->9945K(10304K) NonClass: 8642K(8896K)->8642K(8896K) Class: 1302K(1408K)->1302K(1408K)
[197.571s][info][gc             ] GC(731) Pause Young (Allocation Failure) 60M->5M(740M) 1.038ms
[197.571s][info][gc,cpu         ] GC(731) User=0.00s Sys=0.00s Real=0.00s
[197.800s][info][gc,start       ] GC(732) Pause Young (Allocation Failure)
[197.801s][info][gc,heap        ] GC(732) PSYoungGen: 57920K(58368K)->1024K(58368K) Eden: 56832K(56832K)->0K(56832K) From: 1088K(1536K)->1024K(1536K)
[197.801s][info][gc,heap        ] GC(732) ParOldGen: 5036K(699392K)->5484K(699392K)
[197.801s][info][gc,metaspace   ] GC(732) Metaspace: 9945K(10304K)->9945K(10304K) NonClass: 8642K(8896K)->8642K(8896K) Class: 1302K(1408K)->1302K(1408K)
[197.801s][info][gc             ] GC(732) Pause Young (Allocation Failure) 61M->6M(740M) 1.132ms
[197.801s][info][gc,cpu         ] GC(732) User=0.00s Sys=0.00s Real=0.00s
[198.037s][info][gc,start       ] GC(733) Pause Young (Allocation Failure)
[198.037s][info][gc,heap        ] GC(733) PSYoungGen: 57856K(58368K)->736K(58368K) Eden: 56832K(56832K)->0K(56832K) From: 1024K(1536K)->736K(1536K)
[198.037s][info][gc,heap        ] GC(733) ParOldGen: 5484K(699392K)->5772K(699392K)
[198.037s][info][gc,metaspace   ] GC(733) Metaspace: 9945K(10304K)->9945K(10304K) NonClass: 8642K(8896K)->8642K(8896K) Class: 1302K(1408K)->1302K(1408K)
[198.037s][info][gc             ] GC(733) Pause Young (Allocation Failure) 61M->6M(740M) 0.965ms
[198.038s][info][gc,cpu         ] GC(733) User=0.00s Sys=0.00s Real=0.00s
[198.267s][info][gc,start       ] GC(734) Pause Young (Allocation Failure)
[198.268s][info][gc,heap        ] GC(734) PSYoungGen: 57568K(58368K)->960K(58368K) Eden: 56832K(56832K)->0K(56832K) From: 736K(1536K)->960K(1536K)
[198.268s][info][gc,heap        ] GC(734) ParOldGen: 5772K(699392K)->5796K(699392K)
[198.268s][info][gc,metaspace   ] GC(734) Metaspace: 9945K(10304K)->9945K(10304K) NonClass: 8642K(8896K)->8642K(8896K) Class: 1302K(1408K)->1302K(1408K)
[198.268s][info][gc             ] GC(734) Pause Young (Allocation Failure) 61M->6M(740M) 0.895ms
[198.268s][info][gc,cpu         ] GC(734) User=0.00s Sys=0.00s Real=0.00s
[198.499s][info][gc,start       ] GC(735) Pause Young (Allocation Failure)
[198.500s][info][gc,heap        ] GC(735) PSYoungGen: 57792K(58368K)->768K(58368K) Eden: 56832K(56832K)->0K(56832K) From: 960K(1536K)->768K(1536K)
[198.500s][info][gc,heap        ] GC(735) ParOldGen: 5796K(699392K)->6084K(699392K)
[198.500s][info][gc,metaspace   ] GC(735) Metaspace: 9945K(10304K)->9945K(10304K) NonClass: 8642K(8896K)->8642K(8896K) Class: 1302K(1408K)->1302K(1408K)
[198.500s][info][gc             ] GC(735) Pause Young (Allocation Failure) 62M->6M(740M) 0.924ms
[198.500s][info][gc,cpu         ] GC(735) User=0.00s Sys=0.00s Real=0.00s
[198.736s][info][gc,start       ] GC(736) Pause Young (Allocation Failure)
[198.737s][info][gc,heap        ] GC(736) PSYoungGen: 57600K(58368K)->896K(58368K) Eden: 56832K(56832K)->0K(56832K) From: 768K(1536K)->896K(1536K)
[198.737s][info][gc,heap        ] GC(736) ParOldGen: 6084K(699392K)->6084K(699392K)
[198.737s][info][gc,metaspace   ] GC(736) Metaspace: 9945K(10304K)->9945K(10304K) NonClass: 8642K(8896K)->8642K(8896K) Class: 1302K(1408K)->1302K(1408K)
[198.737s][info][gc             ] GC(736) Pause Young (Allocation Failure) 62M->6M(740M) 0.886ms
[198.737s][info][gc,cpu         ] GC(736) User=0.00s Sys=0.00s Real=0.00s
[198.964s][info][gc,start       ] GC(737) Pause Young (Allocation Failure)
[198.965s][info][gc,heap        ] GC(737) PSYoungGen: 57728K(58368K)->704K(58368K) Eden: 56832K(56832K)->0K(56832K) From: 896K(1536K)->704K(1536K)
[198.965s][info][gc,heap        ] GC(737) ParOldGen: 6084K(699392K)->6364K(699392K)
[198.965s][info][gc,metaspace   ] GC(737) Metaspace: 9945K(10304K)->9945K(10304K) NonClass: 8642K(8896K)->8642K(8896K) Class: 1302K(1408K)->1302K(1408K)
[198.965s][info][gc             ] GC(737) Pause Young (Allocation Failure) 62M->6M(740M) 0.906ms
[198.965s][info][gc,cpu         ] GC(737) User=0.00s Sys=0.00s Real=0.00s
[199.203s][info][gc,start       ] GC(738) Pause Young (Allocation Failure)
[199.204s][info][gc,heap        ] GC(738) PSYoungGen: 57536K(58368K)->960K(58368K) Eden: 56832K(56832K)->0K(56832K) From: 704K(1536K)->960K(1536K)
[199.204s][info][gc,heap        ] GC(738) ParOldGen: 6364K(699392K)->6364K(699392K)
[199.204s][info][gc,metaspace   ] GC(738) Metaspace: 9945K(10304K)->9945K(10304K) NonClass: 8642K(8896K)->8642K(8896K) Class: 1302K(1408K)->1302K(1408K)
[199.204s][info][gc             ] GC(738) Pause Young (Allocation Failure) 62M->7M(740M) 0.935ms
[199.204s][info][gc,cpu         ] GC(738) User=0.00s Sys=0.00s Real=0.00s
[199.425s][info][gc,start       ] GC(739) Pause Young (Allocation Failure)
[199.426s][info][gc,heap        ] GC(739) PSYoungGen: 57792K(58368K)->736K(58368K) Eden: 56832K(56832K)->0K(56832K) From: 960K(1536K)->736K(1536K)
[199.426s][info][gc,heap        ] GC(739) ParOldGen: 6364K(699392K)->6636K(699392K)
[199.426s][info][gc,metaspace   ] GC(739) Metaspace: 9945K(10304K)->9945K(10304K) NonClass: 8642K(8896K)->8642K(8896K) Class: 1302K(1408K)->1302K(1408K)
[199.426s][info][gc             ] GC(739) Pause Young (Allocation Failure) 62M->7M(740M) 0.939ms
[199.426s][info][gc,cpu         ] GC(739) User=0.00s Sys=0.00s Real=0.00s
[199.659s][info][gc,start       ] GC(740) Pause Young (Allocation Failure)
[199.660s][info][gc,heap        ] GC(740) PSYoungGen: 57567K(58368K)->992K(58368K) Eden: 56831K(56832K)->0K(56832K) From: 736K(1536K)->992K(1536K)
[199.660s][info][gc,heap        ] GC(740) ParOldGen: 6636K(699392K)->6700K(699392K)
[199.660s][info][gc,metaspace   ] GC(740) Metaspace: 9945K(10304K)->9945K(10304K) NonClass: 8642K(8896K)->8642K(8896K) Class: 1302K(1408K)->1302K(1408K)
[199.660s][info][gc             ] GC(740) Pause Young (Allocation Failure) 62M->7M(740M) 0.919ms
[199.660s][info][gc,cpu         ] GC(740) User=0.00s Sys=0.00s Real=0.00s
[199.885s][info][gc,start       ] GC(741) Pause Young (Allocation Failure)
[199.886s][info][gc,heap        ] GC(741) PSYoungGen: 57824K(58368K)->704K(58368K) Eden: 56832K(56832K)->0K(56832K) From: 992K(1536K)->704K(1536K)
[199.886s][info][gc,heap        ] GC(741) ParOldGen: 6700K(699392K)->6940K(699392K)
[199.886s][info][gc,metaspace   ] GC(741) Metaspace: 9945K(10304K)->9945K(10304K) NonClass: 8642K(8896K)->8642K(8896K) Class: 1302K(1408K)->1302K(1408K)
[199.886s][info][gc             ] GC(741) Pause Young (Allocation Failure) 63M->7M(740M) 0.892ms
[199.886s][info][gc,cpu         ] GC(741) User=0.00s Sys=0.00s Real=0.00s
[200.119s][info][gc,start       ] GC(742) Pause Young (Allocation Failure)
[200.120s][info][gc,heap        ] GC(742) PSYoungGen: 57536K(58368K)->896K(58368K) Eden: 56832K(56832K)->0K(56832K) From: 704K(1536K)->896K(1536K)
[200.120s][info][gc,heap        ] GC(742) ParOldGen: 6940K(699392K)->6988K(699392K)
[200.120s][info][gc,metaspace   ] GC(742) Metaspace: 9945K(10304K)->9945K(10304K) NonClass: 8642K(8896K)->8642K(8896K) Class: 1302K(1408K)->1302K(1408K)
[200.120s][info][gc             ] GC(742) Pause Young (Allocation Failure) 62M->7M(740M) 0.914ms
[200.120s][info][gc,cpu         ] GC(742) User=0.00s Sys=0.00s Real=0.00s
[200.347s][info][gc,start       ] GC(743) Pause Young (Allocation Failure)
[200.348s][info][gc,heap        ] GC(743) PSYoungGen: 57728K(58368K)->832K(58368K) Eden: 56832K(56832K)->0K(56832K) From: 896K(1536K)->832K(1536K)
[200.348s][info][gc,heap        ] GC(743) ParOldGen: 6988K(699392K)->7284K(699392K)
[200.348s][info][gc,metaspace   ] GC(743) Metaspace: 9945K(10304K)->9945K(10304K) NonClass: 8642K(8896K)->8642K(8896K) Class: 1302K(1408K)->1302K(1408K)
[200.348s][info][gc             ] GC(743) Pause Young (Allocation Failure) 63M->7M(740M) 0.936ms
[200.348s][info][gc,cpu         ] GC(743) User=0.00s Sys=0.00s Real=0.00s
[200.578s][info][gc,start       ] GC(744) Pause Young (Allocation Failure)
[200.578s][info][gc,heap        ] GC(744) PSYoungGen: 57664K(58368K)->768K(58368K) Eden: 56832K(56832K)->0K(56832K) From: 832K(1536K)->768K(1536K)
[200.578s][info][gc,heap        ] GC(744) ParOldGen: 7284K(699392K)->7284K(699392K)
[200.578s][info][gc,metaspace   ] GC(744) Metaspace: 9945K(10304K)->9945K(10304K) NonClass: 8642K(8896K)->8642K(8896K) Class: 1302K(1408K)->1302K(1408K)
[200.578s][info][gc             ] GC(744) Pause Young (Allocation Failure) 63M->7M(740M) 0.842ms
[200.578s][info][gc,cpu         ] GC(744) User=0.00s Sys=0.00s Real=0.00s
[200.811s][info][gc,start       ] GC(745) Pause Young (Allocation Failure)
[200.811s][info][gc,heap        ] GC(745) PSYoungGen: 57600K(58368K)->736K(58368K) Eden: 56832K(56832K)->0K(56832K) From: 768K(1536K)->736K(1536K)
[200.811s][info][gc,heap        ] GC(745) ParOldGen: 7284K(699392K)->7284K(699392K)
[200.811s][info][gc,metaspace   ] GC(745) Metaspace: 9945K(10304K)->9945K(10304K) NonClass: 8642K(8896K)->8642K(8896K) Class: 1302K(1408K)->1302K(1408K)
[200.811s][info][gc             ] GC(745) Pause Young (Allocation Failure) 63M->7M(740M) 0.814ms
[200.811s][info][gc,cpu         ] GC(745) User=0.00s Sys=0.00s Real=0.00s
[201.039s][info][gc,start       ] GC(746) Pause Young (Allocation Failure)
[201.040s][info][gc,heap        ] GC(746) PSYoungGen: 57568K(58368K)->928K(58368K) Eden: 56832K(56832K)->0K(56832K) From: 736K(1536K)->928K(1536K)
[201.040s][info][gc,heap        ] GC(746) ParOldGen: 7284K(699392K)->7284K(699392K)
[201.040s][info][gc,metaspace   ] GC(746) Metaspace: 9945K(10304K)->9945K(10304K) NonClass: 8642K(8896K)->8642K(8896K) Class: 1302K(1408K)->1302K(1408K)
[201.040s][info][gc             ] GC(746) Pause Young (Allocation Failure) 63M->8M(740M) 0.883ms
[201.040s][info][gc,cpu         ] GC(746) User=0.00s Sys=0.00s Real=0.00s
[201.278s][info][gc,start       ] GC(747) Pause Young (Allocation Failure)
[201.279s][info][gc,heap        ] GC(747) PSYoungGen: 57760K(58368K)->768K(58368K) Eden: 56832K(56832K)->0K(56832K) From: 928K(1536K)->768K(1536K)
[201.279s][info][gc,heap        ] GC(747) ParOldGen: 7284K(699392K)->7540K(699392K)
[201.279s][info][gc,metaspace   ] GC(747) Metaspace: 9945K(10304K)->9945K(10304K) NonClass: 8642K(8896K)->8642K(8896K) Class: 1302K(1408K)->1302K(1408K)
[201.279s][info][gc             ] GC(747) Pause Young (Allocation Failure) 63M->8M(740M) 0.934ms
[201.279s][info][gc,cpu         ] GC(747) User=0.00s Sys=0.00s Real=0.00s
[201.503s][info][gc,start       ] GC(748) Pause Young (Allocation Failure)
[201.504s][info][gc,heap        ] GC(748) PSYoungGen: 57600K(58368K)->864K(58368K) Eden: 56832K(56832K)->0K(56832K) From: 768K(1536K)->864K(1536K)
[201.504s][info][gc,heap        ] GC(748) ParOldGen: 7540K(699392K)->7556K(699392K)
[201.504s][info][gc,metaspace   ] GC(748) Metaspace: 9945K(10304K)->9945K(10304K) NonClass: 8642K(8896K)->8642K(8896K) Class: 1302K(1408K)->1302K(1408K)
[201.504s][info][gc             ] GC(748) Pause Young (Allocation Failure) 63M->8M(740M) 0.869ms
[201.504s][info][gc,cpu         ] GC(748) User=0.00s Sys=0.00s Real=0.00s
[201.746s][info][gc,start       ] GC(749) Pause Young (Allocation Failure)
[201.746s][info][gc,heap        ] GC(749) PSYoungGen: 57696K(58368K)->800K(58368K) Eden: 56832K(56832K)->0K(56832K) From: 864K(1536K)->800K(1536K)
[201.746s][info][gc,heap        ] GC(749) ParOldGen: 7556K(699392K)->7804K(699392K)
[201.746s][info][gc,metaspace   ] GC(749) Metaspace: 9945K(10304K)->9945K(10304K) NonClass: 8642K(8896K)->8642K(8896K) Class: 1302K(1408K)->1302K(1408K)
[201.747s][info][gc             ] GC(749) Pause Young (Allocation Failure) 63M->8M(740M) 0.927ms
[201.747s][info][gc,cpu         ] GC(749) User=0.00s Sys=0.00s Real=0.00s
[201.973s][info][gc,start       ] GC(750) Pause Young (Allocation Failure)
[201.974s][info][gc,heap        ] GC(750) PSYoungGen: 57632K(58368K)->576K(58368K) Eden: 56832K(56832K)->0K(56832K) From: 800K(1536K)->576K(1536K)
[201.974s][info][gc,heap        ] GC(750) ParOldGen: 7804K(699392K)->7804K(699392K)
[201.974s][info][gc,metaspace   ] GC(750) Metaspace: 9945K(10304K)->9945K(10304K) NonClass: 8642K(8896K)->8642K(8896K) Class: 1302K(1408K)->1302K(1408K)
[201.974s][info][gc             ] GC(750) Pause Young (Allocation Failure) 63M->8M(740M) 0.839ms
[201.974s][info][gc,cpu         ] GC(750) User=0.27s Sys=0.00s Real=0.02s
[202.203s][info][gc,start       ] GC(751) Pause Young (Allocation Failure)
[202.204s][info][gc,heap        ] GC(751) PSYoungGen: 57408K(58368K)->672K(58368K) Eden: 56832K(56832K)->0K(56832K) From: 576K(1536K)->672K(1536K)
[202.204s][info][gc,heap        ] GC(751) ParOldGen: 7804K(699392K)->7804K(699392K)
[202.204s][info][gc,metaspace   ] GC(751) Metaspace: 9945K(10304K)->9945K(10304K) NonClass: 8642K(8896K)->8642K(8896K) Class: 1302K(1408K)->1302K(1408K)
[202.204s][info][gc             ] GC(751) Pause Young (Allocation Failure) 63M->8M(740M) 0.833ms
[202.204s][info][gc,cpu         ] GC(751) User=0.00s Sys=0.00s Real=0.00s
[202.428s][info][gc,start       ] GC(752) Pause Young (Allocation Failure)
[202.428s][info][gc,heap        ] GC(752) PSYoungGen: 57504K(58368K)->640K(58368K) Eden: 56832K(56832K)->0K(56832K) From: 672K(1536K)->640K(1536K)
[202.429s][info][gc,heap        ] GC(752) ParOldGen: 7804K(699392K)->7804K(699392K)
[202.429s][info][gc,metaspace   ] GC(752) Metaspace: 9945K(10304K)->9945K(10304K) NonClass: 8642K(8896K)->8642K(8896K) Class: 1302K(1408K)->1302K(1408K)
[202.429s][info][gc             ] GC(752) Pause Young (Allocation Failure) 63M->8M(740M) 0.802ms
[202.429s][info][gc,cpu         ] GC(752) User=0.00s Sys=0.00s Real=0.00s
[202.650s][info][gc,start       ] GC(753) Pause Young (Allocation Failure)
[202.651s][info][gc,heap        ] GC(753) PSYoungGen: 57472K(58368K)->1056K(58368K) Eden: 56832K(56832K)->0K(56832K) From: 640K(1536K)->1056K(1536K)
[202.651s][info][gc,heap        ] GC(753) ParOldGen: 7804K(699392K)->7860K(699392K)
[202.651s][info][gc,metaspace   ] GC(753) Metaspace: 9945K(10304K)->9945K(10304K) NonClass: 8642K(8896K)->8642K(8896K) Class: 1302K(1408K)->1302K(1408K)
[202.651s][info][gc             ] GC(753) Pause Young (Allocation Failure) 63M->8M(740M) 0.916ms
[202.651s][info][gc,cpu         ] GC(753) User=0.00s Sys=0.00s Real=0.00s
[202.889s][info][gc,start       ] GC(754) Pause Young (Allocation Failure)
[202.890s][info][gc,heap        ] GC(754) PSYoungGen: 57888K(58368K)->672K(58368K) Eden: 56832K(56832K)->0K(56832K) From: 1056K(1536K)->672K(1536K)
[202.890s][info][gc,heap        ] GC(754) ParOldGen: 7860K(699392K)->8108K(699392K)
[202.890s][info][gc,metaspace   ] GC(754) Metaspace: 9945K(10304K)->9945K(10304K) NonClass: 8642K(8896K)->8642K(8896K) Class: 1302K(1408K)->1302K(1408K)
[202.890s][info][gc             ] GC(754) Pause Young (Allocation Failure) 64M->8M(740M) 0.888ms
[202.890s][info][gc,cpu         ] GC(754) User=0.00s Sys=0.00s Real=0.00s
[203.119s][info][gc,start       ] GC(755) Pause Young (Allocation Failure)
[203.120s][info][gc,heap        ] GC(755) PSYoungGen: 57504K(58368K)->640K(58368K) Eden: 56832K(56832K)->0K(56832K) From: 672K(1536K)->640K(1536K)
[203.120s][info][gc,heap        ] GC(755) ParOldGen: 8108K(699392K)->8108K(699392K)
[203.120s][info][gc,metaspace   ] GC(755) Metaspace: 9945K(10304K)->9945K(10304K) NonClass: 8642K(8896K)->8642K(8896K) Class: 1302K(1408K)->1302K(1408K)
[203.120s][info][gc             ] GC(755) Pause Young (Allocation Failure) 64M->8M(740M) 0.821ms
[203.120s][info][gc,cpu         ] GC(755) User=0.00s Sys=0.00s Real=0.00s
[203.353s][info][gc,start       ] GC(756) Pause Young (Allocation Failure)
[203.354s][info][gc,heap        ] GC(756) PSYoungGen: 57472K(58368K)->608K(58368K) Eden: 56832K(56832K)->0K(56832K) From: 640K(1536K)->608K(1536K)
[203.354s][info][gc,heap        ] GC(756) ParOldGen: 8108K(699392K)->8108K(699392K)
[203.354s][info][gc,metaspace   ] GC(756) Metaspace: 9945K(10304K)->9945K(10304K) NonClass: 8642K(8896K)->8642K(8896K) Class: 1302K(1408K)->1302K(1408K)
[203.354s][info][gc             ] GC(756) Pause Young (Allocation Failure) 64M->8M(740M) 0.838ms
[203.354s][info][gc,cpu         ] GC(756) User=0.00s Sys=0.00s Real=0.00s
[203.563s][info][gc,start       ] GC(757) Pause Young (System.gc())
[203.564s][info][gc,heap        ] GC(757) PSYoungGen: 49926K(58368K)->576K(58368K) Eden: 49318K(56832K)->0K(56832K) From: 608K(1536K)->576K(1536K)
[203.564s][info][gc,heap        ] GC(757) ParOldGen: 8108K(699392K)->8108K(699392K)
[203.564s][info][gc,metaspace   ] GC(757) Metaspace: 9947K(10304K)->9947K(10304K) NonClass: 8644K(8896K)->8644K(8896K) Class: 1302K(1408K)->1302K(1408K)
[203.564s][info][gc             ] GC(757) Pause Young (System.gc()) 56M->8M(740M) 0.764ms
[203.564s][info][gc,cpu         ] GC(757) User=0.00s Sys=0.00s Real=0.00s
[203.564s][info][gc,start       ] GC(758) Pause Full (System.gc())
[203.564s][info][gc,phases,start] GC(758) Marking Phase
[203.576s][info][gc,phases      ] GC(758) Marking Phase 12.514ms
[203.577s][info][gc,phases,start] GC(758) Summary Phase
[203.577s][info][gc,phases      ] GC(758) Summary Phase 0.032ms
[203.577s][info][gc,phases,start] GC(758) Adjust Roots
[203.580s][info][gc,phases      ] GC(758) Adjust Roots 3.427ms
[203.580s][info][gc,phases,start] GC(758) Compaction Phase
[203.584s][info][gc,phases      ] GC(758) Compaction Phase 3.589ms
[203.584s][info][gc,phases,start] GC(758) Post Compact
[203.584s][info][gc,phases      ] GC(758) Post Compact 0.460ms
[203.584s][info][gc,heap        ] GC(758) PSYoungGen: 576K(58368K)->0K(58368K) Eden: 0K(56832K)->0K(56832K) From: 576K(1536K)->0K(1536K)
[203.584s][info][gc,heap        ] GC(758) ParOldGen: 8108K(699392K)->4076K(699392K)
[203.584s][info][gc,metaspace   ] GC(758) Metaspace: 9947K(10304K)->9947K(10304K) NonClass: 8644K(8896K)->8644K(8896K) Class: 1302K(1408K)->1302K(1408K)
[203.584s][info][gc             ] GC(758) Pause Full (System.gc()) 8M->3M(740M) 20.419ms
[203.584s][info][gc,cpu         ] GC(758) User=0.02s Sys=0.00s Real=0.02s
[203.825s][info][gc,start       ] GC(759) Pause Young (Allocation Failure)
[203.826s][info][gc,heap        ] GC(759) PSYoungGen: 56832K(58368K)->1408K(58368K) Eden: 56832K(56832K)->0K(56832K) From: 0K(1536K)->1408K(1536K)
[203.826s][info][gc,heap        ] GC(759) ParOldGen: 4076K(699392K)->4076K(699392K)
[203.826s][info][gc,metaspace   ] GC(759) Metaspace: 9948K(10304K)->9948K(10304K) NonClass: 8645K(8896K)->8645K(8896K) Class: 1302K(1408K)->1302K(1408K)
[203.826s][info][gc             ] GC(759) Pause Young (Allocation Failure) 59M->5M(740M) 1.134ms
[203.826s][info][gc,cpu         ] GC(759) User=0.00s Sys=0.00s Real=0.00s
[204.067s][info][gc,start       ] GC(760) Pause Young (Allocation Failure)
[204.068s][info][gc,heap        ] GC(760) PSYoungGen: 58240K(58368K)->1216K(58368K) Eden: 56832K(56832K)->0K(56832K) From: 1408K(1536K)->1216K(1536K)
[204.068s][info][gc,heap        ] GC(760) ParOldGen: 4076K(699392K)->4364K(699392K)
[204.068s][info][gc,metaspace   ] GC(760) Metaspace: 9948K(10304K)->9948K(10304K) NonClass: 8645K(8896K)->8645K(8896K) Class: 1302K(1408K)->1302K(1408K)
[204.068s][info][gc             ] GC(760) Pause Young (Allocation Failure) 60M->5M(740M) 1.085ms
[204.068s][info][gc,cpu         ] GC(760) User=0.00s Sys=0.00s Real=0.00s
[204.300s][info][gc,start       ] GC(761) Pause Young (Allocation Failure)
[204.301s][info][gc,heap        ] GC(761) PSYoungGen: 58048K(58368K)->800K(58368K) Eden: 56832K(56832K)->0K(56832K) From: 1216K(1536K)->800K(1536K)
[204.302s][info][gc,heap        ] GC(761) ParOldGen: 4364K(699392K)->4964K(699392K)
[204.302s][info][gc,metaspace   ] GC(761) Metaspace: 9948K(10304K)->9948K(10304K) NonClass: 8645K(8896K)->8645K(8896K) Class: 1302K(1408K)->1302K(1408K)
[204.302s][info][gc             ] GC(761) Pause Young (Allocation Failure) 60M->5M(740M) 1.238ms
[204.302s][info][gc,cpu         ] GC(761) User=0.00s Sys=0.00s Real=0.00s
[204.532s][info][gc,start       ] GC(762) Pause Young (Allocation Failure)
[204.533s][info][gc,heap        ] GC(762) PSYoungGen: 57632K(58368K)->832K(58368K) Eden: 56832K(56832K)->0K(56832K) From: 800K(1536K)->832K(1536K)
[204.533s][info][gc,heap        ] GC(762) ParOldGen: 4964K(699392K)->5052K(699392K)
[204.533s][info][gc,metaspace   ] GC(762) Metaspace: 9948K(10304K)->9948K(10304K) NonClass: 8645K(8896K)->8645K(8896K) Class: 1302K(1408K)->1302K(1408K)
[204.533s][info][gc             ] GC(762) Pause Young (Allocation Failure) 61M->5M(740M) 0.862ms
[204.533s][info][gc,cpu         ] GC(762) User=0.00s Sys=0.02s Real=0.02s
[204.770s][info][gc,start       ] GC(763) Pause Young (Allocation Failure)
[204.771s][info][gc,heap        ] GC(763) PSYoungGen: 57664K(58368K)->768K(58368K) Eden: 56832K(56832K)->0K(56832K) From: 832K(1536K)->768K(1536K)
[204.771s][info][gc,heap        ] GC(763) ParOldGen: 5052K(699392K)->5300K(699392K)
[204.771s][info][gc,metaspace   ] GC(763) Metaspace: 9948K(10304K)->9948K(10304K) NonClass: 8645K(8896K)->8645K(8896K) Class: 1302K(1408K)->1302K(1408K)
[204.771s][info][gc             ] GC(763) Pause Young (Allocation Failure) 61M->5M(740M) 0.913ms
[204.771s][info][gc,cpu         ] GC(763) User=0.00s Sys=0.00s Real=0.00s
[205.006s][info][gc,start       ] GC(764) Pause Young (Allocation Failure)
[205.007s][info][gc,heap        ] GC(764) PSYoungGen: 57600K(58368K)->992K(58368K) Eden: 56832K(56832K)->0K(56832K) From: 768K(1536K)->992K(1536K)
[205.007s][info][gc,heap        ] GC(764) ParOldGen: 5300K(699392K)->5420K(699392K)
[205.007s][info][gc,metaspace   ] GC(764) Metaspace: 9948K(10304K)->9948K(10304K) NonClass: 8645K(8896K)->8645K(8896K) Class: 1302K(1408K)->1302K(1408K)
[205.007s][info][gc             ] GC(764) Pause Young (Allocation Failure) 61M->6M(740M) 0.937ms
[205.007s][info][gc,cpu         ] GC(764) User=0.00s Sys=0.00s Real=0.00s
[205.231s][info][gc,start       ] GC(765) Pause Young (Allocation Failure)
[205.231s][info][gc,heap        ] GC(765) PSYoungGen: 57824K(58368K)->1024K(58368K) Eden: 56832K(56832K)->0K(56832K) From: 992K(1536K)->1024K(1536K)
[205.231s][info][gc,heap        ] GC(765) ParOldGen: 5420K(699392K)->5684K(699392K)
[205.232s][info][gc,metaspace   ] GC(765) Metaspace: 9948K(10304K)->9948K(10304K) NonClass: 8645K(8896K)->8645K(8896K) Class: 1302K(1408K)->1302K(1408K)
[205.232s][info][gc             ] GC(765) Pause Young (Allocation Failure) 61M->6M(740M) 0.991ms
[205.232s][info][gc,cpu         ] GC(765) User=0.00s Sys=0.00s Real=0.00s
[205.454s][info][gc,start       ] GC(766) Pause Young (Allocation Failure)
[205.454s][info][gc,heap        ] GC(766) PSYoungGen: 57856K(58368K)->672K(58368K) Eden: 56832K(56832K)->0K(56832K) From: 1024K(1536K)->672K(1536K)
[205.454s][info][gc,heap        ] GC(766) ParOldGen: 5684K(699392K)->5980K(699392K)
[205.455s][info][gc,metaspace   ] GC(766) Metaspace: 9948K(10304K)->9948K(10304K) NonClass: 8645K(8896K)->8645K(8896K) Class: 1302K(1408K)->1302K(1408K)
[205.455s][info][gc             ] GC(766) Pause Young (Allocation Failure) 62M->6M(740M) 0.984ms
[205.455s][info][gc,cpu         ] GC(766) User=0.00s Sys=0.00s Real=0.00s
[205.694s][info][gc,start       ] GC(767) Pause Young (Allocation Failure)
[205.695s][info][gc,heap        ] GC(767) PSYoungGen: 57504K(58368K)->960K(58368K) Eden: 56832K(56832K)->0K(56832K) From: 672K(1536K)->960K(1536K)
[205.695s][info][gc,heap        ] GC(767) ParOldGen: 5980K(699392K)->6036K(699392K)
[205.695s][info][gc,metaspace   ] GC(767) Metaspace: 9948K(10304K)->9948K(10304K) NonClass: 8645K(8896K)->8645K(8896K) Class: 1302K(1408K)->1302K(1408K)
[205.695s][info][gc             ] GC(767) Pause Young (Allocation Failure) 61M->6M(740M) 0.945ms
[205.695s][info][gc,cpu         ] GC(767) User=0.00s Sys=0.00s Real=0.00s
[205.929s][info][gc,start       ] GC(768) Pause Young (Allocation Failure)
[205.930s][info][gc,heap        ] GC(768) PSYoungGen: 57792K(58368K)->1024K(58368K) Eden: 56832K(56832K)->0K(56832K) From: 960K(1536K)->1024K(1536K)
[205.930s][info][gc,heap        ] GC(768) ParOldGen: 6036K(699392K)->6388K(699392K)
[205.930s][info][gc,metaspace   ] GC(768) Metaspace: 9948K(10304K)->9948K(10304K) NonClass: 8645K(8896K)->8645K(8896K) Class: 1302K(1408K)->1302K(1408K)
[205.930s][info][gc             ] GC(768) Pause Young (Allocation Failure) 62M->7M(740M) 1.142ms
[205.930s][info][gc,cpu         ] GC(768) User=0.00s Sys=0.00s Real=0.00s
[206.171s][info][gc,start       ] GC(769) Pause Young (Allocation Failure)
[206.172s][info][gc,heap        ] GC(769) PSYoungGen: 57856K(58368K)->832K(58368K) Eden: 56832K(56832K)->0K(56832K) From: 1024K(1536K)->832K(1536K)
[206.172s][info][gc,heap        ] GC(769) ParOldGen: 6388K(699392K)->6740K(699392K)
[206.172s][info][gc,metaspace   ] GC(769) Metaspace: 9948K(10304K)->9948K(10304K) NonClass: 8645K(8896K)->8645K(8896K) Class: 1302K(1408K)->1302K(1408K)
[206.172s][info][gc             ] GC(769) Pause Young (Allocation Failure) 62M->7M(740M) 0.966ms
[206.172s][info][gc,cpu         ] GC(769) User=0.00s Sys=0.00s Real=0.00s
[206.412s][info][gc,start       ] GC(770) Pause Young (Allocation Failure)
[206.413s][info][gc,heap        ] GC(770) PSYoungGen: 57664K(58368K)->672K(58368K) Eden: 56832K(56832K)->0K(56832K) From: 832K(1536K)->672K(1536K)
[206.413s][info][gc,heap        ] GC(770) ParOldGen: 6740K(699392K)->6740K(699392K)
[206.413s][info][gc,metaspace   ] GC(770) Metaspace: 9948K(10304K)->9948K(10304K) NonClass: 8645K(8896K)->8645K(8896K) Class: 1302K(1408K)->1302K(1408K)
[206.413s][info][gc             ] GC(770) Pause Young (Allocation Failure) 62M->7M(740M) 0.834ms
[206.413s][info][gc,cpu         ] GC(770) User=0.00s Sys=0.00s Real=0.00s
[206.647s][info][gc,start       ] GC(771) Pause Young (Allocation Failure)
[206.647s][info][gc,heap        ] GC(771) PSYoungGen: 57504K(58368K)->640K(58368K) Eden: 56832K(56832K)->0K(56832K) From: 672K(1536K)->640K(1536K)
[206.648s][info][gc,heap        ] GC(771) ParOldGen: 6740K(699392K)->6740K(699392K)
[206.648s][info][gc,metaspace   ] GC(771) Metaspace: 9948K(10304K)->9948K(10304K) NonClass: 8645K(8896K)->8645K(8896K) Class: 1302K(1408K)->1302K(1408K)
[206.648s][info][gc             ] GC(771) Pause Young (Allocation Failure) 62M->7M(740M) 0.878ms
[206.648s][info][gc,cpu         ] GC(771) User=0.00s Sys=0.00s Real=0.00s
[206.882s][info][gc,start       ] GC(772) Pause Young (Allocation Failure)
[206.882s][info][gc,heap        ] GC(772) PSYoungGen: 57472K(58368K)->960K(58368K) Eden: 56832K(56832K)->0K(56832K) From: 640K(1536K)->960K(1536K)
[206.883s][info][gc,heap        ] GC(772) ParOldGen: 6740K(699392K)->6740K(699392K)
[206.883s][info][gc,metaspace   ] GC(772) Metaspace: 9948K(10304K)->9948K(10304K) NonClass: 8645K(8896K)->8645K(8896K) Class: 1302K(1408K)->1302K(1408K)
[206.883s][info][gc             ] GC(772) Pause Young (Allocation Failure) 62M->7M(740M) 0.907ms
[206.883s][info][gc,cpu         ] GC(772) User=0.00s Sys=0.00s Real=0.00s
[207.112s][info][gc,start       ] GC(773) Pause Young (Allocation Failure)
[207.113s][info][gc,heap        ] GC(773) PSYoungGen: 57792K(58368K)->928K(58368K) Eden: 56832K(56832K)->0K(56832K) From: 960K(1536K)->928K(1536K)
[207.113s][info][gc,heap        ] GC(773) ParOldGen: 6740K(699392K)->6988K(699392K)
[207.113s][info][gc,metaspace   ] GC(773) Metaspace: 9948K(10304K)->9948K(10304K) NonClass: 8645K(8896K)->8645K(8896K) Class: 1302K(1408K)->1302K(1408K)
[207.113s][info][gc             ] GC(773) Pause Young (Allocation Failure) 63M->7M(740M) 1.038ms
[207.113s][info][gc,cpu         ] GC(773) User=0.00s Sys=0.00s Real=0.00s
[207.343s][info][gc,start       ] GC(774) Pause Young (Allocation Failure)
[207.344s][info][gc,heap        ] GC(774) PSYoungGen: 57760K(58368K)->800K(58368K) Eden: 56832K(56832K)->0K(56832K) From: 928K(1536K)->800K(1536K)
[207.344s][info][gc,heap        ] GC(774) ParOldGen: 6988K(699392K)->7260K(699392K)
[207.344s][info][gc,metaspace   ] GC(774) Metaspace: 9948K(10304K)->9948K(10304K) NonClass: 8645K(8896K)->8645K(8896K) Class: 1302K(1408K)->1302K(1408K)
[207.344s][info][gc             ] GC(774) Pause Young (Allocation Failure) 63M->7M(740M) 0.966ms
[207.344s][info][gc,cpu         ] GC(774) User=0.00s Sys=0.00s Real=0.00s
[207.573s][info][gc,start       ] GC(775) Pause Young (Allocation Failure)
[207.574s][info][gc,heap        ] GC(775) PSYoungGen: 57632K(58368K)->704K(58368K) Eden: 56832K(56832K)->0K(56832K) From: 800K(1536K)->704K(1536K)
[207.574s][info][gc,heap        ] GC(775) ParOldGen: 7260K(699392K)->7508K(699392K)
[207.574s][info][gc,metaspace   ] GC(775) Metaspace: 9948K(10304K)->9948K(10304K) NonClass: 8645K(8896K)->8645K(8896K) Class: 1302K(1408K)->1302K(1408K)
[207.574s][info][gc             ] GC(775) Pause Young (Allocation Failure) 63M->8M(740M) 0.913ms
[207.574s][info][gc,cpu         ] GC(775) User=0.00s Sys=0.00s Real=0.00s
[207.805s][info][gc,start       ] GC(776) Pause Young (Allocation Failure)
[207.816s][info][gc,heap        ] GC(776) PSYoungGen: 57536K(58368K)->768K(58368K) Eden: 56832K(56832K)->0K(56832K) From: 704K(1536K)->768K(1536K)
[207.816s][info][gc,heap        ] GC(776) ParOldGen: 7508K(699392K)->7508K(699392K)
[207.816s][info][gc,metaspace   ] GC(776) Metaspace: 9948K(10304K)->9948K(10304K) NonClass: 8645K(8896K)->8645K(8896K) Class: 1302K(1408K)->1302K(1408K)
[207.816s][info][gc             ] GC(776) Pause Young (Allocation Failure) 63M->8M(740M) 10.695ms
[207.816s][info][gc,cpu         ] GC(776) User=0.00s Sys=0.00s Real=0.02s
[208.051s][info][gc,start       ] GC(777) Pause Young (Allocation Failure)
[208.051s][info][gc,heap        ] GC(777) PSYoungGen: 57600K(58368K)->672K(58368K) Eden: 56832K(56832K)->0K(56832K) From: 768K(1536K)->672K(1536K)
[208.051s][info][gc,heap        ] GC(777) ParOldGen: 7508K(699392K)->7508K(699392K)
[208.051s][info][gc,metaspace   ] GC(777) Metaspace: 9948K(10304K)->9948K(10304K) NonClass: 8645K(8896K)->8645K(8896K) Class: 1302K(1408K)->1302K(1408K)
[208.051s][info][gc             ] GC(777) Pause Young (Allocation Failure) 63M->7M(740M) 0.828ms
[208.051s][info][gc,cpu         ] GC(777) User=0.00s Sys=0.00s Real=0.00s
[208.272s][info][gc,start       ] GC(778) Pause Young (Allocation Failure)
[208.272s][info][gc,heap        ] GC(778) PSYoungGen: 57504K(58368K)->672K(58368K) Eden: 56832K(56832K)->0K(56832K) From: 672K(1536K)->672K(1536K)
[208.272s][info][gc,heap        ] GC(778) ParOldGen: 7508K(699392K)->7508K(699392K)
[208.272s][info][gc,metaspace   ] GC(778) Metaspace: 9948K(10304K)->9948K(10304K) NonClass: 8645K(8896K)->8645K(8896K) Class: 1302K(1408K)->1302K(1408K)
[208.272s][info][gc             ] GC(778) Pause Young (Allocation Failure) 63M->7M(740M) 0.838ms
[208.273s][info][gc,cpu         ] GC(778) User=0.00s Sys=0.00s Real=0.00s
[208.500s][info][gc,start       ] GC(779) Pause Young (Allocation Failure)
[208.501s][info][gc,heap        ] GC(779) PSYoungGen: 57504K(58368K)->672K(58368K) Eden: 56832K(56832K)->0K(56832K) From: 672K(1536K)->672K(1536K)
[208.501s][info][gc,heap        ] GC(779) ParOldGen: 7508K(699392K)->7508K(699392K)
[208.501s][info][gc,metaspace   ] GC(779) Metaspace: 9948K(10304K)->9948K(10304K) NonClass: 8645K(8896K)->8645K(8896K) Class: 1302K(1408K)->1302K(1408K)
[208.501s][info][gc             ] GC(779) Pause Young (Allocation Failure) 63M->7M(740M) 0.822ms
[208.501s][info][gc,cpu         ] GC(779) User=0.00s Sys=0.00s Real=0.00s
[208.738s][info][gc,start       ] GC(780) Pause Young (Allocation Failure)
[208.739s][info][gc,heap        ] GC(780) PSYoungGen: 57504K(58368K)->608K(58368K) Eden: 56832K(56832K)->0K(56832K) From: 672K(1536K)->608K(1536K)
[208.739s][info][gc,heap        ] GC(780) ParOldGen: 7508K(699392K)->7508K(699392K)
[208.739s][info][gc,metaspace   ] GC(780) Metaspace: 9948K(10304K)->9948K(10304K) NonClass: 8645K(8896K)->8645K(8896K) Class: 1302K(1408K)->1302K(1408K)
[208.739s][info][gc             ] GC(780) Pause Young (Allocation Failure) 63M->7M(740M) 0.825ms
[208.739s][info][gc,cpu         ] GC(780) User=0.00s Sys=0.00s Real=0.00s
[208.966s][info][gc,start       ] GC(781) Pause Young (Allocation Failure)
[208.966s][info][gc,heap        ] GC(781) PSYoungGen: 57440K(58368K)->672K(58368K) Eden: 56832K(56832K)->0K(56832K) From: 608K(1536K)->672K(1536K)
[208.966s][info][gc,heap        ] GC(781) ParOldGen: 7508K(699392K)->7508K(699392K)
[208.966s][info][gc,metaspace   ] GC(781) Metaspace: 9948K(10304K)->9948K(10304K) NonClass: 8645K(8896K)->8645K(8896K) Class: 1302K(1408K)->1302K(1408K)
[208.967s][info][gc             ] GC(781) Pause Young (Allocation Failure) 63M->7M(740M) 0.854ms
[208.967s][info][gc,cpu         ] GC(781) User=0.00s Sys=0.00s Real=0.00s
[209.204s][info][gc,start       ] GC(782) Pause Young (Allocation Failure)
[209.205s][info][gc,heap        ] GC(782) PSYoungGen: 57504K(58368K)->704K(58368K) Eden: 56832K(56832K)->0K(56832K) From: 672K(1536K)->704K(1536K)
[209.205s][info][gc,heap        ] GC(782) ParOldGen: 7508K(699392K)->7508K(699392K)
[209.205s][info][gc,metaspace   ] GC(782) Metaspace: 9948K(10304K)->9948K(10304K) NonClass: 8645K(8896K)->8645K(8896K) Class: 1302K(1408K)->1302K(1408K)
[209.205s][info][gc             ] GC(782) Pause Young (Allocation Failure) 63M->8M(740M) 0.868ms
[209.205s][info][gc,cpu         ] GC(782) User=0.00s Sys=0.00s Real=0.00s
[209.444s][info][gc,start       ] GC(783) Pause Young (Allocation Failure)
[209.445s][info][gc,heap        ] GC(783) PSYoungGen: 57536K(58368K)->640K(58368K) Eden: 56832K(56832K)->0K(56832K) From: 704K(1536K)->640K(1536K)
[209.445s][info][gc,heap        ] GC(783) ParOldGen: 7508K(699392K)->7508K(699392K)
[209.445s][info][gc,metaspace   ] GC(783) Metaspace: 9948K(10304K)->9948K(10304K) NonClass: 8645K(8896K)->8645K(8896K) Class: 1302K(1408K)->1302K(1408K)
[209.445s][info][gc             ] GC(783) Pause Young (Allocation Failure) 63M->7M(740M) 0.835ms
[209.445s][info][gc,cpu         ] GC(783) User=0.00s Sys=0.00s Real=0.00s
[209.673s][info][gc,start       ] GC(784) Pause Young (Allocation Failure)
[209.674s][info][gc,heap        ] GC(784) PSYoungGen: 57472K(58368K)->736K(58368K) Eden: 56832K(56832K)->0K(56832K) From: 640K(1536K)->736K(1536K)
[209.674s][info][gc,heap        ] GC(784) ParOldGen: 7508K(699392K)->7508K(699392K)
[209.674s][info][gc,metaspace   ] GC(784) Metaspace: 9948K(10304K)->9948K(10304K) NonClass: 8645K(8896K)->8645K(8896K) Class: 1302K(1408K)->1302K(1408K)
[209.674s][info][gc             ] GC(784) Pause Young (Allocation Failure) 63M->8M(740M) 0.846ms
[209.674s][info][gc,cpu         ] GC(784) User=0.00s Sys=0.00s Real=0.00s
[209.905s][info][gc,start       ] GC(785) Pause Young (Allocation Failure)
[209.906s][info][gc,heap        ] GC(785) PSYoungGen: 57568K(58368K)->608K(58368K) Eden: 56832K(56832K)->0K(56832K) From: 736K(1536K)->608K(1536K)
[209.906s][info][gc,heap        ] GC(785) ParOldGen: 7508K(699392K)->7508K(699392K)
[209.906s][info][gc,metaspace   ] GC(785) Metaspace: 9948K(10304K)->9948K(10304K) NonClass: 8645K(8896K)->8645K(8896K) Class: 1302K(1408K)->1302K(1408K)
[209.906s][info][gc             ] GC(785) Pause Young (Allocation Failure) 63M->7M(740M) 0.899ms
[209.906s][info][gc,cpu         ] GC(785) User=0.00s Sys=0.00s Real=0.00s
[210.133s][info][gc,start       ] GC(786) Pause Young (Allocation Failure)
[210.134s][info][gc,heap        ] GC(786) PSYoungGen: 57440K(58368K)->736K(57856K) Eden: 56832K(56832K)->0K(56832K) From: 608K(1536K)->736K(1024K)
[210.134s][info][gc,heap        ] GC(786) ParOldGen: 7508K(699392K)->7508K(699392K)
[210.134s][info][gc,metaspace   ] GC(786) Metaspace: 9948K(10304K)->9948K(10304K) NonClass: 8645K(8896K)->8645K(8896K) Class: 1302K(1408K)->1302K(1408K)
[210.134s][info][gc             ] GC(786) Pause Young (Allocation Failure) 63M->8M(739M) 0.932ms
[210.134s][info][gc,cpu         ] GC(786) User=0.00s Sys=0.00s Real=0.00s
[210.336s][info][gc,start       ] GC(787) Pause Young (System.gc())
[210.337s][info][gc,heap        ] GC(787) PSYoungGen: 47698K(57856K)->608K(57856K) Eden: 46962K(56832K)->0K(56832K) From: 736K(1024K)->608K(1024K)
[210.337s][info][gc,heap        ] GC(787) ParOldGen: 7508K(699392K)->7508K(699392K)
[210.337s][info][gc,metaspace   ] GC(787) Metaspace: 9949K(10304K)->9949K(10304K) NonClass: 8646K(8896K)->8646K(8896K) Class: 1302K(1408K)->1302K(1408K)
[210.337s][info][gc             ] GC(787) Pause Young (System.gc()) 53M->7M(739M) 0.923ms
[210.337s][info][gc,cpu         ] GC(787) User=0.00s Sys=0.00s Real=0.00s
[210.337s][info][gc,start       ] GC(788) Pause Full (System.gc())
[210.337s][info][gc,phases,start] GC(788) Marking Phase
[210.351s][info][gc,phases      ] GC(788) Marking Phase 13.457ms
[210.351s][info][gc,phases,start] GC(788) Summary Phase
[210.351s][info][gc,phases      ] GC(788) Summary Phase 0.020ms
[210.351s][info][gc,phases,start] GC(788) Adjust Roots
[210.355s][info][gc,phases      ] GC(788) Adjust Roots 4.236ms
[210.355s][info][gc,phases,start] GC(788) Compaction Phase
[210.358s][info][gc,phases      ] GC(788) Compaction Phase 2.825ms
[210.358s][info][gc,phases,start] GC(788) Post Compact
[210.358s][info][gc,phases      ] GC(788) Post Compact 0.403ms
[210.358s][info][gc,heap        ] GC(788) PSYoungGen: 608K(57856K)->0K(57856K) Eden: 0K(56832K)->0K(56832K) From: 608K(1024K)->0K(1024K)
[210.358s][info][gc,heap        ] GC(788) ParOldGen: 7508K(699392K)->4076K(699392K)
[210.358s][info][gc,metaspace   ] GC(788) Metaspace: 9949K(10304K)->9949K(10304K) NonClass: 8646K(8896K)->8646K(8896K) Class: 1302K(1408K)->1302K(1408K)
[210.358s][info][gc             ] GC(788) Pause Full (System.gc()) 7M->3M(739M) 21.179ms
[210.358s][info][gc,cpu         ] GC(788) User=0.02s Sys=0.00s Real=0.02s
[210.589s][info][gc,start       ] GC(789) Pause Young (Allocation Failure)
[210.590s][info][gc,heap        ] GC(789) PSYoungGen: 56832K(57856K)->512K(57344K) Eden: 56832K(56832K)->0K(56832K) From: 0K(1024K)->512K(512K)
[210.590s][info][gc,heap        ] GC(789) ParOldGen: 4076K(699392K)->4740K(699392K)
[210.590s][info][gc,metaspace   ] GC(789) Metaspace: 9949K(10304K)->9949K(10304K) NonClass: 8646K(8896K)->8646K(8896K) Class: 1302K(1408K)->1302K(1408K)
[210.590s][info][gc             ] GC(789) Pause Young (Allocation Failure) 59M->5M(739M) 1.421ms
[210.590s][info][gc,cpu         ] GC(789) User=0.00s Sys=0.00s Real=0.00s
[210.813s][info][gc,start       ] GC(790) Pause Young (Allocation Failure)
[210.814s][info][gc,heap        ] GC(790) PSYoungGen: 57344K(57344K)->992K(58368K) Eden: 56832K(56832K)->0K(56832K) From: 512K(512K)->992K(1536K)
[210.814s][info][gc,heap        ] GC(790) ParOldGen: 4740K(699392K)->5140K(699392K)
[210.814s][info][gc,metaspace   ] GC(790) Metaspace: 9949K(10304K)->9949K(10304K) NonClass: 8646K(8896K)->8646K(8896K) Class: 1302K(1408K)->1302K(1408K)
[210.814s][info][gc             ] GC(790) Pause Young (Allocation Failure) 60M->5M(740M) 1.289ms
[210.814s][info][gc,cpu         ] GC(790) User=0.00s Sys=0.00s Real=0.00s
[211.041s][info][gc,start       ] GC(791) Pause Young (Allocation Failure)
[211.042s][info][gc,heap        ] GC(791) PSYoungGen: 57824K(58368K)->736K(58368K) Eden: 56832K(56832K)->0K(56832K) From: 992K(1536K)->736K(1536K)
[211.042s][info][gc,heap        ] GC(791) ParOldGen: 5140K(699392K)->5460K(699392K)
[211.042s][info][gc,metaspace   ] GC(791) Metaspace: 9949K(10304K)->9949K(10304K) NonClass: 8646K(8896K)->8646K(8896K) Class: 1302K(1408K)->1302K(1408K)
[211.042s][info][gc             ] GC(791) Pause Young (Allocation Failure) 61M->6M(740M) 0.970ms
[211.042s][info][gc,cpu         ] GC(791) User=0.00s Sys=0.00s Real=0.00s
[211.267s][info][gc,start       ] GC(792) Pause Young (Allocation Failure)
[211.268s][info][gc,heap        ] GC(792) PSYoungGen: 57568K(58368K)->928K(58368K) Eden: 56832K(56832K)->0K(56832K) From: 736K(1536K)->928K(1536K)
[211.268s][info][gc,heap        ] GC(792) ParOldGen: 5460K(699392K)->5460K(699392K)
[211.268s][info][gc,metaspace   ] GC(792) Metaspace: 9949K(10304K)->9949K(10304K) NonClass: 8646K(8896K)->8646K(8896K) Class: 1302K(1408K)->1302K(1408K)
[211.268s][info][gc             ] GC(792) Pause Young (Allocation Failure) 61M->6M(740M) 0.813ms
[211.268s][info][gc,cpu         ] GC(792) User=0.00s Sys=0.00s Real=0.00s
[211.493s][info][gc,start       ] GC(793) Pause Young (Allocation Failure)
[211.494s][info][gc,heap        ] GC(793) PSYoungGen: 57760K(58368K)->832K(58368K) Eden: 56832K(56832K)->0K(56832K) From: 928K(1536K)->832K(1536K)
[211.494s][info][gc,heap        ] GC(793) ParOldGen: 5460K(699392K)->5748K(699392K)
[211.494s][info][gc,metaspace   ] GC(793) Metaspace: 9949K(10304K)->9949K(10304K) NonClass: 8646K(8896K)->8646K(8896K) Class: 1302K(1408K)->1302K(1408K)
[211.494s][info][gc             ] GC(793) Pause Young (Allocation Failure) 61M->6M(740M) 0.942ms
[211.494s][info][gc,cpu         ] GC(793) User=0.00s Sys=0.00s Real=0.00s
[211.727s][info][gc,start       ] GC(794) Pause Young (Allocation Failure)
[211.728s][info][gc,heap        ] GC(794) PSYoungGen: 57664K(58368K)->896K(58368K) Eden: 56832K(56832K)->0K(56832K) From: 832K(1536K)->896K(1536K)
[211.728s][info][gc,heap        ] GC(794) ParOldGen: 5748K(699392K)->5764K(699392K)
[211.728s][info][gc,metaspace   ] GC(794) Metaspace: 9949K(10304K)->9949K(10304K) NonClass: 8646K(8896K)->8646K(8896K) Class: 1302K(1408K)->1302K(1408K)
[211.728s][info][gc             ] GC(794) Pause Young (Allocation Failure) 61M->6M(740M) 0.890ms
[211.728s][info][gc,cpu         ] GC(794) User=0.00s Sys=0.00s Real=0.00s
[211.961s][info][gc,start       ] GC(795) Pause Young (Allocation Failure)
[211.962s][info][gc,heap        ] GC(795) PSYoungGen: 57728K(58368K)->928K(58368K) Eden: 56832K(56832K)->0K(56832K) From: 896K(1536K)->928K(1536K)
[211.962s][info][gc,heap        ] GC(795) ParOldGen: 5764K(699392K)->6044K(699392K)
[211.962s][info][gc,metaspace   ] GC(795) Metaspace: 9949K(10304K)->9949K(10304K) NonClass: 8646K(8896K)->8646K(8896K) Class: 1302K(1408K)->1302K(1408K)
[211.962s][info][gc             ] GC(795) Pause Young (Allocation Failure) 62M->6M(740M) 1.020ms
[211.962s][info][gc,cpu         ] GC(795) User=0.00s Sys=0.00s Real=0.00s
[212.183s][info][gc,start       ] GC(796) Pause Young (Allocation Failure)
[212.184s][info][gc,heap        ] GC(796) PSYoungGen: 57760K(58368K)->992K(58368K) Eden: 56832K(56832K)->0K(56832K) From: 928K(1536K)->992K(1536K)
[212.184s][info][gc,heap        ] GC(796) ParOldGen: 6044K(699392K)->6292K(699392K)
[212.184s][info][gc,metaspace   ] GC(796) Metaspace: 9949K(10304K)->9949K(10304K) NonClass: 8646K(8896K)->8646K(8896K) Class: 1302K(1408K)->1302K(1408K)
[212.184s][info][gc             ] GC(796) Pause Young (Allocation Failure) 62M->7M(740M) 1.068ms
[212.184s][info][gc,cpu         ] GC(796) User=0.00s Sys=0.00s Real=0.00s
[212.420s][info][gc,start       ] GC(797) Pause Young (Allocation Failure)
[212.421s][info][gc,heap        ] GC(797) PSYoungGen: 57824K(58368K)->864K(58368K) Eden: 56832K(56832K)->0K(56832K) From: 992K(1536K)->864K(1536K)
[212.421s][info][gc,heap        ] GC(797) ParOldGen: 6292K(699392K)->6700K(699392K)
[212.421s][info][gc,metaspace   ] GC(797) Metaspace: 9949K(10304K)->9949K(10304K) NonClass: 8646K(8896K)->8646K(8896K) Class: 1302K(1408K)->1302K(1408K)
[212.422s][info][gc             ] GC(797) Pause Young (Allocation Failure) 62M->7M(740M) 1.070ms
[212.422s][info][gc,cpu         ] GC(797) User=0.00s Sys=0.00s Real=0.00s
[212.654s][info][gc,start       ] GC(798) Pause Young (Allocation Failure)
[212.655s][info][gc,heap        ] GC(798) PSYoungGen: 57696K(58368K)->736K(58368K) Eden: 56832K(56832K)->0K(56832K) From: 864K(1536K)->736K(1536K)
[212.655s][info][gc,heap        ] GC(798) ParOldGen: 6700K(699392K)->6940K(699392K)
[212.655s][info][gc,metaspace   ] GC(798) Metaspace: 9949K(10304K)->9949K(10304K) NonClass: 8646K(8896K)->8646K(8896K) Class: 1302K(1408K)->1302K(1408K)
[212.655s][info][gc             ] GC(798) Pause Young (Allocation Failure) 62M->7M(740M) 0.935ms
[212.655s][info][gc,cpu         ] GC(798) User=0.00s Sys=0.00s Real=0.00s
[212.889s][info][gc,start       ] GC(799) Pause Young (Allocation Failure)
[212.890s][info][gc,heap        ] GC(799) PSYoungGen: 57568K(58368K)->928K(58368K) Eden: 56832K(56832K)->0K(56832K) From: 736K(1536K)->928K(1536K)
[212.890s][info][gc,heap        ] GC(799) ParOldGen: 6940K(699392K)->6956K(699392K)
[212.890s][info][gc,metaspace   ] GC(799) Metaspace: 9949K(10304K)->9949K(10304K) NonClass: 8646K(8896K)->8646K(8896K) Class: 1302K(1408K)->1302K(1408K)
[212.890s][info][gc             ] GC(799) Pause Young (Allocation Failure) 62M->7M(740M) 0.936ms
[212.890s][info][gc,cpu         ] GC(799) User=0.00s Sys=0.00s Real=0.00s
[213.121s][info][gc,start       ] GC(800) Pause Young (Allocation Failure)
[213.121s][info][gc,heap        ] GC(800) PSYoungGen: 57760K(58368K)->736K(58368K) Eden: 56832K(56832K)->0K(56832K) From: 928K(1536K)->736K(1536K)
[213.121s][info][gc,heap        ] GC(800) ParOldGen: 6956K(699392K)->7252K(699392K)
[213.122s][info][gc,metaspace   ] GC(800) Metaspace: 9949K(10304K)->9949K(10304K) NonClass: 8646K(8896K)->8646K(8896K) Class: 1302K(1408K)->1302K(1408K)
[213.122s][info][gc             ] GC(800) Pause Young (Allocation Failure) 63M->7M(740M) 0.924ms
[213.122s][info][gc,cpu         ] GC(800) User=0.00s Sys=0.00s Real=0.00s
[213.350s][info][gc,start       ] GC(801) Pause Young (Allocation Failure)
[213.351s][info][gc,heap        ] GC(801) PSYoungGen: 57568K(58368K)->608K(58368K) Eden: 56832K(56832K)->0K(56832K) From: 736K(1536K)->608K(1536K)
[213.351s][info][gc,heap        ] GC(801) ParOldGen: 7252K(699392K)->7252K(699392K)
[213.351s][info][gc,metaspace   ] GC(801) Metaspace: 9949K(10304K)->9949K(10304K) NonClass: 8646K(8896K)->8646K(8896K) Class: 1302K(1408K)->1302K(1408K)
[213.351s][info][gc             ] GC(801) Pause Young (Allocation Failure) 63M->7M(740M) 0.788ms
[213.351s][info][gc,cpu         ] GC(801) User=0.00s Sys=0.00s Real=0.00s
[213.584s][info][gc,start       ] GC(802) Pause Young (Allocation Failure)
[213.585s][info][gc,heap        ] GC(802) PSYoungGen: 57440K(58368K)->832K(58368K) Eden: 56832K(56832K)->0K(56832K) From: 608K(1536K)->832K(1536K)
[213.585s][info][gc,heap        ] GC(802) ParOldGen: 7252K(699392K)->7252K(699392K)
[213.585s][info][gc,metaspace   ] GC(802) Metaspace: 9949K(10304K)->9949K(10304K) NonClass: 8646K(8896K)->8646K(8896K) Class: 1302K(1408K)->1302K(1408K)
[213.585s][info][gc             ] GC(802) Pause Young (Allocation Failure) 63M->7M(740M) 0.888ms
[213.585s][info][gc,cpu         ] GC(802) User=0.00s Sys=0.00s Real=0.00s
[213.817s][info][gc,start       ] GC(803) Pause Young (Allocation Failure)
[213.817s][info][gc,heap        ] GC(803) PSYoungGen: 57664K(58368K)->960K(58368K) Eden: 56832K(56832K)->0K(56832K) From: 832K(1536K)->960K(1536K)
[213.817s][info][gc,heap        ] GC(803) ParOldGen: 7252K(699392K)->7524K(699392K)
[213.817s][info][gc,metaspace   ] GC(803) Metaspace: 9949K(10304K)->9949K(10304K) NonClass: 8646K(8896K)->8646K(8896K) Class: 1302K(1408K)->1302K(1408K)
[213.817s][info][gc             ] GC(803) Pause Young (Allocation Failure) 63M->8M(740M) 0.979ms
[213.818s][info][gc,cpu         ] GC(803) User=0.00s Sys=0.00s Real=0.00s
[214.054s][info][gc,start       ] GC(804) Pause Young (Allocation Failure)
[214.054s][info][gc,heap        ] GC(804) PSYoungGen: 57792K(58368K)->640K(58368K) Eden: 56832K(56832K)->0K(56832K) From: 960K(1536K)->640K(1536K)
[214.054s][info][gc,heap        ] GC(804) ParOldGen: 7524K(699392K)->7772K(699392K)
[214.054s][info][gc,metaspace   ] GC(804) Metaspace: 9949K(10304K)->9949K(10304K) NonClass: 8646K(8896K)->8646K(8896K) Class: 1302K(1408K)->1302K(1408K)
[214.055s][info][gc             ] GC(804) Pause Young (Allocation Failure) 63M->8M(740M) 0.902ms
[214.055s][info][gc,cpu         ] GC(804) User=0.00s Sys=0.00s Real=0.00s
[214.287s][info][gc,start       ] GC(805) Pause Young (Allocation Failure)
[214.287s][info][gc,heap        ] GC(805) PSYoungGen: 57472K(58368K)->672K(58368K) Eden: 56832K(56832K)->0K(56832K) From: 640K(1536K)->672K(1536K)
[214.288s][info][gc,heap        ] GC(805) ParOldGen: 7772K(699392K)->7772K(699392K)
[214.288s][info][gc,metaspace   ] GC(805) Metaspace: 9949K(10304K)->9949K(10304K) NonClass: 8646K(8896K)->8646K(8896K) Class: 1302K(1408K)->1302K(1408K)
[214.288s][info][gc             ] GC(805) Pause Young (Allocation Failure) 63M->8M(740M) 0.885ms
[214.288s][info][gc,cpu         ] GC(805) User=0.00s Sys=0.00s Real=0.00s
[214.520s][info][gc,start       ] GC(806) Pause Young (Allocation Failure)
[214.520s][info][gc,heap        ] GC(806) PSYoungGen: 57504K(58368K)->1056K(58368K) Eden: 56832K(56832K)->0K(56832K) From: 672K(1536K)->1056K(1536K)
[214.520s][info][gc,heap        ] GC(806) ParOldGen: 7772K(699392K)->7804K(699392K)
[214.521s][info][gc,metaspace   ] GC(806) Metaspace: 9949K(10304K)->9949K(10304K) NonClass: 8646K(8896K)->8646K(8896K) Class: 1302K(1408K)->1302K(1408K)
[214.521s][info][gc             ] GC(806) Pause Young (Allocation Failure) 63M->8M(740M) 0.956ms
[214.521s][info][gc,cpu         ] GC(806) User=0.00s Sys=0.00s Real=0.00s
[214.753s][info][gc,start       ] GC(807) Pause Young (Allocation Failure)
[214.754s][info][gc,heap        ] GC(807) PSYoungGen: 57888K(58368K)->832K(58368K) Eden: 56832K(56832K)->0K(56832K) From: 1056K(1536K)->832K(1536K)
[214.754s][info][gc,heap        ] GC(807) ParOldGen: 7804K(699392K)->8116K(699392K)
[214.754s][info][gc,metaspace   ] GC(807) Metaspace: 9949K(10304K)->9949K(10304K) NonClass: 8646K(8896K)->8646K(8896K) Class: 1302K(1408K)->1302K(1408K)
[214.754s][info][gc             ] GC(807) Pause Young (Allocation Failure) 64M->8M(740M) 0.959ms
[214.754s][info][gc,cpu         ] GC(807) User=0.00s Sys=0.00s Real=0.00s
[214.993s][info][gc,start       ] GC(808) Pause Young (Allocation Failure)
[214.994s][info][gc,heap        ] GC(808) PSYoungGen: 57664K(58368K)->544K(58368K) Eden: 56832K(56832K)->0K(56832K) From: 832K(1536K)->544K(1536K)
[214.994s][info][gc,heap        ] GC(808) ParOldGen: 8116K(699392K)->8116K(699392K)
[214.994s][info][gc,metaspace   ] GC(808) Metaspace: 9949K(10304K)->9949K(10304K) NonClass: 8646K(8896K)->8646K(8896K) Class: 1302K(1408K)->1302K(1408K)
[214.994s][info][gc             ] GC(808) Pause Young (Allocation Failure) 64M->8M(740M) 0.808ms
[214.994s][info][gc,cpu         ] GC(808) User=0.00s Sys=0.00s Real=0.00s
[215.230s][info][gc,start       ] GC(809) Pause Young (Allocation Failure)
[215.231s][info][gc,heap        ] GC(809) PSYoungGen: 57376K(58368K)->672K(58368K) Eden: 56832K(56832K)->0K(56832K) From: 544K(1536K)->672K(1536K)
[215.231s][info][gc,heap        ] GC(809) ParOldGen: 8116K(699392K)->8116K(699392K)
[215.231s][info][gc,metaspace   ] GC(809) Metaspace: 9949K(10304K)->9949K(10304K) NonClass: 8646K(8896K)->8646K(8896K) Class: 1302K(1408K)->1302K(1408K)
[215.231s][info][gc             ] GC(809) Pause Young (Allocation Failure) 63M->8M(740M) 0.889ms
[215.231s][info][gc,cpu         ] GC(809) User=0.00s Sys=0.00s Real=0.00s
[215.460s][info][gc,start       ] GC(810) Pause Young (Allocation Failure)
[215.461s][info][gc,heap        ] GC(810) PSYoungGen: 57504K(58368K)->800K(58368K) Eden: 56832K(56832K)->0K(56832K) From: 672K(1536K)->800K(1536K)
[215.461s][info][gc,heap        ] GC(810) ParOldGen: 8116K(699392K)->8116K(699392K)
[215.461s][info][gc,metaspace   ] GC(810) Metaspace: 9949K(10304K)->9949K(10304K) NonClass: 8646K(8896K)->8646K(8896K) Class: 1302K(1408K)->1302K(1408K)
[215.461s][info][gc             ] GC(810) Pause Young (Allocation Failure) 64M->8M(740M) 0.854ms
[215.461s][info][gc,cpu         ] GC(810) User=0.00s Sys=0.00s Real=0.00s
[215.690s][info][gc,start       ] GC(811) Pause Young (Allocation Failure)
[215.691s][info][gc,heap        ] GC(811) PSYoungGen: 57632K(58368K)->608K(58368K) Eden: 56832K(56832K)->0K(56832K) From: 800K(1536K)->608K(1536K)
[215.691s][info][gc,heap        ] GC(811) ParOldGen: 8116K(699392K)->8116K(699392K)
[215.691s][info][gc,metaspace   ] GC(811) Metaspace: 9949K(10304K)->9949K(10304K) NonClass: 8646K(8896K)->8646K(8896K) Class: 1302K(1408K)->1302K(1408K)
[215.691s][info][gc             ] GC(811) Pause Young (Allocation Failure) 64M->8M(740M) 0.813ms
[215.691s][info][gc,cpu         ] GC(811) User=0.00s Sys=0.00s Real=0.00s
[215.922s][info][gc,start       ] GC(812) Pause Young (Allocation Failure)
[215.923s][info][gc,heap        ] GC(812) PSYoungGen: 57440K(58368K)->704K(58368K) Eden: 56832K(56832K)->0K(56832K) From: 608K(1536K)->704K(1536K)
[215.923s][info][gc,heap        ] GC(812) ParOldGen: 8116K(699392K)->8116K(699392K)
[215.923s][info][gc,metaspace   ] GC(812) Metaspace: 9949K(10304K)->9949K(10304K) NonClass: 8646K(8896K)->8646K(8896K) Class: 1302K(1408K)->1302K(1408K)
[215.923s][info][gc             ] GC(812) Pause Young (Allocation Failure) 64M->8M(740M) 0.859ms
[215.923s][info][gc,cpu         ] GC(812) User=0.00s Sys=0.00s Real=0.00s
[216.159s][info][gc,start       ] GC(813) Pause Young (Allocation Failure)
[216.160s][info][gc,heap        ] GC(813) PSYoungGen: 57536K(58368K)->672K(58368K) Eden: 56832K(56832K)->0K(56832K) From: 704K(1536K)->672K(1536K)
[216.160s][info][gc,heap        ] GC(813) ParOldGen: 8116K(699392K)->8116K(699392K)
[216.160s][info][gc,metaspace   ] GC(813) Metaspace: 9949K(10304K)->9949K(10304K) NonClass: 8646K(8896K)->8646K(8896K) Class: 1302K(1408K)->1302K(1408K)
[216.160s][info][gc             ] GC(813) Pause Young (Allocation Failure) 64M->8M(740M) 0.862ms
[216.160s][info][gc,cpu         ] GC(813) User=0.00s Sys=0.00s Real=0.00s
[216.393s][info][gc,start       ] GC(814) Pause Young (Allocation Failure)
[216.394s][info][gc,heap        ] GC(814) PSYoungGen: 57504K(58368K)->672K(58368K) Eden: 56832K(56832K)->0K(56832K) From: 672K(1536K)->672K(1536K)
[216.394s][info][gc,heap        ] GC(814) ParOldGen: 8116K(699392K)->8116K(699392K)
[216.394s][info][gc,metaspace   ] GC(814) Metaspace: 9949K(10304K)->9949K(10304K) NonClass: 8646K(8896K)->8646K(8896K) Class: 1302K(1408K)->1302K(1408K)
[216.394s][info][gc             ] GC(814) Pause Young (Allocation Failure) 64M->8M(740M) 0.823ms
[216.394s][info][gc,cpu         ] GC(814) User=0.00s Sys=0.00s Real=0.00s
[216.627s][info][gc,start       ] GC(815) Pause Young (Allocation Failure)
[216.627s][info][gc,heap        ] GC(815) PSYoungGen: 57504K(58368K)->640K(58368K) Eden: 56832K(56832K)->0K(56832K) From: 672K(1536K)->640K(1536K)
[216.627s][info][gc,heap        ] GC(815) ParOldGen: 8116K(699392K)->8116K(699392K)
[216.627s][info][gc,metaspace   ] GC(815) Metaspace: 9949K(10304K)->9949K(10304K) NonClass: 8646K(8896K)->8646K(8896K) Class: 1302K(1408K)->1302K(1408K)
[216.627s][info][gc             ] GC(815) Pause Young (Allocation Failure) 64M->8M(740M) 0.822ms
[216.627s][info][gc,cpu         ] GC(815) User=0.27s Sys=0.00s Real=0.01s
[216.863s][info][gc,start       ] GC(816) Pause Young (Allocation Failure)
[216.864s][info][gc,heap        ] GC(816) PSYoungGen: 57472K(58368K)->608K(58368K) Eden: 56832K(56832K)->0K(56832K) From: 640K(1536K)->608K(1536K)
[216.864s][info][gc,heap        ] GC(816) ParOldGen: 8116K(699392K)->8116K(699392K)
[216.864s][info][gc,metaspace   ] GC(816) Metaspace: 9949K(10304K)->9949K(10304K) NonClass: 8646K(8896K)->8646K(8896K) Class: 1302K(1408K)->1302K(1408K)
[216.864s][info][gc             ] GC(816) Pause Young (Allocation Failure) 64M->8M(740M) 0.822ms
[216.864s][info][gc,cpu         ] GC(816) User=0.00s Sys=0.00s Real=0.00s
[217.076s][info][gc,start       ] GC(817) Pause Young (System.gc())
[217.077s][info][gc,heap        ] GC(817) PSYoungGen: 51476K(58368K)->896K(58368K) Eden: 50868K(56832K)->0K(56832K) From: 608K(1536K)->896K(1536K)
[217.077s][info][gc,heap        ] GC(817) ParOldGen: 8116K(699392K)->8164K(699392K)
[217.077s][info][gc,metaspace   ] GC(817) Metaspace: 9949K(10304K)->9949K(10304K) NonClass: 8646K(8896K)->8646K(8896K) Class: 1302K(1408K)->1302K(1408K)
[217.077s][info][gc             ] GC(817) Pause Young (System.gc()) 58M->8M(740M) 0.866ms
[217.077s][info][gc,cpu         ] GC(817) User=0.00s Sys=0.00s Real=0.00s
[217.077s][info][gc,start       ] GC(818) Pause Full (System.gc())
[217.077s][info][gc,phases,start] GC(818) Marking Phase
[217.090s][info][gc,phases      ] GC(818) Marking Phase 12.898ms
[217.090s][info][gc,phases,start] GC(818) Summary Phase
[217.090s][info][gc,phases      ] GC(818) Summary Phase 0.029ms
[217.090s][info][gc,phases,start] GC(818) Adjust Roots
[217.094s][info][gc,phases      ] GC(818) Adjust Roots 3.690ms
[217.094s][info][gc,phases,start] GC(818) Compaction Phase
[217.097s][info][gc,phases      ] GC(818) Compaction Phase 3.352ms
[217.097s][info][gc,phases,start] GC(818) Post Compact
[217.098s][info][gc,phases      ] GC(818) Post Compact 0.467ms
[217.098s][info][gc,heap        ] GC(818) PSYoungGen: 896K(58368K)->0K(58368K) Eden: 0K(56832K)->0K(56832K) From: 896K(1536K)->0K(1536K)
[217.098s][info][gc,heap        ] GC(818) ParOldGen: 8164K(699392K)->4076K(699392K)
[217.098s][info][gc,metaspace   ] GC(818) Metaspace: 9949K(10304K)->9949K(10304K) NonClass: 8646K(8896K)->8646K(8896K) Class: 1302K(1408K)->1302K(1408K)
[217.098s][info][gc             ] GC(818) Pause Full (System.gc()) 8M->3M(740M) 20.772ms
[217.098s][info][gc,cpu         ] GC(818) User=0.38s Sys=0.00s Real=0.03s
[217.328s][info][gc,start       ] GC(819) Pause Young (Allocation Failure)
[217.329s][info][gc,heap        ] GC(819) PSYoungGen: 56832K(58368K)->1536K(58368K) Eden: 56832K(56832K)->0K(56832K) From: 0K(1536K)->1536K(1536K)
[217.329s][info][gc,heap        ] GC(819) ParOldGen: 4076K(699392K)->4092K(699392K)
[217.329s][info][gc,metaspace   ] GC(819) Metaspace: 9949K(10304K)->9949K(10304K) NonClass: 8646K(8896K)->8646K(8896K) Class: 1302K(1408K)->1302K(1408K)
[217.329s][info][gc             ] GC(819) Pause Young (Allocation Failure) 59M->5M(740M) 1.195ms
[217.329s][info][gc,cpu         ] GC(819) User=0.00s Sys=0.00s Real=0.00s
[217.561s][info][gc,start       ] GC(820) Pause Young (Allocation Failure)
[217.562s][info][gc,heap        ] GC(820) PSYoungGen: 58368K(58368K)->1280K(58368K) Eden: 56832K(56832K)->0K(56832K) From: 1536K(1536K)->1280K(1536K)
[217.562s][info][gc,heap        ] GC(820) ParOldGen: 4092K(699392K)->4420K(699392K)
[217.562s][info][gc,metaspace   ] GC(820) Metaspace: 9949K(10304K)->9949K(10304K) NonClass: 8646K(8896K)->8646K(8896K) Class: 1302K(1408K)->1302K(1408K)
[217.562s][info][gc             ] GC(820) Pause Young (Allocation Failure) 60M->5M(740M) 1.214ms
[217.562s][info][gc,cpu         ] GC(820) User=0.00s Sys=0.00s Real=0.00s
[217.797s][info][gc,start       ] GC(821) Pause Young (Allocation Failure)
[217.798s][info][gc,heap        ] GC(821) PSYoungGen: 58112K(58368K)->608K(58368K) Eden: 56832K(56832K)->0K(56832K) From: 1280K(1536K)->608K(1536K)
[217.798s][info][gc,heap        ] GC(821) ParOldGen: 4420K(699392K)->5052K(699392K)
[217.798s][info][gc,metaspace   ] GC(821) Metaspace: 9949K(10304K)->9949K(10304K) NonClass: 8646K(8896K)->8646K(8896K) Class: 1302K(1408K)->1302K(1408K)
[217.798s][info][gc             ] GC(821) Pause Young (Allocation Failure) 61M->5M(740M) 1.186ms
[217.798s][info][gc,cpu         ] GC(821) User=0.00s Sys=0.00s Real=0.00s
[218.042s][info][gc,start       ] GC(822) Pause Young (Allocation Failure)
[218.042s][info][gc,heap        ] GC(822) PSYoungGen: 57440K(58368K)->1152K(58368K) Eden: 56832K(56832K)->0K(56832K) From: 608K(1536K)->1152K(1536K)
[218.042s][info][gc,heap        ] GC(822) ParOldGen: 5052K(699392K)->5092K(699392K)
[218.042s][info][gc,metaspace   ] GC(822) Metaspace: 9949K(10304K)->9949K(10304K) NonClass: 8646K(8896K)->8646K(8896K) Class: 1302K(1408K)->1302K(1408K)
[218.043s][info][gc             ] GC(822) Pause Young (Allocation Failure) 61M->6M(740M) 0.977ms
[218.043s][info][gc,cpu         ] GC(822) User=0.00s Sys=0.00s Real=0.00s
[218.276s][info][gc,start       ] GC(823) Pause Young (Allocation Failure)
[218.277s][info][gc,heap        ] GC(823) PSYoungGen: 57984K(58368K)->768K(58368K) Eden: 56832K(56832K)->0K(56832K) From: 1152K(1536K)->768K(1536K)
[218.277s][info][gc,heap        ] GC(823) ParOldGen: 5092K(699392K)->5572K(699392K)
[218.277s][info][gc,metaspace   ] GC(823) Metaspace: 9949K(10304K)->9949K(10304K) NonClass: 8646K(8896K)->8646K(8896K) Class: 1302K(1408K)->1302K(1408K)
[218.277s][info][gc             ] GC(823) Pause Young (Allocation Failure) 61M->6M(740M) 0.981ms
[218.277s][info][gc,cpu         ] GC(823) User=0.00s Sys=0.00s Real=0.00s
[218.502s][info][gc,start       ] GC(824) Pause Young (Allocation Failure)
[218.503s][info][gc,heap        ] GC(824) PSYoungGen: 57600K(58368K)->1152K(58368K) Eden: 56832K(56832K)->0K(56832K) From: 768K(1536K)->1152K(1536K)
[218.503s][info][gc,heap        ] GC(824) ParOldGen: 5572K(699392K)->5572K(699392K)
[218.503s][info][gc,metaspace   ] GC(824) Metaspace: 9949K(10304K)->9949K(10304K) NonClass: 8646K(8896K)->8646K(8896K) Class: 1302K(1408K)->1302K(1408K)
[218.503s][info][gc             ] GC(824) Pause Young (Allocation Failure) 61M->6M(740M) 0.947ms
[218.503s][info][gc,cpu         ] GC(824) User=0.00s Sys=0.00s Real=0.00s
[218.728s][info][gc,start       ] GC(825) Pause Young (Allocation Failure)
[218.729s][info][gc,heap        ] GC(825) PSYoungGen: 57984K(58368K)->736K(58368K) Eden: 56832K(56832K)->0K(56832K) From: 1152K(1536K)->736K(1536K)
[218.729s][info][gc,heap        ] GC(825) ParOldGen: 5572K(699392K)->6044K(699392K)
[218.729s][info][gc,metaspace   ] GC(825) Metaspace: 9949K(10304K)->9949K(10304K) NonClass: 8646K(8896K)->8646K(8896K) Class: 1302K(1408K)->1302K(1408K)
[218.729s][info][gc             ] GC(825) Pause Young (Allocation Failure) 62M->6M(740M) 1.079ms
[218.729s][info][gc,cpu         ] GC(825) User=0.00s Sys=0.00s Real=0.00s
[218.963s][info][gc,start       ] GC(826) Pause Young (Allocation Failure)
[218.964s][info][gc,heap        ] GC(826) PSYoungGen: 57568K(58368K)->896K(58368K) Eden: 56832K(56832K)->0K(56832K) From: 736K(1536K)->896K(1536K)
[218.964s][info][gc,heap        ] GC(826) ParOldGen: 6044K(699392K)->6044K(699392K)
[218.964s][info][gc,metaspace   ] GC(826) Metaspace: 9949K(10304K)->9949K(10304K) NonClass: 8646K(8896K)->8646K(8896K) Class: 1302K(1408K)->1302K(1408K)
[218.964s][info][gc             ] GC(826) Pause Young (Allocation Failure) 62M->6M(740M) 0.927ms
[218.964s][info][gc,cpu         ] GC(826) User=0.00s Sys=0.00s Real=0.00s
[219.190s][info][gc,start       ] GC(827) Pause Young (Allocation Failure)
[219.191s][info][gc,heap        ] GC(827) PSYoungGen: 57728K(58368K)->896K(58368K) Eden: 56832K(56832K)->0K(56832K) From: 896K(1536K)->896K(1536K)
[219.191s][info][gc,heap        ] GC(827) ParOldGen: 6044K(699392K)->6268K(699392K)
[219.191s][info][gc,metaspace   ] GC(827) Metaspace: 9949K(10304K)->9949K(10304K) NonClass: 8646K(8896K)->8646K(8896K) Class: 1302K(1408K)->1302K(1408K)
[219.191s][info][gc             ] GC(827) Pause Young (Allocation Failure) 62M->6M(740M) 0.980ms
[219.191s][info][gc,cpu         ] GC(827) User=0.00s Sys=0.00s Real=0.00s
[219.420s][info][gc,start       ] GC(828) Pause Young (Allocation Failure)
[219.421s][info][gc,heap        ] GC(828) PSYoungGen: 57728K(58368K)->768K(58368K) Eden: 56832K(56832K)->0K(56832K) From: 896K(1536K)->768K(1536K)
[219.421s][info][gc,heap        ] GC(828) ParOldGen: 6268K(699392K)->6572K(699392K)
[219.421s][info][gc,metaspace   ] GC(828) Metaspace: 9949K(10304K)->9949K(10304K) NonClass: 8646K(8896K)->8646K(8896K) Class: 1302K(1408K)->1302K(1408K)
[219.421s][info][gc             ] GC(828) Pause Young (Allocation Failure) 62M->7M(740M) 0.971ms
[219.421s][info][gc,cpu         ] GC(828) User=0.00s Sys=0.00s Real=0.00s
[219.652s][info][gc,start       ] GC(829) Pause Young (Allocation Failure)
[219.653s][info][gc,heap        ] GC(829) PSYoungGen: 57600K(58368K)->608K(58368K) Eden: 56832K(56832K)->0K(56832K) From: 768K(1536K)->608K(1536K)
[219.653s][info][gc,heap        ] GC(829) ParOldGen: 6572K(699392K)->6572K(699392K)
[219.653s][info][gc,metaspace   ] GC(829) Metaspace: 9949K(10304K)->9949K(10304K) NonClass: 8646K(8896K)->8646K(8896K) Class: 1302K(1408K)->1302K(1408K)
[219.653s][info][gc             ] GC(829) Pause Young (Allocation Failure) 62M->7M(740M) 0.818ms
[219.653s][info][gc,cpu         ] GC(829) User=0.00s Sys=0.00s Real=0.00s
[219.879s][info][gc,start       ] GC(830) Pause Young (Allocation Failure)
[219.879s][info][gc,heap        ] GC(830) PSYoungGen: 57440K(58368K)->704K(58368K) Eden: 56832K(56832K)->0K(56832K) From: 608K(1536K)->704K(1536K)
[219.879s][info][gc,heap        ] GC(830) ParOldGen: 6572K(699392K)->6572K(699392K)
[219.879s][info][gc,metaspace   ] GC(830) Metaspace: 9949K(10304K)->9949K(10304K) NonClass: 8646K(8896K)->8646K(8896K) Class: 1302K(1408K)->1302K(1408K)
[219.879s][info][gc             ] GC(830) Pause Young (Allocation Failure) 62M->7M(740M) 0.915ms
[219.879s][info][gc,cpu         ] GC(830) User=0.00s Sys=0.00s Real=0.00s
[220.119s][info][gc,start       ] GC(831) Pause Young (Allocation Failure)
[220.120s][info][gc,heap        ] GC(831) PSYoungGen: 57536K(58368K)->768K(58368K) Eden: 56832K(56832K)->0K(56832K) From: 704K(1536K)->768K(1536K)
[220.120s][info][gc,heap        ] GC(831) ParOldGen: 6572K(699392K)->6572K(699392K)
[220.120s][info][gc,metaspace   ] GC(831) Metaspace: 9949K(10304K)->9949K(10304K) NonClass: 8646K(8896K)->8646K(8896K) Class: 1302K(1408K)->1302K(1408K)
[220.120s][info][gc             ] GC(831) Pause Young (Allocation Failure) 62M->7M(740M) 0.825ms
[220.120s][info][gc,cpu         ] GC(831) User=0.00s Sys=0.00s Real=0.00s
[220.352s][info][gc,start       ] GC(832) Pause Young (Allocation Failure)
[220.353s][info][gc,heap        ] GC(832) PSYoungGen: 57600K(58368K)->736K(58368K) Eden: 56832K(56832K)->0K(56832K) From: 768K(1536K)->736K(1536K)
[220.353s][info][gc,heap        ] GC(832) ParOldGen: 6572K(699392K)->6572K(699392K)
[220.353s][info][gc,metaspace   ] GC(832) Metaspace: 9949K(10304K)->9949K(10304K) NonClass: 8646K(8896K)->8646K(8896K) Class: 1302K(1408K)->1302K(1408K)
[220.353s][info][gc             ] GC(832) Pause Young (Allocation Failure) 62M->7M(740M) 0.836ms
[220.353s][info][gc,cpu         ] GC(832) User=0.00s Sys=0.00s Real=0.00s
[220.591s][info][gc,start       ] GC(833) Pause Young (Allocation Failure)
[220.591s][info][gc,heap        ] GC(833) PSYoungGen: 57568K(58368K)->736K(58368K) Eden: 56832K(56832K)->0K(56832K) From: 736K(1536K)->736K(1536K)
[220.591s][info][gc,heap        ] GC(833) ParOldGen: 6572K(699392K)->6572K(699392K)
[220.592s][info][gc,metaspace   ] GC(833) Metaspace: 9949K(10304K)->9949K(10304K) NonClass: 8646K(8896K)->8646K(8896K) Class: 1302K(1408K)->1302K(1408K)
[220.592s][info][gc             ] GC(833) Pause Young (Allocation Failure) 62M->7M(740M) 0.834ms
[220.592s][info][gc,cpu         ] GC(833) User=0.00s Sys=0.00s Real=0.00s
[220.820s][info][gc,start       ] GC(834) Pause Young (Allocation Failure)
[220.821s][info][gc,heap        ] GC(834) PSYoungGen: 57568K(58368K)->960K(58368K) Eden: 56832K(56832K)->0K(56832K) From: 736K(1536K)->960K(1536K)
[220.821s][info][gc,heap        ] GC(834) ParOldGen: 6572K(699392K)->6572K(699392K)
[220.821s][info][gc,metaspace   ] GC(834) Metaspace: 9949K(10304K)->9949K(10304K) NonClass: 8646K(8896K)->8646K(8896K) Class: 1302K(1408K)->1302K(1408K)
[220.821s][info][gc             ] GC(834) Pause Young (Allocation Failure) 62M->7M(740M) 0.963ms
[220.821s][info][gc,cpu         ] GC(834) User=0.00s Sys=0.00s Real=0.00s
[221.056s][info][gc,start       ] GC(835) Pause Young (Allocation Failure)
[221.057s][info][gc,heap        ] GC(835) PSYoungGen: 57791K(58368K)->800K(58368K) Eden: 56831K(56832K)->0K(56832K) From: 960K(1536K)->800K(1536K)
[221.057s][info][gc,heap        ] GC(835) ParOldGen: 6572K(699392K)->6804K(699392K)
[221.057s][info][gc,metaspace   ] GC(835) Metaspace: 9949K(10304K)->9949K(10304K) NonClass: 8646K(8896K)->8646K(8896K) Class: 1302K(1408K)->1302K(1408K)
[221.057s][info][gc             ] GC(835) Pause Young (Allocation Failure) 62M->7M(740M) 0.915ms
[221.057s][info][gc,cpu         ] GC(835) User=0.00s Sys=0.00s Real=0.00s
[221.279s][info][gc,start       ] GC(836) Pause Young (Allocation Failure)
[221.280s][info][gc,heap        ] GC(836) PSYoungGen: 57632K(58368K)->960K(58368K) Eden: 56832K(56832K)->0K(56832K) From: 800K(1536K)->960K(1536K)
[221.280s][info][gc,heap        ] GC(836) ParOldGen: 6804K(699392K)->6844K(699392K)
[221.280s][info][gc,metaspace   ] GC(836) Metaspace: 9949K(10304K)->9949K(10304K) NonClass: 8646K(8896K)->8646K(8896K) Class: 1302K(1408K)->1302K(1408K)
[221.280s][info][gc             ] GC(836) Pause Young (Allocation Failure) 62M->7M(740M) 0.911ms
[221.280s][info][gc,cpu         ] GC(836) User=0.00s Sys=0.00s Real=0.00s
[221.515s][info][gc,start       ] GC(837) Pause Young (Allocation Failure)
[221.516s][info][gc,heap        ] GC(837) PSYoungGen: 57792K(58368K)->736K(58368K) Eden: 56832K(56832K)->0K(56832K) From: 960K(1536K)->736K(1536K)
[221.516s][info][gc,heap        ] GC(837) ParOldGen: 6844K(699392K)->7116K(699392K)
[221.516s][info][gc,metaspace   ] GC(837) Metaspace: 9949K(10304K)->9949K(10304K) NonClass: 8646K(8896K)->8646K(8896K) Class: 1302K(1408K)->1302K(1408K)
[221.516s][info][gc             ] GC(837) Pause Young (Allocation Failure) 63M->7M(740M) 0.978ms
[221.516s][info][gc,cpu         ] GC(837) User=0.00s Sys=0.00s Real=0.00s
[221.751s][info][gc,start       ] GC(838) Pause Young (Allocation Failure)
[221.751s][info][gc,heap        ] GC(838) PSYoungGen: 57568K(58368K)->608K(58368K) Eden: 56832K(56832K)->0K(56832K) From: 736K(1536K)->608K(1536K)
[221.751s][info][gc,heap        ] GC(838) ParOldGen: 7116K(699392K)->7116K(699392K)
[221.751s][info][gc,metaspace   ] GC(838) Metaspace: 9949K(10304K)->9949K(10304K) NonClass: 8646K(8896K)->8646K(8896K) Class: 1302K(1408K)->1302K(1408K)
[221.751s][info][gc             ] GC(838) Pause Young (Allocation Failure) 63M->7M(740M) 0.783ms
[221.751s][info][gc,cpu         ] GC(838) User=0.00s Sys=0.00s Real=0.00s
[221.984s][info][gc,start       ] GC(839) Pause Young (Allocation Failure)
[221.984s][info][gc,heap        ] GC(839) PSYoungGen: 57440K(58368K)->672K(58368K) Eden: 56832K(56832K)->0K(56832K) From: 608K(1536K)->672K(1536K)
[221.984s][info][gc,heap        ] GC(839) ParOldGen: 7116K(699392K)->7116K(699392K)
[221.984s][info][gc,metaspace   ] GC(839) Metaspace: 9949K(10304K)->9949K(10304K) NonClass: 8646K(8896K)->8646K(8896K) Class: 1302K(1408K)->1302K(1408K)
[221.984s][info][gc             ] GC(839) Pause Young (Allocation Failure) 63M->7M(740M) 0.841ms
[221.984s][info][gc,cpu         ] GC(839) User=0.00s Sys=0.00s Real=0.00s
[222.221s][info][gc,start       ] GC(840) Pause Young (Allocation Failure)
[222.222s][info][gc,heap        ] GC(840) PSYoungGen: 57504K(58368K)->832K(58368K) Eden: 56832K(56832K)->0K(56832K) From: 672K(1536K)->832K(1536K)
[222.222s][info][gc,heap        ] GC(840) ParOldGen: 7116K(699392K)->7116K(699392K)
[222.222s][info][gc,metaspace   ] GC(840) Metaspace: 9949K(10304K)->9949K(10304K) NonClass: 8646K(8896K)->8646K(8896K) Class: 1302K(1408K)->1302K(1408K)
[222.222s][info][gc             ] GC(840) Pause Young (Allocation Failure) 63M->7M(740M) 0.856ms
[222.222s][info][gc,cpu         ] GC(840) User=0.00s Sys=0.00s Real=0.00s
[222.457s][info][gc,start       ] GC(841) Pause Young (Allocation Failure)
[222.458s][info][gc,heap        ] GC(841) PSYoungGen: 57664K(58368K)->832K(58368K) Eden: 56832K(56832K)->0K(56832K) From: 832K(1536K)->832K(1536K)
[222.458s][info][gc,heap        ] GC(841) ParOldGen: 7116K(699392K)->7364K(699392K)
[222.458s][info][gc,metaspace   ] GC(841) Metaspace: 9949K(10304K)->9949K(10304K) NonClass: 8646K(8896K)->8646K(8896K) Class: 1302K(1408K)->1302K(1408K)
[222.458s][info][gc             ] GC(841) Pause Young (Allocation Failure) 63M->8M(740M) 0.933ms
[222.458s][info][gc,cpu         ] GC(841) User=0.00s Sys=0.00s Real=0.00s
[222.688s][info][gc,start       ] GC(842) Pause Young (Allocation Failure)
[222.689s][info][gc,heap        ] GC(842) PSYoungGen: 57664K(58368K)->672K(58368K) Eden: 56832K(56832K)->0K(56832K) From: 832K(1536K)->672K(1536K)
[222.689s][info][gc,heap        ] GC(842) ParOldGen: 7364K(699392K)->7364K(699392K)
[222.689s][info][gc,metaspace   ] GC(842) Metaspace: 9949K(10304K)->9949K(10304K) NonClass: 8646K(8896K)->8646K(8896K) Class: 1302K(1408K)->1302K(1408K)
[222.689s][info][gc             ] GC(842) Pause Young (Allocation Failure) 63M->7M(740M) 0.838ms
[222.689s][info][gc,cpu         ] GC(842) User=0.00s Sys=0.00s Real=0.00s
[222.916s][info][gc,start       ] GC(843) Pause Young (Allocation Failure)
[222.917s][info][gc,heap        ] GC(843) PSYoungGen: 57504K(58368K)->672K(58368K) Eden: 56832K(56832K)->0K(56832K) From: 672K(1536K)->672K(1536K)
[222.917s][info][gc,heap        ] GC(843) ParOldGen: 7364K(699392K)->7364K(699392K)
[222.917s][info][gc,metaspace   ] GC(843) Metaspace: 9949K(10304K)->9949K(10304K) NonClass: 8646K(8896K)->8646K(8896K) Class: 1302K(1408K)->1302K(1408K)
[222.917s][info][gc             ] GC(843) Pause Young (Allocation Failure) 63M->7M(740M) 0.887ms
[222.917s][info][gc,cpu         ] GC(843) User=0.00s Sys=0.00s Real=0.00s
[223.151s][info][gc,start       ] GC(844) Pause Young (Allocation Failure)
[223.151s][info][gc,heap        ] GC(844) PSYoungGen: 57504K(58368K)->576K(58368K) Eden: 56832K(56832K)->0K(56832K) From: 672K(1536K)->576K(1536K)
[223.151s][info][gc,heap        ] GC(844) ParOldGen: 7364K(699392K)->7364K(699392K)
[223.151s][info][gc,metaspace   ] GC(844) Metaspace: 9949K(10304K)->9949K(10304K) NonClass: 8646K(8896K)->8646K(8896K) Class: 1302K(1408K)->1302K(1408K)
[223.151s][info][gc             ] GC(844) Pause Young (Allocation Failure) 63M->7M(740M) 0.804ms
[223.151s][info][gc,cpu         ] GC(844) User=0.00s Sys=0.00s Real=0.00s
[223.379s][info][gc,start       ] GC(845) Pause Young (Allocation Failure)
[223.380s][info][gc,heap        ] GC(845) PSYoungGen: 57408K(58368K)->736K(58368K) Eden: 56832K(56832K)->0K(56832K) From: 576K(1536K)->736K(1536K)
[223.380s][info][gc,heap        ] GC(845) ParOldGen: 7364K(699392K)->7364K(699392K)
[223.380s][info][gc,metaspace   ] GC(845) Metaspace: 9949K(10304K)->9949K(10304K) NonClass: 8646K(8896K)->8646K(8896K) Class: 1302K(1408K)->1302K(1408K)
[223.380s][info][gc             ] GC(845) Pause Young (Allocation Failure) 63M->7M(740M) 0.840ms
[223.380s][info][gc,cpu         ] GC(845) User=0.00s Sys=0.00s Real=0.00s
[223.607s][info][gc,start       ] GC(846) Pause Young (Allocation Failure)
[223.608s][info][gc,heap        ] GC(846) PSYoungGen: 57568K(58368K)->608K(58368K) Eden: 56832K(56832K)->0K(56832K) From: 736K(1536K)->608K(1536K)
[223.608s][info][gc,heap        ] GC(846) ParOldGen: 7364K(699392K)->7364K(699392K)
[223.608s][info][gc,metaspace   ] GC(846) Metaspace: 9949K(10304K)->9949K(10304K) NonClass: 8646K(8896K)->8646K(8896K) Class: 1302K(1408K)->1302K(1408K)
[223.608s][info][gc             ] GC(846) Pause Young (Allocation Failure) 63M->7M(740M) 0.810ms
[223.608s][info][gc,cpu         ] GC(846) User=0.00s Sys=0.00s Real=0.00s
[223.836s][info][gc,start       ] GC(847) Pause Young (System.gc())
[223.837s][info][gc,heap        ] GC(847) PSYoungGen: 55040K(58368K)->608K(58368K) Eden: 54432K(56832K)->0K(56832K) From: 608K(1536K)->608K(1536K)
[223.837s][info][gc,heap        ] GC(847) ParOldGen: 7364K(699392K)->7364K(699392K)
[223.837s][info][gc,metaspace   ] GC(847) Metaspace: 9949K(10304K)->9949K(10304K) NonClass: 8646K(8896K)->8646K(8896K) Class: 1302K(1408K)->1302K(1408K)
[223.837s][info][gc             ] GC(847) Pause Young (System.gc()) 60M->7M(740M) 0.795ms
[223.837s][info][gc,cpu         ] GC(847) User=0.00s Sys=0.00s Real=0.00s
[223.837s][info][gc,start       ] GC(848) Pause Full (System.gc())
[223.837s][info][gc,phases,start] GC(848) Marking Phase
[223.851s][info][gc,phases      ] GC(848) Marking Phase 13.064ms
[223.851s][info][gc,phases,start] GC(848) Summary Phase
[223.851s][info][gc,phases      ] GC(848) Summary Phase 0.024ms
[223.851s][info][gc,phases,start] GC(848) Adjust Roots
[223.855s][info][gc,phases      ] GC(848) Adjust Roots 4.228ms
[223.855s][info][gc,phases,start] GC(848) Compaction Phase
[223.858s][info][gc,phases      ] GC(848) Compaction Phase 3.311ms
[223.858s][info][gc,phases,start] GC(848) Post Compact
[223.859s][info][gc,phases      ] GC(848) Post Compact 0.462ms
[223.859s][info][gc,heap        ] GC(848) PSYoungGen: 608K(58368K)->0K(58368K) Eden: 0K(56832K)->0K(56832K) From: 608K(1536K)->0K(1536K)
[223.859s][info][gc,heap        ] GC(848) ParOldGen: 7364K(699392K)->4076K(699392K)
[223.859s][info][gc,metaspace   ] GC(848) Metaspace: 9949K(10304K)->9949K(10304K) NonClass: 8646K(8896K)->8646K(8896K) Class: 1302K(1408K)->1302K(1408K)
[223.859s][info][gc             ] GC(848) Pause Full (System.gc()) 7M->3M(740M) 21.484ms
[223.859s][info][gc,cpu         ] GC(848) User=0.41s Sys=0.00s Real=0.03s
[224.103s][info][gc,start       ] GC(849) Pause Young (Allocation Failure)
[224.104s][info][gc,heap        ] GC(849) PSYoungGen: 56832K(58368K)->1472K(58368K) Eden: 56832K(56832K)->0K(56832K) From: 0K(1536K)->1472K(1536K)
[224.104s][info][gc,heap        ] GC(849) ParOldGen: 4076K(699392K)->4076K(699392K)
[224.104s][info][gc,metaspace   ] GC(849) Metaspace: 9949K(10304K)->9949K(10304K) NonClass: 8646K(8896K)->8646K(8896K) Class: 1302K(1408K)->1302K(1408K)
[224.104s][info][gc             ] GC(849) Pause Young (Allocation Failure) 59M->5M(740M) 1.211ms
[224.104s][info][gc,cpu         ] GC(849) User=0.00s Sys=0.00s Real=0.00s
[224.344s][info][gc,start       ] GC(850) Pause Young (Allocation Failure)
[224.345s][info][gc,heap        ] GC(850) PSYoungGen: 58304K(58368K)->1120K(58368K) Eden: 56832K(56832K)->0K(56832K) From: 1472K(1536K)->1120K(1536K)
[224.345s][info][gc,heap        ] GC(850) ParOldGen: 4076K(699392K)->4572K(699392K)
[224.345s][info][gc,metaspace   ] GC(850) Metaspace: 9949K(10304K)->9949K(10304K) NonClass: 8646K(8896K)->8646K(8896K) Class: 1302K(1408K)->1302K(1408K)
[224.345s][info][gc             ] GC(850) Pause Young (Allocation Failure) 60M->5M(740M) 1.206ms
[224.346s][info][gc,cpu         ] GC(850) User=0.00s Sys=0.00s Real=0.00s
[224.579s][info][gc,start       ] GC(851) Pause Young (Allocation Failure)
[224.580s][info][gc,heap        ] GC(851) PSYoungGen: 57952K(58368K)->1312K(58368K) Eden: 56832K(56832K)->0K(56832K) From: 1120K(1536K)->1312K(1536K)
[224.580s][info][gc,heap        ] GC(851) ParOldGen: 4572K(699392K)->4852K(699392K)
[224.580s][info][gc,metaspace   ] GC(851) Metaspace: 9949K(10304K)->9949K(10304K) NonClass: 8646K(8896K)->8646K(8896K) Class: 1302K(1408K)->1302K(1408K)
[224.580s][info][gc             ] GC(851) Pause Young (Allocation Failure) 61M->6M(740M) 1.185ms
[224.580s][info][gc,cpu         ] GC(851) User=0.00s Sys=0.00s Real=0.00s
[224.811s][info][gc,start       ] GC(852) Pause Young (Allocation Failure)
[224.812s][info][gc,heap        ] GC(852) PSYoungGen: 58144K(58368K)->960K(58368K) Eden: 56832K(56832K)->0K(56832K) From: 1312K(1536K)->960K(1536K)
[224.812s][info][gc,heap        ] GC(852) ParOldGen: 4852K(699392K)->5308K(699392K)
[224.812s][info][gc,metaspace   ] GC(852) Metaspace: 9949K(10304K)->9949K(10304K) NonClass: 8646K(8896K)->8646K(8896K) Class: 1302K(1408K)->1302K(1408K)
[224.812s][info][gc             ] GC(852) Pause Young (Allocation Failure) 61M->6M(740M) 1.073ms
[224.812s][info][gc,cpu         ] GC(852) User=0.00s Sys=0.00s Real=0.00s
[225.045s][info][gc,start       ] GC(853) Pause Young (Allocation Failure)
[225.046s][info][gc,heap        ] GC(853) PSYoungGen: 57792K(58368K)->1280K(57856K) Eden: 56832K(56832K)->0K(56320K) From: 960K(1536K)->1280K(1536K)
[225.046s][info][gc,heap        ] GC(853) ParOldGen: 5308K(699392K)->5364K(699392K)
[225.046s][info][gc,metaspace   ] GC(853) Metaspace: 9949K(10304K)->9949K(10304K) NonClass: 8646K(8896K)->8646K(8896K) Class: 1302K(1408K)->1302K(1408K)
[225.046s][info][gc             ] GC(853) Pause Young (Allocation Failure) 61M->6M(739M) 1.059ms
[225.046s][info][gc,cpu         ] GC(853) User=0.00s Sys=0.00s Real=0.00s
[225.272s][info][gc,start       ] GC(854) Pause Young (Allocation Failure)
[225.273s][info][gc,heap        ] GC(854) PSYoungGen: 57600K(57856K)->960K(57344K) Eden: 56320K(56320K)->0K(56320K) From: 1280K(1536K)->960K(1024K)
[225.273s][info][gc,heap        ] GC(854) ParOldGen: 5364K(699392K)->5988K(699392K)
[225.273s][info][gc,metaspace   ] GC(854) Metaspace: 9949K(10304K)->9949K(10304K) NonClass: 8646K(8896K)->8646K(8896K) Class: 1302K(1408K)->1302K(1408K)
[225.273s][info][gc             ] GC(854) Pause Young (Allocation Failure) 61M->6M(739M) 1.309ms
[225.273s][info][gc,cpu         ] GC(854) User=0.00s Sys=0.00s Real=0.00s
[225.504s][info][gc,start       ] GC(855) Pause Young (Allocation Failure)
[225.505s][info][gc,heap        ] GC(855) PSYoungGen: 57280K(57344K)->992K(57856K) Eden: 56320K(56320K)->0K(56320K) From: 960K(1024K)->992K(1536K)
[225.505s][info][gc,heap        ] GC(855) ParOldGen: 5988K(699392K)->6148K(699392K)
[225.505s][info][gc,metaspace   ] GC(855) Metaspace: 9949K(10304K)->9949K(10304K) NonClass: 8646K(8896K)->8646K(8896K) Class: 1302K(1408K)->1302K(1408K)
[225.505s][info][gc             ] GC(855) Pause Young (Allocation Failure) 61M->6M(739M) 1.002ms
[225.505s][info][gc,cpu         ] GC(855) User=0.00s Sys=0.00s Real=0.00s
[225.738s][info][gc,start       ] GC(856) Pause Young (Allocation Failure)
[225.739s][info][gc,heap        ] GC(856) PSYoungGen: 57312K(57856K)->928K(57856K) Eden: 56320K(56320K)->0K(56320K) From: 992K(1536K)->928K(1536K)
[225.739s][info][gc,heap        ] GC(856) ParOldGen: 6148K(699392K)->6524K(699392K)
[225.739s][info][gc,metaspace   ] GC(856) Metaspace: 9949K(10304K)->9949K(10304K) NonClass: 8646K(8896K)->8646K(8896K) Class: 1302K(1408K)->1302K(1408K)
[225.739s][info][gc             ] GC(856) Pause Young (Allocation Failure) 61M->7M(739M) 1.096ms
[225.739s][info][gc,cpu         ] GC(856) User=0.23s Sys=0.03s Real=0.02s
[225.966s][info][gc,start       ] GC(857) Pause Young (Allocation Failure)
[225.967s][info][gc,heap        ] GC(857) PSYoungGen: 57247K(57856K)->864K(57856K) Eden: 56319K(56320K)->0K(56320K) From: 928K(1536K)->864K(1536K)
[225.967s][info][gc,heap        ] GC(857) ParOldGen: 6524K(699392K)->6812K(699392K)
[225.967s][info][gc,metaspace   ] GC(857) Metaspace: 9949K(10304K)->9949K(10304K) NonClass: 8646K(8896K)->8646K(8896K) Class: 1302K(1408K)->1302K(1408K)
[225.967s][info][gc             ] GC(857) Pause Young (Allocation Failure) 62M->7M(739M) 0.985ms
[225.968s][info][gc,cpu         ] GC(857) User=0.00s Sys=0.00s Real=0.00s
[226.198s][info][gc,start       ] GC(858) Pause Young (Allocation Failure)
[226.199s][info][gc,heap        ] GC(858) PSYoungGen: 57184K(57856K)->992K(57856K) Eden: 56320K(56320K)->0K(56320K) From: 864K(1536K)->992K(1536K)
[226.199s][info][gc,heap        ] GC(858) ParOldGen: 6812K(699392K)->6876K(699392K)
[226.199s][info][gc,metaspace   ] GC(858) Metaspace: 9949K(10304K)->9949K(10304K) NonClass: 8646K(8896K)->8646K(8896K) Class: 1302K(1408K)->1302K(1408K)
[226.199s][info][gc             ] GC(858) Pause Young (Allocation Failure) 62M->7M(739M) 0.986ms
[226.199s][info][gc,cpu         ] GC(858) User=0.00s Sys=0.02s Real=0.02s
[226.430s][info][gc,start       ] GC(859) Pause Young (Allocation Failure)
[226.431s][info][gc,heap        ] GC(859) PSYoungGen: 57312K(57856K)->640K(57856K) Eden: 56320K(56320K)->0K(56320K) From: 992K(1536K)->640K(1536K)
[226.431s][info][gc,heap        ] GC(859) ParOldGen: 6876K(699392K)->7100K(699392K)
[226.431s][info][gc,metaspace   ] GC(859) Metaspace: 9949K(10304K)->9949K(10304K) NonClass: 8646K(8896K)->8646K(8896K) Class: 1302K(1408K)->1302K(1408K)
[226.431s][info][gc             ] GC(859) Pause Young (Allocation Failure) 62M->7M(739M) 0.896ms
[226.431s][info][gc,cpu         ] GC(859) User=0.00s Sys=0.00s Real=0.00s
[226.660s][info][gc,start       ] GC(860) Pause Young (Allocation Failure)
[226.661s][info][gc,heap        ] GC(860) PSYoungGen: 56960K(57856K)->672K(57856K) Eden: 56320K(56320K)->0K(56320K) From: 640K(1536K)->672K(1536K)
[226.661s][info][gc,heap        ] GC(860) ParOldGen: 7100K(699392K)->7100K(699392K)
[226.661s][info][gc,metaspace   ] GC(860) Metaspace: 9949K(10304K)->9949K(10304K) NonClass: 8646K(8896K)->8646K(8896K) Class: 1302K(1408K)->1302K(1408K)
[226.661s][info][gc             ] GC(860) Pause Young (Allocation Failure) 62M->7M(739M) 0.835ms
[226.661s][info][gc,cpu         ] GC(860) User=0.00s Sys=0.00s Real=0.00s
[226.895s][info][gc,start       ] GC(861) Pause Young (Allocation Failure)
[226.895s][info][gc,heap        ] GC(861) PSYoungGen: 56992K(57856K)->672K(57856K) Eden: 56320K(56320K)->0K(56320K) From: 672K(1536K)->672K(1536K)
[226.895s][info][gc,heap        ] GC(861) ParOldGen: 7100K(699392K)->7100K(699392K)
[226.895s][info][gc,metaspace   ] GC(861) Metaspace: 9949K(10304K)->9949K(10304K) NonClass: 8646K(8896K)->8646K(8896K) Class: 1302K(1408K)->1302K(1408K)
[226.896s][info][gc             ] GC(861) Pause Young (Allocation Failure) 62M->7M(739M) 0.815ms
[226.896s][info][gc,cpu         ] GC(861) User=0.00s Sys=0.00s Real=0.00s
[227.124s][info][gc,start       ] GC(862) Pause Young (Allocation Failure)
[227.125s][info][gc,heap        ] GC(862) PSYoungGen: 56992K(57856K)->608K(57856K) Eden: 56320K(56320K)->0K(56320K) From: 672K(1536K)->608K(1536K)
[227.125s][info][gc,heap        ] GC(862) ParOldGen: 7100K(699392K)->7100K(699392K)
[227.125s][info][gc,metaspace   ] GC(862) Metaspace: 9949K(10304K)->9949K(10304K) NonClass: 8646K(8896K)->8646K(8896K) Class: 1302K(1408K)->1302K(1408K)
[227.125s][info][gc             ] GC(862) Pause Young (Allocation Failure) 62M->7M(739M) 0.805ms
[227.125s][info][gc,cpu         ] GC(862) User=0.00s Sys=0.00s Real=0.00s
[227.362s][info][gc,start       ] GC(863) Pause Young (Allocation Failure)
[227.362s][info][gc,heap        ] GC(863) PSYoungGen: 56928K(57856K)->640K(57856K) Eden: 56320K(56320K)->0K(56320K) From: 608K(1536K)->640K(1536K)
[227.362s][info][gc,heap        ] GC(863) ParOldGen: 7100K(699392K)->7100K(699392K)
[227.362s][info][gc,metaspace   ] GC(863) Metaspace: 9949K(10304K)->9949K(10304K) NonClass: 8646K(8896K)->8646K(8896K) Class: 1302K(1408K)->1302K(1408K)
[227.362s][info][gc             ] GC(863) Pause Young (Allocation Failure) 62M->7M(739M) 0.796ms
[227.362s][info][gc,cpu         ] GC(863) User=0.00s Sys=0.00s Real=0.00s
[227.593s][info][gc,start       ] GC(864) Pause Young (Allocation Failure)
[227.594s][info][gc,heap        ] GC(864) PSYoungGen: 56960K(57856K)->704K(57856K) Eden: 56320K(56320K)->0K(56320K) From: 640K(1536K)->704K(1536K)
[227.594s][info][gc,heap        ] GC(864) ParOldGen: 7100K(699392K)->7100K(699392K)
[227.594s][info][gc,metaspace   ] GC(864) Metaspace: 9949K(10304K)->9949K(10304K) NonClass: 8646K(8896K)->8646K(8896K) Class: 1302K(1408K)->1302K(1408K)
[227.594s][info][gc             ] GC(864) Pause Young (Allocation Failure) 62M->7M(739M) 0.823ms
[227.594s][info][gc,cpu         ] GC(864) User=0.27s Sys=0.00s Real=0.00s
[227.827s][info][gc,start       ] GC(865) Pause Young (Allocation Failure)
[227.828s][info][gc,heap        ] GC(865) PSYoungGen: 57024K(57856K)->544K(57856K) Eden: 56320K(56320K)->0K(56320K) From: 704K(1536K)->544K(1536K)
[227.828s][info][gc,heap        ] GC(865) ParOldGen: 7100K(699392K)->7100K(699392K)
[227.828s][info][gc,metaspace   ] GC(865) Metaspace: 9949K(10304K)->9949K(10304K) NonClass: 8646K(8896K)->8646K(8896K) Class: 1302K(1408K)->1302K(1408K)
[227.828s][info][gc             ] GC(865) Pause Young (Allocation Failure) 62M->7M(739M) 0.789ms
[227.828s][info][gc,cpu         ] GC(865) User=0.00s Sys=0.00s Real=0.00s
[228.048s][info][gc,start       ] GC(866) Pause Young (Allocation Failure)
[228.049s][info][gc,heap        ] GC(866) PSYoungGen: 56864K(57856K)->960K(57856K) Eden: 56320K(56320K)->0K(56320K) From: 544K(1536K)->960K(1536K)
[228.049s][info][gc,heap        ] GC(866) ParOldGen: 7100K(699392K)->7132K(699392K)
[228.049s][info][gc,metaspace   ] GC(866) Metaspace: 9949K(10304K)->9949K(10304K) NonClass: 8646K(8896K)->8646K(8896K) Class: 1302K(1408K)->1302K(1408K)
[228.049s][info][gc             ] GC(866) Pause Young (Allocation Failure) 62M->7M(739M) 0.912ms
[228.049s][info][gc,cpu         ] GC(866) User=0.00s Sys=0.00s Real=0.00s
[228.281s][info][gc,start       ] GC(867) Pause Young (Allocation Failure)
[228.282s][info][gc,heap        ] GC(867) PSYoungGen: 57280K(57856K)->736K(57856K) Eden: 56320K(56320K)->0K(56320K) From: 960K(1536K)->736K(1536K)
[228.282s][info][gc,heap        ] GC(867) ParOldGen: 7132K(699392K)->7428K(699392K)
[228.282s][info][gc,metaspace   ] GC(867) Metaspace: 9949K(10304K)->9949K(10304K) NonClass: 8646K(8896K)->8646K(8896K) Class: 1302K(1408K)->1302K(1408K)
[228.282s][info][gc             ] GC(867) Pause Young (Allocation Failure) 62M->7M(739M) 0.959ms
[228.282s][info][gc,cpu         ] GC(867) User=0.00s Sys=0.00s Real=0.00s
[228.516s][info][gc,start       ] GC(868) Pause Young (Allocation Failure)
[228.517s][info][gc,heap        ] GC(868) PSYoungGen: 57056K(57856K)->928K(57856K) Eden: 56320K(56320K)->0K(56320K) From: 736K(1536K)->928K(1536K)
[228.517s][info][gc,heap        ] GC(868) ParOldGen: 7428K(699392K)->7436K(699392K)
[228.517s][info][gc,metaspace   ] GC(868) Metaspace: 9949K(10304K)->9949K(10304K) NonClass: 8646K(8896K)->8646K(8896K) Class: 1302K(1408K)->1302K(1408K)
[228.517s][info][gc             ] GC(868) Pause Young (Allocation Failure) 62M->8M(739M) 0.884ms
[228.517s][info][gc,cpu         ] GC(868) User=0.00s Sys=0.00s Real=0.00s
[228.756s][info][gc,start       ] GC(869) Pause Young (Allocation Failure)
[228.756s][info][gc,heap        ] GC(869) PSYoungGen: 57248K(57856K)->768K(57856K) Eden: 56320K(56320K)->0K(56320K) From: 928K(1536K)->768K(1536K)
[228.756s][info][gc,heap        ] GC(869) ParOldGen: 7436K(699392K)->7676K(699392K)
[228.756s][info][gc,metaspace   ] GC(869) Metaspace: 9949K(10304K)->9949K(10304K) NonClass: 8646K(8896K)->8646K(8896K) Class: 1302K(1408K)->1302K(1408K)
[228.757s][info][gc             ] GC(869) Pause Young (Allocation Failure) 63M->8M(739M) 0.885ms
[228.757s][info][gc,cpu         ] GC(869) User=0.00s Sys=0.00s Real=0.00s
[228.990s][info][gc,start       ] GC(870) Pause Young (Allocation Failure)
[228.990s][info][gc,heap        ] GC(870) PSYoungGen: 57088K(57856K)->800K(57856K) Eden: 56320K(56320K)->0K(56320K) From: 768K(1536K)->800K(1536K)
[228.990s][info][gc,heap        ] GC(870) ParOldGen: 7676K(699392K)->7724K(699392K)
[228.991s][info][gc,metaspace   ] GC(870) Metaspace: 9949K(10304K)->9949K(10304K) NonClass: 8646K(8896K)->8646K(8896K) Class: 1302K(1408K)->1302K(1408K)
[228.991s][info][gc             ] GC(870) Pause Young (Allocation Failure) 63M->8M(739M) 0.867ms
[228.991s][info][gc,cpu         ] GC(870) User=0.00s Sys=0.00s Real=0.00s
[229.227s][info][gc,start       ] GC(871) Pause Young (Allocation Failure)
[229.227s][info][gc,heap        ] GC(871) PSYoungGen: 57120K(57856K)->736K(57856K) Eden: 56320K(56320K)->0K(56320K) From: 800K(1536K)->736K(1536K)
[229.227s][info][gc,heap        ] GC(871) ParOldGen: 7724K(699392K)->7948K(699392K)
[229.228s][info][gc,metaspace   ] GC(871) Metaspace: 9949K(10304K)->9949K(10304K) NonClass: 8646K(8896K)->8646K(8896K) Class: 1302K(1408K)->1302K(1408K)
[229.228s][info][gc             ] GC(871) Pause Young (Allocation Failure) 63M->8M(739M) 0.965ms
[229.228s][info][gc,cpu         ] GC(871) User=0.00s Sys=0.00s Real=0.00s
[229.461s][info][gc,start       ] GC(872) Pause Young (Allocation Failure)
[229.462s][info][gc,heap        ] GC(872) PSYoungGen: 57055K(57856K)->608K(57856K) Eden: 56319K(56320K)->0K(56320K) From: 736K(1536K)->608K(1536K)
[229.462s][info][gc,heap        ] GC(872) ParOldGen: 7948K(699392K)->7948K(699392K)
[229.462s][info][gc,metaspace   ] GC(872) Metaspace: 9949K(10304K)->9949K(10304K) NonClass: 8646K(8896K)->8646K(8896K) Class: 1302K(1408K)->1302K(1408K)
[229.462s][info][gc             ] GC(872) Pause Young (Allocation Failure) 63M->8M(739M) 0.824ms
[229.462s][info][gc,cpu         ] GC(872) User=0.00s Sys=0.00s Real=0.00s
[229.690s][info][gc,start       ] GC(873) Pause Young (Allocation Failure)
[229.691s][info][gc,heap        ] GC(873) PSYoungGen: 56928K(57856K)->960K(57856K) Eden: 56320K(56320K)->0K(56320K) From: 608K(1536K)->960K(1536K)
[229.691s][info][gc,heap        ] GC(873) ParOldGen: 7948K(699392K)->7948K(699392K)
[229.691s][info][gc,metaspace   ] GC(873) Metaspace: 9949K(10304K)->9949K(10304K) NonClass: 8646K(8896K)->8646K(8896K) Class: 1302K(1408K)->1302K(1408K)
[229.691s][info][gc             ] GC(873) Pause Young (Allocation Failure) 63M->8M(739M) 0.897ms
[229.691s][info][gc,cpu         ] GC(873) User=0.00s Sys=0.00s Real=0.00s
[229.917s][info][gc,start       ] GC(874) Pause Young (Allocation Failure)
[229.918s][info][gc,heap        ] GC(874) PSYoungGen: 57280K(57856K)->640K(57856K) Eden: 56320K(56320K)->0K(56320K) From: 960K(1536K)->640K(1536K)
[229.918s][info][gc,heap        ] GC(874) ParOldGen: 7948K(699392K)->8188K(699392K)
[229.918s][info][gc,metaspace   ] GC(874) Metaspace: 9949K(10304K)->9949K(10304K) NonClass: 8646K(8896K)->8646K(8896K) Class: 1302K(1408K)->1302K(1408K)
[229.918s][info][gc             ] GC(874) Pause Young (Allocation Failure) 63M->8M(739M) 0.925ms
[229.918s][info][gc,cpu         ] GC(874) User=0.00s Sys=0.00s Real=0.00s
[230.145s][info][gc,start       ] GC(875) Pause Young (Allocation Failure)
[230.146s][info][gc,heap        ] GC(875) PSYoungGen: 56960K(57856K)->640K(57856K) Eden: 56320K(56320K)->0K(56320K) From: 640K(1536K)->640K(1536K)
[230.146s][info][gc,heap        ] GC(875) ParOldGen: 8188K(699392K)->8188K(699392K)
[230.146s][info][gc,metaspace   ] GC(875) Metaspace: 9949K(10304K)->9949K(10304K) NonClass: 8646K(8896K)->8646K(8896K) Class: 1302K(1408K)->1302K(1408K)
[230.146s][info][gc             ] GC(875) Pause Young (Allocation Failure) 63M->8M(739M) 0.825ms
[230.146s][info][gc,cpu         ] GC(875) User=0.00s Sys=0.00s Real=0.00s
[230.376s][info][gc,start       ] GC(876) Pause Young (Allocation Failure)
[230.376s][info][gc,heap        ] GC(876) PSYoungGen: 56960K(57856K)->768K(57856K) Eden: 56320K(56320K)->0K(56320K) From: 640K(1536K)->768K(1536K)
[230.376s][info][gc,heap        ] GC(876) ParOldGen: 8188K(699392K)->8188K(699392K)
[230.376s][info][gc,metaspace   ] GC(876) Metaspace: 9949K(10304K)->9949K(10304K) NonClass: 8646K(8896K)->8646K(8896K) Class: 1302K(1408K)->1302K(1408K)
[230.376s][info][gc             ] GC(876) Pause Young (Allocation Failure) 63M->8M(739M) 0.810ms
[230.376s][info][gc,cpu         ] GC(876) User=0.00s Sys=0.00s Real=0.00s
[230.608s][info][gc,start       ] GC(877) Pause Young (Allocation Failure)
[230.608s][info][gc,heap        ] GC(877) PSYoungGen: 57088K(57856K)->672K(57856K) Eden: 56320K(56320K)->0K(56320K) From: 768K(1536K)->672K(1536K)
[230.608s][info][gc,heap        ] GC(877) ParOldGen: 8188K(699392K)->8188K(699392K)
[230.608s][info][gc,metaspace   ] GC(877) Metaspace: 9949K(10304K)->9949K(10304K) NonClass: 8646K(8896K)->8646K(8896K) Class: 1302K(1408K)->1302K(1408K)
[230.608s][info][gc             ] GC(877) Pause Young (Allocation Failure) 63M->8M(739M) 0.818ms
[230.609s][info][gc,cpu         ] GC(877) User=0.00s Sys=0.00s Real=0.00s
[230.619s][info][gc,start       ] GC(878) Pause Young (System.gc())
[230.619s][info][gc,heap        ] GC(878) PSYoungGen: 2967K(57856K)->544K(57856K) Eden: 2295K(56320K)->0K(56320K) From: 672K(1536K)->544K(1536K)
[230.619s][info][gc,heap        ] GC(878) ParOldGen: 8188K(699392K)->8396K(699392K)
[230.619s][info][gc,metaspace   ] GC(878) Metaspace: 9949K(10304K)->9949K(10304K) NonClass: 8646K(8896K)->8646K(8896K) Class: 1302K(1408K)->1302K(1408K)
[230.620s][info][gc             ] GC(878) Pause Young (System.gc()) 10M->8M(739M) 0.749ms
[230.620s][info][gc,cpu         ] GC(878) User=0.00s Sys=0.00s Real=0.00s
[230.620s][info][gc,start       ] GC(879) Pause Full (System.gc())
[230.620s][info][gc,phases,start] GC(879) Marking Phase
[230.633s][info][gc,phases      ] GC(879) Marking Phase 13.156ms
[230.633s][info][gc,phases,start] GC(879) Summary Phase
[230.633s][info][gc,phases      ] GC(879) Summary Phase 0.021ms
[230.633s][info][gc,phases,start] GC(879) Adjust Roots
[230.637s][info][gc,phases      ] GC(879) Adjust Roots 4.219ms
[230.637s][info][gc,phases,start] GC(879) Compaction Phase
[230.641s][info][gc,phases      ] GC(879) Compaction Phase 3.528ms
[230.641s][info][gc,phases,start] GC(879) Post Compact
[230.641s][info][gc,phases      ] GC(879) Post Compact 0.408ms
[230.641s][info][gc,heap        ] GC(879) PSYoungGen: 544K(57856K)->0K(57856K) Eden: 0K(56320K)->0K(56320K) From: 544K(1536K)->0K(1536K)
[230.641s][info][gc,heap        ] GC(879) ParOldGen: 8396K(699392K)->4076K(699392K)
[230.641s][info][gc,metaspace   ] GC(879) Metaspace: 9949K(10304K)->9949K(10304K) NonClass: 8646K(8896K)->8646K(8896K) Class: 1302K(1408K)->1302K(1408K)
[230.641s][info][gc             ] GC(879) Pause Full (System.gc()) 8M->3M(739M) 21.577ms
[230.641s][info][gc,cpu         ] GC(879) User=0.02s Sys=0.00s Real=0.02s
[230.877s][info][gc,start       ] GC(880) Pause Young (Allocation Failure)
[230.878s][info][gc,heap        ] GC(880) PSYoungGen: 56320K(57856K)->1504K(57856K) Eden: 56320K(56320K)->0K(56320K) From: 0K(1536K)->1504K(1536K)
[230.878s][info][gc,heap        ] GC(880) ParOldGen: 4076K(699392K)->4076K(699392K)
[230.878s][info][gc,metaspace   ] GC(880) Metaspace: 9949K(10304K)->9949K(10304K) NonClass: 8646K(8896K)->8646K(8896K) Class: 1302K(1408K)->1302K(1408K)
[230.878s][info][gc             ] GC(880) Pause Young (Allocation Failure) 58M->5M(739M) 1.115ms
[230.878s][info][gc,cpu         ] GC(880) User=0.00s Sys=0.00s Real=0.00s
[231.106s][info][gc,start       ] GC(881) Pause Young (Allocation Failure)
[231.107s][info][gc,heap        ] GC(881) PSYoungGen: 57824K(57856K)->896K(57856K) Eden: 56320K(56320K)->0K(56320K) From: 1504K(1536K)->896K(1536K)
[231.107s][info][gc,heap        ] GC(881) ParOldGen: 4076K(699392K)->4668K(699392K)
[231.107s][info][gc,metaspace   ] GC(881) Metaspace: 9949K(10304K)->9949K(10304K) NonClass: 8646K(8896K)->8646K(8896K) Class: 1302K(1408K)->1302K(1408K)
[231.107s][info][gc             ] GC(881) Pause Young (Allocation Failure) 60M->5M(739M) 1.108ms
[231.107s][info][gc,cpu         ] GC(881) User=0.00s Sys=0.00s Real=0.00s
[231.333s][info][gc,start       ] GC(882) Pause Young (Allocation Failure)
[231.334s][info][gc,heap        ] GC(882) PSYoungGen: 57216K(57856K)->1088K(57856K) Eden: 56320K(56320K)->0K(56320K) From: 896K(1536K)->1088K(1536K)
[231.334s][info][gc,heap        ] GC(882) ParOldGen: 4668K(699392K)->4836K(699392K)
[231.334s][info][gc,metaspace   ] GC(882) Metaspace: 9949K(10304K)->9949K(10304K) NonClass: 8646K(8896K)->8646K(8896K) Class: 1302K(1408K)->1302K(1408K)
[231.334s][info][gc             ] GC(882) Pause Young (Allocation Failure) 60M->5M(739M) 0.979ms
[231.334s][info][gc,cpu         ] GC(882) User=0.00s Sys=0.00s Real=0.00s
[231.559s][info][gc,start       ] GC(883) Pause Young (Allocation Failure)
[231.560s][info][gc,heap        ] GC(883) PSYoungGen: 57408K(57856K)->1280K(57856K) Eden: 56320K(56320K)->0K(56320K) From: 1088K(1536K)->1280K(1536K)
[231.560s][info][gc,heap        ] GC(883) ParOldGen: 4836K(699392K)->4876K(699392K)
[231.560s][info][gc,metaspace   ] GC(883) Metaspace: 9949K(10304K)->9949K(10304K) NonClass: 8646K(8896K)->8646K(8896K) Class: 1302K(1408K)->1302K(1408K)
[231.560s][info][gc             ] GC(883) Pause Young (Allocation Failure) 60M->6M(739M) 1.038ms
[231.560s][info][gc,cpu         ] GC(883) User=0.00s Sys=0.00s Real=0.00s
[231.782s][info][gc,start       ] GC(884) Pause Young (Allocation Failure)
[231.783s][info][gc,heap        ] GC(884) PSYoungGen: 57600K(57856K)->992K(57856K) Eden: 56320K(56320K)->0K(56320K) From: 1280K(1536K)->992K(1536K)
[231.783s][info][gc,heap        ] GC(884) ParOldGen: 4876K(699392K)->5412K(699392K)
[231.783s][info][gc,metaspace   ] GC(884) Metaspace: 9949K(10304K)->9949K(10304K) NonClass: 8646K(8896K)->8646K(8896K) Class: 1302K(1408K)->1302K(1408K)
[231.783s][info][gc             ] GC(884) Pause Young (Allocation Failure) 61M->6M(739M) 1.159ms
[231.783s][info][gc,cpu         ] GC(884) User=0.00s Sys=0.00s Real=0.00s
[232.016s][info][gc,start       ] GC(885) Pause Young (Allocation Failure)
[232.017s][info][gc,heap        ] GC(885) PSYoungGen: 57312K(57856K)->928K(57856K) Eden: 56320K(56320K)->0K(56320K) From: 992K(1536K)->928K(1536K)
[232.017s][info][gc,heap        ] GC(885) ParOldGen: 5412K(699392K)->5628K(699392K)
[232.017s][info][gc,metaspace   ] GC(885) Metaspace: 9949K(10304K)->9949K(10304K) NonClass: 8646K(8896K)->8646K(8896K) Class: 1302K(1408K)->1302K(1408K)
[232.017s][info][gc             ] GC(885) Pause Young (Allocation Failure) 61M->6M(739M) 0.906ms
[232.017s][info][gc,cpu         ] GC(885) User=0.00s Sys=0.00s Real=0.00s
[232.254s][info][gc,start       ] GC(886) Pause Young (Allocation Failure)
[232.255s][info][gc,heap        ] GC(886) PSYoungGen: 57247K(57856K)->832K(57856K) Eden: 56319K(56320K)->0K(56320K) From: 928K(1536K)->832K(1536K)
[232.255s][info][gc,heap        ] GC(886) ParOldGen: 5628K(699392K)->5884K(699392K)
[232.255s][info][gc,metaspace   ] GC(886) Metaspace: 9949K(10304K)->9949K(10304K) NonClass: 8646K(8896K)->8646K(8896K) Class: 1302K(1408K)->1302K(1408K)
[232.255s][info][gc             ] GC(886) Pause Young (Allocation Failure) 61M->6M(739M) 0.948ms
[232.255s][info][gc,cpu         ] GC(886) User=0.00s Sys=0.00s Real=0.00s
[232.486s][info][gc,start       ] GC(887) Pause Young (Allocation Failure)
[232.487s][info][gc,heap        ] GC(887) PSYoungGen: 57152K(57856K)->768K(57856K) Eden: 56320K(56320K)->0K(56320K) From: 832K(1536K)->768K(1536K)
[232.487s][info][gc,heap        ] GC(887) ParOldGen: 5884K(699392K)->5884K(699392K)
[232.487s][info][gc,metaspace   ] GC(887) Metaspace: 9949K(10304K)->9949K(10304K) NonClass: 8646K(8896K)->8646K(8896K) Class: 1302K(1408K)->1302K(1408K)
[232.487s][info][gc             ] GC(887) Pause Young (Allocation Failure) 61M->6M(739M) 0.831ms
[232.487s][info][gc,cpu         ] GC(887) User=0.00s Sys=0.00s Real=0.00s
[232.708s][info][gc,start       ] GC(888) Pause Young (Allocation Failure)
[232.708s][info][gc,heap        ] GC(888) PSYoungGen: 57088K(57856K)->576K(57856K) Eden: 56320K(56320K)->0K(56320K) From: 768K(1536K)->576K(1536K)
[232.708s][info][gc,heap        ] GC(888) ParOldGen: 5884K(699392K)->5884K(699392K)
[232.708s][info][gc,metaspace   ] GC(888) Metaspace: 9949K(10304K)->9949K(10304K) NonClass: 8646K(8896K)->8646K(8896K) Class: 1302K(1408K)->1302K(1408K)
[232.708s][info][gc             ] GC(888) Pause Young (Allocation Failure) 61M->6M(739M) 0.775ms
[232.708s][info][gc,cpu         ] GC(888) User=0.00s Sys=0.00s Real=0.00s
[232.936s][info][gc,start       ] GC(889) Pause Young (Allocation Failure)
[232.937s][info][gc,heap        ] GC(889) PSYoungGen: 56896K(57856K)->1024K(57856K) Eden: 56320K(56320K)->0K(56320K) From: 576K(1536K)->1024K(1536K)
[232.937s][info][gc,heap        ] GC(889) ParOldGen: 5884K(699392K)->5892K(699392K)
[232.937s][info][gc,metaspace   ] GC(889) Metaspace: 9949K(10304K)->9949K(10304K) NonClass: 8646K(8896K)->8646K(8896K) Class: 1302K(1408K)->1302K(1408K)
[232.937s][info][gc             ] GC(889) Pause Young (Allocation Failure) 61M->6M(739M) 0.880ms
[232.937s][info][gc,cpu         ] GC(889) User=0.00s Sys=0.00s Real=0.00s
[233.168s][info][gc,start       ] GC(890) Pause Young (Allocation Failure)
[233.169s][info][gc,heap        ] GC(890) PSYoungGen: 57344K(57856K)->800K(57856K) Eden: 56320K(56320K)->0K(56320K) From: 1024K(1536K)->800K(1536K)
[233.169s][info][gc,heap        ] GC(890) ParOldGen: 5892K(699392K)->5892K(699392K)
[233.169s][info][gc,metaspace   ] GC(890) Metaspace: 9949K(10304K)->9949K(10304K) NonClass: 8646K(8896K)->8646K(8896K) Class: 1302K(1408K)->1302K(1408K)
[233.169s][info][gc             ] GC(890) Pause Young (Allocation Failure) 61M->6M(739M) 0.935ms
[233.169s][info][gc,cpu         ] GC(890) User=0.00s Sys=0.00s Real=0.00s
[233.396s][info][gc,start       ] GC(891) Pause Young (Allocation Failure)
[233.396s][info][gc,heap        ] GC(891) PSYoungGen: 57120K(57856K)->832K(57856K) Eden: 56320K(56320K)->0K(56320K) From: 800K(1536K)->832K(1536K)
[233.396s][info][gc,heap        ] GC(891) ParOldGen: 5892K(699392K)->6124K(699392K)
[233.396s][info][gc,metaspace   ] GC(891) Metaspace: 9949K(10304K)->9949K(10304K) NonClass: 8646K(8896K)->8646K(8896K) Class: 1302K(1408K)->1302K(1408K)
[233.397s][info][gc             ] GC(891) Pause Young (Allocation Failure) 61M->6M(739M) 0.946ms
[233.397s][info][gc,cpu         ] GC(891) User=0.00s Sys=0.00s Real=0.00s
[233.626s][info][gc,start       ] GC(892) Pause Young (Allocation Failure)
[233.626s][info][gc,heap        ] GC(892) PSYoungGen: 57152K(57856K)->672K(57856K) Eden: 56320K(56320K)->0K(56320K) From: 832K(1536K)->672K(1536K)
[233.626s][info][gc,heap        ] GC(892) ParOldGen: 6124K(699392K)->6124K(699392K)
[233.626s][info][gc,metaspace   ] GC(892) Metaspace: 9949K(10304K)->9949K(10304K) NonClass: 8646K(8896K)->8646K(8896K) Class: 1302K(1408K)->1302K(1408K)
[233.626s][info][gc             ] GC(892) Pause Young (Allocation Failure) 61M->6M(739M) 0.809ms
[233.626s][info][gc,cpu         ] GC(892) User=0.00s Sys=0.00s Real=0.00s
[233.853s][info][gc,start       ] GC(893) Pause Young (Allocation Failure)
[233.853s][info][gc,heap        ] GC(893) PSYoungGen: 56992K(57856K)->1024K(57856K) Eden: 56320K(56320K)->0K(56320K) From: 672K(1536K)->1024K(1536K)
[233.853s][info][gc,heap        ] GC(893) ParOldGen: 6124K(699392K)->6196K(699392K)
[233.853s][info][gc,metaspace   ] GC(893) Metaspace: 9949K(10304K)->9949K(10304K) NonClass: 8646K(8896K)->8646K(8896K) Class: 1302K(1408K)->1302K(1408K)
[233.854s][info][gc             ] GC(893) Pause Young (Allocation Failure) 61M->7M(739M) 0.987ms
[233.854s][info][gc,cpu         ] GC(893) User=0.00s Sys=0.00s Real=0.00s
[234.089s][info][gc,start       ] GC(894) Pause Young (Allocation Failure)
[234.089s][info][gc,heap        ] GC(894) PSYoungGen: 57344K(57856K)->768K(57856K) Eden: 56320K(56320K)->0K(56320K) From: 1024K(1536K)->768K(1536K)
[234.090s][info][gc,heap        ] GC(894) ParOldGen: 6196K(699392K)->6468K(699392K)
[234.090s][info][gc,metaspace   ] GC(894) Metaspace: 9949K(10304K)->9949K(10304K) NonClass: 8646K(8896K)->8646K(8896K) Class: 1302K(1408K)->1302K(1408K)
[234.090s][info][gc             ] GC(894) Pause Young (Allocation Failure) 62M->7M(739M) 0.979ms
[234.090s][info][gc,cpu         ] GC(894) User=0.00s Sys=0.00s Real=0.00s
[234.315s][info][gc,start       ] GC(895) Pause Young (Allocation Failure)
[234.316s][info][gc,heap        ] GC(895) PSYoungGen: 57088K(57856K)->544K(57856K) Eden: 56320K(56320K)->0K(56320K) From: 768K(1536K)->544K(1536K)
[234.316s][info][gc,heap        ] GC(895) ParOldGen: 6468K(699392K)->6468K(699392K)
[234.316s][info][gc,metaspace   ] GC(895) Metaspace: 9949K(10304K)->9949K(10304K) NonClass: 8646K(8896K)->8646K(8896K) Class: 1302K(1408K)->1302K(1408K)
[234.316s][info][gc             ] GC(895) Pause Young (Allocation Failure) 62M->6M(739M) 0.784ms
[234.316s][info][gc,cpu         ] GC(895) User=0.00s Sys=0.00s Real=0.00s
[234.543s][info][gc,start       ] GC(896) Pause Young (Allocation Failure)
[234.544s][info][gc,heap        ] GC(896) PSYoungGen: 56864K(57856K)->960K(57856K) Eden: 56320K(56320K)->0K(56320K) From: 544K(1536K)->960K(1536K)
[234.544s][info][gc,heap        ] GC(896) ParOldGen: 6468K(699392K)->6516K(699392K)
[234.544s][info][gc,metaspace   ] GC(896) Metaspace: 9949K(10304K)->9949K(10304K) NonClass: 8646K(8896K)->8646K(8896K) Class: 1302K(1408K)->1302K(1408K)
[234.544s][info][gc             ] GC(896) Pause Young (Allocation Failure) 61M->7M(739M) 0.888ms
[234.544s][info][gc,cpu         ] GC(896) User=0.00s Sys=0.00s Real=0.00s
[234.769s][info][gc,start       ] GC(897) Pause Young (Allocation Failure)
[234.770s][info][gc,heap        ] GC(897) PSYoungGen: 57280K(57856K)->608K(57856K) Eden: 56320K(56320K)->0K(56320K) From: 960K(1536K)->608K(1536K)
[234.770s][info][gc,heap        ] GC(897) ParOldGen: 6516K(699392K)->6772K(699392K)
[234.770s][info][gc,metaspace   ] GC(897) Metaspace: 9949K(10304K)->9949K(10304K) NonClass: 8646K(8896K)->8646K(8896K) Class: 1302K(1408K)->1302K(1408K)
[234.770s][info][gc             ] GC(897) Pause Young (Allocation Failure) 62M->7M(739M) 1.083ms
[234.770s][info][gc,cpu         ] GC(897) User=0.00s Sys=0.00s Real=0.00s
[234.998s][info][gc,start       ] GC(898) Pause Young (Allocation Failure)
[234.999s][info][gc,heap        ] GC(898) PSYoungGen: 56927K(57856K)->672K(57856K) Eden: 56319K(56320K)->0K(56320K) From: 608K(1536K)->672K(1536K)
[234.999s][info][gc,heap        ] GC(898) ParOldGen: 6772K(699392K)->6772K(699392K)
[234.999s][info][gc,metaspace   ] GC(898) Metaspace: 9949K(10304K)->9949K(10304K) NonClass: 8646K(8896K)->8646K(8896K) Class: 1302K(1408K)->1302K(1408K)
[234.999s][info][gc             ] GC(898) Pause Young (Allocation Failure) 62M->7M(739M) 0.812ms
[234.999s][info][gc,cpu         ] GC(898) User=0.00s Sys=0.00s Real=0.00s
[235.225s][info][gc,start       ] GC(899) Pause Young (Allocation Failure)
[235.225s][info][gc,heap        ] GC(899) PSYoungGen: 56992K(57856K)->672K(57856K) Eden: 56320K(56320K)->0K(56320K) From: 672K(1536K)->672K(1536K)
[235.225s][info][gc,heap        ] GC(899) ParOldGen: 6772K(699392K)->6772K(699392K)
[235.225s][info][gc,metaspace   ] GC(899) Metaspace: 9949K(10304K)->9949K(10304K) NonClass: 8646K(8896K)->8646K(8896K) Class: 1302K(1408K)->1302K(1408K)
[235.226s][info][gc             ] GC(899) Pause Young (Allocation Failure) 62M->7M(739M) 0.829ms
[235.226s][info][gc,cpu         ] GC(899) User=0.27s Sys=0.00s Real=0.02s
[235.447s][info][gc,start       ] GC(900) Pause Young (Allocation Failure)
[235.448s][info][gc,heap        ] GC(900) PSYoungGen: 56992K(57856K)->736K(57856K) Eden: 56320K(56320K)->0K(56320K) From: 672K(1536K)->736K(1536K)
[235.448s][info][gc,heap        ] GC(900) ParOldGen: 6772K(699392K)->6772K(699392K)
[235.448s][info][gc,metaspace   ] GC(900) Metaspace: 9949K(10304K)->9949K(10304K) NonClass: 8646K(8896K)->8646K(8896K) Class: 1302K(1408K)->1302K(1408K)
[235.448s][info][gc             ] GC(900) Pause Young (Allocation Failure) 62M->7M(739M) 0.812ms
[235.448s][info][gc,cpu         ] GC(900) User=0.00s Sys=0.00s Real=0.00s
[235.676s][info][gc,start       ] GC(901) Pause Young (Allocation Failure)
[235.677s][info][gc,heap        ] GC(901) PSYoungGen: 57056K(57856K)->672K(57856K) Eden: 56320K(56320K)->0K(56320K) From: 736K(1536K)->672K(1536K)
[235.677s][info][gc,heap        ] GC(901) ParOldGen: 6772K(699392K)->6772K(699392K)
[235.677s][info][gc,metaspace   ] GC(901) Metaspace: 9949K(10304K)->9949K(10304K) NonClass: 8646K(8896K)->8646K(8896K) Class: 1302K(1408K)->1302K(1408K)
[235.677s][info][gc             ] GC(901) Pause Young (Allocation Failure) 62M->7M(739M) 0.827ms
[235.677s][info][gc,cpu         ] GC(901) User=0.00s Sys=0.00s Real=0.00s
[235.903s][info][gc,start       ] GC(902) Pause Young (Allocation Failure)
[235.904s][info][gc,heap        ] GC(902) PSYoungGen: 56992K(57856K)->736K(57856K) Eden: 56320K(56320K)->0K(56320K) From: 672K(1536K)->736K(1536K)
[235.904s][info][gc,heap        ] GC(902) ParOldGen: 6772K(699392K)->6772K(699392K)
[235.904s][info][gc,metaspace   ] GC(902) Metaspace: 9949K(10304K)->9949K(10304K) NonClass: 8646K(8896K)->8646K(8896K) Class: 1302K(1408K)->1302K(1408K)
[235.904s][info][gc             ] GC(902) Pause Young (Allocation Failure) 62M->7M(739M) 0.840ms
[235.904s][info][gc,cpu         ] GC(902) User=0.00s Sys=0.02s Real=0.02s
[236.133s][info][gc,start       ] GC(903) Pause Young (Allocation Failure)
[236.134s][info][gc,heap        ] GC(903) PSYoungGen: 57056K(57856K)->832K(57856K) Eden: 56320K(56320K)->0K(56320K) From: 736K(1536K)->832K(1536K)
[236.134s][info][gc,heap        ] GC(903) ParOldGen: 6772K(699392K)->6772K(699392K)
[236.134s][info][gc,metaspace   ] GC(903) Metaspace: 9949K(10304K)->9949K(10304K) NonClass: 8646K(8896K)->8646K(8896K) Class: 1302K(1408K)->1302K(1408K)
[236.134s][info][gc             ] GC(903) Pause Young (Allocation Failure) 62M->7M(739M) 0.869ms
[236.134s][info][gc,cpu         ] GC(903) User=0.00s Sys=0.00s Real=0.00s
[236.363s][info][gc,start       ] GC(904) Pause Young (Allocation Failure)
[236.363s][info][gc,heap        ] GC(904) PSYoungGen: 57152K(57856K)->800K(57856K) Eden: 56320K(56320K)->0K(56320K) From: 832K(1536K)->800K(1536K)
[236.363s][info][gc,heap        ] GC(904) ParOldGen: 6772K(699392K)->6972K(699392K)
[236.364s][info][gc,metaspace   ] GC(904) Metaspace: 9949K(10304K)->9949K(10304K) NonClass: 8646K(8896K)->8646K(8896K) Class: 1302K(1408K)->1302K(1408K)
[236.364s][info][gc             ] GC(904) Pause Young (Allocation Failure) 62M->7M(739M) 0.899ms
[236.364s][info][gc,cpu         ] GC(904) User=0.00s Sys=0.00s Real=0.00s
[236.592s][info][gc,start       ] GC(905) Pause Young (Allocation Failure)
[236.593s][info][gc,heap        ] GC(905) PSYoungGen: 57120K(57856K)->640K(57856K) Eden: 56320K(56320K)->0K(56320K) From: 800K(1536K)->640K(1536K)
[236.593s][info][gc,heap        ] GC(905) ParOldGen: 6972K(699392K)->6972K(699392K)
[236.593s][info][gc,metaspace   ] GC(905) Metaspace: 9949K(10304K)->9949K(10304K) NonClass: 8646K(8896K)->8646K(8896K) Class: 1302K(1408K)->1302K(1408K)
[236.593s][info][gc             ] GC(905) Pause Young (Allocation Failure) 62M->7M(739M) 0.881ms
[236.593s][info][gc,cpu         ] GC(905) User=0.00s Sys=0.00s Real=0.00s
[236.821s][info][gc,start       ] GC(906) Pause Young (Allocation Failure)
[236.822s][info][gc,heap        ] GC(906) PSYoungGen: 56960K(57856K)->672K(57856K) Eden: 56320K(56320K)->0K(56320K) From: 640K(1536K)->672K(1536K)
[236.822s][info][gc,heap        ] GC(906) ParOldGen: 6972K(699392K)->6972K(699392K)
[236.822s][info][gc,metaspace   ] GC(906) Metaspace: 9949K(10304K)->9949K(10304K) NonClass: 8646K(8896K)->8646K(8896K) Class: 1302K(1408K)->1302K(1408K)
[236.822s][info][gc             ] GC(906) Pause Young (Allocation Failure) 62M->7M(739M) 0.780ms
[236.822s][info][gc,cpu         ] GC(906) User=0.00s Sys=0.00s Real=0.00s
[237.050s][info][gc,start       ] GC(907) Pause Young (Allocation Failure)
[237.051s][info][gc,heap        ] GC(907) PSYoungGen: 56992K(57856K)->768K(57856K) Eden: 56320K(56320K)->0K(56320K) From: 672K(1536K)->768K(1536K)
[237.051s][info][gc,heap        ] GC(907) ParOldGen: 6972K(699392K)->6972K(699392K)
[237.051s][info][gc,metaspace   ] GC(907) Metaspace: 9949K(10304K)->9949K(10304K) NonClass: 8646K(8896K)->8646K(8896K) Class: 1302K(1408K)->1302K(1408K)
[237.051s][info][gc             ] GC(907) Pause Young (Allocation Failure) 62M->7M(739M) 0.842ms
[237.051s][info][gc,cpu         ] GC(907) User=0.00s Sys=0.00s Real=0.00s
[237.287s][info][gc,start       ] GC(908) Pause Young (Allocation Failure)
[237.288s][info][gc,heap        ] GC(908) PSYoungGen: 57088K(57856K)->672K(57856K) Eden: 56320K(56320K)->0K(56320K) From: 768K(1536K)->672K(1536K)
[237.288s][info][gc,heap        ] GC(908) ParOldGen: 6972K(699392K)->6972K(699392K)
[237.288s][info][gc,metaspace   ] GC(908) Metaspace: 9949K(10304K)->9949K(10304K) NonClass: 8646K(8896K)->8646K(8896K) Class: 1302K(1408K)->1302K(1408K)
[237.288s][info][gc             ] GC(908) Pause Young (Allocation Failure) 62M->7M(739M) 0.816ms
[237.288s][info][gc,cpu         ] GC(908) User=0.00s Sys=0.00s Real=0.00s
[237.351s][info][gc,start       ] GC(909) Pause Young (System.gc())
[237.352s][info][gc,heap        ] GC(909) PSYoungGen: 13390K(57856K)->672K(57344K) Eden: 12718K(56320K)->0K(56320K) From: 672K(1536K)->672K(1024K)
[237.352s][info][gc,heap        ] GC(909) ParOldGen: 6972K(699392K)->7076K(699392K)
[237.352s][info][gc,metaspace   ] GC(909) Metaspace: 9949K(10304K)->9949K(10304K) NonClass: 8646K(8896K)->8646K(8896K) Class: 1302K(1408K)->1302K(1408K)
[237.352s][info][gc             ] GC(909) Pause Young (System.gc()) 19M->7M(739M) 1.056ms
[237.352s][info][gc,cpu         ] GC(909) User=0.00s Sys=0.00s Real=0.00s
[237.352s][info][gc,start       ] GC(910) Pause Full (System.gc())
[237.352s][info][gc,phases,start] GC(910) Marking Phase
[237.365s][info][gc,phases      ] GC(910) Marking Phase 12.570ms
[237.365s][info][gc,phases,start] GC(910) Summary Phase
[237.365s][info][gc,phases      ] GC(910) Summary Phase 0.020ms
[237.365s][info][gc,phases,start] GC(910) Adjust Roots
[237.369s][info][gc,phases      ] GC(910) Adjust Roots 4.190ms
[237.369s][info][gc,phases,start] GC(910) Compaction Phase
[237.373s][info][gc,phases      ] GC(910) Compaction Phase 3.542ms
[237.373s][info][gc,phases,start] GC(910) Post Compact
[237.373s][info][gc,phases      ] GC(910) Post Compact 0.399ms
[237.373s][info][gc,heap        ] GC(910) PSYoungGen: 672K(57344K)->0K(57344K) Eden: 0K(56320K)->0K(56320K) From: 672K(1024K)->0K(1024K)
[237.373s][info][gc,heap        ] GC(910) ParOldGen: 7076K(699392K)->4076K(699392K)
[237.373s][info][gc,metaspace   ] GC(910) Metaspace: 9949K(10304K)->9949K(10304K) NonClass: 8646K(8896K)->8646K(8896K) Class: 1302K(1408K)->1302K(1408K)
[237.373s][info][gc             ] GC(910) Pause Full (System.gc()) 7M->3M(739M) 20.968ms
[237.373s][info][gc,cpu         ] GC(910) User=0.02s Sys=0.00s Real=0.02s
[237.606s][info][gc,start       ] GC(911) Pause Young (Allocation Failure)
[237.607s][info][gc,heap        ] GC(911) PSYoungGen: 56320K(57344K)->1024K(56832K) Eden: 56320K(56320K)->0K(55808K) From: 0K(1024K)->1024K(1024K)
[237.607s][info][gc,heap        ] GC(911) ParOldGen: 4076K(699392K)->4252K(699392K)
[237.607s][info][gc,metaspace   ] GC(911) Metaspace: 9949K(10304K)->9949K(10304K) NonClass: 8646K(8896K)->8646K(8896K) Class: 1302K(1408K)->1302K(1408K)
[237.607s][info][gc             ] GC(911) Pause Young (Allocation Failure) 58M->5M(738M) 1.271ms
[237.607s][info][gc,cpu         ] GC(911) User=0.00s Sys=0.00s Real=0.00s
[237.841s][info][gc,start       ] GC(912) Pause Young (Allocation Failure)
[237.842s][info][gc,heap        ] GC(912) PSYoungGen: 56832K(56832K)->896K(57344K) Eden: 55808K(55808K)->0K(55808K) From: 1024K(1024K)->896K(1536K)
[237.842s][info][gc,heap        ] GC(912) ParOldGen: 4252K(699392K)->4828K(699392K)
[237.842s][info][gc,metaspace   ] GC(912) Metaspace: 9949K(10304K)->9949K(10304K) NonClass: 8646K(8896K)->8646K(8896K) Class: 1302K(1408K)->1302K(1408K)
[237.842s][info][gc             ] GC(912) Pause Young (Allocation Failure) 59M->5M(739M) 1.216ms
[237.842s][info][gc,cpu         ] GC(912) User=0.00s Sys=0.00s Real=0.00s
[238.071s][info][gc,start       ] GC(913) Pause Young (Allocation Failure)
[238.072s][info][gc,heap        ] GC(913) PSYoungGen: 56704K(57344K)->992K(57344K) Eden: 55808K(55808K)->0K(55808K) From: 896K(1536K)->992K(1536K)
[238.072s][info][gc,heap        ] GC(913) ParOldGen: 4828K(699392K)->5068K(699392K)
[238.072s][info][gc,metaspace   ] GC(913) Metaspace: 9949K(10304K)->9949K(10304K) NonClass: 8646K(8896K)->8646K(8896K) Class: 1302K(1408K)->1302K(1408K)
[238.072s][info][gc             ] GC(913) Pause Young (Allocation Failure) 60M->5M(739M) 1.010ms
[238.072s][info][gc,cpu         ] GC(913) User=0.00s Sys=0.00s Real=0.00s
[238.304s][info][gc,start       ] GC(914) Pause Young (Allocation Failure)
[238.304s][info][gc,heap        ] GC(914) PSYoungGen: 56800K(57344K)->640K(57344K) Eden: 55808K(55808K)->0K(55808K) From: 992K(1536K)->640K(1536K)
[238.304s][info][gc,heap        ] GC(914) ParOldGen: 5068K(699392K)->5332K(699392K)
[238.304s][info][gc,metaspace   ] GC(914) Metaspace: 9949K(10304K)->9949K(10304K) NonClass: 8646K(8896K)->8646K(8896K) Class: 1302K(1408K)->1302K(1408K)
[238.305s][info][gc             ] GC(914) Pause Young (Allocation Failure) 60M->5M(739M) 0.892ms
[238.305s][info][gc,cpu         ] GC(914) User=0.00s Sys=0.00s Real=0.00s
[238.532s][info][gc,start       ] GC(915) Pause Young (Allocation Failure)
[238.533s][info][gc,heap        ] GC(915) PSYoungGen: 56448K(57344K)->1088K(57344K) Eden: 55808K(55808K)->0K(55808K) From: 640K(1536K)->1088K(1536K)
[238.533s][info][gc,heap        ] GC(915) ParOldGen: 5332K(699392K)->5404K(699392K)
[238.533s][info][gc,metaspace   ] GC(915) Metaspace: 9949K(10304K)->9949K(10304K) NonClass: 8646K(8896K)->8646K(8896K) Class: 1302K(1408K)->1302K(1408K)
[238.533s][info][gc             ] GC(915) Pause Young (Allocation Failure) 60M->6M(739M) 0.991ms
[238.533s][info][gc,cpu         ] GC(915) User=0.00s Sys=0.00s Real=0.00s
[238.760s][info][gc,start       ] GC(916) Pause Young (Allocation Failure)
[238.761s][info][gc,heap        ] GC(916) PSYoungGen: 56896K(57344K)->864K(57344K) Eden: 55808K(55808K)->0K(55808K) From: 1088K(1536K)->864K(1536K)
[238.761s][info][gc,heap        ] GC(916) ParOldGen: 5404K(699392K)->5844K(699392K)
[238.761s][info][gc,metaspace   ] GC(916) Metaspace: 9949K(10304K)->9949K(10304K) NonClass: 8646K(8896K)->8646K(8896K) Class: 1302K(1408K)->1302K(1408K)
[238.761s][info][gc             ] GC(916) Pause Young (Allocation Failure) 60M->6M(739M) 1.094ms
[238.761s][info][gc,cpu         ] GC(916) User=0.00s Sys=0.00s Real=0.00s
[238.987s][info][gc,start       ] GC(917) Pause Young (Allocation Failure)
[238.988s][info][gc,heap        ] GC(917) PSYoungGen: 56672K(57344K)->1024K(57344K) Eden: 55808K(55808K)->0K(55808K) From: 864K(1536K)->1024K(1536K)
[238.988s][info][gc,heap        ] GC(917) ParOldGen: 5844K(699392K)->6108K(699392K)
[238.988s][info][gc,metaspace   ] GC(917) Metaspace: 9949K(10304K)->9949K(10304K) NonClass: 8646K(8896K)->8646K(8896K) Class: 1302K(1408K)->1302K(1408K)
[238.988s][info][gc             ] GC(917) Pause Young (Allocation Failure) 61M->6M(739M) 1.009ms
[238.988s][info][gc,cpu         ] GC(917) User=0.00s Sys=0.00s Real=0.00s
[239.227s][info][gc,start       ] GC(918) Pause Young (Allocation Failure)
[239.228s][info][gc,heap        ] GC(918) PSYoungGen: 56832K(57344K)->736K(57344K) Eden: 55808K(55808K)->0K(55808K) From: 1024K(1536K)->736K(1536K)
[239.228s][info][gc,heap        ] GC(918) ParOldGen: 6108K(699392K)->6404K(699392K)
[239.228s][info][gc,metaspace   ] GC(918) Metaspace: 9949K(10304K)->9949K(10304K) NonClass: 8646K(8896K)->8646K(8896K) Class: 1302K(1408K)->1302K(1408K)
[239.228s][info][gc             ] GC(918) Pause Young (Allocation Failure) 61M->6M(739M) 0.937ms
[239.228s][info][gc,cpu         ] GC(918) User=0.00s Sys=0.00s Real=0.00s
[239.460s][info][gc,start       ] GC(919) Pause Young (Allocation Failure)
[239.461s][info][gc,heap        ] GC(919) PSYoungGen: 56544K(57344K)->1056K(57344K) Eden: 55808K(55808K)->0K(55808K) From: 736K(1536K)->1056K(1536K)
[239.461s][info][gc,heap        ] GC(919) ParOldGen: 6404K(699392K)->6548K(699392K)
[239.461s][info][gc,metaspace   ] GC(919) Metaspace: 9949K(10304K)->9949K(10304K) NonClass: 8646K(8896K)->8646K(8896K) Class: 1302K(1408K)->1302K(1408K)
[239.461s][info][gc             ] GC(919) Pause Young (Allocation Failure) 61M->7M(739M) 0.962ms
[239.461s][info][gc,cpu         ] GC(919) User=0.00s Sys=0.00s Real=0.00s
[239.687s][info][gc,start       ] GC(920) Pause Young (Allocation Failure)
[239.688s][info][gc,heap        ] GC(920) PSYoungGen: 56864K(57344K)->704K(57344K) Eden: 55808K(55808K)->0K(55808K) From: 1056K(1536K)->704K(1536K)
[239.688s][info][gc,heap        ] GC(920) ParOldGen: 6548K(699392K)->6988K(699392K)
[239.688s][info][gc,metaspace   ] GC(920) Metaspace: 9949K(10304K)->9949K(10304K) NonClass: 8646K(8896K)->8646K(8896K) Class: 1302K(1408K)->1302K(1408K)
[239.688s][info][gc             ] GC(920) Pause Young (Allocation Failure) 61M->7M(739M) 1.159ms
[239.688s][info][gc,cpu         ] GC(920) User=0.02s Sys=0.00s Real=0.02s
[239.915s][info][gc,start       ] GC(921) Pause Young (Allocation Failure)
[239.916s][info][gc,heap        ] GC(921) PSYoungGen: 56512K(57344K)->672K(57344K) Eden: 55808K(55808K)->0K(55808K) From: 704K(1536K)->672K(1536K)
[239.916s][info][gc,heap        ] GC(921) ParOldGen: 6988K(699392K)->6988K(699392K)
[239.916s][info][gc,metaspace   ] GC(921) Metaspace: 9949K(10304K)->9949K(10304K) NonClass: 8646K(8896K)->8646K(8896K) Class: 1302K(1408K)->1302K(1408K)
[239.916s][info][gc             ] GC(921) Pause Young (Allocation Failure) 62M->7M(739M) 0.827ms
[239.916s][info][gc,cpu         ] GC(921) User=0.00s Sys=0.00s Real=0.00s
[240.144s][info][gc,start       ] GC(922) Pause Young (Allocation Failure)
[240.145s][info][gc,heap        ] GC(922) PSYoungGen: 56480K(57344K)->704K(57344K) Eden: 55808K(55808K)->0K(55808K) From: 672K(1536K)->704K(1536K)
[240.145s][info][gc,heap        ] GC(922) ParOldGen: 6988K(699392K)->6988K(699392K)
[240.145s][info][gc,metaspace   ] GC(922) Metaspace: 9949K(10304K)->9949K(10304K) NonClass: 8646K(8896K)->8646K(8896K) Class: 1302K(1408K)->1302K(1408K)
[240.145s][info][gc             ] GC(922) Pause Young (Allocation Failure) 61M->7M(739M) 0.836ms
[240.145s][info][gc,cpu         ] GC(922) User=0.00s Sys=0.00s Real=0.00s
[240.382s][info][gc,start       ] GC(923) Pause Young (Allocation Failure)
[240.383s][info][gc,heap        ] GC(923) PSYoungGen: 56512K(57344K)->640K(57344K) Eden: 55808K(55808K)->0K(55808K) From: 704K(1536K)->640K(1536K)
[240.383s][info][gc,heap        ] GC(923) ParOldGen: 6988K(699392K)->6988K(699392K)
[240.383s][info][gc,metaspace   ] GC(923) Metaspace: 9949K(10304K)->9949K(10304K) NonClass: 8646K(8896K)->8646K(8896K) Class: 1302K(1408K)->1302K(1408K)
[240.383s][info][gc             ] GC(923) Pause Young (Allocation Failure) 62M->7M(739M) 0.791ms
[240.383s][info][gc,cpu         ] GC(923) User=0.00s Sys=0.00s Real=0.00s
[240.618s][info][gc,start       ] GC(924) Pause Young (Allocation Failure)
[240.618s][info][gc,heap        ] GC(924) PSYoungGen: 56448K(57344K)->736K(57344K) Eden: 55808K(55808K)->0K(55808K) From: 640K(1536K)->736K(1536K)
[240.618s][info][gc,heap        ] GC(924) ParOldGen: 6988K(699392K)->6988K(699392K)
[240.618s][info][gc,metaspace   ] GC(924) Metaspace: 9949K(10304K)->9949K(10304K) NonClass: 8646K(8896K)->8646K(8896K) Class: 1302K(1408K)->1302K(1408K)
[240.619s][info][gc             ] GC(924) Pause Young (Allocation Failure) 61M->7M(739M) 0.818ms
[240.619s][info][gc,cpu         ] GC(924) User=0.00s Sys=0.00s Real=0.00s
[240.848s][info][gc,start       ] GC(925) Pause Young (Allocation Failure)
[240.849s][info][gc,heap        ] GC(925) PSYoungGen: 56543K(57344K)->928K(57344K) Eden: 55807K(55808K)->0K(55808K) From: 736K(1536K)->928K(1536K)
[240.849s][info][gc,heap        ] GC(925) ParOldGen: 6988K(699392K)->6988K(699392K)
[240.849s][info][gc,metaspace   ] GC(925) Metaspace: 9949K(10304K)->9949K(10304K) NonClass: 8646K(8896K)->8646K(8896K) Class: 1302K(1408K)->1302K(1408K)
[240.849s][info][gc             ] GC(925) Pause Young (Allocation Failure) 62M->7M(739M) 0.869ms
[240.849s][info][gc,cpu         ] GC(925) User=0.00s Sys=0.00s Real=0.00s
[241.082s][info][gc,start       ] GC(926) Pause Young (Allocation Failure)
[241.083s][info][gc,heap        ] GC(926) PSYoungGen: 56736K(57344K)->768K(57344K) Eden: 55808K(55808K)->0K(55808K) From: 928K(1536K)->768K(1536K)
[241.083s][info][gc,heap        ] GC(926) ParOldGen: 6988K(699392K)->7228K(699392K)
[241.083s][info][gc,metaspace   ] GC(926) Metaspace: 9949K(10304K)->9949K(10304K) NonClass: 8646K(8896K)->8646K(8896K) Class: 1302K(1408K)->1302K(1408K)
[241.083s][info][gc             ] GC(926) Pause Young (Allocation Failure) 62M->7M(739M) 1.031ms
[241.083s][info][gc,cpu         ] GC(926) User=0.00s Sys=0.00s Real=0.00s
[241.306s][info][gc,start       ] GC(927) Pause Young (Allocation Failure)
[241.317s][info][gc,heap        ] GC(927) PSYoungGen: 56576K(57344K)->640K(57344K) Eden: 55808K(55808K)->0K(55808K) From: 768K(1536K)->640K(1536K)
[241.317s][info][gc,heap        ] GC(927) ParOldGen: 7228K(699392K)->7228K(699392K)
[241.317s][info][gc,metaspace   ] GC(927) Metaspace: 9949K(10304K)->9949K(10304K) NonClass: 8646K(8896K)->8646K(8896K) Class: 1302K(1408K)->1302K(1408K)
[241.317s][info][gc             ] GC(927) Pause Young (Allocation Failure) 62M->7M(739M) 11.310ms
[241.317s][info][gc,cpu         ] GC(927) User=0.00s Sys=0.00s Real=0.02s
[241.542s][info][gc,start       ] GC(928) Pause Young (Allocation Failure)
[241.543s][info][gc,heap        ] GC(928) PSYoungGen: 56448K(57344K)->672K(57344K) Eden: 55808K(55808K)->0K(55808K) From: 640K(1536K)->672K(1536K)
[241.543s][info][gc,heap        ] GC(928) ParOldGen: 7228K(699392K)->7228K(699392K)
[241.543s][info][gc,metaspace   ] GC(928) Metaspace: 9949K(10304K)->9949K(10304K) NonClass: 8646K(8896K)->8646K(8896K) Class: 1302K(1408K)->1302K(1408K)
[241.543s][info][gc             ] GC(928) Pause Young (Allocation Failure) 62M->7M(739M) 0.833ms
[241.543s][info][gc,cpu         ] GC(928) User=0.00s Sys=0.00s Real=0.00s
[241.769s][info][gc,start       ] GC(929) Pause Young (Allocation Failure)
[241.770s][info][gc,heap        ] GC(929) PSYoungGen: 56480K(57344K)->576K(57344K) Eden: 55808K(55808K)->0K(55808K) From: 672K(1536K)->576K(1536K)
[241.770s][info][gc,heap        ] GC(929) ParOldGen: 7228K(699392K)->7228K(699392K)
[241.770s][info][gc,metaspace   ] GC(929) Metaspace: 9949K(10304K)->9949K(10304K) NonClass: 8646K(8896K)->8646K(8896K) Class: 1302K(1408K)->1302K(1408K)
[241.770s][info][gc             ] GC(929) Pause Young (Allocation Failure) 62M->7M(739M) 0.807ms
[241.770s][info][gc,cpu         ] GC(929) User=0.00s Sys=0.00s Real=0.00s
[241.999s][info][gc,start       ] GC(930) Pause Young (Allocation Failure)
[241.999s][info][gc,heap        ] GC(930) PSYoungGen: 56384K(57344K)->736K(57344K) Eden: 55808K(55808K)->0K(55808K) From: 576K(1536K)->736K(1536K)
[241.999s][info][gc,heap        ] GC(930) ParOldGen: 7228K(699392K)->7228K(699392K)
[241.999s][info][gc,metaspace   ] GC(930) Metaspace: 9949K(10304K)->9949K(10304K) NonClass: 8646K(8896K)->8646K(8896K) Class: 1302K(1408K)->1302K(1408K)
[241.999s][info][gc             ] GC(930) Pause Young (Allocation Failure) 62M->7M(739M) 0.841ms
[242.000s][info][gc,cpu         ] GC(930) User=0.00s Sys=0.00s Real=0.00s
[242.232s][info][gc,start       ] GC(931) Pause Young (Allocation Failure)
[242.233s][info][gc,heap        ] GC(931) PSYoungGen: 56544K(57344K)->1024K(57344K) Eden: 55808K(55808K)->0K(55808K) From: 736K(1536K)->1024K(1536K)
[242.233s][info][gc,heap        ] GC(931) ParOldGen: 7228K(699392K)->7228K(699392K)
[242.233s][info][gc,metaspace   ] GC(931) Metaspace: 9949K(10304K)->9949K(10304K) NonClass: 8646K(8896K)->8646K(8896K) Class: 1302K(1408K)->1302K(1408K)
[242.233s][info][gc             ] GC(931) Pause Young (Allocation Failure) 62M->8M(739M) 0.931ms
[242.233s][info][gc,cpu         ] GC(931) User=0.00s Sys=0.00s Real=0.00s
[242.468s][info][gc,start       ] GC(932) Pause Young (Allocation Failure)
[242.469s][info][gc,heap        ] GC(932) PSYoungGen: 56832K(57344K)->960K(57344K) Eden: 55808K(55808K)->0K(55808K) From: 1024K(1536K)->960K(1536K)
[242.469s][info][gc,heap        ] GC(932) ParOldGen: 7228K(699392K)->7500K(699392K)
[242.469s][info][gc,metaspace   ] GC(932) Metaspace: 9949K(10304K)->9949K(10304K) NonClass: 8646K(8896K)->8646K(8896K) Class: 1302K(1408K)->1302K(1408K)
[242.469s][info][gc             ] GC(932) Pause Young (Allocation Failure) 62M->8M(739M) 0.974ms
[242.469s][info][gc,cpu         ] GC(932) User=0.00s Sys=0.00s Real=0.00s
[242.701s][info][gc,start       ] GC(933) Pause Young (Allocation Failure)
[242.702s][info][gc,heap        ] GC(933) PSYoungGen: 56768K(57344K)->768K(57344K) Eden: 55808K(55808K)->0K(55808K) From: 960K(1536K)->768K(1536K)
[242.702s][info][gc,heap        ] GC(933) ParOldGen: 7500K(699392K)->7788K(699392K)
[242.702s][info][gc,metaspace   ] GC(933) Metaspace: 9949K(10304K)->9949K(10304K) NonClass: 8646K(8896K)->8646K(8896K) Class: 1302K(1408K)->1302K(1408K)
[242.702s][info][gc             ] GC(933) Pause Young (Allocation Failure) 62M->8M(739M) 0.967ms
[242.702s][info][gc,cpu         ] GC(933) User=0.00s Sys=0.00s Real=0.00s
[242.930s][info][gc,start       ] GC(934) Pause Young (Allocation Failure)
[242.931s][info][gc,heap        ] GC(934) PSYoungGen: 56576K(57344K)->640K(57344K) Eden: 55808K(55808K)->0K(55808K) From: 768K(1536K)->640K(1536K)
[242.931s][info][gc,heap        ] GC(934) ParOldGen: 7788K(699392K)->7788K(699392K)
[242.931s][info][gc,metaspace   ] GC(934) Metaspace: 9949K(10304K)->9949K(10304K) NonClass: 8646K(8896K)->8646K(8896K) Class: 1302K(1408K)->1302K(1408K)
[242.931s][info][gc             ] GC(934) Pause Young (Allocation Failure) 62M->8M(739M) 0.836ms
[242.931s][info][gc,cpu         ] GC(934) User=0.00s Sys=0.00s Real=0.00s
[243.155s][info][gc,start       ] GC(935) Pause Young (Allocation Failure)
[243.156s][info][gc,heap        ] GC(935) PSYoungGen: 56448K(57344K)->896K(57344K) Eden: 55808K(55808K)->0K(55808K) From: 640K(1536K)->896K(1536K)
[243.156s][info][gc,heap        ] GC(935) ParOldGen: 7788K(699392K)->7788K(699392K)
[243.156s][info][gc,metaspace   ] GC(935) Metaspace: 9949K(10304K)->9949K(10304K) NonClass: 8646K(8896K)->8646K(8896K) Class: 1302K(1408K)->1302K(1408K)
[243.156s][info][gc             ] GC(935) Pause Young (Allocation Failure) 62M->8M(739M) 0.872ms
[243.156s][info][gc,cpu         ] GC(935) User=0.00s Sys=0.00s Real=0.00s
[243.381s][info][gc,start       ] GC(936) Pause Young (Allocation Failure)
[243.381s][info][gc,heap        ] GC(936) PSYoungGen: 56704K(57344K)->736K(57344K) Eden: 55808K(55808K)->0K(55808K) From: 896K(1536K)->736K(1536K)
[243.381s][info][gc,heap        ] GC(936) ParOldGen: 7788K(699392K)->8060K(699392K)
[243.382s][info][gc,metaspace   ] GC(936) Metaspace: 9949K(10304K)->9949K(10304K) NonClass: 8646K(8896K)->8646K(8896K) Class: 1302K(1408K)->1302K(1408K)
[243.382s][info][gc             ] GC(936) Pause Young (Allocation Failure) 62M->8M(739M) 0.940ms
[243.382s][info][gc,cpu         ] GC(936) User=0.00s Sys=0.00s Real=0.00s
[243.602s][info][gc,start       ] GC(937) Pause Young (Allocation Failure)
[243.603s][info][gc,heap        ] GC(937) PSYoungGen: 56544K(57344K)->640K(57344K) Eden: 55808K(55808K)->0K(55808K) From: 736K(1536K)->640K(1536K)
[243.603s][info][gc,heap        ] GC(937) ParOldGen: 8060K(699392K)->8060K(699392K)
[243.603s][info][gc,metaspace   ] GC(937) Metaspace: 9949K(10304K)->9949K(10304K) NonClass: 8646K(8896K)->8646K(8896K) Class: 1302K(1408K)->1302K(1408K)
[243.603s][info][gc             ] GC(937) Pause Young (Allocation Failure) 63M->8M(739M) 0.871ms
[243.603s][info][gc,cpu         ] GC(937) User=0.00s Sys=0.00s Real=0.00s
[243.836s][info][gc,start       ] GC(938) Pause Young (Allocation Failure)
[243.836s][info][gc,heap        ] GC(938) PSYoungGen: 56448K(57344K)->608K(57344K) Eden: 55808K(55808K)->0K(55808K) From: 640K(1536K)->608K(1536K)
[243.836s][info][gc,heap        ] GC(938) ParOldGen: 8060K(699392K)->8060K(699392K)
[243.836s][info][gc,metaspace   ] GC(938) Metaspace: 9949K(10304K)->9949K(10304K) NonClass: 8646K(8896K)->8646K(8896K) Class: 1302K(1408K)->1302K(1408K)
[243.836s][info][gc             ] GC(938) Pause Young (Allocation Failure) 62M->8M(739M) 0.803ms
[243.836s][info][gc,cpu         ] GC(938) User=0.00s Sys=0.00s Real=0.00s
[244.055s][info][gc,start       ] GC(939) Pause Young (Allocation Failure)
[244.059s][info][gc,heap        ] GC(939) PSYoungGen: 56416K(57344K)->576K(57344K) Eden: 55808K(55808K)->0K(55808K) From: 608K(1536K)->576K(1536K)
[244.059s][info][gc,heap        ] GC(939) ParOldGen: 8060K(699392K)->8060K(699392K)
[244.059s][info][gc,metaspace   ] GC(939) Metaspace: 9949K(10304K)->9949K(10304K) NonClass: 8646K(8896K)->8646K(8896K) Class: 1302K(1408K)->1302K(1408K)
[244.060s][info][gc             ] GC(939) Pause Young (Allocation Failure) 62M->8M(739M) 4.937ms
[244.060s][info][gc,cpu         ] GC(939) User=0.27s Sys=0.00s Real=0.02s
[244.133s][info][gc,start       ] GC(940) Pause Young (System.gc())
[244.133s][info][gc,heap        ] GC(940) PSYoungGen: 17552K(57344K)->576K(57344K) Eden: 16976K(55808K)->0K(55808K) From: 576K(1536K)->576K(1536K)
[244.134s][info][gc,heap        ] GC(940) ParOldGen: 8060K(699392K)->8164K(699392K)
[244.134s][info][gc,metaspace   ] GC(940) Metaspace: 9949K(10304K)->9949K(10304K) NonClass: 8646K(8896K)->8646K(8896K) Class: 1302K(1408K)->1302K(1408K)
[244.134s][info][gc             ] GC(940) Pause Young (System.gc()) 25M->8M(739M) 0.758ms
[244.134s][info][gc,cpu         ] GC(940) User=0.00s Sys=0.00s Real=0.00s
[244.134s][info][gc,start       ] GC(941) Pause Full (System.gc())
[244.134s][info][gc,phases,start] GC(941) Marking Phase
[244.147s][info][gc,phases      ] GC(941) Marking Phase 12.751ms
[244.147s][info][gc,phases,start] GC(941) Summary Phase
[244.147s][info][gc,phases      ] GC(941) Summary Phase 0.041ms
[244.147s][info][gc,phases,start] GC(941) Adjust Roots
[244.151s][info][gc,phases      ] GC(941) Adjust Roots 4.309ms
[244.151s][info][gc,phases,start] GC(941) Compaction Phase
[244.155s][info][gc,phases      ] GC(941) Compaction Phase 3.632ms
[244.155s][info][gc,phases,start] GC(941) Post Compact
[244.155s][info][gc,phases      ] GC(941) Post Compact 0.460ms
[244.155s][info][gc,heap        ] GC(941) PSYoungGen: 576K(57344K)->0K(57344K) Eden: 0K(55808K)->0K(55808K) From: 576K(1536K)->0K(1536K)
[244.155s][info][gc,heap        ] GC(941) ParOldGen: 8164K(699392K)->4076K(699392K)
[244.155s][info][gc,metaspace   ] GC(941) Metaspace: 9949K(10304K)->9949K(10304K) NonClass: 8646K(8896K)->8646K(8896K) Class: 1302K(1408K)->1302K(1408K)
[244.155s][info][gc             ] GC(941) Pause Full (System.gc()) 8M->3M(739M) 21.536ms
[244.155s][info][gc,cpu         ] GC(941) User=0.34s Sys=0.00s Real=0.03s
[244.383s][info][gc,start       ] GC(942) Pause Young (Allocation Failure)
[244.384s][info][gc,heap        ] GC(942) PSYoungGen: 55808K(57344K)->1536K(57344K) Eden: 55808K(55808K)->0K(55808K) From: 0K(1536K)->1536K(1536K)
[244.384s][info][gc,heap        ] GC(942) ParOldGen: 4076K(699392K)->4076K(699392K)
[244.384s][info][gc,metaspace   ] GC(942) Metaspace: 9949K(10304K)->9949K(10304K) NonClass: 8647K(8896K)->8647K(8896K) Class: 1302K(1408K)->1302K(1408K)
[244.384s][info][gc             ] GC(942) Pause Young (Allocation Failure) 58M->5M(739M) 1.172ms
[244.384s][info][gc,cpu         ] GC(942) User=0.00s Sys=0.00s Real=0.00s
[244.611s][info][gc,start       ] GC(943) Pause Young (Allocation Failure)
[244.612s][info][gc,heap        ] GC(943) PSYoungGen: 57344K(57344K)->1088K(57344K) Eden: 55808K(55808K)->0K(55808K) From: 1536K(1536K)->1088K(1536K)
[244.612s][info][gc,heap        ] GC(943) ParOldGen: 4076K(699392K)->4556K(699392K)
[244.612s][info][gc,metaspace   ] GC(943) Metaspace: 9949K(10304K)->9949K(10304K) NonClass: 8647K(8896K)->8647K(8896K) Class: 1302K(1408K)->1302K(1408K)
[244.612s][info][gc             ] GC(943) Pause Young (Allocation Failure) 59M->5M(739M) 1.162ms
[244.612s][info][gc,cpu         ] GC(943) User=0.00s Sys=0.00s Real=0.00s
[244.847s][info][gc,start       ] GC(944) Pause Young (Allocation Failure)
[244.848s][info][gc,heap        ] GC(944) PSYoungGen: 56896K(57344K)->800K(57344K) Eden: 55808K(55808K)->0K(55808K) From: 1088K(1536K)->800K(1536K)
[244.848s][info][gc,heap        ] GC(944) ParOldGen: 4556K(699392K)->4972K(699392K)
[244.848s][info][gc,metaspace   ] GC(944) Metaspace: 9949K(10304K)->9949K(10304K) NonClass: 8647K(8896K)->8647K(8896K) Class: 1302K(1408K)->1302K(1408K)
[244.848s][info][gc             ] GC(944) Pause Young (Allocation Failure) 60M->5M(739M) 1.012ms
[244.848s][info][gc,cpu         ] GC(944) User=0.00s Sys=0.00s Real=0.00s
[245.069s][info][gc,start       ] GC(945) Pause Young (Allocation Failure)
[245.070s][info][gc,heap        ] GC(945) PSYoungGen: 56608K(57344K)->992K(57344K) Eden: 55808K(55808K)->0K(55808K) From: 800K(1536K)->992K(1536K)
[245.070s][info][gc,heap        ] GC(945) ParOldGen: 4972K(699392K)->5236K(699392K)
[245.070s][info][gc,metaspace   ] GC(945) Metaspace: 9949K(10304K)->9949K(10304K) NonClass: 8647K(8896K)->8647K(8896K) Class: 1302K(1408K)->1302K(1408K)
[245.070s][info][gc             ] GC(945) Pause Young (Allocation Failure) 60M->6M(739M) 0.955ms
[245.070s][info][gc,cpu         ] GC(945) User=0.00s Sys=0.00s Real=0.00s
[245.294s][info][gc,start       ] GC(946) Pause Young (Allocation Failure)
[245.295s][info][gc,heap        ] GC(946) PSYoungGen: 56800K(57344K)->864K(57344K) Eden: 55808K(55808K)->0K(55808K) From: 992K(1536K)->864K(1536K)
[245.295s][info][gc,heap        ] GC(946) ParOldGen: 5236K(699392K)->5276K(699392K)
[245.295s][info][gc,metaspace   ] GC(946) Metaspace: 9949K(10304K)->9949K(10304K) NonClass: 8647K(8896K)->8647K(8896K) Class: 1302K(1408K)->1302K(1408K)
[245.295s][info][gc             ] GC(946) Pause Young (Allocation Failure) 60M->5M(739M) 0.887ms
[245.295s][info][gc,cpu         ] GC(946) User=0.00s Sys=0.00s Real=0.00s
[245.511s][info][gc,start       ] GC(947) Pause Young (Allocation Failure)
[245.512s][info][gc,heap        ] GC(947) PSYoungGen: 56672K(57344K)->800K(57344K) Eden: 55808K(55808K)->0K(55808K) From: 864K(1536K)->800K(1536K)
[245.512s][info][gc,heap        ] GC(947) ParOldGen: 5276K(699392K)->5532K(699392K)
[245.512s][info][gc,metaspace   ] GC(947) Metaspace: 9949K(10304K)->9949K(10304K) NonClass: 8647K(8896K)->8647K(8896K) Class: 1302K(1408K)->1302K(1408K)
[245.512s][info][gc             ] GC(947) Pause Young (Allocation Failure) 60M->6M(739M) 0.911ms
[245.512s][info][gc,cpu         ] GC(947) User=0.02s Sys=0.00s Real=0.02s
[245.749s][info][gc,start       ] GC(948) Pause Young (Allocation Failure)
[245.750s][info][gc,heap        ] GC(948) PSYoungGen: 56608K(57344K)->672K(57344K) Eden: 55808K(55808K)->0K(55808K) From: 800K(1536K)->672K(1536K)
[245.750s][info][gc,heap        ] GC(948) ParOldGen: 5532K(699392K)->5532K(699392K)
[245.750s][info][gc,metaspace   ] GC(948) Metaspace: 9949K(10304K)->9949K(10304K) NonClass: 8647K(8896K)->8647K(8896K) Class: 1302K(1408K)->1302K(1408K)
[245.750s][info][gc             ] GC(948) Pause Young (Allocation Failure) 60M->6M(739M) 0.813ms
[245.750s][info][gc,cpu         ] GC(948) User=0.00s Sys=0.00s Real=0.00s
[245.978s][info][gc,start       ] GC(949) Pause Young (Allocation Failure)
[245.979s][info][gc,heap        ] GC(949) PSYoungGen: 56480K(57344K)->896K(57344K) Eden: 55808K(55808K)->0K(55808K) From: 672K(1536K)->896K(1536K)
[245.979s][info][gc,heap        ] GC(949) ParOldGen: 5532K(699392K)->5532K(699392K)
[245.979s][info][gc,metaspace   ] GC(949) Metaspace: 9949K(10304K)->9949K(10304K) NonClass: 8647K(8896K)->8647K(8896K) Class: 1302K(1408K)->1302K(1408K)
[245.979s][info][gc             ] GC(949) Pause Young (Allocation Failure) 60M->6M(739M) 0.874ms
[245.979s][info][gc,cpu         ] GC(949) User=0.00s Sys=0.00s Real=0.00s
[246.210s][info][gc,start       ] GC(950) Pause Young (Allocation Failure)
[246.211s][info][gc,heap        ] GC(950) PSYoungGen: 56704K(57344K)->608K(57344K) Eden: 55808K(55808K)->0K(55808K) From: 896K(1536K)->608K(1536K)
[246.211s][info][gc,heap        ] GC(950) ParOldGen: 5532K(699392K)->5764K(699392K)
[246.211s][info][gc,metaspace   ] GC(950) Metaspace: 9949K(10304K)->9949K(10304K) NonClass: 8647K(8896K)->8647K(8896K) Class: 1302K(1408K)->1302K(1408K)
[246.211s][info][gc             ] GC(950) Pause Young (Allocation Failure) 60M->6M(739M) 0.896ms
[246.211s][info][gc,cpu         ] GC(950) User=0.00s Sys=0.00s Real=0.00s
[246.442s][info][gc,start       ] GC(951) Pause Young (Allocation Failure)
[246.442s][info][gc,heap        ] GC(951) PSYoungGen: 56416K(57344K)->640K(57344K) Eden: 55808K(55808K)->0K(55808K) From: 608K(1536K)->640K(1536K)
[246.442s][info][gc,heap        ] GC(951) ParOldGen: 5764K(699392K)->5764K(699392K)
[246.442s][info][gc,metaspace   ] GC(951) Metaspace: 9949K(10304K)->9949K(10304K) NonClass: 8647K(8896K)->8647K(8896K) Class: 1302K(1408K)->1302K(1408K)
[246.442s][info][gc             ] GC(951) Pause Young (Allocation Failure) 60M->6M(739M) 0.808ms
[246.442s][info][gc,cpu         ] GC(951) User=0.00s Sys=0.00s Real=0.00s
[246.674s][info][gc,start       ] GC(952) Pause Young (Allocation Failure)
[246.675s][info][gc,heap        ] GC(952) PSYoungGen: 56448K(57344K)->608K(57344K) Eden: 55808K(55808K)->0K(55808K) From: 640K(1536K)->608K(1536K)
[246.675s][info][gc,heap        ] GC(952) ParOldGen: 5764K(699392K)->5764K(699392K)
[246.675s][info][gc,metaspace   ] GC(952) Metaspace: 9949K(10304K)->9949K(10304K) NonClass: 8647K(8896K)->8647K(8896K) Class: 1302K(1408K)->1302K(1408K)
[246.675s][info][gc             ] GC(952) Pause Young (Allocation Failure) 60M->6M(739M) 0.817ms
[246.675s][info][gc,cpu         ] GC(952) User=0.00s Sys=0.00s Real=0.00s
[246.909s][info][gc,start       ] GC(953) Pause Young (Allocation Failure)
[246.910s][info][gc,heap        ] GC(953) PSYoungGen: 56416K(57344K)->672K(57344K) Eden: 55808K(55808K)->0K(55808K) From: 608K(1536K)->672K(1536K)
[246.910s][info][gc,heap        ] GC(953) ParOldGen: 5764K(699392K)->5764K(699392K)
[246.910s][info][gc,metaspace   ] GC(953) Metaspace: 9949K(10304K)->9949K(10304K) NonClass: 8647K(8896K)->8647K(8896K) Class: 1302K(1408K)->1302K(1408K)
[246.910s][info][gc             ] GC(953) Pause Young (Allocation Failure) 60M->6M(739M) 0.846ms
[246.910s][info][gc,cpu         ] GC(953) User=0.00s Sys=0.00s Real=0.00s
[247.137s][info][gc,start       ] GC(954) Pause Young (Allocation Failure)
[247.138s][info][gc,heap        ] GC(954) PSYoungGen: 56480K(57344K)->608K(57344K) Eden: 55808K(55808K)->0K(55808K) From: 672K(1536K)->608K(1536K)
[247.138s][info][gc,heap        ] GC(954) ParOldGen: 5764K(699392K)->5764K(699392K)
[247.138s][info][gc,metaspace   ] GC(954) Metaspace: 9949K(10304K)->9949K(10304K) NonClass: 8647K(8896K)->8647K(8896K) Class: 1302K(1408K)->1302K(1408K)
[247.138s][info][gc             ] GC(954) Pause Young (Allocation Failure) 60M->6M(739M) 0.801ms
[247.138s][info][gc,cpu         ] GC(954) User=0.00s Sys=0.00s Real=0.00s
[247.357s][info][gc,start       ] GC(955) Pause Young (Allocation Failure)
[247.358s][info][gc,heap        ] GC(955) PSYoungGen: 56416K(57344K)->608K(57344K) Eden: 55808K(55808K)->0K(55808K) From: 608K(1536K)->608K(1536K)
[247.358s][info][gc,heap        ] GC(955) ParOldGen: 5764K(699392K)->5764K(699392K)
[247.358s][info][gc,metaspace   ] GC(955) Metaspace: 9949K(10304K)->9949K(10304K) NonClass: 8647K(8896K)->8647K(8896K) Class: 1302K(1408K)->1302K(1408K)
[247.358s][info][gc             ] GC(955) Pause Young (Allocation Failure) 60M->6M(739M) 0.774ms
[247.358s][info][gc,cpu         ] GC(955) User=0.00s Sys=0.00s Real=0.00s
[247.584s][info][gc,start       ] GC(956) Pause Young (Allocation Failure)
[247.584s][info][gc,heap        ] GC(956) PSYoungGen: 56416K(57344K)->1024K(57344K) Eden: 55808K(55808K)->0K(55808K) From: 608K(1536K)->1024K(1536K)
[247.585s][info][gc,heap        ] GC(956) ParOldGen: 5764K(699392K)->5764K(699392K)
[247.585s][info][gc,metaspace   ] GC(956) Metaspace: 9949K(10304K)->9949K(10304K) NonClass: 8647K(8896K)->8647K(8896K) Class: 1302K(1408K)->1302K(1408K)
[247.585s][info][gc             ] GC(956) Pause Young (Allocation Failure) 60M->6M(739M) 0.915ms
[247.585s][info][gc,cpu         ] GC(956) User=0.00s Sys=0.00s Real=0.00s
[247.808s][info][gc,start       ] GC(957) Pause Young (Allocation Failure)
[247.809s][info][gc,heap        ] GC(957) PSYoungGen: 56832K(57344K)->704K(57344K) Eden: 55808K(55808K)->0K(55808K) From: 1024K(1536K)->704K(1536K)
[247.809s][info][gc,heap        ] GC(957) ParOldGen: 5764K(699392K)->6004K(699392K)
[247.809s][info][gc,metaspace   ] GC(957) Metaspace: 9949K(10304K)->9949K(10304K) NonClass: 8647K(8896K)->8647K(8896K) Class: 1302K(1408K)->1302K(1408K)
[247.809s][info][gc             ] GC(957) Pause Young (Allocation Failure) 61M->6M(739M) 0.899ms
[247.809s][info][gc,cpu         ] GC(957) User=0.00s Sys=0.00s Real=0.00s
[248.034s][info][gc,start       ] GC(958) Pause Young (Allocation Failure)
[248.034s][info][gc,heap        ] GC(958) PSYoungGen: 56512K(57344K)->672K(57344K) Eden: 55808K(55808K)->0K(55808K) From: 704K(1536K)->672K(1536K)
[248.034s][info][gc,heap        ] GC(958) ParOldGen: 6004K(699392K)->6004K(699392K)
[248.034s][info][gc,metaspace   ] GC(958) Metaspace: 9949K(10304K)->9949K(10304K) NonClass: 8647K(8896K)->8647K(8896K) Class: 1302K(1408K)->1302K(1408K)
[248.034s][info][gc             ] GC(958) Pause Young (Allocation Failure) 61M->6M(739M) 0.893ms
[248.034s][info][gc,cpu         ] GC(958) User=0.00s Sys=0.00s Real=0.00s
[248.258s][info][gc,start       ] GC(959) Pause Young (Allocation Failure)
[248.259s][info][gc,heap        ] GC(959) PSYoungGen: 56480K(57344K)->640K(57344K) Eden: 55808K(55808K)->0K(55808K) From: 672K(1536K)->640K(1536K)
[248.259s][info][gc,heap        ] GC(959) ParOldGen: 6004K(699392K)->6004K(699392K)
[248.259s][info][gc,metaspace   ] GC(959) Metaspace: 9949K(10304K)->9949K(10304K) NonClass: 8647K(8896K)->8647K(8896K) Class: 1302K(1408K)->1302K(1408K)
[248.259s][info][gc             ] GC(959) Pause Young (Allocation Failure) 61M->6M(739M) 0.810ms
[248.259s][info][gc,cpu         ] GC(959) User=0.00s Sys=0.00s Real=0.00s
[248.482s][info][gc,start       ] GC(960) Pause Young (Allocation Failure)
[248.483s][info][gc,heap        ] GC(960) PSYoungGen: 56448K(57344K)->992K(57344K) Eden: 55808K(55808K)->0K(55808K) From: 640K(1536K)->992K(1536K)
[248.483s][info][gc,heap        ] GC(960) ParOldGen: 6004K(699392K)->6020K(699392K)
[248.483s][info][gc,metaspace   ] GC(960) Metaspace: 9949K(10304K)->9949K(10304K) NonClass: 8647K(8896K)->8647K(8896K) Class: 1302K(1408K)->1302K(1408K)
[248.483s][info][gc             ] GC(960) Pause Young (Allocation Failure) 60M->6M(739M) 0.916ms
[248.483s][info][gc,cpu         ] GC(960) User=0.00s Sys=0.00s Real=0.00s
[248.708s][info][gc,start       ] GC(961) Pause Young (Allocation Failure)
[248.709s][info][gc,heap        ] GC(961) PSYoungGen: 56800K(57344K)->704K(57344K) Eden: 55808K(55808K)->0K(55808K) From: 992K(1536K)->704K(1536K)
[248.709s][info][gc,heap        ] GC(961) ParOldGen: 6020K(699392K)->6292K(699392K)
[248.709s][info][gc,metaspace   ] GC(961) Metaspace: 9949K(10304K)->9949K(10304K) NonClass: 8647K(8896K)->8647K(8896K) Class: 1302K(1408K)->1302K(1408K)
[248.709s][info][gc             ] GC(961) Pause Young (Allocation Failure) 61M->6M(739M) 0.921ms
[248.709s][info][gc,cpu         ] GC(961) User=0.00s Sys=0.00s Real=0.00s
[248.938s][info][gc,start       ] GC(962) Pause Young (Allocation Failure)
[248.939s][info][gc,heap        ] GC(962) PSYoungGen: 56512K(57344K)->576K(57344K) Eden: 55808K(55808K)->0K(55808K) From: 704K(1536K)->576K(1536K)
[248.939s][info][gc,heap        ] GC(962) ParOldGen: 6292K(699392K)->6292K(699392K)
[248.939s][info][gc,metaspace   ] GC(962) Metaspace: 9949K(10304K)->9949K(10304K) NonClass: 8647K(8896K)->8647K(8896K) Class: 1302K(1408K)->1302K(1408K)
[248.939s][info][gc             ] GC(962) Pause Young (Allocation Failure) 61M->6M(739M) 0.817ms
[248.939s][info][gc,cpu         ] GC(962) User=0.00s Sys=0.00s Real=0.00s
[249.160s][info][gc,start       ] GC(963) Pause Young (Allocation Failure)
[249.161s][info][gc,heap        ] GC(963) PSYoungGen: 56384K(57344K)->768K(57344K) Eden: 55808K(55808K)->0K(55808K) From: 576K(1536K)->768K(1536K)
[249.161s][info][gc,heap        ] GC(963) ParOldGen: 6292K(699392K)->6292K(699392K)
[249.161s][info][gc,metaspace   ] GC(963) Metaspace: 9949K(10304K)->9949K(10304K) NonClass: 8647K(8896K)->8647K(8896K) Class: 1302K(1408K)->1302K(1408K)
[249.161s][info][gc             ] GC(963) Pause Young (Allocation Failure) 61M->6M(739M) 0.896ms
[249.161s][info][gc,cpu         ] GC(963) User=0.00s Sys=0.00s Real=0.00s
[249.385s][info][gc,start       ] GC(964) Pause Young (Allocation Failure)
[249.385s][info][gc,heap        ] GC(964) PSYoungGen: 56576K(57344K)->800K(57344K) Eden: 55808K(55808K)->0K(55808K) From: 768K(1536K)->800K(1536K)
[249.386s][info][gc,heap        ] GC(964) ParOldGen: 6292K(699392K)->6292K(699392K)
[249.386s][info][gc,metaspace   ] GC(964) Metaspace: 9949K(10304K)->9949K(10304K) NonClass: 8647K(8896K)->8647K(8896K) Class: 1302K(1408K)->1302K(1408K)
[249.386s][info][gc             ] GC(964) Pause Young (Allocation Failure) 61M->6M(739M) 0.869ms
[249.386s][info][gc,cpu         ] GC(964) User=0.00s Sys=0.00s Real=0.00s
[249.618s][info][gc,start       ] GC(965) Pause Young (Allocation Failure)
[249.619s][info][gc,heap        ] GC(965) PSYoungGen: 56608K(57344K)->672K(57344K) Eden: 55808K(55808K)->0K(55808K) From: 800K(1536K)->672K(1536K)
[249.619s][info][gc,heap        ] GC(965) ParOldGen: 6292K(699392K)->6292K(699392K)
[249.619s][info][gc,metaspace   ] GC(965) Metaspace: 9949K(10304K)->9949K(10304K) NonClass: 8647K(8896K)->8647K(8896K) Class: 1302K(1408K)->1302K(1408K)
[249.619s][info][gc             ] GC(965) Pause Young (Allocation Failure) 61M->6M(739M) 0.805ms
[249.619s][info][gc,cpu         ] GC(965) User=0.00s Sys=0.00s Real=0.00s
[249.843s][info][gc,start       ] GC(966) Pause Young (Allocation Failure)
[249.844s][info][gc,heap        ] GC(966) PSYoungGen: 56480K(57344K)->672K(57344K) Eden: 55808K(55808K)->0K(55808K) From: 672K(1536K)->672K(1536K)
[249.844s][info][gc,heap        ] GC(966) ParOldGen: 6292K(699392K)->6292K(699392K)
[249.844s][info][gc,metaspace   ] GC(966) Metaspace: 9949K(10304K)->9949K(10304K) NonClass: 8647K(8896K)->8647K(8896K) Class: 1302K(1408K)->1302K(1408K)
[249.844s][info][gc             ] GC(966) Pause Young (Allocation Failure) 61M->6M(739M) 0.817ms
[249.844s][info][gc,cpu         ] GC(966) User=0.00s Sys=0.00s Real=0.00s
[250.074s][info][gc,start       ] GC(967) Pause Young (Allocation Failure)
[250.074s][info][gc,heap        ] GC(967) PSYoungGen: 56480K(57344K)->576K(57344K) Eden: 55808K(55808K)->0K(55808K) From: 672K(1536K)->576K(1536K)
[250.075s][info][gc,heap        ] GC(967) ParOldGen: 6292K(699392K)->6292K(699392K)
[250.075s][info][gc,metaspace   ] GC(967) Metaspace: 9949K(10304K)->9949K(10304K) NonClass: 8647K(8896K)->8647K(8896K) Class: 1302K(1408K)->1302K(1408K)
[250.075s][info][gc             ] GC(967) Pause Young (Allocation Failure) 61M->6M(739M) 0.900ms
[250.075s][info][gc,cpu         ] GC(967) User=0.00s Sys=0.00s Real=0.00s
[250.295s][info][gc,start       ] GC(968) Pause Young (Allocation Failure)
[250.296s][info][gc,heap        ] GC(968) PSYoungGen: 56384K(57344K)->832K(57344K) Eden: 55808K(55808K)->0K(55808K) From: 576K(1536K)->832K(1536K)
[250.296s][info][gc,heap        ] GC(968) ParOldGen: 6292K(699392K)->6292K(699392K)
[250.296s][info][gc,metaspace   ] GC(968) Metaspace: 9949K(10304K)->9949K(10304K) NonClass: 8647K(8896K)->8647K(8896K) Class: 1302K(1408K)->1302K(1408K)
[250.296s][info][gc             ] GC(968) Pause Young (Allocation Failure) 61M->6M(739M) 0.839ms
[250.296s][info][gc,cpu         ] GC(968) User=0.00s Sys=0.00s Real=0.00s
[250.525s][info][gc,start       ] GC(969) Pause Young (Allocation Failure)
[250.525s][info][gc,heap        ] GC(969) PSYoungGen: 56640K(57344K)->928K(57344K) Eden: 55808K(55808K)->0K(55808K) From: 832K(1536K)->928K(1536K)
[250.525s][info][gc,heap        ] GC(969) ParOldGen: 6292K(699392K)->6292K(699392K)
[250.525s][info][gc,metaspace   ] GC(969) Metaspace: 9949K(10304K)->9949K(10304K) NonClass: 8647K(8896K)->8647K(8896K) Class: 1302K(1408K)->1302K(1408K)
[250.525s][info][gc             ] GC(969) Pause Young (Allocation Failure) 61M->7M(739M) 0.937ms
[250.526s][info][gc,cpu         ] GC(969) User=0.00s Sys=0.00s Real=0.00s
[250.753s][info][gc,start       ] GC(970) Pause Young (Allocation Failure)
[250.754s][info][gc,heap        ] GC(970) PSYoungGen: 56736K(57344K)->704K(57344K) Eden: 55808K(55808K)->0K(55808K) From: 928K(1536K)->704K(1536K)
[250.754s][info][gc,heap        ] GC(970) ParOldGen: 6292K(699392K)->6580K(699392K)
[250.754s][info][gc,metaspace   ] GC(970) Metaspace: 9949K(10304K)->9949K(10304K) NonClass: 8647K(8896K)->8647K(8896K) Class: 1302K(1408K)->1302K(1408K)
[250.754s][info][gc             ] GC(970) Pause Young (Allocation Failure) 61M->7M(739M) 0.950ms
[250.754s][info][gc,cpu         ] GC(970) User=0.00s Sys=0.00s Real=0.00s
[250.871s][info][gc,start       ] GC(971) Pause Young (System.gc())
[250.872s][info][gc,heap        ] GC(971) PSYoungGen: 28412K(57344K)->544K(57344K) Eden: 27708K(55808K)->0K(55808K) From: 704K(1536K)->544K(1536K)
[250.872s][info][gc,heap        ] GC(971) ParOldGen: 6580K(699392K)->6580K(699392K)
[250.872s][info][gc,metaspace   ] GC(971) Metaspace: 9949K(10304K)->9949K(10304K) NonClass: 8647K(8896K)->8647K(8896K) Class: 1302K(1408K)->1302K(1408K)
[250.872s][info][gc             ] GC(971) Pause Young (System.gc()) 34M->6M(739M) 0.741ms
[250.872s][info][gc,cpu         ] GC(971) User=0.00s Sys=0.00s Real=0.00s
[250.872s][info][gc,start       ] GC(972) Pause Full (System.gc())
[250.872s][info][gc,phases,start] GC(972) Marking Phase
[250.884s][info][gc,phases      ] GC(972) Marking Phase 12.528ms
[250.885s][info][gc,phases,start] GC(972) Summary Phase
[250.885s][info][gc,phases      ] GC(972) Summary Phase 0.032ms
[250.885s][info][gc,phases,start] GC(972) Adjust Roots
[250.889s][info][gc,phases      ] GC(972) Adjust Roots 4.216ms
[250.889s][info][gc,phases,start] GC(972) Compaction Phase
[250.895s][info][gc,phases      ] GC(972) Compaction Phase 5.639ms
[250.895s][info][gc,phases,start] GC(972) Post Compact
[250.895s][info][gc,phases      ] GC(972) Post Compact 0.402ms
[250.895s][info][gc,heap        ] GC(972) PSYoungGen: 544K(57344K)->0K(57344K) Eden: 0K(55808K)->0K(55808K) From: 544K(1536K)->0K(1536K)
[250.895s][info][gc,heap        ] GC(972) ParOldGen: 6580K(699392K)->4076K(699392K)
[250.895s][info][gc,metaspace   ] GC(972) Metaspace: 9949K(10304K)->9949K(10304K) NonClass: 8647K(8896K)->8647K(8896K) Class: 1302K(1408K)->1302K(1408K)
[250.895s][info][gc             ] GC(972) Pause Full (System.gc()) 6M->3M(739M) 23.160ms
[250.895s][info][gc,cpu         ] GC(972) User=0.02s Sys=0.00s Real=0.02s
[251.118s][info][gc,start       ] GC(973) Pause Young (Allocation Failure)
[251.119s][info][gc,heap        ] GC(973) PSYoungGen: 55808K(57344K)->1536K(57344K) Eden: 55808K(55808K)->0K(55808K) From: 0K(1536K)->1536K(1536K)
[251.119s][info][gc,heap        ] GC(973) ParOldGen: 4076K(699392K)->4108K(699392K)
[251.119s][info][gc,metaspace   ] GC(973) Metaspace: 9949K(10304K)->9949K(10304K) NonClass: 8647K(8896K)->8647K(8896K) Class: 1302K(1408K)->1302K(1408K)
[251.119s][info][gc             ] GC(973) Pause Young (Allocation Failure) 58M->5M(739M) 1.155ms
[251.119s][info][gc,cpu         ] GC(973) User=0.00s Sys=0.00s Real=0.00s
[251.343s][info][gc,start       ] GC(974) Pause Young (Allocation Failure)
[251.344s][info][gc,heap        ] GC(974) PSYoungGen: 57343K(57344K)->992K(57344K) Eden: 55807K(55808K)->0K(55808K) From: 1536K(1536K)->992K(1536K)
[251.344s][info][gc,heap        ] GC(974) ParOldGen: 4108K(699392K)->4676K(699392K)
[251.344s][info][gc,metaspace   ] GC(974) Metaspace: 9949K(10304K)->9949K(10304K) NonClass: 8647K(8896K)->8647K(8896K) Class: 1302K(1408K)->1302K(1408K)
[251.344s][info][gc             ] GC(974) Pause Young (Allocation Failure) 60M->5M(739M) 1.244ms
[251.344s][info][gc,cpu         ] GC(974) User=0.00s Sys=0.00s Real=0.00s
[251.574s][info][gc,start       ] GC(975) Pause Young (Allocation Failure)
[251.575s][info][gc,heap        ] GC(975) PSYoungGen: 56800K(57344K)->896K(57344K) Eden: 55808K(55808K)->0K(55808K) From: 992K(1536K)->896K(1536K)
[251.575s][info][gc,heap        ] GC(975) ParOldGen: 4676K(699392K)->5076K(699392K)
[251.575s][info][gc,metaspace   ] GC(975) Metaspace: 9949K(10304K)->9949K(10304K) NonClass: 8647K(8896K)->8647K(8896K) Class: 1302K(1408K)->1302K(1408K)
[251.575s][info][gc             ] GC(975) Pause Young (Allocation Failure) 60M->5M(739M) 1.056ms
[251.575s][info][gc,cpu         ] GC(975) User=0.27s Sys=0.00s Real=0.02s
[251.802s][info][gc,start       ] GC(976) Pause Young (Allocation Failure)
[251.803s][info][gc,heap        ] GC(976) PSYoungGen: 56704K(57344K)->672K(57344K) Eden: 55808K(55808K)->0K(55808K) From: 896K(1536K)->672K(1536K)
[251.803s][info][gc,heap        ] GC(976) ParOldGen: 5076K(699392K)->5340K(699392K)
[251.803s][info][gc,metaspace   ] GC(976) Metaspace: 9949K(10304K)->9949K(10304K) NonClass: 8647K(8896K)->8647K(8896K) Class: 1302K(1408K)->1302K(1408K)
[251.803s][info][gc             ] GC(976) Pause Young (Allocation Failure) 60M->5M(739M) 0.909ms
[251.803s][info][gc,cpu         ] GC(976) User=0.00s Sys=0.00s Real=0.00s
[252.030s][info][gc,start       ] GC(977) Pause Young (Allocation Failure)
[252.031s][info][gc,heap        ] GC(977) PSYoungGen: 56480K(57344K)->640K(57344K) Eden: 55808K(55808K)->0K(55808K) From: 672K(1536K)->640K(1536K)
[252.031s][info][gc,heap        ] GC(977) ParOldGen: 5340K(699392K)->5340K(699392K)
[252.031s][info][gc,metaspace   ] GC(977) Metaspace: 9949K(10304K)->9949K(10304K) NonClass: 8647K(8896K)->8647K(8896K) Class: 1302K(1408K)->1302K(1408K)
[252.031s][info][gc             ] GC(977) Pause Young (Allocation Failure) 60M->5M(739M) 0.899ms
[252.031s][info][gc,cpu         ] GC(977) User=0.00s Sys=0.00s Real=0.00s
[252.259s][info][gc,start       ] GC(978) Pause Young (Allocation Failure)
[252.260s][info][gc,heap        ] GC(978) PSYoungGen: 56448K(57344K)->800K(57344K) Eden: 55808K(55808K)->0K(55808K) From: 640K(1536K)->800K(1536K)
[252.260s][info][gc,heap        ] GC(978) ParOldGen: 5340K(699392K)->5340K(699392K)
[252.260s][info][gc,metaspace   ] GC(978) Metaspace: 9949K(10304K)->9949K(10304K) NonClass: 8647K(8896K)->8647K(8896K) Class: 1302K(1408K)->1302K(1408K)
[252.260s][info][gc             ] GC(978) Pause Young (Allocation Failure) 60M->5M(739M) 0.861ms
[252.260s][info][gc,cpu         ] GC(978) User=0.00s Sys=0.00s Real=0.00s
[252.491s][info][gc,start       ] GC(979) Pause Young (Allocation Failure)
[252.491s][info][gc,heap        ] GC(979) PSYoungGen: 56608K(57344K)->1088K(57344K) Eden: 55808K(55808K)->0K(55808K) From: 800K(1536K)->1088K(1536K)
[252.491s][info][gc,heap        ] GC(979) ParOldGen: 5340K(699392K)->5340K(699392K)
[252.491s][info][gc,metaspace   ] GC(979) Metaspace: 9949K(10304K)->9949K(10304K) NonClass: 8647K(8896K)->8647K(8896K) Class: 1302K(1408K)->1302K(1408K)
[252.491s][info][gc             ] GC(979) Pause Young (Allocation Failure) 60M->6M(739M) 0.977ms
[252.492s][info][gc,cpu         ] GC(979) User=0.00s Sys=0.00s Real=0.00s
[252.728s][info][gc,start       ] GC(980) Pause Young (Allocation Failure)
[252.729s][info][gc,heap        ] GC(980) PSYoungGen: 56896K(57344K)->864K(57344K) Eden: 55808K(55808K)->0K(55808K) From: 1088K(1536K)->864K(1536K)
[252.729s][info][gc,heap        ] GC(980) ParOldGen: 5340K(699392K)->5796K(699392K)
[252.729s][info][gc,metaspace   ] GC(980) Metaspace: 9949K(10304K)->9949K(10304K) NonClass: 8647K(8896K)->8647K(8896K) Class: 1302K(1408K)->1302K(1408K)
[252.729s][info][gc             ] GC(980) Pause Young (Allocation Failure) 60M->6M(739M) 1.104ms
[252.729s][info][gc,cpu         ] GC(980) User=0.00s Sys=0.00s Real=0.00s
[252.960s][info][gc,start       ] GC(981) Pause Young (Allocation Failure)
[252.961s][info][gc,heap        ] GC(981) PSYoungGen: 56672K(57344K)->736K(57344K) Eden: 55808K(55808K)->0K(55808K) From: 864K(1536K)->736K(1536K)
[252.961s][info][gc,heap        ] GC(981) ParOldGen: 5796K(699392K)->5796K(699392K)
[252.961s][info][gc,metaspace   ] GC(981) Metaspace: 9949K(10304K)->9949K(10304K) NonClass: 8647K(8896K)->8647K(8896K) Class: 1302K(1408K)->1302K(1408K)
[252.961s][info][gc             ] GC(981) Pause Young (Allocation Failure) 61M->6M(739M) 0.865ms
[252.961s][info][gc,cpu         ] GC(981) User=0.00s Sys=0.00s Real=0.00s
[253.188s][info][gc,start       ] GC(982) Pause Young (Allocation Failure)
[253.189s][info][gc,heap        ] GC(982) PSYoungGen: 56544K(57344K)->832K(57344K) Eden: 55808K(55808K)->0K(55808K) From: 736K(1536K)->832K(1536K)
[253.189s][info][gc,heap        ] GC(982) ParOldGen: 5796K(699392K)->5796K(699392K)
[253.189s][info][gc,metaspace   ] GC(982) Metaspace: 9949K(10304K)->9949K(10304K) NonClass: 8647K(8896K)->8647K(8896K) Class: 1302K(1408K)->1302K(1408K)
[253.189s][info][gc             ] GC(982) Pause Young (Allocation Failure) 60M->6M(739M) 0.866ms
[253.189s][info][gc,cpu         ] GC(982) User=0.00s Sys=0.00s Real=0.00s
[253.419s][info][gc,start       ] GC(983) Pause Young (Allocation Failure)
[253.420s][info][gc,heap        ] GC(983) PSYoungGen: 56640K(57344K)->768K(57344K) Eden: 55808K(55808K)->0K(55808K) From: 832K(1536K)->768K(1536K)
[253.420s][info][gc,heap        ] GC(983) ParOldGen: 5796K(699392K)->6044K(699392K)
[253.420s][info][gc,metaspace   ] GC(983) Metaspace: 9949K(10304K)->9949K(10304K) NonClass: 8647K(8896K)->8647K(8896K) Class: 1302K(1408K)->1302K(1408K)
[253.420s][info][gc             ] GC(983) Pause Young (Allocation Failure) 60M->6M(739M) 0.970ms
[253.420s][info][gc,cpu         ] GC(983) User=0.00s Sys=0.00s Real=0.00s
[253.649s][info][gc,start       ] GC(984) Pause Young (Allocation Failure)
[253.650s][info][gc,heap        ] GC(984) PSYoungGen: 56576K(57344K)->672K(57344K) Eden: 55808K(55808K)->0K(55808K) From: 768K(1536K)->672K(1536K)
[253.650s][info][gc,heap        ] GC(984) ParOldGen: 6044K(699392K)->6044K(699392K)
[253.650s][info][gc,metaspace   ] GC(984) Metaspace: 9949K(10304K)->9949K(10304K) NonClass: 8647K(8896K)->8647K(8896K) Class: 1302K(1408K)->1302K(1408K)
[253.650s][info][gc             ] GC(984) Pause Young (Allocation Failure) 61M->6M(739M) 0.845ms
[253.650s][info][gc,cpu         ] GC(984) User=0.00s Sys=0.00s Real=0.00s
[253.878s][info][gc,start       ] GC(985) Pause Young (Allocation Failure)
[253.879s][info][gc,heap        ] GC(985) PSYoungGen: 56480K(57344K)->960K(57344K) Eden: 55808K(55808K)->0K(55808K) From: 672K(1536K)->960K(1536K)
[253.879s][info][gc,heap        ] GC(985) ParOldGen: 6044K(699392K)->6092K(699392K)
[253.879s][info][gc,metaspace   ] GC(985) Metaspace: 9949K(10304K)->9949K(10304K) NonClass: 8647K(8896K)->8647K(8896K) Class: 1302K(1408K)->1302K(1408K)
[253.879s][info][gc             ] GC(985) Pause Young (Allocation Failure) 61M->6M(739M) 0.893ms
[253.879s][info][gc,cpu         ] GC(985) User=0.00s Sys=0.00s Real=0.00s
[254.115s][info][gc,start       ] GC(986) Pause Young (Allocation Failure)
[254.116s][info][gc,heap        ] GC(986) PSYoungGen: 56768K(57344K)->864K(57344K) Eden: 55808K(55808K)->0K(55808K) From: 960K(1536K)->864K(1536K)
[254.116s][info][gc,heap        ] GC(986) ParOldGen: 6092K(699392K)->6388K(699392K)
[254.116s][info][gc,metaspace   ] GC(986) Metaspace: 9949K(10304K)->9949K(10304K) NonClass: 8647K(8896K)->8647K(8896K) Class: 1302K(1408K)->1302K(1408K)
[254.116s][info][gc             ] GC(986) Pause Young (Allocation Failure) 61M->7M(739M) 0.967ms
[254.116s][info][gc,cpu         ] GC(986) User=0.00s Sys=0.00s Real=0.00s
[254.335s][info][gc,start       ] GC(987) Pause Young (Allocation Failure)
[254.336s][info][gc,heap        ] GC(987) PSYoungGen: 56672K(57344K)->640K(57344K) Eden: 55808K(55808K)->0K(55808K) From: 864K(1536K)->640K(1536K)
[254.336s][info][gc,heap        ] GC(987) ParOldGen: 6388K(699392K)->6388K(699392K)
[254.336s][info][gc,metaspace   ] GC(987) Metaspace: 9949K(10304K)->9949K(10304K) NonClass: 8647K(8896K)->8647K(8896K) Class: 1302K(1408K)->1302K(1408K)
[254.336s][info][gc             ] GC(987) Pause Young (Allocation Failure) 61M->6M(739M) 0.825ms
[254.336s][info][gc,cpu         ] GC(987) User=0.00s Sys=0.00s Real=0.00s
[254.567s][info][gc,start       ] GC(988) Pause Young (Allocation Failure)
[254.568s][info][gc,heap        ] GC(988) PSYoungGen: 56448K(57344K)->608K(57344K) Eden: 55808K(55808K)->0K(55808K) From: 640K(1536K)->608K(1536K)
[254.568s][info][gc,heap        ] GC(988) ParOldGen: 6388K(699392K)->6388K(699392K)
[254.568s][info][gc,metaspace   ] GC(988) Metaspace: 9949K(10304K)->9949K(10304K) NonClass: 8647K(8896K)->8647K(8896K) Class: 1302K(1408K)->1302K(1408K)
[254.568s][info][gc             ] GC(988) Pause Young (Allocation Failure) 61M->6M(739M) 0.815ms
[254.568s][info][gc,cpu         ] GC(988) User=0.00s Sys=0.00s Real=0.00s
[254.798s][info][gc,start       ] GC(989) Pause Young (Allocation Failure)
[254.799s][info][gc,heap        ] GC(989) PSYoungGen: 56416K(57344K)->1056K(57344K) Eden: 55808K(55808K)->0K(55808K) From: 608K(1536K)->1056K(1536K)
[254.799s][info][gc,heap        ] GC(989) ParOldGen: 6388K(699392K)->6388K(699392K)
[254.799s][info][gc,metaspace   ] GC(989) Metaspace: 9949K(10304K)->9949K(10304K) NonClass: 8647K(8896K)->8647K(8896K) Class: 1302K(1408K)->1302K(1408K)
[254.799s][info][gc             ] GC(989) Pause Young (Allocation Failure) 61M->7M(739M) 0.905ms
[254.799s][info][gc,cpu         ] GC(989) User=0.00s Sys=0.00s Real=0.00s
[255.020s][info][gc,start       ] GC(990) Pause Young (Allocation Failure)
[255.021s][info][gc,heap        ] GC(990) PSYoungGen: 56864K(57344K)->768K(57344K) Eden: 55808K(55808K)->0K(55808K) From: 1056K(1536K)->768K(1536K)
[255.021s][info][gc,heap        ] GC(990) ParOldGen: 6388K(699392K)->6668K(699392K)
[255.021s][info][gc,metaspace   ] GC(990) Metaspace: 9949K(10304K)->9949K(10304K) NonClass: 8647K(8896K)->8647K(8896K) Class: 1302K(1408K)->1302K(1408K)
[255.021s][info][gc             ] GC(990) Pause Young (Allocation Failure) 61M->7M(739M) 0.911ms
[255.021s][info][gc,cpu         ] GC(990) User=0.00s Sys=0.00s Real=0.00s
[255.246s][info][gc,start       ] GC(991) Pause Young (Allocation Failure)
[255.247s][info][gc,heap        ] GC(991) PSYoungGen: 56576K(57344K)->800K(57344K) Eden: 55808K(55808K)->0K(55808K) From: 768K(1536K)->800K(1536K)
[255.247s][info][gc,heap        ] GC(991) ParOldGen: 6668K(699392K)->6668K(699392K)
[255.247s][info][gc,metaspace   ] GC(991) Metaspace: 9949K(10304K)->9949K(10304K) NonClass: 8647K(8896K)->8647K(8896K) Class: 1302K(1408K)->1302K(1408K)
[255.247s][info][gc             ] GC(991) Pause Young (Allocation Failure) 61M->7M(739M) 0.902ms
[255.247s][info][gc,cpu         ] GC(991) User=0.00s Sys=0.00s Real=0.00s
[255.478s][info][gc,start       ] GC(992) Pause Young (Allocation Failure)
[255.479s][info][gc,heap        ] GC(992) PSYoungGen: 56608K(57344K)->640K(57344K) Eden: 55808K(55808K)->0K(55808K) From: 800K(1536K)->640K(1536K)
[255.479s][info][gc,heap        ] GC(992) ParOldGen: 6668K(699392K)->6668K(699392K)
[255.479s][info][gc,metaspace   ] GC(992) Metaspace: 9949K(10304K)->9949K(10304K) NonClass: 8647K(8896K)->8647K(8896K) Class: 1302K(1408K)->1302K(1408K)
[255.479s][info][gc             ] GC(992) Pause Young (Allocation Failure) 61M->7M(739M) 0.777ms
[255.479s][info][gc,cpu         ] GC(992) User=0.00s Sys=0.00s Real=0.00s
[255.703s][info][gc,start       ] GC(993) Pause Young (Allocation Failure)
[255.704s][info][gc,heap        ] GC(993) PSYoungGen: 56448K(57344K)->704K(57344K) Eden: 55808K(55808K)->0K(55808K) From: 640K(1536K)->704K(1536K)
[255.704s][info][gc,heap        ] GC(993) ParOldGen: 6668K(699392K)->6668K(699392K)
[255.704s][info][gc,metaspace   ] GC(993) Metaspace: 9949K(10304K)->9949K(10304K) NonClass: 8647K(8896K)->8647K(8896K) Class: 1302K(1408K)->1302K(1408K)
[255.704s][info][gc             ] GC(993) Pause Young (Allocation Failure) 61M->7M(739M) 0.802ms
[255.704s][info][gc,cpu         ] GC(993) User=0.00s Sys=0.00s Real=0.00s
[255.932s][info][gc,start       ] GC(994) Pause Young (Allocation Failure)
[255.933s][info][gc,heap        ] GC(994) PSYoungGen: 56512K(57344K)->704K(57344K) Eden: 55808K(55808K)->0K(55808K) From: 704K(1536K)->704K(1536K)
[255.933s][info][gc,heap        ] GC(994) ParOldGen: 6668K(699392K)->6668K(699392K)
[255.933s][info][gc,metaspace   ] GC(994) Metaspace: 9949K(10304K)->9949K(10304K) NonClass: 8647K(8896K)->8647K(8896K) Class: 1302K(1408K)->1302K(1408K)
[255.933s][info][gc             ] GC(994) Pause Young (Allocation Failure) 61M->7M(739M) 0.893ms
[255.933s][info][gc,cpu         ] GC(994) User=0.00s Sys=0.00s Real=0.00s
[256.154s][info][gc,start       ] GC(995) Pause Young (Allocation Failure)
[256.155s][info][gc,heap        ] GC(995) PSYoungGen: 56512K(57344K)->736K(57344K) Eden: 55808K(55808K)->0K(55808K) From: 704K(1536K)->736K(1536K)
[256.155s][info][gc,heap        ] GC(995) ParOldGen: 6668K(699392K)->6668K(699392K)
[256.155s][info][gc,metaspace   ] GC(995) Metaspace: 9949K(10304K)->9949K(10304K) NonClass: 8647K(8896K)->8647K(8896K) Class: 1302K(1408K)->1302K(1408K)
[256.155s][info][gc             ] GC(995) Pause Young (Allocation Failure) 61M->7M(739M) 0.850ms
[256.155s][info][gc,cpu         ] GC(995) User=0.00s Sys=0.00s Real=0.00s
[256.381s][info][gc,start       ] GC(996) Pause Young (Allocation Failure)
[256.381s][info][gc,heap        ] GC(996) PSYoungGen: 56544K(57344K)->960K(57344K) Eden: 55808K(55808K)->0K(55808K) From: 736K(1536K)->960K(1536K)
[256.381s][info][gc,heap        ] GC(996) ParOldGen: 6668K(699392K)->6668K(699392K)
[256.381s][info][gc,metaspace   ] GC(996) Metaspace: 9949K(10304K)->9949K(10304K) NonClass: 8647K(8896K)->8647K(8896K) Class: 1302K(1408K)->1302K(1408K)
[256.381s][info][gc             ] GC(996) Pause Young (Allocation Failure) 61M->7M(739M) 0.890ms
[256.381s][info][gc,cpu         ] GC(996) User=0.00s Sys=0.00s Real=0.00s
[256.611s][info][gc,start       ] GC(997) Pause Young (Allocation Failure)
[256.612s][info][gc,heap        ] GC(997) PSYoungGen: 56768K(57344K)->768K(57344K) Eden: 55808K(55808K)->0K(55808K) From: 960K(1536K)->768K(1536K)
[256.612s][info][gc,heap        ] GC(997) ParOldGen: 6668K(699392K)->6940K(699392K)
[256.612s][info][gc,metaspace   ] GC(997) Metaspace: 9949K(10304K)->9949K(10304K) NonClass: 8647K(8896K)->8647K(8896K) Class: 1302K(1408K)->1302K(1408K)
[256.612s][info][gc             ] GC(997) Pause Young (Allocation Failure) 61M->7M(739M) 1.068ms
[256.612s][info][gc,cpu         ] GC(997) User=0.00s Sys=0.00s Real=0.00s
[256.833s][info][gc,start       ] GC(998) Pause Young (Allocation Failure)
[256.834s][info][gc,heap        ] GC(998) PSYoungGen: 56576K(57344K)->640K(57344K) Eden: 55808K(55808K)->0K(55808K) From: 768K(1536K)->640K(1536K)
[256.834s][info][gc,heap        ] GC(998) ParOldGen: 6940K(699392K)->6940K(699392K)
[256.834s][info][gc,metaspace   ] GC(998) Metaspace: 9949K(10304K)->9949K(10304K) NonClass: 8647K(8896K)->8647K(8896K) Class: 1302K(1408K)->1302K(1408K)
[256.834s][info][gc             ] GC(998) Pause Young (Allocation Failure) 62M->7M(739M) 0.812ms
[256.834s][info][gc,cpu         ] GC(998) User=0.00s Sys=0.00s Real=0.00s
[257.073s][info][gc,start       ] GC(999) Pause Young (Allocation Failure)
[257.074s][info][gc,heap        ] GC(999) PSYoungGen: 56448K(57344K)->736K(57344K) Eden: 55808K(55808K)->0K(55808K) From: 640K(1536K)->736K(1536K)
[257.074s][info][gc,heap        ] GC(999) ParOldGen: 6940K(699392K)->6940K(699392K)
[257.074s][info][gc,metaspace   ] GC(999) Metaspace: 9949K(10304K)->9949K(10304K) NonClass: 8647K(8896K)->8647K(8896K) Class: 1302K(1408K)->1302K(1408K)
[257.074s][info][gc             ] GC(999) Pause Young (Allocation Failure) 61M->7M(739M) 0.791ms
[257.074s][info][gc,cpu         ] GC(999) User=0.00s Sys=0.00s Real=0.00s
[257.310s][info][gc,start       ] GC(1000) Pause Young (Allocation Failure)
[257.310s][info][gc,heap        ] GC(1000) PSYoungGen: 56544K(57344K)->672K(57344K) Eden: 55808K(55808K)->0K(55808K) From: 736K(1536K)->672K(1536K)
[257.310s][info][gc,heap        ] GC(1000) ParOldGen: 6940K(699392K)->6940K(699392K)
[257.310s][info][gc,metaspace   ] GC(1000) Metaspace: 9949K(10304K)->9949K(10304K) NonClass: 8647K(8896K)->8647K(8896K) Class: 1302K(1408K)->1302K(1408K)
[257.310s][info][gc             ] GC(1000) Pause Young (Allocation Failure) 61M->7M(739M) 0.820ms
[257.311s][info][gc,cpu         ] GC(1000) User=0.00s Sys=0.00s Real=0.00s
[257.539s][info][gc,start       ] GC(1001) Pause Young (Allocation Failure)
[257.539s][info][gc,heap        ] GC(1001) PSYoungGen: 56480K(57344K)->736K(56832K) Eden: 55808K(55808K)->0K(55808K) From: 672K(1536K)->736K(1024K)
[257.539s][info][gc,heap        ] GC(1001) ParOldGen: 6940K(699392K)->6940K(699392K)
[257.540s][info][gc,metaspace   ] GC(1001) Metaspace: 9949K(10304K)->9949K(10304K) NonClass: 8647K(8896K)->8647K(8896K) Class: 1302K(1408K)->1302K(1408K)
[257.540s][info][gc             ] GC(1001) Pause Young (Allocation Failure) 61M->7M(738M) 0.980ms
[257.540s][info][gc,cpu         ] GC(1001) User=0.00s Sys=0.00s Real=0.00s
[257.622s][info][gc,start       ] GC(1002) Pause Young (System.gc())
[257.622s][info][gc,heap        ] GC(1002) PSYoungGen: 20821K(56832K)->576K(56832K) Eden: 20085K(55808K)->0K(55808K) From: 736K(1024K)->576K(1024K)
[257.622s][info][gc,heap        ] GC(1002) ParOldGen: 6940K(699392K)->7004K(699392K)
[257.622s][info][gc,metaspace   ] GC(1002) Metaspace: 9949K(10304K)->9949K(10304K) NonClass: 8647K(8896K)->8647K(8896K) Class: 1302K(1408K)->1302K(1408K)
[257.622s][info][gc             ] GC(1002) Pause Young (System.gc()) 27M->7M(738M) 0.767ms
[257.622s][info][gc,cpu         ] GC(1002) User=0.00s Sys=0.00s Real=0.00s
[257.622s][info][gc,start       ] GC(1003) Pause Full (System.gc())
[257.622s][info][gc,phases,start] GC(1003) Marking Phase
[257.635s][info][gc,phases      ] GC(1003) Marking Phase 12.966ms
[257.636s][info][gc,phases,start] GC(1003) Summary Phase
[257.636s][info][gc,phases      ] GC(1003) Summary Phase 0.028ms
[257.636s][info][gc,phases,start] GC(1003) Adjust Roots
[257.639s][info][gc,phases      ] GC(1003) Adjust Roots 3.908ms
[257.639s][info][gc,phases,start] GC(1003) Compaction Phase
[257.643s][info][gc,phases      ] GC(1003) Compaction Phase 3.354ms
[257.643s][info][gc,phases,start] GC(1003) Post Compact
[257.643s][info][gc,phases      ] GC(1003) Post Compact 0.457ms
[257.643s][info][gc,heap        ] GC(1003) PSYoungGen: 576K(56832K)->0K(56832K) Eden: 0K(55808K)->0K(55808K) From: 576K(1024K)->0K(1024K)
[257.643s][info][gc,heap        ] GC(1003) ParOldGen: 7004K(699392K)->4076K(699392K)
[257.643s][info][gc,metaspace   ] GC(1003) Metaspace: 9949K(10304K)->9949K(10304K) NonClass: 8647K(8896K)->8647K(8896K) Class: 1302K(1408K)->1302K(1408K)
[257.643s][info][gc             ] GC(1003) Pause Full (System.gc()) 7M->3M(738M) 21.042ms
[257.644s][info][gc,cpu         ] GC(1003) User=0.02s Sys=0.00s Real=0.02s
[257.875s][info][gc,start       ] GC(1004) Pause Young (Allocation Failure)
[257.876s][info][gc,heap        ] GC(1004) PSYoungGen: 55808K(56832K)->1536K(57344K) Eden: 55808K(55808K)->0K(55808K) From: 0K(1024K)->1536K(1536K)
[257.876s][info][gc,heap        ] GC(1004) ParOldGen: 4076K(699392K)->4076K(699392K)
[257.876s][info][gc,metaspace   ] GC(1004) Metaspace: 9949K(10304K)->9949K(10304K) NonClass: 8647K(8896K)->8647K(8896K) Class: 1302K(1408K)->1302K(1408K)
[257.876s][info][gc             ] GC(1004) Pause Young (Allocation Failure) 58M->5M(739M) 1.200ms
[257.876s][info][gc,cpu         ] GC(1004) User=0.00s Sys=0.00s Real=0.00s
[258.106s][info][gc,start       ] GC(1005) Pause Young (Allocation Failure)
[258.107s][info][gc,heap        ] GC(1005) PSYoungGen: 57344K(57344K)->1280K(57344K) Eden: 55808K(55808K)->0K(55808K) From: 1536K(1536K)->1280K(1536K)
[258.107s][info][gc,heap        ] GC(1005) ParOldGen: 4076K(699392K)->4348K(699392K)
[258.107s][info][gc,metaspace   ] GC(1005) Metaspace: 9949K(10304K)->9949K(10304K) NonClass: 8647K(8896K)->8647K(8896K) Class: 1302K(1408K)->1302K(1408K)
[258.107s][info][gc             ] GC(1005) Pause Young (Allocation Failure) 59M->5M(739M) 1.133ms
[258.107s][info][gc,cpu         ] GC(1005) User=0.00s Sys=0.00s Real=0.00s
[258.329s][info][gc,start       ] GC(1006) Pause Young (Allocation Failure)
[258.330s][info][gc,heap        ] GC(1006) PSYoungGen: 57088K(57344K)->704K(57344K) Eden: 55808K(55808K)->0K(55808K) From: 1280K(1536K)->704K(1536K)
[258.331s][info][gc,heap        ] GC(1006) ParOldGen: 4348K(699392K)->4996K(699392K)
[258.331s][info][gc,metaspace   ] GC(1006) Metaspace: 9949K(10304K)->9949K(10304K) NonClass: 8647K(8896K)->8647K(8896K) Class: 1302K(1408K)->1302K(1408K)
[258.331s][info][gc             ] GC(1006) Pause Young (Allocation Failure) 59M->5M(739M) 1.205ms
[258.331s][info][gc,cpu         ] GC(1006) User=0.00s Sys=0.00s Real=0.00s
[258.555s][info][gc,start       ] GC(1007) Pause Young (Allocation Failure)
[258.556s][info][gc,heap        ] GC(1007) PSYoungGen: 56512K(57344K)->736K(57344K) Eden: 55808K(55808K)->0K(55808K) From: 704K(1536K)->736K(1536K)
[258.556s][info][gc,heap        ] GC(1007) ParOldGen: 4996K(699392K)->4996K(699392K)
[258.556s][info][gc,metaspace   ] GC(1007) Metaspace: 9949K(10304K)->9949K(10304K) NonClass: 8647K(8896K)->8647K(8896K) Class: 1302K(1408K)->1302K(1408K)
[258.556s][info][gc             ] GC(1007) Pause Young (Allocation Failure) 60M->5M(739M) 0.913ms
[258.556s][info][gc,cpu         ] GC(1007) User=0.00s Sys=0.00s Real=0.00s
[258.784s][info][gc,start       ] GC(1008) Pause Young (Allocation Failure)
[258.785s][info][gc,heap        ] GC(1008) PSYoungGen: 56544K(57344K)->1024K(57344K) Eden: 55808K(55808K)->0K(55808K) From: 736K(1536K)->1024K(1536K)
[258.785s][info][gc,heap        ] GC(1008) ParOldGen: 4996K(699392K)->4996K(699392K)
[258.785s][info][gc,metaspace   ] GC(1008) Metaspace: 9949K(10304K)->9949K(10304K) NonClass: 8647K(8896K)->8647K(8896K) Class: 1302K(1408K)->1302K(1408K)
[258.785s][info][gc             ] GC(1008) Pause Young (Allocation Failure) 60M->5M(739M) 0.918ms
[258.785s][info][gc,cpu         ] GC(1008) User=0.00s Sys=0.00s Real=0.00s
[259.010s][info][gc,start       ] GC(1009) Pause Young (Allocation Failure)
[259.010s][info][gc,heap        ] GC(1009) PSYoungGen: 56832K(57344K)->704K(57344K) Eden: 55808K(55808K)->0K(55808K) From: 1024K(1536K)->704K(1536K)
[259.011s][info][gc,heap        ] GC(1009) ParOldGen: 4996K(699392K)->5292K(699392K)
[259.011s][info][gc,metaspace   ] GC(1009) Metaspace: 9949K(10304K)->9949K(10304K) NonClass: 8647K(8896K)->8647K(8896K) Class: 1302K(1408K)->1302K(1408K)
[259.011s][info][gc             ] GC(1009) Pause Young (Allocation Failure) 60M->5M(739M) 0.936ms
[259.011s][info][gc,cpu         ] GC(1009) User=0.00s Sys=0.00s Real=0.00s
[259.237s][info][gc,start       ] GC(1010) Pause Young (Allocation Failure)
[259.238s][info][gc,heap        ] GC(1010) PSYoungGen: 56512K(57344K)->704K(57344K) Eden: 55808K(55808K)->0K(55808K) From: 704K(1536K)->704K(1536K)
[259.238s][info][gc,heap        ] GC(1010) ParOldGen: 5292K(699392K)->5292K(699392K)
[259.238s][info][gc,metaspace   ] GC(1010) Metaspace: 9949K(10304K)->9949K(10304K) NonClass: 8647K(8896K)->8647K(8896K) Class: 1302K(1408K)->1302K(1408K)
[259.238s][info][gc             ] GC(1010) Pause Young (Allocation Failure) 60M->5M(739M) 0.833ms
[259.238s][info][gc,cpu         ] GC(1010) User=0.00s Sys=0.00s Real=0.00s
[259.466s][info][gc,start       ] GC(1011) Pause Young (Allocation Failure)
[259.466s][info][gc,heap        ] GC(1011) PSYoungGen: 56512K(57344K)->576K(57344K) Eden: 55808K(55808K)->0K(55808K) From: 704K(1536K)->576K(1536K)
[259.467s][info][gc,heap        ] GC(1011) ParOldGen: 5292K(699392K)->5292K(699392K)
[259.467s][info][gc,metaspace   ] GC(1011) Metaspace: 9949K(10304K)->9949K(10304K) NonClass: 8647K(8896K)->8647K(8896K) Class: 1302K(1408K)->1302K(1408K)
[259.467s][info][gc             ] GC(1011) Pause Young (Allocation Failure) 60M->5M(739M) 0.831ms
[259.467s][info][gc,cpu         ] GC(1011) User=0.00s Sys=0.00s Real=0.00s
[259.694s][info][gc,start       ] GC(1012) Pause Young (Allocation Failure)
[259.695s][info][gc,heap        ] GC(1012) PSYoungGen: 56384K(57344K)->704K(57344K) Eden: 55808K(55808K)->0K(55808K) From: 576K(1536K)->704K(1536K)
[259.695s][info][gc,heap        ] GC(1012) ParOldGen: 5292K(699392K)->5292K(699392K)
[259.695s][info][gc,metaspace   ] GC(1012) Metaspace: 9949K(10304K)->9949K(10304K) NonClass: 8647K(8896K)->8647K(8896K) Class: 1302K(1408K)->1302K(1408K)
[259.695s][info][gc             ] GC(1012) Pause Young (Allocation Failure) 60M->5M(739M) 0.823ms
[259.695s][info][gc,cpu         ] GC(1012) User=0.00s Sys=0.00s Real=0.00s
[259.924s][info][gc,start       ] GC(1013) Pause Young (Allocation Failure)
[259.925s][info][gc,heap        ] GC(1013) PSYoungGen: 56512K(57344K)->832K(57344K) Eden: 55808K(55808K)->0K(55808K) From: 704K(1536K)->832K(1536K)
[259.925s][info][gc,heap        ] GC(1013) ParOldGen: 5292K(699392K)->5380K(699392K)
[259.925s][info][gc,metaspace   ] GC(1013) Metaspace: 9949K(10304K)->9949K(10304K) NonClass: 8647K(8896K)->8647K(8896K) Class: 1302K(1408K)->1302K(1408K)
[259.925s][info][gc             ] GC(1013) Pause Young (Allocation Failure) 60M->6M(739M) 0.853ms
[259.925s][info][gc,cpu         ] GC(1013) User=0.00s Sys=0.00s Real=0.00s
[260.143s][info][gc,start       ] GC(1014) Pause Young (Allocation Failure)
[260.143s][info][gc,heap        ] GC(1014) PSYoungGen: 56640K(57344K)->1024K(57344K) Eden: 55808K(55808K)->0K(55808K) From: 832K(1536K)->1024K(1536K)
[260.144s][info][gc,heap        ] GC(1014) ParOldGen: 5380K(699392K)->5604K(699392K)
[260.144s][info][gc,metaspace   ] GC(1014) Metaspace: 9949K(10304K)->9949K(10304K) NonClass: 8647K(8896K)->8647K(8896K) Class: 1302K(1408K)->1302K(1408K)
[260.144s][info][gc             ] GC(1014) Pause Young (Allocation Failure) 60M->6M(739M) 0.977ms
[260.144s][info][gc,cpu         ] GC(1014) User=0.00s Sys=0.00s Real=0.00s
[260.377s][info][gc,start       ] GC(1015) Pause Young (Allocation Failure)
[260.378s][info][gc,heap        ] GC(1015) PSYoungGen: 56832K(57344K)->704K(57344K) Eden: 55808K(55808K)->0K(55808K) From: 1024K(1536K)->704K(1536K)
[260.378s][info][gc,heap        ] GC(1015) ParOldGen: 5604K(699392K)->5852K(699392K)
[260.378s][info][gc,metaspace   ] GC(1015) Metaspace: 9949K(10304K)->9949K(10304K) NonClass: 8647K(8896K)->8647K(8896K) Class: 1302K(1408K)->1302K(1408K)
[260.378s][info][gc             ] GC(1015) Pause Young (Allocation Failure) 60M->6M(739M) 0.883ms
[260.378s][info][gc,cpu         ] GC(1015) User=0.00s Sys=0.00s Real=0.00s
[260.605s][info][gc,start       ] GC(1016) Pause Young (Allocation Failure)
[260.606s][info][gc,heap        ] GC(1016) PSYoungGen: 56512K(57344K)->704K(57344K) Eden: 55808K(55808K)->0K(55808K) From: 704K(1536K)->704K(1536K)
[260.606s][info][gc,heap        ] GC(1016) ParOldGen: 5852K(699392K)->5852K(699392K)
[260.606s][info][gc,metaspace   ] GC(1016) Metaspace: 9949K(10304K)->9949K(10304K) NonClass: 8647K(8896K)->8647K(8896K) Class: 1302K(1408K)->1302K(1408K)
[260.606s][info][gc             ] GC(1016) Pause Young (Allocation Failure) 60M->6M(739M) 0.832ms
[260.606s][info][gc,cpu         ] GC(1016) User=0.00s Sys=0.00s Real=0.00s
[260.826s][info][gc,start       ] GC(1017) Pause Young (Allocation Failure)
[260.827s][info][gc,heap        ] GC(1017) PSYoungGen: 56512K(57344K)->640K(57344K) Eden: 55808K(55808K)->0K(55808K) From: 704K(1536K)->640K(1536K)
[260.827s][info][gc,heap        ] GC(1017) ParOldGen: 5852K(699392K)->5852K(699392K)
[260.827s][info][gc,metaspace   ] GC(1017) Metaspace: 9949K(10304K)->9949K(10304K) NonClass: 8647K(8896K)->8647K(8896K) Class: 1302K(1408K)->1302K(1408K)
[260.827s][info][gc             ] GC(1017) Pause Young (Allocation Failure) 60M->6M(739M) 0.822ms
[260.827s][info][gc,cpu         ] GC(1017) User=0.00s Sys=0.00s Real=0.00s
[261.058s][info][gc,start       ] GC(1018) Pause Young (Allocation Failure)
[261.059s][info][gc,heap        ] GC(1018) PSYoungGen: 56448K(57344K)->896K(57344K) Eden: 55808K(55808K)->0K(55808K) From: 640K(1536K)->896K(1536K)
[261.059s][info][gc,heap        ] GC(1018) ParOldGen: 5852K(699392K)->5892K(699392K)
[261.059s][info][gc,metaspace   ] GC(1018) Metaspace: 9949K(10304K)->9949K(10304K) NonClass: 8647K(8896K)->8647K(8896K) Class: 1302K(1408K)->1302K(1408K)
[261.059s][info][gc             ] GC(1018) Pause Young (Allocation Failure) 60M->6M(739M) 0.907ms
[261.059s][info][gc,cpu         ] GC(1018) User=0.00s Sys=0.00s Real=0.00s
[261.285s][info][gc,start       ] GC(1019) Pause Young (Allocation Failure)
[261.286s][info][gc,heap        ] GC(1019) PSYoungGen: 56704K(57344K)->768K(57344K) Eden: 55808K(55808K)->0K(55808K) From: 896K(1536K)->768K(1536K)
[261.286s][info][gc,heap        ] GC(1019) ParOldGen: 5892K(699392K)->6132K(699392K)
[261.286s][info][gc,metaspace   ] GC(1019) Metaspace: 9949K(10304K)->9949K(10304K) NonClass: 8647K(8896K)->8647K(8896K) Class: 1302K(1408K)->1302K(1408K)
[261.286s][info][gc             ] GC(1019) Pause Young (Allocation Failure) 61M->6M(739M) 0.917ms
[261.286s][info][gc,cpu         ] GC(1019) User=0.00s Sys=0.00s Real=0.00s
[261.525s][info][gc,start       ] GC(1020) Pause Young (Allocation Failure)
[261.526s][info][gc,heap        ] GC(1020) PSYoungGen: 56576K(57344K)->960K(57344K) Eden: 55808K(55808K)->0K(55808K) From: 768K(1536K)->960K(1536K)
[261.526s][info][gc,heap        ] GC(1020) ParOldGen: 6132K(699392K)->6132K(699392K)
[261.526s][info][gc,metaspace   ] GC(1020) Metaspace: 9949K(10304K)->9949K(10304K) NonClass: 8647K(8896K)->8647K(8896K) Class: 1302K(1408K)->1302K(1408K)
[261.526s][info][gc             ] GC(1020) Pause Young (Allocation Failure) 61M->6M(739M) 0.906ms
[261.526s][info][gc,cpu         ] GC(1020) User=0.00s Sys=0.00s Real=0.00s
[261.749s][info][gc,start       ] GC(1021) Pause Young (Allocation Failure)
[261.750s][info][gc,heap        ] GC(1021) PSYoungGen: 56768K(57344K)->704K(57344K) Eden: 55808K(55808K)->0K(55808K) From: 960K(1536K)->704K(1536K)
[261.750s][info][gc,heap        ] GC(1021) ParOldGen: 6132K(699392K)->6444K(699392K)
[261.750s][info][gc,metaspace   ] GC(1021) Metaspace: 9949K(10304K)->9949K(10304K) NonClass: 8647K(8896K)->8647K(8896K) Class: 1302K(1408K)->1302K(1408K)
[261.750s][info][gc             ] GC(1021) Pause Young (Allocation Failure) 61M->6M(739M) 0.930ms
[261.750s][info][gc,cpu         ] GC(1021) User=0.00s Sys=0.00s Real=0.00s
[261.978s][info][gc,start       ] GC(1022) Pause Young (Allocation Failure)
[261.979s][info][gc,heap        ] GC(1022) PSYoungGen: 56512K(57344K)->672K(57344K) Eden: 55808K(55808K)->0K(55808K) From: 704K(1536K)->672K(1536K)
[261.979s][info][gc,heap        ] GC(1022) ParOldGen: 6444K(699392K)->6444K(699392K)
[261.979s][info][gc,metaspace   ] GC(1022) Metaspace: 9949K(10304K)->9949K(10304K) NonClass: 8647K(8896K)->8647K(8896K) Class: 1302K(1408K)->1302K(1408K)
[261.979s][info][gc             ] GC(1022) Pause Young (Allocation Failure) 61M->6M(739M) 0.859ms
[261.979s][info][gc,cpu         ] GC(1022) User=0.00s Sys=0.00s Real=0.00s
[262.216s][info][gc,start       ] GC(1023) Pause Young (Allocation Failure)
[262.216s][info][gc,heap        ] GC(1023) PSYoungGen: 56480K(57344K)->576K(57344K) Eden: 55808K(55808K)->0K(55808K) From: 672K(1536K)->576K(1536K)
[262.216s][info][gc,heap        ] GC(1023) ParOldGen: 6444K(699392K)->6444K(699392K)
[262.216s][info][gc,metaspace   ] GC(1023) Metaspace: 9949K(10304K)->9949K(10304K) NonClass: 8647K(8896K)->8647K(8896K) Class: 1302K(1408K)->1302K(1408K)
[262.217s][info][gc             ] GC(1023) Pause Young (Allocation Failure) 61M->6M(739M) 0.813ms
[262.217s][info][gc,cpu         ] GC(1023) User=0.00s Sys=0.00s Real=0.00s
[262.448s][info][gc,start       ] GC(1024) Pause Young (Allocation Failure)
[262.449s][info][gc,heap        ] GC(1024) PSYoungGen: 56384K(57344K)->640K(57344K) Eden: 55808K(55808K)->0K(55808K) From: 576K(1536K)->640K(1536K)
[262.449s][info][gc,heap        ] GC(1024) ParOldGen: 6444K(699392K)->6444K(699392K)
[262.449s][info][gc,metaspace   ] GC(1024) Metaspace: 9949K(10304K)->9949K(10304K) NonClass: 8647K(8896K)->8647K(8896K) Class: 1302K(1408K)->1302K(1408K)
[262.449s][info][gc             ] GC(1024) Pause Young (Allocation Failure) 61M->6M(739M) 0.813ms
[262.449s][info][gc,cpu         ] GC(1024) User=0.00s Sys=0.00s Real=0.00s
[262.687s][info][gc,start       ] GC(1025) Pause Young (Allocation Failure)
[262.688s][info][gc,heap        ] GC(1025) PSYoungGen: 56448K(57344K)->768K(57344K) Eden: 55808K(55808K)->0K(55808K) From: 640K(1536K)->768K(1536K)
[262.688s][info][gc,heap        ] GC(1025) ParOldGen: 6444K(699392K)->6444K(699392K)
[262.688s][info][gc,metaspace   ] GC(1025) Metaspace: 9949K(10304K)->9949K(10304K) NonClass: 8647K(8896K)->8647K(8896K) Class: 1302K(1408K)->1302K(1408K)
[262.688s][info][gc             ] GC(1025) Pause Young (Allocation Failure) 61M->7M(739M) 0.901ms
[262.688s][info][gc,cpu         ] GC(1025) User=0.00s Sys=0.00s Real=0.00s
[262.921s][info][gc,start       ] GC(1026) Pause Young (Allocation Failure)
[262.922s][info][gc,heap        ] GC(1026) PSYoungGen: 56576K(57344K)->736K(57344K) Eden: 55808K(55808K)->0K(55808K) From: 768K(1536K)->736K(1536K)
[262.922s][info][gc,heap        ] GC(1026) ParOldGen: 6444K(699392K)->6444K(699392K)
[262.922s][info][gc,metaspace   ] GC(1026) Metaspace: 9949K(10304K)->9949K(10304K) NonClass: 8647K(8896K)->8647K(8896K) Class: 1302K(1408K)->1302K(1408K)
[262.922s][info][gc             ] GC(1026) Pause Young (Allocation Failure) 61M->7M(739M) 0.883ms
[262.922s][info][gc,cpu         ] GC(1026) User=0.00s Sys=0.00s Real=0.00s
[263.143s][info][gc,start       ] GC(1027) Pause Young (Allocation Failure)
[263.144s][info][gc,heap        ] GC(1027) PSYoungGen: 56544K(57344K)->768K(57344K) Eden: 55808K(55808K)->0K(55808K) From: 736K(1536K)->768K(1536K)
[263.144s][info][gc,heap        ] GC(1027) ParOldGen: 6444K(699392K)->6444K(699392K)
[263.144s][info][gc,metaspace   ] GC(1027) Metaspace: 9949K(10304K)->9949K(10304K) NonClass: 8647K(8896K)->8647K(8896K) Class: 1302K(1408K)->1302K(1408K)
[263.144s][info][gc             ] GC(1027) Pause Young (Allocation Failure) 61M->7M(739M) 0.833ms
[263.144s][info][gc,cpu         ] GC(1027) User=0.00s Sys=0.00s Real=0.00s
[263.366s][info][gc,start       ] GC(1028) Pause Young (Allocation Failure)
[263.367s][info][gc,heap        ] GC(1028) PSYoungGen: 56576K(57344K)->736K(56832K) Eden: 55808K(55808K)->0K(55808K) From: 768K(1536K)->736K(1024K)
[263.367s][info][gc,heap        ] GC(1028) ParOldGen: 6444K(699392K)->6444K(699392K)
[263.367s][info][gc,metaspace   ] GC(1028) Metaspace: 9949K(10304K)->9949K(10304K) NonClass: 8647K(8896K)->8647K(8896K) Class: 1302K(1408K)->1302K(1408K)
[263.367s][info][gc             ] GC(1028) Pause Young (Allocation Failure) 61M->7M(738M) 0.936ms
[263.367s][info][gc,cpu         ] GC(1028) User=0.00s Sys=0.00s Real=0.00s
[263.592s][info][gc,start       ] GC(1029) Pause Young (Allocation Failure)
[263.593s][info][gc,heap        ] GC(1029) PSYoungGen: 56544K(56832K)->704K(56832K) Eden: 55808K(55808K)->0K(55808K) From: 736K(1024K)->704K(1024K)
[263.593s][info][gc,heap        ] GC(1029) ParOldGen: 6444K(699392K)->6444K(699392K)
[263.593s][info][gc,metaspace   ] GC(1029) Metaspace: 9949K(10304K)->9949K(10304K) NonClass: 8647K(8896K)->8647K(8896K) Class: 1302K(1408K)->1302K(1408K)
[263.593s][info][gc             ] GC(1029) Pause Young (Allocation Failure) 61M->6M(738M) 1.035ms
[263.593s][info][gc,cpu         ] GC(1029) User=0.02s Sys=0.00s Real=0.02s
[263.818s][info][gc,start       ] GC(1030) Pause Young (Allocation Failure)
[263.819s][info][gc,heap        ] GC(1030) PSYoungGen: 56512K(56832K)->512K(56320K) Eden: 55808K(55808K)->0K(55808K) From: 704K(1024K)->512K(512K)
[263.819s][info][gc,heap        ] GC(1030) ParOldGen: 6444K(699392K)->6556K(699392K)
[263.819s][info][gc,metaspace   ] GC(1030) Metaspace: 9949K(10304K)->9949K(10304K) NonClass: 8647K(8896K)->8647K(8896K) Class: 1302K(1408K)->1302K(1408K)
[263.819s][info][gc             ] GC(1030) Pause Young (Allocation Failure) 61M->6M(738M) 0.937ms
[263.819s][info][gc,cpu         ] GC(1030) User=0.00s Sys=0.00s Real=0.00s
[264.041s][info][gc,start       ] GC(1031) Pause Young (Allocation Failure)
[264.042s][info][gc,heap        ] GC(1031) PSYoungGen: 56320K(56320K)->768K(56832K) Eden: 55808K(55808K)->0K(55808K) From: 512K(512K)->768K(1024K)
[264.042s][info][gc,heap        ] GC(1031) ParOldGen: 6556K(699392K)->6716K(699392K)
[264.042s][info][gc,metaspace   ] GC(1031) Metaspace: 9949K(10304K)->9949K(10304K) NonClass: 8647K(8896K)->8647K(8896K) Class: 1302K(1408K)->1302K(1408K)
[264.042s][info][gc             ] GC(1031) Pause Young (Allocation Failure) 61M->7M(738M) 0.864ms
[264.042s][info][gc,cpu         ] GC(1031) User=0.00s Sys=0.00s Real=0.00s
[264.266s][info][gc,start       ] GC(1032) Pause Young (Allocation Failure)
[264.266s][info][gc,heap        ] GC(1032) PSYoungGen: 56576K(56832K)->608K(56832K) Eden: 55808K(55808K)->0K(55808K) From: 768K(1024K)->608K(1024K)
[264.266s][info][gc,heap        ] GC(1032) ParOldGen: 6716K(699392K)->6716K(699392K)
[264.267s][info][gc,metaspace   ] GC(1032) Metaspace: 9949K(10304K)->9949K(10304K) NonClass: 8647K(8896K)->8647K(8896K) Class: 1302K(1408K)->1302K(1408K)
[264.267s][info][gc             ] GC(1032) Pause Young (Allocation Failure) 61M->7M(738M) 0.793ms
[264.267s][info][gc,cpu         ] GC(1032) User=0.00s Sys=0.00s Real=0.00s
[264.348s][info][gc,start       ] GC(1033) Pause Young (System.gc())
[264.348s][info][gc,heap        ] GC(1033) PSYoungGen: 16848K(56832K)->544K(56832K) Eden: 16240K(55808K)->0K(55808K) From: 608K(1024K)->544K(1024K)
[264.348s][info][gc,heap        ] GC(1033) ParOldGen: 6716K(699392K)->6876K(699392K)
[264.348s][info][gc,metaspace   ] GC(1033) Metaspace: 9949K(10304K)->9949K(10304K) NonClass: 8647K(8896K)->8647K(8896K) Class: 1302K(1408K)->1302K(1408K)
[264.348s][info][gc             ] GC(1033) Pause Young (System.gc()) 23M->7M(738M) 0.725ms
[264.348s][info][gc,cpu         ] GC(1033) User=0.00s Sys=0.00s Real=0.00s
[264.349s][info][gc,start       ] GC(1034) Pause Full (System.gc())
[264.349s][info][gc,phases,start] GC(1034) Marking Phase
[264.362s][info][gc,phases      ] GC(1034) Marking Phase 13.173ms
[264.362s][info][gc,phases,start] GC(1034) Summary Phase
[264.362s][info][gc,phases      ] GC(1034) Summary Phase 0.031ms
[264.362s][info][gc,phases,start] GC(1034) Adjust Roots
[264.366s][info][gc,phases      ] GC(1034) Adjust Roots 4.297ms
[264.366s][info][gc,phases,start] GC(1034) Compaction Phase
[264.370s][info][gc,phases      ] GC(1034) Compaction Phase 3.537ms
[264.370s][info][gc,phases,start] GC(1034) Post Compact
[264.370s][info][gc,phases      ] GC(1034) Post Compact 0.407ms
[264.370s][info][gc,heap        ] GC(1034) PSYoungGen: 544K(56832K)->0K(56832K) Eden: 0K(55808K)->0K(55808K) From: 544K(1024K)->0K(1024K)
[264.370s][info][gc,heap        ] GC(1034) ParOldGen: 6876K(699392K)->4076K(699392K)
[264.370s][info][gc,metaspace   ] GC(1034) Metaspace: 9949K(10304K)->9949K(10304K) NonClass: 8647K(8896K)->8647K(8896K) Class: 1302K(1408K)->1302K(1408K)
[264.370s][info][gc             ] GC(1034) Pause Full (System.gc()) 7M->3M(738M) 21.721ms
[264.370s][info][gc,cpu         ] GC(1034) User=0.28s Sys=0.00s Real=0.03s
[264.603s][info][gc,start       ] GC(1035) Pause Young (Allocation Failure)
[264.605s][info][gc,heap        ] GC(1035) PSYoungGen: 55808K(56832K)->1024K(56320K) Eden: 55808K(55808K)->0K(55296K) From: 0K(1024K)->1024K(1024K)
[264.605s][info][gc,heap        ] GC(1035) ParOldGen: 4076K(699392K)->4372K(699392K)
[264.605s][info][gc,metaspace   ] GC(1035) Metaspace: 9949K(10304K)->9949K(10304K) NonClass: 8647K(8896K)->8647K(8896K) Class: 1302K(1408K)->1302K(1408K)
[264.605s][info][gc             ] GC(1035) Pause Young (Allocation Failure) 58M->5M(738M) 1.340ms
[264.605s][info][gc,cpu         ] GC(1035) User=0.00s Sys=0.00s Real=0.00s
[264.830s][info][gc,start       ] GC(1036) Pause Young (Allocation Failure)
[264.831s][info][gc,heap        ] GC(1036) PSYoungGen: 56320K(56320K)->1216K(56832K) Eden: 55296K(55296K)->0K(55296K) From: 1024K(1024K)->1216K(1536K)
[264.831s][info][gc,heap        ] GC(1036) ParOldGen: 4372K(699392K)->4828K(699392K)
[264.831s][info][gc,metaspace   ] GC(1036) Metaspace: 9949K(10304K)->9949K(10304K) NonClass: 8647K(8896K)->8647K(8896K) Class: 1302K(1408K)->1302K(1408K)
[264.831s][info][gc             ] GC(1036) Pause Young (Allocation Failure) 59M->5M(738M) 1.251ms
[264.831s][info][gc,cpu         ] GC(1036) User=0.00s Sys=0.00s Real=0.00s
[265.056s][info][gc,start       ] GC(1037) Pause Young (Allocation Failure)
[265.057s][info][gc,heap        ] GC(1037) PSYoungGen: 56512K(56832K)->864K(56832K) Eden: 55296K(55296K)->0K(55296K) From: 1216K(1536K)->864K(1536K)
[265.057s][info][gc,heap        ] GC(1037) ParOldGen: 4828K(699392K)->5092K(699392K)
[265.057s][info][gc,metaspace   ] GC(1037) Metaspace: 9949K(10304K)->9949K(10304K) NonClass: 8647K(8896K)->8647K(8896K) Class: 1302K(1408K)->1302K(1408K)
[265.057s][info][gc             ] GC(1037) Pause Young (Allocation Failure) 59M->5M(738M) 0.936ms
[265.057s][info][gc,cpu         ] GC(1037) User=0.00s Sys=0.00s Real=0.00s
[265.284s][info][gc,start       ] GC(1038) Pause Young (Allocation Failure)
[265.285s][info][gc,heap        ] GC(1038) PSYoungGen: 56160K(56832K)->1024K(56832K) Eden: 55296K(55296K)->0K(55296K) From: 864K(1536K)->1024K(1536K)
[265.285s][info][gc,heap        ] GC(1038) ParOldGen: 5092K(699392K)->5316K(699392K)
[265.285s][info][gc,metaspace   ] GC(1038) Metaspace: 9949K(10304K)->9949K(10304K) NonClass: 8647K(8896K)->8647K(8896K) Class: 1302K(1408K)->1302K(1408K)
[265.285s][info][gc             ] GC(1038) Pause Young (Allocation Failure) 59M->6M(738M) 1.003ms
[265.285s][info][gc,cpu         ] GC(1038) User=0.00s Sys=0.00s Real=0.00s
[265.512s][info][gc,start       ] GC(1039) Pause Young (Allocation Failure)
[265.513s][info][gc,heap        ] GC(1039) PSYoungGen: 56320K(56832K)->672K(56832K) Eden: 55296K(55296K)->0K(55296K) From: 1024K(1536K)->672K(1536K)
[265.513s][info][gc,heap        ] GC(1039) ParOldGen: 5316K(699392K)->5580K(699392K)
[265.513s][info][gc,metaspace   ] GC(1039) Metaspace: 9949K(10304K)->9949K(10304K) NonClass: 8647K(8896K)->8647K(8896K) Class: 1302K(1408K)->1302K(1408K)
[265.513s][info][gc             ] GC(1039) Pause Young (Allocation Failure) 60M->6M(738M) 0.971ms
[265.513s][info][gc,cpu         ] GC(1039) User=0.00s Sys=0.00s Real=0.00s
[265.744s][info][gc,start       ] GC(1040) Pause Young (Allocation Failure)
[265.745s][info][gc,heap        ] GC(1040) PSYoungGen: 55968K(56832K)->608K(56832K) Eden: 55296K(55296K)->0K(55296K) From: 672K(1536K)->608K(1536K)
[265.745s][info][gc,heap        ] GC(1040) ParOldGen: 5580K(699392K)->5580K(699392K)
[265.745s][info][gc,metaspace   ] GC(1040) Metaspace: 9949K(10304K)->9949K(10304K) NonClass: 8647K(8896K)->8647K(8896K) Class: 1302K(1408K)->1302K(1408K)
[265.745s][info][gc             ] GC(1040) Pause Young (Allocation Failure) 60M->6M(738M) 0.802ms
[265.745s][info][gc,cpu         ] GC(1040) User=0.00s Sys=0.00s Real=0.00s
[265.973s][info][gc,start       ] GC(1041) Pause Young (Allocation Failure)
[265.973s][info][gc,heap        ] GC(1041) PSYoungGen: 55904K(56832K)->640K(56832K) Eden: 55296K(55296K)->0K(55296K) From: 608K(1536K)->640K(1536K)
[265.973s][info][gc,heap        ] GC(1041) ParOldGen: 5580K(699392K)->5580K(699392K)
[265.973s][info][gc,metaspace   ] GC(1041) Metaspace: 9949K(10304K)->9949K(10304K) NonClass: 8647K(8896K)->8647K(8896K) Class: 1302K(1408K)->1302K(1408K)
[265.973s][info][gc             ] GC(1041) Pause Young (Allocation Failure) 60M->6M(738M) 0.830ms
[265.973s][info][gc,cpu         ] GC(1041) User=0.00s Sys=0.00s Real=0.00s
[266.191s][info][gc,start       ] GC(1042) Pause Young (Allocation Failure)
[266.192s][info][gc,heap        ] GC(1042) PSYoungGen: 55936K(56832K)->736K(56832K) Eden: 55296K(55296K)->0K(55296K) From: 640K(1536K)->736K(1536K)
[266.192s][info][gc,heap        ] GC(1042) ParOldGen: 5580K(699392K)->5580K(699392K)
[266.192s][info][gc,metaspace   ] GC(1042) Metaspace: 9949K(10304K)->9949K(10304K) NonClass: 8647K(8896K)->8647K(8896K) Class: 1302K(1408K)->1302K(1408K)
[266.192s][info][gc             ] GC(1042) Pause Young (Allocation Failure) 60M->6M(738M) 0.840ms
[266.192s][info][gc,cpu         ] GC(1042) User=0.00s Sys=0.00s Real=0.00s
[266.419s][info][gc,start       ] GC(1043) Pause Young (Allocation Failure)
[266.420s][info][gc,heap        ] GC(1043) PSYoungGen: 56032K(56832K)->704K(56832K) Eden: 55296K(55296K)->0K(55296K) From: 736K(1536K)->704K(1536K)
[266.420s][info][gc,heap        ] GC(1043) ParOldGen: 5580K(699392K)->5580K(699392K)
[266.420s][info][gc,metaspace   ] GC(1043) Metaspace: 9949K(10304K)->9949K(10304K) NonClass: 8647K(8896K)->8647K(8896K) Class: 1302K(1408K)->1302K(1408K)
[266.420s][info][gc             ] GC(1043) Pause Young (Allocation Failure) 60M->6M(738M) 0.838ms
[266.420s][info][gc,cpu         ] GC(1043) User=0.00s Sys=0.00s Real=0.00s
[266.639s][info][gc,start       ] GC(1044) Pause Young (Allocation Failure)
[266.640s][info][gc,heap        ] GC(1044) PSYoungGen: 56000K(56832K)->640K(56832K) Eden: 55296K(55296K)->0K(55296K) From: 704K(1536K)->640K(1536K)
[266.640s][info][gc,heap        ] GC(1044) ParOldGen: 5580K(699392K)->5580K(699392K)
[266.640s][info][gc,metaspace   ] GC(1044) Metaspace: 9949K(10304K)->9949K(10304K) NonClass: 8647K(8896K)->8647K(8896K) Class: 1302K(1408K)->1302K(1408K)
[266.640s][info][gc             ] GC(1044) Pause Young (Allocation Failure) 60M->6M(738M) 0.812ms
[266.640s][info][gc,cpu         ] GC(1044) User=0.00s Sys=0.00s Real=0.00s
[266.852s][info][gc,start       ] GC(1045) Pause Young (Allocation Failure)
[266.853s][info][gc,heap        ] GC(1045) PSYoungGen: 55936K(56832K)->704K(56832K) Eden: 55296K(55296K)->0K(55296K) From: 640K(1536K)->704K(1536K)
[266.853s][info][gc,heap        ] GC(1045) ParOldGen: 5580K(699392K)->5580K(699392K)
[266.853s][info][gc,metaspace   ] GC(1045) Metaspace: 9949K(10304K)->9949K(10304K) NonClass: 8647K(8896K)->8647K(8896K) Class: 1302K(1408K)->1302K(1408K)
[266.853s][info][gc             ] GC(1045) Pause Young (Allocation Failure) 60M->6M(738M) 0.885ms
[266.853s][info][gc,cpu         ] GC(1045) User=0.00s Sys=0.00s Real=0.00s
[267.074s][info][gc,start       ] GC(1046) Pause Young (Allocation Failure)
[267.075s][info][gc,heap        ] GC(1046) PSYoungGen: 56000K(56832K)->608K(56832K) Eden: 55296K(55296K)->0K(55296K) From: 704K(1536K)->608K(1536K)
[267.075s][info][gc,heap        ] GC(1046) ParOldGen: 5580K(699392K)->5580K(699392K)
[267.075s][info][gc,metaspace   ] GC(1046) Metaspace: 9949K(10304K)->9949K(10304K) NonClass: 8647K(8896K)->8647K(8896K) Class: 1302K(1408K)->1302K(1408K)
[267.075s][info][gc             ] GC(1046) Pause Young (Allocation Failure) 60M->6M(738M) 0.817ms
[267.075s][info][gc,cpu         ] GC(1046) User=0.00s Sys=0.00s Real=0.00s
[267.300s][info][gc,start       ] GC(1047) Pause Young (Allocation Failure)
[267.301s][info][gc,heap        ] GC(1047) PSYoungGen: 55904K(56832K)->736K(56832K) Eden: 55296K(55296K)->0K(55296K) From: 608K(1536K)->736K(1536K)
[267.301s][info][gc,heap        ] GC(1047) ParOldGen: 5580K(699392K)->5580K(699392K)
[267.301s][info][gc,metaspace   ] GC(1047) Metaspace: 9949K(10304K)->9949K(10304K) NonClass: 8647K(8896K)->8647K(8896K) Class: 1302K(1408K)->1302K(1408K)
[267.301s][info][gc             ] GC(1047) Pause Young (Allocation Failure) 60M->6M(738M) 0.842ms
[267.301s][info][gc,cpu         ] GC(1047) User=0.00s Sys=0.00s Real=0.00s
[267.527s][info][gc,start       ] GC(1048) Pause Young (Allocation Failure)
[267.528s][info][gc,heap        ] GC(1048) PSYoungGen: 56032K(56832K)->1024K(56832K) Eden: 55296K(55296K)->0K(55296K) From: 736K(1536K)->1024K(1536K)
[267.528s][info][gc,heap        ] GC(1048) ParOldGen: 5580K(699392K)->5580K(699392K)
[267.528s][info][gc,metaspace   ] GC(1048) Metaspace: 9949K(10304K)->9949K(10304K) NonClass: 8647K(8896K)->8647K(8896K) Class: 1302K(1408K)->1302K(1408K)
[267.528s][info][gc             ] GC(1048) Pause Young (Allocation Failure) 60M->6M(738M) 0.939ms
[267.528s][info][gc,cpu         ] GC(1048) User=0.00s Sys=0.00s Real=0.00s
[267.766s][info][gc,start       ] GC(1049) Pause Young (Allocation Failure)
[267.766s][info][gc,heap        ] GC(1049) PSYoungGen: 56320K(56832K)->864K(56832K) Eden: 55296K(55296K)->0K(55296K) From: 1024K(1536K)->864K(1536K)
[267.766s][info][gc,heap        ] GC(1049) ParOldGen: 5580K(699392K)->5884K(699392K)
[267.767s][info][gc,metaspace   ] GC(1049) Metaspace: 9949K(10304K)->9949K(10304K) NonClass: 8647K(8896K)->8647K(8896K) Class: 1302K(1408K)->1302K(1408K)
[267.767s][info][gc             ] GC(1049) Pause Young (Allocation Failure) 60M->6M(738M) 1.012ms
[267.767s][info][gc,cpu         ] GC(1049) User=0.00s Sys=0.00s Real=0.00s
[267.995s][info][gc,start       ] GC(1050) Pause Young (Allocation Failure)
[267.996s][info][gc,heap        ] GC(1050) PSYoungGen: 56160K(56832K)->736K(56832K) Eden: 55296K(55296K)->0K(55296K) From: 864K(1536K)->736K(1536K)
[267.996s][info][gc,heap        ] GC(1050) ParOldGen: 5884K(699392K)->6108K(699392K)
[267.996s][info][gc,metaspace   ] GC(1050) Metaspace: 9949K(10304K)->9949K(10304K) NonClass: 8647K(8896K)->8647K(8896K) Class: 1302K(1408K)->1302K(1408K)
[267.996s][info][gc             ] GC(1050) Pause Young (Allocation Failure) 60M->6M(738M) 0.901ms
[267.996s][info][gc,cpu         ] GC(1050) User=0.00s Sys=0.00s Real=0.00s
[268.218s][info][gc,start       ] GC(1051) Pause Young (Allocation Failure)
[268.219s][info][gc,heap        ] GC(1051) PSYoungGen: 56032K(56832K)->672K(56832K) Eden: 55296K(55296K)->0K(55296K) From: 736K(1536K)->672K(1536K)
[268.219s][info][gc,heap        ] GC(1051) ParOldGen: 6108K(699392K)->6108K(699392K)
[268.219s][info][gc,metaspace   ] GC(1051) Metaspace: 9949K(10304K)->9949K(10304K) NonClass: 8647K(8896K)->8647K(8896K) Class: 1302K(1408K)->1302K(1408K)
[268.219s][info][gc             ] GC(1051) Pause Young (Allocation Failure) 60M->6M(738M) 0.835ms
[268.219s][info][gc,cpu         ] GC(1051) User=0.00s Sys=0.00s Real=0.00s
[268.439s][info][gc,start       ] GC(1052) Pause Young (Allocation Failure)
[268.440s][info][gc,heap        ] GC(1052) PSYoungGen: 55968K(56832K)->640K(56832K) Eden: 55296K(55296K)->0K(55296K) From: 672K(1536K)->640K(1536K)
[268.440s][info][gc,heap        ] GC(1052) ParOldGen: 6108K(699392K)->6108K(699392K)
[268.440s][info][gc,metaspace   ] GC(1052) Metaspace: 9949K(10304K)->9949K(10304K) NonClass: 8647K(8896K)->8647K(8896K) Class: 1302K(1408K)->1302K(1408K)
[268.440s][info][gc             ] GC(1052) Pause Young (Allocation Failure) 60M->6M(738M) 0.807ms
[268.440s][info][gc,cpu         ] GC(1052) User=0.00s Sys=0.00s Real=0.00s
[268.674s][info][gc,start       ] GC(1053) Pause Young (Allocation Failure)
[268.675s][info][gc,heap        ] GC(1053) PSYoungGen: 55935K(56832K)->672K(56832K) Eden: 55295K(55296K)->0K(55296K) From: 640K(1536K)->672K(1536K)
[268.675s][info][gc,heap        ] GC(1053) ParOldGen: 6108K(699392K)->6108K(699392K)
[268.675s][info][gc,metaspace   ] GC(1053) Metaspace: 9949K(10304K)->9949K(10304K) NonClass: 8647K(8896K)->8647K(8896K) Class: 1302K(1408K)->1302K(1408K)
[268.675s][info][gc             ] GC(1053) Pause Young (Allocation Failure) 60M->6M(738M) 0.847ms
[268.675s][info][gc,cpu         ] GC(1053) User=0.00s Sys=0.00s Real=0.00s
[268.898s][info][gc,start       ] GC(1054) Pause Young (Allocation Failure)
[268.898s][info][gc,heap        ] GC(1054) PSYoungGen: 55968K(56832K)->736K(56832K) Eden: 55296K(55296K)->0K(55296K) From: 672K(1536K)->736K(1536K)
[268.898s][info][gc,heap        ] GC(1054) ParOldGen: 6108K(699392K)->6108K(699392K)
[268.898s][info][gc,metaspace   ] GC(1054) Metaspace: 9949K(10304K)->9949K(10304K) NonClass: 8647K(8896K)->8647K(8896K) Class: 1302K(1408K)->1302K(1408K)
[268.898s][info][gc             ] GC(1054) Pause Young (Allocation Failure) 60M->6M(738M) 0.815ms
[268.898s][info][gc,cpu         ] GC(1054) User=0.00s Sys=0.00s Real=0.00s
[269.117s][info][gc,start       ] GC(1055) Pause Young (Allocation Failure)
[269.117s][info][gc,heap        ] GC(1055) PSYoungGen: 56032K(56832K)->704K(56320K) Eden: 55296K(55296K)->0K(55296K) From: 736K(1536K)->704K(1024K)
[269.117s][info][gc,heap        ] GC(1055) ParOldGen: 6108K(699392K)->6108K(699392K)
[269.117s][info][gc,metaspace   ] GC(1055) Metaspace: 9949K(10304K)->9949K(10304K) NonClass: 8647K(8896K)->8647K(8896K) Class: 1302K(1408K)->1302K(1408K)
[269.117s][info][gc             ] GC(1055) Pause Young (Allocation Failure) 60M->6M(738M) 0.855ms
[269.117s][info][gc,cpu         ] GC(1055) User=0.00s Sys=0.00s Real=0.00s
[269.346s][info][gc,start       ] GC(1056) Pause Young (Allocation Failure)
[269.347s][info][gc,heap        ] GC(1056) PSYoungGen: 56000K(56320K)->960K(56320K) Eden: 55296K(55296K)->0K(55296K) From: 704K(1024K)->960K(1024K)
[269.347s][info][gc,heap        ] GC(1056) ParOldGen: 6108K(699392K)->6116K(699392K)
[269.347s][info][gc,metaspace   ] GC(1056) Metaspace: 9949K(10304K)->9949K(10304K) NonClass: 8647K(8896K)->8647K(8896K) Class: 1302K(1408K)->1302K(1408K)
[269.347s][info][gc             ] GC(1056) Pause Young (Allocation Failure) 60M->6M(738M) 0.983ms
[269.347s][info][gc,cpu         ] GC(1056) User=0.00s Sys=0.00s Real=0.00s
[269.570s][info][gc,start       ] GC(1057) Pause Young (Allocation Failure)
[269.570s][info][gc,heap        ] GC(1057) PSYoungGen: 56256K(56320K)->704K(56832K) Eden: 55296K(55296K)->0K(55296K) From: 960K(1024K)->704K(1536K)
[269.570s][info][gc,heap        ] GC(1057) ParOldGen: 6116K(699392K)->6332K(699392K)
[269.570s][info][gc,metaspace   ] GC(1057) Metaspace: 9949K(10304K)->9949K(10304K) NonClass: 8647K(8896K)->8647K(8896K) Class: 1302K(1408K)->1302K(1408K)
[269.570s][info][gc             ] GC(1057) Pause Young (Allocation Failure) 60M->6M(738M) 0.883ms
[269.571s][info][gc,cpu         ] GC(1057) User=0.00s Sys=0.00s Real=0.00s
[269.801s][info][gc,start       ] GC(1058) Pause Young (Allocation Failure)
[269.802s][info][gc,heap        ] GC(1058) PSYoungGen: 56000K(56832K)->736K(56320K) Eden: 55296K(55296K)->0K(55296K) From: 704K(1536K)->736K(1024K)
[269.802s][info][gc,heap        ] GC(1058) ParOldGen: 6332K(699392K)->6332K(699392K)
[269.802s][info][gc,metaspace   ] GC(1058) Metaspace: 9949K(10304K)->9949K(10304K) NonClass: 8647K(8896K)->8647K(8896K) Class: 1302K(1408K)->1302K(1408K)
[269.802s][info][gc             ] GC(1058) Pause Young (Allocation Failure) 60M->6M(738M) 1.037ms
[269.802s][info][gc,cpu         ] GC(1058) User=0.00s Sys=0.00s Real=0.00s
[270.026s][info][gc,start       ] GC(1059) Pause Young (Allocation Failure)
[270.026s][info][gc,heap        ] GC(1059) PSYoungGen: 56032K(56320K)->704K(56320K) Eden: 55296K(55296K)->0K(55296K) From: 736K(1024K)->704K(1024K)
[270.026s][info][gc,heap        ] GC(1059) ParOldGen: 6332K(699392K)->6332K(699392K)
[270.026s][info][gc,metaspace   ] GC(1059) Metaspace: 9949K(10304K)->9949K(10304K) NonClass: 8647K(8896K)->8647K(8896K) Class: 1302K(1408K)->1302K(1408K)
[270.026s][info][gc             ] GC(1059) Pause Young (Allocation Failure) 60M->6M(738M) 0.847ms
[270.026s][info][gc,cpu         ] GC(1059) User=0.00s Sys=0.00s Real=0.00s
[270.258s][info][gc,start       ] GC(1060) Pause Young (Allocation Failure)
[270.258s][info][gc,heap        ] GC(1060) PSYoungGen: 56000K(56320K)->544K(56320K) Eden: 55296K(55296K)->0K(55296K) From: 704K(1024K)->544K(1024K)
[270.258s][info][gc,heap        ] GC(1060) ParOldGen: 6332K(699392K)->6332K(699392K)
[270.258s][info][gc,metaspace   ] GC(1060) Metaspace: 9949K(10304K)->9949K(10304K) NonClass: 8647K(8896K)->8647K(8896K) Class: 1302K(1408K)->1302K(1408K)
[270.258s][info][gc             ] GC(1060) Pause Young (Allocation Failure) 60M->6M(738M) 0.783ms
[270.259s][info][gc,cpu         ] GC(1060) User=0.00s Sys=0.00s Real=0.00s
[270.475s][info][gc,start       ] GC(1061) Pause Young (Allocation Failure)
[270.476s][info][gc,heap        ] GC(1061) PSYoungGen: 55840K(56320K)->608K(56320K) Eden: 55296K(55296K)->0K(55296K) From: 544K(1024K)->608K(1024K)
[270.476s][info][gc,heap        ] GC(1061) ParOldGen: 6332K(699392K)->6332K(699392K)
[270.476s][info][gc,metaspace   ] GC(1061) Metaspace: 9949K(10304K)->9949K(10304K) NonClass: 8647K(8896K)->8647K(8896K) Class: 1302K(1408K)->1302K(1408K)
[270.476s][info][gc             ] GC(1061) Pause Young (Allocation Failure) 60M->6M(738M) 0.790ms
[270.476s][info][gc,cpu         ] GC(1061) User=0.00s Sys=0.00s Real=0.00s
[270.698s][info][gc,start       ] GC(1062) Pause Young (Allocation Failure)
[270.699s][info][gc,heap        ] GC(1062) PSYoungGen: 55904K(56320K)->704K(56320K) Eden: 55296K(55296K)->0K(55296K) From: 608K(1024K)->704K(1024K)
[270.699s][info][gc,heap        ] GC(1062) ParOldGen: 6332K(699392K)->6332K(699392K)
[270.699s][info][gc,metaspace   ] GC(1062) Metaspace: 9949K(10304K)->9949K(10304K) NonClass: 8647K(8896K)->8647K(8896K) Class: 1302K(1408K)->1302K(1408K)
[270.699s][info][gc             ] GC(1062) Pause Young (Allocation Failure) 60M->6M(738M) 0.830ms
[270.699s][info][gc,cpu         ] GC(1062) User=0.00s Sys=0.00s Real=0.00s
[270.913s][info][gc,start       ] GC(1063) Pause Young (Allocation Failure)
[270.914s][info][gc,heap        ] GC(1063) PSYoungGen: 56000K(56320K)->736K(56320K) Eden: 55296K(55296K)->0K(55296K) From: 704K(1024K)->736K(1024K)
[270.914s][info][gc,heap        ] GC(1063) ParOldGen: 6332K(699392K)->6332K(699392K)
[270.914s][info][gc,metaspace   ] GC(1063) Metaspace: 9949K(10304K)->9949K(10304K) NonClass: 8647K(8896K)->8647K(8896K) Class: 1302K(1408K)->1302K(1408K)
[270.914s][info][gc             ] GC(1063) Pause Young (Allocation Failure) 60M->6M(738M) 0.900ms
[270.914s][info][gc,cpu         ] GC(1063) User=0.00s Sys=0.00s Real=0.00s
[271.064s][info][gc,start       ] GC(1064) Pause Young (System.gc())
[271.065s][info][gc,heap        ] GC(1064) PSYoungGen: 37591K(56320K)->704K(56320K) Eden: 36855K(55296K)->0K(55296K) From: 736K(1024K)->704K(1024K)
[271.065s][info][gc,heap        ] GC(1064) ParOldGen: 6332K(699392K)->6332K(699392K)
[271.065s][info][gc,metaspace   ] GC(1064) Metaspace: 9949K(10304K)->9949K(10304K) NonClass: 8647K(8896K)->8647K(8896K) Class: 1302K(1408K)->1302K(1408K)
[271.065s][info][gc             ] GC(1064) Pause Young (System.gc()) 42M->6M(738M) 0.797ms
[271.065s][info][gc,cpu         ] GC(1064) User=0.00s Sys=0.00s Real=0.00s
[271.065s][info][gc,start       ] GC(1065) Pause Full (System.gc())
[271.065s][info][gc,phases,start] GC(1065) Marking Phase
[271.077s][info][gc,phases      ] GC(1065) Marking Phase 11.921ms
[271.077s][info][gc,phases,start] GC(1065) Summary Phase
[271.077s][info][gc,phases      ] GC(1065) Summary Phase 0.022ms
[271.077s][info][gc,phases,start] GC(1065) Adjust Roots
[271.081s][info][gc,phases      ] GC(1065) Adjust Roots 4.225ms
[271.081s][info][gc,phases,start] GC(1065) Compaction Phase
[271.085s][info][gc,phases      ] GC(1065) Compaction Phase 3.527ms
[271.085s][info][gc,phases,start] GC(1065) Post Compact
[271.085s][info][gc,phases      ] GC(1065) Post Compact 0.432ms
[271.085s][info][gc,heap        ] GC(1065) PSYoungGen: 704K(56320K)->0K(56320K) Eden: 0K(55296K)->0K(55296K) From: 704K(1024K)->0K(1024K)
[271.085s][info][gc,heap        ] GC(1065) ParOldGen: 6332K(699392K)->4076K(699392K)
[271.086s][info][gc,metaspace   ] GC(1065) Metaspace: 9949K(10304K)->9949K(10304K) NonClass: 8647K(8896K)->8647K(8896K) Class: 1302K(1408K)->1302K(1408K)
[271.086s][info][gc             ] GC(1065) Pause Full (System.gc()) 6M->3M(738M) 20.417ms
[271.086s][info][gc,cpu         ] GC(1065) User=0.27s Sys=0.00s Real=0.02s
[271.313s][info][gc,start       ] GC(1066) Pause Young (Allocation Failure)
[271.314s][info][gc,heap        ] GC(1066) PSYoungGen: 55296K(56320K)->1024K(55808K) Eden: 55296K(55296K)->0K(54784K) From: 0K(1024K)->1024K(1024K)
[271.314s][info][gc,heap        ] GC(1066) ParOldGen: 4076K(699392K)->4460K(699392K)
[271.314s][info][gc,metaspace   ] GC(1066) Metaspace: 9949K(10304K)->9949K(10304K) NonClass: 8647K(8896K)->8647K(8896K) Class: 1302K(1408K)->1302K(1408K)
[271.314s][info][gc             ] GC(1066) Pause Young (Allocation Failure) 57M->5M(737M) 1.320ms
[271.314s][info][gc,cpu         ] GC(1066) User=0.00s Sys=0.00s Real=0.00s
[271.534s][info][gc,start       ] GC(1067) Pause Young (Allocation Failure)
[271.535s][info][gc,heap        ] GC(1067) PSYoungGen: 55808K(55808K)->1120K(56320K) Eden: 54784K(54784K)->0K(54784K) From: 1024K(1024K)->1120K(1536K)
[271.535s][info][gc,heap        ] GC(1067) ParOldGen: 4460K(699392K)->5036K(699392K)
[271.535s][info][gc,metaspace   ] GC(1067) Metaspace: 9949K(10304K)->9949K(10304K) NonClass: 8647K(8896K)->8647K(8896K) Class: 1302K(1408K)->1302K(1408K)
[271.535s][info][gc             ] GC(1067) Pause Young (Allocation Failure) 58M->6M(738M) 1.302ms
[271.535s][info][gc,cpu         ] GC(1067) User=0.00s Sys=0.00s Real=0.00s
[271.765s][info][gc,start       ] GC(1068) Pause Young (Allocation Failure)
[271.766s][info][gc,heap        ] GC(1068) PSYoungGen: 55904K(56320K)->960K(56320K) Eden: 54784K(54784K)->0K(54784K) From: 1120K(1536K)->960K(1536K)
[271.766s][info][gc,heap        ] GC(1068) ParOldGen: 5036K(699392K)->5364K(699392K)
[271.766s][info][gc,metaspace   ] GC(1068) Metaspace: 9949K(10304K)->9949K(10304K) NonClass: 8647K(8896K)->8647K(8896K) Class: 1302K(1408K)->1302K(1408K)
[271.766s][info][gc             ] GC(1068) Pause Young (Allocation Failure) 59M->6M(738M) 1.057ms
[271.766s][info][gc,cpu         ] GC(1068) User=0.00s Sys=0.00s Real=0.00s
[271.987s][info][gc,start       ] GC(1069) Pause Young (Allocation Failure)
[271.988s][info][gc,heap        ] GC(1069) PSYoungGen: 55744K(56320K)->864K(56320K) Eden: 54784K(54784K)->0K(54784K) From: 960K(1536K)->864K(1536K)
[271.988s][info][gc,heap        ] GC(1069) ParOldGen: 5364K(699392K)->5588K(699392K)
[271.988s][info][gc,metaspace   ] GC(1069) Metaspace: 9949K(10304K)->9949K(10304K) NonClass: 8647K(8896K)->8647K(8896K) Class: 1302K(1408K)->1302K(1408K)
[271.988s][info][gc             ] GC(1069) Pause Young (Allocation Failure) 59M->6M(738M) 1.032ms
[271.988s][info][gc,cpu         ] GC(1069) User=0.00s Sys=0.00s Real=0.00s
[272.212s][info][gc,start       ] GC(1070) Pause Young (Allocation Failure)
[272.213s][info][gc,heap        ] GC(1070) PSYoungGen: 55648K(56320K)->928K(56320K) Eden: 54784K(54784K)->0K(54784K) From: 864K(1536K)->928K(1536K)
[272.213s][info][gc,heap        ] GC(1070) ParOldGen: 5588K(699392K)->5604K(699392K)
[272.213s][info][gc,metaspace   ] GC(1070) Metaspace: 9949K(10304K)->9949K(10304K) NonClass: 8647K(8896K)->8647K(8896K) Class: 1302K(1408K)->1302K(1408K)
[272.213s][info][gc             ] GC(1070) Pause Young (Allocation Failure) 59M->6M(738M) 0.902ms
[272.213s][info][gc,cpu         ] GC(1070) User=0.00s Sys=0.00s Real=0.00s
[272.440s][info][gc,start       ] GC(1071) Pause Young (Allocation Failure)
[272.440s][info][gc,heap        ] GC(1071) PSYoungGen: 55712K(56320K)->736K(56320K) Eden: 54784K(54784K)->0K(54784K) From: 928K(1536K)->736K(1536K)
[272.440s][info][gc,heap        ] GC(1071) ParOldGen: 5604K(699392K)->5604K(699392K)
[272.440s][info][gc,metaspace   ] GC(1071) Metaspace: 9949K(10304K)->9949K(10304K) NonClass: 8647K(8896K)->8647K(8896K) Class: 1302K(1408K)->1302K(1408K)
[272.440s][info][gc             ] GC(1071) Pause Young (Allocation Failure) 59M->6M(738M) 0.845ms
[272.440s][info][gc,cpu         ] GC(1071) User=0.00s Sys=0.00s Real=0.00s
[272.666s][info][gc,start       ] GC(1072) Pause Young (Allocation Failure)
[272.667s][info][gc,heap        ] GC(1072) PSYoungGen: 55519K(56320K)->1056K(56320K) Eden: 54783K(54784K)->0K(54784K) From: 736K(1536K)->1056K(1536K)
[272.667s][info][gc,heap        ] GC(1072) ParOldGen: 5604K(699392K)->5804K(699392K)
[272.667s][info][gc,metaspace   ] GC(1072) Metaspace: 9949K(10304K)->9949K(10304K) NonClass: 8647K(8896K)->8647K(8896K) Class: 1302K(1408K)->1302K(1408K)
[272.667s][info][gc             ] GC(1072) Pause Young (Allocation Failure) 59M->6M(738M) 0.999ms
[272.667s][info][gc,cpu         ] GC(1072) User=0.00s Sys=0.00s Real=0.00s
[272.896s][info][gc,start       ] GC(1073) Pause Young (Allocation Failure)
[272.897s][info][gc,heap        ] GC(1073) PSYoungGen: 55840K(56320K)->736K(56320K) Eden: 54784K(54784K)->0K(54784K) From: 1056K(1536K)->736K(1536K)
[272.897s][info][gc,heap        ] GC(1073) ParOldGen: 5804K(699392K)->6100K(699392K)
[272.897s][info][gc,metaspace   ] GC(1073) Metaspace: 9949K(10304K)->9949K(10304K) NonClass: 8647K(8896K)->8647K(8896K) Class: 1302K(1408K)->1302K(1408K)
[272.897s][info][gc             ] GC(1073) Pause Young (Allocation Failure) 60M->6M(738M) 0.944ms
[272.897s][info][gc,cpu         ] GC(1073) User=0.00s Sys=0.00s Real=0.00s
[273.119s][info][gc,start       ] GC(1074) Pause Young (Allocation Failure)
[273.120s][info][gc,heap        ] GC(1074) PSYoungGen: 55520K(56320K)->896K(56320K) Eden: 54784K(54784K)->0K(54784K) From: 736K(1536K)->896K(1536K)
[273.120s][info][gc,heap        ] GC(1074) ParOldGen: 6100K(699392K)->6124K(699392K)
[273.120s][info][gc,metaspace   ] GC(1074) Metaspace: 9949K(10304K)->9949K(10304K) NonClass: 8647K(8896K)->8647K(8896K) Class: 1302K(1408K)->1302K(1408K)
[273.120s][info][gc             ] GC(1074) Pause Young (Allocation Failure) 60M->6M(738M) 0.889ms
[273.120s][info][gc,cpu         ] GC(1074) User=0.00s Sys=0.00s Real=0.00s
[273.349s][info][gc,start       ] GC(1075) Pause Young (Allocation Failure)
[273.350s][info][gc,heap        ] GC(1075) PSYoungGen: 55680K(56320K)->896K(56320K) Eden: 54784K(54784K)->0K(54784K) From: 896K(1536K)->896K(1536K)
[273.350s][info][gc,heap        ] GC(1075) ParOldGen: 6124K(699392K)->6132K(699392K)
[273.350s][info][gc,metaspace   ] GC(1075) Metaspace: 9949K(10304K)->9949K(10304K) NonClass: 8647K(8896K)->8647K(8896K) Class: 1302K(1408K)->1302K(1408K)
[273.350s][info][gc             ] GC(1075) Pause Young (Allocation Failure) 60M->6M(738M) 0.876ms
[273.350s][info][gc,cpu         ] GC(1075) User=0.00s Sys=0.00s Real=0.00s
[273.575s][info][gc,start       ] GC(1076) Pause Young (Allocation Failure)
[273.576s][info][gc,heap        ] GC(1076) PSYoungGen: 55680K(56320K)->864K(56320K) Eden: 54784K(54784K)->0K(54784K) From: 896K(1536K)->864K(1536K)
[273.576s][info][gc,heap        ] GC(1076) ParOldGen: 6132K(699392K)->6380K(699392K)
[273.576s][info][gc,metaspace   ] GC(1076) Metaspace: 9949K(10304K)->9949K(10304K) NonClass: 8647K(8896K)->8647K(8896K) Class: 1302K(1408K)->1302K(1408K)
[273.576s][info][gc             ] GC(1076) Pause Young (Allocation Failure) 60M->7M(738M) 0.979ms
[273.576s][info][gc,cpu         ] GC(1076) User=0.00s Sys=0.00s Real=0.00s
[273.799s][info][gc,start       ] GC(1077) Pause Young (Allocation Failure)
[273.799s][info][gc,heap        ] GC(1077) PSYoungGen: 55648K(56320K)->704K(56320K) Eden: 54784K(54784K)->0K(54784K) From: 864K(1536K)->704K(1536K)
[273.799s][info][gc,heap        ] GC(1077) ParOldGen: 6380K(699392K)->6636K(699392K)
[273.800s][info][gc,metaspace   ] GC(1077) Metaspace: 9949K(10304K)->9949K(10304K) NonClass: 8647K(8896K)->8647K(8896K) Class: 1302K(1408K)->1302K(1408K)
[273.800s][info][gc             ] GC(1077) Pause Young (Allocation Failure) 60M->7M(738M) 0.933ms
[273.800s][info][gc,cpu         ] GC(1077) User=0.00s Sys=0.00s Real=0.00s
[274.027s][info][gc,start       ] GC(1078) Pause Young (Allocation Failure)
[274.028s][info][gc,heap        ] GC(1078) PSYoungGen: 55488K(56320K)->640K(56320K) Eden: 54784K(54784K)->0K(54784K) From: 704K(1536K)->640K(1536K)
[274.028s][info][gc,heap        ] GC(1078) ParOldGen: 6636K(699392K)->6636K(699392K)
[274.028s][info][gc,metaspace   ] GC(1078) Metaspace: 9949K(10304K)->9949K(10304K) NonClass: 8647K(8896K)->8647K(8896K) Class: 1302K(1408K)->1302K(1408K)
[274.028s][info][gc             ] GC(1078) Pause Young (Allocation Failure) 60M->7M(738M) 0.816ms
[274.028s][info][gc,cpu         ] GC(1078) User=0.00s Sys=0.00s Real=0.00s
[274.241s][info][gc,start       ] GC(1079) Pause Young (Allocation Failure)
[274.241s][info][gc,heap        ] GC(1079) PSYoungGen: 55424K(56320K)->608K(56320K) Eden: 54784K(54784K)->0K(54784K) From: 640K(1536K)->608K(1536K)
[274.241s][info][gc,heap        ] GC(1079) ParOldGen: 6636K(699392K)->6636K(699392K)
[274.241s][info][gc,metaspace   ] GC(1079) Metaspace: 9949K(10304K)->9949K(10304K) NonClass: 8647K(8896K)->8647K(8896K) Class: 1302K(1408K)->1302K(1408K)
[274.241s][info][gc             ] GC(1079) Pause Young (Allocation Failure) 60M->7M(738M) 0.841ms
[274.241s][info][gc,cpu         ] GC(1079) User=0.00s Sys=0.00s Real=0.00s
[274.454s][info][gc,start       ] GC(1080) Pause Young (Allocation Failure)
[274.455s][info][gc,heap        ] GC(1080) PSYoungGen: 55392K(56320K)->704K(56320K) Eden: 54784K(54784K)->0K(54784K) From: 608K(1536K)->704K(1536K)
[274.455s][info][gc,heap        ] GC(1080) ParOldGen: 6636K(699392K)->6636K(699392K)
[274.455s][info][gc,metaspace   ] GC(1080) Metaspace: 9949K(10304K)->9949K(10304K) NonClass: 8647K(8896K)->8647K(8896K) Class: 1302K(1408K)->1302K(1408K)
[274.455s][info][gc             ] GC(1080) Pause Young (Allocation Failure) 60M->7M(738M) 0.818ms
[274.455s][info][gc,cpu         ] GC(1080) User=0.00s Sys=0.00s Real=0.00s
[274.685s][info][gc,start       ] GC(1081) Pause Young (Allocation Failure)
[274.686s][info][gc,heap        ] GC(1081) PSYoungGen: 55488K(56320K)->672K(56320K) Eden: 54784K(54784K)->0K(54784K) From: 704K(1536K)->672K(1536K)
[274.686s][info][gc,heap        ] GC(1081) ParOldGen: 6636K(699392K)->6636K(699392K)
[274.686s][info][gc,metaspace   ] GC(1081) Metaspace: 9949K(10304K)->9949K(10304K) NonClass: 8647K(8896K)->8647K(8896K) Class: 1302K(1408K)->1302K(1408K)
[274.686s][info][gc             ] GC(1081) Pause Young (Allocation Failure) 60M->7M(738M) 0.821ms
[274.686s][info][gc,cpu         ] GC(1081) User=0.00s Sys=0.00s Real=0.00s
[274.904s][info][gc,start       ] GC(1082) Pause Young (Allocation Failure)
[274.904s][info][gc,heap        ] GC(1082) PSYoungGen: 55456K(56320K)->672K(56320K) Eden: 54784K(54784K)->0K(54784K) From: 672K(1536K)->672K(1536K)
[274.904s][info][gc,heap        ] GC(1082) ParOldGen: 6636K(699392K)->6636K(699392K)
[274.904s][info][gc,metaspace   ] GC(1082) Metaspace: 9949K(10304K)->9949K(10304K) NonClass: 8647K(8896K)->8647K(8896K) Class: 1302K(1408K)->1302K(1408K)
[274.904s][info][gc             ] GC(1082) Pause Young (Allocation Failure) 60M->7M(738M) 0.834ms
[274.904s][info][gc,cpu         ] GC(1082) User=0.00s Sys=0.00s Real=0.00s
[275.126s][info][gc,start       ] GC(1083) Pause Young (Allocation Failure)
[275.127s][info][gc,heap        ] GC(1083) PSYoungGen: 55456K(56320K)->640K(56320K) Eden: 54784K(54784K)->0K(54784K) From: 672K(1536K)->640K(1536K)
[275.127s][info][gc,heap        ] GC(1083) ParOldGen: 6636K(699392K)->6636K(699392K)
[275.127s][info][gc,metaspace   ] GC(1083) Metaspace: 9949K(10304K)->9949K(10304K) NonClass: 8647K(8896K)->8647K(8896K) Class: 1302K(1408K)->1302K(1408K)
[275.127s][info][gc             ] GC(1083) Pause Young (Allocation Failure) 60M->7M(738M) 0.840ms
[275.127s][info][gc,cpu         ] GC(1083) User=0.00s Sys=0.00s Real=0.00s
[275.356s][info][gc,start       ] GC(1084) Pause Young (Allocation Failure)
[275.357s][info][gc,heap        ] GC(1084) PSYoungGen: 55424K(56320K)->608K(56320K) Eden: 54784K(54784K)->0K(54784K) From: 640K(1536K)->608K(1536K)
[275.357s][info][gc,heap        ] GC(1084) ParOldGen: 6636K(699392K)->6636K(699392K)
[275.357s][info][gc,metaspace   ] GC(1084) Metaspace: 9949K(10304K)->9949K(10304K) NonClass: 8647K(8896K)->8647K(8896K) Class: 1302K(1408K)->1302K(1408K)
[275.357s][info][gc             ] GC(1084) Pause Young (Allocation Failure) 60M->7M(738M) 0.857ms
[275.357s][info][gc,cpu         ] GC(1084) User=0.00s Sys=0.00s Real=0.00s
[275.573s][info][gc,start       ] GC(1085) Pause Young (Allocation Failure)
[275.574s][info][gc,heap        ] GC(1085) PSYoungGen: 55392K(56320K)->640K(56320K) Eden: 54784K(54784K)->0K(54784K) From: 608K(1536K)->640K(1536K)
[275.574s][info][gc,heap        ] GC(1085) ParOldGen: 6636K(699392K)->6636K(699392K)
[275.574s][info][gc,metaspace   ] GC(1085) Metaspace: 9949K(10304K)->9949K(10304K) NonClass: 8647K(8896K)->8647K(8896K) Class: 1302K(1408K)->1302K(1408K)
[275.574s][info][gc             ] GC(1085) Pause Young (Allocation Failure) 60M->7M(738M) 0.814ms
[275.574s][info][gc,cpu         ] GC(1085) User=0.00s Sys=0.00s Real=0.00s
[275.786s][info][gc,start       ] GC(1086) Pause Young (Allocation Failure)
[275.787s][info][gc,heap        ] GC(1086) PSYoungGen: 55424K(56320K)->640K(56320K) Eden: 54784K(54784K)->0K(54784K) From: 640K(1536K)->640K(1536K)
[275.787s][info][gc,heap        ] GC(1086) ParOldGen: 6636K(699392K)->6636K(699392K)
[275.787s][info][gc,metaspace   ] GC(1086) Metaspace: 9949K(10304K)->9949K(10304K) NonClass: 8647K(8896K)->8647K(8896K) Class: 1302K(1408K)->1302K(1408K)
[275.787s][info][gc             ] GC(1086) Pause Young (Allocation Failure) 60M->7M(738M) 0.806ms
[275.787s][info][gc,cpu         ] GC(1086) User=0.00s Sys=0.00s Real=0.00s
[276.013s][info][gc,start       ] GC(1087) Pause Young (Allocation Failure)
[276.014s][info][gc,heap        ] GC(1087) PSYoungGen: 55424K(56320K)->736K(55808K) Eden: 54784K(54784K)->0K(54784K) From: 640K(1536K)->736K(1024K)
[276.014s][info][gc,heap        ] GC(1087) ParOldGen: 6636K(699392K)->6636K(699392K)
[276.014s][info][gc,metaspace   ] GC(1087) Metaspace: 9949K(10304K)->9949K(10304K) NonClass: 8647K(8896K)->8647K(8896K) Class: 1302K(1408K)->1302K(1408K)
[276.014s][info][gc             ] GC(1087) Pause Young (Allocation Failure) 60M->7M(737M) 0.979ms
[276.014s][info][gc,cpu         ] GC(1087) User=0.00s Sys=0.00s Real=0.00s
[276.232s][info][gc,start       ] GC(1088) Pause Young (Allocation Failure)
[276.233s][info][gc,heap        ] GC(1088) PSYoungGen: 55520K(55808K)->576K(55808K) Eden: 54784K(54784K)->0K(54784K) From: 736K(1024K)->576K(1024K)
[276.233s][info][gc,heap        ] GC(1088) ParOldGen: 6636K(699392K)->6636K(699392K)
[276.233s][info][gc,metaspace   ] GC(1088) Metaspace: 9949K(10304K)->9949K(10304K) NonClass: 8647K(8896K)->8647K(8896K) Class: 1302K(1408K)->1302K(1408K)
[276.233s][info][gc             ] GC(1088) Pause Young (Allocation Failure) 60M->7M(737M) 0.781ms
[276.233s][info][gc,cpu         ] GC(1088) User=0.00s Sys=0.00s Real=0.00s
[276.461s][info][gc,start       ] GC(1089) Pause Young (Allocation Failure)
[276.462s][info][gc,heap        ] GC(1089) PSYoungGen: 55360K(55808K)->960K(55808K) Eden: 54784K(54784K)->0K(54784K) From: 576K(1024K)->960K(1024K)
[276.462s][info][gc,heap        ] GC(1089) ParOldGen: 6636K(699392K)->6708K(699392K)
[276.462s][info][gc,metaspace   ] GC(1089) Metaspace: 9949K(10304K)->9949K(10304K) NonClass: 8647K(8896K)->8647K(8896K) Class: 1302K(1408K)->1302K(1408K)
[276.462s][info][gc             ] GC(1089) Pause Young (Allocation Failure) 60M->7M(737M) 0.922ms
[276.462s][info][gc,cpu         ] GC(1089) User=0.00s Sys=0.00s Real=0.00s
[276.685s][info][gc,start       ] GC(1090) Pause Young (Allocation Failure)
[276.686s][info][gc,heap        ] GC(1090) PSYoungGen: 55744K(55808K)->992K(56320K) Eden: 54784K(54784K)->0K(54784K) From: 960K(1024K)->992K(1536K)
[276.686s][info][gc,heap        ] GC(1090) ParOldGen: 6708K(699392K)->6796K(699392K)
[276.686s][info][gc,metaspace   ] GC(1090) Metaspace: 9949K(10304K)->9949K(10304K) NonClass: 8647K(8896K)->8647K(8896K) Class: 1302K(1408K)->1302K(1408K)
[276.686s][info][gc             ] GC(1090) Pause Young (Allocation Failure) 60M->7M(738M) 0.917ms
[276.686s][info][gc,cpu         ] GC(1090) User=0.00s Sys=0.00s Real=0.00s
[276.905s][info][gc,start       ] GC(1091) Pause Young (Allocation Failure)
[276.906s][info][gc,heap        ] GC(1091) PSYoungGen: 55776K(56320K)->608K(56320K) Eden: 54784K(54784K)->0K(54784K) From: 992K(1536K)->608K(1536K)
[276.906s][info][gc,heap        ] GC(1091) ParOldGen: 6796K(699392K)->7076K(699392K)
[276.906s][info][gc,metaspace   ] GC(1091) Metaspace: 9949K(10304K)->9949K(10304K) NonClass: 8647K(8896K)->8647K(8896K) Class: 1302K(1408K)->1302K(1408K)
[276.906s][info][gc             ] GC(1091) Pause Young (Allocation Failure) 61M->7M(738M) 0.912ms
[276.906s][info][gc,cpu         ] GC(1091) User=0.00s Sys=0.00s Real=0.00s
[277.138s][info][gc,start       ] GC(1092) Pause Young (Allocation Failure)
[277.138s][info][gc,heap        ] GC(1092) PSYoungGen: 55392K(56320K)->928K(56320K) Eden: 54784K(54784K)->0K(54784K) From: 608K(1536K)->928K(1536K)
[277.139s][info][gc,heap        ] GC(1092) ParOldGen: 7076K(699392K)->7076K(699392K)
[277.139s][info][gc,metaspace   ] GC(1092) Metaspace: 9949K(10304K)->9949K(10304K) NonClass: 8647K(8896K)->8647K(8896K) Class: 1302K(1408K)->1302K(1408K)
[277.139s][info][gc             ] GC(1092) Pause Young (Allocation Failure) 61M->7M(738M) 0.956ms
[277.139s][info][gc,cpu         ] GC(1092) User=0.00s Sys=0.00s Real=0.00s
[277.359s][info][gc,start       ] GC(1093) Pause Young (Allocation Failure)
[277.360s][info][gc,heap        ] GC(1093) PSYoungGen: 55712K(56320K)->704K(56320K) Eden: 54784K(54784K)->0K(54784K) From: 928K(1536K)->704K(1536K)
[277.360s][info][gc,heap        ] GC(1093) ParOldGen: 7076K(699392K)->7332K(699392K)
[277.360s][info][gc,metaspace   ] GC(1093) Metaspace: 9949K(10304K)->9949K(10304K) NonClass: 8647K(8896K)->8647K(8896K) Class: 1302K(1408K)->1302K(1408K)
[277.360s][info][gc             ] GC(1093) Pause Young (Allocation Failure) 61M->7M(738M) 0.895ms
[277.360s][info][gc,cpu         ] GC(1093) User=0.00s Sys=0.00s Real=0.00s
[277.587s][info][gc,start       ] GC(1094) Pause Young (Allocation Failure)
[277.587s][info][gc,heap        ] GC(1094) PSYoungGen: 55488K(56320K)->544K(56320K) Eden: 54784K(54784K)->0K(54784K) From: 704K(1536K)->544K(1536K)
[277.587s][info][gc,heap        ] GC(1094) ParOldGen: 7332K(699392K)->7332K(699392K)
[277.587s][info][gc,metaspace   ] GC(1094) Metaspace: 9949K(10304K)->9949K(10304K) NonClass: 8647K(8896K)->8647K(8896K) Class: 1302K(1408K)->1302K(1408K)
[277.588s][info][gc             ] GC(1094) Pause Young (Allocation Failure) 61M->7M(738M) 0.774ms
[277.588s][info][gc,cpu         ] GC(1094) User=0.00s Sys=0.00s Real=0.00s
[277.781s][info][gc,start       ] GC(1095) Pause Young (System.gc())
[277.781s][info][gc,heap        ] GC(1095) PSYoungGen: 48503K(56320K)->608K(56320K) Eden: 47959K(54784K)->0K(54784K) From: 544K(1536K)->608K(1536K)
[277.781s][info][gc,heap        ] GC(1095) ParOldGen: 7332K(699392K)->7332K(699392K)
[277.781s][info][gc,metaspace   ] GC(1095) Metaspace: 9951K(10304K)->9951K(10304K) NonClass: 8648K(8896K)->8648K(8896K) Class: 1302K(1408K)->1302K(1408K)
[277.781s][info][gc             ] GC(1095) Pause Young (System.gc()) 54M->7M(738M) 0.747ms
[277.781s][info][gc,cpu         ] GC(1095) User=0.00s Sys=0.00s Real=0.00s
[277.782s][info][gc,start       ] GC(1096) Pause Full (System.gc())
[277.782s][info][gc,phases,start] GC(1096) Marking Phase
[277.794s][info][gc,phases      ] GC(1096) Marking Phase 12.706ms
[277.794s][info][gc,phases,start] GC(1096) Summary Phase
[277.794s][info][gc,phases      ] GC(1096) Summary Phase 0.032ms
[277.794s][info][gc,phases,start] GC(1096) Adjust Roots
[277.799s][info][gc,phases      ] GC(1096) Adjust Roots 4.281ms
[277.799s][info][gc,phases,start] GC(1096) Compaction Phase
[277.802s][info][gc,phases      ] GC(1096) Compaction Phase 3.552ms
[277.802s][info][gc,phases,start] GC(1096) Post Compact
[277.803s][info][gc,phases      ] GC(1096) Post Compact 0.417ms
[277.803s][info][gc,heap        ] GC(1096) PSYoungGen: 608K(56320K)->0K(56320K) Eden: 0K(54784K)->0K(54784K) From: 608K(1536K)->0K(1536K)
[277.803s][info][gc,heap        ] GC(1096) ParOldGen: 7332K(699392K)->4076K(699392K)
[277.803s][info][gc,metaspace   ] GC(1096) Metaspace: 9951K(10304K)->9951K(10304K) NonClass: 8648K(8896K)->8648K(8896K) Class: 1302K(1408K)->1302K(1408K)
[277.803s][info][gc             ] GC(1096) Pause Full (System.gc()) 7M->3M(738M) 21.377ms
[277.803s][info][gc,cpu         ] GC(1096) User=0.02s Sys=0.00s Real=0.01s
[278.031s][info][gc,start       ] GC(1097) Pause Young (Allocation Failure)
[278.032s][info][gc,heap        ] GC(1097) PSYoungGen: 54784K(56320K)->1536K(56320K) Eden: 54784K(54784K)->0K(54784K) From: 0K(1536K)->1536K(1536K)
[278.032s][info][gc,heap        ] GC(1097) ParOldGen: 4076K(699392K)->4084K(699392K)
[278.032s][info][gc,metaspace   ] GC(1097) Metaspace: 9959K(10304K)->9959K(10304K) NonClass: 8657K(8896K)->8657K(8896K) Class: 1302K(1408K)->1302K(1408K)
[278.032s][info][gc             ] GC(1097) Pause Young (Allocation Failure) 57M->5M(738M) 1.229ms
[278.032s][info][gc,cpu         ] GC(1097) User=0.00s Sys=0.00s Real=0.00s
[278.256s][info][gc,start       ] GC(1098) Pause Young (Allocation Failure)
[278.257s][info][gc,heap        ] GC(1098) PSYoungGen: 56320K(56320K)->1344K(56320K) Eden: 54784K(54784K)->0K(54784K) From: 1536K(1536K)->1344K(1536K)
[278.257s][info][gc,heap        ] GC(1098) ParOldGen: 4084K(699392K)->4188K(699392K)
[278.257s][info][gc,metaspace   ] GC(1098) Metaspace: 9959K(10304K)->9959K(10304K) NonClass: 8657K(8896K)->8657K(8896K) Class: 1302K(1408K)->1302K(1408K)
[278.257s][info][gc             ] GC(1098) Pause Young (Allocation Failure) 58M->5M(738M) 1.043ms
[278.257s][info][gc,cpu         ] GC(1098) User=0.00s Sys=0.00s Real=0.00s
[278.469s][info][gc,start       ] GC(1099) Pause Young (Allocation Failure)
[278.470s][info][gc,heap        ] GC(1099) PSYoungGen: 56128K(56320K)->992K(56320K) Eden: 54784K(54784K)->0K(54784K) From: 1344K(1536K)->992K(1536K)
[278.470s][info][gc,heap        ] GC(1099) ParOldGen: 4188K(699392K)->4652K(699392K)
[278.470s][info][gc,metaspace   ] GC(1099) Metaspace: 9959K(10304K)->9959K(10304K) NonClass: 8657K(8896K)->8657K(8896K) Class: 1302K(1408K)->1302K(1408K)
[278.470s][info][gc             ] GC(1099) Pause Young (Allocation Failure) 58M->5M(738M) 1.125ms
[278.470s][info][gc,cpu         ] GC(1099) User=0.00s Sys=0.00s Real=0.00s
[278.705s][info][gc,start       ] GC(1100) Pause Young (Allocation Failure)
[278.706s][info][gc,heap        ] GC(1100) PSYoungGen: 55776K(56320K)->960K(56320K) Eden: 54784K(54784K)->0K(54784K) From: 992K(1536K)->960K(1536K)
[278.706s][info][gc,heap        ] GC(1100) ParOldGen: 4652K(699392K)->4908K(699392K)
[278.706s][info][gc,metaspace   ] GC(1100) Metaspace: 9959K(10304K)->9959K(10304K) NonClass: 8657K(8896K)->8657K(8896K) Class: 1302K(1408K)->1302K(1408K)
[278.706s][info][gc             ] GC(1100) Pause Young (Allocation Failure) 59M->5M(738M) 0.986ms
[278.706s][info][gc,cpu         ] GC(1100) User=0.00s Sys=0.00s Real=0.00s
[278.935s][info][gc,start       ] GC(1101) Pause Young (Allocation Failure)
[278.936s][info][gc,heap        ] GC(1101) PSYoungGen: 55744K(56320K)->1024K(56320K) Eden: 54784K(54784K)->0K(54784K) From: 960K(1536K)->1024K(1536K)
[278.936s][info][gc,heap        ] GC(1101) ParOldGen: 4908K(699392K)->4908K(699392K)
[278.936s][info][gc,metaspace   ] GC(1101) Metaspace: 9959K(10304K)->9959K(10304K) NonClass: 8657K(8896K)->8657K(8896K) Class: 1302K(1408K)->1302K(1408K)
[278.936s][info][gc             ] GC(1101) Pause Young (Allocation Failure) 59M->5M(738M) 0.902ms
[278.936s][info][gc,cpu         ] GC(1101) User=0.00s Sys=0.00s Real=0.00s
[279.165s][info][gc,start       ] GC(1102) Pause Young (Allocation Failure)
[279.166s][info][gc,heap        ] GC(1102) PSYoungGen: 55808K(56320K)->768K(56320K) Eden: 54784K(54784K)->0K(54784K) From: 1024K(1536K)->768K(1536K)
[279.166s][info][gc,heap        ] GC(1102) ParOldGen: 4908K(699392K)->5172K(699392K)
[279.166s][info][gc,metaspace   ] GC(1102) Metaspace: 9959K(10304K)->9959K(10304K) NonClass: 8657K(8896K)->8657K(8896K) Class: 1302K(1408K)->1302K(1408K)
[279.166s][info][gc             ] GC(1102) Pause Young (Allocation Failure) 59M->5M(738M) 0.912ms
[279.166s][info][gc,cpu         ] GC(1102) User=0.00s Sys=0.00s Real=0.00s
[279.380s][info][gc,start       ] GC(1103) Pause Young (Allocation Failure)
[279.380s][info][gc,heap        ] GC(1103) PSYoungGen: 55552K(56320K)->896K(56320K) Eden: 54784K(54784K)->0K(54784K) From: 768K(1536K)->896K(1536K)
[279.380s][info][gc,heap        ] GC(1103) ParOldGen: 5172K(699392K)->5172K(699392K)
[279.380s][info][gc,metaspace   ] GC(1103) Metaspace: 9959K(10304K)->9959K(10304K) NonClass: 8657K(8896K)->8657K(8896K) Class: 1302K(1408K)->1302K(1408K)
[279.380s][info][gc             ] GC(1103) Pause Young (Allocation Failure) 59M->5M(738M) 0.867ms
[279.380s][info][gc,cpu         ] GC(1103) User=0.00s Sys=0.00s Real=0.00s
[279.611s][info][gc,start       ] GC(1104) Pause Young (Allocation Failure)
[279.612s][info][gc,heap        ] GC(1104) PSYoungGen: 55680K(56320K)->800K(56320K) Eden: 54784K(54784K)->0K(54784K) From: 896K(1536K)->800K(1536K)
[279.612s][info][gc,heap        ] GC(1104) ParOldGen: 5172K(699392K)->5412K(699392K)
[279.612s][info][gc,metaspace   ] GC(1104) Metaspace: 9959K(10304K)->9959K(10304K) NonClass: 8657K(8896K)->8657K(8896K) Class: 1302K(1408K)->1302K(1408K)
[279.612s][info][gc             ] GC(1104) Pause Young (Allocation Failure) 59M->6M(738M) 0.883ms
[279.612s][info][gc,cpu         ] GC(1104) User=0.00s Sys=0.00s Real=0.00s
[279.831s][info][gc,start       ] GC(1105) Pause Young (Allocation Failure)
[279.832s][info][gc,heap        ] GC(1105) PSYoungGen: 55584K(56320K)->928K(56320K) Eden: 54784K(54784K)->0K(54784K) From: 800K(1536K)->928K(1536K)
[279.832s][info][gc,heap        ] GC(1105) ParOldGen: 5412K(699392K)->5500K(699392K)
[279.832s][info][gc,metaspace   ] GC(1105) Metaspace: 9959K(10304K)->9959K(10304K) NonClass: 8657K(8896K)->8657K(8896K) Class: 1302K(1408K)->1302K(1408K)
[279.832s][info][gc             ] GC(1105) Pause Young (Allocation Failure) 59M->6M(738M) 0.928ms
[279.832s][info][gc,cpu         ] GC(1105) User=0.00s Sys=0.00s Real=0.00s
[280.059s][info][gc,start       ] GC(1106) Pause Young (Allocation Failure)
[280.060s][info][gc,heap        ] GC(1106) PSYoungGen: 55712K(56320K)->1056K(56320K) Eden: 54784K(54784K)->0K(54784K) From: 928K(1536K)->1056K(1536K)
[280.060s][info][gc,heap        ] GC(1106) ParOldGen: 5500K(699392K)->5780K(699392K)
[280.060s][info][gc,metaspace   ] GC(1106) Metaspace: 9959K(10304K)->9959K(10304K) NonClass: 8657K(8896K)->8657K(8896K) Class: 1302K(1408K)->1302K(1408K)
[280.060s][info][gc             ] GC(1106) Pause Young (Allocation Failure) 59M->6M(738M) 1.133ms
[280.060s][info][gc,cpu         ] GC(1106) User=0.00s Sys=0.00s Real=0.00s
[280.280s][info][gc,start       ] GC(1107) Pause Young (Allocation Failure)
[280.281s][info][gc,heap        ] GC(1107) PSYoungGen: 55840K(56320K)->640K(56320K) Eden: 54784K(54784K)->0K(54784K) From: 1056K(1536K)->640K(1536K)
[280.281s][info][gc,heap        ] GC(1107) ParOldGen: 5780K(699392K)->6172K(699392K)
[280.281s][info][gc,metaspace   ] GC(1107) Metaspace: 9959K(10304K)->9959K(10304K) NonClass: 8657K(8896K)->8657K(8896K) Class: 1302K(1408K)->1302K(1408K)
[280.281s][info][gc             ] GC(1107) Pause Young (Allocation Failure) 60M->6M(738M) 1.004ms
[280.281s][info][gc,cpu         ] GC(1107) User=0.00s Sys=0.00s Real=0.00s
[280.513s][info][gc,start       ] GC(1108) Pause Young (Allocation Failure)
[280.514s][info][gc,heap        ] GC(1108) PSYoungGen: 55424K(56320K)->640K(56320K) Eden: 54784K(54784K)->0K(54784K) From: 640K(1536K)->640K(1536K)
[280.514s][info][gc,heap        ] GC(1108) ParOldGen: 6172K(699392K)->6172K(699392K)
[280.514s][info][gc,metaspace   ] GC(1108) Metaspace: 9959K(10304K)->9959K(10304K) NonClass: 8657K(8896K)->8657K(8896K) Class: 1302K(1408K)->1302K(1408K)
[280.514s][info][gc             ] GC(1108) Pause Young (Allocation Failure) 60M->6M(738M) 0.829ms
[280.514s][info][gc,cpu         ] GC(1108) User=0.00s Sys=0.00s Real=0.00s
[280.739s][info][gc,start       ] GC(1109) Pause Young (Allocation Failure)
[280.740s][info][gc,heap        ] GC(1109) PSYoungGen: 55424K(56320K)->672K(56320K) Eden: 54784K(54784K)->0K(54784K) From: 640K(1536K)->672K(1536K)
[280.740s][info][gc,heap        ] GC(1109) ParOldGen: 6172K(699392K)->6172K(699392K)
[280.740s][info][gc,metaspace   ] GC(1109) Metaspace: 9959K(10304K)->9959K(10304K) NonClass: 8657K(8896K)->8657K(8896K) Class: 1302K(1408K)->1302K(1408K)
[280.740s][info][gc             ] GC(1109) Pause Young (Allocation Failure) 60M->6M(738M) 0.799ms
[280.740s][info][gc,cpu         ] GC(1109) User=0.00s Sys=0.00s Real=0.00s
[280.955s][info][gc,start       ] GC(1110) Pause Young (Allocation Failure)
[280.956s][info][gc,heap        ] GC(1110) PSYoungGen: 55456K(56320K)->704K(56320K) Eden: 54784K(54784K)->0K(54784K) From: 672K(1536K)->704K(1536K)
[280.956s][info][gc,heap        ] GC(1110) ParOldGen: 6172K(699392K)->6172K(699392K)
[280.956s][info][gc,metaspace   ] GC(1110) Metaspace: 9959K(10304K)->9959K(10304K) NonClass: 8657K(8896K)->8657K(8896K) Class: 1302K(1408K)->1302K(1408K)
[280.956s][info][gc             ] GC(1110) Pause Young (Allocation Failure) 60M->6M(738M) 0.816ms
[280.956s][info][gc,cpu         ] GC(1110) User=0.00s Sys=0.00s Real=0.00s
[281.170s][info][gc,start       ] GC(1111) Pause Young (Allocation Failure)
[281.170s][info][gc,heap        ] GC(1111) PSYoungGen: 55488K(56320K)->704K(56320K) Eden: 54784K(54784K)->0K(54784K) From: 704K(1536K)->704K(1536K)
[281.170s][info][gc,heap        ] GC(1111) ParOldGen: 6172K(699392K)->6172K(699392K)
[281.171s][info][gc,metaspace   ] GC(1111) Metaspace: 9959K(10304K)->9959K(10304K) NonClass: 8657K(8896K)->8657K(8896K) Class: 1302K(1408K)->1302K(1408K)
[281.171s][info][gc             ] GC(1111) Pause Young (Allocation Failure) 60M->6M(738M) 0.809ms
[281.171s][info][gc,cpu         ] GC(1111) User=0.00s Sys=0.00s Real=0.00s
[281.393s][info][gc,start       ] GC(1112) Pause Young (Allocation Failure)
[281.394s][info][gc,heap        ] GC(1112) PSYoungGen: 55488K(56320K)->704K(56320K) Eden: 54784K(54784K)->0K(54784K) From: 704K(1536K)->704K(1536K)
[281.394s][info][gc,heap        ] GC(1112) ParOldGen: 6172K(699392K)->6172K(699392K)
[281.394s][info][gc,metaspace   ] GC(1112) Metaspace: 9959K(10304K)->9959K(10304K) NonClass: 8657K(8896K)->8657K(8896K) Class: 1302K(1408K)->1302K(1408K)
[281.394s][info][gc             ] GC(1112) Pause Young (Allocation Failure) 60M->6M(738M) 0.823ms
[281.394s][info][gc,cpu         ] GC(1112) User=0.00s Sys=0.00s Real=0.00s
[281.616s][info][gc,start       ] GC(1113) Pause Young (Allocation Failure)
[281.617s][info][gc,heap        ] GC(1113) PSYoungGen: 55488K(56320K)->704K(56320K) Eden: 54784K(54784K)->0K(54784K) From: 704K(1536K)->704K(1536K)
[281.617s][info][gc,heap        ] GC(1113) ParOldGen: 6172K(699392K)->6172K(699392K)
[281.617s][info][gc,metaspace   ] GC(1113) Metaspace: 9959K(10304K)->9959K(10304K) NonClass: 8657K(8896K)->8657K(8896K) Class: 1302K(1408K)->1302K(1408K)
[281.617s][info][gc             ] GC(1113) Pause Young (Allocation Failure) 60M->6M(738M) 0.815ms
[281.617s][info][gc,cpu         ] GC(1113) User=0.00s Sys=0.00s Real=0.00s
[281.851s][info][gc,start       ] GC(1114) Pause Young (Allocation Failure)
[281.852s][info][gc,heap        ] GC(1114) PSYoungGen: 55488K(56320K)->736K(56320K) Eden: 54784K(54784K)->0K(54784K) From: 704K(1536K)->736K(1536K)
[281.852s][info][gc,heap        ] GC(1114) ParOldGen: 6172K(699392K)->6172K(699392K)
[281.852s][info][gc,metaspace   ] GC(1114) Metaspace: 9959K(10304K)->9959K(10304K) NonClass: 8657K(8896K)->8657K(8896K) Class: 1302K(1408K)->1302K(1408K)
[281.852s][info][gc             ] GC(1114) Pause Young (Allocation Failure) 60M->6M(738M) 0.846ms
[281.852s][info][gc,cpu         ] GC(1114) User=0.00s Sys=0.00s Real=0.00s
[282.068s][info][gc,start       ] GC(1115) Pause Young (Allocation Failure)
[282.068s][info][gc,heap        ] GC(1115) PSYoungGen: 55520K(56320K)->1024K(56320K) Eden: 54784K(54784K)->0K(54784K) From: 736K(1536K)->1024K(1536K)
[282.068s][info][gc,heap        ] GC(1115) ParOldGen: 6172K(699392K)->6228K(699392K)
[282.068s][info][gc,metaspace   ] GC(1115) Metaspace: 9959K(10304K)->9959K(10304K) NonClass: 8657K(8896K)->8657K(8896K) Class: 1302K(1408K)->1302K(1408K)
[282.069s][info][gc             ] GC(1115) Pause Young (Allocation Failure) 60M->7M(738M) 0.929ms
[282.069s][info][gc,cpu         ] GC(1115) User=0.00s Sys=0.00s Real=0.00s
[282.287s][info][gc,start       ] GC(1116) Pause Young (Allocation Failure)
[282.288s][info][gc,heap        ] GC(1116) PSYoungGen: 55808K(56320K)->896K(56320K) Eden: 54784K(54784K)->0K(54784K) From: 1024K(1536K)->896K(1536K)
[282.288s][info][gc,heap        ] GC(1116) ParOldGen: 6228K(699392K)->6516K(699392K)
[282.288s][info][gc,metaspace   ] GC(1116) Metaspace: 9959K(10304K)->9959K(10304K) NonClass: 8657K(8896K)->8657K(8896K) Class: 1302K(1408K)->1302K(1408K)
[282.288s][info][gc             ] GC(1116) Pause Young (Allocation Failure) 60M->7M(738M) 0.991ms
[282.288s][info][gc,cpu         ] GC(1116) User=0.00s Sys=0.00s Real=0.00s
[282.510s][info][gc,start       ] GC(1117) Pause Young (Allocation Failure)
[282.511s][info][gc,heap        ] GC(1117) PSYoungGen: 55680K(56320K)->704K(56320K) Eden: 54784K(54784K)->0K(54784K) From: 896K(1536K)->704K(1536K)
[282.511s][info][gc,heap        ] GC(1117) ParOldGen: 6516K(699392K)->6780K(699392K)
[282.511s][info][gc,metaspace   ] GC(1117) Metaspace: 9959K(10304K)->9959K(10304K) NonClass: 8657K(8896K)->8657K(8896K) Class: 1302K(1408K)->1302K(1408K)
[282.511s][info][gc             ] GC(1117) Pause Young (Allocation Failure) 60M->7M(738M) 0.905ms
[282.511s][info][gc,cpu         ] GC(1117) User=0.00s Sys=0.00s Real=0.00s
[282.736s][info][gc,start       ] GC(1118) Pause Young (Allocation Failure)
[282.736s][info][gc,heap        ] GC(1118) PSYoungGen: 55488K(56320K)->704K(56320K) Eden: 54784K(54784K)->0K(54784K) From: 704K(1536K)->704K(1536K)
[282.737s][info][gc,heap        ] GC(1118) ParOldGen: 6780K(699392K)->6780K(699392K)
[282.737s][info][gc,metaspace   ] GC(1118) Metaspace: 9959K(10304K)->9959K(10304K) NonClass: 8657K(8896K)->8657K(8896K) Class: 1302K(1408K)->1302K(1408K)
[282.737s][info][gc             ] GC(1118) Pause Young (Allocation Failure) 60M->7M(738M) 0.831ms
[282.737s][info][gc,cpu         ] GC(1118) User=0.00s Sys=0.00s Real=0.00s
[282.965s][info][gc,start       ] GC(1119) Pause Young (Allocation Failure)
[282.966s][info][gc,heap        ] GC(1119) PSYoungGen: 55488K(56320K)->736K(56320K) Eden: 54784K(54784K)->0K(54784K) From: 704K(1536K)->736K(1536K)
[282.966s][info][gc,heap        ] GC(1119) ParOldGen: 6780K(699392K)->6780K(699392K)
[282.966s][info][gc,metaspace   ] GC(1119) Metaspace: 9959K(10304K)->9959K(10304K) NonClass: 8657K(8896K)->8657K(8896K) Class: 1302K(1408K)->1302K(1408K)
[282.966s][info][gc             ] GC(1119) Pause Young (Allocation Failure) 60M->7M(738M) 0.841ms
[282.966s][info][gc,cpu         ] GC(1119) User=0.00s Sys=0.00s Real=0.00s
[283.192s][info][gc,start       ] GC(1120) Pause Young (Allocation Failure)
[283.192s][info][gc,heap        ] GC(1120) PSYoungGen: 55520K(56320K)->640K(56320K) Eden: 54784K(54784K)->0K(54784K) From: 736K(1536K)->640K(1536K)
[283.192s][info][gc,heap        ] GC(1120) ParOldGen: 6780K(699392K)->6780K(699392K)
[283.192s][info][gc,metaspace   ] GC(1120) Metaspace: 9959K(10304K)->9959K(10304K) NonClass: 8657K(8896K)->8657K(8896K) Class: 1302K(1408K)->1302K(1408K)
[283.192s][info][gc             ] GC(1120) Pause Young (Allocation Failure) 60M->7M(738M) 0.818ms
[283.192s][info][gc,cpu         ] GC(1120) User=0.00s Sys=0.00s Real=0.00s
[283.410s][info][gc,start       ] GC(1121) Pause Young (Allocation Failure)
[283.410s][info][gc,heap        ] GC(1121) PSYoungGen: 55424K(56320K)->672K(56320K) Eden: 54784K(54784K)->0K(54784K) From: 640K(1536K)->672K(1536K)
[283.410s][info][gc,heap        ] GC(1121) ParOldGen: 6780K(699392K)->6780K(699392K)
[283.410s][info][gc,metaspace   ] GC(1121) Metaspace: 9959K(10304K)->9959K(10304K) NonClass: 8657K(8896K)->8657K(8896K) Class: 1302K(1408K)->1302K(1408K)
[283.410s][info][gc             ] GC(1121) Pause Young (Allocation Failure) 60M->7M(738M) 0.831ms
[283.411s][info][gc,cpu         ] GC(1121) User=0.00s Sys=0.00s Real=0.00s
[283.631s][info][gc,start       ] GC(1122) Pause Young (Allocation Failure)
[283.632s][info][gc,heap        ] GC(1122) PSYoungGen: 55456K(56320K)->672K(56320K) Eden: 54784K(54784K)->0K(54784K) From: 672K(1536K)->672K(1536K)
[283.632s][info][gc,heap        ] GC(1122) ParOldGen: 6780K(699392K)->6780K(699392K)
[283.632s][info][gc,metaspace   ] GC(1122) Metaspace: 9959K(10304K)->9959K(10304K) NonClass: 8657K(8896K)->8657K(8896K) Class: 1302K(1408K)->1302K(1408K)
[283.632s][info][gc             ] GC(1122) Pause Young (Allocation Failure) 60M->7M(738M) 0.884ms
[283.632s][info][gc,cpu         ] GC(1122) User=0.00s Sys=0.00s Real=0.00s
[283.859s][info][gc,start       ] GC(1123) Pause Young (Allocation Failure)
[283.860s][info][gc,heap        ] GC(1123) PSYoungGen: 55456K(56320K)->608K(56320K) Eden: 54784K(54784K)->0K(54784K) From: 672K(1536K)->608K(1536K)
[283.860s][info][gc,heap        ] GC(1123) ParOldGen: 6780K(699392K)->6780K(699392K)
[283.860s][info][gc,metaspace   ] GC(1123) Metaspace: 9959K(10304K)->9959K(10304K) NonClass: 8657K(8896K)->8657K(8896K) Class: 1302K(1408K)->1302K(1408K)
[283.860s][info][gc             ] GC(1123) Pause Young (Allocation Failure) 60M->7M(738M) 0.872ms
[283.860s][info][gc,cpu         ] GC(1123) User=0.00s Sys=0.00s Real=0.00s
[284.086s][info][gc,start       ] GC(1124) Pause Young (Allocation Failure)
[284.087s][info][gc,heap        ] GC(1124) PSYoungGen: 55392K(56320K)->672K(56320K) Eden: 54784K(54784K)->0K(54784K) From: 608K(1536K)->672K(1536K)
[284.087s][info][gc,heap        ] GC(1124) ParOldGen: 6780K(699392K)->6780K(699392K)
[284.087s][info][gc,metaspace   ] GC(1124) Metaspace: 9959K(10304K)->9959K(10304K) NonClass: 8657K(8896K)->8657K(8896K) Class: 1302K(1408K)->1302K(1408K)
[284.087s][info][gc             ] GC(1124) Pause Young (Allocation Failure) 60M->7M(738M) 0.882ms
[284.087s][info][gc,cpu         ] GC(1124) User=0.00s Sys=0.00s Real=0.00s
[284.299s][info][gc,start       ] GC(1125) Pause Young (Allocation Failure)
[284.299s][info][gc,heap        ] GC(1125) PSYoungGen: 55456K(56320K)->736K(56320K) Eden: 54784K(54784K)->0K(54784K) From: 672K(1536K)->736K(1536K)
[284.299s][info][gc,heap        ] GC(1125) ParOldGen: 6780K(699392K)->6780K(699392K)
[284.300s][info][gc,metaspace   ] GC(1125) Metaspace: 9959K(10304K)->9959K(10304K) NonClass: 8657K(8896K)->8657K(8896K) Class: 1302K(1408K)->1302K(1408K)
[284.300s][info][gc             ] GC(1125) Pause Young (Allocation Failure) 60M->7M(738M) 0.844ms
[284.300s][info][gc,cpu         ] GC(1125) User=0.00s Sys=0.00s Real=0.00s
[284.528s][info][gc,start       ] GC(1126) Pause Young (Allocation Failure)
[284.529s][info][gc,heap        ] GC(1126) PSYoungGen: 55520K(56320K)->672K(55808K) Eden: 54784K(54784K)->0K(54784K) From: 736K(1536K)->672K(1024K)
[284.529s][info][gc,heap        ] GC(1126) ParOldGen: 6780K(699392K)->6780K(699392K)
[284.529s][info][gc,metaspace   ] GC(1126) Metaspace: 9959K(10304K)->9959K(10304K) NonClass: 8657K(8896K)->8657K(8896K) Class: 1302K(1408K)->1302K(1408K)
[284.530s][info][gc             ] GC(1126) Pause Young (Allocation Failure) 60M->7M(737M) 1.045ms
[284.530s][info][gc,cpu         ] GC(1126) User=0.00s Sys=0.00s Real=0.00s
[284.556s][info][gc,start       ] GC(1127) Pause Young (System.gc())
[284.556s][info][gc,heap        ] GC(1127) PSYoungGen: 6216K(55808K)->544K(55808K) Eden: 5544K(54784K)->0K(54784K) From: 672K(1024K)->544K(1024K)
[284.556s][info][gc,heap        ] GC(1127) ParOldGen: 6780K(699392K)->6916K(699392K)
[284.556s][info][gc,metaspace   ] GC(1127) Metaspace: 9959K(10304K)->9959K(10304K) NonClass: 8657K(8896K)->8657K(8896K) Class: 1302K(1408K)->1302K(1408K)
[284.556s][info][gc             ] GC(1127) Pause Young (System.gc()) 12M->7M(737M) 0.716ms
[284.556s][info][gc,cpu         ] GC(1127) User=0.00s Sys=0.00s Real=0.00s
[284.557s][info][gc,start       ] GC(1128) Pause Full (System.gc())
[284.557s][info][gc,phases,start] GC(1128) Marking Phase
[284.570s][info][gc,phases      ] GC(1128) Marking Phase 13.681ms
[284.570s][info][gc,phases,start] GC(1128) Summary Phase
[284.570s][info][gc,phases      ] GC(1128) Summary Phase 0.021ms
[284.570s][info][gc,phases,start] GC(1128) Adjust Roots
[284.575s][info][gc,phases      ] GC(1128) Adjust Roots 4.236ms
[284.575s][info][gc,phases,start] GC(1128) Compaction Phase
[284.578s][info][gc,phases      ] GC(1128) Compaction Phase 3.518ms
[284.578s][info][gc,phases,start] GC(1128) Post Compact
[284.579s][info][gc,phases      ] GC(1128) Post Compact 0.402ms
[284.579s][info][gc,heap        ] GC(1128) PSYoungGen: 544K(55808K)->0K(55808K) Eden: 0K(54784K)->0K(54784K) From: 544K(1024K)->0K(1024K)
[284.579s][info][gc,heap        ] GC(1128) ParOldGen: 6916K(699392K)->4076K(699392K)
[284.579s][info][gc,metaspace   ] GC(1128) Metaspace: 9959K(10304K)->9959K(10304K) NonClass: 8657K(8896K)->8657K(8896K) Class: 1302K(1408K)->1302K(1408K)
[284.579s][info][gc             ] GC(1128) Pause Full (System.gc()) 7M->3M(737M) 22.108ms
[284.579s][info][gc,cpu         ] GC(1128) User=0.27s Sys=0.00s Real=0.01s
[284.802s][info][gc,start       ] GC(1129) Pause Young (Allocation Failure)
[284.804s][info][gc,heap        ] GC(1129) PSYoungGen: 54784K(55808K)->1024K(55808K) Eden: 54784K(54784K)->0K(54784K) From: 0K(1024K)->1024K(1024K)
[284.804s][info][gc,heap        ] GC(1129) ParOldGen: 4076K(699392K)->4236K(699392K)
[284.804s][info][gc,metaspace   ] GC(1129) Metaspace: 9961K(10304K)->9961K(10304K) NonClass: 8658K(8896K)->8658K(8896K) Class: 1302K(1408K)->1302K(1408K)
[284.804s][info][gc             ] GC(1129) Pause Young (Allocation Failure) 57M->5M(737M) 1.153ms
[284.804s][info][gc,cpu         ] GC(1129) User=0.00s Sys=0.00s Real=0.00s
[285.024s][info][gc,start       ] GC(1130) Pause Young (Allocation Failure)
[285.025s][info][gc,heap        ] GC(1130) PSYoungGen: 55808K(55808K)->896K(56320K) Eden: 54784K(54784K)->0K(54784K) From: 1024K(1024K)->896K(1536K)
[285.025s][info][gc,heap        ] GC(1130) ParOldGen: 4236K(699392K)->4764K(699392K)
[285.025s][info][gc,metaspace   ] GC(1130) Metaspace: 9961K(10304K)->9961K(10304K) NonClass: 8658K(8896K)->8658K(8896K) Class: 1302K(1408K)->1302K(1408K)
[285.025s][info][gc             ] GC(1130) Pause Young (Allocation Failure) 58M->5M(738M) 1.238ms
[285.025s][info][gc,cpu         ] GC(1130) User=0.27s Sys=0.00s Real=0.01s
[285.248s][info][gc,start       ] GC(1131) Pause Young (Allocation Failure)
[285.249s][info][gc,heap        ] GC(1131) PSYoungGen: 55680K(56320K)->1152K(56320K) Eden: 54784K(54784K)->0K(54784K) From: 896K(1536K)->1152K(1536K)
[285.249s][info][gc,heap        ] GC(1131) ParOldGen: 4764K(699392K)->5092K(699392K)
[285.249s][info][gc,metaspace   ] GC(1131) Metaspace: 9961K(10304K)->9961K(10304K) NonClass: 8658K(8896K)->8658K(8896K) Class: 1302K(1408K)->1302K(1408K)
[285.249s][info][gc             ] GC(1131) Pause Young (Allocation Failure) 59M->6M(738M) 1.078ms
[285.249s][info][gc,cpu         ] GC(1131) User=0.00s Sys=0.00s Real=0.00s
[285.473s][info][gc,start       ] GC(1132) Pause Young (Allocation Failure)
[285.474s][info][gc,heap        ] GC(1132) PSYoungGen: 55936K(56320K)->800K(56320K) Eden: 54784K(54784K)->0K(54784K) From: 1152K(1536K)->800K(1536K)
[285.474s][info][gc,heap        ] GC(1132) ParOldGen: 5092K(699392K)->5532K(699392K)
[285.474s][info][gc,metaspace   ] GC(1132) Metaspace: 9961K(10304K)->9961K(10304K) NonClass: 8658K(8896K)->8658K(8896K) Class: 1302K(1408K)->1302K(1408K)
[285.474s][info][gc             ] GC(1132) Pause Young (Allocation Failure) 59M->6M(738M) 1.026ms
[285.474s][info][gc,cpu         ] GC(1132) User=0.00s Sys=0.00s Real=0.00s
[285.702s][info][gc,start       ] GC(1133) Pause Young (Allocation Failure)
[285.703s][info][gc,heap        ] GC(1133) PSYoungGen: 55584K(56320K)->768K(56320K) Eden: 54784K(54784K)->0K(54784K) From: 800K(1536K)->768K(1536K)
[285.703s][info][gc,heap        ] GC(1133) ParOldGen: 5532K(699392K)->5532K(699392K)
[285.703s][info][gc,metaspace   ] GC(1133) Metaspace: 9961K(10304K)->9961K(10304K) NonClass: 8658K(8896K)->8658K(8896K) Class: 1302K(1408K)->1302K(1408K)
[285.703s][info][gc             ] GC(1133) Pause Young (Allocation Failure) 59M->6M(738M) 0.915ms
[285.703s][info][gc,cpu         ] GC(1133) User=0.00s Sys=0.02s Real=0.02s
[285.916s][info][gc,start       ] GC(1134) Pause Young (Allocation Failure)
[285.917s][info][gc,heap        ] GC(1134) PSYoungGen: 55552K(56320K)->704K(56320K) Eden: 54784K(54784K)->0K(54784K) From: 768K(1536K)->704K(1536K)
[285.917s][info][gc,heap        ] GC(1134) ParOldGen: 5532K(699392K)->5532K(699392K)
[285.917s][info][gc,metaspace   ] GC(1134) Metaspace: 9961K(10304K)->9961K(10304K) NonClass: 8658K(8896K)->8658K(8896K) Class: 1302K(1408K)->1302K(1408K)
[285.917s][info][gc             ] GC(1134) Pause Young (Allocation Failure) 59M->6M(738M) 0.817ms
[285.917s][info][gc,cpu         ] GC(1134) User=0.00s Sys=0.00s Real=0.00s
[286.131s][info][gc,start       ] GC(1135) Pause Young (Allocation Failure)
[286.132s][info][gc,heap        ] GC(1135) PSYoungGen: 55488K(56320K)->1024K(56320K) Eden: 54784K(54784K)->0K(54784K) From: 704K(1536K)->1024K(1536K)
[286.132s][info][gc,heap        ] GC(1135) ParOldGen: 5532K(699392K)->5532K(699392K)
[286.132s][info][gc,metaspace   ] GC(1135) Metaspace: 9961K(10304K)->9961K(10304K) NonClass: 8658K(8896K)->8658K(8896K) Class: 1302K(1408K)->1302K(1408K)
[286.132s][info][gc             ] GC(1135) Pause Young (Allocation Failure) 59M->6M(738M) 0.908ms
[286.132s][info][gc,cpu         ] GC(1135) User=0.00s Sys=0.00s Real=0.00s
[286.355s][info][gc,start       ] GC(1136) Pause Young (Allocation Failure)
[286.356s][info][gc,heap        ] GC(1136) PSYoungGen: 55808K(56320K)->736K(56320K) Eden: 54784K(54784K)->0K(54784K) From: 1024K(1536K)->736K(1536K)
[286.356s][info][gc,heap        ] GC(1136) ParOldGen: 5532K(699392K)->5812K(699392K)
[286.356s][info][gc,metaspace   ] GC(1136) Metaspace: 9961K(10304K)->9961K(10304K) NonClass: 8658K(8896K)->8658K(8896K) Class: 1302K(1408K)->1302K(1408K)
[286.356s][info][gc             ] GC(1136) Pause Young (Allocation Failure) 59M->6M(738M) 0.928ms
[286.356s][info][gc,cpu         ] GC(1136) User=0.00s Sys=0.00s Real=0.00s
[286.577s][info][gc,start       ] GC(1137) Pause Young (Allocation Failure)
[286.578s][info][gc,heap        ] GC(1137) PSYoungGen: 55520K(56320K)->1120K(56320K) Eden: 54784K(54784K)->0K(54784K) From: 736K(1536K)->1120K(1536K)
[286.578s][info][gc,heap        ] GC(1137) ParOldGen: 5812K(699392K)->5868K(699392K)
[286.578s][info][gc,metaspace   ] GC(1137) Metaspace: 9961K(10304K)->9961K(10304K) NonClass: 8658K(8896K)->8658K(8896K) Class: 1302K(1408K)->1302K(1408K)
[286.578s][info][gc             ] GC(1137) Pause Young (Allocation Failure) 59M->6M(738M) 1.035ms
[286.578s][info][gc,cpu         ] GC(1137) User=0.00s Sys=0.00s Real=0.00s
[286.806s][info][gc,start       ] GC(1138) Pause Young (Allocation Failure)
[286.807s][info][gc,heap        ] GC(1138) PSYoungGen: 55904K(56320K)->1088K(56320K) Eden: 54784K(54784K)->0K(54784K) From: 1120K(1536K)->1088K(1536K)
[286.807s][info][gc,heap        ] GC(1138) ParOldGen: 5868K(699392K)->5868K(699392K)
[286.807s][info][gc,metaspace   ] GC(1138) Metaspace: 9961K(10304K)->9961K(10304K) NonClass: 8658K(8896K)->8658K(8896K) Class: 1302K(1408K)->1302K(1408K)
[286.807s][info][gc             ] GC(1138) Pause Young (Allocation Failure) 60M->6M(738M) 0.992ms
[286.807s][info][gc,cpu         ] GC(1138) User=0.00s Sys=0.00s Real=0.00s
[287.029s][info][gc,start       ] GC(1139) Pause Young (Allocation Failure)
[287.030s][info][gc,heap        ] GC(1139) PSYoungGen: 55872K(56320K)->672K(56320K) Eden: 54784K(54784K)->0K(54784K) From: 1088K(1536K)->672K(1536K)
[287.030s][info][gc,heap        ] GC(1139) ParOldGen: 5868K(699392K)->6332K(699392K)
[287.030s][info][gc,metaspace   ] GC(1139) Metaspace: 9961K(10304K)->9961K(10304K) NonClass: 8658K(8896K)->8658K(8896K) Class: 1302K(1408K)->1302K(1408K)
[287.030s][info][gc             ] GC(1139) Pause Young (Allocation Failure) 60M->6M(738M) 1.036ms
[287.030s][info][gc,cpu         ] GC(1139) User=0.02s Sys=0.00s Real=0.02s
[287.251s][info][gc,start       ] GC(1140) Pause Young (Allocation Failure)
[287.252s][info][gc,heap        ] GC(1140) PSYoungGen: 55456K(56320K)->864K(56320K) Eden: 54784K(54784K)->0K(54784K) From: 672K(1536K)->864K(1536K)
[287.252s][info][gc,heap        ] GC(1140) ParOldGen: 6332K(699392K)->6332K(699392K)
[287.252s][info][gc,metaspace   ] GC(1140) Metaspace: 9961K(10304K)->9961K(10304K) NonClass: 8658K(8896K)->8658K(8896K) Class: 1302K(1408K)->1302K(1408K)
[287.252s][info][gc             ] GC(1140) Pause Young (Allocation Failure) 60M->7M(738M) 0.860ms
[287.252s][info][gc,cpu         ] GC(1140) User=0.00s Sys=0.00s Real=0.00s
[287.465s][info][gc,start       ] GC(1141) Pause Young (Allocation Failure)
[287.473s][info][gc,heap        ] GC(1141) PSYoungGen: 55648K(56320K)->672K(56320K) Eden: 54784K(54784K)->0K(54784K) From: 864K(1536K)->672K(1536K)
[287.507s][info][gc,heap        ] GC(1141) ParOldGen: 6332K(699392K)->6540K(699392K)
[287.507s][info][gc,metaspace   ] GC(1141) Metaspace: 9961K(10304K)->9961K(10304K) NonClass: 8658K(8896K)->8658K(8896K) Class: 1302K(1408K)->1302K(1408K)
[287.507s][info][gc             ] GC(1141) Pause Young (Allocation Failure) 60M->7M(738M) 41.585ms
[287.507s][info][gc,cpu         ] GC(1141) User=0.00s Sys=0.00s Real=0.05s
[287.731s][info][gc,start       ] GC(1142) Pause Young (Allocation Failure)
[287.731s][info][gc,heap        ] GC(1142) PSYoungGen: 55456K(56320K)->960K(56320K) Eden: 54784K(54784K)->0K(54784K) From: 672K(1536K)->960K(1536K)
[287.732s][info][gc,heap        ] GC(1142) ParOldGen: 6540K(699392K)->6540K(699392K)
[287.732s][info][gc,metaspace   ] GC(1142) Metaspace: 9961K(10304K)->9961K(10304K) NonClass: 8658K(8896K)->8658K(8896K) Class: 1302K(1408K)->1302K(1408K)
[287.732s][info][gc             ] GC(1142) Pause Young (Allocation Failure) 60M->7M(738M) 0.893ms
[287.732s][info][gc,cpu         ] GC(1142) User=0.00s Sys=0.00s Real=0.00s
[287.959s][info][gc,start       ] GC(1143) Pause Young (Allocation Failure)
[287.960s][info][gc,heap        ] GC(1143) PSYoungGen: 55744K(56320K)->736K(56320K) Eden: 54784K(54784K)->0K(54784K) From: 960K(1536K)->736K(1536K)
[287.960s][info][gc,heap        ] GC(1143) ParOldGen: 6540K(699392K)->6812K(699392K)
[287.960s][info][gc,metaspace   ] GC(1143) Metaspace: 9961K(10304K)->9961K(10304K) NonClass: 8658K(8896K)->8658K(8896K) Class: 1302K(1408K)->1302K(1408K)
[287.960s][info][gc             ] GC(1143) Pause Young (Allocation Failure) 60M->7M(738M) 0.902ms
[287.960s][info][gc,cpu         ] GC(1143) User=0.00s Sys=0.00s Real=0.00s
[288.188s][info][gc,start       ] GC(1144) Pause Young (Allocation Failure)
[288.189s][info][gc,heap        ] GC(1144) PSYoungGen: 55520K(56320K)->704K(56320K) Eden: 54784K(54784K)->0K(54784K) From: 736K(1536K)->704K(1536K)
[288.189s][info][gc,heap        ] GC(1144) ParOldGen: 6812K(699392K)->6812K(699392K)
[288.189s][info][gc,metaspace   ] GC(1144) Metaspace: 9961K(10304K)->9961K(10304K) NonClass: 8658K(8896K)->8658K(8896K) Class: 1302K(1408K)->1302K(1408K)
[288.189s][info][gc             ] GC(1144) Pause Young (Allocation Failure) 60M->7M(738M) 0.809ms
[288.189s][info][gc,cpu         ] GC(1144) User=0.00s Sys=0.00s Real=0.00s
[288.408s][info][gc,start       ] GC(1145) Pause Young (Allocation Failure)
[288.408s][info][gc,heap        ] GC(1145) PSYoungGen: 55488K(56320K)->736K(56320K) Eden: 54784K(54784K)->0K(54784K) From: 704K(1536K)->736K(1536K)
[288.408s][info][gc,heap        ] GC(1145) ParOldGen: 6812K(699392K)->6812K(699392K)
[288.408s][info][gc,metaspace   ] GC(1145) Metaspace: 9961K(10304K)->9961K(10304K) NonClass: 8658K(8896K)->8658K(8896K) Class: 1302K(1408K)->1302K(1408K)
[288.408s][info][gc             ] GC(1145) Pause Young (Allocation Failure) 60M->7M(738M) 0.828ms
[288.408s][info][gc,cpu         ] GC(1145) User=0.00s Sys=0.00s Real=0.00s
[288.635s][info][gc,start       ] GC(1146) Pause Young (Allocation Failure)
[288.635s][info][gc,heap        ] GC(1146) PSYoungGen: 55520K(56320K)->640K(56320K) Eden: 54784K(54784K)->0K(54784K) From: 736K(1536K)->640K(1536K)
[288.635s][info][gc,heap        ] GC(1146) ParOldGen: 6812K(699392K)->6812K(699392K)
[288.635s][info][gc,metaspace   ] GC(1146) Metaspace: 9961K(10304K)->9961K(10304K) NonClass: 8658K(8896K)->8658K(8896K) Class: 1302K(1408K)->1302K(1408K)
[288.635s][info][gc             ] GC(1146) Pause Young (Allocation Failure) 60M->7M(738M) 0.817ms
[288.635s][info][gc,cpu         ] GC(1146) User=0.00s Sys=0.00s Real=0.00s
[288.862s][info][gc,start       ] GC(1147) Pause Young (Allocation Failure)
[288.863s][info][gc,heap        ] GC(1147) PSYoungGen: 55424K(56320K)->576K(56320K) Eden: 54784K(54784K)->0K(54784K) From: 640K(1536K)->576K(1536K)
[288.863s][info][gc,heap        ] GC(1147) ParOldGen: 6812K(699392K)->6812K(699392K)
[288.863s][info][gc,metaspace   ] GC(1147) Metaspace: 9961K(10304K)->9961K(10304K) NonClass: 8658K(8896K)->8658K(8896K) Class: 1302K(1408K)->1302K(1408K)
[288.863s][info][gc             ] GC(1147) Pause Young (Allocation Failure) 60M->7M(738M) 0.815ms
[288.863s][info][gc,cpu         ] GC(1147) User=0.00s Sys=0.00s Real=0.00s
[289.082s][info][gc,start       ] GC(1148) Pause Young (Allocation Failure)
[289.083s][info][gc,heap        ] GC(1148) PSYoungGen: 55360K(56320K)->640K(56320K) Eden: 54784K(54784K)->0K(54784K) From: 576K(1536K)->640K(1536K)
[289.083s][info][gc,heap        ] GC(1148) ParOldGen: 6812K(699392K)->6812K(699392K)
[289.083s][info][gc,metaspace   ] GC(1148) Metaspace: 9961K(10304K)->9961K(10304K) NonClass: 8658K(8896K)->8658K(8896K) Class: 1302K(1408K)->1302K(1408K)
[289.083s][info][gc             ] GC(1148) Pause Young (Allocation Failure) 60M->7M(738M) 0.832ms
[289.083s][info][gc,cpu         ] GC(1148) User=0.00s Sys=0.00s Real=0.00s
[289.309s][info][gc,start       ] GC(1149) Pause Young (Allocation Failure)
[289.310s][info][gc,heap        ] GC(1149) PSYoungGen: 55424K(56320K)->832K(56320K) Eden: 54784K(54784K)->0K(54784K) From: 640K(1536K)->832K(1536K)
[289.310s][info][gc,heap        ] GC(1149) ParOldGen: 6812K(699392K)->6812K(699392K)
[289.310s][info][gc,metaspace   ] GC(1149) Metaspace: 9961K(10304K)->9961K(10304K) NonClass: 8658K(8896K)->8658K(8896K) Class: 1302K(1408K)->1302K(1408K)
[289.310s][info][gc             ] GC(1149) Pause Young (Allocation Failure) 60M->7M(738M) 0.889ms
[289.310s][info][gc,cpu         ] GC(1149) User=0.00s Sys=0.00s Real=0.00s
[289.534s][info][gc,start       ] GC(1150) Pause Young (Allocation Failure)
[289.535s][info][gc,heap        ] GC(1150) PSYoungGen: 55616K(56320K)->1056K(56320K) Eden: 54784K(54784K)->0K(54784K) From: 832K(1536K)->1056K(1536K)
[289.535s][info][gc,heap        ] GC(1150) ParOldGen: 6812K(699392K)->7044K(699392K)
[289.535s][info][gc,metaspace   ] GC(1150) Metaspace: 9961K(10304K)->9961K(10304K) NonClass: 8658K(8896K)->8658K(8896K) Class: 1302K(1408K)->1302K(1408K)
[289.535s][info][gc             ] GC(1150) Pause Young (Allocation Failure) 60M->7M(738M) 0.984ms
[289.535s][info][gc,cpu         ] GC(1150) User=0.00s Sys=0.00s Real=0.00s
[289.760s][info][gc,start       ] GC(1151) Pause Young (Allocation Failure)
[289.760s][info][gc,heap        ] GC(1151) PSYoungGen: 55840K(56320K)->704K(56320K) Eden: 54784K(54784K)->0K(54784K) From: 1056K(1536K)->704K(1536K)
[289.760s][info][gc,heap        ] GC(1151) ParOldGen: 7044K(699392K)->7348K(699392K)
[289.760s][info][gc,metaspace   ] GC(1151) Metaspace: 9961K(10304K)->9961K(10304K) NonClass: 8658K(8896K)->8658K(8896K) Class: 1302K(1408K)->1302K(1408K)
[289.760s][info][gc             ] GC(1151) Pause Young (Allocation Failure) 61M->7M(738M) 0.906ms
[289.761s][info][gc,cpu         ] GC(1151) User=0.00s Sys=0.00s Real=0.00s
[289.990s][info][gc,start       ] GC(1152) Pause Young (Allocation Failure)
[289.991s][info][gc,heap        ] GC(1152) PSYoungGen: 55488K(56320K)->608K(56320K) Eden: 54784K(54784K)->0K(54784K) From: 704K(1536K)->608K(1536K)
[289.991s][info][gc,heap        ] GC(1152) ParOldGen: 7348K(699392K)->7348K(699392K)
[289.991s][info][gc,metaspace   ] GC(1152) Metaspace: 9961K(10304K)->9961K(10304K) NonClass: 8658K(8896K)->8658K(8896K) Class: 1302K(1408K)->1302K(1408K)
[289.991s][info][gc             ] GC(1152) Pause Young (Allocation Failure) 61M->7M(738M) 0.821ms
[289.991s][info][gc,cpu         ] GC(1152) User=0.00s Sys=0.00s Real=0.00s
[290.214s][info][gc,start       ] GC(1153) Pause Young (Allocation Failure)
[290.215s][info][gc,heap        ] GC(1153) PSYoungGen: 55392K(56320K)->640K(56320K) Eden: 54784K(54784K)->0K(54784K) From: 608K(1536K)->640K(1536K)
[290.215s][info][gc,heap        ] GC(1153) ParOldGen: 7348K(699392K)->7348K(699392K)
[290.215s][info][gc,metaspace   ] GC(1153) Metaspace: 9961K(10304K)->9961K(10304K) NonClass: 8658K(8896K)->8658K(8896K) Class: 1302K(1408K)->1302K(1408K)
[290.215s][info][gc             ] GC(1153) Pause Young (Allocation Failure) 61M->7M(738M) 0.795ms
[290.215s][info][gc,cpu         ] GC(1153) User=0.00s Sys=0.00s Real=0.00s
[290.444s][info][gc,start       ] GC(1154) Pause Young (Allocation Failure)
[290.445s][info][gc,heap        ] GC(1154) PSYoungGen: 55424K(56320K)->832K(56320K) Eden: 54784K(54784K)->0K(54784K) From: 640K(1536K)->832K(1536K)
[290.445s][info][gc,heap        ] GC(1154) ParOldGen: 7348K(699392K)->7596K(699392K)
[290.445s][info][gc,metaspace   ] GC(1154) Metaspace: 9961K(10304K)->9961K(10304K) NonClass: 8658K(8896K)->8658K(8896K) Class: 1302K(1408K)->1302K(1408K)
[290.445s][info][gc             ] GC(1154) Pause Young (Allocation Failure) 61M->8M(738M) 0.903ms
[290.445s][info][gc,cpu         ] GC(1154) User=0.00s Sys=0.00s Real=0.00s
[290.671s][info][gc,start       ] GC(1155) Pause Young (Allocation Failure)
[290.672s][info][gc,heap        ] GC(1155) PSYoungGen: 55616K(56320K)->640K(56320K) Eden: 54784K(54784K)->0K(54784K) From: 832K(1536K)->640K(1536K)
[290.672s][info][gc,heap        ] GC(1155) ParOldGen: 7596K(699392K)->7652K(699392K)
[290.672s][info][gc,metaspace   ] GC(1155) Metaspace: 9961K(10304K)->9961K(10304K) NonClass: 8658K(8896K)->8658K(8896K) Class: 1302K(1408K)->1302K(1408K)
[290.672s][info][gc             ] GC(1155) Pause Young (Allocation Failure) 61M->8M(738M) 0.895ms
[290.672s][info][gc,cpu         ] GC(1155) User=0.00s Sys=0.00s Real=0.00s
[290.895s][info][gc,start       ] GC(1156) Pause Young (Allocation Failure)
[290.896s][info][gc,heap        ] GC(1156) PSYoungGen: 55424K(56320K)->672K(56320K) Eden: 54784K(54784K)->0K(54784K) From: 640K(1536K)->672K(1536K)
[290.896s][info][gc,heap        ] GC(1156) ParOldGen: 7652K(699392K)->7652K(699392K)
[290.896s][info][gc,metaspace   ] GC(1156) Metaspace: 9961K(10304K)->9961K(10304K) NonClass: 8658K(8896K)->8658K(8896K) Class: 1302K(1408K)->1302K(1408K)
[290.896s][info][gc             ] GC(1156) Pause Young (Allocation Failure) 61M->8M(738M) 0.819ms
[290.896s][info][gc,cpu         ] GC(1156) User=0.00s Sys=0.00s Real=0.00s
[291.123s][info][gc,start       ] GC(1157) Pause Young (Allocation Failure)
[291.124s][info][gc,heap        ] GC(1157) PSYoungGen: 55456K(56320K)->704K(56320K) Eden: 54784K(54784K)->0K(54784K) From: 672K(1536K)->704K(1536K)
[291.124s][info][gc,heap        ] GC(1157) ParOldGen: 7652K(699392K)->7652K(699392K)
[291.124s][info][gc,metaspace   ] GC(1157) Metaspace: 9961K(10304K)->9961K(10304K) NonClass: 8658K(8896K)->8658K(8896K) Class: 1302K(1408K)->1302K(1408K)
[291.124s][info][gc             ] GC(1157) Pause Young (Allocation Failure) 61M->8M(738M) 0.837ms
[291.124s][info][gc,cpu         ] GC(1157) User=0.00s Sys=0.00s Real=0.00s
[291.339s][info][gc,start       ] GC(1158) Pause Young (System.gc())
[291.340s][info][gc,heap        ] GC(1158) PSYoungGen: 52436K(56320K)->576K(56320K) Eden: 51732K(54784K)->0K(54784K) From: 704K(1536K)->576K(1536K)
[291.340s][info][gc,heap        ] GC(1158) ParOldGen: 7652K(699392K)->7652K(699392K)
[291.340s][info][gc,metaspace   ] GC(1158) Metaspace: 9961K(10304K)->9961K(10304K) NonClass: 8658K(8896K)->8658K(8896K) Class: 1302K(1408K)->1302K(1408K)
[291.340s][info][gc             ] GC(1158) Pause Young (System.gc()) 58M->8M(738M) 0.781ms
[291.340s][info][gc,cpu         ] GC(1158) User=0.00s Sys=0.00s Real=0.00s
[291.340s][info][gc,start       ] GC(1159) Pause Full (System.gc())
[291.340s][info][gc,phases,start] GC(1159) Marking Phase
[291.353s][info][gc,phases      ] GC(1159) Marking Phase 12.397ms
[291.353s][info][gc,phases,start] GC(1159) Summary Phase
[291.353s][info][gc,phases      ] GC(1159) Summary Phase 0.021ms
[291.353s][info][gc,phases,start] GC(1159) Adjust Roots
[291.357s][info][gc,phases      ] GC(1159) Adjust Roots 4.240ms
[291.357s][info][gc,phases,start] GC(1159) Compaction Phase
[291.361s][info][gc,phases      ] GC(1159) Compaction Phase 3.569ms
[291.361s][info][gc,phases,start] GC(1159) Post Compact
[291.361s][info][gc,phases      ] GC(1159) Post Compact 0.408ms
[291.361s][info][gc,heap        ] GC(1159) PSYoungGen: 576K(56320K)->0K(56320K) Eden: 0K(54784K)->0K(54784K) From: 576K(1536K)->0K(1536K)
[291.361s][info][gc,heap        ] GC(1159) ParOldGen: 7652K(699392K)->4076K(699392K)
[291.361s][info][gc,metaspace   ] GC(1159) Metaspace: 9961K(10304K)->9961K(10304K) NonClass: 8658K(8896K)->8658K(8896K) Class: 1302K(1408K)->1302K(1408K)
[291.361s][info][gc             ] GC(1159) Pause Full (System.gc()) 8M->3M(738M) 20.896ms
[291.361s][info][gc,cpu         ] GC(1159) User=0.31s Sys=0.00s Real=0.03s
[291.597s][info][gc,start       ] GC(1160) Pause Young (Allocation Failure)
[291.598s][info][gc,heap        ] GC(1160) PSYoungGen: 54784K(56320K)->1376K(56320K) Eden: 54784K(54784K)->0K(54784K) From: 0K(1536K)->1376K(1536K)
[291.598s][info][gc,heap        ] GC(1160) ParOldGen: 4076K(699392K)->4076K(699392K)
[291.598s][info][gc,metaspace   ] GC(1160) Metaspace: 9961K(10304K)->9961K(10304K) NonClass: 8658K(8896K)->8658K(8896K) Class: 1302K(1408K)->1302K(1408K)
[291.598s][info][gc             ] GC(1160) Pause Young (Allocation Failure) 57M->5M(738M) 1.068ms
[291.598s][info][gc,cpu         ] GC(1160) User=0.00s Sys=0.00s Real=0.00s
[291.822s][info][gc,start       ] GC(1161) Pause Young (Allocation Failure)
[291.823s][info][gc,heap        ] GC(1161) PSYoungGen: 56160K(56320K)->1088K(56320K) Eden: 54784K(54784K)->0K(54784K) From: 1376K(1536K)->1088K(1536K)
[291.823s][info][gc,heap        ] GC(1161) ParOldGen: 4076K(699392K)->4612K(699392K)
[291.823s][info][gc,metaspace   ] GC(1161) Metaspace: 9961K(10304K)->9961K(10304K) NonClass: 8658K(8896K)->8658K(8896K) Class: 1302K(1408K)->1302K(1408K)
[291.823s][info][gc             ] GC(1161) Pause Young (Allocation Failure) 58M->5M(738M) 1.170ms
[291.823s][info][gc,cpu         ] GC(1161) User=0.00s Sys=0.00s Real=0.00s
[292.042s][info][gc,start       ] GC(1162) Pause Young (Allocation Failure)
[292.043s][info][gc,heap        ] GC(1162) PSYoungGen: 55872K(56320K)->1088K(56320K) Eden: 54784K(54784K)->0K(54784K) From: 1088K(1536K)->1088K(1536K)
[292.043s][info][gc,heap        ] GC(1162) ParOldGen: 4612K(699392K)->5084K(699392K)
[292.043s][info][gc,metaspace   ] GC(1162) Metaspace: 9961K(10304K)->9961K(10304K) NonClass: 8658K(8896K)->8658K(8896K) Class: 1302K(1408K)->1302K(1408K)
[292.043s][info][gc             ] GC(1162) Pause Young (Allocation Failure) 59M->6M(738M) 1.239ms
[292.043s][info][gc,cpu         ] GC(1162) User=0.00s Sys=0.00s Real=0.00s
[292.267s][info][gc,start       ] GC(1163) Pause Young (Allocation Failure)
[292.268s][info][gc,heap        ] GC(1163) PSYoungGen: 55872K(56320K)->992K(56320K) Eden: 54784K(54784K)->0K(54784K) From: 1088K(1536K)->992K(1536K)
[292.268s][info][gc,heap        ] GC(1163) ParOldGen: 5084K(699392K)->5380K(699392K)
[292.268s][info][gc,metaspace   ] GC(1163) Metaspace: 9961K(10304K)->9961K(10304K) NonClass: 8658K(8896K)->8658K(8896K) Class: 1302K(1408K)->1302K(1408K)
[292.268s][info][gc             ] GC(1163) Pause Young (Allocation Failure) 59M->6M(738M) 0.966ms
[292.268s][info][gc,cpu         ] GC(1163) User=0.00s Sys=0.00s Real=0.00s
[292.502s][info][gc,start       ] GC(1164) Pause Young (Allocation Failure)
[292.503s][info][gc,heap        ] GC(1164) PSYoungGen: 55776K(56320K)->1056K(56320K) Eden: 54784K(54784K)->0K(54784K) From: 992K(1536K)->1056K(1536K)
[292.503s][info][gc,heap        ] GC(1164) ParOldGen: 5380K(699392K)->5652K(699392K)
[292.503s][info][gc,metaspace   ] GC(1164) Metaspace: 9961K(10304K)->9961K(10304K) NonClass: 8658K(8896K)->8658K(8896K) Class: 1302K(1408K)->1302K(1408K)
[292.503s][info][gc             ] GC(1164) Pause Young (Allocation Failure) 59M->6M(738M) 1.040ms
[292.503s][info][gc,cpu         ] GC(1164) User=0.00s Sys=0.00s Real=0.00s
[292.722s][info][gc,start       ] GC(1165) Pause Young (Allocation Failure)
[292.723s][info][gc,heap        ] GC(1165) PSYoungGen: 55840K(56320K)->896K(56320K) Eden: 54784K(54784K)->0K(54784K) From: 1056K(1536K)->896K(1536K)
[292.723s][info][gc,heap        ] GC(1165) ParOldGen: 5652K(699392K)->6116K(699392K)
[292.723s][info][gc,metaspace   ] GC(1165) Metaspace: 9961K(10304K)->9961K(10304K) NonClass: 8658K(8896K)->8658K(8896K) Class: 1302K(1408K)->1302K(1408K)
[292.723s][info][gc             ] GC(1165) Pause Young (Allocation Failure) 60M->6M(738M) 1.142ms
[292.723s][info][gc,cpu         ] GC(1165) User=0.00s Sys=0.00s Real=0.00s
[292.939s][info][gc,start       ] GC(1166) Pause Young (Allocation Failure)
[292.940s][info][gc,heap        ] GC(1166) PSYoungGen: 55680K(56320K)->736K(56320K) Eden: 54784K(54784K)->0K(54784K) From: 896K(1536K)->736K(1536K)
[292.940s][info][gc,heap        ] GC(1166) ParOldGen: 6116K(699392K)->6412K(699392K)
[292.940s][info][gc,metaspace   ] GC(1166) Metaspace: 9961K(10304K)->9961K(10304K) NonClass: 8658K(8896K)->8658K(8896K) Class: 1302K(1408K)->1302K(1408K)
[292.940s][info][gc             ] GC(1166) Pause Young (Allocation Failure) 60M->6M(738M) 0.932ms
[292.940s][info][gc,cpu         ] GC(1166) User=0.00s Sys=0.00s Real=0.00s
[293.169s][info][gc,start       ] GC(1167) Pause Young (Allocation Failure)
[293.169s][info][gc,heap        ] GC(1167) PSYoungGen: 55520K(56320K)->704K(56320K) Eden: 54784K(54784K)->0K(54784K) From: 736K(1536K)->704K(1536K)
[293.170s][info][gc,heap        ] GC(1167) ParOldGen: 6412K(699392K)->6412K(699392K)
[293.170s][info][gc,metaspace   ] GC(1167) Metaspace: 9961K(10304K)->9961K(10304K) NonClass: 8658K(8896K)->8658K(8896K) Class: 1302K(1408K)->1302K(1408K)
[293.170s][info][gc             ] GC(1167) Pause Young (Allocation Failure) 60M->6M(738M) 0.826ms
[293.170s][info][gc,cpu         ] GC(1167) User=0.00s Sys=0.00s Real=0.00s
[293.401s][info][gc,start       ] GC(1168) Pause Young (Allocation Failure)
[293.401s][info][gc,heap        ] GC(1168) PSYoungGen: 55488K(56320K)->896K(56320K) Eden: 54784K(54784K)->0K(54784K) From: 704K(1536K)->896K(1536K)
[293.401s][info][gc,heap        ] GC(1168) ParOldGen: 6412K(699392K)->6412K(699392K)
[293.401s][info][gc,metaspace   ] GC(1168) Metaspace: 9961K(10304K)->9961K(10304K) NonClass: 8658K(8896K)->8658K(8896K) Class: 1302K(1408K)->1302K(1408K)
[293.401s][info][gc             ] GC(1168) Pause Young (Allocation Failure) 60M->7M(738M) 0.912ms
[293.402s][info][gc,cpu         ] GC(1168) User=0.00s Sys=0.00s Real=0.00s
[293.626s][info][gc,start       ] GC(1169) Pause Young (Allocation Failure)
[293.627s][info][gc,heap        ] GC(1169) PSYoungGen: 55680K(56320K)->800K(56320K) Eden: 54784K(54784K)->0K(54784K) From: 896K(1536K)->800K(1536K)
[293.627s][info][gc,heap        ] GC(1169) ParOldGen: 6412K(699392K)->6676K(699392K)
[293.627s][info][gc,metaspace   ] GC(1169) Metaspace: 9961K(10304K)->9961K(10304K) NonClass: 8658K(8896K)->8658K(8896K) Class: 1302K(1408K)->1302K(1408K)
[293.627s][info][gc             ] GC(1169) Pause Young (Allocation Failure) 60M->7M(738M) 0.948ms
[293.627s][info][gc,cpu         ] GC(1169) User=0.00s Sys=0.00s Real=0.00s
[293.849s][info][gc,start       ] GC(1170) Pause Young (Allocation Failure)
[293.850s][info][gc,heap        ] GC(1170) PSYoungGen: 55584K(56320K)->704K(56320K) Eden: 54784K(54784K)->0K(54784K) From: 800K(1536K)->704K(1536K)
[293.850s][info][gc,heap        ] GC(1170) ParOldGen: 6676K(699392K)->6676K(699392K)
[293.850s][info][gc,metaspace   ] GC(1170) Metaspace: 9961K(10304K)->9961K(10304K) NonClass: 8658K(8896K)->8658K(8896K) Class: 1302K(1408K)->1302K(1408K)
[293.850s][info][gc             ] GC(1170) Pause Young (Allocation Failure) 60M->7M(738M) 0.864ms
[293.850s][info][gc,cpu         ] GC(1170) User=0.00s Sys=0.00s Real=0.00s
[294.065s][info][gc,start       ] GC(1171) Pause Young (Allocation Failure)
[294.065s][info][gc,heap        ] GC(1171) PSYoungGen: 55488K(56320K)->672K(56320K) Eden: 54784K(54784K)->0K(54784K) From: 704K(1536K)->672K(1536K)
[294.065s][info][gc,heap        ] GC(1171) ParOldGen: 6676K(699392K)->6676K(699392K)
[294.065s][info][gc,metaspace   ] GC(1171) Metaspace: 9961K(10304K)->9961K(10304K) NonClass: 8658K(8896K)->8658K(8896K) Class: 1302K(1408K)->1302K(1408K)
[294.065s][info][gc             ] GC(1171) Pause Young (Allocation Failure) 60M->7M(738M) 0.882ms
[294.066s][info][gc,cpu         ] GC(1171) User=0.00s Sys=0.00s Real=0.00s
[294.283s][info][gc,start       ] GC(1172) Pause Young (Allocation Failure)
[294.284s][info][gc,heap        ] GC(1172) PSYoungGen: 55456K(56320K)->896K(56320K) Eden: 54784K(54784K)->0K(54784K) From: 672K(1536K)->896K(1536K)
[294.284s][info][gc,heap        ] GC(1172) ParOldGen: 6676K(699392K)->6676K(699392K)
[294.284s][info][gc,metaspace   ] GC(1172) Metaspace: 9961K(10304K)->9961K(10304K) NonClass: 8658K(8896K)->8658K(8896K) Class: 1302K(1408K)->1302K(1408K)
[294.284s][info][gc             ] GC(1172) Pause Young (Allocation Failure) 60M->7M(738M) 0.867ms
[294.284s][info][gc,cpu         ] GC(1172) User=0.00s Sys=0.00s Real=0.00s
[294.501s][info][gc,start       ] GC(1173) Pause Young (Allocation Failure)
[294.502s][info][gc,heap        ] GC(1173) PSYoungGen: 55680K(56320K)->800K(56320K) Eden: 54784K(54784K)->0K(54784K) From: 896K(1536K)->800K(1536K)
[294.502s][info][gc,heap        ] GC(1173) ParOldGen: 6676K(699392K)->6916K(699392K)
[294.502s][info][gc,metaspace   ] GC(1173) Metaspace: 9961K(10304K)->9961K(10304K) NonClass: 8658K(8896K)->8658K(8896K) Class: 1302K(1408K)->1302K(1408K)
[294.502s][info][gc             ] GC(1173) Pause Young (Allocation Failure) 60M->7M(738M) 0.927ms
[294.502s][info][gc,cpu         ] GC(1173) User=0.00s Sys=0.00s Real=0.00s
[294.718s][info][gc,start       ] GC(1174) Pause Young (Allocation Failure)
[294.718s][info][gc,heap        ] GC(1174) PSYoungGen: 55584K(56320K)->992K(56320K) Eden: 54784K(54784K)->0K(54784K) From: 800K(1536K)->992K(1536K)
[294.719s][info][gc,heap        ] GC(1174) ParOldGen: 6916K(699392K)->6916K(699392K)
[294.719s][info][gc,metaspace   ] GC(1174) Metaspace: 9961K(10304K)->9961K(10304K) NonClass: 8658K(8896K)->8658K(8896K) Class: 1302K(1408K)->1302K(1408K)
[294.719s][info][gc             ] GC(1174) Pause Young (Allocation Failure) 61M->7M(738M) 0.913ms
[294.719s][info][gc,cpu         ] GC(1174) User=0.00s Sys=0.00s Real=0.00s
[294.945s][info][gc,start       ] GC(1175) Pause Young (Allocation Failure)
[294.945s][info][gc,heap        ] GC(1175) PSYoungGen: 55776K(56320K)->736K(56320K) Eden: 54784K(54784K)->0K(54784K) From: 992K(1536K)->736K(1536K)
[294.945s][info][gc,heap        ] GC(1175) ParOldGen: 6916K(699392K)->7196K(699392K)
[294.945s][info][gc,metaspace   ] GC(1175) Metaspace: 9961K(10304K)->9961K(10304K) NonClass: 8658K(8896K)->8658K(8896K) Class: 1302K(1408K)->1302K(1408K)
[294.945s][info][gc             ] GC(1175) Pause Young (Allocation Failure) 61M->7M(738M) 0.936ms
[294.946s][info][gc,cpu         ] GC(1175) User=0.00s Sys=0.00s Real=0.00s
[295.168s][info][gc,start       ] GC(1176) Pause Young (Allocation Failure)
[295.169s][info][gc,heap        ] GC(1176) PSYoungGen: 55520K(56320K)->864K(56320K) Eden: 54784K(54784K)->0K(54784K) From: 736K(1536K)->864K(1536K)
[295.169s][info][gc,heap        ] GC(1176) ParOldGen: 7196K(699392K)->7284K(699392K)
[295.169s][info][gc,metaspace   ] GC(1176) Metaspace: 9961K(10304K)->9961K(10304K) NonClass: 8658K(8896K)->8658K(8896K) Class: 1302K(1408K)->1302K(1408K)
[295.169s][info][gc             ] GC(1176) Pause Young (Allocation Failure) 61M->7M(738M) 0.931ms
[295.169s][info][gc,cpu         ] GC(1176) User=0.00s Sys=0.00s Real=0.00s
[295.392s][info][gc,start       ] GC(1177) Pause Young (Allocation Failure)
[295.393s][info][gc,heap        ] GC(1177) PSYoungGen: 55648K(56320K)->640K(56320K) Eden: 54784K(54784K)->0K(54784K) From: 864K(1536K)->640K(1536K)
[295.393s][info][gc,heap        ] GC(1177) ParOldGen: 7284K(699392K)->7516K(699392K)
[295.393s][info][gc,metaspace   ] GC(1177) Metaspace: 9961K(10304K)->9961K(10304K) NonClass: 8658K(8896K)->8658K(8896K) Class: 1302K(1408K)->1302K(1408K)
[295.393s][info][gc             ] GC(1177) Pause Young (Allocation Failure) 61M->7M(738M) 0.937ms
[295.393s][info][gc,cpu         ] GC(1177) User=0.02s Sys=0.00s Real=0.01s
[295.621s][info][gc,start       ] GC(1178) Pause Young (Allocation Failure)
[295.622s][info][gc,heap        ] GC(1178) PSYoungGen: 55424K(56320K)->640K(56320K) Eden: 54784K(54784K)->0K(54784K) From: 640K(1536K)->640K(1536K)
[295.622s][info][gc,heap        ] GC(1178) ParOldGen: 7516K(699392K)->7516K(699392K)
[295.622s][info][gc,metaspace   ] GC(1178) Metaspace: 9961K(10304K)->9961K(10304K) NonClass: 8658K(8896K)->8658K(8896K) Class: 1302K(1408K)->1302K(1408K)
[295.622s][info][gc             ] GC(1178) Pause Young (Allocation Failure) 61M->7M(738M) 0.798ms
[295.622s][info][gc,cpu         ] GC(1178) User=0.00s Sys=0.00s Real=0.00s
[295.841s][info][gc,start       ] GC(1179) Pause Young (Allocation Failure)
[295.842s][info][gc,heap        ] GC(1179) PSYoungGen: 55424K(56320K)->608K(56320K) Eden: 54784K(54784K)->0K(54784K) From: 640K(1536K)->608K(1536K)
[295.842s][info][gc,heap        ] GC(1179) ParOldGen: 7516K(699392K)->7516K(699392K)
[295.842s][info][gc,metaspace   ] GC(1179) Metaspace: 9961K(10304K)->9961K(10304K) NonClass: 8658K(8896K)->8658K(8896K) Class: 1302K(1408K)->1302K(1408K)
[295.842s][info][gc             ] GC(1179) Pause Young (Allocation Failure) 61M->7M(738M) 0.817ms
[295.842s][info][gc,cpu         ] GC(1179) User=0.00s Sys=0.00s Real=0.00s
[296.067s][info][gc,start       ] GC(1180) Pause Young (Allocation Failure)
[296.067s][info][gc,heap        ] GC(1180) PSYoungGen: 55392K(56320K)->640K(56320K) Eden: 54784K(54784K)->0K(54784K) From: 608K(1536K)->640K(1536K)
[296.068s][info][gc,heap        ] GC(1180) ParOldGen: 7516K(699392K)->7516K(699392K)
[296.068s][info][gc,metaspace   ] GC(1180) Metaspace: 9961K(10304K)->9961K(10304K) NonClass: 8658K(8896K)->8658K(8896K) Class: 1302K(1408K)->1302K(1408K)
[296.068s][info][gc             ] GC(1180) Pause Young (Allocation Failure) 61M->7M(738M) 0.799ms
[296.068s][info][gc,cpu         ] GC(1180) User=0.00s Sys=0.00s Real=0.00s
[296.292s][info][gc,start       ] GC(1181) Pause Young (Allocation Failure)
[296.293s][info][gc,heap        ] GC(1181) PSYoungGen: 55424K(56320K)->640K(56320K) Eden: 54784K(54784K)->0K(54784K) From: 640K(1536K)->640K(1536K)
[296.293s][info][gc,heap        ] GC(1181) ParOldGen: 7516K(699392K)->7516K(699392K)
[296.293s][info][gc,metaspace   ] GC(1181) Metaspace: 9961K(10304K)->9961K(10304K) NonClass: 8658K(8896K)->8658K(8896K) Class: 1302K(1408K)->1302K(1408K)
[296.293s][info][gc             ] GC(1181) Pause Young (Allocation Failure) 61M->7M(738M) 0.812ms
[296.293s][info][gc,cpu         ] GC(1181) User=0.00s Sys=0.00s Real=0.00s
[296.524s][info][gc,start       ] GC(1182) Pause Young (Allocation Failure)
[296.524s][info][gc,heap        ] GC(1182) PSYoungGen: 55424K(56320K)->736K(56320K) Eden: 54784K(54784K)->0K(54784K) From: 640K(1536K)->736K(1536K)
[296.524s][info][gc,heap        ] GC(1182) ParOldGen: 7516K(699392K)->7516K(699392K)
[296.524s][info][gc,metaspace   ] GC(1182) Metaspace: 9961K(10304K)->9961K(10304K) NonClass: 8658K(8896K)->8658K(8896K) Class: 1302K(1408K)->1302K(1408K)
[296.524s][info][gc             ] GC(1182) Pause Young (Allocation Failure) 61M->8M(738M) 0.863ms
[296.524s][info][gc,cpu         ] GC(1182) User=0.00s Sys=0.00s Real=0.00s
[296.749s][info][gc,start       ] GC(1183) Pause Young (Allocation Failure)
[296.750s][info][gc,heap        ] GC(1183) PSYoungGen: 55520K(56320K)->704K(56320K) Eden: 54784K(54784K)->0K(54784K) From: 736K(1536K)->704K(1536K)
[296.750s][info][gc,heap        ] GC(1183) ParOldGen: 7516K(699392K)->7748K(699392K)
[296.750s][info][gc,metaspace   ] GC(1183) Metaspace: 9961K(10304K)->9961K(10304K) NonClass: 8658K(8896K)->8658K(8896K) Class: 1302K(1408K)->1302K(1408K)
[296.750s][info][gc             ] GC(1183) Pause Young (Allocation Failure) 61M->8M(738M) 0.912ms
[296.750s][info][gc,cpu         ] GC(1183) User=0.00s Sys=0.00s Real=0.00s
[296.970s][info][gc,start       ] GC(1184) Pause Young (Allocation Failure)
[296.970s][info][gc,heap        ] GC(1184) PSYoungGen: 55488K(56320K)->736K(56320K) Eden: 54784K(54784K)->0K(54784K) From: 704K(1536K)->736K(1536K)
[296.970s][info][gc,heap        ] GC(1184) ParOldGen: 7748K(699392K)->7748K(699392K)
[296.971s][info][gc,metaspace   ] GC(1184) Metaspace: 9961K(10304K)->9961K(10304K) NonClass: 8658K(8896K)->8658K(8896K) Class: 1302K(1408K)->1302K(1408K)
[296.971s][info][gc             ] GC(1184) Pause Young (Allocation Failure) 61M->8M(738M) 0.829ms
[296.971s][info][gc,cpu         ] GC(1184) User=0.00s Sys=0.00s Real=0.00s
[297.192s][info][gc,start       ] GC(1185) Pause Young (Allocation Failure)
[297.192s][info][gc,heap        ] GC(1185) PSYoungGen: 55520K(56320K)->768K(55808K) Eden: 54784K(54784K)->0K(54784K) From: 736K(1536K)->768K(1024K)
[297.192s][info][gc,heap        ] GC(1185) ParOldGen: 7748K(699392K)->7748K(699392K)
[297.192s][info][gc,metaspace   ] GC(1185) Metaspace: 9961K(10304K)->9961K(10304K) NonClass: 8658K(8896K)->8658K(8896K) Class: 1302K(1408K)->1302K(1408K)
[297.192s][info][gc             ] GC(1185) Pause Young (Allocation Failure) 61M->8M(737M) 0.871ms
[297.193s][info][gc,cpu         ] GC(1185) User=0.00s Sys=0.00s Real=0.00s
[297.422s][info][gc,start       ] GC(1186) Pause Young (Allocation Failure)
[297.423s][info][gc,heap        ] GC(1186) PSYoungGen: 55552K(55808K)->672K(55808K) Eden: 54784K(54784K)->0K(54784K) From: 768K(1024K)->672K(1024K)
[297.423s][info][gc,heap        ] GC(1186) ParOldGen: 7748K(699392K)->7748K(699392K)
[297.423s][info][gc,metaspace   ] GC(1186) Metaspace: 9961K(10304K)->9961K(10304K) NonClass: 8658K(8896K)->8658K(8896K) Class: 1302K(1408K)->1302K(1408K)
[297.423s][info][gc             ] GC(1186) Pause Young (Allocation Failure) 61M->8M(737M) 0.986ms
[297.423s][info][gc,cpu         ] GC(1186) User=0.02s Sys=0.00s Real=0.02s
[297.649s][info][gc,start       ] GC(1187) Pause Young (Allocation Failure)
[297.650s][info][gc,heap        ] GC(1187) PSYoungGen: 55456K(55808K)->512K(55296K) Eden: 54784K(54784K)->0K(54784K) From: 672K(1024K)->512K(512K)
[297.650s][info][gc,heap        ] GC(1187) ParOldGen: 7748K(699392K)->7780K(699392K)
[297.650s][info][gc,metaspace   ] GC(1187) Metaspace: 9961K(10304K)->9961K(10304K) NonClass: 8658K(8896K)->8658K(8896K) Class: 1302K(1408K)->1302K(1408K)
[297.650s][info][gc             ] GC(1187) Pause Young (Allocation Failure) 61M->8M(737M) 0.785ms
[297.650s][info][gc,cpu         ] GC(1187) User=0.00s Sys=0.00s Real=0.00s
[297.880s][info][gc,start       ] GC(1188) Pause Young (Allocation Failure)
[297.880s][info][gc,heap        ] GC(1188) PSYoungGen: 55296K(55296K)->704K(55808K) Eden: 54784K(54784K)->0K(54784K) From: 512K(512K)->704K(1024K)
[297.881s][info][gc,heap        ] GC(1188) ParOldGen: 7780K(699392K)->7956K(699392K)
[297.881s][info][gc,metaspace   ] GC(1188) Metaspace: 9961K(10304K)->9961K(10304K) NonClass: 8658K(8896K)->8658K(8896K) Class: 1302K(1408K)->1302K(1408K)
[297.881s][info][gc             ] GC(1188) Pause Young (Allocation Failure) 61M->8M(737M) 0.883ms
[297.881s][info][gc,cpu         ] GC(1188) User=0.00s Sys=0.00s Real=0.00s
[298.098s][info][gc,start       ] GC(1189) Pause Young (System.gc())
[298.099s][info][gc,heap        ] GC(1189) PSYoungGen: 53543K(55808K)->608K(55808K) Eden: 52839K(54784K)->0K(54784K) From: 704K(1024K)->608K(1024K)
[298.099s][info][gc,heap        ] GC(1189) ParOldGen: 7956K(699392K)->8028K(699392K)
[298.099s][info][gc,metaspace   ] GC(1189) Metaspace: 9961K(10304K)->9961K(10304K) NonClass: 8658K(8896K)->8658K(8896K) Class: 1302K(1408K)->1302K(1408K)
[298.099s][info][gc             ] GC(1189) Pause Young (System.gc()) 60M->8M(737M) 0.814ms
[298.099s][info][gc,cpu         ] GC(1189) User=0.00s Sys=0.00s Real=0.00s
[298.099s][info][gc,start       ] GC(1190) Pause Full (System.gc())
[298.099s][info][gc,phases,start] GC(1190) Marking Phase
[298.113s][info][gc,phases      ] GC(1190) Marking Phase 13.124ms
[298.113s][info][gc,phases,start] GC(1190) Summary Phase
[298.113s][info][gc,phases      ] GC(1190) Summary Phase 0.032ms
[298.113s][info][gc,phases,start] GC(1190) Adjust Roots
[298.117s][info][gc,phases      ] GC(1190) Adjust Roots 4.329ms
[298.117s][info][gc,phases,start] GC(1190) Compaction Phase
[298.121s][info][gc,phases      ] GC(1190) Compaction Phase 3.576ms
[298.121s][info][gc,phases,start] GC(1190) Post Compact
[298.121s][info][gc,phases      ] GC(1190) Post Compact 0.455ms
[298.121s][info][gc,heap        ] GC(1190) PSYoungGen: 608K(55808K)->0K(55808K) Eden: 0K(54784K)->0K(54784K) From: 608K(1024K)->0K(1024K)
[298.121s][info][gc,heap        ] GC(1190) ParOldGen: 8028K(699392K)->4076K(699392K)
[298.121s][info][gc,metaspace   ] GC(1190) Metaspace: 9961K(10304K)->9961K(10304K) NonClass: 8658K(8896K)->8658K(8896K) Class: 1302K(1408K)->1302K(1408K)
[298.121s][info][gc             ] GC(1190) Pause Full (System.gc()) 8M->3M(737M) 21.860ms
[298.121s][info][gc,cpu         ] GC(1190) User=0.02s Sys=0.00s Real=0.01s
[298.355s][info][gc,start       ] GC(1191) Pause Young (Allocation Failure)
[298.356s][info][gc,heap        ] GC(1191) PSYoungGen: 54784K(55808K)->1024K(55808K) Eden: 54784K(54784K)->0K(54784K) From: 0K(1024K)->1024K(1024K)
[298.356s][info][gc,heap        ] GC(1191) ParOldGen: 4076K(699392K)->4220K(699392K)
[298.356s][info][gc,metaspace   ] GC(1191) Metaspace: 9961K(10304K)->9961K(10304K) NonClass: 8658K(8896K)->8658K(8896K) Class: 1302K(1408K)->1302K(1408K)
[298.356s][info][gc             ] GC(1191) Pause Young (Allocation Failure) 57M->5M(737M) 1.177ms
[298.356s][info][gc,cpu         ] GC(1191) User=0.00s Sys=0.00s Real=0.00s
[298.586s][info][gc,start       ] GC(1192) Pause Young (Allocation Failure)
[298.587s][info][gc,heap        ] GC(1192) PSYoungGen: 55808K(55808K)->1248K(56320K) Eden: 54784K(54784K)->0K(54784K) From: 1024K(1024K)->1248K(1536K)
[298.587s][info][gc,heap        ] GC(1192) ParOldGen: 4220K(699392K)->4596K(699392K)
[298.587s][info][gc,metaspace   ] GC(1192) Metaspace: 9961K(10304K)->9961K(10304K) NonClass: 8658K(8896K)->8658K(8896K) Class: 1302K(1408K)->1302K(1408K)
[298.587s][info][gc             ] GC(1192) Pause Young (Allocation Failure) 58M->5M(738M) 1.239ms
[298.587s][info][gc,cpu         ] GC(1192) User=0.00s Sys=0.00s Real=0.00s
[298.807s][info][gc,start       ] GC(1193) Pause Young (Allocation Failure)
[298.808s][info][gc,heap        ] GC(1193) PSYoungGen: 56032K(56320K)->672K(56320K) Eden: 54784K(54784K)->0K(54784K) From: 1248K(1536K)->672K(1536K)
[298.808s][info][gc,heap        ] GC(1193) ParOldGen: 4596K(699392K)->5052K(699392K)
[298.808s][info][gc,metaspace   ] GC(1193) Metaspace: 9961K(10304K)->9961K(10304K) NonClass: 8658K(8896K)->8658K(8896K) Class: 1302K(1408K)->1302K(1408K)
[298.808s][info][gc             ] GC(1193) Pause Young (Allocation Failure) 59M->5M(738M) 1.053ms
[298.808s][info][gc,cpu         ] GC(1193) User=0.00s Sys=0.00s Real=0.00s
[299.029s][info][gc,start       ] GC(1194) Pause Young (Allocation Failure)
[299.030s][info][gc,heap        ] GC(1194) PSYoungGen: 55456K(56320K)->864K(56320K) Eden: 54784K(54784K)->0K(54784K) From: 672K(1536K)->864K(1536K)
[299.030s][info][gc,heap        ] GC(1194) ParOldGen: 5052K(699392K)->5052K(699392K)
[299.030s][info][gc,metaspace   ] GC(1194) Metaspace: 9961K(10304K)->9961K(10304K) NonClass: 8658K(8896K)->8658K(8896K) Class: 1302K(1408K)->1302K(1408K)
[299.030s][info][gc             ] GC(1194) Pause Young (Allocation Failure) 59M->5M(738M) 0.879ms
[299.030s][info][gc,cpu         ] GC(1194) User=0.00s Sys=0.00s Real=0.00s
[299.259s][info][gc,start       ] GC(1195) Pause Young (Allocation Failure)
[299.260s][info][gc,heap        ] GC(1195) PSYoungGen: 55648K(56320K)->928K(56320K) Eden: 54784K(54784K)->0K(54784K) From: 864K(1536K)->928K(1536K)
[299.260s][info][gc,heap        ] GC(1195) ParOldGen: 5052K(699392K)->5340K(699392K)
[299.260s][info][gc,metaspace   ] GC(1195) Metaspace: 9961K(10304K)->9961K(10304K) NonClass: 8658K(8896K)->8658K(8896K) Class: 1302K(1408K)->1302K(1408K)
[299.260s][info][gc             ] GC(1195) Pause Young (Allocation Failure) 59M->6M(738M) 1.228ms
[299.260s][info][gc,cpu         ] GC(1195) User=0.00s Sys=0.00s Real=0.00s
[299.482s][info][gc,start       ] GC(1196) Pause Young (Allocation Failure)
[299.483s][info][gc,heap        ] GC(1196) PSYoungGen: 55712K(56320K)->704K(56320K) Eden: 54784K(54784K)->0K(54784K) From: 928K(1536K)->704K(1536K)
[299.483s][info][gc,heap        ] GC(1196) ParOldGen: 5340K(699392K)->5596K(699392K)
[299.483s][info][gc,metaspace   ] GC(1196) Metaspace: 9961K(10304K)->9961K(10304K) NonClass: 8658K(8896K)->8658K(8896K) Class: 1302K(1408K)->1302K(1408K)
[299.483s][info][gc             ] GC(1196) Pause Young (Allocation Failure) 59M->6M(738M) 0.842ms
[299.483s][info][gc,cpu         ] GC(1196) User=0.00s Sys=0.00s Real=0.00s
[299.693s][info][gc,start       ] GC(1197) Pause Young (Allocation Failure)
[299.694s][info][gc,heap        ] GC(1197) PSYoungGen: 55488K(56320K)->832K(56320K) Eden: 54784K(54784K)->0K(54784K) From: 704K(1536K)->832K(1536K)
[299.694s][info][gc,heap        ] GC(1197) ParOldGen: 5596K(699392K)->5628K(699392K)
[299.694s][info][gc,metaspace   ] GC(1197) Metaspace: 9961K(10304K)->9961K(10304K) NonClass: 8658K(8896K)->8658K(8896K) Class: 1302K(1408K)->1302K(1408K)
[299.694s][info][gc             ] GC(1197) Pause Young (Allocation Failure) 59M->6M(738M) 0.888ms
[299.694s][info][gc,cpu         ] GC(1197) User=0.00s Sys=0.00s Real=0.00s
[299.916s][info][gc,start       ] GC(1198) Pause Young (Allocation Failure)
[299.921s][info][gc,heap        ] GC(1198) PSYoungGen: 55616K(56320K)->864K(56320K) Eden: 54784K(54784K)->0K(54784K) From: 832K(1536K)->864K(1536K)
[299.921s][info][gc,heap        ] GC(1198) ParOldGen: 5628K(699392K)->5900K(699392K)
[299.921s][info][gc,metaspace   ] GC(1198) Metaspace: 9961K(10304K)->9961K(10304K) NonClass: 8658K(8896K)->8658K(8896K) Class: 1302K(1408K)->1302K(1408K)
[299.921s][info][gc             ] GC(1198) Pause Young (Allocation Failure) 59M->6M(738M) 5.831ms
[299.921s][info][gc,cpu         ] GC(1198) User=0.00s Sys=0.00s Real=0.00s
[300.132s][info][gc,start       ] GC(1199) Pause Young (Allocation Failure)
[300.133s][info][gc,heap        ] GC(1199) PSYoungGen: 55648K(56320K)->768K(56320K) Eden: 54784K(54784K)->0K(54784K) From: 864K(1536K)->768K(1536K)
[300.133s][info][gc,heap        ] GC(1199) ParOldGen: 5900K(699392K)->6132K(699392K)
[300.133s][info][gc,metaspace   ] GC(1199) Metaspace: 9961K(10304K)->9961K(10304K) NonClass: 8658K(8896K)->8658K(8896K) Class: 1302K(1408K)->1302K(1408K)
[300.133s][info][gc             ] GC(1199) Pause Young (Allocation Failure) 60M->6M(738M) 0.922ms
[300.133s][info][gc,cpu         ] GC(1199) User=0.00s Sys=0.00s Real=0.00s
[300.364s][info][gc,start       ] GC(1200) Pause Young (Allocation Failure)
[300.365s][info][gc,heap        ] GC(1200) PSYoungGen: 55552K(56320K)->672K(56320K) Eden: 54784K(54784K)->0K(54784K) From: 768K(1536K)->672K(1536K)
[300.365s][info][gc,heap        ] GC(1200) ParOldGen: 6132K(699392K)->6132K(699392K)
[300.365s][info][gc,metaspace   ] GC(1200) Metaspace: 9961K(10304K)->9961K(10304K) NonClass: 8658K(8896K)->8658K(8896K) Class: 1302K(1408K)->1302K(1408K)
[300.365s][info][gc             ] GC(1200) Pause Young (Allocation Failure) 60M->6M(738M) 0.829ms
[300.365s][info][gc,cpu         ] GC(1200) User=0.00s Sys=0.00s Real=0.00s
[300.584s][info][gc,start       ] GC(1201) Pause Young (Allocation Failure)
[300.584s][info][gc,heap        ] GC(1201) PSYoungGen: 55456K(56320K)->928K(56320K) Eden: 54784K(54784K)->0K(54784K) From: 672K(1536K)->928K(1536K)
[300.584s][info][gc,heap        ] GC(1201) ParOldGen: 6132K(699392K)->6260K(699392K)
[300.585s][info][gc,metaspace   ] GC(1201) Metaspace: 9961K(10304K)->9961K(10304K) NonClass: 8658K(8896K)->8658K(8896K) Class: 1302K(1408K)->1302K(1408K)
[300.585s][info][gc             ] GC(1201) Pause Young (Allocation Failure) 60M->7M(738M) 0.910ms
[300.585s][info][gc,cpu         ] GC(1201) User=0.00s Sys=0.00s Real=0.00s
[300.810s][info][gc,start       ] GC(1202) Pause Young (Allocation Failure)
[300.811s][info][gc,heap        ] GC(1202) PSYoungGen: 55712K(56320K)->768K(56320K) Eden: 54784K(54784K)->0K(54784K) From: 928K(1536K)->768K(1536K)
[300.811s][info][gc,heap        ] GC(1202) ParOldGen: 6260K(699392K)->6492K(699392K)
[300.811s][info][gc,metaspace   ] GC(1202) Metaspace: 9961K(10304K)->9961K(10304K) NonClass: 8658K(8896K)->8658K(8896K) Class: 1302K(1408K)->1302K(1408K)
[300.811s][info][gc             ] GC(1202) Pause Young (Allocation Failure) 60M->7M(738M) 0.944ms
[300.811s][info][gc,cpu         ] GC(1202) User=0.00s Sys=0.00s Real=0.00s
[301.040s][info][gc,start       ] GC(1203) Pause Young (Allocation Failure)
[301.040s][info][gc,heap        ] GC(1203) PSYoungGen: 55552K(56320K)->608K(56320K) Eden: 54784K(54784K)->0K(54784K) From: 768K(1536K)->608K(1536K)
[301.040s][info][gc,heap        ] GC(1203) ParOldGen: 6492K(699392K)->6492K(699392K)
[301.040s][info][gc,metaspace   ] GC(1203) Metaspace: 9961K(10304K)->9961K(10304K) NonClass: 8658K(8896K)->8658K(8896K) Class: 1302K(1408K)->1302K(1408K)
[301.041s][info][gc             ] GC(1203) Pause Young (Allocation Failure) 60M->6M(738M) 0.826ms
[301.041s][info][gc,cpu         ] GC(1203) User=0.00s Sys=0.00s Real=0.00s
[301.263s][info][gc,start       ] GC(1204) Pause Young (Allocation Failure)
[301.264s][info][gc,heap        ] GC(1204) PSYoungGen: 55392K(56320K)->768K(56320K) Eden: 54784K(54784K)->0K(54784K) From: 608K(1536K)->768K(1536K)
[301.264s][info][gc,heap        ] GC(1204) ParOldGen: 6492K(699392K)->6492K(699392K)
[301.264s][info][gc,metaspace   ] GC(1204) Metaspace: 9961K(10304K)->9961K(10304K) NonClass: 8658K(8896K)->8658K(8896K) Class: 1302K(1408K)->1302K(1408K)
[301.264s][info][gc             ] GC(1204) Pause Young (Allocation Failure) 60M->7M(738M) 0.854ms
[301.264s][info][gc,cpu         ] GC(1204) User=0.00s Sys=0.00s Real=0.00s
[301.491s][info][gc,start       ] GC(1205) Pause Young (Allocation Failure)
[301.492s][info][gc,heap        ] GC(1205) PSYoungGen: 55552K(56320K)->640K(56320K) Eden: 54784K(54784K)->0K(54784K) From: 768K(1536K)->640K(1536K)
[301.492s][info][gc,heap        ] GC(1205) ParOldGen: 6492K(699392K)->6492K(699392K)
[301.492s][info][gc,metaspace   ] GC(1205) Metaspace: 9961K(10304K)->9961K(10304K) NonClass: 8658K(8896K)->8658K(8896K) Class: 1302K(1408K)->1302K(1408K)
[301.492s][info][gc             ] GC(1205) Pause Young (Allocation Failure) 60M->6M(738M) 0.803ms
[301.492s][info][gc,cpu         ] GC(1205) User=0.00s Sys=0.00s Real=0.00s
[301.716s][info][gc,start       ] GC(1206) Pause Young (Allocation Failure)
[301.717s][info][gc,heap        ] GC(1206) PSYoungGen: 55424K(56320K)->736K(56320K) Eden: 54784K(54784K)->0K(54784K) From: 640K(1536K)->736K(1536K)
[301.717s][info][gc,heap        ] GC(1206) ParOldGen: 6492K(699392K)->6492K(699392K)
[301.717s][info][gc,metaspace   ] GC(1206) Metaspace: 9961K(10304K)->9961K(10304K) NonClass: 8658K(8896K)->8658K(8896K) Class: 1302K(1408K)->1302K(1408K)
[301.717s][info][gc             ] GC(1206) Pause Young (Allocation Failure) 60M->7M(738M) 0.834ms
[301.717s][info][gc,cpu         ] GC(1206) User=0.00s Sys=0.00s Real=0.00s
[301.944s][info][gc,start       ] GC(1207) Pause Young (Allocation Failure)
[301.945s][info][gc,heap        ] GC(1207) PSYoungGen: 55520K(56320K)->672K(56320K) Eden: 54784K(54784K)->0K(54784K) From: 736K(1536K)->672K(1536K)
[301.945s][info][gc,heap        ] GC(1207) ParOldGen: 6492K(699392K)->6492K(699392K)
[301.945s][info][gc,metaspace   ] GC(1207) Metaspace: 9961K(10304K)->9961K(10304K) NonClass: 8658K(8896K)->8658K(8896K) Class: 1302K(1408K)->1302K(1408K)
[301.945s][info][gc             ] GC(1207) Pause Young (Allocation Failure) 60M->6M(738M) 0.838ms
[301.945s][info][gc,cpu         ] GC(1207) User=0.00s Sys=0.00s Real=0.00s
[302.167s][info][gc,start       ] GC(1208) Pause Young (Allocation Failure)
[302.168s][info][gc,heap        ] GC(1208) PSYoungGen: 55456K(56320K)->608K(56320K) Eden: 54784K(54784K)->0K(54784K) From: 672K(1536K)->608K(1536K)
[302.168s][info][gc,heap        ] GC(1208) ParOldGen: 6492K(699392K)->6492K(699392K)
[302.168s][info][gc,metaspace   ] GC(1208) Metaspace: 9961K(10304K)->9961K(10304K) NonClass: 8658K(8896K)->8658K(8896K) Class: 1302K(1408K)->1302K(1408K)
[302.168s][info][gc             ] GC(1208) Pause Young (Allocation Failure) 60M->6M(738M) 0.808ms
[302.168s][info][gc,cpu         ] GC(1208) User=0.00s Sys=0.00s Real=0.00s
[302.391s][info][gc,start       ] GC(1209) Pause Young (Allocation Failure)
[302.392s][info][gc,heap        ] GC(1209) PSYoungGen: 55392K(56320K)->704K(55808K) Eden: 54784K(54784K)->0K(54784K) From: 608K(1536K)->704K(1024K)
[302.392s][info][gc,heap        ] GC(1209) ParOldGen: 6492K(699392K)->6492K(699392K)
[302.392s][info][gc,metaspace   ] GC(1209) Metaspace: 9961K(10304K)->9961K(10304K) NonClass: 8658K(8896K)->8658K(8896K) Class: 1302K(1408K)->1302K(1408K)
[302.392s][info][gc             ] GC(1209) Pause Young (Allocation Failure) 60M->7M(737M) 0.986ms
[302.392s][info][gc,cpu         ] GC(1209) User=0.00s Sys=0.00s Real=0.00s
[302.619s][info][gc,start       ] GC(1210) Pause Young (Allocation Failure)
[302.620s][info][gc,heap        ] GC(1210) PSYoungGen: 55488K(55808K)->704K(55808K) Eden: 54784K(54784K)->0K(54784K) From: 704K(1024K)->704K(1024K)
[302.620s][info][gc,heap        ] GC(1210) ParOldGen: 6492K(699392K)->6492K(699392K)
[302.620s][info][gc,metaspace   ] GC(1210) Metaspace: 9961K(10304K)->9961K(10304K) NonClass: 8658K(8896K)->8658K(8896K) Class: 1302K(1408K)->1302K(1408K)
[302.620s][info][gc             ] GC(1210) Pause Young (Allocation Failure) 60M->7M(737M) 0.821ms
[302.620s][info][gc,cpu         ] GC(1210) User=0.00s Sys=0.00s Real=0.00s
[302.843s][info][gc,start       ] GC(1211) Pause Young (Allocation Failure)
[302.844s][info][gc,heap        ] GC(1211) PSYoungGen: 55488K(55808K)->640K(55808K) Eden: 54784K(54784K)->0K(54784K) From: 704K(1024K)->640K(1024K)
[302.844s][info][gc,heap        ] GC(1211) ParOldGen: 6492K(699392K)->6492K(699392K)
[302.844s][info][gc,metaspace   ] GC(1211) Metaspace: 9961K(10304K)->9961K(10304K) NonClass: 8658K(8896K)->8658K(8896K) Class: 1302K(1408K)->1302K(1408K)
[302.844s][info][gc             ] GC(1211) Pause Young (Allocation Failure) 60M->6M(737M) 0.823ms
[302.844s][info][gc,cpu         ] GC(1211) User=0.27s Sys=0.00s Real=0.02s
[303.057s][info][gc,start       ] GC(1212) Pause Young (Allocation Failure)
[303.058s][info][gc,heap        ] GC(1212) PSYoungGen: 55424K(55808K)->608K(55808K) Eden: 54784K(54784K)->0K(54784K) From: 640K(1024K)->608K(1024K)
[303.058s][info][gc,heap        ] GC(1212) ParOldGen: 6492K(699392K)->6492K(699392K)
[303.058s][info][gc,metaspace   ] GC(1212) Metaspace: 9961K(10304K)->9961K(10304K) NonClass: 8658K(8896K)->8658K(8896K) Class: 1302K(1408K)->1302K(1408K)
[303.058s][info][gc             ] GC(1212) Pause Young (Allocation Failure) 60M->6M(737M) 0.877ms
[303.058s][info][gc,cpu         ] GC(1212) User=0.00s Sys=0.00s Real=0.00s
[303.270s][info][gc,start       ] GC(1213) Pause Young (Allocation Failure)
[303.271s][info][gc,heap        ] GC(1213) PSYoungGen: 55392K(55808K)->864K(55808K) Eden: 54784K(54784K)->0K(54784K) From: 608K(1024K)->864K(1024K)
[303.271s][info][gc,heap        ] GC(1213) ParOldGen: 6492K(699392K)->6492K(699392K)
[303.271s][info][gc,metaspace   ] GC(1213) Metaspace: 9961K(10304K)->9961K(10304K) NonClass: 8658K(8896K)->8658K(8896K) Class: 1302K(1408K)->1302K(1408K)
[303.271s][info][gc             ] GC(1213) Pause Young (Allocation Failure) 60M->7M(737M) 0.895ms
[303.271s][info][gc,cpu         ] GC(1213) User=0.00s Sys=0.00s Real=0.00s
[303.494s][info][gc,start       ] GC(1214) Pause Young (Allocation Failure)
[303.494s][info][gc,heap        ] GC(1214) PSYoungGen: 55648K(55808K)->608K(55808K) Eden: 54784K(54784K)->0K(54784K) From: 864K(1024K)->608K(1024K)
[303.494s][info][gc,heap        ] GC(1214) ParOldGen: 6492K(699392K)->6756K(699392K)
[303.494s][info][gc,metaspace   ] GC(1214) Metaspace: 9961K(10304K)->9961K(10304K) NonClass: 8658K(8896K)->8658K(8896K) Class: 1302K(1408K)->1302K(1408K)
[303.495s][info][gc             ] GC(1214) Pause Young (Allocation Failure) 60M->7M(737M) 0.926ms
[303.495s][info][gc,cpu         ] GC(1214) User=0.00s Sys=0.00s Real=0.00s
[303.715s][info][gc,start       ] GC(1215) Pause Young (Allocation Failure)
[303.716s][info][gc,heap        ] GC(1215) PSYoungGen: 55392K(55808K)->1024K(55808K) Eden: 54784K(54784K)->0K(54784K) From: 608K(1024K)->1024K(1024K)
[303.716s][info][gc,heap        ] GC(1215) ParOldGen: 6756K(699392K)->6756K(699392K)
[303.716s][info][gc,metaspace   ] GC(1215) Metaspace: 9961K(10304K)->9961K(10304K) NonClass: 8658K(8896K)->8658K(8896K) Class: 1302K(1408K)->1302K(1408K)
[303.716s][info][gc             ] GC(1215) Pause Young (Allocation Failure) 60M->7M(737M) 0.908ms
[303.716s][info][gc,cpu         ] GC(1215) User=0.00s Sys=0.00s Real=0.00s
[303.932s][info][gc,start       ] GC(1216) Pause Young (Allocation Failure)
[303.933s][info][gc,heap        ] GC(1216) PSYoungGen: 55808K(55808K)->960K(56320K) Eden: 54784K(54784K)->0K(54784K) From: 1024K(1024K)->960K(1536K)
[303.933s][info][gc,heap        ] GC(1216) ParOldGen: 6756K(699392K)->6756K(699392K)
[303.933s][info][gc,metaspace   ] GC(1216) Metaspace: 9961K(10304K)->9961K(10304K) NonClass: 8658K(8896K)->8658K(8896K) Class: 1302K(1408K)->1302K(1408K)
[303.933s][info][gc             ] GC(1216) Pause Young (Allocation Failure) 61M->7M(738M) 0.921ms
[303.933s][info][gc,cpu         ] GC(1216) User=0.00s Sys=0.00s Real=0.00s
[304.156s][info][gc,start       ] GC(1217) Pause Young (Allocation Failure)
[304.157s][info][gc,heap        ] GC(1217) PSYoungGen: 55744K(56320K)->832K(56320K) Eden: 54784K(54784K)->0K(54784K) From: 960K(1536K)->832K(1536K)
[304.157s][info][gc,heap        ] GC(1217) ParOldGen: 6756K(699392K)->6996K(699392K)
[304.157s][info][gc,metaspace   ] GC(1217) Metaspace: 9961K(10304K)->9961K(10304K) NonClass: 8658K(8896K)->8658K(8896K) Class: 1302K(1408K)->1302K(1408K)
[304.157s][info][gc             ] GC(1217) Pause Young (Allocation Failure) 61M->7M(738M) 0.913ms
[304.157s][info][gc,cpu         ] GC(1217) User=0.00s Sys=0.00s Real=0.00s
[304.385s][info][gc,start       ] GC(1218) Pause Young (Allocation Failure)
[304.386s][info][gc,heap        ] GC(1218) PSYoungGen: 55616K(56320K)->960K(56320K) Eden: 54784K(54784K)->0K(54784K) From: 832K(1536K)->960K(1536K)
[304.386s][info][gc,heap        ] GC(1218) ParOldGen: 6996K(699392K)->6996K(699392K)
[304.386s][info][gc,metaspace   ] GC(1218) Metaspace: 9961K(10304K)->9961K(10304K) NonClass: 8658K(8896K)->8658K(8896K) Class: 1302K(1408K)->1302K(1408K)
[304.386s][info][gc             ] GC(1218) Pause Young (Allocation Failure) 61M->7M(738M) 0.923ms
[304.386s][info][gc,cpu         ] GC(1218) User=0.00s Sys=0.00s Real=0.00s
[304.609s][info][gc,start       ] GC(1219) Pause Young (Allocation Failure)
[304.610s][info][gc,heap        ] GC(1219) PSYoungGen: 55744K(56320K)->800K(56320K) Eden: 54784K(54784K)->0K(54784K) From: 960K(1536K)->800K(1536K)
[304.610s][info][gc,heap        ] GC(1219) ParOldGen: 6996K(699392K)->7204K(699392K)
[304.610s][info][gc,metaspace   ] GC(1219) Metaspace: 9961K(10304K)->9961K(10304K) NonClass: 8658K(8896K)->8658K(8896K) Class: 1302K(1408K)->1302K(1408K)
[304.610s][info][gc             ] GC(1219) Pause Young (Allocation Failure) 61M->7M(738M) 0.886ms
[304.610s][info][gc,cpu         ] GC(1219) User=0.00s Sys=0.00s Real=0.00s
[304.833s][info][gc,start       ] GC(1220) Pause Young (Allocation Failure)
[304.833s][info][gc,heap        ] GC(1220) PSYoungGen: 55584K(56320K)->736K(56320K) Eden: 54784K(54784K)->0K(54784K) From: 800K(1536K)->736K(1536K)
[304.833s][info][gc,heap        ] GC(1220) ParOldGen: 7204K(699392K)->7204K(699392K)
[304.833s][info][gc,metaspace   ] GC(1220) Metaspace: 9961K(10304K)->9961K(10304K) NonClass: 8658K(8896K)->8658K(8896K) Class: 1302K(1408K)->1302K(1408K)
[304.833s][info][gc             ] GC(1220) Pause Young (Allocation Failure) 61M->7M(738M) 0.792ms
[304.833s][info][gc,cpu         ] GC(1220) User=0.00s Sys=0.02s Real=0.02s
[304.838s][info][gc,start       ] GC(1221) Pause Young (System.gc())
[304.839s][info][gc,heap        ] GC(1221) PSYoungGen: 1784K(56320K)->480K(56320K) Eden: 1048K(54784K)->0K(54784K) From: 736K(1536K)->480K(1536K)
[304.839s][info][gc,heap        ] GC(1221) ParOldGen: 7204K(699392K)->7540K(699392K)
[304.839s][info][gc,metaspace   ] GC(1221) Metaspace: 9961K(10304K)->9961K(10304K) NonClass: 8658K(8896K)->8658K(8896K) Class: 1302K(1408K)->1302K(1408K)
[304.839s][info][gc             ] GC(1221) Pause Young (System.gc()) 8M->7M(738M) 0.718ms
[304.839s][info][gc,cpu         ] GC(1221) User=0.00s Sys=0.00s Real=0.00s
[304.839s][info][gc,start       ] GC(1222) Pause Full (System.gc())
[304.839s][info][gc,phases,start] GC(1222) Marking Phase
[304.852s][info][gc,phases      ] GC(1222) Marking Phase 12.392ms
[304.852s][info][gc,phases,start] GC(1222) Summary Phase
[304.852s][info][gc,phases      ] GC(1222) Summary Phase 0.022ms
[304.852s][info][gc,phases,start] GC(1222) Adjust Roots
[304.856s][info][gc,phases      ] GC(1222) Adjust Roots 4.251ms
[304.856s][info][gc,phases,start] GC(1222) Compaction Phase
[304.860s][info][gc,phases      ] GC(1222) Compaction Phase 3.543ms
[304.860s][info][gc,phases,start] GC(1222) Post Compact
[304.860s][info][gc,phases      ] GC(1222) Post Compact 0.437ms
[304.860s][info][gc,heap        ] GC(1222) PSYoungGen: 480K(56320K)->0K(56320K) Eden: 0K(54784K)->0K(54784K) From: 480K(1536K)->0K(1536K)
[304.860s][info][gc,heap        ] GC(1222) ParOldGen: 7540K(699392K)->4076K(699392K)
[304.860s][info][gc,metaspace   ] GC(1222) Metaspace: 9961K(10304K)->9961K(10304K) NonClass: 8658K(8896K)->8658K(8896K) Class: 1302K(1408K)->1302K(1408K)
[304.860s][info][gc             ] GC(1222) Pause Full (System.gc()) 7M->3M(738M) 20.932ms
[304.860s][info][gc,cpu         ] GC(1222) User=0.02s Sys=0.00s Real=0.02s
[305.077s][info][gc,start       ] GC(1223) Pause Young (Allocation Failure)
[305.078s][info][gc,heap        ] GC(1223) PSYoungGen: 54784K(56320K)->1536K(56320K) Eden: 54784K(54784K)->0K(54784K) From: 0K(1536K)->1536K(1536K)
[305.078s][info][gc,heap        ] GC(1223) ParOldGen: 4076K(699392K)->4076K(699392K)
[305.078s][info][gc,metaspace   ] GC(1223) Metaspace: 9961K(10304K)->9961K(10304K) NonClass: 8658K(8896K)->8658K(8896K) Class: 1302K(1408K)->1302K(1408K)
[305.078s][info][gc             ] GC(1223) Pause Young (Allocation Failure) 57M->5M(738M) 1.330ms
[305.078s][info][gc,cpu         ] GC(1223) User=0.00s Sys=0.00s Real=0.00s
[305.302s][info][gc,start       ] GC(1224) Pause Young (Allocation Failure)
[305.303s][info][gc,heap        ] GC(1224) PSYoungGen: 56320K(56320K)->1280K(56320K) Eden: 54784K(54784K)->0K(54784K) From: 1536K(1536K)->1280K(1536K)
[305.303s][info][gc,heap        ] GC(1224) ParOldGen: 4076K(699392K)->4388K(699392K)
[305.303s][info][gc,metaspace   ] GC(1224) Metaspace: 9961K(10304K)->9961K(10304K) NonClass: 8658K(8896K)->8658K(8896K) Class: 1302K(1408K)->1302K(1408K)
[305.303s][info][gc             ] GC(1224) Pause Young (Allocation Failure) 58M->5M(738M) 1.159ms
[305.303s][info][gc,cpu         ] GC(1224) User=0.00s Sys=0.00s Real=0.00s
[305.520s][info][gc,start       ] GC(1225) Pause Young (Allocation Failure)
[305.521s][info][gc,heap        ] GC(1225) PSYoungGen: 56064K(56320K)->928K(56320K) Eden: 54784K(54784K)->0K(54784K) From: 1280K(1536K)->928K(1536K)
[305.521s][info][gc,heap        ] GC(1225) ParOldGen: 4388K(699392K)->5084K(699392K)
[305.521s][info][gc,metaspace   ] GC(1225) Metaspace: 9961K(10304K)->9961K(10304K) NonClass: 8658K(8896K)->8658K(8896K) Class: 1302K(1408K)->1302K(1408K)
[305.521s][info][gc             ] GC(1225) Pause Young (Allocation Failure) 59M->5M(738M) 1.328ms
[305.521s][info][gc,cpu         ] GC(1225) User=0.00s Sys=0.00s Real=0.00s
[305.747s][info][gc,start       ] GC(1226) Pause Young (Allocation Failure)
[305.748s][info][gc,heap        ] GC(1226) PSYoungGen: 55712K(56320K)->1024K(56320K) Eden: 54784K(54784K)->0K(54784K) From: 928K(1536K)->1024K(1536K)
[305.748s][info][gc,heap        ] GC(1226) ParOldGen: 5084K(699392K)->5268K(699392K)
[305.748s][info][gc,metaspace   ] GC(1226) Metaspace: 9961K(10304K)->9961K(10304K) NonClass: 8658K(8896K)->8658K(8896K) Class: 1302K(1408K)->1302K(1408K)
[305.748s][info][gc             ] GC(1226) Pause Young (Allocation Failure) 59M->6M(738M) 0.993ms
[305.748s][info][gc,cpu         ] GC(1226) User=0.00s Sys=0.00s Real=0.00s
[305.970s][info][gc,start       ] GC(1227) Pause Young (Allocation Failure)
[305.971s][info][gc,heap        ] GC(1227) PSYoungGen: 55808K(56320K)->896K(56320K) Eden: 54784K(54784K)->0K(54784K) From: 1024K(1536K)->896K(1536K)
[305.971s][info][gc,heap        ] GC(1227) ParOldGen: 5268K(699392K)->5684K(699392K)
[305.971s][info][gc,metaspace   ] GC(1227) Metaspace: 9961K(10304K)->9961K(10304K) NonClass: 8658K(8896K)->8658K(8896K) Class: 1302K(1408K)->1302K(1408K)
[305.971s][info][gc             ] GC(1227) Pause Young (Allocation Failure) 59M->6M(738M) 1.049ms
[305.971s][info][gc,cpu         ] GC(1227) User=0.00s Sys=0.00s Real=0.00s
[306.191s][info][gc,start       ] GC(1228) Pause Young (Allocation Failure)
[306.192s][info][gc,heap        ] GC(1228) PSYoungGen: 55680K(56320K)->672K(56320K) Eden: 54784K(54784K)->0K(54784K) From: 896K(1536K)->672K(1536K)
[306.192s][info][gc,heap        ] GC(1228) ParOldGen: 5684K(699392K)->5684K(699392K)
[306.192s][info][gc,metaspace   ] GC(1228) Metaspace: 9961K(10304K)->9961K(10304K) NonClass: 8658K(8896K)->8658K(8896K) Class: 1302K(1408K)->1302K(1408K)
[306.192s][info][gc             ] GC(1228) Pause Young (Allocation Failure) 59M->6M(738M) 0.814ms
[306.192s][info][gc,cpu         ] GC(1228) User=0.00s Sys=0.00s Real=0.00s
[306.424s][info][gc,start       ] GC(1229) Pause Young (Allocation Failure)
[306.425s][info][gc,heap        ] GC(1229) PSYoungGen: 55456K(56320K)->960K(56320K) Eden: 54784K(54784K)->0K(54784K) From: 672K(1536K)->960K(1536K)
[306.425s][info][gc,heap        ] GC(1229) ParOldGen: 5684K(699392K)->5684K(699392K)
[306.425s][info][gc,metaspace   ] GC(1229) Metaspace: 9961K(10304K)->9961K(10304K) NonClass: 8658K(8896K)->8658K(8896K) Class: 1302K(1408K)->1302K(1408K)
[306.425s][info][gc             ] GC(1229) Pause Young (Allocation Failure) 59M->6M(738M) 0.895ms
[306.425s][info][gc,cpu         ] GC(1229) User=0.00s Sys=0.00s Real=0.00s
[306.650s][info][gc,start       ] GC(1230) Pause Young (Allocation Failure)
[306.651s][info][gc,heap        ] GC(1230) PSYoungGen: 55744K(56320K)->768K(56320K) Eden: 54784K(54784K)->0K(54784K) From: 960K(1536K)->768K(1536K)
[306.651s][info][gc,heap        ] GC(1230) ParOldGen: 5684K(699392K)->5684K(699392K)
[306.651s][info][gc,metaspace   ] GC(1230) Metaspace: 9961K(10304K)->9961K(10304K) NonClass: 8658K(8896K)->8658K(8896K) Class: 1302K(1408K)->1302K(1408K)
[306.651s][info][gc             ] GC(1230) Pause Young (Allocation Failure) 59M->6M(738M) 0.869ms
[306.651s][info][gc,cpu         ] GC(1230) User=0.00s Sys=0.00s Real=0.00s
[306.874s][info][gc,start       ] GC(1231) Pause Young (Allocation Failure)
[306.875s][info][gc,heap        ] GC(1231) PSYoungGen: 55552K(56320K)->800K(56320K) Eden: 54784K(54784K)->0K(54784K) From: 768K(1536K)->800K(1536K)
[306.875s][info][gc,heap        ] GC(1231) ParOldGen: 5684K(699392K)->5924K(699392K)
[306.875s][info][gc,metaspace   ] GC(1231) Metaspace: 9961K(10304K)->9961K(10304K) NonClass: 8658K(8896K)->8658K(8896K) Class: 1302K(1408K)->1302K(1408K)
[306.875s][info][gc             ] GC(1231) Pause Young (Allocation Failure) 59M->6M(738M) 0.895ms
[306.875s][info][gc,cpu         ] GC(1231) User=0.00s Sys=0.00s Real=0.00s
[307.098s][info][gc,start       ] GC(1232) Pause Young (Allocation Failure)
[307.098s][info][gc,heap        ] GC(1232) PSYoungGen: 55584K(56320K)->672K(56320K) Eden: 54784K(54784K)->0K(54784K) From: 800K(1536K)->672K(1536K)
[307.099s][info][gc,heap        ] GC(1232) ParOldGen: 5924K(699392K)->5924K(699392K)
[307.099s][info][gc,metaspace   ] GC(1232) Metaspace: 9961K(10304K)->9961K(10304K) NonClass: 8658K(8896K)->8658K(8896K) Class: 1302K(1408K)->1302K(1408K)
[307.099s][info][gc             ] GC(1232) Pause Young (Allocation Failure) 60M->6M(738M) 0.836ms
[307.099s][info][gc,cpu         ] GC(1232) User=0.00s Sys=0.00s Real=0.00s
[307.315s][info][gc,start       ] GC(1233) Pause Young (Allocation Failure)
[307.316s][info][gc,heap        ] GC(1233) PSYoungGen: 55456K(56320K)->672K(56320K) Eden: 54784K(54784K)->0K(54784K) From: 672K(1536K)->672K(1536K)
[307.316s][info][gc,heap        ] GC(1233) ParOldGen: 5924K(699392K)->5924K(699392K)
[307.316s][info][gc,metaspace   ] GC(1233) Metaspace: 9961K(10304K)->9961K(10304K) NonClass: 8658K(8896K)->8658K(8896K) Class: 1302K(1408K)->1302K(1408K)
[307.316s][info][gc             ] GC(1233) Pause Young (Allocation Failure) 59M->6M(738M) 0.819ms
[307.316s][info][gc,cpu         ] GC(1233) User=0.00s Sys=0.00s Real=0.00s
[307.538s][info][gc,start       ] GC(1234) Pause Young (Allocation Failure)
[307.539s][info][gc,heap        ] GC(1234) PSYoungGen: 55456K(56320K)->608K(56320K) Eden: 54784K(54784K)->0K(54784K) From: 672K(1536K)->608K(1536K)
[307.539s][info][gc,heap        ] GC(1234) ParOldGen: 5924K(699392K)->5924K(699392K)
[307.539s][info][gc,metaspace   ] GC(1234) Metaspace: 9961K(10304K)->9961K(10304K) NonClass: 8658K(8896K)->8658K(8896K) Class: 1302K(1408K)->1302K(1408K)
[307.539s][info][gc             ] GC(1234) Pause Young (Allocation Failure) 59M->6M(738M) 0.797ms
[307.539s][info][gc,cpu         ] GC(1234) User=0.00s Sys=0.00s Real=0.00s
[307.769s][info][gc,start       ] GC(1235) Pause Young (Allocation Failure)
[307.770s][info][gc,heap        ] GC(1235) PSYoungGen: 55392K(56320K)->608K(56320K) Eden: 54784K(54784K)->0K(54784K) From: 608K(1536K)->608K(1536K)
[307.770s][info][gc,heap        ] GC(1235) ParOldGen: 5924K(699392K)->5924K(699392K)
[307.770s][info][gc,metaspace   ] GC(1235) Metaspace: 9961K(10304K)->9961K(10304K) NonClass: 8658K(8896K)->8658K(8896K) Class: 1302K(1408K)->1302K(1408K)
[307.770s][info][gc             ] GC(1235) Pause Young (Allocation Failure) 59M->6M(738M) 0.810ms
[307.770s][info][gc,cpu         ] GC(1235) User=0.00s Sys=0.00s Real=0.00s
[307.993s][info][gc,start       ] GC(1236) Pause Young (Allocation Failure)
[307.994s][info][gc,heap        ] GC(1236) PSYoungGen: 55392K(56320K)->736K(56320K) Eden: 54784K(54784K)->0K(54784K) From: 608K(1536K)->736K(1536K)
[307.994s][info][gc,heap        ] GC(1236) ParOldGen: 5924K(699392K)->5924K(699392K)
[307.994s][info][gc,metaspace   ] GC(1236) Metaspace: 9961K(10304K)->9961K(10304K) NonClass: 8658K(8896K)->8658K(8896K) Class: 1302K(1408K)->1302K(1408K)
[307.994s][info][gc             ] GC(1236) Pause Young (Allocation Failure) 59M->6M(738M) 0.857ms
[307.994s][info][gc,cpu         ] GC(1236) User=0.00s Sys=0.00s Real=0.00s
[308.223s][info][gc,start       ] GC(1237) Pause Young (Allocation Failure)
[308.224s][info][gc,heap        ] GC(1237) PSYoungGen: 55520K(56320K)->704K(56320K) Eden: 54784K(54784K)->0K(54784K) From: 736K(1536K)->704K(1536K)
[308.224s][info][gc,heap        ] GC(1237) ParOldGen: 5924K(699392K)->5924K(699392K)
[308.224s][info][gc,metaspace   ] GC(1237) Metaspace: 9961K(10304K)->9961K(10304K) NonClass: 8658K(8896K)->8658K(8896K) Class: 1302K(1408K)->1302K(1408K)
[308.224s][info][gc             ] GC(1237) Pause Young (Allocation Failure) 60M->6M(738M) 0.812ms
[308.224s][info][gc,cpu         ] GC(1237) User=0.00s Sys=0.00s Real=0.00s
[308.454s][info][gc,start       ] GC(1238) Pause Young (Allocation Failure)
[308.454s][info][gc,heap        ] GC(1238) PSYoungGen: 55488K(56320K)->608K(56320K) Eden: 54784K(54784K)->0K(54784K) From: 704K(1536K)->608K(1536K)
[308.454s][info][gc,heap        ] GC(1238) ParOldGen: 5924K(699392K)->5932K(699392K)
[308.454s][info][gc,metaspace   ] GC(1238) Metaspace: 9961K(10304K)->9961K(10304K) NonClass: 8658K(8896K)->8658K(8896K) Class: 1302K(1408K)->1302K(1408K)
[308.454s][info][gc             ] GC(1238) Pause Young (Allocation Failure) 59M->6M(738M) 0.817ms
[308.454s][info][gc,cpu         ] GC(1238) User=0.00s Sys=0.00s Real=0.00s
[308.681s][info][gc,start       ] GC(1239) Pause Young (Allocation Failure)
[308.681s][info][gc,heap        ] GC(1239) PSYoungGen: 55392K(56320K)->704K(56320K) Eden: 54784K(54784K)->0K(54784K) From: 608K(1536K)->704K(1536K)
[308.681s][info][gc,heap        ] GC(1239) ParOldGen: 5932K(699392K)->5932K(699392K)
[308.681s][info][gc,metaspace   ] GC(1239) Metaspace: 9961K(10304K)->9961K(10304K) NonClass: 8658K(8896K)->8658K(8896K) Class: 1302K(1408K)->1302K(1408K)
[308.681s][info][gc             ] GC(1239) Pause Young (Allocation Failure) 59M->6M(738M) 0.802ms
[308.681s][info][gc,cpu         ] GC(1239) User=0.00s Sys=0.00s Real=0.00s
[308.906s][info][gc,start       ] GC(1240) Pause Young (Allocation Failure)
[308.907s][info][gc,heap        ] GC(1240) PSYoungGen: 55488K(56320K)->800K(56320K) Eden: 54784K(54784K)->0K(54784K) From: 704K(1536K)->800K(1536K)
[308.907s][info][gc,heap        ] GC(1240) ParOldGen: 5932K(699392K)->5932K(699392K)
[308.907s][info][gc,metaspace   ] GC(1240) Metaspace: 9961K(10304K)->9961K(10304K) NonClass: 8658K(8896K)->8658K(8896K) Class: 1302K(1408K)->1302K(1408K)
[308.907s][info][gc             ] GC(1240) Pause Young (Allocation Failure) 59M->6M(738M) 0.932ms
[308.907s][info][gc,cpu         ] GC(1240) User=0.00s Sys=0.00s Real=0.00s
[309.125s][info][gc,start       ] GC(1241) Pause Young (Allocation Failure)
[309.126s][info][gc,heap        ] GC(1241) PSYoungGen: 55584K(56320K)->704K(56320K) Eden: 54784K(54784K)->0K(54784K) From: 800K(1536K)->704K(1536K)
[309.126s][info][gc,heap        ] GC(1241) ParOldGen: 5932K(699392K)->5932K(699392K)
[309.126s][info][gc,metaspace   ] GC(1241) Metaspace: 9961K(10304K)->9961K(10304K) NonClass: 8658K(8896K)->8658K(8896K) Class: 1302K(1408K)->1302K(1408K)
[309.126s][info][gc             ] GC(1241) Pause Young (Allocation Failure) 60M->6M(738M) 0.789ms
[309.126s][info][gc,cpu         ] GC(1241) User=0.00s Sys=0.00s Real=0.00s
[309.342s][info][gc,start       ] GC(1242) Pause Young (Allocation Failure)
[309.342s][info][gc,heap        ] GC(1242) PSYoungGen: 55488K(56320K)->832K(56320K) Eden: 54784K(54784K)->0K(54784K) From: 704K(1536K)->832K(1536K)
[309.342s][info][gc,heap        ] GC(1242) ParOldGen: 5932K(699392K)->5932K(699392K)
[309.342s][info][gc,metaspace   ] GC(1242) Metaspace: 9961K(10304K)->9961K(10304K) NonClass: 8658K(8896K)->8658K(8896K) Class: 1302K(1408K)->1302K(1408K)
[309.342s][info][gc             ] GC(1242) Pause Young (Allocation Failure) 59M->6M(738M) 0.871ms
[309.342s][info][gc,cpu         ] GC(1242) User=0.00s Sys=0.00s Real=0.00s
[309.568s][info][gc,start       ] GC(1243) Pause Young (Allocation Failure)
[309.569s][info][gc,heap        ] GC(1243) PSYoungGen: 55616K(56320K)->800K(56320K) Eden: 54784K(54784K)->0K(54784K) From: 832K(1536K)->800K(1536K)
[309.569s][info][gc,heap        ] GC(1243) ParOldGen: 5932K(699392K)->6172K(699392K)
[309.569s][info][gc,metaspace   ] GC(1243) Metaspace: 9961K(10304K)->9961K(10304K) NonClass: 8658K(8896K)->8658K(8896K) Class: 1302K(1408K)->1302K(1408K)
[309.569s][info][gc             ] GC(1243) Pause Young (Allocation Failure) 60M->6M(738M) 0.977ms
[309.569s][info][gc,cpu         ] GC(1243) User=0.00s Sys=0.00s Real=0.00s
[309.791s][info][gc,start       ] GC(1244) Pause Young (Allocation Failure)
[309.795s][info][gc,heap        ] GC(1244) PSYoungGen: 55584K(56320K)->736K(56320K) Eden: 54784K(54784K)->0K(54784K) From: 800K(1536K)->736K(1536K)
[309.795s][info][gc,heap        ] GC(1244) ParOldGen: 6172K(699392K)->6428K(699392K)
[309.795s][info][gc,metaspace   ] GC(1244) Metaspace: 9961K(10304K)->9961K(10304K) NonClass: 8658K(8896K)->8658K(8896K) Class: 1302K(1408K)->1302K(1408K)
[309.795s][info][gc             ] GC(1244) Pause Young (Allocation Failure) 60M->6M(738M) 4.758ms
[309.795s][info][gc,cpu         ] GC(1244) User=0.00s Sys=0.00s Real=0.02s
[310.019s][info][gc,start       ] GC(1245) Pause Young (Allocation Failure)
[310.020s][info][gc,heap        ] GC(1245) PSYoungGen: 55520K(56320K)->640K(56320K) Eden: 54784K(54784K)->0K(54784K) From: 736K(1536K)->640K(1536K)
[310.020s][info][gc,heap        ] GC(1245) ParOldGen: 6428K(699392K)->6428K(699392K)
[310.020s][info][gc,metaspace   ] GC(1245) Metaspace: 9961K(10304K)->9961K(10304K) NonClass: 8658K(8896K)->8658K(8896K) Class: 1302K(1408K)->1302K(1408K)
[310.020s][info][gc             ] GC(1245) Pause Young (Allocation Failure) 60M->6M(738M) 0.817ms
[310.020s][info][gc,cpu         ] GC(1245) User=0.00s Sys=0.00s Real=0.00s
[310.245s][info][gc,start       ] GC(1246) Pause Young (Allocation Failure)
[310.245s][info][gc,heap        ] GC(1246) PSYoungGen: 55424K(56320K)->896K(56320K) Eden: 54784K(54784K)->0K(54784K) From: 640K(1536K)->896K(1536K)
[310.246s][info][gc,heap        ] GC(1246) ParOldGen: 6428K(699392K)->6428K(699392K)
[310.246s][info][gc,metaspace   ] GC(1246) Metaspace: 9961K(10304K)->9961K(10304K) NonClass: 8658K(8896K)->8658K(8896K) Class: 1302K(1408K)->1302K(1408K)
[310.246s][info][gc             ] GC(1246) Pause Young (Allocation Failure) 60M->7M(738M) 0.894ms
[310.246s][info][gc,cpu         ] GC(1246) User=0.00s Sys=0.00s Real=0.00s
[310.477s][info][gc,start       ] GC(1247) Pause Young (Allocation Failure)
[310.478s][info][gc,heap        ] GC(1247) PSYoungGen: 55680K(56320K)->800K(56320K) Eden: 54784K(54784K)->0K(54784K) From: 896K(1536K)->800K(1536K)
[310.478s][info][gc,heap        ] GC(1247) ParOldGen: 6428K(699392K)->6692K(699392K)
[310.478s][info][gc,metaspace   ] GC(1247) Metaspace: 9961K(10304K)->9961K(10304K) NonClass: 8658K(8896K)->8658K(8896K) Class: 1302K(1408K)->1302K(1408K)
[310.478s][info][gc             ] GC(1247) Pause Young (Allocation Failure) 60M->7M(738M) 0.866ms
[310.478s][info][gc,cpu         ] GC(1247) User=0.00s Sys=0.00s Real=0.00s
[310.710s][info][gc,start       ] GC(1248) Pause Young (Allocation Failure)
[310.711s][info][gc,heap        ] GC(1248) PSYoungGen: 55584K(56320K)->704K(56320K) Eden: 54784K(54784K)->0K(54784K) From: 800K(1536K)->704K(1536K)
[310.711s][info][gc,heap        ] GC(1248) ParOldGen: 6692K(699392K)->6692K(699392K)
[310.711s][info][gc,metaspace   ] GC(1248) Metaspace: 9961K(10304K)->9961K(10304K) NonClass: 8658K(8896K)->8658K(8896K) Class: 1302K(1408K)->1302K(1408K)
[310.711s][info][gc             ] GC(1248) Pause Young (Allocation Failure) 60M->7M(738M) 0.913ms
[310.711s][info][gc,cpu         ] GC(1248) User=0.00s Sys=0.00s Real=0.00s
[310.934s][info][gc,start       ] GC(1249) Pause Young (Allocation Failure)
[310.934s][info][gc,heap        ] GC(1249) PSYoungGen: 55488K(56320K)->960K(56320K) Eden: 54784K(54784K)->0K(54784K) From: 704K(1536K)->960K(1536K)
[310.935s][info][gc,heap        ] GC(1249) ParOldGen: 6692K(699392K)->6692K(699392K)
[310.935s][info][gc,metaspace   ] GC(1249) Metaspace: 9961K(10304K)->9961K(10304K) NonClass: 8658K(8896K)->8658K(8896K) Class: 1302K(1408K)->1302K(1408K)
[310.935s][info][gc             ] GC(1249) Pause Young (Allocation Failure) 60M->7M(738M) 0.902ms
[310.935s][info][gc,cpu         ] GC(1249) User=0.00s Sys=0.00s Real=0.00s
[311.150s][info][gc,start       ] GC(1250) Pause Young (Allocation Failure)
[311.151s][info][gc,heap        ] GC(1250) PSYoungGen: 55744K(56320K)->704K(56320K) Eden: 54784K(54784K)->0K(54784K) From: 960K(1536K)->704K(1536K)
[311.151s][info][gc,heap        ] GC(1250) ParOldGen: 6692K(699392K)->6964K(699392K)
[311.151s][info][gc,metaspace   ] GC(1250) Metaspace: 9961K(10304K)->9961K(10304K) NonClass: 8658K(8896K)->8658K(8896K) Class: 1302K(1408K)->1302K(1408K)
[311.151s][info][gc             ] GC(1250) Pause Young (Allocation Failure) 60M->7M(738M) 0.892ms
[311.151s][info][gc,cpu         ] GC(1250) User=0.00s Sys=0.00s Real=0.00s
[311.378s][info][gc,start       ] GC(1251) Pause Young (Allocation Failure)
[311.379s][info][gc,heap        ] GC(1251) PSYoungGen: 55488K(56320K)->960K(56320K) Eden: 54784K(54784K)->0K(54784K) From: 704K(1536K)->960K(1536K)
[311.379s][info][gc,heap        ] GC(1251) ParOldGen: 6964K(699392K)->6964K(699392K)
[311.379s][info][gc,metaspace   ] GC(1251) Metaspace: 9961K(10304K)->9961K(10304K) NonClass: 8658K(8896K)->8658K(8896K) Class: 1302K(1408K)->1302K(1408K)
[311.379s][info][gc             ] GC(1251) Pause Young (Allocation Failure) 60M->7M(738M) 0.930ms
[311.379s][info][gc,cpu         ] GC(1251) User=0.00s Sys=0.00s Real=0.00s
[311.606s][info][gc,start       ] GC(1252) Pause Young (Allocation Failure)
[311.607s][info][gc,heap        ] GC(1252) PSYoungGen: 55744K(56320K)->800K(56320K) Eden: 54784K(54784K)->0K(54784K) From: 960K(1536K)->800K(1536K)
[311.607s][info][gc,heap        ] GC(1252) ParOldGen: 6964K(699392K)->7180K(699392K)
[311.607s][info][gc,metaspace   ] GC(1252) Metaspace: 9961K(10304K)->9961K(10304K) NonClass: 8658K(8896K)->8658K(8896K) Class: 1302K(1408K)->1302K(1408K)
[311.607s][info][gc             ] GC(1252) Pause Young (Allocation Failure) 61M->7M(738M) 0.924ms
[311.607s][info][gc,cpu         ] GC(1252) User=0.00s Sys=0.00s Real=0.00s
[311.609s][info][gc,start       ] GC(1253) Pause Young (System.gc())
[311.609s][info][gc,heap        ] GC(1253) PSYoungGen: 825K(56320K)->160K(56320K) Eden: 25K(54784K)->0K(54784K) From: 800K(1536K)->160K(1536K)
[311.609s][info][gc,heap        ] GC(1253) ParOldGen: 7180K(699392K)->7628K(699392K)
[311.609s][info][gc,metaspace   ] GC(1253) Metaspace: 9961K(10304K)->9961K(10304K) NonClass: 8658K(8896K)->8658K(8896K) Class: 1302K(1408K)->1302K(1408K)
[311.609s][info][gc             ] GC(1253) Pause Young (System.gc()) 7M->7M(738M) 0.758ms
[311.609s][info][gc,cpu         ] GC(1253) User=0.00s Sys=0.00s Real=0.00s
[311.610s][info][gc,start       ] GC(1254) Pause Full (System.gc())
[311.610s][info][gc,phases,start] GC(1254) Marking Phase
[311.622s][info][gc,phases      ] GC(1254) Marking Phase 12.535ms
[311.622s][info][gc,phases,start] GC(1254) Summary Phase
[311.622s][info][gc,phases      ] GC(1254) Summary Phase 0.020ms
[311.622s][info][gc,phases,start] GC(1254) Adjust Roots
[311.625s][info][gc,phases      ] GC(1254) Adjust Roots 2.984ms
[311.625s][info][gc,phases,start] GC(1254) Compaction Phase
[311.629s][info][gc,phases      ] GC(1254) Compaction Phase 3.613ms
[311.629s][info][gc,phases,start] GC(1254) Post Compact
[311.629s][info][gc,phases      ] GC(1254) Post Compact 0.453ms
[311.629s][info][gc,heap        ] GC(1254) PSYoungGen: 160K(56320K)->0K(56320K) Eden: 0K(54784K)->0K(54784K) From: 160K(1536K)->0K(1536K)
[311.629s][info][gc,heap        ] GC(1254) ParOldGen: 7628K(699392K)->4076K(699392K)
[311.629s][info][gc,metaspace   ] GC(1254) Metaspace: 9961K(10304K)->9961K(10304K) NonClass: 8658K(8896K)->8658K(8896K) Class: 1302K(1408K)->1302K(1408K)
[311.629s][info][gc             ] GC(1254) Pause Full (System.gc()) 7M->3M(738M) 19.961ms
[311.630s][info][gc,cpu         ] GC(1254) User=0.02s Sys=0.00s Real=0.02s
[311.862s][info][gc,start       ] GC(1255) Pause Young (Allocation Failure)
[311.863s][info][gc,heap        ] GC(1255) PSYoungGen: 54784K(56320K)->1344K(56320K) Eden: 54784K(54784K)->0K(54784K) From: 0K(1536K)->1344K(1536K)
[311.863s][info][gc,heap        ] GC(1255) ParOldGen: 4076K(699392K)->4076K(699392K)
[311.863s][info][gc,metaspace   ] GC(1255) Metaspace: 9961K(10304K)->9961K(10304K) NonClass: 8658K(8896K)->8658K(8896K) Class: 1302K(1408K)->1302K(1408K)
[311.863s][info][gc             ] GC(1255) Pause Young (Allocation Failure) 57M->5M(738M) 1.088ms
[311.863s][info][gc,cpu         ] GC(1255) User=0.00s Sys=0.00s Real=0.00s
[312.093s][info][gc,start       ] GC(1256) Pause Young (Allocation Failure)
[312.094s][info][gc,heap        ] GC(1256) PSYoungGen: 56128K(56320K)->1120K(56320K) Eden: 54784K(54784K)->0K(54784K) From: 1344K(1536K)->1120K(1536K)
[312.094s][info][gc,heap        ] GC(1256) ParOldGen: 4076K(699392K)->4508K(699392K)
[312.094s][info][gc,metaspace   ] GC(1256) Metaspace: 9961K(10304K)->9961K(10304K) NonClass: 8658K(8896K)->8658K(8896K) Class: 1302K(1408K)->1302K(1408K)
[312.094s][info][gc             ] GC(1256) Pause Young (Allocation Failure) 58M->5M(738M) 1.135ms
[312.094s][info][gc,cpu         ] GC(1256) User=0.00s Sys=0.00s Real=0.00s
[312.320s][info][gc,start       ] GC(1257) Pause Young (Allocation Failure)
[312.321s][info][gc,heap        ] GC(1257) PSYoungGen: 55904K(56320K)->1088K(56320K) Eden: 54784K(54784K)->0K(54784K) From: 1120K(1536K)->1088K(1536K)
[312.321s][info][gc,heap        ] GC(1257) ParOldGen: 4508K(699392K)->4804K(699392K)
[312.321s][info][gc,metaspace   ] GC(1257) Metaspace: 9961K(10304K)->9961K(10304K) NonClass: 8658K(8896K)->8658K(8896K) Class: 1302K(1408K)->1302K(1408K)
[312.321s][info][gc             ] GC(1257) Pause Young (Allocation Failure) 58M->5M(738M) 1.038ms
[312.321s][info][gc,cpu         ] GC(1257) User=0.00s Sys=0.00s Real=0.00s
[312.546s][info][gc,start       ] GC(1258) Pause Young (Allocation Failure)
[312.547s][info][gc,heap        ] GC(1258) PSYoungGen: 55872K(56320K)->1152K(56320K) Eden: 54784K(54784K)->0K(54784K) From: 1088K(1536K)->1152K(1536K)
[312.547s][info][gc,heap        ] GC(1258) ParOldGen: 4804K(699392K)->5084K(699392K)
[312.547s][info][gc,metaspace   ] GC(1258) Metaspace: 9961K(10304K)->9961K(10304K) NonClass: 8658K(8896K)->8658K(8896K) Class: 1302K(1408K)->1302K(1408K)
[312.547s][info][gc             ] GC(1258) Pause Young (Allocation Failure) 59M->6M(738M) 1.024ms
[312.548s][info][gc,cpu         ] GC(1258) User=0.00s Sys=0.00s Real=0.00s
[312.773s][info][gc,start       ] GC(1259) Pause Young (Allocation Failure)
[312.774s][info][gc,heap        ] GC(1259) PSYoungGen: 55936K(56320K)->928K(56320K) Eden: 54784K(54784K)->0K(54784K) From: 1152K(1536K)->928K(1536K)
[312.774s][info][gc,heap        ] GC(1259) ParOldGen: 5084K(699392K)->5372K(699392K)
[312.774s][info][gc,metaspace   ] GC(1259) Metaspace: 9961K(10304K)->9961K(10304K) NonClass: 8658K(8896K)->8658K(8896K) Class: 1302K(1408K)->1302K(1408K)
[312.774s][info][gc             ] GC(1259) Pause Young (Allocation Failure) 59M->6M(738M) 0.985ms
[312.774s][info][gc,cpu         ] GC(1259) User=0.00s Sys=0.00s Real=0.00s
[313.001s][info][gc,start       ] GC(1260) Pause Young (Allocation Failure)
[313.002s][info][gc,heap        ] GC(1260) PSYoungGen: 55712K(56320K)->608K(56320K) Eden: 54784K(54784K)->0K(54784K) From: 928K(1536K)->608K(1536K)
[313.002s][info][gc,heap        ] GC(1260) ParOldGen: 5372K(699392K)->5596K(699392K)
[313.002s][info][gc,metaspace   ] GC(1260) Metaspace: 9961K(10304K)->9961K(10304K) NonClass: 8658K(8896K)->8658K(8896K) Class: 1302K(1408K)->1302K(1408K)
[313.002s][info][gc             ] GC(1260) Pause Young (Allocation Failure) 59M->6M(738M) 0.879ms
[313.002s][info][gc,cpu         ] GC(1260) User=0.00s Sys=0.00s Real=0.00s
[313.226s][info][gc,start       ] GC(1261) Pause Young (Allocation Failure)
[313.226s][info][gc,heap        ] GC(1261) PSYoungGen: 55392K(56320K)->704K(56320K) Eden: 54784K(54784K)->0K(54784K) From: 608K(1536K)->704K(1536K)
[313.226s][info][gc,heap        ] GC(1261) ParOldGen: 5596K(699392K)->5596K(699392K)
[313.226s][info][gc,metaspace   ] GC(1261) Metaspace: 9961K(10304K)->9961K(10304K) NonClass: 8658K(8896K)->8658K(8896K) Class: 1302K(1408K)->1302K(1408K)
[313.226s][info][gc             ] GC(1261) Pause Young (Allocation Failure) 59M->6M(738M) 0.812ms
[313.226s][info][gc,cpu         ] GC(1261) User=0.00s Sys=0.00s Real=0.00s
[313.452s][info][gc,start       ] GC(1262) Pause Young (Allocation Failure)
[313.452s][info][gc,heap        ] GC(1262) PSYoungGen: 55488K(56320K)->544K(56320K) Eden: 54784K(54784K)->0K(54784K) From: 704K(1536K)->544K(1536K)
[313.452s][info][gc,heap        ] GC(1262) ParOldGen: 5596K(699392K)->5596K(699392K)
[313.452s][info][gc,metaspace   ] GC(1262) Metaspace: 9961K(10304K)->9961K(10304K) NonClass: 8658K(8896K)->8658K(8896K) Class: 1302K(1408K)->1302K(1408K)
[313.452s][info][gc             ] GC(1262) Pause Young (Allocation Failure) 59M->5M(738M) 0.777ms
[313.453s][info][gc,cpu         ] GC(1262) User=0.00s Sys=0.00s Real=0.00s
[313.678s][info][gc,start       ] GC(1263) Pause Young (Allocation Failure)
[313.679s][info][gc,heap        ] GC(1263) PSYoungGen: 55328K(56320K)->864K(56320K) Eden: 54784K(54784K)->0K(54784K) From: 544K(1536K)->864K(1536K)
[313.679s][info][gc,heap        ] GC(1263) ParOldGen: 5596K(699392K)->5620K(699392K)
[313.679s][info][gc,metaspace   ] GC(1263) Metaspace: 9961K(10304K)->9961K(10304K) NonClass: 8658K(8896K)->8658K(8896K) Class: 1302K(1408K)->1302K(1408K)
[313.679s][info][gc             ] GC(1263) Pause Young (Allocation Failure) 59M->6M(738M) 0.929ms
[313.679s][info][gc,cpu         ] GC(1263) User=0.00s Sys=0.00s Real=0.00s
[313.905s][info][gc,start       ] GC(1264) Pause Young (Allocation Failure)
[313.905s][info][gc,heap        ] GC(1264) PSYoungGen: 55648K(56320K)->736K(56320K) Eden: 54784K(54784K)->0K(54784K) From: 864K(1536K)->736K(1536K)
[313.905s][info][gc,heap        ] GC(1264) ParOldGen: 5620K(699392K)->5884K(699392K)
[313.905s][info][gc,metaspace   ] GC(1264) Metaspace: 9961K(10304K)->9961K(10304K) NonClass: 8658K(8896K)->8658K(8896K) Class: 1302K(1408K)->1302K(1408K)
[313.905s][info][gc             ] GC(1264) Pause Young (Allocation Failure) 59M->6M(738M) 0.944ms
[313.906s][info][gc,cpu         ] GC(1264) User=0.00s Sys=0.00s Real=0.00s
[314.128s][info][gc,start       ] GC(1265) Pause Young (Allocation Failure)
[314.129s][info][gc,heap        ] GC(1265) PSYoungGen: 55520K(56320K)->672K(56320K) Eden: 54784K(54784K)->0K(54784K) From: 736K(1536K)->672K(1536K)
[314.129s][info][gc,heap        ] GC(1265) ParOldGen: 5884K(699392K)->5884K(699392K)
[314.129s][info][gc,metaspace   ] GC(1265) Metaspace: 9961K(10304K)->9961K(10304K) NonClass: 8658K(8896K)->8658K(8896K) Class: 1302K(1408K)->1302K(1408K)
[314.129s][info][gc             ] GC(1265) Pause Young (Allocation Failure) 59M->6M(738M) 0.799ms
[314.129s][info][gc,cpu         ] GC(1265) User=0.00s Sys=0.00s Real=0.00s
[314.349s][info][gc,start       ] GC(1266) Pause Young (Allocation Failure)
[314.350s][info][gc,heap        ] GC(1266) PSYoungGen: 55456K(56320K)->1088K(56320K) Eden: 54784K(54784K)->0K(54784K) From: 672K(1536K)->1088K(1536K)
[314.350s][info][gc,heap        ] GC(1266) ParOldGen: 5884K(699392K)->5884K(699392K)
[314.350s][info][gc,metaspace   ] GC(1266) Metaspace: 9961K(10304K)->9961K(10304K) NonClass: 8658K(8896K)->8658K(8896K) Class: 1302K(1408K)->1302K(1408K)
[314.350s][info][gc             ] GC(1266) Pause Young (Allocation Failure) 59M->6M(738M) 0.956ms
[314.350s][info][gc,cpu         ] GC(1266) User=0.00s Sys=0.00s Real=0.00s
[314.581s][info][gc,start       ] GC(1267) Pause Young (Allocation Failure)
[314.582s][info][gc,heap        ] GC(1267) PSYoungGen: 55872K(56320K)->992K(56320K) Eden: 54784K(54784K)->0K(54784K) From: 1088K(1536K)->992K(1536K)
[314.582s][info][gc,heap        ] GC(1267) ParOldGen: 5884K(699392K)->6140K(699392K)
[314.582s][info][gc,metaspace   ] GC(1267) Metaspace: 9961K(10304K)->9961K(10304K) NonClass: 8658K(8896K)->8658K(8896K) Class: 1302K(1408K)->1302K(1408K)
[314.582s][info][gc             ] GC(1267) Pause Young (Allocation Failure) 60M->6M(738M) 0.990ms
[314.582s][info][gc,cpu         ] GC(1267) User=0.00s Sys=0.00s Real=0.00s
[314.807s][info][gc,start       ] GC(1268) Pause Young (Allocation Failure)
[314.807s][info][gc,heap        ] GC(1268) PSYoungGen: 55776K(56320K)->640K(56320K) Eden: 54784K(54784K)->0K(54784K) From: 992K(1536K)->640K(1536K)
[314.808s][info][gc,heap        ] GC(1268) ParOldGen: 6140K(699392K)->6404K(699392K)
[314.808s][info][gc,metaspace   ] GC(1268) Metaspace: 9961K(10304K)->9961K(10304K) NonClass: 8658K(8896K)->8658K(8896K) Class: 1302K(1408K)->1302K(1408K)
[314.808s][info][gc             ] GC(1268) Pause Young (Allocation Failure) 60M->6M(738M) 0.910ms
[314.808s][info][gc,cpu         ] GC(1268) User=0.00s Sys=0.00s Real=0.00s
[315.031s][info][gc,start       ] GC(1269) Pause Young (Allocation Failure)
[315.032s][info][gc,heap        ] GC(1269) PSYoungGen: 55424K(56320K)->640K(56320K) Eden: 54784K(54784K)->0K(54784K) From: 640K(1536K)->640K(1536K)
[315.032s][info][gc,heap        ] GC(1269) ParOldGen: 6404K(699392K)->6404K(699392K)
[315.032s][info][gc,metaspace   ] GC(1269) Metaspace: 9961K(10304K)->9961K(10304K) NonClass: 8658K(8896K)->8658K(8896K) Class: 1302K(1408K)->1302K(1408K)
[315.032s][info][gc             ] GC(1269) Pause Young (Allocation Failure) 60M->6M(738M) 0.837ms
[315.032s][info][gc,cpu         ] GC(1269) User=0.00s Sys=0.02s Real=0.02s
[315.259s][info][gc,start       ] GC(1270) Pause Young (Allocation Failure)
[315.260s][info][gc,heap        ] GC(1270) PSYoungGen: 55424K(56320K)->864K(56320K) Eden: 54784K(54784K)->0K(54784K) From: 640K(1536K)->864K(1536K)
[315.260s][info][gc,heap        ] GC(1270) ParOldGen: 6404K(699392K)->6404K(699392K)
[315.260s][info][gc,metaspace   ] GC(1270) Metaspace: 9961K(10304K)->9961K(10304K) NonClass: 8658K(8896K)->8658K(8896K) Class: 1302K(1408K)->1302K(1408K)
[315.260s][info][gc             ] GC(1270) Pause Young (Allocation Failure) 60M->7M(738M) 0.890ms
[315.260s][info][gc,cpu         ] GC(1270) User=0.00s Sys=0.00s Real=0.00s
[315.477s][info][gc,start       ] GC(1271) Pause Young (Allocation Failure)
[315.477s][info][gc,heap        ] GC(1271) PSYoungGen: 55648K(56320K)->640K(56320K) Eden: 54784K(54784K)->0K(54784K) From: 864K(1536K)->640K(1536K)
[315.477s][info][gc,heap        ] GC(1271) ParOldGen: 6404K(699392K)->6404K(699392K)
[315.477s][info][gc,metaspace   ] GC(1271) Metaspace: 9961K(10304K)->9961K(10304K) NonClass: 8658K(8896K)->8658K(8896K) Class: 1302K(1408K)->1302K(1408K)
[315.477s][info][gc             ] GC(1271) Pause Young (Allocation Failure) 60M->6M(738M) 0.768ms
[315.477s][info][gc,cpu         ] GC(1271) User=0.00s Sys=0.00s Real=0.00s
[315.698s][info][gc,start       ] GC(1272) Pause Young (Allocation Failure)
[315.699s][info][gc,heap        ] GC(1272) PSYoungGen: 55424K(56320K)->704K(56320K) Eden: 54784K(54784K)->0K(54784K) From: 640K(1536K)->704K(1536K)
[315.699s][info][gc,heap        ] GC(1272) ParOldGen: 6404K(699392K)->6404K(699392K)
[315.699s][info][gc,metaspace   ] GC(1272) Metaspace: 9961K(10304K)->9961K(10304K) NonClass: 8658K(8896K)->8658K(8896K) Class: 1302K(1408K)->1302K(1408K)
[315.699s][info][gc             ] GC(1272) Pause Young (Allocation Failure) 60M->6M(738M) 0.864ms
[315.699s][info][gc,cpu         ] GC(1272) User=0.00s Sys=0.00s Real=0.00s
[315.918s][info][gc,start       ] GC(1273) Pause Young (Allocation Failure)
[315.918s][info][gc,heap        ] GC(1273) PSYoungGen: 55488K(56320K)->640K(56320K) Eden: 54784K(54784K)->0K(54784K) From: 704K(1536K)->640K(1536K)
[315.919s][info][gc,heap        ] GC(1273) ParOldGen: 6404K(699392K)->6404K(699392K)
[315.919s][info][gc,metaspace   ] GC(1273) Metaspace: 9961K(10304K)->9961K(10304K) NonClass: 8658K(8896K)->8658K(8896K) Class: 1302K(1408K)->1302K(1408K)
[315.919s][info][gc             ] GC(1273) Pause Young (Allocation Failure) 60M->6M(738M) 0.821ms
[315.919s][info][gc,cpu         ] GC(1273) User=0.00s Sys=0.00s Real=0.00s
[316.144s][info][gc,start       ] GC(1274) Pause Young (Allocation Failure)
[316.145s][info][gc,heap        ] GC(1274) PSYoungGen: 55424K(56320K)->640K(56320K) Eden: 54784K(54784K)->0K(54784K) From: 640K(1536K)->640K(1536K)
[316.145s][info][gc,heap        ] GC(1274) ParOldGen: 6404K(699392K)->6404K(699392K)
[316.145s][info][gc,metaspace   ] GC(1274) Metaspace: 9961K(10304K)->9961K(10304K) NonClass: 8658K(8896K)->8658K(8896K) Class: 1302K(1408K)->1302K(1408K)
[316.145s][info][gc             ] GC(1274) Pause Young (Allocation Failure) 60M->6M(738M) 0.843ms
[316.145s][info][gc,cpu         ] GC(1274) User=0.00s Sys=0.00s Real=0.00s
[316.361s][info][gc,start       ] GC(1275) Pause Young (Allocation Failure)
[316.362s][info][gc,heap        ] GC(1275) PSYoungGen: 55424K(56320K)->672K(56320K) Eden: 54784K(54784K)->0K(54784K) From: 640K(1536K)->672K(1536K)
[316.362s][info][gc,heap        ] GC(1275) ParOldGen: 6404K(699392K)->6404K(699392K)
[316.362s][info][gc,metaspace   ] GC(1275) Metaspace: 9961K(10304K)->9961K(10304K) NonClass: 8658K(8896K)->8658K(8896K) Class: 1302K(1408K)->1302K(1408K)
[316.362s][info][gc             ] GC(1275) Pause Young (Allocation Failure) 60M->6M(738M) 0.823ms
[316.362s][info][gc,cpu         ] GC(1275) User=0.00s Sys=0.00s Real=0.00s
[316.589s][info][gc,start       ] GC(1276) Pause Young (Allocation Failure)
[316.589s][info][gc,heap        ] GC(1276) PSYoungGen: 55456K(56320K)->704K(56320K) Eden: 54784K(54784K)->0K(54784K) From: 672K(1536K)->704K(1536K)
[316.589s][info][gc,heap        ] GC(1276) ParOldGen: 6404K(699392K)->6404K(699392K)
[316.589s][info][gc,metaspace   ] GC(1276) Metaspace: 9961K(10304K)->9961K(10304K) NonClass: 8658K(8896K)->8658K(8896K) Class: 1302K(1408K)->1302K(1408K)
[316.589s][info][gc             ] GC(1276) Pause Young (Allocation Failure) 60M->6M(738M) 0.826ms
[316.589s][info][gc,cpu         ] GC(1276) User=0.00s Sys=0.00s Real=0.00s
[316.814s][info][gc,start       ] GC(1277) Pause Young (Allocation Failure)
[316.815s][info][gc,heap        ] GC(1277) PSYoungGen: 55488K(56320K)->640K(56320K) Eden: 54784K(54784K)->0K(54784K) From: 704K(1536K)->640K(1536K)
[316.815s][info][gc,heap        ] GC(1277) ParOldGen: 6404K(699392K)->6404K(699392K)
[316.815s][info][gc,metaspace   ] GC(1277) Metaspace: 9961K(10304K)->9961K(10304K) NonClass: 8658K(8896K)->8658K(8896K) Class: 1302K(1408K)->1302K(1408K)
[316.815s][info][gc             ] GC(1277) Pause Young (Allocation Failure) 60M->6M(738M) 0.799ms
[316.815s][info][gc,cpu         ] GC(1277) User=0.00s Sys=0.00s Real=0.00s
[317.046s][info][gc,start       ] GC(1278) Pause Young (Allocation Failure)
[317.046s][info][gc,heap        ] GC(1278) PSYoungGen: 55424K(56320K)->672K(56320K) Eden: 54784K(54784K)->0K(54784K) From: 640K(1536K)->672K(1536K)
[317.047s][info][gc,heap        ] GC(1278) ParOldGen: 6404K(699392K)->6404K(699392K)
[317.047s][info][gc,metaspace   ] GC(1278) Metaspace: 9961K(10304K)->9961K(10304K) NonClass: 8658K(8896K)->8658K(8896K) Class: 1302K(1408K)->1302K(1408K)
[317.047s][info][gc             ] GC(1278) Pause Young (Allocation Failure) 60M->6M(738M) 0.831ms
[317.047s][info][gc,cpu         ] GC(1278) User=0.00s Sys=0.00s Real=0.00s
[317.276s][info][gc,start       ] GC(1279) Pause Young (Allocation Failure)
[317.277s][info][gc,heap        ] GC(1279) PSYoungGen: 55456K(56320K)->544K(56320K) Eden: 54784K(54784K)->0K(54784K) From: 672K(1536K)->544K(1536K)
[317.277s][info][gc,heap        ] GC(1279) ParOldGen: 6404K(699392K)->6404K(699392K)
[317.277s][info][gc,metaspace   ] GC(1279) Metaspace: 9961K(10304K)->9961K(10304K) NonClass: 8658K(8896K)->8658K(8896K) Class: 1302K(1408K)->1302K(1408K)
[317.277s][info][gc             ] GC(1279) Pause Young (Allocation Failure) 60M->6M(738M) 0.815ms
[317.277s][info][gc,cpu         ] GC(1279) User=0.00s Sys=0.00s Real=0.00s
[317.507s][info][gc,start       ] GC(1280) Pause Young (Allocation Failure)
[317.507s][info][gc,heap        ] GC(1280) PSYoungGen: 55328K(56320K)->672K(56320K) Eden: 54784K(54784K)->0K(54784K) From: 544K(1536K)->672K(1536K)
[317.508s][info][gc,heap        ] GC(1280) ParOldGen: 6404K(699392K)->6404K(699392K)
[317.508s][info][gc,metaspace   ] GC(1280) Metaspace: 9961K(10304K)->9961K(10304K) NonClass: 8658K(8896K)->8658K(8896K) Class: 1302K(1408K)->1302K(1408K)
[317.508s][info][gc             ] GC(1280) Pause Young (Allocation Failure) 60M->6M(738M) 0.863ms
[317.508s][info][gc,cpu         ] GC(1280) User=0.00s Sys=0.00s Real=0.00s
[317.723s][info][gc,start       ] GC(1281) Pause Young (Allocation Failure)
[317.724s][info][gc,heap        ] GC(1281) PSYoungGen: 55456K(56320K)->704K(55808K) Eden: 54784K(54784K)->0K(54784K) From: 672K(1536K)->704K(1024K)
[317.724s][info][gc,heap        ] GC(1281) ParOldGen: 6404K(699392K)->6668K(699392K)
[317.724s][info][gc,metaspace   ] GC(1281) Metaspace: 9961K(10304K)->9961K(10304K) NonClass: 8658K(8896K)->8658K(8896K) Class: 1302K(1408K)->1302K(1408K)
[317.724s][info][gc             ] GC(1281) Pause Young (Allocation Failure) 60M->7M(737M) 1.236ms
[317.724s][info][gc,cpu         ] GC(1281) User=0.00s Sys=0.00s Real=0.00s
[317.950s][info][gc,start       ] GC(1282) Pause Young (Allocation Failure)
[317.951s][info][gc,heap        ] GC(1282) PSYoungGen: 55488K(55808K)->576K(55808K) Eden: 54784K(54784K)->0K(54784K) From: 704K(1024K)->576K(1024K)
[317.951s][info][gc,heap        ] GC(1282) ParOldGen: 6668K(699392K)->6708K(699392K)
[317.951s][info][gc,metaspace   ] GC(1282) Metaspace: 9961K(10304K)->9961K(10304K) NonClass: 8658K(8896K)->8658K(8896K) Class: 1302K(1408K)->1302K(1408K)
[317.951s][info][gc             ] GC(1282) Pause Young (Allocation Failure) 60M->7M(737M) 0.801ms
[317.951s][info][gc,cpu         ] GC(1282) User=0.00s Sys=0.00s Real=0.00s
[318.179s][info][gc,start       ] GC(1283) Pause Young (Allocation Failure)
[318.180s][info][gc,heap        ] GC(1283) PSYoungGen: 55360K(55808K)->960K(55808K) Eden: 54784K(54784K)->0K(54784K) From: 576K(1024K)->960K(1024K)
[318.180s][info][gc,heap        ] GC(1283) ParOldGen: 6708K(699392K)->6780K(699392K)
[318.180s][info][gc,metaspace   ] GC(1283) Metaspace: 9961K(10304K)->9961K(10304K) NonClass: 8658K(8896K)->8658K(8896K) Class: 1302K(1408K)->1302K(1408K)
[318.180s][info][gc             ] GC(1283) Pause Young (Allocation Failure) 60M->7M(737M) 0.960ms
[318.180s][info][gc,cpu         ] GC(1283) User=0.00s Sys=0.00s Real=0.00s
[318.395s][info][gc,start       ] GC(1284) Pause Young (System.gc())
[318.396s][info][gc,heap        ] GC(1284) PSYoungGen: 51509K(55808K)->768K(56320K) Eden: 50549K(54784K)->0K(54784K) From: 960K(1024K)->768K(1536K)
[318.396s][info][gc,heap        ] GC(1284) ParOldGen: 6780K(699392K)->7036K(699392K)
[318.396s][info][gc,metaspace   ] GC(1284) Metaspace: 9961K(10304K)->9961K(10304K) NonClass: 8658K(8896K)->8658K(8896K) Class: 1302K(1408K)->1302K(1408K)
[318.396s][info][gc             ] GC(1284) Pause Young (System.gc()) 56M->7M(738M) 0.872ms
[318.396s][info][gc,cpu         ] GC(1284) User=0.00s Sys=0.00s Real=0.00s
[318.396s][info][gc,start       ] GC(1285) Pause Full (System.gc())
[318.396s][info][gc,phases,start] GC(1285) Marking Phase
[318.409s][info][gc,phases      ] GC(1285) Marking Phase 13.299ms
[318.410s][info][gc,phases,start] GC(1285) Summary Phase
[318.410s][info][gc,phases      ] GC(1285) Summary Phase 0.026ms
[318.410s][info][gc,phases,start] GC(1285) Adjust Roots
[318.413s][info][gc,phases      ] GC(1285) Adjust Roots 3.668ms
[318.413s][info][gc,phases,start] GC(1285) Compaction Phase
[318.417s][info][gc,phases      ] GC(1285) Compaction Phase 3.439ms
[318.417s][info][gc,phases,start] GC(1285) Post Compact
[318.417s][info][gc,phases      ] GC(1285) Post Compact 0.449ms
[318.417s][info][gc,heap        ] GC(1285) PSYoungGen: 768K(56320K)->0K(56320K) Eden: 0K(54784K)->0K(54784K) From: 768K(1536K)->0K(1536K)
[318.417s][info][gc,heap        ] GC(1285) ParOldGen: 7036K(699392K)->4076K(699392K)
[318.417s][info][gc,metaspace   ] GC(1285) Metaspace: 9961K(10304K)->9961K(10304K) NonClass: 8658K(8896K)->8658K(8896K) Class: 1302K(1408K)->1302K(1408K)
[318.417s][info][gc             ] GC(1285) Pause Full (System.gc()) 7M->3M(738M) 21.207ms
[318.417s][info][gc,cpu         ] GC(1285) User=0.30s Sys=0.00s Real=0.03s
[318.650s][info][gc,start       ] GC(1286) Pause Young (Allocation Failure)
[318.651s][info][gc,heap        ] GC(1286) PSYoungGen: 54784K(56320K)->1536K(56320K) Eden: 54784K(54784K)->0K(54784K) From: 0K(1536K)->1536K(1536K)
[318.651s][info][gc,heap        ] GC(1286) ParOldGen: 4076K(699392K)->4084K(699392K)
[318.651s][info][gc,metaspace   ] GC(1286) Metaspace: 9961K(10304K)->9961K(10304K) NonClass: 8658K(8896K)->8658K(8896K) Class: 1302K(1408K)->1302K(1408K)
[318.651s][info][gc             ] GC(1286) Pause Young (Allocation Failure) 57M->5M(738M) 1.141ms
[318.651s][info][gc,cpu         ] GC(1286) User=0.00s Sys=0.00s Real=0.00s
[318.870s][info][gc,start       ] GC(1287) Pause Young (Allocation Failure)
[318.871s][info][gc,heap        ] GC(1287) PSYoungGen: 56320K(56320K)->1088K(56320K) Eden: 54784K(54784K)->0K(54784K) From: 1536K(1536K)->1088K(1536K)
[318.871s][info][gc,heap        ] GC(1287) ParOldGen: 4084K(699392K)->4572K(699392K)
[318.871s][info][gc,metaspace   ] GC(1287) Metaspace: 9961K(10304K)->9961K(10304K) NonClass: 8658K(8896K)->8658K(8896K) Class: 1302K(1408K)->1302K(1408K)
[318.871s][info][gc             ] GC(1287) Pause Young (Allocation Failure) 58M->5M(738M) 1.229ms
[318.871s][info][gc,cpu         ] GC(1287) User=0.00s Sys=0.00s Real=0.00s
[319.097s][info][gc,start       ] GC(1288) Pause Young (Allocation Failure)
[319.098s][info][gc,heap        ] GC(1288) PSYoungGen: 55872K(56320K)->704K(56320K) Eden: 54784K(54784K)->0K(54784K) From: 1088K(1536K)->704K(1536K)
[319.098s][info][gc,heap        ] GC(1288) ParOldGen: 4572K(699392K)->5012K(699392K)
[319.098s][info][gc,metaspace   ] GC(1288) Metaspace: 9961K(10304K)->9961K(10304K) NonClass: 8658K(8896K)->8658K(8896K) Class: 1302K(1408K)->1302K(1408K)
[319.098s][info][gc             ] GC(1288) Pause Young (Allocation Failure) 59M->5M(738M) 1.057ms
[319.098s][info][gc,cpu         ] GC(1288) User=0.00s Sys=0.00s Real=0.00s
[319.317s][info][gc,start       ] GC(1289) Pause Young (Allocation Failure)
[319.318s][info][gc,heap        ] GC(1289) PSYoungGen: 55488K(56320K)->896K(56320K) Eden: 54784K(54784K)->0K(54784K) From: 704K(1536K)->896K(1536K)
[319.318s][info][gc,heap        ] GC(1289) ParOldGen: 5012K(699392K)->5060K(699392K)
[319.318s][info][gc,metaspace   ] GC(1289) Metaspace: 9961K(10304K)->9961K(10304K) NonClass: 8658K(8896K)->8658K(8896K) Class: 1302K(1408K)->1302K(1408K)
[319.318s][info][gc             ] GC(1289) Pause Young (Allocation Failure) 59M->5M(738M) 0.898ms
[319.318s][info][gc,cpu         ] GC(1289) User=0.00s Sys=0.00s Real=0.00s
[319.535s][info][gc,start       ] GC(1290) Pause Young (Allocation Failure)
[319.536s][info][gc,heap        ] GC(1290) PSYoungGen: 55680K(56320K)->1120K(56320K) Eden: 54784K(54784K)->0K(54784K) From: 896K(1536K)->1120K(1536K)
[319.536s][info][gc,heap        ] GC(1290) ParOldGen: 5060K(699392K)->5108K(699392K)
[319.536s][info][gc,metaspace   ] GC(1290) Metaspace: 9961K(10304K)->9961K(10304K) NonClass: 8658K(8896K)->8658K(8896K) Class: 1302K(1408K)->1302K(1408K)
[319.536s][info][gc             ] GC(1290) Pause Young (Allocation Failure) 59M->6M(738M) 0.976ms
[319.536s][info][gc,cpu         ] GC(1290) User=0.00s Sys=0.00s Real=0.00s
[319.759s][info][gc,start       ] GC(1291) Pause Young (Allocation Failure)
[319.760s][info][gc,heap        ] GC(1291) PSYoungGen: 55904K(56320K)->608K(56320K) Eden: 54784K(54784K)->0K(54784K) From: 1120K(1536K)->608K(1536K)
[319.760s][info][gc,heap        ] GC(1291) ParOldGen: 5108K(699392K)->5540K(699392K)
[319.760s][info][gc,metaspace   ] GC(1291) Metaspace: 9961K(10304K)->9961K(10304K) NonClass: 8658K(8896K)->8658K(8896K) Class: 1302K(1408K)->1302K(1408K)
[319.761s][info][gc             ] GC(1291) Pause Young (Allocation Failure) 59M->6M(738M) 1.072ms
[319.761s][info][gc,cpu         ] GC(1291) User=0.00s Sys=0.02s Real=0.02s
[319.989s][info][gc,start       ] GC(1292) Pause Young (Allocation Failure)
[319.990s][info][gc,heap        ] GC(1292) PSYoungGen: 55392K(56320K)->672K(56320K) Eden: 54784K(54784K)->0K(54784K) From: 608K(1536K)->672K(1536K)
[319.990s][info][gc,heap        ] GC(1292) ParOldGen: 5540K(699392K)->5540K(699392K)
[319.990s][info][gc,metaspace   ] GC(1292) Metaspace: 9961K(10304K)->9961K(10304K) NonClass: 8658K(8896K)->8658K(8896K) Class: 1302K(1408K)->1302K(1408K)
[319.990s][info][gc             ] GC(1292) Pause Young (Allocation Failure) 59M->6M(738M) 0.892ms
[319.990s][info][gc,cpu         ] GC(1292) User=0.00s Sys=0.00s Real=0.00s
[320.214s][info][gc,start       ] GC(1293) Pause Young (Allocation Failure)
[320.215s][info][gc,heap        ] GC(1293) PSYoungGen: 55456K(56320K)->768K(56320K) Eden: 54784K(54784K)->0K(54784K) From: 672K(1536K)->768K(1536K)
[320.215s][info][gc,heap        ] GC(1293) ParOldGen: 5540K(699392K)->5540K(699392K)
[320.215s][info][gc,metaspace   ] GC(1293) Metaspace: 9961K(10304K)->9961K(10304K) NonClass: 8658K(8896K)->8658K(8896K) Class: 1302K(1408K)->1302K(1408K)
[320.215s][info][gc             ] GC(1293) Pause Young (Allocation Failure) 59M->6M(738M) 0.818ms
[320.215s][info][gc,cpu         ] GC(1293) User=0.00s Sys=0.00s Real=0.00s
[320.432s][info][gc,start       ] GC(1294) Pause Young (Allocation Failure)
[320.432s][info][gc,heap        ] GC(1294) PSYoungGen: 55552K(56320K)->672K(56320K) Eden: 54784K(54784K)->0K(54784K) From: 768K(1536K)->672K(1536K)
[320.432s][info][gc,heap        ] GC(1294) ParOldGen: 5540K(699392K)->5540K(699392K)
[320.432s][info][gc,metaspace   ] GC(1294) Metaspace: 9961K(10304K)->9961K(10304K) NonClass: 8658K(8896K)->8658K(8896K) Class: 1302K(1408K)->1302K(1408K)
[320.433s][info][gc             ] GC(1294) Pause Young (Allocation Failure) 59M->6M(738M) 0.949ms
[320.433s][info][gc,cpu         ] GC(1294) User=0.00s Sys=0.00s Real=0.00s
[320.657s][info][gc,start       ] GC(1295) Pause Young (Allocation Failure)
[320.658s][info][gc,heap        ] GC(1295) PSYoungGen: 55456K(56320K)->640K(56320K) Eden: 54784K(54784K)->0K(54784K) From: 672K(1536K)->640K(1536K)
[320.658s][info][gc,heap        ] GC(1295) ParOldGen: 5540K(699392K)->5540K(699392K)
[320.658s][info][gc,metaspace   ] GC(1295) Metaspace: 9961K(10304K)->9961K(10304K) NonClass: 8658K(8896K)->8658K(8896K) Class: 1302K(1408K)->1302K(1408K)
[320.658s][info][gc             ] GC(1295) Pause Young (Allocation Failure) 59M->6M(738M) 0.802ms
[320.658s][info][gc,cpu         ] GC(1295) User=0.00s Sys=0.00s Real=0.00s
[320.873s][info][gc,start       ] GC(1296) Pause Young (Allocation Failure)
[320.874s][info][gc,heap        ] GC(1296) PSYoungGen: 55424K(56320K)->640K(56320K) Eden: 54784K(54784K)->0K(54784K) From: 640K(1536K)->640K(1536K)
[320.874s][info][gc,heap        ] GC(1296) ParOldGen: 5540K(699392K)->5540K(699392K)
[320.874s][info][gc,metaspace   ] GC(1296) Metaspace: 9961K(10304K)->9961K(10304K) NonClass: 8658K(8896K)->8658K(8896K) Class: 1302K(1408K)->1302K(1408K)
[320.874s][info][gc             ] GC(1296) Pause Young (Allocation Failure) 59M->6M(738M) 0.803ms
[320.874s][info][gc,cpu         ] GC(1296) User=0.00s Sys=0.00s Real=0.00s
[321.097s][info][gc,start       ] GC(1297) Pause Young (Allocation Failure)
[321.098s][info][gc,heap        ] GC(1297) PSYoungGen: 55424K(56320K)->576K(56320K) Eden: 54784K(54784K)->0K(54784K) From: 640K(1536K)->576K(1536K)
[321.098s][info][gc,heap        ] GC(1297) ParOldGen: 5540K(699392K)->5540K(699392K)
[321.098s][info][gc,metaspace   ] GC(1297) Metaspace: 9961K(10304K)->9961K(10304K) NonClass: 8658K(8896K)->8658K(8896K) Class: 1302K(1408K)->1302K(1408K)
[321.098s][info][gc             ] GC(1297) Pause Young (Allocation Failure) 59M->5M(738M) 0.844ms
[321.098s][info][gc,cpu         ] GC(1297) User=0.00s Sys=0.00s Real=0.00s
[321.323s][info][gc,start       ] GC(1298) Pause Young (Allocation Failure)
[321.324s][info][gc,heap        ] GC(1298) PSYoungGen: 55360K(56320K)->704K(56320K) Eden: 54784K(54784K)->0K(54784K) From: 576K(1536K)->704K(1536K)
[321.324s][info][gc,heap        ] GC(1298) ParOldGen: 5540K(699392K)->5540K(699392K)
[321.324s][info][gc,metaspace   ] GC(1298) Metaspace: 9961K(10304K)->9961K(10304K) NonClass: 8658K(8896K)->8658K(8896K) Class: 1302K(1408K)->1302K(1408K)
[321.324s][info][gc             ] GC(1298) Pause Young (Allocation Failure) 59M->6M(738M) 0.819ms
[321.324s][info][gc,cpu         ] GC(1298) User=0.00s Sys=0.00s Real=0.00s
[321.547s][info][gc,start       ] GC(1299) Pause Young (Allocation Failure)
[321.547s][info][gc,heap        ] GC(1299) PSYoungGen: 55488K(56320K)->736K(56320K) Eden: 54784K(54784K)->0K(54784K) From: 704K(1536K)->736K(1536K)
[321.547s][info][gc,heap        ] GC(1299) ParOldGen: 5540K(699392K)->5540K(699392K)
[321.547s][info][gc,metaspace   ] GC(1299) Metaspace: 9961K(10304K)->9961K(10304K) NonClass: 8658K(8896K)->8658K(8896K) Class: 1302K(1408K)->1302K(1408K)
[321.547s][info][gc             ] GC(1299) Pause Young (Allocation Failure) 59M->6M(738M) 0.817ms
[321.547s][info][gc,cpu         ] GC(1299) User=0.00s Sys=0.00s Real=0.00s
[321.772s][info][gc,start       ] GC(1300) Pause Young (Allocation Failure)
[321.773s][info][gc,heap        ] GC(1300) PSYoungGen: 55520K(56320K)->672K(56320K) Eden: 54784K(54784K)->0K(54784K) From: 736K(1536K)->672K(1536K)
[321.773s][info][gc,heap        ] GC(1300) ParOldGen: 5540K(699392K)->5540K(699392K)
[321.773s][info][gc,metaspace   ] GC(1300) Metaspace: 9961K(10304K)->9961K(10304K) NonClass: 8658K(8896K)->8658K(8896K) Class: 1302K(1408K)->1302K(1408K)
[321.773s][info][gc             ] GC(1300) Pause Young (Allocation Failure) 59M->6M(738M) 0.781ms
[321.773s][info][gc,cpu         ] GC(1300) User=0.00s Sys=0.00s Real=0.00s
[322.004s][info][gc,start       ] GC(1301) Pause Young (Allocation Failure)
[322.005s][info][gc,heap        ] GC(1301) PSYoungGen: 55456K(56320K)->640K(56320K) Eden: 54784K(54784K)->0K(54784K) From: 672K(1536K)->640K(1536K)
[322.005s][info][gc,heap        ] GC(1301) ParOldGen: 5540K(699392K)->5540K(699392K)
[322.005s][info][gc,metaspace   ] GC(1301) Metaspace: 9961K(10304K)->9961K(10304K) NonClass: 8658K(8896K)->8658K(8896K) Class: 1302K(1408K)->1302K(1408K)
[322.005s][info][gc             ] GC(1301) Pause Young (Allocation Failure) 59M->6M(738M) 0.827ms
[322.005s][info][gc,cpu         ] GC(1301) User=0.00s Sys=0.00s Real=0.00s
[322.226s][info][gc,start       ] GC(1302) Pause Young (Allocation Failure)
[322.227s][info][gc,heap        ] GC(1302) PSYoungGen: 55424K(56320K)->672K(56320K) Eden: 54784K(54784K)->0K(54784K) From: 640K(1536K)->672K(1536K)
[322.227s][info][gc,heap        ] GC(1302) ParOldGen: 5540K(699392K)->5540K(699392K)
[322.227s][info][gc,metaspace   ] GC(1302) Metaspace: 9961K(10304K)->9961K(10304K) NonClass: 8658K(8896K)->8658K(8896K) Class: 1302K(1408K)->1302K(1408K)
[322.227s][info][gc             ] GC(1302) Pause Young (Allocation Failure) 59M->6M(738M) 0.807ms
[322.227s][info][gc,cpu         ] GC(1302) User=0.00s Sys=0.00s Real=0.00s
[322.449s][info][gc,start       ] GC(1303) Pause Young (Allocation Failure)
[322.450s][info][gc,heap        ] GC(1303) PSYoungGen: 55456K(56320K)->672K(56320K) Eden: 54784K(54784K)->0K(54784K) From: 672K(1536K)->672K(1536K)
[322.450s][info][gc,heap        ] GC(1303) ParOldGen: 5540K(699392K)->5540K(699392K)
[322.450s][info][gc,metaspace   ] GC(1303) Metaspace: 9961K(10304K)->9961K(10304K) NonClass: 8658K(8896K)->8658K(8896K) Class: 1302K(1408K)->1302K(1408K)
[322.450s][info][gc             ] GC(1303) Pause Young (Allocation Failure) 59M->6M(738M) 0.817ms
[322.450s][info][gc,cpu         ] GC(1303) User=0.00s Sys=0.00s Real=0.00s
[322.681s][info][gc,start       ] GC(1304) Pause Young (Allocation Failure)
[322.682s][info][gc,heap        ] GC(1304) PSYoungGen: 55456K(56320K)->672K(55808K) Eden: 54784K(54784K)->0K(54784K) From: 672K(1536K)->672K(1024K)
[322.682s][info][gc,heap        ] GC(1304) ParOldGen: 5540K(699392K)->5540K(699392K)
[322.682s][info][gc,metaspace   ] GC(1304) Metaspace: 9961K(10304K)->9961K(10304K) NonClass: 8658K(8896K)->8658K(8896K) Class: 1302K(1408K)->1302K(1408K)
[322.682s][info][gc             ] GC(1304) Pause Young (Allocation Failure) 59M->6M(737M) 0.974ms
[322.682s][info][gc,cpu         ] GC(1304) User=0.00s Sys=0.00s Real=0.00s
[322.909s][info][gc,start       ] GC(1305) Pause Young (Allocation Failure)
[322.910s][info][gc,heap        ] GC(1305) PSYoungGen: 55456K(55808K)->704K(55808K) Eden: 54784K(54784K)->0K(54784K) From: 672K(1024K)->704K(1024K)
[322.910s][info][gc,heap        ] GC(1305) ParOldGen: 5540K(699392K)->5540K(699392K)
[322.910s][info][gc,metaspace   ] GC(1305) Metaspace: 9961K(10304K)->9961K(10304K) NonClass: 8658K(8896K)->8658K(8896K) Class: 1302K(1408K)->1302K(1408K)
[322.910s][info][gc             ] GC(1305) Pause Young (Allocation Failure) 59M->6M(737M) 0.810ms
[322.910s][info][gc,cpu         ] GC(1305) User=0.00s Sys=0.00s Real=0.00s
[323.127s][info][gc,start       ] GC(1306) Pause Young (Allocation Failure)
[323.128s][info][gc,heap        ] GC(1306) PSYoungGen: 55488K(55808K)->704K(55808K) Eden: 54784K(54784K)->0K(54784K) From: 704K(1024K)->704K(1024K)
[323.128s][info][gc,heap        ] GC(1306) ParOldGen: 5540K(699392K)->5540K(699392K)
[323.128s][info][gc,metaspace   ] GC(1306) Metaspace: 9961K(10304K)->9961K(10304K) NonClass: 8658K(8896K)->8658K(8896K) Class: 1302K(1408K)->1302K(1408K)
[323.128s][info][gc             ] GC(1306) Pause Young (Allocation Failure) 59M->6M(737M) 0.828ms
[323.128s][info][gc,cpu         ] GC(1306) User=0.00s Sys=0.00s Real=0.00s
[323.351s][info][gc,start       ] GC(1307) Pause Young (Allocation Failure)
[323.352s][info][gc,heap        ] GC(1307) PSYoungGen: 55488K(55808K)->960K(55296K) Eden: 54784K(54784K)->0K(54272K) From: 704K(1024K)->960K(1024K)
[323.352s][info][gc,heap        ] GC(1307) ParOldGen: 5540K(699392K)->5540K(699392K)
[323.352s][info][gc,metaspace   ] GC(1307) Metaspace: 9961K(10304K)->9961K(10304K) NonClass: 8658K(8896K)->8658K(8896K) Class: 1302K(1408K)->1302K(1408K)
[323.352s][info][gc             ] GC(1307) Pause Young (Allocation Failure) 59M->6M(737M) 0.987ms
[323.352s][info][gc,cpu         ] GC(1307) User=0.00s Sys=0.00s Real=0.00s
[323.568s][info][gc,start       ] GC(1308) Pause Young (Allocation Failure)
[323.569s][info][gc,heap        ] GC(1308) PSYoungGen: 55232K(55296K)->1024K(55808K) Eden: 54272K(54272K)->0K(54272K) From: 960K(1024K)->1024K(1536K)
[323.569s][info][gc,heap        ] GC(1308) ParOldGen: 5540K(699392K)->5836K(699392K)
[323.569s][info][gc,metaspace   ] GC(1308) Metaspace: 9961K(10304K)->9961K(10304K) NonClass: 8658K(8896K)->8658K(8896K) Class: 1302K(1408K)->1302K(1408K)
[323.569s][info][gc             ] GC(1308) Pause Young (Allocation Failure) 59M->6M(737M) 1.033ms
[323.569s][info][gc,cpu         ] GC(1308) User=0.00s Sys=0.00s Real=0.00s
[323.781s][info][gc,start       ] GC(1309) Pause Young (Allocation Failure)
[323.782s][info][gc,heap        ] GC(1309) PSYoungGen: 55296K(55808K)->992K(55808K) Eden: 54272K(54272K)->0K(54272K) From: 1024K(1536K)->992K(1536K)
[323.782s][info][gc,heap        ] GC(1309) ParOldGen: 5836K(699392K)->6140K(699392K)
[323.782s][info][gc,metaspace   ] GC(1309) Metaspace: 9961K(10304K)->9961K(10304K) NonClass: 8658K(8896K)->8658K(8896K) Class: 1302K(1408K)->1302K(1408K)
[323.782s][info][gc             ] GC(1309) Pause Young (Allocation Failure) 59M->6M(737M) 1.014ms
[323.782s][info][gc,cpu         ] GC(1309) User=0.00s Sys=0.00s Real=0.00s
[324.005s][info][gc,start       ] GC(1310) Pause Young (Allocation Failure)
[324.006s][info][gc,heap        ] GC(1310) PSYoungGen: 55264K(55808K)->800K(55808K) Eden: 54272K(54272K)->0K(54272K) From: 992K(1536K)->800K(1536K)
[324.006s][info][gc,heap        ] GC(1310) ParOldGen: 6140K(699392K)->6404K(699392K)
[324.006s][info][gc,metaspace   ] GC(1310) Metaspace: 9961K(10304K)->9961K(10304K) NonClass: 8658K(8896K)->8658K(8896K) Class: 1302K(1408K)->1302K(1408K)
[324.006s][info][gc             ] GC(1310) Pause Young (Allocation Failure) 59M->7M(737M) 0.923ms
[324.006s][info][gc,cpu         ] GC(1310) User=0.00s Sys=0.00s Real=0.00s
[324.234s][info][gc,start       ] GC(1311) Pause Young (Allocation Failure)
[324.235s][info][gc,heap        ] GC(1311) PSYoungGen: 55072K(55808K)->704K(55808K) Eden: 54272K(54272K)->0K(54272K) From: 800K(1536K)->704K(1536K)
[324.235s][info][gc,heap        ] GC(1311) ParOldGen: 6404K(699392K)->6404K(699392K)
[324.235s][info][gc,metaspace   ] GC(1311) Metaspace: 9961K(10304K)->9961K(10304K) NonClass: 8658K(8896K)->8658K(8896K) Class: 1302K(1408K)->1302K(1408K)
[324.235s][info][gc             ] GC(1311) Pause Young (Allocation Failure) 60M->6M(737M) 0.834ms
[324.235s][info][gc,cpu         ] GC(1311) User=0.00s Sys=0.00s Real=0.00s
[324.459s][info][gc,start       ] GC(1312) Pause Young (Allocation Failure)
[324.459s][info][gc,heap        ] GC(1312) PSYoungGen: 54976K(55808K)->704K(55808K) Eden: 54272K(54272K)->0K(54272K) From: 704K(1536K)->704K(1536K)
[324.459s][info][gc,heap        ] GC(1312) ParOldGen: 6404K(699392K)->6404K(699392K)
[324.460s][info][gc,metaspace   ] GC(1312) Metaspace: 9961K(10304K)->9961K(10304K) NonClass: 8658K(8896K)->8658K(8896K) Class: 1302K(1408K)->1302K(1408K)
[324.460s][info][gc             ] GC(1312) Pause Young (Allocation Failure) 59M->6M(737M) 0.796ms
[324.460s][info][gc,cpu         ] GC(1312) User=0.00s Sys=0.00s Real=0.00s
[324.671s][info][gc,start       ] GC(1313) Pause Young (Allocation Failure)
[324.672s][info][gc,heap        ] GC(1313) PSYoungGen: 54976K(55808K)->608K(55808K) Eden: 54272K(54272K)->0K(54272K) From: 704K(1536K)->608K(1536K)
[324.672s][info][gc,heap        ] GC(1313) ParOldGen: 6404K(699392K)->6404K(699392K)
[324.672s][info][gc,metaspace   ] GC(1313) Metaspace: 9961K(10304K)->9961K(10304K) NonClass: 8658K(8896K)->8658K(8896K) Class: 1302K(1408K)->1302K(1408K)
[324.672s][info][gc             ] GC(1313) Pause Young (Allocation Failure) 59M->6M(737M) 0.822ms
[324.672s][info][gc,cpu         ] GC(1313) User=0.00s Sys=0.00s Real=0.00s
[324.898s][info][gc,start       ] GC(1314) Pause Young (Allocation Failure)
[324.899s][info][gc,heap        ] GC(1314) PSYoungGen: 54880K(55808K)->672K(55808K) Eden: 54272K(54272K)->0K(54272K) From: 608K(1536K)->672K(1536K)
[324.899s][info][gc,heap        ] GC(1314) ParOldGen: 6404K(699392K)->6404K(699392K)
[324.899s][info][gc,metaspace   ] GC(1314) Metaspace: 9961K(10304K)->9961K(10304K) NonClass: 8658K(8896K)->8658K(8896K) Class: 1302K(1408K)->1302K(1408K)
[324.899s][info][gc             ] GC(1314) Pause Young (Allocation Failure) 59M->6M(737M) 0.821ms
[324.899s][info][gc,cpu         ] GC(1314) User=0.00s Sys=0.00s Real=0.00s
[325.125s][info][gc,start       ] GC(1315) Pause Young (Allocation Failure)
[325.125s][info][gc,heap        ] GC(1315) PSYoungGen: 54944K(55808K)->640K(55808K) Eden: 54272K(54272K)->0K(54272K) From: 672K(1536K)->640K(1536K)
[325.125s][info][gc,heap        ] GC(1315) ParOldGen: 6404K(699392K)->6404K(699392K)
[325.125s][info][gc,metaspace   ] GC(1315) Metaspace: 9961K(10304K)->9961K(10304K) NonClass: 8658K(8896K)->8658K(8896K) Class: 1302K(1408K)->1302K(1408K)
[325.126s][info][gc             ] GC(1315) Pause Young (Allocation Failure) 59M->6M(737M) 0.810ms
[325.126s][info][gc,cpu         ] GC(1315) User=0.00s Sys=0.00s Real=0.00s
[325.174s][info][gc,start       ] GC(1316) Pause Young (System.gc())
[325.175s][info][gc,heap        ] GC(1316) PSYoungGen: 10726K(55808K)->608K(55808K) Eden: 10086K(54272K)->0K(54272K) From: 640K(1536K)->608K(1536K)
[325.175s][info][gc,heap        ] GC(1316) ParOldGen: 6404K(699392K)->6532K(699392K)
[325.175s][info][gc,metaspace   ] GC(1316) Metaspace: 9961K(10304K)->9961K(10304K) NonClass: 8658K(8896K)->8658K(8896K) Class: 1302K(1408K)->1302K(1408K)
[325.175s][info][gc             ] GC(1316) Pause Young (System.gc()) 16M->6M(737M) 0.773ms
[325.175s][info][gc,cpu         ] GC(1316) User=0.00s Sys=0.00s Real=0.00s
[325.175s][info][gc,start       ] GC(1317) Pause Full (System.gc())
[325.175s][info][gc,phases,start] GC(1317) Marking Phase
[325.188s][info][gc,phases      ] GC(1317) Marking Phase 12.986ms
[325.188s][info][gc,phases,start] GC(1317) Summary Phase
[325.188s][info][gc,phases      ] GC(1317) Summary Phase 0.022ms
[325.188s][info][gc,phases,start] GC(1317) Adjust Roots
[325.192s][info][gc,phases      ] GC(1317) Adjust Roots 4.237ms
[325.192s][info][gc,phases,start] GC(1317) Compaction Phase
[325.196s][info][gc,phases      ] GC(1317) Compaction Phase 3.547ms
[325.196s][info][gc,phases,start] GC(1317) Post Compact
[325.196s][info][gc,phases      ] GC(1317) Post Compact 0.402ms
[325.196s][info][gc,heap        ] GC(1317) PSYoungGen: 608K(55808K)->0K(55808K) Eden: 0K(54272K)->0K(54272K) From: 608K(1536K)->0K(1536K)
[325.196s][info][gc,heap        ] GC(1317) ParOldGen: 6532K(699392K)->4076K(699392K)
[325.196s][info][gc,metaspace   ] GC(1317) Metaspace: 9961K(10304K)->9961K(10304K) NonClass: 8658K(8896K)->8658K(8896K) Class: 1302K(1408K)->1302K(1408K)
[325.196s][info][gc             ] GC(1317) Pause Full (System.gc()) 6M->3M(737M) 21.442ms
[325.196s][info][gc,cpu         ] GC(1317) User=0.27s Sys=0.00s Real=0.02s
[325.420s][info][gc,start       ] GC(1318) Pause Young (Allocation Failure)
[325.421s][info][gc,heap        ] GC(1318) PSYoungGen: 54272K(55808K)->1344K(55808K) Eden: 54272K(54272K)->0K(54272K) From: 0K(1536K)->1344K(1536K)
[325.421s][info][gc,heap        ] GC(1318) ParOldGen: 4076K(699392K)->4076K(699392K)
[325.421s][info][gc,metaspace   ] GC(1318) Metaspace: 9976K(10304K)->9976K(10304K) NonClass: 8673K(8896K)->8673K(8896K) Class: 1302K(1408K)->1302K(1408K)
[325.421s][info][gc             ] GC(1318) Pause Young (Allocation Failure) 56M->5M(737M) 1.079ms
[325.421s][info][gc,cpu         ] GC(1318) User=0.00s Sys=0.00s Real=0.00s
[325.638s][info][gc,start       ] GC(1319) Pause Young (Allocation Failure)
[325.639s][info][gc,heap        ] GC(1319) PSYoungGen: 55616K(55808K)->960K(55808K) Eden: 54272K(54272K)->0K(54272K) From: 1344K(1536K)->960K(1536K)
[325.639s][info][gc,heap        ] GC(1319) ParOldGen: 4076K(699392K)->4660K(699392K)
[325.639s][info][gc,metaspace   ] GC(1319) Metaspace: 9976K(10304K)->9976K(10304K) NonClass: 8673K(8896K)->8673K(8896K) Class: 1302K(1408K)->1302K(1408K)
[325.639s][info][gc             ] GC(1319) Pause Young (Allocation Failure) 58M->5M(737M) 1.207ms
[325.639s][info][gc,cpu         ] GC(1319) User=0.00s Sys=0.00s Real=0.00s
[325.864s][info][gc,start       ] GC(1320) Pause Young (Allocation Failure)
[325.865s][info][gc,heap        ] GC(1320) PSYoungGen: 55232K(55808K)->896K(55808K) Eden: 54272K(54272K)->0K(54272K) From: 960K(1536K)->896K(1536K)
[325.865s][info][gc,heap        ] GC(1320) ParOldGen: 4660K(699392K)->4924K(699392K)
[325.865s][info][gc,metaspace   ] GC(1320) Metaspace: 9976K(10304K)->9976K(10304K) NonClass: 8673K(8896K)->8673K(8896K) Class: 1302K(1408K)->1302K(1408K)
[325.865s][info][gc             ] GC(1320) Pause Young (Allocation Failure) 58M->5M(737M) 0.995ms
[325.865s][info][gc,cpu         ] GC(1320) User=0.00s Sys=0.00s Real=0.00s
[326.084s][info][gc,start       ] GC(1321) Pause Young (Allocation Failure)
[326.085s][info][gc,heap        ] GC(1321) PSYoungGen: 55168K(55808K)->800K(55808K) Eden: 54272K(54272K)->0K(54272K) From: 896K(1536K)->800K(1536K)
[326.085s][info][gc,heap        ] GC(1321) ParOldGen: 4924K(699392K)->5180K(699392K)
[326.085s][info][gc,metaspace   ] GC(1321) Metaspace: 9976K(10304K)->9976K(10304K) NonClass: 8673K(8896K)->8673K(8896K) Class: 1302K(1408K)->1302K(1408K)
[326.085s][info][gc             ] GC(1321) Pause Young (Allocation Failure) 58M->5M(737M) 0.962ms
[326.085s][info][gc,cpu         ] GC(1321) User=0.00s Sys=0.00s Real=0.00s
[326.314s][info][gc,start       ] GC(1322) Pause Young (Allocation Failure)
[326.315s][info][gc,heap        ] GC(1322) PSYoungGen: 55072K(55808K)->576K(55808K) Eden: 54272K(54272K)->0K(54272K) From: 800K(1536K)->576K(1536K)
[326.315s][info][gc,heap        ] GC(1322) ParOldGen: 5180K(699392K)->5180K(699392K)
[326.315s][info][gc,metaspace   ] GC(1322) Metaspace: 9976K(10304K)->9976K(10304K) NonClass: 8673K(8896K)->8673K(8896K) Class: 1302K(1408K)->1302K(1408K)
[326.315s][info][gc             ] GC(1322) Pause Young (Allocation Failure) 58M->5M(737M) 0.790ms
[326.315s][info][gc,cpu         ] GC(1322) User=0.00s Sys=0.00s Real=0.00s
[326.532s][info][gc,start       ] GC(1323) Pause Young (Allocation Failure)
[326.532s][info][gc,heap        ] GC(1323) PSYoungGen: 54848K(55808K)->768K(55808K) Eden: 54272K(54272K)->0K(54272K) From: 576K(1536K)->768K(1536K)
[326.533s][info][gc,heap        ] GC(1323) ParOldGen: 5180K(699392K)->5180K(699392K)
[326.533s][info][gc,metaspace   ] GC(1323) Metaspace: 9976K(10304K)->9976K(10304K) NonClass: 8673K(8896K)->8673K(8896K) Class: 1302K(1408K)->1302K(1408K)
[326.533s][info][gc             ] GC(1323) Pause Young (Allocation Failure) 58M->5M(737M) 0.813ms
[326.533s][info][gc,cpu         ] GC(1323) User=0.00s Sys=0.00s Real=0.00s
[326.750s][info][gc,start       ] GC(1324) Pause Young (Allocation Failure)
[326.751s][info][gc,heap        ] GC(1324) PSYoungGen: 55040K(55808K)->640K(55808K) Eden: 54272K(54272K)->0K(54272K) From: 768K(1536K)->640K(1536K)
[326.751s][info][gc,heap        ] GC(1324) ParOldGen: 5180K(699392K)->5180K(699392K)
[326.751s][info][gc,metaspace   ] GC(1324) Metaspace: 9976K(10304K)->9976K(10304K) NonClass: 8673K(8896K)->8673K(8896K) Class: 1302K(1408K)->1302K(1408K)
[326.751s][info][gc             ] GC(1324) Pause Young (Allocation Failure) 58M->5M(737M) 0.826ms
[326.751s][info][gc,cpu         ] GC(1324) User=0.00s Sys=0.00s Real=0.00s
[326.970s][info][gc,start       ] GC(1325) Pause Young (Allocation Failure)
[326.971s][info][gc,heap        ] GC(1325) PSYoungGen: 54912K(55808K)->1280K(55808K) Eden: 54272K(54272K)->0K(54272K) From: 640K(1536K)->1280K(1536K)
[326.971s][info][gc,heap        ] GC(1325) ParOldGen: 5180K(699392K)->5292K(699392K)
[326.971s][info][gc,metaspace   ] GC(1325) Metaspace: 9976K(10304K)->9976K(10304K) NonClass: 8673K(8896K)->8673K(8896K) Class: 1302K(1408K)->1302K(1408K)
[326.971s][info][gc             ] GC(1325) Pause Young (Allocation Failure) 58M->6M(737M) 1.056ms
[326.971s][info][gc,cpu         ] GC(1325) User=0.00s Sys=0.00s Real=0.00s
[327.202s][info][gc,start       ] GC(1326) Pause Young (Allocation Failure)
[327.203s][info][gc,heap        ] GC(1326) PSYoungGen: 55552K(55808K)->704K(55808K) Eden: 54272K(54272K)->0K(54272K) From: 1280K(1536K)->704K(1536K)
[327.203s][info][gc,heap        ] GC(1326) ParOldGen: 5292K(699392K)->5860K(699392K)
[327.203s][info][gc,metaspace   ] GC(1326) Metaspace: 9976K(10304K)->9976K(10304K) NonClass: 8673K(8896K)->8673K(8896K) Class: 1302K(1408K)->1302K(1408K)
[327.203s][info][gc             ] GC(1326) Pause Young (Allocation Failure) 59M->6M(737M) 1.184ms
[327.203s][info][gc,cpu         ] GC(1326) User=0.00s Sys=0.00s Real=0.00s
[327.425s][info][gc,start       ] GC(1327) Pause Young (Allocation Failure)
[327.425s][info][gc,heap        ] GC(1327) PSYoungGen: 54976K(55808K)->672K(55808K) Eden: 54272K(54272K)->0K(54272K) From: 704K(1536K)->672K(1536K)
[327.426s][info][gc,heap        ] GC(1327) ParOldGen: 5860K(699392K)->5860K(699392K)
[327.426s][info][gc,metaspace   ] GC(1327) Metaspace: 9976K(10304K)->9976K(10304K) NonClass: 8673K(8896K)->8673K(8896K) Class: 1302K(1408K)->1302K(1408K)
[327.426s][info][gc             ] GC(1327) Pause Young (Allocation Failure) 59M->6M(737M) 0.835ms
[327.426s][info][gc,cpu         ] GC(1327) User=0.00s Sys=0.00s Real=0.00s
[327.637s][info][gc,start       ] GC(1328) Pause Young (Allocation Failure)
[327.638s][info][gc,heap        ] GC(1328) PSYoungGen: 54944K(55808K)->928K(55808K) Eden: 54272K(54272K)->0K(54272K) From: 672K(1536K)->928K(1536K)
[327.638s][info][gc,heap        ] GC(1328) ParOldGen: 5860K(699392K)->5860K(699392K)
[327.638s][info][gc,metaspace   ] GC(1328) Metaspace: 9976K(10304K)->9976K(10304K) NonClass: 8673K(8896K)->8673K(8896K) Class: 1302K(1408K)->1302K(1408K)
[327.638s][info][gc             ] GC(1328) Pause Young (Allocation Failure) 59M->6M(737M) 0.880ms
[327.638s][info][gc,cpu         ] GC(1328) User=0.00s Sys=0.00s Real=0.00s
[327.858s][info][gc,start       ] GC(1329) Pause Young (Allocation Failure)
[327.859s][info][gc,heap        ] GC(1329) PSYoungGen: 55200K(55808K)->832K(55808K) Eden: 54272K(54272K)->0K(54272K) From: 928K(1536K)->832K(1536K)
[327.859s][info][gc,heap        ] GC(1329) ParOldGen: 5860K(699392K)->5860K(699392K)
[327.859s][info][gc,metaspace   ] GC(1329) Metaspace: 9976K(10304K)->9976K(10304K) NonClass: 8673K(8896K)->8673K(8896K) Class: 1302K(1408K)->1302K(1408K)
[327.859s][info][gc             ] GC(1329) Pause Young (Allocation Failure) 59M->6M(737M) 0.867ms
[327.859s][info][gc,cpu         ] GC(1329) User=0.00s Sys=0.00s Real=0.00s
[328.077s][info][gc,start       ] GC(1330) Pause Young (Allocation Failure)
[328.077s][info][gc,heap        ] GC(1330) PSYoungGen: 55104K(55808K)->768K(55808K) Eden: 54272K(54272K)->0K(54272K) From: 832K(1536K)->768K(1536K)
[328.077s][info][gc,heap        ] GC(1330) ParOldGen: 5860K(699392K)->6140K(699392K)
[328.077s][info][gc,metaspace   ] GC(1330) Metaspace: 9976K(10304K)->9976K(10304K) NonClass: 8673K(8896K)->8673K(8896K) Class: 1302K(1408K)->1302K(1408K)
[328.078s][info][gc             ] GC(1330) Pause Young (Allocation Failure) 59M->6M(737M) 0.898ms
[328.078s][info][gc,cpu         ] GC(1330) User=0.00s Sys=0.00s Real=0.00s
[328.304s][info][gc,start       ] GC(1331) Pause Young (Allocation Failure)
[328.305s][info][gc,heap        ] GC(1331) PSYoungGen: 55040K(55808K)->736K(55808K) Eden: 54272K(54272K)->0K(54272K) From: 768K(1536K)->736K(1536K)
[328.305s][info][gc,heap        ] GC(1331) ParOldGen: 6140K(699392K)->6140K(699392K)
[328.305s][info][gc,metaspace   ] GC(1331) Metaspace: 9976K(10304K)->9976K(10304K) NonClass: 8673K(8896K)->8673K(8896K) Class: 1302K(1408K)->1302K(1408K)
[328.305s][info][gc             ] GC(1331) Pause Young (Allocation Failure) 59M->6M(737M) 0.794ms
[328.305s][info][gc,cpu         ] GC(1331) User=0.00s Sys=0.00s Real=0.00s
[328.530s][info][gc,start       ] GC(1332) Pause Young (Allocation Failure)
[328.530s][info][gc,heap        ] GC(1332) PSYoungGen: 55008K(55808K)->640K(55808K) Eden: 54272K(54272K)->0K(54272K) From: 736K(1536K)->640K(1536K)
[328.530s][info][gc,heap        ] GC(1332) ParOldGen: 6140K(699392K)->6140K(699392K)
[328.530s][info][gc,metaspace   ] GC(1332) Metaspace: 9976K(10304K)->9976K(10304K) NonClass: 8673K(8896K)->8673K(8896K) Class: 1302K(1408K)->1302K(1408K)
[328.530s][info][gc             ] GC(1332) Pause Young (Allocation Failure) 59M->6M(737M) 0.752ms
[328.531s][info][gc,cpu         ] GC(1332) User=0.00s Sys=0.00s Real=0.00s
[328.755s][info][gc,start       ] GC(1333) Pause Young (Allocation Failure)
[328.755s][info][gc,heap        ] GC(1333) PSYoungGen: 54912K(55808K)->704K(55808K) Eden: 54272K(54272K)->0K(54272K) From: 640K(1536K)->704K(1536K)
[328.756s][info][gc,heap        ] GC(1333) ParOldGen: 6140K(699392K)->6140K(699392K)
[328.756s][info][gc,metaspace   ] GC(1333) Metaspace: 9976K(10304K)->9976K(10304K) NonClass: 8673K(8896K)->8673K(8896K) Class: 1302K(1408K)->1302K(1408K)
[328.756s][info][gc             ] GC(1333) Pause Young (Allocation Failure) 59M->6M(737M) 0.897ms
[328.756s][info][gc,cpu         ] GC(1333) User=0.00s Sys=0.00s Real=0.00s
[328.973s][info][gc,start       ] GC(1334) Pause Young (Allocation Failure)
[328.974s][info][gc,heap        ] GC(1334) PSYoungGen: 54976K(55808K)->736K(55808K) Eden: 54272K(54272K)->0K(54272K) From: 704K(1536K)->736K(1536K)
[328.974s][info][gc,heap        ] GC(1334) ParOldGen: 6140K(699392K)->6140K(699392K)
[328.974s][info][gc,metaspace   ] GC(1334) Metaspace: 9976K(10304K)->9976K(10304K) NonClass: 8673K(8896K)->8673K(8896K) Class: 1302K(1408K)->1302K(1408K)
[328.974s][info][gc             ] GC(1334) Pause Young (Allocation Failure) 59M->6M(737M) 0.892ms
[328.974s][info][gc,cpu         ] GC(1334) User=0.00s Sys=0.00s Real=0.00s
[329.194s][info][gc,start       ] GC(1335) Pause Young (Allocation Failure)
[329.194s][info][gc,heap        ] GC(1335) PSYoungGen: 55008K(55808K)->576K(55808K) Eden: 54272K(54272K)->0K(54272K) From: 736K(1536K)->576K(1536K)
[329.194s][info][gc,heap        ] GC(1335) ParOldGen: 6140K(699392K)->6140K(699392K)
[329.194s][info][gc,metaspace   ] GC(1335) Metaspace: 9976K(10304K)->9976K(10304K) NonClass: 8673K(8896K)->8673K(8896K) Class: 1302K(1408K)->1302K(1408K)
[329.194s][info][gc             ] GC(1335) Pause Young (Allocation Failure) 59M->6M(737M) 0.861ms
[329.195s][info][gc,cpu         ] GC(1335) User=0.00s Sys=0.00s Real=0.00s
[329.414s][info][gc,start       ] GC(1336) Pause Young (Allocation Failure)
[329.415s][info][gc,heap        ] GC(1336) PSYoungGen: 54848K(55808K)->672K(55808K) Eden: 54272K(54272K)->0K(54272K) From: 576K(1536K)->672K(1536K)
[329.415s][info][gc,heap        ] GC(1336) ParOldGen: 6140K(699392K)->6140K(699392K)
[329.415s][info][gc,metaspace   ] GC(1336) Metaspace: 9976K(10304K)->9976K(10304K) NonClass: 8673K(8896K)->8673K(8896K) Class: 1302K(1408K)->1302K(1408K)
[329.415s][info][gc             ] GC(1336) Pause Young (Allocation Failure) 59M->6M(737M) 0.836ms
[329.415s][info][gc,cpu         ] GC(1336) User=0.00s Sys=0.00s Real=0.00s
[329.636s][info][gc,start       ] GC(1337) Pause Young (Allocation Failure)
[329.637s][info][gc,heap        ] GC(1337) PSYoungGen: 54944K(55808K)->672K(55808K) Eden: 54272K(54272K)->0K(54272K) From: 672K(1536K)->672K(1536K)
[329.637s][info][gc,heap        ] GC(1337) ParOldGen: 6140K(699392K)->6140K(699392K)
[329.637s][info][gc,metaspace   ] GC(1337) Metaspace: 9976K(10304K)->9976K(10304K) NonClass: 8673K(8896K)->8673K(8896K) Class: 1302K(1408K)->1302K(1408K)
[329.637s][info][gc             ] GC(1337) Pause Young (Allocation Failure) 59M->6M(737M) 0.778ms
[329.637s][info][gc,cpu         ] GC(1337) User=0.00s Sys=0.00s Real=0.00s
[329.845s][info][gc,start       ] GC(1338) Pause Young (Allocation Failure)
[329.845s][info][gc,heap        ] GC(1338) PSYoungGen: 54944K(55808K)->736K(55808K) Eden: 54272K(54272K)->0K(54272K) From: 672K(1536K)->736K(1536K)
[329.845s][info][gc,heap        ] GC(1338) ParOldGen: 6140K(699392K)->6140K(699392K)
[329.845s][info][gc,metaspace   ] GC(1338) Metaspace: 9976K(10304K)->9976K(10304K) NonClass: 8673K(8896K)->8673K(8896K) Class: 1302K(1408K)->1302K(1408K)
[329.845s][info][gc             ] GC(1338) Pause Young (Allocation Failure) 59M->6M(737M) 0.847ms
[329.845s][info][gc,cpu         ] GC(1338) User=0.00s Sys=0.00s Real=0.00s
[330.069s][info][gc,start       ] GC(1339) Pause Young (Allocation Failure)
[330.069s][info][gc,heap        ] GC(1339) PSYoungGen: 55008K(55808K)->736K(55296K) Eden: 54272K(54272K)->0K(54272K) From: 736K(1536K)->736K(1024K)
[330.070s][info][gc,heap        ] GC(1339) ParOldGen: 6140K(699392K)->6140K(699392K)
[330.070s][info][gc,metaspace   ] GC(1339) Metaspace: 9976K(10304K)->9976K(10304K) NonClass: 8673K(8896K)->8673K(8896K) Class: 1302K(1408K)->1302K(1408K)
[330.070s][info][gc             ] GC(1339) Pause Young (Allocation Failure) 59M->6M(737M) 1.034ms
[330.070s][info][gc,cpu         ] GC(1339) User=0.00s Sys=0.00s Real=0.00s
[330.290s][info][gc,start       ] GC(1340) Pause Young (Allocation Failure)
[330.291s][info][gc,heap        ] GC(1340) PSYoungGen: 55008K(55296K)->928K(54784K) Eden: 54272K(54272K)->0K(53760K) From: 736K(1024K)->928K(1024K)
[330.291s][info][gc,heap        ] GC(1340) ParOldGen: 6140K(699392K)->6148K(699392K)
[330.291s][info][gc,metaspace   ] GC(1340) Metaspace: 9976K(10304K)->9976K(10304K) NonClass: 8673K(8896K)->8673K(8896K) Class: 1302K(1408K)->1302K(1408K)
[330.291s][info][gc             ] GC(1340) Pause Young (Allocation Failure) 59M->6M(736M) 0.947ms
[330.291s][info][gc,cpu         ] GC(1340) User=0.00s Sys=0.00s Real=0.00s
[330.511s][info][gc,start       ] GC(1341) Pause Young (Allocation Failure)
[330.511s][info][gc,heap        ] GC(1341) PSYoungGen: 54688K(54784K)->640K(55296K) Eden: 53760K(53760K)->0K(53760K) From: 928K(1024K)->640K(1536K)
[330.511s][info][gc,heap        ] GC(1341) ParOldGen: 6148K(699392K)->6428K(699392K)
[330.511s][info][gc,metaspace   ] GC(1341) Metaspace: 9976K(10304K)->9976K(10304K) NonClass: 8673K(8896K)->8673K(8896K) Class: 1302K(1408K)->1302K(1408K)
[330.511s][info][gc             ] GC(1341) Pause Young (Allocation Failure) 59M->6M(737M) 0.923ms
[330.512s][info][gc,cpu         ] GC(1341) User=0.00s Sys=0.00s Real=0.00s
[330.735s][info][gc,start       ] GC(1342) Pause Young (Allocation Failure)
[330.736s][info][gc,heap        ] GC(1342) PSYoungGen: 54400K(55296K)->544K(55296K) Eden: 53760K(53760K)->0K(53760K) From: 640K(1536K)->544K(1536K)
[330.736s][info][gc,heap        ] GC(1342) ParOldGen: 6428K(699392K)->6428K(699392K)
[330.736s][info][gc,metaspace   ] GC(1342) Metaspace: 9976K(10304K)->9976K(10304K) NonClass: 8673K(8896K)->8673K(8896K) Class: 1302K(1408K)->1302K(1408K)
[330.736s][info][gc             ] GC(1342) Pause Young (Allocation Failure) 59M->6M(737M) 0.800ms
[330.736s][info][gc,cpu         ] GC(1342) User=0.00s Sys=0.00s Real=0.00s
[330.950s][info][gc,start       ] GC(1343) Pause Young (Allocation Failure)
[330.951s][info][gc,heap        ] GC(1343) PSYoungGen: 54304K(55296K)->640K(54784K) Eden: 53760K(53760K)->0K(53760K) From: 544K(1536K)->640K(1024K)
[330.951s][info][gc,heap        ] GC(1343) ParOldGen: 6428K(699392K)->6428K(699392K)
[330.951s][info][gc,metaspace   ] GC(1343) Metaspace: 9976K(10304K)->9976K(10304K) NonClass: 8673K(8896K)->8673K(8896K) Class: 1302K(1408K)->1302K(1408K)
[330.951s][info][gc             ] GC(1343) Pause Young (Allocation Failure) 59M->6M(736M) 1.040ms
[330.951s][info][gc,cpu         ] GC(1343) User=0.00s Sys=0.00s Real=0.00s
[331.167s][info][gc,start       ] GC(1344) Pause Young (Allocation Failure)
[331.168s][info][gc,heap        ] GC(1344) PSYoungGen: 54400K(54784K)->736K(54784K) Eden: 53760K(53760K)->0K(53760K) From: 640K(1024K)->736K(1024K)
[331.168s][info][gc,heap        ] GC(1344) ParOldGen: 6428K(699392K)->6428K(699392K)
[331.168s][info][gc,metaspace   ] GC(1344) Metaspace: 9976K(10304K)->9976K(10304K) NonClass: 8673K(8896K)->8673K(8896K) Class: 1302K(1408K)->1302K(1408K)
[331.168s][info][gc             ] GC(1344) Pause Young (Allocation Failure) 59M->6M(736M) 0.838ms
[331.168s][info][gc,cpu         ] GC(1344) User=0.00s Sys=0.00s Real=0.00s
[331.388s][info][gc,start       ] GC(1345) Pause Young (Allocation Failure)
[331.389s][info][gc,heap        ] GC(1345) PSYoungGen: 54496K(54784K)->672K(54784K) Eden: 53760K(53760K)->0K(53760K) From: 736K(1024K)->672K(1024K)
[331.389s][info][gc,heap        ] GC(1345) ParOldGen: 6428K(699392K)->6428K(699392K)
[331.389s][info][gc,metaspace   ] GC(1345) Metaspace: 9976K(10304K)->9976K(10304K) NonClass: 8673K(8896K)->8673K(8896K) Class: 1302K(1408K)->1302K(1408K)
[331.389s][info][gc             ] GC(1345) Pause Young (Allocation Failure) 59M->6M(736M) 0.847ms
[331.389s][info][gc,cpu         ] GC(1345) User=0.00s Sys=0.00s Real=0.00s
[331.613s][info][gc,start       ] GC(1346) Pause Young (Allocation Failure)
[331.614s][info][gc,heap        ] GC(1346) PSYoungGen: 54432K(54784K)->640K(54784K) Eden: 53760K(53760K)->0K(53760K) From: 672K(1024K)->640K(1024K)
[331.614s][info][gc,heap        ] GC(1346) ParOldGen: 6428K(699392K)->6428K(699392K)
[331.614s][info][gc,metaspace   ] GC(1346) Metaspace: 9976K(10304K)->9976K(10304K) NonClass: 8673K(8896K)->8673K(8896K) Class: 1302K(1408K)->1302K(1408K)
[331.614s][info][gc             ] GC(1346) Pause Young (Allocation Failure) 59M->6M(736M) 0.824ms
[331.614s][info][gc,cpu         ] GC(1346) User=0.00s Sys=0.00s Real=0.00s
[331.835s][info][gc,start       ] GC(1347) Pause Young (Allocation Failure)
[331.835s][info][gc,heap        ] GC(1347) PSYoungGen: 54400K(54784K)->640K(54784K) Eden: 53760K(53760K)->0K(53760K) From: 640K(1024K)->640K(1024K)
[331.835s][info][gc,heap        ] GC(1347) ParOldGen: 6428K(699392K)->6428K(699392K)
[331.835s][info][gc,metaspace   ] GC(1347) Metaspace: 9976K(10304K)->9976K(10304K) NonClass: 8673K(8896K)->8673K(8896K) Class: 1302K(1408K)->1302K(1408K)
[331.835s][info][gc             ] GC(1347) Pause Young (Allocation Failure) 59M->6M(736M) 0.849ms
[331.836s][info][gc,cpu         ] GC(1347) User=0.00s Sys=0.00s Real=0.00s
[331.879s][info][gc,start       ] GC(1348) Pause Young (System.gc())
[331.879s][info][gc,heap        ] GC(1348) PSYoungGen: 9904K(54784K)->544K(54784K) Eden: 9264K(53760K)->0K(53760K) From: 640K(1024K)->544K(1024K)
[331.879s][info][gc,heap        ] GC(1348) ParOldGen: 6428K(699392K)->6564K(699392K)
[331.879s][info][gc,metaspace   ] GC(1348) Metaspace: 9976K(10304K)->9976K(10304K) NonClass: 8673K(8896K)->8673K(8896K) Class: 1302K(1408K)->1302K(1408K)
[331.879s][info][gc             ] GC(1348) Pause Young (System.gc()) 15M->6M(736M) 0.724ms
[331.879s][info][gc,cpu         ] GC(1348) User=0.00s Sys=0.00s Real=0.00s
[331.879s][info][gc,start       ] GC(1349) Pause Full (System.gc())
[331.879s][info][gc,phases,start] GC(1349) Marking Phase
[331.892s][info][gc,phases      ] GC(1349) Marking Phase 12.608ms
[331.892s][info][gc,phases,start] GC(1349) Summary Phase
[331.892s][info][gc,phases      ] GC(1349) Summary Phase 0.021ms
[331.892s][info][gc,phases,start] GC(1349) Adjust Roots
[331.895s][info][gc,phases      ] GC(1349) Adjust Roots 2.998ms
[331.895s][info][gc,phases,start] GC(1349) Compaction Phase
[331.899s][info][gc,phases      ] GC(1349) Compaction Phase 3.273ms
[331.899s][info][gc,phases,start] GC(1349) Post Compact
[331.899s][info][gc,phases      ] GC(1349) Post Compact 0.416ms
[331.899s][info][gc,heap        ] GC(1349) PSYoungGen: 544K(54784K)->0K(54784K) Eden: 0K(53760K)->0K(53760K) From: 544K(1024K)->0K(1024K)
[331.899s][info][gc,heap        ] GC(1349) ParOldGen: 6564K(699392K)->4076K(699392K)
[331.899s][info][gc,metaspace   ] GC(1349) Metaspace: 9976K(10304K)->9976K(10304K) NonClass: 8673K(8896K)->8673K(8896K) Class: 1302K(1408K)->1302K(1408K)
[331.899s][info][gc             ] GC(1349) Pause Full (System.gc()) 6M->3M(736M) 19.625ms
[331.899s][info][gc,cpu         ] GC(1349) User=0.28s Sys=0.00s Real=0.03s
[332.122s][info][gc,start       ] GC(1350) Pause Young (Allocation Failure)
[332.123s][info][gc,heap        ] GC(1350) PSYoungGen: 53760K(54784K)->1024K(54784K) Eden: 53760K(53760K)->0K(53760K) From: 0K(1024K)->1024K(1024K)
[332.123s][info][gc,heap        ] GC(1350) ParOldGen: 4076K(699392K)->4324K(699392K)
[332.123s][info][gc,metaspace   ] GC(1350) Metaspace: 9976K(10304K)->9976K(10304K) NonClass: 8673K(8896K)->8673K(8896K) Class: 1302K(1408K)->1302K(1408K)
[332.123s][info][gc             ] GC(1350) Pause Young (Allocation Failure) 56M->5M(736M) 1.255ms
[332.123s][info][gc,cpu         ] GC(1350) User=0.00s Sys=0.00s Real=0.00s
[332.345s][info][gc,start       ] GC(1351) Pause Young (Allocation Failure)
[332.346s][info][gc,heap        ] GC(1351) PSYoungGen: 54784K(54784K)->1088K(55296K) Eden: 53760K(53760K)->0K(53760K) From: 1024K(1024K)->1088K(1536K)
[332.346s][info][gc,heap        ] GC(1351) ParOldGen: 4324K(699392K)->4940K(699392K)
[332.346s][info][gc,metaspace   ] GC(1351) Metaspace: 9976K(10304K)->9976K(10304K) NonClass: 8673K(8896K)->8673K(8896K) Class: 1302K(1408K)->1302K(1408K)
[332.346s][info][gc             ] GC(1351) Pause Young (Allocation Failure) 57M->5M(737M) 1.343ms
[332.346s][info][gc,cpu         ] GC(1351) User=0.00s Sys=0.00s Real=0.00s
[332.576s][info][gc,start       ] GC(1352) Pause Young (Allocation Failure)
[332.576s][info][gc,heap        ] GC(1352) PSYoungGen: 54848K(55296K)->896K(55296K) Eden: 53760K(53760K)->0K(53760K) From: 1088K(1536K)->896K(1536K)
[332.577s][info][gc,heap        ] GC(1352) ParOldGen: 4940K(699392K)->5204K(699392K)
[332.577s][info][gc,metaspace   ] GC(1352) Metaspace: 9976K(10304K)->9976K(10304K) NonClass: 8673K(8896K)->8673K(8896K) Class: 1302K(1408K)->1302K(1408K)
[332.577s][info][gc             ] GC(1352) Pause Young (Allocation Failure) 58M->5M(737M) 0.952ms
[332.577s][info][gc,cpu         ] GC(1352) User=0.00s Sys=0.00s Real=0.00s
[332.803s][info][gc,start       ] GC(1353) Pause Young (Allocation Failure)
[332.804s][info][gc,heap        ] GC(1353) PSYoungGen: 54656K(55296K)->1120K(55296K) Eden: 53760K(53760K)->0K(53760K) From: 896K(1536K)->1120K(1536K)
[332.804s][info][gc,heap        ] GC(1353) ParOldGen: 5204K(699392K)->5460K(699392K)
[332.804s][info][gc,metaspace   ] GC(1353) Metaspace: 9976K(10304K)->9976K(10304K) NonClass: 8673K(8896K)->8673K(8896K) Class: 1302K(1408K)->1302K(1408K)
[332.804s][info][gc             ] GC(1353) Pause Young (Allocation Failure) 58M->6M(737M) 1.016ms
[332.804s][info][gc,cpu         ] GC(1353) User=0.00s Sys=0.00s Real=0.00s
[333.031s][info][gc,start       ] GC(1354) Pause Young (Allocation Failure)
[333.032s][info][gc,heap        ] GC(1354) PSYoungGen: 54880K(55296K)->768K(55296K) Eden: 53760K(53760K)->0K(53760K) From: 1120K(1536K)->768K(1536K)
[333.032s][info][gc,heap        ] GC(1354) ParOldGen: 5460K(699392K)->5940K(699392K)
[333.032s][info][gc,metaspace   ] GC(1354) Metaspace: 9976K(10304K)->9976K(10304K) NonClass: 8673K(8896K)->8673K(8896K) Class: 1302K(1408K)->1302K(1408K)
[333.032s][info][gc             ] GC(1354) Pause Young (Allocation Failure) 58M->6M(737M) 1.045ms
[333.032s][info][gc,cpu         ] GC(1354) User=0.00s Sys=0.00s Real=0.00s
[333.257s][info][gc,start       ] GC(1355) Pause Young (Allocation Failure)
[333.258s][info][gc,heap        ] GC(1355) PSYoungGen: 54528K(55296K)->864K(55296K) Eden: 53760K(53760K)->0K(53760K) From: 768K(1536K)->864K(1536K)
[333.258s][info][gc,heap        ] GC(1355) ParOldGen: 5940K(699392K)->5940K(699392K)
[333.258s][info][gc,metaspace   ] GC(1355) Metaspace: 9976K(10304K)->9976K(10304K) NonClass: 8673K(8896K)->8673K(8896K) Class: 1302K(1408K)->1302K(1408K)
[333.258s][info][gc             ] GC(1355) Pause Young (Allocation Failure) 59M->6M(737M) 0.938ms
[333.258s][info][gc,cpu         ] GC(1355) User=0.14s Sys=0.00s Real=0.02s
[333.474s][info][gc,start       ] GC(1356) Pause Young (Allocation Failure)
[333.475s][info][gc,heap        ] GC(1356) PSYoungGen: 54624K(55296K)->1120K(55296K) Eden: 53760K(53760K)->0K(53760K) From: 864K(1536K)->1120K(1536K)
[333.475s][info][gc,heap        ] GC(1356) ParOldGen: 5940K(699392K)->6060K(699392K)
[333.475s][info][gc,metaspace   ] GC(1356) Metaspace: 9976K(10304K)->9976K(10304K) NonClass: 8673K(8896K)->8673K(8896K) Class: 1302K(1408K)->1302K(1408K)
[333.475s][info][gc             ] GC(1356) Pause Young (Allocation Failure) 59M->7M(737M) 1.008ms
[333.475s][info][gc,cpu         ] GC(1356) User=0.00s Sys=0.00s Real=0.00s
[333.691s][info][gc,start       ] GC(1357) Pause Young (Allocation Failure)
[333.692s][info][gc,heap        ] GC(1357) PSYoungGen: 54880K(55296K)->800K(55296K) Eden: 53760K(53760K)->0K(53760K) From: 1120K(1536K)->800K(1536K)
[333.692s][info][gc,heap        ] GC(1357) ParOldGen: 6060K(699392K)->6508K(699392K)
[333.692s][info][gc,metaspace   ] GC(1357) Metaspace: 9976K(10304K)->9976K(10304K) NonClass: 8673K(8896K)->8673K(8896K) Class: 1302K(1408K)->1302K(1408K)
[333.692s][info][gc             ] GC(1357) Pause Young (Allocation Failure) 59M->7M(737M) 1.034ms
[333.692s][info][gc,cpu         ] GC(1357) User=0.00s Sys=0.00s Real=0.00s
[333.917s][info][gc,start       ] GC(1358) Pause Young (Allocation Failure)
[333.917s][info][gc,heap        ] GC(1358) PSYoungGen: 54560K(55296K)->672K(55296K) Eden: 53760K(53760K)->0K(53760K) From: 800K(1536K)->672K(1536K)
[333.917s][info][gc,heap        ] GC(1358) ParOldGen: 6508K(699392K)->6508K(699392K)
[333.918s][info][gc,metaspace   ] GC(1358) Metaspace: 9976K(10304K)->9976K(10304K) NonClass: 8673K(8896K)->8673K(8896K) Class: 1302K(1408K)->1302K(1408K)
[333.918s][info][gc             ] GC(1358) Pause Young (Allocation Failure) 59M->7M(737M) 0.893ms
[333.918s][info][gc,cpu         ] GC(1358) User=0.00s Sys=0.00s Real=0.00s
[334.137s][info][gc,start       ] GC(1359) Pause Young (Allocation Failure)
[334.138s][info][gc,heap        ] GC(1359) PSYoungGen: 54432K(55296K)->736K(55296K) Eden: 53760K(53760K)->0K(53760K) From: 672K(1536K)->736K(1536K)
[334.138s][info][gc,heap        ] GC(1359) ParOldGen: 6508K(699392K)->6508K(699392K)
[334.138s][info][gc,metaspace   ] GC(1359) Metaspace: 9976K(10304K)->9976K(10304K) NonClass: 8673K(8896K)->8673K(8896K) Class: 1302K(1408K)->1302K(1408K)
[334.138s][info][gc             ] GC(1359) Pause Young (Allocation Failure) 59M->7M(737M) 0.765ms
[334.138s][info][gc,cpu         ] GC(1359) User=0.00s Sys=0.00s Real=0.00s
[334.352s][info][gc,start       ] GC(1360) Pause Young (Allocation Failure)
[334.353s][info][gc,heap        ] GC(1360) PSYoungGen: 54496K(55296K)->864K(55296K) Eden: 53760K(53760K)->0K(53760K) From: 736K(1536K)->864K(1536K)
[334.353s][info][gc,heap        ] GC(1360) ParOldGen: 6508K(699392K)->6508K(699392K)
[334.353s][info][gc,metaspace   ] GC(1360) Metaspace: 9976K(10304K)->9976K(10304K) NonClass: 8673K(8896K)->8673K(8896K) Class: 1302K(1408K)->1302K(1408K)
[334.353s][info][gc             ] GC(1360) Pause Young (Allocation Failure) 59M->7M(737M) 0.875ms
[334.353s][info][gc,cpu         ] GC(1360) User=0.00s Sys=0.00s Real=0.00s
[334.574s][info][gc,start       ] GC(1361) Pause Young (Allocation Failure)
[334.575s][info][gc,heap        ] GC(1361) PSYoungGen: 54624K(55296K)->832K(55296K) Eden: 53760K(53760K)->0K(53760K) From: 864K(1536K)->832K(1536K)
[334.575s][info][gc,heap        ] GC(1361) ParOldGen: 6508K(699392K)->6756K(699392K)
[334.575s][info][gc,metaspace   ] GC(1361) Metaspace: 9976K(10304K)->9976K(10304K) NonClass: 8673K(8896K)->8673K(8896K) Class: 1302K(1408K)->1302K(1408K)
[334.575s][info][gc             ] GC(1361) Pause Young (Allocation Failure) 59M->7M(737M) 0.925ms
[334.575s][info][gc,cpu         ] GC(1361) User=0.00s Sys=0.00s Real=0.00s
[334.791s][info][gc,start       ] GC(1362) Pause Young (Allocation Failure)
[334.791s][info][gc,heap        ] GC(1362) PSYoungGen: 54592K(55296K)->928K(55296K) Eden: 53760K(53760K)->0K(53760K) From: 832K(1536K)->928K(1536K)
[334.791s][info][gc,heap        ] GC(1362) ParOldGen: 6756K(699392K)->6780K(699392K)
[334.791s][info][gc,metaspace   ] GC(1362) Metaspace: 9976K(10304K)->9976K(10304K) NonClass: 8673K(8896K)->8673K(8896K) Class: 1302K(1408K)->1302K(1408K)
[334.792s][info][gc             ] GC(1362) Pause Young (Allocation Failure) 59M->7M(737M) 0.876ms
[334.792s][info][gc,cpu         ] GC(1362) User=0.00s Sys=0.00s Real=0.00s
[335.014s][info][gc,start       ] GC(1363) Pause Young (Allocation Failure)
[335.015s][info][gc,heap        ] GC(1363) PSYoungGen: 54688K(55296K)->864K(55296K) Eden: 53760K(53760K)->0K(53760K) From: 928K(1536K)->864K(1536K)
[335.015s][info][gc,heap        ] GC(1363) ParOldGen: 6780K(699392K)->7004K(699392K)
[335.015s][info][gc,metaspace   ] GC(1363) Metaspace: 9976K(10304K)->9976K(10304K) NonClass: 8673K(8896K)->8673K(8896K) Class: 1302K(1408K)->1302K(1408K)
[335.015s][info][gc             ] GC(1363) Pause Young (Allocation Failure) 60M->7M(737M) 1.010ms
[335.016s][info][gc,cpu         ] GC(1363) User=0.00s Sys=0.00s Real=0.00s
[335.234s][info][gc,start       ] GC(1364) Pause Young (Allocation Failure)
[335.235s][info][gc,heap        ] GC(1364) PSYoungGen: 54624K(55296K)->800K(55296K) Eden: 53760K(53760K)->0K(53760K) From: 864K(1536K)->800K(1536K)
[335.235s][info][gc,heap        ] GC(1364) ParOldGen: 7004K(699392K)->7268K(699392K)
[335.235s][info][gc,metaspace   ] GC(1364) Metaspace: 9976K(10304K)->9976K(10304K) NonClass: 8673K(8896K)->8673K(8896K) Class: 1302K(1408K)->1302K(1408K)
[335.235s][info][gc             ] GC(1364) Pause Young (Allocation Failure) 60M->7M(737M) 0.907ms
[335.235s][info][gc,cpu         ] GC(1364) User=0.00s Sys=0.00s Real=0.00s
[335.457s][info][gc,start       ] GC(1365) Pause Young (Allocation Failure)
[335.458s][info][gc,heap        ] GC(1365) PSYoungGen: 54560K(55296K)->704K(55296K) Eden: 53760K(53760K)->0K(53760K) From: 800K(1536K)->704K(1536K)
[335.458s][info][gc,heap        ] GC(1365) ParOldGen: 7268K(699392K)->7268K(699392K)
[335.458s][info][gc,metaspace   ] GC(1365) Metaspace: 9976K(10304K)->9976K(10304K) NonClass: 8673K(8896K)->8673K(8896K) Class: 1302K(1408K)->1302K(1408K)
[335.458s][info][gc             ] GC(1365) Pause Young (Allocation Failure) 60M->7M(737M) 0.869ms
[335.458s][info][gc,cpu         ] GC(1365) User=0.00s Sys=0.00s Real=0.00s
[335.679s][info][gc,start       ] GC(1366) Pause Young (Allocation Failure)
[335.680s][info][gc,heap        ] GC(1366) PSYoungGen: 54464K(55296K)->672K(55296K) Eden: 53760K(53760K)->0K(53760K) From: 704K(1536K)->672K(1536K)
[335.680s][info][gc,heap        ] GC(1366) ParOldGen: 7268K(699392K)->7268K(699392K)
[335.680s][info][gc,metaspace   ] GC(1366) Metaspace: 9976K(10304K)->9976K(10304K) NonClass: 8673K(8896K)->8673K(8896K) Class: 1302K(1408K)->1302K(1408K)
[335.680s][info][gc             ] GC(1366) Pause Young (Allocation Failure) 60M->7M(737M) 0.807ms
[335.680s][info][gc,cpu         ] GC(1366) User=0.00s Sys=0.00s Real=0.00s
[335.899s][info][gc,start       ] GC(1367) Pause Young (Allocation Failure)
[335.900s][info][gc,heap        ] GC(1367) PSYoungGen: 54432K(55296K)->640K(55296K) Eden: 53760K(53760K)->0K(53760K) From: 672K(1536K)->640K(1536K)
[335.900s][info][gc,heap        ] GC(1367) ParOldGen: 7268K(699392K)->7268K(699392K)
[335.900s][info][gc,metaspace   ] GC(1367) Metaspace: 9976K(10304K)->9976K(10304K) NonClass: 8673K(8896K)->8673K(8896K) Class: 1302K(1408K)->1302K(1408K)
[335.900s][info][gc             ] GC(1367) Pause Young (Allocation Failure) 60M->7M(737M) 0.871ms
[335.900s][info][gc,cpu         ] GC(1367) User=0.00s Sys=0.00s Real=0.00s
[336.118s][info][gc,start       ] GC(1368) Pause Young (Allocation Failure)
[336.119s][info][gc,heap        ] GC(1368) PSYoungGen: 54400K(55296K)->672K(55296K) Eden: 53760K(53760K)->0K(53760K) From: 640K(1536K)->672K(1536K)
[336.119s][info][gc,heap        ] GC(1368) ParOldGen: 7268K(699392K)->7268K(699392K)
[336.119s][info][gc,metaspace   ] GC(1368) Metaspace: 9976K(10304K)->9976K(10304K) NonClass: 8673K(8896K)->8673K(8896K) Class: 1302K(1408K)->1302K(1408K)
[336.119s][info][gc             ] GC(1368) Pause Young (Allocation Failure) 60M->7M(737M) 0.824ms
[336.119s][info][gc,cpu         ] GC(1368) User=0.00s Sys=0.00s Real=0.00s
[336.340s][info][gc,start       ] GC(1369) Pause Young (Allocation Failure)
[336.341s][info][gc,heap        ] GC(1369) PSYoungGen: 54432K(55296K)->736K(55296K) Eden: 53760K(53760K)->0K(53760K) From: 672K(1536K)->736K(1536K)
[336.341s][info][gc,heap        ] GC(1369) ParOldGen: 7268K(699392K)->7268K(699392K)
[336.341s][info][gc,metaspace   ] GC(1369) Metaspace: 9976K(10304K)->9976K(10304K) NonClass: 8673K(8896K)->8673K(8896K) Class: 1302K(1408K)->1302K(1408K)
[336.341s][info][gc             ] GC(1369) Pause Young (Allocation Failure) 60M->7M(737M) 0.845ms
[336.341s][info][gc,cpu         ] GC(1369) User=0.00s Sys=0.00s Real=0.00s
[336.549s][info][gc,start       ] GC(1370) Pause Young (Allocation Failure)
[336.550s][info][gc,heap        ] GC(1370) PSYoungGen: 54496K(55296K)->608K(55296K) Eden: 53760K(53760K)->0K(53760K) From: 736K(1536K)->608K(1536K)
[336.550s][info][gc,heap        ] GC(1370) ParOldGen: 7268K(699392K)->7268K(699392K)
[336.550s][info][gc,metaspace   ] GC(1370) Metaspace: 9976K(10304K)->9976K(10304K) NonClass: 8673K(8896K)->8673K(8896K) Class: 1302K(1408K)->1302K(1408K)
[336.550s][info][gc             ] GC(1370) Pause Young (Allocation Failure) 60M->7M(737M) 0.865ms
[336.550s][info][gc,cpu         ] GC(1370) User=0.00s Sys=0.00s Real=0.00s
[336.763s][info][gc,start       ] GC(1371) Pause Young (Allocation Failure)
[336.763s][info][gc,heap        ] GC(1371) PSYoungGen: 54368K(55296K)->672K(55296K) Eden: 53760K(53760K)->0K(53760K) From: 608K(1536K)->672K(1536K)
[336.764s][info][gc,heap        ] GC(1371) ParOldGen: 7268K(699392K)->7268K(699392K)
[336.764s][info][gc,metaspace   ] GC(1371) Metaspace: 9976K(10304K)->9976K(10304K) NonClass: 8673K(8896K)->8673K(8896K) Class: 1302K(1408K)->1302K(1408K)
[336.764s][info][gc             ] GC(1371) Pause Young (Allocation Failure) 60M->7M(737M) 0.837ms
[336.764s][info][gc,cpu         ] GC(1371) User=0.00s Sys=0.00s Real=0.00s
[336.994s][info][gc,start       ] GC(1372) Pause Young (Allocation Failure)
[336.995s][info][gc,heap        ] GC(1372) PSYoungGen: 54432K(55296K)->704K(55296K) Eden: 53760K(53760K)->0K(53760K) From: 672K(1536K)->704K(1536K)
[336.995s][info][gc,heap        ] GC(1372) ParOldGen: 7268K(699392K)->7268K(699392K)
[336.995s][info][gc,metaspace   ] GC(1372) Metaspace: 9976K(10304K)->9976K(10304K) NonClass: 8673K(8896K)->8673K(8896K) Class: 1302K(1408K)->1302K(1408K)
[336.995s][info][gc             ] GC(1372) Pause Young (Allocation Failure) 60M->7M(737M) 0.838ms
[336.995s][info][gc,cpu         ] GC(1372) User=0.00s Sys=0.00s Real=0.00s
[337.216s][info][gc,start       ] GC(1373) Pause Young (Allocation Failure)
[337.216s][info][gc,heap        ] GC(1373) PSYoungGen: 54464K(55296K)->672K(54784K) Eden: 53760K(53760K)->0K(53760K) From: 704K(1536K)->672K(1024K)
[337.216s][info][gc,heap        ] GC(1373) ParOldGen: 7268K(699392K)->7268K(699392K)
[337.217s][info][gc,metaspace   ] GC(1373) Metaspace: 9976K(10304K)->9976K(10304K) NonClass: 8673K(8896K)->8673K(8896K) Class: 1302K(1408K)->1302K(1408K)
[337.217s][info][gc             ] GC(1373) Pause Young (Allocation Failure) 60M->7M(736M) 0.860ms
[337.217s][info][gc,cpu         ] GC(1373) User=0.02s Sys=0.00s Real=0.02s
[337.439s][info][gc,start       ] GC(1374) Pause Young (Allocation Failure)
[337.440s][info][gc,heap        ] GC(1374) PSYoungGen: 54432K(54784K)->704K(54784K) Eden: 53760K(53760K)->0K(53760K) From: 672K(1024K)->704K(1024K)
[337.440s][info][gc,heap        ] GC(1374) ParOldGen: 7268K(699392K)->7268K(699392K)
[337.440s][info][gc,metaspace   ] GC(1374) Metaspace: 9976K(10304K)->9976K(10304K) NonClass: 8673K(8896K)->8673K(8896K) Class: 1302K(1408K)->1302K(1408K)
[337.440s][info][gc             ] GC(1374) Pause Young (Allocation Failure) 60M->7M(736M) 1.033ms
[337.440s][info][gc,cpu         ] GC(1374) User=0.00s Sys=0.00s Real=0.00s
[337.663s][info][gc,start       ] GC(1375) Pause Young (Allocation Failure)
[337.664s][info][gc,heap        ] GC(1375) PSYoungGen: 54464K(54784K)->512K(54272K) Eden: 53760K(53760K)->0K(53760K) From: 704K(1024K)->512K(512K)
[337.664s][info][gc,heap        ] GC(1375) ParOldGen: 7268K(699392K)->7356K(699392K)
[337.664s][info][gc,metaspace   ] GC(1375) Metaspace: 9976K(10304K)->9976K(10304K) NonClass: 8673K(8896K)->8673K(8896K) Class: 1302K(1408K)->1302K(1408K)
[337.664s][info][gc             ] GC(1375) Pause Young (Allocation Failure) 60M->7M(736M) 0.884ms
[337.664s][info][gc,cpu         ] GC(1375) User=0.00s Sys=0.00s Real=0.00s
[337.881s][info][gc,start       ] GC(1376) Pause Young (Allocation Failure)
[337.882s][info][gc,heap        ] GC(1376) PSYoungGen: 54272K(54272K)->704K(54784K) Eden: 53760K(53760K)->0K(53760K) From: 512K(512K)->704K(1024K)
[337.882s][info][gc,heap        ] GC(1376) ParOldGen: 7356K(699392K)->7572K(699392K)
[337.882s][info][gc,metaspace   ] GC(1376) Metaspace: 9976K(10304K)->9976K(10304K) NonClass: 8673K(8896K)->8673K(8896K) Class: 1302K(1408K)->1302K(1408K)
[337.882s][info][gc             ] GC(1376) Pause Young (Allocation Failure) 60M->8M(736M) 1.193ms
[337.882s][info][gc,cpu         ] GC(1376) User=0.00s Sys=0.00s Real=0.00s
[338.092s][info][gc,start       ] GC(1377) Pause Young (Allocation Failure)
[338.093s][info][gc,heap        ] GC(1377) PSYoungGen: 54464K(54784K)->704K(54784K) Eden: 53760K(53760K)->0K(53760K) From: 704K(1024K)->704K(1024K)
[338.093s][info][gc,heap        ] GC(1377) ParOldGen: 7572K(699392K)->7572K(699392K)
[338.093s][info][gc,metaspace   ] GC(1377) Metaspace: 9976K(10304K)->9976K(10304K) NonClass: 8673K(8896K)->8673K(8896K) Class: 1302K(1408K)->1302K(1408K)
[338.093s][info][gc             ] GC(1377) Pause Young (Allocation Failure) 60M->8M(736M) 0.802ms
[338.093s][info][gc,cpu         ] GC(1377) User=0.00s Sys=0.00s Real=0.00s
[338.312s][info][gc,start       ] GC(1378) Pause Young (Allocation Failure)
[338.313s][info][gc,heap        ] GC(1378) PSYoungGen: 54464K(54784K)->672K(54784K) Eden: 53760K(53760K)->0K(53760K) From: 704K(1024K)->672K(1024K)
[338.313s][info][gc,heap        ] GC(1378) ParOldGen: 7572K(699392K)->7572K(699392K)
[338.313s][info][gc,metaspace   ] GC(1378) Metaspace: 9976K(10304K)->9976K(10304K) NonClass: 8673K(8896K)->8673K(8896K) Class: 1302K(1408K)->1302K(1408K)
[338.313s][info][gc             ] GC(1378) Pause Young (Allocation Failure) 60M->8M(736M) 0.811ms
[338.313s][info][gc,cpu         ] GC(1378) User=0.00s Sys=0.00s Real=0.00s
[338.534s][info][gc,start       ] GC(1379) Pause Young (Allocation Failure)
[338.535s][info][gc,heap        ] GC(1379) PSYoungGen: 54432K(54784K)->704K(54784K) Eden: 53760K(53760K)->0K(53760K) From: 672K(1024K)->704K(1024K)
[338.535s][info][gc,heap        ] GC(1379) ParOldGen: 7572K(699392K)->7572K(699392K)
[338.535s][info][gc,metaspace   ] GC(1379) Metaspace: 9976K(10304K)->9976K(10304K) NonClass: 8673K(8896K)->8673K(8896K) Class: 1302K(1408K)->1302K(1408K)
[338.535s][info][gc             ] GC(1379) Pause Young (Allocation Failure) 60M->8M(736M) 0.820ms
[338.535s][info][gc,cpu         ] GC(1379) User=0.00s Sys=0.00s Real=0.00s
[338.654s][info][gc,heap,exit   ] Heap
[338.654s][info][gc,heap,exit   ]  PSYoungGen      total 54784K, used 27821K [0x00000000eab00000, 0x00000000ee180000, 0x0000000100000000)
[338.654s][info][gc,heap,exit   ]   eden space 53760K, 50% used [0x00000000eab00000,0x00000000ec57b448,0x00000000edf80000)
[338.654s][info][gc,heap,exit   ]   from space 1024K, 68% used [0x00000000ee080000,0x00000000ee130000,0x00000000ee180000)
[338.654s][info][gc,heap,exit   ]   to   space 1024K, 0% used [0x00000000edf80000,0x00000000edf80000,0x00000000ee080000)
[338.654s][info][gc,heap,exit   ]  ParOldGen       total 699392K, used 7572K [0x00000000c0000000, 0x00000000eab00000, 0x00000000eab00000)
[338.654s][info][gc,heap,exit   ]   object space 699392K, 1% used [0x00000000c0000000,0x00000000c0765298,0x00000000eab00000)
[338.654s][info][gc,heap,exit   ]  Metaspace       used 10036K, committed 10368K, reserved 1114112K
[338.654s][info][gc,heap,exit   ]   class space    used 1311K, committed 1408K, reserved 1048576K
