[0.016s][info][gc,init] CardTable entry size: 512
[0.017s][info][gc     ] Using Serial
[0.019s][info][gc,init] Version: 20+36-2344 (release)
[0.019s][info][gc,init] CPUs: 48 total, 48 available
[0.019s][info][gc,init] Memory: 382G
[0.019s][info][gc,init] Large Page Support: Disabled
[0.019s][info][gc,init] NUMA Support: Disabled
[0.019s][info][gc,init] Compressed Oops: Enabled (32-bit)
[0.019s][info][gc,init] Heap Min Capacity: 8M
[0.019s][info][gc,init] Heap Initial Capacity: 512M
[0.020s][info][gc,init] Heap Max Capacity: 512M
[0.020s][info][gc,init] Pre-touch: Disabled
[0.030s][info][gc,metaspace] CDS archive(s) mapped at: [0x0000000800000000-0x0000000800c60000-0x0000000800c60000), size 12976128, SharedBaseAddress: 0x0000000800000000, ArchiveRelocationMode: 0.
[0.030s][info][gc,metaspace] Compressed class space mapped at: 0x0000000801000000-0x0000000841000000, reserved size: 1073741824
[0.030s][info][gc,metaspace] Narrow klass base: 0x0000000800000000, Narrow klass shift: 0, Narrow klass range: 0x100000000
[1.597s][info][gc,start    ] GC(0) Pause Full (System.gc())
[1.597s][info][gc,phases,start] GC(0) Phase 1: Mark live objects
[1.608s][info][gc,phases      ] GC(0) Phase 1: Mark live objects 11.209ms
[1.608s][info][gc,phases,start] GC(0) Phase 2: Compute new object addresses
[1.615s][info][gc,phases      ] GC(0) Phase 2: Compute new object addresses 6.731ms
[1.615s][info][gc,phases,start] GC(0) Phase 3: Adjust pointers
[1.621s][info][gc,phases      ] GC(0) Phase 3: Adjust pointers 5.601ms
[1.621s][info][gc,phases,start] GC(0) Phase 4: Move objects
[1.625s][info][gc,phases      ] GC(0) Phase 4: Move objects 3.996ms
[1.626s][info][gc,heap        ] GC(0) DefNew: 44769K(157248K)->0K(157248K) Eden: 44769K(139776K)->0K(139776K) From: 0K(17472K)->0K(17472K)
[1.626s][info][gc,heap        ] GC(0) Tenured: 0K(349568K)->3816K(349568K)
[1.626s][info][gc,metaspace   ] GC(0) Metaspace: 8310K(8512K)->8310K(8512K) NonClass: 7194K(7296K)->7194K(7296K) Class: 1116K(1216K)->1116K(1216K)
[1.626s][info][gc             ] GC(0) Pause Full (System.gc()) 43M->3M(494M) 29.031ms
[1.626s][info][gc,cpu         ] GC(0) User=0.03s Sys=0.00s Real=0.03s
[2.302s][info][gc,start       ] GC(1) Pause Young (Allocation Failure)
[2.311s][info][gc,heap        ] GC(1) DefNew: 139776K(157248K)->1467K(157248K) Eden: 139776K(139776K)->0K(139776K) From: 0K(17472K)->1467K(17472K)
[2.311s][info][gc,heap        ] GC(1) Tenured: 3816K(349568K)->3816K(349568K)
[2.311s][info][gc,metaspace   ] GC(1) Metaspace: 9821K(10112K)->9821K(10112K) NonClass: 8516K(8704K)->8516K(8704K) Class: 1305K(1408K)->1305K(1408K)
[2.311s][info][gc             ] GC(1) Pause Young (Allocation Failure) 140M->5M(494M) 8.975ms
[2.311s][info][gc,cpu         ] GC(1) User=0.00s Sys=0.00s Real=0.00s
[2.864s][info][gc,start       ] GC(2) Pause Young (Allocation Failure)
[2.871s][info][gc,heap        ] GC(2) DefNew: 141243K(157248K)->1464K(157248K) Eden: 139776K(139776K)->0K(139776K) From: 1467K(17472K)->1464K(17472K)
[2.872s][info][gc,heap        ] GC(2) Tenured: 3816K(349568K)->3816K(349568K)
[2.872s][info][gc,metaspace   ] GC(2) Metaspace: 9828K(10112K)->9828K(10112K) NonClass: 8522K(8704K)->8522K(8704K) Class: 1305K(1408K)->1305K(1408K)
[2.872s][info][gc             ] GC(2) Pause Young (Allocation Failure) 141M->5M(494M) 7.578ms
[2.872s][info][gc,cpu         ] GC(2) User=0.02s Sys=0.00s Real=0.02s
[3.440s][info][gc,start       ] GC(3) Pause Young (Allocation Failure)
[3.446s][info][gc,heap        ] GC(3) DefNew: 141240K(157248K)->1489K(157248K) Eden: 139776K(139776K)->0K(139776K) From: 1464K(17472K)->1489K(17472K)
[3.446s][info][gc,heap        ] GC(3) Tenured: 3816K(349568K)->3816K(349568K)
[3.446s][info][gc,metaspace   ] GC(3) Metaspace: 9828K(10112K)->9828K(10112K) NonClass: 8522K(8704K)->8522K(8704K) Class: 1305K(1408K)->1305K(1408K)
[3.446s][info][gc             ] GC(3) Pause Young (Allocation Failure) 141M->5M(494M) 6.196ms
[3.446s][info][gc,cpu         ] GC(3) User=0.00s Sys=0.00s Real=0.00s
[4.027s][info][gc,start       ] GC(4) Pause Young (Allocation Failure)
[4.033s][info][gc,heap        ] GC(4) DefNew: 141265K(157248K)->1489K(157248K) Eden: 139776K(139776K)->0K(139776K) From: 1489K(17472K)->1489K(17472K)
[4.033s][info][gc,heap        ] GC(4) Tenured: 3816K(349568K)->3816K(349568K)
[4.033s][info][gc,metaspace   ] GC(4) Metaspace: 9828K(10112K)->9828K(10112K) NonClass: 8522K(8704K)->8522K(8704K) Class: 1305K(1408K)->1305K(1408K)
[4.033s][info][gc             ] GC(4) Pause Young (Allocation Failure) 141M->5M(494M) 6.450ms
[4.033s][info][gc,cpu         ] GC(4) User=0.00s Sys=0.00s Real=0.00s
[4.603s][info][gc,start       ] GC(5) Pause Young (Allocation Failure)
[4.609s][info][gc,heap        ] GC(5) DefNew: 141265K(157248K)->1541K(157248K) Eden: 139776K(139776K)->0K(139776K) From: 1489K(17472K)->1541K(17472K)
[4.609s][info][gc,heap        ] GC(5) Tenured: 3816K(349568K)->3816K(349568K)
[4.609s][info][gc,metaspace   ] GC(5) Metaspace: 9828K(10112K)->9828K(10112K) NonClass: 8523K(8704K)->8523K(8704K) Class: 1305K(1408K)->1305K(1408K)
[4.609s][info][gc             ] GC(5) Pause Young (Allocation Failure) 141M->5M(494M) 6.439ms
[4.609s][info][gc,cpu         ] GC(5) User=0.02s Sys=0.00s Real=0.02s
[5.183s][info][gc,start       ] GC(6) Pause Young (Allocation Failure)
[5.189s][info][gc,heap        ] GC(6) DefNew: 141317K(157248K)->1494K(157248K) Eden: 139776K(139776K)->0K(139776K) From: 1541K(17472K)->1494K(17472K)
[5.189s][info][gc,heap        ] GC(6) Tenured: 3816K(349568K)->3816K(349568K)
[5.189s][info][gc,metaspace   ] GC(6) Metaspace: 9828K(10112K)->9828K(10112K) NonClass: 8523K(8704K)->8523K(8704K) Class: 1305K(1408K)->1305K(1408K)
[5.189s][info][gc             ] GC(6) Pause Young (Allocation Failure) 141M->5M(494M) 6.184ms
[5.189s][info][gc,cpu         ] GC(6) User=0.00s Sys=0.00s Real=0.00s
[5.747s][info][gc,start       ] GC(7) Pause Young (Allocation Failure)
[5.753s][info][gc,heap        ] GC(7) DefNew: 141270K(157248K)->1499K(157248K) Eden: 139776K(139776K)->0K(139776K) From: 1494K(17472K)->1499K(17472K)
[5.753s][info][gc,heap        ] GC(7) Tenured: 3816K(349568K)->3816K(349568K)
[5.753s][info][gc,metaspace   ] GC(7) Metaspace: 9828K(10112K)->9828K(10112K) NonClass: 8523K(8704K)->8523K(8704K) Class: 1305K(1408K)->1305K(1408K)
[5.753s][info][gc             ] GC(7) Pause Young (Allocation Failure) 141M->5M(494M) 6.121ms
[5.753s][info][gc,cpu         ] GC(7) User=0.00s Sys=0.00s Real=0.00s
[6.305s][info][gc,start       ] GC(8) Pause Young (Allocation Failure)
[6.312s][info][gc,heap        ] GC(8) DefNew: 141275K(157248K)->1468K(157248K) Eden: 139776K(139776K)->0K(139776K) From: 1499K(17472K)->1468K(17472K)
[6.312s][info][gc,heap        ] GC(8) Tenured: 3816K(349568K)->3816K(349568K)
[6.312s][info][gc,metaspace   ] GC(8) Metaspace: 9828K(10112K)->9828K(10112K) NonClass: 8523K(8704K)->8523K(8704K) Class: 1305K(1408K)->1305K(1408K)
[6.312s][info][gc             ] GC(8) Pause Young (Allocation Failure) 141M->5M(494M) 6.307ms
[6.312s][info][gc,cpu         ] GC(8) User=0.00s Sys=0.00s Real=0.00s
[6.876s][info][gc,start       ] GC(9) Pause Young (Allocation Failure)
[6.882s][info][gc,heap        ] GC(9) DefNew: 141244K(157248K)->1510K(157248K) Eden: 139776K(139776K)->0K(139776K) From: 1468K(17472K)->1510K(17472K)
[6.882s][info][gc,heap        ] GC(9) Tenured: 3816K(349568K)->3816K(349568K)
[6.882s][info][gc,metaspace   ] GC(9) Metaspace: 9828K(10112K)->9828K(10112K) NonClass: 8523K(8704K)->8523K(8704K) Class: 1305K(1408K)->1305K(1408K)
[6.882s][info][gc             ] GC(9) Pause Young (Allocation Failure) 141M->5M(494M) 6.437ms
[6.882s][info][gc,cpu         ] GC(9) User=0.00s Sys=0.00s Real=0.00s
[7.466s][info][gc,start       ] GC(10) Pause Young (Allocation Failure)
[7.472s][info][gc,heap        ] GC(10) DefNew: 141286K(157248K)->1508K(157248K) Eden: 139776K(139776K)->0K(139776K) From: 1510K(17472K)->1508K(17472K)
[7.472s][info][gc,heap        ] GC(10) Tenured: 3816K(349568K)->3816K(349568K)
[7.472s][info][gc,metaspace   ] GC(10) Metaspace: 9828K(10112K)->9828K(10112K) NonClass: 8523K(8704K)->8523K(8704K) Class: 1305K(1408K)->1305K(1408K)
[7.472s][info][gc             ] GC(10) Pause Young (Allocation Failure) 141M->5M(494M) 6.603ms
[7.472s][info][gc,cpu         ] GC(10) User=0.02s Sys=0.00s Real=0.02s
[8.053s][info][gc,start       ] GC(11) Pause Young (Allocation Failure)
[8.059s][info][gc,heap        ] GC(11) DefNew: 141284K(157248K)->1482K(157248K) Eden: 139776K(139776K)->0K(139776K) From: 1508K(17472K)->1482K(17472K)
[8.059s][info][gc,heap        ] GC(11) Tenured: 3816K(349568K)->3816K(349568K)
[8.059s][info][gc,metaspace   ] GC(11) Metaspace: 9828K(10112K)->9828K(10112K) NonClass: 8523K(8704K)->8523K(8704K) Class: 1305K(1408K)->1305K(1408K)
[8.059s][info][gc             ] GC(11) Pause Young (Allocation Failure) 141M->5M(494M) 6.155ms
[8.059s][info][gc,cpu         ] GC(11) User=0.00s Sys=0.00s Real=0.00s
[8.590s][info][gc,start       ] GC(12) Pause Full (System.gc())
[8.590s][info][gc,phases,start] GC(12) Phase 1: Mark live objects
[8.608s][info][gc,phases      ] GC(12) Phase 1: Mark live objects 18.369ms
[8.609s][info][gc,phases,start] GC(12) Phase 2: Compute new object addresses
[8.646s][info][gc,phases      ] GC(12) Phase 2: Compute new object addresses 37.794ms
[8.646s][info][gc,phases,start] GC(12) Phase 3: Adjust pointers
[8.650s][info][gc,phases      ] GC(12) Phase 3: Adjust pointers 3.755ms
[8.650s][info][gc,phases,start] GC(12) Phase 4: Move objects
[8.650s][info][gc,phases      ] GC(12) Phase 4: Move objects 0.186ms
[8.651s][info][gc,heap        ] GC(12) DefNew: 130596K(157248K)->0K(157248K) Eden: 129114K(139776K)->0K(139776K) From: 1482K(17472K)->0K(17472K)
[8.651s][info][gc,heap        ] GC(12) Tenured: 3816K(349568K)->4106K(349568K)
[8.651s][info][gc,metaspace   ] GC(12) Metaspace: 9890K(10240K)->9847K(10240K) NonClass: 8573K(8768K)->8544K(8768K) Class: 1316K(1472K)->1303K(1472K)
[8.651s][info][gc             ] GC(12) Pause Full (System.gc()) 131M->4M(494M) 60.807ms
[8.651s][info][gc,cpu         ] GC(12) User=0.06s Sys=0.00s Real=0.06s
[9.207s][info][gc,start       ] GC(13) Pause Young (Allocation Failure)
[9.211s][info][gc,heap        ] GC(13) DefNew: 139776K(157248K)->1155K(157248K) Eden: 139776K(139776K)->0K(139776K) From: 0K(17472K)->1155K(17472K)
[9.211s][info][gc,heap        ] GC(13) Tenured: 4106K(349568K)->4106K(349568K)
[9.211s][info][gc,metaspace   ] GC(13) Metaspace: 9847K(10240K)->9847K(10240K) NonClass: 8544K(8768K)->8544K(8768K) Class: 1303K(1472K)->1303K(1472K)
[9.211s][info][gc             ] GC(13) Pause Young (Allocation Failure) 140M->5M(494M) 4.213ms
[9.211s][info][gc,cpu         ] GC(13) User=0.02s Sys=0.00s Real=0.02s
[9.773s][info][gc,start       ] GC(14) Pause Young (Allocation Failure)
[9.778s][info][gc,heap        ] GC(14) DefNew: 140931K(157248K)->1297K(157248K) Eden: 139776K(139776K)->0K(139776K) From: 1155K(17472K)->1297K(17472K)
[9.778s][info][gc,heap        ] GC(14) Tenured: 4106K(349568K)->4106K(349568K)
[9.778s][info][gc,metaspace   ] GC(14) Metaspace: 9847K(10240K)->9847K(10240K) NonClass: 8544K(8768K)->8544K(8768K) Class: 1303K(1472K)->1303K(1472K)
[9.778s][info][gc             ] GC(14) Pause Young (Allocation Failure) 141M->5M(494M) 4.485ms
[9.778s][info][gc,cpu         ] GC(14) User=0.02s Sys=0.00s Real=0.01s
[10.356s][info][gc,start       ] GC(15) Pause Young (Allocation Failure)
[10.360s][info][gc,heap        ] GC(15) DefNew: 141073K(157248K)->1334K(157248K) Eden: 139776K(139776K)->0K(139776K) From: 1297K(17472K)->1334K(17472K)
[10.360s][info][gc,heap        ] GC(15) Tenured: 4106K(349568K)->4106K(349568K)
[10.360s][info][gc,metaspace   ] GC(15) Metaspace: 9847K(10240K)->9847K(10240K) NonClass: 8544K(8768K)->8544K(8768K) Class: 1303K(1472K)->1303K(1472K)
[10.360s][info][gc             ] GC(15) Pause Young (Allocation Failure) 141M->5M(494M) 4.385ms
[10.360s][info][gc,cpu         ] GC(15) User=0.00s Sys=0.00s Real=0.00s
[10.934s][info][gc,start       ] GC(16) Pause Young (Allocation Failure)
[10.938s][info][gc,heap        ] GC(16) DefNew: 141110K(157248K)->1301K(157248K) Eden: 139776K(139776K)->0K(139776K) From: 1334K(17472K)->1301K(17472K)
[10.938s][info][gc,heap        ] GC(16) Tenured: 4106K(349568K)->4106K(349568K)
[10.938s][info][gc,metaspace   ] GC(16) Metaspace: 9847K(10240K)->9847K(10240K) NonClass: 8544K(8768K)->8544K(8768K) Class: 1303K(1472K)->1303K(1472K)
[10.938s][info][gc             ] GC(16) Pause Young (Allocation Failure) 141M->5M(494M) 4.090ms
[10.938s][info][gc,cpu         ] GC(16) User=0.00s Sys=0.00s Real=0.00s
[11.499s][info][gc,start       ] GC(17) Pause Young (Allocation Failure)
[11.503s][info][gc,heap        ] GC(17) DefNew: 141077K(157248K)->1303K(157248K) Eden: 139776K(139776K)->0K(139776K) From: 1301K(17472K)->1303K(17472K)
[11.504s][info][gc,heap        ] GC(17) Tenured: 4106K(349568K)->4106K(349568K)
[11.504s][info][gc,metaspace   ] GC(17) Metaspace: 9847K(10240K)->9847K(10240K) NonClass: 8544K(8768K)->8544K(8768K) Class: 1303K(1472K)->1303K(1472K)
[11.504s][info][gc             ] GC(17) Pause Young (Allocation Failure) 141M->5M(494M) 4.150ms
[11.504s][info][gc,cpu         ] GC(17) User=0.02s Sys=0.00s Real=0.01s
[12.073s][info][gc,start       ] GC(18) Pause Young (Allocation Failure)
[12.077s][info][gc,heap        ] GC(18) DefNew: 141079K(157248K)->1341K(157248K) Eden: 139776K(139776K)->0K(139776K) From: 1303K(17472K)->1341K(17472K)
[12.077s][info][gc,heap        ] GC(18) Tenured: 4106K(349568K)->4106K(349568K)
[12.077s][info][gc,metaspace   ] GC(18) Metaspace: 9847K(10240K)->9847K(10240K) NonClass: 8544K(8768K)->8544K(8768K) Class: 1303K(1472K)->1303K(1472K)
[12.077s][info][gc             ] GC(18) Pause Young (Allocation Failure) 141M->5M(494M) 4.058ms
[12.077s][info][gc,cpu         ] GC(18) User=0.00s Sys=0.00s Real=0.00s
[12.636s][info][gc,start       ] GC(19) Pause Young (Allocation Failure)
[12.640s][info][gc,heap        ] GC(19) DefNew: 141117K(157248K)->1284K(157248K) Eden: 139776K(139776K)->0K(139776K) From: 1341K(17472K)->1284K(17472K)
[12.640s][info][gc,heap        ] GC(19) Tenured: 4106K(349568K)->4106K(349568K)
[12.640s][info][gc,metaspace   ] GC(19) Metaspace: 9847K(10240K)->9847K(10240K) NonClass: 8544K(8768K)->8544K(8768K) Class: 1303K(1472K)->1303K(1472K)
[12.640s][info][gc             ] GC(19) Pause Young (Allocation Failure) 141M->5M(494M) 4.101ms
[12.640s][info][gc,cpu         ] GC(19) User=0.02s Sys=0.00s Real=0.02s
[13.205s][info][gc,start       ] GC(20) Pause Young (Allocation Failure)
[13.209s][info][gc,heap        ] GC(20) DefNew: 141060K(157248K)->1238K(157248K) Eden: 139776K(139776K)->0K(139776K) From: 1284K(17472K)->1238K(17472K)
[13.209s][info][gc,heap        ] GC(20) Tenured: 4106K(349568K)->4106K(349568K)
[13.209s][info][gc,metaspace   ] GC(20) Metaspace: 9847K(10240K)->9847K(10240K) NonClass: 8544K(8768K)->8544K(8768K) Class: 1303K(1472K)->1303K(1472K)
[13.209s][info][gc             ] GC(20) Pause Young (Allocation Failure) 141M->5M(494M) 4.040ms
[13.209s][info][gc,cpu         ] GC(20) User=0.00s Sys=0.00s Real=0.00s
[13.780s][info][gc,start       ] GC(21) Pause Young (Allocation Failure)
[13.784s][info][gc,heap        ] GC(21) DefNew: 141014K(157248K)->1274K(157248K) Eden: 139776K(139776K)->0K(139776K) From: 1238K(17472K)->1274K(17472K)
[13.784s][info][gc,heap        ] GC(21) Tenured: 4106K(349568K)->4106K(349568K)
[13.784s][info][gc,metaspace   ] GC(21) Metaspace: 9847K(10240K)->9847K(10240K) NonClass: 8544K(8768K)->8544K(8768K) Class: 1303K(1472K)->1303K(1472K)
[13.784s][info][gc             ] GC(21) Pause Young (Allocation Failure) 141M->5M(494M) 4.015ms
[13.784s][info][gc,cpu         ] GC(21) User=0.00s Sys=0.00s Real=0.00s
[14.359s][info][gc,start       ] GC(22) Pause Young (Allocation Failure)
[14.363s][info][gc,heap        ] GC(22) DefNew: 141050K(157248K)->1268K(157248K) Eden: 139776K(139776K)->0K(139776K) From: 1274K(17472K)->1268K(17472K)
[14.363s][info][gc,heap        ] GC(22) Tenured: 4106K(349568K)->4106K(349568K)
[14.363s][info][gc,metaspace   ] GC(22) Metaspace: 9847K(10240K)->9847K(10240K) NonClass: 8544K(8768K)->8544K(8768K) Class: 1303K(1472K)->1303K(1472K)
[14.363s][info][gc             ] GC(22) Pause Young (Allocation Failure) 141M->5M(494M) 4.054ms
[14.363s][info][gc,cpu         ] GC(22) User=0.00s Sys=0.00s Real=0.00s
[14.942s][info][gc,start       ] GC(23) Pause Young (Allocation Failure)
[14.945s][info][gc,heap        ] GC(23) DefNew: 141044K(157248K)->1234K(157248K) Eden: 139776K(139776K)->0K(139776K) From: 1268K(17472K)->1234K(17472K)
[14.945s][info][gc,heap        ] GC(23) Tenured: 4106K(349568K)->4106K(349568K)
[14.945s][info][gc,metaspace   ] GC(23) Metaspace: 9847K(10240K)->9847K(10240K) NonClass: 8544K(8768K)->8544K(8768K) Class: 1303K(1472K)->1303K(1472K)
[14.945s][info][gc             ] GC(23) Pause Young (Allocation Failure) 141M->5M(494M) 3.853ms
[14.945s][info][gc,cpu         ] GC(23) User=0.02s Sys=0.00s Real=0.01s
[15.371s][info][gc,start       ] GC(24) Pause Full (System.gc())
[15.371s][info][gc,phases,start] GC(24) Phase 1: Mark live objects
[15.386s][info][gc,phases      ] GC(24) Phase 1: Mark live objects 14.956ms
[15.386s][info][gc,phases,start] GC(24) Phase 2: Compute new object addresses
[15.418s][info][gc,phases      ] GC(24) Phase 2: Compute new object addresses 32.075ms
[15.418s][info][gc,phases,start] GC(24) Phase 3: Adjust pointers
[15.422s][info][gc,phases      ] GC(24) Phase 3: Adjust pointers 3.465ms
[15.422s][info][gc,phases,start] GC(24) Phase 4: Move objects
[15.422s][info][gc,phases      ] GC(24) Phase 4: Move objects 0.015ms
[15.422s][info][gc,heap        ] GC(24) DefNew: 103663K(157248K)->0K(157248K) Eden: 102428K(139776K)->0K(139776K) From: 1234K(17472K)->0K(17472K)
[15.422s][info][gc,heap        ] GC(24) Tenured: 4106K(349568K)->4108K(349568K)
[15.422s][info][gc,metaspace   ] GC(24) Metaspace: 9847K(10240K)->9847K(10240K) NonClass: 8544K(8768K)->8544K(8768K) Class: 1303K(1472K)->1303K(1472K)
[15.422s][info][gc             ] GC(24) Pause Full (System.gc()) 105M->4M(494M) 50.947ms
[15.422s][info][gc,cpu         ] GC(24) User=0.05s Sys=0.00s Real=0.05s
[15.996s][info][gc,start       ] GC(25) Pause Young (Allocation Failure)
[16.000s][info][gc,heap        ] GC(25) DefNew: 139776K(157248K)->1257K(157248K) Eden: 139776K(139776K)->0K(139776K) From: 0K(17472K)->1257K(17472K)
[16.000s][info][gc,heap        ] GC(25) Tenured: 4108K(349568K)->4108K(349568K)
[16.000s][info][gc,metaspace   ] GC(25) Metaspace: 9855K(10240K)->9855K(10240K) NonClass: 8551K(8768K)->8551K(8768K) Class: 1303K(1472K)->1303K(1472K)
[16.000s][info][gc             ] GC(25) Pause Young (Allocation Failure) 140M->5M(494M) 4.439ms
[16.000s][info][gc,cpu         ] GC(25) User=0.00s Sys=0.00s Real=0.00s
[16.578s][info][gc,start       ] GC(26) Pause Young (Allocation Failure)
[16.582s][info][gc,heap        ] GC(26) DefNew: 141033K(157248K)->1219K(157248K) Eden: 139776K(139776K)->0K(139776K) From: 1257K(17472K)->1219K(17472K)
[16.582s][info][gc,heap        ] GC(26) Tenured: 4108K(349568K)->4108K(349568K)
[16.582s][info][gc,metaspace   ] GC(26) Metaspace: 9855K(10240K)->9855K(10240K) NonClass: 8551K(8768K)->8551K(8768K) Class: 1303K(1472K)->1303K(1472K)
[16.582s][info][gc             ] GC(26) Pause Young (Allocation Failure) 141M->5M(494M) 4.055ms
[16.582s][info][gc,cpu         ] GC(26) User=0.00s Sys=0.00s Real=0.00s
[17.170s][info][gc,start       ] GC(27) Pause Young (Allocation Failure)
[17.174s][info][gc,heap        ] GC(27) DefNew: 140995K(157248K)->1118K(157248K) Eden: 139776K(139776K)->0K(139776K) From: 1219K(17472K)->1118K(17472K)
[17.174s][info][gc,heap        ] GC(27) Tenured: 4108K(349568K)->4108K(349568K)
[17.174s][info][gc,metaspace   ] GC(27) Metaspace: 9855K(10240K)->9855K(10240K) NonClass: 8551K(8768K)->8551K(8768K) Class: 1303K(1472K)->1303K(1472K)
[17.174s][info][gc             ] GC(27) Pause Young (Allocation Failure) 141M->5M(494M) 3.736ms
[17.174s][info][gc,cpu         ] GC(27) User=0.00s Sys=0.00s Real=0.00s
[17.755s][info][gc,start       ] GC(28) Pause Young (Allocation Failure)
[17.758s][info][gc,heap        ] GC(28) DefNew: 140894K(157248K)->1181K(157248K) Eden: 139776K(139776K)->0K(139776K) From: 1118K(17472K)->1181K(17472K)
[17.758s][info][gc,heap        ] GC(28) Tenured: 4108K(349568K)->4108K(349568K)
[17.758s][info][gc,metaspace   ] GC(28) Metaspace: 9855K(10240K)->9855K(10240K) NonClass: 8551K(8768K)->8551K(8768K) Class: 1303K(1472K)->1303K(1472K)
[17.759s][info][gc             ] GC(28) Pause Young (Allocation Failure) 141M->5M(494M) 3.686ms
[17.759s][info][gc,cpu         ] GC(28) User=0.00s Sys=0.00s Real=0.00s
[18.320s][info][gc,start       ] GC(29) Pause Young (Allocation Failure)
[18.323s][info][gc,heap        ] GC(29) DefNew: 140957K(157248K)->1129K(157248K) Eden: 139776K(139776K)->0K(139776K) From: 1181K(17472K)->1129K(17472K)
[18.323s][info][gc,heap        ] GC(29) Tenured: 4108K(349568K)->4108K(349568K)
[18.323s][info][gc,metaspace   ] GC(29) Metaspace: 9855K(10240K)->9855K(10240K) NonClass: 8551K(8768K)->8551K(8768K) Class: 1303K(1472K)->1303K(1472K)
[18.323s][info][gc             ] GC(29) Pause Young (Allocation Failure) 141M->5M(494M) 3.708ms
[18.324s][info][gc,cpu         ] GC(29) User=0.02s Sys=0.00s Real=0.02s
[18.888s][info][gc,start       ] GC(30) Pause Young (Allocation Failure)
[18.892s][info][gc,heap        ] GC(30) DefNew: 140905K(157248K)->1202K(157248K) Eden: 139776K(139776K)->0K(139776K) From: 1129K(17472K)->1202K(17472K)
[18.892s][info][gc,heap        ] GC(30) Tenured: 4108K(349568K)->4108K(349568K)
[18.892s][info][gc,metaspace   ] GC(30) Metaspace: 9855K(10240K)->9855K(10240K) NonClass: 8551K(8768K)->8551K(8768K) Class: 1303K(1472K)->1303K(1472K)
[18.892s][info][gc             ] GC(30) Pause Young (Allocation Failure) 141M->5M(494M) 3.746ms
[18.892s][info][gc,cpu         ] GC(30) User=0.00s Sys=0.00s Real=0.00s
[19.467s][info][gc,start       ] GC(31) Pause Young (Allocation Failure)
[19.470s][info][gc,heap        ] GC(31) DefNew: 140978K(157248K)->1118K(157248K) Eden: 139776K(139776K)->0K(139776K) From: 1202K(17472K)->1118K(17472K)
[19.470s][info][gc,heap        ] GC(31) Tenured: 4108K(349568K)->4108K(349568K)
[19.470s][info][gc,metaspace   ] GC(31) Metaspace: 9855K(10240K)->9855K(10240K) NonClass: 8551K(8768K)->8551K(8768K) Class: 1303K(1472K)->1303K(1472K)
[19.471s][info][gc             ] GC(31) Pause Young (Allocation Failure) 141M->5M(494M) 3.671ms
[19.471s][info][gc,cpu         ] GC(31) User=0.00s Sys=0.00s Real=0.00s
[20.045s][info][gc,start       ] GC(32) Pause Young (Allocation Failure)
[20.048s][info][gc,heap        ] GC(32) DefNew: 140894K(157248K)->1128K(157248K) Eden: 139776K(139776K)->0K(139776K) From: 1118K(17472K)->1128K(17472K)
[20.048s][info][gc,heap        ] GC(32) Tenured: 4108K(349568K)->4108K(349568K)
[20.048s][info][gc,metaspace   ] GC(32) Metaspace: 9855K(10240K)->9855K(10240K) NonClass: 8551K(8768K)->8551K(8768K) Class: 1303K(1472K)->1303K(1472K)
[20.048s][info][gc             ] GC(32) Pause Young (Allocation Failure) 141M->5M(494M) 3.558ms
[20.049s][info][gc,cpu         ] GC(32) User=0.00s Sys=0.00s Real=0.00s
[20.618s][info][gc,start       ] GC(33) Pause Young (Allocation Failure)
[20.621s][info][gc,heap        ] GC(33) DefNew: 140904K(157248K)->1151K(157248K) Eden: 139776K(139776K)->0K(139776K) From: 1128K(17472K)->1151K(17472K)
[20.621s][info][gc,heap        ] GC(33) Tenured: 4108K(349568K)->4108K(349568K)
[20.621s][info][gc,metaspace   ] GC(33) Metaspace: 9855K(10240K)->9855K(10240K) NonClass: 8551K(8768K)->8551K(8768K) Class: 1303K(1472K)->1303K(1472K)
[20.621s][info][gc             ] GC(33) Pause Young (Allocation Failure) 141M->5M(494M) 3.752ms
[20.622s][info][gc,cpu         ] GC(33) User=0.02s Sys=0.00s Real=0.02s
[21.188s][info][gc,start       ] GC(34) Pause Young (Allocation Failure)
[21.191s][info][gc,heap        ] GC(34) DefNew: 140927K(157248K)->1121K(157248K) Eden: 139776K(139776K)->0K(139776K) From: 1151K(17472K)->1121K(17472K)
[21.191s][info][gc,heap        ] GC(34) Tenured: 4108K(349568K)->4108K(349568K)
[21.191s][info][gc,metaspace   ] GC(34) Metaspace: 9855K(10240K)->9855K(10240K) NonClass: 8551K(8768K)->8551K(8768K) Class: 1303K(1472K)->1303K(1472K)
[21.191s][info][gc             ] GC(34) Pause Young (Allocation Failure) 141M->5M(494M) 3.670ms
[21.192s][info][gc,cpu         ] GC(34) User=0.00s Sys=0.00s Real=0.00s
[21.751s][info][gc,start       ] GC(35) Pause Young (Allocation Failure)
[21.755s][info][gc,heap        ] GC(35) DefNew: 140897K(157248K)->1138K(157248K) Eden: 139776K(139776K)->0K(139776K) From: 1121K(17472K)->1138K(17472K)
[21.755s][info][gc,heap        ] GC(35) Tenured: 4108K(349568K)->4108K(349568K)
[21.755s][info][gc,metaspace   ] GC(35) Metaspace: 9855K(10240K)->9855K(10240K) NonClass: 8551K(8768K)->8551K(8768K) Class: 1303K(1472K)->1303K(1472K)
[21.755s][info][gc             ] GC(35) Pause Young (Allocation Failure) 141M->5M(494M) 3.710ms
[21.755s][info][gc,cpu         ] GC(35) User=0.00s Sys=0.00s Real=0.00s
[22.135s][info][gc,start       ] GC(36) Pause Full (System.gc())
[22.135s][info][gc,phases,start] GC(36) Phase 1: Mark live objects
[22.149s][info][gc,phases      ] GC(36) Phase 1: Mark live objects 14.069ms
[22.149s][info][gc,phases,start] GC(36) Phase 2: Compute new object addresses
[22.180s][info][gc,phases      ] GC(36) Phase 2: Compute new object addresses 30.571ms
[22.180s][info][gc,phases,start] GC(36) Phase 3: Adjust pointers
[22.183s][info][gc,phases      ] GC(36) Phase 3: Adjust pointers 3.678ms
[22.183s][info][gc,phases,start] GC(36) Phase 4: Move objects
[22.184s][info][gc,phases      ] GC(36) Phase 4: Move objects 0.956ms
[22.184s][info][gc,heap        ] GC(36) DefNew: 95379K(157248K)->0K(157248K) Eden: 94241K(139776K)->0K(139776K) From: 1138K(17472K)->0K(17472K)
[22.184s][info][gc,heap        ] GC(36) Tenured: 4108K(349568K)->4069K(349568K)
[22.184s][info][gc,metaspace   ] GC(36) Metaspace: 9855K(10240K)->9855K(10240K) NonClass: 8551K(8768K)->8551K(8768K) Class: 1303K(1472K)->1303K(1472K)
[22.184s][info][gc             ] GC(36) Pause Full (System.gc()) 97M->3M(494M) 49.756ms
[22.184s][info][gc,cpu         ] GC(36) User=0.05s Sys=0.03s Real=0.06s
[22.752s][info][gc,start       ] GC(37) Pause Young (Allocation Failure)
[22.756s][info][gc,heap        ] GC(37) DefNew: 139776K(157248K)->1239K(157248K) Eden: 139776K(139776K)->0K(139776K) From: 0K(17472K)->1239K(17472K)
[22.756s][info][gc,heap        ] GC(37) Tenured: 4069K(349568K)->4069K(349568K)
[22.756s][info][gc,metaspace   ] GC(37) Metaspace: 9856K(10240K)->9856K(10240K) NonClass: 8553K(8768K)->8553K(8768K) Class: 1303K(1472K)->1303K(1472K)
[22.756s][info][gc             ] GC(37) Pause Young (Allocation Failure) 140M->5M(494M) 4.505ms
[22.756s][info][gc,cpu         ] GC(37) User=0.00s Sys=0.00s Real=0.00s
[23.313s][info][gc,start       ] GC(38) Pause Young (Allocation Failure)
[23.317s][info][gc,heap        ] GC(38) DefNew: 141015K(157248K)->1306K(157248K) Eden: 139776K(139776K)->0K(139776K) From: 1239K(17472K)->1306K(17472K)
[23.317s][info][gc,heap        ] GC(38) Tenured: 4069K(349568K)->4069K(349568K)
[23.317s][info][gc,metaspace   ] GC(38) Metaspace: 9856K(10240K)->9856K(10240K) NonClass: 8553K(8768K)->8553K(8768K) Class: 1303K(1472K)->1303K(1472K)
[23.318s][info][gc             ] GC(38) Pause Young (Allocation Failure) 141M->5M(494M) 4.292ms
[23.318s][info][gc,cpu         ] GC(38) User=0.00s Sys=0.00s Real=0.00s
[23.873s][info][gc,start       ] GC(39) Pause Young (Allocation Failure)
[23.876s][info][gc,heap        ] GC(39) DefNew: 141082K(157248K)->1181K(157248K) Eden: 139776K(139776K)->0K(139776K) From: 1306K(17472K)->1181K(17472K)
[23.876s][info][gc,heap        ] GC(39) Tenured: 4069K(349568K)->4069K(349568K)
[23.876s][info][gc,metaspace   ] GC(39) Metaspace: 9856K(10240K)->9856K(10240K) NonClass: 8553K(8768K)->8553K(8768K) Class: 1303K(1472K)->1303K(1472K)
[23.877s][info][gc             ] GC(39) Pause Young (Allocation Failure) 141M->5M(494M) 3.977ms
[23.877s][info][gc,cpu         ] GC(39) User=0.00s Sys=0.00s Real=0.00s
[24.439s][info][gc,start       ] GC(40) Pause Young (Allocation Failure)
[24.443s][info][gc,heap        ] GC(40) DefNew: 140957K(157248K)->1181K(157248K) Eden: 139776K(139776K)->0K(139776K) From: 1181K(17472K)->1181K(17472K)
[24.443s][info][gc,heap        ] GC(40) Tenured: 4069K(349568K)->4069K(349568K)
[24.443s][info][gc,metaspace   ] GC(40) Metaspace: 9856K(10240K)->9856K(10240K) NonClass: 8553K(8768K)->8553K(8768K) Class: 1303K(1472K)->1303K(1472K)
[24.443s][info][gc             ] GC(40) Pause Young (Allocation Failure) 141M->5M(494M) 3.867ms
[24.443s][info][gc,cpu         ] GC(40) User=0.02s Sys=0.00s Real=0.02s
[25.009s][info][gc,start       ] GC(41) Pause Young (Allocation Failure)
[25.013s][info][gc,heap        ] GC(41) DefNew: 140957K(157248K)->1235K(157248K) Eden: 139776K(139776K)->0K(139776K) From: 1181K(17472K)->1235K(17472K)
[25.013s][info][gc,heap        ] GC(41) Tenured: 4069K(349568K)->4069K(349568K)
[25.013s][info][gc,metaspace   ] GC(41) Metaspace: 9856K(10240K)->9856K(10240K) NonClass: 8553K(8768K)->8553K(8768K) Class: 1303K(1472K)->1303K(1472K)
[25.013s][info][gc             ] GC(41) Pause Young (Allocation Failure) 141M->5M(494M) 3.912ms
[25.013s][info][gc,cpu         ] GC(41) User=0.00s Sys=0.00s Real=0.00s
[25.586s][info][gc,start       ] GC(42) Pause Young (Allocation Failure)
[25.590s][info][gc,heap        ] GC(42) DefNew: 141011K(157248K)->1262K(157248K) Eden: 139776K(139776K)->0K(139776K) From: 1235K(17472K)->1262K(17472K)
[25.590s][info][gc,heap        ] GC(42) Tenured: 4069K(349568K)->4069K(349568K)
[25.590s][info][gc,metaspace   ] GC(42) Metaspace: 9856K(10240K)->9856K(10240K) NonClass: 8553K(8768K)->8553K(8768K) Class: 1303K(1472K)->1303K(1472K)
[25.590s][info][gc             ] GC(42) Pause Young (Allocation Failure) 141M->5M(494M) 3.982ms
[25.590s][info][gc,cpu         ] GC(42) User=0.00s Sys=0.00s Real=0.00s
[26.145s][info][gc,start       ] GC(43) Pause Young (Allocation Failure)
[26.149s][info][gc,heap        ] GC(43) DefNew: 141038K(157248K)->1216K(157248K) Eden: 139776K(139776K)->0K(139776K) From: 1262K(17472K)->1216K(17472K)
[26.149s][info][gc,heap        ] GC(43) Tenured: 4069K(349568K)->4069K(349568K)
[26.149s][info][gc,metaspace   ] GC(43) Metaspace: 9856K(10240K)->9856K(10240K) NonClass: 8553K(8768K)->8553K(8768K) Class: 1303K(1472K)->1303K(1472K)
[26.149s][info][gc             ] GC(43) Pause Young (Allocation Failure) 141M->5M(494M) 4.015ms
[26.149s][info][gc,cpu         ] GC(43) User=0.00s Sys=0.00s Real=0.00s
[26.704s][info][gc,start       ] GC(44) Pause Young (Allocation Failure)
[26.708s][info][gc,heap        ] GC(44) DefNew: 140992K(157248K)->1233K(157248K) Eden: 139776K(139776K)->0K(139776K) From: 1216K(17472K)->1233K(17472K)
[26.708s][info][gc,heap        ] GC(44) Tenured: 4069K(349568K)->4069K(349568K)
[26.708s][info][gc,metaspace   ] GC(44) Metaspace: 9856K(10240K)->9856K(10240K) NonClass: 8553K(8768K)->8553K(8768K) Class: 1303K(1472K)->1303K(1472K)
[26.708s][info][gc             ] GC(44) Pause Young (Allocation Failure) 141M->5M(494M) 3.965ms
[26.708s][info][gc,cpu         ] GC(44) User=0.00s Sys=0.00s Real=0.00s
[27.268s][info][gc,start       ] GC(45) Pause Young (Allocation Failure)
[27.271s][info][gc,heap        ] GC(45) DefNew: 141009K(157248K)->1172K(157248K) Eden: 139776K(139776K)->0K(139776K) From: 1233K(17472K)->1172K(17472K)
[27.271s][info][gc,heap        ] GC(45) Tenured: 4069K(349568K)->4069K(349568K)
[27.272s][info][gc,metaspace   ] GC(45) Metaspace: 9856K(10240K)->9856K(10240K) NonClass: 8553K(8768K)->8553K(8768K) Class: 1303K(1472K)->1303K(1472K)
[27.272s][info][gc             ] GC(45) Pause Young (Allocation Failure) 141M->5M(494M) 4.017ms
[27.272s][info][gc,cpu         ] GC(45) User=0.00s Sys=0.00s Real=0.00s
[27.835s][info][gc,start       ] GC(46) Pause Young (Allocation Failure)
[27.839s][info][gc,heap        ] GC(46) DefNew: 140948K(157248K)->1199K(157248K) Eden: 139776K(139776K)->0K(139776K) From: 1172K(17472K)->1199K(17472K)
[27.839s][info][gc,heap        ] GC(46) Tenured: 4069K(349568K)->4069K(349568K)
[27.839s][info][gc,metaspace   ] GC(46) Metaspace: 9856K(10240K)->9856K(10240K) NonClass: 8553K(8768K)->8553K(8768K) Class: 1303K(1472K)->1303K(1472K)
[27.839s][info][gc             ] GC(46) Pause Young (Allocation Failure) 141M->5M(494M) 4.001ms
[27.840s][info][gc,cpu         ] GC(46) User=0.00s Sys=0.00s Real=0.00s
[28.404s][info][gc,start       ] GC(47) Pause Young (Allocation Failure)
[28.408s][info][gc,heap        ] GC(47) DefNew: 140975K(157248K)->1199K(157248K) Eden: 139776K(139776K)->0K(139776K) From: 1199K(17472K)->1199K(17472K)
[28.408s][info][gc,heap        ] GC(47) Tenured: 4069K(349568K)->4069K(349568K)
[28.408s][info][gc,metaspace   ] GC(47) Metaspace: 9856K(10240K)->9856K(10240K) NonClass: 8553K(8768K)->8553K(8768K) Class: 1303K(1472K)->1303K(1472K)
[28.408s][info][gc             ] GC(47) Pause Young (Allocation Failure) 141M->5M(494M) 4.011ms
[28.409s][info][gc,cpu         ] GC(47) User=0.00s Sys=0.00s Real=0.00s
[28.815s][info][gc,start       ] GC(48) Pause Full (System.gc())
[28.815s][info][gc,phases,start] GC(48) Phase 1: Mark live objects
[28.830s][info][gc,phases      ] GC(48) Phase 1: Mark live objects 14.028ms
[28.830s][info][gc,phases,start] GC(48) Phase 2: Compute new object addresses
[28.860s][info][gc,phases      ] GC(48) Phase 2: Compute new object addresses 30.836ms
[28.860s][info][gc,phases,start] GC(48) Phase 3: Adjust pointers
[28.864s][info][gc,phases      ] GC(48) Phase 3: Adjust pointers 3.531ms
[28.864s][info][gc,phases,start] GC(48) Phase 4: Move objects
[28.864s][info][gc,phases      ] GC(48) Phase 4: Move objects 0.015ms
[28.864s][info][gc,heap        ] GC(48) DefNew: 100131K(157248K)->0K(157248K) Eden: 98932K(139776K)->0K(139776K) From: 1199K(17472K)->0K(17472K)
[28.864s][info][gc,heap        ] GC(48) Tenured: 4069K(349568K)->4076K(349568K)
[28.864s][info][gc,metaspace   ] GC(48) Metaspace: 9856K(10240K)->9856K(10240K) NonClass: 8553K(8768K)->8553K(8768K) Class: 1303K(1472K)->1303K(1472K)
[28.864s][info][gc             ] GC(48) Pause Full (System.gc()) 101M->3M(494M) 48.854ms
[28.864s][info][gc,cpu         ] GC(48) User=0.05s Sys=0.00s Real=0.05s
[29.425s][info][gc,start       ] GC(49) Pause Young (Allocation Failure)
[29.429s][info][gc,heap        ] GC(49) DefNew: 139776K(157248K)->1232K(157248K) Eden: 139776K(139776K)->0K(139776K) From: 0K(17472K)->1232K(17472K)
[29.429s][info][gc,heap        ] GC(49) Tenured: 4076K(349568K)->4076K(349568K)
[29.429s][info][gc,metaspace   ] GC(49) Metaspace: 9858K(10240K)->9858K(10240K) NonClass: 8555K(8768K)->8555K(8768K) Class: 1303K(1472K)->1303K(1472K)
[29.429s][info][gc             ] GC(49) Pause Young (Allocation Failure) 140M->5M(494M) 4.413ms
[29.429s][info][gc,cpu         ] GC(49) User=0.02s Sys=0.00s Real=0.01s
[29.986s][info][gc,start       ] GC(50) Pause Young (Allocation Failure)
[29.990s][info][gc,heap        ] GC(50) DefNew: 141008K(157248K)->1197K(157248K) Eden: 139776K(139776K)->0K(139776K) From: 1232K(17472K)->1197K(17472K)
[29.990s][info][gc,heap        ] GC(50) Tenured: 4076K(349568K)->4076K(349568K)
[29.990s][info][gc,metaspace   ] GC(50) Metaspace: 9858K(10240K)->9858K(10240K) NonClass: 8555K(8768K)->8555K(8768K) Class: 1303K(1472K)->1303K(1472K)
[29.990s][info][gc             ] GC(50) Pause Young (Allocation Failure) 141M->5M(494M) 3.707ms
[29.990s][info][gc,cpu         ] GC(50) User=0.00s Sys=0.00s Real=0.00s
[30.547s][info][gc,start       ] GC(51) Pause Young (Allocation Failure)
[30.551s][info][gc,heap        ] GC(51) DefNew: 140973K(157248K)->1273K(157248K) Eden: 139776K(139776K)->0K(139776K) From: 1197K(17472K)->1273K(17472K)
[30.551s][info][gc,heap        ] GC(51) Tenured: 4076K(349568K)->4076K(349568K)
[30.551s][info][gc,metaspace   ] GC(51) Metaspace: 9858K(10240K)->9858K(10240K) NonClass: 8555K(8768K)->8555K(8768K) Class: 1303K(1472K)->1303K(1472K)
[30.551s][info][gc             ] GC(51) Pause Young (Allocation Failure) 141M->5M(494M) 3.950ms
[30.551s][info][gc,cpu         ] GC(51) User=0.02s Sys=0.00s Real=0.02s
[31.121s][info][gc,start       ] GC(52) Pause Young (Allocation Failure)
[31.125s][info][gc,heap        ] GC(52) DefNew: 141049K(157248K)->1155K(157248K) Eden: 139776K(139776K)->0K(139776K) From: 1273K(17472K)->1155K(17472K)
[31.125s][info][gc,heap        ] GC(52) Tenured: 4076K(349568K)->4076K(349568K)
[31.125s][info][gc,metaspace   ] GC(52) Metaspace: 9858K(10240K)->9858K(10240K) NonClass: 8555K(8768K)->8555K(8768K) Class: 1303K(1472K)->1303K(1472K)
[31.125s][info][gc             ] GC(52) Pause Young (Allocation Failure) 141M->5M(494M) 3.827ms
[31.125s][info][gc,cpu         ] GC(52) User=0.00s Sys=0.00s Real=0.00s
[31.704s][info][gc,start       ] GC(53) Pause Young (Allocation Failure)
[31.708s][info][gc,heap        ] GC(53) DefNew: 140931K(157248K)->1184K(157248K) Eden: 139776K(139776K)->0K(139776K) From: 1155K(17472K)->1184K(17472K)
[31.708s][info][gc,heap        ] GC(53) Tenured: 4076K(349568K)->4076K(349568K)
[31.708s][info][gc,metaspace   ] GC(53) Metaspace: 9858K(10240K)->9858K(10240K) NonClass: 8555K(8768K)->8555K(8768K) Class: 1303K(1472K)->1303K(1472K)
[31.708s][info][gc             ] GC(53) Pause Young (Allocation Failure) 141M->5M(494M) 3.905ms
[31.708s][info][gc,cpu         ] GC(53) User=0.02s Sys=0.00s Real=0.02s
[32.280s][info][gc,start       ] GC(54) Pause Young (Allocation Failure)
[32.283s][info][gc,heap        ] GC(54) DefNew: 140960K(157248K)->1168K(157248K) Eden: 139776K(139776K)->0K(139776K) From: 1184K(17472K)->1168K(17472K)
[32.283s][info][gc,heap        ] GC(54) Tenured: 4076K(349568K)->4076K(349568K)
[32.283s][info][gc,metaspace   ] GC(54) Metaspace: 9858K(10240K)->9858K(10240K) NonClass: 8555K(8768K)->8555K(8768K) Class: 1303K(1472K)->1303K(1472K)
[32.284s][info][gc             ] GC(54) Pause Young (Allocation Failure) 141M->5M(494M) 3.729ms
[32.284s][info][gc,cpu         ] GC(54) User=0.00s Sys=0.00s Real=0.00s
[32.857s][info][gc,start       ] GC(55) Pause Young (Allocation Failure)
[32.860s][info][gc,heap        ] GC(55) DefNew: 140944K(157248K)->1166K(157248K) Eden: 139776K(139776K)->0K(139776K) From: 1168K(17472K)->1166K(17472K)
[32.860s][info][gc,heap        ] GC(55) Tenured: 4076K(349568K)->4076K(349568K)
[32.860s][info][gc,metaspace   ] GC(55) Metaspace: 9858K(10240K)->9858K(10240K) NonClass: 8555K(8768K)->8555K(8768K) Class: 1303K(1472K)->1303K(1472K)
[32.860s][info][gc             ] GC(55) Pause Young (Allocation Failure) 141M->5M(494M) 3.638ms
[32.861s][info][gc,cpu         ] GC(55) User=0.00s Sys=0.00s Real=0.00s
[33.419s][info][gc,start       ] GC(56) Pause Young (Allocation Failure)
[33.422s][info][gc,heap        ] GC(56) DefNew: 140942K(157248K)->1150K(157248K) Eden: 139776K(139776K)->0K(139776K) From: 1166K(17472K)->1150K(17472K)
[33.422s][info][gc,heap        ] GC(56) Tenured: 4076K(349568K)->4076K(349568K)
[33.422s][info][gc,metaspace   ] GC(56) Metaspace: 9858K(10240K)->9858K(10240K) NonClass: 8555K(8768K)->8555K(8768K) Class: 1303K(1472K)->1303K(1472K)
[33.422s][info][gc             ] GC(56) Pause Young (Allocation Failure) 141M->5M(494M) 3.603ms
[33.422s][info][gc,cpu         ] GC(56) User=0.00s Sys=0.00s Real=0.00s
[33.983s][info][gc,start       ] GC(57) Pause Young (Allocation Failure)
[33.986s][info][gc,heap        ] GC(57) DefNew: 140926K(157248K)->1207K(157248K) Eden: 139776K(139776K)->0K(139776K) From: 1150K(17472K)->1207K(17472K)
[33.986s][info][gc,heap        ] GC(57) Tenured: 4076K(349568K)->4076K(349568K)
[33.986s][info][gc,metaspace   ] GC(57) Metaspace: 9858K(10240K)->9858K(10240K) NonClass: 8555K(8768K)->8555K(8768K) Class: 1303K(1472K)->1303K(1472K)
[33.986s][info][gc             ] GC(57) Pause Young (Allocation Failure) 141M->5M(494M) 3.768ms
[33.986s][info][gc,cpu         ] GC(57) User=0.02s Sys=0.00s Real=0.02s
[34.550s][info][gc,start       ] GC(58) Pause Young (Allocation Failure)
[34.554s][info][gc,heap        ] GC(58) DefNew: 140983K(157248K)->1062K(157248K) Eden: 139776K(139776K)->0K(139776K) From: 1207K(17472K)->1062K(17472K)
[34.554s][info][gc,heap        ] GC(58) Tenured: 4076K(349568K)->4076K(349568K)
[34.554s][info][gc,metaspace   ] GC(58) Metaspace: 9858K(10240K)->9858K(10240K) NonClass: 8555K(8768K)->8555K(8768K) Class: 1303K(1472K)->1303K(1472K)
[34.554s][info][gc             ] GC(58) Pause Young (Allocation Failure) 141M->5M(494M) 3.394ms
[34.554s][info][gc,cpu         ] GC(58) User=0.00s Sys=0.00s Real=0.00s
[35.121s][info][gc,start       ] GC(59) Pause Young (Allocation Failure)
[35.125s][info][gc,heap        ] GC(59) DefNew: 140838K(157248K)->1150K(157248K) Eden: 139776K(139776K)->0K(139776K) From: 1062K(17472K)->1150K(17472K)
[35.125s][info][gc,heap        ] GC(59) Tenured: 4076K(349568K)->4076K(349568K)
[35.125s][info][gc,metaspace   ] GC(59) Metaspace: 9858K(10240K)->9858K(10240K) NonClass: 8555K(8768K)->8555K(8768K) Class: 1303K(1472K)->1303K(1472K)
[35.125s][info][gc             ] GC(59) Pause Young (Allocation Failure) 141M->5M(494M) 3.663ms
[35.125s][info][gc,cpu         ] GC(59) User=0.02s Sys=0.00s Real=0.02s
[35.503s][info][gc,start       ] GC(60) Pause Full (System.gc())
[35.504s][info][gc,phases,start] GC(60) Phase 1: Mark live objects
[35.517s][info][gc,phases      ] GC(60) Phase 1: Mark live objects 13.131ms
[35.517s][info][gc,phases,start] GC(60) Phase 2: Compute new object addresses
[35.547s][info][gc,phases      ] GC(60) Phase 2: Compute new object addresses 30.159ms
[35.547s][info][gc,phases,start] GC(60) Phase 3: Adjust pointers
[35.551s][info][gc,phases      ] GC(60) Phase 3: Adjust pointers 3.582ms
[35.551s][info][gc,phases,start] GC(60) Phase 4: Move objects
[35.551s][info][gc,phases      ] GC(60) Phase 4: Move objects 0.013ms
[35.551s][info][gc,heap        ] GC(60) DefNew: 95298K(157248K)->0K(157248K) Eden: 94147K(139776K)->0K(139776K) From: 1150K(17472K)->0K(17472K)
[35.551s][info][gc,heap        ] GC(60) Tenured: 4076K(349568K)->4077K(349568K)
[35.551s][info][gc,metaspace   ] GC(60) Metaspace: 9858K(10240K)->9858K(10240K) NonClass: 8555K(8768K)->8555K(8768K) Class: 1303K(1472K)->1303K(1472K)
[35.551s][info][gc             ] GC(60) Pause Full (System.gc()) 97M->3M(494M) 47.299ms
[35.551s][info][gc,cpu         ] GC(60) User=0.05s Sys=0.00s Real=0.05s
[36.111s][info][gc,start       ] GC(61) Pause Young (Allocation Failure)
[36.115s][info][gc,heap        ] GC(61) DefNew: 139776K(157248K)->1271K(157248K) Eden: 139776K(139776K)->0K(139776K) From: 0K(17472K)->1271K(17472K)
[36.115s][info][gc,heap        ] GC(61) Tenured: 4077K(349568K)->4077K(349568K)
[36.115s][info][gc,metaspace   ] GC(61) Metaspace: 9859K(10240K)->9859K(10240K) NonClass: 8555K(8768K)->8555K(8768K) Class: 1303K(1472K)->1303K(1472K)
[36.115s][info][gc             ] GC(61) Pause Young (Allocation Failure) 140M->5M(494M) 4.427ms
[36.115s][info][gc,cpu         ] GC(61) User=0.00s Sys=0.00s Real=0.00s
[36.700s][info][gc,start       ] GC(62) Pause Young (Allocation Failure)
[36.704s][info][gc,heap        ] GC(62) DefNew: 141047K(157248K)->1141K(157248K) Eden: 139776K(139776K)->0K(139776K) From: 1271K(17472K)->1141K(17472K)
[36.704s][info][gc,heap        ] GC(62) Tenured: 4077K(349568K)->4077K(349568K)
[36.704s][info][gc,metaspace   ] GC(62) Metaspace: 9859K(10240K)->9859K(10240K) NonClass: 8555K(8768K)->8555K(8768K) Class: 1303K(1472K)->1303K(1472K)
[36.704s][info][gc             ] GC(62) Pause Young (Allocation Failure) 141M->5M(494M) 3.745ms
[36.704s][info][gc,cpu         ] GC(62) User=0.02s Sys=0.00s Real=0.02s
[37.272s][info][gc,start       ] GC(63) Pause Young (Allocation Failure)
[37.276s][info][gc,heap        ] GC(63) DefNew: 140917K(157248K)->1285K(157248K) Eden: 139776K(139776K)->0K(139776K) From: 1141K(17472K)->1285K(17472K)
[37.276s][info][gc,heap        ] GC(63) Tenured: 4077K(349568K)->4077K(349568K)
[37.276s][info][gc,metaspace   ] GC(63) Metaspace: 9859K(10240K)->9859K(10240K) NonClass: 8555K(8768K)->8555K(8768K) Class: 1303K(1472K)->1303K(1472K)
[37.276s][info][gc             ] GC(63) Pause Young (Allocation Failure) 141M->5M(494M) 4.192ms
[37.276s][info][gc,cpu         ] GC(63) User=0.00s Sys=0.00s Real=0.00s
[37.849s][info][gc,start       ] GC(64) Pause Young (Allocation Failure)
[37.853s][info][gc,heap        ] GC(64) DefNew: 141061K(157248K)->1220K(157248K) Eden: 139776K(139776K)->0K(139776K) From: 1285K(17472K)->1220K(17472K)
[37.853s][info][gc,heap        ] GC(64) Tenured: 4077K(349568K)->4077K(349568K)
[37.853s][info][gc,metaspace   ] GC(64) Metaspace: 9859K(10240K)->9859K(10240K) NonClass: 8555K(8768K)->8555K(8768K) Class: 1303K(1472K)->1303K(1472K)
[37.853s][info][gc             ] GC(64) Pause Young (Allocation Failure) 141M->5M(494M) 4.101ms
[37.853s][info][gc,cpu         ] GC(64) User=0.00s Sys=0.00s Real=0.00s
[38.424s][info][gc,start       ] GC(65) Pause Young (Allocation Failure)
[38.427s][info][gc,heap        ] GC(65) DefNew: 140996K(157248K)->1140K(157248K) Eden: 139776K(139776K)->0K(139776K) From: 1220K(17472K)->1140K(17472K)
[38.428s][info][gc,heap        ] GC(65) Tenured: 4077K(349568K)->4077K(349568K)
[38.428s][info][gc,metaspace   ] GC(65) Metaspace: 9859K(10240K)->9859K(10240K) NonClass: 8555K(8768K)->8555K(8768K) Class: 1303K(1472K)->1303K(1472K)
[38.428s][info][gc             ] GC(65) Pause Young (Allocation Failure) 141M->5M(494M) 3.645ms
[38.428s][info][gc,cpu         ] GC(65) User=0.02s Sys=0.00s Real=0.02s
[39.009s][info][gc,start       ] GC(66) Pause Young (Allocation Failure)
[39.013s][info][gc,heap        ] GC(66) DefNew: 140916K(157248K)->1289K(157248K) Eden: 139776K(139776K)->0K(139776K) From: 1140K(17472K)->1289K(17472K)
[39.013s][info][gc,heap        ] GC(66) Tenured: 4077K(349568K)->4077K(349568K)
[39.013s][info][gc,metaspace   ] GC(66) Metaspace: 9859K(10240K)->9859K(10240K) NonClass: 8555K(8768K)->8555K(8768K) Class: 1303K(1472K)->1303K(1472K)
[39.014s][info][gc             ] GC(66) Pause Young (Allocation Failure) 141M->5M(494M) 4.163ms
[39.014s][info][gc,cpu         ] GC(66) User=0.02s Sys=0.00s Real=0.01s
[39.573s][info][gc,start       ] GC(67) Pause Young (Allocation Failure)
[39.577s][info][gc,heap        ] GC(67) DefNew: 141065K(157248K)->1237K(157248K) Eden: 139776K(139776K)->0K(139776K) From: 1289K(17472K)->1237K(17472K)
[39.577s][info][gc,heap        ] GC(67) Tenured: 4077K(349568K)->4077K(349568K)
[39.577s][info][gc,metaspace   ] GC(67) Metaspace: 9859K(10240K)->9859K(10240K) NonClass: 8555K(8768K)->8555K(8768K) Class: 1303K(1472K)->1303K(1472K)
[39.577s][info][gc             ] GC(67) Pause Young (Allocation Failure) 141M->5M(494M) 3.959ms
[39.577s][info][gc,cpu         ] GC(67) User=0.00s Sys=0.00s Real=0.00s
[40.143s][info][gc,start       ] GC(68) Pause Young (Allocation Failure)
[40.146s][info][gc,heap        ] GC(68) DefNew: 141013K(157248K)->1159K(157248K) Eden: 139776K(139776K)->0K(139776K) From: 1237K(17472K)->1159K(17472K)
[40.146s][info][gc,heap        ] GC(68) Tenured: 4077K(349568K)->4077K(349568K)
[40.146s][info][gc,metaspace   ] GC(68) Metaspace: 9859K(10240K)->9859K(10240K) NonClass: 8555K(8768K)->8555K(8768K) Class: 1303K(1472K)->1303K(1472K)
[40.146s][info][gc             ] GC(68) Pause Young (Allocation Failure) 141M->5M(494M) 3.761ms
[40.146s][info][gc,cpu         ] GC(68) User=0.00s Sys=0.00s Real=0.00s
[40.722s][info][gc,start       ] GC(69) Pause Young (Allocation Failure)
[40.725s][info][gc,heap        ] GC(69) DefNew: 140935K(157248K)->1158K(157248K) Eden: 139776K(139776K)->0K(139776K) From: 1159K(17472K)->1158K(17472K)
[40.725s][info][gc,heap        ] GC(69) Tenured: 4077K(349568K)->4077K(349568K)
[40.725s][info][gc,metaspace   ] GC(69) Metaspace: 9859K(10240K)->9859K(10240K) NonClass: 8555K(8768K)->8555K(8768K) Class: 1303K(1472K)->1303K(1472K)
[40.725s][info][gc             ] GC(69) Pause Young (Allocation Failure) 141M->5M(494M) 3.594ms
[40.725s][info][gc,cpu         ] GC(69) User=0.00s Sys=0.00s Real=0.00s
[41.288s][info][gc,start       ] GC(70) Pause Young (Allocation Failure)
[41.292s][info][gc,heap        ] GC(70) DefNew: 140934K(157248K)->1170K(157248K) Eden: 139776K(139776K)->0K(139776K) From: 1158K(17472K)->1170K(17472K)
[41.292s][info][gc,heap        ] GC(70) Tenured: 4077K(349568K)->4077K(349568K)
[41.292s][info][gc,metaspace   ] GC(70) Metaspace: 9859K(10240K)->9859K(10240K) NonClass: 8555K(8768K)->8555K(8768K) Class: 1303K(1472K)->1303K(1472K)
[41.292s][info][gc             ] GC(70) Pause Young (Allocation Failure) 141M->5M(494M) 3.734ms
[41.292s][info][gc,cpu         ] GC(70) User=0.00s Sys=0.00s Real=0.00s
[41.851s][info][gc,start       ] GC(71) Pause Young (Allocation Failure)
[41.854s][info][gc,heap        ] GC(71) DefNew: 140946K(157248K)->1213K(157248K) Eden: 139776K(139776K)->0K(139776K) From: 1170K(17472K)->1213K(17472K)
[41.854s][info][gc,heap        ] GC(71) Tenured: 4077K(349568K)->4077K(349568K)
[41.854s][info][gc,metaspace   ] GC(71) Metaspace: 9859K(10240K)->9859K(10240K) NonClass: 8555K(8768K)->8555K(8768K) Class: 1303K(1472K)->1303K(1472K)
[41.855s][info][gc             ] GC(71) Pause Young (Allocation Failure) 141M->5M(494M) 3.937ms
[41.855s][info][gc,cpu         ] GC(71) User=0.00s Sys=0.00s Real=0.00s
[42.246s][info][gc,start       ] GC(72) Pause Full (System.gc())
[42.247s][info][gc,phases,start] GC(72) Phase 1: Mark live objects
[42.260s][info][gc,phases      ] GC(72) Phase 1: Mark live objects 13.147ms
[42.260s][info][gc,phases,start] GC(72) Phase 2: Compute new object addresses
[42.290s][info][gc,phases      ] GC(72) Phase 2: Compute new object addresses 30.638ms
[42.291s][info][gc,phases,start] GC(72) Phase 3: Adjust pointers
[42.294s][info][gc,phases      ] GC(72) Phase 3: Adjust pointers 3.528ms
[42.294s][info][gc,phases,start] GC(72) Phase 4: Move objects
[42.294s][info][gc,phases      ] GC(72) Phase 4: Move objects 0.012ms
[42.294s][info][gc,heap        ] GC(72) DefNew: 96809K(157248K)->0K(157248K) Eden: 95595K(139776K)->0K(139776K) From: 1213K(17472K)->0K(17472K)
[42.294s][info][gc,heap        ] GC(72) Tenured: 4077K(349568K)->4077K(349568K)
[42.294s][info][gc,metaspace   ] GC(72) Metaspace: 9860K(10240K)->9860K(10240K) NonClass: 8556K(8768K)->8556K(8768K) Class: 1303K(1472K)->1303K(1472K)
[42.294s][info][gc             ] GC(72) Pause Full (System.gc()) 98M->3M(494M) 47.756ms
[42.294s][info][gc,cpu         ] GC(72) User=0.05s Sys=0.00s Real=0.05s
[42.857s][info][gc,start       ] GC(73) Pause Young (Allocation Failure)
[42.862s][info][gc,heap        ] GC(73) DefNew: 139776K(157248K)->1195K(157248K) Eden: 139776K(139776K)->0K(139776K) From: 0K(17472K)->1195K(17472K)
[42.862s][info][gc,heap        ] GC(73) Tenured: 4077K(349568K)->4077K(349568K)
[42.862s][info][gc,metaspace   ] GC(73) Metaspace: 9860K(10240K)->9860K(10240K) NonClass: 8557K(8768K)->8557K(8768K) Class: 1303K(1472K)->1303K(1472K)
[42.862s][info][gc             ] GC(73) Pause Young (Allocation Failure) 140M->5M(494M) 4.243ms
[42.862s][info][gc,cpu         ] GC(73) User=0.00s Sys=0.00s Real=0.00s
[43.426s][info][gc,start       ] GC(74) Pause Young (Allocation Failure)
[43.430s][info][gc,heap        ] GC(74) DefNew: 140971K(157248K)->1251K(157248K) Eden: 139776K(139776K)->0K(139776K) From: 1195K(17472K)->1251K(17472K)
[43.430s][info][gc,heap        ] GC(74) Tenured: 4077K(349568K)->4077K(349568K)
[43.430s][info][gc,metaspace   ] GC(74) Metaspace: 9860K(10240K)->9860K(10240K) NonClass: 8557K(8768K)->8557K(8768K) Class: 1303K(1472K)->1303K(1472K)
[43.430s][info][gc             ] GC(74) Pause Young (Allocation Failure) 141M->5M(494M) 4.326ms
[43.430s][info][gc,cpu         ] GC(74) User=0.00s Sys=0.00s Real=0.00s
[43.980s][info][gc,start       ] GC(75) Pause Young (Allocation Failure)
[43.984s][info][gc,heap        ] GC(75) DefNew: 141027K(157248K)->1259K(157248K) Eden: 139776K(139776K)->0K(139776K) From: 1251K(17472K)->1259K(17472K)
[43.984s][info][gc,heap        ] GC(75) Tenured: 4077K(349568K)->4077K(349568K)
[43.984s][info][gc,metaspace   ] GC(75) Metaspace: 9860K(10240K)->9860K(10240K) NonClass: 8557K(8768K)->8557K(8768K) Class: 1303K(1472K)->1303K(1472K)
[43.984s][info][gc             ] GC(75) Pause Young (Allocation Failure) 141M->5M(494M) 4.160ms
[43.984s][info][gc,cpu         ] GC(75) User=0.00s Sys=0.00s Real=0.00s
[44.540s][info][gc,start       ] GC(76) Pause Young (Allocation Failure)
[44.544s][info][gc,heap        ] GC(76) DefNew: 141035K(157248K)->1246K(157248K) Eden: 139776K(139776K)->0K(139776K) From: 1259K(17472K)->1246K(17472K)
[44.544s][info][gc,heap        ] GC(76) Tenured: 4077K(349568K)->4077K(349568K)
[44.544s][info][gc,metaspace   ] GC(76) Metaspace: 9860K(10240K)->9860K(10240K) NonClass: 8557K(8768K)->8557K(8768K) Class: 1303K(1472K)->1303K(1472K)
[44.544s][info][gc             ] GC(76) Pause Young (Allocation Failure) 141M->5M(494M) 4.125ms
[44.544s][info][gc,cpu         ] GC(76) User=0.02s Sys=0.00s Real=0.02s
[45.122s][info][gc,start       ] GC(77) Pause Young (Allocation Failure)
[45.126s][info][gc,heap        ] GC(77) DefNew: 141022K(157248K)->1132K(157248K) Eden: 139776K(139776K)->0K(139776K) From: 1246K(17472K)->1132K(17472K)
[45.126s][info][gc,heap        ] GC(77) Tenured: 4077K(349568K)->4077K(349568K)
[45.126s][info][gc,metaspace   ] GC(77) Metaspace: 9860K(10240K)->9860K(10240K) NonClass: 8557K(8768K)->8557K(8768K) Class: 1303K(1472K)->1303K(1472K)
[45.126s][info][gc             ] GC(77) Pause Young (Allocation Failure) 141M->5M(494M) 3.561ms
[45.126s][info][gc,cpu         ] GC(77) User=0.00s Sys=0.00s Real=0.00s
[45.701s][info][gc,start       ] GC(78) Pause Young (Allocation Failure)
[45.704s][info][gc,heap        ] GC(78) DefNew: 140908K(157248K)->1180K(157248K) Eden: 139776K(139776K)->0K(139776K) From: 1132K(17472K)->1180K(17472K)
[45.704s][info][gc,heap        ] GC(78) Tenured: 4077K(349568K)->4077K(349568K)
[45.704s][info][gc,metaspace   ] GC(78) Metaspace: 9860K(10240K)->9860K(10240K) NonClass: 8557K(8768K)->8557K(8768K) Class: 1303K(1472K)->1303K(1472K)
[45.705s][info][gc             ] GC(78) Pause Young (Allocation Failure) 141M->5M(494M) 3.674ms
[45.705s][info][gc,cpu         ] GC(78) User=0.00s Sys=0.00s Real=0.00s
[46.288s][info][gc,start       ] GC(79) Pause Young (Allocation Failure)
[46.292s][info][gc,heap        ] GC(79) DefNew: 140956K(157248K)->1253K(157248K) Eden: 139776K(139776K)->0K(139776K) From: 1180K(17472K)->1253K(17472K)
[46.292s][info][gc,heap        ] GC(79) Tenured: 4077K(349568K)->4077K(349568K)
[46.292s][info][gc,metaspace   ] GC(79) Metaspace: 9860K(10240K)->9860K(10240K) NonClass: 8557K(8768K)->8557K(8768K) Class: 1303K(1472K)->1303K(1472K)
[46.292s][info][gc             ] GC(79) Pause Young (Allocation Failure) 141M->5M(494M) 3.903ms
[46.292s][info][gc,cpu         ] GC(79) User=0.00s Sys=0.00s Real=0.00s
[46.849s][info][gc,start       ] GC(80) Pause Young (Allocation Failure)
[46.852s][info][gc,heap        ] GC(80) DefNew: 141029K(157248K)->1218K(157248K) Eden: 139776K(139776K)->0K(139776K) From: 1253K(17472K)->1218K(17472K)
[46.853s][info][gc,heap        ] GC(80) Tenured: 4077K(349568K)->4077K(349568K)
[46.853s][info][gc,metaspace   ] GC(80) Metaspace: 9860K(10240K)->9860K(10240K) NonClass: 8557K(8768K)->8557K(8768K) Class: 1303K(1472K)->1303K(1472K)
[46.853s][info][gc             ] GC(80) Pause Young (Allocation Failure) 141M->5M(494M) 3.926ms
[46.853s][info][gc,cpu         ] GC(80) User=0.00s Sys=0.00s Real=0.00s
[47.421s][info][gc,start       ] GC(81) Pause Young (Allocation Failure)
[47.425s][info][gc,heap        ] GC(81) DefNew: 140994K(157248K)->1295K(157248K) Eden: 139776K(139776K)->0K(139776K) From: 1218K(17472K)->1295K(17472K)
[47.425s][info][gc,heap        ] GC(81) Tenured: 4077K(349568K)->4077K(349568K)
[47.425s][info][gc,metaspace   ] GC(81) Metaspace: 9860K(10240K)->9860K(10240K) NonClass: 8557K(8768K)->8557K(8768K) Class: 1303K(1472K)->1303K(1472K)
[47.425s][info][gc             ] GC(81) Pause Young (Allocation Failure) 141M->5M(494M) 4.151ms
[47.425s][info][gc,cpu         ] GC(81) User=0.02s Sys=0.00s Real=0.02s
[47.992s][info][gc,start       ] GC(82) Pause Young (Allocation Failure)
[47.996s][info][gc,heap        ] GC(82) DefNew: 141071K(157248K)->1275K(157248K) Eden: 139776K(139776K)->0K(139776K) From: 1295K(17472K)->1275K(17472K)
[47.996s][info][gc,heap        ] GC(82) Tenured: 4077K(349568K)->4077K(349568K)
[47.996s][info][gc,metaspace   ] GC(82) Metaspace: 9860K(10240K)->9860K(10240K) NonClass: 8557K(8768K)->8557K(8768K) Class: 1303K(1472K)->1303K(1472K)
[47.996s][info][gc             ] GC(82) Pause Young (Allocation Failure) 141M->5M(494M) 3.883ms
[47.996s][info][gc,cpu         ] GC(82) User=0.00s Sys=0.00s Real=0.00s
[48.569s][info][gc,start       ] GC(83) Pause Young (Allocation Failure)
[48.572s][info][gc,heap        ] GC(83) DefNew: 141051K(157248K)->1214K(157248K) Eden: 139776K(139776K)->0K(139776K) From: 1275K(17472K)->1214K(17472K)
[48.572s][info][gc,heap        ] GC(83) Tenured: 4077K(349568K)->4077K(349568K)
[48.572s][info][gc,metaspace   ] GC(83) Metaspace: 9860K(10240K)->9860K(10240K) NonClass: 8557K(8768K)->8557K(8768K) Class: 1303K(1472K)->1303K(1472K)
[48.572s][info][gc             ] GC(83) Pause Young (Allocation Failure) 141M->5M(494M) 3.774ms
[48.572s][info][gc,cpu         ] GC(83) User=0.00s Sys=0.00s Real=0.00s
[48.925s][info][gc,start       ] GC(84) Pause Full (System.gc())
[48.925s][info][gc,phases,start] GC(84) Phase 1: Mark live objects
[48.939s][info][gc,phases      ] GC(84) Phase 1: Mark live objects 13.716ms
[48.939s][info][gc,phases,start] GC(84) Phase 2: Compute new object addresses
[48.967s][info][gc,phases      ] GC(84) Phase 2: Compute new object addresses 28.463ms
[48.967s][info][gc,phases,start] GC(84) Phase 3: Adjust pointers
[48.971s][info][gc,phases      ] GC(84) Phase 3: Adjust pointers 3.539ms
[48.971s][info][gc,phases,start] GC(84) Phase 4: Move objects
[48.971s][info][gc,phases      ] GC(84) Phase 4: Move objects 0.091ms
[48.971s][info][gc,heap        ] GC(84) DefNew: 91562K(157248K)->0K(157248K) Eden: 90348K(139776K)->0K(139776K) From: 1214K(17472K)->0K(17472K)
[48.971s][info][gc,heap        ] GC(84) Tenured: 4077K(349568K)->4075K(349568K)
[48.971s][info][gc,metaspace   ] GC(84) Metaspace: 9862K(10240K)->9862K(10240K) NonClass: 8558K(8768K)->8558K(8768K) Class: 1303K(1472K)->1303K(1472K)
[48.971s][info][gc             ] GC(84) Pause Full (System.gc()) 93M->3M(494M) 46.256ms
[48.971s][info][gc,cpu         ] GC(84) User=0.05s Sys=0.00s Real=0.05s
[49.545s][info][gc,start       ] GC(85) Pause Young (Allocation Failure)
[49.550s][info][gc,heap        ] GC(85) DefNew: 139775K(157248K)->1249K(157248K) Eden: 139775K(139776K)->0K(139776K) From: 0K(17472K)->1249K(17472K)
[49.550s][info][gc,heap        ] GC(85) Tenured: 4075K(349568K)->4075K(349568K)
[49.550s][info][gc,metaspace   ] GC(85) Metaspace: 9862K(10240K)->9862K(10240K) NonClass: 8559K(8768K)->8559K(8768K) Class: 1303K(1472K)->1303K(1472K)
[49.550s][info][gc             ] GC(85) Pause Young (Allocation Failure) 140M->5M(494M) 4.382ms
[49.550s][info][gc,cpu         ] GC(85) User=0.02s Sys=0.00s Real=0.02s
[50.122s][info][gc,start       ] GC(86) Pause Young (Allocation Failure)
[50.126s][info][gc,heap        ] GC(86) DefNew: 141025K(157248K)->1265K(157248K) Eden: 139776K(139776K)->0K(139776K) From: 1249K(17472K)->1265K(17472K)
[50.126s][info][gc,heap        ] GC(86) Tenured: 4075K(349568K)->4075K(349568K)
[50.126s][info][gc,metaspace   ] GC(86) Metaspace: 9862K(10240K)->9862K(10240K) NonClass: 8559K(8768K)->8559K(8768K) Class: 1303K(1472K)->1303K(1472K)
[50.126s][info][gc             ] GC(86) Pause Young (Allocation Failure) 141M->5M(494M) 4.295ms
[50.126s][info][gc,cpu         ] GC(86) User=0.02s Sys=0.00s Real=0.02s
[50.699s][info][gc,start       ] GC(87) Pause Young (Allocation Failure)
[50.703s][info][gc,heap        ] GC(87) DefNew: 141041K(157248K)->1327K(157248K) Eden: 139776K(139776K)->0K(139776K) From: 1265K(17472K)->1327K(17472K)
[50.703s][info][gc,heap        ] GC(87) Tenured: 4075K(349568K)->4075K(349568K)
[50.703s][info][gc,metaspace   ] GC(87) Metaspace: 9862K(10240K)->9862K(10240K) NonClass: 8559K(8768K)->8559K(8768K) Class: 1303K(1472K)->1303K(1472K)
[50.703s][info][gc             ] GC(87) Pause Young (Allocation Failure) 141M->5M(494M) 4.223ms
[50.703s][info][gc,cpu         ] GC(87) User=0.00s Sys=0.00s Real=0.00s
[51.275s][info][gc,start       ] GC(88) Pause Young (Allocation Failure)
[51.279s][info][gc,heap        ] GC(88) DefNew: 141103K(157248K)->1339K(157248K) Eden: 139776K(139776K)->0K(139776K) From: 1327K(17472K)->1339K(17472K)
[51.279s][info][gc,heap        ] GC(88) Tenured: 4075K(349568K)->4075K(349568K)
[51.279s][info][gc,metaspace   ] GC(88) Metaspace: 9862K(10240K)->9862K(10240K) NonClass: 8559K(8768K)->8559K(8768K) Class: 1303K(1472K)->1303K(1472K)
[51.280s][info][gc             ] GC(88) Pause Young (Allocation Failure) 141M->5M(494M) 4.557ms
[51.280s][info][gc,cpu         ] GC(88) User=0.00s Sys=0.00s Real=0.00s
[51.847s][info][gc,start       ] GC(89) Pause Young (Allocation Failure)
[51.851s][info][gc,heap        ] GC(89) DefNew: 141115K(157248K)->1184K(157248K) Eden: 139776K(139776K)->0K(139776K) From: 1339K(17472K)->1184K(17472K)
[51.851s][info][gc,heap        ] GC(89) Tenured: 4075K(349568K)->4075K(349568K)
[51.851s][info][gc,metaspace   ] GC(89) Metaspace: 9862K(10240K)->9862K(10240K) NonClass: 8559K(8768K)->8559K(8768K) Class: 1303K(1472K)->1303K(1472K)
[51.851s][info][gc             ] GC(89) Pause Young (Allocation Failure) 141M->5M(494M) 3.767ms
[51.851s][info][gc,cpu         ] GC(89) User=0.00s Sys=0.00s Real=0.00s
[52.415s][info][gc,start       ] GC(90) Pause Young (Allocation Failure)
[52.418s][info][gc,heap        ] GC(90) DefNew: 140960K(157248K)->1207K(157248K) Eden: 139776K(139776K)->0K(139776K) From: 1184K(17472K)->1207K(17472K)
[52.419s][info][gc,heap        ] GC(90) Tenured: 4075K(349568K)->4075K(349568K)
[52.419s][info][gc,metaspace   ] GC(90) Metaspace: 9862K(10240K)->9862K(10240K) NonClass: 8559K(8768K)->8559K(8768K) Class: 1303K(1472K)->1303K(1472K)
[52.419s][info][gc             ] GC(90) Pause Young (Allocation Failure) 141M->5M(494M) 3.803ms
[52.419s][info][gc,cpu         ] GC(90) User=0.00s Sys=0.00s Real=0.00s
[52.990s][info][gc,start       ] GC(91) Pause Young (Allocation Failure)
[52.994s][info][gc,heap        ] GC(91) DefNew: 140983K(157248K)->1270K(157248K) Eden: 139776K(139776K)->0K(139776K) From: 1207K(17472K)->1270K(17472K)
[52.994s][info][gc,heap        ] GC(91) Tenured: 4075K(349568K)->4075K(349568K)
[52.994s][info][gc,metaspace   ] GC(91) Metaspace: 9862K(10240K)->9862K(10240K) NonClass: 8559K(8768K)->8559K(8768K) Class: 1303K(1472K)->1303K(1472K)
[52.994s][info][gc             ] GC(91) Pause Young (Allocation Failure) 141M->5M(494M) 3.978ms
[52.994s][info][gc,cpu         ] GC(91) User=0.00s Sys=0.00s Real=0.00s
[53.558s][info][gc,start       ] GC(92) Pause Young (Allocation Failure)
[53.562s][info][gc,heap        ] GC(92) DefNew: 141046K(157248K)->1188K(157248K) Eden: 139776K(139776K)->0K(139776K) From: 1270K(17472K)->1188K(17472K)
[53.562s][info][gc,heap        ] GC(92) Tenured: 4075K(349568K)->4075K(349568K)
[53.562s][info][gc,metaspace   ] GC(92) Metaspace: 9862K(10240K)->9862K(10240K) NonClass: 8559K(8768K)->8559K(8768K) Class: 1303K(1472K)->1303K(1472K)
[53.562s][info][gc             ] GC(92) Pause Young (Allocation Failure) 141M->5M(494M) 3.859ms
[53.562s][info][gc,cpu         ] GC(92) User=0.00s Sys=0.00s Real=0.00s
[54.120s][info][gc,start       ] GC(93) Pause Young (Allocation Failure)
[54.124s][info][gc,heap        ] GC(93) DefNew: 140964K(157248K)->1262K(157248K) Eden: 139776K(139776K)->0K(139776K) From: 1188K(17472K)->1262K(17472K)
[54.124s][info][gc,heap        ] GC(93) Tenured: 4075K(349568K)->4075K(349568K)
[54.124s][info][gc,metaspace   ] GC(93) Metaspace: 9862K(10240K)->9862K(10240K) NonClass: 8559K(8768K)->8559K(8768K) Class: 1303K(1472K)->1303K(1472K)
[54.124s][info][gc             ] GC(93) Pause Young (Allocation Failure) 141M->5M(494M) 3.889ms
[54.124s][info][gc,cpu         ] GC(93) User=0.00s Sys=0.00s Real=0.00s
[54.685s][info][gc,start       ] GC(94) Pause Young (Allocation Failure)
[54.688s][info][gc,heap        ] GC(94) DefNew: 141038K(157248K)->1123K(157248K) Eden: 139776K(139776K)->0K(139776K) From: 1262K(17472K)->1123K(17472K)
[54.688s][info][gc,heap        ] GC(94) Tenured: 4075K(349568K)->4075K(349568K)
[54.688s][info][gc,metaspace   ] GC(94) Metaspace: 9862K(10240K)->9862K(10240K) NonClass: 8559K(8768K)->8559K(8768K) Class: 1303K(1472K)->1303K(1472K)
[54.689s][info][gc             ] GC(94) Pause Young (Allocation Failure) 141M->5M(494M) 3.689ms
[54.689s][info][gc,cpu         ] GC(94) User=0.02s Sys=0.00s Real=0.02s
[55.251s][info][gc,start       ] GC(95) Pause Young (Allocation Failure)
[55.255s][info][gc,heap        ] GC(95) DefNew: 140899K(157248K)->1299K(157248K) Eden: 139776K(139776K)->0K(139776K) From: 1123K(17472K)->1299K(17472K)
[55.255s][info][gc,heap        ] GC(95) Tenured: 4075K(349568K)->4075K(349568K)
[55.255s][info][gc,metaspace   ] GC(95) Metaspace: 9862K(10240K)->9862K(10240K) NonClass: 8559K(8768K)->8559K(8768K) Class: 1303K(1472K)->1303K(1472K)
[55.255s][info][gc             ] GC(95) Pause Young (Allocation Failure) 141M->5M(494M) 4.218ms
[55.255s][info][gc,cpu         ] GC(95) User=0.00s Sys=0.00s Real=0.00s
[55.644s][info][gc,start       ] GC(96) Pause Full (System.gc())
[55.644s][info][gc,phases,start] GC(96) Phase 1: Mark live objects
[55.658s][info][gc,phases      ] GC(96) Phase 1: Mark live objects 14.267ms
[55.658s][info][gc,phases,start] GC(96) Phase 2: Compute new object addresses
[55.690s][info][gc,phases      ] GC(96) Phase 2: Compute new object addresses 31.250ms
[55.690s][info][gc,phases,start] GC(96) Phase 3: Adjust pointers
[55.693s][info][gc,phases      ] GC(96) Phase 3: Adjust pointers 3.788ms
[55.694s][info][gc,phases,start] GC(96) Phase 4: Move objects
[55.694s][info][gc,phases      ] GC(96) Phase 4: Move objects 0.012ms
[55.694s][info][gc,heap        ] GC(96) DefNew: 98656K(157248K)->0K(157248K) Eden: 97356K(139776K)->0K(139776K) From: 1299K(17472K)->0K(17472K)
[55.694s][info][gc,heap        ] GC(96) Tenured: 4075K(349568K)->4075K(349568K)
[55.694s][info][gc,metaspace   ] GC(96) Metaspace: 9863K(10240K)->9863K(10240K) NonClass: 8559K(8768K)->8559K(8768K) Class: 1303K(1472K)->1303K(1472K)
[55.694s][info][gc             ] GC(96) Pause Full (System.gc()) 100M->3M(494M) 49.788ms
[55.694s][info][gc,cpu         ] GC(96) User=0.06s Sys=0.00s Real=0.06s
[56.244s][info][gc,start       ] GC(97) Pause Young (Allocation Failure)
[56.248s][info][gc,heap        ] GC(97) DefNew: 139776K(157248K)->1265K(157248K) Eden: 139776K(139776K)->0K(139776K) From: 0K(17472K)->1265K(17472K)
[56.248s][info][gc,heap        ] GC(97) Tenured: 4075K(349568K)->4075K(349568K)
[56.248s][info][gc,metaspace   ] GC(97) Metaspace: 9866K(10240K)->9866K(10240K) NonClass: 8562K(8768K)->8562K(8768K) Class: 1303K(1472K)->1303K(1472K)
[56.248s][info][gc             ] GC(97) Pause Young (Allocation Failure) 140M->5M(494M) 4.388ms
[56.248s][info][gc,cpu         ] GC(97) User=0.02s Sys=0.00s Real=0.02s
[56.803s][info][gc,start       ] GC(98) Pause Young (Allocation Failure)
[56.807s][info][gc,heap        ] GC(98) DefNew: 141041K(157248K)->1351K(157248K) Eden: 139776K(139776K)->0K(139776K) From: 1265K(17472K)->1351K(17472K)
[56.807s][info][gc,heap        ] GC(98) Tenured: 4075K(349568K)->4075K(349568K)
[56.807s][info][gc,metaspace   ] GC(98) Metaspace: 9866K(10240K)->9866K(10240K) NonClass: 8562K(8768K)->8562K(8768K) Class: 1303K(1472K)->1303K(1472K)
[56.807s][info][gc             ] GC(98) Pause Young (Allocation Failure) 141M->5M(494M) 4.295ms
[56.807s][info][gc,cpu         ] GC(98) User=0.00s Sys=0.00s Real=0.00s
[57.373s][info][gc,start       ] GC(99) Pause Young (Allocation Failure)
[57.377s][info][gc,heap        ] GC(99) DefNew: 141127K(157248K)->1266K(157248K) Eden: 139776K(139776K)->0K(139776K) From: 1351K(17472K)->1266K(17472K)
[57.377s][info][gc,heap        ] GC(99) Tenured: 4075K(349568K)->4075K(349568K)
[57.377s][info][gc,metaspace   ] GC(99) Metaspace: 9866K(10240K)->9866K(10240K) NonClass: 8562K(8768K)->8562K(8768K) Class: 1303K(1472K)->1303K(1472K)
[57.377s][info][gc             ] GC(99) Pause Young (Allocation Failure) 141M->5M(494M) 4.075ms
[57.378s][info][gc,cpu         ] GC(99) User=0.00s Sys=0.00s Real=0.00s
[57.941s][info][gc,start       ] GC(100) Pause Young (Allocation Failure)
[57.945s][info][gc,heap        ] GC(100) DefNew: 141042K(157248K)->1173K(157248K) Eden: 139776K(139776K)->0K(139776K) From: 1266K(17472K)->1173K(17472K)
[57.945s][info][gc,heap        ] GC(100) Tenured: 4075K(349568K)->4075K(349568K)
[57.945s][info][gc,metaspace   ] GC(100) Metaspace: 9866K(10240K)->9866K(10240K) NonClass: 8562K(8768K)->8562K(8768K) Class: 1303K(1472K)->1303K(1472K)
[57.945s][info][gc             ] GC(100) Pause Young (Allocation Failure) 141M->5M(494M) 3.970ms
[57.945s][info][gc,cpu         ] GC(100) User=0.00s Sys=0.00s Real=0.00s
[58.490s][info][gc,start       ] GC(101) Pause Young (Allocation Failure)
[58.494s][info][gc,heap        ] GC(101) DefNew: 140949K(157248K)->1246K(157248K) Eden: 139776K(139776K)->0K(139776K) From: 1173K(17472K)->1246K(17472K)
[58.494s][info][gc,heap        ] GC(101) Tenured: 4075K(349568K)->4075K(349568K)
[58.494s][info][gc,metaspace   ] GC(101) Metaspace: 9866K(10240K)->9866K(10240K) NonClass: 8562K(8768K)->8562K(8768K) Class: 1303K(1472K)->1303K(1472K)
[58.494s][info][gc             ] GC(101) Pause Young (Allocation Failure) 141M->5M(494M) 3.900ms
[58.494s][info][gc,cpu         ] GC(101) User=0.00s Sys=0.00s Real=0.00s
[59.033s][info][gc,start       ] GC(102) Pause Young (Allocation Failure)
[59.037s][info][gc,heap        ] GC(102) DefNew: 141022K(157248K)->1240K(157248K) Eden: 139776K(139776K)->0K(139776K) From: 1246K(17472K)->1240K(17472K)
[59.037s][info][gc,heap        ] GC(102) Tenured: 4075K(349568K)->4075K(349568K)
[59.037s][info][gc,metaspace   ] GC(102) Metaspace: 9866K(10240K)->9866K(10240K) NonClass: 8562K(8768K)->8562K(8768K) Class: 1303K(1472K)->1303K(1472K)
[59.038s][info][gc             ] GC(102) Pause Young (Allocation Failure) 141M->5M(494M) 4.250ms
[59.038s][info][gc,cpu         ] GC(102) User=0.00s Sys=0.00s Real=0.00s
[59.606s][info][gc,start       ] GC(103) Pause Young (Allocation Failure)
[59.610s][info][gc,heap        ] GC(103) DefNew: 141016K(157248K)->1203K(157248K) Eden: 139776K(139776K)->0K(139776K) From: 1240K(17472K)->1203K(17472K)
[59.610s][info][gc,heap        ] GC(103) Tenured: 4075K(349568K)->4075K(349568K)
[59.610s][info][gc,metaspace   ] GC(103) Metaspace: 9866K(10240K)->9866K(10240K) NonClass: 8562K(8768K)->8562K(8768K) Class: 1303K(1472K)->1303K(1472K)
[59.610s][info][gc             ] GC(103) Pause Young (Allocation Failure) 141M->5M(494M) 3.773ms
[59.610s][info][gc,cpu         ] GC(103) User=0.00s Sys=0.00s Real=0.00s
[60.187s][info][gc,start       ] GC(104) Pause Young (Allocation Failure)
[60.191s][info][gc,heap        ] GC(104) DefNew: 140979K(157248K)->1191K(157248K) Eden: 139776K(139776K)->0K(139776K) From: 1203K(17472K)->1191K(17472K)
[60.191s][info][gc,heap        ] GC(104) Tenured: 4075K(349568K)->4075K(349568K)
[60.191s][info][gc,metaspace   ] GC(104) Metaspace: 9866K(10240K)->9866K(10240K) NonClass: 8562K(8768K)->8562K(8768K) Class: 1303K(1472K)->1303K(1472K)
[60.191s][info][gc             ] GC(104) Pause Young (Allocation Failure) 141M->5M(494M) 3.714ms
[60.191s][info][gc,cpu         ] GC(104) User=0.00s Sys=0.00s Real=0.00s
[60.756s][info][gc,start       ] GC(105) Pause Young (Allocation Failure)
[60.760s][info][gc,heap        ] GC(105) DefNew: 140967K(157248K)->1243K(157248K) Eden: 139776K(139776K)->0K(139776K) From: 1191K(17472K)->1243K(17472K)
[60.760s][info][gc,heap        ] GC(105) Tenured: 4075K(349568K)->4075K(349568K)
[60.760s][info][gc,metaspace   ] GC(105) Metaspace: 9866K(10240K)->9866K(10240K) NonClass: 8562K(8768K)->8562K(8768K) Class: 1303K(1472K)->1303K(1472K)
[60.760s][info][gc             ] GC(105) Pause Young (Allocation Failure) 141M->5M(494M) 3.877ms
[60.760s][info][gc,cpu         ] GC(105) User=0.00s Sys=0.00s Real=0.00s
[61.322s][info][gc,start       ] GC(106) Pause Young (Allocation Failure)
[61.325s][info][gc,heap        ] GC(106) DefNew: 141019K(157248K)->1219K(157248K) Eden: 139776K(139776K)->0K(139776K) From: 1243K(17472K)->1219K(17472K)
[61.325s][info][gc,heap        ] GC(106) Tenured: 4075K(349568K)->4075K(349568K)
[61.325s][info][gc,metaspace   ] GC(106) Metaspace: 9866K(10240K)->9866K(10240K) NonClass: 8562K(8768K)->8562K(8768K) Class: 1303K(1472K)->1303K(1472K)
[61.326s][info][gc             ] GC(106) Pause Young (Allocation Failure) 141M->5M(494M) 3.919ms
[61.326s][info][gc,cpu         ] GC(106) User=0.02s Sys=0.00s Real=0.02s
[61.882s][info][gc,start       ] GC(107) Pause Young (Allocation Failure)
[61.886s][info][gc,heap        ] GC(107) DefNew: 140995K(157248K)->1184K(157248K) Eden: 139776K(139776K)->0K(139776K) From: 1219K(17472K)->1184K(17472K)
[61.886s][info][gc,heap        ] GC(107) Tenured: 4075K(349568K)->4075K(349568K)
[61.886s][info][gc,metaspace   ] GC(107) Metaspace: 9866K(10240K)->9866K(10240K) NonClass: 8562K(8768K)->8562K(8768K) Class: 1303K(1472K)->1303K(1472K)
[61.886s][info][gc             ] GC(107) Pause Young (Allocation Failure) 141M->5M(494M) 3.844ms
[61.886s][info][gc,cpu         ] GC(107) User=0.00s Sys=0.00s Real=0.00s
[62.273s][info][gc,start       ] GC(108) Pause Full (System.gc())
[62.273s][info][gc,phases,start] GC(108) Phase 1: Mark live objects
[62.286s][info][gc,phases      ] GC(108) Phase 1: Mark live objects 13.072ms
[62.287s][info][gc,phases,start] GC(108) Phase 2: Compute new object addresses
[62.316s][info][gc,phases      ] GC(108) Phase 2: Compute new object addresses 29.944ms
[62.317s][info][gc,phases,start] GC(108) Phase 3: Adjust pointers
[62.320s][info][gc,phases      ] GC(108) Phase 3: Adjust pointers 3.572ms
[62.320s][info][gc,phases,start] GC(108) Phase 4: Move objects
[62.320s][info][gc,phases      ] GC(108) Phase 4: Move objects 0.012ms
[62.320s][info][gc,heap        ] GC(108) DefNew: 93705K(157248K)->0K(157248K) Eden: 92521K(139776K)->0K(139776K) From: 1184K(17472K)->0K(17472K)
[62.320s][info][gc,heap        ] GC(108) Tenured: 4075K(349568K)->4075K(349568K)
[62.320s][info][gc,metaspace   ] GC(108) Metaspace: 9866K(10240K)->9866K(10240K) NonClass: 8562K(8768K)->8562K(8768K) Class: 1303K(1472K)->1303K(1472K)
[62.320s][info][gc             ] GC(108) Pause Full (System.gc()) 95M->3M(494M) 47.034ms
[62.320s][info][gc,cpu         ] GC(108) User=0.05s Sys=0.00s Real=0.05s
[62.890s][info][gc,start       ] GC(109) Pause Young (Allocation Failure)
[62.894s][info][gc,heap        ] GC(109) DefNew: 139776K(157248K)->1126K(157248K) Eden: 139776K(139776K)->0K(139776K) From: 0K(17472K)->1126K(17472K)
[62.894s][info][gc,heap        ] GC(109) Tenured: 4075K(349568K)->4075K(349568K)
[62.894s][info][gc,metaspace   ] GC(109) Metaspace: 9866K(10240K)->9866K(10240K) NonClass: 8562K(8768K)->8562K(8768K) Class: 1303K(1472K)->1303K(1472K)
[62.894s][info][gc             ] GC(109) Pause Young (Allocation Failure) 140M->5M(494M) 4.131ms
[62.894s][info][gc,cpu         ] GC(109) User=0.02s Sys=0.00s Real=0.01s
[63.464s][info][gc,start       ] GC(110) Pause Young (Allocation Failure)
[63.468s][info][gc,heap        ] GC(110) DefNew: 140902K(157248K)->1211K(157248K) Eden: 139776K(139776K)->0K(139776K) From: 1126K(17472K)->1211K(17472K)
[63.468s][info][gc,heap        ] GC(110) Tenured: 4075K(349568K)->4075K(349568K)
[63.468s][info][gc,metaspace   ] GC(110) Metaspace: 9866K(10240K)->9866K(10240K) NonClass: 8562K(8768K)->8562K(8768K) Class: 1303K(1472K)->1303K(1472K)
[63.468s][info][gc             ] GC(110) Pause Young (Allocation Failure) 141M->5M(494M) 3.802ms
[63.468s][info][gc,cpu         ] GC(110) User=0.00s Sys=0.00s Real=0.00s
[64.032s][info][gc,start       ] GC(111) Pause Young (Allocation Failure)
[64.036s][info][gc,heap        ] GC(111) DefNew: 140987K(157248K)->1178K(157248K) Eden: 139776K(139776K)->0K(139776K) From: 1211K(17472K)->1178K(17472K)
[64.036s][info][gc,heap        ] GC(111) Tenured: 4075K(349568K)->4075K(349568K)
[64.036s][info][gc,metaspace   ] GC(111) Metaspace: 9866K(10240K)->9866K(10240K) NonClass: 8562K(8768K)->8562K(8768K) Class: 1303K(1472K)->1303K(1472K)
[64.036s][info][gc             ] GC(111) Pause Young (Allocation Failure) 141M->5M(494M) 4.000ms
[64.036s][info][gc,cpu         ] GC(111) User=0.00s Sys=0.00s Real=0.00s
[64.608s][info][gc,start       ] GC(112) Pause Young (Allocation Failure)
[64.611s][info][gc,heap        ] GC(112) DefNew: 140954K(157248K)->1186K(157248K) Eden: 139776K(139776K)->0K(139776K) From: 1178K(17472K)->1186K(17472K)
[64.611s][info][gc,heap        ] GC(112) Tenured: 4075K(349568K)->4075K(349568K)
[64.611s][info][gc,metaspace   ] GC(112) Metaspace: 9866K(10240K)->9866K(10240K) NonClass: 8562K(8768K)->8562K(8768K) Class: 1303K(1472K)->1303K(1472K)
[64.612s][info][gc             ] GC(112) Pause Young (Allocation Failure) 141M->5M(494M) 3.930ms
[64.612s][info][gc,cpu         ] GC(112) User=0.02s Sys=0.00s Real=0.00s
[65.185s][info][gc,start       ] GC(113) Pause Young (Allocation Failure)
[65.188s][info][gc,heap        ] GC(113) DefNew: 140962K(157248K)->1127K(157248K) Eden: 139776K(139776K)->0K(139776K) From: 1186K(17472K)->1127K(17472K)
[65.188s][info][gc,heap        ] GC(113) Tenured: 4075K(349568K)->4075K(349568K)
[65.188s][info][gc,metaspace   ] GC(113) Metaspace: 9866K(10240K)->9866K(10240K) NonClass: 8562K(8768K)->8562K(8768K) Class: 1303K(1472K)->1303K(1472K)
[65.188s][info][gc             ] GC(113) Pause Young (Allocation Failure) 141M->5M(494M) 3.744ms
[65.188s][info][gc,cpu         ] GC(113) User=0.00s Sys=0.00s Real=0.00s
[65.768s][info][gc,start       ] GC(114) Pause Young (Allocation Failure)
[65.771s][info][gc,heap        ] GC(114) DefNew: 140903K(157248K)->1208K(157248K) Eden: 139776K(139776K)->0K(139776K) From: 1127K(17472K)->1208K(17472K)
[65.771s][info][gc,heap        ] GC(114) Tenured: 4075K(349568K)->4075K(349568K)
[65.771s][info][gc,metaspace   ] GC(114) Metaspace: 9866K(10240K)->9866K(10240K) NonClass: 8562K(8768K)->8562K(8768K) Class: 1303K(1472K)->1303K(1472K)
[65.772s][info][gc             ] GC(114) Pause Young (Allocation Failure) 141M->5M(494M) 3.870ms
[65.772s][info][gc,cpu         ] GC(114) User=0.00s Sys=0.00s Real=0.00s
[66.342s][info][gc,start       ] GC(115) Pause Young (Allocation Failure)
[66.346s][info][gc,heap        ] GC(115) DefNew: 140984K(157248K)->1260K(157248K) Eden: 139776K(139776K)->0K(139776K) From: 1208K(17472K)->1260K(17472K)
[66.346s][info][gc,heap        ] GC(115) Tenured: 4075K(349568K)->4075K(349568K)
[66.346s][info][gc,metaspace   ] GC(115) Metaspace: 9866K(10240K)->9866K(10240K) NonClass: 8562K(8768K)->8562K(8768K) Class: 1303K(1472K)->1303K(1472K)
[66.346s][info][gc             ] GC(115) Pause Young (Allocation Failure) 141M->5M(494M) 4.005ms
[66.346s][info][gc,cpu         ] GC(115) User=0.00s Sys=0.00s Real=0.00s
[66.909s][info][gc,start       ] GC(116) Pause Young (Allocation Failure)
[66.912s][info][gc,heap        ] GC(116) DefNew: 141036K(157248K)->1238K(157248K) Eden: 139776K(139776K)->0K(139776K) From: 1260K(17472K)->1238K(17472K)
[66.913s][info][gc,heap        ] GC(116) Tenured: 4075K(349568K)->4075K(349568K)
[66.913s][info][gc,metaspace   ] GC(116) Metaspace: 9866K(10240K)->9866K(10240K) NonClass: 8562K(8768K)->8562K(8768K) Class: 1303K(1472K)->1303K(1472K)
[66.913s][info][gc             ] GC(116) Pause Young (Allocation Failure) 141M->5M(494M) 4.006ms
[66.913s][info][gc,cpu         ] GC(116) User=0.00s Sys=0.00s Real=0.00s
[67.457s][info][gc,start       ] GC(117) Pause Young (Allocation Failure)
[67.481s][info][gc,heap        ] GC(117) DefNew: 141014K(157248K)->1267K(157248K) Eden: 139776K(139776K)->0K(139776K) From: 1238K(17472K)->1267K(17472K)
[67.481s][info][gc,heap        ] GC(117) Tenured: 4075K(349568K)->4075K(349568K)
[67.481s][info][gc,metaspace   ] GC(117) Metaspace: 9866K(10240K)->9866K(10240K) NonClass: 8562K(8768K)->8562K(8768K) Class: 1303K(1472K)->1303K(1472K)
[67.481s][info][gc             ] GC(117) Pause Young (Allocation Failure) 141M->5M(494M) 23.382ms
[67.481s][info][gc,cpu         ] GC(117) User=0.00s Sys=0.00s Real=0.02s
[68.051s][info][gc,start       ] GC(118) Pause Young (Allocation Failure)
[68.054s][info][gc,heap        ] GC(118) DefNew: 141043K(157248K)->1227K(157248K) Eden: 139776K(139776K)->0K(139776K) From: 1267K(17472K)->1227K(17472K)
[68.054s][info][gc,heap        ] GC(118) Tenured: 4075K(349568K)->4075K(349568K)
[68.054s][info][gc,metaspace   ] GC(118) Metaspace: 9866K(10240K)->9866K(10240K) NonClass: 8562K(8768K)->8562K(8768K) Class: 1303K(1472K)->1303K(1472K)
[68.054s][info][gc             ] GC(118) Pause Young (Allocation Failure) 141M->5M(494M) 3.797ms
[68.055s][info][gc,cpu         ] GC(118) User=0.00s Sys=0.00s Real=0.00s
[68.624s][info][gc,start       ] GC(119) Pause Young (Allocation Failure)
[68.628s][info][gc,heap        ] GC(119) DefNew: 141003K(157248K)->1268K(157248K) Eden: 139776K(139776K)->0K(139776K) From: 1227K(17472K)->1268K(17472K)
[68.628s][info][gc,heap        ] GC(119) Tenured: 4075K(349568K)->4075K(349568K)
[68.628s][info][gc,metaspace   ] GC(119) Metaspace: 9866K(10240K)->9866K(10240K) NonClass: 8562K(8768K)->8562K(8768K) Class: 1303K(1472K)->1303K(1472K)
[68.628s][info][gc             ] GC(119) Pause Young (Allocation Failure) 141M->5M(494M) 4.043ms
[68.628s][info][gc,cpu         ] GC(119) User=0.02s Sys=0.00s Real=0.02s
[68.985s][info][gc,start       ] GC(120) Pause Full (System.gc())
[68.985s][info][gc,phases,start] GC(120) Phase 1: Mark live objects
[68.998s][info][gc,phases      ] GC(120) Phase 1: Mark live objects 13.017ms
[68.998s][info][gc,phases,start] GC(120) Phase 2: Compute new object addresses
[69.026s][info][gc,phases      ] GC(120) Phase 2: Compute new object addresses 27.780ms
[69.026s][info][gc,phases,start] GC(120) Phase 3: Adjust pointers
[69.030s][info][gc,phases      ] GC(120) Phase 3: Adjust pointers 3.593ms
[69.030s][info][gc,phases,start] GC(120) Phase 4: Move objects
[69.030s][info][gc,phases      ] GC(120) Phase 4: Move objects 0.012ms
[69.030s][info][gc,heap        ] GC(120) DefNew: 91737K(157248K)->0K(157248K) Eden: 90469K(139776K)->0K(139776K) From: 1268K(17472K)->0K(17472K)
[69.030s][info][gc,heap        ] GC(120) Tenured: 4075K(349568K)->4076K(349568K)
[69.030s][info][gc,metaspace   ] GC(120) Metaspace: 9866K(10240K)->9866K(10240K) NonClass: 8562K(8768K)->8562K(8768K) Class: 1303K(1472K)->1303K(1472K)
[69.030s][info][gc             ] GC(120) Pause Full (System.gc()) 93M->3M(494M) 44.819ms
[69.030s][info][gc,cpu         ] GC(120) User=0.05s Sys=0.00s Real=0.05s
[69.597s][info][gc,start       ] GC(121) Pause Young (Allocation Failure)
[69.601s][info][gc,heap        ] GC(121) DefNew: 139776K(157248K)->1177K(157248K) Eden: 139776K(139776K)->0K(139776K) From: 0K(17472K)->1177K(17472K)
[69.601s][info][gc,heap        ] GC(121) Tenured: 4076K(349568K)->4076K(349568K)
[69.601s][info][gc,metaspace   ] GC(121) Metaspace: 9867K(10240K)->9867K(10240K) NonClass: 8563K(8768K)->8563K(8768K) Class: 1303K(1472K)->1303K(1472K)
[69.601s][info][gc             ] GC(121) Pause Young (Allocation Failure) 140M->5M(494M) 4.098ms
[69.601s][info][gc,cpu         ] GC(121) User=0.00s Sys=0.00s Real=0.00s
[70.169s][info][gc,start       ] GC(122) Pause Young (Allocation Failure)
[70.174s][info][gc,heap        ] GC(122) DefNew: 140953K(157248K)->1264K(157248K) Eden: 139776K(139776K)->0K(139776K) From: 1177K(17472K)->1264K(17472K)
[70.174s][info][gc,heap        ] GC(122) Tenured: 4076K(349568K)->4076K(349568K)
[70.174s][info][gc,metaspace   ] GC(122) Metaspace: 9867K(10240K)->9867K(10240K) NonClass: 8563K(8768K)->8563K(8768K) Class: 1303K(1472K)->1303K(1472K)
[70.174s][info][gc             ] GC(122) Pause Young (Allocation Failure) 141M->5M(494M) 4.254ms
[70.174s][info][gc,cpu         ] GC(122) User=0.00s Sys=0.00s Real=0.00s
[70.739s][info][gc,start       ] GC(123) Pause Young (Allocation Failure)
[70.742s][info][gc,heap        ] GC(123) DefNew: 141040K(157248K)->1213K(157248K) Eden: 139776K(139776K)->0K(139776K) From: 1264K(17472K)->1213K(17472K)
[70.742s][info][gc,heap        ] GC(123) Tenured: 4076K(349568K)->4076K(349568K)
[70.742s][info][gc,metaspace   ] GC(123) Metaspace: 9867K(10240K)->9867K(10240K) NonClass: 8563K(8768K)->8563K(8768K) Class: 1303K(1472K)->1303K(1472K)
[70.743s][info][gc             ] GC(123) Pause Young (Allocation Failure) 141M->5M(494M) 3.940ms
[70.743s][info][gc,cpu         ] GC(123) User=0.00s Sys=0.00s Real=0.00s
[71.303s][info][gc,start       ] GC(124) Pause Young (Allocation Failure)
[71.306s][info][gc,heap        ] GC(124) DefNew: 140989K(157248K)->1201K(157248K) Eden: 139776K(139776K)->0K(139776K) From: 1213K(17472K)->1201K(17472K)
[71.307s][info][gc,heap        ] GC(124) Tenured: 4076K(349568K)->4076K(349568K)
[71.307s][info][gc,metaspace   ] GC(124) Metaspace: 9867K(10240K)->9867K(10240K) NonClass: 8563K(8768K)->8563K(8768K) Class: 1303K(1472K)->1303K(1472K)
[71.307s][info][gc             ] GC(124) Pause Young (Allocation Failure) 141M->5M(494M) 3.953ms
[71.307s][info][gc,cpu         ] GC(124) User=0.00s Sys=0.00s Real=0.00s
[71.870s][info][gc,start       ] GC(125) Pause Young (Allocation Failure)
[71.874s][info][gc,heap        ] GC(125) DefNew: 140977K(157248K)->1204K(157248K) Eden: 139776K(139776K)->0K(139776K) From: 1201K(17472K)->1204K(17472K)
[71.874s][info][gc,heap        ] GC(125) Tenured: 4076K(349568K)->4076K(349568K)
[71.874s][info][gc,metaspace   ] GC(125) Metaspace: 9867K(10240K)->9867K(10240K) NonClass: 8563K(8768K)->8563K(8768K) Class: 1303K(1472K)->1303K(1472K)
[71.874s][info][gc             ] GC(125) Pause Young (Allocation Failure) 141M->5M(494M) 3.939ms
[71.874s][info][gc,cpu         ] GC(125) User=0.02s Sys=0.00s Real=0.01s
[72.435s][info][gc,start       ] GC(126) Pause Young (Allocation Failure)
[72.439s][info][gc,heap        ] GC(126) DefNew: 140980K(157248K)->1223K(157248K) Eden: 139776K(139776K)->0K(139776K) From: 1204K(17472K)->1223K(17472K)
[72.439s][info][gc,heap        ] GC(126) Tenured: 4076K(349568K)->4076K(349568K)
[72.439s][info][gc,metaspace   ] GC(126) Metaspace: 9867K(10240K)->9867K(10240K) NonClass: 8563K(8768K)->8563K(8768K) Class: 1303K(1472K)->1303K(1472K)
[72.439s][info][gc             ] GC(126) Pause Young (Allocation Failure) 141M->5M(494M) 3.821ms
[72.439s][info][gc,cpu         ] GC(126) User=0.00s Sys=0.00s Real=0.00s
[72.998s][info][gc,start       ] GC(127) Pause Young (Allocation Failure)
[73.002s][info][gc,heap        ] GC(127) DefNew: 140999K(157248K)->1319K(157248K) Eden: 139776K(139776K)->0K(139776K) From: 1223K(17472K)->1319K(17472K)
[73.002s][info][gc,heap        ] GC(127) Tenured: 4076K(349568K)->4076K(349568K)
[73.002s][info][gc,metaspace   ] GC(127) Metaspace: 9867K(10240K)->9867K(10240K) NonClass: 8563K(8768K)->8563K(8768K) Class: 1303K(1472K)->1303K(1472K)
[73.002s][info][gc             ] GC(127) Pause Young (Allocation Failure) 141M->5M(494M) 4.410ms
[73.003s][info][gc,cpu         ] GC(127) User=0.00s Sys=0.00s Real=0.00s
[73.576s][info][gc,start       ] GC(128) Pause Young (Allocation Failure)
[73.579s][info][gc,heap        ] GC(128) DefNew: 141095K(157248K)->1203K(157248K) Eden: 139776K(139776K)->0K(139776K) From: 1319K(17472K)->1203K(17472K)
[73.579s][info][gc,heap        ] GC(128) Tenured: 4076K(349568K)->4076K(349568K)
[73.579s][info][gc,metaspace   ] GC(128) Metaspace: 9867K(10240K)->9867K(10240K) NonClass: 8563K(8768K)->8563K(8768K) Class: 1303K(1472K)->1303K(1472K)
[73.580s][info][gc             ] GC(128) Pause Young (Allocation Failure) 141M->5M(494M) 3.913ms
[73.580s][info][gc,cpu         ] GC(128) User=0.00s Sys=0.00s Real=0.00s
[74.148s][info][gc,start       ] GC(129) Pause Young (Allocation Failure)
[74.152s][info][gc,heap        ] GC(129) DefNew: 140979K(157248K)->1288K(157248K) Eden: 139776K(139776K)->0K(139776K) From: 1203K(17472K)->1288K(17472K)
[74.152s][info][gc,heap        ] GC(129) Tenured: 4076K(349568K)->4076K(349568K)
[74.152s][info][gc,metaspace   ] GC(129) Metaspace: 9867K(10240K)->9867K(10240K) NonClass: 8563K(8768K)->8563K(8768K) Class: 1303K(1472K)->1303K(1472K)
[74.152s][info][gc             ] GC(129) Pause Young (Allocation Failure) 141M->5M(494M) 3.965ms
[74.152s][info][gc,cpu         ] GC(129) User=0.00s Sys=0.00s Real=0.00s
[74.713s][info][gc,start       ] GC(130) Pause Young (Allocation Failure)
[74.717s][info][gc,heap        ] GC(130) DefNew: 141064K(157248K)->1122K(157248K) Eden: 139776K(139776K)->0K(139776K) From: 1288K(17472K)->1122K(17472K)
[74.717s][info][gc,heap        ] GC(130) Tenured: 4076K(349568K)->4076K(349568K)
[74.717s][info][gc,metaspace   ] GC(130) Metaspace: 9867K(10240K)->9867K(10240K) NonClass: 8563K(8768K)->8563K(8768K) Class: 1303K(1472K)->1303K(1472K)
[74.717s][info][gc             ] GC(130) Pause Young (Allocation Failure) 141M->5M(494M) 3.714ms
[74.717s][info][gc,cpu         ] GC(130) User=0.00s Sys=0.00s Real=0.00s
[75.283s][info][gc,start       ] GC(131) Pause Young (Allocation Failure)
[75.286s][info][gc,heap        ] GC(131) DefNew: 140898K(157248K)->1159K(157248K) Eden: 139776K(139776K)->0K(139776K) From: 1122K(17472K)->1159K(17472K)
[75.286s][info][gc,heap        ] GC(131) Tenured: 4076K(349568K)->4076K(349568K)
[75.286s][info][gc,metaspace   ] GC(131) Metaspace: 9867K(10240K)->9867K(10240K) NonClass: 8563K(8768K)->8563K(8768K) Class: 1303K(1472K)->1303K(1472K)
[75.286s][info][gc             ] GC(131) Pause Young (Allocation Failure) 141M->5M(494M) 3.656ms
[75.286s][info][gc,cpu         ] GC(131) User=0.00s Sys=0.00s Real=0.00s
[75.695s][info][gc,start       ] GC(132) Pause Full (System.gc())
[75.695s][info][gc,phases,start] GC(132) Phase 1: Mark live objects
[75.709s][info][gc,phases      ] GC(132) Phase 1: Mark live objects 13.813ms
[75.709s][info][gc,phases,start] GC(132) Phase 2: Compute new object addresses
[75.740s][info][gc,phases      ] GC(132) Phase 2: Compute new object addresses 31.284ms
[75.740s][info][gc,phases,start] GC(132) Phase 3: Adjust pointers
[75.744s][info][gc,phases      ] GC(132) Phase 3: Adjust pointers 3.651ms
[75.744s][info][gc,phases,start] GC(132) Phase 4: Move objects
[75.744s][info][gc,phases      ] GC(132) Phase 4: Move objects 0.014ms
[75.744s][info][gc,heap        ] GC(132) DefNew: 100980K(157248K)->0K(157248K) Eden: 99820K(139776K)->0K(139776K) From: 1159K(17472K)->0K(17472K)
[75.744s][info][gc,heap        ] GC(132) Tenured: 4076K(349568K)->4075K(349568K)
[75.744s][info][gc,metaspace   ] GC(132) Metaspace: 9868K(10240K)->9868K(10240K) NonClass: 8565K(8768K)->8565K(8768K) Class: 1303K(1472K)->1303K(1472K)
[75.744s][info][gc             ] GC(132) Pause Full (System.gc()) 102M->3M(494M) 49.208ms
[75.744s][info][gc,cpu         ] GC(132) User=0.06s Sys=0.00s Real=0.06s
[76.302s][info][gc,start       ] GC(133) Pause Young (Allocation Failure)
[76.306s][info][gc,heap        ] GC(133) DefNew: 139776K(157248K)->1176K(157248K) Eden: 139776K(139776K)->0K(139776K) From: 0K(17472K)->1176K(17472K)
[76.306s][info][gc,heap        ] GC(133) Tenured: 4075K(349568K)->4075K(349568K)
[76.306s][info][gc,metaspace   ] GC(133) Metaspace: 9883K(10240K)->9883K(10240K) NonClass: 8579K(8768K)->8579K(8768K) Class: 1303K(1472K)->1303K(1472K)
[76.306s][info][gc             ] GC(133) Pause Young (Allocation Failure) 140M->5M(494M) 4.227ms
[76.306s][info][gc,cpu         ] GC(133) User=0.02s Sys=0.00s Real=0.02s
[76.871s][info][gc,start       ] GC(134) Pause Young (Allocation Failure)
[76.874s][info][gc,heap        ] GC(134) DefNew: 140952K(157248K)->1149K(157248K) Eden: 139776K(139776K)->0K(139776K) From: 1176K(17472K)->1149K(17472K)
[76.874s][info][gc,heap        ] GC(134) Tenured: 4075K(349568K)->4075K(349568K)
[76.874s][info][gc,metaspace   ] GC(134) Metaspace: 9883K(10240K)->9883K(10240K) NonClass: 8579K(8768K)->8579K(8768K) Class: 1303K(1472K)->1303K(1472K)
[76.874s][info][gc             ] GC(134) Pause Young (Allocation Failure) 141M->5M(494M) 3.759ms
[76.875s][info][gc,cpu         ] GC(134) User=0.00s Sys=0.00s Real=0.00s
[77.437s][info][gc,start       ] GC(135) Pause Young (Allocation Failure)
[77.440s][info][gc,heap        ] GC(135) DefNew: 140925K(157248K)->1149K(157248K) Eden: 139776K(139776K)->0K(139776K) From: 1149K(17472K)->1149K(17472K)
[77.440s][info][gc,heap        ] GC(135) Tenured: 4075K(349568K)->4075K(349568K)
[77.440s][info][gc,metaspace   ] GC(135) Metaspace: 9883K(10240K)->9883K(10240K) NonClass: 8579K(8768K)->8579K(8768K) Class: 1303K(1472K)->1303K(1472K)
[77.440s][info][gc             ] GC(135) Pause Young (Allocation Failure) 141M->5M(494M) 3.796ms
[77.440s][info][gc,cpu         ] GC(135) User=0.00s Sys=0.00s Real=0.00s
[77.996s][info][gc,start       ] GC(136) Pause Young (Allocation Failure)
[78.000s][info][gc,heap        ] GC(136) DefNew: 140925K(157248K)->1182K(157248K) Eden: 139776K(139776K)->0K(139776K) From: 1149K(17472K)->1182K(17472K)
[78.000s][info][gc,heap        ] GC(136) Tenured: 4075K(349568K)->4075K(349568K)
[78.000s][info][gc,metaspace   ] GC(136) Metaspace: 9883K(10240K)->9883K(10240K) NonClass: 8579K(8768K)->8579K(8768K) Class: 1303K(1472K)->1303K(1472K)
[78.000s][info][gc             ] GC(136) Pause Young (Allocation Failure) 141M->5M(494M) 3.885ms
[78.000s][info][gc,cpu         ] GC(136) User=0.00s Sys=0.00s Real=0.00s
[78.562s][info][gc,start       ] GC(137) Pause Young (Allocation Failure)
[78.566s][info][gc,heap        ] GC(137) DefNew: 140958K(157248K)->1132K(157248K) Eden: 139776K(139776K)->0K(139776K) From: 1182K(17472K)->1132K(17472K)
[78.566s][info][gc,heap        ] GC(137) Tenured: 4075K(349568K)->4075K(349568K)
[78.566s][info][gc,metaspace   ] GC(137) Metaspace: 9883K(10240K)->9883K(10240K) NonClass: 8579K(8768K)->8579K(8768K) Class: 1303K(1472K)->1303K(1472K)
[78.566s][info][gc             ] GC(137) Pause Young (Allocation Failure) 141M->5M(494M) 3.651ms
[78.566s][info][gc,cpu         ] GC(137) User=0.00s Sys=0.00s Real=0.00s
[79.121s][info][gc,start       ] GC(138) Pause Young (Allocation Failure)
[79.124s][info][gc,heap        ] GC(138) DefNew: 140908K(157248K)->1193K(157248K) Eden: 139776K(139776K)->0K(139776K) From: 1132K(17472K)->1193K(17472K)
[79.124s][info][gc,heap        ] GC(138) Tenured: 4075K(349568K)->4075K(349568K)
[79.124s][info][gc,metaspace   ] GC(138) Metaspace: 9883K(10240K)->9883K(10240K) NonClass: 8579K(8768K)->8579K(8768K) Class: 1303K(1472K)->1303K(1472K)
[79.125s][info][gc             ] GC(138) Pause Young (Allocation Failure) 141M->5M(494M) 3.728ms
[79.125s][info][gc,cpu         ] GC(138) User=0.00s Sys=0.00s Real=0.00s
[79.683s][info][gc,start       ] GC(139) Pause Young (Allocation Failure)
[79.687s][info][gc,heap        ] GC(139) DefNew: 140969K(157248K)->1186K(157248K) Eden: 139776K(139776K)->0K(139776K) From: 1193K(17472K)->1186K(17472K)
[79.687s][info][gc,heap        ] GC(139) Tenured: 4075K(349568K)->4075K(349568K)
[79.687s][info][gc,metaspace   ] GC(139) Metaspace: 9883K(10240K)->9883K(10240K) NonClass: 8579K(8768K)->8579K(8768K) Class: 1303K(1472K)->1303K(1472K)
[79.687s][info][gc             ] GC(139) Pause Young (Allocation Failure) 141M->5M(494M) 3.656ms
[79.687s][info][gc,cpu         ] GC(139) User=0.00s Sys=0.00s Real=0.00s
[80.234s][info][gc,start       ] GC(140) Pause Young (Allocation Failure)
[80.238s][info][gc,heap        ] GC(140) DefNew: 140962K(157248K)->1249K(157248K) Eden: 139776K(139776K)->0K(139776K) From: 1186K(17472K)->1249K(17472K)
[80.238s][info][gc,heap        ] GC(140) Tenured: 4075K(349568K)->4075K(349568K)
[80.238s][info][gc,metaspace   ] GC(140) Metaspace: 9883K(10240K)->9883K(10240K) NonClass: 8579K(8768K)->8579K(8768K) Class: 1303K(1472K)->1303K(1472K)
[80.238s][info][gc             ] GC(140) Pause Young (Allocation Failure) 141M->5M(494M) 3.914ms
[80.238s][info][gc,cpu         ] GC(140) User=0.00s Sys=0.00s Real=0.00s
[80.792s][info][gc,start       ] GC(141) Pause Young (Allocation Failure)
[80.796s][info][gc,heap        ] GC(141) DefNew: 141025K(157248K)->1250K(157248K) Eden: 139776K(139776K)->0K(139776K) From: 1249K(17472K)->1250K(17472K)
[80.797s][info][gc,heap        ] GC(141) Tenured: 4075K(349568K)->4075K(349568K)
[80.797s][info][gc,metaspace   ] GC(141) Metaspace: 9883K(10240K)->9883K(10240K) NonClass: 8579K(8768K)->8579K(8768K) Class: 1303K(1472K)->1303K(1472K)
[80.797s][info][gc             ] GC(141) Pause Young (Allocation Failure) 141M->5M(494M) 4.195ms
[80.797s][info][gc,cpu         ] GC(141) User=0.00s Sys=0.00s Real=0.00s
[81.354s][info][gc,start       ] GC(142) Pause Young (Allocation Failure)
[81.357s][info][gc,heap        ] GC(142) DefNew: 141026K(157248K)->1177K(157248K) Eden: 139776K(139776K)->0K(139776K) From: 1250K(17472K)->1177K(17472K)
[81.357s][info][gc,heap        ] GC(142) Tenured: 4075K(349568K)->4075K(349568K)
[81.358s][info][gc,metaspace   ] GC(142) Metaspace: 9883K(10240K)->9883K(10240K) NonClass: 8579K(8768K)->8579K(8768K) Class: 1303K(1472K)->1303K(1472K)
[81.358s][info][gc             ] GC(142) Pause Young (Allocation Failure) 141M->5M(494M) 3.851ms
[81.358s][info][gc,cpu         ] GC(142) User=0.00s Sys=0.00s Real=0.00s
[81.908s][info][gc,start       ] GC(143) Pause Young (Allocation Failure)
[81.911s][info][gc,heap        ] GC(143) DefNew: 140953K(157248K)->1167K(157248K) Eden: 139776K(139776K)->0K(139776K) From: 1177K(17472K)->1167K(17472K)
[81.911s][info][gc,heap        ] GC(143) Tenured: 4075K(349568K)->4075K(349568K)
[81.911s][info][gc,metaspace   ] GC(143) Metaspace: 9883K(10240K)->9883K(10240K) NonClass: 8579K(8768K)->8579K(8768K) Class: 1303K(1472K)->1303K(1472K)
[81.912s][info][gc             ] GC(143) Pause Young (Allocation Failure) 141M->5M(494M) 3.691ms
[81.912s][info][gc,cpu         ] GC(143) User=0.00s Sys=0.00s Real=0.00s
[82.328s][info][gc,start       ] GC(144) Pause Full (System.gc())
[82.328s][info][gc,phases,start] GC(144) Phase 1: Mark live objects
[82.342s][info][gc,phases      ] GC(144) Phase 1: Mark live objects 13.612ms
[82.342s][info][gc,phases,start] GC(144) Phase 2: Compute new object addresses
[82.373s][info][gc,phases      ] GC(144) Phase 2: Compute new object addresses 31.195ms
[82.373s][info][gc,phases,start] GC(144) Phase 3: Adjust pointers
[82.376s][info][gc,phases      ] GC(144) Phase 3: Adjust pointers 3.503ms
[82.376s][info][gc,phases,start] GC(144) Phase 4: Move objects
[82.376s][info][gc,phases      ] GC(144) Phase 4: Move objects 0.012ms
[82.376s][info][gc,heap        ] GC(144) DefNew: 103391K(157248K)->0K(157248K) Eden: 102223K(139776K)->0K(139776K) From: 1167K(17472K)->0K(17472K)
[82.376s][info][gc,heap        ] GC(144) Tenured: 4075K(349568K)->4076K(349568K)
[82.376s][info][gc,metaspace   ] GC(144) Metaspace: 9884K(10240K)->9884K(10240K) NonClass: 8580K(8768K)->8580K(8768K) Class: 1303K(1472K)->1303K(1472K)
[82.377s][info][gc             ] GC(144) Pause Full (System.gc()) 104M->3M(494M) 48.734ms
[82.377s][info][gc,cpu         ] GC(144) User=0.05s Sys=0.00s Real=0.05s
[82.937s][info][gc,start       ] GC(145) Pause Young (Allocation Failure)
[82.941s][info][gc,heap        ] GC(145) DefNew: 139776K(157248K)->1078K(157248K) Eden: 139776K(139776K)->0K(139776K) From: 0K(17472K)->1078K(17472K)
[82.941s][info][gc,heap        ] GC(145) Tenured: 4076K(349568K)->4076K(349568K)
[82.941s][info][gc,metaspace   ] GC(145) Metaspace: 9885K(10304K)->9885K(10304K) NonClass: 8582K(8832K)->8582K(8832K) Class: 1303K(1472K)->1303K(1472K)
[82.941s][info][gc             ] GC(145) Pause Young (Allocation Failure) 140M->5M(494M) 3.953ms
[82.941s][info][gc,cpu         ] GC(145) User=0.00s Sys=0.00s Real=0.00s
[83.509s][info][gc,start       ] GC(146) Pause Young (Allocation Failure)
[83.512s][info][gc,heap        ] GC(146) DefNew: 140854K(157248K)->1239K(157248K) Eden: 139776K(139776K)->0K(139776K) From: 1078K(17472K)->1239K(17472K)
[83.512s][info][gc,heap        ] GC(146) Tenured: 4076K(349568K)->4076K(349568K)
[83.512s][info][gc,metaspace   ] GC(146) Metaspace: 9885K(10304K)->9885K(10304K) NonClass: 8582K(8832K)->8582K(8832K) Class: 1303K(1472K)->1303K(1472K)
[83.513s][info][gc             ] GC(146) Pause Young (Allocation Failure) 141M->5M(494M) 3.913ms
[83.513s][info][gc,cpu         ] GC(146) User=0.00s Sys=0.00s Real=0.00s
[84.070s][info][gc,start       ] GC(147) Pause Young (Allocation Failure)
[84.073s][info][gc,heap        ] GC(147) DefNew: 141015K(157248K)->1224K(157248K) Eden: 139776K(139776K)->0K(139776K) From: 1239K(17472K)->1224K(17472K)
[84.073s][info][gc,heap        ] GC(147) Tenured: 4076K(349568K)->4076K(349568K)
[84.074s][info][gc,metaspace   ] GC(147) Metaspace: 9885K(10304K)->9885K(10304K) NonClass: 8582K(8832K)->8582K(8832K) Class: 1303K(1472K)->1303K(1472K)
[84.074s][info][gc             ] GC(147) Pause Young (Allocation Failure) 141M->5M(494M) 3.953ms
[84.074s][info][gc,cpu         ] GC(147) User=0.00s Sys=0.00s Real=0.00s
[84.642s][info][gc,start       ] GC(148) Pause Young (Allocation Failure)
[84.646s][info][gc,heap        ] GC(148) DefNew: 141000K(157248K)->1238K(157248K) Eden: 139776K(139776K)->0K(139776K) From: 1224K(17472K)->1238K(17472K)
[84.646s][info][gc,heap        ] GC(148) Tenured: 4076K(349568K)->4076K(349568K)
[84.646s][info][gc,metaspace   ] GC(148) Metaspace: 9885K(10304K)->9885K(10304K) NonClass: 8582K(8832K)->8582K(8832K) Class: 1303K(1472K)->1303K(1472K)
[84.646s][info][gc             ] GC(148) Pause Young (Allocation Failure) 141M->5M(494M) 3.883ms
[84.646s][info][gc,cpu         ] GC(148) User=0.00s Sys=0.00s Real=0.00s
[85.192s][info][gc,start       ] GC(149) Pause Young (Allocation Failure)
[85.196s][info][gc,heap        ] GC(149) DefNew: 141014K(157248K)->1209K(157248K) Eden: 139776K(139776K)->0K(139776K) From: 1238K(17472K)->1209K(17472K)
[85.196s][info][gc,heap        ] GC(149) Tenured: 4076K(349568K)->4076K(349568K)
[85.196s][info][gc,metaspace   ] GC(149) Metaspace: 9885K(10304K)->9885K(10304K) NonClass: 8582K(8832K)->8582K(8832K) Class: 1303K(1472K)->1303K(1472K)
[85.196s][info][gc             ] GC(149) Pause Young (Allocation Failure) 141M->5M(494M) 3.988ms
[85.196s][info][gc,cpu         ] GC(149) User=0.00s Sys=0.00s Real=0.00s
[85.756s][info][gc,start       ] GC(150) Pause Young (Allocation Failure)
[85.760s][info][gc,heap        ] GC(150) DefNew: 140985K(157248K)->1239K(157248K) Eden: 139776K(139776K)->0K(139776K) From: 1209K(17472K)->1239K(17472K)
[85.760s][info][gc,heap        ] GC(150) Tenured: 4076K(349568K)->4076K(349568K)
[85.760s][info][gc,metaspace   ] GC(150) Metaspace: 9885K(10304K)->9885K(10304K) NonClass: 8582K(8832K)->8582K(8832K) Class: 1303K(1472K)->1303K(1472K)
[85.760s][info][gc             ] GC(150) Pause Young (Allocation Failure) 141M->5M(494M) 3.958ms
[85.760s][info][gc,cpu         ] GC(150) User=0.00s Sys=0.00s Real=0.00s
[86.330s][info][gc,start       ] GC(151) Pause Young (Allocation Failure)
[86.334s][info][gc,heap        ] GC(151) DefNew: 141015K(157248K)->1269K(157248K) Eden: 139776K(139776K)->0K(139776K) From: 1239K(17472K)->1269K(17472K)
[86.334s][info][gc,heap        ] GC(151) Tenured: 4076K(349568K)->4076K(349568K)
[86.334s][info][gc,metaspace   ] GC(151) Metaspace: 9885K(10304K)->9885K(10304K) NonClass: 8582K(8832K)->8582K(8832K) Class: 1303K(1472K)->1303K(1472K)
[86.334s][info][gc             ] GC(151) Pause Young (Allocation Failure) 141M->5M(494M) 3.943ms
[86.334s][info][gc,cpu         ] GC(151) User=0.02s Sys=0.00s Real=0.02s
[86.893s][info][gc,start       ] GC(152) Pause Young (Allocation Failure)
[86.897s][info][gc,heap        ] GC(152) DefNew: 141045K(157248K)->1158K(157248K) Eden: 139776K(139776K)->0K(139776K) From: 1269K(17472K)->1158K(17472K)
[86.897s][info][gc,heap        ] GC(152) Tenured: 4076K(349568K)->4076K(349568K)
[86.897s][info][gc,metaspace   ] GC(152) Metaspace: 9885K(10304K)->9885K(10304K) NonClass: 8582K(8832K)->8582K(8832K) Class: 1303K(1472K)->1303K(1472K)
[86.897s][info][gc             ] GC(152) Pause Young (Allocation Failure) 141M->5M(494M) 3.698ms
[86.897s][info][gc,cpu         ] GC(152) User=0.00s Sys=0.00s Real=0.00s
[87.460s][info][gc,start       ] GC(153) Pause Young (Allocation Failure)
[87.463s][info][gc,heap        ] GC(153) DefNew: 140934K(157248K)->1013K(157248K) Eden: 139776K(139776K)->0K(139776K) From: 1158K(17472K)->1013K(17472K)
[87.463s][info][gc,heap        ] GC(153) Tenured: 4076K(349568K)->4076K(349568K)
[87.463s][info][gc,metaspace   ] GC(153) Metaspace: 9885K(10304K)->9885K(10304K) NonClass: 8582K(8832K)->8582K(8832K) Class: 1303K(1472K)->1303K(1472K)
[87.463s][info][gc             ] GC(153) Pause Young (Allocation Failure) 141M->4M(494M) 3.518ms
[87.463s][info][gc,cpu         ] GC(153) User=0.00s Sys=0.00s Real=0.00s
[88.033s][info][gc,start       ] GC(154) Pause Young (Allocation Failure)
[88.036s][info][gc,heap        ] GC(154) DefNew: 140789K(157248K)->1157K(157248K) Eden: 139776K(139776K)->0K(139776K) From: 1013K(17472K)->1157K(17472K)
[88.036s][info][gc,heap        ] GC(154) Tenured: 4076K(349568K)->4076K(349568K)
[88.037s][info][gc,metaspace   ] GC(154) Metaspace: 9885K(10304K)->9885K(10304K) NonClass: 8582K(8832K)->8582K(8832K) Class: 1303K(1472K)->1303K(1472K)
[88.037s][info][gc             ] GC(154) Pause Young (Allocation Failure) 141M->5M(494M) 3.667ms
[88.037s][info][gc,cpu         ] GC(154) User=0.00s Sys=0.00s Real=0.00s
[88.600s][info][gc,start       ] GC(155) Pause Young (Allocation Failure)
[88.604s][info][gc,heap        ] GC(155) DefNew: 140933K(157248K)->1261K(157248K) Eden: 139776K(139776K)->0K(139776K) From: 1157K(17472K)->1261K(17472K)
[88.604s][info][gc,heap        ] GC(155) Tenured: 4076K(349568K)->4076K(349568K)
[88.604s][info][gc,metaspace   ] GC(155) Metaspace: 9885K(10304K)->9885K(10304K) NonClass: 8582K(8832K)->8582K(8832K) Class: 1303K(1472K)->1303K(1472K)
[88.604s][info][gc             ] GC(155) Pause Young (Allocation Failure) 141M->5M(494M) 3.908ms
[88.604s][info][gc,cpu         ] GC(155) User=0.00s Sys=0.00s Real=0.00s
[89.000s][info][gc,start       ] GC(156) Pause Full (System.gc())
[89.001s][info][gc,phases,start] GC(156) Phase 1: Mark live objects
[89.014s][info][gc,phases      ] GC(156) Phase 1: Mark live objects 13.623ms
[89.014s][info][gc,phases,start] GC(156) Phase 2: Compute new object addresses
[89.044s][info][gc,phases      ] GC(156) Phase 2: Compute new object addresses 29.443ms
[89.044s][info][gc,phases,start] GC(156) Phase 3: Adjust pointers
[89.047s][info][gc,phases      ] GC(156) Phase 3: Adjust pointers 3.536ms
[89.047s][info][gc,phases,start] GC(156) Phase 4: Move objects
[89.047s][info][gc,phases      ] GC(156) Phase 4: Move objects 0.012ms
[89.047s][info][gc,heap        ] GC(156) DefNew: 97619K(157248K)->0K(157248K) Eden: 96357K(139776K)->0K(139776K) From: 1261K(17472K)->0K(17472K)
[89.047s][info][gc,heap        ] GC(156) Tenured: 4076K(349568K)->4076K(349568K)
[89.047s][info][gc,metaspace   ] GC(156) Metaspace: 9888K(10304K)->9888K(10304K) NonClass: 8584K(8832K)->8584K(8832K) Class: 1303K(1472K)->1303K(1472K)
[89.047s][info][gc             ] GC(156) Pause Full (System.gc()) 99M->3M(494M) 47.037ms
[89.047s][info][gc,cpu         ] GC(156) User=0.05s Sys=0.00s Real=0.05s
[89.613s][info][gc,start       ] GC(157) Pause Young (Allocation Failure)
[89.618s][info][gc,heap        ] GC(157) DefNew: 139776K(157248K)->1253K(157248K) Eden: 139776K(139776K)->0K(139776K) From: 0K(17472K)->1253K(17472K)
[89.618s][info][gc,heap        ] GC(157) Tenured: 4076K(349568K)->4076K(349568K)
[89.618s][info][gc,metaspace   ] GC(157) Metaspace: 9893K(10304K)->9893K(10304K) NonClass: 8590K(8832K)->8590K(8832K) Class: 1303K(1472K)->1303K(1472K)
[89.618s][info][gc             ] GC(157) Pause Young (Allocation Failure) 140M->5M(494M) 4.428ms
[89.618s][info][gc,cpu         ] GC(157) User=0.00s Sys=0.00s Real=0.00s
[90.161s][info][gc,start       ] GC(158) Pause Young (Allocation Failure)
[90.165s][info][gc,heap        ] GC(158) DefNew: 141029K(157248K)->1180K(157248K) Eden: 139776K(139776K)->0K(139776K) From: 1253K(17472K)->1180K(17472K)
[90.165s][info][gc,heap        ] GC(158) Tenured: 4076K(349568K)->4076K(349568K)
[90.165s][info][gc,metaspace   ] GC(158) Metaspace: 9893K(10304K)->9893K(10304K) NonClass: 8590K(8832K)->8590K(8832K) Class: 1303K(1472K)->1303K(1472K)
[90.165s][info][gc             ] GC(158) Pause Young (Allocation Failure) 141M->5M(494M) 4.152ms
[90.165s][info][gc,cpu         ] GC(158) User=0.00s Sys=0.02s Real=0.02s
[90.727s][info][gc,start       ] GC(159) Pause Young (Allocation Failure)
[90.731s][info][gc,heap        ] GC(159) DefNew: 140956K(157248K)->1205K(157248K) Eden: 139776K(139776K)->0K(139776K) From: 1180K(17472K)->1205K(17472K)
[90.731s][info][gc,heap        ] GC(159) Tenured: 4076K(349568K)->4076K(349568K)
[90.731s][info][gc,metaspace   ] GC(159) Metaspace: 9893K(10304K)->9893K(10304K) NonClass: 8590K(8832K)->8590K(8832K) Class: 1303K(1472K)->1303K(1472K)
[90.731s][info][gc             ] GC(159) Pause Young (Allocation Failure) 141M->5M(494M) 4.168ms
[90.731s][info][gc,cpu         ] GC(159) User=0.00s Sys=0.00s Real=0.00s
[91.289s][info][gc,start       ] GC(160) Pause Young (Allocation Failure)
[91.293s][info][gc,heap        ] GC(160) DefNew: 140981K(157248K)->1221K(157248K) Eden: 139776K(139776K)->0K(139776K) From: 1205K(17472K)->1221K(17472K)
[91.293s][info][gc,heap        ] GC(160) Tenured: 4076K(349568K)->4076K(349568K)
[91.293s][info][gc,metaspace   ] GC(160) Metaspace: 9893K(10304K)->9893K(10304K) NonClass: 8590K(8832K)->8590K(8832K) Class: 1303K(1472K)->1303K(1472K)
[91.293s][info][gc             ] GC(160) Pause Young (Allocation Failure) 141M->5M(494M) 3.892ms
[91.293s][info][gc,cpu         ] GC(160) User=0.00s Sys=0.00s Real=0.00s
[91.835s][info][gc,start       ] GC(161) Pause Young (Allocation Failure)
[91.839s][info][gc,heap        ] GC(161) DefNew: 140997K(157248K)->1259K(157248K) Eden: 139776K(139776K)->0K(139776K) From: 1221K(17472K)->1259K(17472K)
[91.839s][info][gc,heap        ] GC(161) Tenured: 4076K(349568K)->4076K(349568K)
[91.839s][info][gc,metaspace   ] GC(161) Metaspace: 9893K(10304K)->9893K(10304K) NonClass: 8590K(8832K)->8590K(8832K) Class: 1303K(1472K)->1303K(1472K)
[91.839s][info][gc             ] GC(161) Pause Young (Allocation Failure) 141M->5M(494M) 3.926ms
[91.839s][info][gc,cpu         ] GC(161) User=0.00s Sys=0.00s Real=0.00s
[92.375s][info][gc,start       ] GC(162) Pause Young (Allocation Failure)
[92.379s][info][gc,heap        ] GC(162) DefNew: 141035K(157248K)->1202K(157248K) Eden: 139776K(139776K)->0K(139776K) From: 1259K(17472K)->1202K(17472K)
[92.379s][info][gc,heap        ] GC(162) Tenured: 4076K(349568K)->4076K(349568K)
[92.379s][info][gc,metaspace   ] GC(162) Metaspace: 9893K(10304K)->9893K(10304K) NonClass: 8590K(8832K)->8590K(8832K) Class: 1303K(1472K)->1303K(1472K)
[92.379s][info][gc             ] GC(162) Pause Young (Allocation Failure) 141M->5M(494M) 3.744ms
[92.379s][info][gc,cpu         ] GC(162) User=0.00s Sys=0.00s Real=0.00s
[92.943s][info][gc,start       ] GC(163) Pause Young (Allocation Failure)
[92.947s][info][gc,heap        ] GC(163) DefNew: 140978K(157248K)->1271K(157248K) Eden: 139776K(139776K)->0K(139776K) From: 1202K(17472K)->1271K(17472K)
[92.947s][info][gc,heap        ] GC(163) Tenured: 4076K(349568K)->4076K(349568K)
[92.947s][info][gc,metaspace   ] GC(163) Metaspace: 9893K(10304K)->9893K(10304K) NonClass: 8590K(8832K)->8590K(8832K) Class: 1303K(1472K)->1303K(1472K)
[92.947s][info][gc             ] GC(163) Pause Young (Allocation Failure) 141M->5M(494M) 4.082ms
[92.947s][info][gc,cpu         ] GC(163) User=0.02s Sys=0.00s Real=0.02s
[93.496s][info][gc,start       ] GC(164) Pause Young (Allocation Failure)
[93.500s][info][gc,heap        ] GC(164) DefNew: 141047K(157248K)->1172K(157248K) Eden: 139776K(139776K)->0K(139776K) From: 1271K(17472K)->1172K(17472K)
[93.500s][info][gc,heap        ] GC(164) Tenured: 4076K(349568K)->4076K(349568K)
[93.500s][info][gc,metaspace   ] GC(164) Metaspace: 9893K(10304K)->9893K(10304K) NonClass: 8590K(8832K)->8590K(8832K) Class: 1303K(1472K)->1303K(1472K)
[93.500s][info][gc             ] GC(164) Pause Young (Allocation Failure) 141M->5M(494M) 3.863ms
[93.500s][info][gc,cpu         ] GC(164) User=0.02s Sys=0.00s Real=0.02s
[94.073s][info][gc,start       ] GC(165) Pause Young (Allocation Failure)
[94.077s][info][gc,heap        ] GC(165) DefNew: 140948K(157248K)->1201K(157248K) Eden: 139776K(139776K)->0K(139776K) From: 1172K(17472K)->1201K(17472K)
[94.077s][info][gc,heap        ] GC(165) Tenured: 4076K(349568K)->4076K(349568K)
[94.077s][info][gc,metaspace   ] GC(165) Metaspace: 9893K(10304K)->9893K(10304K) NonClass: 8590K(8832K)->8590K(8832K) Class: 1303K(1472K)->1303K(1472K)
[94.077s][info][gc             ] GC(165) Pause Young (Allocation Failure) 141M->5M(494M) 3.777ms
[94.077s][info][gc,cpu         ] GC(165) User=0.00s Sys=0.00s Real=0.00s
[94.644s][info][gc,start       ] GC(166) Pause Young (Allocation Failure)
[94.647s][info][gc,heap        ] GC(166) DefNew: 140977K(157248K)->1211K(157248K) Eden: 139776K(139776K)->0K(139776K) From: 1201K(17472K)->1211K(17472K)
[94.647s][info][gc,heap        ] GC(166) Tenured: 4076K(349568K)->4076K(349568K)
[94.648s][info][gc,metaspace   ] GC(166) Metaspace: 9893K(10304K)->9893K(10304K) NonClass: 8590K(8832K)->8590K(8832K) Class: 1303K(1472K)->1303K(1472K)
[94.648s][info][gc             ] GC(166) Pause Young (Allocation Failure) 141M->5M(494M) 3.809ms
[94.648s][info][gc,cpu         ] GC(166) User=0.00s Sys=0.00s Real=0.00s
[95.204s][info][gc,start       ] GC(167) Pause Young (Allocation Failure)
[95.208s][info][gc,heap        ] GC(167) DefNew: 140987K(157248K)->1236K(157248K) Eden: 139776K(139776K)->0K(139776K) From: 1211K(17472K)->1236K(17472K)
[95.208s][info][gc,heap        ] GC(167) Tenured: 4076K(349568K)->4076K(349568K)
[95.208s][info][gc,metaspace   ] GC(167) Metaspace: 9893K(10304K)->9893K(10304K) NonClass: 8590K(8832K)->8590K(8832K) Class: 1303K(1472K)->1303K(1472K)
[95.208s][info][gc             ] GC(167) Pause Young (Allocation Failure) 141M->5M(494M) 4.021ms
[95.208s][info][gc,cpu         ] GC(167) User=0.02s Sys=0.00s Real=0.02s
[95.611s][info][gc,start       ] GC(168) Pause Full (System.gc())
[95.611s][info][gc,phases,start] GC(168) Phase 1: Mark live objects
[95.625s][info][gc,phases      ] GC(168) Phase 1: Mark live objects 13.907ms
[95.625s][info][gc,phases,start] GC(168) Phase 2: Compute new object addresses
[95.656s][info][gc,phases      ] GC(168) Phase 2: Compute new object addresses 30.550ms
[95.656s][info][gc,phases,start] GC(168) Phase 3: Adjust pointers
[95.659s][info][gc,phases      ] GC(168) Phase 3: Adjust pointers 3.549ms
[95.659s][info][gc,phases,start] GC(168) Phase 4: Move objects
[95.659s][info][gc,phases      ] GC(168) Phase 4: Move objects 0.012ms
[95.659s][info][gc,heap        ] GC(168) DefNew: 98612K(157248K)->0K(157248K) Eden: 97375K(139776K)->0K(139776K) From: 1236K(17472K)->0K(17472K)
[95.659s][info][gc,heap        ] GC(168) Tenured: 4076K(349568K)->4076K(349568K)
[95.659s][info][gc,metaspace   ] GC(168) Metaspace: 9893K(10304K)->9893K(10304K) NonClass: 8590K(8832K)->8590K(8832K) Class: 1303K(1472K)->1303K(1472K)
[95.659s][info][gc             ] GC(168) Pause Full (System.gc()) 100M->3M(494M) 48.454ms
[95.659s][info][gc,cpu         ] GC(168) User=0.05s Sys=0.00s Real=0.05s
[96.224s][info][gc,start       ] GC(169) Pause Young (Allocation Failure)
[96.228s][info][gc,heap        ] GC(169) DefNew: 139776K(157248K)->1334K(157248K) Eden: 139776K(139776K)->0K(139776K) From: 0K(17472K)->1334K(17472K)
[96.229s][info][gc,heap        ] GC(169) Tenured: 4076K(349568K)->4076K(349568K)
[96.229s][info][gc,metaspace   ] GC(169) Metaspace: 9898K(10304K)->9898K(10304K) NonClass: 8595K(8832K)->8595K(8832K) Class: 1303K(1472K)->1303K(1472K)
[96.229s][info][gc             ] GC(169) Pause Young (Allocation Failure) 140M->5M(494M) 4.589ms
[96.229s][info][gc,cpu         ] GC(169) User=0.00s Sys=0.00s Real=0.00s
[96.794s][info][gc,start       ] GC(170) Pause Young (Allocation Failure)
[96.798s][info][gc,heap        ] GC(170) DefNew: 141110K(157248K)->1289K(157248K) Eden: 139776K(139776K)->0K(139776K) From: 1334K(17472K)->1289K(17472K)
[96.798s][info][gc,heap        ] GC(170) Tenured: 4076K(349568K)->4076K(349568K)
[96.798s][info][gc,metaspace   ] GC(170) Metaspace: 9898K(10304K)->9898K(10304K) NonClass: 8595K(8832K)->8595K(8832K) Class: 1303K(1472K)->1303K(1472K)
[96.798s][info][gc             ] GC(170) Pause Young (Allocation Failure) 141M->5M(494M) 4.502ms
[96.799s][info][gc,cpu         ] GC(170) User=0.00s Sys=0.00s Real=0.00s
[97.366s][info][gc,start       ] GC(171) Pause Young (Allocation Failure)
[97.369s][info][gc,heap        ] GC(171) DefNew: 141065K(157248K)->1203K(157248K) Eden: 139776K(139776K)->0K(139776K) From: 1289K(17472K)->1203K(17472K)
[97.370s][info][gc,heap        ] GC(171) Tenured: 4076K(349568K)->4076K(349568K)
[97.370s][info][gc,metaspace   ] GC(171) Metaspace: 9898K(10304K)->9898K(10304K) NonClass: 8595K(8832K)->8595K(8832K) Class: 1303K(1472K)->1303K(1472K)
[97.370s][info][gc             ] GC(171) Pause Young (Allocation Failure) 141M->5M(494M) 4.049ms
[97.370s][info][gc,cpu         ] GC(171) User=0.00s Sys=0.00s Real=0.00s
[97.939s][info][gc,start       ] GC(172) Pause Young (Allocation Failure)
[97.943s][info][gc,heap        ] GC(172) DefNew: 140979K(157248K)->1169K(157248K) Eden: 139776K(139776K)->0K(139776K) From: 1203K(17472K)->1169K(17472K)
[97.943s][info][gc,heap        ] GC(172) Tenured: 4076K(349568K)->4076K(349568K)
[97.943s][info][gc,metaspace   ] GC(172) Metaspace: 9898K(10304K)->9898K(10304K) NonClass: 8595K(8832K)->8595K(8832K) Class: 1303K(1472K)->1303K(1472K)
[97.943s][info][gc             ] GC(172) Pause Young (Allocation Failure) 141M->5M(494M) 3.916ms
[97.943s][info][gc,cpu         ] GC(172) User=0.00s Sys=0.00s Real=0.00s
[98.515s][info][gc,start       ] GC(173) Pause Young (Allocation Failure)
[98.519s][info][gc,heap        ] GC(173) DefNew: 140945K(157248K)->1314K(157248K) Eden: 139776K(139776K)->0K(139776K) From: 1169K(17472K)->1314K(17472K)
[98.519s][info][gc,heap        ] GC(173) Tenured: 4076K(349568K)->4076K(349568K)
[98.519s][info][gc,metaspace   ] GC(173) Metaspace: 9898K(10304K)->9898K(10304K) NonClass: 8595K(8832K)->8595K(8832K) Class: 1303K(1472K)->1303K(1472K)
[98.519s][info][gc             ] GC(173) Pause Young (Allocation Failure) 141M->5M(494M) 4.000ms
[98.519s][info][gc,cpu         ] GC(173) User=0.00s Sys=0.00s Real=0.00s
[99.086s][info][gc,start       ] GC(174) Pause Young (Allocation Failure)
[99.090s][info][gc,heap        ] GC(174) DefNew: 141090K(157248K)->1240K(157248K) Eden: 139776K(139776K)->0K(139776K) From: 1314K(17472K)->1240K(17472K)
[99.090s][info][gc,heap        ] GC(174) Tenured: 4076K(349568K)->4076K(349568K)
[99.090s][info][gc,metaspace   ] GC(174) Metaspace: 9898K(10304K)->9898K(10304K) NonClass: 8595K(8832K)->8595K(8832K) Class: 1303K(1472K)->1303K(1472K)
[99.090s][info][gc             ] GC(174) Pause Young (Allocation Failure) 141M->5M(494M) 3.841ms
[99.090s][info][gc,cpu         ] GC(174) User=0.00s Sys=0.00s Real=0.00s
[99.652s][info][gc,start       ] GC(175) Pause Young (Allocation Failure)
[99.656s][info][gc,heap        ] GC(175) DefNew: 141016K(157248K)->1259K(157248K) Eden: 139776K(139776K)->0K(139776K) From: 1240K(17472K)->1259K(17472K)
[99.656s][info][gc,heap        ] GC(175) Tenured: 4076K(349568K)->4076K(349568K)
[99.656s][info][gc,metaspace   ] GC(175) Metaspace: 9898K(10304K)->9898K(10304K) NonClass: 8595K(8832K)->8595K(8832K) Class: 1303K(1472K)->1303K(1472K)
[99.656s][info][gc             ] GC(175) Pause Young (Allocation Failure) 141M->5M(494M) 3.899ms
[99.656s][info][gc,cpu         ] GC(175) User=0.02s Sys=0.00s Real=0.01s
[100.218s][info][gc,start       ] GC(176) Pause Young (Allocation Failure)
[100.221s][info][gc,heap        ] GC(176) DefNew: 141035K(157248K)->1226K(157248K) Eden: 139776K(139776K)->0K(139776K) From: 1259K(17472K)->1226K(17472K)
[100.221s][info][gc,heap        ] GC(176) Tenured: 4076K(349568K)->4076K(349568K)
[100.221s][info][gc,metaspace   ] GC(176) Metaspace: 9898K(10304K)->9898K(10304K) NonClass: 8595K(8832K)->8595K(8832K) Class: 1303K(1472K)->1303K(1472K)
[100.222s][info][gc             ] GC(176) Pause Young (Allocation Failure) 141M->5M(494M) 3.850ms
[100.222s][info][gc,cpu         ] GC(176) User=0.02s Sys=0.00s Real=0.00s
[100.781s][info][gc,start       ] GC(177) Pause Young (Allocation Failure)
[100.784s][info][gc,heap        ] GC(177) DefNew: 141002K(157248K)->1229K(157248K) Eden: 139776K(139776K)->0K(139776K) From: 1226K(17472K)->1229K(17472K)
[100.785s][info][gc,heap        ] GC(177) Tenured: 4076K(349568K)->4076K(349568K)
[100.785s][info][gc,metaspace   ] GC(177) Metaspace: 9898K(10304K)->9898K(10304K) NonClass: 8595K(8832K)->8595K(8832K) Class: 1303K(1472K)->1303K(1472K)
[100.785s][info][gc             ] GC(177) Pause Young (Allocation Failure) 141M->5M(494M) 3.976ms
[100.785s][info][gc,cpu         ] GC(177) User=0.02s Sys=0.00s Real=0.02s
[101.336s][info][gc,start       ] GC(178) Pause Young (Allocation Failure)
[101.340s][info][gc,heap        ] GC(178) DefNew: 141005K(157248K)->1289K(157248K) Eden: 139776K(139776K)->0K(139776K) From: 1229K(17472K)->1289K(17472K)
[101.340s][info][gc,heap        ] GC(178) Tenured: 4076K(349568K)->4076K(349568K)
[101.340s][info][gc,metaspace   ] GC(178) Metaspace: 9898K(10304K)->9898K(10304K) NonClass: 8595K(8832K)->8595K(8832K) Class: 1303K(1472K)->1303K(1472K)
[101.340s][info][gc             ] GC(178) Pause Young (Allocation Failure) 141M->5M(494M) 3.987ms
[101.340s][info][gc,cpu         ] GC(178) User=0.02s Sys=0.00s Real=0.02s
[101.898s][info][gc,start       ] GC(179) Pause Young (Allocation Failure)
[101.901s][info][gc,heap        ] GC(179) DefNew: 141065K(157248K)->1210K(157248K) Eden: 139776K(139776K)->0K(139776K) From: 1289K(17472K)->1210K(17472K)
[101.901s][info][gc,heap        ] GC(179) Tenured: 4076K(349568K)->4076K(349568K)
[101.901s][info][gc,metaspace   ] GC(179) Metaspace: 9898K(10304K)->9898K(10304K) NonClass: 8595K(8832K)->8595K(8832K) Class: 1303K(1472K)->1303K(1472K)
[101.902s][info][gc             ] GC(179) Pause Young (Allocation Failure) 141M->5M(494M) 3.775ms
[101.902s][info][gc,cpu         ] GC(179) User=0.00s Sys=0.00s Real=0.00s
[102.287s][info][gc,start       ] GC(180) Pause Full (System.gc())
[102.287s][info][gc,phases,start] GC(180) Phase 1: Mark live objects
[102.300s][info][gc,phases      ] GC(180) Phase 1: Mark live objects 12.938ms
[102.300s][info][gc,phases,start] GC(180) Phase 2: Compute new object addresses
[102.330s][info][gc,phases      ] GC(180) Phase 2: Compute new object addresses 29.939ms
[102.330s][info][gc,phases,start] GC(180) Phase 3: Adjust pointers
[102.334s][info][gc,phases      ] GC(180) Phase 3: Adjust pointers 3.582ms
[102.334s][info][gc,phases,start] GC(180) Phase 4: Move objects
[102.334s][info][gc,phases      ] GC(180) Phase 4: Move objects 0.011ms
[102.334s][info][gc,heap        ] GC(180) DefNew: 94838K(157248K)->0K(157248K) Eden: 93627K(139776K)->0K(139776K) From: 1210K(17472K)->0K(17472K)
[102.334s][info][gc,heap        ] GC(180) Tenured: 4076K(349568K)->4075K(349568K)
[102.334s][info][gc,metaspace   ] GC(180) Metaspace: 9899K(10304K)->9899K(10304K) NonClass: 8595K(8832K)->8595K(8832K) Class: 1303K(1472K)->1303K(1472K)
[102.334s][info][gc             ] GC(180) Pause Full (System.gc()) 96M->3M(494M) 46.904ms
[102.334s][info][gc,cpu         ] GC(180) User=0.05s Sys=0.00s Real=0.05s
[102.906s][info][gc,start       ] GC(181) Pause Young (Allocation Failure)
[102.910s][info][gc,heap        ] GC(181) DefNew: 139776K(157248K)->1284K(157248K) Eden: 139776K(139776K)->0K(139776K) From: 0K(17472K)->1284K(17472K)
[102.910s][info][gc,heap        ] GC(181) Tenured: 4075K(349568K)->4075K(349568K)
[102.911s][info][gc,metaspace   ] GC(181) Metaspace: 9899K(10304K)->9899K(10304K) NonClass: 8595K(8832K)->8595K(8832K) Class: 1303K(1472K)->1303K(1472K)
[102.911s][info][gc             ] GC(181) Pause Young (Allocation Failure) 140M->5M(494M) 4.491ms
[102.911s][info][gc,cpu         ] GC(181) User=0.00s Sys=0.02s Real=0.02s
[103.458s][info][gc,start       ] GC(182) Pause Young (Allocation Failure)
[103.462s][info][gc,heap        ] GC(182) DefNew: 141060K(157248K)->1266K(157248K) Eden: 139776K(139776K)->0K(139776K) From: 1284K(17472K)->1266K(17472K)
[103.462s][info][gc,heap        ] GC(182) Tenured: 4075K(349568K)->4075K(349568K)
[103.462s][info][gc,metaspace   ] GC(182) Metaspace: 9899K(10304K)->9899K(10304K) NonClass: 8595K(8832K)->8595K(8832K) Class: 1303K(1472K)->1303K(1472K)
[103.462s][info][gc             ] GC(182) Pause Young (Allocation Failure) 141M->5M(494M) 4.344ms
[103.462s][info][gc,cpu         ] GC(182) User=0.02s Sys=0.00s Real=0.02s
[104.022s][info][gc,start       ] GC(183) Pause Young (Allocation Failure)
[104.026s][info][gc,heap        ] GC(183) DefNew: 141042K(157248K)->1231K(157248K) Eden: 139776K(139776K)->0K(139776K) From: 1266K(17472K)->1231K(17472K)
[104.026s][info][gc,heap        ] GC(183) Tenured: 4075K(349568K)->4075K(349568K)
[104.027s][info][gc,metaspace   ] GC(183) Metaspace: 9899K(10304K)->9899K(10304K) NonClass: 8595K(8832K)->8595K(8832K) Class: 1303K(1472K)->1303K(1472K)
[104.027s][info][gc             ] GC(183) Pause Young (Allocation Failure) 141M->5M(494M) 4.315ms
[104.027s][info][gc,cpu         ] GC(183) User=0.00s Sys=0.00s Real=0.00s
[104.586s][info][gc,start       ] GC(184) Pause Young (Allocation Failure)
[104.590s][info][gc,heap        ] GC(184) DefNew: 141007K(157248K)->1283K(157248K) Eden: 139776K(139776K)->0K(139776K) From: 1231K(17472K)->1283K(17472K)
[104.590s][info][gc,heap        ] GC(184) Tenured: 4075K(349568K)->4075K(349568K)
[104.590s][info][gc,metaspace   ] GC(184) Metaspace: 9899K(10304K)->9899K(10304K) NonClass: 8595K(8832K)->8595K(8832K) Class: 1303K(1472K)->1303K(1472K)
[104.590s][info][gc             ] GC(184) Pause Young (Allocation Failure) 141M->5M(494M) 4.050ms
[104.590s][info][gc,cpu         ] GC(184) User=0.00s Sys=0.00s Real=0.00s
[105.154s][info][gc,start       ] GC(185) Pause Young (Allocation Failure)
[105.158s][info][gc,heap        ] GC(185) DefNew: 141059K(157248K)->1210K(157248K) Eden: 139776K(139776K)->0K(139776K) From: 1283K(17472K)->1210K(17472K)
[105.158s][info][gc,heap        ] GC(185) Tenured: 4075K(349568K)->4075K(349568K)
[105.158s][info][gc,metaspace   ] GC(185) Metaspace: 9899K(10304K)->9899K(10304K) NonClass: 8595K(8832K)->8595K(8832K) Class: 1303K(1472K)->1303K(1472K)
[105.158s][info][gc             ] GC(185) Pause Young (Allocation Failure) 141M->5M(494M) 3.974ms
[105.158s][info][gc,cpu         ] GC(185) User=0.00s Sys=0.00s Real=0.00s
[105.717s][info][gc,start       ] GC(186) Pause Young (Allocation Failure)
[105.721s][info][gc,heap        ] GC(186) DefNew: 140986K(157248K)->1214K(157248K) Eden: 139776K(139776K)->0K(139776K) From: 1210K(17472K)->1214K(17472K)
[105.721s][info][gc,heap        ] GC(186) Tenured: 4075K(349568K)->4075K(349568K)
[105.721s][info][gc,metaspace   ] GC(186) Metaspace: 9899K(10304K)->9899K(10304K) NonClass: 8595K(8832K)->8595K(8832K) Class: 1303K(1472K)->1303K(1472K)
[105.721s][info][gc             ] GC(186) Pause Young (Allocation Failure) 141M->5M(494M) 3.786ms
[105.721s][info][gc,cpu         ] GC(186) User=0.00s Sys=0.00s Real=0.00s
[106.291s][info][gc,start       ] GC(187) Pause Young (Allocation Failure)
[106.295s][info][gc,heap        ] GC(187) DefNew: 140990K(157248K)->1224K(157248K) Eden: 139776K(139776K)->0K(139776K) From: 1214K(17472K)->1224K(17472K)
[106.295s][info][gc,heap        ] GC(187) Tenured: 4075K(349568K)->4075K(349568K)
[106.295s][info][gc,metaspace   ] GC(187) Metaspace: 9899K(10304K)->9899K(10304K) NonClass: 8595K(8832K)->8595K(8832K) Class: 1303K(1472K)->1303K(1472K)
[106.295s][info][gc             ] GC(187) Pause Young (Allocation Failure) 141M->5M(494M) 3.805ms
[106.295s][info][gc,cpu         ] GC(187) User=0.00s Sys=0.00s Real=0.00s
[106.854s][info][gc,start       ] GC(188) Pause Young (Allocation Failure)
[106.858s][info][gc,heap        ] GC(188) DefNew: 141000K(157248K)->1176K(157248K) Eden: 139776K(139776K)->0K(139776K) From: 1224K(17472K)->1176K(17472K)
[106.858s][info][gc,heap        ] GC(188) Tenured: 4075K(349568K)->4075K(349568K)
[106.858s][info][gc,metaspace   ] GC(188) Metaspace: 9899K(10304K)->9899K(10304K) NonClass: 8595K(8832K)->8595K(8832K) Class: 1303K(1472K)->1303K(1472K)
[106.858s][info][gc             ] GC(188) Pause Young (Allocation Failure) 141M->5M(494M) 3.700ms
[106.858s][info][gc,cpu         ] GC(188) User=0.00s Sys=0.00s Real=0.00s
[107.417s][info][gc,start       ] GC(189) Pause Young (Allocation Failure)
[107.421s][info][gc,heap        ] GC(189) DefNew: 140952K(157248K)->1251K(157248K) Eden: 139776K(139776K)->0K(139776K) From: 1176K(17472K)->1251K(17472K)
[107.421s][info][gc,heap        ] GC(189) Tenured: 4075K(349568K)->4075K(349568K)
[107.421s][info][gc,metaspace   ] GC(189) Metaspace: 9899K(10304K)->9899K(10304K) NonClass: 8595K(8832K)->8595K(8832K) Class: 1303K(1472K)->1303K(1472K)
[107.421s][info][gc             ] GC(189) Pause Young (Allocation Failure) 141M->5M(494M) 3.850ms
[107.421s][info][gc,cpu         ] GC(189) User=0.00s Sys=0.00s Real=0.00s
[107.980s][info][gc,start       ] GC(190) Pause Young (Allocation Failure)
[107.983s][info][gc,heap        ] GC(190) DefNew: 141027K(157248K)->1180K(157248K) Eden: 139776K(139776K)->0K(139776K) From: 1251K(17472K)->1180K(17472K)
[107.983s][info][gc,heap        ] GC(190) Tenured: 4075K(349568K)->4075K(349568K)
[107.983s][info][gc,metaspace   ] GC(190) Metaspace: 9899K(10304K)->9899K(10304K) NonClass: 8595K(8832K)->8595K(8832K) Class: 1303K(1472K)->1303K(1472K)
[107.983s][info][gc             ] GC(190) Pause Young (Allocation Failure) 141M->5M(494M) 3.832ms
[107.983s][info][gc,cpu         ] GC(190) User=0.00s Sys=0.00s Real=0.00s
[108.543s][info][gc,start       ] GC(191) Pause Young (Allocation Failure)
[108.546s][info][gc,heap        ] GC(191) DefNew: 140956K(157248K)->1215K(157248K) Eden: 139776K(139776K)->0K(139776K) From: 1180K(17472K)->1215K(17472K)
[108.547s][info][gc,heap        ] GC(191) Tenured: 4075K(349568K)->4075K(349568K)
[108.547s][info][gc,metaspace   ] GC(191) Metaspace: 9899K(10304K)->9899K(10304K) NonClass: 8595K(8832K)->8595K(8832K) Class: 1303K(1472K)->1303K(1472K)
[108.547s][info][gc             ] GC(191) Pause Young (Allocation Failure) 141M->5M(494M) 3.952ms
[108.547s][info][gc,cpu         ] GC(191) User=0.00s Sys=0.00s Real=0.00s
[108.901s][info][gc,start       ] GC(192) Pause Full (System.gc())
[108.901s][info][gc,phases,start] GC(192) Phase 1: Mark live objects
[108.914s][info][gc,phases      ] GC(192) Phase 1: Mark live objects 13.197ms
[108.914s][info][gc,phases,start] GC(192) Phase 2: Compute new object addresses
[108.943s][info][gc,phases      ] GC(192) Phase 2: Compute new object addresses 28.574ms
[108.943s][info][gc,phases,start] GC(192) Phase 3: Adjust pointers
[108.946s][info][gc,phases      ] GC(192) Phase 3: Adjust pointers 3.555ms
[108.946s][info][gc,phases,start] GC(192) Phase 4: Move objects
[108.946s][info][gc,phases      ] GC(192) Phase 4: Move objects 0.011ms
[108.946s][info][gc,heap        ] GC(192) DefNew: 90045K(157248K)->0K(157248K) Eden: 88829K(139776K)->0K(139776K) From: 1215K(17472K)->0K(17472K)
[108.946s][info][gc,heap        ] GC(192) Tenured: 4075K(349568K)->4075K(349568K)
[108.947s][info][gc,metaspace   ] GC(192) Metaspace: 9899K(10304K)->9899K(10304K) NonClass: 8596K(8832K)->8596K(8832K) Class: 1303K(1472K)->1303K(1472K)
[108.947s][info][gc             ] GC(192) Pause Full (System.gc()) 91M->3M(494M) 45.782ms
[108.947s][info][gc,cpu         ] GC(192) User=0.05s Sys=0.00s Real=0.05s
[109.503s][info][gc,start       ] GC(193) Pause Young (Allocation Failure)
[109.507s][info][gc,heap        ] GC(193) DefNew: 139776K(157248K)->1257K(157248K) Eden: 139776K(139776K)->0K(139776K) From: 0K(17472K)->1257K(17472K)
[109.507s][info][gc,heap        ] GC(193) Tenured: 4075K(349568K)->4075K(349568K)
[109.507s][info][gc,metaspace   ] GC(193) Metaspace: 9899K(10304K)->9899K(10304K) NonClass: 8596K(8832K)->8596K(8832K) Class: 1303K(1472K)->1303K(1472K)
[109.507s][info][gc             ] GC(193) Pause Young (Allocation Failure) 140M->5M(494M) 4.406ms
[109.507s][info][gc,cpu         ] GC(193) User=0.02s Sys=0.00s Real=0.02s
[110.076s][info][gc,start       ] GC(194) Pause Young (Allocation Failure)
[110.080s][info][gc,heap        ] GC(194) DefNew: 141033K(157248K)->1192K(157248K) Eden: 139776K(139776K)->0K(139776K) From: 1257K(17472K)->1192K(17472K)
[110.080s][info][gc,heap        ] GC(194) Tenured: 4075K(349568K)->4075K(349568K)
[110.080s][info][gc,metaspace   ] GC(194) Metaspace: 9899K(10304K)->9899K(10304K) NonClass: 8596K(8832K)->8596K(8832K) Class: 1303K(1472K)->1303K(1472K)
[110.080s][info][gc             ] GC(194) Pause Young (Allocation Failure) 141M->5M(494M) 4.018ms
[110.080s][info][gc,cpu         ] GC(194) User=0.00s Sys=0.00s Real=0.00s
[110.642s][info][gc,start       ] GC(195) Pause Young (Allocation Failure)
[110.645s][info][gc,heap        ] GC(195) DefNew: 140968K(157248K)->1146K(157248K) Eden: 139776K(139776K)->0K(139776K) From: 1192K(17472K)->1146K(17472K)
[110.645s][info][gc,heap        ] GC(195) Tenured: 4075K(349568K)->4075K(349568K)
[110.645s][info][gc,metaspace   ] GC(195) Metaspace: 9899K(10304K)->9899K(10304K) NonClass: 8596K(8832K)->8596K(8832K) Class: 1303K(1472K)->1303K(1472K)
[110.645s][info][gc             ] GC(195) Pause Young (Allocation Failure) 141M->5M(494M) 3.731ms
[110.645s][info][gc,cpu         ] GC(195) User=0.02s Sys=0.00s Real=0.02s
[111.209s][info][gc,start       ] GC(196) Pause Young (Allocation Failure)
[111.213s][info][gc,heap        ] GC(196) DefNew: 140922K(157248K)->1193K(157248K) Eden: 139776K(139776K)->0K(139776K) From: 1146K(17472K)->1193K(17472K)
[111.213s][info][gc,heap        ] GC(196) Tenured: 4075K(349568K)->4075K(349568K)
[111.213s][info][gc,metaspace   ] GC(196) Metaspace: 9899K(10304K)->9899K(10304K) NonClass: 8596K(8832K)->8596K(8832K) Class: 1303K(1472K)->1303K(1472K)
[111.214s][info][gc             ] GC(196) Pause Young (Allocation Failure) 141M->5M(494M) 4.064ms
[111.214s][info][gc,cpu         ] GC(196) User=0.00s Sys=0.00s Real=0.00s
[111.777s][info][gc,start       ] GC(197) Pause Young (Allocation Failure)
[111.781s][info][gc,heap        ] GC(197) DefNew: 140969K(157248K)->1229K(157248K) Eden: 139776K(139776K)->0K(139776K) From: 1193K(17472K)->1229K(17472K)
[111.781s][info][gc,heap        ] GC(197) Tenured: 4075K(349568K)->4075K(349568K)
[111.781s][info][gc,metaspace   ] GC(197) Metaspace: 9899K(10304K)->9899K(10304K) NonClass: 8596K(8832K)->8596K(8832K) Class: 1303K(1472K)->1303K(1472K)
[111.781s][info][gc             ] GC(197) Pause Young (Allocation Failure) 141M->5M(494M) 4.200ms
[111.781s][info][gc,cpu         ] GC(197) User=0.00s Sys=0.00s Real=0.00s
[112.345s][info][gc,start       ] GC(198) Pause Young (Allocation Failure)
[112.349s][info][gc,heap        ] GC(198) DefNew: 141005K(157248K)->1217K(157248K) Eden: 139776K(139776K)->0K(139776K) From: 1229K(17472K)->1217K(17472K)
[112.349s][info][gc,heap        ] GC(198) Tenured: 4075K(349568K)->4075K(349568K)
[112.349s][info][gc,metaspace   ] GC(198) Metaspace: 9899K(10304K)->9899K(10304K) NonClass: 8596K(8832K)->8596K(8832K) Class: 1303K(1472K)->1303K(1472K)
[112.349s][info][gc             ] GC(198) Pause Young (Allocation Failure) 141M->5M(494M) 3.844ms
[112.349s][info][gc,cpu         ] GC(198) User=0.02s Sys=0.00s Real=0.02s
[112.902s][info][gc,start       ] GC(199) Pause Young (Allocation Failure)
[112.905s][info][gc,heap        ] GC(199) DefNew: 140993K(157248K)->1186K(157248K) Eden: 139776K(139776K)->0K(139776K) From: 1217K(17472K)->1186K(17472K)
[112.905s][info][gc,heap        ] GC(199) Tenured: 4075K(349568K)->4075K(349568K)
[112.905s][info][gc,metaspace   ] GC(199) Metaspace: 9899K(10304K)->9899K(10304K) NonClass: 8596K(8832K)->8596K(8832K) Class: 1303K(1472K)->1303K(1472K)
[112.906s][info][gc             ] GC(199) Pause Young (Allocation Failure) 141M->5M(494M) 3.692ms
[112.906s][info][gc,cpu         ] GC(199) User=0.00s Sys=0.00s Real=0.00s
[113.476s][info][gc,start       ] GC(200) Pause Young (Allocation Failure)
[113.479s][info][gc,heap        ] GC(200) DefNew: 140962K(157248K)->1201K(157248K) Eden: 139776K(139776K)->0K(139776K) From: 1186K(17472K)->1201K(17472K)
[113.479s][info][gc,heap        ] GC(200) Tenured: 4075K(349568K)->4075K(349568K)
[113.479s][info][gc,metaspace   ] GC(200) Metaspace: 9899K(10304K)->9899K(10304K) NonClass: 8596K(8832K)->8596K(8832K) Class: 1303K(1472K)->1303K(1472K)
[113.479s][info][gc             ] GC(200) Pause Young (Allocation Failure) 141M->5M(494M) 3.733ms
[113.479s][info][gc,cpu         ] GC(200) User=0.00s Sys=0.00s Real=0.00s
[114.027s][info][gc,start       ] GC(201) Pause Young (Allocation Failure)
[114.030s][info][gc,heap        ] GC(201) DefNew: 140977K(157248K)->1193K(157248K) Eden: 139776K(139776K)->0K(139776K) From: 1201K(17472K)->1193K(17472K)
[114.031s][info][gc,heap        ] GC(201) Tenured: 4075K(349568K)->4075K(349568K)
[114.031s][info][gc,metaspace   ] GC(201) Metaspace: 9899K(10304K)->9899K(10304K) NonClass: 8596K(8832K)->8596K(8832K) Class: 1303K(1472K)->1303K(1472K)
[114.031s][info][gc             ] GC(201) Pause Young (Allocation Failure) 141M->5M(494M) 3.903ms
[114.031s][info][gc,cpu         ] GC(201) User=0.02s Sys=0.00s Real=0.02s
[114.595s][info][gc,start       ] GC(202) Pause Young (Allocation Failure)
[114.599s][info][gc,heap        ] GC(202) DefNew: 140969K(157248K)->1210K(157248K) Eden: 139776K(139776K)->0K(139776K) From: 1193K(17472K)->1210K(17472K)
[114.599s][info][gc,heap        ] GC(202) Tenured: 4075K(349568K)->4075K(349568K)
[114.599s][info][gc,metaspace   ] GC(202) Metaspace: 9899K(10304K)->9899K(10304K) NonClass: 8596K(8832K)->8596K(8832K) Class: 1303K(1472K)->1303K(1472K)
[114.599s][info][gc             ] GC(202) Pause Young (Allocation Failure) 141M->5M(494M) 3.803ms
[114.599s][info][gc,cpu         ] GC(202) User=0.02s Sys=0.00s Real=0.02s
[115.142s][info][gc,start       ] GC(203) Pause Young (Allocation Failure)
[115.159s][info][gc,heap        ] GC(203) DefNew: 140986K(157248K)->1191K(157248K) Eden: 139776K(139776K)->0K(139776K) From: 1210K(17472K)->1191K(17472K)
[115.159s][info][gc,heap        ] GC(203) Tenured: 4075K(349568K)->4075K(349568K)
[115.159s][info][gc,metaspace   ] GC(203) Metaspace: 9899K(10304K)->9899K(10304K) NonClass: 8596K(8832K)->8596K(8832K) Class: 1303K(1472K)->1303K(1472K)
[115.159s][info][gc             ] GC(203) Pause Young (Allocation Failure) 141M->5M(494M) 17.990ms
[115.160s][info][gc,cpu         ] GC(203) User=0.00s Sys=0.00s Real=0.02s
[115.542s][info][gc,start       ] GC(204) Pause Full (System.gc())
[115.542s][info][gc,phases,start] GC(204) Phase 1: Mark live objects
[115.555s][info][gc,phases      ] GC(204) Phase 1: Mark live objects 13.139ms
[115.555s][info][gc,phases,start] GC(204) Phase 2: Compute new object addresses
[115.585s][info][gc,phases      ] GC(204) Phase 2: Compute new object addresses 29.783ms
[115.585s][info][gc,phases,start] GC(204) Phase 3: Adjust pointers
[115.589s][info][gc,phases      ] GC(204) Phase 3: Adjust pointers 3.587ms
[115.589s][info][gc,phases,start] GC(204) Phase 4: Move objects
[115.589s][info][gc,phases      ] GC(204) Phase 4: Move objects 0.011ms
[115.589s][info][gc,heap        ] GC(204) DefNew: 94894K(157248K)->0K(157248K) Eden: 93703K(139776K)->0K(139776K) From: 1191K(17472K)->0K(17472K)
[115.589s][info][gc,heap        ] GC(204) Tenured: 4075K(349568K)->4075K(349568K)
[115.589s][info][gc,metaspace   ] GC(204) Metaspace: 9899K(10304K)->9899K(10304K) NonClass: 8596K(8832K)->8596K(8832K) Class: 1303K(1472K)->1303K(1472K)
[115.589s][info][gc             ] GC(204) Pause Full (System.gc()) 96M->3M(494M) 46.969ms
[115.589s][info][gc,cpu         ] GC(204) User=0.05s Sys=0.00s Real=0.05s
[116.155s][info][gc,start       ] GC(205) Pause Young (Allocation Failure)
[116.159s][info][gc,heap        ] GC(205) DefNew: 139776K(157248K)->1180K(157248K) Eden: 139776K(139776K)->0K(139776K) From: 0K(17472K)->1180K(17472K)
[116.159s][info][gc,heap        ] GC(205) Tenured: 4075K(349568K)->4075K(349568K)
[116.159s][info][gc,metaspace   ] GC(205) Metaspace: 9899K(10304K)->9899K(10304K) NonClass: 8596K(8832K)->8596K(8832K) Class: 1303K(1472K)->1303K(1472K)
[116.159s][info][gc             ] GC(205) Pause Young (Allocation Failure) 140M->5M(494M) 4.210ms
[116.159s][info][gc,cpu         ] GC(205) User=0.02s Sys=0.00s Real=0.02s
[116.712s][info][gc,start       ] GC(206) Pause Young (Allocation Failure)
[116.716s][info][gc,heap        ] GC(206) DefNew: 140956K(157248K)->1231K(157248K) Eden: 139776K(139776K)->0K(139776K) From: 1180K(17472K)->1231K(17472K)
[116.716s][info][gc,heap        ] GC(206) Tenured: 4075K(349568K)->4075K(349568K)
[116.716s][info][gc,metaspace   ] GC(206) Metaspace: 9899K(10304K)->9899K(10304K) NonClass: 8596K(8832K)->8596K(8832K) Class: 1303K(1472K)->1303K(1472K)
[116.716s][info][gc             ] GC(206) Pause Young (Allocation Failure) 141M->5M(494M) 4.119ms
[116.716s][info][gc,cpu         ] GC(206) User=0.00s Sys=0.00s Real=0.00s
[117.287s][info][gc,start       ] GC(207) Pause Young (Allocation Failure)
[117.291s][info][gc,heap        ] GC(207) DefNew: 141007K(157248K)->1246K(157248K) Eden: 139776K(139776K)->0K(139776K) From: 1231K(17472K)->1246K(17472K)
[117.291s][info][gc,heap        ] GC(207) Tenured: 4075K(349568K)->4075K(349568K)
[117.291s][info][gc,metaspace   ] GC(207) Metaspace: 9899K(10304K)->9899K(10304K) NonClass: 8596K(8832K)->8596K(8832K) Class: 1303K(1472K)->1303K(1472K)
[117.291s][info][gc             ] GC(207) Pause Young (Allocation Failure) 141M->5M(494M) 4.140ms
[117.291s][info][gc,cpu         ] GC(207) User=0.00s Sys=0.00s Real=0.00s
[117.861s][info][gc,start       ] GC(208) Pause Young (Allocation Failure)
[117.865s][info][gc,heap        ] GC(208) DefNew: 141022K(157248K)->1273K(157248K) Eden: 139776K(139776K)->0K(139776K) From: 1246K(17472K)->1273K(17472K)
[117.865s][info][gc,heap        ] GC(208) Tenured: 4075K(349568K)->4075K(349568K)
[117.865s][info][gc,metaspace   ] GC(208) Metaspace: 9899K(10304K)->9899K(10304K) NonClass: 8596K(8832K)->8596K(8832K) Class: 1303K(1472K)->1303K(1472K)
[117.865s][info][gc             ] GC(208) Pause Young (Allocation Failure) 141M->5M(494M) 4.051ms
[117.865s][info][gc,cpu         ] GC(208) User=0.00s Sys=0.00s Real=0.00s
[118.433s][info][gc,start       ] GC(209) Pause Young (Allocation Failure)
[118.437s][info][gc,heap        ] GC(209) DefNew: 141049K(157248K)->1257K(157248K) Eden: 139776K(139776K)->0K(139776K) From: 1273K(17472K)->1257K(17472K)
[118.437s][info][gc,heap        ] GC(209) Tenured: 4075K(349568K)->4075K(349568K)
[118.437s][info][gc,metaspace   ] GC(209) Metaspace: 9899K(10304K)->9899K(10304K) NonClass: 8596K(8832K)->8596K(8832K) Class: 1303K(1472K)->1303K(1472K)
[118.437s][info][gc             ] GC(209) Pause Young (Allocation Failure) 141M->5M(494M) 4.193ms
[118.437s][info][gc,cpu         ] GC(209) User=0.02s Sys=0.00s Real=0.02s
[118.981s][info][gc,start       ] GC(210) Pause Young (Allocation Failure)
[118.985s][info][gc,heap        ] GC(210) DefNew: 141033K(157248K)->1337K(157248K) Eden: 139776K(139776K)->0K(139776K) From: 1257K(17472K)->1337K(17472K)
[118.985s][info][gc,heap        ] GC(210) Tenured: 4075K(349568K)->4075K(349568K)
[118.985s][info][gc,metaspace   ] GC(210) Metaspace: 9899K(10304K)->9899K(10304K) NonClass: 8596K(8832K)->8596K(8832K) Class: 1303K(1472K)->1303K(1472K)
[118.985s][info][gc             ] GC(210) Pause Young (Allocation Failure) 141M->5M(494M) 4.088ms
[118.985s][info][gc,cpu         ] GC(210) User=0.02s Sys=0.00s Real=0.02s
[119.549s][info][gc,start       ] GC(211) Pause Young (Allocation Failure)
[119.552s][info][gc,heap        ] GC(211) DefNew: 141113K(157248K)->1287K(157248K) Eden: 139776K(139776K)->0K(139776K) From: 1337K(17472K)->1287K(17472K)
[119.553s][info][gc,heap        ] GC(211) Tenured: 4075K(349568K)->4075K(349568K)
[119.553s][info][gc,metaspace   ] GC(211) Metaspace: 9899K(10304K)->9899K(10304K) NonClass: 8596K(8832K)->8596K(8832K) Class: 1303K(1472K)->1303K(1472K)
[119.553s][info][gc             ] GC(211) Pause Young (Allocation Failure) 141M->5M(494M) 3.972ms
[119.553s][info][gc,cpu         ] GC(211) User=0.00s Sys=0.00s Real=0.00s
[120.113s][info][gc,start       ] GC(212) Pause Young (Allocation Failure)
[120.116s][info][gc,heap        ] GC(212) DefNew: 141063K(157248K)->1269K(157248K) Eden: 139776K(139776K)->0K(139776K) From: 1287K(17472K)->1269K(17472K)
[120.117s][info][gc,heap        ] GC(212) Tenured: 4075K(349568K)->4075K(349568K)
[120.117s][info][gc,metaspace   ] GC(212) Metaspace: 9899K(10304K)->9899K(10304K) NonClass: 8596K(8832K)->8596K(8832K) Class: 1303K(1472K)->1303K(1472K)
[120.117s][info][gc             ] GC(212) Pause Young (Allocation Failure) 141M->5M(494M) 3.878ms
[120.117s][info][gc,cpu         ] GC(212) User=0.00s Sys=0.00s Real=0.00s
[120.674s][info][gc,start       ] GC(213) Pause Young (Allocation Failure)
[120.677s][info][gc,heap        ] GC(213) DefNew: 141045K(157248K)->1200K(157248K) Eden: 139776K(139776K)->0K(139776K) From: 1269K(17472K)->1200K(17472K)
[120.677s][info][gc,heap        ] GC(213) Tenured: 4075K(349568K)->4075K(349568K)
[120.677s][info][gc,metaspace   ] GC(213) Metaspace: 9899K(10304K)->9899K(10304K) NonClass: 8596K(8832K)->8596K(8832K) Class: 1303K(1472K)->1303K(1472K)
[120.678s][info][gc             ] GC(213) Pause Young (Allocation Failure) 141M->5M(494M) 3.914ms
[120.678s][info][gc,cpu         ] GC(213) User=0.00s Sys=0.00s Real=0.00s
[121.251s][info][gc,start       ] GC(214) Pause Young (Allocation Failure)
[121.255s][info][gc,heap        ] GC(214) DefNew: 140976K(157248K)->1211K(157248K) Eden: 139776K(139776K)->0K(139776K) From: 1200K(17472K)->1211K(17472K)
[121.255s][info][gc,heap        ] GC(214) Tenured: 4075K(349568K)->4075K(349568K)
[121.255s][info][gc,metaspace   ] GC(214) Metaspace: 9899K(10304K)->9899K(10304K) NonClass: 8596K(8832K)->8596K(8832K) Class: 1303K(1472K)->1303K(1472K)
[121.255s][info][gc             ] GC(214) Pause Young (Allocation Failure) 141M->5M(494M) 3.772ms
[121.255s][info][gc,cpu         ] GC(214) User=0.00s Sys=0.00s Real=0.00s
[121.822s][info][gc,start       ] GC(215) Pause Young (Allocation Failure)
[121.826s][info][gc,heap        ] GC(215) DefNew: 140987K(157248K)->1302K(157248K) Eden: 139776K(139776K)->0K(139776K) From: 1211K(17472K)->1302K(17472K)
[121.826s][info][gc,heap        ] GC(215) Tenured: 4075K(349568K)->4075K(349568K)
[121.826s][info][gc,metaspace   ] GC(215) Metaspace: 9899K(10304K)->9899K(10304K) NonClass: 8596K(8832K)->8596K(8832K) Class: 1303K(1472K)->1303K(1472K)
[121.826s][info][gc             ] GC(215) Pause Young (Allocation Failure) 141M->5M(494M) 4.052ms
[121.827s][info][gc,cpu         ] GC(215) User=0.00s Sys=0.00s Real=0.00s
[122.182s][info][gc,start       ] GC(216) Pause Full (System.gc())
[122.182s][info][gc,phases,start] GC(216) Phase 1: Mark live objects
[122.196s][info][gc,phases      ] GC(216) Phase 1: Mark live objects 13.499ms
[122.196s][info][gc,phases,start] GC(216) Phase 2: Compute new object addresses
[122.226s][info][gc,phases      ] GC(216) Phase 2: Compute new object addresses 29.832ms
[122.226s][info][gc,phases,start] GC(216) Phase 3: Adjust pointers
[122.229s][info][gc,phases      ] GC(216) Phase 3: Adjust pointers 3.552ms
[122.229s][info][gc,phases,start] GC(216) Phase 4: Move objects
[122.229s][info][gc,phases      ] GC(216) Phase 4: Move objects 0.013ms
[122.230s][info][gc,heap        ] GC(216) DefNew: 91780K(157248K)->0K(157248K) Eden: 90478K(139776K)->0K(139776K) From: 1302K(17472K)->0K(17472K)
[122.230s][info][gc,heap        ] GC(216) Tenured: 4075K(349568K)->4076K(349568K)
[122.230s][info][gc,metaspace   ] GC(216) Metaspace: 9901K(10304K)->9901K(10304K) NonClass: 8597K(8832K)->8597K(8832K) Class: 1303K(1472K)->1303K(1472K)
[122.230s][info][gc             ] GC(216) Pause Full (System.gc()) 93M->3M(494M) 47.332ms
[122.230s][info][gc,cpu         ] GC(216) User=0.05s Sys=0.00s Real=0.05s
[122.795s][info][gc,start       ] GC(217) Pause Young (Allocation Failure)
[122.799s][info][gc,heap        ] GC(217) DefNew: 139776K(157248K)->1141K(157248K) Eden: 139776K(139776K)->0K(139776K) From: 0K(17472K)->1141K(17472K)
[122.799s][info][gc,heap        ] GC(217) Tenured: 4076K(349568K)->4076K(349568K)
[122.799s][info][gc,metaspace   ] GC(217) Metaspace: 9901K(10304K)->9901K(10304K) NonClass: 8597K(8832K)->8597K(8832K) Class: 1303K(1472K)->1303K(1472K)
[122.799s][info][gc             ] GC(217) Pause Young (Allocation Failure) 140M->5M(494M) 4.124ms
[122.799s][info][gc,cpu         ] GC(217) User=0.00s Sys=0.00s Real=0.00s
[123.358s][info][gc,start       ] GC(218) Pause Young (Allocation Failure)
[123.362s][info][gc,heap        ] GC(218) DefNew: 140917K(157248K)->1250K(157248K) Eden: 139776K(139776K)->0K(139776K) From: 1141K(17472K)->1250K(17472K)
[123.362s][info][gc,heap        ] GC(218) Tenured: 4076K(349568K)->4076K(349568K)
[123.362s][info][gc,metaspace   ] GC(218) Metaspace: 9901K(10304K)->9901K(10304K) NonClass: 8597K(8832K)->8597K(8832K) Class: 1303K(1472K)->1303K(1472K)
[123.362s][info][gc             ] GC(218) Pause Young (Allocation Failure) 141M->5M(494M) 4.042ms
[123.362s][info][gc,cpu         ] GC(218) User=0.00s Sys=0.00s Real=0.00s
[123.937s][info][gc,start       ] GC(219) Pause Young (Allocation Failure)
[123.940s][info][gc,heap        ] GC(219) DefNew: 141026K(157248K)->1189K(157248K) Eden: 139776K(139776K)->0K(139776K) From: 1250K(17472K)->1189K(17472K)
[123.941s][info][gc,heap        ] GC(219) Tenured: 4076K(349568K)->4076K(349568K)
[123.941s][info][gc,metaspace   ] GC(219) Metaspace: 9901K(10304K)->9901K(10304K) NonClass: 8597K(8832K)->8597K(8832K) Class: 1303K(1472K)->1303K(1472K)
[123.941s][info][gc             ] GC(219) Pause Young (Allocation Failure) 141M->5M(494M) 4.169ms
[123.941s][info][gc,cpu         ] GC(219) User=0.02s Sys=0.00s Real=0.02s
[124.516s][info][gc,start       ] GC(220) Pause Young (Allocation Failure)
[124.519s][info][gc,heap        ] GC(220) DefNew: 140965K(157248K)->1193K(157248K) Eden: 139776K(139776K)->0K(139776K) From: 1189K(17472K)->1193K(17472K)
[124.519s][info][gc,heap        ] GC(220) Tenured: 4076K(349568K)->4076K(349568K)
[124.519s][info][gc,metaspace   ] GC(220) Metaspace: 9901K(10304K)->9901K(10304K) NonClass: 8597K(8832K)->8597K(8832K) Class: 1303K(1472K)->1303K(1472K)
[124.519s][info][gc             ] GC(220) Pause Young (Allocation Failure) 141M->5M(494M) 3.719ms
[124.519s][info][gc,cpu         ] GC(220) User=0.00s Sys=0.00s Real=0.00s
[125.080s][info][gc,start       ] GC(221) Pause Young (Allocation Failure)
[125.083s][info][gc,heap        ] GC(221) DefNew: 140969K(157248K)->1186K(157248K) Eden: 139776K(139776K)->0K(139776K) From: 1193K(17472K)->1186K(17472K)
[125.083s][info][gc,heap        ] GC(221) Tenured: 4076K(349568K)->4076K(349568K)
[125.083s][info][gc,metaspace   ] GC(221) Metaspace: 9901K(10304K)->9901K(10304K) NonClass: 8597K(8832K)->8597K(8832K) Class: 1303K(1472K)->1303K(1472K)
[125.083s][info][gc             ] GC(221) Pause Young (Allocation Failure) 141M->5M(494M) 3.755ms
[125.083s][info][gc,cpu         ] GC(221) User=0.00s Sys=0.00s Real=0.00s
[125.663s][info][gc,start       ] GC(222) Pause Young (Allocation Failure)
[125.667s][info][gc,heap        ] GC(222) DefNew: 140962K(157248K)->1150K(157248K) Eden: 139776K(139776K)->0K(139776K) From: 1186K(17472K)->1150K(17472K)
[125.667s][info][gc,heap        ] GC(222) Tenured: 4076K(349568K)->4076K(349568K)
[125.667s][info][gc,metaspace   ] GC(222) Metaspace: 9901K(10304K)->9901K(10304K) NonClass: 8597K(8832K)->8597K(8832K) Class: 1303K(1472K)->1303K(1472K)
[125.667s][info][gc             ] GC(222) Pause Young (Allocation Failure) 141M->5M(494M) 3.833ms
[125.667s][info][gc,cpu         ] GC(222) User=0.02s Sys=0.00s Real=0.02s
[126.236s][info][gc,start       ] GC(223) Pause Young (Allocation Failure)
[126.240s][info][gc,heap        ] GC(223) DefNew: 140926K(157248K)->1209K(157248K) Eden: 139776K(139776K)->0K(139776K) From: 1150K(17472K)->1209K(17472K)
[126.240s][info][gc,heap        ] GC(223) Tenured: 4076K(349568K)->4076K(349568K)
[126.240s][info][gc,metaspace   ] GC(223) Metaspace: 9901K(10304K)->9901K(10304K) NonClass: 8597K(8832K)->8597K(8832K) Class: 1303K(1472K)->1303K(1472K)
[126.240s][info][gc             ] GC(223) Pause Young (Allocation Failure) 141M->5M(494M) 3.746ms
[126.240s][info][gc,cpu         ] GC(223) User=0.00s Sys=0.00s Real=0.00s
[126.822s][info][gc,start       ] GC(224) Pause Young (Allocation Failure)
[126.826s][info][gc,heap        ] GC(224) DefNew: 140985K(157248K)->1182K(157248K) Eden: 139776K(139776K)->0K(139776K) From: 1209K(17472K)->1182K(17472K)
[126.826s][info][gc,heap        ] GC(224) Tenured: 4076K(349568K)->4076K(349568K)
[126.826s][info][gc,metaspace   ] GC(224) Metaspace: 9901K(10304K)->9901K(10304K) NonClass: 8597K(8832K)->8597K(8832K) Class: 1303K(1472K)->1303K(1472K)
[126.826s][info][gc             ] GC(224) Pause Young (Allocation Failure) 141M->5M(494M) 3.806ms
[126.826s][info][gc,cpu         ] GC(224) User=0.00s Sys=0.00s Real=0.00s
[127.393s][info][gc,start       ] GC(225) Pause Young (Allocation Failure)
[127.397s][info][gc,heap        ] GC(225) DefNew: 140958K(157248K)->1203K(157248K) Eden: 139776K(139776K)->0K(139776K) From: 1182K(17472K)->1203K(17472K)
[127.397s][info][gc,heap        ] GC(225) Tenured: 4076K(349568K)->4076K(349568K)
[127.397s][info][gc,metaspace   ] GC(225) Metaspace: 9901K(10304K)->9901K(10304K) NonClass: 8597K(8832K)->8597K(8832K) Class: 1303K(1472K)->1303K(1472K)
[127.397s][info][gc             ] GC(225) Pause Young (Allocation Failure) 141M->5M(494M) 3.935ms
[127.397s][info][gc,cpu         ] GC(225) User=0.02s Sys=0.00s Real=0.02s
[127.948s][info][gc,start       ] GC(226) Pause Young (Allocation Failure)
[127.952s][info][gc,heap        ] GC(226) DefNew: 140979K(157248K)->1242K(157248K) Eden: 139776K(139776K)->0K(139776K) From: 1203K(17472K)->1242K(17472K)
[127.952s][info][gc,heap        ] GC(226) Tenured: 4076K(349568K)->4076K(349568K)
[127.952s][info][gc,metaspace   ] GC(226) Metaspace: 9901K(10304K)->9901K(10304K) NonClass: 8597K(8832K)->8597K(8832K) Class: 1303K(1472K)->1303K(1472K)
[127.952s][info][gc             ] GC(226) Pause Young (Allocation Failure) 141M->5M(494M) 3.875ms
[127.952s][info][gc,cpu         ] GC(226) User=0.02s Sys=0.00s Real=0.02s
[128.518s][info][gc,start       ] GC(227) Pause Young (Allocation Failure)
[128.522s][info][gc,heap        ] GC(227) DefNew: 141018K(157248K)->1226K(157248K) Eden: 139776K(139776K)->0K(139776K) From: 1242K(17472K)->1226K(17472K)
[128.522s][info][gc,heap        ] GC(227) Tenured: 4076K(349568K)->4076K(349568K)
[128.522s][info][gc,metaspace   ] GC(227) Metaspace: 9901K(10304K)->9901K(10304K) NonClass: 8597K(8832K)->8597K(8832K) Class: 1303K(1472K)->1303K(1472K)
[128.522s][info][gc             ] GC(227) Pause Young (Allocation Failure) 141M->5M(494M) 3.868ms
[128.522s][info][gc,cpu         ] GC(227) User=0.02s Sys=0.00s Real=0.02s
[128.911s][info][gc,start       ] GC(228) Pause Full (System.gc())
[128.911s][info][gc,phases,start] GC(228) Phase 1: Mark live objects
[128.924s][info][gc,phases      ] GC(228) Phase 1: Mark live objects 12.906ms
[128.924s][info][gc,phases,start] GC(228) Phase 2: Compute new object addresses
[128.952s][info][gc,phases      ] GC(228) Phase 2: Compute new object addresses 28.582ms
[128.953s][info][gc,phases,start] GC(228) Phase 3: Adjust pointers
[128.956s][info][gc,phases      ] GC(228) Phase 3: Adjust pointers 3.604ms
[128.956s][info][gc,phases,start] GC(228) Phase 4: Move objects
[128.956s][info][gc,phases      ] GC(228) Phase 4: Move objects 0.012ms
[128.956s][info][gc,heap        ] GC(228) DefNew: 95652K(157248K)->0K(157248K) Eden: 94426K(139776K)->0K(139776K) From: 1226K(17472K)->0K(17472K)
[128.956s][info][gc,heap        ] GC(228) Tenured: 4076K(349568K)->4075K(349568K)
[128.956s][info][gc,metaspace   ] GC(228) Metaspace: 9901K(10304K)->9901K(10304K) NonClass: 8597K(8832K)->8597K(8832K) Class: 1303K(1472K)->1303K(1472K)
[128.956s][info][gc             ] GC(228) Pause Full (System.gc()) 97M->3M(494M) 45.519ms
[128.956s][info][gc,cpu         ] GC(228) User=0.05s Sys=0.00s Real=0.05s
[129.526s][info][gc,start       ] GC(229) Pause Young (Allocation Failure)
[129.530s][info][gc,heap        ] GC(229) DefNew: 139776K(157248K)->1168K(157248K) Eden: 139776K(139776K)->0K(139776K) From: 0K(17472K)->1168K(17472K)
[129.530s][info][gc,heap        ] GC(229) Tenured: 4075K(349568K)->4075K(349568K)
[129.530s][info][gc,metaspace   ] GC(229) Metaspace: 9902K(10304K)->9902K(10304K) NonClass: 8598K(8832K)->8598K(8832K) Class: 1303K(1472K)->1303K(1472K)
[129.530s][info][gc             ] GC(229) Pause Young (Allocation Failure) 140M->5M(494M) 4.155ms
[129.530s][info][gc,cpu         ] GC(229) User=0.00s Sys=0.00s Real=0.00s
[130.098s][info][gc,start       ] GC(230) Pause Young (Allocation Failure)
[130.102s][info][gc,heap        ] GC(230) DefNew: 140944K(157248K)->1256K(157248K) Eden: 139776K(139776K)->0K(139776K) From: 1168K(17472K)->1256K(17472K)
[130.102s][info][gc,heap        ] GC(230) Tenured: 4075K(349568K)->4075K(349568K)
[130.102s][info][gc,metaspace   ] GC(230) Metaspace: 9902K(10304K)->9902K(10304K) NonClass: 8598K(8832K)->8598K(8832K) Class: 1303K(1472K)->1303K(1472K)
[130.102s][info][gc             ] GC(230) Pause Young (Allocation Failure) 141M->5M(494M) 4.304ms
[130.102s][info][gc,cpu         ] GC(230) User=0.00s Sys=0.00s Real=0.00s
[130.672s][info][gc,start       ] GC(231) Pause Young (Allocation Failure)
[130.676s][info][gc,heap        ] GC(231) DefNew: 141032K(157248K)->1201K(157248K) Eden: 139776K(139776K)->0K(139776K) From: 1256K(17472K)->1201K(17472K)
[130.676s][info][gc,heap        ] GC(231) Tenured: 4075K(349568K)->4075K(349568K)
[130.676s][info][gc,metaspace   ] GC(231) Metaspace: 9902K(10304K)->9902K(10304K) NonClass: 8598K(8832K)->8598K(8832K) Class: 1303K(1472K)->1303K(1472K)
[130.676s][info][gc             ] GC(231) Pause Young (Allocation Failure) 141M->5M(494M) 4.046ms
[130.676s][info][gc,cpu         ] GC(231) User=0.02s Sys=0.00s Real=0.02s
[131.229s][info][gc,start       ] GC(232) Pause Young (Allocation Failure)
[131.233s][info][gc,heap        ] GC(232) DefNew: 140977K(157248K)->1227K(157248K) Eden: 139776K(139776K)->0K(139776K) From: 1201K(17472K)->1227K(17472K)
[131.233s][info][gc,heap        ] GC(232) Tenured: 4075K(349568K)->4075K(349568K)
[131.233s][info][gc,metaspace   ] GC(232) Metaspace: 9902K(10304K)->9902K(10304K) NonClass: 8598K(8832K)->8598K(8832K) Class: 1303K(1472K)->1303K(1472K)
[131.233s][info][gc             ] GC(232) Pause Young (Allocation Failure) 141M->5M(494M) 4.195ms
[131.233s][info][gc,cpu         ] GC(232) User=0.00s Sys=0.00s Real=0.00s
[131.809s][info][gc,start       ] GC(233) Pause Young (Allocation Failure)
[131.813s][info][gc,heap        ] GC(233) DefNew: 141003K(157248K)->1282K(157248K) Eden: 139776K(139776K)->0K(139776K) From: 1227K(17472K)->1282K(17472K)
[131.813s][info][gc,heap        ] GC(233) Tenured: 4075K(349568K)->4075K(349568K)
[131.813s][info][gc,metaspace   ] GC(233) Metaspace: 9902K(10304K)->9902K(10304K) NonClass: 8598K(8832K)->8598K(8832K) Class: 1303K(1472K)->1303K(1472K)
[131.813s][info][gc             ] GC(233) Pause Young (Allocation Failure) 141M->5M(494M) 3.997ms
[131.813s][info][gc,cpu         ] GC(233) User=0.02s Sys=0.00s Real=0.02s
[132.366s][info][gc,start       ] GC(234) Pause Young (Allocation Failure)
[132.370s][info][gc,heap        ] GC(234) DefNew: 141058K(157248K)->1232K(157248K) Eden: 139776K(139776K)->0K(139776K) From: 1282K(17472K)->1232K(17472K)
[132.370s][info][gc,heap        ] GC(234) Tenured: 4075K(349568K)->4075K(349568K)
[132.370s][info][gc,metaspace   ] GC(234) Metaspace: 9902K(10304K)->9902K(10304K) NonClass: 8598K(8832K)->8598K(8832K) Class: 1303K(1472K)->1303K(1472K)
[132.370s][info][gc             ] GC(234) Pause Young (Allocation Failure) 141M->5M(494M) 4.003ms
[132.370s][info][gc,cpu         ] GC(234) User=0.00s Sys=0.00s Real=0.00s
[132.928s][info][gc,start       ] GC(235) Pause Young (Allocation Failure)
[132.932s][info][gc,heap        ] GC(235) DefNew: 141008K(157248K)->1237K(157248K) Eden: 139776K(139776K)->0K(139776K) From: 1232K(17472K)->1237K(17472K)
[132.932s][info][gc,heap        ] GC(235) Tenured: 4075K(349568K)->4075K(349568K)
[132.932s][info][gc,metaspace   ] GC(235) Metaspace: 9902K(10304K)->9902K(10304K) NonClass: 8598K(8832K)->8598K(8832K) Class: 1303K(1472K)->1303K(1472K)
[132.932s][info][gc             ] GC(235) Pause Young (Allocation Failure) 141M->5M(494M) 3.776ms
[132.932s][info][gc,cpu         ] GC(235) User=0.00s Sys=0.00s Real=0.00s
[133.485s][info][gc,start       ] GC(236) Pause Young (Allocation Failure)
[133.489s][info][gc,heap        ] GC(236) DefNew: 141013K(157248K)->1231K(157248K) Eden: 139776K(139776K)->0K(139776K) From: 1237K(17472K)->1231K(17472K)
[133.489s][info][gc,heap        ] GC(236) Tenured: 4075K(349568K)->4075K(349568K)
[133.489s][info][gc,metaspace   ] GC(236) Metaspace: 9902K(10304K)->9902K(10304K) NonClass: 8598K(8832K)->8598K(8832K) Class: 1303K(1472K)->1303K(1472K)
[133.489s][info][gc             ] GC(236) Pause Young (Allocation Failure) 141M->5M(494M) 3.823ms
[133.489s][info][gc,cpu         ] GC(236) User=0.02s Sys=0.00s Real=0.02s
[134.064s][info][gc,start       ] GC(237) Pause Young (Allocation Failure)
[134.068s][info][gc,heap        ] GC(237) DefNew: 141007K(157248K)->1232K(157248K) Eden: 139776K(139776K)->0K(139776K) From: 1231K(17472K)->1232K(17472K)
[134.068s][info][gc,heap        ] GC(237) Tenured: 4075K(349568K)->4075K(349568K)
[134.068s][info][gc,metaspace   ] GC(237) Metaspace: 9902K(10304K)->9902K(10304K) NonClass: 8598K(8832K)->8598K(8832K) Class: 1303K(1472K)->1303K(1472K)
[134.068s][info][gc             ] GC(237) Pause Young (Allocation Failure) 141M->5M(494M) 3.819ms
[134.068s][info][gc,cpu         ] GC(237) User=0.00s Sys=0.00s Real=0.00s
[134.630s][info][gc,start       ] GC(238) Pause Young (Allocation Failure)
[134.634s][info][gc,heap        ] GC(238) DefNew: 141008K(157248K)->1228K(157248K) Eden: 139776K(139776K)->0K(139776K) From: 1232K(17472K)->1228K(17472K)
[134.634s][info][gc,heap        ] GC(238) Tenured: 4075K(349568K)->4075K(349568K)
[134.634s][info][gc,metaspace   ] GC(238) Metaspace: 9902K(10304K)->9902K(10304K) NonClass: 8598K(8832K)->8598K(8832K) Class: 1303K(1472K)->1303K(1472K)
[134.634s][info][gc             ] GC(238) Pause Young (Allocation Failure) 141M->5M(494M) 3.815ms
[134.634s][info][gc,cpu         ] GC(238) User=0.00s Sys=0.00s Real=0.00s
[135.200s][info][gc,start       ] GC(239) Pause Young (Allocation Failure)
[135.204s][info][gc,heap        ] GC(239) DefNew: 141004K(157248K)->1238K(157248K) Eden: 139776K(139776K)->0K(139776K) From: 1228K(17472K)->1238K(17472K)
[135.204s][info][gc,heap        ] GC(239) Tenured: 4075K(349568K)->4075K(349568K)
[135.204s][info][gc,metaspace   ] GC(239) Metaspace: 9902K(10304K)->9902K(10304K) NonClass: 8598K(8832K)->8598K(8832K) Class: 1303K(1472K)->1303K(1472K)
[135.204s][info][gc             ] GC(239) Pause Young (Allocation Failure) 141M->5M(494M) 3.825ms
[135.204s][info][gc,cpu         ] GC(239) User=0.00s Sys=0.00s Real=0.00s
[135.622s][info][gc,start       ] GC(240) Pause Full (System.gc())
[135.622s][info][gc,phases,start] GC(240) Phase 1: Mark live objects
[135.635s][info][gc,phases      ] GC(240) Phase 1: Mark live objects 12.841ms
[135.635s][info][gc,phases,start] GC(240) Phase 2: Compute new object addresses
[135.666s][info][gc,phases      ] GC(240) Phase 2: Compute new object addresses 30.869ms
[135.666s][info][gc,phases,start] GC(240) Phase 3: Adjust pointers
[135.670s][info][gc,phases      ] GC(240) Phase 3: Adjust pointers 3.527ms
[135.670s][info][gc,phases,start] GC(240) Phase 4: Move objects
[135.670s][info][gc,phases      ] GC(240) Phase 4: Move objects 0.012ms
[135.670s][info][gc,heap        ] GC(240) DefNew: 104083K(157248K)->0K(157248K) Eden: 102844K(139776K)->0K(139776K) From: 1238K(17472K)->0K(17472K)
[135.670s][info][gc,heap        ] GC(240) Tenured: 4075K(349568K)->4076K(349568K)
[135.670s][info][gc,metaspace   ] GC(240) Metaspace: 9902K(10304K)->9902K(10304K) NonClass: 8598K(8832K)->8598K(8832K) Class: 1303K(1472K)->1303K(1472K)
[135.670s][info][gc             ] GC(240) Pause Full (System.gc()) 105M->3M(494M) 47.669ms
[135.670s][info][gc,cpu         ] GC(240) User=0.05s Sys=0.00s Real=0.05s
[136.241s][info][gc,start       ] GC(241) Pause Young (Allocation Failure)
[136.245s][info][gc,heap        ] GC(241) DefNew: 139776K(157248K)->1217K(157248K) Eden: 139776K(139776K)->0K(139776K) From: 0K(17472K)->1217K(17472K)
[136.245s][info][gc,heap        ] GC(241) Tenured: 4076K(349568K)->4076K(349568K)
[136.245s][info][gc,metaspace   ] GC(241) Metaspace: 9927K(10304K)->9927K(10304K) NonClass: 8623K(8832K)->8623K(8832K) Class: 1303K(1472K)->1303K(1472K)
[136.245s][info][gc             ] GC(241) Pause Young (Allocation Failure) 140M->5M(494M) 4.229ms
[136.245s][info][gc,cpu         ] GC(241) User=0.00s Sys=0.00s Real=0.00s
[136.805s][info][gc,start       ] GC(242) Pause Young (Allocation Failure)
[136.809s][info][gc,heap        ] GC(242) DefNew: 140993K(157248K)->1201K(157248K) Eden: 139776K(139776K)->0K(139776K) From: 1217K(17472K)->1201K(17472K)
[136.809s][info][gc,heap        ] GC(242) Tenured: 4076K(349568K)->4076K(349568K)
[136.809s][info][gc,metaspace   ] GC(242) Metaspace: 9927K(10304K)->9927K(10304K) NonClass: 8623K(8832K)->8623K(8832K) Class: 1303K(1472K)->1303K(1472K)
[136.809s][info][gc             ] GC(242) Pause Young (Allocation Failure) 141M->5M(494M) 4.178ms
[136.809s][info][gc,cpu         ] GC(242) User=0.00s Sys=0.00s Real=0.00s
[137.385s][info][gc,start       ] GC(243) Pause Young (Allocation Failure)
[137.388s][info][gc,heap        ] GC(243) DefNew: 140977K(157248K)->1245K(157248K) Eden: 139776K(139776K)->0K(139776K) From: 1201K(17472K)->1245K(17472K)
[137.388s][info][gc,heap        ] GC(243) Tenured: 4076K(349568K)->4076K(349568K)
[137.388s][info][gc,metaspace   ] GC(243) Metaspace: 9927K(10304K)->9927K(10304K) NonClass: 8623K(8832K)->8623K(8832K) Class: 1303K(1472K)->1303K(1472K)
[137.388s][info][gc             ] GC(243) Pause Young (Allocation Failure) 141M->5M(494M) 3.837ms
[137.388s][info][gc,cpu         ] GC(243) User=0.00s Sys=0.00s Real=0.00s
[137.963s][info][gc,start       ] GC(244) Pause Young (Allocation Failure)
[137.967s][info][gc,heap        ] GC(244) DefNew: 141021K(157248K)->1219K(157248K) Eden: 139776K(139776K)->0K(139776K) From: 1245K(17472K)->1219K(17472K)
[137.967s][info][gc,heap        ] GC(244) Tenured: 4076K(349568K)->4076K(349568K)
[137.967s][info][gc,metaspace   ] GC(244) Metaspace: 9927K(10304K)->9927K(10304K) NonClass: 8623K(8832K)->8623K(8832K) Class: 1303K(1472K)->1303K(1472K)
[137.967s][info][gc             ] GC(244) Pause Young (Allocation Failure) 141M->5M(494M) 4.320ms
[137.967s][info][gc,cpu         ] GC(244) User=0.00s Sys=0.00s Real=0.00s
[138.523s][info][gc,start       ] GC(245) Pause Young (Allocation Failure)
[138.527s][info][gc,heap        ] GC(245) DefNew: 140995K(157248K)->1252K(157248K) Eden: 139776K(139776K)->0K(139776K) From: 1219K(17472K)->1252K(17472K)
[138.527s][info][gc,heap        ] GC(245) Tenured: 4076K(349568K)->4076K(349568K)
[138.527s][info][gc,metaspace   ] GC(245) Metaspace: 9927K(10304K)->9927K(10304K) NonClass: 8623K(8832K)->8623K(8832K) Class: 1303K(1472K)->1303K(1472K)
[138.527s][info][gc             ] GC(245) Pause Young (Allocation Failure) 141M->5M(494M) 4.168ms
[138.527s][info][gc,cpu         ] GC(245) User=0.02s Sys=0.00s Real=0.02s
[139.091s][info][gc,start       ] GC(246) Pause Young (Allocation Failure)
[139.094s][info][gc,heap        ] GC(246) DefNew: 141028K(157248K)->1221K(157248K) Eden: 139776K(139776K)->0K(139776K) From: 1252K(17472K)->1221K(17472K)
[139.094s][info][gc,heap        ] GC(246) Tenured: 4076K(349568K)->4076K(349568K)
[139.094s][info][gc,metaspace   ] GC(246) Metaspace: 9927K(10304K)->9927K(10304K) NonClass: 8623K(8832K)->8623K(8832K) Class: 1303K(1472K)->1303K(1472K)
[139.095s][info][gc             ] GC(246) Pause Young (Allocation Failure) 141M->5M(494M) 3.795ms
[139.095s][info][gc,cpu         ] GC(246) User=0.00s Sys=0.00s Real=0.00s
[139.667s][info][gc,start       ] GC(247) Pause Young (Allocation Failure)
[139.670s][info][gc,heap        ] GC(247) DefNew: 140997K(157248K)->1177K(157248K) Eden: 139776K(139776K)->0K(139776K) From: 1221K(17472K)->1177K(17472K)
[139.671s][info][gc,heap        ] GC(247) Tenured: 4076K(349568K)->4076K(349568K)
[139.671s][info][gc,metaspace   ] GC(247) Metaspace: 9927K(10304K)->9927K(10304K) NonClass: 8623K(8832K)->8623K(8832K) Class: 1303K(1472K)->1303K(1472K)
[139.671s][info][gc             ] GC(247) Pause Young (Allocation Failure) 141M->5M(494M) 3.691ms
[139.671s][info][gc,cpu         ] GC(247) User=0.00s Sys=0.00s Real=0.00s
[140.227s][info][gc,start       ] GC(248) Pause Young (Allocation Failure)
[140.231s][info][gc,heap        ] GC(248) DefNew: 140953K(157248K)->1128K(157248K) Eden: 139776K(139776K)->0K(139776K) From: 1177K(17472K)->1128K(17472K)
[140.231s][info][gc,heap        ] GC(248) Tenured: 4076K(349568K)->4076K(349568K)
[140.231s][info][gc,metaspace   ] GC(248) Metaspace: 9927K(10304K)->9927K(10304K) NonClass: 8623K(8832K)->8623K(8832K) Class: 1303K(1472K)->1303K(1472K)
[140.231s][info][gc             ] GC(248) Pause Young (Allocation Failure) 141M->5M(494M) 3.519ms
[140.231s][info][gc,cpu         ] GC(248) User=0.00s Sys=0.00s Real=0.00s
[140.796s][info][gc,start       ] GC(249) Pause Young (Allocation Failure)
[140.800s][info][gc,heap        ] GC(249) DefNew: 140904K(157248K)->1249K(157248K) Eden: 139776K(139776K)->0K(139776K) From: 1128K(17472K)->1249K(17472K)
[140.800s][info][gc,heap        ] GC(249) Tenured: 4076K(349568K)->4076K(349568K)
[140.800s][info][gc,metaspace   ] GC(249) Metaspace: 9927K(10304K)->9927K(10304K) NonClass: 8623K(8832K)->8623K(8832K) Class: 1303K(1472K)->1303K(1472K)
[140.800s][info][gc             ] GC(249) Pause Young (Allocation Failure) 141M->5M(494M) 3.874ms
[140.800s][info][gc,cpu         ] GC(249) User=0.00s Sys=0.00s Real=0.00s
[141.364s][info][gc,start       ] GC(250) Pause Young (Allocation Failure)
[141.368s][info][gc,heap        ] GC(250) DefNew: 141025K(157248K)->1250K(157248K) Eden: 139776K(139776K)->0K(139776K) From: 1249K(17472K)->1250K(17472K)
[141.368s][info][gc,heap        ] GC(250) Tenured: 4076K(349568K)->4076K(349568K)
[141.368s][info][gc,metaspace   ] GC(250) Metaspace: 9927K(10304K)->9927K(10304K) NonClass: 8623K(8832K)->8623K(8832K) Class: 1303K(1472K)->1303K(1472K)
[141.368s][info][gc             ] GC(250) Pause Young (Allocation Failure) 141M->5M(494M) 4.020ms
[141.368s][info][gc,cpu         ] GC(250) User=0.02s Sys=0.00s Real=0.02s
[141.923s][info][gc,start       ] GC(251) Pause Young (Allocation Failure)
[141.927s][info][gc,heap        ] GC(251) DefNew: 141026K(157248K)->1301K(157248K) Eden: 139776K(139776K)->0K(139776K) From: 1250K(17472K)->1301K(17472K)
[141.927s][info][gc,heap        ] GC(251) Tenured: 4076K(349568K)->4076K(349568K)
[141.927s][info][gc,metaspace   ] GC(251) Metaspace: 9927K(10304K)->9927K(10304K) NonClass: 8623K(8832K)->8623K(8832K) Class: 1303K(1472K)->1303K(1472K)
[141.927s][info][gc             ] GC(251) Pause Young (Allocation Failure) 141M->5M(494M) 4.050ms
[141.927s][info][gc,cpu         ] GC(251) User=0.00s Sys=0.00s Real=0.00s
[142.317s][info][gc,start       ] GC(252) Pause Full (System.gc())
[142.317s][info][gc,phases,start] GC(252) Phase 1: Mark live objects
[142.331s][info][gc,phases      ] GC(252) Phase 1: Mark live objects 14.050ms
[142.332s][info][gc,phases,start] GC(252) Phase 2: Compute new object addresses
[142.363s][info][gc,phases      ] GC(252) Phase 2: Compute new object addresses 31.553ms
[142.363s][info][gc,phases,start] GC(252) Phase 3: Adjust pointers
[142.367s][info][gc,phases      ] GC(252) Phase 3: Adjust pointers 3.628ms
[142.367s][info][gc,phases,start] GC(252) Phase 4: Move objects
[142.367s][info][gc,phases      ] GC(252) Phase 4: Move objects 0.013ms
[142.367s][info][gc,heap        ] GC(252) DefNew: 98370K(157248K)->0K(157248K) Eden: 97068K(139776K)->0K(139776K) From: 1301K(17472K)->0K(17472K)
[142.367s][info][gc,heap        ] GC(252) Tenured: 4076K(349568K)->4076K(349568K)
[142.367s][info][gc,metaspace   ] GC(252) Metaspace: 9927K(10304K)->9927K(10304K) NonClass: 8623K(8832K)->8623K(8832K) Class: 1303K(1472K)->1303K(1472K)
[142.367s][info][gc             ] GC(252) Pause Full (System.gc()) 100M->3M(494M) 49.702ms
[142.367s][info][gc,cpu         ] GC(252) User=0.06s Sys=0.00s Real=0.06s
[142.922s][info][gc,start       ] GC(253) Pause Young (Allocation Failure)
[142.926s][info][gc,heap        ] GC(253) DefNew: 139776K(157248K)->1252K(157248K) Eden: 139776K(139776K)->0K(139776K) From: 0K(17472K)->1252K(17472K)
[142.926s][info][gc,heap        ] GC(253) Tenured: 4076K(349568K)->4076K(349568K)
[142.926s][info][gc,metaspace   ] GC(253) Metaspace: 9927K(10304K)->9927K(10304K) NonClass: 8623K(8832K)->8623K(8832K) Class: 1303K(1472K)->1303K(1472K)
[142.926s][info][gc             ] GC(253) Pause Young (Allocation Failure) 140M->5M(494M) 4.356ms
[142.926s][info][gc,cpu         ] GC(253) User=0.00s Sys=0.00s Real=0.00s
[143.481s][info][gc,start       ] GC(254) Pause Young (Allocation Failure)
[143.485s][info][gc,heap        ] GC(254) DefNew: 141028K(157248K)->1327K(157248K) Eden: 139776K(139776K)->0K(139776K) From: 1252K(17472K)->1327K(17472K)
[143.485s][info][gc,heap        ] GC(254) Tenured: 4076K(349568K)->4076K(349568K)
[143.485s][info][gc,metaspace   ] GC(254) Metaspace: 9927K(10304K)->9927K(10304K) NonClass: 8623K(8832K)->8623K(8832K) Class: 1303K(1472K)->1303K(1472K)
[143.485s][info][gc             ] GC(254) Pause Young (Allocation Failure) 141M->5M(494M) 4.280ms
[143.485s][info][gc,cpu         ] GC(254) User=0.00s Sys=0.00s Real=0.00s
[144.054s][info][gc,start       ] GC(255) Pause Young (Allocation Failure)
[144.058s][info][gc,heap        ] GC(255) DefNew: 141103K(157248K)->1345K(157248K) Eden: 139776K(139776K)->0K(139776K) From: 1327K(17472K)->1345K(17472K)
[144.058s][info][gc,heap        ] GC(255) Tenured: 4076K(349568K)->4076K(349568K)
[144.058s][info][gc,metaspace   ] GC(255) Metaspace: 9927K(10304K)->9927K(10304K) NonClass: 8623K(8832K)->8623K(8832K) Class: 1303K(1472K)->1303K(1472K)
[144.058s][info][gc             ] GC(255) Pause Young (Allocation Failure) 141M->5M(494M) 4.080ms
[144.058s][info][gc,cpu         ] GC(255) User=0.02s Sys=0.00s Real=0.02s
[144.622s][info][gc,start       ] GC(256) Pause Young (Allocation Failure)
[144.626s][info][gc,heap        ] GC(256) DefNew: 141121K(157248K)->1250K(157248K) Eden: 139776K(139776K)->0K(139776K) From: 1345K(17472K)->1250K(17472K)
[144.626s][info][gc,heap        ] GC(256) Tenured: 4076K(349568K)->4076K(349568K)
[144.626s][info][gc,metaspace   ] GC(256) Metaspace: 9927K(10304K)->9927K(10304K) NonClass: 8623K(8832K)->8623K(8832K) Class: 1303K(1472K)->1303K(1472K)
[144.626s][info][gc             ] GC(256) Pause Young (Allocation Failure) 141M->5M(494M) 4.175ms
[144.626s][info][gc,cpu         ] GC(256) User=0.02s Sys=0.00s Real=0.02s
[145.201s][info][gc,start       ] GC(257) Pause Young (Allocation Failure)
[145.205s][info][gc,heap        ] GC(257) DefNew: 141026K(157248K)->1303K(157248K) Eden: 139776K(139776K)->0K(139776K) From: 1250K(17472K)->1303K(17472K)
[145.205s][info][gc,heap        ] GC(257) Tenured: 4076K(349568K)->4076K(349568K)
[145.205s][info][gc,metaspace   ] GC(257) Metaspace: 9927K(10304K)->9927K(10304K) NonClass: 8623K(8832K)->8623K(8832K) Class: 1303K(1472K)->1303K(1472K)
[145.205s][info][gc             ] GC(257) Pause Young (Allocation Failure) 141M->5M(494M) 4.166ms
[145.205s][info][gc,cpu         ] GC(257) User=0.02s Sys=0.00s Real=0.02s
[145.768s][info][gc,start       ] GC(258) Pause Young (Allocation Failure)
[145.772s][info][gc,heap        ] GC(258) DefNew: 141079K(157248K)->1181K(157248K) Eden: 139776K(139776K)->0K(139776K) From: 1303K(17472K)->1181K(17472K)
[145.772s][info][gc,heap        ] GC(258) Tenured: 4076K(349568K)->4076K(349568K)
[145.772s][info][gc,metaspace   ] GC(258) Metaspace: 9927K(10304K)->9927K(10304K) NonClass: 8623K(8832K)->8623K(8832K) Class: 1303K(1472K)->1303K(1472K)
[145.772s][info][gc             ] GC(258) Pause Young (Allocation Failure) 141M->5M(494M) 3.854ms
[145.772s][info][gc,cpu         ] GC(258) User=0.00s Sys=0.00s Real=0.00s
[146.339s][info][gc,start       ] GC(259) Pause Young (Allocation Failure)
[146.342s][info][gc,heap        ] GC(259) DefNew: 140957K(157248K)->1187K(157248K) Eden: 139776K(139776K)->0K(139776K) From: 1181K(17472K)->1187K(17472K)
[146.342s][info][gc,heap        ] GC(259) Tenured: 4076K(349568K)->4076K(349568K)
[146.342s][info][gc,metaspace   ] GC(259) Metaspace: 9927K(10304K)->9927K(10304K) NonClass: 8623K(8832K)->8623K(8832K) Class: 1303K(1472K)->1303K(1472K)
[146.342s][info][gc             ] GC(259) Pause Young (Allocation Failure) 141M->5M(494M) 3.689ms
[146.342s][info][gc,cpu         ] GC(259) User=0.00s Sys=0.00s Real=0.00s
[146.917s][info][gc,start       ] GC(260) Pause Young (Allocation Failure)
[146.921s][info][gc,heap        ] GC(260) DefNew: 140963K(157248K)->1264K(157248K) Eden: 139776K(139776K)->0K(139776K) From: 1187K(17472K)->1264K(17472K)
[146.921s][info][gc,heap        ] GC(260) Tenured: 4076K(349568K)->4076K(349568K)
[146.921s][info][gc,metaspace   ] GC(260) Metaspace: 9927K(10304K)->9927K(10304K) NonClass: 8623K(8832K)->8623K(8832K) Class: 1303K(1472K)->1303K(1472K)
[146.921s][info][gc             ] GC(260) Pause Young (Allocation Failure) 141M->5M(494M) 3.985ms
[146.921s][info][gc,cpu         ] GC(260) User=0.00s Sys=0.00s Real=0.00s
[147.478s][info][gc,start       ] GC(261) Pause Young (Allocation Failure)
[147.482s][info][gc,heap        ] GC(261) DefNew: 141040K(157248K)->1208K(157248K) Eden: 139776K(139776K)->0K(139776K) From: 1264K(17472K)->1208K(17472K)
[147.482s][info][gc,heap        ] GC(261) Tenured: 4076K(349568K)->4076K(349568K)
[147.482s][info][gc,metaspace   ] GC(261) Metaspace: 9927K(10304K)->9927K(10304K) NonClass: 8623K(8832K)->8623K(8832K) Class: 1303K(1472K)->1303K(1472K)
[147.482s][info][gc             ] GC(261) Pause Young (Allocation Failure) 141M->5M(494M) 3.855ms
[147.482s][info][gc,cpu         ] GC(261) User=0.00s Sys=0.00s Real=0.00s
[148.051s][info][gc,start       ] GC(262) Pause Young (Allocation Failure)
[148.054s][info][gc,heap        ] GC(262) DefNew: 140984K(157248K)->1186K(157248K) Eden: 139776K(139776K)->0K(139776K) From: 1208K(17472K)->1186K(17472K)
[148.054s][info][gc,heap        ] GC(262) Tenured: 4076K(349568K)->4076K(349568K)
[148.054s][info][gc,metaspace   ] GC(262) Metaspace: 9927K(10304K)->9927K(10304K) NonClass: 8623K(8832K)->8623K(8832K) Class: 1303K(1472K)->1303K(1472K)
[148.055s][info][gc             ] GC(262) Pause Young (Allocation Failure) 141M->5M(494M) 3.733ms
[148.055s][info][gc,cpu         ] GC(262) User=0.02s Sys=0.00s Real=0.02s
[148.619s][info][gc,start       ] GC(263) Pause Young (Allocation Failure)
[148.622s][info][gc,heap        ] GC(263) DefNew: 140962K(157248K)->1293K(157248K) Eden: 139776K(139776K)->0K(139776K) From: 1186K(17472K)->1293K(17472K)
[148.622s][info][gc,heap        ] GC(263) Tenured: 4076K(349568K)->4076K(349568K)
[148.622s][info][gc,metaspace   ] GC(263) Metaspace: 9927K(10304K)->9927K(10304K) NonClass: 8623K(8832K)->8623K(8832K) Class: 1303K(1472K)->1303K(1472K)
[148.622s][info][gc             ] GC(263) Pause Young (Allocation Failure) 141M->5M(494M) 3.876ms
[148.623s][info][gc,cpu         ] GC(263) User=0.00s Sys=0.00s Real=0.00s
[149.008s][info][gc,start       ] GC(264) Pause Full (System.gc())
[149.009s][info][gc,phases,start] GC(264) Phase 1: Mark live objects
[149.023s][info][gc,phases      ] GC(264) Phase 1: Mark live objects 14.026ms
[149.023s][info][gc,phases,start] GC(264) Phase 2: Compute new object addresses
[149.054s][info][gc,phases      ] GC(264) Phase 2: Compute new object addresses 31.195ms
[149.054s][info][gc,phases,start] GC(264) Phase 3: Adjust pointers
[149.057s][info][gc,phases      ] GC(264) Phase 3: Adjust pointers 3.637ms
[149.058s][info][gc,phases,start] GC(264) Phase 4: Move objects
[149.058s][info][gc,phases      ] GC(264) Phase 4: Move objects 0.012ms
[149.058s][info][gc,heap        ] GC(264) DefNew: 96376K(157248K)->0K(157248K) Eden: 95083K(139776K)->0K(139776K) From: 1293K(17472K)->0K(17472K)
[149.058s][info][gc,heap        ] GC(264) Tenured: 4076K(349568K)->4077K(349568K)
[149.058s][info][gc,metaspace   ] GC(264) Metaspace: 9927K(10304K)->9927K(10304K) NonClass: 8623K(8832K)->8623K(8832K) Class: 1303K(1472K)->1303K(1472K)
[149.058s][info][gc             ] GC(264) Pause Full (System.gc()) 98M->3M(494M) 49.309ms
[149.058s][info][gc,cpu         ] GC(264) User=0.05s Sys=0.00s Real=0.05s
[149.637s][info][gc,start       ] GC(265) Pause Young (Allocation Failure)
[149.641s][info][gc,heap        ] GC(265) DefNew: 139776K(157248K)->1229K(157248K) Eden: 139776K(139776K)->0K(139776K) From: 0K(17472K)->1229K(17472K)
[149.641s][info][gc,heap        ] GC(265) Tenured: 4077K(349568K)->4077K(349568K)
[149.642s][info][gc,metaspace   ] GC(265) Metaspace: 9927K(10304K)->9927K(10304K) NonClass: 8623K(8832K)->8623K(8832K) Class: 1303K(1472K)->1303K(1472K)
[149.642s][info][gc             ] GC(265) Pause Young (Allocation Failure) 140M->5M(494M) 4.359ms
[149.642s][info][gc,cpu         ] GC(265) User=0.00s Sys=0.00s Real=0.00s
[150.211s][info][gc,start       ] GC(266) Pause Young (Allocation Failure)
[150.215s][info][gc,heap        ] GC(266) DefNew: 141005K(157248K)->1217K(157248K) Eden: 139776K(139776K)->0K(139776K) From: 1229K(17472K)->1217K(17472K)
[150.215s][info][gc,heap        ] GC(266) Tenured: 4077K(349568K)->4077K(349568K)
[150.215s][info][gc,metaspace   ] GC(266) Metaspace: 9927K(10304K)->9927K(10304K) NonClass: 8623K(8832K)->8623K(8832K) Class: 1303K(1472K)->1303K(1472K)
[150.215s][info][gc             ] GC(266) Pause Young (Allocation Failure) 141M->5M(494M) 3.913ms
[150.215s][info][gc,cpu         ] GC(266) User=0.00s Sys=0.00s Real=0.00s
[150.796s][info][gc,start       ] GC(267) Pause Young (Allocation Failure)
[150.800s][info][gc,heap        ] GC(267) DefNew: 140993K(157248K)->1321K(157248K) Eden: 139776K(139776K)->0K(139776K) From: 1217K(17472K)->1321K(17472K)
[150.800s][info][gc,heap        ] GC(267) Tenured: 4077K(349568K)->4077K(349568K)
[150.800s][info][gc,metaspace   ] GC(267) Metaspace: 9927K(10304K)->9927K(10304K) NonClass: 8623K(8832K)->8623K(8832K) Class: 1303K(1472K)->1303K(1472K)
[150.801s][info][gc             ] GC(267) Pause Young (Allocation Failure) 141M->5M(494M) 4.348ms
[150.801s][info][gc,cpu         ] GC(267) User=0.00s Sys=0.00s Real=0.00s
[151.368s][info][gc,start       ] GC(268) Pause Young (Allocation Failure)
[151.372s][info][gc,heap        ] GC(268) DefNew: 141097K(157248K)->1178K(157248K) Eden: 139776K(139776K)->0K(139776K) From: 1321K(17472K)->1178K(17472K)
[151.372s][info][gc,heap        ] GC(268) Tenured: 4077K(349568K)->4077K(349568K)
[151.372s][info][gc,metaspace   ] GC(268) Metaspace: 9927K(10304K)->9927K(10304K) NonClass: 8623K(8832K)->8623K(8832K) Class: 1303K(1472K)->1303K(1472K)
[151.372s][info][gc             ] GC(268) Pause Young (Allocation Failure) 141M->5M(494M) 3.962ms
[151.372s][info][gc,cpu         ] GC(268) User=0.02s Sys=0.00s Real=0.02s
[151.939s][info][gc,start       ] GC(269) Pause Young (Allocation Failure)
[151.943s][info][gc,heap        ] GC(269) DefNew: 140954K(157248K)->1141K(157248K) Eden: 139776K(139776K)->0K(139776K) From: 1178K(17472K)->1141K(17472K)
[151.943s][info][gc,heap        ] GC(269) Tenured: 4077K(349568K)->4077K(349568K)
[151.943s][info][gc,metaspace   ] GC(269) Metaspace: 9927K(10304K)->9927K(10304K) NonClass: 8623K(8832K)->8623K(8832K) Class: 1303K(1472K)->1303K(1472K)
[151.943s][info][gc             ] GC(269) Pause Young (Allocation Failure) 141M->5M(494M) 3.716ms
[151.943s][info][gc,cpu         ] GC(269) User=0.02s Sys=0.00s Real=0.01s
[152.508s][info][gc,start       ] GC(270) Pause Young (Allocation Failure)
[152.511s][info][gc,heap        ] GC(270) DefNew: 140917K(157248K)->1249K(157248K) Eden: 139776K(139776K)->0K(139776K) From: 1141K(17472K)->1249K(17472K)
[152.511s][info][gc,heap        ] GC(270) Tenured: 4077K(349568K)->4077K(349568K)
[152.511s][info][gc,metaspace   ] GC(270) Metaspace: 9927K(10304K)->9927K(10304K) NonClass: 8623K(8832K)->8623K(8832K) Class: 1303K(1472K)->1303K(1472K)
[152.512s][info][gc             ] GC(270) Pause Young (Allocation Failure) 141M->5M(494M) 3.922ms
[152.512s][info][gc,cpu         ] GC(270) User=0.02s Sys=0.00s Real=0.02s
[153.074s][info][gc,start       ] GC(271) Pause Young (Allocation Failure)
[153.078s][info][gc,heap        ] GC(271) DefNew: 141025K(157248K)->1199K(157248K) Eden: 139776K(139776K)->0K(139776K) From: 1249K(17472K)->1199K(17472K)
[153.078s][info][gc,heap        ] GC(271) Tenured: 4077K(349568K)->4077K(349568K)
[153.078s][info][gc,metaspace   ] GC(271) Metaspace: 9927K(10304K)->9927K(10304K) NonClass: 8623K(8832K)->8623K(8832K) Class: 1303K(1472K)->1303K(1472K)
[153.078s][info][gc             ] GC(271) Pause Young (Allocation Failure) 141M->5M(494M) 4.069ms
[153.078s][info][gc,cpu         ] GC(271) User=0.00s Sys=0.00s Real=0.00s
[153.630s][info][gc,start       ] GC(272) Pause Young (Allocation Failure)
[153.634s][info][gc,heap        ] GC(272) DefNew: 140975K(157248K)->1232K(157248K) Eden: 139776K(139776K)->0K(139776K) From: 1199K(17472K)->1232K(17472K)
[153.634s][info][gc,heap        ] GC(272) Tenured: 4077K(349568K)->4077K(349568K)
[153.634s][info][gc,metaspace   ] GC(272) Metaspace: 9927K(10304K)->9927K(10304K) NonClass: 8623K(8832K)->8623K(8832K) Class: 1303K(1472K)->1303K(1472K)
[153.634s][info][gc             ] GC(272) Pause Young (Allocation Failure) 141M->5M(494M) 3.934ms
[153.634s][info][gc,cpu         ] GC(272) User=0.00s Sys=0.00s Real=0.00s
[154.189s][info][gc,start       ] GC(273) Pause Young (Allocation Failure)
[154.193s][info][gc,heap        ] GC(273) DefNew: 141008K(157248K)->1213K(157248K) Eden: 139776K(139776K)->0K(139776K) From: 1232K(17472K)->1213K(17472K)
[154.193s][info][gc,heap        ] GC(273) Tenured: 4077K(349568K)->4077K(349568K)
[154.193s][info][gc,metaspace   ] GC(273) Metaspace: 9927K(10304K)->9927K(10304K) NonClass: 8623K(8832K)->8623K(8832K) Class: 1303K(1472K)->1303K(1472K)
[154.193s][info][gc             ] GC(273) Pause Young (Allocation Failure) 141M->5M(494M) 3.766ms
[154.193s][info][gc,cpu         ] GC(273) User=0.00s Sys=0.00s Real=0.00s
[154.760s][info][gc,start       ] GC(274) Pause Young (Allocation Failure)
[154.764s][info][gc,heap        ] GC(274) DefNew: 140989K(157248K)->1177K(157248K) Eden: 139776K(139776K)->0K(139776K) From: 1213K(17472K)->1177K(17472K)
[154.764s][info][gc,heap        ] GC(274) Tenured: 4077K(349568K)->4077K(349568K)
[154.764s][info][gc,metaspace   ] GC(274) Metaspace: 9927K(10304K)->9927K(10304K) NonClass: 8623K(8832K)->8623K(8832K) Class: 1303K(1472K)->1303K(1472K)
[154.764s][info][gc             ] GC(274) Pause Young (Allocation Failure) 141M->5M(494M) 3.817ms
[154.764s][info][gc,cpu         ] GC(274) User=0.00s Sys=0.00s Real=0.00s
[155.327s][info][gc,start       ] GC(275) Pause Young (Allocation Failure)
[155.331s][info][gc,heap        ] GC(275) DefNew: 140953K(157248K)->1338K(157248K) Eden: 139776K(139776K)->0K(139776K) From: 1177K(17472K)->1338K(17472K)
[155.331s][info][gc,heap        ] GC(275) Tenured: 4077K(349568K)->4077K(349568K)
[155.331s][info][gc,metaspace   ] GC(275) Metaspace: 9927K(10304K)->9927K(10304K) NonClass: 8623K(8832K)->8623K(8832K) Class: 1303K(1472K)->1303K(1472K)
[155.331s][info][gc             ] GC(275) Pause Young (Allocation Failure) 141M->5M(494M) 4.244ms
[155.331s][info][gc,cpu         ] GC(275) User=0.00s Sys=0.00s Real=0.00s
[155.688s][info][gc,start       ] GC(276) Pause Full (System.gc())
[155.688s][info][gc,phases,start] GC(276) Phase 1: Mark live objects
[155.701s][info][gc,phases      ] GC(276) Phase 1: Mark live objects 13.261ms
[155.702s][info][gc,phases,start] GC(276) Phase 2: Compute new object addresses
[155.730s][info][gc,phases      ] GC(276) Phase 2: Compute new object addresses 28.457ms
[155.730s][info][gc,phases,start] GC(276) Phase 3: Adjust pointers
[155.734s][info][gc,phases      ] GC(276) Phase 3: Adjust pointers 3.551ms
[155.734s][info][gc,phases,start] GC(276) Phase 4: Move objects
[155.734s][info][gc,phases      ] GC(276) Phase 4: Move objects 0.012ms
[155.734s][info][gc,heap        ] GC(276) DefNew: 89502K(157248K)->0K(157248K) Eden: 88164K(139776K)->0K(139776K) From: 1338K(17472K)->0K(17472K)
[155.734s][info][gc,heap        ] GC(276) Tenured: 4077K(349568K)->4076K(349568K)
[155.734s][info][gc,metaspace   ] GC(276) Metaspace: 9927K(10304K)->9927K(10304K) NonClass: 8623K(8832K)->8623K(8832K) Class: 1303K(1472K)->1303K(1472K)
[155.734s][info][gc             ] GC(276) Pause Full (System.gc()) 91M->3M(494M) 45.688ms
[155.734s][info][gc,cpu         ] GC(276) User=0.05s Sys=0.00s Real=0.05s
[156.287s][info][gc,start       ] GC(277) Pause Young (Allocation Failure)
[156.291s][info][gc,heap        ] GC(277) DefNew: 139776K(157248K)->1175K(157248K) Eden: 139776K(139776K)->0K(139776K) From: 0K(17472K)->1175K(17472K)
[156.291s][info][gc,heap        ] GC(277) Tenured: 4076K(349568K)->4076K(349568K)
[156.291s][info][gc,metaspace   ] GC(277) Metaspace: 9932K(10304K)->9932K(10304K) NonClass: 8628K(8832K)->8628K(8832K) Class: 1303K(1472K)->1303K(1472K)
[156.291s][info][gc             ] GC(277) Pause Young (Allocation Failure) 140M->5M(494M) 4.143ms
[156.291s][info][gc,cpu         ] GC(277) User=0.00s Sys=0.00s Real=0.00s
[156.843s][info][gc,start       ] GC(278) Pause Young (Allocation Failure)
[156.847s][info][gc,heap        ] GC(278) DefNew: 140951K(157248K)->1265K(157248K) Eden: 139776K(139776K)->0K(139776K) From: 1175K(17472K)->1265K(17472K)
[156.847s][info][gc,heap        ] GC(278) Tenured: 4076K(349568K)->4076K(349568K)
[156.847s][info][gc,metaspace   ] GC(278) Metaspace: 9932K(10304K)->9932K(10304K) NonClass: 8628K(8832K)->8628K(8832K) Class: 1303K(1472K)->1303K(1472K)
[156.847s][info][gc             ] GC(278) Pause Young (Allocation Failure) 141M->5M(494M) 4.522ms
[156.847s][info][gc,cpu         ] GC(278) User=0.00s Sys=0.00s Real=0.00s
[157.403s][info][gc,start       ] GC(279) Pause Young (Allocation Failure)
[157.406s][info][gc,heap        ] GC(279) DefNew: 141041K(157248K)->1229K(157248K) Eden: 139776K(139776K)->0K(139776K) From: 1265K(17472K)->1229K(17472K)
[157.406s][info][gc,heap        ] GC(279) Tenured: 4076K(349568K)->4076K(349568K)
[157.406s][info][gc,metaspace   ] GC(279) Metaspace: 9932K(10304K)->9932K(10304K) NonClass: 8628K(8832K)->8628K(8832K) Class: 1303K(1472K)->1303K(1472K)
[157.406s][info][gc             ] GC(279) Pause Young (Allocation Failure) 141M->5M(494M) 3.820ms
[157.407s][info][gc,cpu         ] GC(279) User=0.00s Sys=0.00s Real=0.00s
[157.968s][info][gc,start       ] GC(280) Pause Young (Allocation Failure)
[157.971s][info][gc,heap        ] GC(280) DefNew: 141005K(157248K)->1149K(157248K) Eden: 139776K(139776K)->0K(139776K) From: 1229K(17472K)->1149K(17472K)
[157.971s][info][gc,heap        ] GC(280) Tenured: 4076K(349568K)->4076K(349568K)
[157.971s][info][gc,metaspace   ] GC(280) Metaspace: 9932K(10304K)->9932K(10304K) NonClass: 8628K(8832K)->8628K(8832K) Class: 1303K(1472K)->1303K(1472K)
[157.971s][info][gc             ] GC(280) Pause Young (Allocation Failure) 141M->5M(494M) 3.780ms
[157.971s][info][gc,cpu         ] GC(280) User=0.00s Sys=0.00s Real=0.00s
[158.517s][info][gc,start       ] GC(281) Pause Young (Allocation Failure)
[158.521s][info][gc,heap        ] GC(281) DefNew: 140925K(157248K)->1230K(157248K) Eden: 139776K(139776K)->0K(139776K) From: 1149K(17472K)->1230K(17472K)
[158.521s][info][gc,heap        ] GC(281) Tenured: 4076K(349568K)->4076K(349568K)
[158.521s][info][gc,metaspace   ] GC(281) Metaspace: 9932K(10304K)->9932K(10304K) NonClass: 8628K(8832K)->8628K(8832K) Class: 1303K(1472K)->1303K(1472K)
[158.521s][info][gc             ] GC(281) Pause Young (Allocation Failure) 141M->5M(494M) 3.908ms
[158.521s][info][gc,cpu         ] GC(281) User=0.02s Sys=0.00s Real=0.02s
[159.069s][info][gc,start       ] GC(282) Pause Young (Allocation Failure)
[159.073s][info][gc,heap        ] GC(282) DefNew: 141006K(157248K)->1127K(157248K) Eden: 139776K(139776K)->0K(139776K) From: 1230K(17472K)->1127K(17472K)
[159.073s][info][gc,heap        ] GC(282) Tenured: 4076K(349568K)->4076K(349568K)
[159.073s][info][gc,metaspace   ] GC(282) Metaspace: 9932K(10304K)->9932K(10304K) NonClass: 8628K(8832K)->8628K(8832K) Class: 1303K(1472K)->1303K(1472K)
[159.073s][info][gc             ] GC(282) Pause Young (Allocation Failure) 141M->5M(494M) 3.657ms
[159.073s][info][gc,cpu         ] GC(282) User=0.02s Sys=0.00s Real=0.02s
[159.641s][info][gc,start       ] GC(283) Pause Young (Allocation Failure)
[159.645s][info][gc,heap        ] GC(283) DefNew: 140903K(157248K)->1202K(157248K) Eden: 139776K(139776K)->0K(139776K) From: 1127K(17472K)->1202K(17472K)
[159.645s][info][gc,heap        ] GC(283) Tenured: 4076K(349568K)->4076K(349568K)
[159.645s][info][gc,metaspace   ] GC(283) Metaspace: 9932K(10304K)->9932K(10304K) NonClass: 8628K(8832K)->8628K(8832K) Class: 1303K(1472K)->1303K(1472K)
[159.645s][info][gc             ] GC(283) Pause Young (Allocation Failure) 141M->5M(494M) 3.932ms
[159.645s][info][gc,cpu         ] GC(283) User=0.00s Sys=0.00s Real=0.00s
[160.208s][info][gc,start       ] GC(284) Pause Young (Allocation Failure)
[160.212s][info][gc,heap        ] GC(284) DefNew: 140978K(157248K)->1213K(157248K) Eden: 139776K(139776K)->0K(139776K) From: 1202K(17472K)->1213K(17472K)
[160.212s][info][gc,heap        ] GC(284) Tenured: 4076K(349568K)->4076K(349568K)
[160.212s][info][gc,metaspace   ] GC(284) Metaspace: 9932K(10304K)->9932K(10304K) NonClass: 8628K(8832K)->8628K(8832K) Class: 1303K(1472K)->1303K(1472K)
[160.212s][info][gc             ] GC(284) Pause Young (Allocation Failure) 141M->5M(494M) 4.137ms
[160.212s][info][gc,cpu         ] GC(284) User=0.02s Sys=0.00s Real=0.02s
[160.776s][info][gc,start       ] GC(285) Pause Young (Allocation Failure)
[160.780s][info][gc,heap        ] GC(285) DefNew: 140989K(157248K)->1302K(157248K) Eden: 139776K(139776K)->0K(139776K) From: 1213K(17472K)->1302K(17472K)
[160.780s][info][gc,heap        ] GC(285) Tenured: 4076K(349568K)->4076K(349568K)
[160.780s][info][gc,metaspace   ] GC(285) Metaspace: 9932K(10304K)->9932K(10304K) NonClass: 8628K(8832K)->8628K(8832K) Class: 1303K(1472K)->1303K(1472K)
[160.780s][info][gc             ] GC(285) Pause Young (Allocation Failure) 141M->5M(494M) 4.144ms
[160.780s][info][gc,cpu         ] GC(285) User=0.02s Sys=0.00s Real=0.02s
[161.339s][info][gc,start       ] GC(286) Pause Young (Allocation Failure)
[161.343s][info][gc,heap        ] GC(286) DefNew: 141078K(157248K)->1214K(157248K) Eden: 139776K(139776K)->0K(139776K) From: 1302K(17472K)->1214K(17472K)
[161.343s][info][gc,heap        ] GC(286) Tenured: 4076K(349568K)->4076K(349568K)
[161.343s][info][gc,metaspace   ] GC(286) Metaspace: 9932K(10304K)->9932K(10304K) NonClass: 8628K(8832K)->8628K(8832K) Class: 1303K(1472K)->1303K(1472K)
[161.343s][info][gc             ] GC(286) Pause Young (Allocation Failure) 141M->5M(494M) 3.911ms
[161.343s][info][gc,cpu         ] GC(286) User=0.00s Sys=0.00s Real=0.00s
[161.907s][info][gc,start       ] GC(287) Pause Young (Allocation Failure)
[161.911s][info][gc,heap        ] GC(287) DefNew: 140990K(157248K)->1349K(157248K) Eden: 139776K(139776K)->0K(139776K) From: 1214K(17472K)->1349K(17472K)
[161.911s][info][gc,heap        ] GC(287) Tenured: 4076K(349568K)->4076K(349568K)
[161.911s][info][gc,metaspace   ] GC(287) Metaspace: 9932K(10304K)->9932K(10304K) NonClass: 8628K(8832K)->8628K(8832K) Class: 1303K(1472K)->1303K(1472K)
[161.912s][info][gc             ] GC(287) Pause Young (Allocation Failure) 141M->5M(494M) 4.082ms
[161.912s][info][gc,cpu         ] GC(287) User=0.00s Sys=0.00s Real=0.00s
[162.292s][info][gc,start       ] GC(288) Pause Full (System.gc())
[162.292s][info][gc,phases,start] GC(288) Phase 1: Mark live objects
[162.306s][info][gc,phases      ] GC(288) Phase 1: Mark live objects 13.901ms
[162.306s][info][gc,phases,start] GC(288) Phase 2: Compute new object addresses
[162.335s][info][gc,phases      ] GC(288) Phase 2: Compute new object addresses 28.555ms
[162.335s][info][gc,phases,start] GC(288) Phase 3: Adjust pointers
[162.339s][info][gc,phases      ] GC(288) Phase 3: Adjust pointers 3.608ms
[162.339s][info][gc,phases,start] GC(288) Phase 4: Move objects
[162.339s][info][gc,phases      ] GC(288) Phase 4: Move objects 0.011ms
[162.339s][info][gc,heap        ] GC(288) DefNew: 93953K(157248K)->0K(157248K) Eden: 92603K(139776K)->0K(139776K) From: 1349K(17472K)->0K(17472K)
[162.339s][info][gc,heap        ] GC(288) Tenured: 4076K(349568K)->4076K(349568K)
[162.339s][info][gc,metaspace   ] GC(288) Metaspace: 9935K(10304K)->9935K(10304K) NonClass: 8631K(8832K)->8631K(8832K) Class: 1303K(1472K)->1303K(1472K)
[162.339s][info][gc             ] GC(288) Pause Full (System.gc()) 95M->3M(494M) 46.501ms
[162.339s][info][gc,cpu         ] GC(288) User=0.05s Sys=0.00s Real=0.05s
[162.907s][info][gc,start       ] GC(289) Pause Young (Allocation Failure)
[162.912s][info][gc,heap        ] GC(289) DefNew: 139776K(157248K)->1268K(157248K) Eden: 139776K(139776K)->0K(139776K) From: 0K(17472K)->1268K(17472K)
[162.912s][info][gc,heap        ] GC(289) Tenured: 4076K(349568K)->4076K(349568K)
[162.912s][info][gc,metaspace   ] GC(289) Metaspace: 9935K(10304K)->9935K(10304K) NonClass: 8631K(8832K)->8631K(8832K) Class: 1303K(1472K)->1303K(1472K)
[162.912s][info][gc             ] GC(289) Pause Young (Allocation Failure) 140M->5M(494M) 4.522ms
[162.912s][info][gc,cpu         ] GC(289) User=0.02s Sys=0.00s Real=0.02s
[163.468s][info][gc,start       ] GC(290) Pause Young (Allocation Failure)
[163.472s][info][gc,heap        ] GC(290) DefNew: 141044K(157248K)->1176K(157248K) Eden: 139776K(139776K)->0K(139776K) From: 1268K(17472K)->1176K(17472K)
[163.472s][info][gc,heap        ] GC(290) Tenured: 4076K(349568K)->4076K(349568K)
[163.472s][info][gc,metaspace   ] GC(290) Metaspace: 9935K(10304K)->9935K(10304K) NonClass: 8631K(8832K)->8631K(8832K) Class: 1303K(1472K)->1303K(1472K)
[163.472s][info][gc             ] GC(290) Pause Young (Allocation Failure) 141M->5M(494M) 4.118ms
[163.472s][info][gc,cpu         ] GC(290) User=0.00s Sys=0.00s Real=0.00s
[164.041s][info][gc,start       ] GC(291) Pause Young (Allocation Failure)
[164.045s][info][gc,heap        ] GC(291) DefNew: 140952K(157248K)->1223K(157248K) Eden: 139776K(139776K)->0K(139776K) From: 1176K(17472K)->1223K(17472K)
[164.045s][info][gc,heap        ] GC(291) Tenured: 4076K(349568K)->4076K(349568K)
[164.045s][info][gc,metaspace   ] GC(291) Metaspace: 9935K(10304K)->9935K(10304K) NonClass: 8631K(8832K)->8631K(8832K) Class: 1303K(1472K)->1303K(1472K)
[164.045s][info][gc             ] GC(291) Pause Young (Allocation Failure) 141M->5M(494M) 4.257ms
[164.045s][info][gc,cpu         ] GC(291) User=0.00s Sys=0.00s Real=0.00s
[164.620s][info][gc,start       ] GC(292) Pause Young (Allocation Failure)
[164.624s][info][gc,heap        ] GC(292) DefNew: 140999K(157248K)->1184K(157248K) Eden: 139776K(139776K)->0K(139776K) From: 1223K(17472K)->1184K(17472K)
[164.624s][info][gc,heap        ] GC(292) Tenured: 4076K(349568K)->4076K(349568K)
[164.624s][info][gc,metaspace   ] GC(292) Metaspace: 9935K(10304K)->9935K(10304K) NonClass: 8631K(8832K)->8631K(8832K) Class: 1303K(1472K)->1303K(1472K)
[164.624s][info][gc             ] GC(292) Pause Young (Allocation Failure) 141M->5M(494M) 3.832ms
[164.624s][info][gc,cpu         ] GC(292) User=0.00s Sys=0.00s Real=0.00s
[165.188s][info][gc,start       ] GC(293) Pause Young (Allocation Failure)
[165.192s][info][gc,heap        ] GC(293) DefNew: 140960K(157248K)->1228K(157248K) Eden: 139776K(139776K)->0K(139776K) From: 1184K(17472K)->1228K(17472K)
[165.192s][info][gc,heap        ] GC(293) Tenured: 4076K(349568K)->4076K(349568K)
[165.192s][info][gc,metaspace   ] GC(293) Metaspace: 9935K(10304K)->9935K(10304K) NonClass: 8631K(8832K)->8631K(8832K) Class: 1303K(1472K)->1303K(1472K)
[165.192s][info][gc             ] GC(293) Pause Young (Allocation Failure) 141M->5M(494M) 3.860ms
[165.192s][info][gc,cpu         ] GC(293) User=0.02s Sys=0.00s Real=0.02s
[165.767s][info][gc,start       ] GC(294) Pause Young (Allocation Failure)
[165.771s][info][gc,heap        ] GC(294) DefNew: 141004K(157248K)->1251K(157248K) Eden: 139776K(139776K)->0K(139776K) From: 1228K(17472K)->1251K(17472K)
[165.771s][info][gc,heap        ] GC(294) Tenured: 4076K(349568K)->4076K(349568K)
[165.771s][info][gc,metaspace   ] GC(294) Metaspace: 9935K(10304K)->9935K(10304K) NonClass: 8631K(8832K)->8631K(8832K) Class: 1303K(1472K)->1303K(1472K)
[165.771s][info][gc             ] GC(294) Pause Young (Allocation Failure) 141M->5M(494M) 3.993ms
[165.771s][info][gc,cpu         ] GC(294) User=0.02s Sys=0.00s Real=0.02s
[166.334s][info][gc,start       ] GC(295) Pause Young (Allocation Failure)
[166.338s][info][gc,heap        ] GC(295) DefNew: 141027K(157248K)->1289K(157248K) Eden: 139776K(139776K)->0K(139776K) From: 1251K(17472K)->1289K(17472K)
[166.338s][info][gc,heap        ] GC(295) Tenured: 4076K(349568K)->4076K(349568K)
[166.338s][info][gc,metaspace   ] GC(295) Metaspace: 9935K(10304K)->9935K(10304K) NonClass: 8631K(8832K)->8631K(8832K) Class: 1303K(1472K)->1303K(1472K)
[166.338s][info][gc             ] GC(295) Pause Young (Allocation Failure) 141M->5M(494M) 4.119ms
[166.338s][info][gc,cpu         ] GC(295) User=0.00s Sys=0.00s Real=0.00s
[166.901s][info][gc,start       ] GC(296) Pause Young (Allocation Failure)
[166.905s][info][gc,heap        ] GC(296) DefNew: 141065K(157248K)->1268K(157248K) Eden: 139776K(139776K)->0K(139776K) From: 1289K(17472K)->1268K(17472K)
[166.905s][info][gc,heap        ] GC(296) Tenured: 4076K(349568K)->4076K(349568K)
[166.905s][info][gc,metaspace   ] GC(296) Metaspace: 9935K(10304K)->9935K(10304K) NonClass: 8631K(8832K)->8631K(8832K) Class: 1303K(1472K)->1303K(1472K)
[166.905s][info][gc             ] GC(296) Pause Young (Allocation Failure) 141M->5M(494M) 4.020ms
[166.905s][info][gc,cpu         ] GC(296) User=0.00s Sys=0.00s Real=0.00s
[167.467s][info][gc,start       ] GC(297) Pause Young (Allocation Failure)
[167.470s][info][gc,heap        ] GC(297) DefNew: 141044K(157248K)->1183K(157248K) Eden: 139776K(139776K)->0K(139776K) From: 1268K(17472K)->1183K(17472K)
[167.470s][info][gc,heap        ] GC(297) Tenured: 4076K(349568K)->4076K(349568K)
[167.470s][info][gc,metaspace   ] GC(297) Metaspace: 9935K(10304K)->9935K(10304K) NonClass: 8631K(8832K)->8631K(8832K) Class: 1303K(1472K)->1303K(1472K)
[167.470s][info][gc             ] GC(297) Pause Young (Allocation Failure) 141M->5M(494M) 3.704ms
[167.470s][info][gc,cpu         ] GC(297) User=0.02s Sys=0.00s Real=0.02s
[168.027s][info][gc,start       ] GC(298) Pause Young (Allocation Failure)
[168.031s][info][gc,heap        ] GC(298) DefNew: 140959K(157248K)->1211K(157248K) Eden: 139776K(139776K)->0K(139776K) From: 1183K(17472K)->1211K(17472K)
[168.031s][info][gc,heap        ] GC(298) Tenured: 4076K(349568K)->4076K(349568K)
[168.031s][info][gc,metaspace   ] GC(298) Metaspace: 9935K(10304K)->9935K(10304K) NonClass: 8631K(8832K)->8631K(8832K) Class: 1303K(1472K)->1303K(1472K)
[168.031s][info][gc             ] GC(298) Pause Young (Allocation Failure) 141M->5M(494M) 3.888ms
[168.031s][info][gc,cpu         ] GC(298) User=0.00s Sys=0.00s Real=0.00s
[168.605s][info][gc,start       ] GC(299) Pause Young (Allocation Failure)
[168.609s][info][gc,heap        ] GC(299) DefNew: 140987K(157248K)->1254K(157248K) Eden: 139776K(139776K)->0K(139776K) From: 1211K(17472K)->1254K(17472K)
[168.609s][info][gc,heap        ] GC(299) Tenured: 4076K(349568K)->4076K(349568K)
[168.609s][info][gc,metaspace   ] GC(299) Metaspace: 9935K(10304K)->9935K(10304K) NonClass: 8631K(8832K)->8631K(8832K) Class: 1303K(1472K)->1303K(1472K)
[168.609s][info][gc             ] GC(299) Pause Young (Allocation Failure) 141M->5M(494M) 3.910ms
[168.609s][info][gc,cpu         ] GC(299) User=0.00s Sys=0.00s Real=0.00s
[168.977s][info][gc,start       ] GC(300) Pause Full (System.gc())
[168.977s][info][gc,phases,start] GC(300) Phase 1: Mark live objects
[168.990s][info][gc,phases      ] GC(300) Phase 1: Mark live objects 13.081ms
[168.990s][info][gc,phases,start] GC(300) Phase 2: Compute new object addresses
[169.018s][info][gc,phases      ] GC(300) Phase 2: Compute new object addresses 27.655ms
[169.018s][info][gc,phases,start] GC(300) Phase 3: Adjust pointers
[169.022s][info][gc,phases      ] GC(300) Phase 3: Adjust pointers 3.646ms
[169.022s][info][gc,phases,start] GC(300) Phase 4: Move objects
[169.022s][info][gc,phases      ] GC(300) Phase 4: Move objects 0.012ms
[169.022s][info][gc,heap        ] GC(300) DefNew: 92386K(157248K)->0K(157248K) Eden: 91131K(139776K)->0K(139776K) From: 1254K(17472K)->0K(17472K)
[169.022s][info][gc,heap        ] GC(300) Tenured: 4076K(349568K)->4076K(349568K)
[169.022s][info][gc,metaspace   ] GC(300) Metaspace: 9935K(10304K)->9935K(10304K) NonClass: 8631K(8832K)->8631K(8832K) Class: 1303K(1472K)->1303K(1472K)
[169.022s][info][gc             ] GC(300) Pause Full (System.gc()) 94M->3M(494M) 44.804ms
[169.022s][info][gc,cpu         ] GC(300) User=0.05s Sys=0.00s Real=0.05s
[169.585s][info][gc,start       ] GC(301) Pause Young (Allocation Failure)
[169.590s][info][gc,heap        ] GC(301) DefNew: 139776K(157248K)->1300K(157248K) Eden: 139776K(139776K)->0K(139776K) From: 0K(17472K)->1300K(17472K)
[169.590s][info][gc,heap        ] GC(301) Tenured: 4076K(349568K)->4076K(349568K)
[169.590s][info][gc,metaspace   ] GC(301) Metaspace: 9936K(10304K)->9936K(10304K) NonClass: 8632K(8832K)->8632K(8832K) Class: 1303K(1472K)->1303K(1472K)
[169.590s][info][gc             ] GC(301) Pause Young (Allocation Failure) 140M->5M(494M) 4.491ms
[169.590s][info][gc,cpu         ] GC(301) User=0.00s Sys=0.00s Real=0.00s
[170.157s][info][gc,start       ] GC(302) Pause Young (Allocation Failure)
[170.161s][info][gc,heap        ] GC(302) DefNew: 141076K(157248K)->1200K(157248K) Eden: 139776K(139776K)->0K(139776K) From: 1300K(17472K)->1200K(17472K)
[170.161s][info][gc,heap        ] GC(302) Tenured: 4076K(349568K)->4076K(349568K)
[170.161s][info][gc,metaspace   ] GC(302) Metaspace: 9936K(10304K)->9936K(10304K) NonClass: 8632K(8832K)->8632K(8832K) Class: 1303K(1472K)->1303K(1472K)
[170.161s][info][gc             ] GC(302) Pause Young (Allocation Failure) 141M->5M(494M) 4.146ms
[170.161s][info][gc,cpu         ] GC(302) User=0.02s Sys=0.00s Real=0.02s
[170.729s][info][gc,start       ] GC(303) Pause Young (Allocation Failure)
[170.733s][info][gc,heap        ] GC(303) DefNew: 140976K(157248K)->1251K(157248K) Eden: 139776K(139776K)->0K(139776K) From: 1200K(17472K)->1251K(17472K)
[170.733s][info][gc,heap        ] GC(303) Tenured: 4076K(349568K)->4076K(349568K)
[170.733s][info][gc,metaspace   ] GC(303) Metaspace: 9936K(10304K)->9936K(10304K) NonClass: 8632K(8832K)->8632K(8832K) Class: 1303K(1472K)->1303K(1472K)
[170.733s][info][gc             ] GC(303) Pause Young (Allocation Failure) 141M->5M(494M) 4.026ms
[170.733s][info][gc,cpu         ] GC(303) User=0.00s Sys=0.00s Real=0.00s
[171.283s][info][gc,start       ] GC(304) Pause Young (Allocation Failure)
[171.287s][info][gc,heap        ] GC(304) DefNew: 141027K(157248K)->1257K(157248K) Eden: 139776K(139776K)->0K(139776K) From: 1251K(17472K)->1257K(17472K)
[171.287s][info][gc,heap        ] GC(304) Tenured: 4076K(349568K)->4076K(349568K)
[171.287s][info][gc,metaspace   ] GC(304) Metaspace: 9936K(10304K)->9936K(10304K) NonClass: 8632K(8832K)->8632K(8832K) Class: 1303K(1472K)->1303K(1472K)
[171.287s][info][gc             ] GC(304) Pause Young (Allocation Failure) 141M->5M(494M) 4.182ms
[171.287s][info][gc,cpu         ] GC(304) User=0.00s Sys=0.00s Real=0.00s
[171.864s][info][gc,start       ] GC(305) Pause Young (Allocation Failure)
[171.868s][info][gc,heap        ] GC(305) DefNew: 141033K(157248K)->1276K(157248K) Eden: 139776K(139776K)->0K(139776K) From: 1257K(17472K)->1276K(17472K)
[171.868s][info][gc,heap        ] GC(305) Tenured: 4076K(349568K)->4076K(349568K)
[171.868s][info][gc,metaspace   ] GC(305) Metaspace: 9936K(10304K)->9936K(10304K) NonClass: 8632K(8832K)->8632K(8832K) Class: 1303K(1472K)->1303K(1472K)
[171.868s][info][gc             ] GC(305) Pause Young (Allocation Failure) 141M->5M(494M) 4.002ms
[171.868s][info][gc,cpu         ] GC(305) User=0.00s Sys=0.00s Real=0.00s
[172.425s][info][gc,start       ] GC(306) Pause Young (Allocation Failure)
[172.429s][info][gc,heap        ] GC(306) DefNew: 141052K(157248K)->1170K(157248K) Eden: 139776K(139776K)->0K(139776K) From: 1276K(17472K)->1170K(17472K)
[172.429s][info][gc,heap        ] GC(306) Tenured: 4076K(349568K)->4076K(349568K)
[172.429s][info][gc,metaspace   ] GC(306) Metaspace: 9936K(10304K)->9936K(10304K) NonClass: 8632K(8832K)->8632K(8832K) Class: 1303K(1472K)->1303K(1472K)
[172.429s][info][gc             ] GC(306) Pause Young (Allocation Failure) 141M->5M(494M) 3.939ms
[172.429s][info][gc,cpu         ] GC(306) User=0.00s Sys=0.00s Real=0.00s
[172.992s][info][gc,start       ] GC(307) Pause Young (Allocation Failure)
[172.996s][info][gc,heap        ] GC(307) DefNew: 140946K(157248K)->1258K(157248K) Eden: 139776K(139776K)->0K(139776K) From: 1170K(17472K)->1258K(17472K)
[172.996s][info][gc,heap        ] GC(307) Tenured: 4076K(349568K)->4076K(349568K)
[172.996s][info][gc,metaspace   ] GC(307) Metaspace: 9936K(10304K)->9936K(10304K) NonClass: 8632K(8832K)->8632K(8832K) Class: 1303K(1472K)->1303K(1472K)
[172.996s][info][gc             ] GC(307) Pause Young (Allocation Failure) 141M->5M(494M) 3.929ms
[172.996s][info][gc,cpu         ] GC(307) User=0.02s Sys=0.00s Real=0.02s
[173.549s][info][gc,start       ] GC(308) Pause Young (Allocation Failure)
[173.552s][info][gc,heap        ] GC(308) DefNew: 141034K(157248K)->1231K(157248K) Eden: 139776K(139776K)->0K(139776K) From: 1258K(17472K)->1231K(17472K)
[173.553s][info][gc,heap        ] GC(308) Tenured: 4076K(349568K)->4076K(349568K)
[173.553s][info][gc,metaspace   ] GC(308) Metaspace: 9936K(10304K)->9936K(10304K) NonClass: 8632K(8832K)->8632K(8832K) Class: 1303K(1472K)->1303K(1472K)
[173.553s][info][gc             ] GC(308) Pause Young (Allocation Failure) 141M->5M(494M) 3.816ms
[173.553s][info][gc,cpu         ] GC(308) User=0.00s Sys=0.00s Real=0.00s
[174.125s][info][gc,start       ] GC(309) Pause Young (Allocation Failure)
[174.129s][info][gc,heap        ] GC(309) DefNew: 141007K(157248K)->1190K(157248K) Eden: 139776K(139776K)->0K(139776K) From: 1231K(17472K)->1190K(17472K)
[174.129s][info][gc,heap        ] GC(309) Tenured: 4076K(349568K)->4076K(349568K)
[174.129s][info][gc,metaspace   ] GC(309) Metaspace: 9936K(10304K)->9936K(10304K) NonClass: 8632K(8832K)->8632K(8832K) Class: 1303K(1472K)->1303K(1472K)
[174.129s][info][gc             ] GC(309) Pause Young (Allocation Failure) 141M->5M(494M) 3.682ms
[174.129s][info][gc,cpu         ] GC(309) User=0.00s Sys=0.00s Real=0.00s
[174.695s][info][gc,start       ] GC(310) Pause Young (Allocation Failure)
[174.699s][info][gc,heap        ] GC(310) DefNew: 140966K(157248K)->1212K(157248K) Eden: 139776K(139776K)->0K(139776K) From: 1190K(17472K)->1212K(17472K)
[174.699s][info][gc,heap        ] GC(310) Tenured: 4076K(349568K)->4076K(349568K)
[174.699s][info][gc,metaspace   ] GC(310) Metaspace: 9936K(10304K)->9936K(10304K) NonClass: 8632K(8832K)->8632K(8832K) Class: 1303K(1472K)->1303K(1472K)
[174.699s][info][gc             ] GC(310) Pause Young (Allocation Failure) 141M->5M(494M) 4.029ms
[174.699s][info][gc,cpu         ] GC(310) User=0.00s Sys=0.00s Real=0.00s
[175.263s][info][gc,start       ] GC(311) Pause Young (Allocation Failure)
[175.267s][info][gc,heap        ] GC(311) DefNew: 140988K(157248K)->1136K(157248K) Eden: 139776K(139776K)->0K(139776K) From: 1212K(17472K)->1136K(17472K)
[175.267s][info][gc,heap        ] GC(311) Tenured: 4076K(349568K)->4076K(349568K)
[175.267s][info][gc,metaspace   ] GC(311) Metaspace: 9936K(10304K)->9936K(10304K) NonClass: 8632K(8832K)->8632K(8832K) Class: 1303K(1472K)->1303K(1472K)
[175.267s][info][gc             ] GC(311) Pause Young (Allocation Failure) 141M->5M(494M) 3.634ms
[175.267s][info][gc,cpu         ] GC(311) User=0.02s Sys=0.00s Real=0.02s
[175.641s][info][gc,start       ] GC(312) Pause Full (System.gc())
[175.641s][info][gc,phases,start] GC(312) Phase 1: Mark live objects
[175.655s][info][gc,phases      ] GC(312) Phase 1: Mark live objects 14.049ms
[175.655s][info][gc,phases,start] GC(312) Phase 2: Compute new object addresses
[175.685s][info][gc,phases      ] GC(312) Phase 2: Compute new object addresses 29.901ms
[175.685s][info][gc,phases,start] GC(312) Phase 3: Adjust pointers
[175.689s][info][gc,phases      ] GC(312) Phase 3: Adjust pointers 3.656ms
[175.689s][info][gc,phases,start] GC(312) Phase 4: Move objects
[175.689s][info][gc,phases      ] GC(312) Phase 4: Move objects 0.012ms
[175.689s][info][gc,heap        ] GC(312) DefNew: 94752K(157248K)->0K(157248K) Eden: 93616K(139776K)->0K(139776K) From: 1136K(17472K)->0K(17472K)
[175.689s][info][gc,heap        ] GC(312) Tenured: 4076K(349568K)->4076K(349568K)
[175.689s][info][gc,metaspace   ] GC(312) Metaspace: 9936K(10304K)->9936K(10304K) NonClass: 8632K(8832K)->8632K(8832K) Class: 1303K(1472K)->1303K(1472K)
[175.689s][info][gc             ] GC(312) Pause Full (System.gc()) 96M->3M(494M) 48.065ms
[175.689s][info][gc,cpu         ] GC(312) User=0.05s Sys=0.00s Real=0.05s
[176.247s][info][gc,start       ] GC(313) Pause Young (Allocation Failure)
[176.251s][info][gc,heap        ] GC(313) DefNew: 139776K(157248K)->1166K(157248K) Eden: 139776K(139776K)->0K(139776K) From: 0K(17472K)->1166K(17472K)
[176.251s][info][gc,heap        ] GC(313) Tenured: 4076K(349568K)->4076K(349568K)
[176.251s][info][gc,metaspace   ] GC(313) Metaspace: 9936K(10304K)->9936K(10304K) NonClass: 8632K(8832K)->8632K(8832K) Class: 1303K(1472K)->1303K(1472K)
[176.251s][info][gc             ] GC(313) Pause Young (Allocation Failure) 140M->5M(494M) 4.195ms
[176.251s][info][gc,cpu         ] GC(313) User=0.00s Sys=0.00s Real=0.00s
[176.816s][info][gc,start       ] GC(314) Pause Young (Allocation Failure)
[176.820s][info][gc,heap        ] GC(314) DefNew: 140942K(157248K)->1187K(157248K) Eden: 139776K(139776K)->0K(139776K) From: 1166K(17472K)->1187K(17472K)
[176.820s][info][gc,heap        ] GC(314) Tenured: 4076K(349568K)->4076K(349568K)
[176.820s][info][gc,metaspace   ] GC(314) Metaspace: 9936K(10304K)->9936K(10304K) NonClass: 8632K(8832K)->8632K(8832K) Class: 1303K(1472K)->1303K(1472K)
[176.820s][info][gc             ] GC(314) Pause Young (Allocation Failure) 141M->5M(494M) 3.884ms
[176.820s][info][gc,cpu         ] GC(314) User=0.00s Sys=0.00s Real=0.00s
[177.391s][info][gc,start       ] GC(315) Pause Young (Allocation Failure)
[177.395s][info][gc,heap        ] GC(315) DefNew: 140963K(157248K)->1221K(157248K) Eden: 139776K(139776K)->0K(139776K) From: 1187K(17472K)->1221K(17472K)
[177.395s][info][gc,heap        ] GC(315) Tenured: 4076K(349568K)->4076K(349568K)
[177.395s][info][gc,metaspace   ] GC(315) Metaspace: 9936K(10304K)->9936K(10304K) NonClass: 8632K(8832K)->8632K(8832K) Class: 1303K(1472K)->1303K(1472K)
[177.395s][info][gc             ] GC(315) Pause Young (Allocation Failure) 141M->5M(494M) 3.943ms
[177.395s][info][gc,cpu         ] GC(315) User=0.00s Sys=0.00s Real=0.00s
[177.966s][info][gc,start       ] GC(316) Pause Young (Allocation Failure)
[177.970s][info][gc,heap        ] GC(316) DefNew: 140997K(157248K)->1239K(157248K) Eden: 139776K(139776K)->0K(139776K) From: 1221K(17472K)->1239K(17472K)
[177.970s][info][gc,heap        ] GC(316) Tenured: 4076K(349568K)->4076K(349568K)
[177.970s][info][gc,metaspace   ] GC(316) Metaspace: 9936K(10304K)->9936K(10304K) NonClass: 8632K(8832K)->8632K(8832K) Class: 1303K(1472K)->1303K(1472K)
[177.970s][info][gc             ] GC(316) Pause Young (Allocation Failure) 141M->5M(494M) 3.914ms
[177.970s][info][gc,cpu         ] GC(316) User=0.00s Sys=0.00s Real=0.00s
[178.530s][info][gc,start       ] GC(317) Pause Young (Allocation Failure)
[178.533s][info][gc,heap        ] GC(317) DefNew: 141015K(157248K)->1210K(157248K) Eden: 139776K(139776K)->0K(139776K) From: 1239K(17472K)->1210K(17472K)
[178.533s][info][gc,heap        ] GC(317) Tenured: 4076K(349568K)->4076K(349568K)
[178.533s][info][gc,metaspace   ] GC(317) Metaspace: 9936K(10304K)->9936K(10304K) NonClass: 8632K(8832K)->8632K(8832K) Class: 1303K(1472K)->1303K(1472K)
[178.534s][info][gc             ] GC(317) Pause Young (Allocation Failure) 141M->5M(494M) 3.898ms
[178.534s][info][gc,cpu         ] GC(317) User=0.00s Sys=0.00s Real=0.00s
[179.096s][info][gc,start       ] GC(318) Pause Young (Allocation Failure)
[179.100s][info][gc,heap        ] GC(318) DefNew: 140986K(157248K)->1200K(157248K) Eden: 139776K(139776K)->0K(139776K) From: 1210K(17472K)->1200K(17472K)
[179.100s][info][gc,heap        ] GC(318) Tenured: 4076K(349568K)->4076K(349568K)
[179.100s][info][gc,metaspace   ] GC(318) Metaspace: 9936K(10304K)->9936K(10304K) NonClass: 8632K(8832K)->8632K(8832K) Class: 1303K(1472K)->1303K(1472K)
[179.100s][info][gc             ] GC(318) Pause Young (Allocation Failure) 141M->5M(494M) 3.798ms
[179.100s][info][gc,cpu         ] GC(318) User=0.00s Sys=0.00s Real=0.00s
[179.662s][info][gc,start       ] GC(319) Pause Young (Allocation Failure)
[179.666s][info][gc,heap        ] GC(319) DefNew: 140976K(157248K)->1281K(157248K) Eden: 139776K(139776K)->0K(139776K) From: 1200K(17472K)->1281K(17472K)
[179.666s][info][gc,heap        ] GC(319) Tenured: 4076K(349568K)->4076K(349568K)
[179.666s][info][gc,metaspace   ] GC(319) Metaspace: 9936K(10304K)->9936K(10304K) NonClass: 8632K(8832K)->8632K(8832K) Class: 1303K(1472K)->1303K(1472K)
[179.666s][info][gc             ] GC(319) Pause Young (Allocation Failure) 141M->5M(494M) 3.920ms
[179.666s][info][gc,cpu         ] GC(319) User=0.00s Sys=0.00s Real=0.00s
[180.229s][info][gc,start       ] GC(320) Pause Young (Allocation Failure)
[180.232s][info][gc,heap        ] GC(320) DefNew: 141057K(157248K)->1187K(157248K) Eden: 139776K(139776K)->0K(139776K) From: 1281K(17472K)->1187K(17472K)
[180.232s][info][gc,heap        ] GC(320) Tenured: 4076K(349568K)->4076K(349568K)
[180.233s][info][gc,metaspace   ] GC(320) Metaspace: 9936K(10304K)->9936K(10304K) NonClass: 8632K(8832K)->8632K(8832K) Class: 1303K(1472K)->1303K(1472K)
[180.233s][info][gc             ] GC(320) Pause Young (Allocation Failure) 141M->5M(494M) 3.746ms
[180.233s][info][gc,cpu         ] GC(320) User=0.02s Sys=0.00s Real=0.02s
[180.802s][info][gc,start       ] GC(321) Pause Young (Allocation Failure)
[180.805s][info][gc,heap        ] GC(321) DefNew: 140963K(157248K)->1285K(157248K) Eden: 139776K(139776K)->0K(139776K) From: 1187K(17472K)->1285K(17472K)
[180.805s][info][gc,heap        ] GC(321) Tenured: 4076K(349568K)->4076K(349568K)
[180.805s][info][gc,metaspace   ] GC(321) Metaspace: 9936K(10304K)->9936K(10304K) NonClass: 8632K(8832K)->8632K(8832K) Class: 1303K(1472K)->1303K(1472K)
[180.806s][info][gc             ] GC(321) Pause Young (Allocation Failure) 141M->5M(494M) 3.975ms
[180.806s][info][gc,cpu         ] GC(321) User=0.00s Sys=0.00s Real=0.00s
[181.361s][info][gc,start       ] GC(322) Pause Young (Allocation Failure)
[181.364s][info][gc,heap        ] GC(322) DefNew: 141061K(157248K)->1089K(157248K) Eden: 139776K(139776K)->0K(139776K) From: 1285K(17472K)->1089K(17472K)
[181.364s][info][gc,heap        ] GC(322) Tenured: 4076K(349568K)->4076K(349568K)
[181.364s][info][gc,metaspace   ] GC(322) Metaspace: 9936K(10304K)->9936K(10304K) NonClass: 8632K(8832K)->8632K(8832K) Class: 1303K(1472K)->1303K(1472K)
[181.365s][info][gc             ] GC(322) Pause Young (Allocation Failure) 141M->5M(494M) 3.660ms
[181.365s][info][gc,cpu         ] GC(322) User=0.00s Sys=0.00s Real=0.00s
[181.934s][info][gc,start       ] GC(323) Pause Young (Allocation Failure)
[181.938s][info][gc,heap        ] GC(323) DefNew: 140865K(157248K)->1226K(157248K) Eden: 139776K(139776K)->0K(139776K) From: 1089K(17472K)->1226K(17472K)
[181.938s][info][gc,heap        ] GC(323) Tenured: 4076K(349568K)->4076K(349568K)
[181.938s][info][gc,metaspace   ] GC(323) Metaspace: 9936K(10304K)->9936K(10304K) NonClass: 8632K(8832K)->8632K(8832K) Class: 1303K(1472K)->1303K(1472K)
[181.938s][info][gc             ] GC(323) Pause Young (Allocation Failure) 141M->5M(494M) 3.847ms
[181.938s][info][gc,cpu         ] GC(323) User=0.00s Sys=0.00s Real=0.00s
[182.295s][info][gc,start       ] GC(324) Pause Full (System.gc())
[182.295s][info][gc,phases,start] GC(324) Phase 1: Mark live objects
[182.308s][info][gc,phases      ] GC(324) Phase 1: Mark live objects 13.145ms
[182.308s][info][gc,phases,start] GC(324) Phase 2: Compute new object addresses
[182.336s][info][gc,phases      ] GC(324) Phase 2: Compute new object addresses 27.750ms
[182.336s][info][gc,phases,start] GC(324) Phase 3: Adjust pointers
[182.339s][info][gc,phases      ] GC(324) Phase 3: Adjust pointers 3.601ms
[182.340s][info][gc,phases,start] GC(324) Phase 4: Move objects
[182.340s][info][gc,phases      ] GC(324) Phase 4: Move objects 0.012ms
[182.340s][info][gc,heap        ] GC(324) DefNew: 92295K(157248K)->0K(157248K) Eden: 91068K(139776K)->0K(139776K) From: 1226K(17472K)->0K(17472K)
[182.340s][info][gc,heap        ] GC(324) Tenured: 4076K(349568K)->4076K(349568K)
[182.340s][info][gc,metaspace   ] GC(324) Metaspace: 9939K(10304K)->9939K(10304K) NonClass: 8635K(8832K)->8635K(8832K) Class: 1303K(1472K)->1303K(1472K)
[182.340s][info][gc             ] GC(324) Pause Full (System.gc()) 94M->3M(494M) 44.928ms
[182.340s][info][gc,cpu         ] GC(324) User=0.05s Sys=0.00s Real=0.05s
[182.895s][info][gc,start       ] GC(325) Pause Young (Allocation Failure)
[182.899s][info][gc,heap        ] GC(325) DefNew: 139776K(157248K)->1227K(157248K) Eden: 139776K(139776K)->0K(139776K) From: 0K(17472K)->1227K(17472K)
[182.899s][info][gc,heap        ] GC(325) Tenured: 4076K(349568K)->4076K(349568K)
[182.899s][info][gc,metaspace   ] GC(325) Metaspace: 9939K(10304K)->9939K(10304K) NonClass: 8635K(8832K)->8635K(8832K) Class: 1303K(1472K)->1303K(1472K)
[182.899s][info][gc             ] GC(325) Pause Young (Allocation Failure) 140M->5M(494M) 4.337ms
[182.899s][info][gc,cpu         ] GC(325) User=0.02s Sys=0.00s Real=0.01s
[183.479s][info][gc,start       ] GC(326) Pause Young (Allocation Failure)
[183.483s][info][gc,heap        ] GC(326) DefNew: 141003K(157248K)->1239K(157248K) Eden: 139776K(139776K)->0K(139776K) From: 1227K(17472K)->1239K(17472K)
[183.483s][info][gc,heap        ] GC(326) Tenured: 4076K(349568K)->4076K(349568K)
[183.483s][info][gc,metaspace   ] GC(326) Metaspace: 9939K(10304K)->9939K(10304K) NonClass: 8635K(8832K)->8635K(8832K) Class: 1303K(1472K)->1303K(1472K)
[183.483s][info][gc             ] GC(326) Pause Young (Allocation Failure) 141M->5M(494M) 4.234ms
[183.483s][info][gc,cpu         ] GC(326) User=0.00s Sys=0.00s Real=0.00s
[184.054s][info][gc,start       ] GC(327) Pause Young (Allocation Failure)
[184.058s][info][gc,heap        ] GC(327) DefNew: 141015K(157248K)->1242K(157248K) Eden: 139776K(139776K)->0K(139776K) From: 1239K(17472K)->1242K(17472K)
[184.058s][info][gc,heap        ] GC(327) Tenured: 4076K(349568K)->4076K(349568K)
[184.058s][info][gc,metaspace   ] GC(327) Metaspace: 9939K(10304K)->9939K(10304K) NonClass: 8635K(8832K)->8635K(8832K) Class: 1303K(1472K)->1303K(1472K)
[184.058s][info][gc             ] GC(327) Pause Young (Allocation Failure) 141M->5M(494M) 4.262ms
[184.058s][info][gc,cpu         ] GC(327) User=0.00s Sys=0.00s Real=0.00s
[184.620s][info][gc,start       ] GC(328) Pause Young (Allocation Failure)
[184.623s][info][gc,heap        ] GC(328) DefNew: 141018K(157248K)->1170K(157248K) Eden: 139776K(139776K)->0K(139776K) From: 1242K(17472K)->1170K(17472K)
[184.623s][info][gc,heap        ] GC(328) Tenured: 4076K(349568K)->4076K(349568K)
[184.623s][info][gc,metaspace   ] GC(328) Metaspace: 9939K(10304K)->9939K(10304K) NonClass: 8635K(8832K)->8635K(8832K) Class: 1303K(1472K)->1303K(1472K)
[184.623s][info][gc             ] GC(328) Pause Young (Allocation Failure) 141M->5M(494M) 3.698ms
[184.623s][info][gc,cpu         ] GC(328) User=0.02s Sys=0.00s Real=0.02s
[185.193s][info][gc,start       ] GC(329) Pause Young (Allocation Failure)
[185.197s][info][gc,heap        ] GC(329) DefNew: 140946K(157248K)->1248K(157248K) Eden: 139776K(139776K)->0K(139776K) From: 1170K(17472K)->1248K(17472K)
[185.197s][info][gc,heap        ] GC(329) Tenured: 4076K(349568K)->4076K(349568K)
[185.197s][info][gc,metaspace   ] GC(329) Metaspace: 9939K(10304K)->9939K(10304K) NonClass: 8635K(8832K)->8635K(8832K) Class: 1303K(1472K)->1303K(1472K)
[185.197s][info][gc             ] GC(329) Pause Young (Allocation Failure) 141M->5M(494M) 3.916ms
[185.197s][info][gc,cpu         ] GC(329) User=0.00s Sys=0.00s Real=0.00s
[185.780s][info][gc,start       ] GC(330) Pause Young (Allocation Failure)
[185.784s][info][gc,heap        ] GC(330) DefNew: 141024K(157248K)->1191K(157248K) Eden: 139776K(139776K)->0K(139776K) From: 1248K(17472K)->1191K(17472K)
[185.784s][info][gc,heap        ] GC(330) Tenured: 4076K(349568K)->4076K(349568K)
[185.784s][info][gc,metaspace   ] GC(330) Metaspace: 9939K(10304K)->9939K(10304K) NonClass: 8635K(8832K)->8635K(8832K) Class: 1303K(1472K)->1303K(1472K)
[185.784s][info][gc             ] GC(330) Pause Young (Allocation Failure) 141M->5M(494M) 3.718ms
[185.784s][info][gc,cpu         ] GC(330) User=0.00s Sys=0.00s Real=0.00s
[186.347s][info][gc,start       ] GC(331) Pause Young (Allocation Failure)
[186.351s][info][gc,heap        ] GC(331) DefNew: 140967K(157248K)->1195K(157248K) Eden: 139776K(139776K)->0K(139776K) From: 1191K(17472K)->1195K(17472K)
[186.351s][info][gc,heap        ] GC(331) Tenured: 4076K(349568K)->4076K(349568K)
[186.351s][info][gc,metaspace   ] GC(331) Metaspace: 9939K(10304K)->9939K(10304K) NonClass: 8635K(8832K)->8635K(8832K) Class: 1303K(1472K)->1303K(1472K)
[186.351s][info][gc             ] GC(331) Pause Young (Allocation Failure) 141M->5M(494M) 4.049ms
[186.351s][info][gc,cpu         ] GC(331) User=0.00s Sys=0.02s Real=0.02s
[186.925s][info][gc,start       ] GC(332) Pause Young (Allocation Failure)
[186.929s][info][gc,heap        ] GC(332) DefNew: 140971K(157248K)->1263K(157248K) Eden: 139776K(139776K)->0K(139776K) From: 1195K(17472K)->1263K(17472K)
[186.929s][info][gc,heap        ] GC(332) Tenured: 4076K(349568K)->4076K(349568K)
[186.929s][info][gc,metaspace   ] GC(332) Metaspace: 9939K(10304K)->9939K(10304K) NonClass: 8635K(8832K)->8635K(8832K) Class: 1303K(1472K)->1303K(1472K)
[186.929s][info][gc             ] GC(332) Pause Young (Allocation Failure) 141M->5M(494M) 3.933ms
[186.929s][info][gc,cpu         ] GC(332) User=0.00s Sys=0.00s Real=0.00s
[187.498s][info][gc,start       ] GC(333) Pause Young (Allocation Failure)
[187.501s][info][gc,heap        ] GC(333) DefNew: 141039K(157248K)->1139K(157248K) Eden: 139776K(139776K)->0K(139776K) From: 1263K(17472K)->1139K(17472K)
[187.501s][info][gc,heap        ] GC(333) Tenured: 4076K(349568K)->4076K(349568K)
[187.501s][info][gc,metaspace   ] GC(333) Metaspace: 9939K(10304K)->9939K(10304K) NonClass: 8635K(8832K)->8635K(8832K) Class: 1303K(1472K)->1303K(1472K)
[187.501s][info][gc             ] GC(333) Pause Young (Allocation Failure) 141M->5M(494M) 3.658ms
[187.501s][info][gc,cpu         ] GC(333) User=0.02s Sys=0.00s Real=0.02s
[188.087s][info][gc,start       ] GC(334) Pause Young (Allocation Failure)
[188.090s][info][gc,heap        ] GC(334) DefNew: 140915K(157248K)->1198K(157248K) Eden: 139776K(139776K)->0K(139776K) From: 1139K(17472K)->1198K(17472K)
[188.090s][info][gc,heap        ] GC(334) Tenured: 4076K(349568K)->4076K(349568K)
[188.090s][info][gc,metaspace   ] GC(334) Metaspace: 9939K(10304K)->9939K(10304K) NonClass: 8635K(8832K)->8635K(8832K) Class: 1303K(1472K)->1303K(1472K)
[188.090s][info][gc             ] GC(334) Pause Young (Allocation Failure) 141M->5M(494M) 3.806ms
[188.090s][info][gc,cpu         ] GC(334) User=0.00s Sys=0.00s Real=0.00s
[188.660s][info][gc,start       ] GC(335) Pause Young (Allocation Failure)
[188.664s][info][gc,heap        ] GC(335) DefNew: 140974K(157248K)->1147K(157248K) Eden: 139776K(139776K)->0K(139776K) From: 1198K(17472K)->1147K(17472K)
[188.664s][info][gc,heap        ] GC(335) Tenured: 4076K(349568K)->4076K(349568K)
[188.664s][info][gc,metaspace   ] GC(335) Metaspace: 9939K(10304K)->9939K(10304K) NonClass: 8635K(8832K)->8635K(8832K) Class: 1303K(1472K)->1303K(1472K)
[188.664s][info][gc             ] GC(335) Pause Young (Allocation Failure) 141M->5M(494M) 3.740ms
[188.664s][info][gc,cpu         ] GC(335) User=0.00s Sys=0.00s Real=0.00s
[189.082s][info][gc,start       ] GC(336) Pause Full (System.gc())
[189.083s][info][gc,phases,start] GC(336) Phase 1: Mark live objects
[189.097s][info][gc,phases      ] GC(336) Phase 1: Mark live objects 14.100ms
[189.097s][info][gc,phases,start] GC(336) Phase 2: Compute new object addresses
[189.130s][info][gc,phases      ] GC(336) Phase 2: Compute new object addresses 32.912ms
[189.130s][info][gc,phases,start] GC(336) Phase 3: Adjust pointers
[189.133s][info][gc,phases      ] GC(336) Phase 3: Adjust pointers 3.702ms
[189.133s][info][gc,phases,start] GC(336) Phase 4: Move objects
[189.133s][info][gc,phases      ] GC(336) Phase 4: Move objects 0.012ms
[189.134s][info][gc,heap        ] GC(336) DefNew: 104982K(157248K)->0K(157248K) Eden: 103835K(139776K)->0K(139776K) From: 1147K(17472K)->0K(17472K)
[189.134s][info][gc,heap        ] GC(336) Tenured: 4076K(349568K)->4076K(349568K)
[189.134s][info][gc,metaspace   ] GC(336) Metaspace: 9939K(10304K)->9939K(10304K) NonClass: 8635K(8832K)->8635K(8832K) Class: 1303K(1472K)->1303K(1472K)
[189.134s][info][gc             ] GC(336) Pause Full (System.gc()) 106M->3M(494M) 51.161ms
[189.134s][info][gc,cpu         ] GC(336) User=0.06s Sys=0.00s Real=0.06s
[189.709s][info][gc,start       ] GC(337) Pause Young (Allocation Failure)
[189.713s][info][gc,heap        ] GC(337) DefNew: 139776K(157248K)->1247K(157248K) Eden: 139776K(139776K)->0K(139776K) From: 0K(17472K)->1247K(17472K)
[189.713s][info][gc,heap        ] GC(337) Tenured: 4076K(349568K)->4076K(349568K)
[189.713s][info][gc,metaspace   ] GC(337) Metaspace: 9939K(10304K)->9939K(10304K) NonClass: 8635K(8832K)->8635K(8832K) Class: 1303K(1472K)->1303K(1472K)
[189.713s][info][gc             ] GC(337) Pause Young (Allocation Failure) 140M->5M(494M) 4.331ms
[189.713s][info][gc,cpu         ] GC(337) User=0.00s Sys=0.00s Real=0.00s
[190.261s][info][gc,start       ] GC(338) Pause Young (Allocation Failure)
[190.265s][info][gc,heap        ] GC(338) DefNew: 141023K(157248K)->1191K(157248K) Eden: 139776K(139776K)->0K(139776K) From: 1247K(17472K)->1191K(17472K)
[190.265s][info][gc,heap        ] GC(338) Tenured: 4076K(349568K)->4076K(349568K)
[190.265s][info][gc,metaspace   ] GC(338) Metaspace: 9939K(10304K)->9939K(10304K) NonClass: 8635K(8832K)->8635K(8832K) Class: 1303K(1472K)->1303K(1472K)
[190.265s][info][gc             ] GC(338) Pause Young (Allocation Failure) 141M->5M(494M) 3.905ms
[190.265s][info][gc,cpu         ] GC(338) User=0.00s Sys=0.00s Real=0.00s
[190.843s][info][gc,start       ] GC(339) Pause Young (Allocation Failure)
[190.846s][info][gc,heap        ] GC(339) DefNew: 140967K(157248K)->1175K(157248K) Eden: 139776K(139776K)->0K(139776K) From: 1191K(17472K)->1175K(17472K)
[190.846s][info][gc,heap        ] GC(339) Tenured: 4076K(349568K)->4076K(349568K)
[190.846s][info][gc,metaspace   ] GC(339) Metaspace: 9939K(10304K)->9939K(10304K) NonClass: 8635K(8832K)->8635K(8832K) Class: 1303K(1472K)->1303K(1472K)
[190.846s][info][gc             ] GC(339) Pause Young (Allocation Failure) 141M->5M(494M) 3.720ms
[190.846s][info][gc,cpu         ] GC(339) User=0.00s Sys=0.00s Real=0.00s
[191.411s][info][gc,start       ] GC(340) Pause Young (Allocation Failure)
[191.415s][info][gc,heap        ] GC(340) DefNew: 140951K(157248K)->1218K(157248K) Eden: 139776K(139776K)->0K(139776K) From: 1175K(17472K)->1218K(17472K)
[191.415s][info][gc,heap        ] GC(340) Tenured: 4076K(349568K)->4076K(349568K)
[191.415s][info][gc,metaspace   ] GC(340) Metaspace: 9939K(10304K)->9939K(10304K) NonClass: 8635K(8832K)->8635K(8832K) Class: 1303K(1472K)->1303K(1472K)
[191.415s][info][gc             ] GC(340) Pause Young (Allocation Failure) 141M->5M(494M) 3.784ms
[191.415s][info][gc,cpu         ] GC(340) User=0.00s Sys=0.00s Real=0.00s
[191.983s][info][gc,start       ] GC(341) Pause Young (Allocation Failure)
[191.987s][info][gc,heap        ] GC(341) DefNew: 140994K(157248K)->1255K(157248K) Eden: 139776K(139776K)->0K(139776K) From: 1218K(17472K)->1255K(17472K)
[191.987s][info][gc,heap        ] GC(341) Tenured: 4076K(349568K)->4076K(349568K)
[191.987s][info][gc,metaspace   ] GC(341) Metaspace: 9939K(10304K)->9939K(10304K) NonClass: 8635K(8832K)->8635K(8832K) Class: 1303K(1472K)->1303K(1472K)
[191.987s][info][gc             ] GC(341) Pause Young (Allocation Failure) 141M->5M(494M) 3.993ms
[191.987s][info][gc,cpu         ] GC(341) User=0.00s Sys=0.00s Real=0.00s
[192.554s][info][gc,start       ] GC(342) Pause Young (Allocation Failure)
[192.558s][info][gc,heap        ] GC(342) DefNew: 141031K(157248K)->1197K(157248K) Eden: 139776K(139776K)->0K(139776K) From: 1255K(17472K)->1197K(17472K)
[192.558s][info][gc,heap        ] GC(342) Tenured: 4076K(349568K)->4076K(349568K)
[192.558s][info][gc,metaspace   ] GC(342) Metaspace: 9939K(10304K)->9939K(10304K) NonClass: 8635K(8832K)->8635K(8832K) Class: 1303K(1472K)->1303K(1472K)
[192.558s][info][gc             ] GC(342) Pause Young (Allocation Failure) 141M->5M(494M) 3.726ms
[192.558s][info][gc,cpu         ] GC(342) User=0.02s Sys=0.00s Real=0.02s
[193.110s][info][gc,start       ] GC(343) Pause Young (Allocation Failure)
[193.114s][info][gc,heap        ] GC(343) DefNew: 140973K(157248K)->1281K(157248K) Eden: 139776K(139776K)->0K(139776K) From: 1197K(17472K)->1281K(17472K)
[193.114s][info][gc,heap        ] GC(343) Tenured: 4076K(349568K)->4076K(349568K)
[193.114s][info][gc,metaspace   ] GC(343) Metaspace: 9939K(10304K)->9939K(10304K) NonClass: 8635K(8832K)->8635K(8832K) Class: 1303K(1472K)->1303K(1472K)
[193.114s][info][gc             ] GC(343) Pause Young (Allocation Failure) 141M->5M(494M) 4.270ms
[193.114s][info][gc,cpu         ] GC(343) User=0.02s Sys=0.00s Real=0.02s
[193.667s][info][gc,start       ] GC(344) Pause Young (Allocation Failure)
[193.670s][info][gc,heap        ] GC(344) DefNew: 141057K(157248K)->1269K(157248K) Eden: 139776K(139776K)->0K(139776K) From: 1281K(17472K)->1269K(17472K)
[193.670s][info][gc,heap        ] GC(344) Tenured: 4076K(349568K)->4076K(349568K)
[193.671s][info][gc,metaspace   ] GC(344) Metaspace: 9939K(10304K)->9939K(10304K) NonClass: 8635K(8832K)->8635K(8832K) Class: 1303K(1472K)->1303K(1472K)
[193.671s][info][gc             ] GC(344) Pause Young (Allocation Failure) 141M->5M(494M) 3.908ms
[193.671s][info][gc,cpu         ] GC(344) User=0.00s Sys=0.00s Real=0.00s
[194.225s][info][gc,start       ] GC(345) Pause Young (Allocation Failure)
[194.229s][info][gc,heap        ] GC(345) DefNew: 141045K(157248K)->1236K(157248K) Eden: 139776K(139776K)->0K(139776K) From: 1269K(17472K)->1236K(17472K)
[194.229s][info][gc,heap        ] GC(345) Tenured: 4076K(349568K)->4076K(349568K)
[194.229s][info][gc,metaspace   ] GC(345) Metaspace: 9939K(10304K)->9939K(10304K) NonClass: 8635K(8832K)->8635K(8832K) Class: 1303K(1472K)->1303K(1472K)
[194.229s][info][gc             ] GC(345) Pause Young (Allocation Failure) 141M->5M(494M) 3.838ms
[194.229s][info][gc,cpu         ] GC(345) User=0.02s Sys=0.00s Real=0.02s
[194.794s][info][gc,start       ] GC(346) Pause Young (Allocation Failure)
[194.798s][info][gc,heap        ] GC(346) DefNew: 141012K(157248K)->1294K(157248K) Eden: 139776K(139776K)->0K(139776K) From: 1236K(17472K)->1294K(17472K)
[194.798s][info][gc,heap        ] GC(346) Tenured: 4076K(349568K)->4076K(349568K)
[194.798s][info][gc,metaspace   ] GC(346) Metaspace: 9939K(10304K)->9939K(10304K) NonClass: 8635K(8832K)->8635K(8832K) Class: 1303K(1472K)->1303K(1472K)
[194.798s][info][gc             ] GC(346) Pause Young (Allocation Failure) 141M->5M(494M) 3.961ms
[194.798s][info][gc,cpu         ] GC(346) User=0.00s Sys=0.00s Real=0.00s
[195.362s][info][gc,start       ] GC(347) Pause Young (Allocation Failure)
[195.365s][info][gc,heap        ] GC(347) DefNew: 141070K(157248K)->1294K(157248K) Eden: 139776K(139776K)->0K(139776K) From: 1294K(17472K)->1294K(17472K)
[195.365s][info][gc,heap        ] GC(347) Tenured: 4076K(349568K)->4076K(349568K)
[195.365s][info][gc,metaspace   ] GC(347) Metaspace: 9939K(10304K)->9939K(10304K) NonClass: 8635K(8832K)->8635K(8832K) Class: 1303K(1472K)->1303K(1472K)
[195.366s][info][gc             ] GC(347) Pause Young (Allocation Failure) 141M->5M(494M) 3.951ms
[195.366s][info][gc,cpu         ] GC(347) User=0.00s Sys=0.00s Real=0.00s
[195.765s][info][gc,start       ] GC(348) Pause Full (System.gc())
[195.765s][info][gc,phases,start] GC(348) Phase 1: Mark live objects
[195.780s][info][gc,phases      ] GC(348) Phase 1: Mark live objects 14.172ms
[195.780s][info][gc,phases,start] GC(348) Phase 2: Compute new object addresses
[195.811s][info][gc,phases      ] GC(348) Phase 2: Compute new object addresses 31.042ms
[195.811s][info][gc,phases,start] GC(348) Phase 3: Adjust pointers
[195.814s][info][gc,phases      ] GC(348) Phase 3: Adjust pointers 3.634ms
[195.814s][info][gc,phases,start] GC(348) Phase 4: Move objects
[195.814s][info][gc,phases      ] GC(348) Phase 4: Move objects 0.012ms
[195.814s][info][gc,heap        ] GC(348) DefNew: 98416K(157248K)->0K(157248K) Eden: 97122K(139776K)->0K(139776K) From: 1294K(17472K)->0K(17472K)
[195.814s][info][gc,heap        ] GC(348) Tenured: 4076K(349568K)->4077K(349568K)
[195.814s][info][gc,metaspace   ] GC(348) Metaspace: 9940K(10304K)->9940K(10304K) NonClass: 8637K(8832K)->8637K(8832K) Class: 1303K(1472K)->1303K(1472K)
[195.814s][info][gc             ] GC(348) Pause Full (System.gc()) 100M->3M(494M) 49.314ms
[195.814s][info][gc,cpu         ] GC(348) User=0.05s Sys=0.00s Real=0.05s
[196.378s][info][gc,start       ] GC(349) Pause Young (Allocation Failure)
[196.383s][info][gc,heap        ] GC(349) DefNew: 139776K(157248K)->1361K(157248K) Eden: 139776K(139776K)->0K(139776K) From: 0K(17472K)->1361K(17472K)
[196.383s][info][gc,heap        ] GC(349) Tenured: 4077K(349568K)->4077K(349568K)
[196.383s][info][gc,metaspace   ] GC(349) Metaspace: 9942K(10304K)->9942K(10304K) NonClass: 8638K(8832K)->8638K(8832K) Class: 1303K(1472K)->1303K(1472K)
[196.383s][info][gc             ] GC(349) Pause Young (Allocation Failure) 140M->5M(494M) 4.650ms
[196.383s][info][gc,cpu         ] GC(349) User=0.02s Sys=0.00s Real=0.02s
[196.960s][info][gc,start       ] GC(350) Pause Young (Allocation Failure)
[196.964s][info][gc,heap        ] GC(350) DefNew: 141137K(157248K)->1212K(157248K) Eden: 139776K(139776K)->0K(139776K) From: 1361K(17472K)->1212K(17472K)
[196.964s][info][gc,heap        ] GC(350) Tenured: 4077K(349568K)->4077K(349568K)
[196.964s][info][gc,metaspace   ] GC(350) Metaspace: 9942K(10304K)->9942K(10304K) NonClass: 8638K(8832K)->8638K(8832K) Class: 1303K(1472K)->1303K(1472K)
[196.964s][info][gc             ] GC(350) Pause Young (Allocation Failure) 141M->5M(494M) 4.197ms
[196.964s][info][gc,cpu         ] GC(350) User=0.02s Sys=0.00s Real=0.02s
[197.529s][info][gc,start       ] GC(351) Pause Young (Allocation Failure)
[197.533s][info][gc,heap        ] GC(351) DefNew: 140988K(157248K)->1153K(157248K) Eden: 139776K(139776K)->0K(139776K) From: 1212K(17472K)->1153K(17472K)
[197.533s][info][gc,heap        ] GC(351) Tenured: 4077K(349568K)->4077K(349568K)
[197.533s][info][gc,metaspace   ] GC(351) Metaspace: 9942K(10304K)->9942K(10304K) NonClass: 8638K(8832K)->8638K(8832K) Class: 1303K(1472K)->1303K(1472K)
[197.533s][info][gc             ] GC(351) Pause Young (Allocation Failure) 141M->5M(494M) 3.759ms
[197.533s][info][gc,cpu         ] GC(351) User=0.00s Sys=0.00s Real=0.00s
[198.106s][info][gc,start       ] GC(352) Pause Young (Allocation Failure)
[198.109s][info][gc,heap        ] GC(352) DefNew: 140929K(157248K)->1196K(157248K) Eden: 139776K(139776K)->0K(139776K) From: 1153K(17472K)->1196K(17472K)
[198.109s][info][gc,heap        ] GC(352) Tenured: 4077K(349568K)->4077K(349568K)
[198.109s][info][gc,metaspace   ] GC(352) Metaspace: 9942K(10304K)->9942K(10304K) NonClass: 8638K(8832K)->8638K(8832K) Class: 1303K(1472K)->1303K(1472K)
[198.110s][info][gc             ] GC(352) Pause Young (Allocation Failure) 141M->5M(494M) 3.741ms
[198.110s][info][gc,cpu         ] GC(352) User=0.00s Sys=0.00s Real=0.00s
[198.659s][info][gc,start       ] GC(353) Pause Young (Allocation Failure)
[198.662s][info][gc,heap        ] GC(353) DefNew: 140972K(157248K)->1317K(157248K) Eden: 139776K(139776K)->0K(139776K) From: 1196K(17472K)->1317K(17472K)
[198.662s][info][gc,heap        ] GC(353) Tenured: 4077K(349568K)->4077K(349568K)
[198.663s][info][gc,metaspace   ] GC(353) Metaspace: 9942K(10304K)->9942K(10304K) NonClass: 8638K(8832K)->8638K(8832K) Class: 1303K(1472K)->1303K(1472K)
[198.663s][info][gc             ] GC(353) Pause Young (Allocation Failure) 141M->5M(494M) 4.094ms
[198.663s][info][gc,cpu         ] GC(353) User=0.00s Sys=0.00s Real=0.00s
[199.229s][info][gc,start       ] GC(354) Pause Young (Allocation Failure)
[199.233s][info][gc,heap        ] GC(354) DefNew: 141093K(157248K)->1333K(157248K) Eden: 139776K(139776K)->0K(139776K) From: 1317K(17472K)->1333K(17472K)
[199.233s][info][gc,heap        ] GC(354) Tenured: 4077K(349568K)->4077K(349568K)
[199.233s][info][gc,metaspace   ] GC(354) Metaspace: 9942K(10304K)->9942K(10304K) NonClass: 8638K(8832K)->8638K(8832K) Class: 1303K(1472K)->1303K(1472K)
[199.233s][info][gc             ] GC(354) Pause Young (Allocation Failure) 141M->5M(494M) 4.055ms
[199.233s][info][gc,cpu         ] GC(354) User=0.00s Sys=0.00s Real=0.00s
[199.792s][info][gc,start       ] GC(355) Pause Young (Allocation Failure)
[199.796s][info][gc,heap        ] GC(355) DefNew: 141109K(157248K)->1239K(157248K) Eden: 139776K(139776K)->0K(139776K) From: 1333K(17472K)->1239K(17472K)
[199.796s][info][gc,heap        ] GC(355) Tenured: 4077K(349568K)->4077K(349568K)
[199.796s][info][gc,metaspace   ] GC(355) Metaspace: 9942K(10304K)->9942K(10304K) NonClass: 8638K(8832K)->8638K(8832K) Class: 1303K(1472K)->1303K(1472K)
[199.796s][info][gc             ] GC(355) Pause Young (Allocation Failure) 141M->5M(494M) 3.911ms
[199.796s][info][gc,cpu         ] GC(355) User=0.00s Sys=0.00s Real=0.00s
[200.361s][info][gc,start       ] GC(356) Pause Young (Allocation Failure)
[200.365s][info][gc,heap        ] GC(356) DefNew: 141015K(157248K)->1325K(157248K) Eden: 139776K(139776K)->0K(139776K) From: 1239K(17472K)->1325K(17472K)
[200.365s][info][gc,heap        ] GC(356) Tenured: 4077K(349568K)->4077K(349568K)
[200.365s][info][gc,metaspace   ] GC(356) Metaspace: 9942K(10304K)->9942K(10304K) NonClass: 8638K(8832K)->8638K(8832K) Class: 1303K(1472K)->1303K(1472K)
[200.365s][info][gc             ] GC(356) Pause Young (Allocation Failure) 141M->5M(494M) 4.122ms
[200.365s][info][gc,cpu         ] GC(356) User=0.00s Sys=0.00s Real=0.00s
[200.913s][info][gc,start       ] GC(357) Pause Young (Allocation Failure)
[200.917s][info][gc,heap        ] GC(357) DefNew: 141101K(157248K)->1244K(157248K) Eden: 139776K(139776K)->0K(139776K) From: 1325K(17472K)->1244K(17472K)
[200.917s][info][gc,heap        ] GC(357) Tenured: 4077K(349568K)->4077K(349568K)
[200.917s][info][gc,metaspace   ] GC(357) Metaspace: 9942K(10304K)->9942K(10304K) NonClass: 8638K(8832K)->8638K(8832K) Class: 1303K(1472K)->1303K(1472K)
[200.917s][info][gc             ] GC(357) Pause Young (Allocation Failure) 141M->5M(494M) 3.987ms
[200.917s][info][gc,cpu         ] GC(357) User=0.02s Sys=0.00s Real=0.02s
[201.479s][info][gc,start       ] GC(358) Pause Young (Allocation Failure)
[201.483s][info][gc,heap        ] GC(358) DefNew: 141020K(157248K)->1298K(157248K) Eden: 139776K(139776K)->0K(139776K) From: 1244K(17472K)->1298K(17472K)
[201.483s][info][gc,heap        ] GC(358) Tenured: 4077K(349568K)->4077K(349568K)
[201.483s][info][gc,metaspace   ] GC(358) Metaspace: 9942K(10304K)->9942K(10304K) NonClass: 8638K(8832K)->8638K(8832K) Class: 1303K(1472K)->1303K(1472K)
[201.483s][info][gc             ] GC(358) Pause Young (Allocation Failure) 141M->5M(494M) 4.128ms
[201.483s][info][gc,cpu         ] GC(358) User=0.00s Sys=0.00s Real=0.00s
[202.040s][info][gc,start       ] GC(359) Pause Young (Allocation Failure)
[202.044s][info][gc,heap        ] GC(359) DefNew: 141074K(157248K)->1317K(157248K) Eden: 139776K(139776K)->0K(139776K) From: 1298K(17472K)->1317K(17472K)
[202.044s][info][gc,heap        ] GC(359) Tenured: 4077K(349568K)->4077K(349568K)
[202.044s][info][gc,metaspace   ] GC(359) Metaspace: 9942K(10304K)->9942K(10304K) NonClass: 8638K(8832K)->8638K(8832K) Class: 1303K(1472K)->1303K(1472K)
[202.044s][info][gc             ] GC(359) Pause Young (Allocation Failure) 141M->5M(494M) 3.982ms
[202.044s][info][gc,cpu         ] GC(359) User=0.02s Sys=0.00s Real=0.02s
[202.423s][info][gc,start       ] GC(360) Pause Full (System.gc())
[202.423s][info][gc,phases,start] GC(360) Phase 1: Mark live objects
[202.436s][info][gc,phases      ] GC(360) Phase 1: Mark live objects 13.430ms
[202.436s][info][gc,phases,start] GC(360) Phase 2: Compute new object addresses
[202.466s][info][gc,phases      ] GC(360) Phase 2: Compute new object addresses 29.742ms
[202.466s][info][gc,phases,start] GC(360) Phase 3: Adjust pointers
[202.470s][info][gc,phases      ] GC(360) Phase 3: Adjust pointers 3.625ms
[202.470s][info][gc,phases,start] GC(360) Phase 4: Move objects
[202.470s][info][gc,phases      ] GC(360) Phase 4: Move objects 0.012ms
[202.470s][info][gc,heap        ] GC(360) DefNew: 95055K(157248K)->0K(157248K) Eden: 93738K(139776K)->0K(139776K) From: 1317K(17472K)->0K(17472K)
[202.470s][info][gc,heap        ] GC(360) Tenured: 4077K(349568K)->4077K(349568K)
[202.470s][info][gc,metaspace   ] GC(360) Metaspace: 9944K(10304K)->9944K(10304K) NonClass: 8640K(8832K)->8640K(8832K) Class: 1303K(1472K)->1303K(1472K)
[202.470s][info][gc             ] GC(360) Pause Full (System.gc()) 96M->3M(494M) 47.239ms
[202.470s][info][gc,cpu         ] GC(360) User=0.05s Sys=0.00s Real=0.05s
[203.038s][info][gc,start       ] GC(361) Pause Young (Allocation Failure)
[203.042s][info][gc,heap        ] GC(361) DefNew: 139776K(157248K)->1293K(157248K) Eden: 139776K(139776K)->0K(139776K) From: 0K(17472K)->1293K(17472K)
[203.042s][info][gc,heap        ] GC(361) Tenured: 4077K(349568K)->4077K(349568K)
[203.042s][info][gc,metaspace   ] GC(361) Metaspace: 9945K(10304K)->9945K(10304K) NonClass: 8641K(8832K)->8641K(8832K) Class: 1303K(1472K)->1303K(1472K)
[203.042s][info][gc             ] GC(361) Pause Young (Allocation Failure) 140M->5M(494M) 4.523ms
[203.042s][info][gc,cpu         ] GC(361) User=0.00s Sys=0.00s Real=0.00s
[203.617s][info][gc,start       ] GC(362) Pause Young (Allocation Failure)
[203.621s][info][gc,heap        ] GC(362) DefNew: 141069K(157248K)->1252K(157248K) Eden: 139776K(139776K)->0K(139776K) From: 1293K(17472K)->1252K(17472K)
[203.621s][info][gc,heap        ] GC(362) Tenured: 4077K(349568K)->4077K(349568K)
[203.621s][info][gc,metaspace   ] GC(362) Metaspace: 9945K(10304K)->9945K(10304K) NonClass: 8641K(8832K)->8641K(8832K) Class: 1303K(1472K)->1303K(1472K)
[203.621s][info][gc             ] GC(362) Pause Young (Allocation Failure) 141M->5M(494M) 4.321ms
[203.621s][info][gc,cpu         ] GC(362) User=0.00s Sys=0.00s Real=0.00s
[204.182s][info][gc,start       ] GC(363) Pause Young (Allocation Failure)
[204.185s][info][gc,heap        ] GC(363) DefNew: 141028K(157248K)->1143K(157248K) Eden: 139776K(139776K)->0K(139776K) From: 1252K(17472K)->1143K(17472K)
[204.185s][info][gc,heap        ] GC(363) Tenured: 4077K(349568K)->4077K(349568K)
[204.185s][info][gc,metaspace   ] GC(363) Metaspace: 9945K(10304K)->9945K(10304K) NonClass: 8641K(8832K)->8641K(8832K) Class: 1303K(1472K)->1303K(1472K)
[204.185s][info][gc             ] GC(363) Pause Young (Allocation Failure) 141M->5M(494M) 3.718ms
[204.185s][info][gc,cpu         ] GC(363) User=0.00s Sys=0.00s Real=0.00s
[204.733s][info][gc,start       ] GC(364) Pause Young (Allocation Failure)
[204.737s][info][gc,heap        ] GC(364) DefNew: 140919K(157248K)->1299K(157248K) Eden: 139776K(139776K)->0K(139776K) From: 1143K(17472K)->1299K(17472K)
[204.737s][info][gc,heap        ] GC(364) Tenured: 4077K(349568K)->4077K(349568K)
[204.737s][info][gc,metaspace   ] GC(364) Metaspace: 9945K(10304K)->9945K(10304K) NonClass: 8641K(8832K)->8641K(8832K) Class: 1303K(1472K)->1303K(1472K)
[204.737s][info][gc             ] GC(364) Pause Young (Allocation Failure) 141M->5M(494M) 3.908ms
[204.737s][info][gc,cpu         ] GC(364) User=0.00s Sys=0.00s Real=0.00s
[205.297s][info][gc,start       ] GC(365) Pause Young (Allocation Failure)
[205.301s][info][gc,heap        ] GC(365) DefNew: 141075K(157248K)->1241K(157248K) Eden: 139776K(139776K)->0K(139776K) From: 1299K(17472K)->1241K(17472K)
[205.301s][info][gc,heap        ] GC(365) Tenured: 4077K(349568K)->4077K(349568K)
[205.301s][info][gc,metaspace   ] GC(365) Metaspace: 9945K(10304K)->9945K(10304K) NonClass: 8641K(8832K)->8641K(8832K) Class: 1303K(1472K)->1303K(1472K)
[205.301s][info][gc             ] GC(365) Pause Young (Allocation Failure) 141M->5M(494M) 4.092ms
[205.301s][info][gc,cpu         ] GC(365) User=0.00s Sys=0.00s Real=0.00s
[205.873s][info][gc,start       ] GC(366) Pause Young (Allocation Failure)
[205.876s][info][gc,heap        ] GC(366) DefNew: 141017K(157248K)->1138K(157248K) Eden: 139776K(139776K)->0K(139776K) From: 1241K(17472K)->1138K(17472K)
[205.876s][info][gc,heap        ] GC(366) Tenured: 4077K(349568K)->4077K(349568K)
[205.876s][info][gc,metaspace   ] GC(366) Metaspace: 9945K(10304K)->9945K(10304K) NonClass: 8641K(8832K)->8641K(8832K) Class: 1303K(1472K)->1303K(1472K)
[205.876s][info][gc             ] GC(366) Pause Young (Allocation Failure) 141M->5M(494M) 3.732ms
[205.876s][info][gc,cpu         ] GC(366) User=0.00s Sys=0.00s Real=0.00s
[206.431s][info][gc,start       ] GC(367) Pause Young (Allocation Failure)
[206.435s][info][gc,heap        ] GC(367) DefNew: 140914K(157248K)->1305K(157248K) Eden: 139776K(139776K)->0K(139776K) From: 1138K(17472K)->1305K(17472K)
[206.435s][info][gc,heap        ] GC(367) Tenured: 4077K(349568K)->4077K(349568K)
[206.435s][info][gc,metaspace   ] GC(367) Metaspace: 9945K(10304K)->9945K(10304K) NonClass: 8641K(8832K)->8641K(8832K) Class: 1303K(1472K)->1303K(1472K)
[206.435s][info][gc             ] GC(367) Pause Young (Allocation Failure) 141M->5M(494M) 4.020ms
[206.435s][info][gc,cpu         ] GC(367) User=0.00s Sys=0.00s Real=0.00s
[206.991s][info][gc,start       ] GC(368) Pause Young (Allocation Failure)
[206.995s][info][gc,heap        ] GC(368) DefNew: 141081K(157248K)->1280K(157248K) Eden: 139776K(139776K)->0K(139776K) From: 1305K(17472K)->1280K(17472K)
[206.995s][info][gc,heap        ] GC(368) Tenured: 4077K(349568K)->4077K(349568K)
[206.995s][info][gc,metaspace   ] GC(368) Metaspace: 9945K(10304K)->9945K(10304K) NonClass: 8641K(8832K)->8641K(8832K) Class: 1303K(1472K)->1303K(1472K)
[206.995s][info][gc             ] GC(368) Pause Young (Allocation Failure) 141M->5M(494M) 4.085ms
[206.995s][info][gc,cpu         ] GC(368) User=0.00s Sys=0.00s Real=0.00s
[207.557s][info][gc,start       ] GC(369) Pause Young (Allocation Failure)
[207.561s][info][gc,heap        ] GC(369) DefNew: 141056K(157248K)->1286K(157248K) Eden: 139776K(139776K)->0K(139776K) From: 1280K(17472K)->1286K(17472K)
[207.561s][info][gc,heap        ] GC(369) Tenured: 4077K(349568K)->4077K(349568K)
[207.561s][info][gc,metaspace   ] GC(369) Metaspace: 9945K(10304K)->9945K(10304K) NonClass: 8641K(8832K)->8641K(8832K) Class: 1303K(1472K)->1303K(1472K)
[207.561s][info][gc             ] GC(369) Pause Young (Allocation Failure) 141M->5M(494M) 3.987ms
[207.561s][info][gc,cpu         ] GC(369) User=0.00s Sys=0.00s Real=0.00s
[208.133s][info][gc,start       ] GC(370) Pause Young (Allocation Failure)
[208.137s][info][gc,heap        ] GC(370) DefNew: 141062K(157248K)->1212K(157248K) Eden: 139776K(139776K)->0K(139776K) From: 1286K(17472K)->1212K(17472K)
[208.137s][info][gc,heap        ] GC(370) Tenured: 4077K(349568K)->4077K(349568K)
[208.137s][info][gc,metaspace   ] GC(370) Metaspace: 9945K(10304K)->9945K(10304K) NonClass: 8641K(8832K)->8641K(8832K) Class: 1303K(1472K)->1303K(1472K)
[208.137s][info][gc             ] GC(370) Pause Young (Allocation Failure) 141M->5M(494M) 3.970ms
[208.137s][info][gc,cpu         ] GC(370) User=0.02s Sys=0.00s Real=0.02s
[208.705s][info][gc,start       ] GC(371) Pause Young (Allocation Failure)
[208.709s][info][gc,heap        ] GC(371) DefNew: 140988K(157248K)->1274K(157248K) Eden: 139776K(139776K)->0K(139776K) From: 1212K(17472K)->1274K(17472K)
[208.709s][info][gc,heap        ] GC(371) Tenured: 4077K(349568K)->4077K(349568K)
[208.709s][info][gc,metaspace   ] GC(371) Metaspace: 9945K(10304K)->9945K(10304K) NonClass: 8641K(8832K)->8641K(8832K) Class: 1303K(1472K)->1303K(1472K)
[208.709s][info][gc             ] GC(371) Pause Young (Allocation Failure) 141M->5M(494M) 3.962ms
[208.709s][info][gc,cpu         ] GC(371) User=0.02s Sys=0.00s Real=0.02s
[209.107s][info][gc,start       ] GC(372) Pause Full (System.gc())
[209.107s][info][gc,phases,start] GC(372) Phase 1: Mark live objects
[209.121s][info][gc,phases      ] GC(372) Phase 1: Mark live objects 14.088ms
[209.121s][info][gc,phases,start] GC(372) Phase 2: Compute new object addresses
[209.153s][info][gc,phases      ] GC(372) Phase 2: Compute new object addresses 31.453ms
[209.153s][info][gc,phases,start] GC(372) Phase 3: Adjust pointers
[209.156s][info][gc,phases      ] GC(372) Phase 3: Adjust pointers 3.651ms
[209.156s][info][gc,phases,start] GC(372) Phase 4: Move objects
[209.156s][info][gc,phases      ] GC(372) Phase 4: Move objects 0.012ms
[209.156s][info][gc,heap        ] GC(372) DefNew: 96446K(157248K)->0K(157248K) Eden: 95171K(139776K)->0K(139776K) From: 1274K(17472K)->0K(17472K)
[209.156s][info][gc,heap        ] GC(372) Tenured: 4077K(349568K)->4077K(349568K)
[209.156s][info][gc,metaspace   ] GC(372) Metaspace: 9946K(10304K)->9946K(10304K) NonClass: 8642K(8832K)->8642K(8832K) Class: 1303K(1472K)->1303K(1472K)
[209.156s][info][gc             ] GC(372) Pause Full (System.gc()) 98M->3M(494M) 49.635ms
[209.156s][info][gc,cpu         ] GC(372) User=0.05s Sys=0.00s Real=0.05s
[209.728s][info][gc,start       ] GC(373) Pause Young (Allocation Failure)
[209.732s][info][gc,heap        ] GC(373) DefNew: 139776K(157248K)->1037K(157248K) Eden: 139776K(139776K)->0K(139776K) From: 0K(17472K)->1037K(17472K)
[209.732s][info][gc,heap        ] GC(373) Tenured: 4077K(349568K)->4077K(349568K)
[209.732s][info][gc,metaspace   ] GC(373) Metaspace: 9946K(10304K)->9946K(10304K) NonClass: 8642K(8832K)->8642K(8832K) Class: 1303K(1472K)->1303K(1472K)
[209.732s][info][gc             ] GC(373) Pause Young (Allocation Failure) 140M->4M(494M) 3.757ms
[209.732s][info][gc,cpu         ] GC(373) User=0.00s Sys=0.00s Real=0.00s
[210.303s][info][gc,start       ] GC(374) Pause Young (Allocation Failure)
[210.307s][info][gc,heap        ] GC(374) DefNew: 140813K(157248K)->1309K(157248K) Eden: 139776K(139776K)->0K(139776K) From: 1037K(17472K)->1309K(17472K)
[210.307s][info][gc,heap        ] GC(374) Tenured: 4077K(349568K)->4077K(349568K)
[210.307s][info][gc,metaspace   ] GC(374) Metaspace: 9946K(10304K)->9946K(10304K) NonClass: 8642K(8832K)->8642K(8832K) Class: 1303K(1472K)->1303K(1472K)
[210.307s][info][gc             ] GC(374) Pause Young (Allocation Failure) 141M->5M(494M) 4.643ms
[210.307s][info][gc,cpu         ] GC(374) User=0.02s Sys=0.00s Real=0.02s
[210.870s][info][gc,start       ] GC(375) Pause Young (Allocation Failure)
[210.874s][info][gc,heap        ] GC(375) DefNew: 141085K(157248K)->1298K(157248K) Eden: 139776K(139776K)->0K(139776K) From: 1309K(17472K)->1298K(17472K)
[210.874s][info][gc,heap        ] GC(375) Tenured: 4077K(349568K)->4077K(349568K)
[210.874s][info][gc,metaspace   ] GC(375) Metaspace: 9946K(10304K)->9946K(10304K) NonClass: 8642K(8832K)->8642K(8832K) Class: 1303K(1472K)->1303K(1472K)
[210.874s][info][gc             ] GC(375) Pause Young (Allocation Failure) 141M->5M(494M) 4.256ms
[210.874s][info][gc,cpu         ] GC(375) User=0.00s Sys=0.00s Real=0.00s
[211.442s][info][gc,start       ] GC(376) Pause Young (Allocation Failure)
[211.446s][info][gc,heap        ] GC(376) DefNew: 141074K(157248K)->1372K(157248K) Eden: 139776K(139776K)->0K(139776K) From: 1298K(17472K)->1372K(17472K)
[211.446s][info][gc,heap        ] GC(376) Tenured: 4077K(349568K)->4077K(349568K)
[211.446s][info][gc,metaspace   ] GC(376) Metaspace: 9946K(10304K)->9946K(10304K) NonClass: 8642K(8832K)->8642K(8832K) Class: 1303K(1472K)->1303K(1472K)
[211.446s][info][gc             ] GC(376) Pause Young (Allocation Failure) 141M->5M(494M) 4.288ms
[211.446s][info][gc,cpu         ] GC(376) User=0.02s Sys=0.00s Real=0.02s
[212.021s][info][gc,start       ] GC(377) Pause Young (Allocation Failure)
[212.025s][info][gc,heap        ] GC(377) DefNew: 141148K(157248K)->1441K(157248K) Eden: 139776K(139776K)->0K(139776K) From: 1372K(17472K)->1441K(17472K)
[212.025s][info][gc,heap        ] GC(377) Tenured: 4077K(349568K)->4077K(349568K)
[212.025s][info][gc,metaspace   ] GC(377) Metaspace: 9946K(10304K)->9946K(10304K) NonClass: 8642K(8832K)->8642K(8832K) Class: 1303K(1472K)->1303K(1472K)
[212.026s][info][gc             ] GC(377) Pause Young (Allocation Failure) 141M->5M(494M) 4.475ms
[212.026s][info][gc,cpu         ] GC(377) User=0.00s Sys=0.00s Real=0.00s
[212.594s][info][gc,start       ] GC(378) Pause Young (Allocation Failure)
[212.598s][info][gc,heap        ] GC(378) DefNew: 141217K(157248K)->1277K(157248K) Eden: 139776K(139776K)->0K(139776K) From: 1441K(17472K)->1277K(17472K)
[212.598s][info][gc,heap        ] GC(378) Tenured: 4077K(349568K)->4077K(349568K)
[212.598s][info][gc,metaspace   ] GC(378) Metaspace: 9946K(10304K)->9946K(10304K) NonClass: 8642K(8832K)->8642K(8832K) Class: 1303K(1472K)->1303K(1472K)
[212.598s][info][gc             ] GC(378) Pause Young (Allocation Failure) 141M->5M(494M) 4.141ms
[212.598s][info][gc,cpu         ] GC(378) User=0.02s Sys=0.00s Real=0.00s
[213.168s][info][gc,start       ] GC(379) Pause Young (Allocation Failure)
[213.172s][info][gc,heap        ] GC(379) DefNew: 141053K(157248K)->1183K(157248K) Eden: 139776K(139776K)->0K(139776K) From: 1277K(17472K)->1183K(17472K)
[213.172s][info][gc,heap        ] GC(379) Tenured: 4077K(349568K)->4077K(349568K)
[213.172s][info][gc,metaspace   ] GC(379) Metaspace: 9946K(10304K)->9946K(10304K) NonClass: 8642K(8832K)->8642K(8832K) Class: 1303K(1472K)->1303K(1472K)
[213.172s][info][gc             ] GC(379) Pause Young (Allocation Failure) 141M->5M(494M) 4.037ms
[213.172s][info][gc,cpu         ] GC(379) User=0.00s Sys=0.00s Real=0.00s
[213.743s][info][gc,start       ] GC(380) Pause Young (Allocation Failure)
[213.747s][info][gc,heap        ] GC(380) DefNew: 140959K(157248K)->1198K(157248K) Eden: 139776K(139776K)->0K(139776K) From: 1183K(17472K)->1198K(17472K)
[213.747s][info][gc,heap        ] GC(380) Tenured: 4077K(349568K)->4077K(349568K)
[213.747s][info][gc,metaspace   ] GC(380) Metaspace: 9946K(10304K)->9946K(10304K) NonClass: 8642K(8832K)->8642K(8832K) Class: 1303K(1472K)->1303K(1472K)
[213.747s][info][gc             ] GC(380) Pause Young (Allocation Failure) 141M->5M(494M) 3.769ms
[213.747s][info][gc,cpu         ] GC(380) User=0.00s Sys=0.00s Real=0.00s
[214.303s][info][gc,start       ] GC(381) Pause Young (Allocation Failure)
[214.306s][info][gc,heap        ] GC(381) DefNew: 140974K(157248K)->1209K(157248K) Eden: 139776K(139776K)->0K(139776K) From: 1198K(17472K)->1209K(17472K)
[214.307s][info][gc,heap        ] GC(381) Tenured: 4077K(349568K)->4077K(349568K)
[214.307s][info][gc,metaspace   ] GC(381) Metaspace: 9946K(10304K)->9946K(10304K) NonClass: 8642K(8832K)->8642K(8832K) Class: 1303K(1472K)->1303K(1472K)
[214.307s][info][gc             ] GC(381) Pause Young (Allocation Failure) 141M->5M(494M) 4.104ms
[214.307s][info][gc,cpu         ] GC(381) User=0.00s Sys=0.00s Real=0.00s
[214.856s][info][gc,start       ] GC(382) Pause Young (Allocation Failure)
[214.860s][info][gc,heap        ] GC(382) DefNew: 140985K(157248K)->1112K(157248K) Eden: 139776K(139776K)->0K(139776K) From: 1209K(17472K)->1112K(17472K)
[214.860s][info][gc,heap        ] GC(382) Tenured: 4077K(349568K)->4077K(349568K)
[214.860s][info][gc,metaspace   ] GC(382) Metaspace: 9946K(10304K)->9946K(10304K) NonClass: 8642K(8832K)->8642K(8832K) Class: 1303K(1472K)->1303K(1472K)
[214.860s][info][gc             ] GC(382) Pause Young (Allocation Failure) 141M->5M(494M) 3.526ms
[214.860s][info][gc,cpu         ] GC(382) User=0.00s Sys=0.00s Real=0.00s
[215.419s][info][gc,start       ] GC(383) Pause Young (Allocation Failure)
[215.422s][info][gc,heap        ] GC(383) DefNew: 140888K(157248K)->1196K(157248K) Eden: 139776K(139776K)->0K(139776K) From: 1112K(17472K)->1196K(17472K)
[215.423s][info][gc,heap        ] GC(383) Tenured: 4077K(349568K)->4077K(349568K)
[215.423s][info][gc,metaspace   ] GC(383) Metaspace: 9946K(10304K)->9946K(10304K) NonClass: 8642K(8832K)->8642K(8832K) Class: 1303K(1472K)->1303K(1472K)
[215.423s][info][gc             ] GC(383) Pause Young (Allocation Failure) 141M->5M(494M) 3.762ms
[215.423s][info][gc,cpu         ] GC(383) User=0.00s Sys=0.00s Real=0.00s
[215.831s][info][gc,start       ] GC(384) Pause Full (System.gc())
[215.831s][info][gc,phases,start] GC(384) Phase 1: Mark live objects
[215.845s][info][gc,phases      ] GC(384) Phase 1: Mark live objects 14.111ms
[215.845s][info][gc,phases,start] GC(384) Phase 2: Compute new object addresses
[215.877s][info][gc,phases      ] GC(384) Phase 2: Compute new object addresses 31.783ms
[215.877s][info][gc,phases,start] GC(384) Phase 3: Adjust pointers
[215.881s][info][gc,phases      ] GC(384) Phase 3: Adjust pointers 3.663ms
[215.881s][info][gc,phases,start] GC(384) Phase 4: Move objects
[215.881s][info][gc,phases      ] GC(384) Phase 4: Move objects 0.012ms
[215.881s][info][gc,heap        ] GC(384) DefNew: 100870K(157248K)->0K(157248K) Eden: 99674K(139776K)->0K(139776K) From: 1196K(17472K)->0K(17472K)
[215.881s][info][gc,heap        ] GC(384) Tenured: 4077K(349568K)->4077K(349568K)
[215.881s][info][gc,metaspace   ] GC(384) Metaspace: 9946K(10304K)->9946K(10304K) NonClass: 8642K(8832K)->8642K(8832K) Class: 1303K(1472K)->1303K(1472K)
[215.881s][info][gc             ] GC(384) Pause Full (System.gc()) 102M->3M(494M) 50.012ms
[215.881s][info][gc,cpu         ] GC(384) User=0.05s Sys=0.00s Real=0.05s
[216.441s][info][gc,start       ] GC(385) Pause Young (Allocation Failure)
[216.445s][info][gc,heap        ] GC(385) DefNew: 139776K(157248K)->1209K(157248K) Eden: 139776K(139776K)->0K(139776K) From: 0K(17472K)->1209K(17472K)
[216.445s][info][gc,heap        ] GC(385) Tenured: 4077K(349568K)->4077K(349568K)
[216.445s][info][gc,metaspace   ] GC(385) Metaspace: 9946K(10304K)->9946K(10304K) NonClass: 8642K(8832K)->8642K(8832K) Class: 1303K(1472K)->1303K(1472K)
[216.445s][info][gc             ] GC(385) Pause Young (Allocation Failure) 140M->5M(494M) 4.248ms
[216.445s][info][gc,cpu         ] GC(385) User=0.00s Sys=0.00s Real=0.00s
[217.007s][info][gc,start       ] GC(386) Pause Young (Allocation Failure)
[217.011s][info][gc,heap        ] GC(386) DefNew: 140985K(157248K)->1266K(157248K) Eden: 139776K(139776K)->0K(139776K) From: 1209K(17472K)->1266K(17472K)
[217.012s][info][gc,heap        ] GC(386) Tenured: 4077K(349568K)->4077K(349568K)
[217.012s][info][gc,metaspace   ] GC(386) Metaspace: 9946K(10304K)->9946K(10304K) NonClass: 8642K(8832K)->8642K(8832K) Class: 1303K(1472K)->1303K(1472K)
[217.012s][info][gc             ] GC(386) Pause Young (Allocation Failure) 141M->5M(494M) 4.544ms
[217.012s][info][gc,cpu         ] GC(386) User=0.02s Sys=0.00s Real=0.02s
[217.579s][info][gc,start       ] GC(387) Pause Young (Allocation Failure)
[217.583s][info][gc,heap        ] GC(387) DefNew: 141042K(157248K)->1246K(157248K) Eden: 139776K(139776K)->0K(139776K) From: 1266K(17472K)->1246K(17472K)
[217.583s][info][gc,heap        ] GC(387) Tenured: 4077K(349568K)->4077K(349568K)
[217.583s][info][gc,metaspace   ] GC(387) Metaspace: 9946K(10304K)->9946K(10304K) NonClass: 8642K(8832K)->8642K(8832K) Class: 1303K(1472K)->1303K(1472K)
[217.583s][info][gc             ] GC(387) Pause Young (Allocation Failure) 141M->5M(494M) 3.968ms
[217.583s][info][gc,cpu         ] GC(387) User=0.00s Sys=0.00s Real=0.00s
[218.143s][info][gc,start       ] GC(388) Pause Young (Allocation Failure)
[218.147s][info][gc,heap        ] GC(388) DefNew: 141022K(157248K)->1226K(157248K) Eden: 139776K(139776K)->0K(139776K) From: 1246K(17472K)->1226K(17472K)
[218.147s][info][gc,heap        ] GC(388) Tenured: 4077K(349568K)->4077K(349568K)
[218.147s][info][gc,metaspace   ] GC(388) Metaspace: 9946K(10304K)->9946K(10304K) NonClass: 8642K(8832K)->8642K(8832K) Class: 1303K(1472K)->1303K(1472K)
[218.147s][info][gc             ] GC(388) Pause Young (Allocation Failure) 141M->5M(494M) 3.964ms
[218.147s][info][gc,cpu         ] GC(388) User=0.02s Sys=0.00s Real=0.01s
[218.720s][info][gc,start       ] GC(389) Pause Young (Allocation Failure)
[218.723s][info][gc,heap        ] GC(389) DefNew: 141002K(157248K)->1205K(157248K) Eden: 139776K(139776K)->0K(139776K) From: 1226K(17472K)->1205K(17472K)
[218.723s][info][gc,heap        ] GC(389) Tenured: 4077K(349568K)->4077K(349568K)
[218.723s][info][gc,metaspace   ] GC(389) Metaspace: 9946K(10304K)->9946K(10304K) NonClass: 8642K(8832K)->8642K(8832K) Class: 1303K(1472K)->1303K(1472K)
[218.723s][info][gc             ] GC(389) Pause Young (Allocation Failure) 141M->5M(494M) 3.723ms
[218.723s][info][gc,cpu         ] GC(389) User=0.00s Sys=0.00s Real=0.00s
[219.280s][info][gc,start       ] GC(390) Pause Young (Allocation Failure)
[219.284s][info][gc,heap        ] GC(390) DefNew: 140981K(157248K)->1194K(157248K) Eden: 139776K(139776K)->0K(139776K) From: 1205K(17472K)->1194K(17472K)
[219.284s][info][gc,heap        ] GC(390) Tenured: 4077K(349568K)->4077K(349568K)
[219.284s][info][gc,metaspace   ] GC(390) Metaspace: 9946K(10304K)->9946K(10304K) NonClass: 8642K(8832K)->8642K(8832K) Class: 1303K(1472K)->1303K(1472K)
[219.284s][info][gc             ] GC(390) Pause Young (Allocation Failure) 141M->5M(494M) 3.872ms
[219.284s][info][gc,cpu         ] GC(390) User=0.00s Sys=0.00s Real=0.00s
[219.852s][info][gc,start       ] GC(391) Pause Young (Allocation Failure)
[219.856s][info][gc,heap        ] GC(391) DefNew: 140970K(157248K)->1202K(157248K) Eden: 139776K(139776K)->0K(139776K) From: 1194K(17472K)->1202K(17472K)
[219.856s][info][gc,heap        ] GC(391) Tenured: 4077K(349568K)->4077K(349568K)
[219.856s][info][gc,metaspace   ] GC(391) Metaspace: 9946K(10304K)->9946K(10304K) NonClass: 8642K(8832K)->8642K(8832K) Class: 1303K(1472K)->1303K(1472K)
[219.856s][info][gc             ] GC(391) Pause Young (Allocation Failure) 141M->5M(494M) 3.799ms
[219.856s][info][gc,cpu         ] GC(391) User=0.02s Sys=0.00s Real=0.02s
[220.430s][info][gc,start       ] GC(392) Pause Young (Allocation Failure)
[220.433s][info][gc,heap        ] GC(392) DefNew: 140978K(157248K)->1172K(157248K) Eden: 139776K(139776K)->0K(139776K) From: 1202K(17472K)->1172K(17472K)
[220.433s][info][gc,heap        ] GC(392) Tenured: 4077K(349568K)->4077K(349568K)
[220.434s][info][gc,metaspace   ] GC(392) Metaspace: 9946K(10304K)->9946K(10304K) NonClass: 8642K(8832K)->8642K(8832K) Class: 1303K(1472K)->1303K(1472K)
[220.434s][info][gc             ] GC(392) Pause Young (Allocation Failure) 141M->5M(494M) 3.867ms
[220.434s][info][gc,cpu         ] GC(392) User=0.00s Sys=0.00s Real=0.00s
[221.008s][info][gc,start       ] GC(393) Pause Young (Allocation Failure)
[221.012s][info][gc,heap        ] GC(393) DefNew: 140948K(157248K)->1167K(157248K) Eden: 139776K(139776K)->0K(139776K) From: 1172K(17472K)->1167K(17472K)
[221.012s][info][gc,heap        ] GC(393) Tenured: 4077K(349568K)->4077K(349568K)
[221.012s][info][gc,metaspace   ] GC(393) Metaspace: 9946K(10304K)->9946K(10304K) NonClass: 8642K(8832K)->8642K(8832K) Class: 1303K(1472K)->1303K(1472K)
[221.012s][info][gc             ] GC(393) Pause Young (Allocation Failure) 141M->5M(494M) 3.912ms
[221.012s][info][gc,cpu         ] GC(393) User=0.00s Sys=0.00s Real=0.00s
[221.597s][info][gc,start       ] GC(394) Pause Young (Allocation Failure)
[221.600s][info][gc,heap        ] GC(394) DefNew: 140943K(157248K)->1177K(157248K) Eden: 139776K(139776K)->0K(139776K) From: 1167K(17472K)->1177K(17472K)
[221.600s][info][gc,heap        ] GC(394) Tenured: 4077K(349568K)->4077K(349568K)
[221.600s][info][gc,metaspace   ] GC(394) Metaspace: 9946K(10304K)->9946K(10304K) NonClass: 8642K(8832K)->8642K(8832K) Class: 1303K(1472K)->1303K(1472K)
[221.601s][info][gc             ] GC(394) Pause Young (Allocation Failure) 141M->5M(494M) 3.712ms
[221.601s][info][gc,cpu         ] GC(394) User=0.00s Sys=0.00s Real=0.00s
[222.154s][info][gc,start       ] GC(395) Pause Young (Allocation Failure)
[222.158s][info][gc,heap        ] GC(395) DefNew: 140953K(157248K)->1219K(157248K) Eden: 139776K(139776K)->0K(139776K) From: 1177K(17472K)->1219K(17472K)
[222.158s][info][gc,heap        ] GC(395) Tenured: 4077K(349568K)->4077K(349568K)
[222.158s][info][gc,metaspace   ] GC(395) Metaspace: 9946K(10304K)->9946K(10304K) NonClass: 8642K(8832K)->8642K(8832K) Class: 1303K(1472K)->1303K(1472K)
[222.158s][info][gc             ] GC(395) Pause Young (Allocation Failure) 141M->5M(494M) 3.974ms
[222.158s][info][gc,cpu         ] GC(395) User=0.02s Sys=0.00s Real=0.02s
[222.569s][info][gc,start       ] GC(396) Pause Full (System.gc())
[222.570s][info][gc,phases,start] GC(396) Phase 1: Mark live objects
[222.583s][info][gc,phases      ] GC(396) Phase 1: Mark live objects 13.372ms
[222.583s][info][gc,phases,start] GC(396) Phase 2: Compute new object addresses
[222.615s][info][gc,phases      ] GC(396) Phase 2: Compute new object addresses 31.726ms
[222.615s][info][gc,phases,start] GC(396) Phase 3: Adjust pointers
[222.618s][info][gc,phases      ] GC(396) Phase 3: Adjust pointers 3.676ms
[222.618s][info][gc,phases,start] GC(396) Phase 4: Move objects
[222.618s][info][gc,phases      ] GC(396) Phase 4: Move objects 0.012ms
[222.619s][info][gc,heap        ] GC(396) DefNew: 101098K(157248K)->0K(157248K) Eden: 99879K(139776K)->0K(139776K) From: 1219K(17472K)->0K(17472K)
[222.619s][info][gc,heap        ] GC(396) Tenured: 4077K(349568K)->4078K(349568K)
[222.619s][info][gc,metaspace   ] GC(396) Metaspace: 9946K(10304K)->9946K(10304K) NonClass: 8642K(8832K)->8642K(8832K) Class: 1303K(1472K)->1303K(1472K)
[222.619s][info][gc             ] GC(396) Pause Full (System.gc()) 102M->3M(494M) 49.225ms
[222.619s][info][gc,cpu         ] GC(396) User=0.06s Sys=0.00s Real=0.06s
[223.162s][info][gc,start       ] GC(397) Pause Young (Allocation Failure)
[223.166s][info][gc,heap        ] GC(397) DefNew: 139776K(157248K)->1262K(157248K) Eden: 139776K(139776K)->0K(139776K) From: 0K(17472K)->1262K(17472K)
[223.167s][info][gc,heap        ] GC(397) Tenured: 4078K(349568K)->4078K(349568K)
[223.167s][info][gc,metaspace   ] GC(397) Metaspace: 9946K(10304K)->9946K(10304K) NonClass: 8642K(8832K)->8642K(8832K) Class: 1303K(1472K)->1303K(1472K)
[223.167s][info][gc             ] GC(397) Pause Young (Allocation Failure) 140M->5M(494M) 4.478ms
[223.167s][info][gc,cpu         ] GC(397) User=0.02s Sys=0.00s Real=0.02s
[223.726s][info][gc,start       ] GC(398) Pause Young (Allocation Failure)
[223.731s][info][gc,heap        ] GC(398) DefNew: 141038K(157248K)->1336K(157248K) Eden: 139776K(139776K)->0K(139776K) From: 1262K(17472K)->1336K(17472K)
[223.731s][info][gc,heap        ] GC(398) Tenured: 4078K(349568K)->4078K(349568K)
[223.731s][info][gc,metaspace   ] GC(398) Metaspace: 9946K(10304K)->9946K(10304K) NonClass: 8642K(8832K)->8642K(8832K) Class: 1303K(1472K)->1303K(1472K)
[223.731s][info][gc             ] GC(398) Pause Young (Allocation Failure) 141M->5M(494M) 4.438ms
[223.731s][info][gc,cpu         ] GC(398) User=0.02s Sys=0.00s Real=0.02s
[224.296s][info][gc,start       ] GC(399) Pause Young (Allocation Failure)
[224.300s][info][gc,heap        ] GC(399) DefNew: 141112K(157248K)->1211K(157248K) Eden: 139776K(139776K)->0K(139776K) From: 1336K(17472K)->1211K(17472K)
[224.300s][info][gc,heap        ] GC(399) Tenured: 4078K(349568K)->4078K(349568K)
[224.300s][info][gc,metaspace   ] GC(399) Metaspace: 9946K(10304K)->9946K(10304K) NonClass: 8642K(8832K)->8642K(8832K) Class: 1303K(1472K)->1303K(1472K)
[224.300s][info][gc             ] GC(399) Pause Young (Allocation Failure) 141M->5M(494M) 3.923ms
[224.300s][info][gc,cpu         ] GC(399) User=0.00s Sys=0.00s Real=0.00s
[224.869s][info][gc,start       ] GC(400) Pause Young (Allocation Failure)
[224.873s][info][gc,heap        ] GC(400) DefNew: 140987K(157248K)->1282K(157248K) Eden: 139776K(139776K)->0K(139776K) From: 1211K(17472K)->1282K(17472K)
[224.873s][info][gc,heap        ] GC(400) Tenured: 4078K(349568K)->4078K(349568K)
[224.873s][info][gc,metaspace   ] GC(400) Metaspace: 9946K(10304K)->9946K(10304K) NonClass: 8642K(8832K)->8642K(8832K) Class: 1303K(1472K)->1303K(1472K)
[224.873s][info][gc             ] GC(400) Pause Young (Allocation Failure) 141M->5M(494M) 4.052ms
[224.873s][info][gc,cpu         ] GC(400) User=0.00s Sys=0.00s Real=0.00s
[225.422s][info][gc,start       ] GC(401) Pause Young (Allocation Failure)
[225.425s][info][gc,heap        ] GC(401) DefNew: 141058K(157248K)->1288K(157248K) Eden: 139776K(139776K)->0K(139776K) From: 1282K(17472K)->1288K(17472K)
[225.425s][info][gc,heap        ] GC(401) Tenured: 4078K(349568K)->4078K(349568K)
[225.425s][info][gc,metaspace   ] GC(401) Metaspace: 9946K(10304K)->9946K(10304K) NonClass: 8642K(8832K)->8642K(8832K) Class: 1303K(1472K)->1303K(1472K)
[225.426s][info][gc             ] GC(401) Pause Young (Allocation Failure) 141M->5M(494M) 3.934ms
[225.426s][info][gc,cpu         ] GC(401) User=0.00s Sys=0.00s Real=0.00s
[225.987s][info][gc,start       ] GC(402) Pause Young (Allocation Failure)
[225.991s][info][gc,heap        ] GC(402) DefNew: 141064K(157248K)->1289K(157248K) Eden: 139776K(139776K)->0K(139776K) From: 1288K(17472K)->1289K(17472K)
[225.991s][info][gc,heap        ] GC(402) Tenured: 4078K(349568K)->4078K(349568K)
[225.991s][info][gc,metaspace   ] GC(402) Metaspace: 9946K(10304K)->9946K(10304K) NonClass: 8642K(8832K)->8642K(8832K) Class: 1303K(1472K)->1303K(1472K)
[225.991s][info][gc             ] GC(402) Pause Young (Allocation Failure) 141M->5M(494M) 4.151ms
[225.991s][info][gc,cpu         ] GC(402) User=0.00s Sys=0.00s Real=0.00s
[226.542s][info][gc,start       ] GC(403) Pause Young (Allocation Failure)
[226.546s][info][gc,heap        ] GC(403) DefNew: 141065K(157248K)->1264K(157248K) Eden: 139776K(139776K)->0K(139776K) From: 1289K(17472K)->1264K(17472K)
[226.546s][info][gc,heap        ] GC(403) Tenured: 4078K(349568K)->4078K(349568K)
[226.546s][info][gc,metaspace   ] GC(403) Metaspace: 9946K(10304K)->9946K(10304K) NonClass: 8642K(8832K)->8642K(8832K) Class: 1303K(1472K)->1303K(1472K)
[226.546s][info][gc             ] GC(403) Pause Young (Allocation Failure) 141M->5M(494M) 3.915ms
[226.546s][info][gc,cpu         ] GC(403) User=0.00s Sys=0.00s Real=0.00s
[227.123s][info][gc,start       ] GC(404) Pause Young (Allocation Failure)
[227.127s][info][gc,heap        ] GC(404) DefNew: 141040K(157248K)->1258K(157248K) Eden: 139776K(139776K)->0K(139776K) From: 1264K(17472K)->1258K(17472K)
[227.127s][info][gc,heap        ] GC(404) Tenured: 4078K(349568K)->4078K(349568K)
[227.127s][info][gc,metaspace   ] GC(404) Metaspace: 9946K(10304K)->9946K(10304K) NonClass: 8642K(8832K)->8642K(8832K) Class: 1303K(1472K)->1303K(1472K)
[227.127s][info][gc             ] GC(404) Pause Young (Allocation Failure) 141M->5M(494M) 3.880ms
[227.127s][info][gc,cpu         ] GC(404) User=0.00s Sys=0.00s Real=0.00s
[227.694s][info][gc,start       ] GC(405) Pause Young (Allocation Failure)
[227.698s][info][gc,heap        ] GC(405) DefNew: 141034K(157248K)->1242K(157248K) Eden: 139776K(139776K)->0K(139776K) From: 1258K(17472K)->1242K(17472K)
[227.698s][info][gc,heap        ] GC(405) Tenured: 4078K(349568K)->4078K(349568K)
[227.698s][info][gc,metaspace   ] GC(405) Metaspace: 9946K(10304K)->9946K(10304K) NonClass: 8642K(8832K)->8642K(8832K) Class: 1303K(1472K)->1303K(1472K)
[227.698s][info][gc             ] GC(405) Pause Young (Allocation Failure) 141M->5M(494M) 4.059ms
[227.698s][info][gc,cpu         ] GC(405) User=0.02s Sys=0.00s Real=0.02s
[228.247s][info][gc,start       ] GC(406) Pause Young (Allocation Failure)
[228.250s][info][gc,heap        ] GC(406) DefNew: 141018K(157248K)->1187K(157248K) Eden: 139776K(139776K)->0K(139776K) From: 1242K(17472K)->1187K(17472K)
[228.250s][info][gc,heap        ] GC(406) Tenured: 4078K(349568K)->4078K(349568K)
[228.250s][info][gc,metaspace   ] GC(406) Metaspace: 9946K(10304K)->9946K(10304K) NonClass: 8642K(8832K)->8642K(8832K) Class: 1303K(1472K)->1303K(1472K)
[228.250s][info][gc             ] GC(406) Pause Young (Allocation Failure) 141M->5M(494M) 3.728ms
[228.250s][info][gc,cpu         ] GC(406) User=0.00s Sys=0.00s Real=0.00s
[228.809s][info][gc,start       ] GC(407) Pause Young (Allocation Failure)
[228.813s][info][gc,heap        ] GC(407) DefNew: 140963K(157248K)->1309K(157248K) Eden: 139776K(139776K)->0K(139776K) From: 1187K(17472K)->1309K(17472K)
[228.813s][info][gc,heap        ] GC(407) Tenured: 4078K(349568K)->4078K(349568K)
[228.813s][info][gc,metaspace   ] GC(407) Metaspace: 9946K(10304K)->9946K(10304K) NonClass: 8642K(8832K)->8642K(8832K) Class: 1303K(1472K)->1303K(1472K)
[228.813s][info][gc             ] GC(407) Pause Young (Allocation Failure) 141M->5M(494M) 4.062ms
[228.813s][info][gc,cpu         ] GC(407) User=0.00s Sys=0.00s Real=0.00s
[229.217s][info][gc,start       ] GC(408) Pause Full (System.gc())
[229.217s][info][gc,phases,start] GC(408) Phase 1: Mark live objects
[229.231s][info][gc,phases      ] GC(408) Phase 1: Mark live objects 14.098ms
[229.231s][info][gc,phases,start] GC(408) Phase 2: Compute new object addresses
[229.262s][info][gc,phases      ] GC(408) Phase 2: Compute new object addresses 30.901ms
[229.262s][info][gc,phases,start] GC(408) Phase 3: Adjust pointers
[229.266s][info][gc,phases      ] GC(408) Phase 3: Adjust pointers 3.644ms
[229.266s][info][gc,phases,start] GC(408) Phase 4: Move objects
[229.266s][info][gc,phases      ] GC(408) Phase 4: Move objects 0.012ms
[229.266s][info][gc,heap        ] GC(408) DefNew: 100877K(157248K)->0K(157248K) Eden: 99567K(139776K)->0K(139776K) From: 1309K(17472K)->0K(17472K)
[229.266s][info][gc,heap        ] GC(408) Tenured: 4078K(349568K)->4078K(349568K)
[229.266s][info][gc,metaspace   ] GC(408) Metaspace: 9946K(10304K)->9946K(10304K) NonClass: 8642K(8832K)->8642K(8832K) Class: 1303K(1472K)->1303K(1472K)
[229.266s][info][gc             ] GC(408) Pause Full (System.gc()) 102M->3M(494M) 49.088ms
[229.266s][info][gc,cpu         ] GC(408) User=0.05s Sys=0.00s Real=0.05s
[229.834s][info][gc,start       ] GC(409) Pause Young (Allocation Failure)
[229.838s][info][gc,heap        ] GC(409) DefNew: 139776K(157248K)->1247K(157248K) Eden: 139776K(139776K)->0K(139776K) From: 0K(17472K)->1247K(17472K)
[229.838s][info][gc,heap        ] GC(409) Tenured: 4078K(349568K)->4078K(349568K)
[229.838s][info][gc,metaspace   ] GC(409) Metaspace: 9946K(10304K)->9946K(10304K) NonClass: 8642K(8832K)->8642K(8832K) Class: 1303K(1472K)->1303K(1472K)
[229.838s][info][gc             ] GC(409) Pause Young (Allocation Failure) 140M->5M(494M) 4.430ms
[229.838s][info][gc,cpu         ] GC(409) User=0.02s Sys=0.00s Real=0.01s
[230.408s][info][gc,start       ] GC(410) Pause Young (Allocation Failure)
[230.412s][info][gc,heap        ] GC(410) DefNew: 141023K(157248K)->1241K(157248K) Eden: 139776K(139776K)->0K(139776K) From: 1247K(17472K)->1241K(17472K)
[230.412s][info][gc,heap        ] GC(410) Tenured: 4078K(349568K)->4078K(349568K)
[230.412s][info][gc,metaspace   ] GC(410) Metaspace: 9946K(10304K)->9946K(10304K) NonClass: 8642K(8832K)->8642K(8832K) Class: 1303K(1472K)->1303K(1472K)
[230.412s][info][gc             ] GC(410) Pause Young (Allocation Failure) 141M->5M(494M) 4.282ms
[230.412s][info][gc,cpu         ] GC(410) User=0.00s Sys=0.00s Real=0.00s
[230.978s][info][gc,start       ] GC(411) Pause Young (Allocation Failure)
[230.982s][info][gc,heap        ] GC(411) DefNew: 141017K(157248K)->1282K(157248K) Eden: 139776K(139776K)->0K(139776K) From: 1241K(17472K)->1282K(17472K)
[230.982s][info][gc,heap        ] GC(411) Tenured: 4078K(349568K)->4078K(349568K)
[230.982s][info][gc,metaspace   ] GC(411) Metaspace: 9946K(10304K)->9946K(10304K) NonClass: 8642K(8832K)->8642K(8832K) Class: 1303K(1472K)->1303K(1472K)
[230.982s][info][gc             ] GC(411) Pause Young (Allocation Failure) 141M->5M(494M) 4.378ms
[230.983s][info][gc,cpu         ] GC(411) User=0.00s Sys=0.00s Real=0.00s
[231.546s][info][gc,start       ] GC(412) Pause Young (Allocation Failure)
[231.549s][info][gc,heap        ] GC(412) DefNew: 141058K(157248K)->1192K(157248K) Eden: 139776K(139776K)->0K(139776K) From: 1282K(17472K)->1192K(17472K)
[231.549s][info][gc,heap        ] GC(412) Tenured: 4078K(349568K)->4078K(349568K)
[231.550s][info][gc,metaspace   ] GC(412) Metaspace: 9946K(10304K)->9946K(10304K) NonClass: 8642K(8832K)->8642K(8832K) Class: 1303K(1472K)->1303K(1472K)
[231.550s][info][gc             ] GC(412) Pause Young (Allocation Failure) 141M->5M(494M) 4.084ms
[231.550s][info][gc,cpu         ] GC(412) User=0.02s Sys=0.00s Real=0.01s
[232.114s][info][gc,start       ] GC(413) Pause Young (Allocation Failure)
[232.118s][info][gc,heap        ] GC(413) DefNew: 140968K(157248K)->1225K(157248K) Eden: 139776K(139776K)->0K(139776K) From: 1192K(17472K)->1225K(17472K)
[232.118s][info][gc,heap        ] GC(413) Tenured: 4078K(349568K)->4078K(349568K)
[232.118s][info][gc,metaspace   ] GC(413) Metaspace: 9946K(10304K)->9946K(10304K) NonClass: 8642K(8832K)->8642K(8832K) Class: 1303K(1472K)->1303K(1472K)
[232.118s][info][gc             ] GC(413) Pause Young (Allocation Failure) 141M->5M(494M) 3.924ms
[232.118s][info][gc,cpu         ] GC(413) User=0.02s Sys=0.00s Real=0.02s
[232.676s][info][gc,start       ] GC(414) Pause Young (Allocation Failure)
[232.679s][info][gc,heap        ] GC(414) DefNew: 141001K(157248K)->1203K(157248K) Eden: 139776K(139776K)->0K(139776K) From: 1225K(17472K)->1203K(17472K)
[232.680s][info][gc,heap        ] GC(414) Tenured: 4078K(349568K)->4078K(349568K)
[232.680s][info][gc,metaspace   ] GC(414) Metaspace: 9946K(10304K)->9946K(10304K) NonClass: 8642K(8832K)->8642K(8832K) Class: 1303K(1472K)->1303K(1472K)
[232.680s][info][gc             ] GC(414) Pause Young (Allocation Failure) 141M->5M(494M) 3.743ms
[232.680s][info][gc,cpu         ] GC(414) User=0.00s Sys=0.00s Real=0.00s
[233.247s][info][gc,start       ] GC(415) Pause Young (Allocation Failure)
[233.250s][info][gc,heap        ] GC(415) DefNew: 140979K(157248K)->1160K(157248K) Eden: 139776K(139776K)->0K(139776K) From: 1203K(17472K)->1160K(17472K)
[233.250s][info][gc,heap        ] GC(415) Tenured: 4078K(349568K)->4078K(349568K)
[233.250s][info][gc,metaspace   ] GC(415) Metaspace: 9946K(10304K)->9946K(10304K) NonClass: 8642K(8832K)->8642K(8832K) Class: 1303K(1472K)->1303K(1472K)
[233.250s][info][gc             ] GC(415) Pause Young (Allocation Failure) 141M->5M(494M) 3.695ms
[233.250s][info][gc,cpu         ] GC(415) User=0.00s Sys=0.00s Real=0.00s
[233.824s][info][gc,start       ] GC(416) Pause Young (Allocation Failure)
[233.828s][info][gc,heap        ] GC(416) DefNew: 140936K(157248K)->1267K(157248K) Eden: 139776K(139776K)->0K(139776K) From: 1160K(17472K)->1267K(17472K)
[233.828s][info][gc,heap        ] GC(416) Tenured: 4078K(349568K)->4078K(349568K)
[233.828s][info][gc,metaspace   ] GC(416) Metaspace: 9946K(10304K)->9946K(10304K) NonClass: 8642K(8832K)->8642K(8832K) Class: 1303K(1472K)->1303K(1472K)
[233.828s][info][gc             ] GC(416) Pause Young (Allocation Failure) 141M->5M(494M) 3.931ms
[233.828s][info][gc,cpu         ] GC(416) User=0.00s Sys=0.00s Real=0.00s
[234.415s][info][gc,start       ] GC(417) Pause Young (Allocation Failure)
[234.418s][info][gc,heap        ] GC(417) DefNew: 141043K(157248K)->1201K(157248K) Eden: 139776K(139776K)->0K(139776K) From: 1267K(17472K)->1201K(17472K)
[234.418s][info][gc,heap        ] GC(417) Tenured: 4078K(349568K)->4078K(349568K)
[234.418s][info][gc,metaspace   ] GC(417) Metaspace: 9946K(10304K)->9946K(10304K) NonClass: 8642K(8832K)->8642K(8832K) Class: 1303K(1472K)->1303K(1472K)
[234.418s][info][gc             ] GC(417) Pause Young (Allocation Failure) 141M->5M(494M) 3.832ms
[234.418s][info][gc,cpu         ] GC(417) User=0.02s Sys=0.00s Real=0.02s
[234.972s][info][gc,start       ] GC(418) Pause Young (Allocation Failure)
[234.976s][info][gc,heap        ] GC(418) DefNew: 140977K(157248K)->1245K(157248K) Eden: 139776K(139776K)->0K(139776K) From: 1201K(17472K)->1245K(17472K)
[234.976s][info][gc,heap        ] GC(418) Tenured: 4078K(349568K)->4078K(349568K)
[234.976s][info][gc,metaspace   ] GC(418) Metaspace: 9946K(10304K)->9946K(10304K) NonClass: 8642K(8832K)->8642K(8832K) Class: 1303K(1472K)->1303K(1472K)
[234.976s][info][gc             ] GC(418) Pause Young (Allocation Failure) 141M->5M(494M) 3.905ms
[234.976s][info][gc,cpu         ] GC(418) User=0.00s Sys=0.00s Real=0.00s
[235.525s][info][gc,start       ] GC(419) Pause Young (Allocation Failure)
[235.529s][info][gc,heap        ] GC(419) DefNew: 141021K(157248K)->1278K(157248K) Eden: 139776K(139776K)->0K(139776K) From: 1245K(17472K)->1278K(17472K)
[235.529s][info][gc,heap        ] GC(419) Tenured: 4078K(349568K)->4078K(349568K)
[235.529s][info][gc,metaspace   ] GC(419) Metaspace: 9946K(10304K)->9946K(10304K) NonClass: 8642K(8832K)->8642K(8832K) Class: 1303K(1472K)->1303K(1472K)
[235.529s][info][gc             ] GC(419) Pause Young (Allocation Failure) 141M->5M(494M) 3.949ms
[235.529s][info][gc,cpu         ] GC(419) User=0.00s Sys=0.00s Real=0.00s
[235.912s][info][gc,start       ] GC(420) Pause Full (System.gc())
[235.912s][info][gc,phases,start] GC(420) Phase 1: Mark live objects
[235.926s][info][gc,phases      ] GC(420) Phase 1: Mark live objects 13.787ms
[235.926s][info][gc,phases,start] GC(420) Phase 2: Compute new object addresses
[235.956s][info][gc,phases      ] GC(420) Phase 2: Compute new object addresses 29.717ms
[235.956s][info][gc,phases,start] GC(420) Phase 3: Adjust pointers
[235.959s][info][gc,phases      ] GC(420) Phase 3: Adjust pointers 3.550ms
[235.959s][info][gc,phases,start] GC(420) Phase 4: Move objects
[235.959s][info][gc,phases      ] GC(420) Phase 4: Move objects 0.012ms
[235.959s][info][gc,heap        ] GC(420) DefNew: 97691K(157248K)->0K(157248K) Eden: 96413K(139776K)->0K(139776K) From: 1278K(17472K)->0K(17472K)
[235.959s][info][gc,heap        ] GC(420) Tenured: 4078K(349568K)->4077K(349568K)
[235.959s][info][gc,metaspace   ] GC(420) Metaspace: 9946K(10304K)->9946K(10304K) NonClass: 8642K(8832K)->8642K(8832K) Class: 1303K(1472K)->1303K(1472K)
[235.959s][info][gc             ] GC(420) Pause Full (System.gc()) 99M->3M(494M) 47.505ms
[235.959s][info][gc,cpu         ] GC(420) User=0.05s Sys=0.00s Real=0.05s
[236.526s][info][gc,start       ] GC(421) Pause Young (Allocation Failure)
[236.530s][info][gc,heap        ] GC(421) DefNew: 139776K(157248K)->1294K(157248K) Eden: 139776K(139776K)->0K(139776K) From: 0K(17472K)->1294K(17472K)
[236.530s][info][gc,heap        ] GC(421) Tenured: 4077K(349568K)->4077K(349568K)
[236.530s][info][gc,metaspace   ] GC(421) Metaspace: 9946K(10304K)->9946K(10304K) NonClass: 8642K(8832K)->8642K(8832K) Class: 1303K(1472K)->1303K(1472K)
[236.530s][info][gc             ] GC(421) Pause Young (Allocation Failure) 140M->5M(494M) 4.482ms
[236.530s][info][gc,cpu         ] GC(421) User=0.00s Sys=0.00s Real=0.00s
[237.098s][info][gc,start       ] GC(422) Pause Young (Allocation Failure)
[237.102s][info][gc,heap        ] GC(422) DefNew: 141070K(157248K)->1302K(157248K) Eden: 139776K(139776K)->0K(139776K) From: 1294K(17472K)->1302K(17472K)
[237.102s][info][gc,heap        ] GC(422) Tenured: 4077K(349568K)->4077K(349568K)
[237.102s][info][gc,metaspace   ] GC(422) Metaspace: 9946K(10304K)->9946K(10304K) NonClass: 8642K(8832K)->8642K(8832K) Class: 1303K(1472K)->1303K(1472K)
[237.103s][info][gc             ] GC(422) Pause Young (Allocation Failure) 141M->5M(494M) 4.263ms
[237.103s][info][gc,cpu         ] GC(422) User=0.00s Sys=0.00s Real=0.00s
[237.674s][info][gc,start       ] GC(423) Pause Young (Allocation Failure)
[237.678s][info][gc,heap        ] GC(423) DefNew: 141078K(157248K)->1243K(157248K) Eden: 139776K(139776K)->0K(139776K) From: 1302K(17472K)->1243K(17472K)
[237.678s][info][gc,heap        ] GC(423) Tenured: 4077K(349568K)->4077K(349568K)
[237.678s][info][gc,metaspace   ] GC(423) Metaspace: 9946K(10304K)->9946K(10304K) NonClass: 8642K(8832K)->8642K(8832K) Class: 1303K(1472K)->1303K(1472K)
[237.678s][info][gc             ] GC(423) Pause Young (Allocation Failure) 141M->5M(494M) 4.155ms
[237.678s][info][gc,cpu         ] GC(423) User=0.00s Sys=0.00s Real=0.00s
[238.256s][info][gc,start       ] GC(424) Pause Young (Allocation Failure)
[238.260s][info][gc,heap        ] GC(424) DefNew: 141019K(157248K)->1272K(157248K) Eden: 139776K(139776K)->0K(139776K) From: 1243K(17472K)->1272K(17472K)
[238.260s][info][gc,heap        ] GC(424) Tenured: 4077K(349568K)->4077K(349568K)
[238.260s][info][gc,metaspace   ] GC(424) Metaspace: 9946K(10304K)->9946K(10304K) NonClass: 8642K(8832K)->8642K(8832K) Class: 1303K(1472K)->1303K(1472K)
[238.260s][info][gc             ] GC(424) Pause Young (Allocation Failure) 141M->5M(494M) 4.164ms
[238.260s][info][gc,cpu         ] GC(424) User=0.02s Sys=0.00s Real=0.02s
[238.819s][info][gc,start       ] GC(425) Pause Young (Allocation Failure)
[238.822s][info][gc,heap        ] GC(425) DefNew: 141048K(157248K)->1228K(157248K) Eden: 139776K(139776K)->0K(139776K) From: 1272K(17472K)->1228K(17472K)
[238.822s][info][gc,heap        ] GC(425) Tenured: 4077K(349568K)->4077K(349568K)
[238.822s][info][gc,metaspace   ] GC(425) Metaspace: 9946K(10304K)->9946K(10304K) NonClass: 8642K(8832K)->8642K(8832K) Class: 1303K(1472K)->1303K(1472K)
[238.822s][info][gc             ] GC(425) Pause Young (Allocation Failure) 141M->5M(494M) 3.824ms
[238.823s][info][gc,cpu         ] GC(425) User=0.00s Sys=0.00s Real=0.00s
[239.400s][info][gc,start       ] GC(426) Pause Young (Allocation Failure)
[239.404s][info][gc,heap        ] GC(426) DefNew: 141004K(157248K)->1216K(157248K) Eden: 139776K(139776K)->0K(139776K) From: 1228K(17472K)->1216K(17472K)
[239.404s][info][gc,heap        ] GC(426) Tenured: 4077K(349568K)->4077K(349568K)
[239.404s][info][gc,metaspace   ] GC(426) Metaspace: 9946K(10304K)->9946K(10304K) NonClass: 8642K(8832K)->8642K(8832K) Class: 1303K(1472K)->1303K(1472K)
[239.404s][info][gc             ] GC(426) Pause Young (Allocation Failure) 141M->5M(494M) 3.933ms
[239.404s][info][gc,cpu         ] GC(426) User=0.00s Sys=0.00s Real=0.00s
[239.955s][info][gc,start       ] GC(427) Pause Young (Allocation Failure)
[239.983s][info][gc,heap        ] GC(427) DefNew: 140992K(157248K)->1204K(157248K) Eden: 139776K(139776K)->0K(139776K) From: 1216K(17472K)->1204K(17472K)
[239.984s][info][gc,heap        ] GC(427) Tenured: 4077K(349568K)->4077K(349568K)
[239.984s][info][gc,metaspace   ] GC(427) Metaspace: 9946K(10304K)->9946K(10304K) NonClass: 8642K(8832K)->8642K(8832K) Class: 1303K(1472K)->1303K(1472K)
[239.984s][info][gc             ] GC(427) Pause Young (Allocation Failure) 141M->5M(494M) 28.188ms
[239.984s][info][gc,cpu         ] GC(427) User=0.00s Sys=0.00s Real=0.02s
[240.552s][info][gc,start       ] GC(428) Pause Young (Allocation Failure)
[240.555s][info][gc,heap        ] GC(428) DefNew: 140980K(157248K)->1284K(157248K) Eden: 139776K(139776K)->0K(139776K) From: 1204K(17472K)->1284K(17472K)
[240.556s][info][gc,heap        ] GC(428) Tenured: 4077K(349568K)->4077K(349568K)
[240.556s][info][gc,metaspace   ] GC(428) Metaspace: 9946K(10304K)->9946K(10304K) NonClass: 8642K(8832K)->8642K(8832K) Class: 1303K(1472K)->1303K(1472K)
[240.556s][info][gc             ] GC(428) Pause Young (Allocation Failure) 141M->5M(494M) 3.966ms
[240.556s][info][gc,cpu         ] GC(428) User=0.02s Sys=0.00s Real=0.02s
[241.131s][info][gc,start       ] GC(429) Pause Young (Allocation Failure)
[241.135s][info][gc,heap        ] GC(429) DefNew: 141060K(157248K)->1191K(157248K) Eden: 139776K(139776K)->0K(139776K) From: 1284K(17472K)->1191K(17472K)
[241.135s][info][gc,heap        ] GC(429) Tenured: 4077K(349568K)->4077K(349568K)
[241.135s][info][gc,metaspace   ] GC(429) Metaspace: 9946K(10304K)->9946K(10304K) NonClass: 8642K(8832K)->8642K(8832K) Class: 1303K(1472K)->1303K(1472K)
[241.135s][info][gc             ] GC(429) Pause Young (Allocation Failure) 141M->5M(494M) 3.759ms
[241.135s][info][gc,cpu         ] GC(429) User=0.00s Sys=0.00s Real=0.00s
[241.696s][info][gc,start       ] GC(430) Pause Young (Allocation Failure)
[241.699s][info][gc,heap        ] GC(430) DefNew: 140967K(157248K)->1227K(157248K) Eden: 139776K(139776K)->0K(139776K) From: 1191K(17472K)->1227K(17472K)
[241.699s][info][gc,heap        ] GC(430) Tenured: 4077K(349568K)->4077K(349568K)
[241.699s][info][gc,metaspace   ] GC(430) Metaspace: 9946K(10304K)->9946K(10304K) NonClass: 8642K(8832K)->8642K(8832K) Class: 1303K(1472K)->1303K(1472K)
[241.699s][info][gc             ] GC(430) Pause Young (Allocation Failure) 141M->5M(494M) 3.813ms
[241.699s][info][gc,cpu         ] GC(430) User=0.00s Sys=0.00s Real=0.00s
[242.261s][info][gc,start       ] GC(431) Pause Young (Allocation Failure)
[242.265s][info][gc,heap        ] GC(431) DefNew: 141003K(157248K)->1195K(157248K) Eden: 139776K(139776K)->0K(139776K) From: 1227K(17472K)->1195K(17472K)
[242.265s][info][gc,heap        ] GC(431) Tenured: 4077K(349568K)->4077K(349568K)
[242.265s][info][gc,metaspace   ] GC(431) Metaspace: 9946K(10304K)->9946K(10304K) NonClass: 8642K(8832K)->8642K(8832K) Class: 1303K(1472K)->1303K(1472K)
[242.265s][info][gc             ] GC(431) Pause Young (Allocation Failure) 141M->5M(494M) 3.911ms
[242.265s][info][gc,cpu         ] GC(431) User=0.02s Sys=0.00s Real=0.01s
[242.654s][info][gc,start       ] GC(432) Pause Full (System.gc())
[242.654s][info][gc,phases,start] GC(432) Phase 1: Mark live objects
[242.668s][info][gc,phases      ] GC(432) Phase 1: Mark live objects 14.233ms
[242.668s][info][gc,phases,start] GC(432) Phase 2: Compute new object addresses
[242.699s][info][gc,phases      ] GC(432) Phase 2: Compute new object addresses 30.481ms
[242.699s][info][gc,phases,start] GC(432) Phase 3: Adjust pointers
[242.702s][info][gc,phases      ] GC(432) Phase 3: Adjust pointers 3.649ms
[242.703s][info][gc,phases,start] GC(432) Phase 4: Move objects
[242.703s][info][gc,phases      ] GC(432) Phase 4: Move objects 0.012ms
[242.703s][info][gc,heap        ] GC(432) DefNew: 97629K(157248K)->0K(157248K) Eden: 96434K(139776K)->0K(139776K) From: 1195K(17472K)->0K(17472K)
[242.703s][info][gc,heap        ] GC(432) Tenured: 4077K(349568K)->4077K(349568K)
[242.703s][info][gc,metaspace   ] GC(432) Metaspace: 9946K(10304K)->9946K(10304K) NonClass: 8642K(8832K)->8642K(8832K) Class: 1303K(1472K)->1303K(1472K)
[242.703s][info][gc             ] GC(432) Pause Full (System.gc()) 99M->3M(494M) 48.821ms
[242.703s][info][gc,cpu         ] GC(432) User=0.05s Sys=0.00s Real=0.05s
[243.250s][info][gc,start       ] GC(433) Pause Young (Allocation Failure)
[243.254s][info][gc,heap        ] GC(433) DefNew: 139776K(157248K)->1178K(157248K) Eden: 139776K(139776K)->0K(139776K) From: 0K(17472K)->1178K(17472K)
[243.254s][info][gc,heap        ] GC(433) Tenured: 4077K(349568K)->4077K(349568K)
[243.254s][info][gc,metaspace   ] GC(433) Metaspace: 9946K(10304K)->9946K(10304K) NonClass: 8643K(8832K)->8643K(8832K) Class: 1303K(1472K)->1303K(1472K)
[243.254s][info][gc             ] GC(433) Pause Young (Allocation Failure) 140M->5M(494M) 4.190ms
[243.254s][info][gc,cpu         ] GC(433) User=0.02s Sys=0.00s Real=0.02s
[243.814s][info][gc,start       ] GC(434) Pause Young (Allocation Failure)
[243.818s][info][gc,heap        ] GC(434) DefNew: 140954K(157248K)->1332K(157248K) Eden: 139776K(139776K)->0K(139776K) From: 1178K(17472K)->1332K(17472K)
[243.818s][info][gc,heap        ] GC(434) Tenured: 4077K(349568K)->4077K(349568K)
[243.818s][info][gc,metaspace   ] GC(434) Metaspace: 9946K(10304K)->9946K(10304K) NonClass: 8643K(8832K)->8643K(8832K) Class: 1303K(1472K)->1303K(1472K)
[243.818s][info][gc             ] GC(434) Pause Young (Allocation Failure) 141M->5M(494M) 4.363ms
[243.818s][info][gc,cpu         ] GC(434) User=0.00s Sys=0.00s Real=0.00s
[244.382s][info][gc,start       ] GC(435) Pause Young (Allocation Failure)
[244.387s][info][gc,heap        ] GC(435) DefNew: 141108K(157248K)->1305K(157248K) Eden: 139776K(139776K)->0K(139776K) From: 1332K(17472K)->1305K(17472K)
[244.387s][info][gc,heap        ] GC(435) Tenured: 4077K(349568K)->4077K(349568K)
[244.387s][info][gc,metaspace   ] GC(435) Metaspace: 9946K(10304K)->9946K(10304K) NonClass: 8643K(8832K)->8643K(8832K) Class: 1303K(1472K)->1303K(1472K)
[244.387s][info][gc             ] GC(435) Pause Young (Allocation Failure) 141M->5M(494M) 4.339ms
[244.387s][info][gc,cpu         ] GC(435) User=0.00s Sys=0.00s Real=0.00s
[244.940s][info][gc,start       ] GC(436) Pause Young (Allocation Failure)
[244.944s][info][gc,heap        ] GC(436) DefNew: 141081K(157248K)->1236K(157248K) Eden: 139776K(139776K)->0K(139776K) From: 1305K(17472K)->1236K(17472K)
[244.944s][info][gc,heap        ] GC(436) Tenured: 4077K(349568K)->4077K(349568K)
[244.944s][info][gc,metaspace   ] GC(436) Metaspace: 9946K(10304K)->9946K(10304K) NonClass: 8643K(8832K)->8643K(8832K) Class: 1303K(1472K)->1303K(1472K)
[244.944s][info][gc             ] GC(436) Pause Young (Allocation Failure) 141M->5M(494M) 3.852ms
[244.944s][info][gc,cpu         ] GC(436) User=0.00s Sys=0.00s Real=0.00s
[245.514s][info][gc,start       ] GC(437) Pause Young (Allocation Failure)
[245.518s][info][gc,heap        ] GC(437) DefNew: 141012K(157248K)->1273K(157248K) Eden: 139775K(139776K)->0K(139776K) From: 1236K(17472K)->1273K(17472K)
[245.518s][info][gc,heap        ] GC(437) Tenured: 4077K(349568K)->4077K(349568K)
[245.518s][info][gc,metaspace   ] GC(437) Metaspace: 9946K(10304K)->9946K(10304K) NonClass: 8643K(8832K)->8643K(8832K) Class: 1303K(1472K)->1303K(1472K)
[245.518s][info][gc             ] GC(437) Pause Young (Allocation Failure) 141M->5M(494M) 3.939ms
[245.518s][info][gc,cpu         ] GC(437) User=0.02s Sys=0.00s Real=0.02s
[246.076s][info][gc,start       ] GC(438) Pause Young (Allocation Failure)
[246.080s][info][gc,heap        ] GC(438) DefNew: 141049K(157248K)->1277K(157248K) Eden: 139776K(139776K)->0K(139776K) From: 1273K(17472K)->1277K(17472K)
[246.080s][info][gc,heap        ] GC(438) Tenured: 4077K(349568K)->4077K(349568K)
[246.080s][info][gc,metaspace   ] GC(438) Metaspace: 9946K(10304K)->9946K(10304K) NonClass: 8643K(8832K)->8643K(8832K) Class: 1303K(1472K)->1303K(1472K)
[246.080s][info][gc             ] GC(438) Pause Young (Allocation Failure) 141M->5M(494M) 4.159ms
[246.080s][info][gc,cpu         ] GC(438) User=0.00s Sys=0.00s Real=0.00s
[246.646s][info][gc,start       ] GC(439) Pause Young (Allocation Failure)
[246.649s][info][gc,heap        ] GC(439) DefNew: 141053K(157248K)->952K(157248K) Eden: 139776K(139776K)->0K(139776K) From: 1277K(17472K)->952K(17472K)
[246.649s][info][gc,heap        ] GC(439) Tenured: 4077K(349568K)->4077K(349568K)
[246.649s][info][gc,metaspace   ] GC(439) Metaspace: 9946K(10304K)->9946K(10304K) NonClass: 8643K(8832K)->8643K(8832K) Class: 1303K(1472K)->1303K(1472K)
[246.649s][info][gc             ] GC(439) Pause Young (Allocation Failure) 141M->4M(494M) 3.237ms
[246.649s][info][gc,cpu         ] GC(439) User=0.00s Sys=0.00s Real=0.00s
[247.214s][info][gc,start       ] GC(440) Pause Young (Allocation Failure)
[247.217s][info][gc,heap        ] GC(440) DefNew: 140728K(157248K)->1214K(157248K) Eden: 139776K(139776K)->0K(139776K) From: 952K(17472K)->1214K(17472K)
[247.217s][info][gc,heap        ] GC(440) Tenured: 4077K(349568K)->4077K(349568K)
[247.217s][info][gc,metaspace   ] GC(440) Metaspace: 9946K(10304K)->9946K(10304K) NonClass: 8643K(8832K)->8643K(8832K) Class: 1303K(1472K)->1303K(1472K)
[247.217s][info][gc             ] GC(440) Pause Young (Allocation Failure) 141M->5M(494M) 3.870ms
[247.217s][info][gc,cpu         ] GC(440) User=0.00s Sys=0.00s Real=0.00s
[247.786s][info][gc,start       ] GC(441) Pause Young (Allocation Failure)
[247.790s][info][gc,heap        ] GC(441) DefNew: 140990K(157248K)->1315K(157248K) Eden: 139776K(139776K)->0K(139776K) From: 1214K(17472K)->1315K(17472K)
[247.790s][info][gc,heap        ] GC(441) Tenured: 4077K(349568K)->4077K(349568K)
[247.790s][info][gc,metaspace   ] GC(441) Metaspace: 9946K(10304K)->9946K(10304K) NonClass: 8643K(8832K)->8643K(8832K) Class: 1303K(1472K)->1303K(1472K)
[247.791s][info][gc             ] GC(441) Pause Young (Allocation Failure) 141M->5M(494M) 4.131ms
[247.791s][info][gc,cpu         ] GC(441) User=0.00s Sys=0.00s Real=0.00s
[248.378s][info][gc,start       ] GC(442) Pause Young (Allocation Failure)
[248.412s][info][gc,heap        ] GC(442) DefNew: 141091K(157248K)->1267K(157248K) Eden: 139776K(139776K)->0K(139776K) From: 1315K(17472K)->1267K(17472K)
[248.412s][info][gc,heap        ] GC(442) Tenured: 4077K(349568K)->4077K(349568K)
[248.412s][info][gc,metaspace   ] GC(442) Metaspace: 9946K(10304K)->9946K(10304K) NonClass: 8643K(8832K)->8643K(8832K) Class: 1303K(1472K)->1303K(1472K)
[248.412s][info][gc             ] GC(442) Pause Young (Allocation Failure) 141M->5M(494M) 33.886ms
[248.412s][info][gc,cpu         ] GC(442) User=0.02s Sys=0.00s Real=0.03s
[248.979s][info][gc,start       ] GC(443) Pause Young (Allocation Failure)
[248.982s][info][gc,heap        ] GC(443) DefNew: 141043K(157248K)->1291K(157248K) Eden: 139776K(139776K)->0K(139776K) From: 1267K(17472K)->1291K(17472K)
[248.983s][info][gc,heap        ] GC(443) Tenured: 4077K(349568K)->4077K(349568K)
[248.983s][info][gc,metaspace   ] GC(443) Metaspace: 9946K(10304K)->9946K(10304K) NonClass: 8643K(8832K)->8643K(8832K) Class: 1303K(1472K)->1303K(1472K)
[248.983s][info][gc             ] GC(443) Pause Young (Allocation Failure) 141M->5M(494M) 3.921ms
[248.983s][info][gc,cpu         ] GC(443) User=0.00s Sys=0.00s Real=0.00s
[249.381s][info][gc,start       ] GC(444) Pause Full (System.gc())
[249.381s][info][gc,phases,start] GC(444) Phase 1: Mark live objects
[249.395s][info][gc,phases      ] GC(444) Phase 1: Mark live objects 13.271ms
[249.395s][info][gc,phases,start] GC(444) Phase 2: Compute new object addresses
[249.425s][info][gc,phases      ] GC(444) Phase 2: Compute new object addresses 30.905ms
[249.425s][info][gc,phases,start] GC(444) Phase 3: Adjust pointers
[249.429s][info][gc,phases      ] GC(444) Phase 3: Adjust pointers 3.671ms
[249.429s][info][gc,phases,start] GC(444) Phase 4: Move objects
[249.429s][info][gc,phases      ] GC(444) Phase 4: Move objects 0.012ms
[249.429s][info][gc,heap        ] GC(444) DefNew: 98464K(157248K)->0K(157248K) Eden: 97172K(139776K)->0K(139776K) From: 1291K(17472K)->0K(17472K)
[249.429s][info][gc,heap        ] GC(444) Tenured: 4077K(349568K)->4077K(349568K)
[249.429s][info][gc,metaspace   ] GC(444) Metaspace: 9946K(10304K)->9946K(10304K) NonClass: 8643K(8832K)->8643K(8832K) Class: 1303K(1472K)->1303K(1472K)
[249.429s][info][gc             ] GC(444) Pause Full (System.gc()) 100M->3M(494M) 48.272ms
[249.429s][info][gc,cpu         ] GC(444) User=0.06s Sys=0.00s Real=0.05s
[249.994s][info][gc,start       ] GC(445) Pause Young (Allocation Failure)
[249.999s][info][gc,heap        ] GC(445) DefNew: 139776K(157248K)->1335K(157248K) Eden: 139776K(139776K)->0K(139776K) From: 0K(17472K)->1335K(17472K)
[249.999s][info][gc,heap        ] GC(445) Tenured: 4077K(349568K)->4077K(349568K)
[249.999s][info][gc,metaspace   ] GC(445) Metaspace: 9946K(10304K)->9946K(10304K) NonClass: 8643K(8832K)->8643K(8832K) Class: 1303K(1472K)->1303K(1472K)
[249.999s][info][gc             ] GC(445) Pause Young (Allocation Failure) 140M->5M(494M) 4.700ms
[249.999s][info][gc,cpu         ] GC(445) User=0.00s Sys=0.00s Real=0.00s
[250.559s][info][gc,start       ] GC(446) Pause Young (Allocation Failure)
[250.563s][info][gc,heap        ] GC(446) DefNew: 141111K(157248K)->1205K(157248K) Eden: 139776K(139776K)->0K(139776K) From: 1335K(17472K)->1205K(17472K)
[250.563s][info][gc,heap        ] GC(446) Tenured: 4077K(349568K)->4077K(349568K)
[250.563s][info][gc,metaspace   ] GC(446) Metaspace: 9946K(10304K)->9946K(10304K) NonClass: 8643K(8832K)->8643K(8832K) Class: 1303K(1472K)->1303K(1472K)
[250.564s][info][gc             ] GC(446) Pause Young (Allocation Failure) 141M->5M(494M) 4.050ms
[250.564s][info][gc,cpu         ] GC(446) User=0.00s Sys=0.00s Real=0.00s
[251.138s][info][gc,start       ] GC(447) Pause Young (Allocation Failure)
[251.142s][info][gc,heap        ] GC(447) DefNew: 140981K(157248K)->1209K(157248K) Eden: 139776K(139776K)->0K(139776K) From: 1205K(17472K)->1209K(17472K)
[251.142s][info][gc,heap        ] GC(447) Tenured: 4077K(349568K)->4077K(349568K)
[251.142s][info][gc,metaspace   ] GC(447) Metaspace: 9946K(10304K)->9946K(10304K) NonClass: 8643K(8832K)->8643K(8832K) Class: 1303K(1472K)->1303K(1472K)
[251.142s][info][gc             ] GC(447) Pause Young (Allocation Failure) 141M->5M(494M) 3.915ms
[251.142s][info][gc,cpu         ] GC(447) User=0.02s Sys=0.00s Real=0.02s
[251.712s][info][gc,start       ] GC(448) Pause Young (Allocation Failure)
[251.716s][info][gc,heap        ] GC(448) DefNew: 140985K(157248K)->1208K(157248K) Eden: 139776K(139776K)->0K(139776K) From: 1209K(17472K)->1208K(17472K)
[251.716s][info][gc,heap        ] GC(448) Tenured: 4077K(349568K)->4077K(349568K)
[251.716s][info][gc,metaspace   ] GC(448) Metaspace: 9946K(10304K)->9946K(10304K) NonClass: 8643K(8832K)->8643K(8832K) Class: 1303K(1472K)->1303K(1472K)
[251.716s][info][gc             ] GC(448) Pause Young (Allocation Failure) 141M->5M(494M) 4.095ms
[251.716s][info][gc,cpu         ] GC(448) User=0.00s Sys=0.00s Real=0.00s
[252.276s][info][gc,start       ] GC(449) Pause Young (Allocation Failure)
[252.280s][info][gc,heap        ] GC(449) DefNew: 140984K(157248K)->1228K(157248K) Eden: 139776K(139776K)->0K(139776K) From: 1208K(17472K)->1228K(17472K)
[252.280s][info][gc,heap        ] GC(449) Tenured: 4077K(349568K)->4077K(349568K)
[252.280s][info][gc,metaspace   ] GC(449) Metaspace: 9946K(10304K)->9946K(10304K) NonClass: 8643K(8832K)->8643K(8832K) Class: 1303K(1472K)->1303K(1472K)
[252.280s][info][gc             ] GC(449) Pause Young (Allocation Failure) 141M->5M(494M) 4.143ms
[252.280s][info][gc,cpu         ] GC(449) User=0.02s Sys=0.00s Real=0.02s
[252.842s][info][gc,start       ] GC(450) Pause Young (Allocation Failure)
[252.846s][info][gc,heap        ] GC(450) DefNew: 141004K(157248K)->1191K(157248K) Eden: 139776K(139776K)->0K(139776K) From: 1228K(17472K)->1191K(17472K)
[252.846s][info][gc,heap        ] GC(450) Tenured: 4077K(349568K)->4077K(349568K)
[252.846s][info][gc,metaspace   ] GC(450) Metaspace: 9946K(10304K)->9946K(10304K) NonClass: 8643K(8832K)->8643K(8832K) Class: 1303K(1472K)->1303K(1472K)
[252.846s][info][gc             ] GC(450) Pause Young (Allocation Failure) 141M->5M(494M) 3.870ms
[252.846s][info][gc,cpu         ] GC(450) User=0.00s Sys=0.00s Real=0.00s
[253.408s][info][gc,start       ] GC(451) Pause Young (Allocation Failure)
[253.411s][info][gc,heap        ] GC(451) DefNew: 140967K(157248K)->1216K(157248K) Eden: 139776K(139776K)->0K(139776K) From: 1191K(17472K)->1216K(17472K)
[253.411s][info][gc,heap        ] GC(451) Tenured: 4077K(349568K)->4077K(349568K)
[253.411s][info][gc,metaspace   ] GC(451) Metaspace: 9946K(10304K)->9946K(10304K) NonClass: 8643K(8832K)->8643K(8832K) Class: 1303K(1472K)->1303K(1472K)
[253.412s][info][gc             ] GC(451) Pause Young (Allocation Failure) 141M->5M(494M) 3.929ms
[253.412s][info][gc,cpu         ] GC(451) User=0.00s Sys=0.00s Real=0.00s
[253.986s][info][gc,start       ] GC(452) Pause Young (Allocation Failure)
[253.990s][info][gc,heap        ] GC(452) DefNew: 140992K(157248K)->1281K(157248K) Eden: 139776K(139776K)->0K(139776K) From: 1216K(17472K)->1281K(17472K)
[253.990s][info][gc,heap        ] GC(452) Tenured: 4077K(349568K)->4077K(349568K)
[253.990s][info][gc,metaspace   ] GC(452) Metaspace: 9946K(10304K)->9946K(10304K) NonClass: 8643K(8832K)->8643K(8832K) Class: 1303K(1472K)->1303K(1472K)
[253.990s][info][gc             ] GC(452) Pause Young (Allocation Failure) 141M->5M(494M) 3.989ms
[253.990s][info][gc,cpu         ] GC(452) User=0.00s Sys=0.00s Real=0.00s
[254.555s][info][gc,start       ] GC(453) Pause Young (Allocation Failure)
[254.558s][info][gc,heap        ] GC(453) DefNew: 141057K(157248K)->1210K(157248K) Eden: 139776K(139776K)->0K(139776K) From: 1281K(17472K)->1210K(17472K)
[254.558s][info][gc,heap        ] GC(453) Tenured: 4077K(349568K)->4077K(349568K)
[254.558s][info][gc,metaspace   ] GC(453) Metaspace: 9946K(10304K)->9946K(10304K) NonClass: 8643K(8832K)->8643K(8832K) Class: 1303K(1472K)->1303K(1472K)
[254.558s][info][gc             ] GC(453) Pause Young (Allocation Failure) 141M->5M(494M) 3.789ms
[254.558s][info][gc,cpu         ] GC(453) User=0.02s Sys=0.00s Real=0.02s
[255.132s][info][gc,start       ] GC(454) Pause Young (Allocation Failure)
[255.136s][info][gc,heap        ] GC(454) DefNew: 140986K(157248K)->1210K(157248K) Eden: 139776K(139776K)->0K(139776K) From: 1210K(17472K)->1210K(17472K)
[255.136s][info][gc,heap        ] GC(454) Tenured: 4077K(349568K)->4077K(349568K)
[255.136s][info][gc,metaspace   ] GC(454) Metaspace: 9946K(10304K)->9946K(10304K) NonClass: 8643K(8832K)->8643K(8832K) Class: 1303K(1472K)->1303K(1472K)
[255.136s][info][gc             ] GC(454) Pause Young (Allocation Failure) 141M->5M(494M) 3.965ms
[255.136s][info][gc,cpu         ] GC(454) User=0.00s Sys=0.02s Real=0.02s
[255.702s][info][gc,start       ] GC(455) Pause Young (Allocation Failure)
[255.706s][info][gc,heap        ] GC(455) DefNew: 140986K(157248K)->1228K(157248K) Eden: 139776K(139776K)->0K(139776K) From: 1210K(17472K)->1228K(17472K)
[255.706s][info][gc,heap        ] GC(455) Tenured: 4077K(349568K)->4077K(349568K)
[255.706s][info][gc,metaspace   ] GC(455) Metaspace: 9946K(10304K)->9946K(10304K) NonClass: 8643K(8832K)->8643K(8832K) Class: 1303K(1472K)->1303K(1472K)
[255.706s][info][gc             ] GC(455) Pause Young (Allocation Failure) 141M->5M(494M) 3.807ms
[255.706s][info][gc,cpu         ] GC(455) User=0.00s Sys=0.00s Real=0.00s
[256.130s][info][gc,start       ] GC(456) Pause Full (System.gc())
[256.130s][info][gc,phases,start] GC(456) Phase 1: Mark live objects
[256.143s][info][gc,phases      ] GC(456) Phase 1: Mark live objects 13.211ms
[256.143s][info][gc,phases,start] GC(456) Phase 2: Compute new object addresses
[256.173s][info][gc,phases      ] GC(456) Phase 2: Compute new object addresses 30.023ms
[256.173s][info][gc,phases,start] GC(456) Phase 3: Adjust pointers
[256.177s][info][gc,phases      ] GC(456) Phase 3: Adjust pointers 3.579ms
[256.177s][info][gc,phases,start] GC(456) Phase 4: Move objects
[256.177s][info][gc,phases      ] GC(456) Phase 4: Move objects 0.012ms
[256.177s][info][gc,heap        ] GC(456) DefNew: 102034K(157248K)->0K(157248K) Eden: 100806K(139776K)->0K(139776K) From: 1228K(17472K)->0K(17472K)
[256.177s][info][gc,heap        ] GC(456) Tenured: 4077K(349568K)->4078K(349568K)
[256.177s][info][gc,metaspace   ] GC(456) Metaspace: 9946K(10304K)->9946K(10304K) NonClass: 8643K(8832K)->8643K(8832K) Class: 1303K(1472K)->1303K(1472K)
[256.177s][info][gc             ] GC(456) Pause Full (System.gc()) 103M->3M(494M) 47.248ms
[256.177s][info][gc,cpu         ] GC(456) User=0.05s Sys=0.00s Real=0.05s
[256.736s][info][gc,start       ] GC(457) Pause Young (Allocation Failure)
[256.740s][info][gc,heap        ] GC(457) DefNew: 139776K(157248K)->1193K(157248K) Eden: 139776K(139776K)->0K(139776K) From: 0K(17472K)->1193K(17472K)
[256.740s][info][gc,heap        ] GC(457) Tenured: 4078K(349568K)->4078K(349568K)
[256.740s][info][gc,metaspace   ] GC(457) Metaspace: 9946K(10304K)->9946K(10304K) NonClass: 8643K(8832K)->8643K(8832K) Class: 1303K(1472K)->1303K(1472K)
[256.741s][info][gc             ] GC(457) Pause Young (Allocation Failure) 140M->5M(494M) 4.195ms
[256.741s][info][gc,cpu         ] GC(457) User=0.00s Sys=0.00s Real=0.00s
[257.300s][info][gc,start       ] GC(458) Pause Young (Allocation Failure)
[257.304s][info][gc,heap        ] GC(458) DefNew: 140969K(157248K)->1255K(157248K) Eden: 139776K(139776K)->0K(139776K) From: 1193K(17472K)->1255K(17472K)
[257.304s][info][gc,heap        ] GC(458) Tenured: 4078K(349568K)->4078K(349568K)
[257.304s][info][gc,metaspace   ] GC(458) Metaspace: 9946K(10304K)->9946K(10304K) NonClass: 8643K(8832K)->8643K(8832K) Class: 1303K(1472K)->1303K(1472K)
[257.304s][info][gc             ] GC(458) Pause Young (Allocation Failure) 141M->5M(494M) 4.167ms
[257.304s][info][gc,cpu         ] GC(458) User=0.00s Sys=0.00s Real=0.00s
[257.864s][info][gc,start       ] GC(459) Pause Young (Allocation Failure)
[257.868s][info][gc,heap        ] GC(459) DefNew: 141031K(157248K)->1289K(157248K) Eden: 139776K(139776K)->0K(139776K) From: 1255K(17472K)->1289K(17472K)
[257.868s][info][gc,heap        ] GC(459) Tenured: 4078K(349568K)->4078K(349568K)
[257.869s][info][gc,metaspace   ] GC(459) Metaspace: 9946K(10304K)->9946K(10304K) NonClass: 8643K(8832K)->8643K(8832K) Class: 1303K(1472K)->1303K(1472K)
[257.869s][info][gc             ] GC(459) Pause Young (Allocation Failure) 141M->5M(494M) 4.192ms
[257.869s][info][gc,cpu         ] GC(459) User=0.00s Sys=0.00s Real=0.00s
[258.451s][info][gc,start       ] GC(460) Pause Young (Allocation Failure)
[258.455s][info][gc,heap        ] GC(460) DefNew: 141065K(157248K)->1288K(157248K) Eden: 139776K(139776K)->0K(139776K) From: 1289K(17472K)->1288K(17472K)
[258.455s][info][gc,heap        ] GC(460) Tenured: 4078K(349568K)->4078K(349568K)
[258.455s][info][gc,metaspace   ] GC(460) Metaspace: 9946K(10304K)->9946K(10304K) NonClass: 8643K(8832K)->8643K(8832K) Class: 1303K(1472K)->1303K(1472K)
[258.455s][info][gc             ] GC(460) Pause Young (Allocation Failure) 141M->5M(494M) 4.066ms
[258.455s][info][gc,cpu         ] GC(460) User=0.00s Sys=0.00s Real=0.00s
[259.019s][info][gc,start       ] GC(461) Pause Young (Allocation Failure)
[259.023s][info][gc,heap        ] GC(461) DefNew: 141064K(157248K)->1326K(157248K) Eden: 139776K(139776K)->0K(139776K) From: 1288K(17472K)->1326K(17472K)
[259.023s][info][gc,heap        ] GC(461) Tenured: 4078K(349568K)->4078K(349568K)
[259.023s][info][gc,metaspace   ] GC(461) Metaspace: 9946K(10304K)->9946K(10304K) NonClass: 8643K(8832K)->8643K(8832K) Class: 1303K(1472K)->1303K(1472K)
[259.023s][info][gc             ] GC(461) Pause Young (Allocation Failure) 141M->5M(494M) 4.117ms
[259.023s][info][gc,cpu         ] GC(461) User=0.00s Sys=0.00s Real=0.00s
[259.583s][info][gc,start       ] GC(462) Pause Young (Allocation Failure)
[259.587s][info][gc,heap        ] GC(462) DefNew: 141102K(157248K)->1254K(157248K) Eden: 139776K(139776K)->0K(139776K) From: 1326K(17472K)->1254K(17472K)
[259.587s][info][gc,heap        ] GC(462) Tenured: 4078K(349568K)->4078K(349568K)
[259.587s][info][gc,metaspace   ] GC(462) Metaspace: 9946K(10304K)->9946K(10304K) NonClass: 8643K(8832K)->8643K(8832K) Class: 1303K(1472K)->1303K(1472K)
[259.587s][info][gc             ] GC(462) Pause Young (Allocation Failure) 141M->5M(494M) 3.889ms
[259.587s][info][gc,cpu         ] GC(462) User=0.00s Sys=0.00s Real=0.00s
[260.157s][info][gc,start       ] GC(463) Pause Young (Allocation Failure)
[260.160s][info][gc,heap        ] GC(463) DefNew: 141030K(157248K)->1260K(157248K) Eden: 139776K(139776K)->0K(139776K) From: 1254K(17472K)->1260K(17472K)
[260.160s][info][gc,heap        ] GC(463) Tenured: 4078K(349568K)->4078K(349568K)
[260.160s][info][gc,metaspace   ] GC(463) Metaspace: 9946K(10304K)->9946K(10304K) NonClass: 8643K(8832K)->8643K(8832K) Class: 1303K(1472K)->1303K(1472K)
[260.160s][info][gc             ] GC(463) Pause Young (Allocation Failure) 141M->5M(494M) 3.867ms
[260.160s][info][gc,cpu         ] GC(463) User=0.00s Sys=0.00s Real=0.00s
[260.714s][info][gc,start       ] GC(464) Pause Young (Allocation Failure)
[260.717s][info][gc,heap        ] GC(464) DefNew: 141036K(157248K)->1222K(157248K) Eden: 139776K(139776K)->0K(139776K) From: 1260K(17472K)->1222K(17472K)
[260.717s][info][gc,heap        ] GC(464) Tenured: 4078K(349568K)->4078K(349568K)
[260.717s][info][gc,metaspace   ] GC(464) Metaspace: 9946K(10304K)->9946K(10304K) NonClass: 8643K(8832K)->8643K(8832K) Class: 1303K(1472K)->1303K(1472K)
[260.718s][info][gc             ] GC(464) Pause Young (Allocation Failure) 141M->5M(494M) 3.741ms
[260.718s][info][gc,cpu         ] GC(464) User=0.00s Sys=0.00s Real=0.00s
[261.274s][info][gc,start       ] GC(465) Pause Young (Allocation Failure)
[261.278s][info][gc,heap        ] GC(465) DefNew: 140998K(157248K)->1205K(157248K) Eden: 139776K(139776K)->0K(139776K) From: 1222K(17472K)->1205K(17472K)
[261.278s][info][gc,heap        ] GC(465) Tenured: 4078K(349568K)->4078K(349568K)
[261.278s][info][gc,metaspace   ] GC(465) Metaspace: 9946K(10304K)->9946K(10304K) NonClass: 8643K(8832K)->8643K(8832K) Class: 1303K(1472K)->1303K(1472K)
[261.278s][info][gc             ] GC(465) Pause Young (Allocation Failure) 141M->5M(494M) 3.798ms
[261.278s][info][gc,cpu         ] GC(465) User=0.02s Sys=0.00s Real=0.02s
[261.845s][info][gc,start       ] GC(466) Pause Young (Allocation Failure)
[261.848s][info][gc,heap        ] GC(466) DefNew: 140981K(157248K)->1204K(157248K) Eden: 139776K(139776K)->0K(139776K) From: 1205K(17472K)->1204K(17472K)
[261.848s][info][gc,heap        ] GC(466) Tenured: 4078K(349568K)->4078K(349568K)
[261.848s][info][gc,metaspace   ] GC(466) Metaspace: 9946K(10304K)->9946K(10304K) NonClass: 8643K(8832K)->8643K(8832K) Class: 1303K(1472K)->1303K(1472K)
[261.849s][info][gc             ] GC(466) Pause Young (Allocation Failure) 141M->5M(494M) 3.754ms
[261.849s][info][gc,cpu         ] GC(466) User=0.00s Sys=0.00s Real=0.00s
[262.420s][info][gc,start       ] GC(467) Pause Young (Allocation Failure)
[262.424s][info][gc,heap        ] GC(467) DefNew: 140980K(157248K)->1226K(157248K) Eden: 139776K(139776K)->0K(139776K) From: 1204K(17472K)->1226K(17472K)
[262.424s][info][gc,heap        ] GC(467) Tenured: 4078K(349568K)->4078K(349568K)
[262.424s][info][gc,metaspace   ] GC(467) Metaspace: 9946K(10304K)->9946K(10304K) NonClass: 8643K(8832K)->8643K(8832K) Class: 1303K(1472K)->1303K(1472K)
[262.424s][info][gc             ] GC(467) Pause Young (Allocation Failure) 141M->5M(494M) 3.798ms
[262.424s][info][gc,cpu         ] GC(467) User=0.00s Sys=0.00s Real=0.00s
[262.803s][info][gc,start       ] GC(468) Pause Full (System.gc())
[262.803s][info][gc,phases,start] GC(468) Phase 1: Mark live objects
[262.816s][info][gc,phases      ] GC(468) Phase 1: Mark live objects 13.319ms
[262.816s][info][gc,phases,start] GC(468) Phase 2: Compute new object addresses
[262.846s][info][gc,phases      ] GC(468) Phase 2: Compute new object addresses 29.638ms
[262.846s][info][gc,phases,start] GC(468) Phase 3: Adjust pointers
[262.850s][info][gc,phases      ] GC(468) Phase 3: Adjust pointers 3.624ms
[262.850s][info][gc,phases,start] GC(468) Phase 4: Move objects
[262.850s][info][gc,phases      ] GC(468) Phase 4: Move objects 0.013ms
[262.850s][info][gc,heap        ] GC(468) DefNew: 94994K(157248K)->0K(157248K) Eden: 93768K(139776K)->0K(139776K) From: 1226K(17472K)->0K(17472K)
[262.850s][info][gc,heap        ] GC(468) Tenured: 4078K(349568K)->4077K(349568K)
[262.850s][info][gc,metaspace   ] GC(468) Metaspace: 9946K(10304K)->9946K(10304K) NonClass: 8643K(8832K)->8643K(8832K) Class: 1303K(1472K)->1303K(1472K)
[262.850s][info][gc             ] GC(468) Pause Full (System.gc()) 96M->3M(494M) 47.035ms
[262.850s][info][gc,cpu         ] GC(468) User=0.05s Sys=0.00s Real=0.05s
[263.423s][info][gc,start       ] GC(469) Pause Young (Allocation Failure)
[263.427s][info][gc,heap        ] GC(469) DefNew: 139776K(157248K)->1209K(157248K) Eden: 139776K(139776K)->0K(139776K) From: 0K(17472K)->1209K(17472K)
[263.427s][info][gc,heap        ] GC(469) Tenured: 4077K(349568K)->4077K(349568K)
[263.427s][info][gc,metaspace   ] GC(469) Metaspace: 9946K(10304K)->9946K(10304K) NonClass: 8643K(8832K)->8643K(8832K) Class: 1303K(1472K)->1303K(1472K)
[263.427s][info][gc             ] GC(469) Pause Young (Allocation Failure) 140M->5M(494M) 4.228ms
[263.427s][info][gc,cpu         ] GC(469) User=0.00s Sys=0.00s Real=0.00s
[263.984s][info][gc,start       ] GC(470) Pause Young (Allocation Failure)
[263.988s][info][gc,heap        ] GC(470) DefNew: 140985K(157248K)->1213K(157248K) Eden: 139776K(139776K)->0K(139776K) From: 1209K(17472K)->1213K(17472K)
[263.988s][info][gc,heap        ] GC(470) Tenured: 4077K(349568K)->4077K(349568K)
[263.988s][info][gc,metaspace   ] GC(470) Metaspace: 9946K(10304K)->9946K(10304K) NonClass: 8643K(8832K)->8643K(8832K) Class: 1303K(1472K)->1303K(1472K)
[263.988s][info][gc             ] GC(470) Pause Young (Allocation Failure) 141M->5M(494M) 4.097ms
[263.988s][info][gc,cpu         ] GC(470) User=0.00s Sys=0.02s Real=0.02s
[264.545s][info][gc,start       ] GC(471) Pause Young (Allocation Failure)
[264.549s][info][gc,heap        ] GC(471) DefNew: 140989K(157248K)->1255K(157248K) Eden: 139776K(139776K)->0K(139776K) From: 1213K(17472K)->1255K(17472K)
[264.550s][info][gc,heap        ] GC(471) Tenured: 4077K(349568K)->4077K(349568K)
[264.550s][info][gc,metaspace   ] GC(471) Metaspace: 9946K(10304K)->9946K(10304K) NonClass: 8643K(8832K)->8643K(8832K) Class: 1303K(1472K)->1303K(1472K)
[264.550s][info][gc             ] GC(471) Pause Young (Allocation Failure) 141M->5M(494M) 4.169ms
[264.550s][info][gc,cpu         ] GC(471) User=0.02s Sys=0.00s Real=0.02s
[265.108s][info][gc,start       ] GC(472) Pause Young (Allocation Failure)
[265.112s][info][gc,heap        ] GC(472) DefNew: 141031K(157248K)->1272K(157248K) Eden: 139776K(139776K)->0K(139776K) From: 1255K(17472K)->1272K(17472K)
[265.112s][info][gc,heap        ] GC(472) Tenured: 4077K(349568K)->4077K(349568K)
[265.112s][info][gc,metaspace   ] GC(472) Metaspace: 9946K(10304K)->9946K(10304K) NonClass: 8643K(8832K)->8643K(8832K) Class: 1303K(1472K)->1303K(1472K)
[265.112s][info][gc             ] GC(472) Pause Young (Allocation Failure) 141M->5M(494M) 4.037ms
[265.112s][info][gc,cpu         ] GC(472) User=0.00s Sys=0.00s Real=0.00s
[265.679s][info][gc,start       ] GC(473) Pause Young (Allocation Failure)
[265.683s][info][gc,heap        ] GC(473) DefNew: 141048K(157248K)->1303K(157248K) Eden: 139776K(139776K)->0K(139776K) From: 1272K(17472K)->1303K(17472K)
[265.683s][info][gc,heap        ] GC(473) Tenured: 4077K(349568K)->4077K(349568K)
[265.683s][info][gc,metaspace   ] GC(473) Metaspace: 9946K(10304K)->9946K(10304K) NonClass: 8643K(8832K)->8643K(8832K) Class: 1303K(1472K)->1303K(1472K)
[265.683s][info][gc             ] GC(473) Pause Young (Allocation Failure) 141M->5M(494M) 4.292ms
[265.683s][info][gc,cpu         ] GC(473) User=0.00s Sys=0.00s Real=0.00s
[266.257s][info][gc,start       ] GC(474) Pause Young (Allocation Failure)
[266.260s][info][gc,heap        ] GC(474) DefNew: 141079K(157248K)->1309K(157248K) Eden: 139776K(139776K)->0K(139776K) From: 1303K(17472K)->1309K(17472K)
[266.260s][info][gc,heap        ] GC(474) Tenured: 4077K(349568K)->4077K(349568K)
[266.261s][info][gc,metaspace   ] GC(474) Metaspace: 9946K(10304K)->9946K(10304K) NonClass: 8643K(8832K)->8643K(8832K) Class: 1303K(1472K)->1303K(1472K)
[266.261s][info][gc             ] GC(474) Pause Young (Allocation Failure) 141M->5M(494M) 3.999ms
[266.261s][info][gc,cpu         ] GC(474) User=0.00s Sys=0.00s Real=0.00s
[266.825s][info][gc,start       ] GC(475) Pause Young (Allocation Failure)
[266.829s][info][gc,heap        ] GC(475) DefNew: 141085K(157248K)->1255K(157248K) Eden: 139776K(139776K)->0K(139776K) From: 1309K(17472K)->1255K(17472K)
[266.829s][info][gc,heap        ] GC(475) Tenured: 4077K(349568K)->4077K(349568K)
[266.829s][info][gc,metaspace   ] GC(475) Metaspace: 9946K(10304K)->9946K(10304K) NonClass: 8643K(8832K)->8643K(8832K) Class: 1303K(1472K)->1303K(1472K)
[266.829s][info][gc             ] GC(475) Pause Young (Allocation Failure) 141M->5M(494M) 4.056ms
[266.829s][info][gc,cpu         ] GC(475) User=0.02s Sys=0.00s Real=0.02s
[267.395s][info][gc,start       ] GC(476) Pause Young (Allocation Failure)
[267.398s][info][gc,heap        ] GC(476) DefNew: 141031K(157248K)->1223K(157248K) Eden: 139776K(139776K)->0K(139776K) From: 1255K(17472K)->1223K(17472K)
[267.398s][info][gc,heap        ] GC(476) Tenured: 4077K(349568K)->4077K(349568K)
[267.398s][info][gc,metaspace   ] GC(476) Metaspace: 9946K(10304K)->9946K(10304K) NonClass: 8643K(8832K)->8643K(8832K) Class: 1303K(1472K)->1303K(1472K)
[267.399s][info][gc             ] GC(476) Pause Young (Allocation Failure) 141M->5M(494M) 3.943ms
[267.399s][info][gc,cpu         ] GC(476) User=0.00s Sys=0.00s Real=0.00s
[267.972s][info][gc,start       ] GC(477) Pause Young (Allocation Failure)
[267.976s][info][gc,heap        ] GC(477) DefNew: 140999K(157248K)->1190K(157248K) Eden: 139776K(139776K)->0K(139776K) From: 1223K(17472K)->1190K(17472K)
[267.976s][info][gc,heap        ] GC(477) Tenured: 4077K(349568K)->4077K(349568K)
[267.976s][info][gc,metaspace   ] GC(477) Metaspace: 9946K(10304K)->9946K(10304K) NonClass: 8643K(8832K)->8643K(8832K) Class: 1303K(1472K)->1303K(1472K)
[267.976s][info][gc             ] GC(477) Pause Young (Allocation Failure) 141M->5M(494M) 4.022ms
[267.976s][info][gc,cpu         ] GC(477) User=0.00s Sys=0.00s Real=0.00s
[268.528s][info][gc,start       ] GC(478) Pause Young (Allocation Failure)
[268.532s][info][gc,heap        ] GC(478) DefNew: 140966K(157248K)->1171K(157248K) Eden: 139776K(139776K)->0K(139776K) From: 1190K(17472K)->1171K(17472K)
[268.532s][info][gc,heap        ] GC(478) Tenured: 4077K(349568K)->4077K(349568K)
[268.532s][info][gc,metaspace   ] GC(478) Metaspace: 9946K(10304K)->9946K(10304K) NonClass: 8643K(8832K)->8643K(8832K) Class: 1303K(1472K)->1303K(1472K)
[268.532s][info][gc             ] GC(478) Pause Young (Allocation Failure) 141M->5M(494M) 3.842ms
[268.532s][info][gc,cpu         ] GC(478) User=0.00s Sys=0.00s Real=0.00s
[269.099s][info][gc,start       ] GC(479) Pause Young (Allocation Failure)
[269.103s][info][gc,heap        ] GC(479) DefNew: 140947K(157248K)->1272K(157248K) Eden: 139776K(139776K)->0K(139776K) From: 1171K(17472K)->1272K(17472K)
[269.103s][info][gc,heap        ] GC(479) Tenured: 4077K(349568K)->4077K(349568K)
[269.103s][info][gc,metaspace   ] GC(479) Metaspace: 9946K(10304K)->9946K(10304K) NonClass: 8643K(8832K)->8643K(8832K) Class: 1303K(1472K)->1303K(1472K)
[269.104s][info][gc             ] GC(479) Pause Young (Allocation Failure) 141M->5M(494M) 4.048ms
[269.104s][info][gc,cpu         ] GC(479) User=0.00s Sys=0.00s Real=0.00s
[269.467s][info][gc,start       ] GC(480) Pause Full (System.gc())
[269.467s][info][gc,phases,start] GC(480) Phase 1: Mark live objects
[269.482s][info][gc,phases      ] GC(480) Phase 1: Mark live objects 14.148ms
[269.482s][info][gc,phases,start] GC(480) Phase 2: Compute new object addresses
[269.512s][info][gc,phases      ] GC(480) Phase 2: Compute new object addresses 30.361ms
[269.512s][info][gc,phases,start] GC(480) Phase 3: Adjust pointers
[269.516s][info][gc,phases      ] GC(480) Phase 3: Adjust pointers 3.592ms
[269.516s][info][gc,phases,start] GC(480) Phase 4: Move objects
[269.516s][info][gc,phases      ] GC(480) Phase 4: Move objects 0.012ms
[269.516s][info][gc,heap        ] GC(480) DefNew: 92155K(157248K)->0K(157248K) Eden: 90882K(139776K)->0K(139776K) From: 1272K(17472K)->0K(17472K)
[269.516s][info][gc,heap        ] GC(480) Tenured: 4077K(349568K)->4078K(349568K)
[269.516s][info][gc,metaspace   ] GC(480) Metaspace: 9946K(10304K)->9946K(10304K) NonClass: 8643K(8832K)->8643K(8832K) Class: 1303K(1472K)->1303K(1472K)
[269.516s][info][gc             ] GC(480) Pause Full (System.gc()) 93M->3M(494M) 48.559ms
[269.516s][info][gc,cpu         ] GC(480) User=0.05s Sys=0.00s Real=0.05s
[270.093s][info][gc,start       ] GC(481) Pause Young (Allocation Failure)
[270.097s][info][gc,heap        ] GC(481) DefNew: 139776K(157248K)->1123K(157248K) Eden: 139776K(139776K)->0K(139776K) From: 0K(17472K)->1123K(17472K)
[270.097s][info][gc,heap        ] GC(481) Tenured: 4078K(349568K)->4078K(349568K)
[270.097s][info][gc,metaspace   ] GC(481) Metaspace: 9946K(10304K)->9946K(10304K) NonClass: 8643K(8832K)->8643K(8832K) Class: 1303K(1472K)->1303K(1472K)
[270.097s][info][gc             ] GC(481) Pause Young (Allocation Failure) 140M->5M(494M) 4.065ms
[270.097s][info][gc,cpu         ] GC(481) User=0.00s Sys=0.00s Real=0.00s
[270.646s][info][gc,start       ] GC(482) Pause Young (Allocation Failure)
[270.649s][info][gc,heap        ] GC(482) DefNew: 140899K(157248K)->1080K(157248K) Eden: 139776K(139776K)->0K(139776K) From: 1123K(17472K)->1080K(17472K)
[270.649s][info][gc,heap        ] GC(482) Tenured: 4078K(349568K)->4078K(349568K)
[270.649s][info][gc,metaspace   ] GC(482) Metaspace: 9946K(10304K)->9946K(10304K) NonClass: 8643K(8832K)->8643K(8832K) Class: 1303K(1472K)->1303K(1472K)
[270.649s][info][gc             ] GC(482) Pause Young (Allocation Failure) 141M->5M(494M) 3.478ms
[270.649s][info][gc,cpu         ] GC(482) User=0.00s Sys=0.00s Real=0.00s
[271.217s][info][gc,start       ] GC(483) Pause Young (Allocation Failure)
[271.221s][info][gc,heap        ] GC(483) DefNew: 140856K(157248K)->1147K(157248K) Eden: 139775K(139776K)->0K(139776K) From: 1080K(17472K)->1147K(17472K)
[271.221s][info][gc,heap        ] GC(483) Tenured: 4078K(349568K)->4078K(349568K)
[271.221s][info][gc,metaspace   ] GC(483) Metaspace: 9946K(10304K)->9946K(10304K) NonClass: 8643K(8832K)->8643K(8832K) Class: 1303K(1472K)->1303K(1472K)
[271.221s][info][gc             ] GC(483) Pause Young (Allocation Failure) 141M->5M(494M) 3.632ms
[271.221s][info][gc,cpu         ] GC(483) User=0.00s Sys=0.00s Real=0.00s
[271.777s][info][gc,start       ] GC(484) Pause Young (Allocation Failure)
[271.805s][info][gc,heap        ] GC(484) DefNew: 140923K(157248K)->1201K(157248K) Eden: 139776K(139776K)->0K(139776K) From: 1147K(17472K)->1201K(17472K)
[271.805s][info][gc,heap        ] GC(484) Tenured: 4078K(349568K)->4078K(349568K)
[271.805s][info][gc,metaspace   ] GC(484) Metaspace: 9946K(10304K)->9946K(10304K) NonClass: 8643K(8832K)->8643K(8832K) Class: 1303K(1472K)->1303K(1472K)
[271.805s][info][gc             ] GC(484) Pause Young (Allocation Failure) 141M->5M(494M) 27.994ms
[271.805s][info][gc,cpu         ] GC(484) User=0.00s Sys=0.00s Real=0.03s
[272.384s][info][gc,start       ] GC(485) Pause Young (Allocation Failure)
[272.388s][info][gc,heap        ] GC(485) DefNew: 140977K(157248K)->1151K(157248K) Eden: 139776K(139776K)->0K(139776K) From: 1201K(17472K)->1151K(17472K)
[272.388s][info][gc,heap        ] GC(485) Tenured: 4078K(349568K)->4078K(349568K)
[272.388s][info][gc,metaspace   ] GC(485) Metaspace: 9946K(10304K)->9946K(10304K) NonClass: 8643K(8832K)->8643K(8832K) Class: 1303K(1472K)->1303K(1472K)
[272.388s][info][gc             ] GC(485) Pause Young (Allocation Failure) 141M->5M(494M) 3.660ms
[272.388s][info][gc,cpu         ] GC(485) User=0.00s Sys=0.00s Real=0.00s
[272.941s][info][gc,start       ] GC(486) Pause Young (Allocation Failure)
[272.944s][info][gc,heap        ] GC(486) DefNew: 140927K(157248K)->1077K(157248K) Eden: 139776K(139776K)->0K(139776K) From: 1151K(17472K)->1077K(17472K)
[272.944s][info][gc,heap        ] GC(486) Tenured: 4078K(349568K)->4078K(349568K)
[272.944s][info][gc,metaspace   ] GC(486) Metaspace: 9946K(10304K)->9946K(10304K) NonClass: 8643K(8832K)->8643K(8832K) Class: 1303K(1472K)->1303K(1472K)
[272.944s][info][gc             ] GC(486) Pause Young (Allocation Failure) 141M->5M(494M) 3.520ms
[272.944s][info][gc,cpu         ] GC(486) User=0.00s Sys=0.00s Real=0.00s
[273.499s][info][gc,start       ] GC(487) Pause Young (Allocation Failure)
[273.503s][info][gc,heap        ] GC(487) DefNew: 140853K(157248K)->1197K(157248K) Eden: 139776K(139776K)->0K(139776K) From: 1077K(17472K)->1197K(17472K)
[273.503s][info][gc,heap        ] GC(487) Tenured: 4078K(349568K)->4078K(349568K)
[273.503s][info][gc,metaspace   ] GC(487) Metaspace: 9946K(10304K)->9946K(10304K) NonClass: 8643K(8832K)->8643K(8832K) Class: 1303K(1472K)->1303K(1472K)
[273.503s][info][gc             ] GC(487) Pause Young (Allocation Failure) 141M->5M(494M) 3.770ms
[273.503s][info][gc,cpu         ] GC(487) User=0.02s Sys=0.00s Real=0.02s
[274.059s][info][gc,start       ] GC(488) Pause Young (Allocation Failure)
[274.063s][info][gc,heap        ] GC(488) DefNew: 140973K(157248K)->1150K(157248K) Eden: 139776K(139776K)->0K(139776K) From: 1197K(17472K)->1150K(17472K)
[274.063s][info][gc,heap        ] GC(488) Tenured: 4078K(349568K)->4078K(349568K)
[274.063s][info][gc,metaspace   ] GC(488) Metaspace: 9946K(10304K)->9946K(10304K) NonClass: 8643K(8832K)->8643K(8832K) Class: 1303K(1472K)->1303K(1472K)
[274.063s][info][gc             ] GC(488) Pause Young (Allocation Failure) 141M->5M(494M) 3.776ms
[274.063s][info][gc,cpu         ] GC(488) User=0.00s Sys=0.00s Real=0.00s
[274.620s][info][gc,start       ] GC(489) Pause Young (Allocation Failure)
[274.624s][info][gc,heap        ] GC(489) DefNew: 140926K(157248K)->1190K(157248K) Eden: 139776K(139776K)->0K(139776K) From: 1150K(17472K)->1190K(17472K)
[274.624s][info][gc,heap        ] GC(489) Tenured: 4078K(349568K)->4078K(349568K)
[274.624s][info][gc,metaspace   ] GC(489) Metaspace: 9946K(10304K)->9946K(10304K) NonClass: 8643K(8832K)->8643K(8832K) Class: 1303K(1472K)->1303K(1472K)
[274.624s][info][gc             ] GC(489) Pause Young (Allocation Failure) 141M->5M(494M) 3.757ms
[274.624s][info][gc,cpu         ] GC(489) User=0.02s Sys=0.00s Real=0.02s
[275.192s][info][gc,start       ] GC(490) Pause Young (Allocation Failure)
[275.195s][info][gc,heap        ] GC(490) DefNew: 140966K(157248K)->1127K(157248K) Eden: 139776K(139776K)->0K(139776K) From: 1190K(17472K)->1127K(17472K)
[275.196s][info][gc,heap        ] GC(490) Tenured: 4078K(349568K)->4078K(349568K)
[275.196s][info][gc,metaspace   ] GC(490) Metaspace: 9946K(10304K)->9946K(10304K) NonClass: 8643K(8832K)->8643K(8832K) Class: 1303K(1472K)->1303K(1472K)
[275.196s][info][gc             ] GC(490) Pause Young (Allocation Failure) 141M->5M(494M) 3.615ms
[275.196s][info][gc,cpu         ] GC(490) User=0.02s Sys=0.00s Real=0.02s
[275.761s][info][gc,start       ] GC(491) Pause Young (Allocation Failure)
[275.764s][info][gc,heap        ] GC(491) DefNew: 140903K(157248K)->1118K(157248K) Eden: 139776K(139776K)->0K(139776K) From: 1127K(17472K)->1118K(17472K)
[275.764s][info][gc,heap        ] GC(491) Tenured: 4078K(349568K)->4078K(349568K)
[275.764s][info][gc,metaspace   ] GC(491) Metaspace: 9946K(10304K)->9946K(10304K) NonClass: 8643K(8832K)->8643K(8832K) Class: 1303K(1472K)->1303K(1472K)
[275.765s][info][gc             ] GC(491) Pause Young (Allocation Failure) 141M->5M(494M) 3.581ms
[275.765s][info][gc,cpu         ] GC(491) User=0.02s Sys=0.00s Real=0.02s
[276.119s][info][gc,start       ] GC(492) Pause Full (System.gc())
[276.120s][info][gc,phases,start] GC(492) Phase 1: Mark live objects
[276.134s][info][gc,phases      ] GC(492) Phase 1: Mark live objects 14.135ms
[276.134s][info][gc,phases,start] GC(492) Phase 2: Compute new object addresses
[276.162s][info][gc,phases      ] GC(492) Phase 2: Compute new object addresses 28.006ms
[276.162s][info][gc,phases,start] GC(492) Phase 3: Adjust pointers
[276.166s][info][gc,phases      ] GC(492) Phase 3: Adjust pointers 3.621ms
[276.166s][info][gc,phases,start] GC(492) Phase 4: Move objects
[276.166s][info][gc,phases      ] GC(492) Phase 4: Move objects 0.012ms
[276.166s][info][gc,heap        ] GC(492) DefNew: 89981K(157248K)->0K(157248K) Eden: 88863K(139776K)->0K(139776K) From: 1118K(17472K)->0K(17472K)
[276.166s][info][gc,heap        ] GC(492) Tenured: 4078K(349568K)->4078K(349568K)
[276.166s][info][gc,metaspace   ] GC(492) Metaspace: 9948K(10304K)->9948K(10304K) NonClass: 8644K(8832K)->8644K(8832K) Class: 1303K(1472K)->1303K(1472K)
[276.166s][info][gc             ] GC(492) Pause Full (System.gc()) 91M->3M(494M) 46.201ms
[276.166s][info][gc,cpu         ] GC(492) User=0.05s Sys=0.00s Real=0.05s
[276.731s][info][gc,start       ] GC(493) Pause Young (Allocation Failure)
[276.735s][info][gc,heap        ] GC(493) DefNew: 139776K(157248K)->1161K(157248K) Eden: 139776K(139776K)->0K(139776K) From: 0K(17472K)->1161K(17472K)
[276.735s][info][gc,heap        ] GC(493) Tenured: 4078K(349568K)->4078K(349568K)
[276.735s][info][gc,metaspace   ] GC(493) Metaspace: 9957K(10368K)->9957K(10368K) NonClass: 8653K(8896K)->8653K(8896K) Class: 1303K(1472K)->1303K(1472K)
[276.735s][info][gc             ] GC(493) Pause Young (Allocation Failure) 140M->5M(494M) 4.123ms
[276.735s][info][gc,cpu         ] GC(493) User=0.00s Sys=0.00s Real=0.00s
[277.302s][info][gc,start       ] GC(494) Pause Young (Allocation Failure)
[277.305s][info][gc,heap        ] GC(494) DefNew: 140937K(157248K)->1213K(157248K) Eden: 139776K(139776K)->0K(139776K) From: 1161K(17472K)->1213K(17472K)
[277.306s][info][gc,heap        ] GC(494) Tenured: 4078K(349568K)->4078K(349568K)
[277.306s][info][gc,metaspace   ] GC(494) Metaspace: 9957K(10368K)->9957K(10368K) NonClass: 8653K(8896K)->8653K(8896K) Class: 1303K(1472K)->1303K(1472K)
[277.306s][info][gc             ] GC(494) Pause Young (Allocation Failure) 141M->5M(494M) 4.152ms
[277.306s][info][gc,cpu         ] GC(494) User=0.00s Sys=0.00s Real=0.00s
[277.876s][info][gc,start       ] GC(495) Pause Young (Allocation Failure)
[277.880s][info][gc,heap        ] GC(495) DefNew: 140989K(157248K)->1287K(157248K) Eden: 139776K(139776K)->0K(139776K) From: 1213K(17472K)->1287K(17472K)
[277.880s][info][gc,heap        ] GC(495) Tenured: 4078K(349568K)->4078K(349568K)
[277.880s][info][gc,metaspace   ] GC(495) Metaspace: 9957K(10368K)->9957K(10368K) NonClass: 8653K(8896K)->8653K(8896K) Class: 1303K(1472K)->1303K(1472K)
[277.881s][info][gc             ] GC(495) Pause Young (Allocation Failure) 141M->5M(494M) 4.268ms
[277.881s][info][gc,cpu         ] GC(495) User=0.00s Sys=0.00s Real=0.00s
[278.450s][info][gc,start       ] GC(496) Pause Young (Allocation Failure)
[278.454s][info][gc,heap        ] GC(496) DefNew: 141063K(157248K)->1338K(157248K) Eden: 139776K(139776K)->0K(139776K) From: 1287K(17472K)->1338K(17472K)
[278.454s][info][gc,heap        ] GC(496) Tenured: 4078K(349568K)->4078K(349568K)
[278.454s][info][gc,metaspace   ] GC(496) Metaspace: 9957K(10368K)->9957K(10368K) NonClass: 8653K(8896K)->8653K(8896K) Class: 1303K(1472K)->1303K(1472K)
[278.454s][info][gc             ] GC(496) Pause Young (Allocation Failure) 141M->5M(494M) 4.285ms
[278.454s][info][gc,cpu         ] GC(496) User=0.02s Sys=0.00s Real=0.02s
[279.024s][info][gc,start       ] GC(497) Pause Young (Allocation Failure)
[279.027s][info][gc,heap        ] GC(497) DefNew: 141114K(157248K)->1246K(157248K) Eden: 139776K(139776K)->0K(139776K) From: 1338K(17472K)->1246K(17472K)
[279.028s][info][gc,heap        ] GC(497) Tenured: 4078K(349568K)->4078K(349568K)
[279.028s][info][gc,metaspace   ] GC(497) Metaspace: 9957K(10368K)->9957K(10368K) NonClass: 8653K(8896K)->8653K(8896K) Class: 1303K(1472K)->1303K(1472K)
[279.028s][info][gc             ] GC(497) Pause Young (Allocation Failure) 141M->5M(494M) 4.003ms
[279.028s][info][gc,cpu         ] GC(497) User=0.00s Sys=0.00s Real=0.00s
[279.596s][info][gc,start       ] GC(498) Pause Young (Allocation Failure)
[279.600s][info][gc,heap        ] GC(498) DefNew: 141022K(157248K)->1276K(157248K) Eden: 139776K(139776K)->0K(139776K) From: 1246K(17472K)->1276K(17472K)
[279.600s][info][gc,heap        ] GC(498) Tenured: 4078K(349568K)->4078K(349568K)
[279.600s][info][gc,metaspace   ] GC(498) Metaspace: 9957K(10368K)->9957K(10368K) NonClass: 8653K(8896K)->8653K(8896K) Class: 1303K(1472K)->1303K(1472K)
[279.600s][info][gc             ] GC(498) Pause Young (Allocation Failure) 141M->5M(494M) 4.105ms
[279.600s][info][gc,cpu         ] GC(498) User=0.00s Sys=0.00s Real=0.00s
[280.182s][info][gc,start       ] GC(499) Pause Young (Allocation Failure)
[280.185s][info][gc,heap        ] GC(499) DefNew: 141052K(157248K)->1210K(157248K) Eden: 139776K(139776K)->0K(139776K) From: 1276K(17472K)->1210K(17472K)
[280.185s][info][gc,heap        ] GC(499) Tenured: 4078K(349568K)->4078K(349568K)
[280.185s][info][gc,metaspace   ] GC(499) Metaspace: 9957K(10368K)->9957K(10368K) NonClass: 8653K(8896K)->8653K(8896K) Class: 1303K(1472K)->1303K(1472K)
[280.186s][info][gc             ] GC(499) Pause Young (Allocation Failure) 141M->5M(494M) 3.794ms
[280.186s][info][gc,cpu         ] GC(499) User=0.00s Sys=0.00s Real=0.00s
[280.766s][info][gc,start       ] GC(500) Pause Young (Allocation Failure)
[280.769s][info][gc,heap        ] GC(500) DefNew: 140986K(157248K)->1235K(157248K) Eden: 139776K(139776K)->0K(139776K) From: 1210K(17472K)->1235K(17472K)
[280.769s][info][gc,heap        ] GC(500) Tenured: 4078K(349568K)->4078K(349568K)
[280.769s][info][gc,metaspace   ] GC(500) Metaspace: 9957K(10368K)->9957K(10368K) NonClass: 8653K(8896K)->8653K(8896K) Class: 1303K(1472K)->1303K(1472K)
[280.769s][info][gc             ] GC(500) Pause Young (Allocation Failure) 141M->5M(494M) 3.812ms
[280.769s][info][gc,cpu         ] GC(500) User=0.00s Sys=0.00s Real=0.00s
[281.358s][info][gc,start       ] GC(501) Pause Young (Allocation Failure)
[281.362s][info][gc,heap        ] GC(501) DefNew: 141011K(157248K)->1232K(157248K) Eden: 139776K(139776K)->0K(139776K) From: 1235K(17472K)->1232K(17472K)
[281.362s][info][gc,heap        ] GC(501) Tenured: 4078K(349568K)->4078K(349568K)
[281.362s][info][gc,metaspace   ] GC(501) Metaspace: 9957K(10368K)->9957K(10368K) NonClass: 8653K(8896K)->8653K(8896K) Class: 1303K(1472K)->1303K(1472K)
[281.362s][info][gc             ] GC(501) Pause Young (Allocation Failure) 141M->5M(494M) 3.898ms
[281.362s][info][gc,cpu         ] GC(501) User=0.00s Sys=0.00s Real=0.00s
[281.926s][info][gc,start       ] GC(502) Pause Young (Allocation Failure)
[281.930s][info][gc,heap        ] GC(502) DefNew: 141008K(157248K)->1220K(157248K) Eden: 139776K(139776K)->0K(139776K) From: 1232K(17472K)->1220K(17472K)
[281.930s][info][gc,heap        ] GC(502) Tenured: 4078K(349568K)->4078K(349568K)
[281.930s][info][gc,metaspace   ] GC(502) Metaspace: 9957K(10368K)->9957K(10368K) NonClass: 8653K(8896K)->8653K(8896K) Class: 1303K(1472K)->1303K(1472K)
[281.930s][info][gc             ] GC(502) Pause Young (Allocation Failure) 141M->5M(494M) 3.942ms
[281.930s][info][gc,cpu         ] GC(502) User=0.00s Sys=0.02s Real=0.02s
[282.504s][info][gc,start       ] GC(503) Pause Young (Allocation Failure)
[282.508s][info][gc,heap        ] GC(503) DefNew: 140996K(157248K)->1191K(157248K) Eden: 139776K(139776K)->0K(139776K) From: 1220K(17472K)->1191K(17472K)
[282.508s][info][gc,heap        ] GC(503) Tenured: 4078K(349568K)->4078K(349568K)
[282.508s][info][gc,metaspace   ] GC(503) Metaspace: 9957K(10368K)->9957K(10368K) NonClass: 8653K(8896K)->8653K(8896K) Class: 1303K(1472K)->1303K(1472K)
[282.508s][info][gc             ] GC(503) Pause Young (Allocation Failure) 141M->5M(494M) 3.898ms
[282.508s][info][gc,cpu         ] GC(503) User=0.00s Sys=0.00s Real=0.00s
[282.908s][info][gc,start       ] GC(504) Pause Full (System.gc())
[282.909s][info][gc,phases,start] GC(504) Phase 1: Mark live objects
[282.923s][info][gc,phases      ] GC(504) Phase 1: Mark live objects 14.173ms
[282.923s][info][gc,phases,start] GC(504) Phase 2: Compute new object addresses
[282.954s][info][gc,phases      ] GC(504) Phase 2: Compute new object addresses 30.825ms
[282.954s][info][gc,phases,start] GC(504) Phase 3: Adjust pointers
[282.957s][info][gc,phases      ] GC(504) Phase 3: Adjust pointers 3.691ms
[282.957s][info][gc,phases,start] GC(504) Phase 4: Move objects
[282.957s][info][gc,phases      ] GC(504) Phase 4: Move objects 0.012ms
[282.958s][info][gc,heap        ] GC(504) DefNew: 99570K(157248K)->0K(157248K) Eden: 98378K(139776K)->0K(139776K) From: 1191K(17472K)->0K(17472K)
[282.958s][info][gc,heap        ] GC(504) Tenured: 4078K(349568K)->4078K(349568K)
[282.958s][info][gc,metaspace   ] GC(504) Metaspace: 9957K(10368K)->9957K(10368K) NonClass: 8653K(8896K)->8653K(8896K) Class: 1303K(1472K)->1303K(1472K)
[282.958s][info][gc             ] GC(504) Pause Full (System.gc()) 101M->3M(494M) 49.142ms
[282.958s][info][gc,cpu         ] GC(504) User=0.06s Sys=0.00s Real=0.06s
[283.518s][info][gc,start       ] GC(505) Pause Young (Allocation Failure)
[283.522s][info][gc,heap        ] GC(505) DefNew: 139776K(157248K)->1218K(157248K) Eden: 139776K(139776K)->0K(139776K) From: 0K(17472K)->1218K(17472K)
[283.522s][info][gc,heap        ] GC(505) Tenured: 4078K(349568K)->4078K(349568K)
[283.522s][info][gc,metaspace   ] GC(505) Metaspace: 9958K(10368K)->9958K(10368K) NonClass: 8654K(8896K)->8654K(8896K) Class: 1303K(1472K)->1303K(1472K)
[283.522s][info][gc             ] GC(505) Pause Young (Allocation Failure) 140M->5M(494M) 4.354ms
[283.522s][info][gc,cpu         ] GC(505) User=0.02s Sys=0.00s Real=0.02s
[284.097s][info][gc,start       ] GC(506) Pause Young (Allocation Failure)
[284.101s][info][gc,heap        ] GC(506) DefNew: 140994K(157248K)->1234K(157248K) Eden: 139776K(139776K)->0K(139776K) From: 1218K(17472K)->1234K(17472K)
[284.101s][info][gc,heap        ] GC(506) Tenured: 4078K(349568K)->4078K(349568K)
[284.101s][info][gc,metaspace   ] GC(506) Metaspace: 9958K(10368K)->9958K(10368K) NonClass: 8654K(8896K)->8654K(8896K) Class: 1303K(1472K)->1303K(1472K)
[284.101s][info][gc             ] GC(506) Pause Young (Allocation Failure) 141M->5M(494M) 4.180ms
[284.101s][info][gc,cpu         ] GC(506) User=0.00s Sys=0.00s Real=0.00s
[284.674s][info][gc,start       ] GC(507) Pause Young (Allocation Failure)
[284.678s][info][gc,heap        ] GC(507) DefNew: 141010K(157248K)->1196K(157248K) Eden: 139776K(139776K)->0K(139776K) From: 1234K(17472K)->1196K(17472K)
[284.678s][info][gc,heap        ] GC(507) Tenured: 4078K(349568K)->4078K(349568K)
[284.678s][info][gc,metaspace   ] GC(507) Metaspace: 9958K(10368K)->9958K(10368K) NonClass: 8654K(8896K)->8654K(8896K) Class: 1303K(1472K)->1303K(1472K)
[284.678s][info][gc             ] GC(507) Pause Young (Allocation Failure) 141M->5M(494M) 3.867ms
[284.678s][info][gc,cpu         ] GC(507) User=0.00s Sys=0.00s Real=0.00s
[285.235s][info][gc,start       ] GC(508) Pause Young (Allocation Failure)
[285.239s][info][gc,heap        ] GC(508) DefNew: 140944K(157248K)->1180K(157248K) Eden: 139748K(139776K)->0K(139776K) From: 1196K(17472K)->1180K(17472K)
[285.239s][info][gc,heap        ] GC(508) Tenured: 4078K(349568K)->4078K(349568K)
[285.239s][info][gc,metaspace   ] GC(508) Metaspace: 9958K(10368K)->9958K(10368K) NonClass: 8654K(8896K)->8654K(8896K) Class: 1303K(1472K)->1303K(1472K)
[285.239s][info][gc             ] GC(508) Pause Young (Allocation Failure) 141M->5M(494M) 3.912ms
[285.239s][info][gc,cpu         ] GC(508) User=0.02s Sys=0.00s Real=0.02s
[285.824s][info][gc,start       ] GC(509) Pause Young (Allocation Failure)
[285.828s][info][gc,heap        ] GC(509) DefNew: 140956K(157248K)->1251K(157248K) Eden: 139776K(139776K)->0K(139776K) From: 1180K(17472K)->1251K(17472K)
[285.828s][info][gc,heap        ] GC(509) Tenured: 4078K(349568K)->4078K(349568K)
[285.828s][info][gc,metaspace   ] GC(509) Metaspace: 9958K(10368K)->9958K(10368K) NonClass: 8654K(8896K)->8654K(8896K) Class: 1303K(1472K)->1303K(1472K)
[285.828s][info][gc             ] GC(509) Pause Young (Allocation Failure) 141M->5M(494M) 3.876ms
[285.828s][info][gc,cpu         ] GC(509) User=0.00s Sys=0.00s Real=0.00s
[286.412s][info][gc,start       ] GC(510) Pause Young (Allocation Failure)
[286.416s][info][gc,heap        ] GC(510) DefNew: 141027K(157248K)->1230K(157248K) Eden: 139776K(139776K)->0K(139776K) From: 1251K(17472K)->1230K(17472K)
[286.416s][info][gc,heap        ] GC(510) Tenured: 4078K(349568K)->4078K(349568K)
[286.416s][info][gc,metaspace   ] GC(510) Metaspace: 9958K(10368K)->9958K(10368K) NonClass: 8654K(8896K)->8654K(8896K) Class: 1303K(1472K)->1303K(1472K)
[286.416s][info][gc             ] GC(510) Pause Young (Allocation Failure) 141M->5M(494M) 3.995ms
[286.416s][info][gc,cpu         ] GC(510) User=0.00s Sys=0.00s Real=0.00s
[286.982s][info][gc,start       ] GC(511) Pause Young (Allocation Failure)
[287.003s][info][gc,heap        ] GC(511) DefNew: 141006K(157248K)->1150K(157248K) Eden: 139776K(139776K)->0K(139776K) From: 1230K(17472K)->1150K(17472K)
[287.003s][info][gc,heap        ] GC(511) Tenured: 4078K(349568K)->4078K(349568K)
[287.003s][info][gc,metaspace   ] GC(511) Metaspace: 9958K(10368K)->9958K(10368K) NonClass: 8654K(8896K)->8654K(8896K) Class: 1303K(1472K)->1303K(1472K)
[287.003s][info][gc             ] GC(511) Pause Young (Allocation Failure) 141M->5M(494M) 21.044ms
[287.003s][info][gc,cpu         ] GC(511) User=0.02s Sys=0.00s Real=0.03s
[287.581s][info][gc,start       ] GC(512) Pause Young (Allocation Failure)
[287.585s][info][gc,heap        ] GC(512) DefNew: 140926K(157248K)->1228K(157248K) Eden: 139776K(139776K)->0K(139776K) From: 1150K(17472K)->1228K(17472K)
[287.585s][info][gc,heap        ] GC(512) Tenured: 4078K(349568K)->4078K(349568K)
[287.585s][info][gc,metaspace   ] GC(512) Metaspace: 9958K(10368K)->9958K(10368K) NonClass: 8654K(8896K)->8654K(8896K) Class: 1303K(1472K)->1303K(1472K)
[287.585s][info][gc             ] GC(512) Pause Young (Allocation Failure) 141M->5M(494M) 3.810ms
[287.585s][info][gc,cpu         ] GC(512) User=0.00s Sys=0.00s Real=0.00s
[288.146s][info][gc,start       ] GC(513) Pause Young (Allocation Failure)
[288.150s][info][gc,heap        ] GC(513) DefNew: 141004K(157248K)->1244K(157248K) Eden: 139776K(139776K)->0K(139776K) From: 1228K(17472K)->1244K(17472K)
[288.150s][info][gc,heap        ] GC(513) Tenured: 4078K(349568K)->4078K(349568K)
[288.150s][info][gc,metaspace   ] GC(513) Metaspace: 9958K(10368K)->9958K(10368K) NonClass: 8654K(8896K)->8654K(8896K) Class: 1303K(1472K)->1303K(1472K)
[288.150s][info][gc             ] GC(513) Pause Young (Allocation Failure) 141M->5M(494M) 3.880ms
[288.150s][info][gc,cpu         ] GC(513) User=0.00s Sys=0.00s Real=0.00s
[288.704s][info][gc,start       ] GC(514) Pause Young (Allocation Failure)
[288.708s][info][gc,heap        ] GC(514) DefNew: 141020K(157248K)->1294K(157248K) Eden: 139776K(139776K)->0K(139776K) From: 1244K(17472K)->1294K(17472K)
[288.708s][info][gc,heap        ] GC(514) Tenured: 4078K(349568K)->4078K(349568K)
[288.708s][info][gc,metaspace   ] GC(514) Metaspace: 9958K(10368K)->9958K(10368K) NonClass: 8654K(8896K)->8654K(8896K) Class: 1303K(1472K)->1303K(1472K)
[288.708s][info][gc             ] GC(514) Pause Young (Allocation Failure) 141M->5M(494M) 4.042ms
[288.708s][info][gc,cpu         ] GC(514) User=0.02s Sys=0.00s Real=0.02s
[289.275s][info][gc,start       ] GC(515) Pause Young (Allocation Failure)
[289.279s][info][gc,heap        ] GC(515) DefNew: 141070K(157248K)->1275K(157248K) Eden: 139776K(139776K)->0K(139776K) From: 1294K(17472K)->1275K(17472K)
[289.279s][info][gc,heap        ] GC(515) Tenured: 4078K(349568K)->4078K(349568K)
[289.279s][info][gc,metaspace   ] GC(515) Metaspace: 9958K(10368K)->9958K(10368K) NonClass: 8654K(8896K)->8654K(8896K) Class: 1303K(1472K)->1303K(1472K)
[289.279s][info][gc             ] GC(515) Pause Young (Allocation Failure) 141M->5M(494M) 3.967ms
[289.279s][info][gc,cpu         ] GC(515) User=0.00s Sys=0.00s Real=0.00s
[289.684s][info][gc,start       ] GC(516) Pause Full (System.gc())
[289.685s][info][gc,phases,start] GC(516) Phase 1: Mark live objects
[289.698s][info][gc,phases      ] GC(516) Phase 1: Mark live objects 13.333ms
[289.698s][info][gc,phases,start] GC(516) Phase 2: Compute new object addresses
[289.728s][info][gc,phases      ] GC(516) Phase 2: Compute new object addresses 29.843ms
[289.728s][info][gc,phases,start] GC(516) Phase 3: Adjust pointers
[289.731s][info][gc,phases      ] GC(516) Phase 3: Adjust pointers 3.564ms
[289.731s][info][gc,phases,start] GC(516) Phase 4: Move objects
[289.731s][info][gc,phases      ] GC(516) Phase 4: Move objects 0.012ms
[289.731s][info][gc,heap        ] GC(516) DefNew: 100065K(157248K)->0K(157248K) Eden: 98789K(139776K)->0K(139776K) From: 1275K(17472K)->0K(17472K)
[289.731s][info][gc,heap        ] GC(516) Tenured: 4078K(349568K)->4078K(349568K)
[289.732s][info][gc,metaspace   ] GC(516) Metaspace: 9958K(10368K)->9958K(10368K) NonClass: 8654K(8896K)->8654K(8896K) Class: 1303K(1472K)->1303K(1472K)
[289.732s][info][gc             ] GC(516) Pause Full (System.gc()) 101M->3M(494M) 47.155ms
[289.732s][info][gc,cpu         ] GC(516) User=0.06s Sys=0.00s Real=0.05s
[290.301s][info][gc,start       ] GC(517) Pause Young (Allocation Failure)
[290.305s][info][gc,heap        ] GC(517) DefNew: 139776K(157248K)->1159K(157248K) Eden: 139776K(139776K)->0K(139776K) From: 0K(17472K)->1159K(17472K)
[290.305s][info][gc,heap        ] GC(517) Tenured: 4078K(349568K)->4078K(349568K)
[290.305s][info][gc,metaspace   ] GC(517) Metaspace: 9958K(10368K)->9958K(10368K) NonClass: 8654K(8896K)->8654K(8896K) Class: 1303K(1472K)->1303K(1472K)
[290.305s][info][gc             ] GC(517) Pause Young (Allocation Failure) 140M->5M(494M) 4.146ms
[290.306s][info][gc,cpu         ] GC(517) User=0.00s Sys=0.00s Real=0.00s
[290.874s][info][gc,start       ] GC(518) Pause Young (Allocation Failure)
[290.877s][info][gc,heap        ] GC(518) DefNew: 140935K(157248K)->1093K(157248K) Eden: 139776K(139776K)->0K(139776K) From: 1159K(17472K)->1093K(17472K)
[290.877s][info][gc,heap        ] GC(518) Tenured: 4078K(349568K)->4078K(349568K)
[290.877s][info][gc,metaspace   ] GC(518) Metaspace: 9958K(10368K)->9958K(10368K) NonClass: 8654K(8896K)->8654K(8896K) Class: 1303K(1472K)->1303K(1472K)
[290.877s][info][gc             ] GC(518) Pause Young (Allocation Failure) 141M->5M(494M) 3.688ms
[290.877s][info][gc,cpu         ] GC(518) User=0.02s Sys=0.00s Real=0.01s
[291.446s][info][gc,start       ] GC(519) Pause Young (Allocation Failure)
[291.450s][info][gc,heap        ] GC(519) DefNew: 140869K(157248K)->1151K(157248K) Eden: 139776K(139776K)->0K(139776K) From: 1093K(17472K)->1151K(17472K)
[291.450s][info][gc,heap        ] GC(519) Tenured: 4078K(349568K)->4078K(349568K)
[291.450s][info][gc,metaspace   ] GC(519) Metaspace: 9958K(10368K)->9958K(10368K) NonClass: 8654K(8896K)->8654K(8896K) Class: 1303K(1472K)->1303K(1472K)
[291.450s][info][gc             ] GC(519) Pause Young (Allocation Failure) 141M->5M(494M) 3.958ms
[291.450s][info][gc,cpu         ] GC(519) User=0.00s Sys=0.00s Real=0.00s
[292.007s][info][gc,start       ] GC(520) Pause Young (Allocation Failure)
[292.011s][info][gc,heap        ] GC(520) DefNew: 140927K(157248K)->1224K(157248K) Eden: 139776K(139776K)->0K(139776K) From: 1151K(17472K)->1224K(17472K)
[292.011s][info][gc,heap        ] GC(520) Tenured: 4078K(349568K)->4078K(349568K)
[292.011s][info][gc,metaspace   ] GC(520) Metaspace: 9958K(10368K)->9958K(10368K) NonClass: 8654K(8896K)->8654K(8896K) Class: 1303K(1472K)->1303K(1472K)
[292.011s][info][gc             ] GC(520) Pause Young (Allocation Failure) 141M->5M(494M) 3.972ms
[292.011s][info][gc,cpu         ] GC(520) User=0.02s Sys=0.00s Real=0.02s
[292.579s][info][gc,start       ] GC(521) Pause Young (Allocation Failure)
[292.626s][info][gc,heap        ] GC(521) DefNew: 141000K(157248K)->1218K(157248K) Eden: 139776K(139776K)->0K(139776K) From: 1224K(17472K)->1218K(17472K)
[292.626s][info][gc,heap        ] GC(521) Tenured: 4078K(349568K)->4078K(349568K)
[292.626s][info][gc,metaspace   ] GC(521) Metaspace: 9958K(10368K)->9958K(10368K) NonClass: 8654K(8896K)->8654K(8896K) Class: 1303K(1472K)->1303K(1472K)
[292.626s][info][gc             ] GC(521) Pause Young (Allocation Failure) 141M->5M(494M) 46.579ms
[292.626s][info][gc,cpu         ] GC(521) User=0.02s Sys=0.00s Real=0.05s
[293.184s][info][gc,start       ] GC(522) Pause Young (Allocation Failure)
[293.188s][info][gc,heap        ] GC(522) DefNew: 140994K(157248K)->1229K(157248K) Eden: 139776K(139776K)->0K(139776K) From: 1218K(17472K)->1229K(17472K)
[293.188s][info][gc,heap        ] GC(522) Tenured: 4078K(349568K)->4078K(349568K)
[293.188s][info][gc,metaspace   ] GC(522) Metaspace: 9958K(10368K)->9958K(10368K) NonClass: 8654K(8896K)->8654K(8896K) Class: 1303K(1472K)->1303K(1472K)
[293.188s][info][gc             ] GC(522) Pause Young (Allocation Failure) 141M->5M(494M) 3.825ms
[293.188s][info][gc,cpu         ] GC(522) User=0.00s Sys=0.00s Real=0.00s
[293.762s][info][gc,start       ] GC(523) Pause Young (Allocation Failure)
[293.766s][info][gc,heap        ] GC(523) DefNew: 141005K(157248K)->1261K(157248K) Eden: 139776K(139776K)->0K(139776K) From: 1229K(17472K)->1261K(17472K)
[293.766s][info][gc,heap        ] GC(523) Tenured: 4078K(349568K)->4078K(349568K)
[293.766s][info][gc,metaspace   ] GC(523) Metaspace: 9958K(10368K)->9958K(10368K) NonClass: 8654K(8896K)->8654K(8896K) Class: 1303K(1472K)->1303K(1472K)
[293.766s][info][gc             ] GC(523) Pause Young (Allocation Failure) 141M->5M(494M) 3.946ms
[293.766s][info][gc,cpu         ] GC(523) User=0.00s Sys=0.00s Real=0.00s
[294.347s][info][gc,start       ] GC(524) Pause Young (Allocation Failure)
[294.351s][info][gc,heap        ] GC(524) DefNew: 141037K(157248K)->1269K(157248K) Eden: 139776K(139776K)->0K(139776K) From: 1261K(17472K)->1269K(17472K)
[294.351s][info][gc,heap        ] GC(524) Tenured: 4078K(349568K)->4078K(349568K)
[294.351s][info][gc,metaspace   ] GC(524) Metaspace: 9958K(10368K)->9958K(10368K) NonClass: 8654K(8896K)->8654K(8896K) Class: 1303K(1472K)->1303K(1472K)
[294.351s][info][gc             ] GC(524) Pause Young (Allocation Failure) 141M->5M(494M) 3.953ms
[294.351s][info][gc,cpu         ] GC(524) User=0.00s Sys=0.00s Real=0.00s
[294.926s][info][gc,start       ] GC(525) Pause Young (Allocation Failure)
[294.929s][info][gc,heap        ] GC(525) DefNew: 141045K(157248K)->1188K(157248K) Eden: 139776K(139776K)->0K(139776K) From: 1269K(17472K)->1188K(17472K)
[294.929s][info][gc,heap        ] GC(525) Tenured: 4078K(349568K)->4078K(349568K)
[294.929s][info][gc,metaspace   ] GC(525) Metaspace: 9958K(10368K)->9958K(10368K) NonClass: 8654K(8896K)->8654K(8896K) Class: 1303K(1472K)->1303K(1472K)
[294.929s][info][gc             ] GC(525) Pause Young (Allocation Failure) 141M->5M(494M) 3.748ms
[294.929s][info][gc,cpu         ] GC(525) User=0.00s Sys=0.00s Real=0.00s
[295.498s][info][gc,start       ] GC(526) Pause Young (Allocation Failure)
[295.502s][info][gc,heap        ] GC(526) DefNew: 140964K(157248K)->1228K(157248K) Eden: 139776K(139776K)->0K(139776K) From: 1188K(17472K)->1228K(17472K)
[295.502s][info][gc,heap        ] GC(526) Tenured: 4078K(349568K)->4078K(349568K)
[295.502s][info][gc,metaspace   ] GC(526) Metaspace: 9958K(10368K)->9958K(10368K) NonClass: 8654K(8896K)->8654K(8896K) Class: 1303K(1472K)->1303K(1472K)
[295.502s][info][gc             ] GC(526) Pause Young (Allocation Failure) 141M->5M(494M) 3.804ms
[295.502s][info][gc,cpu         ] GC(526) User=0.00s Sys=0.00s Real=0.00s
[296.059s][info][gc,start       ] GC(527) Pause Young (Allocation Failure)
[296.063s][info][gc,heap        ] GC(527) DefNew: 141004K(157248K)->1297K(157248K) Eden: 139776K(139776K)->0K(139776K) From: 1228K(17472K)->1297K(17472K)
[296.063s][info][gc,heap        ] GC(527) Tenured: 4078K(349568K)->4078K(349568K)
[296.063s][info][gc,metaspace   ] GC(527) Metaspace: 9958K(10368K)->9958K(10368K) NonClass: 8654K(8896K)->8654K(8896K) Class: 1303K(1472K)->1303K(1472K)
[296.063s][info][gc             ] GC(527) Pause Young (Allocation Failure) 141M->5M(494M) 3.972ms
[296.063s][info][gc,cpu         ] GC(527) User=0.00s Sys=0.00s Real=0.00s
[296.463s][info][gc,start       ] GC(528) Pause Full (System.gc())
[296.463s][info][gc,phases,start] GC(528) Phase 1: Mark live objects
[296.477s][info][gc,phases      ] GC(528) Phase 1: Mark live objects 14.295ms
[296.477s][info][gc,phases,start] GC(528) Phase 2: Compute new object addresses
[296.508s][info][gc,phases      ] GC(528) Phase 2: Compute new object addresses 30.581ms
[296.508s][info][gc,phases,start] GC(528) Phase 3: Adjust pointers
[296.512s][info][gc,phases      ] GC(528) Phase 3: Adjust pointers 3.605ms
[296.512s][info][gc,phases,start] GC(528) Phase 4: Move objects
[296.512s][info][gc,phases      ] GC(528) Phase 4: Move objects 0.012ms
[296.512s][info][gc,heap        ] GC(528) DefNew: 98667K(157248K)->0K(157248K) Eden: 97370K(139776K)->0K(139776K) From: 1297K(17472K)->0K(17472K)
[296.512s][info][gc,heap        ] GC(528) Tenured: 4078K(349568K)->4079K(349568K)
[296.512s][info][gc,metaspace   ] GC(528) Metaspace: 9958K(10368K)->9958K(10368K) NonClass: 8654K(8896K)->8654K(8896K) Class: 1303K(1472K)->1303K(1472K)
[296.512s][info][gc             ] GC(528) Pause Full (System.gc()) 100M->3M(494M) 48.916ms
[296.512s][info][gc,cpu         ] GC(528) User=0.05s Sys=0.00s Real=0.05s
[297.076s][info][gc,start       ] GC(529) Pause Young (Allocation Failure)
[297.080s][info][gc,heap        ] GC(529) DefNew: 139776K(157248K)->1216K(157248K) Eden: 139776K(139776K)->0K(139776K) From: 0K(17472K)->1216K(17472K)
[297.080s][info][gc,heap        ] GC(529) Tenured: 4079K(349568K)->4079K(349568K)
[297.080s][info][gc,metaspace   ] GC(529) Metaspace: 9958K(10368K)->9958K(10368K) NonClass: 8654K(8896K)->8654K(8896K) Class: 1303K(1472K)->1303K(1472K)
[297.081s][info][gc             ] GC(529) Pause Young (Allocation Failure) 140M->5M(494M) 4.294ms
[297.081s][info][gc,cpu         ] GC(529) User=0.00s Sys=0.00s Real=0.00s
[297.667s][info][gc,start       ] GC(530) Pause Young (Allocation Failure)
[297.671s][info][gc,heap        ] GC(530) DefNew: 140992K(157248K)->1268K(157248K) Eden: 139776K(139776K)->0K(139776K) From: 1216K(17472K)->1268K(17472K)
[297.671s][info][gc,heap        ] GC(530) Tenured: 4079K(349568K)->4079K(349568K)
[297.671s][info][gc,metaspace   ] GC(530) Metaspace: 9958K(10368K)->9958K(10368K) NonClass: 8654K(8896K)->8654K(8896K) Class: 1303K(1472K)->1303K(1472K)
[297.671s][info][gc             ] GC(530) Pause Young (Allocation Failure) 141M->5M(494M) 4.104ms
[297.671s][info][gc,cpu         ] GC(530) User=0.00s Sys=0.00s Real=0.00s
[298.231s][info][gc,start       ] GC(531) Pause Young (Allocation Failure)
[298.235s][info][gc,heap        ] GC(531) DefNew: 141044K(157248K)->1246K(157248K) Eden: 139776K(139776K)->0K(139776K) From: 1268K(17472K)->1246K(17472K)
[298.235s][info][gc,heap        ] GC(531) Tenured: 4079K(349568K)->4079K(349568K)
[298.235s][info][gc,metaspace   ] GC(531) Metaspace: 9958K(10368K)->9958K(10368K) NonClass: 8654K(8896K)->8654K(8896K) Class: 1303K(1472K)->1303K(1472K)
[298.235s][info][gc             ] GC(531) Pause Young (Allocation Failure) 141M->5M(494M) 4.096ms
[298.235s][info][gc,cpu         ] GC(531) User=0.00s Sys=0.00s Real=0.00s
[298.809s][info][gc,start       ] GC(532) Pause Young (Allocation Failure)
[298.813s][info][gc,heap        ] GC(532) DefNew: 141022K(157248K)->1097K(157248K) Eden: 139776K(139776K)->0K(139776K) From: 1246K(17472K)->1097K(17472K)
[298.813s][info][gc,heap        ] GC(532) Tenured: 4079K(349568K)->4079K(349568K)
[298.813s][info][gc,metaspace   ] GC(532) Metaspace: 9958K(10368K)->9958K(10368K) NonClass: 8654K(8896K)->8654K(8896K) Class: 1303K(1472K)->1303K(1472K)
[298.813s][info][gc             ] GC(532) Pause Young (Allocation Failure) 141M->5M(494M) 3.763ms
[298.813s][info][gc,cpu         ] GC(532) User=0.00s Sys=0.00s Real=0.00s
[299.372s][info][gc,start       ] GC(533) Pause Young (Allocation Failure)
[299.376s][info][gc,heap        ] GC(533) DefNew: 140873K(157248K)->1203K(157248K) Eden: 139776K(139776K)->0K(139776K) From: 1097K(17472K)->1203K(17472K)
[299.376s][info][gc,heap        ] GC(533) Tenured: 4079K(349568K)->4079K(349568K)
[299.376s][info][gc,metaspace   ] GC(533) Metaspace: 9958K(10368K)->9958K(10368K) NonClass: 8654K(8896K)->8654K(8896K) Class: 1303K(1472K)->1303K(1472K)
[299.376s][info][gc             ] GC(533) Pause Young (Allocation Failure) 141M->5M(494M) 3.912ms
[299.376s][info][gc,cpu         ] GC(533) User=0.00s Sys=0.00s Real=0.00s
[299.937s][info][gc,start       ] GC(534) Pause Young (Allocation Failure)
[299.940s][info][gc,heap        ] GC(534) DefNew: 140979K(157248K)->1136K(157248K) Eden: 139776K(139776K)->0K(139776K) From: 1203K(17472K)->1136K(17472K)
[299.940s][info][gc,heap        ] GC(534) Tenured: 4079K(349568K)->4079K(349568K)
[299.940s][info][gc,metaspace   ] GC(534) Metaspace: 9958K(10368K)->9958K(10368K) NonClass: 8654K(8896K)->8654K(8896K) Class: 1303K(1472K)->1303K(1472K)
[299.940s][info][gc             ] GC(534) Pause Young (Allocation Failure) 141M->5M(494M) 3.671ms
[299.940s][info][gc,cpu         ] GC(534) User=0.02s Sys=0.00s Real=0.02s
[300.510s][info][gc,start       ] GC(535) Pause Young (Allocation Failure)
[300.514s][info][gc,heap        ] GC(535) DefNew: 140912K(157248K)->1245K(157248K) Eden: 139776K(139776K)->0K(139776K) From: 1136K(17472K)->1245K(17472K)
[300.514s][info][gc,heap        ] GC(535) Tenured: 4079K(349568K)->4079K(349568K)
[300.514s][info][gc,metaspace   ] GC(535) Metaspace: 9958K(10368K)->9958K(10368K) NonClass: 8654K(8896K)->8654K(8896K) Class: 1303K(1472K)->1303K(1472K)
[300.514s][info][gc             ] GC(535) Pause Young (Allocation Failure) 141M->5M(494M) 4.137ms
[300.514s][info][gc,cpu         ] GC(535) User=0.00s Sys=0.00s Real=0.00s
[301.081s][info][gc,start       ] GC(536) Pause Young (Allocation Failure)
[301.085s][info][gc,heap        ] GC(536) DefNew: 141021K(157248K)->1176K(157248K) Eden: 139776K(139776K)->0K(139776K) From: 1245K(17472K)->1176K(17472K)
[301.085s][info][gc,heap        ] GC(536) Tenured: 4079K(349568K)->4079K(349568K)
[301.085s][info][gc,metaspace   ] GC(536) Metaspace: 9958K(10368K)->9958K(10368K) NonClass: 8654K(8896K)->8654K(8896K) Class: 1303K(1472K)->1303K(1472K)
[301.085s][info][gc             ] GC(536) Pause Young (Allocation Failure) 141M->5M(494M) 3.881ms
[301.085s][info][gc,cpu         ] GC(536) User=0.00s Sys=0.00s Real=0.00s
[301.655s][info][gc,start       ] GC(537) Pause Young (Allocation Failure)
[301.658s][info][gc,heap        ] GC(537) DefNew: 140952K(157248K)->1129K(157248K) Eden: 139776K(139776K)->0K(139776K) From: 1176K(17472K)->1129K(17472K)
[301.658s][info][gc,heap        ] GC(537) Tenured: 4079K(349568K)->4079K(349568K)
[301.658s][info][gc,metaspace   ] GC(537) Metaspace: 9958K(10368K)->9958K(10368K) NonClass: 8654K(8896K)->8654K(8896K) Class: 1303K(1472K)->1303K(1472K)
[301.659s][info][gc             ] GC(537) Pause Young (Allocation Failure) 141M->5M(494M) 3.685ms
[301.659s][info][gc,cpu         ] GC(537) User=0.00s Sys=0.00s Real=0.00s
[302.226s][info][gc,start       ] GC(538) Pause Young (Allocation Failure)
[302.229s][info][gc,heap        ] GC(538) DefNew: 140905K(157248K)->1130K(157248K) Eden: 139776K(139776K)->0K(139776K) From: 1129K(17472K)->1130K(17472K)
[302.229s][info][gc,heap        ] GC(538) Tenured: 4079K(349568K)->4079K(349568K)
[302.229s][info][gc,metaspace   ] GC(538) Metaspace: 9958K(10368K)->9958K(10368K) NonClass: 8654K(8896K)->8654K(8896K) Class: 1303K(1472K)->1303K(1472K)
[302.229s][info][gc             ] GC(538) Pause Young (Allocation Failure) 141M->5M(494M) 3.634ms
[302.229s][info][gc,cpu         ] GC(538) User=0.00s Sys=0.00s Real=0.00s
[302.790s][info][gc,start       ] GC(539) Pause Young (Allocation Failure)
[302.794s][info][gc,heap        ] GC(539) DefNew: 140906K(157248K)->1110K(157248K) Eden: 139776K(139776K)->0K(139776K) From: 1130K(17472K)->1110K(17472K)
[302.794s][info][gc,heap        ] GC(539) Tenured: 4079K(349568K)->4079K(349568K)
[302.794s][info][gc,metaspace   ] GC(539) Metaspace: 9958K(10368K)->9958K(10368K) NonClass: 8654K(8896K)->8654K(8896K) Class: 1303K(1472K)->1303K(1472K)
[302.794s][info][gc             ] GC(539) Pause Young (Allocation Failure) 141M->5M(494M) 3.603ms
[302.794s][info][gc,cpu         ] GC(539) User=0.00s Sys=0.00s Real=0.00s
[303.178s][info][gc,start       ] GC(540) Pause Full (System.gc())
[303.178s][info][gc,phases,start] GC(540) Phase 1: Mark live objects
[303.192s][info][gc,phases      ] GC(540) Phase 1: Mark live objects 13.781ms
[303.192s][info][gc,phases,start] GC(540) Phase 2: Compute new object addresses
[303.221s][info][gc,phases      ] GC(540) Phase 2: Compute new object addresses 29.120ms
[303.221s][info][gc,phases,start] GC(540) Phase 3: Adjust pointers
[303.225s][info][gc,phases      ] GC(540) Phase 3: Adjust pointers 3.695ms
[303.225s][info][gc,phases,start] GC(540) Phase 4: Move objects
[303.225s][info][gc,phases      ] GC(540) Phase 4: Move objects 0.012ms
[303.225s][info][gc,heap        ] GC(540) DefNew: 94125K(157248K)->0K(157248K) Eden: 93014K(139776K)->0K(139776K) From: 1110K(17472K)->0K(17472K)
[303.225s][info][gc,heap        ] GC(540) Tenured: 4079K(349568K)->4079K(349568K)
[303.225s][info][gc,metaspace   ] GC(540) Metaspace: 9958K(10368K)->9958K(10368K) NonClass: 8654K(8896K)->8654K(8896K) Class: 1303K(1472K)->1303K(1472K)
[303.225s][info][gc             ] GC(540) Pause Full (System.gc()) 95M->3M(494M) 47.038ms
[303.225s][info][gc,cpu         ] GC(540) User=0.03s Sys=0.00s Real=0.04s
[303.768s][info][gc,start       ] GC(541) Pause Young (Allocation Failure)
[303.772s][info][gc,heap        ] GC(541) DefNew: 139776K(157248K)->1210K(157248K) Eden: 139776K(139776K)->0K(139776K) From: 0K(17472K)->1210K(17472K)
[303.772s][info][gc,heap        ] GC(541) Tenured: 4079K(349568K)->4079K(349568K)
[303.772s][info][gc,metaspace   ] GC(541) Metaspace: 9958K(10368K)->9958K(10368K) NonClass: 8654K(8896K)->8654K(8896K) Class: 1303K(1472K)->1303K(1472K)
[303.772s][info][gc             ] GC(541) Pause Young (Allocation Failure) 140M->5M(494M) 4.251ms
[303.772s][info][gc,cpu         ] GC(541) User=0.00s Sys=0.00s Real=0.00s
[304.329s][info][gc,start       ] GC(542) Pause Young (Allocation Failure)
[304.333s][info][gc,heap        ] GC(542) DefNew: 140986K(157248K)->1289K(157248K) Eden: 139776K(139776K)->0K(139776K) From: 1210K(17472K)->1289K(17472K)
[304.333s][info][gc,heap        ] GC(542) Tenured: 4079K(349568K)->4079K(349568K)
[304.333s][info][gc,metaspace   ] GC(542) Metaspace: 9958K(10368K)->9958K(10368K) NonClass: 8654K(8896K)->8654K(8896K) Class: 1303K(1472K)->1303K(1472K)
[304.333s][info][gc             ] GC(542) Pause Young (Allocation Failure) 141M->5M(494M) 4.234ms
[304.333s][info][gc,cpu         ] GC(542) User=0.02s Sys=0.00s Real=0.02s
[304.888s][info][gc,start       ] GC(543) Pause Young (Allocation Failure)
[304.892s][info][gc,heap        ] GC(543) DefNew: 141065K(157248K)->1242K(157248K) Eden: 139776K(139776K)->0K(139776K) From: 1289K(17472K)->1242K(17472K)
[304.892s][info][gc,heap        ] GC(543) Tenured: 4079K(349568K)->4079K(349568K)
[304.892s][info][gc,metaspace   ] GC(543) Metaspace: 9958K(10368K)->9958K(10368K) NonClass: 8654K(8896K)->8654K(8896K) Class: 1303K(1472K)->1303K(1472K)
[304.892s][info][gc             ] GC(543) Pause Young (Allocation Failure) 141M->5M(494M) 4.206ms
[304.892s][info][gc,cpu         ] GC(543) User=0.00s Sys=0.00s Real=0.00s
[305.446s][info][gc,start       ] GC(544) Pause Young (Allocation Failure)
[305.450s][info][gc,heap        ] GC(544) DefNew: 141018K(157248K)->1237K(157248K) Eden: 139776K(139776K)->0K(139776K) From: 1242K(17472K)->1237K(17472K)
[305.450s][info][gc,heap        ] GC(544) Tenured: 4079K(349568K)->4079K(349568K)
[305.450s][info][gc,metaspace   ] GC(544) Metaspace: 9958K(10368K)->9958K(10368K) NonClass: 8654K(8896K)->8654K(8896K) Class: 1303K(1472K)->1303K(1472K)
[305.450s][info][gc             ] GC(544) Pause Young (Allocation Failure) 141M->5M(494M) 4.122ms
[305.450s][info][gc,cpu         ] GC(544) User=0.00s Sys=0.00s Real=0.00s
[306.005s][info][gc,start       ] GC(545) Pause Young (Allocation Failure)
[306.009s][info][gc,heap        ] GC(545) DefNew: 141013K(157248K)->1222K(157248K) Eden: 139776K(139776K)->0K(139776K) From: 1237K(17472K)->1222K(17472K)
[306.009s][info][gc,heap        ] GC(545) Tenured: 4079K(349568K)->4079K(349568K)
[306.009s][info][gc,metaspace   ] GC(545) Metaspace: 9958K(10368K)->9958K(10368K) NonClass: 8654K(8896K)->8654K(8896K) Class: 1303K(1472K)->1303K(1472K)
[306.009s][info][gc             ] GC(545) Pause Young (Allocation Failure) 141M->5M(494M) 3.871ms
[306.009s][info][gc,cpu         ] GC(545) User=0.02s Sys=0.00s Real=0.02s
[306.572s][info][gc,start       ] GC(546) Pause Young (Allocation Failure)
[306.576s][info][gc,heap        ] GC(546) DefNew: 140998K(157248K)->1076K(157248K) Eden: 139776K(139776K)->0K(139776K) From: 1222K(17472K)->1076K(17472K)
[306.576s][info][gc,heap        ] GC(546) Tenured: 4079K(349568K)->4079K(349568K)
[306.576s][info][gc,metaspace   ] GC(546) Metaspace: 9958K(10368K)->9958K(10368K) NonClass: 8654K(8896K)->8654K(8896K) Class: 1303K(1472K)->1303K(1472K)
[306.576s][info][gc             ] GC(546) Pause Young (Allocation Failure) 141M->5M(494M) 3.498ms
[306.576s][info][gc,cpu         ] GC(546) User=0.00s Sys=0.00s Real=0.00s
[307.161s][info][gc,start       ] GC(547) Pause Young (Allocation Failure)
[307.164s][info][gc,heap        ] GC(547) DefNew: 140852K(157248K)->1086K(157248K) Eden: 139776K(139776K)->0K(139776K) From: 1076K(17472K)->1086K(17472K)
[307.164s][info][gc,heap        ] GC(547) Tenured: 4079K(349568K)->4079K(349568K)
[307.164s][info][gc,metaspace   ] GC(547) Metaspace: 9958K(10368K)->9958K(10368K) NonClass: 8654K(8896K)->8654K(8896K) Class: 1303K(1472K)->1303K(1472K)
[307.164s][info][gc             ] GC(547) Pause Young (Allocation Failure) 141M->5M(494M) 3.519ms
[307.164s][info][gc,cpu         ] GC(547) User=0.02s Sys=0.00s Real=0.01s
[307.726s][info][gc,start       ] GC(548) Pause Young (Allocation Failure)
[307.730s][info][gc,heap        ] GC(548) DefNew: 140862K(157248K)->1239K(157248K) Eden: 139776K(139776K)->0K(139776K) From: 1086K(17472K)->1239K(17472K)
[307.730s][info][gc,heap        ] GC(548) Tenured: 4079K(349568K)->4079K(349568K)
[307.730s][info][gc,metaspace   ] GC(548) Metaspace: 9958K(10368K)->9958K(10368K) NonClass: 8654K(8896K)->8654K(8896K) Class: 1303K(1472K)->1303K(1472K)
[307.730s][info][gc             ] GC(548) Pause Young (Allocation Failure) 141M->5M(494M) 4.043ms
[307.730s][info][gc,cpu         ] GC(548) User=0.00s Sys=0.00s Real=0.00s
[308.287s][info][gc,start       ] GC(549) Pause Young (Allocation Failure)
[308.290s][info][gc,heap        ] GC(549) DefNew: 141015K(157248K)->1230K(157248K) Eden: 139776K(139776K)->0K(139776K) From: 1239K(17472K)->1230K(17472K)
[308.291s][info][gc,heap        ] GC(549) Tenured: 4079K(349568K)->4079K(349568K)
[308.291s][info][gc,metaspace   ] GC(549) Metaspace: 9958K(10368K)->9958K(10368K) NonClass: 8654K(8896K)->8654K(8896K) Class: 1303K(1472K)->1303K(1472K)
[308.291s][info][gc             ] GC(549) Pause Young (Allocation Failure) 141M->5M(494M) 3.819ms
[308.291s][info][gc,cpu         ] GC(549) User=0.00s Sys=0.00s Real=0.00s
[308.855s][info][gc,start       ] GC(550) Pause Young (Allocation Failure)
[308.858s][info][gc,heap        ] GC(550) DefNew: 141006K(157248K)->1172K(157248K) Eden: 139776K(139776K)->0K(139776K) From: 1230K(17472K)->1172K(17472K)
[308.858s][info][gc,heap        ] GC(550) Tenured: 4079K(349568K)->4079K(349568K)
[308.858s][info][gc,metaspace   ] GC(550) Metaspace: 9958K(10368K)->9958K(10368K) NonClass: 8654K(8896K)->8654K(8896K) Class: 1303K(1472K)->1303K(1472K)
[308.858s][info][gc             ] GC(550) Pause Young (Allocation Failure) 141M->5M(494M) 3.744ms
[308.859s][info][gc,cpu         ] GC(550) User=0.02s Sys=0.00s Real=0.02s
[309.417s][info][gc,start       ] GC(551) Pause Young (Allocation Failure)
[309.420s][info][gc,heap        ] GC(551) DefNew: 140948K(157248K)->1185K(157248K) Eden: 139776K(139776K)->0K(139776K) From: 1172K(17472K)->1185K(17472K)
[309.420s][info][gc,heap        ] GC(551) Tenured: 4079K(349568K)->4079K(349568K)
[309.420s][info][gc,metaspace   ] GC(551) Metaspace: 9958K(10368K)->9958K(10368K) NonClass: 8654K(8896K)->8654K(8896K) Class: 1303K(1472K)->1303K(1472K)
[309.420s][info][gc             ] GC(551) Pause Young (Allocation Failure) 141M->5M(494M) 3.719ms
[309.420s][info][gc,cpu         ] GC(551) User=0.00s Sys=0.00s Real=0.00s
[309.823s][info][gc,start       ] GC(552) Pause Full (System.gc())
[309.823s][info][gc,phases,start] GC(552) Phase 1: Mark live objects
[309.836s][info][gc,phases      ] GC(552) Phase 1: Mark live objects 13.402ms
[309.836s][info][gc,phases,start] GC(552) Phase 2: Compute new object addresses
[309.868s][info][gc,phases      ] GC(552) Phase 2: Compute new object addresses 31.571ms
[309.868s][info][gc,phases,start] GC(552) Phase 3: Adjust pointers
[309.872s][info][gc,phases      ] GC(552) Phase 3: Adjust pointers 3.594ms
[309.872s][info][gc,phases,start] GC(552) Phase 4: Move objects
[309.872s][info][gc,phases      ] GC(552) Phase 4: Move objects 0.012ms
[309.872s][info][gc,heap        ] GC(552) DefNew: 99192K(157248K)->0K(157248K) Eden: 98007K(139776K)->0K(139776K) From: 1185K(17472K)->0K(17472K)
[309.872s][info][gc,heap        ] GC(552) Tenured: 4079K(349568K)->4079K(349568K)
[309.872s][info][gc,metaspace   ] GC(552) Metaspace: 9958K(10368K)->9958K(10368K) NonClass: 8654K(8896K)->8654K(8896K) Class: 1303K(1472K)->1303K(1472K)
[309.872s][info][gc             ] GC(552) Pause Full (System.gc()) 100M->3M(494M) 49.017ms
[309.872s][info][gc,cpu         ] GC(552) User=0.05s Sys=0.00s Real=0.05s
[310.447s][info][gc,start       ] GC(553) Pause Young (Allocation Failure)
[310.451s][info][gc,heap        ] GC(553) DefNew: 139776K(157248K)->1196K(157248K) Eden: 139776K(139776K)->0K(139776K) From: 0K(17472K)->1196K(17472K)
[310.451s][info][gc,heap        ] GC(553) Tenured: 4079K(349568K)->4079K(349568K)
[310.451s][info][gc,metaspace   ] GC(553) Metaspace: 9958K(10368K)->9958K(10368K) NonClass: 8654K(8896K)->8654K(8896K) Class: 1303K(1472K)->1303K(1472K)
[310.451s][info][gc             ] GC(553) Pause Young (Allocation Failure) 140M->5M(494M) 4.313ms
[310.451s][info][gc,cpu         ] GC(553) User=0.00s Sys=0.00s Real=0.00s
[311.015s][info][gc,start       ] GC(554) Pause Young (Allocation Failure)
[311.019s][info][gc,heap        ] GC(554) DefNew: 140972K(157248K)->1217K(157248K) Eden: 139776K(139776K)->0K(139776K) From: 1196K(17472K)->1217K(17472K)
[311.019s][info][gc,heap        ] GC(554) Tenured: 4079K(349568K)->4079K(349568K)
[311.019s][info][gc,metaspace   ] GC(554) Metaspace: 9958K(10368K)->9958K(10368K) NonClass: 8654K(8896K)->8654K(8896K) Class: 1303K(1472K)->1303K(1472K)
[311.019s][info][gc             ] GC(554) Pause Young (Allocation Failure) 141M->5M(494M) 4.080ms
[311.019s][info][gc,cpu         ] GC(554) User=0.02s Sys=0.00s Real=0.00s
[311.573s][info][gc,start       ] GC(555) Pause Young (Allocation Failure)
[311.577s][info][gc,heap        ] GC(555) DefNew: 140993K(157248K)->1226K(157248K) Eden: 139776K(139776K)->0K(139776K) From: 1217K(17472K)->1226K(17472K)
[311.577s][info][gc,heap        ] GC(555) Tenured: 4079K(349568K)->4079K(349568K)
[311.577s][info][gc,metaspace   ] GC(555) Metaspace: 9958K(10368K)->9958K(10368K) NonClass: 8654K(8896K)->8654K(8896K) Class: 1303K(1472K)->1303K(1472K)
[311.577s][info][gc             ] GC(555) Pause Young (Allocation Failure) 141M->5M(494M) 4.080ms
[311.577s][info][gc,cpu         ] GC(555) User=0.00s Sys=0.00s Real=0.00s
[312.134s][info][gc,start       ] GC(556) Pause Young (Allocation Failure)
[312.138s][info][gc,heap        ] GC(556) DefNew: 141002K(157248K)->1343K(157248K) Eden: 139776K(139776K)->0K(139776K) From: 1226K(17472K)->1343K(17472K)
[312.138s][info][gc,heap        ] GC(556) Tenured: 4079K(349568K)->4079K(349568K)
[312.138s][info][gc,metaspace   ] GC(556) Metaspace: 9958K(10368K)->9958K(10368K) NonClass: 8654K(8896K)->8654K(8896K) Class: 1303K(1472K)->1303K(1472K)
[312.138s][info][gc             ] GC(556) Pause Young (Allocation Failure) 141M->5M(494M) 4.219ms
[312.138s][info][gc,cpu         ] GC(556) User=0.00s Sys=0.00s Real=0.00s
[312.700s][info][gc,start       ] GC(557) Pause Young (Allocation Failure)
[312.704s][info][gc,heap        ] GC(557) DefNew: 141119K(157248K)->1299K(157248K) Eden: 139776K(139776K)->0K(139776K) From: 1343K(17472K)->1299K(17472K)
[312.704s][info][gc,heap        ] GC(557) Tenured: 4079K(349568K)->4079K(349568K)
[312.704s][info][gc,metaspace   ] GC(557) Metaspace: 9958K(10368K)->9958K(10368K) NonClass: 8654K(8896K)->8654K(8896K) Class: 1303K(1472K)->1303K(1472K)
[312.704s][info][gc             ] GC(557) Pause Young (Allocation Failure) 141M->5M(494M) 3.937ms
[312.704s][info][gc,cpu         ] GC(557) User=0.00s Sys=0.00s Real=0.00s
[313.265s][info][gc,start       ] GC(558) Pause Young (Allocation Failure)
[313.269s][info][gc,heap        ] GC(558) DefNew: 141075K(157248K)->1289K(157248K) Eden: 139776K(139776K)->0K(139776K) From: 1299K(17472K)->1289K(17472K)
[313.269s][info][gc,heap        ] GC(558) Tenured: 4079K(349568K)->4079K(349568K)
[313.269s][info][gc,metaspace   ] GC(558) Metaspace: 9958K(10368K)->9958K(10368K) NonClass: 8654K(8896K)->8654K(8896K) Class: 1303K(1472K)->1303K(1472K)
[313.269s][info][gc             ] GC(558) Pause Young (Allocation Failure) 141M->5M(494M) 3.935ms
[313.269s][info][gc,cpu         ] GC(558) User=0.00s Sys=0.00s Real=0.00s
[313.834s][info][gc,start       ] GC(559) Pause Young (Allocation Failure)
[313.838s][info][gc,heap        ] GC(559) DefNew: 141065K(157248K)->1327K(157248K) Eden: 139776K(139776K)->0K(139776K) From: 1289K(17472K)->1327K(17472K)
[313.838s][info][gc,heap        ] GC(559) Tenured: 4079K(349568K)->4079K(349568K)
[313.838s][info][gc,metaspace   ] GC(559) Metaspace: 9958K(10368K)->9958K(10368K) NonClass: 8654K(8896K)->8654K(8896K) Class: 1303K(1472K)->1303K(1472K)
[313.838s][info][gc             ] GC(559) Pause Young (Allocation Failure) 141M->5M(494M) 4.215ms
[313.838s][info][gc,cpu         ] GC(559) User=0.00s Sys=0.00s Real=0.00s
[314.403s][info][gc,start       ] GC(560) Pause Young (Allocation Failure)
[314.407s][info][gc,heap        ] GC(560) DefNew: 141103K(157248K)->1288K(157248K) Eden: 139776K(139776K)->0K(139776K) From: 1327K(17472K)->1288K(17472K)
[314.407s][info][gc,heap        ] GC(560) Tenured: 4079K(349568K)->4079K(349568K)
[314.407s][info][gc,metaspace   ] GC(560) Metaspace: 9958K(10368K)->9958K(10368K) NonClass: 8654K(8896K)->8654K(8896K) Class: 1303K(1472K)->1303K(1472K)
[314.407s][info][gc             ] GC(560) Pause Young (Allocation Failure) 141M->5M(494M) 3.967ms
[314.407s][info][gc,cpu         ] GC(560) User=0.00s Sys=0.00s Real=0.00s
[314.958s][info][gc,start       ] GC(561) Pause Young (Allocation Failure)
[314.962s][info][gc,heap        ] GC(561) DefNew: 141064K(157248K)->1288K(157248K) Eden: 139776K(139776K)->0K(139776K) From: 1288K(17472K)->1288K(17472K)
[314.962s][info][gc,heap        ] GC(561) Tenured: 4079K(349568K)->4079K(349568K)
[314.962s][info][gc,metaspace   ] GC(561) Metaspace: 9958K(10368K)->9958K(10368K) NonClass: 8654K(8896K)->8654K(8896K) Class: 1303K(1472K)->1303K(1472K)
[314.962s][info][gc             ] GC(561) Pause Young (Allocation Failure) 141M->5M(494M) 4.074ms
[314.962s][info][gc,cpu         ] GC(561) User=0.00s Sys=0.00s Real=0.00s
[315.515s][info][gc,start       ] GC(562) Pause Young (Allocation Failure)
[315.518s][info][gc,heap        ] GC(562) DefNew: 141064K(157248K)->1282K(157248K) Eden: 139776K(139776K)->0K(139776K) From: 1288K(17472K)->1282K(17472K)
[315.518s][info][gc,heap        ] GC(562) Tenured: 4079K(349568K)->4079K(349568K)
[315.518s][info][gc,metaspace   ] GC(562) Metaspace: 9958K(10368K)->9958K(10368K) NonClass: 8654K(8896K)->8654K(8896K) Class: 1303K(1472K)->1303K(1472K)
[315.519s][info][gc             ] GC(562) Pause Young (Allocation Failure) 141M->5M(494M) 3.912ms
[315.519s][info][gc,cpu         ] GC(562) User=0.00s Sys=0.00s Real=0.00s
[316.090s][info][gc,start       ] GC(563) Pause Young (Allocation Failure)
[316.094s][info][gc,heap        ] GC(563) DefNew: 141058K(157248K)->1292K(157248K) Eden: 139776K(139776K)->0K(139776K) From: 1282K(17472K)->1292K(17472K)
[316.094s][info][gc,heap        ] GC(563) Tenured: 4079K(349568K)->4079K(349568K)
[316.094s][info][gc,metaspace   ] GC(563) Metaspace: 9958K(10368K)->9958K(10368K) NonClass: 8654K(8896K)->8654K(8896K) Class: 1303K(1472K)->1303K(1472K)
[316.094s][info][gc             ] GC(563) Pause Young (Allocation Failure) 141M->5M(494M) 3.900ms
[316.094s][info][gc,cpu         ] GC(563) User=0.00s Sys=0.00s Real=0.00s
[316.509s][info][gc,start       ] GC(564) Pause Full (System.gc())
[316.509s][info][gc,phases,start] GC(564) Phase 1: Mark live objects
[316.523s][info][gc,phases      ] GC(564) Phase 1: Mark live objects 13.953ms
[316.523s][info][gc,phases,start] GC(564) Phase 2: Compute new object addresses
[316.554s][info][gc,phases      ] GC(564) Phase 2: Compute new object addresses 30.431ms
[316.554s][info][gc,phases,start] GC(564) Phase 3: Adjust pointers
[316.557s][info][gc,phases      ] GC(564) Phase 3: Adjust pointers 3.632ms
[316.557s][info][gc,phases,start] GC(564) Phase 4: Move objects
[316.557s][info][gc,phases      ] GC(564) Phase 4: Move objects 0.013ms
[316.557s][info][gc,heap        ] GC(564) DefNew: 100866K(157248K)->0K(157248K) Eden: 99574K(139776K)->0K(139776K) From: 1292K(17472K)->0K(17472K)
[316.557s][info][gc,heap        ] GC(564) Tenured: 4079K(349568K)->4078K(349568K)
[316.557s][info][gc,metaspace   ] GC(564) Metaspace: 9958K(10368K)->9958K(10368K) NonClass: 8654K(8896K)->8654K(8896K) Class: 1303K(1472K)->1303K(1472K)
[316.557s][info][gc             ] GC(564) Pause Full (System.gc()) 102M->3M(494M) 48.449ms
[316.557s][info][gc,cpu         ] GC(564) User=0.06s Sys=0.00s Real=0.05s
[317.120s][info][gc,start       ] GC(565) Pause Young (Allocation Failure)
[317.124s][info][gc,heap        ] GC(565) DefNew: 139776K(157248K)->1321K(157248K) Eden: 139776K(139776K)->0K(139776K) From: 0K(17472K)->1321K(17472K)
[317.124s][info][gc,heap        ] GC(565) Tenured: 4078K(349568K)->4078K(349568K)
[317.124s][info][gc,metaspace   ] GC(565) Metaspace: 9958K(10368K)->9958K(10368K) NonClass: 8654K(8896K)->8654K(8896K) Class: 1303K(1472K)->1303K(1472K)
[317.124s][info][gc             ] GC(565) Pause Young (Allocation Failure) 140M->5M(494M) 4.607ms
[317.124s][info][gc,cpu         ] GC(565) User=0.02s Sys=0.00s Real=0.02s
[317.676s][info][gc,start       ] GC(566) Pause Young (Allocation Failure)
[317.680s][info][gc,heap        ] GC(566) DefNew: 141097K(157248K)->1288K(157248K) Eden: 139776K(139776K)->0K(139776K) From: 1321K(17472K)->1288K(17472K)
[317.680s][info][gc,heap        ] GC(566) Tenured: 4078K(349568K)->4078K(349568K)
[317.680s][info][gc,metaspace   ] GC(566) Metaspace: 9958K(10368K)->9958K(10368K) NonClass: 8654K(8896K)->8654K(8896K) Class: 1303K(1472K)->1303K(1472K)
[317.680s][info][gc             ] GC(566) Pause Young (Allocation Failure) 141M->5M(494M) 4.143ms
[317.680s][info][gc,cpu         ] GC(566) User=0.00s Sys=0.00s Real=0.00s
[318.244s][info][gc,start       ] GC(567) Pause Young (Allocation Failure)
[318.248s][info][gc,heap        ] GC(567) DefNew: 141064K(157248K)->1323K(157248K) Eden: 139776K(139776K)->0K(139776K) From: 1288K(17472K)->1323K(17472K)
[318.248s][info][gc,heap        ] GC(567) Tenured: 4078K(349568K)->4078K(349568K)
[318.248s][info][gc,metaspace   ] GC(567) Metaspace: 9958K(10368K)->9958K(10368K) NonClass: 8654K(8896K)->8654K(8896K) Class: 1303K(1472K)->1303K(1472K)
[318.248s][info][gc             ] GC(567) Pause Young (Allocation Failure) 141M->5M(494M) 3.979ms
[318.248s][info][gc,cpu         ] GC(567) User=0.02s Sys=0.00s Real=0.02s
[318.814s][info][gc,start       ] GC(568) Pause Young (Allocation Failure)
[318.818s][info][gc,heap        ] GC(568) DefNew: 141099K(157248K)->1151K(157248K) Eden: 139776K(139776K)->0K(139776K) From: 1323K(17472K)->1151K(17472K)
[318.818s][info][gc,heap        ] GC(568) Tenured: 4078K(349568K)->4078K(349568K)
[318.818s][info][gc,metaspace   ] GC(568) Metaspace: 9958K(10368K)->9958K(10368K) NonClass: 8654K(8896K)->8654K(8896K) Class: 1303K(1472K)->1303K(1472K)
[318.818s][info][gc             ] GC(568) Pause Young (Allocation Failure) 141M->5M(494M) 3.926ms
[318.818s][info][gc,cpu         ] GC(568) User=0.00s Sys=0.00s Real=0.00s
[319.388s][info][gc,start       ] GC(569) Pause Young (Allocation Failure)
[319.391s][info][gc,heap        ] GC(569) DefNew: 140927K(157248K)->1143K(157248K) Eden: 139776K(139776K)->0K(139776K) From: 1151K(17472K)->1143K(17472K)
[319.391s][info][gc,heap        ] GC(569) Tenured: 4078K(349568K)->4078K(349568K)
[319.391s][info][gc,metaspace   ] GC(569) Metaspace: 9958K(10368K)->9958K(10368K) NonClass: 8654K(8896K)->8654K(8896K) Class: 1303K(1472K)->1303K(1472K)
[319.391s][info][gc             ] GC(569) Pause Young (Allocation Failure) 141M->5M(494M) 3.710ms
[319.391s][info][gc,cpu         ] GC(569) User=0.00s Sys=0.00s Real=0.00s
[319.960s][info][gc,start       ] GC(570) Pause Young (Allocation Failure)
[319.964s][info][gc,heap        ] GC(570) DefNew: 140919K(157248K)->1161K(157248K) Eden: 139776K(139776K)->0K(139776K) From: 1143K(17472K)->1161K(17472K)
[319.964s][info][gc,heap        ] GC(570) Tenured: 4078K(349568K)->4078K(349568K)
[319.964s][info][gc,metaspace   ] GC(570) Metaspace: 9958K(10368K)->9958K(10368K) NonClass: 8654K(8896K)->8654K(8896K) Class: 1303K(1472K)->1303K(1472K)
[319.964s][info][gc             ] GC(570) Pause Young (Allocation Failure) 141M->5M(494M) 3.682ms
[319.964s][info][gc,cpu         ] GC(570) User=0.02s Sys=0.00s Real=0.02s
[320.523s][info][gc,start       ] GC(571) Pause Young (Allocation Failure)
[320.526s][info][gc,heap        ] GC(571) DefNew: 140937K(157248K)->1172K(157248K) Eden: 139776K(139776K)->0K(139776K) From: 1161K(17472K)->1172K(17472K)
[320.526s][info][gc,heap        ] GC(571) Tenured: 4078K(349568K)->4078K(349568K)
[320.526s][info][gc,metaspace   ] GC(571) Metaspace: 9958K(10368K)->9958K(10368K) NonClass: 8654K(8896K)->8654K(8896K) Class: 1303K(1472K)->1303K(1472K)
[320.526s][info][gc             ] GC(571) Pause Young (Allocation Failure) 141M->5M(494M) 3.746ms
[320.526s][info][gc,cpu         ] GC(571) User=0.02s Sys=0.00s Real=0.02s
[321.092s][info][gc,start       ] GC(572) Pause Young (Allocation Failure)
[321.096s][info][gc,heap        ] GC(572) DefNew: 140948K(157248K)->1174K(157248K) Eden: 139776K(139776K)->0K(139776K) From: 1172K(17472K)->1174K(17472K)
[321.096s][info][gc,heap        ] GC(572) Tenured: 4078K(349568K)->4078K(349568K)
[321.096s][info][gc,metaspace   ] GC(572) Metaspace: 9958K(10368K)->9958K(10368K) NonClass: 8654K(8896K)->8654K(8896K) Class: 1303K(1472K)->1303K(1472K)
[321.096s][info][gc             ] GC(572) Pause Young (Allocation Failure) 141M->5M(494M) 3.745ms
[321.096s][info][gc,cpu         ] GC(572) User=0.00s Sys=0.00s Real=0.00s
[321.664s][info][gc,start       ] GC(573) Pause Young (Allocation Failure)
[321.667s][info][gc,heap        ] GC(573) DefNew: 140950K(157248K)->1130K(157248K) Eden: 139776K(139776K)->0K(139776K) From: 1174K(17472K)->1130K(17472K)
[321.667s][info][gc,heap        ] GC(573) Tenured: 4078K(349568K)->4078K(349568K)
[321.667s][info][gc,metaspace   ] GC(573) Metaspace: 9958K(10368K)->9958K(10368K) NonClass: 8654K(8896K)->8654K(8896K) Class: 1303K(1472K)->1303K(1472K)
[321.667s][info][gc             ] GC(573) Pause Young (Allocation Failure) 141M->5M(494M) 3.687ms
[321.667s][info][gc,cpu         ] GC(573) User=0.02s Sys=0.00s Real=0.02s
[322.248s][info][gc,start       ] GC(574) Pause Young (Allocation Failure)
[322.252s][info][gc,heap        ] GC(574) DefNew: 140906K(157248K)->1169K(157248K) Eden: 139776K(139776K)->0K(139776K) From: 1130K(17472K)->1169K(17472K)
[322.252s][info][gc,heap        ] GC(574) Tenured: 4078K(349568K)->4078K(349568K)
[322.252s][info][gc,metaspace   ] GC(574) Metaspace: 9958K(10368K)->9958K(10368K) NonClass: 8654K(8896K)->8654K(8896K) Class: 1303K(1472K)->1303K(1472K)
[322.252s][info][gc             ] GC(574) Pause Young (Allocation Failure) 141M->5M(494M) 3.737ms
[322.252s][info][gc,cpu         ] GC(574) User=0.00s Sys=0.00s Real=0.00s
[322.822s][info][gc,start       ] GC(575) Pause Young (Allocation Failure)
[322.847s][info][gc,heap        ] GC(575) DefNew: 140945K(157248K)->1104K(157248K) Eden: 139776K(139776K)->0K(139776K) From: 1169K(17472K)->1104K(17472K)
[322.847s][info][gc,heap        ] GC(575) Tenured: 4078K(349568K)->4078K(349568K)
[322.847s][info][gc,metaspace   ] GC(575) Metaspace: 9958K(10368K)->9958K(10368K) NonClass: 8654K(8896K)->8654K(8896K) Class: 1303K(1472K)->1303K(1472K)
[322.847s][info][gc             ] GC(575) Pause Young (Allocation Failure) 141M->5M(494M) 24.483ms
[322.847s][info][gc,cpu         ] GC(575) User=0.00s Sys=0.00s Real=0.02s
[323.244s][info][gc,start       ] GC(576) Pause Full (System.gc())
[323.244s][info][gc,phases,start] GC(576) Phase 1: Mark live objects
[323.259s][info][gc,phases      ] GC(576) Phase 1: Mark live objects 14.703ms
[323.259s][info][gc,phases,start] GC(576) Phase 2: Compute new object addresses
[323.292s][info][gc,phases      ] GC(576) Phase 2: Compute new object addresses 33.269ms
[323.292s][info][gc,phases,start] GC(576) Phase 3: Adjust pointers
[323.296s][info][gc,phases      ] GC(576) Phase 3: Adjust pointers 3.840ms
[323.296s][info][gc,phases,start] GC(576) Phase 4: Move objects
[323.296s][info][gc,phases      ] GC(576) Phase 4: Move objects 0.014ms
[323.296s][info][gc,heap        ] GC(576) DefNew: 97182K(157248K)->0K(157248K) Eden: 96077K(139776K)->0K(139776K) From: 1104K(17472K)->0K(17472K)
[323.296s][info][gc,heap        ] GC(576) Tenured: 4078K(349568K)->4079K(349568K)
[323.296s][info][gc,metaspace   ] GC(576) Metaspace: 9958K(10368K)->9958K(10368K) NonClass: 8654K(8896K)->8654K(8896K) Class: 1303K(1472K)->1303K(1472K)
[323.296s][info][gc             ] GC(576) Pause Full (System.gc()) 98M->3M(494M) 52.312ms
[323.296s][info][gc,cpu         ] GC(576) User=0.05s Sys=0.00s Real=0.05s
[323.869s][info][gc,start       ] GC(577) Pause Young (Allocation Failure)
[323.873s][info][gc,heap        ] GC(577) DefNew: 139776K(157248K)->1197K(157248K) Eden: 139776K(139776K)->0K(139776K) From: 0K(17472K)->1197K(17472K)
[323.873s][info][gc,heap        ] GC(577) Tenured: 4079K(349568K)->4079K(349568K)
[323.873s][info][gc,metaspace   ] GC(577) Metaspace: 9973K(10368K)->9973K(10368K) NonClass: 8669K(8896K)->8669K(8896K) Class: 1303K(1472K)->1303K(1472K)
[323.873s][info][gc             ] GC(577) Pause Young (Allocation Failure) 140M->5M(494M) 4.201ms
[323.873s][info][gc,cpu         ] GC(577) User=0.00s Sys=0.00s Real=0.00s
[324.432s][info][gc,start       ] GC(578) Pause Young (Allocation Failure)
[324.435s][info][gc,heap        ] GC(578) DefNew: 140973K(157248K)->1080K(157248K) Eden: 139776K(139776K)->0K(139776K) From: 1197K(17472K)->1080K(17472K)
[324.435s][info][gc,heap        ] GC(578) Tenured: 4079K(349568K)->4079K(349568K)
[324.435s][info][gc,metaspace   ] GC(578) Metaspace: 9973K(10368K)->9973K(10368K) NonClass: 8669K(8896K)->8669K(8896K) Class: 1303K(1472K)->1303K(1472K)
[324.435s][info][gc             ] GC(578) Pause Young (Allocation Failure) 141M->5M(494M) 3.805ms
[324.436s][info][gc,cpu         ] GC(578) User=0.00s Sys=0.00s Real=0.00s
[325.002s][info][gc,start       ] GC(579) Pause Young (Allocation Failure)
[325.006s][info][gc,heap        ] GC(579) DefNew: 140856K(157248K)->1212K(157248K) Eden: 139776K(139776K)->0K(139776K) From: 1080K(17472K)->1212K(17472K)
[325.006s][info][gc,heap        ] GC(579) Tenured: 4079K(349568K)->4079K(349568K)
[325.006s][info][gc,metaspace   ] GC(579) Metaspace: 9973K(10368K)->9973K(10368K) NonClass: 8669K(8896K)->8669K(8896K) Class: 1303K(1472K)->1303K(1472K)
[325.006s][info][gc             ] GC(579) Pause Young (Allocation Failure) 141M->5M(494M) 3.914ms
[325.006s][info][gc,cpu         ] GC(579) User=0.00s Sys=0.00s Real=0.00s
[325.561s][info][gc,start       ] GC(580) Pause Young (Allocation Failure)
[325.565s][info][gc,heap        ] GC(580) DefNew: 140988K(157248K)->1191K(157248K) Eden: 139776K(139776K)->0K(139776K) From: 1212K(17472K)->1191K(17472K)
[325.565s][info][gc,heap        ] GC(580) Tenured: 4079K(349568K)->4079K(349568K)
[325.565s][info][gc,metaspace   ] GC(580) Metaspace: 9973K(10368K)->9973K(10368K) NonClass: 8669K(8896K)->8669K(8896K) Class: 1303K(1472K)->1303K(1472K)
[325.565s][info][gc             ] GC(580) Pause Young (Allocation Failure) 141M->5M(494M) 4.008ms
[325.565s][info][gc,cpu         ] GC(580) User=0.02s Sys=0.00s Real=0.02s
[326.147s][info][gc,start       ] GC(581) Pause Young (Allocation Failure)
[326.150s][info][gc,heap        ] GC(581) DefNew: 140967K(157248K)->995K(157248K) Eden: 139776K(139776K)->0K(139776K) From: 1191K(17472K)->995K(17472K)
[326.150s][info][gc,heap        ] GC(581) Tenured: 4079K(349568K)->4079K(349568K)
[326.150s][info][gc,metaspace   ] GC(581) Metaspace: 9973K(10368K)->9973K(10368K) NonClass: 8669K(8896K)->8669K(8896K) Class: 1303K(1472K)->1303K(1472K)
[326.150s][info][gc             ] GC(581) Pause Young (Allocation Failure) 141M->4M(494M) 3.366ms
[326.150s][info][gc,cpu         ] GC(581) User=0.02s Sys=0.00s Real=0.02s
[326.706s][info][gc,start       ] GC(582) Pause Young (Allocation Failure)
[326.710s][info][gc,heap        ] GC(582) DefNew: 140771K(157248K)->1147K(157248K) Eden: 139776K(139776K)->0K(139776K) From: 995K(17472K)->1147K(17472K)
[326.710s][info][gc,heap        ] GC(582) Tenured: 4079K(349568K)->4079K(349568K)
[326.710s][info][gc,metaspace   ] GC(582) Metaspace: 9973K(10368K)->9973K(10368K) NonClass: 8669K(8896K)->8669K(8896K) Class: 1303K(1472K)->1303K(1472K)
[326.710s][info][gc             ] GC(582) Pause Young (Allocation Failure) 141M->5M(494M) 3.659ms
[326.710s][info][gc,cpu         ] GC(582) User=0.00s Sys=0.00s Real=0.00s
[327.275s][info][gc,start       ] GC(583) Pause Young (Allocation Failure)
[327.279s][info][gc,heap        ] GC(583) DefNew: 140923K(157248K)->1220K(157248K) Eden: 139776K(139776K)->0K(139776K) From: 1147K(17472K)->1220K(17472K)
[327.279s][info][gc,heap        ] GC(583) Tenured: 4079K(349568K)->4079K(349568K)
[327.279s][info][gc,metaspace   ] GC(583) Metaspace: 9973K(10368K)->9973K(10368K) NonClass: 8669K(8896K)->8669K(8896K) Class: 1303K(1472K)->1303K(1472K)
[327.279s][info][gc             ] GC(583) Pause Young (Allocation Failure) 141M->5M(494M) 3.817ms
[327.279s][info][gc,cpu         ] GC(583) User=0.00s Sys=0.00s Real=0.00s
[327.855s][info][gc,start       ] GC(584) Pause Young (Allocation Failure)
[327.859s][info][gc,heap        ] GC(584) DefNew: 140996K(157248K)->1195K(157248K) Eden: 139776K(139776K)->0K(139776K) From: 1220K(17472K)->1195K(17472K)
[327.859s][info][gc,heap        ] GC(584) Tenured: 4079K(349568K)->4079K(349568K)
[327.859s][info][gc,metaspace   ] GC(584) Metaspace: 9973K(10368K)->9973K(10368K) NonClass: 8669K(8896K)->8669K(8896K) Class: 1303K(1472K)->1303K(1472K)
[327.859s][info][gc             ] GC(584) Pause Young (Allocation Failure) 141M->5M(494M) 3.812ms
[327.859s][info][gc,cpu         ] GC(584) User=0.02s Sys=0.00s Real=0.02s
[328.447s][info][gc,start       ] GC(585) Pause Young (Allocation Failure)
[328.469s][info][gc,heap        ] GC(585) DefNew: 140971K(157248K)->1189K(157248K) Eden: 139776K(139776K)->0K(139776K) From: 1195K(17472K)->1189K(17472K)
[328.469s][info][gc,heap        ] GC(585) Tenured: 4079K(349568K)->4079K(349568K)
[328.469s][info][gc,metaspace   ] GC(585) Metaspace: 9973K(10368K)->9973K(10368K) NonClass: 8669K(8896K)->8669K(8896K) Class: 1303K(1472K)->1303K(1472K)
[328.469s][info][gc             ] GC(585) Pause Young (Allocation Failure) 141M->5M(494M) 22.214ms
[328.469s][info][gc,cpu         ] GC(585) User=0.00s Sys=0.00s Real=0.02s
[329.039s][info][gc,start       ] GC(586) Pause Young (Allocation Failure)
[329.042s][info][gc,heap        ] GC(586) DefNew: 140965K(157248K)->1174K(157248K) Eden: 139776K(139776K)->0K(139776K) From: 1189K(17472K)->1174K(17472K)
[329.042s][info][gc,heap        ] GC(586) Tenured: 4079K(349568K)->4079K(349568K)
[329.042s][info][gc,metaspace   ] GC(586) Metaspace: 9973K(10368K)->9973K(10368K) NonClass: 8669K(8896K)->8669K(8896K) Class: 1303K(1472K)->1303K(1472K)
[329.042s][info][gc             ] GC(586) Pause Young (Allocation Failure) 141M->5M(494M) 3.676ms
[329.042s][info][gc,cpu         ] GC(586) User=0.00s Sys=0.00s Real=0.00s
[329.601s][info][gc,start       ] GC(587) Pause Young (Allocation Failure)
[329.604s][info][gc,heap        ] GC(587) DefNew: 140950K(157248K)->1193K(157248K) Eden: 139776K(139776K)->0K(139776K) From: 1174K(17472K)->1193K(17472K)
[329.604s][info][gc,heap        ] GC(587) Tenured: 4079K(349568K)->4079K(349568K)
[329.604s][info][gc,metaspace   ] GC(587) Metaspace: 9973K(10368K)->9973K(10368K) NonClass: 8669K(8896K)->8669K(8896K) Class: 1303K(1472K)->1303K(1472K)
[329.604s][info][gc             ] GC(587) Pause Young (Allocation Failure) 141M->5M(494M) 3.757ms
[329.605s][info][gc,cpu         ] GC(587) User=0.00s Sys=0.00s Real=0.00s
[330.004s][info][gc,start       ] GC(588) Pause Full (System.gc())
[330.004s][info][gc,phases,start] GC(588) Phase 1: Mark live objects
[330.018s][info][gc,phases      ] GC(588) Phase 1: Mark live objects 14.031ms
[330.018s][info][gc,phases,start] GC(588) Phase 2: Compute new object addresses
[330.049s][info][gc,phases      ] GC(588) Phase 2: Compute new object addresses 30.946ms
[330.049s][info][gc,phases,start] GC(588) Phase 3: Adjust pointers
[330.053s][info][gc,phases      ] GC(588) Phase 3: Adjust pointers 3.639ms
[330.053s][info][gc,phases,start] GC(588) Phase 4: Move objects
[330.053s][info][gc,phases      ] GC(588) Phase 4: Move objects 0.013ms
[330.053s][info][gc,heap        ] GC(588) DefNew: 101516K(157248K)->0K(157248K) Eden: 100322K(139776K)->0K(139776K) From: 1193K(17472K)->0K(17472K)
[330.053s][info][gc,heap        ] GC(588) Tenured: 4079K(349568K)->4079K(349568K)
[330.053s][info][gc,metaspace   ] GC(588) Metaspace: 9973K(10368K)->9973K(10368K) NonClass: 8669K(8896K)->8669K(8896K) Class: 1303K(1472K)->1303K(1472K)
[330.053s][info][gc             ] GC(588) Pause Full (System.gc()) 103M->3M(494M) 49.067ms
[330.053s][info][gc,cpu         ] GC(588) User=0.05s Sys=0.00s Real=0.05s
[330.632s][info][gc,start       ] GC(589) Pause Young (Allocation Failure)
[330.636s][info][gc,heap        ] GC(589) DefNew: 139776K(157248K)->1205K(157248K) Eden: 139776K(139776K)->0K(139776K) From: 0K(17472K)->1205K(17472K)
[330.636s][info][gc,heap        ] GC(589) Tenured: 4079K(349568K)->4079K(349568K)
[330.636s][info][gc,metaspace   ] GC(589) Metaspace: 9973K(10368K)->9973K(10368K) NonClass: 8669K(8896K)->8669K(8896K) Class: 1303K(1472K)->1303K(1472K)
[330.636s][info][gc             ] GC(589) Pause Young (Allocation Failure) 140M->5M(494M) 4.313ms
[330.636s][info][gc,cpu         ] GC(589) User=0.00s Sys=0.00s Real=0.00s
[331.198s][info][gc,start       ] GC(590) Pause Young (Allocation Failure)
[331.202s][info][gc,heap        ] GC(590) DefNew: 140981K(157248K)->1238K(157248K) Eden: 139776K(139776K)->0K(139776K) From: 1205K(17472K)->1238K(17472K)
[331.202s][info][gc,heap        ] GC(590) Tenured: 4079K(349568K)->4079K(349568K)
[331.202s][info][gc,metaspace   ] GC(590) Metaspace: 9973K(10368K)->9973K(10368K) NonClass: 8669K(8896K)->8669K(8896K) Class: 1303K(1472K)->1303K(1472K)
[331.202s][info][gc             ] GC(590) Pause Young (Allocation Failure) 141M->5M(494M) 4.249ms
[331.202s][info][gc,cpu         ] GC(590) User=0.02s Sys=0.00s Real=0.02s
[331.760s][info][gc,start       ] GC(591) Pause Young (Allocation Failure)
[331.764s][info][gc,heap        ] GC(591) DefNew: 141014K(157248K)->1152K(157248K) Eden: 139776K(139776K)->0K(139776K) From: 1238K(17472K)->1152K(17472K)
[331.764s][info][gc,heap        ] GC(591) Tenured: 4079K(349568K)->4079K(349568K)
[331.764s][info][gc,metaspace   ] GC(591) Metaspace: 9973K(10368K)->9973K(10368K) NonClass: 8669K(8896K)->8669K(8896K) Class: 1303K(1472K)->1303K(1472K)
[331.764s][info][gc             ] GC(591) Pause Young (Allocation Failure) 141M->5M(494M) 3.846ms
[331.764s][info][gc,cpu         ] GC(591) User=0.00s Sys=0.00s Real=0.00s
[332.333s][info][gc,start       ] GC(592) Pause Young (Allocation Failure)
[332.337s][info][gc,heap        ] GC(592) DefNew: 140928K(157248K)->1175K(157248K) Eden: 139776K(139776K)->0K(139776K) From: 1152K(17472K)->1175K(17472K)
[332.337s][info][gc,heap        ] GC(592) Tenured: 4079K(349568K)->4079K(349568K)
[332.337s][info][gc,metaspace   ] GC(592) Metaspace: 9973K(10368K)->9973K(10368K) NonClass: 8669K(8896K)->8669K(8896K) Class: 1303K(1472K)->1303K(1472K)
[332.337s][info][gc             ] GC(592) Pause Young (Allocation Failure) 141M->5M(494M) 3.843ms
[332.337s][info][gc,cpu         ] GC(592) User=0.00s Sys=0.00s Real=0.00s
[332.895s][info][gc,start       ] GC(593) Pause Young (Allocation Failure)
[332.899s][info][gc,heap        ] GC(593) DefNew: 140951K(157248K)->1236K(157248K) Eden: 139776K(139776K)->0K(139776K) From: 1175K(17472K)->1236K(17472K)
[332.899s][info][gc,heap        ] GC(593) Tenured: 4079K(349568K)->4079K(349568K)
[332.899s][info][gc,metaspace   ] GC(593) Metaspace: 9973K(10368K)->9973K(10368K) NonClass: 8669K(8896K)->8669K(8896K) Class: 1303K(1472K)->1303K(1472K)
[332.899s][info][gc             ] GC(593) Pause Young (Allocation Failure) 141M->5M(494M) 4.002ms
[332.899s][info][gc,cpu         ] GC(593) User=0.00s Sys=0.00s Real=0.00s
[333.462s][info][gc,start       ] GC(594) Pause Young (Allocation Failure)
[333.466s][info][gc,heap        ] GC(594) DefNew: 141012K(157248K)->1179K(157248K) Eden: 139776K(139776K)->0K(139776K) From: 1236K(17472K)->1179K(17472K)
[333.466s][info][gc,heap        ] GC(594) Tenured: 4079K(349568K)->4079K(349568K)
[333.466s][info][gc,metaspace   ] GC(594) Metaspace: 9973K(10368K)->9973K(10368K) NonClass: 8669K(8896K)->8669K(8896K) Class: 1303K(1472K)->1303K(1472K)
[333.466s][info][gc             ] GC(594) Pause Young (Allocation Failure) 141M->5M(494M) 3.987ms
[333.466s][info][gc,cpu         ] GC(594) User=0.00s Sys=0.00s Real=0.00s
[334.028s][info][gc,start       ] GC(595) Pause Young (Allocation Failure)
[334.032s][info][gc,heap        ] GC(595) DefNew: 140955K(157248K)->1241K(157248K) Eden: 139776K(139776K)->0K(139776K) From: 1179K(17472K)->1241K(17472K)
[334.032s][info][gc,heap        ] GC(595) Tenured: 4079K(349568K)->4079K(349568K)
[334.032s][info][gc,metaspace   ] GC(595) Metaspace: 9973K(10368K)->9973K(10368K) NonClass: 8669K(8896K)->8669K(8896K) Class: 1303K(1472K)->1303K(1472K)
[334.032s][info][gc             ] GC(595) Pause Young (Allocation Failure) 141M->5M(494M) 4.016ms
[334.032s][info][gc,cpu         ] GC(595) User=0.02s Sys=0.00s Real=0.02s
[334.577s][info][gc,start       ] GC(596) Pause Young (Allocation Failure)
[334.581s][info][gc,heap        ] GC(596) DefNew: 141017K(157248K)->1188K(157248K) Eden: 139776K(139776K)->0K(139776K) From: 1241K(17472K)->1188K(17472K)
[334.581s][info][gc,heap        ] GC(596) Tenured: 4079K(349568K)->4079K(349568K)
[334.581s][info][gc,metaspace   ] GC(596) Metaspace: 9973K(10368K)->9973K(10368K) NonClass: 8669K(8896K)->8669K(8896K) Class: 1303K(1472K)->1303K(1472K)
[334.581s][info][gc             ] GC(596) Pause Young (Allocation Failure) 141M->5M(494M) 3.761ms
[334.581s][info][gc,cpu         ] GC(596) User=0.00s Sys=0.02s Real=0.02s
[335.129s][info][gc,start       ] GC(597) Pause Young (Allocation Failure)
[335.133s][info][gc,heap        ] GC(597) DefNew: 140964K(157248K)->1214K(157248K) Eden: 139776K(139776K)->0K(139776K) From: 1188K(17472K)->1214K(17472K)
[335.133s][info][gc,heap        ] GC(597) Tenured: 4079K(349568K)->4079K(349568K)
[335.133s][info][gc,metaspace   ] GC(597) Metaspace: 9973K(10368K)->9973K(10368K) NonClass: 8669K(8896K)->8669K(8896K) Class: 1303K(1472K)->1303K(1472K)
[335.133s][info][gc             ] GC(597) Pause Young (Allocation Failure) 141M->5M(494M) 3.791ms
[335.133s][info][gc,cpu         ] GC(597) User=0.02s Sys=0.00s Real=0.02s
[335.662s][info][gc,start       ] GC(598) Pause Young (Allocation Failure)
[335.665s][info][gc,heap        ] GC(598) DefNew: 140990K(157248K)->1223K(157248K) Eden: 139776K(139776K)->0K(139776K) From: 1214K(17472K)->1223K(17472K)
[335.665s][info][gc,heap        ] GC(598) Tenured: 4079K(349568K)->4079K(349568K)
[335.665s][info][gc,metaspace   ] GC(598) Metaspace: 9973K(10368K)->9973K(10368K) NonClass: 8669K(8896K)->8669K(8896K) Class: 1303K(1472K)->1303K(1472K)
[335.665s][info][gc             ] GC(598) Pause Young (Allocation Failure) 141M->5M(494M) 3.795ms
[335.665s][info][gc,cpu         ] GC(598) User=0.00s Sys=0.00s Real=0.00s
[336.210s][info][gc,start       ] GC(599) Pause Young (Allocation Failure)
[336.214s][info][gc,heap        ] GC(599) DefNew: 140999K(157248K)->1272K(157248K) Eden: 139776K(139776K)->0K(139776K) From: 1223K(17472K)->1272K(17472K)
[336.214s][info][gc,heap        ] GC(599) Tenured: 4079K(349568K)->4079K(349568K)
[336.214s][info][gc,metaspace   ] GC(599) Metaspace: 9973K(10368K)->9973K(10368K) NonClass: 8669K(8896K)->8669K(8896K) Class: 1303K(1472K)->1303K(1472K)
[336.214s][info][gc             ] GC(599) Pause Young (Allocation Failure) 141M->5M(494M) 4.112ms
[336.214s][info][gc,cpu         ] GC(599) User=0.00s Sys=0.00s Real=0.00s
[336.588s][info][gc,heap,exit   ] Heap
[336.588s][info][gc,heap,exit   ]  def new generation   total 157248K, used 93162K [0x00000000e0000000, 0x00000000eaaa0000, 0x00000000eaaa0000)
[336.588s][info][gc,heap,exit   ]   eden space 139776K,  65% used [0x00000000e0000000, 0x00000000e59bc828, 0x00000000e8880000)
[336.588s][info][gc,heap,exit   ]   from space 17472K,   7% used [0x00000000e8880000, 0x00000000e89be1e0, 0x00000000e9990000)
[336.588s][info][gc,heap,exit   ]   to   space 17472K,   0% used [0x00000000e9990000, 0x00000000e9990000, 0x00000000eaaa0000)
[336.588s][info][gc,heap,exit   ]  tenured generation   total 349568K, used 4079K [0x00000000eaaa0000, 0x0000000100000000, 0x0000000100000000)
[336.588s][info][gc,heap,exit   ]    the space 349568K,   1% used [0x00000000eaaa0000, 0x00000000eae9bcf8, 0x00000000eae9be00, 0x0000000100000000)
[336.588s][info][gc,heap,exit   ]  Metaspace       used 10034K, committed 10432K, reserved 1114112K
[336.588s][info][gc,heap,exit   ]   class space    used 1313K, committed 1472K, reserved 1048576K
