[0.017s][info][gc,init] CardTable entry size: 512
[0.018s][info][gc     ] Using Serial
[0.026s][info][gc,init] Version: 20+36-2344 (release)
[0.026s][info][gc,init] CPUs: 48 total, 48 available
[0.026s][info][gc,init] Memory: 382G
[0.026s][info][gc,init] Large Page Support: Disabled
[0.026s][info][gc,init] NUMA Support: Disabled
[0.026s][info][gc,init] Compressed Oops: Enabled (32-bit)
[0.026s][info][gc,init] Heap Min Capacity: 8M
[0.026s][info][gc,init] Heap Initial Capacity: 2G
[0.026s][info][gc,init] Heap Max Capacity: 2G
[0.026s][info][gc,init] Pre-touch: Disabled
[0.031s][info][gc,metaspace] CDS archive(s) mapped at: [0x0000000800000000-0x0000000800c60000-0x0000000800c60000), size 12976128, SharedBaseAddress: 0x0000000800000000, ArchiveRelocationMode: 0.
[0.031s][info][gc,metaspace] Compressed class space mapped at: 0x0000000801000000-0x0000000841000000, reserved size: 1073741824
[0.031s][info][gc,metaspace] Narrow klass base: 0x0000000800000000, Narrow klass shift: 0, Narrow klass range: 0x100000000
[1.027s][info][gc,start    ] GC(0) Pause Full (System.gc())
[1.028s][info][gc,phases,start] GC(0) Phase 1: Mark live objects
[1.040s][info][gc,phases      ] GC(0) Phase 1: Mark live objects 12.114ms
[1.040s][info][gc,phases,start] GC(0) Phase 2: Compute new object addresses
[1.046s][info][gc,phases      ] GC(0) Phase 2: Compute new object addresses 5.936ms
[1.046s][info][gc,phases,start] GC(0) Phase 3: Adjust pointers
[1.050s][info][gc,phases      ] GC(0) Phase 3: Adjust pointers 4.792ms
[1.051s][info][gc,phases,start] GC(0) Phase 4: Move objects
[1.054s][info][gc,phases      ] GC(0) Phase 4: Move objects 3.701ms
[1.055s][info][gc,heap        ] GC(0) DefNew: 111847K(629120K)->0K(629120K) Eden: 111847K(559232K)->0K(559232K) From: 0K(69888K)->0K(69888K)
[1.055s][info][gc,heap        ] GC(0) Tenured: 0K(1398144K)->3817K(1398144K)
[1.055s][info][gc,metaspace   ] GC(0) Metaspace: 8308K(8512K)->8308K(8512K) NonClass: 7192K(7296K)->7192K(7296K) Class: 1116K(1216K)->1116K(1216K)
[1.055s][info][gc             ] GC(0) Pause Full (System.gc()) 109M->3M(1979M) 27.733ms
[1.055s][info][gc,cpu         ] GC(0) User=0.03s Sys=0.00s Real=0.03s
[3.216s][info][gc,start       ] GC(1) Pause Young (Allocation Failure)
[3.225s][info][gc,heap        ] GC(1) DefNew: 559232K(629120K)->1441K(629120K) Eden: 559232K(559232K)->0K(559232K) From: 0K(69888K)->1441K(69888K)
[3.225s][info][gc,heap        ] GC(1) Tenured: 3817K(1398144K)->3817K(1398144K)
[3.225s][info][gc,metaspace   ] GC(1) Metaspace: 9821K(10112K)->9821K(10112K) NonClass: 8520K(8704K)->8520K(8704K) Class: 1300K(1408K)->1300K(1408K)
[3.225s][info][gc             ] GC(1) Pause Young (Allocation Failure) 549M->5M(1979M) 9.284ms
[3.226s][info][gc,cpu         ] GC(1) User=0.02s Sys=0.00s Real=0.02s
[5.443s][info][gc,start       ] GC(2) Pause Young (Allocation Failure)
[5.450s][info][gc,heap        ] GC(2) DefNew: 560673K(629120K)->1455K(629120K) Eden: 559232K(559232K)->0K(559232K) From: 1441K(69888K)->1455K(69888K)
[5.450s][info][gc,heap        ] GC(2) Tenured: 3817K(1398144K)->3817K(1398144K)
[5.450s][info][gc,metaspace   ] GC(2) Metaspace: 9827K(10112K)->9827K(10112K) NonClass: 8526K(8704K)->8526K(8704K) Class: 1300K(1408K)->1300K(1408K)
[5.450s][info][gc             ] GC(2) Pause Young (Allocation Failure) 551M->5M(1979M) 7.515ms
[5.450s][info][gc,cpu         ] GC(2) User=0.00s Sys=0.00s Real=0.00s
[7.749s][info][gc,start       ] GC(3) Pause Young (Allocation Failure)
[7.755s][info][gc,heap        ] GC(3) DefNew: 560687K(629120K)->1444K(629120K) Eden: 559232K(559232K)->0K(559232K) From: 1455K(69888K)->1444K(69888K)
[7.755s][info][gc,heap        ] GC(3) Tenured: 3817K(1398144K)->3817K(1398144K)
[7.755s][info][gc,metaspace   ] GC(3) Metaspace: 9827K(10112K)->9827K(10112K) NonClass: 8526K(8704K)->8526K(8704K) Class: 1300K(1408K)->1300K(1408K)
[7.756s][info][gc             ] GC(3) Pause Young (Allocation Failure) 551M->5M(1979M) 6.608ms
[7.756s][info][gc,cpu         ] GC(3) User=0.02s Sys=0.00s Real=0.02s
[8.105s][info][gc,start       ] GC(4) Pause Full (System.gc())
[8.105s][info][gc,phases,start] GC(4) Phase 1: Mark live objects
[8.122s][info][gc,phases      ] GC(4) Phase 1: Mark live objects 16.807ms
[8.122s][info][gc,phases,start] GC(4) Phase 2: Compute new object addresses
[8.146s][info][gc,phases      ] GC(4) Phase 2: Compute new object addresses 24.257ms
[8.146s][info][gc,phases,start] GC(4) Phase 3: Adjust pointers
[8.150s][info][gc,phases      ] GC(4) Phase 3: Adjust pointers 3.918ms
[8.150s][info][gc,phases,start] GC(4) Phase 4: Move objects
[8.150s][info][gc,phases      ] GC(4) Phase 4: Move objects 0.196ms
[8.151s][info][gc,heap        ] GC(4) DefNew: 93758K(629120K)->0K(629120K) Eden: 92314K(559232K)->0K(559232K) From: 1444K(69888K)->0K(69888K)
[8.151s][info][gc,heap        ] GC(4) Tenured: 3817K(1398144K)->4105K(1398144K)
[8.151s][info][gc,metaspace   ] GC(4) Metaspace: 9889K(10176K)->9851K(10176K) NonClass: 8577K(8768K)->8550K(8768K) Class: 1312K(1408K)->1300K(1408K)
[8.151s][info][gc             ] GC(4) Pause Full (System.gc()) 95M->4M(1979M) 45.995ms
[8.151s][info][gc,cpu         ] GC(4) User=0.05s Sys=0.00s Real=0.05s
[10.483s][info][gc,start       ] GC(5) Pause Young (Allocation Failure)
[10.488s][info][gc,heap        ] GC(5) DefNew: 559232K(629120K)->1263K(629120K) Eden: 559232K(559232K)->0K(559232K) From: 0K(69888K)->1263K(69888K)
[10.488s][info][gc,heap        ] GC(5) Tenured: 4105K(1398144K)->4105K(1398144K)
[10.488s][info][gc,metaspace   ] GC(5) Metaspace: 9851K(10176K)->9851K(10176K) NonClass: 8550K(8768K)->8550K(8768K) Class: 1300K(1408K)->1300K(1408K)
[10.488s][info][gc             ] GC(5) Pause Young (Allocation Failure) 550M->5M(1979M) 4.542ms
[10.488s][info][gc,cpu         ] GC(5) User=0.02s Sys=0.00s Real=0.01s
[12.802s][info][gc,start       ] GC(6) Pause Young (Allocation Failure)
[12.806s][info][gc,heap        ] GC(6) DefNew: 560495K(629120K)->1189K(629120K) Eden: 559232K(559232K)->0K(559232K) From: 1263K(69888K)->1189K(69888K)
[12.806s][info][gc,heap        ] GC(6) Tenured: 4105K(1398144K)->4105K(1398144K)
[12.806s][info][gc,metaspace   ] GC(6) Metaspace: 9851K(10176K)->9851K(10176K) NonClass: 8550K(8768K)->8550K(8768K) Class: 1300K(1408K)->1300K(1408K)
[12.806s][info][gc             ] GC(6) Pause Young (Allocation Failure) 551M->5M(1979M) 4.268ms
[12.807s][info][gc,cpu         ] GC(6) User=0.00s Sys=0.00s Real=0.00s
[14.988s][info][gc,start       ] GC(7) Pause Full (System.gc())
[14.989s][info][gc,phases,start] GC(7) Phase 1: Mark live objects
[15.003s][info][gc,phases      ] GC(7) Phase 1: Mark live objects 14.602ms
[15.003s][info][gc,phases,start] GC(7) Phase 2: Compute new object addresses
[15.135s][info][gc,phases      ] GC(7) Phase 2: Compute new object addresses 131.588ms
[15.135s][info][gc,phases,start] GC(7) Phase 3: Adjust pointers
[15.138s][info][gc,phases      ] GC(7) Phase 3: Adjust pointers 3.520ms
[15.138s][info][gc,phases,start] GC(7) Phase 4: Move objects
[15.138s][info][gc,phases      ] GC(7) Phase 4: Move objects 0.016ms
[15.139s][info][gc,heap        ] GC(7) DefNew: 531054K(629120K)->0K(629120K) Eden: 529865K(559232K)->0K(559232K) From: 1189K(69888K)->0K(69888K)
[15.139s][info][gc,heap        ] GC(7) Tenured: 4105K(1398144K)->4109K(1398144K)
[15.139s][info][gc,metaspace   ] GC(7) Metaspace: 9851K(10176K)->9851K(10176K) NonClass: 8550K(8768K)->8550K(8768K) Class: 1300K(1408K)->1300K(1408K)
[15.139s][info][gc             ] GC(7) Pause Full (System.gc()) 522M->4M(1979M) 150.167ms
[15.139s][info][gc,cpu         ] GC(7) User=0.16s Sys=0.00s Real=0.16s
[17.455s][info][gc,start       ] GC(8) Pause Young (Allocation Failure)
[17.459s][info][gc,heap        ] GC(8) DefNew: 559232K(629120K)->1298K(629120K) Eden: 559232K(559232K)->0K(559232K) From: 0K(69888K)->1298K(69888K)
[17.459s][info][gc,heap        ] GC(8) Tenured: 4109K(1398144K)->4109K(1398144K)
[17.459s][info][gc,metaspace   ] GC(8) Metaspace: 9859K(10176K)->9859K(10176K) NonClass: 8558K(8768K)->8558K(8768K) Class: 1300K(1408K)->1300K(1408K)
[17.459s][info][gc             ] GC(8) Pause Young (Allocation Failure) 550M->5M(1979M) 4.346ms
[17.459s][info][gc,cpu         ] GC(8) User=0.02s Sys=0.00s Real=0.02s
[19.798s][info][gc,start       ] GC(9) Pause Young (Allocation Failure)
[19.802s][info][gc,heap        ] GC(9) DefNew: 560530K(629120K)->1212K(629120K) Eden: 559232K(559232K)->0K(559232K) From: 1298K(69888K)->1212K(69888K)
[19.802s][info][gc,heap        ] GC(9) Tenured: 4109K(1398144K)->4109K(1398144K)
[19.802s][info][gc,metaspace   ] GC(9) Metaspace: 9859K(10176K)->9859K(10176K) NonClass: 8558K(8768K)->8558K(8768K) Class: 1300K(1408K)->1300K(1408K)
[19.802s][info][gc             ] GC(9) Pause Young (Allocation Failure) 551M->5M(1979M) 4.088ms
[19.802s][info][gc,cpu         ] GC(9) User=0.02s Sys=0.00s Real=0.00s
[21.978s][info][gc,start       ] GC(10) Pause Full (System.gc())
[21.979s][info][gc,phases,start] GC(10) Phase 1: Mark live objects
[21.993s][info][gc,phases      ] GC(10) Phase 1: Mark live objects 14.023ms
[21.993s][info][gc,phases,start] GC(10) Phase 2: Compute new object addresses
[22.140s][info][gc,phases      ] GC(10) Phase 2: Compute new object addresses 147.507ms
[22.140s][info][gc,phases,start] GC(10) Phase 3: Adjust pointers
[22.144s][info][gc,phases      ] GC(10) Phase 3: Adjust pointers 3.650ms
[22.144s][info][gc,phases,start] GC(10) Phase 4: Move objects
[22.145s][info][gc,phases      ] GC(10) Phase 4: Move objects 0.939ms
[22.145s][info][gc,heap        ] GC(10) DefNew: 523133K(629120K)->0K(629120K) Eden: 521920K(559232K)->0K(559232K) From: 1212K(69888K)->0K(69888K)
[22.145s][info][gc,heap        ] GC(10) Tenured: 4109K(1398144K)->4069K(1398144K)
[22.145s][info][gc,metaspace   ] GC(10) Metaspace: 9859K(10176K)->9859K(10176K) NonClass: 8558K(8768K)->8558K(8768K) Class: 1300K(1408K)->1300K(1408K)
[22.145s][info][gc             ] GC(10) Pause Full (System.gc()) 514M->3M(1979M) 166.581ms
[22.145s][info][gc,cpu         ] GC(10) User=0.17s Sys=0.00s Real=0.17s
[24.323s][info][gc,start       ] GC(11) Pause Young (Allocation Failure)
[24.327s][info][gc,heap        ] GC(11) DefNew: 559232K(629120K)->1292K(629120K) Eden: 559232K(559232K)->0K(559232K) From: 0K(69888K)->1292K(69888K)
[24.328s][info][gc,heap        ] GC(11) Tenured: 4069K(1398144K)->4069K(1398144K)
[24.328s][info][gc,metaspace   ] GC(11) Metaspace: 9861K(10176K)->9861K(10176K) NonClass: 8560K(8768K)->8560K(8768K) Class: 1300K(1408K)->1300K(1408K)
[24.328s][info][gc             ] GC(11) Pause Young (Allocation Failure) 550M->5M(1979M) 4.505ms
[24.328s][info][gc,cpu         ] GC(11) User=0.00s Sys=0.00s Real=0.00s
[26.530s][info][gc,start       ] GC(12) Pause Young (Allocation Failure)
[26.534s][info][gc,heap        ] GC(12) DefNew: 560524K(629120K)->1111K(629120K) Eden: 559232K(559232K)->0K(559232K) From: 1292K(69888K)->1111K(69888K)
[26.534s][info][gc,heap        ] GC(12) Tenured: 4069K(1398144K)->4069K(1398144K)
[26.534s][info][gc,metaspace   ] GC(12) Metaspace: 9861K(10176K)->9861K(10176K) NonClass: 8560K(8768K)->8560K(8768K) Class: 1300K(1408K)->1300K(1408K)
[26.534s][info][gc             ] GC(12) Pause Young (Allocation Failure) 551M->5M(1979M) 3.746ms
[26.534s][info][gc,cpu         ] GC(12) User=0.00s Sys=0.00s Real=0.00s
[28.584s][info][gc,start       ] GC(13) Pause Full (System.gc())
[28.584s][info][gc,phases,start] GC(13) Phase 1: Mark live objects
[28.598s][info][gc,phases      ] GC(13) Phase 1: Mark live objects 13.869ms
[28.598s][info][gc,phases,start] GC(13) Phase 2: Compute new object addresses
[28.731s][info][gc,phases      ] GC(13) Phase 2: Compute new object addresses 132.835ms
[28.731s][info][gc,phases,start] GC(13) Phase 3: Adjust pointers
[28.734s][info][gc,phases      ] GC(13) Phase 3: Adjust pointers 3.370ms
[28.734s][info][gc,phases,start] GC(13) Phase 4: Move objects
[28.734s][info][gc,phases      ] GC(13) Phase 4: Move objects 0.012ms
[28.734s][info][gc,heap        ] GC(13) DefNew: 526357K(629120K)->0K(629120K) Eden: 525246K(559232K)->0K(559232K) From: 1111K(69888K)->0K(69888K)
[28.734s][info][gc,heap        ] GC(13) Tenured: 4069K(1398144K)->4070K(1398144K)
[28.734s][info][gc,metaspace   ] GC(13) Metaspace: 9861K(10176K)->9861K(10176K) NonClass: 8560K(8768K)->8560K(8768K) Class: 1300K(1408K)->1300K(1408K)
[28.734s][info][gc             ] GC(13) Pause Full (System.gc()) 517M->3M(1979M) 150.510ms
[28.734s][info][gc,cpu         ] GC(13) User=0.16s Sys=0.00s Real=0.16s
[30.932s][info][gc,start       ] GC(14) Pause Young (Allocation Failure)
[30.937s][info][gc,heap        ] GC(14) DefNew: 559232K(629120K)->1316K(629120K) Eden: 559232K(559232K)->0K(559232K) From: 0K(69888K)->1316K(69888K)
[30.937s][info][gc,heap        ] GC(14) Tenured: 4070K(1398144K)->4070K(1398144K)
[30.937s][info][gc,metaspace   ] GC(14) Metaspace: 9862K(10176K)->9862K(10176K) NonClass: 8561K(8768K)->8561K(8768K) Class: 1300K(1408K)->1300K(1408K)
[30.937s][info][gc             ] GC(14) Pause Young (Allocation Failure) 550M->5M(1979M) 4.591ms
[30.937s][info][gc,cpu         ] GC(14) User=0.00s Sys=0.00s Real=0.00s
[33.134s][info][gc,start       ] GC(15) Pause Young (Allocation Failure)
[33.138s][info][gc,heap        ] GC(15) DefNew: 560548K(629120K)->1251K(629120K) Eden: 559232K(559232K)->0K(559232K) From: 1316K(69888K)->1251K(69888K)
[33.138s][info][gc,heap        ] GC(15) Tenured: 4070K(1398144K)->4070K(1398144K)
[33.138s][info][gc,metaspace   ] GC(15) Metaspace: 9862K(10176K)->9862K(10176K) NonClass: 8561K(8768K)->8561K(8768K) Class: 1300K(1408K)->1300K(1408K)
[33.138s][info][gc             ] GC(15) Pause Young (Allocation Failure) 551M->5M(1979M) 4.268ms
[33.138s][info][gc,cpu         ] GC(15) User=0.00s Sys=0.00s Real=0.00s
[35.167s][info][gc,start       ] GC(16) Pause Full (System.gc())
[35.167s][info][gc,phases,start] GC(16) Phase 1: Mark live objects
[35.181s][info][gc,phases      ] GC(16) Phase 1: Mark live objects 13.995ms
[35.182s][info][gc,phases,start] GC(16) Phase 2: Compute new object addresses
[35.312s][info][gc,phases      ] GC(16) Phase 2: Compute new object addresses 130.792ms
[35.312s][info][gc,phases,start] GC(16) Phase 3: Adjust pointers
[35.316s][info][gc,phases      ] GC(16) Phase 3: Adjust pointers 3.506ms
[35.316s][info][gc,phases,start] GC(16) Phase 4: Move objects
[35.316s][info][gc,phases      ] GC(16) Phase 4: Move objects 0.011ms
[35.316s][info][gc,heap        ] GC(16) DefNew: 513594K(629120K)->0K(629120K) Eden: 512343K(559232K)->0K(559232K) From: 1251K(69888K)->0K(69888K)
[35.316s][info][gc,heap        ] GC(16) Tenured: 4070K(1398144K)->4070K(1398144K)
[35.316s][info][gc,metaspace   ] GC(16) Metaspace: 9863K(10176K)->9863K(10176K) NonClass: 8562K(8768K)->8562K(8768K) Class: 1300K(1408K)->1300K(1408K)
[35.316s][info][gc             ] GC(16) Pause Full (System.gc()) 505M->3M(1979M) 148.733ms
[35.316s][info][gc,cpu         ] GC(16) User=0.16s Sys=0.00s Real=0.16s
[37.483s][info][gc,start       ] GC(17) Pause Young (Allocation Failure)
[37.487s][info][gc,heap        ] GC(17) DefNew: 559232K(629120K)->1165K(629120K) Eden: 559232K(559232K)->0K(559232K) From: 0K(69888K)->1165K(69888K)
[37.487s][info][gc,heap        ] GC(17) Tenured: 4070K(1398144K)->4070K(1398144K)
[37.487s][info][gc,metaspace   ] GC(17) Metaspace: 9863K(10176K)->9863K(10176K) NonClass: 8562K(8768K)->8562K(8768K) Class: 1300K(1408K)->1300K(1408K)
[37.487s][info][gc             ] GC(17) Pause Young (Allocation Failure) 550M->5M(1979M) 4.161ms
[37.487s][info][gc,cpu         ] GC(17) User=0.02s Sys=0.00s Real=0.02s
[39.673s][info][gc,start       ] GC(18) Pause Young (Allocation Failure)
[39.676s][info][gc,heap        ] GC(18) DefNew: 560397K(629120K)->1229K(629120K) Eden: 559232K(559232K)->0K(559232K) From: 1165K(69888K)->1229K(69888K)
[39.677s][info][gc,heap        ] GC(18) Tenured: 4070K(1398144K)->4070K(1398144K)
[39.677s][info][gc,metaspace   ] GC(18) Metaspace: 9863K(10176K)->9863K(10176K) NonClass: 8562K(8768K)->8562K(8768K) Class: 1300K(1408K)->1300K(1408K)
[39.677s][info][gc             ] GC(18) Pause Young (Allocation Failure) 551M->5M(1979M) 4.101ms
[39.677s][info][gc,cpu         ] GC(18) User=0.02s Sys=0.00s Real=0.02s
[41.666s][info][gc,start       ] GC(19) Pause Full (System.gc())
[41.666s][info][gc,phases,start] GC(19) Phase 1: Mark live objects
[41.679s][info][gc,phases      ] GC(19) Phase 1: Mark live objects 12.979ms
[41.679s][info][gc,phases,start] GC(19) Phase 2: Compute new object addresses
[41.823s][info][gc,phases      ] GC(19) Phase 2: Compute new object addresses 143.392ms
[41.823s][info][gc,phases,start] GC(19) Phase 3: Adjust pointers
[41.826s][info][gc,phases      ] GC(19) Phase 3: Adjust pointers 3.591ms
[41.826s][info][gc,phases,start] GC(19) Phase 4: Move objects
[41.826s][info][gc,phases      ] GC(19) Phase 4: Move objects 0.012ms
[41.826s][info][gc,heap        ] GC(19) DefNew: 509865K(629120K)->0K(629120K) Eden: 508635K(559232K)->0K(559232K) From: 1229K(69888K)->0K(69888K)
[41.826s][info][gc,heap        ] GC(19) Tenured: 4070K(1398144K)->4071K(1398144K)
[41.826s][info][gc,metaspace   ] GC(19) Metaspace: 9863K(10176K)->9863K(10176K) NonClass: 8562K(8768K)->8562K(8768K) Class: 1300K(1408K)->1300K(1408K)
[41.826s][info][gc             ] GC(19) Pause Full (System.gc()) 501M->3M(1979M) 160.418ms
[41.827s][info][gc,cpu         ] GC(19) User=0.16s Sys=0.00s Real=0.16s
[43.992s][info][gc,start       ] GC(20) Pause Young (Allocation Failure)
[43.996s][info][gc,heap        ] GC(20) DefNew: 559232K(629120K)->1174K(629120K) Eden: 559232K(559232K)->0K(559232K) From: 0K(69888K)->1174K(69888K)
[43.996s][info][gc,heap        ] GC(20) Tenured: 4071K(1398144K)->4071K(1398144K)
[43.996s][info][gc,metaspace   ] GC(20) Metaspace: 9864K(10176K)->9864K(10176K) NonClass: 8563K(8768K)->8563K(8768K) Class: 1300K(1408K)->1300K(1408K)
[43.996s][info][gc             ] GC(20) Pause Young (Allocation Failure) 550M->5M(1979M) 4.272ms
[43.996s][info][gc,cpu         ] GC(20) User=0.00s Sys=0.00s Real=0.00s
[46.197s][info][gc,start       ] GC(21) Pause Young (Allocation Failure)
[46.201s][info][gc,heap        ] GC(21) DefNew: 560406K(629120K)->1231K(629120K) Eden: 559232K(559232K)->0K(559232K) From: 1174K(69888K)->1231K(69888K)
[46.201s][info][gc,heap        ] GC(21) Tenured: 4071K(1398144K)->4071K(1398144K)
[46.201s][info][gc,metaspace   ] GC(21) Metaspace: 9864K(10176K)->9864K(10176K) NonClass: 8563K(8768K)->8563K(8768K) Class: 1300K(1408K)->1300K(1408K)
[46.201s][info][gc             ] GC(21) Pause Young (Allocation Failure) 551M->5M(1979M) 4.257ms
[46.201s][info][gc,cpu         ] GC(21) User=0.02s Sys=0.00s Real=0.02s
[48.236s][info][gc,start       ] GC(22) Pause Full (System.gc())
[48.236s][info][gc,phases,start] GC(22) Phase 1: Mark live objects
[48.249s][info][gc,phases      ] GC(22) Phase 1: Mark live objects 13.026ms
[48.249s][info][gc,phases,start] GC(22) Phase 2: Compute new object addresses
[48.382s][info][gc,phases      ] GC(22) Phase 2: Compute new object addresses 132.190ms
[48.382s][info][gc,phases,start] GC(22) Phase 3: Adjust pointers
[48.385s][info][gc,phases      ] GC(22) Phase 3: Adjust pointers 3.366ms
[48.385s][info][gc,phases,start] GC(22) Phase 4: Move objects
[48.385s][info][gc,phases      ] GC(22) Phase 4: Move objects 0.012ms
[48.385s][info][gc,heap        ] GC(22) DefNew: 514793K(629120K)->0K(629120K) Eden: 513561K(559232K)->0K(559232K) From: 1231K(69888K)->0K(69888K)
[48.385s][info][gc,heap        ] GC(22) Tenured: 4071K(1398144K)->4070K(1398144K)
[48.385s][info][gc,metaspace   ] GC(22) Metaspace: 9865K(10176K)->9865K(10176K) NonClass: 8564K(8768K)->8564K(8768K) Class: 1300K(1408K)->1300K(1408K)
[48.385s][info][gc             ] GC(22) Pause Full (System.gc()) 506M->3M(1979M) 149.027ms
[48.385s][info][gc,cpu         ] GC(22) User=0.16s Sys=0.00s Real=0.16s
[50.567s][info][gc,start       ] GC(23) Pause Young (Allocation Failure)
[50.572s][info][gc,heap        ] GC(23) DefNew: 559232K(629120K)->1263K(629120K) Eden: 559232K(559232K)->0K(559232K) From: 0K(69888K)->1263K(69888K)
[50.572s][info][gc,heap        ] GC(23) Tenured: 4070K(1398144K)->4070K(1398144K)
[50.572s][info][gc,metaspace   ] GC(23) Metaspace: 9866K(10176K)->9866K(10176K) NonClass: 8565K(8768K)->8565K(8768K) Class: 1300K(1408K)->1300K(1408K)
[50.572s][info][gc             ] GC(23) Pause Young (Allocation Failure) 550M->5M(1979M) 4.446ms
[50.572s][info][gc,cpu         ] GC(23) User=0.00s Sys=0.00s Real=0.00s
[52.782s][info][gc,start       ] GC(24) Pause Young (Allocation Failure)
[52.786s][info][gc,heap        ] GC(24) DefNew: 560495K(629120K)->1204K(629120K) Eden: 559232K(559232K)->0K(559232K) From: 1263K(69888K)->1204K(69888K)
[52.786s][info][gc,heap        ] GC(24) Tenured: 4070K(1398144K)->4070K(1398144K)
[52.786s][info][gc,metaspace   ] GC(24) Metaspace: 9866K(10176K)->9866K(10176K) NonClass: 8565K(8768K)->8565K(8768K) Class: 1300K(1408K)->1300K(1408K)
[52.786s][info][gc             ] GC(24) Pause Young (Allocation Failure) 551M->5M(1979M) 3.995ms
[52.786s][info][gc,cpu         ] GC(24) User=0.00s Sys=0.00s Real=0.00s
[54.823s][info][gc,start       ] GC(25) Pause Full (System.gc())
[54.824s][info][gc,phases,start] GC(25) Phase 1: Mark live objects
[54.837s][info][gc,phases      ] GC(25) Phase 1: Mark live objects 13.655ms
[54.837s][info][gc,phases,start] GC(25) Phase 2: Compute new object addresses
[54.979s][info][gc,phases      ] GC(25) Phase 2: Compute new object addresses 141.494ms
[54.979s][info][gc,phases,start] GC(25) Phase 3: Adjust pointers
[54.982s][info][gc,phases      ] GC(25) Phase 3: Adjust pointers 3.473ms
[54.982s][info][gc,phases,start] GC(25) Phase 4: Move objects
[54.982s][info][gc,phases      ] GC(25) Phase 4: Move objects 0.012ms
[54.982s][info][gc,heap        ] GC(25) DefNew: 512253K(629120K)->0K(629120K) Eden: 511049K(559232K)->0K(559232K) From: 1204K(69888K)->0K(69888K)
[54.982s][info][gc,heap        ] GC(25) Tenured: 4070K(1398144K)->4071K(1398144K)
[54.982s][info][gc,metaspace   ] GC(25) Metaspace: 9866K(10176K)->9866K(10176K) NonClass: 8566K(8768K)->8566K(8768K) Class: 1300K(1408K)->1300K(1408K)
[54.982s][info][gc             ] GC(25) Pause Full (System.gc()) 504M->3M(1979M) 159.086ms
[54.982s][info][gc,cpu         ] GC(25) User=0.17s Sys=0.00s Real=0.17s
[57.184s][info][gc,start       ] GC(26) Pause Young (Allocation Failure)
[57.189s][info][gc,heap        ] GC(26) DefNew: 559232K(629120K)->1205K(629120K) Eden: 559232K(559232K)->0K(559232K) From: 0K(69888K)->1205K(69888K)
[57.189s][info][gc,heap        ] GC(26) Tenured: 4071K(1398144K)->4071K(1398144K)
[57.189s][info][gc,metaspace   ] GC(26) Metaspace: 9870K(10176K)->9870K(10176K) NonClass: 8569K(8768K)->8569K(8768K) Class: 1300K(1408K)->1300K(1408K)
[57.189s][info][gc             ] GC(26) Pause Young (Allocation Failure) 550M->5M(1979M) 4.345ms
[57.189s][info][gc,cpu         ] GC(26) User=0.03s Sys=0.00s Real=0.02s
[59.374s][info][gc,start       ] GC(27) Pause Young (Allocation Failure)
[59.378s][info][gc,heap        ] GC(27) DefNew: 560437K(629120K)->1095K(629120K) Eden: 559232K(559232K)->0K(559232K) From: 1205K(69888K)->1095K(69888K)
[59.378s][info][gc,heap        ] GC(27) Tenured: 4071K(1398144K)->4071K(1398144K)
[59.378s][info][gc,metaspace   ] GC(27) Metaspace: 9870K(10176K)->9870K(10176K) NonClass: 8569K(8768K)->8569K(8768K) Class: 1300K(1408K)->1300K(1408K)
[59.378s][info][gc             ] GC(27) Pause Young (Allocation Failure) 551M->5M(1979M) 3.906ms
[59.378s][info][gc,cpu         ] GC(27) User=0.00s Sys=0.00s Real=0.00s
[61.389s][info][gc,start       ] GC(28) Pause Full (System.gc())
[61.389s][info][gc,phases,start] GC(28) Phase 1: Mark live objects
[61.402s][info][gc,phases      ] GC(28) Phase 1: Mark live objects 13.405ms
[61.402s][info][gc,phases,start] GC(28) Phase 2: Compute new object addresses
[61.532s][info][gc,phases      ] GC(28) Phase 2: Compute new object addresses 129.817ms
[61.532s][info][gc,phases,start] GC(28) Phase 3: Adjust pointers
[61.536s][info][gc,phases      ] GC(28) Phase 3: Adjust pointers 3.361ms
[61.536s][info][gc,phases,start] GC(28) Phase 4: Move objects
[61.536s][info][gc,phases      ] GC(28) Phase 4: Move objects 0.011ms
[61.536s][info][gc,heap        ] GC(28) DefNew: 516111K(629120K)->0K(629120K) Eden: 515016K(559232K)->0K(559232K) From: 1095K(69888K)->0K(69888K)
[61.536s][info][gc,heap        ] GC(28) Tenured: 4071K(1398144K)->4071K(1398144K)
[61.536s][info][gc,metaspace   ] GC(28) Metaspace: 9870K(10176K)->9870K(10176K) NonClass: 8569K(8768K)->8569K(8768K) Class: 1300K(1408K)->1300K(1408K)
[61.536s][info][gc             ] GC(28) Pause Full (System.gc()) 507M->3M(1979M) 147.073ms
[61.536s][info][gc,cpu         ] GC(28) User=0.14s Sys=0.00s Real=0.15s
[63.752s][info][gc,start       ] GC(29) Pause Young (Allocation Failure)
[63.755s][info][gc,heap        ] GC(29) DefNew: 559232K(629120K)->1088K(629120K) Eden: 559232K(559232K)->0K(559232K) From: 0K(69888K)->1088K(69888K)
[63.756s][info][gc,heap        ] GC(29) Tenured: 4071K(1398144K)->4071K(1398144K)
[63.756s][info][gc,metaspace   ] GC(29) Metaspace: 9870K(10176K)->9870K(10176K) NonClass: 8569K(8768K)->8569K(8768K) Class: 1300K(1408K)->1300K(1408K)
[63.756s][info][gc             ] GC(29) Pause Young (Allocation Failure) 550M->5M(1979M) 3.966ms
[63.756s][info][gc,cpu         ] GC(29) User=0.00s Sys=0.00s Real=0.00s
[65.942s][info][gc,start       ] GC(30) Pause Young (Allocation Failure)
[65.945s][info][gc,heap        ] GC(30) DefNew: 560320K(629120K)->1205K(629120K) Eden: 559232K(559232K)->0K(559232K) From: 1088K(69888K)->1205K(69888K)
[65.945s][info][gc,heap        ] GC(30) Tenured: 4071K(1398144K)->4071K(1398144K)
[65.945s][info][gc,metaspace   ] GC(30) Metaspace: 9870K(10176K)->9870K(10176K) NonClass: 8569K(8768K)->8569K(8768K) Class: 1300K(1408K)->1300K(1408K)
[65.946s][info][gc             ] GC(30) Pause Young (Allocation Failure) 551M->5M(1979M) 3.988ms
[65.946s][info][gc,cpu         ] GC(30) User=0.00s Sys=0.00s Real=0.00s
[67.958s][info][gc,start       ] GC(31) Pause Full (System.gc())
[67.958s][info][gc,phases,start] GC(31) Phase 1: Mark live objects
[67.972s][info][gc,phases      ] GC(31) Phase 1: Mark live objects 13.701ms
[67.972s][info][gc,phases,start] GC(31) Phase 2: Compute new object addresses
[68.105s][info][gc,phases      ] GC(31) Phase 2: Compute new object addresses 132.364ms
[68.105s][info][gc,phases,start] GC(31) Phase 3: Adjust pointers
[68.108s][info][gc,phases      ] GC(31) Phase 3: Adjust pointers 3.474ms
[68.108s][info][gc,phases,start] GC(31) Phase 4: Move objects
[68.108s][info][gc,phases      ] GC(31) Phase 4: Move objects 0.011ms
[68.108s][info][gc,heap        ] GC(31) DefNew: 513894K(629120K)->0K(629120K) Eden: 512689K(559232K)->0K(559232K) From: 1205K(69888K)->0K(69888K)
[68.108s][info][gc,heap        ] GC(31) Tenured: 4071K(1398144K)->4071K(1398144K)
[68.108s][info][gc,metaspace   ] GC(31) Metaspace: 9870K(10176K)->9870K(10176K) NonClass: 8569K(8768K)->8569K(8768K) Class: 1300K(1408K)->1300K(1408K)
[68.108s][info][gc             ] GC(31) Pause Full (System.gc()) 505M->3M(1979M) 149.984ms
[68.108s][info][gc,cpu         ] GC(31) User=0.16s Sys=0.00s Real=0.16s
[70.282s][info][gc,start       ] GC(32) Pause Young (Allocation Failure)
[70.286s][info][gc,heap        ] GC(32) DefNew: 559232K(629120K)->1311K(629120K) Eden: 559232K(559232K)->0K(559232K) From: 0K(69888K)->1311K(69888K)
[70.286s][info][gc,heap        ] GC(32) Tenured: 4071K(1398144K)->4071K(1398144K)
[70.286s][info][gc,metaspace   ] GC(32) Metaspace: 9871K(10176K)->9871K(10176K) NonClass: 8570K(8768K)->8570K(8768K) Class: 1300K(1408K)->1300K(1408K)
[70.286s][info][gc             ] GC(32) Pause Young (Allocation Failure) 550M->5M(1979M) 4.546ms
[70.286s][info][gc,cpu         ] GC(32) User=0.00s Sys=0.00s Real=0.00s
[72.502s][info][gc,start       ] GC(33) Pause Young (Allocation Failure)
[72.506s][info][gc,heap        ] GC(33) DefNew: 560543K(629120K)->1254K(629120K) Eden: 559232K(559232K)->0K(559232K) From: 1311K(69888K)->1254K(69888K)
[72.506s][info][gc,heap        ] GC(33) Tenured: 4071K(1398144K)->4071K(1398144K)
[72.506s][info][gc,metaspace   ] GC(33) Metaspace: 9871K(10176K)->9871K(10176K) NonClass: 8570K(8768K)->8570K(8768K) Class: 1300K(1408K)->1300K(1408K)
[72.506s][info][gc             ] GC(33) Pause Young (Allocation Failure) 551M->5M(1979M) 4.120ms
[72.506s][info][gc,cpu         ] GC(33) User=0.02s Sys=0.00s Real=0.02s
[74.557s][info][gc,start       ] GC(34) Pause Full (System.gc())
[74.557s][info][gc,phases,start] GC(34) Phase 1: Mark live objects
[74.571s][info][gc,phases      ] GC(34) Phase 1: Mark live objects 13.056ms
[74.571s][info][gc,phases,start] GC(34) Phase 2: Compute new object addresses
[74.705s][info][gc,phases      ] GC(34) Phase 2: Compute new object addresses 133.980ms
[74.705s][info][gc,phases,start] GC(34) Phase 3: Adjust pointers
[74.708s][info][gc,phases      ] GC(34) Phase 3: Adjust pointers 3.474ms
[74.708s][info][gc,phases,start] GC(34) Phase 4: Move objects
[74.708s][info][gc,phases      ] GC(34) Phase 4: Move objects 0.013ms
[74.708s][info][gc,heap        ] GC(34) DefNew: 522885K(629120K)->0K(629120K) Eden: 521631K(559232K)->0K(559232K) From: 1254K(69888K)->0K(69888K)
[74.708s][info][gc,heap        ] GC(34) Tenured: 4071K(1398144K)->4071K(1398144K)
[74.708s][info][gc,metaspace   ] GC(34) Metaspace: 9872K(10176K)->9872K(10176K) NonClass: 8571K(8768K)->8571K(8768K) Class: 1300K(1408K)->1300K(1408K)
[74.708s][info][gc             ] GC(34) Pause Full (System.gc()) 514M->3M(1979M) 150.959ms
[74.708s][info][gc,cpu         ] GC(34) User=0.14s Sys=0.00s Real=0.14s
[76.901s][info][gc,start       ] GC(35) Pause Young (Allocation Failure)
[76.906s][info][gc,heap        ] GC(35) DefNew: 559232K(629120K)->1266K(629120K) Eden: 559232K(559232K)->0K(559232K) From: 0K(69888K)->1266K(69888K)
[76.906s][info][gc,heap        ] GC(35) Tenured: 4071K(1398144K)->4071K(1398144K)
[76.906s][info][gc,metaspace   ] GC(35) Metaspace: 9886K(10240K)->9886K(10240K) NonClass: 8586K(8832K)->8586K(8832K) Class: 1300K(1408K)->1300K(1408K)
[76.906s][info][gc             ] GC(35) Pause Young (Allocation Failure) 550M->5M(1979M) 4.480ms
[76.906s][info][gc,cpu         ] GC(35) User=0.02s Sys=0.00s Real=0.01s
[79.137s][info][gc,start       ] GC(36) Pause Young (Allocation Failure)
[79.141s][info][gc,heap        ] GC(36) DefNew: 560498K(629120K)->1295K(629120K) Eden: 559232K(559232K)->0K(559232K) From: 1266K(69888K)->1295K(69888K)
[79.141s][info][gc,heap        ] GC(36) Tenured: 4071K(1398144K)->4071K(1398144K)
[79.141s][info][gc,metaspace   ] GC(36) Metaspace: 9886K(10240K)->9886K(10240K) NonClass: 8586K(8832K)->8586K(8832K) Class: 1300K(1408K)->1300K(1408K)
[79.141s][info][gc             ] GC(36) Pause Young (Allocation Failure) 551M->5M(1979M) 4.362ms
[79.142s][info][gc,cpu         ] GC(36) User=0.02s Sys=0.00s Real=0.02s
[81.160s][info][gc,start       ] GC(37) Pause Full (System.gc())
[81.160s][info][gc,phases,start] GC(37) Phase 1: Mark live objects
[81.174s][info][gc,phases      ] GC(37) Phase 1: Mark live objects 13.817ms
[81.174s][info][gc,phases,start] GC(37) Phase 2: Compute new object addresses
[81.304s][info][gc,phases      ] GC(37) Phase 2: Compute new object addresses 130.146ms
[81.304s][info][gc,phases,start] GC(37) Phase 3: Adjust pointers
[81.307s][info][gc,phases      ] GC(37) Phase 3: Adjust pointers 3.357ms
[81.307s][info][gc,phases,start] GC(37) Phase 4: Move objects
[81.307s][info][gc,phases      ] GC(37) Phase 4: Move objects 0.011ms
[81.307s][info][gc,heap        ] GC(37) DefNew: 513042K(629120K)->0K(629120K) Eden: 511746K(559232K)->0K(559232K) From: 1295K(69888K)->0K(69888K)
[81.307s][info][gc,heap        ] GC(37) Tenured: 4071K(1398144K)->4071K(1398144K)
[81.307s][info][gc,metaspace   ] GC(37) Metaspace: 9888K(10240K)->9888K(10240K) NonClass: 8587K(8832K)->8587K(8832K) Class: 1300K(1408K)->1300K(1408K)
[81.307s][info][gc             ] GC(37) Pause Full (System.gc()) 504M->3M(1979M) 147.767ms
[81.307s][info][gc,cpu         ] GC(37) User=0.16s Sys=0.00s Real=0.16s
[83.495s][info][gc,start       ] GC(38) Pause Young (Allocation Failure)
[83.499s][info][gc,heap        ] GC(38) DefNew: 559232K(629120K)->1163K(629120K) Eden: 559232K(559232K)->0K(559232K) From: 0K(69888K)->1163K(69888K)
[83.499s][info][gc,heap        ] GC(38) Tenured: 4071K(1398144K)->4071K(1398144K)
[83.499s][info][gc,metaspace   ] GC(38) Metaspace: 9889K(10240K)->9889K(10240K) NonClass: 8588K(8832K)->8588K(8832K) Class: 1300K(1408K)->1300K(1408K)
[83.499s][info][gc             ] GC(38) Pause Young (Allocation Failure) 550M->5M(1979M) 4.201ms
[83.499s][info][gc,cpu         ] GC(38) User=0.00s Sys=0.00s Real=0.00s
[85.687s][info][gc,start       ] GC(39) Pause Young (Allocation Failure)
[85.691s][info][gc,heap        ] GC(39) DefNew: 560395K(629120K)->1187K(629120K) Eden: 559232K(559232K)->0K(559232K) From: 1163K(69888K)->1187K(69888K)
[85.691s][info][gc,heap        ] GC(39) Tenured: 4071K(1398144K)->4071K(1398144K)
[85.691s][info][gc,metaspace   ] GC(39) Metaspace: 9889K(10240K)->9889K(10240K) NonClass: 8588K(8832K)->8588K(8832K) Class: 1300K(1408K)->1300K(1408K)
[85.691s][info][gc             ] GC(39) Pause Young (Allocation Failure) 551M->5M(1979M) 3.926ms
[85.691s][info][gc,cpu         ] GC(39) User=0.00s Sys=0.00s Real=0.00s
[87.709s][info][gc,start       ] GC(40) Pause Full (System.gc())
[87.709s][info][gc,phases,start] GC(40) Phase 1: Mark live objects
[87.723s][info][gc,phases      ] GC(40) Phase 1: Mark live objects 13.838ms
[87.723s][info][gc,phases,start] GC(40) Phase 2: Compute new object addresses
[87.857s][info][gc,phases      ] GC(40) Phase 2: Compute new object addresses 133.862ms
[87.857s][info][gc,phases,start] GC(40) Phase 3: Adjust pointers
[87.860s][info][gc,phases      ] GC(40) Phase 3: Adjust pointers 3.400ms
[87.860s][info][gc,phases,start] GC(40) Phase 4: Move objects
[87.860s][info][gc,phases      ] GC(40) Phase 4: Move objects 0.012ms
[87.860s][info][gc,heap        ] GC(40) DefNew: 516816K(629120K)->0K(629120K) Eden: 515629K(559232K)->0K(559232K) From: 1187K(69888K)->0K(69888K)
[87.860s][info][gc,heap        ] GC(40) Tenured: 4071K(1398144K)->4072K(1398144K)
[87.860s][info][gc,metaspace   ] GC(40) Metaspace: 9892K(10240K)->9892K(10240K) NonClass: 8591K(8832K)->8591K(8832K) Class: 1300K(1408K)->1300K(1408K)
[87.860s][info][gc             ] GC(40) Pause Full (System.gc()) 508M->3M(1979M) 151.548ms
[87.860s][info][gc,cpu         ] GC(40) User=0.14s Sys=0.00s Real=0.14s
[90.048s][info][gc,start       ] GC(41) Pause Young (Allocation Failure)
[90.053s][info][gc,heap        ] GC(41) DefNew: 559232K(629120K)->1266K(629120K) Eden: 559232K(559232K)->0K(559232K) From: 0K(69888K)->1266K(69888K)
[90.053s][info][gc,heap        ] GC(41) Tenured: 4072K(1398144K)->4072K(1398144K)
[90.053s][info][gc,metaspace   ] GC(41) Metaspace: 9897K(10240K)->9897K(10240K) NonClass: 8596K(8832K)->8596K(8832K) Class: 1300K(1408K)->1300K(1408K)
[90.053s][info][gc             ] GC(41) Pause Young (Allocation Failure) 550M->5M(1979M) 4.417ms
[90.053s][info][gc,cpu         ] GC(41) User=0.00s Sys=0.00s Real=0.00s
[92.243s][info][gc,start       ] GC(42) Pause Young (Allocation Failure)
[92.247s][info][gc,heap        ] GC(42) DefNew: 560498K(629120K)->1313K(629120K) Eden: 559232K(559232K)->0K(559232K) From: 1266K(69888K)->1313K(69888K)
[92.247s][info][gc,heap        ] GC(42) Tenured: 4072K(1398144K)->4072K(1398144K)
[92.247s][info][gc,metaspace   ] GC(42) Metaspace: 9897K(10240K)->9897K(10240K) NonClass: 8596K(8832K)->8596K(8832K) Class: 1300K(1408K)->1300K(1408K)
[92.247s][info][gc             ] GC(42) Pause Young (Allocation Failure) 551M->5M(1979M) 4.382ms
[92.247s][info][gc,cpu         ] GC(42) User=0.00s Sys=0.00s Real=0.00s
[94.247s][info][gc,start       ] GC(43) Pause Full (System.gc())
[94.247s][info][gc,phases,start] GC(43) Phase 1: Mark live objects
[94.260s][info][gc,phases      ] GC(43) Phase 1: Mark live objects 12.881ms
[94.260s][info][gc,phases,start] GC(43) Phase 2: Compute new object addresses
[94.390s][info][gc,phases      ] GC(43) Phase 2: Compute new object addresses 130.091ms
[94.390s][info][gc,phases,start] GC(43) Phase 3: Adjust pointers
[94.394s][info][gc,phases      ] GC(43) Phase 3: Adjust pointers 3.471ms
[94.394s][info][gc,phases,start] GC(43) Phase 4: Move objects
[94.394s][info][gc,phases      ] GC(43) Phase 4: Move objects 0.011ms
[94.394s][info][gc,heap        ] GC(43) DefNew: 516946K(629120K)->0K(629120K) Eden: 515632K(559232K)->0K(559232K) From: 1313K(69888K)->0K(69888K)
[94.394s][info][gc,heap        ] GC(43) Tenured: 4072K(1398144K)->4072K(1398144K)
[94.394s][info][gc,metaspace   ] GC(43) Metaspace: 9897K(10240K)->9897K(10240K) NonClass: 8596K(8832K)->8596K(8832K) Class: 1300K(1408K)->1300K(1408K)
[94.394s][info][gc             ] GC(43) Pause Full (System.gc()) 508M->3M(1979M) 146.881ms
[94.394s][info][gc,cpu         ] GC(43) User=0.16s Sys=0.00s Real=0.16s
[96.574s][info][gc,start       ] GC(44) Pause Young (Allocation Failure)
[96.578s][info][gc,heap        ] GC(44) DefNew: 559232K(629120K)->1283K(629120K) Eden: 559232K(559232K)->0K(559232K) From: 0K(69888K)->1283K(69888K)
[96.578s][info][gc,heap        ] GC(44) Tenured: 4072K(1398144K)->4072K(1398144K)
[96.578s][info][gc,metaspace   ] GC(44) Metaspace: 9902K(10240K)->9902K(10240K) NonClass: 8601K(8832K)->8601K(8832K) Class: 1300K(1408K)->1300K(1408K)
[96.579s][info][gc             ] GC(44) Pause Young (Allocation Failure) 550M->5M(1979M) 4.585ms
[96.579s][info][gc,cpu         ] GC(44) User=0.00s Sys=0.00s Real=0.00s
[98.764s][info][gc,start       ] GC(45) Pause Young (Allocation Failure)
[98.768s][info][gc,heap        ] GC(45) DefNew: 560515K(629120K)->1210K(629120K) Eden: 559232K(559232K)->0K(559232K) From: 1283K(69888K)->1210K(69888K)
[98.768s][info][gc,heap        ] GC(45) Tenured: 4072K(1398144K)->4072K(1398144K)
[98.768s][info][gc,metaspace   ] GC(45) Metaspace: 9902K(10240K)->9902K(10240K) NonClass: 8601K(8832K)->8601K(8832K) Class: 1300K(1408K)->1300K(1408K)
[98.768s][info][gc             ] GC(45) Pause Young (Allocation Failure) 551M->5M(1979M) 4.280ms
[98.768s][info][gc,cpu         ] GC(45) User=0.02s Sys=0.00s Real=0.02s
[100.804s][info][gc,start       ] GC(46) Pause Full (System.gc())
[100.804s][info][gc,phases,start] GC(46) Phase 1: Mark live objects
[100.818s][info][gc,phases      ] GC(46) Phase 1: Mark live objects 13.483ms
[100.818s][info][gc,phases,start] GC(46) Phase 2: Compute new object addresses
[100.951s][info][gc,phases      ] GC(46) Phase 2: Compute new object addresses 133.207ms
[100.951s][info][gc,phases,start] GC(46) Phase 3: Adjust pointers
[100.954s][info][gc,phases      ] GC(46) Phase 3: Adjust pointers 3.470ms
[100.954s][info][gc,phases,start] GC(46) Phase 4: Move objects
[100.954s][info][gc,phases      ] GC(46) Phase 4: Move objects 0.012ms
[100.954s][info][gc,heap        ] GC(46) DefNew: 518302K(629120K)->0K(629120K) Eden: 517091K(559232K)->0K(559232K) From: 1210K(69888K)->0K(69888K)
[100.954s][info][gc,heap        ] GC(46) Tenured: 4072K(1398144K)->4075K(1398144K)
[100.955s][info][gc,metaspace   ] GC(46) Metaspace: 9903K(10240K)->9903K(10240K) NonClass: 8602K(8832K)->8602K(8832K) Class: 1300K(1408K)->1300K(1408K)
[100.955s][info][gc             ] GC(46) Pause Full (System.gc()) 510M->3M(1979M) 150.598ms
[100.955s][info][gc,cpu         ] GC(46) User=0.16s Sys=0.00s Real=0.16s
[103.116s][info][gc,start       ] GC(47) Pause Young (Allocation Failure)
[103.120s][info][gc,heap        ] GC(47) DefNew: 559232K(629120K)->1213K(629120K) Eden: 559232K(559232K)->0K(559232K) From: 0K(69888K)->1213K(69888K)
[103.120s][info][gc,heap        ] GC(47) Tenured: 4075K(1398144K)->4075K(1398144K)
[103.120s][info][gc,metaspace   ] GC(47) Metaspace: 9903K(10240K)->9903K(10240K) NonClass: 8602K(8832K)->8602K(8832K) Class: 1300K(1408K)->1300K(1408K)
[103.120s][info][gc             ] GC(47) Pause Young (Allocation Failure) 550M->5M(1979M) 4.332ms
[103.121s][info][gc,cpu         ] GC(47) User=0.00s Sys=0.00s Real=0.00s
[105.320s][info][gc,start       ] GC(48) Pause Young (Allocation Failure)
[105.324s][info][gc,heap        ] GC(48) DefNew: 560445K(629120K)->1264K(629120K) Eden: 559232K(559232K)->0K(559232K) From: 1213K(69888K)->1264K(69888K)
[105.324s][info][gc,heap        ] GC(48) Tenured: 4075K(1398144K)->4075K(1398144K)
[105.324s][info][gc,metaspace   ] GC(48) Metaspace: 9903K(10240K)->9903K(10240K) NonClass: 8602K(8832K)->8602K(8832K) Class: 1300K(1408K)->1300K(1408K)
[105.324s][info][gc             ] GC(48) Pause Young (Allocation Failure) 551M->5M(1979M) 4.282ms
[105.324s][info][gc,cpu         ] GC(48) User=0.00s Sys=0.00s Real=0.00s
[107.347s][info][gc,start       ] GC(49) Pause Full (System.gc())
[107.347s][info][gc,phases,start] GC(49) Phase 1: Mark live objects
[107.361s][info][gc,phases      ] GC(49) Phase 1: Mark live objects 13.934ms
[107.361s][info][gc,phases,start] GC(49) Phase 2: Compute new object addresses
[107.498s][info][gc,phases      ] GC(49) Phase 2: Compute new object addresses 137.269ms
[107.498s][info][gc,phases,start] GC(49) Phase 3: Adjust pointers
[107.505s][info][gc,phases      ] GC(49) Phase 3: Adjust pointers 7.159ms
[107.505s][info][gc,phases,start] GC(49) Phase 4: Move objects
[107.505s][info][gc,phases      ] GC(49) Phase 4: Move objects 0.021ms
[107.505s][info][gc,heap        ] GC(49) DefNew: 513481K(629120K)->0K(629120K) Eden: 512216K(559232K)->0K(559232K) From: 1264K(69888K)->0K(69888K)
[107.505s][info][gc,heap        ] GC(49) Tenured: 4075K(1398144K)->4075K(1398144K)
[107.505s][info][gc,metaspace   ] GC(49) Metaspace: 9903K(10240K)->9903K(10240K) NonClass: 8602K(8832K)->8602K(8832K) Class: 1300K(1408K)->1300K(1408K)
[107.506s][info][gc             ] GC(49) Pause Full (System.gc()) 505M->3M(1979M) 158.959ms
[107.506s][info][gc,cpu         ] GC(49) User=0.17s Sys=0.00s Real=0.16s
[109.694s][info][gc,start       ] GC(50) Pause Young (Allocation Failure)
[109.698s][info][gc,heap        ] GC(50) DefNew: 559232K(629120K)->1233K(629120K) Eden: 559232K(559232K)->0K(559232K) From: 0K(69888K)->1233K(69888K)
[109.698s][info][gc,heap        ] GC(50) Tenured: 4075K(1398144K)->4075K(1398144K)
[109.698s][info][gc,metaspace   ] GC(50) Metaspace: 9903K(10240K)->9903K(10240K) NonClass: 8602K(8832K)->8602K(8832K) Class: 1300K(1408K)->1300K(1408K)
[109.698s][info][gc             ] GC(50) Pause Young (Allocation Failure) 550M->5M(1979M) 4.354ms
[109.698s][info][gc,cpu         ] GC(50) User=0.00s Sys=0.00s Real=0.00s
[111.877s][info][gc,start       ] GC(51) Pause Young (Allocation Failure)
[111.881s][info][gc,heap        ] GC(51) DefNew: 560465K(629120K)->1130K(629120K) Eden: 559232K(559232K)->0K(559232K) From: 1233K(69888K)->1130K(69888K)
[111.881s][info][gc,heap        ] GC(51) Tenured: 4075K(1398144K)->4075K(1398144K)
[111.881s][info][gc,metaspace   ] GC(51) Metaspace: 9903K(10240K)->9903K(10240K) NonClass: 8602K(8832K)->8602K(8832K) Class: 1300K(1408K)->1300K(1408K)
[111.881s][info][gc             ] GC(51) Pause Young (Allocation Failure) 551M->5M(1979M) 3.929ms
[111.881s][info][gc,cpu         ] GC(51) User=0.00s Sys=0.00s Real=0.00s
[113.898s][info][gc,start       ] GC(52) Pause Full (System.gc())
[113.898s][info][gc,phases,start] GC(52) Phase 1: Mark live objects
[113.912s][info][gc,phases      ] GC(52) Phase 1: Mark live objects 13.858ms
[113.912s][info][gc,phases,start] GC(52) Phase 2: Compute new object addresses
[114.043s][info][gc,phases      ] GC(52) Phase 2: Compute new object addresses 131.358ms
[114.043s][info][gc,phases,start] GC(52) Phase 3: Adjust pointers
[114.047s][info][gc,phases      ] GC(52) Phase 3: Adjust pointers 3.462ms
[114.047s][info][gc,phases,start] GC(52) Phase 4: Move objects
[114.047s][info][gc,phases      ] GC(52) Phase 4: Move objects 0.011ms
[114.047s][info][gc,heap        ] GC(52) DefNew: 514364K(629120K)->0K(629120K) Eden: 513233K(559232K)->0K(559232K) From: 1130K(69888K)->0K(69888K)
[114.047s][info][gc,heap        ] GC(52) Tenured: 4075K(1398144K)->4075K(1398144K)
[114.047s][info][gc,metaspace   ] GC(52) Metaspace: 9903K(10240K)->9903K(10240K) NonClass: 8602K(8832K)->8602K(8832K) Class: 1300K(1408K)->1300K(1408K)
[114.047s][info][gc             ] GC(52) Pause Full (System.gc()) 506M->3M(1979M) 149.094ms
[114.047s][info][gc,cpu         ] GC(52) User=0.16s Sys=0.00s Real=0.15s
[116.229s][info][gc,start       ] GC(53) Pause Young (Allocation Failure)
[116.233s][info][gc,heap        ] GC(53) DefNew: 559232K(629120K)->1214K(629120K) Eden: 559232K(559232K)->0K(559232K) From: 0K(69888K)->1214K(69888K)
[116.233s][info][gc,heap        ] GC(53) Tenured: 4075K(1398144K)->4075K(1398144K)
[116.233s][info][gc,metaspace   ] GC(53) Metaspace: 9903K(10240K)->9903K(10240K) NonClass: 8602K(8832K)->8602K(8832K) Class: 1300K(1408K)->1300K(1408K)
[116.233s][info][gc             ] GC(53) Pause Young (Allocation Failure) 550M->5M(1979M) 4.303ms
[116.233s][info][gc,cpu         ] GC(53) User=0.02s Sys=0.00s Real=0.02s
[118.426s][info][gc,start       ] GC(54) Pause Young (Allocation Failure)
[118.430s][info][gc,heap        ] GC(54) DefNew: 560446K(629120K)->1251K(629120K) Eden: 559232K(559232K)->0K(559232K) From: 1214K(69888K)->1251K(69888K)
[118.430s][info][gc,heap        ] GC(54) Tenured: 4075K(1398144K)->4075K(1398144K)
[118.430s][info][gc,metaspace   ] GC(54) Metaspace: 9903K(10240K)->9903K(10240K) NonClass: 8602K(8832K)->8602K(8832K) Class: 1300K(1408K)->1300K(1408K)
[118.430s][info][gc             ] GC(54) Pause Young (Allocation Failure) 551M->5M(1979M) 4.160ms
[118.430s][info][gc,cpu         ] GC(54) User=0.02s Sys=0.00s Real=0.02s
[120.436s][info][gc,start       ] GC(55) Pause Full (System.gc())
[120.436s][info][gc,phases,start] GC(55) Phase 1: Mark live objects
[120.450s][info][gc,phases      ] GC(55) Phase 1: Mark live objects 13.968ms
[120.450s][info][gc,phases,start] GC(55) Phase 2: Compute new object addresses
[120.588s][info][gc,phases      ] GC(55) Phase 2: Compute new object addresses 137.910ms
[120.588s][info][gc,phases,start] GC(55) Phase 3: Adjust pointers
[120.591s][info][gc,phases      ] GC(55) Phase 3: Adjust pointers 3.507ms
[120.591s][info][gc,phases,start] GC(55) Phase 4: Move objects
[120.591s][info][gc,phases      ] GC(55) Phase 4: Move objects 0.013ms
[120.591s][info][gc,heap        ] GC(55) DefNew: 509614K(629120K)->0K(629120K) Eden: 508362K(559232K)->0K(559232K) From: 1251K(69888K)->0K(69888K)
[120.591s][info][gc,heap        ] GC(55) Tenured: 4075K(1398144K)->4076K(1398144K)
[120.591s][info][gc,metaspace   ] GC(55) Metaspace: 9904K(10240K)->9904K(10240K) NonClass: 8603K(8832K)->8603K(8832K) Class: 1300K(1408K)->1300K(1408K)
[120.592s][info][gc             ] GC(55) Pause Full (System.gc()) 501M->3M(1979M) 155.851ms
[120.592s][info][gc,cpu         ] GC(55) User=0.16s Sys=0.00s Real=0.16s
[122.797s][info][gc,start       ] GC(56) Pause Young (Allocation Failure)
[122.801s][info][gc,heap        ] GC(56) DefNew: 559232K(629120K)->1240K(629120K) Eden: 559232K(559232K)->0K(559232K) From: 0K(69888K)->1240K(69888K)
[122.802s][info][gc,heap        ] GC(56) Tenured: 4076K(1398144K)->4076K(1398144K)
[122.802s][info][gc,metaspace   ] GC(56) Metaspace: 9905K(10240K)->9905K(10240K) NonClass: 8604K(8832K)->8604K(8832K) Class: 1300K(1408K)->1300K(1408K)
[122.802s][info][gc             ] GC(56) Pause Young (Allocation Failure) 550M->5M(1979M) 4.326ms
[122.802s][info][gc,cpu         ] GC(56) User=0.00s Sys=0.00s Real=0.00s
[124.987s][info][gc,start       ] GC(57) Pause Young (Allocation Failure)
[124.991s][info][gc,heap        ] GC(57) DefNew: 560472K(629120K)->1229K(629120K) Eden: 559232K(559232K)->0K(559232K) From: 1240K(69888K)->1229K(69888K)
[124.991s][info][gc,heap        ] GC(57) Tenured: 4076K(1398144K)->4076K(1398144K)
[124.991s][info][gc,metaspace   ] GC(57) Metaspace: 9905K(10240K)->9905K(10240K) NonClass: 8604K(8832K)->8604K(8832K) Class: 1300K(1408K)->1300K(1408K)
[124.991s][info][gc             ] GC(57) Pause Young (Allocation Failure) 551M->5M(1979M) 4.407ms
[124.991s][info][gc,cpu         ] GC(57) User=0.02s Sys=0.00s Real=0.02s
[126.998s][info][gc,start       ] GC(58) Pause Full (System.gc())
[126.998s][info][gc,phases,start] GC(58) Phase 1: Mark live objects
[127.012s][info][gc,phases      ] GC(58) Phase 1: Mark live objects 13.913ms
[127.012s][info][gc,phases,start] GC(58) Phase 2: Compute new object addresses
[127.143s][info][gc,phases      ] GC(58) Phase 2: Compute new object addresses 130.769ms
[127.143s][info][gc,phases,start] GC(58) Phase 3: Adjust pointers
[127.147s][info][gc,phases      ] GC(58) Phase 3: Adjust pointers 3.507ms
[127.147s][info][gc,phases,start] GC(58) Phase 4: Move objects
[127.147s][info][gc,phases      ] GC(58) Phase 4: Move objects 0.013ms
[127.147s][info][gc,heap        ] GC(58) DefNew: 515460K(629120K)->0K(629120K) Eden: 514230K(559232K)->0K(559232K) From: 1229K(69888K)->0K(69888K)
[127.147s][info][gc,heap        ] GC(58) Tenured: 4076K(1398144K)->4075K(1398144K)
[127.147s][info][gc,metaspace   ] GC(58) Metaspace: 9905K(10240K)->9905K(10240K) NonClass: 8604K(8832K)->8604K(8832K) Class: 1300K(1408K)->1300K(1408K)
[127.147s][info][gc             ] GC(58) Pause Full (System.gc()) 507M->3M(1979M) 148.645ms
[127.147s][info][gc,cpu         ] GC(58) User=0.16s Sys=0.00s Real=0.16s
[129.329s][info][gc,start       ] GC(59) Pause Young (Allocation Failure)
[129.333s][info][gc,heap        ] GC(59) DefNew: 559232K(629120K)->1215K(629120K) Eden: 559232K(559232K)->0K(559232K) From: 0K(69888K)->1215K(69888K)
[129.333s][info][gc,heap        ] GC(59) Tenured: 4075K(1398144K)->4075K(1398144K)
[129.333s][info][gc,metaspace   ] GC(59) Metaspace: 9905K(10240K)->9905K(10240K) NonClass: 8604K(8832K)->8604K(8832K) Class: 1300K(1408K)->1300K(1408K)
[129.333s][info][gc             ] GC(59) Pause Young (Allocation Failure) 550M->5M(1979M) 4.405ms
[129.334s][info][gc,cpu         ] GC(59) User=0.02s Sys=0.00s Real=0.01s
[131.522s][info][gc,start       ] GC(60) Pause Young (Allocation Failure)
[131.526s][info][gc,heap        ] GC(60) DefNew: 560447K(629120K)->1209K(629120K) Eden: 559232K(559232K)->0K(559232K) From: 1215K(69888K)->1209K(69888K)
[131.526s][info][gc,heap        ] GC(60) Tenured: 4075K(1398144K)->4075K(1398144K)
[131.526s][info][gc,metaspace   ] GC(60) Metaspace: 9905K(10240K)->9905K(10240K) NonClass: 8604K(8832K)->8604K(8832K) Class: 1300K(1408K)->1300K(1408K)
[131.526s][info][gc             ] GC(60) Pause Young (Allocation Failure) 551M->5M(1979M) 4.029ms
[131.526s][info][gc,cpu         ] GC(60) User=0.00s Sys=0.00s Real=0.00s
[133.579s][info][gc,start       ] GC(61) Pause Full (System.gc())
[133.580s][info][gc,phases,start] GC(61) Phase 1: Mark live objects
[133.594s][info][gc,phases      ] GC(61) Phase 1: Mark live objects 13.914ms
[133.594s][info][gc,phases,start] GC(61) Phase 2: Compute new object addresses
[133.726s][info][gc,phases      ] GC(61) Phase 2: Compute new object addresses 132.801ms
[133.726s][info][gc,phases,start] GC(61) Phase 3: Adjust pointers
[133.730s][info][gc,phases      ] GC(61) Phase 3: Adjust pointers 3.487ms
[133.730s][info][gc,phases,start] GC(61) Phase 4: Move objects
[133.730s][info][gc,phases      ] GC(61) Phase 4: Move objects 0.012ms
[133.730s][info][gc,heap        ] GC(61) DefNew: 520254K(629120K)->0K(629120K) Eden: 519044K(559232K)->0K(559232K) From: 1209K(69888K)->0K(69888K)
[133.730s][info][gc,heap        ] GC(61) Tenured: 4075K(1398144K)->4075K(1398144K)
[133.730s][info][gc,metaspace   ] GC(61) Metaspace: 9905K(10240K)->9905K(10240K) NonClass: 8604K(8832K)->8604K(8832K) Class: 1300K(1408K)->1300K(1408K)
[133.730s][info][gc             ] GC(61) Pause Full (System.gc()) 512M->3M(1979M) 150.650ms
[133.730s][info][gc,cpu         ] GC(61) User=0.16s Sys=0.00s Real=0.16s
[135.921s][info][gc,start       ] GC(62) Pause Young (Allocation Failure)
[135.925s][info][gc,heap        ] GC(62) DefNew: 559232K(629120K)->1318K(629120K) Eden: 559232K(559232K)->0K(559232K) From: 0K(69888K)->1318K(69888K)
[135.925s][info][gc,heap        ] GC(62) Tenured: 4075K(1398144K)->4075K(1398144K)
[135.925s][info][gc,metaspace   ] GC(62) Metaspace: 9931K(10240K)->9931K(10240K) NonClass: 8630K(8832K)->8630K(8832K) Class: 1300K(1408K)->1300K(1408K)
[135.925s][info][gc             ] GC(62) Pause Young (Allocation Failure) 550M->5M(1979M) 4.639ms
[135.925s][info][gc,cpu         ] GC(62) User=0.00s Sys=0.00s Real=0.00s
[138.116s][info][gc,start       ] GC(63) Pause Young (Allocation Failure)
[138.120s][info][gc,heap        ] GC(63) DefNew: 560550K(629120K)->1194K(629120K) Eden: 559232K(559232K)->0K(559232K) From: 1318K(69888K)->1194K(69888K)
[138.120s][info][gc,heap        ] GC(63) Tenured: 4075K(1398144K)->4075K(1398144K)
[138.120s][info][gc,metaspace   ] GC(63) Metaspace: 9931K(10240K)->9931K(10240K) NonClass: 8630K(8832K)->8630K(8832K) Class: 1300K(1408K)->1300K(1408K)
[138.120s][info][gc             ] GC(63) Pause Young (Allocation Failure) 551M->5M(1979M) 3.892ms
[138.120s][info][gc,cpu         ] GC(63) User=0.00s Sys=0.00s Real=0.00s
[140.135s][info][gc,start       ] GC(64) Pause Full (System.gc())
[140.135s][info][gc,phases,start] GC(64) Phase 1: Mark live objects
[140.149s][info][gc,phases      ] GC(64) Phase 1: Mark live objects 13.561ms
[140.149s][info][gc,phases,start] GC(64) Phase 2: Compute new object addresses
[140.279s][info][gc,phases      ] GC(64) Phase 2: Compute new object addresses 129.916ms
[140.279s][info][gc,phases,start] GC(64) Phase 3: Adjust pointers
[140.282s][info][gc,phases      ] GC(64) Phase 3: Adjust pointers 3.458ms
[140.282s][info][gc,phases,start] GC(64) Phase 4: Move objects
[140.282s][info][gc,phases      ] GC(64) Phase 4: Move objects 0.011ms
[140.282s][info][gc,heap        ] GC(64) DefNew: 514656K(629120K)->0K(629120K) Eden: 513462K(559232K)->0K(559232K) From: 1194K(69888K)->0K(69888K)
[140.282s][info][gc,heap        ] GC(64) Tenured: 4075K(1398144K)->4075K(1398144K)
[140.282s][info][gc,metaspace   ] GC(64) Metaspace: 9931K(10240K)->9931K(10240K) NonClass: 8630K(8832K)->8630K(8832K) Class: 1300K(1408K)->1300K(1408K)
[140.282s][info][gc             ] GC(64) Pause Full (System.gc()) 506M->3M(1979M) 147.366ms
[140.282s][info][gc,cpu         ] GC(64) User=0.16s Sys=0.00s Real=0.16s
[142.443s][info][gc,start       ] GC(65) Pause Young (Allocation Failure)
[142.448s][info][gc,heap        ] GC(65) DefNew: 559232K(629120K)->1174K(629120K) Eden: 559232K(559232K)->0K(559232K) From: 0K(69888K)->1174K(69888K)
[142.448s][info][gc,heap        ] GC(65) Tenured: 4075K(1398144K)->4075K(1398144K)
[142.448s][info][gc,metaspace   ] GC(65) Metaspace: 9931K(10240K)->9931K(10240K) NonClass: 8630K(8832K)->8630K(8832K) Class: 1300K(1408K)->1300K(1408K)
[142.448s][info][gc             ] GC(65) Pause Young (Allocation Failure) 550M->5M(1979M) 4.294ms
[142.448s][info][gc,cpu         ] GC(65) User=0.00s Sys=0.00s Real=0.00s
[144.640s][info][gc,start       ] GC(66) Pause Young (Allocation Failure)
[144.644s][info][gc,heap        ] GC(66) DefNew: 560406K(629120K)->1215K(629120K) Eden: 559232K(559232K)->0K(559232K) From: 1174K(69888K)->1215K(69888K)
[144.644s][info][gc,heap        ] GC(66) Tenured: 4075K(1398144K)->4075K(1398144K)
[144.644s][info][gc,metaspace   ] GC(66) Metaspace: 9931K(10240K)->9931K(10240K) NonClass: 8630K(8832K)->8630K(8832K) Class: 1300K(1408K)->1300K(1408K)
[144.644s][info][gc             ] GC(66) Pause Young (Allocation Failure) 551M->5M(1979M) 4.127ms
[144.644s][info][gc,cpu         ] GC(66) User=0.02s Sys=0.00s Real=0.02s
[146.616s][info][gc,start       ] GC(67) Pause Full (System.gc())
[146.616s][info][gc,phases,start] GC(67) Phase 1: Mark live objects
[146.629s][info][gc,phases      ] GC(67) Phase 1: Mark live objects 13.567ms
[146.629s][info][gc,phases,start] GC(67) Phase 2: Compute new object addresses
[146.758s][info][gc,phases      ] GC(67) Phase 2: Compute new object addresses 128.368ms
[146.758s][info][gc,phases,start] GC(67) Phase 3: Adjust pointers
[146.761s][info][gc,phases      ] GC(67) Phase 3: Adjust pointers 3.460ms
[146.761s][info][gc,phases,start] GC(67) Phase 4: Move objects
[146.761s][info][gc,phases      ] GC(67) Phase 4: Move objects 0.012ms
[146.761s][info][gc,heap        ] GC(67) DefNew: 509787K(629120K)->0K(629120K) Eden: 508571K(559232K)->0K(559232K) From: 1215K(69888K)->0K(69888K)
[146.761s][info][gc,heap        ] GC(67) Tenured: 4075K(1398144K)->4075K(1398144K)
[146.761s][info][gc,metaspace   ] GC(67) Metaspace: 9931K(10240K)->9931K(10240K) NonClass: 8630K(8832K)->8630K(8832K) Class: 1300K(1408K)->1300K(1408K)
[146.761s][info][gc             ] GC(67) Pause Full (System.gc()) 501M->3M(1979M) 145.814ms
[146.761s][info][gc,cpu         ] GC(67) User=0.14s Sys=0.00s Real=0.14s
[148.928s][info][gc,start       ] GC(68) Pause Young (Allocation Failure)
[148.932s][info][gc,heap        ] GC(68) DefNew: 559232K(629120K)->1266K(629120K) Eden: 559232K(559232K)->0K(559232K) From: 0K(69888K)->1266K(69888K)
[148.933s][info][gc,heap        ] GC(68) Tenured: 4075K(1398144K)->4075K(1398144K)
[148.933s][info][gc,metaspace   ] GC(68) Metaspace: 9931K(10240K)->9931K(10240K) NonClass: 8630K(8832K)->8630K(8832K) Class: 1300K(1408K)->1300K(1408K)
[148.933s][info][gc             ] GC(68) Pause Young (Allocation Failure) 550M->5M(1979M) 4.507ms
[148.933s][info][gc,cpu         ] GC(68) User=0.00s Sys=0.00s Real=0.00s
[151.128s][info][gc,start       ] GC(69) Pause Young (Allocation Failure)
[151.132s][info][gc,heap        ] GC(69) DefNew: 560498K(629120K)->1323K(629120K) Eden: 559232K(559232K)->0K(559232K) From: 1266K(69888K)->1323K(69888K)
[151.132s][info][gc,heap        ] GC(69) Tenured: 4075K(1398144K)->4075K(1398144K)
[151.132s][info][gc,metaspace   ] GC(69) Metaspace: 9931K(10240K)->9931K(10240K) NonClass: 8630K(8832K)->8630K(8832K) Class: 1300K(1408K)->1300K(1408K)
[151.132s][info][gc             ] GC(69) Pause Young (Allocation Failure) 551M->5M(1979M) 4.230ms
[151.132s][info][gc,cpu         ] GC(69) User=0.00s Sys=0.00s Real=0.00s
[153.139s][info][gc,start       ] GC(70) Pause Full (System.gc())
[153.140s][info][gc,phases,start] GC(70) Phase 1: Mark live objects
[153.153s][info][gc,phases      ] GC(70) Phase 1: Mark live objects 13.753ms
[153.153s][info][gc,phases,start] GC(70) Phase 2: Compute new object addresses
[153.286s][info][gc,phases      ] GC(70) Phase 2: Compute new object addresses 132.575ms
[153.286s][info][gc,phases,start] GC(70) Phase 3: Adjust pointers
[153.289s][info][gc,phases      ] GC(70) Phase 3: Adjust pointers 3.452ms
[153.289s][info][gc,phases,start] GC(70) Phase 4: Move objects
[153.289s][info][gc,phases      ] GC(70) Phase 4: Move objects 0.013ms
[153.290s][info][gc,heap        ] GC(70) DefNew: 510625K(629120K)->0K(629120K) Eden: 509302K(559232K)->0K(559232K) From: 1323K(69888K)->0K(69888K)
[153.290s][info][gc,heap        ] GC(70) Tenured: 4075K(1398144K)->4075K(1398144K)
[153.290s][info][gc,metaspace   ] GC(70) Metaspace: 9931K(10240K)->9931K(10240K) NonClass: 8630K(8832K)->8630K(8832K) Class: 1300K(1408K)->1300K(1408K)
[153.290s][info][gc             ] GC(70) Pause Full (System.gc()) 502M->3M(1979M) 150.218ms
[153.290s][info][gc,cpu         ] GC(70) User=0.14s Sys=0.00s Real=0.15s
[155.485s][info][gc,start       ] GC(71) Pause Young (Allocation Failure)
[155.489s][info][gc,heap        ] GC(71) DefNew: 559232K(629120K)->1290K(629120K) Eden: 559232K(559232K)->0K(559232K) From: 0K(69888K)->1290K(69888K)
[155.489s][info][gc,heap        ] GC(71) Tenured: 4075K(1398144K)->4075K(1398144K)
[155.489s][info][gc,metaspace   ] GC(71) Metaspace: 9936K(10240K)->9936K(10240K) NonClass: 8635K(8832K)->8635K(8832K) Class: 1300K(1408K)->1300K(1408K)
[155.490s][info][gc             ] GC(71) Pause Young (Allocation Failure) 550M->5M(1979M) 4.525ms
[155.490s][info][gc,cpu         ] GC(71) User=0.00s Sys=0.00s Real=0.00s
[157.644s][info][gc,start       ] GC(72) Pause Young (Allocation Failure)
[157.648s][info][gc,heap        ] GC(72) DefNew: 560522K(629120K)->1187K(629120K) Eden: 559232K(559232K)->0K(559232K) From: 1290K(69888K)->1187K(69888K)
[157.648s][info][gc,heap        ] GC(72) Tenured: 4075K(1398144K)->4075K(1398144K)
[157.648s][info][gc,metaspace   ] GC(72) Metaspace: 9936K(10240K)->9936K(10240K) NonClass: 8635K(8832K)->8635K(8832K) Class: 1300K(1408K)->1300K(1408K)
[157.648s][info][gc             ] GC(72) Pause Young (Allocation Failure) 551M->5M(1979M) 4.248ms
[157.649s][info][gc,cpu         ] GC(72) User=0.00s Sys=0.00s Real=0.00s
[159.638s][info][gc,start       ] GC(73) Pause Full (System.gc())
[159.638s][info][gc,phases,start] GC(73) Phase 1: Mark live objects
[159.652s][info][gc,phases      ] GC(73) Phase 1: Mark live objects 13.617ms
[159.652s][info][gc,phases,start] GC(73) Phase 2: Compute new object addresses
[159.792s][info][gc,phases      ] GC(73) Phase 2: Compute new object addresses 139.722ms
[159.792s][info][gc,phases,start] GC(73) Phase 3: Adjust pointers
[159.795s][info][gc,phases      ] GC(73) Phase 3: Adjust pointers 3.466ms
[159.795s][info][gc,phases,start] GC(73) Phase 4: Move objects
[159.795s][info][gc,phases      ] GC(73) Phase 4: Move objects 0.017ms
[159.795s][info][gc,heap        ] GC(73) DefNew: 512091K(629120K)->0K(629120K) Eden: 510903K(559232K)->0K(559232K) From: 1187K(69888K)->0K(69888K)
[159.795s][info][gc,heap        ] GC(73) Tenured: 4075K(1398144K)->4075K(1398144K)
[159.795s][info][gc,metaspace   ] GC(73) Metaspace: 9938K(10240K)->9938K(10240K) NonClass: 8637K(8832K)->8637K(8832K) Class: 1300K(1408K)->1300K(1408K)
[159.796s][info][gc             ] GC(73) Pause Full (System.gc()) 504M->3M(1979M) 157.254ms
[159.796s][info][gc,cpu         ] GC(73) User=0.16s Sys=0.00s Real=0.16s
[161.976s][info][gc,start       ] GC(74) Pause Young (Allocation Failure)
[161.980s][info][gc,heap        ] GC(74) DefNew: 559232K(629120K)->1389K(629120K) Eden: 559232K(559232K)->0K(559232K) From: 0K(69888K)->1389K(69888K)
[161.980s][info][gc,heap        ] GC(74) Tenured: 4075K(1398144K)->4075K(1398144K)
[161.980s][info][gc,metaspace   ] GC(74) Metaspace: 9938K(10240K)->9938K(10240K) NonClass: 8637K(8832K)->8637K(8832K) Class: 1300K(1408K)->1300K(1408K)
[161.980s][info][gc             ] GC(74) Pause Young (Allocation Failure) 550M->5M(1979M) 4.747ms
[161.980s][info][gc,cpu         ] GC(74) User=0.00s Sys=0.00s Real=0.00s
[164.178s][info][gc,start       ] GC(75) Pause Young (Allocation Failure)
[164.182s][info][gc,heap        ] GC(75) DefNew: 560621K(629120K)->1263K(629120K) Eden: 559232K(559232K)->0K(559232K) From: 1389K(69888K)->1263K(69888K)
[164.182s][info][gc,heap        ] GC(75) Tenured: 4075K(1398144K)->4075K(1398144K)
[164.182s][info][gc,metaspace   ] GC(75) Metaspace: 9938K(10240K)->9938K(10240K) NonClass: 8637K(8832K)->8637K(8832K) Class: 1300K(1408K)->1300K(1408K)
[164.182s][info][gc             ] GC(75) Pause Young (Allocation Failure) 551M->5M(1979M) 4.214ms
[164.182s][info][gc,cpu         ] GC(75) User=0.00s Sys=0.00s Real=0.00s
[166.224s][info][gc,start       ] GC(76) Pause Full (System.gc())
[166.224s][info][gc,phases,start] GC(76) Phase 1: Mark live objects
[166.238s][info][gc,phases      ] GC(76) Phase 1: Mark live objects 13.366ms
[166.238s][info][gc,phases,start] GC(76) Phase 2: Compute new object addresses
[166.370s][info][gc,phases      ] GC(76) Phase 2: Compute new object addresses 131.696ms
[166.370s][info][gc,phases,start] GC(76) Phase 3: Adjust pointers
[166.373s][info][gc,phases      ] GC(76) Phase 3: Adjust pointers 3.423ms
[166.373s][info][gc,phases,start] GC(76) Phase 4: Move objects
[166.373s][info][gc,phases      ] GC(76) Phase 4: Move objects 0.012ms
[166.373s][info][gc,heap        ] GC(76) DefNew: 513757K(629120K)->0K(629120K) Eden: 512493K(559232K)->0K(559232K) From: 1263K(69888K)->0K(69888K)
[166.373s][info][gc,heap        ] GC(76) Tenured: 4075K(1398144K)->4075K(1398144K)
[166.373s][info][gc,metaspace   ] GC(76) Metaspace: 9938K(10240K)->9938K(10240K) NonClass: 8637K(8832K)->8637K(8832K) Class: 1300K(1408K)->1300K(1408K)
[166.373s][info][gc             ] GC(76) Pause Full (System.gc()) 505M->3M(1979M) 148.919ms
[166.373s][info][gc,cpu         ] GC(76) User=0.16s Sys=0.00s Real=0.16s
[168.543s][info][gc,start       ] GC(77) Pause Young (Allocation Failure)
[168.547s][info][gc,heap        ] GC(77) DefNew: 559232K(629120K)->1194K(629120K) Eden: 559232K(559232K)->0K(559232K) From: 0K(69888K)->1194K(69888K)
[168.547s][info][gc,heap        ] GC(77) Tenured: 4075K(1398144K)->4075K(1398144K)
[168.547s][info][gc,metaspace   ] GC(77) Metaspace: 9940K(10304K)->9940K(10304K) NonClass: 8639K(8896K)->8639K(8896K) Class: 1300K(1408K)->1300K(1408K)
[168.547s][info][gc             ] GC(77) Pause Young (Allocation Failure) 550M->5M(1979M) 4.307ms
[168.548s][info][gc,cpu         ] GC(77) User=0.00s Sys=0.00s Real=0.00s
[170.711s][info][gc,start       ] GC(78) Pause Young (Allocation Failure)
[170.716s][info][gc,heap        ] GC(78) DefNew: 560426K(629120K)->1271K(629120K) Eden: 559232K(559232K)->0K(559232K) From: 1194K(69888K)->1271K(69888K)
[170.716s][info][gc,heap        ] GC(78) Tenured: 4075K(1398144K)->4075K(1398144K)
[170.716s][info][gc,metaspace   ] GC(78) Metaspace: 9940K(10304K)->9940K(10304K) NonClass: 8639K(8896K)->8639K(8896K) Class: 1300K(1408K)->1300K(1408K)
[170.716s][info][gc             ] GC(78) Pause Young (Allocation Failure) 551M->5M(1979M) 4.318ms
[170.716s][info][gc,cpu         ] GC(78) User=0.02s Sys=0.00s Real=0.02s
[172.710s][info][gc,start       ] GC(79) Pause Full (System.gc())
[172.711s][info][gc,phases,start] GC(79) Phase 1: Mark live objects
[172.725s][info][gc,phases      ] GC(79) Phase 1: Mark live objects 14.032ms
[172.725s][info][gc,phases,start] GC(79) Phase 2: Compute new object addresses
[172.856s][info][gc,phases      ] GC(79) Phase 2: Compute new object addresses 131.285ms
[172.856s][info][gc,phases,start] GC(79) Phase 3: Adjust pointers
[172.859s][info][gc,phases      ] GC(79) Phase 3: Adjust pointers 3.441ms
[172.859s][info][gc,phases,start] GC(79) Phase 4: Move objects
[172.859s][info][gc,phases      ] GC(79) Phase 4: Move objects 0.012ms
[172.859s][info][gc,heap        ] GC(79) DefNew: 511286K(629120K)->0K(629120K) Eden: 510015K(559232K)->0K(559232K) From: 1271K(69888K)->0K(69888K)
[172.860s][info][gc,heap        ] GC(79) Tenured: 4075K(1398144K)->4076K(1398144K)
[172.860s][info][gc,metaspace   ] GC(79) Metaspace: 9940K(10304K)->9940K(10304K) NonClass: 8639K(8896K)->8639K(8896K) Class: 1300K(1408K)->1300K(1408K)
[172.860s][info][gc             ] GC(79) Pause Full (System.gc()) 503M->3M(1979M) 149.196ms
[172.860s][info][gc,cpu         ] GC(79) User=0.16s Sys=0.00s Real=0.16s
[175.055s][info][gc,start       ] GC(80) Pause Young (Allocation Failure)
[175.060s][info][gc,heap        ] GC(80) DefNew: 559232K(629120K)->1284K(629120K) Eden: 559232K(559232K)->0K(559232K) From: 0K(69888K)->1284K(69888K)
[175.060s][info][gc,heap        ] GC(80) Tenured: 4076K(1398144K)->4076K(1398144K)
[175.060s][info][gc,metaspace   ] GC(80) Metaspace: 9940K(10304K)->9940K(10304K) NonClass: 8639K(8896K)->8639K(8896K) Class: 1300K(1408K)->1300K(1408K)
[175.060s][info][gc             ] GC(80) Pause Young (Allocation Failure) 550M->5M(1979M) 4.499ms
[175.060s][info][gc,cpu         ] GC(80) User=0.00s Sys=0.00s Real=0.00s
[177.277s][info][gc,start       ] GC(81) Pause Young (Allocation Failure)
[177.281s][info][gc,heap        ] GC(81) DefNew: 560516K(629120K)->1231K(629120K) Eden: 559232K(559232K)->0K(559232K) From: 1284K(69888K)->1231K(69888K)
[177.281s][info][gc,heap        ] GC(81) Tenured: 4076K(1398144K)->4076K(1398144K)
[177.281s][info][gc,metaspace   ] GC(81) Metaspace: 9940K(10304K)->9940K(10304K) NonClass: 8639K(8896K)->8639K(8896K) Class: 1300K(1408K)->1300K(1408K)
[177.281s][info][gc             ] GC(81) Pause Young (Allocation Failure) 551M->5M(1979M) 4.027ms
[177.281s][info][gc,cpu         ] GC(81) User=0.02s Sys=0.00s Real=0.02s
[179.310s][info][gc,start       ] GC(82) Pause Full (System.gc())
[179.310s][info][gc,phases,start] GC(82) Phase 1: Mark live objects
[179.325s][info][gc,phases      ] GC(82) Phase 1: Mark live objects 14.082ms
[179.325s][info][gc,phases,start] GC(82) Phase 2: Compute new object addresses
[179.456s][info][gc,phases      ] GC(82) Phase 2: Compute new object addresses 131.777ms
[179.456s][info][gc,phases,start] GC(82) Phase 3: Adjust pointers
[179.460s][info][gc,phases      ] GC(82) Phase 3: Adjust pointers 3.596ms
[179.460s][info][gc,phases,start] GC(82) Phase 4: Move objects
[179.460s][info][gc,phases      ] GC(82) Phase 4: Move objects 0.011ms
[179.460s][info][gc,heap        ] GC(82) DefNew: 512139K(629120K)->0K(629120K) Eden: 510907K(559232K)->0K(559232K) From: 1231K(69888K)->0K(69888K)
[179.460s][info][gc,heap        ] GC(82) Tenured: 4076K(1398144K)->4075K(1398144K)
[179.460s][info][gc,metaspace   ] GC(82) Metaspace: 9943K(10304K)->9943K(10304K) NonClass: 8642K(8896K)->8642K(8896K) Class: 1300K(1408K)->1300K(1408K)
[179.460s][info][gc             ] GC(82) Pause Full (System.gc()) 504M->3M(1979M) 149.900ms
[179.460s][info][gc,cpu         ] GC(82) User=0.14s Sys=0.00s Real=0.14s
[181.640s][info][gc,start       ] GC(83) Pause Young (Allocation Failure)
[181.644s][info][gc,heap        ] GC(83) DefNew: 559232K(629120K)->1111K(629120K) Eden: 559232K(559232K)->0K(559232K) From: 0K(69888K)->1111K(69888K)
[181.644s][info][gc,heap        ] GC(83) Tenured: 4075K(1398144K)->4075K(1398144K)
[181.644s][info][gc,metaspace   ] GC(83) Metaspace: 9943K(10304K)->9943K(10304K) NonClass: 8642K(8896K)->8642K(8896K) Class: 1300K(1408K)->1300K(1408K)
[181.644s][info][gc             ] GC(83) Pause Young (Allocation Failure) 550M->5M(1979M) 4.092ms
[181.644s][info][gc,cpu         ] GC(83) User=0.00s Sys=0.00s Real=0.00s
[183.834s][info][gc,start       ] GC(84) Pause Young (Allocation Failure)
[183.838s][info][gc,heap        ] GC(84) DefNew: 560343K(629120K)->1238K(629120K) Eden: 559232K(559232K)->0K(559232K) From: 1111K(69888K)->1238K(69888K)
[183.838s][info][gc,heap        ] GC(84) Tenured: 4075K(1398144K)->4075K(1398144K)
[183.838s][info][gc,metaspace   ] GC(84) Metaspace: 9943K(10304K)->9943K(10304K) NonClass: 8642K(8896K)->8642K(8896K) Class: 1300K(1408K)->1300K(1408K)
[183.838s][info][gc             ] GC(84) Pause Young (Allocation Failure) 551M->5M(1979M) 4.282ms
[183.838s][info][gc,cpu         ] GC(84) User=0.00s Sys=0.00s Real=0.00s
[185.878s][info][gc,start       ] GC(85) Pause Full (System.gc())
[185.879s][info][gc,phases,start] GC(85) Phase 1: Mark live objects
[185.892s][info][gc,phases      ] GC(85) Phase 1: Mark live objects 13.471ms
[185.892s][info][gc,phases,start] GC(85) Phase 2: Compute new object addresses
[186.023s][info][gc,phases      ] GC(85) Phase 2: Compute new object addresses 131.338ms
[186.023s][info][gc,phases,start] GC(85) Phase 3: Adjust pointers
[186.027s][info][gc,phases      ] GC(85) Phase 3: Adjust pointers 3.548ms
[186.027s][info][gc,phases,start] GC(85) Phase 4: Move objects
[186.027s][info][gc,phases      ] GC(85) Phase 4: Move objects 0.013ms
[186.027s][info][gc,heap        ] GC(85) DefNew: 516191K(629120K)->0K(629120K) Eden: 514952K(559232K)->0K(559232K) From: 1238K(69888K)->0K(69888K)
[186.027s][info][gc,heap        ] GC(85) Tenured: 4075K(1398144K)->4075K(1398144K)
[186.027s][info][gc,metaspace   ] GC(85) Metaspace: 9943K(10304K)->9943K(10304K) NonClass: 8642K(8896K)->8642K(8896K) Class: 1300K(1408K)->1300K(1408K)
[186.027s][info][gc             ] GC(85) Pause Full (System.gc()) 508M->3M(1979M) 148.801ms
[186.027s][info][gc,cpu         ] GC(85) User=0.16s Sys=0.00s Real=0.16s
[188.205s][info][gc,start       ] GC(86) Pause Young (Allocation Failure)
[188.209s][info][gc,heap        ] GC(86) DefNew: 559232K(629120K)->1241K(629120K) Eden: 559232K(559232K)->0K(559232K) From: 0K(69888K)->1241K(69888K)
[188.209s][info][gc,heap        ] GC(86) Tenured: 4075K(1398144K)->4075K(1398144K)
[188.209s][info][gc,metaspace   ] GC(86) Metaspace: 9943K(10304K)->9943K(10304K) NonClass: 8642K(8896K)->8642K(8896K) Class: 1300K(1408K)->1300K(1408K)
[188.209s][info][gc             ] GC(86) Pause Young (Allocation Failure) 550M->5M(1979M) 4.440ms
[188.209s][info][gc,cpu         ] GC(86) User=0.00s Sys=0.00s Real=0.00s
[190.381s][info][gc,start       ] GC(87) Pause Young (Allocation Failure)
[190.385s][info][gc,heap        ] GC(87) DefNew: 560473K(629120K)->1153K(629120K) Eden: 559232K(559232K)->0K(559232K) From: 1241K(69888K)->1153K(69888K)
[190.385s][info][gc,heap        ] GC(87) Tenured: 4075K(1398144K)->4075K(1398144K)
[190.385s][info][gc,metaspace   ] GC(87) Metaspace: 9943K(10304K)->9943K(10304K) NonClass: 8642K(8896K)->8642K(8896K) Class: 1300K(1408K)->1300K(1408K)
[190.385s][info][gc             ] GC(87) Pause Young (Allocation Failure) 551M->5M(1979M) 3.970ms
[190.385s][info][gc,cpu         ] GC(87) User=0.02s Sys=0.00s Real=0.02s
[192.424s][info][gc,start       ] GC(88) Pause Full (System.gc())
[192.424s][info][gc,phases,start] GC(88) Phase 1: Mark live objects
[192.438s][info][gc,phases      ] GC(88) Phase 1: Mark live objects 14.035ms
[192.438s][info][gc,phases,start] GC(88) Phase 2: Compute new object addresses
[192.571s][info][gc,phases      ] GC(88) Phase 2: Compute new object addresses 132.438ms
[192.571s][info][gc,phases,start] GC(88) Phase 3: Adjust pointers
[192.574s][info][gc,phases      ] GC(88) Phase 3: Adjust pointers 3.578ms
[192.574s][info][gc,phases,start] GC(88) Phase 4: Move objects
[192.574s][info][gc,phases      ] GC(88) Phase 4: Move objects 0.013ms
[192.574s][info][gc,heap        ] GC(88) DefNew: 518721K(629120K)->0K(629120K) Eden: 517568K(559232K)->0K(559232K) From: 1153K(69888K)->0K(69888K)
[192.574s][info][gc,heap        ] GC(88) Tenured: 4075K(1398144K)->4075K(1398144K)
[192.574s][info][gc,metaspace   ] GC(88) Metaspace: 9944K(10304K)->9944K(10304K) NonClass: 8643K(8896K)->8643K(8896K) Class: 1300K(1408K)->1300K(1408K)
[192.574s][info][gc             ] GC(88) Pause Full (System.gc()) 510M->3M(1979M) 150.486ms
[192.574s][info][gc,cpu         ] GC(88) User=0.16s Sys=0.00s Real=0.16s
[194.764s][info][gc,start       ] GC(89) Pause Young (Allocation Failure)
[194.769s][info][gc,heap        ] GC(89) DefNew: 559232K(629120K)->1271K(629120K) Eden: 559232K(559232K)->0K(559232K) From: 0K(69888K)->1271K(69888K)
[194.769s][info][gc,heap        ] GC(89) Tenured: 4075K(1398144K)->4075K(1398144K)
[194.769s][info][gc,metaspace   ] GC(89) Metaspace: 9946K(10304K)->9946K(10304K) NonClass: 8645K(8896K)->8645K(8896K) Class: 1300K(1408K)->1300K(1408K)
[194.769s][info][gc             ] GC(89) Pause Young (Allocation Failure) 550M->5M(1979M) 4.547ms
[194.769s][info][gc,cpu         ] GC(89) User=0.02s Sys=0.00s Real=0.02s
[196.984s][info][gc,start       ] GC(90) Pause Young (Allocation Failure)
[196.988s][info][gc,heap        ] GC(90) DefNew: 560503K(629120K)->1235K(629120K) Eden: 559232K(559232K)->0K(559232K) From: 1271K(69888K)->1235K(69888K)
[196.988s][info][gc,heap        ] GC(90) Tenured: 4075K(1398144K)->4075K(1398144K)
[196.988s][info][gc,metaspace   ] GC(90) Metaspace: 9946K(10304K)->9946K(10304K) NonClass: 8645K(8896K)->8645K(8896K) Class: 1300K(1408K)->1300K(1408K)
[196.989s][info][gc             ] GC(90) Pause Young (Allocation Failure) 551M->5M(1979M) 4.140ms
[196.989s][info][gc,cpu         ] GC(90) User=0.00s Sys=0.00s Real=0.00s
[199.033s][info][gc,start       ] GC(91) Pause Full (System.gc())
[199.033s][info][gc,phases,start] GC(91) Phase 1: Mark live objects
[199.047s][info][gc,phases      ] GC(91) Phase 1: Mark live objects 14.047ms
[199.048s][info][gc,phases,start] GC(91) Phase 2: Compute new object addresses
[199.192s][info][gc,phases      ] GC(91) Phase 2: Compute new object addresses 144.806ms
[199.192s][info][gc,phases,start] GC(91) Phase 3: Adjust pointers
[199.196s][info][gc,phases      ] GC(91) Phase 3: Adjust pointers 3.855ms
[199.196s][info][gc,phases,start] GC(91) Phase 4: Move objects
[199.196s][info][gc,phases      ] GC(91) Phase 4: Move objects 0.012ms
[199.196s][info][gc,heap        ] GC(91) DefNew: 518947K(629120K)->0K(629120K) Eden: 517711K(559232K)->0K(559232K) From: 1235K(69888K)->0K(69888K)
[199.196s][info][gc,heap        ] GC(91) Tenured: 4075K(1398144K)->4076K(1398144K)
[199.196s][info][gc,metaspace   ] GC(91) Metaspace: 9948K(10304K)->9948K(10304K) NonClass: 8647K(8896K)->8647K(8896K) Class: 1300K(1408K)->1300K(1408K)
[199.196s][info][gc             ] GC(91) Pause Full (System.gc()) 510M->3M(1979M) 163.188ms
[199.196s][info][gc,cpu         ] GC(91) User=0.17s Sys=0.00s Real=0.17s
[201.394s][info][gc,start       ] GC(92) Pause Young (Allocation Failure)
[201.398s][info][gc,heap        ] GC(92) DefNew: 559232K(629120K)->1119K(629120K) Eden: 559232K(559232K)->0K(559232K) From: 0K(69888K)->1119K(69888K)
[201.398s][info][gc,heap        ] GC(92) Tenured: 4076K(1398144K)->4076K(1398144K)
[201.398s][info][gc,metaspace   ] GC(92) Metaspace: 9949K(10304K)->9949K(10304K) NonClass: 8648K(8896K)->8648K(8896K) Class: 1300K(1408K)->1300K(1408K)
[201.398s][info][gc             ] GC(92) Pause Young (Allocation Failure) 550M->5M(1979M) 4.127ms
[201.398s][info][gc,cpu         ] GC(92) User=0.02s Sys=0.00s Real=0.02s
[203.564s][info][gc,start       ] GC(93) Pause Young (Allocation Failure)
[203.568s][info][gc,heap        ] GC(93) DefNew: 560351K(629120K)->1195K(629120K) Eden: 559232K(559232K)->0K(559232K) From: 1119K(69888K)->1195K(69888K)
[203.568s][info][gc,heap        ] GC(93) Tenured: 4076K(1398144K)->4076K(1398144K)
[203.568s][info][gc,metaspace   ] GC(93) Metaspace: 9949K(10304K)->9949K(10304K) NonClass: 8648K(8896K)->8648K(8896K) Class: 1300K(1408K)->1300K(1408K)
[203.568s][info][gc             ] GC(93) Pause Young (Allocation Failure) 551M->5M(1979M) 4.155ms
[203.568s][info][gc,cpu         ] GC(93) User=0.02s Sys=0.00s Real=0.02s
[205.625s][info][gc,start       ] GC(94) Pause Full (System.gc())
[205.625s][info][gc,phases,start] GC(94) Phase 1: Mark live objects
[205.639s][info][gc,phases      ] GC(94) Phase 1: Mark live objects 13.538ms
[205.639s][info][gc,phases,start] GC(94) Phase 2: Compute new object addresses
[205.769s][info][gc,phases      ] GC(94) Phase 2: Compute new object addresses 130.745ms
[205.769s][info][gc,phases,start] GC(94) Phase 3: Adjust pointers
[205.773s][info][gc,phases      ] GC(94) Phase 3: Adjust pointers 3.450ms
[205.773s][info][gc,phases,start] GC(94) Phase 4: Move objects
[205.773s][info][gc,phases      ] GC(94) Phase 4: Move objects 0.011ms
[205.773s][info][gc,heap        ] GC(94) DefNew: 517780K(629120K)->0K(629120K) Eden: 516585K(559232K)->0K(559232K) From: 1195K(69888K)->0K(69888K)
[205.773s][info][gc,heap        ] GC(94) Tenured: 4076K(1398144K)->4075K(1398144K)
[205.773s][info][gc,metaspace   ] GC(94) Metaspace: 9950K(10304K)->9950K(10304K) NonClass: 8649K(8896K)->8649K(8896K) Class: 1300K(1408K)->1300K(1408K)
[205.773s][info][gc             ] GC(94) Pause Full (System.gc()) 509M->3M(1979M) 148.157ms
[205.773s][info][gc,cpu         ] GC(94) User=0.14s Sys=0.00s Real=0.14s
[207.978s][info][gc,start       ] GC(95) Pause Young (Allocation Failure)
[207.982s][info][gc,heap        ] GC(95) DefNew: 559232K(629120K)->1189K(629120K) Eden: 559232K(559232K)->0K(559232K) From: 0K(69888K)->1189K(69888K)
[207.982s][info][gc,heap        ] GC(95) Tenured: 4075K(1398144K)->4075K(1398144K)
[207.982s][info][gc,metaspace   ] GC(95) Metaspace: 9950K(10304K)->9950K(10304K) NonClass: 8649K(8896K)->8649K(8896K) Class: 1300K(1408K)->1300K(1408K)
[207.982s][info][gc             ] GC(95) Pause Young (Allocation Failure) 550M->5M(1979M) 4.248ms
[207.982s][info][gc,cpu         ] GC(95) User=0.00s Sys=0.00s Real=0.00s
[210.167s][info][gc,start       ] GC(96) Pause Young (Allocation Failure)
[210.171s][info][gc,heap        ] GC(96) DefNew: 560421K(629120K)->1274K(629120K) Eden: 559232K(559232K)->0K(559232K) From: 1189K(69888K)->1274K(69888K)
[210.171s][info][gc,heap        ] GC(96) Tenured: 4075K(1398144K)->4075K(1398144K)
[210.171s][info][gc,metaspace   ] GC(96) Metaspace: 9950K(10304K)->9950K(10304K) NonClass: 8649K(8896K)->8649K(8896K) Class: 1300K(1408K)->1300K(1408K)
[210.171s][info][gc             ] GC(96) Pause Young (Allocation Failure) 551M->5M(1979M) 4.379ms
[210.171s][info][gc,cpu         ] GC(96) User=0.00s Sys=0.00s Real=0.00s
[212.183s][info][gc,start       ] GC(97) Pause Full (System.gc())
[212.183s][info][gc,phases,start] GC(97) Phase 1: Mark live objects
[212.197s][info][gc,phases      ] GC(97) Phase 1: Mark live objects 13.989ms
[212.197s][info][gc,phases,start] GC(97) Phase 2: Compute new object addresses
[212.328s][info][gc,phases      ] GC(97) Phase 2: Compute new object addresses 130.762ms
[212.328s][info][gc,phases,start] GC(97) Phase 3: Adjust pointers
[212.331s][info][gc,phases      ] GC(97) Phase 3: Adjust pointers 3.526ms
[212.331s][info][gc,phases,start] GC(97) Phase 4: Move objects
[212.331s][info][gc,phases      ] GC(97) Phase 4: Move objects 0.011ms
[212.331s][info][gc,heap        ] GC(97) DefNew: 514826K(629120K)->0K(629120K) Eden: 513552K(559232K)->0K(559232K) From: 1274K(69888K)->0K(69888K)
[212.332s][info][gc,heap        ] GC(97) Tenured: 4075K(1398144K)->4075K(1398144K)
[212.332s][info][gc,metaspace   ] GC(97) Metaspace: 9950K(10304K)->9950K(10304K) NonClass: 8649K(8896K)->8649K(8896K) Class: 1300K(1408K)->1300K(1408K)
[212.332s][info][gc             ] GC(97) Pause Full (System.gc()) 506M->3M(1979M) 148.701ms
[212.332s][info][gc,cpu         ] GC(97) User=0.13s Sys=0.02s Real=0.14s
[214.490s][info][gc,start       ] GC(98) Pause Young (Allocation Failure)
[214.494s][info][gc,heap        ] GC(98) DefNew: 559232K(629120K)->1306K(629120K) Eden: 559232K(559232K)->0K(559232K) From: 0K(69888K)->1306K(69888K)
[214.494s][info][gc,heap        ] GC(98) Tenured: 4075K(1398144K)->4075K(1398144K)
[214.494s][info][gc,metaspace   ] GC(98) Metaspace: 9950K(10304K)->9950K(10304K) NonClass: 8649K(8896K)->8649K(8896K) Class: 1300K(1408K)->1300K(1408K)
[214.494s][info][gc             ] GC(98) Pause Young (Allocation Failure) 550M->5M(1979M) 4.620ms
[214.495s][info][gc,cpu         ] GC(98) User=0.02s Sys=0.00s Real=0.01s
[216.646s][info][gc,start       ] GC(99) Pause Young (Allocation Failure)
[216.649s][info][gc,heap        ] GC(99) DefNew: 560538K(629120K)->1218K(629120K) Eden: 559232K(559232K)->0K(559232K) From: 1306K(69888K)->1218K(69888K)
[216.649s][info][gc,heap        ] GC(99) Tenured: 4075K(1398144K)->4075K(1398144K)
[216.649s][info][gc,metaspace   ] GC(99) Metaspace: 9950K(10304K)->9950K(10304K) NonClass: 8649K(8896K)->8649K(8896K) Class: 1300K(1408K)->1300K(1408K)
[216.650s][info][gc             ] GC(99) Pause Young (Allocation Failure) 551M->5M(1979M) 3.834ms
[216.650s][info][gc,cpu         ] GC(99) User=0.02s Sys=0.00s Real=0.02s
[218.660s][info][gc,start       ] GC(100) Pause Full (System.gc())
[218.661s][info][gc,phases,start] GC(100) Phase 1: Mark live objects
[218.674s][info][gc,phases      ] GC(100) Phase 1: Mark live objects 13.154ms
[218.674s][info][gc,phases,start] GC(100) Phase 2: Compute new object addresses
[218.806s][info][gc,phases      ] GC(100) Phase 2: Compute new object addresses 131.806ms
[218.806s][info][gc,phases,start] GC(100) Phase 3: Adjust pointers
[218.809s][info][gc,phases      ] GC(100) Phase 3: Adjust pointers 3.428ms
[218.809s][info][gc,phases,start] GC(100) Phase 4: Move objects
[218.809s][info][gc,phases      ] GC(100) Phase 4: Move objects 0.011ms
[218.809s][info][gc,heap        ] GC(100) DefNew: 517199K(629120K)->0K(629120K) Eden: 515981K(559232K)->0K(559232K) From: 1218K(69888K)->0K(69888K)
[218.809s][info][gc,heap        ] GC(100) Tenured: 4075K(1398144K)->4075K(1398144K)
[218.809s][info][gc,metaspace   ] GC(100) Metaspace: 9950K(10304K)->9950K(10304K) NonClass: 8649K(8896K)->8649K(8896K) Class: 1300K(1408K)->1300K(1408K)
[218.809s][info][gc             ] GC(100) Pause Full (System.gc()) 509M->3M(1979M) 148.818ms
[218.809s][info][gc,cpu         ] GC(100) User=0.16s Sys=0.00s Real=0.16s
[221.008s][info][gc,start       ] GC(101) Pause Young (Allocation Failure)
[221.012s][info][gc,heap        ] GC(101) DefNew: 559232K(629120K)->1149K(629120K) Eden: 559232K(559232K)->0K(559232K) From: 0K(69888K)->1149K(69888K)
[221.012s][info][gc,heap        ] GC(101) Tenured: 4075K(1398144K)->4075K(1398144K)
[221.012s][info][gc,metaspace   ] GC(101) Metaspace: 9950K(10304K)->9950K(10304K) NonClass: 8649K(8896K)->8649K(8896K) Class: 1300K(1408K)->1300K(1408K)
[221.012s][info][gc             ] GC(101) Pause Young (Allocation Failure) 550M->5M(1979M) 4.171ms
[221.012s][info][gc,cpu         ] GC(101) User=0.00s Sys=0.00s Real=0.00s
[223.191s][info][gc,start       ] GC(102) Pause Young (Allocation Failure)
[223.195s][info][gc,heap        ] GC(102) DefNew: 560381K(629120K)->1232K(629120K) Eden: 559232K(559232K)->0K(559232K) From: 1149K(69888K)->1232K(69888K)
[223.195s][info][gc,heap        ] GC(102) Tenured: 4075K(1398144K)->4075K(1398144K)
[223.195s][info][gc,metaspace   ] GC(102) Metaspace: 9950K(10304K)->9950K(10304K) NonClass: 8649K(8896K)->8649K(8896K) Class: 1300K(1408K)->1300K(1408K)
[223.196s][info][gc             ] GC(102) Pause Young (Allocation Failure) 551M->5M(1979M) 4.114ms
[223.196s][info][gc,cpu         ] GC(102) User=0.00s Sys=0.00s Real=0.00s
[225.220s][info][gc,start       ] GC(103) Pause Full (System.gc())
[225.221s][info][gc,phases,start] GC(103) Phase 1: Mark live objects
[225.234s][info][gc,phases      ] GC(103) Phase 1: Mark live objects 13.281ms
[225.234s][info][gc,phases,start] GC(103) Phase 2: Compute new object addresses
[225.369s][info][gc,phases      ] GC(103) Phase 2: Compute new object addresses 135.399ms
[225.369s][info][gc,phases,start] GC(103) Phase 3: Adjust pointers
[225.373s][info][gc,phases      ] GC(103) Phase 3: Adjust pointers 3.523ms
[225.373s][info][gc,phases,start] GC(103) Phase 4: Move objects
[225.373s][info][gc,phases      ] GC(103) Phase 4: Move objects 0.013ms
[225.373s][info][gc,heap        ] GC(103) DefNew: 515759K(629120K)->0K(629120K) Eden: 514527K(559232K)->0K(559232K) From: 1232K(69888K)->0K(69888K)
[225.373s][info][gc,heap        ] GC(103) Tenured: 4075K(1398144K)->4075K(1398144K)
[225.373s][info][gc,metaspace   ] GC(103) Metaspace: 9950K(10304K)->9950K(10304K) NonClass: 8649K(8896K)->8649K(8896K) Class: 1300K(1408K)->1300K(1408K)
[225.373s][info][gc             ] GC(103) Pause Full (System.gc()) 507M->3M(1979M) 152.640ms
[225.373s][info][gc,cpu         ] GC(103) User=0.16s Sys=0.00s Real=0.16s
[227.504s][info][gc,start       ] GC(104) Pause Young (Allocation Failure)
[227.508s][info][gc,heap        ] GC(104) DefNew: 559232K(629120K)->1151K(629120K) Eden: 559232K(559232K)->0K(559232K) From: 0K(69888K)->1151K(69888K)
[227.508s][info][gc,heap        ] GC(104) Tenured: 4075K(1398144K)->4075K(1398144K)
[227.508s][info][gc,metaspace   ] GC(104) Metaspace: 9950K(10304K)->9950K(10304K) NonClass: 8649K(8896K)->8649K(8896K) Class: 1300K(1408K)->1300K(1408K)
[227.508s][info][gc             ] GC(104) Pause Young (Allocation Failure) 550M->5M(1979M) 4.153ms
[227.508s][info][gc,cpu         ] GC(104) User=0.00s Sys=0.00s Real=0.00s
[229.664s][info][gc,start       ] GC(105) Pause Young (Allocation Failure)
[229.668s][info][gc,heap        ] GC(105) DefNew: 560383K(629120K)->1148K(629120K) Eden: 559232K(559232K)->0K(559232K) From: 1151K(69888K)->1148K(69888K)
[229.668s][info][gc,heap        ] GC(105) Tenured: 4075K(1398144K)->4075K(1398144K)
[229.668s][info][gc,metaspace   ] GC(105) Metaspace: 9950K(10304K)->9950K(10304K) NonClass: 8649K(8896K)->8649K(8896K) Class: 1300K(1408K)->1300K(1408K)
[229.668s][info][gc             ] GC(105) Pause Young (Allocation Failure) 551M->5M(1979M) 4.050ms
[229.668s][info][gc,cpu         ] GC(105) User=0.00s Sys=0.00s Real=0.00s
[231.676s][info][gc,start       ] GC(106) Pause Full (System.gc())
[231.676s][info][gc,phases,start] GC(106) Phase 1: Mark live objects
[231.691s][info][gc,phases      ] GC(106) Phase 1: Mark live objects 14.119ms
[231.691s][info][gc,phases,start] GC(106) Phase 2: Compute new object addresses
[231.825s][info][gc,phases      ] GC(106) Phase 2: Compute new object addresses 133.917ms
[231.825s][info][gc,phases,start] GC(106) Phase 3: Adjust pointers
[231.828s][info][gc,phases      ] GC(106) Phase 3: Adjust pointers 3.499ms
[231.828s][info][gc,phases,start] GC(106) Phase 4: Move objects
[231.828s][info][gc,phases      ] GC(106) Phase 4: Move objects 0.012ms
[231.828s][info][gc,heap        ] GC(106) DefNew: 518394K(629120K)->0K(629120K) Eden: 517246K(559232K)->0K(559232K) From: 1148K(69888K)->0K(69888K)
[231.828s][info][gc,heap        ] GC(106) Tenured: 4075K(1398144K)->4075K(1398144K)
[231.828s][info][gc,metaspace   ] GC(106) Metaspace: 9950K(10304K)->9950K(10304K) NonClass: 8649K(8896K)->8649K(8896K) Class: 1300K(1408K)->1300K(1408K)
[231.828s][info][gc             ] GC(106) Pause Full (System.gc()) 510M->3M(1979M) 151.988ms
[231.828s][info][gc,cpu         ] GC(106) User=0.16s Sys=0.02s Real=0.16s
[233.999s][info][gc,start       ] GC(107) Pause Young (Allocation Failure)
[234.003s][info][gc,heap        ] GC(107) DefNew: 559232K(629120K)->1255K(629120K) Eden: 559232K(559232K)->0K(559232K) From: 0K(69888K)->1255K(69888K)
[234.003s][info][gc,heap        ] GC(107) Tenured: 4075K(1398144K)->4075K(1398144K)
[234.003s][info][gc,metaspace   ] GC(107) Metaspace: 9950K(10304K)->9950K(10304K) NonClass: 8649K(8896K)->8649K(8896K) Class: 1300K(1408K)->1300K(1408K)
[234.003s][info][gc             ] GC(107) Pause Young (Allocation Failure) 550M->5M(1979M) 4.479ms
[234.003s][info][gc,cpu         ] GC(107) User=0.02s Sys=0.00s Real=0.02s
[236.195s][info][gc,start       ] GC(108) Pause Young (Allocation Failure)
[236.199s][info][gc,heap        ] GC(108) DefNew: 560487K(629120K)->1319K(629120K) Eden: 559232K(559232K)->0K(559232K) From: 1255K(69888K)->1319K(69888K)
[236.199s][info][gc,heap        ] GC(108) Tenured: 4075K(1398144K)->4075K(1398144K)
[236.199s][info][gc,metaspace   ] GC(108) Metaspace: 9950K(10304K)->9950K(10304K) NonClass: 8649K(8896K)->8649K(8896K) Class: 1300K(1408K)->1300K(1408K)
[236.199s][info][gc             ] GC(108) Pause Young (Allocation Failure) 551M->5M(1979M) 4.547ms
[236.200s][info][gc,cpu         ] GC(108) User=0.00s Sys=0.00s Real=0.00s
[238.190s][info][gc,start       ] GC(109) Pause Full (System.gc())
[238.190s][info][gc,phases,start] GC(109) Phase 1: Mark live objects
[238.205s][info][gc,phases      ] GC(109) Phase 1: Mark live objects 14.134ms
[238.205s][info][gc,phases,start] GC(109) Phase 2: Compute new object addresses
[238.351s][info][gc,phases      ] GC(109) Phase 2: Compute new object addresses 146.082ms
[238.351s][info][gc,phases,start] GC(109) Phase 3: Adjust pointers
[238.354s][info][gc,phases      ] GC(109) Phase 3: Adjust pointers 3.654ms
[238.354s][info][gc,phases,start] GC(109) Phase 4: Move objects
[238.354s][info][gc,phases      ] GC(109) Phase 4: Move objects 0.012ms
[238.355s][info][gc,heap        ] GC(109) DefNew: 508918K(629120K)->0K(629120K) Eden: 507598K(559232K)->0K(559232K) From: 1319K(69888K)->0K(69888K)
[238.355s][info][gc,heap        ] GC(109) Tenured: 4075K(1398144K)->4075K(1398144K)
[238.355s][info][gc,metaspace   ] GC(109) Metaspace: 9950K(10304K)->9950K(10304K) NonClass: 8649K(8896K)->8649K(8896K) Class: 1300K(1408K)->1300K(1408K)
[238.355s][info][gc             ] GC(109) Pause Full (System.gc()) 500M->3M(1979M) 164.339ms
[238.355s][info][gc,cpu         ] GC(109) User=0.17s Sys=0.00s Real=0.17s
[240.515s][info][gc,start       ] GC(110) Pause Young (Allocation Failure)
[240.519s][info][gc,heap        ] GC(110) DefNew: 559232K(629120K)->1227K(629120K) Eden: 559232K(559232K)->0K(559232K) From: 0K(69888K)->1227K(69888K)
[240.519s][info][gc,heap        ] GC(110) Tenured: 4075K(1398144K)->4075K(1398144K)
[240.520s][info][gc,metaspace   ] GC(110) Metaspace: 9950K(10304K)->9950K(10304K) NonClass: 8649K(8896K)->8649K(8896K) Class: 1300K(1408K)->1300K(1408K)
[240.520s][info][gc             ] GC(110) Pause Young (Allocation Failure) 550M->5M(1979M) 4.383ms
[240.520s][info][gc,cpu         ] GC(110) User=0.00s Sys=0.00s Real=0.00s
[242.683s][info][gc,start       ] GC(111) Pause Young (Allocation Failure)
[242.687s][info][gc,heap        ] GC(111) DefNew: 560459K(629120K)->1185K(629120K) Eden: 559232K(559232K)->0K(559232K) From: 1227K(69888K)->1185K(69888K)
[242.687s][info][gc,heap        ] GC(111) Tenured: 4075K(1398144K)->4075K(1398144K)
[242.687s][info][gc,metaspace   ] GC(111) Metaspace: 9950K(10304K)->9950K(10304K) NonClass: 8649K(8896K)->8649K(8896K) Class: 1300K(1408K)->1300K(1408K)
[242.687s][info][gc             ] GC(111) Pause Young (Allocation Failure) 551M->5M(1979M) 3.871ms
[242.687s][info][gc,cpu         ] GC(111) User=0.00s Sys=0.00s Real=0.00s
[244.694s][info][gc,start       ] GC(112) Pause Full (System.gc())
[244.695s][info][gc,phases,start] GC(112) Phase 1: Mark live objects
[244.708s][info][gc,phases      ] GC(112) Phase 1: Mark live objects 13.743ms
[244.708s][info][gc,phases,start] GC(112) Phase 2: Compute new object addresses
[244.841s][info][gc,phases      ] GC(112) Phase 2: Compute new object addresses 132.437ms
[244.841s][info][gc,phases,start] GC(112) Phase 3: Adjust pointers
[244.844s][info][gc,phases      ] GC(112) Phase 3: Adjust pointers 3.457ms
[244.844s][info][gc,phases,start] GC(112) Phase 4: Move objects
[244.844s][info][gc,phases      ] GC(112) Phase 4: Move objects 0.011ms
[244.844s][info][gc,heap        ] GC(112) DefNew: 520139K(629120K)->0K(629120K) Eden: 518953K(559232K)->0K(559232K) From: 1185K(69888K)->0K(69888K)
[244.844s][info][gc,heap        ] GC(112) Tenured: 4075K(1398144K)->4075K(1398144K)
[244.844s][info][gc,metaspace   ] GC(112) Metaspace: 9950K(10304K)->9950K(10304K) NonClass: 8649K(8896K)->8649K(8896K) Class: 1300K(1408K)->1300K(1408K)
[244.845s][info][gc             ] GC(112) Pause Full (System.gc()) 511M->3M(1979M) 150.090ms
[244.845s][info][gc,cpu         ] GC(112) User=0.16s Sys=0.00s Real=0.16s
[247.008s][info][gc,start       ] GC(113) Pause Young (Allocation Failure)
[247.012s][info][gc,heap        ] GC(113) DefNew: 559232K(629120K)->1257K(629120K) Eden: 559232K(559232K)->0K(559232K) From: 0K(69888K)->1257K(69888K)
[247.012s][info][gc,heap        ] GC(113) Tenured: 4075K(1398144K)->4075K(1398144K)
[247.012s][info][gc,metaspace   ] GC(113) Metaspace: 9950K(10304K)->9950K(10304K) NonClass: 8649K(8896K)->8649K(8896K) Class: 1300K(1408K)->1300K(1408K)
[247.013s][info][gc             ] GC(113) Pause Young (Allocation Failure) 550M->5M(1979M) 4.508ms
[247.013s][info][gc,cpu         ] GC(113) User=0.00s Sys=0.00s Real=0.00s
[249.194s][info][gc,start       ] GC(114) Pause Young (Allocation Failure)
[249.198s][info][gc,heap        ] GC(114) DefNew: 560489K(629120K)->1306K(629120K) Eden: 559232K(559232K)->0K(559232K) From: 1257K(69888K)->1306K(69888K)
[249.198s][info][gc,heap        ] GC(114) Tenured: 4075K(1398144K)->4075K(1398144K)
[249.198s][info][gc,metaspace   ] GC(114) Metaspace: 9950K(10304K)->9950K(10304K) NonClass: 8649K(8896K)->8649K(8896K) Class: 1300K(1408K)->1300K(1408K)
[249.198s][info][gc             ] GC(114) Pause Young (Allocation Failure) 551M->5M(1979M) 4.199ms
[249.199s][info][gc,cpu         ] GC(114) User=0.00s Sys=0.00s Real=0.00s
[251.175s][info][gc,start       ] GC(115) Pause Full (System.gc())
[251.175s][info][gc,phases,start] GC(115) Phase 1: Mark live objects
[251.188s][info][gc,phases      ] GC(115) Phase 1: Mark live objects 13.226ms
[251.188s][info][gc,phases,start] GC(115) Phase 2: Compute new object addresses
[251.318s][info][gc,phases      ] GC(115) Phase 2: Compute new object addresses 129.233ms
[251.318s][info][gc,phases,start] GC(115) Phase 3: Adjust pointers
[251.321s][info][gc,phases      ] GC(115) Phase 3: Adjust pointers 3.602ms
[251.321s][info][gc,phases,start] GC(115) Phase 4: Move objects
[251.321s][info][gc,phases      ] GC(115) Phase 4: Move objects 0.012ms
[251.321s][info][gc,heap        ] GC(115) DefNew: 512339K(629120K)->0K(629120K) Eden: 511032K(559232K)->0K(559232K) From: 1306K(69888K)->0K(69888K)
[251.321s][info][gc,heap        ] GC(115) Tenured: 4075K(1398144K)->4076K(1398144K)
[251.321s][info][gc,metaspace   ] GC(115) Metaspace: 9950K(10304K)->9950K(10304K) NonClass: 8649K(8896K)->8649K(8896K) Class: 1300K(1408K)->1300K(1408K)
[251.321s][info][gc             ] GC(115) Pause Full (System.gc()) 504M->3M(1979M) 146.507ms
[251.321s][info][gc,cpu         ] GC(115) User=0.17s Sys=0.00s Real=0.14s
[253.493s][info][gc,start       ] GC(116) Pause Young (Allocation Failure)
[253.497s][info][gc,heap        ] GC(116) DefNew: 559232K(629120K)->1294K(629120K) Eden: 559232K(559232K)->0K(559232K) From: 0K(69888K)->1294K(69888K)
[253.497s][info][gc,heap        ] GC(116) Tenured: 4076K(1398144K)->4076K(1398144K)
[253.497s][info][gc,metaspace   ] GC(116) Metaspace: 9950K(10304K)->9950K(10304K) NonClass: 8649K(8896K)->8649K(8896K) Class: 1300K(1408K)->1300K(1408K)
[253.497s][info][gc             ] GC(116) Pause Young (Allocation Failure) 550M->5M(1979M) 4.587ms
[253.498s][info][gc,cpu         ] GC(116) User=0.02s Sys=0.00s Real=0.02s
[255.683s][info][gc,start       ] GC(117) Pause Young (Allocation Failure)
[255.687s][info][gc,heap        ] GC(117) DefNew: 560526K(629120K)->1280K(629120K) Eden: 559232K(559232K)->0K(559232K) From: 1294K(69888K)->1280K(69888K)
[255.687s][info][gc,heap        ] GC(117) Tenured: 4076K(1398144K)->4076K(1398144K)
[255.687s][info][gc,metaspace   ] GC(117) Metaspace: 9950K(10304K)->9950K(10304K) NonClass: 8649K(8896K)->8649K(8896K) Class: 1300K(1408K)->1300K(1408K)
[255.687s][info][gc             ] GC(117) Pause Young (Allocation Failure) 551M->5M(1979M) 4.208ms
[255.687s][info][gc,cpu         ] GC(117) User=0.00s Sys=0.00s Real=0.00s
[257.703s][info][gc,start       ] GC(118) Pause Full (System.gc())
[257.703s][info][gc,phases,start] GC(118) Phase 1: Mark live objects
[257.717s][info][gc,phases      ] GC(118) Phase 1: Mark live objects 13.291ms
[257.717s][info][gc,phases,start] GC(118) Phase 2: Compute new object addresses
[257.858s][info][gc,phases      ] GC(118) Phase 2: Compute new object addresses 141.462ms
[257.858s][info][gc,phases,start] GC(118) Phase 3: Adjust pointers
[257.862s][info][gc,phases      ] GC(118) Phase 3: Adjust pointers 3.521ms
[257.862s][info][gc,phases,start] GC(118) Phase 4: Move objects
[257.862s][info][gc,phases      ] GC(118) Phase 4: Move objects 0.012ms
[257.862s][info][gc,heap        ] GC(118) DefNew: 511860K(629120K)->0K(629120K) Eden: 510580K(559232K)->0K(559232K) From: 1280K(69888K)->0K(69888K)
[257.862s][info][gc,heap        ] GC(118) Tenured: 4076K(1398144K)->4075K(1398144K)
[257.862s][info][gc,metaspace   ] GC(118) Metaspace: 9950K(10304K)->9950K(10304K) NonClass: 8649K(8896K)->8649K(8896K) Class: 1300K(1408K)->1300K(1408K)
[257.862s][info][gc             ] GC(118) Pause Full (System.gc()) 503M->3M(1979M) 158.748ms
[257.862s][info][gc,cpu         ] GC(118) User=0.19s Sys=0.02s Real=0.16s
[260.032s][info][gc,start       ] GC(119) Pause Young (Allocation Failure)
[260.036s][info][gc,heap        ] GC(119) DefNew: 559232K(629120K)->1267K(629120K) Eden: 559232K(559232K)->0K(559232K) From: 0K(69888K)->1267K(69888K)
[260.037s][info][gc,heap        ] GC(119) Tenured: 4075K(1398144K)->4075K(1398144K)
[260.037s][info][gc,metaspace   ] GC(119) Metaspace: 9950K(10304K)->9950K(10304K) NonClass: 8649K(8896K)->8649K(8896K) Class: 1300K(1408K)->1300K(1408K)
[260.037s][info][gc             ] GC(119) Pause Young (Allocation Failure) 550M->5M(1979M) 4.498ms
[260.037s][info][gc,cpu         ] GC(119) User=0.00s Sys=0.00s Real=0.00s
[262.232s][info][gc,start       ] GC(120) Pause Young (Allocation Failure)
[262.236s][info][gc,heap        ] GC(120) DefNew: 560499K(629120K)->1313K(629120K) Eden: 559232K(559232K)->0K(559232K) From: 1267K(69888K)->1313K(69888K)
[262.236s][info][gc,heap        ] GC(120) Tenured: 4075K(1398144K)->4075K(1398144K)
[262.236s][info][gc,metaspace   ] GC(120) Metaspace: 9950K(10304K)->9950K(10304K) NonClass: 8649K(8896K)->8649K(8896K) Class: 1300K(1408K)->1300K(1408K)
[262.236s][info][gc             ] GC(120) Pause Young (Allocation Failure) 551M->5M(1979M) 4.468ms
[262.236s][info][gc,cpu         ] GC(120) User=0.00s Sys=0.00s Real=0.00s
[264.278s][info][gc,start       ] GC(121) Pause Full (System.gc())
[264.279s][info][gc,phases,start] GC(121) Phase 1: Mark live objects
[264.292s][info][gc,phases      ] GC(121) Phase 1: Mark live objects 13.397ms
[264.292s][info][gc,phases,start] GC(121) Phase 2: Compute new object addresses
[264.425s][info][gc,phases      ] GC(121) Phase 2: Compute new object addresses 132.805ms
[264.425s][info][gc,phases,start] GC(121) Phase 3: Adjust pointers
[264.429s][info][gc,phases      ] GC(121) Phase 3: Adjust pointers 3.572ms
[264.429s][info][gc,phases,start] GC(121) Phase 4: Move objects
[264.429s][info][gc,phases      ] GC(121) Phase 4: Move objects 0.012ms
[264.429s][info][gc,heap        ] GC(121) DefNew: 517738K(629120K)->0K(629120K) Eden: 516424K(559232K)->0K(559232K) From: 1313K(69888K)->0K(69888K)
[264.429s][info][gc,heap        ] GC(121) Tenured: 4075K(1398144K)->4075K(1398144K)
[264.429s][info][gc,metaspace   ] GC(121) Metaspace: 9950K(10304K)->9950K(10304K) NonClass: 8649K(8896K)->8649K(8896K) Class: 1300K(1408K)->1300K(1408K)
[264.429s][info][gc             ] GC(121) Pause Full (System.gc()) 509M->3M(1979M) 150.215ms
[264.429s][info][gc,cpu         ] GC(121) User=0.17s Sys=0.00s Real=0.16s
[266.613s][info][gc,start       ] GC(122) Pause Young (Allocation Failure)
[266.618s][info][gc,heap        ] GC(122) DefNew: 559232K(629120K)->1264K(629120K) Eden: 559232K(559232K)->0K(559232K) From: 0K(69888K)->1264K(69888K)
[266.618s][info][gc,heap        ] GC(122) Tenured: 4075K(1398144K)->4075K(1398144K)
[266.618s][info][gc,metaspace   ] GC(122) Metaspace: 9950K(10304K)->9950K(10304K) NonClass: 8649K(8896K)->8649K(8896K) Class: 1300K(1408K)->1300K(1408K)
[266.618s][info][gc             ] GC(122) Pause Young (Allocation Failure) 550M->5M(1979M) 4.488ms
[266.618s][info][gc,cpu         ] GC(122) User=0.00s Sys=0.00s Real=0.00s
[268.835s][info][gc,start       ] GC(123) Pause Young (Allocation Failure)
[268.839s][info][gc,heap        ] GC(123) DefNew: 560496K(629120K)->1171K(629120K) Eden: 559232K(559232K)->0K(559232K) From: 1264K(69888K)->1171K(69888K)
[268.839s][info][gc,heap        ] GC(123) Tenured: 4075K(1398144K)->4075K(1398144K)
[268.839s][info][gc,metaspace   ] GC(123) Metaspace: 9950K(10304K)->9950K(10304K) NonClass: 8649K(8896K)->8649K(8896K) Class: 1300K(1408K)->1300K(1408K)
[268.839s][info][gc             ] GC(123) Pause Young (Allocation Failure) 551M->5M(1979M) 4.014ms
[268.839s][info][gc,cpu         ] GC(123) User=0.02s Sys=0.00s Real=0.02s
[270.832s][info][gc,start       ] GC(124) Pause Full (System.gc())
[270.832s][info][gc,phases,start] GC(124) Phase 1: Mark live objects
[270.845s][info][gc,phases      ] GC(124) Phase 1: Mark live objects 13.074ms
[270.845s][info][gc,phases,start] GC(124) Phase 2: Compute new object addresses
[270.974s][info][gc,phases      ] GC(124) Phase 2: Compute new object addresses 128.662ms
[270.974s][info][gc,phases,start] GC(124) Phase 3: Adjust pointers
[270.977s][info][gc,phases      ] GC(124) Phase 3: Adjust pointers 3.476ms
[270.977s][info][gc,phases,start] GC(124) Phase 4: Move objects
[270.977s][info][gc,phases      ] GC(124) Phase 4: Move objects 0.012ms
[270.977s][info][gc,heap        ] GC(124) DefNew: 513600K(629120K)->0K(629120K) Eden: 512429K(559232K)->0K(559232K) From: 1171K(69888K)->0K(69888K)
[270.977s][info][gc,heap        ] GC(124) Tenured: 4075K(1398144K)->4075K(1398144K)
[270.977s][info][gc,metaspace   ] GC(124) Metaspace: 9952K(10304K)->9952K(10304K) NonClass: 8651K(8896K)->8651K(8896K) Class: 1300K(1408K)->1300K(1408K)
[270.977s][info][gc             ] GC(124) Pause Full (System.gc()) 505M->3M(1979M) 145.638ms
[270.977s][info][gc,cpu         ] GC(124) User=0.16s Sys=0.00s Real=0.16s
[273.159s][info][gc,start       ] GC(125) Pause Young (Allocation Failure)
[273.163s][info][gc,heap        ] GC(125) DefNew: 559232K(629120K)->1190K(629120K) Eden: 559232K(559232K)->0K(559232K) From: 0K(69888K)->1190K(69888K)
[273.163s][info][gc,heap        ] GC(125) Tenured: 4075K(1398144K)->4075K(1398144K)
[273.163s][info][gc,metaspace   ] GC(125) Metaspace: 9960K(10304K)->9960K(10304K) NonClass: 8659K(8896K)->8659K(8896K) Class: 1300K(1408K)->1300K(1408K)
[273.163s][info][gc             ] GC(125) Pause Young (Allocation Failure) 550M->5M(1979M) 4.335ms
[273.163s][info][gc,cpu         ] GC(125) User=0.02s Sys=0.00s Real=0.02s
[275.329s][info][gc,start       ] GC(126) Pause Young (Allocation Failure)
[275.333s][info][gc,heap        ] GC(126) DefNew: 560422K(629120K)->1116K(629120K) Eden: 559232K(559232K)->0K(559232K) From: 1190K(69888K)->1116K(69888K)
[275.333s][info][gc,heap        ] GC(126) Tenured: 4075K(1398144K)->4075K(1398144K)
[275.333s][info][gc,metaspace   ] GC(126) Metaspace: 9960K(10304K)->9960K(10304K) NonClass: 8659K(8896K)->8659K(8896K) Class: 1300K(1408K)->1300K(1408K)
[275.333s][info][gc             ] GC(126) Pause Young (Allocation Failure) 551M->5M(1979M) 3.951ms
[275.333s][info][gc,cpu         ] GC(126) User=0.02s Sys=0.00s Real=0.02s
[277.320s][info][gc,start       ] GC(127) Pause Full (System.gc())
[277.320s][info][gc,phases,start] GC(127) Phase 1: Mark live objects
[277.334s][info][gc,phases      ] GC(127) Phase 1: Mark live objects 13.686ms
[277.334s][info][gc,phases,start] GC(127) Phase 2: Compute new object addresses
[277.464s][info][gc,phases      ] GC(127) Phase 2: Compute new object addresses 129.770ms
[277.464s][info][gc,phases,start] GC(127) Phase 3: Adjust pointers
[277.467s][info][gc,phases      ] GC(127) Phase 3: Adjust pointers 3.483ms
[277.467s][info][gc,phases,start] GC(127) Phase 4: Move objects
[277.468s][info][gc,phases      ] GC(127) Phase 4: Move objects 0.016ms
[277.468s][info][gc,heap        ] GC(127) DefNew: 510149K(629120K)->0K(629120K) Eden: 509032K(559232K)->0K(559232K) From: 1116K(69888K)->0K(69888K)
[277.468s][info][gc,heap        ] GC(127) Tenured: 4075K(1398144K)->4076K(1398144K)
[277.468s][info][gc,metaspace   ] GC(127) Metaspace: 9960K(10304K)->9960K(10304K) NonClass: 8659K(8896K)->8659K(8896K) Class: 1300K(1408K)->1300K(1408K)
[277.468s][info][gc             ] GC(127) Pause Full (System.gc()) 502M->3M(1979M) 147.370ms
[277.468s][info][gc,cpu         ] GC(127) User=0.14s Sys=0.00s Real=0.14s
[279.654s][info][gc,start       ] GC(128) Pause Young (Allocation Failure)
[279.658s][info][gc,heap        ] GC(128) DefNew: 559232K(629120K)->1225K(629120K) Eden: 559232K(559232K)->0K(559232K) From: 0K(69888K)->1225K(69888K)
[279.658s][info][gc,heap        ] GC(128) Tenured: 4076K(1398144K)->4076K(1398144K)
[279.658s][info][gc,metaspace   ] GC(128) Metaspace: 9962K(10304K)->9962K(10304K) NonClass: 8661K(8896K)->8661K(8896K) Class: 1300K(1408K)->1300K(1408K)
[279.658s][info][gc             ] GC(128) Pause Young (Allocation Failure) 550M->5M(1979M) 4.336ms
[279.658s][info][gc,cpu         ] GC(128) User=0.00s Sys=0.00s Real=0.00s
[281.854s][info][gc,start       ] GC(129) Pause Young (Allocation Failure)
[281.858s][info][gc,heap        ] GC(129) DefNew: 560457K(629120K)->1130K(629120K) Eden: 559232K(559232K)->0K(559232K) From: 1225K(69888K)->1130K(69888K)
[281.858s][info][gc,heap        ] GC(129) Tenured: 4076K(1398144K)->4076K(1398144K)
[281.858s][info][gc,metaspace   ] GC(129) Metaspace: 9962K(10304K)->9962K(10304K) NonClass: 8661K(8896K)->8661K(8896K) Class: 1300K(1408K)->1300K(1408K)
[281.858s][info][gc             ] GC(129) Pause Young (Allocation Failure) 551M->5M(1979M) 3.884ms
[281.858s][info][gc,cpu         ] GC(129) User=0.00s Sys=0.00s Real=0.00s
[283.832s][info][gc,start       ] GC(130) Pause Full (System.gc())
[283.832s][info][gc,phases,start] GC(130) Phase 1: Mark live objects
[283.845s][info][gc,phases      ] GC(130) Phase 1: Mark live objects 13.531ms
[283.845s][info][gc,phases,start] GC(130) Phase 2: Compute new object addresses
[283.973s][info][gc,phases      ] GC(130) Phase 2: Compute new object addresses 127.965ms
[283.973s][info][gc,phases,start] GC(130) Phase 3: Adjust pointers
[283.977s][info][gc,phases      ] GC(130) Phase 3: Adjust pointers 3.471ms
[283.977s][info][gc,phases,start] GC(130) Phase 4: Move objects
[283.977s][info][gc,phases      ] GC(130) Phase 4: Move objects 0.011ms
[283.977s][info][gc,heap        ] GC(130) DefNew: 505061K(629120K)->0K(629120K) Eden: 503930K(559232K)->0K(559232K) From: 1130K(69888K)->0K(69888K)
[283.977s][info][gc,heap        ] GC(130) Tenured: 4076K(1398144K)->4075K(1398144K)
[283.977s][info][gc,metaspace   ] GC(130) Metaspace: 9962K(10304K)->9962K(10304K) NonClass: 8661K(8896K)->8661K(8896K) Class: 1300K(1408K)->1300K(1408K)
[283.977s][info][gc             ] GC(130) Pause Full (System.gc()) 497M->3M(1979M) 145.393ms
[283.977s][info][gc,cpu         ] GC(130) User=0.14s Sys=0.00s Real=0.14s
[286.140s][info][gc,start       ] GC(131) Pause Young (Allocation Failure)
[286.144s][info][gc,heap        ] GC(131) DefNew: 559232K(629120K)->1224K(629120K) Eden: 559232K(559232K)->0K(559232K) From: 0K(69888K)->1224K(69888K)
[286.144s][info][gc,heap        ] GC(131) Tenured: 4075K(1398144K)->4075K(1398144K)
[286.144s][info][gc,metaspace   ] GC(131) Metaspace: 9962K(10304K)->9962K(10304K) NonClass: 8661K(8896K)->8661K(8896K) Class: 1300K(1408K)->1300K(1408K)
[286.145s][info][gc             ] GC(131) Pause Young (Allocation Failure) 550M->5M(1979M) 4.331ms
[286.145s][info][gc,cpu         ] GC(131) User=0.00s Sys=0.00s Real=0.00s
[288.358s][info][gc,start       ] GC(132) Pause Young (Allocation Failure)
[288.361s][info][gc,heap        ] GC(132) DefNew: 560456K(629120K)->1205K(629120K) Eden: 559232K(559232K)->0K(559232K) From: 1224K(69888K)->1205K(69888K)
[288.361s][info][gc,heap        ] GC(132) Tenured: 4075K(1398144K)->4075K(1398144K)
[288.361s][info][gc,metaspace   ] GC(132) Metaspace: 9962K(10304K)->9962K(10304K) NonClass: 8661K(8896K)->8661K(8896K) Class: 1300K(1408K)->1300K(1408K)
[288.362s][info][gc             ] GC(132) Pause Young (Allocation Failure) 551M->5M(1979M) 3.761ms
[288.362s][info][gc,cpu         ] GC(132) User=0.00s Sys=0.00s Real=0.00s
[290.358s][info][gc,start       ] GC(133) Pause Full (System.gc())
[290.358s][info][gc,phases,start] GC(133) Phase 1: Mark live objects
[290.372s][info][gc,phases      ] GC(133) Phase 1: Mark live objects 13.824ms
[290.372s][info][gc,phases,start] GC(133) Phase 2: Compute new object addresses
[290.504s][info][gc,phases      ] GC(133) Phase 2: Compute new object addresses 132.442ms
[290.504s][info][gc,phases,start] GC(133) Phase 3: Adjust pointers
[290.508s][info][gc,phases      ] GC(133) Phase 3: Adjust pointers 3.545ms
[290.508s][info][gc,phases,start] GC(133) Phase 4: Move objects
[290.508s][info][gc,phases      ] GC(133) Phase 4: Move objects 0.011ms
[290.508s][info][gc,heap        ] GC(133) DefNew: 510725K(629120K)->0K(629120K) Eden: 509520K(559232K)->0K(559232K) From: 1205K(69888K)->0K(69888K)
[290.508s][info][gc,heap        ] GC(133) Tenured: 4075K(1398144K)->4075K(1398144K)
[290.508s][info][gc,metaspace   ] GC(133) Metaspace: 9962K(10304K)->9962K(10304K) NonClass: 8661K(8896K)->8661K(8896K) Class: 1300K(1408K)->1300K(1408K)
[290.508s][info][gc             ] GC(133) Pause Full (System.gc()) 502M->3M(1979M) 150.268ms
[290.508s][info][gc,cpu         ] GC(133) User=0.14s Sys=0.00s Real=0.15s
[292.695s][info][gc,start       ] GC(134) Pause Young (Allocation Failure)
[292.699s][info][gc,heap        ] GC(134) DefNew: 559232K(629120K)->1232K(629120K) Eden: 559232K(559232K)->0K(559232K) From: 0K(69888K)->1232K(69888K)
[292.700s][info][gc,heap        ] GC(134) Tenured: 4075K(1398144K)->4075K(1398144K)
[292.700s][info][gc,metaspace   ] GC(134) Metaspace: 9962K(10304K)->9962K(10304K) NonClass: 8661K(8896K)->8661K(8896K) Class: 1300K(1408K)->1300K(1408K)
[292.700s][info][gc             ] GC(134) Pause Young (Allocation Failure) 550M->5M(1979M) 4.347ms
[292.700s][info][gc,cpu         ] GC(134) User=0.00s Sys=0.00s Real=0.00s
[294.918s][info][gc,start       ] GC(135) Pause Young (Allocation Failure)
[294.922s][info][gc,heap        ] GC(135) DefNew: 560464K(629120K)->1262K(629120K) Eden: 559232K(559232K)->0K(559232K) From: 1232K(69888K)->1262K(69888K)
[294.922s][info][gc,heap        ] GC(135) Tenured: 4075K(1398144K)->4075K(1398144K)
[294.922s][info][gc,metaspace   ] GC(135) Metaspace: 9962K(10304K)->9962K(10304K) NonClass: 8661K(8896K)->8661K(8896K) Class: 1300K(1408K)->1300K(1408K)
[294.922s][info][gc             ] GC(135) Pause Young (Allocation Failure) 551M->5M(1979M) 4.354ms
[294.922s][info][gc,cpu         ] GC(135) User=0.00s Sys=0.00s Real=0.00s
[296.907s][info][gc,start       ] GC(136) Pause Full (System.gc())
[296.907s][info][gc,phases,start] GC(136) Phase 1: Mark live objects
[296.920s][info][gc,phases      ] GC(136) Phase 1: Mark live objects 13.246ms
[296.920s][info][gc,phases,start] GC(136) Phase 2: Compute new object addresses
[297.049s][info][gc,phases      ] GC(136) Phase 2: Compute new object addresses 129.370ms
[297.049s][info][gc,phases,start] GC(136) Phase 3: Adjust pointers
[297.053s][info][gc,phases      ] GC(136) Phase 3: Adjust pointers 3.536ms
[297.053s][info][gc,phases,start] GC(136) Phase 4: Move objects
[297.053s][info][gc,phases      ] GC(136) Phase 4: Move objects 0.013ms
[297.053s][info][gc,heap        ] GC(136) DefNew: 510211K(629120K)->0K(629120K) Eden: 508948K(559232K)->0K(559232K) From: 1262K(69888K)->0K(69888K)
[297.053s][info][gc,heap        ] GC(136) Tenured: 4075K(1398144K)->4075K(1398144K)
[297.053s][info][gc,metaspace   ] GC(136) Metaspace: 9962K(10304K)->9962K(10304K) NonClass: 8661K(8896K)->8661K(8896K) Class: 1300K(1408K)->1300K(1408K)
[297.053s][info][gc             ] GC(136) Pause Full (System.gc()) 502M->3M(1979M) 146.582ms
[297.053s][info][gc,cpu         ] GC(136) User=0.14s Sys=0.00s Real=0.15s
[299.226s][info][gc,start       ] GC(137) Pause Young (Allocation Failure)
[299.230s][info][gc,heap        ] GC(137) DefNew: 559232K(629120K)->1213K(629120K) Eden: 559232K(559232K)->0K(559232K) From: 0K(69888K)->1213K(69888K)
[299.230s][info][gc,heap        ] GC(137) Tenured: 4075K(1398144K)->4075K(1398144K)
[299.230s][info][gc,metaspace   ] GC(137) Metaspace: 9962K(10304K)->9962K(10304K) NonClass: 8661K(8896K)->8661K(8896K) Class: 1300K(1408K)->1300K(1408K)
[299.231s][info][gc             ] GC(137) Pause Young (Allocation Failure) 550M->5M(1979M) 4.347ms
[299.231s][info][gc,cpu         ] GC(137) User=0.00s Sys=0.00s Real=0.00s
[301.445s][info][gc,start       ] GC(138) Pause Young (Allocation Failure)
[301.449s][info][gc,heap        ] GC(138) DefNew: 560445K(629120K)->1141K(629120K) Eden: 559232K(559232K)->0K(559232K) From: 1213K(69888K)->1141K(69888K)
[301.449s][info][gc,heap        ] GC(138) Tenured: 4075K(1398144K)->4075K(1398144K)
[301.449s][info][gc,metaspace   ] GC(138) Metaspace: 9962K(10304K)->9962K(10304K) NonClass: 8661K(8896K)->8661K(8896K) Class: 1300K(1408K)->1300K(1408K)
[301.449s][info][gc             ] GC(138) Pause Young (Allocation Failure) 551M->5M(1979M) 4.028ms
[301.449s][info][gc,cpu         ] GC(138) User=0.00s Sys=0.00s Real=0.00s
[303.441s][info][gc,start       ] GC(139) Pause Full (System.gc())
[303.442s][info][gc,phases,start] GC(139) Phase 1: Mark live objects
[303.455s][info][gc,phases      ] GC(139) Phase 1: Mark live objects 13.166ms
[303.455s][info][gc,phases,start] GC(139) Phase 2: Compute new object addresses
[303.582s][info][gc,phases      ] GC(139) Phase 2: Compute new object addresses 127.110ms
[303.582s][info][gc,phases,start] GC(139) Phase 3: Adjust pointers
[303.585s][info][gc,phases      ] GC(139) Phase 3: Adjust pointers 3.477ms
[303.585s][info][gc,phases,start] GC(139) Phase 4: Move objects
[303.585s][info][gc,phases      ] GC(139) Phase 4: Move objects 0.011ms
[303.586s][info][gc,heap        ] GC(139) DefNew: 504308K(629120K)->0K(629120K) Eden: 503167K(559232K)->0K(559232K) From: 1141K(69888K)->0K(69888K)
[303.586s][info][gc,heap        ] GC(139) Tenured: 4075K(1398144K)->4075K(1398144K)
[303.586s][info][gc,metaspace   ] GC(139) Metaspace: 9962K(10304K)->9962K(10304K) NonClass: 8661K(8896K)->8661K(8896K) Class: 1300K(1408K)->1300K(1408K)
[303.586s][info][gc             ] GC(139) Pause Full (System.gc()) 496M->3M(1979M) 144.169ms
[303.586s][info][gc,cpu         ] GC(139) User=0.14s Sys=0.00s Real=0.14s
[305.770s][info][gc,start       ] GC(140) Pause Young (Allocation Failure)
[305.774s][info][gc,heap        ] GC(140) DefNew: 559232K(629120K)->1209K(629120K) Eden: 559232K(559232K)->0K(559232K) From: 0K(69888K)->1209K(69888K)
[305.774s][info][gc,heap        ] GC(140) Tenured: 4075K(1398144K)->4075K(1398144K)
[305.774s][info][gc,metaspace   ] GC(140) Metaspace: 9977K(10304K)->9977K(10304K) NonClass: 8676K(8896K)->8676K(8896K) Class: 1300K(1408K)->1300K(1408K)
[305.774s][info][gc             ] GC(140) Pause Young (Allocation Failure) 550M->5M(1979M) 4.354ms
[305.775s][info][gc,cpu         ] GC(140) User=0.00s Sys=0.00s Real=0.00s
[307.978s][info][gc,start       ] GC(141) Pause Young (Allocation Failure)
[307.981s][info][gc,heap        ] GC(141) DefNew: 560441K(629120K)->1231K(629120K) Eden: 559232K(559232K)->0K(559232K) From: 1209K(69888K)->1231K(69888K)
[307.981s][info][gc,heap        ] GC(141) Tenured: 4075K(1398144K)->4075K(1398144K)
[307.981s][info][gc,metaspace   ] GC(141) Metaspace: 9977K(10304K)->9977K(10304K) NonClass: 8676K(8896K)->8676K(8896K) Class: 1300K(1408K)->1300K(1408K)
[307.982s][info][gc             ] GC(141) Pause Young (Allocation Failure) 551M->5M(1979M) 3.952ms
[307.982s][info][gc,cpu         ] GC(141) User=0.00s Sys=0.00s Real=0.00s
[310.023s][info][gc,start       ] GC(142) Pause Full (System.gc())
[310.023s][info][gc,phases,start] GC(142) Phase 1: Mark live objects
[310.037s][info][gc,phases      ] GC(142) Phase 1: Mark live objects 14.002ms
[310.037s][info][gc,phases,start] GC(142) Phase 2: Compute new object addresses
[310.167s][info][gc,phases      ] GC(142) Phase 2: Compute new object addresses 130.207ms
[310.167s][info][gc,phases,start] GC(142) Phase 3: Adjust pointers
[310.171s][info][gc,phases      ] GC(142) Phase 3: Adjust pointers 3.506ms
[310.171s][info][gc,phases,start] GC(142) Phase 4: Move objects
[310.171s][info][gc,phases      ] GC(142) Phase 4: Move objects 0.011ms
[310.171s][info][gc,heap        ] GC(142) DefNew: 518088K(629120K)->0K(629120K) Eden: 516857K(559232K)->0K(559232K) From: 1231K(69888K)->0K(69888K)
[310.171s][info][gc,heap        ] GC(142) Tenured: 4075K(1398144K)->4075K(1398144K)
[310.171s][info][gc,metaspace   ] GC(142) Metaspace: 9977K(10304K)->9977K(10304K) NonClass: 8676K(8896K)->8676K(8896K) Class: 1300K(1408K)->1300K(1408K)
[310.171s][info][gc             ] GC(142) Pause Full (System.gc()) 509M->3M(1979M) 148.151ms
[310.171s][info][gc,cpu         ] GC(142) User=0.16s Sys=0.00s Real=0.14s
[312.358s][info][gc,start       ] GC(143) Pause Young (Allocation Failure)
[312.362s][info][gc,heap        ] GC(143) DefNew: 559232K(629120K)->1265K(629120K) Eden: 559232K(559232K)->0K(559232K) From: 0K(69888K)->1265K(69888K)
[312.362s][info][gc,heap        ] GC(143) Tenured: 4075K(1398144K)->4075K(1398144K)
[312.362s][info][gc,metaspace   ] GC(143) Metaspace: 9977K(10304K)->9977K(10304K) NonClass: 8676K(8896K)->8676K(8896K) Class: 1300K(1408K)->1300K(1408K)
[312.362s][info][gc             ] GC(143) Pause Young (Allocation Failure) 550M->5M(1979M) 4.502ms
[312.362s][info][gc,cpu         ] GC(143) User=0.00s Sys=0.00s Real=0.00s
[314.564s][info][gc,start       ] GC(144) Pause Young (Allocation Failure)
[314.567s][info][gc,heap        ] GC(144) DefNew: 560497K(629120K)->1188K(629120K) Eden: 559232K(559232K)->0K(559232K) From: 1265K(69888K)->1188K(69888K)
[314.568s][info][gc,heap        ] GC(144) Tenured: 4075K(1398144K)->4075K(1398144K)
[314.568s][info][gc,metaspace   ] GC(144) Metaspace: 9977K(10304K)->9977K(10304K) NonClass: 8676K(8896K)->8676K(8896K) Class: 1300K(1408K)->1300K(1408K)
[314.568s][info][gc             ] GC(144) Pause Young (Allocation Failure) 551M->5M(1979M) 4.143ms
[314.568s][info][gc,cpu         ] GC(144) User=0.00s Sys=0.00s Real=0.00s
[316.597s][info][gc,start       ] GC(145) Pause Full (System.gc())
[316.598s][info][gc,phases,start] GC(145) Phase 1: Mark live objects
[316.611s][info][gc,phases      ] GC(145) Phase 1: Mark live objects 13.395ms
[316.611s][info][gc,phases,start] GC(145) Phase 2: Compute new object addresses
[316.754s][info][gc,phases      ] GC(145) Phase 2: Compute new object addresses 142.820ms
[316.754s][info][gc,phases,start] GC(145) Phase 3: Adjust pointers
[316.757s][info][gc,phases      ] GC(145) Phase 3: Adjust pointers 3.592ms
[316.757s][info][gc,phases,start] GC(145) Phase 4: Move objects
[316.757s][info][gc,phases      ] GC(145) Phase 4: Move objects 0.012ms
[316.758s][info][gc,heap        ] GC(145) DefNew: 513693K(629120K)->0K(629120K) Eden: 512505K(559232K)->0K(559232K) From: 1188K(69888K)->0K(69888K)
[316.758s][info][gc,heap        ] GC(145) Tenured: 4075K(1398144K)->4075K(1398144K)
[316.758s][info][gc,metaspace   ] GC(145) Metaspace: 9977K(10304K)->9977K(10304K) NonClass: 8676K(8896K)->8676K(8896K) Class: 1300K(1408K)->1300K(1408K)
[316.758s][info][gc             ] GC(145) Pause Full (System.gc()) 505M->3M(1979M) 160.251ms
[316.758s][info][gc,cpu         ] GC(145) User=0.16s Sys=0.00s Real=0.16s
[318.950s][info][gc,start       ] GC(146) Pause Young (Allocation Failure)
[318.954s][info][gc,heap        ] GC(146) DefNew: 559232K(629120K)->1181K(629120K) Eden: 559232K(559232K)->0K(559232K) From: 0K(69888K)->1181K(69888K)
[318.954s][info][gc,heap        ] GC(146) Tenured: 4075K(1398144K)->4075K(1398144K)
[318.954s][info][gc,metaspace   ] GC(146) Metaspace: 9977K(10304K)->9977K(10304K) NonClass: 8676K(8896K)->8676K(8896K) Class: 1300K(1408K)->1300K(1408K)
[318.954s][info][gc             ] GC(146) Pause Young (Allocation Failure) 550M->5M(1979M) 4.236ms
[318.954s][info][gc,cpu         ] GC(146) User=0.00s Sys=0.00s Real=0.00s
[321.150s][info][gc,start       ] GC(147) Pause Young (Allocation Failure)
[321.154s][info][gc,heap        ] GC(147) DefNew: 560413K(629120K)->1205K(629120K) Eden: 559232K(559232K)->0K(559232K) From: 1181K(69888K)->1205K(69888K)
[321.154s][info][gc,heap        ] GC(147) Tenured: 4075K(1398144K)->4075K(1398144K)
[321.154s][info][gc,metaspace   ] GC(147) Metaspace: 9977K(10304K)->9977K(10304K) NonClass: 8676K(8896K)->8676K(8896K) Class: 1300K(1408K)->1300K(1408K)
[321.154s][info][gc             ] GC(147) Pause Young (Allocation Failure) 551M->5M(1979M) 3.915ms
[321.154s][info][gc,cpu         ] GC(147) User=0.00s Sys=0.00s Real=0.00s
[323.147s][info][gc,start       ] GC(148) Pause Full (System.gc())
[323.147s][info][gc,phases,start] GC(148) Phase 1: Mark live objects
[323.162s][info][gc,phases      ] GC(148) Phase 1: Mark live objects 14.143ms
[323.162s][info][gc,phases,start] GC(148) Phase 2: Compute new object addresses
[323.292s][info][gc,phases      ] GC(148) Phase 2: Compute new object addresses 130.484ms
[323.292s][info][gc,phases,start] GC(148) Phase 3: Adjust pointers
[323.296s][info][gc,phases      ] GC(148) Phase 3: Adjust pointers 3.557ms
[323.296s][info][gc,phases,start] GC(148) Phase 4: Move objects
[323.296s][info][gc,phases      ] GC(148) Phase 4: Move objects 0.011ms
[323.296s][info][gc,heap        ] GC(148) DefNew: 510297K(629120K)->0K(629120K) Eden: 509091K(559232K)->0K(559232K) From: 1205K(69888K)->0K(69888K)
[323.296s][info][gc,heap        ] GC(148) Tenured: 4075K(1398144K)->4075K(1398144K)
[323.296s][info][gc,metaspace   ] GC(148) Metaspace: 9977K(10304K)->9977K(10304K) NonClass: 8676K(8896K)->8676K(8896K) Class: 1300K(1408K)->1300K(1408K)
[323.296s][info][gc             ] GC(148) Pause Full (System.gc()) 502M->3M(1979M) 148.630ms
[323.296s][info][gc,cpu         ] GC(148) User=0.16s Sys=0.00s Real=0.16s
[325.490s][info][gc,start       ] GC(149) Pause Young (Allocation Failure)
[325.494s][info][gc,heap        ] GC(149) DefNew: 559232K(629120K)->1236K(629120K) Eden: 559232K(559232K)->0K(559232K) From: 0K(69888K)->1236K(69888K)
[325.494s][info][gc,heap        ] GC(149) Tenured: 4075K(1398144K)->4075K(1398144K)
[325.495s][info][gc,metaspace   ] GC(149) Metaspace: 9977K(10304K)->9977K(10304K) NonClass: 8676K(8896K)->8676K(8896K) Class: 1300K(1408K)->1300K(1408K)
[325.495s][info][gc             ] GC(149) Pause Young (Allocation Failure) 550M->5M(1979M) 4.385ms
[325.495s][info][gc,cpu         ] GC(149) User=0.02s Sys=0.00s Real=0.02s
[327.707s][info][gc,start       ] GC(150) Pause Young (Allocation Failure)
[327.710s][info][gc,heap        ] GC(150) DefNew: 560468K(629120K)->1161K(629120K) Eden: 559232K(559232K)->0K(559232K) From: 1236K(69888K)->1161K(69888K)
[327.710s][info][gc,heap        ] GC(150) Tenured: 4075K(1398144K)->4075K(1398144K)
[327.710s][info][gc,metaspace   ] GC(150) Metaspace: 9977K(10304K)->9977K(10304K) NonClass: 8676K(8896K)->8676K(8896K) Class: 1300K(1408K)->1300K(1408K)
[327.711s][info][gc             ] GC(150) Pause Young (Allocation Failure) 551M->5M(1979M) 4.049ms
[327.711s][info][gc,cpu         ] GC(150) User=0.00s Sys=0.00s Real=0.00s
[329.728s][info][gc,heap,exit   ] Heap
[329.728s][info][gc,heap,exit   ]  def new generation   total 629120K, used 511833K [0x0000000080000000, 0x00000000aaaa0000, 0x00000000aaaa0000)
[329.728s][info][gc,heap,exit   ]   eden space 559232K,  91% used [0x0000000080000000, 0x000000009f2b40d8, 0x00000000a2220000)
[329.728s][info][gc,heap,exit   ]   from space 69888K,   1% used [0x00000000a6660000, 0x00000000a6782550, 0x00000000aaaa0000)
[329.728s][info][gc,heap,exit   ]   to   space 69888K,   0% used [0x00000000a2220000, 0x00000000a2220000, 0x00000000a6660000)
[329.728s][info][gc,heap,exit   ]  tenured generation   total 1398144K, used 4075K [0x00000000aaaa0000, 0x0000000100000000, 0x0000000100000000)
[329.728s][info][gc,heap,exit   ]    the space 1398144K,   0% used [0x00000000aaaa0000, 0x00000000aae9afd8, 0x00000000aae9b000, 0x0000000100000000)
[329.728s][info][gc,heap,exit   ]  Metaspace       used 10037K, committed 10368K, reserved 1114112K
[329.728s][info][gc,heap,exit   ]   class space    used 1310K, committed 1408K, reserved 1048576K
