[0.016s][info][gc,init] CardTable entry size: 512
[0.017s][info][gc     ] Using Serial
[0.023s][info][gc,init] Version: 20+36-2344 (release)
[0.023s][info][gc,init] CPUs: 48 total, 48 available
[0.023s][info][gc,init] Memory: 382G
[0.023s][info][gc,init] Large Page Support: Disabled
[0.023s][info][gc,init] NUMA Support: Disabled
[0.023s][info][gc,init] Compressed Oops: Enabled (32-bit)
[0.023s][info][gc,init] Heap Min Capacity: 8M
[0.023s][info][gc,init] Heap Initial Capacity: 1G
[0.023s][info][gc,init] Heap Max Capacity: 1G
[0.023s][info][gc,init] Pre-touch: Disabled
[0.034s][info][gc,metaspace] CDS archive(s) mapped at: [0x0000000800000000-0x0000000800c60000-0x0000000800c60000), size 12976128, SharedBaseAddress: 0x0000000800000000, ArchiveRelocationMode: 0.
[0.034s][info][gc,metaspace] Compressed class space mapped at: 0x0000000801000000-0x0000000841000000, reserved size: 1073741824
[0.034s][info][gc,metaspace] Narrow klass base: 0x0000000800000000, Narrow klass shift: 0, Narrow klass range: 0x100000000
[1.032s][info][gc,start    ] GC(0) Pause Full (System.gc())
[1.032s][info][gc,phases,start] GC(0) Phase 1: Mark live objects
[1.045s][info][gc,phases      ] GC(0) Phase 1: Mark live objects 12.191ms
[1.045s][info][gc,phases,start] GC(0) Phase 2: Compute new object addresses
[1.051s][info][gc,phases      ] GC(0) Phase 2: Compute new object addresses 6.091ms
[1.051s][info][gc,phases,start] GC(0) Phase 3: Adjust pointers
[1.056s][info][gc,phases      ] GC(0) Phase 3: Adjust pointers 4.772ms
[1.056s][info][gc,phases,start] GC(0) Phase 4: Move objects
[1.059s][info][gc,phases      ] GC(0) Phase 4: Move objects 3.777ms
[1.060s][info][gc,heap        ] GC(0) DefNew: 67141K(314560K)->0K(314560K) Eden: 67141K(279616K)->0K(279616K) From: 0K(34944K)->0K(34944K)
[1.060s][info][gc,heap        ] GC(0) Tenured: 0K(699072K)->3817K(699072K)
[1.060s][info][gc,metaspace   ] GC(0) Metaspace: 8309K(8512K)->8309K(8512K) NonClass: 7193K(7296K)->7193K(7296K) Class: 1116K(1216K)->1116K(1216K)
[1.060s][info][gc             ] GC(0) Pause Full (System.gc()) 65M->3M(989M) 28.147ms
[1.060s][info][gc,cpu         ] GC(0) User=0.03s Sys=0.00s Real=0.03s
[2.219s][info][gc,start       ] GC(1) Pause Young (Allocation Failure)
[2.229s][info][gc,heap        ] GC(1) DefNew: 279616K(314560K)->1570K(314560K) Eden: 279616K(279616K)->0K(279616K) From: 0K(34944K)->1570K(34944K)
[2.229s][info][gc,heap        ] GC(1) Tenured: 3817K(699072K)->3817K(699072K)
[2.229s][info][gc,metaspace   ] GC(1) Metaspace: 9818K(10112K)->9818K(10112K) NonClass: 8515K(8704K)->8515K(8704K) Class: 1303K(1408K)->1303K(1408K)
[2.229s][info][gc             ] GC(1) Pause Young (Allocation Failure) 276M->5M(989M) 9.900ms
[2.229s][info][gc,cpu         ] GC(1) User=0.00s Sys=0.02s Real=0.02s
[3.374s][info][gc,start       ] GC(2) Pause Young (Allocation Failure)
[3.381s][info][gc,heap        ] GC(2) DefNew: 281186K(314560K)->1485K(314560K) Eden: 279616K(279616K)->0K(279616K) From: 1570K(34944K)->1485K(34944K)
[3.381s][info][gc,heap        ] GC(2) Tenured: 3817K(699072K)->3817K(699072K)
[3.381s][info][gc,metaspace   ] GC(2) Metaspace: 9824K(10112K)->9824K(10112K) NonClass: 8521K(8704K)->8521K(8704K) Class: 1303K(1408K)->1303K(1408K)
[3.381s][info][gc             ] GC(2) Pause Young (Allocation Failure) 278M->5M(989M) 7.219ms
[3.381s][info][gc,cpu         ] GC(2) User=0.00s Sys=0.02s Real=0.02s
[4.495s][info][gc,start       ] GC(3) Pause Young (Allocation Failure)
[4.501s][info][gc,heap        ] GC(3) DefNew: 281101K(314560K)->1482K(314560K) Eden: 279616K(279616K)->0K(279616K) From: 1485K(34944K)->1482K(34944K)
[4.501s][info][gc,heap        ] GC(3) Tenured: 3817K(699072K)->3817K(699072K)
[4.501s][info][gc,metaspace   ] GC(3) Metaspace: 9825K(10112K)->9825K(10112K) NonClass: 8521K(8704K)->8521K(8704K) Class: 1303K(1408K)->1303K(1408K)
[4.501s][info][gc             ] GC(3) Pause Young (Allocation Failure) 278M->5M(989M) 6.262ms
[4.501s][info][gc,cpu         ] GC(3) User=0.00s Sys=0.00s Real=0.00s
[5.640s][info][gc,start       ] GC(4) Pause Young (Allocation Failure)
[5.646s][info][gc,heap        ] GC(4) DefNew: 281098K(314560K)->1483K(314560K) Eden: 279616K(279616K)->0K(279616K) From: 1482K(34944K)->1483K(34944K)
[5.646s][info][gc,heap        ] GC(4) Tenured: 3817K(699072K)->3817K(699072K)
[5.646s][info][gc,metaspace   ] GC(4) Metaspace: 9825K(10112K)->9825K(10112K) NonClass: 8521K(8704K)->8521K(8704K) Class: 1303K(1408K)->1303K(1408K)
[5.646s][info][gc             ] GC(4) Pause Young (Allocation Failure) 278M->5M(989M) 6.445ms
[5.646s][info][gc,cpu         ] GC(4) User=0.00s Sys=0.00s Real=0.01s
[6.791s][info][gc,start       ] GC(5) Pause Young (Allocation Failure)
[6.797s][info][gc,heap        ] GC(5) DefNew: 281099K(314560K)->1503K(314560K) Eden: 279616K(279616K)->0K(279616K) From: 1483K(34944K)->1503K(34944K)
[6.797s][info][gc,heap        ] GC(5) Tenured: 3817K(699072K)->3817K(699072K)
[6.798s][info][gc,metaspace   ] GC(5) Metaspace: 9825K(10112K)->9825K(10112K) NonClass: 8521K(8704K)->8521K(8704K) Class: 1303K(1408K)->1303K(1408K)
[6.798s][info][gc             ] GC(5) Pause Young (Allocation Failure) 278M->5M(989M) 6.259ms
[6.798s][info][gc,cpu         ] GC(5) User=0.00s Sys=0.00s Real=0.00s
[7.956s][info][gc,start       ] GC(6) Pause Young (Allocation Failure)
[7.962s][info][gc,heap        ] GC(6) DefNew: 281119K(314560K)->1426K(314560K) Eden: 279616K(279616K)->0K(279616K) From: 1503K(34944K)->1426K(34944K)
[7.962s][info][gc,heap        ] GC(6) Tenured: 3817K(699072K)->3817K(699072K)
[7.962s][info][gc,metaspace   ] GC(6) Metaspace: 9825K(10112K)->9825K(10112K) NonClass: 8521K(8704K)->8521K(8704K) Class: 1303K(1408K)->1303K(1408K)
[7.962s][info][gc             ] GC(6) Pause Young (Allocation Failure) 278M->5M(989M) 6.058ms
[7.963s][info][gc,cpu         ] GC(6) User=0.02s Sys=0.00s Real=0.02s
[8.103s][info][gc,start       ] GC(7) Pause Full (System.gc())
[8.103s][info][gc,phases,start] GC(7) Phase 1: Mark live objects
[8.122s][info][gc,phases      ] GC(7) Phase 1: Mark live objects 18.406ms
[8.122s][info][gc,phases,start] GC(7) Phase 2: Compute new object addresses
[8.134s][info][gc,phases      ] GC(7) Phase 2: Compute new object addresses 11.713ms
[8.134s][info][gc,phases,start] GC(7) Phase 3: Adjust pointers
[8.138s][info][gc,phases      ] GC(7) Phase 3: Adjust pointers 4.482ms
[8.138s][info][gc,phases,start] GC(7) Phase 4: Move objects
[8.138s][info][gc,phases      ] GC(7) Phase 4: Move objects 0.218ms
[8.139s][info][gc,heap        ] GC(7) DefNew: 34037K(314560K)->0K(314560K) Eden: 32611K(279616K)->0K(279616K) From: 1426K(34944K)->0K(34944K)
[8.139s][info][gc,heap        ] GC(7) Tenured: 3817K(699072K)->4106K(699072K)
[8.139s][info][gc,metaspace   ] GC(7) Metaspace: 9886K(10240K)->9845K(10240K) NonClass: 8572K(8768K)->8543K(8768K) Class: 1314K(1472K)->1302K(1472K)
[8.139s][info][gc             ] GC(7) Pause Full (System.gc()) 36M->4M(989M) 35.588ms
[8.139s][info][gc,cpu         ] GC(7) User=0.03s Sys=0.00s Real=0.03s
[9.282s][info][gc,start       ] GC(8) Pause Young (Allocation Failure)
[9.286s][info][gc,heap        ] GC(8) DefNew: 279616K(314560K)->1197K(314560K) Eden: 279616K(279616K)->0K(279616K) From: 0K(34944K)->1197K(34944K)
[9.286s][info][gc,heap        ] GC(8) Tenured: 4106K(699072K)->4106K(699072K)
[9.286s][info][gc,metaspace   ] GC(8) Metaspace: 9845K(10240K)->9845K(10240K) NonClass: 8543K(8768K)->8543K(8768K) Class: 1302K(1472K)->1302K(1472K)
[9.286s][info][gc             ] GC(8) Pause Young (Allocation Failure) 277M->5M(989M) 4.361ms
[9.286s][info][gc,cpu         ] GC(8) User=0.00s Sys=0.00s Real=0.00s
[10.462s][info][gc,start       ] GC(9) Pause Young (Allocation Failure)
[10.466s][info][gc,heap        ] GC(9) DefNew: 280813K(314560K)->1209K(314560K) Eden: 279616K(279616K)->0K(279616K) From: 1197K(34944K)->1209K(34944K)
[10.466s][info][gc,heap        ] GC(9) Tenured: 4106K(699072K)->4106K(699072K)
[10.466s][info][gc,metaspace   ] GC(9) Metaspace: 9845K(10240K)->9845K(10240K) NonClass: 8543K(8768K)->8543K(8768K) Class: 1302K(1472K)->1302K(1472K)
[10.466s][info][gc             ] GC(9) Pause Young (Allocation Failure) 278M->5M(989M) 3.920ms
[10.466s][info][gc,cpu         ] GC(9) User=0.02s Sys=0.00s Real=0.00s
[11.625s][info][gc,start       ] GC(10) Pause Young (Allocation Failure)
[11.629s][info][gc,heap        ] GC(10) DefNew: 280825K(314560K)->1249K(314560K) Eden: 279616K(279616K)->0K(279616K) From: 1209K(34944K)->1249K(34944K)
[11.629s][info][gc,heap        ] GC(10) Tenured: 4106K(699072K)->4106K(699072K)
[11.629s][info][gc,metaspace   ] GC(10) Metaspace: 9845K(10240K)->9845K(10240K) NonClass: 8543K(8768K)->8543K(8768K) Class: 1302K(1472K)->1302K(1472K)
[11.629s][info][gc             ] GC(10) Pause Young (Allocation Failure) 278M->5M(989M) 3.892ms
[11.629s][info][gc,cpu         ] GC(10) User=0.02s Sys=0.00s Real=0.02s
[12.797s][info][gc,start       ] GC(11) Pause Young (Allocation Failure)
[12.801s][info][gc,heap        ] GC(11) DefNew: 280865K(314560K)->1308K(314560K) Eden: 279616K(279616K)->0K(279616K) From: 1249K(34944K)->1308K(34944K)
[12.802s][info][gc,heap        ] GC(11) Tenured: 4106K(699072K)->4106K(699072K)
[12.802s][info][gc,metaspace   ] GC(11) Metaspace: 9845K(10240K)->9845K(10240K) NonClass: 8543K(8768K)->8543K(8768K) Class: 1302K(1472K)->1302K(1472K)
[12.802s][info][gc             ] GC(11) Pause Young (Allocation Failure) 278M->5M(989M) 4.545ms
[12.802s][info][gc,cpu         ] GC(11) User=0.02s Sys=0.00s Real=0.02s
[13.959s][info][gc,start       ] GC(12) Pause Young (Allocation Failure)
[13.962s][info][gc,heap        ] GC(12) DefNew: 280924K(314560K)->1238K(314560K) Eden: 279616K(279616K)->0K(279616K) From: 1308K(34944K)->1238K(34944K)
[13.962s][info][gc,heap        ] GC(12) Tenured: 4106K(699072K)->4106K(699072K)
[13.962s][info][gc,metaspace   ] GC(12) Metaspace: 9845K(10240K)->9845K(10240K) NonClass: 8543K(8768K)->8543K(8768K) Class: 1302K(1472K)->1302K(1472K)
[13.963s][info][gc             ] GC(12) Pause Young (Allocation Failure) 278M->5M(989M) 3.791ms
[13.963s][info][gc,cpu         ] GC(12) User=0.00s Sys=0.00s Real=0.00s
[14.943s][info][gc,start       ] GC(13) Pause Full (System.gc())
[14.944s][info][gc,phases,start] GC(13) Phase 1: Mark live objects
[14.958s][info][gc,phases      ] GC(13) Phase 1: Mark live objects 14.489ms
[14.958s][info][gc,phases,start] GC(13) Phase 2: Compute new object addresses
[15.021s][info][gc,phases      ] GC(13) Phase 2: Compute new object addresses 63.110ms
[15.021s][info][gc,phases,start] GC(13) Phase 3: Adjust pointers
[15.025s][info][gc,phases      ] GC(13) Phase 3: Adjust pointers 3.468ms
[15.025s][info][gc,phases,start] GC(13) Phase 4: Move objects
[15.025s][info][gc,phases      ] GC(13) Phase 4: Move objects 0.012ms
[15.025s][info][gc,heap        ] GC(13) DefNew: 240451K(314560K)->0K(314560K) Eden: 239213K(279616K)->0K(279616K) From: 1238K(34944K)->0K(34944K)
[15.025s][info][gc,heap        ] GC(13) Tenured: 4106K(699072K)->4106K(699072K)
[15.025s][info][gc,metaspace   ] GC(13) Metaspace: 9845K(10240K)->9845K(10240K) NonClass: 8543K(8768K)->8543K(8768K) Class: 1302K(1472K)->1302K(1472K)
[15.025s][info][gc             ] GC(13) Pause Full (System.gc()) 238M->4M(989M) 81.511ms
[15.025s][info][gc,cpu         ] GC(13) User=0.08s Sys=0.00s Real=0.08s
[16.181s][info][gc,start       ] GC(14) Pause Young (Allocation Failure)
[16.186s][info][gc,heap        ] GC(14) DefNew: 279616K(314560K)->1288K(314560K) Eden: 279616K(279616K)->0K(279616K) From: 0K(34944K)->1288K(34944K)
[16.186s][info][gc,heap        ] GC(14) Tenured: 4106K(699072K)->4106K(699072K)
[16.186s][info][gc,metaspace   ] GC(14) Metaspace: 9856K(10240K)->9856K(10240K) NonClass: 8552K(8768K)->8552K(8768K) Class: 1303K(1472K)->1303K(1472K)
[16.186s][info][gc             ] GC(14) Pause Young (Allocation Failure) 277M->5M(989M) 4.643ms
[16.186s][info][gc,cpu         ] GC(14) User=0.02s Sys=0.00s Real=0.02s
[17.338s][info][gc,start       ] GC(15) Pause Young (Allocation Failure)
[17.342s][info][gc,heap        ] GC(15) DefNew: 280904K(314560K)->1276K(314560K) Eden: 279616K(279616K)->0K(279616K) From: 1288K(34944K)->1276K(34944K)
[17.342s][info][gc,heap        ] GC(15) Tenured: 4106K(699072K)->4106K(699072K)
[17.342s][info][gc,metaspace   ] GC(15) Metaspace: 9856K(10240K)->9856K(10240K) NonClass: 8552K(8768K)->8552K(8768K) Class: 1303K(1472K)->1303K(1472K)
[17.342s][info][gc             ] GC(15) Pause Young (Allocation Failure) 278M->5M(989M) 4.097ms
[17.342s][info][gc,cpu         ] GC(15) User=0.00s Sys=0.02s Real=0.01s
[18.499s][info][gc,start       ] GC(16) Pause Young (Allocation Failure)
[18.502s][info][gc,heap        ] GC(16) DefNew: 280892K(314560K)->1241K(314560K) Eden: 279616K(279616K)->0K(279616K) From: 1276K(34944K)->1241K(34944K)
[18.502s][info][gc,heap        ] GC(16) Tenured: 4106K(699072K)->4106K(699072K)
[18.503s][info][gc,metaspace   ] GC(16) Metaspace: 9856K(10240K)->9856K(10240K) NonClass: 8552K(8768K)->8552K(8768K) Class: 1303K(1472K)->1303K(1472K)
[18.503s][info][gc             ] GC(16) Pause Young (Allocation Failure) 278M->5M(989M) 3.895ms
[18.503s][info][gc,cpu         ] GC(16) User=0.00s Sys=0.00s Real=0.00s
[19.650s][info][gc,start       ] GC(17) Pause Young (Allocation Failure)
[19.654s][info][gc,heap        ] GC(17) DefNew: 280857K(314560K)->1239K(314560K) Eden: 279616K(279616K)->0K(279616K) From: 1241K(34944K)->1239K(34944K)
[19.654s][info][gc,heap        ] GC(17) Tenured: 4106K(699072K)->4106K(699072K)
[19.654s][info][gc,metaspace   ] GC(17) Metaspace: 9856K(10240K)->9856K(10240K) NonClass: 8552K(8768K)->8552K(8768K) Class: 1303K(1472K)->1303K(1472K)
[19.654s][info][gc             ] GC(17) Pause Young (Allocation Failure) 278M->5M(989M) 4.077ms
[19.654s][info][gc,cpu         ] GC(17) User=0.02s Sys=0.00s Real=0.02s
[20.819s][info][gc,start       ] GC(18) Pause Young (Allocation Failure)
[20.822s][info][gc,heap        ] GC(18) DefNew: 280855K(314560K)->1207K(314560K) Eden: 279616K(279616K)->0K(279616K) From: 1239K(34944K)->1207K(34944K)
[20.822s][info][gc,heap        ] GC(18) Tenured: 4106K(699072K)->4106K(699072K)
[20.822s][info][gc,metaspace   ] GC(18) Metaspace: 9856K(10240K)->9856K(10240K) NonClass: 8552K(8768K)->8552K(8768K) Class: 1303K(1472K)->1303K(1472K)
[20.822s][info][gc             ] GC(18) Pause Young (Allocation Failure) 278M->5M(989M) 3.823ms
[20.822s][info][gc,cpu         ] GC(18) User=0.00s Sys=0.00s Real=0.00s
[21.789s][info][gc,start       ] GC(19) Pause Full (System.gc())
[21.790s][info][gc,phases,start] GC(19) Phase 1: Mark live objects
[21.803s][info][gc,phases      ] GC(19) Phase 1: Mark live objects 13.197ms
[21.803s][info][gc,phases,start] GC(19) Phase 2: Compute new object addresses
[21.866s][info][gc,phases      ] GC(19) Phase 2: Compute new object addresses 63.090ms
[21.866s][info][gc,phases,start] GC(19) Phase 3: Adjust pointers
[21.870s][info][gc,phases      ] GC(19) Phase 3: Adjust pointers 3.769ms
[21.870s][info][gc,phases,start] GC(19) Phase 4: Move objects
[21.871s][info][gc,phases      ] GC(19) Phase 4: Move objects 0.958ms
[21.871s][info][gc,heap        ] GC(19) DefNew: 236687K(314560K)->0K(314560K) Eden: 235479K(279616K)->0K(279616K) From: 1207K(34944K)->0K(34944K)
[21.871s][info][gc,heap        ] GC(19) Tenured: 4106K(699072K)->4071K(699072K)
[21.871s][info][gc,metaspace   ] GC(19) Metaspace: 9856K(10240K)->9856K(10240K) NonClass: 8553K(8768K)->8553K(8768K) Class: 1303K(1472K)->1303K(1472K)
[21.871s][info][gc             ] GC(19) Pause Full (System.gc()) 235M->3M(989M) 81.450ms
[21.871s][info][gc,cpu         ] GC(19) User=0.08s Sys=0.00s Real=0.08s
[23.006s][info][gc,start       ] GC(20) Pause Young (Allocation Failure)
[23.010s][info][gc,heap        ] GC(20) DefNew: 279616K(314560K)->1256K(314560K) Eden: 279616K(279616K)->0K(279616K) From: 0K(34944K)->1256K(34944K)
[23.010s][info][gc,heap        ] GC(20) Tenured: 4071K(699072K)->4071K(699072K)
[23.010s][info][gc,metaspace   ] GC(20) Metaspace: 9857K(10240K)->9857K(10240K) NonClass: 8554K(8768K)->8554K(8768K) Class: 1303K(1472K)->1303K(1472K)
[23.010s][info][gc             ] GC(20) Pause Young (Allocation Failure) 277M->5M(989M) 4.477ms
[23.010s][info][gc,cpu         ] GC(20) User=0.02s Sys=0.00s Real=0.01s
[24.133s][info][gc,start       ] GC(21) Pause Young (Allocation Failure)
[24.136s][info][gc,heap        ] GC(21) DefNew: 280872K(314560K)->1240K(314560K) Eden: 279616K(279616K)->0K(279616K) From: 1256K(34944K)->1240K(34944K)
[24.136s][info][gc,heap        ] GC(21) Tenured: 4071K(699072K)->4071K(699072K)
[24.137s][info][gc,metaspace   ] GC(21) Metaspace: 9857K(10240K)->9857K(10240K) NonClass: 8554K(8768K)->8554K(8768K) Class: 1303K(1472K)->1303K(1472K)
[24.137s][info][gc             ] GC(21) Pause Young (Allocation Failure) 278M->5M(989M) 3.994ms
[24.137s][info][gc,cpu         ] GC(21) User=0.00s Sys=0.00s Real=0.00s
[25.264s][info][gc,start       ] GC(22) Pause Young (Allocation Failure)
[25.268s][info][gc,heap        ] GC(22) DefNew: 280856K(314560K)->1295K(314560K) Eden: 279616K(279616K)->0K(279616K) From: 1240K(34944K)->1295K(34944K)
[25.268s][info][gc,heap        ] GC(22) Tenured: 4071K(699072K)->4071K(699072K)
[25.268s][info][gc,metaspace   ] GC(22) Metaspace: 9857K(10240K)->9857K(10240K) NonClass: 8554K(8768K)->8554K(8768K) Class: 1303K(1472K)->1303K(1472K)
[25.268s][info][gc             ] GC(22) Pause Young (Allocation Failure) 278M->5M(989M) 3.974ms
[25.268s][info][gc,cpu         ] GC(22) User=0.00s Sys=0.00s Real=0.00s
[26.394s][info][gc,start       ] GC(23) Pause Young (Allocation Failure)
[26.397s][info][gc,heap        ] GC(23) DefNew: 280911K(314560K)->1274K(314560K) Eden: 279616K(279616K)->0K(279616K) From: 1295K(34944K)->1274K(34944K)
[26.397s][info][gc,heap        ] GC(23) Tenured: 4071K(699072K)->4071K(699072K)
[26.398s][info][gc,metaspace   ] GC(23) Metaspace: 9857K(10240K)->9857K(10240K) NonClass: 8554K(8768K)->8554K(8768K) Class: 1303K(1472K)->1303K(1472K)
[26.398s][info][gc             ] GC(23) Pause Young (Allocation Failure) 278M->5M(989M) 4.019ms
[26.398s][info][gc,cpu         ] GC(23) User=0.00s Sys=0.00s Real=0.00s
[27.531s][info][gc,start       ] GC(24) Pause Young (Allocation Failure)
[27.535s][info][gc,heap        ] GC(24) DefNew: 280890K(314560K)->1269K(314560K) Eden: 279616K(279616K)->0K(279616K) From: 1274K(34944K)->1269K(34944K)
[27.535s][info][gc,heap        ] GC(24) Tenured: 4071K(699072K)->4071K(699072K)
[27.535s][info][gc,metaspace   ] GC(24) Metaspace: 9857K(10240K)->9857K(10240K) NonClass: 8554K(8768K)->8554K(8768K) Class: 1303K(1472K)->1303K(1472K)
[27.535s][info][gc             ] GC(24) Pause Young (Allocation Failure) 278M->5M(989M) 3.934ms
[27.535s][info][gc,cpu         ] GC(24) User=0.00s Sys=0.00s Real=0.00s
[28.491s][info][gc,start       ] GC(25) Pause Full (System.gc())
[28.491s][info][gc,phases,start] GC(25) Phase 1: Mark live objects
[28.505s][info][gc,phases      ] GC(25) Phase 1: Mark live objects 13.471ms
[28.518s][info][gc,phases,start] GC(25) Phase 2: Compute new object addresses
[28.590s][info][gc,phases      ] GC(25) Phase 2: Compute new object addresses 72.582ms
[28.590s][info][gc,phases,start] GC(25) Phase 3: Adjust pointers
[28.594s][info][gc,phases      ] GC(25) Phase 3: Adjust pointers 3.495ms
[28.594s][info][gc,phases,start] GC(25) Phase 4: Move objects
[28.594s][info][gc,phases      ] GC(25) Phase 4: Move objects 0.012ms
[28.594s][info][gc,heap        ] GC(25) DefNew: 237683K(314560K)->0K(314560K) Eden: 236414K(279616K)->0K(279616K) From: 1269K(34944K)->0K(34944K)
[28.594s][info][gc,heap        ] GC(25) Tenured: 4071K(699072K)->4071K(699072K)
[28.594s][info][gc,metaspace   ] GC(25) Metaspace: 9857K(10240K)->9857K(10240K) NonClass: 8554K(8768K)->8554K(8768K) Class: 1303K(1472K)->1303K(1472K)
[28.594s][info][gc             ] GC(25) Pause Full (System.gc()) 236M->3M(989M) 102.876ms
[28.594s][info][gc,cpu         ] GC(25) User=0.09s Sys=0.00s Real=0.11s
[29.737s][info][gc,start       ] GC(26) Pause Young (Allocation Failure)
[29.741s][info][gc,heap        ] GC(26) DefNew: 279616K(314560K)->1141K(314560K) Eden: 279616K(279616K)->0K(279616K) From: 0K(34944K)->1141K(34944K)
[29.741s][info][gc,heap        ] GC(26) Tenured: 4071K(699072K)->4071K(699072K)
[29.741s][info][gc,metaspace   ] GC(26) Metaspace: 9860K(10240K)->9860K(10240K) NonClass: 8556K(8768K)->8556K(8768K) Class: 1303K(1472K)->1303K(1472K)
[29.741s][info][gc             ] GC(26) Pause Young (Allocation Failure) 277M->5M(989M) 4.186ms
[29.741s][info][gc,cpu         ] GC(26) User=0.00s Sys=0.00s Real=0.00s
[30.864s][info][gc,start       ] GC(27) Pause Young (Allocation Failure)
[30.868s][info][gc,heap        ] GC(27) DefNew: 280757K(314560K)->1275K(314560K) Eden: 279616K(279616K)->0K(279616K) From: 1141K(34944K)->1275K(34944K)
[30.868s][info][gc,heap        ] GC(27) Tenured: 4071K(699072K)->4071K(699072K)
[30.868s][info][gc,metaspace   ] GC(27) Metaspace: 9860K(10240K)->9860K(10240K) NonClass: 8556K(8768K)->8556K(8768K) Class: 1303K(1472K)->1303K(1472K)
[30.869s][info][gc             ] GC(27) Pause Young (Allocation Failure) 278M->5M(989M) 4.440ms
[30.869s][info][gc,cpu         ] GC(27) User=0.00s Sys=0.00s Real=0.00s
[31.993s][info][gc,start       ] GC(28) Pause Young (Allocation Failure)
[31.996s][info][gc,heap        ] GC(28) DefNew: 280891K(314560K)->1120K(314560K) Eden: 279616K(279616K)->0K(279616K) From: 1275K(34944K)->1120K(34944K)
[31.996s][info][gc,heap        ] GC(28) Tenured: 4071K(699072K)->4071K(699072K)
[31.996s][info][gc,metaspace   ] GC(28) Metaspace: 9860K(10240K)->9860K(10240K) NonClass: 8556K(8768K)->8556K(8768K) Class: 1303K(1472K)->1303K(1472K)
[31.996s][info][gc             ] GC(28) Pause Young (Allocation Failure) 278M->5M(989M) 3.799ms
[31.997s][info][gc,cpu         ] GC(28) User=0.00s Sys=0.00s Real=0.00s
[33.141s][info][gc,start       ] GC(29) Pause Young (Allocation Failure)
[33.145s][info][gc,heap        ] GC(29) DefNew: 280736K(314560K)->1208K(314560K) Eden: 279616K(279616K)->0K(279616K) From: 1120K(34944K)->1208K(34944K)
[33.145s][info][gc,heap        ] GC(29) Tenured: 4071K(699072K)->4071K(699072K)
[33.145s][info][gc,metaspace   ] GC(29) Metaspace: 9860K(10240K)->9860K(10240K) NonClass: 8556K(8768K)->8556K(8768K) Class: 1303K(1472K)->1303K(1472K)
[33.145s][info][gc             ] GC(29) Pause Young (Allocation Failure) 278M->5M(989M) 3.718ms
[33.145s][info][gc,cpu         ] GC(29) User=0.00s Sys=0.00s Real=0.00s
[34.280s][info][gc,start       ] GC(30) Pause Young (Allocation Failure)
[34.284s][info][gc,heap        ] GC(30) DefNew: 280824K(314560K)->1143K(314560K) Eden: 279616K(279616K)->0K(279616K) From: 1208K(34944K)->1143K(34944K)
[34.284s][info][gc,heap        ] GC(30) Tenured: 4071K(699072K)->4071K(699072K)
[34.284s][info][gc,metaspace   ] GC(30) Metaspace: 9860K(10240K)->9860K(10240K) NonClass: 8556K(8768K)->8556K(8768K) Class: 1303K(1472K)->1303K(1472K)
[34.284s][info][gc             ] GC(30) Pause Young (Allocation Failure) 278M->5M(989M) 3.743ms
[34.284s][info][gc,cpu         ] GC(30) User=0.00s Sys=0.00s Real=0.00s
[35.271s][info][gc,start       ] GC(31) Pause Full (System.gc())
[35.271s][info][gc,phases,start] GC(31) Phase 1: Mark live objects
[35.284s][info][gc,phases      ] GC(31) Phase 1: Mark live objects 12.821ms
[35.284s][info][gc,phases,start] GC(31) Phase 2: Compute new object addresses
[35.350s][info][gc,phases      ] GC(31) Phase 2: Compute new object addresses 65.742ms
[35.350s][info][gc,phases,start] GC(31) Phase 3: Adjust pointers
[35.353s][info][gc,phases      ] GC(31) Phase 3: Adjust pointers 3.576ms
[35.353s][info][gc,phases,start] GC(31) Phase 4: Move objects
[35.353s][info][gc,phases      ] GC(31) Phase 4: Move objects 0.012ms
[35.353s][info][gc,heap        ] GC(31) DefNew: 242039K(314560K)->0K(314560K) Eden: 240895K(279616K)->0K(279616K) From: 1143K(34944K)->0K(34944K)
[35.353s][info][gc,heap        ] GC(31) Tenured: 4071K(699072K)->4072K(699072K)
[35.353s][info][gc,metaspace   ] GC(31) Metaspace: 9860K(10240K)->9860K(10240K) NonClass: 8556K(8768K)->8556K(8768K) Class: 1303K(1472K)->1303K(1472K)
[35.354s][info][gc             ] GC(31) Pause Full (System.gc()) 240M->3M(989M) 82.586ms
[35.354s][info][gc,cpu         ] GC(31) User=0.09s Sys=0.00s Real=0.09s
[36.476s][info][gc,start       ] GC(32) Pause Young (Allocation Failure)
[36.481s][info][gc,heap        ] GC(32) DefNew: 279616K(314560K)->1327K(314560K) Eden: 279616K(279616K)->0K(279616K) From: 0K(34944K)->1327K(34944K)
[36.481s][info][gc,heap        ] GC(32) Tenured: 4072K(699072K)->4072K(699072K)
[36.481s][info][gc,metaspace   ] GC(32) Metaspace: 9860K(10240K)->9860K(10240K) NonClass: 8557K(8768K)->8557K(8768K) Class: 1303K(1472K)->1303K(1472K)
[36.481s][info][gc             ] GC(32) Pause Young (Allocation Failure) 277M->5M(989M) 4.653ms
[36.481s][info][gc,cpu         ] GC(32) User=0.00s Sys=0.00s Real=0.00s
[37.607s][info][gc,start       ] GC(33) Pause Young (Allocation Failure)
[37.611s][info][gc,heap        ] GC(33) DefNew: 280943K(314560K)->1286K(314560K) Eden: 279616K(279616K)->0K(279616K) From: 1327K(34944K)->1286K(34944K)
[37.611s][info][gc,heap        ] GC(33) Tenured: 4072K(699072K)->4072K(699072K)
[37.611s][info][gc,metaspace   ] GC(33) Metaspace: 9860K(10240K)->9860K(10240K) NonClass: 8557K(8768K)->8557K(8768K) Class: 1303K(1472K)->1303K(1472K)
[37.611s][info][gc             ] GC(33) Pause Young (Allocation Failure) 278M->5M(989M) 4.424ms
[37.611s][info][gc,cpu         ] GC(33) User=0.02s Sys=0.00s Real=0.02s
[38.740s][info][gc,start       ] GC(34) Pause Young (Allocation Failure)
[38.743s][info][gc,heap        ] GC(34) DefNew: 280902K(314560K)->1251K(314560K) Eden: 279616K(279616K)->0K(279616K) From: 1286K(34944K)->1251K(34944K)
[38.743s][info][gc,heap        ] GC(34) Tenured: 4072K(699072K)->4072K(699072K)
[38.743s][info][gc,metaspace   ] GC(34) Metaspace: 9860K(10240K)->9860K(10240K) NonClass: 8557K(8768K)->8557K(8768K) Class: 1303K(1472K)->1303K(1472K)
[38.744s][info][gc             ] GC(34) Pause Young (Allocation Failure) 278M->5M(989M) 4.012ms
[38.744s][info][gc,cpu         ] GC(34) User=0.00s Sys=0.00s Real=0.00s
[39.867s][info][gc,start       ] GC(35) Pause Young (Allocation Failure)
[39.870s][info][gc,heap        ] GC(35) DefNew: 280867K(314560K)->1190K(314560K) Eden: 279616K(279616K)->0K(279616K) From: 1251K(34944K)->1190K(34944K)
[39.870s][info][gc,heap        ] GC(35) Tenured: 4072K(699072K)->4072K(699072K)
[39.871s][info][gc,metaspace   ] GC(35) Metaspace: 9860K(10240K)->9860K(10240K) NonClass: 8557K(8768K)->8557K(8768K) Class: 1303K(1472K)->1303K(1472K)
[39.871s][info][gc             ] GC(35) Pause Young (Allocation Failure) 278M->5M(989M) 4.104ms
[39.871s][info][gc,cpu         ] GC(35) User=0.02s Sys=0.00s Real=0.02s
[41.019s][info][gc,start       ] GC(36) Pause Young (Allocation Failure)
[41.022s][info][gc,heap        ] GC(36) DefNew: 280806K(314560K)->1192K(314560K) Eden: 279616K(279616K)->0K(279616K) From: 1190K(34944K)->1192K(34944K)
[41.022s][info][gc,heap        ] GC(36) Tenured: 4072K(699072K)->4072K(699072K)
[41.022s][info][gc,metaspace   ] GC(36) Metaspace: 9860K(10240K)->9860K(10240K) NonClass: 8557K(8768K)->8557K(8768K) Class: 1303K(1472K)->1303K(1472K)
[41.022s][info][gc             ] GC(36) Pause Young (Allocation Failure) 278M->5M(989M) 3.847ms
[41.022s][info][gc,cpu         ] GC(36) User=0.00s Sys=0.00s Real=0.00s
[41.970s][info][gc,start       ] GC(37) Pause Full (System.gc())
[41.970s][info][gc,phases,start] GC(37) Phase 1: Mark live objects
[41.983s][info][gc,phases      ] GC(37) Phase 1: Mark live objects 12.876ms
[41.983s][info][gc,phases,start] GC(37) Phase 2: Compute new object addresses
[42.047s][info][gc,phases      ] GC(37) Phase 2: Compute new object addresses 64.170ms
[42.047s][info][gc,phases,start] GC(37) Phase 3: Adjust pointers
[42.051s][info][gc,phases      ] GC(37) Phase 3: Adjust pointers 3.440ms
[42.051s][info][gc,phases,start] GC(37) Phase 4: Move objects
[42.051s][info][gc,phases      ] GC(37) Phase 4: Move objects 0.012ms
[42.051s][info][gc,heap        ] GC(37) DefNew: 236883K(314560K)->0K(314560K) Eden: 235691K(279616K)->0K(279616K) From: 1192K(34944K)->0K(34944K)
[42.051s][info][gc,heap        ] GC(37) Tenured: 4072K(699072K)->4073K(699072K)
[42.051s][info][gc,metaspace   ] GC(37) Metaspace: 9861K(10240K)->9861K(10240K) NonClass: 8558K(8768K)->8558K(8768K) Class: 1303K(1472K)->1303K(1472K)
[42.051s][info][gc             ] GC(37) Pause Full (System.gc()) 235M->3M(989M) 80.921ms
[42.051s][info][gc,cpu         ] GC(37) User=0.08s Sys=0.00s Real=0.08s
[43.195s][info][gc,start       ] GC(38) Pause Young (Allocation Failure)
[43.200s][info][gc,heap        ] GC(38) DefNew: 279616K(314560K)->1283K(314560K) Eden: 279616K(279616K)->0K(279616K) From: 0K(34944K)->1283K(34944K)
[43.200s][info][gc,heap        ] GC(38) Tenured: 4073K(699072K)->4073K(699072K)
[43.200s][info][gc,metaspace   ] GC(38) Metaspace: 9862K(10240K)->9862K(10240K) NonClass: 8558K(8768K)->8558K(8768K) Class: 1303K(1472K)->1303K(1472K)
[43.200s][info][gc             ] GC(38) Pause Young (Allocation Failure) 277M->5M(989M) 4.515ms
[43.200s][info][gc,cpu         ] GC(38) User=0.00s Sys=0.00s Real=0.00s
[44.319s][info][gc,start       ] GC(39) Pause Young (Allocation Failure)
[44.322s][info][gc,heap        ] GC(39) DefNew: 280899K(314560K)->1249K(314560K) Eden: 279616K(279616K)->0K(279616K) From: 1283K(34944K)->1249K(34944K)
[44.322s][info][gc,heap        ] GC(39) Tenured: 4073K(699072K)->4073K(699072K)
[44.322s][info][gc,metaspace   ] GC(39) Metaspace: 9862K(10240K)->9862K(10240K) NonClass: 8558K(8768K)->8558K(8768K) Class: 1303K(1472K)->1303K(1472K)
[44.323s][info][gc             ] GC(39) Pause Young (Allocation Failure) 278M->5M(989M) 4.023ms
[44.323s][info][gc,cpu         ] GC(39) User=0.00s Sys=0.00s Real=0.00s
[45.450s][info][gc,start       ] GC(40) Pause Young (Allocation Failure)
[45.453s][info][gc,heap        ] GC(40) DefNew: 280865K(314560K)->1117K(314560K) Eden: 279616K(279616K)->0K(279616K) From: 1249K(34944K)->1117K(34944K)
[45.453s][info][gc,heap        ] GC(40) Tenured: 4073K(699072K)->4073K(699072K)
[45.453s][info][gc,metaspace   ] GC(40) Metaspace: 9862K(10240K)->9862K(10240K) NonClass: 8558K(8768K)->8558K(8768K) Class: 1303K(1472K)->1303K(1472K)
[45.453s][info][gc             ] GC(40) Pause Young (Allocation Failure) 278M->5M(989M) 3.490ms
[45.453s][info][gc,cpu         ] GC(40) User=0.00s Sys=0.00s Real=0.00s
[46.581s][info][gc,start       ] GC(41) Pause Young (Allocation Failure)
[46.584s][info][gc,heap        ] GC(41) DefNew: 280733K(314560K)->1207K(314560K) Eden: 279616K(279616K)->0K(279616K) From: 1117K(34944K)->1207K(34944K)
[46.584s][info][gc,heap        ] GC(41) Tenured: 4073K(699072K)->4073K(699072K)
[46.584s][info][gc,metaspace   ] GC(41) Metaspace: 9862K(10240K)->9862K(10240K) NonClass: 8558K(8768K)->8558K(8768K) Class: 1303K(1472K)->1303K(1472K)
[46.585s][info][gc             ] GC(41) Pause Young (Allocation Failure) 278M->5M(989M) 3.999ms
[46.585s][info][gc,cpu         ] GC(41) User=0.02s Sys=0.00s Real=0.01s
[47.708s][info][gc,start       ] GC(42) Pause Young (Allocation Failure)
[47.712s][info][gc,heap        ] GC(42) DefNew: 280823K(314560K)->1147K(314560K) Eden: 279616K(279616K)->0K(279616K) From: 1207K(34944K)->1147K(34944K)
[47.712s][info][gc,heap        ] GC(42) Tenured: 4073K(699072K)->4073K(699072K)
[47.712s][info][gc,metaspace   ] GC(42) Metaspace: 9862K(10240K)->9862K(10240K) NonClass: 8558K(8768K)->8558K(8768K) Class: 1303K(1472K)->1303K(1472K)
[47.712s][info][gc             ] GC(42) Pause Young (Allocation Failure) 278M->5M(989M) 3.837ms
[47.712s][info][gc,cpu         ] GC(42) User=0.00s Sys=0.00s Real=0.00s
[48.672s][info][gc,start       ] GC(43) Pause Full (System.gc())
[48.672s][info][gc,phases,start] GC(43) Phase 1: Mark live objects
[48.685s][info][gc,phases      ] GC(43) Phase 1: Mark live objects 13.054ms
[48.685s][info][gc,phases,start] GC(43) Phase 2: Compute new object addresses
[48.748s][info][gc,phases      ] GC(43) Phase 2: Compute new object addresses 63.381ms
[48.748s][info][gc,phases,start] GC(43) Phase 3: Adjust pointers
[48.752s][info][gc,phases      ] GC(43) Phase 3: Adjust pointers 3.524ms
[48.752s][info][gc,phases,start] GC(43) Phase 4: Move objects
[48.752s][info][gc,phases      ] GC(43) Phase 4: Move objects 0.015ms
[48.752s][info][gc,heap        ] GC(43) DefNew: 237347K(314560K)->0K(314560K) Eden: 236200K(279616K)->0K(279616K) From: 1147K(34944K)->0K(34944K)
[48.752s][info][gc,heap        ] GC(43) Tenured: 4073K(699072K)->4072K(699072K)
[48.752s][info][gc,metaspace   ] GC(43) Metaspace: 9863K(10240K)->9863K(10240K) NonClass: 8560K(8768K)->8560K(8768K) Class: 1303K(1472K)->1303K(1472K)
[48.752s][info][gc             ] GC(43) Pause Full (System.gc()) 235M->3M(989M) 80.463ms
[48.752s][info][gc,cpu         ] GC(43) User=0.08s Sys=0.00s Real=0.08s
[49.870s][info][gc,start       ] GC(44) Pause Young (Allocation Failure)
[49.874s][info][gc,heap        ] GC(44) DefNew: 279616K(314560K)->1243K(314560K) Eden: 279616K(279616K)->0K(279616K) From: 0K(34944K)->1243K(34944K)
[49.874s][info][gc,heap        ] GC(44) Tenured: 4072K(699072K)->4072K(699072K)
[49.874s][info][gc,metaspace   ] GC(44) Metaspace: 9864K(10240K)->9864K(10240K) NonClass: 8560K(8768K)->8560K(8768K) Class: 1303K(1472K)->1303K(1472K)
[49.874s][info][gc             ] GC(44) Pause Young (Allocation Failure) 277M->5M(989M) 4.403ms
[49.874s][info][gc,cpu         ] GC(44) User=0.00s Sys=0.00s Real=0.00s
[51.007s][info][gc,start       ] GC(45) Pause Young (Allocation Failure)
[51.011s][info][gc,heap        ] GC(45) DefNew: 280859K(314560K)->1251K(314560K) Eden: 279616K(279616K)->0K(279616K) From: 1243K(34944K)->1251K(34944K)
[51.011s][info][gc,heap        ] GC(45) Tenured: 4072K(699072K)->4072K(699072K)
[51.011s][info][gc,metaspace   ] GC(45) Metaspace: 9864K(10240K)->9864K(10240K) NonClass: 8560K(8768K)->8560K(8768K) Class: 1303K(1472K)->1303K(1472K)
[51.011s][info][gc             ] GC(45) Pause Young (Allocation Failure) 278M->5M(989M) 4.265ms
[51.011s][info][gc,cpu         ] GC(45) User=0.00s Sys=0.00s Real=0.00s
[52.148s][info][gc,start       ] GC(46) Pause Young (Allocation Failure)
[52.151s][info][gc,heap        ] GC(46) DefNew: 280867K(314560K)->1199K(314560K) Eden: 279616K(279616K)->0K(279616K) From: 1251K(34944K)->1199K(34944K)
[52.151s][info][gc,heap        ] GC(46) Tenured: 4072K(699072K)->4072K(699072K)
[52.151s][info][gc,metaspace   ] GC(46) Metaspace: 9864K(10240K)->9864K(10240K) NonClass: 8560K(8768K)->8560K(8768K) Class: 1303K(1472K)->1303K(1472K)
[52.151s][info][gc             ] GC(46) Pause Young (Allocation Failure) 278M->5M(989M) 3.976ms
[52.152s][info][gc,cpu         ] GC(46) User=0.00s Sys=0.00s Real=0.00s
[53.287s][info][gc,start       ] GC(47) Pause Young (Allocation Failure)
[53.291s][info][gc,heap        ] GC(47) DefNew: 280815K(314560K)->1310K(314560K) Eden: 279616K(279616K)->0K(279616K) From: 1199K(34944K)->1310K(34944K)
[53.291s][info][gc,heap        ] GC(47) Tenured: 4072K(699072K)->4072K(699072K)
[53.291s][info][gc,metaspace   ] GC(47) Metaspace: 9864K(10240K)->9864K(10240K) NonClass: 8560K(8768K)->8560K(8768K) Class: 1303K(1472K)->1303K(1472K)
[53.291s][info][gc             ] GC(47) Pause Young (Allocation Failure) 278M->5M(989M) 3.993ms
[53.291s][info][gc,cpu         ] GC(47) User=0.00s Sys=0.00s Real=0.00s
[54.382s][info][gc,start       ] GC(48) Pause Young (Allocation Failure)
[54.386s][info][gc,heap        ] GC(48) DefNew: 280926K(314560K)->1298K(314560K) Eden: 279616K(279616K)->0K(279616K) From: 1310K(34944K)->1298K(34944K)
[54.386s][info][gc,heap        ] GC(48) Tenured: 4072K(699072K)->4072K(699072K)
[54.386s][info][gc,metaspace   ] GC(48) Metaspace: 9864K(10240K)->9864K(10240K) NonClass: 8560K(8768K)->8560K(8768K) Class: 1303K(1472K)->1303K(1472K)
[54.386s][info][gc             ] GC(48) Pause Young (Allocation Failure) 278M->5M(989M) 3.524ms
[54.386s][info][gc,cpu         ] GC(48) User=0.02s Sys=0.00s Real=0.02s
[55.343s][info][gc,start       ] GC(49) Pause Full (System.gc())
[55.343s][info][gc,phases,start] GC(49) Phase 1: Mark live objects
[55.357s][info][gc,phases      ] GC(49) Phase 1: Mark live objects 13.133ms
[55.357s][info][gc,phases,start] GC(49) Phase 2: Compute new object addresses
[55.420s][info][gc,phases      ] GC(49) Phase 2: Compute new object addresses 63.201ms
[55.420s][info][gc,phases,start] GC(49) Phase 3: Adjust pointers
[55.424s][info][gc,phases      ] GC(49) Phase 3: Adjust pointers 3.718ms
[55.424s][info][gc,phases,start] GC(49) Phase 4: Move objects
[55.424s][info][gc,phases      ] GC(49) Phase 4: Move objects 0.012ms
[55.424s][info][gc,heap        ] GC(49) DefNew: 242835K(314560K)->0K(314560K) Eden: 241537K(279616K)->0K(279616K) From: 1298K(34944K)->0K(34944K)
[55.424s][info][gc,heap        ] GC(49) Tenured: 4072K(699072K)->4073K(699072K)
[55.424s][info][gc,metaspace   ] GC(49) Metaspace: 9864K(10240K)->9864K(10240K) NonClass: 8561K(8768K)->8561K(8768K) Class: 1303K(1472K)->1303K(1472K)
[55.424s][info][gc             ] GC(49) Pause Full (System.gc()) 241M->3M(989M) 80.545ms
[55.424s][info][gc,cpu         ] GC(49) User=0.08s Sys=0.00s Real=0.08s
[56.560s][info][gc,start       ] GC(50) Pause Young (Allocation Failure)
[56.564s][info][gc,heap        ] GC(50) DefNew: 279616K(314560K)->1331K(314560K) Eden: 279616K(279616K)->0K(279616K) From: 0K(34944K)->1331K(34944K)
[56.564s][info][gc,heap        ] GC(50) Tenured: 4073K(699072K)->4073K(699072K)
[56.564s][info][gc,metaspace   ] GC(50) Metaspace: 9867K(10240K)->9867K(10240K) NonClass: 8564K(8768K)->8564K(8768K) Class: 1303K(1472K)->1303K(1472K)
[56.565s][info][gc             ] GC(50) Pause Young (Allocation Failure) 277M->5M(989M) 4.615ms
[56.565s][info][gc,cpu         ] GC(50) User=0.00s Sys=0.00s Real=0.00s
[57.639s][info][gc,start       ] GC(51) Pause Young (Allocation Failure)
[57.642s][info][gc,heap        ] GC(51) DefNew: 280947K(314560K)->1216K(314560K) Eden: 279616K(279616K)->0K(279616K) From: 1331K(34944K)->1216K(34944K)
[57.643s][info][gc,heap        ] GC(51) Tenured: 4073K(699072K)->4073K(699072K)
[57.643s][info][gc,metaspace   ] GC(51) Metaspace: 9867K(10240K)->9867K(10240K) NonClass: 8564K(8768K)->8564K(8768K) Class: 1303K(1472K)->1303K(1472K)
[57.643s][info][gc             ] GC(51) Pause Young (Allocation Failure) 278M->5M(989M) 3.861ms
[57.643s][info][gc,cpu         ] GC(51) User=0.02s Sys=0.00s Real=0.02s
[58.687s][info][gc,start       ] GC(52) Pause Young (Allocation Failure)
[58.690s][info][gc,heap        ] GC(52) DefNew: 280832K(314560K)->1143K(314560K) Eden: 279616K(279616K)->0K(279616K) From: 1216K(34944K)->1143K(34944K)
[58.691s][info][gc,heap        ] GC(52) Tenured: 4073K(699072K)->4073K(699072K)
[58.691s][info][gc,metaspace   ] GC(52) Metaspace: 9867K(10240K)->9867K(10240K) NonClass: 8564K(8768K)->8564K(8768K) Class: 1303K(1472K)->1303K(1472K)
[58.691s][info][gc             ] GC(52) Pause Young (Allocation Failure) 278M->5M(989M) 3.672ms
[58.691s][info][gc,cpu         ] GC(52) User=0.00s Sys=0.00s Real=0.00s
[59.782s][info][gc,start       ] GC(53) Pause Young (Allocation Failure)
[59.784s][info][gc,heap        ] GC(53) DefNew: 280759K(314560K)->1169K(314560K) Eden: 279616K(279616K)->0K(279616K) From: 1143K(34944K)->1169K(34944K)
[59.784s][info][gc,heap        ] GC(53) Tenured: 4073K(699072K)->4073K(699072K)
[59.784s][info][gc,metaspace   ] GC(53) Metaspace: 9867K(10240K)->9867K(10240K) NonClass: 8564K(8768K)->8564K(8768K) Class: 1303K(1472K)->1303K(1472K)
[59.784s][info][gc             ] GC(53) Pause Young (Allocation Failure) 278M->5M(989M) 2.208ms
[59.784s][info][gc,cpu         ] GC(53) User=0.00s Sys=0.00s Real=0.00s
[60.879s][info][gc,start       ] GC(54) Pause Young (Allocation Failure)
[60.886s][info][gc,heap        ] GC(54) DefNew: 280785K(314560K)->1176K(314560K) Eden: 279616K(279616K)->0K(279616K) From: 1169K(34944K)->1176K(34944K)
[60.886s][info][gc,heap        ] GC(54) Tenured: 4073K(699072K)->4073K(699072K)
[60.886s][info][gc,metaspace   ] GC(54) Metaspace: 9867K(10240K)->9867K(10240K) NonClass: 8564K(8768K)->8564K(8768K) Class: 1303K(1472K)->1303K(1472K)
[60.886s][info][gc             ] GC(54) Pause Young (Allocation Failure) 278M->5M(989M) 7.080ms
[60.886s][info][gc,cpu         ] GC(54) User=0.00s Sys=0.00s Real=0.00s
[61.848s][info][gc,start       ] GC(55) Pause Full (System.gc())
[61.848s][info][gc,phases,start] GC(55) Phase 1: Mark live objects
[61.862s][info][gc,phases      ] GC(55) Phase 1: Mark live objects 13.321ms
[61.862s][info][gc,phases,start] GC(55) Phase 2: Compute new object addresses
[61.927s][info][gc,phases      ] GC(55) Phase 2: Compute new object addresses 64.985ms
[61.927s][info][gc,phases,start] GC(55) Phase 3: Adjust pointers
[61.931s][info][gc,phases      ] GC(55) Phase 3: Adjust pointers 4.007ms
[61.931s][info][gc,phases,start] GC(55) Phase 4: Move objects
[61.931s][info][gc,phases      ] GC(55) Phase 4: Move objects 0.012ms
[61.931s][info][gc,heap        ] GC(55) DefNew: 236375K(314560K)->0K(314560K) Eden: 235199K(279616K)->0K(279616K) From: 1176K(34944K)->0K(34944K)
[61.931s][info][gc,heap        ] GC(55) Tenured: 4073K(699072K)->4073K(699072K)
[61.931s][info][gc,metaspace   ] GC(55) Metaspace: 9867K(10240K)->9867K(10240K) NonClass: 8564K(8768K)->8564K(8768K) Class: 1303K(1472K)->1303K(1472K)
[61.931s][info][gc             ] GC(55) Pause Full (System.gc()) 234M->3M(989M) 82.789ms
[61.931s][info][gc,cpu         ] GC(55) User=0.08s Sys=0.00s Real=0.07s
[63.054s][info][gc,start       ] GC(56) Pause Young (Allocation Failure)
[63.058s][info][gc,heap        ] GC(56) DefNew: 279616K(314560K)->1190K(314560K) Eden: 279616K(279616K)->0K(279616K) From: 0K(34944K)->1190K(34944K)
[63.058s][info][gc,heap        ] GC(56) Tenured: 4073K(699072K)->4073K(699072K)
[63.058s][info][gc,metaspace   ] GC(56) Metaspace: 9868K(10240K)->9868K(10240K) NonClass: 8564K(8768K)->8564K(8768K) Class: 1303K(1472K)->1303K(1472K)
[63.058s][info][gc             ] GC(56) Pause Young (Allocation Failure) 277M->5M(989M) 4.318ms
[63.058s][info][gc,cpu         ] GC(56) User=0.00s Sys=0.00s Real=0.00s
[64.164s][info][gc,start       ] GC(57) Pause Young (Allocation Failure)
[64.168s][info][gc,heap        ] GC(57) DefNew: 280806K(314560K)->1280K(314560K) Eden: 279616K(279616K)->0K(279616K) From: 1190K(34944K)->1280K(34944K)
[64.168s][info][gc,heap        ] GC(57) Tenured: 4073K(699072K)->4073K(699072K)
[64.168s][info][gc,metaspace   ] GC(57) Metaspace: 9868K(10240K)->9868K(10240K) NonClass: 8564K(8768K)->8564K(8768K) Class: 1303K(1472K)->1303K(1472K)
[64.168s][info][gc             ] GC(57) Pause Young (Allocation Failure) 278M->5M(989M) 4.204ms
[64.168s][info][gc,cpu         ] GC(57) User=0.00s Sys=0.00s Real=0.00s
[65.278s][info][gc,start       ] GC(58) Pause Young (Allocation Failure)
[65.281s][info][gc,heap        ] GC(58) DefNew: 280896K(314560K)->1248K(314560K) Eden: 279616K(279616K)->0K(279616K) From: 1280K(34944K)->1248K(34944K)
[65.281s][info][gc,heap        ] GC(58) Tenured: 4073K(699072K)->4073K(699072K)
[65.281s][info][gc,metaspace   ] GC(58) Metaspace: 9868K(10240K)->9868K(10240K) NonClass: 8564K(8768K)->8564K(8768K) Class: 1303K(1472K)->1303K(1472K)
[65.282s][info][gc             ] GC(58) Pause Young (Allocation Failure) 278M->5M(989M) 3.859ms
[65.282s][info][gc,cpu         ] GC(58) User=0.02s Sys=0.00s Real=0.02s
[66.399s][info][gc,start       ] GC(59) Pause Young (Allocation Failure)
[66.409s][info][gc,heap        ] GC(59) DefNew: 280864K(314560K)->1283K(314560K) Eden: 279616K(279616K)->0K(279616K) From: 1248K(34944K)->1283K(34944K)
[66.409s][info][gc,heap        ] GC(59) Tenured: 4073K(699072K)->4073K(699072K)
[66.409s][info][gc,metaspace   ] GC(59) Metaspace: 9868K(10240K)->9868K(10240K) NonClass: 8564K(8768K)->8564K(8768K) Class: 1303K(1472K)->1303K(1472K)
[66.409s][info][gc             ] GC(59) Pause Young (Allocation Failure) 278M->5M(989M) 10.215ms
[66.409s][info][gc,cpu         ] GC(59) User=0.00s Sys=0.00s Real=0.02s
[67.489s][info][gc,start       ] GC(60) Pause Young (Allocation Failure)
[67.493s][info][gc,heap        ] GC(60) DefNew: 280899K(314560K)->1306K(314560K) Eden: 279616K(279616K)->0K(279616K) From: 1283K(34944K)->1306K(34944K)
[67.493s][info][gc,heap        ] GC(60) Tenured: 4073K(699072K)->4073K(699072K)
[67.493s][info][gc,metaspace   ] GC(60) Metaspace: 9868K(10240K)->9868K(10240K) NonClass: 8564K(8768K)->8564K(8768K) Class: 1303K(1472K)->1303K(1472K)
[67.493s][info][gc             ] GC(60) Pause Young (Allocation Failure) 278M->5M(989M) 4.124ms
[67.493s][info][gc,cpu         ] GC(60) User=0.00s Sys=0.00s Real=0.00s
[68.424s][info][gc,start       ] GC(61) Pause Full (System.gc())
[68.424s][info][gc,phases,start] GC(61) Phase 1: Mark live objects
[68.437s][info][gc,phases      ] GC(61) Phase 1: Mark live objects 13.258ms
[68.437s][info][gc,phases,start] GC(61) Phase 2: Compute new object addresses
[68.501s][info][gc,phases      ] GC(61) Phase 2: Compute new object addresses 63.169ms
[68.501s][info][gc,phases,start] GC(61) Phase 3: Adjust pointers
[68.504s][info][gc,phases      ] GC(61) Phase 3: Adjust pointers 3.636ms
[68.504s][info][gc,phases,start] GC(61) Phase 4: Move objects
[68.504s][info][gc,phases      ] GC(61) Phase 4: Move objects 0.012ms
[68.504s][info][gc,heap        ] GC(61) DefNew: 238173K(314560K)->0K(314560K) Eden: 236867K(279616K)->0K(279616K) From: 1306K(34944K)->0K(34944K)
[68.504s][info][gc,heap        ] GC(61) Tenured: 4073K(699072K)->4073K(699072K)
[68.504s][info][gc,metaspace   ] GC(61) Metaspace: 9868K(10240K)->9868K(10240K) NonClass: 8564K(8768K)->8564K(8768K) Class: 1303K(1472K)->1303K(1472K)
[68.504s][info][gc             ] GC(61) Pause Full (System.gc()) 236M->3M(989M) 80.499ms
[68.504s][info][gc,cpu         ] GC(61) User=0.08s Sys=0.00s Real=0.09s
[69.565s][info][gc,start       ] GC(62) Pause Young (Allocation Failure)
[69.569s][info][gc,heap        ] GC(62) DefNew: 279616K(314560K)->1220K(314560K) Eden: 279616K(279616K)->0K(279616K) From: 0K(34944K)->1220K(34944K)
[69.569s][info][gc,heap        ] GC(62) Tenured: 4073K(699072K)->4073K(699072K)
[69.569s][info][gc,metaspace   ] GC(62) Metaspace: 9868K(10240K)->9868K(10240K) NonClass: 8565K(8768K)->8565K(8768K) Class: 1303K(1472K)->1303K(1472K)
[69.569s][info][gc             ] GC(62) Pause Young (Allocation Failure) 277M->5M(989M) 4.306ms
[69.569s][info][gc,cpu         ] GC(62) User=0.00s Sys=0.00s Real=0.00s
[70.608s][info][gc,start       ] GC(63) Pause Young (Allocation Failure)
[70.612s][info][gc,heap        ] GC(63) DefNew: 280836K(314560K)->1295K(314560K) Eden: 279616K(279616K)->0K(279616K) From: 1220K(34944K)->1295K(34944K)
[70.612s][info][gc,heap        ] GC(63) Tenured: 4073K(699072K)->4073K(699072K)
[70.612s][info][gc,metaspace   ] GC(63) Metaspace: 9868K(10240K)->9868K(10240K) NonClass: 8565K(8768K)->8565K(8768K) Class: 1303K(1472K)->1303K(1472K)
[70.612s][info][gc             ] GC(63) Pause Young (Allocation Failure) 278M->5M(989M) 3.850ms
[70.612s][info][gc,cpu         ] GC(63) User=0.02s Sys=0.00s Real=0.02s
[71.610s][info][gc,start       ] GC(64) Pause Young (Allocation Failure)
[71.614s][info][gc,heap        ] GC(64) DefNew: 280911K(314560K)->1309K(314560K) Eden: 279616K(279616K)->0K(279616K) From: 1295K(34944K)->1309K(34944K)
[71.614s][info][gc,heap        ] GC(64) Tenured: 4073K(699072K)->4073K(699072K)
[71.614s][info][gc,metaspace   ] GC(64) Metaspace: 9868K(10240K)->9868K(10240K) NonClass: 8565K(8768K)->8565K(8768K) Class: 1303K(1472K)->1303K(1472K)
[71.614s][info][gc             ] GC(64) Pause Young (Allocation Failure) 278M->5M(989M) 4.126ms
[71.614s][info][gc,cpu         ] GC(64) User=0.00s Sys=0.00s Real=0.00s
[72.615s][info][gc,start       ] GC(65) Pause Young (Allocation Failure)
[72.618s][info][gc,heap        ] GC(65) DefNew: 280925K(314560K)->1191K(314560K) Eden: 279616K(279616K)->0K(279616K) From: 1309K(34944K)->1191K(34944K)
[72.618s][info][gc,heap        ] GC(65) Tenured: 4073K(699072K)->4073K(699072K)
[72.618s][info][gc,metaspace   ] GC(65) Metaspace: 9868K(10240K)->9868K(10240K) NonClass: 8565K(8768K)->8565K(8768K) Class: 1303K(1472K)->1303K(1472K)
[72.619s][info][gc             ] GC(65) Pause Young (Allocation Failure) 278M->5M(989M) 3.560ms
[72.619s][info][gc,cpu         ] GC(65) User=0.00s Sys=0.00s Real=0.00s
[73.632s][info][gc,start       ] GC(66) Pause Young (Allocation Failure)
[73.635s][info][gc,heap        ] GC(66) DefNew: 280807K(314560K)->1143K(314560K) Eden: 279616K(279616K)->0K(279616K) From: 1191K(34944K)->1143K(34944K)
[73.635s][info][gc,heap        ] GC(66) Tenured: 4073K(699072K)->4073K(699072K)
[73.635s][info][gc,metaspace   ] GC(66) Metaspace: 9868K(10240K)->9868K(10240K) NonClass: 8565K(8768K)->8565K(8768K) Class: 1303K(1472K)->1303K(1472K)
[73.635s][info][gc             ] GC(66) Pause Young (Allocation Failure) 278M->5M(989M) 3.361ms
[73.635s][info][gc,cpu         ] GC(66) User=0.00s Sys=0.00s Real=0.00s
[74.504s][info][gc,start       ] GC(67) Pause Full (System.gc())
[74.504s][info][gc,phases,start] GC(67) Phase 1: Mark live objects
[74.517s][info][gc,phases      ] GC(67) Phase 1: Mark live objects 12.455ms
[74.517s][info][gc,phases,start] GC(67) Phase 2: Compute new object addresses
[74.591s][info][gc,phases      ] GC(67) Phase 2: Compute new object addresses 74.670ms
[74.591s][info][gc,phases,start] GC(67) Phase 3: Adjust pointers
[74.595s][info][gc,phases      ] GC(67) Phase 3: Adjust pointers 4.151ms
[74.596s][info][gc,phases,start] GC(67) Phase 4: Move objects
[74.596s][info][gc,phases      ] GC(67) Phase 4: Move objects 0.015ms
[74.596s][info][gc,heap        ] GC(67) DefNew: 236772K(314560K)->0K(314560K) Eden: 235628K(279616K)->0K(279616K) From: 1143K(34944K)->0K(34944K)
[74.596s][info][gc,heap        ] GC(67) Tenured: 4073K(699072K)->4072K(699072K)
[74.596s][info][gc,metaspace   ] GC(67) Metaspace: 9870K(10240K)->9870K(10240K) NonClass: 8566K(8768K)->8566K(8768K) Class: 1303K(1472K)->1303K(1472K)
[74.596s][info][gc             ] GC(67) Pause Full (System.gc()) 235M->3M(989M) 91.746ms
[74.596s][info][gc,cpu         ] GC(67) User=0.09s Sys=0.00s Real=0.09s
[75.640s][info][gc,start       ] GC(68) Pause Young (Allocation Failure)
[75.644s][info][gc,heap        ] GC(68) DefNew: 279616K(314560K)->1234K(314560K) Eden: 279616K(279616K)->0K(279616K) From: 0K(34944K)->1234K(34944K)
[75.644s][info][gc,heap        ] GC(68) Tenured: 4072K(699072K)->4072K(699072K)
[75.644s][info][gc,metaspace   ] GC(68) Metaspace: 9884K(10304K)->9884K(10304K) NonClass: 8581K(8832K)->8581K(8832K) Class: 1303K(1472K)->1303K(1472K)
[75.644s][info][gc             ] GC(68) Pause Young (Allocation Failure) 277M->5M(989M) 4.156ms
[75.644s][info][gc,cpu         ] GC(68) User=0.00s Sys=0.00s Real=0.00s
[76.678s][info][gc,start       ] GC(69) Pause Young (Allocation Failure)
[76.682s][info][gc,heap        ] GC(69) DefNew: 280850K(314560K)->1188K(314560K) Eden: 279616K(279616K)->0K(279616K) From: 1234K(34944K)->1188K(34944K)
[76.682s][info][gc,heap        ] GC(69) Tenured: 4072K(699072K)->4072K(699072K)
[76.682s][info][gc,metaspace   ] GC(69) Metaspace: 9884K(10304K)->9884K(10304K) NonClass: 8581K(8832K)->8581K(8832K) Class: 1303K(1472K)->1303K(1472K)
[76.682s][info][gc             ] GC(69) Pause Young (Allocation Failure) 278M->5M(989M) 3.697ms
[76.682s][info][gc,cpu         ] GC(69) User=0.00s Sys=0.00s Real=0.00s
[77.725s][info][gc,start       ] GC(70) Pause Young (Allocation Failure)
[77.729s][info][gc,heap        ] GC(70) DefNew: 280804K(314560K)->1186K(314560K) Eden: 279616K(279616K)->0K(279616K) From: 1188K(34944K)->1186K(34944K)
[77.729s][info][gc,heap        ] GC(70) Tenured: 4072K(699072K)->4072K(699072K)
[77.729s][info][gc,metaspace   ] GC(70) Metaspace: 9884K(10304K)->9884K(10304K) NonClass: 8581K(8832K)->8581K(8832K) Class: 1303K(1472K)->1303K(1472K)
[77.729s][info][gc             ] GC(70) Pause Young (Allocation Failure) 278M->5M(989M) 3.686ms
[77.729s][info][gc,cpu         ] GC(70) User=0.00s Sys=0.00s Real=0.00s
[78.792s][info][gc,start       ] GC(71) Pause Young (Allocation Failure)
[78.816s][info][gc,heap        ] GC(71) DefNew: 280802K(314560K)->1152K(314560K) Eden: 279616K(279616K)->0K(279616K) From: 1186K(34944K)->1152K(34944K)
[78.816s][info][gc,heap        ] GC(71) Tenured: 4072K(699072K)->4072K(699072K)
[78.816s][info][gc,metaspace   ] GC(71) Metaspace: 9884K(10304K)->9884K(10304K) NonClass: 8581K(8832K)->8581K(8832K) Class: 1303K(1472K)->1303K(1472K)
[78.817s][info][gc             ] GC(71) Pause Young (Allocation Failure) 278M->5M(989M) 24.910ms
[78.817s][info][gc,cpu         ] GC(71) User=0.00s Sys=0.00s Real=0.02s
[79.940s][info][gc,start       ] GC(72) Pause Young (Allocation Failure)
[79.944s][info][gc,heap        ] GC(72) DefNew: 280768K(314560K)->1251K(314560K) Eden: 279616K(279616K)->0K(279616K) From: 1152K(34944K)->1251K(34944K)
[79.944s][info][gc,heap        ] GC(72) Tenured: 4072K(699072K)->4072K(699072K)
[79.944s][info][gc,metaspace   ] GC(72) Metaspace: 9884K(10304K)->9884K(10304K) NonClass: 8581K(8832K)->8581K(8832K) Class: 1303K(1472K)->1303K(1472K)
[79.944s][info][gc             ] GC(72) Pause Young (Allocation Failure) 278M->5M(989M) 3.891ms
[79.944s][info][gc,cpu         ] GC(72) User=0.00s Sys=0.00s Real=0.00s
[80.897s][info][gc,start       ] GC(73) Pause Full (System.gc())
[80.897s][info][gc,phases,start] GC(73) Phase 1: Mark live objects
[80.911s][info][gc,phases      ] GC(73) Phase 1: Mark live objects 13.916ms
[80.911s][info][gc,phases,start] GC(73) Phase 2: Compute new object addresses
[80.977s][info][gc,phases      ] GC(73) Phase 2: Compute new object addresses 66.609ms
[80.977s][info][gc,phases,start] GC(73) Phase 3: Adjust pointers
[80.981s][info][gc,phases      ] GC(73) Phase 3: Adjust pointers 3.765ms
[80.981s][info][gc,phases,start] GC(73) Phase 4: Move objects
[80.981s][info][gc,phases      ] GC(73) Phase 4: Move objects 0.013ms
[80.981s][info][gc,heap        ] GC(73) DefNew: 239178K(314560K)->0K(314560K) Eden: 237926K(279616K)->0K(279616K) From: 1251K(34944K)->0K(34944K)
[80.981s][info][gc,heap        ] GC(73) Tenured: 4072K(699072K)->4073K(699072K)
[80.981s][info][gc,metaspace   ] GC(73) Metaspace: 9886K(10304K)->9886K(10304K) NonClass: 8582K(8832K)->8582K(8832K) Class: 1303K(1472K)->1303K(1472K)
[80.981s][info][gc             ] GC(73) Pause Full (System.gc()) 237M->3M(989M) 84.744ms
[80.981s][info][gc,cpu         ] GC(73) User=0.09s Sys=0.00s Real=0.09s
[82.128s][info][gc,start       ] GC(74) Pause Young (Allocation Failure)
[82.133s][info][gc,heap        ] GC(74) DefNew: 279616K(314560K)->1290K(314560K) Eden: 279616K(279616K)->0K(279616K) From: 0K(34944K)->1290K(34944K)
[82.133s][info][gc,heap        ] GC(74) Tenured: 4073K(699072K)->4073K(699072K)
[82.133s][info][gc,metaspace   ] GC(74) Metaspace: 9887K(10304K)->9887K(10304K) NonClass: 8583K(8832K)->8583K(8832K) Class: 1303K(1472K)->1303K(1472K)
[82.133s][info][gc             ] GC(74) Pause Young (Allocation Failure) 277M->5M(989M) 4.558ms
[82.133s][info][gc,cpu         ] GC(74) User=0.00s Sys=0.00s Real=0.00s
[83.275s][info][gc,start       ] GC(75) Pause Young (Allocation Failure)
[83.279s][info][gc,heap        ] GC(75) DefNew: 280906K(314560K)->1281K(314560K) Eden: 279616K(279616K)->0K(279616K) From: 1290K(34944K)->1281K(34944K)
[83.279s][info][gc,heap        ] GC(75) Tenured: 4073K(699072K)->4073K(699072K)
[83.279s][info][gc,metaspace   ] GC(75) Metaspace: 9887K(10304K)->9887K(10304K) NonClass: 8583K(8832K)->8583K(8832K) Class: 1303K(1472K)->1303K(1472K)
[83.279s][info][gc             ] GC(75) Pause Young (Allocation Failure) 278M->5M(989M) 4.043ms
[83.279s][info][gc,cpu         ] GC(75) User=0.00s Sys=0.00s Real=0.00s
[84.419s][info][gc,start       ] GC(76) Pause Young (Allocation Failure)
[84.423s][info][gc,heap        ] GC(76) DefNew: 280897K(314560K)->1219K(314560K) Eden: 279616K(279616K)->0K(279616K) From: 1281K(34944K)->1219K(34944K)
[84.423s][info][gc,heap        ] GC(76) Tenured: 4073K(699072K)->4073K(699072K)
[84.423s][info][gc,metaspace   ] GC(76) Metaspace: 9887K(10304K)->9887K(10304K) NonClass: 8583K(8832K)->8583K(8832K) Class: 1303K(1472K)->1303K(1472K)
[84.423s][info][gc             ] GC(76) Pause Young (Allocation Failure) 278M->5M(989M) 3.882ms
[84.423s][info][gc,cpu         ] GC(76) User=0.00s Sys=0.00s Real=0.00s
[85.537s][info][gc,start       ] GC(77) Pause Young (Allocation Failure)
[85.541s][info][gc,heap        ] GC(77) DefNew: 280835K(314560K)->1192K(314560K) Eden: 279616K(279616K)->0K(279616K) From: 1219K(34944K)->1192K(34944K)
[85.541s][info][gc,heap        ] GC(77) Tenured: 4073K(699072K)->4073K(699072K)
[85.541s][info][gc,metaspace   ] GC(77) Metaspace: 9887K(10304K)->9887K(10304K) NonClass: 8583K(8832K)->8583K(8832K) Class: 1303K(1472K)->1303K(1472K)
[85.541s][info][gc             ] GC(77) Pause Young (Allocation Failure) 278M->5M(989M) 3.865ms
[85.541s][info][gc,cpu         ] GC(77) User=0.02s Sys=0.00s Real=0.02s
[86.626s][info][gc,start       ] GC(78) Pause Young (Allocation Failure)
[86.629s][info][gc,heap        ] GC(78) DefNew: 280808K(314560K)->1192K(314560K) Eden: 279616K(279616K)->0K(279616K) From: 1192K(34944K)->1192K(34944K)
[86.629s][info][gc,heap        ] GC(78) Tenured: 4073K(699072K)->4073K(699072K)
[86.629s][info][gc,metaspace   ] GC(78) Metaspace: 9887K(10304K)->9887K(10304K) NonClass: 8583K(8832K)->8583K(8832K) Class: 1303K(1472K)->1303K(1472K)
[86.629s][info][gc             ] GC(78) Pause Young (Allocation Failure) 278M->5M(989M) 3.712ms
[86.629s][info][gc,cpu         ] GC(78) User=0.00s Sys=0.00s Real=0.00s
[87.532s][info][gc,start       ] GC(79) Pause Full (System.gc())
[87.532s][info][gc,phases,start] GC(79) Phase 1: Mark live objects
[87.545s][info][gc,phases      ] GC(79) Phase 1: Mark live objects 13.069ms
[87.545s][info][gc,phases,start] GC(79) Phase 2: Compute new object addresses
[87.606s][info][gc,phases      ] GC(79) Phase 2: Compute new object addresses 60.953ms
[87.606s][info][gc,phases,start] GC(79) Phase 3: Adjust pointers
[87.610s][info][gc,phases      ] GC(79) Phase 3: Adjust pointers 3.374ms
[87.610s][info][gc,phases,start] GC(79) Phase 4: Move objects
[87.610s][info][gc,phases      ] GC(79) Phase 4: Move objects 0.011ms
[87.610s][info][gc,heap        ] GC(79) DefNew: 234384K(314560K)->0K(314560K) Eden: 233191K(279616K)->0K(279616K) From: 1192K(34944K)->0K(34944K)
[87.610s][info][gc,heap        ] GC(79) Tenured: 4073K(699072K)->4073K(699072K)
[87.610s][info][gc,metaspace   ] GC(79) Metaspace: 9889K(10304K)->9889K(10304K) NonClass: 8586K(8832K)->8586K(8832K) Class: 1303K(1472K)->1303K(1472K)
[87.610s][info][gc             ] GC(79) Pause Full (System.gc()) 232M->3M(989M) 77.802ms
[87.610s][info][gc,cpu         ] GC(79) User=0.08s Sys=0.00s Real=0.08s
[88.695s][info][gc,start       ] GC(80) Pause Young (Allocation Failure)
[88.700s][info][gc,heap        ] GC(80) DefNew: 279616K(314560K)->1289K(314560K) Eden: 279616K(279616K)->0K(279616K) From: 0K(34944K)->1289K(34944K)
[88.700s][info][gc,heap        ] GC(80) Tenured: 4073K(699072K)->4073K(699072K)
[88.700s][info][gc,metaspace   ] GC(80) Metaspace: 9895K(10304K)->9895K(10304K) NonClass: 8592K(8832K)->8592K(8832K) Class: 1303K(1472K)->1303K(1472K)
[88.700s][info][gc             ] GC(80) Pause Young (Allocation Failure) 277M->5M(989M) 4.629ms
[88.700s][info][gc,cpu         ] GC(80) User=0.00s Sys=0.00s Real=0.00s
[89.831s][info][gc,start       ] GC(81) Pause Young (Allocation Failure)
[89.835s][info][gc,heap        ] GC(81) DefNew: 280905K(314560K)->1336K(314560K) Eden: 279616K(279616K)->0K(279616K) From: 1289K(34944K)->1336K(34944K)
[89.835s][info][gc,heap        ] GC(81) Tenured: 4073K(699072K)->4073K(699072K)
[89.835s][info][gc,metaspace   ] GC(81) Metaspace: 9895K(10304K)->9895K(10304K) NonClass: 8592K(8832K)->8592K(8832K) Class: 1303K(1472K)->1303K(1472K)
[89.836s][info][gc             ] GC(81) Pause Young (Allocation Failure) 278M->5M(989M) 4.202ms
[89.836s][info][gc,cpu         ] GC(81) User=0.00s Sys=0.00s Real=0.00s
[90.989s][info][gc,start       ] GC(82) Pause Young (Allocation Failure)
[90.992s][info][gc,heap        ] GC(82) DefNew: 280952K(314560K)->1265K(314560K) Eden: 279616K(279616K)->0K(279616K) From: 1336K(34944K)->1265K(34944K)
[90.992s][info][gc,heap        ] GC(82) Tenured: 4073K(699072K)->4073K(699072K)
[90.992s][info][gc,metaspace   ] GC(82) Metaspace: 9895K(10304K)->9895K(10304K) NonClass: 8592K(8832K)->8592K(8832K) Class: 1303K(1472K)->1303K(1472K)
[90.993s][info][gc             ] GC(82) Pause Young (Allocation Failure) 278M->5M(989M) 3.854ms
[90.993s][info][gc,cpu         ] GC(82) User=0.00s Sys=0.00s Real=0.00s
[92.131s][info][gc,start       ] GC(83) Pause Young (Allocation Failure)
[92.135s][info][gc,heap        ] GC(83) DefNew: 280881K(314560K)->1308K(314560K) Eden: 279616K(279616K)->0K(279616K) From: 1265K(34944K)->1308K(34944K)
[92.135s][info][gc,heap        ] GC(83) Tenured: 4073K(699072K)->4073K(699072K)
[92.135s][info][gc,metaspace   ] GC(83) Metaspace: 9895K(10304K)->9895K(10304K) NonClass: 8592K(8832K)->8592K(8832K) Class: 1303K(1472K)->1303K(1472K)
[92.135s][info][gc             ] GC(83) Pause Young (Allocation Failure) 278M->5M(989M) 4.266ms
[92.135s][info][gc,cpu         ] GC(83) User=0.02s Sys=0.00s Real=0.01s
[93.288s][info][gc,start       ] GC(84) Pause Young (Allocation Failure)
[93.292s][info][gc,heap        ] GC(84) DefNew: 280924K(314560K)->1320K(314560K) Eden: 279616K(279616K)->0K(279616K) From: 1308K(34944K)->1320K(34944K)
[93.292s][info][gc,heap        ] GC(84) Tenured: 4073K(699072K)->4073K(699072K)
[93.292s][info][gc,metaspace   ] GC(84) Metaspace: 9895K(10304K)->9895K(10304K) NonClass: 8592K(8832K)->8592K(8832K) Class: 1303K(1472K)->1303K(1472K)
[93.292s][info][gc             ] GC(84) Pause Young (Allocation Failure) 278M->5M(989M) 4.132ms
[93.292s][info][gc,cpu         ] GC(84) User=0.02s Sys=0.00s Real=0.02s
[94.204s][info][gc,start       ] GC(85) Pause Full (System.gc())
[94.204s][info][gc,phases,start] GC(85) Phase 1: Mark live objects
[94.217s][info][gc,phases      ] GC(85) Phase 1: Mark live objects 12.743ms
[94.217s][info][gc,phases,start] GC(85) Phase 2: Compute new object addresses
[94.279s][info][gc,phases      ] GC(85) Phase 2: Compute new object addresses 61.882ms
[94.279s][info][gc,phases,start] GC(85) Phase 3: Adjust pointers
[94.282s][info][gc,phases      ] GC(85) Phase 3: Adjust pointers 3.414ms
[94.282s][info][gc,phases,start] GC(85) Phase 4: Move objects
[94.282s][info][gc,phases      ] GC(85) Phase 4: Move objects 0.011ms
[94.282s][info][gc,heap        ] GC(85) DefNew: 234596K(314560K)->0K(314560K) Eden: 233276K(279616K)->0K(279616K) From: 1320K(34944K)->0K(34944K)
[94.282s][info][gc,heap        ] GC(85) Tenured: 4073K(699072K)->4073K(699072K)
[94.282s][info][gc,metaspace   ] GC(85) Metaspace: 9895K(10304K)->9895K(10304K) NonClass: 8592K(8832K)->8592K(8832K) Class: 1303K(1472K)->1303K(1472K)
[94.282s][info][gc             ] GC(85) Pause Full (System.gc()) 233M->3M(989M) 78.447ms
[94.282s][info][gc,cpu         ] GC(85) User=0.08s Sys=0.00s Real=0.08s
[95.418s][info][gc,start       ] GC(86) Pause Young (Allocation Failure)
[96.403s][info][gc,heap        ] GC(86) DefNew: 279616K(314560K)->985K(314560K) Eden: 279616K(279616K)->0K(279616K) From: 0K(34944K)->985K(34944K)
[96.403s][info][gc,heap        ] GC(86) Tenured: 4073K(699072K)->4073K(699072K)
[96.403s][info][gc,metaspace   ] GC(86) Metaspace: 9900K(10304K)->9900K(10304K) NonClass: 8597K(8832K)->8597K(8832K) Class: 1303K(1472K)->1303K(1472K)
[96.403s][info][gc             ] GC(86) Pause Young (Allocation Failure) 277M->4M(989M) 985.173ms
[96.403s][info][gc,cpu         ] GC(86) User=0.02s Sys=0.00s Real=1.00s
[97.493s][info][gc,start       ] GC(87) Pause Young (Allocation Failure)
[97.497s][info][gc,heap        ] GC(87) DefNew: 280601K(314560K)->1273K(314560K) Eden: 279616K(279616K)->0K(279616K) From: 985K(34944K)->1273K(34944K)
[97.497s][info][gc,heap        ] GC(87) Tenured: 4073K(699072K)->4073K(699072K)
[97.497s][info][gc,metaspace   ] GC(87) Metaspace: 9900K(10304K)->9900K(10304K) NonClass: 8597K(8832K)->8597K(8832K) Class: 1303K(1472K)->1303K(1472K)
[97.497s][info][gc             ] GC(87) Pause Young (Allocation Failure) 278M->5M(989M) 4.160ms
[97.497s][info][gc,cpu         ] GC(87) User=0.02s Sys=0.00s Real=0.02s
[98.562s][info][gc,start       ] GC(88) Pause Young (Allocation Failure)
[98.566s][info][gc,heap        ] GC(88) DefNew: 280889K(314560K)->1162K(314560K) Eden: 279616K(279616K)->0K(279616K) From: 1273K(34944K)->1162K(34944K)
[98.566s][info][gc,heap        ] GC(88) Tenured: 4073K(699072K)->4073K(699072K)
[98.566s][info][gc,metaspace   ] GC(88) Metaspace: 9900K(10304K)->9900K(10304K) NonClass: 8597K(8832K)->8597K(8832K) Class: 1303K(1472K)->1303K(1472K)
[98.566s][info][gc             ] GC(88) Pause Young (Allocation Failure) 278M->5M(989M) 3.820ms
[98.566s][info][gc,cpu         ] GC(88) User=0.02s Sys=0.00s Real=0.02s
[99.622s][info][gc,start       ] GC(89) Pause Young (Allocation Failure)
[99.625s][info][gc,heap        ] GC(89) DefNew: 280778K(314560K)->1132K(314560K) Eden: 279616K(279616K)->0K(279616K) From: 1162K(34944K)->1132K(34944K)
[99.625s][info][gc,heap        ] GC(89) Tenured: 4073K(699072K)->4073K(699072K)
[99.625s][info][gc,metaspace   ] GC(89) Metaspace: 9900K(10304K)->9900K(10304K) NonClass: 8597K(8832K)->8597K(8832K) Class: 1303K(1472K)->1303K(1472K)
[99.626s][info][gc             ] GC(89) Pause Young (Allocation Failure) 278M->5M(989M) 3.772ms
[99.626s][info][gc,cpu         ] GC(89) User=0.02s Sys=0.00s Real=0.02s
[100.687s][info][gc,start       ] GC(90) Pause Young (Allocation Failure)
[100.691s][info][gc,heap        ] GC(90) DefNew: 280748K(314560K)->1235K(314560K) Eden: 279616K(279616K)->0K(279616K) From: 1132K(34944K)->1235K(34944K)
[100.691s][info][gc,heap        ] GC(90) Tenured: 4073K(699072K)->4073K(699072K)
[100.691s][info][gc,metaspace   ] GC(90) Metaspace: 9900K(10304K)->9900K(10304K) NonClass: 8597K(8832K)->8597K(8832K) Class: 1303K(1472K)->1303K(1472K)
[100.691s][info][gc             ] GC(90) Pause Young (Allocation Failure) 278M->5M(989M) 3.967ms
[100.691s][info][gc,cpu         ] GC(90) User=0.00s Sys=0.00s Real=0.00s
[101.583s][info][gc,start       ] GC(91) Pause Full (System.gc())
[101.583s][info][gc,phases,start] GC(91) Phase 1: Mark live objects
[101.597s][info][gc,phases      ] GC(91) Phase 1: Mark live objects 13.573ms
[101.597s][info][gc,phases,start] GC(91) Phase 2: Compute new object addresses
[101.660s][info][gc,phases      ] GC(91) Phase 2: Compute new object addresses 63.205ms
[101.660s][info][gc,phases,start] GC(91) Phase 3: Adjust pointers
[101.664s][info][gc,phases      ] GC(91) Phase 3: Adjust pointers 3.813ms
[101.664s][info][gc,phases,start] GC(91) Phase 4: Move objects
[101.664s][info][gc,phases      ] GC(91) Phase 4: Move objects 0.012ms
[101.664s][info][gc,heap        ] GC(91) DefNew: 234711K(314560K)->0K(314560K) Eden: 233476K(279616K)->0K(279616K) From: 1235K(34944K)->0K(34944K)
[101.664s][info][gc,heap        ] GC(91) Tenured: 4073K(699072K)->4073K(699072K)
[101.664s][info][gc,metaspace   ] GC(91) Metaspace: 9900K(10304K)->9900K(10304K) NonClass: 8597K(8832K)->8597K(8832K) Class: 1303K(1472K)->1303K(1472K)
[101.664s][info][gc             ] GC(91) Pause Full (System.gc()) 233M->3M(989M) 81.039ms
[101.664s][info][gc,cpu         ] GC(91) User=0.08s Sys=0.00s Real=0.08s
[102.741s][info][gc,start       ] GC(92) Pause Young (Allocation Failure)
[102.745s][info][gc,heap        ] GC(92) DefNew: 279616K(314560K)->1267K(314560K) Eden: 279616K(279616K)->0K(279616K) From: 0K(34944K)->1267K(34944K)
[102.746s][info][gc,heap        ] GC(92) Tenured: 4073K(699072K)->4073K(699072K)
[102.746s][info][gc,metaspace   ] GC(92) Metaspace: 9901K(10304K)->9901K(10304K) NonClass: 8597K(8832K)->8597K(8832K) Class: 1303K(1472K)->1303K(1472K)
[102.746s][info][gc             ] GC(92) Pause Young (Allocation Failure) 277M->5M(989M) 4.517ms
[102.746s][info][gc,cpu         ] GC(92) User=0.00s Sys=0.00s Real=0.00s
[103.875s][info][gc,start       ] GC(93) Pause Young (Allocation Failure)
[103.878s][info][gc,heap        ] GC(93) DefNew: 280883K(314560K)->1190K(314560K) Eden: 279616K(279616K)->0K(279616K) From: 1267K(34944K)->1190K(34944K)
[103.879s][info][gc,heap        ] GC(93) Tenured: 4073K(699072K)->4073K(699072K)
[103.879s][info][gc,metaspace   ] GC(93) Metaspace: 9901K(10304K)->9901K(10304K) NonClass: 8597K(8832K)->8597K(8832K) Class: 1303K(1472K)->1303K(1472K)
[103.879s][info][gc             ] GC(93) Pause Young (Allocation Failure) 278M->5M(989M) 4.124ms
[103.879s][info][gc,cpu         ] GC(93) User=0.02s Sys=0.00s Real=0.01s
[104.965s][info][gc,start       ] GC(94) Pause Young (Allocation Failure)
[104.969s][info][gc,heap        ] GC(94) DefNew: 280806K(314560K)->1212K(314560K) Eden: 279616K(279616K)->0K(279616K) From: 1190K(34944K)->1212K(34944K)
[104.969s][info][gc,heap        ] GC(94) Tenured: 4073K(699072K)->4073K(699072K)
[104.969s][info][gc,metaspace   ] GC(94) Metaspace: 9901K(10304K)->9901K(10304K) NonClass: 8597K(8832K)->8597K(8832K) Class: 1303K(1472K)->1303K(1472K)
[104.969s][info][gc             ] GC(94) Pause Young (Allocation Failure) 278M->5M(989M) 4.030ms
[104.969s][info][gc,cpu         ] GC(94) User=0.00s Sys=0.00s Real=0.00s
[106.082s][info][gc,start       ] GC(95) Pause Young (Allocation Failure)
[106.086s][info][gc,heap        ] GC(95) DefNew: 280828K(314560K)->1148K(314560K) Eden: 279616K(279616K)->0K(279616K) From: 1212K(34944K)->1148K(34944K)
[106.086s][info][gc,heap        ] GC(95) Tenured: 4073K(699072K)->4073K(699072K)
[106.086s][info][gc,metaspace   ] GC(95) Metaspace: 9901K(10304K)->9901K(10304K) NonClass: 8597K(8832K)->8597K(8832K) Class: 1303K(1472K)->1303K(1472K)
[106.086s][info][gc             ] GC(95) Pause Young (Allocation Failure) 278M->5M(989M) 3.798ms
[106.086s][info][gc,cpu         ] GC(95) User=0.00s Sys=0.00s Real=0.00s
[107.167s][info][gc,start       ] GC(96) Pause Young (Allocation Failure)
[107.171s][info][gc,heap        ] GC(96) DefNew: 280764K(314560K)->1100K(314560K) Eden: 279616K(279616K)->0K(279616K) From: 1148K(34944K)->1100K(34944K)
[107.171s][info][gc,heap        ] GC(96) Tenured: 4073K(699072K)->4073K(699072K)
[107.171s][info][gc,metaspace   ] GC(96) Metaspace: 9901K(10304K)->9901K(10304K) NonClass: 8597K(8832K)->8597K(8832K) Class: 1303K(1472K)->1303K(1472K)
[107.171s][info][gc             ] GC(96) Pause Young (Allocation Failure) 278M->5M(989M) 3.639ms
[107.171s][info][gc,cpu         ] GC(96) User=0.00s Sys=0.00s Real=0.00s
[108.126s][info][gc,start       ] GC(97) Pause Full (System.gc())
[108.126s][info][gc,phases,start] GC(97) Phase 1: Mark live objects
[108.140s][info][gc,phases      ] GC(97) Phase 1: Mark live objects 13.874ms
[108.140s][info][gc,phases,start] GC(97) Phase 2: Compute new object addresses
[108.206s][info][gc,phases      ] GC(97) Phase 2: Compute new object addresses 66.102ms
[108.206s][info][gc,phases,start] GC(97) Phase 3: Adjust pointers
[108.210s][info][gc,phases      ] GC(97) Phase 3: Adjust pointers 3.608ms
[108.210s][info][gc,phases,start] GC(97) Phase 4: Move objects
[108.210s][info][gc,phases      ] GC(97) Phase 4: Move objects 0.013ms
[108.210s][info][gc,heap        ] GC(97) DefNew: 241945K(314560K)->0K(314560K) Eden: 240844K(279616K)->0K(279616K) From: 1100K(34944K)->0K(34944K)
[108.210s][info][gc,heap        ] GC(97) Tenured: 4073K(699072K)->4075K(699072K)
[108.210s][info][gc,metaspace   ] GC(97) Metaspace: 9901K(10304K)->9901K(10304K) NonClass: 8598K(8832K)->8598K(8832K) Class: 1303K(1472K)->1303K(1472K)
[108.210s][info][gc             ] GC(97) Pause Full (System.gc()) 240M->3M(989M) 84.040ms
[108.210s][info][gc,cpu         ] GC(97) User=0.11s Sys=0.00s Real=0.09s
[109.332s][info][gc,start       ] GC(98) Pause Young (Allocation Failure)
[109.336s][info][gc,heap        ] GC(98) DefNew: 279616K(314560K)->1295K(314560K) Eden: 279616K(279616K)->0K(279616K) From: 0K(34944K)->1295K(34944K)
[109.336s][info][gc,heap        ] GC(98) Tenured: 4075K(699072K)->4075K(699072K)
[109.336s][info][gc,metaspace   ] GC(98) Metaspace: 9901K(10304K)->9901K(10304K) NonClass: 8598K(8832K)->8598K(8832K) Class: 1303K(1472K)->1303K(1472K)
[109.336s][info][gc             ] GC(98) Pause Young (Allocation Failure) 277M->5M(989M) 4.519ms
[109.337s][info][gc,cpu         ] GC(98) User=0.00s Sys=0.00s Real=0.00s
[110.458s][info][gc,start       ] GC(99) Pause Young (Allocation Failure)
[110.463s][info][gc,heap        ] GC(99) DefNew: 280911K(314560K)->1275K(314560K) Eden: 279616K(279616K)->0K(279616K) From: 1295K(34944K)->1275K(34944K)
[110.463s][info][gc,heap        ] GC(99) Tenured: 4075K(699072K)->4075K(699072K)
[110.463s][info][gc,metaspace   ] GC(99) Metaspace: 9901K(10304K)->9901K(10304K) NonClass: 8598K(8832K)->8598K(8832K) Class: 1303K(1472K)->1303K(1472K)
[110.463s][info][gc             ] GC(99) Pause Young (Allocation Failure) 278M->5M(989M) 4.363ms
[110.463s][info][gc,cpu         ] GC(99) User=0.00s Sys=0.00s Real=0.00s
[111.567s][info][gc,start       ] GC(100) Pause Young (Allocation Failure)
[111.571s][info][gc,heap        ] GC(100) DefNew: 280891K(314560K)->1285K(314560K) Eden: 279616K(279616K)->0K(279616K) From: 1275K(34944K)->1285K(34944K)
[111.571s][info][gc,heap        ] GC(100) Tenured: 4075K(699072K)->4075K(699072K)
[111.571s][info][gc,metaspace   ] GC(100) Metaspace: 9901K(10304K)->9901K(10304K) NonClass: 8598K(8832K)->8598K(8832K) Class: 1303K(1472K)->1303K(1472K)
[111.571s][info][gc             ] GC(100) Pause Young (Allocation Failure) 278M->5M(989M) 4.315ms
[111.571s][info][gc,cpu         ] GC(100) User=0.02s Sys=0.00s Real=0.01s
[112.692s][info][gc,start       ] GC(101) Pause Young (Allocation Failure)
[112.695s][info][gc,heap        ] GC(101) DefNew: 280901K(314560K)->1160K(314560K) Eden: 279616K(279616K)->0K(279616K) From: 1285K(34944K)->1160K(34944K)
[112.695s][info][gc,heap        ] GC(101) Tenured: 4075K(699072K)->4075K(699072K)
[112.695s][info][gc,metaspace   ] GC(101) Metaspace: 9901K(10304K)->9901K(10304K) NonClass: 8598K(8832K)->8598K(8832K) Class: 1303K(1472K)->1303K(1472K)
[112.695s][info][gc             ] GC(101) Pause Young (Allocation Failure) 278M->5M(989M) 3.688ms
[112.696s][info][gc,cpu         ] GC(101) User=0.02s Sys=0.00s Real=0.02s
[113.819s][info][gc,start       ] GC(102) Pause Young (Allocation Failure)
[113.822s][info][gc,heap        ] GC(102) DefNew: 280776K(314560K)->1212K(314560K) Eden: 279616K(279616K)->0K(279616K) From: 1160K(34944K)->1212K(34944K)
[113.822s][info][gc,heap        ] GC(102) Tenured: 4075K(699072K)->4075K(699072K)
[113.822s][info][gc,metaspace   ] GC(102) Metaspace: 9901K(10304K)->9901K(10304K) NonClass: 8598K(8832K)->8598K(8832K) Class: 1303K(1472K)->1303K(1472K)
[113.823s][info][gc             ] GC(102) Pause Young (Allocation Failure) 278M->5M(989M) 3.805ms
[113.823s][info][gc,cpu         ] GC(102) User=0.00s Sys=0.00s Real=0.00s
[114.752s][info][gc,start       ] GC(103) Pause Full (System.gc())
[114.753s][info][gc,phases,start] GC(103) Phase 1: Mark live objects
[114.766s][info][gc,phases      ] GC(103) Phase 1: Mark live objects 13.089ms
[114.766s][info][gc,phases,start] GC(103) Phase 2: Compute new object addresses
[114.830s][info][gc,phases      ] GC(103) Phase 2: Compute new object addresses 63.862ms
[114.830s][info][gc,phases,start] GC(103) Phase 3: Adjust pointers
[114.833s][info][gc,phases      ] GC(103) Phase 3: Adjust pointers 3.491ms
[114.833s][info][gc,phases,start] GC(103) Phase 4: Move objects
[114.833s][info][gc,phases      ] GC(103) Phase 4: Move objects 0.012ms
[114.833s][info][gc,heap        ] GC(103) DefNew: 236290K(314560K)->0K(314560K) Eden: 235077K(279616K)->0K(279616K) From: 1212K(34944K)->0K(34944K)
[114.833s][info][gc,heap        ] GC(103) Tenured: 4075K(699072K)->4075K(699072K)
[114.833s][info][gc,metaspace   ] GC(103) Metaspace: 9901K(10304K)->9901K(10304K) NonClass: 8598K(8832K)->8598K(8832K) Class: 1303K(1472K)->1303K(1472K)
[114.833s][info][gc             ] GC(103) Pause Full (System.gc()) 234M->3M(989M) 80.882ms
[114.833s][info][gc,cpu         ] GC(103) User=0.09s Sys=0.00s Real=0.09s
[115.960s][info][gc,start       ] GC(104) Pause Young (Allocation Failure)
[115.963s][info][gc,heap        ] GC(104) DefNew: 279616K(314560K)->1032K(314560K) Eden: 279616K(279616K)->0K(279616K) From: 0K(34944K)->1032K(34944K)
[115.963s][info][gc,heap        ] GC(104) Tenured: 4075K(699072K)->4075K(699072K)
[115.963s][info][gc,metaspace   ] GC(104) Metaspace: 9901K(10304K)->9901K(10304K) NonClass: 8598K(8832K)->8598K(8832K) Class: 1303K(1472K)->1303K(1472K)
[115.964s][info][gc             ] GC(104) Pause Young (Allocation Failure) 277M->4M(989M) 3.858ms
[115.964s][info][gc,cpu         ] GC(104) User=0.00s Sys=0.00s Real=0.00s
[117.107s][info][gc,start       ] GC(105) Pause Young (Allocation Failure)
[117.111s][info][gc,heap        ] GC(105) DefNew: 280648K(314560K)->1110K(314560K) Eden: 279616K(279616K)->0K(279616K) From: 1032K(34944K)->1110K(34944K)
[117.111s][info][gc,heap        ] GC(105) Tenured: 4075K(699072K)->4075K(699072K)
[117.111s][info][gc,metaspace   ] GC(105) Metaspace: 9901K(10304K)->9901K(10304K) NonClass: 8598K(8832K)->8598K(8832K) Class: 1303K(1472K)->1303K(1472K)
[117.111s][info][gc             ] GC(105) Pause Young (Allocation Failure) 278M->5M(989M) 4.071ms
[117.111s][info][gc,cpu         ] GC(105) User=0.02s Sys=0.00s Real=0.01s
[118.248s][info][gc,start       ] GC(106) Pause Young (Allocation Failure)
[118.252s][info][gc,heap        ] GC(106) DefNew: 280726K(314560K)->1180K(314560K) Eden: 279616K(279616K)->0K(279616K) From: 1110K(34944K)->1180K(34944K)
[118.252s][info][gc,heap        ] GC(106) Tenured: 4075K(699072K)->4075K(699072K)
[118.252s][info][gc,metaspace   ] GC(106) Metaspace: 9901K(10304K)->9901K(10304K) NonClass: 8598K(8832K)->8598K(8832K) Class: 1303K(1472K)->1303K(1472K)
[118.252s][info][gc             ] GC(106) Pause Young (Allocation Failure) 278M->5M(989M) 3.950ms
[118.252s][info][gc,cpu         ] GC(106) User=0.02s Sys=0.00s Real=0.02s
[119.363s][info][gc,start       ] GC(107) Pause Young (Allocation Failure)
[119.367s][info][gc,heap        ] GC(107) DefNew: 280796K(314560K)->1192K(314560K) Eden: 279616K(279616K)->0K(279616K) From: 1180K(34944K)->1192K(34944K)
[119.367s][info][gc,heap        ] GC(107) Tenured: 4075K(699072K)->4075K(699072K)
[119.367s][info][gc,metaspace   ] GC(107) Metaspace: 9901K(10304K)->9901K(10304K) NonClass: 8598K(8832K)->8598K(8832K) Class: 1303K(1472K)->1303K(1472K)
[119.367s][info][gc             ] GC(107) Pause Young (Allocation Failure) 278M->5M(989M) 3.789ms
[119.367s][info][gc,cpu         ] GC(107) User=0.00s Sys=0.00s Real=0.00s
[120.494s][info][gc,start       ] GC(108) Pause Young (Allocation Failure)
[120.497s][info][gc,heap        ] GC(108) DefNew: 280808K(314560K)->1184K(314560K) Eden: 279616K(279616K)->0K(279616K) From: 1192K(34944K)->1184K(34944K)
[120.498s][info][gc,heap        ] GC(108) Tenured: 4075K(699072K)->4075K(699072K)
[120.498s][info][gc,metaspace   ] GC(108) Metaspace: 9901K(10304K)->9901K(10304K) NonClass: 8598K(8832K)->8598K(8832K) Class: 1303K(1472K)->1303K(1472K)
[120.498s][info][gc             ] GC(108) Pause Young (Allocation Failure) 278M->5M(989M) 4.041ms
[120.498s][info][gc,cpu         ] GC(108) User=0.00s Sys=0.00s Real=0.00s
[121.453s][info][gc,start       ] GC(109) Pause Full (System.gc())
[121.454s][info][gc,phases,start] GC(109) Phase 1: Mark live objects
[121.468s][info][gc,phases      ] GC(109) Phase 1: Mark live objects 13.870ms
[121.468s][info][gc,phases,start] GC(109) Phase 2: Compute new object addresses
[121.533s][info][gc,phases      ] GC(109) Phase 2: Compute new object addresses 65.607ms
[121.533s][info][gc,phases,start] GC(109) Phase 3: Adjust pointers
[121.537s][info][gc,phases      ] GC(109) Phase 3: Adjust pointers 3.556ms
[121.537s][info][gc,phases,start] GC(109) Phase 4: Move objects
[121.537s][info][gc,phases      ] GC(109) Phase 4: Move objects 0.012ms
[121.537s][info][gc,heap        ] GC(109) DefNew: 238697K(314560K)->0K(314560K) Eden: 237512K(279616K)->0K(279616K) From: 1184K(34944K)->0K(34944K)
[121.537s][info][gc,heap        ] GC(109) Tenured: 4075K(699072K)->4075K(699072K)
[121.537s][info][gc,metaspace   ] GC(109) Metaspace: 9902K(10304K)->9902K(10304K) NonClass: 8599K(8832K)->8599K(8832K) Class: 1303K(1472K)->1303K(1472K)
[121.537s][info][gc             ] GC(109) Pause Full (System.gc()) 237M->3M(989M) 83.490ms
[121.537s][info][gc,cpu         ] GC(109) User=0.08s Sys=0.00s Real=0.08s
[122.652s][info][gc,start       ] GC(110) Pause Young (Allocation Failure)
[122.656s][info][gc,heap        ] GC(110) DefNew: 279616K(314560K)->1164K(314560K) Eden: 279616K(279616K)->0K(279616K) From: 0K(34944K)->1164K(34944K)
[122.656s][info][gc,heap        ] GC(110) Tenured: 4075K(699072K)->4075K(699072K)
[122.656s][info][gc,metaspace   ] GC(110) Metaspace: 9903K(10304K)->9903K(10304K) NonClass: 8600K(8832K)->8600K(8832K) Class: 1303K(1472K)->1303K(1472K)
[122.656s][info][gc             ] GC(110) Pause Young (Allocation Failure) 277M->5M(989M) 4.202ms
[122.656s][info][gc,cpu         ] GC(110) User=0.00s Sys=0.00s Real=0.00s
[123.767s][info][gc,start       ] GC(111) Pause Young (Allocation Failure)
[123.771s][info][gc,heap        ] GC(111) DefNew: 280780K(314560K)->1147K(314560K) Eden: 279616K(279616K)->0K(279616K) From: 1164K(34944K)->1147K(34944K)
[123.771s][info][gc,heap        ] GC(111) Tenured: 4075K(699072K)->4075K(699072K)
[123.771s][info][gc,metaspace   ] GC(111) Metaspace: 9903K(10304K)->9903K(10304K) NonClass: 8600K(8832K)->8600K(8832K) Class: 1303K(1472K)->1303K(1472K)
[123.771s][info][gc             ] GC(111) Pause Young (Allocation Failure) 278M->5M(989M) 4.178ms
[123.771s][info][gc,cpu         ] GC(111) User=0.02s Sys=0.00s Real=0.02s
[124.918s][info][gc,start       ] GC(112) Pause Young (Allocation Failure)
[124.921s][info][gc,heap        ] GC(112) DefNew: 280763K(314560K)->1165K(314560K) Eden: 279616K(279616K)->0K(279616K) From: 1147K(34944K)->1165K(34944K)
[124.922s][info][gc,heap        ] GC(112) Tenured: 4075K(699072K)->4075K(699072K)
[124.922s][info][gc,metaspace   ] GC(112) Metaspace: 9903K(10304K)->9903K(10304K) NonClass: 8600K(8832K)->8600K(8832K) Class: 1303K(1472K)->1303K(1472K)
[124.922s][info][gc             ] GC(112) Pause Young (Allocation Failure) 278M->5M(989M) 4.091ms
[124.922s][info][gc,cpu         ] GC(112) User=0.00s Sys=0.00s Real=0.00s
[126.048s][info][gc,start       ] GC(113) Pause Young (Allocation Failure)
[126.052s][info][gc,heap        ] GC(113) DefNew: 280781K(314560K)->1263K(314560K) Eden: 279615K(279616K)->0K(279616K) From: 1165K(34944K)->1263K(34944K)
[126.052s][info][gc,heap        ] GC(113) Tenured: 4075K(699072K)->4075K(699072K)
[126.052s][info][gc,metaspace   ] GC(113) Metaspace: 9903K(10304K)->9903K(10304K) NonClass: 8600K(8832K)->8600K(8832K) Class: 1303K(1472K)->1303K(1472K)
[126.052s][info][gc             ] GC(113) Pause Young (Allocation Failure) 278M->5M(989M) 4.287ms
[126.052s][info][gc,cpu         ] GC(113) User=0.00s Sys=0.00s Real=0.00s
[127.192s][info][gc,start       ] GC(114) Pause Young (Allocation Failure)
[127.196s][info][gc,heap        ] GC(114) DefNew: 280879K(314560K)->1294K(314560K) Eden: 279616K(279616K)->0K(279616K) From: 1263K(34944K)->1294K(34944K)
[127.196s][info][gc,heap        ] GC(114) Tenured: 4075K(699072K)->4075K(699072K)
[127.196s][info][gc,metaspace   ] GC(114) Metaspace: 9903K(10304K)->9903K(10304K) NonClass: 8600K(8832K)->8600K(8832K) Class: 1303K(1472K)->1303K(1472K)
[127.196s][info][gc             ] GC(114) Pause Young (Allocation Failure) 278M->5M(989M) 4.071ms
[127.196s][info][gc,cpu         ] GC(114) User=0.00s Sys=0.00s Real=0.00s
[128.145s][info][gc,start       ] GC(115) Pause Full (System.gc())
[128.145s][info][gc,phases,start] GC(115) Phase 1: Mark live objects
[128.159s][info][gc,phases      ] GC(115) Phase 1: Mark live objects 13.927ms
[128.159s][info][gc,phases,start] GC(115) Phase 2: Compute new object addresses
[128.223s][info][gc,phases      ] GC(115) Phase 2: Compute new object addresses 64.478ms
[128.223s][info][gc,phases,start] GC(115) Phase 3: Adjust pointers
[128.227s][info][gc,phases      ] GC(115) Phase 3: Adjust pointers 3.558ms
[128.227s][info][gc,phases,start] GC(115) Phase 4: Move objects
[128.227s][info][gc,phases      ] GC(115) Phase 4: Move objects 0.013ms
[128.227s][info][gc,heap        ] GC(115) DefNew: 235401K(314560K)->0K(314560K) Eden: 234106K(279616K)->0K(279616K) From: 1294K(34944K)->0K(34944K)
[128.227s][info][gc,heap        ] GC(115) Tenured: 4075K(699072K)->4075K(699072K)
[128.227s][info][gc,metaspace   ] GC(115) Metaspace: 9903K(10304K)->9903K(10304K) NonClass: 8600K(8832K)->8600K(8832K) Class: 1303K(1472K)->1303K(1472K)
[128.227s][info][gc             ] GC(115) Pause Full (System.gc()) 233M->3M(989M) 82.422ms
[128.227s][info][gc,cpu         ] GC(115) User=0.09s Sys=0.00s Real=0.09s
[129.347s][info][gc,start       ] GC(116) Pause Young (Allocation Failure)
[129.351s][info][gc,heap        ] GC(116) DefNew: 279616K(314560K)->1101K(314560K) Eden: 279616K(279616K)->0K(279616K) From: 0K(34944K)->1101K(34944K)
[129.351s][info][gc,heap        ] GC(116) Tenured: 4075K(699072K)->4075K(699072K)
[129.351s][info][gc,metaspace   ] GC(116) Metaspace: 9903K(10304K)->9903K(10304K) NonClass: 8600K(8832K)->8600K(8832K) Class: 1303K(1472K)->1303K(1472K)
[129.351s][info][gc             ] GC(116) Pause Young (Allocation Failure) 277M->5M(989M) 4.125ms
[129.351s][info][gc,cpu         ] GC(116) User=0.02s Sys=0.00s Real=0.01s
[130.486s][info][gc,start       ] GC(117) Pause Young (Allocation Failure)
[130.490s][info][gc,heap        ] GC(117) DefNew: 280717K(314560K)->1206K(314560K) Eden: 279616K(279616K)->0K(279616K) From: 1101K(34944K)->1206K(34944K)
[130.490s][info][gc,heap        ] GC(117) Tenured: 4075K(699072K)->4075K(699072K)
[130.490s][info][gc,metaspace   ] GC(117) Metaspace: 9903K(10304K)->9903K(10304K) NonClass: 8600K(8832K)->8600K(8832K) Class: 1303K(1472K)->1303K(1472K)
[130.490s][info][gc             ] GC(117) Pause Young (Allocation Failure) 278M->5M(989M) 4.270ms
[130.490s][info][gc,cpu         ] GC(117) User=0.02s Sys=0.00s Real=0.02s
[131.610s][info][gc,start       ] GC(118) Pause Young (Allocation Failure)
[131.614s][info][gc,heap        ] GC(118) DefNew: 280822K(314560K)->1244K(314560K) Eden: 279616K(279616K)->0K(279616K) From: 1206K(34944K)->1244K(34944K)
[131.614s][info][gc,heap        ] GC(118) Tenured: 4075K(699072K)->4075K(699072K)
[131.614s][info][gc,metaspace   ] GC(118) Metaspace: 9903K(10304K)->9903K(10304K) NonClass: 8600K(8832K)->8600K(8832K) Class: 1303K(1472K)->1303K(1472K)
[131.614s][info][gc             ] GC(118) Pause Young (Allocation Failure) 278M->5M(989M) 4.054ms
[131.614s][info][gc,cpu         ] GC(118) User=0.00s Sys=0.02s Real=0.02s
[132.756s][info][gc,start       ] GC(119) Pause Young (Allocation Failure)
[132.759s][info][gc,heap        ] GC(119) DefNew: 280860K(314560K)->1216K(314560K) Eden: 279616K(279616K)->0K(279616K) From: 1244K(34944K)->1216K(34944K)
[132.759s][info][gc,heap        ] GC(119) Tenured: 4075K(699072K)->4075K(699072K)
[132.759s][info][gc,metaspace   ] GC(119) Metaspace: 9903K(10304K)->9903K(10304K) NonClass: 8600K(8832K)->8600K(8832K) Class: 1303K(1472K)->1303K(1472K)
[132.759s][info][gc             ] GC(119) Pause Young (Allocation Failure) 278M->5M(989M) 3.947ms
[132.760s][info][gc,cpu         ] GC(119) User=0.00s Sys=0.00s Real=0.00s
[133.866s][info][gc,start       ] GC(120) Pause Young (Allocation Failure)
[133.869s][info][gc,heap        ] GC(120) DefNew: 280832K(314560K)->1144K(314560K) Eden: 279616K(279616K)->0K(279616K) From: 1216K(34944K)->1144K(34944K)
[133.869s][info][gc,heap        ] GC(120) Tenured: 4075K(699072K)->4075K(699072K)
[133.869s][info][gc,metaspace   ] GC(120) Metaspace: 9903K(10304K)->9903K(10304K) NonClass: 8600K(8832K)->8600K(8832K) Class: 1303K(1472K)->1303K(1472K)
[133.869s][info][gc             ] GC(120) Pause Young (Allocation Failure) 278M->5M(989M) 3.814ms
[133.869s][info][gc,cpu         ] GC(120) User=0.00s Sys=0.00s Real=0.00s
[134.830s][info][gc,start       ] GC(121) Pause Full (System.gc())
[134.830s][info][gc,phases,start] GC(121) Phase 1: Mark live objects
[134.843s][info][gc,phases      ] GC(121) Phase 1: Mark live objects 13.189ms
[134.843s][info][gc,phases,start] GC(121) Phase 2: Compute new object addresses
[134.907s][info][gc,phases      ] GC(121) Phase 2: Compute new object addresses 63.664ms
[134.907s][info][gc,phases,start] GC(121) Phase 3: Adjust pointers
[134.910s][info][gc,phases      ] GC(121) Phase 3: Adjust pointers 3.549ms
[134.910s][info][gc,phases,start] GC(121) Phase 4: Move objects
[134.910s][info][gc,phases      ] GC(121) Phase 4: Move objects 0.012ms
[134.911s][info][gc,heap        ] GC(121) DefNew: 235951K(314560K)->0K(314560K) Eden: 234806K(279616K)->0K(279616K) From: 1144K(34944K)->0K(34944K)
[134.911s][info][gc,heap        ] GC(121) Tenured: 4075K(699072K)->4076K(699072K)
[134.911s][info][gc,metaspace   ] GC(121) Metaspace: 9903K(10304K)->9903K(10304K) NonClass: 8600K(8832K)->8600K(8832K) Class: 1303K(1472K)->1303K(1472K)
[134.911s][info][gc             ] GC(121) Pause Full (System.gc()) 234M->3M(989M) 80.852ms
[134.911s][info][gc,cpu         ] GC(121) User=0.08s Sys=0.00s Real=0.08s
[136.035s][info][gc,start       ] GC(122) Pause Young (Allocation Failure)
[136.040s][info][gc,heap        ] GC(122) DefNew: 279616K(314560K)->1312K(314560K) Eden: 279616K(279616K)->0K(279616K) From: 0K(34944K)->1312K(34944K)
[136.040s][info][gc,heap        ] GC(122) Tenured: 4076K(699072K)->4076K(699072K)
[136.040s][info][gc,metaspace   ] GC(122) Metaspace: 9929K(10304K)->9929K(10304K) NonClass: 8625K(8832K)->8625K(8832K) Class: 1303K(1472K)->1303K(1472K)
[136.040s][info][gc             ] GC(122) Pause Young (Allocation Failure) 277M->5M(989M) 4.546ms
[136.040s][info][gc,cpu         ] GC(122) User=0.00s Sys=0.00s Real=0.00s
[137.169s][info][gc,start       ] GC(123) Pause Young (Allocation Failure)
[137.173s][info][gc,heap        ] GC(123) DefNew: 280928K(314560K)->1253K(314560K) Eden: 279616K(279616K)->0K(279616K) From: 1312K(34944K)->1253K(34944K)
[137.173s][info][gc,heap        ] GC(123) Tenured: 4076K(699072K)->4076K(699072K)
[137.173s][info][gc,metaspace   ] GC(123) Metaspace: 9929K(10304K)->9929K(10304K) NonClass: 8625K(8832K)->8625K(8832K) Class: 1303K(1472K)->1303K(1472K)
[137.173s][info][gc             ] GC(123) Pause Young (Allocation Failure) 278M->5M(989M) 4.039ms
[137.174s][info][gc,cpu         ] GC(123) User=0.02s Sys=0.00s Real=0.02s
[138.330s][info][gc,start       ] GC(124) Pause Young (Allocation Failure)
[138.334s][info][gc,heap        ] GC(124) DefNew: 280869K(314560K)->1211K(314560K) Eden: 279616K(279616K)->0K(279616K) From: 1253K(34944K)->1211K(34944K)
[138.334s][info][gc,heap        ] GC(124) Tenured: 4076K(699072K)->4076K(699072K)
[138.334s][info][gc,metaspace   ] GC(124) Metaspace: 9929K(10304K)->9929K(10304K) NonClass: 8625K(8832K)->8625K(8832K) Class: 1303K(1472K)->1303K(1472K)
[138.334s][info][gc             ] GC(124) Pause Young (Allocation Failure) 278M->5M(989M) 4.146ms
[138.334s][info][gc,cpu         ] GC(124) User=0.00s Sys=0.00s Real=0.00s
[139.483s][info][gc,start       ] GC(125) Pause Young (Allocation Failure)
[139.486s][info][gc,heap        ] GC(125) DefNew: 280827K(314560K)->1132K(314560K) Eden: 279616K(279616K)->0K(279616K) From: 1211K(34944K)->1132K(34944K)
[139.486s][info][gc,heap        ] GC(125) Tenured: 4076K(699072K)->4076K(699072K)
[139.486s][info][gc,metaspace   ] GC(125) Metaspace: 9929K(10304K)->9929K(10304K) NonClass: 8625K(8832K)->8625K(8832K) Class: 1303K(1472K)->1303K(1472K)
[139.486s][info][gc             ] GC(125) Pause Young (Allocation Failure) 278M->5M(989M) 3.689ms
[139.486s][info][gc,cpu         ] GC(125) User=0.00s Sys=0.00s Real=0.00s
[140.625s][info][gc,start       ] GC(126) Pause Young (Allocation Failure)
[140.629s][info][gc,heap        ] GC(126) DefNew: 280748K(314560K)->1199K(314560K) Eden: 279616K(279616K)->0K(279616K) From: 1132K(34944K)->1199K(34944K)
[140.629s][info][gc,heap        ] GC(126) Tenured: 4076K(699072K)->4076K(699072K)
[140.629s][info][gc,metaspace   ] GC(126) Metaspace: 9929K(10304K)->9929K(10304K) NonClass: 8625K(8832K)->8625K(8832K) Class: 1303K(1472K)->1303K(1472K)
[140.629s][info][gc             ] GC(126) Pause Young (Allocation Failure) 278M->5M(989M) 4.074ms
[140.629s][info][gc,cpu         ] GC(126) User=0.00s Sys=0.00s Real=0.00s
[141.613s][info][gc,start       ] GC(127) Pause Full (System.gc())
[141.613s][info][gc,phases,start] GC(127) Phase 1: Mark live objects
[141.628s][info][gc,phases      ] GC(127) Phase 1: Mark live objects 14.311ms
[141.628s][info][gc,phases,start] GC(127) Phase 2: Compute new object addresses
[141.694s][info][gc,phases      ] GC(127) Phase 2: Compute new object addresses 66.106ms
[141.694s][info][gc,phases,start] GC(127) Phase 3: Adjust pointers
[141.698s][info][gc,phases      ] GC(127) Phase 3: Adjust pointers 3.919ms
[141.698s][info][gc,phases,start] GC(127) Phase 4: Move objects
[141.698s][info][gc,phases      ] GC(127) Phase 4: Move objects 0.013ms
[141.698s][info][gc,heap        ] GC(127) DefNew: 241388K(314560K)->0K(314560K) Eden: 240189K(279616K)->0K(279616K) From: 1199K(34944K)->0K(34944K)
[141.698s][info][gc,heap        ] GC(127) Tenured: 4076K(699072K)->4076K(699072K)
[141.698s][info][gc,metaspace   ] GC(127) Metaspace: 9929K(10304K)->9929K(10304K) NonClass: 8625K(8832K)->8625K(8832K) Class: 1303K(1472K)->1303K(1472K)
[141.698s][info][gc             ] GC(127) Pause Full (System.gc()) 239M->3M(989M) 84.819ms
[141.698s][info][gc,cpu         ] GC(127) User=0.08s Sys=0.00s Real=0.08s
[142.840s][info][gc,start       ] GC(128) Pause Young (Allocation Failure)
[142.845s][info][gc,heap        ] GC(128) DefNew: 279616K(314560K)->1237K(314560K) Eden: 279616K(279616K)->0K(279616K) From: 0K(34944K)->1237K(34944K)
[142.845s][info][gc,heap        ] GC(128) Tenured: 4076K(699072K)->4076K(699072K)
[142.845s][info][gc,metaspace   ] GC(128) Metaspace: 9929K(10304K)->9929K(10304K) NonClass: 8625K(8832K)->8625K(8832K) Class: 1303K(1472K)->1303K(1472K)
[142.845s][info][gc             ] GC(128) Pause Young (Allocation Failure) 277M->5M(989M) 4.367ms
[142.845s][info][gc,cpu         ] GC(128) User=0.00s Sys=0.00s Real=0.00s
[143.969s][info][gc,start       ] GC(129) Pause Young (Allocation Failure)
[143.973s][info][gc,heap        ] GC(129) DefNew: 280853K(314560K)->1228K(314560K) Eden: 279616K(279616K)->0K(279616K) From: 1237K(34944K)->1228K(34944K)
[143.973s][info][gc,heap        ] GC(129) Tenured: 4076K(699072K)->4076K(699072K)
[143.973s][info][gc,metaspace   ] GC(129) Metaspace: 9929K(10304K)->9929K(10304K) NonClass: 8625K(8832K)->8625K(8832K) Class: 1303K(1472K)->1303K(1472K)
[143.973s][info][gc             ] GC(129) Pause Young (Allocation Failure) 278M->5M(989M) 4.104ms
[143.973s][info][gc,cpu         ] GC(129) User=0.02s Sys=0.00s Real=0.02s
[145.091s][info][gc,start       ] GC(130) Pause Young (Allocation Failure)
[145.095s][info][gc,heap        ] GC(130) DefNew: 280844K(314560K)->1312K(314560K) Eden: 279616K(279616K)->0K(279616K) From: 1228K(34944K)->1312K(34944K)
[145.095s][info][gc,heap        ] GC(130) Tenured: 4076K(699072K)->4076K(699072K)
[145.095s][info][gc,metaspace   ] GC(130) Metaspace: 9929K(10304K)->9929K(10304K) NonClass: 8625K(8832K)->8625K(8832K) Class: 1303K(1472K)->1303K(1472K)
[145.096s][info][gc             ] GC(130) Pause Young (Allocation Failure) 278M->5M(989M) 4.261ms
[145.096s][info][gc,cpu         ] GC(130) User=0.00s Sys=0.00s Real=0.00s
[146.223s][info][gc,start       ] GC(131) Pause Young (Allocation Failure)
[146.226s][info][gc,heap        ] GC(131) DefNew: 280928K(314560K)->1203K(314560K) Eden: 279616K(279616K)->0K(279616K) From: 1312K(34944K)->1203K(34944K)
[146.226s][info][gc,heap        ] GC(131) Tenured: 4076K(699072K)->4076K(699072K)
[146.227s][info][gc,metaspace   ] GC(131) Metaspace: 9929K(10304K)->9929K(10304K) NonClass: 8625K(8832K)->8625K(8832K) Class: 1303K(1472K)->1303K(1472K)
[146.227s][info][gc             ] GC(131) Pause Young (Allocation Failure) 278M->5M(989M) 3.675ms
[146.227s][info][gc,cpu         ] GC(131) User=0.00s Sys=0.00s Real=0.00s
[147.358s][info][gc,start       ] GC(132) Pause Young (Allocation Failure)
[147.361s][info][gc,heap        ] GC(132) DefNew: 280819K(314560K)->1187K(314560K) Eden: 279616K(279616K)->0K(279616K) From: 1203K(34944K)->1187K(34944K)
[147.362s][info][gc,heap        ] GC(132) Tenured: 4076K(699072K)->4076K(699072K)
[147.362s][info][gc,metaspace   ] GC(132) Metaspace: 9929K(10304K)->9929K(10304K) NonClass: 8625K(8832K)->8625K(8832K) Class: 1303K(1472K)->1303K(1472K)
[147.362s][info][gc             ] GC(132) Pause Young (Allocation Failure) 278M->5M(989M) 3.815ms
[147.362s][info][gc,cpu         ] GC(132) User=0.02s Sys=0.00s Real=0.02s
[148.330s][info][gc,start       ] GC(133) Pause Full (System.gc())
[148.337s][info][gc,phases,start] GC(133) Phase 1: Mark live objects
[148.486s][info][gc,phases      ] GC(133) Phase 1: Mark live objects 148.892ms
[148.486s][info][gc,phases,start] GC(133) Phase 2: Compute new object addresses
[148.551s][info][gc,phases      ] GC(133) Phase 2: Compute new object addresses 65.661ms
[148.551s][info][gc,phases,start] GC(133) Phase 3: Adjust pointers
[148.555s][info][gc,phases      ] GC(133) Phase 3: Adjust pointers 3.424ms
[148.555s][info][gc,phases,start] GC(133) Phase 4: Move objects
[148.555s][info][gc,phases      ] GC(133) Phase 4: Move objects 0.011ms
[148.555s][info][gc,heap        ] GC(133) DefNew: 235855K(314560K)->0K(314560K) Eden: 234668K(279616K)->0K(279616K) From: 1187K(34944K)->0K(34944K)
[148.555s][info][gc,heap        ] GC(133) Tenured: 4076K(699072K)->4076K(699072K)
[148.555s][info][gc,metaspace   ] GC(133) Metaspace: 9929K(10304K)->9929K(10304K) NonClass: 8625K(8832K)->8625K(8832K) Class: 1303K(1472K)->1303K(1472K)
[148.555s][info][gc             ] GC(133) Pause Full (System.gc()) 234M->3M(989M) 224.685ms
[148.555s][info][gc,cpu         ] GC(133) User=0.08s Sys=0.00s Real=0.22s
[149.692s][info][gc,start       ] GC(134) Pause Young (Allocation Failure)
[149.697s][info][gc,heap        ] GC(134) DefNew: 279616K(314560K)->1388K(314560K) Eden: 279616K(279616K)->0K(279616K) From: 0K(34944K)->1388K(34944K)
[149.697s][info][gc,heap        ] GC(134) Tenured: 4076K(699072K)->4076K(699072K)
[149.697s][info][gc,metaspace   ] GC(134) Metaspace: 9929K(10304K)->9929K(10304K) NonClass: 8625K(8832K)->8625K(8832K) Class: 1303K(1472K)->1303K(1472K)
[149.697s][info][gc             ] GC(134) Pause Young (Allocation Failure) 277M->5M(989M) 4.773ms
[149.697s][info][gc,cpu         ] GC(134) User=0.00s Sys=0.00s Real=0.00s
[150.838s][info][gc,start       ] GC(135) Pause Young (Allocation Failure)
[150.842s][info][gc,heap        ] GC(135) DefNew: 281004K(314560K)->1189K(314560K) Eden: 279616K(279616K)->0K(279616K) From: 1388K(34944K)->1189K(34944K)
[150.842s][info][gc,heap        ] GC(135) Tenured: 4076K(699072K)->4076K(699072K)
[150.842s][info][gc,metaspace   ] GC(135) Metaspace: 9929K(10304K)->9929K(10304K) NonClass: 8625K(8832K)->8625K(8832K) Class: 1303K(1472K)->1303K(1472K)
[150.842s][info][gc             ] GC(135) Pause Young (Allocation Failure) 278M->5M(989M) 4.197ms
[150.842s][info][gc,cpu         ] GC(135) User=0.02s Sys=0.00s Real=0.01s
[151.971s][info][gc,start       ] GC(136) Pause Young (Allocation Failure)
[151.975s][info][gc,heap        ] GC(136) DefNew: 280805K(314560K)->1218K(314560K) Eden: 279616K(279616K)->0K(279616K) From: 1189K(34944K)->1218K(34944K)
[151.975s][info][gc,heap        ] GC(136) Tenured: 4076K(699072K)->4076K(699072K)
[151.975s][info][gc,metaspace   ] GC(136) Metaspace: 9929K(10304K)->9929K(10304K) NonClass: 8625K(8832K)->8625K(8832K) Class: 1303K(1472K)->1303K(1472K)
[151.975s][info][gc             ] GC(136) Pause Young (Allocation Failure) 278M->5M(989M) 3.833ms
[151.975s][info][gc,cpu         ] GC(136) User=0.00s Sys=0.00s Real=0.00s
[153.107s][info][gc,start       ] GC(137) Pause Young (Allocation Failure)
[153.111s][info][gc,heap        ] GC(137) DefNew: 280834K(314560K)->1266K(314560K) Eden: 279616K(279616K)->0K(279616K) From: 1218K(34944K)->1266K(34944K)
[153.111s][info][gc,heap        ] GC(137) Tenured: 4076K(699072K)->4076K(699072K)
[153.111s][info][gc,metaspace   ] GC(137) Metaspace: 9929K(10304K)->9929K(10304K) NonClass: 8625K(8832K)->8625K(8832K) Class: 1303K(1472K)->1303K(1472K)
[153.111s][info][gc             ] GC(137) Pause Young (Allocation Failure) 278M->5M(989M) 4.176ms
[153.111s][info][gc,cpu         ] GC(137) User=0.00s Sys=0.00s Real=0.00s
[154.234s][info][gc,start       ] GC(138) Pause Young (Allocation Failure)
[154.237s][info][gc,heap        ] GC(138) DefNew: 280882K(314560K)->1162K(314560K) Eden: 279616K(279616K)->0K(279616K) From: 1266K(34944K)->1162K(34944K)
[154.237s][info][gc,heap        ] GC(138) Tenured: 4076K(699072K)->4076K(699072K)
[154.237s][info][gc,metaspace   ] GC(138) Metaspace: 9929K(10304K)->9929K(10304K) NonClass: 8625K(8832K)->8625K(8832K) Class: 1303K(1472K)->1303K(1472K)
[154.238s][info][gc             ] GC(138) Pause Young (Allocation Failure) 278M->5M(989M) 3.796ms
[154.238s][info][gc,cpu         ] GC(138) User=0.02s Sys=0.00s Real=0.02s
[155.193s][info][gc,start       ] GC(139) Pause Full (System.gc())
[155.194s][info][gc,phases,start] GC(139) Phase 1: Mark live objects
[155.207s][info][gc,phases      ] GC(139) Phase 1: Mark live objects 13.542ms
[155.207s][info][gc,phases,start] GC(139) Phase 2: Compute new object addresses
[155.272s][info][gc,phases      ] GC(139) Phase 2: Compute new object addresses 65.129ms
[155.272s][info][gc,phases,start] GC(139) Phase 3: Adjust pointers
[155.276s][info][gc,phases      ] GC(139) Phase 3: Adjust pointers 3.582ms
[155.276s][info][gc,phases,start] GC(139) Phase 4: Move objects
[155.276s][info][gc,phases      ] GC(139) Phase 4: Move objects 0.013ms
[155.276s][info][gc,heap        ] GC(139) DefNew: 235401K(314560K)->0K(314560K) Eden: 234238K(279616K)->0K(279616K) From: 1162K(34944K)->0K(34944K)
[155.276s][info][gc,heap        ] GC(139) Tenured: 4076K(699072K)->4076K(699072K)
[155.276s][info][gc,metaspace   ] GC(139) Metaspace: 9929K(10304K)->9929K(10304K) NonClass: 8625K(8832K)->8625K(8832K) Class: 1303K(1472K)->1303K(1472K)
[155.276s][info][gc             ] GC(139) Pause Full (System.gc()) 233M->3M(989M) 82.714ms
[155.276s][info][gc,cpu         ] GC(139) User=0.08s Sys=0.00s Real=0.08s
[156.399s][info][gc,start       ] GC(140) Pause Young (Allocation Failure)
[156.403s][info][gc,heap        ] GC(140) DefNew: 279616K(314560K)->1341K(314560K) Eden: 279616K(279616K)->0K(279616K) From: 0K(34944K)->1341K(34944K)
[156.404s][info][gc,heap        ] GC(140) Tenured: 4076K(699072K)->4076K(699072K)
[156.404s][info][gc,metaspace   ] GC(140) Metaspace: 9934K(10304K)->9934K(10304K) NonClass: 8630K(8832K)->8630K(8832K) Class: 1303K(1472K)->1303K(1472K)
[156.404s][info][gc             ] GC(140) Pause Young (Allocation Failure) 277M->5M(989M) 4.555ms
[156.404s][info][gc,cpu         ] GC(140) User=0.00s Sys=0.00s Real=0.00s
[157.529s][info][gc,start       ] GC(141) Pause Young (Allocation Failure)
[157.533s][info][gc,heap        ] GC(141) DefNew: 280957K(314560K)->1291K(314560K) Eden: 279616K(279616K)->0K(279616K) From: 1341K(34944K)->1291K(34944K)
[157.533s][info][gc,heap        ] GC(141) Tenured: 4076K(699072K)->4076K(699072K)
[157.534s][info][gc,metaspace   ] GC(141) Metaspace: 9934K(10304K)->9934K(10304K) NonClass: 8630K(8832K)->8630K(8832K) Class: 1303K(1472K)->1303K(1472K)
[157.534s][info][gc             ] GC(141) Pause Young (Allocation Failure) 278M->5M(989M) 4.239ms
[157.534s][info][gc,cpu         ] GC(141) User=0.00s Sys=0.00s Real=0.00s
[158.666s][info][gc,start       ] GC(142) Pause Young (Allocation Failure)
[158.670s][info][gc,heap        ] GC(142) DefNew: 280907K(314560K)->1290K(314560K) Eden: 279616K(279616K)->0K(279616K) From: 1291K(34944K)->1290K(34944K)
[158.670s][info][gc,heap        ] GC(142) Tenured: 4076K(699072K)->4076K(699072K)
[158.670s][info][gc,metaspace   ] GC(142) Metaspace: 9934K(10304K)->9934K(10304K) NonClass: 8630K(8832K)->8630K(8832K) Class: 1303K(1472K)->1303K(1472K)
[158.670s][info][gc             ] GC(142) Pause Young (Allocation Failure) 278M->5M(989M) 3.950ms
[158.670s][info][gc,cpu         ] GC(142) User=0.02s Sys=0.00s Real=0.02s
[159.808s][info][gc,start       ] GC(143) Pause Young (Allocation Failure)
[159.812s][info][gc,heap        ] GC(143) DefNew: 280906K(314560K)->1313K(314560K) Eden: 279616K(279616K)->0K(279616K) From: 1290K(34944K)->1313K(34944K)
[159.812s][info][gc,heap        ] GC(143) Tenured: 4076K(699072K)->4076K(699072K)
[159.812s][info][gc,metaspace   ] GC(143) Metaspace: 9934K(10304K)->9934K(10304K) NonClass: 8630K(8832K)->8630K(8832K) Class: 1303K(1472K)->1303K(1472K)
[159.812s][info][gc             ] GC(143) Pause Young (Allocation Failure) 278M->5M(989M) 4.119ms
[159.812s][info][gc,cpu         ] GC(143) User=0.00s Sys=0.00s Real=0.00s
[160.937s][info][gc,start       ] GC(144) Pause Young (Allocation Failure)
[160.941s][info][gc,heap        ] GC(144) DefNew: 280929K(314560K)->1232K(314560K) Eden: 279616K(279616K)->0K(279616K) From: 1313K(34944K)->1232K(34944K)
[160.941s][info][gc,heap        ] GC(144) Tenured: 4076K(699072K)->4076K(699072K)
[160.941s][info][gc,metaspace   ] GC(144) Metaspace: 9934K(10304K)->9934K(10304K) NonClass: 8630K(8832K)->8630K(8832K) Class: 1303K(1472K)->1303K(1472K)
[160.941s][info][gc             ] GC(144) Pause Young (Allocation Failure) 278M->5M(989M) 3.738ms
[160.941s][info][gc,cpu         ] GC(144) User=0.00s Sys=0.00s Real=0.00s
[161.874s][info][gc,start       ] GC(145) Pause Full (System.gc())
[161.874s][info][gc,phases,start] GC(145) Phase 1: Mark live objects
[161.887s][info][gc,phases      ] GC(145) Phase 1: Mark live objects 13.351ms
[161.887s][info][gc,phases,start] GC(145) Phase 2: Compute new object addresses
[161.953s][info][gc,phases      ] GC(145) Phase 2: Compute new object addresses 65.884ms
[161.953s][info][gc,phases,start] GC(145) Phase 3: Adjust pointers
[161.957s][info][gc,phases      ] GC(145) Phase 3: Adjust pointers 3.569ms
[161.957s][info][gc,phases,start] GC(145) Phase 4: Move objects
[161.957s][info][gc,phases      ] GC(145) Phase 4: Move objects 0.012ms
[161.957s][info][gc,heap        ] GC(145) DefNew: 239693K(314560K)->0K(314560K) Eden: 238460K(279616K)->0K(279616K) From: 1232K(34944K)->0K(34944K)
[161.957s][info][gc,heap        ] GC(145) Tenured: 4076K(699072K)->4076K(699072K)
[161.957s][info][gc,metaspace   ] GC(145) Metaspace: 9936K(10304K)->9936K(10304K) NonClass: 8633K(8832K)->8633K(8832K) Class: 1303K(1472K)->1303K(1472K)
[161.957s][info][gc             ] GC(145) Pause Full (System.gc()) 238M->3M(989M) 83.267ms
[161.957s][info][gc,cpu         ] GC(145) User=0.09s Sys=0.00s Real=0.09s
[163.108s][info][gc,start       ] GC(146) Pause Young (Allocation Failure)
[163.112s][info][gc,heap        ] GC(146) DefNew: 279616K(314560K)->1239K(314560K) Eden: 279616K(279616K)->0K(279616K) From: 0K(34944K)->1239K(34944K)
[163.112s][info][gc,heap        ] GC(146) Tenured: 4076K(699072K)->4076K(699072K)
[163.112s][info][gc,metaspace   ] GC(146) Metaspace: 9936K(10304K)->9936K(10304K) NonClass: 8633K(8832K)->8633K(8832K) Class: 1303K(1472K)->1303K(1472K)
[163.112s][info][gc             ] GC(146) Pause Young (Allocation Failure) 277M->5M(989M) 4.407ms
[163.112s][info][gc,cpu         ] GC(146) User=0.02s Sys=0.00s Real=0.02s
[164.263s][info][gc,start       ] GC(147) Pause Young (Allocation Failure)
[164.267s][info][gc,heap        ] GC(147) DefNew: 280855K(314560K)->1249K(314560K) Eden: 279616K(279616K)->0K(279616K) From: 1239K(34944K)->1249K(34944K)
[164.267s][info][gc,heap        ] GC(147) Tenured: 4076K(699072K)->4076K(699072K)
[164.267s][info][gc,metaspace   ] GC(147) Metaspace: 9936K(10304K)->9936K(10304K) NonClass: 8633K(8832K)->8633K(8832K) Class: 1303K(1472K)->1303K(1472K)
[164.267s][info][gc             ] GC(147) Pause Young (Allocation Failure) 278M->5M(989M) 4.309ms
[164.267s][info][gc,cpu         ] GC(147) User=0.02s Sys=0.00s Real=0.02s
[165.403s][info][gc,start       ] GC(148) Pause Young (Allocation Failure)
[165.407s][info][gc,heap        ] GC(148) DefNew: 280865K(314560K)->1215K(314560K) Eden: 279616K(279616K)->0K(279616K) From: 1249K(34944K)->1215K(34944K)
[165.407s][info][gc,heap        ] GC(148) Tenured: 4076K(699072K)->4076K(699072K)
[165.407s][info][gc,metaspace   ] GC(148) Metaspace: 9936K(10304K)->9936K(10304K) NonClass: 8633K(8832K)->8633K(8832K) Class: 1303K(1472K)->1303K(1472K)
[165.407s][info][gc             ] GC(148) Pause Young (Allocation Failure) 278M->5M(989M) 4.260ms
[165.407s][info][gc,cpu         ] GC(148) User=0.02s Sys=0.00s Real=0.02s
[166.553s][info][gc,start       ] GC(149) Pause Young (Allocation Failure)
[166.556s][info][gc,heap        ] GC(149) DefNew: 280831K(314560K)->1261K(314560K) Eden: 279616K(279616K)->0K(279616K) From: 1215K(34944K)->1261K(34944K)
[166.557s][info][gc,heap        ] GC(149) Tenured: 4076K(699072K)->4076K(699072K)
[166.557s][info][gc,metaspace   ] GC(149) Metaspace: 9936K(10304K)->9936K(10304K) NonClass: 8633K(8832K)->8633K(8832K) Class: 1303K(1472K)->1303K(1472K)
[166.557s][info][gc             ] GC(149) Pause Young (Allocation Failure) 278M->5M(989M) 4.017ms
[166.557s][info][gc,cpu         ] GC(149) User=0.00s Sys=0.00s Real=0.00s
[167.696s][info][gc,start       ] GC(150) Pause Young (Allocation Failure)
[167.700s][info][gc,heap        ] GC(150) DefNew: 280877K(314560K)->1211K(314560K) Eden: 279616K(279616K)->0K(279616K) From: 1261K(34944K)->1211K(34944K)
[167.700s][info][gc,heap        ] GC(150) Tenured: 4076K(699072K)->4076K(699072K)
[167.700s][info][gc,metaspace   ] GC(150) Metaspace: 9936K(10304K)->9936K(10304K) NonClass: 8633K(8832K)->8633K(8832K) Class: 1303K(1472K)->1303K(1472K)
[167.700s][info][gc             ] GC(150) Pause Young (Allocation Failure) 278M->5M(989M) 3.973ms
[167.700s][info][gc,cpu         ] GC(150) User=0.00s Sys=0.00s Real=0.00s
[168.665s][info][gc,start       ] GC(151) Pause Full (System.gc())
[168.665s][info][gc,phases,start] GC(151) Phase 1: Mark live objects
[168.679s][info][gc,phases      ] GC(151) Phase 1: Mark live objects 13.716ms
[168.679s][info][gc,phases,start] GC(151) Phase 2: Compute new object addresses
[168.742s][info][gc,phases      ] GC(151) Phase 2: Compute new object addresses 62.901ms
[168.742s][info][gc,phases,start] GC(151) Phase 3: Adjust pointers
[168.745s][info][gc,phases      ] GC(151) Phase 3: Adjust pointers 3.454ms
[168.745s][info][gc,phases,start] GC(151) Phase 4: Move objects
[168.745s][info][gc,phases      ] GC(151) Phase 4: Move objects 0.012ms
[168.745s][info][gc,heap        ] GC(151) DefNew: 233953K(314560K)->0K(314560K) Eden: 232741K(279616K)->0K(279616K) From: 1211K(34944K)->0K(34944K)
[168.745s][info][gc,heap        ] GC(151) Tenured: 4076K(699072K)->4076K(699072K)
[168.745s][info][gc,metaspace   ] GC(151) Metaspace: 9936K(10304K)->9936K(10304K) NonClass: 8633K(8832K)->8633K(8832K) Class: 1303K(1472K)->1303K(1472K)
[168.745s][info][gc             ] GC(151) Pause Full (System.gc()) 232M->3M(989M) 80.511ms
[168.745s][info][gc,cpu         ] GC(151) User=0.08s Sys=0.00s Real=0.08s
[169.896s][info][gc,start       ] GC(152) Pause Young (Allocation Failure)
[169.900s][info][gc,heap        ] GC(152) DefNew: 279616K(314560K)->1256K(314560K) Eden: 279616K(279616K)->0K(279616K) From: 0K(34944K)->1256K(34944K)
[169.900s][info][gc,heap        ] GC(152) Tenured: 4076K(699072K)->4076K(699072K)
[169.900s][info][gc,metaspace   ] GC(152) Metaspace: 9938K(10304K)->9938K(10304K) NonClass: 8634K(8832K)->8634K(8832K) Class: 1303K(1472K)->1303K(1472K)
[169.900s][info][gc             ] GC(152) Pause Young (Allocation Failure) 277M->5M(989M) 4.407ms
[169.900s][info][gc,cpu         ] GC(152) User=0.00s Sys=0.00s Real=0.00s
[171.019s][info][gc,start       ] GC(153) Pause Young (Allocation Failure)
[171.023s][info][gc,heap        ] GC(153) DefNew: 280872K(314560K)->1194K(314560K) Eden: 279616K(279616K)->0K(279616K) From: 1256K(34944K)->1194K(34944K)
[171.023s][info][gc,heap        ] GC(153) Tenured: 4076K(699072K)->4076K(699072K)
[171.023s][info][gc,metaspace   ] GC(153) Metaspace: 9938K(10304K)->9938K(10304K) NonClass: 8634K(8832K)->8634K(8832K) Class: 1303K(1472K)->1303K(1472K)
[171.023s][info][gc             ] GC(153) Pause Young (Allocation Failure) 278M->5M(989M) 4.200ms
[171.023s][info][gc,cpu         ] GC(153) User=0.02s Sys=0.00s Real=0.01s
[172.154s][info][gc,start       ] GC(154) Pause Young (Allocation Failure)
[172.158s][info][gc,heap        ] GC(154) DefNew: 280810K(314560K)->1240K(314560K) Eden: 279616K(279616K)->0K(279616K) From: 1194K(34944K)->1240K(34944K)
[172.158s][info][gc,heap        ] GC(154) Tenured: 4076K(699072K)->4076K(699072K)
[172.158s][info][gc,metaspace   ] GC(154) Metaspace: 9938K(10304K)->9938K(10304K) NonClass: 8634K(8832K)->8634K(8832K) Class: 1303K(1472K)->1303K(1472K)
[172.158s][info][gc             ] GC(154) Pause Young (Allocation Failure) 278M->5M(989M) 4.025ms
[172.158s][info][gc,cpu         ] GC(154) User=0.02s Sys=0.00s Real=0.02s
[173.318s][info][gc,start       ] GC(155) Pause Young (Allocation Failure)
[173.322s][info][gc,heap        ] GC(155) DefNew: 280856K(314560K)->1200K(314560K) Eden: 279616K(279616K)->0K(279616K) From: 1240K(34944K)->1200K(34944K)
[173.322s][info][gc,heap        ] GC(155) Tenured: 4076K(699072K)->4076K(699072K)
[173.322s][info][gc,metaspace   ] GC(155) Metaspace: 9938K(10304K)->9938K(10304K) NonClass: 8634K(8832K)->8634K(8832K) Class: 1303K(1472K)->1303K(1472K)
[173.322s][info][gc             ] GC(155) Pause Young (Allocation Failure) 278M->5M(989M) 3.720ms
[173.322s][info][gc,cpu         ] GC(155) User=0.02s Sys=0.00s Real=0.01s
[174.453s][info][gc,start       ] GC(156) Pause Young (Allocation Failure)
[174.457s][info][gc,heap        ] GC(156) DefNew: 280816K(314560K)->1166K(314560K) Eden: 279616K(279616K)->0K(279616K) From: 1200K(34944K)->1166K(34944K)
[174.457s][info][gc,heap        ] GC(156) Tenured: 4076K(699072K)->4076K(699072K)
[174.457s][info][gc,metaspace   ] GC(156) Metaspace: 9938K(10304K)->9938K(10304K) NonClass: 8634K(8832K)->8634K(8832K) Class: 1303K(1472K)->1303K(1472K)
[174.457s][info][gc             ] GC(156) Pause Young (Allocation Failure) 278M->5M(989M) 3.804ms
[174.457s][info][gc,cpu         ] GC(156) User=0.00s Sys=0.00s Real=0.00s
[175.388s][info][gc,start       ] GC(157) Pause Full (System.gc())
[175.394s][info][gc,phases,start] GC(157) Phase 1: Mark live objects
[175.407s][info][gc,phases      ] GC(157) Phase 1: Mark live objects 13.306ms
[175.408s][info][gc,phases,start] GC(157) Phase 2: Compute new object addresses
[175.471s][info][gc,phases      ] GC(157) Phase 2: Compute new object addresses 63.881ms
[175.471s][info][gc,phases,start] GC(157) Phase 3: Adjust pointers
[175.475s][info][gc,phases      ] GC(157) Phase 3: Adjust pointers 3.564ms
[175.475s][info][gc,phases,start] GC(157) Phase 4: Move objects
[175.475s][info][gc,phases      ] GC(157) Phase 4: Move objects 0.012ms
[175.475s][info][gc,heap        ] GC(157) DefNew: 233101K(314560K)->0K(314560K) Eden: 231935K(279616K)->0K(279616K) From: 1166K(34944K)->0K(34944K)
[175.475s][info][gc,heap        ] GC(157) Tenured: 4076K(699072K)->4076K(699072K)
[175.475s][info][gc,metaspace   ] GC(157) Metaspace: 9938K(10304K)->9938K(10304K) NonClass: 8634K(8832K)->8634K(8832K) Class: 1303K(1472K)->1303K(1472K)
[175.475s][info][gc             ] GC(157) Pause Full (System.gc()) 231M->3M(989M) 87.003ms
[175.475s][info][gc,cpu         ] GC(157) User=0.06s Sys=0.00s Real=0.09s
[176.605s][info][gc,start       ] GC(158) Pause Young (Allocation Failure)
[176.609s][info][gc,heap        ] GC(158) DefNew: 279616K(314560K)->1147K(314560K) Eden: 279616K(279616K)->0K(279616K) From: 0K(34944K)->1147K(34944K)
[176.610s][info][gc,heap        ] GC(158) Tenured: 4076K(699072K)->4076K(699072K)
[176.610s][info][gc,metaspace   ] GC(158) Metaspace: 9938K(10304K)->9938K(10304K) NonClass: 8634K(8832K)->8634K(8832K) Class: 1303K(1472K)->1303K(1472K)
[176.610s][info][gc             ] GC(158) Pause Young (Allocation Failure) 277M->5M(989M) 4.320ms
[176.610s][info][gc,cpu         ] GC(158) User=0.02s Sys=0.00s Real=0.02s
[177.720s][info][gc,start       ] GC(159) Pause Young (Allocation Failure)
[177.724s][info][gc,heap        ] GC(159) DefNew: 280763K(314560K)->1208K(314560K) Eden: 279616K(279616K)->0K(279616K) From: 1147K(34944K)->1208K(34944K)
[177.724s][info][gc,heap        ] GC(159) Tenured: 4076K(699072K)->4076K(699072K)
[177.724s][info][gc,metaspace   ] GC(159) Metaspace: 9938K(10304K)->9938K(10304K) NonClass: 8634K(8832K)->8634K(8832K) Class: 1303K(1472K)->1303K(1472K)
[177.724s][info][gc             ] GC(159) Pause Young (Allocation Failure) 278M->5M(989M) 4.013ms
[177.724s][info][gc,cpu         ] GC(159) User=0.00s Sys=0.00s Real=0.00s
[178.833s][info][gc,start       ] GC(160) Pause Young (Allocation Failure)
[178.836s][info][gc,heap        ] GC(160) DefNew: 280824K(314560K)->1161K(314560K) Eden: 279616K(279616K)->0K(279616K) From: 1208K(34944K)->1161K(34944K)
[178.836s][info][gc,heap        ] GC(160) Tenured: 4076K(699072K)->4076K(699072K)
[178.836s][info][gc,metaspace   ] GC(160) Metaspace: 9938K(10304K)->9938K(10304K) NonClass: 8634K(8832K)->8634K(8832K) Class: 1303K(1472K)->1303K(1472K)
[178.836s][info][gc             ] GC(160) Pause Young (Allocation Failure) 278M->5M(989M) 3.806ms
[178.836s][info][gc,cpu         ] GC(160) User=0.00s Sys=0.00s Real=0.00s
[179.967s][info][gc,start       ] GC(161) Pause Young (Allocation Failure)
[179.971s][info][gc,heap        ] GC(161) DefNew: 280777K(314560K)->1214K(314560K) Eden: 279616K(279616K)->0K(279616K) From: 1161K(34944K)->1214K(34944K)
[179.971s][info][gc,heap        ] GC(161) Tenured: 4076K(699072K)->4076K(699072K)
[179.971s][info][gc,metaspace   ] GC(161) Metaspace: 9938K(10304K)->9938K(10304K) NonClass: 8634K(8832K)->8634K(8832K) Class: 1303K(1472K)->1303K(1472K)
[179.971s][info][gc             ] GC(161) Pause Young (Allocation Failure) 278M->5M(989M) 4.058ms
[179.971s][info][gc,cpu         ] GC(161) User=0.00s Sys=0.00s Real=0.00s
[181.100s][info][gc,start       ] GC(162) Pause Young (Allocation Failure)
[181.104s][info][gc,heap        ] GC(162) DefNew: 280830K(314560K)->1297K(314560K) Eden: 279616K(279616K)->0K(279616K) From: 1214K(34944K)->1297K(34944K)
[181.104s][info][gc,heap        ] GC(162) Tenured: 4076K(699072K)->4076K(699072K)
[181.104s][info][gc,metaspace   ] GC(162) Metaspace: 9938K(10304K)->9938K(10304K) NonClass: 8634K(8832K)->8634K(8832K) Class: 1303K(1472K)->1303K(1472K)
[181.104s][info][gc             ] GC(162) Pause Young (Allocation Failure) 278M->5M(989M) 4.209ms
[181.105s][info][gc,cpu         ] GC(162) User=0.00s Sys=0.00s Real=0.00s
[182.065s][info][gc,start       ] GC(163) Pause Full (System.gc())
[182.065s][info][gc,phases,start] GC(163) Phase 1: Mark live objects
[182.079s][info][gc,phases      ] GC(163) Phase 1: Mark live objects 14.097ms
[182.079s][info][gc,phases,start] GC(163) Phase 2: Compute new object addresses
[182.144s][info][gc,phases      ] GC(163) Phase 2: Compute new object addresses 64.245ms
[182.144s][info][gc,phases,start] GC(163) Phase 3: Adjust pointers
[182.147s][info][gc,phases      ] GC(163) Phase 3: Adjust pointers 3.601ms
[182.147s][info][gc,phases,start] GC(163) Phase 4: Move objects
[182.147s][info][gc,phases      ] GC(163) Phase 4: Move objects 0.013ms
[182.147s][info][gc,heap        ] GC(163) DefNew: 239276K(314560K)->0K(314560K) Eden: 237979K(279616K)->0K(279616K) From: 1297K(34944K)->0K(34944K)
[182.147s][info][gc,heap        ] GC(163) Tenured: 4076K(699072K)->4079K(699072K)
[182.147s][info][gc,metaspace   ] GC(163) Metaspace: 9941K(10304K)->9941K(10304K) NonClass: 8637K(8832K)->8637K(8832K) Class: 1303K(1472K)->1303K(1472K)
[182.147s][info][gc             ] GC(163) Pause Full (System.gc()) 237M->3M(989M) 82.378ms
[182.147s][info][gc,cpu         ] GC(163) User=0.08s Sys=0.00s Real=0.08s
[183.288s][info][gc,start       ] GC(164) Pause Young (Allocation Failure)
[183.292s][info][gc,heap        ] GC(164) DefNew: 279616K(314560K)->1156K(314560K) Eden: 279616K(279616K)->0K(279616K) From: 0K(34944K)->1156K(34944K)
[183.292s][info][gc,heap        ] GC(164) Tenured: 4079K(699072K)->4079K(699072K)
[183.292s][info][gc,metaspace   ] GC(164) Metaspace: 9941K(10304K)->9941K(10304K) NonClass: 8637K(8832K)->8637K(8832K) Class: 1303K(1472K)->1303K(1472K)
[183.292s][info][gc             ] GC(164) Pause Young (Allocation Failure) 277M->5M(989M) 4.267ms
[183.292s][info][gc,cpu         ] GC(164) User=0.02s Sys=0.00s Real=0.02s
[184.416s][info][gc,start       ] GC(165) Pause Young (Allocation Failure)
[184.420s][info][gc,heap        ] GC(165) DefNew: 280772K(314560K)->1082K(314560K) Eden: 279616K(279616K)->0K(279616K) From: 1156K(34944K)->1082K(34944K)
[184.420s][info][gc,heap        ] GC(165) Tenured: 4079K(699072K)->4079K(699072K)
[184.420s][info][gc,metaspace   ] GC(165) Metaspace: 9941K(10304K)->9941K(10304K) NonClass: 8637K(8832K)->8637K(8832K) Class: 1303K(1472K)->1303K(1472K)
[184.420s][info][gc             ] GC(165) Pause Young (Allocation Failure) 278M->5M(989M) 3.710ms
[184.420s][info][gc,cpu         ] GC(165) User=0.00s Sys=0.00s Real=0.00s
[185.551s][info][gc,start       ] GC(166) Pause Young (Allocation Failure)
[185.555s][info][gc,heap        ] GC(166) DefNew: 280698K(314560K)->1220K(314560K) Eden: 279616K(279616K)->0K(279616K) From: 1082K(34944K)->1220K(34944K)
[185.555s][info][gc,heap        ] GC(166) Tenured: 4079K(699072K)->4079K(699072K)
[185.555s][info][gc,metaspace   ] GC(166) Metaspace: 9941K(10304K)->9941K(10304K) NonClass: 8637K(8832K)->8637K(8832K) Class: 1303K(1472K)->1303K(1472K)
[185.555s][info][gc             ] GC(166) Pause Young (Allocation Failure) 278M->5M(989M) 4.108ms
[185.555s][info][gc,cpu         ] GC(166) User=0.00s Sys=0.00s Real=0.00s
[186.672s][info][gc,start       ] GC(167) Pause Young (Allocation Failure)
[186.676s][info][gc,heap        ] GC(167) DefNew: 280836K(314560K)->1260K(314560K) Eden: 279616K(279616K)->0K(279616K) From: 1220K(34944K)->1260K(34944K)
[186.676s][info][gc,heap        ] GC(167) Tenured: 4079K(699072K)->4079K(699072K)
[186.676s][info][gc,metaspace   ] GC(167) Metaspace: 9941K(10304K)->9941K(10304K) NonClass: 8637K(8832K)->8637K(8832K) Class: 1303K(1472K)->1303K(1472K)
[186.676s][info][gc             ] GC(167) Pause Young (Allocation Failure) 278M->5M(989M) 3.933ms
[186.676s][info][gc,cpu         ] GC(167) User=0.00s Sys=0.00s Real=0.00s
[187.801s][info][gc,start       ] GC(168) Pause Young (Allocation Failure)
[187.805s][info][gc,heap        ] GC(168) DefNew: 280876K(314560K)->1142K(314560K) Eden: 279616K(279616K)->0K(279616K) From: 1260K(34944K)->1142K(34944K)
[187.805s][info][gc,heap        ] GC(168) Tenured: 4079K(699072K)->4079K(699072K)
[187.805s][info][gc,metaspace   ] GC(168) Metaspace: 9941K(10304K)->9941K(10304K) NonClass: 8637K(8832K)->8637K(8832K) Class: 1303K(1472K)->1303K(1472K)
[187.805s][info][gc             ] GC(168) Pause Young (Allocation Failure) 278M->5M(989M) 3.923ms
[187.805s][info][gc,cpu         ] GC(168) User=0.00s Sys=0.00s Real=0.00s
[188.752s][info][gc,start       ] GC(169) Pause Full (System.gc())
[188.752s][info][gc,phases,start] GC(169) Phase 1: Mark live objects
[188.766s][info][gc,phases      ] GC(169) Phase 1: Mark live objects 13.459ms
[188.766s][info][gc,phases,start] GC(169) Phase 2: Compute new object addresses
[188.829s][info][gc,phases      ] GC(169) Phase 2: Compute new object addresses 63.231ms
[188.829s][info][gc,phases,start] GC(169) Phase 3: Adjust pointers
[188.833s][info][gc,phases      ] GC(169) Phase 3: Adjust pointers 3.498ms
[188.833s][info][gc,phases,start] GC(169) Phase 4: Move objects
[188.833s][info][gc,phases      ] GC(169) Phase 4: Move objects 0.011ms
[188.833s][info][gc,heap        ] GC(169) DefNew: 238626K(314560K)->0K(314560K) Eden: 237484K(279616K)->0K(279616K) From: 1142K(34944K)->0K(34944K)
[188.833s][info][gc,heap        ] GC(169) Tenured: 4079K(699072K)->4079K(699072K)
[188.833s][info][gc,metaspace   ] GC(169) Metaspace: 9941K(10304K)->9941K(10304K) NonClass: 8637K(8832K)->8637K(8832K) Class: 1303K(1472K)->1303K(1472K)
[188.833s][info][gc             ] GC(169) Pause Full (System.gc()) 237M->3M(989M) 80.620ms
[188.833s][info][gc,cpu         ] GC(169) User=0.08s Sys=0.00s Real=0.08s
[189.974s][info][gc,start       ] GC(170) Pause Young (Allocation Failure)
[189.978s][info][gc,heap        ] GC(170) DefNew: 279616K(314560K)->1194K(314560K) Eden: 279616K(279616K)->0K(279616K) From: 0K(34944K)->1194K(34944K)
[189.978s][info][gc,heap        ] GC(170) Tenured: 4079K(699072K)->4079K(699072K)
[189.978s][info][gc,metaspace   ] GC(170) Metaspace: 9941K(10304K)->9941K(10304K) NonClass: 8637K(8832K)->8637K(8832K) Class: 1303K(1472K)->1303K(1472K)
[189.978s][info][gc             ] GC(170) Pause Young (Allocation Failure) 277M->5M(989M) 4.375ms
[189.978s][info][gc,cpu         ] GC(170) User=0.02s Sys=0.00s Real=0.01s
[191.112s][info][gc,start       ] GC(171) Pause Young (Allocation Failure)
[191.115s][info][gc,heap        ] GC(171) DefNew: 280810K(314560K)->1227K(314560K) Eden: 279616K(279616K)->0K(279616K) From: 1194K(34944K)->1227K(34944K)
[191.116s][info][gc,heap        ] GC(171) Tenured: 4079K(699072K)->4079K(699072K)
[191.116s][info][gc,metaspace   ] GC(171) Metaspace: 9941K(10304K)->9941K(10304K) NonClass: 8637K(8832K)->8637K(8832K) Class: 1303K(1472K)->1303K(1472K)
[191.116s][info][gc             ] GC(171) Pause Young (Allocation Failure) 278M->5M(989M) 4.157ms
[191.116s][info][gc,cpu         ] GC(171) User=0.02s Sys=0.00s Real=0.02s
[192.246s][info][gc,start       ] GC(172) Pause Young (Allocation Failure)
[192.249s][info][gc,heap        ] GC(172) DefNew: 280843K(314560K)->1209K(314560K) Eden: 279616K(279616K)->0K(279616K) From: 1227K(34944K)->1209K(34944K)
[192.250s][info][gc,heap        ] GC(172) Tenured: 4079K(699072K)->4079K(699072K)
[192.250s][info][gc,metaspace   ] GC(172) Metaspace: 9941K(10304K)->9941K(10304K) NonClass: 8637K(8832K)->8637K(8832K) Class: 1303K(1472K)->1303K(1472K)
[192.250s][info][gc             ] GC(172) Pause Young (Allocation Failure) 278M->5M(989M) 3.961ms
[192.250s][info][gc,cpu         ] GC(172) User=0.00s Sys=0.00s Real=0.00s
[193.372s][info][gc,start       ] GC(173) Pause Young (Allocation Failure)
[193.375s][info][gc,heap        ] GC(173) DefNew: 280825K(314560K)->1236K(314560K) Eden: 279616K(279616K)->0K(279616K) From: 1209K(34944K)->1236K(34944K)
[193.375s][info][gc,heap        ] GC(173) Tenured: 4079K(699072K)->4079K(699072K)
[193.375s][info][gc,metaspace   ] GC(173) Metaspace: 9941K(10304K)->9941K(10304K) NonClass: 8637K(8832K)->8637K(8832K) Class: 1303K(1472K)->1303K(1472K)
[193.375s][info][gc             ] GC(173) Pause Young (Allocation Failure) 278M->5M(989M) 3.861ms
[193.375s][info][gc,cpu         ] GC(173) User=0.00s Sys=0.00s Real=0.00s
[194.491s][info][gc,start       ] GC(174) Pause Young (Allocation Failure)
[194.495s][info][gc,heap        ] GC(174) DefNew: 280852K(314560K)->1312K(314560K) Eden: 279616K(279616K)->0K(279616K) From: 1236K(34944K)->1312K(34944K)
[194.495s][info][gc,heap        ] GC(174) Tenured: 4079K(699072K)->4079K(699072K)
[194.495s][info][gc,metaspace   ] GC(174) Metaspace: 9941K(10304K)->9941K(10304K) NonClass: 8637K(8832K)->8637K(8832K) Class: 1303K(1472K)->1303K(1472K)
[194.495s][info][gc             ] GC(174) Pause Young (Allocation Failure) 278M->5M(989M) 4.172ms
[194.495s][info][gc,cpu         ] GC(174) User=0.00s Sys=0.00s Real=0.00s
[195.436s][info][gc,start       ] GC(175) Pause Full (System.gc())
[195.436s][info][gc,phases,start] GC(175) Phase 1: Mark live objects
[195.449s][info][gc,phases      ] GC(175) Phase 1: Mark live objects 13.325ms
[195.449s][info][gc,phases,start] GC(175) Phase 2: Compute new object addresses
[195.512s][info][gc,phases      ] GC(175) Phase 2: Compute new object addresses 62.682ms
[195.512s][info][gc,phases,start] GC(175) Phase 3: Adjust pointers
[195.515s][info][gc,phases      ] GC(175) Phase 3: Adjust pointers 3.509ms
[195.516s][info][gc,phases,start] GC(175) Phase 4: Move objects
[195.516s][info][gc,phases      ] GC(175) Phase 4: Move objects 0.012ms
[195.516s][info][gc,heap        ] GC(175) DefNew: 235018K(314560K)->0K(314560K) Eden: 233705K(279616K)->0K(279616K) From: 1312K(34944K)->0K(34944K)
[195.516s][info][gc,heap        ] GC(175) Tenured: 4079K(699072K)->4079K(699072K)
[195.516s][info][gc,metaspace   ] GC(175) Metaspace: 9942K(10304K)->9942K(10304K) NonClass: 8639K(8832K)->8639K(8832K) Class: 1303K(1472K)->1303K(1472K)
[195.516s][info][gc             ] GC(175) Pause Full (System.gc()) 233M->3M(989M) 79.949ms
[195.516s][info][gc,cpu         ] GC(175) User=0.08s Sys=0.00s Real=0.08s
[196.619s][info][gc,start       ] GC(176) Pause Young (Allocation Failure)
[196.624s][info][gc,heap        ] GC(176) DefNew: 279616K(314560K)->1212K(314560K) Eden: 279616K(279616K)->0K(279616K) From: 0K(34944K)->1212K(34944K)
[196.624s][info][gc,heap        ] GC(176) Tenured: 4079K(699072K)->4079K(699072K)
[196.624s][info][gc,metaspace   ] GC(176) Metaspace: 9944K(10304K)->9944K(10304K) NonClass: 8641K(8832K)->8641K(8832K) Class: 1303K(1472K)->1303K(1472K)
[196.624s][info][gc             ] GC(176) Pause Young (Allocation Failure) 277M->5M(989M) 4.337ms
[196.624s][info][gc,cpu         ] GC(176) User=0.00s Sys=0.00s Real=0.00s
[197.778s][info][gc,start       ] GC(177) Pause Young (Allocation Failure)
[197.781s][info][gc,heap        ] GC(177) DefNew: 280828K(314560K)->1218K(314560K) Eden: 279616K(279616K)->0K(279616K) From: 1212K(34944K)->1218K(34944K)
[197.781s][info][gc,heap        ] GC(177) Tenured: 4079K(699072K)->4079K(699072K)
[197.781s][info][gc,metaspace   ] GC(177) Metaspace: 9944K(10304K)->9944K(10304K) NonClass: 8641K(8832K)->8641K(8832K) Class: 1303K(1472K)->1303K(1472K)
[197.781s][info][gc             ] GC(177) Pause Young (Allocation Failure) 278M->5M(989M) 3.939ms
[197.782s][info][gc,cpu         ] GC(177) User=0.00s Sys=0.00s Real=0.00s
[198.906s][info][gc,start       ] GC(178) Pause Young (Allocation Failure)
[198.910s][info][gc,heap        ] GC(178) DefNew: 280834K(314560K)->1318K(314560K) Eden: 279616K(279616K)->0K(279616K) From: 1218K(34944K)->1318K(34944K)
[198.910s][info][gc,heap        ] GC(178) Tenured: 4079K(699072K)->4079K(699072K)
[198.911s][info][gc,metaspace   ] GC(178) Metaspace: 9944K(10304K)->9944K(10304K) NonClass: 8641K(8832K)->8641K(8832K) Class: 1303K(1472K)->1303K(1472K)
[198.911s][info][gc             ] GC(178) Pause Young (Allocation Failure) 278M->5M(989M) 4.217ms
[198.911s][info][gc,cpu         ] GC(178) User=0.02s Sys=0.00s Real=0.01s
[200.038s][info][gc,start       ] GC(179) Pause Young (Allocation Failure)
[200.042s][info][gc,heap        ] GC(179) DefNew: 280934K(314560K)->1290K(314560K) Eden: 279616K(279616K)->0K(279616K) From: 1318K(34944K)->1290K(34944K)
[200.042s][info][gc,heap        ] GC(179) Tenured: 4079K(699072K)->4079K(699072K)
[200.043s][info][gc,metaspace   ] GC(179) Metaspace: 9944K(10304K)->9944K(10304K) NonClass: 8641K(8832K)->8641K(8832K) Class: 1303K(1472K)->1303K(1472K)
[200.043s][info][gc             ] GC(179) Pause Young (Allocation Failure) 278M->5M(989M) 4.136ms
[200.043s][info][gc,cpu         ] GC(179) User=0.00s Sys=0.00s Real=0.00s
[201.175s][info][gc,start       ] GC(180) Pause Young (Allocation Failure)
[201.179s][info][gc,heap        ] GC(180) DefNew: 280906K(314560K)->1250K(314560K) Eden: 279616K(279616K)->0K(279616K) From: 1290K(34944K)->1250K(34944K)
[201.179s][info][gc,heap        ] GC(180) Tenured: 4079K(699072K)->4079K(699072K)
[201.179s][info][gc,metaspace   ] GC(180) Metaspace: 9944K(10304K)->9944K(10304K) NonClass: 8641K(8832K)->8641K(8832K) Class: 1303K(1472K)->1303K(1472K)
[201.179s][info][gc             ] GC(180) Pause Young (Allocation Failure) 278M->5M(989M) 3.977ms
[201.180s][info][gc,cpu         ] GC(180) User=0.00s Sys=0.00s Real=0.00s
[202.114s][info][gc,start       ] GC(181) Pause Full (System.gc())
[202.114s][info][gc,phases,start] GC(181) Phase 1: Mark live objects
[202.128s][info][gc,phases      ] GC(181) Phase 1: Mark live objects 14.210ms
[202.128s][info][gc,phases,start] GC(181) Phase 2: Compute new object addresses
[202.194s][info][gc,phases      ] GC(181) Phase 2: Compute new object addresses 65.761ms
[202.194s][info][gc,phases,start] GC(181) Phase 3: Adjust pointers
[202.198s][info][gc,phases      ] GC(181) Phase 3: Adjust pointers 3.712ms
[202.198s][info][gc,phases,start] GC(181) Phase 4: Move objects
[202.198s][info][gc,phases      ] GC(181) Phase 4: Move objects 0.013ms
[202.198s][info][gc,heap        ] GC(181) DefNew: 236462K(314560K)->0K(314560K) Eden: 235211K(279616K)->0K(279616K) From: 1250K(34944K)->0K(34944K)
[202.198s][info][gc,heap        ] GC(181) Tenured: 4079K(699072K)->4079K(699072K)
[202.198s][info][gc,metaspace   ] GC(181) Metaspace: 9946K(10304K)->9946K(10304K) NonClass: 8643K(8832K)->8643K(8832K) Class: 1303K(1472K)->1303K(1472K)
[202.198s][info][gc             ] GC(181) Pause Full (System.gc()) 234M->3M(989M) 84.145ms
[202.198s][info][gc,cpu         ] GC(181) User=0.08s Sys=0.00s Real=0.08s
[203.331s][info][gc,start       ] GC(182) Pause Young (Allocation Failure)
[203.335s][info][gc,heap        ] GC(182) DefNew: 279616K(314560K)->1283K(314560K) Eden: 279616K(279616K)->0K(279616K) From: 0K(34944K)->1283K(34944K)
[203.335s][info][gc,heap        ] GC(182) Tenured: 4079K(699072K)->4079K(699072K)
[203.336s][info][gc,metaspace   ] GC(182) Metaspace: 9947K(10304K)->9947K(10304K) NonClass: 8643K(8832K)->8643K(8832K) Class: 1303K(1472K)->1303K(1472K)
[203.336s][info][gc             ] GC(182) Pause Young (Allocation Failure) 277M->5M(989M) 4.472ms
[203.336s][info][gc,cpu         ] GC(182) User=0.02s Sys=0.00s Real=0.02s
[204.482s][info][gc,start       ] GC(183) Pause Young (Allocation Failure)
[204.486s][info][gc,heap        ] GC(183) DefNew: 280899K(314560K)->1219K(314560K) Eden: 279616K(279616K)->0K(279616K) From: 1283K(34944K)->1219K(34944K)
[204.486s][info][gc,heap        ] GC(183) Tenured: 4079K(699072K)->4079K(699072K)
[204.486s][info][gc,metaspace   ] GC(183) Metaspace: 9947K(10304K)->9947K(10304K) NonClass: 8643K(8832K)->8643K(8832K) Class: 1303K(1472K)->1303K(1472K)
[204.487s][info][gc             ] GC(183) Pause Young (Allocation Failure) 278M->5M(989M) 4.088ms
[204.487s][info][gc,cpu         ] GC(183) User=0.00s Sys=0.00s Real=0.00s
[205.609s][info][gc,start       ] GC(184) Pause Young (Allocation Failure)
[205.613s][info][gc,heap        ] GC(184) DefNew: 280835K(314560K)->1306K(314560K) Eden: 279616K(279616K)->0K(279616K) From: 1219K(34944K)->1306K(34944K)
[205.613s][info][gc,heap        ] GC(184) Tenured: 4079K(699072K)->4079K(699072K)
[205.613s][info][gc,metaspace   ] GC(184) Metaspace: 9947K(10304K)->9947K(10304K) NonClass: 8643K(8832K)->8643K(8832K) Class: 1303K(1472K)->1303K(1472K)
[205.613s][info][gc             ] GC(184) Pause Young (Allocation Failure) 278M->5M(989M) 4.116ms
[205.613s][info][gc,cpu         ] GC(184) User=0.00s Sys=0.00s Real=0.00s
[206.763s][info][gc,start       ] GC(185) Pause Young (Allocation Failure)
[206.767s][info][gc,heap        ] GC(185) DefNew: 280922K(314560K)->1238K(314560K) Eden: 279616K(279616K)->0K(279616K) From: 1306K(34944K)->1238K(34944K)
[206.767s][info][gc,heap        ] GC(185) Tenured: 4079K(699072K)->4079K(699072K)
[206.767s][info][gc,metaspace   ] GC(185) Metaspace: 9947K(10304K)->9947K(10304K) NonClass: 8643K(8832K)->8643K(8832K) Class: 1303K(1472K)->1303K(1472K)
[206.767s][info][gc             ] GC(185) Pause Young (Allocation Failure) 278M->5M(989M) 4.234ms
[206.767s][info][gc,cpu         ] GC(185) User=0.00s Sys=0.00s Real=0.00s
[207.902s][info][gc,start       ] GC(186) Pause Young (Allocation Failure)
[207.906s][info][gc,heap        ] GC(186) DefNew: 280854K(314560K)->1277K(314560K) Eden: 279616K(279616K)->0K(279616K) From: 1238K(34944K)->1277K(34944K)
[207.906s][info][gc,heap        ] GC(186) Tenured: 4079K(699072K)->4079K(699072K)
[207.906s][info][gc,metaspace   ] GC(186) Metaspace: 9947K(10304K)->9947K(10304K) NonClass: 8643K(8832K)->8643K(8832K) Class: 1303K(1472K)->1303K(1472K)
[207.906s][info][gc             ] GC(186) Pause Young (Allocation Failure) 278M->5M(989M) 3.995ms
[207.906s][info][gc,cpu         ] GC(186) User=0.02s Sys=0.00s Real=0.02s
[208.886s][info][gc,start       ] GC(187) Pause Full (System.gc())
[208.887s][info][gc,phases,start] GC(187) Phase 1: Mark live objects
[208.900s][info][gc,phases      ] GC(187) Phase 1: Mark live objects 13.092ms
[208.900s][info][gc,phases,start] GC(187) Phase 2: Compute new object addresses
[208.964s][info][gc,phases      ] GC(187) Phase 2: Compute new object addresses 64.403ms
[208.964s][info][gc,phases,start] GC(187) Phase 3: Adjust pointers
[208.968s][info][gc,phases      ] GC(187) Phase 3: Adjust pointers 3.624ms
[208.968s][info][gc,phases,start] GC(187) Phase 4: Move objects
[208.968s][info][gc,phases      ] GC(187) Phase 4: Move objects 0.013ms
[208.968s][info][gc,heap        ] GC(187) DefNew: 240721K(314560K)->0K(314560K) Eden: 239444K(279616K)->0K(279616K) From: 1277K(34944K)->0K(34944K)
[208.968s][info][gc,heap        ] GC(187) Tenured: 4079K(699072K)->4079K(699072K)
[208.968s][info][gc,metaspace   ] GC(187) Metaspace: 9948K(10368K)->9948K(10368K) NonClass: 8645K(8896K)->8645K(8896K) Class: 1303K(1472K)->1303K(1472K)
[208.968s][info][gc             ] GC(187) Pause Full (System.gc()) 239M->3M(989M) 81.558ms
[208.968s][info][gc,cpu         ] GC(187) User=0.08s Sys=0.00s Real=0.08s
[210.117s][info][gc,start       ] GC(188) Pause Young (Allocation Failure)
[210.121s][info][gc,heap        ] GC(188) DefNew: 279616K(314560K)->1243K(314560K) Eden: 279616K(279616K)->0K(279616K) From: 0K(34944K)->1243K(34944K)
[210.121s][info][gc,heap        ] GC(188) Tenured: 4079K(699072K)->4079K(699072K)
[210.121s][info][gc,metaspace   ] GC(188) Metaspace: 9948K(10368K)->9948K(10368K) NonClass: 8645K(8896K)->8645K(8896K) Class: 1303K(1472K)->1303K(1472K)
[210.121s][info][gc             ] GC(188) Pause Young (Allocation Failure) 277M->5M(989M) 4.465ms
[210.122s][info][gc,cpu         ] GC(188) User=0.02s Sys=0.00s Real=0.02s
[211.252s][info][gc,start       ] GC(189) Pause Young (Allocation Failure)
[211.256s][info][gc,heap        ] GC(189) DefNew: 280859K(314560K)->1214K(314560K) Eden: 279616K(279616K)->0K(279616K) From: 1243K(34944K)->1214K(34944K)
[211.256s][info][gc,heap        ] GC(189) Tenured: 4079K(699072K)->4079K(699072K)
[211.256s][info][gc,metaspace   ] GC(189) Metaspace: 9948K(10368K)->9948K(10368K) NonClass: 8645K(8896K)->8645K(8896K) Class: 1303K(1472K)->1303K(1472K)
[211.256s][info][gc             ] GC(189) Pause Young (Allocation Failure) 278M->5M(989M) 3.928ms
[211.256s][info][gc,cpu         ] GC(189) User=0.00s Sys=0.00s Real=0.00s
[212.372s][info][gc,start       ] GC(190) Pause Young (Allocation Failure)
[212.375s][info][gc,heap        ] GC(190) DefNew: 280830K(314560K)->1194K(314560K) Eden: 279616K(279616K)->0K(279616K) From: 1214K(34944K)->1194K(34944K)
[212.375s][info][gc,heap        ] GC(190) Tenured: 4079K(699072K)->4079K(699072K)
[212.375s][info][gc,metaspace   ] GC(190) Metaspace: 9948K(10368K)->9948K(10368K) NonClass: 8645K(8896K)->8645K(8896K) Class: 1303K(1472K)->1303K(1472K)
[212.376s][info][gc             ] GC(190) Pause Young (Allocation Failure) 278M->5M(989M) 3.882ms
[212.376s][info][gc,cpu         ] GC(190) User=0.00s Sys=0.00s Real=0.00s
[213.506s][info][gc,start       ] GC(191) Pause Young (Allocation Failure)
[213.510s][info][gc,heap        ] GC(191) DefNew: 280810K(314560K)->1250K(314560K) Eden: 279616K(279616K)->0K(279616K) From: 1194K(34944K)->1250K(34944K)
[213.510s][info][gc,heap        ] GC(191) Tenured: 4079K(699072K)->4079K(699072K)
[213.510s][info][gc,metaspace   ] GC(191) Metaspace: 9948K(10368K)->9948K(10368K) NonClass: 8645K(8896K)->8645K(8896K) Class: 1303K(1472K)->1303K(1472K)
[213.510s][info][gc             ] GC(191) Pause Young (Allocation Failure) 278M->5M(989M) 4.059ms
[213.510s][info][gc,cpu         ] GC(191) User=0.00s Sys=0.00s Real=0.00s
[214.642s][info][gc,start       ] GC(192) Pause Young (Allocation Failure)
[214.646s][info][gc,heap        ] GC(192) DefNew: 280866K(314560K)->1267K(314560K) Eden: 279616K(279616K)->0K(279616K) From: 1250K(34944K)->1267K(34944K)
[214.646s][info][gc,heap        ] GC(192) Tenured: 4079K(699072K)->4079K(699072K)
[214.646s][info][gc,metaspace   ] GC(192) Metaspace: 9948K(10368K)->9948K(10368K) NonClass: 8645K(8896K)->8645K(8896K) Class: 1303K(1472K)->1303K(1472K)
[214.646s][info][gc             ] GC(192) Pause Young (Allocation Failure) 278M->5M(989M) 4.032ms
[214.646s][info][gc,cpu         ] GC(192) User=0.00s Sys=0.00s Real=0.00s
[215.576s][info][gc,start       ] GC(193) Pause Full (System.gc())
[215.576s][info][gc,phases,start] GC(193) Phase 1: Mark live objects
[215.590s][info][gc,phases      ] GC(193) Phase 1: Mark live objects 14.149ms
[215.590s][info][gc,phases,start] GC(193) Phase 2: Compute new object addresses
[215.654s][info][gc,phases      ] GC(193) Phase 2: Compute new object addresses 63.263ms
[215.654s][info][gc,phases,start] GC(193) Phase 3: Adjust pointers
[215.657s][info][gc,phases      ] GC(193) Phase 3: Adjust pointers 3.699ms
[215.657s][info][gc,phases,start] GC(193) Phase 4: Move objects
[215.657s][info][gc,phases      ] GC(193) Phase 4: Move objects 0.012ms
[215.657s][info][gc,heap        ] GC(193) DefNew: 231183K(314560K)->0K(314560K) Eden: 229916K(279616K)->0K(279616K) From: 1267K(34944K)->0K(34944K)
[215.657s][info][gc,heap        ] GC(193) Tenured: 4079K(699072K)->4079K(699072K)
[215.658s][info][gc,metaspace   ] GC(193) Metaspace: 9948K(10368K)->9948K(10368K) NonClass: 8645K(8896K)->8645K(8896K) Class: 1303K(1472K)->1303K(1472K)
[215.658s][info][gc             ] GC(193) Pause Full (System.gc()) 229M->3M(989M) 81.577ms
[215.658s][info][gc,cpu         ] GC(193) User=0.08s Sys=0.00s Real=0.08s
[216.789s][info][gc,start       ] GC(194) Pause Young (Allocation Failure)
[216.793s][info][gc,heap        ] GC(194) DefNew: 279616K(314560K)->1145K(314560K) Eden: 279616K(279616K)->0K(279616K) From: 0K(34944K)->1145K(34944K)
[216.794s][info][gc,heap        ] GC(194) Tenured: 4079K(699072K)->4079K(699072K)
[216.794s][info][gc,metaspace   ] GC(194) Metaspace: 9948K(10368K)->9948K(10368K) NonClass: 8645K(8896K)->8645K(8896K) Class: 1303K(1472K)->1303K(1472K)
[216.794s][info][gc             ] GC(194) Pause Young (Allocation Failure) 277M->5M(989M) 4.244ms
[216.794s][info][gc,cpu         ] GC(194) User=0.02s Sys=0.00s Real=0.02s
[217.911s][info][gc,start       ] GC(195) Pause Young (Allocation Failure)
[217.915s][info][gc,heap        ] GC(195) DefNew: 280761K(314560K)->1141K(314560K) Eden: 279616K(279616K)->0K(279616K) From: 1145K(34944K)->1141K(34944K)
[217.915s][info][gc,heap        ] GC(195) Tenured: 4079K(699072K)->4079K(699072K)
[217.915s][info][gc,metaspace   ] GC(195) Metaspace: 9948K(10368K)->9948K(10368K) NonClass: 8645K(8896K)->8645K(8896K) Class: 1303K(1472K)->1303K(1472K)
[217.915s][info][gc             ] GC(195) Pause Young (Allocation Failure) 278M->5M(989M) 4.174ms
[217.915s][info][gc,cpu         ] GC(195) User=0.02s Sys=0.00s Real=0.02s
[219.055s][info][gc,start       ] GC(196) Pause Young (Allocation Failure)
[219.059s][info][gc,heap        ] GC(196) DefNew: 280757K(314560K)->1185K(314560K) Eden: 279616K(279616K)->0K(279616K) From: 1141K(34944K)->1185K(34944K)
[219.059s][info][gc,heap        ] GC(196) Tenured: 4079K(699072K)->4079K(699072K)
[219.059s][info][gc,metaspace   ] GC(196) Metaspace: 9948K(10368K)->9948K(10368K) NonClass: 8645K(8896K)->8645K(8896K) Class: 1303K(1472K)->1303K(1472K)
[219.059s][info][gc             ] GC(196) Pause Young (Allocation Failure) 278M->5M(989M) 3.926ms
[219.059s][info][gc,cpu         ] GC(196) User=0.00s Sys=0.00s Real=0.00s
[220.172s][info][gc,start       ] GC(197) Pause Young (Allocation Failure)
[220.176s][info][gc,heap        ] GC(197) DefNew: 280801K(314560K)->1225K(314560K) Eden: 279616K(279616K)->0K(279616K) From: 1185K(34944K)->1225K(34944K)
[220.176s][info][gc,heap        ] GC(197) Tenured: 4079K(699072K)->4079K(699072K)
[220.176s][info][gc,metaspace   ] GC(197) Metaspace: 9948K(10368K)->9948K(10368K) NonClass: 8645K(8896K)->8645K(8896K) Class: 1303K(1472K)->1303K(1472K)
[220.176s][info][gc             ] GC(197) Pause Young (Allocation Failure) 278M->5M(989M) 3.887ms
[220.176s][info][gc,cpu         ] GC(197) User=0.02s Sys=0.00s Real=0.01s
[221.311s][info][gc,start       ] GC(198) Pause Young (Allocation Failure)
[221.315s][info][gc,heap        ] GC(198) DefNew: 280841K(314560K)->1249K(314560K) Eden: 279616K(279616K)->0K(279616K) From: 1225K(34944K)->1249K(34944K)
[221.315s][info][gc,heap        ] GC(198) Tenured: 4079K(699072K)->4079K(699072K)
[221.315s][info][gc,metaspace   ] GC(198) Metaspace: 9948K(10368K)->9948K(10368K) NonClass: 8645K(8896K)->8645K(8896K) Class: 1303K(1472K)->1303K(1472K)
[221.315s][info][gc             ] GC(198) Pause Young (Allocation Failure) 278M->5M(989M) 4.057ms
[221.315s][info][gc,cpu         ] GC(198) User=0.02s Sys=0.00s Real=0.02s
[222.265s][info][gc,start       ] GC(199) Pause Full (System.gc())
[222.265s][info][gc,phases,start] GC(199) Phase 1: Mark live objects
[222.278s][info][gc,phases      ] GC(199) Phase 1: Mark live objects 13.196ms
[222.278s][info][gc,phases,start] GC(199) Phase 2: Compute new object addresses
[222.341s][info][gc,phases      ] GC(199) Phase 2: Compute new object addresses 62.534ms
[222.341s][info][gc,phases,start] GC(199) Phase 3: Adjust pointers
[222.344s][info][gc,phases      ] GC(199) Phase 3: Adjust pointers 3.582ms
[222.344s][info][gc,phases,start] GC(199) Phase 4: Move objects
[222.344s][info][gc,phases      ] GC(199) Phase 4: Move objects 0.012ms
[222.344s][info][gc,heap        ] GC(199) DefNew: 235352K(314560K)->0K(314560K) Eden: 234103K(279616K)->0K(279616K) From: 1249K(34944K)->0K(34944K)
[222.344s][info][gc,heap        ] GC(199) Tenured: 4079K(699072K)->4079K(699072K)
[222.344s][info][gc,metaspace   ] GC(199) Metaspace: 9948K(10368K)->9948K(10368K) NonClass: 8645K(8896K)->8645K(8896K) Class: 1303K(1472K)->1303K(1472K)
[222.344s][info][gc             ] GC(199) Pause Full (System.gc()) 233M->3M(989M) 79.750ms
[222.345s][info][gc,cpu         ] GC(199) User=0.08s Sys=0.00s Real=0.08s
[223.489s][info][gc,start       ] GC(200) Pause Young (Allocation Failure)
[223.493s][info][gc,heap        ] GC(200) DefNew: 279616K(314560K)->1344K(314560K) Eden: 279616K(279616K)->0K(279616K) From: 0K(34944K)->1344K(34944K)
[223.493s][info][gc,heap        ] GC(200) Tenured: 4079K(699072K)->4079K(699072K)
[223.493s][info][gc,metaspace   ] GC(200) Metaspace: 9948K(10368K)->9948K(10368K) NonClass: 8645K(8896K)->8645K(8896K) Class: 1303K(1472K)->1303K(1472K)
[223.494s][info][gc             ] GC(200) Pause Young (Allocation Failure) 277M->5M(989M) 4.718ms
[223.494s][info][gc,cpu         ] GC(200) User=0.00s Sys=0.00s Real=0.00s
[224.616s][info][gc,start       ] GC(201) Pause Young (Allocation Failure)
[224.620s][info][gc,heap        ] GC(201) DefNew: 280960K(314560K)->1201K(314560K) Eden: 279616K(279616K)->0K(279616K) From: 1344K(34944K)->1201K(34944K)
[224.620s][info][gc,heap        ] GC(201) Tenured: 4079K(699072K)->4079K(699072K)
[224.620s][info][gc,metaspace   ] GC(201) Metaspace: 9948K(10368K)->9948K(10368K) NonClass: 8645K(8896K)->8645K(8896K) Class: 1303K(1472K)->1303K(1472K)
[224.620s][info][gc             ] GC(201) Pause Young (Allocation Failure) 278M->5M(989M) 4.066ms
[224.620s][info][gc,cpu         ] GC(201) User=0.00s Sys=0.00s Real=0.00s
[225.750s][info][gc,start       ] GC(202) Pause Young (Allocation Failure)
[225.754s][info][gc,heap        ] GC(202) DefNew: 280817K(314560K)->1211K(314560K) Eden: 279616K(279616K)->0K(279616K) From: 1201K(34944K)->1211K(34944K)
[225.754s][info][gc,heap        ] GC(202) Tenured: 4079K(699072K)->4079K(699072K)
[225.754s][info][gc,metaspace   ] GC(202) Metaspace: 9948K(10368K)->9948K(10368K) NonClass: 8645K(8896K)->8645K(8896K) Class: 1303K(1472K)->1303K(1472K)
[225.754s][info][gc             ] GC(202) Pause Young (Allocation Failure) 278M->5M(989M) 3.896ms
[225.754s][info][gc,cpu         ] GC(202) User=0.02s Sys=0.00s Real=0.02s
[226.897s][info][gc,start       ] GC(203) Pause Young (Allocation Failure)
[226.901s][info][gc,heap        ] GC(203) DefNew: 280827K(314560K)->1170K(314560K) Eden: 279616K(279616K)->0K(279616K) From: 1211K(34944K)->1170K(34944K)
[226.901s][info][gc,heap        ] GC(203) Tenured: 4079K(699072K)->4079K(699072K)
[226.901s][info][gc,metaspace   ] GC(203) Metaspace: 9948K(10368K)->9948K(10368K) NonClass: 8645K(8896K)->8645K(8896K) Class: 1303K(1472K)->1303K(1472K)
[226.901s][info][gc             ] GC(203) Pause Young (Allocation Failure) 278M->5M(989M) 3.803ms
[226.901s][info][gc,cpu         ] GC(203) User=0.00s Sys=0.00s Real=0.00s
[228.041s][info][gc,start       ] GC(204) Pause Young (Allocation Failure)
[228.045s][info][gc,heap        ] GC(204) DefNew: 280786K(314560K)->1280K(314560K) Eden: 279616K(279616K)->0K(279616K) From: 1170K(34944K)->1280K(34944K)
[228.045s][info][gc,heap        ] GC(204) Tenured: 4079K(699072K)->4079K(699072K)
[228.045s][info][gc,metaspace   ] GC(204) Metaspace: 9948K(10368K)->9948K(10368K) NonClass: 8645K(8896K)->8645K(8896K) Class: 1303K(1472K)->1303K(1472K)
[228.045s][info][gc             ] GC(204) Pause Young (Allocation Failure) 278M->5M(989M) 4.090ms
[228.045s][info][gc,cpu         ] GC(204) User=0.00s Sys=0.00s Real=0.00s
[228.980s][info][gc,start       ] GC(205) Pause Full (System.gc())
[228.980s][info][gc,phases,start] GC(205) Phase 1: Mark live objects
[228.993s][info][gc,phases      ] GC(205) Phase 1: Mark live objects 13.556ms
[228.994s][info][gc,phases,start] GC(205) Phase 2: Compute new object addresses
[229.056s][info][gc,phases      ] GC(205) Phase 2: Compute new object addresses 62.175ms
[229.056s][info][gc,phases,start] GC(205) Phase 3: Adjust pointers
[229.059s][info][gc,phases      ] GC(205) Phase 3: Adjust pointers 3.638ms
[229.059s][info][gc,phases,start] GC(205) Phase 4: Move objects
[229.059s][info][gc,phases      ] GC(205) Phase 4: Move objects 0.011ms
[229.059s][info][gc,heap        ] GC(205) DefNew: 230565K(314560K)->0K(314560K) Eden: 229284K(279616K)->0K(279616K) From: 1280K(34944K)->0K(34944K)
[229.059s][info][gc,heap        ] GC(205) Tenured: 4079K(699072K)->4079K(699072K)
[229.059s][info][gc,metaspace   ] GC(205) Metaspace: 9948K(10368K)->9948K(10368K) NonClass: 8645K(8896K)->8645K(8896K) Class: 1303K(1472K)->1303K(1472K)
[229.060s][info][gc             ] GC(205) Pause Full (System.gc()) 229M->3M(989M) 79.818ms
[229.060s][info][gc,cpu         ] GC(205) User=0.08s Sys=0.00s Real=0.08s
[230.199s][info][gc,start       ] GC(206) Pause Young (Allocation Failure)
[230.203s][info][gc,heap        ] GC(206) DefNew: 279616K(314560K)->1193K(314560K) Eden: 279616K(279616K)->0K(279616K) From: 0K(34944K)->1193K(34944K)
[230.203s][info][gc,heap        ] GC(206) Tenured: 4079K(699072K)->4079K(699072K)
[230.203s][info][gc,metaspace   ] GC(206) Metaspace: 9948K(10368K)->9948K(10368K) NonClass: 8645K(8896K)->8645K(8896K) Class: 1303K(1472K)->1303K(1472K)
[230.203s][info][gc             ] GC(206) Pause Young (Allocation Failure) 277M->5M(989M) 3.839ms
[230.203s][info][gc,cpu         ] GC(206) User=0.00s Sys=0.00s Real=0.00s
[231.357s][info][gc,start       ] GC(207) Pause Young (Allocation Failure)
[231.361s][info][gc,heap        ] GC(207) DefNew: 280809K(314560K)->1306K(314560K) Eden: 279616K(279616K)->0K(279616K) From: 1193K(34944K)->1306K(34944K)
[231.361s][info][gc,heap        ] GC(207) Tenured: 4079K(699072K)->4079K(699072K)
[231.361s][info][gc,metaspace   ] GC(207) Metaspace: 9948K(10368K)->9948K(10368K) NonClass: 8645K(8896K)->8645K(8896K) Class: 1303K(1472K)->1303K(1472K)
[231.361s][info][gc             ] GC(207) Pause Young (Allocation Failure) 278M->5M(989M) 4.454ms
[231.361s][info][gc,cpu         ] GC(207) User=0.02s Sys=0.00s Real=0.02s
[232.504s][info][gc,start       ] GC(208) Pause Young (Allocation Failure)
[232.508s][info][gc,heap        ] GC(208) DefNew: 280922K(314560K)->1358K(314560K) Eden: 279616K(279616K)->0K(279616K) From: 1306K(34944K)->1358K(34944K)
[232.509s][info][gc,heap        ] GC(208) Tenured: 4079K(699072K)->4079K(699072K)
[232.509s][info][gc,metaspace   ] GC(208) Metaspace: 9948K(10368K)->9948K(10368K) NonClass: 8645K(8896K)->8645K(8896K) Class: 1303K(1472K)->1303K(1472K)
[232.509s][info][gc             ] GC(208) Pause Young (Allocation Failure) 278M->5M(989M) 4.277ms
[232.509s][info][gc,cpu         ] GC(208) User=0.00s Sys=0.00s Real=0.00s
[233.653s][info][gc,start       ] GC(209) Pause Young (Allocation Failure)
[233.657s][info][gc,heap        ] GC(209) DefNew: 280974K(314560K)->1329K(314560K) Eden: 279616K(279616K)->0K(279616K) From: 1358K(34944K)->1329K(34944K)
[233.657s][info][gc,heap        ] GC(209) Tenured: 4079K(699072K)->4079K(699072K)
[233.657s][info][gc,metaspace   ] GC(209) Metaspace: 9948K(10368K)->9948K(10368K) NonClass: 8645K(8896K)->8645K(8896K) Class: 1303K(1472K)->1303K(1472K)
[233.657s][info][gc             ] GC(209) Pause Young (Allocation Failure) 278M->5M(989M) 4.282ms
[233.658s][info][gc,cpu         ] GC(209) User=0.00s Sys=0.00s Real=0.00s
[234.784s][info][gc,start       ] GC(210) Pause Young (Allocation Failure)
[234.788s][info][gc,heap        ] GC(210) DefNew: 280945K(314560K)->1249K(314560K) Eden: 279616K(279616K)->0K(279616K) From: 1329K(34944K)->1249K(34944K)
[234.788s][info][gc,heap        ] GC(210) Tenured: 4079K(699072K)->4079K(699072K)
[234.788s][info][gc,metaspace   ] GC(210) Metaspace: 9948K(10368K)->9948K(10368K) NonClass: 8645K(8896K)->8645K(8896K) Class: 1303K(1472K)->1303K(1472K)
[234.788s][info][gc             ] GC(210) Pause Young (Allocation Failure) 278M->5M(989M) 3.838ms
[234.788s][info][gc,cpu         ] GC(210) User=0.00s Sys=0.00s Real=0.00s
[235.748s][info][gc,start       ] GC(211) Pause Full (System.gc())
[235.748s][info][gc,phases,start] GC(211) Phase 1: Mark live objects
[235.762s][info][gc,phases      ] GC(211) Phase 1: Mark live objects 13.681ms
[235.762s][info][gc,phases,start] GC(211) Phase 2: Compute new object addresses
[235.828s][info][gc,phases      ] GC(211) Phase 2: Compute new object addresses 65.720ms
[235.828s][info][gc,phases,start] GC(211) Phase 3: Adjust pointers
[235.831s][info][gc,phases      ] GC(211) Phase 3: Adjust pointers 3.738ms
[235.831s][info][gc,phases,start] GC(211) Phase 4: Move objects
[235.831s][info][gc,phases      ] GC(211) Phase 4: Move objects 0.015ms
[235.831s][info][gc,heap        ] GC(211) DefNew: 238331K(314560K)->0K(314560K) Eden: 237081K(279616K)->0K(279616K) From: 1249K(34944K)->0K(34944K)
[235.832s][info][gc,heap        ] GC(211) Tenured: 4079K(699072K)->4079K(699072K)
[235.832s][info][gc,metaspace   ] GC(211) Metaspace: 9948K(10368K)->9948K(10368K) NonClass: 8645K(8896K)->8645K(8896K) Class: 1303K(1472K)->1303K(1472K)
[235.832s][info][gc             ] GC(211) Pause Full (System.gc()) 236M->3M(989M) 83.590ms
[235.832s][info][gc,cpu         ] GC(211) User=0.08s Sys=0.00s Real=0.08s
[236.948s][info][gc,start       ] GC(212) Pause Young (Allocation Failure)
[236.952s][info][gc,heap        ] GC(212) DefNew: 279616K(314560K)->1126K(314560K) Eden: 279616K(279616K)->0K(279616K) From: 0K(34944K)->1126K(34944K)
[236.952s][info][gc,heap        ] GC(212) Tenured: 4079K(699072K)->4079K(699072K)
[236.952s][info][gc,metaspace   ] GC(212) Metaspace: 9948K(10368K)->9948K(10368K) NonClass: 8645K(8896K)->8645K(8896K) Class: 1303K(1472K)->1303K(1472K)
[236.952s][info][gc             ] GC(212) Pause Young (Allocation Failure) 277M->5M(989M) 4.080ms
[236.952s][info][gc,cpu         ] GC(212) User=0.00s Sys=0.00s Real=0.00s
[238.070s][info][gc,start       ] GC(213) Pause Young (Allocation Failure)
[238.074s][info][gc,heap        ] GC(213) DefNew: 280742K(314560K)->1297K(314560K) Eden: 279616K(279616K)->0K(279616K) From: 1126K(34944K)->1297K(34944K)
[238.074s][info][gc,heap        ] GC(213) Tenured: 4079K(699072K)->4079K(699072K)
[238.074s][info][gc,metaspace   ] GC(213) Metaspace: 9948K(10368K)->9948K(10368K) NonClass: 8645K(8896K)->8645K(8896K) Class: 1303K(1472K)->1303K(1472K)
[238.074s][info][gc             ] GC(213) Pause Young (Allocation Failure) 278M->5M(989M) 4.270ms
[238.074s][info][gc,cpu         ] GC(213) User=0.02s Sys=0.00s Real=0.01s
[239.190s][info][gc,start       ] GC(214) Pause Young (Allocation Failure)
[239.194s][info][gc,heap        ] GC(214) DefNew: 280913K(314560K)->1257K(314560K) Eden: 279616K(279616K)->0K(279616K) From: 1297K(34944K)->1257K(34944K)
[239.194s][info][gc,heap        ] GC(214) Tenured: 4079K(699072K)->4079K(699072K)
[239.194s][info][gc,metaspace   ] GC(214) Metaspace: 9948K(10368K)->9948K(10368K) NonClass: 8645K(8896K)->8645K(8896K) Class: 1303K(1472K)->1303K(1472K)
[239.194s][info][gc             ] GC(214) Pause Young (Allocation Failure) 278M->5M(989M) 4.217ms
[239.194s][info][gc,cpu         ] GC(214) User=0.00s Sys=0.00s Real=0.00s
[240.308s][info][gc,start       ] GC(215) Pause Young (Allocation Failure)
[240.312s][info][gc,heap        ] GC(215) DefNew: 280873K(314560K)->1279K(314560K) Eden: 279616K(279616K)->0K(279616K) From: 1257K(34944K)->1279K(34944K)
[240.312s][info][gc,heap        ] GC(215) Tenured: 4079K(699072K)->4079K(699072K)
[240.312s][info][gc,metaspace   ] GC(215) Metaspace: 9948K(10368K)->9948K(10368K) NonClass: 8645K(8896K)->8645K(8896K) Class: 1303K(1472K)->1303K(1472K)
[240.312s][info][gc             ] GC(215) Pause Young (Allocation Failure) 278M->5M(989M) 3.941ms
[240.312s][info][gc,cpu         ] GC(215) User=0.00s Sys=0.00s Real=0.00s
[241.428s][info][gc,start       ] GC(216) Pause Young (Allocation Failure)
[241.432s][info][gc,heap        ] GC(216) DefNew: 280895K(314560K)->1195K(314560K) Eden: 279616K(279616K)->0K(279616K) From: 1279K(34944K)->1195K(34944K)
[241.432s][info][gc,heap        ] GC(216) Tenured: 4079K(699072K)->4079K(699072K)
[241.432s][info][gc,metaspace   ] GC(216) Metaspace: 9948K(10368K)->9948K(10368K) NonClass: 8645K(8896K)->8645K(8896K) Class: 1303K(1472K)->1303K(1472K)
[241.432s][info][gc             ] GC(216) Pause Young (Allocation Failure) 278M->5M(989M) 3.828ms
[241.432s][info][gc,cpu         ] GC(216) User=0.00s Sys=0.00s Real=0.00s
[242.309s][info][gc,start       ] GC(217) Pause Full (System.gc())
[242.309s][info][gc,phases,start] GC(217) Phase 1: Mark live objects
[242.322s][info][gc,phases      ] GC(217) Phase 1: Mark live objects 13.036ms
[242.322s][info][gc,phases,start] GC(217) Phase 2: Compute new object addresses
[242.382s][info][gc,phases      ] GC(217) Phase 2: Compute new object addresses 60.093ms
[242.382s][info][gc,phases,start] GC(217) Phase 3: Adjust pointers
[242.386s][info][gc,phases      ] GC(217) Phase 3: Adjust pointers 3.602ms
[242.386s][info][gc,phases,start] GC(217) Phase 4: Move objects
[242.386s][info][gc,phases      ] GC(217) Phase 4: Move objects 0.011ms
[242.386s][info][gc,heap        ] GC(217) DefNew: 223348K(314560K)->0K(314560K) Eden: 222153K(279616K)->0K(279616K) From: 1195K(34944K)->0K(34944K)
[242.386s][info][gc,heap        ] GC(217) Tenured: 4079K(699072K)->4079K(699072K)
[242.386s][info][gc,metaspace   ] GC(217) Metaspace: 9948K(10368K)->9948K(10368K) NonClass: 8645K(8896K)->8645K(8896K) Class: 1303K(1472K)->1303K(1472K)
[242.386s][info][gc             ] GC(217) Pause Full (System.gc()) 222M->3M(989M) 77.180ms
[242.386s][info][gc,cpu         ] GC(217) User=0.08s Sys=0.00s Real=0.08s
[243.508s][info][gc,start       ] GC(218) Pause Young (Allocation Failure)
[243.512s][info][gc,heap        ] GC(218) DefNew: 279616K(314560K)->1212K(314560K) Eden: 279616K(279616K)->0K(279616K) From: 0K(34944K)->1212K(34944K)
[243.512s][info][gc,heap        ] GC(218) Tenured: 4079K(699072K)->4079K(699072K)
[243.512s][info][gc,metaspace   ] GC(218) Metaspace: 9948K(10368K)->9948K(10368K) NonClass: 8645K(8896K)->8645K(8896K) Class: 1303K(1472K)->1303K(1472K)
[243.512s][info][gc             ] GC(218) Pause Young (Allocation Failure) 277M->5M(989M) 4.394ms
[243.512s][info][gc,cpu         ] GC(218) User=0.02s Sys=0.00s Real=0.01s
[244.670s][info][gc,start       ] GC(219) Pause Young (Allocation Failure)
[244.673s][info][gc,heap        ] GC(219) DefNew: 280828K(314560K)->1251K(314560K) Eden: 279616K(279616K)->0K(279616K) From: 1212K(34944K)->1251K(34944K)
[244.673s][info][gc,heap        ] GC(219) Tenured: 4079K(699072K)->4079K(699072K)
[244.673s][info][gc,metaspace   ] GC(219) Metaspace: 9948K(10368K)->9948K(10368K) NonClass: 8645K(8896K)->8645K(8896K) Class: 1303K(1472K)->1303K(1472K)
[244.674s][info][gc             ] GC(219) Pause Young (Allocation Failure) 278M->5M(989M) 4.013ms
[244.674s][info][gc,cpu         ] GC(219) User=0.00s Sys=0.00s Real=0.00s
[245.802s][info][gc,start       ] GC(220) Pause Young (Allocation Failure)
[245.806s][info][gc,heap        ] GC(220) DefNew: 280867K(314560K)->1242K(314560K) Eden: 279616K(279616K)->0K(279616K) From: 1251K(34944K)->1242K(34944K)
[245.806s][info][gc,heap        ] GC(220) Tenured: 4079K(699072K)->4079K(699072K)
[245.806s][info][gc,metaspace   ] GC(220) Metaspace: 9948K(10368K)->9948K(10368K) NonClass: 8645K(8896K)->8645K(8896K) Class: 1303K(1472K)->1303K(1472K)
[245.806s][info][gc             ] GC(220) Pause Young (Allocation Failure) 278M->5M(989M) 3.910ms
[245.806s][info][gc,cpu         ] GC(220) User=0.02s Sys=0.00s Real=0.02s
[246.940s][info][gc,start       ] GC(221) Pause Young (Allocation Failure)
[246.944s][info][gc,heap        ] GC(221) DefNew: 280858K(314560K)->1273K(314560K) Eden: 279616K(279616K)->0K(279616K) From: 1242K(34944K)->1273K(34944K)
[246.944s][info][gc,heap        ] GC(221) Tenured: 4079K(699072K)->4079K(699072K)
[246.944s][info][gc,metaspace   ] GC(221) Metaspace: 9948K(10368K)->9948K(10368K) NonClass: 8645K(8896K)->8645K(8896K) Class: 1303K(1472K)->1303K(1472K)
[246.944s][info][gc             ] GC(221) Pause Young (Allocation Failure) 278M->5M(989M) 4.199ms
[246.944s][info][gc,cpu         ] GC(221) User=0.02s Sys=0.00s Real=0.02s
[248.076s][info][gc,start       ] GC(222) Pause Young (Allocation Failure)
[248.080s][info][gc,heap        ] GC(222) DefNew: 280889K(314560K)->1292K(314560K) Eden: 279616K(279616K)->0K(279616K) From: 1273K(34944K)->1292K(34944K)
[248.080s][info][gc,heap        ] GC(222) Tenured: 4079K(699072K)->4079K(699072K)
[248.080s][info][gc,metaspace   ] GC(222) Metaspace: 9948K(10368K)->9948K(10368K) NonClass: 8645K(8896K)->8645K(8896K) Class: 1303K(1472K)->1303K(1472K)
[248.080s][info][gc             ] GC(222) Pause Young (Allocation Failure) 278M->5M(989M) 4.108ms
[248.080s][info][gc,cpu         ] GC(222) User=0.00s Sys=0.00s Real=0.00s
[249.031s][info][gc,start       ] GC(223) Pause Full (System.gc())
[249.031s][info][gc,phases,start] GC(223) Phase 1: Mark live objects
[249.045s][info][gc,phases      ] GC(223) Phase 1: Mark live objects 13.408ms
[249.045s][info][gc,phases,start] GC(223) Phase 2: Compute new object addresses
[249.108s][info][gc,phases      ] GC(223) Phase 2: Compute new object addresses 63.412ms
[249.108s][info][gc,phases,start] GC(223) Phase 3: Adjust pointers
[249.112s][info][gc,phases      ] GC(223) Phase 3: Adjust pointers 3.554ms
[249.112s][info][gc,phases,start] GC(223) Phase 4: Move objects
[249.112s][info][gc,phases      ] GC(223) Phase 4: Move objects 0.011ms
[249.112s][info][gc,heap        ] GC(223) DefNew: 238497K(314560K)->0K(314560K) Eden: 237205K(279616K)->0K(279616K) From: 1292K(34944K)->0K(34944K)
[249.112s][info][gc,heap        ] GC(223) Tenured: 4079K(699072K)->4079K(699072K)
[249.112s][info][gc,metaspace   ] GC(223) Metaspace: 9948K(10368K)->9948K(10368K) NonClass: 8645K(8896K)->8645K(8896K) Class: 1303K(1472K)->1303K(1472K)
[249.112s][info][gc             ] GC(223) Pause Full (System.gc()) 236M->3M(989M) 80.825ms
[249.112s][info][gc,cpu         ] GC(223) User=0.06s Sys=0.00s Real=0.07s
[250.245s][info][gc,start       ] GC(224) Pause Young (Allocation Failure)
[250.250s][info][gc,heap        ] GC(224) DefNew: 279616K(314560K)->1328K(314560K) Eden: 279616K(279616K)->0K(279616K) From: 0K(34944K)->1328K(34944K)
[250.250s][info][gc,heap        ] GC(224) Tenured: 4079K(699072K)->4079K(699072K)
[250.250s][info][gc,metaspace   ] GC(224) Metaspace: 9948K(10368K)->9948K(10368K) NonClass: 8645K(8896K)->8645K(8896K) Class: 1303K(1472K)->1303K(1472K)
[250.250s][info][gc             ] GC(224) Pause Young (Allocation Failure) 277M->5M(989M) 4.650ms
[250.250s][info][gc,cpu         ] GC(224) User=0.00s Sys=0.00s Real=0.00s
[251.382s][info][gc,start       ] GC(225) Pause Young (Allocation Failure)
[251.386s][info][gc,heap        ] GC(225) DefNew: 280944K(314560K)->1264K(314560K) Eden: 279616K(279616K)->0K(279616K) From: 1328K(34944K)->1264K(34944K)
[251.386s][info][gc,heap        ] GC(225) Tenured: 4079K(699072K)->4079K(699072K)
[251.386s][info][gc,metaspace   ] GC(225) Metaspace: 9948K(10368K)->9948K(10368K) NonClass: 8645K(8896K)->8645K(8896K) Class: 1303K(1472K)->1303K(1472K)
[251.386s][info][gc             ] GC(225) Pause Young (Allocation Failure) 278M->5M(989M) 4.384ms
[251.386s][info][gc,cpu         ] GC(225) User=0.02s Sys=0.00s Real=0.01s
[252.518s][info][gc,start       ] GC(226) Pause Young (Allocation Failure)
[252.522s][info][gc,heap        ] GC(226) DefNew: 280880K(314560K)->1166K(314560K) Eden: 279616K(279616K)->0K(279616K) From: 1264K(34944K)->1166K(34944K)
[252.522s][info][gc,heap        ] GC(226) Tenured: 4079K(699072K)->4079K(699072K)
[252.522s][info][gc,metaspace   ] GC(226) Metaspace: 9948K(10368K)->9948K(10368K) NonClass: 8645K(8896K)->8645K(8896K) Class: 1303K(1472K)->1303K(1472K)
[252.522s][info][gc             ] GC(226) Pause Young (Allocation Failure) 278M->5M(989M) 3.948ms
[252.522s][info][gc,cpu         ] GC(226) User=0.00s Sys=0.00s Real=0.02s
[253.649s][info][gc,start       ] GC(227) Pause Young (Allocation Failure)
[253.653s][info][gc,heap        ] GC(227) DefNew: 280782K(314560K)->1227K(314560K) Eden: 279616K(279616K)->0K(279616K) From: 1166K(34944K)->1227K(34944K)
[253.653s][info][gc,heap        ] GC(227) Tenured: 4079K(699072K)->4079K(699072K)
[253.653s][info][gc,metaspace   ] GC(227) Metaspace: 9948K(10368K)->9948K(10368K) NonClass: 8645K(8896K)->8645K(8896K) Class: 1303K(1472K)->1303K(1472K)
[253.653s][info][gc             ] GC(227) Pause Young (Allocation Failure) 278M->5M(989M) 3.992ms
[253.653s][info][gc,cpu         ] GC(227) User=0.00s Sys=0.00s Real=0.00s
[254.800s][info][gc,start       ] GC(228) Pause Young (Allocation Failure)
[254.804s][info][gc,heap        ] GC(228) DefNew: 280843K(314560K)->1245K(314560K) Eden: 279616K(279616K)->0K(279616K) From: 1227K(34944K)->1245K(34944K)
[254.804s][info][gc,heap        ] GC(228) Tenured: 4079K(699072K)->4079K(699072K)
[254.804s][info][gc,metaspace   ] GC(228) Metaspace: 9948K(10368K)->9948K(10368K) NonClass: 8645K(8896K)->8645K(8896K) Class: 1303K(1472K)->1303K(1472K)
[254.804s][info][gc             ] GC(228) Pause Young (Allocation Failure) 278M->5M(989M) 4.165ms
[254.804s][info][gc,cpu         ] GC(228) User=0.02s Sys=0.00s Real=0.02s
[255.744s][info][gc,start       ] GC(229) Pause Full (System.gc())
[255.787s][info][gc,phases,start] GC(229) Phase 1: Mark live objects
[255.800s][info][gc,phases      ] GC(229) Phase 1: Mark live objects 13.280ms
[255.800s][info][gc,phases,start] GC(229) Phase 2: Compute new object addresses
[255.863s][info][gc,phases      ] GC(229) Phase 2: Compute new object addresses 62.910ms
[255.863s][info][gc,phases,start] GC(229) Phase 3: Adjust pointers
[255.867s][info][gc,phases      ] GC(229) Phase 3: Adjust pointers 3.552ms
[255.867s][info][gc,phases,start] GC(229) Phase 4: Move objects
[255.867s][info][gc,phases      ] GC(229) Phase 4: Move objects 0.012ms
[255.867s][info][gc,heap        ] GC(229) DefNew: 230145K(314560K)->0K(314560K) Eden: 228899K(279616K)->0K(279616K) From: 1245K(34944K)->0K(34944K)
[255.867s][info][gc,heap        ] GC(229) Tenured: 4079K(699072K)->4079K(699072K)
[255.867s][info][gc,metaspace   ] GC(229) Metaspace: 9948K(10368K)->9948K(10368K) NonClass: 8645K(8896K)->8645K(8896K) Class: 1303K(1472K)->1303K(1472K)
[255.867s][info][gc             ] GC(229) Pause Full (System.gc()) 228M->3M(989M) 122.933ms
[255.867s][info][gc,cpu         ] GC(229) User=0.08s Sys=0.00s Real=0.13s
[256.992s][info][gc,start       ] GC(230) Pause Young (Allocation Failure)
[256.997s][info][gc,heap        ] GC(230) DefNew: 279616K(314560K)->1198K(314560K) Eden: 279616K(279616K)->0K(279616K) From: 0K(34944K)->1198K(34944K)
[256.997s][info][gc,heap        ] GC(230) Tenured: 4079K(699072K)->4079K(699072K)
[256.997s][info][gc,metaspace   ] GC(230) Metaspace: 9948K(10368K)->9948K(10368K) NonClass: 8645K(8896K)->8645K(8896K) Class: 1303K(1472K)->1303K(1472K)
[256.997s][info][gc             ] GC(230) Pause Young (Allocation Failure) 277M->5M(989M) 4.284ms
[256.997s][info][gc,cpu         ] GC(230) User=0.00s Sys=0.00s Real=0.00s
[258.117s][info][gc,start       ] GC(231) Pause Young (Allocation Failure)
[258.121s][info][gc,heap        ] GC(231) DefNew: 280814K(314560K)->1205K(314560K) Eden: 279616K(279616K)->0K(279616K) From: 1198K(34944K)->1205K(34944K)
[258.121s][info][gc,heap        ] GC(231) Tenured: 4079K(699072K)->4079K(699072K)
[258.121s][info][gc,metaspace   ] GC(231) Metaspace: 9948K(10368K)->9948K(10368K) NonClass: 8645K(8896K)->8645K(8896K) Class: 1303K(1472K)->1303K(1472K)
[258.121s][info][gc             ] GC(231) Pause Young (Allocation Failure) 278M->5M(989M) 4.143ms
[258.121s][info][gc,cpu         ] GC(231) User=0.00s Sys=0.00s Real=0.00s
[259.267s][info][gc,start       ] GC(232) Pause Young (Allocation Failure)
[259.271s][info][gc,heap        ] GC(232) DefNew: 280821K(314560K)->1274K(314560K) Eden: 279616K(279616K)->0K(279616K) From: 1205K(34944K)->1274K(34944K)
[259.271s][info][gc,heap        ] GC(232) Tenured: 4079K(699072K)->4079K(699072K)
[259.271s][info][gc,metaspace   ] GC(232) Metaspace: 9948K(10368K)->9948K(10368K) NonClass: 8645K(8896K)->8645K(8896K) Class: 1303K(1472K)->1303K(1472K)
[259.272s][info][gc             ] GC(232) Pause Young (Allocation Failure) 278M->5M(989M) 4.208ms
[259.272s][info][gc,cpu         ] GC(232) User=0.02s Sys=0.00s Real=0.01s
[260.394s][info][gc,start       ] GC(233) Pause Young (Allocation Failure)
[260.398s][info][gc,heap        ] GC(233) DefNew: 280890K(314560K)->1094K(314560K) Eden: 279616K(279616K)->0K(279616K) From: 1274K(34944K)->1094K(34944K)
[260.398s][info][gc,heap        ] GC(233) Tenured: 4079K(699072K)->4079K(699072K)
[260.398s][info][gc,metaspace   ] GC(233) Metaspace: 9948K(10368K)->9948K(10368K) NonClass: 8645K(8896K)->8645K(8896K) Class: 1303K(1472K)->1303K(1472K)
[260.398s][info][gc             ] GC(233) Pause Young (Allocation Failure) 278M->5M(989M) 3.638ms
[260.398s][info][gc,cpu         ] GC(233) User=0.02s Sys=0.00s Real=0.02s
[261.533s][info][gc,start       ] GC(234) Pause Young (Allocation Failure)
[261.537s][info][gc,heap        ] GC(234) DefNew: 280710K(314560K)->1152K(314560K) Eden: 279616K(279616K)->0K(279616K) From: 1094K(34944K)->1152K(34944K)
[261.537s][info][gc,heap        ] GC(234) Tenured: 4079K(699072K)->4079K(699072K)
[261.537s][info][gc,metaspace   ] GC(234) Metaspace: 9948K(10368K)->9948K(10368K) NonClass: 8645K(8896K)->8645K(8896K) Class: 1303K(1472K)->1303K(1472K)
[261.537s][info][gc             ] GC(234) Pause Young (Allocation Failure) 278M->5M(989M) 3.804ms
[261.537s][info][gc,cpu         ] GC(234) User=0.00s Sys=0.00s Real=0.00s
[262.450s][info][gc,start       ] GC(235) Pause Full (System.gc())
[262.450s][info][gc,phases,start] GC(235) Phase 1: Mark live objects
[262.463s][info][gc,phases      ] GC(235) Phase 1: Mark live objects 12.926ms
[262.463s][info][gc,phases,start] GC(235) Phase 2: Compute new object addresses
[262.524s][info][gc,phases      ] GC(235) Phase 2: Compute new object addresses 60.490ms
[262.524s][info][gc,phases,start] GC(235) Phase 3: Adjust pointers
[262.527s][info][gc,phases      ] GC(235) Phase 3: Adjust pointers 3.553ms
[262.527s][info][gc,phases,start] GC(235) Phase 4: Move objects
[262.527s][info][gc,phases      ] GC(235) Phase 4: Move objects 0.012ms
[262.527s][info][gc,heap        ] GC(235) DefNew: 227315K(314560K)->0K(314560K) Eden: 226163K(279616K)->0K(279616K) From: 1152K(34944K)->0K(34944K)
[262.527s][info][gc,heap        ] GC(235) Tenured: 4079K(699072K)->4079K(699072K)
[262.527s][info][gc,metaspace   ] GC(235) Metaspace: 9948K(10368K)->9948K(10368K) NonClass: 8645K(8896K)->8645K(8896K) Class: 1303K(1472K)->1303K(1472K)
[262.528s][info][gc             ] GC(235) Pause Full (System.gc()) 225M->3M(989M) 77.401ms
[262.528s][info][gc,cpu         ] GC(235) User=0.08s Sys=0.00s Real=0.08s
[263.675s][info][gc,start       ] GC(236) Pause Young (Allocation Failure)
[263.679s][info][gc,heap        ] GC(236) DefNew: 279616K(314560K)->1231K(314560K) Eden: 279616K(279616K)->0K(279616K) From: 0K(34944K)->1231K(34944K)
[263.679s][info][gc,heap        ] GC(236) Tenured: 4079K(699072K)->4079K(699072K)
[263.679s][info][gc,metaspace   ] GC(236) Metaspace: 9948K(10368K)->9948K(10368K) NonClass: 8645K(8896K)->8645K(8896K) Class: 1303K(1472K)->1303K(1472K)
[263.679s][info][gc             ] GC(236) Pause Young (Allocation Failure) 277M->5M(989M) 4.440ms
[263.679s][info][gc,cpu         ] GC(236) User=0.00s Sys=0.00s Real=0.00s
[264.808s][info][gc,start       ] GC(237) Pause Young (Allocation Failure)
[264.811s][info][gc,heap        ] GC(237) DefNew: 280847K(314560K)->1187K(314560K) Eden: 279616K(279616K)->0K(279616K) From: 1231K(34944K)->1187K(34944K)
[264.812s][info][gc,heap        ] GC(237) Tenured: 4079K(699072K)->4079K(699072K)
[264.812s][info][gc,metaspace   ] GC(237) Metaspace: 9948K(10368K)->9948K(10368K) NonClass: 8645K(8896K)->8645K(8896K) Class: 1303K(1472K)->1303K(1472K)
[264.812s][info][gc             ] GC(237) Pause Young (Allocation Failure) 278M->5M(989M) 4.043ms
[264.812s][info][gc,cpu         ] GC(237) User=0.00s Sys=0.00s Real=0.00s
[265.961s][info][gc,start       ] GC(238) Pause Young (Allocation Failure)
[265.964s][info][gc,heap        ] GC(238) DefNew: 280803K(314560K)->1163K(314560K) Eden: 279616K(279616K)->0K(279616K) From: 1187K(34944K)->1163K(34944K)
[265.965s][info][gc,heap        ] GC(238) Tenured: 4079K(699072K)->4079K(699072K)
[265.965s][info][gc,metaspace   ] GC(238) Metaspace: 9948K(10368K)->9948K(10368K) NonClass: 8645K(8896K)->8645K(8896K) Class: 1303K(1472K)->1303K(1472K)
[265.965s][info][gc             ] GC(238) Pause Young (Allocation Failure) 278M->5M(989M) 3.906ms
[265.965s][info][gc,cpu         ] GC(238) User=0.02s Sys=0.00s Real=0.02s
[267.084s][info][gc,start       ] GC(239) Pause Young (Allocation Failure)
[267.088s][info][gc,heap        ] GC(239) DefNew: 280779K(314560K)->1177K(314560K) Eden: 279616K(279616K)->0K(279616K) From: 1163K(34944K)->1177K(34944K)
[267.088s][info][gc,heap        ] GC(239) Tenured: 4079K(699072K)->4079K(699072K)
[267.088s][info][gc,metaspace   ] GC(239) Metaspace: 9948K(10368K)->9948K(10368K) NonClass: 8645K(8896K)->8645K(8896K) Class: 1303K(1472K)->1303K(1472K)
[267.088s][info][gc             ] GC(239) Pause Young (Allocation Failure) 278M->5M(989M) 4.139ms
[267.088s][info][gc,cpu         ] GC(239) User=0.02s Sys=0.00s Real=0.02s
[268.222s][info][gc,start       ] GC(240) Pause Young (Allocation Failure)
[268.226s][info][gc,heap        ] GC(240) DefNew: 280793K(314560K)->1138K(314560K) Eden: 279616K(279616K)->0K(279616K) From: 1177K(34944K)->1138K(34944K)
[268.226s][info][gc,heap        ] GC(240) Tenured: 4079K(699072K)->4079K(699072K)
[268.226s][info][gc,metaspace   ] GC(240) Metaspace: 9948K(10368K)->9948K(10368K) NonClass: 8645K(8896K)->8645K(8896K) Class: 1303K(1472K)->1303K(1472K)
[268.226s][info][gc             ] GC(240) Pause Young (Allocation Failure) 278M->5M(989M) 3.829ms
[268.226s][info][gc,cpu         ] GC(240) User=0.02s Sys=0.00s Real=0.02s
[269.169s][info][gc,start       ] GC(241) Pause Full (System.gc())
[269.170s][info][gc,phases,start] GC(241) Phase 1: Mark live objects
[269.184s][info][gc,phases      ] GC(241) Phase 1: Mark live objects 14.138ms
[269.184s][info][gc,phases,start] GC(241) Phase 2: Compute new object addresses
[269.248s][info][gc,phases      ] GC(241) Phase 2: Compute new object addresses 63.873ms
[269.248s][info][gc,phases,start] GC(241) Phase 3: Adjust pointers
[269.251s][info][gc,phases      ] GC(241) Phase 3: Adjust pointers 3.726ms
[269.251s][info][gc,phases,start] GC(241) Phase 4: Move objects
[269.251s][info][gc,phases      ] GC(241) Phase 4: Move objects 0.013ms
[269.252s][info][gc,heap        ] GC(241) DefNew: 235638K(314560K)->0K(314560K) Eden: 234500K(279616K)->0K(279616K) From: 1138K(34944K)->0K(34944K)
[269.252s][info][gc,heap        ] GC(241) Tenured: 4079K(699072K)->4081K(699072K)
[269.252s][info][gc,metaspace   ] GC(241) Metaspace: 9948K(10368K)->9948K(10368K) NonClass: 8645K(8896K)->8645K(8896K) Class: 1303K(1472K)->1303K(1472K)
[269.252s][info][gc             ] GC(241) Pause Full (System.gc()) 234M->3M(989M) 82.211ms
[269.252s][info][gc,cpu         ] GC(241) User=0.08s Sys=0.00s Real=0.08s
[270.389s][info][gc,start       ] GC(242) Pause Young (Allocation Failure)
[270.394s][info][gc,heap        ] GC(242) DefNew: 279616K(314560K)->1269K(314560K) Eden: 279616K(279616K)->0K(279616K) From: 0K(34944K)->1269K(34944K)
[270.394s][info][gc,heap        ] GC(242) Tenured: 4081K(699072K)->4081K(699072K)
[270.394s][info][gc,metaspace   ] GC(242) Metaspace: 9948K(10368K)->9948K(10368K) NonClass: 8645K(8896K)->8645K(8896K) Class: 1303K(1472K)->1303K(1472K)
[270.394s][info][gc             ] GC(242) Pause Young (Allocation Failure) 277M->5M(989M) 4.519ms
[270.394s][info][gc,cpu         ] GC(242) User=0.00s Sys=0.00s Real=0.00s
[271.517s][info][gc,start       ] GC(243) Pause Young (Allocation Failure)
[271.521s][info][gc,heap        ] GC(243) DefNew: 280885K(314560K)->1301K(314560K) Eden: 279616K(279616K)->0K(279616K) From: 1269K(34944K)->1301K(34944K)
[271.521s][info][gc,heap        ] GC(243) Tenured: 4081K(699072K)->4081K(699072K)
[271.521s][info][gc,metaspace   ] GC(243) Metaspace: 9948K(10368K)->9948K(10368K) NonClass: 8645K(8896K)->8645K(8896K) Class: 1303K(1472K)->1303K(1472K)
[271.521s][info][gc             ] GC(243) Pause Young (Allocation Failure) 278M->5M(989M) 4.179ms
[271.521s][info][gc,cpu         ] GC(243) User=0.02s Sys=0.00s Real=0.02s
[272.648s][info][gc,start       ] GC(244) Pause Young (Allocation Failure)
[272.652s][info][gc,heap        ] GC(244) DefNew: 280917K(314560K)->1314K(314560K) Eden: 279616K(279616K)->0K(279616K) From: 1301K(34944K)->1314K(34944K)
[272.652s][info][gc,heap        ] GC(244) Tenured: 4081K(699072K)->4081K(699072K)
[272.652s][info][gc,metaspace   ] GC(244) Metaspace: 9948K(10368K)->9948K(10368K) NonClass: 8645K(8896K)->8645K(8896K) Class: 1303K(1472K)->1303K(1472K)
[272.652s][info][gc             ] GC(244) Pause Young (Allocation Failure) 278M->5M(989M) 4.228ms
[272.652s][info][gc,cpu         ] GC(244) User=0.02s Sys=0.00s Real=0.00s
[273.748s][info][gc,start       ] GC(245) Pause Young (Allocation Failure)
[273.752s][info][gc,heap        ] GC(245) DefNew: 280930K(314560K)->1285K(314560K) Eden: 279616K(279616K)->0K(279616K) From: 1314K(34944K)->1285K(34944K)
[273.752s][info][gc,heap        ] GC(245) Tenured: 4081K(699072K)->4081K(699072K)
[273.752s][info][gc,metaspace   ] GC(245) Metaspace: 9948K(10368K)->9948K(10368K) NonClass: 8645K(8896K)->8645K(8896K) Class: 1303K(1472K)->1303K(1472K)
[273.752s][info][gc             ] GC(245) Pause Young (Allocation Failure) 278M->5M(989M) 3.936ms
[273.752s][info][gc,cpu         ] GC(245) User=0.00s Sys=0.00s Real=0.00s
[274.856s][info][gc,start       ] GC(246) Pause Young (Allocation Failure)
[274.860s][info][gc,heap        ] GC(246) DefNew: 280901K(314560K)->1236K(314560K) Eden: 279616K(279616K)->0K(279616K) From: 1285K(34944K)->1236K(34944K)
[274.860s][info][gc,heap        ] GC(246) Tenured: 4081K(699072K)->4081K(699072K)
[274.860s][info][gc,metaspace   ] GC(246) Metaspace: 9948K(10368K)->9948K(10368K) NonClass: 8645K(8896K)->8645K(8896K) Class: 1303K(1472K)->1303K(1472K)
[274.860s][info][gc             ] GC(246) Pause Young (Allocation Failure) 278M->5M(989M) 4.169ms
[274.860s][info][gc,cpu         ] GC(246) User=0.00s Sys=0.00s Real=0.00s
[275.781s][info][gc,start       ] GC(247) Pause Full (System.gc())
[275.782s][info][gc,phases,start] GC(247) Phase 1: Mark live objects
[275.796s][info][gc,phases      ] GC(247) Phase 1: Mark live objects 14.111ms
[275.796s][info][gc,phases,start] GC(247) Phase 2: Compute new object addresses
[275.859s][info][gc,phases      ] GC(247) Phase 2: Compute new object addresses 63.273ms
[275.859s][info][gc,phases,start] GC(247) Phase 3: Adjust pointers
[275.863s][info][gc,phases      ] GC(247) Phase 3: Adjust pointers 3.587ms
[275.863s][info][gc,phases,start] GC(247) Phase 4: Move objects
[275.863s][info][gc,phases      ] GC(247) Phase 4: Move objects 0.013ms
[275.863s][info][gc,heap        ] GC(247) DefNew: 232662K(314560K)->0K(314560K) Eden: 231426K(279616K)->0K(279616K) From: 1236K(34944K)->0K(34944K)
[275.863s][info][gc,heap        ] GC(247) Tenured: 4081K(699072K)->4081K(699072K)
[275.863s][info][gc,metaspace   ] GC(247) Metaspace: 9950K(10368K)->9950K(10368K) NonClass: 8647K(8896K)->8647K(8896K) Class: 1303K(1472K)->1303K(1472K)
[275.863s][info][gc             ] GC(247) Pause Full (System.gc()) 231M->3M(989M) 81.425ms
[275.863s][info][gc,cpu         ] GC(247) User=0.08s Sys=0.00s Real=0.08s
[276.998s][info][gc,start       ] GC(248) Pause Young (Allocation Failure)
[277.002s][info][gc,heap        ] GC(248) DefNew: 279616K(314560K)->1208K(314560K) Eden: 279616K(279616K)->0K(279616K) From: 0K(34944K)->1208K(34944K)
[277.002s][info][gc,heap        ] GC(248) Tenured: 4081K(699072K)->4081K(699072K)
[277.002s][info][gc,metaspace   ] GC(248) Metaspace: 9958K(10368K)->9958K(10368K) NonClass: 8655K(8896K)->8655K(8896K) Class: 1303K(1472K)->1303K(1472K)
[277.002s][info][gc             ] GC(248) Pause Young (Allocation Failure) 277M->5M(989M) 4.292ms
[277.002s][info][gc,cpu         ] GC(248) User=0.00s Sys=0.00s Real=0.00s
[278.150s][info][gc,start       ] GC(249) Pause Young (Allocation Failure)
[278.154s][info][gc,heap        ] GC(249) DefNew: 280824K(314560K)->1316K(314560K) Eden: 279616K(279616K)->0K(279616K) From: 1208K(34944K)->1316K(34944K)
[278.154s][info][gc,heap        ] GC(249) Tenured: 4081K(699072K)->4081K(699072K)
[278.154s][info][gc,metaspace   ] GC(249) Metaspace: 9958K(10368K)->9958K(10368K) NonClass: 8655K(8896K)->8655K(8896K) Class: 1303K(1472K)->1303K(1472K)
[278.154s][info][gc             ] GC(249) Pause Young (Allocation Failure) 278M->5M(989M) 4.247ms
[278.154s][info][gc,cpu         ] GC(249) User=0.00s Sys=0.00s Real=0.00s
[279.283s][info][gc,start       ] GC(250) Pause Young (Allocation Failure)
[279.287s][info][gc,heap        ] GC(250) DefNew: 280932K(314560K)->1299K(314560K) Eden: 279616K(279616K)->0K(279616K) From: 1316K(34944K)->1299K(34944K)
[279.287s][info][gc,heap        ] GC(250) Tenured: 4081K(699072K)->4081K(699072K)
[279.287s][info][gc,metaspace   ] GC(250) Metaspace: 9958K(10368K)->9958K(10368K) NonClass: 8655K(8896K)->8655K(8896K) Class: 1303K(1472K)->1303K(1472K)
[279.287s][info][gc             ] GC(250) Pause Young (Allocation Failure) 278M->5M(989M) 3.982ms
[279.287s][info][gc,cpu         ] GC(250) User=0.00s Sys=0.00s Real=0.00s
[280.411s][info][gc,start       ] GC(251) Pause Young (Allocation Failure)
[280.415s][info][gc,heap        ] GC(251) DefNew: 280915K(314560K)->1231K(314560K) Eden: 279616K(279616K)->0K(279616K) From: 1299K(34944K)->1231K(34944K)
[280.415s][info][gc,heap        ] GC(251) Tenured: 4081K(699072K)->4081K(699072K)
[280.415s][info][gc,metaspace   ] GC(251) Metaspace: 9958K(10368K)->9958K(10368K) NonClass: 8655K(8896K)->8655K(8896K) Class: 1303K(1472K)->1303K(1472K)
[280.415s][info][gc             ] GC(251) Pause Young (Allocation Failure) 278M->5M(989M) 3.990ms
[280.415s][info][gc,cpu         ] GC(251) User=0.02s Sys=0.00s Real=0.02s
[281.533s][info][gc,start       ] GC(252) Pause Young (Allocation Failure)
[281.536s][info][gc,heap        ] GC(252) DefNew: 280847K(314560K)->1213K(314560K) Eden: 279616K(279616K)->0K(279616K) From: 1231K(34944K)->1213K(34944K)
[281.536s][info][gc,heap        ] GC(252) Tenured: 4081K(699072K)->4081K(699072K)
[281.537s][info][gc,metaspace   ] GC(252) Metaspace: 9958K(10368K)->9958K(10368K) NonClass: 8655K(8896K)->8655K(8896K) Class: 1303K(1472K)->1303K(1472K)
[281.537s][info][gc             ] GC(252) Pause Young (Allocation Failure) 278M->5M(989M) 3.807ms
[281.537s][info][gc,cpu         ] GC(252) User=0.00s Sys=0.00s Real=0.00s
[282.508s][info][gc,start       ] GC(253) Pause Full (System.gc())
[282.508s][info][gc,phases,start] GC(253) Phase 1: Mark live objects
[282.522s][info][gc,phases      ] GC(253) Phase 1: Mark live objects 13.608ms
[282.522s][info][gc,phases,start] GC(253) Phase 2: Compute new object addresses
[282.587s][info][gc,phases      ] GC(253) Phase 2: Compute new object addresses 64.840ms
[282.587s][info][gc,phases,start] GC(253) Phase 3: Adjust pointers
[282.590s][info][gc,phases      ] GC(253) Phase 3: Adjust pointers 3.617ms
[282.590s][info][gc,phases,start] GC(253) Phase 4: Move objects
[282.590s][info][gc,phases      ] GC(253) Phase 4: Move objects 0.012ms
[282.590s][info][gc,heap        ] GC(253) DefNew: 240892K(314560K)->0K(314560K) Eden: 239679K(279616K)->0K(279616K) From: 1213K(34944K)->0K(34944K)
[282.590s][info][gc,heap        ] GC(253) Tenured: 4081K(699072K)->4081K(699072K)
[282.590s][info][gc,metaspace   ] GC(253) Metaspace: 9958K(10368K)->9958K(10368K) NonClass: 8655K(8896K)->8655K(8896K) Class: 1303K(1472K)->1303K(1472K)
[282.591s][info][gc             ] GC(253) Pause Full (System.gc()) 239M->3M(989M) 82.499ms
[282.591s][info][gc,cpu         ] GC(253) User=0.08s Sys=0.00s Real=0.08s
[283.702s][info][gc,start       ] GC(254) Pause Young (Allocation Failure)
[283.706s][info][gc,heap        ] GC(254) DefNew: 279616K(314560K)->1215K(314560K) Eden: 279616K(279616K)->0K(279616K) From: 0K(34944K)->1215K(34944K)
[283.706s][info][gc,heap        ] GC(254) Tenured: 4081K(699072K)->4081K(699072K)
[283.706s][info][gc,metaspace   ] GC(254) Metaspace: 9960K(10368K)->9960K(10368K) NonClass: 8656K(8896K)->8656K(8896K) Class: 1303K(1472K)->1303K(1472K)
[283.706s][info][gc             ] GC(254) Pause Young (Allocation Failure) 277M->5M(989M) 4.321ms
[283.706s][info][gc,cpu         ] GC(254) User=0.00s Sys=0.00s Real=0.00s
[284.822s][info][gc,start       ] GC(255) Pause Young (Allocation Failure)
[284.826s][info][gc,heap        ] GC(255) DefNew: 280831K(314560K)->1178K(314560K) Eden: 279616K(279616K)->0K(279616K) From: 1215K(34944K)->1178K(34944K)
[284.826s][info][gc,heap        ] GC(255) Tenured: 4081K(699072K)->4081K(699072K)
[284.826s][info][gc,metaspace   ] GC(255) Metaspace: 9960K(10368K)->9960K(10368K) NonClass: 8656K(8896K)->8656K(8896K) Class: 1303K(1472K)->1303K(1472K)
[284.826s][info][gc             ] GC(255) Pause Young (Allocation Failure) 278M->5M(989M) 4.054ms
[284.827s][info][gc,cpu         ] GC(255) User=0.00s Sys=0.00s Real=0.00s
[285.949s][info][gc,start       ] GC(256) Pause Young (Allocation Failure)
[285.953s][info][gc,heap        ] GC(256) DefNew: 280794K(314560K)->1329K(314560K) Eden: 279616K(279616K)->0K(279616K) From: 1178K(34944K)->1329K(34944K)
[285.953s][info][gc,heap        ] GC(256) Tenured: 4081K(699072K)->4081K(699072K)
[285.953s][info][gc,metaspace   ] GC(256) Metaspace: 9960K(10368K)->9960K(10368K) NonClass: 8656K(8896K)->8656K(8896K) Class: 1303K(1472K)->1303K(1472K)
[285.954s][info][gc             ] GC(256) Pause Young (Allocation Failure) 278M->5M(989M) 4.233ms
[285.954s][info][gc,cpu         ] GC(256) User=0.00s Sys=0.00s Real=0.00s
[287.091s][info][gc,start       ] GC(257) Pause Young (Allocation Failure)
[287.095s][info][gc,heap        ] GC(257) DefNew: 280945K(314560K)->1271K(314560K) Eden: 279616K(279616K)->0K(279616K) From: 1329K(34944K)->1271K(34944K)
[287.095s][info][gc,heap        ] GC(257) Tenured: 4081K(699072K)->4081K(699072K)
[287.095s][info][gc,metaspace   ] GC(257) Metaspace: 9960K(10368K)->9960K(10368K) NonClass: 8656K(8896K)->8656K(8896K) Class: 1303K(1472K)->1303K(1472K)
[287.095s][info][gc             ] GC(257) Pause Young (Allocation Failure) 278M->5M(989M) 4.019ms
[287.095s][info][gc,cpu         ] GC(257) User=0.00s Sys=0.00s Real=0.00s
[288.208s][info][gc,start       ] GC(258) Pause Young (Allocation Failure)
[288.211s][info][gc,heap        ] GC(258) DefNew: 280887K(314560K)->1283K(314560K) Eden: 279616K(279616K)->0K(279616K) From: 1271K(34944K)->1283K(34944K)
[288.211s][info][gc,heap        ] GC(258) Tenured: 4081K(699072K)->4081K(699072K)
[288.211s][info][gc,metaspace   ] GC(258) Metaspace: 9960K(10368K)->9960K(10368K) NonClass: 8656K(8896K)->8656K(8896K) Class: 1303K(1472K)->1303K(1472K)
[288.211s][info][gc             ] GC(258) Pause Young (Allocation Failure) 278M->5M(989M) 3.876ms
[288.211s][info][gc,cpu         ] GC(258) User=0.00s Sys=0.00s Real=0.00s
[289.145s][info][gc,start       ] GC(259) Pause Full (System.gc())
[289.145s][info][gc,phases,start] GC(259) Phase 1: Mark live objects
[289.159s][info][gc,phases      ] GC(259) Phase 1: Mark live objects 13.285ms
[289.159s][info][gc,phases,start] GC(259) Phase 2: Compute new object addresses
[289.223s][info][gc,phases      ] GC(259) Phase 2: Compute new object addresses 64.685ms
[289.223s][info][gc,phases,start] GC(259) Phase 3: Adjust pointers
[289.227s][info][gc,phases      ] GC(259) Phase 3: Adjust pointers 3.697ms
[289.227s][info][gc,phases,start] GC(259) Phase 4: Move objects
[289.227s][info][gc,phases      ] GC(259) Phase 4: Move objects 0.013ms
[289.227s][info][gc,heap        ] GC(259) DefNew: 239271K(314560K)->0K(314560K) Eden: 237987K(279616K)->0K(279616K) From: 1283K(34944K)->0K(34944K)
[289.227s][info][gc,heap        ] GC(259) Tenured: 4081K(699072K)->4081K(699072K)
[289.227s][info][gc,metaspace   ] GC(259) Metaspace: 9960K(10368K)->9960K(10368K) NonClass: 8657K(8896K)->8657K(8896K) Class: 1303K(1472K)->1303K(1472K)
[289.227s][info][gc             ] GC(259) Pause Full (System.gc()) 237M->3M(989M) 82.107ms
[289.227s][info][gc,cpu         ] GC(259) User=0.08s Sys=0.00s Real=0.08s
[290.372s][info][gc,start       ] GC(260) Pause Young (Allocation Failure)
[290.376s][info][gc,heap        ] GC(260) DefNew: 279616K(314560K)->1184K(314560K) Eden: 279616K(279616K)->0K(279616K) From: 0K(34944K)->1184K(34944K)
[290.376s][info][gc,heap        ] GC(260) Tenured: 4081K(699072K)->4081K(699072K)
[290.376s][info][gc,metaspace   ] GC(260) Metaspace: 9960K(10368K)->9960K(10368K) NonClass: 8657K(8896K)->8657K(8896K) Class: 1303K(1472K)->1303K(1472K)
[290.377s][info][gc             ] GC(260) Pause Young (Allocation Failure) 277M->5M(989M) 4.252ms
[290.377s][info][gc,cpu         ] GC(260) User=0.00s Sys=0.00s Real=0.00s
[291.523s][info][gc,start       ] GC(261) Pause Young (Allocation Failure)
[291.527s][info][gc,heap        ] GC(261) DefNew: 280800K(314560K)->1272K(314560K) Eden: 279616K(279616K)->0K(279616K) From: 1184K(34944K)->1272K(34944K)
[291.527s][info][gc,heap        ] GC(261) Tenured: 4081K(699072K)->4081K(699072K)
[291.527s][info][gc,metaspace   ] GC(261) Metaspace: 9960K(10368K)->9960K(10368K) NonClass: 8657K(8896K)->8657K(8896K) Class: 1303K(1472K)->1303K(1472K)
[291.527s][info][gc             ] GC(261) Pause Young (Allocation Failure) 278M->5M(989M) 4.254ms
[291.527s][info][gc,cpu         ] GC(261) User=0.02s Sys=0.00s Real=0.02s
[292.674s][info][gc,start       ] GC(262) Pause Young (Allocation Failure)
[292.677s][info][gc,heap        ] GC(262) DefNew: 280888K(314560K)->1213K(314560K) Eden: 279616K(279616K)->0K(279616K) From: 1272K(34944K)->1213K(34944K)
[292.677s][info][gc,heap        ] GC(262) Tenured: 4081K(699072K)->4081K(699072K)
[292.678s][info][gc,metaspace   ] GC(262) Metaspace: 9960K(10368K)->9960K(10368K) NonClass: 8657K(8896K)->8657K(8896K) Class: 1303K(1472K)->1303K(1472K)
[292.678s][info][gc             ] GC(262) Pause Young (Allocation Failure) 278M->5M(989M) 3.993ms
[292.678s][info][gc,cpu         ] GC(262) User=0.00s Sys=0.00s Real=0.00s
[293.826s][info][gc,start       ] GC(263) Pause Young (Allocation Failure)
[293.830s][info][gc,heap        ] GC(263) DefNew: 280829K(314560K)->1161K(314560K) Eden: 279616K(279616K)->0K(279616K) From: 1213K(34944K)->1161K(34944K)
[293.830s][info][gc,heap        ] GC(263) Tenured: 4081K(699072K)->4081K(699072K)
[293.830s][info][gc,metaspace   ] GC(263) Metaspace: 9960K(10368K)->9960K(10368K) NonClass: 8657K(8896K)->8657K(8896K) Class: 1303K(1472K)->1303K(1472K)
[293.830s][info][gc             ] GC(263) Pause Young (Allocation Failure) 278M->5M(989M) 3.849ms
[293.830s][info][gc,cpu         ] GC(263) User=0.00s Sys=0.00s Real=0.00s
[294.950s][info][gc,start       ] GC(264) Pause Young (Allocation Failure)
[294.954s][info][gc,heap        ] GC(264) DefNew: 280777K(314560K)->1281K(314560K) Eden: 279616K(279616K)->0K(279616K) From: 1161K(34944K)->1281K(34944K)
[294.955s][info][gc,heap        ] GC(264) Tenured: 4081K(699072K)->4081K(699072K)
[294.955s][info][gc,metaspace   ] GC(264) Metaspace: 9960K(10368K)->9960K(10368K) NonClass: 8657K(8896K)->8657K(8896K) Class: 1303K(1472K)->1303K(1472K)
[294.955s][info][gc             ] GC(264) Pause Young (Allocation Failure) 278M->5M(989M) 4.174ms
[294.955s][info][gc,cpu         ] GC(264) User=0.00s Sys=0.00s Real=0.00s
[295.925s][info][gc,start       ] GC(265) Pause Full (System.gc())
[295.925s][info][gc,phases,start] GC(265) Phase 1: Mark live objects
[295.938s][info][gc,phases      ] GC(265) Phase 1: Mark live objects 12.994ms
[295.938s][info][gc,phases,start] GC(265) Phase 2: Compute new object addresses
[296.002s][info][gc,phases      ] GC(265) Phase 2: Compute new object addresses 63.778ms
[296.002s][info][gc,phases,start] GC(265) Phase 3: Adjust pointers
[296.006s][info][gc,phases      ] GC(265) Phase 3: Adjust pointers 3.564ms
[296.006s][info][gc,phases,start] GC(265) Phase 4: Move objects
[296.006s][info][gc,phases      ] GC(265) Phase 4: Move objects 0.012ms
[296.006s][info][gc,heap        ] GC(265) DefNew: 238672K(314560K)->0K(314560K) Eden: 237390K(279616K)->0K(279616K) From: 1281K(34944K)->0K(34944K)
[296.006s][info][gc,heap        ] GC(265) Tenured: 4081K(699072K)->4081K(699072K)
[296.006s][info][gc,metaspace   ] GC(265) Metaspace: 9960K(10368K)->9960K(10368K) NonClass: 8657K(8896K)->8657K(8896K) Class: 1303K(1472K)->1303K(1472K)
[296.006s][info][gc             ] GC(265) Pause Full (System.gc()) 237M->3M(989M) 80.771ms
[296.006s][info][gc,cpu         ] GC(265) User=0.09s Sys=0.00s Real=0.09s
[297.136s][info][gc,start       ] GC(266) Pause Young (Allocation Failure)
[297.140s][info][gc,heap        ] GC(266) DefNew: 279616K(314560K)->1300K(314560K) Eden: 279616K(279616K)->0K(279616K) From: 0K(34944K)->1300K(34944K)
[297.140s][info][gc,heap        ] GC(266) Tenured: 4081K(699072K)->4081K(699072K)
[297.140s][info][gc,metaspace   ] GC(266) Metaspace: 9960K(10368K)->9960K(10368K) NonClass: 8657K(8896K)->8657K(8896K) Class: 1303K(1472K)->1303K(1472K)
[297.141s][info][gc             ] GC(266) Pause Young (Allocation Failure) 277M->5M(989M) 4.630ms
[297.141s][info][gc,cpu         ] GC(266) User=0.00s Sys=0.00s Real=0.00s
[298.277s][info][gc,start       ] GC(267) Pause Young (Allocation Failure)
[298.281s][info][gc,heap        ] GC(267) DefNew: 280916K(314560K)->1274K(314560K) Eden: 279616K(279616K)->0K(279616K) From: 1300K(34944K)->1274K(34944K)
[298.281s][info][gc,heap        ] GC(267) Tenured: 4081K(699072K)->4081K(699072K)
[298.281s][info][gc,metaspace   ] GC(267) Metaspace: 9960K(10368K)->9960K(10368K) NonClass: 8657K(8896K)->8657K(8896K) Class: 1303K(1472K)->1303K(1472K)
[298.281s][info][gc             ] GC(267) Pause Young (Allocation Failure) 278M->5M(989M) 4.083ms
[298.281s][info][gc,cpu         ] GC(267) User=0.00s Sys=0.00s Real=0.00s
[299.406s][info][gc,start       ] GC(268) Pause Young (Allocation Failure)
[299.410s][info][gc,heap        ] GC(268) DefNew: 280890K(314560K)->1298K(314560K) Eden: 279616K(279616K)->0K(279616K) From: 1274K(34944K)->1298K(34944K)
[299.440s][info][gc,heap        ] GC(268) Tenured: 4081K(699072K)->4081K(699072K)
[299.440s][info][gc,metaspace   ] GC(268) Metaspace: 9960K(10368K)->9960K(10368K) NonClass: 8657K(8896K)->8657K(8896K) Class: 1303K(1472K)->1303K(1472K)
[299.440s][info][gc             ] GC(268) Pause Young (Allocation Failure) 278M->5M(989M) 33.296ms
[299.440s][info][gc,cpu         ] GC(268) User=0.02s Sys=0.00s Real=0.03s
[300.551s][info][gc,start       ] GC(269) Pause Young (Allocation Failure)
[300.555s][info][gc,heap        ] GC(269) DefNew: 280914K(314560K)->1215K(314560K) Eden: 279616K(279616K)->0K(279616K) From: 1298K(34944K)->1215K(34944K)
[300.555s][info][gc,heap        ] GC(269) Tenured: 4081K(699072K)->4081K(699072K)
[300.555s][info][gc,metaspace   ] GC(269) Metaspace: 9960K(10368K)->9960K(10368K) NonClass: 8657K(8896K)->8657K(8896K) Class: 1303K(1472K)->1303K(1472K)
[300.555s][info][gc             ] GC(269) Pause Young (Allocation Failure) 278M->5M(989M) 3.963ms
[300.555s][info][gc,cpu         ] GC(269) User=0.00s Sys=0.00s Real=0.00s
[301.669s][info][gc,start       ] GC(270) Pause Young (Allocation Failure)
[301.673s][info][gc,heap        ] GC(270) DefNew: 280831K(314560K)->1220K(314560K) Eden: 279616K(279616K)->0K(279616K) From: 1215K(34944K)->1220K(34944K)
[301.673s][info][gc,heap        ] GC(270) Tenured: 4081K(699072K)->4081K(699072K)
[301.673s][info][gc,metaspace   ] GC(270) Metaspace: 9960K(10368K)->9960K(10368K) NonClass: 8657K(8896K)->8657K(8896K) Class: 1303K(1472K)->1303K(1472K)
[301.673s][info][gc             ] GC(270) Pause Young (Allocation Failure) 278M->5M(989M) 4.016ms
[301.673s][info][gc,cpu         ] GC(270) User=0.02s Sys=0.00s Real=0.01s
[302.591s][info][gc,start       ] GC(271) Pause Full (System.gc())
[302.591s][info][gc,phases,start] GC(271) Phase 1: Mark live objects
[302.605s][info][gc,phases      ] GC(271) Phase 1: Mark live objects 14.221ms
[302.605s][info][gc,phases,start] GC(271) Phase 2: Compute new object addresses
[302.669s][info][gc,phases      ] GC(271) Phase 2: Compute new object addresses 63.770ms
[302.669s][info][gc,phases,start] GC(271) Phase 3: Adjust pointers
[302.672s][info][gc,phases      ] GC(271) Phase 3: Adjust pointers 3.547ms
[302.672s][info][gc,phases,start] GC(271) Phase 4: Move objects
[302.672s][info][gc,phases      ] GC(271) Phase 4: Move objects 0.013ms
[302.672s][info][gc,heap        ] GC(271) DefNew: 233109K(314560K)->0K(314560K) Eden: 231888K(279616K)->0K(279616K) From: 1220K(34944K)->0K(34944K)
[302.672s][info][gc,heap        ] GC(271) Tenured: 4081K(699072K)->4081K(699072K)
[302.672s][info][gc,metaspace   ] GC(271) Metaspace: 9960K(10368K)->9960K(10368K) NonClass: 8657K(8896K)->8657K(8896K) Class: 1303K(1472K)->1303K(1472K)
[302.673s][info][gc             ] GC(271) Pause Full (System.gc()) 231M->3M(989M) 81.995ms
[302.673s][info][gc,cpu         ] GC(271) User=0.08s Sys=0.00s Real=0.08s
[303.790s][info][gc,start       ] GC(272) Pause Young (Allocation Failure)
[303.794s][info][gc,heap        ] GC(272) DefNew: 279616K(314560K)->1207K(314560K) Eden: 279616K(279616K)->0K(279616K) From: 0K(34944K)->1207K(34944K)
[303.794s][info][gc,heap        ] GC(272) Tenured: 4081K(699072K)->4081K(699072K)
[303.794s][info][gc,metaspace   ] GC(272) Metaspace: 9960K(10368K)->9960K(10368K) NonClass: 8657K(8896K)->8657K(8896K) Class: 1303K(1472K)->1303K(1472K)
[303.794s][info][gc             ] GC(272) Pause Young (Allocation Failure) 277M->5M(989M) 4.265ms
[303.794s][info][gc,cpu         ] GC(272) User=0.00s Sys=0.00s Real=0.00s
[304.939s][info][gc,start       ] GC(273) Pause Young (Allocation Failure)
[304.943s][info][gc,heap        ] GC(273) DefNew: 280823K(314560K)->1230K(314560K) Eden: 279616K(279616K)->0K(279616K) From: 1207K(34944K)->1230K(34944K)
[304.943s][info][gc,heap        ] GC(273) Tenured: 4081K(699072K)->4081K(699072K)
[304.943s][info][gc,metaspace   ] GC(273) Metaspace: 9960K(10368K)->9960K(10368K) NonClass: 8657K(8896K)->8657K(8896K) Class: 1303K(1472K)->1303K(1472K)
[304.943s][info][gc             ] GC(273) Pause Young (Allocation Failure) 278M->5M(989M) 4.335ms
[304.943s][info][gc,cpu         ] GC(273) User=0.02s Sys=0.00s Real=0.02s
[306.063s][info][gc,start       ] GC(274) Pause Young (Allocation Failure)
[306.067s][info][gc,heap        ] GC(274) DefNew: 280846K(314560K)->1215K(314560K) Eden: 279616K(279616K)->0K(279616K) From: 1230K(34944K)->1215K(34944K)
[306.067s][info][gc,heap        ] GC(274) Tenured: 4081K(699072K)->4081K(699072K)
[306.067s][info][gc,metaspace   ] GC(274) Metaspace: 9960K(10368K)->9960K(10368K) NonClass: 8657K(8896K)->8657K(8896K) Class: 1303K(1472K)->1303K(1472K)
[306.067s][info][gc             ] GC(274) Pause Young (Allocation Failure) 278M->5M(989M) 3.887ms
[306.067s][info][gc,cpu         ] GC(274) User=0.02s Sys=0.00s Real=0.02s
[307.209s][info][gc,start       ] GC(275) Pause Young (Allocation Failure)
[307.213s][info][gc,heap        ] GC(275) DefNew: 280831K(314560K)->1319K(314560K) Eden: 279616K(279616K)->0K(279616K) From: 1215K(34944K)->1319K(34944K)
[307.213s][info][gc,heap        ] GC(275) Tenured: 4081K(699072K)->4081K(699072K)
[307.213s][info][gc,metaspace   ] GC(275) Metaspace: 9960K(10368K)->9960K(10368K) NonClass: 8657K(8896K)->8657K(8896K) Class: 1303K(1472K)->1303K(1472K)
[307.213s][info][gc             ] GC(275) Pause Young (Allocation Failure) 278M->5M(989M) 4.196ms
[307.213s][info][gc,cpu         ] GC(275) User=0.00s Sys=0.00s Real=0.00s
[308.369s][info][gc,start       ] GC(276) Pause Young (Allocation Failure)
[308.372s][info][gc,heap        ] GC(276) DefNew: 280935K(314560K)->1222K(314560K) Eden: 279616K(279616K)->0K(279616K) From: 1319K(34944K)->1222K(34944K)
[308.372s][info][gc,heap        ] GC(276) Tenured: 4081K(699072K)->4081K(699072K)
[308.372s][info][gc,metaspace   ] GC(276) Metaspace: 9960K(10368K)->9960K(10368K) NonClass: 8657K(8896K)->8657K(8896K) Class: 1303K(1472K)->1303K(1472K)
[308.373s][info][gc             ] GC(276) Pause Young (Allocation Failure) 278M->5M(989M) 3.803ms
[308.373s][info][gc,cpu         ] GC(276) User=0.00s Sys=0.00s Real=0.00s
[309.334s][info][gc,start       ] GC(277) Pause Full (System.gc())
[309.334s][info][gc,phases,start] GC(277) Phase 1: Mark live objects
[309.348s][info][gc,phases      ] GC(277) Phase 1: Mark live objects 13.375ms
[309.348s][info][gc,phases,start] GC(277) Phase 2: Compute new object addresses
[309.411s][info][gc,phases      ] GC(277) Phase 2: Compute new object addresses 63.256ms
[309.411s][info][gc,phases,start] GC(277) Phase 3: Adjust pointers
[309.415s][info][gc,phases      ] GC(277) Phase 3: Adjust pointers 3.627ms
[309.415s][info][gc,phases,start] GC(277) Phase 4: Move objects
[309.415s][info][gc,phases      ] GC(277) Phase 4: Move objects 0.012ms
[309.415s][info][gc,heap        ] GC(277) DefNew: 236009K(314560K)->0K(314560K) Eden: 234787K(279616K)->0K(279616K) From: 1222K(34944K)->0K(34944K)
[309.415s][info][gc,heap        ] GC(277) Tenured: 4081K(699072K)->4082K(699072K)
[309.415s][info][gc,metaspace   ] GC(277) Metaspace: 9960K(10368K)->9960K(10368K) NonClass: 8657K(8896K)->8657K(8896K) Class: 1303K(1472K)->1303K(1472K)
[309.415s][info][gc             ] GC(277) Pause Full (System.gc()) 234M->3M(989M) 80.716ms
[309.415s][info][gc,cpu         ] GC(277) User=0.08s Sys=0.00s Real=0.08s
[310.550s][info][gc,start       ] GC(278) Pause Young (Allocation Failure)
[310.554s][info][gc,heap        ] GC(278) DefNew: 279616K(314560K)->1227K(314560K) Eden: 279616K(279616K)->0K(279616K) From: 0K(34944K)->1227K(34944K)
[310.554s][info][gc,heap        ] GC(278) Tenured: 4082K(699072K)->4082K(699072K)
[310.554s][info][gc,metaspace   ] GC(278) Metaspace: 9960K(10368K)->9960K(10368K) NonClass: 8657K(8896K)->8657K(8896K) Class: 1303K(1472K)->1303K(1472K)
[310.554s][info][gc             ] GC(278) Pause Young (Allocation Failure) 277M->5M(989M) 4.431ms
[310.554s][info][gc,cpu         ] GC(278) User=0.02s Sys=0.00s Real=0.02s
[311.666s][info][gc,start       ] GC(279) Pause Young (Allocation Failure)
[311.670s][info][gc,heap        ] GC(279) DefNew: 280843K(314560K)->1206K(314560K) Eden: 279616K(279616K)->0K(279616K) From: 1227K(34944K)->1206K(34944K)
[311.670s][info][gc,heap        ] GC(279) Tenured: 4082K(699072K)->4082K(699072K)
[311.670s][info][gc,metaspace   ] GC(279) Metaspace: 9960K(10368K)->9960K(10368K) NonClass: 8657K(8896K)->8657K(8896K) Class: 1303K(1472K)->1303K(1472K)
[311.670s][info][gc             ] GC(279) Pause Young (Allocation Failure) 278M->5M(989M) 4.203ms
[311.670s][info][gc,cpu         ] GC(279) User=0.00s Sys=0.00s Real=0.00s
[312.799s][info][gc,start       ] GC(280) Pause Young (Allocation Failure)
[312.803s][info][gc,heap        ] GC(280) DefNew: 280822K(314560K)->1261K(314560K) Eden: 279616K(279616K)->0K(279616K) From: 1206K(34944K)->1261K(34944K)
[312.803s][info][gc,heap        ] GC(280) Tenured: 4082K(699072K)->4082K(699072K)
[312.803s][info][gc,metaspace   ] GC(280) Metaspace: 9960K(10368K)->9960K(10368K) NonClass: 8657K(8896K)->8657K(8896K) Class: 1303K(1472K)->1303K(1472K)
[312.803s][info][gc             ] GC(280) Pause Young (Allocation Failure) 278M->5M(989M) 4.128ms
[312.803s][info][gc,cpu         ] GC(280) User=0.00s Sys=0.00s Real=0.00s
[313.922s][info][gc,start       ] GC(281) Pause Young (Allocation Failure)
[313.926s][info][gc,heap        ] GC(281) DefNew: 280877K(314560K)->1198K(314560K) Eden: 279616K(279616K)->0K(279616K) From: 1261K(34944K)->1198K(34944K)
[313.926s][info][gc,heap        ] GC(281) Tenured: 4082K(699072K)->4082K(699072K)
[313.926s][info][gc,metaspace   ] GC(281) Metaspace: 9960K(10368K)->9960K(10368K) NonClass: 8657K(8896K)->8657K(8896K) Class: 1303K(1472K)->1303K(1472K)
[313.926s][info][gc             ] GC(281) Pause Young (Allocation Failure) 278M->5M(989M) 4.106ms
[313.926s][info][gc,cpu         ] GC(281) User=0.02s Sys=0.00s Real=0.02s
[315.059s][info][gc,start       ] GC(282) Pause Young (Allocation Failure)
[315.062s][info][gc,heap        ] GC(282) DefNew: 280814K(314560K)->1155K(314560K) Eden: 279616K(279616K)->0K(279616K) From: 1198K(34944K)->1155K(34944K)
[315.062s][info][gc,heap        ] GC(282) Tenured: 4082K(699072K)->4082K(699072K)
[315.062s][info][gc,metaspace   ] GC(282) Metaspace: 9960K(10368K)->9960K(10368K) NonClass: 8657K(8896K)->8657K(8896K) Class: 1303K(1472K)->1303K(1472K)
[315.062s][info][gc             ] GC(282) Pause Young (Allocation Failure) 278M->5M(989M) 3.763ms
[315.062s][info][gc,cpu         ] GC(282) User=0.00s Sys=0.00s Real=0.00s
[316.001s][info][gc,start       ] GC(283) Pause Full (System.gc())
[316.001s][info][gc,phases,start] GC(283) Phase 1: Mark live objects
[316.015s][info][gc,phases      ] GC(283) Phase 1: Mark live objects 14.179ms
[316.015s][info][gc,phases,start] GC(283) Phase 2: Compute new object addresses
[316.079s][info][gc,phases      ] GC(283) Phase 2: Compute new object addresses 64.085ms
[316.079s][info][gc,phases,start] GC(283) Phase 3: Adjust pointers
[316.083s][info][gc,phases      ] GC(283) Phase 3: Adjust pointers 3.661ms
[316.083s][info][gc,phases,start] GC(283) Phase 4: Move objects
[316.083s][info][gc,phases      ] GC(283) Phase 4: Move objects 0.018ms
[316.083s][info][gc,heap        ] GC(283) DefNew: 236110K(314560K)->0K(314560K) Eden: 234954K(279616K)->0K(279616K) From: 1155K(34944K)->0K(34944K)
[316.083s][info][gc,heap        ] GC(283) Tenured: 4082K(699072K)->4081K(699072K)
[316.083s][info][gc,metaspace   ] GC(283) Metaspace: 9960K(10368K)->9960K(10368K) NonClass: 8657K(8896K)->8657K(8896K) Class: 1303K(1472K)->1303K(1472K)
[316.083s][info][gc             ] GC(283) Pause Full (System.gc()) 234M->3M(989M) 82.401ms
[316.083s][info][gc,cpu         ] GC(283) User=0.08s Sys=0.00s Real=0.08s
[317.179s][info][gc,start       ] GC(284) Pause Young (Allocation Failure)
[317.183s][info][gc,heap        ] GC(284) DefNew: 279616K(314560K)->1286K(314560K) Eden: 279616K(279616K)->0K(279616K) From: 0K(34944K)->1286K(34944K)
[317.183s][info][gc,heap        ] GC(284) Tenured: 4081K(699072K)->4081K(699072K)
[317.183s][info][gc,metaspace   ] GC(284) Metaspace: 9975K(10368K)->9975K(10368K) NonClass: 8672K(8896K)->8672K(8896K) Class: 1303K(1472K)->1303K(1472K)
[317.184s][info][gc             ] GC(284) Pause Young (Allocation Failure) 277M->5M(989M) 4.515ms
[317.184s][info][gc,cpu         ] GC(284) User=0.00s Sys=0.02s Real=0.02s
[318.291s][info][gc,start       ] GC(285) Pause Young (Allocation Failure)
[318.295s][info][gc,heap        ] GC(285) DefNew: 280902K(314560K)->1238K(314560K) Eden: 279616K(279616K)->0K(279616K) From: 1286K(34944K)->1238K(34944K)
[318.295s][info][gc,heap        ] GC(285) Tenured: 4081K(699072K)->4081K(699072K)
[318.295s][info][gc,metaspace   ] GC(285) Metaspace: 9975K(10368K)->9975K(10368K) NonClass: 8672K(8896K)->8672K(8896K) Class: 1303K(1472K)->1303K(1472K)
[318.295s][info][gc             ] GC(285) Pause Young (Allocation Failure) 278M->5M(989M) 4.243ms
[318.295s][info][gc,cpu         ] GC(285) User=0.02s Sys=0.00s Real=0.01s
[319.428s][info][gc,start       ] GC(286) Pause Young (Allocation Failure)
[319.432s][info][gc,heap        ] GC(286) DefNew: 280854K(314560K)->1234K(314560K) Eden: 279616K(279616K)->0K(279616K) From: 1238K(34944K)->1234K(34944K)
[319.432s][info][gc,heap        ] GC(286) Tenured: 4081K(699072K)->4081K(699072K)
[319.432s][info][gc,metaspace   ] GC(286) Metaspace: 9975K(10368K)->9975K(10368K) NonClass: 8672K(8896K)->8672K(8896K) Class: 1303K(1472K)->1303K(1472K)
[319.432s][info][gc             ] GC(286) Pause Young (Allocation Failure) 278M->5M(989M) 3.914ms
[319.432s][info][gc,cpu         ] GC(286) User=0.00s Sys=0.00s Real=0.00s
[320.558s][info][gc,start       ] GC(287) Pause Young (Allocation Failure)
[320.561s][info][gc,heap        ] GC(287) DefNew: 280850K(314560K)->1239K(314560K) Eden: 279616K(279616K)->0K(279616K) From: 1234K(34944K)->1239K(34944K)
[320.561s][info][gc,heap        ] GC(287) Tenured: 4081K(699072K)->4081K(699072K)
[320.561s][info][gc,metaspace   ] GC(287) Metaspace: 9975K(10368K)->9975K(10368K) NonClass: 8672K(8896K)->8672K(8896K) Class: 1303K(1472K)->1303K(1472K)
[320.562s][info][gc             ] GC(287) Pause Young (Allocation Failure) 278M->5M(989M) 4.034ms
[320.562s][info][gc,cpu         ] GC(287) User=0.00s Sys=0.00s Real=0.00s
[321.683s][info][gc,start       ] GC(288) Pause Young (Allocation Failure)
[321.686s][info][gc,heap        ] GC(288) DefNew: 280855K(314560K)->1181K(314560K) Eden: 279616K(279616K)->0K(279616K) From: 1239K(34944K)->1181K(34944K)
[321.686s][info][gc,heap        ] GC(288) Tenured: 4081K(699072K)->4081K(699072K)
[321.686s][info][gc,metaspace   ] GC(288) Metaspace: 9975K(10368K)->9975K(10368K) NonClass: 8672K(8896K)->8672K(8896K) Class: 1303K(1472K)->1303K(1472K)
[321.686s][info][gc             ] GC(288) Pause Young (Allocation Failure) 278M->5M(989M) 3.775ms
[321.686s][info][gc,cpu         ] GC(288) User=0.00s Sys=0.00s Real=0.00s
[322.647s][info][gc,start       ] GC(289) Pause Full (System.gc())
[322.647s][info][gc,phases,start] GC(289) Phase 1: Mark live objects
[322.660s][info][gc,phases      ] GC(289) Phase 1: Mark live objects 13.258ms
[322.660s][info][gc,phases,start] GC(289) Phase 2: Compute new object addresses
[322.723s][info][gc,phases      ] GC(289) Phase 2: Compute new object addresses 62.771ms
[322.723s][info][gc,phases,start] GC(289) Phase 3: Adjust pointers
[322.726s][info][gc,phases      ] GC(289) Phase 3: Adjust pointers 3.565ms
[322.726s][info][gc,phases,start] GC(289) Phase 4: Move objects
[322.726s][info][gc,phases      ] GC(289) Phase 4: Move objects 0.012ms
[322.727s][info][gc,heap        ] GC(289) DefNew: 238026K(314560K)->0K(314560K) Eden: 236845K(279616K)->0K(279616K) From: 1181K(34944K)->0K(34944K)
[322.727s][info][gc,heap        ] GC(289) Tenured: 4081K(699072K)->4082K(699072K)
[322.727s][info][gc,metaspace   ] GC(289) Metaspace: 9975K(10368K)->9975K(10368K) NonClass: 8672K(8896K)->8672K(8896K) Class: 1303K(1472K)->1303K(1472K)
[322.727s][info][gc             ] GC(289) Pause Full (System.gc()) 236M->3M(989M) 80.041ms
[322.727s][info][gc,cpu         ] GC(289) User=0.08s Sys=0.00s Real=0.08s
[323.837s][info][gc,start       ] GC(290) Pause Young (Allocation Failure)
[323.841s][info][gc,heap        ] GC(290) DefNew: 279616K(314560K)->1200K(314560K) Eden: 279616K(279616K)->0K(279616K) From: 0K(34944K)->1200K(34944K)
[323.841s][info][gc,heap        ] GC(290) Tenured: 4082K(699072K)->4082K(699072K)
[323.842s][info][gc,metaspace   ] GC(290) Metaspace: 9975K(10368K)->9975K(10368K) NonClass: 8672K(8896K)->8672K(8896K) Class: 1303K(1472K)->1303K(1472K)
[323.842s][info][gc             ] GC(290) Pause Young (Allocation Failure) 277M->5M(989M) 4.366ms
[323.842s][info][gc,cpu         ] GC(290) User=0.00s Sys=0.00s Real=0.00s
[324.967s][info][gc,start       ] GC(291) Pause Young (Allocation Failure)
[324.971s][info][gc,heap        ] GC(291) DefNew: 280816K(314560K)->1241K(314560K) Eden: 279616K(279616K)->0K(279616K) From: 1200K(34944K)->1241K(34944K)
[324.971s][info][gc,heap        ] GC(291) Tenured: 4082K(699072K)->4082K(699072K)
[324.971s][info][gc,metaspace   ] GC(291) Metaspace: 9975K(10368K)->9975K(10368K) NonClass: 8672K(8896K)->8672K(8896K) Class: 1303K(1472K)->1303K(1472K)
[324.971s][info][gc             ] GC(291) Pause Young (Allocation Failure) 278M->5M(989M) 4.182ms
[324.971s][info][gc,cpu         ] GC(291) User=0.00s Sys=0.00s Real=0.00s
[326.102s][info][gc,start       ] GC(292) Pause Young (Allocation Failure)
[326.106s][info][gc,heap        ] GC(292) DefNew: 280857K(314560K)->1250K(314560K) Eden: 279616K(279616K)->0K(279616K) From: 1241K(34944K)->1250K(34944K)
[326.106s][info][gc,heap        ] GC(292) Tenured: 4082K(699072K)->4082K(699072K)
[326.106s][info][gc,metaspace   ] GC(292) Metaspace: 9975K(10368K)->9975K(10368K) NonClass: 8672K(8896K)->8672K(8896K) Class: 1303K(1472K)->1303K(1472K)
[326.106s][info][gc             ] GC(292) Pause Young (Allocation Failure) 278M->5M(989M) 4.078ms
[326.106s][info][gc,cpu         ] GC(292) User=0.00s Sys=0.00s Real=0.00s
[327.213s][info][gc,start       ] GC(293) Pause Young (Allocation Failure)
[327.217s][info][gc,heap        ] GC(293) DefNew: 280866K(314560K)->1160K(314560K) Eden: 279616K(279616K)->0K(279616K) From: 1250K(34944K)->1160K(34944K)
[327.217s][info][gc,heap        ] GC(293) Tenured: 4082K(699072K)->4082K(699072K)
[327.217s][info][gc,metaspace   ] GC(293) Metaspace: 9975K(10368K)->9975K(10368K) NonClass: 8672K(8896K)->8672K(8896K) Class: 1303K(1472K)->1303K(1472K)
[327.217s][info][gc             ] GC(293) Pause Young (Allocation Failure) 278M->5M(989M) 3.816ms
[327.217s][info][gc,cpu         ] GC(293) User=0.00s Sys=0.00s Real=0.00s
[328.349s][info][gc,start       ] GC(294) Pause Young (Allocation Failure)
[328.353s][info][gc,heap        ] GC(294) DefNew: 280776K(314560K)->1203K(314560K) Eden: 279616K(279616K)->0K(279616K) From: 1160K(34944K)->1203K(34944K)
[328.353s][info][gc,heap        ] GC(294) Tenured: 4082K(699072K)->4082K(699072K)
[328.353s][info][gc,metaspace   ] GC(294) Metaspace: 9975K(10368K)->9975K(10368K) NonClass: 8672K(8896K)->8672K(8896K) Class: 1303K(1472K)->1303K(1472K)
[328.353s][info][gc             ] GC(294) Pause Young (Allocation Failure) 278M->5M(989M) 3.795ms
[328.353s][info][gc,cpu         ] GC(294) User=0.00s Sys=0.00s Real=0.00s
[329.322s][info][gc,start       ] GC(295) Pause Full (System.gc())
[329.323s][info][gc,phases,start] GC(295) Phase 1: Mark live objects
[329.337s][info][gc,phases      ] GC(295) Phase 1: Mark live objects 14.164ms
[329.337s][info][gc,phases,start] GC(295) Phase 2: Compute new object addresses
[329.403s][info][gc,phases      ] GC(295) Phase 2: Compute new object addresses 66.159ms
[329.403s][info][gc,phases,start] GC(295) Phase 3: Adjust pointers
[329.407s][info][gc,phases      ] GC(295) Phase 3: Adjust pointers 3.693ms
[329.407s][info][gc,phases,start] GC(295) Phase 4: Move objects
[329.407s][info][gc,phases      ] GC(295) Phase 4: Move objects 0.012ms
[329.407s][info][gc,heap        ] GC(295) DefNew: 241111K(314560K)->0K(314560K) Eden: 239908K(279616K)->0K(279616K) From: 1203K(34944K)->0K(34944K)
[329.407s][info][gc,heap        ] GC(295) Tenured: 4082K(699072K)->4082K(699072K)
[329.407s][info][gc,metaspace   ] GC(295) Metaspace: 9975K(10368K)->9975K(10368K) NonClass: 8672K(8896K)->8672K(8896K) Class: 1303K(1472K)->1303K(1472K)
[329.407s][info][gc             ] GC(295) Pause Full (System.gc()) 239M->3M(989M) 84.481ms
[329.407s][info][gc,cpu         ] GC(295) User=0.08s Sys=0.00s Real=0.08s
[330.516s][info][gc,start       ] GC(296) Pause Young (Allocation Failure)
[330.521s][info][gc,heap        ] GC(296) DefNew: 279616K(314560K)->1396K(314560K) Eden: 279616K(279616K)->0K(279616K) From: 0K(34944K)->1396K(34944K)
[330.521s][info][gc,heap        ] GC(296) Tenured: 4082K(699072K)->4082K(699072K)
[330.521s][info][gc,metaspace   ] GC(296) Metaspace: 9975K(10368K)->9975K(10368K) NonClass: 8672K(8896K)->8672K(8896K) Class: 1303K(1472K)->1303K(1472K)
[330.521s][info][gc             ] GC(296) Pause Young (Allocation Failure) 277M->5M(989M) 4.766ms
[330.521s][info][gc,cpu         ] GC(296) User=0.00s Sys=0.00s Real=0.00s
[331.649s][info][gc,start       ] GC(297) Pause Young (Allocation Failure)
[331.653s][info][gc,heap        ] GC(297) DefNew: 281012K(314560K)->1297K(314560K) Eden: 279616K(279616K)->0K(279616K) From: 1396K(34944K)->1297K(34944K)
[331.653s][info][gc,heap        ] GC(297) Tenured: 4082K(699072K)->4082K(699072K)
[331.653s][info][gc,metaspace   ] GC(297) Metaspace: 9975K(10368K)->9975K(10368K) NonClass: 8672K(8896K)->8672K(8896K) Class: 1303K(1472K)->1303K(1472K)
[331.653s][info][gc             ] GC(297) Pause Young (Allocation Failure) 278M->5M(989M) 4.293ms
[331.653s][info][gc,cpu         ] GC(297) User=0.00s Sys=0.00s Real=0.00s
[332.703s][info][gc,start       ] GC(298) Pause Young (Allocation Failure)
[332.707s][info][gc,heap        ] GC(298) DefNew: 280913K(314560K)->1154K(314560K) Eden: 279616K(279616K)->0K(279616K) From: 1297K(34944K)->1154K(34944K)
[332.707s][info][gc,heap        ] GC(298) Tenured: 4082K(699072K)->4082K(699072K)
[332.707s][info][gc,metaspace   ] GC(298) Metaspace: 9975K(10368K)->9975K(10368K) NonClass: 8672K(8896K)->8672K(8896K) Class: 1303K(1472K)->1303K(1472K)
[332.707s][info][gc             ] GC(298) Pause Young (Allocation Failure) 278M->5M(989M) 4.155ms
[332.707s][info][gc,cpu         ] GC(298) User=0.00s Sys=0.00s Real=0.00s
[333.801s][info][gc,start       ] GC(299) Pause Young (Allocation Failure)
[333.805s][info][gc,heap        ] GC(299) DefNew: 280770K(314560K)->1258K(314560K) Eden: 279616K(279616K)->0K(279616K) From: 1154K(34944K)->1258K(34944K)
[333.805s][info][gc,heap        ] GC(299) Tenured: 4082K(699072K)->4082K(699072K)
[333.805s][info][gc,metaspace   ] GC(299) Metaspace: 9975K(10368K)->9975K(10368K) NonClass: 8672K(8896K)->8672K(8896K) Class: 1303K(1472K)->1303K(1472K)
[333.805s][info][gc             ] GC(299) Pause Young (Allocation Failure) 278M->5M(989M) 4.354ms
[333.806s][info][gc,cpu         ] GC(299) User=0.00s Sys=0.00s Real=0.00s
[334.952s][info][gc,start       ] GC(300) Pause Young (Allocation Failure)
[334.956s][info][gc,heap        ] GC(300) DefNew: 280874K(314560K)->1200K(314560K) Eden: 279616K(279616K)->0K(279616K) From: 1258K(34944K)->1200K(34944K)
[334.956s][info][gc,heap        ] GC(300) Tenured: 4082K(699072K)->4082K(699072K)
[334.956s][info][gc,metaspace   ] GC(300) Metaspace: 9975K(10368K)->9975K(10368K) NonClass: 8672K(8896K)->8672K(8896K) Class: 1303K(1472K)->1303K(1472K)
[334.956s][info][gc             ] GC(300) Pause Young (Allocation Failure) 278M->5M(989M) 3.819ms
[334.956s][info][gc,cpu         ] GC(300) User=0.02s Sys=0.00s Real=0.02s
[335.926s][info][gc,heap,exit   ] Heap
[335.926s][info][gc,heap,exit   ]  def new generation   total 314560K, used 239091K [0x00000000c0000000, 0x00000000d5550000, 0x00000000d5550000)
[335.926s][info][gc,heap,exit   ]   eden space 279616K,  85% used [0x00000000c0000000, 0x00000000ce850c30, 0x00000000d1110000)
[335.926s][info][gc,heap,exit   ]   from space 34944K,   3% used [0x00000000d3330000, 0x00000000d345c150, 0x00000000d5550000)
[335.926s][info][gc,heap,exit   ]   to   space 34944K,   0% used [0x00000000d1110000, 0x00000000d1110000, 0x00000000d3330000)
[335.926s][info][gc,heap,exit   ]  tenured generation   total 699072K, used 4082K [0x00000000d5550000, 0x0000000100000000, 0x0000000100000000)
[335.926s][info][gc,heap,exit   ]    the space 699072K,   0% used [0x00000000d5550000, 0x00000000d594c930, 0x00000000d594ca00, 0x0000000100000000)
[335.926s][info][gc,heap,exit   ]  Metaspace       used 10036K, committed 10432K, reserved 1114112K
[335.926s][info][gc,heap,exit   ]   class space    used 1312K, committed 1472K, reserved 1048576K
