[0.019s][info][gc,init] Initializing The Z Garbage Collector
[0.019s][info][gc,init] Version: 20+36-2344 (release)
[0.019s][info][gc,init] NUMA Support: Disabled
[0.019s][info][gc,init] CPUs: 48 total, 48 available
[0.019s][info][gc,init] Memory: 391843M
[0.019s][info][gc,init] Large Page Support: Disabled
[0.019s][info][gc,init] GC Workers: 10 (dynamic)
[0.021s][info][gc,init] Address Space Type: Contiguous/Unrestricted/Complete
[0.021s][info][gc,init] Address Space Size: 16384M x 3 = 49152M
[0.021s][info][gc,init] Min Capacity: 8M
[0.021s][info][gc,init] Initial Capacity: 1024M
[0.026s][info][gc,init] Max Capacity: 1024M
[0.026s][info][gc,init] Medium Page Size: 32M
[0.026s][info][gc,init] Pre-touch: Disabled
[0.027s][info][gc,init] Uncommit: Enabled
[0.027s][info][gc,init] Uncommit Delay: 300s
[0.070s][info][gc,init] Runtime Workers: 10
[0.071s][info][gc     ] Using The Z Garbage Collector
[0.072s][info][gc,metaspace] CDS archive(s) mapped at: [0x0000000800000000-0x0000000800c60000-0x0000000800c60000), size 12976128, SharedBaseAddress: 0x0000000800000000, ArchiveRelocationMode: 0.
[0.072s][info][gc,metaspace] Compressed class space mapped at: 0x0000000801000000-0x0000000841000000, reserved size: 1073741824
[0.072s][info][gc,metaspace] Narrow klass base: 0x0000000800000000, Narrow klass shift: 0, Narrow klass range: 0x100000000
[1.305s][info][gc,start    ] GC(0) Garbage Collection (System.gc())
[1.306s][info][gc,task     ] GC(0) Using 10 workers
[1.306s][info][gc,phases   ] GC(0) Pause Mark Start 0.016ms
[1.322s][info][gc,phases   ] GC(0) Concurrent Mark 16.218ms
[1.322s][info][gc,phases   ] GC(0) Pause Mark End 0.020ms
[1.322s][info][gc,phases   ] GC(0) Concurrent Mark Free 0.001ms
[1.323s][info][gc,phases   ] GC(0) Concurrent Process Non-Strong References 0.986ms
[1.323s][info][gc,phases   ] GC(0) Concurrent Reset Relocation Set 0.001ms
[1.338s][info][gc,phases   ] GC(0) Concurrent Select Relocation Set 14.229ms
[1.338s][info][gc,phases   ] GC(0) Pause Relocate Start 0.010ms
[1.341s][info][gc,phases   ] GC(0) Concurrent Relocate 3.504ms
[1.341s][info][gc,load     ] GC(0) Load: 0.00/0.00/0.00
[1.341s][info][gc,mmu      ] GC(0) MMU: 2ms/99.0%, 5ms/99.6%, 10ms/99.8%, 20ms/99.8%, 50ms/99.9%, 100ms/100.0%
[1.341s][info][gc,marking  ] GC(0) Mark: 8 stripe(s), 2 proactive flush(es), 1 terminate flush(es), 0 completion(s), 0 continuation(s) 
[1.341s][info][gc,marking  ] GC(0) Mark Stack Usage: 32M
[1.341s][info][gc,nmethod  ] GC(0) NMethods: 1071 registered, 109 unregistered
[1.341s][info][gc,metaspace] GC(0) Metaspace: 8M used, 8M committed, 1088M reserved
[1.341s][info][gc,ref      ] GC(0) Soft: 166 encountered, 0 discovered, 0 enqueued
[1.342s][info][gc,ref      ] GC(0) Weak: 769 encountered, 445 discovered, 258 enqueued
[1.342s][info][gc,ref      ] GC(0) Final: 0 encountered, 0 discovered, 0 enqueued
[1.342s][info][gc,ref      ] GC(0) Phantom: 217 encountered, 205 discovered, 190 enqueued
[1.342s][info][gc,reloc    ] GC(0) Small Pages: 13 / 26M, Empty: 0M, Relocated: 4M, In-Place: 0
[1.342s][info][gc,reloc    ] GC(0) Medium Pages: 0 / 0M, Empty: 0M, Relocated: 0M, In-Place: 0
[1.342s][info][gc,reloc    ] GC(0) Large Pages: 0 / 0M, Empty: 0M, Relocated: 0M, In-Place: 0
[1.342s][info][gc,reloc    ] GC(0) Forwarding Usage: 1M
[1.342s][info][gc,heap     ] GC(0) Min Capacity: 8M(1%)
[1.342s][info][gc,heap     ] GC(0) Max Capacity: 1024M(100%)
[1.342s][info][gc,heap     ] GC(0) Soft Max Capacity: 1024M(100%)
[1.342s][info][gc,heap     ] GC(0)                Mark Start          Mark End        Relocate Start      Relocate End           High               Low         
[1.342s][info][gc,heap     ] GC(0)  Capacity:     1024M (100%)       1024M (100%)       1024M (100%)       1024M (100%)       1024M (100%)       1024M (100%)   
[1.342s][info][gc,heap     ] GC(0)      Free:      998M (97%)         998M (97%)         996M (97%)        1002M (98%)        1002M (98%)         976M (95%)    
[1.342s][info][gc,heap     ] GC(0)      Used:       26M (3%)           26M (3%)           28M (3%)           22M (2%)           48M (5%)           22M (2%)     
[1.342s][info][gc,heap     ] GC(0)      Live:         -                 4M (0%)            4M (0%)            4M (0%)             -                  -          
[1.342s][info][gc,heap     ] GC(0) Allocated:         -                 0M (0%)            2M (0%)            2M (0%)             -                  -          
[1.342s][info][gc,heap     ] GC(0)   Garbage:         -                21M (2%)           21M (2%)           15M (2%)             -                  -          
[1.342s][info][gc,heap     ] GC(0) Reclaimed:         -                  -                 0M (0%)            6M (1%)             -                  -          
[1.342s][info][gc          ] GC(0) Garbage Collection (System.gc()) 26M(3%)->22M(2%)
[1.811s][info][gc,start    ] GC(1) Garbage Collection (Warmup)
[1.811s][info][gc,task     ] GC(1) Using 10 workers
[1.811s][info][gc,phases   ] GC(1) Pause Mark Start 0.016ms
[1.827s][info][gc,phases   ] GC(1) Concurrent Mark 15.121ms
[1.827s][info][gc,phases   ] GC(1) Pause Mark End 0.022ms
[1.827s][info][gc,phases   ] GC(1) Concurrent Mark Free 0.002ms
[1.834s][info][gc,phases   ] GC(1) Concurrent Process Non-Strong References 6.473ms
[1.834s][info][gc,phases   ] GC(1) Concurrent Reset Relocation Set 0.003ms
[1.841s][info][gc,phases   ] GC(1) Concurrent Select Relocation Set 6.859ms
[1.841s][info][gc,phases   ] GC(1) Pause Relocate Start 0.014ms
[1.846s][info][gc,phases   ] GC(1) Concurrent Relocate 4.937ms
[1.846s][info][gc,load     ] GC(1) Load: 0.00/0.00/0.00
[1.846s][info][gc,mmu      ] GC(1) MMU: 2ms/98.9%, 5ms/99.6%, 10ms/99.8%, 20ms/99.8%, 50ms/99.9%, 100ms/99.9%
[1.846s][info][gc,marking  ] GC(1) Mark: 8 stripe(s), 2 proactive flush(es), 1 terminate flush(es), 0 completion(s), 0 continuation(s) 
[1.846s][info][gc,marking  ] GC(1) Mark Stack Usage: 32M
[1.846s][info][gc,nmethod  ] GC(1) NMethods: 1778 registered, 164 unregistered
[1.846s][info][gc,metaspace] GC(1) Metaspace: 9M used, 9M committed, 1088M reserved
[1.846s][info][gc,ref      ] GC(1) Soft: 212 encountered, 0 discovered, 0 enqueued
[1.846s][info][gc,ref      ] GC(1) Weak: 952 encountered, 176 discovered, 168 enqueued
[1.846s][info][gc,ref      ] GC(1) Final: 0 encountered, 0 discovered, 0 enqueued
[1.846s][info][gc,ref      ] GC(1) Phantom: 143 encountered, 131 discovered, 116 enqueued
[1.846s][info][gc,reloc    ] GC(1) Small Pages: 56 / 112M, Empty: 4M, Relocated: 6M, In-Place: 0
[1.846s][info][gc,reloc    ] GC(1) Medium Pages: 0 / 0M, Empty: 0M, Relocated: 0M, In-Place: 0
[1.846s][info][gc,reloc    ] GC(1) Large Pages: 0 / 0M, Empty: 0M, Relocated: 0M, In-Place: 0
[1.846s][info][gc,reloc    ] GC(1) Forwarding Usage: 2M
[1.846s][info][gc,heap     ] GC(1) Min Capacity: 8M(1%)
[1.846s][info][gc,heap     ] GC(1) Max Capacity: 1024M(100%)
[1.846s][info][gc,heap     ] GC(1) Soft Max Capacity: 1024M(100%)
[1.846s][info][gc,heap     ] GC(1)                Mark Start          Mark End        Relocate Start      Relocate End           High               Low         
[1.846s][info][gc,heap     ] GC(1)  Capacity:     1024M (100%)       1024M (100%)       1024M (100%)       1024M (100%)       1024M (100%)       1024M (100%)   
[1.847s][info][gc,heap     ] GC(1)      Free:      912M (89%)         906M (88%)         906M (88%)         994M (97%)         994M (97%)         894M (87%)    
[1.847s][info][gc,heap     ] GC(1)      Used:      112M (11%)         118M (12%)         118M (12%)          30M (3%)          130M (13%)          30M (3%)     
[1.847s][info][gc,heap     ] GC(1)      Live:         -                 6M (1%)            6M (1%)            6M (1%)             -                  -          
[1.847s][info][gc,heap     ] GC(1) Allocated:         -                 6M (1%)           10M (1%)            9M (1%)             -                  -          
[1.847s][info][gc,heap     ] GC(1)   Garbage:         -               105M (10%)         101M (10%)          13M (1%)             -                  -          
[1.847s][info][gc,heap     ] GC(1) Reclaimed:         -                  -                 4M (0%)           91M (9%)             -                  -          
[1.847s][info][gc          ] GC(1) Garbage Collection (Warmup) 112M(11%)->30M(3%)
[2.506s][info][gc,start    ] GC(2) Garbage Collection (Warmup)
[2.506s][info][gc,task     ] GC(2) Using 10 workers
[2.506s][info][gc,phases   ] GC(2) Pause Mark Start 0.016ms
[2.522s][info][gc,phases   ] GC(2) Concurrent Mark 15.153ms
[2.522s][info][gc,phases   ] GC(2) Pause Mark End 0.022ms
[2.522s][info][gc,phases   ] GC(2) Concurrent Mark Free 0.001ms
[2.523s][info][gc,phases   ] GC(2) Concurrent Process Non-Strong References 1.385ms
[2.523s][info][gc,phases   ] GC(2) Concurrent Reset Relocation Set 0.010ms
[2.527s][info][gc,phases   ] GC(2) Concurrent Select Relocation Set 4.029ms
[2.528s][info][gc,phases   ] GC(2) Pause Relocate Start 0.008ms
[2.531s][info][gc,phases   ] GC(2) Concurrent Relocate 3.161ms
[2.531s][info][gc,load     ] GC(2) Load: 0.00/0.00/0.00
[2.531s][info][gc,mmu      ] GC(2) MMU: 2ms/98.9%, 5ms/99.6%, 10ms/99.7%, 20ms/99.8%, 50ms/99.9%, 100ms/99.9%
[2.531s][info][gc,marking  ] GC(2) Mark: 8 stripe(s), 2 proactive flush(es), 1 terminate flush(es), 0 completion(s), 0 continuation(s) 
[2.531s][info][gc,marking  ] GC(2) Mark Stack Usage: 32M
[2.531s][info][gc,nmethod  ] GC(2) NMethods: 1797 registered, 209 unregistered
[2.531s][info][gc,metaspace] GC(2) Metaspace: 9M used, 9M committed, 1088M reserved
[2.531s][info][gc,ref      ] GC(2) Soft: 212 encountered, 0 discovered, 0 enqueued
[2.531s][info][gc,ref      ] GC(2) Weak: 785 encountered, 9 discovered, 0 enqueued
[2.531s][info][gc,ref      ] GC(2) Final: 0 encountered, 0 discovered, 0 enqueued
[2.531s][info][gc,ref      ] GC(2) Phantom: 27 encountered, 24 discovered, 0 enqueued
[2.531s][info][gc,reloc    ] GC(2) Small Pages: 111 / 222M, Empty: 78M, Relocated: 4M, In-Place: 0
[2.531s][info][gc,reloc    ] GC(2) Medium Pages: 0 / 0M, Empty: 0M, Relocated: 0M, In-Place: 0
[2.531s][info][gc,reloc    ] GC(2) Large Pages: 0 / 0M, Empty: 0M, Relocated: 0M, In-Place: 0
[2.531s][info][gc,reloc    ] GC(2) Forwarding Usage: 1M
[2.531s][info][gc,heap     ] GC(2) Min Capacity: 8M(1%)
[2.531s][info][gc,heap     ] GC(2) Max Capacity: 1024M(100%)
[2.531s][info][gc,heap     ] GC(2) Soft Max Capacity: 1024M(100%)
[2.531s][info][gc,heap     ] GC(2)                Mark Start          Mark End        Relocate Start      Relocate End           High               Low         
[2.531s][info][gc,heap     ] GC(2)  Capacity:     1024M (100%)       1024M (100%)       1024M (100%)       1024M (100%)       1024M (100%)       1024M (100%)   
[2.531s][info][gc,heap     ] GC(2)      Free:      802M (78%)         796M (78%)         872M (85%)         994M (97%)         994M (97%)         794M (78%)    
[2.532s][info][gc,heap     ] GC(2)      Used:      222M (22%)         228M (22%)         152M (15%)          30M (3%)          230M (22%)          30M (3%)     
[2.532s][info][gc,heap     ] GC(2)      Live:         -                 6M (1%)            6M (1%)            6M (1%)             -                  -          
[2.532s][info][gc,heap     ] GC(2) Allocated:         -                 6M (1%)            8M (1%)            7M (1%)             -                  -          
[2.532s][info][gc,heap     ] GC(2)   Garbage:         -               215M (21%)         137M (13%)          15M (2%)             -                  -          
[2.532s][info][gc,heap     ] GC(2) Reclaimed:         -                  -                78M (8%)          199M (20%)            -                  -          
[2.532s][info][gc          ] GC(2) Garbage Collection (Warmup) 222M(22%)->30M(3%)
[3.499s][info][gc,start    ] GC(3) Garbage Collection (Warmup)
[3.499s][info][gc,task     ] GC(3) Using 10 workers
[3.499s][info][gc,phases   ] GC(3) Pause Mark Start 0.017ms
[3.509s][info][gc,phases   ] GC(3) Concurrent Mark 10.478ms
[3.510s][info][gc,phases   ] GC(3) Pause Mark End 0.019ms
[3.510s][info][gc,phases   ] GC(3) Concurrent Mark Free 0.001ms
[3.511s][info][gc,phases   ] GC(3) Concurrent Process Non-Strong References 1.138ms
[3.511s][info][gc,phases   ] GC(3) Concurrent Reset Relocation Set 0.011ms
[3.518s][info][gc,phases   ] GC(3) Concurrent Select Relocation Set 6.938ms
[3.518s][info][gc,phases   ] GC(3) Pause Relocate Start 0.010ms
[3.521s][info][gc,phases   ] GC(3) Concurrent Relocate 3.222ms
[3.522s][info][gc,load     ] GC(3) Load: 0.00/0.00/0.00
[3.522s][info][gc,mmu      ] GC(3) MMU: 2ms/98.9%, 5ms/99.6%, 10ms/99.7%, 20ms/99.8%, 50ms/99.9%, 100ms/99.9%
[3.522s][info][gc,marking  ] GC(3) Mark: 8 stripe(s), 2 proactive flush(es), 1 terminate flush(es), 0 completion(s), 0 continuation(s) 
[3.522s][info][gc,marking  ] GC(3) Mark Stack Usage: 32M
[3.522s][info][gc,nmethod  ] GC(3) NMethods: 1797 registered, 229 unregistered
[3.522s][info][gc,metaspace] GC(3) Metaspace: 9M used, 9M committed, 1088M reserved
[3.522s][info][gc,ref      ] GC(3) Soft: 212 encountered, 0 discovered, 0 enqueued
[3.522s][info][gc,ref      ] GC(3) Weak: 785 encountered, 103 discovered, 0 enqueued
[3.522s][info][gc,ref      ] GC(3) Final: 0 encountered, 0 discovered, 0 enqueued
[3.522s][info][gc,ref      ] GC(3) Phantom: 27 encountered, 14 discovered, 0 enqueued
[3.522s][info][gc,reloc    ] GC(3) Small Pages: 159 / 318M, Empty: 164M, Relocated: 5M, In-Place: 0
[3.522s][info][gc,reloc    ] GC(3) Medium Pages: 0 / 0M, Empty: 0M, Relocated: 0M, In-Place: 0
[3.522s][info][gc,reloc    ] GC(3) Large Pages: 0 / 0M, Empty: 0M, Relocated: 0M, In-Place: 0
[3.522s][info][gc,reloc    ] GC(3) Forwarding Usage: 2M
[3.522s][info][gc,heap     ] GC(3) Min Capacity: 8M(1%)
[3.522s][info][gc,heap     ] GC(3) Max Capacity: 1024M(100%)
[3.522s][info][gc,heap     ] GC(3) Soft Max Capacity: 1024M(100%)
[3.522s][info][gc,heap     ] GC(3)                Mark Start          Mark End        Relocate Start      Relocate End           High               Low         
[3.522s][info][gc,heap     ] GC(3)  Capacity:     1024M (100%)       1024M (100%)       1024M (100%)       1024M (100%)       1024M (100%)       1024M (100%)   
[3.522s][info][gc,heap     ] GC(3)      Free:      706M (69%)         700M (68%)         864M (84%)         994M (97%)         994M (97%)         700M (68%)    
[3.522s][info][gc,heap     ] GC(3)      Used:      318M (31%)         324M (32%)         160M (16%)          30M (3%)          324M (32%)          30M (3%)     
[3.522s][info][gc,heap     ] GC(3)      Live:         -                 6M (1%)            6M (1%)            6M (1%)             -                  -          
[3.522s][info][gc,heap     ] GC(3) Allocated:         -                 6M (1%)            6M (1%)            7M (1%)             -                  -          
[3.522s][info][gc,heap     ] GC(3)   Garbage:         -               311M (30%)         147M (14%)          15M (2%)             -                  -          
[3.522s][info][gc,heap     ] GC(3) Reclaimed:         -                  -               164M (16%)         295M (29%)            -                  -          
[3.522s][info][gc          ] GC(3) Garbage Collection (Warmup) 318M(31%)->30M(3%)
[5.509s][info][gc,start    ] GC(4) Garbage Collection (Proactive)
[5.509s][info][gc,task     ] GC(4) Using 10 workers
[5.509s][info][gc,phases   ] GC(4) Pause Mark Start 0.016ms
[5.524s][info][gc,phases   ] GC(4) Concurrent Mark 15.209ms
[5.525s][info][gc,phases   ] GC(4) Pause Mark End 0.024ms
[5.525s][info][gc,phases   ] GC(4) Concurrent Mark Free 0.002ms
[5.526s][info][gc,phases   ] GC(4) Concurrent Process Non-Strong References 1.207ms
[5.526s][info][gc,phases   ] GC(4) Concurrent Reset Relocation Set 0.011ms
[5.530s][info][gc,phases   ] GC(4) Concurrent Select Relocation Set 3.992ms
[5.530s][info][gc,phases   ] GC(4) Pause Relocate Start 0.010ms
[5.534s][info][gc,phases   ] GC(4) Concurrent Relocate 4.042ms
[5.534s][info][gc,load     ] GC(4) Load: 0.00/0.00/0.00
[5.534s][info][gc,mmu      ] GC(4) MMU: 2ms/98.8%, 5ms/99.5%, 10ms/99.7%, 20ms/99.8%, 50ms/99.9%, 100ms/99.9%
[5.534s][info][gc,marking  ] GC(4) Mark: 8 stripe(s), 2 proactive flush(es), 1 terminate flush(es), 0 completion(s), 0 continuation(s) 
[5.535s][info][gc,marking  ] GC(4) Mark Stack Usage: 32M
[5.535s][info][gc,nmethod  ] GC(4) NMethods: 1799 registered, 254 unregistered
[5.535s][info][gc,metaspace] GC(4) Metaspace: 9M used, 9M committed, 1088M reserved
[5.535s][info][gc,ref      ] GC(4) Soft: 212 encountered, 0 discovered, 0 enqueued
[5.535s][info][gc,ref      ] GC(4) Weak: 785 encountered, 194 discovered, 0 enqueued
[5.535s][info][gc,ref      ] GC(4) Final: 0 encountered, 0 discovered, 0 enqueued
[5.535s][info][gc,ref      ] GC(4) Phantom: 27 encountered, 17 discovered, 0 enqueued
[5.535s][info][gc,reloc    ] GC(4) Small Pages: 323 / 646M, Empty: 522M, Relocated: 5M, In-Place: 0
[5.535s][info][gc,reloc    ] GC(4) Medium Pages: 0 / 0M, Empty: 0M, Relocated: 0M, In-Place: 0
[5.535s][info][gc,reloc    ] GC(4) Large Pages: 0 / 0M, Empty: 0M, Relocated: 0M, In-Place: 0
[5.535s][info][gc,reloc    ] GC(4) Forwarding Usage: 1M
[5.535s][info][gc,heap     ] GC(4) Min Capacity: 8M(1%)
[5.535s][info][gc,heap     ] GC(4) Max Capacity: 1024M(100%)
[5.535s][info][gc,heap     ] GC(4) Soft Max Capacity: 1024M(100%)
[5.535s][info][gc,heap     ] GC(4)                Mark Start          Mark End        Relocate Start      Relocate End           High               Low         
[5.535s][info][gc,heap     ] GC(4)  Capacity:     1024M (100%)       1024M (100%)       1024M (100%)       1024M (100%)       1024M (100%)       1024M (100%)   
[5.535s][info][gc,heap     ] GC(4)      Free:      378M (37%)         372M (36%)         892M (87%)         994M (97%)         994M (97%)         372M (36%)    
[5.535s][info][gc,heap     ] GC(4)      Used:      646M (63%)         652M (64%)         132M (13%)          30M (3%)          652M (64%)          30M (3%)     
[5.535s][info][gc,heap     ] GC(4)      Live:         -                 6M (1%)            6M (1%)            6M (1%)             -                  -          
[5.535s][info][gc,heap     ] GC(4) Allocated:         -                 6M (1%)            8M (1%)            7M (1%)             -                  -          
[5.535s][info][gc,heap     ] GC(4)   Garbage:         -               639M (62%)         117M (11%)          15M (2%)             -                  -          
[5.535s][info][gc,heap     ] GC(4) Reclaimed:         -                  -               522M (51%)         623M (61%)            -                  -          
[5.535s][info][gc          ] GC(4) Garbage Collection (Proactive) 646M(63%)->30M(3%)
[7.404s][info][gc,start    ] GC(5) Garbage Collection (Proactive)
[7.404s][info][gc,task     ] GC(5) Using 10 workers
[7.404s][info][gc,phases   ] GC(5) Pause Mark Start 0.018ms
[7.420s][info][gc,phases   ] GC(5) Concurrent Mark 15.218ms
[7.420s][info][gc,phases   ] GC(5) Pause Mark End 0.022ms
[7.420s][info][gc,phases   ] GC(5) Concurrent Mark Free 0.001ms
[7.421s][info][gc,phases   ] GC(5) Concurrent Process Non-Strong References 1.225ms
[7.421s][info][gc,phases   ] GC(5) Concurrent Reset Relocation Set 0.009ms
[7.428s][info][gc,phases   ] GC(5) Concurrent Select Relocation Set 7.244ms
[7.429s][info][gc,phases   ] GC(5) Pause Relocate Start 0.013ms
[7.432s][info][gc,phases   ] GC(5) Concurrent Relocate 3.448ms
[7.432s][info][gc,load     ] GC(5) Load: 0.00/0.00/0.00
[7.432s][info][gc,mmu      ] GC(5) MMU: 2ms/98.8%, 5ms/99.5%, 10ms/99.7%, 20ms/99.8%, 50ms/99.9%, 100ms/99.9%
[7.432s][info][gc,marking  ] GC(5) Mark: 8 stripe(s), 3 proactive flush(es), 1 terminate flush(es), 0 completion(s), 0 continuation(s) 
[7.432s][info][gc,marking  ] GC(5) Mark Stack Usage: 32M
[7.432s][info][gc,nmethod  ] GC(5) NMethods: 1800 registered, 279 unregistered
[7.432s][info][gc,metaspace] GC(5) Metaspace: 9M used, 9M committed, 1088M reserved
[7.432s][info][gc,ref      ] GC(5) Soft: 212 encountered, 0 discovered, 0 enqueued
[7.432s][info][gc,ref      ] GC(5) Weak: 785 encountered, 22 discovered, 0 enqueued
[7.432s][info][gc,ref      ] GC(5) Final: 0 encountered, 0 discovered, 0 enqueued
[7.432s][info][gc,ref      ] GC(5) Phantom: 27 encountered, 20 discovered, 0 enqueued
[7.433s][info][gc,reloc    ] GC(5) Small Pages: 313 / 626M, Empty: 532M, Relocated: 5M, In-Place: 0
[7.433s][info][gc,reloc    ] GC(5) Medium Pages: 0 / 0M, Empty: 0M, Relocated: 0M, In-Place: 0
[7.433s][info][gc,reloc    ] GC(5) Large Pages: 0 / 0M, Empty: 0M, Relocated: 0M, In-Place: 0
[7.433s][info][gc,reloc    ] GC(5) Forwarding Usage: 2M
[7.433s][info][gc,heap     ] GC(5) Min Capacity: 8M(1%)
[7.433s][info][gc,heap     ] GC(5) Max Capacity: 1024M(100%)
[7.433s][info][gc,heap     ] GC(5) Soft Max Capacity: 1024M(100%)
[7.433s][info][gc,heap     ] GC(5)                Mark Start          Mark End        Relocate Start      Relocate End           High               Low         
[7.433s][info][gc,heap     ] GC(5)  Capacity:     1024M (100%)       1024M (100%)       1024M (100%)       1024M (100%)       1024M (100%)       1024M (100%)   
[7.433s][info][gc,heap     ] GC(5)      Free:      398M (39%)         392M (38%)         922M (90%)         992M (97%)         992M (97%)         392M (38%)    
[7.433s][info][gc,heap     ] GC(5)      Used:      626M (61%)         632M (62%)         102M (10%)          32M (3%)          632M (62%)          32M (3%)     
[7.433s][info][gc,heap     ] GC(5)      Live:         -                 6M (1%)            6M (1%)            6M (1%)             -                  -          
[7.433s][info][gc,heap     ] GC(5) Allocated:         -                 6M (1%)            8M (1%)            9M (1%)             -                  -          
[7.433s][info][gc,heap     ] GC(5)   Garbage:         -               619M (61%)          87M (9%)           15M (2%)             -                  -          
[7.433s][info][gc,heap     ] GC(5) Reclaimed:         -                  -               532M (52%)         603M (59%)            -                  -          
[7.433s][info][gc          ] GC(5) Garbage Collection (Proactive) 626M(61%)->32M(3%)
[8.571s][info][gc,start    ] GC(6) Garbage Collection (System.gc())
[8.571s][info][gc,task     ] GC(6) Using 10 workers
[8.571s][info][gc,phases   ] GC(6) Pause Mark Start 0.012ms
[8.589s][info][gc,phases   ] GC(6) Concurrent Mark 18.104ms
[8.589s][info][gc,phases   ] GC(6) Pause Mark End 0.018ms
[8.590s][info][gc,phases   ] GC(6) Concurrent Mark Free 0.001ms
[8.591s][info][gc,phases   ] GC(6) Concurrent Process Non-Strong References 1.031ms
[8.591s][info][gc,phases   ] GC(6) Concurrent Reset Relocation Set 0.009ms
[8.595s][info][gc,phases   ] GC(6) Concurrent Select Relocation Set 3.873ms
[8.595s][info][gc,phases   ] GC(6) Pause Relocate Start 0.006ms
[8.598s][info][gc,phases   ] GC(6) Concurrent Relocate 3.185ms
[8.598s][info][gc,load     ] GC(6) Load: 0.00/0.00/0.00
[8.598s][info][gc,mmu      ] GC(6) MMU: 2ms/98.8%, 5ms/99.5%, 10ms/99.7%, 20ms/99.8%, 50ms/99.9%, 100ms/99.9%
[8.598s][info][gc,marking  ] GC(6) Mark: 8 stripe(s), 1 proactive flush(es), 1 terminate flush(es), 0 completion(s), 0 continuation(s) 
[8.598s][info][gc,marking  ] GC(6) Mark Stack Usage: 32M
[8.598s][info][gc,nmethod  ] GC(6) NMethods: 1800 registered, 289 unregistered
[8.598s][info][gc,metaspace] GC(6) Metaspace: 9M used, 9M committed, 1088M reserved
[8.598s][info][gc,ref      ] GC(6) Soft: 214 encountered, 0 discovered, 0 enqueued
[8.598s][info][gc,ref      ] GC(6) Weak: 814 encountered, 146 discovered, 13 enqueued
[8.598s][info][gc,ref      ] GC(6) Final: 0 encountered, 0 discovered, 0 enqueued
[8.598s][info][gc,ref      ] GC(6) Phantom: 35 encountered, 25 discovered, 8 enqueued
[8.598s][info][gc,reloc    ] GC(6) Small Pages: 197 / 394M, Empty: 368M, Relocated: 4M, In-Place: 0
[8.598s][info][gc,reloc    ] GC(6) Medium Pages: 0 / 0M, Empty: 0M, Relocated: 0M, In-Place: 0
[8.598s][info][gc,reloc    ] GC(6) Large Pages: 0 / 0M, Empty: 0M, Relocated: 0M, In-Place: 0
[8.598s][info][gc,reloc    ] GC(6) Forwarding Usage: 1M
[8.598s][info][gc,heap     ] GC(6) Min Capacity: 8M(1%)
[8.598s][info][gc,heap     ] GC(6) Max Capacity: 1024M(100%)
[8.598s][info][gc,heap     ] GC(6) Soft Max Capacity: 1024M(100%)
[8.598s][info][gc,heap     ] GC(6)                Mark Start          Mark End        Relocate Start      Relocate End           High               Low         
[8.598s][info][gc,heap     ] GC(6)  Capacity:     1024M (100%)       1024M (100%)       1024M (100%)       1024M (100%)       1024M (100%)       1024M (100%)   
[8.599s][info][gc,heap     ] GC(6)      Free:      630M (62%)         630M (62%)         996M (97%)        1002M (98%)        1002M (98%)         630M (62%)    
[8.599s][info][gc,heap     ] GC(6)      Used:      394M (38%)         394M (38%)          28M (3%)           22M (2%)          394M (38%)          22M (2%)     
[8.599s][info][gc,heap     ] GC(6)      Live:         -                 4M (0%)            4M (0%)            4M (0%)             -                  -          
[8.599s][info][gc,heap     ] GC(6) Allocated:         -                 0M (0%)            2M (0%)            2M (0%)             -                  -          
[8.599s][info][gc,heap     ] GC(6)   Garbage:         -               389M (38%)          21M (2%)           15M (1%)             -                  -          
[8.599s][info][gc,heap     ] GC(6) Reclaimed:         -                  -               368M (36%)         374M (37%)            -                  -          
[8.599s][info][gc          ] GC(6) Garbage Collection (System.gc()) 394M(38%)->22M(2%)
[10.103s][info][gc,stats    ] === Garbage Collection Statistics =======================================================================================================================
[10.103s][info][gc,stats    ]                                                              Last 10s              Last 10m              Last 10h                Total
[10.103s][info][gc,stats    ]                                                              Avg / Max             Avg / Max             Avg / Max             Avg / Max
[10.103s][info][gc,stats    ]   Collector: Garbage Collection Cycle                     28.570 / 36.033       28.570 / 36.033       28.570 / 36.033       28.570 / 36.033      ms
[10.103s][info][gc,stats    ]  Contention: Mark Segment Reset Contention                     1 / 5                 1 / 5                 1 / 5                 1 / 5           ops/s
[10.103s][info][gc,stats    ]  Contention: Mark SeqNum Reset Contention                      0 / 0                 0 / 0                 0 / 0                 0 / 0           ops/s
[10.103s][info][gc,stats    ]    Critical: Allocation Stall                                  0 / 0                 0 / 0                 0 / 0                 0 / 0           ops/s
[10.103s][info][gc,stats    ]    Critical: Allocation Stall                              0.000 / 0.000         0.000 / 0.000         0.000 / 0.000         0.000 / 0.000       ms
[10.103s][info][gc,stats    ]    Critical: GC Locker Stall                                   0 / 0                 0 / 0                 0 / 0                 0 / 0           ops/s
[10.103s][info][gc,stats    ]    Critical: GC Locker Stall                               0.000 / 0.000         0.000 / 0.000         0.000 / 0.000         0.000 / 0.000       ms
[10.103s][info][gc,stats    ]    Critical: Relocation Stall                                  0 / 0                 0 / 0                 0 / 0                 0 / 0           ops/s
[10.103s][info][gc,stats    ]    Critical: Relocation Stall                              0.000 / 0.000         0.000 / 0.000         0.000 / 0.000         0.000 / 0.000       ms
[10.103s][info][gc,stats    ]      Memory: Allocation Rate                                 274 / 332             274 / 332             274 / 332             274 / 332         MB/s
[10.103s][info][gc,stats    ]      Memory: Defragment                                        0 / 0                 0 / 0                 0 / 0                 0 / 0           ops/s
[10.103s][info][gc,stats    ]      Memory: Out Of Memory                                     0 / 0                 0 / 0                 0 / 0                 0 / 0           ops/s
[10.103s][info][gc,stats    ]      Memory: Page Cache Flush                                  0 / 0                 0 / 0                 0 / 0                 0 / 0           MB/s
[10.103s][info][gc,stats    ]      Memory: Page Cache Hit L1                               111 / 176             111 / 176             111 / 176             111 / 176         ops/s
[10.103s][info][gc,stats    ]      Memory: Page Cache Hit L2                                 0 / 0                 0 / 0                 0 / 0                 0 / 0           ops/s
[10.103s][info][gc,stats    ]      Memory: Page Cache Hit L3                                32 / 103              32 / 103              32 / 103              32 / 103         ops/s
[10.103s][info][gc,stats    ]      Memory: Page Cache Miss                                   0 / 1                 0 / 1                 0 / 1                 0 / 1           ops/s
[10.103s][info][gc,stats    ]      Memory: Uncommit                                          0 / 0                 0 / 0                 0 / 0                 0 / 0           MB/s
[10.104s][info][gc,stats    ]      Memory: Undo Object Allocation Failed                     0 / 2                 0 / 2                 0 / 2                 0 / 2           ops/s
[10.104s][info][gc,stats    ]      Memory: Undo Object Allocation Succeeded                  0 / 3                 0 / 3                 0 / 3                 0 / 3           ops/s
[10.104s][info][gc,stats    ]      Memory: Undo Page Allocation                              2 / 5                 2 / 5                 2 / 5                 2 / 5           ops/s
[10.104s][info][gc,stats    ]       Phase: Concurrent Mark                              15.072 / 18.104       15.072 / 18.104       15.072 / 18.104       15.072 / 18.104      ms
[10.104s][info][gc,stats    ]       Phase: Concurrent Mark Continue                      0.000 / 0.000         0.000 / 0.000         0.000 / 0.000         0.000 / 0.000       ms
[10.104s][info][gc,stats    ]       Phase: Concurrent Mark Free                          0.001 / 0.002         0.001 / 0.002         0.001 / 0.002         0.001 / 0.002       ms
[10.104s][info][gc,stats    ]       Phase: Concurrent Process Non-Strong References      1.921 / 6.473         1.921 / 6.473         1.921 / 6.473         1.921 / 6.473       ms
[10.104s][info][gc,stats    ]       Phase: Concurrent Relocate                           3.643 / 4.937         3.643 / 4.937         3.643 / 4.937         3.643 / 4.937       ms
[10.104s][info][gc,stats    ]       Phase: Concurrent Reset Relocation Set               0.008 / 0.011         0.008 / 0.011         0.008 / 0.011         0.008 / 0.011       ms
[10.104s][info][gc,stats    ]       Phase: Concurrent Select Relocation Set              6.738 / 14.229        6.738 / 14.229        6.738 / 14.229        6.738 / 14.229      ms
[10.104s][info][gc,stats    ]       Phase: Pause Mark End                                0.021 / 0.024         0.021 / 0.024         0.021 / 0.024         0.021 / 0.024       ms
[10.104s][info][gc,stats    ]       Phase: Pause Mark Start                              0.016 / 0.018         0.016 / 0.018         0.016 / 0.018         0.016 / 0.018       ms
[10.104s][info][gc,stats    ]       Phase: Pause Relocate Start                          0.010 / 0.014         0.010 / 0.014         0.010 / 0.014         0.010 / 0.014       ms
[10.104s][info][gc,stats    ]    Subphase: Concurrent Classes Purge                      0.272 / 0.801         0.272 / 0.801         0.272 / 0.801         0.272 / 0.801       ms
[10.104s][info][gc,stats    ]    Subphase: Concurrent Classes Unlink                     1.331 / 5.245         1.331 / 5.245         1.331 / 5.245         1.331 / 5.245       ms
[10.104s][info][gc,stats    ]    Subphase: Concurrent Mark                              13.235 / 17.083       13.235 / 17.083       13.235 / 17.083       13.235 / 17.083      ms
[10.104s][info][gc,stats    ]    Subphase: Concurrent Mark Try Flush                     0.069 / 0.127         0.069 / 0.127         0.069 / 0.127         0.069 / 0.127       ms
[10.104s][info][gc,stats    ]    Subphase: Concurrent Mark Try Terminate                 6.426 / 13.714        6.426 / 13.714        6.426 / 13.714        6.426 / 13.714      ms
[10.104s][info][gc,stats    ]    Subphase: Concurrent References Enqueue                 0.002 / 0.005         0.002 / 0.005         0.002 / 0.005         0.002 / 0.005       ms
[10.104s][info][gc,stats    ]    Subphase: Concurrent References Process                 0.051 / 0.075         0.051 / 0.075         0.051 / 0.075         0.051 / 0.075       ms
[10.104s][info][gc,stats    ]    Subphase: Concurrent Roots ClassLoaderDataGraph         0.140 / 0.868         0.140 / 0.868         0.140 / 0.868         0.140 / 0.868       ms
[10.104s][info][gc,stats    ]    Subphase: Concurrent Roots CodeCache                    0.000 / 0.000         0.000 / 0.000         0.000 / 0.000         0.000 / 0.000       ms
[10.104s][info][gc,stats    ]    Subphase: Concurrent Roots JavaThreads                  0.604 / 1.159         0.604 / 1.159         0.604 / 1.159         0.604 / 1.159       ms
[10.104s][info][gc,stats    ]    Subphase: Concurrent Roots OopStorageSet                0.030 / 0.219         0.030 / 0.219         0.030 / 0.219         0.030 / 0.219       ms
[10.104s][info][gc,stats    ]    Subphase: Concurrent Weak Roots OopStorageSet           0.149 / 0.197         0.149 / 0.197         0.149 / 0.197         0.149 / 0.197       ms
[10.104s][info][gc,stats    ]    Subphase: Pause Mark Try Complete                       0.000 / 0.000         0.000 / 0.000         0.000 / 0.000         0.000 / 0.000       ms
[10.104s][info][gc,stats    ]      System: Java Threads                                     32 / 41               32 / 41               32 / 41               32 / 41          threads
[10.105s][info][gc,stats    ] =========================================================================================================================================================
[10.406s][info][gc,start    ] GC(7) Garbage Collection (Proactive)
[10.407s][info][gc,task     ] GC(7) Using 10 workers
[10.407s][info][gc,phases   ] GC(7) Pause Mark Start 0.017ms
[10.422s][info][gc,phases   ] GC(7) Concurrent Mark 15.218ms
[10.422s][info][gc,phases   ] GC(7) Pause Mark End 0.027ms
[10.422s][info][gc,phases   ] GC(7) Concurrent Mark Free 0.001ms
[10.424s][info][gc,phases   ] GC(7) Concurrent Process Non-Strong References 1.233ms
[10.424s][info][gc,phases   ] GC(7) Concurrent Reset Relocation Set 0.003ms
[10.430s][info][gc,phases   ] GC(7) Concurrent Select Relocation Set 6.699ms
[10.431s][info][gc,phases   ] GC(7) Pause Relocate Start 0.010ms
[10.434s][info][gc,phases   ] GC(7) Concurrent Relocate 3.227ms
[10.434s][info][gc,load     ] GC(7) Load: 0.00/0.00/0.00
[10.434s][info][gc,mmu      ] GC(7) MMU: 2ms/98.7%, 5ms/99.5%, 10ms/99.6%, 20ms/99.8%, 50ms/99.9%, 100ms/99.9%
[10.434s][info][gc,marking  ] GC(7) Mark: 8 stripe(s), 2 proactive flush(es), 1 terminate flush(es), 0 completion(s), 0 continuation(s) 
[10.434s][info][gc,marking  ] GC(7) Mark Stack Usage: 32M
[10.434s][info][gc,nmethod  ] GC(7) NMethods: 1806 registered, 310 unregistered
[10.434s][info][gc,metaspace] GC(7) Metaspace: 9M used, 9M committed, 1088M reserved
[10.434s][info][gc,ref      ] GC(7) Soft: 214 encountered, 0 discovered, 0 enqueued
[10.434s][info][gc,ref      ] GC(7) Weak: 801 encountered, 333 discovered, 0 enqueued
[10.434s][info][gc,ref      ] GC(7) Final: 0 encountered, 0 discovered, 0 enqueued
[10.434s][info][gc,ref      ] GC(7) Phantom: 27 encountered, 21 discovered, 0 enqueued
[10.434s][info][gc,reloc    ] GC(7) Small Pages: 303 / 606M, Empty: 410M, Relocated: 5M, In-Place: 0
[10.434s][info][gc,reloc    ] GC(7) Medium Pages: 0 / 0M, Empty: 0M, Relocated: 0M, In-Place: 0
[10.434s][info][gc,reloc    ] GC(7) Large Pages: 0 / 0M, Empty: 0M, Relocated: 0M, In-Place: 0
[10.434s][info][gc,reloc    ] GC(7) Forwarding Usage: 1M
[10.434s][info][gc,heap     ] GC(7) Min Capacity: 8M(1%)
[10.434s][info][gc,heap     ] GC(7) Max Capacity: 1024M(100%)
[10.434s][info][gc,heap     ] GC(7) Soft Max Capacity: 1024M(100%)
[10.435s][info][gc,heap     ] GC(7)                Mark Start          Mark End        Relocate Start      Relocate End           High               Low         
[10.435s][info][gc,heap     ] GC(7)  Capacity:     1024M (100%)       1024M (100%)       1024M (100%)       1024M (100%)       1024M (100%)       1024M (100%)   
[10.435s][info][gc,heap     ] GC(7)      Free:      418M (41%)         412M (40%)         820M (80%)         992M (97%)         992M (97%)         412M (40%)    
[10.435s][info][gc,heap     ] GC(7)      Used:      606M (59%)         612M (60%)         204M (20%)          32M (3%)          612M (60%)          32M (3%)     
[10.435s][info][gc,heap     ] GC(7)      Live:         -                 6M (1%)            6M (1%)            6M (1%)             -                  -          
[10.435s][info][gc,heap     ] GC(7) Allocated:         -                 6M (1%)            8M (1%)            9M (1%)             -                  -          
[10.435s][info][gc,heap     ] GC(7)   Garbage:         -               599M (59%)         189M (19%)          15M (2%)             -                  -          
[10.435s][info][gc,heap     ] GC(7) Reclaimed:         -                  -               410M (40%)         583M (57%)            -                  -          
[10.435s][info][gc          ] GC(7) Garbage Collection (Proactive) 606M(59%)->32M(3%)
[12.208s][info][gc,start    ] GC(8) Garbage Collection (Proactive)
[12.208s][info][gc,task     ] GC(8) Using 10 workers
[12.208s][info][gc,phases   ] GC(8) Pause Mark Start 0.013ms
[12.223s][info][gc,phases   ] GC(8) Concurrent Mark 15.246ms
[12.224s][info][gc,phases   ] GC(8) Pause Mark End 0.022ms
[12.224s][info][gc,phases   ] GC(8) Concurrent Mark Free 0.001ms
[12.225s][info][gc,phases   ] GC(8) Concurrent Process Non-Strong References 1.062ms
[12.225s][info][gc,phases   ] GC(8) Concurrent Reset Relocation Set 0.013ms
[12.232s][info][gc,phases   ] GC(8) Concurrent Select Relocation Set 6.815ms
[12.232s][info][gc,phases   ] GC(8) Pause Relocate Start 0.011ms
[12.235s][info][gc,phases   ] GC(8) Concurrent Relocate 3.167ms
[12.235s][info][gc,load     ] GC(8) Load: 0.00/0.00/0.00
[12.235s][info][gc,mmu      ] GC(8) MMU: 2ms/98.7%, 5ms/99.5%, 10ms/99.6%, 20ms/99.8%, 50ms/99.9%, 100ms/99.9%
[12.235s][info][gc,marking  ] GC(8) Mark: 8 stripe(s), 2 proactive flush(es), 1 terminate flush(es), 0 completion(s), 0 continuation(s) 
[12.235s][info][gc,marking  ] GC(8) Mark Stack Usage: 32M
[12.235s][info][gc,nmethod  ] GC(8) NMethods: 1806 registered, 314 unregistered
[12.235s][info][gc,metaspace] GC(8) Metaspace: 9M used, 9M committed, 1088M reserved
[12.235s][info][gc,ref      ] GC(8) Soft: 214 encountered, 0 discovered, 0 enqueued
[12.235s][info][gc,ref      ] GC(8) Weak: 801 encountered, 97 discovered, 0 enqueued
[12.235s][info][gc,ref      ] GC(8) Final: 0 encountered, 0 discovered, 0 enqueued
[12.235s][info][gc,ref      ] GC(8) Phantom: 27 encountered, 19 discovered, 0 enqueued
[12.236s][info][gc,reloc    ] GC(8) Small Pages: 309 / 618M, Empty: 496M, Relocated: 5M, In-Place: 0
[12.236s][info][gc,reloc    ] GC(8) Medium Pages: 0 / 0M, Empty: 0M, Relocated: 0M, In-Place: 0
[12.236s][info][gc,reloc    ] GC(8) Large Pages: 0 / 0M, Empty: 0M, Relocated: 0M, In-Place: 0
[12.236s][info][gc,reloc    ] GC(8) Forwarding Usage: 2M
[12.236s][info][gc,heap     ] GC(8) Min Capacity: 8M(1%)
[12.236s][info][gc,heap     ] GC(8) Max Capacity: 1024M(100%)
[12.236s][info][gc,heap     ] GC(8) Soft Max Capacity: 1024M(100%)
[12.236s][info][gc,heap     ] GC(8)                Mark Start          Mark End        Relocate Start      Relocate End           High               Low         
[12.236s][info][gc,heap     ] GC(8)  Capacity:     1024M (100%)       1024M (100%)       1024M (100%)       1024M (100%)       1024M (100%)       1024M (100%)   
[12.236s][info][gc,heap     ] GC(8)      Free:      406M (40%)         400M (39%)         892M (87%)         992M (97%)         992M (97%)         398M (39%)    
[12.236s][info][gc,heap     ] GC(8)      Used:      618M (60%)         624M (61%)         132M (13%)          32M (3%)          626M (61%)          32M (3%)     
[12.236s][info][gc,heap     ] GC(8)      Live:         -                 6M (1%)            6M (1%)            6M (1%)             -                  -          
[12.236s][info][gc,heap     ] GC(8) Allocated:         -                 6M (1%)           10M (1%)            9M (1%)             -                  -          
[12.236s][info][gc,heap     ] GC(8)   Garbage:         -               611M (60%)         115M (11%)          15M (2%)             -                  -          
[12.236s][info][gc,heap     ] GC(8) Reclaimed:         -                  -               496M (48%)         595M (58%)            -                  -          
[12.236s][info][gc          ] GC(8) Garbage Collection (Proactive) 618M(60%)->32M(3%)
[13.807s][info][gc,start    ] GC(9) Garbage Collection (Proactive)
[13.807s][info][gc,task     ] GC(9) Using 10 workers
[13.807s][info][gc,phases   ] GC(9) Pause Mark Start 0.017ms
[13.822s][info][gc,phases   ] GC(9) Concurrent Mark 15.167ms
[13.822s][info][gc,phases   ] GC(9) Pause Mark End 0.021ms
[13.822s][info][gc,phases   ] GC(9) Concurrent Mark Free 0.001ms
[13.824s][info][gc,phases   ] GC(9) Concurrent Process Non-Strong References 1.089ms
[13.824s][info][gc,phases   ] GC(9) Concurrent Reset Relocation Set 0.010ms
[13.828s][info][gc,phases   ] GC(9) Concurrent Select Relocation Set 3.885ms
[13.828s][info][gc,phases   ] GC(9) Pause Relocate Start 0.007ms
[13.831s][info][gc,phases   ] GC(9) Concurrent Relocate 3.469ms
[13.831s][info][gc,load     ] GC(9) Load: 0.00/0.00/0.00
[13.831s][info][gc,mmu      ] GC(9) MMU: 2ms/98.7%, 5ms/99.5%, 10ms/99.6%, 20ms/99.8%, 50ms/99.9%, 100ms/99.9%
[13.831s][info][gc,marking  ] GC(9) Mark: 8 stripe(s), 2 proactive flush(es), 1 terminate flush(es), 0 completion(s), 0 continuation(s) 
[13.831s][info][gc,marking  ] GC(9) Mark Stack Usage: 32M
[13.832s][info][gc,nmethod  ] GC(9) NMethods: 1807 registered, 315 unregistered
[13.832s][info][gc,metaspace] GC(9) Metaspace: 9M used, 9M committed, 1088M reserved
[13.832s][info][gc,ref      ] GC(9) Soft: 214 encountered, 0 discovered, 0 enqueued
[13.832s][info][gc,ref      ] GC(9) Weak: 801 encountered, 56 discovered, 0 enqueued
[13.832s][info][gc,ref      ] GC(9) Final: 0 encountered, 0 discovered, 0 enqueued
[13.832s][info][gc,ref      ] GC(9) Phantom: 27 encountered, 12 discovered, 0 enqueued
[13.832s][info][gc,reloc    ] GC(9) Small Pages: 264 / 528M, Empty: 426M, Relocated: 5M, In-Place: 0
[13.832s][info][gc,reloc    ] GC(9) Medium Pages: 0 / 0M, Empty: 0M, Relocated: 0M, In-Place: 0
[13.832s][info][gc,reloc    ] GC(9) Large Pages: 0 / 0M, Empty: 0M, Relocated: 0M, In-Place: 0
[13.832s][info][gc,reloc    ] GC(9) Forwarding Usage: 1M
[13.832s][info][gc,heap     ] GC(9) Min Capacity: 8M(1%)
[13.832s][info][gc,heap     ] GC(9) Max Capacity: 1024M(100%)
[13.832s][info][gc,heap     ] GC(9) Soft Max Capacity: 1024M(100%)
[13.832s][info][gc,heap     ] GC(9)                Mark Start          Mark End        Relocate Start      Relocate End           High               Low         
[13.832s][info][gc,heap     ] GC(9)  Capacity:     1024M (100%)       1024M (100%)       1024M (100%)       1024M (100%)       1024M (100%)       1024M (100%)   
[13.832s][info][gc,heap     ] GC(9)      Free:      496M (48%)         490M (48%)         914M (89%)         992M (97%)         992M (97%)         490M (48%)    
[13.832s][info][gc,heap     ] GC(9)      Used:      528M (52%)         534M (52%)         110M (11%)          32M (3%)          534M (52%)          32M (3%)     
[13.832s][info][gc,heap     ] GC(9)      Live:         -                 6M (1%)            6M (1%)            6M (1%)             -                  -          
[13.832s][info][gc,heap     ] GC(9) Allocated:         -                 6M (1%)            8M (1%)            9M (1%)             -                  -          
[13.832s][info][gc,heap     ] GC(9)   Garbage:         -               521M (51%)          95M (9%)           15M (2%)             -                  -          
[13.832s][info][gc,heap     ] GC(9) Reclaimed:         -                  -               426M (42%)         505M (49%)            -                  -          
[13.832s][info][gc          ] GC(9) Garbage Collection (Proactive) 528M(52%)->32M(3%)
[15.342s][info][gc,start    ] GC(10) Garbage Collection (System.gc())
[15.342s][info][gc,task     ] GC(10) Using 10 workers
[15.342s][info][gc,phases   ] GC(10) Pause Mark Start 0.017ms
[15.351s][info][gc,phases   ] GC(10) Concurrent Mark 9.205ms
[15.351s][info][gc,phases   ] GC(10) Pause Mark End 0.018ms
[15.352s][info][gc,phases   ] GC(10) Concurrent Mark Free 0.002ms
[15.353s][info][gc,phases   ] GC(10) Concurrent Process Non-Strong References 1.119ms
[15.353s][info][gc,phases   ] GC(10) Concurrent Reset Relocation Set 0.009ms
[15.357s][info][gc,phases   ] GC(10) Concurrent Select Relocation Set 3.841ms
[15.357s][info][gc,phases   ] GC(10) Pause Relocate Start 0.006ms
[15.360s][info][gc,phases   ] GC(10) Concurrent Relocate 3.139ms
[15.360s][info][gc,load     ] GC(10) Load: 0.00/0.00/0.00
[15.360s][info][gc,mmu      ] GC(10) MMU: 2ms/98.7%, 5ms/99.5%, 10ms/99.6%, 20ms/99.8%, 50ms/99.9%, 100ms/99.9%
[15.360s][info][gc,marking  ] GC(10) Mark: 8 stripe(s), 2 proactive flush(es), 1 terminate flush(es), 0 completion(s), 0 continuation(s) 
[15.360s][info][gc,marking  ] GC(10) Mark Stack Usage: 32M
[15.360s][info][gc,nmethod  ] GC(10) NMethods: 1818 registered, 320 unregistered
[15.360s][info][gc,metaspace] GC(10) Metaspace: 9M used, 9M committed, 1088M reserved
[15.360s][info][gc,ref      ] GC(10) Soft: 214 encountered, 0 discovered, 0 enqueued
[15.360s][info][gc,ref      ] GC(10) Weak: 801 encountered, 83 discovered, 0 enqueued
[15.360s][info][gc,ref      ] GC(10) Final: 0 encountered, 0 discovered, 0 enqueued
[15.360s][info][gc,ref      ] GC(10) Phantom: 27 encountered, 20 discovered, 0 enqueued
[15.360s][info][gc,reloc    ] GC(10) Small Pages: 258 / 516M, Empty: 496M, Relocated: 4M, In-Place: 0
[15.360s][info][gc,reloc    ] GC(10) Medium Pages: 0 / 0M, Empty: 0M, Relocated: 0M, In-Place: 0
[15.360s][info][gc,reloc    ] GC(10) Large Pages: 0 / 0M, Empty: 0M, Relocated: 0M, In-Place: 0
[15.360s][info][gc,reloc    ] GC(10) Forwarding Usage: 1M
[15.360s][info][gc,heap     ] GC(10) Min Capacity: 8M(1%)
[15.360s][info][gc,heap     ] GC(10) Max Capacity: 1024M(100%)
[15.360s][info][gc,heap     ] GC(10) Soft Max Capacity: 1024M(100%)
[15.361s][info][gc,heap     ] GC(10)                Mark Start          Mark End        Relocate Start      Relocate End           High               Low         
[15.361s][info][gc,heap     ] GC(10)  Capacity:     1024M (100%)       1024M (100%)       1024M (100%)       1024M (100%)       1024M (100%)       1024M (100%)   
[15.361s][info][gc,heap     ] GC(10)      Free:      508M (50%)         508M (50%)        1004M (98%)        1004M (98%)        1004M (98%)         508M (50%)    
[15.361s][info][gc,heap     ] GC(10)      Used:      516M (50%)         516M (50%)          20M (2%)           20M (2%)          516M (50%)          20M (2%)     
[15.361s][info][gc,heap     ] GC(10)      Live:         -                 4M (0%)            4M (0%)            4M (0%)             -                  -          
[15.361s][info][gc,heap     ] GC(10) Allocated:         -                 0M (0%)            0M (0%)            0M (0%)             -                  -          
[15.361s][info][gc,heap     ] GC(10)   Garbage:         -               511M (50%)          15M (1%)           15M (1%)             -                  -          
[15.361s][info][gc,heap     ] GC(10) Reclaimed:         -                  -               496M (48%)         496M (48%)            -                  -          
[15.361s][info][gc          ] GC(10) Garbage Collection (System.gc()) 516M(50%)->20M(2%)
[17.012s][info][gc,start    ] GC(11) Garbage Collection (Proactive)
[17.012s][info][gc,task     ] GC(11) Using 10 workers
[17.013s][info][gc,phases   ] GC(11) Pause Mark Start 0.018ms
[17.028s][info][gc,phases   ] GC(11) Concurrent Mark 15.193ms
[17.028s][info][gc,phases   ] GC(11) Pause Mark End 0.020ms
[17.028s][info][gc,phases   ] GC(11) Concurrent Mark Free 0.001ms
[17.029s][info][gc,phases   ] GC(11) Concurrent Process Non-Strong References 1.149ms
[17.029s][info][gc,phases   ] GC(11) Concurrent Reset Relocation Set 0.002ms
[17.036s][info][gc,phases   ] GC(11) Concurrent Select Relocation Set 6.972ms
[17.037s][info][gc,phases   ] GC(11) Pause Relocate Start 0.009ms
[17.040s][info][gc,phases   ] GC(11) Concurrent Relocate 3.248ms
[17.040s][info][gc,load     ] GC(11) Load: 0.00/0.00/0.00
[17.040s][info][gc,mmu      ] GC(11) MMU: 2ms/98.7%, 5ms/99.5%, 10ms/99.6%, 20ms/99.8%, 50ms/99.9%, 100ms/99.9%
[17.040s][info][gc,marking  ] GC(11) Mark: 8 stripe(s), 2 proactive flush(es), 1 terminate flush(es), 0 completion(s), 0 continuation(s) 
[17.040s][info][gc,marking  ] GC(11) Mark Stack Usage: 32M
[17.040s][info][gc,nmethod  ] GC(11) NMethods: 1839 registered, 325 unregistered
[17.040s][info][gc,metaspace] GC(11) Metaspace: 9M used, 9M committed, 1088M reserved
[17.040s][info][gc,ref      ] GC(11) Soft: 214 encountered, 0 discovered, 0 enqueued
[17.040s][info][gc,ref      ] GC(11) Weak: 801 encountered, 165 discovered, 0 enqueued
[17.040s][info][gc,ref      ] GC(11) Final: 0 encountered, 0 discovered, 0 enqueued
[17.040s][info][gc,ref      ] GC(11) Phantom: 27 encountered, 15 discovered, 0 enqueued
[17.040s][info][gc,reloc    ] GC(11) Small Pages: 282 / 564M, Empty: 376M, Relocated: 5M, In-Place: 0
[17.040s][info][gc,reloc    ] GC(11) Medium Pages: 0 / 0M, Empty: 0M, Relocated: 0M, In-Place: 0
[17.040s][info][gc,reloc    ] GC(11) Large Pages: 0 / 0M, Empty: 0M, Relocated: 0M, In-Place: 0
[17.040s][info][gc,reloc    ] GC(11) Forwarding Usage: 1M
[17.040s][info][gc,heap     ] GC(11) Min Capacity: 8M(1%)
[17.040s][info][gc,heap     ] GC(11) Max Capacity: 1024M(100%)
[17.040s][info][gc,heap     ] GC(11) Soft Max Capacity: 1024M(100%)
[17.040s][info][gc,heap     ] GC(11)                Mark Start          Mark End        Relocate Start      Relocate End           High               Low         
[17.041s][info][gc,heap     ] GC(11)  Capacity:     1024M (100%)       1024M (100%)       1024M (100%)       1024M (100%)       1024M (100%)       1024M (100%)   
[17.041s][info][gc,heap     ] GC(11)      Free:      460M (45%)         454M (44%)         826M (81%)         992M (97%)         992M (97%)         454M (44%)    
[17.041s][info][gc,heap     ] GC(11)      Used:      564M (55%)         570M (56%)         198M (19%)          32M (3%)          570M (56%)          32M (3%)     
[17.041s][info][gc,heap     ] GC(11)      Live:         -                 6M (1%)            6M (1%)            6M (1%)             -                  -          
[17.041s][info][gc,heap     ] GC(11) Allocated:         -                 6M (1%)           10M (1%)            9M (1%)             -                  -          
[17.041s][info][gc,heap     ] GC(11)   Garbage:         -               557M (54%)         181M (18%)          15M (2%)             -                  -          
[17.041s][info][gc,heap     ] GC(11) Reclaimed:         -                  -               376M (37%)         541M (53%)            -                  -          
[17.041s][info][gc          ] GC(11) Garbage Collection (Proactive) 564M(55%)->32M(3%)
[19.001s][info][gc,start    ] GC(12) Garbage Collection (Proactive)
[19.001s][info][gc,task     ] GC(12) Using 10 workers
[19.002s][info][gc,phases   ] GC(12) Pause Mark Start 0.019ms
[19.017s][info][gc,phases   ] GC(12) Concurrent Mark 15.226ms
[19.017s][info][gc,phases   ] GC(12) Pause Mark End 0.021ms
[19.017s][info][gc,phases   ] GC(12) Concurrent Mark Free 0.002ms
[19.018s][info][gc,phases   ] GC(12) Concurrent Process Non-Strong References 1.110ms
[19.019s][info][gc,phases   ] GC(12) Concurrent Reset Relocation Set 0.015ms
[19.022s][info][gc,phases   ] GC(12) Concurrent Select Relocation Set 3.896ms
[19.023s][info][gc,phases   ] GC(12) Pause Relocate Start 0.007ms
[19.026s][info][gc,phases   ] GC(12) Concurrent Relocate 3.372ms
[19.026s][info][gc,load     ] GC(12) Load: 0.00/0.00/0.00
[19.026s][info][gc,mmu      ] GC(12) MMU: 2ms/98.7%, 5ms/99.5%, 10ms/99.6%, 20ms/99.8%, 50ms/99.9%, 100ms/99.9%
[19.026s][info][gc,marking  ] GC(12) Mark: 8 stripe(s), 2 proactive flush(es), 1 terminate flush(es), 0 completion(s), 0 continuation(s) 
[19.026s][info][gc,marking  ] GC(12) Mark Stack Usage: 32M
[19.026s][info][gc,nmethod  ] GC(12) NMethods: 1839 registered, 325 unregistered
[19.026s][info][gc,metaspace] GC(12) Metaspace: 9M used, 9M committed, 1088M reserved
[19.026s][info][gc,ref      ] GC(12) Soft: 214 encountered, 0 discovered, 0 enqueued
[19.026s][info][gc,ref      ] GC(12) Weak: 801 encountered, 354 discovered, 0 enqueued
[19.026s][info][gc,ref      ] GC(12) Final: 0 encountered, 0 discovered, 0 enqueued
[19.026s][info][gc,ref      ] GC(12) Phantom: 27 encountered, 19 discovered, 0 enqueued
[19.026s][info][gc,reloc    ] GC(12) Small Pages: 328 / 656M, Empty: 492M, Relocated: 5M, In-Place: 0
[19.026s][info][gc,reloc    ] GC(12) Medium Pages: 0 / 0M, Empty: 0M, Relocated: 0M, In-Place: 0
[19.026s][info][gc,reloc    ] GC(12) Large Pages: 0 / 0M, Empty: 0M, Relocated: 0M, In-Place: 0
[19.027s][info][gc,reloc    ] GC(12) Forwarding Usage: 1M
[19.027s][info][gc,heap     ] GC(12) Min Capacity: 8M(1%)
[19.027s][info][gc,heap     ] GC(12) Max Capacity: 1024M(100%)
[19.027s][info][gc,heap     ] GC(12) Soft Max Capacity: 1024M(100%)
[19.027s][info][gc,heap     ] GC(12)                Mark Start          Mark End        Relocate Start      Relocate End           High               Low         
[19.027s][info][gc,heap     ] GC(12)  Capacity:     1024M (100%)       1024M (100%)       1024M (100%)       1024M (100%)       1024M (100%)       1024M (100%)   
[19.027s][info][gc,heap     ] GC(12)      Free:      368M (36%)         362M (35%)         854M (83%)         994M (97%)         994M (97%)         362M (35%)    
[19.027s][info][gc,heap     ] GC(12)      Used:      656M (64%)         662M (65%)         170M (17%)          30M (3%)          662M (65%)          30M (3%)     
[19.027s][info][gc,heap     ] GC(12)      Live:         -                 6M (1%)            6M (1%)            6M (1%)             -                  -          
[19.027s][info][gc,heap     ] GC(12) Allocated:         -                 6M (1%)            6M (1%)            7M (1%)             -                  -          
[19.027s][info][gc,heap     ] GC(12)   Garbage:         -               649M (63%)         157M (15%)          15M (2%)             -                  -          
[19.027s][info][gc,heap     ] GC(12) Reclaimed:         -                  -               492M (48%)         633M (62%)            -                  -          
[19.027s][info][gc          ] GC(12) Garbage Collection (Proactive) 656M(64%)->30M(3%)
[20.102s][info][gc,stats    ] === Garbage Collection Statistics =======================================================================================================================
[20.102s][info][gc,stats    ]                                                              Last 10s              Last 10m              Last 10h                Total
[20.102s][info][gc,stats    ]                                                              Avg / Max             Avg / Max             Avg / Max             Avg / Max
[20.102s][info][gc,stats    ]   Collector: Garbage Collection Cycle                     25.084 / 27.716       26.961 / 36.033       26.961 / 36.033       26.961 / 36.033      ms
[20.102s][info][gc,stats    ]  Contention: Mark Segment Reset Contention                     1 / 5                 1 / 5                 1 / 5                 1 / 5           ops/s
[20.102s][info][gc,stats    ]  Contention: Mark SeqNum Reset Contention                      0 / 1                 0 / 1                 0 / 1                 0 / 1           ops/s
[20.102s][info][gc,stats    ]    Critical: Allocation Stall                                  0 / 0                 0 / 0                 0 / 0                 0 / 0           ops/s
[20.102s][info][gc,stats    ]    Critical: Allocation Stall                              0.000 / 0.000         0.000 / 0.000         0.000 / 0.000         0.000 / 0.000       ms
[20.102s][info][gc,stats    ]    Critical: GC Locker Stall                                   0 / 0                 0 / 0                 0 / 0                 0 / 0           ops/s
[20.102s][info][gc,stats    ]    Critical: GC Locker Stall                               0.000 / 0.000         0.000 / 0.000         0.000 / 0.000         0.000 / 0.000       ms
[20.102s][info][gc,stats    ]    Critical: Relocation Stall                                  0 / 0                 0 / 0                 0 / 0                 0 / 0           ops/s
[20.102s][info][gc,stats    ]    Critical: Relocation Stall                              0.000 / 0.000         0.000 / 0.000         0.000 / 0.000         0.000 / 0.000       ms
[20.102s][info][gc,stats    ]      Memory: Allocation Rate                                 324 / 340             299 / 340             299 / 340             299 / 340         MB/s
[20.102s][info][gc,stats    ]      Memory: Defragment                                        0 / 0                 0 / 0                 0 / 0                 0 / 0           ops/s
[20.102s][info][gc,stats    ]      Memory: Out Of Memory                                     0 / 0                 0 / 0                 0 / 0                 0 / 0           ops/s
[20.102s][info][gc,stats    ]      Memory: Page Cache Flush                                  0 / 0                 0 / 0                 0 / 0                 0 / 0           MB/s
[20.102s][info][gc,stats    ]      Memory: Page Cache Hit L1                               167 / 177             139 / 177             139 / 177             139 / 177         ops/s
[20.102s][info][gc,stats    ]      Memory: Page Cache Hit L2                                 0 / 0                 0 / 0                 0 / 0                 0 / 0           ops/s
[20.102s][info][gc,stats    ]      Memory: Page Cache Hit L3                                 0 / 5                16 / 103              16 / 103              16 / 103         ops/s
[20.103s][info][gc,stats    ]      Memory: Page Cache Miss                                   0 / 0                 0 / 1                 0 / 1                 0 / 1           ops/s
[20.103s][info][gc,stats    ]      Memory: Uncommit                                          0 / 0                 0 / 0                 0 / 0                 0 / 0           MB/s
[20.103s][info][gc,stats    ]      Memory: Undo Object Allocation Failed                     0 / 0                 0 / 2                 0 / 2                 0 / 2           ops/s
[20.103s][info][gc,stats    ]      Memory: Undo Object Allocation Succeeded                  0 / 1                 0 / 3                 0 / 3                 0 / 3           ops/s
[20.103s][info][gc,stats    ]      Memory: Undo Page Allocation                              1 / 4                 1 / 5                 1 / 5                 1 / 5           ops/s
[20.103s][info][gc,stats    ]       Phase: Concurrent Mark                              14.209 / 15.246       14.673 / 18.104       14.673 / 18.104       14.673 / 18.104      ms
[20.103s][info][gc,stats    ]       Phase: Concurrent Mark Continue                      0.000 / 0.000         0.000 / 0.000         0.000 / 0.000         0.000 / 0.000       ms
[20.103s][info][gc,stats    ]       Phase: Concurrent Mark Free                          0.001 / 0.002         0.001 / 0.002         0.001 / 0.002         0.001 / 0.002       ms
[20.103s][info][gc,stats    ]       Phase: Concurrent Process Non-Strong References      1.127 / 1.233         1.554 / 6.473         1.554 / 6.473         1.554 / 6.473       ms
[20.103s][info][gc,stats    ]       Phase: Concurrent Relocate                           3.270 / 3.469         3.471 / 4.937         3.471 / 4.937         3.471 / 4.937       ms
[20.103s][info][gc,stats    ]       Phase: Concurrent Reset Relocation Set               0.008 / 0.015         0.008 / 0.015         0.008 / 0.015         0.008 / 0.015       ms
[20.103s][info][gc,stats    ]       Phase: Concurrent Select Relocation Set              5.352 / 6.972         6.098 / 14.229        6.098 / 14.229        6.098 / 14.229      ms
[20.103s][info][gc,stats    ]       Phase: Pause Mark End                                0.021 / 0.027         0.021 / 0.027         0.021 / 0.027         0.021 / 0.027       ms
[20.103s][info][gc,stats    ]       Phase: Pause Mark Start                              0.017 / 0.019         0.016 / 0.019         0.016 / 0.019         0.016 / 0.019       ms
[20.103s][info][gc,stats    ]       Phase: Pause Relocate Start                          0.008 / 0.011         0.009 / 0.014         0.009 / 0.014         0.009 / 0.014       ms
[20.103s][info][gc,stats    ]    Subphase: Concurrent Classes Purge                      0.044 / 0.118         0.167 / 0.801         0.167 / 0.801         0.167 / 0.801       ms
[20.103s][info][gc,stats    ]    Subphase: Concurrent Classes Unlink                     0.733 / 0.758         1.055 / 5.245         1.055 / 5.245         1.055 / 5.245       ms
[20.103s][info][gc,stats    ]    Subphase: Concurrent Mark                              12.533 / 14.184       12.911 / 17.083       12.911 / 17.083       12.911 / 17.083      ms
[20.103s][info][gc,stats    ]    Subphase: Concurrent Mark Try Flush                     0.072 / 0.118         0.071 / 0.127         0.071 / 0.127         0.071 / 0.127       ms
[20.103s][info][gc,stats    ]    Subphase: Concurrent Mark Try Terminate                 6.607 / 10.974        6.505 / 13.714        6.505 / 13.714        6.505 / 13.714      ms
[20.103s][info][gc,stats    ]    Subphase: Concurrent References Enqueue                 0.000 / 0.001         0.001 / 0.005         0.001 / 0.005         0.001 / 0.005       ms
[20.103s][info][gc,stats    ]    Subphase: Concurrent References Process                 0.054 / 0.088         0.052 / 0.088         0.052 / 0.088         0.052 / 0.088       ms
[20.103s][info][gc,stats    ]    Subphase: Concurrent Roots ClassLoaderDataGraph         0.144 / 0.766         0.142 / 0.868         0.142 / 0.868         0.142 / 0.868       ms
[20.103s][info][gc,stats    ]    Subphase: Concurrent Roots CodeCache                    0.000 / 0.000         0.000 / 0.000         0.000 / 0.000         0.000 / 0.000       ms
[20.103s][info][gc,stats    ]    Subphase: Concurrent Roots JavaThreads                  0.585 / 1.144         0.595 / 1.159         0.595 / 1.159         0.595 / 1.159       ms
[20.103s][info][gc,stats    ]    Subphase: Concurrent Roots OopStorageSet                0.023 / 0.088         0.027 / 0.219         0.027 / 0.219         0.027 / 0.219       ms
[20.103s][info][gc,stats    ]    Subphase: Concurrent Weak Roots OopStorageSet           0.170 / 0.202         0.159 / 0.202         0.159 / 0.202         0.159 / 0.202       ms
[20.104s][info][gc,stats    ]    Subphase: Pause Mark Try Complete                       0.000 / 0.000         0.000 / 0.000         0.000 / 0.000         0.000 / 0.000       ms
[20.104s][info][gc,stats    ]      System: Java Threads                                     33 / 34               32 / 41               32 / 41               32 / 41          threads
[20.104s][info][gc,stats    ] =========================================================================================================================================================
[20.711s][info][gc,start    ] GC(13) Garbage Collection (Proactive)
[20.711s][info][gc,task     ] GC(13) Using 10 workers
[20.711s][info][gc,phases   ] GC(13) Pause Mark Start 0.018ms
[20.727s][info][gc,phases   ] GC(13) Concurrent Mark 15.182ms
[20.727s][info][gc,phases   ] GC(13) Pause Mark End 0.021ms
[20.727s][info][gc,phases   ] GC(13) Concurrent Mark Free 0.001ms
[20.728s][info][gc,phases   ] GC(13) Concurrent Process Non-Strong References 1.076ms
[20.728s][info][gc,phases   ] GC(13) Concurrent Reset Relocation Set 0.012ms
[20.735s][info][gc,phases   ] GC(13) Concurrent Select Relocation Set 6.730ms
[20.735s][info][gc,phases   ] GC(13) Pause Relocate Start 0.009ms
[20.739s][info][gc,phases   ] GC(13) Concurrent Relocate 3.478ms
[20.739s][info][gc,load     ] GC(13) Load: 0.00/0.00/0.00
[20.739s][info][gc,mmu      ] GC(13) MMU: 2ms/98.7%, 5ms/99.5%, 10ms/99.6%, 20ms/99.8%, 50ms/99.9%, 100ms/99.9%
[20.739s][info][gc,marking  ] GC(13) Mark: 8 stripe(s), 2 proactive flush(es), 1 terminate flush(es), 0 completion(s), 0 continuation(s) 
[20.739s][info][gc,marking  ] GC(13) Mark Stack Usage: 32M
[20.739s][info][gc,nmethod  ] GC(13) NMethods: 1839 registered, 325 unregistered
[20.739s][info][gc,metaspace] GC(13) Metaspace: 9M used, 9M committed, 1088M reserved
[20.739s][info][gc,ref      ] GC(13) Soft: 214 encountered, 0 discovered, 0 enqueued
[20.739s][info][gc,ref      ] GC(13) Weak: 801 encountered, 5 discovered, 0 enqueued
[20.739s][info][gc,ref      ] GC(13) Final: 0 encountered, 0 discovered, 0 enqueued
[20.739s][info][gc,ref      ] GC(13) Phantom: 27 encountered, 19 discovered, 0 enqueued
[20.739s][info][gc,reloc    ] GC(13) Small Pages: 274 / 548M, Empty: 394M, Relocated: 5M, In-Place: 0
[20.739s][info][gc,reloc    ] GC(13) Medium Pages: 0 / 0M, Empty: 0M, Relocated: 0M, In-Place: 0
[20.739s][info][gc,reloc    ] GC(13) Large Pages: 0 / 0M, Empty: 0M, Relocated: 0M, In-Place: 0
[20.739s][info][gc,reloc    ] GC(13) Forwarding Usage: 1M
[20.739s][info][gc,heap     ] GC(13) Min Capacity: 8M(1%)
[20.739s][info][gc,heap     ] GC(13) Max Capacity: 1024M(100%)
[20.739s][info][gc,heap     ] GC(13) Soft Max Capacity: 1024M(100%)
[20.739s][info][gc,heap     ] GC(13)                Mark Start          Mark End        Relocate Start      Relocate End           High               Low         
[20.739s][info][gc,heap     ] GC(13)  Capacity:     1024M (100%)       1024M (100%)       1024M (100%)       1024M (100%)       1024M (100%)       1024M (100%)   
[20.739s][info][gc,heap     ] GC(13)      Free:      476M (46%)         468M (46%)         860M (84%)         992M (97%)         992M (97%)         468M (46%)    
[20.739s][info][gc,heap     ] GC(13)      Used:      548M (54%)         556M (54%)         164M (16%)          32M (3%)          556M (54%)          32M (3%)     
[20.739s][info][gc,heap     ] GC(13)      Live:         -                 6M (1%)            6M (1%)            6M (1%)             -                  -          
[20.739s][info][gc,heap     ] GC(13) Allocated:         -                 8M (1%)           10M (1%)            9M (1%)             -                  -          
[20.739s][info][gc,heap     ] GC(13)   Garbage:         -               541M (53%)         147M (14%)          15M (2%)             -                  -          
[20.739s][info][gc,heap     ] GC(13) Reclaimed:         -                  -               394M (38%)         525M (51%)            -                  -          
[20.740s][info][gc          ] GC(13) Garbage Collection (Proactive) 548M(54%)->32M(3%)
[22.234s][info][gc,start    ] GC(14) Garbage Collection (System.gc())
[22.234s][info][gc,task     ] GC(14) Using 10 workers
[22.234s][info][gc,phases   ] GC(14) Pause Mark Start 0.019ms
[22.242s][info][gc,phases   ] GC(14) Concurrent Mark 7.741ms
[22.242s][info][gc,phases   ] GC(14) Pause Mark End 0.017ms
[22.242s][info][gc,phases   ] GC(14) Concurrent Mark Free 0.001ms
[22.243s][info][gc,phases   ] GC(14) Concurrent Process Non-Strong References 1.046ms
[22.243s][info][gc,phases   ] GC(14) Concurrent Reset Relocation Set 0.012ms
[22.247s][info][gc,phases   ] GC(14) Concurrent Select Relocation Set 3.785ms
[22.247s][info][gc,phases   ] GC(14) Pause Relocate Start 0.007ms
[22.250s][info][gc,phases   ] GC(14) Concurrent Relocate 3.158ms
[22.250s][info][gc,load     ] GC(14) Load: 0.00/0.00/0.00
[22.250s][info][gc,mmu      ] GC(14) MMU: 2ms/98.7%, 5ms/99.5%, 10ms/99.6%, 20ms/99.8%, 50ms/99.9%, 100ms/99.9%
[22.250s][info][gc,marking  ] GC(14) Mark: 8 stripe(s), 1 proactive flush(es), 1 terminate flush(es), 0 completion(s), 0 continuation(s) 
[22.251s][info][gc,marking  ] GC(14) Mark Stack Usage: 32M
[22.251s][info][gc,nmethod  ] GC(14) NMethods: 1838 registered, 327 unregistered
[22.251s][info][gc,metaspace] GC(14) Metaspace: 9M used, 9M committed, 1088M reserved
[22.251s][info][gc,ref      ] GC(14) Soft: 214 encountered, 0 discovered, 0 enqueued
[22.251s][info][gc,ref      ] GC(14) Weak: 801 encountered, 197 discovered, 0 enqueued
[22.251s][info][gc,ref      ] GC(14) Final: 0 encountered, 0 discovered, 0 enqueued
[22.251s][info][gc,ref      ] GC(14) Phantom: 27 encountered, 13 discovered, 0 enqueued
[22.251s][info][gc,reloc    ] GC(14) Small Pages: 252 / 504M, Empty: 484M, Relocated: 4M, In-Place: 0
[22.251s][info][gc,reloc    ] GC(14) Medium Pages: 0 / 0M, Empty: 0M, Relocated: 0M, In-Place: 0
[22.251s][info][gc,reloc    ] GC(14) Large Pages: 0 / 0M, Empty: 0M, Relocated: 0M, In-Place: 0
[22.251s][info][gc,reloc    ] GC(14) Forwarding Usage: 1M
[22.251s][info][gc,heap     ] GC(14) Min Capacity: 8M(1%)
[22.251s][info][gc,heap     ] GC(14) Max Capacity: 1024M(100%)
[22.251s][info][gc,heap     ] GC(14) Soft Max Capacity: 1024M(100%)
[22.251s][info][gc,heap     ] GC(14)                Mark Start          Mark End        Relocate Start      Relocate End           High               Low         
[22.251s][info][gc,heap     ] GC(14)  Capacity:     1024M (100%)       1024M (100%)       1024M (100%)       1024M (100%)       1024M (100%)       1024M (100%)   
[22.251s][info][gc,heap     ] GC(14)      Free:      520M (51%)         520M (51%)        1004M (98%)        1004M (98%)        1004M (98%)         520M (51%)    
[22.251s][info][gc,heap     ] GC(14)      Used:      504M (49%)         504M (49%)          20M (2%)           20M (2%)          504M (49%)          20M (2%)     
[22.251s][info][gc,heap     ] GC(14)      Live:         -                 4M (0%)            4M (0%)            4M (0%)             -                  -          
[22.251s][info][gc,heap     ] GC(14) Allocated:         -                 0M (0%)            0M (0%)            0M (0%)             -                  -          
[22.251s][info][gc,heap     ] GC(14)   Garbage:         -               499M (49%)          15M (1%)           15M (1%)             -                  -          
[22.251s][info][gc,heap     ] GC(14) Reclaimed:         -                  -               484M (47%)         484M (47%)            -                  -          
[22.251s][info][gc          ] GC(14) Garbage Collection (System.gc()) 504M(49%)->20M(2%)
[24.101s][info][gc,start    ] GC(15) Garbage Collection (Proactive)
[24.101s][info][gc,task     ] GC(15) Using 10 workers
[24.101s][info][gc,phases   ] GC(15) Pause Mark Start 0.018ms
[24.116s][info][gc,phases   ] GC(15) Concurrent Mark 15.212ms
[24.117s][info][gc,phases   ] GC(15) Pause Mark End 0.020ms
[24.117s][info][gc,phases   ] GC(15) Concurrent Mark Free 0.002ms
[24.118s][info][gc,phases   ] GC(15) Concurrent Process Non-Strong References 1.144ms
[24.118s][info][gc,phases   ] GC(15) Concurrent Reset Relocation Set 0.002ms
[24.125s][info][gc,phases   ] GC(15) Concurrent Select Relocation Set 7.145ms
[24.125s][info][gc,phases   ] GC(15) Pause Relocate Start 0.007ms
[24.129s][info][gc,phases   ] GC(15) Concurrent Relocate 3.249ms
[24.129s][info][gc,load     ] GC(15) Load: 0.00/0.00/0.00
[24.129s][info][gc,mmu      ] GC(15) MMU: 2ms/98.7%, 5ms/99.5%, 10ms/99.6%, 20ms/99.8%, 50ms/99.9%, 100ms/99.9%
[24.129s][info][gc,marking  ] GC(15) Mark: 8 stripe(s), 2 proactive flush(es), 1 terminate flush(es), 0 completion(s), 0 continuation(s) 
[24.129s][info][gc,marking  ] GC(15) Mark Stack Usage: 32M
[24.129s][info][gc,nmethod  ] GC(15) NMethods: 1852 registered, 332 unregistered
[24.129s][info][gc,metaspace] GC(15) Metaspace: 9M used, 9M committed, 1088M reserved
[24.129s][info][gc,ref      ] GC(15) Soft: 214 encountered, 0 discovered, 0 enqueued
[24.129s][info][gc,ref      ] GC(15) Weak: 801 encountered, 25 discovered, 0 enqueued
[24.129s][info][gc,ref      ] GC(15) Final: 0 encountered, 0 discovered, 0 enqueued
[24.129s][info][gc,ref      ] GC(15) Phantom: 27 encountered, 16 discovered, 0 enqueued
[24.129s][info][gc,reloc    ] GC(15) Small Pages: 309 / 618M, Empty: 454M, Relocated: 5M, In-Place: 0
[24.129s][info][gc,reloc    ] GC(15) Medium Pages: 0 / 0M, Empty: 0M, Relocated: 0M, In-Place: 0
[24.129s][info][gc,reloc    ] GC(15) Large Pages: 0 / 0M, Empty: 0M, Relocated: 0M, In-Place: 0
[24.129s][info][gc,reloc    ] GC(15) Forwarding Usage: 1M
[24.129s][info][gc,heap     ] GC(15) Min Capacity: 8M(1%)
[24.129s][info][gc,heap     ] GC(15) Max Capacity: 1024M(100%)
[24.129s][info][gc,heap     ] GC(15) Soft Max Capacity: 1024M(100%)
[24.129s][info][gc,heap     ] GC(15)                Mark Start          Mark End        Relocate Start      Relocate End           High               Low         
[24.129s][info][gc,heap     ] GC(15)  Capacity:     1024M (100%)       1024M (100%)       1024M (100%)       1024M (100%)       1024M (100%)       1024M (100%)   
[24.129s][info][gc,heap     ] GC(15)      Free:      406M (40%)         400M (39%)         850M (83%)         992M (97%)         992M (97%)         398M (39%)    
[24.129s][info][gc,heap     ] GC(15)      Used:      618M (60%)         624M (61%)         174M (17%)          32M (3%)          626M (61%)          32M (3%)     
[24.129s][info][gc,heap     ] GC(15)      Live:         -                 6M (1%)            6M (1%)            6M (1%)             -                  -          
[24.129s][info][gc,heap     ] GC(15) Allocated:         -                 6M (1%)           10M (1%)            9M (1%)             -                  -          
[24.129s][info][gc,heap     ] GC(15)   Garbage:         -               611M (60%)         157M (15%)          15M (2%)             -                  -          
[24.129s][info][gc,heap     ] GC(15) Reclaimed:         -                  -               454M (44%)         595M (58%)            -                  -          
[24.130s][info][gc          ] GC(15) Garbage Collection (Proactive) 618M(60%)->32M(3%)
[26.210s][info][gc,start    ] GC(16) Garbage Collection (Proactive)
[26.210s][info][gc,task     ] GC(16) Using 10 workers
[26.210s][info][gc,phases   ] GC(16) Pause Mark Start 0.016ms
[26.225s][info][gc,phases   ] GC(16) Concurrent Mark 15.182ms
[26.225s][info][gc,phases   ] GC(16) Pause Mark End 0.020ms
[26.225s][info][gc,phases   ] GC(16) Concurrent Mark Free 0.002ms
[26.227s][info][gc,phases   ] GC(16) Concurrent Process Non-Strong References 1.096ms
[26.227s][info][gc,phases   ] GC(16) Concurrent Reset Relocation Set 0.013ms
[26.233s][info][gc,phases   ] GC(16) Concurrent Select Relocation Set 6.729ms
[26.234s][info][gc,phases   ] GC(16) Pause Relocate Start 0.009ms
[26.237s][info][gc,phases   ] GC(16) Concurrent Relocate 3.282ms
[26.237s][info][gc,load     ] GC(16) Load: 0.00/0.00/0.00
[26.237s][info][gc,mmu      ] GC(16) MMU: 2ms/98.7%, 5ms/99.5%, 10ms/99.6%, 20ms/99.8%, 50ms/99.9%, 100ms/99.9%
[26.237s][info][gc,marking  ] GC(16) Mark: 8 stripe(s), 3 proactive flush(es), 1 terminate flush(es), 0 completion(s), 0 continuation(s) 
[26.237s][info][gc,marking  ] GC(16) Mark Stack Usage: 32M
[26.237s][info][gc,nmethod  ] GC(16) NMethods: 1852 registered, 334 unregistered
[26.237s][info][gc,metaspace] GC(16) Metaspace: 9M used, 9M committed, 1088M reserved
[26.237s][info][gc,ref      ] GC(16) Soft: 214 encountered, 0 discovered, 0 enqueued
[26.237s][info][gc,ref      ] GC(16) Weak: 801 encountered, 260 discovered, 0 enqueued
[26.237s][info][gc,ref      ] GC(16) Final: 0 encountered, 0 discovered, 0 enqueued
[26.237s][info][gc,ref      ] GC(16) Phantom: 27 encountered, 20 discovered, 0 enqueued
[26.237s][info][gc,reloc    ] GC(16) Small Pages: 352 / 704M, Empty: 600M, Relocated: 5M, In-Place: 0
[26.237s][info][gc,reloc    ] GC(16) Medium Pages: 0 / 0M, Empty: 0M, Relocated: 0M, In-Place: 0
[26.237s][info][gc,reloc    ] GC(16) Large Pages: 0 / 0M, Empty: 0M, Relocated: 0M, In-Place: 0
[26.237s][info][gc,reloc    ] GC(16) Forwarding Usage: 2M
[26.238s][info][gc,heap     ] GC(16) Min Capacity: 8M(1%)
[26.238s][info][gc,heap     ] GC(16) Max Capacity: 1024M(100%)
[26.238s][info][gc,heap     ] GC(16) Soft Max Capacity: 1024M(100%)
[26.238s][info][gc,heap     ] GC(16)                Mark Start          Mark End        Relocate Start      Relocate End           High               Low         
[26.238s][info][gc,heap     ] GC(16)  Capacity:     1024M (100%)       1024M (100%)       1024M (100%)       1024M (100%)       1024M (100%)       1024M (100%)   
[26.238s][info][gc,heap     ] GC(16)      Free:      320M (31%)         314M (31%)         912M (89%)         992M (97%)         992M (97%)         312M (30%)    
[26.238s][info][gc,heap     ] GC(16)      Used:      704M (69%)         710M (69%)         112M (11%)          32M (3%)          712M (70%)          32M (3%)     
[26.238s][info][gc,heap     ] GC(16)      Live:         -                 6M (1%)            6M (1%)            6M (1%)             -                  -          
[26.238s][info][gc,heap     ] GC(16) Allocated:         -                 6M (1%)            8M (1%)            9M (1%)             -                  -          
[26.238s][info][gc,heap     ] GC(16)   Garbage:         -               697M (68%)          97M (10%)          15M (2%)             -                  -          
[26.238s][info][gc,heap     ] GC(16) Reclaimed:         -                  -               600M (59%)         681M (67%)            -                  -          
[26.238s][info][gc          ] GC(16) Garbage Collection (Proactive) 704M(69%)->32M(3%)
[28.006s][info][gc,start    ] GC(17) Garbage Collection (Proactive)
[28.006s][info][gc,task     ] GC(17) Using 10 workers
[28.006s][info][gc,phases   ] GC(17) Pause Mark Start 0.020ms
[28.022s][info][gc,phases   ] GC(17) Concurrent Mark 15.232ms
[28.022s][info][gc,phases   ] GC(17) Pause Mark End 0.020ms
[28.022s][info][gc,phases   ] GC(17) Concurrent Mark Free 0.001ms
[28.023s][info][gc,phases   ] GC(17) Concurrent Process Non-Strong References 1.106ms
[28.023s][info][gc,phases   ] GC(17) Concurrent Reset Relocation Set 0.008ms
[28.027s][info][gc,phases   ] GC(17) Concurrent Select Relocation Set 3.834ms
[28.027s][info][gc,phases   ] GC(17) Pause Relocate Start 0.010ms
[28.031s][info][gc,phases   ] GC(17) Concurrent Relocate 3.579ms
[28.031s][info][gc,load     ] GC(17) Load: 0.00/0.00/0.00
[28.031s][info][gc,mmu      ] GC(17) MMU: 2ms/98.7%, 5ms/99.5%, 10ms/99.6%, 20ms/99.8%, 50ms/99.9%, 100ms/99.9%
[28.031s][info][gc,marking  ] GC(17) Mark: 8 stripe(s), 2 proactive flush(es), 2 terminate flush(es), 0 completion(s), 0 continuation(s) 
[28.031s][info][gc,marking  ] GC(17) Mark Stack Usage: 32M
[28.031s][info][gc,nmethod  ] GC(17) NMethods: 1852 registered, 336 unregistered
[28.031s][info][gc,metaspace] GC(17) Metaspace: 9M used, 9M committed, 1088M reserved
[28.031s][info][gc,ref      ] GC(17) Soft: 214 encountered, 0 discovered, 0 enqueued
[28.031s][info][gc,ref      ] GC(17) Weak: 801 encountered, 53 discovered, 0 enqueued
[28.031s][info][gc,ref      ] GC(17) Final: 0 encountered, 0 discovered, 0 enqueued
[28.031s][info][gc,ref      ] GC(17) Phantom: 27 encountered, 20 discovered, 0 enqueued
[28.031s][info][gc,reloc    ] GC(17) Small Pages: 302 / 604M, Empty: 558M, Relocated: 4M, In-Place: 0
[28.031s][info][gc,reloc    ] GC(17) Medium Pages: 0 / 0M, Empty: 0M, Relocated: 0M, In-Place: 0
[28.031s][info][gc,reloc    ] GC(17) Large Pages: 0 / 0M, Empty: 0M, Relocated: 0M, In-Place: 0
[28.031s][info][gc,reloc    ] GC(17) Forwarding Usage: 1M
[28.031s][info][gc,heap     ] GC(17) Min Capacity: 8M(1%)
[28.031s][info][gc,heap     ] GC(17) Max Capacity: 1024M(100%)
[28.031s][info][gc,heap     ] GC(17) Soft Max Capacity: 1024M(100%)
[28.031s][info][gc,heap     ] GC(17)                Mark Start          Mark End        Relocate Start      Relocate End           High               Low         
[28.031s][info][gc,heap     ] GC(17)  Capacity:     1024M (100%)       1024M (100%)       1024M (100%)       1024M (100%)       1024M (100%)       1024M (100%)   
[28.031s][info][gc,heap     ] GC(17)      Free:      420M (41%)         414M (40%)         970M (95%)         994M (97%)         994M (97%)         414M (40%)    
[28.031s][info][gc,heap     ] GC(17)      Used:      604M (59%)         610M (60%)          54M (5%)           30M (3%)          610M (60%)          30M (3%)     
[28.032s][info][gc,heap     ] GC(17)      Live:         -                 6M (1%)            6M (1%)            6M (1%)             -                  -          
[28.032s][info][gc,heap     ] GC(17) Allocated:         -                 6M (1%)            8M (1%)            7M (1%)             -                  -          
[28.032s][info][gc,heap     ] GC(17)   Garbage:         -               597M (58%)          39M (4%)           15M (2%)             -                  -          
[28.032s][info][gc,heap     ] GC(17) Reclaimed:         -                  -               558M (54%)         581M (57%)            -                  -          
[28.032s][info][gc          ] GC(17) Garbage Collection (Proactive) 604M(59%)->30M(3%)
[28.992s][info][gc,start    ] GC(18) Garbage Collection (System.gc())
[28.993s][info][gc,task     ] GC(18) Using 10 workers
[28.993s][info][gc,phases   ] GC(18) Pause Mark Start 0.017ms
[29.006s][info][gc,phases   ] GC(18) Concurrent Mark 13.217ms
[29.006s][info][gc,phases   ] GC(18) Pause Mark End 0.016ms
[29.006s][info][gc,phases   ] GC(18) Concurrent Mark Free 0.001ms
[29.007s][info][gc,phases   ] GC(18) Concurrent Process Non-Strong References 1.042ms
[29.007s][info][gc,phases   ] GC(18) Concurrent Reset Relocation Set 0.004ms
[29.011s][info][gc,phases   ] GC(18) Concurrent Select Relocation Set 3.730ms
[29.011s][info][gc,phases   ] GC(18) Pause Relocate Start 0.006ms
[29.014s][info][gc,phases   ] GC(18) Concurrent Relocate 3.137ms
[29.014s][info][gc,load     ] GC(18) Load: 0.00/0.00/0.00
[29.014s][info][gc,mmu      ] GC(18) MMU: 2ms/98.7%, 5ms/99.5%, 10ms/99.6%, 20ms/99.8%, 50ms/99.9%, 100ms/99.9%
[29.014s][info][gc,marking  ] GC(18) Mark: 8 stripe(s), 2 proactive flush(es), 1 terminate flush(es), 0 completion(s), 0 continuation(s) 
[29.014s][info][gc,marking  ] GC(18) Mark Stack Usage: 32M
[29.015s][info][gc,nmethod  ] GC(18) NMethods: 1851 registered, 338 unregistered
[29.015s][info][gc,metaspace] GC(18) Metaspace: 9M used, 9M committed, 1088M reserved
[29.015s][info][gc,ref      ] GC(18) Soft: 214 encountered, 0 discovered, 0 enqueued
[29.015s][info][gc,ref      ] GC(18) Weak: 801 encountered, 244 discovered, 0 enqueued
[29.015s][info][gc,ref      ] GC(18) Final: 0 encountered, 0 discovered, 0 enqueued
[29.015s][info][gc,ref      ] GC(18) Phantom: 27 encountered, 18 discovered, 0 enqueued
[29.015s][info][gc,reloc    ] GC(18) Small Pages: 172 / 344M, Empty: 326M, Relocated: 4M, In-Place: 0
[29.015s][info][gc,reloc    ] GC(18) Medium Pages: 0 / 0M, Empty: 0M, Relocated: 0M, In-Place: 0
[29.015s][info][gc,reloc    ] GC(18) Large Pages: 0 / 0M, Empty: 0M, Relocated: 0M, In-Place: 0
[29.015s][info][gc,reloc    ] GC(18) Forwarding Usage: 1M
[29.015s][info][gc,heap     ] GC(18) Min Capacity: 8M(1%)
[29.015s][info][gc,heap     ] GC(18) Max Capacity: 1024M(100%)
[29.015s][info][gc,heap     ] GC(18) Soft Max Capacity: 1024M(100%)
[29.015s][info][gc,heap     ] GC(18)                Mark Start          Mark End        Relocate Start      Relocate End           High               Low         
[29.015s][info][gc,heap     ] GC(18)  Capacity:     1024M (100%)       1024M (100%)       1024M (100%)       1024M (100%)       1024M (100%)       1024M (100%)   
[29.015s][info][gc,heap     ] GC(18)      Free:      680M (66%)         680M (66%)        1006M (98%)        1006M (98%)        1006M (98%)         680M (66%)    
[29.015s][info][gc,heap     ] GC(18)      Used:      344M (34%)         344M (34%)          18M (2%)           18M (2%)          344M (34%)          18M (2%)     
[29.015s][info][gc,heap     ] GC(18)      Live:         -                 4M (0%)            4M (0%)            4M (0%)             -                  -          
[29.015s][info][gc,heap     ] GC(18) Allocated:         -                 0M (0%)            0M (0%)            0M (0%)             -                  -          
[29.015s][info][gc,heap     ] GC(18)   Garbage:         -               339M (33%)          13M (1%)           13M (1%)             -                  -          
[29.015s][info][gc,heap     ] GC(18) Reclaimed:         -                  -               326M (32%)         326M (32%)            -                  -          
[29.015s][info][gc          ] GC(18) Garbage Collection (System.gc()) 344M(34%)->18M(2%)
[30.112s][info][gc,stats    ] === Garbage Collection Statistics =======================================================================================================================
[30.112s][info][gc,stats    ]                                                              Last 10s              Last 10m              Last 10h                Total
[30.112s][info][gc,stats    ]                                                              Avg / Max             Avg / Max             Avg / Max             Avg / Max
[30.112s][info][gc,stats    ]   Collector: Garbage Collection Cycle                     24.421 / 27.858       26.159 / 36.033       26.159 / 36.033       26.159 / 36.033      ms
[30.112s][info][gc,stats    ]  Contention: Mark Segment Reset Contention                     0 / 3                 1 / 5                 1 / 5                 1 / 5           ops/s
[30.112s][info][gc,stats    ]  Contention: Mark SeqNum Reset Contention                      0 / 2                 0 / 2                 0 / 2                 0 / 2           ops/s
[30.112s][info][gc,stats    ]    Critical: Allocation Stall                                  0 / 0                 0 / 0                 0 / 0                 0 / 0           ops/s
[30.112s][info][gc,stats    ]    Critical: Allocation Stall                              0.000 / 0.000         0.000 / 0.000         0.000 / 0.000         0.000 / 0.000       ms
[30.112s][info][gc,stats    ]    Critical: GC Locker Stall                                   0 / 0                 0 / 0                 0 / 0                 0 / 0           ops/s
[30.113s][info][gc,stats    ]    Critical: GC Locker Stall                               0.000 / 0.000         0.000 / 0.000         0.000 / 0.000         0.000 / 0.000       ms
[30.113s][info][gc,stats    ]    Critical: Relocation Stall                                  0 / 0                 0 / 0                 0 / 0                 0 / 0           ops/s
[30.113s][info][gc,stats    ]    Critical: Relocation Stall                              0.000 / 0.000         0.000 / 0.000         0.000 / 0.000         0.000 / 0.000       ms
[30.113s][info][gc,stats    ]      Memory: Allocation Rate                                 323 / 332             307 / 340             307 / 340             307 / 340         MB/s
[30.113s][info][gc,stats    ]      Memory: Defragment                                        0 / 0                 0 / 0                 0 / 0                 0 / 0           ops/s
[30.113s][info][gc,stats    ]      Memory: Out Of Memory                                     0 / 0                 0 / 0                 0 / 0                 0 / 0           ops/s
[30.113s][info][gc,stats    ]      Memory: Page Cache Flush                                  0 / 0                 0 / 0                 0 / 0                 0 / 0           MB/s
[30.113s][info][gc,stats    ]      Memory: Page Cache Hit L1                               165 / 176             148 / 177             148 / 177             148 / 177         ops/s
[30.113s][info][gc,stats    ]      Memory: Page Cache Hit L2                                 0 / 0                 0 / 0                 0 / 0                 0 / 0           ops/s
[30.113s][info][gc,stats    ]      Memory: Page Cache Hit L3                                 2 / 20               11 / 103              11 / 103              11 / 103         ops/s
[30.113s][info][gc,stats    ]      Memory: Page Cache Miss                                   0 / 0                 0 / 1                 0 / 1                 0 / 1           ops/s
[30.113s][info][gc,stats    ]      Memory: Uncommit                                          0 / 0                 0 / 0                 0 / 0                 0 / 0           MB/s
[30.113s][info][gc,stats    ]      Memory: Undo Object Allocation Failed                     0 / 1                 0 / 2                 0 / 2                 0 / 2           ops/s
[30.113s][info][gc,stats    ]      Memory: Undo Object Allocation Succeeded                  0 / 1                 0 / 3                 0 / 3                 0 / 3           ops/s
[30.113s][info][gc,stats    ]      Memory: Undo Page Allocation                              1 / 2                 1 / 5                 1 / 5                 1 / 5           ops/s
[30.113s][info][gc,stats    ]       Phase: Concurrent Mark                              13.628 / 15.232       14.343 / 18.104       14.343 / 18.104       14.343 / 18.104      ms
[30.113s][info][gc,stats    ]       Phase: Concurrent Mark Continue                      0.000 / 0.000         0.000 / 0.000         0.000 / 0.000         0.000 / 0.000       ms
[30.113s][info][gc,stats    ]       Phase: Concurrent Mark Free                          0.001 / 0.002         0.001 / 0.002         0.001 / 0.002         0.001 / 0.002       ms
[30.113s][info][gc,stats    ]       Phase: Concurrent Process Non-Strong References      1.085 / 1.144         1.406 / 6.473         1.406 / 6.473         1.406 / 6.473       ms
[30.113s][info][gc,stats    ]       Phase: Concurrent Relocate                           3.314 / 3.579         3.421 / 4.937         3.421 / 4.937         3.421 / 4.937       ms
[30.113s][info][gc,stats    ]       Phase: Concurrent Reset Relocation Set               0.009 / 0.013         0.008 / 0.015         0.008 / 0.015         0.008 / 0.015       ms
[30.113s][info][gc,stats    ]       Phase: Concurrent Select Relocation Set              5.326 / 7.145         5.854 / 14.229        5.854 / 14.229        5.854 / 14.229      ms
[30.113s][info][gc,stats    ]       Phase: Pause Mark End                                0.019 / 0.021         0.020 / 0.027         0.020 / 0.027         0.020 / 0.027       ms
[30.113s][info][gc,stats    ]       Phase: Pause Mark Start                              0.018 / 0.020         0.017 / 0.020         0.017 / 0.020         0.017 / 0.020       ms
[30.113s][info][gc,stats    ]       Phase: Pause Relocate Start                          0.008 / 0.010         0.009 / 0.014         0.009 / 0.014         0.009 / 0.014       ms
[30.113s][info][gc,stats    ]    Subphase: Concurrent Classes Purge                      0.026 / 0.059         0.122 / 0.801         0.122 / 0.801         0.122 / 0.801       ms
[30.113s][info][gc,stats    ]    Subphase: Concurrent Classes Unlink                     0.739 / 0.752         0.955 / 5.245         0.955 / 5.245         0.955 / 5.245       ms
[30.113s][info][gc,stats    ]    Subphase: Concurrent Mark                              11.880 / 14.151       12.585 / 17.083       12.585 / 17.083       12.585 / 17.083      ms
[30.114s][info][gc,stats    ]    Subphase: Concurrent Mark Try Flush                     0.069 / 0.105         0.070 / 0.127         0.070 / 0.127         0.070 / 0.127       ms
[30.114s][info][gc,stats    ]    Subphase: Concurrent Mark Try Terminate                 6.578 / 10.620        6.527 / 13.714        6.527 / 13.714        6.527 / 13.714      ms
[30.114s][info][gc,stats    ]    Subphase: Concurrent References Enqueue                 0.000 / 0.001         0.001 / 0.005         0.001 / 0.005         0.001 / 0.005       ms
[30.114s][info][gc,stats    ]    Subphase: Concurrent References Process                 0.046 / 0.057         0.050 / 0.088         0.050 / 0.088         0.050 / 0.088       ms
[30.114s][info][gc,stats    ]    Subphase: Concurrent Roots ClassLoaderDataGraph         0.113 / 0.685         0.132 / 0.868         0.132 / 0.868         0.132 / 0.868       ms
[30.114s][info][gc,stats    ]    Subphase: Concurrent Roots CodeCache                    0.000 / 0.000         0.000 / 0.000         0.000 / 0.000         0.000 / 0.000       ms
[30.114s][info][gc,stats    ]    Subphase: Concurrent Roots JavaThreads                  0.539 / 0.987         0.577 / 1.159         0.577 / 1.159         0.577 / 1.159       ms
[30.114s][info][gc,stats    ]    Subphase: Concurrent Roots OopStorageSet                0.018 / 0.056         0.024 / 0.219         0.024 / 0.219         0.024 / 0.219       ms
[30.114s][info][gc,stats    ]    Subphase: Concurrent Weak Roots OopStorageSet           0.156 / 0.196         0.158 / 0.202         0.158 / 0.202         0.158 / 0.202       ms
[30.114s][info][gc,stats    ]    Subphase: Pause Mark Try Complete                       0.000 / 0.000         0.000 / 0.000         0.000 / 0.000         0.000 / 0.000       ms
[30.114s][info][gc,stats    ]      System: Java Threads                                     33 / 33               32 / 41               32 / 41               32 / 41          threads
[30.114s][info][gc,stats    ] =========================================================================================================================================================
[30.503s][info][gc,start    ] GC(19) Garbage Collection (Proactive)
[30.503s][info][gc,task     ] GC(19) Using 10 workers
[30.503s][info][gc,phases   ] GC(19) Pause Mark Start 0.018ms
[30.518s][info][gc,phases   ] GC(19) Concurrent Mark 15.195ms
[30.569s][info][gc,phases   ] GC(19) Pause Mark End 0.026ms
[30.569s][info][gc,phases   ] GC(19) Concurrent Mark Free 0.002ms
[30.570s][info][gc,phases   ] GC(19) Concurrent Process Non-Strong References 1.173ms
[30.570s][info][gc,phases   ] GC(19) Concurrent Reset Relocation Set 0.002ms
[30.577s][info][gc,phases   ] GC(19) Concurrent Select Relocation Set 6.790ms
[30.577s][info][gc,phases   ] GC(19) Pause Relocate Start 0.010ms
[30.581s][info][gc,phases   ] GC(19) Concurrent Relocate 3.510ms
[30.581s][info][gc,load     ] GC(19) Load: 0.00/0.00/0.00
[30.581s][info][gc,mmu      ] GC(19) MMU: 2ms/98.7%, 5ms/99.5%, 10ms/99.6%, 20ms/99.8%, 50ms/99.9%, 100ms/99.9%
[30.581s][info][gc,marking  ] GC(19) Mark: 8 stripe(s), 2 proactive flush(es), 1 terminate flush(es), 0 completion(s), 0 continuation(s) 
[30.581s][info][gc,marking  ] GC(19) Mark Stack Usage: 32M
[30.581s][info][gc,nmethod  ] GC(19) NMethods: 1861 registered, 342 unregistered
[30.581s][info][gc,metaspace] GC(19) Metaspace: 9M used, 9M committed, 1088M reserved
[30.581s][info][gc,ref      ] GC(19) Soft: 214 encountered, 0 discovered, 0 enqueued
[30.581s][info][gc,ref      ] GC(19) Weak: 803 encountered, 105 discovered, 0 enqueued
[30.581s][info][gc,ref      ] GC(19) Final: 0 encountered, 0 discovered, 0 enqueued
[30.581s][info][gc,ref      ] GC(19) Phantom: 27 encountered, 14 discovered, 0 enqueued
[30.581s][info][gc,reloc    ] GC(19) Small Pages: 254 / 508M, Empty: 346M, Relocated: 5M, In-Place: 0
[30.581s][info][gc,reloc    ] GC(19) Medium Pages: 0 / 0M, Empty: 0M, Relocated: 0M, In-Place: 0
[30.581s][info][gc,reloc    ] GC(19) Large Pages: 0 / 0M, Empty: 0M, Relocated: 0M, In-Place: 0
[30.581s][info][gc,reloc    ] GC(19) Forwarding Usage: 1M
[30.581s][info][gc,heap     ] GC(19) Min Capacity: 8M(1%)
[30.581s][info][gc,heap     ] GC(19) Max Capacity: 1024M(100%)
[30.581s][info][gc,heap     ] GC(19) Soft Max Capacity: 1024M(100%)
[30.582s][info][gc,heap     ] GC(19)                Mark Start          Mark End        Relocate Start      Relocate End           High               Low         
[30.582s][info][gc,heap     ] GC(19)  Capacity:     1024M (100%)       1024M (100%)       1024M (100%)       1024M (100%)       1024M (100%)       1024M (100%)   
[30.582s][info][gc,heap     ] GC(19)      Free:      516M (50%)         494M (48%)         838M (82%)         978M (96%)         978M (96%)         494M (48%)    
[30.582s][info][gc,heap     ] GC(19)      Used:      508M (50%)         530M (52%)         186M (18%)          46M (4%)          530M (52%)          46M (4%)     
[30.582s][info][gc,heap     ] GC(19)      Live:         -                 6M (1%)            6M (1%)            6M (1%)             -                  -          
[30.582s][info][gc,heap     ] GC(19) Allocated:         -                22M (2%)           24M (2%)           23M (2%)             -                  -          
[30.582s][info][gc,heap     ] GC(19)   Garbage:         -               501M (49%)         155M (15%)          15M (2%)             -                  -          
[30.582s][info][gc,heap     ] GC(19) Reclaimed:         -                  -               346M (34%)         485M (47%)            -                  -          
[30.582s][info][gc          ] GC(19) Garbage Collection (Proactive) 508M(50%)->46M(4%)
[33.099s][info][gc,start    ] GC(20) Garbage Collection (Allocation Rate)
[33.099s][info][gc,task     ] GC(20) Using 1 workers
[33.100s][info][gc,phases   ] GC(20) Pause Mark Start 0.017ms
[33.134s][info][gc,phases   ] GC(20) Concurrent Mark 34.549ms
[33.134s][info][gc,phases   ] GC(20) Pause Mark End 0.017ms
[33.134s][info][gc,phases   ] GC(20) Concurrent Mark Free 0.001ms
[33.141s][info][gc,phases   ] GC(20) Concurrent Process Non-Strong References 6.546ms
[33.141s][info][gc,phases   ] GC(20) Concurrent Reset Relocation Set 0.011ms
[33.148s][info][gc,phases   ] GC(20) Concurrent Select Relocation Set 7.186ms
[33.148s][info][gc,phases   ] GC(20) Pause Relocate Start 0.006ms
[33.161s][info][gc,phases   ] GC(20) Concurrent Relocate 12.244ms
[33.161s][info][gc,load     ] GC(20) Load: 0.00/0.00/0.00
[33.161s][info][gc,mmu      ] GC(20) MMU: 2ms/98.7%, 5ms/99.5%, 10ms/99.6%, 20ms/99.8%, 50ms/99.9%, 100ms/99.9%
[33.161s][info][gc,marking  ] GC(20) Mark: 1 stripe(s), 2 proactive flush(es), 1 terminate flush(es), 0 completion(s), 0 continuation(s) 
[33.161s][info][gc,marking  ] GC(20) Mark Stack Usage: 32M
[33.161s][info][gc,nmethod  ] GC(20) NMethods: 1860 registered, 344 unregistered
[33.161s][info][gc,metaspace] GC(20) Metaspace: 9M used, 9M committed, 1088M reserved
[33.161s][info][gc,ref      ] GC(20) Soft: 214 encountered, 0 discovered, 0 enqueued
[33.161s][info][gc,ref      ] GC(20) Weak: 803 encountered, 9 discovered, 0 enqueued
[33.161s][info][gc,ref      ] GC(20) Final: 0 encountered, 0 discovered, 0 enqueued
[33.161s][info][gc,ref      ] GC(20) Phantom: 27 encountered, 18 discovered, 0 enqueued
[33.161s][info][gc,reloc    ] GC(20) Small Pages: 418 / 836M, Empty: 732M, Relocated: 5M, In-Place: 0
[33.161s][info][gc,reloc    ] GC(20) Medium Pages: 0 / 0M, Empty: 0M, Relocated: 0M, In-Place: 0
[33.161s][info][gc,reloc    ] GC(20) Large Pages: 0 / 0M, Empty: 0M, Relocated: 0M, In-Place: 0
[33.161s][info][gc,reloc    ] GC(20) Forwarding Usage: 1M
[33.161s][info][gc,heap     ] GC(20) Min Capacity: 8M(1%)
[33.161s][info][gc,heap     ] GC(20) Max Capacity: 1024M(100%)
[33.161s][info][gc,heap     ] GC(20) Soft Max Capacity: 1024M(100%)
[33.161s][info][gc,heap     ] GC(20)                Mark Start          Mark End        Relocate Start      Relocate End           High               Low         
[33.161s][info][gc,heap     ] GC(20)  Capacity:     1024M (100%)       1024M (100%)       1024M (100%)       1024M (100%)       1024M (100%)       1024M (100%)   
[33.161s][info][gc,heap     ] GC(20)      Free:      188M (18%)         176M (17%)         904M (88%)         998M (97%)         998M (97%)         174M (17%)    
[33.161s][info][gc,heap     ] GC(20)      Used:      836M (82%)         848M (83%)         120M (12%)          26M (3%)          850M (83%)          26M (3%)     
[33.161s][info][gc,heap     ] GC(20)      Live:         -                 6M (1%)            6M (1%)            6M (1%)             -                  -          
[33.161s][info][gc,heap     ] GC(20) Allocated:         -                12M (1%)           16M (2%)           17M (2%)             -                  -          
[33.161s][info][gc,heap     ] GC(20)   Garbage:         -               829M (81%)          97M (10%)           1M (0%)             -                  -          
[33.161s][info][gc,heap     ] GC(20) Reclaimed:         -                  -               732M (71%)         827M (81%)            -                  -          
[33.162s][info][gc          ] GC(20) Garbage Collection (Allocation Rate) 836M(82%)->26M(3%)
[35.608s][info][gc,start    ] GC(21) Garbage Collection (Allocation Rate)
[35.608s][info][gc,task     ] GC(21) Using 1 workers
[35.608s][info][gc,phases   ] GC(21) Pause Mark Start 0.020ms
[35.643s][info][gc,phases   ] GC(21) Concurrent Mark 34.706ms
[35.643s][info][gc,phases   ] GC(21) Pause Mark End 0.016ms
[35.643s][info][gc,phases   ] GC(21) Concurrent Mark Free 0.001ms
[35.651s][info][gc,phases   ] GC(21) Concurrent Process Non-Strong References 7.426ms
[35.651s][info][gc,phases   ] GC(21) Concurrent Reset Relocation Set 0.009ms
[35.655s][info][gc,phases   ] GC(21) Concurrent Select Relocation Set 3.998ms
[35.655s][info][gc,phases   ] GC(21) Pause Relocate Start 0.005ms
[35.663s][info][gc,phases   ] GC(21) Concurrent Relocate 7.595ms
[35.663s][info][gc,load     ] GC(21) Load: 0.00/0.00/0.00
[35.663s][info][gc,mmu      ] GC(21) MMU: 2ms/98.7%, 5ms/99.5%, 10ms/99.6%, 20ms/99.8%, 50ms/99.9%, 100ms/99.9%
[35.663s][info][gc,marking  ] GC(21) Mark: 1 stripe(s), 2 proactive flush(es), 1 terminate flush(es), 0 completion(s), 0 continuation(s) 
[35.663s][info][gc,marking  ] GC(21) Mark Stack Usage: 32M
[35.663s][info][gc,nmethod  ] GC(21) NMethods: 1860 registered, 344 unregistered
[35.663s][info][gc,metaspace] GC(21) Metaspace: 9M used, 9M committed, 1088M reserved
[35.663s][info][gc,ref      ] GC(21) Soft: 214 encountered, 0 discovered, 0 enqueued
[35.663s][info][gc,ref      ] GC(21) Weak: 803 encountered, 187 discovered, 0 enqueued
[35.663s][info][gc,ref      ] GC(21) Final: 0 encountered, 0 discovered, 0 enqueued
[35.663s][info][gc,ref      ] GC(21) Phantom: 27 encountered, 16 discovered, 0 enqueued
[35.663s][info][gc,reloc    ] GC(21) Small Pages: 412 / 824M, Empty: 742M, Relocated: 3M, In-Place: 0
[35.663s][info][gc,reloc    ] GC(21) Medium Pages: 0 / 0M, Empty: 0M, Relocated: 0M, In-Place: 0
[35.663s][info][gc,reloc    ] GC(21) Large Pages: 0 / 0M, Empty: 0M, Relocated: 0M, In-Place: 0
[35.663s][info][gc,reloc    ] GC(21) Forwarding Usage: 1M
[35.663s][info][gc,heap     ] GC(21) Min Capacity: 8M(1%)
[35.663s][info][gc,heap     ] GC(21) Max Capacity: 1024M(100%)
[35.663s][info][gc,heap     ] GC(21) Soft Max Capacity: 1024M(100%)
[35.663s][info][gc,heap     ] GC(21)                Mark Start          Mark End        Relocate Start      Relocate End           High               Low         
[35.663s][info][gc,heap     ] GC(21)  Capacity:     1024M (100%)       1024M (100%)       1024M (100%)       1024M (100%)       1024M (100%)       1024M (100%)   
[35.663s][info][gc,heap     ] GC(21)      Free:      200M (20%)         188M (18%)         926M (90%)         998M (97%)         998M (97%)         186M (18%)    
[35.663s][info][gc,heap     ] GC(21)      Used:      824M (80%)         836M (82%)          98M (10%)          26M (3%)          838M (82%)          26M (3%)     
[35.664s][info][gc,heap     ] GC(21)      Live:         -                 6M (1%)            6M (1%)            6M (1%)             -                  -          
[35.664s][info][gc,heap     ] GC(21) Allocated:         -                12M (1%)           16M (2%)           17M (2%)             -                  -          
[35.664s][info][gc,heap     ] GC(21)   Garbage:         -               817M (80%)          75M (7%)            1M (0%)             -                  -          
[35.664s][info][gc,heap     ] GC(21) Reclaimed:         -                  -               742M (72%)         815M (80%)            -                  -          
[35.664s][info][gc          ] GC(21) Garbage Collection (Allocation Rate) 824M(80%)->26M(3%)
[35.811s][info][gc,start    ] GC(22) Garbage Collection (System.gc())
[35.811s][info][gc,task     ] GC(22) Using 10 workers
[35.811s][info][gc,phases   ] GC(22) Pause Mark Start 0.018ms
[35.827s][info][gc,phases   ] GC(22) Concurrent Mark 15.473ms
[35.827s][info][gc,phases   ] GC(22) Pause Mark End 0.018ms
[35.827s][info][gc,phases   ] GC(22) Concurrent Mark Free 0.001ms
[35.828s][info][gc,phases   ] GC(22) Concurrent Process Non-Strong References 0.908ms
[35.828s][info][gc,phases   ] GC(22) Concurrent Reset Relocation Set 0.008ms
[35.832s][info][gc,phases   ] GC(22) Concurrent Select Relocation Set 3.663ms
[35.832s][info][gc,phases   ] GC(22) Pause Relocate Start 0.007ms
[35.835s][info][gc,phases   ] GC(22) Concurrent Relocate 3.113ms
[35.835s][info][gc,load     ] GC(22) Load: 0.00/0.00/0.00
[35.835s][info][gc,mmu      ] GC(22) MMU: 2ms/98.7%, 5ms/99.5%, 10ms/99.6%, 20ms/99.8%, 50ms/99.9%, 100ms/99.9%
[35.835s][info][gc,marking  ] GC(22) Mark: 8 stripe(s), 1 proactive flush(es), 1 terminate flush(es), 0 completion(s), 0 continuation(s) 
[35.835s][info][gc,marking  ] GC(22) Mark Stack Usage: 32M
[35.835s][info][gc,nmethod  ] GC(22) NMethods: 1860 registered, 344 unregistered
[35.835s][info][gc,metaspace] GC(22) Metaspace: 9M used, 9M committed, 1088M reserved
[35.835s][info][gc,ref      ] GC(22) Soft: 214 encountered, 0 discovered, 0 enqueued
[35.835s][info][gc,ref      ] GC(22) Weak: 803 encountered, 7 discovered, 0 enqueued
[35.835s][info][gc,ref      ] GC(22) Final: 0 encountered, 0 discovered, 0 enqueued
[35.835s][info][gc,ref      ] GC(22) Phantom: 27 encountered, 16 discovered, 0 enqueued
[35.835s][info][gc,reloc    ] GC(22) Small Pages: 35 / 70M, Empty: 56M, Relocated: 3M, In-Place: 0
[35.835s][info][gc,reloc    ] GC(22) Medium Pages: 0 / 0M, Empty: 0M, Relocated: 0M, In-Place: 0
[35.835s][info][gc,reloc    ] GC(22) Large Pages: 0 / 0M, Empty: 0M, Relocated: 0M, In-Place: 0
[35.835s][info][gc,reloc    ] GC(22) Forwarding Usage: 1M
[35.835s][info][gc,heap     ] GC(22) Min Capacity: 8M(1%)
[35.835s][info][gc,heap     ] GC(22) Max Capacity: 1024M(100%)
[35.836s][info][gc,heap     ] GC(22) Soft Max Capacity: 1024M(100%)
[35.836s][info][gc,heap     ] GC(22)                Mark Start          Mark End        Relocate Start      Relocate End           High               Low         
[35.836s][info][gc,heap     ] GC(22)  Capacity:     1024M (100%)       1024M (100%)       1024M (100%)       1024M (100%)       1024M (100%)       1024M (100%)   
[35.836s][info][gc,heap     ] GC(22)      Free:      954M (93%)         954M (93%)        1010M (99%)        1010M (99%)        1010M (99%)         954M (93%)    
[35.836s][info][gc,heap     ] GC(22)      Used:       70M (7%)           70M (7%)           14M (1%)           14M (1%)           70M (7%)           14M (1%)     
[35.836s][info][gc,heap     ] GC(22)      Live:         -                 4M (0%)            4M (0%)            4M (0%)             -                  -          
[35.836s][info][gc,heap     ] GC(22) Allocated:         -                 0M (0%)            0M (0%)            0M (0%)             -                  -          
[35.836s][info][gc,heap     ] GC(22)   Garbage:         -                65M (6%)            9M (1%)            9M (1%)             -                  -          
[35.836s][info][gc,heap     ] GC(22) Reclaimed:         -                  -                56M (5%)           56M (5%)             -                  -          
[35.836s][info][gc          ] GC(22) Garbage Collection (System.gc()) 70M(7%)->14M(1%)
[38.403s][info][gc,start    ] GC(23) Garbage Collection (Allocation Rate)
[38.403s][info][gc,task     ] GC(23) Using 1 workers
[38.403s][info][gc,phases   ] GC(23) Pause Mark Start 0.017ms
[38.436s][info][gc,phases   ] GC(23) Concurrent Mark 32.714ms
[38.436s][info][gc,phases   ] GC(23) Pause Mark End 0.014ms
[38.436s][info][gc,phases   ] GC(23) Concurrent Mark Free 0.001ms
[38.443s][info][gc,phases   ] GC(23) Concurrent Process Non-Strong References 7.043ms
[38.443s][info][gc,phases   ] GC(23) Concurrent Reset Relocation Set 0.002ms
[38.449s][info][gc,phases   ] GC(23) Concurrent Select Relocation Set 5.931ms
[38.449s][info][gc,phases   ] GC(23) Pause Relocate Start 0.004ms
[38.457s][info][gc,phases   ] GC(23) Concurrent Relocate 8.194ms
[38.458s][info][gc,load     ] GC(23) Load: 0.00/0.00/0.00
[38.458s][info][gc,mmu      ] GC(23) MMU: 2ms/98.7%, 5ms/99.5%, 10ms/99.6%, 20ms/99.8%, 50ms/99.9%, 100ms/99.9%
[38.458s][info][gc,marking  ] GC(23) Mark: 1 stripe(s), 2 proactive flush(es), 1 terminate flush(es), 0 completion(s), 0 continuation(s) 
[38.458s][info][gc,marking  ] GC(23) Mark Stack Usage: 32M
[38.458s][info][gc,nmethod  ] GC(23) NMethods: 1862 registered, 344 unregistered
[38.458s][info][gc,metaspace] GC(23) Metaspace: 9M used, 9M committed, 1088M reserved
[38.458s][info][gc,ref      ] GC(23) Soft: 214 encountered, 0 discovered, 0 enqueued
[38.458s][info][gc,ref      ] GC(23) Weak: 803 encountered, 187 discovered, 0 enqueued
[38.458s][info][gc,ref      ] GC(23) Final: 0 encountered, 0 discovered, 0 enqueued
[38.458s][info][gc,ref      ] GC(23) Phantom: 27 encountered, 16 discovered, 0 enqueued
[38.458s][info][gc,reloc    ] GC(23) Small Pages: 413 / 826M, Empty: 642M, Relocated: 3M, In-Place: 0
[38.458s][info][gc,reloc    ] GC(23) Medium Pages: 0 / 0M, Empty: 0M, Relocated: 0M, In-Place: 0
[38.458s][info][gc,reloc    ] GC(23) Large Pages: 0 / 0M, Empty: 0M, Relocated: 0M, In-Place: 0
[38.458s][info][gc,reloc    ] GC(23) Forwarding Usage: 1M
[38.458s][info][gc,heap     ] GC(23) Min Capacity: 8M(1%)
[38.458s][info][gc,heap     ] GC(23) Max Capacity: 1024M(100%)
[38.458s][info][gc,heap     ] GC(23) Soft Max Capacity: 1024M(100%)
[38.458s][info][gc,heap     ] GC(23)                Mark Start          Mark End        Relocate Start      Relocate End           High               Low         
[38.458s][info][gc,heap     ] GC(23)  Capacity:     1024M (100%)       1024M (100%)       1024M (100%)       1024M (100%)       1024M (100%)       1024M (100%)   
[38.458s][info][gc,heap     ] GC(23)      Free:      198M (19%)         186M (18%)         824M (80%)         998M (97%)         998M (97%)         182M (18%)    
[38.458s][info][gc,heap     ] GC(23)      Used:      826M (81%)         838M (82%)         200M (20%)          26M (3%)          842M (82%)          26M (3%)     
[38.458s][info][gc,heap     ] GC(23)      Live:         -                 6M (1%)            6M (1%)            6M (1%)             -                  -          
[38.458s][info][gc,heap     ] GC(23) Allocated:         -                12M (1%)           16M (2%)           17M (2%)             -                  -          
[38.458s][info][gc,heap     ] GC(23)   Garbage:         -               819M (80%)         177M (17%)           1M (0%)             -                  -          
[38.458s][info][gc,heap     ] GC(23) Reclaimed:         -                  -               642M (63%)         817M (80%)            -                  -          
[38.458s][info][gc          ] GC(23) Garbage Collection (Allocation Rate) 826M(81%)->26M(3%)
[40.111s][info][gc,stats    ] === Garbage Collection Statistics =======================================================================================================================
[40.111s][info][gc,stats    ]                                                              Last 10s              Last 10m              Last 10h                Total
[40.111s][info][gc,stats    ]                                                              Avg / Max             Avg / Max             Avg / Max             Avg / Max
[40.111s][info][gc,stats    ]   Collector: Garbage Collection Cycle                     54.762 / 78.390       32.118 / 78.390       32.118 / 78.390       32.118 / 78.390      ms
[40.111s][info][gc,stats    ]  Contention: Mark Segment Reset Contention                     0 / 4                 1 / 5                 1 / 5                 1 / 5           ops/s
[40.111s][info][gc,stats    ]  Contention: Mark SeqNum Reset Contention                      0 / 0                 0 / 2                 0 / 2                 0 / 2           ops/s
[40.111s][info][gc,stats    ]    Critical: Allocation Stall                                  0 / 0                 0 / 0                 0 / 0                 0 / 0           ops/s
[40.111s][info][gc,stats    ]    Critical: Allocation Stall                              0.000 / 0.000         0.000 / 0.000         0.000 / 0.000         0.000 / 0.000       ms
[40.111s][info][gc,stats    ]    Critical: GC Locker Stall                                   0 / 0                 0 / 0                 0 / 0                 0 / 0           ops/s
[40.111s][info][gc,stats    ]    Critical: GC Locker Stall                               0.000 / 0.000         0.000 / 0.000         0.000 / 0.000         0.000 / 0.000       ms
[40.111s][info][gc,stats    ]    Critical: Relocation Stall                                  0 / 0                 0 / 0                 0 / 0                 0 / 0           ops/s
[40.111s][info][gc,stats    ]    Critical: Relocation Stall                              0.000 / 0.000         0.000 / 0.000         0.000 / 0.000         0.000 / 0.000       ms
[40.111s][info][gc,stats    ]      Memory: Allocation Rate                                 323 / 334             311 / 340             311 / 340             311 / 340         MB/s
[40.111s][info][gc,stats    ]      Memory: Defragment                                        0 / 0                 0 / 0                 0 / 0                 0 / 0           ops/s
[40.111s][info][gc,stats    ]      Memory: Out Of Memory                                     0 / 0                 0 / 0                 0 / 0                 0 / 0           ops/s
[40.111s][info][gc,stats    ]      Memory: Page Cache Flush                                  0 / 0                 0 / 0                 0 / 0                 0 / 0           MB/s
[40.111s][info][gc,stats    ]      Memory: Page Cache Hit L1                               157 / 175             150 / 177             150 / 177             150 / 177         ops/s
[40.111s][info][gc,stats    ]      Memory: Page Cache Hit L2                                 0 / 0                 0 / 0                 0 / 0                 0 / 0           ops/s
[40.111s][info][gc,stats    ]      Memory: Page Cache Hit L3                                 6 / 61               10 / 103              10 / 103              10 / 103         ops/s
[40.111s][info][gc,stats    ]      Memory: Page Cache Miss                                   0 / 0                 0 / 1                 0 / 1                 0 / 1           ops/s
[40.111s][info][gc,stats    ]      Memory: Uncommit                                          0 / 0                 0 / 0                 0 / 0                 0 / 0           MB/s
[40.111s][info][gc,stats    ]      Memory: Undo Object Allocation Failed                     0 / 0                 0 / 2                 0 / 2                 0 / 2           ops/s
[40.111s][info][gc,stats    ]      Memory: Undo Object Allocation Succeeded                  0 / 0                 0 / 3                 0 / 3                 0 / 3           ops/s
[40.111s][info][gc,stats    ]      Memory: Undo Page Allocation                              2 / 5                 1 / 5                 1 / 5                 1 / 5           ops/s
[40.111s][info][gc,stats    ]       Phase: Concurrent Mark                              26.527 / 34.706       16.881 / 34.706       16.881 / 34.706       16.881 / 34.706      ms
[40.111s][info][gc,stats    ]       Phase: Concurrent Mark Continue                      0.000 / 0.000         0.000 / 0.000         0.000 / 0.000         0.000 / 0.000       ms
[40.111s][info][gc,stats    ]       Phase: Concurrent Mark Free                          0.001 / 0.002         0.001 / 0.002         0.001 / 0.002         0.001 / 0.002       ms
[40.111s][info][gc,stats    ]       Phase: Concurrent Process Non-Strong References      4.619 / 7.426         2.075 / 7.426         2.075 / 7.426         2.075 / 7.426       ms
[40.112s][info][gc,stats    ]       Phase: Concurrent Relocate                           6.931 / 12.244        4.152 / 12.244        4.152 / 12.244        4.152 / 12.244      ms
[40.112s][info][gc,stats    ]       Phase: Concurrent Reset Relocation Set               0.006 / 0.011         0.008 / 0.015         0.008 / 0.015         0.008 / 0.015       ms
[40.112s][info][gc,stats    ]       Phase: Concurrent Select Relocation Set              5.514 / 7.186         5.783 / 14.229        5.783 / 14.229        5.783 / 14.229      ms
[40.112s][info][gc,stats    ]       Phase: Pause Mark End                                0.018 / 0.026         0.020 / 0.027         0.020 / 0.027         0.020 / 0.027       ms
[40.112s][info][gc,stats    ]       Phase: Pause Mark Start                              0.018 / 0.020         0.017 / 0.020         0.017 / 0.020         0.017 / 0.020       ms
[40.112s][info][gc,stats    ]       Phase: Pause Relocate Start                          0.006 / 0.010         0.008 / 0.014         0.008 / 0.014         0.008 / 0.014       ms
[40.112s][info][gc,stats    ]    Subphase: Concurrent Classes Purge                      0.017 / 0.040         0.100 / 0.801         0.100 / 0.801         0.100 / 0.801       ms
[40.112s][info][gc,stats    ]    Subphase: Concurrent Classes Unlink                     3.724 / 5.860         1.532 / 5.860         1.532 / 5.860         1.532 / 5.860       ms
[40.112s][info][gc,stats    ]    Subphase: Concurrent Mark                              15.849 / 31.718       12.938 / 31.718       12.938 / 31.718       12.938 / 31.718      ms
[40.112s][info][gc,stats    ]    Subphase: Concurrent Mark Try Flush                     0.067 / 0.116         0.070 / 0.127         0.070 / 0.127         0.070 / 0.127       ms
[40.112s][info][gc,stats    ]    Subphase: Concurrent Mark Try Terminate                 6.495 / 12.286        6.524 / 13.714        6.524 / 13.714        6.524 / 13.714      ms
[40.112s][info][gc,stats    ]    Subphase: Concurrent References Enqueue                 0.000 / 0.001         0.001 / 0.005         0.001 / 0.005         0.001 / 0.005       ms
[40.112s][info][gc,stats    ]    Subphase: Concurrent References Process                 0.043 / 0.057         0.049 / 0.088         0.049 / 0.088         0.049 / 0.088       ms
[40.112s][info][gc,stats    ]    Subphase: Concurrent Roots ClassLoaderDataGraph         0.183 / 0.762         0.139 / 0.868         0.139 / 0.868         0.139 / 0.868       ms
[40.112s][info][gc,stats    ]    Subphase: Concurrent Roots CodeCache                    0.000 / 0.000         0.000 / 0.000         0.000 / 0.000         0.000 / 0.000       ms
[40.112s][info][gc,stats    ]    Subphase: Concurrent Roots JavaThreads                  0.755 / 2.549         0.597 / 2.549         0.597 / 2.549         0.597 / 2.549       ms
[40.112s][info][gc,stats    ]    Subphase: Concurrent Roots OopStorageSet                0.028 / 0.110         0.025 / 0.219         0.025 / 0.219         0.025 / 0.219       ms
[40.112s][info][gc,stats    ]    Subphase: Concurrent Weak Roots OopStorageSet           0.279 / 1.443         0.171 / 1.443         0.171 / 1.443         0.171 / 1.443       ms
[40.112s][info][gc,stats    ]    Subphase: Pause Mark Try Complete                       0.000 / 0.000         0.000 / 0.000         0.000 / 0.000         0.000 / 0.000       ms
[40.112s][info][gc,stats    ]      System: Java Threads                                     33 / 33               32 / 41               32 / 41               32 / 41          threads
[40.112s][info][gc,stats    ] =========================================================================================================================================================
[40.805s][info][gc,start    ] GC(24) Garbage Collection (Proactive)
[40.805s][info][gc,task     ] GC(24) Using 10 workers
[40.827s][info][gc,phases   ] GC(24) Pause Mark Start 0.017ms
[40.836s][info][gc,phases   ] GC(24) Concurrent Mark 8.802ms
[40.836s][info][gc,phases   ] GC(24) Pause Mark End 0.022ms
[40.836s][info][gc,phases   ] GC(24) Concurrent Mark Free 0.002ms
[40.837s][info][gc,phases   ] GC(24) Concurrent Process Non-Strong References 0.964ms
[40.837s][info][gc,phases   ] GC(24) Concurrent Reset Relocation Set 0.011ms
[40.844s][info][gc,phases   ] GC(24) Concurrent Select Relocation Set 6.202ms
[40.844s][info][gc,phases   ] GC(24) Pause Relocate Start 0.008ms
[40.847s][info][gc,phases   ] GC(24) Concurrent Relocate 3.295ms
[40.847s][info][gc,load     ] GC(24) Load: 0.00/0.00/0.00
[40.847s][info][gc,mmu      ] GC(24) MMU: 2ms/98.7%, 5ms/99.5%, 10ms/99.6%, 20ms/99.8%, 50ms/99.9%, 100ms/99.9%
[40.847s][info][gc,marking  ] GC(24) Mark: 8 stripe(s), 2 proactive flush(es), 1 terminate flush(es), 0 completion(s), 0 continuation(s) 
[40.847s][info][gc,marking  ] GC(24) Mark Stack Usage: 32M
[40.847s][info][gc,nmethod  ] GC(24) NMethods: 1862 registered, 344 unregistered
[40.847s][info][gc,metaspace] GC(24) Metaspace: 9M used, 9M committed, 1088M reserved
[40.847s][info][gc,ref      ] GC(24) Soft: 214 encountered, 0 discovered, 0 enqueued
[40.847s][info][gc,ref      ] GC(24) Weak: 803 encountered, 25 discovered, 0 enqueued
[40.847s][info][gc,ref      ] GC(24) Final: 0 encountered, 0 discovered, 0 enqueued
[40.847s][info][gc,ref      ] GC(24) Phantom: 27 encountered, 18 discovered, 0 enqueued
[40.847s][info][gc,reloc    ] GC(24) Small Pages: 392 / 784M, Empty: 702M, Relocated: 3M, In-Place: 0
[40.847s][info][gc,reloc    ] GC(24) Medium Pages: 0 / 0M, Empty: 0M, Relocated: 0M, In-Place: 0
[40.848s][info][gc,reloc    ] GC(24) Large Pages: 0 / 0M, Empty: 0M, Relocated: 0M, In-Place: 0
[40.848s][info][gc,reloc    ] GC(24) Forwarding Usage: 1M
[40.848s][info][gc,heap     ] GC(24) Min Capacity: 8M(1%)
[40.848s][info][gc,heap     ] GC(24) Max Capacity: 1024M(100%)
[40.848s][info][gc,heap     ] GC(24) Soft Max Capacity: 1024M(100%)
[40.848s][info][gc,heap     ] GC(24)                Mark Start          Mark End        Relocate Start      Relocate End           High               Low         
[40.848s][info][gc,heap     ] GC(24)  Capacity:     1024M (100%)       1024M (100%)       1024M (100%)       1024M (100%)       1024M (100%)       1024M (100%)   
[40.848s][info][gc,heap     ] GC(24)      Free:      240M (23%)         236M (23%)         934M (91%)         992M (97%)         992M (97%)         234M (23%)    
[40.848s][info][gc,heap     ] GC(24)      Used:      784M (77%)         788M (77%)          90M (9%)           32M (3%)          790M (77%)          32M (3%)     
[40.848s][info][gc,heap     ] GC(24)      Live:         -                 6M (1%)            6M (1%)            6M (1%)             -                  -          
[40.848s][info][gc,heap     ] GC(24) Allocated:         -                 4M (0%)            8M (1%)            7M (1%)             -                  -          
[40.848s][info][gc,heap     ] GC(24)   Garbage:         -               777M (76%)          75M (7%)           17M (2%)             -                  -          
[40.848s][info][gc,heap     ] GC(24) Reclaimed:         -                  -               702M (69%)         759M (74%)            -                  -          
[40.848s][info][gc          ] GC(24) Garbage Collection (Proactive) 784M(77%)->32M(3%)
[42.752s][info][gc,start    ] GC(25) Garbage Collection (System.gc())
[42.752s][info][gc,task     ] GC(25) Using 10 workers
[42.753s][info][gc,phases   ] GC(25) Pause Mark Start 0.017ms
[42.769s][info][gc,phases   ] GC(25) Concurrent Mark 16.698ms
[42.769s][info][gc,phases   ] GC(25) Pause Mark End 0.016ms
[42.770s][info][gc,phases   ] GC(25) Concurrent Mark Free 0.001ms
[42.771s][info][gc,phases   ] GC(25) Concurrent Process Non-Strong References 1.039ms
[42.771s][info][gc,phases   ] GC(25) Concurrent Reset Relocation Set 0.007ms
[42.775s][info][gc,phases   ] GC(25) Concurrent Select Relocation Set 4.003ms
[42.775s][info][gc,phases   ] GC(25) Pause Relocate Start 0.006ms
[42.778s][info][gc,phases   ] GC(25) Concurrent Relocate 3.320ms
[42.778s][info][gc,load     ] GC(25) Load: 0.00/0.00/0.00
[42.778s][info][gc,mmu      ] GC(25) MMU: 2ms/98.7%, 5ms/99.5%, 10ms/99.6%, 20ms/99.8%, 50ms/99.9%, 100ms/99.9%
[42.778s][info][gc,marking  ] GC(25) Mark: 8 stripe(s), 1 proactive flush(es), 1 terminate flush(es), 0 completion(s), 0 continuation(s) 
[42.778s][info][gc,marking  ] GC(25) Mark Stack Usage: 32M
[42.778s][info][gc,nmethod  ] GC(25) NMethods: 1863 registered, 344 unregistered
[42.778s][info][gc,metaspace] GC(25) Metaspace: 9M used, 9M committed, 1088M reserved
[42.778s][info][gc,ref      ] GC(25) Soft: 214 encountered, 0 discovered, 0 enqueued
[42.778s][info][gc,ref      ] GC(25) Weak: 803 encountered, 127 discovered, 0 enqueued
[42.778s][info][gc,ref      ] GC(25) Final: 0 encountered, 0 discovered, 0 enqueued
[42.778s][info][gc,ref      ] GC(25) Phantom: 27 encountered, 20 discovered, 0 enqueued
[42.779s][info][gc,reloc    ] GC(25) Small Pages: 308 / 616M, Empty: 600M, Relocated: 1M, In-Place: 0
[42.779s][info][gc,reloc    ] GC(25) Medium Pages: 0 / 0M, Empty: 0M, Relocated: 0M, In-Place: 0
[42.779s][info][gc,reloc    ] GC(25) Large Pages: 0 / 0M, Empty: 0M, Relocated: 0M, In-Place: 0
[42.779s][info][gc,reloc    ] GC(25) Forwarding Usage: 0M
[42.779s][info][gc,heap     ] GC(25) Min Capacity: 8M(1%)
[42.779s][info][gc,heap     ] GC(25) Max Capacity: 1024M(100%)
[42.779s][info][gc,heap     ] GC(25) Soft Max Capacity: 1024M(100%)
[42.779s][info][gc,heap     ] GC(25)                Mark Start          Mark End        Relocate Start      Relocate End           High               Low         
[42.779s][info][gc,heap     ] GC(25)  Capacity:     1024M (100%)       1024M (100%)       1024M (100%)       1024M (100%)       1024M (100%)       1024M (100%)   
[42.779s][info][gc,heap     ] GC(25)      Free:      408M (40%)         408M (40%)        1008M (98%)        1008M (98%)        1008M (98%)         408M (40%)    
[42.779s][info][gc,heap     ] GC(25)      Used:      616M (60%)         616M (60%)          16M (2%)           16M (2%)          616M (60%)          16M (2%)     
[42.779s][info][gc,heap     ] GC(25)      Live:         -                 4M (0%)            4M (0%)            4M (0%)             -                  -          
[42.779s][info][gc,heap     ] GC(25) Allocated:         -                 0M (0%)            0M (0%)            0M (0%)             -                  -          
[42.779s][info][gc,heap     ] GC(25)   Garbage:         -               611M (60%)          11M (1%)           11M (1%)             -                  -          
[42.779s][info][gc,heap     ] GC(25) Reclaimed:         -                  -               600M (59%)         600M (59%)            -                  -          
[42.779s][info][gc          ] GC(25) Garbage Collection (System.gc()) 616M(60%)->16M(2%)
[45.406s][info][gc,start    ] GC(26) Garbage Collection (Allocation Rate)
[45.406s][info][gc,task     ] GC(26) Using 2 workers
[45.406s][info][gc,phases   ] GC(26) Pause Mark Start 0.019ms
[45.437s][info][gc,phases   ] GC(26) Concurrent Mark 30.807ms
[45.437s][info][gc,phases   ] GC(26) Pause Mark End 0.023ms
[45.437s][info][gc,phases   ] GC(26) Concurrent Mark Free 0.001ms
[45.441s][info][gc,phases   ] GC(26) Concurrent Process Non-Strong References 3.895ms
[45.441s][info][gc,phases   ] GC(26) Concurrent Reset Relocation Set 0.002ms
[45.447s][info][gc,phases   ] GC(26) Concurrent Select Relocation Set 5.904ms
[45.448s][info][gc,phases   ] GC(26) Pause Relocate Start 0.010ms
[45.453s][info][gc,phases   ] GC(26) Concurrent Relocate 5.191ms
[45.453s][info][gc,load     ] GC(26) Load: 0.00/0.00/0.00
[45.453s][info][gc,mmu      ] GC(26) MMU: 2ms/98.7%, 5ms/99.5%, 10ms/99.6%, 20ms/99.8%, 50ms/99.9%, 100ms/99.9%
[45.453s][info][gc,marking  ] GC(26) Mark: 2 stripe(s), 2 proactive flush(es), 1 terminate flush(es), 0 completion(s), 0 continuation(s) 
[45.453s][info][gc,marking  ] GC(26) Mark Stack Usage: 32M
[45.453s][info][gc,nmethod  ] GC(26) NMethods: 1866 registered, 344 unregistered
[45.453s][info][gc,metaspace] GC(26) Metaspace: 9M used, 9M committed, 1088M reserved
[45.453s][info][gc,ref      ] GC(26) Soft: 214 encountered, 0 discovered, 0 enqueued
[45.453s][info][gc,ref      ] GC(26) Weak: 805 encountered, 612 discovered, 0 enqueued
[45.453s][info][gc,ref      ] GC(26) Final: 0 encountered, 0 discovered, 0 enqueued
[45.453s][info][gc,ref      ] GC(26) Phantom: 27 encountered, 20 discovered, 0 enqueued
[45.453s][info][gc,reloc    ] GC(26) Small Pages: 433 / 866M, Empty: 696M, Relocated: 3M, In-Place: 0
[45.453s][info][gc,reloc    ] GC(26) Medium Pages: 0 / 0M, Empty: 0M, Relocated: 0M, In-Place: 0
[45.453s][info][gc,reloc    ] GC(26) Large Pages: 0 / 0M, Empty: 0M, Relocated: 0M, In-Place: 0
[45.453s][info][gc,reloc    ] GC(26) Forwarding Usage: 1M
[45.453s][info][gc,heap     ] GC(26) Min Capacity: 8M(1%)
[45.453s][info][gc,heap     ] GC(26) Max Capacity: 1024M(100%)
[45.453s][info][gc,heap     ] GC(26) Soft Max Capacity: 1024M(100%)
[45.453s][info][gc,heap     ] GC(26)                Mark Start          Mark End        Relocate Start      Relocate End           High               Low         
[45.453s][info][gc,heap     ] GC(26)  Capacity:     1024M (100%)       1024M (100%)       1024M (100%)       1024M (100%)       1024M (100%)       1024M (100%)   
[45.454s][info][gc,heap     ] GC(26)      Free:      158M (15%)         148M (14%)         840M (82%)        1002M (98%)        1002M (98%)         146M (14%)    
[45.454s][info][gc,heap     ] GC(26)      Used:      866M (85%)         876M (86%)         184M (18%)          22M (2%)          878M (86%)          22M (2%)     
[45.454s][info][gc,heap     ] GC(26)      Live:         -                 6M (1%)            6M (1%)            6M (1%)             -                  -          
[45.454s][info][gc,heap     ] GC(26) Allocated:         -                10M (1%)           14M (1%)           13M (1%)             -                  -          
[45.454s][info][gc,heap     ] GC(26)   Garbage:         -               859M (84%)         163M (16%)           1M (0%)             -                  -          
[45.454s][info][gc,heap     ] GC(26) Reclaimed:         -                  -               696M (68%)         857M (84%)            -                  -          
[45.454s][info][gc          ] GC(26) Garbage Collection (Allocation Rate) 866M(85%)->22M(2%)
[48.011s][info][gc,start    ] GC(27) Garbage Collection (Allocation Rate)
[48.011s][info][gc,task     ] GC(27) Using 1 workers
[48.011s][info][gc,phases   ] GC(27) Pause Mark Start 0.017ms
[48.043s][info][gc,phases   ] GC(27) Concurrent Mark 31.850ms
[48.043s][info][gc,phases   ] GC(27) Pause Mark End 0.023ms
[48.044s][info][gc,phases   ] GC(27) Concurrent Mark Free 0.001ms
[48.051s][info][gc,phases   ] GC(27) Concurrent Process Non-Strong References 6.928ms
[48.051s][info][gc,phases   ] GC(27) Concurrent Reset Relocation Set 0.012ms
[48.055s][info][gc,phases   ] GC(27) Concurrent Select Relocation Set 4.123ms
[48.055s][info][gc,phases   ] GC(27) Pause Relocate Start 0.009ms
[48.060s][info][gc,phases   ] GC(27) Concurrent Relocate 4.773ms
[48.060s][info][gc,load     ] GC(27) Load: 0.00/0.00/0.00
[48.060s][info][gc,mmu      ] GC(27) MMU: 2ms/98.7%, 5ms/99.5%, 10ms/99.6%, 20ms/99.8%, 50ms/99.9%, 100ms/99.9%
[48.060s][info][gc,marking  ] GC(27) Mark: 1 stripe(s), 2 proactive flush(es), 1 terminate flush(es), 0 completion(s), 0 continuation(s) 
[48.060s][info][gc,marking  ] GC(27) Mark Stack Usage: 32M
[48.060s][info][gc,nmethod  ] GC(27) NMethods: 1866 registered, 344 unregistered
[48.060s][info][gc,metaspace] GC(27) Metaspace: 9M used, 9M committed, 1088M reserved
[48.060s][info][gc,ref      ] GC(27) Soft: 214 encountered, 0 discovered, 0 enqueued
[48.060s][info][gc,ref      ] GC(27) Weak: 805 encountered, 187 discovered, 0 enqueued
[48.060s][info][gc,ref      ] GC(27) Final: 0 encountered, 0 discovered, 0 enqueued
[48.060s][info][gc,ref      ] GC(27) Phantom: 27 encountered, 16 discovered, 0 enqueued
[48.060s][info][gc,reloc    ] GC(27) Small Pages: 417 / 834M, Empty: 752M, Relocated: 1M, In-Place: 0
[48.060s][info][gc,reloc    ] GC(27) Medium Pages: 0 / 0M, Empty: 0M, Relocated: 0M, In-Place: 0
[48.060s][info][gc,reloc    ] GC(27) Large Pages: 0 / 0M, Empty: 0M, Relocated: 0M, In-Place: 0
[48.060s][info][gc,reloc    ] GC(27) Forwarding Usage: 0M
[48.060s][info][gc,heap     ] GC(27) Min Capacity: 8M(1%)
[48.060s][info][gc,heap     ] GC(27) Max Capacity: 1024M(100%)
[48.060s][info][gc,heap     ] GC(27) Soft Max Capacity: 1024M(100%)
[48.060s][info][gc,heap     ] GC(27)                Mark Start          Mark End        Relocate Start      Relocate End           High               Low         
[48.060s][info][gc,heap     ] GC(27)  Capacity:     1024M (100%)       1024M (100%)       1024M (100%)       1024M (100%)       1024M (100%)       1024M (100%)   
[48.060s][info][gc,heap     ] GC(27)      Free:      190M (19%)         180M (18%)         928M (91%)        1000M (98%)        1000M (98%)         178M (17%)    
[48.060s][info][gc,heap     ] GC(27)      Used:      834M (81%)         844M (82%)          96M (9%)           24M (2%)          846M (83%)          24M (2%)     
[48.060s][info][gc,heap     ] GC(27)      Live:         -                 6M (1%)            6M (1%)            6M (1%)             -                  -          
[48.060s][info][gc,heap     ] GC(27) Allocated:         -                10M (1%)           14M (1%)           15M (2%)             -                  -          
[48.061s][info][gc,heap     ] GC(27)   Garbage:         -               827M (81%)          75M (7%)            1M (0%)             -                  -          
[48.061s][info][gc,heap     ] GC(27) Reclaimed:         -                  -               752M (73%)         825M (81%)            -                  -          
[48.061s][info][gc          ] GC(27) Garbage Collection (Allocation Rate) 834M(81%)->24M(2%)
[49.610s][info][gc,start    ] GC(28) Garbage Collection (System.gc())
[49.610s][info][gc,task     ] GC(28) Using 10 workers
[49.611s][info][gc,phases   ] GC(28) Pause Mark Start 0.019ms
[49.625s][info][gc,phases   ] GC(28) Concurrent Mark 14.451ms
[49.625s][info][gc,phases   ] GC(28) Pause Mark End 0.017ms
[49.625s][info][gc,phases   ] GC(28) Concurrent Mark Free 0.001ms
[49.626s][info][gc,phases   ] GC(28) Concurrent Process Non-Strong References 0.953ms
[49.626s][info][gc,phases   ] GC(28) Concurrent Reset Relocation Set 0.006ms
[49.631s][info][gc,phases   ] GC(28) Concurrent Select Relocation Set 4.947ms
[49.631s][info][gc,phases   ] GC(28) Pause Relocate Start 0.006ms
[49.635s][info][gc,phases   ] GC(28) Concurrent Relocate 3.132ms
[49.635s][info][gc,load     ] GC(28) Load: 0.00/0.00/0.00
[49.635s][info][gc,mmu      ] GC(28) MMU: 2ms/98.7%, 5ms/99.5%, 10ms/99.6%, 20ms/99.8%, 50ms/99.9%, 100ms/99.9%
[49.635s][info][gc,marking  ] GC(28) Mark: 8 stripe(s), 2 proactive flush(es), 1 terminate flush(es), 0 completion(s), 0 continuation(s) 
[49.635s][info][gc,marking  ] GC(28) Mark Stack Usage: 32M
[49.635s][info][gc,nmethod  ] GC(28) NMethods: 1872 registered, 344 unregistered
[49.635s][info][gc,metaspace] GC(28) Metaspace: 9M used, 9M committed, 1088M reserved
[49.635s][info][gc,ref      ] GC(28) Soft: 214 encountered, 0 discovered, 0 enqueued
[49.635s][info][gc,ref      ] GC(28) Weak: 805 encountered, 44 discovered, 0 enqueued
[49.635s][info][gc,ref      ] GC(28) Final: 0 encountered, 0 discovered, 0 enqueued
[49.635s][info][gc,ref      ] GC(28) Phantom: 27 encountered, 17 discovered, 0 enqueued
[49.635s][info][gc,reloc    ] GC(28) Small Pages: 259 / 518M, Empty: 506M, Relocated: 1M, In-Place: 0
[49.635s][info][gc,reloc    ] GC(28) Medium Pages: 0 / 0M, Empty: 0M, Relocated: 0M, In-Place: 0
[49.635s][info][gc,reloc    ] GC(28) Large Pages: 0 / 0M, Empty: 0M, Relocated: 0M, In-Place: 0
[49.635s][info][gc,reloc    ] GC(28) Forwarding Usage: 0M
[49.635s][info][gc,heap     ] GC(28) Min Capacity: 8M(1%)
[49.635s][info][gc,heap     ] GC(28) Max Capacity: 1024M(100%)
[49.635s][info][gc,heap     ] GC(28) Soft Max Capacity: 1024M(100%)
[49.635s][info][gc,heap     ] GC(28)                Mark Start          Mark End        Relocate Start      Relocate End           High               Low         
[49.635s][info][gc,heap     ] GC(28)  Capacity:     1024M (100%)       1024M (100%)       1024M (100%)       1024M (100%)       1024M (100%)       1024M (100%)   
[49.635s][info][gc,heap     ] GC(28)      Free:      506M (49%)         506M (49%)        1012M (99%)        1012M (99%)        1012M (99%)         506M (49%)    
[49.635s][info][gc,heap     ] GC(28)      Used:      518M (51%)         518M (51%)          12M (1%)           12M (1%)          518M (51%)          12M (1%)     
[49.635s][info][gc,heap     ] GC(28)      Live:         -                 4M (0%)            4M (0%)            4M (0%)             -                  -          
[49.635s][info][gc,heap     ] GC(28) Allocated:         -                 0M (0%)            0M (0%)            0M (0%)             -                  -          
[49.635s][info][gc,heap     ] GC(28)   Garbage:         -               513M (50%)           7M (1%)            7M (1%)             -                  -          
[49.635s][info][gc,heap     ] GC(28) Reclaimed:         -                  -               506M (49%)         506M (49%)            -                  -          
[49.635s][info][gc          ] GC(28) Garbage Collection (System.gc()) 518M(51%)->12M(1%)
[50.101s][info][gc,stats    ] === Garbage Collection Statistics =======================================================================================================================
[50.101s][info][gc,stats    ]                                                              Last 10s              Last 10m              Last 10h                Total
[50.101s][info][gc,stats    ]                                                              Avg / Max             Avg / Max             Avg / Max             Avg / Max
[50.101s][info][gc,stats    ]   Collector: Garbage Collection Cycle                     37.721 / 48.784       33.084 / 78.390       33.084 / 78.390       33.084 / 78.390      ms
[50.101s][info][gc,stats    ]  Contention: Mark Segment Reset Contention                     0 / 1                 0 / 5                 0 / 5                 0 / 5           ops/s
[50.101s][info][gc,stats    ]  Contention: Mark SeqNum Reset Contention                      0 / 2                 0 / 2                 0 / 2                 0 / 2           ops/s
[50.101s][info][gc,stats    ]    Critical: Allocation Stall                                  0 / 0                 0 / 0                 0 / 0                 0 / 0           ops/s
[50.101s][info][gc,stats    ]    Critical: Allocation Stall                              0.000 / 0.000         0.000 / 0.000         0.000 / 0.000         0.000 / 0.000       ms
[50.101s][info][gc,stats    ]    Critical: GC Locker Stall                                   0 / 0                 0 / 0                 0 / 0                 0 / 0           ops/s
[50.101s][info][gc,stats    ]    Critical: GC Locker Stall                               0.000 / 0.000         0.000 / 0.000         0.000 / 0.000         0.000 / 0.000       ms
[50.101s][info][gc,stats    ]    Critical: Relocation Stall                                  0 / 0                 0 / 0                 0 / 0                 0 / 0           ops/s
[50.101s][info][gc,stats    ]    Critical: Relocation Stall                              0.000 / 0.000         0.000 / 0.000         0.000 / 0.000         0.000 / 0.000       ms
[50.101s][info][gc,stats    ]      Memory: Allocation Rate                                 319 / 330             312 / 340             312 / 340             312 / 340         MB/s
[50.101s][info][gc,stats    ]      Memory: Defragment                                        0 / 0                 0 / 0                 0 / 0                 0 / 0           ops/s
[50.101s][info][gc,stats    ]      Memory: Out Of Memory                                     0 / 0                 0 / 0                 0 / 0                 0 / 0           ops/s
[50.101s][info][gc,stats    ]      Memory: Page Cache Flush                                  0 / 0                 0 / 0                 0 / 0                 0 / 0           MB/s
[50.101s][info][gc,stats    ]      Memory: Page Cache Hit L1                               160 / 169             152 / 177             152 / 177             152 / 177         ops/s
[50.101s][info][gc,stats    ]      Memory: Page Cache Hit L2                                 0 / 0                 0 / 0                 0 / 0                 0 / 0           ops/s
[50.101s][info][gc,stats    ]      Memory: Page Cache Hit L3                                 1 / 14                8 / 103               8 / 103               8 / 103         ops/s
[50.101s][info][gc,stats    ]      Memory: Page Cache Miss                                   0 / 0                 0 / 1                 0 / 1                 0 / 1           ops/s
[50.101s][info][gc,stats    ]      Memory: Uncommit                                          0 / 0                 0 / 0                 0 / 0                 0 / 0           MB/s
[50.101s][info][gc,stats    ]      Memory: Undo Object Allocation Failed                     0 / 1                 0 / 2                 0 / 2                 0 / 2           ops/s
[50.102s][info][gc,stats    ]      Memory: Undo Object Allocation Succeeded                  0 / 1                 0 / 3                 0 / 3                 0 / 3           ops/s
[50.102s][info][gc,stats    ]      Memory: Undo Page Allocation                              1 / 4                 1 / 5                 1 / 5                 1 / 5           ops/s
[50.102s][info][gc,stats    ]       Phase: Concurrent Mark                              20.522 / 31.850       17.509 / 34.706       17.509 / 34.706       17.509 / 34.706      ms
[50.102s][info][gc,stats    ]       Phase: Concurrent Mark Continue                      0.000 / 0.000         0.000 / 0.000         0.000 / 0.000         0.000 / 0.000       ms
[50.102s][info][gc,stats    ]       Phase: Concurrent Mark Free                          0.001 / 0.002         0.001 / 0.002         0.001 / 0.002         0.001 / 0.002       ms
[50.102s][info][gc,stats    ]       Phase: Concurrent Process Non-Strong References      2.756 / 6.928         2.193 / 7.426         2.193 / 7.426         2.193 / 7.426       ms
[50.102s][info][gc,stats    ]       Phase: Concurrent Relocate                           3.942 / 5.191         4.116 / 12.244        4.116 / 12.244        4.116 / 12.244      ms
[50.102s][info][gc,stats    ]       Phase: Concurrent Reset Relocation Set               0.008 / 0.012         0.008 / 0.015         0.008 / 0.015         0.008 / 0.015       ms
[50.102s][info][gc,stats    ]       Phase: Concurrent Select Relocation Set              5.036 / 6.202         5.654 / 14.229        5.654 / 14.229        5.654 / 14.229      ms
[50.102s][info][gc,stats    ]       Phase: Pause Mark End                                0.020 / 0.023         0.020 / 0.027         0.020 / 0.027         0.020 / 0.027       ms
[50.102s][info][gc,stats    ]       Phase: Pause Mark Start                              0.018 / 0.019         0.017 / 0.020         0.017 / 0.020         0.017 / 0.020       ms
[50.102s][info][gc,stats    ]       Phase: Pause Relocate Start                          0.008 / 0.010         0.008 / 0.014         0.008 / 0.014         0.008 / 0.014       ms
[50.102s][info][gc,stats    ]    Subphase: Concurrent Classes Purge                      0.005 / 0.006         0.084 / 0.801         0.084 / 0.801         0.084 / 0.801       ms
[50.102s][info][gc,stats    ]    Subphase: Concurrent Classes Unlink                     2.151 / 5.566         1.639 / 5.860         1.639 / 5.860         1.639 / 5.860       ms
[50.102s][info][gc,stats    ]    Subphase: Concurrent Mark                              12.880 / 29.451       12.930 / 31.718       12.930 / 31.718       12.930 / 31.718      ms
[50.102s][info][gc,stats    ]    Subphase: Concurrent Mark Try Flush                     0.060 / 0.103         0.068 / 0.127         0.068 / 0.127         0.068 / 0.127       ms
[50.102s][info][gc,stats    ]    Subphase: Concurrent Mark Try Terminate                 6.875 / 13.492        6.570 / 13.714        6.570 / 13.714        6.570 / 13.714      ms
[50.102s][info][gc,stats    ]    Subphase: Concurrent References Enqueue                 0.000 / 0.001         0.001 / 0.005         0.001 / 0.005         0.001 / 0.005       ms
[50.102s][info][gc,stats    ]    Subphase: Concurrent References Process                 0.051 / 0.075         0.049 / 0.088         0.049 / 0.088         0.049 / 0.088       ms
[50.102s][info][gc,stats    ]    Subphase: Concurrent Roots ClassLoaderDataGraph         0.113 / 0.411         0.135 / 0.868         0.135 / 0.868         0.135 / 0.868       ms
[50.102s][info][gc,stats    ]    Subphase: Concurrent Roots CodeCache                    0.000 / 0.000         0.000 / 0.000         0.000 / 0.000         0.000 / 0.000       ms
[50.102s][info][gc,stats    ]    Subphase: Concurrent Roots JavaThreads                  0.529 / 1.856         0.587 / 2.549         0.587 / 2.549         0.587 / 2.549       ms
[50.102s][info][gc,stats    ]    Subphase: Concurrent Roots OopStorageSet                0.025 / 0.078         0.025 / 0.219         0.025 / 0.219         0.025 / 0.219       ms
[50.102s][info][gc,stats    ]    Subphase: Concurrent Weak Roots OopStorageSet           0.179 / 1.218         0.172 / 1.443         0.172 / 1.443         0.172 / 1.443       ms
[50.102s][info][gc,stats    ]    Subphase: Pause Mark Try Complete                       0.000 / 0.000         0.000 / 0.000         0.000 / 0.000         0.000 / 0.000       ms
[50.102s][info][gc,stats    ]      System: Java Threads                                     33 / 33               32 / 41               32 / 41               32 / 41          threads
[50.102s][info][gc,stats    ] =========================================================================================================================================================
[52.012s][info][gc,start    ] GC(29) Garbage Collection (Proactive)
[52.012s][info][gc,task     ] GC(29) Using 10 workers
[52.012s][info][gc,phases   ] GC(29) Pause Mark Start 0.018ms
[52.027s][info][gc,phases   ] GC(29) Concurrent Mark 15.233ms
[52.027s][info][gc,phases   ] GC(29) Pause Mark End 0.023ms
[52.027s][info][gc,phases   ] GC(29) Concurrent Mark Free 0.001ms
[52.029s][info][gc,phases   ] GC(29) Concurrent Process Non-Strong References 1.039ms
[52.029s][info][gc,phases   ] GC(29) Concurrent Reset Relocation Set 0.001ms
[52.034s][info][gc,phases   ] GC(29) Concurrent Select Relocation Set 5.378ms
[52.034s][info][gc,phases   ] GC(29) Pause Relocate Start 0.009ms
[52.038s][info][gc,phases   ] GC(29) Concurrent Relocate 3.547ms
[52.038s][info][gc,load     ] GC(29) Load: 0.00/0.00/0.00
[52.038s][info][gc,mmu      ] GC(29) MMU: 2ms/98.7%, 5ms/99.5%, 10ms/99.6%, 20ms/99.8%, 50ms/99.9%, 100ms/99.9%
[52.038s][info][gc,marking  ] GC(29) Mark: 8 stripe(s), 2 proactive flush(es), 1 terminate flush(es), 0 completion(s), 0 continuation(s) 
[52.038s][info][gc,marking  ] GC(29) Mark Stack Usage: 32M
[52.038s][info][gc,nmethod  ] GC(29) NMethods: 1873 registered, 347 unregistered
[52.038s][info][gc,metaspace] GC(29) Metaspace: 9M used, 9M committed, 1088M reserved
[52.038s][info][gc,ref      ] GC(29) Soft: 214 encountered, 0 discovered, 0 enqueued
[52.038s][info][gc,ref      ] GC(29) Weak: 805 encountered, 53 discovered, 0 enqueued
[52.038s][info][gc,ref      ] GC(29) Final: 0 encountered, 0 discovered, 0 enqueued
[52.038s][info][gc,ref      ] GC(29) Phantom: 27 encountered, 23 discovered, 0 enqueued
[52.038s][info][gc,reloc    ] GC(29) Small Pages: 388 / 776M, Empty: 610M, Relocated: 3M, In-Place: 0
[52.038s][info][gc,reloc    ] GC(29) Medium Pages: 0 / 0M, Empty: 0M, Relocated: 0M, In-Place: 0
[52.038s][info][gc,reloc    ] GC(29) Large Pages: 0 / 0M, Empty: 0M, Relocated: 0M, In-Place: 0
[52.038s][info][gc,reloc    ] GC(29) Forwarding Usage: 1M
[52.038s][info][gc,heap     ] GC(29) Min Capacity: 8M(1%)
[52.038s][info][gc,heap     ] GC(29) Max Capacity: 1024M(100%)
[52.038s][info][gc,heap     ] GC(29) Soft Max Capacity: 1024M(100%)
[52.038s][info][gc,heap     ] GC(29)                Mark Start          Mark End        Relocate Start      Relocate End           High               Low         
[52.038s][info][gc,heap     ] GC(29)  Capacity:     1024M (100%)       1024M (100%)       1024M (100%)       1024M (100%)       1024M (100%)       1024M (100%)   
[52.038s][info][gc,heap     ] GC(29)      Free:      248M (24%)         242M (24%)         850M (83%)         990M (97%)         990M (97%)         240M (23%)    
[52.039s][info][gc,heap     ] GC(29)      Used:      776M (76%)         782M (76%)         174M (17%)          34M (3%)          784M (77%)          34M (3%)     
[52.039s][info][gc,heap     ] GC(29)      Live:         -                 6M (1%)            6M (1%)            6M (1%)             -                  -          
[52.039s][info][gc,heap     ] GC(29) Allocated:         -                 6M (1%)            8M (1%)            9M (1%)             -                  -          
[52.039s][info][gc,heap     ] GC(29)   Garbage:         -               769M (75%)         159M (16%)          17M (2%)             -                  -          
[52.039s][info][gc,heap     ] GC(29) Reclaimed:         -                  -               610M (60%)         751M (73%)            -                  -          
[52.039s][info][gc          ] GC(29) Garbage Collection (Proactive) 776M(76%)->34M(3%)
[54.110s][info][gc,start    ] GC(30) Garbage Collection (Proactive)
[54.110s][info][gc,task     ] GC(30) Using 10 workers
[54.110s][info][gc,phases   ] GC(30) Pause Mark Start 0.017ms
[54.118s][info][gc,phases   ] GC(30) Concurrent Mark 7.660ms
[54.118s][info][gc,phases   ] GC(30) Pause Mark End 0.019ms
[54.118s][info][gc,phases   ] GC(30) Concurrent Mark Free 0.002ms
[54.120s][info][gc,phases   ] GC(30) Concurrent Process Non-Strong References 1.060ms
[54.120s][info][gc,phases   ] GC(30) Concurrent Reset Relocation Set 0.013ms
[54.126s][info][gc,phases   ] GC(30) Concurrent Select Relocation Set 6.373ms
[54.126s][info][gc,phases   ] GC(30) Pause Relocate Start 0.008ms
[54.130s][info][gc,phases   ] GC(30) Concurrent Relocate 3.507ms
[54.130s][info][gc,load     ] GC(30) Load: 0.00/0.00/0.00
[54.130s][info][gc,mmu      ] GC(30) MMU: 2ms/98.7%, 5ms/99.5%, 10ms/99.6%, 20ms/99.8%, 50ms/99.9%, 100ms/99.9%
[54.130s][info][gc,marking  ] GC(30) Mark: 8 stripe(s), 2 proactive flush(es), 1 terminate flush(es), 0 completion(s), 0 continuation(s) 
[54.130s][info][gc,marking  ] GC(30) Mark Stack Usage: 32M
[54.130s][info][gc,nmethod  ] GC(30) NMethods: 1873 registered, 348 unregistered
[54.130s][info][gc,metaspace] GC(30) Metaspace: 9M used, 9M committed, 1088M reserved
[54.130s][info][gc,ref      ] GC(30) Soft: 214 encountered, 0 discovered, 0 enqueued
[54.130s][info][gc,ref      ] GC(30) Weak: 805 encountered, 6 discovered, 0 enqueued
[54.130s][info][gc,ref      ] GC(30) Final: 0 encountered, 0 discovered, 0 enqueued
[54.130s][info][gc,ref      ] GC(30) Phantom: 27 encountered, 19 discovered, 0 enqueued
[54.130s][info][gc,reloc    ] GC(30) Small Pages: 345 / 690M, Empty: 586M, Relocated: 3M, In-Place: 0
[54.130s][info][gc,reloc    ] GC(30) Medium Pages: 0 / 0M, Empty: 0M, Relocated: 0M, In-Place: 0
[54.130s][info][gc,reloc    ] GC(30) Large Pages: 0 / 0M, Empty: 0M, Relocated: 0M, In-Place: 0
[54.130s][info][gc,reloc    ] GC(30) Forwarding Usage: 1M
[54.130s][info][gc,heap     ] GC(30) Min Capacity: 8M(1%)
[54.130s][info][gc,heap     ] GC(30) Max Capacity: 1024M(100%)
[54.130s][info][gc,heap     ] GC(30) Soft Max Capacity: 1024M(100%)
[54.130s][info][gc,heap     ] GC(30)                Mark Start          Mark End        Relocate Start      Relocate End           High               Low         
[54.130s][info][gc,heap     ] GC(30)  Capacity:     1024M (100%)       1024M (100%)       1024M (100%)       1024M (100%)       1024M (100%)       1024M (100%)   
[54.131s][info][gc,heap     ] GC(30)      Free:      334M (33%)         330M (32%)         914M (89%)         994M (97%)         994M (97%)         330M (32%)    
[54.131s][info][gc,heap     ] GC(30)      Used:      690M (67%)         694M (68%)         110M (11%)          30M (3%)          694M (68%)          30M (3%)     
[54.131s][info][gc,heap     ] GC(30)      Live:         -                 6M (1%)            6M (1%)            6M (1%)             -                  -          
[54.131s][info][gc,heap     ] GC(30) Allocated:         -                 4M (0%)            6M (1%)            5M (1%)             -                  -          
[54.131s][info][gc,heap     ] GC(30)   Garbage:         -               683M (67%)          97M (10%)          17M (2%)             -                  -          
[54.131s][info][gc,heap     ] GC(30) Reclaimed:         -                  -               586M (57%)         665M (65%)            -                  -          
[54.131s][info][gc          ] GC(30) Garbage Collection (Proactive) 690M(67%)->30M(3%)
[55.912s][info][gc,start    ] GC(31) Garbage Collection (Proactive)
[55.912s][info][gc,task     ] GC(31) Using 10 workers
[55.912s][info][gc,phases   ] GC(31) Pause Mark Start 0.018ms
[55.927s][info][gc,phases   ] GC(31) Concurrent Mark 15.194ms
[55.927s][info][gc,phases   ] GC(31) Pause Mark End 0.022ms
[55.928s][info][gc,phases   ] GC(31) Concurrent Mark Free 0.001ms
[55.929s][info][gc,phases   ] GC(31) Concurrent Process Non-Strong References 1.033ms
[55.929s][info][gc,phases   ] GC(31) Concurrent Reset Relocation Set 0.009ms
[55.933s][info][gc,phases   ] GC(31) Concurrent Select Relocation Set 3.903ms
[55.933s][info][gc,phases   ] GC(31) Pause Relocate Start 0.007ms
[55.936s][info][gc,phases   ] GC(31) Concurrent Relocate 3.424ms
[55.936s][info][gc,load     ] GC(31) Load: 0.00/0.00/0.00
[55.936s][info][gc,mmu      ] GC(31) MMU: 2ms/98.7%, 5ms/99.5%, 10ms/99.6%, 20ms/99.8%, 50ms/99.9%, 100ms/99.9%
[55.936s][info][gc,marking  ] GC(31) Mark: 8 stripe(s), 2 proactive flush(es), 1 terminate flush(es), 0 completion(s), 0 continuation(s) 
[55.936s][info][gc,marking  ] GC(31) Mark Stack Usage: 32M
[55.936s][info][gc,nmethod  ] GC(31) NMethods: 1873 registered, 348 unregistered
[55.936s][info][gc,metaspace] GC(31) Metaspace: 9M used, 9M committed, 1088M reserved
[55.936s][info][gc,ref      ] GC(31) Soft: 214 encountered, 0 discovered, 0 enqueued
[55.937s][info][gc,ref      ] GC(31) Weak: 805 encountered, 2 discovered, 0 enqueued
[55.937s][info][gc,ref      ] GC(31) Final: 0 encountered, 0 discovered, 0 enqueued
[55.937s][info][gc,ref      ] GC(31) Phantom: 27 encountered, 20 discovered, 0 enqueued
[55.937s][info][gc,reloc    ] GC(31) Small Pages: 303 / 606M, Empty: 470M, Relocated: 3M, In-Place: 0
[55.937s][info][gc,reloc    ] GC(31) Medium Pages: 0 / 0M, Empty: 0M, Relocated: 0M, In-Place: 0
[55.937s][info][gc,reloc    ] GC(31) Large Pages: 0 / 0M, Empty: 0M, Relocated: 0M, In-Place: 0
[55.937s][info][gc,reloc    ] GC(31) Forwarding Usage: 1M
[55.937s][info][gc,heap     ] GC(31) Min Capacity: 8M(1%)
[55.937s][info][gc,heap     ] GC(31) Max Capacity: 1024M(100%)
[55.937s][info][gc,heap     ] GC(31) Soft Max Capacity: 1024M(100%)
[55.937s][info][gc,heap     ] GC(31)                Mark Start          Mark End        Relocate Start      Relocate End           High               Low         
[55.937s][info][gc,heap     ] GC(31)  Capacity:     1024M (100%)       1024M (100%)       1024M (100%)       1024M (100%)       1024M (100%)       1024M (100%)   
[55.937s][info][gc,heap     ] GC(31)      Free:      418M (41%)         412M (40%)         880M (86%)         992M (97%)         992M (97%)         412M (40%)    
[55.937s][info][gc,heap     ] GC(31)      Used:      606M (59%)         612M (60%)         144M (14%)          32M (3%)          612M (60%)          32M (3%)     
[55.937s][info][gc,heap     ] GC(31)      Live:         -                 6M (1%)            6M (1%)            6M (1%)             -                  -          
[55.937s][info][gc,heap     ] GC(31) Allocated:         -                 6M (1%)            8M (1%)            7M (1%)             -                  -          
[55.937s][info][gc,heap     ] GC(31)   Garbage:         -               599M (59%)         129M (13%)          17M (2%)             -                  -          
[55.937s][info][gc,heap     ] GC(31) Reclaimed:         -                  -               470M (46%)         581M (57%)            -                  -          
[55.937s][info][gc          ] GC(31) Garbage Collection (Proactive) 606M(59%)->32M(3%)
[56.468s][info][gc,start    ] GC(32) Garbage Collection (System.gc())
[56.468s][info][gc,task     ] GC(32) Using 10 workers
[56.468s][info][gc,phases   ] GC(32) Pause Mark Start 0.017ms
[56.474s][info][gc,phases   ] GC(32) Concurrent Mark 5.922ms
[56.474s][info][gc,phases   ] GC(32) Pause Mark End 0.017ms
[56.474s][info][gc,phases   ] GC(32) Concurrent Mark Free 0.001ms
[56.475s][info][gc,phases   ] GC(32) Concurrent Process Non-Strong References 0.999ms
[56.475s][info][gc,phases   ] GC(32) Concurrent Reset Relocation Set 0.012ms
[56.479s][info][gc,phases   ] GC(32) Concurrent Select Relocation Set 3.910ms
[56.479s][info][gc,phases   ] GC(32) Pause Relocate Start 0.006ms
[56.482s][info][gc,phases   ] GC(32) Concurrent Relocate 3.118ms
[56.483s][info][gc,load     ] GC(32) Load: 0.00/0.00/0.00
[56.483s][info][gc,mmu      ] GC(32) MMU: 2ms/98.7%, 5ms/99.5%, 10ms/99.6%, 20ms/99.8%, 50ms/99.9%, 100ms/99.9%
[56.483s][info][gc,marking  ] GC(32) Mark: 8 stripe(s), 1 proactive flush(es), 1 terminate flush(es), 0 completion(s), 0 continuation(s) 
[56.483s][info][gc,marking  ] GC(32) Mark Stack Usage: 32M
[56.483s][info][gc,nmethod  ] GC(32) NMethods: 1874 registered, 348 unregistered
[56.483s][info][gc,metaspace] GC(32) Metaspace: 9M used, 9M committed, 1088M reserved
[56.483s][info][gc,ref      ] GC(32) Soft: 214 encountered, 0 discovered, 0 enqueued
[56.483s][info][gc,ref      ] GC(32) Weak: 805 encountered, 16 discovered, 0 enqueued
[56.483s][info][gc,ref      ] GC(32) Final: 0 encountered, 0 discovered, 0 enqueued
[56.483s][info][gc,ref      ] GC(32) Phantom: 27 encountered, 16 discovered, 0 enqueued
[56.483s][info][gc,reloc    ] GC(32) Small Pages: 100 / 200M, Empty: 186M, Relocated: 1M, In-Place: 0
[56.483s][info][gc,reloc    ] GC(32) Medium Pages: 0 / 0M, Empty: 0M, Relocated: 0M, In-Place: 0
[56.483s][info][gc,reloc    ] GC(32) Large Pages: 0 / 0M, Empty: 0M, Relocated: 0M, In-Place: 0
[56.483s][info][gc,reloc    ] GC(32) Forwarding Usage: 0M
[56.483s][info][gc,heap     ] GC(32) Min Capacity: 8M(1%)
[56.483s][info][gc,heap     ] GC(32) Max Capacity: 1024M(100%)
[56.483s][info][gc,heap     ] GC(32) Soft Max Capacity: 1024M(100%)
[56.483s][info][gc,heap     ] GC(32)                Mark Start          Mark End        Relocate Start      Relocate End           High               Low         
[56.483s][info][gc,heap     ] GC(32)  Capacity:     1024M (100%)       1024M (100%)       1024M (100%)       1024M (100%)       1024M (100%)       1024M (100%)   
[56.483s][info][gc,heap     ] GC(32)      Free:      824M (80%)         824M (80%)        1010M (99%)        1010M (99%)        1010M (99%)         824M (80%)    
[56.483s][info][gc,heap     ] GC(32)      Used:      200M (20%)         200M (20%)          14M (1%)           14M (1%)          200M (20%)          14M (1%)     
[56.483s][info][gc,heap     ] GC(32)      Live:         -                 4M (0%)            4M (0%)            4M (0%)             -                  -          
[56.483s][info][gc,heap     ] GC(32) Allocated:         -                 0M (0%)            0M (0%)            0M (0%)             -                  -          
[56.483s][info][gc,heap     ] GC(32)   Garbage:         -               195M (19%)           9M (1%)            9M (1%)             -                  -          
[56.483s][info][gc,heap     ] GC(32) Reclaimed:         -                  -               186M (18%)         186M (18%)            -                  -          
[56.483s][info][gc          ] GC(32) Garbage Collection (System.gc()) 200M(20%)->14M(1%)
[58.099s][info][gc,start    ] GC(33) Garbage Collection (Proactive)
[58.099s][info][gc,task     ] GC(33) Using 10 workers
[58.099s][info][gc,phases   ] GC(33) Pause Mark Start 0.013ms
[58.114s][info][gc,phases   ] GC(33) Concurrent Mark 15.309ms
[58.114s][info][gc,phases   ] GC(33) Pause Mark End 0.022ms
[58.114s][info][gc,phases   ] GC(33) Concurrent Mark Free 0.001ms
[58.116s][info][gc,phases   ] GC(33) Concurrent Process Non-Strong References 1.044ms
[58.116s][info][gc,phases   ] GC(33) Concurrent Reset Relocation Set 0.002ms
[58.122s][info][gc,phases   ] GC(33) Concurrent Select Relocation Set 5.949ms
[58.122s][info][gc,phases   ] GC(33) Pause Relocate Start 0.007ms
[58.125s][info][gc,phases   ] GC(33) Concurrent Relocate 3.574ms
[58.125s][info][gc,load     ] GC(33) Load: 0.00/0.00/0.00
[58.126s][info][gc,mmu      ] GC(33) MMU: 2ms/98.7%, 5ms/99.5%, 10ms/99.6%, 20ms/99.8%, 50ms/99.9%, 100ms/99.9%
[58.126s][info][gc,marking  ] GC(33) Mark: 8 stripe(s), 2 proactive flush(es), 1 terminate flush(es), 0 completion(s), 0 continuation(s) 
[58.126s][info][gc,marking  ] GC(33) Mark Stack Usage: 32M
[58.126s][info][gc,nmethod  ] GC(33) NMethods: 1880 registered, 348 unregistered
[58.126s][info][gc,metaspace] GC(33) Metaspace: 9M used, 9M committed, 1088M reserved
[58.126s][info][gc,ref      ] GC(33) Soft: 214 encountered, 0 discovered, 0 enqueued
[58.126s][info][gc,ref      ] GC(33) Weak: 805 encountered, 33 discovered, 0 enqueued
[58.126s][info][gc,ref      ] GC(33) Final: 0 encountered, 0 discovered, 0 enqueued
[58.126s][info][gc,ref      ] GC(33) Phantom: 27 encountered, 20 discovered, 0 enqueued
[58.126s][info][gc,reloc    ] GC(33) Small Pages: 263 / 526M, Empty: 342M, Relocated: 3M, In-Place: 0
[58.126s][info][gc,reloc    ] GC(33) Medium Pages: 0 / 0M, Empty: 0M, Relocated: 0M, In-Place: 0
[58.126s][info][gc,reloc    ] GC(33) Large Pages: 0 / 0M, Empty: 0M, Relocated: 0M, In-Place: 0
[58.126s][info][gc,reloc    ] GC(33) Forwarding Usage: 1M
[58.126s][info][gc,heap     ] GC(33) Min Capacity: 8M(1%)
[58.126s][info][gc,heap     ] GC(33) Max Capacity: 1024M(100%)
[58.126s][info][gc,heap     ] GC(33) Soft Max Capacity: 1024M(100%)
[58.126s][info][gc,heap     ] GC(33)                Mark Start          Mark End        Relocate Start      Relocate End           High               Low         
[58.126s][info][gc,heap     ] GC(33)  Capacity:     1024M (100%)       1024M (100%)       1024M (100%)       1024M (100%)       1024M (100%)       1024M (100%)   
[58.126s][info][gc,heap     ] GC(33)      Free:      498M (49%)         492M (48%)         832M (81%)         992M (97%)         992M (97%)         492M (48%)    
[58.126s][info][gc,heap     ] GC(33)      Used:      526M (51%)         532M (52%)         192M (19%)          32M (3%)          532M (52%)          32M (3%)     
[58.126s][info][gc,heap     ] GC(33)      Live:         -                 6M (1%)            6M (1%)            6M (1%)             -                  -          
[58.126s][info][gc,heap     ] GC(33) Allocated:         -                 6M (1%)            8M (1%)            7M (1%)             -                  -          
[58.126s][info][gc,heap     ] GC(33)   Garbage:         -               519M (51%)         177M (17%)          17M (2%)             -                  -          
[58.126s][info][gc,heap     ] GC(33) Reclaimed:         -                  -               342M (33%)         501M (49%)            -                  -          
[58.126s][info][gc          ] GC(33) Garbage Collection (Proactive) 526M(51%)->32M(3%)
[60.114s][info][gc,stats    ] === Garbage Collection Statistics =======================================================================================================================
[60.114s][info][gc,stats    ]                                                              Last 10s              Last 10m              Last 10h                Total
[60.114s][info][gc,stats    ]                                                              Avg / Max             Avg / Max             Avg / Max             Avg / Max
[60.114s][info][gc,stats    ]   Collector: Garbage Collection Cycle                     22.502 / 26.952       31.528 / 78.390       31.528 / 78.390       31.528 / 78.390      ms
[60.114s][info][gc,stats    ]  Contention: Mark Segment Reset Contention                     0 / 3                 0 / 5                 0 / 5                 0 / 5           ops/s
[60.114s][info][gc,stats    ]  Contention: Mark SeqNum Reset Contention                      0 / 1                 0 / 2                 0 / 2                 0 / 2           ops/s
[60.114s][info][gc,stats    ]    Critical: Allocation Stall                                  0 / 0                 0 / 0                 0 / 0                 0 / 0           ops/s
[60.114s][info][gc,stats    ]    Critical: Allocation Stall                              0.000 / 0.000         0.000 / 0.000         0.000 / 0.000         0.000 / 0.000       ms
[60.114s][info][gc,stats    ]    Critical: GC Locker Stall                                   0 / 0                 0 / 0                 0 / 0                 0 / 0           ops/s
[60.114s][info][gc,stats    ]    Critical: GC Locker Stall                               0.000 / 0.000         0.000 / 0.000         0.000 / 0.000         0.000 / 0.000       ms
[60.114s][info][gc,stats    ]    Critical: Relocation Stall                                  0 / 0                 0 / 0                 0 / 0                 0 / 0           ops/s
[60.114s][info][gc,stats    ]    Critical: Relocation Stall                              0.000 / 0.000         0.000 / 0.000         0.000 / 0.000         0.000 / 0.000       ms
[60.114s][info][gc,stats    ]      Memory: Allocation Rate                                 321 / 330             314 / 340             314 / 340             314 / 340         MB/s
[60.114s][info][gc,stats    ]      Memory: Defragment                                        0 / 0                 0 / 0                 0 / 0                 0 / 0           ops/s
[60.114s][info][gc,stats    ]      Memory: Out Of Memory                                     0 / 0                 0 / 0                 0 / 0                 0 / 0           ops/s
[60.114s][info][gc,stats    ]      Memory: Page Cache Flush                                  0 / 0                 0 / 0                 0 / 0                 0 / 0           MB/s
[60.114s][info][gc,stats    ]      Memory: Page Cache Hit L1                               165 / 172             154 / 177             154 / 177             154 / 177         ops/s
[60.114s][info][gc,stats    ]      Memory: Page Cache Hit L2                                 0 / 0                 0 / 0                 0 / 0                 0 / 0           ops/s
[60.114s][info][gc,stats    ]      Memory: Page Cache Hit L3                                 0 / 0                 7 / 103               7 / 103               7 / 103         ops/s
[60.114s][info][gc,stats    ]      Memory: Page Cache Miss                                   0 / 0                 0 / 1                 0 / 1                 0 / 1           ops/s
[60.114s][info][gc,stats    ]      Memory: Uncommit                                          0 / 0                 0 / 0                 0 / 0                 0 / 0           MB/s
[60.115s][info][gc,stats    ]      Memory: Undo Object Allocation Failed                     0 / 0                 0 / 2                 0 / 2                 0 / 2           ops/s
[60.115s][info][gc,stats    ]      Memory: Undo Object Allocation Succeeded                  0 / 2                 0 / 3                 0 / 3                 0 / 3           ops/s
[60.115s][info][gc,stats    ]      Memory: Undo Page Allocation                              1 / 3                 1 / 5                 1 / 5                 1 / 5           ops/s
[60.115s][info][gc,stats    ]       Phase: Concurrent Mark                              11.863 / 15.309       16.679 / 34.706       16.679 / 34.706       16.679 / 34.706      ms
[60.115s][info][gc,stats    ]       Phase: Concurrent Mark Continue                      0.000 / 0.000         0.000 / 0.000         0.000 / 0.000         0.000 / 0.000       ms
[60.115s][info][gc,stats    ]       Phase: Concurrent Mark Free                          0.001 / 0.002         0.001 / 0.002         0.001 / 0.002         0.001 / 0.002       ms
[60.115s][info][gc,stats    ]       Phase: Concurrent Process Non-Strong References      1.035 / 1.060         2.022 / 7.426         2.022 / 7.426         2.022 / 7.426       ms
[60.115s][info][gc,stats    ]       Phase: Concurrent Relocate                           3.434 / 3.574         4.016 / 12.244        4.016 / 12.244        4.016 / 12.244      ms
[60.115s][info][gc,stats    ]       Phase: Concurrent Reset Relocation Set               0.007 / 0.013         0.008 / 0.015         0.008 / 0.015         0.008 / 0.015       ms
[60.115s][info][gc,stats    ]       Phase: Concurrent Select Relocation Set              5.103 / 6.373         5.573 / 14.229        5.573 / 14.229        5.573 / 14.229      ms
[60.115s][info][gc,stats    ]       Phase: Pause Mark End                                0.021 / 0.023         0.020 / 0.027         0.020 / 0.027         0.020 / 0.027       ms
[60.115s][info][gc,stats    ]       Phase: Pause Mark Start                              0.017 / 0.018         0.017 / 0.020         0.017 / 0.020         0.017 / 0.020       ms
[60.115s][info][gc,stats    ]       Phase: Pause Relocate Start                          0.008 / 0.009         0.008 / 0.014         0.008 / 0.014         0.008 / 0.014       ms
[60.115s][info][gc,stats    ]    Subphase: Concurrent Classes Purge                      0.012 / 0.028         0.073 / 0.801         0.073 / 0.801         0.073 / 0.801       ms
[60.115s][info][gc,stats    ]    Subphase: Concurrent Classes Unlink                     0.737 / 0.752         1.506 / 5.860         1.506 / 5.860         1.506 / 5.860       ms
[60.115s][info][gc,stats    ]    Subphase: Concurrent Mark                              10.074 / 14.242       12.448 / 31.718       12.448 / 31.718       12.448 / 31.718      ms
[60.115s][info][gc,stats    ]    Subphase: Concurrent Mark Try Flush                     0.082 / 0.105         0.070 / 0.127         0.070 / 0.127         0.070 / 0.127       ms
[60.115s][info][gc,stats    ]    Subphase: Concurrent Mark Try Terminate                 5.234 / 10.050        6.354 / 13.714        6.354 / 13.714        6.354 / 13.714      ms
[60.115s][info][gc,stats    ]    Subphase: Concurrent References Enqueue                 0.000 / 0.001         0.001 / 0.005         0.001 / 0.005         0.001 / 0.005       ms
[60.115s][info][gc,stats    ]    Subphase: Concurrent References Process                 0.040 / 0.045         0.048 / 0.088         0.048 / 0.088         0.048 / 0.088       ms
[60.115s][info][gc,stats    ]    Subphase: Concurrent Roots ClassLoaderDataGraph         0.078 / 0.501         0.124 / 0.868         0.124 / 0.868         0.124 / 0.868       ms
[60.115s][info][gc,stats    ]    Subphase: Concurrent Roots CodeCache                    0.000 / 0.000         0.000 / 0.000         0.000 / 0.000         0.000 / 0.000       ms
[60.115s][info][gc,stats    ]    Subphase: Concurrent Roots JavaThreads                  0.484 / 0.957         0.569 / 2.549         0.569 / 2.549         0.569 / 2.549       ms
[60.115s][info][gc,stats    ]    Subphase: Concurrent Roots OopStorageSet                0.018 / 0.062         0.024 / 0.219         0.024 / 0.219         0.024 / 0.219       ms
[60.115s][info][gc,stats    ]    Subphase: Concurrent Weak Roots OopStorageSet           0.131 / 0.142         0.165 / 1.443         0.165 / 1.443         0.165 / 1.443       ms
[60.115s][info][gc,stats    ]    Subphase: Pause Mark Try Complete                       0.000 / 0.000         0.000 / 0.000         0.000 / 0.000         0.000 / 0.000       ms
[60.115s][info][gc,stats    ]      System: Java Threads                                     33 / 33               32 / 41               32 / 41               32 / 41          threads
[60.116s][info][gc,stats    ] =========================================================================================================================================================
[60.207s][info][gc,start    ] GC(34) Garbage Collection (Proactive)
[60.208s][info][gc,task     ] GC(34) Using 10 workers
[60.208s][info][gc,phases   ] GC(34) Pause Mark Start 0.018ms
[60.223s][info][gc,phases   ] GC(34) Concurrent Mark 15.239ms
[60.223s][info][gc,phases   ] GC(34) Pause Mark End 0.023ms
[60.223s][info][gc,phases   ] GC(34) Concurrent Mark Free 0.001ms
[60.224s][info][gc,phases   ] GC(34) Concurrent Process Non-Strong References 1.085ms
[60.225s][info][gc,phases   ] GC(34) Concurrent Reset Relocation Set 0.014ms
[60.228s][info][gc,phases   ] GC(34) Concurrent Select Relocation Set 3.931ms
[60.229s][info][gc,phases   ] GC(34) Pause Relocate Start 0.012ms
[60.232s][info][gc,phases   ] GC(34) Concurrent Relocate 3.506ms
[60.232s][info][gc,load     ] GC(34) Load: 0.00/0.00/0.00
[60.232s][info][gc,mmu      ] GC(34) MMU: 2ms/98.7%, 5ms/99.5%, 10ms/99.6%, 20ms/99.8%, 50ms/99.9%, 100ms/99.9%
[60.232s][info][gc,marking  ] GC(34) Mark: 8 stripe(s), 2 proactive flush(es), 1 terminate flush(es), 0 completion(s), 0 continuation(s) 
[60.232s][info][gc,marking  ] GC(34) Mark Stack Usage: 32M
[60.232s][info][gc,nmethod  ] GC(34) NMethods: 1880 registered, 348 unregistered
[60.233s][info][gc,metaspace] GC(34) Metaspace: 9M used, 9M committed, 1088M reserved
[60.233s][info][gc,ref      ] GC(34) Soft: 214 encountered, 0 discovered, 0 enqueued
[60.233s][info][gc,ref      ] GC(34) Weak: 805 encountered, 105 discovered, 0 enqueued
[60.233s][info][gc,ref      ] GC(34) Final: 0 encountered, 0 discovered, 0 enqueued
[60.233s][info][gc,ref      ] GC(34) Phantom: 27 encountered, 22 discovered, 0 enqueued
[60.233s][info][gc,reloc    ] GC(34) Small Pages: 346 / 692M, Empty: 546M, Relocated: 3M, In-Place: 0
[60.233s][info][gc,reloc    ] GC(34) Medium Pages: 0 / 0M, Empty: 0M, Relocated: 0M, In-Place: 0
[60.233s][info][gc,reloc    ] GC(34) Large Pages: 0 / 0M, Empty: 0M, Relocated: 0M, In-Place: 0
[60.233s][info][gc,reloc    ] GC(34) Forwarding Usage: 1M
[60.233s][info][gc,heap     ] GC(34) Min Capacity: 8M(1%)
[60.233s][info][gc,heap     ] GC(34) Max Capacity: 1024M(100%)
[60.233s][info][gc,heap     ] GC(34) Soft Max Capacity: 1024M(100%)
[60.233s][info][gc,heap     ] GC(34)                Mark Start          Mark End        Relocate Start      Relocate End           High               Low         
[60.233s][info][gc,heap     ] GC(34)  Capacity:     1024M (100%)       1024M (100%)       1024M (100%)       1024M (100%)       1024M (100%)       1024M (100%)   
[60.233s][info][gc,heap     ] GC(34)      Free:      332M (32%)         326M (32%)         870M (85%)         990M (97%)         990M (97%)         324M (32%)    
[60.233s][info][gc,heap     ] GC(34)      Used:      692M (68%)         698M (68%)         154M (15%)          34M (3%)          700M (68%)          34M (3%)     
[60.233s][info][gc,heap     ] GC(34)      Live:         -                 6M (1%)            6M (1%)            6M (1%)             -                  -          
[60.233s][info][gc,heap     ] GC(34) Allocated:         -                 6M (1%)            8M (1%)            9M (1%)             -                  -          
[60.233s][info][gc,heap     ] GC(34)   Garbage:         -               685M (67%)         139M (14%)          17M (2%)             -                  -          
[60.233s][info][gc,heap     ] GC(34) Reclaimed:         -                  -               546M (53%)         667M (65%)            -                  -          
[60.233s][info][gc          ] GC(34) Garbage Collection (Proactive) 692M(68%)->34M(3%)
[62.004s][info][gc,start    ] GC(35) Garbage Collection (Proactive)
[62.004s][info][gc,task     ] GC(35) Using 10 workers
[62.004s][info][gc,phases   ] GC(35) Pause Mark Start 0.017ms
[62.019s][info][gc,phases   ] GC(35) Concurrent Mark 15.202ms
[62.020s][info][gc,phases   ] GC(35) Pause Mark End 0.019ms
[62.020s][info][gc,phases   ] GC(35) Concurrent Mark Free 0.002ms
[62.021s][info][gc,phases   ] GC(35) Concurrent Process Non-Strong References 1.028ms
[62.021s][info][gc,phases   ] GC(35) Concurrent Reset Relocation Set 0.011ms
[62.025s][info][gc,phases   ] GC(35) Concurrent Select Relocation Set 3.860ms
[62.025s][info][gc,phases   ] GC(35) Pause Relocate Start 0.009ms
[62.028s][info][gc,phases   ] GC(35) Concurrent Relocate 3.066ms
[62.028s][info][gc,load     ] GC(35) Load: 0.00/0.00/0.00
[62.028s][info][gc,mmu      ] GC(35) MMU: 2ms/98.7%, 5ms/99.5%, 10ms/99.6%, 20ms/99.8%, 50ms/99.9%, 100ms/99.9%
[62.028s][info][gc,marking  ] GC(35) Mark: 8 stripe(s), 3 proactive flush(es), 1 terminate flush(es), 0 completion(s), 0 continuation(s) 
[62.028s][info][gc,marking  ] GC(35) Mark Stack Usage: 32M
[62.028s][info][gc,nmethod  ] GC(35) NMethods: 1880 registered, 348 unregistered
[62.028s][info][gc,metaspace] GC(35) Metaspace: 9M used, 9M committed, 1088M reserved
[62.028s][info][gc,ref      ] GC(35) Soft: 214 encountered, 0 discovered, 0 enqueued
[62.028s][info][gc,ref      ] GC(35) Weak: 805 encountered, 33 discovered, 0 enqueued
[62.028s][info][gc,ref      ] GC(35) Final: 0 encountered, 0 discovered, 0 enqueued
[62.028s][info][gc,ref      ] GC(35) Phantom: 27 encountered, 17 discovered, 0 enqueued
[62.028s][info][gc,reloc    ] GC(35) Small Pages: 294 / 588M, Empty: 528M, Relocated: 3M, In-Place: 0
[62.028s][info][gc,reloc    ] GC(35) Medium Pages: 0 / 0M, Empty: 0M, Relocated: 0M, In-Place: 0
[62.028s][info][gc,reloc    ] GC(35) Large Pages: 0 / 0M, Empty: 0M, Relocated: 0M, In-Place: 0
[62.029s][info][gc,reloc    ] GC(35) Forwarding Usage: 1M
[62.029s][info][gc,heap     ] GC(35) Min Capacity: 8M(1%)
[62.029s][info][gc,heap     ] GC(35) Max Capacity: 1024M(100%)
[62.029s][info][gc,heap     ] GC(35) Soft Max Capacity: 1024M(100%)
[62.029s][info][gc,heap     ] GC(35)                Mark Start          Mark End        Relocate Start      Relocate End           High               Low         
[62.029s][info][gc,heap     ] GC(35)  Capacity:     1024M (100%)       1024M (100%)       1024M (100%)       1024M (100%)       1024M (100%)       1024M (100%)   
[62.029s][info][gc,heap     ] GC(35)      Free:      436M (43%)         430M (42%)         956M (93%)         992M (97%)         992M (97%)         430M (42%)    
[62.029s][info][gc,heap     ] GC(35)      Used:      588M (57%)         594M (58%)          68M (7%)           32M (3%)          594M (58%)          32M (3%)     
[62.029s][info][gc,heap     ] GC(35)      Live:         -                 6M (1%)            6M (1%)            6M (1%)             -                  -          
[62.029s][info][gc,heap     ] GC(35) Allocated:         -                 6M (1%)            8M (1%)            7M (1%)             -                  -          
[62.029s][info][gc,heap     ] GC(35)   Garbage:         -               581M (57%)          53M (5%)           17M (2%)             -                  -          
[62.029s][info][gc,heap     ] GC(35) Reclaimed:         -                  -               528M (52%)         563M (55%)            -                  -          
[62.029s][info][gc          ] GC(35) Garbage Collection (Proactive) 588M(57%)->32M(3%)
[63.357s][info][gc,start    ] GC(36) Garbage Collection (System.gc())
[63.358s][info][gc,task     ] GC(36) Using 10 workers
[63.358s][info][gc,phases   ] GC(36) Pause Mark Start 0.018ms
[63.378s][info][gc,phases   ] GC(36) Concurrent Mark 20.677ms
[63.379s][info][gc,phases   ] GC(36) Pause Mark End 0.017ms
[63.379s][info][gc,phases   ] GC(36) Concurrent Mark Free 0.001ms
[63.380s][info][gc,phases   ] GC(36) Concurrent Process Non-Strong References 0.984ms
[63.380s][info][gc,phases   ] GC(36) Concurrent Reset Relocation Set 0.005ms
[63.384s][info][gc,phases   ] GC(36) Concurrent Select Relocation Set 3.926ms
[63.384s][info][gc,phases   ] GC(36) Pause Relocate Start 0.007ms
[63.387s][info][gc,phases   ] GC(36) Concurrent Relocate 3.107ms
[63.387s][info][gc,load     ] GC(36) Load: 0.00/0.00/0.00
[63.387s][info][gc,mmu      ] GC(36) MMU: 2ms/98.7%, 5ms/99.5%, 10ms/99.6%, 20ms/99.8%, 50ms/99.9%, 100ms/99.9%
[63.387s][info][gc,marking  ] GC(36) Mark: 8 stripe(s), 1 proactive flush(es), 1 terminate flush(es), 0 completion(s), 0 continuation(s) 
[63.387s][info][gc,marking  ] GC(36) Mark Stack Usage: 32M
[63.387s][info][gc,nmethod  ] GC(36) NMethods: 1880 registered, 348 unregistered
[63.387s][info][gc,metaspace] GC(36) Metaspace: 9M used, 9M committed, 1088M reserved
[63.387s][info][gc,ref      ] GC(36) Soft: 214 encountered, 0 discovered, 0 enqueued
[63.387s][info][gc,ref      ] GC(36) Weak: 805 encountered, 28 discovered, 0 enqueued
[63.387s][info][gc,ref      ] GC(36) Final: 0 encountered, 0 discovered, 0 enqueued
[63.387s][info][gc,ref      ] GC(36) Phantom: 27 encountered, 19 discovered, 0 enqueued
[63.387s][info][gc,reloc    ] GC(36) Small Pages: 234 / 468M, Empty: 452M, Relocated: 1M, In-Place: 0
[63.387s][info][gc,reloc    ] GC(36) Medium Pages: 0 / 0M, Empty: 0M, Relocated: 0M, In-Place: 0
[63.387s][info][gc,reloc    ] GC(36) Large Pages: 0 / 0M, Empty: 0M, Relocated: 0M, In-Place: 0
[63.387s][info][gc,reloc    ] GC(36) Forwarding Usage: 0M
[63.387s][info][gc,heap     ] GC(36) Min Capacity: 8M(1%)
[63.388s][info][gc,heap     ] GC(36) Max Capacity: 1024M(100%)
[63.388s][info][gc,heap     ] GC(36) Soft Max Capacity: 1024M(100%)
[63.388s][info][gc,heap     ] GC(36)                Mark Start          Mark End        Relocate Start      Relocate End           High               Low         
[63.388s][info][gc,heap     ] GC(36)  Capacity:     1024M (100%)       1024M (100%)       1024M (100%)       1024M (100%)       1024M (100%)       1024M (100%)   
[63.388s][info][gc,heap     ] GC(36)      Free:      556M (54%)         556M (54%)        1008M (98%)        1008M (98%)        1008M (98%)         556M (54%)    
[63.388s][info][gc,heap     ] GC(36)      Used:      468M (46%)         468M (46%)          16M (2%)           16M (2%)          468M (46%)          16M (2%)     
[63.388s][info][gc,heap     ] GC(36)      Live:         -                 4M (0%)            4M (0%)            4M (0%)             -                  -          
[63.388s][info][gc,heap     ] GC(36) Allocated:         -                 0M (0%)            0M (0%)            0M (0%)             -                  -          
[63.388s][info][gc,heap     ] GC(36)   Garbage:         -               463M (45%)          11M (1%)           11M (1%)             -                  -          
[63.388s][info][gc,heap     ] GC(36) Reclaimed:         -                  -               452M (44%)         452M (44%)            -                  -          
[63.388s][info][gc          ] GC(36) Garbage Collection (System.gc()) 468M(46%)->16M(2%)
[65.299s][info][gc,start    ] GC(37) Garbage Collection (Proactive)
[65.299s][info][gc,task     ] GC(37) Using 10 workers
[65.299s][info][gc,phases   ] GC(37) Pause Mark Start 0.019ms
[65.315s][info][gc,phases   ] GC(37) Concurrent Mark 15.185ms
[65.315s][info][gc,phases   ] GC(37) Pause Mark End 0.023ms
[65.315s][info][gc,phases   ] GC(37) Concurrent Mark Free 0.001ms
[65.316s][info][gc,phases   ] GC(37) Concurrent Process Non-Strong References 1.026ms
[65.316s][info][gc,phases   ] GC(37) Concurrent Reset Relocation Set 0.001ms
[65.322s][info][gc,phases   ] GC(37) Concurrent Select Relocation Set 5.781ms
[65.322s][info][gc,phases   ] GC(37) Pause Relocate Start 0.010ms
[65.326s][info][gc,phases   ] GC(37) Concurrent Relocate 3.536ms
[65.326s][info][gc,load     ] GC(37) Load: 0.00/0.00/0.00
[65.326s][info][gc,mmu      ] GC(37) MMU: 2ms/98.7%, 5ms/99.5%, 10ms/99.6%, 20ms/99.8%, 50ms/99.9%, 100ms/99.9%
[65.326s][info][gc,marking  ] GC(37) Mark: 8 stripe(s), 2 proactive flush(es), 1 terminate flush(es), 0 completion(s), 0 continuation(s) 
[65.326s][info][gc,marking  ] GC(37) Mark Stack Usage: 32M
[65.326s][info][gc,nmethod  ] GC(37) NMethods: 1881 registered, 349 unregistered
[65.326s][info][gc,metaspace] GC(37) Metaspace: 9M used, 9M committed, 1088M reserved
[65.326s][info][gc,ref      ] GC(37) Soft: 214 encountered, 0 discovered, 0 enqueued
[65.326s][info][gc,ref      ] GC(37) Weak: 805 encountered, 307 discovered, 0 enqueued
[65.326s][info][gc,ref      ] GC(37) Final: 0 encountered, 0 discovered, 0 enqueued
[65.326s][info][gc,ref      ] GC(37) Phantom: 27 encountered, 20 discovered, 0 enqueued
[65.326s][info][gc,reloc    ] GC(37) Small Pages: 311 / 622M, Empty: 464M, Relocated: 3M, In-Place: 0
[65.326s][info][gc,reloc    ] GC(37) Medium Pages: 0 / 0M, Empty: 0M, Relocated: 0M, In-Place: 0
[65.326s][info][gc,reloc    ] GC(37) Large Pages: 0 / 0M, Empty: 0M, Relocated: 0M, In-Place: 0
[65.326s][info][gc,reloc    ] GC(37) Forwarding Usage: 1M
[65.326s][info][gc,heap     ] GC(37) Min Capacity: 8M(1%)
[65.326s][info][gc,heap     ] GC(37) Max Capacity: 1024M(100%)
[65.326s][info][gc,heap     ] GC(37) Soft Max Capacity: 1024M(100%)
[65.326s][info][gc,heap     ] GC(37)                Mark Start          Mark End        Relocate Start      Relocate End           High               Low         
[65.326s][info][gc,heap     ] GC(37)  Capacity:     1024M (100%)       1024M (100%)       1024M (100%)       1024M (100%)       1024M (100%)       1024M (100%)   
[65.326s][info][gc,heap     ] GC(37)      Free:      402M (39%)         394M (38%)         856M (84%)         990M (97%)         990M (97%)         394M (38%)    
[65.326s][info][gc,heap     ] GC(37)      Used:      622M (61%)         630M (62%)         168M (16%)          34M (3%)          630M (62%)          34M (3%)     
[65.326s][info][gc,heap     ] GC(37)      Live:         -                 6M (1%)            6M (1%)            6M (1%)             -                  -          
[65.327s][info][gc,heap     ] GC(37) Allocated:         -                 8M (1%)           10M (1%)            9M (1%)             -                  -          
[65.327s][info][gc,heap     ] GC(37)   Garbage:         -               615M (60%)         151M (15%)          17M (2%)             -                  -          
[65.327s][info][gc,heap     ] GC(37) Reclaimed:         -                  -               464M (45%)         597M (58%)            -                  -          
[65.327s][info][gc          ] GC(37) Garbage Collection (Proactive) 622M(61%)->34M(3%)
[67.111s][info][gc,start    ] GC(38) Garbage Collection (Proactive)
[67.112s][info][gc,task     ] GC(38) Using 10 workers
[67.112s][info][gc,phases   ] GC(38) Pause Mark Start 0.018ms
[67.127s][info][gc,phases   ] GC(38) Concurrent Mark 15.184ms
[67.127s][info][gc,phases   ] GC(38) Pause Mark End 0.021ms
[67.127s][info][gc,phases   ] GC(38) Concurrent Mark Free 0.001ms
[67.128s][info][gc,phases   ] GC(38) Concurrent Process Non-Strong References 1.011ms
[67.128s][info][gc,phases   ] GC(38) Concurrent Reset Relocation Set 0.011ms
[67.132s][info][gc,phases   ] GC(38) Concurrent Select Relocation Set 3.873ms
[67.132s][info][gc,phases   ] GC(38) Pause Relocate Start 0.007ms
[67.136s][info][gc,phases   ] GC(38) Concurrent Relocate 3.312ms
[67.136s][info][gc,load     ] GC(38) Load: 0.00/0.00/0.00
[67.136s][info][gc,mmu      ] GC(38) MMU: 2ms/98.7%, 5ms/99.5%, 10ms/99.6%, 20ms/99.8%, 50ms/99.9%, 100ms/99.9%
[67.136s][info][gc,marking  ] GC(38) Mark: 8 stripe(s), 2 proactive flush(es), 1 terminate flush(es), 0 completion(s), 0 continuation(s) 
[67.136s][info][gc,marking  ] GC(38) Mark Stack Usage: 32M
[67.136s][info][gc,nmethod  ] GC(38) NMethods: 1881 registered, 349 unregistered
[67.136s][info][gc,metaspace] GC(38) Metaspace: 9M used, 9M committed, 1088M reserved
[67.136s][info][gc,ref      ] GC(38) Soft: 214 encountered, 0 discovered, 0 enqueued
[67.136s][info][gc,ref      ] GC(38) Weak: 805 encountered, 31 discovered, 0 enqueued
[67.136s][info][gc,ref      ] GC(38) Final: 0 encountered, 0 discovered, 0 enqueued
[67.136s][info][gc,ref      ] GC(38) Phantom: 27 encountered, 18 discovered, 0 enqueued
[67.136s][info][gc,reloc    ] GC(38) Small Pages: 310 / 620M, Empty: 498M, Relocated: 3M, In-Place: 0
[67.136s][info][gc,reloc    ] GC(38) Medium Pages: 0 / 0M, Empty: 0M, Relocated: 0M, In-Place: 0
[67.136s][info][gc,reloc    ] GC(38) Large Pages: 0 / 0M, Empty: 0M, Relocated: 0M, In-Place: 0
[67.136s][info][gc,reloc    ] GC(38) Forwarding Usage: 1M
[67.136s][info][gc,heap     ] GC(38) Min Capacity: 8M(1%)
[67.136s][info][gc,heap     ] GC(38) Max Capacity: 1024M(100%)
[67.136s][info][gc,heap     ] GC(38) Soft Max Capacity: 1024M(100%)
[67.136s][info][gc,heap     ] GC(38)                Mark Start          Mark End        Relocate Start      Relocate End           High               Low         
[67.136s][info][gc,heap     ] GC(38)  Capacity:     1024M (100%)       1024M (100%)       1024M (100%)       1024M (100%)       1024M (100%)       1024M (100%)   
[67.136s][info][gc,heap     ] GC(38)      Free:      404M (39%)         398M (39%)         894M (87%)         992M (97%)         992M (97%)         398M (39%)    
[67.137s][info][gc,heap     ] GC(38)      Used:      620M (61%)         626M (61%)         130M (13%)          32M (3%)          626M (61%)          32M (3%)     
[67.137s][info][gc,heap     ] GC(38)      Live:         -                 6M (1%)            6M (1%)            6M (1%)             -                  -          
[67.137s][info][gc,heap     ] GC(38) Allocated:         -                 6M (1%)            8M (1%)            7M (1%)             -                  -          
[67.137s][info][gc,heap     ] GC(38)   Garbage:         -               613M (60%)         115M (11%)          17M (2%)             -                  -          
[67.137s][info][gc,heap     ] GC(38) Reclaimed:         -                  -               498M (49%)         595M (58%)            -                  -          
[67.137s][info][gc          ] GC(38) Garbage Collection (Proactive) 620M(61%)->32M(3%)
[68.703s][info][gc,start    ] GC(39) Garbage Collection (Proactive)
[68.703s][info][gc,task     ] GC(39) Using 10 workers
[68.704s][info][gc,phases   ] GC(39) Pause Mark Start 0.019ms
[68.727s][info][gc,phases   ] GC(39) Concurrent Mark 22.933ms
[68.727s][info][gc,phases   ] GC(39) Pause Mark End 0.023ms
[68.727s][info][gc,phases   ] GC(39) Concurrent Mark Free 0.002ms
[68.728s][info][gc,phases   ] GC(39) Concurrent Process Non-Strong References 1.068ms
[68.728s][info][gc,phases   ] GC(39) Concurrent Reset Relocation Set 0.012ms
[68.732s][info][gc,phases   ] GC(39) Concurrent Select Relocation Set 3.875ms
[68.732s][info][gc,phases   ] GC(39) Pause Relocate Start 0.009ms
[68.736s][info][gc,phases   ] GC(39) Concurrent Relocate 3.642ms
[68.736s][info][gc,load     ] GC(39) Load: 0.00/0.00/0.00
[68.736s][info][gc,mmu      ] GC(39) MMU: 2ms/98.7%, 5ms/99.5%, 10ms/99.6%, 20ms/99.8%, 50ms/99.9%, 100ms/99.9%
[68.736s][info][gc,marking  ] GC(39) Mark: 8 stripe(s), 4 proactive flush(es), 1 terminate flush(es), 0 completion(s), 0 continuation(s) 
[68.736s][info][gc,marking  ] GC(39) Mark Stack Usage: 32M
[68.736s][info][gc,nmethod  ] GC(39) NMethods: 1881 registered, 349 unregistered
[68.736s][info][gc,metaspace] GC(39) Metaspace: 9M used, 9M committed, 1088M reserved
[68.736s][info][gc,ref      ] GC(39) Soft: 214 encountered, 0 discovered, 0 enqueued
[68.736s][info][gc,ref      ] GC(39) Weak: 805 encountered, 30 discovered, 0 enqueued
[68.736s][info][gc,ref      ] GC(39) Final: 0 encountered, 0 discovered, 0 enqueued
[68.736s][info][gc,ref      ] GC(39) Phantom: 27 encountered, 19 discovered, 0 enqueued
[68.736s][info][gc,reloc    ] GC(39) Small Pages: 260 / 520M, Empty: 380M, Relocated: 3M, In-Place: 0
[68.736s][info][gc,reloc    ] GC(39) Medium Pages: 0 / 0M, Empty: 0M, Relocated: 0M, In-Place: 0
[68.736s][info][gc,reloc    ] GC(39) Large Pages: 0 / 0M, Empty: 0M, Relocated: 0M, In-Place: 0
[68.736s][info][gc,reloc    ] GC(39) Forwarding Usage: 1M
[68.736s][info][gc,heap     ] GC(39) Min Capacity: 8M(1%)
[68.737s][info][gc,heap     ] GC(39) Max Capacity: 1024M(100%)
[68.737s][info][gc,heap     ] GC(39) Soft Max Capacity: 1024M(100%)
[68.737s][info][gc,heap     ] GC(39)                Mark Start          Mark End        Relocate Start      Relocate End           High               Low         
[68.737s][info][gc,heap     ] GC(39)  Capacity:     1024M (100%)       1024M (100%)       1024M (100%)       1024M (100%)       1024M (100%)       1024M (100%)   
[68.737s][info][gc,heap     ] GC(39)      Free:      504M (49%)         496M (48%)         874M (85%)         990M (97%)         990M (97%)         496M (48%)    
[68.737s][info][gc,heap     ] GC(39)      Used:      520M (51%)         528M (52%)         150M (15%)          34M (3%)          528M (52%)          34M (3%)     
[68.737s][info][gc,heap     ] GC(39)      Live:         -                 6M (1%)            6M (1%)            6M (1%)             -                  -          
[68.737s][info][gc,heap     ] GC(39) Allocated:         -                 8M (1%)           10M (1%)            9M (1%)             -                  -          
[68.737s][info][gc,heap     ] GC(39)   Garbage:         -               513M (50%)         133M (13%)          17M (2%)             -                  -          
[68.737s][info][gc,heap     ] GC(39) Reclaimed:         -                  -               380M (37%)         495M (48%)            -                  -          
[68.737s][info][gc          ] GC(39) Garbage Collection (Proactive) 520M(51%)->34M(3%)
[70.101s][info][gc,stats    ] === Garbage Collection Statistics =======================================================================================================================
[70.101s][info][gc,stats    ]                                                              Last 10s              Last 10m              Last 10h                Total
[70.101s][info][gc,stats    ]                                                              Avg / Max             Avg / Max             Avg / Max             Avg / Max
[70.101s][info][gc,stats    ]   Collector: Garbage Collection Cycle                     27.120 / 32.742       30.867 / 78.390       30.867 / 78.390       30.867 / 78.390      ms
[70.101s][info][gc,stats    ]  Contention: Mark Segment Reset Contention                     0 / 2                 0 / 5                 0 / 5                 0 / 5           ops/s
[70.101s][info][gc,stats    ]  Contention: Mark SeqNum Reset Contention                      0 / 1                 0 / 2                 0 / 2                 0 / 2           ops/s
[70.101s][info][gc,stats    ]    Critical: Allocation Stall                                  0 / 0                 0 / 0                 0 / 0                 0 / 0           ops/s
[70.101s][info][gc,stats    ]    Critical: Allocation Stall                              0.000 / 0.000         0.000 / 0.000         0.000 / 0.000         0.000 / 0.000       ms
[70.101s][info][gc,stats    ]    Critical: GC Locker Stall                                   0 / 0                 0 / 0                 0 / 0                 0 / 0           ops/s
[70.101s][info][gc,stats    ]    Critical: GC Locker Stall                               0.000 / 0.000         0.000 / 0.000         0.000 / 0.000         0.000 / 0.000       ms
[70.101s][info][gc,stats    ]    Critical: Relocation Stall                                  0 / 0                 0 / 0                 0 / 0                 0 / 0           ops/s
[70.101s][info][gc,stats    ]    Critical: Relocation Stall                              0.000 / 0.000         0.000 / 0.000         0.000 / 0.000         0.000 / 0.000       ms
[70.101s][info][gc,stats    ]      Memory: Allocation Rate                                 320 / 332             315 / 340             315 / 340             315 / 340         MB/s
[70.101s][info][gc,stats    ]      Memory: Defragment                                        0 / 0                 0 / 0                 0 / 0                 0 / 0           ops/s
[70.101s][info][gc,stats    ]      Memory: Out Of Memory                                     0 / 0                 0 / 0                 0 / 0                 0 / 0           ops/s
[70.101s][info][gc,stats    ]      Memory: Page Cache Flush                                  0 / 0                 0 / 0                 0 / 0                 0 / 0           MB/s
[70.101s][info][gc,stats    ]      Memory: Page Cache Hit L1                               165 / 176             156 / 177             156 / 177             156 / 177         ops/s
[70.101s][info][gc,stats    ]      Memory: Page Cache Hit L2                                 0 / 0                 0 / 0                 0 / 0                 0 / 0           ops/s
[70.101s][info][gc,stats    ]      Memory: Page Cache Hit L3                                 0 / 0                 6 / 103               6 / 103               6 / 103         ops/s
[70.102s][info][gc,stats    ]      Memory: Page Cache Miss                                   0 / 0                 0 / 1                 0 / 1                 0 / 1           ops/s
[70.102s][info][gc,stats    ]      Memory: Uncommit                                          0 / 0                 0 / 0                 0 / 0                 0 / 0           MB/s
[70.102s][info][gc,stats    ]      Memory: Undo Object Allocation Failed                     0 / 4                 0 / 4                 0 / 4                 0 / 4           ops/s
[70.102s][info][gc,stats    ]      Memory: Undo Object Allocation Succeeded                  0 / 4                 0 / 4                 0 / 4                 0 / 4           ops/s
[70.102s][info][gc,stats    ]      Memory: Undo Page Allocation                              1 / 3                 1 / 5                 1 / 5                 1 / 5           ops/s
[70.102s][info][gc,stats    ]       Phase: Concurrent Mark                              17.403 / 22.933       16.788 / 34.706       16.788 / 34.706       16.788 / 34.706      ms
[70.102s][info][gc,stats    ]       Phase: Concurrent Mark Continue                      0.000 / 0.000         0.000 / 0.000         0.000 / 0.000         0.000 / 0.000       ms
[70.102s][info][gc,stats    ]       Phase: Concurrent Mark Free                          0.001 / 0.002         0.001 / 0.002         0.001 / 0.002         0.001 / 0.002       ms
[70.102s][info][gc,stats    ]       Phase: Concurrent Process Non-Strong References      1.034 / 1.085         1.874 / 7.426         1.874 / 7.426         1.874 / 7.426       ms
[70.102s][info][gc,stats    ]       Phase: Concurrent Relocate                           3.361 / 3.642         3.918 / 12.244        3.918 / 12.244        3.918 / 12.244      ms
[70.102s][info][gc,stats    ]       Phase: Concurrent Reset Relocation Set               0.009 / 0.014         0.008 / 0.015         0.008 / 0.015         0.008 / 0.015       ms
[70.102s][info][gc,stats    ]       Phase: Concurrent Select Relocation Set              4.208 / 5.781         5.368 / 14.229        5.368 / 14.229        5.368 / 14.229      ms
[70.102s][info][gc,stats    ]       Phase: Pause Mark End                                0.021 / 0.023         0.020 / 0.027         0.020 / 0.027         0.020 / 0.027       ms
[70.102s][info][gc,stats    ]       Phase: Pause Mark Start                              0.018 / 0.019         0.017 / 0.020         0.017 / 0.020         0.017 / 0.020       ms
[70.102s][info][gc,stats    ]       Phase: Pause Relocate Start                          0.009 / 0.012         0.008 / 0.014         0.008 / 0.014         0.008 / 0.014       ms
[70.102s][info][gc,stats    ]    Subphase: Concurrent Classes Purge                      0.007 / 0.017         0.063 / 0.801         0.063 / 0.801         0.063 / 0.801       ms
[70.102s][info][gc,stats    ]    Subphase: Concurrent Classes Unlink                     0.739 / 0.768         1.391 / 5.860         1.391 / 5.860         1.391 / 5.860       ms
[70.102s][info][gc,stats    ]    Subphase: Concurrent Mark                              13.215 / 21.864       12.577 / 31.718       12.577 / 31.718       12.577 / 31.718      ms
[70.102s][info][gc,stats    ]    Subphase: Concurrent Mark Try Flush                     0.069 / 0.112         0.070 / 0.127         0.070 / 0.127         0.070 / 0.127       ms
[70.102s][info][gc,stats    ]    Subphase: Concurrent Mark Try Terminate                 7.635 / 17.080        6.573 / 17.080        6.573 / 17.080        6.573 / 17.080      ms
[70.102s][info][gc,stats    ]    Subphase: Concurrent References Enqueue                 0.000 / 0.001         0.001 / 0.005         0.001 / 0.005         0.001 / 0.005       ms
[70.102s][info][gc,stats    ]    Subphase: Concurrent References Process                 0.041 / 0.053         0.047 / 0.088         0.047 / 0.088         0.047 / 0.088       ms
[70.102s][info][gc,stats    ]    Subphase: Concurrent Roots ClassLoaderDataGraph         0.064 / 0.474         0.111 / 0.868         0.111 / 0.868         0.111 / 0.868       ms
[70.102s][info][gc,stats    ]    Subphase: Concurrent Roots CodeCache                    0.000 / 0.000         0.000 / 0.000         0.000 / 0.000         0.000 / 0.000       ms
[70.102s][info][gc,stats    ]    Subphase: Concurrent Roots JavaThreads                  0.472 / 0.951         0.552 / 2.549         0.552 / 2.549         0.552 / 2.549       ms
[70.102s][info][gc,stats    ]    Subphase: Concurrent Roots OopStorageSet                0.015 / 0.051         0.022 / 0.219         0.022 / 0.219         0.022 / 0.219       ms
[70.102s][info][gc,stats    ]    Subphase: Concurrent Weak Roots OopStorageSet           0.130 / 0.143         0.159 / 1.443         0.159 / 1.443         0.159 / 1.443       ms
[70.103s][info][gc,stats    ]    Subphase: Pause Mark Try Complete                       0.000 / 0.000         0.000 / 0.000         0.000 / 0.000         0.000 / 0.000       ms
[70.103s][info][gc,stats    ]      System: Java Threads                                     33 / 33               32 / 41               32 / 41               32 / 41          threads
[70.103s][info][gc,stats    ] =========================================================================================================================================================
[70.239s][info][gc,start    ] GC(40) Garbage Collection (System.gc())
[70.239s][info][gc,task     ] GC(40) Using 10 workers
[70.239s][info][gc,phases   ] GC(40) Pause Mark Start 0.013ms
[70.257s][info][gc,phases   ] GC(40) Concurrent Mark 17.900ms
[70.257s][info][gc,phases   ] GC(40) Pause Mark End 0.018ms
[70.257s][info][gc,phases   ] GC(40) Concurrent Mark Free 0.001ms
[70.258s][info][gc,phases   ] GC(40) Concurrent Process Non-Strong References 0.995ms
[70.258s][info][gc,phases   ] GC(40) Concurrent Reset Relocation Set 0.011ms
[70.262s][info][gc,phases   ] GC(40) Concurrent Select Relocation Set 3.871ms
[70.262s][info][gc,phases   ] GC(40) Pause Relocate Start 0.006ms
[70.265s][info][gc,phases   ] GC(40) Concurrent Relocate 3.149ms
[70.265s][info][gc,load     ] GC(40) Load: 0.00/0.00/0.00
[70.265s][info][gc,mmu      ] GC(40) MMU: 2ms/98.7%, 5ms/99.5%, 10ms/99.6%, 20ms/99.8%, 50ms/99.9%, 100ms/99.9%
[70.266s][info][gc,marking  ] GC(40) Mark: 8 stripe(s), 1 proactive flush(es), 1 terminate flush(es), 0 completion(s), 0 continuation(s) 
[70.266s][info][gc,marking  ] GC(40) Mark Stack Usage: 32M
[70.266s][info][gc,nmethod  ] GC(40) NMethods: 1881 registered, 349 unregistered
[70.266s][info][gc,metaspace] GC(40) Metaspace: 9M used, 9M committed, 1088M reserved
[70.266s][info][gc,ref      ] GC(40) Soft: 214 encountered, 0 discovered, 0 enqueued
[70.266s][info][gc,ref      ] GC(40) Weak: 805 encountered, 20 discovered, 0 enqueued
[70.266s][info][gc,ref      ] GC(40) Final: 0 encountered, 0 discovered, 0 enqueued
[70.266s][info][gc,ref      ] GC(40) Phantom: 27 encountered, 15 discovered, 0 enqueued
[70.266s][info][gc,reloc    ] GC(40) Small Pages: 250 / 500M, Empty: 484M, Relocated: 1M, In-Place: 0
[70.266s][info][gc,reloc    ] GC(40) Medium Pages: 0 / 0M, Empty: 0M, Relocated: 0M, In-Place: 0
[70.266s][info][gc,reloc    ] GC(40) Large Pages: 0 / 0M, Empty: 0M, Relocated: 0M, In-Place: 0
[70.266s][info][gc,reloc    ] GC(40) Forwarding Usage: 0M
[70.266s][info][gc,heap     ] GC(40) Min Capacity: 8M(1%)
[70.266s][info][gc,heap     ] GC(40) Max Capacity: 1024M(100%)
[70.266s][info][gc,heap     ] GC(40) Soft Max Capacity: 1024M(100%)
[70.266s][info][gc,heap     ] GC(40)                Mark Start          Mark End        Relocate Start      Relocate End           High               Low         
[70.266s][info][gc,heap     ] GC(40)  Capacity:     1024M (100%)       1024M (100%)       1024M (100%)       1024M (100%)       1024M (100%)       1024M (100%)   
[70.266s][info][gc,heap     ] GC(40)      Free:      524M (51%)         524M (51%)        1008M (98%)        1008M (98%)        1008M (98%)         524M (51%)    
[70.266s][info][gc,heap     ] GC(40)      Used:      500M (49%)         500M (49%)          16M (2%)           16M (2%)          500M (49%)          16M (2%)     
[70.266s][info][gc,heap     ] GC(40)      Live:         -                 4M (0%)            4M (0%)            4M (0%)             -                  -          
[70.266s][info][gc,heap     ] GC(40) Allocated:         -                 0M (0%)            0M (0%)            0M (0%)             -                  -          
[70.266s][info][gc,heap     ] GC(40)   Garbage:         -               495M (48%)          11M (1%)           11M (1%)             -                  -          
[70.266s][info][gc,heap     ] GC(40) Reclaimed:         -                  -               484M (47%)         484M (47%)            -                  -          
[70.266s][info][gc          ] GC(40) Garbage Collection (System.gc()) 500M(49%)->16M(2%)
[72.107s][info][gc,start    ] GC(41) Garbage Collection (Proactive)
[72.107s][info][gc,task     ] GC(41) Using 10 workers
[72.108s][info][gc,phases   ] GC(41) Pause Mark Start 0.017ms
[72.123s][info][gc,phases   ] GC(41) Concurrent Mark 15.161ms
[72.123s][info][gc,phases   ] GC(41) Pause Mark End 0.021ms
[72.123s][info][gc,phases   ] GC(41) Concurrent Mark Free 0.001ms
[72.124s][info][gc,phases   ] GC(41) Concurrent Process Non-Strong References 1.087ms
[72.124s][info][gc,phases   ] GC(41) Concurrent Reset Relocation Set 0.001ms
[72.130s][info][gc,phases   ] GC(41) Concurrent Select Relocation Set 5.602ms
[72.130s][info][gc,phases   ] GC(41) Pause Relocate Start 0.009ms
[72.134s][info][gc,phases   ] GC(41) Concurrent Relocate 3.553ms
[72.134s][info][gc,load     ] GC(41) Load: 0.00/0.00/0.00
[72.134s][info][gc,mmu      ] GC(41) MMU: 2ms/98.7%, 5ms/99.5%, 10ms/99.6%, 20ms/99.8%, 50ms/99.9%, 100ms/99.9%
[72.134s][info][gc,marking  ] GC(41) Mark: 8 stripe(s), 2 proactive flush(es), 1 terminate flush(es), 0 completion(s), 0 continuation(s) 
[72.134s][info][gc,marking  ] GC(41) Mark Stack Usage: 32M
[72.134s][info][gc,nmethod  ] GC(41) NMethods: 1884 registered, 352 unregistered
[72.134s][info][gc,metaspace] GC(41) Metaspace: 9M used, 9M committed, 1088M reserved
[72.134s][info][gc,ref      ] GC(41) Soft: 214 encountered, 0 discovered, 0 enqueued
[72.134s][info][gc,ref      ] GC(41) Weak: 812 encountered, 12 discovered, 3 enqueued
[72.134s][info][gc,ref      ] GC(41) Final: 0 encountered, 0 discovered, 0 enqueued
[72.134s][info][gc,ref      ] GC(41) Phantom: 27 encountered, 17 discovered, 0 enqueued
[72.134s][info][gc,reloc    ] GC(41) Small Pages: 299 / 598M, Empty: 458M, Relocated: 3M, In-Place: 0
[72.134s][info][gc,reloc    ] GC(41) Medium Pages: 0 / 0M, Empty: 0M, Relocated: 0M, In-Place: 0
[72.134s][info][gc,reloc    ] GC(41) Large Pages: 0 / 0M, Empty: 0M, Relocated: 0M, In-Place: 0
[72.134s][info][gc,reloc    ] GC(41) Forwarding Usage: 1M
[72.134s][info][gc,heap     ] GC(41) Min Capacity: 8M(1%)
[72.134s][info][gc,heap     ] GC(41) Max Capacity: 1024M(100%)
[72.134s][info][gc,heap     ] GC(41) Soft Max Capacity: 1024M(100%)
[72.134s][info][gc,heap     ] GC(41)                Mark Start          Mark End        Relocate Start      Relocate End           High               Low         
[72.134s][info][gc,heap     ] GC(41)  Capacity:     1024M (100%)       1024M (100%)       1024M (100%)       1024M (100%)       1024M (100%)       1024M (100%)   
[72.135s][info][gc,heap     ] GC(41)      Free:      426M (42%)         420M (41%)         876M (86%)         992M (97%)         992M (97%)         420M (41%)    
[72.135s][info][gc,heap     ] GC(41)      Used:      598M (58%)         604M (59%)         148M (14%)          32M (3%)          604M (59%)          32M (3%)     
[72.135s][info][gc,heap     ] GC(41)      Live:         -                 6M (1%)            6M (1%)            6M (1%)             -                  -          
[72.135s][info][gc,heap     ] GC(41) Allocated:         -                 6M (1%)            8M (1%)            7M (1%)             -                  -          
[72.135s][info][gc,heap     ] GC(41)   Garbage:         -               591M (58%)         133M (13%)          17M (2%)             -                  -          
[72.135s][info][gc,heap     ] GC(41) Reclaimed:         -                  -               458M (45%)         573M (56%)            -                  -          
[72.135s][info][gc          ] GC(41) Garbage Collection (Proactive) 598M(58%)->32M(3%)
[73.910s][info][gc,start    ] GC(42) Garbage Collection (Proactive)
[73.910s][info][gc,task     ] GC(42) Using 10 workers
[73.910s][info][gc,phases   ] GC(42) Pause Mark Start 0.017ms
[73.925s][info][gc,phases   ] GC(42) Concurrent Mark 15.191ms
[73.925s][info][gc,phases   ] GC(42) Pause Mark End 0.021ms
[73.926s][info][gc,phases   ] GC(42) Concurrent Mark Free 0.001ms
[73.927s][info][gc,phases   ] GC(42) Concurrent Process Non-Strong References 1.046ms
[73.927s][info][gc,phases   ] GC(42) Concurrent Reset Relocation Set 0.010ms
[73.931s][info][gc,phases   ] GC(42) Concurrent Select Relocation Set 3.859ms
[73.931s][info][gc,phases   ] GC(42) Pause Relocate Start 0.009ms
[73.935s][info][gc,phases   ] GC(42) Concurrent Relocate 3.910ms
[73.935s][info][gc,load     ] GC(42) Load: 0.00/0.00/0.00
[73.935s][info][gc,mmu      ] GC(42) MMU: 2ms/98.7%, 5ms/99.5%, 10ms/99.6%, 20ms/99.8%, 50ms/99.9%, 100ms/99.9%
[73.935s][info][gc,marking  ] GC(42) Mark: 8 stripe(s), 2 proactive flush(es), 1 terminate flush(es), 0 completion(s), 0 continuation(s) 
[73.935s][info][gc,marking  ] GC(42) Mark Stack Usage: 32M
[73.935s][info][gc,nmethod  ] GC(42) NMethods: 1884 registered, 352 unregistered
[73.935s][info][gc,metaspace] GC(42) Metaspace: 9M used, 9M committed, 1088M reserved
[73.935s][info][gc,ref      ] GC(42) Soft: 214 encountered, 0 discovered, 0 enqueued
[73.935s][info][gc,ref      ] GC(42) Weak: 809 encountered, 13 discovered, 0 enqueued
[73.935s][info][gc,ref      ] GC(42) Final: 0 encountered, 0 discovered, 0 enqueued
[73.935s][info][gc,ref      ] GC(42) Phantom: 27 encountered, 16 discovered, 0 enqueued
[73.935s][info][gc,reloc    ] GC(42) Small Pages: 287 / 574M, Empty: 466M, Relocated: 3M, In-Place: 0
[73.935s][info][gc,reloc    ] GC(42) Medium Pages: 0 / 0M, Empty: 0M, Relocated: 0M, In-Place: 0
[73.935s][info][gc,reloc    ] GC(42) Large Pages: 0 / 0M, Empty: 0M, Relocated: 0M, In-Place: 0
[73.935s][info][gc,reloc    ] GC(42) Forwarding Usage: 1M
[73.935s][info][gc,heap     ] GC(42) Min Capacity: 8M(1%)
[73.935s][info][gc,heap     ] GC(42) Max Capacity: 1024M(100%)
[73.935s][info][gc,heap     ] GC(42) Soft Max Capacity: 1024M(100%)
[73.935s][info][gc,heap     ] GC(42)                Mark Start          Mark End        Relocate Start      Relocate End           High               Low         
[73.935s][info][gc,heap     ] GC(42)  Capacity:     1024M (100%)       1024M (100%)       1024M (100%)       1024M (100%)       1024M (100%)       1024M (100%)   
[73.935s][info][gc,heap     ] GC(42)      Free:      450M (44%)         444M (43%)         908M (89%)         990M (97%)         990M (97%)         442M (43%)    
[73.935s][info][gc,heap     ] GC(42)      Used:      574M (56%)         580M (57%)         116M (11%)          34M (3%)          582M (57%)          34M (3%)     
[73.935s][info][gc,heap     ] GC(42)      Live:         -                 6M (1%)            6M (1%)            6M (1%)             -                  -          
[73.935s][info][gc,heap     ] GC(42) Allocated:         -                 6M (1%)            8M (1%)            9M (1%)             -                  -          
[73.936s][info][gc,heap     ] GC(42)   Garbage:         -               567M (55%)         101M (10%)          17M (2%)             -                  -          
[73.936s][info][gc,heap     ] GC(42) Reclaimed:         -                  -               466M (46%)         549M (54%)            -                  -          
[73.936s][info][gc          ] GC(42) Garbage Collection (Proactive) 574M(56%)->34M(3%)
[75.508s][info][gc,start    ] GC(43) Garbage Collection (Proactive)
[75.508s][info][gc,task     ] GC(43) Using 10 workers
[75.508s][info][gc,phases   ] GC(43) Pause Mark Start 0.018ms
[75.524s][info][gc,phases   ] GC(43) Concurrent Mark 15.226ms
[75.524s][info][gc,phases   ] GC(43) Pause Mark End 0.022ms
[75.524s][info][gc,phases   ] GC(43) Concurrent Mark Free 0.001ms
[75.525s][info][gc,phases   ] GC(43) Concurrent Process Non-Strong References 1.059ms
[75.525s][info][gc,phases   ] GC(43) Concurrent Reset Relocation Set 0.009ms
[75.529s][info][gc,phases   ] GC(43) Concurrent Select Relocation Set 3.852ms
[75.529s][info][gc,phases   ] GC(43) Pause Relocate Start 0.010ms
[75.533s][info][gc,phases   ] GC(43) Concurrent Relocate 3.642ms
[75.533s][info][gc,load     ] GC(43) Load: 0.00/0.00/0.00
[75.533s][info][gc,mmu      ] GC(43) MMU: 2ms/98.7%, 5ms/99.5%, 10ms/99.6%, 20ms/99.8%, 50ms/99.9%, 100ms/99.9%
[75.533s][info][gc,marking  ] GC(43) Mark: 8 stripe(s), 2 proactive flush(es), 1 terminate flush(es), 0 completion(s), 0 continuation(s) 
[75.533s][info][gc,marking  ] GC(43) Mark Stack Usage: 32M
[75.533s][info][gc,nmethod  ] GC(43) NMethods: 1884 registered, 352 unregistered
[75.533s][info][gc,metaspace] GC(43) Metaspace: 9M used, 9M committed, 1088M reserved
[75.533s][info][gc,ref      ] GC(43) Soft: 214 encountered, 0 discovered, 0 enqueued
[75.533s][info][gc,ref      ] GC(43) Weak: 809 encountered, 163 discovered, 0 enqueued
[75.533s][info][gc,ref      ] GC(43) Final: 0 encountered, 0 discovered, 0 enqueued
[75.533s][info][gc,ref      ] GC(43) Phantom: 27 encountered, 20 discovered, 0 enqueued
[75.533s][info][gc,reloc    ] GC(43) Small Pages: 271 / 542M, Empty: 418M, Relocated: 3M, In-Place: 0
[75.533s][info][gc,reloc    ] GC(43) Medium Pages: 0 / 0M, Empty: 0M, Relocated: 0M, In-Place: 0
[75.533s][info][gc,reloc    ] GC(43) Large Pages: 0 / 0M, Empty: 0M, Relocated: 0M, In-Place: 0
[75.533s][info][gc,reloc    ] GC(43) Forwarding Usage: 1M
[75.534s][info][gc,heap     ] GC(43) Min Capacity: 8M(1%)
[75.534s][info][gc,heap     ] GC(43) Max Capacity: 1024M(100%)
[75.534s][info][gc,heap     ] GC(43) Soft Max Capacity: 1024M(100%)
[75.534s][info][gc,heap     ] GC(43)                Mark Start          Mark End        Relocate Start      Relocate End           High               Low         
[75.534s][info][gc,heap     ] GC(43)  Capacity:     1024M (100%)       1024M (100%)       1024M (100%)       1024M (100%)       1024M (100%)       1024M (100%)   
[75.534s][info][gc,heap     ] GC(43)      Free:      482M (47%)         476M (46%)         892M (87%)         992M (97%)         992M (97%)         476M (46%)    
[75.534s][info][gc,heap     ] GC(43)      Used:      542M (53%)         548M (54%)         132M (13%)          32M (3%)          548M (54%)          32M (3%)     
[75.534s][info][gc,heap     ] GC(43)      Live:         -                 6M (1%)            6M (1%)            6M (1%)             -                  -          
[75.534s][info][gc,heap     ] GC(43) Allocated:         -                 6M (1%)            8M (1%)            7M (1%)             -                  -          
[75.534s][info][gc,heap     ] GC(43)   Garbage:         -               535M (52%)         117M (11%)          17M (2%)             -                  -          
[75.534s][info][gc,heap     ] GC(43) Reclaimed:         -                  -               418M (41%)         517M (51%)            -                  -          
[75.534s][info][gc          ] GC(43) Garbage Collection (Proactive) 542M(53%)->32M(3%)
[77.006s][info][gc,start    ] GC(44) Garbage Collection (Proactive)
[77.006s][info][gc,task     ] GC(44) Using 10 workers
[77.006s][info][gc,phases   ] GC(44) Pause Mark Start 0.018ms
[77.022s][info][gc,phases   ] GC(44) Concurrent Mark 15.184ms
[77.022s][info][gc,phases   ] GC(44) Pause Mark End 0.021ms
[77.022s][info][gc,phases   ] GC(44) Concurrent Mark Free 0.002ms
[77.023s][info][gc,phases   ] GC(44) Concurrent Process Non-Strong References 1.093ms
[77.023s][info][gc,phases   ] GC(44) Concurrent Reset Relocation Set 0.009ms
[77.029s][info][gc,phases   ] GC(44) Concurrent Select Relocation Set 5.896ms
[77.029s][info][gc,phases   ] GC(44) Pause Relocate Start 0.008ms
[77.033s][info][gc,phases   ] GC(44) Concurrent Relocate 3.169ms
[77.033s][info][gc,load     ] GC(44) Load: 0.00/0.00/0.00
[77.033s][info][gc,mmu      ] GC(44) MMU: 2ms/98.7%, 5ms/99.5%, 10ms/99.6%, 20ms/99.8%, 50ms/99.9%, 100ms/99.9%
[77.033s][info][gc,marking  ] GC(44) Mark: 8 stripe(s), 2 proactive flush(es), 1 terminate flush(es), 0 completion(s), 0 continuation(s) 
[77.033s][info][gc,marking  ] GC(44) Mark Stack Usage: 32M
[77.033s][info][gc,nmethod  ] GC(44) NMethods: 1884 registered, 353 unregistered
[77.033s][info][gc,metaspace] GC(44) Metaspace: 9M used, 9M committed, 1088M reserved
[77.033s][info][gc,ref      ] GC(44) Soft: 214 encountered, 0 discovered, 0 enqueued
[77.033s][info][gc,ref      ] GC(44) Weak: 809 encountered, 17 discovered, 0 enqueued
[77.033s][info][gc,ref      ] GC(44) Final: 0 encountered, 0 discovered, 0 enqueued
[77.033s][info][gc,ref      ] GC(44) Phantom: 27 encountered, 15 discovered, 0 enqueued
[77.033s][info][gc,reloc    ] GC(44) Small Pages: 250 / 500M, Empty: 408M, Relocated: 3M, In-Place: 0
[77.033s][info][gc,reloc    ] GC(44) Medium Pages: 0 / 0M, Empty: 0M, Relocated: 0M, In-Place: 0
[77.033s][info][gc,reloc    ] GC(44) Large Pages: 0 / 0M, Empty: 0M, Relocated: 0M, In-Place: 0
[77.033s][info][gc,reloc    ] GC(44) Forwarding Usage: 1M
[77.033s][info][gc,heap     ] GC(44) Min Capacity: 8M(1%)
[77.033s][info][gc,heap     ] GC(44) Max Capacity: 1024M(100%)
[77.033s][info][gc,heap     ] GC(44) Soft Max Capacity: 1024M(100%)
[77.033s][info][gc,heap     ] GC(44)                Mark Start          Mark End        Relocate Start      Relocate End           High               Low         
[77.033s][info][gc,heap     ] GC(44)  Capacity:     1024M (100%)       1024M (100%)       1024M (100%)       1024M (100%)       1024M (100%)       1024M (100%)   
[77.033s][info][gc,heap     ] GC(44)      Free:      524M (51%)         518M (51%)         924M (90%)         992M (97%)         992M (97%)         518M (51%)    
[77.033s][info][gc,heap     ] GC(44)      Used:      500M (49%)         506M (49%)         100M (10%)          32M (3%)          506M (49%)          32M (3%)     
[77.033s][info][gc,heap     ] GC(44)      Live:         -                 6M (1%)            6M (1%)            6M (1%)             -                  -          
[77.033s][info][gc,heap     ] GC(44) Allocated:         -                 6M (1%)            8M (1%)            7M (1%)             -                  -          
[77.033s][info][gc,heap     ] GC(44)   Garbage:         -               493M (48%)          85M (8%)           17M (2%)             -                  -          
[77.033s][info][gc,heap     ] GC(44) Reclaimed:         -                  -               408M (40%)         475M (46%)            -                  -          
[77.033s][info][gc          ] GC(44) Garbage Collection (Proactive) 500M(49%)->32M(3%)
[77.181s][info][gc,start    ] GC(45) Garbage Collection (System.gc())
[77.181s][info][gc,task     ] GC(45) Using 10 workers
[77.181s][info][gc,phases   ] GC(45) Pause Mark Start 0.017ms
[77.200s][info][gc,phases   ] GC(45) Concurrent Mark 19.599ms
[77.201s][info][gc,phases   ] GC(45) Pause Mark End 0.018ms
[77.201s][info][gc,phases   ] GC(45) Concurrent Mark Free 0.001ms
[77.202s][info][gc,phases   ] GC(45) Concurrent Process Non-Strong References 1.006ms
[77.202s][info][gc,phases   ] GC(45) Concurrent Reset Relocation Set 0.006ms
[77.206s][info][gc,phases   ] GC(45) Concurrent Select Relocation Set 3.893ms
[77.206s][info][gc,phases   ] GC(45) Pause Relocate Start 0.007ms
[77.209s][info][gc,phases   ] GC(45) Concurrent Relocate 3.083ms
[77.209s][info][gc,load     ] GC(45) Load: 0.00/0.00/0.00
[77.209s][info][gc,mmu      ] GC(45) MMU: 2ms/98.7%, 5ms/99.5%, 10ms/99.6%, 20ms/99.8%, 50ms/99.9%, 100ms/99.9%
[77.209s][info][gc,marking  ] GC(45) Mark: 8 stripe(s), 2 proactive flush(es), 1 terminate flush(es), 0 completion(s), 0 continuation(s) 
[77.209s][info][gc,marking  ] GC(45) Mark Stack Usage: 32M
[77.209s][info][gc,nmethod  ] GC(45) NMethods: 1887 registered, 354 unregistered
[77.209s][info][gc,metaspace] GC(45) Metaspace: 9M used, 9M committed, 1088M reserved
[77.209s][info][gc,ref      ] GC(45) Soft: 214 encountered, 0 discovered, 0 enqueued
[77.209s][info][gc,ref      ] GC(45) Weak: 809 encountered, 17 discovered, 0 enqueued
[77.209s][info][gc,ref      ] GC(45) Final: 0 encountered, 0 discovered, 0 enqueued
[77.209s][info][gc,ref      ] GC(45) Phantom: 27 encountered, 23 discovered, 0 enqueued
[77.209s][info][gc,reloc    ] GC(45) Small Pages: 39 / 78M, Empty: 60M, Relocated: 1M, In-Place: 0
[77.209s][info][gc,reloc    ] GC(45) Medium Pages: 0 / 0M, Empty: 0M, Relocated: 0M, In-Place: 0
[77.209s][info][gc,reloc    ] GC(45) Large Pages: 0 / 0M, Empty: 0M, Relocated: 0M, In-Place: 0
[77.209s][info][gc,reloc    ] GC(45) Forwarding Usage: 0M
[77.209s][info][gc,heap     ] GC(45) Min Capacity: 8M(1%)
[77.209s][info][gc,heap     ] GC(45) Max Capacity: 1024M(100%)
[77.209s][info][gc,heap     ] GC(45) Soft Max Capacity: 1024M(100%)
[77.209s][info][gc,heap     ] GC(45)                Mark Start          Mark End        Relocate Start      Relocate End           High               Low         
[77.209s][info][gc,heap     ] GC(45)  Capacity:     1024M (100%)       1024M (100%)       1024M (100%)       1024M (100%)       1024M (100%)       1024M (100%)   
[77.210s][info][gc,heap     ] GC(45)      Free:      946M (92%)         946M (92%)        1006M (98%)        1006M (98%)        1006M (98%)         946M (92%)    
[77.210s][info][gc,heap     ] GC(45)      Used:       78M (8%)           78M (8%)           18M (2%)           18M (2%)           78M (8%)           18M (2%)     
[77.210s][info][gc,heap     ] GC(45)      Live:         -                 4M (0%)            4M (0%)            4M (0%)             -                  -          
[77.210s][info][gc,heap     ] GC(45) Allocated:         -                 0M (0%)            0M (0%)            0M (0%)             -                  -          
[77.210s][info][gc,heap     ] GC(45)   Garbage:         -                73M (7%)           13M (1%)           13M (1%)             -                  -          
[77.210s][info][gc,heap     ] GC(45) Reclaimed:         -                  -                60M (6%)           60M (6%)             -                  -          
[77.210s][info][gc          ] GC(45) Garbage Collection (System.gc()) 78M(8%)->18M(2%)
[79.111s][info][gc,start    ] GC(46) Garbage Collection (Proactive)
[79.111s][info][gc,task     ] GC(46) Using 10 workers
[79.112s][info][gc,phases   ] GC(46) Pause Mark Start 0.019ms
[79.127s][info][gc,phases   ] GC(46) Concurrent Mark 15.158ms
[79.127s][info][gc,phases   ] GC(46) Pause Mark End 0.022ms
[79.127s][info][gc,phases   ] GC(46) Concurrent Mark Free 0.001ms
[79.128s][info][gc,phases   ] GC(46) Concurrent Process Non-Strong References 1.046ms
[79.128s][info][gc,phases   ] GC(46) Concurrent Reset Relocation Set 0.001ms
[79.134s][info][gc,phases   ] GC(46) Concurrent Select Relocation Set 5.563ms
[79.134s][info][gc,phases   ] GC(46) Pause Relocate Start 0.011ms
[79.138s][info][gc,phases   ] GC(46) Concurrent Relocate 3.522ms
[79.138s][info][gc,load     ] GC(46) Load: 0.00/0.00/0.00
[79.138s][info][gc,mmu      ] GC(46) MMU: 2ms/98.7%, 5ms/99.5%, 10ms/99.6%, 20ms/99.8%, 50ms/99.9%, 100ms/99.9%
[79.138s][info][gc,marking  ] GC(46) Mark: 8 stripe(s), 4 proactive flush(es), 1 terminate flush(es), 0 completion(s), 0 continuation(s) 
[79.138s][info][gc,marking  ] GC(46) Mark Stack Usage: 32M
[79.138s][info][gc,nmethod  ] GC(46) NMethods: 1892 registered, 356 unregistered
[79.138s][info][gc,metaspace] GC(46) Metaspace: 9M used, 9M committed, 1088M reserved
[79.138s][info][gc,ref      ] GC(46) Soft: 214 encountered, 0 discovered, 0 enqueued
[79.138s][info][gc,ref      ] GC(46) Weak: 809 encountered, 20 discovered, 0 enqueued
[79.138s][info][gc,ref      ] GC(46) Final: 0 encountered, 0 discovered, 0 enqueued
[79.138s][info][gc,ref      ] GC(46) Phantom: 27 encountered, 20 discovered, 0 enqueued
[79.138s][info][gc,reloc    ] GC(46) Small Pages: 316 / 632M, Empty: 482M, Relocated: 3M, In-Place: 0
[79.138s][info][gc,reloc    ] GC(46) Medium Pages: 0 / 0M, Empty: 0M, Relocated: 0M, In-Place: 0
[79.138s][info][gc,reloc    ] GC(46) Large Pages: 0 / 0M, Empty: 0M, Relocated: 0M, In-Place: 0
[79.138s][info][gc,reloc    ] GC(46) Forwarding Usage: 1M
[79.138s][info][gc,heap     ] GC(46) Min Capacity: 8M(1%)
[79.138s][info][gc,heap     ] GC(46) Max Capacity: 1024M(100%)
[79.138s][info][gc,heap     ] GC(46) Soft Max Capacity: 1024M(100%)
[79.138s][info][gc,heap     ] GC(46)                Mark Start          Mark End        Relocate Start      Relocate End           High               Low         
[79.138s][info][gc,heap     ] GC(46)  Capacity:     1024M (100%)       1024M (100%)       1024M (100%)       1024M (100%)       1024M (100%)       1024M (100%)   
[79.138s][info][gc,heap     ] GC(46)      Free:      392M (38%)         386M (38%)         866M (85%)         992M (97%)         992M (97%)         386M (38%)    
[79.138s][info][gc,heap     ] GC(46)      Used:      632M (62%)         638M (62%)         158M (15%)          32M (3%)          638M (62%)          32M (3%)     
[79.138s][info][gc,heap     ] GC(46)      Live:         -                 6M (1%)            6M (1%)            6M (1%)             -                  -          
[79.139s][info][gc,heap     ] GC(46) Allocated:         -                 6M (1%)            8M (1%)            7M (1%)             -                  -          
[79.139s][info][gc,heap     ] GC(46)   Garbage:         -               625M (61%)         143M (14%)          17M (2%)             -                  -          
[79.139s][info][gc,heap     ] GC(46) Reclaimed:         -                  -               482M (47%)         607M (59%)            -                  -          
[79.139s][info][gc          ] GC(46) Garbage Collection (Proactive) 632M(62%)->32M(3%)
[80.102s][info][gc,stats    ] === Garbage Collection Statistics =======================================================================================================================
[80.103s][info][gc,stats    ]                                                              Last 10s              Last 10m              Last 10h                Total
[80.103s][info][gc,stats    ]                                                              Avg / Max             Avg / Max             Avg / Max             Avg / Max
[80.103s][info][gc,stats    ]   Collector: Garbage Collection Cycle                     26.448 / 28.461       30.209 / 78.390       30.209 / 78.390       30.209 / 78.390      ms
[80.103s][info][gc,stats    ]  Contention: Mark Segment Reset Contention                     1 / 4                 0 / 5                 0 / 5                 0 / 5           ops/s
[80.103s][info][gc,stats    ]  Contention: Mark SeqNum Reset Contention                      0 / 2                 0 / 2                 0 / 2                 0 / 2           ops/s
[80.103s][info][gc,stats    ]    Critical: Allocation Stall                                  0 / 0                 0 / 0                 0 / 0                 0 / 0           ops/s
[80.103s][info][gc,stats    ]    Critical: Allocation Stall                              0.000 / 0.000         0.000 / 0.000         0.000 / 0.000         0.000 / 0.000       ms
[80.103s][info][gc,stats    ]    Critical: GC Locker Stall                                   0 / 0                 0 / 0                 0 / 0                 0 / 0           ops/s
[80.103s][info][gc,stats    ]    Critical: GC Locker Stall                               0.000 / 0.000         0.000 / 0.000         0.000 / 0.000         0.000 / 0.000       ms
[80.103s][info][gc,stats    ]    Critical: Relocation Stall                                  0 / 0                 0 / 0                 0 / 0                 0 / 0           ops/s
[80.103s][info][gc,stats    ]    Critical: Relocation Stall                              0.000 / 0.000         0.000 / 0.000         0.000 / 0.000         0.000 / 0.000       ms
[80.103s][info][gc,stats    ]      Memory: Allocation Rate                                 317 / 334             315 / 340             315 / 340             315 / 340         MB/s
[80.103s][info][gc,stats    ]      Memory: Defragment                                        0 / 0                 0 / 0                 0 / 0                 0 / 0           ops/s
[80.103s][info][gc,stats    ]      Memory: Out Of Memory                                     0 / 0                 0 / 0                 0 / 0                 0 / 0           ops/s
[80.103s][info][gc,stats    ]      Memory: Page Cache Flush                                  0 / 0                 0 / 0                 0 / 0                 0 / 0           MB/s
[80.103s][info][gc,stats    ]      Memory: Page Cache Hit L1                               165 / 171             157 / 177             157 / 177             157 / 177         ops/s
[80.103s][info][gc,stats    ]      Memory: Page Cache Hit L2                                 0 / 0                 0 / 0                 0 / 0                 0 / 0           ops/s
[80.103s][info][gc,stats    ]      Memory: Page Cache Hit L3                                 0 / 0                 5 / 103               5 / 103               5 / 103         ops/s
[80.103s][info][gc,stats    ]      Memory: Page Cache Miss                                   0 / 0                 0 / 1                 0 / 1                 0 / 1           ops/s
[80.103s][info][gc,stats    ]      Memory: Uncommit                                          0 / 0                 0 / 0                 0 / 0                 0 / 0           MB/s
[80.103s][info][gc,stats    ]      Memory: Undo Object Allocation Failed                     0 / 1                 0 / 4                 0 / 4                 0 / 4           ops/s
[80.103s][info][gc,stats    ]      Memory: Undo Object Allocation Succeeded                  0 / 3                 0 / 4                 0 / 4                 0 / 4           ops/s
[80.103s][info][gc,stats    ]      Memory: Undo Page Allocation                              1 / 4                 1 / 5                 1 / 5                 1 / 5           ops/s
[80.103s][info][gc,stats    ]       Phase: Concurrent Mark                              16.203 / 19.599       16.701 / 34.706       16.701 / 34.706       16.701 / 34.706      ms
[80.103s][info][gc,stats    ]       Phase: Concurrent Mark Continue                      0.000 / 0.000         0.000 / 0.000         0.000 / 0.000         0.000 / 0.000       ms
[80.103s][info][gc,stats    ]       Phase: Concurrent Mark Free                          0.001 / 0.002         0.001 / 0.002         0.001 / 0.002         0.001 / 0.002       ms
[80.103s][info][gc,stats    ]       Phase: Concurrent Process Non-Strong References      1.047 / 1.093         1.751 / 7.426         1.751 / 7.426         1.751 / 7.426       ms
[80.103s][info][gc,stats    ]       Phase: Concurrent Relocate                           3.432 / 3.910         3.845 / 12.244        3.845 / 12.244        3.845 / 12.244      ms
[80.103s][info][gc,stats    ]       Phase: Concurrent Reset Relocation Set               0.007 / 0.011         0.008 / 0.015         0.008 / 0.015         0.008 / 0.015       ms
[80.104s][info][gc,stats    ]       Phase: Concurrent Select Relocation Set              4.648 / 5.896         5.261 / 14.229        5.261 / 14.229        5.261 / 14.229      ms
[80.104s][info][gc,stats    ]       Phase: Pause Mark End                                0.021 / 0.022         0.020 / 0.027         0.020 / 0.027         0.020 / 0.027       ms
[80.104s][info][gc,stats    ]       Phase: Pause Mark Start                              0.017 / 0.019         0.017 / 0.020         0.017 / 0.020         0.017 / 0.020       ms
[80.104s][info][gc,stats    ]       Phase: Pause Relocate Start                          0.009 / 0.011         0.008 / 0.014         0.008 / 0.014         0.008 / 0.014       ms
[80.104s][info][gc,stats    ]    Subphase: Concurrent Classes Purge                      0.016 / 0.035         0.056 / 0.801         0.056 / 0.801         0.056 / 0.801       ms
[80.104s][info][gc,stats    ]    Subphase: Concurrent Classes Unlink                     0.742 / 0.759         1.294 / 5.860         1.294 / 5.860         1.294 / 5.860       ms
[80.104s][info][gc,stats    ]    Subphase: Concurrent Mark                              14.157 / 18.512       12.837 / 31.718       12.837 / 31.718       12.837 / 31.718      ms
[80.104s][info][gc,stats    ]    Subphase: Concurrent Mark Try Flush                     0.077 / 0.242         0.071 / 0.242         0.071 / 0.242         0.071 / 0.242       ms
[80.104s][info][gc,stats    ]    Subphase: Concurrent Mark Try Terminate                 9.215 / 16.074        6.991 / 17.080        6.991 / 17.080        6.991 / 17.080      ms
[80.104s][info][gc,stats    ]    Subphase: Concurrent References Enqueue                 0.001 / 0.003         0.001 / 0.005         0.001 / 0.005         0.001 / 0.005       ms
[80.104s][info][gc,stats    ]    Subphase: Concurrent References Process                 0.038 / 0.044         0.046 / 0.088         0.046 / 0.088         0.046 / 0.088       ms
[80.104s][info][gc,stats    ]    Subphase: Concurrent Roots ClassLoaderDataGraph         0.076 / 0.475         0.105 / 0.868         0.105 / 0.868         0.105 / 0.868       ms
[80.104s][info][gc,stats    ]    Subphase: Concurrent Roots CodeCache                    0.000 / 0.000         0.000 / 0.000         0.000 / 0.000         0.000 / 0.000       ms
[80.104s][info][gc,stats    ]    Subphase: Concurrent Roots JavaThreads                  0.497 / 0.994         0.543 / 2.549         0.543 / 2.549         0.543 / 2.549       ms
[80.104s][info][gc,stats    ]    Subphase: Concurrent Roots OopStorageSet                0.016 / 0.058         0.021 / 0.219         0.021 / 0.219         0.021 / 0.219       ms
[80.104s][info][gc,stats    ]    Subphase: Concurrent Weak Roots OopStorageSet           0.129 / 0.142         0.154 / 1.443         0.154 / 1.443         0.154 / 1.443       ms
[80.104s][info][gc,stats    ]    Subphase: Pause Mark Try Complete                       0.000 / 0.000         0.000 / 0.000         0.000 / 0.000         0.000 / 0.000       ms
[80.104s][info][gc,stats    ]      System: Java Threads                                     34 / 35               33 / 41               33 / 41               33 / 41          threads
[80.104s][info][gc,stats    ] =========================================================================================================================================================
[80.803s][info][gc,start    ] GC(47) Garbage Collection (Proactive)
[80.804s][info][gc,task     ] GC(47) Using 10 workers
[80.804s][info][gc,phases   ] GC(47) Pause Mark Start 0.017ms
[80.819s][info][gc,phases   ] GC(47) Concurrent Mark 15.197ms
[80.819s][info][gc,phases   ] GC(47) Pause Mark End 0.022ms
[80.819s][info][gc,phases   ] GC(47) Concurrent Mark Free 0.002ms
[80.821s][info][gc,phases   ] GC(47) Concurrent Process Non-Strong References 1.049ms
[80.821s][info][gc,phases   ] GC(47) Concurrent Reset Relocation Set 0.013ms
[80.825s][info][gc,phases   ] GC(47) Concurrent Select Relocation Set 3.934ms
[80.825s][info][gc,phases   ] GC(47) Pause Relocate Start 0.011ms
[80.826s][info][gc,phases   ] GC(47) Concurrent Relocate 1.503ms
[80.826s][info][gc,load     ] GC(47) Load: 0.00/0.00/0.00
[80.826s][info][gc,mmu      ] GC(47) MMU: 2ms/98.7%, 5ms/99.5%, 10ms/99.6%, 20ms/99.8%, 50ms/99.9%, 100ms/99.9%
[80.826s][info][gc,marking  ] GC(47) Mark: 8 stripe(s), 2 proactive flush(es), 1 terminate flush(es), 0 completion(s), 0 continuation(s) 
[80.827s][info][gc,marking  ] GC(47) Mark Stack Usage: 32M
[80.827s][info][gc,nmethod  ] GC(47) NMethods: 1892 registered, 356 unregistered
[80.827s][info][gc,metaspace] GC(47) Metaspace: 9M used, 9M committed, 1088M reserved
[80.827s][info][gc,ref      ] GC(47) Soft: 214 encountered, 0 discovered, 0 enqueued
[80.827s][info][gc,ref      ] GC(47) Weak: 809 encountered, 10 discovered, 0 enqueued
[80.827s][info][gc,ref      ] GC(47) Final: 0 encountered, 0 discovered, 0 enqueued
[80.827s][info][gc,ref      ] GC(47) Phantom: 27 encountered, 20 discovered, 0 enqueued
[80.827s][info][gc,reloc    ] GC(47) Small Pages: 275 / 550M, Empty: 462M, Relocated: 1M, In-Place: 0
[80.827s][info][gc,reloc    ] GC(47) Medium Pages: 0 / 0M, Empty: 0M, Relocated: 0M, In-Place: 0
[80.827s][info][gc,reloc    ] GC(47) Large Pages: 0 / 0M, Empty: 0M, Relocated: 0M, In-Place: 0
[80.827s][info][gc,reloc    ] GC(47) Forwarding Usage: 0M
[80.827s][info][gc,heap     ] GC(47) Min Capacity: 8M(1%)
[80.827s][info][gc,heap     ] GC(47) Max Capacity: 1024M(100%)
[80.827s][info][gc,heap     ] GC(47) Soft Max Capacity: 1024M(100%)
[80.827s][info][gc,heap     ] GC(47)                Mark Start          Mark End        Relocate Start      Relocate End           High               Low         
[80.827s][info][gc,heap     ] GC(47)  Capacity:     1024M (100%)       1024M (100%)       1024M (100%)       1024M (100%)       1024M (100%)       1024M (100%)   
[80.827s][info][gc,heap     ] GC(47)      Free:      474M (46%)         468M (46%)         928M (91%)         990M (97%)         990M (97%)         468M (46%)    
[80.827s][info][gc,heap     ] GC(47)      Used:      550M (54%)         556M (54%)          96M (9%)           34M (3%)          556M (54%)          34M (3%)     
[80.827s][info][gc,heap     ] GC(47)      Live:         -                 6M (1%)            6M (1%)            6M (1%)             -                  -          
[80.827s][info][gc,heap     ] GC(47) Allocated:         -                 6M (1%)            8M (1%)            7M (1%)             -                  -          
[80.827s][info][gc,heap     ] GC(47)   Garbage:         -               543M (53%)          81M (8%)           19M (2%)             -                  -          
[80.827s][info][gc,heap     ] GC(47) Reclaimed:         -                  -               462M (45%)         523M (51%)            -                  -          
[80.827s][info][gc          ] GC(47) Garbage Collection (Proactive) 550M(54%)->34M(3%)
[82.411s][info][gc,start    ] GC(48) Garbage Collection (Proactive)
[82.411s][info][gc,task     ] GC(48) Using 10 workers
[82.411s][info][gc,phases   ] GC(48) Pause Mark Start 0.018ms
[82.426s][info][gc,phases   ] GC(48) Concurrent Mark 15.164ms
[82.426s][info][gc,phases   ] GC(48) Pause Mark End 0.022ms
[82.427s][info][gc,phases   ] GC(48) Concurrent Mark Free 0.002ms
[82.428s][info][gc,phases   ] GC(48) Concurrent Process Non-Strong References 1.002ms
[82.428s][info][gc,phases   ] GC(48) Concurrent Reset Relocation Set 0.007ms
[82.433s][info][gc,phases   ] GC(48) Concurrent Select Relocation Set 5.556ms
[82.433s][info][gc,phases   ] GC(48) Pause Relocate Start 0.009ms
[82.437s][info][gc,phases   ] GC(48) Concurrent Relocate 3.610ms
[82.437s][info][gc,load     ] GC(48) Load: 0.00/0.00/0.00
[82.437s][info][gc,mmu      ] GC(48) MMU: 2ms/98.7%, 5ms/99.5%, 10ms/99.6%, 20ms/99.8%, 50ms/99.9%, 100ms/99.9%
[82.437s][info][gc,marking  ] GC(48) Mark: 8 stripe(s), 2 proactive flush(es), 1 terminate flush(es), 0 completion(s), 0 continuation(s) 
[82.437s][info][gc,marking  ] GC(48) Mark Stack Usage: 32M
[82.437s][info][gc,nmethod  ] GC(48) NMethods: 1892 registered, 356 unregistered
[82.437s][info][gc,metaspace] GC(48) Metaspace: 9M used, 9M committed, 1088M reserved
[82.437s][info][gc,ref      ] GC(48) Soft: 214 encountered, 0 discovered, 0 enqueued
[82.437s][info][gc,ref      ] GC(48) Weak: 809 encountered, 19 discovered, 0 enqueued
[82.437s][info][gc,ref      ] GC(48) Final: 0 encountered, 0 discovered, 0 enqueued
[82.437s][info][gc,ref      ] GC(48) Phantom: 27 encountered, 20 discovered, 0 enqueued
[82.437s][info][gc,reloc    ] GC(48) Small Pages: 270 / 540M, Empty: 442M, Relocated: 3M, In-Place: 0
[82.437s][info][gc,reloc    ] GC(48) Medium Pages: 0 / 0M, Empty: 0M, Relocated: 0M, In-Place: 0
[82.437s][info][gc,reloc    ] GC(48) Large Pages: 0 / 0M, Empty: 0M, Relocated: 0M, In-Place: 0
[82.438s][info][gc,reloc    ] GC(48) Forwarding Usage: 1M
[82.438s][info][gc,heap     ] GC(48) Min Capacity: 8M(1%)
[82.438s][info][gc,heap     ] GC(48) Max Capacity: 1024M(100%)
[82.438s][info][gc,heap     ] GC(48) Soft Max Capacity: 1024M(100%)
[82.438s][info][gc,heap     ] GC(48)                Mark Start          Mark End        Relocate Start      Relocate End           High               Low         
[82.438s][info][gc,heap     ] GC(48)  Capacity:     1024M (100%)       1024M (100%)       1024M (100%)       1024M (100%)       1024M (100%)       1024M (100%)   
[82.438s][info][gc,heap     ] GC(48)      Free:      484M (47%)         478M (47%)         918M (90%)         992M (97%)         992M (97%)         478M (47%)    
[82.438s][info][gc,heap     ] GC(48)      Used:      540M (53%)         546M (53%)         106M (10%)          32M (3%)          546M (53%)          32M (3%)     
[82.438s][info][gc,heap     ] GC(48)      Live:         -                 6M (1%)            6M (1%)            6M (1%)             -                  -          
[82.438s][info][gc,heap     ] GC(48) Allocated:         -                 6M (1%)            8M (1%)            7M (1%)             -                  -          
[82.438s][info][gc,heap     ] GC(48)   Garbage:         -               533M (52%)          91M (9%)           17M (2%)             -                  -          
[82.438s][info][gc,heap     ] GC(48) Reclaimed:         -                  -               442M (43%)         515M (50%)            -                  -          
[82.438s][info][gc          ] GC(48) Garbage Collection (Proactive) 540M(53%)->32M(3%)
[84.009s][info][gc,start    ] GC(49) Garbage Collection (Proactive)
[84.009s][info][gc,task     ] GC(49) Using 10 workers
[84.009s][info][gc,phases   ] GC(49) Pause Mark Start 0.018ms
[84.025s][info][gc,phases   ] GC(49) Concurrent Mark 15.239ms
[84.025s][info][gc,phases   ] GC(49) Pause Mark End 0.022ms
[84.025s][info][gc,phases   ] GC(49) Concurrent Mark Free 0.002ms
[84.026s][info][gc,phases   ] GC(49) Concurrent Process Non-Strong References 1.049ms
[84.026s][info][gc,phases   ] GC(49) Concurrent Reset Relocation Set 0.007ms
[84.030s][info][gc,phases   ] GC(49) Concurrent Select Relocation Set 3.794ms
[84.030s][info][gc,phases   ] GC(49) Pause Relocate Start 0.008ms
[84.034s][info][gc,phases   ] GC(49) Concurrent Relocate 3.622ms
[84.034s][info][gc,load     ] GC(49) Load: 0.00/0.00/0.00
[84.034s][info][gc,mmu      ] GC(49) MMU: 2ms/98.7%, 5ms/99.5%, 10ms/99.6%, 20ms/99.8%, 50ms/99.9%, 100ms/99.9%
[84.034s][info][gc,marking  ] GC(49) Mark: 8 stripe(s), 2 proactive flush(es), 1 terminate flush(es), 0 completion(s), 0 continuation(s) 
[84.034s][info][gc,marking  ] GC(49) Mark Stack Usage: 32M
[84.034s][info][gc,nmethod  ] GC(49) NMethods: 1892 registered, 356 unregistered
[84.034s][info][gc,metaspace] GC(49) Metaspace: 9M used, 9M committed, 1088M reserved
[84.034s][info][gc,ref      ] GC(49) Soft: 214 encountered, 0 discovered, 0 enqueued
[84.034s][info][gc,ref      ] GC(49) Weak: 809 encountered, 62 discovered, 0 enqueued
[84.034s][info][gc,ref      ] GC(49) Final: 0 encountered, 0 discovered, 0 enqueued
[84.034s][info][gc,ref      ] GC(49) Phantom: 27 encountered, 20 discovered, 0 enqueued
[84.034s][info][gc,reloc    ] GC(49) Small Pages: 268 / 536M, Empty: 434M, Relocated: 3M, In-Place: 0
[84.034s][info][gc,reloc    ] GC(49) Medium Pages: 0 / 0M, Empty: 0M, Relocated: 0M, In-Place: 0
[84.034s][info][gc,reloc    ] GC(49) Large Pages: 0 / 0M, Empty: 0M, Relocated: 0M, In-Place: 0
[84.034s][info][gc,reloc    ] GC(49) Forwarding Usage: 1M
[84.034s][info][gc,heap     ] GC(49) Min Capacity: 8M(1%)
[84.034s][info][gc,heap     ] GC(49) Max Capacity: 1024M(100%)
[84.034s][info][gc,heap     ] GC(49) Soft Max Capacity: 1024M(100%)
[84.034s][info][gc,heap     ] GC(49)                Mark Start          Mark End        Relocate Start      Relocate End           High               Low         
[84.034s][info][gc,heap     ] GC(49)  Capacity:     1024M (100%)       1024M (100%)       1024M (100%)       1024M (100%)       1024M (100%)       1024M (100%)   
[84.035s][info][gc,heap     ] GC(49)      Free:      488M (48%)         482M (47%)         914M (89%)         992M (97%)         992M (97%)         482M (47%)    
[84.035s][info][gc,heap     ] GC(49)      Used:      536M (52%)         542M (53%)         110M (11%)          32M (3%)          542M (53%)          32M (3%)     
[84.035s][info][gc,heap     ] GC(49)      Live:         -                 6M (1%)            6M (1%)            6M (1%)             -                  -          
[84.035s][info][gc,heap     ] GC(49) Allocated:         -                 6M (1%)            8M (1%)            7M (1%)             -                  -          
[84.035s][info][gc,heap     ] GC(49)   Garbage:         -               529M (52%)          95M (9%)           17M (2%)             -                  -          
[84.035s][info][gc,heap     ] GC(49) Reclaimed:         -                  -               434M (42%)         511M (50%)            -                  -          
[84.035s][info][gc          ] GC(49) Garbage Collection (Proactive) 536M(52%)->32M(3%)
[84.067s][info][gc,start    ] GC(50) Garbage Collection (System.gc())
[84.067s][info][gc,task     ] GC(50) Using 10 workers
[84.067s][info][gc,phases   ] GC(50) Pause Mark Start 0.014ms
[84.087s][info][gc,phases   ] GC(50) Concurrent Mark 19.906ms
[84.087s][info][gc,phases   ] GC(50) Pause Mark End 0.017ms
[84.087s][info][gc,phases   ] GC(50) Concurrent Mark Free 0.001ms
[84.089s][info][gc,phases   ] GC(50) Concurrent Process Non-Strong References 0.974ms
[84.089s][info][gc,phases   ] GC(50) Concurrent Reset Relocation Set 0.007ms
[84.092s][info][gc,phases   ] GC(50) Concurrent Select Relocation Set 3.726ms
[84.092s][info][gc,phases   ] GC(50) Pause Relocate Start 0.006ms
[84.096s][info][gc,phases   ] GC(50) Concurrent Relocate 3.069ms
[84.096s][info][gc,load     ] GC(50) Load: 0.00/0.00/0.00
[84.096s][info][gc,mmu      ] GC(50) MMU: 2ms/98.7%, 5ms/99.5%, 10ms/99.6%, 20ms/99.8%, 50ms/99.9%, 100ms/99.9%
[84.096s][info][gc,marking  ] GC(50) Mark: 8 stripe(s), 2 proactive flush(es), 1 terminate flush(es), 0 completion(s), 0 continuation(s) 
[84.096s][info][gc,marking  ] GC(50) Mark Stack Usage: 32M
[84.096s][info][gc,nmethod  ] GC(50) NMethods: 1898 registered, 356 unregistered
[84.096s][info][gc,metaspace] GC(50) Metaspace: 9M used, 9M committed, 1088M reserved
[84.096s][info][gc,ref      ] GC(50) Soft: 214 encountered, 0 discovered, 0 enqueued
[84.096s][info][gc,ref      ] GC(50) Weak: 809 encountered, 22 discovered, 0 enqueued
[84.096s][info][gc,ref      ] GC(50) Final: 0 encountered, 0 discovered, 0 enqueued
[84.096s][info][gc,ref      ] GC(50) Phantom: 27 encountered, 17 discovered, 0 enqueued
[84.096s][info][gc,reloc    ] GC(50) Small Pages: 20 / 40M, Empty: 24M, Relocated: 1M, In-Place: 0
[84.096s][info][gc,reloc    ] GC(50) Medium Pages: 0 / 0M, Empty: 0M, Relocated: 0M, In-Place: 0
[84.096s][info][gc,reloc    ] GC(50) Large Pages: 0 / 0M, Empty: 0M, Relocated: 0M, In-Place: 0
[84.096s][info][gc,reloc    ] GC(50) Forwarding Usage: 0M
[84.096s][info][gc,heap     ] GC(50) Min Capacity: 8M(1%)
[84.096s][info][gc,heap     ] GC(50) Max Capacity: 1024M(100%)
[84.096s][info][gc,heap     ] GC(50) Soft Max Capacity: 1024M(100%)
[84.096s][info][gc,heap     ] GC(50)                Mark Start          Mark End        Relocate Start      Relocate End           High               Low         
[84.096s][info][gc,heap     ] GC(50)  Capacity:     1024M (100%)       1024M (100%)       1024M (100%)       1024M (100%)       1024M (100%)       1024M (100%)   
[84.096s][info][gc,heap     ] GC(50)      Free:      984M (96%)         984M (96%)        1008M (98%)        1008M (98%)        1008M (98%)         984M (96%)    
[84.096s][info][gc,heap     ] GC(50)      Used:       40M (4%)           40M (4%)           16M (2%)           16M (2%)           40M (4%)           16M (2%)     
[84.096s][info][gc,heap     ] GC(50)      Live:         -                 4M (0%)            4M (0%)            4M (0%)             -                  -          
[84.096s][info][gc,heap     ] GC(50) Allocated:         -                 0M (0%)            0M (0%)            0M (0%)             -                  -          
[84.096s][info][gc,heap     ] GC(50)   Garbage:         -                35M (3%)           11M (1%)           11M (1%)             -                  -          
[84.096s][info][gc,heap     ] GC(50) Reclaimed:         -                  -                24M (2%)           24M (2%)             -                  -          
[84.096s][info][gc          ] GC(50) Garbage Collection (System.gc()) 40M(4%)->16M(2%)
[85.811s][info][gc,start    ] GC(51) Garbage Collection (Proactive)
[85.811s][info][gc,task     ] GC(51) Using 10 workers
[85.811s][info][gc,phases   ] GC(51) Pause Mark Start 0.018ms
[85.827s][info][gc,phases   ] GC(51) Concurrent Mark 15.203ms
[85.827s][info][gc,phases   ] GC(51) Pause Mark End 0.021ms
[85.827s][info][gc,phases   ] GC(51) Concurrent Mark Free 0.001ms
[85.828s][info][gc,phases   ] GC(51) Concurrent Process Non-Strong References 1.049ms
[85.828s][info][gc,phases   ] GC(51) Concurrent Reset Relocation Set 0.001ms
[85.834s][info][gc,phases   ] GC(51) Concurrent Select Relocation Set 5.598ms
[85.834s][info][gc,phases   ] GC(51) Pause Relocate Start 0.008ms
[85.837s][info][gc,phases   ] GC(51) Concurrent Relocate 3.532ms
[85.838s][info][gc,load     ] GC(51) Load: 0.00/0.00/0.00
[85.838s][info][gc,mmu      ] GC(51) MMU: 2ms/98.7%, 5ms/99.5%, 10ms/99.6%, 20ms/99.8%, 50ms/99.9%, 100ms/99.9%
[85.838s][info][gc,marking  ] GC(51) Mark: 8 stripe(s), 2 proactive flush(es), 2 terminate flush(es), 0 completion(s), 0 continuation(s) 
[85.838s][info][gc,marking  ] GC(51) Mark Stack Usage: 32M
[85.838s][info][gc,nmethod  ] GC(51) NMethods: 1898 registered, 357 unregistered
[85.838s][info][gc,metaspace] GC(51) Metaspace: 9M used, 9M committed, 1088M reserved
[85.838s][info][gc,ref      ] GC(51) Soft: 214 encountered, 0 discovered, 0 enqueued
[85.838s][info][gc,ref      ] GC(51) Weak: 809 encountered, 19 discovered, 0 enqueued
[85.838s][info][gc,ref      ] GC(51) Final: 0 encountered, 0 discovered, 0 enqueued
[85.838s][info][gc,ref      ] GC(51) Phantom: 27 encountered, 19 discovered, 0 enqueued
[85.838s][info][gc,reloc    ] GC(51) Small Pages: 292 / 584M, Empty: 404M, Relocated: 3M, In-Place: 0
[85.838s][info][gc,reloc    ] GC(51) Medium Pages: 0 / 0M, Empty: 0M, Relocated: 0M, In-Place: 0
[85.838s][info][gc,reloc    ] GC(51) Large Pages: 0 / 0M, Empty: 0M, Relocated: 0M, In-Place: 0
[85.838s][info][gc,reloc    ] GC(51) Forwarding Usage: 1M
[85.838s][info][gc,heap     ] GC(51) Min Capacity: 8M(1%)
[85.838s][info][gc,heap     ] GC(51) Max Capacity: 1024M(100%)
[85.838s][info][gc,heap     ] GC(51) Soft Max Capacity: 1024M(100%)
[85.838s][info][gc,heap     ] GC(51)                Mark Start          Mark End        Relocate Start      Relocate End           High               Low         
[85.838s][info][gc,heap     ] GC(51)  Capacity:     1024M (100%)       1024M (100%)       1024M (100%)       1024M (100%)       1024M (100%)       1024M (100%)   
[85.838s][info][gc,heap     ] GC(51)      Free:      440M (43%)         434M (42%)         836M (82%)         990M (97%)         990M (97%)         432M (42%)    
[85.838s][info][gc,heap     ] GC(51)      Used:      584M (57%)         590M (58%)         188M (18%)          34M (3%)          592M (58%)          34M (3%)     
[85.838s][info][gc,heap     ] GC(51)      Live:         -                 6M (1%)            6M (1%)            6M (1%)             -                  -          
[85.838s][info][gc,heap     ] GC(51) Allocated:         -                 6M (1%)            8M (1%)            9M (1%)             -                  -          
[85.838s][info][gc,heap     ] GC(51)   Garbage:         -               577M (56%)         173M (17%)          17M (2%)             -                  -          
[85.838s][info][gc,heap     ] GC(51) Reclaimed:         -                  -               404M (39%)         559M (55%)            -                  -          
[85.838s][info][gc          ] GC(51) Garbage Collection (Proactive) 584M(57%)->34M(3%)
[87.503s][info][gc,start    ] GC(52) Garbage Collection (Proactive)
[87.503s][info][gc,task     ] GC(52) Using 10 workers
[87.504s][info][gc,phases   ] GC(52) Pause Mark Start 0.018ms
[87.519s][info][gc,phases   ] GC(52) Concurrent Mark 15.227ms
[87.519s][info][gc,phases   ] GC(52) Pause Mark End 0.021ms
[87.519s][info][gc,phases   ] GC(52) Concurrent Mark Free 0.001ms
[87.520s][info][gc,phases   ] GC(52) Concurrent Process Non-Strong References 1.084ms
[87.520s][info][gc,phases   ] GC(52) Concurrent Reset Relocation Set 0.013ms
[87.526s][info][gc,phases   ] GC(52) Concurrent Select Relocation Set 5.955ms
[87.527s][info][gc,phases   ] GC(52) Pause Relocate Start 0.009ms
[87.530s][info][gc,phases   ] GC(52) Concurrent Relocate 3.470ms
[87.530s][info][gc,load     ] GC(52) Load: 0.00/0.00/0.00
[87.530s][info][gc,mmu      ] GC(52) MMU: 2ms/98.7%, 5ms/99.5%, 10ms/99.6%, 20ms/99.8%, 50ms/99.9%, 100ms/99.9%
[87.530s][info][gc,marking  ] GC(52) Mark: 8 stripe(s), 4 proactive flush(es), 1 terminate flush(es), 0 completion(s), 0 continuation(s) 
[87.530s][info][gc,marking  ] GC(52) Mark Stack Usage: 32M
[87.530s][info][gc,nmethod  ] GC(52) NMethods: 1898 registered, 357 unregistered
[87.530s][info][gc,metaspace] GC(52) Metaspace: 9M used, 9M committed, 1088M reserved
[87.530s][info][gc,ref      ] GC(52) Soft: 214 encountered, 0 discovered, 0 enqueued
[87.530s][info][gc,ref      ] GC(52) Weak: 809 encountered, 12 discovered, 0 enqueued
[87.530s][info][gc,ref      ] GC(52) Final: 0 encountered, 0 discovered, 0 enqueued
[87.530s][info][gc,ref      ] GC(52) Phantom: 27 encountered, 19 discovered, 0 enqueued
[87.530s][info][gc,reloc    ] GC(52) Small Pages: 286 / 572M, Empty: 430M, Relocated: 3M, In-Place: 0
[87.530s][info][gc,reloc    ] GC(52) Medium Pages: 0 / 0M, Empty: 0M, Relocated: 0M, In-Place: 0
[87.531s][info][gc,reloc    ] GC(52) Large Pages: 0 / 0M, Empty: 0M, Relocated: 0M, In-Place: 0
[87.531s][info][gc,reloc    ] GC(52) Forwarding Usage: 1M
[87.531s][info][gc,heap     ] GC(52) Min Capacity: 8M(1%)
[87.531s][info][gc,heap     ] GC(52) Max Capacity: 1024M(100%)
[87.531s][info][gc,heap     ] GC(52) Soft Max Capacity: 1024M(100%)
[87.531s][info][gc,heap     ] GC(52)                Mark Start          Mark End        Relocate Start      Relocate End           High               Low         
[87.531s][info][gc,heap     ] GC(52)  Capacity:     1024M (100%)       1024M (100%)       1024M (100%)       1024M (100%)       1024M (100%)       1024M (100%)   
[87.531s][info][gc,heap     ] GC(52)      Free:      452M (44%)         446M (44%)         874M (85%)         992M (97%)         992M (97%)         446M (44%)    
[87.531s][info][gc,heap     ] GC(52)      Used:      572M (56%)         578M (56%)         150M (15%)          32M (3%)          578M (56%)          32M (3%)     
[87.531s][info][gc,heap     ] GC(52)      Live:         -                 6M (1%)            6M (1%)            6M (1%)             -                  -          
[87.531s][info][gc,heap     ] GC(52) Allocated:         -                 6M (1%)            8M (1%)            7M (1%)             -                  -          
[87.531s][info][gc,heap     ] GC(52)   Garbage:         -               565M (55%)         135M (13%)          17M (2%)             -                  -          
[87.531s][info][gc,heap     ] GC(52) Reclaimed:         -                  -               430M (42%)         547M (54%)            -                  -          
[87.531s][info][gc          ] GC(52) Garbage Collection (Proactive) 572M(56%)->32M(3%)
[89.111s][info][gc,start    ] GC(53) Garbage Collection (Proactive)
[89.111s][info][gc,task     ] GC(53) Using 10 workers
[89.111s][info][gc,phases   ] GC(53) Pause Mark Start 0.019ms
[89.120s][info][gc,phases   ] GC(53) Concurrent Mark 8.714ms
[89.120s][info][gc,phases   ] GC(53) Pause Mark End 0.019ms
[89.120s][info][gc,phases   ] GC(53) Concurrent Mark Free 0.001ms
[89.121s][info][gc,phases   ] GC(53) Concurrent Process Non-Strong References 1.076ms
[89.121s][info][gc,phases   ] GC(53) Concurrent Reset Relocation Set 0.010ms
[89.125s][info][gc,phases   ] GC(53) Concurrent Select Relocation Set 3.972ms
[89.125s][info][gc,phases   ] GC(53) Pause Relocate Start 0.009ms
[89.129s][info][gc,phases   ] GC(53) Concurrent Relocate 3.707ms
[89.129s][info][gc,load     ] GC(53) Load: 0.00/0.00/0.00
[89.129s][info][gc,mmu      ] GC(53) MMU: 2ms/98.7%, 5ms/99.5%, 10ms/99.6%, 20ms/99.8%, 50ms/99.9%, 100ms/99.9%
[89.129s][info][gc,marking  ] GC(53) Mark: 8 stripe(s), 3 proactive flush(es), 1 terminate flush(es), 0 completion(s), 0 continuation(s) 
[89.129s][info][gc,marking  ] GC(53) Mark Stack Usage: 32M
[89.129s][info][gc,nmethod  ] GC(53) NMethods: 1898 registered, 357 unregistered
[89.129s][info][gc,metaspace] GC(53) Metaspace: 9M used, 9M committed, 1088M reserved
[89.129s][info][gc,ref      ] GC(53) Soft: 214 encountered, 0 discovered, 0 enqueued
[89.129s][info][gc,ref      ] GC(53) Weak: 809 encountered, 5 discovered, 0 enqueued
[89.129s][info][gc,ref      ] GC(53) Final: 0 encountered, 0 discovered, 0 enqueued
[89.129s][info][gc,ref      ] GC(53) Phantom: 27 encountered, 20 discovered, 0 enqueued
[89.130s][info][gc,reloc    ] GC(53) Small Pages: 270 / 540M, Empty: 434M, Relocated: 3M, In-Place: 0
[89.130s][info][gc,reloc    ] GC(53) Medium Pages: 0 / 0M, Empty: 0M, Relocated: 0M, In-Place: 0
[89.130s][info][gc,reloc    ] GC(53) Large Pages: 0 / 0M, Empty: 0M, Relocated: 0M, In-Place: 0
[89.130s][info][gc,reloc    ] GC(53) Forwarding Usage: 1M
[89.130s][info][gc,heap     ] GC(53) Min Capacity: 8M(1%)
[89.130s][info][gc,heap     ] GC(53) Max Capacity: 1024M(100%)
[89.130s][info][gc,heap     ] GC(53) Soft Max Capacity: 1024M(100%)
[89.130s][info][gc,heap     ] GC(53)                Mark Start          Mark End        Relocate Start      Relocate End           High               Low         
[89.130s][info][gc,heap     ] GC(53)  Capacity:     1024M (100%)       1024M (100%)       1024M (100%)       1024M (100%)       1024M (100%)       1024M (100%)   
[89.130s][info][gc,heap     ] GC(53)      Free:      484M (47%)         480M (47%)         912M (89%)         994M (97%)         994M (97%)         480M (47%)    
[89.130s][info][gc,heap     ] GC(53)      Used:      540M (53%)         544M (53%)         112M (11%)          30M (3%)          544M (53%)          30M (3%)     
[89.130s][info][gc,heap     ] GC(53)      Live:         -                 6M (1%)            6M (1%)            6M (1%)             -                  -          
[89.130s][info][gc,heap     ] GC(53) Allocated:         -                 4M (0%)            6M (1%)            5M (1%)             -                  -          
[89.130s][info][gc,heap     ] GC(53)   Garbage:         -               533M (52%)          99M (10%)          17M (2%)             -                  -          
[89.130s][info][gc,heap     ] GC(53) Reclaimed:         -                  -               434M (42%)         515M (50%)            -                  -          
[89.130s][info][gc          ] GC(53) Garbage Collection (Proactive) 540M(53%)->30M(3%)
[90.108s][info][gc,stats    ] === Garbage Collection Statistics =======================================================================================================================
[90.109s][info][gc,stats    ]                                                              Last 10s              Last 10m              Last 10h                Total
[90.109s][info][gc,stats    ]                                                              Avg / Max             Avg / Max             Avg / Max             Avg / Max
[90.109s][info][gc,stats    ]   Collector: Garbage Collection Cycle                     24.972 / 28.476       29.530 / 78.390       29.530 / 78.390       29.530 / 78.390      ms
[90.109s][info][gc,stats    ]  Contention: Mark Segment Reset Contention                     0 / 4                 0 / 5                 0 / 5                 0 / 5           ops/s
[90.109s][info][gc,stats    ]  Contention: Mark SeqNum Reset Contention                      0 / 2                 0 / 2                 0 / 2                 0 / 2           ops/s
[90.109s][info][gc,stats    ]    Critical: Allocation Stall                                  0 / 0                 0 / 0                 0 / 0                 0 / 0           ops/s
[90.109s][info][gc,stats    ]    Critical: Allocation Stall                              0.000 / 0.000         0.000 / 0.000         0.000 / 0.000         0.000 / 0.000       ms
[90.109s][info][gc,stats    ]    Critical: GC Locker Stall                                   0 / 0                 0 / 0                 0 / 0                 0 / 0           ops/s
[90.109s][info][gc,stats    ]    Critical: GC Locker Stall                               0.000 / 0.000         0.000 / 0.000         0.000 / 0.000         0.000 / 0.000       ms
[90.109s][info][gc,stats    ]    Critical: Relocation Stall                                  0 / 0                 0 / 0                 0 / 0                 0 / 0           ops/s
[90.109s][info][gc,stats    ]    Critical: Relocation Stall                              0.000 / 0.000         0.000 / 0.000         0.000 / 0.000         0.000 / 0.000       ms
[90.109s][info][gc,stats    ]      Memory: Allocation Rate                                 323 / 338             316 / 340             316 / 340             316 / 340         MB/s
[90.109s][info][gc,stats    ]      Memory: Defragment                                        0 / 0                 0 / 0                 0 / 0                 0 / 0           ops/s
[90.109s][info][gc,stats    ]      Memory: Out Of Memory                                     0 / 0                 0 / 0                 0 / 0                 0 / 0           ops/s
[90.109s][info][gc,stats    ]      Memory: Page Cache Flush                                  0 / 0                 0 / 0                 0 / 0                 0 / 0           MB/s
[90.109s][info][gc,stats    ]      Memory: Page Cache Hit L1                               168 / 179             158 / 179             158 / 179             158 / 179         ops/s
[90.109s][info][gc,stats    ]      Memory: Page Cache Hit L2                                 0 / 0                 0 / 0                 0 / 0                 0 / 0           ops/s
[90.109s][info][gc,stats    ]      Memory: Page Cache Hit L3                                 0 / 0                 4 / 103               4 / 103               4 / 103         ops/s
[90.109s][info][gc,stats    ]      Memory: Page Cache Miss                                   0 / 0                 0 / 1                 0 / 1                 0 / 1           ops/s
[90.109s][info][gc,stats    ]      Memory: Uncommit                                          0 / 0                 0 / 0                 0 / 0                 0 / 0           MB/s
[90.109s][info][gc,stats    ]      Memory: Undo Object Allocation Failed                     0 / 2                 0 / 4                 0 / 4                 0 / 4           ops/s
[90.109s][info][gc,stats    ]      Memory: Undo Object Allocation Succeeded                  0 / 3                 0 / 4                 0 / 4                 0 / 4           ops/s
[90.109s][info][gc,stats    ]      Memory: Undo Page Allocation                              1 / 3                 1 / 5                 1 / 5                 1 / 5           ops/s
[90.109s][info][gc,stats    ]       Phase: Concurrent Mark                              14.950 / 19.906       16.473 / 34.706       16.473 / 34.706       16.473 / 34.706      ms
[90.109s][info][gc,stats    ]       Phase: Concurrent Mark Continue                      0.000 / 0.000         0.000 / 0.000         0.000 / 0.000         0.000 / 0.000       ms
[90.109s][info][gc,stats    ]       Phase: Concurrent Mark Free                          0.001 / 0.002         0.001 / 0.002         0.001 / 0.002         0.001 / 0.002       ms
[90.109s][info][gc,stats    ]       Phase: Concurrent Process Non-Strong References      1.040 / 1.084         1.659 / 7.426         1.659 / 7.426         1.659 / 7.426       ms
[90.110s][info][gc,stats    ]       Phase: Concurrent Relocate                           3.216 / 3.707         3.764 / 12.244        3.764 / 12.244        3.764 / 12.244      ms
[90.110s][info][gc,stats    ]       Phase: Concurrent Reset Relocation Set               0.008 / 0.013         0.008 / 0.015         0.008 / 0.015         0.008 / 0.015       ms
[90.110s][info][gc,stats    ]       Phase: Concurrent Select Relocation Set              4.648 / 5.955         5.182 / 14.229        5.182 / 14.229        5.182 / 14.229      ms
[90.110s][info][gc,stats    ]       Phase: Pause Mark End                                0.020 / 0.022         0.020 / 0.027         0.020 / 0.027         0.020 / 0.027       ms
[90.110s][info][gc,stats    ]       Phase: Pause Mark Start                              0.018 / 0.019         0.017 / 0.020         0.017 / 0.020         0.017 / 0.020       ms
[90.110s][info][gc,stats    ]       Phase: Pause Relocate Start                          0.009 / 0.011         0.008 / 0.014         0.008 / 0.014         0.008 / 0.014       ms
[90.110s][info][gc,stats    ]    Subphase: Concurrent Classes Purge                      0.007 / 0.021         0.050 / 0.801         0.050 / 0.801         0.050 / 0.801       ms
[90.110s][info][gc,stats    ]    Subphase: Concurrent Classes Unlink                     0.747 / 0.791         1.224 / 5.860         1.224 / 5.860         1.224 / 5.860       ms
[90.110s][info][gc,stats    ]    Subphase: Concurrent Mark                              13.037 / 18.884       12.865 / 31.718       12.865 / 31.718       12.865 / 31.718      ms
[90.110s][info][gc,stats    ]    Subphase: Concurrent Mark Try Flush                     0.069 / 0.110         0.071 / 0.242         0.071 / 0.242         0.071 / 0.242       ms
[90.110s][info][gc,stats    ]    Subphase: Concurrent Mark Try Terminate                 7.420 / 16.625        7.054 / 17.080        7.054 / 17.080        7.054 / 17.080      ms
[90.110s][info][gc,stats    ]    Subphase: Concurrent References Enqueue                 0.000 / 0.001         0.001 / 0.005         0.001 / 0.005         0.001 / 0.005       ms
[90.110s][info][gc,stats    ]    Subphase: Concurrent References Process                 0.038 / 0.041         0.045 / 0.088         0.045 / 0.088         0.045 / 0.088       ms
[90.110s][info][gc,stats    ]    Subphase: Concurrent Roots ClassLoaderDataGraph         0.071 / 0.448         0.100 / 0.868         0.100 / 0.868         0.100 / 0.868       ms
[90.110s][info][gc,stats    ]    Subphase: Concurrent Roots CodeCache                    0.000 / 0.000         0.000 / 0.000         0.000 / 0.000         0.000 / 0.000       ms
[90.110s][info][gc,stats    ]    Subphase: Concurrent Roots JavaThreads                  0.494 / 0.992         0.536 / 2.549         0.536 / 2.549         0.536 / 2.549       ms
[90.110s][info][gc,stats    ]    Subphase: Concurrent Roots OopStorageSet                0.016 / 0.053         0.021 / 0.219         0.021 / 0.219         0.021 / 0.219       ms
[90.110s][info][gc,stats    ]    Subphase: Concurrent Weak Roots OopStorageSet           0.127 / 0.150         0.150 / 1.443         0.150 / 1.443         0.150 / 1.443       ms
[90.110s][info][gc,stats    ]    Subphase: Pause Mark Try Complete                       0.000 / 0.000         0.000 / 0.000         0.000 / 0.000         0.000 / 0.000       ms
[90.110s][info][gc,stats    ]      System: Java Threads                                     35 / 35               33 / 41               33 / 41               33 / 41          threads
[90.110s][info][gc,stats    ] =========================================================================================================================================================
[90.811s][info][gc,start    ] GC(54) Garbage Collection (Proactive)
[90.817s][info][gc,task     ] GC(54) Using 10 workers
[90.817s][info][gc,phases   ] GC(54) Pause Mark Start 0.013ms
[90.827s][info][gc,phases   ] GC(54) Concurrent Mark 10.188ms
[90.827s][info][gc,phases   ] GC(54) Pause Mark End 0.022ms
[90.827s][info][gc,phases   ] GC(54) Concurrent Mark Free 0.001ms
[90.828s][info][gc,phases   ] GC(54) Concurrent Process Non-Strong References 0.987ms
[90.828s][info][gc,phases   ] GC(54) Concurrent Reset Relocation Set 0.008ms
[90.832s][info][gc,phases   ] GC(54) Concurrent Select Relocation Set 3.899ms
[90.832s][info][gc,phases   ] GC(54) Pause Relocate Start 0.008ms
[90.834s][info][gc,phases   ] GC(54) Concurrent Relocate 1.639ms
[90.834s][info][gc,load     ] GC(54) Load: 0.00/0.00/0.00
[90.834s][info][gc,mmu      ] GC(54) MMU: 2ms/98.7%, 5ms/99.5%, 10ms/99.6%, 20ms/99.8%, 50ms/99.9%, 100ms/99.9%
[90.834s][info][gc,marking  ] GC(54) Mark: 8 stripe(s), 5 proactive flush(es), 1 terminate flush(es), 0 completion(s), 0 continuation(s) 
[90.834s][info][gc,marking  ] GC(54) Mark Stack Usage: 32M
[90.834s][info][gc,nmethod  ] GC(54) NMethods: 1898 registered, 357 unregistered
[90.834s][info][gc,metaspace] GC(54) Metaspace: 9M used, 9M committed, 1088M reserved
[90.834s][info][gc,ref      ] GC(54) Soft: 214 encountered, 0 discovered, 0 enqueued
[90.834s][info][gc,ref      ] GC(54) Weak: 809 encountered, 50 discovered, 0 enqueued
[90.835s][info][gc,ref      ] GC(54) Final: 0 encountered, 0 discovered, 0 enqueued
[90.835s][info][gc,ref      ] GC(54) Phantom: 27 encountered, 20 discovered, 0 enqueued
[90.835s][info][gc,reloc    ] GC(54) Small Pages: 279 / 558M, Empty: 492M, Relocated: 1M, In-Place: 0
[90.835s][info][gc,reloc    ] GC(54) Medium Pages: 0 / 0M, Empty: 0M, Relocated: 0M, In-Place: 0
[90.835s][info][gc,reloc    ] GC(54) Large Pages: 0 / 0M, Empty: 0M, Relocated: 0M, In-Place: 0
[90.835s][info][gc,reloc    ] GC(54) Forwarding Usage: 0M
[90.835s][info][gc,heap     ] GC(54) Min Capacity: 8M(1%)
[90.835s][info][gc,heap     ] GC(54) Max Capacity: 1024M(100%)
[90.835s][info][gc,heap     ] GC(54) Soft Max Capacity: 1024M(100%)
[90.835s][info][gc,heap     ] GC(54)                Mark Start          Mark End        Relocate Start      Relocate End           High               Low         
[90.835s][info][gc,heap     ] GC(54)  Capacity:     1024M (100%)       1024M (100%)       1024M (100%)       1024M (100%)       1024M (100%)       1024M (100%)   
[90.835s][info][gc,heap     ] GC(54)      Free:      466M (46%)         462M (45%)         952M (93%)         992M (97%)         992M (97%)         460M (45%)    
[90.835s][info][gc,heap     ] GC(54)      Used:      558M (54%)         562M (55%)          72M (7%)           32M (3%)          564M (55%)          32M (3%)     
[90.835s][info][gc,heap     ] GC(54)      Live:         -                 6M (1%)            6M (1%)            6M (1%)             -                  -          
[90.835s][info][gc,heap     ] GC(54) Allocated:         -                 4M (0%)            6M (1%)            5M (1%)             -                  -          
[90.835s][info][gc,heap     ] GC(54)   Garbage:         -               551M (54%)          59M (6%)           19M (2%)             -                  -          
[90.835s][info][gc,heap     ] GC(54) Reclaimed:         -                  -               492M (48%)         531M (52%)            -                  -          
[90.835s][info][gc          ] GC(54) Garbage Collection (Proactive) 558M(54%)->32M(3%)
[90.874s][info][gc,start    ] GC(55) Garbage Collection (System.gc())
[90.874s][info][gc,task     ] GC(55) Using 10 workers
[90.874s][info][gc,phases   ] GC(55) Pause Mark Start 0.029ms
[90.890s][info][gc,phases   ] GC(55) Concurrent Mark 15.574ms
[90.890s][info][gc,phases   ] GC(55) Pause Mark End 0.017ms
[90.890s][info][gc,phases   ] GC(55) Concurrent Mark Free 0.001ms
[90.897s][info][gc,phases   ] GC(55) Concurrent Process Non-Strong References 6.861ms
[90.897s][info][gc,phases   ] GC(55) Concurrent Reset Relocation Set 0.004ms
[90.901s][info][gc,phases   ] GC(55) Concurrent Select Relocation Set 4.816ms
[90.902s][info][gc,phases   ] GC(55) Pause Relocate Start 0.007ms
[90.905s][info][gc,phases   ] GC(55) Concurrent Relocate 3.098ms
[90.905s][info][gc,load     ] GC(55) Load: 0.00/0.00/0.00
[90.905s][info][gc,mmu      ] GC(55) MMU: 2ms/98.6%, 5ms/99.4%, 10ms/99.6%, 20ms/99.8%, 50ms/99.9%, 100ms/99.9%
[90.905s][info][gc,marking  ] GC(55) Mark: 8 stripe(s), 2 proactive flush(es), 1 terminate flush(es), 0 completion(s), 0 continuation(s) 
[90.905s][info][gc,marking  ] GC(55) Mark Stack Usage: 32M
[90.905s][info][gc,nmethod  ] GC(55) NMethods: 671 registered, 1595 unregistered
[90.905s][info][gc,metaspace] GC(55) Metaspace: 9M used, 9M committed, 1088M reserved
[90.905s][info][gc,ref      ] GC(55) Soft: 214 encountered, 0 discovered, 0 enqueued
[90.905s][info][gc,ref      ] GC(55) Weak: 809 encountered, 200 discovered, 0 enqueued
[90.905s][info][gc,ref      ] GC(55) Final: 0 encountered, 0 discovered, 0 enqueued
[90.905s][info][gc,ref      ] GC(55) Phantom: 27 encountered, 18 discovered, 0 enqueued
[90.905s][info][gc,reloc    ] GC(55) Small Pages: 22 / 44M, Empty: 24M, Relocated: 1M, In-Place: 0
[90.905s][info][gc,reloc    ] GC(55) Medium Pages: 0 / 0M, Empty: 0M, Relocated: 0M, In-Place: 0
[90.905s][info][gc,reloc    ] GC(55) Large Pages: 0 / 0M, Empty: 0M, Relocated: 0M, In-Place: 0
[90.905s][info][gc,reloc    ] GC(55) Forwarding Usage: 0M
[90.905s][info][gc,heap     ] GC(55) Min Capacity: 8M(1%)
[90.905s][info][gc,heap     ] GC(55) Max Capacity: 1024M(100%)
[90.905s][info][gc,heap     ] GC(55) Soft Max Capacity: 1024M(100%)
[90.905s][info][gc,heap     ] GC(55)                Mark Start          Mark End        Relocate Start      Relocate End           High               Low         
[90.905s][info][gc,heap     ] GC(55)  Capacity:     1024M (100%)       1024M (100%)       1024M (100%)       1024M (100%)       1024M (100%)       1024M (100%)   
[90.905s][info][gc,heap     ] GC(55)      Free:      980M (96%)         980M (96%)        1004M (98%)        1004M (98%)        1004M (98%)         980M (96%)    
[90.905s][info][gc,heap     ] GC(55)      Used:       44M (4%)           44M (4%)           20M (2%)           20M (2%)           44M (4%)           20M (2%)     
[90.905s][info][gc,heap     ] GC(55)      Live:         -                 4M (0%)            4M (0%)            4M (0%)             -                  -          
[90.905s][info][gc,heap     ] GC(55) Allocated:         -                 0M (0%)            0M (0%)            0M (0%)             -                  -          
[90.905s][info][gc,heap     ] GC(55)   Garbage:         -                39M (4%)           15M (1%)           15M (1%)             -                  -          
[90.905s][info][gc,heap     ] GC(55) Reclaimed:         -                  -                24M (2%)           24M (2%)             -                  -          
[90.905s][info][gc          ] GC(55) Garbage Collection (System.gc()) 44M(4%)->20M(2%)
[93.311s][info][gc,start    ] GC(56) Garbage Collection (Proactive)
[93.311s][info][gc,task     ] GC(56) Using 10 workers
[93.311s][info][gc,phases   ] GC(56) Pause Mark Start 0.018ms
[93.326s][info][gc,phases   ] GC(56) Concurrent Mark 15.183ms
[93.327s][info][gc,phases   ] GC(56) Pause Mark End 0.021ms
[93.327s][info][gc,phases   ] GC(56) Concurrent Mark Free 0.002ms
[93.327s][info][gc,phases   ] GC(56) Concurrent Process Non-Strong References 0.558ms
[93.327s][info][gc,phases   ] GC(56) Concurrent Reset Relocation Set 0.002ms
[93.333s][info][gc,phases   ] GC(56) Concurrent Select Relocation Set 5.266ms
[93.333s][info][gc,phases   ] GC(56) Pause Relocate Start 0.009ms
[93.337s][info][gc,phases   ] GC(56) Concurrent Relocate 3.651ms
[93.337s][info][gc,load     ] GC(56) Load: 0.00/0.00/0.00
[93.337s][info][gc,mmu      ] GC(56) MMU: 2ms/98.6%, 5ms/99.4%, 10ms/99.6%, 20ms/99.8%, 50ms/99.9%, 100ms/99.9%
[93.337s][info][gc,marking  ] GC(56) Mark: 8 stripe(s), 2 proactive flush(es), 1 terminate flush(es), 0 completion(s), 0 continuation(s) 
[93.337s][info][gc,marking  ] GC(56) Mark Stack Usage: 32M
[93.337s][info][gc,nmethod  ] GC(56) NMethods: 682 registered, 0 unregistered
[93.337s][info][gc,metaspace] GC(56) Metaspace: 9M used, 9M committed, 1088M reserved
[93.337s][info][gc,ref      ] GC(56) Soft: 214 encountered, 0 discovered, 0 enqueued
[93.337s][info][gc,ref      ] GC(56) Weak: 809 encountered, 15 discovered, 0 enqueued
[93.337s][info][gc,ref      ] GC(56) Final: 0 encountered, 0 discovered, 0 enqueued
[93.337s][info][gc,ref      ] GC(56) Phantom: 27 encountered, 16 discovered, 0 enqueued
[93.337s][info][gc,reloc    ] GC(56) Small Pages: 399 / 798M, Empty: 618M, Relocated: 3M, In-Place: 0
[93.337s][info][gc,reloc    ] GC(56) Medium Pages: 0 / 0M, Empty: 0M, Relocated: 0M, In-Place: 0
[93.337s][info][gc,reloc    ] GC(56) Large Pages: 0 / 0M, Empty: 0M, Relocated: 0M, In-Place: 0
[93.337s][info][gc,reloc    ] GC(56) Forwarding Usage: 1M
[93.337s][info][gc,heap     ] GC(56) Min Capacity: 8M(1%)
[93.337s][info][gc,heap     ] GC(56) Max Capacity: 1024M(100%)
[93.337s][info][gc,heap     ] GC(56) Soft Max Capacity: 1024M(100%)
[93.337s][info][gc,heap     ] GC(56)                Mark Start          Mark End        Relocate Start      Relocate End           High               Low         
[93.337s][info][gc,heap     ] GC(56)  Capacity:     1024M (100%)       1024M (100%)       1024M (100%)       1024M (100%)       1024M (100%)       1024M (100%)   
[93.337s][info][gc,heap     ] GC(56)      Free:      226M (22%)         220M (21%)         836M (82%)         990M (97%)         990M (97%)         220M (21%)    
[93.337s][info][gc,heap     ] GC(56)      Used:      798M (78%)         804M (79%)         188M (18%)          34M (3%)          804M (79%)          34M (3%)     
[93.337s][info][gc,heap     ] GC(56)      Live:         -                 6M (1%)            6M (1%)            6M (1%)             -                  -          
[93.337s][info][gc,heap     ] GC(56) Allocated:         -                 6M (1%)            8M (1%)            9M (1%)             -                  -          
[93.337s][info][gc,heap     ] GC(56)   Garbage:         -               791M (77%)         173M (17%)          17M (2%)             -                  -          
[93.337s][info][gc,heap     ] GC(56) Reclaimed:         -                  -               618M (60%)         773M (76%)            -                  -          
[93.337s][info][gc          ] GC(56) Garbage Collection (Proactive) 798M(78%)->34M(3%)
[95.310s][info][gc,start    ] GC(57) Garbage Collection (Proactive)
[95.310s][info][gc,task     ] GC(57) Using 10 workers
[95.311s][info][gc,phases   ] GC(57) Pause Mark Start 0.017ms
[95.326s][info][gc,phases   ] GC(57) Concurrent Mark 15.128ms
[95.326s][info][gc,phases   ] GC(57) Pause Mark End 0.022ms
[95.326s][info][gc,phases   ] GC(57) Concurrent Mark Free 0.001ms
[95.327s][info][gc,phases   ] GC(57) Concurrent Process Non-Strong References 0.542ms
[95.327s][info][gc,phases   ] GC(57) Concurrent Reset Relocation Set 0.014ms
[95.331s][info][gc,phases   ] GC(57) Concurrent Select Relocation Set 3.882ms
[95.331s][info][gc,phases   ] GC(57) Pause Relocate Start 0.006ms
[95.334s][info][gc,phases   ] GC(57) Concurrent Relocate 3.371ms
[95.334s][info][gc,load     ] GC(57) Load: 0.00/0.00/0.00
[95.335s][info][gc,mmu      ] GC(57) MMU: 2ms/98.6%, 5ms/99.4%, 10ms/99.6%, 20ms/99.8%, 50ms/99.9%, 100ms/99.9%
[95.335s][info][gc,marking  ] GC(57) Mark: 8 stripe(s), 3 proactive flush(es), 1 terminate flush(es), 0 completion(s), 0 continuation(s) 
[95.335s][info][gc,marking  ] GC(57) Mark Stack Usage: 32M
[95.335s][info][gc,nmethod  ] GC(57) NMethods: 682 registered, 0 unregistered
[95.335s][info][gc,metaspace] GC(57) Metaspace: 9M used, 9M committed, 1088M reserved
[95.335s][info][gc,ref      ] GC(57) Soft: 214 encountered, 0 discovered, 0 enqueued
[95.335s][info][gc,ref      ] GC(57) Weak: 809 encountered, 11 discovered, 0 enqueued
[95.335s][info][gc,ref      ] GC(57) Final: 0 encountered, 0 discovered, 0 enqueued
[95.335s][info][gc,ref      ] GC(57) Phantom: 27 encountered, 21 discovered, 0 enqueued
[95.335s][info][gc,reloc    ] GC(57) Small Pages: 328 / 656M, Empty: 550M, Relocated: 3M, In-Place: 0
[95.335s][info][gc,reloc    ] GC(57) Medium Pages: 0 / 0M, Empty: 0M, Relocated: 0M, In-Place: 0
[95.335s][info][gc,reloc    ] GC(57) Large Pages: 0 / 0M, Empty: 0M, Relocated: 0M, In-Place: 0
[95.335s][info][gc,reloc    ] GC(57) Forwarding Usage: 1M
[95.335s][info][gc,heap     ] GC(57) Min Capacity: 8M(1%)
[95.335s][info][gc,heap     ] GC(57) Max Capacity: 1024M(100%)
[95.335s][info][gc,heap     ] GC(57) Soft Max Capacity: 1024M(100%)
[95.335s][info][gc,heap     ] GC(57)                Mark Start          Mark End        Relocate Start      Relocate End           High               Low         
[95.335s][info][gc,heap     ] GC(57)  Capacity:     1024M (100%)       1024M (100%)       1024M (100%)       1024M (100%)       1024M (100%)       1024M (100%)   
[95.335s][info][gc,heap     ] GC(57)      Free:      368M (36%)         362M (35%)         910M (89%)         992M (97%)         992M (97%)         362M (35%)    
[95.335s][info][gc,heap     ] GC(57)      Used:      656M (64%)         662M (65%)         114M (11%)          32M (3%)          662M (65%)          32M (3%)     
[95.335s][info][gc,heap     ] GC(57)      Live:         -                 6M (1%)            6M (1%)            6M (1%)             -                  -          
[95.335s][info][gc,heap     ] GC(57) Allocated:         -                 6M (1%)            8M (1%)            7M (1%)             -                  -          
[95.335s][info][gc,heap     ] GC(57)   Garbage:         -               649M (63%)          99M (10%)          17M (2%)             -                  -          
[95.335s][info][gc,heap     ] GC(57) Reclaimed:         -                  -               550M (54%)         631M (62%)            -                  -          
[95.335s][info][gc          ] GC(57) Garbage Collection (Proactive) 656M(64%)->32M(3%)
[97.000s][info][gc,start    ] GC(58) Garbage Collection (Proactive)
[97.000s][info][gc,task     ] GC(58) Using 10 workers
[97.000s][info][gc,phases   ] GC(58) Pause Mark Start 0.018ms
[97.016s][info][gc,phases   ] GC(58) Concurrent Mark 15.212ms
[97.016s][info][gc,phases   ] GC(58) Pause Mark End 0.021ms
[97.016s][info][gc,phases   ] GC(58) Concurrent Mark Free 0.001ms
[97.017s][info][gc,phases   ] GC(58) Concurrent Process Non-Strong References 0.547ms
[97.017s][info][gc,phases   ] GC(58) Concurrent Reset Relocation Set 0.008ms
[97.021s][info][gc,phases   ] GC(58) Concurrent Select Relocation Set 3.896ms
[97.021s][info][gc,phases   ] GC(58) Pause Relocate Start 0.009ms
[97.024s][info][gc,phases   ] GC(58) Concurrent Relocate 3.620ms
[97.025s][info][gc,load     ] GC(58) Load: 0.00/0.00/0.00
[97.025s][info][gc,mmu      ] GC(58) MMU: 2ms/98.6%, 5ms/99.4%, 10ms/99.6%, 20ms/99.8%, 50ms/99.9%, 100ms/99.9%
[97.025s][info][gc,marking  ] GC(58) Mark: 8 stripe(s), 2 proactive flush(es), 1 terminate flush(es), 0 completion(s), 0 continuation(s) 
[97.025s][info][gc,marking  ] GC(58) Mark Stack Usage: 32M
[97.025s][info][gc,nmethod  ] GC(58) NMethods: 682 registered, 0 unregistered
[97.025s][info][gc,metaspace] GC(58) Metaspace: 9M used, 9M committed, 1088M reserved
[97.025s][info][gc,ref      ] GC(58) Soft: 214 encountered, 0 discovered, 0 enqueued
[97.025s][info][gc,ref      ] GC(58) Weak: 809 encountered, 6 discovered, 0 enqueued
[97.025s][info][gc,ref      ] GC(58) Final: 0 encountered, 0 discovered, 0 enqueued
[97.025s][info][gc,ref      ] GC(58) Phantom: 27 encountered, 24 discovered, 0 enqueued
[97.025s][info][gc,reloc    ] GC(58) Small Pages: 274 / 548M, Empty: 458M, Relocated: 3M, In-Place: 0
[97.025s][info][gc,reloc    ] GC(58) Medium Pages: 0 / 0M, Empty: 0M, Relocated: 0M, In-Place: 0
[97.025s][info][gc,reloc    ] GC(58) Large Pages: 0 / 0M, Empty: 0M, Relocated: 0M, In-Place: 0
[97.025s][info][gc,reloc    ] GC(58) Forwarding Usage: 1M
[97.025s][info][gc,heap     ] GC(58) Min Capacity: 8M(1%)
[97.025s][info][gc,heap     ] GC(58) Max Capacity: 1024M(100%)
[97.025s][info][gc,heap     ] GC(58) Soft Max Capacity: 1024M(100%)
[97.025s][info][gc,heap     ] GC(58)                Mark Start          Mark End        Relocate Start      Relocate End           High               Low         
[97.025s][info][gc,heap     ] GC(58)  Capacity:     1024M (100%)       1024M (100%)       1024M (100%)       1024M (100%)       1024M (100%)       1024M (100%)   
[97.025s][info][gc,heap     ] GC(58)      Free:      476M (46%)         470M (46%)         926M (90%)         992M (97%)         992M (97%)         470M (46%)    
[97.025s][info][gc,heap     ] GC(58)      Used:      548M (54%)         554M (54%)          98M (10%)          32M (3%)          554M (54%)          32M (3%)     
[97.025s][info][gc,heap     ] GC(58)      Live:         -                 6M (1%)            6M (1%)            6M (1%)             -                  -          
[97.025s][info][gc,heap     ] GC(58) Allocated:         -                 6M (1%)            8M (1%)            7M (1%)             -                  -          
[97.025s][info][gc,heap     ] GC(58)   Garbage:         -               541M (53%)          83M (8%)           17M (2%)             -                  -          
[97.025s][info][gc,heap     ] GC(58) Reclaimed:         -                  -               458M (45%)         523M (51%)            -                  -          
[97.025s][info][gc          ] GC(58) Garbage Collection (Proactive) 548M(54%)->32M(3%)
[97.768s][info][gc,start    ] GC(59) Garbage Collection (System.gc())
[97.769s][info][gc,task     ] GC(59) Using 10 workers
[97.769s][info][gc,phases   ] GC(59) Pause Mark Start 0.018ms
[97.781s][info][gc,phases   ] GC(59) Concurrent Mark 12.401ms
[97.781s][info][gc,phases   ] GC(59) Pause Mark End 0.017ms
[97.781s][info][gc,phases   ] GC(59) Concurrent Mark Free 0.001ms
[97.782s][info][gc,phases   ] GC(59) Concurrent Process Non-Strong References 0.526ms
[97.782s][info][gc,phases   ] GC(59) Concurrent Reset Relocation Set 0.008ms
[97.786s][info][gc,phases   ] GC(59) Concurrent Select Relocation Set 3.927ms
[97.786s][info][gc,phases   ] GC(59) Pause Relocate Start 0.006ms
[97.789s][info][gc,phases   ] GC(59) Concurrent Relocate 3.088ms
[97.789s][info][gc,load     ] GC(59) Load: 0.00/0.00/0.00
[97.789s][info][gc,mmu      ] GC(59) MMU: 2ms/98.6%, 5ms/99.4%, 10ms/99.6%, 20ms/99.8%, 50ms/99.9%, 100ms/99.9%
[97.789s][info][gc,marking  ] GC(59) Mark: 8 stripe(s), 2 proactive flush(es), 1 terminate flush(es), 0 completion(s), 0 continuation(s) 
[97.789s][info][gc,marking  ] GC(59) Mark Stack Usage: 32M
[97.789s][info][gc,nmethod  ] GC(59) NMethods: 682 registered, 0 unregistered
[97.789s][info][gc,metaspace] GC(59) Metaspace: 9M used, 9M committed, 1088M reserved
[97.789s][info][gc,ref      ] GC(59) Soft: 214 encountered, 0 discovered, 0 enqueued
[97.789s][info][gc,ref      ] GC(59) Weak: 809 encountered, 25 discovered, 0 enqueued
[97.790s][info][gc,ref      ] GC(59) Final: 0 encountered, 0 discovered, 0 enqueued
[97.790s][info][gc,ref      ] GC(59) Phantom: 27 encountered, 18 discovered, 0 enqueued
[97.790s][info][gc,reloc    ] GC(59) Small Pages: 134 / 268M, Empty: 252M, Relocated: 1M, In-Place: 0
[97.790s][info][gc,reloc    ] GC(59) Medium Pages: 0 / 0M, Empty: 0M, Relocated: 0M, In-Place: 0
[97.790s][info][gc,reloc    ] GC(59) Large Pages: 0 / 0M, Empty: 0M, Relocated: 0M, In-Place: 0
[97.790s][info][gc,reloc    ] GC(59) Forwarding Usage: 0M
[97.790s][info][gc,heap     ] GC(59) Min Capacity: 8M(1%)
[97.790s][info][gc,heap     ] GC(59) Max Capacity: 1024M(100%)
[97.790s][info][gc,heap     ] GC(59) Soft Max Capacity: 1024M(100%)
[97.790s][info][gc,heap     ] GC(59)                Mark Start          Mark End        Relocate Start      Relocate End           High               Low         
[97.790s][info][gc,heap     ] GC(59)  Capacity:     1024M (100%)       1024M (100%)       1024M (100%)       1024M (100%)       1024M (100%)       1024M (100%)   
[97.790s][info][gc,heap     ] GC(59)      Free:      756M (74%)         756M (74%)        1008M (98%)        1008M (98%)        1008M (98%)         756M (74%)    
[97.790s][info][gc,heap     ] GC(59)      Used:      268M (26%)         268M (26%)          16M (2%)           16M (2%)          268M (26%)          16M (2%)     
[97.790s][info][gc,heap     ] GC(59)      Live:         -                 4M (0%)            4M (0%)            4M (0%)             -                  -          
[97.790s][info][gc,heap     ] GC(59) Allocated:         -                 0M (0%)            0M (0%)            0M (0%)             -                  -          
[97.790s][info][gc,heap     ] GC(59)   Garbage:         -               263M (26%)          11M (1%)           11M (1%)             -                  -          
[97.790s][info][gc,heap     ] GC(59) Reclaimed:         -                  -               252M (25%)         252M (25%)            -                  -          
[97.790s][info][gc          ] GC(59) Garbage Collection (System.gc()) 268M(26%)->16M(2%)
[99.209s][info][gc,start    ] GC(60) Garbage Collection (Proactive)
[99.209s][info][gc,task     ] GC(60) Using 10 workers
[99.209s][info][gc,phases   ] GC(60) Pause Mark Start 0.017ms
[99.224s][info][gc,phases   ] GC(60) Concurrent Mark 15.170ms
[99.224s][info][gc,phases   ] GC(60) Pause Mark End 0.021ms
[99.225s][info][gc,phases   ] GC(60) Concurrent Mark Free 0.002ms
[99.225s][info][gc,phases   ] GC(60) Concurrent Process Non-Strong References 0.785ms
[99.225s][info][gc,phases   ] GC(60) Concurrent Reset Relocation Set 0.001ms
[99.231s][info][gc,phases   ] GC(60) Concurrent Select Relocation Set 5.633ms
[99.231s][info][gc,phases   ] GC(60) Pause Relocate Start 0.006ms
[99.235s][info][gc,phases   ] GC(60) Concurrent Relocate 3.550ms
[99.235s][info][gc,load     ] GC(60) Load: 0.00/0.00/0.00
[99.235s][info][gc,mmu      ] GC(60) MMU: 2ms/98.6%, 5ms/99.4%, 10ms/99.6%, 20ms/99.8%, 50ms/99.9%, 100ms/99.9%
[99.235s][info][gc,marking  ] GC(60) Mark: 8 stripe(s), 2 proactive flush(es), 1 terminate flush(es), 0 completion(s), 0 continuation(s) 
[99.235s][info][gc,marking  ] GC(60) Mark Stack Usage: 32M
[99.235s][info][gc,nmethod  ] GC(60) NMethods: 648 registered, 39 unregistered
[99.235s][info][gc,metaspace] GC(60) Metaspace: 9M used, 9M committed, 1088M reserved
[99.235s][info][gc,ref      ] GC(60) Soft: 214 encountered, 0 discovered, 0 enqueued
[99.235s][info][gc,ref      ] GC(60) Weak: 809 encountered, 7 discovered, 0 enqueued
[99.235s][info][gc,ref      ] GC(60) Final: 0 encountered, 0 discovered, 0 enqueued
[99.235s][info][gc,ref      ] GC(60) Phantom: 27 encountered, 20 discovered, 0 enqueued
[99.235s][info][gc,reloc    ] GC(60) Small Pages: 235 / 470M, Empty: 300M, Relocated: 3M, In-Place: 0
[99.235s][info][gc,reloc    ] GC(60) Medium Pages: 0 / 0M, Empty: 0M, Relocated: 0M, In-Place: 0
[99.235s][info][gc,reloc    ] GC(60) Large Pages: 0 / 0M, Empty: 0M, Relocated: 0M, In-Place: 0
[99.235s][info][gc,reloc    ] GC(60) Forwarding Usage: 1M
[99.235s][info][gc,heap     ] GC(60) Min Capacity: 8M(1%)
[99.235s][info][gc,heap     ] GC(60) Max Capacity: 1024M(100%)
[99.235s][info][gc,heap     ] GC(60) Soft Max Capacity: 1024M(100%)
[99.235s][info][gc,heap     ] GC(60)                Mark Start          Mark End        Relocate Start      Relocate End           High               Low         
[99.235s][info][gc,heap     ] GC(60)  Capacity:     1024M (100%)       1024M (100%)       1024M (100%)       1024M (100%)       1024M (100%)       1024M (100%)   
[99.236s][info][gc,heap     ] GC(60)      Free:      554M (54%)         548M (54%)         846M (83%)         990M (97%)         990M (97%)         546M (53%)    
[99.236s][info][gc,heap     ] GC(60)      Used:      470M (46%)         476M (46%)         178M (17%)          34M (3%)          478M (47%)          34M (3%)     
[99.236s][info][gc,heap     ] GC(60)      Live:         -                 6M (1%)            6M (1%)            6M (1%)             -                  -          
[99.236s][info][gc,heap     ] GC(60) Allocated:         -                 6M (1%)            8M (1%)            9M (1%)             -                  -          
[99.236s][info][gc,heap     ] GC(60)   Garbage:         -               463M (45%)         163M (16%)          17M (2%)             -                  -          
[99.236s][info][gc,heap     ] GC(60) Reclaimed:         -                  -               300M (29%)         445M (44%)            -                  -          
[99.236s][info][gc          ] GC(60) Garbage Collection (Proactive) 470M(46%)->34M(3%)
[100.106s][info][gc,stats    ] === Garbage Collection Statistics =======================================================================================================================
[100.106s][info][gc,stats    ]                                                              Last 10s              Last 10m              Last 10h                Total
[100.106s][info][gc,stats    ]                                                              Avg / Max             Avg / Max             Avg / Max             Avg / Max
[100.106s][info][gc,stats    ]   Collector: Garbage Collection Cycle                     25.069 / 31.207       29.018 / 78.390       29.018 / 78.390       29.018 / 78.390      ms
[100.106s][info][gc,stats    ]  Contention: Mark Segment Reset Contention                     0 / 1                 0 / 5                 0 / 5                 0 / 5           ops/s
[100.106s][info][gc,stats    ]  Contention: Mark SeqNum Reset Contention                      0 / 1                 0 / 2                 0 / 2                 0 / 2           ops/s
[100.106s][info][gc,stats    ]    Critical: Allocation Stall                                  0 / 0                 0 / 0                 0 / 0                 0 / 0           ops/s
[100.106s][info][gc,stats    ]    Critical: Allocation Stall                              0.000 / 0.000         0.000 / 0.000         0.000 / 0.000         0.000 / 0.000       ms
[100.106s][info][gc,stats    ]    Critical: GC Locker Stall                                   0 / 0                 0 / 0                 0 / 0                 0 / 0           ops/s
[100.106s][info][gc,stats    ]    Critical: GC Locker Stall                               0.000 / 0.000         0.000 / 0.000         0.000 / 0.000         0.000 / 0.000       ms
[100.106s][info][gc,stats    ]    Critical: Relocation Stall                                  0 / 0                 0 / 0                 0 / 0                 0 / 0           ops/s
[100.106s][info][gc,stats    ]    Critical: Relocation Stall                              0.000 / 0.000         0.000 / 0.000         0.000 / 0.000         0.000 / 0.000       ms
[100.106s][info][gc,stats    ]      Memory: Allocation Rate                                 319 / 330             316 / 340             316 / 340             316 / 340         MB/s
[100.106s][info][gc,stats    ]      Memory: Defragment                                        0 / 0                 0 / 0                 0 / 0                 0 / 0           ops/s
[100.106s][info][gc,stats    ]      Memory: Out Of Memory                                     0 / 0                 0 / 0                 0 / 0                 0 / 0           ops/s
[100.106s][info][gc,stats    ]      Memory: Page Cache Flush                                  0 / 0                 0 / 0                 0 / 0                 0 / 0           MB/s
[100.106s][info][gc,stats    ]      Memory: Page Cache Hit L1                               165 / 174             159 / 179             159 / 179             159 / 179         ops/s
[100.106s][info][gc,stats    ]      Memory: Page Cache Hit L2                                 0 / 0                 0 / 0                 0 / 0                 0 / 0           ops/s
[100.106s][info][gc,stats    ]      Memory: Page Cache Hit L3                                 0 / 0                 4 / 103               4 / 103               4 / 103         ops/s
[100.106s][info][gc,stats    ]      Memory: Page Cache Miss                                   0 / 0                 0 / 1                 0 / 1                 0 / 1           ops/s
[100.106s][info][gc,stats    ]      Memory: Uncommit                                          0 / 0                 0 / 0                 0 / 0                 0 / 0           MB/s
[100.106s][info][gc,stats    ]      Memory: Undo Object Allocation Failed                     0 / 0                 0 / 4                 0 / 4                 0 / 4           ops/s
[100.107s][info][gc,stats    ]      Memory: Undo Object Allocation Succeeded                  0 / 1                 0 / 4                 0 / 4                 0 / 4           ops/s
[100.107s][info][gc,stats    ]      Memory: Undo Page Allocation                              1 / 3                 1 / 5                 1 / 5                 1 / 5           ops/s
[100.107s][info][gc,stats    ]       Phase: Concurrent Mark                              14.122 / 15.574       16.204 / 34.706       16.204 / 34.706       16.204 / 34.706      ms
[100.107s][info][gc,stats    ]       Phase: Concurrent Mark Continue                      0.000 / 0.000         0.000 / 0.000         0.000 / 0.000         0.000 / 0.000       ms
[100.107s][info][gc,stats    ]       Phase: Concurrent Mark Free                          0.001 / 0.002         0.001 / 0.002         0.001 / 0.002         0.001 / 0.002       ms
[100.107s][info][gc,stats    ]       Phase: Concurrent Process Non-Strong References      1.544 / 6.861         1.646 / 7.426         1.646 / 7.426         1.646 / 7.426       ms
[100.107s][info][gc,stats    ]       Phase: Concurrent Relocate                           3.145 / 3.651         3.693 / 12.244        3.693 / 12.244        3.693 / 12.244      ms
[100.107s][info][gc,stats    ]       Phase: Concurrent Reset Relocation Set               0.006 / 0.014         0.008 / 0.015         0.008 / 0.015         0.008 / 0.015       ms
[100.107s][info][gc,stats    ]       Phase: Concurrent Select Relocation Set              4.474 / 5.633         5.100 / 14.229        5.100 / 14.229        5.100 / 14.229      ms
[100.107s][info][gc,stats    ]       Phase: Pause Mark End                                0.020 / 0.022         0.020 / 0.027         0.020 / 0.027         0.020 / 0.027       ms
[100.107s][info][gc,stats    ]       Phase: Pause Mark Start                              0.019 / 0.029         0.017 / 0.029         0.017 / 0.029         0.017 / 0.029       ms
[100.107s][info][gc,stats    ]       Phase: Pause Relocate Start                          0.007 / 0.009         0.008 / 0.014         0.008 / 0.014         0.008 / 0.014       ms
[100.107s][info][gc,stats    ]    Subphase: Concurrent Classes Purge                      0.821 / 5.468         0.138 / 5.468         0.138 / 5.468         0.138 / 5.468       ms
[100.107s][info][gc,stats    ]    Subphase: Concurrent Classes Unlink                     0.447 / 1.161         1.134 / 5.860         1.134 / 5.860         1.134 / 5.860       ms
[100.107s][info][gc,stats    ]    Subphase: Concurrent Mark                              12.312 / 14.513       12.797 / 31.718       12.797 / 31.718       12.797 / 31.718      ms
[100.107s][info][gc,stats    ]    Subphase: Concurrent Mark Try Flush                     0.068 / 0.104         0.070 / 0.242         0.070 / 0.242         0.070 / 0.242       ms
[100.107s][info][gc,stats    ]    Subphase: Concurrent Mark Try Terminate                 7.691 / 12.329        7.130 / 17.080        7.130 / 17.080        7.130 / 17.080      ms
[100.107s][info][gc,stats    ]    Subphase: Concurrent References Enqueue                 0.000 / 0.001         0.001 / 0.005         0.001 / 0.005         0.001 / 0.005       ms
[100.107s][info][gc,stats    ]    Subphase: Concurrent References Process                 0.038 / 0.049         0.044 / 0.088         0.044 / 0.088         0.044 / 0.088       ms
[100.107s][info][gc,stats    ]    Subphase: Concurrent Roots ClassLoaderDataGraph         0.071 / 0.460         0.096 / 0.868         0.096 / 0.868         0.096 / 0.868       ms
[100.107s][info][gc,stats    ]    Subphase: Concurrent Roots CodeCache                    0.000 / 0.000         0.000 / 0.000         0.000 / 0.000         0.000 / 0.000       ms
[100.107s][info][gc,stats    ]    Subphase: Concurrent Roots JavaThreads                  0.487 / 0.967         0.529 / 2.549         0.529 / 2.549         0.529 / 2.549       ms
[100.107s][info][gc,stats    ]    Subphase: Concurrent Roots OopStorageSet                0.015 / 0.042         0.020 / 0.219         0.020 / 0.219         0.020 / 0.219       ms
[100.107s][info][gc,stats    ]    Subphase: Concurrent Weak Roots OopStorageSet           0.122 / 0.143         0.147 / 1.443         0.147 / 1.443         0.147 / 1.443       ms
[100.107s][info][gc,stats    ]    Subphase: Pause Mark Try Complete                       0.000 / 0.000         0.000 / 0.000         0.000 / 0.000         0.000 / 0.000       ms
[100.107s][info][gc,stats    ]      System: Java Threads                                     35 / 36               33 / 41               33 / 41               33 / 41          threads
[100.107s][info][gc,stats    ] =========================================================================================================================================================
[100.910s][info][gc,start    ] GC(61) Garbage Collection (Proactive)
[100.910s][info][gc,task     ] GC(61) Using 10 workers
[100.911s][info][gc,phases   ] GC(61) Pause Mark Start 0.019ms
[100.926s][info][gc,phases   ] GC(61) Concurrent Mark 14.900ms
[100.926s][info][gc,phases   ] GC(61) Pause Mark End 0.020ms
[100.926s][info][gc,phases   ] GC(61) Concurrent Mark Free 0.001ms
[100.926s][info][gc,phases   ] GC(61) Concurrent Process Non-Strong References 0.506ms
[100.926s][info][gc,phases   ] GC(61) Concurrent Reset Relocation Set 0.013ms
[100.930s][info][gc,phases   ] GC(61) Concurrent Select Relocation Set 3.933ms
[100.930s][info][gc,phases   ] GC(61) Pause Relocate Start 0.005ms
[100.934s][info][gc,phases   ] GC(61) Concurrent Relocate 3.638ms
[100.934s][info][gc,load     ] GC(61) Load: 0.00/0.00/0.00
[100.934s][info][gc,mmu      ] GC(61) MMU: 2ms/98.6%, 5ms/99.4%, 10ms/99.6%, 20ms/99.8%, 50ms/99.9%, 100ms/99.9%
[100.934s][info][gc,marking  ] GC(61) Mark: 8 stripe(s), 3 proactive flush(es), 1 terminate flush(es), 0 completion(s), 0 continuation(s) 
[100.934s][info][gc,marking  ] GC(61) Mark Stack Usage: 32M
[100.934s][info][gc,nmethod  ] GC(61) NMethods: 648 registered, 39 unregistered
[100.934s][info][gc,metaspace] GC(61) Metaspace: 9M used, 9M committed, 1088M reserved
[100.934s][info][gc,ref      ] GC(61) Soft: 214 encountered, 0 discovered, 0 enqueued
[100.934s][info][gc,ref      ] GC(61) Weak: 809 encountered, 6 discovered, 0 enqueued
[100.935s][info][gc,ref      ] GC(61) Final: 0 encountered, 0 discovered, 0 enqueued
[100.935s][info][gc,ref      ] GC(61) Phantom: 27 encountered, 20 discovered, 0 enqueued
[100.935s][info][gc,reloc    ] GC(61) Small Pages: 284 / 568M, Empty: 422M, Relocated: 3M, In-Place: 0
[100.935s][info][gc,reloc    ] GC(61) Medium Pages: 0 / 0M, Empty: 0M, Relocated: 0M, In-Place: 0
[100.935s][info][gc,reloc    ] GC(61) Large Pages: 0 / 0M, Empty: 0M, Relocated: 0M, In-Place: 0
[100.935s][info][gc,reloc    ] GC(61) Forwarding Usage: 1M
[100.935s][info][gc,heap     ] GC(61) Min Capacity: 8M(1%)
[100.935s][info][gc,heap     ] GC(61) Max Capacity: 1024M(100%)
[100.935s][info][gc,heap     ] GC(61) Soft Max Capacity: 1024M(100%)
[100.935s][info][gc,heap     ] GC(61)                Mark Start          Mark End        Relocate Start      Relocate End           High               Low         
[100.935s][info][gc,heap     ] GC(61)  Capacity:     1024M (100%)       1024M (100%)       1024M (100%)       1024M (100%)       1024M (100%)       1024M (100%)   
[100.935s][info][gc,heap     ] GC(61)      Free:      456M (45%)         448M (44%)         870M (85%)         992M (97%)         992M (97%)         448M (44%)    
[100.935s][info][gc,heap     ] GC(61)      Used:      568M (55%)         576M (56%)         154M (15%)          32M (3%)          576M (56%)          32M (3%)     
[100.935s][info][gc,heap     ] GC(61)      Live:         -                 6M (1%)            6M (1%)            6M (1%)             -                  -          
[100.935s][info][gc,heap     ] GC(61) Allocated:         -                 8M (1%)            8M (1%)            7M (1%)             -                  -          
[100.935s][info][gc,heap     ] GC(61)   Garbage:         -               561M (55%)         139M (14%)          17M (2%)             -                  -          
[100.935s][info][gc,heap     ] GC(61) Reclaimed:         -                  -               422M (41%)         543M (53%)            -                  -          
[100.935s][info][gc          ] GC(61) Garbage Collection (Proactive) 568M(55%)->32M(3%)
[102.409s][info][gc,start    ] GC(62) Garbage Collection (Proactive)
[102.409s][info][gc,task     ] GC(62) Using 10 workers
[102.409s][info][gc,phases   ] GC(62) Pause Mark Start 0.017ms
[102.425s][info][gc,phases   ] GC(62) Concurrent Mark 15.241ms
[102.425s][info][gc,phases   ] GC(62) Pause Mark End 0.019ms
[102.425s][info][gc,phases   ] GC(62) Concurrent Mark Free 0.002ms
[102.425s][info][gc,phases   ] GC(62) Concurrent Process Non-Strong References 0.566ms
[102.426s][info][gc,phases   ] GC(62) Concurrent Reset Relocation Set 0.010ms
[102.431s][info][gc,phases   ] GC(62) Concurrent Select Relocation Set 5.904ms
[102.432s][info][gc,phases   ] GC(62) Pause Relocate Start 0.005ms
[102.436s][info][gc,phases   ] GC(62) Concurrent Relocate 4.576ms
[102.436s][info][gc,load     ] GC(62) Load: 0.00/0.00/0.00
[102.436s][info][gc,mmu      ] GC(62) MMU: 2ms/98.6%, 5ms/99.4%, 10ms/99.6%, 20ms/99.8%, 50ms/99.9%, 100ms/99.9%
[102.436s][info][gc,marking  ] GC(62) Mark: 8 stripe(s), 2 proactive flush(es), 1 terminate flush(es), 0 completion(s), 0 continuation(s) 
[102.437s][info][gc,marking  ] GC(62) Mark Stack Usage: 32M
[102.437s][info][gc,nmethod  ] GC(62) NMethods: 648 registered, 39 unregistered
[102.437s][info][gc,metaspace] GC(62) Metaspace: 9M used, 9M committed, 1088M reserved
[102.437s][info][gc,ref      ] GC(62) Soft: 214 encountered, 0 discovered, 0 enqueued
[102.437s][info][gc,ref      ] GC(62) Weak: 809 encountered, 363 discovered, 0 enqueued
[102.437s][info][gc,ref      ] GC(62) Final: 0 encountered, 0 discovered, 0 enqueued
[102.437s][info][gc,ref      ] GC(62) Phantom: 27 encountered, 19 discovered, 0 enqueued
[102.437s][info][gc,reloc    ] GC(62) Small Pages: 257 / 514M, Empty: 422M, Relocated: 3M, In-Place: 0
[102.437s][info][gc,reloc    ] GC(62) Medium Pages: 0 / 0M, Empty: 0M, Relocated: 0M, In-Place: 0
[102.437s][info][gc,reloc    ] GC(62) Large Pages: 0 / 0M, Empty: 0M, Relocated: 0M, In-Place: 0
[102.437s][info][gc,reloc    ] GC(62) Forwarding Usage: 1M
[102.437s][info][gc,heap     ] GC(62) Min Capacity: 8M(1%)
[102.437s][info][gc,heap     ] GC(62) Max Capacity: 1024M(100%)
[102.437s][info][gc,heap     ] GC(62) Soft Max Capacity: 1024M(100%)
[102.437s][info][gc,heap     ] GC(62)                Mark Start          Mark End        Relocate Start      Relocate End           High               Low         
[102.437s][info][gc,heap     ] GC(62)  Capacity:     1024M (100%)       1024M (100%)       1024M (100%)       1024M (100%)       1024M (100%)       1024M (100%)   
[102.437s][info][gc,heap     ] GC(62)      Free:      510M (50%)         504M (49%)         924M (90%)         990M (97%)         990M (97%)         502M (49%)    
[102.437s][info][gc,heap     ] GC(62)      Used:      514M (50%)         520M (51%)         100M (10%)          34M (3%)          522M (51%)          34M (3%)     
[102.437s][info][gc,heap     ] GC(62)      Live:         -                 6M (1%)            6M (1%)            6M (1%)             -                  -          
[102.437s][info][gc,heap     ] GC(62) Allocated:         -                 6M (1%)            8M (1%)            9M (1%)             -                  -          
[102.437s][info][gc,heap     ] GC(62)   Garbage:         -               507M (50%)          85M (8%)           17M (2%)             -                  -          
[102.437s][info][gc,heap     ] GC(62) Reclaimed:         -                  -               422M (41%)         489M (48%)            -                  -          
[102.437s][info][gc          ] GC(62) Garbage Collection (Proactive) 514M(50%)->34M(3%)
[104.010s][info][gc,start    ] GC(63) Garbage Collection (Proactive)
[104.010s][info][gc,task     ] GC(63) Using 10 workers
[104.010s][info][gc,phases   ] GC(63) Pause Mark Start 0.019ms
[104.025s][info][gc,phases   ] GC(63) Concurrent Mark 15.193ms
[104.025s][info][gc,phases   ] GC(63) Pause Mark End 0.019ms
[104.025s][info][gc,phases   ] GC(63) Concurrent Mark Free 0.002ms
[104.026s][info][gc,phases   ] GC(63) Concurrent Process Non-Strong References 0.553ms
[104.026s][info][gc,phases   ] GC(63) Concurrent Reset Relocation Set 0.006ms
[104.030s][info][gc,phases   ] GC(63) Concurrent Select Relocation Set 3.967ms
[104.030s][info][gc,phases   ] GC(63) Pause Relocate Start 0.005ms
[104.032s][info][gc,phases   ] GC(63) Concurrent Relocate 1.693ms
[104.032s][info][gc,load     ] GC(63) Load: 0.00/0.00/0.00
[104.032s][info][gc,mmu      ] GC(63) MMU: 2ms/98.6%, 5ms/99.4%, 10ms/99.6%, 20ms/99.8%, 50ms/99.9%, 100ms/99.9%
[104.032s][info][gc,marking  ] GC(63) Mark: 8 stripe(s), 6 proactive flush(es), 1 terminate flush(es), 0 completion(s), 0 continuation(s) 
[104.032s][info][gc,marking  ] GC(63) Mark Stack Usage: 32M
[104.032s][info][gc,nmethod  ] GC(63) NMethods: 648 registered, 39 unregistered
[104.032s][info][gc,metaspace] GC(63) Metaspace: 9M used, 9M committed, 1088M reserved
[104.032s][info][gc,ref      ] GC(63) Soft: 214 encountered, 0 discovered, 0 enqueued
[104.032s][info][gc,ref      ] GC(63) Weak: 809 encountered, 15 discovered, 0 enqueued
[104.032s][info][gc,ref      ] GC(63) Final: 0 encountered, 0 discovered, 0 enqueued
[104.032s][info][gc,ref      ] GC(63) Phantom: 27 encountered, 17 discovered, 0 enqueued
[104.032s][info][gc,reloc    ] GC(63) Small Pages: 262 / 524M, Empty: 464M, Relocated: 1M, In-Place: 0
[104.032s][info][gc,reloc    ] GC(63) Medium Pages: 0 / 0M, Empty: 0M, Relocated: 0M, In-Place: 0
[104.032s][info][gc,reloc    ] GC(63) Large Pages: 0 / 0M, Empty: 0M, Relocated: 0M, In-Place: 0
[104.032s][info][gc,reloc    ] GC(63) Forwarding Usage: 0M
[104.032s][info][gc,heap     ] GC(63) Min Capacity: 8M(1%)
[104.032s][info][gc,heap     ] GC(63) Max Capacity: 1024M(100%)
[104.032s][info][gc,heap     ] GC(63) Soft Max Capacity: 1024M(100%)
[104.033s][info][gc,heap     ] GC(63)                Mark Start          Mark End        Relocate Start      Relocate End           High               Low         
[104.033s][info][gc,heap     ] GC(63)  Capacity:     1024M (100%)       1024M (100%)       1024M (100%)       1024M (100%)       1024M (100%)       1024M (100%)   
[104.033s][info][gc,heap     ] GC(63)      Free:      500M (49%)         494M (48%)         956M (93%)         990M (97%)         990M (97%)         494M (48%)    
[104.033s][info][gc,heap     ] GC(63)      Used:      524M (51%)         530M (52%)          68M (7%)           34M (3%)          530M (52%)          34M (3%)     
[104.033s][info][gc,heap     ] GC(63)      Live:         -                 6M (1%)            6M (1%)            6M (1%)             -                  -          
[104.033s][info][gc,heap     ] GC(63) Allocated:         -                 6M (1%)            8M (1%)            7M (1%)             -                  -          
[104.033s][info][gc,heap     ] GC(63)   Garbage:         -               517M (51%)          53M (5%)           19M (2%)             -                  -          
[104.033s][info][gc,heap     ] GC(63) Reclaimed:         -                  -               464M (45%)         497M (49%)            -                  -          
[104.033s][info][gc          ] GC(63) Garbage Collection (Proactive) 524M(51%)->34M(3%)
[104.606s][info][gc,start    ] GC(64) Garbage Collection (System.gc())
[104.606s][info][gc,task     ] GC(64) Using 10 workers
[104.606s][info][gc,phases   ] GC(64) Pause Mark Start 0.013ms
[104.626s][info][gc,phases   ] GC(64) Concurrent Mark 20.472ms
[104.627s][info][gc,phases   ] GC(64) Pause Mark End 0.018ms
[104.627s][info][gc,phases   ] GC(64) Concurrent Mark Free 0.001ms
[104.627s][info][gc,phases   ] GC(64) Concurrent Process Non-Strong References 0.474ms
[104.627s][info][gc,phases   ] GC(64) Concurrent Reset Relocation Set 0.005ms
[104.632s][info][gc,phases   ] GC(64) Concurrent Select Relocation Set 4.357ms
[104.632s][info][gc,phases   ] GC(64) Pause Relocate Start 0.006ms
[104.635s][info][gc,phases   ] GC(64) Concurrent Relocate 3.084ms
[104.635s][info][gc,load     ] GC(64) Load: 0.00/0.00/0.00
[104.635s][info][gc,mmu      ] GC(64) MMU: 2ms/98.6%, 5ms/99.4%, 10ms/99.6%, 20ms/99.8%, 50ms/99.9%, 100ms/99.9%
[104.635s][info][gc,marking  ] GC(64) Mark: 8 stripe(s), 1 proactive flush(es), 1 terminate flush(es), 0 completion(s), 0 continuation(s) 
[104.635s][info][gc,marking  ] GC(64) Mark Stack Usage: 32M
[104.635s][info][gc,nmethod  ] GC(64) NMethods: 651 registered, 39 unregistered
[104.635s][info][gc,metaspace] GC(64) Metaspace: 9M used, 9M committed, 1088M reserved
[104.635s][info][gc,ref      ] GC(64) Soft: 214 encountered, 0 discovered, 0 enqueued
[104.635s][info][gc,ref      ] GC(64) Weak: 809 encountered, 16 discovered, 0 enqueued
[104.635s][info][gc,ref      ] GC(64) Final: 0 encountered, 0 discovered, 0 enqueued
[104.635s][info][gc,ref      ] GC(64) Phantom: 27 encountered, 17 discovered, 0 enqueued
[104.635s][info][gc,reloc    ] GC(64) Small Pages: 110 / 220M, Empty: 196M, Relocated: 1M, In-Place: 0
[104.635s][info][gc,reloc    ] GC(64) Medium Pages: 0 / 0M, Empty: 0M, Relocated: 0M, In-Place: 0
[104.635s][info][gc,reloc    ] GC(64) Large Pages: 0 / 0M, Empty: 0M, Relocated: 0M, In-Place: 0
[104.635s][info][gc,reloc    ] GC(64) Forwarding Usage: 0M
[104.635s][info][gc,heap     ] GC(64) Min Capacity: 8M(1%)
[104.635s][info][gc,heap     ] GC(64) Max Capacity: 1024M(100%)
[104.635s][info][gc,heap     ] GC(64) Soft Max Capacity: 1024M(100%)
[104.635s][info][gc,heap     ] GC(64)                Mark Start          Mark End        Relocate Start      Relocate End           High               Low         
[104.635s][info][gc,heap     ] GC(64)  Capacity:     1024M (100%)       1024M (100%)       1024M (100%)       1024M (100%)       1024M (100%)       1024M (100%)   
[104.635s][info][gc,heap     ] GC(64)      Free:      804M (79%)         804M (79%)        1000M (98%)        1000M (98%)        1000M (98%)         804M (79%)    
[104.635s][info][gc,heap     ] GC(64)      Used:      220M (21%)         220M (21%)          24M (2%)           24M (2%)          220M (21%)          24M (2%)     
[104.636s][info][gc,heap     ] GC(64)      Live:         -                 4M (0%)            4M (0%)            4M (0%)             -                  -          
[104.636s][info][gc,heap     ] GC(64) Allocated:         -                 0M (0%)            0M (0%)            0M (0%)             -                  -          
[104.636s][info][gc,heap     ] GC(64)   Garbage:         -               215M (21%)          19M (2%)           19M (2%)             -                  -          
[104.636s][info][gc,heap     ] GC(64) Reclaimed:         -                  -               196M (19%)         196M (19%)            -                  -          
[104.636s][info][gc          ] GC(64) Garbage Collection (System.gc()) 220M(21%)->24M(2%)
[106.508s][info][gc,start    ] GC(65) Garbage Collection (Proactive)
[106.508s][info][gc,task     ] GC(65) Using 10 workers
[106.508s][info][gc,phases   ] GC(65) Pause Mark Start 0.018ms
[106.524s][info][gc,phases   ] GC(65) Concurrent Mark 15.238ms
[106.524s][info][gc,phases   ] GC(65) Pause Mark End 0.021ms
[106.524s][info][gc,phases   ] GC(65) Concurrent Mark Free 0.001ms
[106.525s][info][gc,phases   ] GC(65) Concurrent Process Non-Strong References 0.567ms
[106.525s][info][gc,phases   ] GC(65) Concurrent Reset Relocation Set 0.003ms
[106.530s][info][gc,phases   ] GC(65) Concurrent Select Relocation Set 5.298ms
[106.530s][info][gc,phases   ] GC(65) Pause Relocate Start 0.006ms
[106.534s][info][gc,phases   ] GC(65) Concurrent Relocate 3.624ms
[106.534s][info][gc,load     ] GC(65) Load: 0.00/0.00/0.00
[106.534s][info][gc,mmu      ] GC(65) MMU: 2ms/98.6%, 5ms/99.4%, 10ms/99.6%, 20ms/99.8%, 50ms/99.9%, 100ms/99.9%
[106.534s][info][gc,marking  ] GC(65) Mark: 8 stripe(s), 2 proactive flush(es), 1 terminate flush(es), 0 completion(s), 0 continuation(s) 
[106.534s][info][gc,marking  ] GC(65) Mark Stack Usage: 32M
[106.534s][info][gc,nmethod  ] GC(65) NMethods: 651 registered, 39 unregistered
[106.534s][info][gc,metaspace] GC(65) Metaspace: 9M used, 9M committed, 1088M reserved
[106.534s][info][gc,ref      ] GC(65) Soft: 214 encountered, 0 discovered, 0 enqueued
[106.534s][info][gc,ref      ] GC(65) Weak: 809 encountered, 31 discovered, 0 enqueued
[106.534s][info][gc,ref      ] GC(65) Final: 0 encountered, 0 discovered, 0 enqueued
[106.534s][info][gc,ref      ] GC(65) Phantom: 27 encountered, 22 discovered, 0 enqueued
[106.534s][info][gc,reloc    ] GC(65) Small Pages: 305 / 610M, Empty: 416M, Relocated: 3M, In-Place: 0
[106.534s][info][gc,reloc    ] GC(65) Medium Pages: 0 / 0M, Empty: 0M, Relocated: 0M, In-Place: 0
[106.534s][info][gc,reloc    ] GC(65) Large Pages: 0 / 0M, Empty: 0M, Relocated: 0M, In-Place: 0
[106.534s][info][gc,reloc    ] GC(65) Forwarding Usage: 1M
[106.534s][info][gc,heap     ] GC(65) Min Capacity: 8M(1%)
[106.535s][info][gc,heap     ] GC(65) Max Capacity: 1024M(100%)
[106.535s][info][gc,heap     ] GC(65) Soft Max Capacity: 1024M(100%)
[106.535s][info][gc,heap     ] GC(65)                Mark Start          Mark End        Relocate Start      Relocate End           High               Low         
[106.535s][info][gc,heap     ] GC(65)  Capacity:     1024M (100%)       1024M (100%)       1024M (100%)       1024M (100%)       1024M (100%)       1024M (100%)   
[106.535s][info][gc,heap     ] GC(65)      Free:      414M (40%)         408M (40%)         822M (80%)         990M (97%)         990M (97%)         408M (40%)    
[106.535s][info][gc,heap     ] GC(65)      Used:      610M (60%)         616M (60%)         202M (20%)          34M (3%)          616M (60%)          34M (3%)     
[106.535s][info][gc,heap     ] GC(65)      Live:         -                 6M (1%)            6M (1%)            6M (1%)             -                  -          
[106.535s][info][gc,heap     ] GC(65) Allocated:         -                 6M (1%)            8M (1%)            9M (1%)             -                  -          
[106.535s][info][gc,heap     ] GC(65)   Garbage:         -               603M (59%)         187M (18%)          17M (2%)             -                  -          
[106.535s][info][gc,heap     ] GC(65) Reclaimed:         -                  -               416M (41%)         585M (57%)            -                  -          
[106.535s][info][gc          ] GC(65) Garbage Collection (Proactive) 610M(60%)->34M(3%)
[108.200s][info][gc,start    ] GC(66) Garbage Collection (Proactive)
[108.200s][info][gc,task     ] GC(66) Using 10 workers
[108.201s][info][gc,phases   ] GC(66) Pause Mark Start 0.017ms
[108.216s][info][gc,phases   ] GC(66) Concurrent Mark 15.230ms
[108.216s][info][gc,phases   ] GC(66) Pause Mark End 0.023ms
[108.216s][info][gc,phases   ] GC(66) Concurrent Mark Free 0.001ms
[108.217s][info][gc,phases   ] GC(66) Concurrent Process Non-Strong References 0.557ms
[108.217s][info][gc,phases   ] GC(66) Concurrent Reset Relocation Set 0.015ms
[108.223s][info][gc,phases   ] GC(66) Concurrent Select Relocation Set 5.934ms
[108.223s][info][gc,phases   ] GC(66) Pause Relocate Start 0.008ms
[108.227s][info][gc,phases   ] GC(66) Concurrent Relocate 3.481ms
[108.227s][info][gc,load     ] GC(66) Load: 0.00/0.00/0.00
[108.227s][info][gc,mmu      ] GC(66) MMU: 2ms/98.6%, 5ms/99.4%, 10ms/99.6%, 20ms/99.8%, 50ms/99.9%, 100ms/99.9%
[108.227s][info][gc,marking  ] GC(66) Mark: 8 stripe(s), 2 proactive flush(es), 1 terminate flush(es), 0 completion(s), 0 continuation(s) 
[108.227s][info][gc,marking  ] GC(66) Mark Stack Usage: 32M
[108.227s][info][gc,nmethod  ] GC(66) NMethods: 651 registered, 39 unregistered
[108.227s][info][gc,metaspace] GC(66) Metaspace: 9M used, 9M committed, 1088M reserved
[108.227s][info][gc,ref      ] GC(66) Soft: 214 encountered, 0 discovered, 0 enqueued
[108.227s][info][gc,ref      ] GC(66) Weak: 809 encountered, 44 discovered, 0 enqueued
[108.227s][info][gc,ref      ] GC(66) Final: 0 encountered, 0 discovered, 0 enqueued
[108.227s][info][gc,ref      ] GC(66) Phantom: 27 encountered, 20 discovered, 0 enqueued
[108.227s][info][gc,reloc    ] GC(66) Small Pages: 290 / 580M, Empty: 478M, Relocated: 3M, In-Place: 0
[108.227s][info][gc,reloc    ] GC(66) Medium Pages: 0 / 0M, Empty: 0M, Relocated: 0M, In-Place: 0
[108.227s][info][gc,reloc    ] GC(66) Large Pages: 0 / 0M, Empty: 0M, Relocated: 0M, In-Place: 0
[108.227s][info][gc,reloc    ] GC(66) Forwarding Usage: 1M
[108.227s][info][gc,heap     ] GC(66) Min Capacity: 8M(1%)
[108.227s][info][gc,heap     ] GC(66) Max Capacity: 1024M(100%)
[108.227s][info][gc,heap     ] GC(66) Soft Max Capacity: 1024M(100%)
[108.227s][info][gc,heap     ] GC(66)                Mark Start          Mark End        Relocate Start      Relocate End           High               Low         
[108.227s][info][gc,heap     ] GC(66)  Capacity:     1024M (100%)       1024M (100%)       1024M (100%)       1024M (100%)       1024M (100%)       1024M (100%)   
[108.227s][info][gc,heap     ] GC(66)      Free:      444M (43%)         438M (43%)         914M (89%)         992M (97%)         992M (97%)         438M (43%)    
[108.227s][info][gc,heap     ] GC(66)      Used:      580M (57%)         586M (57%)         110M (11%)          32M (3%)          586M (57%)          32M (3%)     
[108.227s][info][gc,heap     ] GC(66)      Live:         -                 6M (1%)            6M (1%)            6M (1%)             -                  -          
[108.227s][info][gc,heap     ] GC(66) Allocated:         -                 6M (1%)            8M (1%)            7M (1%)             -                  -          
[108.227s][info][gc,heap     ] GC(66)   Garbage:         -               573M (56%)          95M (9%)           17M (2%)             -                  -          
[108.228s][info][gc,heap     ] GC(66) Reclaimed:         -                  -               478M (47%)         555M (54%)            -                  -          
[108.228s][info][gc          ] GC(66) Garbage Collection (Proactive) 580M(57%)->32M(3%)
[109.908s][info][gc,start    ] GC(67) Garbage Collection (Proactive)
[109.908s][info][gc,task     ] GC(67) Using 10 workers
[109.909s][info][gc,phases   ] GC(67) Pause Mark Start 0.019ms
[109.924s][info][gc,phases   ] GC(67) Concurrent Mark 15.162ms
[109.924s][info][gc,phases   ] GC(67) Pause Mark End 0.026ms
[109.924s][info][gc,phases   ] GC(67) Concurrent Mark Free 0.001ms
[109.925s][info][gc,phases   ] GC(67) Concurrent Process Non-Strong References 0.532ms
[109.925s][info][gc,phases   ] GC(67) Concurrent Reset Relocation Set 0.008ms
[109.929s][info][gc,phases   ] GC(67) Concurrent Select Relocation Set 3.824ms
[109.929s][info][gc,phases   ] GC(67) Pause Relocate Start 0.010ms
[109.933s][info][gc,phases   ] GC(67) Concurrent Relocate 3.767ms
[109.933s][info][gc,load     ] GC(67) Load: 0.00/0.00/0.00
[109.933s][info][gc,mmu      ] GC(67) MMU: 2ms/98.6%, 5ms/99.3%, 10ms/99.6%, 20ms/99.8%, 50ms/99.9%, 100ms/99.9%
[109.933s][info][gc,marking  ] GC(67) Mark: 8 stripe(s), 2 proactive flush(es), 1 terminate flush(es), 0 completion(s), 0 continuation(s) 
[109.933s][info][gc,marking  ] GC(67) Mark Stack Usage: 32M
[109.933s][info][gc,nmethod  ] GC(67) NMethods: 651 registered, 39 unregistered
[109.933s][info][gc,metaspace] GC(67) Metaspace: 9M used, 9M committed, 1088M reserved
[109.933s][info][gc,ref      ] GC(67) Soft: 214 encountered, 0 discovered, 0 enqueued
[109.933s][info][gc,ref      ] GC(67) Weak: 809 encountered, 17 discovered, 0 enqueued
[109.933s][info][gc,ref      ] GC(67) Final: 0 encountered, 0 discovered, 0 enqueued
[109.933s][info][gc,ref      ] GC(67) Phantom: 27 encountered, 16 discovered, 0 enqueued
[109.933s][info][gc,reloc    ] GC(67) Small Pages: 287 / 574M, Empty: 482M, Relocated: 3M, In-Place: 0
[109.933s][info][gc,reloc    ] GC(67) Medium Pages: 0 / 0M, Empty: 0M, Relocated: 0M, In-Place: 0
[109.933s][info][gc,reloc    ] GC(67) Large Pages: 0 / 0M, Empty: 0M, Relocated: 0M, In-Place: 0
[109.933s][info][gc,reloc    ] GC(67) Forwarding Usage: 1M
[109.933s][info][gc,heap     ] GC(67) Min Capacity: 8M(1%)
[109.933s][info][gc,heap     ] GC(67) Max Capacity: 1024M(100%)
[109.933s][info][gc,heap     ] GC(67) Soft Max Capacity: 1024M(100%)
[109.933s][info][gc,heap     ] GC(67)                Mark Start          Mark End        Relocate Start      Relocate End           High               Low         
[109.933s][info][gc,heap     ] GC(67)  Capacity:     1024M (100%)       1024M (100%)       1024M (100%)       1024M (100%)       1024M (100%)       1024M (100%)   
[109.933s][info][gc,heap     ] GC(67)      Free:      450M (44%)         444M (43%)         924M (90%)         992M (97%)         992M (97%)         444M (43%)    
[109.933s][info][gc,heap     ] GC(67)      Used:      574M (56%)         580M (57%)         100M (10%)          32M (3%)          580M (57%)          32M (3%)     
[109.933s][info][gc,heap     ] GC(67)      Live:         -                 6M (1%)            6M (1%)            6M (1%)             -                  -          
[109.933s][info][gc,heap     ] GC(67) Allocated:         -                 6M (1%)            8M (1%)            7M (1%)             -                  -          
[109.933s][info][gc,heap     ] GC(67)   Garbage:         -               567M (55%)          85M (8%)           17M (2%)             -                  -          
[109.933s][info][gc,heap     ] GC(67) Reclaimed:         -                  -               482M (47%)         549M (54%)            -                  -          
[109.933s][info][gc          ] GC(67) Garbage Collection (Proactive) 574M(56%)->32M(3%)
[110.111s][info][gc,stats    ] === Garbage Collection Statistics =======================================================================================================================
[110.111s][info][gc,stats    ]                                                              Last 10s              Last 10m              Last 10h                Total
[110.111s][info][gc,stats    ]                                                              Avg / Max             Avg / Max             Avg / Max             Avg / Max
[110.112s][info][gc,stats    ]   Collector: Garbage Collection Cycle                     25.748 / 29.255       28.681 / 78.390       28.681 / 78.390       28.681 / 78.390      ms
[110.112s][info][gc,stats    ]  Contention: Mark Segment Reset Contention                     0 / 2                 0 / 5                 0 / 5                 0 / 5           ops/s
[110.112s][info][gc,stats    ]  Contention: Mark SeqNum Reset Contention                      0 / 2                 0 / 2                 0 / 2                 0 / 2           ops/s
[110.112s][info][gc,stats    ]    Critical: Allocation Stall                                  0 / 0                 0 / 0                 0 / 0                 0 / 0           ops/s
[110.112s][info][gc,stats    ]    Critical: Allocation Stall                              0.000 / 0.000         0.000 / 0.000         0.000 / 0.000         0.000 / 0.000       ms
[110.112s][info][gc,stats    ]    Critical: GC Locker Stall                                   0 / 0                 0 / 0                 0 / 0                 0 / 0           ops/s
[110.112s][info][gc,stats    ]    Critical: GC Locker Stall                               0.000 / 0.000         0.000 / 0.000         0.000 / 0.000         0.000 / 0.000       ms
[110.112s][info][gc,stats    ]    Critical: Relocation Stall                                  0 / 0                 0 / 0                 0 / 0                 0 / 0           ops/s
[110.112s][info][gc,stats    ]    Critical: Relocation Stall                              0.000 / 0.000         0.000 / 0.000         0.000 / 0.000         0.000 / 0.000       ms
[110.112s][info][gc,stats    ]      Memory: Allocation Rate                                 324 / 332             317 / 340             317 / 340             317 / 340         MB/s
[110.112s][info][gc,stats    ]      Memory: Defragment                                        0 / 0                 0 / 0                 0 / 0                 0 / 0           ops/s
[110.112s][info][gc,stats    ]      Memory: Out Of Memory                                     0 / 0                 0 / 0                 0 / 0                 0 / 0           ops/s
[110.112s][info][gc,stats    ]      Memory: Page Cache Flush                                  0 / 0                 0 / 0                 0 / 0                 0 / 0           MB/s
[110.112s][info][gc,stats    ]      Memory: Page Cache Hit L1                               169 / 175             160 / 179             160 / 179             160 / 179         ops/s
[110.112s][info][gc,stats    ]      Memory: Page Cache Hit L2                                 0 / 0                 0 / 0                 0 / 0                 0 / 0           ops/s
[110.112s][info][gc,stats    ]      Memory: Page Cache Hit L3                                 0 / 0                 3 / 103               3 / 103               3 / 103         ops/s
[110.112s][info][gc,stats    ]      Memory: Page Cache Miss                                   0 / 0                 0 / 1                 0 / 1                 0 / 1           ops/s
[110.112s][info][gc,stats    ]      Memory: Uncommit                                          0 / 0                 0 / 0                 0 / 0                 0 / 0           MB/s
[110.112s][info][gc,stats    ]      Memory: Undo Object Allocation Failed                     0 / 2                 0 / 4                 0 / 4                 0 / 4           ops/s
[110.112s][info][gc,stats    ]      Memory: Undo Object Allocation Succeeded                  0 / 3                 0 / 4                 0 / 4                 0 / 4           ops/s
[110.112s][info][gc,stats    ]      Memory: Undo Page Allocation                              2 / 6                 1 / 6                 1 / 6                 1 / 6           ops/s
[110.112s][info][gc,stats    ]       Phase: Concurrent Mark                              15.919 / 20.472       16.175 / 34.706       16.175 / 34.706       16.175 / 34.706      ms
[110.112s][info][gc,stats    ]       Phase: Concurrent Mark Continue                      0.000 / 0.000         0.000 / 0.000         0.000 / 0.000         0.000 / 0.000       ms
[110.112s][info][gc,stats    ]       Phase: Concurrent Mark Free                          0.001 / 0.002         0.001 / 0.002         0.001 / 0.002         0.001 / 0.002       ms
[110.112s][info][gc,stats    ]       Phase: Concurrent Process Non-Strong References      0.536 / 0.567         1.532 / 7.426         1.532 / 7.426         1.532 / 7.426       ms
[110.112s][info][gc,stats    ]       Phase: Concurrent Relocate                           3.409 / 4.576         3.664 / 12.244        3.664 / 12.244        3.664 / 12.244      ms
[110.112s][info][gc,stats    ]       Phase: Concurrent Reset Relocation Set               0.008 / 0.015         0.008 / 0.015         0.008 / 0.015         0.008 / 0.015       ms
[110.112s][info][gc,stats    ]       Phase: Concurrent Select Relocation Set              4.745 / 5.934         5.064 / 14.229        5.064 / 14.229        5.064 / 14.229      ms
[110.112s][info][gc,stats    ]       Phase: Pause Mark End                                0.021 / 0.026         0.020 / 0.027         0.020 / 0.027         0.020 / 0.027       ms
[110.113s][info][gc,stats    ]       Phase: Pause Mark Start                              0.017 / 0.019         0.017 / 0.029         0.017 / 0.029         0.017 / 0.029       ms
[110.113s][info][gc,stats    ]       Phase: Pause Relocate Start                          0.006 / 0.010         0.008 / 0.014         0.008 / 0.014         0.008 / 0.014       ms
[110.113s][info][gc,stats    ]    Subphase: Concurrent Classes Purge                      0.005 / 0.006         0.125 / 5.468         0.125 / 5.468         0.125 / 5.468       ms
[110.113s][info][gc,stats    ]    Subphase: Concurrent Classes Unlink                     0.248 / 0.264         1.043 / 5.860         1.043 / 5.860         1.043 / 5.860       ms
[110.113s][info][gc,stats    ]    Subphase: Concurrent Mark                              12.162 / 19.440       12.727 / 31.718       12.727 / 31.718       12.727 / 31.718      ms
[110.113s][info][gc,stats    ]    Subphase: Concurrent Mark Try Flush                     0.072 / 0.107         0.071 / 0.242         0.071 / 0.242         0.071 / 0.242       ms
[110.113s][info][gc,stats    ]    Subphase: Concurrent Mark Try Terminate                 7.539 / 16.276        7.173 / 17.080        7.173 / 17.080        7.173 / 17.080      ms
[110.113s][info][gc,stats    ]    Subphase: Concurrent References Enqueue                 0.000 / 0.001         0.001 / 0.005         0.001 / 0.005         0.001 / 0.005       ms
[110.113s][info][gc,stats    ]    Subphase: Concurrent References Process                 0.045 / 0.083         0.044 / 0.088         0.044 / 0.088         0.044 / 0.088       ms
[110.113s][info][gc,stats    ]    Subphase: Concurrent Roots ClassLoaderDataGraph         0.069 / 0.466         0.093 / 0.868         0.093 / 0.868         0.093 / 0.868       ms
[110.113s][info][gc,stats    ]    Subphase: Concurrent Roots CodeCache                    0.000 / 0.000         0.000 / 0.000         0.000 / 0.000         0.000 / 0.000       ms
[110.113s][info][gc,stats    ]    Subphase: Concurrent Roots JavaThreads                  0.495 / 0.991         0.526 / 2.549         0.526 / 2.549         0.526 / 2.549       ms
[110.113s][info][gc,stats    ]    Subphase: Concurrent Roots OopStorageSet                0.015 / 0.051         0.019 / 0.219         0.019 / 0.219         0.019 / 0.219       ms
[110.113s][info][gc,stats    ]    Subphase: Concurrent Weak Roots OopStorageSet           0.127 / 0.149         0.145 / 1.443         0.145 / 1.443         0.145 / 1.443       ms
[110.113s][info][gc,stats    ]    Subphase: Pause Mark Try Complete                       0.000 / 0.000         0.000 / 0.000         0.000 / 0.000         0.000 / 0.000       ms
[110.113s][info][gc,stats    ]      System: Java Threads                                     35 / 36               33 / 41               33 / 41               33 / 41          threads
[110.113s][info][gc,stats    ] =========================================================================================================================================================
[111.406s][info][gc,start    ] GC(68) Garbage Collection (Proactive)
[111.406s][info][gc,task     ] GC(68) Using 10 workers
[111.406s][info][gc,phases   ] GC(68) Pause Mark Start 0.018ms
[111.422s][info][gc,phases   ] GC(68) Concurrent Mark 15.153ms
[111.422s][info][gc,phases   ] GC(68) Pause Mark End 0.027ms
[111.422s][info][gc,phases   ] GC(68) Concurrent Mark Free 0.001ms
[111.423s][info][gc,phases   ] GC(68) Concurrent Process Non-Strong References 0.582ms
[111.423s][info][gc,phases   ] GC(68) Concurrent Reset Relocation Set 0.008ms
[111.429s][info][gc,phases   ] GC(68) Concurrent Select Relocation Set 6.004ms
[111.429s][info][gc,phases   ] GC(68) Pause Relocate Start 0.009ms
[111.433s][info][gc,phases   ] GC(68) Concurrent Relocate 3.724ms
[111.433s][info][gc,load     ] GC(68) Load: 0.00/0.00/0.00
[111.433s][info][gc,mmu      ] GC(68) MMU: 2ms/98.6%, 5ms/99.3%, 10ms/99.6%, 20ms/99.8%, 50ms/99.9%, 100ms/99.9%
[111.433s][info][gc,marking  ] GC(68) Mark: 8 stripe(s), 2 proactive flush(es), 1 terminate flush(es), 0 completion(s), 0 continuation(s) 
[111.433s][info][gc,marking  ] GC(68) Mark Stack Usage: 32M
[111.433s][info][gc,nmethod  ] GC(68) NMethods: 649 registered, 42 unregistered
[111.433s][info][gc,metaspace] GC(68) Metaspace: 9M used, 9M committed, 1088M reserved
[111.433s][info][gc,ref      ] GC(68) Soft: 214 encountered, 0 discovered, 0 enqueued
[111.433s][info][gc,ref      ] GC(68) Weak: 809 encountered, 80 discovered, 0 enqueued
[111.433s][info][gc,ref      ] GC(68) Final: 0 encountered, 0 discovered, 0 enqueued
[111.433s][info][gc,ref      ] GC(68) Phantom: 27 encountered, 15 discovered, 0 enqueued
[111.433s][info][gc,reloc    ] GC(68) Small Pages: 255 / 510M, Empty: 384M, Relocated: 3M, In-Place: 0
[111.433s][info][gc,reloc    ] GC(68) Medium Pages: 0 / 0M, Empty: 0M, Relocated: 0M, In-Place: 0
[111.433s][info][gc,reloc    ] GC(68) Large Pages: 0 / 0M, Empty: 0M, Relocated: 0M, In-Place: 0
[111.433s][info][gc,reloc    ] GC(68) Forwarding Usage: 1M
[111.433s][info][gc,heap     ] GC(68) Min Capacity: 8M(1%)
[111.433s][info][gc,heap     ] GC(68) Max Capacity: 1024M(100%)
[111.433s][info][gc,heap     ] GC(68) Soft Max Capacity: 1024M(100%)
[111.433s][info][gc,heap     ] GC(68)                Mark Start          Mark End        Relocate Start      Relocate End           High               Low         
[111.433s][info][gc,heap     ] GC(68)  Capacity:     1024M (100%)       1024M (100%)       1024M (100%)       1024M (100%)       1024M (100%)       1024M (100%)   
[111.433s][info][gc,heap     ] GC(68)      Free:      514M (50%)         508M (50%)         890M (87%)         990M (97%)         990M (97%)         506M (49%)    
[111.433s][info][gc,heap     ] GC(68)      Used:      510M (50%)         516M (50%)         134M (13%)          34M (3%)          518M (51%)          34M (3%)     
[111.433s][info][gc,heap     ] GC(68)      Live:         -                 6M (1%)            6M (1%)            6M (1%)             -                  -          
[111.433s][info][gc,heap     ] GC(68) Allocated:         -                 6M (1%)            8M (1%)            9M (1%)             -                  -          
[111.433s][info][gc,heap     ] GC(68)   Garbage:         -               503M (49%)         119M (12%)          17M (2%)             -                  -          
[111.433s][info][gc,heap     ] GC(68) Reclaimed:         -                  -               384M (38%)         485M (47%)            -                  -          
[111.433s][info][gc          ] GC(68) Garbage Collection (Proactive) 510M(50%)->34M(3%)
[111.444s][info][gc,start    ] GC(69) Garbage Collection (System.gc())
[111.444s][info][gc,task     ] GC(69) Using 10 workers
[111.444s][info][gc,phases   ] GC(69) Pause Mark Start 0.009ms
[111.453s][info][gc,phases   ] GC(69) Concurrent Mark 9.096ms
[111.453s][info][gc,phases   ] GC(69) Pause Mark End 0.015ms
[111.453s][info][gc,phases   ] GC(69) Concurrent Mark Free 0.001ms
[111.454s][info][gc,phases   ] GC(69) Concurrent Process Non-Strong References 0.492ms
[111.454s][info][gc,phases   ] GC(69) Concurrent Reset Relocation Set 0.009ms
[111.458s][info][gc,phases   ] GC(69) Concurrent Select Relocation Set 3.858ms
[111.458s][info][gc,phases   ] GC(69) Pause Relocate Start 0.009ms
[111.461s][info][gc,phases   ] GC(69) Concurrent Relocate 3.066ms
[111.461s][info][gc,load     ] GC(69) Load: 0.00/0.00/0.00
[111.461s][info][gc,mmu      ] GC(69) MMU: 2ms/98.6%, 5ms/99.3%, 10ms/99.6%, 20ms/99.8%, 50ms/99.8%, 100ms/99.9%
[111.461s][info][gc,marking  ] GC(69) Mark: 8 stripe(s), 2 proactive flush(es), 1 terminate flush(es), 0 completion(s), 0 continuation(s) 
[111.461s][info][gc,marking  ] GC(69) Mark Stack Usage: 32M
[111.461s][info][gc,nmethod  ] GC(69) NMethods: 652 registered, 42 unregistered
[111.461s][info][gc,metaspace] GC(69) Metaspace: 9M used, 9M committed, 1088M reserved
[111.461s][info][gc,ref      ] GC(69) Soft: 214 encountered, 0 discovered, 0 enqueued
[111.461s][info][gc,ref      ] GC(69) Weak: 809 encountered, 32 discovered, 0 enqueued
[111.461s][info][gc,ref      ] GC(69) Final: 0 encountered, 0 discovered, 0 enqueued
[111.461s][info][gc,ref      ] GC(69) Phantom: 27 encountered, 23 discovered, 0 enqueued
[111.461s][info][gc,reloc    ] GC(69) Small Pages: 18 / 36M, Empty: 20M, Relocated: 1M, In-Place: 0
[111.461s][info][gc,reloc    ] GC(69) Medium Pages: 0 / 0M, Empty: 0M, Relocated: 0M, In-Place: 0
[111.461s][info][gc,reloc    ] GC(69) Large Pages: 0 / 0M, Empty: 0M, Relocated: 0M, In-Place: 0
[111.461s][info][gc,reloc    ] GC(69) Forwarding Usage: 0M
[111.461s][info][gc,heap     ] GC(69) Min Capacity: 8M(1%)
[111.461s][info][gc,heap     ] GC(69) Max Capacity: 1024M(100%)
[111.461s][info][gc,heap     ] GC(69) Soft Max Capacity: 1024M(100%)
[111.461s][info][gc,heap     ] GC(69)                Mark Start          Mark End        Relocate Start      Relocate End           High               Low         
[111.461s][info][gc,heap     ] GC(69)  Capacity:     1024M (100%)       1024M (100%)       1024M (100%)       1024M (100%)       1024M (100%)       1024M (100%)   
[111.461s][info][gc,heap     ] GC(69)      Free:      988M (96%)         988M (96%)        1008M (98%)        1008M (98%)        1008M (98%)         988M (96%)    
[111.461s][info][gc,heap     ] GC(69)      Used:       36M (4%)           36M (4%)           16M (2%)           16M (2%)           36M (4%)           16M (2%)     
[111.461s][info][gc,heap     ] GC(69)      Live:         -                 4M (0%)            4M (0%)            4M (0%)             -                  -          
[111.462s][info][gc,heap     ] GC(69) Allocated:         -                 0M (0%)            0M (0%)            0M (0%)             -                  -          
[111.462s][info][gc,heap     ] GC(69)   Garbage:         -                31M (3%)           11M (1%)           11M (1%)             -                  -          
[111.462s][info][gc,heap     ] GC(69) Reclaimed:         -                  -                20M (2%)           20M (2%)             -                  -          
[111.462s][info][gc          ] GC(69) Garbage Collection (System.gc()) 36M(4%)->16M(2%)
[113.208s][info][gc,start    ] GC(70) Garbage Collection (Proactive)
[113.208s][info][gc,task     ] GC(70) Using 10 workers
[113.208s][info][gc,phases   ] GC(70) Pause Mark Start 0.017ms
[113.223s][info][gc,phases   ] GC(70) Concurrent Mark 15.227ms
[113.224s][info][gc,phases   ] GC(70) Pause Mark End 0.021ms
[113.224s][info][gc,phases   ] GC(70) Concurrent Mark Free 0.001ms
[113.224s][info][gc,phases   ] GC(70) Concurrent Process Non-Strong References 0.552ms
[113.224s][info][gc,phases   ] GC(70) Concurrent Reset Relocation Set 0.002ms
[113.230s][info][gc,phases   ] GC(70) Concurrent Select Relocation Set 5.656ms
[113.230s][info][gc,phases   ] GC(70) Pause Relocate Start 0.010ms
[113.234s][info][gc,phases   ] GC(70) Concurrent Relocate 3.754ms
[113.234s][info][gc,load     ] GC(70) Load: 0.00/0.00/0.00
[113.234s][info][gc,mmu      ] GC(70) MMU: 2ms/98.6%, 5ms/99.3%, 10ms/99.6%, 20ms/99.8%, 50ms/99.8%, 100ms/99.9%
[113.234s][info][gc,marking  ] GC(70) Mark: 8 stripe(s), 2 proactive flush(es), 1 terminate flush(es), 0 completion(s), 0 continuation(s) 
[113.234s][info][gc,marking  ] GC(70) Mark Stack Usage: 32M
[113.234s][info][gc,nmethod  ] GC(70) NMethods: 652 registered, 42 unregistered
[113.234s][info][gc,metaspace] GC(70) Metaspace: 9M used, 9M committed, 1088M reserved
[113.234s][info][gc,ref      ] GC(70) Soft: 214 encountered, 0 discovered, 0 enqueued
[113.234s][info][gc,ref      ] GC(70) Weak: 809 encountered, 20 discovered, 0 enqueued
[113.234s][info][gc,ref      ] GC(70) Final: 0 encountered, 0 discovered, 0 enqueued
[113.234s][info][gc,ref      ] GC(70) Phantom: 27 encountered, 19 discovered, 0 enqueued
[113.234s][info][gc,reloc    ] GC(70) Small Pages: 291 / 582M, Empty: 420M, Relocated: 3M, In-Place: 0
[113.234s][info][gc,reloc    ] GC(70) Medium Pages: 0 / 0M, Empty: 0M, Relocated: 0M, In-Place: 0
[113.234s][info][gc,reloc    ] GC(70) Large Pages: 0 / 0M, Empty: 0M, Relocated: 0M, In-Place: 0
[113.234s][info][gc,reloc    ] GC(70) Forwarding Usage: 1M
[113.234s][info][gc,heap     ] GC(70) Min Capacity: 8M(1%)
[113.234s][info][gc,heap     ] GC(70) Max Capacity: 1024M(100%)
[113.234s][info][gc,heap     ] GC(70) Soft Max Capacity: 1024M(100%)
[113.235s][info][gc,heap     ] GC(70)                Mark Start          Mark End        Relocate Start      Relocate End           High               Low         
[113.235s][info][gc,heap     ] GC(70)  Capacity:     1024M (100%)       1024M (100%)       1024M (100%)       1024M (100%)       1024M (100%)       1024M (100%)   
[113.235s][info][gc,heap     ] GC(70)      Free:      442M (43%)         436M (43%)         854M (83%)         990M (97%)         990M (97%)         434M (42%)    
[113.235s][info][gc,heap     ] GC(70)      Used:      582M (57%)         588M (57%)         170M (17%)          34M (3%)          590M (58%)          34M (3%)     
[113.235s][info][gc,heap     ] GC(70)      Live:         -                 6M (1%)            6M (1%)            6M (1%)             -                  -          
[113.235s][info][gc,heap     ] GC(70) Allocated:         -                 6M (1%)            8M (1%)            9M (1%)             -                  -          
[113.235s][info][gc,heap     ] GC(70)   Garbage:         -               575M (56%)         155M (15%)          17M (2%)             -                  -          
[113.235s][info][gc,heap     ] GC(70) Reclaimed:         -                  -               420M (41%)         557M (54%)            -                  -          
[113.235s][info][gc          ] GC(70) Garbage Collection (Proactive) 582M(57%)->34M(3%)
[115.103s][info][gc,start    ] GC(71) Garbage Collection (Proactive)
[115.103s][info][gc,task     ] GC(71) Using 10 workers
[115.103s][info][gc,phases   ] GC(71) Pause Mark Start 0.017ms
[115.112s][info][gc,phases   ] GC(71) Concurrent Mark 8.763ms
[115.112s][info][gc,phases   ] GC(71) Pause Mark End 0.021ms
[115.113s][info][gc,phases   ] GC(71) Concurrent Mark Free 0.001ms
[115.113s][info][gc,phases   ] GC(71) Concurrent Process Non-Strong References 0.541ms
[115.113s][info][gc,phases   ] GC(71) Concurrent Reset Relocation Set 0.014ms
[115.117s][info][gc,phases   ] GC(71) Concurrent Select Relocation Set 4.007ms
[115.117s][info][gc,phases   ] GC(71) Pause Relocate Start 0.010ms
[115.121s][info][gc,phases   ] GC(71) Concurrent Relocate 3.755ms
[115.121s][info][gc,load     ] GC(71) Load: 0.00/0.00/0.00
[115.121s][info][gc,mmu      ] GC(71) MMU: 2ms/98.6%, 5ms/99.3%, 10ms/99.6%, 20ms/99.8%, 50ms/99.8%, 100ms/99.9%
[115.121s][info][gc,marking  ] GC(71) Mark: 8 stripe(s), 4 proactive flush(es), 1 terminate flush(es), 0 completion(s), 0 continuation(s) 
[115.121s][info][gc,marking  ] GC(71) Mark Stack Usage: 32M
[115.121s][info][gc,nmethod  ] GC(71) NMethods: 652 registered, 43 unregistered
[115.122s][info][gc,metaspace] GC(71) Metaspace: 9M used, 9M committed, 1088M reserved
[115.122s][info][gc,ref      ] GC(71) Soft: 214 encountered, 0 discovered, 0 enqueued
[115.122s][info][gc,ref      ] GC(71) Weak: 809 encountered, 6 discovered, 0 enqueued
[115.122s][info][gc,ref      ] GC(71) Final: 0 encountered, 0 discovered, 0 enqueued
[115.122s][info][gc,ref      ] GC(71) Phantom: 27 encountered, 19 discovered, 0 enqueued
[115.122s][info][gc,reloc    ] GC(71) Small Pages: 319 / 638M, Empty: 474M, Relocated: 3M, In-Place: 0
[115.122s][info][gc,reloc    ] GC(71) Medium Pages: 0 / 0M, Empty: 0M, Relocated: 0M, In-Place: 0
[115.122s][info][gc,reloc    ] GC(71) Large Pages: 0 / 0M, Empty: 0M, Relocated: 0M, In-Place: 0
[115.122s][info][gc,reloc    ] GC(71) Forwarding Usage: 1M
[115.122s][info][gc,heap     ] GC(71) Min Capacity: 8M(1%)
[115.122s][info][gc,heap     ] GC(71) Max Capacity: 1024M(100%)
[115.122s][info][gc,heap     ] GC(71) Soft Max Capacity: 1024M(100%)
[115.122s][info][gc,heap     ] GC(71)                Mark Start          Mark End        Relocate Start      Relocate End           High               Low         
[115.122s][info][gc,heap     ] GC(71)  Capacity:     1024M (100%)       1024M (100%)       1024M (100%)       1024M (100%)       1024M (100%)       1024M (100%)   
[115.122s][info][gc,heap     ] GC(71)      Free:      386M (38%)         382M (37%)         854M (83%)         992M (97%)         992M (97%)         382M (37%)    
[115.122s][info][gc,heap     ] GC(71)      Used:      638M (62%)         642M (63%)         170M (17%)          32M (3%)          642M (63%)          32M (3%)     
[115.122s][info][gc,heap     ] GC(71)      Live:         -                 6M (1%)            6M (1%)            6M (1%)             -                  -          
[115.122s][info][gc,heap     ] GC(71) Allocated:         -                 4M (0%)            6M (1%)            7M (1%)             -                  -          
[115.122s][info][gc,heap     ] GC(71)   Garbage:         -               631M (62%)         157M (15%)          17M (2%)             -                  -          
[115.122s][info][gc,heap     ] GC(71) Reclaimed:         -                  -               474M (46%)         613M (60%)            -                  -          
[115.122s][info][gc          ] GC(71) Garbage Collection (Proactive) 638M(62%)->32M(3%)
[116.701s][info][gc,start    ] GC(72) Garbage Collection (Proactive)
[116.702s][info][gc,task     ] GC(72) Using 10 workers
[116.702s][info][gc,phases   ] GC(72) Pause Mark Start 0.019ms
[116.717s][info][gc,phases   ] GC(72) Concurrent Mark 15.182ms
[116.717s][info][gc,phases   ] GC(72) Pause Mark End 0.024ms
[116.717s][info][gc,phases   ] GC(72) Concurrent Mark Free 0.002ms
[116.718s][info][gc,phases   ] GC(72) Concurrent Process Non-Strong References 0.575ms
[116.718s][info][gc,phases   ] GC(72) Concurrent Reset Relocation Set 0.011ms
[116.722s][info][gc,phases   ] GC(72) Concurrent Select Relocation Set 3.829ms
[116.722s][info][gc,phases   ] GC(72) Pause Relocate Start 0.007ms
[116.726s][info][gc,phases   ] GC(72) Concurrent Relocate 3.600ms
[116.726s][info][gc,load     ] GC(72) Load: 0.00/0.00/0.00
[116.726s][info][gc,mmu      ] GC(72) MMU: 2ms/98.6%, 5ms/99.3%, 10ms/99.6%, 20ms/99.8%, 50ms/99.8%, 100ms/99.9%
[116.726s][info][gc,marking  ] GC(72) Mark: 8 stripe(s), 4 proactive flush(es), 1 terminate flush(es), 0 completion(s), 0 continuation(s) 
[116.726s][info][gc,marking  ] GC(72) Mark Stack Usage: 32M
[116.726s][info][gc,nmethod  ] GC(72) NMethods: 652 registered, 43 unregistered
[116.726s][info][gc,metaspace] GC(72) Metaspace: 9M used, 9M committed, 1088M reserved
[116.726s][info][gc,ref      ] GC(72) Soft: 214 encountered, 0 discovered, 0 enqueued
[116.726s][info][gc,ref      ] GC(72) Weak: 809 encountered, 251 discovered, 0 enqueued
[116.726s][info][gc,ref      ] GC(72) Final: 0 encountered, 0 discovered, 0 enqueued
[116.726s][info][gc,ref      ] GC(72) Phantom: 27 encountered, 18 discovered, 0 enqueued
[116.726s][info][gc,reloc    ] GC(72) Small Pages: 272 / 544M, Empty: 454M, Relocated: 3M, In-Place: 0
[116.726s][info][gc,reloc    ] GC(72) Medium Pages: 0 / 0M, Empty: 0M, Relocated: 0M, In-Place: 0
[116.726s][info][gc,reloc    ] GC(72) Large Pages: 0 / 0M, Empty: 0M, Relocated: 0M, In-Place: 0
[116.726s][info][gc,reloc    ] GC(72) Forwarding Usage: 1M
[116.726s][info][gc,heap     ] GC(72) Min Capacity: 8M(1%)
[116.726s][info][gc,heap     ] GC(72) Max Capacity: 1024M(100%)
[116.726s][info][gc,heap     ] GC(72) Soft Max Capacity: 1024M(100%)
[116.726s][info][gc,heap     ] GC(72)                Mark Start          Mark End        Relocate Start      Relocate End           High               Low         
[116.726s][info][gc,heap     ] GC(72)  Capacity:     1024M (100%)       1024M (100%)       1024M (100%)       1024M (100%)       1024M (100%)       1024M (100%)   
[116.726s][info][gc,heap     ] GC(72)      Free:      480M (47%)         474M (46%)         926M (90%)         992M (97%)         992M (97%)         474M (46%)    
[116.726s][info][gc,heap     ] GC(72)      Used:      544M (53%)         550M (54%)          98M (10%)          32M (3%)          550M (54%)          32M (3%)     
[116.726s][info][gc,heap     ] GC(72)      Live:         -                 6M (1%)            6M (1%)            6M (1%)             -                  -          
[116.726s][info][gc,heap     ] GC(72) Allocated:         -                 6M (1%)            8M (1%)            7M (1%)             -                  -          
[116.726s][info][gc,heap     ] GC(72)   Garbage:         -               537M (53%)          83M (8%)           17M (2%)             -                  -          
[116.726s][info][gc,heap     ] GC(72) Reclaimed:         -                  -               454M (44%)         519M (51%)            -                  -          
[116.727s][info][gc          ] GC(72) Garbage Collection (Proactive) 544M(53%)->32M(3%)
[118.198s][info][gc,start    ] GC(73) Garbage Collection (System.gc())
[118.198s][info][gc,task     ] GC(73) Using 10 workers
[118.198s][info][gc,phases   ] GC(73) Pause Mark Start 0.012ms
[118.206s][info][gc,phases   ] GC(73) Concurrent Mark 7.798ms
[118.206s][info][gc,phases   ] GC(73) Pause Mark End 0.017ms
[118.207s][info][gc,phases   ] GC(73) Concurrent Mark Free 0.001ms
[118.207s][info][gc,phases   ] GC(73) Concurrent Process Non-Strong References 0.698ms
[118.207s][info][gc,phases   ] GC(73) Concurrent Reset Relocation Set 0.010ms
[118.211s][info][gc,phases   ] GC(73) Concurrent Select Relocation Set 3.933ms
[118.211s][info][gc,phases   ] GC(73) Pause Relocate Start 0.006ms
[118.215s][info][gc,phases   ] GC(73) Concurrent Relocate 3.097ms
[118.215s][info][gc,load     ] GC(73) Load: 0.00/0.00/0.00
[118.215s][info][gc,mmu      ] GC(73) MMU: 2ms/98.6%, 5ms/99.3%, 10ms/99.6%, 20ms/99.8%, 50ms/99.8%, 100ms/99.9%
[118.215s][info][gc,marking  ] GC(73) Mark: 8 stripe(s), 1 proactive flush(es), 1 terminate flush(es), 0 completion(s), 0 continuation(s) 
[118.215s][info][gc,marking  ] GC(73) Mark Stack Usage: 32M
[118.215s][info][gc,nmethod  ] GC(73) NMethods: 627 registered, 69 unregistered
[118.215s][info][gc,metaspace] GC(73) Metaspace: 9M used, 9M committed, 1088M reserved
[118.215s][info][gc,ref      ] GC(73) Soft: 214 encountered, 0 discovered, 0 enqueued
[118.215s][info][gc,ref      ] GC(73) Weak: 809 encountered, 63 discovered, 0 enqueued
[118.215s][info][gc,ref      ] GC(73) Final: 0 encountered, 0 discovered, 0 enqueued
[118.215s][info][gc,ref      ] GC(73) Phantom: 27 encountered, 18 discovered, 0 enqueued
[118.215s][info][gc,reloc    ] GC(73) Small Pages: 254 / 508M, Empty: 490M, Relocated: 1M, In-Place: 0
[118.215s][info][gc,reloc    ] GC(73) Medium Pages: 0 / 0M, Empty: 0M, Relocated: 0M, In-Place: 0
[118.215s][info][gc,reloc    ] GC(73) Large Pages: 0 / 0M, Empty: 0M, Relocated: 0M, In-Place: 0
[118.215s][info][gc,reloc    ] GC(73) Forwarding Usage: 0M
[118.215s][info][gc,heap     ] GC(73) Min Capacity: 8M(1%)
[118.215s][info][gc,heap     ] GC(73) Max Capacity: 1024M(100%)
[118.215s][info][gc,heap     ] GC(73) Soft Max Capacity: 1024M(100%)
[118.215s][info][gc,heap     ] GC(73)                Mark Start          Mark End        Relocate Start      Relocate End           High               Low         
[118.215s][info][gc,heap     ] GC(73)  Capacity:     1024M (100%)       1024M (100%)       1024M (100%)       1024M (100%)       1024M (100%)       1024M (100%)   
[118.215s][info][gc,heap     ] GC(73)      Free:      516M (50%)         516M (50%)        1006M (98%)        1006M (98%)        1006M (98%)         516M (50%)    
[118.215s][info][gc,heap     ] GC(73)      Used:      508M (50%)         508M (50%)          18M (2%)           18M (2%)          508M (50%)          18M (2%)     
[118.215s][info][gc,heap     ] GC(73)      Live:         -                 4M (0%)            4M (0%)            4M (0%)             -                  -          
[118.215s][info][gc,heap     ] GC(73) Allocated:         -                 0M (0%)            0M (0%)            0M (0%)             -                  -          
[118.215s][info][gc,heap     ] GC(73)   Garbage:         -               503M (49%)          13M (1%)           13M (1%)             -                  -          
[118.215s][info][gc,heap     ] GC(73) Reclaimed:         -                  -               490M (48%)         490M (48%)            -                  -          
[118.215s][info][gc          ] GC(73) Garbage Collection (System.gc()) 508M(50%)->18M(2%)
[119.704s][info][gc,start    ] GC(74) Garbage Collection (Proactive)
[119.704s][info][gc,task     ] GC(74) Using 10 workers
[119.704s][info][gc,phases   ] GC(74) Pause Mark Start 0.018ms
[119.720s][info][gc,phases   ] GC(74) Concurrent Mark 15.218ms
[119.720s][info][gc,phases   ] GC(74) Pause Mark End 0.025ms
[119.720s][info][gc,phases   ] GC(74) Concurrent Mark Free 0.001ms
[119.721s][info][gc,phases   ] GC(74) Concurrent Process Non-Strong References 0.555ms
[119.721s][info][gc,phases   ] GC(74) Concurrent Reset Relocation Set 0.002ms
[119.726s][info][gc,phases   ] GC(74) Concurrent Select Relocation Set 5.470ms
[119.726s][info][gc,phases   ] GC(74) Pause Relocate Start 0.009ms
[119.730s][info][gc,phases   ] GC(74) Concurrent Relocate 3.506ms
[119.730s][info][gc,load     ] GC(74) Load: 0.00/0.00/0.00
[119.730s][info][gc,mmu      ] GC(74) MMU: 2ms/98.6%, 5ms/99.3%, 10ms/99.6%, 20ms/99.8%, 50ms/99.8%, 100ms/99.9%
[119.730s][info][gc,marking  ] GC(74) Mark: 8 stripe(s), 2 proactive flush(es), 1 terminate flush(es), 0 completion(s), 0 continuation(s) 
[119.730s][info][gc,marking  ] GC(74) Mark Stack Usage: 32M
[119.730s][info][gc,nmethod  ] GC(74) NMethods: 627 registered, 69 unregistered
[119.730s][info][gc,metaspace] GC(74) Metaspace: 9M used, 9M committed, 1088M reserved
[119.730s][info][gc,ref      ] GC(74) Soft: 214 encountered, 0 discovered, 0 enqueued
[119.730s][info][gc,ref      ] GC(74) Weak: 809 encountered, 132 discovered, 0 enqueued
[119.730s][info][gc,ref      ] GC(74) Final: 0 encountered, 0 discovered, 0 enqueued
[119.730s][info][gc,ref      ] GC(74) Phantom: 27 encountered, 20 discovered, 0 enqueued
[119.730s][info][gc,reloc    ] GC(74) Small Pages: 244 / 488M, Empty: 348M, Relocated: 3M, In-Place: 0
[119.730s][info][gc,reloc    ] GC(74) Medium Pages: 0 / 0M, Empty: 0M, Relocated: 0M, In-Place: 0
[119.730s][info][gc,reloc    ] GC(74) Large Pages: 0 / 0M, Empty: 0M, Relocated: 0M, In-Place: 0
[119.730s][info][gc,reloc    ] GC(74) Forwarding Usage: 1M
[119.730s][info][gc,heap     ] GC(74) Min Capacity: 8M(1%)
[119.730s][info][gc,heap     ] GC(74) Max Capacity: 1024M(100%)
[119.730s][info][gc,heap     ] GC(74) Soft Max Capacity: 1024M(100%)
[119.730s][info][gc,heap     ] GC(74)                Mark Start          Mark End        Relocate Start      Relocate End           High               Low         
[119.730s][info][gc,heap     ] GC(74)  Capacity:     1024M (100%)       1024M (100%)       1024M (100%)       1024M (100%)       1024M (100%)       1024M (100%)   
[119.730s][info][gc,heap     ] GC(74)      Free:      536M (52%)         530M (52%)         876M (86%)         990M (97%)         990M (97%)         528M (52%)    
[119.731s][info][gc,heap     ] GC(74)      Used:      488M (48%)         494M (48%)         148M (14%)          34M (3%)          496M (48%)          34M (3%)     
[119.731s][info][gc,heap     ] GC(74)      Live:         -                 6M (1%)            6M (1%)            6M (1%)             -                  -          
[119.731s][info][gc,heap     ] GC(74) Allocated:         -                 6M (1%)            8M (1%)            9M (1%)             -                  -          
[119.731s][info][gc,heap     ] GC(74)   Garbage:         -               481M (47%)         133M (13%)          17M (2%)             -                  -          
[119.731s][info][gc,heap     ] GC(74) Reclaimed:         -                  -               348M (34%)         463M (45%)            -                  -          
[119.731s][info][gc          ] GC(74) Garbage Collection (Proactive) 488M(48%)->34M(3%)
[120.102s][info][gc,stats    ] === Garbage Collection Statistics =======================================================================================================================
[120.102s][info][gc,stats    ]                                                              Last 10s              Last 10m              Last 10h                Total
[120.102s][info][gc,stats    ]                                                              Avg / Max             Avg / Max             Avg / Max             Avg / Max
[120.102s][info][gc,stats    ]   Collector: Garbage Collection Cycle                     22.169 / 26.660       28.074 / 78.390       28.074 / 78.390       28.074 / 78.390      ms
[120.102s][info][gc,stats    ]  Contention: Mark Segment Reset Contention                     1 / 6                 0 / 6                 0 / 6                 0 / 6           ops/s
[120.102s][info][gc,stats    ]  Contention: Mark SeqNum Reset Contention                      0 / 1                 0 / 2                 0 / 2                 0 / 2           ops/s
[120.102s][info][gc,stats    ]    Critical: Allocation Stall                                  0 / 0                 0 / 0                 0 / 0                 0 / 0           ops/s
[120.102s][info][gc,stats    ]    Critical: Allocation Stall                              0.000 / 0.000         0.000 / 0.000         0.000 / 0.000         0.000 / 0.000       ms
[120.102s][info][gc,stats    ]    Critical: GC Locker Stall                                   0 / 0                 0 / 0                 0 / 0                 0 / 0           ops/s
[120.102s][info][gc,stats    ]    Critical: GC Locker Stall                               0.000 / 0.000         0.000 / 0.000         0.000 / 0.000         0.000 / 0.000       ms
[120.102s][info][gc,stats    ]    Critical: Relocation Stall                                  0 / 0                 0 / 0                 0 / 0                 0 / 0           ops/s
[120.102s][info][gc,stats    ]    Critical: Relocation Stall                              0.000 / 0.000         0.000 / 0.000         0.000 / 0.000         0.000 / 0.000       ms
[120.102s][info][gc,stats    ]      Memory: Allocation Rate                                 326 / 340             318 / 340             318 / 340             318 / 340         MB/s
[120.102s][info][gc,stats    ]      Memory: Defragment                                        0 / 0                 0 / 0                 0 / 0                 0 / 0           ops/s
[120.102s][info][gc,stats    ]      Memory: Out Of Memory                                     0 / 0                 0 / 0                 0 / 0                 0 / 0           ops/s
[120.102s][info][gc,stats    ]      Memory: Page Cache Flush                                  0 / 0                 0 / 0                 0 / 0                 0 / 0           MB/s
[120.102s][info][gc,stats    ]      Memory: Page Cache Hit L1                               169 / 176             160 / 179             160 / 179             160 / 179         ops/s
[120.102s][info][gc,stats    ]      Memory: Page Cache Hit L2                                 0 / 0                 0 / 0                 0 / 0                 0 / 0           ops/s
[120.102s][info][gc,stats    ]      Memory: Page Cache Hit L3                                 0 / 0                 3 / 103               3 / 103               3 / 103         ops/s
[120.102s][info][gc,stats    ]      Memory: Page Cache Miss                                   0 / 0                 0 / 1                 0 / 1                 0 / 1           ops/s
[120.102s][info][gc,stats    ]      Memory: Uncommit                                          0 / 0                 0 / 0                 0 / 0                 0 / 0           MB/s
[120.102s][info][gc,stats    ]      Memory: Undo Object Allocation Failed                     0 / 2                 0 / 4                 0 / 4                 0 / 4           ops/s
[120.102s][info][gc,stats    ]      Memory: Undo Object Allocation Succeeded                  0 / 4                 0 / 4                 0 / 4                 0 / 4           ops/s
[120.102s][info][gc,stats    ]      Memory: Undo Page Allocation                              2 / 5                 1 / 6                 1 / 6                 1 / 6           ops/s
[120.102s][info][gc,stats    ]       Phase: Concurrent Mark                              12.348 / 15.227       15.817 / 34.706       15.817 / 34.706       15.817 / 34.706      ms
[120.102s][info][gc,stats    ]       Phase: Concurrent Mark Continue                      0.000 / 0.000         0.000 / 0.000         0.000 / 0.000         0.000 / 0.000       ms
[120.102s][info][gc,stats    ]       Phase: Concurrent Mark Free                          0.001 / 0.002         0.001 / 0.002         0.001 / 0.002         0.001 / 0.002       ms
[120.103s][info][gc,stats    ]       Phase: Concurrent Process Non-Strong References      0.571 / 0.698         1.442 / 7.426         1.442 / 7.426         1.442 / 7.426       ms
[120.103s][info][gc,stats    ]       Phase: Concurrent Relocate                           3.500 / 3.755         3.648 / 12.244        3.648 / 12.244        3.648 / 12.244      ms
[120.103s][info][gc,stats    ]       Phase: Concurrent Reset Relocation Set               0.008 / 0.014         0.008 / 0.015         0.008 / 0.015         0.008 / 0.015       ms
[120.103s][info][gc,stats    ]       Phase: Concurrent Select Relocation Set              4.680 / 6.004         5.028 / 14.229        5.028 / 14.229        5.028 / 14.229      ms
[120.103s][info][gc,stats    ]       Phase: Pause Mark End                                0.021 / 0.027         0.020 / 0.027         0.020 / 0.027         0.020 / 0.027       ms
[120.103s][info][gc,stats    ]       Phase: Pause Mark Start                              0.016 / 0.019         0.017 / 0.029         0.017 / 0.029         0.017 / 0.029       ms
[120.103s][info][gc,stats    ]       Phase: Pause Relocate Start                          0.009 / 0.010         0.008 / 0.014         0.008 / 0.014         0.008 / 0.014       ms
[120.103s][info][gc,stats    ]    Subphase: Concurrent Classes Purge                      0.038 / 0.188         0.116 / 5.468         0.116 / 5.468         0.116 / 5.468       ms
[120.103s][info][gc,stats    ]    Subphase: Concurrent Classes Unlink                     0.241 / 0.255         0.968 / 5.860         0.968 / 5.860         0.968 / 5.860       ms
[120.103s][info][gc,stats    ]    Subphase: Concurrent Mark                              10.602 / 14.305       12.516 / 31.718       12.516 / 31.718       12.516 / 31.718      ms
[120.103s][info][gc,stats    ]    Subphase: Concurrent Mark Try Flush                     0.066 / 0.108         0.070 / 0.242         0.070 / 0.242         0.070 / 0.242       ms
[120.103s][info][gc,stats    ]    Subphase: Concurrent Mark Try Terminate                 5.547 / 11.249        7.003 / 17.080        7.003 / 17.080        7.003 / 17.080      ms
[120.103s][info][gc,stats    ]    Subphase: Concurrent References Enqueue                 0.000 / 0.001         0.001 / 0.005         0.001 / 0.005         0.001 / 0.005       ms
[120.103s][info][gc,stats    ]    Subphase: Concurrent References Process                 0.042 / 0.053         0.044 / 0.088         0.044 / 0.088         0.044 / 0.088       ms
[120.103s][info][gc,stats    ]    Subphase: Concurrent Roots ClassLoaderDataGraph         0.073 / 0.476         0.091 / 0.868         0.091 / 0.868         0.091 / 0.868       ms
[120.103s][info][gc,stats    ]    Subphase: Concurrent Roots CodeCache                    0.000 / 0.000         0.000 / 0.000         0.000 / 0.000         0.000 / 0.000       ms
[120.103s][info][gc,stats    ]    Subphase: Concurrent Roots JavaThreads                  0.491 / 0.977         0.522 / 2.549         0.522 / 2.549         0.522 / 2.549       ms
[120.103s][info][gc,stats    ]    Subphase: Concurrent Roots OopStorageSet                0.015 / 0.054         0.019 / 0.219         0.019 / 0.219         0.019 / 0.219       ms
[120.103s][info][gc,stats    ]    Subphase: Concurrent Weak Roots OopStorageSet           0.130 / 0.145         0.143 / 1.443         0.143 / 1.443         0.143 / 1.443       ms
[120.103s][info][gc,stats    ]    Subphase: Pause Mark Try Complete                       0.000 / 0.000         0.000 / 0.000         0.000 / 0.000         0.000 / 0.000       ms
[120.103s][info][gc,stats    ]      System: Java Threads                                     36 / 36               34 / 41               34 / 41               34 / 41          threads
[120.103s][info][gc,stats    ] =========================================================================================================================================================
[121.599s][info][gc,start    ] GC(75) Garbage Collection (Proactive)
[121.599s][info][gc,task     ] GC(75) Using 10 workers
[121.600s][info][gc,phases   ] GC(75) Pause Mark Start 0.019ms
[121.615s][info][gc,phases   ] GC(75) Concurrent Mark 15.226ms
[121.615s][info][gc,phases   ] GC(75) Pause Mark End 0.022ms
[121.615s][info][gc,phases   ] GC(75) Concurrent Mark Free 0.001ms
[121.616s][info][gc,phases   ] GC(75) Concurrent Process Non-Strong References 0.550ms
[121.616s][info][gc,phases   ] GC(75) Concurrent Reset Relocation Set 0.009ms
[121.620s][info][gc,phases   ] GC(75) Concurrent Select Relocation Set 3.852ms
[121.620s][info][gc,phases   ] GC(75) Pause Relocate Start 0.008ms
[121.623s][info][gc,phases   ] GC(75) Concurrent Relocate 3.461ms
[121.624s][info][gc,load     ] GC(75) Load: 0.00/0.00/0.00
[121.624s][info][gc,mmu      ] GC(75) MMU: 2ms/98.6%, 5ms/99.3%, 10ms/99.6%, 20ms/99.8%, 50ms/99.8%, 100ms/99.9%
[121.624s][info][gc,marking  ] GC(75) Mark: 8 stripe(s), 2 proactive flush(es), 1 terminate flush(es), 0 completion(s), 0 continuation(s) 
[121.624s][info][gc,marking  ] GC(75) Mark Stack Usage: 32M
[121.624s][info][gc,nmethod  ] GC(75) NMethods: 627 registered, 69 unregistered
[121.624s][info][gc,metaspace] GC(75) Metaspace: 9M used, 9M committed, 1088M reserved
[121.624s][info][gc,ref      ] GC(75) Soft: 214 encountered, 0 discovered, 0 enqueued
[121.624s][info][gc,ref      ] GC(75) Weak: 809 encountered, 28 discovered, 0 enqueued
[121.624s][info][gc,ref      ] GC(75) Final: 0 encountered, 0 discovered, 0 enqueued
[121.624s][info][gc,ref      ] GC(75) Phantom: 27 encountered, 20 discovered, 0 enqueued
[121.624s][info][gc,reloc    ] GC(75) Small Pages: 309 / 618M, Empty: 518M, Relocated: 3M, In-Place: 0
[121.624s][info][gc,reloc    ] GC(75) Medium Pages: 0 / 0M, Empty: 0M, Relocated: 0M, In-Place: 0
[121.624s][info][gc,reloc    ] GC(75) Large Pages: 0 / 0M, Empty: 0M, Relocated: 0M, In-Place: 0
[121.624s][info][gc,reloc    ] GC(75) Forwarding Usage: 1M
[121.624s][info][gc,heap     ] GC(75) Min Capacity: 8M(1%)
[121.624s][info][gc,heap     ] GC(75) Max Capacity: 1024M(100%)
[121.624s][info][gc,heap     ] GC(75) Soft Max Capacity: 1024M(100%)
[121.624s][info][gc,heap     ] GC(75)                Mark Start          Mark End        Relocate Start      Relocate End           High               Low         
[121.624s][info][gc,heap     ] GC(75)  Capacity:     1024M (100%)       1024M (100%)       1024M (100%)       1024M (100%)       1024M (100%)       1024M (100%)   
[121.624s][info][gc,heap     ] GC(75)      Free:      406M (40%)         400M (39%)         916M (89%)         992M (97%)         992M (97%)         400M (39%)    
[121.624s][info][gc,heap     ] GC(75)      Used:      618M (60%)         624M (61%)         108M (11%)          32M (3%)          624M (61%)          32M (3%)     
[121.624s][info][gc,heap     ] GC(75)      Live:         -                 6M (1%)            6M (1%)            6M (1%)             -                  -          
[121.624s][info][gc,heap     ] GC(75) Allocated:         -                 6M (1%)            8M (1%)            7M (1%)             -                  -          
[121.624s][info][gc,heap     ] GC(75)   Garbage:         -               611M (60%)          93M (9%)           17M (2%)             -                  -          
[121.624s][info][gc,heap     ] GC(75) Reclaimed:         -                  -               518M (51%)         593M (58%)            -                  -          
[121.624s][info][gc          ] GC(75) Garbage Collection (Proactive) 618M(60%)->32M(3%)
[123.213s][info][gc,start    ] GC(76) Garbage Collection (Proactive)
[123.213s][info][gc,task     ] GC(76) Using 10 workers
[123.214s][info][gc,phases   ] GC(76) Pause Mark Start 0.013ms
[123.229s][info][gc,phases   ] GC(76) Concurrent Mark 15.261ms
[123.229s][info][gc,phases   ] GC(76) Pause Mark End 0.020ms
[123.229s][info][gc,phases   ] GC(76) Concurrent Mark Free 0.001ms
[123.230s][info][gc,phases   ] GC(76) Concurrent Process Non-Strong References 0.532ms
[123.230s][info][gc,phases   ] GC(76) Concurrent Reset Relocation Set 0.007ms
[123.236s][info][gc,phases   ] GC(76) Concurrent Select Relocation Set 5.728ms
[123.236s][info][gc,phases   ] GC(76) Pause Relocate Start 0.007ms
[123.239s][info][gc,phases   ] GC(76) Concurrent Relocate 3.669ms
[123.240s][info][gc,load     ] GC(76) Load: 0.00/0.00/0.00
[123.240s][info][gc,mmu      ] GC(76) MMU: 2ms/98.6%, 5ms/99.3%, 10ms/99.6%, 20ms/99.8%, 50ms/99.8%, 100ms/99.9%
[123.240s][info][gc,marking  ] GC(76) Mark: 8 stripe(s), 3 proactive flush(es), 1 terminate flush(es), 0 completion(s), 0 continuation(s) 
[123.240s][info][gc,marking  ] GC(76) Mark Stack Usage: 32M
[123.240s][info][gc,nmethod  ] GC(76) NMethods: 627 registered, 69 unregistered
[123.240s][info][gc,metaspace] GC(76) Metaspace: 9M used, 9M committed, 1088M reserved
[123.240s][info][gc,ref      ] GC(76) Soft: 214 encountered, 0 discovered, 0 enqueued
[123.240s][info][gc,ref      ] GC(76) Weak: 809 encountered, 13 discovered, 0 enqueued
[123.240s][info][gc,ref      ] GC(76) Final: 0 encountered, 0 discovered, 0 enqueued
[123.240s][info][gc,ref      ] GC(76) Phantom: 27 encountered, 20 discovered, 0 enqueued
[123.240s][info][gc,reloc    ] GC(76) Small Pages: 278 / 556M, Empty: 476M, Relocated: 3M, In-Place: 0
[123.240s][info][gc,reloc    ] GC(76) Medium Pages: 0 / 0M, Empty: 0M, Relocated: 0M, In-Place: 0
[123.240s][info][gc,reloc    ] GC(76) Large Pages: 0 / 0M, Empty: 0M, Relocated: 0M, In-Place: 0
[123.240s][info][gc,reloc    ] GC(76) Forwarding Usage: 1M
[123.240s][info][gc,heap     ] GC(76) Min Capacity: 8M(1%)
[123.240s][info][gc,heap     ] GC(76) Max Capacity: 1024M(100%)
[123.240s][info][gc,heap     ] GC(76) Soft Max Capacity: 1024M(100%)
[123.240s][info][gc,heap     ] GC(76)                Mark Start          Mark End        Relocate Start      Relocate End           High               Low         
[123.240s][info][gc,heap     ] GC(76)  Capacity:     1024M (100%)       1024M (100%)       1024M (100%)       1024M (100%)       1024M (100%)       1024M (100%)   
[123.240s][info][gc,heap     ] GC(76)      Free:      468M (46%)         460M (45%)         934M (91%)         990M (97%)         990M (97%)         460M (45%)    
[123.240s][info][gc,heap     ] GC(76)      Used:      556M (54%)         564M (55%)          90M (9%)           34M (3%)          564M (55%)          34M (3%)     
[123.240s][info][gc,heap     ] GC(76)      Live:         -                 6M (1%)            6M (1%)            6M (1%)             -                  -          
[123.240s][info][gc,heap     ] GC(76) Allocated:         -                 8M (1%)           10M (1%)            9M (1%)             -                  -          
[123.240s][info][gc,heap     ] GC(76)   Garbage:         -               549M (54%)          73M (7%)           17M (2%)             -                  -          
[123.240s][info][gc,heap     ] GC(76) Reclaimed:         -                  -               476M (46%)         531M (52%)            -                  -          
[123.240s][info][gc          ] GC(76) Garbage Collection (Proactive) 556M(54%)->34M(3%)
[124.805s][info][gc,start    ] GC(77) Garbage Collection (Proactive)
[124.805s][info][gc,task     ] GC(77) Using 10 workers
[124.805s][info][gc,phases   ] GC(77) Pause Mark Start 0.017ms
[124.821s][info][gc,phases   ] GC(77) Concurrent Mark 15.160ms
[124.821s][info][gc,phases   ] GC(77) Pause Mark End 0.020ms
[124.821s][info][gc,phases   ] GC(77) Concurrent Mark Free 0.002ms
[124.822s][info][gc,phases   ] GC(77) Concurrent Process Non-Strong References 0.580ms
[124.822s][info][gc,phases   ] GC(77) Concurrent Reset Relocation Set 0.008ms
[124.826s][info][gc,phases   ] GC(77) Concurrent Select Relocation Set 3.855ms
[124.826s][info][gc,phases   ] GC(77) Pause Relocate Start 0.009ms
[124.828s][info][gc,phases   ] GC(77) Concurrent Relocate 2.168ms
[124.828s][info][gc,load     ] GC(77) Load: 0.00/0.00/0.00
[124.828s][info][gc,mmu      ] GC(77) MMU: 2ms/98.6%, 5ms/99.3%, 10ms/99.6%, 20ms/99.8%, 50ms/99.8%, 100ms/99.9%
[124.828s][info][gc,marking  ] GC(77) Mark: 8 stripe(s), 2 proactive flush(es), 1 terminate flush(es), 0 completion(s), 0 continuation(s) 
[124.828s][info][gc,marking  ] GC(77) Mark Stack Usage: 32M
[124.828s][info][gc,nmethod  ] GC(77) NMethods: 627 registered, 69 unregistered
[124.828s][info][gc,metaspace] GC(77) Metaspace: 9M used, 9M committed, 1088M reserved
[124.828s][info][gc,ref      ] GC(77) Soft: 214 encountered, 0 discovered, 0 enqueued
[124.828s][info][gc,ref      ] GC(77) Weak: 809 encountered, 11 discovered, 0 enqueued
[124.828s][info][gc,ref      ] GC(77) Final: 0 encountered, 0 discovered, 0 enqueued
[124.828s][info][gc,ref      ] GC(77) Phantom: 27 encountered, 20 discovered, 0 enqueued
[124.828s][info][gc,reloc    ] GC(77) Small Pages: 268 / 536M, Empty: 428M, Relocated: 1M, In-Place: 0
[124.828s][info][gc,reloc    ] GC(77) Medium Pages: 0 / 0M, Empty: 0M, Relocated: 0M, In-Place: 0
[124.828s][info][gc,reloc    ] GC(77) Large Pages: 0 / 0M, Empty: 0M, Relocated: 0M, In-Place: 0
[124.828s][info][gc,reloc    ] GC(77) Forwarding Usage: 0M
[124.828s][info][gc,heap     ] GC(77) Min Capacity: 8M(1%)
[124.828s][info][gc,heap     ] GC(77) Max Capacity: 1024M(100%)
[124.828s][info][gc,heap     ] GC(77) Soft Max Capacity: 1024M(100%)
[124.829s][info][gc,heap     ] GC(77)                Mark Start          Mark End        Relocate Start      Relocate End           High               Low         
[124.829s][info][gc,heap     ] GC(77)  Capacity:     1024M (100%)       1024M (100%)       1024M (100%)       1024M (100%)       1024M (100%)       1024M (100%)   
[124.829s][info][gc,heap     ] GC(77)      Free:      488M (48%)         482M (47%)         908M (89%)         988M (96%)         988M (96%)         480M (47%)    
[124.829s][info][gc,heap     ] GC(77)      Used:      536M (52%)         542M (53%)         116M (11%)          36M (4%)          544M (53%)          36M (4%)     
[124.829s][info][gc,heap     ] GC(77)      Live:         -                 6M (1%)            6M (1%)            6M (1%)             -                  -          
[124.829s][info][gc,heap     ] GC(77) Allocated:         -                 6M (1%)            8M (1%)            9M (1%)             -                  -          
[124.829s][info][gc,heap     ] GC(77)   Garbage:         -               529M (52%)         101M (10%)          19M (2%)             -                  -          
[124.829s][info][gc,heap     ] GC(77) Reclaimed:         -                  -               428M (42%)         509M (50%)            -                  -          
[124.829s][info][gc          ] GC(77) Garbage Collection (Proactive) 536M(52%)->36M(4%)
[125.035s][info][gc,start    ] GC(78) Garbage Collection (System.gc())
[125.035s][info][gc,task     ] GC(78) Using 10 workers
[125.035s][info][gc,phases   ] GC(78) Pause Mark Start 0.016ms
[125.055s][info][gc,phases   ] GC(78) Concurrent Mark 19.817ms
[125.055s][info][gc,phases   ] GC(78) Pause Mark End 0.021ms
[125.055s][info][gc,phases   ] GC(78) Concurrent Mark Free 0.001ms
[125.056s][info][gc,phases   ] GC(78) Concurrent Process Non-Strong References 0.493ms
[125.056s][info][gc,phases   ] GC(78) Concurrent Reset Relocation Set 0.009ms
[125.060s][info][gc,phases   ] GC(78) Concurrent Select Relocation Set 4.358ms
[125.060s][info][gc,phases   ] GC(78) Pause Relocate Start 0.009ms
[125.064s][info][gc,phases   ] GC(78) Concurrent Relocate 3.131ms
[125.064s][info][gc,load     ] GC(78) Load: 0.00/0.00/0.00
[125.064s][info][gc,mmu      ] GC(78) MMU: 2ms/98.6%, 5ms/99.3%, 10ms/99.6%, 20ms/99.8%, 50ms/99.8%, 100ms/99.9%
[125.064s][info][gc,marking  ] GC(78) Mark: 8 stripe(s), 3 proactive flush(es), 1 terminate flush(es), 0 completion(s), 0 continuation(s) 
[125.064s][info][gc,marking  ] GC(78) Mark Stack Usage: 32M
[125.064s][info][gc,nmethod  ] GC(78) NMethods: 628 registered, 69 unregistered
[125.064s][info][gc,metaspace] GC(78) Metaspace: 9M used, 9M committed, 1088M reserved
[125.064s][info][gc,ref      ] GC(78) Soft: 214 encountered, 0 discovered, 0 enqueued
[125.064s][info][gc,ref      ] GC(78) Weak: 809 encountered, 36 discovered, 0 enqueued
[125.064s][info][gc,ref      ] GC(78) Final: 0 encountered, 0 discovered, 0 enqueued
[125.064s][info][gc,ref      ] GC(78) Phantom: 27 encountered, 16 discovered, 0 enqueued
[125.064s][info][gc,reloc    ] GC(78) Small Pages: 50 / 100M, Empty: 80M, Relocated: 1M, In-Place: 0
[125.064s][info][gc,reloc    ] GC(78) Medium Pages: 0 / 0M, Empty: 0M, Relocated: 0M, In-Place: 0
[125.064s][info][gc,reloc    ] GC(78) Large Pages: 0 / 0M, Empty: 0M, Relocated: 0M, In-Place: 0
[125.064s][info][gc,reloc    ] GC(78) Forwarding Usage: 0M
[125.064s][info][gc,heap     ] GC(78) Min Capacity: 8M(1%)
[125.064s][info][gc,heap     ] GC(78) Max Capacity: 1024M(100%)
[125.064s][info][gc,heap     ] GC(78) Soft Max Capacity: 1024M(100%)
[125.064s][info][gc,heap     ] GC(78)                Mark Start          Mark End        Relocate Start      Relocate End           High               Low         
[125.064s][info][gc,heap     ] GC(78)  Capacity:     1024M (100%)       1024M (100%)       1024M (100%)       1024M (100%)       1024M (100%)       1024M (100%)   
[125.064s][info][gc,heap     ] GC(78)      Free:      924M (90%)         924M (90%)        1004M (98%)        1004M (98%)        1004M (98%)         924M (90%)    
[125.064s][info][gc,heap     ] GC(78)      Used:      100M (10%)         100M (10%)          20M (2%)           20M (2%)          100M (10%)          20M (2%)     
[125.064s][info][gc,heap     ] GC(78)      Live:         -                 4M (0%)            4M (0%)            4M (0%)             -                  -          
[125.064s][info][gc,heap     ] GC(78) Allocated:         -                 0M (0%)            0M (0%)            0M (0%)             -                  -          
[125.064s][info][gc,heap     ] GC(78)   Garbage:         -                95M (9%)           15M (1%)           15M (1%)             -                  -          
[125.064s][info][gc,heap     ] GC(78) Reclaimed:         -                  -                80M (8%)           80M (8%)             -                  -          
[125.064s][info][gc          ] GC(78) Garbage Collection (System.gc()) 100M(10%)->20M(2%)
[126.898s][info][gc,start    ] GC(79) Garbage Collection (Proactive)
[126.898s][info][gc,task     ] GC(79) Using 10 workers
[126.899s][info][gc,phases   ] GC(79) Pause Mark Start 0.018ms
[126.914s][info][gc,phases   ] GC(79) Concurrent Mark 15.196ms
[126.914s][info][gc,phases   ] GC(79) Pause Mark End 0.024ms
[126.914s][info][gc,phases   ] GC(79) Concurrent Mark Free 0.002ms
[126.915s][info][gc,phases   ] GC(79) Concurrent Process Non-Strong References 0.584ms
[126.915s][info][gc,phases   ] GC(79) Concurrent Reset Relocation Set 0.002ms
[126.920s][info][gc,phases   ] GC(79) Concurrent Select Relocation Set 5.224ms
[126.920s][info][gc,phases   ] GC(79) Pause Relocate Start 0.009ms
[126.924s][info][gc,phases   ] GC(79) Concurrent Relocate 3.502ms
[126.924s][info][gc,load     ] GC(79) Load: 0.00/0.00/0.00
[126.924s][info][gc,mmu      ] GC(79) MMU: 2ms/98.6%, 5ms/99.3%, 10ms/99.6%, 20ms/99.8%, 50ms/99.8%, 100ms/99.9%
[126.924s][info][gc,marking  ] GC(79) Mark: 8 stripe(s), 2 proactive flush(es), 1 terminate flush(es), 0 completion(s), 0 continuation(s) 
[126.924s][info][gc,marking  ] GC(79) Mark Stack Usage: 32M
[126.924s][info][gc,nmethod  ] GC(79) NMethods: 626 registered, 73 unregistered
[126.924s][info][gc,metaspace] GC(79) Metaspace: 9M used, 9M committed, 1088M reserved
[126.924s][info][gc,ref      ] GC(79) Soft: 214 encountered, 0 discovered, 0 enqueued
[126.924s][info][gc,ref      ] GC(79) Weak: 809 encountered, 78 discovered, 0 enqueued
[126.924s][info][gc,ref      ] GC(79) Final: 0 encountered, 0 discovered, 0 enqueued
[126.924s][info][gc,ref      ] GC(79) Phantom: 27 encountered, 18 discovered, 0 enqueued
[126.924s][info][gc,reloc    ] GC(79) Small Pages: 299 / 598M, Empty: 430M, Relocated: 3M, In-Place: 0
[126.924s][info][gc,reloc    ] GC(79) Medium Pages: 0 / 0M, Empty: 0M, Relocated: 0M, In-Place: 0
[126.924s][info][gc,reloc    ] GC(79) Large Pages: 0 / 0M, Empty: 0M, Relocated: 0M, In-Place: 0
[126.924s][info][gc,reloc    ] GC(79) Forwarding Usage: 1M
[126.924s][info][gc,heap     ] GC(79) Min Capacity: 8M(1%)
[126.924s][info][gc,heap     ] GC(79) Max Capacity: 1024M(100%)
[126.924s][info][gc,heap     ] GC(79) Soft Max Capacity: 1024M(100%)
[126.925s][info][gc,heap     ] GC(79)                Mark Start          Mark End        Relocate Start      Relocate End           High               Low         
[126.925s][info][gc,heap     ] GC(79)  Capacity:     1024M (100%)       1024M (100%)       1024M (100%)       1024M (100%)       1024M (100%)       1024M (100%)   
[126.925s][info][gc,heap     ] GC(79)      Free:      426M (42%)         420M (41%)         848M (83%)         990M (97%)         990M (97%)         420M (41%)    
[126.925s][info][gc,heap     ] GC(79)      Used:      598M (58%)         604M (59%)         176M (17%)          34M (3%)          604M (59%)          34M (3%)     
[126.925s][info][gc,heap     ] GC(79)      Live:         -                 6M (1%)            6M (1%)            6M (1%)             -                  -          
[126.925s][info][gc,heap     ] GC(79) Allocated:         -                 6M (1%)            8M (1%)            9M (1%)             -                  -          
[126.925s][info][gc,heap     ] GC(79)   Garbage:         -               591M (58%)         161M (16%)          17M (2%)             -                  -          
[126.925s][info][gc,heap     ] GC(79) Reclaimed:         -                  -               430M (42%)         573M (56%)            -                  -          
[126.925s][info][gc          ] GC(79) Garbage Collection (Proactive) 598M(58%)->34M(3%)
[128.601s][info][gc,start    ] GC(80) Garbage Collection (Proactive)
[128.601s][info][gc,task     ] GC(80) Using 10 workers
[128.601s][info][gc,phases   ] GC(80) Pause Mark Start 0.023ms
[128.617s][info][gc,phases   ] GC(80) Concurrent Mark 15.192ms
[128.617s][info][gc,phases   ] GC(80) Pause Mark End 0.021ms
[128.617s][info][gc,phases   ] GC(80) Concurrent Mark Free 0.001ms
[128.618s][info][gc,phases   ] GC(80) Concurrent Process Non-Strong References 0.546ms
[128.618s][info][gc,phases   ] GC(80) Concurrent Reset Relocation Set 0.013ms
[128.621s][info][gc,phases   ] GC(80) Concurrent Select Relocation Set 3.871ms
[128.622s][info][gc,phases   ] GC(80) Pause Relocate Start 0.008ms
[128.625s][info][gc,phases   ] GC(80) Concurrent Relocate 3.751ms
[128.626s][info][gc,load     ] GC(80) Load: 0.00/0.00/0.00
[128.626s][info][gc,mmu      ] GC(80) MMU: 2ms/98.6%, 5ms/99.3%, 10ms/99.6%, 20ms/99.8%, 50ms/99.8%, 100ms/99.9%
[128.626s][info][gc,marking  ] GC(80) Mark: 8 stripe(s), 3 proactive flush(es), 1 terminate flush(es), 0 completion(s), 0 continuation(s) 
[128.626s][info][gc,marking  ] GC(80) Mark Stack Usage: 32M
[128.626s][info][gc,nmethod  ] GC(80) NMethods: 626 registered, 73 unregistered
[128.626s][info][gc,metaspace] GC(80) Metaspace: 9M used, 9M committed, 1088M reserved
[128.626s][info][gc,ref      ] GC(80) Soft: 214 encountered, 0 discovered, 0 enqueued
[128.626s][info][gc,ref      ] GC(80) Weak: 809 encountered, 8 discovered, 0 enqueued
[128.626s][info][gc,ref      ] GC(80) Final: 0 encountered, 0 discovered, 0 enqueued
[128.626s][info][gc,ref      ] GC(80) Phantom: 27 encountered, 19 discovered, 0 enqueued
[128.626s][info][gc,reloc    ] GC(80) Small Pages: 289 / 578M, Empty: 472M, Relocated: 3M, In-Place: 0
[128.626s][info][gc,reloc    ] GC(80) Medium Pages: 0 / 0M, Empty: 0M, Relocated: 0M, In-Place: 0
[128.626s][info][gc,reloc    ] GC(80) Large Pages: 0 / 0M, Empty: 0M, Relocated: 0M, In-Place: 0
[128.626s][info][gc,reloc    ] GC(80) Forwarding Usage: 1M
[128.626s][info][gc,heap     ] GC(80) Min Capacity: 8M(1%)
[128.626s][info][gc,heap     ] GC(80) Max Capacity: 1024M(100%)
[128.626s][info][gc,heap     ] GC(80) Soft Max Capacity: 1024M(100%)
[128.626s][info][gc,heap     ] GC(80)                Mark Start          Mark End        Relocate Start      Relocate End           High               Low         
[128.626s][info][gc,heap     ] GC(80)  Capacity:     1024M (100%)       1024M (100%)       1024M (100%)       1024M (100%)       1024M (100%)       1024M (100%)   
[128.626s][info][gc,heap     ] GC(80)      Free:      446M (44%)         438M (43%)         910M (89%)         990M (97%)         990M (97%)         438M (43%)    
[128.626s][info][gc,heap     ] GC(80)      Used:      578M (56%)         586M (57%)         114M (11%)          34M (3%)          586M (57%)          34M (3%)     
[128.626s][info][gc,heap     ] GC(80)      Live:         -                 6M (1%)            6M (1%)            6M (1%)             -                  -          
[128.626s][info][gc,heap     ] GC(80) Allocated:         -                 8M (1%)            8M (1%)            9M (1%)             -                  -          
[128.626s][info][gc,heap     ] GC(80)   Garbage:         -               571M (56%)          99M (10%)          17M (2%)             -                  -          
[128.626s][info][gc,heap     ] GC(80) Reclaimed:         -                  -               472M (46%)         553M (54%)            -                  -          
[128.626s][info][gc          ] GC(80) Garbage Collection (Proactive) 578M(56%)->34M(3%)
[130.101s][info][gc,start    ] GC(81) Garbage Collection (Proactive)
[130.101s][info][gc,stats    ] === Garbage Collection Statistics =======================================================================================================================
[130.101s][info][gc,task     ] GC(81) Using 10 workers
[130.101s][info][gc,stats    ]                                                              Last 10s              Last 10m              Last 10h                Total
[130.101s][info][gc,stats    ]                                                              Avg / Max             Avg / Max             Avg / Max             Avg / Max
[130.101s][info][gc,stats    ]   Collector: Garbage Collection Cycle                     25.371 / 28.738       27.873 / 78.390       27.873 / 78.390       27.873 / 78.390      ms
[130.101s][info][gc,phases   ] GC(81) Pause Mark Start 0.017ms
[130.101s][info][gc,stats    ]  Contention: Mark Segment Reset Contention                     1 / 3                 0 / 6                 0 / 6                 0 / 6           ops/s
[130.101s][info][gc,stats    ]  Contention: Mark SeqNum Reset Contention                      0 / 2                 0 / 2                 0 / 2                 0 / 2           ops/s
[130.101s][info][gc,stats    ]    Critical: Allocation Stall                                  0 / 0                 0 / 0                 0 / 0                 0 / 0           ops/s
[130.101s][info][gc,stats    ]    Critical: Allocation Stall                              0.000 / 0.000         0.000 / 0.000         0.000 / 0.000         0.000 / 0.000       ms
[130.101s][info][gc,stats    ]    Critical: GC Locker Stall                                   0 / 0                 0 / 0                 0 / 0                 0 / 0           ops/s
[130.101s][info][gc,stats    ]    Critical: GC Locker Stall                               0.000 / 0.000         0.000 / 0.000         0.000 / 0.000         0.000 / 0.000       ms
[130.101s][info][gc,stats    ]    Critical: Relocation Stall                                  0 / 0                 0 / 0                 0 / 0                 0 / 0           ops/s
[130.101s][info][gc,stats    ]    Critical: Relocation Stall                              0.000 / 0.000         0.000 / 0.000         0.000 / 0.000         0.000 / 0.000       ms
[130.101s][info][gc,stats    ]      Memory: Allocation Rate                                 322 / 328             318 / 340             318 / 340             318 / 340         MB/s
[130.101s][info][gc,stats    ]      Memory: Defragment                                        0 / 0                 0 / 0                 0 / 0                 0 / 0           ops/s
[130.101s][info][gc,stats    ]      Memory: Out Of Memory                                     0 / 0                 0 / 0                 0 / 0                 0 / 0           ops/s
[130.101s][info][gc,stats    ]      Memory: Page Cache Flush                                  0 / 0                 0 / 0                 0 / 0                 0 / 0           MB/s
[130.102s][info][gc,stats    ]      Memory: Page Cache Hit L1                               166 / 174             161 / 179             161 / 179             161 / 179         ops/s
[130.102s][info][gc,stats    ]      Memory: Page Cache Hit L2                                 0 / 0                 0 / 0                 0 / 0                 0 / 0           ops/s
[130.102s][info][gc,stats    ]      Memory: Page Cache Hit L3                                 0 / 0                 3 / 103               3 / 103               3 / 103         ops/s
[130.102s][info][gc,stats    ]      Memory: Page Cache Miss                                   0 / 0                 0 / 1                 0 / 1                 0 / 1           ops/s
[130.102s][info][gc,stats    ]      Memory: Uncommit                                          0 / 0                 0 / 0                 0 / 0                 0 / 0           MB/s
[130.102s][info][gc,stats    ]      Memory: Undo Object Allocation Failed                     0 / 1                 0 / 4                 0 / 4                 0 / 4           ops/s
[130.102s][info][gc,stats    ]      Memory: Undo Object Allocation Succeeded                  0 / 1                 0 / 4                 0 / 4                 0 / 4           ops/s
[130.102s][info][gc,stats    ]      Memory: Undo Page Allocation                              1 / 3                 1 / 6                 1 / 6                 1 / 6           ops/s
[130.102s][info][gc,stats    ]       Phase: Concurrent Mark                              15.975 / 19.817       15.829 / 34.706       15.829 / 34.706       15.829 / 34.706      ms
[130.102s][info][gc,stats    ]       Phase: Concurrent Mark Continue                      0.000 / 0.000         0.000 / 0.000         0.000 / 0.000         0.000 / 0.000       ms
[130.102s][info][gc,stats    ]       Phase: Concurrent Mark Free                          0.001 / 0.002         0.001 / 0.002         0.001 / 0.002         0.001 / 0.002       ms
[130.102s][info][gc,stats    ]       Phase: Concurrent Process Non-Strong References      0.547 / 0.584         1.376 / 7.426         1.376 / 7.426         1.376 / 7.426       ms
[130.102s][info][gc,stats    ]       Phase: Concurrent Relocate                           3.280 / 3.751         3.621 / 12.244        3.621 / 12.244        3.621 / 12.244      ms
[130.102s][info][gc,stats    ]       Phase: Concurrent Reset Relocation Set               0.008 / 0.013         0.008 / 0.015         0.008 / 0.015         0.008 / 0.015       ms
[130.102s][info][gc,stats    ]       Phase: Concurrent Select Relocation Set              4.481 / 5.728         4.987 / 14.229        4.987 / 14.229        4.987 / 14.229      ms
[130.102s][info][gc,stats    ]       Phase: Pause Mark End                                0.021 / 0.024         0.021 / 0.027         0.021 / 0.027         0.021 / 0.027       ms
[130.102s][info][gc,stats    ]       Phase: Pause Mark Start                              0.017 / 0.023         0.017 / 0.029         0.017 / 0.029         0.017 / 0.029       ms
[130.102s][info][gc,stats    ]       Phase: Pause Relocate Start                          0.008 / 0.009         0.008 / 0.014         0.008 / 0.014         0.008 / 0.014       ms
[130.102s][info][gc,stats    ]    Subphase: Concurrent Classes Purge                      0.013 / 0.054         0.109 / 5.468         0.109 / 5.468         0.109 / 5.468       ms
[130.102s][info][gc,stats    ]    Subphase: Concurrent Classes Unlink                     0.240 / 0.255         0.914 / 5.860         0.914 / 5.860         0.914 / 5.860       ms
[130.102s][info][gc,stats    ]    Subphase: Concurrent Mark                              13.414 / 18.791       12.587 / 31.718       12.587 / 31.718       12.587 / 31.718      ms
[130.102s][info][gc,stats    ]    Subphase: Concurrent Mark Try Flush                     0.067 / 0.105         0.070 / 0.242         0.070 / 0.242         0.070 / 0.242       ms
[130.102s][info][gc,stats    ]    Subphase: Concurrent Mark Try Terminate                 8.680 / 16.585        7.129 / 17.080        7.129 / 17.080        7.129 / 17.080      ms
[130.102s][info][gc,stats    ]    Subphase: Concurrent References Enqueue                 0.000 / 0.001         0.001 / 0.005         0.001 / 0.005         0.001 / 0.005       ms
[130.102s][info][gc,stats    ]    Subphase: Concurrent References Process                 0.038 / 0.041         0.043 / 0.088         0.043 / 0.088         0.043 / 0.088       ms
[130.102s][info][gc,stats    ]    Subphase: Concurrent Roots ClassLoaderDataGraph         0.070 / 0.418         0.089 / 0.868         0.089 / 0.868         0.089 / 0.868       ms
[130.102s][info][gc,stats    ]    Subphase: Concurrent Roots CodeCache                    0.000 / 0.000         0.000 / 0.000         0.000 / 0.000         0.000 / 0.000       ms
[130.103s][info][gc,stats    ]    Subphase: Concurrent Roots JavaThreads                  0.496 / 0.976         0.520 / 2.549         0.520 / 2.549         0.520 / 2.549       ms
[130.103s][info][gc,stats    ]    Subphase: Concurrent Roots OopStorageSet                0.015 / 0.041         0.019 / 0.219         0.019 / 0.219         0.019 / 0.219       ms
[130.103s][info][gc,stats    ]    Subphase: Concurrent Weak Roots OopStorageSet           0.129 / 0.149         0.142 / 1.443         0.142 / 1.443         0.142 / 1.443       ms
[130.103s][info][gc,stats    ]    Subphase: Pause Mark Try Complete                       0.000 / 0.000         0.000 / 0.000         0.000 / 0.000         0.000 / 0.000       ms
[130.103s][info][gc,stats    ]      System: Java Threads                                     36 / 36               34 / 41               34 / 41               34 / 41          threads
[130.103s][info][gc,stats    ] =========================================================================================================================================================
[130.116s][info][gc,phases   ] GC(81) Concurrent Mark 15.080ms
[130.116s][info][gc,phases   ] GC(81) Pause Mark End 0.024ms
[130.117s][info][gc,phases   ] GC(81) Concurrent Mark Free 0.001ms
[130.117s][info][gc,phases   ] GC(81) Concurrent Process Non-Strong References 0.549ms
[130.117s][info][gc,phases   ] GC(81) Concurrent Reset Relocation Set 0.008ms
[130.123s][info][gc,phases   ] GC(81) Concurrent Select Relocation Set 5.767ms
[130.123s][info][gc,phases   ] GC(81) Pause Relocate Start 0.007ms
[130.127s][info][gc,phases   ] GC(81) Concurrent Relocate 3.638ms
[130.127s][info][gc,load     ] GC(81) Load: 0.00/0.00/0.00
[130.127s][info][gc,mmu      ] GC(81) MMU: 2ms/98.6%, 5ms/99.3%, 10ms/99.6%, 20ms/99.8%, 50ms/99.8%, 100ms/99.9%
[130.127s][info][gc,marking  ] GC(81) Mark: 8 stripe(s), 3 proactive flush(es), 1 terminate flush(es), 0 completion(s), 0 continuation(s) 
[130.127s][info][gc,marking  ] GC(81) Mark Stack Usage: 32M
[130.127s][info][gc,nmethod  ] GC(81) NMethods: 626 registered, 73 unregistered
[130.127s][info][gc,metaspace] GC(81) Metaspace: 9M used, 9M committed, 1088M reserved
[130.127s][info][gc,ref      ] GC(81) Soft: 214 encountered, 0 discovered, 0 enqueued
[130.127s][info][gc,ref      ] GC(81) Weak: 809 encountered, 17 discovered, 0 enqueued
[130.127s][info][gc,ref      ] GC(81) Final: 0 encountered, 0 discovered, 0 enqueued
[130.127s][info][gc,ref      ] GC(81) Phantom: 27 encountered, 18 discovered, 0 enqueued
[130.127s][info][gc,reloc    ] GC(81) Small Pages: 253 / 506M, Empty: 416M, Relocated: 3M, In-Place: 0
[130.127s][info][gc,reloc    ] GC(81) Medium Pages: 0 / 0M, Empty: 0M, Relocated: 0M, In-Place: 0
[130.127s][info][gc,reloc    ] GC(81) Large Pages: 0 / 0M, Empty: 0M, Relocated: 0M, In-Place: 0
[130.127s][info][gc,reloc    ] GC(81) Forwarding Usage: 1M
[130.127s][info][gc,heap     ] GC(81) Min Capacity: 8M(1%)
[130.127s][info][gc,heap     ] GC(81) Max Capacity: 1024M(100%)
[130.127s][info][gc,heap     ] GC(81) Soft Max Capacity: 1024M(100%)
[130.127s][info][gc,heap     ] GC(81)                Mark Start          Mark End        Relocate Start      Relocate End           High               Low         
[130.127s][info][gc,heap     ] GC(81)  Capacity:     1024M (100%)       1024M (100%)       1024M (100%)       1024M (100%)       1024M (100%)       1024M (100%)   
[130.127s][info][gc,heap     ] GC(81)      Free:      518M (51%)         512M (50%)         926M (90%)         990M (97%)         990M (97%)         512M (50%)    
[130.128s][info][gc,heap     ] GC(81)      Used:      506M (49%)         512M (50%)          98M (10%)          34M (3%)          512M (50%)          34M (3%)     
[130.128s][info][gc,heap     ] GC(81)      Live:         -                 6M (1%)            6M (1%)            6M (1%)             -                  -          
[130.128s][info][gc,heap     ] GC(81) Allocated:         -                 6M (1%)            8M (1%)            9M (1%)             -                  -          
[130.128s][info][gc,heap     ] GC(81)   Garbage:         -               499M (49%)          83M (8%)           17M (2%)             -                  -          
[130.128s][info][gc,heap     ] GC(81) Reclaimed:         -                  -               416M (41%)         481M (47%)            -                  -          
[130.128s][info][gc          ] GC(81) Garbage Collection (Proactive) 506M(49%)->34M(3%)
[131.710s][info][gc,start    ] GC(82) Garbage Collection (Proactive)
[131.710s][info][gc,task     ] GC(82) Using 10 workers
[131.710s][info][gc,phases   ] GC(82) Pause Mark Start 0.017ms
[131.725s][info][gc,phases   ] GC(82) Concurrent Mark 15.234ms
[131.725s][info][gc,phases   ] GC(82) Pause Mark End 0.021ms
[131.726s][info][gc,phases   ] GC(82) Concurrent Mark Free 0.001ms
[131.726s][info][gc,phases   ] GC(82) Concurrent Process Non-Strong References 0.520ms
[131.726s][info][gc,phases   ] GC(82) Concurrent Reset Relocation Set 0.008ms
[131.730s][info][gc,phases   ] GC(82) Concurrent Select Relocation Set 3.800ms
[131.730s][info][gc,phases   ] GC(82) Pause Relocate Start 0.007ms
[131.734s][info][gc,phases   ] GC(82) Concurrent Relocate 3.677ms
[131.734s][info][gc,load     ] GC(82) Load: 0.00/0.00/0.00
[131.734s][info][gc,mmu      ] GC(82) MMU: 2ms/98.6%, 5ms/99.3%, 10ms/99.6%, 20ms/99.8%, 50ms/99.8%, 100ms/99.9%
[131.734s][info][gc,marking  ] GC(82) Mark: 8 stripe(s), 2 proactive flush(es), 1 terminate flush(es), 0 completion(s), 0 continuation(s) 
[131.734s][info][gc,marking  ] GC(82) Mark Stack Usage: 32M
[131.734s][info][gc,nmethod  ] GC(82) NMethods: 626 registered, 73 unregistered
[131.734s][info][gc,metaspace] GC(82) Metaspace: 9M used, 9M committed, 1088M reserved
[131.734s][info][gc,ref      ] GC(82) Soft: 214 encountered, 0 discovered, 0 enqueued
[131.734s][info][gc,ref      ] GC(82) Weak: 809 encountered, 23 discovered, 0 enqueued
[131.734s][info][gc,ref      ] GC(82) Final: 0 encountered, 0 discovered, 0 enqueued
[131.734s][info][gc,ref      ] GC(82) Phantom: 27 encountered, 15 discovered, 0 enqueued
[131.734s][info][gc,reloc    ] GC(82) Small Pages: 271 / 542M, Empty: 478M, Relocated: 3M, In-Place: 0
[131.734s][info][gc,reloc    ] GC(82) Medium Pages: 0 / 0M, Empty: 0M, Relocated: 0M, In-Place: 0
[131.734s][info][gc,reloc    ] GC(82) Large Pages: 0 / 0M, Empty: 0M, Relocated: 0M, In-Place: 0
[131.734s][info][gc,reloc    ] GC(82) Forwarding Usage: 1M
[131.734s][info][gc,heap     ] GC(82) Min Capacity: 8M(1%)
[131.734s][info][gc,heap     ] GC(82) Max Capacity: 1024M(100%)
[131.734s][info][gc,heap     ] GC(82) Soft Max Capacity: 1024M(100%)
[131.734s][info][gc,heap     ] GC(82)                Mark Start          Mark End        Relocate Start      Relocate End           High               Low         
[131.734s][info][gc,heap     ] GC(82)  Capacity:     1024M (100%)       1024M (100%)       1024M (100%)       1024M (100%)       1024M (100%)       1024M (100%)   
[131.734s][info][gc,heap     ] GC(82)      Free:      482M (47%)         474M (46%)         952M (93%)         992M (97%)         992M (97%)         474M (46%)    
[131.734s][info][gc,heap     ] GC(82)      Used:      542M (53%)         550M (54%)          72M (7%)           32M (3%)          550M (54%)          32M (3%)     
[131.735s][info][gc,heap     ] GC(82)      Live:         -                 6M (1%)            6M (1%)            6M (1%)             -                  -          
[131.735s][info][gc,heap     ] GC(82) Allocated:         -                 8M (1%)            8M (1%)            7M (1%)             -                  -          
[131.735s][info][gc,heap     ] GC(82)   Garbage:         -               535M (52%)          57M (6%)           17M (2%)             -                  -          
[131.735s][info][gc,heap     ] GC(82) Reclaimed:         -                  -               478M (47%)         517M (51%)            -                  -          
[131.735s][info][gc          ] GC(82) Garbage Collection (Proactive) 542M(53%)->32M(3%)
[131.898s][info][gc,start    ] GC(83) Garbage Collection (System.gc())
[131.899s][info][gc,task     ] GC(83) Using 10 workers
[131.899s][info][gc,phases   ] GC(83) Pause Mark Start 0.015ms
[131.913s][info][gc,phases   ] GC(83) Concurrent Mark 13.945ms
[131.913s][info][gc,phases   ] GC(83) Pause Mark End 0.018ms
[131.913s][info][gc,phases   ] GC(83) Concurrent Mark Free 0.001ms
[131.913s][info][gc,phases   ] GC(83) Concurrent Process Non-Strong References 0.558ms
[131.914s][info][gc,phases   ] GC(83) Concurrent Reset Relocation Set 0.004ms
[131.917s][info][gc,phases   ] GC(83) Concurrent Select Relocation Set 3.795ms
[131.917s][info][gc,phases   ] GC(83) Pause Relocate Start 0.006ms
[131.921s][info][gc,phases   ] GC(83) Concurrent Relocate 3.090ms
[131.921s][info][gc,load     ] GC(83) Load: 0.00/0.00/0.00
[131.921s][info][gc,mmu      ] GC(83) MMU: 2ms/98.6%, 5ms/99.3%, 10ms/99.6%, 20ms/99.8%, 50ms/99.8%, 100ms/99.9%
[131.921s][info][gc,marking  ] GC(83) Mark: 8 stripe(s), 1 proactive flush(es), 1 terminate flush(es), 0 completion(s), 0 continuation(s) 
[131.921s][info][gc,marking  ] GC(83) Mark Stack Usage: 32M
[131.921s][info][gc,nmethod  ] GC(83) NMethods: 627 registered, 73 unregistered
[131.921s][info][gc,metaspace] GC(83) Metaspace: 9M used, 9M committed, 1088M reserved
[131.921s][info][gc,ref      ] GC(83) Soft: 214 encountered, 0 discovered, 0 enqueued
[131.921s][info][gc,ref      ] GC(83) Weak: 809 encountered, 202 discovered, 0 enqueued
[131.921s][info][gc,ref      ] GC(83) Final: 0 encountered, 0 discovered, 0 enqueued
[131.921s][info][gc,ref      ] GC(83) Phantom: 27 encountered, 20 discovered, 0 enqueued
[131.921s][info][gc,reloc    ] GC(83) Small Pages: 42 / 84M, Empty: 64M, Relocated: 1M, In-Place: 0
[131.921s][info][gc,reloc    ] GC(83) Medium Pages: 0 / 0M, Empty: 0M, Relocated: 0M, In-Place: 0
[131.921s][info][gc,reloc    ] GC(83) Large Pages: 0 / 0M, Empty: 0M, Relocated: 0M, In-Place: 0
[131.921s][info][gc,reloc    ] GC(83) Forwarding Usage: 0M
[131.921s][info][gc,heap     ] GC(83) Min Capacity: 8M(1%)
[131.921s][info][gc,heap     ] GC(83) Max Capacity: 1024M(100%)
[131.921s][info][gc,heap     ] GC(83) Soft Max Capacity: 1024M(100%)
[131.921s][info][gc,heap     ] GC(83)                Mark Start          Mark End        Relocate Start      Relocate End           High               Low         
[131.921s][info][gc,heap     ] GC(83)  Capacity:     1024M (100%)       1024M (100%)       1024M (100%)       1024M (100%)       1024M (100%)       1024M (100%)   
[131.921s][info][gc,heap     ] GC(83)      Free:      940M (92%)         940M (92%)        1004M (98%)        1004M (98%)        1004M (98%)         940M (92%)    
[131.921s][info][gc,heap     ] GC(83)      Used:       84M (8%)           84M (8%)           20M (2%)           20M (2%)           84M (8%)           20M (2%)     
[131.921s][info][gc,heap     ] GC(83)      Live:         -                 4M (0%)            4M (0%)            4M (0%)             -                  -          
[131.921s][info][gc,heap     ] GC(83) Allocated:         -                 0M (0%)            0M (0%)            0M (0%)             -                  -          
[131.921s][info][gc,heap     ] GC(83)   Garbage:         -                79M (8%)           15M (1%)           15M (1%)             -                  -          
[131.921s][info][gc,heap     ] GC(83) Reclaimed:         -                  -                64M (6%)           64M (6%)             -                  -          
[131.921s][info][gc          ] GC(83) Garbage Collection (System.gc()) 84M(8%)->20M(2%)
[133.312s][info][gc,start    ] GC(84) Garbage Collection (Proactive)
[133.312s][info][gc,task     ] GC(84) Using 10 workers
[133.312s][info][gc,phases   ] GC(84) Pause Mark Start 0.018ms
[133.328s][info][gc,phases   ] GC(84) Concurrent Mark 15.186ms
[133.328s][info][gc,phases   ] GC(84) Pause Mark End 0.021ms
[133.328s][info][gc,phases   ] GC(84) Concurrent Mark Free 0.001ms
[133.328s][info][gc,phases   ] GC(84) Concurrent Process Non-Strong References 0.520ms
[133.328s][info][gc,phases   ] GC(84) Concurrent Reset Relocation Set 0.001ms
[133.334s][info][gc,phases   ] GC(84) Concurrent Select Relocation Set 5.506ms
[133.334s][info][gc,phases   ] GC(84) Pause Relocate Start 0.006ms
[133.338s][info][gc,phases   ] GC(84) Concurrent Relocate 3.497ms
[133.338s][info][gc,load     ] GC(84) Load: 0.00/0.00/0.00
[133.338s][info][gc,mmu      ] GC(84) MMU: 2ms/98.6%, 5ms/99.3%, 10ms/99.6%, 20ms/99.8%, 50ms/99.8%, 100ms/99.9%
[133.338s][info][gc,marking  ] GC(84) Mark: 8 stripe(s), 3 proactive flush(es), 1 terminate flush(es), 0 completion(s), 0 continuation(s) 
[133.338s][info][gc,marking  ] GC(84) Mark Stack Usage: 32M
[133.338s][info][gc,nmethod  ] GC(84) NMethods: 629 registered, 73 unregistered
[133.338s][info][gc,metaspace] GC(84) Metaspace: 9M used, 9M committed, 1088M reserved
[133.338s][info][gc,ref      ] GC(84) Soft: 214 encountered, 0 discovered, 0 enqueued
[133.338s][info][gc,ref      ] GC(84) Weak: 809 encountered, 46 discovered, 0 enqueued
[133.338s][info][gc,ref      ] GC(84) Final: 0 encountered, 0 discovered, 0 enqueued
[133.338s][info][gc,ref      ] GC(84) Phantom: 27 encountered, 17 discovered, 0 enqueued
[133.338s][info][gc,reloc    ] GC(84) Small Pages: 229 / 458M, Empty: 270M, Relocated: 3M, In-Place: 0
[133.338s][info][gc,reloc    ] GC(84) Medium Pages: 0 / 0M, Empty: 0M, Relocated: 0M, In-Place: 0
[133.338s][info][gc,reloc    ] GC(84) Large Pages: 0 / 0M, Empty: 0M, Relocated: 0M, In-Place: 0
[133.338s][info][gc,reloc    ] GC(84) Forwarding Usage: 1M
[133.338s][info][gc,heap     ] GC(84) Min Capacity: 8M(1%)
[133.338s][info][gc,heap     ] GC(84) Max Capacity: 1024M(100%)
[133.338s][info][gc,heap     ] GC(84) Soft Max Capacity: 1024M(100%)
[133.338s][info][gc,heap     ] GC(84)                Mark Start          Mark End        Relocate Start      Relocate End           High               Low         
[133.338s][info][gc,heap     ] GC(84)  Capacity:     1024M (100%)       1024M (100%)       1024M (100%)       1024M (100%)       1024M (100%)       1024M (100%)   
[133.338s][info][gc,heap     ] GC(84)      Free:      566M (55%)         560M (55%)         828M (81%)         990M (97%)         990M (97%)         560M (55%)    
[133.338s][info][gc,heap     ] GC(84)      Used:      458M (45%)         464M (45%)         196M (19%)          34M (3%)          464M (45%)          34M (3%)     
[133.338s][info][gc,heap     ] GC(84)      Live:         -                 6M (1%)            6M (1%)            6M (1%)             -                  -          
[133.338s][info][gc,heap     ] GC(84) Allocated:         -                 6M (1%)            8M (1%)            9M (1%)             -                  -          
[133.338s][info][gc,heap     ] GC(84)   Garbage:         -               451M (44%)         181M (18%)          17M (2%)             -                  -          
[133.338s][info][gc,heap     ] GC(84) Reclaimed:         -                  -               270M (26%)         433M (42%)            -                  -          
[133.339s][info][gc          ] GC(84) Garbage Collection (Proactive) 458M(45%)->34M(3%)
[134.808s][info][gc,start    ] GC(85) Garbage Collection (Proactive)
[134.809s][info][gc,task     ] GC(85) Using 10 workers
[134.809s][info][gc,phases   ] GC(85) Pause Mark Start 0.019ms
[134.824s][info][gc,phases   ] GC(85) Concurrent Mark 15.187ms
[134.824s][info][gc,phases   ] GC(85) Pause Mark End 0.021ms
[134.824s][info][gc,phases   ] GC(85) Concurrent Mark Free 0.002ms
[134.825s][info][gc,phases   ] GC(85) Concurrent Process Non-Strong References 0.514ms
[134.825s][info][gc,phases   ] GC(85) Concurrent Reset Relocation Set 0.016ms
[134.829s][info][gc,phases   ] GC(85) Concurrent Select Relocation Set 3.915ms
[134.829s][info][gc,phases   ] GC(85) Pause Relocate Start 0.009ms
[134.833s][info][gc,phases   ] GC(85) Concurrent Relocate 3.450ms
[134.833s][info][gc,load     ] GC(85) Load: 0.00/0.00/0.00
[134.833s][info][gc,mmu      ] GC(85) MMU: 2ms/98.6%, 5ms/99.3%, 10ms/99.6%, 20ms/99.8%, 50ms/99.8%, 100ms/99.9%
[134.833s][info][gc,marking  ] GC(85) Mark: 8 stripe(s), 3 proactive flush(es), 1 terminate flush(es), 0 completion(s), 0 continuation(s) 
[134.833s][info][gc,marking  ] GC(85) Mark Stack Usage: 32M
[134.833s][info][gc,nmethod  ] GC(85) NMethods: 629 registered, 73 unregistered
[134.833s][info][gc,metaspace] GC(85) Metaspace: 9M used, 9M committed, 1088M reserved
[134.833s][info][gc,ref      ] GC(85) Soft: 214 encountered, 0 discovered, 0 enqueued
[134.833s][info][gc,ref      ] GC(85) Weak: 809 encountered, 3 discovered, 0 enqueued
[134.833s][info][gc,ref      ] GC(85) Final: 0 encountered, 0 discovered, 0 enqueued
[134.833s][info][gc,ref      ] GC(85) Phantom: 27 encountered, 23 discovered, 0 enqueued
[134.833s][info][gc,reloc    ] GC(85) Small Pages: 250 / 500M, Empty: 364M, Relocated: 3M, In-Place: 0
[134.833s][info][gc,reloc    ] GC(85) Medium Pages: 0 / 0M, Empty: 0M, Relocated: 0M, In-Place: 0
[134.833s][info][gc,reloc    ] GC(85) Large Pages: 0 / 0M, Empty: 0M, Relocated: 0M, In-Place: 0
[134.833s][info][gc,reloc    ] GC(85) Forwarding Usage: 1M
[134.833s][info][gc,heap     ] GC(85) Min Capacity: 8M(1%)
[134.833s][info][gc,heap     ] GC(85) Max Capacity: 1024M(100%)
[134.833s][info][gc,heap     ] GC(85) Soft Max Capacity: 1024M(100%)
[134.833s][info][gc,heap     ] GC(85)                Mark Start          Mark End        Relocate Start      Relocate End           High               Low         
[134.833s][info][gc,heap     ] GC(85)  Capacity:     1024M (100%)       1024M (100%)       1024M (100%)       1024M (100%)       1024M (100%)       1024M (100%)   
[134.833s][info][gc,heap     ] GC(85)      Free:      524M (51%)         516M (50%)         880M (86%)         990M (97%)         990M (97%)         516M (50%)    
[134.833s][info][gc,heap     ] GC(85)      Used:      500M (49%)         508M (50%)         144M (14%)          34M (3%)          508M (50%)          34M (3%)     
[134.833s][info][gc,heap     ] GC(85)      Live:         -                 6M (1%)            6M (1%)            6M (1%)             -                  -          
[134.833s][info][gc,heap     ] GC(85) Allocated:         -                 8M (1%)            8M (1%)            9M (1%)             -                  -          
[134.833s][info][gc,heap     ] GC(85)   Garbage:         -               493M (48%)         129M (13%)          17M (2%)             -                  -          
[134.833s][info][gc,heap     ] GC(85) Reclaimed:         -                  -               364M (36%)         475M (46%)            -                  -          
[134.833s][info][gc          ] GC(85) Garbage Collection (Proactive) 500M(49%)->34M(3%)
[136.206s][info][gc,start    ] GC(86) Garbage Collection (Proactive)
[136.206s][info][gc,task     ] GC(86) Using 10 workers
[136.207s][info][gc,phases   ] GC(86) Pause Mark Start 0.019ms
[136.222s][info][gc,phases   ] GC(86) Concurrent Mark 15.164ms
[136.222s][info][gc,phases   ] GC(86) Pause Mark End 0.024ms
[136.222s][info][gc,phases   ] GC(86) Concurrent Mark Free 0.001ms
[136.223s][info][gc,phases   ] GC(86) Concurrent Process Non-Strong References 0.555ms
[136.223s][info][gc,phases   ] GC(86) Concurrent Reset Relocation Set 0.010ms
[136.227s][info][gc,phases   ] GC(86) Concurrent Select Relocation Set 3.894ms
[136.227s][info][gc,phases   ] GC(86) Pause Relocate Start 0.009ms
[136.229s][info][gc,phases   ] GC(86) Concurrent Relocate 1.709ms
[136.229s][info][gc,load     ] GC(86) Load: 0.00/0.00/0.00
[136.229s][info][gc,mmu      ] GC(86) MMU: 2ms/98.6%, 5ms/99.3%, 10ms/99.6%, 20ms/99.8%, 50ms/99.8%, 100ms/99.9%
[136.229s][info][gc,marking  ] GC(86) Mark: 8 stripe(s), 4 proactive flush(es), 1 terminate flush(es), 0 completion(s), 0 continuation(s) 
[136.229s][info][gc,marking  ] GC(86) Mark Stack Usage: 32M
[136.229s][info][gc,nmethod  ] GC(86) NMethods: 629 registered, 73 unregistered
[136.229s][info][gc,metaspace] GC(86) Metaspace: 9M used, 9M committed, 1088M reserved
[136.229s][info][gc,ref      ] GC(86) Soft: 214 encountered, 0 discovered, 0 enqueued
[136.229s][info][gc,ref      ] GC(86) Weak: 809 encountered, 14 discovered, 0 enqueued
[136.229s][info][gc,ref      ] GC(86) Final: 0 encountered, 0 discovered, 0 enqueued
[136.229s][info][gc,ref      ] GC(86) Phantom: 27 encountered, 24 discovered, 0 enqueued
[136.229s][info][gc,reloc    ] GC(86) Small Pages: 242 / 484M, Empty: 380M, Relocated: 1M, In-Place: 0
[136.229s][info][gc,reloc    ] GC(86) Medium Pages: 0 / 0M, Empty: 0M, Relocated: 0M, In-Place: 0
[136.229s][info][gc,reloc    ] GC(86) Large Pages: 0 / 0M, Empty: 0M, Relocated: 0M, In-Place: 0
[136.229s][info][gc,reloc    ] GC(86) Forwarding Usage: 0M
[136.229s][info][gc,heap     ] GC(86) Min Capacity: 8M(1%)
[136.229s][info][gc,heap     ] GC(86) Max Capacity: 1024M(100%)
[136.229s][info][gc,heap     ] GC(86) Soft Max Capacity: 1024M(100%)
[136.229s][info][gc,heap     ] GC(86)                Mark Start          Mark End        Relocate Start      Relocate End           High               Low         
[136.229s][info][gc,heap     ] GC(86)  Capacity:     1024M (100%)       1024M (100%)       1024M (100%)       1024M (100%)       1024M (100%)       1024M (100%)   
[136.229s][info][gc,heap     ] GC(86)      Free:      540M (53%)         534M (52%)         912M (89%)         990M (97%)         990M (97%)         532M (52%)    
[136.229s][info][gc,heap     ] GC(86)      Used:      484M (47%)         490M (48%)         112M (11%)          34M (3%)          492M (48%)          34M (3%)     
[136.229s][info][gc,heap     ] GC(86)      Live:         -                 6M (1%)            6M (1%)            6M (1%)             -                  -          
[136.229s][info][gc,heap     ] GC(86) Allocated:         -                 6M (1%)            8M (1%)            7M (1%)             -                  -          
[136.230s][info][gc,heap     ] GC(86)   Garbage:         -               477M (47%)          97M (10%)          19M (2%)             -                  -          
[136.230s][info][gc,heap     ] GC(86) Reclaimed:         -                  -               380M (37%)         457M (45%)            -                  -          
[136.230s][info][gc          ] GC(86) Garbage Collection (Proactive) 484M(47%)->34M(3%)
[137.604s][info][gc,start    ] GC(87) Garbage Collection (Proactive)
[137.604s][info][gc,task     ] GC(87) Using 10 workers
[137.604s][info][gc,phases   ] GC(87) Pause Mark Start 0.018ms
[137.619s][info][gc,phases   ] GC(87) Concurrent Mark 15.183ms
[137.619s][info][gc,phases   ] GC(87) Pause Mark End 0.019ms
[137.620s][info][gc,phases   ] GC(87) Concurrent Mark Free 0.001ms
[137.620s][info][gc,phases   ] GC(87) Concurrent Process Non-Strong References 0.472ms
[137.620s][info][gc,phases   ] GC(87) Concurrent Reset Relocation Set 0.006ms
[137.626s][info][gc,phases   ] GC(87) Concurrent Select Relocation Set 5.572ms
[137.626s][info][gc,phases   ] GC(87) Pause Relocate Start 0.006ms
[137.630s][info][gc,phases   ] GC(87) Concurrent Relocate 4.481ms
[137.630s][info][gc,load     ] GC(87) Load: 0.00/0.00/0.00
[137.631s][info][gc,mmu      ] GC(87) MMU: 2ms/98.6%, 5ms/99.3%, 10ms/99.6%, 20ms/99.8%, 50ms/99.8%, 100ms/99.9%
[137.631s][info][gc,marking  ] GC(87) Mark: 8 stripe(s), 2 proactive flush(es), 1 terminate flush(es), 0 completion(s), 0 continuation(s) 
[137.631s][info][gc,marking  ] GC(87) Mark Stack Usage: 32M
[137.631s][info][gc,nmethod  ] GC(87) NMethods: 629 registered, 73 unregistered
[137.631s][info][gc,metaspace] GC(87) Metaspace: 9M used, 9M committed, 1088M reserved
[137.631s][info][gc,ref      ] GC(87) Soft: 214 encountered, 0 discovered, 0 enqueued
[137.631s][info][gc,ref      ] GC(87) Weak: 809 encountered, 21 discovered, 0 enqueued
[137.631s][info][gc,ref      ] GC(87) Final: 0 encountered, 0 discovered, 0 enqueued
[137.631s][info][gc,ref      ] GC(87) Phantom: 27 encountered, 20 discovered, 0 enqueued
[137.631s][info][gc,reloc    ] GC(87) Small Pages: 237 / 474M, Empty: 404M, Relocated: 3M, In-Place: 0
[137.631s][info][gc,reloc    ] GC(87) Medium Pages: 0 / 0M, Empty: 0M, Relocated: 0M, In-Place: 0
[137.631s][info][gc,reloc    ] GC(87) Large Pages: 0 / 0M, Empty: 0M, Relocated: 0M, In-Place: 0
[137.631s][info][gc,reloc    ] GC(87) Forwarding Usage: 1M
[137.631s][info][gc,heap     ] GC(87) Min Capacity: 8M(1%)
[137.631s][info][gc,heap     ] GC(87) Max Capacity: 1024M(100%)
[137.631s][info][gc,heap     ] GC(87) Soft Max Capacity: 1024M(100%)
[137.631s][info][gc,heap     ] GC(87)                Mark Start          Mark End        Relocate Start      Relocate End           High               Low         
[137.631s][info][gc,heap     ] GC(87)  Capacity:     1024M (100%)       1024M (100%)       1024M (100%)       1024M (100%)       1024M (100%)       1024M (100%)   
[137.631s][info][gc,heap     ] GC(87)      Free:      550M (54%)         544M (53%)         946M (92%)         990M (97%)         990M (97%)         544M (53%)    
[137.631s][info][gc,heap     ] GC(87)      Used:      474M (46%)         480M (47%)          78M (8%)           34M (3%)          480M (47%)          34M (3%)     
[137.631s][info][gc,heap     ] GC(87)      Live:         -                 6M (1%)            6M (1%)            6M (1%)             -                  -          
[137.631s][info][gc,heap     ] GC(87) Allocated:         -                 6M (1%)            8M (1%)            9M (1%)             -                  -          
[137.631s][info][gc,heap     ] GC(87)   Garbage:         -               467M (46%)          63M (6%)           17M (2%)             -                  -          
[137.631s][info][gc,heap     ] GC(87) Reclaimed:         -                  -               404M (39%)         449M (44%)            -                  -          
[137.631s][info][gc          ] GC(87) Garbage Collection (Proactive) 474M(46%)->34M(3%)
[138.776s][info][gc,start    ] GC(88) Garbage Collection (System.gc())
[138.776s][info][gc,task     ] GC(88) Using 10 workers
[138.776s][info][gc,phases   ] GC(88) Pause Mark Start 0.018ms
[138.790s][info][gc,phases   ] GC(88) Concurrent Mark 14.328ms
[138.791s][info][gc,phases   ] GC(88) Pause Mark End 0.018ms
[138.791s][info][gc,phases   ] GC(88) Concurrent Mark Free 0.002ms
[138.791s][info][gc,phases   ] GC(88) Concurrent Process Non-Strong References 0.500ms
[138.791s][info][gc,phases   ] GC(88) Concurrent Reset Relocation Set 0.006ms
[138.795s][info][gc,phases   ] GC(88) Concurrent Select Relocation Set 3.836ms
[138.795s][info][gc,phases   ] GC(88) Pause Relocate Start 0.006ms
[138.798s][info][gc,phases   ] GC(88) Concurrent Relocate 3.105ms
[138.799s][info][gc,load     ] GC(88) Load: 0.00/0.00/0.00
[138.799s][info][gc,mmu      ] GC(88) MMU: 2ms/98.6%, 5ms/99.3%, 10ms/99.6%, 20ms/99.8%, 50ms/99.8%, 100ms/99.9%
[138.799s][info][gc,marking  ] GC(88) Mark: 8 stripe(s), 2 proactive flush(es), 1 terminate flush(es), 0 completion(s), 0 continuation(s) 
[138.799s][info][gc,marking  ] GC(88) Mark Stack Usage: 32M
[138.799s][info][gc,nmethod  ] GC(88) NMethods: 630 registered, 73 unregistered
[138.799s][info][gc,metaspace] GC(88) Metaspace: 9M used, 9M committed, 1088M reserved
[138.799s][info][gc,ref      ] GC(88) Soft: 214 encountered, 0 discovered, 0 enqueued
[138.799s][info][gc,ref      ] GC(88) Weak: 809 encountered, 22 discovered, 0 enqueued
[138.799s][info][gc,ref      ] GC(88) Final: 0 encountered, 0 discovered, 0 enqueued
[138.799s][info][gc,ref      ] GC(88) Phantom: 27 encountered, 19 discovered, 0 enqueued
[138.799s][info][gc,reloc    ] GC(88) Small Pages: 196 / 392M, Empty: 374M, Relocated: 1M, In-Place: 0
[138.799s][info][gc,reloc    ] GC(88) Medium Pages: 0 / 0M, Empty: 0M, Relocated: 0M, In-Place: 0
[138.799s][info][gc,reloc    ] GC(88) Large Pages: 0 / 0M, Empty: 0M, Relocated: 0M, In-Place: 0
[138.799s][info][gc,reloc    ] GC(88) Forwarding Usage: 0M
[138.799s][info][gc,heap     ] GC(88) Min Capacity: 8M(1%)
[138.799s][info][gc,heap     ] GC(88) Max Capacity: 1024M(100%)
[138.799s][info][gc,heap     ] GC(88) Soft Max Capacity: 1024M(100%)
[138.799s][info][gc,heap     ] GC(88)                Mark Start          Mark End        Relocate Start      Relocate End           High               Low         
[138.799s][info][gc,heap     ] GC(88)  Capacity:     1024M (100%)       1024M (100%)       1024M (100%)       1024M (100%)       1024M (100%)       1024M (100%)   
[138.799s][info][gc,heap     ] GC(88)      Free:      632M (62%)         632M (62%)        1006M (98%)        1006M (98%)        1006M (98%)         632M (62%)    
[138.799s][info][gc,heap     ] GC(88)      Used:      392M (38%)         392M (38%)          18M (2%)           18M (2%)          392M (38%)          18M (2%)     
[138.799s][info][gc,heap     ] GC(88)      Live:         -                 4M (0%)            4M (0%)            4M (0%)             -                  -          
[138.799s][info][gc,heap     ] GC(88) Allocated:         -                 0M (0%)            0M (0%)            0M (0%)             -                  -          
[138.799s][info][gc,heap     ] GC(88)   Garbage:         -               387M (38%)          13M (1%)           13M (1%)             -                  -          
[138.799s][info][gc,heap     ] GC(88) Reclaimed:         -                  -               374M (37%)         374M (37%)            -                  -          
[138.799s][info][gc          ] GC(88) Garbage Collection (System.gc()) 392M(38%)->18M(2%)
[140.102s][info][gc,stats    ] === Garbage Collection Statistics =======================================================================================================================
[140.102s][info][gc,stats    ]                                                              Last 10s              Last 10m              Last 10h                Total
[140.102s][info][gc,stats    ]                                                              Avg / Max             Avg / Max             Avg / Max             Avg / Max
[140.102s][info][gc,stats    ]   Collector: Garbage Collection Cycle                     24.349 / 26.825       27.556 / 78.390       27.556 / 78.390       27.556 / 78.390      ms
[140.102s][info][gc,stats    ]  Contention: Mark Segment Reset Contention                     0 / 2                 0 / 6                 0 / 6                 0 / 6           ops/s
[140.102s][info][gc,stats    ]  Contention: Mark SeqNum Reset Contention                      0 / 1                 0 / 2                 0 / 2                 0 / 2           ops/s
[140.102s][info][gc,stats    ]    Critical: Allocation Stall                                  0 / 0                 0 / 0                 0 / 0                 0 / 0           ops/s
[140.102s][info][gc,stats    ]    Critical: Allocation Stall                              0.000 / 0.000         0.000 / 0.000         0.000 / 0.000         0.000 / 0.000       ms
[140.102s][info][gc,stats    ]    Critical: GC Locker Stall                                   0 / 0                 0 / 0                 0 / 0                 0 / 0           ops/s
[140.103s][info][gc,stats    ]    Critical: GC Locker Stall                               0.000 / 0.000         0.000 / 0.000         0.000 / 0.000         0.000 / 0.000       ms
[140.103s][info][gc,stats    ]    Critical: Relocation Stall                                  0 / 0                 0 / 0                 0 / 0                 0 / 0           ops/s
[140.103s][info][gc,stats    ]    Critical: Relocation Stall                              0.000 / 0.000         0.000 / 0.000         0.000 / 0.000         0.000 / 0.000       ms
[140.103s][info][gc,stats    ]      Memory: Allocation Rate                                 322 / 330             318 / 340             318 / 340             318 / 340         MB/s
[140.103s][info][gc,stats    ]      Memory: Defragment                                        0 / 0                 0 / 0                 0 / 0                 0 / 0           ops/s
[140.103s][info][gc,stats    ]      Memory: Out Of Memory                                     0 / 0                 0 / 0                 0 / 0                 0 / 0           ops/s
[140.103s][info][gc,stats    ]      Memory: Page Cache Flush                                  0 / 0                 0 / 0                 0 / 0                 0 / 0           MB/s
[140.103s][info][gc,stats    ]      Memory: Page Cache Hit L1                               168 / 175             161 / 179             161 / 179             161 / 179         ops/s
[140.103s][info][gc,stats    ]      Memory: Page Cache Hit L2                                 0 / 0                 0 / 0                 0 / 0                 0 / 0           ops/s
[140.103s][info][gc,stats    ]      Memory: Page Cache Hit L3                                 0 / 0                 3 / 103               3 / 103               3 / 103         ops/s
[140.103s][info][gc,stats    ]      Memory: Page Cache Miss                                   0 / 0                 0 / 1                 0 / 1                 0 / 1           ops/s
[140.103s][info][gc,stats    ]      Memory: Uncommit                                          0 / 0                 0 / 0                 0 / 0                 0 / 0           MB/s
[140.103s][info][gc,stats    ]      Memory: Undo Object Allocation Failed                     0 / 0                 0 / 4                 0 / 4                 0 / 4           ops/s
[140.103s][info][gc,stats    ]      Memory: Undo Object Allocation Succeeded                  0 / 2                 0 / 4                 0 / 4                 0 / 4           ops/s
[140.103s][info][gc,stats    ]      Memory: Undo Page Allocation                              1 / 4                 1 / 6                 1 / 6                 1 / 6           ops/s
[140.103s][info][gc,stats    ]       Phase: Concurrent Mark                              14.913 / 15.234       15.747 / 34.706       15.747 / 34.706       15.747 / 34.706      ms
[140.103s][info][gc,stats    ]       Phase: Concurrent Mark Continue                      0.000 / 0.000         0.000 / 0.000         0.000 / 0.000         0.000 / 0.000       ms
[140.103s][info][gc,stats    ]       Phase: Concurrent Mark Free                          0.001 / 0.002         0.001 / 0.002         0.001 / 0.002         0.001 / 0.002       ms
[140.103s][info][gc,stats    ]       Phase: Concurrent Process Non-Strong References      0.523 / 0.558         1.299 / 7.426         1.299 / 7.426         1.299 / 7.426       ms
[140.103s][info][gc,stats    ]       Phase: Concurrent Relocate                           3.331 / 4.481         3.595 / 12.244        3.595 / 12.244        3.595 / 12.244      ms
[140.103s][info][gc,stats    ]       Phase: Concurrent Reset Relocation Set               0.008 / 0.016         0.008 / 0.016         0.008 / 0.016         0.008 / 0.016       ms
[140.103s][info][gc,stats    ]       Phase: Concurrent Select Relocation Set              4.510 / 5.767         4.944 / 14.229        4.944 / 14.229        4.944 / 14.229      ms
[140.103s][info][gc,stats    ]       Phase: Pause Mark End                                0.021 / 0.024         0.021 / 0.027         0.021 / 0.027         0.021 / 0.027       ms
[140.103s][info][gc,stats    ]       Phase: Pause Mark Start                              0.018 / 0.019         0.017 / 0.029         0.017 / 0.029         0.017 / 0.029       ms
[140.103s][info][gc,stats    ]       Phase: Pause Relocate Start                          0.007 / 0.009         0.008 / 0.014         0.008 / 0.014         0.008 / 0.014       ms
[140.103s][info][gc,stats    ]    Subphase: Concurrent Classes Purge                      0.005 / 0.005         0.100 / 5.468         0.100 / 5.468         0.100 / 5.468       ms
[140.103s][info][gc,stats    ]    Subphase: Concurrent Classes Unlink                     0.238 / 0.274         0.853 / 5.860         0.853 / 5.860         0.853 / 5.860       ms
[140.103s][info][gc,stats    ]    Subphase: Concurrent Mark                              13.065 / 14.511       12.632 / 31.718       12.632 / 31.718       12.632 / 31.718      ms
[140.104s][info][gc,stats    ]    Subphase: Concurrent Mark Try Flush                     0.069 / 0.106         0.070 / 0.242         0.070 / 0.242         0.070 / 0.242       ms
[140.104s][info][gc,stats    ]    Subphase: Concurrent Mark Try Terminate                 8.428 / 11.602        7.247 / 17.080        7.247 / 17.080        7.247 / 17.080      ms
[140.104s][info][gc,stats    ]    Subphase: Concurrent References Enqueue                 0.000 / 0.000         0.001 / 0.005         0.001 / 0.005         0.001 / 0.005       ms
[140.104s][info][gc,stats    ]    Subphase: Concurrent References Process                 0.039 / 0.057         0.043 / 0.088         0.043 / 0.088         0.043 / 0.088       ms
[140.104s][info][gc,stats    ]    Subphase: Concurrent Roots ClassLoaderDataGraph         0.070 / 0.460         0.087 / 0.868         0.087 / 0.868         0.087 / 0.868       ms
[140.104s][info][gc,stats    ]    Subphase: Concurrent Roots CodeCache                    0.000 / 0.000         0.000 / 0.000         0.000 / 0.000         0.000 / 0.000       ms
[140.104s][info][gc,stats    ]    Subphase: Concurrent Roots JavaThreads                  0.496 / 1.008         0.518 / 2.549         0.518 / 2.549         0.518 / 2.549       ms
[140.104s][info][gc,stats    ]    Subphase: Concurrent Roots OopStorageSet                0.015 / 0.048         0.018 / 0.219         0.018 / 0.219         0.018 / 0.219       ms
[140.104s][info][gc,stats    ]    Subphase: Concurrent Weak Roots OopStorageSet           0.123 / 0.142         0.140 / 1.443         0.140 / 1.443         0.140 / 1.443       ms
[140.104s][info][gc,stats    ]    Subphase: Pause Mark Try Complete                       0.000 / 0.000         0.000 / 0.000         0.000 / 0.000         0.000 / 0.000       ms
[140.104s][info][gc,stats    ]      System: Java Threads                                     36 / 36               34 / 41               34 / 41               34 / 41          threads
[140.104s][info][gc,stats    ] =========================================================================================================================================================
[140.305s][info][gc,start    ] GC(89) Garbage Collection (Proactive)
[140.305s][info][gc,task     ] GC(89) Using 10 workers
[140.306s][info][gc,phases   ] GC(89) Pause Mark Start 0.018ms
[140.321s][info][gc,phases   ] GC(89) Concurrent Mark 15.150ms
[140.321s][info][gc,phases   ] GC(89) Pause Mark End 0.021ms
[140.321s][info][gc,phases   ] GC(89) Concurrent Mark Free 0.001ms
[140.322s][info][gc,phases   ] GC(89) Concurrent Process Non-Strong References 0.552ms
[140.322s][info][gc,phases   ] GC(89) Concurrent Reset Relocation Set 0.002ms
[140.327s][info][gc,phases   ] GC(89) Concurrent Select Relocation Set 5.534ms
[140.327s][info][gc,phases   ] GC(89) Pause Relocate Start 0.008ms
[140.331s][info][gc,phases   ] GC(89) Concurrent Relocate 3.516ms
[140.331s][info][gc,load     ] GC(89) Load: 0.00/0.00/0.00
[140.331s][info][gc,mmu      ] GC(89) MMU: 2ms/98.6%, 5ms/99.3%, 10ms/99.6%, 20ms/99.8%, 50ms/99.8%, 100ms/99.9%
[140.331s][info][gc,marking  ] GC(89) Mark: 8 stripe(s), 3 proactive flush(es), 1 terminate flush(es), 0 completion(s), 0 continuation(s) 
[140.331s][info][gc,marking  ] GC(89) Mark Stack Usage: 32M
[140.331s][info][gc,nmethod  ] GC(89) NMethods: 656 registered, 73 unregistered
[140.331s][info][gc,metaspace] GC(89) Metaspace: 9M used, 9M committed, 1088M reserved
[140.331s][info][gc,ref      ] GC(89) Soft: 214 encountered, 0 discovered, 0 enqueued
[140.331s][info][gc,ref      ] GC(89) Weak: 809 encountered, 139 discovered, 0 enqueued
[140.331s][info][gc,ref      ] GC(89) Final: 0 encountered, 0 discovered, 0 enqueued
[140.331s][info][gc,ref      ] GC(89) Phantom: 27 encountered, 19 discovered, 0 enqueued
[140.331s][info][gc,reloc    ] GC(89) Small Pages: 251 / 502M, Empty: 336M, Relocated: 3M, In-Place: 0
[140.331s][info][gc,reloc    ] GC(89) Medium Pages: 0 / 0M, Empty: 0M, Relocated: 0M, In-Place: 0
[140.331s][info][gc,reloc    ] GC(89) Large Pages: 0 / 0M, Empty: 0M, Relocated: 0M, In-Place: 0
[140.331s][info][gc,reloc    ] GC(89) Forwarding Usage: 1M
[140.331s][info][gc,heap     ] GC(89) Min Capacity: 8M(1%)
[140.332s][info][gc,heap     ] GC(89) Max Capacity: 1024M(100%)
[140.332s][info][gc,heap     ] GC(89) Soft Max Capacity: 1024M(100%)
[140.332s][info][gc,heap     ] GC(89)                Mark Start          Mark End        Relocate Start      Relocate End           High               Low         
[140.332s][info][gc,heap     ] GC(89)  Capacity:     1024M (100%)       1024M (100%)       1024M (100%)       1024M (100%)       1024M (100%)       1024M (100%)   
[140.332s][info][gc,heap     ] GC(89)      Free:      522M (51%)         516M (50%)         850M (83%)         990M (97%)         990M (97%)         516M (50%)    
[140.332s][info][gc,heap     ] GC(89)      Used:      502M (49%)         508M (50%)         174M (17%)          34M (3%)          508M (50%)          34M (3%)     
[140.332s][info][gc,heap     ] GC(89)      Live:         -                 6M (1%)            6M (1%)            6M (1%)             -                  -          
[140.332s][info][gc,heap     ] GC(89) Allocated:         -                 6M (1%)            8M (1%)            9M (1%)             -                  -          
[140.332s][info][gc,heap     ] GC(89)   Garbage:         -               495M (48%)         159M (16%)          17M (2%)             -                  -          
[140.332s][info][gc,heap     ] GC(89) Reclaimed:         -                  -               336M (33%)         477M (47%)            -                  -          
[140.332s][info][gc          ] GC(89) Garbage Collection (Proactive) 502M(49%)->34M(3%)
[141.812s][info][gc,start    ] GC(90) Garbage Collection (Proactive)
[141.812s][info][gc,task     ] GC(90) Using 10 workers
[141.812s][info][gc,phases   ] GC(90) Pause Mark Start 0.019ms
[141.828s][info][gc,phases   ] GC(90) Concurrent Mark 15.192ms
[141.828s][info][gc,phases   ] GC(90) Pause Mark End 0.024ms
[141.828s][info][gc,phases   ] GC(90) Concurrent Mark Free 0.002ms
[141.829s][info][gc,phases   ] GC(90) Concurrent Process Non-Strong References 0.563ms
[141.829s][info][gc,phases   ] GC(90) Concurrent Reset Relocation Set 0.011ms
[141.832s][info][gc,phases   ] GC(90) Concurrent Select Relocation Set 3.776ms
[141.833s][info][gc,phases   ] GC(90) Pause Relocate Start 0.006ms
[141.836s][info][gc,phases   ] GC(90) Concurrent Relocate 3.535ms
[141.836s][info][gc,load     ] GC(90) Load: 0.00/0.00/0.00
[141.836s][info][gc,mmu      ] GC(90) MMU: 2ms/98.6%, 5ms/99.3%, 10ms/99.6%, 20ms/99.8%, 50ms/99.8%, 100ms/99.9%
[141.836s][info][gc,marking  ] GC(90) Mark: 8 stripe(s), 4 proactive flush(es), 1 terminate flush(es), 0 completion(s), 0 continuation(s) 
[141.836s][info][gc,marking  ] GC(90) Mark Stack Usage: 32M
[141.836s][info][gc,nmethod  ] GC(90) NMethods: 656 registered, 73 unregistered
[141.836s][info][gc,metaspace] GC(90) Metaspace: 9M used, 9M committed, 1088M reserved
[141.836s][info][gc,ref      ] GC(90) Soft: 214 encountered, 0 discovered, 0 enqueued
[141.836s][info][gc,ref      ] GC(90) Weak: 809 encountered, 10 discovered, 0 enqueued
[141.837s][info][gc,ref      ] GC(90) Final: 0 encountered, 0 discovered, 0 enqueued
[141.837s][info][gc,ref      ] GC(90) Phantom: 27 encountered, 20 discovered, 0 enqueued
[141.837s][info][gc,reloc    ] GC(90) Small Pages: 258 / 516M, Empty: 394M, Relocated: 3M, In-Place: 0
[141.837s][info][gc,reloc    ] GC(90) Medium Pages: 0 / 0M, Empty: 0M, Relocated: 0M, In-Place: 0
[141.837s][info][gc,reloc    ] GC(90) Large Pages: 0 / 0M, Empty: 0M, Relocated: 0M, In-Place: 0
[141.837s][info][gc,reloc    ] GC(90) Forwarding Usage: 1M
[141.837s][info][gc,heap     ] GC(90) Min Capacity: 8M(1%)
[141.837s][info][gc,heap     ] GC(90) Max Capacity: 1024M(100%)
[141.837s][info][gc,heap     ] GC(90) Soft Max Capacity: 1024M(100%)
[141.837s][info][gc,heap     ] GC(90)                Mark Start          Mark End        Relocate Start      Relocate End           High               Low         
[141.837s][info][gc,heap     ] GC(90)  Capacity:     1024M (100%)       1024M (100%)       1024M (100%)       1024M (100%)       1024M (100%)       1024M (100%)   
[141.837s][info][gc,heap     ] GC(90)      Free:      508M (50%)         502M (49%)         894M (87%)         992M (97%)         992M (97%)         502M (49%)    
[141.837s][info][gc,heap     ] GC(90)      Used:      516M (50%)         522M (51%)         130M (13%)          32M (3%)          522M (51%)          32M (3%)     
[141.837s][info][gc,heap     ] GC(90)      Live:         -                 6M (1%)            6M (1%)            6M (1%)             -                  -          
[141.837s][info][gc,heap     ] GC(90) Allocated:         -                 6M (1%)            8M (1%)            7M (1%)             -                  -          
[141.837s][info][gc,heap     ] GC(90)   Garbage:         -               509M (50%)         115M (11%)          17M (2%)             -                  -          
[141.837s][info][gc,heap     ] GC(90) Reclaimed:         -                  -               394M (38%)         491M (48%)            -                  -          
[141.837s][info][gc          ] GC(90) Garbage Collection (Proactive) 516M(50%)->32M(3%)
[143.200s][info][gc,start    ] GC(91) Garbage Collection (Proactive)
[143.201s][info][gc,task     ] GC(91) Using 10 workers
[143.201s][info][gc,phases   ] GC(91) Pause Mark Start 0.019ms
[143.216s][info][gc,phases   ] GC(91) Concurrent Mark 15.210ms
[143.216s][info][gc,phases   ] GC(91) Pause Mark End 0.023ms
[143.216s][info][gc,phases   ] GC(91) Concurrent Mark Free 0.002ms
[143.217s][info][gc,phases   ] GC(91) Concurrent Process Non-Strong References 0.586ms
[143.217s][info][gc,phases   ] GC(91) Concurrent Reset Relocation Set 0.010ms
[143.221s][info][gc,phases   ] GC(91) Concurrent Select Relocation Set 3.771ms
[143.221s][info][gc,phases   ] GC(91) Pause Relocate Start 0.010ms
[143.225s][info][gc,phases   ] GC(91) Concurrent Relocate 3.505ms
[143.225s][info][gc,load     ] GC(91) Load: 0.00/0.00/0.00
[143.225s][info][gc,mmu      ] GC(91) MMU: 2ms/98.6%, 5ms/99.3%, 10ms/99.6%, 20ms/99.8%, 50ms/99.8%, 100ms/99.9%
[143.225s][info][gc,marking  ] GC(91) Mark: 8 stripe(s), 3 proactive flush(es), 1 terminate flush(es), 0 completion(s), 0 continuation(s) 
[143.225s][info][gc,marking  ] GC(91) Mark Stack Usage: 32M
[143.225s][info][gc,nmethod  ] GC(91) NMethods: 656 registered, 73 unregistered
[143.225s][info][gc,metaspace] GC(91) Metaspace: 9M used, 9M committed, 1088M reserved
[143.225s][info][gc,ref      ] GC(91) Soft: 214 encountered, 0 discovered, 0 enqueued
[143.225s][info][gc,ref      ] GC(91) Weak: 809 encountered, 36 discovered, 0 enqueued
[143.225s][info][gc,ref      ] GC(91) Final: 0 encountered, 0 discovered, 0 enqueued
[143.225s][info][gc,ref      ] GC(91) Phantom: 27 encountered, 21 discovered, 0 enqueued
[143.225s][info][gc,reloc    ] GC(91) Small Pages: 229 / 458M, Empty: 358M, Relocated: 3M, In-Place: 0
[143.225s][info][gc,reloc    ] GC(91) Medium Pages: 0 / 0M, Empty: 0M, Relocated: 0M, In-Place: 0
[143.225s][info][gc,reloc    ] GC(91) Large Pages: 0 / 0M, Empty: 0M, Relocated: 0M, In-Place: 0
[143.225s][info][gc,reloc    ] GC(91) Forwarding Usage: 1M
[143.225s][info][gc,heap     ] GC(91) Min Capacity: 8M(1%)
[143.225s][info][gc,heap     ] GC(91) Max Capacity: 1024M(100%)
[143.225s][info][gc,heap     ] GC(91) Soft Max Capacity: 1024M(100%)
[143.225s][info][gc,heap     ] GC(91)                Mark Start          Mark End        Relocate Start      Relocate End           High               Low         
[143.225s][info][gc,heap     ] GC(91)  Capacity:     1024M (100%)       1024M (100%)       1024M (100%)       1024M (100%)       1024M (100%)       1024M (100%)   
[143.225s][info][gc,heap     ] GC(91)      Free:      566M (55%)         560M (55%)         916M (89%)         992M (97%)         992M (97%)         560M (55%)    
[143.225s][info][gc,heap     ] GC(91)      Used:      458M (45%)         464M (45%)         108M (11%)          32M (3%)          464M (45%)          32M (3%)     
[143.225s][info][gc,heap     ] GC(91)      Live:         -                 6M (1%)            6M (1%)            6M (1%)             -                  -          
[143.225s][info][gc,heap     ] GC(91) Allocated:         -                 6M (1%)            8M (1%)            7M (1%)             -                  -          
[143.225s][info][gc,heap     ] GC(91)   Garbage:         -               451M (44%)          93M (9%)           17M (2%)             -                  -          
[143.225s][info][gc,heap     ] GC(91) Reclaimed:         -                  -               358M (35%)         433M (42%)            -                  -          
[143.225s][info][gc          ] GC(91) Garbage Collection (Proactive) 458M(45%)->32M(3%)
[144.511s][info][gc,start    ] GC(92) Garbage Collection (Proactive)
[144.511s][info][gc,task     ] GC(92) Using 10 workers
[144.511s][info][gc,phases   ] GC(92) Pause Mark Start 0.018ms
[144.527s][info][gc,phases   ] GC(92) Concurrent Mark 15.198ms
[144.527s][info][gc,phases   ] GC(92) Pause Mark End 0.021ms
[144.527s][info][gc,phases   ] GC(92) Concurrent Mark Free 0.001ms
[144.527s][info][gc,phases   ] GC(92) Concurrent Process Non-Strong References 0.554ms
[144.527s][info][gc,phases   ] GC(92) Concurrent Reset Relocation Set 0.007ms
[144.531s][info][gc,phases   ] GC(92) Concurrent Select Relocation Set 3.776ms
[144.531s][info][gc,phases   ] GC(92) Pause Relocate Start 0.006ms
[144.535s][info][gc,phases   ] GC(92) Concurrent Relocate 3.669ms
[144.535s][info][gc,load     ] GC(92) Load: 0.00/0.00/0.00
[144.535s][info][gc,mmu      ] GC(92) MMU: 2ms/98.6%, 5ms/99.3%, 10ms/99.6%, 20ms/99.8%, 50ms/99.8%, 100ms/99.9%
[144.535s][info][gc,marking  ] GC(92) Mark: 8 stripe(s), 2 proactive flush(es), 1 terminate flush(es), 0 completion(s), 0 continuation(s) 
[144.535s][info][gc,marking  ] GC(92) Mark Stack Usage: 32M
[144.535s][info][gc,nmethod  ] GC(92) NMethods: 656 registered, 73 unregistered
[144.535s][info][gc,metaspace] GC(92) Metaspace: 9M used, 9M committed, 1088M reserved
[144.535s][info][gc,ref      ] GC(92) Soft: 214 encountered, 0 discovered, 0 enqueued
[144.535s][info][gc,ref      ] GC(92) Weak: 809 encountered, 22 discovered, 0 enqueued
[144.535s][info][gc,ref      ] GC(92) Final: 0 encountered, 0 discovered, 0 enqueued
[144.535s][info][gc,ref      ] GC(92) Phantom: 27 encountered, 24 discovered, 0 enqueued
[144.536s][info][gc,reloc    ] GC(92) Small Pages: 222 / 444M, Empty: 348M, Relocated: 3M, In-Place: 0
[144.536s][info][gc,reloc    ] GC(92) Medium Pages: 0 / 0M, Empty: 0M, Relocated: 0M, In-Place: 0
[144.536s][info][gc,reloc    ] GC(92) Large Pages: 0 / 0M, Empty: 0M, Relocated: 0M, In-Place: 0
[144.536s][info][gc,reloc    ] GC(92) Forwarding Usage: 1M
[144.536s][info][gc,heap     ] GC(92) Min Capacity: 8M(1%)
[144.536s][info][gc,heap     ] GC(92) Max Capacity: 1024M(100%)
[144.536s][info][gc,heap     ] GC(92) Soft Max Capacity: 1024M(100%)
[144.536s][info][gc,heap     ] GC(92)                Mark Start          Mark End        Relocate Start      Relocate End           High               Low         
[144.536s][info][gc,heap     ] GC(92)  Capacity:     1024M (100%)       1024M (100%)       1024M (100%)       1024M (100%)       1024M (100%)       1024M (100%)   
[144.536s][info][gc,heap     ] GC(92)      Free:      580M (57%)         574M (56%)         920M (90%)         990M (97%)         990M (97%)         572M (56%)    
[144.536s][info][gc,heap     ] GC(92)      Used:      444M (43%)         450M (44%)         104M (10%)          34M (3%)          452M (44%)          34M (3%)     
[144.536s][info][gc,heap     ] GC(92)      Live:         -                 6M (1%)            6M (1%)            6M (1%)             -                  -          
[144.536s][info][gc,heap     ] GC(92) Allocated:         -                 6M (1%)            8M (1%)            9M (1%)             -                  -          
[144.536s][info][gc,heap     ] GC(92)   Garbage:         -               437M (43%)          89M (9%)           17M (2%)             -                  -          
[144.536s][info][gc,heap     ] GC(92) Reclaimed:         -                  -               348M (34%)         419M (41%)            -                  -          
[144.536s][info][gc          ] GC(92) Garbage Collection (Proactive) 444M(43%)->34M(3%)
[145.615s][info][gc,start    ] GC(93) Garbage Collection (System.gc())
[145.615s][info][gc,task     ] GC(93) Using 10 workers
[145.615s][info][gc,phases   ] GC(93) Pause Mark Start 0.018ms
[145.634s][info][gc,phases   ] GC(93) Concurrent Mark 18.998ms
[145.634s][info][gc,phases   ] GC(93) Pause Mark End 0.018ms
[145.634s][info][gc,phases   ] GC(93) Concurrent Mark Free 0.001ms
[145.635s][info][gc,phases   ] GC(93) Concurrent Process Non-Strong References 0.512ms
[145.635s][info][gc,phases   ] GC(93) Concurrent Reset Relocation Set 0.008ms
[145.639s][info][gc,phases   ] GC(93) Concurrent Select Relocation Set 3.819ms
[145.639s][info][gc,phases   ] GC(93) Pause Relocate Start 0.006ms
[145.642s][info][gc,phases   ] GC(93) Concurrent Relocate 3.079ms
[145.642s][info][gc,load     ] GC(93) Load: 0.00/0.00/0.00
[145.642s][info][gc,mmu      ] GC(93) MMU: 2ms/98.6%, 5ms/99.3%, 10ms/99.6%, 20ms/99.8%, 50ms/99.8%, 100ms/99.9%
[145.642s][info][gc,marking  ] GC(93) Mark: 8 stripe(s), 1 proactive flush(es), 1 terminate flush(es), 0 completion(s), 0 continuation(s) 
[145.642s][info][gc,marking  ] GC(93) Mark Stack Usage: 32M
[145.642s][info][gc,nmethod  ] GC(93) NMethods: 656 registered, 73 unregistered
[145.642s][info][gc,metaspace] GC(93) Metaspace: 9M used, 9M committed, 1088M reserved
[145.642s][info][gc,ref      ] GC(93) Soft: 214 encountered, 0 discovered, 0 enqueued
[145.642s][info][gc,ref      ] GC(93) Weak: 809 encountered, 28 discovered, 0 enqueued
[145.642s][info][gc,ref      ] GC(93) Final: 0 encountered, 0 discovered, 0 enqueued
[145.642s][info][gc,ref      ] GC(93) Phantom: 27 encountered, 20 discovered, 0 enqueued
[145.642s][info][gc,reloc    ] GC(93) Small Pages: 188 / 376M, Empty: 356M, Relocated: 1M, In-Place: 0
[145.642s][info][gc,reloc    ] GC(93) Medium Pages: 0 / 0M, Empty: 0M, Relocated: 0M, In-Place: 0
[145.642s][info][gc,reloc    ] GC(93) Large Pages: 0 / 0M, Empty: 0M, Relocated: 0M, In-Place: 0
[145.642s][info][gc,reloc    ] GC(93) Forwarding Usage: 0M
[145.642s][info][gc,heap     ] GC(93) Min Capacity: 8M(1%)
[145.642s][info][gc,heap     ] GC(93) Max Capacity: 1024M(100%)
[145.642s][info][gc,heap     ] GC(93) Soft Max Capacity: 1024M(100%)
[145.642s][info][gc,heap     ] GC(93)                Mark Start          Mark End        Relocate Start      Relocate End           High               Low         
[145.642s][info][gc,heap     ] GC(93)  Capacity:     1024M (100%)       1024M (100%)       1024M (100%)       1024M (100%)       1024M (100%)       1024M (100%)   
[145.643s][info][gc,heap     ] GC(93)      Free:      648M (63%)         648M (63%)        1004M (98%)        1004M (98%)        1004M (98%)         648M (63%)    
[145.643s][info][gc,heap     ] GC(93)      Used:      376M (37%)         376M (37%)          20M (2%)           20M (2%)          376M (37%)          20M (2%)     
[145.643s][info][gc,heap     ] GC(93)      Live:         -                 4M (0%)            4M (0%)            4M (0%)             -                  -          
[145.643s][info][gc,heap     ] GC(93) Allocated:         -                 0M (0%)            0M (0%)            0M (0%)             -                  -          
[145.643s][info][gc,heap     ] GC(93)   Garbage:         -               371M (36%)          15M (1%)           15M (1%)             -                  -          
[145.643s][info][gc,heap     ] GC(93) Reclaimed:         -                  -               356M (35%)         356M (35%)            -                  -          
[145.643s][info][gc          ] GC(93) Garbage Collection (System.gc()) 376M(37%)->20M(2%)
[147.201s][info][gc,start    ] GC(94) Garbage Collection (Proactive)
[147.201s][info][gc,task     ] GC(94) Using 10 workers
[147.201s][info][gc,phases   ] GC(94) Pause Mark Start 0.018ms
[147.217s][info][gc,phases   ] GC(94) Concurrent Mark 15.245ms
[147.217s][info][gc,phases   ] GC(94) Pause Mark End 0.022ms
[147.217s][info][gc,phases   ] GC(94) Concurrent Mark Free 0.002ms
[147.218s][info][gc,phases   ] GC(94) Concurrent Process Non-Strong References 0.550ms
[147.218s][info][gc,phases   ] GC(94) Concurrent Reset Relocation Set 0.002ms
[147.223s][info][gc,phases   ] GC(94) Concurrent Select Relocation Set 5.603ms
[147.223s][info][gc,phases   ] GC(94) Pause Relocate Start 0.009ms
[147.227s][info][gc,phases   ] GC(94) Concurrent Relocate 3.120ms
[147.227s][info][gc,load     ] GC(94) Load: 0.00/0.00/0.00
[147.227s][info][gc,mmu      ] GC(94) MMU: 2ms/98.6%, 5ms/99.3%, 10ms/99.6%, 20ms/99.8%, 50ms/99.8%, 100ms/99.9%
[147.227s][info][gc,marking  ] GC(94) Mark: 8 stripe(s), 3 proactive flush(es), 1 terminate flush(es), 0 completion(s), 0 continuation(s) 
[147.227s][info][gc,marking  ] GC(94) Mark Stack Usage: 32M
[147.227s][info][gc,nmethod  ] GC(94) NMethods: 657 registered, 73 unregistered
[147.227s][info][gc,metaspace] GC(94) Metaspace: 9M used, 9M committed, 1088M reserved
[147.227s][info][gc,ref      ] GC(94) Soft: 214 encountered, 0 discovered, 0 enqueued
[147.227s][info][gc,ref      ] GC(94) Weak: 809 encountered, 36 discovered, 0 enqueued
[147.227s][info][gc,ref      ] GC(94) Final: 0 encountered, 0 discovered, 0 enqueued
[147.227s][info][gc,ref      ] GC(94) Phantom: 27 encountered, 18 discovered, 0 enqueued
[147.227s][info][gc,reloc    ] GC(94) Small Pages: 260 / 520M, Empty: 352M, Relocated: 3M, In-Place: 0
[147.227s][info][gc,reloc    ] GC(94) Medium Pages: 0 / 0M, Empty: 0M, Relocated: 0M, In-Place: 0
[147.227s][info][gc,reloc    ] GC(94) Large Pages: 0 / 0M, Empty: 0M, Relocated: 0M, In-Place: 0
[147.227s][info][gc,reloc    ] GC(94) Forwarding Usage: 1M
[147.227s][info][gc,heap     ] GC(94) Min Capacity: 8M(1%)
[147.227s][info][gc,heap     ] GC(94) Max Capacity: 1024M(100%)
[147.227s][info][gc,heap     ] GC(94) Soft Max Capacity: 1024M(100%)
[147.227s][info][gc,heap     ] GC(94)                Mark Start          Mark End        Relocate Start      Relocate End           High               Low         
[147.227s][info][gc,heap     ] GC(94)  Capacity:     1024M (100%)       1024M (100%)       1024M (100%)       1024M (100%)       1024M (100%)       1024M (100%)   
[147.227s][info][gc,heap     ] GC(94)      Free:      504M (49%)         496M (48%)         846M (83%)         990M (97%)         990M (97%)         496M (48%)    
[147.227s][info][gc,heap     ] GC(94)      Used:      520M (51%)         528M (52%)         178M (17%)          34M (3%)          528M (52%)          34M (3%)     
[147.227s][info][gc,heap     ] GC(94)      Live:         -                 6M (1%)            6M (1%)            6M (1%)             -                  -          
[147.227s][info][gc,heap     ] GC(94) Allocated:         -                 8M (1%)           10M (1%)            9M (1%)             -                  -          
[147.227s][info][gc,heap     ] GC(94)   Garbage:         -               513M (50%)         161M (16%)          17M (2%)             -                  -          
[147.227s][info][gc,heap     ] GC(94) Reclaimed:         -                  -               352M (34%)         495M (48%)            -                  -          
[147.228s][info][gc          ] GC(94) Garbage Collection (Proactive) 520M(51%)->34M(3%)
[148.808s][info][gc,start    ] GC(95) Garbage Collection (Proactive)
[148.808s][info][gc,task     ] GC(95) Using 10 workers
[148.809s][info][gc,phases   ] GC(95) Pause Mark Start 0.019ms
[148.824s][info][gc,phases   ] GC(95) Concurrent Mark 15.240ms
[148.824s][info][gc,phases   ] GC(95) Pause Mark End 0.021ms
[148.824s][info][gc,phases   ] GC(95) Concurrent Mark Free 0.002ms
[148.825s][info][gc,phases   ] GC(95) Concurrent Process Non-Strong References 0.532ms
[148.825s][info][gc,phases   ] GC(95) Concurrent Reset Relocation Set 0.012ms
[148.831s][info][gc,phases   ] GC(95) Concurrent Select Relocation Set 5.897ms
[148.831s][info][gc,phases   ] GC(95) Pause Relocate Start 0.009ms
[148.835s][info][gc,phases   ] GC(95) Concurrent Relocate 3.469ms
[148.835s][info][gc,load     ] GC(95) Load: 0.00/0.00/0.00
[148.835s][info][gc,mmu      ] GC(95) MMU: 2ms/98.6%, 5ms/99.3%, 10ms/99.6%, 20ms/99.8%, 50ms/99.8%, 100ms/99.9%
[148.835s][info][gc,marking  ] GC(95) Mark: 8 stripe(s), 3 proactive flush(es), 1 terminate flush(es), 0 completion(s), 0 continuation(s) 
[148.835s][info][gc,marking  ] GC(95) Mark Stack Usage: 32M
[148.835s][info][gc,nmethod  ] GC(95) NMethods: 657 registered, 73 unregistered
[148.835s][info][gc,metaspace] GC(95) Metaspace: 9M used, 9M committed, 1088M reserved
[148.835s][info][gc,ref      ] GC(95) Soft: 214 encountered, 0 discovered, 0 enqueued
[148.835s][info][gc,ref      ] GC(95) Weak: 809 encountered, 7 discovered, 0 enqueued
[148.835s][info][gc,ref      ] GC(95) Final: 0 encountered, 0 discovered, 0 enqueued
[148.835s][info][gc,ref      ] GC(95) Phantom: 27 encountered, 18 discovered, 0 enqueued
[148.835s][info][gc,reloc    ] GC(95) Small Pages: 272 / 544M, Empty: 412M, Relocated: 3M, In-Place: 0
[148.835s][info][gc,reloc    ] GC(95) Medium Pages: 0 / 0M, Empty: 0M, Relocated: 0M, In-Place: 0
[148.835s][info][gc,reloc    ] GC(95) Large Pages: 0 / 0M, Empty: 0M, Relocated: 0M, In-Place: 0
[148.835s][info][gc,reloc    ] GC(95) Forwarding Usage: 1M
[148.835s][info][gc,heap     ] GC(95) Min Capacity: 8M(1%)
[148.835s][info][gc,heap     ] GC(95) Max Capacity: 1024M(100%)
[148.835s][info][gc,heap     ] GC(95) Soft Max Capacity: 1024M(100%)
[148.835s][info][gc,heap     ] GC(95)                Mark Start          Mark End        Relocate Start      Relocate End           High               Low         
[148.835s][info][gc,heap     ] GC(95)  Capacity:     1024M (100%)       1024M (100%)       1024M (100%)       1024M (100%)       1024M (100%)       1024M (100%)   
[148.835s][info][gc,heap     ] GC(95)      Free:      480M (47%)         474M (46%)         884M (86%)         990M (97%)         990M (97%)         474M (46%)    
[148.835s][info][gc,heap     ] GC(95)      Used:      544M (53%)         550M (54%)         140M (14%)          34M (3%)          550M (54%)          34M (3%)     
[148.835s][info][gc,heap     ] GC(95)      Live:         -                 6M (1%)            6M (1%)            6M (1%)             -                  -          
[148.835s][info][gc,heap     ] GC(95) Allocated:         -                 6M (1%)            8M (1%)            9M (1%)             -                  -          
[148.835s][info][gc,heap     ] GC(95)   Garbage:         -               537M (53%)         125M (12%)          17M (2%)             -                  -          
[148.835s][info][gc,heap     ] GC(95) Reclaimed:         -                  -               412M (40%)         519M (51%)            -                  -          
[148.835s][info][gc          ] GC(95) Garbage Collection (Proactive) 544M(53%)->34M(3%)
[150.103s][info][gc,stats    ] === Garbage Collection Statistics =======================================================================================================================
[150.103s][info][gc,stats    ]                                                              Last 10s              Last 10m              Last 10h                Total
[150.103s][info][gc,stats    ]                                                              Avg / Max             Avg / Max             Avg / Max             Avg / Max
[150.103s][info][gc,stats    ]   Collector: Garbage Collection Cycle                     25.416 / 27.282       27.400 / 78.390       27.400 / 78.390       27.400 / 78.390      ms
[150.103s][info][gc,stats    ]  Contention: Mark Segment Reset Contention                     0 / 2                 0 / 6                 0 / 6                 0 / 6           ops/s
[150.103s][info][gc,stats    ]  Contention: Mark SeqNum Reset Contention                      0 / 3                 0 / 3                 0 / 3                 0 / 3           ops/s
[150.103s][info][gc,stats    ]    Critical: Allocation Stall                                  0 / 0                 0 / 0                 0 / 0                 0 / 0           ops/s
[150.104s][info][gc,stats    ]    Critical: Allocation Stall                              0.000 / 0.000         0.000 / 0.000         0.000 / 0.000         0.000 / 0.000       ms
[150.104s][info][gc,stats    ]    Critical: GC Locker Stall                                   0 / 0                 0 / 0                 0 / 0                 0 / 0           ops/s
[150.104s][info][gc,stats    ]    Critical: GC Locker Stall                               0.000 / 0.000         0.000 / 0.000         0.000 / 0.000         0.000 / 0.000       ms
[150.104s][info][gc,stats    ]    Critical: Relocation Stall                                  0 / 0                 0 / 0                 0 / 0                 0 / 0           ops/s
[150.104s][info][gc,stats    ]    Critical: Relocation Stall                              0.000 / 0.000         0.000 / 0.000         0.000 / 0.000         0.000 / 0.000       ms
[150.104s][info][gc,stats    ]      Memory: Allocation Rate                                 322 / 336             318 / 340             318 / 340             318 / 340         MB/s
[150.104s][info][gc,stats    ]      Memory: Defragment                                        0 / 0                 0 / 0                 0 / 0                 0 / 0           ops/s
[150.104s][info][gc,stats    ]      Memory: Out Of Memory                                     0 / 0                 0 / 0                 0 / 0                 0 / 0           ops/s
[150.104s][info][gc,stats    ]      Memory: Page Cache Flush                                  0 / 0                 0 / 0                 0 / 0                 0 / 0           MB/s
[150.104s][info][gc,stats    ]      Memory: Page Cache Hit L1                               168 / 178             162 / 179             162 / 179             162 / 179         ops/s
[150.104s][info][gc,stats    ]      Memory: Page Cache Hit L2                                 0 / 0                 0 / 0                 0 / 0                 0 / 0           ops/s
[150.104s][info][gc,stats    ]      Memory: Page Cache Hit L3                                 0 / 0                 2 / 103               2 / 103               2 / 103         ops/s
[150.104s][info][gc,stats    ]      Memory: Page Cache Miss                                   0 / 0                 0 / 1                 0 / 1                 0 / 1           ops/s
[150.104s][info][gc,stats    ]      Memory: Uncommit                                          0 / 0                 0 / 0                 0 / 0                 0 / 0           MB/s
[150.104s][info][gc,stats    ]      Memory: Undo Object Allocation Failed                     0 / 2                 0 / 4                 0 / 4                 0 / 4           ops/s
[150.104s][info][gc,stats    ]      Memory: Undo Object Allocation Succeeded                  0 / 2                 0 / 4                 0 / 4                 0 / 4           ops/s
[150.104s][info][gc,stats    ]      Memory: Undo Page Allocation                              1 / 4                 1 / 6                 1 / 6                 1 / 6           ops/s
[150.104s][info][gc,stats    ]       Phase: Concurrent Mark                              15.748 / 18.998       15.747 / 34.706       15.747 / 34.706       15.747 / 34.706      ms
[150.104s][info][gc,stats    ]       Phase: Concurrent Mark Continue                      0.000 / 0.000         0.000 / 0.000         0.000 / 0.000         0.000 / 0.000       ms
[150.104s][info][gc,stats    ]       Phase: Concurrent Mark Free                          0.001 / 0.002         0.001 / 0.002         0.001 / 0.002         0.001 / 0.002       ms
[150.104s][info][gc,stats    ]       Phase: Concurrent Process Non-Strong References      0.550 / 0.586         1.244 / 7.426         1.244 / 7.426         1.244 / 7.426       ms
[150.104s][info][gc,stats    ]       Phase: Concurrent Relocate                           3.413 / 3.669         3.582 / 12.244        3.582 / 12.244        3.582 / 12.244      ms
[150.104s][info][gc,stats    ]       Phase: Concurrent Reset Relocation Set               0.007 / 0.012         0.008 / 0.016         0.008 / 0.016         0.008 / 0.016       ms
[150.104s][info][gc,stats    ]       Phase: Concurrent Select Relocation Set              4.596 / 5.897         4.919 / 14.229        4.919 / 14.229        4.919 / 14.229      ms
[150.104s][info][gc,stats    ]       Phase: Pause Mark End                                0.021 / 0.024         0.021 / 0.027         0.021 / 0.027         0.021 / 0.027       ms
[150.104s][info][gc,stats    ]       Phase: Pause Mark Start                              0.018 / 0.019         0.017 / 0.029         0.017 / 0.029         0.017 / 0.029       ms
[150.104s][info][gc,stats    ]       Phase: Pause Relocate Start                          0.008 / 0.010         0.008 / 0.014         0.008 / 0.014         0.008 / 0.014       ms
[150.104s][info][gc,stats    ]    Subphase: Concurrent Classes Purge                      0.005 / 0.006         0.093 / 5.468         0.093 / 5.468         0.093 / 5.468       ms
[150.105s][info][gc,stats    ]    Subphase: Concurrent Classes Unlink                     0.249 / 0.262         0.809 / 5.860         0.809 / 5.860         0.809 / 5.860       ms
[150.105s][info][gc,stats    ]    Subphase: Concurrent Mark                              13.738 / 17.978       12.716 / 31.718       12.716 / 31.718       12.716 / 31.718      ms
[150.105s][info][gc,stats    ]    Subphase: Concurrent Mark Try Flush                     0.070 / 0.108         0.070 / 0.242         0.070 / 0.242         0.070 / 0.242       ms
[150.105s][info][gc,stats    ]    Subphase: Concurrent Mark Try Terminate                 8.935 / 15.411        7.372 / 17.080        7.372 / 17.080        7.372 / 17.080      ms
[150.105s][info][gc,stats    ]    Subphase: Concurrent References Enqueue                 0.000 / 0.001         0.001 / 0.005         0.001 / 0.005         0.001 / 0.005       ms
[150.105s][info][gc,stats    ]    Subphase: Concurrent References Process                 0.039 / 0.045         0.043 / 0.088         0.043 / 0.088         0.043 / 0.088       ms
[150.105s][info][gc,stats    ]    Subphase: Concurrent Roots ClassLoaderDataGraph         0.077 / 0.466         0.086 / 0.868         0.086 / 0.868         0.086 / 0.868       ms
[150.105s][info][gc,stats    ]    Subphase: Concurrent Roots CodeCache                    0.000 / 0.000         0.000 / 0.000         0.000 / 0.000         0.000 / 0.000       ms
[150.105s][info][gc,stats    ]    Subphase: Concurrent Roots JavaThreads                  0.499 / 0.987         0.516 / 2.549         0.516 / 2.549         0.516 / 2.549       ms
[150.105s][info][gc,stats    ]    Subphase: Concurrent Roots OopStorageSet                0.016 / 0.044         0.018 / 0.219         0.018 / 0.219         0.018 / 0.219       ms
[150.105s][info][gc,stats    ]    Subphase: Concurrent Weak Roots OopStorageSet           0.130 / 0.145         0.140 / 1.443         0.140 / 1.443         0.140 / 1.443       ms
[150.105s][info][gc,stats    ]    Subphase: Pause Mark Try Complete                       0.000 / 0.000         0.000 / 0.000         0.000 / 0.000         0.000 / 0.000       ms
[150.105s][info][gc,stats    ]      System: Java Threads                                     39 / 40               34 / 41               34 / 41               34 / 41          threads
[150.105s][info][gc,stats    ] =========================================================================================================================================================
[150.407s][info][gc,start    ] GC(96) Garbage Collection (Proactive)
[150.407s][info][gc,task     ] GC(96) Using 10 workers
[150.407s][info][gc,phases   ] GC(96) Pause Mark Start 0.019ms
[150.422s][info][gc,phases   ] GC(96) Concurrent Mark 15.217ms
[150.423s][info][gc,phases   ] GC(96) Pause Mark End 0.022ms
[150.423s][info][gc,phases   ] GC(96) Concurrent Mark Free 0.001ms
[150.423s][info][gc,phases   ] GC(96) Concurrent Process Non-Strong References 0.526ms
[150.423s][info][gc,phases   ] GC(96) Concurrent Reset Relocation Set 0.011ms
[150.427s][info][gc,phases   ] GC(96) Concurrent Select Relocation Set 3.799ms
[150.427s][info][gc,phases   ] GC(96) Pause Relocate Start 0.009ms
[150.432s][info][gc,phases   ] GC(96) Concurrent Relocate 4.337ms
[150.432s][info][gc,load     ] GC(96) Load: 0.00/0.00/0.00
[150.432s][info][gc,mmu      ] GC(96) MMU: 2ms/98.6%, 5ms/99.3%, 10ms/99.6%, 20ms/99.8%, 50ms/99.8%, 100ms/99.9%
[150.432s][info][gc,marking  ] GC(96) Mark: 8 stripe(s), 2 proactive flush(es), 1 terminate flush(es), 0 completion(s), 0 continuation(s) 
[150.432s][info][gc,marking  ] GC(96) Mark Stack Usage: 32M
[150.432s][info][gc,nmethod  ] GC(96) NMethods: 657 registered, 73 unregistered
[150.432s][info][gc,metaspace] GC(96) Metaspace: 9M used, 9M committed, 1088M reserved
[150.432s][info][gc,ref      ] GC(96) Soft: 214 encountered, 0 discovered, 0 enqueued
[150.432s][info][gc,ref      ] GC(96) Weak: 809 encountered, 19 discovered, 0 enqueued
[150.432s][info][gc,ref      ] GC(96) Final: 0 encountered, 0 discovered, 0 enqueued
[150.432s][info][gc,ref      ] GC(96) Phantom: 27 encountered, 19 discovered, 0 enqueued
[150.432s][info][gc,reloc    ] GC(96) Small Pages: 268 / 536M, Empty: 434M, Relocated: 3M, In-Place: 0
[150.432s][info][gc,reloc    ] GC(96) Medium Pages: 0 / 0M, Empty: 0M, Relocated: 0M, In-Place: 0
[150.432s][info][gc,reloc    ] GC(96) Large Pages: 0 / 0M, Empty: 0M, Relocated: 0M, In-Place: 0
[150.432s][info][gc,reloc    ] GC(96) Forwarding Usage: 1M
[150.432s][info][gc,heap     ] GC(96) Min Capacity: 8M(1%)
[150.432s][info][gc,heap     ] GC(96) Max Capacity: 1024M(100%)
[150.432s][info][gc,heap     ] GC(96) Soft Max Capacity: 1024M(100%)
[150.432s][info][gc,heap     ] GC(96)                Mark Start          Mark End        Relocate Start      Relocate End           High               Low         
[150.432s][info][gc,heap     ] GC(96)  Capacity:     1024M (100%)       1024M (100%)       1024M (100%)       1024M (100%)       1024M (100%)       1024M (100%)   
[150.432s][info][gc,heap     ] GC(96)      Free:      488M (48%)         482M (47%)         914M (89%)         990M (97%)         990M (97%)         482M (47%)    
[150.432s][info][gc,heap     ] GC(96)      Used:      536M (52%)         542M (53%)         110M (11%)          34M (3%)          542M (53%)          34M (3%)     
[150.432s][info][gc,heap     ] GC(96)      Live:         -                 6M (1%)            6M (1%)            6M (1%)             -                  -          
[150.432s][info][gc,heap     ] GC(96) Allocated:         -                 6M (1%)            8M (1%)            9M (1%)             -                  -          
[150.432s][info][gc,heap     ] GC(96)   Garbage:         -               529M (52%)          95M (9%)           17M (2%)             -                  -          
[150.432s][info][gc,heap     ] GC(96) Reclaimed:         -                  -               434M (42%)         511M (50%)            -                  -          
[150.433s][info][gc          ] GC(96) Garbage Collection (Proactive) 536M(52%)->34M(3%)
[151.904s][info][gc,start    ] GC(97) Garbage Collection (Proactive)
[151.905s][info][gc,task     ] GC(97) Using 10 workers
[151.905s][info][gc,phases   ] GC(97) Pause Mark Start 0.018ms
[151.913s][info][gc,phases   ] GC(97) Concurrent Mark 7.736ms
[151.913s][info][gc,phases   ] GC(97) Pause Mark End 0.021ms
[151.913s][info][gc,phases   ] GC(97) Concurrent Mark Free 0.001ms
[151.914s][info][gc,phases   ] GC(97) Concurrent Process Non-Strong References 0.553ms
[151.914s][info][gc,phases   ] GC(97) Concurrent Reset Relocation Set 0.009ms
[151.920s][info][gc,phases   ] GC(97) Concurrent Select Relocation Set 6.104ms
[151.920s][info][gc,phases   ] GC(97) Pause Relocate Start 0.009ms
[151.924s][info][gc,phases   ] GC(97) Concurrent Relocate 3.783ms
[151.924s][info][gc,load     ] GC(97) Load: 0.00/0.00/0.00
[151.924s][info][gc,mmu      ] GC(97) MMU: 2ms/98.6%, 5ms/99.3%, 10ms/99.6%, 20ms/99.8%, 50ms/99.8%, 100ms/99.9%
[151.924s][info][gc,marking  ] GC(97) Mark: 8 stripe(s), 2 proactive flush(es), 1 terminate flush(es), 0 completion(s), 0 continuation(s) 
[151.924s][info][gc,marking  ] GC(97) Mark Stack Usage: 32M
[151.924s][info][gc,nmethod  ] GC(97) NMethods: 657 registered, 73 unregistered
[151.924s][info][gc,metaspace] GC(97) Metaspace: 9M used, 9M committed, 1088M reserved
[151.924s][info][gc,ref      ] GC(97) Soft: 214 encountered, 0 discovered, 0 enqueued
[151.924s][info][gc,ref      ] GC(97) Weak: 809 encountered, 9 discovered, 0 enqueued
[151.924s][info][gc,ref      ] GC(97) Final: 0 encountered, 0 discovered, 0 enqueued
[151.924s][info][gc,ref      ] GC(97) Phantom: 27 encountered, 17 discovered, 0 enqueued
[151.924s][info][gc,reloc    ] GC(97) Small Pages: 247 / 494M, Empty: 426M, Relocated: 3M, In-Place: 0
[151.924s][info][gc,reloc    ] GC(97) Medium Pages: 0 / 0M, Empty: 0M, Relocated: 0M, In-Place: 0
[151.924s][info][gc,reloc    ] GC(97) Large Pages: 0 / 0M, Empty: 0M, Relocated: 0M, In-Place: 0
[151.924s][info][gc,reloc    ] GC(97) Forwarding Usage: 1M
[151.924s][info][gc,heap     ] GC(97) Min Capacity: 8M(1%)
[151.924s][info][gc,heap     ] GC(97) Max Capacity: 1024M(100%)
[151.924s][info][gc,heap     ] GC(97) Soft Max Capacity: 1024M(100%)
[151.924s][info][gc,heap     ] GC(97)                Mark Start          Mark End        Relocate Start      Relocate End           High               Low         
[151.924s][info][gc,heap     ] GC(97)  Capacity:     1024M (100%)       1024M (100%)       1024M (100%)       1024M (100%)       1024M (100%)       1024M (100%)   
[151.924s][info][gc,heap     ] GC(97)      Free:      530M (52%)         526M (51%)         950M (93%)         992M (97%)         992M (97%)         526M (51%)    
[151.924s][info][gc,heap     ] GC(97)      Used:      494M (48%)         498M (49%)          74M (7%)           32M (3%)          498M (49%)          32M (3%)     
[151.925s][info][gc,heap     ] GC(97)      Live:         -                 6M (1%)            6M (1%)            6M (1%)             -                  -          
[151.925s][info][gc,heap     ] GC(97) Allocated:         -                 4M (0%)            6M (1%)            7M (1%)             -                  -          
[151.925s][info][gc,heap     ] GC(97)   Garbage:         -               487M (48%)          61M (6%)           17M (2%)             -                  -          
[151.925s][info][gc,heap     ] GC(97) Reclaimed:         -                  -               426M (42%)         469M (46%)            -                  -          
[151.925s][info][gc          ] GC(97) Garbage Collection (Proactive) 494M(48%)->32M(3%)
[152.521s][info][gc,start    ] GC(98) Garbage Collection (System.gc())
[152.521s][info][gc,task     ] GC(98) Using 10 workers
[152.521s][info][gc,phases   ] GC(98) Pause Mark Start 0.019ms
[152.527s][info][gc,phases   ] GC(98) Concurrent Mark 5.981ms
[152.527s][info][gc,phases   ] GC(98) Pause Mark End 0.017ms
[152.527s][info][gc,phases   ] GC(98) Concurrent Mark Free 0.001ms
[152.528s][info][gc,phases   ] GC(98) Concurrent Process Non-Strong References 0.567ms
[152.528s][info][gc,phases   ] GC(98) Concurrent Reset Relocation Set 0.006ms
[152.532s][info][gc,phases   ] GC(98) Concurrent Select Relocation Set 3.930ms
[152.532s][info][gc,phases   ] GC(98) Pause Relocate Start 0.009ms
[152.535s][info][gc,phases   ] GC(98) Concurrent Relocate 3.083ms
[152.535s][info][gc,load     ] GC(98) Load: 0.00/0.00/0.00
[152.535s][info][gc,mmu      ] GC(98) MMU: 2ms/98.6%, 5ms/99.3%, 10ms/99.6%, 20ms/99.8%, 50ms/99.8%, 100ms/99.9%
[152.535s][info][gc,marking  ] GC(98) Mark: 8 stripe(s), 1 proactive flush(es), 1 terminate flush(es), 0 completion(s), 0 continuation(s) 
[152.535s][info][gc,marking  ] GC(98) Mark Stack Usage: 32M
[152.535s][info][gc,nmethod  ] GC(98) NMethods: 658 registered, 73 unregistered
[152.536s][info][gc,metaspace] GC(98) Metaspace: 9M used, 9M committed, 1088M reserved
[152.536s][info][gc,ref      ] GC(98) Soft: 214 encountered, 0 discovered, 0 enqueued
[152.536s][info][gc,ref      ] GC(98) Weak: 809 encountered, 318 discovered, 0 enqueued
[152.536s][info][gc,ref      ] GC(98) Final: 0 encountered, 0 discovered, 0 enqueued
[152.536s][info][gc,ref      ] GC(98) Phantom: 27 encountered, 20 discovered, 0 enqueued
[152.536s][info][gc,reloc    ] GC(98) Small Pages: 108 / 216M, Empty: 198M, Relocated: 1M, In-Place: 0
[152.536s][info][gc,reloc    ] GC(98) Medium Pages: 0 / 0M, Empty: 0M, Relocated: 0M, In-Place: 0
[152.536s][info][gc,reloc    ] GC(98) Large Pages: 0 / 0M, Empty: 0M, Relocated: 0M, In-Place: 0
[152.536s][info][gc,reloc    ] GC(98) Forwarding Usage: 0M
[152.536s][info][gc,heap     ] GC(98) Min Capacity: 8M(1%)
[152.536s][info][gc,heap     ] GC(98) Max Capacity: 1024M(100%)
[152.536s][info][gc,heap     ] GC(98) Soft Max Capacity: 1024M(100%)
[152.536s][info][gc,heap     ] GC(98)                Mark Start          Mark End        Relocate Start      Relocate End           High               Low         
[152.536s][info][gc,heap     ] GC(98)  Capacity:     1024M (100%)       1024M (100%)       1024M (100%)       1024M (100%)       1024M (100%)       1024M (100%)   
[152.536s][info][gc,heap     ] GC(98)      Free:      808M (79%)         808M (79%)        1006M (98%)        1006M (98%)        1006M (98%)         808M (79%)    
[152.536s][info][gc,heap     ] GC(98)      Used:      216M (21%)         216M (21%)          18M (2%)           18M (2%)          216M (21%)          18M (2%)     
[152.536s][info][gc,heap     ] GC(98)      Live:         -                 4M (0%)            4M (0%)            4M (0%)             -                  -          
[152.536s][info][gc,heap     ] GC(98) Allocated:         -                 0M (0%)            0M (0%)            0M (0%)             -                  -          
[152.536s][info][gc,heap     ] GC(98)   Garbage:         -               211M (21%)          13M (1%)           13M (1%)             -                  -          
[152.536s][info][gc,heap     ] GC(98) Reclaimed:         -                  -               198M (19%)         198M (19%)            -                  -          
[152.536s][info][gc          ] GC(98) Garbage Collection (System.gc()) 216M(21%)->18M(2%)
[154.010s][info][gc,start    ] GC(99) Garbage Collection (Proactive)
[154.010s][info][gc,task     ] GC(99) Using 10 workers
[154.010s][info][gc,phases   ] GC(99) Pause Mark Start 0.019ms
[154.025s][info][gc,phases   ] GC(99) Concurrent Mark 15.232ms
[154.026s][info][gc,phases   ] GC(99) Pause Mark End 0.026ms
[154.026s][info][gc,phases   ] GC(99) Concurrent Mark Free 0.001ms
[154.026s][info][gc,phases   ] GC(99) Concurrent Process Non-Strong References 0.579ms
[154.026s][info][gc,phases   ] GC(99) Concurrent Reset Relocation Set 0.002ms
[154.032s][info][gc,phases   ] GC(99) Concurrent Select Relocation Set 5.640ms
[154.032s][info][gc,phases   ] GC(99) Pause Relocate Start 0.009ms
[154.036s][info][gc,phases   ] GC(99) Concurrent Relocate 3.556ms
[154.036s][info][gc,load     ] GC(99) Load: 0.00/0.00/0.00
[154.036s][info][gc,mmu      ] GC(99) MMU: 2ms/98.6%, 5ms/99.3%, 10ms/99.6%, 20ms/99.8%, 50ms/99.8%, 100ms/99.9%
[154.036s][info][gc,marking  ] GC(99) Mark: 8 stripe(s), 2 proactive flush(es), 1 terminate flush(es), 0 completion(s), 0 continuation(s) 
[154.036s][info][gc,marking  ] GC(99) Mark Stack Usage: 32M
[154.036s][info][gc,nmethod  ] GC(99) NMethods: 659 registered, 74 unregistered
[154.036s][info][gc,metaspace] GC(99) Metaspace: 9M used, 9M committed, 1088M reserved
[154.036s][info][gc,ref      ] GC(99) Soft: 214 encountered, 0 discovered, 0 enqueued
[154.036s][info][gc,ref      ] GC(99) Weak: 817 encountered, 10 discovered, 1 enqueued
[154.036s][info][gc,ref      ] GC(99) Final: 0 encountered, 0 discovered, 0 enqueued
[154.036s][info][gc,ref      ] GC(99) Phantom: 27 encountered, 17 discovered, 0 enqueued
[154.036s][info][gc,reloc    ] GC(99) Small Pages: 256 / 512M, Empty: 346M, Relocated: 3M, In-Place: 0
[154.036s][info][gc,reloc    ] GC(99) Medium Pages: 0 / 0M, Empty: 0M, Relocated: 0M, In-Place: 0
[154.036s][info][gc,reloc    ] GC(99) Large Pages: 0 / 0M, Empty: 0M, Relocated: 0M, In-Place: 0
[154.036s][info][gc,reloc    ] GC(99) Forwarding Usage: 1M
[154.036s][info][gc,heap     ] GC(99) Min Capacity: 8M(1%)
[154.036s][info][gc,heap     ] GC(99) Max Capacity: 1024M(100%)
[154.036s][info][gc,heap     ] GC(99) Soft Max Capacity: 1024M(100%)
[154.036s][info][gc,heap     ] GC(99)                Mark Start          Mark End        Relocate Start      Relocate End           High               Low         
[154.036s][info][gc,heap     ] GC(99)  Capacity:     1024M (100%)       1024M (100%)       1024M (100%)       1024M (100%)       1024M (100%)       1024M (100%)   
[154.037s][info][gc,heap     ] GC(99)      Free:      512M (50%)         506M (49%)         850M (83%)         990M (97%)         990M (97%)         506M (49%)    
[154.037s][info][gc,heap     ] GC(99)      Used:      512M (50%)         518M (51%)         174M (17%)          34M (3%)          518M (51%)          34M (3%)     
[154.037s][info][gc,heap     ] GC(99)      Live:         -                 6M (1%)            6M (1%)            6M (1%)             -                  -          
[154.037s][info][gc,heap     ] GC(99) Allocated:         -                 6M (1%)            8M (1%)            9M (1%)             -                  -          
[154.037s][info][gc,heap     ] GC(99)   Garbage:         -               505M (49%)         159M (16%)          17M (2%)             -                  -          
[154.037s][info][gc,heap     ] GC(99) Reclaimed:         -                  -               346M (34%)         487M (48%)            -                  -          
[154.037s][info][gc          ] GC(99) Garbage Collection (Proactive) 512M(50%)->34M(3%)
[155.999s][info][gc,start    ] GC(100) Garbage Collection (Proactive)
[155.999s][info][gc,task     ] GC(100) Using 10 workers
[155.999s][info][gc,phases   ] GC(100) Pause Mark Start 0.018ms
[156.014s][info][gc,phases   ] GC(100) Concurrent Mark 15.177ms
[156.014s][info][gc,phases   ] GC(100) Pause Mark End 0.024ms
[156.014s][info][gc,phases   ] GC(100) Concurrent Mark Free 0.001ms
[156.015s][info][gc,phases   ] GC(100) Concurrent Process Non-Strong References 0.580ms
[156.015s][info][gc,phases   ] GC(100) Concurrent Reset Relocation Set 0.013ms
[156.019s][info][gc,phases   ] GC(100) Concurrent Select Relocation Set 3.905ms
[156.019s][info][gc,phases   ] GC(100) Pause Relocate Start 0.009ms
[156.023s][info][gc,phases   ] GC(100) Concurrent Relocate 3.657ms
[156.023s][info][gc,load     ] GC(100) Load: 0.00/0.00/0.00
[156.023s][info][gc,mmu      ] GC(100) MMU: 2ms/98.6%, 5ms/99.3%, 10ms/99.6%, 20ms/99.8%, 50ms/99.8%, 100ms/99.9%
[156.023s][info][gc,marking  ] GC(100) Mark: 8 stripe(s), 2 proactive flush(es), 1 terminate flush(es), 0 completion(s), 0 continuation(s) 
[156.023s][info][gc,marking  ] GC(100) Mark Stack Usage: 32M
[156.023s][info][gc,nmethod  ] GC(100) NMethods: 659 registered, 75 unregistered
[156.023s][info][gc,metaspace] GC(100) Metaspace: 9M used, 9M committed, 1088M reserved
[156.023s][info][gc,ref      ] GC(100) Soft: 214 encountered, 0 discovered, 0 enqueued
[156.023s][info][gc,ref      ] GC(100) Weak: 816 encountered, 19 discovered, 0 enqueued
[156.023s][info][gc,ref      ] GC(100) Final: 0 encountered, 0 discovered, 0 enqueued
[156.023s][info][gc,ref      ] GC(100) Phantom: 27 encountered, 17 discovered, 0 enqueued
[156.023s][info][gc,reloc    ] GC(100) Small Pages: 328 / 656M, Empty: 490M, Relocated: 3M, In-Place: 0
[156.023s][info][gc,reloc    ] GC(100) Medium Pages: 0 / 0M, Empty: 0M, Relocated: 0M, In-Place: 0
[156.023s][info][gc,reloc    ] GC(100) Large Pages: 0 / 0M, Empty: 0M, Relocated: 0M, In-Place: 0
[156.024s][info][gc,reloc    ] GC(100) Forwarding Usage: 1M
[156.024s][info][gc,heap     ] GC(100) Min Capacity: 8M(1%)
[156.024s][info][gc,heap     ] GC(100) Max Capacity: 1024M(100%)
[156.024s][info][gc,heap     ] GC(100) Soft Max Capacity: 1024M(100%)
[156.024s][info][gc,heap     ] GC(100)                Mark Start          Mark End        Relocate Start      Relocate End           High               Low         
[156.024s][info][gc,heap     ] GC(100)  Capacity:     1024M (100%)       1024M (100%)       1024M (100%)       1024M (100%)       1024M (100%)       1024M (100%)   
[156.024s][info][gc,heap     ] GC(100)      Free:      368M (36%)         362M (35%)         850M (83%)         992M (97%)         992M (97%)         362M (35%)    
[156.024s][info][gc,heap     ] GC(100)      Used:      656M (64%)         662M (65%)         174M (17%)          32M (3%)          662M (65%)          32M (3%)     
[156.024s][info][gc,heap     ] GC(100)      Live:         -                 6M (1%)            6M (1%)            6M (1%)             -                  -          
[156.024s][info][gc,heap     ] GC(100) Allocated:         -                 6M (1%)            8M (1%)            7M (1%)             -                  -          
[156.024s][info][gc,heap     ] GC(100)   Garbage:         -               649M (63%)         159M (16%)          17M (2%)             -                  -          
[156.024s][info][gc,heap     ] GC(100) Reclaimed:         -                  -               490M (48%)         631M (62%)            -                  -          
[156.024s][info][gc          ] GC(100) Garbage Collection (Proactive) 656M(64%)->32M(3%)
[157.706s][info][gc,start    ] GC(101) Garbage Collection (Proactive)
[157.706s][info][gc,task     ] GC(101) Using 10 workers
[157.707s][info][gc,phases   ] GC(101) Pause Mark Start 0.017ms
[157.722s][info][gc,phases   ] GC(101) Concurrent Mark 15.185ms
[157.722s][info][gc,phases   ] GC(101) Pause Mark End 0.022ms
[157.722s][info][gc,phases   ] GC(101) Concurrent Mark Free 0.002ms
[157.723s][info][gc,phases   ] GC(101) Concurrent Process Non-Strong References 0.579ms
[157.723s][info][gc,phases   ] GC(101) Concurrent Reset Relocation Set 0.011ms
[157.729s][info][gc,phases   ] GC(101) Concurrent Select Relocation Set 5.832ms
[157.729s][info][gc,phases   ] GC(101) Pause Relocate Start 0.010ms
[157.733s][info][gc,phases   ] GC(101) Concurrent Relocate 3.578ms
[157.733s][info][gc,load     ] GC(101) Load: 0.00/0.00/0.00
[157.733s][info][gc,mmu      ] GC(101) MMU: 2ms/98.6%, 5ms/99.3%, 10ms/99.6%, 20ms/99.8%, 50ms/99.8%, 100ms/99.9%
[157.733s][info][gc,marking  ] GC(101) Mark: 8 stripe(s), 2 proactive flush(es), 1 terminate flush(es), 0 completion(s), 0 continuation(s) 
[157.733s][info][gc,marking  ] GC(101) Mark Stack Usage: 32M
[157.733s][info][gc,nmethod  ] GC(101) NMethods: 659 registered, 75 unregistered
[157.733s][info][gc,metaspace] GC(101) Metaspace: 9M used, 9M committed, 1088M reserved
[157.733s][info][gc,ref      ] GC(101) Soft: 214 encountered, 0 discovered, 0 enqueued
[157.733s][info][gc,ref      ] GC(101) Weak: 816 encountered, 40 discovered, 0 enqueued
[157.733s][info][gc,ref      ] GC(101) Final: 0 encountered, 0 discovered, 0 enqueued
[157.733s][info][gc,ref      ] GC(101) Phantom: 27 encountered, 17 discovered, 0 enqueued
[157.733s][info][gc,reloc    ] GC(101) Small Pages: 282 / 564M, Empty: 466M, Relocated: 3M, In-Place: 0
[157.733s][info][gc,reloc    ] GC(101) Medium Pages: 0 / 0M, Empty: 0M, Relocated: 0M, In-Place: 0
[157.733s][info][gc,reloc    ] GC(101) Large Pages: 0 / 0M, Empty: 0M, Relocated: 0M, In-Place: 0
[157.733s][info][gc,reloc    ] GC(101) Forwarding Usage: 1M
[157.733s][info][gc,heap     ] GC(101) Min Capacity: 8M(1%)
[157.733s][info][gc,heap     ] GC(101) Max Capacity: 1024M(100%)
[157.733s][info][gc,heap     ] GC(101) Soft Max Capacity: 1024M(100%)
[157.733s][info][gc,heap     ] GC(101)                Mark Start          Mark End        Relocate Start      Relocate End           High               Low         
[157.733s][info][gc,heap     ] GC(101)  Capacity:     1024M (100%)       1024M (100%)       1024M (100%)       1024M (100%)       1024M (100%)       1024M (100%)   
[157.733s][info][gc,heap     ] GC(101)      Free:      460M (45%)         454M (44%)         918M (90%)         992M (97%)         992M (97%)         454M (44%)    
[157.733s][info][gc,heap     ] GC(101)      Used:      564M (55%)         570M (56%)         106M (10%)          32M (3%)          570M (56%)          32M (3%)     
[157.733s][info][gc,heap     ] GC(101)      Live:         -                 6M (1%)            6M (1%)            6M (1%)             -                  -          
[157.733s][info][gc,heap     ] GC(101) Allocated:         -                 6M (1%)            8M (1%)            7M (1%)             -                  -          
[157.733s][info][gc,heap     ] GC(101)   Garbage:         -               557M (54%)          91M (9%)           17M (2%)             -                  -          
[157.733s][info][gc,heap     ] GC(101) Reclaimed:         -                  -               466M (46%)         539M (53%)            -                  -          
[157.734s][info][gc          ] GC(101) Garbage Collection (Proactive) 564M(55%)->32M(3%)
[159.286s][info][gc,start    ] GC(102) Garbage Collection (System.gc())
[159.286s][info][gc,task     ] GC(102) Using 10 workers
[159.286s][info][gc,phases   ] GC(102) Pause Mark Start 0.017ms
[159.305s][info][gc,phases   ] GC(102) Concurrent Mark 18.449ms
[159.305s][info][gc,phases   ] GC(102) Pause Mark End 0.018ms
[159.305s][info][gc,phases   ] GC(102) Concurrent Mark Free 0.001ms
[159.306s][info][gc,phases   ] GC(102) Concurrent Process Non-Strong References 0.524ms
[159.306s][info][gc,phases   ] GC(102) Concurrent Reset Relocation Set 0.009ms
[159.309s][info][gc,phases   ] GC(102) Concurrent Select Relocation Set 3.839ms
[159.310s][info][gc,phases   ] GC(102) Pause Relocate Start 0.006ms
[159.313s][info][gc,phases   ] GC(102) Concurrent Relocate 3.117ms
[159.313s][info][gc,load     ] GC(102) Load: 0.00/0.00/0.00
[159.313s][info][gc,mmu      ] GC(102) MMU: 2ms/98.6%, 5ms/99.3%, 10ms/99.6%, 20ms/99.8%, 50ms/99.8%, 100ms/99.9%
[159.313s][info][gc,marking  ] GC(102) Mark: 8 stripe(s), 2 proactive flush(es), 1 terminate flush(es), 0 completion(s), 0 continuation(s) 
[159.313s][info][gc,marking  ] GC(102) Mark Stack Usage: 32M
[159.313s][info][gc,nmethod  ] GC(102) NMethods: 659 registered, 75 unregistered
[159.313s][info][gc,metaspace] GC(102) Metaspace: 9M used, 9M committed, 1088M reserved
[159.313s][info][gc,ref      ] GC(102) Soft: 214 encountered, 0 discovered, 0 enqueued
[159.313s][info][gc,ref      ] GC(102) Weak: 816 encountered, 228 discovered, 0 enqueued
[159.313s][info][gc,ref      ] GC(102) Final: 0 encountered, 0 discovered, 0 enqueued
[159.313s][info][gc,ref      ] GC(102) Phantom: 27 encountered, 18 discovered, 0 enqueued
[159.313s][info][gc,reloc    ] GC(102) Small Pages: 269 / 538M, Empty: 518M, Relocated: 3M, In-Place: 0
[159.313s][info][gc,reloc    ] GC(102) Medium Pages: 0 / 0M, Empty: 0M, Relocated: 0M, In-Place: 0
[159.313s][info][gc,reloc    ] GC(102) Large Pages: 0 / 0M, Empty: 0M, Relocated: 0M, In-Place: 0
[159.313s][info][gc,reloc    ] GC(102) Forwarding Usage: 1M
[159.313s][info][gc,heap     ] GC(102) Min Capacity: 8M(1%)
[159.313s][info][gc,heap     ] GC(102) Max Capacity: 1024M(100%)
[159.313s][info][gc,heap     ] GC(102) Soft Max Capacity: 1024M(100%)
[159.313s][info][gc,heap     ] GC(102)                Mark Start          Mark End        Relocate Start      Relocate End           High               Low         
[159.313s][info][gc,heap     ] GC(102)  Capacity:     1024M (100%)       1024M (100%)       1024M (100%)       1024M (100%)       1024M (100%)       1024M (100%)   
[159.313s][info][gc,heap     ] GC(102)      Free:      486M (47%)         486M (47%)        1004M (98%)        1004M (98%)        1004M (98%)         486M (47%)    
[159.313s][info][gc,heap     ] GC(102)      Used:      538M (53%)         538M (53%)          20M (2%)           20M (2%)          538M (53%)          20M (2%)     
[159.313s][info][gc,heap     ] GC(102)      Live:         -                 4M (0%)            4M (0%)            4M (0%)             -                  -          
[159.313s][info][gc,heap     ] GC(102) Allocated:         -                 0M (0%)            0M (0%)            0M (0%)             -                  -          
[159.314s][info][gc,heap     ] GC(102)   Garbage:         -               533M (52%)          15M (1%)           15M (1%)             -                  -          
[159.314s][info][gc,heap     ] GC(102) Reclaimed:         -                  -               518M (51%)         518M (51%)            -                  -          
[159.314s][info][gc          ] GC(102) Garbage Collection (System.gc()) 538M(53%)->20M(2%)
[160.108s][info][gc,stats    ] === Garbage Collection Statistics =======================================================================================================================
[160.109s][info][gc,stats    ]                                                              Last 10s              Last 10m              Last 10h                Total
[160.109s][info][gc,stats    ]                                                              Avg / Max             Avg / Max             Avg / Max             Avg / Max
[160.109s][info][gc,stats    ]   Collector: Garbage Collection Cycle                     23.243 / 26.817       27.118 / 78.390       27.118 / 78.390       27.118 / 78.390      ms
[160.109s][info][gc,stats    ]  Contention: Mark Segment Reset Contention                     1 / 8                 0 / 8                 0 / 8                 0 / 8           ops/s
[160.109s][info][gc,stats    ]  Contention: Mark SeqNum Reset Contention                      0 / 1                 0 / 3                 0 / 3                 0 / 3           ops/s
[160.109s][info][gc,stats    ]    Critical: Allocation Stall                                  0 / 0                 0 / 0                 0 / 0                 0 / 0           ops/s
[160.109s][info][gc,stats    ]    Critical: Allocation Stall                              0.000 / 0.000         0.000 / 0.000         0.000 / 0.000         0.000 / 0.000       ms
[160.109s][info][gc,stats    ]    Critical: GC Locker Stall                                   0 / 0                 0 / 0                 0 / 0                 0 / 0           ops/s
[160.109s][info][gc,stats    ]    Critical: GC Locker Stall                               0.000 / 0.000         0.000 / 0.000         0.000 / 0.000         0.000 / 0.000       ms
[160.109s][info][gc,stats    ]    Critical: Relocation Stall                                  0 / 0                 0 / 0                 0 / 0                 0 / 0           ops/s
[160.109s][info][gc,stats    ]    Critical: Relocation Stall                              0.000 / 0.000         0.000 / 0.000         0.000 / 0.000         0.000 / 0.000       ms
[160.109s][info][gc,stats    ]      Memory: Allocation Rate                                 324 / 344             319 / 344             319 / 344             319 / 344         MB/s
[160.109s][info][gc,stats    ]      Memory: Defragment                                        0 / 0                 0 / 0                 0 / 0                 0 / 0           ops/s
[160.109s][info][gc,stats    ]      Memory: Out Of Memory                                     0 / 0                 0 / 0                 0 / 0                 0 / 0           ops/s
[160.109s][info][gc,stats    ]      Memory: Page Cache Flush                                  0 / 0                 0 / 0                 0 / 0                 0 / 0           MB/s
[160.109s][info][gc,stats    ]      Memory: Page Cache Hit L1                               168 / 182             162 / 182             162 / 182             162 / 182         ops/s
[160.109s][info][gc,stats    ]      Memory: Page Cache Hit L2                                 0 / 0                 0 / 0                 0 / 0                 0 / 0           ops/s
[160.109s][info][gc,stats    ]      Memory: Page Cache Hit L3                                 0 / 0                 2 / 103               2 / 103               2 / 103         ops/s
[160.109s][info][gc,stats    ]      Memory: Page Cache Miss                                   0 / 0                 0 / 1                 0 / 1                 0 / 1           ops/s
[160.109s][info][gc,stats    ]      Memory: Uncommit                                          0 / 0                 0 / 0                 0 / 0                 0 / 0           MB/s
[160.109s][info][gc,stats    ]      Memory: Undo Object Allocation Failed                     0 / 1                 0 / 4                 0 / 4                 0 / 4           ops/s
[160.109s][info][gc,stats    ]      Memory: Undo Object Allocation Succeeded                  0 / 2                 0 / 4                 0 / 4                 0 / 4           ops/s
[160.109s][info][gc,stats    ]      Memory: Undo Page Allocation                              2 / 5                 1 / 6                 1 / 6                 1 / 6           ops/s
[160.109s][info][gc,stats    ]       Phase: Concurrent Mark                              13.282 / 18.449       15.579 / 34.706       15.579 / 34.706       15.579 / 34.706      ms
[160.109s][info][gc,stats    ]       Phase: Concurrent Mark Continue                      0.000 / 0.000         0.000 / 0.000         0.000 / 0.000         0.000 / 0.000       ms
[160.109s][info][gc,stats    ]       Phase: Concurrent Mark Free                          0.001 / 0.002         0.001 / 0.002         0.001 / 0.002         0.001 / 0.002       ms
[160.109s][info][gc,stats    ]       Phase: Concurrent Process Non-Strong References      0.558 / 0.580         1.198 / 7.426         1.198 / 7.426         1.198 / 7.426       ms
[160.109s][info][gc,stats    ]       Phase: Concurrent Relocate                           3.587 / 4.337         3.582 / 12.244        3.582 / 12.244        3.582 / 12.244      ms
[160.109s][info][gc,stats    ]       Phase: Concurrent Reset Relocation Set               0.009 / 0.013         0.008 / 0.016         0.008 / 0.016         0.008 / 0.016       ms
[160.110s][info][gc,stats    ]       Phase: Concurrent Select Relocation Set              4.721 / 6.104         4.906 / 14.229        4.906 / 14.229        4.906 / 14.229      ms
[160.110s][info][gc,stats    ]       Phase: Pause Mark End                                0.021 / 0.026         0.021 / 0.027         0.021 / 0.027         0.021 / 0.027       ms
[160.110s][info][gc,stats    ]       Phase: Pause Mark Start                              0.018 / 0.019         0.017 / 0.029         0.017 / 0.029         0.017 / 0.029       ms
[160.110s][info][gc,stats    ]       Phase: Pause Relocate Start                          0.009 / 0.010         0.008 / 0.014         0.008 / 0.014         0.008 / 0.014       ms
[160.110s][info][gc,stats    ]    Subphase: Concurrent Classes Purge                      0.009 / 0.021         0.087 / 5.468         0.087 / 5.468         0.087 / 5.468       ms
[160.110s][info][gc,stats    ]    Subphase: Concurrent Classes Unlink                     0.253 / 0.271         0.772 / 5.860         0.772 / 5.860         0.772 / 5.860       ms
[160.110s][info][gc,stats    ]    Subphase: Concurrent Mark                              11.269 / 17.416       12.613 / 31.718       12.613 / 31.718       12.613 / 31.718      ms
[160.110s][info][gc,stats    ]    Subphase: Concurrent Mark Try Flush                     0.067 / 0.105         0.070 / 0.242         0.070 / 0.242         0.070 / 0.242       ms
[160.110s][info][gc,stats    ]    Subphase: Concurrent Mark Try Terminate                 6.662 / 14.875        7.322 / 17.080        7.322 / 17.080        7.322 / 17.080      ms
[160.110s][info][gc,stats    ]    Subphase: Concurrent References Enqueue                 0.001 / 0.005         0.001 / 0.005         0.001 / 0.005         0.001 / 0.005       ms
[160.110s][info][gc,stats    ]    Subphase: Concurrent References Process                 0.044 / 0.070         0.043 / 0.088         0.043 / 0.088         0.043 / 0.088       ms
[160.110s][info][gc,stats    ]    Subphase: Concurrent Roots ClassLoaderDataGraph         0.081 / 0.459         0.086 / 0.868         0.086 / 0.868         0.086 / 0.868       ms
[160.110s][info][gc,stats    ]    Subphase: Concurrent Roots CodeCache                    0.000 / 0.000         0.000 / 0.000         0.000 / 0.000         0.000 / 0.000       ms
[160.110s][info][gc,stats    ]    Subphase: Concurrent Roots JavaThreads                  0.520 / 1.009         0.516 / 2.549         0.516 / 2.549         0.516 / 2.549       ms
[160.110s][info][gc,stats    ]    Subphase: Concurrent Roots OopStorageSet                0.015 / 0.044         0.018 / 0.219         0.018 / 0.219         0.018 / 0.219       ms
[160.110s][info][gc,stats    ]    Subphase: Concurrent Weak Roots OopStorageSet           0.132 / 0.145         0.139 / 1.443         0.139 / 1.443         0.139 / 1.443       ms
[160.110s][info][gc,stats    ]    Subphase: Pause Mark Try Complete                       0.000 / 0.000         0.000 / 0.000         0.000 / 0.000         0.000 / 0.000       ms
[160.110s][info][gc,stats    ]      System: Java Threads                                     38 / 40               34 / 41               34 / 41               34 / 41          threads
[160.110s][info][gc,stats    ] =========================================================================================================================================================
[161.006s][info][gc,start    ] GC(103) Garbage Collection (Proactive)
[161.006s][info][gc,task     ] GC(103) Using 10 workers
[161.006s][info][gc,phases   ] GC(103) Pause Mark Start 0.021ms
[161.022s][info][gc,phases   ] GC(103) Concurrent Mark 15.209ms
[161.022s][info][gc,phases   ] GC(103) Pause Mark End 0.022ms
[161.022s][info][gc,phases   ] GC(103) Concurrent Mark Free 0.001ms
[161.023s][info][gc,phases   ] GC(103) Concurrent Process Non-Strong References 0.575ms
[161.023s][info][gc,phases   ] GC(103) Concurrent Reset Relocation Set 0.002ms
[161.029s][info][gc,phases   ] GC(103) Concurrent Select Relocation Set 6.164ms
[161.029s][info][gc,phases   ] GC(103) Pause Relocate Start 0.009ms
[161.033s][info][gc,phases   ] GC(103) Concurrent Relocate 3.648ms
[161.033s][info][gc,load     ] GC(103) Load: 0.00/0.00/0.00
[161.033s][info][gc,mmu      ] GC(103) MMU: 2ms/98.6%, 5ms/99.3%, 10ms/99.6%, 20ms/99.8%, 50ms/99.8%, 100ms/99.9%
[161.033s][info][gc,marking  ] GC(103) Mark: 8 stripe(s), 2 proactive flush(es), 1 terminate flush(es), 0 completion(s), 0 continuation(s) 
[161.033s][info][gc,marking  ] GC(103) Mark Stack Usage: 32M
[161.033s][info][gc,nmethod  ] GC(103) NMethods: 661 registered, 76 unregistered
[161.033s][info][gc,metaspace] GC(103) Metaspace: 9M used, 9M committed, 1088M reserved
[161.033s][info][gc,ref      ] GC(103) Soft: 214 encountered, 0 discovered, 0 enqueued
[161.033s][info][gc,ref      ] GC(103) Weak: 816 encountered, 47 discovered, 0 enqueued
[161.033s][info][gc,ref      ] GC(103) Final: 0 encountered, 0 discovered, 0 enqueued
[161.033s][info][gc,ref      ] GC(103) Phantom: 27 encountered, 20 discovered, 0 enqueued
[161.033s][info][gc,reloc    ] GC(103) Small Pages: 287 / 574M, Empty: 384M, Relocated: 3M, In-Place: 0
[161.033s][info][gc,reloc    ] GC(103) Medium Pages: 0 / 0M, Empty: 0M, Relocated: 0M, In-Place: 0
[161.033s][info][gc,reloc    ] GC(103) Large Pages: 0 / 0M, Empty: 0M, Relocated: 0M, In-Place: 0
[161.033s][info][gc,reloc    ] GC(103) Forwarding Usage: 1M
[161.033s][info][gc,heap     ] GC(103) Min Capacity: 8M(1%)
[161.033s][info][gc,heap     ] GC(103) Max Capacity: 1024M(100%)
[161.033s][info][gc,heap     ] GC(103) Soft Max Capacity: 1024M(100%)
[161.033s][info][gc,heap     ] GC(103)                Mark Start          Mark End        Relocate Start      Relocate End           High               Low         
[161.033s][info][gc,heap     ] GC(103)  Capacity:     1024M (100%)       1024M (100%)       1024M (100%)       1024M (100%)       1024M (100%)       1024M (100%)   
[161.033s][info][gc,heap     ] GC(103)      Free:      450M (44%)         444M (43%)         826M (81%)         990M (97%)         990M (97%)         444M (43%)    
[161.033s][info][gc,heap     ] GC(103)      Used:      574M (56%)         580M (57%)         198M (19%)          34M (3%)          580M (57%)          34M (3%)     
[161.033s][info][gc,heap     ] GC(103)      Live:         -                 6M (1%)            6M (1%)            6M (1%)             -                  -          
[161.033s][info][gc,heap     ] GC(103) Allocated:         -                 6M (1%)            8M (1%)            9M (1%)             -                  -          
[161.033s][info][gc,heap     ] GC(103)   Garbage:         -               567M (55%)         183M (18%)          17M (2%)             -                  -          
[161.034s][info][gc,heap     ] GC(103) Reclaimed:         -                  -               384M (38%)         549M (54%)            -                  -          
[161.034s][info][gc          ] GC(103) Garbage Collection (Proactive) 574M(56%)->34M(3%)
[162.709s][info][gc,start    ] GC(104) Garbage Collection (Proactive)
[162.709s][info][gc,task     ] GC(104) Using 10 workers
[162.709s][info][gc,phases   ] GC(104) Pause Mark Start 0.016ms
[162.724s][info][gc,phases   ] GC(104) Concurrent Mark 15.173ms
[162.725s][info][gc,phases   ] GC(104) Pause Mark End 0.022ms
[162.725s][info][gc,phases   ] GC(104) Concurrent Mark Free 0.001ms
[162.725s][info][gc,phases   ] GC(104) Concurrent Process Non-Strong References 0.550ms
[162.725s][info][gc,phases   ] GC(104) Concurrent Reset Relocation Set 0.013ms
[162.731s][info][gc,phases   ] GC(104) Concurrent Select Relocation Set 6.199ms
[162.732s][info][gc,phases   ] GC(104) Pause Relocate Start 0.010ms
[162.735s][info][gc,phases   ] GC(104) Concurrent Relocate 3.629ms
[162.735s][info][gc,load     ] GC(104) Load: 0.00/0.00/0.00
[162.735s][info][gc,mmu      ] GC(104) MMU: 2ms/98.6%, 5ms/99.3%, 10ms/99.6%, 20ms/99.8%, 50ms/99.8%, 100ms/99.9%
[162.736s][info][gc,marking  ] GC(104) Mark: 8 stripe(s), 3 proactive flush(es), 1 terminate flush(es), 0 completion(s), 0 continuation(s) 
[162.736s][info][gc,marking  ] GC(104) Mark Stack Usage: 32M
[162.736s][info][gc,nmethod  ] GC(104) NMethods: 661 registered, 76 unregistered
[162.736s][info][gc,metaspace] GC(104) Metaspace: 9M used, 9M committed, 1088M reserved
[162.736s][info][gc,ref      ] GC(104) Soft: 214 encountered, 0 discovered, 0 enqueued
[162.736s][info][gc,ref      ] GC(104) Weak: 816 encountered, 19 discovered, 0 enqueued
[162.736s][info][gc,ref      ] GC(104) Final: 0 encountered, 0 discovered, 0 enqueued
[162.736s][info][gc,ref      ] GC(104) Phantom: 27 encountered, 18 discovered, 0 enqueued
[162.736s][info][gc,reloc    ] GC(104) Small Pages: 272 / 544M, Empty: 420M, Relocated: 3M, In-Place: 0
[162.736s][info][gc,reloc    ] GC(104) Medium Pages: 0 / 0M, Empty: 0M, Relocated: 0M, In-Place: 0
[162.736s][info][gc,reloc    ] GC(104) Large Pages: 0 / 0M, Empty: 0M, Relocated: 0M, In-Place: 0
[162.736s][info][gc,reloc    ] GC(104) Forwarding Usage: 1M
[162.736s][info][gc,heap     ] GC(104) Min Capacity: 8M(1%)
[162.736s][info][gc,heap     ] GC(104) Max Capacity: 1024M(100%)
[162.736s][info][gc,heap     ] GC(104) Soft Max Capacity: 1024M(100%)
[162.736s][info][gc,heap     ] GC(104)                Mark Start          Mark End        Relocate Start      Relocate End           High               Low         
[162.736s][info][gc,heap     ] GC(104)  Capacity:     1024M (100%)       1024M (100%)       1024M (100%)       1024M (100%)       1024M (100%)       1024M (100%)   
[162.736s][info][gc,heap     ] GC(104)      Free:      480M (47%)         474M (46%)         890M (87%)         990M (97%)         990M (97%)         472M (46%)    
[162.736s][info][gc,heap     ] GC(104)      Used:      544M (53%)         550M (54%)         134M (13%)          34M (3%)          552M (54%)          34M (3%)     
[162.736s][info][gc,heap     ] GC(104)      Live:         -                 6M (1%)            6M (1%)            6M (1%)             -                  -          
[162.736s][info][gc,heap     ] GC(104) Allocated:         -                 6M (1%)           10M (1%)            9M (1%)             -                  -          
[162.736s][info][gc,heap     ] GC(104)   Garbage:         -               537M (52%)         117M (11%)          17M (2%)             -                  -          
[162.736s][info][gc,heap     ] GC(104) Reclaimed:         -                  -               420M (41%)         519M (51%)            -                  -          
[162.736s][info][gc          ] GC(104) Garbage Collection (Proactive) 544M(53%)->34M(3%)
[164.298s][info][gc,start    ] GC(105) Garbage Collection (Proactive)
[164.298s][info][gc,task     ] GC(105) Using 10 workers
[164.298s][info][gc,phases   ] GC(105) Pause Mark Start 0.017ms
[164.314s][info][gc,phases   ] GC(105) Concurrent Mark 15.222ms
[164.314s][info][gc,phases   ] GC(105) Pause Mark End 0.021ms
[164.314s][info][gc,phases   ] GC(105) Concurrent Mark Free 0.002ms
[164.315s][info][gc,phases   ] GC(105) Concurrent Process Non-Strong References 0.557ms
[164.315s][info][gc,phases   ] GC(105) Concurrent Reset Relocation Set 0.010ms
[164.319s][info][gc,phases   ] GC(105) Concurrent Select Relocation Set 3.927ms
[164.319s][info][gc,phases   ] GC(105) Pause Relocate Start 0.009ms
[164.322s][info][gc,phases   ] GC(105) Concurrent Relocate 3.312ms
[164.322s][info][gc,load     ] GC(105) Load: 0.00/0.00/0.00
[164.322s][info][gc,mmu      ] GC(105) MMU: 2ms/98.6%, 5ms/99.3%, 10ms/99.6%, 20ms/99.8%, 50ms/99.8%, 100ms/99.9%
[164.322s][info][gc,marking  ] GC(105) Mark: 8 stripe(s), 2 proactive flush(es), 1 terminate flush(es), 0 completion(s), 0 continuation(s) 
[164.322s][info][gc,marking  ] GC(105) Mark Stack Usage: 32M
[164.322s][info][gc,nmethod  ] GC(105) NMethods: 661 registered, 76 unregistered
[164.322s][info][gc,metaspace] GC(105) Metaspace: 9M used, 9M committed, 1088M reserved
[164.322s][info][gc,ref      ] GC(105) Soft: 214 encountered, 0 discovered, 0 enqueued
[164.323s][info][gc,ref      ] GC(105) Weak: 816 encountered, 8 discovered, 0 enqueued
[164.323s][info][gc,ref      ] GC(105) Final: 0 encountered, 0 discovered, 0 enqueued
[164.323s][info][gc,ref      ] GC(105) Phantom: 27 encountered, 17 discovered, 0 enqueued
[164.323s][info][gc,reloc    ] GC(105) Small Pages: 271 / 542M, Empty: 424M, Relocated: 3M, In-Place: 0
[164.323s][info][gc,reloc    ] GC(105) Medium Pages: 0 / 0M, Empty: 0M, Relocated: 0M, In-Place: 0
[164.323s][info][gc,reloc    ] GC(105) Large Pages: 0 / 0M, Empty: 0M, Relocated: 0M, In-Place: 0
[164.323s][info][gc,reloc    ] GC(105) Forwarding Usage: 1M
[164.323s][info][gc,heap     ] GC(105) Min Capacity: 8M(1%)
[164.323s][info][gc,heap     ] GC(105) Max Capacity: 1024M(100%)
[164.323s][info][gc,heap     ] GC(105) Soft Max Capacity: 1024M(100%)
[164.323s][info][gc,heap     ] GC(105)                Mark Start          Mark End        Relocate Start      Relocate End           High               Low         
[164.323s][info][gc,heap     ] GC(105)  Capacity:     1024M (100%)       1024M (100%)       1024M (100%)       1024M (100%)       1024M (100%)       1024M (100%)   
[164.323s][info][gc,heap     ] GC(105)      Free:      482M (47%)         474M (46%)         898M (88%)         990M (97%)         990M (97%)         474M (46%)    
[164.323s][info][gc,heap     ] GC(105)      Used:      542M (53%)         550M (54%)         126M (12%)          34M (3%)          550M (54%)          34M (3%)     
[164.323s][info][gc,heap     ] GC(105)      Live:         -                 6M (1%)            6M (1%)            6M (1%)             -                  -          
[164.323s][info][gc,heap     ] GC(105) Allocated:         -                 8M (1%)            8M (1%)            9M (1%)             -                  -          
[164.323s][info][gc,heap     ] GC(105)   Garbage:         -               535M (52%)         111M (11%)          17M (2%)             -                  -          
[164.323s][info][gc,heap     ] GC(105) Reclaimed:         -                  -               424M (41%)         517M (51%)            -                  -          
[164.323s][info][gc          ] GC(105) Garbage Collection (Proactive) 542M(53%)->34M(3%)
[165.813s][info][gc,start    ] GC(106) Garbage Collection (Proactive)
[165.813s][info][gc,task     ] GC(106) Using 10 workers
[165.814s][info][gc,phases   ] GC(106) Pause Mark Start 0.018ms
[165.829s][info][gc,phases   ] GC(106) Concurrent Mark 15.173ms
[165.829s][info][gc,phases   ] GC(106) Pause Mark End 0.024ms
[165.829s][info][gc,phases   ] GC(106) Concurrent Mark Free 0.002ms
[165.830s][info][gc,phases   ] GC(106) Concurrent Process Non-Strong References 0.527ms
[165.830s][info][gc,phases   ] GC(106) Concurrent Reset Relocation Set 0.010ms
[165.836s][info][gc,phases   ] GC(106) Concurrent Select Relocation Set 5.999ms
[165.836s][info][gc,phases   ] GC(106) Pause Relocate Start 0.008ms
[165.840s][info][gc,phases   ] GC(106) Concurrent Relocate 3.658ms
[165.840s][info][gc,load     ] GC(106) Load: 0.00/0.00/0.00
[165.840s][info][gc,mmu      ] GC(106) MMU: 2ms/98.6%, 5ms/99.3%, 10ms/99.6%, 20ms/99.8%, 50ms/99.8%, 100ms/99.9%
[165.840s][info][gc,marking  ] GC(106) Mark: 8 stripe(s), 3 proactive flush(es), 1 terminate flush(es), 0 completion(s), 0 continuation(s) 
[165.840s][info][gc,marking  ] GC(106) Mark Stack Usage: 32M
[165.840s][info][gc,nmethod  ] GC(106) NMethods: 661 registered, 76 unregistered
[165.840s][info][gc,metaspace] GC(106) Metaspace: 9M used, 9M committed, 1088M reserved
[165.840s][info][gc,ref      ] GC(106) Soft: 214 encountered, 0 discovered, 0 enqueued
[165.840s][info][gc,ref      ] GC(106) Weak: 816 encountered, 10 discovered, 0 enqueued
[165.840s][info][gc,ref      ] GC(106) Final: 0 encountered, 0 discovered, 0 enqueued
[165.840s][info][gc,ref      ] GC(106) Phantom: 27 encountered, 14 discovered, 0 enqueued
[165.840s][info][gc,reloc    ] GC(106) Small Pages: 258 / 516M, Empty: 418M, Relocated: 3M, In-Place: 0
[165.840s][info][gc,reloc    ] GC(106) Medium Pages: 0 / 0M, Empty: 0M, Relocated: 0M, In-Place: 0
[165.840s][info][gc,reloc    ] GC(106) Large Pages: 0 / 0M, Empty: 0M, Relocated: 0M, In-Place: 0
[165.840s][info][gc,reloc    ] GC(106) Forwarding Usage: 1M
[165.840s][info][gc,heap     ] GC(106) Min Capacity: 8M(1%)
[165.840s][info][gc,heap     ] GC(106) Max Capacity: 1024M(100%)
[165.840s][info][gc,heap     ] GC(106) Soft Max Capacity: 1024M(100%)
[165.840s][info][gc,heap     ] GC(106)                Mark Start          Mark End        Relocate Start      Relocate End           High               Low         
[165.840s][info][gc,heap     ] GC(106)  Capacity:     1024M (100%)       1024M (100%)       1024M (100%)       1024M (100%)       1024M (100%)       1024M (100%)   
[165.840s][info][gc,heap     ] GC(106)      Free:      508M (50%)         500M (49%)         918M (90%)         990M (97%)         990M (97%)         500M (49%)    
[165.840s][info][gc,heap     ] GC(106)      Used:      516M (50%)         524M (51%)         106M (10%)          34M (3%)          524M (51%)          34M (3%)     
[165.841s][info][gc,heap     ] GC(106)      Live:         -                 6M (1%)            6M (1%)            6M (1%)             -                  -          
[165.841s][info][gc,heap     ] GC(106) Allocated:         -                 8M (1%)            8M (1%)            9M (1%)             -                  -          
[165.841s][info][gc,heap     ] GC(106)   Garbage:         -               509M (50%)          91M (9%)           17M (2%)             -                  -          
[165.841s][info][gc,heap     ] GC(106) Reclaimed:         -                  -               418M (41%)         491M (48%)            -                  -          
[165.841s][info][gc          ] GC(106) Garbage Collection (Proactive) 516M(50%)->34M(3%)
[166.125s][info][gc,start    ] GC(107) Garbage Collection (System.gc())
[166.125s][info][gc,task     ] GC(107) Using 10 workers
[166.125s][info][gc,phases   ] GC(107) Pause Mark Start 0.016ms
[166.141s][info][gc,phases   ] GC(107) Concurrent Mark 16.517ms
[166.142s][info][gc,phases   ] GC(107) Pause Mark End 0.017ms
[166.142s][info][gc,phases   ] GC(107) Concurrent Mark Free 0.001ms
[166.142s][info][gc,phases   ] GC(107) Concurrent Process Non-Strong References 0.518ms
[166.142s][info][gc,phases   ] GC(107) Concurrent Reset Relocation Set 0.007ms
[166.146s][info][gc,phases   ] GC(107) Concurrent Select Relocation Set 3.742ms
[166.146s][info][gc,phases   ] GC(107) Pause Relocate Start 0.006ms
[166.149s][info][gc,phases   ] GC(107) Concurrent Relocate 3.128ms
[166.149s][info][gc,load     ] GC(107) Load: 0.00/0.00/0.00
[166.149s][info][gc,mmu      ] GC(107) MMU: 2ms/98.6%, 5ms/99.3%, 10ms/99.6%, 20ms/99.8%, 50ms/99.8%, 100ms/99.9%
[166.149s][info][gc,marking  ] GC(107) Mark: 8 stripe(s), 1 proactive flush(es), 1 terminate flush(es), 0 completion(s), 0 continuation(s) 
[166.149s][info][gc,marking  ] GC(107) Mark Stack Usage: 32M
[166.149s][info][gc,nmethod  ] GC(107) NMethods: 664 registered, 76 unregistered
[166.149s][info][gc,metaspace] GC(107) Metaspace: 9M used, 9M committed, 1088M reserved
[166.149s][info][gc,ref      ] GC(107) Soft: 214 encountered, 0 discovered, 0 enqueued
[166.150s][info][gc,ref      ] GC(107) Weak: 816 encountered, 19 discovered, 0 enqueued
[166.150s][info][gc,ref      ] GC(107) Final: 0 encountered, 0 discovered, 0 enqueued
[166.150s][info][gc,ref      ] GC(107) Phantom: 27 encountered, 18 discovered, 0 enqueued
[166.150s][info][gc,reloc    ] GC(107) Small Pages: 64 / 128M, Empty: 110M, Relocated: 3M, In-Place: 0
[166.150s][info][gc,reloc    ] GC(107) Medium Pages: 0 / 0M, Empty: 0M, Relocated: 0M, In-Place: 0
[166.150s][info][gc,reloc    ] GC(107) Large Pages: 0 / 0M, Empty: 0M, Relocated: 0M, In-Place: 0
[166.150s][info][gc,reloc    ] GC(107) Forwarding Usage: 1M
[166.150s][info][gc,heap     ] GC(107) Min Capacity: 8M(1%)
[166.150s][info][gc,heap     ] GC(107) Max Capacity: 1024M(100%)
[166.150s][info][gc,heap     ] GC(107) Soft Max Capacity: 1024M(100%)
[166.150s][info][gc,heap     ] GC(107)                Mark Start          Mark End        Relocate Start      Relocate End           High               Low         
[166.150s][info][gc,heap     ] GC(107)  Capacity:     1024M (100%)       1024M (100%)       1024M (100%)       1024M (100%)       1024M (100%)       1024M (100%)   
[166.150s][info][gc,heap     ] GC(107)      Free:      896M (88%)         896M (88%)        1006M (98%)        1006M (98%)        1006M (98%)         896M (88%)    
[166.150s][info][gc,heap     ] GC(107)      Used:      128M (13%)         128M (13%)          18M (2%)           18M (2%)          128M (13%)          18M (2%)     
[166.150s][info][gc,heap     ] GC(107)      Live:         -                 4M (0%)            4M (0%)            4M (0%)             -                  -          
[166.150s][info][gc,heap     ] GC(107) Allocated:         -                 0M (0%)            0M (0%)            0M (0%)             -                  -          
[166.150s][info][gc,heap     ] GC(107)   Garbage:         -               123M (12%)          13M (1%)           13M (1%)             -                  -          
[166.150s][info][gc,heap     ] GC(107) Reclaimed:         -                  -               110M (11%)         110M (11%)            -                  -          
[166.150s][info][gc          ] GC(107) Garbage Collection (System.gc()) 128M(13%)->18M(2%)
[167.610s][info][gc,start    ] GC(108) Garbage Collection (Proactive)
[167.610s][info][gc,task     ] GC(108) Using 10 workers
[167.610s][info][gc,phases   ] GC(108) Pause Mark Start 0.018ms
[167.625s][info][gc,phases   ] GC(108) Concurrent Mark 15.147ms
[167.626s][info][gc,phases   ] GC(108) Pause Mark End 0.022ms
[167.626s][info][gc,phases   ] GC(108) Concurrent Mark Free 0.002ms
[167.626s][info][gc,phases   ] GC(108) Concurrent Process Non-Strong References 0.570ms
[167.626s][info][gc,phases   ] GC(108) Concurrent Reset Relocation Set 0.002ms
[167.632s][info][gc,phases   ] GC(108) Concurrent Select Relocation Set 5.800ms
[167.632s][info][gc,phases   ] GC(108) Pause Relocate Start 0.010ms
[167.636s][info][gc,phases   ] GC(108) Concurrent Relocate 3.333ms
[167.636s][info][gc,load     ] GC(108) Load: 0.00/0.00/0.00
[167.636s][info][gc,mmu      ] GC(108) MMU: 2ms/98.6%, 5ms/99.3%, 10ms/99.6%, 20ms/99.8%, 50ms/99.8%, 100ms/99.9%
[167.636s][info][gc,marking  ] GC(108) Mark: 8 stripe(s), 2 proactive flush(es), 1 terminate flush(es), 0 completion(s), 0 continuation(s) 
[167.636s][info][gc,marking  ] GC(108) Mark Stack Usage: 32M
[167.636s][info][gc,nmethod  ] GC(108) NMethods: 664 registered, 76 unregistered
[167.636s][info][gc,metaspace] GC(108) Metaspace: 9M used, 9M committed, 1088M reserved
[167.636s][info][gc,ref      ] GC(108) Soft: 214 encountered, 0 discovered, 0 enqueued
[167.636s][info][gc,ref      ] GC(108) Weak: 816 encountered, 42 discovered, 0 enqueued
[167.636s][info][gc,ref      ] GC(108) Final: 0 encountered, 0 discovered, 0 enqueued
[167.636s][info][gc,ref      ] GC(108) Phantom: 27 encountered, 20 discovered, 0 enqueued
[167.636s][info][gc,reloc    ] GC(108) Small Pages: 249 / 498M, Empty: 330M, Relocated: 3M, In-Place: 0
[167.636s][info][gc,reloc    ] GC(108) Medium Pages: 0 / 0M, Empty: 0M, Relocated: 0M, In-Place: 0
[167.636s][info][gc,reloc    ] GC(108) Large Pages: 0 / 0M, Empty: 0M, Relocated: 0M, In-Place: 0
[167.636s][info][gc,reloc    ] GC(108) Forwarding Usage: 1M
[167.636s][info][gc,heap     ] GC(108) Min Capacity: 8M(1%)
[167.636s][info][gc,heap     ] GC(108) Max Capacity: 1024M(100%)
[167.636s][info][gc,heap     ] GC(108) Soft Max Capacity: 1024M(100%)
[167.636s][info][gc,heap     ] GC(108)                Mark Start          Mark End        Relocate Start      Relocate End           High               Low         
[167.636s][info][gc,heap     ] GC(108)  Capacity:     1024M (100%)       1024M (100%)       1024M (100%)       1024M (100%)       1024M (100%)       1024M (100%)   
[167.636s][info][gc,heap     ] GC(108)      Free:      526M (51%)         520M (51%)         848M (83%)         990M (97%)         990M (97%)         520M (51%)    
[167.636s][info][gc,heap     ] GC(108)      Used:      498M (49%)         504M (49%)         176M (17%)          34M (3%)          504M (49%)          34M (3%)     
[167.636s][info][gc,heap     ] GC(108)      Live:         -                 6M (1%)            6M (1%)            6M (1%)             -                  -          
[167.636s][info][gc,heap     ] GC(108) Allocated:         -                 6M (1%)            8M (1%)            9M (1%)             -                  -          
[167.636s][info][gc,heap     ] GC(108)   Garbage:         -               491M (48%)         161M (16%)          17M (2%)             -                  -          
[167.637s][info][gc,heap     ] GC(108) Reclaimed:         -                  -               330M (32%)         473M (46%)            -                  -          
[167.637s][info][gc          ] GC(108) Garbage Collection (Proactive) 498M(49%)->34M(3%)
[169.203s][info][gc,start    ] GC(109) Garbage Collection (Proactive)
[169.203s][info][gc,task     ] GC(109) Using 10 workers
[169.203s][info][gc,phases   ] GC(109) Pause Mark Start 0.019ms
[169.219s][info][gc,phases   ] GC(109) Concurrent Mark 15.166ms
[169.219s][info][gc,phases   ] GC(109) Pause Mark End 0.022ms
[169.219s][info][gc,phases   ] GC(109) Concurrent Mark Free 0.002ms
[169.220s][info][gc,phases   ] GC(109) Concurrent Process Non-Strong References 0.571ms
[169.220s][info][gc,phases   ] GC(109) Concurrent Reset Relocation Set 0.014ms
[169.224s][info][gc,phases   ] GC(109) Concurrent Select Relocation Set 3.795ms
[169.224s][info][gc,phases   ] GC(109) Pause Relocate Start 0.008ms
[169.227s][info][gc,phases   ] GC(109) Concurrent Relocate 3.524ms
[169.227s][info][gc,load     ] GC(109) Load: 0.00/0.00/0.00
[169.227s][info][gc,mmu      ] GC(109) MMU: 2ms/98.6%, 5ms/99.3%, 10ms/99.6%, 20ms/99.8%, 50ms/99.8%, 100ms/99.9%
[169.227s][info][gc,marking  ] GC(109) Mark: 8 stripe(s), 2 proactive flush(es), 1 terminate flush(es), 0 completion(s), 0 continuation(s) 
[169.227s][info][gc,marking  ] GC(109) Mark Stack Usage: 32M
[169.228s][info][gc,nmethod  ] GC(109) NMethods: 664 registered, 76 unregistered
[169.228s][info][gc,metaspace] GC(109) Metaspace: 9M used, 9M committed, 1088M reserved
[169.228s][info][gc,ref      ] GC(109) Soft: 214 encountered, 0 discovered, 0 enqueued
[169.228s][info][gc,ref      ] GC(109) Weak: 816 encountered, 75 discovered, 0 enqueued
[169.228s][info][gc,ref      ] GC(109) Final: 0 encountered, 0 discovered, 0 enqueued
[169.228s][info][gc,ref      ] GC(109) Phantom: 27 encountered, 19 discovered, 0 enqueued
[169.228s][info][gc,reloc    ] GC(109) Small Pages: 266 / 532M, Empty: 378M, Relocated: 3M, In-Place: 0
[169.228s][info][gc,reloc    ] GC(109) Medium Pages: 0 / 0M, Empty: 0M, Relocated: 0M, In-Place: 0
[169.228s][info][gc,reloc    ] GC(109) Large Pages: 0 / 0M, Empty: 0M, Relocated: 0M, In-Place: 0
[169.228s][info][gc,reloc    ] GC(109) Forwarding Usage: 1M
[169.228s][info][gc,heap     ] GC(109) Min Capacity: 8M(1%)
[169.228s][info][gc,heap     ] GC(109) Max Capacity: 1024M(100%)
[169.228s][info][gc,heap     ] GC(109) Soft Max Capacity: 1024M(100%)
[169.228s][info][gc,heap     ] GC(109)                Mark Start          Mark End        Relocate Start      Relocate End           High               Low         
[169.228s][info][gc,heap     ] GC(109)  Capacity:     1024M (100%)       1024M (100%)       1024M (100%)       1024M (100%)       1024M (100%)       1024M (100%)   
[169.228s][info][gc,heap     ] GC(109)      Free:      492M (48%)         486M (47%)         862M (84%)         990M (97%)         990M (97%)         484M (47%)    
[169.228s][info][gc,heap     ] GC(109)      Used:      532M (52%)         538M (53%)         162M (16%)          34M (3%)          540M (53%)          34M (3%)     
[169.228s][info][gc,heap     ] GC(109)      Live:         -                 6M (1%)            6M (1%)            6M (1%)             -                  -          
[169.228s][info][gc,heap     ] GC(109) Allocated:         -                 6M (1%)            8M (1%)            9M (1%)             -                  -          
[169.228s][info][gc,heap     ] GC(109)   Garbage:         -               525M (51%)         147M (14%)          17M (2%)             -                  -          
[169.228s][info][gc,heap     ] GC(109) Reclaimed:         -                  -               378M (37%)         507M (50%)            -                  -          
[169.228s][info][gc          ] GC(109) Garbage Collection (Proactive) 532M(52%)->34M(3%)
[170.112s][info][gc,stats    ] === Garbage Collection Statistics =======================================================================================================================
[170.112s][info][gc,stats    ]                                                              Last 10s              Last 10m              Last 10h                Total
[170.112s][info][gc,stats    ]                                                              Avg / Max             Avg / Max             Avg / Max             Avg / Max
[170.112s][info][gc,stats    ]   Collector: Garbage Collection Cycle                     25.609 / 26.750       27.022 / 78.390       27.022 / 78.390       27.022 / 78.390      ms
[170.112s][info][gc,stats    ]  Contention: Mark Segment Reset Contention                     1 / 2                 0 / 8                 0 / 8                 0 / 8           ops/s
[170.112s][info][gc,stats    ]  Contention: Mark SeqNum Reset Contention                      0 / 2                 0 / 3                 0 / 3                 0 / 3           ops/s
[170.112s][info][gc,stats    ]    Critical: Allocation Stall                                  0 / 0                 0 / 0                 0 / 0                 0 / 0           ops/s
[170.112s][info][gc,stats    ]    Critical: Allocation Stall                              0.000 / 0.000         0.000 / 0.000         0.000 / 0.000         0.000 / 0.000       ms
[170.112s][info][gc,stats    ]    Critical: GC Locker Stall                                   0 / 0                 0 / 0                 0 / 0                 0 / 0           ops/s
[170.112s][info][gc,stats    ]    Critical: GC Locker Stall                               0.000 / 0.000         0.000 / 0.000         0.000 / 0.000         0.000 / 0.000       ms
[170.112s][info][gc,stats    ]    Critical: Relocation Stall                                  0 / 0                 0 / 0                 0 / 0                 0 / 0           ops/s
[170.112s][info][gc,stats    ]    Critical: Relocation Stall                              0.000 / 0.000         0.000 / 0.000         0.000 / 0.000         0.000 / 0.000       ms
[170.112s][info][gc,stats    ]      Memory: Allocation Rate                                 325 / 334             319 / 344             319 / 344             319 / 344         MB/s
[170.112s][info][gc,stats    ]      Memory: Defragment                                        0 / 0                 0 / 0                 0 / 0                 0 / 0           ops/s
[170.112s][info][gc,stats    ]      Memory: Out Of Memory                                     0 / 0                 0 / 0                 0 / 0                 0 / 0           ops/s
[170.112s][info][gc,stats    ]      Memory: Page Cache Flush                                  0 / 0                 0 / 0                 0 / 0                 0 / 0           MB/s
[170.112s][info][gc,stats    ]      Memory: Page Cache Hit L1                               169 / 177             163 / 182             163 / 182             163 / 182         ops/s
[170.112s][info][gc,stats    ]      Memory: Page Cache Hit L2                                 0 / 0                 0 / 0                 0 / 0                 0 / 0           ops/s
[170.112s][info][gc,stats    ]      Memory: Page Cache Hit L3                                 0 / 0                 2 / 103               2 / 103               2 / 103         ops/s
[170.112s][info][gc,stats    ]      Memory: Page Cache Miss                                   0 / 0                 0 / 1                 0 / 1                 0 / 1           ops/s
[170.112s][info][gc,stats    ]      Memory: Uncommit                                          0 / 0                 0 / 0                 0 / 0                 0 / 0           MB/s
[170.112s][info][gc,stats    ]      Memory: Undo Object Allocation Failed                     0 / 1                 0 / 4                 0 / 4                 0 / 4           ops/s
[170.112s][info][gc,stats    ]      Memory: Undo Object Allocation Succeeded                  0 / 1                 0 / 4                 0 / 4                 0 / 4           ops/s
[170.112s][info][gc,stats    ]      Memory: Undo Page Allocation                              2 / 5                 1 / 6                 1 / 6                 1 / 6           ops/s
[170.113s][info][gc,stats    ]       Phase: Concurrent Mark                              15.372 / 16.517       15.566 / 34.706       15.566 / 34.706       15.566 / 34.706      ms
[170.113s][info][gc,stats    ]       Phase: Concurrent Mark Continue                      0.000 / 0.000         0.000 / 0.000         0.000 / 0.000         0.000 / 0.000       ms
[170.113s][info][gc,stats    ]       Phase: Concurrent Mark Free                          0.001 / 0.002         0.001 / 0.002         0.001 / 0.002         0.001 / 0.002       ms
[170.113s][info][gc,stats    ]       Phase: Concurrent Process Non-Strong References      0.552 / 0.575         1.157 / 7.426         1.157 / 7.426         1.157 / 7.426       ms
[170.113s][info][gc,stats    ]       Phase: Concurrent Relocate                           3.462 / 3.658         3.575 / 12.244        3.575 / 12.244        3.575 / 12.244      ms
[170.113s][info][gc,stats    ]       Phase: Concurrent Reset Relocation Set               0.008 / 0.014         0.008 / 0.016         0.008 / 0.016         0.008 / 0.016       ms
[170.113s][info][gc,stats    ]       Phase: Concurrent Select Relocation Set              5.089 / 6.199         4.917 / 14.229        4.917 / 14.229        4.917 / 14.229      ms
[170.113s][info][gc,stats    ]       Phase: Pause Mark End                                0.022 / 0.024         0.021 / 0.027         0.021 / 0.027         0.021 / 0.027       ms
[170.113s][info][gc,stats    ]       Phase: Pause Mark Start                              0.018 / 0.021         0.017 / 0.029         0.017 / 0.029         0.017 / 0.029       ms
[170.113s][info][gc,stats    ]       Phase: Pause Relocate Start                          0.009 / 0.010         0.008 / 0.014         0.008 / 0.014         0.008 / 0.014       ms
[170.113s][info][gc,stats    ]    Subphase: Concurrent Classes Purge                      0.008 / 0.024         0.082 / 5.468         0.082 / 5.468         0.082 / 5.468       ms
[170.113s][info][gc,stats    ]    Subphase: Concurrent Classes Unlink                     0.251 / 0.260         0.738 / 5.860         0.738 / 5.860         0.738 / 5.860       ms
[170.113s][info][gc,stats    ]    Subphase: Concurrent Mark                              13.470 / 15.438       12.670 / 31.718       12.670 / 31.718       12.670 / 31.718      ms
[170.113s][info][gc,stats    ]    Subphase: Concurrent Mark Try Flush                     0.073 / 0.102         0.070 / 0.242         0.070 / 0.242         0.070 / 0.242       ms
[170.113s][info][gc,stats    ]    Subphase: Concurrent Mark Try Terminate                 8.551 / 13.453        7.401 / 17.080        7.401 / 17.080        7.401 / 17.080      ms
[170.113s][info][gc,stats    ]    Subphase: Concurrent References Enqueue                 0.000 / 0.001         0.001 / 0.005         0.001 / 0.005         0.001 / 0.005       ms
[170.113s][info][gc,stats    ]    Subphase: Concurrent References Process                 0.038 / 0.044         0.043 / 0.088         0.043 / 0.088         0.043 / 0.088       ms
[170.113s][info][gc,stats    ]    Subphase: Concurrent Roots ClassLoaderDataGraph         0.078 / 0.481         0.086 / 0.868         0.086 / 0.868         0.086 / 0.868       ms
[170.113s][info][gc,stats    ]    Subphase: Concurrent Roots CodeCache                    0.000 / 0.000         0.000 / 0.000         0.000 / 0.000         0.000 / 0.000       ms
[170.113s][info][gc,stats    ]    Subphase: Concurrent Roots JavaThreads                  0.556 / 1.015         0.519 / 2.549         0.519 / 2.549         0.519 / 2.549       ms
[170.113s][info][gc,stats    ]    Subphase: Concurrent Roots OopStorageSet                0.017 / 0.045         0.018 / 0.219         0.018 / 0.219         0.018 / 0.219       ms
[170.113s][info][gc,stats    ]    Subphase: Concurrent Weak Roots OopStorageSet           0.132 / 0.154         0.138 / 1.443         0.138 / 1.443         0.138 / 1.443       ms
[170.113s][info][gc,stats    ]    Subphase: Pause Mark Try Complete                       0.000 / 0.000         0.000 / 0.000         0.000 / 0.000         0.000 / 0.000       ms
[170.113s][info][gc,stats    ]      System: Java Threads                                     40 / 40               35 / 41               35 / 41               35 / 41          threads
[170.113s][info][gc,stats    ] =========================================================================================================================================================
[170.611s][info][gc,start    ] GC(110) Garbage Collection (Proactive)
[170.612s][info][gc,task     ] GC(110) Using 10 workers
[170.612s][info][gc,phases   ] GC(110) Pause Mark Start 0.018ms
[170.627s][info][gc,phases   ] GC(110) Concurrent Mark 15.216ms
[170.627s][info][gc,phases   ] GC(110) Pause Mark End 0.025ms
[170.627s][info][gc,phases   ] GC(110) Concurrent Mark Free 0.001ms
[170.628s][info][gc,phases   ] GC(110) Concurrent Process Non-Strong References 0.556ms
[170.628s][info][gc,phases   ] GC(110) Concurrent Reset Relocation Set 0.010ms
[170.634s][info][gc,phases   ] GC(110) Concurrent Select Relocation Set 6.014ms
[170.634s][info][gc,phases   ] GC(110) Pause Relocate Start 0.010ms
[170.638s][info][gc,phases   ] GC(110) Concurrent Relocate 3.589ms
[170.638s][info][gc,load     ] GC(110) Load: 0.00/0.00/0.00
[170.638s][info][gc,mmu      ] GC(110) MMU: 2ms/98.6%, 5ms/99.3%, 10ms/99.6%, 20ms/99.8%, 50ms/99.8%, 100ms/99.9%
[170.638s][info][gc,marking  ] GC(110) Mark: 8 stripe(s), 3 proactive flush(es), 1 terminate flush(es), 0 completion(s), 0 continuation(s) 
[170.638s][info][gc,marking  ] GC(110) Mark Stack Usage: 32M
[170.638s][info][gc,nmethod  ] GC(110) NMethods: 664 registered, 76 unregistered
[170.638s][info][gc,metaspace] GC(110) Metaspace: 9M used, 9M committed, 1088M reserved
[170.638s][info][gc,ref      ] GC(110) Soft: 214 encountered, 0 discovered, 0 enqueued
[170.638s][info][gc,ref      ] GC(110) Weak: 816 encountered, 8 discovered, 0 enqueued
[170.638s][info][gc,ref      ] GC(110) Final: 0 encountered, 0 discovered, 0 enqueued
[170.638s][info][gc,ref      ] GC(110) Phantom: 27 encountered, 23 discovered, 0 enqueued
[170.638s][info][gc,reloc    ] GC(110) Small Pages: 242 / 484M, Empty: 422M, Relocated: 3M, In-Place: 0
[170.638s][info][gc,reloc    ] GC(110) Medium Pages: 0 / 0M, Empty: 0M, Relocated: 0M, In-Place: 0
[170.638s][info][gc,reloc    ] GC(110) Large Pages: 0 / 0M, Empty: 0M, Relocated: 0M, In-Place: 0
[170.638s][info][gc,reloc    ] GC(110) Forwarding Usage: 1M
[170.638s][info][gc,heap     ] GC(110) Min Capacity: 8M(1%)
[170.638s][info][gc,heap     ] GC(110) Max Capacity: 1024M(100%)
[170.638s][info][gc,heap     ] GC(110) Soft Max Capacity: 1024M(100%)
[170.638s][info][gc,heap     ] GC(110)                Mark Start          Mark End        Relocate Start      Relocate End           High               Low         
[170.638s][info][gc,heap     ] GC(110)  Capacity:     1024M (100%)       1024M (100%)       1024M (100%)       1024M (100%)       1024M (100%)       1024M (100%)   
[170.639s][info][gc,heap     ] GC(110)      Free:      540M (53%)         534M (52%)         954M (93%)         990M (97%)         990M (97%)         534M (52%)    
[170.639s][info][gc,heap     ] GC(110)      Used:      484M (47%)         490M (48%)          70M (7%)           34M (3%)          490M (48%)          34M (3%)     
[170.639s][info][gc,heap     ] GC(110)      Live:         -                 6M (1%)            6M (1%)            6M (1%)             -                  -          
[170.639s][info][gc,heap     ] GC(110) Allocated:         -                 6M (1%)            8M (1%)            9M (1%)             -                  -          
[170.639s][info][gc,heap     ] GC(110)   Garbage:         -               477M (47%)          55M (5%)           17M (2%)             -                  -          
[170.639s][info][gc,heap     ] GC(110) Reclaimed:         -                  -               422M (41%)         459M (45%)            -                  -          
[170.639s][info][gc          ] GC(110) Garbage Collection (Proactive) 484M(47%)->34M(3%)
[172.109s][info][gc,start    ] GC(111) Garbage Collection (Proactive)
[172.110s][info][gc,task     ] GC(111) Using 10 workers
[172.110s][info][gc,phases   ] GC(111) Pause Mark Start 0.019ms
[172.125s][info][gc,phases   ] GC(111) Concurrent Mark 15.196ms
[172.125s][info][gc,phases   ] GC(111) Pause Mark End 0.024ms
[172.125s][info][gc,phases   ] GC(111) Concurrent Mark Free 0.002ms
[172.126s][info][gc,phases   ] GC(111) Concurrent Process Non-Strong References 0.571ms
[172.126s][info][gc,phases   ] GC(111) Concurrent Reset Relocation Set 0.006ms
[172.130s][info][gc,phases   ] GC(111) Concurrent Select Relocation Set 3.853ms
[172.130s][info][gc,phases   ] GC(111) Pause Relocate Start 0.008ms
[172.135s][info][gc,phases   ] GC(111) Concurrent Relocate 4.937ms
[172.135s][info][gc,load     ] GC(111) Load: 0.00/0.00/0.00
[172.135s][info][gc,mmu      ] GC(111) MMU: 2ms/98.6%, 5ms/99.3%, 10ms/99.6%, 20ms/99.8%, 50ms/99.8%, 100ms/99.9%
[172.135s][info][gc,marking  ] GC(111) Mark: 8 stripe(s), 2 proactive flush(es), 1 terminate flush(es), 0 completion(s), 0 continuation(s) 
[172.135s][info][gc,marking  ] GC(111) Mark Stack Usage: 32M
[172.135s][info][gc,nmethod  ] GC(111) NMethods: 664 registered, 76 unregistered
[172.135s][info][gc,metaspace] GC(111) Metaspace: 9M used, 9M committed, 1088M reserved
[172.135s][info][gc,ref      ] GC(111) Soft: 214 encountered, 0 discovered, 0 enqueued
[172.135s][info][gc,ref      ] GC(111) Weak: 816 encountered, 33 discovered, 0 enqueued
[172.135s][info][gc,ref      ] GC(111) Final: 0 encountered, 0 discovered, 0 enqueued
[172.135s][info][gc,ref      ] GC(111) Phantom: 27 encountered, 18 discovered, 0 enqueued
[172.135s][info][gc,reloc    ] GC(111) Small Pages: 260 / 520M, Empty: 436M, Relocated: 3M, In-Place: 0
[172.135s][info][gc,reloc    ] GC(111) Medium Pages: 0 / 0M, Empty: 0M, Relocated: 0M, In-Place: 0
[172.136s][info][gc,reloc    ] GC(111) Large Pages: 0 / 0M, Empty: 0M, Relocated: 0M, In-Place: 0
[172.136s][info][gc,reloc    ] GC(111) Forwarding Usage: 1M
[172.136s][info][gc,heap     ] GC(111) Min Capacity: 8M(1%)
[172.136s][info][gc,heap     ] GC(111) Max Capacity: 1024M(100%)
[172.136s][info][gc,heap     ] GC(111) Soft Max Capacity: 1024M(100%)
[172.136s][info][gc,heap     ] GC(111)                Mark Start          Mark End        Relocate Start      Relocate End           High               Low         
[172.136s][info][gc,heap     ] GC(111)  Capacity:     1024M (100%)       1024M (100%)       1024M (100%)       1024M (100%)       1024M (100%)       1024M (100%)   
[172.136s][info][gc,heap     ] GC(111)      Free:      504M (49%)         498M (49%)         932M (91%)         990M (97%)         990M (97%)         498M (49%)    
[172.136s][info][gc,heap     ] GC(111)      Used:      520M (51%)         526M (51%)          92M (9%)           34M (3%)          526M (51%)          34M (3%)     
[172.136s][info][gc,heap     ] GC(111)      Live:         -                 6M (1%)            6M (1%)            6M (1%)             -                  -          
[172.136s][info][gc,heap     ] GC(111) Allocated:         -                 6M (1%)            8M (1%)            9M (1%)             -                  -          
[172.136s][info][gc,heap     ] GC(111)   Garbage:         -               513M (50%)          77M (8%)           17M (2%)             -                  -          
[172.136s][info][gc,heap     ] GC(111) Reclaimed:         -                  -               436M (43%)         495M (48%)            -                  -          
[172.136s][info][gc          ] GC(111) Garbage Collection (Proactive) 520M(51%)->34M(3%)
[172.878s][info][gc,start    ] GC(112) Garbage Collection (System.gc())
[172.878s][info][gc,task     ] GC(112) Using 10 workers
[172.879s][info][gc,phases   ] GC(112) Pause Mark Start 0.017ms
[172.898s][info][gc,phases   ] GC(112) Concurrent Mark 19.358ms
[172.908s][info][gc,phases   ] GC(112) Pause Mark End 0.020ms
[172.908s][info][gc,phases   ] GC(112) Concurrent Mark Free 0.001ms
[172.908s][info][gc,phases   ] GC(112) Concurrent Process Non-Strong References 0.541ms
[172.909s][info][gc,phases   ] GC(112) Concurrent Reset Relocation Set 0.007ms
[172.912s][info][gc,phases   ] GC(112) Concurrent Select Relocation Set 3.803ms
[172.912s][info][gc,phases   ] GC(112) Pause Relocate Start 0.005ms
[172.916s][info][gc,phases   ] GC(112) Concurrent Relocate 3.180ms
[172.916s][info][gc,load     ] GC(112) Load: 0.00/0.00/0.00
[172.916s][info][gc,mmu      ] GC(112) MMU: 2ms/98.6%, 5ms/99.3%, 10ms/99.6%, 20ms/99.8%, 50ms/99.8%, 100ms/99.9%
[172.916s][info][gc,marking  ] GC(112) Mark: 8 stripe(s), 2 proactive flush(es), 1 terminate flush(es), 0 completion(s), 0 continuation(s) 
[172.916s][info][gc,marking  ] GC(112) Mark Stack Usage: 32M
[172.916s][info][gc,nmethod  ] GC(112) NMethods: 665 registered, 76 unregistered
[172.916s][info][gc,metaspace] GC(112) Metaspace: 9M used, 9M committed, 1088M reserved
[172.916s][info][gc,ref      ] GC(112) Soft: 214 encountered, 0 discovered, 0 enqueued
[172.916s][info][gc,ref      ] GC(112) Weak: 816 encountered, 30 discovered, 0 enqueued
[172.916s][info][gc,ref      ] GC(112) Final: 0 encountered, 0 discovered, 0 enqueued
[172.916s][info][gc,ref      ] GC(112) Phantom: 27 encountered, 17 discovered, 0 enqueued
[172.916s][info][gc,reloc    ] GC(112) Small Pages: 131 / 262M, Empty: 244M, Relocated: 3M, In-Place: 0
[172.916s][info][gc,reloc    ] GC(112) Medium Pages: 0 / 0M, Empty: 0M, Relocated: 0M, In-Place: 0
[172.916s][info][gc,reloc    ] GC(112) Large Pages: 0 / 0M, Empty: 0M, Relocated: 0M, In-Place: 0
[172.916s][info][gc,reloc    ] GC(112) Forwarding Usage: 1M
[172.916s][info][gc,heap     ] GC(112) Min Capacity: 8M(1%)
[172.916s][info][gc,heap     ] GC(112) Max Capacity: 1024M(100%)
[172.916s][info][gc,heap     ] GC(112) Soft Max Capacity: 1024M(100%)
[172.916s][info][gc,heap     ] GC(112)                Mark Start          Mark End        Relocate Start      Relocate End           High               Low         
[172.916s][info][gc,heap     ] GC(112)  Capacity:     1024M (100%)       1024M (100%)       1024M (100%)       1024M (100%)       1024M (100%)       1024M (100%)   
[172.916s][info][gc,heap     ] GC(112)      Free:      762M (74%)         762M (74%)        1006M (98%)        1006M (98%)        1006M (98%)         762M (74%)    
[172.916s][info][gc,heap     ] GC(112)      Used:      262M (26%)         262M (26%)          18M (2%)           18M (2%)          262M (26%)          18M (2%)     
[172.916s][info][gc,heap     ] GC(112)      Live:         -                 4M (0%)            4M (0%)            4M (0%)             -                  -          
[172.916s][info][gc,heap     ] GC(112) Allocated:         -                 0M (0%)            0M (0%)            0M (0%)             -                  -          
[172.916s][info][gc,heap     ] GC(112)   Garbage:         -               257M (25%)          13M (1%)           13M (1%)             -                  -          
[172.917s][info][gc,heap     ] GC(112) Reclaimed:         -                  -               244M (24%)         244M (24%)            -                  -          
[172.917s][info][gc          ] GC(112) Garbage Collection (System.gc()) 262M(26%)->18M(2%)
[175.506s][info][gc,start    ] GC(113) Garbage Collection (Proactive)
[175.506s][info][gc,task     ] GC(113) Using 10 workers
[175.506s][info][gc,phases   ] GC(113) Pause Mark Start 0.019ms
[175.530s][info][gc,phases   ] GC(113) Concurrent Mark 23.895ms
[175.531s][info][gc,phases   ] GC(113) Pause Mark End 0.026ms
[175.531s][info][gc,phases   ] GC(113) Concurrent Mark Free 0.002ms
[175.531s][info][gc,phases   ] GC(113) Concurrent Process Non-Strong References 0.596ms
[175.531s][info][gc,phases   ] GC(113) Concurrent Reset Relocation Set 0.002ms
[175.538s][info][gc,phases   ] GC(113) Concurrent Select Relocation Set 6.161ms
[175.538s][info][gc,phases   ] GC(113) Pause Relocate Start 0.013ms
[175.541s][info][gc,phases   ] GC(113) Concurrent Relocate 3.509ms
[175.541s][info][gc,load     ] GC(113) Load: 0.00/0.00/0.00
[175.542s][info][gc,mmu      ] GC(113) MMU: 2ms/98.6%, 5ms/99.3%, 10ms/99.6%, 20ms/99.8%, 50ms/99.8%, 100ms/99.9%
[175.542s][info][gc,marking  ] GC(113) Mark: 8 stripe(s), 5 proactive flush(es), 1 terminate flush(es), 0 completion(s), 0 continuation(s) 
[175.542s][info][gc,marking  ] GC(113) Mark Stack Usage: 32M
[175.542s][info][gc,nmethod  ] GC(113) NMethods: 668 registered, 77 unregistered
[175.542s][info][gc,metaspace] GC(113) Metaspace: 9M used, 9M committed, 1088M reserved
[175.542s][info][gc,ref      ] GC(113) Soft: 214 encountered, 0 discovered, 0 enqueued
[175.542s][info][gc,ref      ] GC(113) Weak: 816 encountered, 27 discovered, 0 enqueued
[175.542s][info][gc,ref      ] GC(113) Final: 0 encountered, 0 discovered, 0 enqueued
[175.542s][info][gc,ref      ] GC(113) Phantom: 27 encountered, 18 discovered, 0 enqueued
[175.542s][info][gc,reloc    ] GC(113) Small Pages: 414 / 828M, Empty: 656M, Relocated: 3M, In-Place: 0
[175.542s][info][gc,reloc    ] GC(113) Medium Pages: 0 / 0M, Empty: 0M, Relocated: 0M, In-Place: 0
[175.542s][info][gc,reloc    ] GC(113) Large Pages: 0 / 0M, Empty: 0M, Relocated: 0M, In-Place: 0
[175.542s][info][gc,reloc    ] GC(113) Forwarding Usage: 1M
[175.542s][info][gc,heap     ] GC(113) Min Capacity: 8M(1%)
[175.542s][info][gc,heap     ] GC(113) Max Capacity: 1024M(100%)
[175.542s][info][gc,heap     ] GC(113) Soft Max Capacity: 1024M(100%)
[175.542s][info][gc,heap     ] GC(113)                Mark Start          Mark End        Relocate Start      Relocate End           High               Low         
[175.542s][info][gc,heap     ] GC(113)  Capacity:     1024M (100%)       1024M (100%)       1024M (100%)       1024M (100%)       1024M (100%)       1024M (100%)   
[175.542s][info][gc,heap     ] GC(113)      Free:      196M (19%)         186M (18%)         842M (82%)         988M (96%)         988M (96%)         186M (18%)    
[175.542s][info][gc,heap     ] GC(113)      Used:      828M (81%)         838M (82%)         182M (18%)          36M (4%)          838M (82%)          36M (4%)     
[175.542s][info][gc,heap     ] GC(113)      Live:         -                 6M (1%)            6M (1%)            6M (1%)             -                  -          
[175.542s][info][gc,heap     ] GC(113) Allocated:         -                10M (1%)           10M (1%)           11M (1%)             -                  -          
[175.542s][info][gc,heap     ] GC(113)   Garbage:         -               821M (80%)         165M (16%)          17M (2%)             -                  -          
[175.542s][info][gc,heap     ] GC(113) Reclaimed:         -                  -               656M (64%)         803M (79%)            -                  -          
[175.542s][info][gc          ] GC(113) Garbage Collection (Proactive) 828M(81%)->36M(4%)
[178.012s][info][gc,start    ] GC(114) Garbage Collection (Allocation Rate)
[178.012s][info][gc,task     ] GC(114) Using 1 workers
[178.013s][info][gc,phases   ] GC(114) Pause Mark Start 0.017ms
[178.046s][info][gc,phases   ] GC(114) Concurrent Mark 32.941ms
[178.046s][info][gc,phases   ] GC(114) Pause Mark End 0.022ms
[178.046s][info][gc,phases   ] GC(114) Concurrent Mark Free 0.001ms
[178.049s][info][gc,phases   ] GC(114) Concurrent Process Non-Strong References 3.105ms
[178.049s][info][gc,phases   ] GC(114) Concurrent Reset Relocation Set 0.012ms
[178.053s][info][gc,phases   ] GC(114) Concurrent Select Relocation Set 4.053ms
[178.053s][info][gc,phases   ] GC(114) Pause Relocate Start 0.009ms
[178.062s][info][gc,phases   ] GC(114) Concurrent Relocate 8.132ms
[178.062s][info][gc,load     ] GC(114) Load: 0.00/0.00/0.00
[178.062s][info][gc,mmu      ] GC(114) MMU: 2ms/98.6%, 5ms/99.3%, 10ms/99.6%, 20ms/99.8%, 50ms/99.8%, 100ms/99.9%
[178.062s][info][gc,marking  ] GC(114) Mark: 1 stripe(s), 2 proactive flush(es), 1 terminate flush(es), 0 completion(s), 0 continuation(s) 
[178.062s][info][gc,marking  ] GC(114) Mark Stack Usage: 32M
[178.062s][info][gc,nmethod  ] GC(114) NMethods: 668 registered, 77 unregistered
[178.062s][info][gc,metaspace] GC(114) Metaspace: 9M used, 9M committed, 1088M reserved
[178.062s][info][gc,ref      ] GC(114) Soft: 214 encountered, 0 discovered, 0 enqueued
[178.062s][info][gc,ref      ] GC(114) Weak: 816 encountered, 9 discovered, 0 enqueued
[178.062s][info][gc,ref      ] GC(114) Final: 0 encountered, 0 discovered, 0 enqueued
[178.062s][info][gc,ref      ] GC(114) Phantom: 27 encountered, 18 discovered, 0 enqueued
[178.062s][info][gc,reloc    ] GC(114) Small Pages: 419 / 838M, Empty: 740M, Relocated: 3M, In-Place: 0
[178.062s][info][gc,reloc    ] GC(114) Medium Pages: 0 / 0M, Empty: 0M, Relocated: 0M, In-Place: 0
[178.062s][info][gc,reloc    ] GC(114) Large Pages: 0 / 0M, Empty: 0M, Relocated: 0M, In-Place: 0
[178.062s][info][gc,reloc    ] GC(114) Forwarding Usage: 1M
[178.062s][info][gc,heap     ] GC(114) Min Capacity: 8M(1%)
[178.062s][info][gc,heap     ] GC(114) Max Capacity: 1024M(100%)
[178.062s][info][gc,heap     ] GC(114) Soft Max Capacity: 1024M(100%)
[178.062s][info][gc,heap     ] GC(114)                Mark Start          Mark End        Relocate Start      Relocate End           High               Low         
[178.062s][info][gc,heap     ] GC(114)  Capacity:     1024M (100%)       1024M (100%)       1024M (100%)       1024M (100%)       1024M (100%)       1024M (100%)   
[178.062s][info][gc,heap     ] GC(114)      Free:      186M (18%)         174M (17%)         912M (89%)        1000M (98%)        1000M (98%)         172M (17%)    
[178.062s][info][gc,heap     ] GC(114)      Used:      838M (82%)         850M (83%)         112M (11%)          24M (2%)          852M (83%)          24M (2%)     
[178.062s][info][gc,heap     ] GC(114)      Live:         -                 6M (1%)            6M (1%)            6M (1%)             -                  -          
[178.062s][info][gc,heap     ] GC(114) Allocated:         -                12M (1%)           14M (1%)           15M (2%)             -                  -          
[178.062s][info][gc,heap     ] GC(114)   Garbage:         -               831M (81%)          91M (9%)            1M (0%)             -                  -          
[178.062s][info][gc,heap     ] GC(114) Reclaimed:         -                  -               740M (72%)         829M (81%)            -                  -          
[178.063s][info][gc          ] GC(114) Garbage Collection (Allocation Rate) 838M(82%)->24M(2%)
[179.745s][info][gc,start    ] GC(115) Garbage Collection (System.gc())
[179.745s][info][gc,task     ] GC(115) Using 10 workers
[179.746s][info][gc,phases   ] GC(115) Pause Mark Start 0.018ms
[179.767s][info][gc,phases   ] GC(115) Concurrent Mark 21.322ms
[179.767s][info][gc,phases   ] GC(115) Pause Mark End 0.018ms
[179.767s][info][gc,phases   ] GC(115) Concurrent Mark Free 0.001ms
[179.768s][info][gc,phases   ] GC(115) Concurrent Process Non-Strong References 0.531ms
[179.768s][info][gc,phases   ] GC(115) Concurrent Reset Relocation Set 0.010ms
[179.772s][info][gc,phases   ] GC(115) Concurrent Select Relocation Set 3.746ms
[179.772s][info][gc,phases   ] GC(115) Pause Relocate Start 0.006ms
[179.775s][info][gc,phases   ] GC(115) Concurrent Relocate 2.825ms
[179.775s][info][gc,load     ] GC(115) Load: 0.00/0.00/0.00
[179.775s][info][gc,mmu      ] GC(115) MMU: 2ms/98.6%, 5ms/99.3%, 10ms/99.6%, 20ms/99.8%, 50ms/99.8%, 100ms/99.9%
[179.775s][info][gc,marking  ] GC(115) Mark: 8 stripe(s), 2 proactive flush(es), 1 terminate flush(es), 0 completion(s), 0 continuation(s) 
[179.775s][info][gc,marking  ] GC(115) Mark Stack Usage: 32M
[179.775s][info][gc,nmethod  ] GC(115) NMethods: 668 registered, 77 unregistered
[179.775s][info][gc,metaspace] GC(115) Metaspace: 9M used, 9M committed, 1088M reserved
[179.775s][info][gc,ref      ] GC(115) Soft: 214 encountered, 0 discovered, 0 enqueued
[179.775s][info][gc,ref      ] GC(115) Weak: 816 encountered, 210 discovered, 0 enqueued
[179.775s][info][gc,ref      ] GC(115) Final: 0 encountered, 0 discovered, 0 enqueued
[179.775s][info][gc,ref      ] GC(115) Phantom: 27 encountered, 18 discovered, 0 enqueued
[179.775s][info][gc,reloc    ] GC(115) Small Pages: 277 / 554M, Empty: 540M, Relocated: 3M, In-Place: 0
[179.775s][info][gc,reloc    ] GC(115) Medium Pages: 0 / 0M, Empty: 0M, Relocated: 0M, In-Place: 0
[179.775s][info][gc,reloc    ] GC(115) Large Pages: 0 / 0M, Empty: 0M, Relocated: 0M, In-Place: 0
[179.775s][info][gc,reloc    ] GC(115) Forwarding Usage: 1M
[179.775s][info][gc,heap     ] GC(115) Min Capacity: 8M(1%)
[179.775s][info][gc,heap     ] GC(115) Max Capacity: 1024M(100%)
[179.775s][info][gc,heap     ] GC(115) Soft Max Capacity: 1024M(100%)
[179.775s][info][gc,heap     ] GC(115)                Mark Start          Mark End        Relocate Start      Relocate End           High               Low         
[179.775s][info][gc,heap     ] GC(115)  Capacity:     1024M (100%)       1024M (100%)       1024M (100%)       1024M (100%)       1024M (100%)       1024M (100%)   
[179.775s][info][gc,heap     ] GC(115)      Free:      470M (46%)         470M (46%)        1010M (99%)        1010M (99%)        1010M (99%)         470M (46%)    
[179.775s][info][gc,heap     ] GC(115)      Used:      554M (54%)         554M (54%)          14M (1%)           14M (1%)          554M (54%)          14M (1%)     
[179.775s][info][gc,heap     ] GC(115)      Live:         -                 4M (0%)            4M (0%)            4M (0%)             -                  -          
[179.775s][info][gc,heap     ] GC(115) Allocated:         -                 0M (0%)            0M (0%)            0M (0%)             -                  -          
[179.775s][info][gc,heap     ] GC(115)   Garbage:         -               549M (54%)           9M (1%)            9M (1%)             -                  -          
[179.775s][info][gc,heap     ] GC(115) Reclaimed:         -                  -               540M (53%)         540M (53%)            -                  -          
[179.775s][info][gc          ] GC(115) Garbage Collection (System.gc()) 554M(54%)->14M(1%)
[180.111s][info][gc,stats    ] === Garbage Collection Statistics =======================================================================================================================
[180.111s][info][gc,stats    ]                                                              Last 10s              Last 10m              Last 10h                Total
[180.111s][info][gc,stats    ]                                                              Avg / Max             Avg / Max             Avg / Max             Avg / Max
[180.111s][info][gc,stats    ]   Collector: Garbage Collection Cycle                     33.960 / 49.433       27.381 / 78.390       27.381 / 78.390       27.381 / 78.390      ms
[180.111s][info][gc,stats    ]  Contention: Mark Segment Reset Contention                     0 / 2                 0 / 8                 0 / 8                 0 / 8           ops/s
[180.111s][info][gc,stats    ]  Contention: Mark SeqNum Reset Contention                      0 / 2                 0 / 3                 0 / 3                 0 / 3           ops/s
[180.111s][info][gc,stats    ]    Critical: Allocation Stall                                  0 / 0                 0 / 0                 0 / 0                 0 / 0           ops/s
[180.111s][info][gc,stats    ]    Critical: Allocation Stall                              0.000 / 0.000         0.000 / 0.000         0.000 / 0.000         0.000 / 0.000       ms
[180.111s][info][gc,stats    ]    Critical: GC Locker Stall                                   0 / 0                 0 / 0                 0 / 0                 0 / 0           ops/s
[180.111s][info][gc,stats    ]    Critical: GC Locker Stall                               0.000 / 0.000         0.000 / 0.000         0.000 / 0.000         0.000 / 0.000       ms
[180.111s][info][gc,stats    ]    Critical: Relocation Stall                                  0 / 0                 0 / 0                 0 / 0                 0 / 0           ops/s
[180.111s][info][gc,stats    ]    Critical: Relocation Stall                              0.000 / 0.000         0.000 / 0.000         0.000 / 0.000         0.000 / 0.000       ms
[180.111s][info][gc,stats    ]      Memory: Allocation Rate                                 321 / 338             319 / 344             319 / 344             319 / 344         MB/s
[180.111s][info][gc,stats    ]      Memory: Defragment                                        0 / 0                 0 / 0                 0 / 0                 0 / 0           ops/s
[180.111s][info][gc,stats    ]      Memory: Out Of Memory                                     0 / 0                 0 / 0                 0 / 0                 0 / 0           ops/s
[180.111s][info][gc,stats    ]      Memory: Page Cache Flush                                  0 / 0                 0 / 0                 0 / 0                 0 / 0           MB/s
[180.111s][info][gc,stats    ]      Memory: Page Cache Hit L1                               165 / 176             163 / 182             163 / 182             163 / 182         ops/s
[180.111s][info][gc,stats    ]      Memory: Page Cache Hit L2                                 0 / 0                 0 / 0                 0 / 0                 0 / 0           ops/s
[180.111s][info][gc,stats    ]      Memory: Page Cache Hit L3                                 0 / 0                 2 / 103               2 / 103               2 / 103         ops/s
[180.111s][info][gc,stats    ]      Memory: Page Cache Miss                                   0 / 0                 0 / 1                 0 / 1                 0 / 1           ops/s
[180.111s][info][gc,stats    ]      Memory: Uncommit                                          0 / 0                 0 / 0                 0 / 0                 0 / 0           MB/s
[180.112s][info][gc,stats    ]      Memory: Undo Object Allocation Failed                     0 / 0                 0 / 4                 0 / 4                 0 / 4           ops/s
[180.112s][info][gc,stats    ]      Memory: Undo Object Allocation Succeeded                  0 / 2                 0 / 4                 0 / 4                 0 / 4           ops/s
[180.112s][info][gc,stats    ]      Memory: Undo Page Allocation                              1 / 4                 1 / 6                 1 / 6                 1 / 6           ops/s
[180.112s][info][gc,stats    ]       Phase: Concurrent Mark                              21.321 / 32.941       15.864 / 34.706       15.864 / 34.706       15.864 / 34.706      ms
[180.112s][info][gc,stats    ]       Phase: Concurrent Mark Continue                      0.000 / 0.000         0.000 / 0.000         0.000 / 0.000         0.000 / 0.000       ms
[180.112s][info][gc,stats    ]       Phase: Concurrent Mark Free                          0.001 / 0.002         0.001 / 0.002         0.001 / 0.002         0.001 / 0.002       ms
[180.112s][info][gc,stats    ]       Phase: Concurrent Process Non-Strong References      0.983 / 3.105         1.148 / 7.426         1.148 / 7.426         1.148 / 7.426       ms
[180.112s][info][gc,stats    ]       Phase: Concurrent Relocate                           4.362 / 8.132         3.615 / 12.244        3.615 / 12.244        3.615 / 12.244      ms
[180.112s][info][gc,stats    ]       Phase: Concurrent Reset Relocation Set               0.008 / 0.012         0.008 / 0.016         0.008 / 0.016         0.008 / 0.016       ms
[180.112s][info][gc,stats    ]       Phase: Concurrent Select Relocation Set              4.605 / 6.161         4.901 / 14.229        4.901 / 14.229        4.901 / 14.229      ms
[180.112s][info][gc,stats    ]       Phase: Pause Mark End                                0.022 / 0.026         0.021 / 0.027         0.021 / 0.027         0.021 / 0.027       ms
[180.112s][info][gc,stats    ]       Phase: Pause Mark Start                              0.018 / 0.019         0.017 / 0.029         0.017 / 0.029         0.017 / 0.029       ms
[180.112s][info][gc,stats    ]       Phase: Pause Relocate Start                          0.008 / 0.013         0.008 / 0.014         0.008 / 0.014         0.008 / 0.014       ms
[180.112s][info][gc,stats    ]    Subphase: Concurrent Classes Purge                      0.007 / 0.019         0.078 / 5.468         0.078 / 5.468         0.078 / 5.468       ms
[180.112s][info][gc,stats    ]    Subphase: Concurrent Classes Unlink                     0.495 / 1.690         0.726 / 5.860         0.726 / 5.860         0.726 / 5.860       ms
[180.112s][info][gc,stats    ]    Subphase: Concurrent Mark                              16.905 / 30.332       12.865 / 31.718       12.865 / 31.718       12.865 / 31.718      ms
[180.112s][info][gc,stats    ]    Subphase: Concurrent Mark Try Flush                     0.074 / 0.111         0.070 / 0.242         0.070 / 0.242         0.070 / 0.242       ms
[180.112s][info][gc,stats    ]    Subphase: Concurrent Mark Try Terminate                 8.133 / 16.222        7.446 / 17.080        7.446 / 17.080        7.446 / 17.080      ms
[180.112s][info][gc,stats    ]    Subphase: Concurrent References Enqueue                 0.000 / 0.001         0.001 / 0.005         0.001 / 0.005         0.001 / 0.005       ms
[180.112s][info][gc,stats    ]    Subphase: Concurrent References Process                 0.039 / 0.048         0.042 / 0.088         0.042 / 0.088         0.042 / 0.088       ms
[180.112s][info][gc,stats    ]    Subphase: Concurrent Roots ClassLoaderDataGraph         0.085 / 0.485         0.086 / 0.868         0.086 / 0.868         0.086 / 0.868       ms
[180.112s][info][gc,stats    ]    Subphase: Concurrent Roots CodeCache                    0.000 / 0.000         0.000 / 0.000         0.000 / 0.000         0.000 / 0.000       ms
[180.112s][info][gc,stats    ]    Subphase: Concurrent Roots JavaThreads                  0.578 / 2.071         0.522 / 2.549         0.522 / 2.549         0.522 / 2.549       ms
[180.112s][info][gc,stats    ]    Subphase: Concurrent Roots OopStorageSet                0.016 / 0.065         0.018 / 0.219         0.018 / 0.219         0.018 / 0.219       ms
[180.112s][info][gc,stats    ]    Subphase: Concurrent Weak Roots OopStorageSet           0.154 / 1.250         0.139 / 1.443         0.139 / 1.443         0.139 / 1.443       ms
[180.112s][info][gc,stats    ]    Subphase: Pause Mark Try Complete                       0.000 / 0.000         0.000 / 0.000         0.000 / 0.000         0.000 / 0.000       ms
[180.112s][info][gc,stats    ]      System: Java Threads                                     40 / 40               35 / 41               35 / 41               35 / 41          threads
[180.112s][info][gc,stats    ] =========================================================================================================================================================
[182.100s][info][gc,start    ] GC(116) Garbage Collection (Allocation Rate)
[182.100s][info][gc,task     ] GC(116) Using 1 workers
[182.100s][info][gc,phases   ] GC(116) Pause Mark Start 0.019ms
[182.132s][info][gc,phases   ] GC(116) Concurrent Mark 31.455ms
[182.132s][info][gc,phases   ] GC(116) Pause Mark End 0.022ms
[182.132s][info][gc,phases   ] GC(116) Concurrent Mark Free 0.001ms
[182.135s][info][gc,phases   ] GC(116) Concurrent Process Non-Strong References 3.125ms
[182.135s][info][gc,phases   ] GC(116) Concurrent Reset Relocation Set 0.002ms
[182.141s][info][gc,phases   ] GC(116) Concurrent Select Relocation Set 6.218ms
[182.141s][info][gc,phases   ] GC(116) Pause Relocate Start 0.009ms
[182.150s][info][gc,phases   ] GC(116) Concurrent Relocate 8.597ms
[182.150s][info][gc,load     ] GC(116) Load: 0.00/0.00/0.00
[182.150s][info][gc,mmu      ] GC(116) MMU: 2ms/98.6%, 5ms/99.3%, 10ms/99.6%, 20ms/99.8%, 50ms/99.8%, 100ms/99.9%
[182.150s][info][gc,marking  ] GC(116) Mark: 1 stripe(s), 2 proactive flush(es), 1 terminate flush(es), 0 completion(s), 0 continuation(s) 
[182.150s][info][gc,marking  ] GC(116) Mark Stack Usage: 32M
[182.150s][info][gc,nmethod  ] GC(116) NMethods: 668 registered, 77 unregistered
[182.150s][info][gc,metaspace] GC(116) Metaspace: 9M used, 9M committed, 1088M reserved
[182.150s][info][gc,ref      ] GC(116) Soft: 214 encountered, 0 discovered, 0 enqueued
[182.150s][info][gc,ref      ] GC(116) Weak: 816 encountered, 191 discovered, 0 enqueued
[182.150s][info][gc,ref      ] GC(116) Final: 0 encountered, 0 discovered, 0 enqueued
[182.150s][info][gc,ref      ] GC(116) Phantom: 27 encountered, 16 discovered, 0 enqueued
[182.150s][info][gc,reloc    ] GC(116) Small Pages: 394 / 788M, Empty: 608M, Relocated: 3M, In-Place: 0
[182.150s][info][gc,reloc    ] GC(116) Medium Pages: 0 / 0M, Empty: 0M, Relocated: 0M, In-Place: 0
[182.151s][info][gc,reloc    ] GC(116) Large Pages: 0 / 0M, Empty: 0M, Relocated: 0M, In-Place: 0
[182.151s][info][gc,reloc    ] GC(116) Forwarding Usage: 1M
[182.151s][info][gc,heap     ] GC(116) Min Capacity: 8M(1%)
[182.151s][info][gc,heap     ] GC(116) Max Capacity: 1024M(100%)
[182.151s][info][gc,heap     ] GC(116) Soft Max Capacity: 1024M(100%)
[182.151s][info][gc,heap     ] GC(116)                Mark Start          Mark End        Relocate Start      Relocate End           High               Low         
[182.151s][info][gc,heap     ] GC(116)  Capacity:     1024M (100%)       1024M (100%)       1024M (100%)       1024M (100%)       1024M (100%)       1024M (100%)   
[182.151s][info][gc,heap     ] GC(116)      Free:      236M (23%)         224M (22%)         828M (81%)         996M (97%)         996M (97%)         222M (22%)    
[182.151s][info][gc,heap     ] GC(116)      Used:      788M (77%)         800M (78%)         196M (19%)          28M (3%)          802M (78%)          28M (3%)     
[182.151s][info][gc,heap     ] GC(116)      Live:         -                 6M (1%)            6M (1%)            6M (1%)             -                  -          
[182.151s][info][gc,heap     ] GC(116) Allocated:         -                12M (1%)           16M (2%)           19M (2%)             -                  -          
[182.151s][info][gc,heap     ] GC(116)   Garbage:         -               781M (76%)         173M (17%)           1M (0%)             -                  -          
[182.151s][info][gc,heap     ] GC(116) Reclaimed:         -                  -               608M (59%)         779M (76%)            -                  -          
[182.151s][info][gc          ] GC(116) Garbage Collection (Allocation Rate) 788M(77%)->28M(3%)
[184.502s][info][gc,start    ] GC(117) Garbage Collection (Allocation Rate)
[184.502s][info][gc,task     ] GC(117) Using 1 workers
[184.502s][info][gc,phases   ] GC(117) Pause Mark Start 0.017ms
[184.530s][info][gc,phases   ] GC(117) Concurrent Mark 28.178ms
[184.531s][info][gc,phases   ] GC(117) Pause Mark End 0.023ms
[184.531s][info][gc,phases   ] GC(117) Concurrent Mark Free 0.001ms
[184.534s][info][gc,phases   ] GC(117) Concurrent Process Non-Strong References 3.082ms
[184.534s][info][gc,phases   ] GC(117) Concurrent Reset Relocation Set 0.014ms
[184.538s][info][gc,phases   ] GC(117) Concurrent Select Relocation Set 4.009ms
[184.538s][info][gc,phases   ] GC(117) Pause Relocate Start 0.008ms
[184.547s][info][gc,phases   ] GC(117) Concurrent Relocate 8.730ms
[184.547s][info][gc,load     ] GC(117) Load: 0.00/0.00/0.00
[184.547s][info][gc,mmu      ] GC(117) MMU: 2ms/98.6%, 5ms/99.3%, 10ms/99.6%, 20ms/99.8%, 50ms/99.8%, 100ms/99.9%
[184.547s][info][gc,marking  ] GC(117) Mark: 1 stripe(s), 2 proactive flush(es), 1 terminate flush(es), 0 completion(s), 0 continuation(s) 
[184.547s][info][gc,marking  ] GC(117) Mark Stack Usage: 32M
[184.547s][info][gc,nmethod  ] GC(117) NMethods: 668 registered, 77 unregistered
[184.547s][info][gc,metaspace] GC(117) Metaspace: 9M used, 9M committed, 1088M reserved
[184.547s][info][gc,ref      ] GC(117) Soft: 214 encountered, 0 discovered, 0 enqueued
[184.547s][info][gc,ref      ] GC(117) Weak: 816 encountered, 191 discovered, 0 enqueued
[184.547s][info][gc,ref      ] GC(117) Final: 0 encountered, 0 discovered, 0 enqueued
[184.547s][info][gc,ref      ] GC(117) Phantom: 27 encountered, 25 discovered, 0 enqueued
[184.547s][info][gc,reloc    ] GC(117) Small Pages: 404 / 808M, Empty: 700M, Relocated: 3M, In-Place: 0
[184.547s][info][gc,reloc    ] GC(117) Medium Pages: 0 / 0M, Empty: 0M, Relocated: 0M, In-Place: 0
[184.547s][info][gc,reloc    ] GC(117) Large Pages: 0 / 0M, Empty: 0M, Relocated: 0M, In-Place: 0
[184.547s][info][gc,reloc    ] GC(117) Forwarding Usage: 1M
[184.547s][info][gc,heap     ] GC(117) Min Capacity: 8M(1%)
[184.547s][info][gc,heap     ] GC(117) Max Capacity: 1024M(100%)
[184.547s][info][gc,heap     ] GC(117) Soft Max Capacity: 1024M(100%)
[184.547s][info][gc,heap     ] GC(117)                Mark Start          Mark End        Relocate Start      Relocate End           High               Low         
[184.548s][info][gc,heap     ] GC(117)  Capacity:     1024M (100%)       1024M (100%)       1024M (100%)       1024M (100%)       1024M (100%)       1024M (100%)   
[184.548s][info][gc,heap     ] GC(117)      Free:      216M (21%)         206M (20%)         902M (88%)        1000M (98%)        1000M (98%)         204M (20%)    
[184.548s][info][gc,heap     ] GC(117)      Used:      808M (79%)         818M (80%)         122M (12%)          24M (2%)          820M (80%)          24M (2%)     
[184.548s][info][gc,heap     ] GC(117)      Live:         -                 6M (1%)            6M (1%)            6M (1%)             -                  -          
[184.548s][info][gc,heap     ] GC(117) Allocated:         -                10M (1%)           14M (1%)           15M (2%)             -                  -          
[184.548s][info][gc,heap     ] GC(117)   Garbage:         -               801M (78%)         101M (10%)           1M (0%)             -                  -          
[184.548s][info][gc,heap     ] GC(117) Reclaimed:         -                  -               700M (68%)         799M (78%)            -                  -          
[184.548s][info][gc          ] GC(117) Garbage Collection (Allocation Rate) 808M(79%)->24M(2%)
[186.100s][info][gc,start    ] GC(118) Garbage Collection (Proactive)
[186.100s][info][gc,task     ] GC(118) Using 10 workers
[186.101s][info][gc,phases   ] GC(118) Pause Mark Start 0.018ms
[186.116s][info][gc,phases   ] GC(118) Concurrent Mark 15.220ms
[186.116s][info][gc,phases   ] GC(118) Pause Mark End 0.019ms
[186.116s][info][gc,phases   ] GC(118) Concurrent Mark Free 0.001ms
[186.117s][info][gc,phases   ] GC(118) Concurrent Process Non-Strong References 0.544ms
[186.117s][info][gc,phases   ] GC(118) Concurrent Reset Relocation Set 0.007ms
[186.121s][info][gc,phases   ] GC(118) Concurrent Select Relocation Set 3.837ms
[186.121s][info][gc,phases   ] GC(118) Pause Relocate Start 0.009ms
[186.124s][info][gc,phases   ] GC(118) Concurrent Relocate 3.317ms
[186.124s][info][gc,load     ] GC(118) Load: 0.00/0.00/0.00
[186.124s][info][gc,mmu      ] GC(118) MMU: 2ms/98.6%, 5ms/99.3%, 10ms/99.6%, 20ms/99.8%, 50ms/99.8%, 100ms/99.9%
[186.124s][info][gc,marking  ] GC(118) Mark: 8 stripe(s), 2 proactive flush(es), 1 terminate flush(es), 0 completion(s), 0 continuation(s) 
[186.124s][info][gc,marking  ] GC(118) Mark Stack Usage: 32M
[186.124s][info][gc,nmethod  ] GC(118) NMethods: 668 registered, 77 unregistered
[186.124s][info][gc,metaspace] GC(118) Metaspace: 9M used, 9M committed, 1088M reserved
[186.124s][info][gc,ref      ] GC(118) Soft: 214 encountered, 0 discovered, 0 enqueued
[186.124s][info][gc,ref      ] GC(118) Weak: 816 encountered, 24 discovered, 0 enqueued
[186.125s][info][gc,ref      ] GC(118) Final: 0 encountered, 0 discovered, 0 enqueued
[186.125s][info][gc,ref      ] GC(118) Phantom: 27 encountered, 18 discovered, 0 enqueued
[186.125s][info][gc,reloc    ] GC(118) Small Pages: 264 / 528M, Empty: 448M, Relocated: 3M, In-Place: 0
[186.125s][info][gc,reloc    ] GC(118) Medium Pages: 0 / 0M, Empty: 0M, Relocated: 0M, In-Place: 0
[186.125s][info][gc,reloc    ] GC(118) Large Pages: 0 / 0M, Empty: 0M, Relocated: 0M, In-Place: 0
[186.125s][info][gc,reloc    ] GC(118) Forwarding Usage: 1M
[186.125s][info][gc,heap     ] GC(118) Min Capacity: 8M(1%)
[186.125s][info][gc,heap     ] GC(118) Max Capacity: 1024M(100%)
[186.125s][info][gc,heap     ] GC(118) Soft Max Capacity: 1024M(100%)
[186.125s][info][gc,heap     ] GC(118)                Mark Start          Mark End        Relocate Start      Relocate End           High               Low         
[186.125s][info][gc,heap     ] GC(118)  Capacity:     1024M (100%)       1024M (100%)       1024M (100%)       1024M (100%)       1024M (100%)       1024M (100%)   
[186.125s][info][gc,heap     ] GC(118)      Free:      496M (48%)         490M (48%)         936M (91%)         992M (97%)         992M (97%)         490M (48%)    
[186.125s][info][gc,heap     ] GC(118)      Used:      528M (52%)         534M (52%)          88M (9%)           32M (3%)          534M (52%)          32M (3%)     
[186.125s][info][gc,heap     ] GC(118)      Live:         -                 6M (1%)            6M (1%)            6M (1%)             -                  -          
[186.125s][info][gc,heap     ] GC(118) Allocated:         -                 6M (1%)            8M (1%)            7M (1%)             -                  -          
[186.125s][info][gc,heap     ] GC(118)   Garbage:         -               521M (51%)          73M (7%)           17M (2%)             -                  -          
[186.125s][info][gc,heap     ] GC(118) Reclaimed:         -                  -               448M (44%)         503M (49%)            -                  -          
[186.125s][info][gc          ] GC(118) Garbage Collection (Proactive) 528M(52%)->32M(3%)
[186.349s][info][gc,start    ] GC(119) Garbage Collection (System.gc())
[186.349s][info][gc,task     ] GC(119) Using 10 workers
[186.349s][info][gc,phases   ] GC(119) Pause Mark Start 0.017ms
[186.357s][info][gc,phases   ] GC(119) Concurrent Mark 7.565ms
[186.357s][info][gc,phases   ] GC(119) Pause Mark End 0.017ms
[186.357s][info][gc,phases   ] GC(119) Concurrent Mark Free 0.001ms
[186.358s][info][gc,phases   ] GC(119) Concurrent Process Non-Strong References 0.521ms
[186.358s][info][gc,phases   ] GC(119) Concurrent Reset Relocation Set 0.009ms
[186.362s][info][gc,phases   ] GC(119) Concurrent Select Relocation Set 3.688ms
[186.362s][info][gc,phases   ] GC(119) Pause Relocate Start 0.005ms
[186.365s][info][gc,phases   ] GC(119) Concurrent Relocate 3.070ms
[186.365s][info][gc,load     ] GC(119) Load: 0.00/0.00/0.00
[186.365s][info][gc,mmu      ] GC(119) MMU: 2ms/98.6%, 5ms/99.3%, 10ms/99.6%, 20ms/99.8%, 50ms/99.8%, 100ms/99.9%
[186.365s][info][gc,marking  ] GC(119) Mark: 8 stripe(s), 2 proactive flush(es), 1 terminate flush(es), 0 completion(s), 0 continuation(s) 
[186.365s][info][gc,marking  ] GC(119) Mark Stack Usage: 32M
[186.365s][info][gc,nmethod  ] GC(119) NMethods: 669 registered, 77 unregistered
[186.365s][info][gc,metaspace] GC(119) Metaspace: 9M used, 9M committed, 1088M reserved
[186.365s][info][gc,ref      ] GC(119) Soft: 214 encountered, 0 discovered, 0 enqueued
[186.365s][info][gc,ref      ] GC(119) Weak: 816 encountered, 20 discovered, 0 enqueued
[186.365s][info][gc,ref      ] GC(119) Final: 0 encountered, 0 discovered, 0 enqueued
[186.365s][info][gc,ref      ] GC(119) Phantom: 27 encountered, 17 discovered, 0 enqueued
[186.365s][info][gc,reloc    ] GC(119) Small Pages: 52 / 104M, Empty: 92M, Relocated: 3M, In-Place: 0
[186.365s][info][gc,reloc    ] GC(119) Medium Pages: 0 / 0M, Empty: 0M, Relocated: 0M, In-Place: 0
[186.365s][info][gc,reloc    ] GC(119) Large Pages: 0 / 0M, Empty: 0M, Relocated: 0M, In-Place: 0
[186.365s][info][gc,reloc    ] GC(119) Forwarding Usage: 1M
[186.365s][info][gc,heap     ] GC(119) Min Capacity: 8M(1%)
[186.365s][info][gc,heap     ] GC(119) Max Capacity: 1024M(100%)
[186.365s][info][gc,heap     ] GC(119) Soft Max Capacity: 1024M(100%)
[186.365s][info][gc,heap     ] GC(119)                Mark Start          Mark End        Relocate Start      Relocate End           High               Low         
[186.365s][info][gc,heap     ] GC(119)  Capacity:     1024M (100%)       1024M (100%)       1024M (100%)       1024M (100%)       1024M (100%)       1024M (100%)   
[186.365s][info][gc,heap     ] GC(119)      Free:      920M (90%)         920M (90%)        1012M (99%)        1012M (99%)        1012M (99%)         920M (90%)    
[186.365s][info][gc,heap     ] GC(119)      Used:      104M (10%)         104M (10%)          12M (1%)           12M (1%)          104M (10%)          12M (1%)     
[186.366s][info][gc,heap     ] GC(119)      Live:         -                 4M (0%)            4M (0%)            4M (0%)             -                  -          
[186.366s][info][gc,heap     ] GC(119) Allocated:         -                 0M (0%)            0M (0%)            0M (0%)             -                  -          
[186.366s][info][gc,heap     ] GC(119)   Garbage:         -                99M (10%)           7M (1%)            7M (1%)             -                  -          
[186.366s][info][gc,heap     ] GC(119) Reclaimed:         -                  -                92M (9%)           92M (9%)             -                  -          
[186.366s][info][gc          ] GC(119) Garbage Collection (System.gc()) 104M(10%)->12M(1%)
[188.011s][info][gc,start    ] GC(120) Garbage Collection (Proactive)
[188.011s][info][gc,task     ] GC(120) Using 10 workers
[188.012s][info][gc,phases   ] GC(120) Pause Mark Start 0.018ms
[188.027s][info][gc,phases   ] GC(120) Concurrent Mark 15.184ms
[188.027s][info][gc,phases   ] GC(120) Pause Mark End 0.025ms
[188.027s][info][gc,phases   ] GC(120) Concurrent Mark Free 0.001ms
[188.028s][info][gc,phases   ] GC(120) Concurrent Process Non-Strong References 0.579ms
[188.028s][info][gc,phases   ] GC(120) Concurrent Reset Relocation Set 0.001ms
[188.034s][info][gc,phases   ] GC(120) Concurrent Select Relocation Set 5.989ms
[188.034s][info][gc,phases   ] GC(120) Pause Relocate Start 0.010ms
[188.038s][info][gc,phases   ] GC(120) Concurrent Relocate 3.438ms
[188.038s][info][gc,load     ] GC(120) Load: 0.00/0.00/0.00
[188.038s][info][gc,mmu      ] GC(120) MMU: 2ms/98.6%, 5ms/99.3%, 10ms/99.6%, 20ms/99.8%, 50ms/99.8%, 100ms/99.9%
[188.038s][info][gc,marking  ] GC(120) Mark: 8 stripe(s), 2 proactive flush(es), 1 terminate flush(es), 0 completion(s), 0 continuation(s) 
[188.038s][info][gc,marking  ] GC(120) Mark Stack Usage: 32M
[188.038s][info][gc,nmethod  ] GC(120) NMethods: 671 registered, 77 unregistered
[188.038s][info][gc,metaspace] GC(120) Metaspace: 9M used, 9M committed, 1088M reserved
[188.038s][info][gc,ref      ] GC(120) Soft: 214 encountered, 0 discovered, 0 enqueued
[188.038s][info][gc,ref      ] GC(120) Weak: 816 encountered, 21 discovered, 0 enqueued
[188.038s][info][gc,ref      ] GC(120) Final: 0 encountered, 0 discovered, 0 enqueued
[188.038s][info][gc,ref      ] GC(120) Phantom: 27 encountered, 22 discovered, 0 enqueued
[188.038s][info][gc,reloc    ] GC(120) Small Pages: 278 / 556M, Empty: 396M, Relocated: 3M, In-Place: 0
[188.038s][info][gc,reloc    ] GC(120) Medium Pages: 0 / 0M, Empty: 0M, Relocated: 0M, In-Place: 0
[188.038s][info][gc,reloc    ] GC(120) Large Pages: 0 / 0M, Empty: 0M, Relocated: 0M, In-Place: 0
[188.038s][info][gc,reloc    ] GC(120) Forwarding Usage: 1M
[188.038s][info][gc,heap     ] GC(120) Min Capacity: 8M(1%)
[188.038s][info][gc,heap     ] GC(120) Max Capacity: 1024M(100%)
[188.038s][info][gc,heap     ] GC(120) Soft Max Capacity: 1024M(100%)
[188.038s][info][gc,heap     ] GC(120)                Mark Start          Mark End        Relocate Start      Relocate End           High               Low         
[188.038s][info][gc,heap     ] GC(120)  Capacity:     1024M (100%)       1024M (100%)       1024M (100%)       1024M (100%)       1024M (100%)       1024M (100%)   
[188.038s][info][gc,heap     ] GC(120)      Free:      468M (46%)         460M (45%)         854M (83%)         990M (97%)         990M (97%)         460M (45%)    
[188.038s][info][gc,heap     ] GC(120)      Used:      556M (54%)         564M (55%)         170M (17%)          34M (3%)          564M (55%)          34M (3%)     
[188.038s][info][gc,heap     ] GC(120)      Live:         -                 6M (1%)            6M (1%)            6M (1%)             -                  -          
[188.038s][info][gc,heap     ] GC(120) Allocated:         -                 8M (1%)           10M (1%)            9M (1%)             -                  -          
[188.038s][info][gc,heap     ] GC(120)   Garbage:         -               549M (54%)         153M (15%)          17M (2%)             -                  -          
[188.038s][info][gc,heap     ] GC(120) Reclaimed:         -                  -               396M (39%)         531M (52%)            -                  -          
[188.038s][info][gc          ] GC(120) Garbage Collection (Proactive) 556M(54%)->34M(3%)
[190.007s][info][gc,start    ] GC(121) Garbage Collection (Proactive)
[190.007s][info][gc,task     ] GC(121) Using 10 workers
[190.008s][info][gc,phases   ] GC(121) Pause Mark Start 0.019ms
[190.023s][info][gc,phases   ] GC(121) Concurrent Mark 15.200ms
[190.023s][info][gc,phases   ] GC(121) Pause Mark End 0.023ms
[190.023s][info][gc,phases   ] GC(121) Concurrent Mark Free 0.001ms
[190.024s][info][gc,phases   ] GC(121) Concurrent Process Non-Strong References 0.579ms
[190.024s][info][gc,phases   ] GC(121) Concurrent Reset Relocation Set 0.011ms
[190.030s][info][gc,phases   ] GC(121) Concurrent Select Relocation Set 5.980ms
[190.030s][info][gc,phases   ] GC(121) Pause Relocate Start 0.010ms
[190.034s][info][gc,phases   ] GC(121) Concurrent Relocate 3.429ms
[190.034s][info][gc,load     ] GC(121) Load: 0.00/0.00/0.00
[190.034s][info][gc,mmu      ] GC(121) MMU: 2ms/98.6%, 5ms/99.3%, 10ms/99.6%, 20ms/99.8%, 50ms/99.8%, 100ms/99.9%
[190.034s][info][gc,marking  ] GC(121) Mark: 8 stripe(s), 2 proactive flush(es), 1 terminate flush(es), 0 completion(s), 0 continuation(s) 
[190.034s][info][gc,marking  ] GC(121) Mark Stack Usage: 32M
[190.034s][info][gc,nmethod  ] GC(121) NMethods: 671 registered, 77 unregistered
[190.034s][info][gc,metaspace] GC(121) Metaspace: 9M used, 9M committed, 1088M reserved
[190.034s][info][gc,ref      ] GC(121) Soft: 214 encountered, 0 discovered, 0 enqueued
[190.034s][info][gc,ref      ] GC(121) Weak: 816 encountered, 180 discovered, 0 enqueued
[190.034s][info][gc,ref      ] GC(121) Final: 0 encountered, 0 discovered, 0 enqueued
[190.034s][info][gc,ref      ] GC(121) Phantom: 27 encountered, 23 discovered, 0 enqueued
[190.034s][info][gc,reloc    ] GC(121) Small Pages: 326 / 652M, Empty: 524M, Relocated: 3M, In-Place: 0
[190.034s][info][gc,reloc    ] GC(121) Medium Pages: 0 / 0M, Empty: 0M, Relocated: 0M, In-Place: 0
[190.034s][info][gc,reloc    ] GC(121) Large Pages: 0 / 0M, Empty: 0M, Relocated: 0M, In-Place: 0
[190.034s][info][gc,reloc    ] GC(121) Forwarding Usage: 1M
[190.034s][info][gc,heap     ] GC(121) Min Capacity: 8M(1%)
[190.034s][info][gc,heap     ] GC(121) Max Capacity: 1024M(100%)
[190.034s][info][gc,heap     ] GC(121) Soft Max Capacity: 1024M(100%)
[190.034s][info][gc,heap     ] GC(121)                Mark Start          Mark End        Relocate Start      Relocate End           High               Low         
[190.034s][info][gc,heap     ] GC(121)  Capacity:     1024M (100%)       1024M (100%)       1024M (100%)       1024M (100%)       1024M (100%)       1024M (100%)   
[190.034s][info][gc,heap     ] GC(121)      Free:      372M (36%)         366M (36%)         888M (87%)         990M (97%)         990M (97%)         366M (36%)    
[190.034s][info][gc,heap     ] GC(121)      Used:      652M (64%)         658M (64%)         136M (13%)          34M (3%)          658M (64%)          34M (3%)     
[190.034s][info][gc,heap     ] GC(121)      Live:         -                 6M (1%)            6M (1%)            6M (1%)             -                  -          
[190.034s][info][gc,heap     ] GC(121) Allocated:         -                 6M (1%)            8M (1%)            9M (1%)             -                  -          
[190.034s][info][gc,heap     ] GC(121)   Garbage:         -               645M (63%)         121M (12%)          17M (2%)             -                  -          
[190.034s][info][gc,heap     ] GC(121) Reclaimed:         -                  -               524M (51%)         627M (61%)            -                  -          
[190.034s][info][gc          ] GC(121) Garbage Collection (Proactive) 652M(64%)->34M(3%)
[190.101s][info][gc,stats    ] === Garbage Collection Statistics =======================================================================================================================
[190.101s][info][gc,stats    ]                                                              Last 10s              Last 10m              Last 10h                Total
[190.101s][info][gc,stats    ]                                                              Avg / Max             Avg / Max             Avg / Max             Avg / Max
[190.101s][info][gc,stats    ]   Collector: Garbage Collection Cycle                     31.392 / 50.609       27.578 / 78.390       27.578 / 78.390       27.578 / 78.390      ms
[190.101s][info][gc,stats    ]  Contention: Mark Segment Reset Contention                     0 / 4                 0 / 8                 0 / 8                 0 / 8           ops/s
[190.101s][info][gc,stats    ]  Contention: Mark SeqNum Reset Contention                      0 / 3                 0 / 3                 0 / 3                 0 / 3           ops/s
[190.101s][info][gc,stats    ]    Critical: Allocation Stall                                  0 / 0                 0 / 0                 0 / 0                 0 / 0           ops/s
[190.101s][info][gc,stats    ]    Critical: Allocation Stall                              0.000 / 0.000         0.000 / 0.000         0.000 / 0.000         0.000 / 0.000       ms
[190.101s][info][gc,stats    ]    Critical: GC Locker Stall                                   0 / 0                 0 / 0                 0 / 0                 0 / 0           ops/s
[190.101s][info][gc,stats    ]    Critical: GC Locker Stall                               0.000 / 0.000         0.000 / 0.000         0.000 / 0.000         0.000 / 0.000       ms
[190.101s][info][gc,stats    ]    Critical: Relocation Stall                                  0 / 0                 0 / 0                 0 / 0                 0 / 0           ops/s
[190.102s][info][gc,stats    ]    Critical: Relocation Stall                              0.000 / 0.000         0.000 / 0.000         0.000 / 0.000         0.000 / 0.000       ms
[190.102s][info][gc,stats    ]      Memory: Allocation Rate                                 331 / 348             320 / 348             320 / 348             320 / 348         MB/s
[190.102s][info][gc,stats    ]      Memory: Defragment                                        0 / 0                 0 / 0                 0 / 0                 0 / 0           ops/s
[190.102s][info][gc,stats    ]      Memory: Out Of Memory                                     0 / 0                 0 / 0                 0 / 0                 0 / 0           ops/s
[190.102s][info][gc,stats    ]      Memory: Page Cache Flush                                  0 / 0                 0 / 0                 0 / 0                 0 / 0           MB/s
[190.102s][info][gc,stats    ]      Memory: Page Cache Hit L1                               169 / 182             163 / 182             163 / 182             163 / 182         ops/s
[190.102s][info][gc,stats    ]      Memory: Page Cache Hit L2                                 0 / 0                 0 / 0                 0 / 0                 0 / 0           ops/s
[190.102s][info][gc,stats    ]      Memory: Page Cache Hit L3                                 0 / 0                 2 / 103               2 / 103               2 / 103         ops/s
[190.102s][info][gc,stats    ]      Memory: Page Cache Miss                                   0 / 0                 0 / 1                 0 / 1                 0 / 1           ops/s
[190.102s][info][gc,stats    ]      Memory: Uncommit                                          0 / 0                 0 / 0                 0 / 0                 0 / 0           MB/s
[190.102s][info][gc,stats    ]      Memory: Undo Object Allocation Failed                     0 / 6                 0 / 6                 0 / 6                 0 / 6           ops/s
[190.102s][info][gc,stats    ]      Memory: Undo Object Allocation Succeeded                  0 / 2                 0 / 4                 0 / 4                 0 / 4           ops/s
[190.102s][info][gc,stats    ]      Memory: Undo Page Allocation                              2 / 4                 1 / 6                 1 / 6                 1 / 6           ops/s
[190.102s][info][gc,stats    ]       Phase: Concurrent Mark                              18.800 / 31.455       16.008 / 34.706       16.008 / 34.706       16.008 / 34.706      ms
[190.102s][info][gc,stats    ]       Phase: Concurrent Mark Continue                      0.000 / 0.000         0.000 / 0.000         0.000 / 0.000         0.000 / 0.000       ms
[190.102s][info][gc,stats    ]       Phase: Concurrent Mark Free                          0.001 / 0.001         0.001 / 0.002         0.001 / 0.002         0.001 / 0.002       ms
[190.102s][info][gc,stats    ]       Phase: Concurrent Process Non-Strong References      1.405 / 3.125         1.160 / 7.426         1.160 / 7.426         1.160 / 7.426       ms
[190.102s][info][gc,stats    ]       Phase: Concurrent Relocate                           5.097 / 8.730         3.688 / 12.244        3.688 / 12.244        3.688 / 12.244      ms
[190.102s][info][gc,stats    ]       Phase: Concurrent Reset Relocation Set               0.007 / 0.014         0.008 / 0.016         0.008 / 0.016         0.008 / 0.016       ms
[190.102s][info][gc,stats    ]       Phase: Concurrent Select Relocation Set              4.954 / 6.218         4.904 / 14.229        4.904 / 14.229        4.904 / 14.229      ms
[190.102s][info][gc,stats    ]       Phase: Pause Mark End                                0.022 / 0.025         0.021 / 0.027         0.021 / 0.027         0.021 / 0.027       ms
[190.102s][info][gc,stats    ]       Phase: Pause Mark Start                              0.018 / 0.019         0.017 / 0.029         0.017 / 0.029         0.017 / 0.029       ms
[190.102s][info][gc,stats    ]       Phase: Pause Relocate Start                          0.009 / 0.010         0.008 / 0.014         0.008 / 0.014         0.008 / 0.014       ms
[190.102s][info][gc,stats    ]    Subphase: Concurrent Classes Purge                      0.005 / 0.006         0.074 / 5.468         0.074 / 5.468         0.074 / 5.468       ms
[190.102s][info][gc,stats    ]    Subphase: Concurrent Classes Unlink                     0.731 / 1.684         0.726 / 5.860         0.726 / 5.860         0.726 / 5.860       ms
[190.102s][info][gc,stats    ]    Subphase: Concurrent Mark                              12.204 / 28.649       12.841 / 31.718       12.841 / 31.718       12.841 / 31.718      ms
[190.102s][info][gc,stats    ]    Subphase: Concurrent Mark Try Flush                     0.071 / 0.110         0.070 / 0.242         0.070 / 0.242         0.070 / 0.242       ms
[190.102s][info][gc,stats    ]    Subphase: Concurrent Mark Try Terminate                 6.230 / 10.808        7.402 / 17.080        7.402 / 17.080        7.402 / 17.080      ms
[190.103s][info][gc,stats    ]    Subphase: Concurrent References Enqueue                 0.000 / 0.001         0.001 / 0.005         0.001 / 0.005         0.001 / 0.005       ms
[190.103s][info][gc,stats    ]    Subphase: Concurrent References Process                 0.045 / 0.055         0.043 / 0.088         0.043 / 0.088         0.043 / 0.088       ms
[190.103s][info][gc,stats    ]    Subphase: Concurrent Roots ClassLoaderDataGraph         0.103 / 0.479         0.086 / 0.868         0.086 / 0.868         0.086 / 0.868       ms
[190.103s][info][gc,stats    ]    Subphase: Concurrent Roots CodeCache                    0.000 / 0.000         0.000 / 0.000         0.000 / 0.000         0.000 / 0.000       ms
[190.103s][info][gc,stats    ]    Subphase: Concurrent Roots JavaThreads                  0.645 / 2.268         0.527 / 2.549         0.527 / 2.549         0.527 / 2.549       ms
[190.103s][info][gc,stats    ]    Subphase: Concurrent Roots OopStorageSet                0.018 / 0.064         0.018 / 0.219         0.018 / 0.219         0.018 / 0.219       ms
[190.103s][info][gc,stats    ]    Subphase: Concurrent Weak Roots OopStorageSet           0.186 / 1.246         0.141 / 1.443         0.141 / 1.443         0.141 / 1.443       ms
[190.103s][info][gc,stats    ]    Subphase: Pause Mark Try Complete                       0.000 / 0.000         0.000 / 0.000         0.000 / 0.000         0.000 / 0.000       ms
[190.103s][info][gc,stats    ]      System: Java Threads                                     40 / 40               35 / 41               35 / 41               35 / 41          threads
[190.103s][info][gc,stats    ] =========================================================================================================================================================
[191.809s][info][gc,start    ] GC(122) Garbage Collection (Proactive)
[191.809s][info][gc,task     ] GC(122) Using 10 workers
[191.809s][info][gc,phases   ] GC(122) Pause Mark Start 0.019ms
[191.824s][info][gc,phases   ] GC(122) Concurrent Mark 15.204ms
[191.825s][info][gc,phases   ] GC(122) Pause Mark End 0.021ms
[191.825s][info][gc,phases   ] GC(122) Concurrent Mark Free 0.002ms
[191.825s][info][gc,phases   ] GC(122) Concurrent Process Non-Strong References 0.575ms
[191.825s][info][gc,phases   ] GC(122) Concurrent Reset Relocation Set 0.010ms
[191.829s][info][gc,phases   ] GC(122) Concurrent Select Relocation Set 3.870ms
[191.829s][info][gc,phases   ] GC(122) Pause Relocate Start 0.007ms
[191.833s][info][gc,phases   ] GC(122) Concurrent Relocate 3.520ms
[191.833s][info][gc,load     ] GC(122) Load: 0.00/0.00/0.00
[191.833s][info][gc,mmu      ] GC(122) MMU: 2ms/98.6%, 5ms/99.3%, 10ms/99.6%, 20ms/99.8%, 50ms/99.8%, 100ms/99.9%
[191.833s][info][gc,marking  ] GC(122) Mark: 8 stripe(s), 2 proactive flush(es), 1 terminate flush(es), 0 completion(s), 0 continuation(s) 
[191.833s][info][gc,marking  ] GC(122) Mark Stack Usage: 32M
[191.833s][info][gc,nmethod  ] GC(122) NMethods: 671 registered, 77 unregistered
[191.833s][info][gc,metaspace] GC(122) Metaspace: 9M used, 9M committed, 1088M reserved
[191.833s][info][gc,ref      ] GC(122) Soft: 214 encountered, 0 discovered, 0 enqueued
[191.833s][info][gc,ref      ] GC(122) Weak: 816 encountered, 152 discovered, 0 enqueued
[191.833s][info][gc,ref      ] GC(122) Final: 0 encountered, 0 discovered, 0 enqueued
[191.833s][info][gc,ref      ] GC(122) Phantom: 27 encountered, 21 discovered, 0 enqueued
[191.833s][info][gc,reloc    ] GC(122) Small Pages: 296 / 592M, Empty: 468M, Relocated: 3M, In-Place: 0
[191.833s][info][gc,reloc    ] GC(122) Medium Pages: 0 / 0M, Empty: 0M, Relocated: 0M, In-Place: 0
[191.833s][info][gc,reloc    ] GC(122) Large Pages: 0 / 0M, Empty: 0M, Relocated: 0M, In-Place: 0
[191.834s][info][gc,reloc    ] GC(122) Forwarding Usage: 1M
[191.834s][info][gc,heap     ] GC(122) Min Capacity: 8M(1%)
[191.834s][info][gc,heap     ] GC(122) Max Capacity: 1024M(100%)
[191.834s][info][gc,heap     ] GC(122) Soft Max Capacity: 1024M(100%)
[191.834s][info][gc,heap     ] GC(122)                Mark Start          Mark End        Relocate Start      Relocate End           High               Low         
[191.834s][info][gc,heap     ] GC(122)  Capacity:     1024M (100%)       1024M (100%)       1024M (100%)       1024M (100%)       1024M (100%)       1024M (100%)   
[191.834s][info][gc,heap     ] GC(122)      Free:      432M (42%)         426M (42%)         892M (87%)         992M (97%)         992M (97%)         426M (42%)    
[191.834s][info][gc,heap     ] GC(122)      Used:      592M (58%)         598M (58%)         132M (13%)          32M (3%)          598M (58%)          32M (3%)     
[191.834s][info][gc,heap     ] GC(122)      Live:         -                 6M (1%)            6M (1%)            6M (1%)             -                  -          
[191.834s][info][gc,heap     ] GC(122) Allocated:         -                 6M (1%)            8M (1%)            7M (1%)             -                  -          
[191.834s][info][gc,heap     ] GC(122)   Garbage:         -               585M (57%)         117M (11%)          17M (2%)             -                  -          
[191.834s][info][gc,heap     ] GC(122) Reclaimed:         -                  -               468M (46%)         567M (55%)            -                  -          
[191.834s][info][gc          ] GC(122) Garbage Collection (Proactive) 592M(58%)->32M(3%)
[193.190s][info][gc,start    ] GC(123) Garbage Collection (System.gc())
[193.190s][info][gc,task     ] GC(123) Using 10 workers
[193.190s][info][gc,phases   ] GC(123) Pause Mark Start 0.018ms
[193.197s][info][gc,phases   ] GC(123) Concurrent Mark 7.260ms
[193.197s][info][gc,phases   ] GC(123) Pause Mark End 0.017ms
[193.198s][info][gc,phases   ] GC(123) Concurrent Mark Free 0.001ms
[193.198s][info][gc,phases   ] GC(123) Concurrent Process Non-Strong References 0.521ms
[193.198s][info][gc,phases   ] GC(123) Concurrent Reset Relocation Set 0.009ms
[193.202s][info][gc,phases   ] GC(123) Concurrent Select Relocation Set 3.828ms
[193.202s][info][gc,phases   ] GC(123) Pause Relocate Start 0.006ms
[193.205s][info][gc,phases   ] GC(123) Concurrent Relocate 2.990ms
[193.205s][info][gc,load     ] GC(123) Load: 0.00/0.00/0.00
[193.205s][info][gc,mmu      ] GC(123) MMU: 2ms/98.6%, 5ms/99.3%, 10ms/99.6%, 20ms/99.8%, 50ms/99.8%, 100ms/99.9%
[193.205s][info][gc,marking  ] GC(123) Mark: 8 stripe(s), 2 proactive flush(es), 1 terminate flush(es), 0 completion(s), 0 continuation(s) 
[193.205s][info][gc,marking  ] GC(123) Mark Stack Usage: 32M
[193.205s][info][gc,nmethod  ] GC(123) NMethods: 673 registered, 77 unregistered
[193.205s][info][gc,metaspace] GC(123) Metaspace: 9M used, 9M committed, 1088M reserved
[193.205s][info][gc,ref      ] GC(123) Soft: 214 encountered, 0 discovered, 0 enqueued
[193.205s][info][gc,ref      ] GC(123) Weak: 816 encountered, 23 discovered, 0 enqueued
[193.205s][info][gc,ref      ] GC(123) Final: 0 encountered, 0 discovered, 0 enqueued
[193.206s][info][gc,ref      ] GC(123) Phantom: 27 encountered, 21 discovered, 0 enqueued
[193.206s][info][gc,reloc    ] GC(123) Small Pages: 231 / 462M, Empty: 444M, Relocated: 3M, In-Place: 0
[193.206s][info][gc,reloc    ] GC(123) Medium Pages: 0 / 0M, Empty: 0M, Relocated: 0M, In-Place: 0
[193.206s][info][gc,reloc    ] GC(123) Large Pages: 0 / 0M, Empty: 0M, Relocated: 0M, In-Place: 0
[193.206s][info][gc,reloc    ] GC(123) Forwarding Usage: 1M
[193.206s][info][gc,heap     ] GC(123) Min Capacity: 8M(1%)
[193.206s][info][gc,heap     ] GC(123) Max Capacity: 1024M(100%)
[193.206s][info][gc,heap     ] GC(123) Soft Max Capacity: 1024M(100%)
[193.206s][info][gc,heap     ] GC(123)                Mark Start          Mark End        Relocate Start      Relocate End           High               Low         
[193.206s][info][gc,heap     ] GC(123)  Capacity:     1024M (100%)       1024M (100%)       1024M (100%)       1024M (100%)       1024M (100%)       1024M (100%)   
[193.206s][info][gc,heap     ] GC(123)      Free:      562M (55%)         562M (55%)        1006M (98%)        1006M (98%)        1006M (98%)         562M (55%)    
[193.206s][info][gc,heap     ] GC(123)      Used:      462M (45%)         462M (45%)          18M (2%)           18M (2%)          462M (45%)          18M (2%)     
[193.206s][info][gc,heap     ] GC(123)      Live:         -                 4M (0%)            4M (0%)            4M (0%)             -                  -          
[193.206s][info][gc,heap     ] GC(123) Allocated:         -                 0M (0%)            0M (0%)            0M (0%)             -                  -          
[193.206s][info][gc,heap     ] GC(123)   Garbage:         -               457M (45%)          13M (1%)           13M (1%)             -                  -          
[193.206s][info][gc,heap     ] GC(123) Reclaimed:         -                  -               444M (43%)         444M (43%)            -                  -          
[193.206s][info][gc          ] GC(123) Garbage Collection (System.gc()) 462M(45%)->18M(2%)
[194.905s][info][gc,start    ] GC(124) Garbage Collection (Proactive)
[194.905s][info][gc,task     ] GC(124) Using 10 workers
[194.905s][info][gc,phases   ] GC(124) Pause Mark Start 0.018ms
[194.921s][info][gc,phases   ] GC(124) Concurrent Mark 15.180ms
[194.921s][info][gc,phases   ] GC(124) Pause Mark End 0.022ms
[194.921s][info][gc,phases   ] GC(124) Concurrent Mark Free 0.002ms
[194.922s][info][gc,phases   ] GC(124) Concurrent Process Non-Strong References 0.678ms
[194.922s][info][gc,phases   ] GC(124) Concurrent Reset Relocation Set 0.002ms
[194.928s][info][gc,phases   ] GC(124) Concurrent Select Relocation Set 5.948ms
[194.928s][info][gc,phases   ] GC(124) Pause Relocate Start 0.009ms
[194.932s][info][gc,phases   ] GC(124) Concurrent Relocate 3.537ms
[194.932s][info][gc,load     ] GC(124) Load: 0.00/0.00/0.00
[194.932s][info][gc,mmu      ] GC(124) MMU: 2ms/98.6%, 5ms/99.3%, 10ms/99.6%, 20ms/99.8%, 50ms/99.8%, 100ms/99.9%
[194.932s][info][gc,marking  ] GC(124) Mark: 8 stripe(s), 4 proactive flush(es), 1 terminate flush(es), 0 completion(s), 0 continuation(s) 
[194.932s][info][gc,marking  ] GC(124) Mark Stack Usage: 32M
[194.932s][info][gc,nmethod  ] GC(124) NMethods: 676 registered, 82 unregistered
[194.932s][info][gc,metaspace] GC(124) Metaspace: 9M used, 9M committed, 1088M reserved
[194.932s][info][gc,ref      ] GC(124) Soft: 214 encountered, 0 discovered, 0 enqueued
[194.932s][info][gc,ref      ] GC(124) Weak: 816 encountered, 10 discovered, 0 enqueued
[194.932s][info][gc,ref      ] GC(124) Final: 0 encountered, 0 discovered, 0 enqueued
[194.932s][info][gc,ref      ] GC(124) Phantom: 27 encountered, 16 discovered, 0 enqueued
[194.932s][info][gc,reloc    ] GC(124) Small Pages: 283 / 566M, Empty: 384M, Relocated: 3M, In-Place: 0
[194.932s][info][gc,reloc    ] GC(124) Medium Pages: 0 / 0M, Empty: 0M, Relocated: 0M, In-Place: 0
[194.932s][info][gc,reloc    ] GC(124) Large Pages: 0 / 0M, Empty: 0M, Relocated: 0M, In-Place: 0
[194.932s][info][gc,reloc    ] GC(124) Forwarding Usage: 1M
[194.932s][info][gc,heap     ] GC(124) Min Capacity: 8M(1%)
[194.932s][info][gc,heap     ] GC(124) Max Capacity: 1024M(100%)
[194.932s][info][gc,heap     ] GC(124) Soft Max Capacity: 1024M(100%)
[194.932s][info][gc,heap     ] GC(124)                Mark Start          Mark End        Relocate Start      Relocate End           High               Low         
[194.932s][info][gc,heap     ] GC(124)  Capacity:     1024M (100%)       1024M (100%)       1024M (100%)       1024M (100%)       1024M (100%)       1024M (100%)   
[194.932s][info][gc,heap     ] GC(124)      Free:      458M (45%)         452M (44%)         834M (81%)         990M (97%)         990M (97%)         452M (44%)    
[194.932s][info][gc,heap     ] GC(124)      Used:      566M (55%)         572M (56%)         190M (19%)          34M (3%)          572M (56%)          34M (3%)     
[194.932s][info][gc,heap     ] GC(124)      Live:         -                 6M (1%)            6M (1%)            6M (1%)             -                  -          
[194.932s][info][gc,heap     ] GC(124) Allocated:         -                 6M (1%)            8M (1%)            9M (1%)             -                  -          
[194.932s][info][gc,heap     ] GC(124)   Garbage:         -               559M (55%)         175M (17%)          17M (2%)             -                  -          
[194.932s][info][gc,heap     ] GC(124) Reclaimed:         -                  -               384M (38%)         541M (53%)            -                  -          
[194.932s][info][gc          ] GC(124) Garbage Collection (Proactive) 566M(55%)->34M(3%)
[196.905s][info][gc,start    ] GC(125) Garbage Collection (Proactive)
[196.905s][info][gc,task     ] GC(125) Using 10 workers
[196.905s][info][gc,phases   ] GC(125) Pause Mark Start 0.018ms
[196.920s][info][gc,phases   ] GC(125) Concurrent Mark 15.210ms
[196.920s][info][gc,phases   ] GC(125) Pause Mark End 0.022ms
[196.921s][info][gc,phases   ] GC(125) Concurrent Mark Free 0.001ms
[196.921s][info][gc,phases   ] GC(125) Concurrent Process Non-Strong References 0.583ms
[196.921s][info][gc,phases   ] GC(125) Concurrent Reset Relocation Set 0.016ms
[196.925s][info][gc,phases   ] GC(125) Concurrent Select Relocation Set 3.934ms
[196.925s][info][gc,phases   ] GC(125) Pause Relocate Start 0.008ms
[196.929s][info][gc,phases   ] GC(125) Concurrent Relocate 3.481ms
[196.929s][info][gc,load     ] GC(125) Load: 0.00/0.00/0.00
[196.929s][info][gc,mmu      ] GC(125) MMU: 2ms/98.6%, 5ms/99.3%, 10ms/99.6%, 20ms/99.8%, 50ms/99.8%, 100ms/99.9%
[196.929s][info][gc,marking  ] GC(125) Mark: 8 stripe(s), 2 proactive flush(es), 1 terminate flush(es), 0 completion(s), 0 continuation(s) 
[196.929s][info][gc,marking  ] GC(125) Mark Stack Usage: 32M
[196.929s][info][gc,nmethod  ] GC(125) NMethods: 676 registered, 82 unregistered
[196.929s][info][gc,metaspace] GC(125) Metaspace: 9M used, 9M committed, 1088M reserved
[196.929s][info][gc,ref      ] GC(125) Soft: 214 encountered, 0 discovered, 0 enqueued
[196.929s][info][gc,ref      ] GC(125) Weak: 816 encountered, 32 discovered, 0 enqueued
[196.929s][info][gc,ref      ] GC(125) Final: 0 encountered, 0 discovered, 0 enqueued
[196.929s][info][gc,ref      ] GC(125) Phantom: 27 encountered, 20 discovered, 0 enqueued
[196.929s][info][gc,reloc    ] GC(125) Small Pages: 339 / 678M, Empty: 526M, Relocated: 3M, In-Place: 0
[196.929s][info][gc,reloc    ] GC(125) Medium Pages: 0 / 0M, Empty: 0M, Relocated: 0M, In-Place: 0
[196.929s][info][gc,reloc    ] GC(125) Large Pages: 0 / 0M, Empty: 0M, Relocated: 0M, In-Place: 0
[196.929s][info][gc,reloc    ] GC(125) Forwarding Usage: 1M
[196.929s][info][gc,heap     ] GC(125) Min Capacity: 8M(1%)
[196.929s][info][gc,heap     ] GC(125) Max Capacity: 1024M(100%)
[196.930s][info][gc,heap     ] GC(125) Soft Max Capacity: 1024M(100%)
[196.930s][info][gc,heap     ] GC(125)                Mark Start          Mark End        Relocate Start      Relocate End           High               Low         
[196.930s][info][gc,heap     ] GC(125)  Capacity:     1024M (100%)       1024M (100%)       1024M (100%)       1024M (100%)       1024M (100%)       1024M (100%)   
[196.930s][info][gc,heap     ] GC(125)      Free:      346M (34%)         340M (33%)         864M (84%)         990M (97%)         990M (97%)         340M (33%)    
[196.930s][info][gc,heap     ] GC(125)      Used:      678M (66%)         684M (67%)         160M (16%)          34M (3%)          684M (67%)          34M (3%)     
[196.930s][info][gc,heap     ] GC(125)      Live:         -                 6M (1%)            6M (1%)            6M (1%)             -                  -          
[196.930s][info][gc,heap     ] GC(125) Allocated:         -                 6M (1%)            8M (1%)            9M (1%)             -                  -          
[196.930s][info][gc,heap     ] GC(125)   Garbage:         -               671M (66%)         145M (14%)          17M (2%)             -                  -          
[196.930s][info][gc,heap     ] GC(125) Reclaimed:         -                  -               526M (51%)         653M (64%)            -                  -          
[196.930s][info][gc          ] GC(125) Garbage Collection (Proactive) 678M(66%)->34M(3%)
[198.607s][info][gc,start    ] GC(126) Garbage Collection (Proactive)
[198.607s][info][gc,task     ] GC(126) Using 10 workers
[198.608s][info][gc,phases   ] GC(126) Pause Mark Start 0.019ms
[198.623s][info][gc,phases   ] GC(126) Concurrent Mark 15.200ms
[198.623s][info][gc,phases   ] GC(126) Pause Mark End 0.022ms
[198.623s][info][gc,phases   ] GC(126) Concurrent Mark Free 0.002ms
[198.624s][info][gc,phases   ] GC(126) Concurrent Process Non-Strong References 0.616ms
[198.624s][info][gc,phases   ] GC(126) Concurrent Reset Relocation Set 0.012ms
[198.628s][info][gc,phases   ] GC(126) Concurrent Select Relocation Set 3.825ms
[198.628s][info][gc,phases   ] GC(126) Pause Relocate Start 0.009ms
[198.631s][info][gc,phases   ] GC(126) Concurrent Relocate 3.115ms
[198.631s][info][gc,load     ] GC(126) Load: 0.00/0.00/0.00
[198.631s][info][gc,mmu      ] GC(126) MMU: 2ms/98.6%, 5ms/99.3%, 10ms/99.6%, 20ms/99.8%, 50ms/99.8%, 100ms/99.9%
[198.631s][info][gc,marking  ] GC(126) Mark: 8 stripe(s), 2 proactive flush(es), 1 terminate flush(es), 0 completion(s), 0 continuation(s) 
[198.631s][info][gc,marking  ] GC(126) Mark Stack Usage: 32M
[198.631s][info][gc,nmethod  ] GC(126) NMethods: 676 registered, 82 unregistered
[198.631s][info][gc,metaspace] GC(126) Metaspace: 9M used, 9M committed, 1088M reserved
[198.631s][info][gc,ref      ] GC(126) Soft: 214 encountered, 0 discovered, 0 enqueued
[198.631s][info][gc,ref      ] GC(126) Weak: 816 encountered, 174 discovered, 0 enqueued
[198.631s][info][gc,ref      ] GC(126) Final: 0 encountered, 0 discovered, 0 enqueued
[198.632s][info][gc,ref      ] GC(126) Phantom: 27 encountered, 20 discovered, 0 enqueued
[198.632s][info][gc,reloc    ] GC(126) Small Pages: 294 / 588M, Empty: 494M, Relocated: 3M, In-Place: 0
[198.632s][info][gc,reloc    ] GC(126) Medium Pages: 0 / 0M, Empty: 0M, Relocated: 0M, In-Place: 0
[198.632s][info][gc,reloc    ] GC(126) Large Pages: 0 / 0M, Empty: 0M, Relocated: 0M, In-Place: 0
[198.632s][info][gc,reloc    ] GC(126) Forwarding Usage: 1M
[198.632s][info][gc,heap     ] GC(126) Min Capacity: 8M(1%)
[198.632s][info][gc,heap     ] GC(126) Max Capacity: 1024M(100%)
[198.632s][info][gc,heap     ] GC(126) Soft Max Capacity: 1024M(100%)
[198.632s][info][gc,heap     ] GC(126)                Mark Start          Mark End        Relocate Start      Relocate End           High               Low         
[198.632s][info][gc,heap     ] GC(126)  Capacity:     1024M (100%)       1024M (100%)       1024M (100%)       1024M (100%)       1024M (100%)       1024M (100%)   
[198.632s][info][gc,heap     ] GC(126)      Free:      436M (43%)         430M (42%)         922M (90%)         992M (97%)         992M (97%)         426M (42%)    
[198.632s][info][gc,heap     ] GC(126)      Used:      588M (57%)         594M (58%)         102M (10%)          32M (3%)          598M (58%)          32M (3%)     
[198.632s][info][gc,heap     ] GC(126)      Live:         -                 6M (1%)            6M (1%)            6M (1%)             -                  -          
[198.632s][info][gc,heap     ] GC(126) Allocated:         -                 6M (1%)            8M (1%)            7M (1%)             -                  -          
[198.632s][info][gc,heap     ] GC(126)   Garbage:         -               581M (57%)          87M (9%)           17M (2%)             -                  -          
[198.632s][info][gc,heap     ] GC(126) Reclaimed:         -                  -               494M (48%)         563M (55%)            -                  -          
[198.632s][info][gc          ] GC(126) Garbage Collection (Proactive) 588M(57%)->32M(3%)
[199.887s][info][gc,start    ] GC(127) Garbage Collection (System.gc())
[199.887s][info][gc,task     ] GC(127) Using 10 workers
[199.888s][info][gc,phases   ] GC(127) Pause Mark Start 0.017ms
[199.904s][info][gc,phases   ] GC(127) Concurrent Mark 16.201ms
[199.904s][info][gc,phases   ] GC(127) Pause Mark End 0.018ms
[199.904s][info][gc,phases   ] GC(127) Concurrent Mark Free 0.001ms
[199.905s][info][gc,phases   ] GC(127) Concurrent Process Non-Strong References 0.528ms
[199.905s][info][gc,phases   ] GC(127) Concurrent Reset Relocation Set 0.008ms
[199.908s][info][gc,phases   ] GC(127) Concurrent Select Relocation Set 3.738ms
[199.909s][info][gc,phases   ] GC(127) Pause Relocate Start 0.006ms
[199.912s][info][gc,phases   ] GC(127) Concurrent Relocate 3.007ms
[199.912s][info][gc,load     ] GC(127) Load: 0.00/0.00/0.00
[199.912s][info][gc,mmu      ] GC(127) MMU: 2ms/98.6%, 5ms/99.3%, 10ms/99.6%, 20ms/99.8%, 50ms/99.8%, 100ms/99.9%
[199.912s][info][gc,marking  ] GC(127) Mark: 8 stripe(s), 1 proactive flush(es), 1 terminate flush(es), 0 completion(s), 0 continuation(s) 
[199.912s][info][gc,marking  ] GC(127) Mark Stack Usage: 32M
[199.912s][info][gc,nmethod  ] GC(127) NMethods: 677 registered, 82 unregistered
[199.912s][info][gc,metaspace] GC(127) Metaspace: 9M used, 9M committed, 1088M reserved
[199.912s][info][gc,ref      ] GC(127) Soft: 214 encountered, 0 discovered, 0 enqueued
[199.912s][info][gc,ref      ] GC(127) Weak: 816 encountered, 73 discovered, 0 enqueued
[199.912s][info][gc,ref      ] GC(127) Final: 0 encountered, 0 discovered, 0 enqueued
[199.912s][info][gc,ref      ] GC(127) Phantom: 27 encountered, 22 discovered, 0 enqueued
[199.912s][info][gc,reloc    ] GC(127) Small Pages: 223 / 446M, Empty: 424M, Relocated: 3M, In-Place: 0
[199.912s][info][gc,reloc    ] GC(127) Medium Pages: 0 / 0M, Empty: 0M, Relocated: 0M, In-Place: 0
[199.912s][info][gc,reloc    ] GC(127) Large Pages: 0 / 0M, Empty: 0M, Relocated: 0M, In-Place: 0
[199.912s][info][gc,reloc    ] GC(127) Forwarding Usage: 1M
[199.912s][info][gc,heap     ] GC(127) Min Capacity: 8M(1%)
[199.912s][info][gc,heap     ] GC(127) Max Capacity: 1024M(100%)
[199.912s][info][gc,heap     ] GC(127) Soft Max Capacity: 1024M(100%)
[199.912s][info][gc,heap     ] GC(127)                Mark Start          Mark End        Relocate Start      Relocate End           High               Low         
[199.912s][info][gc,heap     ] GC(127)  Capacity:     1024M (100%)       1024M (100%)       1024M (100%)       1024M (100%)       1024M (100%)       1024M (100%)   
[199.912s][info][gc,heap     ] GC(127)      Free:      578M (56%)         578M (56%)        1002M (98%)        1002M (98%)        1002M (98%)         578M (56%)    
[199.912s][info][gc,heap     ] GC(127)      Used:      446M (44%)         446M (44%)          22M (2%)           22M (2%)          446M (44%)          22M (2%)     
[199.912s][info][gc,heap     ] GC(127)      Live:         -                 4M (0%)            4M (0%)            4M (0%)             -                  -          
[199.912s][info][gc,heap     ] GC(127) Allocated:         -                 0M (0%)            0M (0%)            0M (0%)             -                  -          
[199.912s][info][gc,heap     ] GC(127)   Garbage:         -               441M (43%)          17M (2%)           17M (2%)             -                  -          
[199.912s][info][gc,heap     ] GC(127) Reclaimed:         -                  -               424M (41%)         424M (41%)            -                  -          
[199.912s][info][gc          ] GC(127) Garbage Collection (System.gc()) 446M(44%)->22M(2%)
[200.107s][info][gc,stats    ] === Garbage Collection Statistics =======================================================================================================================
[200.107s][info][gc,stats    ]                                                              Last 10s              Last 10m              Last 10h                Total
[200.107s][info][gc,stats    ]                                                              Avg / Max             Avg / Max             Avg / Max             Avg / Max
[200.107s][info][gc,stats    ]   Collector: Garbage Collection Cycle                     23.160 / 26.539       27.371 / 78.390       27.371 / 78.390       27.371 / 78.390      ms
[200.107s][info][gc,stats    ]  Contention: Mark Segment Reset Contention                     0 / 3                 0 / 8                 0 / 8                 0 / 8           ops/s
[200.107s][info][gc,stats    ]  Contention: Mark SeqNum Reset Contention                      0 / 1                 0 / 3                 0 / 3                 0 / 3           ops/s
[200.107s][info][gc,stats    ]    Critical: Allocation Stall                                  0 / 0                 0 / 0                 0 / 0                 0 / 0           ops/s
[200.107s][info][gc,stats    ]    Critical: Allocation Stall                              0.000 / 0.000         0.000 / 0.000         0.000 / 0.000         0.000 / 0.000       ms
[200.107s][info][gc,stats    ]    Critical: GC Locker Stall                                   0 / 0                 0 / 0                 0 / 0                 0 / 0           ops/s
[200.107s][info][gc,stats    ]    Critical: GC Locker Stall                               0.000 / 0.000         0.000 / 0.000         0.000 / 0.000         0.000 / 0.000       ms
[200.107s][info][gc,stats    ]    Critical: Relocation Stall                                  0 / 0                 0 / 0                 0 / 0                 0 / 0           ops/s
[200.108s][info][gc,stats    ]    Critical: Relocation Stall                              0.000 / 0.000         0.000 / 0.000         0.000 / 0.000         0.000 / 0.000       ms
[200.108s][info][gc,stats    ]      Memory: Allocation Rate                                 326 / 342             320 / 348             320 / 348             320 / 348         MB/s
[200.108s][info][gc,stats    ]      Memory: Defragment                                        0 / 0                 0 / 0                 0 / 0                 0 / 0           ops/s
[200.108s][info][gc,stats    ]      Memory: Out Of Memory                                     0 / 0                 0 / 0                 0 / 0                 0 / 0           ops/s
[200.108s][info][gc,stats    ]      Memory: Page Cache Flush                                  0 / 0                 0 / 0                 0 / 0                 0 / 0           MB/s
[200.108s][info][gc,stats    ]      Memory: Page Cache Hit L1                               168 / 181             163 / 182             163 / 182             163 / 182         ops/s
[200.108s][info][gc,stats    ]      Memory: Page Cache Hit L2                                 0 / 0                 0 / 0                 0 / 0                 0 / 0           ops/s
[200.108s][info][gc,stats    ]      Memory: Page Cache Hit L3                                 0 / 0                 2 / 103               2 / 103               2 / 103         ops/s
[200.108s][info][gc,stats    ]      Memory: Page Cache Miss                                   0 / 0                 0 / 1                 0 / 1                 0 / 1           ops/s
[200.108s][info][gc,stats    ]      Memory: Uncommit                                          0 / 0                 0 / 0                 0 / 0                 0 / 0           MB/s
[200.108s][info][gc,stats    ]      Memory: Undo Object Allocation Failed                     0 / 1                 0 / 6                 0 / 6                 0 / 6           ops/s
[200.108s][info][gc,stats    ]      Memory: Undo Object Allocation Succeeded                  0 / 0                 0 / 4                 0 / 4                 0 / 4           ops/s
[200.108s][info][gc,stats    ]      Memory: Undo Page Allocation                              1 / 5                 1 / 6                 1 / 6                 1 / 6           ops/s
[200.108s][info][gc,stats    ]       Phase: Concurrent Mark                              14.042 / 16.201       15.916 / 34.706       15.916 / 34.706       15.916 / 34.706      ms
[200.108s][info][gc,stats    ]       Phase: Concurrent Mark Continue                      0.000 / 0.000         0.000 / 0.000         0.000 / 0.000         0.000 / 0.000       ms
[200.108s][info][gc,stats    ]       Phase: Concurrent Mark Free                          0.001 / 0.002         0.001 / 0.002         0.001 / 0.002         0.001 / 0.002       ms
[200.108s][info][gc,stats    ]       Phase: Concurrent Process Non-Strong References      0.584 / 0.678         1.133 / 7.426         1.133 / 7.426         1.133 / 7.426       ms
[200.108s][info][gc,stats    ]       Phase: Concurrent Relocate                           3.275 / 3.537         3.669 / 12.244        3.669 / 12.244        3.669 / 12.244      ms
[200.108s][info][gc,stats    ]       Phase: Concurrent Reset Relocation Set               0.010 / 0.016         0.008 / 0.016         0.008 / 0.016         0.008 / 0.016       ms
[200.108s][info][gc,stats    ]       Phase: Concurrent Select Relocation Set              4.190 / 5.948         4.870 / 14.229        4.870 / 14.229        4.870 / 14.229      ms
[200.108s][info][gc,stats    ]       Phase: Pause Mark End                                0.020 / 0.022         0.021 / 0.027         0.021 / 0.027         0.021 / 0.027       ms
[200.108s][info][gc,stats    ]       Phase: Pause Mark Start                              0.018 / 0.019         0.017 / 0.029         0.017 / 0.029         0.017 / 0.029       ms
[200.108s][info][gc,stats    ]       Phase: Pause Relocate Start                          0.008 / 0.009         0.008 / 0.014         0.008 / 0.014         0.008 / 0.014       ms
[200.108s][info][gc,stats    ]    Subphase: Concurrent Classes Purge                      0.015 / 0.068         0.072 / 5.468         0.072 / 5.468         0.072 / 5.468       ms
[200.108s][info][gc,stats    ]    Subphase: Concurrent Classes Unlink                     0.269 / 0.286         0.705 / 5.860         0.705 / 5.860         0.705 / 5.860       ms
[200.108s][info][gc,stats    ]    Subphase: Concurrent Mark                              12.128 / 15.078       12.806 / 31.718       12.806 / 31.718       12.806 / 31.718      ms
[200.108s][info][gc,stats    ]    Subphase: Concurrent Mark Try Flush                     0.073 / 0.106         0.070 / 0.242         0.070 / 0.242         0.070 / 0.242       ms
[200.108s][info][gc,stats    ]    Subphase: Concurrent Mark Try Terminate                 7.620 / 12.494        7.413 / 17.080        7.413 / 17.080        7.413 / 17.080      ms
[200.109s][info][gc,stats    ]    Subphase: Concurrent References Enqueue                 0.000 / 0.001         0.001 / 0.005         0.001 / 0.005         0.001 / 0.005       ms
[200.109s][info][gc,stats    ]    Subphase: Concurrent References Process                 0.042 / 0.052         0.043 / 0.088         0.043 / 0.088         0.043 / 0.088       ms
[200.109s][info][gc,stats    ]    Subphase: Concurrent Roots ClassLoaderDataGraph         0.086 / 0.466         0.086 / 0.868         0.086 / 0.868         0.086 / 0.868       ms
[200.109s][info][gc,stats    ]    Subphase: Concurrent Roots CodeCache                    0.000 / 0.000         0.000 / 0.000         0.000 / 0.000         0.000 / 0.000       ms
[200.109s][info][gc,stats    ]    Subphase: Concurrent Roots JavaThreads                  0.572 / 1.022         0.529 / 2.549         0.529 / 2.549         0.529 / 2.549       ms
[200.109s][info][gc,stats    ]    Subphase: Concurrent Roots OopStorageSet                0.015 / 0.044         0.018 / 0.219         0.018 / 0.219         0.018 / 0.219       ms
[200.109s][info][gc,stats    ]    Subphase: Concurrent Weak Roots OopStorageSet           0.133 / 0.151         0.140 / 1.443         0.140 / 1.443         0.140 / 1.443       ms
[200.109s][info][gc,stats    ]    Subphase: Pause Mark Try Complete                       0.000 / 0.000         0.000 / 0.000         0.000 / 0.000         0.000 / 0.000       ms
[200.109s][info][gc,stats    ]      System: Java Threads                                     40 / 40               35 / 41               35 / 41               35 / 41          threads
[200.109s][info][gc,stats    ] =========================================================================================================================================================
[201.310s][info][gc,start    ] GC(128) Garbage Collection (Proactive)
[201.310s][info][gc,task     ] GC(128) Using 10 workers
[201.310s][info][gc,phases   ] GC(128) Pause Mark Start 0.019ms
[201.325s][info][gc,phases   ] GC(128) Concurrent Mark 15.176ms
[201.326s][info][gc,phases   ] GC(128) Pause Mark End 0.023ms
[201.326s][info][gc,phases   ] GC(128) Concurrent Mark Free 0.002ms
[201.326s][info][gc,phases   ] GC(128) Concurrent Process Non-Strong References 0.566ms
[201.326s][info][gc,phases   ] GC(128) Concurrent Reset Relocation Set 0.002ms
[201.332s][info][gc,phases   ] GC(128) Concurrent Select Relocation Set 5.843ms
[201.332s][info][gc,phases   ] GC(128) Pause Relocate Start 0.009ms
[201.336s][info][gc,phases   ] GC(128) Concurrent Relocate 3.323ms
[201.336s][info][gc,load     ] GC(128) Load: 0.00/0.00/0.00
[201.336s][info][gc,mmu      ] GC(128) MMU: 2ms/98.6%, 5ms/99.3%, 10ms/99.6%, 20ms/99.8%, 50ms/99.8%, 100ms/99.9%
[201.336s][info][gc,marking  ] GC(128) Mark: 8 stripe(s), 5 proactive flush(es), 1 terminate flush(es), 0 completion(s), 0 continuation(s) 
[201.336s][info][gc,marking  ] GC(128) Mark Stack Usage: 32M
[201.336s][info][gc,nmethod  ] GC(128) NMethods: 681 registered, 82 unregistered
[201.336s][info][gc,metaspace] GC(128) Metaspace: 9M used, 9M committed, 1088M reserved
[201.336s][info][gc,ref      ] GC(128) Soft: 214 encountered, 0 discovered, 0 enqueued
[201.336s][info][gc,ref      ] GC(128) Weak: 816 encountered, 152 discovered, 0 enqueued
[201.336s][info][gc,ref      ] GC(128) Final: 0 encountered, 0 discovered, 0 enqueued
[201.336s][info][gc,ref      ] GC(128) Phantom: 27 encountered, 21 discovered, 0 enqueued
[201.336s][info][gc,reloc    ] GC(128) Small Pages: 245 / 490M, Empty: 348M, Relocated: 3M, In-Place: 0
[201.336s][info][gc,reloc    ] GC(128) Medium Pages: 0 / 0M, Empty: 0M, Relocated: 0M, In-Place: 0
[201.336s][info][gc,reloc    ] GC(128) Large Pages: 0 / 0M, Empty: 0M, Relocated: 0M, In-Place: 0
[201.336s][info][gc,reloc    ] GC(128) Forwarding Usage: 1M
[201.336s][info][gc,heap     ] GC(128) Min Capacity: 8M(1%)
[201.336s][info][gc,heap     ] GC(128) Max Capacity: 1024M(100%)
[201.336s][info][gc,heap     ] GC(128) Soft Max Capacity: 1024M(100%)
[201.336s][info][gc,heap     ] GC(128)                Mark Start          Mark End        Relocate Start      Relocate End           High               Low         
[201.337s][info][gc,heap     ] GC(128)  Capacity:     1024M (100%)       1024M (100%)       1024M (100%)       1024M (100%)       1024M (100%)       1024M (100%)   
[201.337s][info][gc,heap     ] GC(128)      Free:      534M (52%)         528M (52%)         874M (85%)         990M (97%)         990M (97%)         526M (51%)    
[201.337s][info][gc,heap     ] GC(128)      Used:      490M (48%)         496M (48%)         150M (15%)          34M (3%)          498M (49%)          34M (3%)     
[201.337s][info][gc,heap     ] GC(128)      Live:         -                 6M (1%)            6M (1%)            6M (1%)             -                  -          
[201.337s][info][gc,heap     ] GC(128) Allocated:         -                 6M (1%)            8M (1%)            9M (1%)             -                  -          
[201.337s][info][gc,heap     ] GC(128)   Garbage:         -               483M (47%)         135M (13%)          17M (2%)             -                  -          
[201.337s][info][gc,heap     ] GC(128) Reclaimed:         -                  -               348M (34%)         465M (46%)            -                  -          
[201.337s][info][gc          ] GC(128) Garbage Collection (Proactive) 490M(48%)->34M(3%)
[202.903s][info][gc,start    ] GC(129) Garbage Collection (Proactive)
[202.903s][info][gc,task     ] GC(129) Using 10 workers
[202.903s][info][gc,phases   ] GC(129) Pause Mark Start 0.018ms
[202.919s][info][gc,phases   ] GC(129) Concurrent Mark 15.218ms
[202.919s][info][gc,phases   ] GC(129) Pause Mark End 0.021ms
[202.919s][info][gc,phases   ] GC(129) Concurrent Mark Free 0.001ms
[202.920s][info][gc,phases   ] GC(129) Concurrent Process Non-Strong References 0.577ms
[202.920s][info][gc,phases   ] GC(129) Concurrent Reset Relocation Set 0.010ms
[202.926s][info][gc,phases   ] GC(129) Concurrent Select Relocation Set 6.058ms
[202.926s][info][gc,phases   ] GC(129) Pause Relocate Start 0.010ms
[202.930s][info][gc,phases   ] GC(129) Concurrent Relocate 3.409ms
[202.930s][info][gc,load     ] GC(129) Load: 0.00/0.00/0.00
[202.930s][info][gc,mmu      ] GC(129) MMU: 2ms/98.6%, 5ms/99.3%, 10ms/99.6%, 20ms/99.8%, 50ms/99.8%, 100ms/99.9%
[202.930s][info][gc,marking  ] GC(129) Mark: 8 stripe(s), 2 proactive flush(es), 1 terminate flush(es), 0 completion(s), 0 continuation(s) 
[202.930s][info][gc,marking  ] GC(129) Mark Stack Usage: 32M
[202.930s][info][gc,nmethod  ] GC(129) NMethods: 681 registered, 82 unregistered
[202.930s][info][gc,metaspace] GC(129) Metaspace: 9M used, 9M committed, 1088M reserved
[202.930s][info][gc,ref      ] GC(129) Soft: 214 encountered, 0 discovered, 0 enqueued
[202.930s][info][gc,ref      ] GC(129) Weak: 816 encountered, 61 discovered, 0 enqueued
[202.930s][info][gc,ref      ] GC(129) Final: 0 encountered, 0 discovered, 0 enqueued
[202.930s][info][gc,ref      ] GC(129) Phantom: 27 encountered, 19 discovered, 0 enqueued
[202.930s][info][gc,reloc    ] GC(129) Small Pages: 267 / 534M, Empty: 374M, Relocated: 3M, In-Place: 0
[202.930s][info][gc,reloc    ] GC(129) Medium Pages: 0 / 0M, Empty: 0M, Relocated: 0M, In-Place: 0
[202.930s][info][gc,reloc    ] GC(129) Large Pages: 0 / 0M, Empty: 0M, Relocated: 0M, In-Place: 0
[202.930s][info][gc,reloc    ] GC(129) Forwarding Usage: 1M
[202.930s][info][gc,heap     ] GC(129) Min Capacity: 8M(1%)
[202.930s][info][gc,heap     ] GC(129) Max Capacity: 1024M(100%)
[202.930s][info][gc,heap     ] GC(129) Soft Max Capacity: 1024M(100%)
[202.930s][info][gc,heap     ] GC(129)                Mark Start          Mark End        Relocate Start      Relocate End           High               Low         
[202.930s][info][gc,heap     ] GC(129)  Capacity:     1024M (100%)       1024M (100%)       1024M (100%)       1024M (100%)       1024M (100%)       1024M (100%)   
[202.930s][info][gc,heap     ] GC(129)      Free:      490M (48%)         484M (47%)         856M (84%)         990M (97%)         990M (97%)         484M (47%)    
[202.930s][info][gc,heap     ] GC(129)      Used:      534M (52%)         540M (53%)         168M (16%)          34M (3%)          540M (53%)          34M (3%)     
[202.930s][info][gc,heap     ] GC(129)      Live:         -                 6M (1%)            6M (1%)            6M (1%)             -                  -          
[202.930s][info][gc,heap     ] GC(129) Allocated:         -                 6M (1%)            8M (1%)            9M (1%)             -                  -          
[202.930s][info][gc,heap     ] GC(129)   Garbage:         -               527M (52%)         153M (15%)          17M (2%)             -                  -          
[202.930s][info][gc,heap     ] GC(129) Reclaimed:         -                  -               374M (37%)         509M (50%)            -                  -          
[202.930s][info][gc          ] GC(129) Garbage Collection (Proactive) 534M(52%)->34M(3%)
[204.412s][info][gc,start    ] GC(130) Garbage Collection (Proactive)
[204.412s][info][gc,task     ] GC(130) Using 10 workers
[204.412s][info][gc,phases   ] GC(130) Pause Mark Start 0.018ms
[204.427s][info][gc,phases   ] GC(130) Concurrent Mark 15.194ms
[204.428s][info][gc,phases   ] GC(130) Pause Mark End 0.022ms
[204.428s][info][gc,phases   ] GC(130) Concurrent Mark Free 0.001ms
[204.428s][info][gc,phases   ] GC(130) Concurrent Process Non-Strong References 0.546ms
[204.428s][info][gc,phases   ] GC(130) Concurrent Reset Relocation Set 0.010ms
[204.432s][info][gc,phases   ] GC(130) Concurrent Select Relocation Set 3.744ms
[204.432s][info][gc,phases   ] GC(130) Pause Relocate Start 0.007ms
[204.436s][info][gc,phases   ] GC(130) Concurrent Relocate 3.600ms
[204.436s][info][gc,load     ] GC(130) Load: 0.00/0.00/0.00
[204.436s][info][gc,mmu      ] GC(130) MMU: 2ms/98.6%, 5ms/99.3%, 10ms/99.6%, 20ms/99.8%, 50ms/99.8%, 100ms/99.9%
[204.436s][info][gc,marking  ] GC(130) Mark: 8 stripe(s), 2 proactive flush(es), 1 terminate flush(es), 0 completion(s), 0 continuation(s) 
[204.436s][info][gc,marking  ] GC(130) Mark Stack Usage: 32M
[204.436s][info][gc,nmethod  ] GC(130) NMethods: 681 registered, 82 unregistered
[204.436s][info][gc,metaspace] GC(130) Metaspace: 9M used, 9M committed, 1088M reserved
[204.436s][info][gc,ref      ] GC(130) Soft: 214 encountered, 0 discovered, 0 enqueued
[204.436s][info][gc,ref      ] GC(130) Weak: 816 encountered, 108 discovered, 0 enqueued
[204.436s][info][gc,ref      ] GC(130) Final: 0 encountered, 0 discovered, 0 enqueued
[204.436s][info][gc,ref      ] GC(130) Phantom: 27 encountered, 21 discovered, 0 enqueued
[204.436s][info][gc,reloc    ] GC(130) Small Pages: 260 / 520M, Empty: 424M, Relocated: 3M, In-Place: 0
[204.436s][info][gc,reloc    ] GC(130) Medium Pages: 0 / 0M, Empty: 0M, Relocated: 0M, In-Place: 0
[204.436s][info][gc,reloc    ] GC(130) Large Pages: 0 / 0M, Empty: 0M, Relocated: 0M, In-Place: 0
[204.436s][info][gc,reloc    ] GC(130) Forwarding Usage: 1M
[204.437s][info][gc,heap     ] GC(130) Min Capacity: 8M(1%)
[204.437s][info][gc,heap     ] GC(130) Max Capacity: 1024M(100%)
[204.437s][info][gc,heap     ] GC(130) Soft Max Capacity: 1024M(100%)
[204.437s][info][gc,heap     ] GC(130)                Mark Start          Mark End        Relocate Start      Relocate End           High               Low         
[204.437s][info][gc,heap     ] GC(130)  Capacity:     1024M (100%)       1024M (100%)       1024M (100%)       1024M (100%)       1024M (100%)       1024M (100%)   
[204.437s][info][gc,heap     ] GC(130)      Free:      504M (49%)         498M (49%)         920M (90%)         992M (97%)         992M (97%)         498M (49%)    
[204.437s][info][gc,heap     ] GC(130)      Used:      520M (51%)         526M (51%)         104M (10%)          32M (3%)          526M (51%)          32M (3%)     
[204.437s][info][gc,heap     ] GC(130)      Live:         -                 6M (1%)            6M (1%)            6M (1%)             -                  -          
[204.437s][info][gc,heap     ] GC(130) Allocated:         -                 6M (1%)            8M (1%)            7M (1%)             -                  -          
[204.437s][info][gc,heap     ] GC(130)   Garbage:         -               513M (50%)          89M (9%)           17M (2%)             -                  -          
[204.437s][info][gc,heap     ] GC(130) Reclaimed:         -                  -               424M (41%)         495M (48%)            -                  -          
[204.437s][info][gc          ] GC(130) Garbage Collection (Proactive) 520M(51%)->32M(3%)
[205.909s][info][gc,start    ] GC(131) Garbage Collection (Proactive)
[205.909s][info][gc,task     ] GC(131) Using 10 workers
[205.909s][info][gc,phases   ] GC(131) Pause Mark Start 0.013ms
[205.924s][info][gc,phases   ] GC(131) Concurrent Mark 15.223ms
[205.925s][info][gc,phases   ] GC(131) Pause Mark End 0.023ms
[205.925s][info][gc,phases   ] GC(131) Concurrent Mark Free 0.001ms
[205.925s][info][gc,phases   ] GC(131) Concurrent Process Non-Strong References 0.583ms
[205.925s][info][gc,phases   ] GC(131) Concurrent Reset Relocation Set 0.008ms
[205.931s][info][gc,phases   ] GC(131) Concurrent Select Relocation Set 5.894ms
[205.932s][info][gc,phases   ] GC(131) Pause Relocate Start 0.010ms
[205.935s][info][gc,phases   ] GC(131) Concurrent Relocate 3.503ms
[205.935s][info][gc,load     ] GC(131) Load: 0.00/0.00/0.00
[205.935s][info][gc,mmu      ] GC(131) MMU: 2ms/98.6%, 5ms/99.3%, 10ms/99.6%, 20ms/99.8%, 50ms/99.8%, 100ms/99.9%
[205.935s][info][gc,marking  ] GC(131) Mark: 8 stripe(s), 2 proactive flush(es), 1 terminate flush(es), 0 completion(s), 0 continuation(s) 
[205.935s][info][gc,marking  ] GC(131) Mark Stack Usage: 32M
[205.935s][info][gc,nmethod  ] GC(131) NMethods: 681 registered, 82 unregistered
[205.935s][info][gc,metaspace] GC(131) Metaspace: 9M used, 9M committed, 1088M reserved
[205.935s][info][gc,ref      ] GC(131) Soft: 214 encountered, 0 discovered, 0 enqueued
[205.935s][info][gc,ref      ] GC(131) Weak: 816 encountered, 6 discovered, 0 enqueued
[205.935s][info][gc,ref      ] GC(131) Final: 0 encountered, 0 discovered, 0 enqueued
[205.936s][info][gc,ref      ] GC(131) Phantom: 27 encountered, 24 discovered, 0 enqueued
[205.936s][info][gc,reloc    ] GC(131) Small Pages: 250 / 500M, Empty: 380M, Relocated: 3M, In-Place: 0
[205.936s][info][gc,reloc    ] GC(131) Medium Pages: 0 / 0M, Empty: 0M, Relocated: 0M, In-Place: 0
[205.936s][info][gc,reloc    ] GC(131) Large Pages: 0 / 0M, Empty: 0M, Relocated: 0M, In-Place: 0
[205.936s][info][gc,reloc    ] GC(131) Forwarding Usage: 1M
[205.936s][info][gc,heap     ] GC(131) Min Capacity: 8M(1%)
[205.936s][info][gc,heap     ] GC(131) Max Capacity: 1024M(100%)
[205.936s][info][gc,heap     ] GC(131) Soft Max Capacity: 1024M(100%)
[205.936s][info][gc,heap     ] GC(131)                Mark Start          Mark End        Relocate Start      Relocate End           High               Low         
[205.936s][info][gc,heap     ] GC(131)  Capacity:     1024M (100%)       1024M (100%)       1024M (100%)       1024M (100%)       1024M (100%)       1024M (100%)   
[205.936s][info][gc,heap     ] GC(131)      Free:      524M (51%)         518M (51%)         894M (87%)         990M (97%)         990M (97%)         516M (50%)    
[205.936s][info][gc,heap     ] GC(131)      Used:      500M (49%)         506M (49%)         130M (13%)          34M (3%)          508M (50%)          34M (3%)     
[205.936s][info][gc,heap     ] GC(131)      Live:         -                 6M (1%)            6M (1%)            6M (1%)             -                  -          
[205.936s][info][gc,heap     ] GC(131) Allocated:         -                 6M (1%)           10M (1%)            9M (1%)             -                  -          
[205.936s][info][gc,heap     ] GC(131)   Garbage:         -               493M (48%)         113M (11%)          17M (2%)             -                  -          
[205.936s][info][gc,heap     ] GC(131) Reclaimed:         -                  -               380M (37%)         475M (46%)            -                  -          
[205.936s][info][gc          ] GC(131) Garbage Collection (Proactive) 500M(49%)->34M(3%)
[206.662s][info][gc,start    ] GC(132) Garbage Collection (System.gc())
[206.663s][info][gc,task     ] GC(132) Using 10 workers
[206.663s][info][gc,phases   ] GC(132) Pause Mark Start 0.017ms
[206.682s][info][gc,phases   ] GC(132) Concurrent Mark 19.038ms
[206.682s][info][gc,phases   ] GC(132) Pause Mark End 0.019ms
[206.682s][info][gc,phases   ] GC(132) Concurrent Mark Free 0.001ms
[206.683s][info][gc,phases   ] GC(132) Concurrent Process Non-Strong References 0.537ms
[206.683s][info][gc,phases   ] GC(132) Concurrent Reset Relocation Set 0.010ms
[206.687s][info][gc,phases   ] GC(132) Concurrent Select Relocation Set 3.807ms
[206.687s][info][gc,phases   ] GC(132) Pause Relocate Start 0.006ms
[206.690s][info][gc,phases   ] GC(132) Concurrent Relocate 3.028ms
[206.690s][info][gc,load     ] GC(132) Load: 0.00/0.00/0.00
[206.690s][info][gc,mmu      ] GC(132) MMU: 2ms/98.6%, 5ms/99.3%, 10ms/99.6%, 20ms/99.8%, 50ms/99.8%, 100ms/99.9%
[206.690s][info][gc,marking  ] GC(132) Mark: 8 stripe(s), 2 proactive flush(es), 1 terminate flush(es), 0 completion(s), 0 continuation(s) 
[206.690s][info][gc,marking  ] GC(132) Mark Stack Usage: 32M
[206.690s][info][gc,nmethod  ] GC(132) NMethods: 683 registered, 82 unregistered
[206.690s][info][gc,metaspace] GC(132) Metaspace: 9M used, 9M committed, 1088M reserved
[206.690s][info][gc,ref      ] GC(132) Soft: 214 encountered, 0 discovered, 0 enqueued
[206.690s][info][gc,ref      ] GC(132) Weak: 816 encountered, 308 discovered, 0 enqueued
[206.690s][info][gc,ref      ] GC(132) Final: 0 encountered, 0 discovered, 0 enqueued
[206.690s][info][gc,ref      ] GC(132) Phantom: 27 encountered, 18 discovered, 0 enqueued
[206.690s][info][gc,reloc    ] GC(132) Small Pages: 129 / 258M, Empty: 240M, Relocated: 3M, In-Place: 0
[206.690s][info][gc,reloc    ] GC(132) Medium Pages: 0 / 0M, Empty: 0M, Relocated: 0M, In-Place: 0
[206.690s][info][gc,reloc    ] GC(132) Large Pages: 0 / 0M, Empty: 0M, Relocated: 0M, In-Place: 0
[206.690s][info][gc,reloc    ] GC(132) Forwarding Usage: 1M
[206.690s][info][gc,heap     ] GC(132) Min Capacity: 8M(1%)
[206.690s][info][gc,heap     ] GC(132) Max Capacity: 1024M(100%)
[206.690s][info][gc,heap     ] GC(132) Soft Max Capacity: 1024M(100%)
[206.690s][info][gc,heap     ] GC(132)                Mark Start          Mark End        Relocate Start      Relocate End           High               Low         
[206.690s][info][gc,heap     ] GC(132)  Capacity:     1024M (100%)       1024M (100%)       1024M (100%)       1024M (100%)       1024M (100%)       1024M (100%)   
[206.690s][info][gc,heap     ] GC(132)      Free:      766M (75%)         766M (75%)        1006M (98%)        1006M (98%)        1006M (98%)         766M (75%)    
[206.690s][info][gc,heap     ] GC(132)      Used:      258M (25%)         258M (25%)          18M (2%)           18M (2%)          258M (25%)          18M (2%)     
[206.690s][info][gc,heap     ] GC(132)      Live:         -                 4M (0%)            4M (0%)            4M (0%)             -                  -          
[206.690s][info][gc,heap     ] GC(132) Allocated:         -                 0M (0%)            0M (0%)            0M (0%)             -                  -          
[206.691s][info][gc,heap     ] GC(132)   Garbage:         -               253M (25%)          13M (1%)           13M (1%)             -                  -          
[206.691s][info][gc,heap     ] GC(132) Reclaimed:         -                  -               240M (23%)         240M (23%)            -                  -          
[206.691s][info][gc          ] GC(132) Garbage Collection (System.gc()) 258M(25%)->18M(2%)
[208.407s][info][gc,start    ] GC(133) Garbage Collection (Proactive)
[208.408s][info][gc,task     ] GC(133) Using 10 workers
[208.408s][info][gc,phases   ] GC(133) Pause Mark Start 0.018ms
[208.423s][info][gc,phases   ] GC(133) Concurrent Mark 15.193ms
[208.423s][info][gc,phases   ] GC(133) Pause Mark End 0.021ms
[208.423s][info][gc,phases   ] GC(133) Concurrent Mark Free 0.001ms
[208.424s][info][gc,phases   ] GC(133) Concurrent Process Non-Strong References 0.588ms
[208.424s][info][gc,phases   ] GC(133) Concurrent Reset Relocation Set 0.002ms
[208.430s][info][gc,phases   ] GC(133) Concurrent Select Relocation Set 5.987ms
[208.430s][info][gc,phases   ] GC(133) Pause Relocate Start 0.008ms
[208.434s][info][gc,phases   ] GC(133) Concurrent Relocate 3.447ms
[208.434s][info][gc,load     ] GC(133) Load: 0.00/0.00/0.00
[208.434s][info][gc,mmu      ] GC(133) MMU: 2ms/98.6%, 5ms/99.3%, 10ms/99.6%, 20ms/99.8%, 50ms/99.8%, 100ms/99.9%
[208.434s][info][gc,marking  ] GC(133) Mark: 8 stripe(s), 2 proactive flush(es), 1 terminate flush(es), 0 completion(s), 0 continuation(s) 
[208.434s][info][gc,marking  ] GC(133) Mark Stack Usage: 32M
[208.434s][info][gc,nmethod  ] GC(133) NMethods: 683 registered, 82 unregistered
[208.434s][info][gc,metaspace] GC(133) Metaspace: 9M used, 9M committed, 1088M reserved
[208.434s][info][gc,ref      ] GC(133) Soft: 214 encountered, 0 discovered, 0 enqueued
[208.434s][info][gc,ref      ] GC(133) Weak: 817 encountered, 3 discovered, 0 enqueued
[208.434s][info][gc,ref      ] GC(133) Final: 0 encountered, 0 discovered, 0 enqueued
[208.434s][info][gc,ref      ] GC(133) Phantom: 27 encountered, 18 discovered, 0 enqueued
[208.434s][info][gc,reloc    ] GC(133) Small Pages: 294 / 588M, Empty: 402M, Relocated: 3M, In-Place: 0
[208.434s][info][gc,reloc    ] GC(133) Medium Pages: 0 / 0M, Empty: 0M, Relocated: 0M, In-Place: 0
[208.434s][info][gc,reloc    ] GC(133) Large Pages: 0 / 0M, Empty: 0M, Relocated: 0M, In-Place: 0
[208.434s][info][gc,reloc    ] GC(133) Forwarding Usage: 1M
[208.434s][info][gc,heap     ] GC(133) Min Capacity: 8M(1%)
[208.434s][info][gc,heap     ] GC(133) Max Capacity: 1024M(100%)
[208.434s][info][gc,heap     ] GC(133) Soft Max Capacity: 1024M(100%)
[208.434s][info][gc,heap     ] GC(133)                Mark Start          Mark End        Relocate Start      Relocate End           High               Low         
[208.434s][info][gc,heap     ] GC(133)  Capacity:     1024M (100%)       1024M (100%)       1024M (100%)       1024M (100%)       1024M (100%)       1024M (100%)   
[208.434s][info][gc,heap     ] GC(133)      Free:      436M (43%)         430M (42%)         830M (81%)         990M (97%)         990M (97%)         430M (42%)    
[208.434s][info][gc,heap     ] GC(133)      Used:      588M (57%)         594M (58%)         194M (19%)          34M (3%)          594M (58%)          34M (3%)     
[208.434s][info][gc,heap     ] GC(133)      Live:         -                 6M (1%)            6M (1%)            6M (1%)             -                  -          
[208.434s][info][gc,heap     ] GC(133) Allocated:         -                 6M (1%)            8M (1%)            9M (1%)             -                  -          
[208.435s][info][gc,heap     ] GC(133)   Garbage:         -               581M (57%)         179M (18%)          17M (2%)             -                  -          
[208.435s][info][gc,heap     ] GC(133) Reclaimed:         -                  -               402M (39%)         563M (55%)            -                  -          
[208.435s][info][gc          ] GC(133) Garbage Collection (Proactive) 588M(57%)->34M(3%)
[210.102s][info][gc,stats    ] === Garbage Collection Statistics =======================================================================================================================
[210.102s][info][gc,start    ] GC(134) Garbage Collection (Proactive)
[210.102s][info][gc,stats    ]                                                              Last 10s              Last 10m              Last 10h                Total
[210.102s][info][gc,task     ] GC(134) Using 10 workers
[210.102s][info][gc,stats    ]                                                              Avg / Max             Avg / Max             Avg / Max             Avg / Max
[210.102s][info][gc,stats    ]   Collector: Garbage Collection Cycle                     26.187 / 27.505       27.318 / 78.390       27.318 / 78.390       27.318 / 78.390      ms
[210.102s][info][gc,stats    ]  Contention: Mark Segment Reset Contention                     1 / 5                 0 / 8                 0 / 8                 0 / 8           ops/s
[210.102s][info][gc,phases   ] GC(134) Pause Mark Start 0.018ms
[210.102s][info][gc,stats    ]  Contention: Mark SeqNum Reset Contention                      0 / 2                 0 / 3                 0 / 3                 0 / 3           ops/s
[210.102s][info][gc,stats    ]    Critical: Allocation Stall                                  0 / 0                 0 / 0                 0 / 0                 0 / 0           ops/s
[210.102s][info][gc,stats    ]    Critical: Allocation Stall                              0.000 / 0.000         0.000 / 0.000         0.000 / 0.000         0.000 / 0.000       ms
[210.102s][info][gc,stats    ]    Critical: GC Locker Stall                                   0 / 0                 0 / 0                 0 / 0                 0 / 0           ops/s
[210.102s][info][gc,stats    ]    Critical: GC Locker Stall                               0.000 / 0.000         0.000 / 0.000         0.000 / 0.000         0.000 / 0.000       ms
[210.102s][info][gc,stats    ]    Critical: Relocation Stall                                  0 / 0                 0 / 0                 0 / 0                 0 / 0           ops/s
[210.102s][info][gc,stats    ]    Critical: Relocation Stall                              0.000 / 0.000         0.000 / 0.000         0.000 / 0.000         0.000 / 0.000       ms
[210.102s][info][gc,stats    ]      Memory: Allocation Rate                                 326 / 340             320 / 348             320 / 348             320 / 348         MB/s
[210.102s][info][gc,stats    ]      Memory: Defragment                                        0 / 0                 0 / 0                 0 / 0                 0 / 0           ops/s
[210.102s][info][gc,stats    ]      Memory: Out Of Memory                                     0 / 0                 0 / 0                 0 / 0                 0 / 0           ops/s
[210.102s][info][gc,stats    ]      Memory: Page Cache Flush                                  0 / 0                 0 / 0                 0 / 0                 0 / 0           MB/s
[210.102s][info][gc,stats    ]      Memory: Page Cache Hit L1                               168 / 176             164 / 182             164 / 182             164 / 182         ops/s
[210.102s][info][gc,stats    ]      Memory: Page Cache Hit L2                                 0 / 0                 0 / 0                 0 / 0                 0 / 0           ops/s
[210.102s][info][gc,stats    ]      Memory: Page Cache Hit L3                                 0 / 0                 2 / 103               2 / 103               2 / 103         ops/s
[210.103s][info][gc,stats    ]      Memory: Page Cache Miss                                   0 / 0                 0 / 1                 0 / 1                 0 / 1           ops/s
[210.103s][info][gc,stats    ]      Memory: Uncommit                                          0 / 0                 0 / 0                 0 / 0                 0 / 0           MB/s
[210.103s][info][gc,stats    ]      Memory: Undo Object Allocation Failed                     0 / 5                 0 / 6                 0 / 6                 0 / 6           ops/s
[210.103s][info][gc,stats    ]      Memory: Undo Object Allocation Succeeded                  0 / 2                 0 / 4                 0 / 4                 0 / 4           ops/s
[210.103s][info][gc,stats    ]      Memory: Undo Page Allocation                              1 / 2                 1 / 6                 1 / 6                 1 / 6           ops/s
[210.103s][info][gc,stats    ]       Phase: Concurrent Mark                              15.840 / 19.038       15.913 / 34.706       15.913 / 34.706       15.913 / 34.706      ms
[210.103s][info][gc,stats    ]       Phase: Concurrent Mark Continue                      0.000 / 0.000         0.000 / 0.000         0.000 / 0.000         0.000 / 0.000       ms
[210.103s][info][gc,stats    ]       Phase: Concurrent Mark Free                          0.001 / 0.002         0.001 / 0.002         0.001 / 0.002         0.001 / 0.002       ms
[210.103s][info][gc,stats    ]       Phase: Concurrent Process Non-Strong References      0.566 / 0.588         1.108 / 7.426         1.108 / 7.426         1.108 / 7.426       ms
[210.103s][info][gc,stats    ]       Phase: Concurrent Relocate                           3.385 / 3.600         3.656 / 12.244        3.656 / 12.244        3.656 / 12.244      ms
[210.103s][info][gc,stats    ]       Phase: Concurrent Reset Relocation Set               0.007 / 0.010         0.008 / 0.016         0.008 / 0.016         0.008 / 0.016       ms
[210.103s][info][gc,stats    ]       Phase: Concurrent Select Relocation Set              5.222 / 6.058         4.886 / 14.229        4.886 / 14.229        4.886 / 14.229      ms
[210.103s][info][gc,stats    ]       Phase: Pause Mark End                                0.022 / 0.023         0.021 / 0.027         0.021 / 0.027         0.021 / 0.027       ms
[210.103s][info][gc,stats    ]       Phase: Pause Mark Start                              0.017 / 0.019         0.017 / 0.029         0.017 / 0.029         0.017 / 0.029       ms
[210.103s][info][gc,stats    ]       Phase: Pause Relocate Start                          0.008 / 0.010         0.008 / 0.014         0.008 / 0.014         0.008 / 0.014       ms
[210.103s][info][gc,stats    ]    Subphase: Concurrent Classes Purge                      0.005 / 0.006         0.069 / 5.468         0.069 / 5.468         0.069 / 5.468       ms
[210.103s][info][gc,stats    ]    Subphase: Concurrent Classes Unlink                     0.260 / 0.277         0.685 / 5.860         0.685 / 5.860         0.685 / 5.860       ms
[210.103s][info][gc,stats    ]    Subphase: Concurrent Mark                              13.796 / 17.958       12.852 / 31.718       12.852 / 31.718       12.852 / 31.718      ms
[210.103s][info][gc,stats    ]    Subphase: Concurrent Mark Try Flush                     0.076 / 0.107         0.071 / 0.242         0.071 / 0.242         0.071 / 0.242       ms
[210.103s][info][gc,stats    ]    Subphase: Concurrent Mark Try Terminate                 8.873 / 15.185        7.479 / 17.080        7.479 / 17.080        7.479 / 17.080      ms
[210.103s][info][gc,stats    ]    Subphase: Concurrent References Enqueue                 0.000 / 0.001         0.001 / 0.005         0.001 / 0.005         0.001 / 0.005       ms
[210.103s][info][gc,stats    ]    Subphase: Concurrent References Process                 0.044 / 0.051         0.043 / 0.088         0.043 / 0.088         0.043 / 0.088       ms
[210.103s][info][gc,stats    ]    Subphase: Concurrent Roots ClassLoaderDataGraph         0.084 / 0.500         0.086 / 0.868         0.086 / 0.868         0.086 / 0.868       ms
[210.103s][info][gc,stats    ]    Subphase: Concurrent Roots CodeCache                    0.000 / 0.000         0.000 / 0.000         0.000 / 0.000         0.000 / 0.000       ms
[210.103s][info][gc,stats    ]    Subphase: Concurrent Roots JavaThreads                  0.570 / 1.024         0.531 / 2.549         0.531 / 2.549         0.531 / 2.549       ms
[210.103s][info][gc,stats    ]    Subphase: Concurrent Roots OopStorageSet                0.015 / 0.044         0.017 / 0.219         0.017 / 0.219         0.017 / 0.219       ms
[210.104s][info][gc,stats    ]    Subphase: Concurrent Weak Roots OopStorageSet           0.134 / 0.147         0.140 / 1.443         0.140 / 1.443         0.140 / 1.443       ms
[210.104s][info][gc,stats    ]    Subphase: Pause Mark Try Complete                       0.000 / 0.000         0.000 / 0.000         0.000 / 0.000         0.000 / 0.000       ms
[210.104s][info][gc,stats    ]      System: Java Threads                                     40 / 40               36 / 41               36 / 41               36 / 41          threads
[210.104s][info][gc,stats    ] =========================================================================================================================================================
[210.117s][info][gc,phases   ] GC(134) Concurrent Mark 15.066ms
[210.117s][info][gc,phases   ] GC(134) Pause Mark End 0.021ms
[210.117s][info][gc,phases   ] GC(134) Concurrent Mark Free 0.002ms
[210.118s][info][gc,phases   ] GC(134) Concurrent Process Non-Strong References 0.580ms
[210.118s][info][gc,phases   ] GC(134) Concurrent Reset Relocation Set 0.014ms
[210.124s][info][gc,phases   ] GC(134) Concurrent Select Relocation Set 6.132ms
[210.124s][info][gc,phases   ] GC(134) Pause Relocate Start 0.011ms
[210.128s][info][gc,phases   ] GC(134) Concurrent Relocate 3.533ms
[210.128s][info][gc,load     ] GC(134) Load: 0.00/0.00/0.00
[210.128s][info][gc,mmu      ] GC(134) MMU: 2ms/98.6%, 5ms/99.3%, 10ms/99.6%, 20ms/99.8%, 50ms/99.8%, 100ms/99.9%
[210.128s][info][gc,marking  ] GC(134) Mark: 8 stripe(s), 3 proactive flush(es), 1 terminate flush(es), 0 completion(s), 0 continuation(s) 
[210.128s][info][gc,marking  ] GC(134) Mark Stack Usage: 32M
[210.128s][info][gc,nmethod  ] GC(134) NMethods: 683 registered, 82 unregistered
[210.128s][info][gc,metaspace] GC(134) Metaspace: 9M used, 9M committed, 1088M reserved
[210.128s][info][gc,ref      ] GC(134) Soft: 214 encountered, 0 discovered, 0 enqueued
[210.128s][info][gc,ref      ] GC(134) Weak: 817 encountered, 172 discovered, 0 enqueued
[210.128s][info][gc,ref      ] GC(134) Final: 0 encountered, 0 discovered, 0 enqueued
[210.128s][info][gc,ref      ] GC(134) Phantom: 27 encountered, 21 discovered, 0 enqueued
[210.129s][info][gc,reloc    ] GC(134) Small Pages: 286 / 572M, Empty: 444M, Relocated: 3M, In-Place: 0
[210.129s][info][gc,reloc    ] GC(134) Medium Pages: 0 / 0M, Empty: 0M, Relocated: 0M, In-Place: 0
[210.129s][info][gc,reloc    ] GC(134) Large Pages: 0 / 0M, Empty: 0M, Relocated: 0M, In-Place: 0
[210.129s][info][gc,reloc    ] GC(134) Forwarding Usage: 1M
[210.129s][info][gc,heap     ] GC(134) Min Capacity: 8M(1%)
[210.129s][info][gc,heap     ] GC(134) Max Capacity: 1024M(100%)
[210.129s][info][gc,heap     ] GC(134) Soft Max Capacity: 1024M(100%)
[210.129s][info][gc,heap     ] GC(134)                Mark Start          Mark End        Relocate Start      Relocate End           High               Low         
[210.129s][info][gc,heap     ] GC(134)  Capacity:     1024M (100%)       1024M (100%)       1024M (100%)       1024M (100%)       1024M (100%)       1024M (100%)   
[210.129s][info][gc,heap     ] GC(134)      Free:      452M (44%)         444M (43%)         886M (87%)         988M (96%)         988M (96%)         444M (43%)    
[210.129s][info][gc,heap     ] GC(134)      Used:      572M (56%)         580M (57%)         138M (13%)          36M (4%)          580M (57%)          36M (4%)     
[210.129s][info][gc,heap     ] GC(134)      Live:         -                 6M (1%)            6M (1%)            6M (1%)             -                  -          
[210.129s][info][gc,heap     ] GC(134) Allocated:         -                 8M (1%)           10M (1%)           11M (1%)             -                  -          
[210.129s][info][gc,heap     ] GC(134)   Garbage:         -               565M (55%)         121M (12%)          17M (2%)             -                  -          
[210.129s][info][gc,heap     ] GC(134) Reclaimed:         -                  -               444M (43%)         547M (54%)            -                  -          
[210.129s][info][gc          ] GC(134) Garbage Collection (Proactive) 572M(56%)->36M(4%)
[211.709s][info][gc,start    ] GC(135) Garbage Collection (Proactive)
[211.709s][info][gc,task     ] GC(135) Using 10 workers
[211.710s][info][gc,phases   ] GC(135) Pause Mark Start 0.018ms
[211.733s][info][gc,phases   ] GC(135) Concurrent Mark 22.976ms
[211.733s][info][gc,phases   ] GC(135) Pause Mark End 0.025ms
[211.733s][info][gc,phases   ] GC(135) Concurrent Mark Free 0.001ms
[211.734s][info][gc,phases   ] GC(135) Concurrent Process Non-Strong References 0.557ms
[211.734s][info][gc,phases   ] GC(135) Concurrent Reset Relocation Set 0.010ms
[211.737s][info][gc,phases   ] GC(135) Concurrent Select Relocation Set 3.845ms
[211.738s][info][gc,phases   ] GC(135) Pause Relocate Start 0.010ms
[211.741s][info][gc,phases   ] GC(135) Concurrent Relocate 3.479ms
[211.741s][info][gc,load     ] GC(135) Load: 0.00/0.00/0.00
[211.741s][info][gc,mmu      ] GC(135) MMU: 2ms/98.6%, 5ms/99.3%, 10ms/99.6%, 20ms/99.8%, 50ms/99.8%, 100ms/99.9%
[211.741s][info][gc,marking  ] GC(135) Mark: 8 stripe(s), 3 proactive flush(es), 1 terminate flush(es), 0 completion(s), 0 continuation(s) 
[211.741s][info][gc,marking  ] GC(135) Mark Stack Usage: 32M
[211.741s][info][gc,nmethod  ] GC(135) NMethods: 683 registered, 82 unregistered
[211.741s][info][gc,metaspace] GC(135) Metaspace: 9M used, 9M committed, 1088M reserved
[211.741s][info][gc,ref      ] GC(135) Soft: 214 encountered, 0 discovered, 0 enqueued
[211.742s][info][gc,ref      ] GC(135) Weak: 817 encountered, 58 discovered, 0 enqueued
[211.742s][info][gc,ref      ] GC(135) Final: 0 encountered, 0 discovered, 0 enqueued
[211.742s][info][gc,ref      ] GC(135) Phantom: 27 encountered, 16 discovered, 0 enqueued
[211.742s][info][gc,reloc    ] GC(135) Small Pages: 272 / 544M, Empty: 430M, Relocated: 3M, In-Place: 0
[211.742s][info][gc,reloc    ] GC(135) Medium Pages: 0 / 0M, Empty: 0M, Relocated: 0M, In-Place: 0
[211.742s][info][gc,reloc    ] GC(135) Large Pages: 0 / 0M, Empty: 0M, Relocated: 0M, In-Place: 0
[211.742s][info][gc,reloc    ] GC(135) Forwarding Usage: 1M
[211.742s][info][gc,heap     ] GC(135) Min Capacity: 8M(1%)
[211.742s][info][gc,heap     ] GC(135) Max Capacity: 1024M(100%)
[211.742s][info][gc,heap     ] GC(135) Soft Max Capacity: 1024M(100%)
[211.742s][info][gc,heap     ] GC(135)                Mark Start          Mark End        Relocate Start      Relocate End           High               Low         
[211.742s][info][gc,heap     ] GC(135)  Capacity:     1024M (100%)       1024M (100%)       1024M (100%)       1024M (100%)       1024M (100%)       1024M (100%)   
[211.742s][info][gc,heap     ] GC(135)      Free:      480M (47%)         470M (46%)         900M (88%)         990M (97%)         990M (97%)         470M (46%)    
[211.742s][info][gc,heap     ] GC(135)      Used:      544M (53%)         554M (54%)         124M (12%)          34M (3%)          554M (54%)          34M (3%)     
[211.742s][info][gc,heap     ] GC(135)      Live:         -                 6M (1%)            6M (1%)            6M (1%)             -                  -          
[211.742s][info][gc,heap     ] GC(135) Allocated:         -                10M (1%)           10M (1%)            9M (1%)             -                  -          
[211.742s][info][gc,heap     ] GC(135)   Garbage:         -               537M (52%)         107M (11%)          17M (2%)             -                  -          
[211.742s][info][gc,heap     ] GC(135) Reclaimed:         -                  -               430M (42%)         519M (51%)            -                  -          
[211.742s][info][gc          ] GC(135) Garbage Collection (Proactive) 544M(53%)->34M(3%)
[213.442s][info][gc,start    ] GC(136) Garbage Collection (System.gc())
[213.442s][info][gc,task     ] GC(136) Using 10 workers
[213.442s][info][gc,phases   ] GC(136) Pause Mark Start 0.017ms
[213.450s][info][gc,phases   ] GC(136) Concurrent Mark 7.928ms
[213.450s][info][gc,phases   ] GC(136) Pause Mark End 0.017ms
[213.450s][info][gc,phases   ] GC(136) Concurrent Mark Free 0.001ms
[213.451s][info][gc,phases   ] GC(136) Concurrent Process Non-Strong References 0.537ms
[213.451s][info][gc,phases   ] GC(136) Concurrent Reset Relocation Set 0.010ms
[213.455s][info][gc,phases   ] GC(136) Concurrent Select Relocation Set 3.812ms
[213.455s][info][gc,phases   ] GC(136) Pause Relocate Start 0.006ms
[213.458s][info][gc,phases   ] GC(136) Concurrent Relocate 2.990ms
[213.458s][info][gc,load     ] GC(136) Load: 0.00/0.00/0.00
[213.458s][info][gc,mmu      ] GC(136) MMU: 2ms/98.6%, 5ms/99.3%, 10ms/99.6%, 20ms/99.8%, 50ms/99.8%, 100ms/99.9%
[213.458s][info][gc,marking  ] GC(136) Mark: 8 stripe(s), 1 proactive flush(es), 1 terminate flush(es), 0 completion(s), 0 continuation(s) 
[213.458s][info][gc,marking  ] GC(136) Mark Stack Usage: 32M
[213.458s][info][gc,nmethod  ] GC(136) NMethods: 684 registered, 82 unregistered
[213.458s][info][gc,metaspace] GC(136) Metaspace: 9M used, 9M committed, 1088M reserved
[213.458s][info][gc,ref      ] GC(136) Soft: 214 encountered, 0 discovered, 0 enqueued
[213.458s][info][gc,ref      ] GC(136) Weak: 817 encountered, 13 discovered, 0 enqueued
[213.458s][info][gc,ref      ] GC(136) Final: 0 encountered, 0 discovered, 0 enqueued
[213.458s][info][gc,ref      ] GC(136) Phantom: 27 encountered, 18 discovered, 0 enqueued
[213.458s][info][gc,reloc    ] GC(136) Small Pages: 288 / 576M, Empty: 556M, Relocated: 3M, In-Place: 0
[213.458s][info][gc,reloc    ] GC(136) Medium Pages: 0 / 0M, Empty: 0M, Relocated: 0M, In-Place: 0
[213.458s][info][gc,reloc    ] GC(136) Large Pages: 0 / 0M, Empty: 0M, Relocated: 0M, In-Place: 0
[213.458s][info][gc,reloc    ] GC(136) Forwarding Usage: 1M
[213.458s][info][gc,heap     ] GC(136) Min Capacity: 8M(1%)
[213.458s][info][gc,heap     ] GC(136) Max Capacity: 1024M(100%)
[213.458s][info][gc,heap     ] GC(136) Soft Max Capacity: 1024M(100%)
[213.458s][info][gc,heap     ] GC(136)                Mark Start          Mark End        Relocate Start      Relocate End           High               Low         
[213.458s][info][gc,heap     ] GC(136)  Capacity:     1024M (100%)       1024M (100%)       1024M (100%)       1024M (100%)       1024M (100%)       1024M (100%)   
[213.458s][info][gc,heap     ] GC(136)      Free:      448M (44%)         448M (44%)        1004M (98%)        1004M (98%)        1004M (98%)         448M (44%)    
[213.458s][info][gc,heap     ] GC(136)      Used:      576M (56%)         576M (56%)          20M (2%)           20M (2%)          576M (56%)          20M (2%)     
[213.458s][info][gc,heap     ] GC(136)      Live:         -                 4M (0%)            4M (0%)            4M (0%)             -                  -          
[213.458s][info][gc,heap     ] GC(136) Allocated:         -                 0M (0%)            0M (0%)            0M (0%)             -                  -          
[213.458s][info][gc,heap     ] GC(136)   Garbage:         -               571M (56%)          15M (1%)           15M (1%)             -                  -          
[213.459s][info][gc,heap     ] GC(136) Reclaimed:         -                  -               556M (54%)         556M (54%)            -                  -          
[213.459s][info][gc          ] GC(136) Garbage Collection (System.gc()) 576M(56%)->20M(2%)
[215.602s][info][gc,start    ] GC(137) Garbage Collection (Proactive)
[215.602s][info][gc,task     ] GC(137) Using 10 workers
[215.602s][info][gc,phases   ] GC(137) Pause Mark Start 0.018ms
[215.618s][info][gc,phases   ] GC(137) Concurrent Mark 15.214ms
[215.618s][info][gc,phases   ] GC(137) Pause Mark End 0.024ms
[215.618s][info][gc,phases   ] GC(137) Concurrent Mark Free 0.001ms
[215.619s][info][gc,phases   ] GC(137) Concurrent Process Non-Strong References 0.566ms
[215.619s][info][gc,phases   ] GC(137) Concurrent Reset Relocation Set 0.002ms
[215.625s][info][gc,phases   ] GC(137) Concurrent Select Relocation Set 5.901ms
[215.625s][info][gc,phases   ] GC(137) Pause Relocate Start 0.010ms
[215.628s][info][gc,phases   ] GC(137) Concurrent Relocate 3.485ms
[215.628s][info][gc,load     ] GC(137) Load: 0.00/0.00/0.00
[215.628s][info][gc,mmu      ] GC(137) MMU: 2ms/98.6%, 5ms/99.3%, 10ms/99.6%, 20ms/99.8%, 50ms/99.8%, 100ms/99.9%
[215.628s][info][gc,marking  ] GC(137) Mark: 8 stripe(s), 2 proactive flush(es), 1 terminate flush(es), 0 completion(s), 0 continuation(s) 
[215.628s][info][gc,marking  ] GC(137) Mark Stack Usage: 32M
[215.628s][info][gc,nmethod  ] GC(137) NMethods: 685 registered, 82 unregistered
[215.628s][info][gc,metaspace] GC(137) Metaspace: 9M used, 9M committed, 1088M reserved
[215.628s][info][gc,ref      ] GC(137) Soft: 214 encountered, 0 discovered, 0 enqueued
[215.629s][info][gc,ref      ] GC(137) Weak: 817 encountered, 13 discovered, 0 enqueued
[215.629s][info][gc,ref      ] GC(137) Final: 0 encountered, 0 discovered, 0 enqueued
[215.629s][info][gc,ref      ] GC(137) Phantom: 27 encountered, 23 discovered, 0 enqueued
[215.629s][info][gc,reloc    ] GC(137) Small Pages: 352 / 704M, Empty: 510M, Relocated: 3M, In-Place: 0
[215.629s][info][gc,reloc    ] GC(137) Medium Pages: 0 / 0M, Empty: 0M, Relocated: 0M, In-Place: 0
[215.629s][info][gc,reloc    ] GC(137) Large Pages: 0 / 0M, Empty: 0M, Relocated: 0M, In-Place: 0
[215.629s][info][gc,reloc    ] GC(137) Forwarding Usage: 1M
[215.629s][info][gc,heap     ] GC(137) Min Capacity: 8M(1%)
[215.629s][info][gc,heap     ] GC(137) Max Capacity: 1024M(100%)
[215.629s][info][gc,heap     ] GC(137) Soft Max Capacity: 1024M(100%)
[215.629s][info][gc,heap     ] GC(137)                Mark Start          Mark End        Relocate Start      Relocate End           High               Low         
[215.629s][info][gc,heap     ] GC(137)  Capacity:     1024M (100%)       1024M (100%)       1024M (100%)       1024M (100%)       1024M (100%)       1024M (100%)   
[215.629s][info][gc,heap     ] GC(137)      Free:      320M (31%)         314M (31%)         822M (80%)         990M (97%)         990M (97%)         314M (31%)    
[215.629s][info][gc,heap     ] GC(137)      Used:      704M (69%)         710M (69%)         202M (20%)          34M (3%)          710M (69%)          34M (3%)     
[215.629s][info][gc,heap     ] GC(137)      Live:         -                 6M (1%)            6M (1%)            6M (1%)             -                  -          
[215.629s][info][gc,heap     ] GC(137) Allocated:         -                 6M (1%)            8M (1%)            9M (1%)             -                  -          
[215.629s][info][gc,heap     ] GC(137)   Garbage:         -               697M (68%)         187M (18%)          17M (2%)             -                  -          
[215.629s][info][gc,heap     ] GC(137) Reclaimed:         -                  -               510M (50%)         679M (66%)            -                  -          
[215.629s][info][gc          ] GC(137) Garbage Collection (Proactive) 704M(69%)->34M(3%)
[217.607s][info][gc,start    ] GC(138) Garbage Collection (Proactive)
[217.607s][info][gc,task     ] GC(138) Using 10 workers
[217.607s][info][gc,phases   ] GC(138) Pause Mark Start 0.019ms
[217.622s][info][gc,phases   ] GC(138) Concurrent Mark 15.227ms
[217.622s][info][gc,phases   ] GC(138) Pause Mark End 0.024ms
[217.623s][info][gc,phases   ] GC(138) Concurrent Mark Free 0.002ms
[217.623s][info][gc,phases   ] GC(138) Concurrent Process Non-Strong References 0.567ms
[217.623s][info][gc,phases   ] GC(138) Concurrent Reset Relocation Set 0.015ms
[217.627s][info][gc,phases   ] GC(138) Concurrent Select Relocation Set 3.905ms
[217.627s][info][gc,phases   ] GC(138) Pause Relocate Start 0.010ms
[217.631s][info][gc,phases   ] GC(138) Concurrent Relocate 3.560ms
[217.631s][info][gc,load     ] GC(138) Load: 0.00/0.00/0.00
[217.631s][info][gc,mmu      ] GC(138) MMU: 2ms/98.6%, 5ms/99.3%, 10ms/99.6%, 20ms/99.8%, 50ms/99.8%, 100ms/99.9%
[217.631s][info][gc,marking  ] GC(138) Mark: 8 stripe(s), 2 proactive flush(es), 1 terminate flush(es), 0 completion(s), 0 continuation(s) 
[217.631s][info][gc,marking  ] GC(138) Mark Stack Usage: 32M
[217.631s][info][gc,nmethod  ] GC(138) NMethods: 685 registered, 82 unregistered
[217.631s][info][gc,metaspace] GC(138) Metaspace: 9M used, 9M committed, 1088M reserved
[217.631s][info][gc,ref      ] GC(138) Soft: 214 encountered, 0 discovered, 0 enqueued
[217.631s][info][gc,ref      ] GC(138) Weak: 817 encountered, 4 discovered, 0 enqueued
[217.631s][info][gc,ref      ] GC(138) Final: 0 encountered, 0 discovered, 0 enqueued
[217.631s][info][gc,ref      ] GC(138) Phantom: 27 encountered, 16 discovered, 0 enqueued
[217.631s][info][gc,reloc    ] GC(138) Small Pages: 328 / 656M, Empty: 502M, Relocated: 3M, In-Place: 0
[217.631s][info][gc,reloc    ] GC(138) Medium Pages: 0 / 0M, Empty: 0M, Relocated: 0M, In-Place: 0
[217.631s][info][gc,reloc    ] GC(138) Large Pages: 0 / 0M, Empty: 0M, Relocated: 0M, In-Place: 0
[217.631s][info][gc,reloc    ] GC(138) Forwarding Usage: 1M
[217.632s][info][gc,heap     ] GC(138) Min Capacity: 8M(1%)
[217.632s][info][gc,heap     ] GC(138) Max Capacity: 1024M(100%)
[217.632s][info][gc,heap     ] GC(138) Soft Max Capacity: 1024M(100%)
[217.632s][info][gc,heap     ] GC(138)                Mark Start          Mark End        Relocate Start      Relocate End           High               Low         
[217.632s][info][gc,heap     ] GC(138)  Capacity:     1024M (100%)       1024M (100%)       1024M (100%)       1024M (100%)       1024M (100%)       1024M (100%)   
[217.632s][info][gc,heap     ] GC(138)      Free:      368M (36%)         362M (35%)         862M (84%)         992M (97%)         992M (97%)         362M (35%)    
[217.632s][info][gc,heap     ] GC(138)      Used:      656M (64%)         662M (65%)         162M (16%)          32M (3%)          662M (65%)          32M (3%)     
[217.632s][info][gc,heap     ] GC(138)      Live:         -                 6M (1%)            6M (1%)            6M (1%)             -                  -          
[217.632s][info][gc,heap     ] GC(138) Allocated:         -                 6M (1%)            8M (1%)            7M (1%)             -                  -          
[217.632s][info][gc,heap     ] GC(138)   Garbage:         -               649M (63%)         147M (14%)          17M (2%)             -                  -          
[217.632s][info][gc,heap     ] GC(138) Reclaimed:         -                  -               502M (49%)         631M (62%)            -                  -          
[217.632s][info][gc          ] GC(138) Garbage Collection (Proactive) 656M(64%)->32M(3%)
[219.299s][info][gc,start    ] GC(139) Garbage Collection (Proactive)
[219.299s][info][gc,task     ] GC(139) Using 10 workers
[219.299s][info][gc,phases   ] GC(139) Pause Mark Start 0.020ms
[219.314s][info][gc,phases   ] GC(139) Concurrent Mark 15.181ms
[219.315s][info][gc,phases   ] GC(139) Pause Mark End 0.023ms
[219.315s][info][gc,phases   ] GC(139) Concurrent Mark Free 0.002ms
[219.315s][info][gc,phases   ] GC(139) Concurrent Process Non-Strong References 0.562ms
[219.315s][info][gc,phases   ] GC(139) Concurrent Reset Relocation Set 0.010ms
[219.319s][info][gc,phases   ] GC(139) Concurrent Select Relocation Set 3.863ms
[219.319s][info][gc,phases   ] GC(139) Pause Relocate Start 0.010ms
[219.323s][info][gc,phases   ] GC(139) Concurrent Relocate 3.649ms
[219.323s][info][gc,load     ] GC(139) Load: 0.00/0.00/0.00
[219.323s][info][gc,mmu      ] GC(139) MMU: 2ms/98.6%, 5ms/99.3%, 10ms/99.6%, 20ms/99.8%, 50ms/99.8%, 100ms/99.9%
[219.323s][info][gc,marking  ] GC(139) Mark: 8 stripe(s), 2 proactive flush(es), 1 terminate flush(es), 0 completion(s), 0 continuation(s) 
[219.323s][info][gc,marking  ] GC(139) Mark Stack Usage: 32M
[219.323s][info][gc,nmethod  ] GC(139) NMethods: 685 registered, 82 unregistered
[219.323s][info][gc,metaspace] GC(139) Metaspace: 9M used, 9M committed, 1088M reserved
[219.323s][info][gc,ref      ] GC(139) Soft: 214 encountered, 0 discovered, 0 enqueued
[219.323s][info][gc,ref      ] GC(139) Weak: 817 encountered, 53 discovered, 0 enqueued
[219.323s][info][gc,ref      ] GC(139) Final: 0 encountered, 0 discovered, 0 enqueued
[219.323s][info][gc,ref      ] GC(139) Phantom: 27 encountered, 19 discovered, 0 enqueued
[219.323s][info][gc,reloc    ] GC(139) Small Pages: 282 / 564M, Empty: 502M, Relocated: 3M, In-Place: 0
[219.323s][info][gc,reloc    ] GC(139) Medium Pages: 0 / 0M, Empty: 0M, Relocated: 0M, In-Place: 0
[219.323s][info][gc,reloc    ] GC(139) Large Pages: 0 / 0M, Empty: 0M, Relocated: 0M, In-Place: 0
[219.323s][info][gc,reloc    ] GC(139) Forwarding Usage: 1M
[219.324s][info][gc,heap     ] GC(139) Min Capacity: 8M(1%)
[219.324s][info][gc,heap     ] GC(139) Max Capacity: 1024M(100%)
[219.324s][info][gc,heap     ] GC(139) Soft Max Capacity: 1024M(100%)
[219.324s][info][gc,heap     ] GC(139)                Mark Start          Mark End        Relocate Start      Relocate End           High               Low         
[219.324s][info][gc,heap     ] GC(139)  Capacity:     1024M (100%)       1024M (100%)       1024M (100%)       1024M (100%)       1024M (100%)       1024M (100%)   
[219.324s][info][gc,heap     ] GC(139)      Free:      460M (45%)         454M (44%)         954M (93%)         992M (97%)         992M (97%)         454M (44%)    
[219.324s][info][gc,heap     ] GC(139)      Used:      564M (55%)         570M (56%)          70M (7%)           32M (3%)          570M (56%)          32M (3%)     
[219.324s][info][gc,heap     ] GC(139)      Live:         -                 6M (1%)            6M (1%)            6M (1%)             -                  -          
[219.324s][info][gc,heap     ] GC(139) Allocated:         -                 6M (1%)            8M (1%)            7M (1%)             -                  -          
[219.324s][info][gc,heap     ] GC(139)   Garbage:         -               557M (54%)          55M (5%)           17M (2%)             -                  -          
[219.324s][info][gc,heap     ] GC(139) Reclaimed:         -                  -               502M (49%)         539M (53%)            -                  -          
[219.324s][info][gc          ] GC(139) Garbage Collection (Proactive) 564M(55%)->32M(3%)
[220.102s][info][gc,stats    ] === Garbage Collection Statistics =======================================================================================================================
[220.103s][info][gc,stats    ]                                                              Last 10s              Last 10m              Last 10h                Total
[220.103s][info][gc,stats    ]                                                              Avg / Max             Avg / Max             Avg / Max             Avg / Max
[220.103s][info][gc,stats    ]   Collector: Garbage Collection Cycle                     24.980 / 32.038       27.218 / 78.390       27.218 / 78.390       27.218 / 78.390      ms
[220.103s][info][gc,stats    ]  Contention: Mark Segment Reset Contention                     0 / 2                 0 / 8                 0 / 8                 0 / 8           ops/s
[220.103s][info][gc,stats    ]  Contention: Mark SeqNum Reset Contention                      0 / 1                 0 / 3                 0 / 3                 0 / 3           ops/s
[220.103s][info][gc,stats    ]    Critical: Allocation Stall                                  0 / 0                 0 / 0                 0 / 0                 0 / 0           ops/s
[220.103s][info][gc,stats    ]    Critical: Allocation Stall                              0.000 / 0.000         0.000 / 0.000         0.000 / 0.000         0.000 / 0.000       ms
[220.103s][info][gc,stats    ]    Critical: GC Locker Stall                                   0 / 0                 0 / 0                 0 / 0                 0 / 0           ops/s
[220.103s][info][gc,stats    ]    Critical: GC Locker Stall                               0.000 / 0.000         0.000 / 0.000         0.000 / 0.000         0.000 / 0.000       ms
[220.103s][info][gc,stats    ]    Critical: Relocation Stall                                  0 / 0                 0 / 0                 0 / 0                 0 / 0           ops/s
[220.103s][info][gc,stats    ]    Critical: Relocation Stall                              0.000 / 0.000         0.000 / 0.000         0.000 / 0.000         0.000 / 0.000       ms
[220.103s][info][gc,stats    ]      Memory: Allocation Rate                                 322 / 332             320 / 348             320 / 348             320 / 348         MB/s
[220.103s][info][gc,stats    ]      Memory: Defragment                                        0 / 0                 0 / 0                 0 / 0                 0 / 0           ops/s
[220.103s][info][gc,stats    ]      Memory: Out Of Memory                                     0 / 0                 0 / 0                 0 / 0                 0 / 0           ops/s
[220.103s][info][gc,stats    ]      Memory: Page Cache Flush                                  0 / 0                 0 / 0                 0 / 0                 0 / 0           MB/s
[220.103s][info][gc,stats    ]      Memory: Page Cache Hit L1                               166 / 176             164 / 182             164 / 182             164 / 182         ops/s
[220.103s][info][gc,stats    ]      Memory: Page Cache Hit L2                                 0 / 0                 0 / 0                 0 / 0                 0 / 0           ops/s
[220.103s][info][gc,stats    ]      Memory: Page Cache Hit L3                                 0 / 0                 1 / 103               1 / 103               1 / 103         ops/s
[220.103s][info][gc,stats    ]      Memory: Page Cache Miss                                   0 / 0                 0 / 1                 0 / 1                 0 / 1           ops/s
[220.103s][info][gc,stats    ]      Memory: Uncommit                                          0 / 0                 0 / 0                 0 / 0                 0 / 0           MB/s
[220.103s][info][gc,stats    ]      Memory: Undo Object Allocation Failed                     0 / 2                 0 / 6                 0 / 6                 0 / 6           ops/s
[220.103s][info][gc,stats    ]      Memory: Undo Object Allocation Succeeded                  0 / 5                 0 / 5                 0 / 5                 0 / 5           ops/s
[220.103s][info][gc,stats    ]      Memory: Undo Page Allocation                              1 / 5                 1 / 6                 1 / 6                 1 / 6           ops/s
[220.103s][info][gc,stats    ]       Phase: Concurrent Mark                              15.265 / 22.976       15.885 / 34.706       15.885 / 34.706       15.885 / 34.706      ms
[220.103s][info][gc,stats    ]       Phase: Concurrent Mark Continue                      0.000 / 0.000         0.000 / 0.000         0.000 / 0.000         0.000 / 0.000       ms
[220.103s][info][gc,stats    ]       Phase: Concurrent Mark Free                          0.001 / 0.002         0.001 / 0.002         0.001 / 0.002         0.001 / 0.002       ms
[220.103s][info][gc,stats    ]       Phase: Concurrent Process Non-Strong References      0.561 / 0.580         1.085 / 7.426         1.085 / 7.426         1.085 / 7.426       ms
[220.103s][info][gc,stats    ]       Phase: Concurrent Relocate                           3.449 / 3.649         3.647 / 12.244        3.647 / 12.244        3.647 / 12.244      ms
[220.104s][info][gc,stats    ]       Phase: Concurrent Reset Relocation Set               0.010 / 0.015         0.008 / 0.016         0.008 / 0.016         0.008 / 0.016       ms
[220.104s][info][gc,stats    ]       Phase: Concurrent Select Relocation Set              4.576 / 6.132         4.873 / 14.229        4.873 / 14.229        4.873 / 14.229      ms
[220.104s][info][gc,stats    ]       Phase: Pause Mark End                                0.022 / 0.025         0.021 / 0.027         0.021 / 0.027         0.021 / 0.027       ms
[220.104s][info][gc,stats    ]       Phase: Pause Mark Start                              0.018 / 0.020         0.017 / 0.029         0.017 / 0.029         0.017 / 0.029       ms
[220.104s][info][gc,stats    ]       Phase: Pause Relocate Start                          0.010 / 0.011         0.008 / 0.014         0.008 / 0.014         0.008 / 0.014       ms
[220.104s][info][gc,stats    ]    Subphase: Concurrent Classes Purge                      0.005 / 0.005         0.066 / 5.468         0.066 / 5.468         0.066 / 5.468       ms
[220.104s][info][gc,stats    ]    Subphase: Concurrent Classes Unlink                     0.261 / 0.272         0.667 / 5.860         0.667 / 5.860         0.667 / 5.860       ms
[220.104s][info][gc,stats    ]    Subphase: Concurrent Mark                              11.474 / 21.903       12.790 / 31.718       12.790 / 31.718       12.790 / 31.718      ms
[220.104s][info][gc,stats    ]    Subphase: Concurrent Mark Try Flush                     0.073 / 0.112         0.071 / 0.242         0.071 / 0.242         0.071 / 0.242       ms
[220.104s][info][gc,stats    ]    Subphase: Concurrent Mark Try Terminate                 6.160 / 16.934        7.416 / 17.080        7.416 / 17.080        7.416 / 17.080      ms
[220.104s][info][gc,stats    ]    Subphase: Concurrent References Enqueue                 0.000 / 0.001         0.001 / 0.005         0.001 / 0.005         0.001 / 0.005       ms
[220.104s][info][gc,stats    ]    Subphase: Concurrent References Process                 0.039 / 0.045         0.042 / 0.088         0.042 / 0.088         0.042 / 0.088       ms
[220.104s][info][gc,stats    ]    Subphase: Concurrent Roots ClassLoaderDataGraph         0.085 / 0.450         0.086 / 0.868         0.086 / 0.868         0.086 / 0.868       ms
[220.104s][info][gc,stats    ]    Subphase: Concurrent Roots CodeCache                    0.000 / 0.000         0.000 / 0.000         0.000 / 0.000         0.000 / 0.000       ms
[220.104s][info][gc,stats    ]    Subphase: Concurrent Roots JavaThreads                  0.543 / 1.013         0.531 / 2.549         0.531 / 2.549         0.531 / 2.549       ms
[220.104s][info][gc,stats    ]    Subphase: Concurrent Roots OopStorageSet                0.015 / 0.045         0.017 / 0.219         0.017 / 0.219         0.017 / 0.219       ms
[220.104s][info][gc,stats    ]    Subphase: Concurrent Weak Roots OopStorageSet           0.133 / 0.147         0.140 / 1.443         0.140 / 1.443         0.140 / 1.443       ms
[220.104s][info][gc,stats    ]    Subphase: Pause Mark Try Complete                       0.000 / 0.000         0.000 / 0.000         0.000 / 0.000         0.000 / 0.000       ms
[220.104s][info][gc,stats    ]      System: Java Threads                                     40 / 40               36 / 41               36 / 41               36 / 41          threads
[220.104s][info][gc,stats    ] =========================================================================================================================================================
[220.331s][info][gc,start    ] GC(140) Garbage Collection (System.gc())
[220.331s][info][gc,task     ] GC(140) Using 10 workers
[220.332s][info][gc,phases   ] GC(140) Pause Mark Start 0.012ms
[220.344s][info][gc,phases   ] GC(140) Concurrent Mark 11.987ms
[220.344s][info][gc,phases   ] GC(140) Pause Mark End 0.021ms
[220.344s][info][gc,phases   ] GC(140) Concurrent Mark Free 0.001ms
[220.344s][info][gc,phases   ] GC(140) Concurrent Process Non-Strong References 0.544ms
[220.345s][info][gc,phases   ] GC(140) Concurrent Reset Relocation Set 0.005ms
[220.350s][info][gc,phases   ] GC(140) Concurrent Select Relocation Set 5.555ms
[220.350s][info][gc,phases   ] GC(140) Pause Relocate Start 0.009ms
[220.353s][info][gc,phases   ] GC(140) Concurrent Relocate 3.027ms
[220.353s][info][gc,load     ] GC(140) Load: 0.00/0.00/0.00
[220.353s][info][gc,mmu      ] GC(140) MMU: 2ms/98.6%, 5ms/99.3%, 10ms/99.6%, 20ms/99.8%, 50ms/99.8%, 100ms/99.9%
[220.353s][info][gc,marking  ] GC(140) Mark: 8 stripe(s), 1 proactive flush(es), 1 terminate flush(es), 0 completion(s), 0 continuation(s) 
[220.353s][info][gc,marking  ] GC(140) Mark Stack Usage: 32M
[220.353s][info][gc,nmethod  ] GC(140) NMethods: 690 registered, 82 unregistered
[220.354s][info][gc,metaspace] GC(140) Metaspace: 9M used, 9M committed, 1088M reserved
[220.354s][info][gc,ref      ] GC(140) Soft: 214 encountered, 0 discovered, 0 enqueued
[220.354s][info][gc,ref      ] GC(140) Weak: 817 encountered, 21 discovered, 0 enqueued
[220.354s][info][gc,ref      ] GC(140) Final: 0 encountered, 0 discovered, 0 enqueued
[220.354s][info][gc,ref      ] GC(140) Phantom: 27 encountered, 19 discovered, 0 enqueued
[220.354s][info][gc,reloc    ] GC(140) Small Pages: 178 / 356M, Empty: 340M, Relocated: 3M, In-Place: 0
[220.354s][info][gc,reloc    ] GC(140) Medium Pages: 0 / 0M, Empty: 0M, Relocated: 0M, In-Place: 0
[220.354s][info][gc,reloc    ] GC(140) Large Pages: 0 / 0M, Empty: 0M, Relocated: 0M, In-Place: 0
[220.354s][info][gc,reloc    ] GC(140) Forwarding Usage: 1M
[220.354s][info][gc,heap     ] GC(140) Min Capacity: 8M(1%)
[220.354s][info][gc,heap     ] GC(140) Max Capacity: 1024M(100%)
[220.354s][info][gc,heap     ] GC(140) Soft Max Capacity: 1024M(100%)
[220.354s][info][gc,heap     ] GC(140)                Mark Start          Mark End        Relocate Start      Relocate End           High               Low         
[220.354s][info][gc,heap     ] GC(140)  Capacity:     1024M (100%)       1024M (100%)       1024M (100%)       1024M (100%)       1024M (100%)       1024M (100%)   
[220.354s][info][gc,heap     ] GC(140)      Free:      668M (65%)         668M (65%)        1008M (98%)        1008M (98%)        1008M (98%)         668M (65%)    
[220.354s][info][gc,heap     ] GC(140)      Used:      356M (35%)         356M (35%)          16M (2%)           16M (2%)          356M (35%)          16M (2%)     
[220.354s][info][gc,heap     ] GC(140)      Live:         -                 4M (0%)            4M (0%)            4M (0%)             -                  -          
[220.354s][info][gc,heap     ] GC(140) Allocated:         -                 0M (0%)            0M (0%)            0M (0%)             -                  -          
[220.354s][info][gc,heap     ] GC(140)   Garbage:         -               351M (34%)          11M (1%)           11M (1%)             -                  -          
[220.354s][info][gc,heap     ] GC(140) Reclaimed:         -                  -               340M (33%)         340M (33%)            -                  -          
[220.354s][info][gc          ] GC(140) Garbage Collection (System.gc()) 356M(35%)->16M(2%)
[221.904s][info][gc,start    ] GC(141) Garbage Collection (Proactive)
[221.904s][info][gc,task     ] GC(141) Using 10 workers
[221.904s][info][gc,phases   ] GC(141) Pause Mark Start 0.017ms
[221.911s][info][gc,phases   ] GC(141) Concurrent Mark 6.659ms
[221.911s][info][gc,phases   ] GC(141) Pause Mark End 0.022ms
[221.911s][info][gc,phases   ] GC(141) Concurrent Mark Free 0.001ms
[221.912s][info][gc,phases   ] GC(141) Concurrent Process Non-Strong References 0.555ms
[221.912s][info][gc,phases   ] GC(141) Concurrent Reset Relocation Set 0.002ms
[221.918s][info][gc,phases   ] GC(141) Concurrent Select Relocation Set 6.016ms
[221.918s][info][gc,phases   ] GC(141) Pause Relocate Start 0.009ms
[221.922s][info][gc,phases   ] GC(141) Concurrent Relocate 3.571ms
[221.922s][info][gc,load     ] GC(141) Load: 0.00/0.00/0.00
[221.922s][info][gc,mmu      ] GC(141) MMU: 2ms/98.6%, 5ms/99.3%, 10ms/99.6%, 20ms/99.8%, 50ms/99.8%, 100ms/99.9%
[221.922s][info][gc,marking  ] GC(141) Mark: 8 stripe(s), 2 proactive flush(es), 1 terminate flush(es), 0 completion(s), 0 continuation(s) 
[221.922s][info][gc,marking  ] GC(141) Mark Stack Usage: 32M
[221.922s][info][gc,nmethod  ] GC(141) NMethods: 691 registered, 82 unregistered
[221.922s][info][gc,metaspace] GC(141) Metaspace: 9M used, 9M committed, 1088M reserved
[221.922s][info][gc,ref      ] GC(141) Soft: 214 encountered, 0 discovered, 0 enqueued
[221.922s][info][gc,ref      ] GC(141) Weak: 817 encountered, 7 discovered, 0 enqueued
[221.922s][info][gc,ref      ] GC(141) Final: 0 encountered, 0 discovered, 0 enqueued
[221.922s][info][gc,ref      ] GC(141) Phantom: 27 encountered, 17 discovered, 0 enqueued
[221.922s][info][gc,reloc    ] GC(141) Small Pages: 262 / 524M, Empty: 342M, Relocated: 3M, In-Place: 0
[221.922s][info][gc,reloc    ] GC(141) Medium Pages: 0 / 0M, Empty: 0M, Relocated: 0M, In-Place: 0
[221.922s][info][gc,reloc    ] GC(141) Large Pages: 0 / 0M, Empty: 0M, Relocated: 0M, In-Place: 0
[221.922s][info][gc,reloc    ] GC(141) Forwarding Usage: 1M
[221.922s][info][gc,heap     ] GC(141) Min Capacity: 8M(1%)
[221.922s][info][gc,heap     ] GC(141) Max Capacity: 1024M(100%)
[221.922s][info][gc,heap     ] GC(141) Soft Max Capacity: 1024M(100%)
[221.922s][info][gc,heap     ] GC(141)                Mark Start          Mark End        Relocate Start      Relocate End           High               Low         
[221.922s][info][gc,heap     ] GC(141)  Capacity:     1024M (100%)       1024M (100%)       1024M (100%)       1024M (100%)       1024M (100%)       1024M (100%)   
[221.922s][info][gc,heap     ] GC(141)      Free:      500M (49%)         496M (48%)         836M (82%)         994M (97%)         994M (97%)         496M (48%)    
[221.922s][info][gc,heap     ] GC(141)      Used:      524M (51%)         528M (52%)         188M (18%)          30M (3%)          528M (52%)          30M (3%)     
[221.922s][info][gc,heap     ] GC(141)      Live:         -                 6M (1%)            6M (1%)            6M (1%)             -                  -          
[221.922s][info][gc,heap     ] GC(141) Allocated:         -                 4M (0%)            6M (1%)            5M (1%)             -                  -          
[221.922s][info][gc,heap     ] GC(141)   Garbage:         -               517M (51%)         175M (17%)          17M (2%)             -                  -          
[221.922s][info][gc,heap     ] GC(141) Reclaimed:         -                  -               342M (33%)         499M (49%)            -                  -          
[221.922s][info][gc          ] GC(141) Garbage Collection (Proactive) 524M(51%)->30M(3%)
[223.409s][info][gc,start    ] GC(142) Garbage Collection (Proactive)
[223.409s][info][gc,task     ] GC(142) Using 10 workers
[223.409s][info][gc,phases   ] GC(142) Pause Mark Start 0.017ms
[223.424s][info][gc,phases   ] GC(142) Concurrent Mark 15.136ms
[223.424s][info][gc,phases   ] GC(142) Pause Mark End 0.022ms
[223.424s][info][gc,phases   ] GC(142) Concurrent Mark Free 0.002ms
[223.425s][info][gc,phases   ] GC(142) Concurrent Process Non-Strong References 0.562ms
[223.425s][info][gc,phases   ] GC(142) Concurrent Reset Relocation Set 0.011ms
[223.429s][info][gc,phases   ] GC(142) Concurrent Select Relocation Set 3.930ms
[223.429s][info][gc,phases   ] GC(142) Pause Relocate Start 0.008ms
[223.433s][info][gc,phases   ] GC(142) Concurrent Relocate 3.549ms
[223.433s][info][gc,load     ] GC(142) Load: 0.00/0.00/0.00
[223.433s][info][gc,mmu      ] GC(142) MMU: 2ms/98.6%, 5ms/99.3%, 10ms/99.6%, 20ms/99.8%, 50ms/99.8%, 100ms/99.9%
[223.433s][info][gc,marking  ] GC(142) Mark: 8 stripe(s), 4 proactive flush(es), 1 terminate flush(es), 0 completion(s), 0 continuation(s) 
[223.433s][info][gc,marking  ] GC(142) Mark Stack Usage: 32M
[223.433s][info][gc,nmethod  ] GC(142) NMethods: 691 registered, 82 unregistered
[223.433s][info][gc,metaspace] GC(142) Metaspace: 9M used, 9M committed, 1088M reserved
[223.433s][info][gc,ref      ] GC(142) Soft: 214 encountered, 0 discovered, 0 enqueued
[223.433s][info][gc,ref      ] GC(142) Weak: 817 encountered, 15 discovered, 0 enqueued
[223.433s][info][gc,ref      ] GC(142) Final: 0 encountered, 0 discovered, 0 enqueued
[223.433s][info][gc,ref      ] GC(142) Phantom: 27 encountered, 19 discovered, 0 enqueued
[223.433s][info][gc,reloc    ] GC(142) Small Pages: 250 / 500M, Empty: 354M, Relocated: 3M, In-Place: 0
[223.433s][info][gc,reloc    ] GC(142) Medium Pages: 0 / 0M, Empty: 0M, Relocated: 0M, In-Place: 0
[223.433s][info][gc,reloc    ] GC(142) Large Pages: 0 / 0M, Empty: 0M, Relocated: 0M, In-Place: 0
[223.433s][info][gc,reloc    ] GC(142) Forwarding Usage: 1M
[223.433s][info][gc,heap     ] GC(142) Min Capacity: 8M(1%)
[223.433s][info][gc,heap     ] GC(142) Max Capacity: 1024M(100%)
[223.433s][info][gc,heap     ] GC(142) Soft Max Capacity: 1024M(100%)
[223.433s][info][gc,heap     ] GC(142)                Mark Start          Mark End        Relocate Start      Relocate End           High               Low         
[223.433s][info][gc,heap     ] GC(142)  Capacity:     1024M (100%)       1024M (100%)       1024M (100%)       1024M (100%)       1024M (100%)       1024M (100%)   
[223.433s][info][gc,heap     ] GC(142)      Free:      524M (51%)         518M (51%)         870M (85%)         990M (97%)         990M (97%)         516M (50%)    
[223.434s][info][gc,heap     ] GC(142)      Used:      500M (49%)         506M (49%)         154M (15%)          34M (3%)          508M (50%)          34M (3%)     
[223.434s][info][gc,heap     ] GC(142)      Live:         -                 6M (1%)            6M (1%)            6M (1%)             -                  -          
[223.434s][info][gc,heap     ] GC(142) Allocated:         -                 6M (1%)            8M (1%)            9M (1%)             -                  -          
[223.434s][info][gc,heap     ] GC(142)   Garbage:         -               493M (48%)         139M (14%)          17M (2%)             -                  -          
[223.434s][info][gc,heap     ] GC(142) Reclaimed:         -                  -               354M (35%)         475M (46%)            -                  -          
[223.434s][info][gc          ] GC(142) Garbage Collection (Proactive) 500M(49%)->34M(3%)
[225.304s][info][gc,start    ] GC(143) Garbage Collection (Proactive)
[225.304s][info][gc,task     ] GC(143) Using 10 workers
[225.304s][info][gc,phases   ] GC(143) Pause Mark Start 0.018ms
[225.320s][info][gc,phases   ] GC(143) Concurrent Mark 15.174ms
[225.320s][info][gc,phases   ] GC(143) Pause Mark End 0.027ms
[225.320s][info][gc,phases   ] GC(143) Concurrent Mark Free 0.001ms
[225.320s][info][gc,phases   ] GC(143) Concurrent Process Non-Strong References 0.569ms
[225.321s][info][gc,phases   ] GC(143) Concurrent Reset Relocation Set 0.010ms
[225.326s][info][gc,phases   ] GC(143) Concurrent Select Relocation Set 5.738ms
[225.326s][info][gc,phases   ] GC(143) Pause Relocate Start 0.011ms
[225.330s][info][gc,phases   ] GC(143) Concurrent Relocate 3.466ms
[225.330s][info][gc,load     ] GC(143) Load: 0.00/0.00/0.00
[225.330s][info][gc,mmu      ] GC(143) MMU: 2ms/98.6%, 5ms/99.3%, 10ms/99.6%, 20ms/99.8%, 50ms/99.8%, 100ms/99.9%
[225.330s][info][gc,marking  ] GC(143) Mark: 8 stripe(s), 2 proactive flush(es), 1 terminate flush(es), 0 completion(s), 0 continuation(s) 
[225.330s][info][gc,marking  ] GC(143) Mark Stack Usage: 32M
[225.330s][info][gc,nmethod  ] GC(143) NMethods: 691 registered, 82 unregistered
[225.330s][info][gc,metaspace] GC(143) Metaspace: 9M used, 9M committed, 1088M reserved
[225.330s][info][gc,ref      ] GC(143) Soft: 214 encountered, 0 discovered, 0 enqueued
[225.330s][info][gc,ref      ] GC(143) Weak: 817 encountered, 99 discovered, 0 enqueued
[225.330s][info][gc,ref      ] GC(143) Final: 0 encountered, 0 discovered, 0 enqueued
[225.330s][info][gc,ref      ] GC(143) Phantom: 27 encountered, 16 discovered, 0 enqueued
[225.330s][info][gc,reloc    ] GC(143) Small Pages: 324 / 648M, Empty: 496M, Relocated: 3M, In-Place: 0
[225.330s][info][gc,reloc    ] GC(143) Medium Pages: 0 / 0M, Empty: 0M, Relocated: 0M, In-Place: 0
[225.330s][info][gc,reloc    ] GC(143) Large Pages: 0 / 0M, Empty: 0M, Relocated: 0M, In-Place: 0
[225.331s][info][gc,reloc    ] GC(143) Forwarding Usage: 1M
[225.331s][info][gc,heap     ] GC(143) Min Capacity: 8M(1%)
[225.331s][info][gc,heap     ] GC(143) Max Capacity: 1024M(100%)
[225.331s][info][gc,heap     ] GC(143) Soft Max Capacity: 1024M(100%)
[225.331s][info][gc,heap     ] GC(143)                Mark Start          Mark End        Relocate Start      Relocate End           High               Low         
[225.331s][info][gc,heap     ] GC(143)  Capacity:     1024M (100%)       1024M (100%)       1024M (100%)       1024M (100%)       1024M (100%)       1024M (100%)   
[225.331s][info][gc,heap     ] GC(143)      Free:      376M (37%)         370M (36%)         864M (84%)         990M (97%)         990M (97%)         370M (36%)    
[225.331s][info][gc,heap     ] GC(143)      Used:      648M (63%)         654M (64%)         160M (16%)          34M (3%)          654M (64%)          34M (3%)     
[225.331s][info][gc,heap     ] GC(143)      Live:         -                 6M (1%)            6M (1%)            6M (1%)             -                  -          
[225.331s][info][gc,heap     ] GC(143) Allocated:         -                 6M (1%)            8M (1%)            9M (1%)             -                  -          
[225.331s][info][gc,heap     ] GC(143)   Garbage:         -               641M (63%)         145M (14%)          17M (2%)             -                  -          
[225.331s][info][gc,heap     ] GC(143) Reclaimed:         -                  -               496M (48%)         623M (61%)            -                  -          
[225.331s][info][gc          ] GC(143) Garbage Collection (Proactive) 648M(63%)->34M(3%)
[227.012s][info][gc,start    ] GC(144) Garbage Collection (Proactive)
[227.012s][info][gc,task     ] GC(144) Using 10 workers
[227.012s][info][gc,phases   ] GC(144) Pause Mark Start 0.018ms
[227.028s][info][gc,phases   ] GC(144) Concurrent Mark 15.194ms
[227.028s][info][gc,phases   ] GC(144) Pause Mark End 0.021ms
[227.028s][info][gc,phases   ] GC(144) Concurrent Mark Free 0.001ms
[227.029s][info][gc,phases   ] GC(144) Concurrent Process Non-Strong References 0.556ms
[227.029s][info][gc,phases   ] GC(144) Concurrent Reset Relocation Set 0.011ms
[227.035s][info][gc,phases   ] GC(144) Concurrent Select Relocation Set 5.976ms
[227.035s][info][gc,phases   ] GC(144) Pause Relocate Start 0.006ms
[227.039s][info][gc,phases   ] GC(144) Concurrent Relocate 3.696ms
[227.039s][info][gc,load     ] GC(144) Load: 0.00/0.00/0.00
[227.039s][info][gc,mmu      ] GC(144) MMU: 2ms/98.6%, 5ms/99.3%, 10ms/99.6%, 20ms/99.8%, 50ms/99.8%, 100ms/99.9%
[227.039s][info][gc,marking  ] GC(144) Mark: 8 stripe(s), 2 proactive flush(es), 1 terminate flush(es), 0 completion(s), 0 continuation(s) 
[227.039s][info][gc,marking  ] GC(144) Mark Stack Usage: 32M
[227.039s][info][gc,nmethod  ] GC(144) NMethods: 691 registered, 82 unregistered
[227.039s][info][gc,metaspace] GC(144) Metaspace: 9M used, 9M committed, 1088M reserved
[227.039s][info][gc,ref      ] GC(144) Soft: 214 encountered, 0 discovered, 0 enqueued
[227.039s][info][gc,ref      ] GC(144) Weak: 817 encountered, 20 discovered, 0 enqueued
[227.039s][info][gc,ref      ] GC(144) Final: 0 encountered, 0 discovered, 0 enqueued
[227.039s][info][gc,ref      ] GC(144) Phantom: 27 encountered, 20 discovered, 0 enqueued
[227.039s][info][gc,reloc    ] GC(144) Small Pages: 292 / 584M, Empty: 452M, Relocated: 3M, In-Place: 0
[227.039s][info][gc,reloc    ] GC(144) Medium Pages: 0 / 0M, Empty: 0M, Relocated: 0M, In-Place: 0
[227.039s][info][gc,reloc    ] GC(144) Large Pages: 0 / 0M, Empty: 0M, Relocated: 0M, In-Place: 0
[227.039s][info][gc,reloc    ] GC(144) Forwarding Usage: 1M
[227.039s][info][gc,heap     ] GC(144) Min Capacity: 8M(1%)
[227.039s][info][gc,heap     ] GC(144) Max Capacity: 1024M(100%)
[227.039s][info][gc,heap     ] GC(144) Soft Max Capacity: 1024M(100%)
[227.039s][info][gc,heap     ] GC(144)                Mark Start          Mark End        Relocate Start      Relocate End           High               Low         
[227.039s][info][gc,heap     ] GC(144)  Capacity:     1024M (100%)       1024M (100%)       1024M (100%)       1024M (100%)       1024M (100%)       1024M (100%)   
[227.039s][info][gc,heap     ] GC(144)      Free:      440M (43%)         434M (42%)         884M (86%)         990M (97%)         990M (97%)         434M (42%)    
[227.039s][info][gc,heap     ] GC(144)      Used:      584M (57%)         590M (58%)         140M (14%)          34M (3%)          590M (58%)          34M (3%)     
[227.039s][info][gc,heap     ] GC(144)      Live:         -                 6M (1%)            6M (1%)            6M (1%)             -                  -          
[227.039s][info][gc,heap     ] GC(144) Allocated:         -                 6M (1%)            8M (1%)            9M (1%)             -                  -          
[227.039s][info][gc,heap     ] GC(144)   Garbage:         -               577M (56%)         125M (12%)          17M (2%)             -                  -          
[227.039s][info][gc,heap     ] GC(144) Reclaimed:         -                  -               452M (44%)         559M (55%)            -                  -          
[227.039s][info][gc          ] GC(144) Garbage Collection (Proactive) 584M(57%)->34M(3%)
[227.089s][info][gc,start    ] GC(145) Garbage Collection (System.gc())
[227.089s][info][gc,task     ] GC(145) Using 10 workers
[227.090s][info][gc,phases   ] GC(145) Pause Mark Start 0.011ms
[227.106s][info][gc,phases   ] GC(145) Concurrent Mark 16.110ms
[227.106s][info][gc,phases   ] GC(145) Pause Mark End 0.017ms
[227.106s][info][gc,phases   ] GC(145) Concurrent Mark Free 0.001ms
[227.107s][info][gc,phases   ] GC(145) Concurrent Process Non-Strong References 0.597ms
[227.107s][info][gc,phases   ] GC(145) Concurrent Reset Relocation Set 0.008ms
[227.111s][info][gc,phases   ] GC(145) Concurrent Select Relocation Set 3.657ms
[227.111s][info][gc,phases   ] GC(145) Pause Relocate Start 0.006ms
[227.114s][info][gc,phases   ] GC(145) Concurrent Relocate 3.147ms
[227.114s][info][gc,load     ] GC(145) Load: 0.00/0.00/0.00
[227.114s][info][gc,mmu      ] GC(145) MMU: 2ms/98.6%, 5ms/99.3%, 10ms/99.6%, 20ms/99.8%, 50ms/99.8%, 100ms/99.9%
[227.114s][info][gc,marking  ] GC(145) Mark: 8 stripe(s), 2 proactive flush(es), 1 terminate flush(es), 0 completion(s), 0 continuation(s) 
[227.114s][info][gc,marking  ] GC(145) Mark Stack Usage: 32M
[227.114s][info][gc,nmethod  ] GC(145) NMethods: 691 registered, 89 unregistered
[227.114s][info][gc,metaspace] GC(145) Metaspace: 9M used, 9M committed, 1088M reserved
[227.114s][info][gc,ref      ] GC(145) Soft: 214 encountered, 0 discovered, 0 enqueued
[227.114s][info][gc,ref      ] GC(145) Weak: 817 encountered, 148 discovered, 0 enqueued
[227.114s][info][gc,ref      ] GC(145) Final: 0 encountered, 0 discovered, 0 enqueued
[227.114s][info][gc,ref      ] GC(145) Phantom: 27 encountered, 20 discovered, 0 enqueued
[227.114s][info][gc,reloc    ] GC(145) Small Pages: 25 / 50M, Empty: 34M, Relocated: 3M, In-Place: 0
[227.114s][info][gc,reloc    ] GC(145) Medium Pages: 0 / 0M, Empty: 0M, Relocated: 0M, In-Place: 0
[227.114s][info][gc,reloc    ] GC(145) Large Pages: 0 / 0M, Empty: 0M, Relocated: 0M, In-Place: 0
[227.114s][info][gc,reloc    ] GC(145) Forwarding Usage: 1M
[227.114s][info][gc,heap     ] GC(145) Min Capacity: 8M(1%)
[227.114s][info][gc,heap     ] GC(145) Max Capacity: 1024M(100%)
[227.114s][info][gc,heap     ] GC(145) Soft Max Capacity: 1024M(100%)
[227.114s][info][gc,heap     ] GC(145)                Mark Start          Mark End        Relocate Start      Relocate End           High               Low         
[227.115s][info][gc,heap     ] GC(145)  Capacity:     1024M (100%)       1024M (100%)       1024M (100%)       1024M (100%)       1024M (100%)       1024M (100%)   
[227.115s][info][gc,heap     ] GC(145)      Free:      974M (95%)         974M (95%)        1008M (98%)        1008M (98%)        1008M (98%)         974M (95%)    
[227.115s][info][gc,heap     ] GC(145)      Used:       50M (5%)           50M (5%)           16M (2%)           16M (2%)           50M (5%)           16M (2%)     
[227.115s][info][gc,heap     ] GC(145)      Live:         -                 4M (0%)            4M (0%)            4M (0%)             -                  -          
[227.115s][info][gc,heap     ] GC(145) Allocated:         -                 0M (0%)            0M (0%)            0M (0%)             -                  -          
[227.115s][info][gc,heap     ] GC(145)   Garbage:         -                45M (4%)           11M (1%)           11M (1%)             -                  -          
[227.115s][info][gc,heap     ] GC(145) Reclaimed:         -                  -                34M (3%)           34M (3%)             -                  -          
[227.115s][info][gc          ] GC(145) Garbage Collection (System.gc()) 50M(5%)->16M(2%)
[228.611s][info][gc,start    ] GC(146) Garbage Collection (Proactive)
[228.611s][info][gc,task     ] GC(146) Using 10 workers
[228.611s][info][gc,phases   ] GC(146) Pause Mark Start 0.019ms
[228.626s][info][gc,phases   ] GC(146) Concurrent Mark 15.134ms
[228.626s][info][gc,phases   ] GC(146) Pause Mark End 0.024ms
[228.626s][info][gc,phases   ] GC(146) Concurrent Mark Free 0.001ms
[228.627s][info][gc,phases   ] GC(146) Concurrent Process Non-Strong References 0.633ms
[228.627s][info][gc,phases   ] GC(146) Concurrent Reset Relocation Set 0.001ms
[228.633s][info][gc,phases   ] GC(146) Concurrent Select Relocation Set 5.672ms
[228.633s][info][gc,phases   ] GC(146) Pause Relocate Start 0.008ms
[228.637s][info][gc,phases   ] GC(146) Concurrent Relocate 3.635ms
[228.637s][info][gc,load     ] GC(146) Load: 0.00/0.00/0.00
[228.637s][info][gc,mmu      ] GC(146) MMU: 2ms/98.6%, 5ms/99.3%, 10ms/99.6%, 20ms/99.8%, 50ms/99.8%, 100ms/99.9%
[228.637s][info][gc,marking  ] GC(146) Mark: 8 stripe(s), 3 proactive flush(es), 1 terminate flush(es), 0 completion(s), 0 continuation(s) 
[228.637s][info][gc,marking  ] GC(146) Mark Stack Usage: 32M
[228.637s][info][gc,nmethod  ] GC(146) NMethods: 692 registered, 90 unregistered
[228.637s][info][gc,metaspace] GC(146) Metaspace: 9M used, 9M committed, 1088M reserved
[228.637s][info][gc,ref      ] GC(146) Soft: 214 encountered, 0 discovered, 0 enqueued
[228.637s][info][gc,ref      ] GC(146) Weak: 817 encountered, 283 discovered, 0 enqueued
[228.637s][info][gc,ref      ] GC(146) Final: 0 encountered, 0 discovered, 0 enqueued
[228.637s][info][gc,ref      ] GC(146) Phantom: 27 encountered, 23 discovered, 0 enqueued
[228.637s][info][gc,reloc    ] GC(146) Small Pages: 250 / 500M, Empty: 344M, Relocated: 3M, In-Place: 0
[228.637s][info][gc,reloc    ] GC(146) Medium Pages: 0 / 0M, Empty: 0M, Relocated: 0M, In-Place: 0
[228.637s][info][gc,reloc    ] GC(146) Large Pages: 0 / 0M, Empty: 0M, Relocated: 0M, In-Place: 0
[228.637s][info][gc,reloc    ] GC(146) Forwarding Usage: 1M
[228.637s][info][gc,heap     ] GC(146) Min Capacity: 8M(1%)
[228.637s][info][gc,heap     ] GC(146) Max Capacity: 1024M(100%)
[228.637s][info][gc,heap     ] GC(146) Soft Max Capacity: 1024M(100%)
[228.637s][info][gc,heap     ] GC(146)                Mark Start          Mark End        Relocate Start      Relocate End           High               Low         
[228.637s][info][gc,heap     ] GC(146)  Capacity:     1024M (100%)       1024M (100%)       1024M (100%)       1024M (100%)       1024M (100%)       1024M (100%)   
[228.637s][info][gc,heap     ] GC(146)      Free:      524M (51%)         516M (50%)         858M (84%)         990M (97%)         990M (97%)         516M (50%)    
[228.637s][info][gc,heap     ] GC(146)      Used:      500M (49%)         508M (50%)         166M (16%)          34M (3%)          508M (50%)          34M (3%)     
[228.637s][info][gc,heap     ] GC(146)      Live:         -                 6M (1%)            6M (1%)            6M (1%)             -                  -          
[228.638s][info][gc,heap     ] GC(146) Allocated:         -                 8M (1%)           10M (1%)            9M (1%)             -                  -          
[228.638s][info][gc,heap     ] GC(146)   Garbage:         -               493M (48%)         149M (15%)          17M (2%)             -                  -          
[228.638s][info][gc,heap     ] GC(146) Reclaimed:         -                  -               344M (34%)         475M (46%)            -                  -          
[228.638s][info][gc          ] GC(146) Garbage Collection (Proactive) 500M(49%)->34M(3%)
[230.108s][info][gc,start    ] GC(147) Garbage Collection (Proactive)
[230.108s][info][gc,stats    ] === Garbage Collection Statistics =======================================================================================================================
[230.108s][info][gc,task     ] GC(147) Using 10 workers
[230.109s][info][gc,stats    ]                                                              Last 10s              Last 10m              Last 10h                Total
[230.109s][info][gc,stats    ]                                                              Avg / Max             Avg / Max             Avg / Max             Avg / Max
[230.109s][info][gc,stats    ]   Collector: Garbage Collection Cycle                     23.997 / 26.526       27.064 / 78.390       27.064 / 78.390       27.064 / 78.390      ms
[230.109s][info][gc,phases   ] GC(147) Pause Mark Start 0.012ms
[230.109s][info][gc,stats    ]  Contention: Mark Segment Reset Contention                     1 / 4                 0 / 8                 0 / 8                 0 / 8           ops/s
[230.109s][info][gc,stats    ]  Contention: Mark SeqNum Reset Contention                      0 / 3                 0 / 3                 0 / 3                 0 / 3           ops/s
[230.109s][info][gc,stats    ]    Critical: Allocation Stall                                  0 / 0                 0 / 0                 0 / 0                 0 / 0           ops/s
[230.109s][info][gc,stats    ]    Critical: Allocation Stall                              0.000 / 0.000         0.000 / 0.000         0.000 / 0.000         0.000 / 0.000       ms
[230.109s][info][gc,stats    ]    Critical: GC Locker Stall                                   0 / 0                 0 / 0                 0 / 0                 0 / 0           ops/s
[230.109s][info][gc,stats    ]    Critical: GC Locker Stall                               0.000 / 0.000         0.000 / 0.000         0.000 / 0.000         0.000 / 0.000       ms
[230.109s][info][gc,stats    ]    Critical: Relocation Stall                                  0 / 0                 0 / 0                 0 / 0                 0 / 0           ops/s
[230.109s][info][gc,stats    ]    Critical: Relocation Stall                              0.000 / 0.000         0.000 / 0.000         0.000 / 0.000         0.000 / 0.000       ms
[230.109s][info][gc,stats    ]      Memory: Allocation Rate                                 327 / 336             321 / 348             321 / 348             321 / 348         MB/s
[230.109s][info][gc,stats    ]      Memory: Defragment                                        0 / 0                 0 / 0                 0 / 0                 0 / 0           ops/s
[230.109s][info][gc,stats    ]      Memory: Out Of Memory                                     0 / 0                 0 / 0                 0 / 0                 0 / 0           ops/s
[230.109s][info][gc,stats    ]      Memory: Page Cache Flush                                  0 / 0                 0 / 0                 0 / 0                 0 / 0           MB/s
[230.109s][info][gc,stats    ]      Memory: Page Cache Hit L1                               170 / 178             164 / 182             164 / 182             164 / 182         ops/s
[230.109s][info][gc,stats    ]      Memory: Page Cache Hit L2                                 0 / 0                 0 / 0                 0 / 0                 0 / 0           ops/s
[230.109s][info][gc,stats    ]      Memory: Page Cache Hit L3                                 0 / 0                 1 / 103               1 / 103               1 / 103         ops/s
[230.109s][info][gc,stats    ]      Memory: Page Cache Miss                                   0 / 0                 0 / 1                 0 / 1                 0 / 1           ops/s
[230.109s][info][gc,stats    ]      Memory: Uncommit                                          0 / 0                 0 / 0                 0 / 0                 0 / 0           MB/s
[230.109s][info][gc,stats    ]      Memory: Undo Object Allocation Failed                     0 / 1                 0 / 6                 0 / 6                 0 / 6           ops/s
[230.109s][info][gc,stats    ]      Memory: Undo Object Allocation Succeeded                  0 / 4                 0 / 5                 0 / 5                 0 / 5           ops/s
[230.109s][info][gc,stats    ]      Memory: Undo Page Allocation                              2 / 5                 1 / 6                 1 / 6                 1 / 6           ops/s
[230.110s][info][gc,stats    ]       Phase: Concurrent Mark                              13.628 / 16.110       15.777 / 34.706       15.777 / 34.706       15.777 / 34.706      ms
[230.110s][info][gc,stats    ]       Phase: Concurrent Mark Continue                      0.000 / 0.000         0.000 / 0.000         0.000 / 0.000         0.000 / 0.000       ms
[230.110s][info][gc,stats    ]       Phase: Concurrent Mark Free                          0.001 / 0.002         0.001 / 0.002         0.001 / 0.002         0.001 / 0.002       ms
[230.110s][info][gc,stats    ]       Phase: Concurrent Process Non-Strong References      0.574 / 0.633         1.060 / 7.426         1.060 / 7.426         1.060 / 7.426       ms
[230.110s][info][gc,stats    ]       Phase: Concurrent Relocate                           3.442 / 3.696         3.637 / 12.244        3.637 / 12.244        3.637 / 12.244      ms
[230.110s][info][gc,stats    ]       Phase: Concurrent Reset Relocation Set               0.007 / 0.011         0.008 / 0.016         0.008 / 0.016         0.008 / 0.016       ms
[230.110s][info][gc,stats    ]       Phase: Concurrent Select Relocation Set              5.221 / 6.016         4.889 / 14.229        4.889 / 14.229        4.889 / 14.229      ms
[230.110s][info][gc,stats    ]       Phase: Pause Mark End                                0.022 / 0.027         0.021 / 0.027         0.021 / 0.027         0.021 / 0.027       ms
[230.110s][info][gc,stats    ]       Phase: Pause Mark Start                              0.016 / 0.019         0.017 / 0.029         0.017 / 0.029         0.017 / 0.029       ms
[230.110s][info][gc,stats    ]       Phase: Pause Relocate Start                          0.008 / 0.011         0.008 / 0.014         0.008 / 0.014         0.008 / 0.014       ms
[230.110s][info][gc,stats    ]    Subphase: Concurrent Classes Purge                      0.016 / 0.061         0.064 / 5.468         0.064 / 5.468         0.064 / 5.468       ms
[230.110s][info][gc,stats    ]    Subphase: Concurrent Classes Unlink                     0.257 / 0.262         0.647 / 5.860         0.647 / 5.860         0.647 / 5.860       ms
[230.110s][info][gc,stats    ]    Subphase: Concurrent Mark                              11.711 / 14.945       12.736 / 31.718       12.736 / 31.718       12.736 / 31.718      ms
[230.110s][info][gc,stats    ]    Subphase: Concurrent Mark Try Flush                     0.080 / 0.115         0.071 / 0.242         0.071 / 0.242         0.071 / 0.242       ms
[230.110s][info][gc,stats    ]    Subphase: Concurrent Mark Try Terminate                 7.202 / 12.331        7.406 / 17.080        7.406 / 17.080        7.406 / 17.080      ms
[230.110s][info][gc,stats    ]    Subphase: Concurrent References Enqueue                 0.000 / 0.000         0.001 / 0.005         0.001 / 0.005         0.001 / 0.005       ms
[230.110s][info][gc,stats    ]    Subphase: Concurrent References Process                 0.044 / 0.078         0.043 / 0.088         0.043 / 0.088         0.043 / 0.088       ms
[230.110s][info][gc,stats    ]    Subphase: Concurrent Roots ClassLoaderDataGraph         0.087 / 0.476         0.086 / 0.868         0.086 / 0.868         0.086 / 0.868       ms
[230.110s][info][gc,stats    ]    Subphase: Concurrent Roots CodeCache                    0.000 / 0.000         0.000 / 0.000         0.000 / 0.000         0.000 / 0.000       ms
[230.110s][info][gc,stats    ]    Subphase: Concurrent Roots JavaThreads                  0.563 / 1.072         0.533 / 2.549         0.533 / 2.549         0.533 / 2.549       ms
[230.110s][info][gc,stats    ]    Subphase: Concurrent Roots OopStorageSet                0.015 / 0.041         0.017 / 0.219         0.017 / 0.219         0.017 / 0.219       ms
[230.110s][info][gc,stats    ]    Subphase: Concurrent Weak Roots OopStorageSet           0.132 / 0.145         0.139 / 1.443         0.139 / 1.443         0.139 / 1.443       ms
[230.110s][info][gc,stats    ]    Subphase: Pause Mark Try Complete                       0.000 / 0.000         0.000 / 0.000         0.000 / 0.000         0.000 / 0.000       ms
[230.110s][info][gc,stats    ]      System: Java Threads                                     40 / 42               36 / 42               36 / 42               36 / 42          threads
[230.110s][info][gc,stats    ] =========================================================================================================================================================
[230.124s][info][gc,phases   ] GC(147) Concurrent Mark 15.129ms
[230.124s][info][gc,phases   ] GC(147) Pause Mark End 0.023ms
[230.124s][info][gc,phases   ] GC(147) Concurrent Mark Free 0.001ms
[230.125s][info][gc,phases   ] GC(147) Concurrent Process Non-Strong References 0.634ms
[230.125s][info][gc,phases   ] GC(147) Concurrent Reset Relocation Set 0.012ms
[230.131s][info][gc,phases   ] GC(147) Concurrent Select Relocation Set 5.821ms
[230.131s][info][gc,phases   ] GC(147) Pause Relocate Start 0.009ms
[230.135s][info][gc,phases   ] GC(147) Concurrent Relocate 3.459ms
[230.135s][info][gc,load     ] GC(147) Load: 0.00/0.00/0.00
[230.135s][info][gc,mmu      ] GC(147) MMU: 2ms/98.6%, 5ms/99.3%, 10ms/99.6%, 20ms/99.8%, 50ms/99.8%, 100ms/99.9%
[230.135s][info][gc,marking  ] GC(147) Mark: 8 stripe(s), 2 proactive flush(es), 1 terminate flush(es), 0 completion(s), 0 continuation(s) 
[230.135s][info][gc,marking  ] GC(147) Mark Stack Usage: 32M
[230.135s][info][gc,nmethod  ] GC(147) NMethods: 692 registered, 90 unregistered
[230.135s][info][gc,metaspace] GC(147) Metaspace: 9M used, 9M committed, 1088M reserved
[230.135s][info][gc,ref      ] GC(147) Soft: 214 encountered, 0 discovered, 0 enqueued
[230.135s][info][gc,ref      ] GC(147) Weak: 817 encountered, 283 discovered, 0 enqueued
[230.135s][info][gc,ref      ] GC(147) Final: 0 encountered, 0 discovered, 0 enqueued
[230.135s][info][gc,ref      ] GC(147) Phantom: 27 encountered, 24 discovered, 0 enqueued
[230.135s][info][gc,reloc    ] GC(147) Small Pages: 251 / 502M, Empty: 404M, Relocated: 3M, In-Place: 0
[230.135s][info][gc,reloc    ] GC(147) Medium Pages: 0 / 0M, Empty: 0M, Relocated: 0M, In-Place: 0
[230.135s][info][gc,reloc    ] GC(147) Large Pages: 0 / 0M, Empty: 0M, Relocated: 0M, In-Place: 0
[230.135s][info][gc,reloc    ] GC(147) Forwarding Usage: 1M
[230.135s][info][gc,heap     ] GC(147) Min Capacity: 8M(1%)
[230.135s][info][gc,heap     ] GC(147) Max Capacity: 1024M(100%)
[230.135s][info][gc,heap     ] GC(147) Soft Max Capacity: 1024M(100%)
[230.135s][info][gc,heap     ] GC(147)                Mark Start          Mark End        Relocate Start      Relocate End           High               Low         
[230.135s][info][gc,heap     ] GC(147)  Capacity:     1024M (100%)       1024M (100%)       1024M (100%)       1024M (100%)       1024M (100%)       1024M (100%)   
[230.135s][info][gc,heap     ] GC(147)      Free:      522M (51%)         516M (50%)         918M (90%)         990M (97%)         990M (97%)         514M (50%)    
[230.135s][info][gc,heap     ] GC(147)      Used:      502M (49%)         508M (50%)         106M (10%)          34M (3%)          510M (50%)          34M (3%)     
[230.135s][info][gc,heap     ] GC(147)      Live:         -                 6M (1%)            6M (1%)            6M (1%)             -                  -          
[230.135s][info][gc,heap     ] GC(147) Allocated:         -                 6M (1%)            8M (1%)            9M (1%)             -                  -          
[230.135s][info][gc,heap     ] GC(147)   Garbage:         -               495M (48%)          91M (9%)           17M (2%)             -                  -          
[230.135s][info][gc,heap     ] GC(147) Reclaimed:         -                  -               404M (39%)         477M (47%)            -                  -          
[230.135s][info][gc          ] GC(147) Garbage Collection (Proactive) 502M(49%)->34M(3%)
[231.608s][info][gc,start    ] GC(148) Garbage Collection (Proactive)
[231.608s][info][gc,task     ] GC(148) Using 10 workers
[231.608s][info][gc,phases   ] GC(148) Pause Mark Start 0.018ms
[231.624s][info][gc,phases   ] GC(148) Concurrent Mark 15.154ms
[231.624s][info][gc,phases   ] GC(148) Pause Mark End 0.023ms
[231.624s][info][gc,phases   ] GC(148) Concurrent Mark Free 0.002ms
[231.625s][info][gc,phases   ] GC(148) Concurrent Process Non-Strong References 0.604ms
[231.625s][info][gc,phases   ] GC(148) Concurrent Reset Relocation Set 0.007ms
[231.630s][info][gc,phases   ] GC(148) Concurrent Select Relocation Set 5.731ms
[231.630s][info][gc,phases   ] GC(148) Pause Relocate Start 0.008ms
[231.634s][info][gc,phases   ] GC(148) Concurrent Relocate 3.477ms
[231.634s][info][gc,load     ] GC(148) Load: 0.00/0.00/0.00
[231.634s][info][gc,mmu      ] GC(148) MMU: 2ms/98.6%, 5ms/99.3%, 10ms/99.6%, 20ms/99.8%, 50ms/99.8%, 100ms/99.9%
[231.634s][info][gc,marking  ] GC(148) Mark: 8 stripe(s), 2 proactive flush(es), 1 terminate flush(es), 0 completion(s), 0 continuation(s) 
[231.634s][info][gc,marking  ] GC(148) Mark Stack Usage: 32M
[231.634s][info][gc,nmethod  ] GC(148) NMethods: 692 registered, 90 unregistered
[231.634s][info][gc,metaspace] GC(148) Metaspace: 9M used, 9M committed, 1088M reserved
[231.634s][info][gc,ref      ] GC(148) Soft: 214 encountered, 0 discovered, 0 enqueued
[231.634s][info][gc,ref      ] GC(148) Weak: 817 encountered, 340 discovered, 0 enqueued
[231.634s][info][gc,ref      ] GC(148) Final: 0 encountered, 0 discovered, 0 enqueued
[231.634s][info][gc,ref      ] GC(148) Phantom: 27 encountered, 24 discovered, 0 enqueued
[231.634s][info][gc,reloc    ] GC(148) Small Pages: 249 / 498M, Empty: 424M, Relocated: 3M, In-Place: 0
[231.634s][info][gc,reloc    ] GC(148) Medium Pages: 0 / 0M, Empty: 0M, Relocated: 0M, In-Place: 0
[231.635s][info][gc,reloc    ] GC(148) Large Pages: 0 / 0M, Empty: 0M, Relocated: 0M, In-Place: 0
[231.635s][info][gc,reloc    ] GC(148) Forwarding Usage: 1M
[231.635s][info][gc,heap     ] GC(148) Min Capacity: 8M(1%)
[231.635s][info][gc,heap     ] GC(148) Max Capacity: 1024M(100%)
[231.635s][info][gc,heap     ] GC(148) Soft Max Capacity: 1024M(100%)
[231.635s][info][gc,heap     ] GC(148)                Mark Start          Mark End        Relocate Start      Relocate End           High               Low         
[231.635s][info][gc,heap     ] GC(148)  Capacity:     1024M (100%)       1024M (100%)       1024M (100%)       1024M (100%)       1024M (100%)       1024M (100%)   
[231.635s][info][gc,heap     ] GC(148)      Free:      526M (51%)         518M (51%)         940M (92%)         990M (97%)         990M (97%)         518M (51%)    
[231.635s][info][gc,heap     ] GC(148)      Used:      498M (49%)         506M (49%)          84M (8%)           34M (3%)          506M (49%)          34M (3%)     
[231.635s][info][gc,heap     ] GC(148)      Live:         -                 6M (1%)            6M (1%)            6M (1%)             -                  -          
[231.635s][info][gc,heap     ] GC(148) Allocated:         -                 8M (1%)           10M (1%)            9M (1%)             -                  -          
[231.635s][info][gc,heap     ] GC(148)   Garbage:         -               491M (48%)          67M (7%)           17M (2%)             -                  -          
[231.635s][info][gc,heap     ] GC(148) Reclaimed:         -                  -               424M (41%)         473M (46%)            -                  -          
[231.635s][info][gc          ] GC(148) Garbage Collection (Proactive) 498M(49%)->34M(3%)
[232.998s][info][gc,start    ] GC(149) Garbage Collection (Proactive)
[232.998s][info][gc,task     ] GC(149) Using 10 workers
[232.999s][info][gc,phases   ] GC(149) Pause Mark Start 0.013ms
[233.014s][info][gc,phases   ] GC(149) Concurrent Mark 15.283ms
[233.014s][info][gc,phases   ] GC(149) Pause Mark End 0.021ms
[233.014s][info][gc,phases   ] GC(149) Concurrent Mark Free 0.002ms
[233.015s][info][gc,phases   ] GC(149) Concurrent Process Non-Strong References 0.597ms
[233.015s][info][gc,phases   ] GC(149) Concurrent Reset Relocation Set 0.006ms
[233.019s][info][gc,phases   ] GC(149) Concurrent Select Relocation Set 3.885ms
[233.019s][info][gc,phases   ] GC(149) Pause Relocate Start 0.009ms
[233.022s][info][gc,phases   ] GC(149) Concurrent Relocate 3.178ms
[233.022s][info][gc,load     ] GC(149) Load: 0.00/0.00/0.00
[233.022s][info][gc,mmu      ] GC(149) MMU: 2ms/98.6%, 5ms/99.3%, 10ms/99.6%, 20ms/99.8%, 50ms/99.8%, 100ms/99.9%
[233.022s][info][gc,marking  ] GC(149) Mark: 8 stripe(s), 2 proactive flush(es), 1 terminate flush(es), 0 completion(s), 0 continuation(s) 
[233.022s][info][gc,marking  ] GC(149) Mark Stack Usage: 32M
[233.022s][info][gc,nmethod  ] GC(149) NMethods: 692 registered, 90 unregistered
[233.022s][info][gc,metaspace] GC(149) Metaspace: 9M used, 9M committed, 1088M reserved
[233.022s][info][gc,ref      ] GC(149) Soft: 214 encountered, 0 discovered, 0 enqueued
[233.023s][info][gc,ref      ] GC(149) Weak: 817 encountered, 302 discovered, 0 enqueued
[233.023s][info][gc,ref      ] GC(149) Final: 0 encountered, 0 discovered, 0 enqueued
[233.023s][info][gc,ref      ] GC(149) Phantom: 27 encountered, 23 discovered, 0 enqueued
[233.023s][info][gc,reloc    ] GC(149) Small Pages: 231 / 462M, Empty: 362M, Relocated: 3M, In-Place: 0
[233.023s][info][gc,reloc    ] GC(149) Medium Pages: 0 / 0M, Empty: 0M, Relocated: 0M, In-Place: 0
[233.023s][info][gc,reloc    ] GC(149) Large Pages: 0 / 0M, Empty: 0M, Relocated: 0M, In-Place: 0
[233.023s][info][gc,reloc    ] GC(149) Forwarding Usage: 1M
[233.023s][info][gc,heap     ] GC(149) Min Capacity: 8M(1%)
[233.023s][info][gc,heap     ] GC(149) Max Capacity: 1024M(100%)
[233.023s][info][gc,heap     ] GC(149) Soft Max Capacity: 1024M(100%)
[233.023s][info][gc,heap     ] GC(149)                Mark Start          Mark End        Relocate Start      Relocate End           High               Low         
[233.023s][info][gc,heap     ] GC(149)  Capacity:     1024M (100%)       1024M (100%)       1024M (100%)       1024M (100%)       1024M (100%)       1024M (100%)   
[233.023s][info][gc,heap     ] GC(149)      Free:      562M (55%)         556M (54%)         916M (89%)         992M (97%)         992M (97%)         556M (54%)    
[233.023s][info][gc,heap     ] GC(149)      Used:      462M (45%)         468M (46%)         108M (11%)          32M (3%)          468M (46%)          32M (3%)     
[233.023s][info][gc,heap     ] GC(149)      Live:         -                 6M (1%)            6M (1%)            6M (1%)             -                  -          
[233.023s][info][gc,heap     ] GC(149) Allocated:         -                 6M (1%)            8M (1%)            7M (1%)             -                  -          
[233.023s][info][gc,heap     ] GC(149)   Garbage:         -               455M (45%)          93M (9%)           17M (2%)             -                  -          
[233.023s][info][gc,heap     ] GC(149) Reclaimed:         -                  -               362M (35%)         437M (43%)            -                  -          
[233.023s][info][gc          ] GC(149) Garbage Collection (Proactive) 462M(45%)->32M(3%)
[233.964s][info][gc,start    ] GC(150) Garbage Collection (System.gc())
[233.965s][info][gc,task     ] GC(150) Using 10 workers
[233.965s][info][gc,phases   ] GC(150) Pause Mark Start 0.017ms
[233.982s][info][gc,phases   ] GC(150) Concurrent Mark 17.606ms
[233.983s][info][gc,phases   ] GC(150) Pause Mark End 0.017ms
[233.983s][info][gc,phases   ] GC(150) Concurrent Mark Free 0.001ms
[233.983s][info][gc,phases   ] GC(150) Concurrent Process Non-Strong References 0.561ms
[233.983s][info][gc,phases   ] GC(150) Concurrent Reset Relocation Set 0.008ms
[233.989s][info][gc,phases   ] GC(150) Concurrent Select Relocation Set 5.658ms
[233.989s][info][gc,phases   ] GC(150) Pause Relocate Start 0.006ms
[233.992s][info][gc,phases   ] GC(150) Concurrent Relocate 3.021ms
[233.992s][info][gc,load     ] GC(150) Load: 0.00/0.00/0.00
[233.992s][info][gc,mmu      ] GC(150) MMU: 2ms/98.6%, 5ms/99.3%, 10ms/99.6%, 20ms/99.8%, 50ms/99.8%, 100ms/99.9%
[233.992s][info][gc,marking  ] GC(150) Mark: 8 stripe(s), 1 proactive flush(es), 1 terminate flush(es), 0 completion(s), 0 continuation(s) 
[233.992s][info][gc,marking  ] GC(150) Mark Stack Usage: 32M
[233.992s][info][gc,nmethod  ] GC(150) NMethods: 692 registered, 90 unregistered
[233.992s][info][gc,metaspace] GC(150) Metaspace: 9M used, 9M committed, 1088M reserved
[233.992s][info][gc,ref      ] GC(150) Soft: 214 encountered, 0 discovered, 0 enqueued
[233.992s][info][gc,ref      ] GC(150) Weak: 817 encountered, 305 discovered, 0 enqueued
[233.992s][info][gc,ref      ] GC(150) Final: 0 encountered, 0 discovered, 0 enqueued
[233.992s][info][gc,ref      ] GC(150) Phantom: 27 encountered, 22 discovered, 0 enqueued
[233.992s][info][gc,reloc    ] GC(150) Small Pages: 172 / 344M, Empty: 324M, Relocated: 3M, In-Place: 0
[233.992s][info][gc,reloc    ] GC(150) Medium Pages: 0 / 0M, Empty: 0M, Relocated: 0M, In-Place: 0
[233.993s][info][gc,reloc    ] GC(150) Large Pages: 0 / 0M, Empty: 0M, Relocated: 0M, In-Place: 0
[233.993s][info][gc,reloc    ] GC(150) Forwarding Usage: 1M
[233.993s][info][gc,heap     ] GC(150) Min Capacity: 8M(1%)
[233.993s][info][gc,heap     ] GC(150) Max Capacity: 1024M(100%)
[233.993s][info][gc,heap     ] GC(150) Soft Max Capacity: 1024M(100%)
[233.993s][info][gc,heap     ] GC(150)                Mark Start          Mark End        Relocate Start      Relocate End           High               Low         
[233.993s][info][gc,heap     ] GC(150)  Capacity:     1024M (100%)       1024M (100%)       1024M (100%)       1024M (100%)       1024M (100%)       1024M (100%)   
[233.993s][info][gc,heap     ] GC(150)      Free:      680M (66%)         680M (66%)        1004M (98%)        1004M (98%)        1004M (98%)         680M (66%)    
[233.993s][info][gc,heap     ] GC(150)      Used:      344M (34%)         344M (34%)          20M (2%)           20M (2%)          344M (34%)          20M (2%)     
[233.993s][info][gc,heap     ] GC(150)      Live:         -                 4M (0%)            4M (0%)            4M (0%)             -                  -          
[233.993s][info][gc,heap     ] GC(150) Allocated:         -                 0M (0%)            0M (0%)            0M (0%)             -                  -          
[233.993s][info][gc,heap     ] GC(150)   Garbage:         -               339M (33%)          15M (1%)           15M (1%)             -                  -          
[233.993s][info][gc,heap     ] GC(150) Reclaimed:         -                  -               324M (32%)         324M (32%)            -                  -          
[233.993s][info][gc          ] GC(150) Garbage Collection (System.gc()) 344M(34%)->20M(2%)
[235.607s][info][gc,start    ] GC(151) Garbage Collection (Proactive)
[235.607s][info][gc,task     ] GC(151) Using 10 workers
[235.607s][info][gc,phases   ] GC(151) Pause Mark Start 0.017ms
[235.623s][info][gc,phases   ] GC(151) Concurrent Mark 15.199ms
[235.623s][info][gc,phases   ] GC(151) Pause Mark End 0.020ms
[235.623s][info][gc,phases   ] GC(151) Concurrent Mark Free 0.002ms
[235.623s][info][gc,phases   ] GC(151) Concurrent Process Non-Strong References 0.552ms
[235.624s][info][gc,phases   ] GC(151) Concurrent Reset Relocation Set 0.002ms
[235.630s][info][gc,phases   ] GC(151) Concurrent Select Relocation Set 6.094ms
[235.630s][info][gc,phases   ] GC(151) Pause Relocate Start 0.007ms
[235.633s][info][gc,phases   ] GC(151) Concurrent Relocate 3.563ms
[235.633s][info][gc,load     ] GC(151) Load: 0.00/0.00/0.00
[235.634s][info][gc,mmu      ] GC(151) MMU: 2ms/98.6%, 5ms/99.3%, 10ms/99.6%, 20ms/99.8%, 50ms/99.8%, 100ms/99.9%
[235.634s][info][gc,marking  ] GC(151) Mark: 8 stripe(s), 2 proactive flush(es), 1 terminate flush(es), 0 completion(s), 0 continuation(s) 
[235.634s][info][gc,marking  ] GC(151) Mark Stack Usage: 32M
[235.634s][info][gc,nmethod  ] GC(151) NMethods: 692 registered, 90 unregistered
[235.634s][info][gc,metaspace] GC(151) Metaspace: 9M used, 9M committed, 1088M reserved
[235.634s][info][gc,ref      ] GC(151) Soft: 214 encountered, 0 discovered, 0 enqueued
[235.634s][info][gc,ref      ] GC(151) Weak: 817 encountered, 12 discovered, 0 enqueued
[235.634s][info][gc,ref      ] GC(151) Final: 0 encountered, 0 discovered, 0 enqueued
[235.634s][info][gc,ref      ] GC(151) Phantom: 27 encountered, 23 discovered, 0 enqueued
[235.634s][info][gc,reloc    ] GC(151) Small Pages: 275 / 550M, Empty: 390M, Relocated: 3M, In-Place: 0
[235.634s][info][gc,reloc    ] GC(151) Medium Pages: 0 / 0M, Empty: 0M, Relocated: 0M, In-Place: 0
[235.634s][info][gc,reloc    ] GC(151) Large Pages: 0 / 0M, Empty: 0M, Relocated: 0M, In-Place: 0
[235.634s][info][gc,reloc    ] GC(151) Forwarding Usage: 1M
[235.634s][info][gc,heap     ] GC(151) Min Capacity: 8M(1%)
[235.634s][info][gc,heap     ] GC(151) Max Capacity: 1024M(100%)
[235.634s][info][gc,heap     ] GC(151) Soft Max Capacity: 1024M(100%)
[235.634s][info][gc,heap     ] GC(151)                Mark Start          Mark End        Relocate Start      Relocate End           High               Low         
[235.634s][info][gc,heap     ] GC(151)  Capacity:     1024M (100%)       1024M (100%)       1024M (100%)       1024M (100%)       1024M (100%)       1024M (100%)   
[235.634s][info][gc,heap     ] GC(151)      Free:      474M (46%)         466M (46%)         856M (84%)         990M (97%)         990M (97%)         466M (46%)    
[235.634s][info][gc,heap     ] GC(151)      Used:      550M (54%)         558M (54%)         168M (16%)          34M (3%)          558M (54%)          34M (3%)     
[235.634s][info][gc,heap     ] GC(151)      Live:         -                 6M (1%)            6M (1%)            6M (1%)             -                  -          
[235.634s][info][gc,heap     ] GC(151) Allocated:         -                 8M (1%)            8M (1%)            9M (1%)             -                  -          
[235.634s][info][gc,heap     ] GC(151)   Garbage:         -               543M (53%)         153M (15%)          17M (2%)             -                  -          
[235.634s][info][gc,heap     ] GC(151) Reclaimed:         -                  -               390M (38%)         525M (51%)            -                  -          
[235.634s][info][gc          ] GC(151) Garbage Collection (Proactive) 550M(54%)->34M(3%)
[237.200s][info][gc,start    ] GC(152) Garbage Collection (Proactive)
[237.200s][info][gc,task     ] GC(152) Using 10 workers
[237.201s][info][gc,phases   ] GC(152) Pause Mark Start 0.018ms
[237.216s][info][gc,phases   ] GC(152) Concurrent Mark 15.200ms
[237.216s][info][gc,phases   ] GC(152) Pause Mark End 0.022ms
[237.216s][info][gc,phases   ] GC(152) Concurrent Mark Free 0.001ms
[237.217s][info][gc,phases   ] GC(152) Concurrent Process Non-Strong References 0.567ms
[237.217s][info][gc,phases   ] GC(152) Concurrent Reset Relocation Set 0.012ms
[237.221s][info][gc,phases   ] GC(152) Concurrent Select Relocation Set 3.941ms
[237.221s][info][gc,phases   ] GC(152) Pause Relocate Start 0.008ms
[237.225s][info][gc,phases   ] GC(152) Concurrent Relocate 3.682ms
[237.225s][info][gc,load     ] GC(152) Load: 0.00/0.00/0.00
[237.225s][info][gc,mmu      ] GC(152) MMU: 2ms/98.6%, 5ms/99.3%, 10ms/99.6%, 20ms/99.8%, 50ms/99.8%, 100ms/99.9%
[237.225s][info][gc,marking  ] GC(152) Mark: 8 stripe(s), 2 proactive flush(es), 1 terminate flush(es), 0 completion(s), 0 continuation(s) 
[237.225s][info][gc,marking  ] GC(152) Mark Stack Usage: 32M
[237.225s][info][gc,nmethod  ] GC(152) NMethods: 692 registered, 90 unregistered
[237.225s][info][gc,metaspace] GC(152) Metaspace: 9M used, 9M committed, 1088M reserved
[237.225s][info][gc,ref      ] GC(152) Soft: 214 encountered, 0 discovered, 0 enqueued
[237.225s][info][gc,ref      ] GC(152) Weak: 817 encountered, 11 discovered, 0 enqueued
[237.225s][info][gc,ref      ] GC(152) Final: 0 encountered, 0 discovered, 0 enqueued
[237.225s][info][gc,ref      ] GC(152) Phantom: 27 encountered, 19 discovered, 0 enqueued
[237.225s][info][gc,reloc    ] GC(152) Small Pages: 272 / 544M, Empty: 376M, Relocated: 3M, In-Place: 0
[237.225s][info][gc,reloc    ] GC(152) Medium Pages: 0 / 0M, Empty: 0M, Relocated: 0M, In-Place: 0
[237.225s][info][gc,reloc    ] GC(152) Large Pages: 0 / 0M, Empty: 0M, Relocated: 0M, In-Place: 0
[237.225s][info][gc,reloc    ] GC(152) Forwarding Usage: 1M
[237.225s][info][gc,heap     ] GC(152) Min Capacity: 8M(1%)
[237.225s][info][gc,heap     ] GC(152) Max Capacity: 1024M(100%)
[237.225s][info][gc,heap     ] GC(152) Soft Max Capacity: 1024M(100%)
[237.225s][info][gc,heap     ] GC(152)                Mark Start          Mark End        Relocate Start      Relocate End           High               Low         
[237.225s][info][gc,heap     ] GC(152)  Capacity:     1024M (100%)       1024M (100%)       1024M (100%)       1024M (100%)       1024M (100%)       1024M (100%)   
[237.225s][info][gc,heap     ] GC(152)      Free:      480M (47%)         474M (46%)         848M (83%)         990M (97%)         990M (97%)         472M (46%)    
[237.225s][info][gc,heap     ] GC(152)      Used:      544M (53%)         550M (54%)         176M (17%)          34M (3%)          552M (54%)          34M (3%)     
[237.225s][info][gc,heap     ] GC(152)      Live:         -                 6M (1%)            6M (1%)            6M (1%)             -                  -          
[237.226s][info][gc,heap     ] GC(152) Allocated:         -                 6M (1%)            8M (1%)            9M (1%)             -                  -          
[237.226s][info][gc,heap     ] GC(152)   Garbage:         -               537M (53%)         161M (16%)          17M (2%)             -                  -          
[237.226s][info][gc,heap     ] GC(152) Reclaimed:         -                  -               376M (37%)         519M (51%)            -                  -          
[237.226s][info][gc          ] GC(152) Garbage Collection (Proactive) 544M(53%)->34M(3%)
[238.700s][info][gc,start    ] GC(153) Garbage Collection (Proactive)
[238.700s][info][gc,task     ] GC(153) Using 10 workers
[238.700s][info][gc,phases   ] GC(153) Pause Mark Start 0.018ms
[238.716s][info][gc,phases   ] GC(153) Concurrent Mark 15.187ms
[238.716s][info][gc,phases   ] GC(153) Pause Mark End 0.021ms
[238.716s][info][gc,phases   ] GC(153) Concurrent Mark Free 0.001ms
[238.717s][info][gc,phases   ] GC(153) Concurrent Process Non-Strong References 0.600ms
[238.717s][info][gc,phases   ] GC(153) Concurrent Reset Relocation Set 0.011ms
[238.720s][info][gc,phases   ] GC(153) Concurrent Select Relocation Set 3.868ms
[238.721s][info][gc,phases   ] GC(153) Pause Relocate Start 0.006ms
[238.724s][info][gc,phases   ] GC(153) Concurrent Relocate 3.463ms
[238.724s][info][gc,load     ] GC(153) Load: 0.00/0.00/0.00
[238.724s][info][gc,mmu      ] GC(153) MMU: 2ms/98.6%, 5ms/99.3%, 10ms/99.6%, 20ms/99.8%, 50ms/99.8%, 100ms/99.9%
[238.724s][info][gc,marking  ] GC(153) Mark: 8 stripe(s), 3 proactive flush(es), 1 terminate flush(es), 0 completion(s), 0 continuation(s) 
[238.724s][info][gc,marking  ] GC(153) Mark Stack Usage: 32M
[238.724s][info][gc,nmethod  ] GC(153) NMethods: 692 registered, 90 unregistered
[238.724s][info][gc,metaspace] GC(153) Metaspace: 9M used, 9M committed, 1088M reserved
[238.724s][info][gc,ref      ] GC(153) Soft: 214 encountered, 0 discovered, 0 enqueued
[238.724s][info][gc,ref      ] GC(153) Weak: 817 encountered, 156 discovered, 0 enqueued
[238.724s][info][gc,ref      ] GC(153) Final: 0 encountered, 0 discovered, 0 enqueued
[238.724s][info][gc,ref      ] GC(153) Phantom: 27 encountered, 18 discovered, 0 enqueued
[238.724s][info][gc,reloc    ] GC(153) Small Pages: 245 / 490M, Empty: 394M, Relocated: 3M, In-Place: 0
[238.725s][info][gc,reloc    ] GC(153) Medium Pages: 0 / 0M, Empty: 0M, Relocated: 0M, In-Place: 0
[238.725s][info][gc,reloc    ] GC(153) Large Pages: 0 / 0M, Empty: 0M, Relocated: 0M, In-Place: 0
[238.725s][info][gc,reloc    ] GC(153) Forwarding Usage: 1M
[238.725s][info][gc,heap     ] GC(153) Min Capacity: 8M(1%)
[238.725s][info][gc,heap     ] GC(153) Max Capacity: 1024M(100%)
[238.725s][info][gc,heap     ] GC(153) Soft Max Capacity: 1024M(100%)
[238.725s][info][gc,heap     ] GC(153)                Mark Start          Mark End        Relocate Start      Relocate End           High               Low         
[238.725s][info][gc,heap     ] GC(153)  Capacity:     1024M (100%)       1024M (100%)       1024M (100%)       1024M (100%)       1024M (100%)       1024M (100%)   
[238.725s][info][gc,heap     ] GC(153)      Free:      534M (52%)         526M (51%)         920M (90%)         990M (97%)         990M (97%)         526M (51%)    
[238.725s][info][gc,heap     ] GC(153)      Used:      490M (48%)         498M (49%)         104M (10%)          34M (3%)          498M (49%)          34M (3%)     
[238.725s][info][gc,heap     ] GC(153)      Live:         -                 6M (1%)            6M (1%)            6M (1%)             -                  -          
[238.725s][info][gc,heap     ] GC(153) Allocated:         -                 8M (1%)            8M (1%)            9M (1%)             -                  -          
[238.725s][info][gc,heap     ] GC(153)   Garbage:         -               483M (47%)          89M (9%)           17M (2%)             -                  -          
[238.725s][info][gc,heap     ] GC(153) Reclaimed:         -                  -               394M (38%)         465M (46%)            -                  -          
[238.725s][info][gc          ] GC(153) Garbage Collection (Proactive) 490M(48%)->34M(3%)
[240.112s][info][gc,start    ] GC(154) Garbage Collection (Proactive)
[240.112s][info][gc,stats    ] === Garbage Collection Statistics =======================================================================================================================
[240.112s][info][gc,task     ] GC(154) Using 10 workers
[240.112s][info][gc,stats    ]                                                              Last 10s              Last 10m              Last 10h                Total
[240.112s][info][gc,stats    ]                                                              Avg / Max             Avg / Max             Avg / Max             Avg / Max
[240.112s][info][gc,stats    ]   Collector: Garbage Collection Cycle                     25.633 / 27.743       26.999 / 78.390       26.999 / 78.390       26.999 / 78.390      ms
[240.112s][info][gc,stats    ]  Contention: Mark Segment Reset Contention                     1 / 5                 0 / 8                 0 / 8                 0 / 8           ops/s
[240.112s][info][gc,stats    ]  Contention: Mark SeqNum Reset Contention                      0 / 2                 0 / 3                 0 / 3                 0 / 3           ops/s
[240.112s][info][gc,phases   ] GC(154) Pause Mark Start 0.018ms
[240.112s][info][gc,stats    ]    Critical: Allocation Stall                                  0 / 0                 0 / 0                 0 / 0                 0 / 0           ops/s
[240.112s][info][gc,stats    ]    Critical: Allocation Stall                              0.000 / 0.000         0.000 / 0.000         0.000 / 0.000         0.000 / 0.000       ms
[240.112s][info][gc,stats    ]    Critical: GC Locker Stall                                   0 / 0                 0 / 0                 0 / 0                 0 / 0           ops/s
[240.112s][info][gc,stats    ]    Critical: GC Locker Stall                               0.000 / 0.000         0.000 / 0.000         0.000 / 0.000         0.000 / 0.000       ms
[240.112s][info][gc,stats    ]    Critical: Relocation Stall                                  0 / 0                 0 / 0                 0 / 0                 0 / 0           ops/s
[240.112s][info][gc,stats    ]    Critical: Relocation Stall                              0.000 / 0.000         0.000 / 0.000         0.000 / 0.000         0.000 / 0.000       ms
[240.112s][info][gc,stats    ]      Memory: Allocation Rate                                 322 / 334             321 / 348             321 / 348             321 / 348         MB/s
[240.112s][info][gc,stats    ]      Memory: Defragment                                        0 / 0                 0 / 0                 0 / 0                 0 / 0           ops/s
[240.112s][info][gc,stats    ]      Memory: Out Of Memory                                     0 / 0                 0 / 0                 0 / 0                 0 / 0           ops/s
[240.112s][info][gc,stats    ]      Memory: Page Cache Flush                                  0 / 0                 0 / 0                 0 / 0                 0 / 0           MB/s
[240.113s][info][gc,stats    ]      Memory: Page Cache Hit L1                               168 / 177             164 / 182             164 / 182             164 / 182         ops/s
[240.113s][info][gc,stats    ]      Memory: Page Cache Hit L2                                 0 / 0                 0 / 0                 0 / 0                 0 / 0           ops/s
[240.113s][info][gc,stats    ]      Memory: Page Cache Hit L3                                 0 / 0                 1 / 103               1 / 103               1 / 103         ops/s
[240.113s][info][gc,stats    ]      Memory: Page Cache Miss                                   0 / 0                 0 / 1                 0 / 1                 0 / 1           ops/s
[240.113s][info][gc,stats    ]      Memory: Uncommit                                          0 / 0                 0 / 0                 0 / 0                 0 / 0           MB/s
[240.113s][info][gc,stats    ]      Memory: Undo Object Allocation Failed                     0 / 0                 0 / 6                 0 / 6                 0 / 6           ops/s
[240.113s][info][gc,stats    ]      Memory: Undo Object Allocation Succeeded                  0 / 2                 0 / 5                 0 / 5                 0 / 5           ops/s
[240.113s][info][gc,stats    ]      Memory: Undo Page Allocation                              1 / 3                 1 / 6                 1 / 6                 1 / 6           ops/s
[240.113s][info][gc,stats    ]       Phase: Concurrent Mark                              15.537 / 17.606       15.766 / 34.706       15.766 / 34.706       15.766 / 34.706      ms
[240.113s][info][gc,stats    ]       Phase: Concurrent Mark Continue                      0.000 / 0.000         0.000 / 0.000         0.000 / 0.000         0.000 / 0.000       ms
[240.113s][info][gc,stats    ]       Phase: Concurrent Mark Free                          0.001 / 0.002         0.001 / 0.002         0.001 / 0.002         0.001 / 0.002       ms
[240.113s][info][gc,stats    ]       Phase: Concurrent Process Non-Strong References      0.588 / 0.634         1.039 / 7.426         1.039 / 7.426         1.039 / 7.426       ms
[240.113s][info][gc,stats    ]       Phase: Concurrent Relocate                           3.406 / 3.682         3.627 / 12.244        3.627 / 12.244        3.627 / 12.244      ms
[240.113s][info][gc,stats    ]       Phase: Concurrent Reset Relocation Set               0.008 / 0.012         0.008 / 0.016         0.008 / 0.016         0.008 / 0.016       ms
[240.113s][info][gc,stats    ]       Phase: Concurrent Select Relocation Set              4.999 / 6.094         4.894 / 14.229        4.894 / 14.229        4.894 / 14.229      ms
[240.113s][info][gc,stats    ]       Phase: Pause Mark End                                0.021 / 0.023         0.021 / 0.027         0.021 / 0.027         0.021 / 0.027       ms
[240.113s][info][gc,stats    ]       Phase: Pause Mark Start                              0.016 / 0.018         0.017 / 0.029         0.017 / 0.029         0.017 / 0.029       ms
[240.113s][info][gc,stats    ]       Phase: Pause Relocate Start                          0.008 / 0.009         0.008 / 0.014         0.008 / 0.014         0.008 / 0.014       ms
[240.113s][info][gc,stats    ]    Subphase: Concurrent Classes Purge                      0.005 / 0.005         0.061 / 5.468         0.061 / 5.468         0.061 / 5.468       ms
[240.113s][info][gc,stats    ]    Subphase: Concurrent Classes Unlink                     0.259 / 0.268         0.629 / 5.860         0.629 / 5.860         0.629 / 5.860       ms
[240.113s][info][gc,stats    ]    Subphase: Concurrent Mark                              13.530 / 16.538       12.774 / 31.718       12.774 / 31.718       12.774 / 31.718      ms
[240.113s][info][gc,stats    ]    Subphase: Concurrent Mark Try Flush                     0.079 / 0.112         0.071 / 0.242         0.071 / 0.242         0.071 / 0.242       ms
[240.113s][info][gc,stats    ]    Subphase: Concurrent Mark Try Terminate                 8.680 / 14.386        7.464 / 17.080        7.464 / 17.080        7.464 / 17.080      ms
[240.113s][info][gc,stats    ]    Subphase: Concurrent References Enqueue                 0.000 / 0.001         0.001 / 0.005         0.001 / 0.005         0.001 / 0.005       ms
[240.113s][info][gc,stats    ]    Subphase: Concurrent References Process                 0.061 / 0.078         0.043 / 0.088         0.043 / 0.088         0.043 / 0.088       ms
[240.113s][info][gc,stats    ]    Subphase: Concurrent Roots ClassLoaderDataGraph         0.072 / 0.443         0.085 / 0.868         0.085 / 0.868         0.085 / 0.868       ms
[240.113s][info][gc,stats    ]    Subphase: Concurrent Roots CodeCache                    0.000 / 0.000         0.000 / 0.000         0.000 / 0.000         0.000 / 0.000       ms
[240.113s][info][gc,stats    ]    Subphase: Concurrent Roots JavaThreads                  0.545 / 1.005         0.534 / 2.549         0.534 / 2.549         0.534 / 2.549       ms
[240.114s][info][gc,stats    ]    Subphase: Concurrent Roots OopStorageSet                0.015 / 0.046         0.017 / 0.219         0.017 / 0.219         0.017 / 0.219       ms
[240.114s][info][gc,stats    ]    Subphase: Concurrent Weak Roots OopStorageSet           0.137 / 0.155         0.139 / 1.443         0.139 / 1.443         0.139 / 1.443       ms
[240.114s][info][gc,stats    ]    Subphase: Pause Mark Try Complete                       0.000 / 0.000         0.000 / 0.000         0.000 / 0.000         0.000 / 0.000       ms
[240.114s][info][gc,stats    ]      System: Java Threads                                     41 / 42               36 / 42               36 / 42               36 / 42          threads
[240.114s][info][gc,stats    ] =========================================================================================================================================================
[240.127s][info][gc,phases   ] GC(154) Concurrent Mark 15.032ms
[240.127s][info][gc,phases   ] GC(154) Pause Mark End 0.022ms
[240.128s][info][gc,phases   ] GC(154) Concurrent Mark Free 0.001ms
[240.128s][info][gc,phases   ] GC(154) Concurrent Process Non-Strong References 0.552ms
[240.128s][info][gc,phases   ] GC(154) Concurrent Reset Relocation Set 0.008ms
[240.134s][info][gc,phases   ] GC(154) Concurrent Select Relocation Set 6.032ms
[240.134s][info][gc,phases   ] GC(154) Pause Relocate Start 0.009ms
[240.138s][info][gc,phases   ] GC(154) Concurrent Relocate 3.546ms
[240.138s][info][gc,load     ] GC(154) Load: 0.00/0.00/0.00
[240.138s][info][gc,mmu      ] GC(154) MMU: 2ms/98.6%, 5ms/99.3%, 10ms/99.6%, 20ms/99.8%, 50ms/99.8%, 100ms/99.9%
[240.138s][info][gc,marking  ] GC(154) Mark: 8 stripe(s), 2 proactive flush(es), 1 terminate flush(es), 0 completion(s), 0 continuation(s) 
[240.138s][info][gc,marking  ] GC(154) Mark Stack Usage: 32M
[240.138s][info][gc,nmethod  ] GC(154) NMethods: 692 registered, 90 unregistered
[240.138s][info][gc,metaspace] GC(154) Metaspace: 9M used, 9M committed, 1088M reserved
[240.138s][info][gc,ref      ] GC(154) Soft: 214 encountered, 0 discovered, 0 enqueued
[240.138s][info][gc,ref      ] GC(154) Weak: 817 encountered, 12 discovered, 0 enqueued
[240.138s][info][gc,ref      ] GC(154) Final: 0 encountered, 0 discovered, 0 enqueued
[240.138s][info][gc,ref      ] GC(154) Phantom: 27 encountered, 17 discovered, 0 enqueued
[240.138s][info][gc,reloc    ] GC(154) Small Pages: 234 / 468M, Empty: 374M, Relocated: 3M, In-Place: 0
[240.138s][info][gc,reloc    ] GC(154) Medium Pages: 0 / 0M, Empty: 0M, Relocated: 0M, In-Place: 0
[240.138s][info][gc,reloc    ] GC(154) Large Pages: 0 / 0M, Empty: 0M, Relocated: 0M, In-Place: 0
[240.138s][info][gc,reloc    ] GC(154) Forwarding Usage: 1M
[240.138s][info][gc,heap     ] GC(154) Min Capacity: 8M(1%)
[240.139s][info][gc,heap     ] GC(154) Max Capacity: 1024M(100%)
[240.139s][info][gc,heap     ] GC(154) Soft Max Capacity: 1024M(100%)
[240.139s][info][gc,heap     ] GC(154)                Mark Start          Mark End        Relocate Start      Relocate End           High               Low         
[240.139s][info][gc,heap     ] GC(154)  Capacity:     1024M (100%)       1024M (100%)       1024M (100%)       1024M (100%)       1024M (100%)       1024M (100%)   
[240.139s][info][gc,heap     ] GC(154)      Free:      556M (54%)         550M (54%)         922M (90%)         990M (97%)         990M (97%)         550M (54%)    
[240.139s][info][gc,heap     ] GC(154)      Used:      468M (46%)         474M (46%)         102M (10%)          34M (3%)          474M (46%)          34M (3%)     
[240.139s][info][gc,heap     ] GC(154)      Live:         -                 6M (1%)            6M (1%)            6M (1%)             -                  -          
[240.139s][info][gc,heap     ] GC(154) Allocated:         -                 6M (1%)            8M (1%)            9M (1%)             -                  -          
[240.139s][info][gc,heap     ] GC(154)   Garbage:         -               461M (45%)          87M (9%)           17M (2%)             -                  -          
[240.139s][info][gc,heap     ] GC(154) Reclaimed:         -                  -               374M (37%)         443M (43%)            -                  -          
[240.139s][info][gc          ] GC(154) Garbage Collection (Proactive) 468M(46%)->34M(3%)
[240.821s][info][gc,start    ] GC(155) Garbage Collection (System.gc())
[240.821s][info][gc,task     ] GC(155) Using 10 workers
[240.822s][info][gc,phases   ] GC(155) Pause Mark Start 0.019ms
[240.830s][info][gc,phases   ] GC(155) Concurrent Mark 8.575ms
[240.830s][info][gc,phases   ] GC(155) Pause Mark End 0.018ms
[240.831s][info][gc,phases   ] GC(155) Concurrent Mark Free 0.001ms
[240.831s][info][gc,phases   ] GC(155) Concurrent Process Non-Strong References 0.547ms
[240.831s][info][gc,phases   ] GC(155) Concurrent Reset Relocation Set 0.008ms
[240.835s][info][gc,phases   ] GC(155) Concurrent Select Relocation Set 3.809ms
[240.835s][info][gc,phases   ] GC(155) Pause Relocate Start 0.005ms
[240.838s][info][gc,phases   ] GC(155) Concurrent Relocate 3.034ms
[240.838s][info][gc,load     ] GC(155) Load: 0.00/0.00/0.00
[240.838s][info][gc,mmu      ] GC(155) MMU: 2ms/98.6%, 5ms/99.3%, 10ms/99.6%, 20ms/99.8%, 50ms/99.8%, 100ms/99.9%
[240.838s][info][gc,marking  ] GC(155) Mark: 8 stripe(s), 2 proactive flush(es), 1 terminate flush(es), 0 completion(s), 0 continuation(s) 
[240.838s][info][gc,marking  ] GC(155) Mark Stack Usage: 32M
[240.838s][info][gc,nmethod  ] GC(155) NMethods: 692 registered, 91 unregistered
[240.838s][info][gc,metaspace] GC(155) Metaspace: 9M used, 9M committed, 1088M reserved
[240.838s][info][gc,ref      ] GC(155) Soft: 214 encountered, 0 discovered, 0 enqueued
[240.838s][info][gc,ref      ] GC(155) Weak: 817 encountered, 194 discovered, 0 enqueued
[240.838s][info][gc,ref      ] GC(155) Final: 0 encountered, 0 discovered, 0 enqueued
[240.838s][info][gc,ref      ] GC(155) Phantom: 27 encountered, 17 discovered, 0 enqueued
[240.839s][info][gc,reloc    ] GC(155) Small Pages: 126 / 252M, Empty: 234M, Relocated: 3M, In-Place: 0
[240.839s][info][gc,reloc    ] GC(155) Medium Pages: 0 / 0M, Empty: 0M, Relocated: 0M, In-Place: 0
[240.839s][info][gc,reloc    ] GC(155) Large Pages: 0 / 0M, Empty: 0M, Relocated: 0M, In-Place: 0
[240.839s][info][gc,reloc    ] GC(155) Forwarding Usage: 1M
[240.839s][info][gc,heap     ] GC(155) Min Capacity: 8M(1%)
[240.839s][info][gc,heap     ] GC(155) Max Capacity: 1024M(100%)
[240.839s][info][gc,heap     ] GC(155) Soft Max Capacity: 1024M(100%)
[240.839s][info][gc,heap     ] GC(155)                Mark Start          Mark End        Relocate Start      Relocate End           High               Low         
[240.839s][info][gc,heap     ] GC(155)  Capacity:     1024M (100%)       1024M (100%)       1024M (100%)       1024M (100%)       1024M (100%)       1024M (100%)   
[240.839s][info][gc,heap     ] GC(155)      Free:      772M (75%)         772M (75%)        1006M (98%)        1006M (98%)        1006M (98%)         772M (75%)    
[240.839s][info][gc,heap     ] GC(155)      Used:      252M (25%)         252M (25%)          18M (2%)           18M (2%)          252M (25%)          18M (2%)     
[240.839s][info][gc,heap     ] GC(155)      Live:         -                 4M (0%)            4M (0%)            4M (0%)             -                  -          
[240.839s][info][gc,heap     ] GC(155) Allocated:         -                 0M (0%)            0M (0%)            0M (0%)             -                  -          
[240.839s][info][gc,heap     ] GC(155)   Garbage:         -               247M (24%)          13M (1%)           13M (1%)             -                  -          
[240.839s][info][gc,heap     ] GC(155) Reclaimed:         -                  -               234M (23%)         234M (23%)            -                  -          
[240.839s][info][gc          ] GC(155) Garbage Collection (System.gc()) 252M(25%)->18M(2%)
[242.501s][info][gc,start    ] GC(156) Garbage Collection (Proactive)
[242.501s][info][gc,task     ] GC(156) Using 10 workers
[242.502s][info][gc,phases   ] GC(156) Pause Mark Start 0.020ms
[242.524s][info][gc,phases   ] GC(156) Concurrent Mark 22.775ms
[242.525s][info][gc,phases   ] GC(156) Pause Mark End 0.025ms
[242.525s][info][gc,phases   ] GC(156) Concurrent Mark Free 0.001ms
[242.525s][info][gc,phases   ] GC(156) Concurrent Process Non-Strong References 0.566ms
[242.525s][info][gc,phases   ] GC(156) Concurrent Reset Relocation Set 0.002ms
[242.532s][info][gc,phases   ] GC(156) Concurrent Select Relocation Set 6.084ms
[242.532s][info][gc,phases   ] GC(156) Pause Relocate Start 0.007ms
[242.535s][info][gc,phases   ] GC(156) Concurrent Relocate 3.482ms
[242.535s][info][gc,load     ] GC(156) Load: 0.00/0.00/0.00
[242.535s][info][gc,mmu      ] GC(156) MMU: 2ms/98.6%, 5ms/99.3%, 10ms/99.6%, 20ms/99.8%, 50ms/99.8%, 100ms/99.9%
[242.535s][info][gc,marking  ] GC(156) Mark: 8 stripe(s), 2 proactive flush(es), 1 terminate flush(es), 0 completion(s), 0 continuation(s) 
[242.535s][info][gc,marking  ] GC(156) Mark Stack Usage: 32M
[242.535s][info][gc,nmethod  ] GC(156) NMethods: 692 registered, 91 unregistered
[242.535s][info][gc,metaspace] GC(156) Metaspace: 9M used, 9M committed, 1088M reserved
[242.535s][info][gc,ref      ] GC(156) Soft: 214 encountered, 0 discovered, 0 enqueued
[242.535s][info][gc,ref      ] GC(156) Weak: 817 encountered, 63 discovered, 0 enqueued
[242.536s][info][gc,ref      ] GC(156) Final: 0 encountered, 0 discovered, 0 enqueued
[242.536s][info][gc,ref      ] GC(156) Phantom: 27 encountered, 19 discovered, 0 enqueued
[242.536s][info][gc,reloc    ] GC(156) Small Pages: 272 / 544M, Empty: 370M, Relocated: 3M, In-Place: 0
[242.536s][info][gc,reloc    ] GC(156) Medium Pages: 0 / 0M, Empty: 0M, Relocated: 0M, In-Place: 0
[242.536s][info][gc,reloc    ] GC(156) Large Pages: 0 / 0M, Empty: 0M, Relocated: 0M, In-Place: 0
[242.536s][info][gc,reloc    ] GC(156) Forwarding Usage: 1M
[242.536s][info][gc,heap     ] GC(156) Min Capacity: 8M(1%)
[242.536s][info][gc,heap     ] GC(156) Max Capacity: 1024M(100%)
[242.536s][info][gc,heap     ] GC(156) Soft Max Capacity: 1024M(100%)
[242.536s][info][gc,heap     ] GC(156)                Mark Start          Mark End        Relocate Start      Relocate End           High               Low         
[242.536s][info][gc,heap     ] GC(156)  Capacity:     1024M (100%)       1024M (100%)       1024M (100%)       1024M (100%)       1024M (100%)       1024M (100%)   
[242.536s][info][gc,heap     ] GC(156)      Free:      480M (47%)         472M (46%)         840M (82%)         988M (96%)         988M (96%)         472M (46%)    
[242.536s][info][gc,heap     ] GC(156)      Used:      544M (53%)         552M (54%)         184M (18%)          36M (4%)          552M (54%)          36M (4%)     
[242.536s][info][gc,heap     ] GC(156)      Live:         -                 6M (1%)            6M (1%)            6M (1%)             -                  -          
[242.536s][info][gc,heap     ] GC(156) Allocated:         -                 8M (1%)           10M (1%)           11M (1%)             -                  -          
[242.536s][info][gc,heap     ] GC(156)   Garbage:         -               537M (52%)         167M (16%)          17M (2%)             -                  -          
[242.536s][info][gc,heap     ] GC(156) Reclaimed:         -                  -               370M (36%)         519M (51%)            -                  -          
[242.536s][info][gc          ] GC(156) Garbage Collection (Proactive) 544M(53%)->36M(4%)
[244.906s][info][gc,start    ] GC(157) Garbage Collection (Allocation Rate)
[244.906s][info][gc,task     ] GC(157) Using 1 workers
[244.906s][info][gc,phases   ] GC(157) Pause Mark Start 0.017ms
[244.935s][info][gc,phases   ] GC(157) Concurrent Mark 28.989ms
[244.935s][info][gc,phases   ] GC(157) Pause Mark End 0.018ms
[244.936s][info][gc,phases   ] GC(157) Concurrent Mark Free 0.001ms
[244.939s][info][gc,phases   ] GC(157) Concurrent Process Non-Strong References 3.112ms
[244.939s][info][gc,phases   ] GC(157) Concurrent Reset Relocation Set 0.015ms
[244.943s][info][gc,phases   ] GC(157) Concurrent Select Relocation Set 4.060ms
[244.943s][info][gc,phases   ] GC(157) Pause Relocate Start 0.008ms
[244.951s][info][gc,phases   ] GC(157) Concurrent Relocate 8.192ms
[244.951s][info][gc,load     ] GC(157) Load: 0.00/0.00/0.00
[244.951s][info][gc,mmu      ] GC(157) MMU: 2ms/98.6%, 5ms/99.3%, 10ms/99.6%, 20ms/99.8%, 50ms/99.8%, 100ms/99.9%
[244.951s][info][gc,marking  ] GC(157) Mark: 1 stripe(s), 2 proactive flush(es), 1 terminate flush(es), 0 completion(s), 0 continuation(s) 
[244.951s][info][gc,marking  ] GC(157) Mark Stack Usage: 32M
[244.951s][info][gc,nmethod  ] GC(157) NMethods: 692 registered, 91 unregistered
[244.951s][info][gc,metaspace] GC(157) Metaspace: 9M used, 9M committed, 1088M reserved
[244.952s][info][gc,ref      ] GC(157) Soft: 214 encountered, 0 discovered, 0 enqueued
[244.952s][info][gc,ref      ] GC(157) Weak: 817 encountered, 190 discovered, 0 enqueued
[244.952s][info][gc,ref      ] GC(157) Final: 0 encountered, 0 discovered, 0 enqueued
[244.952s][info][gc,ref      ] GC(157) Phantom: 27 encountered, 25 discovered, 0 enqueued
[244.952s][info][gc,reloc    ] GC(157) Small Pages: 401 / 802M, Empty: 700M, Relocated: 3M, In-Place: 0
[244.952s][info][gc,reloc    ] GC(157) Medium Pages: 0 / 0M, Empty: 0M, Relocated: 0M, In-Place: 0
[244.952s][info][gc,reloc    ] GC(157) Large Pages: 0 / 0M, Empty: 0M, Relocated: 0M, In-Place: 0
[244.952s][info][gc,reloc    ] GC(157) Forwarding Usage: 1M
[244.952s][info][gc,heap     ] GC(157) Min Capacity: 8M(1%)
[244.952s][info][gc,heap     ] GC(157) Max Capacity: 1024M(100%)
[244.952s][info][gc,heap     ] GC(157) Soft Max Capacity: 1024M(100%)
[244.952s][info][gc,heap     ] GC(157)                Mark Start          Mark End        Relocate Start      Relocate End           High               Low         
[244.952s][info][gc,heap     ] GC(157)  Capacity:     1024M (100%)       1024M (100%)       1024M (100%)       1024M (100%)       1024M (100%)       1024M (100%)   
[244.952s][info][gc,heap     ] GC(157)      Free:      222M (22%)         212M (21%)         910M (89%)        1000M (98%)        1002M (98%)         210M (21%)    
[244.952s][info][gc,heap     ] GC(157)      Used:      802M (78%)         812M (79%)         114M (11%)          24M (2%)          814M (79%)          22M (2%)     
[244.952s][info][gc,heap     ] GC(157)      Live:         -                 6M (1%)            6M (1%)            6M (1%)             -                  -          
[244.952s][info][gc,heap     ] GC(157) Allocated:         -                10M (1%)           12M (1%)           15M (2%)             -                  -          
[244.952s][info][gc,heap     ] GC(157)   Garbage:         -               795M (78%)          95M (9%)            1M (0%)             -                  -          
[244.952s][info][gc,heap     ] GC(157) Reclaimed:         -                  -               700M (68%)         793M (78%)            -                  -          
[244.952s][info][gc          ] GC(157) Garbage Collection (Allocation Rate) 802M(78%)->24M(2%)
[247.412s][info][gc,start    ] GC(158) Garbage Collection (Allocation Rate)
[247.412s][info][gc,task     ] GC(158) Using 1 workers
[247.412s][info][gc,phases   ] GC(158) Pause Mark Start 0.019ms
[247.441s][info][gc,phases   ] GC(158) Concurrent Mark 28.716ms
[247.441s][info][gc,phases   ] GC(158) Pause Mark End 0.018ms
[247.441s][info][gc,phases   ] GC(158) Concurrent Mark Free 0.001ms
[247.444s][info][gc,phases   ] GC(158) Concurrent Process Non-Strong References 3.136ms
[247.445s][info][gc,phases   ] GC(158) Concurrent Reset Relocation Set 0.009ms
[247.449s][info][gc,phases   ] GC(158) Concurrent Select Relocation Set 4.033ms
[247.449s][info][gc,phases   ] GC(158) Pause Relocate Start 0.009ms
[247.455s][info][gc,phases   ] GC(158) Concurrent Relocate 5.930ms
[247.455s][info][gc,load     ] GC(158) Load: 0.00/0.00/0.00
[247.455s][info][gc,mmu      ] GC(158) MMU: 2ms/98.6%, 5ms/99.3%, 10ms/99.6%, 20ms/99.8%, 50ms/99.8%, 100ms/99.9%
[247.455s][info][gc,marking  ] GC(158) Mark: 1 stripe(s), 2 proactive flush(es), 1 terminate flush(es), 0 completion(s), 0 continuation(s) 
[247.455s][info][gc,marking  ] GC(158) Mark Stack Usage: 32M
[247.455s][info][gc,nmethod  ] GC(158) NMethods: 692 registered, 91 unregistered
[247.455s][info][gc,metaspace] GC(158) Metaspace: 9M used, 9M committed, 1088M reserved
[247.455s][info][gc,ref      ] GC(158) Soft: 214 encountered, 0 discovered, 0 enqueued
[247.455s][info][gc,ref      ] GC(158) Weak: 817 encountered, 190 discovered, 0 enqueued
[247.455s][info][gc,ref      ] GC(158) Final: 0 encountered, 0 discovered, 0 enqueued
[247.455s][info][gc,ref      ] GC(158) Phantom: 27 encountered, 25 discovered, 0 enqueued
[247.455s][info][gc,reloc    ] GC(158) Small Pages: 407 / 814M, Empty: 738M, Relocated: 3M, In-Place: 0
[247.455s][info][gc,reloc    ] GC(158) Medium Pages: 0 / 0M, Empty: 0M, Relocated: 0M, In-Place: 0
[247.455s][info][gc,reloc    ] GC(158) Large Pages: 0 / 0M, Empty: 0M, Relocated: 0M, In-Place: 0
[247.455s][info][gc,reloc    ] GC(158) Forwarding Usage: 1M
[247.455s][info][gc,heap     ] GC(158) Min Capacity: 8M(1%)
[247.455s][info][gc,heap     ] GC(158) Max Capacity: 1024M(100%)
[247.455s][info][gc,heap     ] GC(158) Soft Max Capacity: 1024M(100%)
[247.455s][info][gc,heap     ] GC(158)                Mark Start          Mark End        Relocate Start      Relocate End           High               Low         
[247.455s][info][gc,heap     ] GC(158)  Capacity:     1024M (100%)       1024M (100%)       1024M (100%)       1024M (100%)       1024M (100%)       1024M (100%)   
[247.455s][info][gc,heap     ] GC(158)      Free:      210M (21%)         200M (20%)         936M (91%)        1002M (98%)        1002M (98%)         198M (19%)    
[247.455s][info][gc,heap     ] GC(158)      Used:      814M (79%)         824M (80%)          88M (9%)           22M (2%)          826M (81%)          22M (2%)     
[247.456s][info][gc,heap     ] GC(158)      Live:         -                 6M (1%)            6M (1%)            6M (1%)             -                  -          
[247.456s][info][gc,heap     ] GC(158) Allocated:         -                10M (1%)           12M (1%)           13M (1%)             -                  -          
[247.456s][info][gc,heap     ] GC(158)   Garbage:         -               807M (79%)          69M (7%)            1M (0%)             -                  -          
[247.456s][info][gc,heap     ] GC(158) Reclaimed:         -                  -               738M (72%)         805M (79%)            -                  -          
[247.456s][info][gc          ] GC(158) Garbage Collection (Allocation Rate) 814M(79%)->22M(2%)
[247.629s][info][gc,start    ] GC(159) Garbage Collection (System.gc())
[247.629s][info][gc,task     ] GC(159) Using 10 workers
[247.629s][info][gc,phases   ] GC(159) Pause Mark Start 0.017ms
[247.646s][info][gc,phases   ] GC(159) Concurrent Mark 16.362ms
[247.646s][info][gc,phases   ] GC(159) Pause Mark End 0.017ms
[247.646s][info][gc,phases   ] GC(159) Concurrent Mark Free 0.001ms
[247.647s][info][gc,phases   ] GC(159) Concurrent Process Non-Strong References 0.532ms
[247.647s][info][gc,phases   ] GC(159) Concurrent Reset Relocation Set 0.006ms
[247.650s][info][gc,phases   ] GC(159) Concurrent Select Relocation Set 3.735ms
[247.651s][info][gc,phases   ] GC(159) Pause Relocate Start 0.006ms
[247.654s][info][gc,phases   ] GC(159) Concurrent Relocate 3.000ms
[247.654s][info][gc,load     ] GC(159) Load: 0.00/0.00/0.00
[247.654s][info][gc,mmu      ] GC(159) MMU: 2ms/98.6%, 5ms/99.3%, 10ms/99.6%, 20ms/99.8%, 50ms/99.8%, 100ms/99.9%
[247.654s][info][gc,marking  ] GC(159) Mark: 8 stripe(s), 1 proactive flush(es), 1 terminate flush(es), 0 completion(s), 0 continuation(s) 
[247.654s][info][gc,marking  ] GC(159) Mark Stack Usage: 32M
[247.654s][info][gc,nmethod  ] GC(159) NMethods: 692 registered, 91 unregistered
[247.654s][info][gc,metaspace] GC(159) Metaspace: 9M used, 9M committed, 1088M reserved
[247.654s][info][gc,ref      ] GC(159) Soft: 214 encountered, 0 discovered, 0 enqueued
[247.654s][info][gc,ref      ] GC(159) Weak: 817 encountered, 21 discovered, 0 enqueued
[247.654s][info][gc,ref      ] GC(159) Final: 0 encountered, 0 discovered, 0 enqueued
[247.654s][info][gc,ref      ] GC(159) Phantom: 27 encountered, 15 discovered, 0 enqueued
[247.654s][info][gc,reloc    ] GC(159) Small Pages: 41 / 82M, Empty: 68M, Relocated: 3M, In-Place: 0
[247.654s][info][gc,reloc    ] GC(159) Medium Pages: 0 / 0M, Empty: 0M, Relocated: 0M, In-Place: 0
[247.654s][info][gc,reloc    ] GC(159) Large Pages: 0 / 0M, Empty: 0M, Relocated: 0M, In-Place: 0
[247.654s][info][gc,reloc    ] GC(159) Forwarding Usage: 1M
[247.654s][info][gc,heap     ] GC(159) Min Capacity: 8M(1%)
[247.654s][info][gc,heap     ] GC(159) Max Capacity: 1024M(100%)
[247.654s][info][gc,heap     ] GC(159) Soft Max Capacity: 1024M(100%)
[247.654s][info][gc,heap     ] GC(159)                Mark Start          Mark End        Relocate Start      Relocate End           High               Low         
[247.654s][info][gc,heap     ] GC(159)  Capacity:     1024M (100%)       1024M (100%)       1024M (100%)       1024M (100%)       1024M (100%)       1024M (100%)   
[247.654s][info][gc,heap     ] GC(159)      Free:      942M (92%)         942M (92%)        1010M (99%)        1010M (99%)        1010M (99%)         942M (92%)    
[247.654s][info][gc,heap     ] GC(159)      Used:       82M (8%)           82M (8%)           14M (1%)           14M (1%)           82M (8%)           14M (1%)     
[247.654s][info][gc,heap     ] GC(159)      Live:         -                 4M (0%)            4M (0%)            4M (0%)             -                  -          
[247.654s][info][gc,heap     ] GC(159) Allocated:         -                 0M (0%)            0M (0%)            0M (0%)             -                  -          
[247.654s][info][gc,heap     ] GC(159)   Garbage:         -                77M (8%)            9M (1%)            9M (1%)             -                  -          
[247.654s][info][gc,heap     ] GC(159) Reclaimed:         -                  -                68M (7%)           68M (7%)             -                  -          
[247.654s][info][gc          ] GC(159) Garbage Collection (System.gc()) 82M(8%)->14M(1%)
[249.907s][info][gc,start    ] GC(160) Garbage Collection (Proactive)
[249.907s][info][gc,task     ] GC(160) Using 10 workers
[249.908s][info][gc,phases   ] GC(160) Pause Mark Start 0.018ms
[249.923s][info][gc,phases   ] GC(160) Concurrent Mark 15.209ms
[249.923s][info][gc,phases   ] GC(160) Pause Mark End 0.024ms
[249.923s][info][gc,phases   ] GC(160) Concurrent Mark Free 0.002ms
[249.924s][info][gc,phases   ] GC(160) Concurrent Process Non-Strong References 0.557ms
[249.924s][info][gc,phases   ] GC(160) Concurrent Reset Relocation Set 0.002ms
[249.930s][info][gc,phases   ] GC(160) Concurrent Select Relocation Set 5.885ms
[249.930s][info][gc,phases   ] GC(160) Pause Relocate Start 0.010ms
[249.933s][info][gc,phases   ] GC(160) Concurrent Relocate 3.053ms
[249.933s][info][gc,load     ] GC(160) Load: 0.00/0.00/0.00
[249.933s][info][gc,mmu      ] GC(160) MMU: 2ms/98.6%, 5ms/99.3%, 10ms/99.6%, 20ms/99.8%, 50ms/99.8%, 100ms/99.9%
[249.933s][info][gc,marking  ] GC(160) Mark: 8 stripe(s), 2 proactive flush(es), 1 terminate flush(es), 0 completion(s), 0 continuation(s) 
[249.933s][info][gc,marking  ] GC(160) Mark Stack Usage: 32M
[249.933s][info][gc,nmethod  ] GC(160) NMethods: 693 registered, 91 unregistered
[249.933s][info][gc,metaspace] GC(160) Metaspace: 9M used, 9M committed, 1088M reserved
[249.933s][info][gc,ref      ] GC(160) Soft: 214 encountered, 0 discovered, 0 enqueued
[249.933s][info][gc,ref      ] GC(160) Weak: 817 encountered, 13 discovered, 0 enqueued
[249.933s][info][gc,ref      ] GC(160) Final: 0 encountered, 0 discovered, 0 enqueued
[249.933s][info][gc,ref      ] GC(160) Phantom: 27 encountered, 19 discovered, 0 enqueued
[249.934s][info][gc,reloc    ] GC(160) Small Pages: 381 / 762M, Empty: 618M, Relocated: 3M, In-Place: 0
[249.934s][info][gc,reloc    ] GC(160) Medium Pages: 0 / 0M, Empty: 0M, Relocated: 0M, In-Place: 0
[249.934s][info][gc,reloc    ] GC(160) Large Pages: 0 / 0M, Empty: 0M, Relocated: 0M, In-Place: 0
[249.934s][info][gc,reloc    ] GC(160) Forwarding Usage: 1M
[249.934s][info][gc,heap     ] GC(160) Min Capacity: 8M(1%)
[249.934s][info][gc,heap     ] GC(160) Max Capacity: 1024M(100%)
[249.934s][info][gc,heap     ] GC(160) Soft Max Capacity: 1024M(100%)
[249.934s][info][gc,heap     ] GC(160)                Mark Start          Mark End        Relocate Start      Relocate End           High               Low         
[249.934s][info][gc,heap     ] GC(160)  Capacity:     1024M (100%)       1024M (100%)       1024M (100%)       1024M (100%)       1024M (100%)       1024M (100%)   
[249.934s][info][gc,heap     ] GC(160)      Free:      262M (26%)         256M (25%)         872M (85%)         992M (97%)         992M (97%)         256M (25%)    
[249.934s][info][gc,heap     ] GC(160)      Used:      762M (74%)         768M (75%)         152M (15%)          32M (3%)          768M (75%)          32M (3%)     
[249.934s][info][gc,heap     ] GC(160)      Live:         -                 6M (1%)            6M (1%)            6M (1%)             -                  -          
[249.934s][info][gc,heap     ] GC(160) Allocated:         -                 6M (1%)            8M (1%)            7M (1%)             -                  -          
[249.934s][info][gc,heap     ] GC(160)   Garbage:         -               755M (74%)         137M (13%)          17M (2%)             -                  -          
[249.934s][info][gc,heap     ] GC(160) Reclaimed:         -                  -               618M (60%)         737M (72%)            -                  -          
[249.934s][info][gc          ] GC(160) Garbage Collection (Proactive) 762M(74%)->32M(3%)
[250.110s][info][gc,stats    ] === Garbage Collection Statistics =======================================================================================================================
[250.111s][info][gc,stats    ]                                                              Last 10s              Last 10m              Last 10h                Total
[250.111s][info][gc,stats    ]                                                              Avg / Max             Avg / Max             Avg / Max             Avg / Max
[250.111s][info][gc,stats    ]   Collector: Garbage Collection Cycle                     30.911 / 45.453       27.169 / 78.390       27.169 / 78.390       27.169 / 78.390      ms
[250.111s][info][gc,stats    ]  Contention: Mark Segment Reset Contention                     0 / 3                 0 / 8                 0 / 8                 0 / 8           ops/s
[250.111s][info][gc,stats    ]  Contention: Mark SeqNum Reset Contention                      0 / 2                 0 / 3                 0 / 3                 0 / 3           ops/s
[250.111s][info][gc,stats    ]    Critical: Allocation Stall                                  0 / 0                 0 / 0                 0 / 0                 0 / 0           ops/s
[250.111s][info][gc,stats    ]    Critical: Allocation Stall                              0.000 / 0.000         0.000 / 0.000         0.000 / 0.000         0.000 / 0.000       ms
[250.111s][info][gc,stats    ]    Critical: GC Locker Stall                                   0 / 0                 0 / 0                 0 / 0                 0 / 0           ops/s
[250.111s][info][gc,stats    ]    Critical: GC Locker Stall                               0.000 / 0.000         0.000 / 0.000         0.000 / 0.000         0.000 / 0.000       ms
[250.111s][info][gc,stats    ]    Critical: Relocation Stall                                  0 / 0                 0 / 0                 0 / 0                 0 / 0           ops/s
[250.111s][info][gc,stats    ]    Critical: Relocation Stall                              0.000 / 0.000         0.000 / 0.000         0.000 / 0.000         0.000 / 0.000       ms
[250.111s][info][gc,stats    ]      Memory: Allocation Rate                                 326 / 338             321 / 348             321 / 348             321 / 348         MB/s
[250.111s][info][gc,stats    ]      Memory: Defragment                                        0 / 0                 0 / 0                 0 / 0                 0 / 0           ops/s
[250.111s][info][gc,stats    ]      Memory: Out Of Memory                                     0 / 0                 0 / 0                 0 / 0                 0 / 0           ops/s
[250.111s][info][gc,stats    ]      Memory: Page Cache Flush                                  0 / 0                 0 / 0                 0 / 0                 0 / 0           MB/s
[250.111s][info][gc,stats    ]      Memory: Page Cache Hit L1                               168 / 178             164 / 182             164 / 182             164 / 182         ops/s
[250.111s][info][gc,stats    ]      Memory: Page Cache Hit L2                                 0 / 0                 0 / 0                 0 / 0                 0 / 0           ops/s
[250.111s][info][gc,stats    ]      Memory: Page Cache Hit L3                                 0 / 0                 1 / 103               1 / 103               1 / 103         ops/s
[250.111s][info][gc,stats    ]      Memory: Page Cache Miss                                   0 / 0                 0 / 1                 0 / 1                 0 / 1           ops/s
[250.111s][info][gc,stats    ]      Memory: Uncommit                                          0 / 0                 0 / 0                 0 / 0                 0 / 0           MB/s
[250.111s][info][gc,stats    ]      Memory: Undo Object Allocation Failed                     0 / 1                 0 / 6                 0 / 6                 0 / 6           ops/s
[250.111s][info][gc,stats    ]      Memory: Undo Object Allocation Succeeded                  0 / 3                 0 / 5                 0 / 5                 0 / 5           ops/s
[250.111s][info][gc,stats    ]      Memory: Undo Page Allocation                              1 / 5                 1 / 6                 1 / 6                 1 / 6           ops/s
[250.111s][info][gc,stats    ]       Phase: Concurrent Mark                              19.380 / 28.989       15.924 / 34.706       15.924 / 34.706       15.924 / 34.706      ms
[250.111s][info][gc,stats    ]       Phase: Concurrent Mark Continue                      0.000 / 0.000         0.000 / 0.000         0.000 / 0.000         0.000 / 0.000       ms
[250.111s][info][gc,stats    ]       Phase: Concurrent Mark Free                          0.001 / 0.002         0.001 / 0.002         0.001 / 0.002         0.001 / 0.002       ms
[250.111s][info][gc,stats    ]       Phase: Concurrent Process Non-Strong References      1.286 / 3.136         1.050 / 7.426         1.050 / 7.426         1.050 / 7.426       ms
[250.111s][info][gc,stats    ]       Phase: Concurrent Relocate                           4.320 / 8.192         3.657 / 12.244        3.657 / 12.244        3.657 / 12.244      ms
[250.111s][info][gc,stats    ]       Phase: Concurrent Reset Relocation Set               0.007 / 0.015         0.008 / 0.016         0.008 / 0.016         0.008 / 0.016       ms
[250.112s][info][gc,stats    ]       Phase: Concurrent Select Relocation Set              4.805 / 6.084         4.891 / 14.229        4.891 / 14.229        4.891 / 14.229      ms
[250.112s][info][gc,stats    ]       Phase: Pause Mark End                                0.020 / 0.025         0.021 / 0.027         0.021 / 0.027         0.021 / 0.027       ms
[250.112s][info][gc,stats    ]       Phase: Pause Mark Start                              0.018 / 0.020         0.017 / 0.029         0.017 / 0.029         0.017 / 0.029       ms
[250.112s][info][gc,stats    ]       Phase: Pause Relocate Start                          0.008 / 0.010         0.008 / 0.014         0.008 / 0.014         0.008 / 0.014       ms
[250.112s][info][gc,stats    ]    Subphase: Concurrent Classes Purge                      0.006 / 0.018         0.058 / 5.468         0.058 / 5.468         0.058 / 5.468       ms
[250.112s][info][gc,stats    ]    Subphase: Concurrent Classes Unlink                     0.681 / 1.762         0.632 / 5.860         0.632 / 5.860         0.632 / 5.860       ms
[250.112s][info][gc,stats    ]    Subphase: Concurrent Mark                              13.783 / 26.373       12.809 / 31.718       12.809 / 31.718       12.809 / 31.718      ms
[250.112s][info][gc,stats    ]    Subphase: Concurrent Mark Try Flush                     0.072 / 0.106         0.071 / 0.242         0.071 / 0.242         0.071 / 0.242       ms
[250.112s][info][gc,stats    ]    Subphase: Concurrent Mark Try Terminate                 7.543 / 16.569        7.467 / 17.080        7.467 / 17.080        7.467 / 17.080      ms
[250.112s][info][gc,stats    ]    Subphase: Concurrent References Enqueue                 0.000 / 0.001         0.001 / 0.005         0.001 / 0.005         0.001 / 0.005       ms
[250.112s][info][gc,stats    ]    Subphase: Concurrent References Process                 0.044 / 0.055         0.043 / 0.088         0.043 / 0.088         0.043 / 0.088       ms
[250.112s][info][gc,stats    ]    Subphase: Concurrent Roots ClassLoaderDataGraph         0.109 / 0.480         0.086 / 0.868         0.086 / 0.868         0.086 / 0.868       ms
[250.112s][info][gc,stats    ]    Subphase: Concurrent Roots CodeCache                    0.000 / 0.000         0.000 / 0.000         0.000 / 0.000         0.000 / 0.000       ms
[250.112s][info][gc,stats    ]    Subphase: Concurrent Roots JavaThreads                  0.633 / 2.230         0.537 / 2.549         0.537 / 2.549         0.537 / 2.549       ms
[250.112s][info][gc,stats    ]    Subphase: Concurrent Roots OopStorageSet                0.017 / 0.064         0.017 / 0.219         0.017 / 0.219         0.017 / 0.219       ms
[250.112s][info][gc,stats    ]    Subphase: Concurrent Weak Roots OopStorageSet           0.173 / 1.217         0.141 / 1.443         0.141 / 1.443         0.141 / 1.443       ms
[250.112s][info][gc,stats    ]    Subphase: Pause Mark Try Complete                       0.000 / 0.000         0.000 / 0.000         0.000 / 0.000         0.000 / 0.000       ms
[250.112s][info][gc,stats    ]      System: Java Threads                                     40 / 40               36 / 42               36 / 42               36 / 42          threads
[250.112s][info][gc,stats    ] =========================================================================================================================================================
[252.006s][info][gc,start    ] GC(161) Garbage Collection (Proactive)
[252.006s][info][gc,task     ] GC(161) Using 10 workers
[252.006s][info][gc,phases   ] GC(161) Pause Mark Start 0.018ms
[252.021s][info][gc,phases   ] GC(161) Concurrent Mark 15.176ms
[252.021s][info][gc,phases   ] GC(161) Pause Mark End 0.019ms
[252.021s][info][gc,phases   ] GC(161) Concurrent Mark Free 0.002ms
[252.022s][info][gc,phases   ] GC(161) Concurrent Process Non-Strong References 0.583ms
[252.022s][info][gc,phases   ] GC(161) Concurrent Reset Relocation Set 0.011ms
[252.026s][info][gc,phases   ] GC(161) Concurrent Select Relocation Set 3.930ms
[252.026s][info][gc,phases   ] GC(161) Pause Relocate Start 0.009ms
[252.031s][info][gc,phases   ] GC(161) Concurrent Relocate 4.379ms
[252.031s][info][gc,load     ] GC(161) Load: 0.00/0.00/0.00
[252.031s][info][gc,mmu      ] GC(161) MMU: 2ms/98.6%, 5ms/99.3%, 10ms/99.6%, 20ms/99.8%, 50ms/99.8%, 100ms/99.9%
[252.031s][info][gc,marking  ] GC(161) Mark: 8 stripe(s), 3 proactive flush(es), 1 terminate flush(es), 0 completion(s), 0 continuation(s) 
[252.031s][info][gc,marking  ] GC(161) Mark Stack Usage: 32M
[252.031s][info][gc,nmethod  ] GC(161) NMethods: 693 registered, 91 unregistered
[252.031s][info][gc,metaspace] GC(161) Metaspace: 9M used, 9M committed, 1088M reserved
[252.031s][info][gc,ref      ] GC(161) Soft: 214 encountered, 0 discovered, 0 enqueued
[252.031s][info][gc,ref      ] GC(161) Weak: 817 encountered, 12 discovered, 0 enqueued
[252.031s][info][gc,ref      ] GC(161) Final: 0 encountered, 0 discovered, 0 enqueued
[252.031s][info][gc,ref      ] GC(161) Phantom: 27 encountered, 20 discovered, 0 enqueued
[252.031s][info][gc,reloc    ] GC(161) Small Pages: 354 / 708M, Empty: 610M, Relocated: 3M, In-Place: 0
[252.031s][info][gc,reloc    ] GC(161) Medium Pages: 0 / 0M, Empty: 0M, Relocated: 0M, In-Place: 0
[252.031s][info][gc,reloc    ] GC(161) Large Pages: 0 / 0M, Empty: 0M, Relocated: 0M, In-Place: 0
[252.031s][info][gc,reloc    ] GC(161) Forwarding Usage: 1M
[252.031s][info][gc,heap     ] GC(161) Min Capacity: 8M(1%)
[252.031s][info][gc,heap     ] GC(161) Max Capacity: 1024M(100%)
[252.031s][info][gc,heap     ] GC(161) Soft Max Capacity: 1024M(100%)
[252.031s][info][gc,heap     ] GC(161)                Mark Start          Mark End        Relocate Start      Relocate End           High               Low         
[252.031s][info][gc,heap     ] GC(161)  Capacity:     1024M (100%)       1024M (100%)       1024M (100%)       1024M (100%)       1024M (100%)       1024M (100%)   
[252.031s][info][gc,heap     ] GC(161)      Free:      316M (31%)         310M (30%)         918M (90%)         990M (97%)         990M (97%)         310M (30%)    
[252.031s][info][gc,heap     ] GC(161)      Used:      708M (69%)         714M (70%)         106M (10%)          34M (3%)          714M (70%)          34M (3%)     
[252.031s][info][gc,heap     ] GC(161)      Live:         -                 6M (1%)            6M (1%)            6M (1%)             -                  -          
[252.031s][info][gc,heap     ] GC(161) Allocated:         -                 6M (1%)            8M (1%)            9M (1%)             -                  -          
[252.031s][info][gc,heap     ] GC(161)   Garbage:         -               701M (69%)          91M (9%)           17M (2%)             -                  -          
[252.031s][info][gc,heap     ] GC(161) Reclaimed:         -                  -               610M (60%)         683M (67%)            -                  -          
[252.032s][info][gc          ] GC(161) Garbage Collection (Proactive) 708M(69%)->34M(3%)
[253.807s][info][gc,start    ] GC(162) Garbage Collection (Proactive)
[253.807s][info][gc,task     ] GC(162) Using 10 workers
[253.807s][info][gc,phases   ] GC(162) Pause Mark Start 0.017ms
[253.823s][info][gc,phases   ] GC(162) Concurrent Mark 15.155ms
[253.823s][info][gc,phases   ] GC(162) Pause Mark End 0.023ms
[253.823s][info][gc,phases   ] GC(162) Concurrent Mark Free 0.002ms
[253.824s][info][gc,phases   ] GC(162) Concurrent Process Non-Strong References 0.590ms
[253.824s][info][gc,phases   ] GC(162) Concurrent Reset Relocation Set 0.008ms
[253.830s][info][gc,phases   ] GC(162) Concurrent Select Relocation Set 5.904ms
[253.830s][info][gc,phases   ] GC(162) Pause Relocate Start 0.008ms
[253.834s][info][gc,phases   ] GC(162) Concurrent Relocate 4.440ms
[253.834s][info][gc,load     ] GC(162) Load: 0.00/0.00/0.00
[253.834s][info][gc,mmu      ] GC(162) MMU: 2ms/98.6%, 5ms/99.3%, 10ms/99.6%, 20ms/99.8%, 50ms/99.8%, 100ms/99.9%
[253.834s][info][gc,marking  ] GC(162) Mark: 8 stripe(s), 2 proactive flush(es), 1 terminate flush(es), 0 completion(s), 0 continuation(s) 
[253.834s][info][gc,marking  ] GC(162) Mark Stack Usage: 32M
[253.834s][info][gc,nmethod  ] GC(162) NMethods: 693 registered, 91 unregistered
[253.834s][info][gc,metaspace] GC(162) Metaspace: 9M used, 9M committed, 1088M reserved
[253.835s][info][gc,ref      ] GC(162) Soft: 214 encountered, 0 discovered, 0 enqueued
[253.835s][info][gc,ref      ] GC(162) Weak: 817 encountered, 145 discovered, 0 enqueued
[253.835s][info][gc,ref      ] GC(162) Final: 0 encountered, 0 discovered, 0 enqueued
[253.835s][info][gc,ref      ] GC(162) Phantom: 27 encountered, 19 discovered, 0 enqueued
[253.835s][info][gc,reloc    ] GC(162) Small Pages: 301 / 602M, Empty: 462M, Relocated: 3M, In-Place: 0
[253.835s][info][gc,reloc    ] GC(162) Medium Pages: 0 / 0M, Empty: 0M, Relocated: 0M, In-Place: 0
[253.835s][info][gc,reloc    ] GC(162) Large Pages: 0 / 0M, Empty: 0M, Relocated: 0M, In-Place: 0
[253.835s][info][gc,reloc    ] GC(162) Forwarding Usage: 1M
[253.835s][info][gc,heap     ] GC(162) Min Capacity: 8M(1%)
[253.835s][info][gc,heap     ] GC(162) Max Capacity: 1024M(100%)
[253.835s][info][gc,heap     ] GC(162) Soft Max Capacity: 1024M(100%)
[253.835s][info][gc,heap     ] GC(162)                Mark Start          Mark End        Relocate Start      Relocate End           High               Low         
[253.835s][info][gc,heap     ] GC(162)  Capacity:     1024M (100%)       1024M (100%)       1024M (100%)       1024M (100%)       1024M (100%)       1024M (100%)   
[253.835s][info][gc,heap     ] GC(162)      Free:      422M (41%)         416M (41%)         874M (85%)         990M (97%)         990M (97%)         416M (41%)    
[253.835s][info][gc,heap     ] GC(162)      Used:      602M (59%)         608M (59%)         150M (15%)          34M (3%)          608M (59%)          34M (3%)     
[253.835s][info][gc,heap     ] GC(162)      Live:         -                 6M (1%)            6M (1%)            6M (1%)             -                  -          
[253.835s][info][gc,heap     ] GC(162) Allocated:         -                 6M (1%)           10M (1%)            9M (1%)             -                  -          
[253.835s][info][gc,heap     ] GC(162)   Garbage:         -               595M (58%)         133M (13%)          17M (2%)             -                  -          
[253.835s][info][gc,heap     ] GC(162) Reclaimed:         -                  -               462M (45%)         577M (56%)            -                  -          
[253.835s][info][gc          ] GC(162) Garbage Collection (Proactive) 602M(59%)->34M(3%)
[254.304s][info][gc,start    ] GC(163) Garbage Collection (System.gc())
[254.304s][info][gc,task     ] GC(163) Using 10 workers
[254.304s][info][gc,phases   ] GC(163) Pause Mark Start 0.016ms
[254.314s][info][gc,phases   ] GC(163) Concurrent Mark 9.143ms
[254.314s][info][gc,phases   ] GC(163) Pause Mark End 0.017ms
[254.314s][info][gc,phases   ] GC(163) Concurrent Mark Free 0.001ms
[254.315s][info][gc,phases   ] GC(163) Concurrent Process Non-Strong References 0.518ms
[254.315s][info][gc,phases   ] GC(163) Concurrent Reset Relocation Set 0.010ms
[254.318s][info][gc,phases   ] GC(163) Concurrent Select Relocation Set 3.829ms
[254.319s][info][gc,phases   ] GC(163) Pause Relocate Start 0.005ms
[254.322s][info][gc,phases   ] GC(163) Concurrent Relocate 3.002ms
[254.322s][info][gc,load     ] GC(163) Load: 0.00/0.00/0.00
[254.322s][info][gc,mmu      ] GC(163) MMU: 2ms/98.6%, 5ms/99.3%, 10ms/99.6%, 20ms/99.8%, 50ms/99.8%, 100ms/99.9%
[254.322s][info][gc,marking  ] GC(163) Mark: 8 stripe(s), 1 proactive flush(es), 1 terminate flush(es), 0 completion(s), 0 continuation(s) 
[254.322s][info][gc,marking  ] GC(163) Mark Stack Usage: 32M
[254.322s][info][gc,nmethod  ] GC(163) NMethods: 695 registered, 91 unregistered
[254.322s][info][gc,metaspace] GC(163) Metaspace: 9M used, 9M committed, 1088M reserved
[254.322s][info][gc,ref      ] GC(163) Soft: 214 encountered, 0 discovered, 0 enqueued
[254.322s][info][gc,ref      ] GC(163) Weak: 817 encountered, 36 discovered, 0 enqueued
[254.322s][info][gc,ref      ] GC(163) Final: 0 encountered, 0 discovered, 0 enqueued
[254.322s][info][gc,ref      ] GC(163) Phantom: 27 encountered, 18 discovered, 0 enqueued
[254.322s][info][gc,reloc    ] GC(163) Small Pages: 94 / 188M, Empty: 168M, Relocated: 3M, In-Place: 0
[254.322s][info][gc,reloc    ] GC(163) Medium Pages: 0 / 0M, Empty: 0M, Relocated: 0M, In-Place: 0
[254.322s][info][gc,reloc    ] GC(163) Large Pages: 0 / 0M, Empty: 0M, Relocated: 0M, In-Place: 0
[254.322s][info][gc,reloc    ] GC(163) Forwarding Usage: 1M
[254.322s][info][gc,heap     ] GC(163) Min Capacity: 8M(1%)
[254.322s][info][gc,heap     ] GC(163) Max Capacity: 1024M(100%)
[254.322s][info][gc,heap     ] GC(163) Soft Max Capacity: 1024M(100%)
[254.322s][info][gc,heap     ] GC(163)                Mark Start          Mark End        Relocate Start      Relocate End           High               Low         
[254.322s][info][gc,heap     ] GC(163)  Capacity:     1024M (100%)       1024M (100%)       1024M (100%)       1024M (100%)       1024M (100%)       1024M (100%)   
[254.322s][info][gc,heap     ] GC(163)      Free:      836M (82%)         836M (82%)        1004M (98%)        1004M (98%)        1004M (98%)         836M (82%)    
[254.322s][info][gc,heap     ] GC(163)      Used:      188M (18%)         188M (18%)          20M (2%)           20M (2%)          188M (18%)          20M (2%)     
[254.322s][info][gc,heap     ] GC(163)      Live:         -                 4M (0%)            4M (0%)            4M (0%)             -                  -          
[254.322s][info][gc,heap     ] GC(163) Allocated:         -                 0M (0%)            0M (0%)            0M (0%)             -                  -          
[254.322s][info][gc,heap     ] GC(163)   Garbage:         -               183M (18%)          15M (1%)           15M (1%)             -                  -          
[254.322s][info][gc,heap     ] GC(163) Reclaimed:         -                  -               168M (16%)         168M (16%)            -                  -          
[254.322s][info][gc          ] GC(163) Garbage Collection (System.gc()) 188M(18%)->20M(2%)
[256.100s][info][gc,start    ] GC(164) Garbage Collection (Proactive)
[256.100s][info][gc,task     ] GC(164) Using 10 workers
[256.100s][info][gc,phases   ] GC(164) Pause Mark Start 0.017ms
[256.115s][info][gc,phases   ] GC(164) Concurrent Mark 15.184ms
[256.115s][info][gc,phases   ] GC(164) Pause Mark End 0.026ms
[256.116s][info][gc,phases   ] GC(164) Concurrent Mark Free 0.001ms
[256.116s][info][gc,phases   ] GC(164) Concurrent Process Non-Strong References 0.586ms
[256.116s][info][gc,phases   ] GC(164) Concurrent Reset Relocation Set 0.002ms
[256.122s][info][gc,phases   ] GC(164) Concurrent Select Relocation Set 5.886ms
[256.122s][info][gc,phases   ] GC(164) Pause Relocate Start 0.009ms
[256.126s][info][gc,phases   ] GC(164) Concurrent Relocate 3.491ms
[256.126s][info][gc,load     ] GC(164) Load: 0.00/0.00/0.00
[256.126s][info][gc,mmu      ] GC(164) MMU: 2ms/98.6%, 5ms/99.3%, 10ms/99.6%, 20ms/99.8%, 50ms/99.8%, 100ms/99.9%
[256.126s][info][gc,marking  ] GC(164) Mark: 8 stripe(s), 3 proactive flush(es), 1 terminate flush(es), 0 completion(s), 0 continuation(s) 
[256.126s][info][gc,marking  ] GC(164) Mark Stack Usage: 32M
[256.126s][info][gc,nmethod  ] GC(164) NMethods: 695 registered, 92 unregistered
[256.126s][info][gc,metaspace] GC(164) Metaspace: 9M used, 9M committed, 1088M reserved
[256.126s][info][gc,ref      ] GC(164) Soft: 214 encountered, 0 discovered, 0 enqueued
[256.126s][info][gc,ref      ] GC(164) Weak: 817 encountered, 24 discovered, 0 enqueued
[256.126s][info][gc,ref      ] GC(164) Final: 0 encountered, 0 discovered, 0 enqueued
[256.126s][info][gc,ref      ] GC(164) Phantom: 27 encountered, 23 discovered, 0 enqueued
[256.126s][info][gc,reloc    ] GC(164) Small Pages: 297 / 594M, Empty: 404M, Relocated: 3M, In-Place: 0
[256.126s][info][gc,reloc    ] GC(164) Medium Pages: 0 / 0M, Empty: 0M, Relocated: 0M, In-Place: 0
[256.126s][info][gc,reloc    ] GC(164) Large Pages: 0 / 0M, Empty: 0M, Relocated: 0M, In-Place: 0
[256.126s][info][gc,reloc    ] GC(164) Forwarding Usage: 1M
[256.126s][info][gc,heap     ] GC(164) Min Capacity: 8M(1%)
[256.126s][info][gc,heap     ] GC(164) Max Capacity: 1024M(100%)
[256.126s][info][gc,heap     ] GC(164) Soft Max Capacity: 1024M(100%)
[256.127s][info][gc,heap     ] GC(164)                Mark Start          Mark End        Relocate Start      Relocate End           High               Low         
[256.127s][info][gc,heap     ] GC(164)  Capacity:     1024M (100%)       1024M (100%)       1024M (100%)       1024M (100%)       1024M (100%)       1024M (100%)   
[256.127s][info][gc,heap     ] GC(164)      Free:      430M (42%)         424M (41%)         826M (81%)         990M (97%)         990M (97%)         424M (41%)    
[256.127s][info][gc,heap     ] GC(164)      Used:      594M (58%)         600M (59%)         198M (19%)          34M (3%)          600M (59%)          34M (3%)     
[256.127s][info][gc,heap     ] GC(164)      Live:         -                 6M (1%)            6M (1%)            6M (1%)             -                  -          
[256.127s][info][gc,heap     ] GC(164) Allocated:         -                 6M (1%)            8M (1%)            9M (1%)             -                  -          
[256.127s][info][gc,heap     ] GC(164)   Garbage:         -               587M (57%)         183M (18%)          17M (2%)             -                  -          
[256.127s][info][gc,heap     ] GC(164) Reclaimed:         -                  -               404M (39%)         569M (56%)            -                  -          
[256.127s][info][gc          ] GC(164) Garbage Collection (Proactive) 594M(58%)->34M(3%)
[258.010s][info][gc,start    ] GC(165) Garbage Collection (Proactive)
[258.011s][info][gc,task     ] GC(165) Using 10 workers
[258.011s][info][gc,phases   ] GC(165) Pause Mark Start 0.017ms
[258.026s][info][gc,phases   ] GC(165) Concurrent Mark 15.326ms
[258.026s][info][gc,phases   ] GC(165) Pause Mark End 0.023ms
[258.026s][info][gc,phases   ] GC(165) Concurrent Mark Free 0.001ms
[258.027s][info][gc,phases   ] GC(165) Concurrent Process Non-Strong References 0.626ms
[258.027s][info][gc,phases   ] GC(165) Concurrent Reset Relocation Set 0.014ms
[258.033s][info][gc,phases   ] GC(165) Concurrent Select Relocation Set 5.922ms
[258.033s][info][gc,phases   ] GC(165) Pause Relocate Start 0.013ms
[258.037s][info][gc,phases   ] GC(165) Concurrent Relocate 3.272ms
[258.037s][info][gc,load     ] GC(165) Load: 0.00/0.00/0.00
[258.037s][info][gc,mmu      ] GC(165) MMU: 2ms/98.6%, 5ms/99.3%, 10ms/99.6%, 20ms/99.8%, 50ms/99.8%, 100ms/99.9%
[258.037s][info][gc,marking  ] GC(165) Mark: 8 stripe(s), 2 proactive flush(es), 1 terminate flush(es), 0 completion(s), 0 continuation(s) 
[258.037s][info][gc,marking  ] GC(165) Mark Stack Usage: 32M
[258.037s][info][gc,nmethod  ] GC(165) NMethods: 695 registered, 93 unregistered
[258.037s][info][gc,metaspace] GC(165) Metaspace: 9M used, 9M committed, 1088M reserved
[258.037s][info][gc,ref      ] GC(165) Soft: 214 encountered, 0 discovered, 0 enqueued
[258.037s][info][gc,ref      ] GC(165) Weak: 817 encountered, 63 discovered, 0 enqueued
[258.037s][info][gc,ref      ] GC(165) Final: 0 encountered, 0 discovered, 0 enqueued
[258.037s][info][gc,ref      ] GC(165) Phantom: 27 encountered, 20 discovered, 0 enqueued
[258.037s][info][gc,reloc    ] GC(165) Small Pages: 319 / 638M, Empty: 542M, Relocated: 3M, In-Place: 0
[258.037s][info][gc,reloc    ] GC(165) Medium Pages: 0 / 0M, Empty: 0M, Relocated: 0M, In-Place: 0
[258.037s][info][gc,reloc    ] GC(165) Large Pages: 0 / 0M, Empty: 0M, Relocated: 0M, In-Place: 0
[258.037s][info][gc,reloc    ] GC(165) Forwarding Usage: 1M
[258.037s][info][gc,heap     ] GC(165) Min Capacity: 8M(1%)
[258.037s][info][gc,heap     ] GC(165) Max Capacity: 1024M(100%)
[258.037s][info][gc,heap     ] GC(165) Soft Max Capacity: 1024M(100%)
[258.037s][info][gc,heap     ] GC(165)                Mark Start          Mark End        Relocate Start      Relocate End           High               Low         
[258.037s][info][gc,heap     ] GC(165)  Capacity:     1024M (100%)       1024M (100%)       1024M (100%)       1024M (100%)       1024M (100%)       1024M (100%)   
[258.037s][info][gc,heap     ] GC(165)      Free:      386M (38%)         378M (37%)         918M (90%)         990M (97%)         990M (97%)         378M (37%)    
[258.037s][info][gc,heap     ] GC(165)      Used:      638M (62%)         646M (63%)         106M (10%)          34M (3%)          646M (63%)          34M (3%)     
[258.037s][info][gc,heap     ] GC(165)      Live:         -                 6M (1%)            6M (1%)            6M (1%)             -                  -          
[258.037s][info][gc,heap     ] GC(165) Allocated:         -                 8M (1%)           10M (1%)            9M (1%)             -                  -          
[258.037s][info][gc,heap     ] GC(165)   Garbage:         -               631M (62%)          89M (9%)           17M (2%)             -                  -          
[258.037s][info][gc,heap     ] GC(165) Reclaimed:         -                  -               542M (53%)         613M (60%)            -                  -          
[258.038s][info][gc          ] GC(165) Garbage Collection (Proactive) 638M(62%)->34M(3%)
[259.703s][info][gc,start    ] GC(166) Garbage Collection (Proactive)
[259.703s][info][gc,task     ] GC(166) Using 10 workers
[259.703s][info][gc,phases   ] GC(166) Pause Mark Start 0.019ms
[259.718s][info][gc,phases   ] GC(166) Concurrent Mark 15.220ms
[259.718s][info][gc,phases   ] GC(166) Pause Mark End 0.025ms
[259.719s][info][gc,phases   ] GC(166) Concurrent Mark Free 0.001ms
[259.719s][info][gc,phases   ] GC(166) Concurrent Process Non-Strong References 0.576ms
[259.719s][info][gc,phases   ] GC(166) Concurrent Reset Relocation Set 0.008ms
[259.723s][info][gc,phases   ] GC(166) Concurrent Select Relocation Set 3.897ms
[259.723s][info][gc,phases   ] GC(166) Pause Relocate Start 0.009ms
[259.727s][info][gc,phases   ] GC(166) Concurrent Relocate 3.517ms
[259.727s][info][gc,load     ] GC(166) Load: 0.00/0.00/0.00
[259.727s][info][gc,mmu      ] GC(166) MMU: 2ms/98.6%, 5ms/99.3%, 10ms/99.6%, 20ms/99.8%, 50ms/99.8%, 100ms/99.9%
[259.727s][info][gc,marking  ] GC(166) Mark: 8 stripe(s), 2 proactive flush(es), 1 terminate flush(es), 0 completion(s), 0 continuation(s) 
[259.727s][info][gc,marking  ] GC(166) Mark Stack Usage: 32M
[259.727s][info][gc,nmethod  ] GC(166) NMethods: 695 registered, 93 unregistered
[259.727s][info][gc,metaspace] GC(166) Metaspace: 9M used, 9M committed, 1088M reserved
[259.727s][info][gc,ref      ] GC(166) Soft: 214 encountered, 0 discovered, 0 enqueued
[259.727s][info][gc,ref      ] GC(166) Weak: 817 encountered, 169 discovered, 0 enqueued
[259.727s][info][gc,ref      ] GC(166) Final: 0 encountered, 0 discovered, 0 enqueued
[259.727s][info][gc,ref      ] GC(166) Phantom: 27 encountered, 15 discovered, 0 enqueued
[259.727s][info][gc,reloc    ] GC(166) Small Pages: 289 / 578M, Empty: 442M, Relocated: 3M, In-Place: 0
[259.727s][info][gc,reloc    ] GC(166) Medium Pages: 0 / 0M, Empty: 0M, Relocated: 0M, In-Place: 0
[259.727s][info][gc,reloc    ] GC(166) Large Pages: 0 / 0M, Empty: 0M, Relocated: 0M, In-Place: 0
[259.727s][info][gc,reloc    ] GC(166) Forwarding Usage: 1M
[259.727s][info][gc,heap     ] GC(166) Min Capacity: 8M(1%)
[259.727s][info][gc,heap     ] GC(166) Max Capacity: 1024M(100%)
[259.727s][info][gc,heap     ] GC(166) Soft Max Capacity: 1024M(100%)
[259.727s][info][gc,heap     ] GC(166)                Mark Start          Mark End        Relocate Start      Relocate End           High               Low         
[259.727s][info][gc,heap     ] GC(166)  Capacity:     1024M (100%)       1024M (100%)       1024M (100%)       1024M (100%)       1024M (100%)       1024M (100%)   
[259.728s][info][gc,heap     ] GC(166)      Free:      446M (44%)         440M (43%)         880M (86%)         990M (97%)         990M (97%)         438M (43%)    
[259.728s][info][gc,heap     ] GC(166)      Used:      578M (56%)         584M (57%)         144M (14%)          34M (3%)          586M (57%)          34M (3%)     
[259.728s][info][gc,heap     ] GC(166)      Live:         -                 6M (1%)            6M (1%)            6M (1%)             -                  -          
[259.728s][info][gc,heap     ] GC(166) Allocated:         -                 6M (1%)            8M (1%)            9M (1%)             -                  -          
[259.728s][info][gc,heap     ] GC(166)   Garbage:         -               571M (56%)         129M (13%)          17M (2%)             -                  -          
[259.728s][info][gc,heap     ] GC(166) Reclaimed:         -                  -               442M (43%)         553M (54%)            -                  -          
[259.728s][info][gc          ] GC(166) Garbage Collection (Proactive) 578M(56%)->34M(3%)
[260.100s][info][gc,stats    ] === Garbage Collection Statistics =======================================================================================================================
[260.100s][info][gc,stats    ]                                                              Last 10s              Last 10m              Last 10h                Total
[260.100s][info][gc,stats    ]                                                              Avg / Max             Avg / Max             Avg / Max             Avg / Max
[260.100s][info][gc,stats    ]   Collector: Garbage Collection Cycle                     24.496 / 27.330       27.073 / 78.390       27.073 / 78.390       27.073 / 78.390      ms
[260.100s][info][gc,stats    ]  Contention: Mark Segment Reset Contention                     1 / 5                 0 / 8                 0 / 8                 0 / 8           ops/s
[260.100s][info][gc,stats    ]  Contention: Mark SeqNum Reset Contention                      0 / 3                 0 / 3                 0 / 3                 0 / 3           ops/s
[260.100s][info][gc,stats    ]    Critical: Allocation Stall                                  0 / 0                 0 / 0                 0 / 0                 0 / 0           ops/s
[260.100s][info][gc,stats    ]    Critical: Allocation Stall                              0.000 / 0.000         0.000 / 0.000         0.000 / 0.000         0.000 / 0.000       ms
[260.100s][info][gc,stats    ]    Critical: GC Locker Stall                                   0 / 0                 0 / 0                 0 / 0                 0 / 0           ops/s
[260.100s][info][gc,stats    ]    Critical: GC Locker Stall                               0.000 / 0.000         0.000 / 0.000         0.000 / 0.000         0.000 / 0.000       ms
[260.100s][info][gc,stats    ]    Critical: Relocation Stall                                  0 / 0                 0 / 0                 0 / 0                 0 / 0           ops/s
[260.100s][info][gc,stats    ]    Critical: Relocation Stall                              0.000 / 0.000         0.000 / 0.000         0.000 / 0.000         0.000 / 0.000       ms
[260.101s][info][gc,stats    ]      Memory: Allocation Rate                                 325 / 330             321 / 348             321 / 348             321 / 348         MB/s
[260.101s][info][gc,stats    ]      Memory: Defragment                                        0 / 0                 0 / 0                 0 / 0                 0 / 0           ops/s
[260.101s][info][gc,stats    ]      Memory: Out Of Memory                                     0 / 0                 0 / 0                 0 / 0                 0 / 0           ops/s
[260.101s][info][gc,stats    ]      Memory: Page Cache Flush                                  0 / 0                 0 / 0                 0 / 0                 0 / 0           MB/s
[260.101s][info][gc,stats    ]      Memory: Page Cache Hit L1                               168 / 174             164 / 182             164 / 182             164 / 182         ops/s
[260.101s][info][gc,stats    ]      Memory: Page Cache Hit L2                                 0 / 0                 0 / 0                 0 / 0                 0 / 0           ops/s
[260.101s][info][gc,stats    ]      Memory: Page Cache Hit L3                                 0 / 0                 1 / 103               1 / 103               1 / 103         ops/s
[260.101s][info][gc,stats    ]      Memory: Page Cache Miss                                   0 / 0                 0 / 1                 0 / 1                 0 / 1           ops/s
[260.101s][info][gc,stats    ]      Memory: Uncommit                                          0 / 0                 0 / 0                 0 / 0                 0 / 0           MB/s
[260.101s][info][gc,stats    ]      Memory: Undo Object Allocation Failed                     0 / 1                 0 / 6                 0 / 6                 0 / 6           ops/s
[260.101s][info][gc,stats    ]      Memory: Undo Object Allocation Succeeded                  0 / 2                 0 / 5                 0 / 5                 0 / 5           ops/s
[260.101s][info][gc,stats    ]      Memory: Undo Page Allocation                              1 / 2                 1 / 6                 1 / 6                 1 / 6           ops/s
[260.101s][info][gc,stats    ]       Phase: Concurrent Mark                              14.200 / 15.326       15.862 / 34.706       15.862 / 34.706       15.862 / 34.706      ms
[260.101s][info][gc,stats    ]       Phase: Concurrent Mark Continue                      0.000 / 0.000         0.000 / 0.000         0.000 / 0.000         0.000 / 0.000       ms
[260.101s][info][gc,stats    ]       Phase: Concurrent Mark Free                          0.001 / 0.002         0.001 / 0.002         0.001 / 0.002         0.001 / 0.002       ms
[260.101s][info][gc,stats    ]       Phase: Concurrent Process Non-Strong References      0.580 / 0.626         1.033 / 7.426         1.033 / 7.426         1.033 / 7.426       ms
[260.101s][info][gc,stats    ]       Phase: Concurrent Relocate                           3.683 / 4.440         3.658 / 12.244        3.658 / 12.244        3.658 / 12.244      ms
[260.101s][info][gc,stats    ]       Phase: Concurrent Reset Relocation Set               0.009 / 0.014         0.008 / 0.016         0.008 / 0.016         0.008 / 0.016       ms
[260.101s][info][gc,stats    ]       Phase: Concurrent Select Relocation Set              4.895 / 5.922         4.891 / 14.229        4.891 / 14.229        4.891 / 14.229      ms
[260.101s][info][gc,stats    ]       Phase: Pause Mark End                                0.022 / 0.026         0.021 / 0.027         0.021 / 0.027         0.021 / 0.027       ms
[260.101s][info][gc,stats    ]       Phase: Pause Mark Start                              0.017 / 0.019         0.017 / 0.029         0.017 / 0.029         0.017 / 0.029       ms
[260.101s][info][gc,stats    ]       Phase: Pause Relocate Start                          0.009 / 0.013         0.008 / 0.014         0.008 / 0.014         0.008 / 0.014       ms
[260.101s][info][gc,stats    ]    Subphase: Concurrent Classes Purge                      0.013 / 0.030         0.057 / 5.468         0.057 / 5.468         0.057 / 5.468       ms
[260.101s][info][gc,stats    ]    Subphase: Concurrent Classes Unlink                     0.267 / 0.293         0.619 / 5.860         0.619 / 5.860         0.619 / 5.860       ms
[260.101s][info][gc,stats    ]    Subphase: Concurrent Mark                              12.232 / 14.254       12.787 / 31.718       12.787 / 31.718       12.787 / 31.718      ms
[260.101s][info][gc,stats    ]    Subphase: Concurrent Mark Try Flush                     0.071 / 0.115         0.071 / 0.242         0.071 / 0.242         0.071 / 0.242       ms
[260.101s][info][gc,stats    ]    Subphase: Concurrent Mark Try Terminate                 7.625 / 11.036        7.473 / 17.080        7.473 / 17.080        7.473 / 17.080      ms
[260.101s][info][gc,stats    ]    Subphase: Concurrent References Enqueue                 0.000 / 0.000         0.001 / 0.005         0.001 / 0.005         0.001 / 0.005       ms
[260.102s][info][gc,stats    ]    Subphase: Concurrent References Process                 0.043 / 0.053         0.043 / 0.088         0.043 / 0.088         0.043 / 0.088       ms
[260.102s][info][gc,stats    ]    Subphase: Concurrent Roots ClassLoaderDataGraph         0.083 / 0.426         0.086 / 0.868         0.086 / 0.868         0.086 / 0.868       ms
[260.102s][info][gc,stats    ]    Subphase: Concurrent Roots CodeCache                    0.000 / 0.000         0.000 / 0.000         0.000 / 0.000         0.000 / 0.000       ms
[260.102s][info][gc,stats    ]    Subphase: Concurrent Roots JavaThreads                  0.555 / 1.034         0.538 / 2.549         0.538 / 2.549         0.538 / 2.549       ms
[260.102s][info][gc,stats    ]    Subphase: Concurrent Roots OopStorageSet                0.017 / 0.043         0.017 / 0.219         0.017 / 0.219         0.017 / 0.219       ms
[260.102s][info][gc,stats    ]    Subphase: Concurrent Weak Roots OopStorageSet           0.134 / 0.147         0.140 / 1.443         0.140 / 1.443         0.140 / 1.443       ms
[260.102s][info][gc,stats    ]    Subphase: Pause Mark Try Complete                       0.000 / 0.000         0.000 / 0.000         0.000 / 0.000         0.000 / 0.000       ms
[260.102s][info][gc,stats    ]      System: Java Threads                                     40 / 40               36 / 42               36 / 42               36 / 42          threads
[260.102s][info][gc,stats    ] =========================================================================================================================================================
[261.031s][info][gc,start    ] GC(167) Garbage Collection (System.gc())
[261.031s][info][gc,task     ] GC(167) Using 10 workers
[261.031s][info][gc,phases   ] GC(167) Pause Mark Start 0.018ms
[261.044s][info][gc,phases   ] GC(167) Concurrent Mark 13.022ms
[261.044s][info][gc,phases   ] GC(167) Pause Mark End 0.019ms
[261.044s][info][gc,phases   ] GC(167) Concurrent Mark Free 0.001ms
[261.045s][info][gc,phases   ] GC(167) Concurrent Process Non-Strong References 0.551ms
[261.045s][info][gc,phases   ] GC(167) Concurrent Reset Relocation Set 0.009ms
[261.049s][info][gc,phases   ] GC(167) Concurrent Select Relocation Set 3.813ms
[261.049s][info][gc,phases   ] GC(167) Pause Relocate Start 0.009ms
[261.052s][info][gc,phases   ] GC(167) Concurrent Relocate 3.116ms
[261.052s][info][gc,load     ] GC(167) Load: 0.00/0.00/0.00
[261.052s][info][gc,mmu      ] GC(167) MMU: 2ms/98.6%, 5ms/99.3%, 10ms/99.6%, 20ms/99.8%, 50ms/99.8%, 100ms/99.9%
[261.052s][info][gc,marking  ] GC(167) Mark: 8 stripe(s), 1 proactive flush(es), 1 terminate flush(es), 0 completion(s), 0 continuation(s) 
[261.052s][info][gc,marking  ] GC(167) Mark Stack Usage: 32M
[261.052s][info][gc,nmethod  ] GC(167) NMethods: 695 registered, 93 unregistered
[261.052s][info][gc,metaspace] GC(167) Metaspace: 9M used, 9M committed, 1088M reserved
[261.052s][info][gc,ref      ] GC(167) Soft: 214 encountered, 0 discovered, 0 enqueued
[261.052s][info][gc,ref      ] GC(167) Weak: 817 encountered, 41 discovered, 0 enqueued
[261.052s][info][gc,ref      ] GC(167) Final: 0 encountered, 0 discovered, 0 enqueued
[261.053s][info][gc,ref      ] GC(167) Phantom: 27 encountered, 18 discovered, 0 enqueued
[261.053s][info][gc,reloc    ] GC(167) Small Pages: 229 / 458M, Empty: 442M, Relocated: 3M, In-Place: 0
[261.053s][info][gc,reloc    ] GC(167) Medium Pages: 0 / 0M, Empty: 0M, Relocated: 0M, In-Place: 0
[261.053s][info][gc,reloc    ] GC(167) Large Pages: 0 / 0M, Empty: 0M, Relocated: 0M, In-Place: 0
[261.053s][info][gc,reloc    ] GC(167) Forwarding Usage: 1M
[261.053s][info][gc,heap     ] GC(167) Min Capacity: 8M(1%)
[261.053s][info][gc,heap     ] GC(167) Max Capacity: 1024M(100%)
[261.053s][info][gc,heap     ] GC(167) Soft Max Capacity: 1024M(100%)
[261.053s][info][gc,heap     ] GC(167)                Mark Start          Mark End        Relocate Start      Relocate End           High               Low         
[261.053s][info][gc,heap     ] GC(167)  Capacity:     1024M (100%)       1024M (100%)       1024M (100%)       1024M (100%)       1024M (100%)       1024M (100%)   
[261.053s][info][gc,heap     ] GC(167)      Free:      566M (55%)         566M (55%)        1008M (98%)        1008M (98%)        1008M (98%)         566M (55%)    
[261.053s][info][gc,heap     ] GC(167)      Used:      458M (45%)         458M (45%)          16M (2%)           16M (2%)          458M (45%)          16M (2%)     
[261.053s][info][gc,heap     ] GC(167)      Live:         -                 4M (0%)            4M (0%)            4M (0%)             -                  -          
[261.053s][info][gc,heap     ] GC(167) Allocated:         -                 0M (0%)            0M (0%)            0M (0%)             -                  -          
[261.053s][info][gc,heap     ] GC(167)   Garbage:         -               453M (44%)          11M (1%)           11M (1%)             -                  -          
[261.053s][info][gc,heap     ] GC(167) Reclaimed:         -                  -               442M (43%)         442M (43%)            -                  -          
[261.053s][info][gc          ] GC(167) Garbage Collection (System.gc()) 458M(45%)->16M(2%)
[262.502s][info][gc,start    ] GC(168) Garbage Collection (Proactive)
[262.502s][info][gc,task     ] GC(168) Using 10 workers
[262.502s][info][gc,phases   ] GC(168) Pause Mark Start 0.017ms
[262.518s][info][gc,phases   ] GC(168) Concurrent Mark 15.171ms
[262.518s][info][gc,phases   ] GC(168) Pause Mark End 0.019ms
[262.518s][info][gc,phases   ] GC(168) Concurrent Mark Free 0.001ms
[262.518s][info][gc,phases   ] GC(168) Concurrent Process Non-Strong References 0.561ms
[262.519s][info][gc,phases   ] GC(168) Concurrent Reset Relocation Set 0.002ms
[262.524s][info][gc,phases   ] GC(168) Concurrent Select Relocation Set 5.887ms
[262.525s][info][gc,phases   ] GC(168) Pause Relocate Start 0.009ms
[262.528s][info][gc,phases   ] GC(168) Concurrent Relocate 3.380ms
[262.528s][info][gc,load     ] GC(168) Load: 0.00/0.00/0.00
[262.528s][info][gc,mmu      ] GC(168) MMU: 2ms/98.6%, 5ms/99.3%, 10ms/99.6%, 20ms/99.8%, 50ms/99.8%, 100ms/99.9%
[262.528s][info][gc,marking  ] GC(168) Mark: 8 stripe(s), 2 proactive flush(es), 1 terminate flush(es), 0 completion(s), 0 continuation(s) 
[262.528s][info][gc,marking  ] GC(168) Mark Stack Usage: 32M
[262.528s][info][gc,nmethod  ] GC(168) NMethods: 695 registered, 93 unregistered
[262.528s][info][gc,metaspace] GC(168) Metaspace: 9M used, 9M committed, 1088M reserved
[262.528s][info][gc,ref      ] GC(168) Soft: 214 encountered, 0 discovered, 0 enqueued
[262.528s][info][gc,ref      ] GC(168) Weak: 817 encountered, 15 discovered, 0 enqueued
[262.528s][info][gc,ref      ] GC(168) Final: 0 encountered, 0 discovered, 0 enqueued
[262.528s][info][gc,ref      ] GC(168) Phantom: 27 encountered, 20 discovered, 0 enqueued
[262.528s][info][gc,reloc    ] GC(168) Small Pages: 248 / 496M, Empty: 342M, Relocated: 3M, In-Place: 0
[262.528s][info][gc,reloc    ] GC(168) Medium Pages: 0 / 0M, Empty: 0M, Relocated: 0M, In-Place: 0
[262.528s][info][gc,reloc    ] GC(168) Large Pages: 0 / 0M, Empty: 0M, Relocated: 0M, In-Place: 0
[262.528s][info][gc,reloc    ] GC(168) Forwarding Usage: 1M
[262.529s][info][gc,heap     ] GC(168) Min Capacity: 8M(1%)
[262.529s][info][gc,heap     ] GC(168) Max Capacity: 1024M(100%)
[262.529s][info][gc,heap     ] GC(168) Soft Max Capacity: 1024M(100%)
[262.529s][info][gc,heap     ] GC(168)                Mark Start          Mark End        Relocate Start      Relocate End           High               Low         
[262.529s][info][gc,heap     ] GC(168)  Capacity:     1024M (100%)       1024M (100%)       1024M (100%)       1024M (100%)       1024M (100%)       1024M (100%)   
[262.529s][info][gc,heap     ] GC(168)      Free:      528M (52%)         520M (51%)         862M (84%)         990M (97%)         990M (97%)         520M (51%)    
[262.529s][info][gc,heap     ] GC(168)      Used:      496M (48%)         504M (49%)         162M (16%)          34M (3%)          504M (49%)          34M (3%)     
[262.529s][info][gc,heap     ] GC(168)      Live:         -                 6M (1%)            6M (1%)            6M (1%)             -                  -          
[262.529s][info][gc,heap     ] GC(168) Allocated:         -                 8M (1%)            8M (1%)            9M (1%)             -                  -          
[262.529s][info][gc,heap     ] GC(168)   Garbage:         -               489M (48%)         147M (14%)          17M (2%)             -                  -          
[262.529s][info][gc,heap     ] GC(168) Reclaimed:         -                  -               342M (33%)         471M (46%)            -                  -          
[262.529s][info][gc          ] GC(168) Garbage Collection (Proactive) 496M(48%)->34M(3%)
[264.109s][info][gc,start    ] GC(169) Garbage Collection (Proactive)
[264.109s][info][gc,task     ] GC(169) Using 10 workers
[264.110s][info][gc,phases   ] GC(169) Pause Mark Start 0.017ms
[264.117s][info][gc,phases   ] GC(169) Concurrent Mark 7.701ms
[264.118s][info][gc,phases   ] GC(169) Pause Mark End 0.020ms
[264.118s][info][gc,phases   ] GC(169) Concurrent Mark Free 0.001ms
[264.118s][info][gc,phases   ] GC(169) Concurrent Process Non-Strong References 0.526ms
[264.118s][info][gc,phases   ] GC(169) Concurrent Reset Relocation Set 0.010ms
[264.124s][info][gc,phases   ] GC(169) Concurrent Select Relocation Set 6.024ms
[264.124s][info][gc,phases   ] GC(169) Pause Relocate Start 0.009ms
[264.128s][info][gc,phases   ] GC(169) Concurrent Relocate 3.703ms
[264.128s][info][gc,load     ] GC(169) Load: 0.00/0.00/0.00
[264.128s][info][gc,mmu      ] GC(169) MMU: 2ms/98.6%, 5ms/99.3%, 10ms/99.6%, 20ms/99.8%, 50ms/99.8%, 100ms/99.9%
[264.128s][info][gc,marking  ] GC(169) Mark: 8 stripe(s), 3 proactive flush(es), 1 terminate flush(es), 0 completion(s), 0 continuation(s) 
[264.128s][info][gc,marking  ] GC(169) Mark Stack Usage: 32M
[264.128s][info][gc,nmethod  ] GC(169) NMethods: 695 registered, 93 unregistered
[264.128s][info][gc,metaspace] GC(169) Metaspace: 9M used, 9M committed, 1088M reserved
[264.129s][info][gc,ref      ] GC(169) Soft: 214 encountered, 0 discovered, 0 enqueued
[264.129s][info][gc,ref      ] GC(169) Weak: 817 encountered, 12 discovered, 0 enqueued
[264.129s][info][gc,ref      ] GC(169) Final: 0 encountered, 0 discovered, 0 enqueued
[264.129s][info][gc,ref      ] GC(169) Phantom: 27 encountered, 15 discovered, 0 enqueued
[264.129s][info][gc,reloc    ] GC(169) Small Pages: 263 / 526M, Empty: 428M, Relocated: 3M, In-Place: 0
[264.129s][info][gc,reloc    ] GC(169) Medium Pages: 0 / 0M, Empty: 0M, Relocated: 0M, In-Place: 0
[264.129s][info][gc,reloc    ] GC(169) Large Pages: 0 / 0M, Empty: 0M, Relocated: 0M, In-Place: 0
[264.129s][info][gc,reloc    ] GC(169) Forwarding Usage: 1M
[264.129s][info][gc,heap     ] GC(169) Min Capacity: 8M(1%)
[264.129s][info][gc,heap     ] GC(169) Max Capacity: 1024M(100%)
[264.129s][info][gc,heap     ] GC(169) Soft Max Capacity: 1024M(100%)
[264.129s][info][gc,heap     ] GC(169)                Mark Start          Mark End        Relocate Start      Relocate End           High               Low         
[264.129s][info][gc,heap     ] GC(169)  Capacity:     1024M (100%)       1024M (100%)       1024M (100%)       1024M (100%)       1024M (100%)       1024M (100%)   
[264.129s][info][gc,heap     ] GC(169)      Free:      498M (49%)         494M (48%)         920M (90%)         994M (97%)         994M (97%)         494M (48%)    
[264.129s][info][gc,heap     ] GC(169)      Used:      526M (51%)         530M (52%)         104M (10%)          30M (3%)          530M (52%)          30M (3%)     
[264.129s][info][gc,heap     ] GC(169)      Live:         -                 6M (1%)            6M (1%)            6M (1%)             -                  -          
[264.129s][info][gc,heap     ] GC(169) Allocated:         -                 4M (0%)            6M (1%)            5M (1%)             -                  -          
[264.129s][info][gc,heap     ] GC(169)   Garbage:         -               519M (51%)          91M (9%)           17M (2%)             -                  -          
[264.129s][info][gc,heap     ] GC(169) Reclaimed:         -                  -               428M (42%)         501M (49%)            -                  -          
[264.129s][info][gc          ] GC(169) Garbage Collection (Proactive) 526M(51%)->30M(3%)
[265.802s][info][gc,start    ] GC(170) Garbage Collection (Proactive)
[265.802s][info][gc,task     ] GC(170) Using 10 workers
[265.802s][info][gc,phases   ] GC(170) Pause Mark Start 0.017ms
[265.817s][info][gc,phases   ] GC(170) Concurrent Mark 15.194ms
[265.817s][info][gc,phases   ] GC(170) Pause Mark End 0.022ms
[265.817s][info][gc,phases   ] GC(170) Concurrent Mark Free 0.001ms
[265.818s][info][gc,phases   ] GC(170) Concurrent Process Non-Strong References 0.546ms
[265.818s][info][gc,phases   ] GC(170) Concurrent Reset Relocation Set 0.007ms
[265.822s][info][gc,phases   ] GC(170) Concurrent Select Relocation Set 3.795ms
[265.822s][info][gc,phases   ] GC(170) Pause Relocate Start 0.012ms
[265.825s][info][gc,phases   ] GC(170) Concurrent Relocate 3.333ms
[265.826s][info][gc,load     ] GC(170) Load: 0.00/0.00/0.00
[265.826s][info][gc,mmu      ] GC(170) MMU: 2ms/98.6%, 5ms/99.3%, 10ms/99.6%, 20ms/99.8%, 50ms/99.8%, 100ms/99.9%
[265.826s][info][gc,marking  ] GC(170) Mark: 8 stripe(s), 2 proactive flush(es), 1 terminate flush(es), 0 completion(s), 0 continuation(s) 
[265.826s][info][gc,marking  ] GC(170) Mark Stack Usage: 32M
[265.826s][info][gc,nmethod  ] GC(170) NMethods: 695 registered, 93 unregistered
[265.826s][info][gc,metaspace] GC(170) Metaspace: 9M used, 9M committed, 1088M reserved
[265.826s][info][gc,ref      ] GC(170) Soft: 214 encountered, 0 discovered, 0 enqueued
[265.826s][info][gc,ref      ] GC(170) Weak: 817 encountered, 7 discovered, 0 enqueued
[265.826s][info][gc,ref      ] GC(170) Final: 0 encountered, 0 discovered, 0 enqueued
[265.826s][info][gc,ref      ] GC(170) Phantom: 27 encountered, 20 discovered, 0 enqueued
[265.826s][info][gc,reloc    ] GC(170) Small Pages: 284 / 568M, Empty: 502M, Relocated: 3M, In-Place: 0
[265.826s][info][gc,reloc    ] GC(170) Medium Pages: 0 / 0M, Empty: 0M, Relocated: 0M, In-Place: 0
[265.826s][info][gc,reloc    ] GC(170) Large Pages: 0 / 0M, Empty: 0M, Relocated: 0M, In-Place: 0
[265.826s][info][gc,reloc    ] GC(170) Forwarding Usage: 1M
[265.826s][info][gc,heap     ] GC(170) Min Capacity: 8M(1%)
[265.826s][info][gc,heap     ] GC(170) Max Capacity: 1024M(100%)
[265.826s][info][gc,heap     ] GC(170) Soft Max Capacity: 1024M(100%)
[265.826s][info][gc,heap     ] GC(170)                Mark Start          Mark End        Relocate Start      Relocate End           High               Low         
[265.826s][info][gc,heap     ] GC(170)  Capacity:     1024M (100%)       1024M (100%)       1024M (100%)       1024M (100%)       1024M (100%)       1024M (100%)   
[265.826s][info][gc,heap     ] GC(170)      Free:      456M (45%)         450M (44%)         950M (93%)         992M (97%)         992M (97%)         450M (44%)    
[265.826s][info][gc,heap     ] GC(170)      Used:      568M (55%)         574M (56%)          74M (7%)           32M (3%)          574M (56%)          32M (3%)     
[265.826s][info][gc,heap     ] GC(170)      Live:         -                 6M (1%)            6M (1%)            6M (1%)             -                  -          
[265.826s][info][gc,heap     ] GC(170) Allocated:         -                 6M (1%)            8M (1%)            7M (1%)             -                  -          
[265.826s][info][gc,heap     ] GC(170)   Garbage:         -               561M (55%)          59M (6%)           17M (2%)             -                  -          
[265.826s][info][gc,heap     ] GC(170) Reclaimed:         -                  -               502M (49%)         543M (53%)            -                  -          
[265.826s][info][gc          ] GC(170) Garbage Collection (Proactive) 568M(55%)->32M(3%)
[267.605s][info][gc,start    ] GC(171) Garbage Collection (Proactive)
[267.605s][info][gc,task     ] GC(171) Using 10 workers
[267.605s][info][gc,phases   ] GC(171) Pause Mark Start 0.019ms
[267.620s][info][gc,phases   ] GC(171) Concurrent Mark 15.185ms
[267.621s][info][gc,phases   ] GC(171) Pause Mark End 0.023ms
[267.621s][info][gc,phases   ] GC(171) Concurrent Mark Free 0.001ms
[267.621s][info][gc,phases   ] GC(171) Concurrent Process Non-Strong References 0.556ms
[267.621s][info][gc,phases   ] GC(171) Concurrent Reset Relocation Set 0.006ms
[267.625s][info][gc,phases   ] GC(171) Concurrent Select Relocation Set 3.765ms
[267.625s][info][gc,phases   ] GC(171) Pause Relocate Start 0.010ms
[267.629s][info][gc,phases   ] GC(171) Concurrent Relocate 3.397ms
[267.629s][info][gc,load     ] GC(171) Load: 0.00/0.00/0.00
[267.629s][info][gc,mmu      ] GC(171) MMU: 2ms/98.6%, 5ms/99.3%, 10ms/99.6%, 20ms/99.8%, 50ms/99.8%, 100ms/99.9%
[267.629s][info][gc,marking  ] GC(171) Mark: 8 stripe(s), 2 proactive flush(es), 1 terminate flush(es), 0 completion(s), 0 continuation(s) 
[267.629s][info][gc,marking  ] GC(171) Mark Stack Usage: 32M
[267.629s][info][gc,nmethod  ] GC(171) NMethods: 695 registered, 93 unregistered
[267.629s][info][gc,metaspace] GC(171) Metaspace: 9M used, 9M committed, 1088M reserved
[267.629s][info][gc,ref      ] GC(171) Soft: 214 encountered, 0 discovered, 0 enqueued
[267.629s][info][gc,ref      ] GC(171) Weak: 817 encountered, 86 discovered, 0 enqueued
[267.629s][info][gc,ref      ] GC(171) Final: 0 encountered, 0 discovered, 0 enqueued
[267.629s][info][gc,ref      ] GC(171) Phantom: 27 encountered, 19 discovered, 0 enqueued
[267.629s][info][gc,reloc    ] GC(171) Small Pages: 306 / 612M, Empty: 506M, Relocated: 3M, In-Place: 0
[267.629s][info][gc,reloc    ] GC(171) Medium Pages: 0 / 0M, Empty: 0M, Relocated: 0M, In-Place: 0
[267.629s][info][gc,reloc    ] GC(171) Large Pages: 0 / 0M, Empty: 0M, Relocated: 0M, In-Place: 0
[267.629s][info][gc,reloc    ] GC(171) Forwarding Usage: 1M
[267.629s][info][gc,heap     ] GC(171) Min Capacity: 8M(1%)
[267.629s][info][gc,heap     ] GC(171) Max Capacity: 1024M(100%)
[267.629s][info][gc,heap     ] GC(171) Soft Max Capacity: 1024M(100%)
[267.630s][info][gc,heap     ] GC(171)                Mark Start          Mark End        Relocate Start      Relocate End           High               Low         
[267.630s][info][gc,heap     ] GC(171)  Capacity:     1024M (100%)       1024M (100%)       1024M (100%)       1024M (100%)       1024M (100%)       1024M (100%)   
[267.630s][info][gc,heap     ] GC(171)      Free:      412M (40%)         406M (40%)         910M (89%)         992M (97%)         992M (97%)         406M (40%)    
[267.630s][info][gc,heap     ] GC(171)      Used:      612M (60%)         618M (60%)         114M (11%)          32M (3%)          618M (60%)          32M (3%)     
[267.630s][info][gc,heap     ] GC(171)      Live:         -                 6M (1%)            6M (1%)            6M (1%)             -                  -          
[267.630s][info][gc,heap     ] GC(171) Allocated:         -                 6M (1%)            8M (1%)            7M (1%)             -                  -          
[267.630s][info][gc,heap     ] GC(171)   Garbage:         -               605M (59%)          99M (10%)          17M (2%)             -                  -          
[267.630s][info][gc,heap     ] GC(171) Reclaimed:         -                  -               506M (49%)         587M (57%)            -                  -          
[267.630s][info][gc          ] GC(171) Garbage Collection (Proactive) 612M(60%)->32M(3%)
[267.808s][info][gc,start    ] GC(172) Garbage Collection (System.gc())
[267.809s][info][gc,task     ] GC(172) Using 10 workers
[267.809s][info][gc,phases   ] GC(172) Pause Mark Start 0.018ms
[267.824s][info][gc,phases   ] GC(172) Concurrent Mark 14.761ms
[267.824s][info][gc,phases   ] GC(172) Pause Mark End 0.018ms
[267.824s][info][gc,phases   ] GC(172) Concurrent Mark Free 0.001ms
[267.824s][info][gc,phases   ] GC(172) Concurrent Process Non-Strong References 0.540ms
[267.824s][info][gc,phases   ] GC(172) Concurrent Reset Relocation Set 0.008ms
[267.828s][info][gc,phases   ] GC(172) Concurrent Select Relocation Set 3.715ms
[267.828s][info][gc,phases   ] GC(172) Pause Relocate Start 0.006ms
[267.831s][info][gc,phases   ] GC(172) Concurrent Relocate 3.008ms
[267.831s][info][gc,load     ] GC(172) Load: 0.00/0.00/0.00
[267.831s][info][gc,mmu      ] GC(172) MMU: 2ms/98.6%, 5ms/99.3%, 10ms/99.6%, 20ms/99.8%, 50ms/99.8%, 100ms/99.9%
[267.831s][info][gc,marking  ] GC(172) Mark: 8 stripe(s), 1 proactive flush(es), 1 terminate flush(es), 0 completion(s), 0 continuation(s) 
[267.831s][info][gc,marking  ] GC(172) Mark Stack Usage: 32M
[267.831s][info][gc,nmethod  ] GC(172) NMethods: 695 registered, 94 unregistered
[267.831s][info][gc,metaspace] GC(172) Metaspace: 9M used, 9M committed, 1088M reserved
[267.832s][info][gc,ref      ] GC(172) Soft: 214 encountered, 0 discovered, 0 enqueued
[267.832s][info][gc,ref      ] GC(172) Weak: 817 encountered, 30 discovered, 0 enqueued
[267.832s][info][gc,ref      ] GC(172) Final: 0 encountered, 0 discovered, 0 enqueued
[267.832s][info][gc,ref      ] GC(172) Phantom: 27 encountered, 18 discovered, 0 enqueued
[267.832s][info][gc,reloc    ] GC(172) Small Pages: 44 / 88M, Empty: 68M, Relocated: 3M, In-Place: 0
[267.832s][info][gc,reloc    ] GC(172) Medium Pages: 0 / 0M, Empty: 0M, Relocated: 0M, In-Place: 0
[267.832s][info][gc,reloc    ] GC(172) Large Pages: 0 / 0M, Empty: 0M, Relocated: 0M, In-Place: 0
[267.832s][info][gc,reloc    ] GC(172) Forwarding Usage: 1M
[267.832s][info][gc,heap     ] GC(172) Min Capacity: 8M(1%)
[267.832s][info][gc,heap     ] GC(172) Max Capacity: 1024M(100%)
[267.832s][info][gc,heap     ] GC(172) Soft Max Capacity: 1024M(100%)
[267.832s][info][gc,heap     ] GC(172)                Mark Start          Mark End        Relocate Start      Relocate End           High               Low         
[267.832s][info][gc,heap     ] GC(172)  Capacity:     1024M (100%)       1024M (100%)       1024M (100%)       1024M (100%)       1024M (100%)       1024M (100%)   
[267.832s][info][gc,heap     ] GC(172)      Free:      936M (91%)         936M (91%)        1004M (98%)        1004M (98%)        1004M (98%)         936M (91%)    
[267.832s][info][gc,heap     ] GC(172)      Used:       88M (9%)           88M (9%)           20M (2%)           20M (2%)           88M (9%)           20M (2%)     
[267.832s][info][gc,heap     ] GC(172)      Live:         -                 4M (0%)            4M (0%)            4M (0%)             -                  -          
[267.832s][info][gc,heap     ] GC(172) Allocated:         -                 0M (0%)            0M (0%)            0M (0%)             -                  -          
[267.832s][info][gc,heap     ] GC(172)   Garbage:         -                83M (8%)           15M (1%)           15M (1%)             -                  -          
[267.832s][info][gc,heap     ] GC(172) Reclaimed:         -                  -                68M (7%)           68M (7%)             -                  -          
[267.832s][info][gc          ] GC(172) Garbage Collection (System.gc()) 88M(9%)->20M(2%)
[269.198s][info][gc,start    ] GC(173) Garbage Collection (Proactive)
[269.198s][info][gc,task     ] GC(173) Using 10 workers
[269.199s][info][gc,phases   ] GC(173) Pause Mark Start 0.018ms
[269.214s][info][gc,phases   ] GC(173) Concurrent Mark 15.153ms
[269.214s][info][gc,phases   ] GC(173) Pause Mark End 0.024ms
[269.214s][info][gc,phases   ] GC(173) Concurrent Mark Free 0.002ms
[269.215s][info][gc,phases   ] GC(173) Concurrent Process Non-Strong References 0.587ms
[269.215s][info][gc,phases   ] GC(173) Concurrent Reset Relocation Set 0.002ms
[269.221s][info][gc,phases   ] GC(173) Concurrent Select Relocation Set 6.048ms
[269.221s][info][gc,phases   ] GC(173) Pause Relocate Start 0.010ms
[269.225s][info][gc,phases   ] GC(173) Concurrent Relocate 3.791ms
[269.225s][info][gc,load     ] GC(173) Load: 0.00/0.00/0.00
[269.225s][info][gc,mmu      ] GC(173) MMU: 2ms/98.6%, 5ms/99.3%, 10ms/99.6%, 20ms/99.8%, 50ms/99.8%, 100ms/99.9%
[269.225s][info][gc,marking  ] GC(173) Mark: 8 stripe(s), 2 proactive flush(es), 1 terminate flush(es), 0 completion(s), 0 continuation(s) 
[269.225s][info][gc,marking  ] GC(173) Mark Stack Usage: 32M
[269.225s][info][gc,nmethod  ] GC(173) NMethods: 695 registered, 94 unregistered
[269.225s][info][gc,metaspace] GC(173) Metaspace: 9M used, 9M committed, 1088M reserved
[269.225s][info][gc,ref      ] GC(173) Soft: 214 encountered, 0 discovered, 0 enqueued
[269.225s][info][gc,ref      ] GC(173) Weak: 819 encountered, 5 discovered, 0 enqueued
[269.225s][info][gc,ref      ] GC(173) Final: 0 encountered, 0 discovered, 0 enqueued
[269.225s][info][gc,ref      ] GC(173) Phantom: 27 encountered, 23 discovered, 0 enqueued
[269.225s][info][gc,reloc    ] GC(173) Small Pages: 235 / 470M, Empty: 268M, Relocated: 3M, In-Place: 0
[269.225s][info][gc,reloc    ] GC(173) Medium Pages: 0 / 0M, Empty: 0M, Relocated: 0M, In-Place: 0
[269.225s][info][gc,reloc    ] GC(173) Large Pages: 0 / 0M, Empty: 0M, Relocated: 0M, In-Place: 0
[269.225s][info][gc,reloc    ] GC(173) Forwarding Usage: 1M
[269.225s][info][gc,heap     ] GC(173) Min Capacity: 8M(1%)
[269.225s][info][gc,heap     ] GC(173) Max Capacity: 1024M(100%)
[269.225s][info][gc,heap     ] GC(173) Soft Max Capacity: 1024M(100%)
[269.226s][info][gc,heap     ] GC(173)                Mark Start          Mark End        Relocate Start      Relocate End           High               Low         
[269.226s][info][gc,heap     ] GC(173)  Capacity:     1024M (100%)       1024M (100%)       1024M (100%)       1024M (100%)       1024M (100%)       1024M (100%)   
[269.226s][info][gc,heap     ] GC(173)      Free:      554M (54%)         548M (54%)         814M (79%)         990M (97%)         990M (97%)         548M (54%)    
[269.226s][info][gc,heap     ] GC(173)      Used:      470M (46%)         476M (46%)         210M (21%)          34M (3%)          476M (46%)          34M (3%)     
[269.226s][info][gc,heap     ] GC(173)      Live:         -                 6M (1%)            6M (1%)            6M (1%)             -                  -          
[269.226s][info][gc,heap     ] GC(173) Allocated:         -                 6M (1%)            8M (1%)            9M (1%)             -                  -          
[269.226s][info][gc,heap     ] GC(173)   Garbage:         -               463M (45%)         195M (19%)          17M (2%)             -                  -          
[269.226s][info][gc,heap     ] GC(173) Reclaimed:         -                  -               268M (26%)         445M (44%)            -                  -          
[269.226s][info][gc          ] GC(173) Garbage Collection (Proactive) 470M(46%)->34M(3%)
[270.104s][info][gc,stats    ] === Garbage Collection Statistics =======================================================================================================================
[270.104s][info][gc,stats    ]                                                              Last 10s              Last 10m              Last 10h                Total
[270.104s][info][gc,stats    ]                                                              Avg / Max             Avg / Max             Avg / Max             Avg / Max
[270.104s][info][gc,stats    ]   Collector: Garbage Collection Cycle                     23.503 / 26.814       26.930 / 78.390       26.930 / 78.390       26.930 / 78.390      ms
[270.104s][info][gc,stats    ]  Contention: Mark Segment Reset Contention                     2 / 8                 0 / 8                 0 / 8                 0 / 8           ops/s
[270.105s][info][gc,stats    ]  Contention: Mark SeqNum Reset Contention                      0 / 3                 0 / 3                 0 / 3                 0 / 3           ops/s
[270.105s][info][gc,stats    ]    Critical: Allocation Stall                                  0 / 0                 0 / 0                 0 / 0                 0 / 0           ops/s
[270.105s][info][gc,stats    ]    Critical: Allocation Stall                              0.000 / 0.000         0.000 / 0.000         0.000 / 0.000         0.000 / 0.000       ms
[270.105s][info][gc,stats    ]    Critical: GC Locker Stall                                   0 / 0                 0 / 0                 0 / 0                 0 / 0           ops/s
[270.105s][info][gc,stats    ]    Critical: GC Locker Stall                               0.000 / 0.000         0.000 / 0.000         0.000 / 0.000         0.000 / 0.000       ms
[270.105s][info][gc,stats    ]    Critical: Relocation Stall                                  0 / 0                 0 / 0                 0 / 0                 0 / 0           ops/s
[270.105s][info][gc,stats    ]    Critical: Relocation Stall                              0.000 / 0.000         0.000 / 0.000         0.000 / 0.000         0.000 / 0.000       ms
[270.105s][info][gc,stats    ]      Memory: Allocation Rate                                 325 / 332             321 / 348             321 / 348             321 / 348         MB/s
[270.105s][info][gc,stats    ]      Memory: Defragment                                        0 / 0                 0 / 0                 0 / 0                 0 / 0           ops/s
[270.105s][info][gc,stats    ]      Memory: Out Of Memory                                     0 / 0                 0 / 0                 0 / 0                 0 / 0           ops/s
[270.105s][info][gc,stats    ]      Memory: Page Cache Flush                                  0 / 0                 0 / 0                 0 / 0                 0 / 0           MB/s
[270.105s][info][gc,stats    ]      Memory: Page Cache Hit L1                               169 / 181             165 / 182             165 / 182             165 / 182         ops/s
[270.105s][info][gc,stats    ]      Memory: Page Cache Hit L2                                 0 / 0                 0 / 0                 0 / 0                 0 / 0           ops/s
[270.105s][info][gc,stats    ]      Memory: Page Cache Hit L3                                 0 / 0                 1 / 103               1 / 103               1 / 103         ops/s
[270.105s][info][gc,stats    ]      Memory: Page Cache Miss                                   0 / 0                 0 / 1                 0 / 1                 0 / 1           ops/s
[270.105s][info][gc,stats    ]      Memory: Uncommit                                          0 / 0                 0 / 0                 0 / 0                 0 / 0           MB/s
[270.105s][info][gc,stats    ]      Memory: Undo Object Allocation Failed                     0 / 0                 0 / 6                 0 / 6                 0 / 6           ops/s
[270.105s][info][gc,stats    ]      Memory: Undo Object Allocation Succeeded                  0 / 1                 0 / 5                 0 / 5                 0 / 5           ops/s
[270.105s][info][gc,stats    ]      Memory: Undo Page Allocation                              2 / 5                 1 / 6                 1 / 6                 1 / 6           ops/s
[270.105s][info][gc,stats    ]       Phase: Concurrent Mark                              13.741 / 15.194       15.776 / 34.706       15.776 / 34.706       15.776 / 34.706      ms
[270.105s][info][gc,stats    ]       Phase: Concurrent Mark Continue                      0.000 / 0.000         0.000 / 0.000         0.000 / 0.000         0.000 / 0.000       ms
[270.105s][info][gc,stats    ]       Phase: Concurrent Mark Free                          0.001 / 0.002         0.001 / 0.002         0.001 / 0.002         0.001 / 0.002       ms
[270.105s][info][gc,stats    ]       Phase: Concurrent Process Non-Strong References      0.552 / 0.587         1.013 / 7.426         1.013 / 7.426         1.013 / 7.426       ms
[270.105s][info][gc,stats    ]       Phase: Concurrent Relocate                           3.390 / 3.791         3.647 / 12.244        3.647 / 12.244        3.647 / 12.244      ms
[270.105s][info][gc,stats    ]       Phase: Concurrent Reset Relocation Set               0.006 / 0.010         0.008 / 0.016         0.008 / 0.016         0.008 / 0.016       ms
[270.105s][info][gc,stats    ]       Phase: Concurrent Select Relocation Set              4.721 / 6.048         4.884 / 14.229        4.884 / 14.229        4.884 / 14.229      ms
[270.105s][info][gc,stats    ]       Phase: Pause Mark End                                0.021 / 0.024         0.021 / 0.027         0.021 / 0.027         0.021 / 0.027       ms
[270.105s][info][gc,stats    ]       Phase: Pause Mark Start                              0.017 / 0.019         0.017 / 0.029         0.017 / 0.029         0.017 / 0.029       ms
[270.105s][info][gc,stats    ]       Phase: Pause Relocate Start                          0.009 / 0.012         0.008 / 0.014         0.008 / 0.014         0.008 / 0.014       ms
[270.106s][info][gc,stats    ]    Subphase: Concurrent Classes Purge                      0.008 / 0.029         0.055 / 5.468         0.055 / 5.468         0.055 / 5.468       ms
[270.106s][info][gc,stats    ]    Subphase: Concurrent Classes Unlink                     0.253 / 0.261         0.604 / 5.860         0.604 / 5.860         0.604 / 5.860       ms
[270.106s][info][gc,stats    ]    Subphase: Concurrent Mark                              11.842 / 14.130       12.747 / 31.718       12.747 / 31.718       12.747 / 31.718      ms
[270.106s][info][gc,stats    ]    Subphase: Concurrent Mark Try Flush                     0.075 / 0.110         0.072 / 0.242         0.072 / 0.242         0.072 / 0.242       ms
[270.106s][info][gc,stats    ]    Subphase: Concurrent Mark Try Terminate                 7.096 / 11.363        7.457 / 17.080        7.457 / 17.080        7.457 / 17.080      ms
[270.106s][info][gc,stats    ]    Subphase: Concurrent References Enqueue                 0.000 / 0.001         0.001 / 0.005         0.001 / 0.005         0.001 / 0.005       ms
[270.106s][info][gc,stats    ]    Subphase: Concurrent References Process                 0.036 / 0.038         0.043 / 0.088         0.043 / 0.088         0.043 / 0.088       ms
[270.106s][info][gc,stats    ]    Subphase: Concurrent Roots ClassLoaderDataGraph         0.081 / 0.475         0.086 / 0.868         0.086 / 0.868         0.086 / 0.868       ms
[270.106s][info][gc,stats    ]    Subphase: Concurrent Roots CodeCache                    0.000 / 0.000         0.000 / 0.000         0.000 / 0.000         0.000 / 0.000       ms
[270.106s][info][gc,stats    ]    Subphase: Concurrent Roots JavaThreads                  0.539 / 1.023         0.538 / 2.549         0.538 / 2.549         0.538 / 2.549       ms
[270.106s][info][gc,stats    ]    Subphase: Concurrent Roots OopStorageSet                0.016 / 0.043         0.017 / 0.219         0.017 / 0.219         0.017 / 0.219       ms
[270.106s][info][gc,stats    ]    Subphase: Concurrent Weak Roots OopStorageSet           0.128 / 0.148         0.140 / 1.443         0.140 / 1.443         0.140 / 1.443       ms
[270.106s][info][gc,stats    ]    Subphase: Pause Mark Try Complete                       0.000 / 0.000         0.000 / 0.000         0.000 / 0.000         0.000 / 0.000       ms
[270.106s][info][gc,stats    ]      System: Java Threads                                     40 / 42               37 / 42               37 / 42               37 / 42          threads
[270.106s][info][gc,stats    ] =========================================================================================================================================================
[270.807s][info][gc,start    ] GC(174) Garbage Collection (Proactive)
[270.807s][info][gc,task     ] GC(174) Using 10 workers
[270.807s][info][gc,phases   ] GC(174) Pause Mark Start 0.017ms
[270.823s][info][gc,phases   ] GC(174) Concurrent Mark 15.196ms
[270.823s][info][gc,phases   ] GC(174) Pause Mark End 0.022ms
[270.823s][info][gc,phases   ] GC(174) Concurrent Mark Free 0.002ms
[270.824s][info][gc,phases   ] GC(174) Concurrent Process Non-Strong References 0.579ms
[270.824s][info][gc,phases   ] GC(174) Concurrent Reset Relocation Set 0.014ms
[270.828s][info][gc,phases   ] GC(174) Concurrent Select Relocation Set 3.874ms
[270.828s][info][gc,phases   ] GC(174) Pause Relocate Start 0.008ms
[270.831s][info][gc,phases   ] GC(174) Concurrent Relocate 3.397ms
[270.831s][info][gc,load     ] GC(174) Load: 0.00/0.00/0.00
[270.831s][info][gc,mmu      ] GC(174) MMU: 2ms/98.6%, 5ms/99.3%, 10ms/99.6%, 20ms/99.8%, 50ms/99.8%, 100ms/99.9%
[270.831s][info][gc,marking  ] GC(174) Mark: 8 stripe(s), 2 proactive flush(es), 1 terminate flush(es), 0 completion(s), 0 continuation(s) 
[270.832s][info][gc,marking  ] GC(174) Mark Stack Usage: 32M
[270.832s][info][gc,nmethod  ] GC(174) NMethods: 695 registered, 94 unregistered
[270.832s][info][gc,metaspace] GC(174) Metaspace: 9M used, 9M committed, 1088M reserved
[270.832s][info][gc,ref      ] GC(174) Soft: 214 encountered, 0 discovered, 0 enqueued
[270.832s][info][gc,ref      ] GC(174) Weak: 819 encountered, 34 discovered, 0 enqueued
[270.832s][info][gc,ref      ] GC(174) Final: 0 encountered, 0 discovered, 0 enqueued
[270.832s][info][gc,ref      ] GC(174) Phantom: 27 encountered, 16 discovered, 0 enqueued
[270.832s][info][gc,reloc    ] GC(174) Small Pages: 259 / 518M, Empty: 420M, Relocated: 3M, In-Place: 0
[270.832s][info][gc,reloc    ] GC(174) Medium Pages: 0 / 0M, Empty: 0M, Relocated: 0M, In-Place: 0
[270.832s][info][gc,reloc    ] GC(174) Large Pages: 0 / 0M, Empty: 0M, Relocated: 0M, In-Place: 0
[270.832s][info][gc,reloc    ] GC(174) Forwarding Usage: 1M
[270.832s][info][gc,heap     ] GC(174) Min Capacity: 8M(1%)
[270.832s][info][gc,heap     ] GC(174) Max Capacity: 1024M(100%)
[270.832s][info][gc,heap     ] GC(174) Soft Max Capacity: 1024M(100%)
[270.832s][info][gc,heap     ] GC(174)                Mark Start          Mark End        Relocate Start      Relocate End           High               Low         
[270.832s][info][gc,heap     ] GC(174)  Capacity:     1024M (100%)       1024M (100%)       1024M (100%)       1024M (100%)       1024M (100%)       1024M (100%)   
[270.832s][info][gc,heap     ] GC(174)      Free:      506M (49%)         500M (49%)         918M (90%)         992M (97%)         992M (97%)         500M (49%)    
[270.832s][info][gc,heap     ] GC(174)      Used:      518M (51%)         524M (51%)         106M (10%)          32M (3%)          524M (51%)          32M (3%)     
[270.832s][info][gc,heap     ] GC(174)      Live:         -                 6M (1%)            6M (1%)            6M (1%)             -                  -          
[270.832s][info][gc,heap     ] GC(174) Allocated:         -                 6M (1%)            8M (1%)            7M (1%)             -                  -          
[270.832s][info][gc,heap     ] GC(174)   Garbage:         -               511M (50%)          91M (9%)           17M (2%)             -                  -          
[270.832s][info][gc,heap     ] GC(174) Reclaimed:         -                  -               420M (41%)         493M (48%)            -                  -          
[270.832s][info][gc          ] GC(174) Garbage Collection (Proactive) 518M(51%)->32M(3%)
[272.307s][info][gc,start    ] GC(175) Garbage Collection (Proactive)
[272.307s][info][gc,task     ] GC(175) Using 10 workers
[272.307s][info][gc,phases   ] GC(175) Pause Mark Start 0.020ms
[272.322s][info][gc,phases   ] GC(175) Concurrent Mark 15.174ms
[272.323s][info][gc,phases   ] GC(175) Pause Mark End 0.023ms
[272.323s][info][gc,phases   ] GC(175) Concurrent Mark Free 0.001ms
[272.323s][info][gc,phases   ] GC(175) Concurrent Process Non-Strong References 0.580ms
[272.323s][info][gc,phases   ] GC(175) Concurrent Reset Relocation Set 0.008ms
[272.329s][info][gc,phases   ] GC(175) Concurrent Select Relocation Set 5.957ms
[272.330s][info][gc,phases   ] GC(175) Pause Relocate Start 0.010ms
[272.333s][info][gc,phases   ] GC(175) Concurrent Relocate 3.439ms
[272.333s][info][gc,load     ] GC(175) Load: 0.00/0.00/0.00
[272.333s][info][gc,mmu      ] GC(175) MMU: 2ms/98.6%, 5ms/99.3%, 10ms/99.6%, 20ms/99.8%, 50ms/99.8%, 100ms/99.9%
[272.333s][info][gc,marking  ] GC(175) Mark: 8 stripe(s), 2 proactive flush(es), 1 terminate flush(es), 0 completion(s), 0 continuation(s) 
[272.333s][info][gc,marking  ] GC(175) Mark Stack Usage: 32M
[272.333s][info][gc,nmethod  ] GC(175) NMethods: 695 registered, 94 unregistered
[272.333s][info][gc,metaspace] GC(175) Metaspace: 9M used, 9M committed, 1088M reserved
[272.333s][info][gc,ref      ] GC(175) Soft: 214 encountered, 0 discovered, 0 enqueued
[272.333s][info][gc,ref      ] GC(175) Weak: 819 encountered, 10 discovered, 0 enqueued
[272.333s][info][gc,ref      ] GC(175) Final: 0 encountered, 0 discovered, 0 enqueued
[272.333s][info][gc,ref      ] GC(175) Phantom: 27 encountered, 24 discovered, 0 enqueued
[272.333s][info][gc,reloc    ] GC(175) Small Pages: 252 / 504M, Empty: 412M, Relocated: 3M, In-Place: 0
[272.333s][info][gc,reloc    ] GC(175) Medium Pages: 0 / 0M, Empty: 0M, Relocated: 0M, In-Place: 0
[272.334s][info][gc,reloc    ] GC(175) Large Pages: 0 / 0M, Empty: 0M, Relocated: 0M, In-Place: 0
[272.334s][info][gc,reloc    ] GC(175) Forwarding Usage: 1M
[272.334s][info][gc,heap     ] GC(175) Min Capacity: 8M(1%)
[272.334s][info][gc,heap     ] GC(175) Max Capacity: 1024M(100%)
[272.334s][info][gc,heap     ] GC(175) Soft Max Capacity: 1024M(100%)
[272.334s][info][gc,heap     ] GC(175)                Mark Start          Mark End        Relocate Start      Relocate End           High               Low         
[272.334s][info][gc,heap     ] GC(175)  Capacity:     1024M (100%)       1024M (100%)       1024M (100%)       1024M (100%)       1024M (100%)       1024M (100%)   
[272.334s][info][gc,heap     ] GC(175)      Free:      520M (51%)         512M (50%)         922M (90%)         990M (97%)         990M (97%)         512M (50%)    
[272.334s][info][gc,heap     ] GC(175)      Used:      504M (49%)         512M (50%)         102M (10%)          34M (3%)          512M (50%)          34M (3%)     
[272.334s][info][gc,heap     ] GC(175)      Live:         -                 6M (1%)            6M (1%)            6M (1%)             -                  -          
[272.334s][info][gc,heap     ] GC(175) Allocated:         -                 8M (1%)           10M (1%)            9M (1%)             -                  -          
[272.334s][info][gc,heap     ] GC(175)   Garbage:         -               497M (49%)          85M (8%)           17M (2%)             -                  -          
[272.334s][info][gc,heap     ] GC(175) Reclaimed:         -                  -               412M (40%)         479M (47%)            -                  -          
[272.334s][info][gc          ] GC(175) Garbage Collection (Proactive) 504M(49%)->34M(3%)
[273.806s][info][gc,start    ] GC(176) Garbage Collection (Proactive)
[273.807s][info][gc,task     ] GC(176) Using 10 workers
[273.807s][info][gc,phases   ] GC(176) Pause Mark Start 0.019ms
[273.822s][info][gc,phases   ] GC(176) Concurrent Mark 15.176ms
[273.822s][info][gc,phases   ] GC(176) Pause Mark End 0.027ms
[273.822s][info][gc,phases   ] GC(176) Concurrent Mark Free 0.002ms
[273.823s][info][gc,phases   ] GC(176) Concurrent Process Non-Strong References 0.587ms
[273.823s][info][gc,phases   ] GC(176) Concurrent Reset Relocation Set 0.007ms
[273.827s][info][gc,phases   ] GC(176) Concurrent Select Relocation Set 3.887ms
[273.827s][info][gc,phases   ] GC(176) Pause Relocate Start 0.008ms
[273.831s][info][gc,phases   ] GC(176) Concurrent Relocate 3.415ms
[273.831s][info][gc,load     ] GC(176) Load: 0.00/0.00/0.00
[273.831s][info][gc,mmu      ] GC(176) MMU: 2ms/98.6%, 5ms/99.3%, 10ms/99.6%, 20ms/99.8%, 50ms/99.8%, 100ms/99.9%
[273.831s][info][gc,marking  ] GC(176) Mark: 8 stripe(s), 3 proactive flush(es), 1 terminate flush(es), 0 completion(s), 0 continuation(s) 
[273.831s][info][gc,marking  ] GC(176) Mark Stack Usage: 32M
[273.831s][info][gc,nmethod  ] GC(176) NMethods: 695 registered, 94 unregistered
[273.831s][info][gc,metaspace] GC(176) Metaspace: 9M used, 9M committed, 1088M reserved
[273.831s][info][gc,ref      ] GC(176) Soft: 214 encountered, 0 discovered, 0 enqueued
[273.831s][info][gc,ref      ] GC(176) Weak: 819 encountered, 13 discovered, 0 enqueued
[273.831s][info][gc,ref      ] GC(176) Final: 0 encountered, 0 discovered, 0 enqueued
[273.831s][info][gc,ref      ] GC(176) Phantom: 27 encountered, 14 discovered, 0 enqueued
[273.831s][info][gc,reloc    ] GC(176) Small Pages: 253 / 506M, Empty: 410M, Relocated: 3M, In-Place: 0
[273.831s][info][gc,reloc    ] GC(176) Medium Pages: 0 / 0M, Empty: 0M, Relocated: 0M, In-Place: 0
[273.831s][info][gc,reloc    ] GC(176) Large Pages: 0 / 0M, Empty: 0M, Relocated: 0M, In-Place: 0
[273.831s][info][gc,reloc    ] GC(176) Forwarding Usage: 1M
[273.831s][info][gc,heap     ] GC(176) Min Capacity: 8M(1%)
[273.831s][info][gc,heap     ] GC(176) Max Capacity: 1024M(100%)
[273.831s][info][gc,heap     ] GC(176) Soft Max Capacity: 1024M(100%)
[273.831s][info][gc,heap     ] GC(176)                Mark Start          Mark End        Relocate Start      Relocate End           High               Low         
[273.831s][info][gc,heap     ] GC(176)  Capacity:     1024M (100%)       1024M (100%)       1024M (100%)       1024M (100%)       1024M (100%)       1024M (100%)   
[273.831s][info][gc,heap     ] GC(176)      Free:      518M (51%)         510M (50%)         920M (90%)         990M (97%)         990M (97%)         510M (50%)    
[273.831s][info][gc,heap     ] GC(176)      Used:      506M (49%)         514M (50%)         104M (10%)          34M (3%)          514M (50%)          34M (3%)     
[273.831s][info][gc,heap     ] GC(176)      Live:         -                 6M (1%)            6M (1%)            6M (1%)             -                  -          
[273.831s][info][gc,heap     ] GC(176) Allocated:         -                 8M (1%)            8M (1%)            9M (1%)             -                  -          
[273.831s][info][gc,heap     ] GC(176)   Garbage:         -               499M (49%)          89M (9%)           17M (2%)             -                  -          
[273.831s][info][gc,heap     ] GC(176) Reclaimed:         -                  -               410M (40%)         481M (47%)            -                  -          
[273.831s][info][gc          ] GC(176) Garbage Collection (Proactive) 506M(49%)->34M(3%)
[274.688s][info][gc,start    ] GC(177) Garbage Collection (System.gc())
[274.688s][info][gc,task     ] GC(177) Using 10 workers
[274.688s][info][gc,phases   ] GC(177) Pause Mark Start 0.013ms
[274.697s][info][gc,phases   ] GC(177) Concurrent Mark 8.763ms
[274.697s][info][gc,phases   ] GC(177) Pause Mark End 0.018ms
[274.697s][info][gc,phases   ] GC(177) Concurrent Mark Free 0.001ms
[274.698s][info][gc,phases   ] GC(177) Concurrent Process Non-Strong References 0.591ms
[274.698s][info][gc,phases   ] GC(177) Concurrent Reset Relocation Set 0.007ms
[274.702s][info][gc,phases   ] GC(177) Concurrent Select Relocation Set 3.809ms
[274.702s][info][gc,phases   ] GC(177) Pause Relocate Start 0.005ms
[274.705s][info][gc,phases   ] GC(177) Concurrent Relocate 3.086ms
[274.705s][info][gc,load     ] GC(177) Load: 0.00/0.00/0.00
[274.705s][info][gc,mmu      ] GC(177) MMU: 2ms/98.6%, 5ms/99.3%, 10ms/99.6%, 20ms/99.8%, 50ms/99.8%, 100ms/99.9%
[274.705s][info][gc,marking  ] GC(177) Mark: 8 stripe(s), 1 proactive flush(es), 1 terminate flush(es), 0 completion(s), 0 continuation(s) 
[274.705s][info][gc,marking  ] GC(177) Mark Stack Usage: 32M
[274.705s][info][gc,nmethod  ] GC(177) NMethods: 695 registered, 94 unregistered
[274.705s][info][gc,metaspace] GC(177) Metaspace: 9M used, 9M committed, 1088M reserved
[274.705s][info][gc,ref      ] GC(177) Soft: 214 encountered, 0 discovered, 0 enqueued
[274.705s][info][gc,ref      ] GC(177) Weak: 819 encountered, 214 discovered, 0 enqueued
[274.705s][info][gc,ref      ] GC(177) Final: 0 encountered, 0 discovered, 0 enqueued
[274.705s][info][gc,ref      ] GC(177) Phantom: 27 encountered, 23 discovered, 0 enqueued
[274.705s][info][gc,reloc    ] GC(177) Small Pages: 149 / 298M, Empty: 280M, Relocated: 3M, In-Place: 0
[274.705s][info][gc,reloc    ] GC(177) Medium Pages: 0 / 0M, Empty: 0M, Relocated: 0M, In-Place: 0
[274.705s][info][gc,reloc    ] GC(177) Large Pages: 0 / 0M, Empty: 0M, Relocated: 0M, In-Place: 0
[274.705s][info][gc,reloc    ] GC(177) Forwarding Usage: 1M
[274.705s][info][gc,heap     ] GC(177) Min Capacity: 8M(1%)
[274.705s][info][gc,heap     ] GC(177) Max Capacity: 1024M(100%)
[274.705s][info][gc,heap     ] GC(177) Soft Max Capacity: 1024M(100%)
[274.705s][info][gc,heap     ] GC(177)                Mark Start          Mark End        Relocate Start      Relocate End           High               Low         
[274.705s][info][gc,heap     ] GC(177)  Capacity:     1024M (100%)       1024M (100%)       1024M (100%)       1024M (100%)       1024M (100%)       1024M (100%)   
[274.705s][info][gc,heap     ] GC(177)      Free:      726M (71%)         726M (71%)        1006M (98%)        1006M (98%)        1006M (98%)         726M (71%)    
[274.706s][info][gc,heap     ] GC(177)      Used:      298M (29%)         298M (29%)          18M (2%)           18M (2%)          298M (29%)          18M (2%)     
[274.706s][info][gc,heap     ] GC(177)      Live:         -                 4M (0%)            4M (0%)            4M (0%)             -                  -          
[274.706s][info][gc,heap     ] GC(177) Allocated:         -                 0M (0%)            0M (0%)            0M (0%)             -                  -          
[274.706s][info][gc,heap     ] GC(177)   Garbage:         -               293M (29%)          13M (1%)           13M (1%)             -                  -          
[274.706s][info][gc,heap     ] GC(177) Reclaimed:         -                  -               280M (27%)         280M (27%)            -                  -          
[274.706s][info][gc          ] GC(177) Garbage Collection (System.gc()) 298M(29%)->18M(2%)
[276.312s][info][gc,start    ] GC(178) Garbage Collection (Proactive)
[276.312s][info][gc,task     ] GC(178) Using 10 workers
[276.312s][info][gc,phases   ] GC(178) Pause Mark Start 0.019ms
[276.327s][info][gc,phases   ] GC(178) Concurrent Mark 15.235ms
[276.328s][info][gc,phases   ] GC(178) Pause Mark End 0.023ms
[276.328s][info][gc,phases   ] GC(178) Concurrent Mark Free 0.002ms
[276.328s][info][gc,phases   ] GC(178) Concurrent Process Non-Strong References 0.580ms
[276.328s][info][gc,phases   ] GC(178) Concurrent Reset Relocation Set 0.002ms
[276.334s][info][gc,phases   ] GC(178) Concurrent Select Relocation Set 6.046ms
[276.335s][info][gc,phases   ] GC(178) Pause Relocate Start 0.010ms
[276.338s][info][gc,phases   ] GC(178) Concurrent Relocate 3.535ms
[276.338s][info][gc,load     ] GC(178) Load: 0.00/0.00/0.00
[276.338s][info][gc,mmu      ] GC(178) MMU: 2ms/98.6%, 5ms/99.3%, 10ms/99.6%, 20ms/99.8%, 50ms/99.8%, 100ms/99.9%
[276.338s][info][gc,marking  ] GC(178) Mark: 8 stripe(s), 2 proactive flush(es), 1 terminate flush(es), 0 completion(s), 0 continuation(s) 
[276.338s][info][gc,marking  ] GC(178) Mark Stack Usage: 32M
[276.338s][info][gc,nmethod  ] GC(178) NMethods: 695 registered, 94 unregistered
[276.338s][info][gc,metaspace] GC(178) Metaspace: 9M used, 9M committed, 1088M reserved
[276.339s][info][gc,ref      ] GC(178) Soft: 214 encountered, 0 discovered, 0 enqueued
[276.339s][info][gc,ref      ] GC(178) Weak: 819 encountered, 28 discovered, 0 enqueued
[276.339s][info][gc,ref      ] GC(178) Final: 0 encountered, 0 discovered, 0 enqueued
[276.339s][info][gc,ref      ] GC(178) Phantom: 27 encountered, 24 discovered, 0 enqueued
[276.339s][info][gc,reloc    ] GC(178) Small Pages: 265 / 530M, Empty: 334M, Relocated: 3M, In-Place: 0
[276.339s][info][gc,reloc    ] GC(178) Medium Pages: 0 / 0M, Empty: 0M, Relocated: 0M, In-Place: 0
[276.339s][info][gc,reloc    ] GC(178) Large Pages: 0 / 0M, Empty: 0M, Relocated: 0M, In-Place: 0
[276.339s][info][gc,reloc    ] GC(178) Forwarding Usage: 1M
[276.339s][info][gc,heap     ] GC(178) Min Capacity: 8M(1%)
[276.339s][info][gc,heap     ] GC(178) Max Capacity: 1024M(100%)
[276.339s][info][gc,heap     ] GC(178) Soft Max Capacity: 1024M(100%)
[276.339s][info][gc,heap     ] GC(178)                Mark Start          Mark End        Relocate Start      Relocate End           High               Low         
[276.339s][info][gc,heap     ] GC(178)  Capacity:     1024M (100%)       1024M (100%)       1024M (100%)       1024M (100%)       1024M (100%)       1024M (100%)   
[276.339s][info][gc,heap     ] GC(178)      Free:      494M (48%)         488M (48%)         820M (80%)         990M (97%)         990M (97%)         488M (48%)    
[276.339s][info][gc,heap     ] GC(178)      Used:      530M (52%)         536M (52%)         204M (20%)          34M (3%)          536M (52%)          34M (3%)     
[276.339s][info][gc,heap     ] GC(178)      Live:         -                 6M (1%)            6M (1%)            6M (1%)             -                  -          
[276.339s][info][gc,heap     ] GC(178) Allocated:         -                 6M (1%)            8M (1%)            9M (1%)             -                  -          
[276.339s][info][gc,heap     ] GC(178)   Garbage:         -               523M (51%)         189M (19%)          17M (2%)             -                  -          
[276.339s][info][gc,heap     ] GC(178) Reclaimed:         -                  -               334M (33%)         505M (49%)            -                  -          
[276.339s][info][gc          ] GC(178) Garbage Collection (Proactive) 530M(52%)->34M(3%)
[278.201s][info][gc,start    ] GC(179) Garbage Collection (Proactive)
[278.202s][info][gc,task     ] GC(179) Using 10 workers
[278.202s][info][gc,phases   ] GC(179) Pause Mark Start 0.019ms
[278.217s][info][gc,phases   ] GC(179) Concurrent Mark 15.200ms
[278.217s][info][gc,phases   ] GC(179) Pause Mark End 0.021ms
[278.217s][info][gc,phases   ] GC(179) Concurrent Mark Free 0.001ms
[278.218s][info][gc,phases   ] GC(179) Concurrent Process Non-Strong References 0.579ms
[278.218s][info][gc,phases   ] GC(179) Concurrent Reset Relocation Set 0.015ms
[278.222s][info][gc,phases   ] GC(179) Concurrent Select Relocation Set 3.934ms
[278.222s][info][gc,phases   ] GC(179) Pause Relocate Start 0.006ms
[278.226s][info][gc,phases   ] GC(179) Concurrent Relocate 3.480ms
[278.226s][info][gc,load     ] GC(179) Load: 0.00/0.00/0.00
[278.226s][info][gc,mmu      ] GC(179) MMU: 2ms/98.6%, 5ms/99.3%, 10ms/99.6%, 20ms/99.8%, 50ms/99.8%, 100ms/99.9%
[278.226s][info][gc,marking  ] GC(179) Mark: 8 stripe(s), 2 proactive flush(es), 1 terminate flush(es), 0 completion(s), 0 continuation(s) 
[278.226s][info][gc,marking  ] GC(179) Mark Stack Usage: 32M
[278.226s][info][gc,nmethod  ] GC(179) NMethods: 695 registered, 94 unregistered
[278.226s][info][gc,metaspace] GC(179) Metaspace: 9M used, 9M committed, 1088M reserved
[278.226s][info][gc,ref      ] GC(179) Soft: 214 encountered, 0 discovered, 0 enqueued
[278.226s][info][gc,ref      ] GC(179) Weak: 819 encountered, 14 discovered, 0 enqueued
[278.226s][info][gc,ref      ] GC(179) Final: 0 encountered, 0 discovered, 0 enqueued
[278.226s][info][gc,ref      ] GC(179) Phantom: 27 encountered, 22 discovered, 0 enqueued
[278.226s][info][gc,reloc    ] GC(179) Small Pages: 309 / 618M, Empty: 550M, Relocated: 3M, In-Place: 0
[278.226s][info][gc,reloc    ] GC(179) Medium Pages: 0 / 0M, Empty: 0M, Relocated: 0M, In-Place: 0
[278.226s][info][gc,reloc    ] GC(179) Large Pages: 0 / 0M, Empty: 0M, Relocated: 0M, In-Place: 0
[278.226s][info][gc,reloc    ] GC(179) Forwarding Usage: 1M
[278.226s][info][gc,heap     ] GC(179) Min Capacity: 8M(1%)
[278.226s][info][gc,heap     ] GC(179) Max Capacity: 1024M(100%)
[278.226s][info][gc,heap     ] GC(179) Soft Max Capacity: 1024M(100%)
[278.226s][info][gc,heap     ] GC(179)                Mark Start          Mark End        Relocate Start      Relocate End           High               Low         
[278.226s][info][gc,heap     ] GC(179)  Capacity:     1024M (100%)       1024M (100%)       1024M (100%)       1024M (100%)       1024M (100%)       1024M (100%)   
[278.226s][info][gc,heap     ] GC(179)      Free:      406M (40%)         398M (39%)         946M (92%)         990M (97%)         990M (97%)         398M (39%)    
[278.226s][info][gc,heap     ] GC(179)      Used:      618M (60%)         626M (61%)          78M (8%)           34M (3%)          626M (61%)          34M (3%)     
[278.226s][info][gc,heap     ] GC(179)      Live:         -                 6M (1%)            6M (1%)            6M (1%)             -                  -          
[278.227s][info][gc,heap     ] GC(179) Allocated:         -                 8M (1%)           10M (1%)            9M (1%)             -                  -          
[278.227s][info][gc,heap     ] GC(179)   Garbage:         -               611M (60%)          61M (6%)           17M (2%)             -                  -          
[278.227s][info][gc,heap     ] GC(179) Reclaimed:         -                  -               550M (54%)         593M (58%)            -                  -          
[278.227s][info][gc          ] GC(179) Garbage Collection (Proactive) 618M(60%)->34M(3%)
[279.904s][info][gc,start    ] GC(180) Garbage Collection (Proactive)
[279.904s][info][gc,task     ] GC(180) Using 10 workers
[279.904s][info][gc,phases   ] GC(180) Pause Mark Start 0.018ms
[279.927s][info][gc,phases   ] GC(180) Concurrent Mark 22.644ms
[279.927s][info][gc,phases   ] GC(180) Pause Mark End 0.027ms
[279.927s][info][gc,phases   ] GC(180) Concurrent Mark Free 0.001ms
[279.928s][info][gc,phases   ] GC(180) Concurrent Process Non-Strong References 0.598ms
[279.928s][info][gc,phases   ] GC(180) Concurrent Reset Relocation Set 0.006ms
[279.932s][info][gc,phases   ] GC(180) Concurrent Select Relocation Set 3.764ms
[279.932s][info][gc,phases   ] GC(180) Pause Relocate Start 0.011ms
[279.935s][info][gc,phases   ] GC(180) Concurrent Relocate 3.470ms
[279.935s][info][gc,load     ] GC(180) Load: 0.00/0.00/0.00
[279.935s][info][gc,mmu      ] GC(180) MMU: 2ms/98.6%, 5ms/99.2%, 10ms/99.6%, 20ms/99.8%, 50ms/99.8%, 100ms/99.9%
[279.935s][info][gc,marking  ] GC(180) Mark: 8 stripe(s), 2 proactive flush(es), 1 terminate flush(es), 0 completion(s), 0 continuation(s) 
[279.935s][info][gc,marking  ] GC(180) Mark Stack Usage: 32M
[279.935s][info][gc,nmethod  ] GC(180) NMethods: 695 registered, 94 unregistered
[279.935s][info][gc,metaspace] GC(180) Metaspace: 9M used, 9M committed, 1088M reserved
[279.935s][info][gc,ref      ] GC(180) Soft: 214 encountered, 0 discovered, 0 enqueued
[279.935s][info][gc,ref      ] GC(180) Weak: 819 encountered, 17 discovered, 0 enqueued
[279.936s][info][gc,ref      ] GC(180) Final: 0 encountered, 0 discovered, 0 enqueued
[279.936s][info][gc,ref      ] GC(180) Phantom: 27 encountered, 17 discovered, 0 enqueued
[279.936s][info][gc,reloc    ] GC(180) Small Pages: 291 / 582M, Empty: 492M, Relocated: 3M, In-Place: 0
[279.936s][info][gc,reloc    ] GC(180) Medium Pages: 0 / 0M, Empty: 0M, Relocated: 0M, In-Place: 0
[279.936s][info][gc,reloc    ] GC(180) Large Pages: 0 / 0M, Empty: 0M, Relocated: 0M, In-Place: 0
[279.936s][info][gc,reloc    ] GC(180) Forwarding Usage: 1M
[279.936s][info][gc,heap     ] GC(180) Min Capacity: 8M(1%)
[279.936s][info][gc,heap     ] GC(180) Max Capacity: 1024M(100%)
[279.936s][info][gc,heap     ] GC(180) Soft Max Capacity: 1024M(100%)
[279.936s][info][gc,heap     ] GC(180)                Mark Start          Mark End        Relocate Start      Relocate End           High               Low         
[279.936s][info][gc,heap     ] GC(180)  Capacity:     1024M (100%)       1024M (100%)       1024M (100%)       1024M (100%)       1024M (100%)       1024M (100%)   
[279.936s][info][gc,heap     ] GC(180)      Free:      442M (43%)         432M (42%)         922M (90%)         988M (96%)         988M (96%)         432M (42%)    
[279.936s][info][gc,heap     ] GC(180)      Used:      582M (57%)         592M (58%)         102M (10%)          36M (4%)          592M (58%)          36M (4%)     
[279.936s][info][gc,heap     ] GC(180)      Live:         -                 6M (1%)            6M (1%)            6M (1%)             -                  -          
[279.936s][info][gc,heap     ] GC(180) Allocated:         -                10M (1%)           12M (1%)           11M (1%)             -                  -          
[279.936s][info][gc,heap     ] GC(180)   Garbage:         -               575M (56%)          83M (8%)           17M (2%)             -                  -          
[279.936s][info][gc,heap     ] GC(180) Reclaimed:         -                  -               492M (48%)         557M (54%)            -                  -          
[279.936s][info][gc          ] GC(180) Garbage Collection (Proactive) 582M(57%)->36M(4%)
[280.098s][info][gc,stats    ] === Garbage Collection Statistics =======================================================================================================================
[280.099s][info][gc,stats    ]                                                              Last 10s              Last 10m              Last 10h                Total
[280.099s][info][gc,stats    ]                                                              Avg / Max             Avg / Max             Avg / Max             Avg / Max
[280.099s][info][gc,stats    ]   Collector: Garbage Collection Cycle                     24.951 / 31.765       26.853 / 78.390       26.853 / 78.390       26.853 / 78.390      ms
[280.099s][info][gc,stats    ]  Contention: Mark Segment Reset Contention                     0 / 3                 0 / 8                 0 / 8                 0 / 8           ops/s
[280.099s][info][gc,stats    ]  Contention: Mark SeqNum Reset Contention                      0 / 1                 0 / 3                 0 / 3                 0 / 3           ops/s
[280.099s][info][gc,stats    ]    Critical: Allocation Stall                                  0 / 0                 0 / 0                 0 / 0                 0 / 0           ops/s
[280.099s][info][gc,stats    ]    Critical: Allocation Stall                              0.000 / 0.000         0.000 / 0.000         0.000 / 0.000         0.000 / 0.000       ms
[280.099s][info][gc,stats    ]    Critical: GC Locker Stall                                   0 / 0                 0 / 0                 0 / 0                 0 / 0           ops/s
[280.099s][info][gc,stats    ]    Critical: GC Locker Stall                               0.000 / 0.000         0.000 / 0.000         0.000 / 0.000         0.000 / 0.000       ms
[280.099s][info][gc,stats    ]    Critical: Relocation Stall                                  0 / 0                 0 / 0                 0 / 0                 0 / 0           ops/s
[280.099s][info][gc,stats    ]    Critical: Relocation Stall                              0.000 / 0.000         0.000 / 0.000         0.000 / 0.000         0.000 / 0.000       ms
[280.099s][info][gc,stats    ]      Memory: Allocation Rate                                 321 / 334             321 / 348             321 / 348             321 / 348         MB/s
[280.099s][info][gc,stats    ]      Memory: Defragment                                        0 / 0                 0 / 0                 0 / 0                 0 / 0           ops/s
[280.099s][info][gc,stats    ]      Memory: Out Of Memory                                     0 / 0                 0 / 0                 0 / 0                 0 / 0           ops/s
[280.099s][info][gc,stats    ]      Memory: Page Cache Flush                                  0 / 0                 0 / 0                 0 / 0                 0 / 0           MB/s
[280.099s][info][gc,stats    ]      Memory: Page Cache Hit L1                               167 / 177             165 / 182             165 / 182             165 / 182         ops/s
[280.099s][info][gc,stats    ]      Memory: Page Cache Hit L2                                 0 / 0                 0 / 0                 0 / 0                 0 / 0           ops/s
[280.099s][info][gc,stats    ]      Memory: Page Cache Hit L3                                 0 / 0                 1 / 103               1 / 103               1 / 103         ops/s
[280.099s][info][gc,stats    ]      Memory: Page Cache Miss                                   0 / 0                 0 / 1                 0 / 1                 0 / 1           ops/s
[280.099s][info][gc,stats    ]      Memory: Uncommit                                          0 / 0                 0 / 0                 0 / 0                 0 / 0           MB/s
[280.099s][info][gc,stats    ]      Memory: Undo Object Allocation Failed                     0 / 2                 0 / 6                 0 / 6                 0 / 6           ops/s
[280.099s][info][gc,stats    ]      Memory: Undo Object Allocation Succeeded                  0 / 2                 0 / 5                 0 / 5                 0 / 5           ops/s
[280.099s][info][gc,stats    ]      Memory: Undo Page Allocation                              1 / 4                 1 / 6                 1 / 6                 1 / 6           ops/s
[280.099s][info][gc,stats    ]       Phase: Concurrent Mark                              15.341 / 22.644       15.760 / 34.706       15.760 / 34.706       15.760 / 34.706      ms
[280.099s][info][gc,stats    ]       Phase: Concurrent Mark Continue                      0.000 / 0.000         0.000 / 0.000         0.000 / 0.000         0.000 / 0.000       ms
[280.099s][info][gc,stats    ]       Phase: Concurrent Mark Free                          0.001 / 0.002         0.001 / 0.002         0.001 / 0.002         0.001 / 0.002       ms
[280.100s][info][gc,stats    ]       Phase: Concurrent Process Non-Strong References      0.585 / 0.598         0.997 / 7.426         0.997 / 7.426         0.997 / 7.426       ms
[280.100s][info][gc,stats    ]       Phase: Concurrent Relocate                           3.403 / 3.535         3.638 / 12.244        3.638 / 12.244        3.638 / 12.244      ms
[280.100s][info][gc,stats    ]       Phase: Concurrent Reset Relocation Set               0.009 / 0.015         0.008 / 0.016         0.008 / 0.016         0.008 / 0.016       ms
[280.100s][info][gc,stats    ]       Phase: Concurrent Select Relocation Set              4.467 / 6.046         4.868 / 14.229        4.868 / 14.229        4.868 / 14.229      ms
[280.100s][info][gc,stats    ]       Phase: Pause Mark End                                0.023 / 0.027         0.021 / 0.027         0.021 / 0.027         0.021 / 0.027       ms
[280.100s][info][gc,stats    ]       Phase: Pause Mark Start                              0.018 / 0.020         0.017 / 0.029         0.017 / 0.029         0.017 / 0.029       ms
[280.100s][info][gc,stats    ]       Phase: Pause Relocate Start                          0.008 / 0.011         0.008 / 0.014         0.008 / 0.014         0.008 / 0.014       ms
[280.100s][info][gc,stats    ]    Subphase: Concurrent Classes Purge                      0.005 / 0.005         0.053 / 5.468         0.053 / 5.468         0.053 / 5.468       ms
[280.100s][info][gc,stats    ]    Subphase: Concurrent Classes Unlink                     0.269 / 0.275         0.591 / 5.860         0.591 / 5.860         0.591 / 5.860       ms
[280.100s][info][gc,stats    ]    Subphase: Concurrent Mark                              12.364 / 21.527       12.731 / 31.718       12.731 / 31.718       12.731 / 31.718      ms
[280.100s][info][gc,stats    ]    Subphase: Concurrent Mark Try Flush                     0.078 / 0.112         0.072 / 0.242         0.072 / 0.242         0.072 / 0.242       ms
[280.100s][info][gc,stats    ]    Subphase: Concurrent Mark Try Terminate                 7.239 / 16.312        7.448 / 17.080        7.448 / 17.080        7.448 / 17.080      ms
[280.100s][info][gc,stats    ]    Subphase: Concurrent References Enqueue                 0.000 / 0.001         0.001 / 0.005         0.001 / 0.005         0.001 / 0.005       ms
[280.100s][info][gc,stats    ]    Subphase: Concurrent References Process                 0.040 / 0.053         0.043 / 0.088         0.043 / 0.088         0.043 / 0.088       ms
[280.100s][info][gc,stats    ]    Subphase: Concurrent Roots ClassLoaderDataGraph         0.083 / 0.443         0.086 / 0.868         0.086 / 0.868         0.086 / 0.868       ms
[280.100s][info][gc,stats    ]    Subphase: Concurrent Roots CodeCache                    0.000 / 0.000         0.000 / 0.000         0.000 / 0.000         0.000 / 0.000       ms
[280.100s][info][gc,stats    ]    Subphase: Concurrent Roots JavaThreads                  0.591 / 1.065         0.540 / 2.549         0.540 / 2.549         0.540 / 2.549       ms
[280.100s][info][gc,stats    ]    Subphase: Concurrent Roots OopStorageSet                0.016 / 0.042         0.017 / 0.219         0.017 / 0.219         0.017 / 0.219       ms
[280.100s][info][gc,stats    ]    Subphase: Concurrent Weak Roots OopStorageSet           0.135 / 0.152         0.140 / 1.443         0.140 / 1.443         0.140 / 1.443       ms
[280.100s][info][gc,stats    ]    Subphase: Pause Mark Try Complete                       0.000 / 0.000         0.000 / 0.000         0.000 / 0.000         0.000 / 0.000       ms
[280.100s][info][gc,stats    ]      System: Java Threads                                     42 / 42               37 / 42               37 / 42               37 / 42          threads
[280.100s][info][gc,stats    ] =========================================================================================================================================================
[281.547s][info][gc,start    ] GC(181) Garbage Collection (System.gc())
[281.547s][info][gc,task     ] GC(181) Using 10 workers
[281.547s][info][gc,phases   ] GC(181) Pause Mark Start 0.014ms
[281.568s][info][gc,phases   ] GC(181) Concurrent Mark 20.313ms
[281.568s][info][gc,phases   ] GC(181) Pause Mark End 0.016ms
[281.568s][info][gc,phases   ] GC(181) Concurrent Mark Free 0.001ms
[281.568s][info][gc,phases   ] GC(181) Concurrent Process Non-Strong References 0.525ms
[281.568s][info][gc,phases   ] GC(181) Concurrent Reset Relocation Set 0.008ms
[281.574s][info][gc,phases   ] GC(181) Concurrent Select Relocation Set 5.641ms
[281.574s][info][gc,phases   ] GC(181) Pause Relocate Start 0.006ms
[281.577s][info][gc,phases   ] GC(181) Concurrent Relocate 3.203ms
[281.577s][info][gc,load     ] GC(181) Load: 0.00/0.00/0.00
[281.577s][info][gc,mmu      ] GC(181) MMU: 2ms/98.6%, 5ms/99.2%, 10ms/99.6%, 20ms/99.8%, 50ms/99.8%, 100ms/99.9%
[281.577s][info][gc,marking  ] GC(181) Mark: 8 stripe(s), 1 proactive flush(es), 1 terminate flush(es), 0 completion(s), 0 continuation(s) 
[281.578s][info][gc,marking  ] GC(181) Mark Stack Usage: 32M
[281.578s][info][gc,nmethod  ] GC(181) NMethods: 698 registered, 94 unregistered
[281.578s][info][gc,metaspace] GC(181) Metaspace: 9M used, 9M committed, 1088M reserved
[281.578s][info][gc,ref      ] GC(181) Soft: 214 encountered, 0 discovered, 0 enqueued
[281.578s][info][gc,ref      ] GC(181) Weak: 819 encountered, 21 discovered, 0 enqueued
[281.578s][info][gc,ref      ] GC(181) Final: 0 encountered, 0 discovered, 0 enqueued
[281.578s][info][gc,ref      ] GC(181) Phantom: 27 encountered, 17 discovered, 0 enqueued
[281.578s][info][gc,reloc    ] GC(181) Small Pages: 267 / 534M, Empty: 514M, Relocated: 3M, In-Place: 0
[281.578s][info][gc,reloc    ] GC(181) Medium Pages: 0 / 0M, Empty: 0M, Relocated: 0M, In-Place: 0
[281.578s][info][gc,reloc    ] GC(181) Large Pages: 0 / 0M, Empty: 0M, Relocated: 0M, In-Place: 0
[281.578s][info][gc,reloc    ] GC(181) Forwarding Usage: 1M
[281.578s][info][gc,heap     ] GC(181) Min Capacity: 8M(1%)
[281.578s][info][gc,heap     ] GC(181) Max Capacity: 1024M(100%)
[281.578s][info][gc,heap     ] GC(181) Soft Max Capacity: 1024M(100%)
[281.578s][info][gc,heap     ] GC(181)                Mark Start          Mark End        Relocate Start      Relocate End           High               Low         
[281.578s][info][gc,heap     ] GC(181)  Capacity:     1024M (100%)       1024M (100%)       1024M (100%)       1024M (100%)       1024M (100%)       1024M (100%)   
[281.578s][info][gc,heap     ] GC(181)      Free:      490M (48%)         490M (48%)        1004M (98%)        1004M (98%)        1004M (98%)         490M (48%)    
[281.578s][info][gc,heap     ] GC(181)      Used:      534M (52%)         534M (52%)          20M (2%)           20M (2%)          534M (52%)          20M (2%)     
[281.578s][info][gc,heap     ] GC(181)      Live:         -                 4M (0%)            4M (0%)            4M (0%)             -                  -          
[281.578s][info][gc,heap     ] GC(181) Allocated:         -                 0M (0%)            0M (0%)            0M (0%)             -                  -          
[281.578s][info][gc,heap     ] GC(181)   Garbage:         -               529M (52%)          15M (1%)           15M (1%)             -                  -          
[281.578s][info][gc,heap     ] GC(181) Reclaimed:         -                  -               514M (50%)         514M (50%)            -                  -          
[281.578s][info][gc          ] GC(181) Garbage Collection (System.gc()) 534M(52%)->20M(2%)
[283.498s][info][gc,start    ] GC(182) Garbage Collection (Proactive)
[283.498s][info][gc,task     ] GC(182) Using 10 workers
[283.498s][info][gc,phases   ] GC(182) Pause Mark Start 0.018ms
[283.507s][info][gc,phases   ] GC(182) Concurrent Mark 8.577ms
[283.507s][info][gc,phases   ] GC(182) Pause Mark End 0.023ms
[283.507s][info][gc,phases   ] GC(182) Concurrent Mark Free 0.001ms
[283.508s][info][gc,phases   ] GC(182) Concurrent Process Non-Strong References 0.560ms
[283.508s][info][gc,phases   ] GC(182) Concurrent Reset Relocation Set 0.002ms
[283.514s][info][gc,phases   ] GC(182) Concurrent Select Relocation Set 6.038ms
[283.514s][info][gc,phases   ] GC(182) Pause Relocate Start 0.010ms
[283.518s][info][gc,phases   ] GC(182) Concurrent Relocate 3.595ms
[283.518s][info][gc,load     ] GC(182) Load: 0.00/0.00/0.00
[283.518s][info][gc,mmu      ] GC(182) MMU: 2ms/98.6%, 5ms/99.2%, 10ms/99.6%, 20ms/99.7%, 50ms/99.8%, 100ms/99.9%
[283.518s][info][gc,marking  ] GC(182) Mark: 8 stripe(s), 4 proactive flush(es), 1 terminate flush(es), 0 completion(s), 0 continuation(s) 
[283.518s][info][gc,marking  ] GC(182) Mark Stack Usage: 32M
[283.518s][info][gc,nmethod  ] GC(182) NMethods: 700 registered, 94 unregistered
[283.518s][info][gc,metaspace] GC(182) Metaspace: 9M used, 10M committed, 1088M reserved
[283.518s][info][gc,ref      ] GC(182) Soft: 214 encountered, 0 discovered, 0 enqueued
[283.518s][info][gc,ref      ] GC(182) Weak: 819 encountered, 4 discovered, 0 enqueued
[283.518s][info][gc,ref      ] GC(182) Final: 0 encountered, 0 discovered, 0 enqueued
[283.518s][info][gc,ref      ] GC(182) Phantom: 27 encountered, 14 discovered, 0 enqueued
[283.518s][info][gc,reloc    ] GC(182) Small Pages: 319 / 638M, Empty: 450M, Relocated: 3M, In-Place: 0
[283.518s][info][gc,reloc    ] GC(182) Medium Pages: 0 / 0M, Empty: 0M, Relocated: 0M, In-Place: 0
[283.518s][info][gc,reloc    ] GC(182) Large Pages: 0 / 0M, Empty: 0M, Relocated: 0M, In-Place: 0
[283.519s][info][gc,reloc    ] GC(182) Forwarding Usage: 1M
[283.519s][info][gc,heap     ] GC(182) Min Capacity: 8M(1%)
[283.519s][info][gc,heap     ] GC(182) Max Capacity: 1024M(100%)
[283.519s][info][gc,heap     ] GC(182) Soft Max Capacity: 1024M(100%)
[283.519s][info][gc,heap     ] GC(182)                Mark Start          Mark End        Relocate Start      Relocate End           High               Low         
[283.519s][info][gc,heap     ] GC(182)  Capacity:     1024M (100%)       1024M (100%)       1024M (100%)       1024M (100%)       1024M (100%)       1024M (100%)   
[283.519s][info][gc,heap     ] GC(182)      Free:      386M (38%)         380M (37%)         828M (81%)         992M (97%)         992M (97%)         380M (37%)    
[283.519s][info][gc,heap     ] GC(182)      Used:      638M (62%)         644M (63%)         196M (19%)          32M (3%)          644M (63%)          32M (3%)     
[283.519s][info][gc,heap     ] GC(182)      Live:         -                 6M (1%)            6M (1%)            6M (1%)             -                  -          
[283.519s][info][gc,heap     ] GC(182) Allocated:         -                 6M (1%)            8M (1%)            7M (1%)             -                  -          
[283.519s][info][gc,heap     ] GC(182)   Garbage:         -               631M (62%)         181M (18%)          17M (2%)             -                  -          
[283.519s][info][gc,heap     ] GC(182) Reclaimed:         -                  -               450M (44%)         613M (60%)            -                  -          
[283.519s][info][gc          ] GC(182) Garbage Collection (Proactive) 638M(62%)->32M(3%)
[285.602s][info][gc,start    ] GC(183) Garbage Collection (Proactive)
[285.602s][info][gc,task     ] GC(183) Using 10 workers
[285.602s][info][gc,phases   ] GC(183) Pause Mark Start 0.018ms
[285.617s][info][gc,phases   ] GC(183) Concurrent Mark 15.184ms
[285.617s][info][gc,phases   ] GC(183) Pause Mark End 0.023ms
[285.617s][info][gc,phases   ] GC(183) Concurrent Mark Free 0.001ms
[285.618s][info][gc,phases   ] GC(183) Concurrent Process Non-Strong References 0.577ms
[285.618s][info][gc,phases   ] GC(183) Concurrent Reset Relocation Set 0.014ms
[285.622s][info][gc,phases   ] GC(183) Concurrent Select Relocation Set 3.839ms
[285.622s][info][gc,phases   ] GC(183) Pause Relocate Start 0.007ms
[285.626s][info][gc,phases   ] GC(183) Concurrent Relocate 3.544ms
[285.626s][info][gc,load     ] GC(183) Load: 0.00/0.00/0.00
[285.626s][info][gc,mmu      ] GC(183) MMU: 2ms/98.6%, 5ms/99.2%, 10ms/99.6%, 20ms/99.7%, 50ms/99.8%, 100ms/99.9%
[285.626s][info][gc,marking  ] GC(183) Mark: 8 stripe(s), 2 proactive flush(es), 1 terminate flush(es), 0 completion(s), 0 continuation(s) 
[285.626s][info][gc,marking  ] GC(183) Mark Stack Usage: 32M
[285.626s][info][gc,nmethod  ] GC(183) NMethods: 700 registered, 94 unregistered
[285.626s][info][gc,metaspace] GC(183) Metaspace: 9M used, 10M committed, 1088M reserved
[285.626s][info][gc,ref      ] GC(183) Soft: 214 encountered, 0 discovered, 0 enqueued
[285.626s][info][gc,ref      ] GC(183) Weak: 819 encountered, 166 discovered, 0 enqueued
[285.626s][info][gc,ref      ] GC(183) Final: 0 encountered, 0 discovered, 0 enqueued
[285.626s][info][gc,ref      ] GC(183) Phantom: 27 encountered, 20 discovered, 0 enqueued
[285.626s][info][gc,reloc    ] GC(183) Small Pages: 344 / 688M, Empty: 630M, Relocated: 3M, In-Place: 0
[285.626s][info][gc,reloc    ] GC(183) Medium Pages: 0 / 0M, Empty: 0M, Relocated: 0M, In-Place: 0
[285.626s][info][gc,reloc    ] GC(183) Large Pages: 0 / 0M, Empty: 0M, Relocated: 0M, In-Place: 0
[285.626s][info][gc,reloc    ] GC(183) Forwarding Usage: 1M
[285.626s][info][gc,heap     ] GC(183) Min Capacity: 8M(1%)
[285.626s][info][gc,heap     ] GC(183) Max Capacity: 1024M(100%)
[285.626s][info][gc,heap     ] GC(183) Soft Max Capacity: 1024M(100%)
[285.626s][info][gc,heap     ] GC(183)                Mark Start          Mark End        Relocate Start      Relocate End           High               Low         
[285.626s][info][gc,heap     ] GC(183)  Capacity:     1024M (100%)       1024M (100%)       1024M (100%)       1024M (100%)       1024M (100%)       1024M (100%)   
[285.626s][info][gc,heap     ] GC(183)      Free:      336M (33%)         330M (32%)         958M (94%)         990M (97%)         990M (97%)         330M (32%)    
[285.626s][info][gc,heap     ] GC(183)      Used:      688M (67%)         694M (68%)          66M (6%)           34M (3%)          694M (68%)          34M (3%)     
[285.626s][info][gc,heap     ] GC(183)      Live:         -                 6M (1%)            6M (1%)            6M (1%)             -                  -          
[285.626s][info][gc,heap     ] GC(183) Allocated:         -                 6M (1%)            8M (1%)            9M (1%)             -                  -          
[285.626s][info][gc,heap     ] GC(183)   Garbage:         -               681M (67%)          51M (5%)           17M (2%)             -                  -          
[285.626s][info][gc,heap     ] GC(183) Reclaimed:         -                  -               630M (62%)         663M (65%)            -                  -          
[285.626s][info][gc          ] GC(183) Garbage Collection (Proactive) 688M(67%)->34M(3%)
[287.512s][info][gc,start    ] GC(184) Garbage Collection (Proactive)
[287.512s][info][gc,task     ] GC(184) Using 10 workers
[287.513s][info][gc,phases   ] GC(184) Pause Mark Start 0.018ms
[287.528s][info][gc,phases   ] GC(184) Concurrent Mark 15.169ms
[287.528s][info][gc,phases   ] GC(184) Pause Mark End 0.023ms
[287.528s][info][gc,phases   ] GC(184) Concurrent Mark Free 0.001ms
[287.529s][info][gc,phases   ] GC(184) Concurrent Process Non-Strong References 0.593ms
[287.529s][info][gc,phases   ] GC(184) Concurrent Reset Relocation Set 0.004ms
[287.535s][info][gc,phases   ] GC(184) Concurrent Select Relocation Set 5.853ms
[287.535s][info][gc,phases   ] GC(184) Pause Relocate Start 0.010ms
[287.539s][info][gc,phases   ] GC(184) Concurrent Relocate 3.720ms
[287.539s][info][gc,load     ] GC(184) Load: 0.00/0.00/0.00
[287.539s][info][gc,mmu      ] GC(184) MMU: 2ms/98.6%, 5ms/99.2%, 10ms/99.6%, 20ms/99.7%, 50ms/99.8%, 100ms/99.9%
[287.539s][info][gc,marking  ] GC(184) Mark: 8 stripe(s), 2 proactive flush(es), 1 terminate flush(es), 0 completion(s), 0 continuation(s) 
[287.539s][info][gc,marking  ] GC(184) Mark Stack Usage: 32M
[287.539s][info][gc,nmethod  ] GC(184) NMethods: 700 registered, 94 unregistered
[287.539s][info][gc,metaspace] GC(184) Metaspace: 9M used, 10M committed, 1088M reserved
[287.539s][info][gc,ref      ] GC(184) Soft: 214 encountered, 0 discovered, 0 enqueued
[287.539s][info][gc,ref      ] GC(184) Weak: 819 encountered, 8 discovered, 0 enqueued
[287.539s][info][gc,ref      ] GC(184) Final: 0 encountered, 0 discovered, 0 enqueued
[287.539s][info][gc,ref      ] GC(184) Phantom: 27 encountered, 19 discovered, 0 enqueued
[287.539s][info][gc,reloc    ] GC(184) Small Pages: 309 / 618M, Empty: 482M, Relocated: 3M, In-Place: 0
[287.539s][info][gc,reloc    ] GC(184) Medium Pages: 0 / 0M, Empty: 0M, Relocated: 0M, In-Place: 0
[287.539s][info][gc,reloc    ] GC(184) Large Pages: 0 / 0M, Empty: 0M, Relocated: 0M, In-Place: 0
[287.539s][info][gc,reloc    ] GC(184) Forwarding Usage: 1M
[287.539s][info][gc,heap     ] GC(184) Min Capacity: 8M(1%)
[287.539s][info][gc,heap     ] GC(184) Max Capacity: 1024M(100%)
[287.539s][info][gc,heap     ] GC(184) Soft Max Capacity: 1024M(100%)
[287.539s][info][gc,heap     ] GC(184)                Mark Start          Mark End        Relocate Start      Relocate End           High               Low         
[287.539s][info][gc,heap     ] GC(184)  Capacity:     1024M (100%)       1024M (100%)       1024M (100%)       1024M (100%)       1024M (100%)       1024M (100%)   
[287.540s][info][gc,heap     ] GC(184)      Free:      406M (40%)         400M (39%)         880M (86%)         992M (97%)         992M (97%)         400M (39%)    
[287.540s][info][gc,heap     ] GC(184)      Used:      618M (60%)         624M (61%)         144M (14%)          32M (3%)          624M (61%)          32M (3%)     
[287.540s][info][gc,heap     ] GC(184)      Live:         -                 6M (1%)            6M (1%)            6M (1%)             -                  -          
[287.540s][info][gc,heap     ] GC(184) Allocated:         -                 6M (1%)            8M (1%)            7M (1%)             -                  -          
[287.540s][info][gc,heap     ] GC(184)   Garbage:         -               611M (60%)         129M (13%)          17M (2%)             -                  -          
[287.540s][info][gc,heap     ] GC(184) Reclaimed:         -                  -               482M (47%)         593M (58%)            -                  -          
[287.540s][info][gc          ] GC(184) Garbage Collection (Proactive) 618M(60%)->32M(3%)
[288.458s][info][gc,start    ] GC(185) Garbage Collection (System.gc())
[288.458s][info][gc,task     ] GC(185) Using 10 workers
[288.458s][info][gc,phases   ] GC(185) Pause Mark Start 0.018ms
[288.463s][info][gc,phases   ] GC(185) Concurrent Mark 5.480ms
[288.463s][info][gc,phases   ] GC(185) Pause Mark End 0.018ms
[288.464s][info][gc,phases   ] GC(185) Concurrent Mark Free 0.002ms
[288.464s][info][gc,phases   ] GC(185) Concurrent Process Non-Strong References 0.533ms
[288.464s][info][gc,phases   ] GC(185) Concurrent Reset Relocation Set 0.011ms
[288.468s][info][gc,phases   ] GC(185) Concurrent Select Relocation Set 3.703ms
[288.468s][info][gc,phases   ] GC(185) Pause Relocate Start 0.005ms
[288.471s][info][gc,phases   ] GC(185) Concurrent Relocate 2.985ms
[288.471s][info][gc,load     ] GC(185) Load: 0.00/0.00/0.00
[288.471s][info][gc,mmu      ] GC(185) MMU: 2ms/98.6%, 5ms/99.2%, 10ms/99.6%, 20ms/99.7%, 50ms/99.8%, 100ms/99.9%
[288.471s][info][gc,marking  ] GC(185) Mark: 8 stripe(s), 1 proactive flush(es), 1 terminate flush(es), 0 completion(s), 0 continuation(s) 
[288.471s][info][gc,marking  ] GC(185) Mark Stack Usage: 32M
[288.471s][info][gc,nmethod  ] GC(185) NMethods: 700 registered, 94 unregistered
[288.471s][info][gc,metaspace] GC(185) Metaspace: 9M used, 10M committed, 1088M reserved
[288.471s][info][gc,ref      ] GC(185) Soft: 214 encountered, 0 discovered, 0 enqueued
[288.471s][info][gc,ref      ] GC(185) Weak: 819 encountered, 29 discovered, 0 enqueued
[288.471s][info][gc,ref      ] GC(185) Final: 0 encountered, 0 discovered, 0 enqueued
[288.471s][info][gc,ref      ] GC(185) Phantom: 27 encountered, 15 discovered, 0 enqueued
[288.471s][info][gc,reloc    ] GC(185) Small Pages: 166 / 332M, Empty: 314M, Relocated: 3M, In-Place: 0
[288.471s][info][gc,reloc    ] GC(185) Medium Pages: 0 / 0M, Empty: 0M, Relocated: 0M, In-Place: 0
[288.472s][info][gc,reloc    ] GC(185) Large Pages: 0 / 0M, Empty: 0M, Relocated: 0M, In-Place: 0
[288.472s][info][gc,reloc    ] GC(185) Forwarding Usage: 1M
[288.472s][info][gc,heap     ] GC(185) Min Capacity: 8M(1%)
[288.472s][info][gc,heap     ] GC(185) Max Capacity: 1024M(100%)
[288.472s][info][gc,heap     ] GC(185) Soft Max Capacity: 1024M(100%)
[288.472s][info][gc,heap     ] GC(185)                Mark Start          Mark End        Relocate Start      Relocate End           High               Low         
[288.472s][info][gc,heap     ] GC(185)  Capacity:     1024M (100%)       1024M (100%)       1024M (100%)       1024M (100%)       1024M (100%)       1024M (100%)   
[288.472s][info][gc,heap     ] GC(185)      Free:      692M (68%)         692M (68%)        1006M (98%)        1006M (98%)        1006M (98%)         692M (68%)    
[288.472s][info][gc,heap     ] GC(185)      Used:      332M (32%)         332M (32%)          18M (2%)           18M (2%)          332M (32%)          18M (2%)     
[288.472s][info][gc,heap     ] GC(185)      Live:         -                 4M (0%)            4M (0%)            4M (0%)             -                  -          
[288.472s][info][gc,heap     ] GC(185) Allocated:         -                 0M (0%)            0M (0%)            0M (0%)             -                  -          
[288.472s][info][gc,heap     ] GC(185)   Garbage:         -               327M (32%)          13M (1%)           13M (1%)             -                  -          
[288.472s][info][gc,heap     ] GC(185) Reclaimed:         -                  -               314M (31%)         314M (31%)            -                  -          
[288.472s][info][gc          ] GC(185) Garbage Collection (System.gc()) 332M(32%)->18M(2%)
[290.102s][info][gc,stats    ] === Garbage Collection Statistics =======================================================================================================================
[290.102s][info][gc,stats    ]                                                              Last 10s              Last 10m              Last 10h                Total
[290.102s][info][gc,stats    ]                                                              Avg / Max             Avg / Max             Avg / Max             Avg / Max
[290.102s][info][gc,stats    ]   Collector: Garbage Collection Cycle                     23.005 / 30.529       26.750 / 78.390       26.750 / 78.390       26.750 / 78.390      ms
[290.102s][info][gc,stats    ]  Contention: Mark Segment Reset Contention                     0 / 5                 0 / 8                 0 / 8                 0 / 8           ops/s
[290.102s][info][gc,stats    ]  Contention: Mark SeqNum Reset Contention                      0 / 1                 0 / 3                 0 / 3                 0 / 3           ops/s
[290.102s][info][gc,stats    ]    Critical: Allocation Stall                                  0 / 0                 0 / 0                 0 / 0                 0 / 0           ops/s
[290.102s][info][gc,stats    ]    Critical: Allocation Stall                              0.000 / 0.000         0.000 / 0.000         0.000 / 0.000         0.000 / 0.000       ms
[290.103s][info][gc,stats    ]    Critical: GC Locker Stall                                   0 / 0                 0 / 0                 0 / 0                 0 / 0           ops/s
[290.103s][info][gc,stats    ]    Critical: GC Locker Stall                               0.000 / 0.000         0.000 / 0.000         0.000 / 0.000         0.000 / 0.000       ms
[290.103s][info][gc,stats    ]    Critical: Relocation Stall                                  0 / 0                 0 / 0                 0 / 0                 0 / 0           ops/s
[290.103s][info][gc,stats    ]    Critical: Relocation Stall                              0.000 / 0.000         0.000 / 0.000         0.000 / 0.000         0.000 / 0.000       ms
[290.103s][info][gc,stats    ]      Memory: Allocation Rate                                 320 / 330             321 / 348             321 / 348             321 / 348         MB/s
[290.103s][info][gc,stats    ]      Memory: Defragment                                        0 / 0                 0 / 0                 0 / 0                 0 / 0           ops/s
[290.103s][info][gc,stats    ]      Memory: Out Of Memory                                     0 / 0                 0 / 0                 0 / 0                 0 / 0           ops/s
[290.103s][info][gc,stats    ]      Memory: Page Cache Flush                                  0 / 0                 0 / 0                 0 / 0                 0 / 0           MB/s
[290.103s][info][gc,stats    ]      Memory: Page Cache Hit L1                               164 / 173             165 / 182             165 / 182             165 / 182         ops/s
[290.103s][info][gc,stats    ]      Memory: Page Cache Hit L2                                 0 / 0                 0 / 0                 0 / 0                 0 / 0           ops/s
[290.103s][info][gc,stats    ]      Memory: Page Cache Hit L3                                 0 / 0                 1 / 103               1 / 103               1 / 103         ops/s
[290.103s][info][gc,stats    ]      Memory: Page Cache Miss                                   0 / 0                 0 / 1                 0 / 1                 0 / 1           ops/s
[290.103s][info][gc,stats    ]      Memory: Uncommit                                          0 / 0                 0 / 0                 0 / 0                 0 / 0           MB/s
[290.103s][info][gc,stats    ]      Memory: Undo Object Allocation Failed                     0 / 1                 0 / 6                 0 / 6                 0 / 6           ops/s
[290.103s][info][gc,stats    ]      Memory: Undo Object Allocation Succeeded                  0 / 0                 0 / 5                 0 / 5                 0 / 5           ops/s
[290.103s][info][gc,stats    ]      Memory: Undo Page Allocation                              1 / 3                 1 / 6                 1 / 6                 1 / 6           ops/s
[290.103s][info][gc,stats    ]       Phase: Concurrent Mark                              12.944 / 20.313       15.684 / 34.706       15.684 / 34.706       15.684 / 34.706      ms
[290.103s][info][gc,stats    ]       Phase: Concurrent Mark Continue                      0.000 / 0.000         0.000 / 0.000         0.000 / 0.000         0.000 / 0.000       ms
[290.103s][info][gc,stats    ]       Phase: Concurrent Mark Free                          0.001 / 0.002         0.001 / 0.002         0.001 / 0.002         0.001 / 0.002       ms
[290.103s][info][gc,stats    ]       Phase: Concurrent Process Non-Strong References      0.558 / 0.593         0.985 / 7.426         0.985 / 7.426         0.985 / 7.426       ms
[290.103s][info][gc,stats    ]       Phase: Concurrent Relocate                           3.409 / 3.720         3.632 / 12.244        3.632 / 12.244        3.632 / 12.244      ms
[290.103s][info][gc,stats    ]       Phase: Concurrent Reset Relocation Set               0.008 / 0.014         0.008 / 0.016         0.008 / 0.016         0.008 / 0.016       ms
[290.103s][info][gc,stats    ]       Phase: Concurrent Select Relocation Set              5.015 / 6.038         4.872 / 14.229        4.872 / 14.229        4.872 / 14.229      ms
[290.103s][info][gc,stats    ]       Phase: Pause Mark End                                0.020 / 0.023         0.021 / 0.027         0.021 / 0.027         0.021 / 0.027       ms
[290.103s][info][gc,stats    ]       Phase: Pause Mark Start                              0.017 / 0.018         0.017 / 0.029         0.017 / 0.029         0.017 / 0.029       ms
[290.103s][info][gc,stats    ]       Phase: Pause Relocate Start                          0.008 / 0.010         0.008 / 0.014         0.008 / 0.014         0.008 / 0.014       ms
[290.103s][info][gc,stats    ]    Subphase: Concurrent Classes Purge                      0.005 / 0.006         0.052 / 5.468         0.052 / 5.468         0.052 / 5.468       ms
[290.103s][info][gc,stats    ]    Subphase: Concurrent Classes Unlink                     0.269 / 0.288         0.582 / 5.860         0.582 / 5.860         0.582 / 5.860       ms
[290.104s][info][gc,stats    ]    Subphase: Concurrent Mark                              11.024 / 19.237       12.683 / 31.718       12.683 / 31.718       12.683 / 31.718      ms
[290.104s][info][gc,stats    ]    Subphase: Concurrent Mark Try Flush                     0.076 / 0.113         0.072 / 0.242         0.072 / 0.242         0.072 / 0.242       ms
[290.104s][info][gc,stats    ]    Subphase: Concurrent Mark Try Terminate                 6.058 / 16.660        7.406 / 17.080        7.406 / 17.080        7.406 / 17.080      ms
[290.104s][info][gc,stats    ]    Subphase: Concurrent References Enqueue                 0.000 / 0.000         0.001 / 0.005         0.001 / 0.005         0.001 / 0.005       ms
[290.104s][info][gc,stats    ]    Subphase: Concurrent References Process                 0.038 / 0.050         0.043 / 0.088         0.043 / 0.088         0.043 / 0.088       ms
[290.104s][info][gc,stats    ]    Subphase: Concurrent Roots ClassLoaderDataGraph         0.099 / 0.428         0.086 / 0.868         0.086 / 0.868         0.086 / 0.868       ms
[290.104s][info][gc,stats    ]    Subphase: Concurrent Roots CodeCache                    0.000 / 0.000         0.000 / 0.000         0.000 / 0.000         0.000 / 0.000       ms
[290.104s][info][gc,stats    ]    Subphase: Concurrent Roots JavaThreads                  0.599 / 1.084         0.542 / 2.549         0.542 / 2.549         0.542 / 2.549       ms
[290.104s][info][gc,stats    ]    Subphase: Concurrent Roots OopStorageSet                0.015 / 0.044         0.017 / 0.219         0.017 / 0.219         0.017 / 0.219       ms
[290.104s][info][gc,stats    ]    Subphase: Concurrent Weak Roots OopStorageSet           0.132 / 0.149         0.139 / 1.443         0.139 / 1.443         0.139 / 1.443       ms
[290.104s][info][gc,stats    ]    Subphase: Pause Mark Try Complete                       0.000 / 0.000         0.000 / 0.000         0.000 / 0.000         0.000 / 0.000       ms
[290.104s][info][gc,stats    ]      System: Java Threads                                     42 / 43               37 / 43               37 / 43               37 / 43          threads
[290.104s][info][gc,stats    ] =========================================================================================================================================================
[290.312s][info][gc,start    ] GC(186) Garbage Collection (Proactive)
[290.312s][info][gc,task     ] GC(186) Using 10 workers
[290.312s][info][gc,phases   ] GC(186) Pause Mark Start 0.013ms
[290.328s][info][gc,phases   ] GC(186) Concurrent Mark 15.242ms
[290.328s][info][gc,phases   ] GC(186) Pause Mark End 0.022ms
[290.328s][info][gc,phases   ] GC(186) Concurrent Mark Free 0.002ms
[290.329s][info][gc,phases   ] GC(186) Concurrent Process Non-Strong References 0.602ms
[290.329s][info][gc,phases   ] GC(186) Concurrent Reset Relocation Set 0.002ms
[290.335s][info][gc,phases   ] GC(186) Concurrent Select Relocation Set 5.819ms
[290.335s][info][gc,phases   ] GC(186) Pause Relocate Start 0.008ms
[290.338s][info][gc,phases   ] GC(186) Concurrent Relocate 3.370ms
[290.338s][info][gc,load     ] GC(186) Load: 0.00/0.00/0.00
[290.338s][info][gc,mmu      ] GC(186) MMU: 2ms/98.6%, 5ms/99.2%, 10ms/99.6%, 20ms/99.7%, 50ms/99.8%, 100ms/99.9%
[290.338s][info][gc,marking  ] GC(186) Mark: 8 stripe(s), 2 proactive flush(es), 1 terminate flush(es), 0 completion(s), 0 continuation(s) 
[290.338s][info][gc,marking  ] GC(186) Mark Stack Usage: 32M
[290.338s][info][gc,nmethod  ] GC(186) NMethods: 703 registered, 94 unregistered
[290.338s][info][gc,metaspace] GC(186) Metaspace: 9M used, 10M committed, 1088M reserved
[290.338s][info][gc,ref      ] GC(186) Soft: 214 encountered, 0 discovered, 0 enqueued
[290.338s][info][gc,ref      ] GC(186) Weak: 819 encountered, 206 discovered, 0 enqueued
[290.338s][info][gc,ref      ] GC(186) Final: 0 encountered, 0 discovered, 0 enqueued
[290.338s][info][gc,ref      ] GC(186) Phantom: 27 encountered, 19 discovered, 0 enqueued
[290.338s][info][gc,reloc    ] GC(186) Small Pages: 313 / 626M, Empty: 504M, Relocated: 3M, In-Place: 0
[290.338s][info][gc,reloc    ] GC(186) Medium Pages: 0 / 0M, Empty: 0M, Relocated: 0M, In-Place: 0
[290.338s][info][gc,reloc    ] GC(186) Large Pages: 0 / 0M, Empty: 0M, Relocated: 0M, In-Place: 0
[290.339s][info][gc,reloc    ] GC(186) Forwarding Usage: 1M
[290.339s][info][gc,heap     ] GC(186) Min Capacity: 8M(1%)
[290.339s][info][gc,heap     ] GC(186) Max Capacity: 1024M(100%)
[290.339s][info][gc,heap     ] GC(186) Soft Max Capacity: 1024M(100%)
[290.339s][info][gc,heap     ] GC(186)                Mark Start          Mark End        Relocate Start      Relocate End           High               Low         
[290.339s][info][gc,heap     ] GC(186)  Capacity:     1024M (100%)       1024M (100%)       1024M (100%)       1024M (100%)       1024M (100%)       1024M (100%)   
[290.339s][info][gc,heap     ] GC(186)      Free:      398M (39%)         390M (38%)         892M (87%)         990M (97%)         990M (97%)         388M (38%)    
[290.339s][info][gc,heap     ] GC(186)      Used:      626M (61%)         634M (62%)         132M (13%)          34M (3%)          636M (62%)          34M (3%)     
[290.339s][info][gc,heap     ] GC(186)      Live:         -                 6M (1%)            6M (1%)            6M (1%)             -                  -          
[290.339s][info][gc,heap     ] GC(186) Allocated:         -                 8M (1%)           10M (1%)            9M (1%)             -                  -          
[290.339s][info][gc,heap     ] GC(186)   Garbage:         -               619M (61%)         115M (11%)          17M (2%)             -                  -          
[290.339s][info][gc,heap     ] GC(186) Reclaimed:         -                  -               504M (49%)         601M (59%)            -                  -          
[290.339s][info][gc          ] GC(186) Garbage Collection (Proactive) 626M(61%)->34M(3%)
[292.411s][info][gc,start    ] GC(187) Garbage Collection (Proactive)
[292.411s][info][gc,task     ] GC(187) Using 10 workers
[292.411s][info][gc,phases   ] GC(187) Pause Mark Start 0.018ms
[292.426s][info][gc,phases   ] GC(187) Concurrent Mark 15.199ms
[292.426s][info][gc,phases   ] GC(187) Pause Mark End 0.022ms
[292.426s][info][gc,phases   ] GC(187) Concurrent Mark Free 0.001ms
[292.427s][info][gc,phases   ] GC(187) Concurrent Process Non-Strong References 0.543ms
[292.427s][info][gc,phases   ] GC(187) Concurrent Reset Relocation Set 0.009ms
[292.431s][info][gc,phases   ] GC(187) Concurrent Select Relocation Set 3.801ms
[292.431s][info][gc,phases   ] GC(187) Pause Relocate Start 0.009ms
[292.435s][info][gc,phases   ] GC(187) Concurrent Relocate 3.497ms
[292.435s][info][gc,load     ] GC(187) Load: 0.00/0.00/0.00
[292.435s][info][gc,mmu      ] GC(187) MMU: 2ms/98.6%, 5ms/99.2%, 10ms/99.6%, 20ms/99.7%, 50ms/99.8%, 100ms/99.9%
[292.435s][info][gc,marking  ] GC(187) Mark: 8 stripe(s), 3 proactive flush(es), 1 terminate flush(es), 0 completion(s), 0 continuation(s) 
[292.435s][info][gc,marking  ] GC(187) Mark Stack Usage: 32M
[292.435s][info][gc,nmethod  ] GC(187) NMethods: 703 registered, 94 unregistered
[292.435s][info][gc,metaspace] GC(187) Metaspace: 9M used, 10M committed, 1088M reserved
[292.435s][info][gc,ref      ] GC(187) Soft: 214 encountered, 0 discovered, 0 enqueued
[292.435s][info][gc,ref      ] GC(187) Weak: 819 encountered, 13 discovered, 0 enqueued
[292.435s][info][gc,ref      ] GC(187) Final: 0 encountered, 0 discovered, 0 enqueued
[292.435s][info][gc,ref      ] GC(187) Phantom: 27 encountered, 20 discovered, 0 enqueued
[292.435s][info][gc,reloc    ] GC(187) Small Pages: 346 / 692M, Empty: 592M, Relocated: 3M, In-Place: 0
[292.435s][info][gc,reloc    ] GC(187) Medium Pages: 0 / 0M, Empty: 0M, Relocated: 0M, In-Place: 0
[292.435s][info][gc,reloc    ] GC(187) Large Pages: 0 / 0M, Empty: 0M, Relocated: 0M, In-Place: 0
[292.435s][info][gc,reloc    ] GC(187) Forwarding Usage: 1M
[292.435s][info][gc,heap     ] GC(187) Min Capacity: 8M(1%)
[292.435s][info][gc,heap     ] GC(187) Max Capacity: 1024M(100%)
[292.435s][info][gc,heap     ] GC(187) Soft Max Capacity: 1024M(100%)
[292.435s][info][gc,heap     ] GC(187)                Mark Start          Mark End        Relocate Start      Relocate End           High               Low         
[292.435s][info][gc,heap     ] GC(187)  Capacity:     1024M (100%)       1024M (100%)       1024M (100%)       1024M (100%)       1024M (100%)       1024M (100%)   
[292.435s][info][gc,heap     ] GC(187)      Free:      332M (32%)         326M (32%)         916M (89%)         992M (97%)         992M (97%)         326M (32%)    
[292.435s][info][gc,heap     ] GC(187)      Used:      692M (68%)         698M (68%)         108M (11%)          32M (3%)          698M (68%)          32M (3%)     
[292.435s][info][gc,heap     ] GC(187)      Live:         -                 6M (1%)            6M (1%)            6M (1%)             -                  -          
[292.435s][info][gc,heap     ] GC(187) Allocated:         -                 6M (1%)            8M (1%)            7M (1%)             -                  -          
[292.435s][info][gc,heap     ] GC(187)   Garbage:         -               685M (67%)          93M (9%)           17M (2%)             -                  -          
[292.435s][info][gc,heap     ] GC(187) Reclaimed:         -                  -               592M (58%)         667M (65%)            -                  -          
[292.435s][info][gc          ] GC(187) Garbage Collection (Proactive) 692M(68%)->32M(3%)
[294.198s][info][gc,start    ] GC(188) Garbage Collection (Proactive)
[294.198s][info][gc,task     ] GC(188) Using 10 workers
[294.198s][info][gc,phases   ] GC(188) Pause Mark Start 0.017ms
[294.213s][info][gc,phases   ] GC(188) Concurrent Mark 15.156ms
[294.214s][info][gc,phases   ] GC(188) Pause Mark End 0.021ms
[294.214s][info][gc,phases   ] GC(188) Concurrent Mark Free 0.002ms
[294.214s][info][gc,phases   ] GC(188) Concurrent Process Non-Strong References 0.577ms
[294.214s][info][gc,phases   ] GC(188) Concurrent Reset Relocation Set 0.008ms
[294.218s][info][gc,phases   ] GC(188) Concurrent Select Relocation Set 3.809ms
[294.218s][info][gc,phases   ] GC(188) Pause Relocate Start 0.006ms
[294.222s][info][gc,phases   ] GC(188) Concurrent Relocate 3.353ms
[294.222s][info][gc,load     ] GC(188) Load: 0.00/0.00/0.00
[294.222s][info][gc,mmu      ] GC(188) MMU: 2ms/98.6%, 5ms/99.2%, 10ms/99.6%, 20ms/99.7%, 50ms/99.8%, 100ms/99.9%
[294.222s][info][gc,marking  ] GC(188) Mark: 8 stripe(s), 2 proactive flush(es), 1 terminate flush(es), 0 completion(s), 0 continuation(s) 
[294.222s][info][gc,marking  ] GC(188) Mark Stack Usage: 32M
[294.222s][info][gc,nmethod  ] GC(188) NMethods: 703 registered, 94 unregistered
[294.222s][info][gc,metaspace] GC(188) Metaspace: 9M used, 10M committed, 1088M reserved
[294.222s][info][gc,ref      ] GC(188) Soft: 214 encountered, 0 discovered, 0 enqueued
[294.222s][info][gc,ref      ] GC(188) Weak: 819 encountered, 363 discovered, 0 enqueued
[294.222s][info][gc,ref      ] GC(188) Final: 0 encountered, 0 discovered, 0 enqueued
[294.222s][info][gc,ref      ] GC(188) Phantom: 27 encountered, 20 discovered, 0 enqueued
[294.222s][info][gc,reloc    ] GC(188) Small Pages: 305 / 610M, Empty: 544M, Relocated: 3M, In-Place: 0
[294.222s][info][gc,reloc    ] GC(188) Medium Pages: 0 / 0M, Empty: 0M, Relocated: 0M, In-Place: 0
[294.222s][info][gc,reloc    ] GC(188) Large Pages: 0 / 0M, Empty: 0M, Relocated: 0M, In-Place: 0
[294.222s][info][gc,reloc    ] GC(188) Forwarding Usage: 1M
[294.222s][info][gc,heap     ] GC(188) Min Capacity: 8M(1%)
[294.222s][info][gc,heap     ] GC(188) Max Capacity: 1024M(100%)
[294.222s][info][gc,heap     ] GC(188) Soft Max Capacity: 1024M(100%)
[294.222s][info][gc,heap     ] GC(188)                Mark Start          Mark End        Relocate Start      Relocate End           High               Low         
[294.222s][info][gc,heap     ] GC(188)  Capacity:     1024M (100%)       1024M (100%)       1024M (100%)       1024M (100%)       1024M (100%)       1024M (100%)   
[294.222s][info][gc,heap     ] GC(188)      Free:      414M (40%)         408M (40%)         950M (93%)         992M (97%)         992M (97%)         408M (40%)    
[294.222s][info][gc,heap     ] GC(188)      Used:      610M (60%)         616M (60%)          74M (7%)           32M (3%)          616M (60%)          32M (3%)     
[294.223s][info][gc,heap     ] GC(188)      Live:         -                 6M (1%)            6M (1%)            6M (1%)             -                  -          
[294.223s][info][gc,heap     ] GC(188) Allocated:         -                 6M (1%)            8M (1%)            7M (1%)             -                  -          
[294.223s][info][gc,heap     ] GC(188)   Garbage:         -               603M (59%)          59M (6%)           17M (2%)             -                  -          
[294.223s][info][gc,heap     ] GC(188) Reclaimed:         -                  -               544M (53%)         585M (57%)            -                  -          
[294.223s][info][gc          ] GC(188) Garbage Collection (Proactive) 610M(60%)->32M(3%)
[295.200s][info][gc,start    ] GC(189) Garbage Collection (System.gc())
[295.200s][info][gc,task     ] GC(189) Using 10 workers
[295.200s][info][gc,phases   ] GC(189) Pause Mark Start 0.018ms
[295.211s][info][gc,phases   ] GC(189) Concurrent Mark 10.987ms
[295.212s][info][gc,phases   ] GC(189) Pause Mark End 0.018ms
[295.212s][info][gc,phases   ] GC(189) Concurrent Mark Free 0.001ms
[295.212s][info][gc,phases   ] GC(189) Concurrent Process Non-Strong References 0.534ms
[295.212s][info][gc,phases   ] GC(189) Concurrent Reset Relocation Set 0.006ms
[295.216s][info][gc,phases   ] GC(189) Concurrent Select Relocation Set 3.681ms
[295.216s][info][gc,phases   ] GC(189) Pause Relocate Start 0.006ms
[295.219s][info][gc,phases   ] GC(189) Concurrent Relocate 3.052ms
[295.219s][info][gc,load     ] GC(189) Load: 0.00/0.00/0.00
[295.219s][info][gc,mmu      ] GC(189) MMU: 2ms/98.6%, 5ms/99.2%, 10ms/99.6%, 20ms/99.7%, 50ms/99.8%, 100ms/99.9%
[295.219s][info][gc,marking  ] GC(189) Mark: 8 stripe(s), 1 proactive flush(es), 1 terminate flush(es), 0 completion(s), 0 continuation(s) 
[295.219s][info][gc,marking  ] GC(189) Mark Stack Usage: 32M
[295.219s][info][gc,nmethod  ] GC(189) NMethods: 704 registered, 95 unregistered
[295.219s][info][gc,metaspace] GC(189) Metaspace: 9M used, 10M committed, 1088M reserved
[295.219s][info][gc,ref      ] GC(189) Soft: 214 encountered, 0 discovered, 0 enqueued
[295.219s][info][gc,ref      ] GC(189) Weak: 819 encountered, 28 discovered, 0 enqueued
[295.219s][info][gc,ref      ] GC(189) Final: 0 encountered, 0 discovered, 0 enqueued
[295.219s][info][gc,ref      ] GC(189) Phantom: 27 encountered, 16 discovered, 0 enqueued
[295.219s][info][gc,reloc    ] GC(189) Small Pages: 174 / 348M, Empty: 332M, Relocated: 3M, In-Place: 0
[295.220s][info][gc,reloc    ] GC(189) Medium Pages: 0 / 0M, Empty: 0M, Relocated: 0M, In-Place: 0
[295.220s][info][gc,reloc    ] GC(189) Large Pages: 0 / 0M, Empty: 0M, Relocated: 0M, In-Place: 0
[295.220s][info][gc,reloc    ] GC(189) Forwarding Usage: 1M
[295.220s][info][gc,heap     ] GC(189) Min Capacity: 8M(1%)
[295.220s][info][gc,heap     ] GC(189) Max Capacity: 1024M(100%)
[295.220s][info][gc,heap     ] GC(189) Soft Max Capacity: 1024M(100%)
[295.220s][info][gc,heap     ] GC(189)                Mark Start          Mark End        Relocate Start      Relocate End           High               Low         
[295.220s][info][gc,heap     ] GC(189)  Capacity:     1024M (100%)       1024M (100%)       1024M (100%)       1024M (100%)       1024M (100%)       1024M (100%)   
[295.220s][info][gc,heap     ] GC(189)      Free:      676M (66%)         676M (66%)        1008M (98%)        1008M (98%)        1008M (98%)         676M (66%)    
[295.220s][info][gc,heap     ] GC(189)      Used:      348M (34%)         348M (34%)          16M (2%)           16M (2%)          348M (34%)          16M (2%)     
[295.220s][info][gc,heap     ] GC(189)      Live:         -                 4M (0%)            4M (0%)            4M (0%)             -                  -          
[295.220s][info][gc,heap     ] GC(189) Allocated:         -                 0M (0%)            0M (0%)            0M (0%)             -                  -          
[295.220s][info][gc,heap     ] GC(189)   Garbage:         -               343M (33%)          11M (1%)           11M (1%)             -                  -          
[295.220s][info][gc,heap     ] GC(189) Reclaimed:         -                  -               332M (32%)         332M (32%)            -                  -          
[295.220s][info][gc          ] GC(189) Garbage Collection (System.gc()) 348M(34%)->16M(2%)
[296.709s][info][gc,start    ] GC(190) Garbage Collection (Proactive)
[296.710s][info][gc,task     ] GC(190) Using 10 workers
[296.710s][info][gc,phases   ] GC(190) Pause Mark Start 0.019ms
[296.719s][info][gc,phases   ] GC(190) Concurrent Mark 9.646ms
[296.720s][info][gc,phases   ] GC(190) Pause Mark End 0.020ms
[296.720s][info][gc,phases   ] GC(190) Concurrent Mark Free 0.001ms
[296.720s][info][gc,phases   ] GC(190) Concurrent Process Non-Strong References 0.657ms
[296.721s][info][gc,phases   ] GC(190) Concurrent Reset Relocation Set 0.002ms
[296.727s][info][gc,phases   ] GC(190) Concurrent Select Relocation Set 5.992ms
[296.727s][info][gc,phases   ] GC(190) Pause Relocate Start 0.009ms
[296.730s][info][gc,phases   ] GC(190) Concurrent Relocate 3.497ms
[296.730s][info][gc,load     ] GC(190) Load: 0.00/0.00/0.00
[296.730s][info][gc,mmu      ] GC(190) MMU: 2ms/98.6%, 5ms/99.2%, 10ms/99.6%, 20ms/99.7%, 50ms/99.8%, 100ms/99.9%
[296.730s][info][gc,marking  ] GC(190) Mark: 8 stripe(s), 2 proactive flush(es), 1 terminate flush(es), 0 completion(s), 0 continuation(s) 
[296.730s][info][gc,marking  ] GC(190) Mark Stack Usage: 32M
[296.730s][info][gc,nmethod  ] GC(190) NMethods: 704 registered, 95 unregistered
[296.731s][info][gc,metaspace] GC(190) Metaspace: 9M used, 10M committed, 1088M reserved
[296.731s][info][gc,ref      ] GC(190) Soft: 214 encountered, 0 discovered, 0 enqueued
[296.731s][info][gc,ref      ] GC(190) Weak: 819 encountered, 444 discovered, 0 enqueued
[296.731s][info][gc,ref      ] GC(190) Final: 0 encountered, 0 discovered, 0 enqueued
[296.731s][info][gc,ref      ] GC(190) Phantom: 27 encountered, 23 discovered, 0 enqueued
[296.731s][info][gc,reloc    ] GC(190) Small Pages: 245 / 490M, Empty: 300M, Relocated: 3M, In-Place: 0
[296.731s][info][gc,reloc    ] GC(190) Medium Pages: 0 / 0M, Empty: 0M, Relocated: 0M, In-Place: 0
[296.731s][info][gc,reloc    ] GC(190) Large Pages: 0 / 0M, Empty: 0M, Relocated: 0M, In-Place: 0
[296.731s][info][gc,reloc    ] GC(190) Forwarding Usage: 1M
[296.731s][info][gc,heap     ] GC(190) Min Capacity: 8M(1%)
[296.731s][info][gc,heap     ] GC(190) Max Capacity: 1024M(100%)
[296.731s][info][gc,heap     ] GC(190) Soft Max Capacity: 1024M(100%)
[296.731s][info][gc,heap     ] GC(190)                Mark Start          Mark End        Relocate Start      Relocate End           High               Low         
[296.731s][info][gc,heap     ] GC(190)  Capacity:     1024M (100%)       1024M (100%)       1024M (100%)       1024M (100%)       1024M (100%)       1024M (100%)   
[296.731s][info][gc,heap     ] GC(190)      Free:      534M (52%)         530M (52%)         828M (81%)         992M (97%)         992M (97%)         530M (52%)    
[296.731s][info][gc,heap     ] GC(190)      Used:      490M (48%)         494M (48%)         196M (19%)          32M (3%)          494M (48%)          32M (3%)     
[296.731s][info][gc,heap     ] GC(190)      Live:         -                 6M (1%)            6M (1%)            6M (1%)             -                  -          
[296.731s][info][gc,heap     ] GC(190) Allocated:         -                 4M (0%)            6M (1%)            7M (1%)             -                  -          
[296.731s][info][gc,heap     ] GC(190)   Garbage:         -               483M (47%)         183M (18%)          17M (2%)             -                  -          
[296.731s][info][gc,heap     ] GC(190) Reclaimed:         -                  -               300M (29%)         465M (46%)            -                  -          
[296.731s][info][gc          ] GC(190) Garbage Collection (Proactive) 490M(48%)->32M(3%)
[298.198s][info][gc,start    ] GC(191) Garbage Collection (Proactive)
[298.198s][info][gc,task     ] GC(191) Using 10 workers
[298.199s][info][gc,phases   ] GC(191) Pause Mark Start 0.018ms
[298.214s][info][gc,phases   ] GC(191) Concurrent Mark 15.208ms
[298.214s][info][gc,phases   ] GC(191) Pause Mark End 0.024ms
[298.214s][info][gc,phases   ] GC(191) Concurrent Mark Free 0.001ms
[298.215s][info][gc,phases   ] GC(191) Concurrent Process Non-Strong References 0.588ms
[298.215s][info][gc,phases   ] GC(191) Concurrent Reset Relocation Set 0.014ms
[298.219s][info][gc,phases   ] GC(191) Concurrent Select Relocation Set 3.921ms
[298.219s][info][gc,phases   ] GC(191) Pause Relocate Start 0.009ms
[298.223s][info][gc,phases   ] GC(191) Concurrent Relocate 3.475ms
[298.223s][info][gc,load     ] GC(191) Load: 0.00/0.00/0.00
[298.223s][info][gc,mmu      ] GC(191) MMU: 2ms/98.6%, 5ms/99.2%, 10ms/99.6%, 20ms/99.7%, 50ms/99.8%, 100ms/99.9%
[298.223s][info][gc,marking  ] GC(191) Mark: 8 stripe(s), 2 proactive flush(es), 1 terminate flush(es), 0 completion(s), 0 continuation(s) 
[298.223s][info][gc,marking  ] GC(191) Mark Stack Usage: 32M
[298.223s][info][gc,nmethod  ] GC(191) NMethods: 704 registered, 95 unregistered
[298.223s][info][gc,metaspace] GC(191) Metaspace: 9M used, 10M committed, 1088M reserved
[298.223s][info][gc,ref      ] GC(191) Soft: 214 encountered, 0 discovered, 0 enqueued
[298.223s][info][gc,ref      ] GC(191) Weak: 819 encountered, 59 discovered, 0 enqueued
[298.223s][info][gc,ref      ] GC(191) Final: 0 encountered, 0 discovered, 0 enqueued
[298.223s][info][gc,ref      ] GC(191) Phantom: 27 encountered, 19 discovered, 0 enqueued
[298.223s][info][gc,reloc    ] GC(191) Small Pages: 258 / 516M, Empty: 376M, Relocated: 3M, In-Place: 0
[298.223s][info][gc,reloc    ] GC(191) Medium Pages: 0 / 0M, Empty: 0M, Relocated: 0M, In-Place: 0
[298.223s][info][gc,reloc    ] GC(191) Large Pages: 0 / 0M, Empty: 0M, Relocated: 0M, In-Place: 0
[298.223s][info][gc,reloc    ] GC(191) Forwarding Usage: 1M
[298.223s][info][gc,heap     ] GC(191) Min Capacity: 8M(1%)
[298.223s][info][gc,heap     ] GC(191) Max Capacity: 1024M(100%)
[298.223s][info][gc,heap     ] GC(191) Soft Max Capacity: 1024M(100%)
[298.223s][info][gc,heap     ] GC(191)                Mark Start          Mark End        Relocate Start      Relocate End           High               Low         
[298.223s][info][gc,heap     ] GC(191)  Capacity:     1024M (100%)       1024M (100%)       1024M (100%)       1024M (100%)       1024M (100%)       1024M (100%)   
[298.223s][info][gc,heap     ] GC(191)      Free:      508M (50%)         502M (49%)         876M (86%)         990M (97%)         990M (97%)         502M (49%)    
[298.223s][info][gc,heap     ] GC(191)      Used:      516M (50%)         522M (51%)         148M (14%)          34M (3%)          522M (51%)          34M (3%)     
[298.223s][info][gc,heap     ] GC(191)      Live:         -                 6M (1%)            6M (1%)            6M (1%)             -                  -          
[298.223s][info][gc,heap     ] GC(191) Allocated:         -                 6M (1%)            8M (1%)            9M (1%)             -                  -          
[298.223s][info][gc,heap     ] GC(191)   Garbage:         -               509M (50%)         133M (13%)          17M (2%)             -                  -          
[298.223s][info][gc,heap     ] GC(191) Reclaimed:         -                  -               376M (37%)         491M (48%)            -                  -          
[298.224s][info][gc          ] GC(191) Garbage Collection (Proactive) 516M(50%)->34M(3%)
[299.908s][info][gc,start    ] GC(192) Garbage Collection (Proactive)
[299.908s][info][gc,task     ] GC(192) Using 10 workers
[299.908s][info][gc,phases   ] GC(192) Pause Mark Start 0.028ms
[299.924s][info][gc,phases   ] GC(192) Concurrent Mark 15.133ms
[299.924s][info][gc,phases   ] GC(192) Pause Mark End 0.022ms
[299.924s][info][gc,phases   ] GC(192) Concurrent Mark Free 0.001ms
[299.925s][info][gc,phases   ] GC(192) Concurrent Process Non-Strong References 0.558ms
[299.925s][info][gc,phases   ] GC(192) Concurrent Reset Relocation Set 0.011ms
[299.929s][info][gc,phases   ] GC(192) Concurrent Select Relocation Set 3.871ms
[299.929s][info][gc,phases   ] GC(192) Pause Relocate Start 0.006ms
[299.932s][info][gc,phases   ] GC(192) Concurrent Relocate 3.581ms
[299.932s][info][gc,load     ] GC(192) Load: 0.00/0.00/0.00
[299.932s][info][gc,mmu      ] GC(192) MMU: 2ms/98.6%, 5ms/99.2%, 10ms/99.6%, 20ms/99.7%, 50ms/99.8%, 100ms/99.9%
[299.933s][info][gc,marking  ] GC(192) Mark: 8 stripe(s), 3 proactive flush(es), 1 terminate flush(es), 0 completion(s), 0 continuation(s) 
[299.933s][info][gc,marking  ] GC(192) Mark Stack Usage: 32M
[299.933s][info][gc,nmethod  ] GC(192) NMethods: 704 registered, 95 unregistered
[299.933s][info][gc,metaspace] GC(192) Metaspace: 9M used, 10M committed, 1088M reserved
[299.933s][info][gc,ref      ] GC(192) Soft: 214 encountered, 0 discovered, 0 enqueued
[299.933s][info][gc,ref      ] GC(192) Weak: 819 encountered, 4 discovered, 0 enqueued
[299.933s][info][gc,ref      ] GC(192) Final: 0 encountered, 0 discovered, 0 enqueued
[299.933s][info][gc,ref      ] GC(192) Phantom: 27 encountered, 19 discovered, 0 enqueued
[299.933s][info][gc,reloc    ] GC(192) Small Pages: 284 / 568M, Empty: 446M, Relocated: 3M, In-Place: 0
[299.933s][info][gc,reloc    ] GC(192) Medium Pages: 0 / 0M, Empty: 0M, Relocated: 0M, In-Place: 0
[299.933s][info][gc,reloc    ] GC(192) Large Pages: 0 / 0M, Empty: 0M, Relocated: 0M, In-Place: 0
[299.933s][info][gc,reloc    ] GC(192) Forwarding Usage: 1M
[299.933s][info][gc,heap     ] GC(192) Min Capacity: 8M(1%)
[299.933s][info][gc,heap     ] GC(192) Max Capacity: 1024M(100%)
[299.933s][info][gc,heap     ] GC(192) Soft Max Capacity: 1024M(100%)
[299.933s][info][gc,heap     ] GC(192)                Mark Start          Mark End        Relocate Start      Relocate End           High               Low         
[299.933s][info][gc,heap     ] GC(192)  Capacity:     1024M (100%)       1024M (100%)       1024M (100%)       1024M (100%)       1024M (100%)       1024M (100%)   
[299.933s][info][gc,heap     ] GC(192)      Free:      456M (45%)         448M (44%)         894M (87%)         990M (97%)         990M (97%)         448M (44%)    
[299.933s][info][gc,heap     ] GC(192)      Used:      568M (55%)         576M (56%)         130M (13%)          34M (3%)          576M (56%)          34M (3%)     
[299.933s][info][gc,heap     ] GC(192)      Live:         -                 6M (1%)            6M (1%)            6M (1%)             -                  -          
[299.933s][info][gc,heap     ] GC(192) Allocated:         -                 8M (1%)            8M (1%)            9M (1%)             -                  -          
[299.933s][info][gc,heap     ] GC(192)   Garbage:         -               561M (55%)         115M (11%)          17M (2%)             -                  -          
[299.933s][info][gc,heap     ] GC(192) Reclaimed:         -                  -               446M (44%)         543M (53%)            -                  -          
[299.933s][info][gc          ] GC(192) Garbage Collection (Proactive) 568M(55%)->34M(3%)
[300.111s][info][gc,stats    ] === Garbage Collection Statistics =======================================================================================================================
[300.111s][info][gc,stats    ]                                                              Last 10s              Last 10m              Last 10h                Total
[300.111s][info][gc,stats    ]                                                              Avg / Max             Avg / Max             Avg / Max             Avg / Max
[300.111s][info][gc,stats    ]   Collector: Garbage Collection Cycle                     23.295 / 26.131       26.624 / 78.390       26.624 / 78.390       26.624 / 78.390      ms
[300.111s][info][gc,stats    ]  Contention: Mark Segment Reset Contention                     1 / 5                 0 / 8                 0 / 8                 0 / 8           ops/s
[300.111s][info][gc,stats    ]  Contention: Mark SeqNum Reset Contention                      0 / 2                 0 / 3                 0 / 3                 0 / 3           ops/s
[300.111s][info][gc,stats    ]    Critical: Allocation Stall                                  0 / 0                 0 / 0                 0 / 0                 0 / 0           ops/s
[300.111s][info][gc,stats    ]    Critical: Allocation Stall                              0.000 / 0.000         0.000 / 0.000         0.000 / 0.000         0.000 / 0.000       ms
[300.112s][info][gc,stats    ]    Critical: GC Locker Stall                                   0 / 0                 0 / 0                 0 / 0                 0 / 0           ops/s
[300.112s][info][gc,stats    ]    Critical: GC Locker Stall                               0.000 / 0.000         0.000 / 0.000         0.000 / 0.000         0.000 / 0.000       ms
[300.112s][info][gc,stats    ]    Critical: Relocation Stall                                  0 / 0                 0 / 0                 0 / 0                 0 / 0           ops/s
[300.112s][info][gc,stats    ]    Critical: Relocation Stall                              0.000 / 0.000         0.000 / 0.000         0.000 / 0.000         0.000 / 0.000       ms
[300.112s][info][gc,stats    ]      Memory: Allocation Rate                                 326 / 336             321 / 348             321 / 348             321 / 348         MB/s
[300.112s][info][gc,stats    ]      Memory: Defragment                                        0 / 0                 0 / 0                 0 / 0                 0 / 0           ops/s
[300.112s][info][gc,stats    ]      Memory: Out Of Memory                                     0 / 0                 0 / 0                 0 / 0                 0 / 0           ops/s
[300.112s][info][gc,stats    ]      Memory: Page Cache Flush                                  0 / 0                 0 / 0                 0 / 0                 0 / 0           MB/s
[300.112s][info][gc,stats    ]      Memory: Page Cache Hit L1                               169 / 176             165 / 182             165 / 182             165 / 182         ops/s
[300.112s][info][gc,stats    ]      Memory: Page Cache Hit L2                                 0 / 0                 0 / 0                 0 / 0                 0 / 0           ops/s
[300.112s][info][gc,stats    ]      Memory: Page Cache Hit L3                                 0 / 0                 1 / 103               1 / 103               1 / 103         ops/s
[300.112s][info][gc,stats    ]      Memory: Page Cache Miss                                   0 / 0                 0 / 1                 0 / 1                 0 / 1           ops/s
[300.112s][info][gc,stats    ]      Memory: Uncommit                                          0 / 0                 0 / 0                 0 / 0                 0 / 0           MB/s
[300.112s][info][gc,stats    ]      Memory: Undo Object Allocation Failed                     0 / 1                 0 / 6                 0 / 6                 0 / 6           ops/s
[300.112s][info][gc,stats    ]      Memory: Undo Object Allocation Succeeded                  0 / 3                 0 / 5                 0 / 5                 0 / 5           ops/s
[300.112s][info][gc,stats    ]      Memory: Undo Page Allocation                              2 / 6                 1 / 6                 1 / 6                 1 / 6           ops/s
[300.112s][info][gc,stats    ]       Phase: Concurrent Mark                              13.796 / 15.242       15.615 / 34.706       15.615 / 34.706       15.615 / 34.706      ms
[300.112s][info][gc,stats    ]       Phase: Concurrent Mark Continue                      0.000 / 0.000         0.000 / 0.000         0.000 / 0.000         0.000 / 0.000       ms
[300.112s][info][gc,stats    ]       Phase: Concurrent Mark Free                          0.001 / 0.002         0.001 / 0.002         0.001 / 0.002         0.001 / 0.002       ms
[300.112s][info][gc,stats    ]       Phase: Concurrent Process Non-Strong References      0.580 / 0.657         0.970 / 7.426         0.970 / 7.426         0.970 / 7.426       ms
[300.112s][info][gc,stats    ]       Phase: Concurrent Relocate                           3.403 / 3.581         3.623 / 12.244        3.623 / 12.244        3.623 / 12.244      ms
[300.112s][info][gc,stats    ]       Phase: Concurrent Reset Relocation Set               0.008 / 0.014         0.008 / 0.016         0.008 / 0.016         0.008 / 0.016       ms
[300.112s][info][gc,stats    ]       Phase: Concurrent Select Relocation Set              4.413 / 5.992         4.855 / 14.229        4.855 / 14.229        4.855 / 14.229      ms
[300.112s][info][gc,stats    ]       Phase: Pause Mark End                                0.021 / 0.024         0.021 / 0.027         0.021 / 0.027         0.021 / 0.027       ms
[300.112s][info][gc,stats    ]       Phase: Pause Mark Start                              0.019 / 0.028         0.017 / 0.029         0.017 / 0.029         0.017 / 0.029       ms
[300.112s][info][gc,stats    ]       Phase: Pause Relocate Start                          0.007 / 0.009         0.008 / 0.014         0.008 / 0.014         0.008 / 0.014       ms
[300.112s][info][gc,stats    ]    Subphase: Concurrent Classes Purge                      0.007 / 0.021         0.050 / 5.468         0.050 / 5.468         0.050 / 5.468       ms
[300.112s][info][gc,stats    ]    Subphase: Concurrent Classes Unlink                     0.262 / 0.280         0.571 / 5.860         0.571 / 5.860         0.571 / 5.860       ms
[300.113s][info][gc,stats    ]    Subphase: Concurrent Mark                              11.836 / 14.129       12.651 / 31.718       12.651 / 31.718       12.651 / 31.718      ms
[300.113s][info][gc,stats    ]    Subphase: Concurrent Mark Try Flush                     0.073 / 0.112         0.072 / 0.242         0.072 / 0.242         0.072 / 0.242       ms
[300.113s][info][gc,stats    ]    Subphase: Concurrent Mark Try Terminate                 6.460 / 11.323        7.368 / 17.080        7.368 / 17.080        7.368 / 17.080      ms
[300.113s][info][gc,stats    ]    Subphase: Concurrent References Enqueue                 0.000 / 0.000         0.000 / 0.005         0.000 / 0.005         0.000 / 0.005       ms
[300.113s][info][gc,stats    ]    Subphase: Concurrent References Process                 0.049 / 0.076         0.043 / 0.088         0.043 / 0.088         0.043 / 0.088       ms
[300.113s][info][gc,stats    ]    Subphase: Concurrent Roots ClassLoaderDataGraph         0.093 / 0.470         0.086 / 0.868         0.086 / 0.868         0.086 / 0.868       ms
[300.113s][info][gc,stats    ]    Subphase: Concurrent Roots CodeCache                    0.000 / 0.000         0.000 / 0.000         0.000 / 0.000         0.000 / 0.000       ms
[300.113s][info][gc,stats    ]    Subphase: Concurrent Roots JavaThreads                  0.603 / 1.074         0.544 / 2.549         0.544 / 2.549         0.544 / 2.549       ms
[300.113s][info][gc,stats    ]    Subphase: Concurrent Roots OopStorageSet                0.018 / 0.051         0.017 / 0.219         0.017 / 0.219         0.017 / 0.219       ms
[300.113s][info][gc,stats    ]    Subphase: Concurrent Weak Roots OopStorageSet           0.132 / 0.145         0.139 / 1.443         0.139 / 1.443         0.139 / 1.443       ms
[300.113s][info][gc,stats    ]    Subphase: Pause Mark Try Complete                       0.000 / 0.000         0.000 / 0.000         0.000 / 0.000         0.000 / 0.000       ms
[300.113s][info][gc,stats    ]      System: Java Threads                                     43 / 43               37 / 43               37 / 43               37 / 43          threads
[300.113s][info][gc,stats    ] =========================================================================================================================================================
[301.098s][info][gc,heap     ] Uncommitted: 144M(14%)
[301.408s][info][gc,start    ] GC(193) Garbage Collection (Proactive)
[301.408s][info][gc,task     ] GC(193) Using 10 workers
[301.408s][info][gc,phases   ] GC(193) Pause Mark Start 0.019ms
[301.423s][info][gc,phases   ] GC(193) Concurrent Mark 15.181ms
[301.424s][info][gc,phases   ] GC(193) Pause Mark End 0.022ms
[301.424s][info][gc,phases   ] GC(193) Concurrent Mark Free 0.002ms
[301.424s][info][gc,phases   ] GC(193) Concurrent Process Non-Strong References 0.562ms
[301.424s][info][gc,phases   ] GC(193) Concurrent Reset Relocation Set 0.009ms
[301.428s][info][gc,phases   ] GC(193) Concurrent Select Relocation Set 3.800ms
[301.428s][info][gc,phases   ] GC(193) Pause Relocate Start 0.011ms
[301.433s][info][gc,phases   ] GC(193) Concurrent Relocate 4.252ms
[301.433s][info][gc,load     ] GC(193) Load: 0.00/0.00/0.00
[301.433s][info][gc,mmu      ] GC(193) MMU: 2ms/98.6%, 5ms/99.2%, 10ms/99.6%, 20ms/99.7%, 50ms/99.8%, 100ms/99.9%
[301.433s][info][gc,marking  ] GC(193) Mark: 8 stripe(s), 2 proactive flush(es), 1 terminate flush(es), 0 completion(s), 0 continuation(s) 
[301.433s][info][gc,marking  ] GC(193) Mark Stack Usage: 32M
[301.433s][info][gc,nmethod  ] GC(193) NMethods: 704 registered, 95 unregistered
[301.433s][info][gc,metaspace] GC(193) Metaspace: 9M used, 10M committed, 1088M reserved
[301.433s][info][gc,ref      ] GC(193) Soft: 214 encountered, 0 discovered, 0 enqueued
[301.433s][info][gc,ref      ] GC(193) Weak: 819 encountered, 44 discovered, 0 enqueued
[301.433s][info][gc,ref      ] GC(193) Final: 0 encountered, 0 discovered, 0 enqueued
[301.433s][info][gc,ref      ] GC(193) Phantom: 27 encountered, 19 discovered, 0 enqueued
[301.433s][info][gc,reloc    ] GC(193) Small Pages: 254 / 508M, Empty: 410M, Relocated: 3M, In-Place: 0
[301.433s][info][gc,reloc    ] GC(193) Medium Pages: 0 / 0M, Empty: 0M, Relocated: 0M, In-Place: 0
[301.433s][info][gc,reloc    ] GC(193) Large Pages: 0 / 0M, Empty: 0M, Relocated: 0M, In-Place: 0
[301.433s][info][gc,reloc    ] GC(193) Forwarding Usage: 1M
[301.433s][info][gc,heap     ] GC(193) Min Capacity: 8M(1%)
[301.433s][info][gc,heap     ] GC(193) Max Capacity: 1024M(100%)
[301.433s][info][gc,heap     ] GC(193) Soft Max Capacity: 1024M(100%)
[301.433s][info][gc,heap     ] GC(193)                Mark Start          Mark End        Relocate Start      Relocate End           High               Low         
[301.433s][info][gc,heap     ] GC(193)  Capacity:      880M (86%)         880M (86%)         880M (86%)         880M (86%)         880M (86%)         880M (86%)    
[301.433s][info][gc,heap     ] GC(193)      Free:      516M (50%)         510M (50%)         918M (90%)         990M (97%)         990M (97%)         510M (50%)    
[301.433s][info][gc,heap     ] GC(193)      Used:      508M (50%)         514M (50%)         106M (10%)          34M (3%)          514M (50%)          34M (3%)     
[301.433s][info][gc,heap     ] GC(193)      Live:         -                 6M (1%)            6M (1%)            6M (1%)             -                  -          
[301.433s][info][gc,heap     ] GC(193) Allocated:         -                 6M (1%)            8M (1%)            9M (1%)             -                  -          
[301.434s][info][gc,heap     ] GC(193)   Garbage:         -               501M (49%)          91M (9%)           17M (2%)             -                  -          
[301.434s][info][gc,heap     ] GC(193) Reclaimed:         -                  -               410M (40%)         483M (47%)            -                  -          
[301.434s][info][gc          ] GC(193) Garbage Collection (Proactive) 508M(50%)->34M(3%)
[301.987s][info][gc,start    ] GC(194) Garbage Collection (System.gc())
[301.987s][info][gc,task     ] GC(194) Using 10 workers
[301.987s][info][gc,phases   ] GC(194) Pause Mark Start 0.018ms
[302.001s][info][gc,phases   ] GC(194) Concurrent Mark 14.155ms
[302.001s][info][gc,phases   ] GC(194) Pause Mark End 0.018ms
[302.002s][info][gc,phases   ] GC(194) Concurrent Mark Free 0.001ms
[302.002s][info][gc,phases   ] GC(194) Concurrent Process Non-Strong References 0.527ms
[302.002s][info][gc,phases   ] GC(194) Concurrent Reset Relocation Set 0.008ms
[302.006s][info][gc,phases   ] GC(194) Concurrent Select Relocation Set 3.813ms
[302.006s][info][gc,phases   ] GC(194) Pause Relocate Start 0.006ms
[302.009s][info][gc,phases   ] GC(194) Concurrent Relocate 2.975ms
[302.009s][info][gc,load     ] GC(194) Load: 0.00/0.00/0.00
[302.009s][info][gc,mmu      ] GC(194) MMU: 2ms/98.6%, 5ms/99.2%, 10ms/99.6%, 20ms/99.7%, 50ms/99.8%, 100ms/99.9%
[302.009s][info][gc,marking  ] GC(194) Mark: 8 stripe(s), 2 proactive flush(es), 1 terminate flush(es), 0 completion(s), 0 continuation(s) 
[302.009s][info][gc,marking  ] GC(194) Mark Stack Usage: 32M
[302.009s][info][gc,nmethod  ] GC(194) NMethods: 705 registered, 95 unregistered
[302.009s][info][gc,metaspace] GC(194) Metaspace: 9M used, 10M committed, 1088M reserved
[302.009s][info][gc,ref      ] GC(194) Soft: 214 encountered, 0 discovered, 0 enqueued
[302.009s][info][gc,ref      ] GC(194) Weak: 819 encountered, 21 discovered, 0 enqueued
[302.009s][info][gc,ref      ] GC(194) Final: 0 encountered, 0 discovered, 0 enqueued
[302.009s][info][gc,ref      ] GC(194) Phantom: 27 encountered, 21 discovered, 0 enqueued
[302.009s][info][gc,reloc    ] GC(194) Small Pages: 100 / 200M, Empty: 184M, Relocated: 3M, In-Place: 0
[302.009s][info][gc,reloc    ] GC(194) Medium Pages: 0 / 0M, Empty: 0M, Relocated: 0M, In-Place: 0
[302.010s][info][gc,reloc    ] GC(194) Large Pages: 0 / 0M, Empty: 0M, Relocated: 0M, In-Place: 0
[302.010s][info][gc,reloc    ] GC(194) Forwarding Usage: 1M
[302.010s][info][gc,heap     ] GC(194) Min Capacity: 8M(1%)
[302.010s][info][gc,heap     ] GC(194) Max Capacity: 1024M(100%)
[302.010s][info][gc,heap     ] GC(194) Soft Max Capacity: 1024M(100%)
[302.010s][info][gc,heap     ] GC(194)                Mark Start          Mark End        Relocate Start      Relocate End           High               Low         
[302.010s][info][gc,heap     ] GC(194)  Capacity:      880M (86%)         880M (86%)         880M (86%)         880M (86%)         880M (86%)         880M (86%)    
[302.010s][info][gc,heap     ] GC(194)      Free:      824M (80%)         824M (80%)        1008M (98%)        1008M (98%)        1008M (98%)         824M (80%)    
[302.010s][info][gc,heap     ] GC(194)      Used:      200M (20%)         200M (20%)          16M (2%)           16M (2%)          200M (20%)          16M (2%)     
[302.010s][info][gc,heap     ] GC(194)      Live:         -                 4M (0%)            4M (0%)            4M (0%)             -                  -          
[302.010s][info][gc,heap     ] GC(194) Allocated:         -                 0M (0%)            0M (0%)            0M (0%)             -                  -          
[302.010s][info][gc,heap     ] GC(194)   Garbage:         -               195M (19%)          11M (1%)           11M (1%)             -                  -          
[302.010s][info][gc,heap     ] GC(194) Reclaimed:         -                  -               184M (18%)         184M (18%)            -                  -          
[302.010s][info][gc          ] GC(194) Garbage Collection (System.gc()) 200M(20%)->16M(2%)
[303.407s][info][gc,start    ] GC(195) Garbage Collection (Proactive)
[303.407s][info][gc,task     ] GC(195) Using 10 workers
[303.408s][info][gc,phases   ] GC(195) Pause Mark Start 0.017ms
[303.423s][info][gc,phases   ] GC(195) Concurrent Mark 15.156ms
[303.423s][info][gc,phases   ] GC(195) Pause Mark End 0.025ms
[303.423s][info][gc,phases   ] GC(195) Concurrent Mark Free 0.001ms
[303.424s][info][gc,phases   ] GC(195) Concurrent Process Non-Strong References 0.578ms
[303.424s][info][gc,phases   ] GC(195) Concurrent Reset Relocation Set 0.002ms
[303.430s][info][gc,phases   ] GC(195) Concurrent Select Relocation Set 6.020ms
[303.430s][info][gc,phases   ] GC(195) Pause Relocate Start 0.009ms
[303.433s][info][gc,phases   ] GC(195) Concurrent Relocate 3.394ms
[303.434s][info][gc,load     ] GC(195) Load: 0.00/0.00/0.00
[303.434s][info][gc,mmu      ] GC(195) MMU: 2ms/98.6%, 5ms/99.2%, 10ms/99.6%, 20ms/99.7%, 50ms/99.8%, 100ms/99.9%
[303.434s][info][gc,marking  ] GC(195) Mark: 8 stripe(s), 2 proactive flush(es), 1 terminate flush(es), 0 completion(s), 0 continuation(s) 
[303.434s][info][gc,marking  ] GC(195) Mark Stack Usage: 32M
[303.434s][info][gc,nmethod  ] GC(195) NMethods: 706 registered, 95 unregistered
[303.434s][info][gc,metaspace] GC(195) Metaspace: 9M used, 10M committed, 1088M reserved
[303.434s][info][gc,ref      ] GC(195) Soft: 214 encountered, 0 discovered, 0 enqueued
[303.434s][info][gc,ref      ] GC(195) Weak: 819 encountered, 35 discovered, 0 enqueued
[303.434s][info][gc,ref      ] GC(195) Final: 0 encountered, 0 discovered, 0 enqueued
[303.434s][info][gc,ref      ] GC(195) Phantom: 27 encountered, 22 discovered, 0 enqueued
[303.434s][info][gc,reloc    ] GC(195) Small Pages: 230 / 460M, Empty: 270M, Relocated: 3M, In-Place: 0
[303.434s][info][gc,reloc    ] GC(195) Medium Pages: 0 / 0M, Empty: 0M, Relocated: 0M, In-Place: 0
[303.434s][info][gc,reloc    ] GC(195) Large Pages: 0 / 0M, Empty: 0M, Relocated: 0M, In-Place: 0
[303.434s][info][gc,reloc    ] GC(195) Forwarding Usage: 1M
[303.434s][info][gc,heap     ] GC(195) Min Capacity: 8M(1%)
[303.434s][info][gc,heap     ] GC(195) Max Capacity: 1024M(100%)
[303.434s][info][gc,heap     ] GC(195) Soft Max Capacity: 1024M(100%)
[303.434s][info][gc,heap     ] GC(195)                Mark Start          Mark End        Relocate Start      Relocate End           High               Low         
[303.434s][info][gc,heap     ] GC(195)  Capacity:      880M (86%)         880M (86%)         880M (86%)         880M (86%)         880M (86%)         880M (86%)    
[303.434s][info][gc,heap     ] GC(195)      Free:      564M (55%)         558M (54%)         826M (81%)         990M (97%)         990M (97%)         558M (54%)    
[303.434s][info][gc,heap     ] GC(195)      Used:      460M (45%)         466M (46%)         198M (19%)          34M (3%)          466M (46%)          34M (3%)     
[303.434s][info][gc,heap     ] GC(195)      Live:         -                 6M (1%)            6M (1%)            6M (1%)             -                  -          
[303.434s][info][gc,heap     ] GC(195) Allocated:         -                 6M (1%)            8M (1%)            9M (1%)             -                  -          
[303.434s][info][gc,heap     ] GC(195)   Garbage:         -               453M (44%)         183M (18%)          17M (2%)             -                  -          
[303.434s][info][gc,heap     ] GC(195) Reclaimed:         -                  -               270M (26%)         435M (43%)            -                  -          
[303.434s][info][gc          ] GC(195) Garbage Collection (Proactive) 460M(45%)->34M(3%)
[305.001s][info][gc,start    ] GC(196) Garbage Collection (Proactive)
[305.001s][info][gc,task     ] GC(196) Using 10 workers
[305.001s][info][gc,phases   ] GC(196) Pause Mark Start 0.018ms
[305.016s][info][gc,phases   ] GC(196) Concurrent Mark 15.174ms
[305.016s][info][gc,phases   ] GC(196) Pause Mark End 0.023ms
[305.016s][info][gc,phases   ] GC(196) Concurrent Mark Free 0.002ms
[305.017s][info][gc,phases   ] GC(196) Concurrent Process Non-Strong References 0.559ms
[305.017s][info][gc,phases   ] GC(196) Concurrent Reset Relocation Set 0.014ms
[305.021s][info][gc,phases   ] GC(196) Concurrent Select Relocation Set 3.923ms
[305.021s][info][gc,phases   ] GC(196) Pause Relocate Start 0.011ms
[305.025s][info][gc,phases   ] GC(196) Concurrent Relocate 3.269ms
[305.025s][info][gc,load     ] GC(196) Load: 0.00/0.00/0.00
[305.025s][info][gc,mmu      ] GC(196) MMU: 2ms/98.6%, 5ms/99.2%, 10ms/99.6%, 20ms/99.7%, 50ms/99.8%, 100ms/99.9%
[305.025s][info][gc,marking  ] GC(196) Mark: 8 stripe(s), 2 proactive flush(es), 1 terminate flush(es), 0 completion(s), 0 continuation(s) 
[305.025s][info][gc,marking  ] GC(196) Mark Stack Usage: 32M
[305.025s][info][gc,nmethod  ] GC(196) NMethods: 706 registered, 95 unregistered
[305.025s][info][gc,metaspace] GC(196) Metaspace: 9M used, 10M committed, 1088M reserved
[305.025s][info][gc,ref      ] GC(196) Soft: 214 encountered, 0 discovered, 0 enqueued
[305.025s][info][gc,ref      ] GC(196) Weak: 819 encountered, 12 discovered, 0 enqueued
[305.025s][info][gc,ref      ] GC(196) Final: 0 encountered, 0 discovered, 0 enqueued
[305.025s][info][gc,ref      ] GC(196) Phantom: 27 encountered, 21 discovered, 0 enqueued
[305.025s][info][gc,reloc    ] GC(196) Small Pages: 265 / 530M, Empty: 428M, Relocated: 3M, In-Place: 0
[305.025s][info][gc,reloc    ] GC(196) Medium Pages: 0 / 0M, Empty: 0M, Relocated: 0M, In-Place: 0
[305.025s][info][gc,reloc    ] GC(196) Large Pages: 0 / 0M, Empty: 0M, Relocated: 0M, In-Place: 0
[305.025s][info][gc,reloc    ] GC(196) Forwarding Usage: 1M
[305.025s][info][gc,heap     ] GC(196) Min Capacity: 8M(1%)
[305.025s][info][gc,heap     ] GC(196) Max Capacity: 1024M(100%)
[305.025s][info][gc,heap     ] GC(196) Soft Max Capacity: 1024M(100%)
[305.025s][info][gc,heap     ] GC(196)                Mark Start          Mark End        Relocate Start      Relocate End           High               Low         
[305.025s][info][gc,heap     ] GC(196)  Capacity:      880M (86%)         880M (86%)         880M (86%)         880M (86%)         880M (86%)         880M (86%)    
[305.025s][info][gc,heap     ] GC(196)      Free:      494M (48%)         488M (48%)         914M (89%)         990M (97%)         990M (97%)         486M (47%)    
[305.025s][info][gc,heap     ] GC(196)      Used:      530M (52%)         536M (52%)         110M (11%)          34M (3%)          538M (53%)          34M (3%)     
[305.025s][info][gc,heap     ] GC(196)      Live:         -                 6M (1%)            6M (1%)            6M (1%)             -                  -          
[305.025s][info][gc,heap     ] GC(196) Allocated:         -                 6M (1%)            8M (1%)            9M (1%)             -                  -          
[305.025s][info][gc,heap     ] GC(196)   Garbage:         -               523M (51%)          95M (9%)           17M (2%)             -                  -          
[305.025s][info][gc,heap     ] GC(196) Reclaimed:         -                  -               428M (42%)         505M (49%)            -                  -          
[305.026s][info][gc          ] GC(196) Garbage Collection (Proactive) 530M(52%)->34M(3%)
[306.500s][info][gc,start    ] GC(197) Garbage Collection (Proactive)
[306.500s][info][gc,task     ] GC(197) Using 10 workers
[306.500s][info][gc,phases   ] GC(197) Pause Mark Start 0.018ms
[306.516s][info][gc,phases   ] GC(197) Concurrent Mark 15.244ms
[306.516s][info][gc,phases   ] GC(197) Pause Mark End 0.022ms
[306.516s][info][gc,phases   ] GC(197) Concurrent Mark Free 0.001ms
[306.517s][info][gc,phases   ] GC(197) Concurrent Process Non-Strong References 0.558ms
[306.517s][info][gc,phases   ] GC(197) Concurrent Reset Relocation Set 0.009ms
[306.523s][info][gc,phases   ] GC(197) Concurrent Select Relocation Set 5.958ms
[306.523s][info][gc,phases   ] GC(197) Pause Relocate Start 0.009ms
[306.526s][info][gc,phases   ] GC(197) Concurrent Relocate 3.423ms
[306.527s][info][gc,load     ] GC(197) Load: 0.00/0.00/0.00
[306.527s][info][gc,mmu      ] GC(197) MMU: 2ms/98.6%, 5ms/99.2%, 10ms/99.6%, 20ms/99.7%, 50ms/99.8%, 100ms/99.9%
[306.527s][info][gc,marking  ] GC(197) Mark: 8 stripe(s), 2 proactive flush(es), 1 terminate flush(es), 0 completion(s), 0 continuation(s) 
[306.527s][info][gc,marking  ] GC(197) Mark Stack Usage: 32M
[306.527s][info][gc,nmethod  ] GC(197) NMethods: 706 registered, 95 unregistered
[306.527s][info][gc,metaspace] GC(197) Metaspace: 9M used, 10M committed, 1088M reserved
[306.527s][info][gc,ref      ] GC(197) Soft: 214 encountered, 0 discovered, 0 enqueued
[306.527s][info][gc,ref      ] GC(197) Weak: 819 encountered, 51 discovered, 0 enqueued
[306.527s][info][gc,ref      ] GC(197) Final: 0 encountered, 0 discovered, 0 enqueued
[306.527s][info][gc,ref      ] GC(197) Phantom: 27 encountered, 22 discovered, 0 enqueued
[306.527s][info][gc,reloc    ] GC(197) Small Pages: 248 / 496M, Empty: 422M, Relocated: 3M, In-Place: 0
[306.527s][info][gc,reloc    ] GC(197) Medium Pages: 0 / 0M, Empty: 0M, Relocated: 0M, In-Place: 0
[306.527s][info][gc,reloc    ] GC(197) Large Pages: 0 / 0M, Empty: 0M, Relocated: 0M, In-Place: 0
[306.527s][info][gc,reloc    ] GC(197) Forwarding Usage: 1M
[306.527s][info][gc,heap     ] GC(197) Min Capacity: 8M(1%)
[306.527s][info][gc,heap     ] GC(197) Max Capacity: 1024M(100%)
[306.527s][info][gc,heap     ] GC(197) Soft Max Capacity: 1024M(100%)
[306.527s][info][gc,heap     ] GC(197)                Mark Start          Mark End        Relocate Start      Relocate End           High               Low         
[306.527s][info][gc,heap     ] GC(197)  Capacity:      880M (86%)         880M (86%)         880M (86%)         880M (86%)         880M (86%)         880M (86%)    
[306.527s][info][gc,heap     ] GC(197)      Free:      528M (52%)         520M (51%)         940M (92%)         990M (97%)         990M (97%)         520M (51%)    
[306.527s][info][gc,heap     ] GC(197)      Used:      496M (48%)         504M (49%)          84M (8%)           34M (3%)          504M (49%)          34M (3%)     
[306.527s][info][gc,heap     ] GC(197)      Live:         -                 6M (1%)            6M (1%)            6M (1%)             -                  -          
[306.527s][info][gc,heap     ] GC(197) Allocated:         -                 8M (1%)           10M (1%)            9M (1%)             -                  -          
[306.527s][info][gc,heap     ] GC(197)   Garbage:         -               489M (48%)          67M (7%)           17M (2%)             -                  -          
[306.527s][info][gc,heap     ] GC(197) Reclaimed:         -                  -               422M (41%)         471M (46%)            -                  -          
[306.527s][info][gc          ] GC(197) Garbage Collection (Proactive) 496M(48%)->34M(3%)
[308.009s][info][gc,start    ] GC(198) Garbage Collection (Proactive)
[308.009s][info][gc,task     ] GC(198) Using 10 workers
[308.009s][info][gc,phases   ] GC(198) Pause Mark Start 0.018ms
[308.024s][info][gc,phases   ] GC(198) Concurrent Mark 15.161ms
[308.025s][info][gc,phases   ] GC(198) Pause Mark End 0.021ms
[308.025s][info][gc,phases   ] GC(198) Concurrent Mark Free 0.002ms
[308.025s][info][gc,phases   ] GC(198) Concurrent Process Non-Strong References 0.570ms
[308.025s][info][gc,phases   ] GC(198) Concurrent Reset Relocation Set 0.005ms
[308.029s][info][gc,phases   ] GC(198) Concurrent Select Relocation Set 3.855ms
[308.029s][info][gc,phases   ] GC(198) Pause Relocate Start 0.008ms
[308.033s][info][gc,phases   ] GC(198) Concurrent Relocate 3.544ms
[308.033s][info][gc,load     ] GC(198) Load: 0.00/0.00/0.00
[308.033s][info][gc,mmu      ] GC(198) MMU: 2ms/98.6%, 5ms/99.2%, 10ms/99.6%, 20ms/99.7%, 50ms/99.8%, 100ms/99.9%
[308.033s][info][gc,marking  ] GC(198) Mark: 8 stripe(s), 3 proactive flush(es), 1 terminate flush(es), 0 completion(s), 0 continuation(s) 
[308.033s][info][gc,marking  ] GC(198) Mark Stack Usage: 32M
[308.033s][info][gc,nmethod  ] GC(198) NMethods: 706 registered, 95 unregistered
[308.033s][info][gc,metaspace] GC(198) Metaspace: 9M used, 10M committed, 1088M reserved
[308.033s][info][gc,ref      ] GC(198) Soft: 214 encountered, 0 discovered, 0 enqueued
[308.033s][info][gc,ref      ] GC(198) Weak: 819 encountered, 43 discovered, 0 enqueued
[308.033s][info][gc,ref      ] GC(198) Final: 0 encountered, 0 discovered, 0 enqueued
[308.033s][info][gc,ref      ] GC(198) Phantom: 27 encountered, 19 discovered, 0 enqueued
[308.033s][info][gc,reloc    ] GC(198) Small Pages: 252 / 504M, Empty: 448M, Relocated: 3M, In-Place: 0
[308.033s][info][gc,reloc    ] GC(198) Medium Pages: 0 / 0M, Empty: 0M, Relocated: 0M, In-Place: 0
[308.033s][info][gc,reloc    ] GC(198) Large Pages: 0 / 0M, Empty: 0M, Relocated: 0M, In-Place: 0
[308.033s][info][gc,reloc    ] GC(198) Forwarding Usage: 1M
[308.033s][info][gc,heap     ] GC(198) Min Capacity: 8M(1%)
[308.034s][info][gc,heap     ] GC(198) Max Capacity: 1024M(100%)
[308.034s][info][gc,heap     ] GC(198) Soft Max Capacity: 1024M(100%)
[308.034s][info][gc,heap     ] GC(198)                Mark Start          Mark End        Relocate Start      Relocate End           High               Low         
[308.034s][info][gc,heap     ] GC(198)  Capacity:      880M (86%)         880M (86%)         880M (86%)         880M (86%)         880M (86%)         880M (86%)    
[308.034s][info][gc,heap     ] GC(198)      Free:      520M (51%)         512M (50%)         960M (94%)         990M (97%)         990M (97%)         512M (50%)    
[308.034s][info][gc,heap     ] GC(198)      Used:      504M (49%)         512M (50%)          64M (6%)           34M (3%)          512M (50%)          34M (3%)     
[308.034s][info][gc,heap     ] GC(198)      Live:         -                 6M (1%)            6M (1%)            6M (1%)             -                  -          
[308.034s][info][gc,heap     ] GC(198) Allocated:         -                 8M (1%)            8M (1%)            9M (1%)             -                  -          
[308.034s][info][gc,heap     ] GC(198)   Garbage:         -               497M (49%)          49M (5%)           17M (2%)             -                  -          
[308.034s][info][gc,heap     ] GC(198) Reclaimed:         -                  -               448M (44%)         479M (47%)            -                  -          
[308.034s][info][gc          ] GC(198) Garbage Collection (Proactive) 504M(49%)->34M(3%)
[308.894s][info][gc,start    ] GC(199) Garbage Collection (System.gc())
[308.894s][info][gc,task     ] GC(199) Using 10 workers
[308.894s][info][gc,phases   ] GC(199) Pause Mark Start 0.017ms
[308.912s][info][gc,phases   ] GC(199) Concurrent Mark 17.572ms
[308.912s][info][gc,phases   ] GC(199) Pause Mark End 0.018ms
[308.912s][info][gc,phases   ] GC(199) Concurrent Mark Free 0.001ms
[308.912s][info][gc,phases   ] GC(199) Concurrent Process Non-Strong References 0.548ms
[308.913s][info][gc,phases   ] GC(199) Concurrent Reset Relocation Set 0.004ms
[308.916s][info][gc,phases   ] GC(199) Concurrent Select Relocation Set 3.766ms
[308.916s][info][gc,phases   ] GC(199) Pause Relocate Start 0.006ms
[308.919s][info][gc,phases   ] GC(199) Concurrent Relocate 3.033ms
[308.920s][info][gc,load     ] GC(199) Load: 0.00/0.00/0.00
[308.920s][info][gc,mmu      ] GC(199) MMU: 2ms/98.6%, 5ms/99.2%, 10ms/99.6%, 20ms/99.7%, 50ms/99.8%, 100ms/99.9%
[308.920s][info][gc,marking  ] GC(199) Mark: 8 stripe(s), 1 proactive flush(es), 1 terminate flush(es), 0 completion(s), 0 continuation(s) 
[308.920s][info][gc,marking  ] GC(199) Mark Stack Usage: 32M
[308.920s][info][gc,nmethod  ] GC(199) NMethods: 706 registered, 95 unregistered
[308.920s][info][gc,metaspace] GC(199) Metaspace: 9M used, 10M committed, 1088M reserved
[308.920s][info][gc,ref      ] GC(199) Soft: 214 encountered, 0 discovered, 0 enqueued
[308.920s][info][gc,ref      ] GC(199) Weak: 819 encountered, 37 discovered, 0 enqueued
[308.920s][info][gc,ref      ] GC(199) Final: 0 encountered, 0 discovered, 0 enqueued
[308.920s][info][gc,ref      ] GC(199) Phantom: 27 encountered, 22 discovered, 0 enqueued
[308.920s][info][gc,reloc    ] GC(199) Small Pages: 154 / 308M, Empty: 286M, Relocated: 3M, In-Place: 0
[308.920s][info][gc,reloc    ] GC(199) Medium Pages: 0 / 0M, Empty: 0M, Relocated: 0M, In-Place: 0
[308.920s][info][gc,reloc    ] GC(199) Large Pages: 0 / 0M, Empty: 0M, Relocated: 0M, In-Place: 0
[308.920s][info][gc,reloc    ] GC(199) Forwarding Usage: 1M
[308.920s][info][gc,heap     ] GC(199) Min Capacity: 8M(1%)
[308.920s][info][gc,heap     ] GC(199) Max Capacity: 1024M(100%)
[308.920s][info][gc,heap     ] GC(199) Soft Max Capacity: 1024M(100%)
[308.920s][info][gc,heap     ] GC(199)                Mark Start          Mark End        Relocate Start      Relocate End           High               Low         
[308.920s][info][gc,heap     ] GC(199)  Capacity:      880M (86%)         880M (86%)         880M (86%)         880M (86%)         880M (86%)         880M (86%)    
[308.920s][info][gc,heap     ] GC(199)      Free:      716M (70%)         716M (70%)        1002M (98%)        1002M (98%)        1002M (98%)         716M (70%)    
[308.920s][info][gc,heap     ] GC(199)      Used:      308M (30%)         308M (30%)          22M (2%)           22M (2%)          308M (30%)          22M (2%)     
[308.920s][info][gc,heap     ] GC(199)      Live:         -                 4M (0%)            4M (0%)            4M (0%)             -                  -          
[308.920s][info][gc,heap     ] GC(199) Allocated:         -                 0M (0%)            0M (0%)            0M (0%)             -                  -          
[308.920s][info][gc,heap     ] GC(199)   Garbage:         -               303M (30%)          17M (2%)           17M (2%)             -                  -          
[308.920s][info][gc,heap     ] GC(199) Reclaimed:         -                  -               286M (28%)         286M (28%)            -                  -          
[308.920s][info][gc          ] GC(199) Garbage Collection (System.gc()) 308M(30%)->22M(2%)
[310.099s][info][gc,stats    ] === Garbage Collection Statistics =======================================================================================================================
[310.099s][info][gc,stats    ]                                                              Last 10s              Last 10m              Last 10h                Total
[310.099s][info][gc,stats    ]                                                              Avg / Max             Avg / Max             Avg / Max             Avg / Max
[310.099s][info][gc,stats    ]   Collector: Garbage Collection Cycle                     24.897 / 26.359       26.564 / 78.390       26.564 / 78.390       26.564 / 78.390      ms
[310.099s][info][gc,stats    ]  Contention: Mark Segment Reset Contention                     0 / 3                 0 / 8                 0 / 8                 0 / 8           ops/s
[310.099s][info][gc,stats    ]  Contention: Mark SeqNum Reset Contention                      0 / 2                 0 / 3                 0 / 3                 0 / 3           ops/s
[310.099s][info][gc,stats    ]    Critical: Allocation Stall                                  0 / 0                 0 / 0                 0 / 0                 0 / 0           ops/s
[310.099s][info][gc,stats    ]    Critical: Allocation Stall                              0.000 / 0.000         0.000 / 0.000         0.000 / 0.000         0.000 / 0.000       ms
[310.099s][info][gc,stats    ]    Critical: GC Locker Stall                                   0 / 0                 0 / 0                 0 / 0                 0 / 0           ops/s
[310.099s][info][gc,stats    ]    Critical: GC Locker Stall                               0.000 / 0.000         0.000 / 0.000         0.000 / 0.000         0.000 / 0.000       ms
[310.099s][info][gc,stats    ]    Critical: Relocation Stall                                  0 / 0                 0 / 0                 0 / 0                 0 / 0           ops/s
[310.099s][info][gc,stats    ]    Critical: Relocation Stall                              0.000 / 0.000         0.000 / 0.000         0.000 / 0.000         0.000 / 0.000       ms
[310.099s][info][gc,stats    ]      Memory: Allocation Rate                                 320 / 332             321 / 348             321 / 348             321 / 348         MB/s
[310.099s][info][gc,stats    ]      Memory: Defragment                                        0 / 0                 0 / 0                 0 / 0                 0 / 0           ops/s
[310.099s][info][gc,stats    ]      Memory: Out Of Memory                                     0 / 0                 0 / 0                 0 / 0                 0 / 0           ops/s
[310.100s][info][gc,stats    ]      Memory: Page Cache Flush                                  0 / 0                 0 / 0                 0 / 0                 0 / 0           MB/s
[310.100s][info][gc,stats    ]      Memory: Page Cache Hit L1                               167 / 175             165 / 182             165 / 182             165 / 182         ops/s
[310.100s][info][gc,stats    ]      Memory: Page Cache Hit L2                                 0 / 0                 0 / 0                 0 / 0                 0 / 0           ops/s
[310.100s][info][gc,stats    ]      Memory: Page Cache Hit L3                                 0 / 0                 1 / 103               1 / 103               1 / 103         ops/s
[310.100s][info][gc,stats    ]      Memory: Page Cache Miss                                   0 / 0                 0 / 1                 0 / 1                 0 / 1           ops/s
[310.100s][info][gc,stats    ]      Memory: Uncommit                                         14 / 144               0 / 144               0 / 144               0 / 144         MB/s
[310.100s][info][gc,stats    ]      Memory: Undo Object Allocation Failed                     0 / 4                 0 / 6                 0 / 6                 0 / 6           ops/s
[310.100s][info][gc,stats    ]      Memory: Undo Object Allocation Succeeded                  0 / 2                 0 / 5                 0 / 5                 0 / 5           ops/s
[310.100s][info][gc,stats    ]      Memory: Undo Page Allocation                              1 / 6                 1 / 6                 1 / 6                 1 / 6           ops/s
[310.100s][info][gc,stats    ]       Phase: Concurrent Mark                              15.378 / 17.572       15.607 / 34.706       15.607 / 34.706       15.607 / 34.706      ms
[310.100s][info][gc,stats    ]       Phase: Concurrent Mark Continue                      0.000 / 0.000         0.000 / 0.000         0.000 / 0.000         0.000 / 0.000       ms
[310.100s][info][gc,stats    ]       Phase: Concurrent Mark Free                          0.001 / 0.002         0.001 / 0.002         0.001 / 0.002         0.001 / 0.002       ms
[310.100s][info][gc,stats    ]       Phase: Concurrent Process Non-Strong References      0.557 / 0.578         0.956 / 7.426         0.956 / 7.426         0.956 / 7.426       ms
[310.100s][info][gc,stats    ]       Phase: Concurrent Relocate                           3.413 / 4.252         3.616 / 12.244        3.616 / 12.244        3.616 / 12.244      ms
[310.100s][info][gc,stats    ]       Phase: Concurrent Reset Relocation Set               0.007 / 0.014         0.008 / 0.016         0.008 / 0.016         0.008 / 0.016       ms
[310.100s][info][gc,stats    ]       Phase: Concurrent Select Relocation Set              4.448 / 6.020         4.841 / 14.229        4.841 / 14.229        4.841 / 14.229      ms
[310.100s][info][gc,stats    ]       Phase: Pause Mark End                                0.021 / 0.025         0.021 / 0.027         0.021 / 0.027         0.021 / 0.027       ms
[310.100s][info][gc,stats    ]       Phase: Pause Mark Start                              0.018 / 0.019         0.017 / 0.029         0.017 / 0.029         0.017 / 0.029       ms
[310.100s][info][gc,stats    ]       Phase: Pause Relocate Start                          0.009 / 0.011         0.008 / 0.014         0.008 / 0.014         0.008 / 0.014       ms
[310.100s][info][gc,stats    ]    Subphase: Concurrent Classes Purge                      0.005 / 0.006         0.048 / 5.468         0.048 / 5.468         0.048 / 5.468       ms
[310.100s][info][gc,stats    ]    Subphase: Concurrent Classes Unlink                     0.262 / 0.268         0.560 / 5.860         0.560 / 5.860         0.560 / 5.860       ms
[310.100s][info][gc,stats    ]    Subphase: Concurrent Mark                              13.273 / 16.494       12.674 / 31.718       12.674 / 31.718       12.674 / 31.718      ms
[310.100s][info][gc,stats    ]    Subphase: Concurrent Mark Try Flush                     0.077 / 0.114         0.072 / 0.242         0.072 / 0.242         0.072 / 0.242       ms
[310.100s][info][gc,stats    ]    Subphase: Concurrent Mark Try Terminate                 8.652 / 14.300        7.413 / 17.080        7.413 / 17.080        7.413 / 17.080      ms
[310.100s][info][gc,stats    ]    Subphase: Concurrent References Enqueue                 0.000 / 0.001         0.000 / 0.005         0.000 / 0.005         0.000 / 0.005       ms
[310.100s][info][gc,stats    ]    Subphase: Concurrent References Process                 0.039 / 0.042         0.043 / 0.088         0.043 / 0.088         0.043 / 0.088       ms
[310.100s][info][gc,stats    ]    Subphase: Concurrent Roots ClassLoaderDataGraph         0.077 / 0.507         0.086 / 0.868         0.086 / 0.868         0.086 / 0.868       ms
[310.100s][info][gc,stats    ]    Subphase: Concurrent Roots CodeCache                    0.000 / 0.000         0.000 / 0.000         0.000 / 0.000         0.000 / 0.000       ms
[310.101s][info][gc,stats    ]    Subphase: Concurrent Roots JavaThreads                  0.595 / 1.077         0.546 / 2.549         0.546 / 2.549         0.546 / 2.549       ms
[310.101s][info][gc,stats    ]    Subphase: Concurrent Roots OopStorageSet                0.016 / 0.044         0.017 / 0.219         0.017 / 0.219         0.017 / 0.219       ms
[310.101s][info][gc,stats    ]    Subphase: Concurrent Weak Roots OopStorageSet           0.131 / 0.147         0.139 / 1.443         0.139 / 1.443         0.139 / 1.443       ms
[310.101s][info][gc,stats    ]    Subphase: Pause Mark Try Complete                       0.000 / 0.000         0.000 / 0.000         0.000 / 0.000         0.000 / 0.000       ms
[310.101s][info][gc,stats    ]      System: Java Threads                                     43 / 43               37 / 43               37 / 43               37 / 43          threads
[310.101s][info][gc,stats    ] =========================================================================================================================================================
[310.403s][info][gc,start    ] GC(200) Garbage Collection (Proactive)
[310.403s][info][gc,task     ] GC(200) Using 10 workers
[310.404s][info][gc,phases   ] GC(200) Pause Mark Start 0.018ms
[310.419s][info][gc,phases   ] GC(200) Concurrent Mark 15.249ms
[310.419s][info][gc,phases   ] GC(200) Pause Mark End 0.024ms
[310.419s][info][gc,phases   ] GC(200) Concurrent Mark Free 0.002ms
[310.420s][info][gc,phases   ] GC(200) Concurrent Process Non-Strong References 0.565ms
[310.420s][info][gc,phases   ] GC(200) Concurrent Reset Relocation Set 0.002ms
[310.426s][info][gc,phases   ] GC(200) Concurrent Select Relocation Set 6.277ms
[310.426s][info][gc,phases   ] GC(200) Pause Relocate Start 0.010ms
[310.430s][info][gc,phases   ] GC(200) Concurrent Relocate 3.448ms
[310.430s][info][gc,load     ] GC(200) Load: 0.00/0.00/0.00
[310.430s][info][gc,mmu      ] GC(200) MMU: 2ms/98.6%, 5ms/99.2%, 10ms/99.6%, 20ms/99.7%, 50ms/99.8%, 100ms/99.9%
[310.430s][info][gc,marking  ] GC(200) Mark: 8 stripe(s), 2 proactive flush(es), 1 terminate flush(es), 0 completion(s), 0 continuation(s) 
[310.430s][info][gc,marking  ] GC(200) Mark Stack Usage: 32M
[310.430s][info][gc,nmethod  ] GC(200) NMethods: 706 registered, 95 unregistered
[310.430s][info][gc,metaspace] GC(200) Metaspace: 9M used, 10M committed, 1088M reserved
[310.430s][info][gc,ref      ] GC(200) Soft: 214 encountered, 0 discovered, 0 enqueued
[310.430s][info][gc,ref      ] GC(200) Weak: 819 encountered, 8 discovered, 0 enqueued
[310.430s][info][gc,ref      ] GC(200) Final: 0 encountered, 0 discovered, 0 enqueued
[310.430s][info][gc,ref      ] GC(200) Phantom: 27 encountered, 22 discovered, 0 enqueued
[310.430s][info][gc,reloc    ] GC(200) Small Pages: 255 / 510M, Empty: 332M, Relocated: 3M, In-Place: 0
[310.430s][info][gc,reloc    ] GC(200) Medium Pages: 0 / 0M, Empty: 0M, Relocated: 0M, In-Place: 0
[310.430s][info][gc,reloc    ] GC(200) Large Pages: 0 / 0M, Empty: 0M, Relocated: 0M, In-Place: 0
[310.430s][info][gc,reloc    ] GC(200) Forwarding Usage: 1M
[310.430s][info][gc,heap     ] GC(200) Min Capacity: 8M(1%)
[310.430s][info][gc,heap     ] GC(200) Max Capacity: 1024M(100%)
[310.430s][info][gc,heap     ] GC(200) Soft Max Capacity: 1024M(100%)
[310.430s][info][gc,heap     ] GC(200)                Mark Start          Mark End        Relocate Start      Relocate End           High               Low         
[310.431s][info][gc,heap     ] GC(200)  Capacity:      880M (86%)         880M (86%)         880M (86%)         880M (86%)         880M (86%)         880M (86%)    
[310.431s][info][gc,heap     ] GC(200)      Free:      514M (50%)         508M (50%)         836M (82%)         990M (97%)         990M (97%)         506M (49%)    
[310.431s][info][gc,heap     ] GC(200)      Used:      510M (50%)         516M (50%)         188M (18%)          34M (3%)          518M (51%)          34M (3%)     
[310.431s][info][gc,heap     ] GC(200)      Live:         -                 6M (1%)            6M (1%)            6M (1%)             -                  -          
[310.431s][info][gc,heap     ] GC(200) Allocated:         -                 6M (1%)           10M (1%)            9M (1%)             -                  -          
[310.431s][info][gc,heap     ] GC(200)   Garbage:         -               503M (49%)         171M (17%)          17M (2%)             -                  -          
[310.431s][info][gc,heap     ] GC(200) Reclaimed:         -                  -               332M (32%)         485M (47%)            -                  -          
[310.431s][info][gc          ] GC(200) Garbage Collection (Proactive) 510M(50%)->34M(3%)
[312.113s][info][gc,start    ] GC(201) Garbage Collection (Proactive)
[312.113s][info][gc,task     ] GC(201) Using 10 workers
[312.113s][info][gc,phases   ] GC(201) Pause Mark Start 0.016ms
[312.129s][info][gc,phases   ] GC(201) Concurrent Mark 15.220ms
[312.129s][info][gc,phases   ] GC(201) Pause Mark End 0.019ms
[312.129s][info][gc,phases   ] GC(201) Concurrent Mark Free 0.001ms
[312.129s][info][gc,phases   ] GC(201) Concurrent Process Non-Strong References 0.586ms
[312.129s][info][gc,phases   ] GC(201) Concurrent Reset Relocation Set 0.013ms
[312.136s][info][gc,phases   ] GC(201) Concurrent Select Relocation Set 6.116ms
[312.136s][info][gc,phases   ] GC(201) Pause Relocate Start 0.007ms
[312.139s][info][gc,phases   ] GC(201) Concurrent Relocate 3.393ms
[312.139s][info][gc,load     ] GC(201) Load: 0.00/0.00/0.00
[312.139s][info][gc,mmu      ] GC(201) MMU: 2ms/98.6%, 5ms/99.2%, 10ms/99.6%, 20ms/99.7%, 50ms/99.8%, 100ms/99.9%
[312.139s][info][gc,marking  ] GC(201) Mark: 8 stripe(s), 2 proactive flush(es), 1 terminate flush(es), 0 completion(s), 0 continuation(s) 
[312.139s][info][gc,marking  ] GC(201) Mark Stack Usage: 32M
[312.139s][info][gc,nmethod  ] GC(201) NMethods: 706 registered, 95 unregistered
[312.139s][info][gc,metaspace] GC(201) Metaspace: 9M used, 10M committed, 1088M reserved
[312.139s][info][gc,ref      ] GC(201) Soft: 214 encountered, 0 discovered, 0 enqueued
[312.140s][info][gc,ref      ] GC(201) Weak: 819 encountered, 4 discovered, 0 enqueued
[312.140s][info][gc,ref      ] GC(201) Final: 0 encountered, 0 discovered, 0 enqueued
[312.140s][info][gc,ref      ] GC(201) Phantom: 27 encountered, 23 discovered, 0 enqueued
[312.140s][info][gc,reloc    ] GC(201) Small Pages: 282 / 564M, Empty: 434M, Relocated: 3M, In-Place: 0
[312.140s][info][gc,reloc    ] GC(201) Medium Pages: 0 / 0M, Empty: 0M, Relocated: 0M, In-Place: 0
[312.140s][info][gc,reloc    ] GC(201) Large Pages: 0 / 0M, Empty: 0M, Relocated: 0M, In-Place: 0
[312.140s][info][gc,reloc    ] GC(201) Forwarding Usage: 1M
[312.140s][info][gc,heap     ] GC(201) Min Capacity: 8M(1%)
[312.140s][info][gc,heap     ] GC(201) Max Capacity: 1024M(100%)
[312.140s][info][gc,heap     ] GC(201) Soft Max Capacity: 1024M(100%)
[312.140s][info][gc,heap     ] GC(201)                Mark Start          Mark End        Relocate Start      Relocate End           High               Low         
[312.140s][info][gc,heap     ] GC(201)  Capacity:      880M (86%)         880M (86%)         880M (86%)         880M (86%)         880M (86%)         880M (86%)    
[312.140s][info][gc,heap     ] GC(201)      Free:      460M (45%)         452M (44%)         884M (86%)         990M (97%)         990M (97%)         452M (44%)    
[312.140s][info][gc,heap     ] GC(201)      Used:      564M (55%)         572M (56%)         140M (14%)          34M (3%)          572M (56%)          34M (3%)     
[312.140s][info][gc,heap     ] GC(201)      Live:         -                 6M (1%)            6M (1%)            6M (1%)             -                  -          
[312.140s][info][gc,heap     ] GC(201) Allocated:         -                 8M (1%)           10M (1%)            9M (1%)             -                  -          
[312.140s][info][gc,heap     ] GC(201)   Garbage:         -               557M (54%)         123M (12%)          17M (2%)             -                  -          
[312.140s][info][gc,heap     ] GC(201) Reclaimed:         -                  -               434M (42%)         539M (53%)            -                  -          
[312.140s][info][gc          ] GC(201) Garbage Collection (Proactive) 564M(55%)->34M(3%)
[313.612s][info][gc,start    ] GC(202) Garbage Collection (Proactive)
[313.612s][info][gc,task     ] GC(202) Using 10 workers
[313.612s][info][gc,phases   ] GC(202) Pause Mark Start 0.019ms
[313.628s][info][gc,phases   ] GC(202) Concurrent Mark 15.247ms
[313.628s][info][gc,phases   ] GC(202) Pause Mark End 0.020ms
[313.628s][info][gc,phases   ] GC(202) Concurrent Mark Free 0.001ms
[313.629s][info][gc,phases   ] GC(202) Concurrent Process Non-Strong References 0.586ms
[313.629s][info][gc,phases   ] GC(202) Concurrent Reset Relocation Set 0.009ms
[313.632s][info][gc,phases   ] GC(202) Concurrent Select Relocation Set 3.830ms
[313.633s][info][gc,phases   ] GC(202) Pause Relocate Start 0.005ms
[313.636s][info][gc,phases   ] GC(202) Concurrent Relocate 3.425ms
[313.636s][info][gc,load     ] GC(202) Load: 0.00/0.00/0.00
[313.636s][info][gc,mmu      ] GC(202) MMU: 2ms/98.6%, 5ms/99.2%, 10ms/99.6%, 20ms/99.7%, 50ms/99.8%, 100ms/99.9%
[313.636s][info][gc,marking  ] GC(202) Mark: 8 stripe(s), 2 proactive flush(es), 1 terminate flush(es), 0 completion(s), 0 continuation(s) 
[313.636s][info][gc,marking  ] GC(202) Mark Stack Usage: 32M
[313.636s][info][gc,nmethod  ] GC(202) NMethods: 706 registered, 95 unregistered
[313.636s][info][gc,metaspace] GC(202) Metaspace: 9M used, 10M committed, 1088M reserved
[313.636s][info][gc,ref      ] GC(202) Soft: 214 encountered, 0 discovered, 0 enqueued
[313.636s][info][gc,ref      ] GC(202) Weak: 819 encountered, 20 discovered, 0 enqueued
[313.636s][info][gc,ref      ] GC(202) Final: 0 encountered, 0 discovered, 0 enqueued
[313.636s][info][gc,ref      ] GC(202) Phantom: 27 encountered, 20 discovered, 0 enqueued
[313.636s][info][gc,reloc    ] GC(202) Small Pages: 254 / 508M, Empty: 446M, Relocated: 3M, In-Place: 0
[313.636s][info][gc,reloc    ] GC(202) Medium Pages: 0 / 0M, Empty: 0M, Relocated: 0M, In-Place: 0
[313.636s][info][gc,reloc    ] GC(202) Large Pages: 0 / 0M, Empty: 0M, Relocated: 0M, In-Place: 0
[313.637s][info][gc,reloc    ] GC(202) Forwarding Usage: 1M
[313.637s][info][gc,heap     ] GC(202) Min Capacity: 8M(1%)
[313.637s][info][gc,heap     ] GC(202) Max Capacity: 1024M(100%)
[313.637s][info][gc,heap     ] GC(202) Soft Max Capacity: 1024M(100%)
[313.637s][info][gc,heap     ] GC(202)                Mark Start          Mark End        Relocate Start      Relocate End           High               Low         
[313.637s][info][gc,heap     ] GC(202)  Capacity:      880M (86%)         880M (86%)         880M (86%)         880M (86%)         880M (86%)         880M (86%)    
[313.637s][info][gc,heap     ] GC(202)      Free:      516M (50%)         510M (50%)         954M (93%)         992M (97%)         992M (97%)         510M (50%)    
[313.637s][info][gc,heap     ] GC(202)      Used:      508M (50%)         514M (50%)          70M (7%)           32M (3%)          514M (50%)          32M (3%)     
[313.637s][info][gc,heap     ] GC(202)      Live:         -                 6M (1%)            6M (1%)            6M (1%)             -                  -          
[313.637s][info][gc,heap     ] GC(202) Allocated:         -                 6M (1%)            8M (1%)            7M (1%)             -                  -          
[313.637s][info][gc,heap     ] GC(202)   Garbage:         -               501M (49%)          55M (5%)           17M (2%)             -                  -          
[313.637s][info][gc,heap     ] GC(202) Reclaimed:         -                  -               446M (44%)         483M (47%)            -                  -          
[313.637s][info][gc          ] GC(202) Garbage Collection (Proactive) 508M(50%)->32M(3%)
[315.103s][info][gc,start    ] GC(203) Garbage Collection (Proactive)
[315.103s][info][gc,task     ] GC(203) Using 10 workers
[315.103s][info][gc,phases   ] GC(203) Pause Mark Start 0.017ms
[315.119s][info][gc,phases   ] GC(203) Concurrent Mark 15.184ms
[315.119s][info][gc,phases   ] GC(203) Pause Mark End 0.022ms
[315.119s][info][gc,phases   ] GC(203) Concurrent Mark Free 0.002ms
[315.119s][info][gc,phases   ] GC(203) Concurrent Process Non-Strong References 0.582ms
[315.119s][info][gc,phases   ] GC(203) Concurrent Reset Relocation Set 0.005ms
[315.123s][info][gc,phases   ] GC(203) Concurrent Select Relocation Set 3.817ms
[315.123s][info][gc,phases   ] GC(203) Pause Relocate Start 0.006ms
[315.127s][info][gc,phases   ] GC(203) Concurrent Relocate 3.233ms
[315.127s][info][gc,load     ] GC(203) Load: 0.00/0.00/0.00
[315.127s][info][gc,mmu      ] GC(203) MMU: 2ms/98.6%, 5ms/99.2%, 10ms/99.6%, 20ms/99.7%, 50ms/99.8%, 100ms/99.9%
[315.127s][info][gc,marking  ] GC(203) Mark: 8 stripe(s), 3 proactive flush(es), 1 terminate flush(es), 0 completion(s), 0 continuation(s) 
[315.127s][info][gc,marking  ] GC(203) Mark Stack Usage: 32M
[315.127s][info][gc,nmethod  ] GC(203) NMethods: 706 registered, 95 unregistered
[315.127s][info][gc,metaspace] GC(203) Metaspace: 9M used, 10M committed, 1088M reserved
[315.127s][info][gc,ref      ] GC(203) Soft: 214 encountered, 0 discovered, 0 enqueued
[315.127s][info][gc,ref      ] GC(203) Weak: 819 encountered, 21 discovered, 0 enqueued
[315.127s][info][gc,ref      ] GC(203) Final: 0 encountered, 0 discovered, 0 enqueued
[315.127s][info][gc,ref      ] GC(203) Phantom: 27 encountered, 19 discovered, 0 enqueued
[315.127s][info][gc,reloc    ] GC(203) Small Pages: 249 / 498M, Empty: 430M, Relocated: 3M, In-Place: 0
[315.127s][info][gc,reloc    ] GC(203) Medium Pages: 0 / 0M, Empty: 0M, Relocated: 0M, In-Place: 0
[315.127s][info][gc,reloc    ] GC(203) Large Pages: 0 / 0M, Empty: 0M, Relocated: 0M, In-Place: 0
[315.127s][info][gc,reloc    ] GC(203) Forwarding Usage: 1M
[315.127s][info][gc,heap     ] GC(203) Min Capacity: 8M(1%)
[315.127s][info][gc,heap     ] GC(203) Max Capacity: 1024M(100%)
[315.127s][info][gc,heap     ] GC(203) Soft Max Capacity: 1024M(100%)
[315.127s][info][gc,heap     ] GC(203)                Mark Start          Mark End        Relocate Start      Relocate End           High               Low         
[315.127s][info][gc,heap     ] GC(203)  Capacity:      880M (86%)         880M (86%)         880M (86%)         880M (86%)         880M (86%)         880M (86%)    
[315.127s][info][gc,heap     ] GC(203)      Free:      526M (51%)         520M (51%)         948M (93%)         990M (97%)         990M (97%)         518M (51%)    
[315.127s][info][gc,heap     ] GC(203)      Used:      498M (49%)         504M (49%)          76M (7%)           34M (3%)          506M (49%)          34M (3%)     
[315.127s][info][gc,heap     ] GC(203)      Live:         -                 6M (1%)            6M (1%)            6M (1%)             -                  -          
[315.128s][info][gc,heap     ] GC(203) Allocated:         -                 6M (1%)            8M (1%)            9M (1%)             -                  -          
[315.128s][info][gc,heap     ] GC(203)   Garbage:         -               491M (48%)          61M (6%)           17M (2%)             -                  -          
[315.128s][info][gc,heap     ] GC(203) Reclaimed:         -                  -               430M (42%)         473M (46%)            -                  -          
[315.128s][info][gc          ] GC(203) Garbage Collection (Proactive) 498M(49%)->34M(3%)
[315.728s][info][gc,start    ] GC(204) Garbage Collection (System.gc())
[315.728s][info][gc,task     ] GC(204) Using 10 workers
[315.728s][info][gc,phases   ] GC(204) Pause Mark Start 0.016ms
[315.735s][info][gc,phases   ] GC(204) Concurrent Mark 7.417ms
[315.736s][info][gc,phases   ] GC(204) Pause Mark End 0.022ms
[315.736s][info][gc,phases   ] GC(204) Concurrent Mark Free 0.001ms
[315.736s][info][gc,phases   ] GC(204) Concurrent Process Non-Strong References 0.561ms
[315.736s][info][gc,phases   ] GC(204) Concurrent Reset Relocation Set 0.006ms
[315.742s][info][gc,phases   ] GC(204) Concurrent Select Relocation Set 5.940ms
[315.742s][info][gc,phases   ] GC(204) Pause Relocate Start 0.005ms
[315.745s][info][gc,phases   ] GC(204) Concurrent Relocate 3.067ms
[315.745s][info][gc,load     ] GC(204) Load: 0.00/0.00/0.00
[315.746s][info][gc,mmu      ] GC(204) MMU: 2ms/98.6%, 5ms/99.2%, 10ms/99.6%, 20ms/99.7%, 50ms/99.8%, 100ms/99.9%
[315.746s][info][gc,marking  ] GC(204) Mark: 8 stripe(s), 2 proactive flush(es), 1 terminate flush(es), 0 completion(s), 0 continuation(s) 
[315.746s][info][gc,marking  ] GC(204) Mark Stack Usage: 32M
[315.746s][info][gc,nmethod  ] GC(204) NMethods: 706 registered, 95 unregistered
[315.746s][info][gc,metaspace] GC(204) Metaspace: 9M used, 10M committed, 1088M reserved
[315.746s][info][gc,ref      ] GC(204) Soft: 214 encountered, 0 discovered, 0 enqueued
[315.746s][info][gc,ref      ] GC(204) Weak: 819 encountered, 14 discovered, 0 enqueued
[315.746s][info][gc,ref      ] GC(204) Final: 0 encountered, 0 discovered, 0 enqueued
[315.746s][info][gc,ref      ] GC(204) Phantom: 27 encountered, 18 discovered, 0 enqueued
[315.746s][info][gc,reloc    ] GC(204) Small Pages: 114 / 228M, Empty: 210M, Relocated: 3M, In-Place: 0
[315.746s][info][gc,reloc    ] GC(204) Medium Pages: 0 / 0M, Empty: 0M, Relocated: 0M, In-Place: 0
[315.746s][info][gc,reloc    ] GC(204) Large Pages: 0 / 0M, Empty: 0M, Relocated: 0M, In-Place: 0
[315.746s][info][gc,reloc    ] GC(204) Forwarding Usage: 1M
[315.746s][info][gc,heap     ] GC(204) Min Capacity: 8M(1%)
[315.746s][info][gc,heap     ] GC(204) Max Capacity: 1024M(100%)
[315.746s][info][gc,heap     ] GC(204) Soft Max Capacity: 1024M(100%)
[315.746s][info][gc,heap     ] GC(204)                Mark Start          Mark End        Relocate Start      Relocate End           High               Low         
[315.746s][info][gc,heap     ] GC(204)  Capacity:      880M (86%)         880M (86%)         880M (86%)         880M (86%)         880M (86%)         880M (86%)    
[315.746s][info][gc,heap     ] GC(204)      Free:      796M (78%)         796M (78%)        1006M (98%)        1006M (98%)        1006M (98%)         796M (78%)    
[315.746s][info][gc,heap     ] GC(204)      Used:      228M (22%)         228M (22%)          18M (2%)           18M (2%)          228M (22%)          18M (2%)     
[315.746s][info][gc,heap     ] GC(204)      Live:         -                 4M (0%)            4M (0%)            4M (0%)             -                  -          
[315.746s][info][gc,heap     ] GC(204) Allocated:         -                 0M (0%)            0M (0%)            0M (0%)             -                  -          
[315.746s][info][gc,heap     ] GC(204)   Garbage:         -               223M (22%)          13M (1%)           13M (1%)             -                  -          
[315.746s][info][gc,heap     ] GC(204) Reclaimed:         -                  -               210M (21%)         210M (21%)            -                  -          
[315.746s][info][gc          ] GC(204) Garbage Collection (System.gc()) 228M(22%)->18M(2%)
[317.506s][info][gc,start    ] GC(205) Garbage Collection (Proactive)
[317.506s][info][gc,task     ] GC(205) Using 10 workers
[317.506s][info][gc,phases   ] GC(205) Pause Mark Start 0.019ms
[317.522s][info][gc,phases   ] GC(205) Concurrent Mark 15.237ms
[317.522s][info][gc,phases   ] GC(205) Pause Mark End 0.023ms
[317.522s][info][gc,phases   ] GC(205) Concurrent Mark Free 0.001ms
[317.523s][info][gc,phases   ] GC(205) Concurrent Process Non-Strong References 0.614ms
[317.523s][info][gc,phases   ] GC(205) Concurrent Reset Relocation Set 0.002ms
[317.529s][info][gc,phases   ] GC(205) Concurrent Select Relocation Set 6.173ms
[317.529s][info][gc,phases   ] GC(205) Pause Relocate Start 0.009ms
[317.531s][info][gc,phases   ] GC(205) Concurrent Relocate 2.059ms
[317.531s][info][gc,load     ] GC(205) Load: 0.00/0.00/0.00
[317.531s][info][gc,mmu      ] GC(205) MMU: 2ms/98.6%, 5ms/99.2%, 10ms/99.6%, 20ms/99.7%, 50ms/99.8%, 100ms/99.9%
[317.531s][info][gc,marking  ] GC(205) Mark: 8 stripe(s), 2 proactive flush(es), 1 terminate flush(es), 0 completion(s), 0 continuation(s) 
[317.531s][info][gc,marking  ] GC(205) Mark Stack Usage: 32M
[317.531s][info][gc,nmethod  ] GC(205) NMethods: 706 registered, 96 unregistered
[317.531s][info][gc,metaspace] GC(205) Metaspace: 9M used, 10M committed, 1088M reserved
[317.531s][info][gc,ref      ] GC(205) Soft: 214 encountered, 0 discovered, 0 enqueued
[317.531s][info][gc,ref      ] GC(205) Weak: 819 encountered, 8 discovered, 0 enqueued
[317.531s][info][gc,ref      ] GC(205) Final: 0 encountered, 0 discovered, 0 enqueued
[317.531s][info][gc,ref      ] GC(205) Phantom: 27 encountered, 18 discovered, 0 enqueued
[317.531s][info][gc,reloc    ] GC(205) Small Pages: 293 / 586M, Empty: 432M, Relocated: 3M, In-Place: 0
[317.532s][info][gc,reloc    ] GC(205) Medium Pages: 0 / 0M, Empty: 0M, Relocated: 0M, In-Place: 0
[317.532s][info][gc,reloc    ] GC(205) Large Pages: 0 / 0M, Empty: 0M, Relocated: 0M, In-Place: 0
[317.532s][info][gc,reloc    ] GC(205) Forwarding Usage: 1M
[317.532s][info][gc,heap     ] GC(205) Min Capacity: 8M(1%)
[317.532s][info][gc,heap     ] GC(205) Max Capacity: 1024M(100%)
[317.532s][info][gc,heap     ] GC(205) Soft Max Capacity: 1024M(100%)
[317.532s][info][gc,heap     ] GC(205)                Mark Start          Mark End        Relocate Start      Relocate End           High               Low         
[317.532s][info][gc,heap     ] GC(205)  Capacity:      880M (86%)         880M (86%)         880M (86%)         880M (86%)         880M (86%)         880M (86%)    
[317.532s][info][gc,heap     ] GC(205)      Free:      438M (43%)         432M (42%)         860M (84%)         990M (97%)         990M (97%)         428M (42%)    
[317.532s][info][gc,heap     ] GC(205)      Used:      586M (57%)         592M (58%)         164M (16%)          34M (3%)          596M (58%)          34M (3%)     
[317.532s][info][gc,heap     ] GC(205)      Live:         -                 6M (1%)            6M (1%)            6M (1%)             -                  -          
[317.532s][info][gc,heap     ] GC(205) Allocated:         -                 6M (1%)           10M (1%)            9M (1%)             -                  -          
[317.532s][info][gc,heap     ] GC(205)   Garbage:         -               579M (57%)         147M (14%)          17M (2%)             -                  -          
[317.532s][info][gc,heap     ] GC(205) Reclaimed:         -                  -               432M (42%)         561M (55%)            -                  -          
[317.532s][info][gc          ] GC(205) Garbage Collection (Proactive) 586M(57%)->34M(3%)
[319.307s][info][gc,start    ] GC(206) Garbage Collection (Proactive)
[319.308s][info][gc,task     ] GC(206) Using 10 workers
[319.308s][info][gc,phases   ] GC(206) Pause Mark Start 0.017ms
[319.323s][info][gc,phases   ] GC(206) Concurrent Mark 15.247ms
[319.323s][info][gc,phases   ] GC(206) Pause Mark End 0.025ms
[319.323s][info][gc,phases   ] GC(206) Concurrent Mark Free 0.001ms
[319.324s][info][gc,phases   ] GC(206) Concurrent Process Non-Strong References 0.555ms
[319.324s][info][gc,phases   ] GC(206) Concurrent Reset Relocation Set 0.012ms
[319.330s][info][gc,phases   ] GC(206) Concurrent Select Relocation Set 6.342ms
[319.331s][info][gc,phases   ] GC(206) Pause Relocate Start 0.009ms
[319.334s][info][gc,phases   ] GC(206) Concurrent Relocate 3.378ms
[319.334s][info][gc,load     ] GC(206) Load: 0.00/0.00/0.00
[319.334s][info][gc,mmu      ] GC(206) MMU: 2ms/98.6%, 5ms/99.2%, 10ms/99.6%, 20ms/99.7%, 50ms/99.8%, 100ms/99.9%
[319.334s][info][gc,marking  ] GC(206) Mark: 8 stripe(s), 2 proactive flush(es), 1 terminate flush(es), 0 completion(s), 0 continuation(s) 
[319.334s][info][gc,marking  ] GC(206) Mark Stack Usage: 32M
[319.334s][info][gc,nmethod  ] GC(206) NMethods: 706 registered, 96 unregistered
[319.334s][info][gc,metaspace] GC(206) Metaspace: 9M used, 10M committed, 1088M reserved
[319.334s][info][gc,ref      ] GC(206) Soft: 214 encountered, 0 discovered, 0 enqueued
[319.334s][info][gc,ref      ] GC(206) Weak: 819 encountered, 31 discovered, 0 enqueued
[319.334s][info][gc,ref      ] GC(206) Final: 0 encountered, 0 discovered, 0 enqueued
[319.334s][info][gc,ref      ] GC(206) Phantom: 27 encountered, 19 discovered, 0 enqueued
[319.334s][info][gc,reloc    ] GC(206) Small Pages: 302 / 604M, Empty: 500M, Relocated: 3M, In-Place: 0
[319.334s][info][gc,reloc    ] GC(206) Medium Pages: 0 / 0M, Empty: 0M, Relocated: 0M, In-Place: 0
[319.334s][info][gc,reloc    ] GC(206) Large Pages: 0 / 0M, Empty: 0M, Relocated: 0M, In-Place: 0
[319.334s][info][gc,reloc    ] GC(206) Forwarding Usage: 1M
[319.334s][info][gc,heap     ] GC(206) Min Capacity: 8M(1%)
[319.334s][info][gc,heap     ] GC(206) Max Capacity: 1024M(100%)
[319.334s][info][gc,heap     ] GC(206) Soft Max Capacity: 1024M(100%)
[319.335s][info][gc,heap     ] GC(206)                Mark Start          Mark End        Relocate Start      Relocate End           High               Low         
[319.335s][info][gc,heap     ] GC(206)  Capacity:      880M (86%)         880M (86%)         880M (86%)         880M (86%)         880M (86%)         880M (86%)    
[319.335s][info][gc,heap     ] GC(206)      Free:      420M (41%)         414M (40%)         912M (89%)         990M (97%)         990M (97%)         414M (40%)    
[319.335s][info][gc,heap     ] GC(206)      Used:      604M (59%)         610M (60%)         112M (11%)          34M (3%)          610M (60%)          34M (3%)     
[319.335s][info][gc,heap     ] GC(206)      Live:         -                 6M (1%)            6M (1%)            6M (1%)             -                  -          
[319.335s][info][gc,heap     ] GC(206) Allocated:         -                 6M (1%)            8M (1%)            9M (1%)             -                  -          
[319.335s][info][gc,heap     ] GC(206)   Garbage:         -               597M (58%)          97M (10%)          17M (2%)             -                  -          
[319.335s][info][gc,heap     ] GC(206) Reclaimed:         -                  -               500M (49%)         579M (57%)            -                  -          
[319.335s][info][gc          ] GC(206) Garbage Collection (Proactive) 604M(59%)->34M(3%)
[320.111s][info][gc,stats    ] === Garbage Collection Statistics =======================================================================================================================
[320.111s][info][gc,stats    ]                                                              Last 10s              Last 10m              Last 10h                Total
[320.111s][info][gc,stats    ]                                                              Avg / Max             Avg / Max             Avg / Max             Avg / Max
[320.111s][info][gc,stats    ]   Collector: Garbage Collection Cycle                     24.415 / 26.693       26.491 / 78.390       26.491 / 78.390       26.491 / 78.390      ms
[320.111s][info][gc,stats    ]  Contention: Mark Segment Reset Contention                     1 / 4                 0 / 8                 0 / 8                 0 / 8           ops/s
[320.111s][info][gc,stats    ]  Contention: Mark SeqNum Reset Contention                      0 / 4                 0 / 4                 0 / 4                 0 / 4           ops/s
[320.111s][info][gc,stats    ]    Critical: Allocation Stall                                  0 / 0                 0 / 0                 0 / 0                 0 / 0           ops/s
[320.111s][info][gc,stats    ]    Critical: Allocation Stall                              0.000 / 0.000         0.000 / 0.000         0.000 / 0.000         0.000 / 0.000       ms
[320.111s][info][gc,stats    ]    Critical: GC Locker Stall                                   0 / 0                 0 / 0                 0 / 0                 0 / 0           ops/s
[320.111s][info][gc,stats    ]    Critical: GC Locker Stall                               0.000 / 0.000         0.000 / 0.000         0.000 / 0.000         0.000 / 0.000       ms
[320.111s][info][gc,stats    ]    Critical: Relocation Stall                                  0 / 0                 0 / 0                 0 / 0                 0 / 0           ops/s
[320.112s][info][gc,stats    ]    Critical: Relocation Stall                              0.000 / 0.000         0.000 / 0.000         0.000 / 0.000         0.000 / 0.000       ms
[320.112s][info][gc,stats    ]      Memory: Allocation Rate                                 326 / 334             321 / 348             321 / 348             321 / 348         MB/s
[320.112s][info][gc,stats    ]      Memory: Defragment                                        0 / 0                 0 / 0                 0 / 0                 0 / 0           ops/s
[320.112s][info][gc,stats    ]      Memory: Out Of Memory                                     0 / 0                 0 / 0                 0 / 0                 0 / 0           ops/s
[320.112s][info][gc,stats    ]      Memory: Page Cache Flush                                  0 / 0                 0 / 0                 0 / 0                 0 / 0           MB/s
[320.112s][info][gc,stats    ]      Memory: Page Cache Hit L1                               170 / 182             165 / 182             165 / 182             165 / 182         ops/s
[320.112s][info][gc,stats    ]      Memory: Page Cache Hit L2                                 0 / 0                 0 / 0                 0 / 0                 0 / 0           ops/s
[320.112s][info][gc,stats    ]      Memory: Page Cache Hit L3                                 0 / 0                 1 / 103               1 / 103               1 / 103         ops/s
[320.112s][info][gc,stats    ]      Memory: Page Cache Miss                                   0 / 0                 0 / 1                 0 / 1                 0 / 1           ops/s
[320.112s][info][gc,stats    ]      Memory: Uncommit                                          0 / 0                 0 / 144               0 / 144               0 / 144         MB/s
[320.112s][info][gc,stats    ]      Memory: Undo Object Allocation Failed                     0 / 3                 0 / 6                 0 / 6                 0 / 6           ops/s
[320.112s][info][gc,stats    ]      Memory: Undo Object Allocation Succeeded                  0 / 1                 0 / 5                 0 / 5                 0 / 5           ops/s
[320.112s][info][gc,stats    ]      Memory: Undo Page Allocation                              2 / 6                 1 / 6                 1 / 6                 1 / 6           ops/s
[320.112s][info][gc,stats    ]       Phase: Concurrent Mark                              14.114 / 15.249       15.557 / 34.706       15.557 / 34.706       15.557 / 34.706      ms
[320.112s][info][gc,stats    ]       Phase: Concurrent Mark Continue                      0.000 / 0.000         0.000 / 0.000         0.000 / 0.000         0.000 / 0.000       ms
[320.112s][info][gc,stats    ]       Phase: Concurrent Mark Free                          0.001 / 0.002         0.001 / 0.002         0.001 / 0.002         0.001 / 0.002       ms
[320.112s][info][gc,stats    ]       Phase: Concurrent Process Non-Strong References      0.578 / 0.614         0.943 / 7.426         0.943 / 7.426         0.943 / 7.426       ms
[320.112s][info][gc,stats    ]       Phase: Concurrent Relocate                           3.143 / 3.448         3.600 / 12.244        3.600 / 12.244        3.600 / 12.244      ms
[320.112s][info][gc,stats    ]       Phase: Concurrent Reset Relocation Set               0.007 / 0.013         0.008 / 0.016         0.008 / 0.016         0.008 / 0.016       ms
[320.112s][info][gc,stats    ]       Phase: Concurrent Select Relocation Set              5.499 / 6.342         4.863 / 14.229        4.863 / 14.229        4.863 / 14.229      ms
[320.112s][info][gc,stats    ]       Phase: Pause Mark End                                0.022 / 0.025         0.021 / 0.027         0.021 / 0.027         0.021 / 0.027       ms
[320.112s][info][gc,stats    ]       Phase: Pause Mark Start                              0.018 / 0.019         0.017 / 0.029         0.017 / 0.029         0.017 / 0.029       ms
[320.112s][info][gc,stats    ]       Phase: Pause Relocate Start                          0.007 / 0.010         0.008 / 0.014         0.008 / 0.014         0.008 / 0.014       ms
[320.112s][info][gc,stats    ]    Subphase: Concurrent Classes Purge                      0.007 / 0.018         0.047 / 5.468         0.047 / 5.468         0.047 / 5.468       ms
[320.112s][info][gc,stats    ]    Subphase: Concurrent Classes Unlink                     0.265 / 0.273         0.550 / 5.860         0.550 / 5.860         0.550 / 5.860       ms
[320.112s][info][gc,stats    ]    Subphase: Concurrent Mark                              12.145 / 14.124       12.655 / 31.718       12.655 / 31.718       12.655 / 31.718      ms
[320.112s][info][gc,stats    ]    Subphase: Concurrent Mark Try Flush                     0.075 / 0.114         0.072 / 0.242         0.072 / 0.242         0.072 / 0.242       ms
[320.112s][info][gc,stats    ]    Subphase: Concurrent Mark Try Terminate                 7.469 / 11.191        7.415 / 17.080        7.415 / 17.080        7.415 / 17.080      ms
[320.112s][info][gc,stats    ]    Subphase: Concurrent References Enqueue                 0.000 / 0.000         0.000 / 0.005         0.000 / 0.005         0.000 / 0.005       ms
[320.113s][info][gc,stats    ]    Subphase: Concurrent References Process                 0.036 / 0.039         0.043 / 0.088         0.043 / 0.088         0.043 / 0.088       ms
[320.113s][info][gc,stats    ]    Subphase: Concurrent Roots ClassLoaderDataGraph         0.091 / 0.487         0.086 / 0.868         0.086 / 0.868         0.086 / 0.868       ms
[320.113s][info][gc,stats    ]    Subphase: Concurrent Roots CodeCache                    0.000 / 0.000         0.000 / 0.000         0.000 / 0.000         0.000 / 0.000       ms
[320.113s][info][gc,stats    ]    Subphase: Concurrent Roots JavaThreads                  0.614 / 1.060         0.549 / 2.549         0.549 / 2.549         0.549 / 2.549       ms
[320.113s][info][gc,stats    ]    Subphase: Concurrent Roots OopStorageSet                0.017 / 0.044         0.017 / 0.219         0.017 / 0.219         0.017 / 0.219       ms
[320.113s][info][gc,stats    ]    Subphase: Concurrent Weak Roots OopStorageSet           0.136 / 0.155         0.139 / 1.443         0.139 / 1.443         0.139 / 1.443       ms
[320.113s][info][gc,stats    ]    Subphase: Pause Mark Try Complete                       0.000 / 0.000         0.000 / 0.000         0.000 / 0.000         0.000 / 0.000       ms
[320.113s][info][gc,stats    ]      System: Java Threads                                     43 / 43               37 / 43               37 / 43               37 / 43          threads
[320.113s][info][gc,stats    ] =========================================================================================================================================================
[321.000s][info][gc,start    ] GC(207) Garbage Collection (Proactive)
[321.000s][info][gc,task     ] GC(207) Using 10 workers
[321.000s][info][gc,phases   ] GC(207) Pause Mark Start 0.018ms
[321.015s][info][gc,phases   ] GC(207) Concurrent Mark 15.163ms
[321.015s][info][gc,phases   ] GC(207) Pause Mark End 0.021ms
[321.015s][info][gc,phases   ] GC(207) Concurrent Mark Free 0.001ms
[321.016s][info][gc,phases   ] GC(207) Concurrent Process Non-Strong References 0.560ms
[321.016s][info][gc,phases   ] GC(207) Concurrent Reset Relocation Set 0.009ms
[321.020s][info][gc,phases   ] GC(207) Concurrent Select Relocation Set 3.904ms
[321.020s][info][gc,phases   ] GC(207) Pause Relocate Start 0.010ms
[321.024s][info][gc,phases   ] GC(207) Concurrent Relocate 3.357ms
[321.024s][info][gc,load     ] GC(207) Load: 0.00/0.00/0.00
[321.024s][info][gc,mmu      ] GC(207) MMU: 2ms/98.6%, 5ms/99.2%, 10ms/99.6%, 20ms/99.7%, 50ms/99.8%, 100ms/99.9%
[321.024s][info][gc,marking  ] GC(207) Mark: 8 stripe(s), 2 proactive flush(es), 1 terminate flush(es), 0 completion(s), 0 continuation(s) 
[321.024s][info][gc,marking  ] GC(207) Mark Stack Usage: 32M
[321.024s][info][gc,nmethod  ] GC(207) NMethods: 706 registered, 96 unregistered
[321.024s][info][gc,metaspace] GC(207) Metaspace: 9M used, 10M committed, 1088M reserved
[321.024s][info][gc,ref      ] GC(207) Soft: 214 encountered, 0 discovered, 0 enqueued
[321.024s][info][gc,ref      ] GC(207) Weak: 819 encountered, 80 discovered, 0 enqueued
[321.024s][info][gc,ref      ] GC(207) Final: 0 encountered, 0 discovered, 0 enqueued
[321.024s][info][gc,ref      ] GC(207) Phantom: 27 encountered, 20 discovered, 0 enqueued
[321.024s][info][gc,reloc    ] GC(207) Small Pages: 284 / 568M, Empty: 474M, Relocated: 3M, In-Place: 0
[321.024s][info][gc,reloc    ] GC(207) Medium Pages: 0 / 0M, Empty: 0M, Relocated: 0M, In-Place: 0
[321.024s][info][gc,reloc    ] GC(207) Large Pages: 0 / 0M, Empty: 0M, Relocated: 0M, In-Place: 0
[321.024s][info][gc,reloc    ] GC(207) Forwarding Usage: 1M
[321.024s][info][gc,heap     ] GC(207) Min Capacity: 8M(1%)
[321.024s][info][gc,heap     ] GC(207) Max Capacity: 1024M(100%)
[321.024s][info][gc,heap     ] GC(207) Soft Max Capacity: 1024M(100%)
[321.024s][info][gc,heap     ] GC(207)                Mark Start          Mark End        Relocate Start      Relocate End           High               Low         
[321.024s][info][gc,heap     ] GC(207)  Capacity:      880M (86%)         880M (86%)         880M (86%)         880M (86%)         880M (86%)         880M (86%)    
[321.024s][info][gc,heap     ] GC(207)      Free:      456M (45%)         450M (44%)         922M (90%)         990M (97%)         990M (97%)         448M (44%)    
[321.024s][info][gc,heap     ] GC(207)      Used:      568M (55%)         574M (56%)         102M (10%)          34M (3%)          576M (56%)          34M (3%)     
[321.024s][info][gc,heap     ] GC(207)      Live:         -                 6M (1%)            6M (1%)            6M (1%)             -                  -          
[321.024s][info][gc,heap     ] GC(207) Allocated:         -                 6M (1%)            8M (1%)            9M (1%)             -                  -          
[321.024s][info][gc,heap     ] GC(207)   Garbage:         -               561M (55%)          87M (9%)           17M (2%)             -                  -          
[321.024s][info][gc,heap     ] GC(207) Reclaimed:         -                  -               474M (46%)         543M (53%)            -                  -          
[321.025s][info][gc          ] GC(207) Garbage Collection (Proactive) 568M(55%)->34M(3%)
[322.487s][info][gc,start    ] GC(208) Garbage Collection (System.gc())
[322.488s][info][gc,task     ] GC(208) Using 10 workers
[322.488s][info][gc,phases   ] GC(208) Pause Mark Start 0.018ms
[322.497s][info][gc,phases   ] GC(208) Concurrent Mark 9.479ms
[322.497s][info][gc,phases   ] GC(208) Pause Mark End 0.021ms
[322.498s][info][gc,phases   ] GC(208) Concurrent Mark Free 0.001ms
[322.498s][info][gc,phases   ] GC(208) Concurrent Process Non-Strong References 0.541ms
[322.498s][info][gc,phases   ] GC(208) Concurrent Reset Relocation Set 0.008ms
[322.502s][info][gc,phases   ] GC(208) Concurrent Select Relocation Set 3.843ms
[322.502s][info][gc,phases   ] GC(208) Pause Relocate Start 0.007ms
[322.505s][info][gc,phases   ] GC(208) Concurrent Relocate 2.860ms
[322.505s][info][gc,load     ] GC(208) Load: 0.00/0.00/0.00
[322.505s][info][gc,mmu      ] GC(208) MMU: 2ms/98.6%, 5ms/99.2%, 10ms/99.6%, 20ms/99.7%, 50ms/99.8%, 100ms/99.9%
[322.505s][info][gc,marking  ] GC(208) Mark: 8 stripe(s), 1 proactive flush(es), 1 terminate flush(es), 0 completion(s), 0 continuation(s) 
[322.505s][info][gc,marking  ] GC(208) Mark Stack Usage: 32M
[322.505s][info][gc,nmethod  ] GC(208) NMethods: 707 registered, 96 unregistered
[322.505s][info][gc,metaspace] GC(208) Metaspace: 9M used, 10M committed, 1088M reserved
[322.505s][info][gc,ref      ] GC(208) Soft: 214 encountered, 0 discovered, 0 enqueued
[322.505s][info][gc,ref      ] GC(208) Weak: 819 encountered, 87 discovered, 0 enqueued
[322.505s][info][gc,ref      ] GC(208) Final: 0 encountered, 0 discovered, 0 enqueued
[322.505s][info][gc,ref      ] GC(208) Phantom: 27 encountered, 19 discovered, 0 enqueued
[322.505s][info][gc,reloc    ] GC(208) Small Pages: 255 / 510M, Empty: 492M, Relocated: 3M, In-Place: 0
[322.505s][info][gc,reloc    ] GC(208) Medium Pages: 0 / 0M, Empty: 0M, Relocated: 0M, In-Place: 0
[322.505s][info][gc,reloc    ] GC(208) Large Pages: 0 / 0M, Empty: 0M, Relocated: 0M, In-Place: 0
[322.505s][info][gc,reloc    ] GC(208) Forwarding Usage: 1M
[322.505s][info][gc,heap     ] GC(208) Min Capacity: 8M(1%)
[322.506s][info][gc,heap     ] GC(208) Max Capacity: 1024M(100%)
[322.506s][info][gc,heap     ] GC(208) Soft Max Capacity: 1024M(100%)
[322.506s][info][gc,heap     ] GC(208)                Mark Start          Mark End        Relocate Start      Relocate End           High               Low         
[322.506s][info][gc,heap     ] GC(208)  Capacity:      880M (86%)         880M (86%)         880M (86%)         880M (86%)         880M (86%)         880M (86%)    
[322.506s][info][gc,heap     ] GC(208)      Free:      514M (50%)         514M (50%)        1006M (98%)        1006M (98%)        1006M (98%)         514M (50%)    
[322.506s][info][gc,heap     ] GC(208)      Used:      510M (50%)         510M (50%)          18M (2%)           18M (2%)          510M (50%)          18M (2%)     
[322.506s][info][gc,heap     ] GC(208)      Live:         -                 4M (0%)            4M (0%)            4M (0%)             -                  -          
[322.506s][info][gc,heap     ] GC(208) Allocated:         -                 0M (0%)            0M (0%)            0M (0%)             -                  -          
[322.506s][info][gc,heap     ] GC(208)   Garbage:         -               505M (49%)          13M (1%)           13M (1%)             -                  -          
[322.506s][info][gc,heap     ] GC(208) Reclaimed:         -                  -               492M (48%)         492M (48%)            -                  -          
[322.506s][info][gc          ] GC(208) Garbage Collection (System.gc()) 510M(50%)->18M(2%)
[324.111s][info][gc,start    ] GC(209) Garbage Collection (Proactive)
[324.111s][info][gc,task     ] GC(209) Using 10 workers
[324.111s][info][gc,phases   ] GC(209) Pause Mark Start 0.017ms
[324.127s][info][gc,phases   ] GC(209) Concurrent Mark 15.199ms
[324.127s][info][gc,phases   ] GC(209) Pause Mark End 0.021ms
[324.127s][info][gc,phases   ] GC(209) Concurrent Mark Free 0.001ms
[324.128s][info][gc,phases   ] GC(209) Concurrent Process Non-Strong References 0.580ms
[324.128s][info][gc,phases   ] GC(209) Concurrent Reset Relocation Set 0.002ms
[324.134s][info][gc,phases   ] GC(209) Concurrent Select Relocation Set 6.269ms
[324.134s][info][gc,phases   ] GC(209) Pause Relocate Start 0.006ms
[324.138s][info][gc,phases   ] GC(209) Concurrent Relocate 3.511ms
[324.138s][info][gc,load     ] GC(209) Load: 0.00/0.00/0.00
[324.138s][info][gc,mmu      ] GC(209) MMU: 2ms/98.6%, 5ms/99.2%, 10ms/99.6%, 20ms/99.7%, 50ms/99.8%, 100ms/99.9%
[324.138s][info][gc,marking  ] GC(209) Mark: 8 stripe(s), 2 proactive flush(es), 1 terminate flush(es), 0 completion(s), 0 continuation(s) 
[324.138s][info][gc,marking  ] GC(209) Mark Stack Usage: 32M
[324.138s][info][gc,nmethod  ] GC(209) NMethods: 706 registered, 97 unregistered
[324.138s][info][gc,metaspace] GC(209) Metaspace: 9M used, 10M committed, 1088M reserved
[324.138s][info][gc,ref      ] GC(209) Soft: 214 encountered, 0 discovered, 0 enqueued
[324.138s][info][gc,ref      ] GC(209) Weak: 819 encountered, 31 discovered, 0 enqueued
[324.138s][info][gc,ref      ] GC(209) Final: 0 encountered, 0 discovered, 0 enqueued
[324.138s][info][gc,ref      ] GC(209) Phantom: 27 encountered, 20 discovered, 0 enqueued
[324.138s][info][gc,reloc    ] GC(209) Small Pages: 268 / 536M, Empty: 382M, Relocated: 3M, In-Place: 0
[324.138s][info][gc,reloc    ] GC(209) Medium Pages: 0 / 0M, Empty: 0M, Relocated: 0M, In-Place: 0
[324.138s][info][gc,reloc    ] GC(209) Large Pages: 0 / 0M, Empty: 0M, Relocated: 0M, In-Place: 0
[324.138s][info][gc,reloc    ] GC(209) Forwarding Usage: 1M
[324.138s][info][gc,heap     ] GC(209) Min Capacity: 8M(1%)
[324.138s][info][gc,heap     ] GC(209) Max Capacity: 1024M(100%)
[324.138s][info][gc,heap     ] GC(209) Soft Max Capacity: 1024M(100%)
[324.138s][info][gc,heap     ] GC(209)                Mark Start          Mark End        Relocate Start      Relocate End           High               Low         
[324.138s][info][gc,heap     ] GC(209)  Capacity:      880M (86%)         880M (86%)         880M (86%)         880M (86%)         880M (86%)         880M (86%)    
[324.138s][info][gc,heap     ] GC(209)      Free:      488M (48%)         482M (47%)         862M (84%)         992M (97%)         992M (97%)         482M (47%)    
[324.138s][info][gc,heap     ] GC(209)      Used:      536M (52%)         542M (53%)         162M (16%)          32M (3%)          542M (53%)          32M (3%)     
[324.139s][info][gc,heap     ] GC(209)      Live:         -                 6M (1%)            6M (1%)            6M (1%)             -                  -          
[324.139s][info][gc,heap     ] GC(209) Allocated:         -                 6M (1%)            8M (1%)            7M (1%)             -                  -          
[324.139s][info][gc,heap     ] GC(209)   Garbage:         -               529M (52%)         147M (14%)          17M (2%)             -                  -          
[324.139s][info][gc,heap     ] GC(209) Reclaimed:         -                  -               382M (37%)         511M (50%)            -                  -          
[324.139s][info][gc          ] GC(209) Garbage Collection (Proactive) 536M(52%)->32M(3%)
[326.007s][info][gc,start    ] GC(210) Garbage Collection (Proactive)
[326.007s][info][gc,task     ] GC(210) Using 10 workers
[326.007s][info][gc,phases   ] GC(210) Pause Mark Start 0.018ms
[326.022s][info][gc,phases   ] GC(210) Concurrent Mark 15.180ms
[326.022s][info][gc,phases   ] GC(210) Pause Mark End 0.020ms
[326.022s][info][gc,phases   ] GC(210) Concurrent Mark Free 0.001ms
[326.023s][info][gc,phases   ] GC(210) Concurrent Process Non-Strong References 0.534ms
[326.023s][info][gc,phases   ] GC(210) Concurrent Reset Relocation Set 0.012ms
[326.029s][info][gc,phases   ] GC(210) Concurrent Select Relocation Set 6.159ms
[326.029s][info][gc,phases   ] GC(210) Pause Relocate Start 0.006ms
[326.033s][info][gc,phases   ] GC(210) Concurrent Relocate 3.463ms
[326.033s][info][gc,load     ] GC(210) Load: 0.00/0.00/0.00
[326.033s][info][gc,mmu      ] GC(210) MMU: 2ms/98.6%, 5ms/99.2%, 10ms/99.6%, 20ms/99.7%, 50ms/99.8%, 100ms/99.9%
[326.033s][info][gc,marking  ] GC(210) Mark: 8 stripe(s), 2 proactive flush(es), 1 terminate flush(es), 0 completion(s), 0 continuation(s) 
[326.034s][info][gc,marking  ] GC(210) Mark Stack Usage: 32M
[326.034s][info][gc,nmethod  ] GC(210) NMethods: 706 registered, 97 unregistered
[326.034s][info][gc,metaspace] GC(210) Metaspace: 9M used, 10M committed, 1088M reserved
[326.034s][info][gc,ref      ] GC(210) Soft: 214 encountered, 0 discovered, 0 enqueued
[326.034s][info][gc,ref      ] GC(210) Weak: 819 encountered, 36 discovered, 0 enqueued
[326.034s][info][gc,ref      ] GC(210) Final: 0 encountered, 0 discovered, 0 enqueued
[326.034s][info][gc,ref      ] GC(210) Phantom: 27 encountered, 23 discovered, 0 enqueued
[326.034s][info][gc,reloc    ] GC(210) Small Pages: 317 / 634M, Empty: 476M, Relocated: 3M, In-Place: 0
[326.034s][info][gc,reloc    ] GC(210) Medium Pages: 0 / 0M, Empty: 0M, Relocated: 0M, In-Place: 0
[326.034s][info][gc,reloc    ] GC(210) Large Pages: 0 / 0M, Empty: 0M, Relocated: 0M, In-Place: 0
[326.034s][info][gc,reloc    ] GC(210) Forwarding Usage: 1M
[326.034s][info][gc,heap     ] GC(210) Min Capacity: 8M(1%)
[326.034s][info][gc,heap     ] GC(210) Max Capacity: 1024M(100%)
[326.034s][info][gc,heap     ] GC(210) Soft Max Capacity: 1024M(100%)
[326.034s][info][gc,heap     ] GC(210)                Mark Start          Mark End        Relocate Start      Relocate End           High               Low         
[326.034s][info][gc,heap     ] GC(210)  Capacity:      880M (86%)         880M (86%)         880M (86%)         880M (86%)         880M (86%)         880M (86%)    
[326.034s][info][gc,heap     ] GC(210)      Free:      390M (38%)         384M (38%)         858M (84%)         990M (97%)         990M (97%)         384M (38%)    
[326.034s][info][gc,heap     ] GC(210)      Used:      634M (62%)         640M (63%)         166M (16%)          34M (3%)          640M (63%)          34M (3%)     
[326.034s][info][gc,heap     ] GC(210)      Live:         -                 6M (1%)            6M (1%)            6M (1%)             -                  -          
[326.034s][info][gc,heap     ] GC(210) Allocated:         -                 6M (1%)            8M (1%)            9M (1%)             -                  -          
[326.034s][info][gc,heap     ] GC(210)   Garbage:         -               627M (61%)         151M (15%)          17M (2%)             -                  -          
[326.034s][info][gc,heap     ] GC(210) Reclaimed:         -                  -               476M (46%)         609M (60%)            -                  -          
[326.034s][info][gc          ] GC(210) Garbage Collection (Proactive) 634M(62%)->34M(3%)
[327.699s][info][gc,start    ] GC(211) Garbage Collection (Proactive)
[327.699s][info][gc,task     ] GC(211) Using 10 workers
[327.699s][info][gc,phases   ] GC(211) Pause Mark Start 0.019ms
[327.714s][info][gc,phases   ] GC(211) Concurrent Mark 15.260ms
[327.715s][info][gc,phases   ] GC(211) Pause Mark End 0.024ms
[327.715s][info][gc,phases   ] GC(211) Concurrent Mark Free 0.001ms
[327.715s][info][gc,phases   ] GC(211) Concurrent Process Non-Strong References 0.564ms
[327.715s][info][gc,phases   ] GC(211) Concurrent Reset Relocation Set 0.012ms
[327.719s][info][gc,phases   ] GC(211) Concurrent Select Relocation Set 3.862ms
[327.719s][info][gc,phases   ] GC(211) Pause Relocate Start 0.010ms
[327.722s][info][gc,phases   ] GC(211) Concurrent Relocate 2.900ms
[327.722s][info][gc,load     ] GC(211) Load: 0.00/0.00/0.00
[327.723s][info][gc,mmu      ] GC(211) MMU: 2ms/98.6%, 5ms/99.2%, 10ms/99.6%, 20ms/99.7%, 50ms/99.8%, 100ms/99.9%
[327.723s][info][gc,marking  ] GC(211) Mark: 8 stripe(s), 2 proactive flush(es), 1 terminate flush(es), 0 completion(s), 0 continuation(s) 
[327.723s][info][gc,marking  ] GC(211) Mark Stack Usage: 32M
[327.723s][info][gc,nmethod  ] GC(211) NMethods: 706 registered, 97 unregistered
[327.723s][info][gc,metaspace] GC(211) Metaspace: 9M used, 10M committed, 1088M reserved
[327.723s][info][gc,ref      ] GC(211) Soft: 214 encountered, 0 discovered, 0 enqueued
[327.723s][info][gc,ref      ] GC(211) Weak: 819 encountered, 34 discovered, 0 enqueued
[327.723s][info][gc,ref      ] GC(211) Final: 0 encountered, 0 discovered, 0 enqueued
[327.723s][info][gc,ref      ] GC(211) Phantom: 27 encountered, 20 discovered, 0 enqueued
[327.723s][info][gc,reloc    ] GC(211) Small Pages: 288 / 576M, Empty: 514M, Relocated: 3M, In-Place: 0
[327.723s][info][gc,reloc    ] GC(211) Medium Pages: 0 / 0M, Empty: 0M, Relocated: 0M, In-Place: 0
[327.723s][info][gc,reloc    ] GC(211) Large Pages: 0 / 0M, Empty: 0M, Relocated: 0M, In-Place: 0
[327.723s][info][gc,reloc    ] GC(211) Forwarding Usage: 1M
[327.723s][info][gc,heap     ] GC(211) Min Capacity: 8M(1%)
[327.723s][info][gc,heap     ] GC(211) Max Capacity: 1024M(100%)
[327.723s][info][gc,heap     ] GC(211) Soft Max Capacity: 1024M(100%)
[327.723s][info][gc,heap     ] GC(211)                Mark Start          Mark End        Relocate Start      Relocate End           High               Low         
[327.723s][info][gc,heap     ] GC(211)  Capacity:      880M (86%)         880M (86%)         880M (86%)         880M (86%)         880M (86%)         880M (86%)    
[327.723s][info][gc,heap     ] GC(211)      Free:      448M (44%)         442M (43%)         954M (93%)         992M (97%)         992M (97%)         442M (43%)    
[327.723s][info][gc,heap     ] GC(211)      Used:      576M (56%)         582M (57%)          70M (7%)           32M (3%)          582M (57%)          32M (3%)     
[327.723s][info][gc,heap     ] GC(211)      Live:         -                 6M (1%)            6M (1%)            6M (1%)             -                  -          
[327.723s][info][gc,heap     ] GC(211) Allocated:         -                 6M (1%)            8M (1%)            7M (1%)             -                  -          
[327.723s][info][gc,heap     ] GC(211)   Garbage:         -               569M (56%)          55M (5%)           17M (2%)             -                  -          
[327.723s][info][gc,heap     ] GC(211) Reclaimed:         -                  -               514M (50%)         551M (54%)            -                  -          
[327.723s][info][gc          ] GC(211) Garbage Collection (Proactive) 576M(56%)->32M(3%)
[329.212s][info][gc,start    ] GC(212) Garbage Collection (Proactive)
[329.212s][info][gc,task     ] GC(212) Using 10 workers
[329.212s][info][gc,phases   ] GC(212) Pause Mark Start 0.018ms
[329.228s][info][gc,phases   ] GC(212) Concurrent Mark 15.225ms
[329.228s][info][gc,phases   ] GC(212) Pause Mark End 0.021ms
[329.228s][info][gc,phases   ] GC(212) Concurrent Mark Free 0.002ms
[329.229s][info][gc,phases   ] GC(212) Concurrent Process Non-Strong References 0.548ms
[329.229s][info][gc,phases   ] GC(212) Concurrent Reset Relocation Set 0.005ms
[329.232s][info][gc,phases   ] GC(212) Concurrent Select Relocation Set 3.838ms
[329.233s][info][gc,phases   ] GC(212) Pause Relocate Start 0.006ms
[329.236s][info][gc,phases   ] GC(212) Concurrent Relocate 3.476ms
[329.236s][info][gc,load     ] GC(212) Load: 0.00/0.00/0.00
[329.236s][info][gc,mmu      ] GC(212) MMU: 2ms/98.6%, 5ms/99.2%, 10ms/99.6%, 20ms/99.7%, 50ms/99.8%, 100ms/99.9%
[329.236s][info][gc,marking  ] GC(212) Mark: 8 stripe(s), 2 proactive flush(es), 1 terminate flush(es), 0 completion(s), 0 continuation(s) 
[329.236s][info][gc,marking  ] GC(212) Mark Stack Usage: 32M
[329.236s][info][gc,nmethod  ] GC(212) NMethods: 706 registered, 97 unregistered
[329.236s][info][gc,metaspace] GC(212) Metaspace: 9M used, 10M committed, 1088M reserved
[329.236s][info][gc,ref      ] GC(212) Soft: 214 encountered, 0 discovered, 0 enqueued
[329.236s][info][gc,ref      ] GC(212) Weak: 819 encountered, 212 discovered, 0 enqueued
[329.236s][info][gc,ref      ] GC(212) Final: 0 encountered, 0 discovered, 0 enqueued
[329.236s][info][gc,ref      ] GC(212) Phantom: 27 encountered, 17 discovered, 0 enqueued
[329.237s][info][gc,reloc    ] GC(212) Small Pages: 255 / 510M, Empty: 432M, Relocated: 3M, In-Place: 0
[329.237s][info][gc,reloc    ] GC(212) Medium Pages: 0 / 0M, Empty: 0M, Relocated: 0M, In-Place: 0
[329.237s][info][gc,reloc    ] GC(212) Large Pages: 0 / 0M, Empty: 0M, Relocated: 0M, In-Place: 0
[329.237s][info][gc,reloc    ] GC(212) Forwarding Usage: 1M
[329.237s][info][gc,heap     ] GC(212) Min Capacity: 8M(1%)
[329.237s][info][gc,heap     ] GC(212) Max Capacity: 1024M(100%)
[329.237s][info][gc,heap     ] GC(212) Soft Max Capacity: 1024M(100%)
[329.237s][info][gc,heap     ] GC(212)                Mark Start          Mark End        Relocate Start      Relocate End           High               Low         
[329.237s][info][gc,heap     ] GC(212)  Capacity:      880M (86%)         880M (86%)         880M (86%)         880M (86%)         880M (86%)         880M (86%)    
[329.237s][info][gc,heap     ] GC(212)      Free:      514M (50%)         508M (50%)         938M (92%)         992M (97%)         992M (97%)         508M (50%)    
[329.237s][info][gc,heap     ] GC(212)      Used:      510M (50%)         516M (50%)          86M (8%)           32M (3%)          516M (50%)          32M (3%)     
[329.237s][info][gc,heap     ] GC(212)      Live:         -                 6M (1%)            6M (1%)            6M (1%)             -                  -          
[329.237s][info][gc,heap     ] GC(212) Allocated:         -                 6M (1%)            8M (1%)            7M (1%)             -                  -          
[329.237s][info][gc,heap     ] GC(212)   Garbage:         -               503M (49%)          71M (7%)           17M (2%)             -                  -          
[329.237s][info][gc,heap     ] GC(212) Reclaimed:         -                  -               432M (42%)         485M (47%)            -                  -          
[329.237s][info][gc          ] GC(212) Garbage Collection (Proactive) 510M(50%)->32M(3%)
[329.271s][info][gc,start    ] GC(213) Garbage Collection (System.gc())
[329.271s][info][gc,task     ] GC(213) Using 10 workers
[329.271s][info][gc,phases   ] GC(213) Pause Mark Start 0.014ms
[329.290s][info][gc,phases   ] GC(213) Concurrent Mark 18.533ms
[329.290s][info][gc,phases   ] GC(213) Pause Mark End 0.016ms
[329.290s][info][gc,phases   ] GC(213) Concurrent Mark Free 0.001ms
[329.291s][info][gc,phases   ] GC(213) Concurrent Process Non-Strong References 0.524ms
[329.291s][info][gc,phases   ] GC(213) Concurrent Reset Relocation Set 0.005ms
[329.295s][info][gc,phases   ] GC(213) Concurrent Select Relocation Set 3.747ms
[329.295s][info][gc,phases   ] GC(213) Pause Relocate Start 0.009ms
[329.298s][info][gc,phases   ] GC(213) Concurrent Relocate 2.982ms
[329.298s][info][gc,load     ] GC(213) Load: 0.00/0.00/0.00
[329.298s][info][gc,mmu      ] GC(213) MMU: 2ms/98.6%, 5ms/99.2%, 10ms/99.6%, 20ms/99.7%, 50ms/99.8%, 100ms/99.9%
[329.298s][info][gc,marking  ] GC(213) Mark: 8 stripe(s), 1 proactive flush(es), 1 terminate flush(es), 0 completion(s), 0 continuation(s) 
[329.298s][info][gc,marking  ] GC(213) Mark Stack Usage: 32M
[329.298s][info][gc,nmethod  ] GC(213) NMethods: 706 registered, 97 unregistered
[329.298s][info][gc,metaspace] GC(213) Metaspace: 9M used, 10M committed, 1088M reserved
[329.298s][info][gc,ref      ] GC(213) Soft: 214 encountered, 0 discovered, 0 enqueued
[329.298s][info][gc,ref      ] GC(213) Weak: 819 encountered, 52 discovered, 0 enqueued
[329.298s][info][gc,ref      ] GC(213) Final: 0 encountered, 0 discovered, 0 enqueued
[329.298s][info][gc,ref      ] GC(213) Phantom: 27 encountered, 23 discovered, 0 enqueued
[329.298s][info][gc,reloc    ] GC(213) Small Pages: 20 / 40M, Empty: 20M, Relocated: 3M, In-Place: 0
[329.298s][info][gc,reloc    ] GC(213) Medium Pages: 0 / 0M, Empty: 0M, Relocated: 0M, In-Place: 0
[329.298s][info][gc,reloc    ] GC(213) Large Pages: 0 / 0M, Empty: 0M, Relocated: 0M, In-Place: 0
[329.298s][info][gc,reloc    ] GC(213) Forwarding Usage: 1M
[329.298s][info][gc,heap     ] GC(213) Min Capacity: 8M(1%)
[329.298s][info][gc,heap     ] GC(213) Max Capacity: 1024M(100%)
[329.298s][info][gc,heap     ] GC(213) Soft Max Capacity: 1024M(100%)
[329.298s][info][gc,heap     ] GC(213)                Mark Start          Mark End        Relocate Start      Relocate End           High               Low         
[329.298s][info][gc,heap     ] GC(213)  Capacity:      880M (86%)         880M (86%)         880M (86%)         880M (86%)         880M (86%)         880M (86%)    
[329.298s][info][gc,heap     ] GC(213)      Free:      984M (96%)         984M (96%)        1004M (98%)        1004M (98%)        1004M (98%)         984M (96%)    
[329.299s][info][gc,heap     ] GC(213)      Used:       40M (4%)           40M (4%)           20M (2%)           20M (2%)           40M (4%)           20M (2%)     
[329.299s][info][gc,heap     ] GC(213)      Live:         -                 4M (0%)            4M (0%)            4M (0%)             -                  -          
[329.299s][info][gc,heap     ] GC(213) Allocated:         -                 0M (0%)            0M (0%)            0M (0%)             -                  -          
[329.299s][info][gc,heap     ] GC(213)   Garbage:         -                35M (3%)           15M (1%)           15M (1%)             -                  -          
[329.299s][info][gc,heap     ] GC(213) Reclaimed:         -                  -                20M (2%)           20M (2%)             -                  -          
[329.299s][info][gc          ] GC(213) Garbage Collection (System.gc()) 40M(4%)->20M(2%)
[330.101s][info][gc,stats    ] === Garbage Collection Statistics =======================================================================================================================
[330.101s][info][gc,stats    ]                                                              Last 10s              Last 10m              Last 10h                Total
[330.101s][info][gc,stats    ]                                                              Avg / Max             Avg / Max             Avg / Max             Avg / Max
[330.101s][info][gc,stats    ]   Collector: Garbage Collection Cycle                     24.212 / 26.694       26.417 / 78.390       26.417 / 78.390       26.417 / 78.390      ms
[330.101s][info][gc,stats    ]  Contention: Mark Segment Reset Contention                     1 / 5                 1 / 8                 1 / 8                 1 / 8           ops/s
[330.101s][info][gc,stats    ]  Contention: Mark SeqNum Reset Contention                      0 / 2                 0 / 4                 0 / 4                 0 / 4           ops/s
[330.101s][info][gc,stats    ]    Critical: Allocation Stall                                  0 / 0                 0 / 0                 0 / 0                 0 / 0           ops/s
[330.101s][info][gc,stats    ]    Critical: Allocation Stall                              0.000 / 0.000         0.000 / 0.000         0.000 / 0.000         0.000 / 0.000       ms
[330.101s][info][gc,stats    ]    Critical: GC Locker Stall                                   0 / 0                 0 / 0                 0 / 0                 0 / 0           ops/s
[330.101s][info][gc,stats    ]    Critical: GC Locker Stall                               0.000 / 0.000         0.000 / 0.000         0.000 / 0.000         0.000 / 0.000       ms
[330.101s][info][gc,stats    ]    Critical: Relocation Stall                                  0 / 0                 0 / 0                 0 / 0                 0 / 0           ops/s
[330.101s][info][gc,stats    ]    Critical: Relocation Stall                              0.000 / 0.000         0.000 / 0.000         0.000 / 0.000         0.000 / 0.000       ms
[330.101s][info][gc,stats    ]      Memory: Allocation Rate                                 323 / 338             321 / 348             321 / 348             321 / 348         MB/s
[330.101s][info][gc,stats    ]      Memory: Defragment                                        0 / 0                 0 / 0                 0 / 0                 0 / 0           ops/s
[330.101s][info][gc,stats    ]      Memory: Out Of Memory                                     0 / 0                 0 / 0                 0 / 0                 0 / 0           ops/s
[330.101s][info][gc,stats    ]      Memory: Page Cache Flush                                  0 / 0                 0 / 0                 0 / 0                 0 / 0           MB/s
[330.101s][info][gc,stats    ]      Memory: Page Cache Hit L1                               168 / 174             165 / 182             165 / 182             165 / 182         ops/s
[330.101s][info][gc,stats    ]      Memory: Page Cache Hit L2                                 0 / 0                 0 / 0                 0 / 0                 0 / 0           ops/s
[330.101s][info][gc,stats    ]      Memory: Page Cache Hit L3                                 0 / 0                 1 / 103               1 / 103               1 / 103         ops/s
[330.101s][info][gc,stats    ]      Memory: Page Cache Miss                                   0 / 0                 0 / 1                 0 / 1                 0 / 1           ops/s
[330.102s][info][gc,stats    ]      Memory: Uncommit                                          0 / 0                 0 / 144               0 / 144               0 / 144         MB/s
[330.102s][info][gc,stats    ]      Memory: Undo Object Allocation Failed                     0 / 0                 0 / 6                 0 / 6                 0 / 6           ops/s
[330.102s][info][gc,stats    ]      Memory: Undo Object Allocation Succeeded                  0 / 1                 0 / 5                 0 / 5                 0 / 5           ops/s
[330.102s][info][gc,stats    ]      Memory: Undo Page Allocation                              1 / 4                 1 / 6                 1 / 6                 1 / 6           ops/s
[330.102s][info][gc,stats    ]       Phase: Concurrent Mark                              14.863 / 18.533       15.534 / 34.706       15.534 / 34.706       15.534 / 34.706      ms
[330.102s][info][gc,stats    ]       Phase: Concurrent Mark Continue                      0.000 / 0.000         0.000 / 0.000         0.000 / 0.000         0.000 / 0.000       ms
[330.102s][info][gc,stats    ]       Phase: Concurrent Mark Free                          0.001 / 0.002         0.001 / 0.002         0.001 / 0.002         0.001 / 0.002       ms
[330.102s][info][gc,stats    ]       Phase: Concurrent Process Non-Strong References      0.550 / 0.580         0.930 / 7.426         0.930 / 7.426         0.930 / 7.426       ms
[330.102s][info][gc,stats    ]       Phase: Concurrent Relocate                           3.221 / 3.511         3.587 / 12.244        3.587 / 12.244        3.587 / 12.244      ms
[330.102s][info][gc,stats    ]       Phase: Concurrent Reset Relocation Set               0.008 / 0.012         0.008 / 0.016         0.008 / 0.016         0.008 / 0.016       ms
[330.102s][info][gc,stats    ]       Phase: Concurrent Select Relocation Set              4.517 / 6.269         4.852 / 14.229        4.852 / 14.229        4.852 / 14.229      ms
[330.102s][info][gc,stats    ]       Phase: Pause Mark End                                0.021 / 0.024         0.021 / 0.027         0.021 / 0.027         0.021 / 0.027       ms
[330.102s][info][gc,stats    ]       Phase: Pause Mark Start                              0.017 / 0.019         0.017 / 0.029         0.017 / 0.029         0.017 / 0.029       ms
[330.102s][info][gc,stats    ]       Phase: Pause Relocate Start                          0.008 / 0.010         0.008 / 0.014         0.008 / 0.014         0.008 / 0.014       ms
[330.102s][info][gc,stats    ]    Subphase: Concurrent Classes Purge                      0.008 / 0.025         0.046 / 5.468         0.046 / 5.468         0.046 / 5.468       ms
[330.102s][info][gc,stats    ]    Subphase: Concurrent Classes Unlink                     0.258 / 0.261         0.540 / 5.860         0.540 / 5.860         0.540 / 5.860       ms
[330.102s][info][gc,stats    ]    Subphase: Concurrent Mark                              12.922 / 17.475       12.664 / 31.718       12.664 / 31.718       12.664 / 31.718      ms
[330.102s][info][gc,stats    ]    Subphase: Concurrent Mark Try Flush                     0.086 / 0.118         0.073 / 0.242         0.073 / 0.242         0.073 / 0.242       ms
[330.102s][info][gc,stats    ]    Subphase: Concurrent Mark Try Terminate                 8.412 / 15.392        7.448 / 17.080        7.448 / 17.080        7.448 / 17.080      ms
[330.102s][info][gc,stats    ]    Subphase: Concurrent References Enqueue                 0.000 / 0.000         0.000 / 0.005         0.000 / 0.005         0.000 / 0.005       ms
[330.102s][info][gc,stats    ]    Subphase: Concurrent References Process                 0.041 / 0.047         0.043 / 0.088         0.043 / 0.088         0.043 / 0.088       ms
[330.102s][info][gc,stats    ]    Subphase: Concurrent Roots ClassLoaderDataGraph         0.091 / 0.424         0.086 / 0.868         0.086 / 0.868         0.086 / 0.868       ms
[330.102s][info][gc,stats    ]    Subphase: Concurrent Roots CodeCache                    0.000 / 0.000         0.000 / 0.000         0.000 / 0.000         0.000 / 0.000       ms
[330.102s][info][gc,stats    ]    Subphase: Concurrent Roots JavaThreads                  0.613 / 1.097         0.551 / 2.549         0.551 / 2.549         0.551 / 2.549       ms
[330.102s][info][gc,stats    ]    Subphase: Concurrent Roots OopStorageSet                0.017 / 0.045         0.017 / 0.219         0.017 / 0.219         0.017 / 0.219       ms
[330.102s][info][gc,stats    ]    Subphase: Concurrent Weak Roots OopStorageSet           0.130 / 0.145         0.138 / 1.443         0.138 / 1.443         0.138 / 1.443       ms
[330.102s][info][gc,stats    ]    Subphase: Pause Mark Try Complete                       0.000 / 0.000         0.000 / 0.000         0.000 / 0.000         0.000 / 0.000       ms
[330.102s][info][gc,stats    ]      System: Java Threads                                     43 / 43               38 / 43               38 / 43               38 / 43          threads
[330.103s][info][gc,stats    ] =========================================================================================================================================================
[330.904s][info][gc,start    ] GC(214) Garbage Collection (Proactive)
[330.904s][info][gc,task     ] GC(214) Using 10 workers
[330.905s][info][gc,phases   ] GC(214) Pause Mark Start 0.017ms
[330.920s][info][gc,phases   ] GC(214) Concurrent Mark 15.208ms
[330.920s][info][gc,phases   ] GC(214) Pause Mark End 0.025ms
[330.920s][info][gc,phases   ] GC(214) Concurrent Mark Free 0.001ms
[330.921s][info][gc,phases   ] GC(214) Concurrent Process Non-Strong References 0.600ms
[330.921s][info][gc,phases   ] GC(214) Concurrent Reset Relocation Set 0.002ms
[330.927s][info][gc,phases   ] GC(214) Concurrent Select Relocation Set 6.251ms
[330.927s][info][gc,phases   ] GC(214) Pause Relocate Start 0.010ms
[330.931s][info][gc,phases   ] GC(214) Concurrent Relocate 3.330ms
[330.931s][info][gc,load     ] GC(214) Load: 0.00/0.00/0.00
[330.931s][info][gc,mmu      ] GC(214) MMU: 2ms/98.6%, 5ms/99.2%, 10ms/99.6%, 20ms/99.7%, 50ms/99.8%, 100ms/99.9%
[330.931s][info][gc,marking  ] GC(214) Mark: 8 stripe(s), 2 proactive flush(es), 1 terminate flush(es), 0 completion(s), 0 continuation(s) 
[330.931s][info][gc,marking  ] GC(214) Mark Stack Usage: 32M
[330.931s][info][gc,nmethod  ] GC(214) NMethods: 706 registered, 98 unregistered
[330.931s][info][gc,metaspace] GC(214) Metaspace: 9M used, 10M committed, 1088M reserved
[330.931s][info][gc,ref      ] GC(214) Soft: 214 encountered, 0 discovered, 0 enqueued
[330.931s][info][gc,ref      ] GC(214) Weak: 819 encountered, 93 discovered, 0 enqueued
[330.931s][info][gc,ref      ] GC(214) Final: 0 encountered, 0 discovered, 0 enqueued
[330.931s][info][gc,ref      ] GC(214) Phantom: 27 encountered, 16 discovered, 0 enqueued
[330.931s][info][gc,reloc    ] GC(214) Small Pages: 263 / 526M, Empty: 414M, Relocated: 3M, In-Place: 0
[330.931s][info][gc,reloc    ] GC(214) Medium Pages: 0 / 0M, Empty: 0M, Relocated: 0M, In-Place: 0
[330.931s][info][gc,reloc    ] GC(214) Large Pages: 0 / 0M, Empty: 0M, Relocated: 0M, In-Place: 0
[330.931s][info][gc,reloc    ] GC(214) Forwarding Usage: 1M
[330.931s][info][gc,heap     ] GC(214) Min Capacity: 8M(1%)
[330.931s][info][gc,heap     ] GC(214) Max Capacity: 1024M(100%)
[330.931s][info][gc,heap     ] GC(214) Soft Max Capacity: 1024M(100%)
[330.931s][info][gc,heap     ] GC(214)                Mark Start          Mark End        Relocate Start      Relocate End           High               Low         
[330.931s][info][gc,heap     ] GC(214)  Capacity:      880M (86%)         880M (86%)         880M (86%)         880M (86%)         880M (86%)         880M (86%)    
[330.931s][info][gc,heap     ] GC(214)      Free:      498M (49%)         492M (48%)         904M (88%)         990M (97%)         990M (97%)         490M (48%)    
[330.931s][info][gc,heap     ] GC(214)      Used:      526M (51%)         532M (52%)         120M (12%)          34M (3%)          534M (52%)          34M (3%)     
[330.932s][info][gc,heap     ] GC(214)      Live:         -                 6M (1%)            6M (1%)            6M (1%)             -                  -          
[330.932s][info][gc,heap     ] GC(214) Allocated:         -                 6M (1%)            8M (1%)            9M (1%)             -                  -          
[330.932s][info][gc,heap     ] GC(214)   Garbage:         -               519M (51%)         105M (10%)          17M (2%)             -                  -          
[330.932s][info][gc,heap     ] GC(214) Reclaimed:         -                  -               414M (40%)         501M (49%)            -                  -          
[330.932s][info][gc          ] GC(214) Garbage Collection (Proactive) 526M(51%)->34M(3%)
[332.612s][info][gc,start    ] GC(215) Garbage Collection (Proactive)
[332.612s][info][gc,task     ] GC(215) Using 10 workers
[332.612s][info][gc,phases   ] GC(215) Pause Mark Start 0.018ms
[332.628s][info][gc,phases   ] GC(215) Concurrent Mark 15.168ms
[332.628s][info][gc,phases   ] GC(215) Pause Mark End 0.022ms
[332.628s][info][gc,phases   ] GC(215) Concurrent Mark Free 0.002ms
[332.629s][info][gc,phases   ] GC(215) Concurrent Process Non-Strong References 0.572ms
[332.629s][info][gc,phases   ] GC(215) Concurrent Reset Relocation Set 0.010ms
[332.633s][info][gc,phases   ] GC(215) Concurrent Select Relocation Set 3.847ms
[332.633s][info][gc,phases   ] GC(215) Pause Relocate Start 0.008ms
[332.636s][info][gc,phases   ] GC(215) Concurrent Relocate 3.540ms
[332.636s][info][gc,load     ] GC(215) Load: 0.00/0.00/0.00
[332.636s][info][gc,mmu      ] GC(215) MMU: 2ms/98.6%, 5ms/99.2%, 10ms/99.6%, 20ms/99.7%, 50ms/99.8%, 100ms/99.9%
[332.636s][info][gc,marking  ] GC(215) Mark: 8 stripe(s), 2 proactive flush(es), 1 terminate flush(es), 0 completion(s), 0 continuation(s) 
[332.636s][info][gc,marking  ] GC(215) Mark Stack Usage: 32M
[332.637s][info][gc,nmethod  ] GC(215) NMethods: 706 registered, 98 unregistered
[332.637s][info][gc,metaspace] GC(215) Metaspace: 9M used, 10M committed, 1088M reserved
[332.637s][info][gc,ref      ] GC(215) Soft: 214 encountered, 0 discovered, 0 enqueued
[332.637s][info][gc,ref      ] GC(215) Weak: 819 encountered, 27 discovered, 0 enqueued
[332.637s][info][gc,ref      ] GC(215) Final: 0 encountered, 0 discovered, 0 enqueued
[332.637s][info][gc,ref      ] GC(215) Phantom: 27 encountered, 18 discovered, 0 enqueued
[332.637s][info][gc,reloc    ] GC(215) Small Pages: 284 / 568M, Empty: 436M, Relocated: 3M, In-Place: 0
[332.637s][info][gc,reloc    ] GC(215) Medium Pages: 0 / 0M, Empty: 0M, Relocated: 0M, In-Place: 0
[332.637s][info][gc,reloc    ] GC(215) Large Pages: 0 / 0M, Empty: 0M, Relocated: 0M, In-Place: 0
[332.637s][info][gc,reloc    ] GC(215) Forwarding Usage: 1M
[332.637s][info][gc,heap     ] GC(215) Min Capacity: 8M(1%)
[332.637s][info][gc,heap     ] GC(215) Max Capacity: 1024M(100%)
[332.637s][info][gc,heap     ] GC(215) Soft Max Capacity: 1024M(100%)
[332.637s][info][gc,heap     ] GC(215)                Mark Start          Mark End        Relocate Start      Relocate End           High               Low         
[332.637s][info][gc,heap     ] GC(215)  Capacity:      880M (86%)         880M (86%)         880M (86%)         880M (86%)         880M (86%)         880M (86%)    
[332.637s][info][gc,heap     ] GC(215)      Free:      456M (45%)         450M (44%)         884M (86%)         992M (97%)         992M (97%)         450M (44%)    
[332.637s][info][gc,heap     ] GC(215)      Used:      568M (55%)         574M (56%)         140M (14%)          32M (3%)          574M (56%)          32M (3%)     
[332.637s][info][gc,heap     ] GC(215)      Live:         -                 6M (1%)            6M (1%)            6M (1%)             -                  -          
[332.637s][info][gc,heap     ] GC(215) Allocated:         -                 6M (1%)            8M (1%)            7M (1%)             -                  -          
[332.637s][info][gc,heap     ] GC(215)   Garbage:         -               561M (55%)         125M (12%)          17M (2%)             -                  -          
[332.637s][info][gc,heap     ] GC(215) Reclaimed:         -                  -               436M (43%)         543M (53%)            -                  -          
[332.637s][info][gc          ] GC(215) Garbage Collection (Proactive) 568M(55%)->32M(3%)
[334.110s][info][gc,start    ] GC(216) Garbage Collection (Proactive)
[334.110s][info][gc,task     ] GC(216) Using 10 workers
[334.110s][info][gc,phases   ] GC(216) Pause Mark Start 0.017ms
[334.119s][info][gc,phases   ] GC(216) Concurrent Mark 8.648ms
[334.119s][info][gc,phases   ] GC(216) Pause Mark End 0.022ms
[334.119s][info][gc,phases   ] GC(216) Concurrent Mark Free 0.001ms
[334.120s][info][gc,phases   ] GC(216) Concurrent Process Non-Strong References 0.564ms
[334.120s][info][gc,phases   ] GC(216) Concurrent Reset Relocation Set 0.010ms
[334.124s][info][gc,phases   ] GC(216) Concurrent Select Relocation Set 3.909ms
[334.124s][info][gc,phases   ] GC(216) Pause Relocate Start 0.006ms
[334.128s][info][gc,phases   ] GC(216) Concurrent Relocate 3.663ms
[334.128s][info][gc,load     ] GC(216) Load: 0.00/0.00/0.00
[334.128s][info][gc,mmu      ] GC(216) MMU: 2ms/98.6%, 5ms/99.2%, 10ms/99.6%, 20ms/99.7%, 50ms/99.8%, 100ms/99.9%
[334.128s][info][gc,marking  ] GC(216) Mark: 8 stripe(s), 3 proactive flush(es), 1 terminate flush(es), 0 completion(s), 0 continuation(s) 
[334.128s][info][gc,marking  ] GC(216) Mark Stack Usage: 32M
[334.128s][info][gc,nmethod  ] GC(216) NMethods: 706 registered, 98 unregistered
[334.128s][info][gc,metaspace] GC(216) Metaspace: 9M used, 10M committed, 1088M reserved
[334.128s][info][gc,ref      ] GC(216) Soft: 214 encountered, 0 discovered, 0 enqueued
[334.128s][info][gc,ref      ] GC(216) Weak: 819 encountered, 52 discovered, 0 enqueued
[334.128s][info][gc,ref      ] GC(216) Final: 0 encountered, 0 discovered, 0 enqueued
[334.128s][info][gc,ref      ] GC(216) Phantom: 27 encountered, 17 discovered, 0 enqueued
[334.128s][info][gc,reloc    ] GC(216) Small Pages: 255 / 510M, Empty: 394M, Relocated: 3M, In-Place: 0
[334.128s][info][gc,reloc    ] GC(216) Medium Pages: 0 / 0M, Empty: 0M, Relocated: 0M, In-Place: 0
[334.128s][info][gc,reloc    ] GC(216) Large Pages: 0 / 0M, Empty: 0M, Relocated: 0M, In-Place: 0
[334.128s][info][gc,reloc    ] GC(216) Forwarding Usage: 1M
[334.128s][info][gc,heap     ] GC(216) Min Capacity: 8M(1%)
[334.128s][info][gc,heap     ] GC(216) Max Capacity: 1024M(100%)
[334.128s][info][gc,heap     ] GC(216) Soft Max Capacity: 1024M(100%)
[334.128s][info][gc,heap     ] GC(216)                Mark Start          Mark End        Relocate Start      Relocate End           High               Low         
[334.129s][info][gc,heap     ] GC(216)  Capacity:      880M (86%)         880M (86%)         880M (86%)         880M (86%)         880M (86%)         880M (86%)    
[334.129s][info][gc,heap     ] GC(216)      Free:      514M (50%)         508M (50%)         902M (88%)         994M (97%)         994M (97%)         508M (50%)    
[334.129s][info][gc,heap     ] GC(216)      Used:      510M (50%)         516M (50%)         122M (12%)          30M (3%)          516M (50%)          30M (3%)     
[334.129s][info][gc,heap     ] GC(216)      Live:         -                 6M (1%)            6M (1%)            6M (1%)             -                  -          
[334.129s][info][gc,heap     ] GC(216) Allocated:         -                 6M (1%)            6M (1%)            5M (1%)             -                  -          
[334.129s][info][gc,heap     ] GC(216)   Garbage:         -               503M (49%)         109M (11%)          17M (2%)             -                  -          
[334.129s][info][gc,heap     ] GC(216) Reclaimed:         -                  -               394M (38%)         485M (47%)            -                  -          
[334.129s][info][gc          ] GC(216) Garbage Collection (Proactive) 510M(50%)->30M(3%)
[335.708s][info][gc,start    ] GC(217) Garbage Collection (Proactive)
[335.709s][info][gc,task     ] GC(217) Using 10 workers
[335.709s][info][gc,phases   ] GC(217) Pause Mark Start 0.019ms
[335.724s][info][gc,phases   ] GC(217) Concurrent Mark 15.218ms
[335.724s][info][gc,phases   ] GC(217) Pause Mark End 0.023ms
[335.724s][info][gc,phases   ] GC(217) Concurrent Mark Free 0.001ms
[335.725s][info][gc,phases   ] GC(217) Concurrent Process Non-Strong References 0.574ms
[335.725s][info][gc,phases   ] GC(217) Concurrent Reset Relocation Set 0.009ms
[335.731s][info][gc,phases   ] GC(217) Concurrent Select Relocation Set 5.772ms
[335.731s][info][gc,phases   ] GC(217) Pause Relocate Start 0.009ms
[335.735s][info][gc,phases   ] GC(217) Concurrent Relocate 3.661ms
[335.735s][info][gc,load     ] GC(217) Load: 0.00/0.00/0.00
[335.735s][info][gc,mmu      ] GC(217) MMU: 2ms/98.6%, 5ms/99.2%, 10ms/99.6%, 20ms/99.7%, 50ms/99.8%, 100ms/99.9%
[335.735s][info][gc,marking  ] GC(217) Mark: 8 stripe(s), 3 proactive flush(es), 1 terminate flush(es), 0 completion(s), 0 continuation(s) 
[335.735s][info][gc,marking  ] GC(217) Mark Stack Usage: 32M
[335.735s][info][gc,nmethod  ] GC(217) NMethods: 706 registered, 98 unregistered
[335.735s][info][gc,metaspace] GC(217) Metaspace: 9M used, 10M committed, 1088M reserved
[335.735s][info][gc,ref      ] GC(217) Soft: 214 encountered, 0 discovered, 0 enqueued
[335.735s][info][gc,ref      ] GC(217) Weak: 819 encountered, 38 discovered, 0 enqueued
[335.735s][info][gc,ref      ] GC(217) Final: 0 encountered, 0 discovered, 0 enqueued
[335.735s][info][gc,ref      ] GC(217) Phantom: 27 encountered, 23 discovered, 0 enqueued
[335.735s][info][gc,reloc    ] GC(217) Small Pages: 260 / 520M, Empty: 424M, Relocated: 3M, In-Place: 0
[335.735s][info][gc,reloc    ] GC(217) Medium Pages: 0 / 0M, Empty: 0M, Relocated: 0M, In-Place: 0
[335.735s][info][gc,reloc    ] GC(217) Large Pages: 0 / 0M, Empty: 0M, Relocated: 0M, In-Place: 0
[335.735s][info][gc,reloc    ] GC(217) Forwarding Usage: 1M
[335.735s][info][gc,heap     ] GC(217) Min Capacity: 8M(1%)
[335.735s][info][gc,heap     ] GC(217) Max Capacity: 1024M(100%)
[335.735s][info][gc,heap     ] GC(217) Soft Max Capacity: 1024M(100%)
[335.735s][info][gc,heap     ] GC(217)                Mark Start          Mark End        Relocate Start      Relocate End           High               Low         
[335.735s][info][gc,heap     ] GC(217)  Capacity:      880M (86%)         880M (86%)         880M (86%)         880M (86%)         880M (86%)         880M (86%)    
[335.735s][info][gc,heap     ] GC(217)      Free:      504M (49%)         498M (49%)         918M (90%)         990M (97%)         990M (97%)         496M (48%)    
[335.735s][info][gc,heap     ] GC(217)      Used:      520M (51%)         526M (51%)         106M (10%)          34M (3%)          528M (52%)          34M (3%)     
[335.735s][info][gc,heap     ] GC(217)      Live:         -                 6M (1%)            6M (1%)            6M (1%)             -                  -          
[335.735s][info][gc,heap     ] GC(217) Allocated:         -                 6M (1%)           10M (1%)            9M (1%)             -                  -          
[335.736s][info][gc,heap     ] GC(217)   Garbage:         -               513M (50%)          89M (9%)           17M (2%)             -                  -          
[335.736s][info][gc,heap     ] GC(217) Reclaimed:         -                  -               424M (41%)         495M (48%)            -                  -          
[335.736s][info][gc          ] GC(217) Garbage Collection (Proactive) 520M(51%)->34M(3%)
[336.197s][info][gc,start    ] GC(218) Garbage Collection (System.gc())
[336.197s][info][gc,task     ] GC(218) Using 10 workers
[336.197s][info][gc,phases   ] GC(218) Pause Mark Start 0.018ms
[336.208s][info][gc,phases   ] GC(218) Concurrent Mark 11.309ms
[336.208s][info][gc,phases   ] GC(218) Pause Mark End 0.018ms
[336.209s][info][gc,phases   ] GC(218) Concurrent Mark Free 0.001ms
[336.209s][info][gc,phases   ] GC(218) Concurrent Process Non-Strong References 0.543ms
[336.209s][info][gc,phases   ] GC(218) Concurrent Reset Relocation Set 0.007ms
[336.213s][info][gc,phases   ] GC(218) Concurrent Select Relocation Set 3.755ms
[336.213s][info][gc,phases   ] GC(218) Pause Relocate Start 0.005ms
[336.216s][info][gc,phases   ] GC(218) Concurrent Relocate 3.027ms
[336.216s][info][gc,load     ] GC(218) Load: 0.00/0.00/0.00
[336.216s][info][gc,mmu      ] GC(218) MMU: 2ms/98.6%, 5ms/99.2%, 10ms/99.6%, 20ms/99.7%, 50ms/99.8%, 100ms/99.9%
[336.216s][info][gc,marking  ] GC(218) Mark: 8 stripe(s), 2 proactive flush(es), 1 terminate flush(es), 0 completion(s), 0 continuation(s) 
[336.216s][info][gc,marking  ] GC(218) Mark Stack Usage: 32M
[336.216s][info][gc,nmethod  ] GC(218) NMethods: 706 registered, 98 unregistered
[336.216s][info][gc,metaspace] GC(218) Metaspace: 9M used, 10M committed, 1088M reserved
[336.216s][info][gc,ref      ] GC(218) Soft: 214 encountered, 0 discovered, 0 enqueued
[336.216s][info][gc,ref      ] GC(218) Weak: 819 encountered, 26 discovered, 0 enqueued
[336.216s][info][gc,ref      ] GC(218) Final: 0 encountered, 0 discovered, 0 enqueued
[336.216s][info][gc,ref      ] GC(218) Phantom: 27 encountered, 21 discovered, 0 enqueued
[336.216s][info][gc,reloc    ] GC(218) Small Pages: 90 / 180M, Empty: 164M, Relocated: 3M, In-Place: 0
[336.216s][info][gc,reloc    ] GC(218) Medium Pages: 0 / 0M, Empty: 0M, Relocated: 0M, In-Place: 0
[336.217s][info][gc,reloc    ] GC(218) Large Pages: 0 / 0M, Empty: 0M, Relocated: 0M, In-Place: 0
[336.217s][info][gc,reloc    ] GC(218) Forwarding Usage: 1M
[336.217s][info][gc,heap     ] GC(218) Min Capacity: 8M(1%)
[336.217s][info][gc,heap     ] GC(218) Max Capacity: 1024M(100%)
[336.217s][info][gc,heap     ] GC(218) Soft Max Capacity: 1024M(100%)
[336.217s][info][gc,heap     ] GC(218)                Mark Start          Mark End        Relocate Start      Relocate End           High               Low         
[336.217s][info][gc,heap     ] GC(218)  Capacity:      880M (86%)         880M (86%)         880M (86%)         880M (86%)         880M (86%)         880M (86%)    
[336.217s][info][gc,heap     ] GC(218)      Free:      844M (82%)         844M (82%)        1008M (98%)        1008M (98%)        1008M (98%)         844M (82%)    
[336.217s][info][gc,heap     ] GC(218)      Used:      180M (18%)         180M (18%)          16M (2%)           16M (2%)          180M (18%)          16M (2%)     
[336.217s][info][gc,heap     ] GC(218)      Live:         -                 4M (0%)            4M (0%)            4M (0%)             -                  -          
[336.217s][info][gc,heap     ] GC(218) Allocated:         -                 0M (0%)            0M (0%)            0M (0%)             -                  -          
[336.217s][info][gc,heap     ] GC(218)   Garbage:         -               175M (17%)          11M (1%)           11M (1%)             -                  -          
[336.217s][info][gc,heap     ] GC(218) Reclaimed:         -                  -               164M (16%)         164M (16%)            -                  -          
[336.217s][info][gc          ] GC(218) Garbage Collection (System.gc()) 180M(18%)->16M(2%)
[337.802s][info][gc,start    ] GC(219) Garbage Collection (Proactive)
[337.802s][info][gc,task     ] GC(219) Using 10 workers
[337.802s][info][gc,phases   ] GC(219) Pause Mark Start 0.016ms
[337.817s][info][gc,phases   ] GC(219) Concurrent Mark 15.176ms
[337.817s][info][gc,phases   ] GC(219) Pause Mark End 0.023ms
[337.818s][info][gc,phases   ] GC(219) Concurrent Mark Free 0.002ms
[337.818s][info][gc,phases   ] GC(219) Concurrent Process Non-Strong References 0.579ms
[337.818s][info][gc,phases   ] GC(219) Concurrent Reset Relocation Set 0.002ms
[337.824s][info][gc,phases   ] GC(219) Concurrent Select Relocation Set 5.953ms
[337.824s][info][gc,phases   ] GC(219) Pause Relocate Start 0.010ms
[337.828s][info][gc,phases   ] GC(219) Concurrent Relocate 3.519ms
[337.828s][info][gc,load     ] GC(219) Load: 0.00/0.00/0.00
[337.828s][info][gc,mmu      ] GC(219) MMU: 2ms/98.6%, 5ms/99.2%, 10ms/99.6%, 20ms/99.7%, 50ms/99.8%, 100ms/99.9%
[337.828s][info][gc,marking  ] GC(219) Mark: 8 stripe(s), 3 proactive flush(es), 1 terminate flush(es), 0 completion(s), 0 continuation(s) 
[337.828s][info][gc,marking  ] GC(219) Mark Stack Usage: 32M
[337.828s][info][gc,nmethod  ] GC(219) NMethods: 706 registered, 98 unregistered
[337.828s][info][gc,metaspace] GC(219) Metaspace: 9M used, 10M committed, 1088M reserved
[337.828s][info][gc,ref      ] GC(219) Soft: 214 encountered, 0 discovered, 0 enqueued
[337.828s][info][gc,ref      ] GC(219) Weak: 819 encountered, 27 discovered, 0 enqueued
[337.828s][info][gc,ref      ] GC(219) Final: 0 encountered, 0 discovered, 0 enqueued
[337.828s][info][gc,ref      ] GC(219) Phantom: 27 encountered, 20 discovered, 0 enqueued
[337.828s][info][gc,reloc    ] GC(219) Small Pages: 258 / 516M, Empty: 340M, Relocated: 3M, In-Place: 0
[337.828s][info][gc,reloc    ] GC(219) Medium Pages: 0 / 0M, Empty: 0M, Relocated: 0M, In-Place: 0
[337.829s][info][gc,reloc    ] GC(219) Large Pages: 0 / 0M, Empty: 0M, Relocated: 0M, In-Place: 0
[337.829s][info][gc,reloc    ] GC(219) Forwarding Usage: 1M
[337.829s][info][gc,heap     ] GC(219) Min Capacity: 8M(1%)
[337.829s][info][gc,heap     ] GC(219) Max Capacity: 1024M(100%)
[337.829s][info][gc,heap     ] GC(219) Soft Max Capacity: 1024M(100%)
[337.829s][info][gc,heap     ] GC(219)                Mark Start          Mark End        Relocate Start      Relocate End           High               Low         
[337.829s][info][gc,heap     ] GC(219)  Capacity:      880M (86%)         880M (86%)         880M (86%)         880M (86%)         880M (86%)         880M (86%)    
[337.829s][info][gc,heap     ] GC(219)      Free:      508M (50%)         500M (49%)         838M (82%)         990M (97%)         990M (97%)         500M (49%)    
[337.829s][info][gc,heap     ] GC(219)      Used:      516M (50%)         524M (51%)         186M (18%)          34M (3%)          524M (51%)          34M (3%)     
[337.829s][info][gc,heap     ] GC(219)      Live:         -                 6M (1%)            6M (1%)            6M (1%)             -                  -          
[337.829s][info][gc,heap     ] GC(219) Allocated:         -                 8M (1%)           10M (1%)            9M (1%)             -                  -          
[337.829s][info][gc,heap     ] GC(219)   Garbage:         -               509M (50%)         169M (17%)          17M (2%)             -                  -          
[337.829s][info][gc,heap     ] GC(219) Reclaimed:         -                  -               340M (33%)         491M (48%)            -                  -          
[337.829s][info][gc          ] GC(219) Garbage Collection (Proactive) 516M(50%)->34M(3%)
[339.598s][info][gc,start    ] GC(220) Garbage Collection (Proactive)
[339.598s][info][gc,task     ] GC(220) Using 10 workers
[339.598s][info][gc,phases   ] GC(220) Pause Mark Start 0.018ms
[339.614s][info][gc,phases   ] GC(220) Concurrent Mark 15.209ms
[339.614s][info][gc,phases   ] GC(220) Pause Mark End 0.024ms
[339.614s][info][gc,phases   ] GC(220) Concurrent Mark Free 0.001ms
[339.615s][info][gc,phases   ] GC(220) Concurrent Process Non-Strong References 0.590ms
[339.615s][info][gc,phases   ] GC(220) Concurrent Reset Relocation Set 0.013ms
[339.619s][info][gc,phases   ] GC(220) Concurrent Select Relocation Set 3.863ms
[339.619s][info][gc,phases   ] GC(220) Pause Relocate Start 0.007ms
[339.622s][info][gc,phases   ] GC(220) Concurrent Relocate 3.382ms
[339.622s][info][gc,load     ] GC(220) Load: 0.00/0.00/0.00
[339.622s][info][gc,mmu      ] GC(220) MMU: 2ms/98.6%, 5ms/99.2%, 10ms/99.6%, 20ms/99.7%, 50ms/99.8%, 100ms/99.9%
[339.622s][info][gc,marking  ] GC(220) Mark: 8 stripe(s), 2 proactive flush(es), 1 terminate flush(es), 0 completion(s), 0 continuation(s) 
[339.622s][info][gc,marking  ] GC(220) Mark Stack Usage: 32M
[339.622s][info][gc,nmethod  ] GC(220) NMethods: 706 registered, 98 unregistered
[339.622s][info][gc,metaspace] GC(220) Metaspace: 9M used, 10M committed, 1088M reserved
[339.622s][info][gc,ref      ] GC(220) Soft: 214 encountered, 0 discovered, 0 enqueued
[339.622s][info][gc,ref      ] GC(220) Weak: 819 encountered, 36 discovered, 0 enqueued
[339.622s][info][gc,ref      ] GC(220) Final: 0 encountered, 0 discovered, 0 enqueued
[339.623s][info][gc,ref      ] GC(220) Phantom: 27 encountered, 24 discovered, 0 enqueued
[339.623s][info][gc,reloc    ] GC(220) Small Pages: 295 / 590M, Empty: 496M, Relocated: 3M, In-Place: 0
[339.623s][info][gc,reloc    ] GC(220) Medium Pages: 0 / 0M, Empty: 0M, Relocated: 0M, In-Place: 0
[339.623s][info][gc,reloc    ] GC(220) Large Pages: 0 / 0M, Empty: 0M, Relocated: 0M, In-Place: 0
[339.623s][info][gc,reloc    ] GC(220) Forwarding Usage: 1M
[339.623s][info][gc,heap     ] GC(220) Min Capacity: 8M(1%)
[339.623s][info][gc,heap     ] GC(220) Max Capacity: 1024M(100%)
[339.623s][info][gc,heap     ] GC(220) Soft Max Capacity: 1024M(100%)
[339.623s][info][gc,heap     ] GC(220)                Mark Start          Mark End        Relocate Start      Relocate End           High               Low         
[339.623s][info][gc,heap     ] GC(220)  Capacity:      880M (86%)         880M (86%)         880M (86%)         880M (86%)         880M (86%)         880M (86%)    
[339.623s][info][gc,heap     ] GC(220)      Free:      434M (42%)         428M (42%)         922M (90%)         990M (97%)         990M (97%)         428M (42%)    
[339.623s][info][gc,heap     ] GC(220)      Used:      590M (58%)         596M (58%)         102M (10%)          34M (3%)          596M (58%)          34M (3%)     
[339.623s][info][gc,heap     ] GC(220)      Live:         -                 6M (1%)            6M (1%)            6M (1%)             -                  -          
[339.623s][info][gc,heap     ] GC(220) Allocated:         -                 6M (1%)            8M (1%)            9M (1%)             -                  -          
[339.623s][info][gc,heap     ] GC(220)   Garbage:         -               583M (57%)          87M (9%)           17M (2%)             -                  -          
[339.623s][info][gc,heap     ] GC(220) Reclaimed:         -                  -               496M (48%)         565M (55%)            -                  -          
[339.623s][info][gc          ] GC(220) Garbage Collection (Proactive) 590M(58%)->34M(3%)
[340.114s][info][gc,stats    ] === Garbage Collection Statistics =======================================================================================================================
[340.114s][info][gc,stats    ]                                                              Last 10s              Last 10m              Last 10h                Total
[340.114s][info][gc,stats    ]                                                              Avg / Max             Avg / Max             Avg / Max             Avg / Max
[340.114s][info][gc,stats    ]   Collector: Garbage Collection Cycle                     23.609 / 26.509       26.328 / 78.390       26.328 / 78.390       26.328 / 78.390      ms
[340.114s][info][gc,stats    ]  Contention: Mark Segment Reset Contention                     1 / 3                 1 / 8                 1 / 8                 1 / 8           ops/s
[340.114s][info][gc,stats    ]  Contention: Mark SeqNum Reset Contention                      0 / 1                 0 / 4                 0 / 4                 0 / 4           ops/s
[340.114s][info][gc,stats    ]    Critical: Allocation Stall                                  0 / 0                 0 / 0                 0 / 0                 0 / 0           ops/s
[340.114s][info][gc,stats    ]    Critical: Allocation Stall                              0.000 / 0.000         0.000 / 0.000         0.000 / 0.000         0.000 / 0.000       ms
[340.114s][info][gc,stats    ]    Critical: GC Locker Stall                                   0 / 0                 0 / 0                 0 / 0                 0 / 0           ops/s
[340.114s][info][gc,stats    ]    Critical: GC Locker Stall                               0.000 / 0.000         0.000 / 0.000         0.000 / 0.000         0.000 / 0.000       ms
[340.114s][info][gc,stats    ]    Critical: Relocation Stall                                  0 / 0                 0 / 0                 0 / 0                 0 / 0           ops/s
[340.114s][info][gc,stats    ]    Critical: Relocation Stall                              0.000 / 0.000         0.000 / 0.000         0.000 / 0.000         0.000 / 0.000       ms
[340.114s][info][gc,stats    ]      Memory: Allocation Rate                                 320 / 332             321 / 348             321 / 348             321 / 348         MB/s
[340.114s][info][gc,stats    ]      Memory: Defragment                                        0 / 0                 0 / 0                 0 / 0                 0 / 0           ops/s
[340.114s][info][gc,stats    ]      Memory: Out Of Memory                                     0 / 0                 0 / 0                 0 / 0                 0 / 0           ops/s
[340.114s][info][gc,stats    ]      Memory: Page Cache Flush                                  0 / 0                 0 / 0                 0 / 0                 0 / 0           MB/s
[340.114s][info][gc,stats    ]      Memory: Page Cache Hit L1                               166 / 176             165 / 182             165 / 182             165 / 182         ops/s
[340.114s][info][gc,stats    ]      Memory: Page Cache Hit L2                                 0 / 0                 0 / 0                 0 / 0                 0 / 0           ops/s
[340.114s][info][gc,stats    ]      Memory: Page Cache Hit L3                                 0 / 0                 1 / 103               1 / 103               1 / 103         ops/s
[340.114s][info][gc,stats    ]      Memory: Page Cache Miss                                   0 / 0                 0 / 1                 0 / 1                 0 / 1           ops/s
[340.114s][info][gc,stats    ]      Memory: Uncommit                                          0 / 0                 0 / 144               0 / 144               0 / 144         MB/s
[340.114s][info][gc,stats    ]      Memory: Undo Object Allocation Failed                     0 / 1                 0 / 6                 0 / 6                 0 / 6           ops/s
[340.114s][info][gc,stats    ]      Memory: Undo Object Allocation Succeeded                  0 / 3                 0 / 5                 0 / 5                 0 / 5           ops/s
[340.114s][info][gc,stats    ]      Memory: Undo Page Allocation                              1 / 3                 1 / 6                 1 / 6                 1 / 6           ops/s
[340.115s][info][gc,stats    ]       Phase: Concurrent Mark                              13.705 / 15.218       15.476 / 34.706       15.476 / 34.706       15.476 / 34.706      ms
[340.115s][info][gc,stats    ]       Phase: Concurrent Mark Continue                      0.000 / 0.000         0.000 / 0.000         0.000 / 0.000         0.000 / 0.000       ms
[340.115s][info][gc,stats    ]       Phase: Concurrent Mark Free                          0.001 / 0.002         0.001 / 0.002         0.001 / 0.002         0.001 / 0.002       ms
[340.115s][info][gc,stats    ]       Phase: Concurrent Process Non-Strong References      0.574 / 0.600         0.919 / 7.426         0.919 / 7.426         0.919 / 7.426       ms
[340.115s][info][gc,stats    ]       Phase: Concurrent Relocate                           3.446 / 3.663         3.583 / 12.244        3.583 / 12.244        3.583 / 12.244      ms
[340.115s][info][gc,stats    ]       Phase: Concurrent Reset Relocation Set               0.008 / 0.013         0.008 / 0.016         0.008 / 0.016         0.008 / 0.016       ms
[340.115s][info][gc,stats    ]       Phase: Concurrent Select Relocation Set              4.764 / 6.251         4.849 / 14.229        4.849 / 14.229        4.849 / 14.229      ms
[340.115s][info][gc,stats    ]       Phase: Pause Mark End                                0.022 / 0.025         0.021 / 0.027         0.021 / 0.027         0.021 / 0.027       ms
[340.115s][info][gc,stats    ]       Phase: Pause Mark Start                              0.018 / 0.019         0.017 / 0.029         0.017 / 0.029         0.017 / 0.029       ms
[340.115s][info][gc,stats    ]       Phase: Pause Relocate Start                          0.008 / 0.010         0.008 / 0.014         0.008 / 0.014         0.008 / 0.014       ms
[340.115s][info][gc,stats    ]    Subphase: Concurrent Classes Purge                      0.008 / 0.026         0.044 / 5.468         0.044 / 5.468         0.044 / 5.468       ms
[340.115s][info][gc,stats    ]    Subphase: Concurrent Classes Unlink                     0.261 / 0.265         0.531 / 5.860         0.531 / 5.860         0.531 / 5.860       ms
[340.115s][info][gc,stats    ]    Subphase: Concurrent Mark                              11.720 / 14.071       12.633 / 31.718       12.633 / 31.718       12.633 / 31.718      ms
[340.115s][info][gc,stats    ]    Subphase: Concurrent Mark Try Flush                     0.080 / 0.126         0.073 / 0.242         0.073 / 0.242         0.073 / 0.242       ms
[340.115s][info][gc,stats    ]    Subphase: Concurrent Mark Try Terminate                 6.496 / 11.223        7.415 / 17.080        7.415 / 17.080        7.415 / 17.080      ms
[340.115s][info][gc,stats    ]    Subphase: Concurrent References Enqueue                 0.000 / 0.000         0.000 / 0.005         0.000 / 0.005         0.000 / 0.005       ms
[340.115s][info][gc,stats    ]    Subphase: Concurrent References Process                 0.039 / 0.042         0.043 / 0.088         0.043 / 0.088         0.043 / 0.088       ms
[340.115s][info][gc,stats    ]    Subphase: Concurrent Roots ClassLoaderDataGraph         0.086 / 0.487         0.086 / 0.868         0.086 / 0.868         0.086 / 0.868       ms
[340.115s][info][gc,stats    ]    Subphase: Concurrent Roots CodeCache                    0.000 / 0.000         0.000 / 0.000         0.000 / 0.000         0.000 / 0.000       ms
[340.115s][info][gc,stats    ]    Subphase: Concurrent Roots JavaThreads                  0.616 / 1.060         0.553 / 2.549         0.553 / 2.549         0.553 / 2.549       ms
[340.115s][info][gc,stats    ]    Subphase: Concurrent Roots OopStorageSet                0.017 / 0.043         0.017 / 0.219         0.017 / 0.219         0.017 / 0.219       ms
[340.115s][info][gc,stats    ]    Subphase: Concurrent Weak Roots OopStorageSet           0.134 / 0.154         0.138 / 1.443         0.138 / 1.443         0.138 / 1.443       ms
[340.115s][info][gc,stats    ]    Subphase: Pause Mark Try Complete                       0.000 / 0.000         0.000 / 0.000         0.000 / 0.000         0.000 / 0.000       ms
[340.115s][info][gc,stats    ]      System: Java Threads                                     43 / 43               38 / 43               38 / 43               38 / 43          threads
[340.115s][info][gc,stats    ] =========================================================================================================================================================
[341.207s][info][gc,start    ] GC(221) Garbage Collection (Proactive)
[341.207s][info][gc,task     ] GC(221) Using 10 workers
[341.207s][info][gc,phases   ] GC(221) Pause Mark Start 0.017ms
[341.223s][info][gc,phases   ] GC(221) Concurrent Mark 15.224ms
[341.223s][info][gc,phases   ] GC(221) Pause Mark End 0.023ms
[341.223s][info][gc,phases   ] GC(221) Concurrent Mark Free 0.002ms
[341.224s][info][gc,phases   ] GC(221) Concurrent Process Non-Strong References 0.578ms
[341.224s][info][gc,phases   ] GC(221) Concurrent Reset Relocation Set 0.009ms
[341.228s][info][gc,phases   ] GC(221) Concurrent Select Relocation Set 3.929ms
[341.228s][info][gc,phases   ] GC(221) Pause Relocate Start 0.010ms
[341.231s][info][gc,phases   ] GC(221) Concurrent Relocate 3.283ms
[341.231s][info][gc,load     ] GC(221) Load: 0.00/0.00/0.00
[341.231s][info][gc,mmu      ] GC(221) MMU: 2ms/98.6%, 5ms/99.2%, 10ms/99.6%, 20ms/99.7%, 50ms/99.8%, 100ms/99.9%
[341.231s][info][gc,marking  ] GC(221) Mark: 8 stripe(s), 2 proactive flush(es), 1 terminate flush(es), 0 completion(s), 0 continuation(s) 
[341.231s][info][gc,marking  ] GC(221) Mark Stack Usage: 32M
[341.231s][info][gc,nmethod  ] GC(221) NMethods: 706 registered, 98 unregistered
[341.231s][info][gc,metaspace] GC(221) Metaspace: 9M used, 10M committed, 1088M reserved
[341.232s][info][gc,ref      ] GC(221) Soft: 214 encountered, 0 discovered, 0 enqueued
[341.232s][info][gc,ref      ] GC(221) Weak: 819 encountered, 8 discovered, 0 enqueued
[341.232s][info][gc,ref      ] GC(221) Final: 0 encountered, 0 discovered, 0 enqueued
[341.232s][info][gc,ref      ] GC(221) Phantom: 27 encountered, 19 discovered, 0 enqueued
[341.232s][info][gc,reloc    ] GC(221) Small Pages: 272 / 544M, Empty: 376M, Relocated: 3M, In-Place: 0
[341.232s][info][gc,reloc    ] GC(221) Medium Pages: 0 / 0M, Empty: 0M, Relocated: 0M, In-Place: 0
[341.232s][info][gc,reloc    ] GC(221) Large Pages: 0 / 0M, Empty: 0M, Relocated: 0M, In-Place: 0
[341.232s][info][gc,reloc    ] GC(221) Forwarding Usage: 1M
[341.232s][info][gc,heap     ] GC(221) Min Capacity: 8M(1%)
[341.232s][info][gc,heap     ] GC(221) Max Capacity: 1024M(100%)
[341.232s][info][gc,heap     ] GC(221) Soft Max Capacity: 1024M(100%)
[341.232s][info][gc,heap     ] GC(221)                Mark Start          Mark End        Relocate Start      Relocate End           High               Low         
[341.232s][info][gc,heap     ] GC(221)  Capacity:      880M (86%)         880M (86%)         880M (86%)         880M (86%)         880M (86%)         880M (86%)    
[341.232s][info][gc,heap     ] GC(221)      Free:      480M (47%)         472M (46%)         848M (83%)         990M (97%)         990M (97%)         472M (46%)    
[341.232s][info][gc,heap     ] GC(221)      Used:      544M (53%)         552M (54%)         176M (17%)          34M (3%)          552M (54%)          34M (3%)     
[341.232s][info][gc,heap     ] GC(221)      Live:         -                 6M (1%)            6M (1%)            6M (1%)             -                  -          
[341.232s][info][gc,heap     ] GC(221) Allocated:         -                 8M (1%)            8M (1%)            9M (1%)             -                  -          
[341.232s][info][gc,heap     ] GC(221)   Garbage:         -               537M (53%)         161M (16%)          17M (2%)             -                  -          
[341.232s][info][gc,heap     ] GC(221) Reclaimed:         -                  -               376M (37%)         519M (51%)            -                  -          
[341.232s][info][gc          ] GC(221) Garbage Collection (Proactive) 544M(53%)->34M(3%)
[342.613s][info][gc,start    ] GC(222) Garbage Collection (Proactive)
[342.613s][info][gc,task     ] GC(222) Using 10 workers
[342.613s][info][gc,phases   ] GC(222) Pause Mark Start 0.018ms
[342.629s][info][gc,phases   ] GC(222) Concurrent Mark 15.191ms
[342.629s][info][gc,phases   ] GC(222) Pause Mark End 0.023ms
[342.629s][info][gc,phases   ] GC(222) Concurrent Mark Free 0.001ms
[342.630s][info][gc,phases   ] GC(222) Concurrent Process Non-Strong References 0.554ms
[342.630s][info][gc,phases   ] GC(222) Concurrent Reset Relocation Set 0.011ms
[342.633s][info][gc,phases   ] GC(222) Concurrent Select Relocation Set 3.786ms
[342.634s][info][gc,phases   ] GC(222) Pause Relocate Start 0.009ms
[342.637s][info][gc,phases   ] GC(222) Concurrent Relocate 3.439ms
[342.637s][info][gc,load     ] GC(222) Load: 0.00/0.00/0.00
[342.637s][info][gc,mmu      ] GC(222) MMU: 2ms/98.6%, 5ms/99.2%, 10ms/99.6%, 20ms/99.7%, 50ms/99.8%, 100ms/99.9%
[342.637s][info][gc,marking  ] GC(222) Mark: 8 stripe(s), 2 proactive flush(es), 1 terminate flush(es), 0 completion(s), 0 continuation(s) 
[342.637s][info][gc,marking  ] GC(222) Mark Stack Usage: 32M
[342.637s][info][gc,nmethod  ] GC(222) NMethods: 706 registered, 98 unregistered
[342.637s][info][gc,metaspace] GC(222) Metaspace: 9M used, 10M committed, 1088M reserved
[342.637s][info][gc,ref      ] GC(222) Soft: 214 encountered, 0 discovered, 0 enqueued
[342.637s][info][gc,ref      ] GC(222) Weak: 819 encountered, 7 discovered, 0 enqueued
[342.637s][info][gc,ref      ] GC(222) Final: 0 encountered, 0 discovered, 0 enqueued
[342.637s][info][gc,ref      ] GC(222) Phantom: 27 encountered, 14 discovered, 0 enqueued
[342.637s][info][gc,reloc    ] GC(222) Small Pages: 235 / 470M, Empty: 378M, Relocated: 3M, In-Place: 0
[342.637s][info][gc,reloc    ] GC(222) Medium Pages: 0 / 0M, Empty: 0M, Relocated: 0M, In-Place: 0
[342.637s][info][gc,reloc    ] GC(222) Large Pages: 0 / 0M, Empty: 0M, Relocated: 0M, In-Place: 0
[342.638s][info][gc,reloc    ] GC(222) Forwarding Usage: 1M
[342.638s][info][gc,heap     ] GC(222) Min Capacity: 8M(1%)
[342.638s][info][gc,heap     ] GC(222) Max Capacity: 1024M(100%)
[342.638s][info][gc,heap     ] GC(222) Soft Max Capacity: 1024M(100%)
[342.638s][info][gc,heap     ] GC(222)                Mark Start          Mark End        Relocate Start      Relocate End           High               Low         
[342.638s][info][gc,heap     ] GC(222)  Capacity:      880M (86%)         880M (86%)         880M (86%)         880M (86%)         880M (86%)         880M (86%)    
[342.638s][info][gc,heap     ] GC(222)      Free:      554M (54%)         548M (54%)         924M (90%)         992M (97%)         992M (97%)         548M (54%)    
[342.638s][info][gc,heap     ] GC(222)      Used:      470M (46%)         476M (46%)         100M (10%)          32M (3%)          476M (46%)          32M (3%)     
[342.638s][info][gc,heap     ] GC(222)      Live:         -                 6M (1%)            6M (1%)            6M (1%)             -                  -          
[342.638s][info][gc,heap     ] GC(222) Allocated:         -                 6M (1%)            8M (1%)            7M (1%)             -                  -          
[342.638s][info][gc,heap     ] GC(222)   Garbage:         -               463M (45%)          85M (8%)           17M (2%)             -                  -          
[342.638s][info][gc,heap     ] GC(222) Reclaimed:         -                  -               378M (37%)         445M (44%)            -                  -          
[342.638s][info][gc          ] GC(222) Garbage Collection (Proactive) 470M(46%)->32M(3%)
[343.110s][info][gc,heap,exit] Heap
[343.110s][info][gc,heap,exit]  ZHeap           used 180M, capacity 880M, max capacity 1024M
[343.110s][info][gc,heap,exit]  Metaspace       used 10007K, committed 10240K, reserved 1114112K
[343.111s][info][gc,heap,exit]   class space    used 1313K, committed 1408K, reserved 1048576K
