[0.015s][info][gc,init] Initializing The Z Garbage Collector
[0.015s][info][gc,init] Version: 20+36-2344 (release)
[0.015s][info][gc,init] NUMA Support: Disabled
[0.015s][info][gc,init] CPUs: 48 total, 48 available
[0.016s][info][gc,init] Memory: 391843M
[0.016s][info][gc,init] Large Page Support: Disabled
[0.016s][info][gc,init] GC Workers: 5 (dynamic)
[0.017s][info][gc,init] Address Space Type: Contiguous/Unrestricted/Complete
[0.017s][info][gc,init] Address Space Size: 8192M x 3 = 24576M
[0.017s][info][gc,init] Min Capacity: 8M
[0.017s][info][gc,init] Initial Capacity: 512M
[0.023s][info][gc,init] Max Capacity: 512M
[0.023s][info][gc,init] Medium Page Size: 16M
[0.023s][info][gc,init] Pre-touch: Disabled
[0.023s][info][gc,init] Uncommit: Enabled
[0.023s][info][gc,init] Uncommit Delay: 300s
[0.049s][info][gc,init] Runtime Workers: 5
[0.050s][info][gc     ] Using The Z Garbage Collector
[0.051s][info][gc,metaspace] CDS archive(s) mapped at: [0x0000000800000000-0x0000000800c60000-0x0000000800c60000), size 12976128, SharedBaseAddress: 0x0000000800000000, ArchiveRelocationMode: 0.
[0.051s][info][gc,metaspace] Compressed class space mapped at: 0x0000000801000000-0x0000000841000000, reserved size: 1073741824
[0.051s][info][gc,metaspace] Narrow klass base: 0x0000000800000000, Narrow klass shift: 0, Narrow klass range: 0x100000000
[1.087s][info][gc,start    ] GC(0) Garbage Collection (System.gc())
[1.088s][info][gc,task     ] GC(0) Using 5 workers
[1.088s][info][gc,phases   ] GC(0) Pause Mark Start 0.016ms
[1.104s][info][gc,phases   ] GC(0) Concurrent Mark 16.124ms
[1.104s][info][gc,phases   ] GC(0) Pause Mark End 0.020ms
[1.104s][info][gc,phases   ] GC(0) Concurrent Mark Free 0.001ms
[1.106s][info][gc,phases   ] GC(0) Concurrent Process Non-Strong References 1.302ms
[1.106s][info][gc,phases   ] GC(0) Concurrent Reset Relocation Set 0.001ms
[1.120s][info][gc,phases   ] GC(0) Concurrent Select Relocation Set 14.681ms
[1.120s][info][gc,phases   ] GC(0) Pause Relocate Start 0.009ms
[1.125s][info][gc,phases   ] GC(0) Concurrent Relocate 4.249ms
[1.125s][info][gc,load     ] GC(0) Load: 0.00/0.00/0.00
[1.125s][info][gc,mmu      ] GC(0) MMU: 2ms/99.0%, 5ms/99.6%, 10ms/99.8%, 20ms/99.8%, 50ms/99.9%, 100ms/100.0%
[1.125s][info][gc,marking  ] GC(0) Mark: 4 stripe(s), 2 proactive flush(es), 1 terminate flush(es), 0 completion(s), 0 continuation(s) 
[1.125s][info][gc,marking  ] GC(0) Mark Stack Usage: 32M
[1.125s][info][gc,nmethod  ] GC(0) NMethods: 1073 registered, 105 unregistered
[1.125s][info][gc,metaspace] GC(0) Metaspace: 8M used, 8M committed, 1088M reserved
[1.125s][info][gc,ref      ] GC(0) Soft: 166 encountered, 0 discovered, 0 enqueued
[1.125s][info][gc,ref      ] GC(0) Weak: 769 encountered, 523 discovered, 258 enqueued
[1.125s][info][gc,ref      ] GC(0) Final: 0 encountered, 0 discovered, 0 enqueued
[1.125s][info][gc,ref      ] GC(0) Phantom: 217 encountered, 205 discovered, 190 enqueued
[1.125s][info][gc,reloc    ] GC(0) Small Pages: 13 / 26M, Empty: 0M, Relocated: 4M, In-Place: 0
[1.125s][info][gc,reloc    ] GC(0) Medium Pages: 0 / 0M, Empty: 0M, Relocated: 0M, In-Place: 0
[1.125s][info][gc,reloc    ] GC(0) Large Pages: 0 / 0M, Empty: 0M, Relocated: 0M, In-Place: 0
[1.125s][info][gc,reloc    ] GC(0) Forwarding Usage: 1M
[1.125s][info][gc,heap     ] GC(0) Min Capacity: 8M(2%)
[1.125s][info][gc,heap     ] GC(0) Max Capacity: 512M(100%)
[1.125s][info][gc,heap     ] GC(0) Soft Max Capacity: 512M(100%)
[1.125s][info][gc,heap     ] GC(0)                Mark Start          Mark End        Relocate Start      Relocate End           High               Low         
[1.125s][info][gc,heap     ] GC(0)  Capacity:      512M (100%)        512M (100%)        512M (100%)        512M (100%)        512M (100%)        512M (100%)   
[1.125s][info][gc,heap     ] GC(0)      Free:      486M (95%)         486M (95%)         484M (95%)         500M (98%)         500M (98%)         474M (93%)    
[1.125s][info][gc,heap     ] GC(0)      Used:       26M (5%)           26M (5%)           28M (5%)           12M (2%)           38M (7%)           12M (2%)     
[1.125s][info][gc,heap     ] GC(0)      Live:         -                 4M (1%)            4M (1%)            4M (1%)             -                  -          
[1.125s][info][gc,heap     ] GC(0) Allocated:         -                 0M (0%)            2M (0%)            2M (0%)             -                  -          
[1.125s][info][gc,heap     ] GC(0)   Garbage:         -                21M (4%)           21M (4%)            5M (1%)             -                  -          
[1.125s][info][gc,heap     ] GC(0) Reclaimed:         -                  -                 0M (0%)           16M (3%)             -                  -          
[1.125s][info][gc          ] GC(0) Garbage Collection (System.gc()) 26M(5%)->12M(2%)
[1.482s][info][gc,start    ] GC(1) Garbage Collection (Warmup)
[1.482s][info][gc,task     ] GC(1) Using 5 workers
[1.482s][info][gc,phases   ] GC(1) Pause Mark Start 0.015ms
[1.497s][info][gc,phases   ] GC(1) Concurrent Mark 15.132ms
[1.498s][info][gc,phases   ] GC(1) Pause Mark End 0.016ms
[1.498s][info][gc,phases   ] GC(1) Concurrent Mark Free 0.001ms
[1.504s][info][gc,phases   ] GC(1) Concurrent Process Non-Strong References 5.847ms
[1.504s][info][gc,phases   ] GC(1) Concurrent Reset Relocation Set 0.002ms
[1.510s][info][gc,phases   ] GC(1) Concurrent Select Relocation Set 6.147ms
[1.510s][info][gc,phases   ] GC(1) Pause Relocate Start 0.009ms
[1.516s][info][gc,phases   ] GC(1) Concurrent Relocate 5.697ms
[1.516s][info][gc,load     ] GC(1) Load: 0.00/0.00/0.00
[1.516s][info][gc,mmu      ] GC(1) MMU: 2ms/99.0%, 5ms/99.6%, 10ms/99.8%, 20ms/99.8%, 50ms/99.9%, 100ms/100.0%
[1.516s][info][gc,marking  ] GC(1) Mark: 4 stripe(s), 2 proactive flush(es), 1 terminate flush(es), 0 completion(s), 0 continuation(s) 
[1.516s][info][gc,marking  ] GC(1) Mark Stack Usage: 32M
[1.516s][info][gc,nmethod  ] GC(1) NMethods: 1695 registered, 131 unregistered
[1.516s][info][gc,metaspace] GC(1) Metaspace: 9M used, 9M committed, 1088M reserved
[1.516s][info][gc,ref      ] GC(1) Soft: 212 encountered, 0 discovered, 0 enqueued
[1.516s][info][gc,ref      ] GC(1) Weak: 939 encountered, 203 discovered, 164 enqueued
[1.516s][info][gc,ref      ] GC(1) Final: 0 encountered, 0 discovered, 0 enqueued
[1.516s][info][gc,ref      ] GC(1) Phantom: 143 encountered, 133 discovered, 116 enqueued
[1.516s][info][gc,reloc    ] GC(1) Small Pages: 31 / 62M, Empty: 0M, Relocated: 4M, In-Place: 0
[1.516s][info][gc,reloc    ] GC(1) Medium Pages: 0 / 0M, Empty: 0M, Relocated: 0M, In-Place: 0
[1.516s][info][gc,reloc    ] GC(1) Large Pages: 0 / 0M, Empty: 0M, Relocated: 0M, In-Place: 0
[1.516s][info][gc,reloc    ] GC(1) Forwarding Usage: 1M
[1.516s][info][gc,heap     ] GC(1) Min Capacity: 8M(2%)
[1.516s][info][gc,heap     ] GC(1) Max Capacity: 512M(100%)
[1.516s][info][gc,heap     ] GC(1) Soft Max Capacity: 512M(100%)
[1.516s][info][gc,heap     ] GC(1)                Mark Start          Mark End        Relocate Start      Relocate End           High               Low         
[1.516s][info][gc,heap     ] GC(1)  Capacity:      512M (100%)        512M (100%)        512M (100%)        512M (100%)        512M (100%)        512M (100%)   
[1.516s][info][gc,heap     ] GC(1)      Free:      450M (88%)         444M (87%)         440M (86%)         490M (96%)         490M (96%)         432M (84%)    
[1.516s][info][gc,heap     ] GC(1)      Used:       62M (12%)          68M (13%)          72M (14%)          22M (4%)           80M (16%)          22M (4%)     
[1.516s][info][gc,heap     ] GC(1)      Live:         -                 6M (1%)            6M (1%)            6M (1%)             -                  -          
[1.516s][info][gc,heap     ] GC(1) Allocated:         -                 6M (1%)           10M (2%)            9M (2%)             -                  -          
[1.516s][info][gc,heap     ] GC(1)   Garbage:         -                55M (11%)          55M (11%)           5M (1%)             -                  -          
[1.516s][info][gc,heap     ] GC(1) Reclaimed:         -                  -                 0M (0%)           49M (10%)            -                  -          
[1.517s][info][gc          ] GC(1) Garbage Collection (Warmup) 62M(12%)->22M(4%)
[1.779s][info][gc,start    ] GC(2) Garbage Collection (Warmup)
[1.779s][info][gc,task     ] GC(2) Using 5 workers
[1.779s][info][gc,phases   ] GC(2) Pause Mark Start 0.012ms
[1.807s][info][gc,phases   ] GC(2) Concurrent Mark 28.020ms
[1.807s][info][gc,phases   ] GC(2) Pause Mark End 0.016ms
[1.807s][info][gc,phases   ] GC(2) Concurrent Mark Free 0.002ms
[1.809s][info][gc,phases   ] GC(2) Concurrent Process Non-Strong References 1.577ms
[1.809s][info][gc,phases   ] GC(2) Concurrent Reset Relocation Set 0.005ms
[1.816s][info][gc,phases   ] GC(2) Concurrent Select Relocation Set 6.515ms
[1.816s][info][gc,phases   ] GC(2) Pause Relocate Start 0.009ms
[1.821s][info][gc,phases   ] GC(2) Concurrent Relocate 5.082ms
[1.821s][info][gc,load     ] GC(2) Load: 0.00/0.00/0.00
[1.821s][info][gc,mmu      ] GC(2) MMU: 2ms/99.0%, 5ms/99.6%, 10ms/99.7%, 20ms/99.8%, 50ms/99.9%, 100ms/100.0%
[1.821s][info][gc,marking  ] GC(2) Mark: 4 stripe(s), 4 proactive flush(es), 1 terminate flush(es), 0 completion(s), 0 continuation(s) 
[1.821s][info][gc,marking  ] GC(2) Mark Stack Usage: 32M
[1.821s][info][gc,nmethod  ] GC(2) NMethods: 1813 registered, 180 unregistered
[1.821s][info][gc,metaspace] GC(2) Metaspace: 9M used, 9M committed, 1088M reserved
[1.821s][info][gc,ref      ] GC(2) Soft: 212 encountered, 0 discovered, 0 enqueued
[1.821s][info][gc,ref      ] GC(2) Weak: 777 encountered, 16 discovered, 0 enqueued
[1.821s][info][gc,ref      ] GC(2) Final: 0 encountered, 0 discovered, 0 enqueued
[1.821s][info][gc,ref      ] GC(2) Phantom: 27 encountered, 13 discovered, 0 enqueued
[1.821s][info][gc,reloc    ] GC(2) Small Pages: 52 / 104M, Empty: 8M, Relocated: 4M, In-Place: 0
[1.821s][info][gc,reloc    ] GC(2) Medium Pages: 0 / 0M, Empty: 0M, Relocated: 0M, In-Place: 0
[1.821s][info][gc,reloc    ] GC(2) Large Pages: 0 / 0M, Empty: 0M, Relocated: 0M, In-Place: 0
[1.821s][info][gc,reloc    ] GC(2) Forwarding Usage: 2M
[1.821s][info][gc,heap     ] GC(2) Min Capacity: 8M(2%)
[1.821s][info][gc,heap     ] GC(2) Max Capacity: 512M(100%)
[1.821s][info][gc,heap     ] GC(2) Soft Max Capacity: 512M(100%)
[1.821s][info][gc,heap     ] GC(2)                Mark Start          Mark End        Relocate Start      Relocate End           High               Low         
[1.821s][info][gc,heap     ] GC(2)  Capacity:      512M (100%)        512M (100%)        512M (100%)        512M (100%)        512M (100%)        512M (100%)   
[1.821s][info][gc,heap     ] GC(2)      Free:      408M (80%)         398M (78%)         404M (79%)         486M (95%)         486M (95%)         392M (77%)    
[1.822s][info][gc,heap     ] GC(2)      Used:      104M (20%)         114M (22%)         108M (21%)          26M (5%)          120M (23%)          26M (5%)     
[1.822s][info][gc,heap     ] GC(2)      Live:         -                 6M (1%)            6M (1%)            6M (1%)             -                  -          
[1.822s][info][gc,heap     ] GC(2) Allocated:         -                10M (2%)           12M (2%)           13M (3%)             -                  -          
[1.822s][info][gc,heap     ] GC(2)   Garbage:         -                97M (19%)          89M (18%)           5M (1%)             -                  -          
[1.822s][info][gc,heap     ] GC(2) Reclaimed:         -                  -                 8M (2%)           91M (18%)            -                  -          
[1.822s][info][gc          ] GC(2) Garbage Collection (Warmup) 104M(20%)->26M(5%)
[2.291s][info][gc,start    ] GC(3) Garbage Collection (Warmup)
[2.291s][info][gc,task     ] GC(3) Using 5 workers
[2.292s][info][gc,phases   ] GC(3) Pause Mark Start 0.016ms
[2.307s][info][gc,phases   ] GC(3) Concurrent Mark 15.198ms
[2.307s][info][gc,phases   ] GC(3) Pause Mark End 0.014ms
[2.307s][info][gc,phases   ] GC(3) Concurrent Mark Free 0.001ms
[2.309s][info][gc,phases   ] GC(3) Concurrent Process Non-Strong References 1.662ms
[2.309s][info][gc,phases   ] GC(3) Concurrent Reset Relocation Set 0.009ms
[2.313s][info][gc,phases   ] GC(3) Concurrent Select Relocation Set 3.836ms
[2.313s][info][gc,phases   ] GC(3) Pause Relocate Start 0.006ms
[2.317s][info][gc,phases   ] GC(3) Concurrent Relocate 4.342ms
[2.317s][info][gc,load     ] GC(3) Load: 0.00/0.00/0.00
[2.317s][info][gc,mmu      ] GC(3) MMU: 2ms/99.0%, 5ms/99.6%, 10ms/99.7%, 20ms/99.8%, 50ms/99.9%, 100ms/100.0%
[2.318s][info][gc,marking  ] GC(3) Mark: 4 stripe(s), 2 proactive flush(es), 1 terminate flush(es), 0 completion(s), 0 continuation(s) 
[2.318s][info][gc,marking  ] GC(3) Mark Stack Usage: 32M
[2.318s][info][gc,nmethod  ] GC(3) NMethods: 1812 registered, 212 unregistered
[2.318s][info][gc,metaspace] GC(3) Metaspace: 9M used, 9M committed, 1088M reserved
[2.318s][info][gc,ref      ] GC(3) Soft: 212 encountered, 0 discovered, 0 enqueued
[2.318s][info][gc,ref      ] GC(3) Weak: 777 encountered, 166 discovered, 0 enqueued
[2.318s][info][gc,ref      ] GC(3) Final: 0 encountered, 0 discovered, 0 enqueued
[2.318s][info][gc,ref      ] GC(3) Phantom: 27 encountered, 13 discovered, 0 enqueued
[2.318s][info][gc,reloc    ] GC(3) Small Pages: 83 / 166M, Empty: 50M, Relocated: 4M, In-Place: 0
[2.318s][info][gc,reloc    ] GC(3) Medium Pages: 0 / 0M, Empty: 0M, Relocated: 0M, In-Place: 0
[2.318s][info][gc,reloc    ] GC(3) Large Pages: 0 / 0M, Empty: 0M, Relocated: 0M, In-Place: 0
[2.318s][info][gc,reloc    ] GC(3) Forwarding Usage: 2M
[2.318s][info][gc,heap     ] GC(3) Min Capacity: 8M(2%)
[2.318s][info][gc,heap     ] GC(3) Max Capacity: 512M(100%)
[2.318s][info][gc,heap     ] GC(3) Soft Max Capacity: 512M(100%)
[2.318s][info][gc,heap     ] GC(3)                Mark Start          Mark End        Relocate Start      Relocate End           High               Low         
[2.318s][info][gc,heap     ] GC(3)  Capacity:      512M (100%)        512M (100%)        512M (100%)        512M (100%)        512M (100%)        512M (100%)   
[2.318s][info][gc,heap     ] GC(3)      Free:      346M (68%)         340M (66%)         388M (76%)         492M (96%)         492M (96%)         338M (66%)    
[2.318s][info][gc,heap     ] GC(3)      Used:      166M (32%)         172M (34%)         124M (24%)          20M (4%)          174M (34%)          20M (4%)     
[2.318s][info][gc,heap     ] GC(3)      Live:         -                 6M (1%)            6M (1%)            6M (1%)             -                  -          
[2.318s][info][gc,heap     ] GC(3) Allocated:         -                 6M (1%)            8M (2%)            7M (2%)             -                  -          
[2.318s][info][gc,heap     ] GC(3)   Garbage:         -               159M (31%)         109M (21%)           5M (1%)             -                  -          
[2.318s][info][gc,heap     ] GC(3) Reclaimed:         -                  -                50M (10%)         153M (30%)            -                  -          
[2.318s][info][gc          ] GC(3) Garbage Collection (Warmup) 166M(32%)->20M(4%)
[3.588s][info][gc,start    ] GC(4) Garbage Collection (Allocation Rate)
[3.588s][info][gc,task     ] GC(4) Using 1 workers
[3.588s][info][gc,phases   ] GC(4) Pause Mark Start 0.017ms
[3.623s][info][gc,phases   ] GC(4) Concurrent Mark 34.499ms
[3.623s][info][gc,phases   ] GC(4) Pause Mark End 0.017ms
[3.623s][info][gc,phases   ] GC(4) Concurrent Mark Free 0.001ms
[3.631s][info][gc,phases   ] GC(4) Concurrent Process Non-Strong References 7.406ms
[3.631s][info][gc,phases   ] GC(4) Concurrent Reset Relocation Set 0.008ms
[3.635s][info][gc,phases   ] GC(4) Concurrent Select Relocation Set 4.121ms
[3.635s][info][gc,phases   ] GC(4) Pause Relocate Start 0.009ms
[3.644s][info][gc,phases   ] GC(4) Concurrent Relocate 8.950ms
[3.644s][info][gc,load     ] GC(4) Load: 0.00/0.00/0.00
[3.644s][info][gc,mmu      ] GC(4) MMU: 2ms/99.0%, 5ms/99.6%, 10ms/99.7%, 20ms/99.8%, 50ms/99.9%, 100ms/100.0%
[3.644s][info][gc,marking  ] GC(4) Mark: 1 stripe(s), 2 proactive flush(es), 1 terminate flush(es), 0 completion(s), 0 continuation(s) 
[3.644s][info][gc,marking  ] GC(4) Mark Stack Usage: 32M
[3.644s][info][gc,nmethod  ] GC(4) NMethods: 1811 registered, 242 unregistered
[3.644s][info][gc,metaspace] GC(4) Metaspace: 9M used, 9M committed, 1088M reserved
[3.644s][info][gc,ref      ] GC(4) Soft: 212 encountered, 0 discovered, 0 enqueued
[3.644s][info][gc,ref      ] GC(4) Weak: 777 encountered, 594 discovered, 0 enqueued
[3.644s][info][gc,ref      ] GC(4) Final: 0 encountered, 0 discovered, 0 enqueued
[3.644s][info][gc,ref      ] GC(4) Phantom: 27 encountered, 14 discovered, 0 enqueued
[3.645s][info][gc,reloc    ] GC(4) Small Pages: 195 / 390M, Empty: 308M, Relocated: 5M, In-Place: 0
[3.645s][info][gc,reloc    ] GC(4) Medium Pages: 0 / 0M, Empty: 0M, Relocated: 0M, In-Place: 0
[3.645s][info][gc,reloc    ] GC(4) Large Pages: 0 / 0M, Empty: 0M, Relocated: 0M, In-Place: 0
[3.645s][info][gc,reloc    ] GC(4) Forwarding Usage: 2M
[3.645s][info][gc,heap     ] GC(4) Min Capacity: 8M(2%)
[3.645s][info][gc,heap     ] GC(4) Max Capacity: 512M(100%)
[3.645s][info][gc,heap     ] GC(4) Soft Max Capacity: 512M(100%)
[3.645s][info][gc,heap     ] GC(4)                Mark Start          Mark End        Relocate Start      Relocate End           High               Low         
[3.645s][info][gc,heap     ] GC(4)  Capacity:      512M (100%)        512M (100%)        512M (100%)        512M (100%)        512M (100%)        512M (100%)   
[3.645s][info][gc,heap     ] GC(4)      Free:      122M (24%)         110M (21%)         416M (81%)         486M (95%)         488M (95%)         108M (21%)    
[3.645s][info][gc,heap     ] GC(4)      Used:      390M (76%)         402M (79%)          96M (19%)          26M (5%)          404M (79%)          24M (5%)     
[3.645s][info][gc,heap     ] GC(4)      Live:         -                 6M (1%)            6M (1%)            6M (1%)             -                  -          
[3.645s][info][gc,heap     ] GC(4) Allocated:         -                12M (2%)           14M (3%)           17M (4%)             -                  -          
[3.645s][info][gc,heap     ] GC(4)   Garbage:         -               383M (75%)          75M (15%)           1M (0%)             -                  -          
[3.645s][info][gc,heap     ] GC(4) Reclaimed:         -                  -               308M (60%)         381M (75%)            -                  -          
[3.645s][info][gc          ] GC(4) Garbage Collection (Allocation Rate) 390M(76%)->26M(5%)
[4.876s][info][gc,start    ] GC(5) Garbage Collection (Allocation Rate)
[4.876s][info][gc,task     ] GC(5) Using 1 workers
[4.876s][info][gc,phases   ] GC(5) Pause Mark Start 0.017ms
[4.914s][info][gc,phases   ] GC(5) Concurrent Mark 38.107ms
[4.914s][info][gc,phases   ] GC(5) Pause Mark End 0.019ms
[4.915s][info][gc,phases   ] GC(5) Concurrent Mark Free 0.001ms
[4.922s][info][gc,phases   ] GC(5) Concurrent Process Non-Strong References 7.613ms
[4.922s][info][gc,phases   ] GC(5) Concurrent Reset Relocation Set 0.007ms
[4.927s][info][gc,phases   ] GC(5) Concurrent Select Relocation Set 4.259ms
[4.927s][info][gc,phases   ] GC(5) Pause Relocate Start 0.009ms
[4.933s][info][gc,phases   ] GC(5) Concurrent Relocate 6.170ms
[4.933s][info][gc,load     ] GC(5) Load: 0.00/0.00/0.00
[4.933s][info][gc,mmu      ] GC(5) MMU: 2ms/99.0%, 5ms/99.6%, 10ms/99.7%, 20ms/99.8%, 50ms/99.9%, 100ms/100.0%
[4.933s][info][gc,marking  ] GC(5) Mark: 1 stripe(s), 2 proactive flush(es), 1 terminate flush(es), 0 completion(s), 0 continuation(s) 
[4.933s][info][gc,marking  ] GC(5) Mark Stack Usage: 32M
[4.933s][info][gc,nmethod  ] GC(5) NMethods: 1813 registered, 255 unregistered
[4.933s][info][gc,metaspace] GC(5) Metaspace: 9M used, 9M committed, 1088M reserved
[4.933s][info][gc,ref      ] GC(5) Soft: 212 encountered, 0 discovered, 0 enqueued
[4.933s][info][gc,ref      ] GC(5) Weak: 777 encountered, 179 discovered, 0 enqueued
[4.933s][info][gc,ref      ] GC(5) Final: 0 encountered, 0 discovered, 0 enqueued
[4.933s][info][gc,ref      ] GC(5) Phantom: 27 encountered, 14 discovered, 0 enqueued
[4.933s][info][gc,reloc    ] GC(5) Small Pages: 203 / 406M, Empty: 238M, Relocated: 3M, In-Place: 0
[4.933s][info][gc,reloc    ] GC(5) Medium Pages: 0 / 0M, Empty: 0M, Relocated: 0M, In-Place: 0
[4.933s][info][gc,reloc    ] GC(5) Large Pages: 0 / 0M, Empty: 0M, Relocated: 0M, In-Place: 0
[4.933s][info][gc,reloc    ] GC(5) Forwarding Usage: 1M
[4.934s][info][gc,heap     ] GC(5) Min Capacity: 8M(2%)
[4.934s][info][gc,heap     ] GC(5) Max Capacity: 512M(100%)
[4.934s][info][gc,heap     ] GC(5) Soft Max Capacity: 512M(100%)
[4.934s][info][gc,heap     ] GC(5)                Mark Start          Mark End        Relocate Start      Relocate End           High               Low         
[4.934s][info][gc,heap     ] GC(5)  Capacity:      512M (100%)        512M (100%)        512M (100%)        512M (100%)        512M (100%)        512M (100%)   
[4.934s][info][gc,heap     ] GC(5)      Free:      106M (21%)          94M (18%)         328M (64%)         486M (95%)         486M (95%)          92M (18%)    
[4.934s][info][gc,heap     ] GC(5)      Used:      406M (79%)         418M (82%)         184M (36%)          26M (5%)          420M (82%)          26M (5%)     
[4.934s][info][gc,heap     ] GC(5)      Live:         -                 6M (1%)            6M (1%)            6M (1%)             -                  -          
[4.934s][info][gc,heap     ] GC(5) Allocated:         -                12M (2%)           16M (3%)           17M (4%)             -                  -          
[4.934s][info][gc,heap     ] GC(5)   Garbage:         -               399M (78%)         161M (32%)           1M (0%)             -                  -          
[4.934s][info][gc,heap     ] GC(5) Reclaimed:         -                  -               238M (46%)         397M (78%)            -                  -          
[4.934s][info][gc          ] GC(5) Garbage Collection (Allocation Rate) 406M(79%)->26M(5%)
[6.281s][info][gc,start    ] GC(6) Garbage Collection (Allocation Rate)
[6.281s][info][gc,task     ] GC(6) Using 1 workers
[6.281s][info][gc,phases   ] GC(6) Pause Mark Start 0.016ms
[6.312s][info][gc,phases   ] GC(6) Concurrent Mark 30.202ms
[6.312s][info][gc,phases   ] GC(6) Pause Mark End 0.013ms
[6.312s][info][gc,phases   ] GC(6) Concurrent Mark Free 0.001ms
[6.319s][info][gc,phases   ] GC(6) Concurrent Process Non-Strong References 7.206ms
[6.319s][info][gc,phases   ] GC(6) Concurrent Reset Relocation Set 0.011ms
[6.323s][info][gc,phases   ] GC(6) Concurrent Select Relocation Set 3.932ms
[6.323s][info][gc,phases   ] GC(6) Pause Relocate Start 0.004ms
[6.332s][info][gc,phases   ] GC(6) Concurrent Relocate 8.947ms
[6.332s][info][gc,load     ] GC(6) Load: 0.00/0.00/0.00
[6.332s][info][gc,mmu      ] GC(6) MMU: 2ms/99.0%, 5ms/99.6%, 10ms/99.7%, 20ms/99.8%, 50ms/99.9%, 100ms/100.0%
[6.332s][info][gc,marking  ] GC(6) Mark: 1 stripe(s), 2 proactive flush(es), 1 terminate flush(es), 0 completion(s), 0 continuation(s) 
[6.332s][info][gc,marking  ] GC(6) Mark Stack Usage: 32M
[6.332s][info][gc,nmethod  ] GC(6) NMethods: 1814 registered, 284 unregistered
[6.332s][info][gc,metaspace] GC(6) Metaspace: 9M used, 9M committed, 1088M reserved
[6.332s][info][gc,ref      ] GC(6) Soft: 212 encountered, 0 discovered, 0 enqueued
[6.332s][info][gc,ref      ] GC(6) Weak: 777 encountered, 594 discovered, 0 enqueued
[6.333s][info][gc,ref      ] GC(6) Final: 0 encountered, 0 discovered, 0 enqueued
[6.333s][info][gc,ref      ] GC(6) Phantom: 27 encountered, 14 discovered, 0 enqueued
[6.333s][info][gc,reloc    ] GC(6) Small Pages: 218 / 436M, Empty: 354M, Relocated: 3M, In-Place: 0
[6.333s][info][gc,reloc    ] GC(6) Medium Pages: 0 / 0M, Empty: 0M, Relocated: 0M, In-Place: 0
[6.333s][info][gc,reloc    ] GC(6) Large Pages: 0 / 0M, Empty: 0M, Relocated: 0M, In-Place: 0
[6.333s][info][gc,reloc    ] GC(6) Forwarding Usage: 1M
[6.333s][info][gc,heap     ] GC(6) Min Capacity: 8M(2%)
[6.333s][info][gc,heap     ] GC(6) Max Capacity: 512M(100%)
[6.333s][info][gc,heap     ] GC(6) Soft Max Capacity: 512M(100%)
[6.333s][info][gc,heap     ] GC(6)                Mark Start          Mark End        Relocate Start      Relocate End           High               Low         
[6.333s][info][gc,heap     ] GC(6)  Capacity:      512M (100%)        512M (100%)        512M (100%)        512M (100%)        512M (100%)        512M (100%)   
[6.333s][info][gc,heap     ] GC(6)      Free:       76M (15%)          66M (13%)         418M (82%)         488M (95%)         490M (96%)          64M (13%)    
[6.333s][info][gc,heap     ] GC(6)      Used:      436M (85%)         446M (87%)          94M (18%)          24M (5%)          448M (88%)          22M (4%)     
[6.333s][info][gc,heap     ] GC(6)      Live:         -                 6M (1%)            6M (1%)            6M (1%)             -                  -          
[6.333s][info][gc,heap     ] GC(6) Allocated:         -                10M (2%)           12M (2%)           15M (3%)             -                  -          
[6.333s][info][gc,heap     ] GC(6)   Garbage:         -               429M (84%)          75M (15%)           1M (0%)             -                  -          
[6.333s][info][gc,heap     ] GC(6) Reclaimed:         -                  -               354M (69%)         427M (84%)            -                  -          
[6.333s][info][gc          ] GC(6) Garbage Collection (Allocation Rate) 436M(85%)->24M(5%)
[7.576s][info][gc,start    ] GC(7) Garbage Collection (Proactive)
[7.576s][info][gc,task     ] GC(7) Using 5 workers
[7.577s][info][gc,phases   ] GC(7) Pause Mark Start 0.018ms
[7.592s][info][gc,phases   ] GC(7) Concurrent Mark 15.170ms
[7.592s][info][gc,phases   ] GC(7) Pause Mark End 0.018ms
[7.592s][info][gc,phases   ] GC(7) Concurrent Mark Free 0.001ms
[7.594s][info][gc,phases   ] GC(7) Concurrent Process Non-Strong References 1.605ms
[7.594s][info][gc,phases   ] GC(7) Concurrent Reset Relocation Set 0.005ms
[7.600s][info][gc,phases   ] GC(7) Concurrent Select Relocation Set 6.056ms
[7.600s][info][gc,phases   ] GC(7) Pause Relocate Start 0.010ms
[7.604s][info][gc,phases   ] GC(7) Concurrent Relocate 4.116ms
[7.604s][info][gc,load     ] GC(7) Load: 0.00/0.00/0.00
[7.604s][info][gc,mmu      ] GC(7) MMU: 2ms/99.0%, 5ms/99.6%, 10ms/99.7%, 20ms/99.8%, 50ms/99.9%, 100ms/100.0%
[7.604s][info][gc,marking  ] GC(7) Mark: 4 stripe(s), 2 proactive flush(es), 1 terminate flush(es), 0 completion(s), 0 continuation(s) 
[7.605s][info][gc,marking  ] GC(7) Mark Stack Usage: 32M
[7.605s][info][gc,nmethod  ] GC(7) NMethods: 1813 registered, 285 unregistered
[7.605s][info][gc,metaspace] GC(7) Metaspace: 9M used, 9M committed, 1088M reserved
[7.605s][info][gc,ref      ] GC(7) Soft: 212 encountered, 0 discovered, 0 enqueued
[7.605s][info][gc,ref      ] GC(7) Weak: 777 encountered, 447 discovered, 0 enqueued
[7.605s][info][gc,ref      ] GC(7) Final: 0 encountered, 0 discovered, 0 enqueued
[7.605s][info][gc,ref      ] GC(7) Phantom: 27 encountered, 22 discovered, 0 enqueued
[7.605s][info][gc,reloc    ] GC(7) Small Pages: 209 / 418M, Empty: 342M, Relocated: 3M, In-Place: 0
[7.605s][info][gc,reloc    ] GC(7) Medium Pages: 0 / 0M, Empty: 0M, Relocated: 0M, In-Place: 0
[7.605s][info][gc,reloc    ] GC(7) Large Pages: 0 / 0M, Empty: 0M, Relocated: 0M, In-Place: 0
[7.605s][info][gc,reloc    ] GC(7) Forwarding Usage: 1M
[7.605s][info][gc,heap     ] GC(7) Min Capacity: 8M(2%)
[7.605s][info][gc,heap     ] GC(7) Max Capacity: 512M(100%)
[7.605s][info][gc,heap     ] GC(7) Soft Max Capacity: 512M(100%)
[7.605s][info][gc,heap     ] GC(7)                Mark Start          Mark End        Relocate Start      Relocate End           High               Low         
[7.605s][info][gc,heap     ] GC(7)  Capacity:      512M (100%)        512M (100%)        512M (100%)        512M (100%)        512M (100%)        512M (100%)   
[7.605s][info][gc,heap     ] GC(7)      Free:       94M (18%)          88M (17%)         428M (84%)         488M (95%)         488M (95%)          88M (17%)    
[7.605s][info][gc,heap     ] GC(7)      Used:      418M (82%)         424M (83%)          84M (16%)          24M (5%)          424M (83%)          24M (5%)     
[7.605s][info][gc,heap     ] GC(7)      Live:         -                 6M (1%)            6M (1%)            6M (1%)             -                  -          
[7.605s][info][gc,heap     ] GC(7) Allocated:         -                 6M (1%)            8M (2%)            9M (2%)             -                  -          
[7.605s][info][gc,heap     ] GC(7)   Garbage:         -               411M (80%)          69M (14%)           7M (1%)             -                  -          
[7.605s][info][gc,heap     ] GC(7) Reclaimed:         -                  -               342M (67%)         403M (79%)            -                  -          
[7.605s][info][gc          ] GC(7) Garbage Collection (Proactive) 418M(82%)->24M(5%)
[8.481s][info][gc,start    ] GC(8) Garbage Collection (System.gc())
[8.481s][info][gc,task     ] GC(8) Using 5 workers
[8.481s][info][gc,phases   ] GC(8) Pause Mark Start 0.016ms
[8.497s][info][gc,phases   ] GC(8) Concurrent Mark 15.210ms
[8.497s][info][gc,phases   ] GC(8) Pause Mark End 0.016ms
[8.497s][info][gc,phases   ] GC(8) Concurrent Mark Free 0.001ms
[8.499s][info][gc,phases   ] GC(8) Concurrent Process Non-Strong References 1.594ms
[8.499s][info][gc,phases   ] GC(8) Concurrent Reset Relocation Set 0.006ms
[8.502s][info][gc,phases   ] GC(8) Concurrent Select Relocation Set 3.739ms
[8.502s][info][gc,phases   ] GC(8) Pause Relocate Start 0.008ms
[8.506s][info][gc,phases   ] GC(8) Concurrent Relocate 3.588ms
[8.506s][info][gc,load     ] GC(8) Load: 0.00/0.00/0.00
[8.506s][info][gc,mmu      ] GC(8) MMU: 2ms/99.0%, 5ms/99.6%, 10ms/99.7%, 20ms/99.8%, 50ms/99.9%, 100ms/100.0%
[8.506s][info][gc,marking  ] GC(8) Mark: 4 stripe(s), 2 proactive flush(es), 1 terminate flush(es), 0 completion(s), 0 continuation(s) 
[8.506s][info][gc,marking  ] GC(8) Mark Stack Usage: 32M
[8.506s][info][gc,nmethod  ] GC(8) NMethods: 1812 registered, 296 unregistered
[8.506s][info][gc,metaspace] GC(8) Metaspace: 9M used, 9M committed, 1088M reserved
[8.506s][info][gc,ref      ] GC(8) Soft: 214 encountered, 0 discovered, 0 enqueued
[8.506s][info][gc,ref      ] GC(8) Weak: 806 encountered, 298 discovered, 13 enqueued
[8.506s][info][gc,ref      ] GC(8) Final: 0 encountered, 0 discovered, 0 enqueued
[8.506s][info][gc,ref      ] GC(8) Phantom: 35 encountered, 31 discovered, 8 enqueued
[8.506s][info][gc,reloc    ] GC(8) Small Pages: 150 / 300M, Empty: 284M, Relocated: 3M, In-Place: 0
[8.506s][info][gc,reloc    ] GC(8) Medium Pages: 0 / 0M, Empty: 0M, Relocated: 0M, In-Place: 0
[8.506s][info][gc,reloc    ] GC(8) Large Pages: 0 / 0M, Empty: 0M, Relocated: 0M, In-Place: 0
[8.507s][info][gc,reloc    ] GC(8) Forwarding Usage: 1M
[8.507s][info][gc,heap     ] GC(8) Min Capacity: 8M(2%)
[8.507s][info][gc,heap     ] GC(8) Max Capacity: 512M(100%)
[8.507s][info][gc,heap     ] GC(8) Soft Max Capacity: 512M(100%)
[8.507s][info][gc,heap     ] GC(8)                Mark Start          Mark End        Relocate Start      Relocate End           High               Low         
[8.507s][info][gc,heap     ] GC(8)  Capacity:      512M (100%)        512M (100%)        512M (100%)        512M (100%)        512M (100%)        512M (100%)   
[8.507s][info][gc,heap     ] GC(8)      Free:      212M (41%)         212M (41%)         494M (96%)         498M (97%)         498M (97%)         212M (41%)    
[8.507s][info][gc,heap     ] GC(8)      Used:      300M (59%)         300M (59%)          18M (4%)           14M (3%)          300M (59%)          14M (3%)     
[8.507s][info][gc,heap     ] GC(8)      Live:         -                 4M (1%)            4M (1%)            4M (1%)             -                  -          
[8.507s][info][gc,heap     ] GC(8) Allocated:         -                 0M (0%)            2M (0%)            2M (0%)             -                  -          
[8.507s][info][gc,heap     ] GC(8)   Garbage:         -               295M (58%)          11M (2%)            7M (1%)             -                  -          
[8.507s][info][gc,heap     ] GC(8) Reclaimed:         -                  -               284M (55%)         288M (56%)            -                  -          
[8.507s][info][gc          ] GC(8) Garbage Collection (System.gc()) 300M(59%)->14M(3%)
[9.776s][info][gc,start    ] GC(9) Garbage Collection (Allocation Rate)
[9.776s][info][gc,task     ] GC(9) Using 1 workers
[9.777s][info][gc,phases   ] GC(9) Pause Mark Start 0.017ms
[9.809s][info][gc,phases   ] GC(9) Concurrent Mark 31.954ms
[9.809s][info][gc,phases   ] GC(9) Pause Mark End 0.020ms
[9.809s][info][gc,phases   ] GC(9) Concurrent Mark Free 0.002ms
[9.816s][info][gc,phases   ] GC(9) Concurrent Process Non-Strong References 7.077ms
[9.816s][info][gc,phases   ] GC(9) Concurrent Reset Relocation Set 0.001ms
[9.822s][info][gc,phases   ] GC(9) Concurrent Select Relocation Set 6.127ms
[9.822s][info][gc,phases   ] GC(9) Pause Relocate Start 0.009ms
[9.828s][info][gc,phases   ] GC(9) Concurrent Relocate 5.335ms
[9.828s][info][gc,load     ] GC(9) Load: 0.00/0.00/0.00
[9.828s][info][gc,mmu      ] GC(9) MMU: 2ms/99.0%, 5ms/99.6%, 10ms/99.7%, 20ms/99.8%, 50ms/99.9%, 100ms/100.0%
[9.828s][info][gc,marking  ] GC(9) Mark: 1 stripe(s), 2 proactive flush(es), 1 terminate flush(es), 0 completion(s), 0 continuation(s) 
[9.828s][info][gc,marking  ] GC(9) Mark Stack Usage: 32M
[9.828s][info][gc,nmethod  ] GC(9) NMethods: 1820 registered, 310 unregistered
[9.828s][info][gc,metaspace] GC(9) Metaspace: 9M used, 9M committed, 1088M reserved
[9.828s][info][gc,ref      ] GC(9) Soft: 214 encountered, 0 discovered, 0 enqueued
[9.828s][info][gc,ref      ] GC(9) Weak: 793 encountered, 180 discovered, 0 enqueued
[9.828s][info][gc,ref      ] GC(9) Final: 0 encountered, 0 discovered, 0 enqueued
[9.828s][info][gc,ref      ] GC(9) Phantom: 27 encountered, 14 discovered, 0 enqueued
[9.828s][info][gc,reloc    ] GC(9) Small Pages: 207 / 414M, Empty: 256M, Relocated: 3M, In-Place: 0
[9.828s][info][gc,reloc    ] GC(9) Medium Pages: 0 / 0M, Empty: 0M, Relocated: 0M, In-Place: 0
[9.828s][info][gc,reloc    ] GC(9) Large Pages: 0 / 0M, Empty: 0M, Relocated: 0M, In-Place: 0
[9.828s][info][gc,reloc    ] GC(9) Forwarding Usage: 1M
[9.828s][info][gc,heap     ] GC(9) Min Capacity: 8M(2%)
[9.828s][info][gc,heap     ] GC(9) Max Capacity: 512M(100%)
[9.828s][info][gc,heap     ] GC(9) Soft Max Capacity: 512M(100%)
[9.828s][info][gc,heap     ] GC(9)                Mark Start          Mark End        Relocate Start      Relocate End           High               Low         
[9.829s][info][gc,heap     ] GC(9)  Capacity:      512M (100%)        512M (100%)        512M (100%)        512M (100%)        512M (100%)        512M (100%)   
[9.829s][info][gc,heap     ] GC(9)      Free:       98M (19%)          86M (17%)         338M (66%)         486M (95%)         486M (95%)          84M (16%)    
[9.829s][info][gc,heap     ] GC(9)      Used:      414M (81%)         426M (83%)         174M (34%)          26M (5%)          428M (84%)          26M (5%)     
[9.829s][info][gc,heap     ] GC(9)      Live:         -                 6M (1%)            6M (1%)            6M (1%)             -                  -          
[9.829s][info][gc,heap     ] GC(9) Allocated:         -                12M (2%)           16M (3%)           17M (4%)             -                  -          
[9.829s][info][gc,heap     ] GC(9)   Garbage:         -               407M (80%)         151M (30%)           1M (0%)             -                  -          
[9.829s][info][gc,heap     ] GC(9) Reclaimed:         -                  -               256M (50%)         405M (79%)            -                  -          
[9.829s][info][gc          ] GC(9) Garbage Collection (Allocation Rate) 414M(81%)->26M(5%)
[10.089s][info][gc,stats    ] === Garbage Collection Statistics =======================================================================================================================
[10.089s][info][gc,stats    ]                                                              Last 10s              Last 10m              Last 10h                Total
[10.089s][info][gc,stats    ]                                                              Avg / Max             Avg / Max             Avg / Max             Avg / Max
[10.089s][info][gc,stats    ]   Collector: Garbage Collection Cycle                     40.918 / 57.234       40.918 / 57.234       40.918 / 57.234       40.918 / 57.234      ms
[10.089s][info][gc,stats    ]  Contention: Mark Segment Reset Contention                     0 / 3                 0 / 3                 0 / 3                 0 / 3           ops/s
[10.089s][info][gc,stats    ]  Contention: Mark SeqNum Reset Contention                      0 / 1                 0 / 1                 0 / 1                 0 / 1           ops/s
[10.089s][info][gc,stats    ]    Critical: Allocation Stall                                  0 / 0                 0 / 0                 0 / 0                 0 / 0           ops/s
[10.089s][info][gc,stats    ]    Critical: Allocation Stall                              0.000 / 0.000         0.000 / 0.000         0.000 / 0.000         0.000 / 0.000       ms
[10.089s][info][gc,stats    ]    Critical: GC Locker Stall                                   0 / 0                 0 / 0                 0 / 0                 0 / 0           ops/s
[10.089s][info][gc,stats    ]    Critical: GC Locker Stall                               0.000 / 0.000         0.000 / 0.000         0.000 / 0.000         0.000 / 0.000       ms
[10.089s][info][gc,stats    ]    Critical: Relocation Stall                                  0 / 0                 0 / 0                 0 / 0                 0 / 0           ops/s
[10.089s][info][gc,stats    ]    Critical: Relocation Stall                              0.000 / 0.000         0.000 / 0.000         0.000 / 0.000         0.000 / 0.000       ms
[10.089s][info][gc,stats    ]      Memory: Allocation Rate                                 277 / 328             277 / 328             277 / 328             277 / 328         MB/s
[10.089s][info][gc,stats    ]      Memory: Defragment                                        0 / 0                 0 / 0                 0 / 0                 0 / 0           ops/s
[10.089s][info][gc,stats    ]      Memory: Out Of Memory                                     0 / 0                 0 / 0                 0 / 0                 0 / 0           ops/s
[10.089s][info][gc,stats    ]      Memory: Page Cache Flush                                  0 / 0                 0 / 0                 0 / 0                 0 / 0           MB/s
[10.089s][info][gc,stats    ]      Memory: Page Cache Hit L1                               120 / 169             120 / 169             120 / 169             120 / 169         ops/s
[10.089s][info][gc,stats    ]      Memory: Page Cache Hit L2                                 0 / 0                 0 / 0                 0 / 0                 0 / 0           ops/s
[10.089s][info][gc,stats    ]      Memory: Page Cache Hit L3                                22 / 77               22 / 77               22 / 77               22 / 77          ops/s
[10.089s][info][gc,stats    ]      Memory: Page Cache Miss                                   0 / 1                 0 / 1                 0 / 1                 0 / 1           ops/s
[10.090s][info][gc,stats    ]      Memory: Uncommit                                          0 / 0                 0 / 0                 0 / 0                 0 / 0           MB/s
[10.090s][info][gc,stats    ]      Memory: Undo Object Allocation Failed                     0 / 1                 0 / 1                 0 / 1                 0 / 1           ops/s
[10.090s][info][gc,stats    ]      Memory: Undo Object Allocation Succeeded                  1 / 5                 1 / 5                 1 / 5                 1 / 5           ops/s
[10.090s][info][gc,stats    ]      Memory: Undo Page Allocation                              2 / 10                2 / 10                2 / 10                2 / 10          ops/s
[10.090s][info][gc,stats    ]       Phase: Concurrent Mark                              23.962 / 38.107       23.962 / 38.107       23.962 / 38.107       23.962 / 38.107      ms
[10.090s][info][gc,stats    ]       Phase: Concurrent Mark Continue                      0.000 / 0.000         0.000 / 0.000         0.000 / 0.000         0.000 / 0.000       ms
[10.090s][info][gc,stats    ]       Phase: Concurrent Mark Free                          0.001 / 0.002         0.001 / 0.002         0.001 / 0.002         0.001 / 0.002       ms
[10.090s][info][gc,stats    ]       Phase: Concurrent Process Non-Strong References      4.289 / 7.613         4.289 / 7.613         4.289 / 7.613         4.289 / 7.613       ms
[10.090s][info][gc,stats    ]       Phase: Concurrent Relocate                           5.647 / 8.950         5.647 / 8.950         5.647 / 8.950         5.647 / 8.950       ms
[10.090s][info][gc,stats    ]       Phase: Concurrent Reset Relocation Set               0.006 / 0.011         0.006 / 0.011         0.006 / 0.011         0.006 / 0.011       ms
[10.090s][info][gc,stats    ]       Phase: Concurrent Select Relocation Set              5.941 / 14.681        5.941 / 14.681        5.941 / 14.681        5.941 / 14.681      ms
[10.090s][info][gc,stats    ]       Phase: Pause Mark End                                0.017 / 0.020         0.017 / 0.020         0.017 / 0.020         0.017 / 0.020       ms
[10.090s][info][gc,stats    ]       Phase: Pause Mark Start                              0.016 / 0.018         0.016 / 0.018         0.016 / 0.018         0.016 / 0.018       ms
[10.090s][info][gc,stats    ]       Phase: Pause Relocate Start                          0.008 / 0.010         0.008 / 0.010         0.008 / 0.010         0.008 / 0.010       ms
[10.090s][info][gc,stats    ]    Subphase: Concurrent Classes Purge                      0.191 / 0.583         0.191 / 0.583         0.191 / 0.583         0.191 / 0.583       ms
[10.090s][info][gc,stats    ]    Subphase: Concurrent Classes Unlink                     3.215 / 5.606         3.215 / 5.606         3.215 / 5.606         3.215 / 5.606       ms
[10.090s][info][gc,stats    ]    Subphase: Concurrent Mark                              16.831 / 34.990       16.831 / 34.990       16.831 / 34.990       16.831 / 34.990      ms
[10.090s][info][gc,stats    ]    Subphase: Concurrent Mark Try Flush                     0.062 / 0.187         0.062 / 0.187         0.062 / 0.187         0.062 / 0.187       ms
[10.090s][info][gc,stats    ]    Subphase: Concurrent Mark Try Terminate                 4.110 / 16.135        4.110 / 16.135        4.110 / 16.135        4.110 / 16.135      ms
[10.090s][info][gc,stats    ]    Subphase: Concurrent References Enqueue                 0.001 / 0.004         0.001 / 0.004         0.001 / 0.004         0.001 / 0.004       ms
[10.090s][info][gc,stats    ]    Subphase: Concurrent References Process                 0.058 / 0.111         0.058 / 0.111         0.058 / 0.111         0.058 / 0.111       ms
[10.090s][info][gc,stats    ]    Subphase: Concurrent Roots ClassLoaderDataGraph         0.236 / 0.631         0.236 / 0.631         0.236 / 0.631         0.236 / 0.631       ms
[10.090s][info][gc,stats    ]    Subphase: Concurrent Roots CodeCache                    0.000 / 0.000         0.000 / 0.000         0.000 / 0.000         0.000 / 0.000       ms
[10.090s][info][gc,stats    ]    Subphase: Concurrent Roots JavaThreads                  0.845 / 2.289         0.845 / 2.289         0.845 / 2.289         0.845 / 2.289       ms
[10.090s][info][gc,stats    ]    Subphase: Concurrent Roots OopStorageSet                0.050 / 0.136         0.050 / 0.136         0.050 / 0.136         0.050 / 0.136       ms
[10.090s][info][gc,stats    ]    Subphase: Concurrent Weak Roots OopStorageSet           0.384 / 1.768         0.384 / 1.768         0.384 / 1.768         0.384 / 1.768       ms
[10.090s][info][gc,stats    ]    Subphase: Pause Mark Try Complete                       0.000 / 0.000         0.000 / 0.000         0.000 / 0.000         0.000 / 0.000       ms
[10.090s][info][gc,stats    ]      System: Java Threads                                     29 / 35               29 / 35               29 / 35               29 / 35          threads
[10.091s][info][gc,stats    ] =========================================================================================================================================================
[11.087s][info][gc,start    ] GC(10) Garbage Collection (Allocation Rate)
[11.087s][info][gc,task     ] GC(10) Using 1 workers
[11.087s][info][gc,phases   ] GC(10) Pause Mark Start 0.017ms
[11.119s][info][gc,phases   ] GC(10) Concurrent Mark 31.083ms
[11.119s][info][gc,phases   ] GC(10) Pause Mark End 0.019ms
[11.119s][info][gc,phases   ] GC(10) Concurrent Mark Free 0.002ms
[11.126s][info][gc,phases   ] GC(10) Concurrent Process Non-Strong References 7.060ms
[11.126s][info][gc,phases   ] GC(10) Concurrent Reset Relocation Set 0.013ms
[11.130s][info][gc,phases   ] GC(10) Concurrent Select Relocation Set 3.955ms
[11.130s][info][gc,phases   ] GC(10) Pause Relocate Start 0.011ms
[11.139s][info][gc,phases   ] GC(10) Concurrent Relocate 8.162ms
[11.139s][info][gc,load     ] GC(10) Load: 0.00/0.00/0.00
[11.139s][info][gc,mmu      ] GC(10) MMU: 2ms/99.0%, 5ms/99.6%, 10ms/99.7%, 20ms/99.8%, 50ms/99.9%, 100ms/100.0%
[11.139s][info][gc,marking  ] GC(10) Mark: 1 stripe(s), 2 proactive flush(es), 1 terminate flush(es), 0 completion(s), 0 continuation(s) 
[11.139s][info][gc,marking  ] GC(10) Mark Stack Usage: 32M
[11.139s][info][gc,nmethod  ] GC(10) NMethods: 1820 registered, 312 unregistered
[11.139s][info][gc,metaspace] GC(10) Metaspace: 9M used, 9M committed, 1088M reserved
[11.139s][info][gc,ref      ] GC(10) Soft: 214 encountered, 0 discovered, 0 enqueued
[11.139s][info][gc,ref      ] GC(10) Weak: 793 encountered, 608 discovered, 0 enqueued
[11.139s][info][gc,ref      ] GC(10) Final: 0 encountered, 0 discovered, 0 enqueued
[11.139s][info][gc,ref      ] GC(10) Phantom: 27 encountered, 14 discovered, 0 enqueued
[11.139s][info][gc,reloc    ] GC(10) Small Pages: 212 / 424M, Empty: 346M, Relocated: 3M, In-Place: 0
[11.139s][info][gc,reloc    ] GC(10) Medium Pages: 0 / 0M, Empty: 0M, Relocated: 0M, In-Place: 0
[11.139s][info][gc,reloc    ] GC(10) Large Pages: 0 / 0M, Empty: 0M, Relocated: 0M, In-Place: 0
[11.139s][info][gc,reloc    ] GC(10) Forwarding Usage: 1M
[11.139s][info][gc,heap     ] GC(10) Min Capacity: 8M(2%)
[11.139s][info][gc,heap     ] GC(10) Max Capacity: 512M(100%)
[11.139s][info][gc,heap     ] GC(10) Soft Max Capacity: 512M(100%)
[11.139s][info][gc,heap     ] GC(10)                Mark Start          Mark End        Relocate Start      Relocate End           High               Low         
[11.139s][info][gc,heap     ] GC(10)  Capacity:      512M (100%)        512M (100%)        512M (100%)        512M (100%)        512M (100%)        512M (100%)   
[11.139s][info][gc,heap     ] GC(10)      Free:       88M (17%)          76M (15%)         420M (82%)         486M (95%)         488M (95%)          74M (14%)    
[11.139s][info][gc,heap     ] GC(10)      Used:      424M (83%)         436M (85%)          92M (18%)          26M (5%)          438M (86%)          24M (5%)     
[11.139s][info][gc,heap     ] GC(10)      Live:         -                 6M (1%)            6M (1%)            6M (1%)             -                  -          
[11.139s][info][gc,heap     ] GC(10) Allocated:         -                12M (2%)           14M (3%)           17M (4%)             -                  -          
[11.139s][info][gc,heap     ] GC(10)   Garbage:         -               417M (82%)          71M (14%)           1M (0%)             -                  -          
[11.139s][info][gc,heap     ] GC(10) Reclaimed:         -                  -               346M (68%)         415M (81%)            -                  -          
[11.139s][info][gc          ] GC(10) Garbage Collection (Allocation Rate) 424M(83%)->26M(5%)
[12.382s][info][gc,start    ] GC(11) Garbage Collection (Allocation Rate)
[12.382s][info][gc,task     ] GC(11) Using 1 workers
[12.383s][info][gc,phases   ] GC(11) Pause Mark Start 0.018ms
[12.410s][info][gc,phases   ] GC(11) Concurrent Mark 27.336ms
[12.410s][info][gc,phases   ] GC(11) Pause Mark End 0.017ms
[12.410s][info][gc,phases   ] GC(11) Concurrent Mark Free 0.001ms
[12.415s][info][gc,phases   ] GC(11) Concurrent Process Non-Strong References 4.727ms
[12.415s][info][gc,phases   ] GC(11) Concurrent Reset Relocation Set 0.006ms
[12.421s][info][gc,phases   ] GC(11) Concurrent Select Relocation Set 6.204ms
[12.422s][info][gc,phases   ] GC(11) Pause Relocate Start 0.010ms
[12.427s][info][gc,phases   ] GC(11) Concurrent Relocate 5.117ms
[12.427s][info][gc,load     ] GC(11) Load: 0.00/0.00/0.00
[12.427s][info][gc,mmu      ] GC(11) MMU: 2ms/99.0%, 5ms/99.6%, 10ms/99.7%, 20ms/99.8%, 50ms/99.9%, 100ms/100.0%
[12.427s][info][gc,marking  ] GC(11) Mark: 1 stripe(s), 2 proactive flush(es), 1 terminate flush(es), 0 completion(s), 0 continuation(s) 
[12.427s][info][gc,marking  ] GC(11) Mark Stack Usage: 32M
[12.427s][info][gc,nmethod  ] GC(11) NMethods: 1821 registered, 315 unregistered
[12.427s][info][gc,metaspace] GC(11) Metaspace: 9M used, 9M committed, 1088M reserved
[12.427s][info][gc,ref      ] GC(11) Soft: 214 encountered, 0 discovered, 0 enqueued
[12.427s][info][gc,ref      ] GC(11) Weak: 793 encountered, 179 discovered, 0 enqueued
[12.427s][info][gc,ref      ] GC(11) Final: 0 encountered, 0 discovered, 0 enqueued
[12.427s][info][gc,ref      ] GC(11) Phantom: 27 encountered, 14 discovered, 0 enqueued
[12.427s][info][gc,reloc    ] GC(11) Small Pages: 213 / 426M, Empty: 348M, Relocated: 3M, In-Place: 0
[12.427s][info][gc,reloc    ] GC(11) Medium Pages: 0 / 0M, Empty: 0M, Relocated: 0M, In-Place: 0
[12.427s][info][gc,reloc    ] GC(11) Large Pages: 0 / 0M, Empty: 0M, Relocated: 0M, In-Place: 0
[12.427s][info][gc,reloc    ] GC(11) Forwarding Usage: 1M
[12.427s][info][gc,heap     ] GC(11) Min Capacity: 8M(2%)
[12.427s][info][gc,heap     ] GC(11) Max Capacity: 512M(100%)
[12.427s][info][gc,heap     ] GC(11) Soft Max Capacity: 512M(100%)
[12.427s][info][gc,heap     ] GC(11)                Mark Start          Mark End        Relocate Start      Relocate End           High               Low         
[12.427s][info][gc,heap     ] GC(11)  Capacity:      512M (100%)        512M (100%)        512M (100%)        512M (100%)        512M (100%)        512M (100%)   
[12.427s][info][gc,heap     ] GC(11)      Free:       86M (17%)          74M (14%)         420M (82%)         488M (95%)         488M (95%)          74M (14%)    
[12.428s][info][gc,heap     ] GC(11)      Used:      426M (83%)         438M (86%)          92M (18%)          24M (5%)          438M (86%)          24M (5%)     
[12.428s][info][gc,heap     ] GC(11)      Live:         -                 6M (1%)            6M (1%)            6M (1%)             -                  -          
[12.428s][info][gc,heap     ] GC(11) Allocated:         -                12M (2%)           14M (3%)           15M (3%)             -                  -          
[12.428s][info][gc,heap     ] GC(11)   Garbage:         -               419M (82%)          71M (14%)           1M (0%)             -                  -          
[12.428s][info][gc,heap     ] GC(11) Reclaimed:         -                  -               348M (68%)         417M (82%)            -                  -          
[12.428s][info][gc          ] GC(11) Garbage Collection (Allocation Rate) 426M(83%)->24M(5%)
[13.678s][info][gc,start    ] GC(12) Garbage Collection (Proactive)
[13.678s][info][gc,task     ] GC(12) Using 5 workers
[13.678s][info][gc,phases   ] GC(12) Pause Mark Start 0.017ms
[13.693s][info][gc,phases   ] GC(12) Concurrent Mark 15.172ms
[13.693s][info][gc,phases   ] GC(12) Pause Mark End 0.017ms
[13.694s][info][gc,phases   ] GC(12) Concurrent Mark Free 0.001ms
[13.695s][info][gc,phases   ] GC(12) Concurrent Process Non-Strong References 1.602ms
[13.695s][info][gc,phases   ] GC(12) Concurrent Reset Relocation Set 0.006ms
[13.699s][info][gc,phases   ] GC(12) Concurrent Select Relocation Set 3.861ms
[13.699s][info][gc,phases   ] GC(12) Pause Relocate Start 0.008ms
[13.703s][info][gc,phases   ] GC(12) Concurrent Relocate 3.506ms
[13.703s][info][gc,load     ] GC(12) Load: 0.00/0.00/0.00
[13.703s][info][gc,mmu      ] GC(12) MMU: 2ms/99.0%, 5ms/99.6%, 10ms/99.7%, 20ms/99.8%, 50ms/99.9%, 100ms/100.0%
[13.703s][info][gc,marking  ] GC(12) Mark: 4 stripe(s), 2 proactive flush(es), 1 terminate flush(es), 0 completion(s), 0 continuation(s) 
[13.703s][info][gc,marking  ] GC(12) Mark Stack Usage: 32M
[13.703s][info][gc,nmethod  ] GC(12) NMethods: 1821 registered, 317 unregistered
[13.703s][info][gc,metaspace] GC(12) Metaspace: 9M used, 9M committed, 1088M reserved
[13.703s][info][gc,ref      ] GC(12) Soft: 214 encountered, 0 discovered, 0 enqueued
[13.703s][info][gc,ref      ] GC(12) Weak: 793 encountered, 267 discovered, 0 enqueued
[13.703s][info][gc,ref      ] GC(12) Final: 0 encountered, 0 discovered, 0 enqueued
[13.703s][info][gc,ref      ] GC(12) Phantom: 27 encountered, 17 discovered, 0 enqueued
[13.703s][info][gc,reloc    ] GC(12) Small Pages: 211 / 422M, Empty: 352M, Relocated: 3M, In-Place: 0
[13.703s][info][gc,reloc    ] GC(12) Medium Pages: 0 / 0M, Empty: 0M, Relocated: 0M, In-Place: 0
[13.703s][info][gc,reloc    ] GC(12) Large Pages: 0 / 0M, Empty: 0M, Relocated: 0M, In-Place: 0
[13.703s][info][gc,reloc    ] GC(12) Forwarding Usage: 1M
[13.703s][info][gc,heap     ] GC(12) Min Capacity: 8M(2%)
[13.703s][info][gc,heap     ] GC(12) Max Capacity: 512M(100%)
[13.703s][info][gc,heap     ] GC(12) Soft Max Capacity: 512M(100%)
[13.703s][info][gc,heap     ] GC(12)                Mark Start          Mark End        Relocate Start      Relocate End           High               Low         
[13.703s][info][gc,heap     ] GC(12)  Capacity:      512M (100%)        512M (100%)        512M (100%)        512M (100%)        512M (100%)        512M (100%)   
[13.703s][info][gc,heap     ] GC(12)      Free:       90M (18%)          84M (16%)         434M (85%)         490M (96%)         490M (96%)          84M (16%)    
[13.704s][info][gc,heap     ] GC(12)      Used:      422M (82%)         428M (84%)          78M (15%)          22M (4%)          428M (84%)          22M (4%)     
[13.704s][info][gc,heap     ] GC(12)      Live:         -                 6M (1%)            6M (1%)            6M (1%)             -                  -          
[13.704s][info][gc,heap     ] GC(12) Allocated:         -                 6M (1%)            8M (2%)            7M (2%)             -                  -          
[13.704s][info][gc,heap     ] GC(12)   Garbage:         -               415M (81%)          63M (12%)           7M (1%)             -                  -          
[13.704s][info][gc,heap     ] GC(12) Reclaimed:         -                  -               352M (69%)         407M (80%)            -                  -          
[13.704s][info][gc          ] GC(12) Garbage Collection (Proactive) 422M(82%)->22M(4%)
[14.989s][info][gc,start    ] GC(13) Garbage Collection (Allocation Rate)
[14.989s][info][gc,task     ] GC(13) Using 1 workers
[14.989s][info][gc,phases   ] GC(13) Pause Mark Start 0.018ms
[15.017s][info][gc,phases   ] GC(13) Concurrent Mark 28.444ms
[15.018s][info][gc,phases   ] GC(13) Pause Mark End 0.017ms
[15.018s][info][gc,phases   ] GC(13) Concurrent Mark Free 0.001ms
[15.024s][info][gc,phases   ] GC(13) Concurrent Process Non-Strong References 6.237ms
[15.024s][info][gc,phases   ] GC(13) Concurrent Reset Relocation Set 0.005ms
[15.030s][info][gc,phases   ] GC(13) Concurrent Select Relocation Set 5.862ms
[15.030s][info][gc,phases   ] GC(13) Pause Relocate Start 0.009ms
[15.035s][info][gc,phases   ] GC(13) Concurrent Relocate 4.810ms
[15.035s][info][gc,load     ] GC(13) Load: 0.00/0.00/0.00
[15.035s][info][gc,mmu      ] GC(13) MMU: 2ms/99.0%, 5ms/99.6%, 10ms/99.7%, 20ms/99.8%, 50ms/99.9%, 100ms/100.0%
[15.035s][info][gc,marking  ] GC(13) Mark: 1 stripe(s), 2 proactive flush(es), 1 terminate flush(es), 0 completion(s), 0 continuation(s) 
[15.035s][info][gc,marking  ] GC(13) Mark Stack Usage: 32M
[15.035s][info][gc,nmethod  ] GC(13) NMethods: 1822 registered, 317 unregistered
[15.035s][info][gc,metaspace] GC(13) Metaspace: 9M used, 9M committed, 1088M reserved
[15.035s][info][gc,ref      ] GC(13) Soft: 214 encountered, 0 discovered, 0 enqueued
[15.035s][info][gc,ref      ] GC(13) Weak: 793 encountered, 608 discovered, 0 enqueued
[15.035s][info][gc,ref      ] GC(13) Final: 0 encountered, 0 discovered, 0 enqueued
[15.035s][info][gc,ref      ] GC(13) Phantom: 27 encountered, 14 discovered, 0 enqueued
[15.035s][info][gc,reloc    ] GC(13) Small Pages: 211 / 422M, Empty: 336M, Relocated: 3M, In-Place: 0
[15.035s][info][gc,reloc    ] GC(13) Medium Pages: 0 / 0M, Empty: 0M, Relocated: 0M, In-Place: 0
[15.035s][info][gc,reloc    ] GC(13) Large Pages: 0 / 0M, Empty: 0M, Relocated: 0M, In-Place: 0
[15.035s][info][gc,reloc    ] GC(13) Forwarding Usage: 1M
[15.035s][info][gc,heap     ] GC(13) Min Capacity: 8M(2%)
[15.035s][info][gc,heap     ] GC(13) Max Capacity: 512M(100%)
[15.036s][info][gc,heap     ] GC(13) Soft Max Capacity: 512M(100%)
[15.036s][info][gc,heap     ] GC(13)                Mark Start          Mark End        Relocate Start      Relocate End           High               Low         
[15.036s][info][gc,heap     ] GC(13)  Capacity:      512M (100%)        512M (100%)        512M (100%)        512M (100%)        512M (100%)        512M (100%)   
[15.036s][info][gc,heap     ] GC(13)      Free:       90M (18%)          80M (16%)         412M (80%)         490M (96%)         490M (96%)          78M (15%)    
[15.036s][info][gc,heap     ] GC(13)      Used:      422M (82%)         432M (84%)         100M (20%)          22M (4%)          434M (85%)          22M (4%)     
[15.036s][info][gc,heap     ] GC(13)      Live:         -                 6M (1%)            6M (1%)            6M (1%)             -                  -          
[15.036s][info][gc,heap     ] GC(13) Allocated:         -                10M (2%)           14M (3%)           13M (3%)             -                  -          
[15.036s][info][gc,heap     ] GC(13)   Garbage:         -               415M (81%)          79M (16%)           1M (0%)             -                  -          
[15.036s][info][gc,heap     ] GC(13) Reclaimed:         -                  -               336M (66%)         413M (81%)            -                  -          
[15.036s][info][gc          ] GC(13) Garbage Collection (Allocation Rate) 422M(82%)->22M(4%)
[15.397s][info][gc,start    ] GC(14) Garbage Collection (System.gc())
[15.397s][info][gc,task     ] GC(14) Using 5 workers
[15.397s][info][gc,phases   ] GC(14) Pause Mark Start 0.017ms
[15.417s][info][gc,phases   ] GC(14) Concurrent Mark 20.172ms
[15.418s][info][gc,phases   ] GC(14) Pause Mark End 0.018ms
[15.418s][info][gc,phases   ] GC(14) Concurrent Mark Free 0.001ms
[15.419s][info][gc,phases   ] GC(14) Concurrent Process Non-Strong References 1.660ms
[15.419s][info][gc,phases   ] GC(14) Concurrent Reset Relocation Set 0.008ms
[15.423s][info][gc,phases   ] GC(14) Concurrent Select Relocation Set 3.820ms
[15.423s][info][gc,phases   ] GC(14) Pause Relocate Start 0.008ms
[15.427s][info][gc,phases   ] GC(14) Concurrent Relocate 3.188ms
[15.427s][info][gc,load     ] GC(14) Load: 0.00/0.00/0.00
[15.427s][info][gc,mmu      ] GC(14) MMU: 2ms/99.0%, 5ms/99.6%, 10ms/99.7%, 20ms/99.8%, 50ms/99.9%, 100ms/100.0%
[15.427s][info][gc,marking  ] GC(14) Mark: 4 stripe(s), 2 proactive flush(es), 1 terminate flush(es), 0 completion(s), 0 continuation(s) 
[15.427s][info][gc,marking  ] GC(14) Mark Stack Usage: 32M
[15.427s][info][gc,nmethod  ] GC(14) NMethods: 1833 registered, 323 unregistered
[15.427s][info][gc,metaspace] GC(14) Metaspace: 9M used, 9M committed, 1088M reserved
[15.427s][info][gc,ref      ] GC(14) Soft: 214 encountered, 0 discovered, 0 enqueued
[15.427s][info][gc,ref      ] GC(14) Weak: 793 encountered, 357 discovered, 0 enqueued
[15.427s][info][gc,ref      ] GC(14) Final: 0 encountered, 0 discovered, 0 enqueued
[15.427s][info][gc,ref      ] GC(14) Phantom: 27 encountered, 22 discovered, 0 enqueued
[15.427s][info][gc,reloc    ] GC(14) Small Pages: 68 / 136M, Empty: 122M, Relocated: 3M, In-Place: 0
[15.427s][info][gc,reloc    ] GC(14) Medium Pages: 0 / 0M, Empty: 0M, Relocated: 0M, In-Place: 0
[15.427s][info][gc,reloc    ] GC(14) Large Pages: 0 / 0M, Empty: 0M, Relocated: 0M, In-Place: 0
[15.427s][info][gc,reloc    ] GC(14) Forwarding Usage: 1M
[15.427s][info][gc,heap     ] GC(14) Min Capacity: 8M(2%)
[15.427s][info][gc,heap     ] GC(14) Max Capacity: 512M(100%)
[15.427s][info][gc,heap     ] GC(14) Soft Max Capacity: 512M(100%)
[15.427s][info][gc,heap     ] GC(14)                Mark Start          Mark End        Relocate Start      Relocate End           High               Low         
[15.427s][info][gc,heap     ] GC(14)  Capacity:      512M (100%)        512M (100%)        512M (100%)        512M (100%)        512M (100%)        512M (100%)   
[15.427s][info][gc,heap     ] GC(14)      Free:      376M (73%)         376M (73%)         498M (97%)         500M (98%)         500M (98%)         376M (73%)    
[15.427s][info][gc,heap     ] GC(14)      Used:      136M (27%)         136M (27%)          14M (3%)           12M (2%)          136M (27%)          12M (2%)     
[15.427s][info][gc,heap     ] GC(14)      Live:         -                 4M (1%)            4M (1%)            4M (1%)             -                  -          
[15.427s][info][gc,heap     ] GC(14) Allocated:         -                 0M (0%)            0M (0%)            0M (0%)             -                  -          
[15.427s][info][gc,heap     ] GC(14)   Garbage:         -               131M (26%)           9M (2%)            7M (1%)             -                  -          
[15.427s][info][gc,heap     ] GC(14) Reclaimed:         -                  -               122M (24%)         124M (24%)            -                  -          
[15.427s][info][gc          ] GC(14) Garbage Collection (System.gc()) 136M(27%)->12M(2%)
[16.588s][info][gc,start    ] GC(15) Garbage Collection (Allocation Rate)
[16.588s][info][gc,task     ] GC(15) Using 1 workers
[16.588s][info][gc,phases   ] GC(15) Pause Mark Start 0.018ms
[16.619s][info][gc,phases   ] GC(15) Concurrent Mark 30.652ms
[16.619s][info][gc,phases   ] GC(15) Pause Mark End 0.016ms
[16.619s][info][gc,phases   ] GC(15) Concurrent Mark Free 0.001ms
[16.626s][info][gc,phases   ] GC(15) Concurrent Process Non-Strong References 7.266ms
[16.626s][info][gc,phases   ] GC(15) Concurrent Reset Relocation Set 0.002ms
[16.632s][info][gc,phases   ] GC(15) Concurrent Select Relocation Set 5.717ms
[16.632s][info][gc,phases   ] GC(15) Pause Relocate Start 0.003ms
[16.640s][info][gc,phases   ] GC(15) Concurrent Relocate 7.644ms
[16.640s][info][gc,load     ] GC(15) Load: 0.00/0.00/0.00
[16.640s][info][gc,mmu      ] GC(15) MMU: 2ms/99.0%, 5ms/99.6%, 10ms/99.7%, 20ms/99.8%, 50ms/99.9%, 100ms/100.0%
[16.640s][info][gc,marking  ] GC(15) Mark: 1 stripe(s), 2 proactive flush(es), 1 terminate flush(es), 0 completion(s), 0 continuation(s) 
[16.640s][info][gc,marking  ] GC(15) Mark Stack Usage: 32M
[16.640s][info][gc,nmethod  ] GC(15) NMethods: 1855 registered, 330 unregistered
[16.640s][info][gc,metaspace] GC(15) Metaspace: 9M used, 9M committed, 1088M reserved
[16.640s][info][gc,ref      ] GC(15) Soft: 214 encountered, 0 discovered, 0 enqueued
[16.640s][info][gc,ref      ] GC(15) Weak: 793 encountered, 608 discovered, 0 enqueued
[16.640s][info][gc,ref      ] GC(15) Final: 0 encountered, 0 discovered, 0 enqueued
[16.640s][info][gc,ref      ] GC(15) Phantom: 27 encountered, 14 discovered, 0 enqueued
[16.640s][info][gc,reloc    ] GC(15) Small Pages: 191 / 382M, Empty: 280M, Relocated: 3M, In-Place: 0
[16.640s][info][gc,reloc    ] GC(15) Medium Pages: 0 / 0M, Empty: 0M, Relocated: 0M, In-Place: 0
[16.640s][info][gc,reloc    ] GC(15) Large Pages: 0 / 0M, Empty: 0M, Relocated: 0M, In-Place: 0
[16.640s][info][gc,reloc    ] GC(15) Forwarding Usage: 1M
[16.640s][info][gc,heap     ] GC(15) Min Capacity: 8M(2%)
[16.640s][info][gc,heap     ] GC(15) Max Capacity: 512M(100%)
[16.640s][info][gc,heap     ] GC(15) Soft Max Capacity: 512M(100%)
[16.640s][info][gc,heap     ] GC(15)                Mark Start          Mark End        Relocate Start      Relocate End           High               Low         
[16.640s][info][gc,heap     ] GC(15)  Capacity:      512M (100%)        512M (100%)        512M (100%)        512M (100%)        512M (100%)        512M (100%)   
[16.641s][info][gc,heap     ] GC(15)      Free:      130M (25%)         120M (23%)         396M (77%)         488M (95%)         488M (95%)         118M (23%)    
[16.641s][info][gc,heap     ] GC(15)      Used:      382M (75%)         392M (77%)         116M (23%)          24M (5%)          394M (77%)          24M (5%)     
[16.641s][info][gc,heap     ] GC(15)      Live:         -                 6M (1%)            6M (1%)            6M (1%)             -                  -          
[16.641s][info][gc,heap     ] GC(15) Allocated:         -                10M (2%)           14M (3%)           15M (3%)             -                  -          
[16.641s][info][gc,heap     ] GC(15)   Garbage:         -               375M (73%)          95M (19%)           1M (0%)             -                  -          
[16.641s][info][gc,heap     ] GC(15) Reclaimed:         -                  -               280M (55%)         373M (73%)            -                  -          
[16.641s][info][gc          ] GC(15) Garbage Collection (Allocation Rate) 382M(75%)->24M(5%)
[17.789s][info][gc,start    ] GC(16) Garbage Collection (Allocation Rate)
[17.789s][info][gc,task     ] GC(16) Using 1 workers
[17.789s][info][gc,phases   ] GC(16) Pause Mark Start 0.019ms
[17.819s][info][gc,phases   ] GC(16) Concurrent Mark 29.116ms
[17.819s][info][gc,phases   ] GC(16) Pause Mark End 0.014ms
[17.819s][info][gc,phases   ] GC(16) Concurrent Mark Free 0.001ms
[17.826s][info][gc,phases   ] GC(16) Concurrent Process Non-Strong References 6.740ms
[17.826s][info][gc,phases   ] GC(16) Concurrent Reset Relocation Set 0.008ms
[17.832s][info][gc,phases   ] GC(16) Concurrent Select Relocation Set 6.171ms
[17.832s][info][gc,phases   ] GC(16) Pause Relocate Start 0.008ms
[17.837s][info][gc,phases   ] GC(16) Concurrent Relocate 5.244ms
[17.837s][info][gc,load     ] GC(16) Load: 0.00/0.00/0.00
[17.837s][info][gc,mmu      ] GC(16) MMU: 2ms/99.0%, 5ms/99.6%, 10ms/99.7%, 20ms/99.8%, 50ms/99.9%, 100ms/100.0%
[17.838s][info][gc,marking  ] GC(16) Mark: 1 stripe(s), 2 proactive flush(es), 1 terminate flush(es), 0 completion(s), 0 continuation(s) 
[17.838s][info][gc,marking  ] GC(16) Mark Stack Usage: 32M
[17.838s][info][gc,nmethod  ] GC(16) NMethods: 1855 registered, 336 unregistered
[17.838s][info][gc,metaspace] GC(16) Metaspace: 9M used, 9M committed, 1088M reserved
[17.838s][info][gc,ref      ] GC(16) Soft: 214 encountered, 0 discovered, 0 enqueued
[17.838s][info][gc,ref      ] GC(16) Weak: 793 encountered, 180 discovered, 0 enqueued
[17.838s][info][gc,ref      ] GC(16) Final: 0 encountered, 0 discovered, 0 enqueued
[17.838s][info][gc,ref      ] GC(16) Phantom: 27 encountered, 14 discovered, 0 enqueued
[17.838s][info][gc,reloc    ] GC(16) Small Pages: 198 / 396M, Empty: 318M, Relocated: 3M, In-Place: 0
[17.838s][info][gc,reloc    ] GC(16) Medium Pages: 0 / 0M, Empty: 0M, Relocated: 0M, In-Place: 0
[17.838s][info][gc,reloc    ] GC(16) Large Pages: 0 / 0M, Empty: 0M, Relocated: 0M, In-Place: 0
[17.838s][info][gc,reloc    ] GC(16) Forwarding Usage: 1M
[17.838s][info][gc,heap     ] GC(16) Min Capacity: 8M(2%)
[17.838s][info][gc,heap     ] GC(16) Max Capacity: 512M(100%)
[17.838s][info][gc,heap     ] GC(16) Soft Max Capacity: 512M(100%)
[17.838s][info][gc,heap     ] GC(16)                Mark Start          Mark End        Relocate Start      Relocate End           High               Low         
[17.838s][info][gc,heap     ] GC(16)  Capacity:      512M (100%)        512M (100%)        512M (100%)        512M (100%)        512M (100%)        512M (100%)   
[17.838s][info][gc,heap     ] GC(16)      Free:      116M (23%)         106M (21%)         420M (82%)         488M (95%)         488M (95%)         104M (20%)    
[17.838s][info][gc,heap     ] GC(16)      Used:      396M (77%)         406M (79%)          92M (18%)          24M (5%)          408M (80%)          24M (5%)     
[17.838s][info][gc,heap     ] GC(16)      Live:         -                 6M (1%)            6M (1%)            6M (1%)             -                  -          
[17.838s][info][gc,heap     ] GC(16) Allocated:         -                10M (2%)           14M (3%)           15M (3%)             -                  -          
[17.838s][info][gc,heap     ] GC(16)   Garbage:         -               389M (76%)          71M (14%)           1M (0%)             -                  -          
[17.838s][info][gc,heap     ] GC(16) Reclaimed:         -                  -               318M (62%)         387M (76%)            -                  -          
[17.838s][info][gc          ] GC(16) Garbage Collection (Allocation Rate) 396M(77%)->24M(5%)
[19.086s][info][gc,start    ] GC(17) Garbage Collection (Allocation Rate)
[19.086s][info][gc,task     ] GC(17) Using 1 workers
[19.086s][info][gc,phases   ] GC(17) Pause Mark Start 0.018ms
[19.117s][info][gc,phases   ] GC(17) Concurrent Mark 30.433ms
[19.117s][info][gc,phases   ] GC(17) Pause Mark End 0.016ms
[19.117s][info][gc,phases   ] GC(17) Concurrent Mark Free 0.001ms
[19.123s][info][gc,phases   ] GC(17) Concurrent Process Non-Strong References 6.480ms
[19.123s][info][gc,phases   ] GC(17) Concurrent Reset Relocation Set 0.006ms
[19.130s][info][gc,phases   ] GC(17) Concurrent Select Relocation Set 6.416ms
[19.130s][info][gc,phases   ] GC(17) Pause Relocate Start 0.006ms
[19.136s][info][gc,phases   ] GC(17) Concurrent Relocate 5.764ms
[19.136s][info][gc,load     ] GC(17) Load: 0.00/0.00/0.00
[19.136s][info][gc,mmu      ] GC(17) MMU: 2ms/99.0%, 5ms/99.6%, 10ms/99.7%, 20ms/99.8%, 50ms/99.9%, 100ms/100.0%
[19.136s][info][gc,marking  ] GC(17) Mark: 1 stripe(s), 2 proactive flush(es), 1 terminate flush(es), 0 completion(s), 0 continuation(s) 
[19.136s][info][gc,marking  ] GC(17) Mark Stack Usage: 32M
[19.136s][info][gc,nmethod  ] GC(17) NMethods: 1855 registered, 337 unregistered
[19.136s][info][gc,metaspace] GC(17) Metaspace: 9M used, 9M committed, 1088M reserved
[19.136s][info][gc,ref      ] GC(17) Soft: 214 encountered, 0 discovered, 0 enqueued
[19.136s][info][gc,ref      ] GC(17) Weak: 793 encountered, 180 discovered, 0 enqueued
[19.136s][info][gc,ref      ] GC(17) Final: 0 encountered, 0 discovered, 0 enqueued
[19.136s][info][gc,ref      ] GC(17) Phantom: 27 encountered, 14 discovered, 0 enqueued
[19.136s][info][gc,reloc    ] GC(17) Small Pages: 206 / 412M, Empty: 334M, Relocated: 3M, In-Place: 0
[19.136s][info][gc,reloc    ] GC(17) Medium Pages: 0 / 0M, Empty: 0M, Relocated: 0M, In-Place: 0
[19.136s][info][gc,reloc    ] GC(17) Large Pages: 0 / 0M, Empty: 0M, Relocated: 0M, In-Place: 0
[19.136s][info][gc,reloc    ] GC(17) Forwarding Usage: 1M
[19.136s][info][gc,heap     ] GC(17) Min Capacity: 8M(2%)
[19.136s][info][gc,heap     ] GC(17) Max Capacity: 512M(100%)
[19.136s][info][gc,heap     ] GC(17) Soft Max Capacity: 512M(100%)
[19.136s][info][gc,heap     ] GC(17)                Mark Start          Mark End        Relocate Start      Relocate End           High               Low         
[19.136s][info][gc,heap     ] GC(17)  Capacity:      512M (100%)        512M (100%)        512M (100%)        512M (100%)        512M (100%)        512M (100%)   
[19.136s][info][gc,heap     ] GC(17)      Free:      100M (20%)          90M (18%)         418M (82%)         486M (95%)         488M (95%)          88M (17%)    
[19.136s][info][gc,heap     ] GC(17)      Used:      412M (80%)         422M (82%)          94M (18%)          26M (5%)          424M (83%)          24M (5%)     
[19.136s][info][gc,heap     ] GC(17)      Live:         -                 6M (1%)            6M (1%)            6M (1%)             -                  -          
[19.137s][info][gc,heap     ] GC(17) Allocated:         -                10M (2%)           16M (3%)           17M (4%)             -                  -          
[19.137s][info][gc,heap     ] GC(17)   Garbage:         -               405M (79%)          71M (14%)           1M (0%)             -                  -          
[19.137s][info][gc,heap     ] GC(17) Reclaimed:         -                  -               334M (65%)         403M (79%)            -                  -          
[19.137s][info][gc          ] GC(17) Garbage Collection (Allocation Rate) 412M(80%)->26M(5%)
[20.085s][info][gc,stats    ] === Garbage Collection Statistics =======================================================================================================================
[20.086s][info][gc,stats    ]                                                              Last 10s              Last 10m              Last 10h                Total
[20.086s][info][gc,stats    ]                                                              Avg / Max             Avg / Max             Avg / Max             Avg / Max
[20.086s][info][gc,stats    ]   Collector: Garbage Collection Cycle                     43.553 / 52.333       42.089 / 57.234       42.089 / 57.234       42.089 / 57.234      ms
[20.086s][info][gc,stats    ]  Contention: Mark Segment Reset Contention                     0 / 2                 0 / 3                 0 / 3                 0 / 3           ops/s
[20.086s][info][gc,stats    ]  Contention: Mark SeqNum Reset Contention                      0 / 0                 0 / 1                 0 / 1                 0 / 1           ops/s
[20.086s][info][gc,stats    ]    Critical: Allocation Stall                                  0 / 0                 0 / 0                 0 / 0                 0 / 0           ops/s
[20.086s][info][gc,stats    ]    Critical: Allocation Stall                              0.000 / 0.000         0.000 / 0.000         0.000 / 0.000         0.000 / 0.000       ms
[20.086s][info][gc,stats    ]    Critical: GC Locker Stall                                   0 / 0                 0 / 0                 0 / 0                 0 / 0           ops/s
[20.086s][info][gc,stats    ]    Critical: GC Locker Stall                               0.000 / 0.000         0.000 / 0.000         0.000 / 0.000         0.000 / 0.000       ms
[20.086s][info][gc,stats    ]    Critical: Relocation Stall                                  0 / 0                 0 / 0                 0 / 0                 0 / 0           ops/s
[20.086s][info][gc,stats    ]    Critical: Relocation Stall                              0.000 / 0.000         0.000 / 0.000         0.000 / 0.000         0.000 / 0.000       ms
[20.086s][info][gc,stats    ]      Memory: Allocation Rate                                 319 / 326             298 / 328             298 / 328             298 / 328         MB/s
[20.086s][info][gc,stats    ]      Memory: Defragment                                        0 / 0                 0 / 0                 0 / 0                 0 / 0           ops/s
[20.086s][info][gc,stats    ]      Memory: Out Of Memory                                     0 / 0                 0 / 0                 0 / 0                 0 / 0           ops/s
[20.086s][info][gc,stats    ]      Memory: Page Cache Flush                                  0 / 0                 0 / 0                 0 / 0                 0 / 0           MB/s
[20.086s][info][gc,stats    ]      Memory: Page Cache Hit L1                               162 / 167             141 / 169             141 / 169             141 / 169         ops/s
[20.086s][info][gc,stats    ]      Memory: Page Cache Hit L2                                 0 / 0                 0 / 0                 0 / 0                 0 / 0           ops/s
[20.086s][info][gc,stats    ]      Memory: Page Cache Hit L3                                 0 / 0                11 / 77               11 / 77               11 / 77          ops/s
[20.086s][info][gc,stats    ]      Memory: Page Cache Miss                                   0 / 0                 0 / 1                 0 / 1                 0 / 1           ops/s
[20.086s][info][gc,stats    ]      Memory: Uncommit                                          0 / 0                 0 / 0                 0 / 0                 0 / 0           MB/s
[20.086s][info][gc,stats    ]      Memory: Undo Object Allocation Failed                     0 / 0                 0 / 1                 0 / 1                 0 / 1           ops/s
[20.086s][info][gc,stats    ]      Memory: Undo Object Allocation Succeeded                  0 / 1                 0 / 5                 0 / 5                 0 / 5           ops/s
[20.086s][info][gc,stats    ]      Memory: Undo Page Allocation                              1 / 3                 1 / 10                1 / 10                1 / 10          ops/s
[20.086s][info][gc,stats    ]       Phase: Concurrent Mark                              26.551 / 31.083       25.112 / 38.107       25.112 / 38.107       25.112 / 38.107      ms
[20.086s][info][gc,stats    ]       Phase: Concurrent Mark Continue                      0.000 / 0.000         0.000 / 0.000         0.000 / 0.000         0.000 / 0.000       ms
[20.086s][info][gc,stats    ]       Phase: Concurrent Mark Free                          0.001 / 0.002         0.001 / 0.002         0.001 / 0.002         0.001 / 0.002       ms
[20.086s][info][gc,stats    ]       Phase: Concurrent Process Non-Strong References      5.221 / 7.266         4.703 / 7.613         4.703 / 7.613         4.703 / 7.613       ms
[20.086s][info][gc,stats    ]       Phase: Concurrent Relocate                           5.429 / 8.162         5.550 / 8.950         5.550 / 8.950         5.550 / 8.950       ms
[20.087s][info][gc,stats    ]       Phase: Concurrent Reset Relocation Set               0.006 / 0.013         0.006 / 0.013         0.006 / 0.013         0.006 / 0.013       ms
[20.087s][info][gc,stats    ]       Phase: Concurrent Select Relocation Set              5.251 / 6.416         5.634 / 14.681        5.634 / 14.681        5.634 / 14.681      ms
[20.087s][info][gc,stats    ]       Phase: Pause Mark End                                0.017 / 0.019         0.017 / 0.020         0.017 / 0.020         0.017 / 0.020       ms
[20.087s][info][gc,stats    ]       Phase: Pause Mark Start                              0.018 / 0.019         0.017 / 0.019         0.017 / 0.019         0.017 / 0.019       ms
[20.087s][info][gc,stats    ]       Phase: Pause Relocate Start                          0.008 / 0.011         0.008 / 0.011         0.008 / 0.011         0.008 / 0.011       ms
[20.087s][info][gc,stats    ]    Subphase: Concurrent Classes Purge                      0.035 / 0.065         0.122 / 0.583         0.122 / 0.583         0.122 / 0.583       ms
[20.087s][info][gc,stats    ]    Subphase: Concurrent Classes Unlink                     4.189 / 5.614         3.648 / 5.614         3.648 / 5.614         3.648 / 5.614       ms
[20.087s][info][gc,stats    ]    Subphase: Concurrent Mark                              19.405 / 28.644       17.655 / 34.990       17.655 / 34.990       17.655 / 34.990      ms
[20.087s][info][gc,stats    ]    Subphase: Concurrent Mark Try Flush                     0.056 / 0.102         0.059 / 0.187         0.059 / 0.187         0.059 / 0.187       ms
[20.087s][info][gc,stats    ]    Subphase: Concurrent Mark Try Terminate                 3.568 / 14.411        3.939 / 16.135        3.939 / 16.135        3.939 / 16.135      ms
[20.087s][info][gc,stats    ]    Subphase: Concurrent References Enqueue                 0.000 / 0.001         0.001 / 0.004         0.001 / 0.004         0.001 / 0.004       ms
[20.087s][info][gc,stats    ]    Subphase: Concurrent References Process                 0.077 / 0.114         0.067 / 0.114         0.067 / 0.114         0.067 / 0.114       ms
[20.087s][info][gc,stats    ]    Subphase: Concurrent Roots ClassLoaderDataGraph         0.205 / 0.429         0.224 / 0.631         0.224 / 0.631         0.224 / 0.631       ms
[20.087s][info][gc,stats    ]    Subphase: Concurrent Roots CodeCache                    0.000 / 0.000         0.000 / 0.000         0.000 / 0.000         0.000 / 0.000       ms
[20.087s][info][gc,stats    ]    Subphase: Concurrent Roots JavaThreads                  1.115 / 2.277         0.933 / 2.289         0.933 / 2.289         0.933 / 2.289       ms
[20.087s][info][gc,stats    ]    Subphase: Concurrent Roots OopStorageSet                0.039 / 0.078         0.047 / 0.136         0.047 / 0.136         0.047 / 0.136       ms
[20.087s][info][gc,stats    ]    Subphase: Concurrent Weak Roots OopStorageSet           0.507 / 1.362         0.423 / 1.768         0.423 / 1.768         0.423 / 1.768       ms
[20.087s][info][gc,stats    ]    Subphase: Pause Mark Try Complete                       0.000 / 0.000         0.000 / 0.000         0.000 / 0.000         0.000 / 0.000       ms
[20.087s][info][gc,stats    ]      System: Java Threads                                     29 / 31               29 / 35               29 / 35               29 / 35          threads
[20.087s][info][gc,stats    ] =========================================================================================================================================================
[20.382s][info][gc,start    ] GC(18) Garbage Collection (Allocation Rate)
[20.382s][info][gc,task     ] GC(18) Using 1 workers
[20.382s][info][gc,phases   ] GC(18) Pause Mark Start 0.017ms
[20.411s][info][gc,phases   ] GC(18) Concurrent Mark 28.129ms
[20.411s][info][gc,phases   ] GC(18) Pause Mark End 0.012ms
[20.411s][info][gc,phases   ] GC(18) Concurrent Mark Free 0.001ms
[20.416s][info][gc,phases   ] GC(18) Concurrent Process Non-Strong References 4.898ms
[20.416s][info][gc,phases   ] GC(18) Concurrent Reset Relocation Set 0.006ms
[20.420s][info][gc,phases   ] GC(18) Concurrent Select Relocation Set 4.059ms
[20.420s][info][gc,phases   ] GC(18) Pause Relocate Start 0.007ms
[20.428s][info][gc,phases   ] GC(18) Concurrent Relocate 7.866ms
[20.428s][info][gc,load     ] GC(18) Load: 0.00/0.00/0.00
[20.428s][info][gc,mmu      ] GC(18) MMU: 2ms/99.0%, 5ms/99.6%, 10ms/99.7%, 20ms/99.8%, 50ms/99.9%, 100ms/100.0%
[20.428s][info][gc,marking  ] GC(18) Mark: 1 stripe(s), 2 proactive flush(es), 1 terminate flush(es), 0 completion(s), 0 continuation(s) 
[20.428s][info][gc,marking  ] GC(18) Mark Stack Usage: 32M
[20.428s][info][gc,nmethod  ] GC(18) NMethods: 1855 registered, 337 unregistered
[20.428s][info][gc,metaspace] GC(18) Metaspace: 9M used, 9M committed, 1088M reserved
[20.428s][info][gc,ref      ] GC(18) Soft: 214 encountered, 0 discovered, 0 enqueued
[20.428s][info][gc,ref      ] GC(18) Weak: 793 encountered, 180 discovered, 0 enqueued
[20.428s][info][gc,ref      ] GC(18) Final: 0 encountered, 0 discovered, 0 enqueued
[20.428s][info][gc,ref      ] GC(18) Phantom: 27 encountered, 14 discovered, 0 enqueued
[20.428s][info][gc,reloc    ] GC(18) Small Pages: 213 / 426M, Empty: 374M, Relocated: 3M, In-Place: 0
[20.428s][info][gc,reloc    ] GC(18) Medium Pages: 0 / 0M, Empty: 0M, Relocated: 0M, In-Place: 0
[20.429s][info][gc,reloc    ] GC(18) Large Pages: 0 / 0M, Empty: 0M, Relocated: 0M, In-Place: 0
[20.429s][info][gc,reloc    ] GC(18) Forwarding Usage: 1M
[20.429s][info][gc,heap     ] GC(18) Min Capacity: 8M(2%)
[20.429s][info][gc,heap     ] GC(18) Max Capacity: 512M(100%)
[20.429s][info][gc,heap     ] GC(18) Soft Max Capacity: 512M(100%)
[20.429s][info][gc,heap     ] GC(18)                Mark Start          Mark End        Relocate Start      Relocate End           High               Low         
[20.429s][info][gc,heap     ] GC(18)  Capacity:      512M (100%)        512M (100%)        512M (100%)        512M (100%)        512M (100%)        512M (100%)   
[20.429s][info][gc,heap     ] GC(18)      Free:       86M (17%)          76M (15%)         446M (87%)         488M (95%)         488M (95%)          74M (14%)    
[20.429s][info][gc,heap     ] GC(18)      Used:      426M (83%)         436M (85%)          66M (13%)          24M (5%)          438M (86%)          24M (5%)     
[20.429s][info][gc,heap     ] GC(18)      Live:         -                 6M (1%)            6M (1%)            6M (1%)             -                  -          
[20.429s][info][gc,heap     ] GC(18) Allocated:         -                10M (2%)           14M (3%)           15M (3%)             -                  -          
[20.429s][info][gc,heap     ] GC(18)   Garbage:         -               419M (82%)          45M (9%)            1M (0%)             -                  -          
[20.429s][info][gc,heap     ] GC(18) Reclaimed:         -                  -               374M (73%)         417M (82%)            -                  -          
[20.429s][info][gc          ] GC(18) Garbage Collection (Allocation Rate) 426M(83%)->24M(5%)
[21.491s][info][gc,start    ] GC(19) Garbage Collection (Proactive)
[21.491s][info][gc,task     ] GC(19) Using 5 workers
[21.492s][info][gc,phases   ] GC(19) Pause Mark Start 0.017ms
[21.507s][info][gc,phases   ] GC(19) Concurrent Mark 15.176ms
[21.507s][info][gc,phases   ] GC(19) Pause Mark End 0.018ms
[21.507s][info][gc,phases   ] GC(19) Concurrent Mark Free 0.001ms
[21.509s][info][gc,phases   ] GC(19) Concurrent Process Non-Strong References 1.541ms
[21.509s][info][gc,phases   ] GC(19) Concurrent Reset Relocation Set 0.004ms
[21.515s][info][gc,phases   ] GC(19) Concurrent Select Relocation Set 6.099ms
[21.515s][info][gc,phases   ] GC(19) Pause Relocate Start 0.007ms
[21.518s][info][gc,phases   ] GC(19) Concurrent Relocate 3.235ms
[21.518s][info][gc,load     ] GC(19) Load: 0.00/0.00/0.00
[21.519s][info][gc,mmu      ] GC(19) MMU: 2ms/99.0%, 5ms/99.6%, 10ms/99.7%, 20ms/99.8%, 50ms/99.9%, 100ms/100.0%
[21.519s][info][gc,marking  ] GC(19) Mark: 4 stripe(s), 6 proactive flush(es), 1 terminate flush(es), 0 completion(s), 0 continuation(s) 
[21.519s][info][gc,marking  ] GC(19) Mark Stack Usage: 32M
[21.519s][info][gc,nmethod  ] GC(19) NMethods: 1856 registered, 337 unregistered
[21.519s][info][gc,metaspace] GC(19) Metaspace: 9M used, 9M committed, 1088M reserved
[21.519s][info][gc,ref      ] GC(19) Soft: 214 encountered, 0 discovered, 0 enqueued
[21.519s][info][gc,ref      ] GC(19) Weak: 793 encountered, 35 discovered, 0 enqueued
[21.519s][info][gc,ref      ] GC(19) Final: 0 encountered, 0 discovered, 0 enqueued
[21.519s][info][gc,ref      ] GC(19) Phantom: 27 encountered, 22 discovered, 0 enqueued
[21.519s][info][gc,reloc    ] GC(19) Small Pages: 179 / 358M, Empty: 278M, Relocated: 3M, In-Place: 0
[21.519s][info][gc,reloc    ] GC(19) Medium Pages: 0 / 0M, Empty: 0M, Relocated: 0M, In-Place: 0
[21.519s][info][gc,reloc    ] GC(19) Large Pages: 0 / 0M, Empty: 0M, Relocated: 0M, In-Place: 0
[21.519s][info][gc,reloc    ] GC(19) Forwarding Usage: 1M
[21.519s][info][gc,heap     ] GC(19) Min Capacity: 8M(2%)
[21.519s][info][gc,heap     ] GC(19) Max Capacity: 512M(100%)
[21.519s][info][gc,heap     ] GC(19) Soft Max Capacity: 512M(100%)
[21.519s][info][gc,heap     ] GC(19)                Mark Start          Mark End        Relocate Start      Relocate End           High               Low         
[21.519s][info][gc,heap     ] GC(19)  Capacity:      512M (100%)        512M (100%)        512M (100%)        512M (100%)        512M (100%)        512M (100%)   
[21.519s][info][gc,heap     ] GC(19)      Free:      154M (30%)         148M (29%)         424M (83%)         488M (95%)         488M (95%)         148M (29%)    
[21.519s][info][gc,heap     ] GC(19)      Used:      358M (70%)         364M (71%)          88M (17%)          24M (5%)          364M (71%)          24M (5%)     
[21.519s][info][gc,heap     ] GC(19)      Live:         -                 6M (1%)            6M (1%)            6M (1%)             -                  -          
[21.519s][info][gc,heap     ] GC(19) Allocated:         -                 6M (1%)            8M (2%)            9M (2%)             -                  -          
[21.519s][info][gc,heap     ] GC(19)   Garbage:         -               351M (69%)          73M (14%)           7M (1%)             -                  -          
[21.519s][info][gc,heap     ] GC(19) Reclaimed:         -                  -               278M (54%)         343M (67%)            -                  -          
[21.519s][info][gc          ] GC(19) Garbage Collection (Proactive) 358M(70%)->24M(5%)
[22.340s][info][gc,start    ] GC(20) Garbage Collection (System.gc())
[22.340s][info][gc,task     ] GC(20) Using 5 workers
[22.340s][info][gc,phases   ] GC(20) Pause Mark Start 0.017ms
[22.350s][info][gc,phases   ] GC(20) Concurrent Mark 9.913ms
[22.351s][info][gc,phases   ] GC(20) Pause Mark End 0.016ms
[22.351s][info][gc,phases   ] GC(20) Concurrent Mark Free 0.001ms
[22.352s][info][gc,phases   ] GC(20) Concurrent Process Non-Strong References 1.581ms
[22.352s][info][gc,phases   ] GC(20) Concurrent Reset Relocation Set 0.007ms
[22.356s][info][gc,phases   ] GC(20) Concurrent Select Relocation Set 3.818ms
[22.356s][info][gc,phases   ] GC(20) Pause Relocate Start 0.008ms
[22.359s][info][gc,phases   ] GC(20) Concurrent Relocate 2.988ms
[22.359s][info][gc,load     ] GC(20) Load: 0.00/0.00/0.00
[22.359s][info][gc,mmu      ] GC(20) MMU: 2ms/99.0%, 5ms/99.6%, 10ms/99.7%, 20ms/99.8%, 50ms/99.9%, 100ms/100.0%
[22.359s][info][gc,marking  ] GC(20) Mark: 4 stripe(s), 2 proactive flush(es), 1 terminate flush(es), 0 completion(s), 0 continuation(s) 
[22.360s][info][gc,marking  ] GC(20) Mark Stack Usage: 32M
[22.360s][info][gc,nmethod  ] GC(20) NMethods: 1856 registered, 339 unregistered
[22.360s][info][gc,metaspace] GC(20) Metaspace: 9M used, 9M committed, 1088M reserved
[22.360s][info][gc,ref      ] GC(20) Soft: 214 encountered, 0 discovered, 0 enqueued
[22.360s][info][gc,ref      ] GC(20) Weak: 793 encountered, 11 discovered, 0 enqueued
[22.360s][info][gc,ref      ] GC(20) Final: 0 encountered, 0 discovered, 0 enqueued
[22.360s][info][gc,ref      ] GC(20) Phantom: 27 encountered, 23 discovered, 0 enqueued
[22.360s][info][gc,reloc    ] GC(20) Small Pages: 138 / 276M, Empty: 260M, Relocated: 3M, In-Place: 0
[22.360s][info][gc,reloc    ] GC(20) Medium Pages: 0 / 0M, Empty: 0M, Relocated: 0M, In-Place: 0
[22.360s][info][gc,reloc    ] GC(20) Large Pages: 0 / 0M, Empty: 0M, Relocated: 0M, In-Place: 0
[22.360s][info][gc,reloc    ] GC(20) Forwarding Usage: 1M
[22.360s][info][gc,heap     ] GC(20) Min Capacity: 8M(2%)
[22.360s][info][gc,heap     ] GC(20) Max Capacity: 512M(100%)
[22.360s][info][gc,heap     ] GC(20) Soft Max Capacity: 512M(100%)
[22.360s][info][gc,heap     ] GC(20)                Mark Start          Mark End        Relocate Start      Relocate End           High               Low         
[22.360s][info][gc,heap     ] GC(20)  Capacity:      512M (100%)        512M (100%)        512M (100%)        512M (100%)        512M (100%)        512M (100%)   
[22.360s][info][gc,heap     ] GC(20)      Free:      236M (46%)         236M (46%)         496M (97%)         500M (98%)         500M (98%)         236M (46%)    
[22.360s][info][gc,heap     ] GC(20)      Used:      276M (54%)         276M (54%)          16M (3%)           12M (2%)          276M (54%)          12M (2%)     
[22.360s][info][gc,heap     ] GC(20)      Live:         -                 4M (1%)            4M (1%)            4M (1%)             -                  -          
[22.360s][info][gc,heap     ] GC(20) Allocated:         -                 0M (0%)            0M (0%)            0M (0%)             -                  -          
[22.360s][info][gc,heap     ] GC(20)   Garbage:         -               271M (53%)          11M (2%)            7M (1%)             -                  -          
[22.360s][info][gc,heap     ] GC(20) Reclaimed:         -                  -               260M (51%)         264M (52%)            -                  -          
[22.360s][info][gc          ] GC(20) Garbage Collection (System.gc()) 276M(54%)->12M(2%)
[23.585s][info][gc,start    ] GC(21) Garbage Collection (Allocation Rate)
[23.585s][info][gc,task     ] GC(21) Using 1 workers
[23.585s][info][gc,phases   ] GC(21) Pause Mark Start 0.017ms
[23.616s][info][gc,phases   ] GC(21) Concurrent Mark 31.359ms
[23.617s][info][gc,phases   ] GC(21) Pause Mark End 0.017ms
[23.617s][info][gc,phases   ] GC(21) Concurrent Mark Free 0.002ms
[23.624s][info][gc,phases   ] GC(21) Concurrent Process Non-Strong References 7.175ms
[23.624s][info][gc,phases   ] GC(21) Concurrent Reset Relocation Set 0.001ms
[23.631s][info][gc,phases   ] GC(21) Concurrent Select Relocation Set 6.939ms
[23.631s][info][gc,phases   ] GC(21) Pause Relocate Start 0.009ms
[23.639s][info][gc,phases   ] GC(21) Concurrent Relocate 8.029ms
[23.639s][info][gc,load     ] GC(21) Load: 0.00/0.00/0.00
[23.639s][info][gc,mmu      ] GC(21) MMU: 2ms/99.0%, 5ms/99.6%, 10ms/99.7%, 20ms/99.8%, 50ms/99.9%, 100ms/100.0%
[23.639s][info][gc,marking  ] GC(21) Mark: 1 stripe(s), 2 proactive flush(es), 1 terminate flush(es), 0 completion(s), 0 continuation(s) 
[23.639s][info][gc,marking  ] GC(21) Mark Stack Usage: 32M
[23.639s][info][gc,nmethod  ] GC(21) NMethods: 1872 registered, 341 unregistered
[23.639s][info][gc,metaspace] GC(21) Metaspace: 9M used, 9M committed, 1088M reserved
[23.639s][info][gc,ref      ] GC(21) Soft: 214 encountered, 0 discovered, 0 enqueued
[23.639s][info][gc,ref      ] GC(21) Weak: 806 encountered, 191 discovered, 4 enqueued
[23.639s][info][gc,ref      ] GC(21) Final: 0 encountered, 0 discovered, 0 enqueued
[23.640s][info][gc,ref      ] GC(21) Phantom: 27 encountered, 14 discovered, 0 enqueued
[23.640s][info][gc,reloc    ] GC(21) Small Pages: 204 / 408M, Empty: 256M, Relocated: 4M, In-Place: 0
[23.640s][info][gc,reloc    ] GC(21) Medium Pages: 0 / 0M, Empty: 0M, Relocated: 0M, In-Place: 0
[23.640s][info][gc,reloc    ] GC(21) Large Pages: 0 / 0M, Empty: 0M, Relocated: 0M, In-Place: 0
[23.640s][info][gc,reloc    ] GC(21) Forwarding Usage: 2M
[23.640s][info][gc,heap     ] GC(21) Min Capacity: 8M(2%)
[23.640s][info][gc,heap     ] GC(21) Max Capacity: 512M(100%)
[23.640s][info][gc,heap     ] GC(21) Soft Max Capacity: 512M(100%)
[23.640s][info][gc,heap     ] GC(21)                Mark Start          Mark End        Relocate Start      Relocate End           High               Low         
[23.640s][info][gc,heap     ] GC(21)  Capacity:      512M (100%)        512M (100%)        512M (100%)        512M (100%)        512M (100%)        512M (100%)   
[23.640s][info][gc,heap     ] GC(21)      Free:      104M (20%)          92M (18%)         344M (67%)         486M (95%)         486M (95%)          90M (18%)    
[23.640s][info][gc,heap     ] GC(21)      Used:      408M (80%)         420M (82%)         168M (33%)          26M (5%)          422M (82%)          26M (5%)     
[23.640s][info][gc,heap     ] GC(21)      Live:         -                 6M (1%)            6M (1%)            6M (1%)             -                  -          
[23.640s][info][gc,heap     ] GC(21) Allocated:         -                12M (2%)           16M (3%)           17M (4%)             -                  -          
[23.640s][info][gc,heap     ] GC(21)   Garbage:         -               401M (78%)         145M (28%)           1M (0%)             -                  -          
[23.640s][info][gc,heap     ] GC(21) Reclaimed:         -                  -               256M (50%)         399M (78%)            -                  -          
[23.640s][info][gc          ] GC(21) Garbage Collection (Allocation Rate) 408M(80%)->26M(5%)
[24.990s][info][gc,start    ] GC(22) Garbage Collection (Allocation Rate)
[24.991s][info][gc,task     ] GC(22) Using 1 workers
[24.991s][info][gc,phases   ] GC(22) Pause Mark Start 0.017ms
[25.023s][info][gc,phases   ] GC(22) Concurrent Mark 32.489ms
[25.024s][info][gc,phases   ] GC(22) Pause Mark End 0.014ms
[25.024s][info][gc,phases   ] GC(22) Concurrent Mark Free 0.001ms
[25.031s][info][gc,phases   ] GC(22) Concurrent Process Non-Strong References 7.216ms
[25.031s][info][gc,phases   ] GC(22) Concurrent Reset Relocation Set 0.015ms
[25.035s][info][gc,phases   ] GC(22) Concurrent Select Relocation Set 4.240ms
[25.035s][info][gc,phases   ] GC(22) Pause Relocate Start 0.003ms
[25.042s][info][gc,phases   ] GC(22) Concurrent Relocate 6.560ms
[25.042s][info][gc,load     ] GC(22) Load: 0.00/0.00/0.00
[25.042s][info][gc,mmu      ] GC(22) MMU: 2ms/99.0%, 5ms/99.6%, 10ms/99.7%, 20ms/99.8%, 50ms/99.9%, 100ms/100.0%
[25.042s][info][gc,marking  ] GC(22) Mark: 1 stripe(s), 2 proactive flush(es), 1 terminate flush(es), 0 completion(s), 0 continuation(s) 
[25.042s][info][gc,marking  ] GC(22) Mark Stack Usage: 32M
[25.042s][info][gc,nmethod  ] GC(22) NMethods: 1872 registered, 343 unregistered
[25.042s][info][gc,metaspace] GC(22) Metaspace: 9M used, 9M committed, 1088M reserved
[25.042s][info][gc,ref      ] GC(22) Soft: 214 encountered, 0 discovered, 0 enqueued
[25.042s][info][gc,ref      ] GC(22) Weak: 802 encountered, 187 discovered, 0 enqueued
[25.042s][info][gc,ref      ] GC(22) Final: 0 encountered, 0 discovered, 0 enqueued
[25.042s][info][gc,ref      ] GC(22) Phantom: 27 encountered, 14 discovered, 0 enqueued
[25.042s][info][gc,reloc    ] GC(22) Small Pages: 223 / 446M, Empty: 334M, Relocated: 2M, In-Place: 0
[25.042s][info][gc,reloc    ] GC(22) Medium Pages: 0 / 0M, Empty: 0M, Relocated: 0M, In-Place: 0
[25.042s][info][gc,reloc    ] GC(22) Large Pages: 0 / 0M, Empty: 0M, Relocated: 0M, In-Place: 0
[25.042s][info][gc,reloc    ] GC(22) Forwarding Usage: 1M
[25.042s][info][gc,heap     ] GC(22) Min Capacity: 8M(2%)
[25.043s][info][gc,heap     ] GC(22) Max Capacity: 512M(100%)
[25.043s][info][gc,heap     ] GC(22) Soft Max Capacity: 512M(100%)
[25.043s][info][gc,heap     ] GC(22)                Mark Start          Mark End        Relocate Start      Relocate End           High               Low         
[25.043s][info][gc,heap     ] GC(22)  Capacity:      512M (100%)        512M (100%)        512M (100%)        512M (100%)        512M (100%)        512M (100%)   
[25.043s][info][gc,heap     ] GC(22)      Free:       66M (13%)          56M (11%)         386M (75%)         488M (95%)         488M (95%)          52M (10%)    
[25.043s][info][gc,heap     ] GC(22)      Used:      446M (87%)         456M (89%)         126M (25%)          24M (5%)          460M (90%)          24M (5%)     
[25.043s][info][gc,heap     ] GC(22)      Live:         -                 6M (1%)            6M (1%)            6M (1%)             -                  -          
[25.043s][info][gc,heap     ] GC(22) Allocated:         -                10M (2%)           14M (3%)           15M (3%)             -                  -          
[25.043s][info][gc,heap     ] GC(22)   Garbage:         -               439M (86%)         105M (21%)           1M (0%)             -                  -          
[25.043s][info][gc,heap     ] GC(22) Reclaimed:         -                  -               334M (65%)         437M (86%)            -                  -          
[25.043s][info][gc          ] GC(22) Garbage Collection (Allocation Rate) 446M(87%)->24M(5%)
[26.287s][info][gc,start    ] GC(23) Garbage Collection (Allocation Rate)
[26.287s][info][gc,task     ] GC(23) Using 1 workers
[26.287s][info][gc,phases   ] GC(23) Pause Mark Start 0.017ms
[26.317s][info][gc,phases   ] GC(23) Concurrent Mark 29.539ms
[26.317s][info][gc,phases   ] GC(23) Pause Mark End 0.017ms
[26.317s][info][gc,phases   ] GC(23) Concurrent Mark Free 0.001ms
[26.324s][info][gc,phases   ] GC(23) Concurrent Process Non-Strong References 6.893ms
[26.324s][info][gc,phases   ] GC(23) Concurrent Reset Relocation Set 0.009ms
[26.328s][info][gc,phases   ] GC(23) Concurrent Select Relocation Set 4.038ms
[26.329s][info][gc,phases   ] GC(23) Pause Relocate Start 0.011ms
[26.333s][info][gc,phases   ] GC(23) Concurrent Relocate 3.951ms
[26.333s][info][gc,load     ] GC(23) Load: 0.00/0.00/0.00
[26.333s][info][gc,mmu      ] GC(23) MMU: 2ms/99.0%, 5ms/99.6%, 10ms/99.7%, 20ms/99.8%, 50ms/99.9%, 100ms/100.0%
[26.333s][info][gc,marking  ] GC(23) Mark: 1 stripe(s), 2 proactive flush(es), 1 terminate flush(es), 0 completion(s), 0 continuation(s) 
[26.333s][info][gc,marking  ] GC(23) Mark Stack Usage: 32M
[26.333s][info][gc,nmethod  ] GC(23) NMethods: 1871 registered, 344 unregistered
[26.333s][info][gc,metaspace] GC(23) Metaspace: 9M used, 9M committed, 1088M reserved
[26.333s][info][gc,ref      ] GC(23) Soft: 214 encountered, 0 discovered, 0 enqueued
[26.333s][info][gc,ref      ] GC(23) Weak: 802 encountered, 186 discovered, 0 enqueued
[26.333s][info][gc,ref      ] GC(23) Final: 0 encountered, 0 discovered, 0 enqueued
[26.333s][info][gc,ref      ] GC(23) Phantom: 27 encountered, 14 discovered, 0 enqueued
[26.333s][info][gc,reloc    ] GC(23) Small Pages: 212 / 424M, Empty: 378M, Relocated: 1M, In-Place: 0
[26.333s][info][gc,reloc    ] GC(23) Medium Pages: 0 / 0M, Empty: 0M, Relocated: 0M, In-Place: 0
[26.333s][info][gc,reloc    ] GC(23) Large Pages: 0 / 0M, Empty: 0M, Relocated: 0M, In-Place: 0
[26.333s][info][gc,reloc    ] GC(23) Forwarding Usage: 0M
[26.333s][info][gc,heap     ] GC(23) Min Capacity: 8M(2%)
[26.333s][info][gc,heap     ] GC(23) Max Capacity: 512M(100%)
[26.333s][info][gc,heap     ] GC(23) Soft Max Capacity: 512M(100%)
[26.333s][info][gc,heap     ] GC(23)                Mark Start          Mark End        Relocate Start      Relocate End           High               Low         
[26.333s][info][gc,heap     ] GC(23)  Capacity:      512M (100%)        512M (100%)        512M (100%)        512M (100%)        512M (100%)        512M (100%)   
[26.333s][info][gc,heap     ] GC(23)      Free:       88M (17%)          78M (15%)         452M (88%)         490M (96%)         490M (96%)          76M (15%)    
[26.333s][info][gc,heap     ] GC(23)      Used:      424M (83%)         434M (85%)          60M (12%)          22M (4%)          436M (85%)          22M (4%)     
[26.333s][info][gc,heap     ] GC(23)      Live:         -                 6M (1%)            6M (1%)            6M (1%)             -                  -          
[26.333s][info][gc,heap     ] GC(23) Allocated:         -                10M (2%)           14M (3%)           13M (3%)             -                  -          
[26.333s][info][gc,heap     ] GC(23)   Garbage:         -               417M (82%)          39M (8%)            1M (0%)             -                  -          
[26.333s][info][gc,heap     ] GC(23) Reclaimed:         -                  -               378M (74%)         415M (81%)            -                  -          
[26.333s][info][gc          ] GC(23) Garbage Collection (Allocation Rate) 424M(83%)->22M(4%)
[27.380s][info][gc,start    ] GC(24) Garbage Collection (Proactive)
[27.380s][info][gc,task     ] GC(24) Using 5 workers
[27.380s][info][gc,phases   ] GC(24) Pause Mark Start 0.019ms
[27.396s][info][gc,phases   ] GC(24) Concurrent Mark 15.229ms
[27.396s][info][gc,phases   ] GC(24) Pause Mark End 0.018ms
[27.396s][info][gc,phases   ] GC(24) Concurrent Mark Free 0.001ms
[27.398s][info][gc,phases   ] GC(24) Concurrent Process Non-Strong References 1.572ms
[27.398s][info][gc,phases   ] GC(24) Concurrent Reset Relocation Set 0.004ms
[27.402s][info][gc,phases   ] GC(24) Concurrent Select Relocation Set 4.761ms
[27.403s][info][gc,phases   ] GC(24) Pause Relocate Start 0.010ms
[27.405s][info][gc,phases   ] GC(24) Concurrent Relocate 1.778ms
[27.405s][info][gc,load     ] GC(24) Load: 0.00/0.00/0.00
[27.405s][info][gc,mmu      ] GC(24) MMU: 2ms/99.0%, 5ms/99.6%, 10ms/99.7%, 20ms/99.8%, 50ms/99.9%, 100ms/100.0%
[27.405s][info][gc,marking  ] GC(24) Mark: 4 stripe(s), 2 proactive flush(es), 1 terminate flush(es), 0 completion(s), 0 continuation(s) 
[27.405s][info][gc,marking  ] GC(24) Mark Stack Usage: 32M
[27.405s][info][gc,nmethod  ] GC(24) NMethods: 1871 registered, 344 unregistered
[27.405s][info][gc,metaspace] GC(24) Metaspace: 9M used, 9M committed, 1088M reserved
[27.405s][info][gc,ref      ] GC(24) Soft: 214 encountered, 0 discovered, 0 enqueued
[27.405s][info][gc,ref      ] GC(24) Weak: 802 encountered, 13 discovered, 0 enqueued
[27.405s][info][gc,ref      ] GC(24) Final: 0 encountered, 0 discovered, 0 enqueued
[27.405s][info][gc,ref      ] GC(24) Phantom: 27 encountered, 22 discovered, 0 enqueued
[27.405s][info][gc,reloc    ] GC(24) Small Pages: 176 / 352M, Empty: 290M, Relocated: 1M, In-Place: 0
[27.405s][info][gc,reloc    ] GC(24) Medium Pages: 0 / 0M, Empty: 0M, Relocated: 0M, In-Place: 0
[27.405s][info][gc,reloc    ] GC(24) Large Pages: 0 / 0M, Empty: 0M, Relocated: 0M, In-Place: 0
[27.405s][info][gc,reloc    ] GC(24) Forwarding Usage: 0M
[27.405s][info][gc,heap     ] GC(24) Min Capacity: 8M(2%)
[27.405s][info][gc,heap     ] GC(24) Max Capacity: 512M(100%)
[27.405s][info][gc,heap     ] GC(24) Soft Max Capacity: 512M(100%)
[27.405s][info][gc,heap     ] GC(24)                Mark Start          Mark End        Relocate Start      Relocate End           High               Low         
[27.405s][info][gc,heap     ] GC(24)  Capacity:      512M (100%)        512M (100%)        512M (100%)        512M (100%)        512M (100%)        512M (100%)   
[27.405s][info][gc,heap     ] GC(24)      Free:      160M (31%)         154M (30%)         442M (86%)         488M (95%)         488M (95%)         154M (30%)    
[27.405s][info][gc,heap     ] GC(24)      Used:      352M (69%)         358M (70%)          70M (14%)          24M (5%)          358M (70%)          24M (5%)     
[27.405s][info][gc,heap     ] GC(24)      Live:         -                 6M (1%)            6M (1%)            6M (1%)             -                  -          
[27.405s][info][gc,heap     ] GC(24) Allocated:         -                 6M (1%)            8M (2%)            7M (2%)             -                  -          
[27.405s][info][gc,heap     ] GC(24)   Garbage:         -               345M (67%)          55M (11%)           9M (2%)             -                  -          
[27.405s][info][gc,heap     ] GC(24) Reclaimed:         -                  -               290M (57%)         335M (66%)            -                  -          
[27.405s][info][gc          ] GC(24) Garbage Collection (Proactive) 352M(69%)->24M(5%)
[28.689s][info][gc,start    ] GC(25) Garbage Collection (Allocation Rate)
[28.689s][info][gc,task     ] GC(25) Using 1 workers
[28.689s][info][gc,phases   ] GC(25) Pause Mark Start 0.017ms
[28.715s][info][gc,phases   ] GC(25) Concurrent Mark 25.911ms
[28.715s][info][gc,phases   ] GC(25) Pause Mark End 0.017ms
[28.715s][info][gc,phases   ] GC(25) Concurrent Mark Free 0.002ms
[28.722s][info][gc,phases   ] GC(25) Concurrent Process Non-Strong References 6.363ms
[28.722s][info][gc,phases   ] GC(25) Concurrent Reset Relocation Set 0.005ms
[28.726s][info][gc,phases   ] GC(25) Concurrent Select Relocation Set 3.887ms
[28.726s][info][gc,phases   ] GC(25) Pause Relocate Start 0.011ms
[28.729s][info][gc,phases   ] GC(25) Concurrent Relocate 2.934ms
[28.729s][info][gc,load     ] GC(25) Load: 0.00/0.00/0.00
[28.729s][info][gc,mmu      ] GC(25) MMU: 2ms/99.0%, 5ms/99.6%, 10ms/99.7%, 20ms/99.8%, 50ms/99.9%, 100ms/100.0%
[28.729s][info][gc,marking  ] GC(25) Mark: 1 stripe(s), 2 proactive flush(es), 1 terminate flush(es), 0 completion(s), 0 continuation(s) 
[28.729s][info][gc,marking  ] GC(25) Mark Stack Usage: 32M
[28.729s][info][gc,nmethod  ] GC(25) NMethods: 1871 registered, 344 unregistered
[28.729s][info][gc,metaspace] GC(25) Metaspace: 9M used, 9M committed, 1088M reserved
[28.729s][info][gc,ref      ] GC(25) Soft: 214 encountered, 0 discovered, 0 enqueued
[28.729s][info][gc,ref      ] GC(25) Weak: 802 encountered, 187 discovered, 0 enqueued
[28.729s][info][gc,ref      ] GC(25) Final: 0 encountered, 0 discovered, 0 enqueued
[28.729s][info][gc,ref      ] GC(25) Phantom: 27 encountered, 14 discovered, 0 enqueued
[28.729s][info][gc,reloc    ] GC(25) Small Pages: 214 / 428M, Empty: 344M, Relocated: 1M, In-Place: 0
[28.729s][info][gc,reloc    ] GC(25) Medium Pages: 0 / 0M, Empty: 0M, Relocated: 0M, In-Place: 0
[28.729s][info][gc,reloc    ] GC(25) Large Pages: 0 / 0M, Empty: 0M, Relocated: 0M, In-Place: 0
[28.729s][info][gc,reloc    ] GC(25) Forwarding Usage: 0M
[28.730s][info][gc,heap     ] GC(25) Min Capacity: 8M(2%)
[28.730s][info][gc,heap     ] GC(25) Max Capacity: 512M(100%)
[28.730s][info][gc,heap     ] GC(25) Soft Max Capacity: 512M(100%)
[28.730s][info][gc,heap     ] GC(25)                Mark Start          Mark End        Relocate Start      Relocate End           High               Low         
[28.730s][info][gc,heap     ] GC(25)  Capacity:      512M (100%)        512M (100%)        512M (100%)        512M (100%)        512M (100%)        512M (100%)   
[28.730s][info][gc,heap     ] GC(25)      Free:       84M (16%)          74M (14%)         414M (81%)         490M (96%)         490M (96%)          72M (14%)    
[28.730s][info][gc,heap     ] GC(25)      Used:      428M (84%)         438M (86%)          98M (19%)          22M (4%)          440M (86%)          22M (4%)     
[28.730s][info][gc,heap     ] GC(25)      Live:         -                 6M (1%)            6M (1%)            6M (1%)             -                  -          
[28.730s][info][gc,heap     ] GC(25) Allocated:         -                10M (2%)           14M (3%)           13M (3%)             -                  -          
[28.730s][info][gc,heap     ] GC(25)   Garbage:         -               421M (82%)          77M (15%)           1M (0%)             -                  -          
[28.730s][info][gc,heap     ] GC(25) Reclaimed:         -                  -               344M (67%)         419M (82%)            -                  -          
[28.730s][info][gc          ] GC(25) Garbage Collection (Allocation Rate) 428M(84%)->22M(4%)
[29.259s][info][gc,start    ] GC(26) Garbage Collection (System.gc())
[29.259s][info][gc,task     ] GC(26) Using 5 workers
[29.259s][info][gc,phases   ] GC(26) Pause Mark Start 0.017ms
[29.267s][info][gc,phases   ] GC(26) Concurrent Mark 7.244ms
[29.267s][info][gc,phases   ] GC(26) Pause Mark End 0.018ms
[29.267s][info][gc,phases   ] GC(26) Concurrent Mark Free 0.001ms
[29.269s][info][gc,phases   ] GC(26) Concurrent Process Non-Strong References 1.589ms
[29.269s][info][gc,phases   ] GC(26) Concurrent Reset Relocation Set 0.007ms
[29.272s][info][gc,phases   ] GC(26) Concurrent Select Relocation Set 3.672ms
[29.272s][info][gc,phases   ] GC(26) Pause Relocate Start 0.007ms
[29.274s][info][gc,phases   ] GC(26) Concurrent Relocate 1.755ms
[29.274s][info][gc,load     ] GC(26) Load: 0.00/0.00/0.00
[29.274s][info][gc,mmu      ] GC(26) MMU: 2ms/99.0%, 5ms/99.6%, 10ms/99.7%, 20ms/99.8%, 50ms/99.9%, 100ms/100.0%
[29.274s][info][gc,marking  ] GC(26) Mark: 4 stripe(s), 1 proactive flush(es), 1 terminate flush(es), 0 completion(s), 0 continuation(s) 
[29.274s][info][gc,marking  ] GC(26) Mark Stack Usage: 32M
[29.274s][info][gc,nmethod  ] GC(26) NMethods: 1871 registered, 345 unregistered
[29.275s][info][gc,metaspace] GC(26) Metaspace: 9M used, 9M committed, 1088M reserved
[29.275s][info][gc,ref      ] GC(26) Soft: 214 encountered, 0 discovered, 0 enqueued
[29.275s][info][gc,ref      ] GC(26) Weak: 802 encountered, 85 discovered, 0 enqueued
[29.275s][info][gc,ref      ] GC(26) Final: 0 encountered, 0 discovered, 0 enqueued
[29.275s][info][gc,ref      ] GC(26) Phantom: 27 encountered, 23 discovered, 0 enqueued
[29.275s][info][gc,reloc    ] GC(26) Small Pages: 93 / 186M, Empty: 172M, Relocated: 1M, In-Place: 0
[29.275s][info][gc,reloc    ] GC(26) Medium Pages: 0 / 0M, Empty: 0M, Relocated: 0M, In-Place: 0
[29.275s][info][gc,reloc    ] GC(26) Large Pages: 0 / 0M, Empty: 0M, Relocated: 0M, In-Place: 0
[29.275s][info][gc,reloc    ] GC(26) Forwarding Usage: 0M
[29.275s][info][gc,heap     ] GC(26) Min Capacity: 8M(2%)
[29.275s][info][gc,heap     ] GC(26) Max Capacity: 512M(100%)
[29.275s][info][gc,heap     ] GC(26) Soft Max Capacity: 512M(100%)
[29.275s][info][gc,heap     ] GC(26)                Mark Start          Mark End        Relocate Start      Relocate End           High               Low         
[29.275s][info][gc,heap     ] GC(26)  Capacity:      512M (100%)        512M (100%)        512M (100%)        512M (100%)        512M (100%)        512M (100%)   
[29.275s][info][gc,heap     ] GC(26)      Free:      326M (64%)         326M (64%)         498M (97%)         498M (97%)         498M (97%)         326M (64%)    
[29.275s][info][gc,heap     ] GC(26)      Used:      186M (36%)         186M (36%)          14M (3%)           14M (3%)          186M (36%)          14M (3%)     
[29.275s][info][gc,heap     ] GC(26)      Live:         -                 4M (1%)            4M (1%)            4M (1%)             -                  -          
[29.275s][info][gc,heap     ] GC(26) Allocated:         -                 0M (0%)            0M (0%)            0M (0%)             -                  -          
[29.275s][info][gc,heap     ] GC(26)   Garbage:         -               181M (35%)           9M (2%)            9M (2%)             -                  -          
[29.275s][info][gc,heap     ] GC(26) Reclaimed:         -                  -               172M (34%)         172M (34%)            -                  -          
[29.275s][info][gc          ] GC(26) Garbage Collection (System.gc()) 186M(36%)->14M(3%)
[30.087s][info][gc,stats    ] === Garbage Collection Statistics =======================================================================================================================
[30.087s][info][gc,stats    ]                                                              Last 10s              Last 10m              Last 10h                Total
[30.087s][info][gc,stats    ]                                                              Avg / Max             Avg / Max             Avg / Max             Avg / Max
[30.087s][info][gc,stats    ]   Collector: Garbage Collection Cycle                     36.016 / 54.690       40.065 / 57.234       40.065 / 57.234       40.065 / 57.234      ms
[30.087s][info][gc,stats    ]  Contention: Mark Segment Reset Contention                     0 / 2                 0 / 3                 0 / 3                 0 / 3           ops/s
[30.087s][info][gc,stats    ]  Contention: Mark SeqNum Reset Contention                      0 / 1                 0 / 1                 0 / 1                 0 / 1           ops/s
[30.087s][info][gc,stats    ]    Critical: Allocation Stall                                  0 / 0                 0 / 0                 0 / 0                 0 / 0           ops/s
[30.087s][info][gc,stats    ]    Critical: Allocation Stall                              0.000 / 0.000         0.000 / 0.000         0.000 / 0.000         0.000 / 0.000       ms
[30.087s][info][gc,stats    ]    Critical: GC Locker Stall                                   0 / 0                 0 / 0                 0 / 0                 0 / 0           ops/s
[30.087s][info][gc,stats    ]    Critical: GC Locker Stall                               0.000 / 0.000         0.000 / 0.000         0.000 / 0.000         0.000 / 0.000       ms
[30.087s][info][gc,stats    ]    Critical: Relocation Stall                                  0 / 0                 0 / 0                 0 / 0                 0 / 0           ops/s
[30.087s][info][gc,stats    ]    Critical: Relocation Stall                              0.000 / 0.000         0.000 / 0.000         0.000 / 0.000         0.000 / 0.000       ms
[30.087s][info][gc,stats    ]      Memory: Allocation Rate                                 317 / 324             304 / 328             304 / 328             304 / 328         MB/s
[30.087s][info][gc,stats    ]      Memory: Defragment                                        0 / 0                 0 / 0                 0 / 0                 0 / 0           ops/s
[30.088s][info][gc,stats    ]      Memory: Out Of Memory                                     0 / 0                 0 / 0                 0 / 0                 0 / 0           ops/s
[30.088s][info][gc,stats    ]      Memory: Page Cache Flush                                  0 / 0                 0 / 0                 0 / 0                 0 / 0           MB/s
[30.088s][info][gc,stats    ]      Memory: Page Cache Hit L1                               160 / 166             147 / 169             147 / 169             147 / 169         ops/s
[30.088s][info][gc,stats    ]      Memory: Page Cache Hit L2                                 0 / 0                 0 / 0                 0 / 0                 0 / 0           ops/s
[30.088s][info][gc,stats    ]      Memory: Page Cache Hit L3                                 0 / 6                 7 / 77                7 / 77                7 / 77          ops/s
[30.088s][info][gc,stats    ]      Memory: Page Cache Miss                                   0 / 0                 0 / 1                 0 / 1                 0 / 1           ops/s
[30.088s][info][gc,stats    ]      Memory: Uncommit                                          0 / 0                 0 / 0                 0 / 0                 0 / 0           MB/s
[30.088s][info][gc,stats    ]      Memory: Undo Object Allocation Failed                     0 / 3                 0 / 3                 0 / 3                 0 / 3           ops/s
[30.088s][info][gc,stats    ]      Memory: Undo Object Allocation Succeeded                  1 / 7                 0 / 7                 0 / 7                 0 / 7           ops/s
[30.088s][info][gc,stats    ]      Memory: Undo Page Allocation                              1 / 3                 1 / 10                1 / 10                1 / 10          ops/s
[30.088s][info][gc,stats    ]       Phase: Concurrent Mark                              21.665 / 32.489       23.963 / 38.107       23.963 / 38.107       23.963 / 38.107      ms
[30.088s][info][gc,stats    ]       Phase: Concurrent Mark Continue                      0.000 / 0.000         0.000 / 0.000         0.000 / 0.000         0.000 / 0.000       ms
[30.088s][info][gc,stats    ]       Phase: Concurrent Mark Free                          0.001 / 0.002         0.001 / 0.002         0.001 / 0.002         0.001 / 0.002       ms
[30.088s][info][gc,stats    ]       Phase: Concurrent Process Non-Strong References      4.314 / 7.216         4.574 / 7.613         4.574 / 7.613         4.574 / 7.613       ms
[30.088s][info][gc,stats    ]       Phase: Concurrent Relocate                           4.344 / 8.029         5.148 / 8.950         5.148 / 8.950         5.148 / 8.950       ms
[30.088s][info][gc,stats    ]       Phase: Concurrent Reset Relocation Set               0.006 / 0.015         0.006 / 0.015         0.006 / 0.015         0.006 / 0.015       ms
[30.088s][info][gc,stats    ]       Phase: Concurrent Select Relocation Set              4.612 / 6.939         5.294 / 14.681        5.294 / 14.681        5.294 / 14.681      ms
[30.088s][info][gc,stats    ]       Phase: Pause Mark End                                0.016 / 0.018         0.017 / 0.020         0.017 / 0.020         0.017 / 0.020       ms
[30.088s][info][gc,stats    ]       Phase: Pause Mark Start                              0.017 / 0.019         0.017 / 0.019         0.017 / 0.019         0.017 / 0.019       ms
[30.088s][info][gc,stats    ]       Phase: Pause Relocate Start                          0.008 / 0.011         0.008 / 0.011         0.008 / 0.011         0.008 / 0.011       ms
[30.088s][info][gc,stats    ]    Subphase: Concurrent Classes Purge                      0.015 / 0.033         0.086 / 0.583         0.086 / 0.583         0.086 / 0.583       ms
[30.088s][info][gc,stats    ]    Subphase: Concurrent Classes Unlink                     3.463 / 5.782         3.586 / 5.782         3.586 / 5.782         3.586 / 5.782       ms
[30.088s][info][gc,stats    ]    Subphase: Concurrent Mark                              13.512 / 30.256       16.274 / 34.990       16.274 / 34.990       16.274 / 34.990      ms
[30.088s][info][gc,stats    ]    Subphase: Concurrent Mark Try Flush                     0.053 / 0.098         0.057 / 0.187         0.057 / 0.187         0.057 / 0.187       ms
[30.088s][info][gc,stats    ]    Subphase: Concurrent Mark Try Terminate                 2.418 / 8.277         3.469 / 16.135        3.469 / 16.135        3.469 / 16.135      ms
[30.088s][info][gc,stats    ]    Subphase: Concurrent References Enqueue                 0.001 / 0.005         0.001 / 0.005         0.001 / 0.005         0.001 / 0.005       ms
[30.088s][info][gc,stats    ]    Subphase: Concurrent References Process                 0.044 / 0.056         0.059 / 0.114         0.059 / 0.114         0.059 / 0.114       ms
[30.088s][info][gc,stats    ]    Subphase: Concurrent Roots ClassLoaderDataGraph         0.154 / 0.416         0.199 / 0.631         0.199 / 0.631         0.199 / 0.631       ms
[30.089s][info][gc,stats    ]    Subphase: Concurrent Roots CodeCache                    0.000 / 0.000         0.000 / 0.000         0.000 / 0.000         0.000 / 0.000       ms
[30.089s][info][gc,stats    ]    Subphase: Concurrent Roots JavaThreads                  0.833 / 2.070         0.899 / 2.289         0.899 / 2.289         0.899 / 2.289       ms
[30.089s][info][gc,stats    ]    Subphase: Concurrent Roots OopStorageSet                0.029 / 0.072         0.041 / 0.136         0.041 / 0.136         0.041 / 0.136       ms
[30.089s][info][gc,stats    ]    Subphase: Concurrent Weak Roots OopStorageSet           0.365 / 1.301         0.404 / 1.768         0.404 / 1.768         0.404 / 1.768       ms
[30.089s][info][gc,stats    ]    Subphase: Pause Mark Try Complete                       0.000 / 0.000         0.000 / 0.000         0.000 / 0.000         0.000 / 0.000       ms
[30.089s][info][gc,stats    ]      System: Java Threads                                     30 / 32               29 / 35               29 / 35               29 / 35          threads
[30.089s][info][gc,stats    ] =========================================================================================================================================================
[30.485s][info][gc,start    ] GC(27) Garbage Collection (Proactive)
[30.485s][info][gc,task     ] GC(27) Using 5 workers
[30.486s][info][gc,phases   ] GC(27) Pause Mark Start 0.018ms
[30.501s][info][gc,phases   ] GC(27) Concurrent Mark 15.158ms
[30.501s][info][gc,phases   ] GC(27) Pause Mark End 0.017ms
[30.501s][info][gc,phases   ] GC(27) Concurrent Mark Free 0.001ms
[30.503s][info][gc,phases   ] GC(27) Concurrent Process Non-Strong References 1.695ms
[30.503s][info][gc,phases   ] GC(27) Concurrent Reset Relocation Set 0.001ms
[30.508s][info][gc,phases   ] GC(27) Concurrent Select Relocation Set 4.674ms
[30.508s][info][gc,phases   ] GC(27) Pause Relocate Start 0.009ms
[30.511s][info][gc,phases   ] GC(27) Concurrent Relocate 2.693ms
[30.511s][info][gc,load     ] GC(27) Load: 0.00/0.00/0.00
[30.511s][info][gc,mmu      ] GC(27) MMU: 2ms/99.0%, 5ms/99.6%, 10ms/99.7%, 20ms/99.8%, 50ms/99.9%, 100ms/100.0%
[30.511s][info][gc,marking  ] GC(27) Mark: 4 stripe(s), 2 proactive flush(es), 1 terminate flush(es), 0 completion(s), 0 continuation(s) 
[30.511s][info][gc,marking  ] GC(27) Mark Stack Usage: 32M
[30.511s][info][gc,nmethod  ] GC(27) NMethods: 1878 registered, 348 unregistered
[30.511s][info][gc,metaspace] GC(27) Metaspace: 9M used, 9M committed, 1088M reserved
[30.511s][info][gc,ref      ] GC(27) Soft: 214 encountered, 0 discovered, 0 enqueued
[30.511s][info][gc,ref      ] GC(27) Weak: 809 encountered, 7 discovered, 3 enqueued
[30.511s][info][gc,ref      ] GC(27) Final: 0 encountered, 0 discovered, 0 enqueued
[30.511s][info][gc,ref      ] GC(27) Phantom: 27 encountered, 18 discovered, 0 enqueued
[30.511s][info][gc,reloc    ] GC(27) Small Pages: 195 / 390M, Empty: 240M, Relocated: 2M, In-Place: 0
[30.511s][info][gc,reloc    ] GC(27) Medium Pages: 0 / 0M, Empty: 0M, Relocated: 0M, In-Place: 0
[30.511s][info][gc,reloc    ] GC(27) Large Pages: 0 / 0M, Empty: 0M, Relocated: 0M, In-Place: 0
[30.511s][info][gc,reloc    ] GC(27) Forwarding Usage: 0M
[30.511s][info][gc,heap     ] GC(27) Min Capacity: 8M(2%)
[30.511s][info][gc,heap     ] GC(27) Max Capacity: 512M(100%)
[30.511s][info][gc,heap     ] GC(27) Soft Max Capacity: 512M(100%)
[30.511s][info][gc,heap     ] GC(27)                Mark Start          Mark End        Relocate Start      Relocate End           High               Low         
[30.511s][info][gc,heap     ] GC(27)  Capacity:      512M (100%)        512M (100%)        512M (100%)        512M (100%)        512M (100%)        512M (100%)   
[30.511s][info][gc,heap     ] GC(27)      Free:      122M (24%)         116M (23%)         354M (69%)         488M (95%)         488M (95%)         116M (23%)    
[30.511s][info][gc,heap     ] GC(27)      Used:      390M (76%)         396M (77%)         158M (31%)          24M (5%)          396M (77%)          24M (5%)     
[30.511s][info][gc,heap     ] GC(27)      Live:         -                 6M (1%)            6M (1%)            6M (1%)             -                  -          
[30.511s][info][gc,heap     ] GC(27) Allocated:         -                 6M (1%)            8M (2%)            9M (2%)             -                  -          
[30.511s][info][gc,heap     ] GC(27)   Garbage:         -               383M (75%)         143M (28%)           7M (2%)             -                  -          
[30.511s][info][gc,heap     ] GC(27) Reclaimed:         -                  -               240M (47%)         375M (73%)            -                  -          
[30.511s][info][gc          ] GC(27) Garbage Collection (Proactive) 390M(76%)->24M(5%)
[31.782s][info][gc,start    ] GC(28) Garbage Collection (Allocation Rate)
[31.782s][info][gc,task     ] GC(28) Using 1 workers
[31.782s][info][gc,phases   ] GC(28) Pause Mark Start 0.017ms
[31.812s][info][gc,phases   ] GC(28) Concurrent Mark 29.722ms
[31.812s][info][gc,phases   ] GC(28) Pause Mark End 0.018ms
[31.812s][info][gc,phases   ] GC(28) Concurrent Mark Free 0.001ms
[31.819s][info][gc,phases   ] GC(28) Concurrent Process Non-Strong References 6.839ms
[31.819s][info][gc,phases   ] GC(28) Concurrent Reset Relocation Set 0.014ms
[31.823s][info][gc,phases   ] GC(28) Concurrent Select Relocation Set 3.868ms
[31.823s][info][gc,phases   ] GC(28) Pause Relocate Start 0.009ms
[31.828s][info][gc,phases   ] GC(28) Concurrent Relocate 4.592ms
[31.828s][info][gc,load     ] GC(28) Load: 0.00/0.00/0.00
[31.828s][info][gc,mmu      ] GC(28) MMU: 2ms/99.0%, 5ms/99.6%, 10ms/99.7%, 20ms/99.8%, 50ms/99.9%, 100ms/100.0%
[31.828s][info][gc,marking  ] GC(28) Mark: 1 stripe(s), 2 proactive flush(es), 1 terminate flush(es), 0 completion(s), 0 continuation(s) 
[31.828s][info][gc,marking  ] GC(28) Mark Stack Usage: 32M
[31.828s][info][gc,nmethod  ] GC(28) NMethods: 1878 registered, 348 unregistered
[31.828s][info][gc,metaspace] GC(28) Metaspace: 9M used, 9M committed, 1088M reserved
[31.828s][info][gc,ref      ] GC(28) Soft: 214 encountered, 0 discovered, 0 enqueued
[31.828s][info][gc,ref      ] GC(28) Weak: 806 encountered, 188 discovered, 0 enqueued
[31.828s][info][gc,ref      ] GC(28) Final: 0 encountered, 0 discovered, 0 enqueued
[31.828s][info][gc,ref      ] GC(28) Phantom: 27 encountered, 14 discovered, 0 enqueued
[31.828s][info][gc,reloc    ] GC(28) Small Pages: 211 / 422M, Empty: 300M, Relocated: 1M, In-Place: 0
[31.828s][info][gc,reloc    ] GC(28) Medium Pages: 0 / 0M, Empty: 0M, Relocated: 0M, In-Place: 0
[31.828s][info][gc,reloc    ] GC(28) Large Pages: 0 / 0M, Empty: 0M, Relocated: 0M, In-Place: 0
[31.828s][info][gc,reloc    ] GC(28) Forwarding Usage: 0M
[31.828s][info][gc,heap     ] GC(28) Min Capacity: 8M(2%)
[31.828s][info][gc,heap     ] GC(28) Max Capacity: 512M(100%)
[31.828s][info][gc,heap     ] GC(28) Soft Max Capacity: 512M(100%)
[31.828s][info][gc,heap     ] GC(28)                Mark Start          Mark End        Relocate Start      Relocate End           High               Low         
[31.828s][info][gc,heap     ] GC(28)  Capacity:      512M (100%)        512M (100%)        512M (100%)        512M (100%)        512M (100%)        512M (100%)   
[31.828s][info][gc,heap     ] GC(28)      Free:       90M (18%)          80M (16%)         376M (73%)         488M (95%)         488M (95%)          78M (15%)    
[31.828s][info][gc,heap     ] GC(28)      Used:      422M (82%)         432M (84%)         136M (27%)          24M (5%)          434M (85%)          24M (5%)     
[31.828s][info][gc,heap     ] GC(28)      Live:         -                 6M (1%)            6M (1%)            6M (1%)             -                  -          
[31.828s][info][gc,heap     ] GC(28) Allocated:         -                10M (2%)           14M (3%)           15M (3%)             -                  -          
[31.828s][info][gc,heap     ] GC(28)   Garbage:         -               415M (81%)         115M (23%)           1M (0%)             -                  -          
[31.829s][info][gc,heap     ] GC(28) Reclaimed:         -                  -               300M (59%)         413M (81%)            -                  -          
[31.829s][info][gc          ] GC(28) Garbage Collection (Allocation Rate) 422M(82%)->24M(5%)
[33.078s][info][gc,start    ] GC(29) Garbage Collection (Allocation Rate)
[33.078s][info][gc,task     ] GC(29) Using 1 workers
[33.078s][info][gc,phases   ] GC(29) Pause Mark Start 0.018ms
[33.105s][info][gc,phases   ] GC(29) Concurrent Mark 26.471ms
[33.105s][info][gc,phases   ] GC(29) Pause Mark End 0.019ms
[33.105s][info][gc,phases   ] GC(29) Concurrent Mark Free 0.001ms
[33.112s][info][gc,phases   ] GC(29) Concurrent Process Non-Strong References 6.532ms
[33.112s][info][gc,phases   ] GC(29) Concurrent Reset Relocation Set 0.011ms
[33.116s][info][gc,phases   ] GC(29) Concurrent Select Relocation Set 3.854ms
[33.116s][info][gc,phases   ] GC(29) Pause Relocate Start 0.010ms
[33.119s][info][gc,phases   ] GC(29) Concurrent Relocate 2.950ms
[33.119s][info][gc,load     ] GC(29) Load: 0.00/0.00/0.00
[33.119s][info][gc,mmu      ] GC(29) MMU: 2ms/99.0%, 5ms/99.6%, 10ms/99.7%, 20ms/99.8%, 50ms/99.9%, 100ms/100.0%
[33.119s][info][gc,marking  ] GC(29) Mark: 1 stripe(s), 2 proactive flush(es), 1 terminate flush(es), 0 completion(s), 0 continuation(s) 
[33.119s][info][gc,marking  ] GC(29) Mark Stack Usage: 32M
[33.119s][info][gc,nmethod  ] GC(29) NMethods: 1878 registered, 348 unregistered
[33.119s][info][gc,metaspace] GC(29) Metaspace: 9M used, 9M committed, 1088M reserved
[33.119s][info][gc,ref      ] GC(29) Soft: 214 encountered, 0 discovered, 0 enqueued
[33.119s][info][gc,ref      ] GC(29) Weak: 806 encountered, 189 discovered, 0 enqueued
[33.119s][info][gc,ref      ] GC(29) Final: 0 encountered, 0 discovered, 0 enqueued
[33.119s][info][gc,ref      ] GC(29) Phantom: 27 encountered, 14 discovered, 0 enqueued
[33.119s][info][gc,reloc    ] GC(29) Small Pages: 213 / 426M, Empty: 310M, Relocated: 1M, In-Place: 0
[33.119s][info][gc,reloc    ] GC(29) Medium Pages: 0 / 0M, Empty: 0M, Relocated: 0M, In-Place: 0
[33.119s][info][gc,reloc    ] GC(29) Large Pages: 0 / 0M, Empty: 0M, Relocated: 0M, In-Place: 0
[33.119s][info][gc,reloc    ] GC(29) Forwarding Usage: 0M
[33.120s][info][gc,heap     ] GC(29) Min Capacity: 8M(2%)
[33.120s][info][gc,heap     ] GC(29) Max Capacity: 512M(100%)
[33.120s][info][gc,heap     ] GC(29) Soft Max Capacity: 512M(100%)
[33.120s][info][gc,heap     ] GC(29)                Mark Start          Mark End        Relocate Start      Relocate End           High               Low         
[33.120s][info][gc,heap     ] GC(29)  Capacity:      512M (100%)        512M (100%)        512M (100%)        512M (100%)        512M (100%)        512M (100%)   
[33.120s][info][gc,heap     ] GC(29)      Free:       86M (17%)          76M (15%)         384M (75%)         490M (96%)         490M (96%)          74M (14%)    
[33.120s][info][gc,heap     ] GC(29)      Used:      426M (83%)         436M (85%)         128M (25%)          22M (4%)          438M (86%)          22M (4%)     
[33.120s][info][gc,heap     ] GC(29)      Live:         -                 6M (1%)            6M (1%)            6M (1%)             -                  -          
[33.120s][info][gc,heap     ] GC(29) Allocated:         -                10M (2%)           12M (2%)           13M (3%)             -                  -          
[33.120s][info][gc,heap     ] GC(29)   Garbage:         -               419M (82%)         109M (21%)           1M (0%)             -                  -          
[33.120s][info][gc,heap     ] GC(29) Reclaimed:         -                  -               310M (61%)         417M (82%)            -                  -          
[33.120s][info][gc          ] GC(29) Garbage Collection (Allocation Rate) 426M(83%)->22M(4%)
[34.389s][info][gc,start    ] GC(30) Garbage Collection (Allocation Rate)
[34.389s][info][gc,task     ] GC(30) Using 1 workers
[34.390s][info][gc,phases   ] GC(30) Pause Mark Start 0.018ms
[34.418s][info][gc,phases   ] GC(30) Concurrent Mark 28.543ms
[34.419s][info][gc,phases   ] GC(30) Pause Mark End 0.016ms
[34.419s][info][gc,phases   ] GC(30) Concurrent Mark Free 0.002ms
[34.425s][info][gc,phases   ] GC(30) Concurrent Process Non-Strong References 6.582ms
[34.425s][info][gc,phases   ] GC(30) Concurrent Reset Relocation Set 0.009ms
[34.429s][info][gc,phases   ] GC(30) Concurrent Select Relocation Set 3.852ms
[34.429s][info][gc,phases   ] GC(30) Pause Relocate Start 0.008ms
[34.433s][info][gc,phases   ] GC(30) Concurrent Relocate 3.245ms
[34.433s][info][gc,load     ] GC(30) Load: 0.00/0.00/0.00
[34.433s][info][gc,mmu      ] GC(30) MMU: 2ms/99.0%, 5ms/99.6%, 10ms/99.7%, 20ms/99.8%, 50ms/99.9%, 100ms/100.0%
[34.433s][info][gc,marking  ] GC(30) Mark: 1 stripe(s), 2 proactive flush(es), 1 terminate flush(es), 0 completion(s), 0 continuation(s) 
[34.433s][info][gc,marking  ] GC(30) Mark Stack Usage: 32M
[34.433s][info][gc,nmethod  ] GC(30) NMethods: 1878 registered, 348 unregistered
[34.433s][info][gc,metaspace] GC(30) Metaspace: 9M used, 9M committed, 1088M reserved
[34.433s][info][gc,ref      ] GC(30) Soft: 214 encountered, 0 discovered, 0 enqueued
[34.433s][info][gc,ref      ] GC(30) Weak: 806 encountered, 188 discovered, 0 enqueued
[34.433s][info][gc,ref      ] GC(30) Final: 0 encountered, 0 discovered, 0 enqueued
[34.433s][info][gc,ref      ] GC(30) Phantom: 27 encountered, 14 discovered, 0 enqueued
[34.433s][info][gc,reloc    ] GC(30) Small Pages: 215 / 430M, Empty: 318M, Relocated: 1M, In-Place: 0
[34.433s][info][gc,reloc    ] GC(30) Medium Pages: 0 / 0M, Empty: 0M, Relocated: 0M, In-Place: 0
[34.433s][info][gc,reloc    ] GC(30) Large Pages: 0 / 0M, Empty: 0M, Relocated: 0M, In-Place: 0
[34.433s][info][gc,reloc    ] GC(30) Forwarding Usage: 0M
[34.433s][info][gc,heap     ] GC(30) Min Capacity: 8M(2%)
[34.433s][info][gc,heap     ] GC(30) Max Capacity: 512M(100%)
[34.433s][info][gc,heap     ] GC(30) Soft Max Capacity: 512M(100%)
[34.433s][info][gc,heap     ] GC(30)                Mark Start          Mark End        Relocate Start      Relocate End           High               Low         
[34.433s][info][gc,heap     ] GC(30)  Capacity:      512M (100%)        512M (100%)        512M (100%)        512M (100%)        512M (100%)        512M (100%)   
[34.433s][info][gc,heap     ] GC(30)      Free:       82M (16%)          72M (14%)         386M (75%)         488M (95%)         488M (95%)          68M (13%)    
[34.433s][info][gc,heap     ] GC(30)      Used:      430M (84%)         440M (86%)         126M (25%)          24M (5%)          444M (87%)          24M (5%)     
[34.433s][info][gc,heap     ] GC(30)      Live:         -                 6M (1%)            6M (1%)            6M (1%)             -                  -          
[34.434s][info][gc,heap     ] GC(30) Allocated:         -                10M (2%)           14M (3%)           15M (3%)             -                  -          
[34.434s][info][gc,heap     ] GC(30)   Garbage:         -               423M (83%)         105M (21%)           1M (0%)             -                  -          
[34.434s][info][gc,heap     ] GC(30) Reclaimed:         -                  -               318M (62%)         421M (82%)            -                  -          
[34.434s][info][gc          ] GC(30) Garbage Collection (Allocation Rate) 430M(84%)->24M(5%)
[35.389s][info][gc,start    ] GC(31) Garbage Collection (Proactive)
[35.389s][info][gc,task     ] GC(31) Using 5 workers
[35.389s][info][gc,phases   ] GC(31) Pause Mark Start 0.017ms
[35.405s][info][gc,phases   ] GC(31) Concurrent Mark 15.236ms
[35.405s][info][gc,phases   ] GC(31) Pause Mark End 0.019ms
[35.405s][info][gc,phases   ] GC(31) Concurrent Mark Free 0.001ms
[35.407s][info][gc,phases   ] GC(31) Concurrent Process Non-Strong References 1.648ms
[35.407s][info][gc,phases   ] GC(31) Concurrent Reset Relocation Set 0.008ms
[35.410s][info][gc,phases   ] GC(31) Concurrent Select Relocation Set 3.756ms
[35.411s][info][gc,phases   ] GC(31) Pause Relocate Start 0.009ms
[35.413s][info][gc,phases   ] GC(31) Concurrent Relocate 1.818ms
[35.413s][info][gc,load     ] GC(31) Load: 0.00/0.00/0.00
[35.413s][info][gc,mmu      ] GC(31) MMU: 2ms/99.0%, 5ms/99.6%, 10ms/99.7%, 20ms/99.8%, 50ms/99.9%, 100ms/100.0%
[35.413s][info][gc,marking  ] GC(31) Mark: 4 stripe(s), 2 proactive flush(es), 1 terminate flush(es), 0 completion(s), 0 continuation(s) 
[35.413s][info][gc,marking  ] GC(31) Mark Stack Usage: 32M
[35.413s][info][gc,nmethod  ] GC(31) NMethods: 1877 registered, 349 unregistered
[35.413s][info][gc,metaspace] GC(31) Metaspace: 9M used, 9M committed, 1088M reserved
[35.413s][info][gc,ref      ] GC(31) Soft: 214 encountered, 0 discovered, 0 enqueued
[35.413s][info][gc,ref      ] GC(31) Weak: 806 encountered, 53 discovered, 0 enqueued
[35.413s][info][gc,ref      ] GC(31) Final: 0 encountered, 0 discovered, 0 enqueued
[35.413s][info][gc,ref      ] GC(31) Phantom: 27 encountered, 22 discovered, 0 enqueued
[35.413s][info][gc,reloc    ] GC(31) Small Pages: 161 / 322M, Empty: 264M, Relocated: 1M, In-Place: 0
[35.413s][info][gc,reloc    ] GC(31) Medium Pages: 0 / 0M, Empty: 0M, Relocated: 0M, In-Place: 0
[35.413s][info][gc,reloc    ] GC(31) Large Pages: 0 / 0M, Empty: 0M, Relocated: 0M, In-Place: 0
[35.413s][info][gc,reloc    ] GC(31) Forwarding Usage: 0M
[35.413s][info][gc,heap     ] GC(31) Min Capacity: 8M(2%)
[35.413s][info][gc,heap     ] GC(31) Max Capacity: 512M(100%)
[35.413s][info][gc,heap     ] GC(31) Soft Max Capacity: 512M(100%)
[35.413s][info][gc,heap     ] GC(31)                Mark Start          Mark End        Relocate Start      Relocate End           High               Low         
[35.413s][info][gc,heap     ] GC(31)  Capacity:      512M (100%)        512M (100%)        512M (100%)        512M (100%)        512M (100%)        512M (100%)   
[35.413s][info][gc,heap     ] GC(31)      Free:      190M (37%)         184M (36%)         446M (87%)         488M (95%)         488M (95%)         184M (36%)    
[35.413s][info][gc,heap     ] GC(31)      Used:      322M (63%)         328M (64%)          66M (13%)          24M (5%)          328M (64%)          24M (5%)     
[35.413s][info][gc,heap     ] GC(31)      Live:         -                 6M (1%)            6M (1%)            6M (1%)             -                  -          
[35.413s][info][gc,heap     ] GC(31) Allocated:         -                 6M (1%)            8M (2%)            7M (2%)             -                  -          
[35.413s][info][gc,heap     ] GC(31)   Garbage:         -               315M (62%)          51M (10%)           9M (2%)             -                  -          
[35.414s][info][gc,heap     ] GC(31) Reclaimed:         -                  -               264M (52%)         305M (60%)            -                  -          
[35.414s][info][gc          ] GC(31) Garbage Collection (Proactive) 322M(63%)->24M(5%)
[36.202s][info][gc,start    ] GC(32) Garbage Collection (System.gc())
[36.202s][info][gc,task     ] GC(32) Using 5 workers
[36.202s][info][gc,phases   ] GC(32) Pause Mark Start 0.017ms
[36.216s][info][gc,phases   ] GC(32) Concurrent Mark 13.367ms
[36.216s][info][gc,phases   ] GC(32) Pause Mark End 0.015ms
[36.216s][info][gc,phases   ] GC(32) Concurrent Mark Free 0.001ms
[36.218s][info][gc,phases   ] GC(32) Concurrent Process Non-Strong References 1.604ms
[36.218s][info][gc,phases   ] GC(32) Concurrent Reset Relocation Set 0.005ms
[36.221s][info][gc,phases   ] GC(32) Concurrent Select Relocation Set 3.781ms
[36.221s][info][gc,phases   ] GC(32) Pause Relocate Start 0.009ms
[36.223s][info][gc,phases   ] GC(32) Concurrent Relocate 1.849ms
[36.223s][info][gc,load     ] GC(32) Load: 0.00/0.00/0.00
[36.223s][info][gc,mmu      ] GC(32) MMU: 2ms/99.0%, 5ms/99.6%, 10ms/99.7%, 20ms/99.8%, 50ms/99.9%, 100ms/100.0%
[36.224s][info][gc,marking  ] GC(32) Mark: 4 stripe(s), 1 proactive flush(es), 1 terminate flush(es), 0 completion(s), 0 continuation(s) 
[36.224s][info][gc,marking  ] GC(32) Mark Stack Usage: 32M
[36.224s][info][gc,nmethod  ] GC(32) NMethods: 1877 registered, 349 unregistered
[36.224s][info][gc,metaspace] GC(32) Metaspace: 9M used, 9M committed, 1088M reserved
[36.224s][info][gc,ref      ] GC(32) Soft: 214 encountered, 0 discovered, 0 enqueued
[36.224s][info][gc,ref      ] GC(32) Weak: 806 encountered, 5 discovered, 0 enqueued
[36.224s][info][gc,ref      ] GC(32) Final: 0 encountered, 0 discovered, 0 enqueued
[36.224s][info][gc,ref      ] GC(32) Phantom: 27 encountered, 12 discovered, 0 enqueued
[36.224s][info][gc,reloc    ] GC(32) Small Pages: 130 / 260M, Empty: 244M, Relocated: 1M, In-Place: 0
[36.224s][info][gc,reloc    ] GC(32) Medium Pages: 0 / 0M, Empty: 0M, Relocated: 0M, In-Place: 0
[36.224s][info][gc,reloc    ] GC(32) Large Pages: 0 / 0M, Empty: 0M, Relocated: 0M, In-Place: 0
[36.224s][info][gc,reloc    ] GC(32) Forwarding Usage: 0M
[36.224s][info][gc,heap     ] GC(32) Min Capacity: 8M(2%)
[36.224s][info][gc,heap     ] GC(32) Max Capacity: 512M(100%)
[36.224s][info][gc,heap     ] GC(32) Soft Max Capacity: 512M(100%)
[36.224s][info][gc,heap     ] GC(32)                Mark Start          Mark End        Relocate Start      Relocate End           High               Low         
[36.224s][info][gc,heap     ] GC(32)  Capacity:      512M (100%)        512M (100%)        512M (100%)        512M (100%)        512M (100%)        512M (100%)   
[36.224s][info][gc,heap     ] GC(32)      Free:      252M (49%)         252M (49%)         496M (97%)         498M (97%)         498M (97%)         252M (49%)    
[36.224s][info][gc,heap     ] GC(32)      Used:      260M (51%)         260M (51%)          16M (3%)           14M (3%)          260M (51%)          14M (3%)     
[36.224s][info][gc,heap     ] GC(32)      Live:         -                 4M (1%)            4M (1%)            4M (1%)             -                  -          
[36.224s][info][gc,heap     ] GC(32) Allocated:         -                 0M (0%)            0M (0%)            0M (0%)             -                  -          
[36.224s][info][gc,heap     ] GC(32)   Garbage:         -               255M (50%)          11M (2%)            9M (2%)             -                  -          
[36.224s][info][gc,heap     ] GC(32) Reclaimed:         -                  -               244M (48%)         246M (48%)            -                  -          
[36.224s][info][gc          ] GC(32) Garbage Collection (System.gc()) 260M(51%)->14M(3%)
[37.480s][info][gc,start    ] GC(33) Garbage Collection (Allocation Rate)
[37.480s][info][gc,task     ] GC(33) Using 1 workers
[37.480s][info][gc,phases   ] GC(33) Pause Mark Start 0.018ms
[37.509s][info][gc,phases   ] GC(33) Concurrent Mark 29.373ms
[37.510s][info][gc,phases   ] GC(33) Pause Mark End 0.014ms
[37.510s][info][gc,phases   ] GC(33) Concurrent Mark Free 0.002ms
[37.517s][info][gc,phases   ] GC(33) Concurrent Process Non-Strong References 6.807ms
[37.517s][info][gc,phases   ] GC(33) Concurrent Reset Relocation Set 0.003ms
[37.521s][info][gc,phases   ] GC(33) Concurrent Select Relocation Set 3.798ms
[37.521s][info][gc,phases   ] GC(33) Pause Relocate Start 0.004ms
[37.525s][info][gc,phases   ] GC(33) Concurrent Relocate 4.725ms
[37.526s][info][gc,load     ] GC(33) Load: 0.00/0.00/0.00
[37.526s][info][gc,mmu      ] GC(33) MMU: 2ms/99.0%, 5ms/99.6%, 10ms/99.7%, 20ms/99.8%, 50ms/99.9%, 100ms/100.0%
[37.526s][info][gc,marking  ] GC(33) Mark: 1 stripe(s), 2 proactive flush(es), 1 terminate flush(es), 0 completion(s), 0 continuation(s) 
[37.526s][info][gc,marking  ] GC(33) Mark Stack Usage: 32M
[37.526s][info][gc,nmethod  ] GC(33) NMethods: 1879 registered, 349 unregistered
[37.526s][info][gc,metaspace] GC(33) Metaspace: 9M used, 9M committed, 1088M reserved
[37.526s][info][gc,ref      ] GC(33) Soft: 214 encountered, 0 discovered, 0 enqueued
[37.526s][info][gc,ref      ] GC(33) Weak: 806 encountered, 189 discovered, 0 enqueued
[37.526s][info][gc,ref      ] GC(33) Final: 0 encountered, 0 discovered, 0 enqueued
[37.526s][info][gc,ref      ] GC(33) Phantom: 27 encountered, 14 discovered, 0 enqueued
[37.526s][info][gc,reloc    ] GC(33) Small Pages: 205 / 410M, Empty: 258M, Relocated: 1M, In-Place: 0
[37.526s][info][gc,reloc    ] GC(33) Medium Pages: 0 / 0M, Empty: 0M, Relocated: 0M, In-Place: 0
[37.526s][info][gc,reloc    ] GC(33) Large Pages: 0 / 0M, Empty: 0M, Relocated: 0M, In-Place: 0
[37.526s][info][gc,reloc    ] GC(33) Forwarding Usage: 0M
[37.526s][info][gc,heap     ] GC(33) Min Capacity: 8M(2%)
[37.526s][info][gc,heap     ] GC(33) Max Capacity: 512M(100%)
[37.526s][info][gc,heap     ] GC(33) Soft Max Capacity: 512M(100%)
[37.526s][info][gc,heap     ] GC(33)                Mark Start          Mark End        Relocate Start      Relocate End           High               Low         
[37.526s][info][gc,heap     ] GC(33)  Capacity:      512M (100%)        512M (100%)        512M (100%)        512M (100%)        512M (100%)        512M (100%)   
[37.526s][info][gc,heap     ] GC(33)      Free:      102M (20%)          90M (18%)         346M (68%)         488M (95%)         488M (95%)          88M (17%)    
[37.526s][info][gc,heap     ] GC(33)      Used:      410M (80%)         422M (82%)         166M (32%)          24M (5%)          424M (83%)          24M (5%)     
[37.526s][info][gc,heap     ] GC(33)      Live:         -                 6M (1%)            6M (1%)            6M (1%)             -                  -          
[37.526s][info][gc,heap     ] GC(33) Allocated:         -                12M (2%)           14M (3%)           15M (3%)             -                  -          
[37.526s][info][gc,heap     ] GC(33)   Garbage:         -               403M (79%)         145M (28%)           1M (0%)             -                  -          
[37.526s][info][gc,heap     ] GC(33) Reclaimed:         -                  -               258M (50%)         401M (79%)            -                  -          
[37.526s][info][gc          ] GC(33) Garbage Collection (Allocation Rate) 410M(80%)->24M(5%)
[38.791s][info][gc,start    ] GC(34) Garbage Collection (Allocation Rate)
[38.791s][info][gc,task     ] GC(34) Using 1 workers
[38.791s][info][gc,phases   ] GC(34) Pause Mark Start 0.018ms
[38.817s][info][gc,phases   ] GC(34) Concurrent Mark 26.388ms
[38.818s][info][gc,phases   ] GC(34) Pause Mark End 0.017ms
[38.818s][info][gc,phases   ] GC(34) Concurrent Mark Free 0.002ms
[38.824s][info][gc,phases   ] GC(34) Concurrent Process Non-Strong References 6.227ms
[38.824s][info][gc,phases   ] GC(34) Concurrent Reset Relocation Set 0.011ms
[38.828s][info][gc,phases   ] GC(34) Concurrent Select Relocation Set 3.920ms
[38.828s][info][gc,phases   ] GC(34) Pause Relocate Start 0.009ms
[38.831s][info][gc,phases   ] GC(34) Concurrent Relocate 3.182ms
[38.831s][info][gc,load     ] GC(34) Load: 0.00/0.00/0.00
[38.831s][info][gc,mmu      ] GC(34) MMU: 2ms/99.0%, 5ms/99.6%, 10ms/99.7%, 20ms/99.8%, 50ms/99.9%, 100ms/100.0%
[38.831s][info][gc,marking  ] GC(34) Mark: 1 stripe(s), 2 proactive flush(es), 1 terminate flush(es), 0 completion(s), 0 continuation(s) 
[38.832s][info][gc,marking  ] GC(34) Mark Stack Usage: 32M
[38.832s][info][gc,nmethod  ] GC(34) NMethods: 1879 registered, 349 unregistered
[38.832s][info][gc,metaspace] GC(34) Metaspace: 9M used, 9M committed, 1088M reserved
[38.832s][info][gc,ref      ] GC(34) Soft: 214 encountered, 0 discovered, 0 enqueued
[38.832s][info][gc,ref      ] GC(34) Weak: 806 encountered, 188 discovered, 0 enqueued
[38.832s][info][gc,ref      ] GC(34) Final: 0 encountered, 0 discovered, 0 enqueued
[38.832s][info][gc,ref      ] GC(34) Phantom: 27 encountered, 14 discovered, 0 enqueued
[38.832s][info][gc,reloc    ] GC(34) Small Pages: 206 / 412M, Empty: 306M, Relocated: 1M, In-Place: 0
[38.832s][info][gc,reloc    ] GC(34) Medium Pages: 0 / 0M, Empty: 0M, Relocated: 0M, In-Place: 0
[38.832s][info][gc,reloc    ] GC(34) Large Pages: 0 / 0M, Empty: 0M, Relocated: 0M, In-Place: 0
[38.832s][info][gc,reloc    ] GC(34) Forwarding Usage: 0M
[38.832s][info][gc,heap     ] GC(34) Min Capacity: 8M(2%)
[38.832s][info][gc,heap     ] GC(34) Max Capacity: 512M(100%)
[38.832s][info][gc,heap     ] GC(34) Soft Max Capacity: 512M(100%)
[38.832s][info][gc,heap     ] GC(34)                Mark Start          Mark End        Relocate Start      Relocate End           High               Low         
[38.832s][info][gc,heap     ] GC(34)  Capacity:      512M (100%)        512M (100%)        512M (100%)        512M (100%)        512M (100%)        512M (100%)   
[38.832s][info][gc,heap     ] GC(34)      Free:      100M (20%)          90M (18%)         392M (77%)         490M (96%)         490M (96%)          88M (17%)    
[38.832s][info][gc,heap     ] GC(34)      Used:      412M (80%)         422M (82%)         120M (23%)          22M (4%)          424M (83%)          22M (4%)     
[38.832s][info][gc,heap     ] GC(34)      Live:         -                 6M (1%)            6M (1%)            6M (1%)             -                  -          
[38.832s][info][gc,heap     ] GC(34) Allocated:         -                10M (2%)           14M (3%)           13M (3%)             -                  -          
[38.832s][info][gc,heap     ] GC(34)   Garbage:         -               405M (79%)          99M (19%)           1M (0%)             -                  -          
[38.832s][info][gc,heap     ] GC(34) Reclaimed:         -                  -               306M (60%)         403M (79%)            -                  -          
[38.832s][info][gc          ] GC(34) Garbage Collection (Allocation Rate) 412M(80%)->22M(4%)
[39.977s][info][gc,start    ] GC(35) Garbage Collection (Proactive)
[39.977s][info][gc,task     ] GC(35) Using 5 workers
[39.977s][info][gc,phases   ] GC(35) Pause Mark Start 0.017ms
[39.992s][info][gc,phases   ] GC(35) Concurrent Mark 15.202ms
[39.992s][info][gc,phases   ] GC(35) Pause Mark End 0.018ms
[39.992s][info][gc,phases   ] GC(35) Concurrent Mark Free 0.001ms
[39.994s][info][gc,phases   ] GC(35) Concurrent Process Non-Strong References 1.593ms
[39.994s][info][gc,phases   ] GC(35) Concurrent Reset Relocation Set 0.008ms
[39.998s][info][gc,phases   ] GC(35) Concurrent Select Relocation Set 3.799ms
[39.998s][info][gc,phases   ] GC(35) Pause Relocate Start 0.008ms
[40.000s][info][gc,phases   ] GC(35) Concurrent Relocate 1.707ms
[40.000s][info][gc,load     ] GC(35) Load: 0.00/0.00/0.00
[40.000s][info][gc,mmu      ] GC(35) MMU: 2ms/99.0%, 5ms/99.6%, 10ms/99.7%, 20ms/99.8%, 50ms/99.9%, 100ms/100.0%
[40.000s][info][gc,marking  ] GC(35) Mark: 4 stripe(s), 2 proactive flush(es), 1 terminate flush(es), 0 completion(s), 0 continuation(s) 
[40.000s][info][gc,marking  ] GC(35) Mark Stack Usage: 32M
[40.000s][info][gc,nmethod  ] GC(35) NMethods: 1879 registered, 349 unregistered
[40.000s][info][gc,metaspace] GC(35) Metaspace: 9M used, 9M committed, 1088M reserved
[40.000s][info][gc,ref      ] GC(35) Soft: 214 encountered, 0 discovered, 0 enqueued
[40.000s][info][gc,ref      ] GC(35) Weak: 806 encountered, 42 discovered, 0 enqueued
[40.000s][info][gc,ref      ] GC(35) Final: 0 encountered, 0 discovered, 0 enqueued
[40.000s][info][gc,ref      ] GC(35) Phantom: 27 encountered, 21 discovered, 0 enqueued
[40.000s][info][gc,reloc    ] GC(35) Small Pages: 192 / 384M, Empty: 280M, Relocated: 1M, In-Place: 0
[40.000s][info][gc,reloc    ] GC(35) Medium Pages: 0 / 0M, Empty: 0M, Relocated: 0M, In-Place: 0
[40.000s][info][gc,reloc    ] GC(35) Large Pages: 0 / 0M, Empty: 0M, Relocated: 0M, In-Place: 0
[40.000s][info][gc,reloc    ] GC(35) Forwarding Usage: 0M
[40.000s][info][gc,heap     ] GC(35) Min Capacity: 8M(2%)
[40.000s][info][gc,heap     ] GC(35) Max Capacity: 512M(100%)
[40.000s][info][gc,heap     ] GC(35) Soft Max Capacity: 512M(100%)
[40.000s][info][gc,heap     ] GC(35)                Mark Start          Mark End        Relocate Start      Relocate End           High               Low         
[40.000s][info][gc,heap     ] GC(35)  Capacity:      512M (100%)        512M (100%)        512M (100%)        512M (100%)        512M (100%)        512M (100%)   
[40.000s][info][gc,heap     ] GC(35)      Free:      128M (25%)         122M (24%)         400M (78%)         488M (95%)         488M (95%)         122M (24%)    
[40.001s][info][gc,heap     ] GC(35)      Used:      384M (75%)         390M (76%)         112M (22%)          24M (5%)          390M (76%)          24M (5%)     
[40.001s][info][gc,heap     ] GC(35)      Live:         -                 6M (1%)            6M (1%)            6M (1%)             -                  -          
[40.001s][info][gc,heap     ] GC(35) Allocated:         -                 6M (1%)            8M (2%)            7M (2%)             -                  -          
[40.001s][info][gc,heap     ] GC(35)   Garbage:         -               377M (74%)          97M (19%)           9M (2%)             -                  -          
[40.001s][info][gc,heap     ] GC(35) Reclaimed:         -                  -               280M (55%)         367M (72%)            -                  -          
[40.001s][info][gc          ] GC(35) Garbage Collection (Proactive) 384M(75%)->24M(5%)
[40.086s][info][gc,stats    ] === Garbage Collection Statistics =======================================================================================================================
[40.086s][info][gc,stats    ]                                                              Last 10s              Last 10m              Last 10h                Total
[40.086s][info][gc,stats    ]                                                              Avg / Max             Avg / Max             Avg / Max             Avg / Max
[40.086s][info][gc,stats    ]   Collector: Garbage Collection Cycle                     34.588 / 46.057       38.696 / 57.234       38.696 / 57.234       38.696 / 57.234      ms
[40.086s][info][gc,stats    ]  Contention: Mark Segment Reset Contention                     0 / 3                 0 / 3                 0 / 3                 0 / 3           ops/s
[40.086s][info][gc,stats    ]  Contention: Mark SeqNum Reset Contention                      0 / 0                 0 / 1                 0 / 1                 0 / 1           ops/s
[40.086s][info][gc,stats    ]    Critical: Allocation Stall                                  0 / 0                 0 / 0                 0 / 0                 0 / 0           ops/s
[40.086s][info][gc,stats    ]    Critical: Allocation Stall                              0.000 / 0.000         0.000 / 0.000         0.000 / 0.000         0.000 / 0.000       ms
[40.086s][info][gc,stats    ]    Critical: GC Locker Stall                                   0 / 0                 0 / 0                 0 / 0                 0 / 0           ops/s
[40.086s][info][gc,stats    ]    Critical: GC Locker Stall                               0.000 / 0.000         0.000 / 0.000         0.000 / 0.000         0.000 / 0.000       ms
[40.086s][info][gc,stats    ]    Critical: Relocation Stall                                  0 / 0                 0 / 0                 0 / 0                 0 / 0           ops/s
[40.086s][info][gc,stats    ]    Critical: Relocation Stall                              0.000 / 0.000         0.000 / 0.000         0.000 / 0.000         0.000 / 0.000       ms
[40.086s][info][gc,stats    ]      Memory: Allocation Rate                                 316 / 326             307 / 328             307 / 328             307 / 328         MB/s
[40.086s][info][gc,stats    ]      Memory: Defragment                                        0 / 0                 0 / 0                 0 / 0                 0 / 0           ops/s
[40.086s][info][gc,stats    ]      Memory: Out Of Memory                                     0 / 0                 0 / 0                 0 / 0                 0 / 0           ops/s
[40.087s][info][gc,stats    ]      Memory: Page Cache Flush                                  0 / 0                 0 / 0                 0 / 0                 0 / 0           MB/s
[40.087s][info][gc,stats    ]      Memory: Page Cache Hit L1                               160 / 164             150 / 169             150 / 169             150 / 169         ops/s
[40.087s][info][gc,stats    ]      Memory: Page Cache Hit L2                                 0 / 0                 0 / 0                 0 / 0                 0 / 0           ops/s
[40.087s][info][gc,stats    ]      Memory: Page Cache Hit L3                                 0 / 0                 5 / 77                5 / 77                5 / 77          ops/s
[40.087s][info][gc,stats    ]      Memory: Page Cache Miss                                   0 / 0                 0 / 1                 0 / 1                 0 / 1           ops/s
[40.087s][info][gc,stats    ]      Memory: Uncommit                                          0 / 0                 0 / 0                 0 / 0                 0 / 0           MB/s
[40.087s][info][gc,stats    ]      Memory: Undo Object Allocation Failed                     0 / 3                 0 / 3                 0 / 3                 0 / 3           ops/s
[40.087s][info][gc,stats    ]      Memory: Undo Object Allocation Succeeded                  1 / 6                 0 / 7                 0 / 7                 0 / 7           ops/s
[40.087s][info][gc,stats    ]      Memory: Undo Page Allocation                              1 / 3                 1 / 10                1 / 10                1 / 10          ops/s
[40.087s][info][gc,stats    ]       Phase: Concurrent Mark                              22.162 / 29.722       23.513 / 38.107       23.513 / 38.107       23.513 / 38.107      ms
[40.087s][info][gc,stats    ]       Phase: Concurrent Mark Continue                      0.000 / 0.000         0.000 / 0.000         0.000 / 0.000         0.000 / 0.000       ms
[40.087s][info][gc,stats    ]       Phase: Concurrent Mark Free                          0.001 / 0.002         0.001 / 0.002         0.001 / 0.002         0.001 / 0.002       ms
[40.087s][info][gc,stats    ]       Phase: Concurrent Process Non-Strong References      4.392 / 6.839         4.528 / 7.613         4.528 / 7.613         4.528 / 7.613       ms
[40.087s][info][gc,stats    ]       Phase: Concurrent Relocate                           2.973 / 4.725         4.604 / 8.950         4.604 / 8.950         4.604 / 8.950       ms
[40.087s][info][gc,stats    ]       Phase: Concurrent Reset Relocation Set               0.008 / 0.014         0.006 / 0.015         0.006 / 0.015         0.006 / 0.015       ms
[40.087s][info][gc,stats    ]       Phase: Concurrent Select Relocation Set              3.922 / 4.674         4.951 / 14.681        4.951 / 14.681        4.951 / 14.681      ms
[40.087s][info][gc,stats    ]       Phase: Pause Mark End                                0.017 / 0.019         0.017 / 0.020         0.017 / 0.020         0.017 / 0.020       ms
[40.087s][info][gc,stats    ]       Phase: Pause Mark Start                              0.017 / 0.018         0.017 / 0.019         0.017 / 0.019         0.017 / 0.019       ms
[40.087s][info][gc,stats    ]       Phase: Pause Relocate Start                          0.008 / 0.010         0.008 / 0.011         0.008 / 0.011         0.008 / 0.011       ms
[40.087s][info][gc,stats    ]    Subphase: Concurrent Classes Purge                      0.010 / 0.034         0.067 / 0.583         0.067 / 0.583         0.067 / 0.583       ms
[40.087s][info][gc,stats    ]    Subphase: Concurrent Classes Unlink                     3.614 / 5.589         3.593 / 5.782         3.593 / 5.782         3.593 / 5.782       ms
[40.087s][info][gc,stats    ]    Subphase: Concurrent Mark                              15.174 / 27.081       15.999 / 34.990       15.999 / 34.990       15.999 / 34.990      ms
[40.087s][info][gc,stats    ]    Subphase: Concurrent Mark Try Flush                     0.059 / 0.099         0.058 / 0.187         0.058 / 0.187         0.058 / 0.187       ms
[40.087s][info][gc,stats    ]    Subphase: Concurrent Mark Try Terminate                 3.567 / 9.026         3.492 / 16.135        3.492 / 16.135        3.492 / 16.135      ms
[40.087s][info][gc,stats    ]    Subphase: Concurrent References Enqueue                 0.001 / 0.004         0.001 / 0.005         0.001 / 0.005         0.001 / 0.005       ms
[40.088s][info][gc,stats    ]    Subphase: Concurrent References Process                 0.042 / 0.055         0.055 / 0.114         0.055 / 0.114         0.055 / 0.114       ms
[40.088s][info][gc,stats    ]    Subphase: Concurrent Roots ClassLoaderDataGraph         0.141 / 0.357         0.183 / 0.631         0.183 / 0.631         0.183 / 0.631       ms
[40.088s][info][gc,stats    ]    Subphase: Concurrent Roots CodeCache                    0.000 / 0.000         0.000 / 0.000         0.000 / 0.000         0.000 / 0.000       ms
[40.088s][info][gc,stats    ]    Subphase: Concurrent Roots JavaThreads                  0.883 / 2.176         0.895 / 2.289         0.895 / 2.289         0.895 / 2.289       ms
[40.088s][info][gc,stats    ]    Subphase: Concurrent Roots OopStorageSet                0.030 / 0.065         0.038 / 0.136         0.038 / 0.136         0.038 / 0.136       ms
[40.088s][info][gc,stats    ]    Subphase: Concurrent Weak Roots OopStorageSet           0.351 / 1.108         0.391 / 1.768         0.391 / 1.768         0.391 / 1.768       ms
[40.088s][info][gc,stats    ]    Subphase: Pause Mark Try Complete                       0.000 / 0.000         0.000 / 0.000         0.000 / 0.000         0.000 / 0.000       ms
[40.088s][info][gc,stats    ]      System: Java Threads                                     34 / 34               30 / 35               30 / 35               30 / 35          threads
[40.088s][info][gc,stats    ] =========================================================================================================================================================
[41.178s][info][gc,start    ] GC(36) Garbage Collection (Allocation Rate)
[41.178s][info][gc,task     ] GC(36) Using 1 workers
[41.178s][info][gc,phases   ] GC(36) Pause Mark Start 0.018ms
[41.205s][info][gc,phases   ] GC(36) Concurrent Mark 26.692ms
[41.205s][info][gc,phases   ] GC(36) Pause Mark End 0.018ms
[41.205s][info][gc,phases   ] GC(36) Concurrent Mark Free 0.001ms
[41.212s][info][gc,phases   ] GC(36) Concurrent Process Non-Strong References 6.540ms
[41.212s][info][gc,phases   ] GC(36) Concurrent Reset Relocation Set 0.009ms
[41.216s][info][gc,phases   ] GC(36) Concurrent Select Relocation Set 3.894ms
[41.216s][info][gc,phases   ] GC(36) Pause Relocate Start 0.008ms
[41.219s][info][gc,phases   ] GC(36) Concurrent Relocate 3.042ms
[41.219s][info][gc,load     ] GC(36) Load: 0.00/0.00/0.00
[41.219s][info][gc,mmu      ] GC(36) MMU: 2ms/99.0%, 5ms/99.6%, 10ms/99.7%, 20ms/99.8%, 50ms/99.9%, 100ms/100.0%
[41.219s][info][gc,marking  ] GC(36) Mark: 1 stripe(s), 2 proactive flush(es), 1 terminate flush(es), 0 completion(s), 0 continuation(s) 
[41.219s][info][gc,marking  ] GC(36) Mark Stack Usage: 32M
[41.219s][info][gc,nmethod  ] GC(36) NMethods: 1879 registered, 349 unregistered
[41.219s][info][gc,metaspace] GC(36) Metaspace: 9M used, 9M committed, 1088M reserved
[41.219s][info][gc,ref      ] GC(36) Soft: 214 encountered, 0 discovered, 0 enqueued
[41.219s][info][gc,ref      ] GC(36) Weak: 806 encountered, 9 discovered, 0 enqueued
[41.219s][info][gc,ref      ] GC(36) Final: 0 encountered, 0 discovered, 0 enqueued
[41.220s][info][gc,ref      ] GC(36) Phantom: 27 encountered, 14 discovered, 0 enqueued
[41.220s][info][gc,reloc    ] GC(36) Small Pages: 199 / 398M, Empty: 244M, Relocated: 1M, In-Place: 0
[41.220s][info][gc,reloc    ] GC(36) Medium Pages: 0 / 0M, Empty: 0M, Relocated: 0M, In-Place: 0
[41.220s][info][gc,reloc    ] GC(36) Large Pages: 0 / 0M, Empty: 0M, Relocated: 0M, In-Place: 0
[41.220s][info][gc,reloc    ] GC(36) Forwarding Usage: 0M
[41.220s][info][gc,heap     ] GC(36) Min Capacity: 8M(2%)
[41.220s][info][gc,heap     ] GC(36) Max Capacity: 512M(100%)
[41.220s][info][gc,heap     ] GC(36) Soft Max Capacity: 512M(100%)
[41.220s][info][gc,heap     ] GC(36)                Mark Start          Mark End        Relocate Start      Relocate End           High               Low         
[41.220s][info][gc,heap     ] GC(36)  Capacity:      512M (100%)        512M (100%)        512M (100%)        512M (100%)        512M (100%)        512M (100%)   
[41.220s][info][gc,heap     ] GC(36)      Free:      114M (22%)         104M (20%)         344M (67%)         490M (96%)         490M (96%)         102M (20%)    
[41.220s][info][gc,heap     ] GC(36)      Used:      398M (78%)         408M (80%)         168M (33%)          22M (4%)          410M (80%)          22M (4%)     
[41.220s][info][gc,heap     ] GC(36)      Live:         -                 6M (1%)            6M (1%)            6M (1%)             -                  -          
[41.220s][info][gc,heap     ] GC(36) Allocated:         -                10M (2%)           14M (3%)           13M (3%)             -                  -          
[41.220s][info][gc,heap     ] GC(36)   Garbage:         -               391M (76%)         147M (29%)           1M (0%)             -                  -          
[41.220s][info][gc,heap     ] GC(36) Reclaimed:         -                  -               244M (48%)         389M (76%)            -                  -          
[41.220s][info][gc          ] GC(36) Garbage Collection (Allocation Rate) 398M(78%)->22M(4%)
[42.489s][info][gc,start    ] GC(37) Garbage Collection (Allocation Rate)
[42.489s][info][gc,task     ] GC(37) Using 1 workers
[42.489s][info][gc,phases   ] GC(37) Pause Mark Start 0.017ms
[42.515s][info][gc,phases   ] GC(37) Concurrent Mark 25.602ms
[42.515s][info][gc,phases   ] GC(37) Pause Mark End 0.013ms
[42.515s][info][gc,phases   ] GC(37) Concurrent Mark Free 0.001ms
[42.520s][info][gc,phases   ] GC(37) Concurrent Process Non-Strong References 4.730ms
[42.520s][info][gc,phases   ] GC(37) Concurrent Reset Relocation Set 0.010ms
[42.524s][info][gc,phases   ] GC(37) Concurrent Select Relocation Set 3.925ms
[42.524s][info][gc,phases   ] GC(37) Pause Relocate Start 0.008ms
[42.528s][info][gc,phases   ] GC(37) Concurrent Relocate 3.961ms
[42.528s][info][gc,load     ] GC(37) Load: 0.00/0.00/0.00
[42.528s][info][gc,mmu      ] GC(37) MMU: 2ms/99.0%, 5ms/99.6%, 10ms/99.7%, 20ms/99.8%, 50ms/99.9%, 100ms/100.0%
[42.528s][info][gc,marking  ] GC(37) Mark: 1 stripe(s), 2 proactive flush(es), 1 terminate flush(es), 0 completion(s), 0 continuation(s) 
[42.528s][info][gc,marking  ] GC(37) Mark Stack Usage: 32M
[42.528s][info][gc,nmethod  ] GC(37) NMethods: 1879 registered, 349 unregistered
[42.528s][info][gc,metaspace] GC(37) Metaspace: 9M used, 9M committed, 1088M reserved
[42.528s][info][gc,ref      ] GC(37) Soft: 214 encountered, 0 discovered, 0 enqueued
[42.529s][info][gc,ref      ] GC(37) Weak: 806 encountered, 9 discovered, 0 enqueued
[42.529s][info][gc,ref      ] GC(37) Final: 0 encountered, 0 discovered, 0 enqueued
[42.529s][info][gc,ref      ] GC(37) Phantom: 27 encountered, 14 discovered, 0 enqueued
[42.529s][info][gc,reloc    ] GC(37) Small Pages: 208 / 416M, Empty: 370M, Relocated: 1M, In-Place: 0
[42.529s][info][gc,reloc    ] GC(37) Medium Pages: 0 / 0M, Empty: 0M, Relocated: 0M, In-Place: 0
[42.529s][info][gc,reloc    ] GC(37) Large Pages: 0 / 0M, Empty: 0M, Relocated: 0M, In-Place: 0
[42.529s][info][gc,reloc    ] GC(37) Forwarding Usage: 0M
[42.529s][info][gc,heap     ] GC(37) Min Capacity: 8M(2%)
[42.529s][info][gc,heap     ] GC(37) Max Capacity: 512M(100%)
[42.529s][info][gc,heap     ] GC(37) Soft Max Capacity: 512M(100%)
[42.529s][info][gc,heap     ] GC(37)                Mark Start          Mark End        Relocate Start      Relocate End           High               Low         
[42.529s][info][gc,heap     ] GC(37)  Capacity:      512M (100%)        512M (100%)        512M (100%)        512M (100%)        512M (100%)        512M (100%)   
[42.529s][info][gc,heap     ] GC(37)      Free:       96M (19%)          88M (17%)         454M (89%)         492M (96%)         492M (96%)          86M (17%)    
[42.529s][info][gc,heap     ] GC(37)      Used:      416M (81%)         424M (83%)          58M (11%)          20M (4%)          426M (83%)          20M (4%)     
[42.529s][info][gc,heap     ] GC(37)      Live:         -                 6M (1%)            6M (1%)            6M (1%)             -                  -          
[42.529s][info][gc,heap     ] GC(37) Allocated:         -                 8M (2%)           12M (2%)           11M (2%)             -                  -          
[42.529s][info][gc,heap     ] GC(37)   Garbage:         -               409M (80%)          39M (8%)            1M (0%)             -                  -          
[42.529s][info][gc,heap     ] GC(37) Reclaimed:         -                  -               370M (72%)         407M (80%)            -                  -          
[42.529s][info][gc          ] GC(37) Garbage Collection (Allocation Rate) 416M(81%)->20M(4%)
[43.165s][info][gc,start    ] GC(38) Garbage Collection (System.gc())
[43.165s][info][gc,task     ] GC(38) Using 5 workers
[43.165s][info][gc,phases   ] GC(38) Pause Mark Start 0.017ms
[43.184s][info][gc,phases   ] GC(38) Concurrent Mark 18.310ms
[43.184s][info][gc,phases   ] GC(38) Pause Mark End 0.017ms
[43.184s][info][gc,phases   ] GC(38) Concurrent Mark Free 0.001ms
[43.185s][info][gc,phases   ] GC(38) Concurrent Process Non-Strong References 1.649ms
[43.185s][info][gc,phases   ] GC(38) Concurrent Reset Relocation Set 0.003ms
[43.189s][info][gc,phases   ] GC(38) Concurrent Select Relocation Set 3.756ms
[43.189s][info][gc,phases   ] GC(38) Pause Relocate Start 0.010ms
[43.191s][info][gc,phases   ] GC(38) Concurrent Relocate 1.863ms
[43.191s][info][gc,load     ] GC(38) Load: 0.00/0.00/0.00
[43.191s][info][gc,mmu      ] GC(38) MMU: 2ms/99.0%, 5ms/99.6%, 10ms/99.7%, 20ms/99.8%, 50ms/99.9%, 100ms/100.0%
[43.191s][info][gc,marking  ] GC(38) Mark: 4 stripe(s), 1 proactive flush(es), 1 terminate flush(es), 0 completion(s), 0 continuation(s) 
[43.191s][info][gc,marking  ] GC(38) Mark Stack Usage: 32M
[43.192s][info][gc,nmethod  ] GC(38) NMethods: 1880 registered, 349 unregistered
[43.192s][info][gc,metaspace] GC(38) Metaspace: 9M used, 9M committed, 1088M reserved
[43.192s][info][gc,ref      ] GC(38) Soft: 214 encountered, 0 discovered, 0 enqueued
[43.192s][info][gc,ref      ] GC(38) Weak: 806 encountered, 64 discovered, 0 enqueued
[43.192s][info][gc,ref      ] GC(38) Final: 0 encountered, 0 discovered, 0 enqueued
[43.192s][info][gc,ref      ] GC(38) Phantom: 27 encountered, 23 discovered, 0 enqueued
[43.192s][info][gc,reloc    ] GC(38) Small Pages: 114 / 228M, Empty: 216M, Relocated: 1M, In-Place: 0
[43.192s][info][gc,reloc    ] GC(38) Medium Pages: 0 / 0M, Empty: 0M, Relocated: 0M, In-Place: 0
[43.192s][info][gc,reloc    ] GC(38) Large Pages: 0 / 0M, Empty: 0M, Relocated: 0M, In-Place: 0
[43.192s][info][gc,reloc    ] GC(38) Forwarding Usage: 0M
[43.192s][info][gc,heap     ] GC(38) Min Capacity: 8M(2%)
[43.192s][info][gc,heap     ] GC(38) Max Capacity: 512M(100%)
[43.192s][info][gc,heap     ] GC(38) Soft Max Capacity: 512M(100%)
[43.192s][info][gc,heap     ] GC(38)                Mark Start          Mark End        Relocate Start      Relocate End           High               Low         
[43.192s][info][gc,heap     ] GC(38)  Capacity:      512M (100%)        512M (100%)        512M (100%)        512M (100%)        512M (100%)        512M (100%)   
[43.192s][info][gc,heap     ] GC(38)      Free:      284M (55%)         284M (55%)         500M (98%)         500M (98%)         500M (98%)         284M (55%)    
[43.192s][info][gc,heap     ] GC(38)      Used:      228M (45%)         228M (45%)          12M (2%)           12M (2%)          228M (45%)          12M (2%)     
[43.192s][info][gc,heap     ] GC(38)      Live:         -                 4M (1%)            4M (1%)            4M (1%)             -                  -          
[43.192s][info][gc,heap     ] GC(38) Allocated:         -                 0M (0%)            0M (0%)            0M (0%)             -                  -          
[43.192s][info][gc,heap     ] GC(38)   Garbage:         -               223M (44%)           7M (1%)            7M (1%)             -                  -          
[43.192s][info][gc,heap     ] GC(38) Reclaimed:         -                  -               216M (42%)         216M (42%)            -                  -          
[43.192s][info][gc          ] GC(38) Garbage Collection (System.gc()) 228M(45%)->12M(2%)
[44.385s][info][gc,start    ] GC(39) Garbage Collection (Allocation Rate)
[44.385s][info][gc,task     ] GC(39) Using 1 workers
[44.385s][info][gc,phases   ] GC(39) Pause Mark Start 0.017ms
[44.415s][info][gc,phases   ] GC(39) Concurrent Mark 29.605ms
[44.415s][info][gc,phases   ] GC(39) Pause Mark End 0.021ms
[44.415s][info][gc,phases   ] GC(39) Concurrent Mark Free 0.001ms
[44.423s][info][gc,phases   ] GC(39) Concurrent Process Non-Strong References 6.999ms
[44.423s][info][gc,phases   ] GC(39) Concurrent Reset Relocation Set 0.001ms
[44.427s][info][gc,phases   ] GC(39) Concurrent Select Relocation Set 3.925ms
[44.427s][info][gc,phases   ] GC(39) Pause Relocate Start 0.010ms
[44.432s][info][gc,phases   ] GC(39) Concurrent Relocate 4.844ms
[44.432s][info][gc,load     ] GC(39) Load: 0.00/0.00/0.00
[44.432s][info][gc,mmu      ] GC(39) MMU: 2ms/99.0%, 5ms/99.6%, 10ms/99.7%, 20ms/99.8%, 50ms/99.9%, 100ms/100.0%
[44.432s][info][gc,marking  ] GC(39) Mark: 1 stripe(s), 2 proactive flush(es), 1 terminate flush(es), 0 completion(s), 0 continuation(s) 
[44.432s][info][gc,marking  ] GC(39) Mark Stack Usage: 32M
[44.432s][info][gc,nmethod  ] GC(39) NMethods: 1883 registered, 349 unregistered
[44.432s][info][gc,metaspace] GC(39) Metaspace: 9M used, 9M committed, 1088M reserved
[44.432s][info][gc,ref      ] GC(39) Soft: 214 encountered, 0 discovered, 0 enqueued
[44.432s][info][gc,ref      ] GC(39) Weak: 807 encountered, 189 discovered, 0 enqueued
[44.432s][info][gc,ref      ] GC(39) Final: 0 encountered, 0 discovered, 0 enqueued
[44.432s][info][gc,ref      ] GC(39) Phantom: 27 encountered, 14 discovered, 0 enqueued
[44.432s][info][gc,reloc    ] GC(39) Small Pages: 201 / 402M, Empty: 216M, Relocated: 2M, In-Place: 0
[44.432s][info][gc,reloc    ] GC(39) Medium Pages: 0 / 0M, Empty: 0M, Relocated: 0M, In-Place: 0
[44.432s][info][gc,reloc    ] GC(39) Large Pages: 0 / 0M, Empty: 0M, Relocated: 0M, In-Place: 0
[44.432s][info][gc,reloc    ] GC(39) Forwarding Usage: 0M
[44.432s][info][gc,heap     ] GC(39) Min Capacity: 8M(2%)
[44.432s][info][gc,heap     ] GC(39) Max Capacity: 512M(100%)
[44.432s][info][gc,heap     ] GC(39) Soft Max Capacity: 512M(100%)
[44.432s][info][gc,heap     ] GC(39)                Mark Start          Mark End        Relocate Start      Relocate End           High               Low         
[44.432s][info][gc,heap     ] GC(39)  Capacity:      512M (100%)        512M (100%)        512M (100%)        512M (100%)        512M (100%)        512M (100%)   
[44.432s][info][gc,heap     ] GC(39)      Free:      110M (21%)         100M (20%)         312M (61%)         488M (95%)         488M (95%)          96M (19%)    
[44.432s][info][gc,heap     ] GC(39)      Used:      402M (79%)         412M (80%)         200M (39%)          24M (5%)          416M (81%)          24M (5%)     
[44.432s][info][gc,heap     ] GC(39)      Live:         -                 6M (1%)            6M (1%)            6M (1%)             -                  -          
[44.432s][info][gc,heap     ] GC(39) Allocated:         -                10M (2%)           14M (3%)           15M (3%)             -                  -          
[44.432s][info][gc,heap     ] GC(39)   Garbage:         -               395M (77%)         179M (35%)           1M (0%)             -                  -          
[44.432s][info][gc,heap     ] GC(39) Reclaimed:         -                  -               216M (42%)         393M (77%)            -                  -          
[44.433s][info][gc          ] GC(39) Garbage Collection (Allocation Rate) 402M(79%)->24M(5%)
[45.680s][info][gc,start    ] GC(40) Garbage Collection (Allocation Rate)
[45.681s][info][gc,task     ] GC(40) Using 1 workers
[45.681s][info][gc,phases   ] GC(40) Pause Mark Start 0.017ms
[45.709s][info][gc,phases   ] GC(40) Concurrent Mark 27.944ms
[45.709s][info][gc,phases   ] GC(40) Pause Mark End 0.018ms
[45.709s][info][gc,phases   ] GC(40) Concurrent Mark Free 0.002ms
[45.714s][info][gc,phases   ] GC(40) Concurrent Process Non-Strong References 5.035ms
[45.714s][info][gc,phases   ] GC(40) Concurrent Reset Relocation Set 0.014ms
[45.718s][info][gc,phases   ] GC(40) Concurrent Select Relocation Set 3.813ms
[45.719s][info][gc,phases   ] GC(40) Pause Relocate Start 0.008ms
[45.721s][info][gc,phases   ] GC(40) Concurrent Relocate 2.713ms
[45.721s][info][gc,load     ] GC(40) Load: 0.00/0.00/0.00
[45.721s][info][gc,mmu      ] GC(40) MMU: 2ms/99.0%, 5ms/99.6%, 10ms/99.7%, 20ms/99.8%, 50ms/99.9%, 100ms/100.0%
[45.721s][info][gc,marking  ] GC(40) Mark: 1 stripe(s), 2 proactive flush(es), 1 terminate flush(es), 0 completion(s), 0 continuation(s) 
[45.721s][info][gc,marking  ] GC(40) Mark Stack Usage: 32M
[45.722s][info][gc,nmethod  ] GC(40) NMethods: 1883 registered, 349 unregistered
[45.722s][info][gc,metaspace] GC(40) Metaspace: 9M used, 9M committed, 1088M reserved
[45.722s][info][gc,ref      ] GC(40) Soft: 214 encountered, 0 discovered, 0 enqueued
[45.722s][info][gc,ref      ] GC(40) Weak: 807 encountered, 189 discovered, 0 enqueued
[45.722s][info][gc,ref      ] GC(40) Final: 0 encountered, 0 discovered, 0 enqueued
[45.722s][info][gc,ref      ] GC(40) Phantom: 27 encountered, 14 discovered, 0 enqueued
[45.722s][info][gc,reloc    ] GC(40) Small Pages: 206 / 412M, Empty: 296M, Relocated: 1M, In-Place: 0
[45.722s][info][gc,reloc    ] GC(40) Medium Pages: 0 / 0M, Empty: 0M, Relocated: 0M, In-Place: 0
[45.722s][info][gc,reloc    ] GC(40) Large Pages: 0 / 0M, Empty: 0M, Relocated: 0M, In-Place: 0
[45.722s][info][gc,reloc    ] GC(40) Forwarding Usage: 0M
[45.722s][info][gc,heap     ] GC(40) Min Capacity: 8M(2%)
[45.722s][info][gc,heap     ] GC(40) Max Capacity: 512M(100%)
[45.722s][info][gc,heap     ] GC(40) Soft Max Capacity: 512M(100%)
[45.722s][info][gc,heap     ] GC(40)                Mark Start          Mark End        Relocate Start      Relocate End           High               Low         
[45.722s][info][gc,heap     ] GC(40)  Capacity:      512M (100%)        512M (100%)        512M (100%)        512M (100%)        512M (100%)        512M (100%)   
[45.722s][info][gc,heap     ] GC(40)      Free:      100M (20%)          90M (18%)         384M (75%)         492M (96%)         492M (96%)          88M (17%)    
[45.722s][info][gc,heap     ] GC(40)      Used:      412M (80%)         422M (82%)         128M (25%)          20M (4%)          424M (83%)          20M (4%)     
[45.722s][info][gc,heap     ] GC(40)      Live:         -                 6M (1%)            6M (1%)            6M (1%)             -                  -          
[45.722s][info][gc,heap     ] GC(40) Allocated:         -                10M (2%)           12M (2%)           11M (2%)             -                  -          
[45.722s][info][gc,heap     ] GC(40)   Garbage:         -               405M (79%)         109M (21%)           1M (0%)             -                  -          
[45.722s][info][gc,heap     ] GC(40) Reclaimed:         -                  -               296M (58%)         403M (79%)            -                  -          
[45.722s][info][gc          ] GC(40) Garbage Collection (Allocation Rate) 412M(80%)->20M(4%)
[46.991s][info][gc,start    ] GC(41) Garbage Collection (Allocation Rate)
[46.992s][info][gc,task     ] GC(41) Using 1 workers
[46.992s][info][gc,phases   ] GC(41) Pause Mark Start 0.018ms
[47.020s][info][gc,phases   ] GC(41) Concurrent Mark 27.956ms
[47.020s][info][gc,phases   ] GC(41) Pause Mark End 0.017ms
[47.020s][info][gc,phases   ] GC(41) Concurrent Mark Free 0.002ms
[47.027s][info][gc,phases   ] GC(41) Concurrent Process Non-Strong References 6.895ms
[47.027s][info][gc,phases   ] GC(41) Concurrent Reset Relocation Set 0.009ms
[47.032s][info][gc,phases   ] GC(41) Concurrent Select Relocation Set 5.350ms
[47.033s][info][gc,phases   ] GC(41) Pause Relocate Start 0.011ms
[47.038s][info][gc,phases   ] GC(41) Concurrent Relocate 4.799ms
[47.038s][info][gc,load     ] GC(41) Load: 0.00/0.00/0.00
[47.038s][info][gc,mmu      ] GC(41) MMU: 2ms/99.0%, 5ms/99.6%, 10ms/99.7%, 20ms/99.8%, 50ms/99.9%, 100ms/100.0%
[47.038s][info][gc,marking  ] GC(41) Mark: 1 stripe(s), 2 proactive flush(es), 1 terminate flush(es), 0 completion(s), 0 continuation(s) 
[47.038s][info][gc,marking  ] GC(41) Mark Stack Usage: 32M
[47.038s][info][gc,nmethod  ] GC(41) NMethods: 1883 registered, 349 unregistered
[47.038s][info][gc,metaspace] GC(41) Metaspace: 9M used, 9M committed, 1088M reserved
[47.038s][info][gc,ref      ] GC(41) Soft: 214 encountered, 0 discovered, 0 enqueued
[47.038s][info][gc,ref      ] GC(41) Weak: 807 encountered, 188 discovered, 0 enqueued
[47.038s][info][gc,ref      ] GC(41) Final: 0 encountered, 0 discovered, 0 enqueued
[47.038s][info][gc,ref      ] GC(41) Phantom: 27 encountered, 14 discovered, 0 enqueued
[47.038s][info][gc,reloc    ] GC(41) Small Pages: 213 / 426M, Empty: 276M, Relocated: 2M, In-Place: 0
[47.038s][info][gc,reloc    ] GC(41) Medium Pages: 0 / 0M, Empty: 0M, Relocated: 0M, In-Place: 0
[47.038s][info][gc,reloc    ] GC(41) Large Pages: 0 / 0M, Empty: 0M, Relocated: 0M, In-Place: 0
[47.038s][info][gc,reloc    ] GC(41) Forwarding Usage: 1M
[47.038s][info][gc,heap     ] GC(41) Min Capacity: 8M(2%)
[47.038s][info][gc,heap     ] GC(41) Max Capacity: 512M(100%)
[47.038s][info][gc,heap     ] GC(41) Soft Max Capacity: 512M(100%)
[47.038s][info][gc,heap     ] GC(41)                Mark Start          Mark End        Relocate Start      Relocate End           High               Low         
[47.038s][info][gc,heap     ] GC(41)  Capacity:      512M (100%)        512M (100%)        512M (100%)        512M (100%)        512M (100%)        512M (100%)   
[47.038s][info][gc,heap     ] GC(41)      Free:       86M (17%)          76M (15%)         348M (68%)         488M (95%)         488M (95%)          72M (14%)    
[47.038s][info][gc,heap     ] GC(41)      Used:      426M (83%)         436M (85%)         164M (32%)          24M (5%)          440M (86%)          24M (5%)     
[47.038s][info][gc,heap     ] GC(41)      Live:         -                 6M (1%)            6M (1%)            6M (1%)             -                  -          
[47.038s][info][gc,heap     ] GC(41) Allocated:         -                10M (2%)           14M (3%)           15M (3%)             -                  -          
[47.038s][info][gc,heap     ] GC(41)   Garbage:         -               419M (82%)         143M (28%)           1M (0%)             -                  -          
[47.038s][info][gc,heap     ] GC(41) Reclaimed:         -                  -               276M (54%)         417M (82%)            -                  -          
[47.039s][info][gc          ] GC(41) Garbage Collection (Allocation Rate) 426M(83%)->24M(5%)
[48.186s][info][gc,start    ] GC(42) Garbage Collection (Proactive)
[48.186s][info][gc,task     ] GC(42) Using 5 workers
[48.186s][info][gc,phases   ] GC(42) Pause Mark Start 0.013ms
[48.201s][info][gc,phases   ] GC(42) Concurrent Mark 15.221ms
[48.202s][info][gc,phases   ] GC(42) Pause Mark End 0.018ms
[48.202s][info][gc,phases   ] GC(42) Concurrent Mark Free 0.001ms
[48.203s][info][gc,phases   ] GC(42) Concurrent Process Non-Strong References 1.587ms
[48.203s][info][gc,phases   ] GC(42) Concurrent Reset Relocation Set 0.012ms
[48.207s][info][gc,phases   ] GC(42) Concurrent Select Relocation Set 3.962ms
[48.208s][info][gc,phases   ] GC(42) Pause Relocate Start 0.011ms
[48.209s][info][gc,phases   ] GC(42) Concurrent Relocate 1.606ms
[48.209s][info][gc,load     ] GC(42) Load: 0.00/0.00/0.00
[48.209s][info][gc,mmu      ] GC(42) MMU: 2ms/99.0%, 5ms/99.6%, 10ms/99.7%, 20ms/99.8%, 50ms/99.9%, 100ms/100.0%
[48.209s][info][gc,marking  ] GC(42) Mark: 4 stripe(s), 2 proactive flush(es), 1 terminate flush(es), 0 completion(s), 0 continuation(s) 
[48.209s][info][gc,marking  ] GC(42) Mark Stack Usage: 32M
[48.209s][info][gc,nmethod  ] GC(42) NMethods: 1883 registered, 349 unregistered
[48.209s][info][gc,metaspace] GC(42) Metaspace: 9M used, 9M committed, 1088M reserved
[48.209s][info][gc,ref      ] GC(42) Soft: 214 encountered, 0 discovered, 0 enqueued
[48.210s][info][gc,ref      ] GC(42) Weak: 807 encountered, 431 discovered, 0 enqueued
[48.210s][info][gc,ref      ] GC(42) Final: 0 encountered, 0 discovered, 0 enqueued
[48.210s][info][gc,ref      ] GC(42) Phantom: 27 encountered, 9 discovered, 0 enqueued
[48.210s][info][gc,reloc    ] GC(42) Small Pages: 198 / 396M, Empty: 268M, Relocated: 1M, In-Place: 0
[48.210s][info][gc,reloc    ] GC(42) Medium Pages: 0 / 0M, Empty: 0M, Relocated: 0M, In-Place: 0
[48.210s][info][gc,reloc    ] GC(42) Large Pages: 0 / 0M, Empty: 0M, Relocated: 0M, In-Place: 0
[48.210s][info][gc,reloc    ] GC(42) Forwarding Usage: 0M
[48.210s][info][gc,heap     ] GC(42) Min Capacity: 8M(2%)
[48.210s][info][gc,heap     ] GC(42) Max Capacity: 512M(100%)
[48.210s][info][gc,heap     ] GC(42) Soft Max Capacity: 512M(100%)
[48.210s][info][gc,heap     ] GC(42)                Mark Start          Mark End        Relocate Start      Relocate End           High               Low         
[48.210s][info][gc,heap     ] GC(42)  Capacity:      512M (100%)        512M (100%)        512M (100%)        512M (100%)        512M (100%)        512M (100%)   
[48.210s][info][gc,heap     ] GC(42)      Free:      116M (23%)         110M (21%)         376M (73%)         488M (95%)         488M (95%)         110M (21%)    
[48.210s][info][gc,heap     ] GC(42)      Used:      396M (77%)         402M (79%)         136M (27%)          24M (5%)          402M (79%)          24M (5%)     
[48.210s][info][gc,heap     ] GC(42)      Live:         -                 6M (1%)            6M (1%)            6M (1%)             -                  -          
[48.210s][info][gc,heap     ] GC(42) Allocated:         -                 6M (1%)            8M (2%)            7M (2%)             -                  -          
[48.210s][info][gc,heap     ] GC(42)   Garbage:         -               389M (76%)         121M (24%)           9M (2%)             -                  -          
[48.210s][info][gc,heap     ] GC(42) Reclaimed:         -                  -               268M (52%)         379M (74%)            -                  -          
[48.210s][info][gc          ] GC(42) Garbage Collection (Proactive) 396M(77%)->24M(5%)
[49.381s][info][gc,start    ] GC(43) Garbage Collection (Allocation Rate)
[49.381s][info][gc,task     ] GC(43) Using 1 workers
[49.381s][info][gc,phases   ] GC(43) Pause Mark Start 0.018ms
[49.406s][info][gc,phases   ] GC(43) Concurrent Mark 24.679ms
[49.406s][info][gc,phases   ] GC(43) Pause Mark End 0.018ms
[49.406s][info][gc,phases   ] GC(43) Concurrent Mark Free 0.001ms
[49.412s][info][gc,phases   ] GC(43) Concurrent Process Non-Strong References 6.480ms
[49.412s][info][gc,phases   ] GC(43) Concurrent Reset Relocation Set 0.010ms
[49.416s][info][gc,phases   ] GC(43) Concurrent Select Relocation Set 3.902ms
[49.417s][info][gc,phases   ] GC(43) Pause Relocate Start 0.009ms
[49.419s][info][gc,phases   ] GC(43) Concurrent Relocate 2.521ms
[49.419s][info][gc,load     ] GC(43) Load: 0.00/0.00/0.00
[49.419s][info][gc,mmu      ] GC(43) MMU: 2ms/99.0%, 5ms/99.6%, 10ms/99.7%, 20ms/99.8%, 50ms/99.9%, 100ms/100.0%
[49.419s][info][gc,marking  ] GC(43) Mark: 1 stripe(s), 2 proactive flush(es), 1 terminate flush(es), 0 completion(s), 0 continuation(s) 
[49.419s][info][gc,marking  ] GC(43) Mark Stack Usage: 32M
[49.419s][info][gc,nmethod  ] GC(43) NMethods: 1883 registered, 349 unregistered
[49.419s][info][gc,metaspace] GC(43) Metaspace: 9M used, 9M committed, 1088M reserved
[49.419s][info][gc,ref      ] GC(43) Soft: 214 encountered, 0 discovered, 0 enqueued
[49.419s][info][gc,ref      ] GC(43) Weak: 807 encountered, 188 discovered, 0 enqueued
[49.419s][info][gc,ref      ] GC(43) Final: 0 encountered, 0 discovered, 0 enqueued
[49.419s][info][gc,ref      ] GC(43) Phantom: 27 encountered, 14 discovered, 0 enqueued
[49.419s][info][gc,reloc    ] GC(43) Small Pages: 200 / 400M, Empty: 336M, Relocated: 1M, In-Place: 0
[49.420s][info][gc,reloc    ] GC(43) Medium Pages: 0 / 0M, Empty: 0M, Relocated: 0M, In-Place: 0
[49.420s][info][gc,reloc    ] GC(43) Large Pages: 0 / 0M, Empty: 0M, Relocated: 0M, In-Place: 0
[49.420s][info][gc,reloc    ] GC(43) Forwarding Usage: 0M
[49.420s][info][gc,heap     ] GC(43) Min Capacity: 8M(2%)
[49.420s][info][gc,heap     ] GC(43) Max Capacity: 512M(100%)
[49.420s][info][gc,heap     ] GC(43) Soft Max Capacity: 512M(100%)
[49.420s][info][gc,heap     ] GC(43)                Mark Start          Mark End        Relocate Start      Relocate End           High               Low         
[49.420s][info][gc,heap     ] GC(43)  Capacity:      512M (100%)        512M (100%)        512M (100%)        512M (100%)        512M (100%)        512M (100%)   
[49.420s][info][gc,heap     ] GC(43)      Free:      112M (22%)         102M (20%)         436M (85%)         492M (96%)         492M (96%)         100M (20%)    
[49.420s][info][gc,heap     ] GC(43)      Used:      400M (78%)         410M (80%)          76M (15%)          20M (4%)          412M (80%)          20M (4%)     
[49.420s][info][gc,heap     ] GC(43)      Live:         -                 6M (1%)            6M (1%)            6M (1%)             -                  -          
[49.420s][info][gc,heap     ] GC(43) Allocated:         -                10M (2%)           12M (2%)           11M (2%)             -                  -          
[49.420s][info][gc,heap     ] GC(43)   Garbage:         -               393M (77%)          57M (11%)           1M (0%)             -                  -          
[49.420s][info][gc,heap     ] GC(43) Reclaimed:         -                  -               336M (66%)         391M (77%)            -                  -          
[49.420s][info][gc          ] GC(43) Garbage Collection (Allocation Rate) 400M(78%)->20M(4%)
[50.005s][info][gc,start    ] GC(44) Garbage Collection (System.gc())
[50.005s][info][gc,task     ] GC(44) Using 5 workers
[50.006s][info][gc,phases   ] GC(44) Pause Mark Start 0.019ms
[50.021s][info][gc,phases   ] GC(44) Concurrent Mark 15.342ms
[50.021s][info][gc,phases   ] GC(44) Pause Mark End 0.016ms
[50.021s][info][gc,phases   ] GC(44) Concurrent Mark Free 0.001ms
[50.023s][info][gc,phases   ] GC(44) Concurrent Process Non-Strong References 1.628ms
[50.023s][info][gc,phases   ] GC(44) Concurrent Reset Relocation Set 0.004ms
[50.027s][info][gc,phases   ] GC(44) Concurrent Select Relocation Set 3.707ms
[50.027s][info][gc,phases   ] GC(44) Pause Relocate Start 0.008ms
[50.029s][info][gc,phases   ] GC(44) Concurrent Relocate 1.676ms
[50.029s][info][gc,load     ] GC(44) Load: 0.00/0.00/0.00
[50.029s][info][gc,mmu      ] GC(44) MMU: 2ms/99.0%, 5ms/99.6%, 10ms/99.7%, 20ms/99.8%, 50ms/99.9%, 100ms/100.0%
[50.029s][info][gc,marking  ] GC(44) Mark: 4 stripe(s), 2 proactive flush(es), 1 terminate flush(es), 0 completion(s), 0 continuation(s) 
[50.029s][info][gc,marking  ] GC(44) Mark Stack Usage: 32M
[50.029s][info][gc,nmethod  ] GC(44) NMethods: 1889 registered, 349 unregistered
[50.029s][info][gc,metaspace] GC(44) Metaspace: 9M used, 9M committed, 1088M reserved
[50.029s][info][gc,ref      ] GC(44) Soft: 214 encountered, 0 discovered, 0 enqueued
[50.029s][info][gc,ref      ] GC(44) Weak: 807 encountered, 417 discovered, 0 enqueued
[50.029s][info][gc,ref      ] GC(44) Final: 0 encountered, 0 discovered, 0 enqueued
[50.029s][info][gc,ref      ] GC(44) Phantom: 27 encountered, 14 discovered, 0 enqueued
[50.029s][info][gc,reloc    ] GC(44) Small Pages: 105 / 210M, Empty: 198M, Relocated: 1M, In-Place: 0
[50.029s][info][gc,reloc    ] GC(44) Medium Pages: 0 / 0M, Empty: 0M, Relocated: 0M, In-Place: 0
[50.029s][info][gc,reloc    ] GC(44) Large Pages: 0 / 0M, Empty: 0M, Relocated: 0M, In-Place: 0
[50.029s][info][gc,reloc    ] GC(44) Forwarding Usage: 0M
[50.029s][info][gc,heap     ] GC(44) Min Capacity: 8M(2%)
[50.029s][info][gc,heap     ] GC(44) Max Capacity: 512M(100%)
[50.029s][info][gc,heap     ] GC(44) Soft Max Capacity: 512M(100%)
[50.029s][info][gc,heap     ] GC(44)                Mark Start          Mark End        Relocate Start      Relocate End           High               Low         
[50.029s][info][gc,heap     ] GC(44)  Capacity:      512M (100%)        512M (100%)        512M (100%)        512M (100%)        512M (100%)        512M (100%)   
[50.029s][info][gc,heap     ] GC(44)      Free:      302M (59%)         302M (59%)         500M (98%)         500M (98%)         500M (98%)         302M (59%)    
[50.029s][info][gc,heap     ] GC(44)      Used:      210M (41%)         210M (41%)          12M (2%)           12M (2%)          210M (41%)          12M (2%)     
[50.029s][info][gc,heap     ] GC(44)      Live:         -                 4M (1%)            4M (1%)            4M (1%)             -                  -          
[50.029s][info][gc,heap     ] GC(44) Allocated:         -                 0M (0%)            0M (0%)            0M (0%)             -                  -          
[50.029s][info][gc,heap     ] GC(44)   Garbage:         -               205M (40%)           7M (1%)            7M (1%)             -                  -          
[50.029s][info][gc,heap     ] GC(44) Reclaimed:         -                  -               198M (39%)         198M (39%)            -                  -          
[50.029s][info][gc          ] GC(44) Garbage Collection (System.gc()) 210M(41%)->12M(2%)
[50.084s][info][gc,stats    ] === Garbage Collection Statistics =======================================================================================================================
[50.084s][info][gc,stats    ]                                                              Last 10s              Last 10m              Last 10h                Total
[50.084s][info][gc,stats    ]                                                              Avg / Max             Avg / Max             Avg / Max             Avg / Max
[50.084s][info][gc,stats    ]   Collector: Garbage Collection Cycle                     36.247 / 46.522       38.206 / 57.234       38.206 / 57.234       38.206 / 57.234      ms
[50.084s][info][gc,stats    ]  Contention: Mark Segment Reset Contention                     0 / 1                 0 / 3                 0 / 3                 0 / 3           ops/s
[50.084s][info][gc,stats    ]  Contention: Mark SeqNum Reset Contention                      0 / 0                 0 / 1                 0 / 1                 0 / 1           ops/s
[50.084s][info][gc,stats    ]    Critical: Allocation Stall                                  0 / 0                 0 / 0                 0 / 0                 0 / 0           ops/s
[50.084s][info][gc,stats    ]    Critical: Allocation Stall                              0.000 / 0.000         0.000 / 0.000         0.000 / 0.000         0.000 / 0.000       ms
[50.084s][info][gc,stats    ]    Critical: GC Locker Stall                                   0 / 0                 0 / 0                 0 / 0                 0 / 0           ops/s
[50.084s][info][gc,stats    ]    Critical: GC Locker Stall                               0.000 / 0.000         0.000 / 0.000         0.000 / 0.000         0.000 / 0.000       ms
[50.084s][info][gc,stats    ]    Critical: Relocation Stall                                  0 / 0                 0 / 0                 0 / 0                 0 / 0           ops/s
[50.084s][info][gc,stats    ]    Critical: Relocation Stall                              0.000 / 0.000         0.000 / 0.000         0.000 / 0.000         0.000 / 0.000       ms
[50.084s][info][gc,stats    ]      Memory: Allocation Rate                                 322 / 330             310 / 330             310 / 330             310 / 330         MB/s
[50.084s][info][gc,stats    ]      Memory: Defragment                                        0 / 0                 0 / 0                 0 / 0                 0 / 0           ops/s
[50.084s][info][gc,stats    ]      Memory: Out Of Memory                                     0 / 0                 0 / 0                 0 / 0                 0 / 0           ops/s
[50.084s][info][gc,stats    ]      Memory: Page Cache Flush                                  0 / 0                 0 / 0                 0 / 0                 0 / 0           MB/s
[50.084s][info][gc,stats    ]      Memory: Page Cache Hit L1                               163 / 168             153 / 169             153 / 169             153 / 169         ops/s
[50.084s][info][gc,stats    ]      Memory: Page Cache Hit L2                                 0 / 0                 0 / 0                 0 / 0                 0 / 0           ops/s
[50.084s][info][gc,stats    ]      Memory: Page Cache Hit L3                                 0 / 0                 4 / 77                4 / 77                4 / 77          ops/s
[50.084s][info][gc,stats    ]      Memory: Page Cache Miss                                   0 / 0                 0 / 1                 0 / 1                 0 / 1           ops/s
[50.084s][info][gc,stats    ]      Memory: Uncommit                                          0 / 0                 0 / 0                 0 / 0                 0 / 0           MB/s
[50.084s][info][gc,stats    ]      Memory: Undo Object Allocation Failed                     0 / 3                 0 / 3                 0 / 3                 0 / 3           ops/s
[50.084s][info][gc,stats    ]      Memory: Undo Object Allocation Succeeded                  1 / 7                 0 / 7                 0 / 7                 0 / 7           ops/s
[50.084s][info][gc,stats    ]      Memory: Undo Page Allocation                              2 / 5                 1 / 10                1 / 10                1 / 10          ops/s
[50.084s][info][gc,stats    ]       Phase: Concurrent Mark                              23.483 / 29.605       23.507 / 38.107       23.507 / 38.107       23.507 / 38.107      ms
[50.084s][info][gc,stats    ]       Phase: Concurrent Mark Continue                      0.000 / 0.000         0.000 / 0.000         0.000 / 0.000         0.000 / 0.000       ms
[50.085s][info][gc,stats    ]       Phase: Concurrent Mark Free                          0.001 / 0.002         0.001 / 0.002         0.001 / 0.002         0.001 / 0.002       ms
[50.085s][info][gc,stats    ]       Phase: Concurrent Process Non-Strong References      4.616 / 6.999         4.546 / 7.613         4.546 / 7.613         4.546 / 7.613       ms
[50.085s][info][gc,stats    ]       Phase: Concurrent Relocate                           3.003 / 4.844         4.284 / 8.950         4.284 / 8.950         4.284 / 8.950       ms
[50.085s][info][gc,stats    ]       Phase: Concurrent Reset Relocation Set               0.008 / 0.014         0.007 / 0.015         0.007 / 0.015         0.007 / 0.015       ms
[50.085s][info][gc,stats    ]       Phase: Concurrent Select Relocation Set              4.026 / 5.350         4.766 / 14.681        4.766 / 14.681        4.766 / 14.681      ms
[50.085s][info][gc,stats    ]       Phase: Pause Mark End                                0.017 / 0.021         0.017 / 0.021         0.017 / 0.021         0.017 / 0.021       ms
[50.085s][info][gc,stats    ]       Phase: Pause Mark Start                              0.017 / 0.019         0.017 / 0.019         0.017 / 0.019         0.017 / 0.019       ms
[50.085s][info][gc,stats    ]       Phase: Pause Relocate Start                          0.009 / 0.011         0.008 / 0.011         0.008 / 0.011         0.008 / 0.011       ms
[50.085s][info][gc,stats    ]    Subphase: Concurrent Classes Purge                      0.005 / 0.006         0.055 / 0.583         0.055 / 0.583         0.055 / 0.583       ms
[50.085s][info][gc,stats    ]    Subphase: Concurrent Classes Unlink                     3.753 / 5.681         3.625 / 5.782         3.625 / 5.782         3.625 / 5.782       ms
[50.085s][info][gc,stats    ]    Subphase: Concurrent Mark                              16.802 / 27.157       16.138 / 34.990       16.138 / 34.990       16.138 / 34.990      ms
[50.085s][info][gc,stats    ]    Subphase: Concurrent Mark Try Flush                     0.058 / 0.099         0.058 / 0.187         0.058 / 0.187         0.058 / 0.187       ms
[50.085s][info][gc,stats    ]    Subphase: Concurrent Mark Try Terminate                 4.124 / 12.838        3.601 / 16.135        3.601 / 16.135        3.601 / 16.135      ms
[50.085s][info][gc,stats    ]    Subphase: Concurrent References Enqueue                 0.000 / 0.001         0.001 / 0.005         0.001 / 0.005         0.001 / 0.005       ms
[50.085s][info][gc,stats    ]    Subphase: Concurrent References Process                 0.050 / 0.066         0.054 / 0.114         0.054 / 0.114         0.054 / 0.114       ms
[50.085s][info][gc,stats    ]    Subphase: Concurrent Roots ClassLoaderDataGraph         0.148 / 0.359         0.176 / 0.631         0.176 / 0.631         0.176 / 0.631       ms
[50.085s][info][gc,stats    ]    Subphase: Concurrent Roots CodeCache                    0.000 / 0.000         0.000 / 0.000         0.000 / 0.000         0.000 / 0.000       ms
[50.085s][info][gc,stats    ]    Subphase: Concurrent Roots JavaThreads                  1.011 / 2.123         0.915 / 2.289         0.915 / 2.289         0.915 / 2.289       ms
[50.085s][info][gc,stats    ]    Subphase: Concurrent Roots OopStorageSet                0.031 / 0.061         0.037 / 0.136         0.037 / 0.136         0.037 / 0.136       ms
[50.085s][info][gc,stats    ]    Subphase: Concurrent Weak Roots OopStorageSet           0.414 / 1.153         0.395 / 1.768         0.395 / 1.768         0.395 / 1.768       ms
[50.085s][info][gc,stats    ]    Subphase: Pause Mark Try Complete                       0.000 / 0.000         0.000 / 0.000         0.000 / 0.000         0.000 / 0.000       ms
[50.085s][info][gc,stats    ]      System: Java Threads                                     34 / 35               31 / 35               31 / 35               31 / 35          threads
[50.085s][info][gc,stats    ] =========================================================================================================================================================
[51.282s][info][gc,start    ] GC(45) Garbage Collection (Allocation Rate)
[51.283s][info][gc,task     ] GC(45) Using 1 workers
[51.283s][info][gc,phases   ] GC(45) Pause Mark Start 0.017ms
[51.310s][info][gc,phases   ] GC(45) Concurrent Mark 27.109ms
[51.310s][info][gc,phases   ] GC(45) Pause Mark End 0.020ms
[51.310s][info][gc,phases   ] GC(45) Concurrent Mark Free 0.001ms
[51.317s][info][gc,phases   ] GC(45) Concurrent Process Non-Strong References 6.924ms
[51.317s][info][gc,phases   ] GC(45) Concurrent Reset Relocation Set 0.001ms
[51.323s][info][gc,phases   ] GC(45) Concurrent Select Relocation Set 5.395ms
[51.323s][info][gc,phases   ] GC(45) Pause Relocate Start 0.009ms
[51.330s][info][gc,phases   ] GC(45) Concurrent Relocate 7.156ms
[51.330s][info][gc,load     ] GC(45) Load: 0.00/0.00/0.00
[51.330s][info][gc,mmu      ] GC(45) MMU: 2ms/99.0%, 5ms/99.6%, 10ms/99.7%, 20ms/99.8%, 50ms/99.9%, 100ms/100.0%
[51.330s][info][gc,marking  ] GC(45) Mark: 1 stripe(s), 2 proactive flush(es), 1 terminate flush(es), 0 completion(s), 0 continuation(s) 
[51.330s][info][gc,marking  ] GC(45) Mark Stack Usage: 32M
[51.330s][info][gc,nmethod  ] GC(45) NMethods: 1890 registered, 349 unregistered
[51.330s][info][gc,metaspace] GC(45) Metaspace: 9M used, 9M committed, 1088M reserved
[51.330s][info][gc,ref      ] GC(45) Soft: 214 encountered, 0 discovered, 0 enqueued
[51.330s][info][gc,ref      ] GC(45) Weak: 807 encountered, 189 discovered, 0 enqueued
[51.330s][info][gc,ref      ] GC(45) Final: 0 encountered, 0 discovered, 0 enqueued
[51.330s][info][gc,ref      ] GC(45) Phantom: 27 encountered, 14 discovered, 0 enqueued
[51.330s][info][gc,reloc    ] GC(45) Small Pages: 207 / 414M, Empty: 294M, Relocated: 2M, In-Place: 0
[51.330s][info][gc,reloc    ] GC(45) Medium Pages: 0 / 0M, Empty: 0M, Relocated: 0M, In-Place: 0
[51.331s][info][gc,reloc    ] GC(45) Large Pages: 0 / 0M, Empty: 0M, Relocated: 0M, In-Place: 0
[51.331s][info][gc,reloc    ] GC(45) Forwarding Usage: 1M
[51.331s][info][gc,heap     ] GC(45) Min Capacity: 8M(2%)
[51.331s][info][gc,heap     ] GC(45) Max Capacity: 512M(100%)
[51.331s][info][gc,heap     ] GC(45) Soft Max Capacity: 512M(100%)
[51.331s][info][gc,heap     ] GC(45)                Mark Start          Mark End        Relocate Start      Relocate End           High               Low         
[51.331s][info][gc,heap     ] GC(45)  Capacity:      512M (100%)        512M (100%)        512M (100%)        512M (100%)        512M (100%)        512M (100%)   
[51.331s][info][gc,heap     ] GC(45)      Free:       98M (19%)          88M (17%)         378M (74%)         488M (95%)         488M (95%)          86M (17%)    
[51.331s][info][gc,heap     ] GC(45)      Used:      414M (81%)         424M (83%)         134M (26%)          24M (5%)          426M (83%)          24M (5%)     
[51.331s][info][gc,heap     ] GC(45)      Live:         -                 6M (1%)            6M (1%)            6M (1%)             -                  -          
[51.331s][info][gc,heap     ] GC(45) Allocated:         -                10M (2%)           14M (3%)           15M (3%)             -                  -          
[51.331s][info][gc,heap     ] GC(45)   Garbage:         -               407M (80%)         113M (22%)           1M (0%)             -                  -          
[51.331s][info][gc,heap     ] GC(45) Reclaimed:         -                  -               294M (57%)         405M (79%)            -                  -          
[51.331s][info][gc          ] GC(45) Garbage Collection (Allocation Rate) 414M(81%)->24M(5%)
[52.579s][info][gc,start    ] GC(46) Garbage Collection (Allocation Rate)
[52.579s][info][gc,task     ] GC(46) Using 1 workers
[52.579s][info][gc,phases   ] GC(46) Pause Mark Start 0.018ms
[52.607s][info][gc,phases   ] GC(46) Concurrent Mark 28.021ms
[52.608s][info][gc,phases   ] GC(46) Pause Mark End 0.018ms
[52.608s][info][gc,phases   ] GC(46) Concurrent Mark Free 0.001ms
[52.615s][info][gc,phases   ] GC(46) Concurrent Process Non-Strong References 6.912ms
[52.615s][info][gc,phases   ] GC(46) Concurrent Reset Relocation Set 0.011ms
[52.619s][info][gc,phases   ] GC(46) Concurrent Select Relocation Set 3.998ms
[52.619s][info][gc,phases   ] GC(46) Pause Relocate Start 0.011ms
[52.622s][info][gc,phases   ] GC(46) Concurrent Relocate 2.829ms
[52.622s][info][gc,load     ] GC(46) Load: 0.00/0.00/0.00
[52.622s][info][gc,mmu      ] GC(46) MMU: 2ms/99.0%, 5ms/99.6%, 10ms/99.7%, 20ms/99.8%, 50ms/99.9%, 100ms/100.0%
[52.622s][info][gc,marking  ] GC(46) Mark: 1 stripe(s), 2 proactive flush(es), 1 terminate flush(es), 0 completion(s), 0 continuation(s) 
[52.622s][info][gc,marking  ] GC(46) Mark Stack Usage: 32M
[52.622s][info][gc,nmethod  ] GC(46) NMethods: 1890 registered, 349 unregistered
[52.622s][info][gc,metaspace] GC(46) Metaspace: 9M used, 9M committed, 1088M reserved
[52.622s][info][gc,ref      ] GC(46) Soft: 214 encountered, 0 discovered, 0 enqueued
[52.622s][info][gc,ref      ] GC(46) Weak: 807 encountered, 189 discovered, 0 enqueued
[52.622s][info][gc,ref      ] GC(46) Final: 0 encountered, 0 discovered, 0 enqueued
[52.622s][info][gc,ref      ] GC(46) Phantom: 27 encountered, 14 discovered, 0 enqueued
[52.622s][info][gc,reloc    ] GC(46) Small Pages: 214 / 428M, Empty: 348M, Relocated: 1M, In-Place: 0
[52.622s][info][gc,reloc    ] GC(46) Medium Pages: 0 / 0M, Empty: 0M, Relocated: 0M, In-Place: 0
[52.622s][info][gc,reloc    ] GC(46) Large Pages: 0 / 0M, Empty: 0M, Relocated: 0M, In-Place: 0
[52.622s][info][gc,reloc    ] GC(46) Forwarding Usage: 0M
[52.622s][info][gc,heap     ] GC(46) Min Capacity: 8M(2%)
[52.622s][info][gc,heap     ] GC(46) Max Capacity: 512M(100%)
[52.622s][info][gc,heap     ] GC(46) Soft Max Capacity: 512M(100%)
[52.622s][info][gc,heap     ] GC(46)                Mark Start          Mark End        Relocate Start      Relocate End           High               Low         
[52.622s][info][gc,heap     ] GC(46)  Capacity:      512M (100%)        512M (100%)        512M (100%)        512M (100%)        512M (100%)        512M (100%)   
[52.622s][info][gc,heap     ] GC(46)      Free:       84M (16%)          74M (14%)         416M (81%)         488M (95%)         488M (95%)          70M (14%)    
[52.622s][info][gc,heap     ] GC(46)      Used:      428M (84%)         438M (86%)          96M (19%)          24M (5%)          442M (86%)          24M (5%)     
[52.622s][info][gc,heap     ] GC(46)      Live:         -                 6M (1%)            6M (1%)            6M (1%)             -                  -          
[52.623s][info][gc,heap     ] GC(46) Allocated:         -                10M (2%)           16M (3%)           15M (3%)             -                  -          
[52.623s][info][gc,heap     ] GC(46)   Garbage:         -               421M (82%)          73M (14%)           1M (0%)             -                  -          
[52.623s][info][gc,heap     ] GC(46) Reclaimed:         -                  -               348M (68%)         419M (82%)            -                  -          
[52.623s][info][gc          ] GC(46) Garbage Collection (Allocation Rate) 428M(84%)->24M(5%)
[53.782s][info][gc,start    ] GC(47) Garbage Collection (Proactive)
[53.782s][info][gc,task     ] GC(47) Using 5 workers
[53.782s][info][gc,phases   ] GC(47) Pause Mark Start 0.017ms
[53.797s][info][gc,phases   ] GC(47) Concurrent Mark 15.215ms
[53.798s][info][gc,phases   ] GC(47) Pause Mark End 0.015ms
[53.798s][info][gc,phases   ] GC(47) Concurrent Mark Free 0.001ms
[53.799s][info][gc,phases   ] GC(47) Concurrent Process Non-Strong References 1.605ms
[53.799s][info][gc,phases   ] GC(47) Concurrent Reset Relocation Set 0.006ms
[53.804s][info][gc,phases   ] GC(47) Concurrent Select Relocation Set 4.925ms
[53.805s][info][gc,phases   ] GC(47) Pause Relocate Start 0.007ms
[53.807s][info][gc,phases   ] GC(47) Concurrent Relocate 2.053ms
[53.807s][info][gc,load     ] GC(47) Load: 0.00/0.00/0.00
[53.807s][info][gc,mmu      ] GC(47) MMU: 2ms/99.0%, 5ms/99.6%, 10ms/99.7%, 20ms/99.8%, 50ms/99.9%, 100ms/100.0%
[53.807s][info][gc,marking  ] GC(47) Mark: 4 stripe(s), 2 proactive flush(es), 1 terminate flush(es), 0 completion(s), 0 continuation(s) 
[53.807s][info][gc,marking  ] GC(47) Mark Stack Usage: 32M
[53.807s][info][gc,nmethod  ] GC(47) NMethods: 1890 registered, 349 unregistered
[53.807s][info][gc,metaspace] GC(47) Metaspace: 9M used, 9M committed, 1088M reserved
[53.807s][info][gc,ref      ] GC(47) Soft: 214 encountered, 0 discovered, 0 enqueued
[53.807s][info][gc,ref      ] GC(47) Weak: 807 encountered, 399 discovered, 0 enqueued
[53.807s][info][gc,ref      ] GC(47) Final: 0 encountered, 0 discovered, 0 enqueued
[53.807s][info][gc,ref      ] GC(47) Phantom: 27 encountered, 23 discovered, 0 enqueued
[53.807s][info][gc,reloc    ] GC(47) Small Pages: 196 / 392M, Empty: 278M, Relocated: 1M, In-Place: 0
[53.807s][info][gc,reloc    ] GC(47) Medium Pages: 0 / 0M, Empty: 0M, Relocated: 0M, In-Place: 0
[53.807s][info][gc,reloc    ] GC(47) Large Pages: 0 / 0M, Empty: 0M, Relocated: 0M, In-Place: 0
[53.807s][info][gc,reloc    ] GC(47) Forwarding Usage: 0M
[53.807s][info][gc,heap     ] GC(47) Min Capacity: 8M(2%)
[53.807s][info][gc,heap     ] GC(47) Max Capacity: 512M(100%)
[53.807s][info][gc,heap     ] GC(47) Soft Max Capacity: 512M(100%)
[53.807s][info][gc,heap     ] GC(47)                Mark Start          Mark End        Relocate Start      Relocate End           High               Low         
[53.807s][info][gc,heap     ] GC(47)  Capacity:      512M (100%)        512M (100%)        512M (100%)        512M (100%)        512M (100%)        512M (100%)   
[53.807s][info][gc,heap     ] GC(47)      Free:      120M (23%)         114M (22%)         390M (76%)         488M (95%)         488M (95%)         114M (22%)    
[53.807s][info][gc,heap     ] GC(47)      Used:      392M (77%)         398M (78%)         122M (24%)          24M (5%)          398M (78%)          24M (5%)     
[53.807s][info][gc,heap     ] GC(47)      Live:         -                 6M (1%)            6M (1%)            6M (1%)             -                  -          
[53.807s][info][gc,heap     ] GC(47) Allocated:         -                 6M (1%)            8M (2%)            7M (2%)             -                  -          
[53.807s][info][gc,heap     ] GC(47)   Garbage:         -               385M (75%)         107M (21%)           9M (2%)             -                  -          
[53.807s][info][gc,heap     ] GC(47) Reclaimed:         -                  -               278M (54%)         375M (73%)            -                  -          
[53.808s][info][gc          ] GC(47) Garbage Collection (Proactive) 392M(77%)->24M(5%)
[54.985s][info][gc,start    ] GC(48) Garbage Collection (Allocation Rate)
[54.985s][info][gc,task     ] GC(48) Using 1 workers
[54.985s][info][gc,phases   ] GC(48) Pause Mark Start 0.017ms
[55.010s][info][gc,phases   ] GC(48) Concurrent Mark 25.222ms
[55.010s][info][gc,phases   ] GC(48) Pause Mark End 0.019ms
[55.011s][info][gc,phases   ] GC(48) Concurrent Mark Free 0.001ms
[55.018s][info][gc,phases   ] GC(48) Concurrent Process Non-Strong References 6.958ms
[55.018s][info][gc,phases   ] GC(48) Concurrent Reset Relocation Set 0.007ms
[55.021s][info][gc,phases   ] GC(48) Concurrent Select Relocation Set 3.828ms
[55.022s][info][gc,phases   ] GC(48) Pause Relocate Start 0.010ms
[55.025s][info][gc,phases   ] GC(48) Concurrent Relocate 2.892ms
[55.025s][info][gc,load     ] GC(48) Load: 0.00/0.00/0.00
[55.025s][info][gc,mmu      ] GC(48) MMU: 2ms/99.0%, 5ms/99.6%, 10ms/99.7%, 20ms/99.8%, 50ms/99.9%, 100ms/100.0%
[55.025s][info][gc,marking  ] GC(48) Mark: 1 stripe(s), 2 proactive flush(es), 1 terminate flush(es), 0 completion(s), 0 continuation(s) 
[55.025s][info][gc,marking  ] GC(48) Mark Stack Usage: 32M
[55.025s][info][gc,nmethod  ] GC(48) NMethods: 1891 registered, 349 unregistered
[55.025s][info][gc,metaspace] GC(48) Metaspace: 9M used, 9M committed, 1088M reserved
[55.025s][info][gc,ref      ] GC(48) Soft: 214 encountered, 0 discovered, 0 enqueued
[55.025s][info][gc,ref      ] GC(48) Weak: 807 encountered, 9 discovered, 0 enqueued
[55.025s][info][gc,ref      ] GC(48) Final: 0 encountered, 0 discovered, 0 enqueued
[55.025s][info][gc,ref      ] GC(48) Phantom: 27 encountered, 14 discovered, 0 enqueued
[55.025s][info][gc,reloc    ] GC(48) Small Pages: 201 / 402M, Empty: 324M, Relocated: 1M, In-Place: 0
[55.025s][info][gc,reloc    ] GC(48) Medium Pages: 0 / 0M, Empty: 0M, Relocated: 0M, In-Place: 0
[55.025s][info][gc,reloc    ] GC(48) Large Pages: 0 / 0M, Empty: 0M, Relocated: 0M, In-Place: 0
[55.025s][info][gc,reloc    ] GC(48) Forwarding Usage: 0M
[55.025s][info][gc,heap     ] GC(48) Min Capacity: 8M(2%)
[55.025s][info][gc,heap     ] GC(48) Max Capacity: 512M(100%)
[55.025s][info][gc,heap     ] GC(48) Soft Max Capacity: 512M(100%)
[55.025s][info][gc,heap     ] GC(48)                Mark Start          Mark End        Relocate Start      Relocate End           High               Low         
[55.025s][info][gc,heap     ] GC(48)  Capacity:      512M (100%)        512M (100%)        512M (100%)        512M (100%)        512M (100%)        512M (100%)   
[55.025s][info][gc,heap     ] GC(48)      Free:      110M (21%)         100M (20%)         420M (82%)         490M (96%)         490M (96%)          98M (19%)    
[55.025s][info][gc,heap     ] GC(48)      Used:      402M (79%)         412M (80%)          92M (18%)          22M (4%)          414M (81%)          22M (4%)     
[55.025s][info][gc,heap     ] GC(48)      Live:         -                 6M (1%)            6M (1%)            6M (1%)             -                  -          
[55.025s][info][gc,heap     ] GC(48) Allocated:         -                10M (2%)           14M (3%)           13M (3%)             -                  -          
[55.025s][info][gc,heap     ] GC(48)   Garbage:         -               395M (77%)          71M (14%)           1M (0%)             -                  -          
[55.025s][info][gc,heap     ] GC(48) Reclaimed:         -                  -               324M (63%)         393M (77%)            -                  -          
[55.025s][info][gc          ] GC(48) Garbage Collection (Allocation Rate) 402M(79%)->22M(4%)
[56.281s][info][gc,start    ] GC(49) Garbage Collection (Allocation Rate)
[56.281s][info][gc,task     ] GC(49) Using 1 workers
[56.282s][info][gc,phases   ] GC(49) Pause Mark Start 0.017ms
[56.307s][info][gc,phases   ] GC(49) Concurrent Mark 25.612ms
[56.307s][info][gc,phases   ] GC(49) Pause Mark End 0.016ms
[56.308s][info][gc,phases   ] GC(49) Concurrent Mark Free 0.001ms
[56.314s][info][gc,phases   ] GC(49) Concurrent Process Non-Strong References 6.799ms
[56.314s][info][gc,phases   ] GC(49) Concurrent Reset Relocation Set 0.006ms
[56.318s][info][gc,phases   ] GC(49) Concurrent Select Relocation Set 4.015ms
[56.319s][info][gc,phases   ] GC(49) Pause Relocate Start 0.010ms
[56.323s][info][gc,phases   ] GC(49) Concurrent Relocate 4.424ms
[56.323s][info][gc,load     ] GC(49) Load: 0.00/0.00/0.00
[56.323s][info][gc,mmu      ] GC(49) MMU: 2ms/99.0%, 5ms/99.6%, 10ms/99.7%, 20ms/99.8%, 50ms/99.9%, 100ms/100.0%
[56.323s][info][gc,marking  ] GC(49) Mark: 1 stripe(s), 2 proactive flush(es), 1 terminate flush(es), 0 completion(s), 0 continuation(s) 
[56.323s][info][gc,marking  ] GC(49) Mark Stack Usage: 32M
[56.323s][info][gc,nmethod  ] GC(49) NMethods: 1891 registered, 349 unregistered
[56.323s][info][gc,metaspace] GC(49) Metaspace: 9M used, 9M committed, 1088M reserved
[56.323s][info][gc,ref      ] GC(49) Soft: 214 encountered, 0 discovered, 0 enqueued
[56.323s][info][gc,ref      ] GC(49) Weak: 807 encountered, 189 discovered, 0 enqueued
[56.323s][info][gc,ref      ] GC(49) Final: 0 encountered, 0 discovered, 0 enqueued
[56.323s][info][gc,ref      ] GC(49) Phantom: 27 encountered, 14 discovered, 0 enqueued
[56.323s][info][gc,reloc    ] GC(49) Small Pages: 212 / 424M, Empty: 374M, Relocated: 1M, In-Place: 0
[56.324s][info][gc,reloc    ] GC(49) Medium Pages: 0 / 0M, Empty: 0M, Relocated: 0M, In-Place: 0
[56.324s][info][gc,reloc    ] GC(49) Large Pages: 0 / 0M, Empty: 0M, Relocated: 0M, In-Place: 0
[56.324s][info][gc,reloc    ] GC(49) Forwarding Usage: 0M
[56.324s][info][gc,heap     ] GC(49) Min Capacity: 8M(2%)
[56.324s][info][gc,heap     ] GC(49) Max Capacity: 512M(100%)
[56.324s][info][gc,heap     ] GC(49) Soft Max Capacity: 512M(100%)
[56.324s][info][gc,heap     ] GC(49)                Mark Start          Mark End        Relocate Start      Relocate End           High               Low         
[56.324s][info][gc,heap     ] GC(49)  Capacity:      512M (100%)        512M (100%)        512M (100%)        512M (100%)        512M (100%)        512M (100%)   
[56.324s][info][gc,heap     ] GC(49)      Free:       88M (17%)          78M (15%)         448M (88%)         490M (96%)         490M (96%)          76M (15%)    
[56.324s][info][gc,heap     ] GC(49)      Used:      424M (83%)         434M (85%)          64M (13%)          22M (4%)          436M (85%)          22M (4%)     
[56.324s][info][gc,heap     ] GC(49)      Live:         -                 6M (1%)            6M (1%)            6M (1%)             -                  -          
[56.324s][info][gc,heap     ] GC(49) Allocated:         -                10M (2%)           14M (3%)           13M (3%)             -                  -          
[56.324s][info][gc,heap     ] GC(49)   Garbage:         -               417M (82%)          43M (9%)            1M (0%)             -                  -          
[56.324s][info][gc,heap     ] GC(49) Reclaimed:         -                  -               374M (73%)         415M (81%)            -                  -          
[56.324s][info][gc          ] GC(49) Garbage Collection (Allocation Rate) 424M(83%)->22M(4%)
[56.861s][info][gc,start    ] GC(50) Garbage Collection (System.gc())
[56.861s][info][gc,task     ] GC(50) Using 5 workers
[56.862s][info][gc,phases   ] GC(50) Pause Mark Start 0.018ms
[56.870s][info][gc,phases   ] GC(50) Concurrent Mark 8.771ms
[56.871s][info][gc,phases   ] GC(50) Pause Mark End 0.019ms
[56.871s][info][gc,phases   ] GC(50) Concurrent Mark Free 0.001ms
[56.872s][info][gc,phases   ] GC(50) Concurrent Process Non-Strong References 1.480ms
[56.872s][info][gc,phases   ] GC(50) Concurrent Reset Relocation Set 0.003ms
[56.876s][info][gc,phases   ] GC(50) Concurrent Select Relocation Set 3.671ms
[56.876s][info][gc,phases   ] GC(50) Pause Relocate Start 0.009ms
[56.877s][info][gc,phases   ] GC(50) Concurrent Relocate 1.383ms
[56.877s][info][gc,load     ] GC(50) Load: 0.00/0.00/0.00
[56.878s][info][gc,mmu      ] GC(50) MMU: 2ms/99.0%, 5ms/99.6%, 10ms/99.6%, 20ms/99.8%, 50ms/99.9%, 100ms/100.0%
[56.878s][info][gc,marking  ] GC(50) Mark: 4 stripe(s), 1 proactive flush(es), 1 terminate flush(es), 0 completion(s), 0 continuation(s) 
[56.878s][info][gc,marking  ] GC(50) Mark Stack Usage: 32M
[56.878s][info][gc,nmethod  ] GC(50) NMethods: 1892 registered, 349 unregistered
[56.878s][info][gc,metaspace] GC(50) Metaspace: 9M used, 9M committed, 1088M reserved
[56.878s][info][gc,ref      ] GC(50) Soft: 214 encountered, 0 discovered, 0 enqueued
[56.878s][info][gc,ref      ] GC(50) Weak: 807 encountered, 499 discovered, 0 enqueued
[56.878s][info][gc,ref      ] GC(50) Final: 0 encountered, 0 discovered, 0 enqueued
[56.878s][info][gc,ref      ] GC(50) Phantom: 27 encountered, 21 discovered, 0 enqueued
[56.878s][info][gc,reloc    ] GC(50) Small Pages: 95 / 190M, Empty: 178M, Relocated: 1M, In-Place: 0
[56.878s][info][gc,reloc    ] GC(50) Medium Pages: 0 / 0M, Empty: 0M, Relocated: 0M, In-Place: 0
[56.878s][info][gc,reloc    ] GC(50) Large Pages: 0 / 0M, Empty: 0M, Relocated: 0M, In-Place: 0
[56.878s][info][gc,reloc    ] GC(50) Forwarding Usage: 0M
[56.878s][info][gc,heap     ] GC(50) Min Capacity: 8M(2%)
[56.878s][info][gc,heap     ] GC(50) Max Capacity: 512M(100%)
[56.878s][info][gc,heap     ] GC(50) Soft Max Capacity: 512M(100%)
[56.878s][info][gc,heap     ] GC(50)                Mark Start          Mark End        Relocate Start      Relocate End           High               Low         
[56.878s][info][gc,heap     ] GC(50)  Capacity:      512M (100%)        512M (100%)        512M (100%)        512M (100%)        512M (100%)        512M (100%)   
[56.878s][info][gc,heap     ] GC(50)      Free:      322M (63%)         322M (63%)         500M (98%)         500M (98%)         500M (98%)         322M (63%)    
[56.878s][info][gc,heap     ] GC(50)      Used:      190M (37%)         190M (37%)          12M (2%)           12M (2%)          190M (37%)          12M (2%)     
[56.878s][info][gc,heap     ] GC(50)      Live:         -                 4M (1%)            4M (1%)            4M (1%)             -                  -          
[56.878s][info][gc,heap     ] GC(50) Allocated:         -                 0M (0%)            0M (0%)            0M (0%)             -                  -          
[56.878s][info][gc,heap     ] GC(50)   Garbage:         -               185M (36%)           7M (1%)            7M (1%)             -                  -          
[56.878s][info][gc,heap     ] GC(50) Reclaimed:         -                  -               178M (35%)         178M (35%)            -                  -          
[56.878s][info][gc          ] GC(50) Garbage Collection (System.gc()) 190M(37%)->12M(2%)
[58.086s][info][gc,start    ] GC(51) Garbage Collection (Proactive)
[58.086s][info][gc,task     ] GC(51) Using 5 workers
[58.086s][info][gc,phases   ] GC(51) Pause Mark Start 0.018ms
[58.102s][info][gc,phases   ] GC(51) Concurrent Mark 15.161ms
[58.102s][info][gc,phases   ] GC(51) Pause Mark End 0.018ms
[58.102s][info][gc,phases   ] GC(51) Concurrent Mark Free 0.001ms
[58.104s][info][gc,phases   ] GC(51) Concurrent Process Non-Strong References 1.610ms
[58.104s][info][gc,phases   ] GC(51) Concurrent Reset Relocation Set 0.001ms
[58.108s][info][gc,phases   ] GC(51) Concurrent Select Relocation Set 4.714ms
[58.109s][info][gc,phases   ] GC(51) Pause Relocate Start 0.008ms
[58.111s][info][gc,phases   ] GC(51) Concurrent Relocate 2.394ms
[58.111s][info][gc,load     ] GC(51) Load: 0.00/0.00/0.00
[58.111s][info][gc,mmu      ] GC(51) MMU: 2ms/99.0%, 5ms/99.6%, 10ms/99.6%, 20ms/99.8%, 50ms/99.9%, 100ms/100.0%
[58.111s][info][gc,marking  ] GC(51) Mark: 4 stripe(s), 2 proactive flush(es), 1 terminate flush(es), 0 completion(s), 0 continuation(s) 
[58.111s][info][gc,marking  ] GC(51) Mark Stack Usage: 32M
[58.111s][info][gc,nmethod  ] GC(51) NMethods: 1898 registered, 349 unregistered
[58.111s][info][gc,metaspace] GC(51) Metaspace: 9M used, 9M committed, 1088M reserved
[58.111s][info][gc,ref      ] GC(51) Soft: 214 encountered, 0 discovered, 0 enqueued
[58.111s][info][gc,ref      ] GC(51) Weak: 807 encountered, 319 discovered, 0 enqueued
[58.111s][info][gc,ref      ] GC(51) Final: 0 encountered, 0 discovered, 0 enqueued
[58.111s][info][gc,ref      ] GC(51) Phantom: 27 encountered, 21 discovered, 0 enqueued
[58.111s][info][gc,reloc    ] GC(51) Small Pages: 197 / 394M, Empty: 238M, Relocated: 2M, In-Place: 0
[58.111s][info][gc,reloc    ] GC(51) Medium Pages: 0 / 0M, Empty: 0M, Relocated: 0M, In-Place: 0
[58.111s][info][gc,reloc    ] GC(51) Large Pages: 0 / 0M, Empty: 0M, Relocated: 0M, In-Place: 0
[58.111s][info][gc,reloc    ] GC(51) Forwarding Usage: 1M
[58.112s][info][gc,heap     ] GC(51) Min Capacity: 8M(2%)
[58.112s][info][gc,heap     ] GC(51) Max Capacity: 512M(100%)
[58.112s][info][gc,heap     ] GC(51) Soft Max Capacity: 512M(100%)
[58.112s][info][gc,heap     ] GC(51)                Mark Start          Mark End        Relocate Start      Relocate End           High               Low         
[58.112s][info][gc,heap     ] GC(51)  Capacity:      512M (100%)        512M (100%)        512M (100%)        512M (100%)        512M (100%)        512M (100%)   
[58.112s][info][gc,heap     ] GC(51)      Free:      118M (23%)         112M (22%)         348M (68%)         488M (95%)         488M (95%)         110M (21%)    
[58.112s][info][gc,heap     ] GC(51)      Used:      394M (77%)         400M (78%)         164M (32%)          24M (5%)          402M (79%)          24M (5%)     
[58.112s][info][gc,heap     ] GC(51)      Live:         -                 6M (1%)            6M (1%)            6M (1%)             -                  -          
[58.112s][info][gc,heap     ] GC(51) Allocated:         -                 6M (1%)            8M (2%)            9M (2%)             -                  -          
[58.112s][info][gc,heap     ] GC(51)   Garbage:         -               387M (76%)         149M (29%)           7M (1%)             -                  -          
[58.112s][info][gc,heap     ] GC(51) Reclaimed:         -                  -               238M (46%)         379M (74%)            -                  -          
[58.112s][info][gc          ] GC(51) Garbage Collection (Proactive) 394M(77%)->24M(5%)
[59.281s][info][gc,start    ] GC(52) Garbage Collection (Allocation Rate)
[59.281s][info][gc,task     ] GC(52) Using 1 workers
[59.281s][info][gc,phases   ] GC(52) Pause Mark Start 0.017ms
[59.309s][info][gc,phases   ] GC(52) Concurrent Mark 27.754ms
[59.309s][info][gc,phases   ] GC(52) Pause Mark End 0.017ms
[59.310s][info][gc,phases   ] GC(52) Concurrent Mark Free 0.001ms
[59.317s][info][gc,phases   ] GC(52) Concurrent Process Non-Strong References 6.895ms
[59.317s][info][gc,phases   ] GC(52) Concurrent Reset Relocation Set 0.012ms
[59.321s][info][gc,phases   ] GC(52) Concurrent Select Relocation Set 3.951ms
[59.321s][info][gc,phases   ] GC(52) Pause Relocate Start 0.009ms
[59.328s][info][gc,phases   ] GC(52) Concurrent Relocate 6.810ms
[59.328s][info][gc,load     ] GC(52) Load: 0.00/0.00/0.00
[59.328s][info][gc,mmu      ] GC(52) MMU: 2ms/99.0%, 5ms/99.6%, 10ms/99.6%, 20ms/99.8%, 50ms/99.9%, 100ms/100.0%
[59.328s][info][gc,marking  ] GC(52) Mark: 1 stripe(s), 2 proactive flush(es), 1 terminate flush(es), 0 completion(s), 0 continuation(s) 
[59.328s][info][gc,marking  ] GC(52) Mark Stack Usage: 32M
[59.328s][info][gc,nmethod  ] GC(52) NMethods: 1898 registered, 349 unregistered
[59.328s][info][gc,metaspace] GC(52) Metaspace: 9M used, 9M committed, 1088M reserved
[59.328s][info][gc,ref      ] GC(52) Soft: 214 encountered, 0 discovered, 0 enqueued
[59.328s][info][gc,ref      ] GC(52) Weak: 807 encountered, 189 discovered, 0 enqueued
[59.328s][info][gc,ref      ] GC(52) Final: 0 encountered, 0 discovered, 0 enqueued
[59.328s][info][gc,ref      ] GC(52) Phantom: 27 encountered, 14 discovered, 0 enqueued
[59.328s][info][gc,reloc    ] GC(52) Small Pages: 199 / 398M, Empty: 276M, Relocated: 2M, In-Place: 0
[59.328s][info][gc,reloc    ] GC(52) Medium Pages: 0 / 0M, Empty: 0M, Relocated: 0M, In-Place: 0
[59.328s][info][gc,reloc    ] GC(52) Large Pages: 0 / 0M, Empty: 0M, Relocated: 0M, In-Place: 0
[59.328s][info][gc,reloc    ] GC(52) Forwarding Usage: 1M
[59.328s][info][gc,heap     ] GC(52) Min Capacity: 8M(2%)
[59.328s][info][gc,heap     ] GC(52) Max Capacity: 512M(100%)
[59.328s][info][gc,heap     ] GC(52) Soft Max Capacity: 512M(100%)
[59.328s][info][gc,heap     ] GC(52)                Mark Start          Mark End        Relocate Start      Relocate End           High               Low         
[59.328s][info][gc,heap     ] GC(52)  Capacity:      512M (100%)        512M (100%)        512M (100%)        512M (100%)        512M (100%)        512M (100%)   
[59.328s][info][gc,heap     ] GC(52)      Free:      114M (22%)         104M (20%)         376M (73%)         486M (95%)         488M (95%)         100M (20%)    
[59.328s][info][gc,heap     ] GC(52)      Used:      398M (78%)         408M (80%)         136M (27%)          26M (5%)          412M (80%)          24M (5%)     
[59.328s][info][gc,heap     ] GC(52)      Live:         -                 6M (1%)            6M (1%)            6M (1%)             -                  -          
[59.328s][info][gc,heap     ] GC(52) Allocated:         -                10M (2%)           14M (3%)           17M (4%)             -                  -          
[59.328s][info][gc,heap     ] GC(52)   Garbage:         -               391M (76%)         115M (23%)           1M (0%)             -                  -          
[59.328s][info][gc,heap     ] GC(52) Reclaimed:         -                  -               276M (54%)         389M (76%)            -                  -          
[59.328s][info][gc          ] GC(52) Garbage Collection (Allocation Rate) 398M(78%)->26M(5%)
[60.085s][info][gc,stats    ] === Garbage Collection Statistics =======================================================================================================================
[60.085s][info][gc,stats    ]                                                              Last 10s              Last 10m              Last 10h                Total
[60.085s][info][gc,stats    ]                                                              Avg / Max             Avg / Max             Avg / Max             Avg / Max
[60.085s][info][gc,stats    ]   Collector: Garbage Collection Cycle                     35.613 / 47.674       37.815 / 57.234       37.815 / 57.234       37.815 / 57.234      ms
[60.085s][info][gc,stats    ]  Contention: Mark Segment Reset Contention                     0 / 3                 0 / 3                 0 / 3                 0 / 3           ops/s
[60.085s][info][gc,stats    ]  Contention: Mark SeqNum Reset Contention                      0 / 2                 0 / 2                 0 / 2                 0 / 2           ops/s
[60.085s][info][gc,stats    ]    Critical: Allocation Stall                                  0 / 0                 0 / 0                 0 / 0                 0 / 0           ops/s
[60.085s][info][gc,stats    ]    Critical: Allocation Stall                              0.000 / 0.000         0.000 / 0.000         0.000 / 0.000         0.000 / 0.000       ms
[60.085s][info][gc,stats    ]    Critical: GC Locker Stall                                   0 / 0                 0 / 0                 0 / 0                 0 / 0           ops/s
[60.085s][info][gc,stats    ]    Critical: GC Locker Stall                               0.000 / 0.000         0.000 / 0.000         0.000 / 0.000         0.000 / 0.000       ms
[60.085s][info][gc,stats    ]    Critical: Relocation Stall                                  0 / 0                 0 / 0                 0 / 0                 0 / 0           ops/s
[60.085s][info][gc,stats    ]    Critical: Relocation Stall                              0.000 / 0.000         0.000 / 0.000         0.000 / 0.000         0.000 / 0.000       ms
[60.085s][info][gc,stats    ]      Memory: Allocation Rate                                 324 / 338             312 / 338             312 / 338             312 / 338         MB/s
[60.085s][info][gc,stats    ]      Memory: Defragment                                        0 / 0                 0 / 0                 0 / 0                 0 / 0           ops/s
[60.085s][info][gc,stats    ]      Memory: Out Of Memory                                     0 / 0                 0 / 0                 0 / 0                 0 / 0           ops/s
[60.085s][info][gc,stats    ]      Memory: Page Cache Flush                                  0 / 0                 0 / 0                 0 / 0                 0 / 0           MB/s
[60.085s][info][gc,stats    ]      Memory: Page Cache Hit L1                               164 / 174             155 / 174             155 / 174             155 / 174         ops/s
[60.085s][info][gc,stats    ]      Memory: Page Cache Hit L2                                 0 / 0                 0 / 0                 0 / 0                 0 / 0           ops/s
[60.085s][info][gc,stats    ]      Memory: Page Cache Hit L3                                 0 / 0                 3 / 77                3 / 77                3 / 77          ops/s
[60.085s][info][gc,stats    ]      Memory: Page Cache Miss                                   0 / 0                 0 / 1                 0 / 1                 0 / 1           ops/s
[60.085s][info][gc,stats    ]      Memory: Uncommit                                          0 / 0                 0 / 0                 0 / 0                 0 / 0           MB/s
[60.085s][info][gc,stats    ]      Memory: Undo Object Allocation Failed                     0 / 1                 0 / 3                 0 / 3                 0 / 3           ops/s
[60.086s][info][gc,stats    ]      Memory: Undo Object Allocation Succeeded                  0 / 4                 0 / 7                 0 / 7                 0 / 7           ops/s
[60.086s][info][gc,stats    ]      Memory: Undo Page Allocation                              2 / 7                 1 / 10                1 / 10                1 / 10          ops/s
[60.086s][info][gc,stats    ]       Phase: Concurrent Mark                              21.608 / 28.021       23.221 / 38.107       23.221 / 38.107       23.221 / 38.107      ms
[60.086s][info][gc,stats    ]       Phase: Concurrent Mark Continue                      0.000 / 0.000         0.000 / 0.000         0.000 / 0.000         0.000 / 0.000       ms
[60.086s][info][gc,stats    ]       Phase: Concurrent Mark Free                          0.001 / 0.001         0.001 / 0.002         0.001 / 0.002         0.001 / 0.002       ms
[60.086s][info][gc,stats    ]       Phase: Concurrent Process Non-Strong References      4.898 / 6.958         4.599 / 7.613         4.599 / 7.613         4.599 / 7.613       ms
[60.086s][info][gc,stats    ]       Phase: Concurrent Relocate                           3.743 / 7.156         4.202 / 8.950         4.202 / 8.950         4.202 / 8.950       ms
[60.086s][info][gc,stats    ]       Phase: Concurrent Reset Relocation Set               0.006 / 0.012         0.007 / 0.015         0.007 / 0.015         0.007 / 0.015       ms
[60.086s][info][gc,stats    ]       Phase: Concurrent Select Relocation Set              4.312 / 5.395         4.697 / 14.681        4.697 / 14.681        4.697 / 14.681      ms
[60.086s][info][gc,stats    ]       Phase: Pause Mark End                                0.018 / 0.020         0.017 / 0.021         0.017 / 0.021         0.017 / 0.021       ms
[60.086s][info][gc,stats    ]       Phase: Pause Mark Start                              0.017 / 0.018         0.017 / 0.019         0.017 / 0.019         0.017 / 0.019       ms
[60.086s][info][gc,stats    ]       Phase: Pause Relocate Start                          0.009 / 0.011         0.009 / 0.011         0.009 / 0.011         0.009 / 0.011       ms
[60.086s][info][gc,stats    ]    Subphase: Concurrent Classes Purge                      0.005 / 0.005         0.047 / 0.583         0.047 / 0.583         0.047 / 0.583       ms
[60.086s][info][gc,stats    ]    Subphase: Concurrent Classes Unlink                     3.976 / 5.755         3.678 / 5.782         3.678 / 5.782         3.678 / 5.782       ms
[60.086s][info][gc,stats    ]    Subphase: Concurrent Mark                              14.550 / 25.457       15.913 / 34.990       15.913 / 34.990       15.913 / 34.990      ms
[60.086s][info][gc,stats    ]    Subphase: Concurrent Mark Try Flush                     0.062 / 0.102         0.058 / 0.187         0.058 / 0.187         0.058 / 0.187       ms
[60.086s][info][gc,stats    ]    Subphase: Concurrent Mark Try Terminate                 2.874 / 8.097         3.500 / 16.135        3.500 / 16.135        3.500 / 16.135      ms
[60.086s][info][gc,stats    ]    Subphase: Concurrent References Enqueue                 0.000 / 0.001         0.001 / 0.005         0.001 / 0.005         0.001 / 0.005       ms
[60.086s][info][gc,stats    ]    Subphase: Concurrent References Process                 0.052 / 0.065         0.053 / 0.114         0.053 / 0.114         0.053 / 0.114       ms
[60.086s][info][gc,stats    ]    Subphase: Concurrent Roots ClassLoaderDataGraph         0.154 / 0.350         0.173 / 0.631         0.173 / 0.631         0.173 / 0.631       ms
[60.086s][info][gc,stats    ]    Subphase: Concurrent Roots CodeCache                    0.000 / 0.000         0.000 / 0.000         0.000 / 0.000         0.000 / 0.000       ms
[60.086s][info][gc,stats    ]    Subphase: Concurrent Roots JavaThreads                  0.921 / 2.181         0.916 / 2.289         0.916 / 2.289         0.916 / 2.289       ms
[60.086s][info][gc,stats    ]    Subphase: Concurrent Roots OopStorageSet                0.029 / 0.058         0.036 / 0.136         0.036 / 0.136         0.036 / 0.136       ms
[60.086s][info][gc,stats    ]    Subphase: Concurrent Weak Roots OopStorageSet           0.421 / 1.117         0.398 / 1.768         0.398 / 1.768         0.398 / 1.768       ms
[60.086s][info][gc,stats    ]    Subphase: Pause Mark Try Complete                       0.000 / 0.000         0.000 / 0.000         0.000 / 0.000         0.000 / 0.000       ms
[60.086s][info][gc,stats    ]      System: Java Threads                                     35 / 35               32 / 35               32 / 35               32 / 35          threads
[60.086s][info][gc,stats    ] =========================================================================================================================================================
[60.577s][info][gc,start    ] GC(53) Garbage Collection (Allocation Rate)
[60.577s][info][gc,task     ] GC(53) Using 1 workers
[60.577s][info][gc,phases   ] GC(53) Pause Mark Start 0.017ms
[60.606s][info][gc,phases   ] GC(53) Concurrent Mark 29.110ms
[60.606s][info][gc,phases   ] GC(53) Pause Mark End 0.018ms
[60.607s][info][gc,phases   ] GC(53) Concurrent Mark Free 0.001ms
[60.614s][info][gc,phases   ] GC(53) Concurrent Process Non-Strong References 7.115ms
[60.614s][info][gc,phases   ] GC(53) Concurrent Reset Relocation Set 0.008ms
[60.618s][info][gc,phases   ] GC(53) Concurrent Select Relocation Set 4.004ms
[60.618s][info][gc,phases   ] GC(53) Pause Relocate Start 0.007ms
[60.620s][info][gc,phases   ] GC(53) Concurrent Relocate 2.447ms
[60.620s][info][gc,load     ] GC(53) Load: 0.00/0.00/0.00
[60.620s][info][gc,mmu      ] GC(53) MMU: 2ms/99.0%, 5ms/99.6%, 10ms/99.6%, 20ms/99.8%, 50ms/99.9%, 100ms/100.0%
[60.621s][info][gc,marking  ] GC(53) Mark: 1 stripe(s), 2 proactive flush(es), 1 terminate flush(es), 0 completion(s), 0 continuation(s) 
[60.621s][info][gc,marking  ] GC(53) Mark Stack Usage: 32M
[60.621s][info][gc,nmethod  ] GC(53) NMethods: 1898 registered, 349 unregistered
[60.621s][info][gc,metaspace] GC(53) Metaspace: 9M used, 9M committed, 1088M reserved
[60.621s][info][gc,ref      ] GC(53) Soft: 214 encountered, 0 discovered, 0 enqueued
[60.621s][info][gc,ref      ] GC(53) Weak: 807 encountered, 9 discovered, 0 enqueued
[60.621s][info][gc,ref      ] GC(53) Final: 0 encountered, 0 discovered, 0 enqueued
[60.621s][info][gc,ref      ] GC(53) Phantom: 27 encountered, 14 discovered, 0 enqueued
[60.621s][info][gc,reloc    ] GC(53) Small Pages: 213 / 426M, Empty: 346M, Relocated: 1M, In-Place: 0
[60.621s][info][gc,reloc    ] GC(53) Medium Pages: 0 / 0M, Empty: 0M, Relocated: 0M, In-Place: 0
[60.621s][info][gc,reloc    ] GC(53) Large Pages: 0 / 0M, Empty: 0M, Relocated: 0M, In-Place: 0
[60.621s][info][gc,reloc    ] GC(53) Forwarding Usage: 0M
[60.621s][info][gc,heap     ] GC(53) Min Capacity: 8M(2%)
[60.621s][info][gc,heap     ] GC(53) Max Capacity: 512M(100%)
[60.621s][info][gc,heap     ] GC(53) Soft Max Capacity: 512M(100%)
[60.621s][info][gc,heap     ] GC(53)                Mark Start          Mark End        Relocate Start      Relocate End           High               Low         
[60.621s][info][gc,heap     ] GC(53)  Capacity:      512M (100%)        512M (100%)        512M (100%)        512M (100%)        512M (100%)        512M (100%)   
[60.621s][info][gc,heap     ] GC(53)      Free:       86M (17%)          76M (15%)         418M (82%)         490M (96%)         490M (96%)          72M (14%)    
[60.621s][info][gc,heap     ] GC(53)      Used:      426M (83%)         436M (85%)          94M (18%)          22M (4%)          440M (86%)          22M (4%)     
[60.621s][info][gc,heap     ] GC(53)      Live:         -                 6M (1%)            6M (1%)            6M (1%)             -                  -          
[60.621s][info][gc,heap     ] GC(53) Allocated:         -                10M (2%)           14M (3%)           13M (3%)             -                  -          
[60.621s][info][gc,heap     ] GC(53)   Garbage:         -               419M (82%)          73M (14%)           1M (0%)             -                  -          
[60.621s][info][gc,heap     ] GC(53) Reclaimed:         -                  -               346M (68%)         417M (82%)            -                  -          
[60.621s][info][gc          ] GC(53) Garbage Collection (Allocation Rate) 426M(83%)->22M(4%)
[61.780s][info][gc,start    ] GC(54) Garbage Collection (Proactive)
[61.781s][info][gc,task     ] GC(54) Using 5 workers
[61.781s][info][gc,phases   ] GC(54) Pause Mark Start 0.018ms
[61.796s][info][gc,phases   ] GC(54) Concurrent Mark 15.191ms
[61.796s][info][gc,phases   ] GC(54) Pause Mark End 0.018ms
[61.796s][info][gc,phases   ] GC(54) Concurrent Mark Free 0.001ms
[61.798s][info][gc,phases   ] GC(54) Concurrent Process Non-Strong References 1.647ms
[61.798s][info][gc,phases   ] GC(54) Concurrent Reset Relocation Set 0.007ms
[61.802s][info][gc,phases   ] GC(54) Concurrent Select Relocation Set 3.745ms
[61.802s][info][gc,phases   ] GC(54) Pause Relocate Start 0.009ms
[61.804s][info][gc,phases   ] GC(54) Concurrent Relocate 1.748ms
[61.804s][info][gc,load     ] GC(54) Load: 0.00/0.00/0.00
[61.804s][info][gc,mmu      ] GC(54) MMU: 2ms/99.0%, 5ms/99.6%, 10ms/99.6%, 20ms/99.8%, 50ms/99.9%, 100ms/100.0%
[61.804s][info][gc,marking  ] GC(54) Mark: 4 stripe(s), 2 proactive flush(es), 1 terminate flush(es), 0 completion(s), 0 continuation(s) 
[61.804s][info][gc,marking  ] GC(54) Mark Stack Usage: 32M
[61.804s][info][gc,nmethod  ] GC(54) NMethods: 1898 registered, 349 unregistered
[61.804s][info][gc,metaspace] GC(54) Metaspace: 9M used, 9M committed, 1088M reserved
[61.804s][info][gc,ref      ] GC(54) Soft: 214 encountered, 0 discovered, 0 enqueued
[61.804s][info][gc,ref      ] GC(54) Weak: 807 encountered, 14 discovered, 0 enqueued
[61.804s][info][gc,ref      ] GC(54) Final: 0 encountered, 0 discovered, 0 enqueued
[61.804s][info][gc,ref      ] GC(54) Phantom: 27 encountered, 23 discovered, 0 enqueued
[61.804s][info][gc,reloc    ] GC(54) Small Pages: 197 / 394M, Empty: 332M, Relocated: 1M, In-Place: 0
[61.804s][info][gc,reloc    ] GC(54) Medium Pages: 0 / 0M, Empty: 0M, Relocated: 0M, In-Place: 0
[61.804s][info][gc,reloc    ] GC(54) Large Pages: 0 / 0M, Empty: 0M, Relocated: 0M, In-Place: 0
[61.804s][info][gc,reloc    ] GC(54) Forwarding Usage: 0M
[61.804s][info][gc,heap     ] GC(54) Min Capacity: 8M(2%)
[61.804s][info][gc,heap     ] GC(54) Max Capacity: 512M(100%)
[61.804s][info][gc,heap     ] GC(54) Soft Max Capacity: 512M(100%)
[61.804s][info][gc,heap     ] GC(54)                Mark Start          Mark End        Relocate Start      Relocate End           High               Low         
[61.804s][info][gc,heap     ] GC(54)  Capacity:      512M (100%)        512M (100%)        512M (100%)        512M (100%)        512M (100%)        512M (100%)   
[61.804s][info][gc,heap     ] GC(54)      Free:      118M (23%)         112M (22%)         442M (86%)         488M (95%)         488M (95%)         112M (22%)    
[61.805s][info][gc,heap     ] GC(54)      Used:      394M (77%)         400M (78%)          70M (14%)          24M (5%)          400M (78%)          24M (5%)     
[61.805s][info][gc,heap     ] GC(54)      Live:         -                 6M (1%)            6M (1%)            6M (1%)             -                  -          
[61.805s][info][gc,heap     ] GC(54) Allocated:         -                 6M (1%)            8M (2%)            7M (2%)             -                  -          
[61.805s][info][gc,heap     ] GC(54)   Garbage:         -               387M (76%)          55M (11%)           9M (2%)             -                  -          
[61.805s][info][gc,heap     ] GC(54) Reclaimed:         -                  -               332M (65%)         377M (74%)            -                  -          
[61.805s][info][gc          ] GC(54) Garbage Collection (Proactive) 394M(77%)->24M(5%)
[63.076s][info][gc,start    ] GC(55) Garbage Collection (Allocation Rate)
[63.076s][info][gc,task     ] GC(55) Using 1 workers
[63.076s][info][gc,phases   ] GC(55) Pause Mark Start 0.018ms
[63.102s][info][gc,phases   ] GC(55) Concurrent Mark 25.618ms
[63.102s][info][gc,phases   ] GC(55) Pause Mark End 0.017ms
[63.102s][info][gc,phases   ] GC(55) Concurrent Mark Free 0.001ms
[63.109s][info][gc,phases   ] GC(55) Concurrent Process Non-Strong References 6.311ms
[63.109s][info][gc,phases   ] GC(55) Concurrent Reset Relocation Set 0.004ms
[63.113s][info][gc,phases   ] GC(55) Concurrent Select Relocation Set 4.559ms
[63.113s][info][gc,phases   ] GC(55) Pause Relocate Start 0.010ms
[63.116s][info][gc,phases   ] GC(55) Concurrent Relocate 2.820ms
[63.116s][info][gc,load     ] GC(55) Load: 0.00/0.00/0.00
[63.116s][info][gc,mmu      ] GC(55) MMU: 2ms/99.0%, 5ms/99.6%, 10ms/99.6%, 20ms/99.8%, 50ms/99.9%, 100ms/100.0%
[63.117s][info][gc,marking  ] GC(55) Mark: 1 stripe(s), 2 proactive flush(es), 1 terminate flush(es), 0 completion(s), 0 continuation(s) 
[63.117s][info][gc,marking  ] GC(55) Mark Stack Usage: 32M
[63.117s][info][gc,nmethod  ] GC(55) NMethods: 1898 registered, 349 unregistered
[63.117s][info][gc,metaspace] GC(55) Metaspace: 9M used, 9M committed, 1088M reserved
[63.117s][info][gc,ref      ] GC(55) Soft: 214 encountered, 0 discovered, 0 enqueued
[63.117s][info][gc,ref      ] GC(55) Weak: 807 encountered, 189 discovered, 0 enqueued
[63.117s][info][gc,ref      ] GC(55) Final: 0 encountered, 0 discovered, 0 enqueued
[63.117s][info][gc,ref      ] GC(55) Phantom: 27 encountered, 14 discovered, 0 enqueued
[63.117s][info][gc,reloc    ] GC(55) Small Pages: 209 / 418M, Empty: 336M, Relocated: 1M, In-Place: 0
[63.117s][info][gc,reloc    ] GC(55) Medium Pages: 0 / 0M, Empty: 0M, Relocated: 0M, In-Place: 0
[63.117s][info][gc,reloc    ] GC(55) Large Pages: 0 / 0M, Empty: 0M, Relocated: 0M, In-Place: 0
[63.117s][info][gc,reloc    ] GC(55) Forwarding Usage: 0M
[63.117s][info][gc,heap     ] GC(55) Min Capacity: 8M(2%)
[63.117s][info][gc,heap     ] GC(55) Max Capacity: 512M(100%)
[63.117s][info][gc,heap     ] GC(55) Soft Max Capacity: 512M(100%)
[63.117s][info][gc,heap     ] GC(55)                Mark Start          Mark End        Relocate Start      Relocate End           High               Low         
[63.117s][info][gc,heap     ] GC(55)  Capacity:      512M (100%)        512M (100%)        512M (100%)        512M (100%)        512M (100%)        512M (100%)   
[63.117s][info][gc,heap     ] GC(55)      Free:       94M (18%)          84M (16%)         418M (82%)         490M (96%)         490M (96%)          82M (16%)    
[63.117s][info][gc,heap     ] GC(55)      Used:      418M (82%)         428M (84%)          94M (18%)          22M (4%)          430M (84%)          22M (4%)     
[63.117s][info][gc,heap     ] GC(55)      Live:         -                 6M (1%)            6M (1%)            6M (1%)             -                  -          
[63.117s][info][gc,heap     ] GC(55) Allocated:         -                10M (2%)           12M (2%)           13M (3%)             -                  -          
[63.117s][info][gc,heap     ] GC(55)   Garbage:         -               411M (80%)          75M (15%)           1M (0%)             -                  -          
[63.117s][info][gc,heap     ] GC(55) Reclaimed:         -                  -               336M (66%)         409M (80%)            -                  -          
[63.117s][info][gc          ] GC(55) Garbage Collection (Allocation Rate) 418M(82%)->22M(4%)
[63.791s][info][gc,start    ] GC(56) Garbage Collection (System.gc())
[63.791s][info][gc,task     ] GC(56) Using 5 workers
[63.792s][info][gc,phases   ] GC(56) Pause Mark Start 0.018ms
[63.802s][info][gc,phases   ] GC(56) Concurrent Mark 10.702ms
[63.802s][info][gc,phases   ] GC(56) Pause Mark End 0.016ms
[63.803s][info][gc,phases   ] GC(56) Concurrent Mark Free 0.001ms
[63.804s][info][gc,phases   ] GC(56) Concurrent Process Non-Strong References 1.639ms
[63.804s][info][gc,phases   ] GC(56) Concurrent Reset Relocation Set 0.007ms
[63.808s][info][gc,phases   ] GC(56) Concurrent Select Relocation Set 3.666ms
[63.808s][info][gc,phases   ] GC(56) Pause Relocate Start 0.007ms
[63.810s][info][gc,phases   ] GC(56) Concurrent Relocate 1.502ms
[63.810s][info][gc,load     ] GC(56) Load: 0.00/0.00/0.00
[63.810s][info][gc,mmu      ] GC(56) MMU: 2ms/99.0%, 5ms/99.6%, 10ms/99.6%, 20ms/99.8%, 50ms/99.9%, 100ms/100.0%
[63.810s][info][gc,marking  ] GC(56) Mark: 4 stripe(s), 2 proactive flush(es), 1 terminate flush(es), 0 completion(s), 0 continuation(s) 
[63.810s][info][gc,marking  ] GC(56) Mark Stack Usage: 32M
[63.810s][info][gc,nmethod  ] GC(56) NMethods: 1898 registered, 349 unregistered
[63.810s][info][gc,metaspace] GC(56) Metaspace: 9M used, 9M committed, 1088M reserved
[63.810s][info][gc,ref      ] GC(56) Soft: 214 encountered, 0 discovered, 0 enqueued
[63.810s][info][gc,ref      ] GC(56) Weak: 807 encountered, 47 discovered, 0 enqueued
[63.810s][info][gc,ref      ] GC(56) Final: 0 encountered, 0 discovered, 0 enqueued
[63.810s][info][gc,ref      ] GC(56) Phantom: 27 encountered, 23 discovered, 0 enqueued
[63.810s][info][gc,reloc    ] GC(56) Small Pages: 113 / 226M, Empty: 212M, Relocated: 1M, In-Place: 0
[63.810s][info][gc,reloc    ] GC(56) Medium Pages: 0 / 0M, Empty: 0M, Relocated: 0M, In-Place: 0
[63.810s][info][gc,reloc    ] GC(56) Large Pages: 0 / 0M, Empty: 0M, Relocated: 0M, In-Place: 0
[63.810s][info][gc,reloc    ] GC(56) Forwarding Usage: 0M
[63.810s][info][gc,heap     ] GC(56) Min Capacity: 8M(2%)
[63.810s][info][gc,heap     ] GC(56) Max Capacity: 512M(100%)
[63.810s][info][gc,heap     ] GC(56) Soft Max Capacity: 512M(100%)
[63.810s][info][gc,heap     ] GC(56)                Mark Start          Mark End        Relocate Start      Relocate End           High               Low         
[63.810s][info][gc,heap     ] GC(56)  Capacity:      512M (100%)        512M (100%)        512M (100%)        512M (100%)        512M (100%)        512M (100%)   
[63.810s][info][gc,heap     ] GC(56)      Free:      286M (56%)         286M (56%)         498M (97%)         498M (97%)         498M (97%)         286M (56%)    
[63.810s][info][gc,heap     ] GC(56)      Used:      226M (44%)         226M (44%)          14M (3%)           14M (3%)          226M (44%)          14M (3%)     
[63.810s][info][gc,heap     ] GC(56)      Live:         -                 4M (1%)            4M (1%)            4M (1%)             -                  -          
[63.810s][info][gc,heap     ] GC(56) Allocated:         -                 0M (0%)            0M (0%)            0M (0%)             -                  -          
[63.810s][info][gc,heap     ] GC(56)   Garbage:         -               221M (43%)           9M (2%)            9M (2%)             -                  -          
[63.810s][info][gc,heap     ] GC(56) Reclaimed:         -                  -               212M (41%)         212M (41%)            -                  -          
[63.810s][info][gc          ] GC(56) Garbage Collection (System.gc()) 226M(44%)->14M(3%)
[65.177s][info][gc,start    ] GC(57) Garbage Collection (Allocation Rate)
[65.177s][info][gc,task     ] GC(57) Using 1 workers
[65.177s][info][gc,phases   ] GC(57) Pause Mark Start 0.017ms
[65.205s][info][gc,phases   ] GC(57) Concurrent Mark 27.833ms
[65.206s][info][gc,phases   ] GC(57) Pause Mark End 0.020ms
[65.206s][info][gc,phases   ] GC(57) Concurrent Mark Free 0.001ms
[65.213s][info][gc,phases   ] GC(57) Concurrent Process Non-Strong References 6.861ms
[65.213s][info][gc,phases   ] GC(57) Concurrent Reset Relocation Set 0.001ms
[65.218s][info][gc,phases   ] GC(57) Concurrent Select Relocation Set 5.190ms
[65.218s][info][gc,phases   ] GC(57) Pause Relocate Start 0.012ms
[65.225s][info][gc,phases   ] GC(57) Concurrent Relocate 6.876ms
[65.225s][info][gc,load     ] GC(57) Load: 0.00/0.00/0.00
[65.225s][info][gc,mmu      ] GC(57) MMU: 2ms/99.0%, 5ms/99.6%, 10ms/99.6%, 20ms/99.8%, 50ms/99.9%, 100ms/100.0%
[65.225s][info][gc,marking  ] GC(57) Mark: 1 stripe(s), 2 proactive flush(es), 1 terminate flush(es), 0 completion(s), 0 continuation(s) 
[65.225s][info][gc,marking  ] GC(57) Mark Stack Usage: 32M
[65.225s][info][gc,nmethod  ] GC(57) NMethods: 1900 registered, 349 unregistered
[65.225s][info][gc,metaspace] GC(57) Metaspace: 9M used, 9M committed, 1088M reserved
[65.225s][info][gc,ref      ] GC(57) Soft: 214 encountered, 0 discovered, 0 enqueued
[65.225s][info][gc,ref      ] GC(57) Weak: 807 encountered, 189 discovered, 0 enqueued
[65.225s][info][gc,ref      ] GC(57) Final: 0 encountered, 0 discovered, 0 enqueued
[65.225s][info][gc,ref      ] GC(57) Phantom: 27 encountered, 14 discovered, 0 enqueued
[65.225s][info][gc,reloc    ] GC(57) Small Pages: 220 / 440M, Empty: 288M, Relocated: 2M, In-Place: 0
[65.225s][info][gc,reloc    ] GC(57) Medium Pages: 0 / 0M, Empty: 0M, Relocated: 0M, In-Place: 0
[65.225s][info][gc,reloc    ] GC(57) Large Pages: 0 / 0M, Empty: 0M, Relocated: 0M, In-Place: 0
[65.225s][info][gc,reloc    ] GC(57) Forwarding Usage: 1M
[65.225s][info][gc,heap     ] GC(57) Min Capacity: 8M(2%)
[65.225s][info][gc,heap     ] GC(57) Max Capacity: 512M(100%)
[65.225s][info][gc,heap     ] GC(57) Soft Max Capacity: 512M(100%)
[65.225s][info][gc,heap     ] GC(57)                Mark Start          Mark End        Relocate Start      Relocate End           High               Low         
[65.225s][info][gc,heap     ] GC(57)  Capacity:      512M (100%)        512M (100%)        512M (100%)        512M (100%)        512M (100%)        512M (100%)   
[65.226s][info][gc,heap     ] GC(57)      Free:       72M (14%)          62M (12%)         346M (68%)         488M (95%)         488M (95%)          60M (12%)    
[65.226s][info][gc,heap     ] GC(57)      Used:      440M (86%)         450M (88%)         166M (32%)          24M (5%)          452M (88%)          24M (5%)     
[65.226s][info][gc,heap     ] GC(57)      Live:         -                 6M (1%)            6M (1%)            6M (1%)             -                  -          
[65.226s][info][gc,heap     ] GC(57) Allocated:         -                10M (2%)           14M (3%)           15M (3%)             -                  -          
[65.226s][info][gc,heap     ] GC(57)   Garbage:         -               433M (85%)         145M (28%)           1M (0%)             -                  -          
[65.226s][info][gc,heap     ] GC(57) Reclaimed:         -                  -               288M (56%)         431M (84%)            -                  -          
[65.226s][info][gc          ] GC(57) Garbage Collection (Allocation Rate) 440M(86%)->24M(5%)
[66.479s][info][gc,start    ] GC(58) Garbage Collection (Allocation Rate)
[66.480s][info][gc,task     ] GC(58) Using 1 workers
[66.480s][info][gc,phases   ] GC(58) Pause Mark Start 0.017ms
[66.506s][info][gc,phases   ] GC(58) Concurrent Mark 25.539ms
[66.506s][info][gc,phases   ] GC(58) Pause Mark End 0.018ms
[66.506s][info][gc,phases   ] GC(58) Concurrent Mark Free 0.001ms
[66.512s][info][gc,phases   ] GC(58) Concurrent Process Non-Strong References 6.254ms
[66.512s][info][gc,phases   ] GC(58) Concurrent Reset Relocation Set 0.012ms
[66.516s][info][gc,phases   ] GC(58) Concurrent Select Relocation Set 3.947ms
[66.516s][info][gc,phases   ] GC(58) Pause Relocate Start 0.010ms
[66.518s][info][gc,phases   ] GC(58) Concurrent Relocate 1.752ms
[66.518s][info][gc,load     ] GC(58) Load: 0.00/0.00/0.00
[66.518s][info][gc,mmu      ] GC(58) MMU: 2ms/99.0%, 5ms/99.6%, 10ms/99.6%, 20ms/99.8%, 50ms/99.9%, 100ms/100.0%
[66.518s][info][gc,marking  ] GC(58) Mark: 1 stripe(s), 2 proactive flush(es), 1 terminate flush(es), 0 completion(s), 0 continuation(s) 
[66.518s][info][gc,marking  ] GC(58) Mark Stack Usage: 32M
[66.518s][info][gc,nmethod  ] GC(58) NMethods: 1900 registered, 349 unregistered
[66.518s][info][gc,metaspace] GC(58) Metaspace: 9M used, 9M committed, 1088M reserved
[66.518s][info][gc,ref      ] GC(58) Soft: 214 encountered, 0 discovered, 0 enqueued
[66.518s][info][gc,ref      ] GC(58) Weak: 807 encountered, 188 discovered, 0 enqueued
[66.518s][info][gc,ref      ] GC(58) Final: 0 encountered, 0 discovered, 0 enqueued
[66.519s][info][gc,ref      ] GC(58) Phantom: 27 encountered, 14 discovered, 0 enqueued
[66.519s][info][gc,reloc    ] GC(58) Small Pages: 215 / 430M, Empty: 382M, Relocated: 0M, In-Place: 0
[66.519s][info][gc,reloc    ] GC(58) Medium Pages: 0 / 0M, Empty: 0M, Relocated: 0M, In-Place: 0
[66.519s][info][gc,reloc    ] GC(58) Large Pages: 0 / 0M, Empty: 0M, Relocated: 0M, In-Place: 0
[66.519s][info][gc,reloc    ] GC(58) Forwarding Usage: 0M
[66.519s][info][gc,heap     ] GC(58) Min Capacity: 8M(2%)
[66.519s][info][gc,heap     ] GC(58) Max Capacity: 512M(100%)
[66.519s][info][gc,heap     ] GC(58) Soft Max Capacity: 512M(100%)
[66.519s][info][gc,heap     ] GC(58)                Mark Start          Mark End        Relocate Start      Relocate End           High               Low         
[66.519s][info][gc,heap     ] GC(58)  Capacity:      512M (100%)        512M (100%)        512M (100%)        512M (100%)        512M (100%)        512M (100%)   
[66.519s][info][gc,heap     ] GC(58)      Free:       82M (16%)          72M (14%)         450M (88%)         490M (96%)         490M (96%)          70M (14%)    
[66.519s][info][gc,heap     ] GC(58)      Used:      430M (84%)         440M (86%)          62M (12%)          22M (4%)          442M (86%)          22M (4%)     
[66.519s][info][gc,heap     ] GC(58)      Live:         -                 6M (1%)            6M (1%)            6M (1%)             -                  -          
[66.519s][info][gc,heap     ] GC(58) Allocated:         -                10M (2%)           14M (3%)           13M (3%)             -                  -          
[66.519s][info][gc,heap     ] GC(58)   Garbage:         -               423M (83%)          41M (8%)            1M (0%)             -                  -          
[66.519s][info][gc,heap     ] GC(58) Reclaimed:         -                  -               382M (75%)         421M (82%)            -                  -          
[66.519s][info][gc          ] GC(58) Garbage Collection (Allocation Rate) 430M(84%)->22M(4%)
[67.580s][info][gc,start    ] GC(59) Garbage Collection (Proactive)
[67.580s][info][gc,task     ] GC(59) Using 5 workers
[67.580s][info][gc,phases   ] GC(59) Pause Mark Start 0.017ms
[67.590s][info][gc,phases   ] GC(59) Concurrent Mark 9.714ms
[67.590s][info][gc,phases   ] GC(59) Pause Mark End 0.017ms
[67.590s][info][gc,phases   ] GC(59) Concurrent Mark Free 0.001ms
[67.592s][info][gc,phases   ] GC(59) Concurrent Process Non-Strong References 1.592ms
[67.592s][info][gc,phases   ] GC(59) Concurrent Reset Relocation Set 0.005ms
[67.596s][info][gc,phases   ] GC(59) Concurrent Select Relocation Set 4.288ms
[67.597s][info][gc,phases   ] GC(59) Pause Relocate Start 0.009ms
[67.598s][info][gc,phases   ] GC(59) Concurrent Relocate 1.633ms
[67.598s][info][gc,load     ] GC(59) Load: 0.00/0.00/0.00
[67.598s][info][gc,mmu      ] GC(59) MMU: 2ms/99.0%, 5ms/99.6%, 10ms/99.6%, 20ms/99.8%, 50ms/99.9%, 100ms/100.0%
[67.598s][info][gc,marking  ] GC(59) Mark: 4 stripe(s), 2 proactive flush(es), 1 terminate flush(es), 0 completion(s), 0 continuation(s) 
[67.598s][info][gc,marking  ] GC(59) Mark Stack Usage: 32M
[67.598s][info][gc,nmethod  ] GC(59) NMethods: 1900 registered, 349 unregistered
[67.599s][info][gc,metaspace] GC(59) Metaspace: 9M used, 9M committed, 1088M reserved
[67.599s][info][gc,ref      ] GC(59) Soft: 214 encountered, 0 discovered, 0 enqueued
[67.599s][info][gc,ref      ] GC(59) Weak: 807 encountered, 208 discovered, 0 enqueued
[67.599s][info][gc,ref      ] GC(59) Final: 0 encountered, 0 discovered, 0 enqueued
[67.599s][info][gc,ref      ] GC(59) Phantom: 27 encountered, 23 discovered, 0 enqueued
[67.599s][info][gc,reloc    ] GC(59) Small Pages: 179 / 358M, Empty: 238M, Relocated: 1M, In-Place: 0
[67.599s][info][gc,reloc    ] GC(59) Medium Pages: 0 / 0M, Empty: 0M, Relocated: 0M, In-Place: 0
[67.599s][info][gc,reloc    ] GC(59) Large Pages: 0 / 0M, Empty: 0M, Relocated: 0M, In-Place: 0
[67.599s][info][gc,reloc    ] GC(59) Forwarding Usage: 0M
[67.599s][info][gc,heap     ] GC(59) Min Capacity: 8M(2%)
[67.599s][info][gc,heap     ] GC(59) Max Capacity: 512M(100%)
[67.599s][info][gc,heap     ] GC(59) Soft Max Capacity: 512M(100%)
[67.599s][info][gc,heap     ] GC(59)                Mark Start          Mark End        Relocate Start      Relocate End           High               Low         
[67.599s][info][gc,heap     ] GC(59)  Capacity:      512M (100%)        512M (100%)        512M (100%)        512M (100%)        512M (100%)        512M (100%)   
[67.599s][info][gc,heap     ] GC(59)      Free:      154M (30%)         148M (29%)         384M (75%)         488M (95%)         488M (95%)         148M (29%)    
[67.599s][info][gc,heap     ] GC(59)      Used:      358M (70%)         364M (71%)         128M (25%)          24M (5%)          364M (71%)          24M (5%)     
[67.599s][info][gc,heap     ] GC(59)      Live:         -                 6M (1%)            6M (1%)            6M (1%)             -                  -          
[67.599s][info][gc,heap     ] GC(59) Allocated:         -                 6M (1%)            8M (2%)            7M (2%)             -                  -          
[67.599s][info][gc,heap     ] GC(59)   Garbage:         -               351M (69%)         113M (22%)           9M (2%)             -                  -          
[67.599s][info][gc,heap     ] GC(59) Reclaimed:         -                  -               238M (46%)         341M (67%)            -                  -          
[67.599s][info][gc          ] GC(59) Garbage Collection (Proactive) 358M(70%)->24M(5%)
[68.882s][info][gc,start    ] GC(60) Garbage Collection (Allocation Rate)
[68.883s][info][gc,task     ] GC(60) Using 1 workers
[68.883s][info][gc,phases   ] GC(60) Pause Mark Start 0.017ms
[68.909s][info][gc,phases   ] GC(60) Concurrent Mark 25.999ms
[68.909s][info][gc,phases   ] GC(60) Pause Mark End 0.018ms
[68.909s][info][gc,phases   ] GC(60) Concurrent Mark Free 0.001ms
[68.916s][info][gc,phases   ] GC(60) Concurrent Process Non-Strong References 6.676ms
[68.916s][info][gc,phases   ] GC(60) Concurrent Reset Relocation Set 0.010ms
[68.920s][info][gc,phases   ] GC(60) Concurrent Select Relocation Set 3.830ms
[68.920s][info][gc,phases   ] GC(60) Pause Relocate Start 0.009ms
[68.924s][info][gc,phases   ] GC(60) Concurrent Relocate 4.334ms
[68.924s][info][gc,load     ] GC(60) Load: 0.00/0.00/0.00
[68.924s][info][gc,mmu      ] GC(60) MMU: 2ms/99.0%, 5ms/99.6%, 10ms/99.6%, 20ms/99.8%, 50ms/99.9%, 100ms/100.0%
[68.924s][info][gc,marking  ] GC(60) Mark: 1 stripe(s), 2 proactive flush(es), 1 terminate flush(es), 0 completion(s), 0 continuation(s) 
[68.924s][info][gc,marking  ] GC(60) Mark Stack Usage: 32M
[68.924s][info][gc,nmethod  ] GC(60) NMethods: 1900 registered, 349 unregistered
[68.924s][info][gc,metaspace] GC(60) Metaspace: 9M used, 9M committed, 1088M reserved
[68.924s][info][gc,ref      ] GC(60) Soft: 214 encountered, 0 discovered, 0 enqueued
[68.925s][info][gc,ref      ] GC(60) Weak: 807 encountered, 189 discovered, 0 enqueued
[68.925s][info][gc,ref      ] GC(60) Final: 0 encountered, 0 discovered, 0 enqueued
[68.925s][info][gc,ref      ] GC(60) Phantom: 27 encountered, 14 discovered, 0 enqueued
[68.925s][info][gc,reloc    ] GC(60) Small Pages: 212 / 424M, Empty: 326M, Relocated: 1M, In-Place: 0
[68.925s][info][gc,reloc    ] GC(60) Medium Pages: 0 / 0M, Empty: 0M, Relocated: 0M, In-Place: 0
[68.925s][info][gc,reloc    ] GC(60) Large Pages: 0 / 0M, Empty: 0M, Relocated: 0M, In-Place: 0
[68.925s][info][gc,reloc    ] GC(60) Forwarding Usage: 0M
[68.925s][info][gc,heap     ] GC(60) Min Capacity: 8M(2%)
[68.925s][info][gc,heap     ] GC(60) Max Capacity: 512M(100%)
[68.925s][info][gc,heap     ] GC(60) Soft Max Capacity: 512M(100%)
[68.925s][info][gc,heap     ] GC(60)                Mark Start          Mark End        Relocate Start      Relocate End           High               Low         
[68.925s][info][gc,heap     ] GC(60)  Capacity:      512M (100%)        512M (100%)        512M (100%)        512M (100%)        512M (100%)        512M (100%)   
[68.925s][info][gc,heap     ] GC(60)      Free:       88M (17%)          78M (15%)         400M (78%)         488M (95%)         488M (95%)          76M (15%)    
[68.925s][info][gc,heap     ] GC(60)      Used:      424M (83%)         434M (85%)         112M (22%)          24M (5%)          436M (85%)          24M (5%)     
[68.925s][info][gc,heap     ] GC(60)      Live:         -                 6M (1%)            6M (1%)            6M (1%)             -                  -          
[68.925s][info][gc,heap     ] GC(60) Allocated:         -                10M (2%)           14M (3%)           15M (3%)             -                  -          
[68.925s][info][gc,heap     ] GC(60)   Garbage:         -               417M (82%)          91M (18%)           1M (0%)             -                  -          
[68.925s][info][gc,heap     ] GC(60) Reclaimed:         -                  -               326M (64%)         415M (81%)            -                  -          
[68.925s][info][gc          ] GC(60) Garbage Collection (Allocation Rate) 424M(83%)->24M(5%)
[70.084s][info][gc,start    ] GC(61) Garbage Collection (Proactive)
[70.084s][info][gc,stats    ] === Garbage Collection Statistics =======================================================================================================================
[70.084s][info][gc,task     ] GC(61) Using 5 workers
[70.084s][info][gc,stats    ]                                                              Last 10s              Last 10m              Last 10h                Total
[70.084s][info][gc,stats    ]                                                              Avg / Max             Avg / Max             Avg / Max             Avg / Max
[70.084s][info][gc,stats    ]   Collector: Garbage Collection Cycle                     34.084 / 47.825       37.325 / 57.234       37.325 / 57.234       37.325 / 57.234      ms
[70.084s][info][gc,stats    ]  Contention: Mark Segment Reset Contention                     0 / 1                 0 / 3                 0 / 3                 0 / 3           ops/s
[70.084s][info][gc,stats    ]  Contention: Mark SeqNum Reset Contention                      0 / 1                 0 / 2                 0 / 2                 0 / 2           ops/s
[70.084s][info][gc,phases   ] GC(61) Pause Mark Start 0.017ms
[70.084s][info][gc,stats    ]    Critical: Allocation Stall                                  0 / 0                 0 / 0                 0 / 0                 0 / 0           ops/s
[70.084s][info][gc,stats    ]    Critical: Allocation Stall                              0.000 / 0.000         0.000 / 0.000         0.000 / 0.000         0.000 / 0.000       ms
[70.084s][info][gc,stats    ]    Critical: GC Locker Stall                                   0 / 0                 0 / 0                 0 / 0                 0 / 0           ops/s
[70.084s][info][gc,stats    ]    Critical: GC Locker Stall                               0.000 / 0.000         0.000 / 0.000         0.000 / 0.000         0.000 / 0.000       ms
[70.084s][info][gc,stats    ]    Critical: Relocation Stall                                  0 / 0                 0 / 0                 0 / 0                 0 / 0           ops/s
[70.084s][info][gc,stats    ]    Critical: Relocation Stall                              0.000 / 0.000         0.000 / 0.000         0.000 / 0.000         0.000 / 0.000       ms
[70.085s][info][gc,stats    ]      Memory: Allocation Rate                                 319 / 330             313 / 338             313 / 338             313 / 338         MB/s
[70.085s][info][gc,stats    ]      Memory: Defragment                                        0 / 0                 0 / 0                 0 / 0                 0 / 0           ops/s
[70.085s][info][gc,stats    ]      Memory: Out Of Memory                                     0 / 0                 0 / 0                 0 / 0                 0 / 0           ops/s
[70.085s][info][gc,stats    ]      Memory: Page Cache Flush                                  0 / 0                 0 / 0                 0 / 0                 0 / 0           MB/s
[70.085s][info][gc,stats    ]      Memory: Page Cache Hit L1                               162 / 168             156 / 174             156 / 174             156 / 174         ops/s
[70.085s][info][gc,stats    ]      Memory: Page Cache Hit L2                                 0 / 0                 0 / 0                 0 / 0                 0 / 0           ops/s
[70.085s][info][gc,stats    ]      Memory: Page Cache Hit L3                                 0 / 0                 3 / 77                3 / 77                3 / 77          ops/s
[70.085s][info][gc,stats    ]      Memory: Page Cache Miss                                   0 / 0                 0 / 1                 0 / 1                 0 / 1           ops/s
[70.085s][info][gc,stats    ]      Memory: Uncommit                                          0 / 0                 0 / 0                 0 / 0                 0 / 0           MB/s
[70.085s][info][gc,stats    ]      Memory: Undo Object Allocation Failed                     0 / 1                 0 / 3                 0 / 3                 0 / 3           ops/s
[70.085s][info][gc,stats    ]      Memory: Undo Object Allocation Succeeded                  1 / 7                 0 / 7                 0 / 7                 0 / 7           ops/s
[70.085s][info][gc,stats    ]      Memory: Undo Page Allocation                              2 / 5                 1 / 10                1 / 10                1 / 10          ops/s
[70.085s][info][gc,stats    ]       Phase: Concurrent Mark                              21.213 / 29.110       22.957 / 38.107       22.957 / 38.107       22.957 / 38.107      ms
[70.085s][info][gc,stats    ]       Phase: Concurrent Mark Continue                      0.000 / 0.000         0.000 / 0.000         0.000 / 0.000         0.000 / 0.000       ms
[70.085s][info][gc,stats    ]       Phase: Concurrent Mark Free                          0.001 / 0.001         0.001 / 0.002         0.001 / 0.002         0.001 / 0.002       ms
[70.085s][info][gc,stats    ]       Phase: Concurrent Process Non-Strong References      4.762 / 7.115         4.620 / 7.613         4.620 / 7.613         4.620 / 7.613       ms
[70.085s][info][gc,stats    ]       Phase: Concurrent Relocate                           2.889 / 6.876         4.030 / 8.950         4.030 / 8.950         4.030 / 8.950       ms
[70.085s][info][gc,stats    ]       Phase: Concurrent Reset Relocation Set               0.007 / 0.012         0.007 / 0.015         0.007 / 0.015         0.007 / 0.015       ms
[70.085s][info][gc,stats    ]       Phase: Concurrent Select Relocation Set              4.154 / 5.190         4.626 / 14.681        4.626 / 14.681        4.626 / 14.681      ms
[70.085s][info][gc,stats    ]       Phase: Pause Mark End                                0.018 / 0.020         0.017 / 0.021         0.017 / 0.021         0.017 / 0.021       ms
[70.085s][info][gc,stats    ]       Phase: Pause Mark Start                              0.017 / 0.018         0.017 / 0.019         0.017 / 0.019         0.017 / 0.019       ms
[70.085s][info][gc,stats    ]       Phase: Pause Relocate Start                          0.009 / 0.012         0.009 / 0.012         0.009 / 0.012         0.009 / 0.012       ms
[70.085s][info][gc,stats    ]    Subphase: Concurrent Classes Purge                      0.005 / 0.005         0.042 / 0.583         0.042 / 0.583         0.042 / 0.583       ms
[70.085s][info][gc,stats    ]    Subphase: Concurrent Classes Unlink                     4.024 / 5.866         3.724 / 5.866         3.724 / 5.866         3.724 / 5.866       ms
[70.085s][info][gc,stats    ]    Subphase: Concurrent Mark                              13.685 / 26.709       15.636 / 34.990       15.636 / 34.990       15.636 / 34.990      ms
[70.085s][info][gc,stats    ]    Subphase: Concurrent Mark Try Flush                     0.058 / 0.105         0.058 / 0.187         0.058 / 0.187         0.058 / 0.187       ms
[70.085s][info][gc,stats    ]    Subphase: Concurrent Mark Try Terminate                 2.071 / 8.194         3.310 / 16.135        3.310 / 16.135        3.310 / 16.135      ms
[70.085s][info][gc,stats    ]    Subphase: Concurrent References Enqueue                 0.000 / 0.000         0.001 / 0.005         0.001 / 0.005         0.001 / 0.005       ms
[70.085s][info][gc,stats    ]    Subphase: Concurrent References Process                 0.043 / 0.059         0.052 / 0.114         0.052 / 0.114         0.052 / 0.114       ms
[70.086s][info][gc,stats    ]    Subphase: Concurrent Roots ClassLoaderDataGraph         0.155 / 0.340         0.170 / 0.631         0.170 / 0.631         0.170 / 0.631       ms
[70.086s][info][gc,stats    ]    Subphase: Concurrent Roots CodeCache                    0.000 / 0.000         0.000 / 0.000         0.000 / 0.000         0.000 / 0.000       ms
[70.086s][info][gc,stats    ]    Subphase: Concurrent Roots JavaThreads                  0.955 / 2.091         0.921 / 2.289         0.921 / 2.289         0.921 / 2.289       ms
[70.086s][info][gc,stats    ]    Subphase: Concurrent Roots OopStorageSet                0.029 / 0.058         0.035 / 0.136         0.035 / 0.136         0.035 / 0.136       ms
[70.086s][info][gc,stats    ]    Subphase: Concurrent Weak Roots OopStorageSet           0.351 / 1.113         0.392 / 1.768         0.392 / 1.768         0.392 / 1.768       ms
[70.086s][info][gc,stats    ]    Subphase: Pause Mark Try Complete                       0.000 / 0.000         0.000 / 0.000         0.000 / 0.000         0.000 / 0.000       ms
[70.086s][info][gc,stats    ]      System: Java Threads                                     35 / 35               32 / 35               32 / 35               32 / 35          threads
[70.086s][info][gc,stats    ] =========================================================================================================================================================
[70.099s][info][gc,phases   ] GC(61) Concurrent Mark 14.986ms
[70.099s][info][gc,phases   ] GC(61) Pause Mark End 0.018ms
[70.100s][info][gc,phases   ] GC(61) Concurrent Mark Free 0.001ms
[70.101s][info][gc,phases   ] GC(61) Concurrent Process Non-Strong References 1.548ms
[70.101s][info][gc,phases   ] GC(61) Concurrent Reset Relocation Set 0.008ms
[70.105s][info][gc,phases   ] GC(61) Concurrent Select Relocation Set 3.767ms
[70.105s][info][gc,phases   ] GC(61) Pause Relocate Start 0.008ms
[70.107s][info][gc,phases   ] GC(61) Concurrent Relocate 1.676ms
[70.107s][info][gc,load     ] GC(61) Load: 0.00/0.00/0.00
[70.107s][info][gc,mmu      ] GC(61) MMU: 2ms/99.0%, 5ms/99.6%, 10ms/99.6%, 20ms/99.8%, 50ms/99.9%, 100ms/100.0%
[70.107s][info][gc,marking  ] GC(61) Mark: 4 stripe(s), 2 proactive flush(es), 1 terminate flush(es), 0 completion(s), 0 continuation(s) 
[70.107s][info][gc,marking  ] GC(61) Mark Stack Usage: 32M
[70.107s][info][gc,nmethod  ] GC(61) NMethods: 1900 registered, 349 unregistered
[70.107s][info][gc,metaspace] GC(61) Metaspace: 9M used, 9M committed, 1088M reserved
[70.107s][info][gc,ref      ] GC(61) Soft: 214 encountered, 0 discovered, 0 enqueued
[70.107s][info][gc,ref      ] GC(61) Weak: 807 encountered, 22 discovered, 0 enqueued
[70.107s][info][gc,ref      ] GC(61) Final: 0 encountered, 0 discovered, 0 enqueued
[70.107s][info][gc,ref      ] GC(61) Phantom: 27 encountered, 25 discovered, 0 enqueued
[70.107s][info][gc,reloc    ] GC(61) Small Pages: 198 / 396M, Empty: 268M, Relocated: 1M, In-Place: 0
[70.107s][info][gc,reloc    ] GC(61) Medium Pages: 0 / 0M, Empty: 0M, Relocated: 0M, In-Place: 0
[70.107s][info][gc,reloc    ] GC(61) Large Pages: 0 / 0M, Empty: 0M, Relocated: 0M, In-Place: 0
[70.107s][info][gc,reloc    ] GC(61) Forwarding Usage: 0M
[70.107s][info][gc,heap     ] GC(61) Min Capacity: 8M(2%)
[70.107s][info][gc,heap     ] GC(61) Max Capacity: 512M(100%)
[70.107s][info][gc,heap     ] GC(61) Soft Max Capacity: 512M(100%)
[70.107s][info][gc,heap     ] GC(61)                Mark Start          Mark End        Relocate Start      Relocate End           High               Low         
[70.107s][info][gc,heap     ] GC(61)  Capacity:      512M (100%)        512M (100%)        512M (100%)        512M (100%)        512M (100%)        512M (100%)   
[70.108s][info][gc,heap     ] GC(61)      Free:      116M (23%)         110M (21%)         376M (73%)         486M (95%)         486M (95%)         108M (21%)    
[70.108s][info][gc,heap     ] GC(61)      Used:      396M (77%)         402M (79%)         136M (27%)          26M (5%)          404M (79%)          26M (5%)     
[70.108s][info][gc,heap     ] GC(61)      Live:         -                 6M (1%)            6M (1%)            6M (1%)             -                  -          
[70.108s][info][gc,heap     ] GC(61) Allocated:         -                 6M (1%)            8M (2%)            9M (2%)             -                  -          
[70.108s][info][gc,heap     ] GC(61)   Garbage:         -               389M (76%)         121M (24%)           9M (2%)             -                  -          
[70.108s][info][gc,heap     ] GC(61) Reclaimed:         -                  -               268M (52%)         379M (74%)            -                  -          
[70.108s][info][gc          ] GC(61) Garbage Collection (Proactive) 396M(77%)->26M(5%)
[70.667s][info][gc,start    ] GC(62) Garbage Collection (System.gc())
[70.667s][info][gc,task     ] GC(62) Using 5 workers
[70.667s][info][gc,phases   ] GC(62) Pause Mark Start 0.017ms
[70.684s][info][gc,phases   ] GC(62) Concurrent Mark 17.499ms
[70.685s][info][gc,phases   ] GC(62) Pause Mark End 0.017ms
[70.685s][info][gc,phases   ] GC(62) Concurrent Mark Free 0.001ms
[70.686s][info][gc,phases   ] GC(62) Concurrent Process Non-Strong References 1.622ms
[70.686s][info][gc,phases   ] GC(62) Concurrent Reset Relocation Set 0.010ms
[70.690s][info][gc,phases   ] GC(62) Concurrent Select Relocation Set 3.670ms
[70.690s][info][gc,phases   ] GC(62) Pause Relocate Start 0.007ms
[70.692s][info][gc,phases   ] GC(62) Concurrent Relocate 1.752ms
[70.692s][info][gc,load     ] GC(62) Load: 0.00/0.00/0.00
[70.692s][info][gc,mmu      ] GC(62) MMU: 2ms/99.0%, 5ms/99.6%, 10ms/99.6%, 20ms/99.8%, 50ms/99.9%, 100ms/100.0%
[70.692s][info][gc,marking  ] GC(62) Mark: 4 stripe(s), 2 proactive flush(es), 1 terminate flush(es), 0 completion(s), 0 continuation(s) 
[70.692s][info][gc,marking  ] GC(62) Mark Stack Usage: 32M
[70.692s][info][gc,nmethod  ] GC(62) NMethods: 1900 registered, 349 unregistered
[70.692s][info][gc,metaspace] GC(62) Metaspace: 9M used, 9M committed, 1088M reserved
[70.692s][info][gc,ref      ] GC(62) Soft: 214 encountered, 0 discovered, 0 enqueued
[70.692s][info][gc,ref      ] GC(62) Weak: 807 encountered, 480 discovered, 0 enqueued
[70.692s][info][gc,ref      ] GC(62) Final: 0 encountered, 0 discovered, 0 enqueued
[70.692s][info][gc,ref      ] GC(62) Phantom: 27 encountered, 21 discovered, 0 enqueued
[70.692s][info][gc,reloc    ] GC(62) Small Pages: 99 / 198M, Empty: 184M, Relocated: 1M, In-Place: 0
[70.692s][info][gc,reloc    ] GC(62) Medium Pages: 0 / 0M, Empty: 0M, Relocated: 0M, In-Place: 0
[70.692s][info][gc,reloc    ] GC(62) Large Pages: 0 / 0M, Empty: 0M, Relocated: 0M, In-Place: 0
[70.692s][info][gc,reloc    ] GC(62) Forwarding Usage: 0M
[70.692s][info][gc,heap     ] GC(62) Min Capacity: 8M(2%)
[70.692s][info][gc,heap     ] GC(62) Max Capacity: 512M(100%)
[70.693s][info][gc,heap     ] GC(62) Soft Max Capacity: 512M(100%)
[70.693s][info][gc,heap     ] GC(62)                Mark Start          Mark End        Relocate Start      Relocate End           High               Low         
[70.693s][info][gc,heap     ] GC(62)  Capacity:      512M (100%)        512M (100%)        512M (100%)        512M (100%)        512M (100%)        512M (100%)   
[70.693s][info][gc,heap     ] GC(62)      Free:      314M (61%)         314M (61%)         498M (97%)         498M (97%)         498M (97%)         314M (61%)    
[70.693s][info][gc,heap     ] GC(62)      Used:      198M (39%)         198M (39%)          14M (3%)           14M (3%)          198M (39%)          14M (3%)     
[70.693s][info][gc,heap     ] GC(62)      Live:         -                 4M (1%)            4M (1%)            4M (1%)             -                  -          
[70.693s][info][gc,heap     ] GC(62) Allocated:         -                 0M (0%)            0M (0%)            0M (0%)             -                  -          
[70.693s][info][gc,heap     ] GC(62)   Garbage:         -               193M (38%)           9M (2%)            9M (2%)             -                  -          
[70.693s][info][gc,heap     ] GC(62) Reclaimed:         -                  -               184M (36%)         184M (36%)            -                  -          
[70.693s][info][gc          ] GC(62) Garbage Collection (System.gc()) 198M(39%)->14M(3%)
[71.980s][info][gc,start    ] GC(63) Garbage Collection (Allocation Rate)
[71.980s][info][gc,task     ] GC(63) Using 1 workers
[71.980s][info][gc,phases   ] GC(63) Pause Mark Start 0.017ms
[72.009s][info][gc,phases   ] GC(63) Concurrent Mark 28.459ms
[72.009s][info][gc,phases   ] GC(63) Pause Mark End 0.020ms
[72.009s][info][gc,phases   ] GC(63) Concurrent Mark Free 0.002ms
[72.016s][info][gc,phases   ] GC(63) Concurrent Process Non-Strong References 6.888ms
[72.016s][info][gc,phases   ] GC(63) Concurrent Reset Relocation Set 0.001ms
[72.021s][info][gc,phases   ] GC(63) Concurrent Select Relocation Set 4.888ms
[72.021s][info][gc,phases   ] GC(63) Pause Relocate Start 0.010ms
[72.028s][info][gc,phases   ] GC(63) Concurrent Relocate 7.141ms
[72.028s][info][gc,load     ] GC(63) Load: 0.00/0.00/0.00
[72.028s][info][gc,mmu      ] GC(63) MMU: 2ms/99.0%, 5ms/99.6%, 10ms/99.6%, 20ms/99.8%, 50ms/99.9%, 100ms/100.0%
[72.029s][info][gc,marking  ] GC(63) Mark: 1 stripe(s), 2 proactive flush(es), 1 terminate flush(es), 0 completion(s), 0 continuation(s) 
[72.029s][info][gc,marking  ] GC(63) Mark Stack Usage: 32M
[72.029s][info][gc,nmethod  ] GC(63) NMethods: 1901 registered, 350 unregistered
[72.029s][info][gc,metaspace] GC(63) Metaspace: 9M used, 9M committed, 1088M reserved
[72.029s][info][gc,ref      ] GC(63) Soft: 214 encountered, 0 discovered, 0 enqueued
[72.029s][info][gc,ref      ] GC(63) Weak: 807 encountered, 9 discovered, 0 enqueued
[72.029s][info][gc,ref      ] GC(63) Final: 0 encountered, 0 discovered, 0 enqueued
[72.029s][info][gc,ref      ] GC(63) Phantom: 27 encountered, 14 discovered, 0 enqueued
[72.029s][info][gc,reloc    ] GC(63) Small Pages: 209 / 418M, Empty: 228M, Relocated: 2M, In-Place: 0
[72.029s][info][gc,reloc    ] GC(63) Medium Pages: 0 / 0M, Empty: 0M, Relocated: 0M, In-Place: 0
[72.029s][info][gc,reloc    ] GC(63) Large Pages: 0 / 0M, Empty: 0M, Relocated: 0M, In-Place: 0
[72.029s][info][gc,reloc    ] GC(63) Forwarding Usage: 1M
[72.029s][info][gc,heap     ] GC(63) Min Capacity: 8M(2%)
[72.029s][info][gc,heap     ] GC(63) Max Capacity: 512M(100%)
[72.029s][info][gc,heap     ] GC(63) Soft Max Capacity: 512M(100%)
[72.029s][info][gc,heap     ] GC(63)                Mark Start          Mark End        Relocate Start      Relocate End           High               Low         
[72.029s][info][gc,heap     ] GC(63)  Capacity:      512M (100%)        512M (100%)        512M (100%)        512M (100%)        512M (100%)        512M (100%)   
[72.029s][info][gc,heap     ] GC(63)      Free:       94M (18%)          84M (16%)         308M (60%)         486M (95%)         488M (95%)          80M (16%)    
[72.029s][info][gc,heap     ] GC(63)      Used:      418M (82%)         428M (84%)         204M (40%)          26M (5%)          432M (84%)          24M (5%)     
[72.029s][info][gc,heap     ] GC(63)      Live:         -                 6M (1%)            6M (1%)            6M (1%)             -                  -          
[72.029s][info][gc,heap     ] GC(63) Allocated:         -                10M (2%)           14M (3%)           17M (4%)             -                  -          
[72.029s][info][gc,heap     ] GC(63)   Garbage:         -               411M (80%)         183M (36%)           1M (0%)             -                  -          
[72.029s][info][gc,heap     ] GC(63) Reclaimed:         -                  -               228M (45%)         409M (80%)            -                  -          
[72.029s][info][gc          ] GC(63) Garbage Collection (Allocation Rate) 418M(82%)->26M(5%)
[73.291s][info][gc,start    ] GC(64) Garbage Collection (Allocation Rate)
[73.291s][info][gc,task     ] GC(64) Using 1 workers
[73.291s][info][gc,phases   ] GC(64) Pause Mark Start 0.018ms
[73.318s][info][gc,phases   ] GC(64) Concurrent Mark 26.907ms
[73.318s][info][gc,phases   ] GC(64) Pause Mark End 0.019ms
[73.318s][info][gc,phases   ] GC(64) Concurrent Mark Free 0.001ms
[73.325s][info][gc,phases   ] GC(64) Concurrent Process Non-Strong References 7.045ms
[73.325s][info][gc,phases   ] GC(64) Concurrent Reset Relocation Set 0.014ms
[73.329s][info][gc,phases   ] GC(64) Concurrent Select Relocation Set 3.919ms
[73.330s][info][gc,phases   ] GC(64) Pause Relocate Start 0.011ms
[73.334s][info][gc,phases   ] GC(64) Concurrent Relocate 4.599ms
[73.334s][info][gc,load     ] GC(64) Load: 0.00/0.00/0.00
[73.334s][info][gc,mmu      ] GC(64) MMU: 2ms/99.0%, 5ms/99.6%, 10ms/99.6%, 20ms/99.8%, 50ms/99.9%, 100ms/100.0%
[73.334s][info][gc,marking  ] GC(64) Mark: 1 stripe(s), 2 proactive flush(es), 1 terminate flush(es), 0 completion(s), 0 continuation(s) 
[73.334s][info][gc,marking  ] GC(64) Mark Stack Usage: 32M
[73.334s][info][gc,nmethod  ] GC(64) NMethods: 1901 registered, 350 unregistered
[73.334s][info][gc,metaspace] GC(64) Metaspace: 9M used, 9M committed, 1088M reserved
[73.334s][info][gc,ref      ] GC(64) Soft: 214 encountered, 0 discovered, 0 enqueued
[73.335s][info][gc,ref      ] GC(64) Weak: 807 encountered, 189 discovered, 0 enqueued
[73.335s][info][gc,ref      ] GC(64) Final: 0 encountered, 0 discovered, 0 enqueued
[73.335s][info][gc,ref      ] GC(64) Phantom: 27 encountered, 14 discovered, 0 enqueued
[73.335s][info][gc,reloc    ] GC(64) Small Pages: 216 / 432M, Empty: 310M, Relocated: 2M, In-Place: 0
[73.335s][info][gc,reloc    ] GC(64) Medium Pages: 0 / 0M, Empty: 0M, Relocated: 0M, In-Place: 0
[73.335s][info][gc,reloc    ] GC(64) Large Pages: 0 / 0M, Empty: 0M, Relocated: 0M, In-Place: 0
[73.335s][info][gc,reloc    ] GC(64) Forwarding Usage: 1M
[73.335s][info][gc,heap     ] GC(64) Min Capacity: 8M(2%)
[73.335s][info][gc,heap     ] GC(64) Max Capacity: 512M(100%)
[73.335s][info][gc,heap     ] GC(64) Soft Max Capacity: 512M(100%)
[73.335s][info][gc,heap     ] GC(64)                Mark Start          Mark End        Relocate Start      Relocate End           High               Low         
[73.335s][info][gc,heap     ] GC(64)  Capacity:      512M (100%)        512M (100%)        512M (100%)        512M (100%)        512M (100%)        512M (100%)   
[73.335s][info][gc,heap     ] GC(64)      Free:       80M (16%)          68M (13%)         374M (73%)         488M (95%)         488M (95%)          66M (13%)    
[73.335s][info][gc,heap     ] GC(64)      Used:      432M (84%)         444M (87%)         138M (27%)          24M (5%)          446M (87%)          24M (5%)     
[73.335s][info][gc,heap     ] GC(64)      Live:         -                 6M (1%)            6M (1%)            6M (1%)             -                  -          
[73.335s][info][gc,heap     ] GC(64) Allocated:         -                12M (2%)           16M (3%)           15M (3%)             -                  -          
[73.335s][info][gc,heap     ] GC(64)   Garbage:         -               425M (83%)         115M (23%)           1M (0%)             -                  -          
[73.335s][info][gc,heap     ] GC(64) Reclaimed:         -                  -               310M (61%)         423M (83%)            -                  -          
[73.335s][info][gc          ] GC(64) Garbage Collection (Allocation Rate) 432M(84%)->24M(5%)
[74.680s][info][gc,start    ] GC(65) Garbage Collection (Allocation Rate)
[74.680s][info][gc,task     ] GC(65) Using 1 workers
[74.680s][info][gc,phases   ] GC(65) Pause Mark Start 0.018ms
[74.708s][info][gc,phases   ] GC(65) Concurrent Mark 27.704ms
[74.708s][info][gc,phases   ] GC(65) Pause Mark End 0.012ms
[74.708s][info][gc,phases   ] GC(65) Concurrent Mark Free 0.001ms
[74.715s][info][gc,phases   ] GC(65) Concurrent Process Non-Strong References 6.945ms
[74.715s][info][gc,phases   ] GC(65) Concurrent Reset Relocation Set 0.012ms
[74.719s][info][gc,phases   ] GC(65) Concurrent Select Relocation Set 3.910ms
[74.719s][info][gc,phases   ] GC(65) Pause Relocate Start 0.008ms
[74.723s][info][gc,phases   ] GC(65) Concurrent Relocate 3.722ms
[74.723s][info][gc,load     ] GC(65) Load: 0.00/0.00/0.00
[74.723s][info][gc,mmu      ] GC(65) MMU: 2ms/99.0%, 5ms/99.6%, 10ms/99.6%, 20ms/99.8%, 50ms/99.9%, 100ms/100.0%
[74.723s][info][gc,marking  ] GC(65) Mark: 1 stripe(s), 2 proactive flush(es), 1 terminate flush(es), 0 completion(s), 0 continuation(s) 
[74.723s][info][gc,marking  ] GC(65) Mark Stack Usage: 32M
[74.723s][info][gc,nmethod  ] GC(65) NMethods: 1901 registered, 350 unregistered
[74.723s][info][gc,metaspace] GC(65) Metaspace: 9M used, 9M committed, 1088M reserved
[74.723s][info][gc,ref      ] GC(65) Soft: 214 encountered, 0 discovered, 0 enqueued
[74.723s][info][gc,ref      ] GC(65) Weak: 807 encountered, 189 discovered, 0 enqueued
[74.723s][info][gc,ref      ] GC(65) Final: 0 encountered, 0 discovered, 0 enqueued
[74.723s][info][gc,ref      ] GC(65) Phantom: 27 encountered, 14 discovered, 0 enqueued
[74.723s][info][gc,reloc    ] GC(65) Small Pages: 220 / 440M, Empty: 328M, Relocated: 1M, In-Place: 0
[74.723s][info][gc,reloc    ] GC(65) Medium Pages: 0 / 0M, Empty: 0M, Relocated: 0M, In-Place: 0
[74.723s][info][gc,reloc    ] GC(65) Large Pages: 0 / 0M, Empty: 0M, Relocated: 0M, In-Place: 0
[74.723s][info][gc,reloc    ] GC(65) Forwarding Usage: 0M
[74.723s][info][gc,heap     ] GC(65) Min Capacity: 8M(2%)
[74.723s][info][gc,heap     ] GC(65) Max Capacity: 512M(100%)
[74.723s][info][gc,heap     ] GC(65) Soft Max Capacity: 512M(100%)
[74.723s][info][gc,heap     ] GC(65)                Mark Start          Mark End        Relocate Start      Relocate End           High               Low         
[74.723s][info][gc,heap     ] GC(65)  Capacity:      512M (100%)        512M (100%)        512M (100%)        512M (100%)        512M (100%)        512M (100%)   
[74.723s][info][gc,heap     ] GC(65)      Free:       72M (14%)          62M (12%)         386M (75%)         490M (96%)         490M (96%)          58M (11%)    
[74.724s][info][gc,heap     ] GC(65)      Used:      440M (86%)         450M (88%)         126M (25%)          22M (4%)          454M (89%)          22M (4%)     
[74.724s][info][gc,heap     ] GC(65)      Live:         -                 6M (1%)            6M (1%)            6M (1%)             -                  -          
[74.724s][info][gc,heap     ] GC(65) Allocated:         -                10M (2%)           14M (3%)           13M (3%)             -                  -          
[74.724s][info][gc,heap     ] GC(65)   Garbage:         -               433M (85%)         105M (21%)           1M (0%)             -                  -          
[74.724s][info][gc,heap     ] GC(65) Reclaimed:         -                  -               328M (64%)         431M (84%)            -                  -          
[74.724s][info][gc          ] GC(65) Garbage Collection (Allocation Rate) 440M(86%)->22M(4%)
[75.787s][info][gc,start    ] GC(66) Garbage Collection (Proactive)
[75.788s][info][gc,task     ] GC(66) Using 5 workers
[75.788s][info][gc,phases   ] GC(66) Pause Mark Start 0.017ms
[75.803s][info][gc,phases   ] GC(66) Concurrent Mark 15.126ms
[75.803s][info][gc,phases   ] GC(66) Pause Mark End 0.019ms
[75.803s][info][gc,phases   ] GC(66) Concurrent Mark Free 0.001ms
[75.805s][info][gc,phases   ] GC(66) Concurrent Process Non-Strong References 1.593ms
[75.805s][info][gc,phases   ] GC(66) Concurrent Reset Relocation Set 0.008ms
[75.810s][info][gc,phases   ] GC(66) Concurrent Select Relocation Set 4.755ms
[75.810s][info][gc,phases   ] GC(66) Pause Relocate Start 0.009ms
[75.812s][info][gc,phases   ] GC(66) Concurrent Relocate 1.885ms
[75.812s][info][gc,load     ] GC(66) Load: 0.00/0.00/0.00
[75.812s][info][gc,mmu      ] GC(66) MMU: 2ms/99.0%, 5ms/99.6%, 10ms/99.6%, 20ms/99.8%, 50ms/99.9%, 100ms/100.0%
[75.812s][info][gc,marking  ] GC(66) Mark: 4 stripe(s), 2 proactive flush(es), 1 terminate flush(es), 0 completion(s), 0 continuation(s) 
[75.812s][info][gc,marking  ] GC(66) Mark Stack Usage: 32M
[75.812s][info][gc,nmethod  ] GC(66) NMethods: 1901 registered, 350 unregistered
[75.812s][info][gc,metaspace] GC(66) Metaspace: 9M used, 9M committed, 1088M reserved
[75.812s][info][gc,ref      ] GC(66) Soft: 214 encountered, 0 discovered, 0 enqueued
[75.812s][info][gc,ref      ] GC(66) Weak: 807 encountered, 33 discovered, 0 enqueued
[75.812s][info][gc,ref      ] GC(66) Final: 0 encountered, 0 discovered, 0 enqueued
[75.812s][info][gc,ref      ] GC(66) Phantom: 27 encountered, 24 discovered, 0 enqueued
[75.812s][info][gc,reloc    ] GC(66) Small Pages: 185 / 370M, Empty: 290M, Relocated: 1M, In-Place: 0
[75.812s][info][gc,reloc    ] GC(66) Medium Pages: 0 / 0M, Empty: 0M, Relocated: 0M, In-Place: 0
[75.812s][info][gc,reloc    ] GC(66) Large Pages: 0 / 0M, Empty: 0M, Relocated: 0M, In-Place: 0
[75.812s][info][gc,reloc    ] GC(66) Forwarding Usage: 0M
[75.812s][info][gc,heap     ] GC(66) Min Capacity: 8M(2%)
[75.812s][info][gc,heap     ] GC(66) Max Capacity: 512M(100%)
[75.812s][info][gc,heap     ] GC(66) Soft Max Capacity: 512M(100%)
[75.812s][info][gc,heap     ] GC(66)                Mark Start          Mark End        Relocate Start      Relocate End           High               Low         
[75.813s][info][gc,heap     ] GC(66)  Capacity:      512M (100%)        512M (100%)        512M (100%)        512M (100%)        512M (100%)        512M (100%)   
[75.813s][info][gc,heap     ] GC(66)      Free:      142M (28%)         136M (27%)         424M (83%)         488M (95%)         488M (95%)         136M (27%)    
[75.813s][info][gc,heap     ] GC(66)      Used:      370M (72%)         376M (73%)          88M (17%)          24M (5%)          376M (73%)          24M (5%)     
[75.813s][info][gc,heap     ] GC(66)      Live:         -                 6M (1%)            6M (1%)            6M (1%)             -                  -          
[75.813s][info][gc,heap     ] GC(66) Allocated:         -                 6M (1%)            8M (2%)            7M (2%)             -                  -          
[75.813s][info][gc,heap     ] GC(66)   Garbage:         -               363M (71%)          73M (14%)           9M (2%)             -                  -          
[75.813s][info][gc,heap     ] GC(66) Reclaimed:         -                  -               290M (57%)         353M (69%)            -                  -          
[75.813s][info][gc          ] GC(66) Garbage Collection (Proactive) 370M(72%)->24M(5%)
[76.989s][info][gc,start    ] GC(67) Garbage Collection (Allocation Rate)
[76.989s][info][gc,task     ] GC(67) Using 1 workers
[76.989s][info][gc,phases   ] GC(67) Pause Mark Start 0.018ms
[77.015s][info][gc,phases   ] GC(67) Concurrent Mark 25.714ms
[77.015s][info][gc,phases   ] GC(67) Pause Mark End 0.015ms
[77.015s][info][gc,phases   ] GC(67) Concurrent Mark Free 0.002ms
[77.022s][info][gc,phases   ] GC(67) Concurrent Process Non-Strong References 6.629ms
[77.022s][info][gc,phases   ] GC(67) Concurrent Reset Relocation Set 0.008ms
[77.027s][info][gc,phases   ] GC(67) Concurrent Select Relocation Set 5.279ms
[77.027s][info][gc,phases   ] GC(67) Pause Relocate Start 0.006ms
[77.035s][info][gc,phases   ] GC(67) Concurrent Relocate 7.159ms
[77.035s][info][gc,load     ] GC(67) Load: 0.00/0.00/0.00
[77.035s][info][gc,mmu      ] GC(67) MMU: 2ms/99.0%, 5ms/99.6%, 10ms/99.6%, 20ms/99.8%, 50ms/99.9%, 100ms/100.0%
[77.035s][info][gc,marking  ] GC(67) Mark: 1 stripe(s), 2 proactive flush(es), 1 terminate flush(es), 0 completion(s), 0 continuation(s) 
[77.035s][info][gc,marking  ] GC(67) Mark Stack Usage: 32M
[77.035s][info][gc,nmethod  ] GC(67) NMethods: 1902 registered, 350 unregistered
[77.035s][info][gc,metaspace] GC(67) Metaspace: 9M used, 9M committed, 1088M reserved
[77.035s][info][gc,ref      ] GC(67) Soft: 214 encountered, 0 discovered, 0 enqueued
[77.035s][info][gc,ref      ] GC(67) Weak: 807 encountered, 188 discovered, 0 enqueued
[77.035s][info][gc,ref      ] GC(67) Final: 0 encountered, 0 discovered, 0 enqueued
[77.035s][info][gc,ref      ] GC(67) Phantom: 27 encountered, 14 discovered, 0 enqueued
[77.035s][info][gc,reloc    ] GC(67) Small Pages: 202 / 404M, Empty: 294M, Relocated: 2M, In-Place: 0
[77.035s][info][gc,reloc    ] GC(67) Medium Pages: 0 / 0M, Empty: 0M, Relocated: 0M, In-Place: 0
[77.035s][info][gc,reloc    ] GC(67) Large Pages: 0 / 0M, Empty: 0M, Relocated: 0M, In-Place: 0
[77.035s][info][gc,reloc    ] GC(67) Forwarding Usage: 1M
[77.035s][info][gc,heap     ] GC(67) Min Capacity: 8M(2%)
[77.035s][info][gc,heap     ] GC(67) Max Capacity: 512M(100%)
[77.035s][info][gc,heap     ] GC(67) Soft Max Capacity: 512M(100%)
[77.035s][info][gc,heap     ] GC(67)                Mark Start          Mark End        Relocate Start      Relocate End           High               Low         
[77.035s][info][gc,heap     ] GC(67)  Capacity:      512M (100%)        512M (100%)        512M (100%)        512M (100%)        512M (100%)        512M (100%)   
[77.035s][info][gc,heap     ] GC(67)      Free:      108M (21%)          98M (19%)         390M (76%)         490M (96%)         490M (96%)          98M (19%)    
[77.035s][info][gc,heap     ] GC(67)      Used:      404M (79%)         414M (81%)         122M (24%)          22M (4%)          414M (81%)          22M (4%)     
[77.035s][info][gc,heap     ] GC(67)      Live:         -                 6M (1%)            6M (1%)            6M (1%)             -                  -          
[77.035s][info][gc,heap     ] GC(67) Allocated:         -                10M (2%)           12M (2%)           13M (3%)             -                  -          
[77.035s][info][gc,heap     ] GC(67)   Garbage:         -               397M (78%)         103M (20%)           1M (0%)             -                  -          
[77.035s][info][gc,heap     ] GC(67) Reclaimed:         -                  -               294M (57%)         395M (77%)            -                  -          
[77.035s][info][gc          ] GC(67) Garbage Collection (Allocation Rate) 404M(79%)->22M(4%)
[77.560s][info][gc,start    ] GC(68) Garbage Collection (System.gc())
[77.560s][info][gc,task     ] GC(68) Using 5 workers
[77.561s][info][gc,phases   ] GC(68) Pause Mark Start 0.016ms
[77.582s][info][gc,phases   ] GC(68) Concurrent Mark 21.734ms
[77.583s][info][gc,phases   ] GC(68) Pause Mark End 0.015ms
[77.583s][info][gc,phases   ] GC(68) Concurrent Mark Free 0.001ms
[77.584s][info][gc,phases   ] GC(68) Concurrent Process Non-Strong References 1.654ms
[77.584s][info][gc,phases   ] GC(68) Concurrent Reset Relocation Set 0.009ms
[77.588s][info][gc,phases   ] GC(68) Concurrent Select Relocation Set 3.914ms
[77.588s][info][gc,phases   ] GC(68) Pause Relocate Start 0.008ms
[77.590s][info][gc,phases   ] GC(68) Concurrent Relocate 1.682ms
[77.590s][info][gc,load     ] GC(68) Load: 0.00/0.00/0.00
[77.590s][info][gc,mmu      ] GC(68) MMU: 2ms/99.0%, 5ms/99.6%, 10ms/99.6%, 20ms/99.8%, 50ms/99.9%, 100ms/100.0%
[77.590s][info][gc,marking  ] GC(68) Mark: 4 stripe(s), 3 proactive flush(es), 1 terminate flush(es), 0 completion(s), 0 continuation(s) 
[77.590s][info][gc,marking  ] GC(68) Mark Stack Usage: 32M
[77.590s][info][gc,nmethod  ] GC(68) NMethods: 1905 registered, 351 unregistered
[77.590s][info][gc,metaspace] GC(68) Metaspace: 9M used, 9M committed, 1088M reserved
[77.590s][info][gc,ref      ] GC(68) Soft: 214 encountered, 0 discovered, 0 enqueued
[77.590s][info][gc,ref      ] GC(68) Weak: 807 encountered, 241 discovered, 0 enqueued
[77.590s][info][gc,ref      ] GC(68) Final: 0 encountered, 0 discovered, 0 enqueued
[77.590s][info][gc,ref      ] GC(68) Phantom: 27 encountered, 19 discovered, 0 enqueued
[77.590s][info][gc,reloc    ] GC(68) Small Pages: 90 / 180M, Empty: 166M, Relocated: 1M, In-Place: 0
[77.591s][info][gc,reloc    ] GC(68) Medium Pages: 0 / 0M, Empty: 0M, Relocated: 0M, In-Place: 0
[77.591s][info][gc,reloc    ] GC(68) Large Pages: 0 / 0M, Empty: 0M, Relocated: 0M, In-Place: 0
[77.591s][info][gc,reloc    ] GC(68) Forwarding Usage: 0M
[77.591s][info][gc,heap     ] GC(68) Min Capacity: 8M(2%)
[77.591s][info][gc,heap     ] GC(68) Max Capacity: 512M(100%)
[77.591s][info][gc,heap     ] GC(68) Soft Max Capacity: 512M(100%)
[77.591s][info][gc,heap     ] GC(68)                Mark Start          Mark End        Relocate Start      Relocate End           High               Low         
[77.591s][info][gc,heap     ] GC(68)  Capacity:      512M (100%)        512M (100%)        512M (100%)        512M (100%)        512M (100%)        512M (100%)   
[77.591s][info][gc,heap     ] GC(68)      Free:      332M (65%)         332M (65%)         498M (97%)         498M (97%)         498M (97%)         332M (65%)    
[77.591s][info][gc,heap     ] GC(68)      Used:      180M (35%)         180M (35%)          14M (3%)           14M (3%)          180M (35%)          14M (3%)     
[77.591s][info][gc,heap     ] GC(68)      Live:         -                 4M (1%)            4M (1%)            4M (1%)             -                  -          
[77.591s][info][gc,heap     ] GC(68) Allocated:         -                 0M (0%)            0M (0%)            0M (0%)             -                  -          
[77.591s][info][gc,heap     ] GC(68)   Garbage:         -               175M (34%)           9M (2%)            9M (2%)             -                  -          
[77.591s][info][gc,heap     ] GC(68) Reclaimed:         -                  -               166M (32%)         166M (32%)            -                  -          
[77.591s][info][gc          ] GC(68) Garbage Collection (System.gc()) 180M(35%)->14M(3%)
[78.785s][info][gc,start    ] GC(69) Garbage Collection (Allocation Rate)
[78.785s][info][gc,task     ] GC(69) Using 1 workers
[78.786s][info][gc,phases   ] GC(69) Pause Mark Start 0.017ms
[78.814s][info][gc,phases   ] GC(69) Concurrent Mark 28.133ms
[78.814s][info][gc,phases   ] GC(69) Pause Mark End 0.019ms
[78.814s][info][gc,phases   ] GC(69) Concurrent Mark Free 0.001ms
[78.821s][info][gc,phases   ] GC(69) Concurrent Process Non-Strong References 6.963ms
[78.821s][info][gc,phases   ] GC(69) Concurrent Reset Relocation Set 0.001ms
[78.827s][info][gc,phases   ] GC(69) Concurrent Select Relocation Set 5.561ms
[78.827s][info][gc,phases   ] GC(69) Pause Relocate Start 0.011ms
[78.832s][info][gc,phases   ] GC(69) Concurrent Relocate 5.011ms
[78.832s][info][gc,load     ] GC(69) Load: 0.00/0.00/0.00
[78.832s][info][gc,mmu      ] GC(69) MMU: 2ms/99.0%, 5ms/99.6%, 10ms/99.6%, 20ms/99.8%, 50ms/99.9%, 100ms/100.0%
[78.832s][info][gc,marking  ] GC(69) Mark: 1 stripe(s), 2 proactive flush(es), 1 terminate flush(es), 0 completion(s), 0 continuation(s) 
[78.832s][info][gc,marking  ] GC(69) Mark Stack Usage: 32M
[78.832s][info][gc,nmethod  ] GC(69) NMethods: 1909 registered, 353 unregistered
[78.832s][info][gc,metaspace] GC(69) Metaspace: 9M used, 9M committed, 1088M reserved
[78.832s][info][gc,ref      ] GC(69) Soft: 214 encountered, 0 discovered, 0 enqueued
[78.832s][info][gc,ref      ] GC(69) Weak: 807 encountered, 188 discovered, 0 enqueued
[78.832s][info][gc,ref      ] GC(69) Final: 0 encountered, 0 discovered, 0 enqueued
[78.832s][info][gc,ref      ] GC(69) Phantom: 27 encountered, 14 discovered, 0 enqueued
[78.832s][info][gc,reloc    ] GC(69) Small Pages: 192 / 384M, Empty: 256M, Relocated: 2M, In-Place: 0
[78.832s][info][gc,reloc    ] GC(69) Medium Pages: 0 / 0M, Empty: 0M, Relocated: 0M, In-Place: 0
[78.832s][info][gc,reloc    ] GC(69) Large Pages: 0 / 0M, Empty: 0M, Relocated: 0M, In-Place: 0
[78.832s][info][gc,reloc    ] GC(69) Forwarding Usage: 1M
[78.833s][info][gc,heap     ] GC(69) Min Capacity: 8M(2%)
[78.833s][info][gc,heap     ] GC(69) Max Capacity: 512M(100%)
[78.833s][info][gc,heap     ] GC(69) Soft Max Capacity: 512M(100%)
[78.833s][info][gc,heap     ] GC(69)                Mark Start          Mark End        Relocate Start      Relocate End           High               Low         
[78.833s][info][gc,heap     ] GC(69)  Capacity:      512M (100%)        512M (100%)        512M (100%)        512M (100%)        512M (100%)        512M (100%)   
[78.833s][info][gc,heap     ] GC(69)      Free:      128M (25%)         118M (23%)         370M (72%)         488M (95%)         488M (95%)         116M (23%)    
[78.833s][info][gc,heap     ] GC(69)      Used:      384M (75%)         394M (77%)         142M (28%)          24M (5%)          396M (77%)          24M (5%)     
[78.833s][info][gc,heap     ] GC(69)      Live:         -                 6M (1%)            6M (1%)            6M (1%)             -                  -          
[78.833s][info][gc,heap     ] GC(69) Allocated:         -                10M (2%)           14M (3%)           15M (3%)             -                  -          
[78.833s][info][gc,heap     ] GC(69)   Garbage:         -               377M (74%)         121M (24%)           1M (0%)             -                  -          
[78.833s][info][gc,heap     ] GC(69) Reclaimed:         -                  -               256M (50%)         375M (73%)            -                  -          
[78.833s][info][gc          ] GC(69) Garbage Collection (Allocation Rate) 384M(75%)->24M(5%)
[80.082s][info][gc,stats    ] === Garbage Collection Statistics =======================================================================================================================
[80.082s][info][gc,start    ] GC(70) Garbage Collection (Allocation Rate)
[80.082s][info][gc,stats    ]                                                              Last 10s              Last 10m              Last 10h                Total
[80.082s][info][gc,task     ] GC(70) Using 1 workers
[80.082s][info][gc,stats    ]                                                              Avg / Max             Avg / Max             Avg / Max             Avg / Max
[80.082s][info][gc,stats    ]   Collector: Garbage Collection Cycle                     36.817 / 48.606       37.260 / 57.234       37.260 / 57.234       37.260 / 57.234      ms
[80.082s][info][gc,stats    ]  Contention: Mark Segment Reset Contention                     0 / 0                 0 / 3                 0 / 3                 0 / 3           ops/s
[80.082s][info][gc,stats    ]  Contention: Mark SeqNum Reset Contention                      0 / 2                 0 / 2                 0 / 2                 0 / 2           ops/s
[80.082s][info][gc,stats    ]    Critical: Allocation Stall                                  0 / 0                 0 / 0                 0 / 0                 0 / 0           ops/s
[80.082s][info][gc,phases   ] GC(70) Pause Mark Start 0.017ms
[80.082s][info][gc,stats    ]    Critical: Allocation Stall                              0.000 / 0.000         0.000 / 0.000         0.000 / 0.000         0.000 / 0.000       ms
[80.082s][info][gc,stats    ]    Critical: GC Locker Stall                                   0 / 0                 0 / 0                 0 / 0                 0 / 0           ops/s
[80.082s][info][gc,stats    ]    Critical: GC Locker Stall                               0.000 / 0.000         0.000 / 0.000         0.000 / 0.000         0.000 / 0.000       ms
[80.082s][info][gc,stats    ]    Critical: Relocation Stall                                  0 / 0                 0 / 0                 0 / 0                 0 / 0           ops/s
[80.083s][info][gc,stats    ]    Critical: Relocation Stall                              0.000 / 0.000         0.000 / 0.000         0.000 / 0.000         0.000 / 0.000       ms
[80.083s][info][gc,stats    ]      Memory: Allocation Rate                                 317 / 330             314 / 338             314 / 338             314 / 338         MB/s
[80.083s][info][gc,stats    ]      Memory: Defragment                                        0 / 0                 0 / 0                 0 / 0                 0 / 0           ops/s
[80.083s][info][gc,stats    ]      Memory: Out Of Memory                                     0 / 0                 0 / 0                 0 / 0                 0 / 0           ops/s
[80.083s][info][gc,stats    ]      Memory: Page Cache Flush                                  0 / 0                 0 / 0                 0 / 0                 0 / 0           MB/s
[80.083s][info][gc,stats    ]      Memory: Page Cache Hit L1                               161 / 170             156 / 174             156 / 174             156 / 174         ops/s
[80.083s][info][gc,stats    ]      Memory: Page Cache Hit L2                                 0 / 0                 0 / 0                 0 / 0                 0 / 0           ops/s
[80.083s][info][gc,stats    ]      Memory: Page Cache Hit L3                                 0 / 0                 2 / 77                2 / 77                2 / 77          ops/s
[80.083s][info][gc,stats    ]      Memory: Page Cache Miss                                   0 / 0                 0 / 1                 0 / 1                 0 / 1           ops/s
[80.083s][info][gc,stats    ]      Memory: Uncommit                                          0 / 0                 0 / 0                 0 / 0                 0 / 0           MB/s
[80.083s][info][gc,stats    ]      Memory: Undo Object Allocation Failed                     0 / 0                 0 / 3                 0 / 3                 0 / 3           ops/s
[80.083s][info][gc,stats    ]      Memory: Undo Object Allocation Succeeded                  0 / 1                 0 / 7                 0 / 7                 0 / 7           ops/s
[80.083s][info][gc,stats    ]      Memory: Undo Page Allocation                              1 / 6                 1 / 10                1 / 10                1 / 10          ops/s
[80.083s][info][gc,stats    ]       Phase: Concurrent Mark                              22.918 / 28.459       22.952 / 38.107       22.952 / 38.107       22.952 / 38.107      ms
[80.083s][info][gc,stats    ]       Phase: Concurrent Mark Continue                      0.000 / 0.000         0.000 / 0.000         0.000 / 0.000         0.000 / 0.000       ms
[80.083s][info][gc,stats    ]       Phase: Concurrent Mark Free                          0.001 / 0.002         0.001 / 0.002         0.001 / 0.002         0.001 / 0.002       ms
[80.083s][info][gc,stats    ]       Phase: Concurrent Process Non-Strong References      4.543 / 7.045         4.610 / 7.613         4.610 / 7.613         4.610 / 7.613       ms
[80.083s][info][gc,stats    ]       Phase: Concurrent Relocate                           3.847 / 7.159         4.007 / 8.950         4.007 / 8.950         4.007 / 8.950       ms
[80.083s][info][gc,stats    ]       Phase: Concurrent Reset Relocation Set               0.008 / 0.014         0.007 / 0.015         0.007 / 0.015         0.007 / 0.015       ms
[80.083s][info][gc,stats    ]       Phase: Concurrent Select Relocation Set              4.407 / 5.561         4.598 / 14.681        4.598 / 14.681        4.598 / 14.681      ms
[80.083s][info][gc,stats    ]       Phase: Pause Mark End                                0.017 / 0.020         0.017 / 0.021         0.017 / 0.021         0.017 / 0.021       ms
[80.083s][info][gc,stats    ]       Phase: Pause Mark Start                              0.017 / 0.018         0.017 / 0.019         0.017 / 0.019         0.017 / 0.019       ms
[80.083s][info][gc,stats    ]       Phase: Pause Relocate Start                          0.009 / 0.011         0.009 / 0.012         0.009 / 0.012         0.009 / 0.012       ms
[80.083s][info][gc,stats    ]    Subphase: Concurrent Classes Purge                      0.010 / 0.025         0.037 / 0.583         0.037 / 0.583         0.037 / 0.583       ms
[80.083s][info][gc,stats    ]    Subphase: Concurrent Classes Unlink                     3.725 / 5.774         3.724 / 5.866         3.724 / 5.866         3.724 / 5.866       ms
[80.083s][info][gc,stats    ]    Subphase: Concurrent Mark                              16.390 / 26.150       15.738 / 34.990       15.738 / 34.990       15.738 / 34.990      ms
[80.083s][info][gc,stats    ]    Subphase: Concurrent Mark Try Flush                     0.056 / 0.098         0.058 / 0.187         0.058 / 0.187         0.058 / 0.187       ms
[80.083s][info][gc,stats    ]    Subphase: Concurrent Mark Try Terminate                 4.903 / 15.718        3.518 / 16.135        3.518 / 16.135        3.518 / 16.135      ms
[80.083s][info][gc,stats    ]    Subphase: Concurrent References Enqueue                 0.000 / 0.001         0.001 / 0.005         0.001 / 0.005         0.001 / 0.005       ms
[80.084s][info][gc,stats    ]    Subphase: Concurrent References Process                 0.045 / 0.060         0.051 / 0.114         0.051 / 0.114         0.051 / 0.114       ms
[80.084s][info][gc,stats    ]    Subphase: Concurrent Roots ClassLoaderDataGraph         0.143 / 0.459         0.167 / 0.631         0.167 / 0.631         0.167 / 0.631       ms
[80.084s][info][gc,stats    ]    Subphase: Concurrent Roots CodeCache                    0.000 / 0.000         0.000 / 0.000         0.000 / 0.000         0.000 / 0.000       ms
[80.084s][info][gc,stats    ]    Subphase: Concurrent Roots JavaThreads                  1.039 / 2.090         0.937 / 2.289         0.937 / 2.289         0.937 / 2.289       ms
[80.084s][info][gc,stats    ]    Subphase: Concurrent Roots OopStorageSet                0.029 / 0.071         0.034 / 0.136         0.034 / 0.136         0.034 / 0.136       ms
[80.084s][info][gc,stats    ]    Subphase: Concurrent Weak Roots OopStorageSet           0.352 / 1.102         0.387 / 1.768         0.387 / 1.768         0.387 / 1.768       ms
[80.084s][info][gc,stats    ]    Subphase: Pause Mark Try Complete                       0.000 / 0.000         0.000 / 0.000         0.000 / 0.000         0.000 / 0.000       ms
[80.084s][info][gc,stats    ]      System: Java Threads                                     35 / 35               32 / 35               32 / 35               32 / 35          threads
[80.084s][info][gc,stats    ] =========================================================================================================================================================
[80.110s][info][gc,phases   ] GC(70) Concurrent Mark 27.121ms
[80.110s][info][gc,phases   ] GC(70) Pause Mark End 0.019ms
[80.110s][info][gc,phases   ] GC(70) Concurrent Mark Free 0.001ms
[80.117s][info][gc,phases   ] GC(70) Concurrent Process Non-Strong References 6.980ms
[80.117s][info][gc,phases   ] GC(70) Concurrent Reset Relocation Set 0.011ms
[80.121s][info][gc,phases   ] GC(70) Concurrent Select Relocation Set 3.983ms
[80.121s][info][gc,phases   ] GC(70) Pause Relocate Start 0.009ms
[80.124s][info][gc,phases   ] GC(70) Concurrent Relocate 2.619ms
[80.124s][info][gc,load     ] GC(70) Load: 0.00/0.00/0.00
[80.124s][info][gc,mmu      ] GC(70) MMU: 2ms/99.0%, 5ms/99.6%, 10ms/99.6%, 20ms/99.8%, 50ms/99.9%, 100ms/100.0%
[80.124s][info][gc,marking  ] GC(70) Mark: 1 stripe(s), 2 proactive flush(es), 1 terminate flush(es), 0 completion(s), 0 continuation(s) 
[80.124s][info][gc,marking  ] GC(70) Mark Stack Usage: 32M
[80.124s][info][gc,nmethod  ] GC(70) NMethods: 1909 registered, 353 unregistered
[80.124s][info][gc,metaspace] GC(70) Metaspace: 9M used, 9M committed, 1088M reserved
[80.124s][info][gc,ref      ] GC(70) Soft: 214 encountered, 0 discovered, 0 enqueued
[80.124s][info][gc,ref      ] GC(70) Weak: 807 encountered, 188 discovered, 0 enqueued
[80.124s][info][gc,ref      ] GC(70) Final: 0 encountered, 0 discovered, 0 enqueued
[80.124s][info][gc,ref      ] GC(70) Phantom: 27 encountered, 14 discovered, 0 enqueued
[80.124s][info][gc,reloc    ] GC(70) Small Pages: 207 / 414M, Empty: 330M, Relocated: 1M, In-Place: 0
[80.124s][info][gc,reloc    ] GC(70) Medium Pages: 0 / 0M, Empty: 0M, Relocated: 0M, In-Place: 0
[80.124s][info][gc,reloc    ] GC(70) Large Pages: 0 / 0M, Empty: 0M, Relocated: 0M, In-Place: 0
[80.124s][info][gc,reloc    ] GC(70) Forwarding Usage: 0M
[80.124s][info][gc,heap     ] GC(70) Min Capacity: 8M(2%)
[80.124s][info][gc,heap     ] GC(70) Max Capacity: 512M(100%)
[80.124s][info][gc,heap     ] GC(70) Soft Max Capacity: 512M(100%)
[80.124s][info][gc,heap     ] GC(70)                Mark Start          Mark End        Relocate Start      Relocate End           High               Low         
[80.124s][info][gc,heap     ] GC(70)  Capacity:      512M (100%)        512M (100%)        512M (100%)        512M (100%)        512M (100%)        512M (100%)   
[80.124s][info][gc,heap     ] GC(70)      Free:       98M (19%)          88M (17%)         414M (81%)         490M (96%)         490M (96%)          86M (17%)    
[80.124s][info][gc,heap     ] GC(70)      Used:      414M (81%)         424M (83%)          98M (19%)          22M (4%)          426M (83%)          22M (4%)     
[80.125s][info][gc,heap     ] GC(70)      Live:         -                 6M (1%)            6M (1%)            6M (1%)             -                  -          
[80.125s][info][gc,heap     ] GC(70) Allocated:         -                10M (2%)           14M (3%)           13M (3%)             -                  -          
[80.125s][info][gc,heap     ] GC(70)   Garbage:         -               407M (80%)          77M (15%)           1M (0%)             -                  -          
[80.125s][info][gc,heap     ] GC(70) Reclaimed:         -                  -               330M (64%)         405M (79%)            -                  -          
[80.125s][info][gc          ] GC(70) Garbage Collection (Allocation Rate) 414M(81%)->22M(4%)
[81.378s][info][gc,start    ] GC(71) Garbage Collection (Allocation Rate)
[81.378s][info][gc,task     ] GC(71) Using 1 workers
[81.379s][info][gc,phases   ] GC(71) Pause Mark Start 0.016ms
[81.407s][info][gc,phases   ] GC(71) Concurrent Mark 27.825ms
[81.407s][info][gc,phases   ] GC(71) Pause Mark End 0.018ms
[81.407s][info][gc,phases   ] GC(71) Concurrent Mark Free 0.001ms
[81.414s][info][gc,phases   ] GC(71) Concurrent Process Non-Strong References 6.937ms
[81.414s][info][gc,phases   ] GC(71) Concurrent Reset Relocation Set 0.006ms
[81.419s][info][gc,phases   ] GC(71) Concurrent Select Relocation Set 5.304ms
[81.419s][info][gc,phases   ] GC(71) Pause Relocate Start 0.011ms
[81.426s][info][gc,phases   ] GC(71) Concurrent Relocate 6.623ms
[81.426s][info][gc,load     ] GC(71) Load: 0.00/0.00/0.00
[81.426s][info][gc,mmu      ] GC(71) MMU: 2ms/99.0%, 5ms/99.6%, 10ms/99.6%, 20ms/99.8%, 50ms/99.9%, 100ms/100.0%
[81.426s][info][gc,marking  ] GC(71) Mark: 1 stripe(s), 2 proactive flush(es), 1 terminate flush(es), 0 completion(s), 0 continuation(s) 
[81.426s][info][gc,marking  ] GC(71) Mark Stack Usage: 32M
[81.426s][info][gc,nmethod  ] GC(71) NMethods: 1909 registered, 353 unregistered
[81.427s][info][gc,metaspace] GC(71) Metaspace: 9M used, 9M committed, 1088M reserved
[81.427s][info][gc,ref      ] GC(71) Soft: 214 encountered, 0 discovered, 0 enqueued
[81.427s][info][gc,ref      ] GC(71) Weak: 807 encountered, 189 discovered, 0 enqueued
[81.427s][info][gc,ref      ] GC(71) Final: 0 encountered, 0 discovered, 0 enqueued
[81.427s][info][gc,ref      ] GC(71) Phantom: 27 encountered, 14 discovered, 0 enqueued
[81.427s][info][gc,reloc    ] GC(71) Small Pages: 210 / 420M, Empty: 294M, Relocated: 2M, In-Place: 0
[81.427s][info][gc,reloc    ] GC(71) Medium Pages: 0 / 0M, Empty: 0M, Relocated: 0M, In-Place: 0
[81.427s][info][gc,reloc    ] GC(71) Large Pages: 0 / 0M, Empty: 0M, Relocated: 0M, In-Place: 0
[81.427s][info][gc,reloc    ] GC(71) Forwarding Usage: 1M
[81.427s][info][gc,heap     ] GC(71) Min Capacity: 8M(2%)
[81.427s][info][gc,heap     ] GC(71) Max Capacity: 512M(100%)
[81.427s][info][gc,heap     ] GC(71) Soft Max Capacity: 512M(100%)
[81.427s][info][gc,heap     ] GC(71)                Mark Start          Mark End        Relocate Start      Relocate End           High               Low         
[81.427s][info][gc,heap     ] GC(71)  Capacity:      512M (100%)        512M (100%)        512M (100%)        512M (100%)        512M (100%)        512M (100%)   
[81.427s][info][gc,heap     ] GC(71)      Free:       92M (18%)          82M (16%)         372M (73%)         486M (95%)         488M (95%)          80M (16%)    
[81.427s][info][gc,heap     ] GC(71)      Used:      420M (82%)         430M (84%)         140M (27%)          26M (5%)          432M (84%)          24M (5%)     
[81.427s][info][gc,heap     ] GC(71)      Live:         -                 6M (1%)            6M (1%)            6M (1%)             -                  -          
[81.427s][info][gc,heap     ] GC(71) Allocated:         -                10M (2%)           14M (3%)           17M (4%)             -                  -          
[81.427s][info][gc,heap     ] GC(71)   Garbage:         -               413M (81%)         119M (23%)           1M (0%)             -                  -          
[81.427s][info][gc,heap     ] GC(71) Reclaimed:         -                  -               294M (57%)         411M (80%)            -                  -          
[81.427s][info][gc          ] GC(71) Garbage Collection (Allocation Rate) 420M(82%)->26M(5%)
[82.581s][info][gc,start    ] GC(72) Garbage Collection (Proactive)
[82.581s][info][gc,task     ] GC(72) Using 5 workers
[82.581s][info][gc,phases   ] GC(72) Pause Mark Start 0.017ms
[82.597s][info][gc,phases   ] GC(72) Concurrent Mark 15.208ms
[82.597s][info][gc,phases   ] GC(72) Pause Mark End 0.017ms
[82.597s][info][gc,phases   ] GC(72) Concurrent Mark Free 0.001ms
[82.599s][info][gc,phases   ] GC(72) Concurrent Process Non-Strong References 1.640ms
[82.599s][info][gc,phases   ] GC(72) Concurrent Reset Relocation Set 0.009ms
[82.603s][info][gc,phases   ] GC(72) Concurrent Select Relocation Set 3.848ms
[82.603s][info][gc,phases   ] GC(72) Pause Relocate Start 0.008ms
[82.605s][info][gc,phases   ] GC(72) Concurrent Relocate 1.545ms
[82.605s][info][gc,load     ] GC(72) Load: 0.00/0.00/0.00
[82.605s][info][gc,mmu      ] GC(72) MMU: 2ms/99.0%, 5ms/99.6%, 10ms/99.6%, 20ms/99.8%, 50ms/99.9%, 100ms/100.0%
[82.605s][info][gc,marking  ] GC(72) Mark: 4 stripe(s), 2 proactive flush(es), 1 terminate flush(es), 0 completion(s), 0 continuation(s) 
[82.605s][info][gc,marking  ] GC(72) Mark Stack Usage: 32M
[82.605s][info][gc,nmethod  ] GC(72) NMethods: 1909 registered, 353 unregistered
[82.605s][info][gc,metaspace] GC(72) Metaspace: 9M used, 9M committed, 1088M reserved
[82.605s][info][gc,ref      ] GC(72) Soft: 214 encountered, 0 discovered, 0 enqueued
[82.605s][info][gc,ref      ] GC(72) Weak: 807 encountered, 272 discovered, 0 enqueued
[82.605s][info][gc,ref      ] GC(72) Final: 0 encountered, 0 discovered, 0 enqueued
[82.605s][info][gc,ref      ] GC(72) Phantom: 27 encountered, 22 discovered, 0 enqueued
[82.605s][info][gc,reloc    ] GC(72) Small Pages: 194 / 388M, Empty: 312M, Relocated: 1M, In-Place: 0
[82.605s][info][gc,reloc    ] GC(72) Medium Pages: 0 / 0M, Empty: 0M, Relocated: 0M, In-Place: 0
[82.605s][info][gc,reloc    ] GC(72) Large Pages: 0 / 0M, Empty: 0M, Relocated: 0M, In-Place: 0
[82.605s][info][gc,reloc    ] GC(72) Forwarding Usage: 0M
[82.605s][info][gc,heap     ] GC(72) Min Capacity: 8M(2%)
[82.605s][info][gc,heap     ] GC(72) Max Capacity: 512M(100%)
[82.605s][info][gc,heap     ] GC(72) Soft Max Capacity: 512M(100%)
[82.605s][info][gc,heap     ] GC(72)                Mark Start          Mark End        Relocate Start      Relocate End           High               Low         
[82.605s][info][gc,heap     ] GC(72)  Capacity:      512M (100%)        512M (100%)        512M (100%)        512M (100%)        512M (100%)        512M (100%)   
[82.605s][info][gc,heap     ] GC(72)      Free:      124M (24%)         118M (23%)         428M (84%)         488M (95%)         488M (95%)         118M (23%)    
[82.605s][info][gc,heap     ] GC(72)      Used:      388M (76%)         394M (77%)          84M (16%)          24M (5%)          394M (77%)          24M (5%)     
[82.605s][info][gc,heap     ] GC(72)      Live:         -                 6M (1%)            6M (1%)            6M (1%)             -                  -          
[82.605s][info][gc,heap     ] GC(72) Allocated:         -                 6M (1%)            8M (2%)            7M (2%)             -                  -          
[82.605s][info][gc,heap     ] GC(72)   Garbage:         -               381M (75%)          69M (14%)           9M (2%)             -                  -          
[82.605s][info][gc,heap     ] GC(72) Reclaimed:         -                  -               312M (61%)         371M (73%)            -                  -          
[82.605s][info][gc          ] GC(72) Garbage Collection (Proactive) 388M(76%)->24M(5%)
[83.878s][info][gc,start    ] GC(73) Garbage Collection (Allocation Rate)
[83.878s][info][gc,task     ] GC(73) Using 1 workers
[83.878s][info][gc,phases   ] GC(73) Pause Mark Start 0.018ms
[83.904s][info][gc,phases   ] GC(73) Concurrent Mark 25.731ms
[83.904s][info][gc,phases   ] GC(73) Pause Mark End 0.019ms
[83.904s][info][gc,phases   ] GC(73) Concurrent Mark Free 0.002ms
[83.911s][info][gc,phases   ] GC(73) Concurrent Process Non-Strong References 6.770ms
[83.911s][info][gc,phases   ] GC(73) Concurrent Reset Relocation Set 0.008ms
[83.915s][info][gc,phases   ] GC(73) Concurrent Select Relocation Set 3.928ms
[83.915s][info][gc,phases   ] GC(73) Pause Relocate Start 0.010ms
[83.918s][info][gc,phases   ] GC(73) Concurrent Relocate 2.667ms
[83.918s][info][gc,load     ] GC(73) Load: 0.00/0.00/0.00
[83.918s][info][gc,mmu      ] GC(73) MMU: 2ms/99.0%, 5ms/99.6%, 10ms/99.6%, 20ms/99.8%, 50ms/99.9%, 100ms/100.0%
[83.918s][info][gc,marking  ] GC(73) Mark: 1 stripe(s), 2 proactive flush(es), 1 terminate flush(es), 0 completion(s), 0 continuation(s) 
[83.918s][info][gc,marking  ] GC(73) Mark Stack Usage: 32M
[83.918s][info][gc,nmethod  ] GC(73) NMethods: 1909 registered, 353 unregistered
[83.918s][info][gc,metaspace] GC(73) Metaspace: 9M used, 9M committed, 1088M reserved
[83.918s][info][gc,ref      ] GC(73) Soft: 214 encountered, 0 discovered, 0 enqueued
[83.918s][info][gc,ref      ] GC(73) Weak: 807 encountered, 8 discovered, 0 enqueued
[83.918s][info][gc,ref      ] GC(73) Final: 0 encountered, 0 discovered, 0 enqueued
[83.918s][info][gc,ref      ] GC(73) Phantom: 27 encountered, 14 discovered, 0 enqueued
[83.918s][info][gc,reloc    ] GC(73) Small Pages: 215 / 430M, Empty: 336M, Relocated: 1M, In-Place: 0
[83.918s][info][gc,reloc    ] GC(73) Medium Pages: 0 / 0M, Empty: 0M, Relocated: 0M, In-Place: 0
[83.918s][info][gc,reloc    ] GC(73) Large Pages: 0 / 0M, Empty: 0M, Relocated: 0M, In-Place: 0
[83.918s][info][gc,reloc    ] GC(73) Forwarding Usage: 0M
[83.918s][info][gc,heap     ] GC(73) Min Capacity: 8M(2%)
[83.918s][info][gc,heap     ] GC(73) Max Capacity: 512M(100%)
[83.918s][info][gc,heap     ] GC(73) Soft Max Capacity: 512M(100%)
[83.918s][info][gc,heap     ] GC(73)                Mark Start          Mark End        Relocate Start      Relocate End           High               Low         
[83.919s][info][gc,heap     ] GC(73)  Capacity:      512M (100%)        512M (100%)        512M (100%)        512M (100%)        512M (100%)        512M (100%)   
[83.919s][info][gc,heap     ] GC(73)      Free:       82M (16%)          72M (14%)         404M (79%)         490M (96%)         490M (96%)          70M (14%)    
[83.919s][info][gc,heap     ] GC(73)      Used:      430M (84%)         440M (86%)         108M (21%)          22M (4%)          442M (86%)          22M (4%)     
[83.919s][info][gc,heap     ] GC(73)      Live:         -                 6M (1%)            6M (1%)            6M (1%)             -                  -          
[83.919s][info][gc,heap     ] GC(73) Allocated:         -                10M (2%)           14M (3%)           13M (3%)             -                  -          
[83.919s][info][gc,heap     ] GC(73)   Garbage:         -               423M (83%)          87M (17%)           1M (0%)             -                  -          
[83.919s][info][gc,heap     ] GC(73) Reclaimed:         -                  -               336M (66%)         421M (82%)            -                  -          
[83.919s][info][gc          ] GC(73) Garbage Collection (Allocation Rate) 430M(84%)->22M(4%)
[84.533s][info][gc,start    ] GC(74) Garbage Collection (System.gc())
[84.533s][info][gc,task     ] GC(74) Using 5 workers
[84.533s][info][gc,phases   ] GC(74) Pause Mark Start 0.018ms
[84.549s][info][gc,phases   ] GC(74) Concurrent Mark 15.995ms
[84.550s][info][gc,phases   ] GC(74) Pause Mark End 0.016ms
[84.550s][info][gc,phases   ] GC(74) Concurrent Mark Free 0.001ms
[84.551s][info][gc,phases   ] GC(74) Concurrent Process Non-Strong References 1.631ms
[84.551s][info][gc,phases   ] GC(74) Concurrent Reset Relocation Set 0.008ms
[84.555s][info][gc,phases   ] GC(74) Concurrent Select Relocation Set 3.783ms
[84.555s][info][gc,phases   ] GC(74) Pause Relocate Start 0.007ms
[84.557s][info][gc,phases   ] GC(74) Concurrent Relocate 1.521ms
[84.557s][info][gc,load     ] GC(74) Load: 0.00/0.00/0.00
[84.557s][info][gc,mmu      ] GC(74) MMU: 2ms/99.0%, 5ms/99.6%, 10ms/99.6%, 20ms/99.8%, 50ms/99.9%, 100ms/100.0%
[84.557s][info][gc,marking  ] GC(74) Mark: 4 stripe(s), 2 proactive flush(es), 1 terminate flush(es), 0 completion(s), 0 continuation(s) 
[84.557s][info][gc,marking  ] GC(74) Mark Stack Usage: 32M
[84.557s][info][gc,nmethod  ] GC(74) NMethods: 1915 registered, 353 unregistered
[84.557s][info][gc,metaspace] GC(74) Metaspace: 9M used, 9M committed, 1088M reserved
[84.557s][info][gc,ref      ] GC(74) Soft: 214 encountered, 0 discovered, 0 enqueued
[84.557s][info][gc,ref      ] GC(74) Weak: 807 encountered, 221 discovered, 0 enqueued
[84.557s][info][gc,ref      ] GC(74) Final: 0 encountered, 0 discovered, 0 enqueued
[84.557s][info][gc,ref      ] GC(74) Phantom: 27 encountered, 23 discovered, 0 enqueued
[84.557s][info][gc,reloc    ] GC(74) Small Pages: 107 / 214M, Empty: 202M, Relocated: 1M, In-Place: 0
[84.557s][info][gc,reloc    ] GC(74) Medium Pages: 0 / 0M, Empty: 0M, Relocated: 0M, In-Place: 0
[84.557s][info][gc,reloc    ] GC(74) Large Pages: 0 / 0M, Empty: 0M, Relocated: 0M, In-Place: 0
[84.557s][info][gc,reloc    ] GC(74) Forwarding Usage: 0M
[84.557s][info][gc,heap     ] GC(74) Min Capacity: 8M(2%)
[84.557s][info][gc,heap     ] GC(74) Max Capacity: 512M(100%)
[84.557s][info][gc,heap     ] GC(74) Soft Max Capacity: 512M(100%)
[84.557s][info][gc,heap     ] GC(74)                Mark Start          Mark End        Relocate Start      Relocate End           High               Low         
[84.557s][info][gc,heap     ] GC(74)  Capacity:      512M (100%)        512M (100%)        512M (100%)        512M (100%)        512M (100%)        512M (100%)   
[84.557s][info][gc,heap     ] GC(74)      Free:      298M (58%)         298M (58%)         500M (98%)         500M (98%)         500M (98%)         298M (58%)    
[84.557s][info][gc,heap     ] GC(74)      Used:      214M (42%)         214M (42%)          12M (2%)           12M (2%)          214M (42%)          12M (2%)     
[84.558s][info][gc,heap     ] GC(74)      Live:         -                 4M (1%)            4M (1%)            4M (1%)             -                  -          
[84.558s][info][gc,heap     ] GC(74) Allocated:         -                 0M (0%)            0M (0%)            0M (0%)             -                  -          
[84.558s][info][gc,heap     ] GC(74)   Garbage:         -               209M (41%)           7M (1%)            7M (1%)             -                  -          
[84.558s][info][gc,heap     ] GC(74) Reclaimed:         -                  -               202M (39%)         202M (39%)            -                  -          
[84.558s][info][gc          ] GC(74) Garbage Collection (System.gc()) 214M(42%)->12M(2%)
[85.887s][info][gc,start    ] GC(75) Garbage Collection (Allocation Rate)
[85.887s][info][gc,task     ] GC(75) Using 1 workers
[85.887s][info][gc,phases   ] GC(75) Pause Mark Start 0.027ms
[85.916s][info][gc,phases   ] GC(75) Concurrent Mark 29.170ms
[85.916s][info][gc,phases   ] GC(75) Pause Mark End 0.019ms
[85.917s][info][gc,phases   ] GC(75) Concurrent Mark Free 0.001ms
[85.924s][info][gc,phases   ] GC(75) Concurrent Process Non-Strong References 6.966ms
[85.924s][info][gc,phases   ] GC(75) Concurrent Reset Relocation Set 0.001ms
[85.929s][info][gc,phases   ] GC(75) Concurrent Select Relocation Set 5.222ms
[85.929s][info][gc,phases   ] GC(75) Pause Relocate Start 0.009ms
[85.936s][info][gc,phases   ] GC(75) Concurrent Relocate 7.333ms
[85.937s][info][gc,load     ] GC(75) Load: 0.00/0.00/0.00
[85.937s][info][gc,mmu      ] GC(75) MMU: 2ms/98.6%, 5ms/99.5%, 10ms/99.6%, 20ms/99.8%, 50ms/99.9%, 100ms/99.9%
[85.937s][info][gc,marking  ] GC(75) Mark: 1 stripe(s), 2 proactive flush(es), 1 terminate flush(es), 0 completion(s), 0 continuation(s) 
[85.937s][info][gc,marking  ] GC(75) Mark Stack Usage: 32M
[85.937s][info][gc,nmethod  ] GC(75) NMethods: 1915 registered, 354 unregistered
[85.937s][info][gc,metaspace] GC(75) Metaspace: 9M used, 9M committed, 1088M reserved
[85.937s][info][gc,ref      ] GC(75) Soft: 214 encountered, 0 discovered, 0 enqueued
[85.937s][info][gc,ref      ] GC(75) Weak: 807 encountered, 188 discovered, 0 enqueued
[85.937s][info][gc,ref      ] GC(75) Final: 0 encountered, 0 discovered, 0 enqueued
[85.937s][info][gc,ref      ] GC(75) Phantom: 27 encountered, 14 discovered, 0 enqueued
[85.937s][info][gc,reloc    ] GC(75) Small Pages: 209 / 418M, Empty: 258M, Relocated: 2M, In-Place: 0
[85.937s][info][gc,reloc    ] GC(75) Medium Pages: 0 / 0M, Empty: 0M, Relocated: 0M, In-Place: 0
[85.937s][info][gc,reloc    ] GC(75) Large Pages: 0 / 0M, Empty: 0M, Relocated: 0M, In-Place: 0
[85.937s][info][gc,reloc    ] GC(75) Forwarding Usage: 1M
[85.937s][info][gc,heap     ] GC(75) Min Capacity: 8M(2%)
[85.937s][info][gc,heap     ] GC(75) Max Capacity: 512M(100%)
[85.937s][info][gc,heap     ] GC(75) Soft Max Capacity: 512M(100%)
[85.937s][info][gc,heap     ] GC(75)                Mark Start          Mark End        Relocate Start      Relocate End           High               Low         
[85.937s][info][gc,heap     ] GC(75)  Capacity:      512M (100%)        512M (100%)        512M (100%)        512M (100%)        512M (100%)        512M (100%)   
[85.937s][info][gc,heap     ] GC(75)      Free:       94M (18%)          84M (16%)         338M (66%)         486M (95%)         486M (95%)          82M (16%)    
[85.937s][info][gc,heap     ] GC(75)      Used:      418M (82%)         428M (84%)         174M (34%)          26M (5%)          430M (84%)          26M (5%)     
[85.937s][info][gc,heap     ] GC(75)      Live:         -                 6M (1%)            6M (1%)            6M (1%)             -                  -          
[85.937s][info][gc,heap     ] GC(75) Allocated:         -                10M (2%)           14M (3%)           17M (4%)             -                  -          
[85.937s][info][gc,heap     ] GC(75)   Garbage:         -               411M (80%)         153M (30%)           1M (0%)             -                  -          
[85.937s][info][gc,heap     ] GC(75) Reclaimed:         -                  -               258M (50%)         409M (80%)            -                  -          
[85.937s][info][gc          ] GC(75) Garbage Collection (Allocation Rate) 418M(82%)->26M(5%)
[87.180s][info][gc,start    ] GC(76) Garbage Collection (Allocation Rate)
[87.180s][info][gc,task     ] GC(76) Using 1 workers
[87.181s][info][gc,phases   ] GC(76) Pause Mark Start 0.018ms
[87.209s][info][gc,phases   ] GC(76) Concurrent Mark 28.234ms
[87.209s][info][gc,phases   ] GC(76) Pause Mark End 0.020ms
[87.209s][info][gc,phases   ] GC(76) Concurrent Mark Free 0.002ms
[87.214s][info][gc,phases   ] GC(76) Concurrent Process Non-Strong References 5.116ms
[87.214s][info][gc,phases   ] GC(76) Concurrent Reset Relocation Set 0.014ms
[87.219s][info][gc,phases   ] GC(76) Concurrent Select Relocation Set 4.052ms
[87.219s][info][gc,phases   ] GC(76) Pause Relocate Start 0.009ms
[87.222s][info][gc,phases   ] GC(76) Concurrent Relocate 2.832ms
[87.222s][info][gc,load     ] GC(76) Load: 0.00/0.00/0.00
[87.222s][info][gc,mmu      ] GC(76) MMU: 2ms/98.6%, 5ms/99.5%, 10ms/99.6%, 20ms/99.8%, 50ms/99.9%, 100ms/99.9%
[87.222s][info][gc,marking  ] GC(76) Mark: 1 stripe(s), 2 proactive flush(es), 1 terminate flush(es), 0 completion(s), 0 continuation(s) 
[87.222s][info][gc,marking  ] GC(76) Mark Stack Usage: 32M
[87.222s][info][gc,nmethod  ] GC(76) NMethods: 1915 registered, 354 unregistered
[87.222s][info][gc,metaspace] GC(76) Metaspace: 9M used, 9M committed, 1088M reserved
[87.222s][info][gc,ref      ] GC(76) Soft: 214 encountered, 0 discovered, 0 enqueued
[87.222s][info][gc,ref      ] GC(76) Weak: 807 encountered, 189 discovered, 0 enqueued
[87.222s][info][gc,ref      ] GC(76) Final: 0 encountered, 0 discovered, 0 enqueued
[87.222s][info][gc,ref      ] GC(76) Phantom: 27 encountered, 14 discovered, 0 enqueued
[87.222s][info][gc,reloc    ] GC(76) Small Pages: 210 / 420M, Empty: 296M, Relocated: 1M, In-Place: 0
[87.222s][info][gc,reloc    ] GC(76) Medium Pages: 0 / 0M, Empty: 0M, Relocated: 0M, In-Place: 0
[87.222s][info][gc,reloc    ] GC(76) Large Pages: 0 / 0M, Empty: 0M, Relocated: 0M, In-Place: 0
[87.222s][info][gc,reloc    ] GC(76) Forwarding Usage: 0M
[87.222s][info][gc,heap     ] GC(76) Min Capacity: 8M(2%)
[87.222s][info][gc,heap     ] GC(76) Max Capacity: 512M(100%)
[87.222s][info][gc,heap     ] GC(76) Soft Max Capacity: 512M(100%)
[87.222s][info][gc,heap     ] GC(76)                Mark Start          Mark End        Relocate Start      Relocate End           High               Low         
[87.222s][info][gc,heap     ] GC(76)  Capacity:      512M (100%)        512M (100%)        512M (100%)        512M (100%)        512M (100%)        512M (100%)   
[87.222s][info][gc,heap     ] GC(76)      Free:       92M (18%)          80M (16%)         374M (73%)         488M (95%)         488M (95%)          80M (16%)    
[87.222s][info][gc,heap     ] GC(76)      Used:      420M (82%)         432M (84%)         138M (27%)          24M (5%)          432M (84%)          24M (5%)     
[87.222s][info][gc,heap     ] GC(76)      Live:         -                 6M (1%)            6M (1%)            6M (1%)             -                  -          
[87.222s][info][gc,heap     ] GC(76) Allocated:         -                12M (2%)           14M (3%)           15M (3%)             -                  -          
[87.222s][info][gc,heap     ] GC(76)   Garbage:         -               413M (81%)         117M (23%)           1M (0%)             -                  -          
[87.222s][info][gc,heap     ] GC(76) Reclaimed:         -                  -               296M (58%)         411M (80%)            -                  -          
[87.222s][info][gc          ] GC(76) Garbage Collection (Allocation Rate) 420M(82%)->24M(5%)
[88.485s][info][gc,start    ] GC(77) Garbage Collection (Proactive)
[88.485s][info][gc,task     ] GC(77) Using 5 workers
[88.485s][info][gc,phases   ] GC(77) Pause Mark Start 0.018ms
[88.500s][info][gc,phases   ] GC(77) Concurrent Mark 15.180ms
[88.500s][info][gc,phases   ] GC(77) Pause Mark End 0.017ms
[88.500s][info][gc,phases   ] GC(77) Concurrent Mark Free 0.002ms
[88.502s][info][gc,phases   ] GC(77) Concurrent Process Non-Strong References 1.671ms
[88.502s][info][gc,phases   ] GC(77) Concurrent Reset Relocation Set 0.010ms
[88.506s][info][gc,phases   ] GC(77) Concurrent Select Relocation Set 3.826ms
[88.506s][info][gc,phases   ] GC(77) Pause Relocate Start 0.009ms
[88.508s][info][gc,phases   ] GC(77) Concurrent Relocate 1.972ms
[88.508s][info][gc,load     ] GC(77) Load: 0.00/0.00/0.00
[88.508s][info][gc,mmu      ] GC(77) MMU: 2ms/98.6%, 5ms/99.5%, 10ms/99.6%, 20ms/99.8%, 50ms/99.9%, 100ms/99.9%
[88.508s][info][gc,marking  ] GC(77) Mark: 4 stripe(s), 2 proactive flush(es), 1 terminate flush(es), 0 completion(s), 0 continuation(s) 
[88.508s][info][gc,marking  ] GC(77) Mark Stack Usage: 32M
[88.508s][info][gc,nmethod  ] GC(77) NMethods: 1915 registered, 354 unregistered
[88.509s][info][gc,metaspace] GC(77) Metaspace: 9M used, 9M committed, 1088M reserved
[88.509s][info][gc,ref      ] GC(77) Soft: 214 encountered, 0 discovered, 0 enqueued
[88.509s][info][gc,ref      ] GC(77) Weak: 807 encountered, 16 discovered, 0 enqueued
[88.509s][info][gc,ref      ] GC(77) Final: 0 encountered, 0 discovered, 0 enqueued
[88.509s][info][gc,ref      ] GC(77) Phantom: 27 encountered, 14 discovered, 0 enqueued
[88.509s][info][gc,reloc    ] GC(77) Small Pages: 206 / 412M, Empty: 296M, Relocated: 1M, In-Place: 0
[88.509s][info][gc,reloc    ] GC(77) Medium Pages: 0 / 0M, Empty: 0M, Relocated: 0M, In-Place: 0
[88.509s][info][gc,reloc    ] GC(77) Large Pages: 0 / 0M, Empty: 0M, Relocated: 0M, In-Place: 0
[88.509s][info][gc,reloc    ] GC(77) Forwarding Usage: 0M
[88.509s][info][gc,heap     ] GC(77) Min Capacity: 8M(2%)
[88.509s][info][gc,heap     ] GC(77) Max Capacity: 512M(100%)
[88.509s][info][gc,heap     ] GC(77) Soft Max Capacity: 512M(100%)
[88.509s][info][gc,heap     ] GC(77)                Mark Start          Mark End        Relocate Start      Relocate End           High               Low         
[88.509s][info][gc,heap     ] GC(77)  Capacity:      512M (100%)        512M (100%)        512M (100%)        512M (100%)        512M (100%)        512M (100%)   
[88.509s][info][gc,heap     ] GC(77)      Free:      100M (20%)          94M (18%)         388M (76%)         488M (95%)         488M (95%)          92M (18%)    
[88.509s][info][gc,heap     ] GC(77)      Used:      412M (80%)         418M (82%)         124M (24%)          24M (5%)          420M (82%)          24M (5%)     
[88.509s][info][gc,heap     ] GC(77)      Live:         -                 6M (1%)            6M (1%)            6M (1%)             -                  -          
[88.509s][info][gc,heap     ] GC(77) Allocated:         -                 6M (1%)            8M (2%)            7M (2%)             -                  -          
[88.509s][info][gc,heap     ] GC(77)   Garbage:         -               405M (79%)         109M (21%)           9M (2%)             -                  -          
[88.509s][info][gc,heap     ] GC(77) Reclaimed:         -                  -               296M (58%)         395M (77%)            -                  -          
[88.509s][info][gc          ] GC(77) Garbage Collection (Proactive) 412M(80%)->24M(5%)
[89.686s][info][gc,start    ] GC(78) Garbage Collection (Allocation Rate)
[89.686s][info][gc,task     ] GC(78) Using 1 workers
[89.687s][info][gc,phases   ] GC(78) Pause Mark Start 0.017ms
[89.712s][info][gc,phases   ] GC(78) Concurrent Mark 25.739ms
[89.713s][info][gc,phases   ] GC(78) Pause Mark End 0.015ms
[89.713s][info][gc,phases   ] GC(78) Concurrent Mark Free 0.001ms
[89.720s][info][gc,phases   ] GC(78) Concurrent Process Non-Strong References 6.708ms
[89.720s][info][gc,phases   ] GC(78) Concurrent Reset Relocation Set 0.008ms
[89.724s][info][gc,phases   ] GC(78) Concurrent Select Relocation Set 3.898ms
[89.724s][info][gc,phases   ] GC(78) Pause Relocate Start 0.007ms
[89.728s][info][gc,phases   ] GC(78) Concurrent Relocate 4.116ms
[89.728s][info][gc,load     ] GC(78) Load: 0.00/0.00/0.00
[89.728s][info][gc,mmu      ] GC(78) MMU: 2ms/98.6%, 5ms/99.5%, 10ms/99.6%, 20ms/99.8%, 50ms/99.9%, 100ms/99.9%
[89.728s][info][gc,marking  ] GC(78) Mark: 1 stripe(s), 2 proactive flush(es), 1 terminate flush(es), 0 completion(s), 0 continuation(s) 
[89.728s][info][gc,marking  ] GC(78) Mark Stack Usage: 32M
[89.728s][info][gc,nmethod  ] GC(78) NMethods: 1915 registered, 354 unregistered
[89.728s][info][gc,metaspace] GC(78) Metaspace: 9M used, 9M committed, 1088M reserved
[89.728s][info][gc,ref      ] GC(78) Soft: 214 encountered, 0 discovered, 0 enqueued
[89.728s][info][gc,ref      ] GC(78) Weak: 807 encountered, 188 discovered, 0 enqueued
[89.728s][info][gc,ref      ] GC(78) Final: 0 encountered, 0 discovered, 0 enqueued
[89.728s][info][gc,ref      ] GC(78) Phantom: 27 encountered, 14 discovered, 0 enqueued
[89.728s][info][gc,reloc    ] GC(78) Small Pages: 202 / 404M, Empty: 306M, Relocated: 1M, In-Place: 0
[89.728s][info][gc,reloc    ] GC(78) Medium Pages: 0 / 0M, Empty: 0M, Relocated: 0M, In-Place: 0
[89.728s][info][gc,reloc    ] GC(78) Large Pages: 0 / 0M, Empty: 0M, Relocated: 0M, In-Place: 0
[89.728s][info][gc,reloc    ] GC(78) Forwarding Usage: 0M
[89.728s][info][gc,heap     ] GC(78) Min Capacity: 8M(2%)
[89.728s][info][gc,heap     ] GC(78) Max Capacity: 512M(100%)
[89.728s][info][gc,heap     ] GC(78) Soft Max Capacity: 512M(100%)
[89.728s][info][gc,heap     ] GC(78)                Mark Start          Mark End        Relocate Start      Relocate End           High               Low         
[89.728s][info][gc,heap     ] GC(78)  Capacity:      512M (100%)        512M (100%)        512M (100%)        512M (100%)        512M (100%)        512M (100%)   
[89.728s][info][gc,heap     ] GC(78)      Free:      108M (21%)          98M (19%)         400M (78%)         488M (95%)         488M (95%)          96M (19%)    
[89.729s][info][gc,heap     ] GC(78)      Used:      404M (79%)         414M (81%)         112M (22%)          24M (5%)          416M (81%)          24M (5%)     
[89.729s][info][gc,heap     ] GC(78)      Live:         -                 6M (1%)            6M (1%)            6M (1%)             -                  -          
[89.729s][info][gc,heap     ] GC(78) Allocated:         -                10M (2%)           14M (3%)           15M (3%)             -                  -          
[89.729s][info][gc,heap     ] GC(78)   Garbage:         -               397M (78%)          91M (18%)           1M (0%)             -                  -          
[89.729s][info][gc,heap     ] GC(78) Reclaimed:         -                  -               306M (60%)         395M (77%)            -                  -          
[89.729s][info][gc          ] GC(78) Garbage Collection (Allocation Rate) 404M(79%)->24M(5%)
[90.085s][info][gc,stats    ] === Garbage Collection Statistics =======================================================================================================================
[90.085s][info][gc,stats    ]                                                              Last 10s              Last 10m              Last 10h                Total
[90.085s][info][gc,stats    ]                                                              Avg / Max             Avg / Max             Avg / Max             Avg / Max
[90.085s][info][gc,stats    ]   Collector: Garbage Collection Cycle                     37.133 / 49.984       37.245 / 57.234       37.245 / 57.234       37.245 / 57.234      ms
[90.085s][info][gc,stats    ]  Contention: Mark Segment Reset Contention                     0 / 2                 0 / 3                 0 / 3                 0 / 3           ops/s
[90.085s][info][gc,stats    ]  Contention: Mark SeqNum Reset Contention                      0 / 0                 0 / 2                 0 / 2                 0 / 2           ops/s
[90.085s][info][gc,stats    ]    Critical: Allocation Stall                                  0 / 0                 0 / 0                 0 / 0                 0 / 0           ops/s
[90.085s][info][gc,stats    ]    Critical: Allocation Stall                              0.000 / 0.000         0.000 / 0.000         0.000 / 0.000         0.000 / 0.000       ms
[90.085s][info][gc,stats    ]    Critical: GC Locker Stall                                   0 / 0                 0 / 0                 0 / 0                 0 / 0           ops/s
[90.085s][info][gc,stats    ]    Critical: GC Locker Stall                               0.000 / 0.000         0.000 / 0.000         0.000 / 0.000         0.000 / 0.000       ms
[90.085s][info][gc,stats    ]    Critical: Relocation Stall                                  0 / 0                 0 / 0                 0 / 0                 0 / 0           ops/s
[90.085s][info][gc,stats    ]    Critical: Relocation Stall                              0.000 / 0.000         0.000 / 0.000         0.000 / 0.000         0.000 / 0.000       ms
[90.085s][info][gc,stats    ]      Memory: Allocation Rate                                 319 / 332             314 / 338             314 / 338             314 / 338         MB/s
[90.085s][info][gc,stats    ]      Memory: Defragment                                        0 / 0                 0 / 0                 0 / 0                 0 / 0           ops/s
[90.085s][info][gc,stats    ]      Memory: Out Of Memory                                     0 / 0                 0 / 0                 0 / 0                 0 / 0           ops/s
[90.085s][info][gc,stats    ]      Memory: Page Cache Flush                                  0 / 0                 0 / 0                 0 / 0                 0 / 0           MB/s
[90.085s][info][gc,stats    ]      Memory: Page Cache Hit L1                               161 / 167             157 / 174             157 / 174             157 / 174         ops/s
[90.085s][info][gc,stats    ]      Memory: Page Cache Hit L2                                 0 / 0                 0 / 0                 0 / 0                 0 / 0           ops/s
[90.085s][info][gc,stats    ]      Memory: Page Cache Hit L3                                 0 / 0                 2 / 77                2 / 77                2 / 77          ops/s
[90.085s][info][gc,stats    ]      Memory: Page Cache Miss                                   0 / 0                 0 / 1                 0 / 1                 0 / 1           ops/s
[90.085s][info][gc,stats    ]      Memory: Uncommit                                          0 / 0                 0 / 0                 0 / 0                 0 / 0           MB/s
[90.085s][info][gc,stats    ]      Memory: Undo Object Allocation Failed                     0 / 2                 0 / 3                 0 / 3                 0 / 3           ops/s
[90.085s][info][gc,stats    ]      Memory: Undo Object Allocation Succeeded                  0 / 2                 0 / 7                 0 / 7                 0 / 7           ops/s
[90.086s][info][gc,stats    ]      Memory: Undo Page Allocation                              1 / 3                 1 / 10                1 / 10                1 / 10          ops/s
[90.086s][info][gc,stats    ]       Phase: Concurrent Mark                              23.356 / 29.170       22.998 / 38.107       22.998 / 38.107       22.998 / 38.107      ms
[90.086s][info][gc,stats    ]       Phase: Concurrent Mark Continue                      0.000 / 0.000         0.000 / 0.000         0.000 / 0.000         0.000 / 0.000       ms
[90.086s][info][gc,stats    ]       Phase: Concurrent Mark Free                          0.001 / 0.002         0.001 / 0.002         0.001 / 0.002         0.001 / 0.002       ms
[90.086s][info][gc,stats    ]       Phase: Concurrent Process Non-Strong References      4.935 / 6.980         4.647 / 7.613         4.647 / 7.613         4.647 / 7.613       ms
[90.086s][info][gc,stats    ]       Phase: Concurrent Relocate                           3.470 / 7.333         3.946 / 8.950         3.946 / 8.950         3.946 / 8.950       ms
[90.086s][info][gc,stats    ]       Phase: Concurrent Reset Relocation Set               0.009 / 0.014         0.007 / 0.015         0.007 / 0.015         0.007 / 0.015       ms
[90.086s][info][gc,stats    ]       Phase: Concurrent Select Relocation Set              4.205 / 5.304         4.553 / 14.681        4.553 / 14.681        4.553 / 14.681      ms
[90.086s][info][gc,stats    ]       Phase: Pause Mark End                                0.018 / 0.020         0.017 / 0.021         0.017 / 0.021         0.017 / 0.021       ms
[90.086s][info][gc,stats    ]       Phase: Pause Mark Start                              0.018 / 0.027         0.017 / 0.027         0.017 / 0.027         0.017 / 0.027       ms
[90.086s][info][gc,stats    ]       Phase: Pause Relocate Start                          0.009 / 0.011         0.009 / 0.012         0.009 / 0.012         0.009 / 0.012       ms
[90.086s][info][gc,stats    ]    Subphase: Concurrent Classes Purge                      0.007 / 0.022         0.034 / 0.583         0.034 / 0.583         0.034 / 0.583       ms
[90.086s][info][gc,stats    ]    Subphase: Concurrent Classes Unlink                     4.028 / 5.813         3.758 / 5.866         3.758 / 5.866         3.758 / 5.866       ms
[90.086s][info][gc,stats    ]    Subphase: Concurrent Mark                              16.441 / 26.604       15.809 / 34.990       15.809 / 34.990       15.809 / 34.990      ms
[90.086s][info][gc,stats    ]    Subphase: Concurrent Mark Try Flush                     0.058 / 0.098         0.058 / 0.187         0.058 / 0.187         0.058 / 0.187       ms
[90.086s][info][gc,stats    ]    Subphase: Concurrent Mark Try Terminate                 3.512 / 11.460        3.517 / 16.135        3.517 / 16.135        3.517 / 16.135      ms
[90.086s][info][gc,stats    ]    Subphase: Concurrent References Enqueue                 0.001 / 0.001         0.001 / 0.005         0.001 / 0.005         0.001 / 0.005       ms
[90.086s][info][gc,stats    ]    Subphase: Concurrent References Process                 0.047 / 0.056         0.051 / 0.114         0.051 / 0.114         0.051 / 0.114       ms
[90.086s][info][gc,stats    ]    Subphase: Concurrent Roots ClassLoaderDataGraph         0.152 / 0.363         0.165 / 0.631         0.165 / 0.631         0.165 / 0.631       ms
[90.086s][info][gc,stats    ]    Subphase: Concurrent Roots CodeCache                    0.000 / 0.000         0.000 / 0.000         0.000 / 0.000         0.000 / 0.000       ms
[90.086s][info][gc,stats    ]    Subphase: Concurrent Roots JavaThreads                  0.979 / 2.145         0.941 / 2.289         0.941 / 2.289         0.941 / 2.289       ms
[90.086s][info][gc,stats    ]    Subphase: Concurrent Roots OopStorageSet                0.031 / 0.059         0.034 / 0.136         0.034 / 0.136         0.034 / 0.136       ms
[90.086s][info][gc,stats    ]    Subphase: Concurrent Weak Roots OopStorageSet           0.432 / 1.093         0.391 / 1.768         0.391 / 1.768         0.391 / 1.768       ms
[90.086s][info][gc,stats    ]    Subphase: Pause Mark Try Complete                       0.000 / 0.000         0.000 / 0.000         0.000 / 0.000         0.000 / 0.000       ms
[90.086s][info][gc,stats    ]      System: Java Threads                                     35 / 36               33 / 36               33 / 36               33 / 36          threads
[90.086s][info][gc,stats    ] =========================================================================================================================================================
[90.889s][info][gc,start    ] GC(79) Garbage Collection (Allocation Rate)
[90.889s][info][gc,task     ] GC(79) Using 1 workers
[90.889s][info][gc,phases   ] GC(79) Pause Mark Start 0.018ms
[90.915s][info][gc,phases   ] GC(79) Concurrent Mark 25.845ms
[90.916s][info][gc,phases   ] GC(79) Pause Mark End 0.019ms
[90.916s][info][gc,phases   ] GC(79) Concurrent Mark Free 0.001ms
[90.922s][info][gc,phases   ] GC(79) Concurrent Process Non-Strong References 6.729ms
[90.922s][info][gc,phases   ] GC(79) Concurrent Reset Relocation Set 0.008ms
[90.926s][info][gc,phases   ] GC(79) Concurrent Select Relocation Set 3.829ms
[90.927s][info][gc,phases   ] GC(79) Pause Relocate Start 0.009ms
[90.929s][info][gc,phases   ] GC(79) Concurrent Relocate 2.780ms
[90.929s][info][gc,load     ] GC(79) Load: 0.00/0.00/0.00
[90.930s][info][gc,mmu      ] GC(79) MMU: 2ms/98.6%, 5ms/99.5%, 10ms/99.6%, 20ms/99.8%, 50ms/99.9%, 100ms/99.9%
[90.930s][info][gc,marking  ] GC(79) Mark: 1 stripe(s), 2 proactive flush(es), 1 terminate flush(es), 0 completion(s), 0 continuation(s) 
[90.930s][info][gc,marking  ] GC(79) Mark Stack Usage: 32M
[90.930s][info][gc,nmethod  ] GC(79) NMethods: 1915 registered, 354 unregistered
[90.930s][info][gc,metaspace] GC(79) Metaspace: 9M used, 9M committed, 1088M reserved
[90.930s][info][gc,ref      ] GC(79) Soft: 214 encountered, 0 discovered, 0 enqueued
[90.930s][info][gc,ref      ] GC(79) Weak: 807 encountered, 8 discovered, 0 enqueued
[90.930s][info][gc,ref      ] GC(79) Final: 0 encountered, 0 discovered, 0 enqueued
[90.930s][info][gc,ref      ] GC(79) Phantom: 27 encountered, 14 discovered, 0 enqueued
[90.930s][info][gc,reloc    ] GC(79) Small Pages: 205 / 410M, Empty: 336M, Relocated: 1M, In-Place: 0
[90.930s][info][gc,reloc    ] GC(79) Medium Pages: 0 / 0M, Empty: 0M, Relocated: 0M, In-Place: 0
[90.930s][info][gc,reloc    ] GC(79) Large Pages: 0 / 0M, Empty: 0M, Relocated: 0M, In-Place: 0
[90.930s][info][gc,reloc    ] GC(79) Forwarding Usage: 0M
[90.930s][info][gc,heap     ] GC(79) Min Capacity: 8M(2%)
[90.930s][info][gc,heap     ] GC(79) Max Capacity: 512M(100%)
[90.930s][info][gc,heap     ] GC(79) Soft Max Capacity: 512M(100%)
[90.930s][info][gc,heap     ] GC(79)                Mark Start          Mark End        Relocate Start      Relocate End           High               Low         
[90.930s][info][gc,heap     ] GC(79)  Capacity:      512M (100%)        512M (100%)        512M (100%)        512M (100%)        512M (100%)        512M (100%)   
[90.930s][info][gc,heap     ] GC(79)      Free:      102M (20%)          92M (18%)         424M (83%)         490M (96%)         490M (96%)          90M (18%)    
[90.930s][info][gc,heap     ] GC(79)      Used:      410M (80%)         420M (82%)          88M (17%)          22M (4%)          422M (82%)          22M (4%)     
[90.930s][info][gc,heap     ] GC(79)      Live:         -                 6M (1%)            6M (1%)            6M (1%)             -                  -          
[90.930s][info][gc,heap     ] GC(79) Allocated:         -                10M (2%)           14M (3%)           13M (3%)             -                  -          
[90.930s][info][gc,heap     ] GC(79)   Garbage:         -               403M (79%)          67M (13%)           1M (0%)             -                  -          
[90.930s][info][gc,heap     ] GC(79) Reclaimed:         -                  -               336M (66%)         401M (79%)            -                  -          
[90.930s][info][gc          ] GC(79) Garbage Collection (Allocation Rate) 410M(80%)->22M(4%)
[91.449s][info][gc,start    ] GC(80) Garbage Collection (System.gc())
[91.449s][info][gc,task     ] GC(80) Using 5 workers
[91.450s][info][gc,phases   ] GC(80) Pause Mark Start 0.015ms
[91.458s][info][gc,phases   ] GC(80) Concurrent Mark 8.644ms
[91.458s][info][gc,phases   ] GC(80) Pause Mark End 0.016ms
[91.459s][info][gc,phases   ] GC(80) Concurrent Mark Free 0.001ms
[91.460s][info][gc,phases   ] GC(80) Concurrent Process Non-Strong References 1.627ms
[91.460s][info][gc,phases   ] GC(80) Concurrent Reset Relocation Set 0.006ms
[91.464s][info][gc,phases   ] GC(80) Concurrent Select Relocation Set 3.667ms
[91.464s][info][gc,phases   ] GC(80) Pause Relocate Start 0.007ms
[91.466s][info][gc,phases   ] GC(80) Concurrent Relocate 1.563ms
[91.466s][info][gc,load     ] GC(80) Load: 0.00/0.00/0.00
[91.466s][info][gc,mmu      ] GC(80) MMU: 2ms/98.6%, 5ms/99.5%, 10ms/99.6%, 20ms/99.8%, 50ms/99.9%, 100ms/99.9%
[91.466s][info][gc,marking  ] GC(80) Mark: 4 stripe(s), 2 proactive flush(es), 1 terminate flush(es), 0 completion(s), 0 continuation(s) 
[91.466s][info][gc,marking  ] GC(80) Mark Stack Usage: 32M
[91.466s][info][gc,nmethod  ] GC(80) NMethods: 1923 registered, 355 unregistered
[91.466s][info][gc,metaspace] GC(80) Metaspace: 9M used, 9M committed, 1088M reserved
[91.466s][info][gc,ref      ] GC(80) Soft: 214 encountered, 0 discovered, 0 enqueued
[91.466s][info][gc,ref      ] GC(80) Weak: 807 encountered, 28 discovered, 0 enqueued
[91.466s][info][gc,ref      ] GC(80) Final: 0 encountered, 0 discovered, 0 enqueued
[91.466s][info][gc,ref      ] GC(80) Phantom: 27 encountered, 24 discovered, 0 enqueued
[91.466s][info][gc,reloc    ] GC(80) Small Pages: 93 / 186M, Empty: 172M, Relocated: 1M, In-Place: 0
[91.466s][info][gc,reloc    ] GC(80) Medium Pages: 0 / 0M, Empty: 0M, Relocated: 0M, In-Place: 0
[91.466s][info][gc,reloc    ] GC(80) Large Pages: 0 / 0M, Empty: 0M, Relocated: 0M, In-Place: 0
[91.466s][info][gc,reloc    ] GC(80) Forwarding Usage: 0M
[91.466s][info][gc,heap     ] GC(80) Min Capacity: 8M(2%)
[91.466s][info][gc,heap     ] GC(80) Max Capacity: 512M(100%)
[91.466s][info][gc,heap     ] GC(80) Soft Max Capacity: 512M(100%)
[91.466s][info][gc,heap     ] GC(80)                Mark Start          Mark End        Relocate Start      Relocate End           High               Low         
[91.466s][info][gc,heap     ] GC(80)  Capacity:      512M (100%)        512M (100%)        512M (100%)        512M (100%)        512M (100%)        512M (100%)   
[91.466s][info][gc,heap     ] GC(80)      Free:      326M (64%)         326M (64%)         498M (97%)         498M (97%)         498M (97%)         326M (64%)    
[91.466s][info][gc,heap     ] GC(80)      Used:      186M (36%)         186M (36%)          14M (3%)           14M (3%)          186M (36%)          14M (3%)     
[91.466s][info][gc,heap     ] GC(80)      Live:         -                 4M (1%)            4M (1%)            4M (1%)             -                  -          
[91.466s][info][gc,heap     ] GC(80) Allocated:         -                 0M (0%)            0M (0%)            0M (0%)             -                  -          
[91.466s][info][gc,heap     ] GC(80)   Garbage:         -               181M (35%)           9M (2%)            9M (2%)             -                  -          
[91.466s][info][gc,heap     ] GC(80) Reclaimed:         -                  -               172M (34%)         172M (34%)            -                  -          
[91.466s][info][gc          ] GC(80) Garbage Collection (System.gc()) 186M(36%)->14M(3%)
[92.676s][info][gc,start    ] GC(81) Garbage Collection (Proactive)
[92.676s][info][gc,task     ] GC(81) Using 5 workers
[92.676s][info][gc,phases   ] GC(81) Pause Mark Start 0.018ms
[92.691s][info][gc,phases   ] GC(81) Concurrent Mark 15.152ms
[92.692s][info][gc,phases   ] GC(81) Pause Mark End 0.021ms
[92.692s][info][gc,phases   ] GC(81) Concurrent Mark Free 0.002ms
[92.693s][info][gc,phases   ] GC(81) Concurrent Process Non-Strong References 1.558ms
[92.693s][info][gc,phases   ] GC(81) Concurrent Reset Relocation Set 0.002ms
[92.698s][info][gc,phases   ] GC(81) Concurrent Select Relocation Set 4.850ms
[92.698s][info][gc,phases   ] GC(81) Pause Relocate Start 0.009ms
[92.701s][info][gc,phases   ] GC(81) Concurrent Relocate 2.150ms
[92.701s][info][gc,load     ] GC(81) Load: 0.00/0.00/0.00
[92.701s][info][gc,mmu      ] GC(81) MMU: 2ms/98.6%, 5ms/99.5%, 10ms/99.6%, 20ms/99.8%, 50ms/99.9%, 100ms/99.9%
[92.701s][info][gc,marking  ] GC(81) Mark: 4 stripe(s), 2 proactive flush(es), 1 terminate flush(es), 0 completion(s), 0 continuation(s) 
[92.701s][info][gc,marking  ] GC(81) Mark Stack Usage: 32M
[92.701s][info][gc,nmethod  ] GC(81) NMethods: 1933 registered, 355 unregistered
[92.701s][info][gc,metaspace] GC(81) Metaspace: 9M used, 9M committed, 1088M reserved
[92.701s][info][gc,ref      ] GC(81) Soft: 214 encountered, 0 discovered, 0 enqueued
[92.701s][info][gc,ref      ] GC(81) Weak: 807 encountered, 396 discovered, 0 enqueued
[92.701s][info][gc,ref      ] GC(81) Final: 0 encountered, 0 discovered, 0 enqueued
[92.701s][info][gc,ref      ] GC(81) Phantom: 27 encountered, 22 discovered, 0 enqueued
[92.701s][info][gc,reloc    ] GC(81) Small Pages: 203 / 406M, Empty: 238M, Relocated: 2M, In-Place: 0
[92.701s][info][gc,reloc    ] GC(81) Medium Pages: 0 / 0M, Empty: 0M, Relocated: 0M, In-Place: 0
[92.701s][info][gc,reloc    ] GC(81) Large Pages: 0 / 0M, Empty: 0M, Relocated: 0M, In-Place: 0
[92.701s][info][gc,reloc    ] GC(81) Forwarding Usage: 1M
[92.701s][info][gc,heap     ] GC(81) Min Capacity: 8M(2%)
[92.701s][info][gc,heap     ] GC(81) Max Capacity: 512M(100%)
[92.701s][info][gc,heap     ] GC(81) Soft Max Capacity: 512M(100%)
[92.701s][info][gc,heap     ] GC(81)                Mark Start          Mark End        Relocate Start      Relocate End           High               Low         
[92.701s][info][gc,heap     ] GC(81)  Capacity:      512M (100%)        512M (100%)        512M (100%)        512M (100%)        512M (100%)        512M (100%)   
[92.701s][info][gc,heap     ] GC(81)      Free:      106M (21%)         100M (20%)         336M (66%)         488M (95%)         488M (95%)          98M (19%)    
[92.701s][info][gc,heap     ] GC(81)      Used:      406M (79%)         412M (80%)         176M (34%)          24M (5%)          414M (81%)          24M (5%)     
[92.701s][info][gc,heap     ] GC(81)      Live:         -                 6M (1%)            6M (1%)            6M (1%)             -                  -          
[92.701s][info][gc,heap     ] GC(81) Allocated:         -                 6M (1%)            8M (2%)            9M (2%)             -                  -          
[92.701s][info][gc,heap     ] GC(81)   Garbage:         -               399M (78%)         161M (32%)           7M (2%)             -                  -          
[92.701s][info][gc,heap     ] GC(81) Reclaimed:         -                  -               238M (46%)         391M (77%)            -                  -          
[92.702s][info][gc          ] GC(81) Garbage Collection (Proactive) 406M(79%)->24M(5%)
[93.988s][info][gc,start    ] GC(82) Garbage Collection (Allocation Rate)
[93.988s][info][gc,task     ] GC(82) Using 1 workers
[93.988s][info][gc,phases   ] GC(82) Pause Mark Start 0.019ms
[94.016s][info][gc,phases   ] GC(82) Concurrent Mark 28.132ms
[94.017s][info][gc,phases   ] GC(82) Pause Mark End 0.017ms
[94.017s][info][gc,phases   ] GC(82) Concurrent Mark Free 0.002ms
[94.024s][info][gc,phases   ] GC(82) Concurrent Process Non-Strong References 7.003ms
[94.024s][info][gc,phases   ] GC(82) Concurrent Reset Relocation Set 0.015ms
[94.030s][info][gc,phases   ] GC(82) Concurrent Select Relocation Set 5.724ms
[94.030s][info][gc,phases   ] GC(82) Pause Relocate Start 0.010ms
[94.034s][info][gc,phases   ] GC(82) Concurrent Relocate 4.562ms
[94.034s][info][gc,load     ] GC(82) Load: 0.00/0.00/0.00
[94.035s][info][gc,mmu      ] GC(82) MMU: 2ms/98.6%, 5ms/99.5%, 10ms/99.6%, 20ms/99.8%, 50ms/99.9%, 100ms/99.9%
[94.035s][info][gc,marking  ] GC(82) Mark: 1 stripe(s), 2 proactive flush(es), 1 terminate flush(es), 0 completion(s), 0 continuation(s) 
[94.035s][info][gc,marking  ] GC(82) Mark Stack Usage: 32M
[94.035s][info][gc,nmethod  ] GC(82) NMethods: 1933 registered, 355 unregistered
[94.035s][info][gc,metaspace] GC(82) Metaspace: 9M used, 9M committed, 1088M reserved
[94.035s][info][gc,ref      ] GC(82) Soft: 214 encountered, 0 discovered, 0 enqueued
[94.035s][info][gc,ref      ] GC(82) Weak: 807 encountered, 189 discovered, 0 enqueued
[94.035s][info][gc,ref      ] GC(82) Final: 0 encountered, 0 discovered, 0 enqueued
[94.035s][info][gc,ref      ] GC(82) Phantom: 27 encountered, 14 discovered, 0 enqueued
[94.035s][info][gc,reloc    ] GC(82) Small Pages: 211 / 422M, Empty: 330M, Relocated: 2M, In-Place: 0
[94.035s][info][gc,reloc    ] GC(82) Medium Pages: 0 / 0M, Empty: 0M, Relocated: 0M, In-Place: 0
[94.035s][info][gc,reloc    ] GC(82) Large Pages: 0 / 0M, Empty: 0M, Relocated: 0M, In-Place: 0
[94.035s][info][gc,reloc    ] GC(82) Forwarding Usage: 1M
[94.035s][info][gc,heap     ] GC(82) Min Capacity: 8M(2%)
[94.035s][info][gc,heap     ] GC(82) Max Capacity: 512M(100%)
[94.035s][info][gc,heap     ] GC(82) Soft Max Capacity: 512M(100%)
[94.035s][info][gc,heap     ] GC(82)                Mark Start          Mark End        Relocate Start      Relocate End           High               Low         
[94.035s][info][gc,heap     ] GC(82)  Capacity:      512M (100%)        512M (100%)        512M (100%)        512M (100%)        512M (100%)        512M (100%)   
[94.035s][info][gc,heap     ] GC(82)      Free:       90M (18%)          78M (15%)         404M (79%)         488M (95%)         488M (95%)          76M (15%)    
[94.035s][info][gc,heap     ] GC(82)      Used:      422M (82%)         434M (85%)         108M (21%)          24M (5%)          436M (85%)          24M (5%)     
[94.035s][info][gc,heap     ] GC(82)      Live:         -                 6M (1%)            6M (1%)            6M (1%)             -                  -          
[94.035s][info][gc,heap     ] GC(82) Allocated:         -                12M (2%)           16M (3%)           15M (3%)             -                  -          
[94.035s][info][gc,heap     ] GC(82)   Garbage:         -               415M (81%)          85M (17%)           1M (0%)             -                  -          
[94.035s][info][gc,heap     ] GC(82) Reclaimed:         -                  -               330M (64%)         413M (81%)            -                  -          
[94.035s][info][gc          ] GC(82) Garbage Collection (Allocation Rate) 422M(82%)->24M(5%)
[95.190s][info][gc,start    ] GC(83) Garbage Collection (Allocation Rate)
[95.190s][info][gc,task     ] GC(83) Using 1 workers
[95.190s][info][gc,phases   ] GC(83) Pause Mark Start 0.016ms
[95.218s][info][gc,phases   ] GC(83) Concurrent Mark 27.428ms
[95.218s][info][gc,phases   ] GC(83) Pause Mark End 0.015ms
[95.218s][info][gc,phases   ] GC(83) Concurrent Mark Free 0.002ms
[95.225s][info][gc,phases   ] GC(83) Concurrent Process Non-Strong References 7.182ms
[95.225s][info][gc,phases   ] GC(83) Concurrent Reset Relocation Set 0.008ms
[95.229s][info][gc,phases   ] GC(83) Concurrent Select Relocation Set 3.940ms
[95.229s][info][gc,phases   ] GC(83) Pause Relocate Start 0.008ms
[95.233s][info][gc,phases   ] GC(83) Concurrent Relocate 3.244ms
[95.233s][info][gc,load     ] GC(83) Load: 0.00/0.00/0.00
[95.233s][info][gc,mmu      ] GC(83) MMU: 2ms/98.6%, 5ms/99.5%, 10ms/99.6%, 20ms/99.8%, 50ms/99.9%, 100ms/99.9%
[95.233s][info][gc,marking  ] GC(83) Mark: 1 stripe(s), 2 proactive flush(es), 1 terminate flush(es), 0 completion(s), 0 continuation(s) 
[95.233s][info][gc,marking  ] GC(83) Mark Stack Usage: 32M
[95.233s][info][gc,nmethod  ] GC(83) NMethods: 1933 registered, 355 unregistered
[95.233s][info][gc,metaspace] GC(83) Metaspace: 9M used, 9M committed, 1088M reserved
[95.233s][info][gc,ref      ] GC(83) Soft: 214 encountered, 0 discovered, 0 enqueued
[95.233s][info][gc,ref      ] GC(83) Weak: 807 encountered, 188 discovered, 0 enqueued
[95.233s][info][gc,ref      ] GC(83) Final: 0 encountered, 0 discovered, 0 enqueued
[95.233s][info][gc,ref      ] GC(83) Phantom: 27 encountered, 14 discovered, 0 enqueued
[95.233s][info][gc,reloc    ] GC(83) Small Pages: 202 / 404M, Empty: 322M, Relocated: 1M, In-Place: 0
[95.233s][info][gc,reloc    ] GC(83) Medium Pages: 0 / 0M, Empty: 0M, Relocated: 0M, In-Place: 0
[95.233s][info][gc,reloc    ] GC(83) Large Pages: 0 / 0M, Empty: 0M, Relocated: 0M, In-Place: 0
[95.233s][info][gc,reloc    ] GC(83) Forwarding Usage: 0M
[95.233s][info][gc,heap     ] GC(83) Min Capacity: 8M(2%)
[95.233s][info][gc,heap     ] GC(83) Max Capacity: 512M(100%)
[95.233s][info][gc,heap     ] GC(83) Soft Max Capacity: 512M(100%)
[95.233s][info][gc,heap     ] GC(83)                Mark Start          Mark End        Relocate Start      Relocate End           High               Low         
[95.233s][info][gc,heap     ] GC(83)  Capacity:      512M (100%)        512M (100%)        512M (100%)        512M (100%)        512M (100%)        512M (100%)   
[95.233s][info][gc,heap     ] GC(83)      Free:      108M (21%)          98M (19%)         416M (81%)         488M (95%)         488M (95%)          94M (18%)    
[95.233s][info][gc,heap     ] GC(83)      Used:      404M (79%)         414M (81%)          96M (19%)          24M (5%)          418M (82%)          24M (5%)     
[95.234s][info][gc,heap     ] GC(83)      Live:         -                 6M (1%)            6M (1%)            6M (1%)             -                  -          
[95.234s][info][gc,heap     ] GC(83) Allocated:         -                10M (2%)           14M (3%)           15M (3%)             -                  -          
[95.234s][info][gc,heap     ] GC(83)   Garbage:         -               397M (78%)          75M (15%)           1M (0%)             -                  -          
[95.234s][info][gc,heap     ] GC(83) Reclaimed:         -                  -               322M (63%)         395M (77%)            -                  -          
[95.234s][info][gc          ] GC(83) Garbage Collection (Allocation Rate) 404M(79%)->24M(5%)
[96.485s][info][gc,start    ] GC(84) Garbage Collection (Proactive)
[96.485s][info][gc,task     ] GC(84) Using 5 workers
[96.486s][info][gc,phases   ] GC(84) Pause Mark Start 0.017ms
[96.501s][info][gc,phases   ] GC(84) Concurrent Mark 15.138ms
[96.501s][info][gc,phases   ] GC(84) Pause Mark End 0.018ms
[96.501s][info][gc,phases   ] GC(84) Concurrent Mark Free 0.001ms
[96.503s][info][gc,phases   ] GC(84) Concurrent Process Non-Strong References 1.647ms
[96.503s][info][gc,phases   ] GC(84) Concurrent Reset Relocation Set 0.006ms
[96.507s][info][gc,phases   ] GC(84) Concurrent Select Relocation Set 3.794ms
[96.507s][info][gc,phases   ] GC(84) Pause Relocate Start 0.008ms
[96.509s][info][gc,phases   ] GC(84) Concurrent Relocate 1.991ms
[96.509s][info][gc,load     ] GC(84) Load: 0.00/0.00/0.00
[96.509s][info][gc,mmu      ] GC(84) MMU: 2ms/98.6%, 5ms/99.5%, 10ms/99.6%, 20ms/99.8%, 50ms/99.9%, 100ms/99.9%
[96.509s][info][gc,marking  ] GC(84) Mark: 4 stripe(s), 2 proactive flush(es), 1 terminate flush(es), 0 completion(s), 0 continuation(s) 
[96.509s][info][gc,marking  ] GC(84) Mark Stack Usage: 32M
[96.509s][info][gc,nmethod  ] GC(84) NMethods: 1933 registered, 355 unregistered
[96.509s][info][gc,metaspace] GC(84) Metaspace: 9M used, 9M committed, 1088M reserved
[96.509s][info][gc,ref      ] GC(84) Soft: 214 encountered, 0 discovered, 0 enqueued
[96.509s][info][gc,ref      ] GC(84) Weak: 807 encountered, 192 discovered, 0 enqueued
[96.509s][info][gc,ref      ] GC(84) Final: 0 encountered, 0 discovered, 0 enqueued
[96.509s][info][gc,ref      ] GC(84) Phantom: 27 encountered, 23 discovered, 0 enqueued
[96.509s][info][gc,reloc    ] GC(84) Small Pages: 208 / 416M, Empty: 364M, Relocated: 1M, In-Place: 0
[96.509s][info][gc,reloc    ] GC(84) Medium Pages: 0 / 0M, Empty: 0M, Relocated: 0M, In-Place: 0
[96.509s][info][gc,reloc    ] GC(84) Large Pages: 0 / 0M, Empty: 0M, Relocated: 0M, In-Place: 0
[96.509s][info][gc,reloc    ] GC(84) Forwarding Usage: 0M
[96.509s][info][gc,heap     ] GC(84) Min Capacity: 8M(2%)
[96.509s][info][gc,heap     ] GC(84) Max Capacity: 512M(100%)
[96.509s][info][gc,heap     ] GC(84) Soft Max Capacity: 512M(100%)
[96.509s][info][gc,heap     ] GC(84)                Mark Start          Mark End        Relocate Start      Relocate End           High               Low         
[96.509s][info][gc,heap     ] GC(84)  Capacity:      512M (100%)        512M (100%)        512M (100%)        512M (100%)        512M (100%)        512M (100%)   
[96.509s][info][gc,heap     ] GC(84)      Free:       96M (19%)          88M (17%)         452M (88%)         488M (95%)         488M (95%)          88M (17%)    
[96.509s][info][gc,heap     ] GC(84)      Used:      416M (81%)         424M (83%)          60M (12%)          24M (5%)          424M (83%)          24M (5%)     
[96.510s][info][gc,heap     ] GC(84)      Live:         -                 6M (1%)            6M (1%)            6M (1%)             -                  -          
[96.510s][info][gc,heap     ] GC(84) Allocated:         -                 8M (2%)            8M (2%)            7M (2%)             -                  -          
[96.510s][info][gc,heap     ] GC(84)   Garbage:         -               409M (80%)          45M (9%)            9M (2%)             -                  -          
[96.510s][info][gc,heap     ] GC(84) Reclaimed:         -                  -               364M (71%)         399M (78%)            -                  -          
[96.510s][info][gc          ] GC(84) Garbage Collection (Proactive) 416M(81%)->24M(5%)
[97.687s][info][gc,start    ] GC(85) Garbage Collection (Allocation Rate)
[97.687s][info][gc,task     ] GC(85) Using 1 workers
[97.687s][info][gc,phases   ] GC(85) Pause Mark Start 0.016ms
[97.714s][info][gc,phases   ] GC(85) Concurrent Mark 26.779ms
[97.714s][info][gc,phases   ] GC(85) Pause Mark End 0.017ms
[97.714s][info][gc,phases   ] GC(85) Concurrent Mark Free 0.002ms
[97.721s][info][gc,phases   ] GC(85) Concurrent Process Non-Strong References 6.885ms
[97.721s][info][gc,phases   ] GC(85) Concurrent Reset Relocation Set 0.004ms
[97.726s][info][gc,phases   ] GC(85) Concurrent Select Relocation Set 4.999ms
[97.726s][info][gc,phases   ] GC(85) Pause Relocate Start 0.009ms
[97.730s][info][gc,phases   ] GC(85) Concurrent Relocate 3.420ms
[97.730s][info][gc,load     ] GC(85) Load: 0.00/0.00/0.00
[97.730s][info][gc,mmu      ] GC(85) MMU: 2ms/98.6%, 5ms/99.5%, 10ms/99.6%, 20ms/99.8%, 50ms/99.9%, 100ms/99.9%
[97.730s][info][gc,marking  ] GC(85) Mark: 1 stripe(s), 2 proactive flush(es), 1 terminate flush(es), 0 completion(s), 0 continuation(s) 
[97.730s][info][gc,marking  ] GC(85) Mark Stack Usage: 32M
[97.730s][info][gc,nmethod  ] GC(85) NMethods: 1933 registered, 355 unregistered
[97.730s][info][gc,metaspace] GC(85) Metaspace: 9M used, 9M committed, 1088M reserved
[97.730s][info][gc,ref      ] GC(85) Soft: 214 encountered, 0 discovered, 0 enqueued
[97.730s][info][gc,ref      ] GC(85) Weak: 807 encountered, 8 discovered, 0 enqueued
[97.730s][info][gc,ref      ] GC(85) Final: 0 encountered, 0 discovered, 0 enqueued
[97.730s][info][gc,ref      ] GC(85) Phantom: 27 encountered, 14 discovered, 0 enqueued
[97.730s][info][gc,reloc    ] GC(85) Small Pages: 203 / 406M, Empty: 316M, Relocated: 1M, In-Place: 0
[97.730s][info][gc,reloc    ] GC(85) Medium Pages: 0 / 0M, Empty: 0M, Relocated: 0M, In-Place: 0
[97.730s][info][gc,reloc    ] GC(85) Large Pages: 0 / 0M, Empty: 0M, Relocated: 0M, In-Place: 0
[97.730s][info][gc,reloc    ] GC(85) Forwarding Usage: 0M
[97.730s][info][gc,heap     ] GC(85) Min Capacity: 8M(2%)
[97.730s][info][gc,heap     ] GC(85) Max Capacity: 512M(100%)
[97.730s][info][gc,heap     ] GC(85) Soft Max Capacity: 512M(100%)
[97.730s][info][gc,heap     ] GC(85)                Mark Start          Mark End        Relocate Start      Relocate End           High               Low         
[97.730s][info][gc,heap     ] GC(85)  Capacity:      512M (100%)        512M (100%)        512M (100%)        512M (100%)        512M (100%)        512M (100%)   
[97.730s][info][gc,heap     ] GC(85)      Free:      106M (21%)          96M (19%)         408M (80%)         488M (95%)         488M (95%)          94M (18%)    
[97.730s][info][gc,heap     ] GC(85)      Used:      406M (79%)         416M (81%)         104M (20%)          24M (5%)          418M (82%)          24M (5%)     
[97.730s][info][gc,heap     ] GC(85)      Live:         -                 6M (1%)            6M (1%)            6M (1%)             -                  -          
[97.731s][info][gc,heap     ] GC(85) Allocated:         -                10M (2%)           14M (3%)           15M (3%)             -                  -          
[97.731s][info][gc,heap     ] GC(85)   Garbage:         -               399M (78%)          83M (16%)           1M (0%)             -                  -          
[97.731s][info][gc,heap     ] GC(85) Reclaimed:         -                  -               316M (62%)         397M (78%)            -                  -          
[97.731s][info][gc          ] GC(85) Garbage Collection (Allocation Rate) 406M(79%)->24M(5%)
[98.292s][info][gc,start    ] GC(86) Garbage Collection (System.gc())
[98.292s][info][gc,task     ] GC(86) Using 5 workers
[98.292s][info][gc,phases   ] GC(86) Pause Mark Start 0.016ms
[98.303s][info][gc,phases   ] GC(86) Concurrent Mark 10.782ms
[98.303s][info][gc,phases   ] GC(86) Pause Mark End 0.016ms
[98.303s][info][gc,phases   ] GC(86) Concurrent Mark Free 0.001ms
[98.305s][info][gc,phases   ] GC(86) Concurrent Process Non-Strong References 1.652ms
[98.305s][info][gc,phases   ] GC(86) Concurrent Reset Relocation Set 0.006ms
[98.309s][info][gc,phases   ] GC(86) Concurrent Select Relocation Set 3.761ms
[98.309s][info][gc,phases   ] GC(86) Pause Relocate Start 0.007ms
[98.311s][info][gc,phases   ] GC(86) Concurrent Relocate 1.637ms
[98.311s][info][gc,load     ] GC(86) Load: 0.00/0.00/0.00
[98.311s][info][gc,mmu      ] GC(86) MMU: 2ms/98.6%, 5ms/99.5%, 10ms/99.6%, 20ms/99.8%, 50ms/99.9%, 100ms/99.9%
[98.311s][info][gc,marking  ] GC(86) Mark: 4 stripe(s), 2 proactive flush(es), 1 terminate flush(es), 0 completion(s), 0 continuation(s) 
[98.311s][info][gc,marking  ] GC(86) Mark Stack Usage: 32M
[98.311s][info][gc,nmethod  ] GC(86) NMethods: 1933 registered, 355 unregistered
[98.311s][info][gc,metaspace] GC(86) Metaspace: 9M used, 9M committed, 1088M reserved
[98.311s][info][gc,ref      ] GC(86) Soft: 214 encountered, 0 discovered, 0 enqueued
[98.311s][info][gc,ref      ] GC(86) Weak: 807 encountered, 152 discovered, 0 enqueued
[98.311s][info][gc,ref      ] GC(86) Final: 0 encountered, 0 discovered, 0 enqueued
[98.311s][info][gc,ref      ] GC(86) Phantom: 27 encountered, 20 discovered, 0 enqueued
[98.311s][info][gc,reloc    ] GC(86) Small Pages: 101 / 202M, Empty: 190M, Relocated: 1M, In-Place: 0
[98.311s][info][gc,reloc    ] GC(86) Medium Pages: 0 / 0M, Empty: 0M, Relocated: 0M, In-Place: 0
[98.311s][info][gc,reloc    ] GC(86) Large Pages: 0 / 0M, Empty: 0M, Relocated: 0M, In-Place: 0
[98.311s][info][gc,reloc    ] GC(86) Forwarding Usage: 0M
[98.311s][info][gc,heap     ] GC(86) Min Capacity: 8M(2%)
[98.311s][info][gc,heap     ] GC(86) Max Capacity: 512M(100%)
[98.311s][info][gc,heap     ] GC(86) Soft Max Capacity: 512M(100%)
[98.311s][info][gc,heap     ] GC(86)                Mark Start          Mark End        Relocate Start      Relocate End           High               Low         
[98.311s][info][gc,heap     ] GC(86)  Capacity:      512M (100%)        512M (100%)        512M (100%)        512M (100%)        512M (100%)        512M (100%)   
[98.311s][info][gc,heap     ] GC(86)      Free:      310M (61%)         310M (61%)         500M (98%)         500M (98%)         500M (98%)         310M (61%)    
[98.311s][info][gc,heap     ] GC(86)      Used:      202M (39%)         202M (39%)          12M (2%)           12M (2%)          202M (39%)          12M (2%)     
[98.311s][info][gc,heap     ] GC(86)      Live:         -                 4M (1%)            4M (1%)            4M (1%)             -                  -          
[98.311s][info][gc,heap     ] GC(86) Allocated:         -                 0M (0%)            0M (0%)            0M (0%)             -                  -          
[98.311s][info][gc,heap     ] GC(86)   Garbage:         -               197M (38%)           7M (1%)            7M (1%)             -                  -          
[98.311s][info][gc,heap     ] GC(86) Reclaimed:         -                  -               190M (37%)         190M (37%)            -                  -          
[98.311s][info][gc          ] GC(86) Garbage Collection (System.gc()) 202M(39%)->12M(2%)
[99.583s][info][gc,start    ] GC(87) Garbage Collection (Allocation Rate)
[99.583s][info][gc,task     ] GC(87) Using 1 workers
[99.583s][info][gc,phases   ] GC(87) Pause Mark Start 0.016ms
[99.612s][info][gc,phases   ] GC(87) Concurrent Mark 28.449ms
[99.612s][info][gc,phases   ] GC(87) Pause Mark End 0.019ms
[99.612s][info][gc,phases   ] GC(87) Concurrent Mark Free 0.002ms
[99.619s][info][gc,phases   ] GC(87) Concurrent Process Non-Strong References 7.005ms
[99.619s][info][gc,phases   ] GC(87) Concurrent Reset Relocation Set 0.002ms
[99.624s][info][gc,phases   ] GC(87) Concurrent Select Relocation Set 5.165ms
[99.625s][info][gc,phases   ] GC(87) Pause Relocate Start 0.006ms
[99.629s][info][gc,phases   ] GC(87) Concurrent Relocate 4.828ms
[99.629s][info][gc,load     ] GC(87) Load: 0.00/0.00/0.00
[99.630s][info][gc,mmu      ] GC(87) MMU: 2ms/98.6%, 5ms/99.5%, 10ms/99.6%, 20ms/99.8%, 50ms/99.9%, 100ms/99.9%
[99.630s][info][gc,marking  ] GC(87) Mark: 1 stripe(s), 2 proactive flush(es), 1 terminate flush(es), 0 completion(s), 0 continuation(s) 
[99.630s][info][gc,marking  ] GC(87) Mark Stack Usage: 32M
[99.630s][info][gc,nmethod  ] GC(87) NMethods: 1938 registered, 355 unregistered
[99.630s][info][gc,metaspace] GC(87) Metaspace: 9M used, 9M committed, 1088M reserved
[99.630s][info][gc,ref      ] GC(87) Soft: 214 encountered, 0 discovered, 0 enqueued
[99.630s][info][gc,ref      ] GC(87) Weak: 807 encountered, 8 discovered, 0 enqueued
[99.630s][info][gc,ref      ] GC(87) Final: 0 encountered, 0 discovered, 0 enqueued
[99.630s][info][gc,ref      ] GC(87) Phantom: 27 encountered, 14 discovered, 0 enqueued
[99.630s][info][gc,reloc    ] GC(87) Small Pages: 215 / 430M, Empty: 256M, Relocated: 2M, In-Place: 0
[99.630s][info][gc,reloc    ] GC(87) Medium Pages: 0 / 0M, Empty: 0M, Relocated: 0M, In-Place: 0
[99.630s][info][gc,reloc    ] GC(87) Large Pages: 0 / 0M, Empty: 0M, Relocated: 0M, In-Place: 0
[99.630s][info][gc,reloc    ] GC(87) Forwarding Usage: 1M
[99.630s][info][gc,heap     ] GC(87) Min Capacity: 8M(2%)
[99.630s][info][gc,heap     ] GC(87) Max Capacity: 512M(100%)
[99.630s][info][gc,heap     ] GC(87) Soft Max Capacity: 512M(100%)
[99.630s][info][gc,heap     ] GC(87)                Mark Start          Mark End        Relocate Start      Relocate End           High               Low         
[99.630s][info][gc,heap     ] GC(87)  Capacity:      512M (100%)        512M (100%)        512M (100%)        512M (100%)        512M (100%)        512M (100%)   
[99.630s][info][gc,heap     ] GC(87)      Free:       82M (16%)          72M (14%)         324M (63%)         488M (95%)         488M (95%)          68M (13%)    
[99.630s][info][gc,heap     ] GC(87)      Used:      430M (84%)         440M (86%)         188M (37%)          24M (5%)          444M (87%)          24M (5%)     
[99.630s][info][gc,heap     ] GC(87)      Live:         -                 6M (1%)            6M (1%)            6M (1%)             -                  -          
[99.630s][info][gc,heap     ] GC(87) Allocated:         -                10M (2%)           14M (3%)           15M (3%)             -                  -          
[99.630s][info][gc,heap     ] GC(87)   Garbage:         -               423M (83%)         167M (33%)           1M (0%)             -                  -          
[99.630s][info][gc,heap     ] GC(87) Reclaimed:         -                  -               256M (50%)         421M (82%)            -                  -          
[99.630s][info][gc          ] GC(87) Garbage Collection (Allocation Rate) 430M(84%)->24M(5%)
[100.090s][info][gc,stats    ] === Garbage Collection Statistics =======================================================================================================================
[100.090s][info][gc,stats    ]                                                              Last 10s              Last 10m              Last 10h                Total
[100.090s][info][gc,stats    ]                                                              Avg / Max             Avg / Max             Avg / Max             Avg / Max
[100.090s][info][gc,stats    ]   Collector: Garbage Collection Cycle                     33.723 / 46.791       36.885 / 57.234       36.885 / 57.234       36.885 / 57.234      ms
[100.090s][info][gc,stats    ]  Contention: Mark Segment Reset Contention                     0 / 2                 0 / 3                 0 / 3                 0 / 3           ops/s
[100.090s][info][gc,stats    ]  Contention: Mark SeqNum Reset Contention                      0 / 1                 0 / 2                 0 / 2                 0 / 2           ops/s
[100.090s][info][gc,stats    ]    Critical: Allocation Stall                                  0 / 0                 0 / 0                 0 / 0                 0 / 0           ops/s
[100.090s][info][gc,stats    ]    Critical: Allocation Stall                              0.000 / 0.000         0.000 / 0.000         0.000 / 0.000         0.000 / 0.000       ms
[100.090s][info][gc,stats    ]    Critical: GC Locker Stall                                   0 / 0                 0 / 0                 0 / 0                 0 / 0           ops/s
[100.090s][info][gc,stats    ]    Critical: GC Locker Stall                               0.000 / 0.000         0.000 / 0.000         0.000 / 0.000         0.000 / 0.000       ms
[100.090s][info][gc,stats    ]    Critical: Relocation Stall                                  0 / 0                 0 / 0                 0 / 0                 0 / 0           ops/s
[100.090s][info][gc,stats    ]    Critical: Relocation Stall                              0.000 / 0.000         0.000 / 0.000         0.000 / 0.000         0.000 / 0.000       ms
[100.090s][info][gc,stats    ]      Memory: Allocation Rate                                 326 / 334             315 / 338             315 / 338             315 / 338         MB/s
[100.090s][info][gc,stats    ]      Memory: Defragment                                        0 / 0                 0 / 0                 0 / 0                 0 / 0           ops/s
[100.090s][info][gc,stats    ]      Memory: Out Of Memory                                     0 / 0                 0 / 0                 0 / 0                 0 / 0           ops/s
[100.090s][info][gc,stats    ]      Memory: Page Cache Flush                                  0 / 0                 0 / 0                 0 / 0                 0 / 0           MB/s
[100.090s][info][gc,stats    ]      Memory: Page Cache Hit L1                               165 / 171             158 / 174             158 / 174             158 / 174         ops/s
[100.090s][info][gc,stats    ]      Memory: Page Cache Hit L2                                 0 / 0                 0 / 0                 0 / 0                 0 / 0           ops/s
[100.090s][info][gc,stats    ]      Memory: Page Cache Hit L3                                 0 / 0                 2 / 77                2 / 77                2 / 77          ops/s
[100.090s][info][gc,stats    ]      Memory: Page Cache Miss                                   0 / 0                 0 / 1                 0 / 1                 0 / 1           ops/s
[100.091s][info][gc,stats    ]      Memory: Uncommit                                          0 / 0                 0 / 0                 0 / 0                 0 / 0           MB/s
[100.091s][info][gc,stats    ]      Memory: Undo Object Allocation Failed                     0 / 1                 0 / 3                 0 / 3                 0 / 3           ops/s
[100.091s][info][gc,stats    ]      Memory: Undo Object Allocation Succeeded                  0 / 3                 0 / 7                 0 / 7                 0 / 7           ops/s
[100.091s][info][gc,stats    ]      Memory: Undo Page Allocation                              2 / 5                 1 / 10                1 / 10                1 / 10          ops/s
[100.091s][info][gc,stats    ]       Phase: Concurrent Mark                              20.705 / 28.449       22.764 / 38.107       22.764 / 38.107       22.764 / 38.107      ms
[100.091s][info][gc,stats    ]       Phase: Concurrent Mark Continue                      0.000 / 0.000         0.000 / 0.000         0.000 / 0.000         0.000 / 0.000       ms
[100.091s][info][gc,stats    ]       Phase: Concurrent Mark Free                          0.001 / 0.002         0.001 / 0.002         0.001 / 0.002         0.001 / 0.002       ms
[100.091s][info][gc,stats    ]       Phase: Concurrent Process Non-Strong References      4.588 / 7.182         4.641 / 7.613         4.641 / 7.613         4.641 / 7.613       ms
[100.091s][info][gc,stats    ]       Phase: Concurrent Relocate                           2.908 / 4.828         3.839 / 8.950         3.839 / 8.950         3.839 / 8.950       ms
[100.091s][info][gc,stats    ]       Phase: Concurrent Reset Relocation Set               0.006 / 0.015         0.007 / 0.015         0.007 / 0.015         0.007 / 0.015       ms
[100.091s][info][gc,stats    ]       Phase: Concurrent Select Relocation Set              4.415 / 5.724         4.539 / 14.681        4.539 / 14.681        4.539 / 14.681      ms
[100.091s][info][gc,stats    ]       Phase: Pause Mark End                                0.018 / 0.021         0.017 / 0.021         0.017 / 0.021         0.017 / 0.021       ms
[100.091s][info][gc,stats    ]       Phase: Pause Mark Start                              0.017 / 0.019         0.017 / 0.027         0.017 / 0.027         0.017 / 0.027       ms
[100.091s][info][gc,stats    ]       Phase: Pause Relocate Start                          0.008 / 0.010         0.009 / 0.012         0.009 / 0.012         0.009 / 0.012       ms
[100.091s][info][gc,stats    ]    Subphase: Concurrent Classes Purge                      0.006 / 0.016         0.031 / 0.583         0.031 / 0.583         0.031 / 0.583       ms
[100.091s][info][gc,stats    ]    Subphase: Concurrent Classes Unlink                     3.773 / 5.905         3.760 / 5.905         3.760 / 5.905         3.760 / 5.905       ms
[100.091s][info][gc,stats    ]    Subphase: Concurrent Mark                              13.411 / 26.033       15.551 / 34.990       15.551 / 34.990       15.551 / 34.990      ms
[100.091s][info][gc,stats    ]    Subphase: Concurrent Mark Try Flush                     0.060 / 0.096         0.058 / 0.187         0.058 / 0.187         0.058 / 0.187       ms
[100.091s][info][gc,stats    ]    Subphase: Concurrent Mark Try Terminate                 2.959 / 9.322         3.460 / 16.135        3.460 / 16.135        3.460 / 16.135      ms
[100.091s][info][gc,stats    ]    Subphase: Concurrent References Enqueue                 0.000 / 0.001         0.001 / 0.005         0.001 / 0.005         0.001 / 0.005       ms
[100.091s][info][gc,stats    ]    Subphase: Concurrent References Process                 0.040 / 0.056         0.050 / 0.114         0.050 / 0.114         0.050 / 0.114       ms
[100.091s][info][gc,stats    ]    Subphase: Concurrent Roots ClassLoaderDataGraph         0.148 / 0.362         0.163 / 0.631         0.163 / 0.631         0.163 / 0.631       ms
[100.091s][info][gc,stats    ]    Subphase: Concurrent Roots CodeCache                    0.000 / 0.000         0.000 / 0.000         0.000 / 0.000         0.000 / 0.000       ms
[100.091s][info][gc,stats    ]    Subphase: Concurrent Roots JavaThreads                  0.870 / 2.121         0.934 / 2.289         0.934 / 2.289         0.934 / 2.289       ms
[100.091s][info][gc,stats    ]    Subphase: Concurrent Roots OopStorageSet                0.028 / 0.063         0.033 / 0.136         0.033 / 0.136         0.033 / 0.136       ms
[100.091s][info][gc,stats    ]    Subphase: Concurrent Weak Roots OopStorageSet           0.357 / 1.115         0.388 / 1.768         0.388 / 1.768         0.388 / 1.768       ms
[100.092s][info][gc,stats    ]    Subphase: Pause Mark Try Complete                       0.000 / 0.000         0.000 / 0.000         0.000 / 0.000         0.000 / 0.000       ms
[100.092s][info][gc,stats    ]      System: Java Threads                                     36 / 37               33 / 37               33 / 37               33 / 37          threads
[100.092s][info][gc,stats    ] =========================================================================================================================================================
[100.885s][info][gc,start    ] GC(88) Garbage Collection (Allocation Rate)
[100.885s][info][gc,task     ] GC(88) Using 1 workers
[100.885s][info][gc,phases   ] GC(88) Pause Mark Start 0.018ms
[100.912s][info][gc,phases   ] GC(88) Concurrent Mark 26.377ms
[100.912s][info][gc,phases   ] GC(88) Pause Mark End 0.017ms
[100.912s][info][gc,phases   ] GC(88) Concurrent Mark Free 0.001ms
[100.919s][info][gc,phases   ] GC(88) Concurrent Process Non-Strong References 6.995ms
[100.919s][info][gc,phases   ] GC(88) Concurrent Reset Relocation Set 0.013ms
[100.923s][info][gc,phases   ] GC(88) Concurrent Select Relocation Set 4.016ms
[100.924s][info][gc,phases   ] GC(88) Pause Relocate Start 0.006ms
[100.926s][info][gc,phases   ] GC(88) Concurrent Relocate 2.273ms
[100.926s][info][gc,load     ] GC(88) Load: 0.00/0.00/0.00
[100.926s][info][gc,mmu      ] GC(88) MMU: 2ms/98.6%, 5ms/99.5%, 10ms/99.6%, 20ms/99.8%, 50ms/99.9%, 100ms/99.9%
[100.926s][info][gc,marking  ] GC(88) Mark: 1 stripe(s), 2 proactive flush(es), 1 terminate flush(es), 0 completion(s), 0 continuation(s) 
[100.926s][info][gc,marking  ] GC(88) Mark Stack Usage: 32M
[100.926s][info][gc,nmethod  ] GC(88) NMethods: 1938 registered, 355 unregistered
[100.926s][info][gc,metaspace] GC(88) Metaspace: 9M used, 9M committed, 1088M reserved
[100.926s][info][gc,ref      ] GC(88) Soft: 214 encountered, 0 discovered, 0 enqueued
[100.926s][info][gc,ref      ] GC(88) Weak: 807 encountered, 8 discovered, 0 enqueued
[100.926s][info][gc,ref      ] GC(88) Final: 0 encountered, 0 discovered, 0 enqueued
[100.926s][info][gc,ref      ] GC(88) Phantom: 27 encountered, 14 discovered, 0 enqueued
[100.926s][info][gc,reloc    ] GC(88) Small Pages: 210 / 420M, Empty: 370M, Relocated: 1M, In-Place: 0
[100.926s][info][gc,reloc    ] GC(88) Medium Pages: 0 / 0M, Empty: 0M, Relocated: 0M, In-Place: 0
[100.926s][info][gc,reloc    ] GC(88) Large Pages: 0 / 0M, Empty: 0M, Relocated: 0M, In-Place: 0
[100.926s][info][gc,reloc    ] GC(88) Forwarding Usage: 0M
[100.926s][info][gc,heap     ] GC(88) Min Capacity: 8M(2%)
[100.926s][info][gc,heap     ] GC(88) Max Capacity: 512M(100%)
[100.926s][info][gc,heap     ] GC(88) Soft Max Capacity: 512M(100%)
[100.926s][info][gc,heap     ] GC(88)                Mark Start          Mark End        Relocate Start      Relocate End           High               Low         
[100.926s][info][gc,heap     ] GC(88)  Capacity:      512M (100%)        512M (100%)        512M (100%)        512M (100%)        512M (100%)        512M (100%)   
[100.926s][info][gc,heap     ] GC(88)      Free:       92M (18%)          82M (16%)         450M (88%)         490M (96%)         490M (96%)          82M (16%)    
[100.927s][info][gc,heap     ] GC(88)      Used:      420M (82%)         430M (84%)          62M (12%)          22M (4%)          430M (84%)          22M (4%)     
[100.927s][info][gc,heap     ] GC(88)      Live:         -                 6M (1%)            6M (1%)            6M (1%)             -                  -          
[100.927s][info][gc,heap     ] GC(88) Allocated:         -                10M (2%)           12M (2%)           13M (3%)             -                  -          
[100.927s][info][gc,heap     ] GC(88)   Garbage:         -               413M (81%)          43M (9%)            1M (0%)             -                  -          
[100.927s][info][gc,heap     ] GC(88) Reclaimed:         -                  -               370M (72%)         411M (80%)            -                  -          
[100.927s][info][gc          ] GC(88) Garbage Collection (Allocation Rate) 420M(82%)->22M(4%)
[101.986s][info][gc,start    ] GC(89) Garbage Collection (Proactive)
[101.986s][info][gc,task     ] GC(89) Using 5 workers
[101.986s][info][gc,phases   ] GC(89) Pause Mark Start 0.018ms
[101.996s][info][gc,phases   ] GC(89) Concurrent Mark 9.745ms
[101.996s][info][gc,phases   ] GC(89) Pause Mark End 0.017ms
[101.996s][info][gc,phases   ] GC(89) Concurrent Mark Free 0.001ms
[101.998s][info][gc,phases   ] GC(89) Concurrent Process Non-Strong References 1.632ms
[101.998s][info][gc,phases   ] GC(89) Concurrent Reset Relocation Set 0.003ms
[102.002s][info][gc,phases   ] GC(89) Concurrent Select Relocation Set 3.821ms
[102.002s][info][gc,phases   ] GC(89) Pause Relocate Start 0.008ms
[102.004s][info][gc,phases   ] GC(89) Concurrent Relocate 2.226ms
[102.004s][info][gc,load     ] GC(89) Load: 0.00/0.00/0.00
[102.004s][info][gc,mmu      ] GC(89) MMU: 2ms/98.6%, 5ms/99.5%, 10ms/99.6%, 20ms/99.8%, 50ms/99.9%, 100ms/99.9%
[102.004s][info][gc,marking  ] GC(89) Mark: 4 stripe(s), 2 proactive flush(es), 1 terminate flush(es), 0 completion(s), 0 continuation(s) 
[102.004s][info][gc,marking  ] GC(89) Mark Stack Usage: 32M
[102.004s][info][gc,nmethod  ] GC(89) NMethods: 1938 registered, 355 unregistered
[102.004s][info][gc,metaspace] GC(89) Metaspace: 9M used, 9M committed, 1088M reserved
[102.005s][info][gc,ref      ] GC(89) Soft: 214 encountered, 0 discovered, 0 enqueued
[102.005s][info][gc,ref      ] GC(89) Weak: 807 encountered, 43 discovered, 0 enqueued
[102.005s][info][gc,ref      ] GC(89) Final: 0 encountered, 0 discovered, 0 enqueued
[102.005s][info][gc,ref      ] GC(89) Phantom: 27 encountered, 23 discovered, 0 enqueued
[102.005s][info][gc,reloc    ] GC(89) Small Pages: 181 / 362M, Empty: 282M, Relocated: 1M, In-Place: 0
[102.005s][info][gc,reloc    ] GC(89) Medium Pages: 0 / 0M, Empty: 0M, Relocated: 0M, In-Place: 0
[102.005s][info][gc,reloc    ] GC(89) Large Pages: 0 / 0M, Empty: 0M, Relocated: 0M, In-Place: 0
[102.005s][info][gc,reloc    ] GC(89) Forwarding Usage: 0M
[102.005s][info][gc,heap     ] GC(89) Min Capacity: 8M(2%)
[102.005s][info][gc,heap     ] GC(89) Max Capacity: 512M(100%)
[102.005s][info][gc,heap     ] GC(89) Soft Max Capacity: 512M(100%)
[102.005s][info][gc,heap     ] GC(89)                Mark Start          Mark End        Relocate Start      Relocate End           High               Low         
[102.005s][info][gc,heap     ] GC(89)  Capacity:      512M (100%)        512M (100%)        512M (100%)        512M (100%)        512M (100%)        512M (100%)   
[102.005s][info][gc,heap     ] GC(89)      Free:      150M (29%)         146M (29%)         426M (83%)         488M (95%)         488M (95%)         144M (28%)    
[102.005s][info][gc,heap     ] GC(89)      Used:      362M (71%)         366M (71%)          86M (17%)          24M (5%)          368M (72%)          24M (5%)     
[102.005s][info][gc,heap     ] GC(89)      Live:         -                 6M (1%)            6M (1%)            6M (1%)             -                  -          
[102.005s][info][gc,heap     ] GC(89) Allocated:         -                 4M (1%)            6M (1%)            7M (2%)             -                  -          
[102.005s][info][gc,heap     ] GC(89)   Garbage:         -               355M (69%)          73M (14%)           9M (2%)             -                  -          
[102.005s][info][gc,heap     ] GC(89) Reclaimed:         -                  -               282M (55%)         345M (68%)            -                  -          
[102.005s][info][gc          ] GC(89) Garbage Collection (Proactive) 362M(71%)->24M(5%)
[103.288s][info][gc,start    ] GC(90) Garbage Collection (Allocation Rate)
[103.288s][info][gc,task     ] GC(90) Using 1 workers
[103.288s][info][gc,phases   ] GC(90) Pause Mark Start 0.016ms
[103.319s][info][gc,phases   ] GC(90) Concurrent Mark 30.819ms
[103.319s][info][gc,phases   ] GC(90) Pause Mark End 0.018ms
[103.319s][info][gc,phases   ] GC(90) Concurrent Mark Free 0.001ms
[103.326s][info][gc,phases   ] GC(90) Concurrent Process Non-Strong References 6.864ms
[103.326s][info][gc,phases   ] GC(90) Concurrent Reset Relocation Set 0.007ms
[103.332s][info][gc,phases   ] GC(90) Concurrent Select Relocation Set 5.717ms
[103.332s][info][gc,phases   ] GC(90) Pause Relocate Start 0.006ms
[103.339s][info][gc,phases   ] GC(90) Concurrent Relocate 6.699ms
[103.339s][info][gc,load     ] GC(90) Load: 0.00/0.00/0.00
[103.339s][info][gc,mmu      ] GC(90) MMU: 2ms/98.6%, 5ms/99.5%, 10ms/99.6%, 20ms/99.8%, 50ms/99.9%, 100ms/99.9%
[103.339s][info][gc,marking  ] GC(90) Mark: 1 stripe(s), 2 proactive flush(es), 1 terminate flush(es), 0 completion(s), 0 continuation(s) 
[103.339s][info][gc,marking  ] GC(90) Mark Stack Usage: 32M
[103.339s][info][gc,nmethod  ] GC(90) NMethods: 1938 registered, 355 unregistered
[103.339s][info][gc,metaspace] GC(90) Metaspace: 9M used, 9M committed, 1088M reserved
[103.339s][info][gc,ref      ] GC(90) Soft: 214 encountered, 0 discovered, 0 enqueued
[103.339s][info][gc,ref      ] GC(90) Weak: 807 encountered, 189 discovered, 0 enqueued
[103.340s][info][gc,ref      ] GC(90) Final: 0 encountered, 0 discovered, 0 enqueued
[103.340s][info][gc,ref      ] GC(90) Phantom: 27 encountered, 14 discovered, 0 enqueued
[103.340s][info][gc,reloc    ] GC(90) Small Pages: 216 / 432M, Empty: 314M, Relocated: 2M, In-Place: 0
[103.340s][info][gc,reloc    ] GC(90) Medium Pages: 0 / 0M, Empty: 0M, Relocated: 0M, In-Place: 0
[103.340s][info][gc,reloc    ] GC(90) Large Pages: 0 / 0M, Empty: 0M, Relocated: 0M, In-Place: 0
[103.340s][info][gc,reloc    ] GC(90) Forwarding Usage: 1M
[103.340s][info][gc,heap     ] GC(90) Min Capacity: 8M(2%)
[103.340s][info][gc,heap     ] GC(90) Max Capacity: 512M(100%)
[103.340s][info][gc,heap     ] GC(90) Soft Max Capacity: 512M(100%)
[103.340s][info][gc,heap     ] GC(90)                Mark Start          Mark End        Relocate Start      Relocate End           High               Low         
[103.340s][info][gc,heap     ] GC(90)  Capacity:      512M (100%)        512M (100%)        512M (100%)        512M (100%)        512M (100%)        512M (100%)   
[103.340s][info][gc,heap     ] GC(90)      Free:       80M (16%)          68M (13%)         378M (74%)         486M (95%)         486M (95%)          66M (13%)    
[103.340s][info][gc,heap     ] GC(90)      Used:      432M (84%)         444M (87%)         134M (26%)          26M (5%)          446M (87%)          26M (5%)     
[103.340s][info][gc,heap     ] GC(90)      Live:         -                 6M (1%)            6M (1%)            6M (1%)             -                  -          
[103.340s][info][gc,heap     ] GC(90) Allocated:         -                12M (2%)           16M (3%)           17M (4%)             -                  -          
[103.340s][info][gc,heap     ] GC(90)   Garbage:         -               425M (83%)         111M (22%)           1M (0%)             -                  -          
[103.340s][info][gc,heap     ] GC(90) Reclaimed:         -                  -               314M (61%)         423M (83%)            -                  -          
[103.340s][info][gc          ] GC(90) Garbage Collection (Allocation Rate) 432M(84%)->26M(5%)
[104.490s][info][gc,start    ] GC(91) Garbage Collection (Proactive)
[104.490s][info][gc,task     ] GC(91) Using 5 workers
[104.490s][info][gc,phases   ] GC(91) Pause Mark Start 0.018ms
[104.505s][info][gc,phases   ] GC(91) Concurrent Mark 15.159ms
[104.505s][info][gc,phases   ] GC(91) Pause Mark End 0.020ms
[104.505s][info][gc,phases   ] GC(91) Concurrent Mark Free 0.001ms
[104.507s][info][gc,phases   ] GC(91) Concurrent Process Non-Strong References 1.537ms
[104.507s][info][gc,phases   ] GC(91) Concurrent Reset Relocation Set 0.010ms
[104.511s][info][gc,phases   ] GC(91) Concurrent Select Relocation Set 3.912ms
[104.511s][info][gc,phases   ] GC(91) Pause Relocate Start 0.007ms
[104.513s][info][gc,phases   ] GC(91) Concurrent Relocate 1.720ms
[104.513s][info][gc,load     ] GC(91) Load: 0.00/0.00/0.00
[104.513s][info][gc,mmu      ] GC(91) MMU: 2ms/98.6%, 5ms/99.5%, 10ms/99.6%, 20ms/99.8%, 50ms/99.9%, 100ms/99.9%
[104.513s][info][gc,marking  ] GC(91) Mark: 4 stripe(s), 2 proactive flush(es), 1 terminate flush(es), 0 completion(s), 0 continuation(s) 
[104.513s][info][gc,marking  ] GC(91) Mark Stack Usage: 32M
[104.513s][info][gc,nmethod  ] GC(91) NMethods: 1938 registered, 355 unregistered
[104.513s][info][gc,metaspace] GC(91) Metaspace: 9M used, 9M committed, 1088M reserved
[104.513s][info][gc,ref      ] GC(91) Soft: 214 encountered, 0 discovered, 0 enqueued
[104.513s][info][gc,ref      ] GC(91) Weak: 807 encountered, 549 discovered, 0 enqueued
[104.513s][info][gc,ref      ] GC(91) Final: 0 encountered, 0 discovered, 0 enqueued
[104.513s][info][gc,ref      ] GC(91) Phantom: 27 encountered, 23 discovered, 0 enqueued
[104.513s][info][gc,reloc    ] GC(91) Small Pages: 196 / 392M, Empty: 276M, Relocated: 1M, In-Place: 0
[104.513s][info][gc,reloc    ] GC(91) Medium Pages: 0 / 0M, Empty: 0M, Relocated: 0M, In-Place: 0
[104.513s][info][gc,reloc    ] GC(91) Large Pages: 0 / 0M, Empty: 0M, Relocated: 0M, In-Place: 0
[104.513s][info][gc,reloc    ] GC(91) Forwarding Usage: 0M
[104.513s][info][gc,heap     ] GC(91) Min Capacity: 8M(2%)
[104.514s][info][gc,heap     ] GC(91) Max Capacity: 512M(100%)
[104.514s][info][gc,heap     ] GC(91) Soft Max Capacity: 512M(100%)
[104.514s][info][gc,heap     ] GC(91)                Mark Start          Mark End        Relocate Start      Relocate End           High               Low         
[104.514s][info][gc,heap     ] GC(91)  Capacity:      512M (100%)        512M (100%)        512M (100%)        512M (100%)        512M (100%)        512M (100%)   
[104.514s][info][gc,heap     ] GC(91)      Free:      120M (23%)         114M (22%)         388M (76%)         488M (95%)         488M (95%)         114M (22%)    
[104.514s][info][gc,heap     ] GC(91)      Used:      392M (77%)         398M (78%)         124M (24%)          24M (5%)          398M (78%)          24M (5%)     
[104.514s][info][gc,heap     ] GC(91)      Live:         -                 6M (1%)            6M (1%)            6M (1%)             -                  -          
[104.514s][info][gc,heap     ] GC(91) Allocated:         -                 6M (1%)            8M (2%)            7M (2%)             -                  -          
[104.514s][info][gc,heap     ] GC(91)   Garbage:         -               385M (75%)         109M (21%)           9M (2%)             -                  -          
[104.514s][info][gc,heap     ] GC(91) Reclaimed:         -                  -               276M (54%)         375M (73%)            -                  -          
[104.514s][info][gc          ] GC(91) Garbage Collection (Proactive) 392M(77%)->24M(5%)
[105.145s][info][gc,start    ] GC(92) Garbage Collection (System.gc())
[105.146s][info][gc,task     ] GC(92) Using 5 workers
[105.146s][info][gc,phases   ] GC(92) Pause Mark Start 0.017ms
[105.153s][info][gc,phases   ] GC(92) Concurrent Mark 6.928ms
[105.153s][info][gc,phases   ] GC(92) Pause Mark End 0.016ms
[105.153s][info][gc,phases   ] GC(92) Concurrent Mark Free 0.001ms
[105.154s][info][gc,phases   ] GC(92) Concurrent Process Non-Strong References 1.479ms
[105.154s][info][gc,phases   ] GC(92) Concurrent Reset Relocation Set 0.010ms
[105.158s][info][gc,phases   ] GC(92) Concurrent Select Relocation Set 3.705ms
[105.158s][info][gc,phases   ] GC(92) Pause Relocate Start 0.007ms
[105.160s][info][gc,phases   ] GC(92) Concurrent Relocate 1.399ms
[105.160s][info][gc,load     ] GC(92) Load: 0.00/0.00/0.00
[105.160s][info][gc,mmu      ] GC(92) MMU: 2ms/98.6%, 5ms/99.5%, 10ms/99.6%, 20ms/99.8%, 50ms/99.9%, 100ms/99.9%
[105.160s][info][gc,marking  ] GC(92) Mark: 4 stripe(s), 2 proactive flush(es), 1 terminate flush(es), 0 completion(s), 0 continuation(s) 
[105.160s][info][gc,marking  ] GC(92) Mark Stack Usage: 32M
[105.160s][info][gc,nmethod  ] GC(92) NMethods: 1941 registered, 355 unregistered
[105.160s][info][gc,metaspace] GC(92) Metaspace: 9M used, 9M committed, 1088M reserved
[105.160s][info][gc,ref      ] GC(92) Soft: 214 encountered, 0 discovered, 0 enqueued
[105.160s][info][gc,ref      ] GC(92) Weak: 807 encountered, 276 discovered, 0 enqueued
[105.160s][info][gc,ref      ] GC(92) Final: 0 encountered, 0 discovered, 0 enqueued
[105.160s][info][gc,ref      ] GC(92) Phantom: 27 encountered, 21 discovered, 0 enqueued
[105.160s][info][gc,reloc    ] GC(92) Small Pages: 114 / 228M, Empty: 212M, Relocated: 1M, In-Place: 0
[105.160s][info][gc,reloc    ] GC(92) Medium Pages: 0 / 0M, Empty: 0M, Relocated: 0M, In-Place: 0
[105.160s][info][gc,reloc    ] GC(92) Large Pages: 0 / 0M, Empty: 0M, Relocated: 0M, In-Place: 0
[105.160s][info][gc,reloc    ] GC(92) Forwarding Usage: 0M
[105.160s][info][gc,heap     ] GC(92) Min Capacity: 8M(2%)
[105.160s][info][gc,heap     ] GC(92) Max Capacity: 512M(100%)
[105.160s][info][gc,heap     ] GC(92) Soft Max Capacity: 512M(100%)
[105.160s][info][gc,heap     ] GC(92)                Mark Start          Mark End        Relocate Start      Relocate End           High               Low         
[105.160s][info][gc,heap     ] GC(92)  Capacity:      512M (100%)        512M (100%)        512M (100%)        512M (100%)        512M (100%)        512M (100%)   
[105.160s][info][gc,heap     ] GC(92)      Free:      284M (55%)         284M (55%)         496M (97%)         498M (97%)         498M (97%)         284M (55%)    
[105.160s][info][gc,heap     ] GC(92)      Used:      228M (45%)         228M (45%)          16M (3%)           14M (3%)          228M (45%)          14M (3%)     
[105.160s][info][gc,heap     ] GC(92)      Live:         -                 4M (1%)            4M (1%)            4M (1%)             -                  -          
[105.160s][info][gc,heap     ] GC(92) Allocated:         -                 0M (0%)            0M (0%)            0M (0%)             -                  -          
[105.161s][info][gc,heap     ] GC(92)   Garbage:         -               223M (44%)          11M (2%)            9M (2%)             -                  -          
[105.161s][info][gc,heap     ] GC(92) Reclaimed:         -                  -               212M (41%)         214M (42%)            -                  -          
[105.161s][info][gc          ] GC(92) Garbage Collection (System.gc()) 228M(45%)->14M(3%)
[106.479s][info][gc,start    ] GC(93) Garbage Collection (Allocation Rate)
[106.479s][info][gc,task     ] GC(93) Using 1 workers
[106.479s][info][gc,phases   ] GC(93) Pause Mark Start 0.017ms
[106.499s][info][gc,phases   ] GC(93) Concurrent Mark 19.332ms
[106.499s][info][gc,phases   ] GC(93) Pause Mark End 0.017ms
[106.499s][info][gc,phases   ] GC(93) Concurrent Mark Free 0.001ms
[106.506s][info][gc,phases   ] GC(93) Concurrent Process Non-Strong References 6.348ms
[106.506s][info][gc,phases   ] GC(93) Concurrent Reset Relocation Set 0.002ms
[106.511s][info][gc,phases   ] GC(93) Concurrent Select Relocation Set 5.329ms
[106.511s][info][gc,phases   ] GC(93) Pause Relocate Start 0.009ms
[106.515s][info][gc,phases   ] GC(93) Concurrent Relocate 4.017ms
[106.515s][info][gc,load     ] GC(93) Load: 0.00/0.00/0.00
[106.515s][info][gc,mmu      ] GC(93) MMU: 2ms/98.6%, 5ms/99.5%, 10ms/99.6%, 20ms/99.8%, 50ms/99.9%, 100ms/99.9%
[106.515s][info][gc,marking  ] GC(93) Mark: 1 stripe(s), 2 proactive flush(es), 1 terminate flush(es), 0 completion(s), 0 continuation(s) 
[106.515s][info][gc,marking  ] GC(93) Mark Stack Usage: 32M
[106.515s][info][gc,nmethod  ] GC(93) NMethods: 1941 registered, 355 unregistered
[106.515s][info][gc,metaspace] GC(93) Metaspace: 9M used, 9M committed, 1088M reserved
[106.516s][info][gc,ref      ] GC(93) Soft: 214 encountered, 0 discovered, 0 enqueued
[106.516s][info][gc,ref      ] GC(93) Weak: 807 encountered, 188 discovered, 0 enqueued
[106.516s][info][gc,ref      ] GC(93) Final: 0 encountered, 0 discovered, 0 enqueued
[106.516s][info][gc,ref      ] GC(93) Phantom: 27 encountered, 14 discovered, 0 enqueued
[106.516s][info][gc,reloc    ] GC(93) Small Pages: 209 / 418M, Empty: 252M, Relocated: 2M, In-Place: 0
[106.516s][info][gc,reloc    ] GC(93) Medium Pages: 0 / 0M, Empty: 0M, Relocated: 0M, In-Place: 0
[106.516s][info][gc,reloc    ] GC(93) Large Pages: 0 / 0M, Empty: 0M, Relocated: 0M, In-Place: 0
[106.516s][info][gc,reloc    ] GC(93) Forwarding Usage: 1M
[106.516s][info][gc,heap     ] GC(93) Min Capacity: 8M(2%)
[106.516s][info][gc,heap     ] GC(93) Max Capacity: 512M(100%)
[106.516s][info][gc,heap     ] GC(93) Soft Max Capacity: 512M(100%)
[106.516s][info][gc,heap     ] GC(93)                Mark Start          Mark End        Relocate Start      Relocate End           High               Low         
[106.516s][info][gc,heap     ] GC(93)  Capacity:      512M (100%)        512M (100%)        512M (100%)        512M (100%)        512M (100%)        512M (100%)   
[106.516s][info][gc,heap     ] GC(93)      Free:       94M (18%)          86M (17%)         334M (65%)         492M (96%)         492M (96%)          84M (16%)    
[106.516s][info][gc,heap     ] GC(93)      Used:      418M (82%)         426M (83%)         178M (35%)          20M (4%)          428M (84%)          20M (4%)     
[106.516s][info][gc,heap     ] GC(93)      Live:         -                 6M (1%)            6M (1%)            6M (1%)             -                  -          
[106.516s][info][gc,heap     ] GC(93) Allocated:         -                 8M (2%)           12M (2%)           11M (2%)             -                  -          
[106.516s][info][gc,heap     ] GC(93)   Garbage:         -               411M (80%)         159M (31%)           1M (0%)             -                  -          
[106.516s][info][gc,heap     ] GC(93) Reclaimed:         -                  -               252M (49%)         409M (80%)            -                  -          
[106.516s][info][gc          ] GC(93) Garbage Collection (Allocation Rate) 418M(82%)->20M(4%)
[107.783s][info][gc,start    ] GC(94) Garbage Collection (Allocation Rate)
[107.783s][info][gc,task     ] GC(94) Using 1 workers
[107.783s][info][gc,phases   ] GC(94) Pause Mark Start 0.016ms
[107.817s][info][gc,phases   ] GC(94) Concurrent Mark 33.539ms
[107.817s][info][gc,phases   ] GC(94) Pause Mark End 0.017ms
[107.817s][info][gc,phases   ] GC(94) Concurrent Mark Free 0.001ms
[107.824s][info][gc,phases   ] GC(94) Concurrent Process Non-Strong References 7.185ms
[107.824s][info][gc,phases   ] GC(94) Concurrent Reset Relocation Set 0.013ms
[107.830s][info][gc,phases   ] GC(94) Concurrent Select Relocation Set 5.939ms
[107.831s][info][gc,phases   ] GC(94) Pause Relocate Start 0.010ms
[107.838s][info][gc,phases   ] GC(94) Concurrent Relocate 7.205ms
[107.838s][info][gc,load     ] GC(94) Load: 0.00/0.00/0.00
[107.838s][info][gc,mmu      ] GC(94) MMU: 2ms/98.6%, 5ms/99.5%, 10ms/99.6%, 20ms/99.8%, 50ms/99.9%, 100ms/99.9%
[107.838s][info][gc,marking  ] GC(94) Mark: 1 stripe(s), 2 proactive flush(es), 1 terminate flush(es), 0 completion(s), 0 continuation(s) 
[107.838s][info][gc,marking  ] GC(94) Mark Stack Usage: 32M
[107.838s][info][gc,nmethod  ] GC(94) NMethods: 1941 registered, 355 unregistered
[107.838s][info][gc,metaspace] GC(94) Metaspace: 9M used, 9M committed, 1088M reserved
[107.838s][info][gc,ref      ] GC(94) Soft: 214 encountered, 0 discovered, 0 enqueued
[107.838s][info][gc,ref      ] GC(94) Weak: 807 encountered, 189 discovered, 0 enqueued
[107.838s][info][gc,ref      ] GC(94) Final: 0 encountered, 0 discovered, 0 enqueued
[107.838s][info][gc,ref      ] GC(94) Phantom: 27 encountered, 14 discovered, 0 enqueued
[107.838s][info][gc,reloc    ] GC(94) Small Pages: 220 / 440M, Empty: 254M, Relocated: 2M, In-Place: 0
[107.838s][info][gc,reloc    ] GC(94) Medium Pages: 0 / 0M, Empty: 0M, Relocated: 0M, In-Place: 0
[107.838s][info][gc,reloc    ] GC(94) Large Pages: 0 / 0M, Empty: 0M, Relocated: 0M, In-Place: 0
[107.838s][info][gc,reloc    ] GC(94) Forwarding Usage: 1M
[107.838s][info][gc,heap     ] GC(94) Min Capacity: 8M(2%)
[107.838s][info][gc,heap     ] GC(94) Max Capacity: 512M(100%)
[107.838s][info][gc,heap     ] GC(94) Soft Max Capacity: 512M(100%)
[107.839s][info][gc,heap     ] GC(94)                Mark Start          Mark End        Relocate Start      Relocate End           High               Low         
[107.839s][info][gc,heap     ] GC(94)  Capacity:      512M (100%)        512M (100%)        512M (100%)        512M (100%)        512M (100%)        512M (100%)   
[107.839s][info][gc,heap     ] GC(94)      Free:       72M (14%)          60M (12%)         310M (61%)         486M (95%)         486M (95%)          58M (11%)    
[107.839s][info][gc,heap     ] GC(94)      Used:      440M (86%)         452M (88%)         202M (39%)          26M (5%)          454M (89%)          26M (5%)     
[107.839s][info][gc,heap     ] GC(94)      Live:         -                 6M (1%)            6M (1%)            6M (1%)             -                  -          
[107.839s][info][gc,heap     ] GC(94) Allocated:         -                12M (2%)           16M (3%)           17M (4%)             -                  -          
[107.839s][info][gc,heap     ] GC(94)   Garbage:         -               433M (85%)         179M (35%)           1M (0%)             -                  -          
[107.839s][info][gc,heap     ] GC(94) Reclaimed:         -                  -               254M (50%)         431M (84%)            -                  -          
[107.839s][info][gc          ] GC(94) Garbage Collection (Allocation Rate) 440M(86%)->26M(5%)
[109.079s][info][gc,start    ] GC(95) Garbage Collection (Proactive)
[109.080s][info][gc,task     ] GC(95) Using 5 workers
[109.080s][info][gc,phases   ] GC(95) Pause Mark Start 0.018ms
[109.095s][info][gc,phases   ] GC(95) Concurrent Mark 15.185ms
[109.095s][info][gc,phases   ] GC(95) Pause Mark End 0.017ms
[109.095s][info][gc,phases   ] GC(95) Concurrent Mark Free 0.001ms
[109.097s][info][gc,phases   ] GC(95) Concurrent Process Non-Strong References 1.694ms
[109.097s][info][gc,phases   ] GC(95) Concurrent Reset Relocation Set 0.012ms
[109.101s][info][gc,phases   ] GC(95) Concurrent Select Relocation Set 3.849ms
[109.101s][info][gc,phases   ] GC(95) Pause Relocate Start 0.008ms
[109.103s][info][gc,phases   ] GC(95) Concurrent Relocate 1.554ms
[109.103s][info][gc,load     ] GC(95) Load: 0.00/0.00/0.00
[109.103s][info][gc,mmu      ] GC(95) MMU: 2ms/98.6%, 5ms/99.5%, 10ms/99.6%, 20ms/99.8%, 50ms/99.9%, 100ms/99.9%
[109.103s][info][gc,marking  ] GC(95) Mark: 4 stripe(s), 2 proactive flush(es), 1 terminate flush(es), 0 completion(s), 0 continuation(s) 
[109.103s][info][gc,marking  ] GC(95) Mark Stack Usage: 32M
[109.103s][info][gc,nmethod  ] GC(95) NMethods: 1941 registered, 355 unregistered
[109.103s][info][gc,metaspace] GC(95) Metaspace: 9M used, 9M committed, 1088M reserved
[109.103s][info][gc,ref      ] GC(95) Soft: 214 encountered, 0 discovered, 0 enqueued
[109.103s][info][gc,ref      ] GC(95) Weak: 807 encountered, 237 discovered, 0 enqueued
[109.103s][info][gc,ref      ] GC(95) Final: 0 encountered, 0 discovered, 0 enqueued
[109.103s][info][gc,ref      ] GC(95) Phantom: 27 encountered, 15 discovered, 0 enqueued
[109.103s][info][gc,reloc    ] GC(95) Small Pages: 207 / 414M, Empty: 330M, Relocated: 1M, In-Place: 0
[109.103s][info][gc,reloc    ] GC(95) Medium Pages: 0 / 0M, Empty: 0M, Relocated: 0M, In-Place: 0
[109.103s][info][gc,reloc    ] GC(95) Large Pages: 0 / 0M, Empty: 0M, Relocated: 0M, In-Place: 0
[109.103s][info][gc,reloc    ] GC(95) Forwarding Usage: 0M
[109.103s][info][gc,heap     ] GC(95) Min Capacity: 8M(2%)
[109.103s][info][gc,heap     ] GC(95) Max Capacity: 512M(100%)
[109.103s][info][gc,heap     ] GC(95) Soft Max Capacity: 512M(100%)
[109.103s][info][gc,heap     ] GC(95)                Mark Start          Mark End        Relocate Start      Relocate End           High               Low         
[109.103s][info][gc,heap     ] GC(95)  Capacity:      512M (100%)        512M (100%)        512M (100%)        512M (100%)        512M (100%)        512M (100%)   
[109.103s][info][gc,heap     ] GC(95)      Free:       98M (19%)          92M (18%)         420M (82%)         486M (95%)         486M (95%)          90M (18%)    
[109.103s][info][gc,heap     ] GC(95)      Used:      414M (81%)         420M (82%)          92M (18%)          26M (5%)          422M (82%)          26M (5%)     
[109.103s][info][gc,heap     ] GC(95)      Live:         -                 6M (1%)            6M (1%)            6M (1%)             -                  -          
[109.104s][info][gc,heap     ] GC(95) Allocated:         -                 6M (1%)            8M (2%)            9M (2%)             -                  -          
[109.104s][info][gc,heap     ] GC(95)   Garbage:         -               407M (80%)          77M (15%)           9M (2%)             -                  -          
[109.104s][info][gc,heap     ] GC(95) Reclaimed:         -                  -               330M (64%)         397M (78%)            -                  -          
[109.104s][info][gc          ] GC(95) Garbage Collection (Proactive) 414M(81%)->26M(5%)
[110.079s][info][gc,stats    ] === Garbage Collection Statistics =======================================================================================================================
[110.079s][info][gc,stats    ]                                                              Last 10s              Last 10m              Last 10h                Total
[110.079s][info][gc,stats    ]                                                              Avg / Max             Avg / Max             Avg / Max             Avg / Max
[110.079s][info][gc,stats    ]   Collector: Garbage Collection Cycle                     32.912 / 55.121       36.554 / 57.234       36.554 / 57.234       36.554 / 57.234      ms
[110.079s][info][gc,stats    ]  Contention: Mark Segment Reset Contention                     0 / 4                 0 / 4                 0 / 4                 0 / 4           ops/s
[110.079s][info][gc,stats    ]  Contention: Mark SeqNum Reset Contention                      0 / 1                 0 / 2                 0 / 2                 0 / 2           ops/s
[110.080s][info][gc,stats    ]    Critical: Allocation Stall                                  0 / 0                 0 / 0                 0 / 0                 0 / 0           ops/s
[110.080s][info][gc,stats    ]    Critical: Allocation Stall                              0.000 / 0.000         0.000 / 0.000         0.000 / 0.000         0.000 / 0.000       ms
[110.080s][info][gc,stats    ]    Critical: GC Locker Stall                                   0 / 0                 0 / 0                 0 / 0                 0 / 0           ops/s
[110.080s][info][gc,stats    ]    Critical: GC Locker Stall                               0.000 / 0.000         0.000 / 0.000         0.000 / 0.000         0.000 / 0.000       ms
[110.080s][info][gc,stats    ]    Critical: Relocation Stall                                  0 / 0                 0 / 0                 0 / 0                 0 / 0           ops/s
[110.080s][info][gc,stats    ]    Critical: Relocation Stall                              0.000 / 0.000         0.000 / 0.000         0.000 / 0.000         0.000 / 0.000       ms
[110.080s][info][gc,stats    ]      Memory: Allocation Rate                                 321 / 338             316 / 338             316 / 338             316 / 338         MB/s
[110.080s][info][gc,stats    ]      Memory: Defragment                                        0 / 0                 0 / 0                 0 / 0                 0 / 0           ops/s
[110.080s][info][gc,stats    ]      Memory: Out Of Memory                                     0 / 0                 0 / 0                 0 / 0                 0 / 0           ops/s
[110.080s][info][gc,stats    ]      Memory: Page Cache Flush                                  0 / 0                 0 / 0                 0 / 0                 0 / 0           MB/s
[110.080s][info][gc,stats    ]      Memory: Page Cache Hit L1                               163 / 171             158 / 174             158 / 174             158 / 174         ops/s
[110.080s][info][gc,stats    ]      Memory: Page Cache Hit L2                                 0 / 0                 0 / 0                 0 / 0                 0 / 0           ops/s
[110.080s][info][gc,stats    ]      Memory: Page Cache Hit L3                                 0 / 0                 2 / 77                2 / 77                2 / 77          ops/s
[110.080s][info][gc,stats    ]      Memory: Page Cache Miss                                   0 / 0                 0 / 1                 0 / 1                 0 / 1           ops/s
[110.080s][info][gc,stats    ]      Memory: Uncommit                                          0 / 0                 0 / 0                 0 / 0                 0 / 0           MB/s
[110.080s][info][gc,stats    ]      Memory: Undo Object Allocation Failed                     0 / 6                 0 / 6                 0 / 6                 0 / 6           ops/s
[110.080s][info][gc,stats    ]      Memory: Undo Object Allocation Succeeded                  1 / 6                 0 / 7                 0 / 7                 0 / 7           ops/s
[110.080s][info][gc,stats    ]      Memory: Undo Page Allocation                              1 / 5                 1 / 10                1 / 10                1 / 10          ops/s
[110.080s][info][gc,stats    ]       Phase: Concurrent Mark                              19.636 / 33.539       22.503 / 38.107       22.503 / 38.107       22.503 / 38.107      ms
[110.080s][info][gc,stats    ]       Phase: Concurrent Mark Continue                      0.000 / 0.000         0.000 / 0.000         0.000 / 0.000         0.000 / 0.000       ms
[110.080s][info][gc,stats    ]       Phase: Concurrent Mark Free                          0.001 / 0.001         0.001 / 0.002         0.001 / 0.002         0.001 / 0.002       ms
[110.080s][info][gc,stats    ]       Phase: Concurrent Process Non-Strong References      4.217 / 7.185         4.606 / 7.613         4.606 / 7.613         4.606 / 7.613       ms
[110.080s][info][gc,stats    ]       Phase: Concurrent Relocate                           3.387 / 7.205         3.802 / 8.950         3.802 / 8.950         3.802 / 8.950       ms
[110.080s][info][gc,stats    ]       Phase: Concurrent Reset Relocation Set               0.009 / 0.013         0.007 / 0.015         0.007 / 0.015         0.007 / 0.015       ms
[110.080s][info][gc,stats    ]       Phase: Concurrent Select Relocation Set              4.536 / 5.939         4.539 / 14.681        4.539 / 14.681        4.539 / 14.681      ms
[110.080s][info][gc,stats    ]       Phase: Pause Mark End                                0.017 / 0.020         0.017 / 0.021         0.017 / 0.021         0.017 / 0.021       ms
[110.080s][info][gc,stats    ]       Phase: Pause Mark Start                              0.017 / 0.018         0.017 / 0.027         0.017 / 0.027         0.017 / 0.027       ms
[110.080s][info][gc,stats    ]       Phase: Pause Relocate Start                          0.008 / 0.010         0.008 / 0.012         0.008 / 0.012         0.008 / 0.012       ms
[110.080s][info][gc,stats    ]    Subphase: Concurrent Classes Purge                      0.005 / 0.005         0.029 / 0.583         0.029 / 0.583         0.029 / 0.583       ms
[110.081s][info][gc,stats    ]    Subphase: Concurrent Classes Unlink                     3.508 / 5.900         3.739 / 5.905         3.739 / 5.905         3.739 / 5.905       ms
[110.081s][info][gc,stats    ]    Subphase: Concurrent Mark                              12.564 / 30.919       15.271 / 34.990       15.271 / 34.990       15.271 / 34.990      ms
[110.081s][info][gc,stats    ]    Subphase: Concurrent Mark Try Flush                     0.062 / 0.096         0.058 / 0.187         0.058 / 0.187         0.058 / 0.187       ms
[110.081s][info][gc,stats    ]    Subphase: Concurrent Mark Try Terminate                 2.442 / 9.438         3.363 / 16.135        3.363 / 16.135        3.363 / 16.135      ms
[110.081s][info][gc,stats    ]    Subphase: Concurrent References Enqueue                 0.000 / 0.001         0.001 / 0.005         0.001 / 0.005         0.001 / 0.005       ms
[110.081s][info][gc,stats    ]    Subphase: Concurrent References Process                 0.048 / 0.065         0.049 / 0.114         0.049 / 0.114         0.049 / 0.114       ms
[110.081s][info][gc,stats    ]    Subphase: Concurrent Roots ClassLoaderDataGraph         0.111 / 0.353         0.158 / 0.631         0.158 / 0.631         0.158 / 0.631       ms
[110.081s][info][gc,stats    ]    Subphase: Concurrent Roots CodeCache                    0.000 / 0.000         0.000 / 0.000         0.000 / 0.000         0.000 / 0.000       ms
[110.081s][info][gc,stats    ]    Subphase: Concurrent Roots JavaThreads                  0.801 / 2.251         0.921 / 2.289         0.921 / 2.289         0.921 / 2.289       ms
[110.081s][info][gc,stats    ]    Subphase: Concurrent Roots OopStorageSet                0.026 / 0.061         0.032 / 0.136         0.032 / 0.136         0.032 / 0.136       ms
[110.081s][info][gc,stats    ]    Subphase: Concurrent Weak Roots OopStorageSet           0.309 / 1.128         0.380 / 1.768         0.380 / 1.768         0.380 / 1.768       ms
[110.081s][info][gc,stats    ]    Subphase: Pause Mark Try Complete                       0.000 / 0.000         0.000 / 0.000         0.000 / 0.000         0.000 / 0.000       ms
[110.081s][info][gc,stats    ]      System: Java Threads                                     36 / 36               33 / 37               33 / 37               33 / 37          threads
[110.081s][info][gc,stats    ] =========================================================================================================================================================
[110.376s][info][gc,start    ] GC(96) Garbage Collection (Allocation Rate)
[110.376s][info][gc,task     ] GC(96) Using 1 workers
[110.376s][info][gc,phases   ] GC(96) Pause Mark Start 0.018ms
[110.403s][info][gc,phases   ] GC(96) Concurrent Mark 27.027ms
[110.404s][info][gc,phases   ] GC(96) Pause Mark End 0.015ms
[110.404s][info][gc,phases   ] GC(96) Concurrent Mark Free 0.002ms
[110.411s][info][gc,phases   ] GC(96) Concurrent Process Non-Strong References 6.884ms
[110.411s][info][gc,phases   ] GC(96) Concurrent Reset Relocation Set 0.007ms
[110.416s][info][gc,phases   ] GC(96) Concurrent Select Relocation Set 5.781ms
[110.417s][info][gc,phases   ] GC(96) Pause Relocate Start 0.007ms
[110.422s][info][gc,phases   ] GC(96) Concurrent Relocate 5.250ms
[110.422s][info][gc,load     ] GC(96) Load: 0.00/0.00/0.00
[110.422s][info][gc,mmu      ] GC(96) MMU: 2ms/98.6%, 5ms/99.5%, 10ms/99.6%, 20ms/99.8%, 50ms/99.9%, 100ms/99.9%
[110.422s][info][gc,marking  ] GC(96) Mark: 1 stripe(s), 2 proactive flush(es), 1 terminate flush(es), 0 completion(s), 0 continuation(s) 
[110.422s][info][gc,marking  ] GC(96) Mark Stack Usage: 32M
[110.422s][info][gc,nmethod  ] GC(96) NMethods: 1941 registered, 355 unregistered
[110.422s][info][gc,metaspace] GC(96) Metaspace: 9M used, 9M committed, 1088M reserved
[110.422s][info][gc,ref      ] GC(96) Soft: 214 encountered, 0 discovered, 0 enqueued
[110.422s][info][gc,ref      ] GC(96) Weak: 807 encountered, 189 discovered, 0 enqueued
[110.422s][info][gc,ref      ] GC(96) Final: 0 encountered, 0 discovered, 0 enqueued
[110.422s][info][gc,ref      ] GC(96) Phantom: 27 encountered, 14 discovered, 0 enqueued
[110.422s][info][gc,reloc    ] GC(96) Small Pages: 216 / 432M, Empty: 302M, Relocated: 2M, In-Place: 0
[110.422s][info][gc,reloc    ] GC(96) Medium Pages: 0 / 0M, Empty: 0M, Relocated: 0M, In-Place: 0
[110.422s][info][gc,reloc    ] GC(96) Large Pages: 0 / 0M, Empty: 0M, Relocated: 0M, In-Place: 0
[110.422s][info][gc,reloc    ] GC(96) Forwarding Usage: 1M
[110.422s][info][gc,heap     ] GC(96) Min Capacity: 8M(2%)
[110.422s][info][gc,heap     ] GC(96) Max Capacity: 512M(100%)
[110.422s][info][gc,heap     ] GC(96) Soft Max Capacity: 512M(100%)
[110.422s][info][gc,heap     ] GC(96)                Mark Start          Mark End        Relocate Start      Relocate End           High               Low         
[110.423s][info][gc,heap     ] GC(96)  Capacity:      512M (100%)        512M (100%)        512M (100%)        512M (100%)        512M (100%)        512M (100%)   
[110.423s][info][gc,heap     ] GC(96)      Free:       80M (16%)          70M (14%)         366M (71%)         486M (95%)         488M (95%)          66M (13%)    
[110.423s][info][gc,heap     ] GC(96)      Used:      432M (84%)         442M (86%)         146M (29%)          26M (5%)          446M (87%)          24M (5%)     
[110.423s][info][gc,heap     ] GC(96)      Live:         -                 6M (1%)            6M (1%)            6M (1%)             -                  -          
[110.423s][info][gc,heap     ] GC(96) Allocated:         -                10M (2%)           16M (3%)           17M (4%)             -                  -          
[110.423s][info][gc,heap     ] GC(96)   Garbage:         -               425M (83%)         123M (24%)           1M (0%)             -                  -          
[110.423s][info][gc,heap     ] GC(96) Reclaimed:         -                  -               302M (59%)         423M (83%)            -                  -          
[110.423s][info][gc          ] GC(96) Garbage Collection (Allocation Rate) 432M(84%)->26M(5%)
[111.688s][info][gc,start    ] GC(97) Garbage Collection (Allocation Rate)
[111.688s][info][gc,task     ] GC(97) Using 1 workers
[111.688s][info][gc,phases   ] GC(97) Pause Mark Start 0.018ms
[111.716s][info][gc,phases   ] GC(97) Concurrent Mark 27.712ms
[111.716s][info][gc,phases   ] GC(97) Pause Mark End 0.017ms
[111.717s][info][gc,phases   ] GC(97) Concurrent Mark Free 0.001ms
[111.724s][info][gc,phases   ] GC(97) Concurrent Process Non-Strong References 7.097ms
[111.724s][info][gc,phases   ] GC(97) Concurrent Reset Relocation Set 0.010ms
[111.728s][info][gc,phases   ] GC(97) Concurrent Select Relocation Set 4.063ms
[111.728s][info][gc,phases   ] GC(97) Pause Relocate Start 0.009ms
[111.733s][info][gc,phases   ] GC(97) Concurrent Relocate 5.051ms
[111.733s][info][gc,load     ] GC(97) Load: 0.00/0.00/0.00
[111.733s][info][gc,mmu      ] GC(97) MMU: 2ms/98.6%, 5ms/99.5%, 10ms/99.6%, 20ms/99.8%, 50ms/99.9%, 100ms/99.9%
[111.733s][info][gc,marking  ] GC(97) Mark: 1 stripe(s), 2 proactive flush(es), 1 terminate flush(es), 0 completion(s), 0 continuation(s) 
[111.733s][info][gc,marking  ] GC(97) Mark Stack Usage: 32M
[111.733s][info][gc,nmethod  ] GC(97) NMethods: 1941 registered, 355 unregistered
[111.733s][info][gc,metaspace] GC(97) Metaspace: 9M used, 9M committed, 1088M reserved
[111.733s][info][gc,ref      ] GC(97) Soft: 214 encountered, 0 discovered, 0 enqueued
[111.733s][info][gc,ref      ] GC(97) Weak: 807 encountered, 189 discovered, 0 enqueued
[111.733s][info][gc,ref      ] GC(97) Final: 0 encountered, 0 discovered, 0 enqueued
[111.733s][info][gc,ref      ] GC(97) Phantom: 27 encountered, 14 discovered, 0 enqueued
[111.733s][info][gc,reloc    ] GC(97) Small Pages: 213 / 426M, Empty: 288M, Relocated: 2M, In-Place: 0
[111.733s][info][gc,reloc    ] GC(97) Medium Pages: 0 / 0M, Empty: 0M, Relocated: 0M, In-Place: 0
[111.734s][info][gc,reloc    ] GC(97) Large Pages: 0 / 0M, Empty: 0M, Relocated: 0M, In-Place: 0
[111.734s][info][gc,reloc    ] GC(97) Forwarding Usage: 1M
[111.734s][info][gc,heap     ] GC(97) Min Capacity: 8M(2%)
[111.734s][info][gc,heap     ] GC(97) Max Capacity: 512M(100%)
[111.734s][info][gc,heap     ] GC(97) Soft Max Capacity: 512M(100%)
[111.734s][info][gc,heap     ] GC(97)                Mark Start          Mark End        Relocate Start      Relocate End           High               Low         
[111.734s][info][gc,heap     ] GC(97)  Capacity:      512M (100%)        512M (100%)        512M (100%)        512M (100%)        512M (100%)        512M (100%)   
[111.734s][info][gc,heap     ] GC(97)      Free:       86M (17%)          76M (15%)         360M (70%)         488M (95%)         488M (95%)          74M (14%)    
[111.734s][info][gc,heap     ] GC(97)      Used:      426M (83%)         436M (85%)         152M (30%)          24M (5%)          438M (86%)          24M (5%)     
[111.734s][info][gc,heap     ] GC(97)      Live:         -                 6M (1%)            6M (1%)            6M (1%)             -                  -          
[111.734s][info][gc,heap     ] GC(97) Allocated:         -                10M (2%)           14M (3%)           15M (3%)             -                  -          
[111.734s][info][gc,heap     ] GC(97)   Garbage:         -               419M (82%)         131M (26%)           1M (0%)             -                  -          
[111.734s][info][gc,heap     ] GC(97) Reclaimed:         -                  -               288M (56%)         417M (82%)            -                  -          
[111.734s][info][gc          ] GC(97) Garbage Collection (Allocation Rate) 426M(83%)->24M(5%)
[112.050s][info][gc,start    ] GC(98) Garbage Collection (System.gc())
[112.051s][info][gc,task     ] GC(98) Using 5 workers
[112.051s][info][gc,phases   ] GC(98) Pause Mark Start 0.017ms
[112.063s][info][gc,phases   ] GC(98) Concurrent Mark 12.231ms
[112.063s][info][gc,phases   ] GC(98) Pause Mark End 0.016ms
[112.063s][info][gc,phases   ] GC(98) Concurrent Mark Free 0.001ms
[112.065s][info][gc,phases   ] GC(98) Concurrent Process Non-Strong References 1.669ms
[112.065s][info][gc,phases   ] GC(98) Concurrent Reset Relocation Set 0.010ms
[112.069s][info][gc,phases   ] GC(98) Concurrent Select Relocation Set 3.872ms
[112.069s][info][gc,phases   ] GC(98) Pause Relocate Start 0.007ms
[112.071s][info][gc,phases   ] GC(98) Concurrent Relocate 1.611ms
[112.071s][info][gc,load     ] GC(98) Load: 0.00/0.00/0.00
[112.071s][info][gc,mmu      ] GC(98) MMU: 2ms/98.6%, 5ms/99.5%, 10ms/99.6%, 20ms/99.8%, 50ms/99.9%, 100ms/99.9%
[112.071s][info][gc,marking  ] GC(98) Mark: 4 stripe(s), 1 proactive flush(es), 1 terminate flush(es), 0 completion(s), 0 continuation(s) 
[112.071s][info][gc,marking  ] GC(98) Mark Stack Usage: 32M
[112.071s][info][gc,nmethod  ] GC(98) NMethods: 1942 registered, 355 unregistered
[112.071s][info][gc,metaspace] GC(98) Metaspace: 9M used, 9M committed, 1088M reserved
[112.071s][info][gc,ref      ] GC(98) Soft: 214 encountered, 0 discovered, 0 enqueued
[112.071s][info][gc,ref      ] GC(98) Weak: 807 encountered, 26 discovered, 0 enqueued
[112.071s][info][gc,ref      ] GC(98) Final: 0 encountered, 0 discovered, 0 enqueued
[112.071s][info][gc,ref      ] GC(98) Phantom: 27 encountered, 23 discovered, 0 enqueued
[112.071s][info][gc,reloc    ] GC(98) Small Pages: 61 / 122M, Empty: 108M, Relocated: 1M, In-Place: 0
[112.071s][info][gc,reloc    ] GC(98) Medium Pages: 0 / 0M, Empty: 0M, Relocated: 0M, In-Place: 0
[112.071s][info][gc,reloc    ] GC(98) Large Pages: 0 / 0M, Empty: 0M, Relocated: 0M, In-Place: 0
[112.071s][info][gc,reloc    ] GC(98) Forwarding Usage: 0M
[112.071s][info][gc,heap     ] GC(98) Min Capacity: 8M(2%)
[112.071s][info][gc,heap     ] GC(98) Max Capacity: 512M(100%)
[112.071s][info][gc,heap     ] GC(98) Soft Max Capacity: 512M(100%)
[112.071s][info][gc,heap     ] GC(98)                Mark Start          Mark End        Relocate Start      Relocate End           High               Low         
[112.071s][info][gc,heap     ] GC(98)  Capacity:      512M (100%)        512M (100%)        512M (100%)        512M (100%)        512M (100%)        512M (100%)   
[112.071s][info][gc,heap     ] GC(98)      Free:      390M (76%)         390M (76%)         498M (97%)         498M (97%)         498M (97%)         390M (76%)    
[112.071s][info][gc,heap     ] GC(98)      Used:      122M (24%)         122M (24%)          14M (3%)           14M (3%)          122M (24%)          14M (3%)     
[112.071s][info][gc,heap     ] GC(98)      Live:         -                 4M (1%)            4M (1%)            4M (1%)             -                  -          
[112.071s][info][gc,heap     ] GC(98) Allocated:         -                 0M (0%)            0M (0%)            0M (0%)             -                  -          
[112.071s][info][gc,heap     ] GC(98)   Garbage:         -               117M (23%)           9M (2%)            9M (2%)             -                  -          
[112.071s][info][gc,heap     ] GC(98) Reclaimed:         -                  -               108M (21%)         108M (21%)            -                  -          
[112.071s][info][gc          ] GC(98) Garbage Collection (System.gc()) 122M(24%)->14M(3%)
[113.376s][info][gc,start    ] GC(99) Garbage Collection (Allocation Rate)
[113.376s][info][gc,task     ] GC(99) Using 1 workers
[113.376s][info][gc,phases   ] GC(99) Pause Mark Start 0.018ms
[113.404s][info][gc,phases   ] GC(99) Concurrent Mark 27.654ms
[113.404s][info][gc,phases   ] GC(99) Pause Mark End 0.019ms
[113.404s][info][gc,phases   ] GC(99) Concurrent Mark Free 0.002ms
[113.411s][info][gc,phases   ] GC(99) Concurrent Process Non-Strong References 7.081ms
[113.412s][info][gc,phases   ] GC(99) Concurrent Reset Relocation Set 0.002ms
[113.417s][info][gc,phases   ] GC(99) Concurrent Select Relocation Set 5.436ms
[113.417s][info][gc,phases   ] GC(99) Pause Relocate Start 0.007ms
[113.422s][info][gc,phases   ] GC(99) Concurrent Relocate 5.038ms
[113.422s][info][gc,load     ] GC(99) Load: 0.00/0.00/0.00
[113.422s][info][gc,mmu      ] GC(99) MMU: 2ms/98.6%, 5ms/99.5%, 10ms/99.6%, 20ms/99.8%, 50ms/99.9%, 100ms/99.9%
[113.422s][info][gc,marking  ] GC(99) Mark: 1 stripe(s), 2 proactive flush(es), 1 terminate flush(es), 0 completion(s), 0 continuation(s) 
[113.422s][info][gc,marking  ] GC(99) Mark Stack Usage: 32M
[113.422s][info][gc,nmethod  ] GC(99) NMethods: 1942 registered, 355 unregistered
[113.422s][info][gc,metaspace] GC(99) Metaspace: 9M used, 9M committed, 1088M reserved
[113.423s][info][gc,ref      ] GC(99) Soft: 214 encountered, 0 discovered, 0 enqueued
[113.423s][info][gc,ref      ] GC(99) Weak: 807 encountered, 189 discovered, 0 enqueued
[113.423s][info][gc,ref      ] GC(99) Final: 0 encountered, 0 discovered, 0 enqueued
[113.423s][info][gc,ref      ] GC(99) Phantom: 27 encountered, 14 discovered, 0 enqueued
[113.423s][info][gc,reloc    ] GC(99) Small Pages: 215 / 430M, Empty: 252M, Relocated: 2M, In-Place: 0
[113.423s][info][gc,reloc    ] GC(99) Medium Pages: 0 / 0M, Empty: 0M, Relocated: 0M, In-Place: 0
[113.423s][info][gc,reloc    ] GC(99) Large Pages: 0 / 0M, Empty: 0M, Relocated: 0M, In-Place: 0
[113.423s][info][gc,reloc    ] GC(99) Forwarding Usage: 1M
[113.423s][info][gc,heap     ] GC(99) Min Capacity: 8M(2%)
[113.423s][info][gc,heap     ] GC(99) Max Capacity: 512M(100%)
[113.423s][info][gc,heap     ] GC(99) Soft Max Capacity: 512M(100%)
[113.423s][info][gc,heap     ] GC(99)                Mark Start          Mark End        Relocate Start      Relocate End           High               Low         
[113.423s][info][gc,heap     ] GC(99)  Capacity:      512M (100%)        512M (100%)        512M (100%)        512M (100%)        512M (100%)        512M (100%)   
[113.423s][info][gc,heap     ] GC(99)      Free:       82M (16%)          72M (14%)         320M (63%)         488M (95%)         488M (95%)          68M (13%)    
[113.423s][info][gc,heap     ] GC(99)      Used:      430M (84%)         440M (86%)         192M (38%)          24M (5%)          444M (87%)          24M (5%)     
[113.423s][info][gc,heap     ] GC(99)      Live:         -                 6M (1%)            6M (1%)            6M (1%)             -                  -          
[113.423s][info][gc,heap     ] GC(99) Allocated:         -                10M (2%)           14M (3%)           15M (3%)             -                  -          
[113.423s][info][gc,heap     ] GC(99)   Garbage:         -               423M (83%)         171M (34%)           1M (0%)             -                  -          
[113.423s][info][gc,heap     ] GC(99) Reclaimed:         -                  -               252M (49%)         421M (82%)            -                  -          
[113.423s][info][gc          ] GC(99) Garbage Collection (Allocation Rate) 430M(84%)->24M(5%)
[114.689s][info][gc,start    ] GC(100) Garbage Collection (Allocation Rate)
[114.690s][info][gc,task     ] GC(100) Using 1 workers
[114.690s][info][gc,phases   ] GC(100) Pause Mark Start 0.017ms
[114.719s][info][gc,phases   ] GC(100) Concurrent Mark 29.043ms
[114.719s][info][gc,phases   ] GC(100) Pause Mark End 0.018ms
[114.719s][info][gc,phases   ] GC(100) Concurrent Mark Free 0.001ms
[114.724s][info][gc,phases   ] GC(100) Concurrent Process Non-Strong References 5.167ms
[114.724s][info][gc,phases   ] GC(100) Concurrent Reset Relocation Set 0.012ms
[114.728s][info][gc,phases   ] GC(100) Concurrent Select Relocation Set 4.024ms
[114.729s][info][gc,phases   ] GC(100) Pause Relocate Start 0.009ms
[114.732s][info][gc,phases   ] GC(100) Concurrent Relocate 3.025ms
[114.732s][info][gc,load     ] GC(100) Load: 0.00/0.00/0.00
[114.732s][info][gc,mmu      ] GC(100) MMU: 2ms/98.6%, 5ms/99.5%, 10ms/99.6%, 20ms/99.8%, 50ms/99.9%, 100ms/99.9%
[114.732s][info][gc,marking  ] GC(100) Mark: 1 stripe(s), 2 proactive flush(es), 1 terminate flush(es), 0 completion(s), 0 continuation(s) 
[114.732s][info][gc,marking  ] GC(100) Mark Stack Usage: 32M
[114.732s][info][gc,nmethod  ] GC(100) NMethods: 1942 registered, 355 unregistered
[114.732s][info][gc,metaspace] GC(100) Metaspace: 9M used, 9M committed, 1088M reserved
[114.732s][info][gc,ref      ] GC(100) Soft: 214 encountered, 0 discovered, 0 enqueued
[114.732s][info][gc,ref      ] GC(100) Weak: 807 encountered, 189 discovered, 0 enqueued
[114.732s][info][gc,ref      ] GC(100) Final: 0 encountered, 0 discovered, 0 enqueued
[114.732s][info][gc,ref      ] GC(100) Phantom: 27 encountered, 14 discovered, 0 enqueued
[114.732s][info][gc,reloc    ] GC(100) Small Pages: 211 / 422M, Empty: 274M, Relocated: 1M, In-Place: 0
[114.732s][info][gc,reloc    ] GC(100) Medium Pages: 0 / 0M, Empty: 0M, Relocated: 0M, In-Place: 0
[114.732s][info][gc,reloc    ] GC(100) Large Pages: 0 / 0M, Empty: 0M, Relocated: 0M, In-Place: 0
[114.732s][info][gc,reloc    ] GC(100) Forwarding Usage: 0M
[114.732s][info][gc,heap     ] GC(100) Min Capacity: 8M(2%)
[114.732s][info][gc,heap     ] GC(100) Max Capacity: 512M(100%)
[114.732s][info][gc,heap     ] GC(100) Soft Max Capacity: 512M(100%)
[114.732s][info][gc,heap     ] GC(100)                Mark Start          Mark End        Relocate Start      Relocate End           High               Low         
[114.732s][info][gc,heap     ] GC(100)  Capacity:      512M (100%)        512M (100%)        512M (100%)        512M (100%)        512M (100%)        512M (100%)   
[114.732s][info][gc,heap     ] GC(100)      Free:       90M (18%)          78M (15%)         348M (68%)         488M (95%)         488M (95%)          76M (15%)    
[114.732s][info][gc,heap     ] GC(100)      Used:      422M (82%)         434M (85%)         164M (32%)          24M (5%)          436M (85%)          24M (5%)     
[114.732s][info][gc,heap     ] GC(100)      Live:         -                 6M (1%)            6M (1%)            6M (1%)             -                  -          
[114.732s][info][gc,heap     ] GC(100) Allocated:         -                12M (2%)           16M (3%)           15M (3%)             -                  -          
[114.732s][info][gc,heap     ] GC(100)   Garbage:         -               415M (81%)         141M (28%)           1M (0%)             -                  -          
[114.732s][info][gc,heap     ] GC(100) Reclaimed:         -                  -               274M (54%)         413M (81%)            -                  -          
[114.733s][info][gc          ] GC(100) Garbage Collection (Allocation Rate) 422M(82%)->24M(5%)
[115.784s][info][gc,start    ] GC(101) Garbage Collection (Proactive)
[115.784s][info][gc,task     ] GC(101) Using 5 workers
[115.785s][info][gc,phases   ] GC(101) Pause Mark Start 0.018ms
[115.800s][info][gc,phases   ] GC(101) Concurrent Mark 15.231ms
[115.800s][info][gc,phases   ] GC(101) Pause Mark End 0.020ms
[115.800s][info][gc,phases   ] GC(101) Concurrent Mark Free 0.001ms
[115.802s][info][gc,phases   ] GC(101) Concurrent Process Non-Strong References 1.664ms
[115.802s][info][gc,phases   ] GC(101) Concurrent Reset Relocation Set 0.011ms
[115.807s][info][gc,phases   ] GC(101) Concurrent Select Relocation Set 5.323ms
[115.808s][info][gc,phases   ] GC(101) Pause Relocate Start 0.009ms
[115.810s][info][gc,phases   ] GC(101) Concurrent Relocate 2.494ms
[115.810s][info][gc,load     ] GC(101) Load: 0.00/0.00/0.00
[115.810s][info][gc,mmu      ] GC(101) MMU: 2ms/98.6%, 5ms/99.5%, 10ms/99.6%, 20ms/99.8%, 50ms/99.9%, 100ms/99.9%
[115.810s][info][gc,marking  ] GC(101) Mark: 4 stripe(s), 2 proactive flush(es), 1 terminate flush(es), 0 completion(s), 0 continuation(s) 
[115.810s][info][gc,marking  ] GC(101) Mark Stack Usage: 32M
[115.810s][info][gc,nmethod  ] GC(101) NMethods: 1942 registered, 355 unregistered
[115.810s][info][gc,metaspace] GC(101) Metaspace: 9M used, 9M committed, 1088M reserved
[115.810s][info][gc,ref      ] GC(101) Soft: 214 encountered, 0 discovered, 0 enqueued
[115.810s][info][gc,ref      ] GC(101) Weak: 807 encountered, 270 discovered, 0 enqueued
[115.810s][info][gc,ref      ] GC(101) Final: 0 encountered, 0 discovered, 0 enqueued
[115.811s][info][gc,ref      ] GC(101) Phantom: 27 encountered, 22 discovered, 0 enqueued
[115.811s][info][gc,reloc    ] GC(101) Small Pages: 175 / 350M, Empty: 228M, Relocated: 2M, In-Place: 0
[115.811s][info][gc,reloc    ] GC(101) Medium Pages: 0 / 0M, Empty: 0M, Relocated: 0M, In-Place: 0
[115.811s][info][gc,reloc    ] GC(101) Large Pages: 0 / 0M, Empty: 0M, Relocated: 0M, In-Place: 0
[115.811s][info][gc,reloc    ] GC(101) Forwarding Usage: 0M
[115.811s][info][gc,heap     ] GC(101) Min Capacity: 8M(2%)
[115.811s][info][gc,heap     ] GC(101) Max Capacity: 512M(100%)
[115.811s][info][gc,heap     ] GC(101) Soft Max Capacity: 512M(100%)
[115.811s][info][gc,heap     ] GC(101)                Mark Start          Mark End        Relocate Start      Relocate End           High               Low         
[115.811s][info][gc,heap     ] GC(101)  Capacity:      512M (100%)        512M (100%)        512M (100%)        512M (100%)        512M (100%)        512M (100%)   
[115.811s][info][gc,heap     ] GC(101)      Free:      162M (32%)         156M (30%)         382M (75%)         488M (95%)         488M (95%)         154M (30%)    
[115.811s][info][gc,heap     ] GC(101)      Used:      350M (68%)         356M (70%)         130M (25%)          24M (5%)          358M (70%)          24M (5%)     
[115.811s][info][gc,heap     ] GC(101)      Live:         -                 6M (1%)            6M (1%)            6M (1%)             -                  -          
[115.811s][info][gc,heap     ] GC(101) Allocated:         -                 6M (1%)            8M (2%)            9M (2%)             -                  -          
[115.811s][info][gc,heap     ] GC(101)   Garbage:         -               343M (67%)         115M (23%)           7M (1%)             -                  -          
[115.811s][info][gc,heap     ] GC(101) Reclaimed:         -                  -               228M (45%)         335M (66%)            -                  -          
[115.811s][info][gc          ] GC(101) Garbage Collection (Proactive) 350M(68%)->24M(5%)
[116.983s][info][gc,start    ] GC(102) Garbage Collection (Allocation Rate)
[116.983s][info][gc,task     ] GC(102) Using 1 workers
[116.983s][info][gc,phases   ] GC(102) Pause Mark Start 0.017ms
[117.009s][info][gc,phases   ] GC(102) Concurrent Mark 25.739ms
[117.009s][info][gc,phases   ] GC(102) Pause Mark End 0.012ms
[117.009s][info][gc,phases   ] GC(102) Concurrent Mark Free 0.001ms
[117.014s][info][gc,phases   ] GC(102) Concurrent Process Non-Strong References 4.923ms
[117.014s][info][gc,phases   ] GC(102) Concurrent Reset Relocation Set 0.009ms
[117.018s][info][gc,phases   ] GC(102) Concurrent Select Relocation Set 3.903ms
[117.018s][info][gc,phases   ] GC(102) Pause Relocate Start 0.006ms
[117.022s][info][gc,phases   ] GC(102) Concurrent Relocate 4.333ms
[117.022s][info][gc,load     ] GC(102) Load: 0.00/0.00/0.00
[117.023s][info][gc,mmu      ] GC(102) MMU: 2ms/98.6%, 5ms/99.5%, 10ms/99.6%, 20ms/99.8%, 50ms/99.9%, 100ms/99.9%
[117.023s][info][gc,marking  ] GC(102) Mark: 1 stripe(s), 2 proactive flush(es), 1 terminate flush(es), 0 completion(s), 0 continuation(s) 
[117.023s][info][gc,marking  ] GC(102) Mark Stack Usage: 32M
[117.023s][info][gc,nmethod  ] GC(102) NMethods: 1942 registered, 355 unregistered
[117.023s][info][gc,metaspace] GC(102) Metaspace: 9M used, 9M committed, 1088M reserved
[117.023s][info][gc,ref      ] GC(102) Soft: 214 encountered, 0 discovered, 0 enqueued
[117.023s][info][gc,ref      ] GC(102) Weak: 807 encountered, 188 discovered, 0 enqueued
[117.023s][info][gc,ref      ] GC(102) Final: 0 encountered, 0 discovered, 0 enqueued
[117.023s][info][gc,ref      ] GC(102) Phantom: 27 encountered, 14 discovered, 0 enqueued
[117.023s][info][gc,reloc    ] GC(102) Small Pages: 199 / 398M, Empty: 344M, Relocated: 1M, In-Place: 0
[117.023s][info][gc,reloc    ] GC(102) Medium Pages: 0 / 0M, Empty: 0M, Relocated: 0M, In-Place: 0
[117.023s][info][gc,reloc    ] GC(102) Large Pages: 0 / 0M, Empty: 0M, Relocated: 0M, In-Place: 0
[117.023s][info][gc,reloc    ] GC(102) Forwarding Usage: 0M
[117.023s][info][gc,heap     ] GC(102) Min Capacity: 8M(2%)
[117.023s][info][gc,heap     ] GC(102) Max Capacity: 512M(100%)
[117.023s][info][gc,heap     ] GC(102) Soft Max Capacity: 512M(100%)
[117.023s][info][gc,heap     ] GC(102)                Mark Start          Mark End        Relocate Start      Relocate End           High               Low         
[117.023s][info][gc,heap     ] GC(102)  Capacity:      512M (100%)        512M (100%)        512M (100%)        512M (100%)        512M (100%)        512M (100%)   
[117.023s][info][gc,heap     ] GC(102)      Free:      114M (22%)         104M (20%)         444M (87%)         490M (96%)         490M (96%)         102M (20%)    
[117.023s][info][gc,heap     ] GC(102)      Used:      398M (78%)         408M (80%)          68M (13%)          22M (4%)          410M (80%)          22M (4%)     
[117.023s][info][gc,heap     ] GC(102)      Live:         -                 6M (1%)            6M (1%)            6M (1%)             -                  -          
[117.023s][info][gc,heap     ] GC(102) Allocated:         -                10M (2%)           14M (3%)           13M (3%)             -                  -          
[117.023s][info][gc,heap     ] GC(102)   Garbage:         -               391M (77%)          47M (9%)            1M (0%)             -                  -          
[117.023s][info][gc,heap     ] GC(102) Reclaimed:         -                  -               344M (67%)         389M (76%)            -                  -          
[117.023s][info][gc          ] GC(102) Garbage Collection (Allocation Rate) 398M(78%)->22M(4%)
[118.287s][info][gc,start    ] GC(103) Garbage Collection (Allocation Rate)
[118.287s][info][gc,task     ] GC(103) Using 2 workers
[118.287s][info][gc,phases   ] GC(103) Pause Mark Start 0.018ms
[118.318s][info][gc,phases   ] GC(103) Concurrent Mark 30.787ms
[118.318s][info][gc,phases   ] GC(103) Pause Mark End 0.018ms
[118.319s][info][gc,phases   ] GC(103) Concurrent Mark Free 0.001ms
[118.322s][info][gc,phases   ] GC(103) Concurrent Process Non-Strong References 3.747ms
[118.322s][info][gc,phases   ] GC(103) Concurrent Reset Relocation Set 0.005ms
[118.326s][info][gc,phases   ] GC(103) Concurrent Select Relocation Set 3.838ms
[118.326s][info][gc,phases   ] GC(103) Pause Relocate Start 0.006ms
[118.330s][info][gc,phases   ] GC(103) Concurrent Relocate 3.068ms
[118.330s][info][gc,load     ] GC(103) Load: 0.00/0.00/0.00
[118.330s][info][gc,mmu      ] GC(103) MMU: 2ms/98.6%, 5ms/99.5%, 10ms/99.6%, 20ms/99.8%, 50ms/99.9%, 100ms/99.9%
[118.330s][info][gc,marking  ] GC(103) Mark: 2 stripe(s), 2 proactive flush(es), 1 terminate flush(es), 0 completion(s), 0 continuation(s) 
[118.330s][info][gc,marking  ] GC(103) Mark Stack Usage: 32M
[118.330s][info][gc,nmethod  ] GC(103) NMethods: 1942 registered, 355 unregistered
[118.330s][info][gc,metaspace] GC(103) Metaspace: 9M used, 9M committed, 1088M reserved
[118.330s][info][gc,ref      ] GC(103) Soft: 214 encountered, 0 discovered, 0 enqueued
[118.330s][info][gc,ref      ] GC(103) Weak: 807 encountered, 24 discovered, 0 enqueued
[118.330s][info][gc,ref      ] GC(103) Final: 0 encountered, 0 discovered, 0 enqueued
[118.330s][info][gc,ref      ] GC(103) Phantom: 27 encountered, 14 discovered, 0 enqueued
[118.330s][info][gc,reloc    ] GC(103) Small Pages: 219 / 438M, Empty: 360M, Relocated: 1M, In-Place: 0
[118.330s][info][gc,reloc    ] GC(103) Medium Pages: 0 / 0M, Empty: 0M, Relocated: 0M, In-Place: 0
[118.330s][info][gc,reloc    ] GC(103) Large Pages: 0 / 0M, Empty: 0M, Relocated: 0M, In-Place: 0
[118.330s][info][gc,reloc    ] GC(103) Forwarding Usage: 0M
[118.330s][info][gc,heap     ] GC(103) Min Capacity: 8M(2%)
[118.330s][info][gc,heap     ] GC(103) Max Capacity: 512M(100%)
[118.330s][info][gc,heap     ] GC(103) Soft Max Capacity: 512M(100%)
[118.330s][info][gc,heap     ] GC(103)                Mark Start          Mark End        Relocate Start      Relocate End           High               Low         
[118.330s][info][gc,heap     ] GC(103)  Capacity:      512M (100%)        512M (100%)        512M (100%)        512M (100%)        512M (100%)        512M (100%)   
[118.330s][info][gc,heap     ] GC(103)      Free:       74M (14%)          62M (12%)         420M (82%)         488M (95%)         488M (95%)          62M (12%)    
[118.330s][info][gc,heap     ] GC(103)      Used:      438M (86%)         450M (88%)          92M (18%)          24M (5%)          450M (88%)          24M (5%)     
[118.330s][info][gc,heap     ] GC(103)      Live:         -                 6M (1%)            6M (1%)            6M (1%)             -                  -          
[118.330s][info][gc,heap     ] GC(103) Allocated:         -                12M (2%)           14M (3%)           13M (3%)             -                  -          
[118.330s][info][gc,heap     ] GC(103)   Garbage:         -               431M (84%)          71M (14%)           3M (1%)             -                  -          
[118.330s][info][gc,heap     ] GC(103) Reclaimed:         -                  -               360M (70%)         427M (84%)            -                  -          
[118.330s][info][gc          ] GC(103) Garbage Collection (Allocation Rate) 438M(86%)->24M(5%)
[118.921s][info][gc,start    ] GC(104) Garbage Collection (System.gc())
[118.921s][info][gc,task     ] GC(104) Using 5 workers
[118.921s][info][gc,phases   ] GC(104) Pause Mark Start 0.018ms
[118.935s][info][gc,phases   ] GC(104) Concurrent Mark 14.088ms
[118.935s][info][gc,phases   ] GC(104) Pause Mark End 0.017ms
[118.936s][info][gc,phases   ] GC(104) Concurrent Mark Free 0.001ms
[118.937s][info][gc,phases   ] GC(104) Concurrent Process Non-Strong References 1.619ms
[118.937s][info][gc,phases   ] GC(104) Concurrent Reset Relocation Set 0.006ms
[118.941s][info][gc,phases   ] GC(104) Concurrent Select Relocation Set 3.731ms
[118.941s][info][gc,phases   ] GC(104) Pause Relocate Start 0.009ms
[118.943s][info][gc,phases   ] GC(104) Concurrent Relocate 1.539ms
[118.943s][info][gc,load     ] GC(104) Load: 0.00/0.00/0.00
[118.943s][info][gc,mmu      ] GC(104) MMU: 2ms/98.6%, 5ms/99.5%, 10ms/99.6%, 20ms/99.8%, 50ms/99.9%, 100ms/99.9%
[118.943s][info][gc,marking  ] GC(104) Mark: 4 stripe(s), 1 proactive flush(es), 1 terminate flush(es), 0 completion(s), 0 continuation(s) 
[118.943s][info][gc,marking  ] GC(104) Mark Stack Usage: 32M
[118.943s][info][gc,nmethod  ] GC(104) NMethods: 1942 registered, 355 unregistered
[118.943s][info][gc,metaspace] GC(104) Metaspace: 9M used, 9M committed, 1088M reserved
[118.943s][info][gc,ref      ] GC(104) Soft: 214 encountered, 0 discovered, 0 enqueued
[118.943s][info][gc,ref      ] GC(104) Weak: 807 encountered, 59 discovered, 0 enqueued
[118.943s][info][gc,ref      ] GC(104) Final: 0 encountered, 0 discovered, 0 enqueued
[118.943s][info][gc,ref      ] GC(104) Phantom: 27 encountered, 23 discovered, 0 enqueued
[118.943s][info][gc,reloc    ] GC(104) Small Pages: 106 / 212M, Empty: 198M, Relocated: 1M, In-Place: 0
[118.943s][info][gc,reloc    ] GC(104) Medium Pages: 0 / 0M, Empty: 0M, Relocated: 0M, In-Place: 0
[118.943s][info][gc,reloc    ] GC(104) Large Pages: 0 / 0M, Empty: 0M, Relocated: 0M, In-Place: 0
[118.943s][info][gc,reloc    ] GC(104) Forwarding Usage: 0M
[118.943s][info][gc,heap     ] GC(104) Min Capacity: 8M(2%)
[118.943s][info][gc,heap     ] GC(104) Max Capacity: 512M(100%)
[118.943s][info][gc,heap     ] GC(104) Soft Max Capacity: 512M(100%)
[118.943s][info][gc,heap     ] GC(104)                Mark Start          Mark End        Relocate Start      Relocate End           High               Low         
[118.943s][info][gc,heap     ] GC(104)  Capacity:      512M (100%)        512M (100%)        512M (100%)        512M (100%)        512M (100%)        512M (100%)   
[118.943s][info][gc,heap     ] GC(104)      Free:      300M (59%)         300M (59%)         498M (97%)         498M (97%)         498M (97%)         300M (59%)    
[118.943s][info][gc,heap     ] GC(104)      Used:      212M (41%)         212M (41%)          14M (3%)           14M (3%)          212M (41%)          14M (3%)     
[118.943s][info][gc,heap     ] GC(104)      Live:         -                 4M (1%)            4M (1%)            4M (1%)             -                  -          
[118.943s][info][gc,heap     ] GC(104) Allocated:         -                 0M (0%)            0M (0%)            0M (0%)             -                  -          
[118.943s][info][gc,heap     ] GC(104)   Garbage:         -               207M (40%)           9M (2%)            9M (2%)             -                  -          
[118.943s][info][gc,heap     ] GC(104) Reclaimed:         -                  -               198M (39%)         198M (39%)            -                  -          
[118.944s][info][gc          ] GC(104) Garbage Collection (System.gc()) 212M(41%)->14M(3%)
[120.091s][info][gc,stats    ] === Garbage Collection Statistics =======================================================================================================================
[120.091s][info][gc,stats    ]                                                              Last 10s              Last 10m              Last 10h                Total
[120.091s][info][gc,stats    ]                                                              Avg / Max             Avg / Max             Avg / Max             Avg / Max
[120.091s][info][gc,stats    ]   Collector: Garbage Collection Cycle                     36.693 / 46.382       36.566 / 57.234       36.566 / 57.234       36.566 / 57.234      ms
[120.091s][info][gc,stats    ]  Contention: Mark Segment Reset Contention                     0 / 1                 0 / 4                 0 / 4                 0 / 4           ops/s
[120.091s][info][gc,stats    ]  Contention: Mark SeqNum Reset Contention                      0 / 1                 0 / 2                 0 / 2                 0 / 2           ops/s
[120.091s][info][gc,stats    ]    Critical: Allocation Stall                                  0 / 0                 0 / 0                 0 / 0                 0 / 0           ops/s
[120.091s][info][gc,stats    ]    Critical: Allocation Stall                              0.000 / 0.000         0.000 / 0.000         0.000 / 0.000         0.000 / 0.000       ms
[120.091s][info][gc,stats    ]    Critical: GC Locker Stall                                   0 / 0                 0 / 0                 0 / 0                 0 / 0           ops/s
[120.091s][info][gc,stats    ]    Critical: GC Locker Stall                               0.000 / 0.000         0.000 / 0.000         0.000 / 0.000         0.000 / 0.000       ms
[120.091s][info][gc,stats    ]    Critical: Relocation Stall                                  0 / 0                 0 / 0                 0 / 0                 0 / 0           ops/s
[120.092s][info][gc,stats    ]    Critical: Relocation Stall                              0.000 / 0.000         0.000 / 0.000         0.000 / 0.000         0.000 / 0.000       ms
[120.092s][info][gc,stats    ]      Memory: Allocation Rate                                 322 / 334             316 / 338             316 / 338             316 / 338         MB/s
[120.092s][info][gc,stats    ]      Memory: Defragment                                        0 / 0                 0 / 0                 0 / 0                 0 / 0           ops/s
[120.092s][info][gc,stats    ]      Memory: Out Of Memory                                     0 / 0                 0 / 0                 0 / 0                 0 / 0           ops/s
[120.092s][info][gc,stats    ]      Memory: Page Cache Flush                                  0 / 0                 0 / 0                 0 / 0                 0 / 0           MB/s
[120.092s][info][gc,stats    ]      Memory: Page Cache Hit L1                               163 / 171             159 / 174             159 / 174             159 / 174         ops/s
[120.092s][info][gc,stats    ]      Memory: Page Cache Hit L2                                 0 / 0                 0 / 0                 0 / 0                 0 / 0           ops/s
[120.092s][info][gc,stats    ]      Memory: Page Cache Hit L3                                 0 / 0                 1 / 77                1 / 77                1 / 77          ops/s
[120.092s][info][gc,stats    ]      Memory: Page Cache Miss                                   0 / 0                 0 / 1                 0 / 1                 0 / 1           ops/s
[120.092s][info][gc,stats    ]      Memory: Uncommit                                          0 / 0                 0 / 0                 0 / 0                 0 / 0           MB/s
[120.092s][info][gc,stats    ]      Memory: Undo Object Allocation Failed                     0 / 5                 0 / 6                 0 / 6                 0 / 6           ops/s
[120.092s][info][gc,stats    ]      Memory: Undo Object Allocation Succeeded                  1 / 5                 0 / 7                 0 / 7                 0 / 7           ops/s
[120.092s][info][gc,stats    ]      Memory: Undo Page Allocation                              2 / 8                 1 / 10                1 / 10                1 / 10          ops/s
[120.092s][info][gc,stats    ]       Phase: Concurrent Mark                              23.279 / 30.787       22.569 / 38.107       22.569 / 38.107       22.569 / 38.107      ms
[120.092s][info][gc,stats    ]       Phase: Concurrent Mark Continue                      0.000 / 0.000         0.000 / 0.000         0.000 / 0.000         0.000 / 0.000       ms
[120.092s][info][gc,stats    ]       Phase: Concurrent Mark Free                          0.001 / 0.002         0.001 / 0.002         0.001 / 0.002         0.001 / 0.002       ms
[120.092s][info][gc,stats    ]       Phase: Concurrent Process Non-Strong References      4.428 / 7.097         4.591 / 7.613         4.591 / 7.613         4.591 / 7.613       ms
[120.092s][info][gc,stats    ]       Phase: Concurrent Relocate                           3.490 / 5.250         3.775 / 8.950         3.775 / 8.950         3.775 / 8.950       ms
[120.092s][info][gc,stats    ]       Phase: Concurrent Reset Relocation Set               0.008 / 0.012         0.007 / 0.015         0.007 / 0.015         0.007 / 0.015       ms
[120.092s][info][gc,stats    ]       Phase: Concurrent Select Relocation Set              4.441 / 5.781         4.530 / 14.681        4.530 / 14.681        4.530 / 14.681      ms
[120.092s][info][gc,stats    ]       Phase: Pause Mark End                                0.017 / 0.020         0.017 / 0.021         0.017 / 0.021         0.017 / 0.021       ms
[120.092s][info][gc,stats    ]       Phase: Pause Mark Start                              0.018 / 0.018         0.017 / 0.027         0.017 / 0.027         0.017 / 0.027       ms
[120.092s][info][gc,stats    ]       Phase: Pause Relocate Start                          0.008 / 0.009         0.008 / 0.012         0.008 / 0.012         0.008 / 0.012       ms
[120.092s][info][gc,stats    ]    Subphase: Concurrent Classes Purge                      0.005 / 0.005         0.027 / 0.583         0.027 / 0.583         0.027 / 0.583       ms
[120.092s][info][gc,stats    ]    Subphase: Concurrent Classes Unlink                     3.555 / 5.906         3.723 / 5.906         3.723 / 5.906         3.723 / 5.906       ms
[120.092s][info][gc,stats    ]    Subphase: Concurrent Mark                              15.602 / 29.331       15.297 / 34.990       15.297 / 34.990       15.297 / 34.990      ms
[120.092s][info][gc,stats    ]    Subphase: Concurrent Mark Try Flush                     0.065 / 0.098         0.059 / 0.187         0.059 / 0.187         0.059 / 0.187       ms
[120.092s][info][gc,stats    ]    Subphase: Concurrent Mark Try Terminate                 3.512 / 14.933        3.375 / 16.135        3.375 / 16.135        3.375 / 16.135      ms
[120.093s][info][gc,stats    ]    Subphase: Concurrent References Enqueue                 0.000 / 0.001         0.001 / 0.005         0.001 / 0.005         0.001 / 0.005       ms
[120.093s][info][gc,stats    ]    Subphase: Concurrent References Process                 0.047 / 0.057         0.049 / 0.114         0.049 / 0.114         0.049 / 0.114       ms
[120.093s][info][gc,stats    ]    Subphase: Concurrent Roots ClassLoaderDataGraph         0.151 / 0.350         0.157 / 0.631         0.157 / 0.631         0.157 / 0.631       ms
[120.093s][info][gc,stats    ]    Subphase: Concurrent Roots CodeCache                    0.000 / 0.000         0.000 / 0.000         0.000 / 0.000         0.000 / 0.000       ms
[120.093s][info][gc,stats    ]    Subphase: Concurrent Roots JavaThreads                  0.992 / 2.206         0.927 / 2.289         0.927 / 2.289         0.927 / 2.289       ms
[120.093s][info][gc,stats    ]    Subphase: Concurrent Roots OopStorageSet                0.031 / 0.064         0.032 / 0.136         0.032 / 0.136         0.032 / 0.136       ms
[120.093s][info][gc,stats    ]    Subphase: Concurrent Weak Roots OopStorageSet           0.428 / 1.137         0.384 / 1.768         0.384 / 1.768         0.384 / 1.768       ms
[120.093s][info][gc,stats    ]    Subphase: Pause Mark Try Complete                       0.000 / 0.000         0.000 / 0.000         0.000 / 0.000         0.000 / 0.000       ms
[120.093s][info][gc,stats    ]      System: Java Threads                                     36 / 36               33 / 37               33 / 37               33 / 37          threads
[120.093s][info][gc,stats    ] =========================================================================================================================================================
[120.185s][info][gc,start    ] GC(105) Garbage Collection (Allocation Rate)
[120.185s][info][gc,task     ] GC(105) Using 1 workers
[120.185s][info][gc,phases   ] GC(105) Pause Mark Start 0.018ms
[120.211s][info][gc,phases   ] GC(105) Concurrent Mark 25.373ms
[120.211s][info][gc,phases   ] GC(105) Pause Mark End 0.019ms
[120.211s][info][gc,phases   ] GC(105) Concurrent Mark Free 0.001ms
[120.218s][info][gc,phases   ] GC(105) Concurrent Process Non-Strong References 7.050ms
[120.218s][info][gc,phases   ] GC(105) Concurrent Reset Relocation Set 0.001ms
[120.223s][info][gc,phases   ] GC(105) Concurrent Select Relocation Set 5.183ms
[120.223s][info][gc,phases   ] GC(105) Pause Relocate Start 0.010ms
[120.230s][info][gc,phases   ] GC(105) Concurrent Relocate 7.060ms
[120.231s][info][gc,load     ] GC(105) Load: 0.00/0.00/0.00
[120.231s][info][gc,mmu      ] GC(105) MMU: 2ms/98.6%, 5ms/99.5%, 10ms/99.6%, 20ms/99.8%, 50ms/99.9%, 100ms/99.9%
[120.231s][info][gc,marking  ] GC(105) Mark: 1 stripe(s), 2 proactive flush(es), 1 terminate flush(es), 0 completion(s), 0 continuation(s) 
[120.231s][info][gc,marking  ] GC(105) Mark Stack Usage: 32M
[120.231s][info][gc,nmethod  ] GC(105) NMethods: 1942 registered, 355 unregistered
[120.231s][info][gc,metaspace] GC(105) Metaspace: 9M used, 9M committed, 1088M reserved
[120.231s][info][gc,ref      ] GC(105) Soft: 214 encountered, 0 discovered, 0 enqueued
[120.231s][info][gc,ref      ] GC(105) Weak: 807 encountered, 188 discovered, 0 enqueued
[120.231s][info][gc,ref      ] GC(105) Final: 0 encountered, 0 discovered, 0 enqueued
[120.231s][info][gc,ref      ] GC(105) Phantom: 27 encountered, 14 discovered, 0 enqueued
[120.231s][info][gc,reloc    ] GC(105) Small Pages: 208 / 416M, Empty: 260M, Relocated: 2M, In-Place: 0
[120.231s][info][gc,reloc    ] GC(105) Medium Pages: 0 / 0M, Empty: 0M, Relocated: 0M, In-Place: 0
[120.231s][info][gc,reloc    ] GC(105) Large Pages: 0 / 0M, Empty: 0M, Relocated: 0M, In-Place: 0
[120.231s][info][gc,reloc    ] GC(105) Forwarding Usage: 1M
[120.231s][info][gc,heap     ] GC(105) Min Capacity: 8M(2%)
[120.231s][info][gc,heap     ] GC(105) Max Capacity: 512M(100%)
[120.231s][info][gc,heap     ] GC(105) Soft Max Capacity: 512M(100%)
[120.231s][info][gc,heap     ] GC(105)                Mark Start          Mark End        Relocate Start      Relocate End           High               Low         
[120.231s][info][gc,heap     ] GC(105)  Capacity:      512M (100%)        512M (100%)        512M (100%)        512M (100%)        512M (100%)        512M (100%)   
[120.231s][info][gc,heap     ] GC(105)      Free:       96M (19%)          86M (17%)         342M (67%)         488M (95%)         488M (95%)          84M (16%)    
[120.231s][info][gc,heap     ] GC(105)      Used:      416M (81%)         426M (83%)         170M (33%)          24M (5%)          428M (84%)          24M (5%)     
[120.231s][info][gc,heap     ] GC(105)      Live:         -                 6M (1%)            6M (1%)            6M (1%)             -                  -          
[120.231s][info][gc,heap     ] GC(105) Allocated:         -                10M (2%)           14M (3%)           15M (3%)             -                  -          
[120.231s][info][gc,heap     ] GC(105)   Garbage:         -               409M (80%)         149M (29%)           1M (0%)             -                  -          
[120.231s][info][gc,heap     ] GC(105) Reclaimed:         -                  -               260M (51%)         407M (80%)            -                  -          
[120.231s][info][gc          ] GC(105) Garbage Collection (Allocation Rate) 416M(81%)->24M(5%)
[121.488s][info][gc,start    ] GC(106) Garbage Collection (Allocation Rate)
[121.488s][info][gc,task     ] GC(106) Using 1 workers
[121.488s][info][gc,phases   ] GC(106) Pause Mark Start 0.019ms
[121.517s][info][gc,phases   ] GC(106) Concurrent Mark 28.389ms
[121.517s][info][gc,phases   ] GC(106) Pause Mark End 0.018ms
[121.517s][info][gc,phases   ] GC(106) Concurrent Mark Free 0.002ms
[121.522s][info][gc,phases   ] GC(106) Concurrent Process Non-Strong References 4.990ms
[121.522s][info][gc,phases   ] GC(106) Concurrent Reset Relocation Set 0.013ms
[121.526s][info][gc,phases   ] GC(106) Concurrent Select Relocation Set 4.016ms
[121.527s][info][gc,phases   ] GC(106) Pause Relocate Start 0.009ms
[121.531s][info][gc,phases   ] GC(106) Concurrent Relocate 4.639ms
[121.531s][info][gc,load     ] GC(106) Load: 0.00/0.00/0.00
[121.531s][info][gc,mmu      ] GC(106) MMU: 2ms/98.6%, 5ms/99.5%, 10ms/99.6%, 20ms/99.8%, 50ms/99.9%, 100ms/99.9%
[121.531s][info][gc,marking  ] GC(106) Mark: 1 stripe(s), 2 proactive flush(es), 1 terminate flush(es), 0 completion(s), 0 continuation(s) 
[121.532s][info][gc,marking  ] GC(106) Mark Stack Usage: 32M
[121.532s][info][gc,nmethod  ] GC(106) NMethods: 1942 registered, 355 unregistered
[121.532s][info][gc,metaspace] GC(106) Metaspace: 9M used, 9M committed, 1088M reserved
[121.532s][info][gc,ref      ] GC(106) Soft: 214 encountered, 0 discovered, 0 enqueued
[121.532s][info][gc,ref      ] GC(106) Weak: 807 encountered, 189 discovered, 0 enqueued
[121.532s][info][gc,ref      ] GC(106) Final: 0 encountered, 0 discovered, 0 enqueued
[121.532s][info][gc,ref      ] GC(106) Phantom: 27 encountered, 14 discovered, 0 enqueued
[121.532s][info][gc,reloc    ] GC(106) Small Pages: 214 / 428M, Empty: 310M, Relocated: 1M, In-Place: 0
[121.532s][info][gc,reloc    ] GC(106) Medium Pages: 0 / 0M, Empty: 0M, Relocated: 0M, In-Place: 0
[121.532s][info][gc,reloc    ] GC(106) Large Pages: 0 / 0M, Empty: 0M, Relocated: 0M, In-Place: 0
[121.532s][info][gc,reloc    ] GC(106) Forwarding Usage: 0M
[121.532s][info][gc,heap     ] GC(106) Min Capacity: 8M(2%)
[121.532s][info][gc,heap     ] GC(106) Max Capacity: 512M(100%)
[121.532s][info][gc,heap     ] GC(106) Soft Max Capacity: 512M(100%)
[121.532s][info][gc,heap     ] GC(106)                Mark Start          Mark End        Relocate Start      Relocate End           High               Low         
[121.532s][info][gc,heap     ] GC(106)  Capacity:      512M (100%)        512M (100%)        512M (100%)        512M (100%)        512M (100%)        512M (100%)   
[121.532s][info][gc,heap     ] GC(106)      Free:       84M (16%)          72M (14%)         378M (74%)         488M (95%)         488M (95%)          70M (14%)    
[121.532s][info][gc,heap     ] GC(106)      Used:      428M (84%)         440M (86%)         134M (26%)          24M (5%)          442M (86%)          24M (5%)     
[121.532s][info][gc,heap     ] GC(106)      Live:         -                 6M (1%)            6M (1%)            6M (1%)             -                  -          
[121.532s][info][gc,heap     ] GC(106) Allocated:         -                12M (2%)           16M (3%)           15M (3%)             -                  -          
[121.532s][info][gc,heap     ] GC(106)   Garbage:         -               421M (82%)         111M (22%)           1M (0%)             -                  -          
[121.532s][info][gc,heap     ] GC(106) Reclaimed:         -                  -               310M (61%)         419M (82%)            -                  -          
[121.532s][info][gc          ] GC(106) Garbage Collection (Allocation Rate) 428M(84%)->24M(5%)
[122.691s][info][gc,start    ] GC(107) Garbage Collection (Proactive)
[122.691s][info][gc,task     ] GC(107) Using 5 workers
[122.691s][info][gc,phases   ] GC(107) Pause Mark Start 0.017ms
[122.707s][info][gc,phases   ] GC(107) Concurrent Mark 15.163ms
[122.707s][info][gc,phases   ] GC(107) Pause Mark End 0.018ms
[122.707s][info][gc,phases   ] GC(107) Concurrent Mark Free 0.001ms
[122.709s][info][gc,phases   ] GC(107) Concurrent Process Non-Strong References 1.613ms
[122.709s][info][gc,phases   ] GC(107) Concurrent Reset Relocation Set 0.009ms
[122.713s][info][gc,phases   ] GC(107) Concurrent Select Relocation Set 3.833ms
[122.713s][info][gc,phases   ] GC(107) Pause Relocate Start 0.008ms
[122.715s][info][gc,phases   ] GC(107) Concurrent Relocate 2.159ms
[122.715s][info][gc,load     ] GC(107) Load: 0.00/0.00/0.00
[122.715s][info][gc,mmu      ] GC(107) MMU: 2ms/98.6%, 5ms/99.5%, 10ms/99.6%, 20ms/99.8%, 50ms/99.9%, 100ms/99.9%
[122.715s][info][gc,marking  ] GC(107) Mark: 4 stripe(s), 2 proactive flush(es), 1 terminate flush(es), 0 completion(s), 0 continuation(s) 
[122.715s][info][gc,marking  ] GC(107) Mark Stack Usage: 32M
[122.715s][info][gc,nmethod  ] GC(107) NMethods: 1942 registered, 355 unregistered
[122.715s][info][gc,metaspace] GC(107) Metaspace: 9M used, 9M committed, 1088M reserved
[122.715s][info][gc,ref      ] GC(107) Soft: 214 encountered, 0 discovered, 0 enqueued
[122.715s][info][gc,ref      ] GC(107) Weak: 807 encountered, 141 discovered, 0 enqueued
[122.715s][info][gc,ref      ] GC(107) Final: 0 encountered, 0 discovered, 0 enqueued
[122.715s][info][gc,ref      ] GC(107) Phantom: 27 encountered, 21 discovered, 0 enqueued
[122.715s][info][gc,reloc    ] GC(107) Small Pages: 196 / 392M, Empty: 302M, Relocated: 1M, In-Place: 0
[122.715s][info][gc,reloc    ] GC(107) Medium Pages: 0 / 0M, Empty: 0M, Relocated: 0M, In-Place: 0
[122.715s][info][gc,reloc    ] GC(107) Large Pages: 0 / 0M, Empty: 0M, Relocated: 0M, In-Place: 0
[122.715s][info][gc,reloc    ] GC(107) Forwarding Usage: 0M
[122.715s][info][gc,heap     ] GC(107) Min Capacity: 8M(2%)
[122.715s][info][gc,heap     ] GC(107) Max Capacity: 512M(100%)
[122.715s][info][gc,heap     ] GC(107) Soft Max Capacity: 512M(100%)
[122.715s][info][gc,heap     ] GC(107)                Mark Start          Mark End        Relocate Start      Relocate End           High               Low         
[122.716s][info][gc,heap     ] GC(107)  Capacity:      512M (100%)        512M (100%)        512M (100%)        512M (100%)        512M (100%)        512M (100%)   
[122.716s][info][gc,heap     ] GC(107)      Free:      120M (23%)         114M (22%)         414M (81%)         486M (95%)         486M (95%)         112M (22%)    
[122.716s][info][gc,heap     ] GC(107)      Used:      392M (77%)         398M (78%)          98M (19%)          26M (5%)          400M (78%)          26M (5%)     
[122.716s][info][gc,heap     ] GC(107)      Live:         -                 6M (1%)            6M (1%)            6M (1%)             -                  -          
[122.716s][info][gc,heap     ] GC(107) Allocated:         -                 6M (1%)            8M (2%)            9M (2%)             -                  -          
[122.716s][info][gc,heap     ] GC(107)   Garbage:         -               385M (75%)          83M (16%)           9M (2%)             -                  -          
[122.716s][info][gc,heap     ] GC(107) Reclaimed:         -                  -               302M (59%)         375M (73%)            -                  -          
[122.716s][info][gc          ] GC(107) Garbage Collection (Proactive) 392M(77%)->26M(5%)
[123.987s][info][gc,start    ] GC(108) Garbage Collection (Allocation Rate)
[123.987s][info][gc,task     ] GC(108) Using 1 workers
[123.987s][info][gc,phases   ] GC(108) Pause Mark Start 0.016ms
[124.012s][info][gc,phases   ] GC(108) Concurrent Mark 24.715ms
[124.012s][info][gc,phases   ] GC(108) Pause Mark End 0.016ms
[124.012s][info][gc,phases   ] GC(108) Concurrent Mark Free 0.002ms
[124.019s][info][gc,phases   ] GC(108) Concurrent Process Non-Strong References 6.988ms
[124.019s][info][gc,phases   ] GC(108) Concurrent Reset Relocation Set 0.008ms
[124.023s][info][gc,phases   ] GC(108) Concurrent Select Relocation Set 3.852ms
[124.023s][info][gc,phases   ] GC(108) Pause Relocate Start 0.009ms
[124.028s][info][gc,phases   ] GC(108) Concurrent Relocate 4.143ms
[124.028s][info][gc,load     ] GC(108) Load: 0.00/0.00/0.00
[124.028s][info][gc,mmu      ] GC(108) MMU: 2ms/98.6%, 5ms/99.5%, 10ms/99.6%, 20ms/99.8%, 50ms/99.9%, 100ms/99.9%
[124.028s][info][gc,marking  ] GC(108) Mark: 1 stripe(s), 2 proactive flush(es), 1 terminate flush(es), 0 completion(s), 0 continuation(s) 
[124.028s][info][gc,marking  ] GC(108) Mark Stack Usage: 32M
[124.028s][info][gc,nmethod  ] GC(108) NMethods: 1942 registered, 355 unregistered
[124.028s][info][gc,metaspace] GC(108) Metaspace: 9M used, 9M committed, 1088M reserved
[124.028s][info][gc,ref      ] GC(108) Soft: 214 encountered, 0 discovered, 0 enqueued
[124.028s][info][gc,ref      ] GC(108) Weak: 807 encountered, 188 discovered, 0 enqueued
[124.028s][info][gc,ref      ] GC(108) Final: 0 encountered, 0 discovered, 0 enqueued
[124.028s][info][gc,ref      ] GC(108) Phantom: 27 encountered, 14 discovered, 0 enqueued
[124.028s][info][gc,reloc    ] GC(108) Small Pages: 212 / 424M, Empty: 364M, Relocated: 1M, In-Place: 0
[124.028s][info][gc,reloc    ] GC(108) Medium Pages: 0 / 0M, Empty: 0M, Relocated: 0M, In-Place: 0
[124.028s][info][gc,reloc    ] GC(108) Large Pages: 0 / 0M, Empty: 0M, Relocated: 0M, In-Place: 0
[124.028s][info][gc,reloc    ] GC(108) Forwarding Usage: 0M
[124.028s][info][gc,heap     ] GC(108) Min Capacity: 8M(2%)
[124.028s][info][gc,heap     ] GC(108) Max Capacity: 512M(100%)
[124.028s][info][gc,heap     ] GC(108) Soft Max Capacity: 512M(100%)
[124.028s][info][gc,heap     ] GC(108)                Mark Start          Mark End        Relocate Start      Relocate End           High               Low         
[124.028s][info][gc,heap     ] GC(108)  Capacity:      512M (100%)        512M (100%)        512M (100%)        512M (100%)        512M (100%)        512M (100%)   
[124.028s][info][gc,heap     ] GC(108)      Free:       88M (17%)          78M (15%)         438M (86%)         490M (96%)         490M (96%)          76M (15%)    
[124.028s][info][gc,heap     ] GC(108)      Used:      424M (83%)         434M (85%)          74M (14%)          22M (4%)          436M (85%)          22M (4%)     
[124.028s][info][gc,heap     ] GC(108)      Live:         -                 6M (1%)            6M (1%)            6M (1%)             -                  -          
[124.028s][info][gc,heap     ] GC(108) Allocated:         -                10M (2%)           14M (3%)           13M (3%)             -                  -          
[124.028s][info][gc,heap     ] GC(108)   Garbage:         -               417M (82%)          53M (10%)           1M (0%)             -                  -          
[124.029s][info][gc,heap     ] GC(108) Reclaimed:         -                  -               364M (71%)         415M (81%)            -                  -          
[124.029s][info][gc          ] GC(108) Garbage Collection (Allocation Rate) 424M(83%)->22M(4%)
[125.282s][info][gc,start    ] GC(109) Garbage Collection (Allocation Rate)
[125.282s][info][gc,task     ] GC(109) Using 1 workers
[125.282s][info][gc,phases   ] GC(109) Pause Mark Start 0.016ms
[125.310s][info][gc,phases   ] GC(109) Concurrent Mark 27.573ms
[125.310s][info][gc,phases   ] GC(109) Pause Mark End 0.018ms
[125.310s][info][gc,phases   ] GC(109) Concurrent Mark Free 0.002ms
[125.317s][info][gc,phases   ] GC(109) Concurrent Process Non-Strong References 7.011ms
[125.317s][info][gc,phases   ] GC(109) Concurrent Reset Relocation Set 0.005ms
[125.321s][info][gc,phases   ] GC(109) Concurrent Select Relocation Set 3.778ms
[125.321s][info][gc,phases   ] GC(109) Pause Relocate Start 0.007ms
[125.324s][info][gc,phases   ] GC(109) Concurrent Relocate 2.965ms
[125.324s][info][gc,load     ] GC(109) Load: 0.00/0.00/0.00
[125.325s][info][gc,mmu      ] GC(109) MMU: 2ms/98.6%, 5ms/99.5%, 10ms/99.6%, 20ms/99.8%, 50ms/99.9%, 100ms/99.9%
[125.325s][info][gc,marking  ] GC(109) Mark: 1 stripe(s), 2 proactive flush(es), 1 terminate flush(es), 0 completion(s), 0 continuation(s) 
[125.325s][info][gc,marking  ] GC(109) Mark Stack Usage: 32M
[125.325s][info][gc,nmethod  ] GC(109) NMethods: 1943 registered, 355 unregistered
[125.325s][info][gc,metaspace] GC(109) Metaspace: 9M used, 9M committed, 1088M reserved
[125.325s][info][gc,ref      ] GC(109) Soft: 214 encountered, 0 discovered, 0 enqueued
[125.325s][info][gc,ref      ] GC(109) Weak: 807 encountered, 189 discovered, 0 enqueued
[125.325s][info][gc,ref      ] GC(109) Final: 0 encountered, 0 discovered, 0 enqueued
[125.325s][info][gc,ref      ] GC(109) Phantom: 27 encountered, 14 discovered, 0 enqueued
[125.325s][info][gc,reloc    ] GC(109) Small Pages: 210 / 420M, Empty: 326M, Relocated: 1M, In-Place: 0
[125.325s][info][gc,reloc    ] GC(109) Medium Pages: 0 / 0M, Empty: 0M, Relocated: 0M, In-Place: 0
[125.325s][info][gc,reloc    ] GC(109) Large Pages: 0 / 0M, Empty: 0M, Relocated: 0M, In-Place: 0
[125.325s][info][gc,reloc    ] GC(109) Forwarding Usage: 0M
[125.325s][info][gc,heap     ] GC(109) Min Capacity: 8M(2%)
[125.325s][info][gc,heap     ] GC(109) Max Capacity: 512M(100%)
[125.325s][info][gc,heap     ] GC(109) Soft Max Capacity: 512M(100%)
[125.325s][info][gc,heap     ] GC(109)                Mark Start          Mark End        Relocate Start      Relocate End           High               Low         
[125.325s][info][gc,heap     ] GC(109)  Capacity:      512M (100%)        512M (100%)        512M (100%)        512M (100%)        512M (100%)        512M (100%)   
[125.325s][info][gc,heap     ] GC(109)      Free:       92M (18%)          82M (16%)         404M (79%)         488M (95%)         488M (95%)          78M (15%)    
[125.325s][info][gc,heap     ] GC(109)      Used:      420M (82%)         430M (84%)         108M (21%)          24M (5%)          434M (85%)          24M (5%)     
[125.325s][info][gc,heap     ] GC(109)      Live:         -                 6M (1%)            6M (1%)            6M (1%)             -                  -          
[125.325s][info][gc,heap     ] GC(109) Allocated:         -                10M (2%)           14M (3%)           15M (3%)             -                  -          
[125.325s][info][gc,heap     ] GC(109)   Garbage:         -               413M (81%)          87M (17%)           1M (0%)             -                  -          
[125.325s][info][gc,heap     ] GC(109) Reclaimed:         -                  -               326M (64%)         411M (80%)            -                  -          
[125.325s][info][gc          ] GC(109) Garbage Collection (Allocation Rate) 420M(82%)->24M(5%)
[125.782s][info][gc,start    ] GC(110) Garbage Collection (System.gc())
[125.782s][info][gc,task     ] GC(110) Using 5 workers
[125.782s][info][gc,phases   ] GC(110) Pause Mark Start 0.016ms
[125.789s][info][gc,phases   ] GC(110) Concurrent Mark 7.179ms
[125.789s][info][gc,phases   ] GC(110) Pause Mark End 0.017ms
[125.789s][info][gc,phases   ] GC(110) Concurrent Mark Free 0.001ms
[125.791s][info][gc,phases   ] GC(110) Concurrent Process Non-Strong References 1.664ms
[125.791s][info][gc,phases   ] GC(110) Concurrent Reset Relocation Set 0.006ms
[125.795s][info][gc,phases   ] GC(110) Concurrent Select Relocation Set 3.716ms
[125.795s][info][gc,phases   ] GC(110) Pause Relocate Start 0.009ms
[125.797s][info][gc,phases   ] GC(110) Concurrent Relocate 1.698ms
[125.797s][info][gc,load     ] GC(110) Load: 0.00/0.00/0.00
[125.797s][info][gc,mmu      ] GC(110) MMU: 2ms/98.6%, 5ms/99.5%, 10ms/99.6%, 20ms/99.8%, 50ms/99.9%, 100ms/99.9%
[125.797s][info][gc,marking  ] GC(110) Mark: 4 stripe(s), 1 proactive flush(es), 1 terminate flush(es), 0 completion(s), 0 continuation(s) 
[125.797s][info][gc,marking  ] GC(110) Mark Stack Usage: 32M
[125.797s][info][gc,nmethod  ] GC(110) NMethods: 1944 registered, 355 unregistered
[125.797s][info][gc,metaspace] GC(110) Metaspace: 9M used, 9M committed, 1088M reserved
[125.797s][info][gc,ref      ] GC(110) Soft: 214 encountered, 0 discovered, 0 enqueued
[125.797s][info][gc,ref      ] GC(110) Weak: 807 encountered, 226 discovered, 0 enqueued
[125.797s][info][gc,ref      ] GC(110) Final: 0 encountered, 0 discovered, 0 enqueued
[125.797s][info][gc,ref      ] GC(110) Phantom: 27 encountered, 21 discovered, 0 enqueued
[125.797s][info][gc,reloc    ] GC(110) Small Pages: 83 / 166M, Empty: 152M, Relocated: 1M, In-Place: 0
[125.797s][info][gc,reloc    ] GC(110) Medium Pages: 0 / 0M, Empty: 0M, Relocated: 0M, In-Place: 0
[125.797s][info][gc,reloc    ] GC(110) Large Pages: 0 / 0M, Empty: 0M, Relocated: 0M, In-Place: 0
[125.797s][info][gc,reloc    ] GC(110) Forwarding Usage: 0M
[125.797s][info][gc,heap     ] GC(110) Min Capacity: 8M(2%)
[125.797s][info][gc,heap     ] GC(110) Max Capacity: 512M(100%)
[125.797s][info][gc,heap     ] GC(110) Soft Max Capacity: 512M(100%)
[125.797s][info][gc,heap     ] GC(110)                Mark Start          Mark End        Relocate Start      Relocate End           High               Low         
[125.797s][info][gc,heap     ] GC(110)  Capacity:      512M (100%)        512M (100%)        512M (100%)        512M (100%)        512M (100%)        512M (100%)   
[125.797s][info][gc,heap     ] GC(110)      Free:      346M (68%)         346M (68%)         498M (97%)         498M (97%)         498M (97%)         346M (68%)    
[125.797s][info][gc,heap     ] GC(110)      Used:      166M (32%)         166M (32%)          14M (3%)           14M (3%)          166M (32%)          14M (3%)     
[125.797s][info][gc,heap     ] GC(110)      Live:         -                 4M (1%)            4M (1%)            4M (1%)             -                  -          
[125.797s][info][gc,heap     ] GC(110) Allocated:         -                 0M (0%)            0M (0%)            0M (0%)             -                  -          
[125.797s][info][gc,heap     ] GC(110)   Garbage:         -               161M (31%)           9M (2%)            9M (2%)             -                  -          
[125.797s][info][gc,heap     ] GC(110) Reclaimed:         -                  -               152M (30%)         152M (30%)            -                  -          
[125.797s][info][gc          ] GC(110) Garbage Collection (System.gc()) 166M(32%)->14M(3%)
[126.881s][info][gc,start    ] GC(111) Garbage Collection (Proactive)
[126.881s][info][gc,task     ] GC(111) Using 5 workers
[126.882s][info][gc,phases   ] GC(111) Pause Mark Start 0.018ms
[126.897s][info][gc,phases   ] GC(111) Concurrent Mark 15.173ms
[126.897s][info][gc,phases   ] GC(111) Pause Mark End 0.021ms
[126.897s][info][gc,phases   ] GC(111) Concurrent Mark Free 0.001ms
[126.899s][info][gc,phases   ] GC(111) Concurrent Process Non-Strong References 1.587ms
[126.899s][info][gc,phases   ] GC(111) Concurrent Reset Relocation Set 0.001ms
[126.904s][info][gc,phases   ] GC(111) Concurrent Select Relocation Set 5.017ms
[126.904s][info][gc,phases   ] GC(111) Pause Relocate Start 0.009ms
[126.907s][info][gc,phases   ] GC(111) Concurrent Relocate 2.309ms
[126.907s][info][gc,load     ] GC(111) Load: 0.00/0.00/0.00
[126.907s][info][gc,mmu      ] GC(111) MMU: 2ms/98.6%, 5ms/99.5%, 10ms/99.6%, 20ms/99.8%, 50ms/99.9%, 100ms/99.9%
[126.907s][info][gc,marking  ] GC(111) Mark: 4 stripe(s), 2 proactive flush(es), 1 terminate flush(es), 0 completion(s), 0 continuation(s) 
[126.907s][info][gc,marking  ] GC(111) Mark Stack Usage: 32M
[126.907s][info][gc,nmethod  ] GC(111) NMethods: 1945 registered, 357 unregistered
[126.907s][info][gc,metaspace] GC(111) Metaspace: 9M used, 9M committed, 1088M reserved
[126.907s][info][gc,ref      ] GC(111) Soft: 214 encountered, 0 discovered, 0 enqueued
[126.907s][info][gc,ref      ] GC(111) Weak: 807 encountered, 12 discovered, 0 enqueued
[126.907s][info][gc,ref      ] GC(111) Final: 0 encountered, 0 discovered, 0 enqueued
[126.907s][info][gc,ref      ] GC(111) Phantom: 27 encountered, 21 discovered, 0 enqueued
[126.907s][info][gc,reloc    ] GC(111) Small Pages: 181 / 362M, Empty: 188M, Relocated: 2M, In-Place: 0
[126.907s][info][gc,reloc    ] GC(111) Medium Pages: 0 / 0M, Empty: 0M, Relocated: 0M, In-Place: 0
[126.907s][info][gc,reloc    ] GC(111) Large Pages: 0 / 0M, Empty: 0M, Relocated: 0M, In-Place: 0
[126.907s][info][gc,reloc    ] GC(111) Forwarding Usage: 1M
[126.907s][info][gc,heap     ] GC(111) Min Capacity: 8M(2%)
[126.907s][info][gc,heap     ] GC(111) Max Capacity: 512M(100%)
[126.907s][info][gc,heap     ] GC(111) Soft Max Capacity: 512M(100%)
[126.907s][info][gc,heap     ] GC(111)                Mark Start          Mark End        Relocate Start      Relocate End           High               Low         
[126.907s][info][gc,heap     ] GC(111)  Capacity:      512M (100%)        512M (100%)        512M (100%)        512M (100%)        512M (100%)        512M (100%)   
[126.907s][info][gc,heap     ] GC(111)      Free:      150M (29%)         144M (28%)         328M (64%)         488M (95%)         488M (95%)         142M (28%)    
[126.907s][info][gc,heap     ] GC(111)      Used:      362M (71%)         368M (72%)         184M (36%)          24M (5%)          370M (72%)          24M (5%)     
[126.907s][info][gc,heap     ] GC(111)      Live:         -                 6M (1%)            6M (1%)            6M (1%)             -                  -          
[126.907s][info][gc,heap     ] GC(111) Allocated:         -                 6M (1%)           10M (2%)            9M (2%)             -                  -          
[126.907s][info][gc,heap     ] GC(111)   Garbage:         -               355M (69%)         167M (33%)           7M (1%)             -                  -          
[126.907s][info][gc,heap     ] GC(111) Reclaimed:         -                  -               188M (37%)         347M (68%)            -                  -          
[126.907s][info][gc          ] GC(111) Garbage Collection (Proactive) 362M(71%)->24M(5%)
[128.083s][info][gc,start    ] GC(112) Garbage Collection (Allocation Rate)
[128.083s][info][gc,task     ] GC(112) Using 1 workers
[128.083s][info][gc,phases   ] GC(112) Pause Mark Start 0.017ms
[128.111s][info][gc,phases   ] GC(112) Concurrent Mark 27.771ms
[128.111s][info][gc,phases   ] GC(112) Pause Mark End 0.017ms
[128.111s][info][gc,phases   ] GC(112) Concurrent Mark Free 0.001ms
[128.118s][info][gc,phases   ] GC(112) Concurrent Process Non-Strong References 7.133ms
[128.118s][info][gc,phases   ] GC(112) Concurrent Reset Relocation Set 0.012ms
[128.122s][info][gc,phases   ] GC(112) Concurrent Select Relocation Set 3.973ms
[128.123s][info][gc,phases   ] GC(112) Pause Relocate Start 0.008ms
[128.127s][info][gc,phases   ] GC(112) Concurrent Relocate 4.670ms
[128.127s][info][gc,load     ] GC(112) Load: 0.00/0.00/0.00
[128.127s][info][gc,mmu      ] GC(112) MMU: 2ms/98.6%, 5ms/99.5%, 10ms/99.6%, 20ms/99.8%, 50ms/99.9%, 100ms/99.9%
[128.127s][info][gc,marking  ] GC(112) Mark: 1 stripe(s), 2 proactive flush(es), 1 terminate flush(es), 0 completion(s), 0 continuation(s) 
[128.127s][info][gc,marking  ] GC(112) Mark Stack Usage: 32M
[128.127s][info][gc,nmethod  ] GC(112) NMethods: 1945 registered, 357 unregistered
[128.128s][info][gc,metaspace] GC(112) Metaspace: 9M used, 9M committed, 1088M reserved
[128.128s][info][gc,ref      ] GC(112) Soft: 214 encountered, 0 discovered, 0 enqueued
[128.128s][info][gc,ref      ] GC(112) Weak: 807 encountered, 189 discovered, 0 enqueued
[128.128s][info][gc,ref      ] GC(112) Final: 0 encountered, 0 discovered, 0 enqueued
[128.128s][info][gc,ref      ] GC(112) Phantom: 27 encountered, 14 discovered, 0 enqueued
[128.128s][info][gc,reloc    ] GC(112) Small Pages: 200 / 400M, Empty: 314M, Relocated: 2M, In-Place: 0
[128.128s][info][gc,reloc    ] GC(112) Medium Pages: 0 / 0M, Empty: 0M, Relocated: 0M, In-Place: 0
[128.128s][info][gc,reloc    ] GC(112) Large Pages: 0 / 0M, Empty: 0M, Relocated: 0M, In-Place: 0
[128.128s][info][gc,reloc    ] GC(112) Forwarding Usage: 1M
[128.128s][info][gc,heap     ] GC(112) Min Capacity: 8M(2%)
[128.128s][info][gc,heap     ] GC(112) Max Capacity: 512M(100%)
[128.128s][info][gc,heap     ] GC(112) Soft Max Capacity: 512M(100%)
[128.128s][info][gc,heap     ] GC(112)                Mark Start          Mark End        Relocate Start      Relocate End           High               Low         
[128.128s][info][gc,heap     ] GC(112)  Capacity:      512M (100%)        512M (100%)        512M (100%)        512M (100%)        512M (100%)        512M (100%)   
[128.128s][info][gc,heap     ] GC(112)      Free:      112M (22%)         100M (20%)         412M (80%)         488M (95%)         488M (95%)          98M (19%)    
[128.128s][info][gc,heap     ] GC(112)      Used:      400M (78%)         412M (80%)         100M (20%)          24M (5%)          414M (81%)          24M (5%)     
[128.128s][info][gc,heap     ] GC(112)      Live:         -                 6M (1%)            6M (1%)            6M (1%)             -                  -          
[128.128s][info][gc,heap     ] GC(112) Allocated:         -                12M (2%)           14M (3%)           15M (3%)             -                  -          
[128.128s][info][gc,heap     ] GC(112)   Garbage:         -               393M (77%)          79M (16%)           1M (0%)             -                  -          
[128.128s][info][gc,heap     ] GC(112) Reclaimed:         -                  -               314M (61%)         391M (77%)            -                  -          
[128.128s][info][gc          ] GC(112) Garbage Collection (Allocation Rate) 400M(78%)->24M(5%)
[129.378s][info][gc,start    ] GC(113) Garbage Collection (Allocation Rate)
[129.378s][info][gc,task     ] GC(113) Using 1 workers
[129.378s][info][gc,phases   ] GC(113) Pause Mark Start 0.016ms
[129.407s][info][gc,phases   ] GC(113) Concurrent Mark 28.476ms
[129.407s][info][gc,phases   ] GC(113) Pause Mark End 0.019ms
[129.407s][info][gc,phases   ] GC(113) Concurrent Mark Free 0.001ms
[129.412s][info][gc,phases   ] GC(113) Concurrent Process Non-Strong References 4.844ms
[129.412s][info][gc,phases   ] GC(113) Concurrent Reset Relocation Set 0.007ms
[129.418s][info][gc,phases   ] GC(113) Concurrent Select Relocation Set 5.673ms
[129.418s][info][gc,phases   ] GC(113) Pause Relocate Start 0.012ms
[129.426s][info][gc,phases   ] GC(113) Concurrent Relocate 7.332ms
[129.426s][info][gc,load     ] GC(113) Load: 0.00/0.00/0.00
[129.426s][info][gc,mmu      ] GC(113) MMU: 2ms/98.6%, 5ms/99.5%, 10ms/99.6%, 20ms/99.8%, 50ms/99.9%, 100ms/99.9%
[129.426s][info][gc,marking  ] GC(113) Mark: 1 stripe(s), 2 proactive flush(es), 1 terminate flush(es), 0 completion(s), 0 continuation(s) 
[129.426s][info][gc,marking  ] GC(113) Mark Stack Usage: 32M
[129.426s][info][gc,nmethod  ] GC(113) NMethods: 1945 registered, 357 unregistered
[129.426s][info][gc,metaspace] GC(113) Metaspace: 9M used, 9M committed, 1088M reserved
[129.426s][info][gc,ref      ] GC(113) Soft: 214 encountered, 0 discovered, 0 enqueued
[129.426s][info][gc,ref      ] GC(113) Weak: 807 encountered, 189 discovered, 0 enqueued
[129.426s][info][gc,ref      ] GC(113) Final: 0 encountered, 0 discovered, 0 enqueued
[129.426s][info][gc,ref      ] GC(113) Phantom: 27 encountered, 14 discovered, 0 enqueued
[129.426s][info][gc,reloc    ] GC(113) Small Pages: 207 / 414M, Empty: 250M, Relocated: 2M, In-Place: 0
[129.426s][info][gc,reloc    ] GC(113) Medium Pages: 0 / 0M, Empty: 0M, Relocated: 0M, In-Place: 0
[129.426s][info][gc,reloc    ] GC(113) Large Pages: 0 / 0M, Empty: 0M, Relocated: 0M, In-Place: 0
[129.426s][info][gc,reloc    ] GC(113) Forwarding Usage: 1M
[129.426s][info][gc,heap     ] GC(113) Min Capacity: 8M(2%)
[129.426s][info][gc,heap     ] GC(113) Max Capacity: 512M(100%)
[129.426s][info][gc,heap     ] GC(113) Soft Max Capacity: 512M(100%)
[129.426s][info][gc,heap     ] GC(113)                Mark Start          Mark End        Relocate Start      Relocate End           High               Low         
[129.426s][info][gc,heap     ] GC(113)  Capacity:      512M (100%)        512M (100%)        512M (100%)        512M (100%)        512M (100%)        512M (100%)   
[129.426s][info][gc,heap     ] GC(113)      Free:       98M (19%)          88M (17%)         334M (65%)         488M (95%)         488M (95%)          86M (17%)    
[129.426s][info][gc,heap     ] GC(113)      Used:      414M (81%)         424M (83%)         178M (35%)          24M (5%)          426M (83%)          24M (5%)     
[129.426s][info][gc,heap     ] GC(113)      Live:         -                 6M (1%)            6M (1%)            6M (1%)             -                  -          
[129.426s][info][gc,heap     ] GC(113) Allocated:         -                10M (2%)           14M (3%)           15M (3%)             -                  -          
[129.426s][info][gc,heap     ] GC(113)   Garbage:         -               407M (80%)         157M (31%)           1M (0%)             -                  -          
[129.426s][info][gc,heap     ] GC(113) Reclaimed:         -                  -               250M (49%)         405M (79%)            -                  -          
[129.426s][info][gc          ] GC(113) Garbage Collection (Allocation Rate) 414M(81%)->24M(5%)
[130.088s][info][gc,stats    ] === Garbage Collection Statistics =======================================================================================================================
[130.088s][info][gc,stats    ]                                                              Last 10s              Last 10m              Last 10h                Total
[130.088s][info][gc,stats    ]                                                              Avg / Max             Avg / Max             Avg / Max             Avg / Max
[130.088s][info][gc,stats    ]   Collector: Garbage Collection Cycle                     36.529 / 47.505       36.563 / 57.234       36.563 / 57.234       36.563 / 57.234      ms
[130.089s][info][gc,stats    ]  Contention: Mark Segment Reset Contention                     0 / 2                 0 / 4                 0 / 4                 0 / 4           ops/s
[130.089s][info][gc,stats    ]  Contention: Mark SeqNum Reset Contention                      0 / 1                 0 / 2                 0 / 2                 0 / 2           ops/s
[130.089s][info][gc,stats    ]    Critical: Allocation Stall                                  0 / 0                 0 / 0                 0 / 0                 0 / 0           ops/s
[130.089s][info][gc,stats    ]    Critical: Allocation Stall                              0.000 / 0.000         0.000 / 0.000         0.000 / 0.000         0.000 / 0.000       ms
[130.089s][info][gc,stats    ]    Critical: GC Locker Stall                                   0 / 0                 0 / 0                 0 / 0                 0 / 0           ops/s
[130.089s][info][gc,stats    ]    Critical: GC Locker Stall                               0.000 / 0.000         0.000 / 0.000         0.000 / 0.000         0.000 / 0.000       ms
[130.089s][info][gc,stats    ]    Critical: Relocation Stall                                  0 / 0                 0 / 0                 0 / 0                 0 / 0           ops/s
[130.089s][info][gc,stats    ]    Critical: Relocation Stall                              0.000 / 0.000         0.000 / 0.000         0.000 / 0.000         0.000 / 0.000       ms
[130.089s][info][gc,stats    ]      Memory: Allocation Rate                                 322 / 330             317 / 338             317 / 338             317 / 338         MB/s
[130.089s][info][gc,stats    ]      Memory: Defragment                                        0 / 0                 0 / 0                 0 / 0                 0 / 0           ops/s
[130.089s][info][gc,stats    ]      Memory: Out Of Memory                                     0 / 0                 0 / 0                 0 / 0                 0 / 0           ops/s
[130.089s][info][gc,stats    ]      Memory: Page Cache Flush                                  0 / 0                 0 / 0                 0 / 0                 0 / 0           MB/s
[130.089s][info][gc,stats    ]      Memory: Page Cache Hit L1                               163 / 168             159 / 174             159 / 174             159 / 174         ops/s
[130.089s][info][gc,stats    ]      Memory: Page Cache Hit L2                                 0 / 0                 0 / 0                 0 / 0                 0 / 0           ops/s
[130.089s][info][gc,stats    ]      Memory: Page Cache Hit L3                                 0 / 0                 1 / 77                1 / 77                1 / 77          ops/s
[130.089s][info][gc,stats    ]      Memory: Page Cache Miss                                   0 / 0                 0 / 1                 0 / 1                 0 / 1           ops/s
[130.089s][info][gc,stats    ]      Memory: Uncommit                                          0 / 0                 0 / 0                 0 / 0                 0 / 0           MB/s
[130.089s][info][gc,stats    ]      Memory: Undo Object Allocation Failed                     0 / 1                 0 / 6                 0 / 6                 0 / 6           ops/s
[130.089s][info][gc,stats    ]      Memory: Undo Object Allocation Succeeded                  0 / 5                 0 / 7                 0 / 7                 0 / 7           ops/s
[130.089s][info][gc,stats    ]      Memory: Undo Page Allocation                              1 / 3                 1 / 10                1 / 10                1 / 10          ops/s
[130.089s][info][gc,stats    ]       Phase: Concurrent Mark                              22.201 / 28.476       22.541 / 38.107       22.541 / 38.107       22.541 / 38.107      ms
[130.089s][info][gc,stats    ]       Phase: Concurrent Mark Continue                      0.000 / 0.000         0.000 / 0.000         0.000 / 0.000         0.000 / 0.000       ms
[130.089s][info][gc,stats    ]       Phase: Concurrent Mark Free                          0.001 / 0.002         0.001 / 0.002         0.001 / 0.002         0.001 / 0.002       ms
[130.089s][info][gc,stats    ]       Phase: Concurrent Process Non-Strong References      4.765 / 7.133         4.604 / 7.613         4.604 / 7.613         4.604 / 7.613       ms
[130.089s][info][gc,stats    ]       Phase: Concurrent Relocate                           4.108 / 7.332         3.801 / 8.950         3.801 / 8.950         3.801 / 8.950       ms
[130.089s][info][gc,stats    ]       Phase: Concurrent Reset Relocation Set               0.007 / 0.013         0.007 / 0.015         0.007 / 0.015         0.007 / 0.015       ms
[130.089s][info][gc,stats    ]       Phase: Concurrent Select Relocation Set              4.338 / 5.673         4.515 / 14.681        4.515 / 14.681        4.515 / 14.681      ms
[130.089s][info][gc,stats    ]       Phase: Pause Mark End                                0.018 / 0.021         0.017 / 0.021         0.017 / 0.021         0.017 / 0.021       ms
[130.089s][info][gc,stats    ]       Phase: Pause Mark Start                              0.017 / 0.019         0.017 / 0.027         0.017 / 0.027         0.017 / 0.027       ms
[130.090s][info][gc,stats    ]       Phase: Pause Relocate Start                          0.009 / 0.012         0.008 / 0.012         0.008 / 0.012         0.008 / 0.012       ms
[130.090s][info][gc,stats    ]    Subphase: Concurrent Classes Purge                      0.007 / 0.024         0.025 / 0.583         0.025 / 0.583         0.025 / 0.583       ms
[130.090s][info][gc,stats    ]    Subphase: Concurrent Classes Unlink                     3.808 / 5.896         3.730 / 5.906         3.730 / 5.906         3.730 / 5.906       ms
[130.090s][info][gc,stats    ]    Subphase: Concurrent Mark                              14.752 / 25.966       15.259 / 34.990       15.259 / 34.990       15.259 / 34.990      ms
[130.090s][info][gc,stats    ]    Subphase: Concurrent Mark Try Flush                     0.059 / 0.097         0.059 / 0.187         0.059 / 0.187         0.059 / 0.187       ms
[130.090s][info][gc,stats    ]    Subphase: Concurrent Mark Try Terminate                 2.330 / 9.521         3.302 / 16.135        3.302 / 16.135        3.302 / 16.135      ms
[130.090s][info][gc,stats    ]    Subphase: Concurrent References Enqueue                 0.000 / 0.001         0.001 / 0.005         0.001 / 0.005         0.001 / 0.005       ms
[130.090s][info][gc,stats    ]    Subphase: Concurrent References Process                 0.049 / 0.057         0.049 / 0.114         0.049 / 0.114         0.049 / 0.114       ms
[130.090s][info][gc,stats    ]    Subphase: Concurrent Roots ClassLoaderDataGraph         0.150 / 0.347         0.157 / 0.631         0.157 / 0.631         0.157 / 0.631       ms
[130.090s][info][gc,stats    ]    Subphase: Concurrent Roots CodeCache                    0.000 / 0.000         0.000 / 0.000         0.000 / 0.000         0.000 / 0.000       ms
[130.090s][info][gc,stats    ]    Subphase: Concurrent Roots JavaThreads                  1.017 / 2.098         0.933 / 2.289         0.933 / 2.289         0.933 / 2.289       ms
[130.090s][info][gc,stats    ]    Subphase: Concurrent Roots OopStorageSet                0.031 / 0.060         0.032 / 0.136         0.032 / 0.136         0.032 / 0.136       ms
[130.090s][info][gc,stats    ]    Subphase: Concurrent Weak Roots OopStorageSet           0.440 / 1.114         0.388 / 1.768         0.388 / 1.768         0.388 / 1.768       ms
[130.090s][info][gc,stats    ]    Subphase: Pause Mark Try Complete                       0.000 / 0.000         0.000 / 0.000         0.000 / 0.000         0.000 / 0.000       ms
[130.090s][info][gc,stats    ]      System: Java Threads                                     36 / 36               34 / 37               34 / 37               34 / 37          threads
[130.090s][info][gc,stats    ] =========================================================================================================================================================
[130.689s][info][gc,start    ] GC(114) Garbage Collection (Allocation Rate)
[130.689s][info][gc,task     ] GC(114) Using 1 workers
[130.689s][info][gc,phases   ] GC(114) Pause Mark Start 0.017ms
[130.717s][info][gc,phases   ] GC(114) Concurrent Mark 27.803ms
[130.717s][info][gc,phases   ] GC(114) Pause Mark End 0.018ms
[130.718s][info][gc,phases   ] GC(114) Concurrent Mark Free 0.001ms
[130.725s][info][gc,phases   ] GC(114) Concurrent Process Non-Strong References 7.104ms
[130.725s][info][gc,phases   ] GC(114) Concurrent Reset Relocation Set 0.013ms
[130.729s][info][gc,phases   ] GC(114) Concurrent Select Relocation Set 4.007ms
[130.729s][info][gc,phases   ] GC(114) Pause Relocate Start 0.010ms
[130.732s][info][gc,phases   ] GC(114) Concurrent Relocate 2.700ms
[130.732s][info][gc,load     ] GC(114) Load: 0.00/0.00/0.00
[130.732s][info][gc,mmu      ] GC(114) MMU: 2ms/98.6%, 5ms/99.5%, 10ms/99.6%, 20ms/99.8%, 50ms/99.9%, 100ms/99.9%
[130.732s][info][gc,marking  ] GC(114) Mark: 1 stripe(s), 2 proactive flush(es), 1 terminate flush(es), 0 completion(s), 0 continuation(s) 
[130.732s][info][gc,marking  ] GC(114) Mark Stack Usage: 32M
[130.732s][info][gc,nmethod  ] GC(114) NMethods: 1945 registered, 357 unregistered
[130.732s][info][gc,metaspace] GC(114) Metaspace: 9M used, 9M committed, 1088M reserved
[130.732s][info][gc,ref      ] GC(114) Soft: 214 encountered, 0 discovered, 0 enqueued
[130.732s][info][gc,ref      ] GC(114) Weak: 807 encountered, 189 discovered, 0 enqueued
[130.732s][info][gc,ref      ] GC(114) Final: 0 encountered, 0 discovered, 0 enqueued
[130.732s][info][gc,ref      ] GC(114) Phantom: 27 encountered, 14 discovered, 0 enqueued
[130.732s][info][gc,reloc    ] GC(114) Small Pages: 216 / 432M, Empty: 350M, Relocated: 1M, In-Place: 0
[130.732s][info][gc,reloc    ] GC(114) Medium Pages: 0 / 0M, Empty: 0M, Relocated: 0M, In-Place: 0
[130.732s][info][gc,reloc    ] GC(114) Large Pages: 0 / 0M, Empty: 0M, Relocated: 0M, In-Place: 0
[130.732s][info][gc,reloc    ] GC(114) Forwarding Usage: 0M
[130.732s][info][gc,heap     ] GC(114) Min Capacity: 8M(2%)
[130.732s][info][gc,heap     ] GC(114) Max Capacity: 512M(100%)
[130.732s][info][gc,heap     ] GC(114) Soft Max Capacity: 512M(100%)
[130.732s][info][gc,heap     ] GC(114)                Mark Start          Mark End        Relocate Start      Relocate End           High               Low         
[130.732s][info][gc,heap     ] GC(114)  Capacity:      512M (100%)        512M (100%)        512M (100%)        512M (100%)        512M (100%)        512M (100%)   
[130.732s][info][gc,heap     ] GC(114)      Free:       80M (16%)          68M (13%)         416M (81%)         488M (95%)         488M (95%)          66M (13%)    
[130.732s][info][gc,heap     ] GC(114)      Used:      432M (84%)         444M (87%)          96M (19%)          24M (5%)          446M (87%)          24M (5%)     
[130.732s][info][gc,heap     ] GC(114)      Live:         -                 6M (1%)            6M (1%)            6M (1%)             -                  -          
[130.732s][info][gc,heap     ] GC(114) Allocated:         -                12M (2%)           14M (3%)           15M (3%)             -                  -          
[130.732s][info][gc,heap     ] GC(114)   Garbage:         -               425M (83%)          75M (15%)           1M (0%)             -                  -          
[130.732s][info][gc,heap     ] GC(114) Reclaimed:         -                  -               350M (68%)         423M (83%)            -                  -          
[130.733s][info][gc          ] GC(114) Garbage Collection (Allocation Rate) 432M(84%)->24M(5%)
[131.781s][info][gc,start    ] GC(115) Garbage Collection (Proactive)
[131.781s][info][gc,task     ] GC(115) Using 5 workers
[131.782s][info][gc,phases   ] GC(115) Pause Mark Start 0.019ms
[131.797s][info][gc,phases   ] GC(115) Concurrent Mark 15.166ms
[131.797s][info][gc,phases   ] GC(115) Pause Mark End 0.017ms
[131.797s][info][gc,phases   ] GC(115) Concurrent Mark Free 0.001ms
[131.799s][info][gc,phases   ] GC(115) Concurrent Process Non-Strong References 1.609ms
[131.799s][info][gc,phases   ] GC(115) Concurrent Reset Relocation Set 0.006ms
[131.804s][info][gc,phases   ] GC(115) Concurrent Select Relocation Set 4.987ms
[131.804s][info][gc,phases   ] GC(115) Pause Relocate Start 0.009ms
[131.807s][info][gc,phases   ] GC(115) Concurrent Relocate 2.783ms
[131.807s][info][gc,load     ] GC(115) Load: 0.00/0.00/0.00
[131.807s][info][gc,mmu      ] GC(115) MMU: 2ms/98.6%, 5ms/99.5%, 10ms/99.6%, 20ms/99.8%, 50ms/99.9%, 100ms/99.9%
[131.807s][info][gc,marking  ] GC(115) Mark: 4 stripe(s), 7 proactive flush(es), 1 terminate flush(es), 0 completion(s), 0 continuation(s) 
[131.807s][info][gc,marking  ] GC(115) Mark Stack Usage: 32M
[131.807s][info][gc,nmethod  ] GC(115) NMethods: 1945 registered, 357 unregistered
[131.807s][info][gc,metaspace] GC(115) Metaspace: 9M used, 9M committed, 1088M reserved
[131.807s][info][gc,ref      ] GC(115) Soft: 214 encountered, 0 discovered, 0 enqueued
[131.807s][info][gc,ref      ] GC(115) Weak: 807 encountered, 411 discovered, 0 enqueued
[131.807s][info][gc,ref      ] GC(115) Final: 0 encountered, 0 discovered, 0 enqueued
[131.807s][info][gc,ref      ] GC(115) Phantom: 27 encountered, 23 discovered, 0 enqueued
[131.807s][info][gc,reloc    ] GC(115) Small Pages: 173 / 346M, Empty: 268M, Relocated: 1M, In-Place: 0
[131.807s][info][gc,reloc    ] GC(115) Medium Pages: 0 / 0M, Empty: 0M, Relocated: 0M, In-Place: 0
[131.807s][info][gc,reloc    ] GC(115) Large Pages: 0 / 0M, Empty: 0M, Relocated: 0M, In-Place: 0
[131.807s][info][gc,reloc    ] GC(115) Forwarding Usage: 0M
[131.807s][info][gc,heap     ] GC(115) Min Capacity: 8M(2%)
[131.807s][info][gc,heap     ] GC(115) Max Capacity: 512M(100%)
[131.807s][info][gc,heap     ] GC(115) Soft Max Capacity: 512M(100%)
[131.807s][info][gc,heap     ] GC(115)                Mark Start          Mark End        Relocate Start      Relocate End           High               Low         
[131.808s][info][gc,heap     ] GC(115)  Capacity:      512M (100%)        512M (100%)        512M (100%)        512M (100%)        512M (100%)        512M (100%)   
[131.808s][info][gc,heap     ] GC(115)      Free:      166M (32%)         160M (31%)         426M (83%)         486M (95%)         486M (95%)         160M (31%)    
[131.808s][info][gc,heap     ] GC(115)      Used:      346M (68%)         352M (69%)          86M (17%)          26M (5%)          352M (69%)          26M (5%)     
[131.808s][info][gc,heap     ] GC(115)      Live:         -                 6M (1%)            6M (1%)            6M (1%)             -                  -          
[131.808s][info][gc,heap     ] GC(115) Allocated:         -                 6M (1%)            8M (2%)            9M (2%)             -                  -          
[131.808s][info][gc,heap     ] GC(115)   Garbage:         -               339M (66%)          71M (14%)           9M (2%)             -                  -          
[131.808s][info][gc,heap     ] GC(115) Reclaimed:         -                  -               268M (52%)         329M (64%)            -                  -          
[131.808s][info][gc          ] GC(115) Garbage Collection (Proactive) 346M(68%)->26M(5%)
[132.689s][info][gc,start    ] GC(116) Garbage Collection (System.gc())
[132.689s][info][gc,task     ] GC(116) Using 5 workers
[132.689s][info][gc,phases   ] GC(116) Pause Mark Start 0.018ms
[132.710s][info][gc,phases   ] GC(116) Concurrent Mark 20.738ms
[132.710s][info][gc,phases   ] GC(116) Pause Mark End 0.015ms
[132.710s][info][gc,phases   ] GC(116) Concurrent Mark Free 0.001ms
[132.712s][info][gc,phases   ] GC(116) Concurrent Process Non-Strong References 1.687ms
[132.712s][info][gc,phases   ] GC(116) Concurrent Reset Relocation Set 0.005ms
[132.716s][info][gc,phases   ] GC(116) Concurrent Select Relocation Set 3.699ms
[132.716s][info][gc,phases   ] GC(116) Pause Relocate Start 0.007ms
[132.718s][info][gc,phases   ] GC(116) Concurrent Relocate 1.642ms
[132.718s][info][gc,load     ] GC(116) Load: 0.00/0.00/0.00
[132.718s][info][gc,mmu      ] GC(116) MMU: 2ms/98.6%, 5ms/99.5%, 10ms/99.6%, 20ms/99.8%, 50ms/99.9%, 100ms/99.9%
[132.718s][info][gc,marking  ] GC(116) Mark: 4 stripe(s), 1 proactive flush(es), 1 terminate flush(es), 0 completion(s), 0 continuation(s) 
[132.718s][info][gc,marking  ] GC(116) Mark Stack Usage: 32M
[132.718s][info][gc,nmethod  ] GC(116) NMethods: 1945 registered, 357 unregistered
[132.718s][info][gc,metaspace] GC(116) Metaspace: 9M used, 9M committed, 1088M reserved
[132.718s][info][gc,ref      ] GC(116) Soft: 214 encountered, 0 discovered, 0 enqueued
[132.718s][info][gc,ref      ] GC(116) Weak: 807 encountered, 600 discovered, 0 enqueued
[132.718s][info][gc,ref      ] GC(116) Final: 0 encountered, 0 discovered, 0 enqueued
[132.718s][info][gc,ref      ] GC(116) Phantom: 27 encountered, 21 discovered, 0 enqueued
[132.718s][info][gc,reloc    ] GC(116) Small Pages: 151 / 302M, Empty: 288M, Relocated: 1M, In-Place: 0
[132.718s][info][gc,reloc    ] GC(116) Medium Pages: 0 / 0M, Empty: 0M, Relocated: 0M, In-Place: 0
[132.718s][info][gc,reloc    ] GC(116) Large Pages: 0 / 0M, Empty: 0M, Relocated: 0M, In-Place: 0
[132.718s][info][gc,reloc    ] GC(116) Forwarding Usage: 0M
[132.718s][info][gc,heap     ] GC(116) Min Capacity: 8M(2%)
[132.718s][info][gc,heap     ] GC(116) Max Capacity: 512M(100%)
[132.718s][info][gc,heap     ] GC(116) Soft Max Capacity: 512M(100%)
[132.718s][info][gc,heap     ] GC(116)                Mark Start          Mark End        Relocate Start      Relocate End           High               Low         
[132.718s][info][gc,heap     ] GC(116)  Capacity:      512M (100%)        512M (100%)        512M (100%)        512M (100%)        512M (100%)        512M (100%)   
[132.718s][info][gc,heap     ] GC(116)      Free:      210M (41%)         210M (41%)         498M (97%)         498M (97%)         498M (97%)         210M (41%)    
[132.718s][info][gc,heap     ] GC(116)      Used:      302M (59%)         302M (59%)          14M (3%)           14M (3%)          302M (59%)          14M (3%)     
[132.718s][info][gc,heap     ] GC(116)      Live:         -                 4M (1%)            4M (1%)            4M (1%)             -                  -          
[132.718s][info][gc,heap     ] GC(116) Allocated:         -                 0M (0%)            0M (0%)            0M (0%)             -                  -          
[132.718s][info][gc,heap     ] GC(116)   Garbage:         -               297M (58%)           9M (2%)            9M (2%)             -                  -          
[132.718s][info][gc,heap     ] GC(116) Reclaimed:         -                  -               288M (56%)         288M (56%)            -                  -          
[132.718s][info][gc          ] GC(116) Garbage Collection (System.gc()) 302M(59%)->14M(3%)
[133.990s][info][gc,start    ] GC(117) Garbage Collection (Allocation Rate)
[133.990s][info][gc,task     ] GC(117) Using 1 workers
[133.990s][info][gc,phases   ] GC(117) Pause Mark Start 0.018ms
[134.018s][info][gc,phases   ] GC(117) Concurrent Mark 27.312ms
[134.018s][info][gc,phases   ] GC(117) Pause Mark End 0.020ms
[134.018s][info][gc,phases   ] GC(117) Concurrent Mark Free 0.001ms
[134.025s][info][gc,phases   ] GC(117) Concurrent Process Non-Strong References 7.003ms
[134.025s][info][gc,phases   ] GC(117) Concurrent Reset Relocation Set 0.001ms
[134.030s][info][gc,phases   ] GC(117) Concurrent Select Relocation Set 5.231ms
[134.030s][info][gc,phases   ] GC(117) Pause Relocate Start 0.010ms
[134.036s][info][gc,phases   ] GC(117) Concurrent Relocate 5.094ms
[134.036s][info][gc,load     ] GC(117) Load: 0.00/0.00/0.00
[134.036s][info][gc,mmu      ] GC(117) MMU: 2ms/98.6%, 5ms/99.5%, 10ms/99.6%, 20ms/99.8%, 50ms/99.9%, 100ms/99.9%
[134.036s][info][gc,marking  ] GC(117) Mark: 1 stripe(s), 2 proactive flush(es), 1 terminate flush(es), 0 completion(s), 0 continuation(s) 
[134.036s][info][gc,marking  ] GC(117) Mark Stack Usage: 32M
[134.036s][info][gc,nmethod  ] GC(117) NMethods: 1946 registered, 358 unregistered
[134.036s][info][gc,metaspace] GC(117) Metaspace: 9M used, 9M committed, 1088M reserved
[134.036s][info][gc,ref      ] GC(117) Soft: 214 encountered, 0 discovered, 0 enqueued
[134.036s][info][gc,ref      ] GC(117) Weak: 808 encountered, 189 discovered, 0 enqueued
[134.036s][info][gc,ref      ] GC(117) Final: 0 encountered, 0 discovered, 0 enqueued
[134.036s][info][gc,ref      ] GC(117) Phantom: 27 encountered, 14 discovered, 0 enqueued
[134.036s][info][gc,reloc    ] GC(117) Small Pages: 207 / 414M, Empty: 254M, Relocated: 2M, In-Place: 0
[134.036s][info][gc,reloc    ] GC(117) Medium Pages: 0 / 0M, Empty: 0M, Relocated: 0M, In-Place: 0
[134.036s][info][gc,reloc    ] GC(117) Large Pages: 0 / 0M, Empty: 0M, Relocated: 0M, In-Place: 0
[134.036s][info][gc,reloc    ] GC(117) Forwarding Usage: 1M
[134.036s][info][gc,heap     ] GC(117) Min Capacity: 8M(2%)
[134.036s][info][gc,heap     ] GC(117) Max Capacity: 512M(100%)
[134.036s][info][gc,heap     ] GC(117) Soft Max Capacity: 512M(100%)
[134.036s][info][gc,heap     ] GC(117)                Mark Start          Mark End        Relocate Start      Relocate End           High               Low         
[134.036s][info][gc,heap     ] GC(117)  Capacity:      512M (100%)        512M (100%)        512M (100%)        512M (100%)        512M (100%)        512M (100%)   
[134.036s][info][gc,heap     ] GC(117)      Free:       98M (19%)          88M (17%)         338M (66%)         488M (95%)         488M (95%)          86M (17%)    
[134.036s][info][gc,heap     ] GC(117)      Used:      414M (81%)         424M (83%)         174M (34%)          24M (5%)          426M (83%)          24M (5%)     
[134.036s][info][gc,heap     ] GC(117)      Live:         -                 6M (1%)            6M (1%)            6M (1%)             -                  -          
[134.036s][info][gc,heap     ] GC(117) Allocated:         -                10M (2%)           14M (3%)           15M (3%)             -                  -          
[134.036s][info][gc,heap     ] GC(117)   Garbage:         -               407M (80%)         153M (30%)           1M (0%)             -                  -          
[134.036s][info][gc,heap     ] GC(117) Reclaimed:         -                  -               254M (50%)         405M (79%)            -                  -          
[134.036s][info][gc          ] GC(117) Garbage Collection (Allocation Rate) 414M(81%)->24M(5%)
[135.276s][info][gc,start    ] GC(118) Garbage Collection (Allocation Rate)
[135.277s][info][gc,task     ] GC(118) Using 1 workers
[135.277s][info][gc,phases   ] GC(118) Pause Mark Start 0.016ms
[135.305s][info][gc,phases   ] GC(118) Concurrent Mark 27.669ms
[135.305s][info][gc,phases   ] GC(118) Pause Mark End 0.017ms
[135.305s][info][gc,phases   ] GC(118) Concurrent Mark Free 0.001ms
[135.312s][info][gc,phases   ] GC(118) Concurrent Process Non-Strong References 7.083ms
[135.312s][info][gc,phases   ] GC(118) Concurrent Reset Relocation Set 0.014ms
[135.316s][info][gc,phases   ] GC(118) Concurrent Select Relocation Set 3.881ms
[135.316s][info][gc,phases   ] GC(118) Pause Relocate Start 0.009ms
[135.319s][info][gc,phases   ] GC(118) Concurrent Relocate 3.298ms
[135.320s][info][gc,load     ] GC(118) Load: 0.00/0.00/0.00
[135.320s][info][gc,mmu      ] GC(118) MMU: 2ms/98.6%, 5ms/99.5%, 10ms/99.6%, 20ms/99.8%, 50ms/99.9%, 100ms/99.9%
[135.320s][info][gc,marking  ] GC(118) Mark: 1 stripe(s), 2 proactive flush(es), 1 terminate flush(es), 0 completion(s), 0 continuation(s) 
[135.320s][info][gc,marking  ] GC(118) Mark Stack Usage: 32M
[135.320s][info][gc,nmethod  ] GC(118) NMethods: 1946 registered, 358 unregistered
[135.320s][info][gc,metaspace] GC(118) Metaspace: 9M used, 9M committed, 1088M reserved
[135.320s][info][gc,ref      ] GC(118) Soft: 214 encountered, 0 discovered, 0 enqueued
[135.320s][info][gc,ref      ] GC(118) Weak: 808 encountered, 189 discovered, 0 enqueued
[135.320s][info][gc,ref      ] GC(118) Final: 0 encountered, 0 discovered, 0 enqueued
[135.320s][info][gc,ref      ] GC(118) Phantom: 27 encountered, 14 discovered, 0 enqueued
[135.320s][info][gc,reloc    ] GC(118) Small Pages: 203 / 406M, Empty: 302M, Relocated: 1M, In-Place: 0
[135.320s][info][gc,reloc    ] GC(118) Medium Pages: 0 / 0M, Empty: 0M, Relocated: 0M, In-Place: 0
[135.320s][info][gc,reloc    ] GC(118) Large Pages: 0 / 0M, Empty: 0M, Relocated: 0M, In-Place: 0
[135.320s][info][gc,reloc    ] GC(118) Forwarding Usage: 0M
[135.320s][info][gc,heap     ] GC(118) Min Capacity: 8M(2%)
[135.320s][info][gc,heap     ] GC(118) Max Capacity: 512M(100%)
[135.320s][info][gc,heap     ] GC(118) Soft Max Capacity: 512M(100%)
[135.320s][info][gc,heap     ] GC(118)                Mark Start          Mark End        Relocate Start      Relocate End           High               Low         
[135.320s][info][gc,heap     ] GC(118)  Capacity:      512M (100%)        512M (100%)        512M (100%)        512M (100%)        512M (100%)        512M (100%)   
[135.320s][info][gc,heap     ] GC(118)      Free:      106M (21%)          94M (18%)         394M (77%)         488M (95%)         488M (95%)          92M (18%)    
[135.320s][info][gc,heap     ] GC(118)      Used:      406M (79%)         418M (82%)         118M (23%)          24M (5%)          420M (82%)          24M (5%)     
[135.320s][info][gc,heap     ] GC(118)      Live:         -                 6M (1%)            6M (1%)            6M (1%)             -                  -          
[135.320s][info][gc,heap     ] GC(118) Allocated:         -                12M (2%)           14M (3%)           15M (3%)             -                  -          
[135.320s][info][gc,heap     ] GC(118)   Garbage:         -               399M (78%)          97M (19%)           1M (0%)             -                  -          
[135.320s][info][gc,heap     ] GC(118) Reclaimed:         -                  -               302M (59%)         397M (78%)            -                  -          
[135.320s][info][gc          ] GC(118) Garbage Collection (Allocation Rate) 406M(79%)->24M(5%)
[136.589s][info][gc,start    ] GC(119) Garbage Collection (Allocation Rate)
[136.589s][info][gc,task     ] GC(119) Using 1 workers
[136.589s][info][gc,phases   ] GC(119) Pause Mark Start 0.018ms
[136.615s][info][gc,phases   ] GC(119) Concurrent Mark 25.640ms
[136.615s][info][gc,phases   ] GC(119) Pause Mark End 0.012ms
[136.615s][info][gc,phases   ] GC(119) Concurrent Mark Free 0.002ms
[136.622s][info][gc,phases   ] GC(119) Concurrent Process Non-Strong References 7.133ms
[136.622s][info][gc,phases   ] GC(119) Concurrent Reset Relocation Set 0.008ms
[136.626s][info][gc,phases   ] GC(119) Concurrent Select Relocation Set 3.770ms
[136.626s][info][gc,phases   ] GC(119) Pause Relocate Start 0.005ms
[136.631s][info][gc,phases   ] GC(119) Concurrent Relocate 4.365ms
[136.631s][info][gc,load     ] GC(119) Load: 0.00/0.00/0.00
[136.631s][info][gc,mmu      ] GC(119) MMU: 2ms/98.6%, 5ms/99.5%, 10ms/99.6%, 20ms/99.8%, 50ms/99.9%, 100ms/99.9%
[136.631s][info][gc,marking  ] GC(119) Mark: 1 stripe(s), 2 proactive flush(es), 1 terminate flush(es), 0 completion(s), 0 continuation(s) 
[136.631s][info][gc,marking  ] GC(119) Mark Stack Usage: 32M
[136.631s][info][gc,nmethod  ] GC(119) NMethods: 1946 registered, 358 unregistered
[136.631s][info][gc,metaspace] GC(119) Metaspace: 9M used, 9M committed, 1088M reserved
[136.631s][info][gc,ref      ] GC(119) Soft: 214 encountered, 0 discovered, 0 enqueued
[136.631s][info][gc,ref      ] GC(119) Weak: 808 encountered, 189 discovered, 0 enqueued
[136.631s][info][gc,ref      ] GC(119) Final: 0 encountered, 0 discovered, 0 enqueued
[136.631s][info][gc,ref      ] GC(119) Phantom: 27 encountered, 14 discovered, 0 enqueued
[136.631s][info][gc,reloc    ] GC(119) Small Pages: 221 / 442M, Empty: 338M, Relocated: 1M, In-Place: 0
[136.631s][info][gc,reloc    ] GC(119) Medium Pages: 0 / 0M, Empty: 0M, Relocated: 0M, In-Place: 0
[136.631s][info][gc,reloc    ] GC(119) Large Pages: 0 / 0M, Empty: 0M, Relocated: 0M, In-Place: 0
[136.631s][info][gc,reloc    ] GC(119) Forwarding Usage: 0M
[136.631s][info][gc,heap     ] GC(119) Min Capacity: 8M(2%)
[136.631s][info][gc,heap     ] GC(119) Max Capacity: 512M(100%)
[136.631s][info][gc,heap     ] GC(119) Soft Max Capacity: 512M(100%)
[136.631s][info][gc,heap     ] GC(119)                Mark Start          Mark End        Relocate Start      Relocate End           High               Low         
[136.631s][info][gc,heap     ] GC(119)  Capacity:      512M (100%)        512M (100%)        512M (100%)        512M (100%)        512M (100%)        512M (100%)   
[136.631s][info][gc,heap     ] GC(119)      Free:       70M (14%)          60M (12%)         394M (77%)         490M (96%)         490M (96%)          58M (11%)    
[136.631s][info][gc,heap     ] GC(119)      Used:      442M (86%)         452M (88%)         118M (23%)          22M (4%)          454M (89%)          22M (4%)     
[136.631s][info][gc,heap     ] GC(119)      Live:         -                 6M (1%)            6M (1%)            6M (1%)             -                  -          
[136.631s][info][gc,heap     ] GC(119) Allocated:         -                10M (2%)           14M (3%)           13M (3%)             -                  -          
[136.631s][info][gc,heap     ] GC(119)   Garbage:         -               435M (85%)          97M (19%)           1M (0%)             -                  -          
[136.631s][info][gc,heap     ] GC(119) Reclaimed:         -                  -               338M (66%)         433M (85%)            -                  -          
[136.631s][info][gc          ] GC(119) Garbage Collection (Allocation Rate) 442M(86%)->22M(4%)
[137.682s][info][gc,start    ] GC(120) Garbage Collection (Proactive)
[137.682s][info][gc,task     ] GC(120) Using 5 workers
[137.682s][info][gc,phases   ] GC(120) Pause Mark Start 0.018ms
[137.698s][info][gc,phases   ] GC(120) Concurrent Mark 15.226ms
[137.698s][info][gc,phases   ] GC(120) Pause Mark End 0.017ms
[137.698s][info][gc,phases   ] GC(120) Concurrent Mark Free 0.001ms
[137.700s][info][gc,phases   ] GC(120) Concurrent Process Non-Strong References 1.667ms
[137.700s][info][gc,phases   ] GC(120) Concurrent Reset Relocation Set 0.007ms
[137.704s][info][gc,phases   ] GC(120) Concurrent Select Relocation Set 4.601ms
[137.705s][info][gc,phases   ] GC(120) Pause Relocate Start 0.009ms
[137.707s][info][gc,phases   ] GC(120) Concurrent Relocate 2.279ms
[137.707s][info][gc,load     ] GC(120) Load: 0.00/0.00/0.00
[137.707s][info][gc,mmu      ] GC(120) MMU: 2ms/98.6%, 5ms/99.5%, 10ms/99.6%, 20ms/99.8%, 50ms/99.9%, 100ms/99.9%
[137.707s][info][gc,marking  ] GC(120) Mark: 4 stripe(s), 2 proactive flush(es), 1 terminate flush(es), 0 completion(s), 0 continuation(s) 
[137.707s][info][gc,marking  ] GC(120) Mark Stack Usage: 32M
[137.707s][info][gc,nmethod  ] GC(120) NMethods: 1946 registered, 358 unregistered
[137.707s][info][gc,metaspace] GC(120) Metaspace: 9M used, 9M committed, 1088M reserved
[137.707s][info][gc,ref      ] GC(120) Soft: 214 encountered, 0 discovered, 0 enqueued
[137.707s][info][gc,ref      ] GC(120) Weak: 808 encountered, 407 discovered, 0 enqueued
[137.707s][info][gc,ref      ] GC(120) Final: 0 encountered, 0 discovered, 0 enqueued
[137.707s][info][gc,ref      ] GC(120) Phantom: 27 encountered, 21 discovered, 0 enqueued
[137.707s][info][gc,reloc    ] GC(120) Small Pages: 181 / 362M, Empty: 310M, Relocated: 1M, In-Place: 0
[137.707s][info][gc,reloc    ] GC(120) Medium Pages: 0 / 0M, Empty: 0M, Relocated: 0M, In-Place: 0
[137.707s][info][gc,reloc    ] GC(120) Large Pages: 0 / 0M, Empty: 0M, Relocated: 0M, In-Place: 0
[137.707s][info][gc,reloc    ] GC(120) Forwarding Usage: 0M
[137.707s][info][gc,heap     ] GC(120) Min Capacity: 8M(2%)
[137.707s][info][gc,heap     ] GC(120) Max Capacity: 512M(100%)
[137.707s][info][gc,heap     ] GC(120) Soft Max Capacity: 512M(100%)
[137.707s][info][gc,heap     ] GC(120)                Mark Start          Mark End        Relocate Start      Relocate End           High               Low         
[137.707s][info][gc,heap     ] GC(120)  Capacity:      512M (100%)        512M (100%)        512M (100%)        512M (100%)        512M (100%)        512M (100%)   
[137.708s][info][gc,heap     ] GC(120)      Free:      150M (29%)         144M (28%)         452M (88%)         488M (95%)         488M (95%)         144M (28%)    
[137.708s][info][gc,heap     ] GC(120)      Used:      362M (71%)         368M (72%)          60M (12%)          24M (5%)          368M (72%)          24M (5%)     
[137.708s][info][gc,heap     ] GC(120)      Live:         -                 6M (1%)            6M (1%)            6M (1%)             -                  -          
[137.708s][info][gc,heap     ] GC(120) Allocated:         -                 6M (1%)            8M (2%)            7M (2%)             -                  -          
[137.708s][info][gc,heap     ] GC(120)   Garbage:         -               355M (69%)          45M (9%)            9M (2%)             -                  -          
[137.708s][info][gc,heap     ] GC(120) Reclaimed:         -                  -               310M (61%)         345M (68%)            -                  -          
[137.708s][info][gc          ] GC(120) Garbage Collection (Proactive) 362M(71%)->24M(5%)
[138.885s][info][gc,start    ] GC(121) Garbage Collection (Allocation Rate)
[138.885s][info][gc,task     ] GC(121) Using 1 workers
[138.885s][info][gc,phases   ] GC(121) Pause Mark Start 0.016ms
[138.912s][info][gc,phases   ] GC(121) Concurrent Mark 26.628ms
[138.912s][info][gc,phases   ] GC(121) Pause Mark End 0.015ms
[138.912s][info][gc,phases   ] GC(121) Concurrent Mark Free 0.001ms
[138.919s][info][gc,phases   ] GC(121) Concurrent Process Non-Strong References 7.072ms
[138.919s][info][gc,phases   ] GC(121) Concurrent Reset Relocation Set 0.004ms
[138.923s][info][gc,phases   ] GC(121) Concurrent Select Relocation Set 3.853ms
[138.923s][info][gc,phases   ] GC(121) Pause Relocate Start 0.009ms
[138.927s][info][gc,phases   ] GC(121) Concurrent Relocate 3.114ms
[138.927s][info][gc,load     ] GC(121) Load: 0.00/0.00/0.00
[138.927s][info][gc,mmu      ] GC(121) MMU: 2ms/98.6%, 5ms/99.5%, 10ms/99.6%, 20ms/99.8%, 50ms/99.9%, 100ms/99.9%
[138.927s][info][gc,marking  ] GC(121) Mark: 1 stripe(s), 2 proactive flush(es), 1 terminate flush(es), 0 completion(s), 0 continuation(s) 
[138.927s][info][gc,marking  ] GC(121) Mark Stack Usage: 32M
[138.927s][info][gc,nmethod  ] GC(121) NMethods: 1946 registered, 358 unregistered
[138.927s][info][gc,metaspace] GC(121) Metaspace: 9M used, 9M committed, 1088M reserved
[138.927s][info][gc,ref      ] GC(121) Soft: 214 encountered, 0 discovered, 0 enqueued
[138.927s][info][gc,ref      ] GC(121) Weak: 808 encountered, 189 discovered, 0 enqueued
[138.927s][info][gc,ref      ] GC(121) Final: 0 encountered, 0 discovered, 0 enqueued
[138.927s][info][gc,ref      ] GC(121) Phantom: 27 encountered, 14 discovered, 0 enqueued
[138.927s][info][gc,reloc    ] GC(121) Small Pages: 199 / 398M, Empty: 318M, Relocated: 1M, In-Place: 0
[138.927s][info][gc,reloc    ] GC(121) Medium Pages: 0 / 0M, Empty: 0M, Relocated: 0M, In-Place: 0
[138.927s][info][gc,reloc    ] GC(121) Large Pages: 0 / 0M, Empty: 0M, Relocated: 0M, In-Place: 0
[138.927s][info][gc,reloc    ] GC(121) Forwarding Usage: 0M
[138.927s][info][gc,heap     ] GC(121) Min Capacity: 8M(2%)
[138.927s][info][gc,heap     ] GC(121) Max Capacity: 512M(100%)
[138.927s][info][gc,heap     ] GC(121) Soft Max Capacity: 512M(100%)
[138.927s][info][gc,heap     ] GC(121)                Mark Start          Mark End        Relocate Start      Relocate End           High               Low         
[138.927s][info][gc,heap     ] GC(121)  Capacity:      512M (100%)        512M (100%)        512M (100%)        512M (100%)        512M (100%)        512M (100%)   
[138.927s][info][gc,heap     ] GC(121)      Free:      114M (22%)         104M (20%)         418M (82%)         490M (96%)         490M (96%)         102M (20%)    
[138.927s][info][gc,heap     ] GC(121)      Used:      398M (78%)         408M (80%)          94M (18%)          22M (4%)          410M (80%)          22M (4%)     
[138.927s][info][gc,heap     ] GC(121)      Live:         -                 6M (1%)            6M (1%)            6M (1%)             -                  -          
[138.927s][info][gc,heap     ] GC(121) Allocated:         -                10M (2%)           14M (3%)           13M (3%)             -                  -          
[138.927s][info][gc,heap     ] GC(121)   Garbage:         -               391M (77%)          73M (14%)           1M (0%)             -                  -          
[138.927s][info][gc,heap     ] GC(121) Reclaimed:         -                  -               318M (62%)         389M (76%)            -                  -          
[138.928s][info][gc          ] GC(121) Garbage Collection (Allocation Rate) 398M(78%)->22M(4%)
[139.579s][info][gc,start    ] GC(122) Garbage Collection (System.gc())
[139.579s][info][gc,task     ] GC(122) Using 5 workers
[139.579s][info][gc,phases   ] GC(122) Pause Mark Start 0.017ms
[139.588s][info][gc,phases   ] GC(122) Concurrent Mark 8.582ms
[139.588s][info][gc,phases   ] GC(122) Pause Mark End 0.017ms
[139.588s][info][gc,phases   ] GC(122) Concurrent Mark Free 0.001ms
[139.590s][info][gc,phases   ] GC(122) Concurrent Process Non-Strong References 1.673ms
[139.590s][info][gc,phases   ] GC(122) Concurrent Reset Relocation Set 0.007ms
[139.594s][info][gc,phases   ] GC(122) Concurrent Select Relocation Set 3.678ms
[139.594s][info][gc,phases   ] GC(122) Pause Relocate Start 0.006ms
[139.595s][info][gc,phases   ] GC(122) Concurrent Relocate 1.759ms
[139.596s][info][gc,load     ] GC(122) Load: 0.00/0.00/0.00
[139.596s][info][gc,mmu      ] GC(122) MMU: 2ms/98.6%, 5ms/99.5%, 10ms/99.6%, 20ms/99.8%, 50ms/99.9%, 100ms/99.9%
[139.596s][info][gc,marking  ] GC(122) Mark: 4 stripe(s), 1 proactive flush(es), 1 terminate flush(es), 0 completion(s), 0 continuation(s) 
[139.596s][info][gc,marking  ] GC(122) Mark Stack Usage: 32M
[139.596s][info][gc,nmethod  ] GC(122) NMethods: 1947 registered, 358 unregistered
[139.596s][info][gc,metaspace] GC(122) Metaspace: 9M used, 9M committed, 1088M reserved
[139.596s][info][gc,ref      ] GC(122) Soft: 214 encountered, 0 discovered, 0 enqueued
[139.596s][info][gc,ref      ] GC(122) Weak: 808 encountered, 57 discovered, 0 enqueued
[139.596s][info][gc,ref      ] GC(122) Final: 0 encountered, 0 discovered, 0 enqueued
[139.596s][info][gc,ref      ] GC(122) Phantom: 27 encountered, 21 discovered, 0 enqueued
[139.596s][info][gc,reloc    ] GC(122) Small Pages: 115 / 230M, Empty: 218M, Relocated: 1M, In-Place: 0
[139.596s][info][gc,reloc    ] GC(122) Medium Pages: 0 / 0M, Empty: 0M, Relocated: 0M, In-Place: 0
[139.596s][info][gc,reloc    ] GC(122) Large Pages: 0 / 0M, Empty: 0M, Relocated: 0M, In-Place: 0
[139.596s][info][gc,reloc    ] GC(122) Forwarding Usage: 0M
[139.596s][info][gc,heap     ] GC(122) Min Capacity: 8M(2%)
[139.596s][info][gc,heap     ] GC(122) Max Capacity: 512M(100%)
[139.596s][info][gc,heap     ] GC(122) Soft Max Capacity: 512M(100%)
[139.596s][info][gc,heap     ] GC(122)                Mark Start          Mark End        Relocate Start      Relocate End           High               Low         
[139.596s][info][gc,heap     ] GC(122)  Capacity:      512M (100%)        512M (100%)        512M (100%)        512M (100%)        512M (100%)        512M (100%)   
[139.596s][info][gc,heap     ] GC(122)      Free:      282M (55%)         282M (55%)         500M (98%)         500M (98%)         500M (98%)         282M (55%)    
[139.596s][info][gc,heap     ] GC(122)      Used:      230M (45%)         230M (45%)          12M (2%)           12M (2%)          230M (45%)          12M (2%)     
[139.596s][info][gc,heap     ] GC(122)      Live:         -                 4M (1%)            4M (1%)            4M (1%)             -                  -          
[139.596s][info][gc,heap     ] GC(122) Allocated:         -                 0M (0%)            0M (0%)            0M (0%)             -                  -          
[139.596s][info][gc,heap     ] GC(122)   Garbage:         -               225M (44%)           7M (1%)            7M (1%)             -                  -          
[139.596s][info][gc,heap     ] GC(122) Reclaimed:         -                  -               218M (43%)         218M (43%)            -                  -          
[139.596s][info][gc          ] GC(122) Garbage Collection (System.gc()) 230M(45%)->12M(2%)
[140.088s][info][gc,stats    ] === Garbage Collection Statistics =======================================================================================================================
[140.088s][info][gc,stats    ]                                                              Last 10s              Last 10m              Last 10h                Total
[140.088s][info][gc,stats    ]                                                              Avg / Max             Avg / Max             Avg / Max             Avg / Max
[140.088s][info][gc,stats    ]   Collector: Garbage Collection Cycle                     34.584 / 45.827       36.418 / 57.234       36.418 / 57.234       36.418 / 57.234      ms
[140.088s][info][gc,stats    ]  Contention: Mark Segment Reset Contention                     0 / 2                 0 / 4                 0 / 4                 0 / 4           ops/s
[140.088s][info][gc,stats    ]  Contention: Mark SeqNum Reset Contention                      0 / 1                 0 / 2                 0 / 2                 0 / 2           ops/s
[140.088s][info][gc,stats    ]    Critical: Allocation Stall                                  0 / 0                 0 / 0                 0 / 0                 0 / 0           ops/s
[140.088s][info][gc,stats    ]    Critical: Allocation Stall                              0.000 / 0.000         0.000 / 0.000         0.000 / 0.000         0.000 / 0.000       ms
[140.088s][info][gc,stats    ]    Critical: GC Locker Stall                                   0 / 0                 0 / 0                 0 / 0                 0 / 0           ops/s
[140.088s][info][gc,stats    ]    Critical: GC Locker Stall                               0.000 / 0.000         0.000 / 0.000         0.000 / 0.000         0.000 / 0.000       ms
[140.088s][info][gc,stats    ]    Critical: Relocation Stall                                  0 / 0                 0 / 0                 0 / 0                 0 / 0           ops/s
[140.088s][info][gc,stats    ]    Critical: Relocation Stall                              0.000 / 0.000         0.000 / 0.000         0.000 / 0.000         0.000 / 0.000       ms
[140.088s][info][gc,stats    ]      Memory: Allocation Rate                                 319 / 334             317 / 338             317 / 338             317 / 338         MB/s
[140.088s][info][gc,stats    ]      Memory: Defragment                                        0 / 0                 0 / 0                 0 / 0                 0 / 0           ops/s
[140.088s][info][gc,stats    ]      Memory: Out Of Memory                                     0 / 0                 0 / 0                 0 / 0                 0 / 0           ops/s
[140.088s][info][gc,stats    ]      Memory: Page Cache Flush                                  0 / 0                 0 / 0                 0 / 0                 0 / 0           MB/s
[140.088s][info][gc,stats    ]      Memory: Page Cache Hit L1                               162 / 168             159 / 174             159 / 174             159 / 174         ops/s
[140.088s][info][gc,stats    ]      Memory: Page Cache Hit L2                                 0 / 0                 0 / 0                 0 / 0                 0 / 0           ops/s
[140.089s][info][gc,stats    ]      Memory: Page Cache Hit L3                                 0 / 0                 1 / 77                1 / 77                1 / 77          ops/s
[140.089s][info][gc,stats    ]      Memory: Page Cache Miss                                   0 / 0                 0 / 1                 0 / 1                 0 / 1           ops/s
[140.089s][info][gc,stats    ]      Memory: Uncommit                                          0 / 0                 0 / 0                 0 / 0                 0 / 0           MB/s
[140.089s][info][gc,stats    ]      Memory: Undo Object Allocation Failed                     0 / 6                 0 / 6                 0 / 6                 0 / 6           ops/s
[140.089s][info][gc,stats    ]      Memory: Undo Object Allocation Succeeded                  0 / 2                 0 / 7                 0 / 7                 0 / 7           ops/s
[140.089s][info][gc,stats    ]      Memory: Undo Page Allocation                              1 / 4                 1 / 10                1 / 10                1 / 10          ops/s
[140.089s][info][gc,stats    ]       Phase: Concurrent Mark                              21.640 / 27.803       22.475 / 38.107       22.475 / 38.107       22.475 / 38.107      ms
[140.089s][info][gc,stats    ]       Phase: Concurrent Mark Continue                      0.000 / 0.000         0.000 / 0.000         0.000 / 0.000         0.000 / 0.000       ms
[140.089s][info][gc,stats    ]       Phase: Concurrent Mark Free                          0.001 / 0.002         0.001 / 0.002         0.001 / 0.002         0.001 / 0.002       ms
[140.089s][info][gc,stats    ]       Phase: Concurrent Process Non-Strong References      4.670 / 7.133         4.609 / 7.613         4.609 / 7.613         4.609 / 7.613       ms
[140.089s][info][gc,stats    ]       Phase: Concurrent Relocate                           3.004 / 5.094         3.743 / 8.950         3.743 / 8.950         3.743 / 8.950       ms
[140.089s][info][gc,stats    ]       Phase: Concurrent Reset Relocation Set               0.007 / 0.014         0.007 / 0.015         0.007 / 0.015         0.007 / 0.015       ms
[140.089s][info][gc,stats    ]       Phase: Concurrent Select Relocation Set              4.190 / 5.231         4.491 / 14.681        4.491 / 14.681        4.491 / 14.681      ms
[140.089s][info][gc,stats    ]       Phase: Pause Mark End                                0.017 / 0.020         0.017 / 0.021         0.017 / 0.021         0.017 / 0.021       ms
[140.089s][info][gc,stats    ]       Phase: Pause Mark Start                              0.017 / 0.019         0.017 / 0.027         0.017 / 0.027         0.017 / 0.027       ms
[140.089s][info][gc,stats    ]       Phase: Pause Relocate Start                          0.008 / 0.010         0.008 / 0.012         0.008 / 0.012         0.008 / 0.012       ms
[140.089s][info][gc,stats    ]    Subphase: Concurrent Classes Purge                      0.006 / 0.020         0.024 / 0.583         0.024 / 0.583         0.024 / 0.583       ms
[140.089s][info][gc,stats    ]    Subphase: Concurrent Classes Unlink                     3.808 / 5.915         3.736 / 5.915         3.736 / 5.915         3.736 / 5.915       ms
[140.089s][info][gc,stats    ]    Subphase: Concurrent Mark                              14.927 / 25.339       15.233 / 34.990       15.233 / 34.990       15.233 / 34.990      ms
[140.089s][info][gc,stats    ]    Subphase: Concurrent Mark Try Flush                     0.056 / 0.092         0.059 / 0.187         0.059 / 0.187         0.059 / 0.187       ms
[140.089s][info][gc,stats    ]    Subphase: Concurrent Mark Try Terminate                 4.067 / 15.415        3.358 / 16.135        3.358 / 16.135        3.358 / 16.135      ms
[140.089s][info][gc,stats    ]    Subphase: Concurrent References Enqueue                 0.000 / 0.001         0.001 / 0.005         0.001 / 0.005         0.001 / 0.005       ms
[140.089s][info][gc,stats    ]    Subphase: Concurrent References Process                 0.051 / 0.063         0.049 / 0.114         0.049 / 0.114         0.049 / 0.114       ms
[140.089s][info][gc,stats    ]    Subphase: Concurrent Roots ClassLoaderDataGraph         0.136 / 0.350         0.155 / 0.631         0.155 / 0.631         0.155 / 0.631       ms
[140.089s][info][gc,stats    ]    Subphase: Concurrent Roots CodeCache                    0.000 / 0.000         0.000 / 0.000         0.000 / 0.000         0.000 / 0.000       ms
[140.089s][info][gc,stats    ]    Subphase: Concurrent Roots JavaThreads                  0.906 / 2.094         0.931 / 2.289         0.931 / 2.289         0.931 / 2.289       ms
[140.089s][info][gc,stats    ]    Subphase: Concurrent Roots OopStorageSet                0.028 / 0.061         0.032 / 0.136         0.032 / 0.136         0.032 / 0.136       ms
[140.089s][info][gc,stats    ]    Subphase: Concurrent Weak Roots OopStorageSet           0.377 / 1.101         0.387 / 1.768         0.387 / 1.768         0.387 / 1.768       ms
[140.090s][info][gc,stats    ]    Subphase: Pause Mark Try Complete                       0.000 / 0.000         0.000 / 0.000         0.000 / 0.000         0.000 / 0.000       ms
[140.090s][info][gc,stats    ]      System: Java Threads                                     36 / 37               34 / 37               34 / 37               34 / 37          threads
[140.090s][info][gc,stats    ] =========================================================================================================================================================
[140.885s][info][gc,start    ] GC(123) Garbage Collection (Allocation Rate)
[140.885s][info][gc,task     ] GC(123) Using 1 workers
[140.885s][info][gc,phases   ] GC(123) Pause Mark Start 0.017ms
[140.912s][info][gc,phases   ] GC(123) Concurrent Mark 27.082ms
[140.912s][info][gc,phases   ] GC(123) Pause Mark End 0.018ms
[140.912s][info][gc,phases   ] GC(123) Concurrent Mark Free 0.001ms
[140.919s][info][gc,phases   ] GC(123) Concurrent Process Non-Strong References 6.706ms
[140.919s][info][gc,phases   ] GC(123) Concurrent Reset Relocation Set 0.002ms
[140.924s][info][gc,phases   ] GC(123) Concurrent Select Relocation Set 5.027ms
[140.924s][info][gc,phases   ] GC(123) Pause Relocate Start 0.006ms
[140.929s][info][gc,phases   ] GC(123) Concurrent Relocate 4.591ms
[140.929s][info][gc,load     ] GC(123) Load: 0.00/0.00/0.00
[140.929s][info][gc,mmu      ] GC(123) MMU: 2ms/98.6%, 5ms/99.5%, 10ms/99.6%, 20ms/99.8%, 50ms/99.9%, 100ms/99.9%
[140.929s][info][gc,marking  ] GC(123) Mark: 1 stripe(s), 2 proactive flush(es), 1 terminate flush(es), 0 completion(s), 0 continuation(s) 
[140.929s][info][gc,marking  ] GC(123) Mark Stack Usage: 32M
[140.929s][info][gc,nmethod  ] GC(123) NMethods: 1973 registered, 358 unregistered
[140.929s][info][gc,metaspace] GC(123) Metaspace: 9M used, 9M committed, 1088M reserved
[140.929s][info][gc,ref      ] GC(123) Soft: 214 encountered, 0 discovered, 0 enqueued
[140.929s][info][gc,ref      ] GC(123) Weak: 808 encountered, 189 discovered, 0 enqueued
[140.929s][info][gc,ref      ] GC(123) Final: 0 encountered, 0 discovered, 0 enqueued
[140.929s][info][gc,ref      ] GC(123) Phantom: 27 encountered, 14 discovered, 0 enqueued
[140.929s][info][gc,reloc    ] GC(123) Small Pages: 211 / 422M, Empty: 290M, Relocated: 2M, In-Place: 0
[140.929s][info][gc,reloc    ] GC(123) Medium Pages: 0 / 0M, Empty: 0M, Relocated: 0M, In-Place: 0
[140.929s][info][gc,reloc    ] GC(123) Large Pages: 0 / 0M, Empty: 0M, Relocated: 0M, In-Place: 0
[140.929s][info][gc,reloc    ] GC(123) Forwarding Usage: 0M
[140.929s][info][gc,heap     ] GC(123) Min Capacity: 8M(2%)
[140.929s][info][gc,heap     ] GC(123) Max Capacity: 512M(100%)
[140.929s][info][gc,heap     ] GC(123) Soft Max Capacity: 512M(100%)
[140.929s][info][gc,heap     ] GC(123)                Mark Start          Mark End        Relocate Start      Relocate End           High               Low         
[140.929s][info][gc,heap     ] GC(123)  Capacity:      512M (100%)        512M (100%)        512M (100%)        512M (100%)        512M (100%)        512M (100%)   
[140.929s][info][gc,heap     ] GC(123)      Free:       90M (18%)          80M (16%)         366M (71%)         488M (95%)         490M (96%)          78M (15%)    
[140.929s][info][gc,heap     ] GC(123)      Used:      422M (82%)         432M (84%)         146M (29%)          24M (5%)          434M (85%)          22M (4%)     
[140.930s][info][gc,heap     ] GC(123)      Live:         -                 6M (1%)            6M (1%)            6M (1%)             -                  -          
[140.930s][info][gc,heap     ] GC(123) Allocated:         -                10M (2%)           14M (3%)           15M (3%)             -                  -          
[140.930s][info][gc,heap     ] GC(123)   Garbage:         -               415M (81%)         125M (25%)           1M (0%)             -                  -          
[140.930s][info][gc,heap     ] GC(123) Reclaimed:         -                  -               290M (57%)         413M (81%)            -                  -          
[140.930s][info][gc          ] GC(123) Garbage Collection (Allocation Rate) 422M(82%)->24M(5%)
[142.087s][info][gc,start    ] GC(124) Garbage Collection (Proactive)
[142.087s][info][gc,task     ] GC(124) Using 5 workers
[142.088s][info][gc,phases   ] GC(124) Pause Mark Start 0.016ms
[142.103s][info][gc,phases   ] GC(124) Concurrent Mark 15.170ms
[142.103s][info][gc,phases   ] GC(124) Pause Mark End 0.019ms
[142.103s][info][gc,phases   ] GC(124) Concurrent Mark Free 0.002ms
[142.105s][info][gc,phases   ] GC(124) Concurrent Process Non-Strong References 1.643ms
[142.105s][info][gc,phases   ] GC(124) Concurrent Reset Relocation Set 0.010ms
[142.109s][info][gc,phases   ] GC(124) Concurrent Select Relocation Set 3.690ms
[142.109s][info][gc,phases   ] GC(124) Pause Relocate Start 0.010ms
[142.110s][info][gc,phases   ] GC(124) Concurrent Relocate 1.650ms
[142.111s][info][gc,load     ] GC(124) Load: 0.00/0.00/0.00
[142.111s][info][gc,mmu      ] GC(124) MMU: 2ms/98.6%, 5ms/99.5%, 10ms/99.6%, 20ms/99.8%, 50ms/99.9%, 100ms/99.9%
[142.111s][info][gc,marking  ] GC(124) Mark: 4 stripe(s), 2 proactive flush(es), 1 terminate flush(es), 0 completion(s), 0 continuation(s) 
[142.111s][info][gc,marking  ] GC(124) Mark Stack Usage: 32M
[142.111s][info][gc,nmethod  ] GC(124) NMethods: 1973 registered, 358 unregistered
[142.111s][info][gc,metaspace] GC(124) Metaspace: 9M used, 9M committed, 1088M reserved
[142.111s][info][gc,ref      ] GC(124) Soft: 214 encountered, 0 discovered, 0 enqueued
[142.111s][info][gc,ref      ] GC(124) Weak: 808 encountered, 33 discovered, 0 enqueued
[142.111s][info][gc,ref      ] GC(124) Final: 0 encountered, 0 discovered, 0 enqueued
[142.111s][info][gc,ref      ] GC(124) Phantom: 27 encountered, 19 discovered, 0 enqueued
[142.111s][info][gc,reloc    ] GC(124) Small Pages: 196 / 392M, Empty: 312M, Relocated: 1M, In-Place: 0
[142.111s][info][gc,reloc    ] GC(124) Medium Pages: 0 / 0M, Empty: 0M, Relocated: 0M, In-Place: 0
[142.111s][info][gc,reloc    ] GC(124) Large Pages: 0 / 0M, Empty: 0M, Relocated: 0M, In-Place: 0
[142.111s][info][gc,reloc    ] GC(124) Forwarding Usage: 0M
[142.111s][info][gc,heap     ] GC(124) Min Capacity: 8M(2%)
[142.111s][info][gc,heap     ] GC(124) Max Capacity: 512M(100%)
[142.111s][info][gc,heap     ] GC(124) Soft Max Capacity: 512M(100%)
[142.111s][info][gc,heap     ] GC(124)                Mark Start          Mark End        Relocate Start      Relocate End           High               Low         
[142.111s][info][gc,heap     ] GC(124)  Capacity:      512M (100%)        512M (100%)        512M (100%)        512M (100%)        512M (100%)        512M (100%)   
[142.111s][info][gc,heap     ] GC(124)      Free:      120M (23%)         114M (22%)         424M (83%)         486M (95%)         486M (95%)         112M (22%)    
[142.111s][info][gc,heap     ] GC(124)      Used:      392M (77%)         398M (78%)          88M (17%)          26M (5%)          400M (78%)          26M (5%)     
[142.111s][info][gc,heap     ] GC(124)      Live:         -                 6M (1%)            6M (1%)            6M (1%)             -                  -          
[142.111s][info][gc,heap     ] GC(124) Allocated:         -                 6M (1%)            8M (2%)            9M (2%)             -                  -          
[142.111s][info][gc,heap     ] GC(124)   Garbage:         -               385M (75%)          73M (14%)           9M (2%)             -                  -          
[142.111s][info][gc,heap     ] GC(124) Reclaimed:         -                  -               312M (61%)         375M (73%)            -                  -          
[142.111s][info][gc          ] GC(124) Garbage Collection (Proactive) 392M(77%)->26M(5%)
[143.290s][info][gc,start    ] GC(125) Garbage Collection (Allocation Rate)
[143.290s][info][gc,task     ] GC(125) Using 1 workers
[143.290s][info][gc,phases   ] GC(125) Pause Mark Start 0.018ms
[143.317s][info][gc,phases   ] GC(125) Concurrent Mark 26.324ms
[143.317s][info][gc,phases   ] GC(125) Pause Mark End 0.015ms
[143.317s][info][gc,phases   ] GC(125) Concurrent Mark Free 0.002ms
[143.324s][info][gc,phases   ] GC(125) Concurrent Process Non-Strong References 7.158ms
[143.324s][info][gc,phases   ] GC(125) Concurrent Reset Relocation Set 0.006ms
[143.330s][info][gc,phases   ] GC(125) Concurrent Select Relocation Set 5.630ms
[143.330s][info][gc,phases   ] GC(125) Pause Relocate Start 0.007ms
[143.337s][info][gc,phases   ] GC(125) Concurrent Relocate 6.326ms
[143.337s][info][gc,load     ] GC(125) Load: 0.00/0.00/0.00
[143.337s][info][gc,mmu      ] GC(125) MMU: 2ms/98.6%, 5ms/99.5%, 10ms/99.6%, 20ms/99.8%, 50ms/99.9%, 100ms/99.9%
[143.337s][info][gc,marking  ] GC(125) Mark: 1 stripe(s), 2 proactive flush(es), 1 terminate flush(es), 0 completion(s), 0 continuation(s) 
[143.337s][info][gc,marking  ] GC(125) Mark Stack Usage: 32M
[143.337s][info][gc,nmethod  ] GC(125) NMethods: 1973 registered, 358 unregistered
[143.337s][info][gc,metaspace] GC(125) Metaspace: 9M used, 9M committed, 1088M reserved
[143.337s][info][gc,ref      ] GC(125) Soft: 214 encountered, 0 discovered, 0 enqueued
[143.337s][info][gc,ref      ] GC(125) Weak: 808 encountered, 188 discovered, 0 enqueued
[143.337s][info][gc,ref      ] GC(125) Final: 0 encountered, 0 discovered, 0 enqueued
[143.337s][info][gc,ref      ] GC(125) Phantom: 27 encountered, 14 discovered, 0 enqueued
[143.337s][info][gc,reloc    ] GC(125) Small Pages: 203 / 406M, Empty: 280M, Relocated: 2M, In-Place: 0
[143.337s][info][gc,reloc    ] GC(125) Medium Pages: 0 / 0M, Empty: 0M, Relocated: 0M, In-Place: 0
[143.337s][info][gc,reloc    ] GC(125) Large Pages: 0 / 0M, Empty: 0M, Relocated: 0M, In-Place: 0
[143.337s][info][gc,reloc    ] GC(125) Forwarding Usage: 1M
[143.337s][info][gc,heap     ] GC(125) Min Capacity: 8M(2%)
[143.337s][info][gc,heap     ] GC(125) Max Capacity: 512M(100%)
[143.337s][info][gc,heap     ] GC(125) Soft Max Capacity: 512M(100%)
[143.337s][info][gc,heap     ] GC(125)                Mark Start          Mark End        Relocate Start      Relocate End           High               Low         
[143.337s][info][gc,heap     ] GC(125)  Capacity:      512M (100%)        512M (100%)        512M (100%)        512M (100%)        512M (100%)        512M (100%)   
[143.337s][info][gc,heap     ] GC(125)      Free:      106M (21%)          94M (18%)         370M (72%)         486M (95%)         486M (95%)          92M (18%)    
[143.337s][info][gc,heap     ] GC(125)      Used:      406M (79%)         418M (82%)         142M (28%)          26M (5%)          420M (82%)          26M (5%)     
[143.337s][info][gc,heap     ] GC(125)      Live:         -                 6M (1%)            6M (1%)            6M (1%)             -                  -          
[143.337s][info][gc,heap     ] GC(125) Allocated:         -                12M (2%)           16M (3%)           17M (4%)             -                  -          
[143.337s][info][gc,heap     ] GC(125)   Garbage:         -               399M (78%)         119M (23%)           1M (0%)             -                  -          
[143.338s][info][gc,heap     ] GC(125) Reclaimed:         -                  -               280M (55%)         397M (78%)            -                  -          
[143.338s][info][gc          ] GC(125) Garbage Collection (Allocation Rate) 406M(79%)->26M(5%)
[144.580s][info][gc,start    ] GC(126) Garbage Collection (Allocation Rate)
[144.597s][info][gc,task     ] GC(126) Using 1 workers
[144.598s][info][gc,phases   ] GC(126) Pause Mark Start 0.017ms
[144.625s][info][gc,phases   ] GC(126) Concurrent Mark 27.790ms
[144.626s][info][gc,phases   ] GC(126) Pause Mark End 0.018ms
[144.626s][info][gc,phases   ] GC(126) Concurrent Mark Free 0.002ms
[144.633s][info][gc,phases   ] GC(126) Concurrent Process Non-Strong References 7.214ms
[144.633s][info][gc,phases   ] GC(126) Concurrent Reset Relocation Set 0.010ms
[144.637s][info][gc,phases   ] GC(126) Concurrent Select Relocation Set 3.960ms
[144.637s][info][gc,phases   ] GC(126) Pause Relocate Start 0.009ms
[144.640s][info][gc,phases   ] GC(126) Concurrent Relocate 3.200ms
[144.641s][info][gc,load     ] GC(126) Load: 0.00/0.00/0.00
[144.641s][info][gc,mmu      ] GC(126) MMU: 2ms/98.6%, 5ms/99.5%, 10ms/99.6%, 20ms/99.8%, 50ms/99.9%, 100ms/99.9%
[144.641s][info][gc,marking  ] GC(126) Mark: 1 stripe(s), 2 proactive flush(es), 1 terminate flush(es), 0 completion(s), 0 continuation(s) 
[144.641s][info][gc,marking  ] GC(126) Mark Stack Usage: 32M
[144.641s][info][gc,nmethod  ] GC(126) NMethods: 1973 registered, 358 unregistered
[144.641s][info][gc,metaspace] GC(126) Metaspace: 9M used, 9M committed, 1088M reserved
[144.641s][info][gc,ref      ] GC(126) Soft: 214 encountered, 0 discovered, 0 enqueued
[144.641s][info][gc,ref      ] GC(126) Weak: 808 encountered, 188 discovered, 0 enqueued
[144.641s][info][gc,ref      ] GC(126) Final: 0 encountered, 0 discovered, 0 enqueued
[144.641s][info][gc,ref      ] GC(126) Phantom: 27 encountered, 14 discovered, 0 enqueued
[144.641s][info][gc,reloc    ] GC(126) Small Pages: 215 / 430M, Empty: 280M, Relocated: 1M, In-Place: 0
[144.641s][info][gc,reloc    ] GC(126) Medium Pages: 0 / 0M, Empty: 0M, Relocated: 0M, In-Place: 0
[144.641s][info][gc,reloc    ] GC(126) Large Pages: 0 / 0M, Empty: 0M, Relocated: 0M, In-Place: 0
[144.641s][info][gc,reloc    ] GC(126) Forwarding Usage: 0M
[144.641s][info][gc,heap     ] GC(126) Min Capacity: 8M(2%)
[144.641s][info][gc,heap     ] GC(126) Max Capacity: 512M(100%)
[144.641s][info][gc,heap     ] GC(126) Soft Max Capacity: 512M(100%)
[144.641s][info][gc,heap     ] GC(126)                Mark Start          Mark End        Relocate Start      Relocate End           High               Low         
[144.641s][info][gc,heap     ] GC(126)  Capacity:      512M (100%)        512M (100%)        512M (100%)        512M (100%)        512M (100%)        512M (100%)   
[144.641s][info][gc,heap     ] GC(126)      Free:       82M (16%)          70M (14%)         348M (68%)         488M (95%)         488M (95%)          68M (13%)    
[144.641s][info][gc,heap     ] GC(126)      Used:      430M (84%)         442M (86%)         164M (32%)          24M (5%)          444M (87%)          24M (5%)     
[144.641s][info][gc,heap     ] GC(126)      Live:         -                 6M (1%)            6M (1%)            6M (1%)             -                  -          
[144.641s][info][gc,heap     ] GC(126) Allocated:         -                12M (2%)           14M (3%)           15M (3%)             -                  -          
[144.641s][info][gc,heap     ] GC(126)   Garbage:         -               423M (83%)         143M (28%)           1M (0%)             -                  -          
[144.641s][info][gc,heap     ] GC(126) Reclaimed:         -                  -               280M (55%)         421M (82%)            -                  -          
[144.641s][info][gc          ] GC(126) Garbage Collection (Allocation Rate) 430M(84%)->24M(5%)
[145.890s][info][gc,start    ] GC(127) Garbage Collection (Allocation Rate)
[145.890s][info][gc,task     ] GC(127) Using 1 workers
[145.890s][info][gc,phases   ] GC(127) Pause Mark Start 0.018ms
[145.916s][info][gc,phases   ] GC(127) Concurrent Mark 26.061ms
[145.916s][info][gc,phases   ] GC(127) Pause Mark End 0.019ms
[145.916s][info][gc,phases   ] GC(127) Concurrent Mark Free 0.001ms
[145.924s][info][gc,phases   ] GC(127) Concurrent Process Non-Strong References 6.984ms
[145.924s][info][gc,phases   ] GC(127) Concurrent Reset Relocation Set 0.012ms
[145.927s][info][gc,phases   ] GC(127) Concurrent Select Relocation Set 3.831ms
[145.928s][info][gc,phases   ] GC(127) Pause Relocate Start 0.009ms
[145.931s][info][gc,phases   ] GC(127) Concurrent Relocate 2.843ms
[145.931s][info][gc,load     ] GC(127) Load: 0.00/0.00/0.00
[145.931s][info][gc,mmu      ] GC(127) MMU: 2ms/98.6%, 5ms/99.5%, 10ms/99.6%, 20ms/99.8%, 50ms/99.9%, 100ms/99.9%
[145.931s][info][gc,marking  ] GC(127) Mark: 1 stripe(s), 2 proactive flush(es), 1 terminate flush(es), 0 completion(s), 0 continuation(s) 
[145.931s][info][gc,marking  ] GC(127) Mark Stack Usage: 32M
[145.931s][info][gc,nmethod  ] GC(127) NMethods: 1973 registered, 358 unregistered
[145.931s][info][gc,metaspace] GC(127) Metaspace: 9M used, 9M committed, 1088M reserved
[145.931s][info][gc,ref      ] GC(127) Soft: 214 encountered, 0 discovered, 0 enqueued
[145.931s][info][gc,ref      ] GC(127) Weak: 808 encountered, 189 discovered, 0 enqueued
[145.931s][info][gc,ref      ] GC(127) Final: 0 encountered, 0 discovered, 0 enqueued
[145.931s][info][gc,ref      ] GC(127) Phantom: 27 encountered, 14 discovered, 0 enqueued
[145.931s][info][gc,reloc    ] GC(127) Small Pages: 215 / 430M, Empty: 382M, Relocated: 1M, In-Place: 0
[145.931s][info][gc,reloc    ] GC(127) Medium Pages: 0 / 0M, Empty: 0M, Relocated: 0M, In-Place: 0
[145.931s][info][gc,reloc    ] GC(127) Large Pages: 0 / 0M, Empty: 0M, Relocated: 0M, In-Place: 0
[145.931s][info][gc,reloc    ] GC(127) Forwarding Usage: 0M
[145.931s][info][gc,heap     ] GC(127) Min Capacity: 8M(2%)
[145.931s][info][gc,heap     ] GC(127) Max Capacity: 512M(100%)
[145.931s][info][gc,heap     ] GC(127) Soft Max Capacity: 512M(100%)
[145.931s][info][gc,heap     ] GC(127)                Mark Start          Mark End        Relocate Start      Relocate End           High               Low         
[145.931s][info][gc,heap     ] GC(127)  Capacity:      512M (100%)        512M (100%)        512M (100%)        512M (100%)        512M (100%)        512M (100%)   
[145.931s][info][gc,heap     ] GC(127)      Free:       82M (16%)          72M (14%)         450M (88%)         490M (96%)         490M (96%)          70M (14%)    
[145.931s][info][gc,heap     ] GC(127)      Used:      430M (84%)         440M (86%)          62M (12%)          22M (4%)          442M (86%)          22M (4%)     
[145.931s][info][gc,heap     ] GC(127)      Live:         -                 6M (1%)            6M (1%)            6M (1%)             -                  -          
[145.931s][info][gc,heap     ] GC(127) Allocated:         -                10M (2%)           14M (3%)           13M (3%)             -                  -          
[145.931s][info][gc,heap     ] GC(127)   Garbage:         -               423M (83%)          41M (8%)            1M (0%)             -                  -          
[145.931s][info][gc,heap     ] GC(127) Reclaimed:         -                  -               382M (75%)         421M (82%)            -                  -          
[145.931s][info][gc          ] GC(127) Garbage Collection (Allocation Rate) 430M(84%)->22M(4%)
[146.400s][info][gc,start    ] GC(128) Garbage Collection (System.gc())
[146.400s][info][gc,task     ] GC(128) Using 5 workers
[146.400s][info][gc,phases   ] GC(128) Pause Mark Start 0.016ms
[146.421s][info][gc,phases   ] GC(128) Concurrent Mark 20.275ms
[146.421s][info][gc,phases   ] GC(128) Pause Mark End 0.016ms
[146.421s][info][gc,phases   ] GC(128) Concurrent Mark Free 0.001ms
[146.423s][info][gc,phases   ] GC(128) Concurrent Process Non-Strong References 1.692ms
[146.423s][info][gc,phases   ] GC(128) Concurrent Reset Relocation Set 0.003ms
[146.426s][info][gc,phases   ] GC(128) Concurrent Select Relocation Set 3.700ms
[146.426s][info][gc,phases   ] GC(128) Pause Relocate Start 0.007ms
[146.428s][info][gc,phases   ] GC(128) Concurrent Relocate 1.627ms
[146.428s][info][gc,load     ] GC(128) Load: 0.00/0.00/0.00
[146.428s][info][gc,mmu      ] GC(128) MMU: 2ms/98.6%, 5ms/99.5%, 10ms/99.6%, 20ms/99.8%, 50ms/99.9%, 100ms/99.9%
[146.428s][info][gc,marking  ] GC(128) Mark: 4 stripe(s), 1 proactive flush(es), 1 terminate flush(es), 0 completion(s), 0 continuation(s) 
[146.428s][info][gc,marking  ] GC(128) Mark Stack Usage: 32M
[146.428s][info][gc,nmethod  ] GC(128) NMethods: 1973 registered, 358 unregistered
[146.428s][info][gc,metaspace] GC(128) Metaspace: 9M used, 9M committed, 1088M reserved
[146.428s][info][gc,ref      ] GC(128) Soft: 214 encountered, 0 discovered, 0 enqueued
[146.428s][info][gc,ref      ] GC(128) Weak: 808 encountered, 120 discovered, 0 enqueued
[146.428s][info][gc,ref      ] GC(128) Final: 0 encountered, 0 discovered, 0 enqueued
[146.428s][info][gc,ref      ] GC(128) Phantom: 27 encountered, 18 discovered, 0 enqueued
[146.429s][info][gc,reloc    ] GC(128) Small Pages: 86 / 172M, Empty: 160M, Relocated: 1M, In-Place: 0
[146.429s][info][gc,reloc    ] GC(128) Medium Pages: 0 / 0M, Empty: 0M, Relocated: 0M, In-Place: 0
[146.429s][info][gc,reloc    ] GC(128) Large Pages: 0 / 0M, Empty: 0M, Relocated: 0M, In-Place: 0
[146.429s][info][gc,reloc    ] GC(128) Forwarding Usage: 0M
[146.429s][info][gc,heap     ] GC(128) Min Capacity: 8M(2%)
[146.429s][info][gc,heap     ] GC(128) Max Capacity: 512M(100%)
[146.429s][info][gc,heap     ] GC(128) Soft Max Capacity: 512M(100%)
[146.429s][info][gc,heap     ] GC(128)                Mark Start          Mark End        Relocate Start      Relocate End           High               Low         
[146.429s][info][gc,heap     ] GC(128)  Capacity:      512M (100%)        512M (100%)        512M (100%)        512M (100%)        512M (100%)        512M (100%)   
[146.429s][info][gc,heap     ] GC(128)      Free:      340M (66%)         340M (66%)         500M (98%)         500M (98%)         500M (98%)         340M (66%)    
[146.429s][info][gc,heap     ] GC(128)      Used:      172M (34%)         172M (34%)          12M (2%)           12M (2%)          172M (34%)          12M (2%)     
[146.429s][info][gc,heap     ] GC(128)      Live:         -                 4M (1%)            4M (1%)            4M (1%)             -                  -          
[146.429s][info][gc,heap     ] GC(128) Allocated:         -                 0M (0%)            0M (0%)            0M (0%)             -                  -          
[146.429s][info][gc,heap     ] GC(128)   Garbage:         -               167M (33%)           7M (1%)            7M (1%)             -                  -          
[146.429s][info][gc,heap     ] GC(128) Reclaimed:         -                  -               160M (31%)         160M (31%)            -                  -          
[146.429s][info][gc          ] GC(128) Garbage Collection (System.gc()) 172M(34%)->12M(2%)
[147.577s][info][gc,start    ] GC(129) Garbage Collection (Allocation Rate)
[147.577s][info][gc,task     ] GC(129) Using 1 workers
[147.577s][info][gc,phases   ] GC(129) Pause Mark Start 0.018ms
[147.604s][info][gc,phases   ] GC(129) Concurrent Mark 26.948ms
[147.604s][info][gc,phases   ] GC(129) Pause Mark End 0.017ms
[147.604s][info][gc,phases   ] GC(129) Concurrent Mark Free 0.001ms
[147.611s][info][gc,phases   ] GC(129) Concurrent Process Non-Strong References 7.141ms
[147.612s][info][gc,phases   ] GC(129) Concurrent Reset Relocation Set 0.001ms
[147.617s][info][gc,phases   ] GC(129) Concurrent Select Relocation Set 5.268ms
[147.617s][info][gc,phases   ] GC(129) Pause Relocate Start 0.009ms
[147.622s][info][gc,phases   ] GC(129) Concurrent Relocate 4.798ms
[147.622s][info][gc,load     ] GC(129) Load: 0.00/0.00/0.00
[147.622s][info][gc,mmu      ] GC(129) MMU: 2ms/98.6%, 5ms/99.5%, 10ms/99.6%, 20ms/99.8%, 50ms/99.9%, 100ms/99.9%
[147.622s][info][gc,marking  ] GC(129) Mark: 1 stripe(s), 2 proactive flush(es), 1 terminate flush(es), 0 completion(s), 0 continuation(s) 
[147.622s][info][gc,marking  ] GC(129) Mark Stack Usage: 32M
[147.622s][info][gc,nmethod  ] GC(129) NMethods: 1974 registered, 358 unregistered
[147.622s][info][gc,metaspace] GC(129) Metaspace: 9M used, 9M committed, 1088M reserved
[147.622s][info][gc,ref      ] GC(129) Soft: 214 encountered, 0 discovered, 0 enqueued
[147.622s][info][gc,ref      ] GC(129) Weak: 809 encountered, 188 discovered, 0 enqueued
[147.622s][info][gc,ref      ] GC(129) Final: 0 encountered, 0 discovered, 0 enqueued
[147.622s][info][gc,ref      ] GC(129) Phantom: 27 encountered, 14 discovered, 0 enqueued
[147.622s][info][gc,reloc    ] GC(129) Small Pages: 189 / 378M, Empty: 200M, Relocated: 2M, In-Place: 0
[147.622s][info][gc,reloc    ] GC(129) Medium Pages: 0 / 0M, Empty: 0M, Relocated: 0M, In-Place: 0
[147.622s][info][gc,reloc    ] GC(129) Large Pages: 0 / 0M, Empty: 0M, Relocated: 0M, In-Place: 0
[147.622s][info][gc,reloc    ] GC(129) Forwarding Usage: 1M
[147.622s][info][gc,heap     ] GC(129) Min Capacity: 8M(2%)
[147.622s][info][gc,heap     ] GC(129) Max Capacity: 512M(100%)
[147.622s][info][gc,heap     ] GC(129) Soft Max Capacity: 512M(100%)
[147.622s][info][gc,heap     ] GC(129)                Mark Start          Mark End        Relocate Start      Relocate End           High               Low         
[147.622s][info][gc,heap     ] GC(129)  Capacity:      512M (100%)        512M (100%)        512M (100%)        512M (100%)        512M (100%)        512M (100%)   
[147.622s][info][gc,heap     ] GC(129)      Free:      134M (26%)         124M (24%)         320M (63%)         488M (95%)         490M (96%)         122M (24%)    
[147.623s][info][gc,heap     ] GC(129)      Used:      378M (74%)         388M (76%)         192M (38%)          24M (5%)          390M (76%)          22M (4%)     
[147.623s][info][gc,heap     ] GC(129)      Live:         -                 6M (1%)            6M (1%)            6M (1%)             -                  -          
[147.623s][info][gc,heap     ] GC(129) Allocated:         -                10M (2%)           14M (3%)           15M (3%)             -                  -          
[147.623s][info][gc,heap     ] GC(129)   Garbage:         -               371M (73%)         171M (34%)           1M (0%)             -                  -          
[147.623s][info][gc,heap     ] GC(129) Reclaimed:         -                  -               200M (39%)         369M (72%)            -                  -          
[147.623s][info][gc          ] GC(129) Garbage Collection (Allocation Rate) 378M(74%)->24M(5%)
[148.889s][info][gc,start    ] GC(130) Garbage Collection (Allocation Rate)
[148.889s][info][gc,task     ] GC(130) Using 1 workers
[148.889s][info][gc,phases   ] GC(130) Pause Mark Start 0.017ms
[148.917s][info][gc,phases   ] GC(130) Concurrent Mark 27.892ms
[148.917s][info][gc,phases   ] GC(130) Pause Mark End 0.015ms
[148.917s][info][gc,phases   ] GC(130) Concurrent Mark Free 0.001ms
[148.924s][info][gc,phases   ] GC(130) Concurrent Process Non-Strong References 7.156ms
[148.925s][info][gc,phases   ] GC(130) Concurrent Reset Relocation Set 0.015ms
[148.929s][info][gc,phases   ] GC(130) Concurrent Select Relocation Set 3.980ms
[148.929s][info][gc,phases   ] GC(130) Pause Relocate Start 0.005ms
[148.933s][info][gc,phases   ] GC(130) Concurrent Relocate 4.005ms
[148.933s][info][gc,load     ] GC(130) Load: 0.00/0.00/0.00
[148.933s][info][gc,mmu      ] GC(130) MMU: 2ms/98.6%, 5ms/99.5%, 10ms/99.6%, 20ms/99.8%, 50ms/99.9%, 100ms/99.9%
[148.933s][info][gc,marking  ] GC(130) Mark: 1 stripe(s), 2 proactive flush(es), 1 terminate flush(es), 0 completion(s), 0 continuation(s) 
[148.933s][info][gc,marking  ] GC(130) Mark Stack Usage: 32M
[148.933s][info][gc,nmethod  ] GC(130) NMethods: 1974 registered, 358 unregistered
[148.933s][info][gc,metaspace] GC(130) Metaspace: 9M used, 9M committed, 1088M reserved
[148.933s][info][gc,ref      ] GC(130) Soft: 214 encountered, 0 discovered, 0 enqueued
[148.933s][info][gc,ref      ] GC(130) Weak: 809 encountered, 189 discovered, 0 enqueued
[148.933s][info][gc,ref      ] GC(130) Final: 0 encountered, 0 discovered, 0 enqueued
[148.933s][info][gc,ref      ] GC(130) Phantom: 27 encountered, 14 discovered, 0 enqueued
[148.933s][info][gc,reloc    ] GC(130) Small Pages: 212 / 424M, Empty: 306M, Relocated: 1M, In-Place: 0
[148.933s][info][gc,reloc    ] GC(130) Medium Pages: 0 / 0M, Empty: 0M, Relocated: 0M, In-Place: 0
[148.933s][info][gc,reloc    ] GC(130) Large Pages: 0 / 0M, Empty: 0M, Relocated: 0M, In-Place: 0
[148.933s][info][gc,reloc    ] GC(130) Forwarding Usage: 0M
[148.933s][info][gc,heap     ] GC(130) Min Capacity: 8M(2%)
[148.933s][info][gc,heap     ] GC(130) Max Capacity: 512M(100%)
[148.933s][info][gc,heap     ] GC(130) Soft Max Capacity: 512M(100%)
[148.933s][info][gc,heap     ] GC(130)                Mark Start          Mark End        Relocate Start      Relocate End           High               Low         
[148.933s][info][gc,heap     ] GC(130)  Capacity:      512M (100%)        512M (100%)        512M (100%)        512M (100%)        512M (100%)        512M (100%)   
[148.933s][info][gc,heap     ] GC(130)      Free:       88M (17%)          78M (15%)         380M (74%)         488M (95%)         488M (95%)          76M (15%)    
[148.933s][info][gc,heap     ] GC(130)      Used:      424M (83%)         434M (85%)         132M (26%)          24M (5%)          436M (85%)          24M (5%)     
[148.933s][info][gc,heap     ] GC(130)      Live:         -                 6M (1%)            6M (1%)            6M (1%)             -                  -          
[148.933s][info][gc,heap     ] GC(130) Allocated:         -                10M (2%)           14M (3%)           15M (3%)             -                  -          
[148.934s][info][gc,heap     ] GC(130)   Garbage:         -               417M (82%)         111M (22%)           1M (0%)             -                  -          
[148.934s][info][gc,heap     ] GC(130) Reclaimed:         -                  -               306M (60%)         415M (81%)            -                  -          
[148.934s][info][gc          ] GC(130) Garbage Collection (Allocation Rate) 424M(83%)->24M(5%)
[150.090s][info][gc,stats    ] === Garbage Collection Statistics =======================================================================================================================
[150.091s][info][gc,stats    ]                                                              Last 10s              Last 10m              Last 10h                Total
[150.091s][info][gc,stats    ]                                                              Avg / Max             Avg / Max             Avg / Max             Avg / Max
[150.091s][info][gc,stats    ]   Collector: Garbage Collection Cycle                     41.626 / 60.351       36.736 / 60.351       36.736 / 60.351       36.736 / 60.351      ms
[150.091s][info][gc,stats    ]  Contention: Mark Segment Reset Contention                     0 / 0                 0 / 4                 0 / 4                 0 / 4           ops/s
[150.091s][info][gc,stats    ]  Contention: Mark SeqNum Reset Contention                      0 / 0                 0 / 2                 0 / 2                 0 / 2           ops/s
[150.091s][info][gc,stats    ]    Critical: Allocation Stall                                  0 / 0                 0 / 0                 0 / 0                 0 / 0           ops/s
[150.091s][info][gc,stats    ]    Critical: Allocation Stall                              0.000 / 0.000         0.000 / 0.000         0.000 / 0.000         0.000 / 0.000       ms
[150.091s][info][gc,stats    ]    Critical: GC Locker Stall                                   0 / 0                 0 / 0                 0 / 0                 0 / 0           ops/s
[150.091s][info][gc,stats    ]    Critical: GC Locker Stall                               0.000 / 0.000         0.000 / 0.000         0.000 / 0.000         0.000 / 0.000       ms
[150.091s][info][gc,stats    ]    Critical: Relocation Stall                                  0 / 0                 0 / 0                 0 / 0                 0 / 0           ops/s
[150.091s][info][gc,stats    ]    Critical: Relocation Stall                              0.000 / 0.000         0.000 / 0.000         0.000 / 0.000         0.000 / 0.000       ms
[150.091s][info][gc,stats    ]      Memory: Allocation Rate                                 324 / 336             317 / 338             317 / 338             317 / 338         MB/s
[150.091s][info][gc,stats    ]      Memory: Defragment                                        0 / 0                 0 / 0                 0 / 0                 0 / 0           ops/s
[150.091s][info][gc,stats    ]      Memory: Out Of Memory                                     0 / 0                 0 / 0                 0 / 0                 0 / 0           ops/s
[150.091s][info][gc,stats    ]      Memory: Page Cache Flush                                  0 / 0                 0 / 0                 0 / 0                 0 / 0           MB/s
[150.091s][info][gc,stats    ]      Memory: Page Cache Hit L1                               163 / 169             159 / 174             159 / 174             159 / 174         ops/s
[150.091s][info][gc,stats    ]      Memory: Page Cache Hit L2                                 0 / 0                 0 / 0                 0 / 0                 0 / 0           ops/s
[150.091s][info][gc,stats    ]      Memory: Page Cache Hit L3                                 0 / 0                 1 / 77                1 / 77                1 / 77          ops/s
[150.091s][info][gc,stats    ]      Memory: Page Cache Miss                                   0 / 0                 0 / 1                 0 / 1                 0 / 1           ops/s
[150.091s][info][gc,stats    ]      Memory: Uncommit                                          0 / 0                 0 / 0                 0 / 0                 0 / 0           MB/s
[150.091s][info][gc,stats    ]      Memory: Undo Object Allocation Failed                     0 / 3                 0 / 6                 0 / 6                 0 / 6           ops/s
[150.091s][info][gc,stats    ]      Memory: Undo Object Allocation Succeeded                  0 / 3                 0 / 7                 0 / 7                 0 / 7           ops/s
[150.091s][info][gc,stats    ]      Memory: Undo Page Allocation                              1 / 5                 1 / 10                1 / 10                1 / 10          ops/s
[150.091s][info][gc,stats    ]       Phase: Concurrent Mark                              24.692 / 27.892       22.610 / 38.107       22.610 / 38.107       22.610 / 38.107      ms
[150.091s][info][gc,stats    ]       Phase: Concurrent Mark Continue                      0.000 / 0.000         0.000 / 0.000         0.000 / 0.000         0.000 / 0.000       ms
[150.091s][info][gc,stats    ]       Phase: Concurrent Mark Free                          0.001 / 0.002         0.001 / 0.002         0.001 / 0.002         0.001 / 0.002       ms
[150.091s][info][gc,stats    ]       Phase: Concurrent Process Non-Strong References      5.712 / 7.214         4.676 / 7.613         4.676 / 7.613         4.676 / 7.613       ms
[150.092s][info][gc,stats    ]       Phase: Concurrent Relocate                           3.630 / 6.326         3.736 / 8.950         3.736 / 8.950         3.736 / 8.950       ms
[150.092s][info][gc,stats    ]       Phase: Concurrent Reset Relocation Set               0.008 / 0.015         0.007 / 0.015         0.007 / 0.015         0.007 / 0.015       ms
[150.092s][info][gc,stats    ]       Phase: Concurrent Select Relocation Set              4.386 / 5.630         4.485 / 14.681        4.485 / 14.681        4.485 / 14.681      ms
[150.092s][info][gc,stats    ]       Phase: Pause Mark End                                0.017 / 0.019         0.017 / 0.021         0.017 / 0.021         0.017 / 0.021       ms
[150.092s][info][gc,stats    ]       Phase: Pause Mark Start                              0.017 / 0.018         0.017 / 0.027         0.017 / 0.027         0.017 / 0.027       ms
[150.092s][info][gc,stats    ]       Phase: Pause Relocate Start                          0.008 / 0.010         0.008 / 0.012         0.008 / 0.012         0.008 / 0.012       ms
[150.092s][info][gc,stats    ]    Subphase: Concurrent Classes Purge                      0.005 / 0.006         0.023 / 0.583         0.023 / 0.583         0.023 / 0.583       ms
[150.092s][info][gc,stats    ]    Subphase: Concurrent Classes Unlink                     4.782 / 5.982         3.799 / 5.982         3.799 / 5.982         3.799 / 5.982       ms
[150.092s][info][gc,stats    ]    Subphase: Concurrent Mark                              18.470 / 25.292       15.385 / 34.990       15.385 / 34.990       15.385 / 34.990      ms
[150.092s][info][gc,stats    ]    Subphase: Concurrent Mark Try Flush                     0.062 / 0.122         0.059 / 0.187         0.059 / 0.187         0.059 / 0.187       ms
[150.092s][info][gc,stats    ]    Subphase: Concurrent Mark Try Terminate                 3.848 / 14.988        3.382 / 16.135        3.382 / 16.135        3.382 / 16.135      ms
[150.092s][info][gc,stats    ]    Subphase: Concurrent References Enqueue                 0.000 / 0.001         0.001 / 0.005         0.001 / 0.005         0.001 / 0.005       ms
[150.092s][info][gc,stats    ]    Subphase: Concurrent References Process                 0.047 / 0.056         0.049 / 0.114         0.049 / 0.114         0.049 / 0.114       ms
[150.092s][info][gc,stats    ]    Subphase: Concurrent Roots ClassLoaderDataGraph         0.192 / 0.358         0.157 / 0.631         0.157 / 0.631         0.157 / 0.631       ms
[150.092s][info][gc,stats    ]    Subphase: Concurrent Roots CodeCache                    0.000 / 0.000         0.000 / 0.000         0.000 / 0.000         0.000 / 0.000       ms
[150.092s][info][gc,stats    ]    Subphase: Concurrent Roots JavaThreads                  1.184 / 2.272         0.943 / 2.289         0.943 / 2.289         0.943 / 2.289       ms
[150.092s][info][gc,stats    ]    Subphase: Concurrent Roots OopStorageSet                0.034 / 0.060         0.032 / 0.136         0.032 / 0.136         0.032 / 0.136       ms
[150.092s][info][gc,stats    ]    Subphase: Concurrent Weak Roots OopStorageSet           0.486 / 1.114         0.392 / 1.768         0.392 / 1.768         0.392 / 1.768       ms
[150.092s][info][gc,stats    ]    Subphase: Pause Mark Try Complete                       0.000 / 0.000         0.000 / 0.000         0.000 / 0.000         0.000 / 0.000       ms
[150.092s][info][gc,stats    ]      System: Java Threads                                     40 / 41               34 / 41               34 / 41               34 / 41          threads
[150.092s][info][gc,stats    ] =========================================================================================================================================================
[150.184s][info][gc,start    ] GC(131) Garbage Collection (Allocation Rate)
[150.184s][info][gc,task     ] GC(131) Using 1 workers
[150.184s][info][gc,phases   ] GC(131) Pause Mark Start 0.019ms
[150.210s][info][gc,phases   ] GC(131) Concurrent Mark 25.769ms
[150.211s][info][gc,phases   ] GC(131) Pause Mark End 0.020ms
[150.211s][info][gc,phases   ] GC(131) Concurrent Mark Free 0.002ms
[150.218s][info][gc,phases   ] GC(131) Concurrent Process Non-Strong References 7.072ms
[150.218s][info][gc,phases   ] GC(131) Concurrent Reset Relocation Set 0.008ms
[150.222s][info][gc,phases   ] GC(131) Concurrent Select Relocation Set 3.782ms
[150.222s][info][gc,phases   ] GC(131) Pause Relocate Start 0.011ms
[150.225s][info][gc,phases   ] GC(131) Concurrent Relocate 3.015ms
[150.225s][info][gc,load     ] GC(131) Load: 0.00/0.00/0.00
[150.225s][info][gc,mmu      ] GC(131) MMU: 2ms/98.6%, 5ms/99.5%, 10ms/99.6%, 20ms/99.8%, 50ms/99.9%, 100ms/99.9%
[150.225s][info][gc,marking  ] GC(131) Mark: 1 stripe(s), 2 proactive flush(es), 1 terminate flush(es), 0 completion(s), 0 continuation(s) 
[150.225s][info][gc,marking  ] GC(131) Mark Stack Usage: 32M
[150.225s][info][gc,nmethod  ] GC(131) NMethods: 1974 registered, 358 unregistered
[150.225s][info][gc,metaspace] GC(131) Metaspace: 9M used, 9M committed, 1088M reserved
[150.225s][info][gc,ref      ] GC(131) Soft: 214 encountered, 0 discovered, 0 enqueued
[150.225s][info][gc,ref      ] GC(131) Weak: 809 encountered, 9 discovered, 0 enqueued
[150.225s][info][gc,ref      ] GC(131) Final: 0 encountered, 0 discovered, 0 enqueued
[150.225s][info][gc,ref      ] GC(131) Phantom: 27 encountered, 14 discovered, 0 enqueued
[150.225s][info][gc,reloc    ] GC(131) Small Pages: 213 / 426M, Empty: 324M, Relocated: 1M, In-Place: 0
[150.225s][info][gc,reloc    ] GC(131) Medium Pages: 0 / 0M, Empty: 0M, Relocated: 0M, In-Place: 0
[150.225s][info][gc,reloc    ] GC(131) Large Pages: 0 / 0M, Empty: 0M, Relocated: 0M, In-Place: 0
[150.225s][info][gc,reloc    ] GC(131) Forwarding Usage: 0M
[150.225s][info][gc,heap     ] GC(131) Min Capacity: 8M(2%)
[150.225s][info][gc,heap     ] GC(131) Max Capacity: 512M(100%)
[150.225s][info][gc,heap     ] GC(131) Soft Max Capacity: 512M(100%)
[150.226s][info][gc,heap     ] GC(131)                Mark Start          Mark End        Relocate Start      Relocate End           High               Low         
[150.226s][info][gc,heap     ] GC(131)  Capacity:      512M (100%)        512M (100%)        512M (100%)        512M (100%)        512M (100%)        512M (100%)   
[150.226s][info][gc,heap     ] GC(131)      Free:       86M (17%)          76M (15%)         396M (77%)         490M (96%)         490M (96%)          74M (14%)    
[150.226s][info][gc,heap     ] GC(131)      Used:      426M (83%)         436M (85%)         116M (23%)          22M (4%)          438M (86%)          22M (4%)     
[150.226s][info][gc,heap     ] GC(131)      Live:         -                 6M (1%)            6M (1%)            6M (1%)             -                  -          
[150.226s][info][gc,heap     ] GC(131) Allocated:         -                10M (2%)           14M (3%)           13M (3%)             -                  -          
[150.226s][info][gc,heap     ] GC(131)   Garbage:         -               419M (82%)          95M (19%)           1M (0%)             -                  -          
[150.226s][info][gc,heap     ] GC(131) Reclaimed:         -                  -               324M (63%)         417M (82%)            -                  -          
[150.226s][info][gc          ] GC(131) Garbage Collection (Allocation Rate) 426M(83%)->22M(4%)
[151.278s][info][gc,start    ] GC(132) Garbage Collection (Proactive)
[151.278s][info][gc,task     ] GC(132) Using 5 workers
[151.278s][info][gc,phases   ] GC(132) Pause Mark Start 0.017ms
[151.293s][info][gc,phases   ] GC(132) Concurrent Mark 15.266ms
[151.293s][info][gc,phases   ] GC(132) Pause Mark End 0.020ms
[151.293s][info][gc,phases   ] GC(132) Concurrent Mark Free 0.002ms
[151.295s][info][gc,phases   ] GC(132) Concurrent Process Non-Strong References 1.680ms
[151.295s][info][gc,phases   ] GC(132) Concurrent Reset Relocation Set 0.007ms
[151.300s][info][gc,phases   ] GC(132) Concurrent Select Relocation Set 4.975ms
[151.300s][info][gc,phases   ] GC(132) Pause Relocate Start 0.009ms
[151.303s][info][gc,phases   ] GC(132) Concurrent Relocate 2.727ms
[151.303s][info][gc,load     ] GC(132) Load: 0.00/0.00/0.00
[151.303s][info][gc,mmu      ] GC(132) MMU: 2ms/98.6%, 5ms/99.5%, 10ms/99.6%, 20ms/99.8%, 50ms/99.9%, 100ms/99.9%
[151.303s][info][gc,marking  ] GC(132) Mark: 4 stripe(s), 2 proactive flush(es), 1 terminate flush(es), 0 completion(s), 0 continuation(s) 
[151.303s][info][gc,marking  ] GC(132) Mark Stack Usage: 32M
[151.303s][info][gc,nmethod  ] GC(132) NMethods: 1974 registered, 358 unregistered
[151.303s][info][gc,metaspace] GC(132) Metaspace: 9M used, 9M committed, 1088M reserved
[151.303s][info][gc,ref      ] GC(132) Soft: 214 encountered, 0 discovered, 0 enqueued
[151.303s][info][gc,ref      ] GC(132) Weak: 809 encountered, 6 discovered, 0 enqueued
[151.304s][info][gc,ref      ] GC(132) Final: 0 encountered, 0 discovered, 0 enqueued
[151.304s][info][gc,ref      ] GC(132) Phantom: 27 encountered, 15 discovered, 0 enqueued
[151.304s][info][gc,reloc    ] GC(132) Small Pages: 182 / 364M, Empty: 314M, Relocated: 1M, In-Place: 0
[151.304s][info][gc,reloc    ] GC(132) Medium Pages: 0 / 0M, Empty: 0M, Relocated: 0M, In-Place: 0
[151.304s][info][gc,reloc    ] GC(132) Large Pages: 0 / 0M, Empty: 0M, Relocated: 0M, In-Place: 0
[151.304s][info][gc,reloc    ] GC(132) Forwarding Usage: 0M
[151.304s][info][gc,heap     ] GC(132) Min Capacity: 8M(2%)
[151.304s][info][gc,heap     ] GC(132) Max Capacity: 512M(100%)
[151.304s][info][gc,heap     ] GC(132) Soft Max Capacity: 512M(100%)
[151.304s][info][gc,heap     ] GC(132)                Mark Start          Mark End        Relocate Start      Relocate End           High               Low         
[151.304s][info][gc,heap     ] GC(132)  Capacity:      512M (100%)        512M (100%)        512M (100%)        512M (100%)        512M (100%)        512M (100%)   
[151.304s][info][gc,heap     ] GC(132)      Free:      148M (29%)         140M (27%)         452M (88%)         486M (95%)         486M (95%)         140M (27%)    
[151.304s][info][gc,heap     ] GC(132)      Used:      364M (71%)         372M (73%)          60M (12%)          26M (5%)          372M (73%)          26M (5%)     
[151.304s][info][gc,heap     ] GC(132)      Live:         -                 6M (1%)            6M (1%)            6M (1%)             -                  -          
[151.304s][info][gc,heap     ] GC(132) Allocated:         -                 8M (2%)           10M (2%)            9M (2%)             -                  -          
[151.304s][info][gc,heap     ] GC(132)   Garbage:         -               357M (70%)          43M (9%)            9M (2%)             -                  -          
[151.304s][info][gc,heap     ] GC(132) Reclaimed:         -                  -               314M (61%)         347M (68%)            -                  -          
[151.304s][info][gc          ] GC(132) Garbage Collection (Proactive) 364M(71%)->26M(5%)
[152.480s][info][gc,start    ] GC(133) Garbage Collection (Allocation Rate)
[152.480s][info][gc,task     ] GC(133) Using 1 workers
[152.481s][info][gc,phases   ] GC(133) Pause Mark Start 0.018ms
[152.507s][info][gc,phases   ] GC(133) Concurrent Mark 26.282ms
[152.507s][info][gc,phases   ] GC(133) Pause Mark End 0.019ms
[152.507s][info][gc,phases   ] GC(133) Concurrent Mark Free 0.002ms
[152.514s][info][gc,phases   ] GC(133) Concurrent Process Non-Strong References 7.066ms
[152.514s][info][gc,phases   ] GC(133) Concurrent Reset Relocation Set 0.004ms
[152.518s][info][gc,phases   ] GC(133) Concurrent Select Relocation Set 3.869ms
[152.519s][info][gc,phases   ] GC(133) Pause Relocate Start 0.010ms
[152.522s][info][gc,phases   ] GC(133) Concurrent Relocate 2.952ms
[152.522s][info][gc,load     ] GC(133) Load: 0.00/0.00/0.00
[152.522s][info][gc,mmu      ] GC(133) MMU: 2ms/98.6%, 5ms/99.5%, 10ms/99.6%, 20ms/99.8%, 50ms/99.9%, 100ms/99.9%
[152.522s][info][gc,marking  ] GC(133) Mark: 1 stripe(s), 2 proactive flush(es), 1 terminate flush(es), 0 completion(s), 0 continuation(s) 
[152.522s][info][gc,marking  ] GC(133) Mark Stack Usage: 32M
[152.522s][info][gc,nmethod  ] GC(133) NMethods: 1974 registered, 358 unregistered
[152.522s][info][gc,metaspace] GC(133) Metaspace: 9M used, 9M committed, 1088M reserved
[152.522s][info][gc,ref      ] GC(133) Soft: 214 encountered, 0 discovered, 0 enqueued
[152.522s][info][gc,ref      ] GC(133) Weak: 809 encountered, 189 discovered, 0 enqueued
[152.522s][info][gc,ref      ] GC(133) Final: 0 encountered, 0 discovered, 0 enqueued
[152.522s][info][gc,ref      ] GC(133) Phantom: 27 encountered, 14 discovered, 0 enqueued
[152.522s][info][gc,reloc    ] GC(133) Small Pages: 208 / 416M, Empty: 336M, Relocated: 1M, In-Place: 0
[152.522s][info][gc,reloc    ] GC(133) Medium Pages: 0 / 0M, Empty: 0M, Relocated: 0M, In-Place: 0
[152.522s][info][gc,reloc    ] GC(133) Large Pages: 0 / 0M, Empty: 0M, Relocated: 0M, In-Place: 0
[152.522s][info][gc,reloc    ] GC(133) Forwarding Usage: 0M
[152.522s][info][gc,heap     ] GC(133) Min Capacity: 8M(2%)
[152.522s][info][gc,heap     ] GC(133) Max Capacity: 512M(100%)
[152.522s][info][gc,heap     ] GC(133) Soft Max Capacity: 512M(100%)
[152.522s][info][gc,heap     ] GC(133)                Mark Start          Mark End        Relocate Start      Relocate End           High               Low         
[152.522s][info][gc,heap     ] GC(133)  Capacity:      512M (100%)        512M (100%)        512M (100%)        512M (100%)        512M (100%)        512M (100%)   
[152.522s][info][gc,heap     ] GC(133)      Free:       96M (19%)          86M (17%)         418M (82%)         490M (96%)         490M (96%)          84M (16%)    
[152.522s][info][gc,heap     ] GC(133)      Used:      416M (81%)         426M (83%)          94M (18%)          22M (4%)          428M (84%)          22M (4%)     
[152.522s][info][gc,heap     ] GC(133)      Live:         -                 6M (1%)            6M (1%)            6M (1%)             -                  -          
[152.522s][info][gc,heap     ] GC(133) Allocated:         -                10M (2%)           14M (3%)           13M (3%)             -                  -          
[152.522s][info][gc,heap     ] GC(133)   Garbage:         -               409M (80%)          73M (14%)           1M (0%)             -                  -          
[152.522s][info][gc,heap     ] GC(133) Reclaimed:         -                  -               336M (66%)         407M (80%)            -                  -          
[152.522s][info][gc          ] GC(133) Garbage Collection (Allocation Rate) 416M(81%)->22M(4%)
[153.231s][info][gc,start    ] GC(134) Garbage Collection (System.gc())
[153.231s][info][gc,task     ] GC(134) Using 5 workers
[153.231s][info][gc,phases   ] GC(134) Pause Mark Start 0.016ms
[153.253s][info][gc,phases   ] GC(134) Concurrent Mark 21.742ms
[153.253s][info][gc,phases   ] GC(134) Pause Mark End 0.017ms
[153.253s][info][gc,phases   ] GC(134) Concurrent Mark Free 0.001ms
[153.255s][info][gc,phases   ] GC(134) Concurrent Process Non-Strong References 1.680ms
[153.255s][info][gc,phases   ] GC(134) Concurrent Reset Relocation Set 0.006ms
[153.259s][info][gc,phases   ] GC(134) Concurrent Select Relocation Set 3.760ms
[153.259s][info][gc,phases   ] GC(134) Pause Relocate Start 0.007ms
[153.260s][info][gc,phases   ] GC(134) Concurrent Relocate 1.676ms
[153.261s][info][gc,load     ] GC(134) Load: 0.00/0.00/0.00
[153.261s][info][gc,mmu      ] GC(134) MMU: 2ms/98.6%, 5ms/99.5%, 10ms/99.6%, 20ms/99.8%, 50ms/99.9%, 100ms/99.9%
[153.261s][info][gc,marking  ] GC(134) Mark: 4 stripe(s), 1 proactive flush(es), 1 terminate flush(es), 0 completion(s), 0 continuation(s) 
[153.261s][info][gc,marking  ] GC(134) Mark Stack Usage: 32M
[153.261s][info][gc,nmethod  ] GC(134) NMethods: 1975 registered, 358 unregistered
[153.261s][info][gc,metaspace] GC(134) Metaspace: 9M used, 9M committed, 1088M reserved
[153.261s][info][gc,ref      ] GC(134) Soft: 214 encountered, 0 discovered, 0 enqueued
[153.261s][info][gc,ref      ] GC(134) Weak: 809 encountered, 106 discovered, 0 enqueued
[153.261s][info][gc,ref      ] GC(134) Final: 0 encountered, 0 discovered, 0 enqueued
[153.261s][info][gc,ref      ] GC(134) Phantom: 27 encountered, 21 discovered, 0 enqueued
[153.261s][info][gc,reloc    ] GC(134) Small Pages: 126 / 252M, Empty: 240M, Relocated: 1M, In-Place: 0
[153.261s][info][gc,reloc    ] GC(134) Medium Pages: 0 / 0M, Empty: 0M, Relocated: 0M, In-Place: 0
[153.261s][info][gc,reloc    ] GC(134) Large Pages: 0 / 0M, Empty: 0M, Relocated: 0M, In-Place: 0
[153.261s][info][gc,reloc    ] GC(134) Forwarding Usage: 0M
[153.261s][info][gc,heap     ] GC(134) Min Capacity: 8M(2%)
[153.261s][info][gc,heap     ] GC(134) Max Capacity: 512M(100%)
[153.261s][info][gc,heap     ] GC(134) Soft Max Capacity: 512M(100%)
[153.261s][info][gc,heap     ] GC(134)                Mark Start          Mark End        Relocate Start      Relocate End           High               Low         
[153.261s][info][gc,heap     ] GC(134)  Capacity:      512M (100%)        512M (100%)        512M (100%)        512M (100%)        512M (100%)        512M (100%)   
[153.261s][info][gc,heap     ] GC(134)      Free:      260M (51%)         260M (51%)         500M (98%)         500M (98%)         500M (98%)         260M (51%)    
[153.261s][info][gc,heap     ] GC(134)      Used:      252M (49%)         252M (49%)          12M (2%)           12M (2%)          252M (49%)          12M (2%)     
[153.261s][info][gc,heap     ] GC(134)      Live:         -                 4M (1%)            4M (1%)            4M (1%)             -                  -          
[153.261s][info][gc,heap     ] GC(134) Allocated:         -                 0M (0%)            0M (0%)            0M (0%)             -                  -          
[153.261s][info][gc,heap     ] GC(134)   Garbage:         -               247M (48%)           7M (1%)            7M (1%)             -                  -          
[153.261s][info][gc,heap     ] GC(134) Reclaimed:         -                  -               240M (47%)         240M (47%)            -                  -          
[153.261s][info][gc          ] GC(134) Garbage Collection (System.gc()) 252M(49%)->12M(2%)
[154.486s][info][gc,start    ] GC(135) Garbage Collection (Allocation Rate)
[154.486s][info][gc,task     ] GC(135) Using 1 workers
[154.486s][info][gc,phases   ] GC(135) Pause Mark Start 0.017ms
[154.512s][info][gc,phases   ] GC(135) Concurrent Mark 26.036ms
[154.512s][info][gc,phases   ] GC(135) Pause Mark End 0.019ms
[154.512s][info][gc,phases   ] GC(135) Concurrent Mark Free 0.002ms
[154.520s][info][gc,phases   ] GC(135) Concurrent Process Non-Strong References 7.195ms
[154.520s][info][gc,phases   ] GC(135) Concurrent Reset Relocation Set 0.002ms
[154.524s][info][gc,phases   ] GC(135) Concurrent Select Relocation Set 4.750ms
[154.525s][info][gc,phases   ] GC(135) Pause Relocate Start 0.009ms
[154.529s][info][gc,phases   ] GC(135) Concurrent Relocate 4.365ms
[154.529s][info][gc,load     ] GC(135) Load: 0.00/0.00/0.00
[154.529s][info][gc,mmu      ] GC(135) MMU: 2ms/98.6%, 5ms/99.5%, 10ms/99.6%, 20ms/99.8%, 50ms/99.9%, 100ms/99.9%
[154.529s][info][gc,marking  ] GC(135) Mark: 1 stripe(s), 2 proactive flush(es), 1 terminate flush(es), 0 completion(s), 0 continuation(s) 
[154.529s][info][gc,marking  ] GC(135) Mark Stack Usage: 32M
[154.529s][info][gc,nmethod  ] GC(135) NMethods: 1976 registered, 358 unregistered
[154.529s][info][gc,metaspace] GC(135) Metaspace: 9M used, 9M committed, 1088M reserved
[154.529s][info][gc,ref      ] GC(135) Soft: 214 encountered, 0 discovered, 0 enqueued
[154.529s][info][gc,ref      ] GC(135) Weak: 809 encountered, 9 discovered, 0 enqueued
[154.529s][info][gc,ref      ] GC(135) Final: 0 encountered, 0 discovered, 0 enqueued
[154.529s][info][gc,ref      ] GC(135) Phantom: 27 encountered, 14 discovered, 0 enqueued
[154.529s][info][gc,reloc    ] GC(135) Small Pages: 201 / 402M, Empty: 226M, Relocated: 2M, In-Place: 0
[154.529s][info][gc,reloc    ] GC(135) Medium Pages: 0 / 0M, Empty: 0M, Relocated: 0M, In-Place: 0
[154.530s][info][gc,reloc    ] GC(135) Large Pages: 0 / 0M, Empty: 0M, Relocated: 0M, In-Place: 0
[154.530s][info][gc,reloc    ] GC(135) Forwarding Usage: 1M
[154.530s][info][gc,heap     ] GC(135) Min Capacity: 8M(2%)
[154.530s][info][gc,heap     ] GC(135) Max Capacity: 512M(100%)
[154.530s][info][gc,heap     ] GC(135) Soft Max Capacity: 512M(100%)
[154.530s][info][gc,heap     ] GC(135)                Mark Start          Mark End        Relocate Start      Relocate End           High               Low         
[154.530s][info][gc,heap     ] GC(135)  Capacity:      512M (100%)        512M (100%)        512M (100%)        512M (100%)        512M (100%)        512M (100%)   
[154.530s][info][gc,heap     ] GC(135)      Free:      110M (21%)         100M (20%)         322M (63%)         488M (95%)         490M (96%)          98M (19%)    
[154.530s][info][gc,heap     ] GC(135)      Used:      402M (79%)         412M (80%)         190M (37%)          24M (5%)          414M (81%)          22M (4%)     
[154.530s][info][gc,heap     ] GC(135)      Live:         -                 6M (1%)            6M (1%)            6M (1%)             -                  -          
[154.530s][info][gc,heap     ] GC(135) Allocated:         -                10M (2%)           14M (3%)           15M (3%)             -                  -          
[154.530s][info][gc,heap     ] GC(135)   Garbage:         -               395M (77%)         169M (33%)           1M (0%)             -                  -          
[154.530s][info][gc,heap     ] GC(135) Reclaimed:         -                  -               226M (44%)         393M (77%)            -                  -          
[154.530s][info][gc          ] GC(135) Garbage Collection (Allocation Rate) 402M(79%)->24M(5%)
[155.781s][info][gc,start    ] GC(136) Garbage Collection (Allocation Rate)
[155.781s][info][gc,task     ] GC(136) Using 1 workers
[155.781s][info][gc,phases   ] GC(136) Pause Mark Start 0.017ms
[155.808s][info][gc,phases   ] GC(136) Concurrent Mark 26.488ms
[155.808s][info][gc,phases   ] GC(136) Pause Mark End 0.019ms
[155.808s][info][gc,phases   ] GC(136) Concurrent Mark Free 0.002ms
[155.815s][info][gc,phases   ] GC(136) Concurrent Process Non-Strong References 7.219ms
[155.815s][info][gc,phases   ] GC(136) Concurrent Reset Relocation Set 0.015ms
[155.820s][info][gc,phases   ] GC(136) Concurrent Select Relocation Set 4.111ms
[155.820s][info][gc,phases   ] GC(136) Pause Relocate Start 0.010ms
[155.822s][info][gc,phases   ] GC(136) Concurrent Relocate 2.147ms
[155.822s][info][gc,load     ] GC(136) Load: 0.00/0.00/0.00
[155.822s][info][gc,mmu      ] GC(136) MMU: 2ms/98.6%, 5ms/99.5%, 10ms/99.6%, 20ms/99.8%, 50ms/99.9%, 100ms/99.9%
[155.822s][info][gc,marking  ] GC(136) Mark: 1 stripe(s), 2 proactive flush(es), 1 terminate flush(es), 0 completion(s), 0 continuation(s) 
[155.822s][info][gc,marking  ] GC(136) Mark Stack Usage: 32M
[155.822s][info][gc,nmethod  ] GC(136) NMethods: 1977 registered, 358 unregistered
[155.822s][info][gc,metaspace] GC(136) Metaspace: 9M used, 9M committed, 1088M reserved
[155.822s][info][gc,ref      ] GC(136) Soft: 214 encountered, 0 discovered, 0 enqueued
[155.822s][info][gc,ref      ] GC(136) Weak: 809 encountered, 189 discovered, 0 enqueued
[155.822s][info][gc,ref      ] GC(136) Final: 0 encountered, 0 discovered, 0 enqueued
[155.822s][info][gc,ref      ] GC(136) Phantom: 27 encountered, 14 discovered, 0 enqueued
[155.822s][info][gc,reloc    ] GC(136) Small Pages: 204 / 408M, Empty: 326M, Relocated: 1M, In-Place: 0
[155.822s][info][gc,reloc    ] GC(136) Medium Pages: 0 / 0M, Empty: 0M, Relocated: 0M, In-Place: 0
[155.822s][info][gc,reloc    ] GC(136) Large Pages: 0 / 0M, Empty: 0M, Relocated: 0M, In-Place: 0
[155.822s][info][gc,reloc    ] GC(136) Forwarding Usage: 0M
[155.822s][info][gc,heap     ] GC(136) Min Capacity: 8M(2%)
[155.822s][info][gc,heap     ] GC(136) Max Capacity: 512M(100%)
[155.823s][info][gc,heap     ] GC(136) Soft Max Capacity: 512M(100%)
[155.823s][info][gc,heap     ] GC(136)                Mark Start          Mark End        Relocate Start      Relocate End           High               Low         
[155.823s][info][gc,heap     ] GC(136)  Capacity:      512M (100%)        512M (100%)        512M (100%)        512M (100%)        512M (100%)        512M (100%)   
[155.823s][info][gc,heap     ] GC(136)      Free:      104M (20%)          94M (18%)         416M (81%)         490M (96%)         490M (96%)          92M (18%)    
[155.823s][info][gc,heap     ] GC(136)      Used:      408M (80%)         418M (82%)          96M (19%)          22M (4%)          420M (82%)          22M (4%)     
[155.823s][info][gc,heap     ] GC(136)      Live:         -                 6M (1%)            6M (1%)            6M (1%)             -                  -          
[155.823s][info][gc,heap     ] GC(136) Allocated:         -                10M (2%)           14M (3%)           13M (3%)             -                  -          
[155.823s][info][gc,heap     ] GC(136)   Garbage:         -               401M (78%)          75M (15%)           1M (0%)             -                  -          
[155.823s][info][gc,heap     ] GC(136) Reclaimed:         -                  -               326M (64%)         399M (78%)            -                  -          
[155.823s][info][gc          ] GC(136) Garbage Collection (Allocation Rate) 408M(80%)->22M(4%)
[157.083s][info][gc,start    ] GC(137) Garbage Collection (Allocation Rate)
[157.083s][info][gc,task     ] GC(137) Using 1 workers
[157.083s][info][gc,phases   ] GC(137) Pause Mark Start 0.017ms
[157.109s][info][gc,phases   ] GC(137) Concurrent Mark 25.622ms
[157.109s][info][gc,phases   ] GC(137) Pause Mark End 0.017ms
[157.110s][info][gc,phases   ] GC(137) Concurrent Mark Free 0.002ms
[157.117s][info][gc,phases   ] GC(137) Concurrent Process Non-Strong References 7.122ms
[157.117s][info][gc,phases   ] GC(137) Concurrent Reset Relocation Set 0.007ms
[157.121s][info][gc,phases   ] GC(137) Concurrent Select Relocation Set 4.613ms
[157.122s][info][gc,phases   ] GC(137) Pause Relocate Start 0.009ms
[157.124s][info][gc,phases   ] GC(137) Concurrent Relocate 2.793ms
[157.125s][info][gc,load     ] GC(137) Load: 0.00/0.00/0.00
[157.125s][info][gc,mmu      ] GC(137) MMU: 2ms/98.6%, 5ms/99.5%, 10ms/99.6%, 20ms/99.8%, 50ms/99.9%, 100ms/99.9%
[157.125s][info][gc,marking  ] GC(137) Mark: 1 stripe(s), 2 proactive flush(es), 1 terminate flush(es), 0 completion(s), 0 continuation(s) 
[157.125s][info][gc,marking  ] GC(137) Mark Stack Usage: 32M
[157.125s][info][gc,nmethod  ] GC(137) NMethods: 1977 registered, 358 unregistered
[157.125s][info][gc,metaspace] GC(137) Metaspace: 9M used, 9M committed, 1088M reserved
[157.125s][info][gc,ref      ] GC(137) Soft: 214 encountered, 0 discovered, 0 enqueued
[157.125s][info][gc,ref      ] GC(137) Weak: 809 encountered, 9 discovered, 0 enqueued
[157.125s][info][gc,ref      ] GC(137) Final: 0 encountered, 0 discovered, 0 enqueued
[157.125s][info][gc,ref      ] GC(137) Phantom: 27 encountered, 14 discovered, 0 enqueued
[157.125s][info][gc,reloc    ] GC(137) Small Pages: 213 / 426M, Empty: 376M, Relocated: 1M, In-Place: 0
[157.125s][info][gc,reloc    ] GC(137) Medium Pages: 0 / 0M, Empty: 0M, Relocated: 0M, In-Place: 0
[157.125s][info][gc,reloc    ] GC(137) Large Pages: 0 / 0M, Empty: 0M, Relocated: 0M, In-Place: 0
[157.125s][info][gc,reloc    ] GC(137) Forwarding Usage: 0M
[157.125s][info][gc,heap     ] GC(137) Min Capacity: 8M(2%)
[157.125s][info][gc,heap     ] GC(137) Max Capacity: 512M(100%)
[157.125s][info][gc,heap     ] GC(137) Soft Max Capacity: 512M(100%)
[157.125s][info][gc,heap     ] GC(137)                Mark Start          Mark End        Relocate Start      Relocate End           High               Low         
[157.125s][info][gc,heap     ] GC(137)  Capacity:      512M (100%)        512M (100%)        512M (100%)        512M (100%)        512M (100%)        512M (100%)   
[157.125s][info][gc,heap     ] GC(137)      Free:       86M (17%)          76M (15%)         448M (88%)         490M (96%)         490M (96%)          74M (14%)    
[157.125s][info][gc,heap     ] GC(137)      Used:      426M (83%)         436M (85%)          64M (13%)          22M (4%)          438M (86%)          22M (4%)     
[157.125s][info][gc,heap     ] GC(137)      Live:         -                 6M (1%)            6M (1%)            6M (1%)             -                  -          
[157.125s][info][gc,heap     ] GC(137) Allocated:         -                10M (2%)           14M (3%)           13M (3%)             -                  -          
[157.125s][info][gc,heap     ] GC(137)   Garbage:         -               419M (82%)          43M (9%)            1M (0%)             -                  -          
[157.125s][info][gc,heap     ] GC(137) Reclaimed:         -                  -               376M (73%)         417M (82%)            -                  -          
[157.125s][info][gc          ] GC(137) Garbage Collection (Allocation Rate) 426M(83%)->22M(4%)
[158.285s][info][gc,start    ] GC(138) Garbage Collection (Proactive)
[158.285s][info][gc,task     ] GC(138) Using 5 workers
[158.285s][info][gc,phases   ] GC(138) Pause Mark Start 0.019ms
[158.300s][info][gc,phases   ] GC(138) Concurrent Mark 15.124ms
[158.301s][info][gc,phases   ] GC(138) Pause Mark End 0.018ms
[158.301s][info][gc,phases   ] GC(138) Concurrent Mark Free 0.002ms
[158.302s][info][gc,phases   ] GC(138) Concurrent Process Non-Strong References 1.697ms
[158.302s][info][gc,phases   ] GC(138) Concurrent Reset Relocation Set 0.004ms
[158.307s][info][gc,phases   ] GC(138) Concurrent Select Relocation Set 4.499ms
[158.307s][info][gc,phases   ] GC(138) Pause Relocate Start 0.008ms
[158.309s][info][gc,phases   ] GC(138) Concurrent Relocate 1.931ms
[158.309s][info][gc,load     ] GC(138) Load: 0.00/0.00/0.00
[158.309s][info][gc,mmu      ] GC(138) MMU: 2ms/98.6%, 5ms/99.5%, 10ms/99.6%, 20ms/99.8%, 50ms/99.9%, 100ms/99.9%
[158.309s][info][gc,marking  ] GC(138) Mark: 4 stripe(s), 2 proactive flush(es), 1 terminate flush(es), 0 completion(s), 0 continuation(s) 
[158.309s][info][gc,marking  ] GC(138) Mark Stack Usage: 32M
[158.309s][info][gc,nmethod  ] GC(138) NMethods: 1977 registered, 358 unregistered
[158.309s][info][gc,metaspace] GC(138) Metaspace: 9M used, 9M committed, 1088M reserved
[158.309s][info][gc,ref      ] GC(138) Soft: 214 encountered, 0 discovered, 0 enqueued
[158.309s][info][gc,ref      ] GC(138) Weak: 809 encountered, 315 discovered, 0 enqueued
[158.309s][info][gc,ref      ] GC(138) Final: 0 encountered, 0 discovered, 0 enqueued
[158.310s][info][gc,ref      ] GC(138) Phantom: 27 encountered, 20 discovered, 0 enqueued
[158.310s][info][gc,reloc    ] GC(138) Small Pages: 200 / 400M, Empty: 308M, Relocated: 1M, In-Place: 0
[158.310s][info][gc,reloc    ] GC(138) Medium Pages: 0 / 0M, Empty: 0M, Relocated: 0M, In-Place: 0
[158.310s][info][gc,reloc    ] GC(138) Large Pages: 0 / 0M, Empty: 0M, Relocated: 0M, In-Place: 0
[158.310s][info][gc,reloc    ] GC(138) Forwarding Usage: 0M
[158.310s][info][gc,heap     ] GC(138) Min Capacity: 8M(2%)
[158.310s][info][gc,heap     ] GC(138) Max Capacity: 512M(100%)
[158.310s][info][gc,heap     ] GC(138) Soft Max Capacity: 512M(100%)
[158.310s][info][gc,heap     ] GC(138)                Mark Start          Mark End        Relocate Start      Relocate End           High               Low         
[158.310s][info][gc,heap     ] GC(138)  Capacity:      512M (100%)        512M (100%)        512M (100%)        512M (100%)        512M (100%)        512M (100%)   
[158.310s][info][gc,heap     ] GC(138)      Free:      112M (22%)         106M (21%)         412M (80%)         486M (95%)         486M (95%)         104M (20%)    
[158.310s][info][gc,heap     ] GC(138)      Used:      400M (78%)         406M (79%)         100M (20%)          26M (5%)          408M (80%)          26M (5%)     
[158.310s][info][gc,heap     ] GC(138)      Live:         -                 6M (1%)            6M (1%)            6M (1%)             -                  -          
[158.310s][info][gc,heap     ] GC(138) Allocated:         -                 6M (1%)            8M (2%)            9M (2%)             -                  -          
[158.310s][info][gc,heap     ] GC(138)   Garbage:         -               393M (77%)          85M (17%)           9M (2%)             -                  -          
[158.310s][info][gc,heap     ] GC(138) Reclaimed:         -                  -               308M (60%)         383M (75%)            -                  -          
[158.310s][info][gc          ] GC(138) Garbage Collection (Proactive) 400M(78%)->26M(5%)
[159.487s][info][gc,start    ] GC(139) Garbage Collection (Allocation Rate)
[159.487s][info][gc,task     ] GC(139) Using 1 workers
[159.487s][info][gc,phases   ] GC(139) Pause Mark Start 0.017ms
[159.513s][info][gc,phases   ] GC(139) Concurrent Mark 26.343ms
[159.513s][info][gc,phases   ] GC(139) Pause Mark End 0.018ms
[159.514s][info][gc,phases   ] GC(139) Concurrent Mark Free 0.001ms
[159.521s][info][gc,phases   ] GC(139) Concurrent Process Non-Strong References 7.024ms
[159.521s][info][gc,phases   ] GC(139) Concurrent Reset Relocation Set 0.007ms
[159.526s][info][gc,phases   ] GC(139) Concurrent Select Relocation Set 5.053ms
[159.526s][info][gc,phases   ] GC(139) Pause Relocate Start 0.009ms
[159.531s][info][gc,phases   ] GC(139) Concurrent Relocate 5.106ms
[159.531s][info][gc,load     ] GC(139) Load: 0.00/0.00/0.00
[159.531s][info][gc,mmu      ] GC(139) MMU: 2ms/98.6%, 5ms/99.5%, 10ms/99.6%, 20ms/99.8%, 50ms/99.9%, 100ms/99.9%
[159.531s][info][gc,marking  ] GC(139) Mark: 1 stripe(s), 2 proactive flush(es), 1 terminate flush(es), 0 completion(s), 0 continuation(s) 
[159.531s][info][gc,marking  ] GC(139) Mark Stack Usage: 32M
[159.531s][info][gc,nmethod  ] GC(139) NMethods: 1977 registered, 358 unregistered
[159.531s][info][gc,metaspace] GC(139) Metaspace: 9M used, 9M committed, 1088M reserved
[159.531s][info][gc,ref      ] GC(139) Soft: 214 encountered, 0 discovered, 0 enqueued
[159.531s][info][gc,ref      ] GC(139) Weak: 809 encountered, 189 discovered, 0 enqueued
[159.531s][info][gc,ref      ] GC(139) Final: 0 encountered, 0 discovered, 0 enqueued
[159.531s][info][gc,ref      ] GC(139) Phantom: 27 encountered, 14 discovered, 0 enqueued
[159.531s][info][gc,reloc    ] GC(139) Small Pages: 200 / 400M, Empty: 310M, Relocated: 2M, In-Place: 0
[159.531s][info][gc,reloc    ] GC(139) Medium Pages: 0 / 0M, Empty: 0M, Relocated: 0M, In-Place: 0
[159.531s][info][gc,reloc    ] GC(139) Large Pages: 0 / 0M, Empty: 0M, Relocated: 0M, In-Place: 0
[159.531s][info][gc,reloc    ] GC(139) Forwarding Usage: 0M
[159.532s][info][gc,heap     ] GC(139) Min Capacity: 8M(2%)
[159.532s][info][gc,heap     ] GC(139) Max Capacity: 512M(100%)
[159.532s][info][gc,heap     ] GC(139) Soft Max Capacity: 512M(100%)
[159.532s][info][gc,heap     ] GC(139)                Mark Start          Mark End        Relocate Start      Relocate End           High               Low         
[159.532s][info][gc,heap     ] GC(139)  Capacity:      512M (100%)        512M (100%)        512M (100%)        512M (100%)        512M (100%)        512M (100%)   
[159.532s][info][gc,heap     ] GC(139)      Free:      112M (22%)         102M (20%)         408M (80%)         488M (95%)         488M (95%)         100M (20%)    
[159.532s][info][gc,heap     ] GC(139)      Used:      400M (78%)         410M (80%)         104M (20%)          24M (5%)          412M (80%)          24M (5%)     
[159.532s][info][gc,heap     ] GC(139)      Live:         -                 6M (1%)            6M (1%)            6M (1%)             -                  -          
[159.532s][info][gc,heap     ] GC(139) Allocated:         -                10M (2%)           14M (3%)           15M (3%)             -                  -          
[159.532s][info][gc,heap     ] GC(139)   Garbage:         -               393M (77%)          83M (16%)           1M (0%)             -                  -          
[159.532s][info][gc,heap     ] GC(139) Reclaimed:         -                  -               310M (61%)         391M (77%)            -                  -          
[159.532s][info][gc          ] GC(139) Garbage Collection (Allocation Rate) 400M(78%)->24M(5%)
[160.087s][info][gc,stats    ] === Garbage Collection Statistics =======================================================================================================================
[160.087s][info][gc,stats    ]                                                              Last 10s              Last 10m              Last 10h                Total
[160.087s][info][gc,stats    ]                                                              Avg / Max             Avg / Max             Avg / Max             Avg / Max
[160.087s][info][gc,stats    ]   Collector: Garbage Collection Cycle                     36.982 / 44.582       36.752 / 60.351       36.752 / 60.351       36.752 / 60.351      ms
[160.087s][info][gc,stats    ]  Contention: Mark Segment Reset Contention                     0 / 1                 0 / 4                 0 / 4                 0 / 4           ops/s
[160.087s][info][gc,stats    ]  Contention: Mark SeqNum Reset Contention                      0 / 1                 0 / 2                 0 / 2                 0 / 2           ops/s
[160.087s][info][gc,stats    ]    Critical: Allocation Stall                                  0 / 0                 0 / 0                 0 / 0                 0 / 0           ops/s
[160.088s][info][gc,stats    ]    Critical: Allocation Stall                              0.000 / 0.000         0.000 / 0.000         0.000 / 0.000         0.000 / 0.000       ms
[160.088s][info][gc,stats    ]    Critical: GC Locker Stall                                   0 / 0                 0 / 0                 0 / 0                 0 / 0           ops/s
[160.088s][info][gc,stats    ]    Critical: GC Locker Stall                               0.000 / 0.000         0.000 / 0.000         0.000 / 0.000         0.000 / 0.000       ms
[160.088s][info][gc,stats    ]    Critical: Relocation Stall                                  0 / 0                 0 / 0                 0 / 0                 0 / 0           ops/s
[160.088s][info][gc,stats    ]    Critical: Relocation Stall                              0.000 / 0.000         0.000 / 0.000         0.000 / 0.000         0.000 / 0.000       ms
[160.088s][info][gc,stats    ]      Memory: Allocation Rate                                 323 / 332             318 / 338             318 / 338             318 / 338         MB/s
[160.088s][info][gc,stats    ]      Memory: Defragment                                        0 / 0                 0 / 0                 0 / 0                 0 / 0           ops/s
[160.088s][info][gc,stats    ]      Memory: Out Of Memory                                     0 / 0                 0 / 0                 0 / 0                 0 / 0           ops/s
[160.088s][info][gc,stats    ]      Memory: Page Cache Flush                                  0 / 0                 0 / 0                 0 / 0                 0 / 0           MB/s
[160.088s][info][gc,stats    ]      Memory: Page Cache Hit L1                               163 / 169             160 / 174             160 / 174             160 / 174         ops/s
[160.088s][info][gc,stats    ]      Memory: Page Cache Hit L2                                 0 / 0                 0 / 0                 0 / 0                 0 / 0           ops/s
[160.088s][info][gc,stats    ]      Memory: Page Cache Hit L3                                 0 / 0                 1 / 77                1 / 77                1 / 77          ops/s
[160.088s][info][gc,stats    ]      Memory: Page Cache Miss                                   0 / 0                 0 / 1                 0 / 1                 0 / 1           ops/s
[160.088s][info][gc,stats    ]      Memory: Uncommit                                          0 / 0                 0 / 0                 0 / 0                 0 / 0           MB/s
[160.088s][info][gc,stats    ]      Memory: Undo Object Allocation Failed                     0 / 1                 0 / 6                 0 / 6                 0 / 6           ops/s
[160.088s][info][gc,stats    ]      Memory: Undo Object Allocation Succeeded                  0 / 3                 0 / 7                 0 / 7                 0 / 7           ops/s
[160.088s][info][gc,stats    ]      Memory: Undo Page Allocation                              1 / 3                 1 / 10                1 / 10                1 / 10          ops/s
[160.088s][info][gc,stats    ]       Phase: Concurrent Mark                              23.186 / 26.488       22.647 / 38.107       22.647 / 38.107       22.647 / 38.107      ms
[160.088s][info][gc,stats    ]       Phase: Concurrent Mark Continue                      0.000 / 0.000         0.000 / 0.000         0.000 / 0.000         0.000 / 0.000       ms
[160.088s][info][gc,stats    ]       Phase: Concurrent Mark Free                          0.002 / 0.002         0.001 / 0.002         0.001 / 0.002         0.001 / 0.002       ms
[160.088s][info][gc,stats    ]       Phase: Concurrent Process Non-Strong References      5.306 / 7.219         4.717 / 7.613         4.717 / 7.613         4.717 / 7.613       ms
[160.088s][info][gc,stats    ]       Phase: Concurrent Relocate                           2.968 / 5.106         3.687 / 8.950         3.687 / 8.950         3.687 / 8.950       ms
[160.088s][info][gc,stats    ]       Phase: Concurrent Reset Relocation Set               0.007 / 0.015         0.007 / 0.015         0.007 / 0.015         0.007 / 0.015       ms
[160.088s][info][gc,stats    ]       Phase: Concurrent Select Relocation Set              4.379 / 5.053         4.478 / 14.681        4.478 / 14.681        4.478 / 14.681      ms
[160.088s][info][gc,stats    ]       Phase: Pause Mark End                                0.018 / 0.020         0.017 / 0.021         0.017 / 0.021         0.017 / 0.021       ms
[160.088s][info][gc,stats    ]       Phase: Pause Mark Start                              0.017 / 0.019         0.017 / 0.027         0.017 / 0.027         0.017 / 0.027       ms
[160.088s][info][gc,stats    ]       Phase: Pause Relocate Start                          0.009 / 0.011         0.008 / 0.012         0.008 / 0.012         0.008 / 0.012       ms
[160.088s][info][gc,stats    ]    Subphase: Concurrent Classes Purge                      0.005 / 0.007         0.022 / 0.583         0.022 / 0.583         0.022 / 0.583       ms
[160.088s][info][gc,stats    ]    Subphase: Concurrent Classes Unlink                     4.409 / 6.066         3.839 / 6.066         3.839 / 6.066         3.839 / 6.066       ms
[160.089s][info][gc,stats    ]    Subphase: Concurrent Mark                              17.080 / 23.849       15.484 / 34.990       15.484 / 34.990       15.484 / 34.990      ms
[160.089s][info][gc,stats    ]    Subphase: Concurrent Mark Try Flush                     0.065 / 0.102         0.059 / 0.187         0.059 / 0.187         0.059 / 0.187       ms
[160.089s][info][gc,stats    ]    Subphase: Concurrent Mark Try Terminate                 4.405 / 16.488        3.442 / 16.488        3.442 / 16.488        3.442 / 16.488      ms
[160.089s][info][gc,stats    ]    Subphase: Concurrent References Enqueue                 0.000 / 0.001         0.001 / 0.005         0.001 / 0.005         0.001 / 0.005       ms
[160.089s][info][gc,stats    ]    Subphase: Concurrent References Process                 0.041 / 0.059         0.049 / 0.114         0.049 / 0.114         0.049 / 0.114       ms
[160.089s][info][gc,stats    ]    Subphase: Concurrent Roots ClassLoaderDataGraph         0.151 / 0.351         0.156 / 0.631         0.156 / 0.631         0.156 / 0.631       ms
[160.089s][info][gc,stats    ]    Subphase: Concurrent Roots CodeCache                    0.000 / 0.000         0.000 / 0.000         0.000 / 0.000         0.000 / 0.000       ms
[160.089s][info][gc,stats    ]    Subphase: Concurrent Roots JavaThreads                  1.045 / 2.207         0.949 / 2.289         0.949 / 2.289         0.949 / 2.289       ms
[160.089s][info][gc,stats    ]    Subphase: Concurrent Roots OopStorageSet                0.031 / 0.060         0.032 / 0.136         0.032 / 0.136         0.032 / 0.136       ms
[160.089s][info][gc,stats    ]    Subphase: Concurrent Weak Roots OopStorageSet           0.418 / 1.136         0.393 / 1.768         0.393 / 1.768         0.393 / 1.768       ms
[160.089s][info][gc,stats    ]    Subphase: Pause Mark Try Complete                       0.000 / 0.000         0.000 / 0.000         0.000 / 0.000         0.000 / 0.000       ms
[160.089s][info][gc,stats    ]      System: Java Threads                                     38 / 40               34 / 41               34 / 41               34 / 41          threads
[160.089s][info][gc,stats    ] =========================================================================================================================================================
[160.137s][info][gc,start    ] GC(140) Garbage Collection (System.gc())
[160.137s][info][gc,task     ] GC(140) Using 5 workers
[160.137s][info][gc,phases   ] GC(140) Pause Mark Start 0.017ms
[160.150s][info][gc,phases   ] GC(140) Concurrent Mark 12.744ms
[160.150s][info][gc,phases   ] GC(140) Pause Mark End 0.016ms
[160.150s][info][gc,phases   ] GC(140) Concurrent Mark Free 0.001ms
[160.152s][info][gc,phases   ] GC(140) Concurrent Process Non-Strong References 1.740ms
[160.152s][info][gc,phases   ] GC(140) Concurrent Reset Relocation Set 0.008ms
[160.155s][info][gc,phases   ] GC(140) Concurrent Select Relocation Set 3.666ms
[160.155s][info][gc,phases   ] GC(140) Pause Relocate Start 0.007ms
[160.157s][info][gc,phases   ] GC(140) Concurrent Relocate 1.847ms
[160.157s][info][gc,load     ] GC(140) Load: 0.00/0.00/0.00
[160.157s][info][gc,mmu      ] GC(140) MMU: 2ms/98.6%, 5ms/99.5%, 10ms/99.6%, 20ms/99.8%, 50ms/99.9%, 100ms/99.9%
[160.157s][info][gc,marking  ] GC(140) Mark: 4 stripe(s), 1 proactive flush(es), 1 terminate flush(es), 0 completion(s), 0 continuation(s) 
[160.158s][info][gc,marking  ] GC(140) Mark Stack Usage: 32M
[160.158s][info][gc,nmethod  ] GC(140) NMethods: 1977 registered, 358 unregistered
[160.158s][info][gc,metaspace] GC(140) Metaspace: 9M used, 9M committed, 1088M reserved
[160.158s][info][gc,ref      ] GC(140) Soft: 214 encountered, 0 discovered, 0 enqueued
[160.158s][info][gc,ref      ] GC(140) Weak: 809 encountered, 600 discovered, 0 enqueued
[160.158s][info][gc,ref      ] GC(140) Final: 0 encountered, 0 discovered, 0 enqueued
[160.158s][info][gc,ref      ] GC(140) Phantom: 27 encountered, 22 discovered, 0 enqueued
[160.158s][info][gc,reloc    ] GC(140) Small Pages: 104 / 208M, Empty: 196M, Relocated: 1M, In-Place: 0
[160.158s][info][gc,reloc    ] GC(140) Medium Pages: 0 / 0M, Empty: 0M, Relocated: 0M, In-Place: 0
[160.158s][info][gc,reloc    ] GC(140) Large Pages: 0 / 0M, Empty: 0M, Relocated: 0M, In-Place: 0
[160.158s][info][gc,reloc    ] GC(140) Forwarding Usage: 0M
[160.158s][info][gc,heap     ] GC(140) Min Capacity: 8M(2%)
[160.158s][info][gc,heap     ] GC(140) Max Capacity: 512M(100%)
[160.158s][info][gc,heap     ] GC(140) Soft Max Capacity: 512M(100%)
[160.158s][info][gc,heap     ] GC(140)                Mark Start          Mark End        Relocate Start      Relocate End           High               Low         
[160.158s][info][gc,heap     ] GC(140)  Capacity:      512M (100%)        512M (100%)        512M (100%)        512M (100%)        512M (100%)        512M (100%)   
[160.158s][info][gc,heap     ] GC(140)      Free:      304M (59%)         304M (59%)         500M (98%)         500M (98%)         500M (98%)         304M (59%)    
[160.158s][info][gc,heap     ] GC(140)      Used:      208M (41%)         208M (41%)          12M (2%)           12M (2%)          208M (41%)          12M (2%)     
[160.158s][info][gc,heap     ] GC(140)      Live:         -                 4M (1%)            4M (1%)            4M (1%)             -                  -          
[160.158s][info][gc,heap     ] GC(140) Allocated:         -                 0M (0%)            0M (0%)            0M (0%)             -                  -          
[160.158s][info][gc,heap     ] GC(140)   Garbage:         -               203M (40%)           7M (1%)            7M (1%)             -                  -          
[160.158s][info][gc,heap     ] GC(140) Reclaimed:         -                  -               196M (38%)         196M (38%)            -                  -          
[160.158s][info][gc          ] GC(140) Garbage Collection (System.gc()) 208M(41%)->12M(2%)
[161.382s][info][gc,start    ] GC(141) Garbage Collection (Allocation Rate)
[161.382s][info][gc,task     ] GC(141) Using 1 workers
[161.383s][info][gc,phases   ] GC(141) Pause Mark Start 0.019ms
[161.412s][info][gc,phases   ] GC(141) Concurrent Mark 29.033ms
[161.412s][info][gc,phases   ] GC(141) Pause Mark End 0.018ms
[161.412s][info][gc,phases   ] GC(141) Concurrent Mark Free 0.001ms
[161.419s][info][gc,phases   ] GC(141) Concurrent Process Non-Strong References 7.360ms
[161.420s][info][gc,phases   ] GC(141) Concurrent Reset Relocation Set 0.001ms
[161.425s][info][gc,phases   ] GC(141) Concurrent Select Relocation Set 5.340ms
[161.425s][info][gc,phases   ] GC(141) Pause Relocate Start 0.009ms
[161.430s][info][gc,phases   ] GC(141) Concurrent Relocate 4.871ms
[161.430s][info][gc,load     ] GC(141) Load: 0.00/0.00/0.00
[161.430s][info][gc,mmu      ] GC(141) MMU: 2ms/98.6%, 5ms/99.5%, 10ms/99.6%, 20ms/99.8%, 50ms/99.9%, 100ms/99.9%
[161.430s][info][gc,marking  ] GC(141) Mark: 1 stripe(s), 2 proactive flush(es), 1 terminate flush(es), 0 completion(s), 0 continuation(s) 
[161.430s][info][gc,marking  ] GC(141) Mark Stack Usage: 32M
[161.430s][info][gc,nmethod  ] GC(141) NMethods: 1977 registered, 359 unregistered
[161.430s][info][gc,metaspace] GC(141) Metaspace: 9M used, 9M committed, 1088M reserved
[161.430s][info][gc,ref      ] GC(141) Soft: 214 encountered, 0 discovered, 0 enqueued
[161.430s][info][gc,ref      ] GC(141) Weak: 809 encountered, 9 discovered, 0 enqueued
[161.430s][info][gc,ref      ] GC(141) Final: 0 encountered, 0 discovered, 0 enqueued
[161.430s][info][gc,ref      ] GC(141) Phantom: 27 encountered, 14 discovered, 0 enqueued
[161.430s][info][gc,reloc    ] GC(141) Small Pages: 204 / 408M, Empty: 234M, Relocated: 2M, In-Place: 0
[161.430s][info][gc,reloc    ] GC(141) Medium Pages: 0 / 0M, Empty: 0M, Relocated: 0M, In-Place: 0
[161.430s][info][gc,reloc    ] GC(141) Large Pages: 0 / 0M, Empty: 0M, Relocated: 0M, In-Place: 0
[161.430s][info][gc,reloc    ] GC(141) Forwarding Usage: 1M
[161.430s][info][gc,heap     ] GC(141) Min Capacity: 8M(2%)
[161.431s][info][gc,heap     ] GC(141) Max Capacity: 512M(100%)
[161.431s][info][gc,heap     ] GC(141) Soft Max Capacity: 512M(100%)
[161.431s][info][gc,heap     ] GC(141)                Mark Start          Mark End        Relocate Start      Relocate End           High               Low         
[161.431s][info][gc,heap     ] GC(141)  Capacity:      512M (100%)        512M (100%)        512M (100%)        512M (100%)        512M (100%)        512M (100%)   
[161.431s][info][gc,heap     ] GC(141)      Free:      104M (20%)          92M (18%)         322M (63%)         486M (95%)         486M (95%)          90M (18%)    
[161.431s][info][gc,heap     ] GC(141)      Used:      408M (80%)         420M (82%)         190M (37%)          26M (5%)          422M (82%)          26M (5%)     
[161.431s][info][gc,heap     ] GC(141)      Live:         -                 6M (1%)            6M (1%)            6M (1%)             -                  -          
[161.431s][info][gc,heap     ] GC(141) Allocated:         -                12M (2%)           16M (3%)           17M (4%)             -                  -          
[161.431s][info][gc,heap     ] GC(141)   Garbage:         -               401M (78%)         167M (33%)           1M (0%)             -                  -          
[161.431s][info][gc,heap     ] GC(141) Reclaimed:         -                  -               234M (46%)         399M (78%)            -                  -          
[161.431s][info][gc          ] GC(141) Garbage Collection (Allocation Rate) 408M(80%)->26M(5%)
[162.678s][info][gc,start    ] GC(142) Garbage Collection (Allocation Rate)
[162.678s][info][gc,task     ] GC(142) Using 1 workers
[162.678s][info][gc,phases   ] GC(142) Pause Mark Start 0.017ms
[162.707s][info][gc,phases   ] GC(142) Concurrent Mark 28.703ms
[162.707s][info][gc,phases   ] GC(142) Pause Mark End 0.016ms
[162.707s][info][gc,phases   ] GC(142) Concurrent Mark Free 0.001ms
[162.714s][info][gc,phases   ] GC(142) Concurrent Process Non-Strong References 7.298ms
[162.714s][info][gc,phases   ] GC(142) Concurrent Reset Relocation Set 0.013ms
[162.719s][info][gc,phases   ] GC(142) Concurrent Select Relocation Set 4.049ms
[162.719s][info][gc,phases   ] GC(142) Pause Relocate Start 0.008ms
[162.722s][info][gc,phases   ] GC(142) Concurrent Relocate 3.195ms
[162.722s][info][gc,load     ] GC(142) Load: 0.00/0.00/0.00
[162.722s][info][gc,mmu      ] GC(142) MMU: 2ms/98.6%, 5ms/99.5%, 10ms/99.6%, 20ms/99.8%, 50ms/99.9%, 100ms/99.9%
[162.722s][info][gc,marking  ] GC(142) Mark: 1 stripe(s), 2 proactive flush(es), 1 terminate flush(es), 0 completion(s), 0 continuation(s) 
[162.722s][info][gc,marking  ] GC(142) Mark Stack Usage: 32M
[162.722s][info][gc,nmethod  ] GC(142) NMethods: 1977 registered, 359 unregistered
[162.722s][info][gc,metaspace] GC(142) Metaspace: 9M used, 9M committed, 1088M reserved
[162.722s][info][gc,ref      ] GC(142) Soft: 214 encountered, 0 discovered, 0 enqueued
[162.722s][info][gc,ref      ] GC(142) Weak: 809 encountered, 9 discovered, 0 enqueued
[162.722s][info][gc,ref      ] GC(142) Final: 0 encountered, 0 discovered, 0 enqueued
[162.722s][info][gc,ref      ] GC(142) Phantom: 27 encountered, 14 discovered, 0 enqueued
[162.722s][info][gc,reloc    ] GC(142) Small Pages: 217 / 434M, Empty: 330M, Relocated: 1M, In-Place: 0
[162.722s][info][gc,reloc    ] GC(142) Medium Pages: 0 / 0M, Empty: 0M, Relocated: 0M, In-Place: 0
[162.722s][info][gc,reloc    ] GC(142) Large Pages: 0 / 0M, Empty: 0M, Relocated: 0M, In-Place: 0
[162.722s][info][gc,reloc    ] GC(142) Forwarding Usage: 0M
[162.722s][info][gc,heap     ] GC(142) Min Capacity: 8M(2%)
[162.722s][info][gc,heap     ] GC(142) Max Capacity: 512M(100%)
[162.723s][info][gc,heap     ] GC(142) Soft Max Capacity: 512M(100%)
[162.723s][info][gc,heap     ] GC(142)                Mark Start          Mark End        Relocate Start      Relocate End           High               Low         
[162.723s][info][gc,heap     ] GC(142)  Capacity:      512M (100%)        512M (100%)        512M (100%)        512M (100%)        512M (100%)        512M (100%)   
[162.723s][info][gc,heap     ] GC(142)      Free:       78M (15%)          66M (13%)         394M (77%)         488M (95%)         488M (95%)          64M (13%)    
[162.723s][info][gc,heap     ] GC(142)      Used:      434M (85%)         446M (87%)         118M (23%)          24M (5%)          448M (88%)          24M (5%)     
[162.723s][info][gc,heap     ] GC(142)      Live:         -                 6M (1%)            6M (1%)            6M (1%)             -                  -          
[162.723s][info][gc,heap     ] GC(142) Allocated:         -                12M (2%)           14M (3%)           15M (3%)             -                  -          
[162.723s][info][gc,heap     ] GC(142)   Garbage:         -               427M (84%)          97M (19%)           1M (0%)             -                  -          
[162.723s][info][gc,heap     ] GC(142) Reclaimed:         -                  -               330M (64%)         425M (83%)            -                  -          
[162.723s][info][gc          ] GC(142) Garbage Collection (Allocation Rate) 434M(85%)->24M(5%)
[163.879s][info][gc,start    ] GC(143) Garbage Collection (Proactive)
[163.879s][info][gc,task     ] GC(143) Using 5 workers
[163.879s][info][gc,phases   ] GC(143) Pause Mark Start 0.018ms
[163.895s][info][gc,phases   ] GC(143) Concurrent Mark 15.227ms
[163.895s][info][gc,phases   ] GC(143) Pause Mark End 0.018ms
[163.895s][info][gc,phases   ] GC(143) Concurrent Mark Free 0.002ms
[163.897s][info][gc,phases   ] GC(143) Concurrent Process Non-Strong References 1.688ms
[163.897s][info][gc,phases   ] GC(143) Concurrent Reset Relocation Set 0.008ms
[163.901s][info][gc,phases   ] GC(143) Concurrent Select Relocation Set 3.738ms
[163.901s][info][gc,phases   ] GC(143) Pause Relocate Start 0.009ms
[163.903s][info][gc,phases   ] GC(143) Concurrent Relocate 2.353ms
[163.903s][info][gc,load     ] GC(143) Load: 0.00/0.00/0.00
[163.903s][info][gc,mmu      ] GC(143) MMU: 2ms/98.6%, 5ms/99.5%, 10ms/99.6%, 20ms/99.8%, 50ms/99.9%, 100ms/99.9%
[163.903s][info][gc,marking  ] GC(143) Mark: 4 stripe(s), 3 proactive flush(es), 1 terminate flush(es), 0 completion(s), 0 continuation(s) 
[163.903s][info][gc,marking  ] GC(143) Mark Stack Usage: 32M
[163.903s][info][gc,nmethod  ] GC(143) NMethods: 1977 registered, 359 unregistered
[163.903s][info][gc,metaspace] GC(143) Metaspace: 9M used, 9M committed, 1088M reserved
[163.903s][info][gc,ref      ] GC(143) Soft: 214 encountered, 0 discovered, 0 enqueued
[163.904s][info][gc,ref      ] GC(143) Weak: 809 encountered, 479 discovered, 0 enqueued
[163.904s][info][gc,ref      ] GC(143) Final: 0 encountered, 0 discovered, 0 enqueued
[163.904s][info][gc,ref      ] GC(143) Phantom: 27 encountered, 23 discovered, 0 enqueued
[163.904s][info][gc,reloc    ] GC(143) Small Pages: 199 / 398M, Empty: 326M, Relocated: 1M, In-Place: 0
[163.904s][info][gc,reloc    ] GC(143) Medium Pages: 0 / 0M, Empty: 0M, Relocated: 0M, In-Place: 0
[163.904s][info][gc,reloc    ] GC(143) Large Pages: 0 / 0M, Empty: 0M, Relocated: 0M, In-Place: 0
[163.904s][info][gc,reloc    ] GC(143) Forwarding Usage: 0M
[163.904s][info][gc,heap     ] GC(143) Min Capacity: 8M(2%)
[163.904s][info][gc,heap     ] GC(143) Max Capacity: 512M(100%)
[163.904s][info][gc,heap     ] GC(143) Soft Max Capacity: 512M(100%)
[163.904s][info][gc,heap     ] GC(143)                Mark Start          Mark End        Relocate Start      Relocate End           High               Low         
[163.904s][info][gc,heap     ] GC(143)  Capacity:      512M (100%)        512M (100%)        512M (100%)        512M (100%)        512M (100%)        512M (100%)   
[163.904s][info][gc,heap     ] GC(143)      Free:      114M (22%)         106M (21%)         430M (84%)         486M (95%)         486M (95%)         106M (21%)    
[163.904s][info][gc,heap     ] GC(143)      Used:      398M (78%)         406M (79%)          82M (16%)          26M (5%)          406M (79%)          26M (5%)     
[163.904s][info][gc,heap     ] GC(143)      Live:         -                 6M (1%)            6M (1%)            6M (1%)             -                  -          
[163.904s][info][gc,heap     ] GC(143) Allocated:         -                 8M (2%)           10M (2%)            9M (2%)             -                  -          
[163.904s][info][gc,heap     ] GC(143)   Garbage:         -               391M (76%)          65M (13%)           9M (2%)             -                  -          
[163.904s][info][gc,heap     ] GC(143) Reclaimed:         -                  -               326M (64%)         381M (75%)            -                  -          
[163.904s][info][gc          ] GC(143) Garbage Collection (Proactive) 398M(78%)->26M(5%)
[165.089s][info][gc,start    ] GC(144) Garbage Collection (Allocation Rate)
[165.089s][info][gc,task     ] GC(144) Using 1 workers
[165.089s][info][gc,phases   ] GC(144) Pause Mark Start 0.017ms
[165.116s][info][gc,phases   ] GC(144) Concurrent Mark 26.480ms
[165.116s][info][gc,phases   ] GC(144) Pause Mark End 0.014ms
[165.116s][info][gc,phases   ] GC(144) Concurrent Mark Free 0.001ms
[165.123s][info][gc,phases   ] GC(144) Concurrent Process Non-Strong References 7.064ms
[165.123s][info][gc,phases   ] GC(144) Concurrent Reset Relocation Set 0.005ms
[165.128s][info][gc,phases   ] GC(144) Concurrent Select Relocation Set 5.060ms
[165.129s][info][gc,phases   ] GC(144) Pause Relocate Start 0.009ms
[165.131s][info][gc,phases   ] GC(144) Concurrent Relocate 2.831ms
[165.132s][info][gc,load     ] GC(144) Load: 0.00/0.00/0.00
[165.132s][info][gc,mmu      ] GC(144) MMU: 2ms/98.6%, 5ms/99.5%, 10ms/99.6%, 20ms/99.8%, 50ms/99.9%, 100ms/99.9%
[165.132s][info][gc,marking  ] GC(144) Mark: 1 stripe(s), 2 proactive flush(es), 1 terminate flush(es), 0 completion(s), 0 continuation(s) 
[165.132s][info][gc,marking  ] GC(144) Mark Stack Usage: 32M
[165.132s][info][gc,nmethod  ] GC(144) NMethods: 1977 registered, 359 unregistered
[165.132s][info][gc,metaspace] GC(144) Metaspace: 9M used, 9M committed, 1088M reserved
[165.132s][info][gc,ref      ] GC(144) Soft: 214 encountered, 0 discovered, 0 enqueued
[165.132s][info][gc,ref      ] GC(144) Weak: 809 encountered, 9 discovered, 0 enqueued
[165.132s][info][gc,ref      ] GC(144) Final: 0 encountered, 0 discovered, 0 enqueued
[165.132s][info][gc,ref      ] GC(144) Phantom: 27 encountered, 14 discovered, 0 enqueued
[165.132s][info][gc,reloc    ] GC(144) Small Pages: 204 / 408M, Empty: 318M, Relocated: 1M, In-Place: 0
[165.132s][info][gc,reloc    ] GC(144) Medium Pages: 0 / 0M, Empty: 0M, Relocated: 0M, In-Place: 0
[165.132s][info][gc,reloc    ] GC(144) Large Pages: 0 / 0M, Empty: 0M, Relocated: 0M, In-Place: 0
[165.132s][info][gc,reloc    ] GC(144) Forwarding Usage: 0M
[165.132s][info][gc,heap     ] GC(144) Min Capacity: 8M(2%)
[165.132s][info][gc,heap     ] GC(144) Max Capacity: 512M(100%)
[165.132s][info][gc,heap     ] GC(144) Soft Max Capacity: 512M(100%)
[165.132s][info][gc,heap     ] GC(144)                Mark Start          Mark End        Relocate Start      Relocate End           High               Low         
[165.132s][info][gc,heap     ] GC(144)  Capacity:      512M (100%)        512M (100%)        512M (100%)        512M (100%)        512M (100%)        512M (100%)   
[165.132s][info][gc,heap     ] GC(144)      Free:      104M (20%)          94M (18%)         408M (80%)         490M (96%)         490M (96%)          92M (18%)    
[165.132s][info][gc,heap     ] GC(144)      Used:      408M (80%)         418M (82%)         104M (20%)          22M (4%)          420M (82%)          22M (4%)     
[165.132s][info][gc,heap     ] GC(144)      Live:         -                 6M (1%)            6M (1%)            6M (1%)             -                  -          
[165.132s][info][gc,heap     ] GC(144) Allocated:         -                10M (2%)           14M (3%)           13M (3%)             -                  -          
[165.132s][info][gc,heap     ] GC(144)   Garbage:         -               401M (78%)          83M (16%)           1M (0%)             -                  -          
[165.132s][info][gc,heap     ] GC(144) Reclaimed:         -                  -               318M (62%)         399M (78%)            -                  -          
[165.132s][info][gc          ] GC(144) Garbage Collection (Allocation Rate) 408M(80%)->22M(4%)
[166.386s][info][gc,start    ] GC(145) Garbage Collection (Allocation Rate)
[166.386s][info][gc,task     ] GC(145) Using 1 workers
[166.386s][info][gc,phases   ] GC(145) Pause Mark Start 0.017ms
[166.413s][info][gc,phases   ] GC(145) Concurrent Mark 26.854ms
[166.413s][info][gc,phases   ] GC(145) Pause Mark End 0.017ms
[166.413s][info][gc,phases   ] GC(145) Concurrent Mark Free 0.001ms
[166.420s][info][gc,phases   ] GC(145) Concurrent Process Non-Strong References 7.180ms
[166.420s][info][gc,phases   ] GC(145) Concurrent Reset Relocation Set 0.007ms
[166.424s][info][gc,phases   ] GC(145) Concurrent Select Relocation Set 3.879ms
[166.425s][info][gc,phases   ] GC(145) Pause Relocate Start 0.009ms
[166.428s][info][gc,phases   ] GC(145) Concurrent Relocate 3.196ms
[166.428s][info][gc,load     ] GC(145) Load: 0.00/0.00/0.00
[166.428s][info][gc,mmu      ] GC(145) MMU: 2ms/98.6%, 5ms/99.5%, 10ms/99.6%, 20ms/99.8%, 50ms/99.9%, 100ms/99.9%
[166.428s][info][gc,marking  ] GC(145) Mark: 1 stripe(s), 2 proactive flush(es), 1 terminate flush(es), 0 completion(s), 0 continuation(s) 
[166.428s][info][gc,marking  ] GC(145) Mark Stack Usage: 32M
[166.428s][info][gc,nmethod  ] GC(145) NMethods: 1977 registered, 359 unregistered
[166.428s][info][gc,metaspace] GC(145) Metaspace: 9M used, 9M committed, 1088M reserved
[166.428s][info][gc,ref      ] GC(145) Soft: 214 encountered, 0 discovered, 0 enqueued
[166.428s][info][gc,ref      ] GC(145) Weak: 809 encountered, 188 discovered, 0 enqueued
[166.428s][info][gc,ref      ] GC(145) Final: 0 encountered, 0 discovered, 0 enqueued
[166.428s][info][gc,ref      ] GC(145) Phantom: 27 encountered, 14 discovered, 0 enqueued
[166.428s][info][gc,reloc    ] GC(145) Small Pages: 211 / 422M, Empty: 312M, Relocated: 1M, In-Place: 0
[166.428s][info][gc,reloc    ] GC(145) Medium Pages: 0 / 0M, Empty: 0M, Relocated: 0M, In-Place: 0
[166.428s][info][gc,reloc    ] GC(145) Large Pages: 0 / 0M, Empty: 0M, Relocated: 0M, In-Place: 0
[166.428s][info][gc,reloc    ] GC(145) Forwarding Usage: 0M
[166.428s][info][gc,heap     ] GC(145) Min Capacity: 8M(2%)
[166.428s][info][gc,heap     ] GC(145) Max Capacity: 512M(100%)
[166.428s][info][gc,heap     ] GC(145) Soft Max Capacity: 512M(100%)
[166.428s][info][gc,heap     ] GC(145)                Mark Start          Mark End        Relocate Start      Relocate End           High               Low         
[166.428s][info][gc,heap     ] GC(145)  Capacity:      512M (100%)        512M (100%)        512M (100%)        512M (100%)        512M (100%)        512M (100%)   
[166.428s][info][gc,heap     ] GC(145)      Free:       90M (18%)          80M (16%)         388M (76%)         490M (96%)         490M (96%)          76M (15%)    
[166.428s][info][gc,heap     ] GC(145)      Used:      422M (82%)         432M (84%)         124M (24%)          22M (4%)          436M (85%)          22M (4%)     
[166.429s][info][gc,heap     ] GC(145)      Live:         -                 6M (1%)            6M (1%)            6M (1%)             -                  -          
[166.429s][info][gc,heap     ] GC(145) Allocated:         -                10M (2%)           14M (3%)           13M (3%)             -                  -          
[166.429s][info][gc,heap     ] GC(145)   Garbage:         -               415M (81%)         103M (20%)           1M (0%)             -                  -          
[166.429s][info][gc,heap     ] GC(145) Reclaimed:         -                  -               312M (61%)         413M (81%)            -                  -          
[166.429s][info][gc          ] GC(145) Garbage Collection (Allocation Rate) 422M(82%)->22M(4%)
[166.914s][info][gc,start    ] GC(146) Garbage Collection (System.gc())
[166.914s][info][gc,task     ] GC(146) Using 5 workers
[166.914s][info][gc,phases   ] GC(146) Pause Mark Start 0.016ms
[166.932s][info][gc,phases   ] GC(146) Concurrent Mark 18.026ms
[166.932s][info][gc,phases   ] GC(146) Pause Mark End 0.016ms
[166.933s][info][gc,phases   ] GC(146) Concurrent Mark Free 0.001ms
[166.934s][info][gc,phases   ] GC(146) Concurrent Process Non-Strong References 1.692ms
[166.934s][info][gc,phases   ] GC(146) Concurrent Reset Relocation Set 0.008ms
[166.938s][info][gc,phases   ] GC(146) Concurrent Select Relocation Set 3.749ms
[166.938s][info][gc,phases   ] GC(146) Pause Relocate Start 0.007ms
[166.940s][info][gc,phases   ] GC(146) Concurrent Relocate 1.534ms
[166.940s][info][gc,load     ] GC(146) Load: 0.00/0.00/0.00
[166.940s][info][gc,mmu      ] GC(146) MMU: 2ms/98.6%, 5ms/99.5%, 10ms/99.6%, 20ms/99.8%, 50ms/99.9%, 100ms/99.9%
[166.940s][info][gc,marking  ] GC(146) Mark: 4 stripe(s), 2 proactive flush(es), 1 terminate flush(es), 0 completion(s), 0 continuation(s) 
[166.940s][info][gc,marking  ] GC(146) Mark Stack Usage: 32M
[166.940s][info][gc,nmethod  ] GC(146) NMethods: 1980 registered, 359 unregistered
[166.940s][info][gc,metaspace] GC(146) Metaspace: 9M used, 9M committed, 1088M reserved
[166.940s][info][gc,ref      ] GC(146) Soft: 214 encountered, 0 discovered, 0 enqueued
[166.940s][info][gc,ref      ] GC(146) Weak: 809 encountered, 389 discovered, 0 enqueued
[166.940s][info][gc,ref      ] GC(146) Final: 0 encountered, 0 discovered, 0 enqueued
[166.940s][info][gc,ref      ] GC(146) Phantom: 27 encountered, 22 discovered, 0 enqueued
[166.940s][info][gc,reloc    ] GC(146) Small Pages: 88 / 176M, Empty: 164M, Relocated: 1M, In-Place: 0
[166.940s][info][gc,reloc    ] GC(146) Medium Pages: 0 / 0M, Empty: 0M, Relocated: 0M, In-Place: 0
[166.940s][info][gc,reloc    ] GC(146) Large Pages: 0 / 0M, Empty: 0M, Relocated: 0M, In-Place: 0
[166.940s][info][gc,reloc    ] GC(146) Forwarding Usage: 0M
[166.940s][info][gc,heap     ] GC(146) Min Capacity: 8M(2%)
[166.940s][info][gc,heap     ] GC(146) Max Capacity: 512M(100%)
[166.940s][info][gc,heap     ] GC(146) Soft Max Capacity: 512M(100%)
[166.940s][info][gc,heap     ] GC(146)                Mark Start          Mark End        Relocate Start      Relocate End           High               Low         
[166.940s][info][gc,heap     ] GC(146)  Capacity:      512M (100%)        512M (100%)        512M (100%)        512M (100%)        512M (100%)        512M (100%)   
[166.940s][info][gc,heap     ] GC(146)      Free:      336M (66%)         336M (66%)         500M (98%)         500M (98%)         500M (98%)         336M (66%)    
[166.940s][info][gc,heap     ] GC(146)      Used:      176M (34%)         176M (34%)          12M (2%)           12M (2%)          176M (34%)          12M (2%)     
[166.940s][info][gc,heap     ] GC(146)      Live:         -                 4M (1%)            4M (1%)            4M (1%)             -                  -          
[166.941s][info][gc,heap     ] GC(146) Allocated:         -                 0M (0%)            0M (0%)            0M (0%)             -                  -          
[166.941s][info][gc,heap     ] GC(146)   Garbage:         -               171M (33%)           7M (1%)            7M (1%)             -                  -          
[166.941s][info][gc,heap     ] GC(146) Reclaimed:         -                  -               164M (32%)         164M (32%)            -                  -          
[166.941s][info][gc          ] GC(146) Garbage Collection (System.gc()) 176M(34%)->12M(2%)
[168.182s][info][gc,start    ] GC(147) Garbage Collection (Allocation Rate)
[168.182s][info][gc,task     ] GC(147) Using 1 workers
[168.182s][info][gc,phases   ] GC(147) Pause Mark Start 0.017ms
[168.211s][info][gc,phases   ] GC(147) Concurrent Mark 28.004ms
[168.211s][info][gc,phases   ] GC(147) Pause Mark End 0.020ms
[168.211s][info][gc,phases   ] GC(147) Concurrent Mark Free 0.001ms
[168.218s][info][gc,phases   ] GC(147) Concurrent Process Non-Strong References 7.215ms
[168.218s][info][gc,phases   ] GC(147) Concurrent Reset Relocation Set 0.002ms
[168.223s][info][gc,phases   ] GC(147) Concurrent Select Relocation Set 5.297ms
[168.224s][info][gc,phases   ] GC(147) Pause Relocate Start 0.011ms
[168.229s][info][gc,phases   ] GC(147) Concurrent Relocate 4.938ms
[168.229s][info][gc,load     ] GC(147) Load: 0.00/0.00/0.00
[168.229s][info][gc,mmu      ] GC(147) MMU: 2ms/98.6%, 5ms/99.5%, 10ms/99.6%, 20ms/99.8%, 50ms/99.9%, 100ms/99.9%
[168.229s][info][gc,marking  ] GC(147) Mark: 1 stripe(s), 2 proactive flush(es), 1 terminate flush(es), 0 completion(s), 0 continuation(s) 
[168.229s][info][gc,marking  ] GC(147) Mark Stack Usage: 32M
[168.229s][info][gc,nmethod  ] GC(147) NMethods: 1980 registered, 359 unregistered
[168.229s][info][gc,metaspace] GC(147) Metaspace: 9M used, 9M committed, 1088M reserved
[168.229s][info][gc,ref      ] GC(147) Soft: 214 encountered, 0 discovered, 0 enqueued
[168.229s][info][gc,ref      ] GC(147) Weak: 809 encountered, 9 discovered, 0 enqueued
[168.229s][info][gc,ref      ] GC(147) Final: 0 encountered, 0 discovered, 0 enqueued
[168.229s][info][gc,ref      ] GC(147) Phantom: 27 encountered, 14 discovered, 0 enqueued
[168.229s][info][gc,reloc    ] GC(147) Small Pages: 199 / 398M, Empty: 248M, Relocated: 2M, In-Place: 0
[168.229s][info][gc,reloc    ] GC(147) Medium Pages: 0 / 0M, Empty: 0M, Relocated: 0M, In-Place: 0
[168.229s][info][gc,reloc    ] GC(147) Large Pages: 0 / 0M, Empty: 0M, Relocated: 0M, In-Place: 0
[168.229s][info][gc,reloc    ] GC(147) Forwarding Usage: 1M
[168.229s][info][gc,heap     ] GC(147) Min Capacity: 8M(2%)
[168.229s][info][gc,heap     ] GC(147) Max Capacity: 512M(100%)
[168.229s][info][gc,heap     ] GC(147) Soft Max Capacity: 512M(100%)
[168.229s][info][gc,heap     ] GC(147)                Mark Start          Mark End        Relocate Start      Relocate End           High               Low         
[168.229s][info][gc,heap     ] GC(147)  Capacity:      512M (100%)        512M (100%)        512M (100%)        512M (100%)        512M (100%)        512M (100%)   
[168.229s][info][gc,heap     ] GC(147)      Free:      114M (22%)         104M (20%)         348M (68%)         488M (95%)         488M (95%)         102M (20%)    
[168.229s][info][gc,heap     ] GC(147)      Used:      398M (78%)         408M (80%)         164M (32%)          24M (5%)          410M (80%)          24M (5%)     
[168.229s][info][gc,heap     ] GC(147)      Live:         -                 6M (1%)            6M (1%)            6M (1%)             -                  -          
[168.229s][info][gc,heap     ] GC(147) Allocated:         -                10M (2%)           14M (3%)           15M (3%)             -                  -          
[168.229s][info][gc,heap     ] GC(147)   Garbage:         -               391M (76%)         143M (28%)           1M (0%)             -                  -          
[168.229s][info][gc,heap     ] GC(147) Reclaimed:         -                  -               248M (48%)         389M (76%)            -                  -          
[168.229s][info][gc          ] GC(147) Garbage Collection (Allocation Rate) 398M(78%)->24M(5%)
[169.479s][info][gc,start    ] GC(148) Garbage Collection (Allocation Rate)
[169.479s][info][gc,task     ] GC(148) Using 1 workers
[169.479s][info][gc,phases   ] GC(148) Pause Mark Start 0.018ms
[169.506s][info][gc,phases   ] GC(148) Concurrent Mark 26.919ms
[169.512s][info][gc,phases   ] GC(148) Pause Mark End 0.020ms
[169.512s][info][gc,phases   ] GC(148) Concurrent Mark Free 0.002ms
[169.519s][info][gc,phases   ] GC(148) Concurrent Process Non-Strong References 7.184ms
[169.519s][info][gc,phases   ] GC(148) Concurrent Reset Relocation Set 0.011ms
[169.523s][info][gc,phases   ] GC(148) Concurrent Select Relocation Set 3.947ms
[169.524s][info][gc,phases   ] GC(148) Pause Relocate Start 0.011ms
[169.527s][info][gc,phases   ] GC(148) Concurrent Relocate 2.897ms
[169.527s][info][gc,load     ] GC(148) Load: 0.00/0.00/0.00
[169.527s][info][gc,mmu      ] GC(148) MMU: 2ms/98.6%, 5ms/99.5%, 10ms/99.6%, 20ms/99.8%, 50ms/99.9%, 100ms/99.9%
[169.527s][info][gc,marking  ] GC(148) Mark: 1 stripe(s), 2 proactive flush(es), 1 terminate flush(es), 0 completion(s), 0 continuation(s) 
[169.527s][info][gc,marking  ] GC(148) Mark Stack Usage: 32M
[169.527s][info][gc,nmethod  ] GC(148) NMethods: 1980 registered, 359 unregistered
[169.527s][info][gc,metaspace] GC(148) Metaspace: 9M used, 9M committed, 1088M reserved
[169.527s][info][gc,ref      ] GC(148) Soft: 214 encountered, 0 discovered, 0 enqueued
[169.527s][info][gc,ref      ] GC(148) Weak: 809 encountered, 9 discovered, 0 enqueued
[169.527s][info][gc,ref      ] GC(148) Final: 0 encountered, 0 discovered, 0 enqueued
[169.527s][info][gc,ref      ] GC(148) Phantom: 27 encountered, 14 discovered, 0 enqueued
[169.527s][info][gc,reloc    ] GC(148) Small Pages: 214 / 428M, Empty: 372M, Relocated: 1M, In-Place: 0
[169.527s][info][gc,reloc    ] GC(148) Medium Pages: 0 / 0M, Empty: 0M, Relocated: 0M, In-Place: 0
[169.527s][info][gc,reloc    ] GC(148) Large Pages: 0 / 0M, Empty: 0M, Relocated: 0M, In-Place: 0
[169.527s][info][gc,reloc    ] GC(148) Forwarding Usage: 0M
[169.527s][info][gc,heap     ] GC(148) Min Capacity: 8M(2%)
[169.527s][info][gc,heap     ] GC(148) Max Capacity: 512M(100%)
[169.527s][info][gc,heap     ] GC(148) Soft Max Capacity: 512M(100%)
[169.527s][info][gc,heap     ] GC(148)                Mark Start          Mark End        Relocate Start      Relocate End           High               Low         
[169.527s][info][gc,heap     ] GC(148)  Capacity:      512M (100%)        512M (100%)        512M (100%)        512M (100%)        512M (100%)        512M (100%)   
[169.527s][info][gc,heap     ] GC(148)      Free:       84M (16%)          70M (14%)         440M (86%)         488M (95%)         488M (95%)          70M (14%)    
[169.527s][info][gc,heap     ] GC(148)      Used:      428M (84%)         442M (86%)          72M (14%)          24M (5%)          442M (86%)          24M (5%)     
[169.527s][info][gc,heap     ] GC(148)      Live:         -                 6M (1%)            6M (1%)            6M (1%)             -                  -          
[169.527s][info][gc,heap     ] GC(148) Allocated:         -                14M (3%)           16M (3%)           15M (3%)             -                  -          
[169.527s][info][gc,heap     ] GC(148)   Garbage:         -               421M (82%)          49M (10%)           1M (0%)             -                  -          
[169.527s][info][gc,heap     ] GC(148) Reclaimed:         -                  -               372M (73%)         419M (82%)            -                  -          
[169.528s][info][gc          ] GC(148) Garbage Collection (Allocation Rate) 428M(84%)->24M(5%)
[170.088s][info][gc,stats    ] === Garbage Collection Statistics =======================================================================================================================
[170.088s][info][gc,stats    ]                                                              Last 10s              Last 10m              Last 10h                Total
[170.088s][info][gc,stats    ]                                                              Avg / Max             Avg / Max             Avg / Max             Avg / Max
[170.088s][info][gc,stats    ]   Collector: Garbage Collection Cycle                     38.057 / 48.093       36.831 / 60.351       36.831 / 60.351       36.831 / 60.351      ms
[170.088s][info][gc,stats    ]  Contention: Mark Segment Reset Contention                     0 / 2                 0 / 4                 0 / 4                 0 / 4           ops/s
[170.088s][info][gc,stats    ]  Contention: Mark SeqNum Reset Contention                      0 / 2                 0 / 2                 0 / 2                 0 / 2           ops/s
[170.088s][info][gc,stats    ]    Critical: Allocation Stall                                  0 / 0                 0 / 0                 0 / 0                 0 / 0           ops/s
[170.088s][info][gc,stats    ]    Critical: Allocation Stall                              0.000 / 0.000         0.000 / 0.000         0.000 / 0.000         0.000 / 0.000       ms
[170.088s][info][gc,stats    ]    Critical: GC Locker Stall                                   0 / 0                 0 / 0                 0 / 0                 0 / 0           ops/s
[170.088s][info][gc,stats    ]    Critical: GC Locker Stall                               0.000 / 0.000         0.000 / 0.000         0.000 / 0.000         0.000 / 0.000       ms
[170.088s][info][gc,stats    ]    Critical: Relocation Stall                                  0 / 0                 0 / 0                 0 / 0                 0 / 0           ops/s
[170.088s][info][gc,stats    ]    Critical: Relocation Stall                              0.000 / 0.000         0.000 / 0.000         0.000 / 0.000         0.000 / 0.000       ms
[170.088s][info][gc,stats    ]      Memory: Allocation Rate                                 322 / 336             318 / 338             318 / 338             318 / 338         MB/s
[170.088s][info][gc,stats    ]      Memory: Defragment                                        0 / 0                 0 / 0                 0 / 0                 0 / 0           ops/s
[170.088s][info][gc,stats    ]      Memory: Out Of Memory                                     0 / 0                 0 / 0                 0 / 0                 0 / 0           ops/s
[170.088s][info][gc,stats    ]      Memory: Page Cache Flush                                  0 / 0                 0 / 0                 0 / 0                 0 / 0           MB/s
[170.088s][info][gc,stats    ]      Memory: Page Cache Hit L1                               163 / 170             160 / 174             160 / 174             160 / 174         ops/s
[170.088s][info][gc,stats    ]      Memory: Page Cache Hit L2                                 0 / 0                 0 / 0                 0 / 0                 0 / 0           ops/s
[170.089s][info][gc,stats    ]      Memory: Page Cache Hit L3                                 0 / 0                 1 / 77                1 / 77                1 / 77          ops/s
[170.089s][info][gc,stats    ]      Memory: Page Cache Miss                                   0 / 0                 0 / 1                 0 / 1                 0 / 1           ops/s
[170.089s][info][gc,stats    ]      Memory: Uncommit                                          0 / 0                 0 / 0                 0 / 0                 0 / 0           MB/s
[170.089s][info][gc,stats    ]      Memory: Undo Object Allocation Failed                     0 / 1                 0 / 6                 0 / 6                 0 / 6           ops/s
[170.089s][info][gc,stats    ]      Memory: Undo Object Allocation Succeeded                  0 / 2                 0 / 7                 0 / 7                 0 / 7           ops/s
[170.089s][info][gc,stats    ]      Memory: Undo Page Allocation                              1 / 3                 1 / 10                1 / 10                1 / 10          ops/s
[170.089s][info][gc,stats    ]       Phase: Concurrent Mark                              23.554 / 29.033       22.702 / 38.107       22.702 / 38.107       22.702 / 38.107      ms
[170.089s][info][gc,stats    ]       Phase: Concurrent Mark Continue                      0.000 / 0.000         0.000 / 0.000         0.000 / 0.000         0.000 / 0.000       ms
[170.089s][info][gc,stats    ]       Phase: Concurrent Mark Free                          0.001 / 0.002         0.001 / 0.002         0.001 / 0.002         0.001 / 0.002       ms
[170.089s][info][gc,stats    ]       Phase: Concurrent Process Non-Strong References      5.380 / 7.360         4.757 / 7.613         4.757 / 7.613         4.757 / 7.613       ms
[170.089s][info][gc,stats    ]       Phase: Concurrent Relocate                           3.073 / 4.938         3.650 / 8.950         3.650 / 8.950         3.650 / 8.950       ms
[170.089s][info][gc,stats    ]       Phase: Concurrent Reset Relocation Set               0.007 / 0.013         0.007 / 0.015         0.007 / 0.015         0.007 / 0.015       ms
[170.089s][info][gc,stats    ]       Phase: Concurrent Select Relocation Set              4.303 / 5.340         4.468 / 14.681        4.468 / 14.681        4.468 / 14.681      ms
[170.089s][info][gc,stats    ]       Phase: Pause Mark End                                0.017 / 0.020         0.017 / 0.021         0.017 / 0.021         0.017 / 0.021       ms
[170.089s][info][gc,stats    ]       Phase: Pause Mark Start                              0.017 / 0.019         0.017 / 0.027         0.017 / 0.027         0.017 / 0.027       ms
[170.089s][info][gc,stats    ]       Phase: Pause Relocate Start                          0.009 / 0.011         0.008 / 0.012         0.008 / 0.012         0.008 / 0.012       ms
[170.089s][info][gc,stats    ]    Subphase: Concurrent Classes Purge                      0.006 / 0.017         0.021 / 0.583         0.021 / 0.583         0.021 / 0.583       ms
[170.089s][info][gc,stats    ]    Subphase: Concurrent Classes Unlink                     4.441 / 6.093         3.875 / 6.093         3.875 / 6.093         3.875 / 6.093       ms
[170.089s][info][gc,stats    ]    Subphase: Concurrent Mark                              16.276 / 26.672       15.527 / 34.990       15.527 / 34.990       15.527 / 34.990      ms
[170.089s][info][gc,stats    ]    Subphase: Concurrent Mark Try Flush                     0.063 / 0.097         0.060 / 0.187         0.060 / 0.187         0.060 / 0.187       ms
[170.089s][info][gc,stats    ]    Subphase: Concurrent Mark Try Terminate                 3.672 / 12.594        3.454 / 16.488        3.454 / 16.488        3.454 / 16.488      ms
[170.089s][info][gc,stats    ]    Subphase: Concurrent References Enqueue                 0.000 / 0.001         0.001 / 0.005         0.001 / 0.005         0.001 / 0.005       ms
[170.089s][info][gc,stats    ]    Subphase: Concurrent References Process                 0.045 / 0.077         0.048 / 0.114         0.048 / 0.114         0.048 / 0.114       ms
[170.089s][info][gc,stats    ]    Subphase: Concurrent Roots ClassLoaderDataGraph         0.158 / 0.360         0.157 / 0.631         0.157 / 0.631         0.157 / 0.631       ms
[170.089s][info][gc,stats    ]    Subphase: Concurrent Roots CodeCache                    0.000 / 0.000         0.000 / 0.000         0.000 / 0.000         0.000 / 0.000       ms
[170.089s][info][gc,stats    ]    Subphase: Concurrent Roots JavaThreads                  1.042 / 2.192         0.954 / 2.289         0.954 / 2.289         0.954 / 2.289       ms
[170.089s][info][gc,stats    ]    Subphase: Concurrent Roots OopStorageSet                0.032 / 0.061         0.032 / 0.136         0.032 / 0.136         0.032 / 0.136       ms
[170.090s][info][gc,stats    ]    Subphase: Concurrent Weak Roots OopStorageSet           0.444 / 1.117         0.396 / 1.768         0.396 / 1.768         0.396 / 1.768       ms
[170.090s][info][gc,stats    ]    Subphase: Pause Mark Try Complete                       0.000 / 0.000         0.000 / 0.000         0.000 / 0.000         0.000 / 0.000       ms
[170.090s][info][gc,stats    ]      System: Java Threads                                     38 / 38               35 / 41               35 / 41               35 / 41          threads
[170.090s][info][gc,stats    ] =========================================================================================================================================================
[170.791s][info][gc,start    ] GC(149) Garbage Collection (Allocation Rate)
[170.791s][info][gc,task     ] GC(149) Using 1 workers
[170.791s][info][gc,phases   ] GC(149) Pause Mark Start 0.016ms
[170.820s][info][gc,phases   ] GC(149) Concurrent Mark 28.686ms
[170.820s][info][gc,phases   ] GC(149) Pause Mark End 0.018ms
[170.820s][info][gc,phases   ] GC(149) Concurrent Mark Free 0.001ms
[170.827s][info][gc,phases   ] GC(149) Concurrent Process Non-Strong References 7.204ms
[170.827s][info][gc,phases   ] GC(149) Concurrent Reset Relocation Set 0.004ms
[170.832s][info][gc,phases   ] GC(149) Concurrent Select Relocation Set 4.786ms
[170.832s][info][gc,phases   ] GC(149) Pause Relocate Start 0.010ms
[170.837s][info][gc,phases   ] GC(149) Concurrent Relocate 4.403ms
[170.837s][info][gc,load     ] GC(149) Load: 0.00/0.00/0.00
[170.837s][info][gc,mmu      ] GC(149) MMU: 2ms/98.6%, 5ms/99.5%, 10ms/99.6%, 20ms/99.8%, 50ms/99.9%, 100ms/99.9%
[170.837s][info][gc,marking  ] GC(149) Mark: 1 stripe(s), 2 proactive flush(es), 1 terminate flush(es), 0 completion(s), 0 continuation(s) 
[170.837s][info][gc,marking  ] GC(149) Mark Stack Usage: 32M
[170.837s][info][gc,nmethod  ] GC(149) NMethods: 1980 registered, 359 unregistered
[170.837s][info][gc,metaspace] GC(149) Metaspace: 9M used, 9M committed, 1088M reserved
[170.837s][info][gc,ref      ] GC(149) Soft: 214 encountered, 0 discovered, 0 enqueued
[170.837s][info][gc,ref      ] GC(149) Weak: 809 encountered, 9 discovered, 0 enqueued
[170.837s][info][gc,ref      ] GC(149) Final: 0 encountered, 0 discovered, 0 enqueued
[170.837s][info][gc,ref      ] GC(149) Phantom: 27 encountered, 14 discovered, 0 enqueued
[170.837s][info][gc,reloc    ] GC(149) Small Pages: 208 / 416M, Empty: 336M, Relocated: 1M, In-Place: 0
[170.837s][info][gc,reloc    ] GC(149) Medium Pages: 0 / 0M, Empty: 0M, Relocated: 0M, In-Place: 0
[170.837s][info][gc,reloc    ] GC(149) Large Pages: 0 / 0M, Empty: 0M, Relocated: 0M, In-Place: 0
[170.837s][info][gc,reloc    ] GC(149) Forwarding Usage: 0M
[170.837s][info][gc,heap     ] GC(149) Min Capacity: 8M(2%)
[170.838s][info][gc,heap     ] GC(149) Max Capacity: 512M(100%)
[170.838s][info][gc,heap     ] GC(149) Soft Max Capacity: 512M(100%)
[170.838s][info][gc,heap     ] GC(149)                Mark Start          Mark End        Relocate Start      Relocate End           High               Low         
[170.838s][info][gc,heap     ] GC(149)  Capacity:      512M (100%)        512M (100%)        512M (100%)        512M (100%)        512M (100%)        512M (100%)   
[170.838s][info][gc,heap     ] GC(149)      Free:       96M (19%)          86M (17%)         416M (81%)         488M (95%)         488M (95%)          82M (16%)    
[170.838s][info][gc,heap     ] GC(149)      Used:      416M (81%)         426M (83%)          96M (19%)          24M (5%)          430M (84%)          24M (5%)     
[170.838s][info][gc,heap     ] GC(149)      Live:         -                 6M (1%)            6M (1%)            6M (1%)             -                  -          
[170.838s][info][gc,heap     ] GC(149) Allocated:         -                10M (2%)           16M (3%)           15M (3%)             -                  -          
[170.838s][info][gc,heap     ] GC(149)   Garbage:         -               409M (80%)          73M (14%)           1M (0%)             -                  -          
[170.838s][info][gc,heap     ] GC(149) Reclaimed:         -                  -               336M (66%)         407M (80%)            -                  -          
[170.838s][info][gc          ] GC(149) Garbage Collection (Allocation Rate) 416M(81%)->24M(5%)
[172.087s][info][gc,start    ] GC(150) Garbage Collection (Allocation Rate)
[172.087s][info][gc,task     ] GC(150) Using 1 workers
[172.088s][info][gc,phases   ] GC(150) Pause Mark Start 0.017ms
[172.113s][info][gc,phases   ] GC(150) Concurrent Mark 25.413ms
[172.113s][info][gc,phases   ] GC(150) Pause Mark End 0.017ms
[172.113s][info][gc,phases   ] GC(150) Concurrent Mark Free 0.001ms
[172.121s][info][gc,phases   ] GC(150) Concurrent Process Non-Strong References 7.072ms
[172.121s][info][gc,phases   ] GC(150) Concurrent Reset Relocation Set 0.006ms
[172.124s][info][gc,phases   ] GC(150) Concurrent Select Relocation Set 3.801ms
[172.125s][info][gc,phases   ] GC(150) Pause Relocate Start 0.010ms
[172.127s][info][gc,phases   ] GC(150) Concurrent Relocate 2.768ms
[172.128s][info][gc,load     ] GC(150) Load: 0.00/0.00/0.00
[172.128s][info][gc,mmu      ] GC(150) MMU: 2ms/98.6%, 5ms/99.5%, 10ms/99.6%, 20ms/99.8%, 50ms/99.9%, 100ms/99.9%
[172.128s][info][gc,marking  ] GC(150) Mark: 1 stripe(s), 2 proactive flush(es), 1 terminate flush(es), 0 completion(s), 0 continuation(s) 
[172.128s][info][gc,marking  ] GC(150) Mark Stack Usage: 32M
[172.128s][info][gc,nmethod  ] GC(150) NMethods: 1980 registered, 359 unregistered
[172.128s][info][gc,metaspace] GC(150) Metaspace: 9M used, 9M committed, 1088M reserved
[172.128s][info][gc,ref      ] GC(150) Soft: 214 encountered, 0 discovered, 0 enqueued
[172.128s][info][gc,ref      ] GC(150) Weak: 809 encountered, 188 discovered, 0 enqueued
[172.128s][info][gc,ref      ] GC(150) Final: 0 encountered, 0 discovered, 0 enqueued
[172.128s][info][gc,ref      ] GC(150) Phantom: 27 encountered, 14 discovered, 0 enqueued
[172.128s][info][gc,reloc    ] GC(150) Small Pages: 213 / 426M, Empty: 336M, Relocated: 1M, In-Place: 0
[172.128s][info][gc,reloc    ] GC(150) Medium Pages: 0 / 0M, Empty: 0M, Relocated: 0M, In-Place: 0
[172.128s][info][gc,reloc    ] GC(150) Large Pages: 0 / 0M, Empty: 0M, Relocated: 0M, In-Place: 0
[172.128s][info][gc,reloc    ] GC(150) Forwarding Usage: 0M
[172.128s][info][gc,heap     ] GC(150) Min Capacity: 8M(2%)
[172.128s][info][gc,heap     ] GC(150) Max Capacity: 512M(100%)
[172.128s][info][gc,heap     ] GC(150) Soft Max Capacity: 512M(100%)
[172.128s][info][gc,heap     ] GC(150)                Mark Start          Mark End        Relocate Start      Relocate End           High               Low         
[172.128s][info][gc,heap     ] GC(150)  Capacity:      512M (100%)        512M (100%)        512M (100%)        512M (100%)        512M (100%)        512M (100%)   
[172.128s][info][gc,heap     ] GC(150)      Free:       86M (17%)          76M (15%)         408M (80%)         490M (96%)         490M (96%)          74M (14%)    
[172.128s][info][gc,heap     ] GC(150)      Used:      426M (83%)         436M (85%)         104M (20%)          22M (4%)          438M (86%)          22M (4%)     
[172.128s][info][gc,heap     ] GC(150)      Live:         -                 6M (1%)            6M (1%)            6M (1%)             -                  -          
[172.128s][info][gc,heap     ] GC(150) Allocated:         -                10M (2%)           14M (3%)           13M (3%)             -                  -          
[172.128s][info][gc,heap     ] GC(150)   Garbage:         -               419M (82%)          83M (16%)           1M (0%)             -                  -          
[172.128s][info][gc,heap     ] GC(150) Reclaimed:         -                  -               336M (66%)         417M (82%)            -                  -          
[172.128s][info][gc          ] GC(150) Garbage Collection (Allocation Rate) 426M(83%)->22M(4%)
[173.181s][info][gc,start    ] GC(151) Garbage Collection (Proactive)
[173.181s][info][gc,task     ] GC(151) Using 5 workers
[173.181s][info][gc,phases   ] GC(151) Pause Mark Start 0.018ms
[173.196s][info][gc,phases   ] GC(151) Concurrent Mark 15.104ms
[173.197s][info][gc,phases   ] GC(151) Pause Mark End 0.019ms
[173.197s][info][gc,phases   ] GC(151) Concurrent Mark Free 0.002ms
[173.198s][info][gc,phases   ] GC(151) Concurrent Process Non-Strong References 1.682ms
[173.199s][info][gc,phases   ] GC(151) Concurrent Reset Relocation Set 0.006ms
[173.203s][info][gc,phases   ] GC(151) Concurrent Select Relocation Set 4.139ms
[173.203s][info][gc,phases   ] GC(151) Pause Relocate Start 0.008ms
[173.205s][info][gc,phases   ] GC(151) Concurrent Relocate 2.427ms
[173.205s][info][gc,load     ] GC(151) Load: 0.00/0.00/0.00
[173.205s][info][gc,mmu      ] GC(151) MMU: 2ms/98.6%, 5ms/99.5%, 10ms/99.6%, 20ms/99.8%, 50ms/99.9%, 100ms/99.9%
[173.205s][info][gc,marking  ] GC(151) Mark: 4 stripe(s), 4 proactive flush(es), 1 terminate flush(es), 0 completion(s), 0 continuation(s) 
[173.205s][info][gc,marking  ] GC(151) Mark Stack Usage: 32M
[173.206s][info][gc,nmethod  ] GC(151) NMethods: 1980 registered, 359 unregistered
[173.206s][info][gc,metaspace] GC(151) Metaspace: 9M used, 9M committed, 1088M reserved
[173.206s][info][gc,ref      ] GC(151) Soft: 214 encountered, 0 discovered, 0 enqueued
[173.206s][info][gc,ref      ] GC(151) Weak: 809 encountered, 12 discovered, 0 enqueued
[173.206s][info][gc,ref      ] GC(151) Final: 0 encountered, 0 discovered, 0 enqueued
[173.206s][info][gc,ref      ] GC(151) Phantom: 27 encountered, 23 discovered, 0 enqueued
[173.206s][info][gc,reloc    ] GC(151) Small Pages: 175 / 350M, Empty: 304M, Relocated: 1M, In-Place: 0
[173.206s][info][gc,reloc    ] GC(151) Medium Pages: 0 / 0M, Empty: 0M, Relocated: 0M, In-Place: 0
[173.206s][info][gc,reloc    ] GC(151) Large Pages: 0 / 0M, Empty: 0M, Relocated: 0M, In-Place: 0
[173.206s][info][gc,reloc    ] GC(151) Forwarding Usage: 0M
[173.206s][info][gc,heap     ] GC(151) Min Capacity: 8M(2%)
[173.206s][info][gc,heap     ] GC(151) Max Capacity: 512M(100%)
[173.206s][info][gc,heap     ] GC(151) Soft Max Capacity: 512M(100%)
[173.206s][info][gc,heap     ] GC(151)                Mark Start          Mark End        Relocate Start      Relocate End           High               Low         
[173.206s][info][gc,heap     ] GC(151)  Capacity:      512M (100%)        512M (100%)        512M (100%)        512M (100%)        512M (100%)        512M (100%)   
[173.206s][info][gc,heap     ] GC(151)      Free:      162M (32%)         156M (30%)         458M (89%)         488M (95%)         488M (95%)         154M (30%)    
[173.206s][info][gc,heap     ] GC(151)      Used:      350M (68%)         356M (70%)          54M (11%)          24M (5%)          358M (70%)          24M (5%)     
[173.206s][info][gc,heap     ] GC(151)      Live:         -                 6M (1%)            6M (1%)            6M (1%)             -                  -          
[173.206s][info][gc,heap     ] GC(151) Allocated:         -                 6M (1%)            8M (2%)            7M (2%)             -                  -          
[173.206s][info][gc,heap     ] GC(151)   Garbage:         -               343M (67%)          39M (8%)            9M (2%)             -                  -          
[173.206s][info][gc,heap     ] GC(151) Reclaimed:         -                  -               304M (59%)         333M (65%)            -                  -          
[173.206s][info][gc          ] GC(151) Garbage Collection (Proactive) 350M(68%)->24M(5%)
[173.820s][info][gc,start    ] GC(152) Garbage Collection (System.gc())
[173.820s][info][gc,task     ] GC(152) Using 5 workers
[173.820s][info][gc,phases   ] GC(152) Pause Mark Start 0.016ms
[173.829s][info][gc,phases   ] GC(152) Concurrent Mark 8.945ms
[173.830s][info][gc,phases   ] GC(152) Pause Mark End 0.016ms
[173.830s][info][gc,phases   ] GC(152) Concurrent Mark Free 0.001ms
[173.831s][info][gc,phases   ] GC(152) Concurrent Process Non-Strong References 1.701ms
[173.831s][info][gc,phases   ] GC(152) Concurrent Reset Relocation Set 0.003ms
[173.835s][info][gc,phases   ] GC(152) Concurrent Select Relocation Set 3.778ms
[173.835s][info][gc,phases   ] GC(152) Pause Relocate Start 0.007ms
[173.837s][info][gc,phases   ] GC(152) Concurrent Relocate 1.543ms
[173.837s][info][gc,load     ] GC(152) Load: 0.00/0.00/0.00
[173.837s][info][gc,mmu      ] GC(152) MMU: 2ms/98.6%, 5ms/99.5%, 10ms/99.6%, 20ms/99.8%, 50ms/99.9%, 100ms/99.9%
[173.837s][info][gc,marking  ] GC(152) Mark: 4 stripe(s), 1 proactive flush(es), 1 terminate flush(es), 0 completion(s), 0 continuation(s) 
[173.837s][info][gc,marking  ] GC(152) Mark Stack Usage: 32M
[173.837s][info][gc,nmethod  ] GC(152) NMethods: 1980 registered, 359 unregistered
[173.837s][info][gc,metaspace] GC(152) Metaspace: 9M used, 9M committed, 1088M reserved
[173.837s][info][gc,ref      ] GC(152) Soft: 214 encountered, 0 discovered, 0 enqueued
[173.837s][info][gc,ref      ] GC(152) Weak: 809 encountered, 58 discovered, 0 enqueued
[173.837s][info][gc,ref      ] GC(152) Final: 0 encountered, 0 discovered, 0 enqueued
[173.837s][info][gc,ref      ] GC(152) Phantom: 27 encountered, 23 discovered, 0 enqueued
[173.837s][info][gc,reloc    ] GC(152) Small Pages: 111 / 222M, Empty: 208M, Relocated: 1M, In-Place: 0
[173.837s][info][gc,reloc    ] GC(152) Medium Pages: 0 / 0M, Empty: 0M, Relocated: 0M, In-Place: 0
[173.837s][info][gc,reloc    ] GC(152) Large Pages: 0 / 0M, Empty: 0M, Relocated: 0M, In-Place: 0
[173.837s][info][gc,reloc    ] GC(152) Forwarding Usage: 0M
[173.837s][info][gc,heap     ] GC(152) Min Capacity: 8M(2%)
[173.837s][info][gc,heap     ] GC(152) Max Capacity: 512M(100%)
[173.837s][info][gc,heap     ] GC(152) Soft Max Capacity: 512M(100%)
[173.837s][info][gc,heap     ] GC(152)                Mark Start          Mark End        Relocate Start      Relocate End           High               Low         
[173.837s][info][gc,heap     ] GC(152)  Capacity:      512M (100%)        512M (100%)        512M (100%)        512M (100%)        512M (100%)        512M (100%)   
[173.838s][info][gc,heap     ] GC(152)      Free:      290M (57%)         290M (57%)         498M (97%)         498M (97%)         498M (97%)         290M (57%)    
[173.838s][info][gc,heap     ] GC(152)      Used:      222M (43%)         222M (43%)          14M (3%)           14M (3%)          222M (43%)          14M (3%)     
[173.838s][info][gc,heap     ] GC(152)      Live:         -                 4M (1%)            4M (1%)            4M (1%)             -                  -          
[173.838s][info][gc,heap     ] GC(152) Allocated:         -                 0M (0%)            0M (0%)            0M (0%)             -                  -          
[173.838s][info][gc,heap     ] GC(152)   Garbage:         -               217M (42%)           9M (2%)            9M (2%)             -                  -          
[173.838s][info][gc,heap     ] GC(152) Reclaimed:         -                  -               208M (41%)         208M (41%)            -                  -          
[173.838s][info][gc          ] GC(152) Garbage Collection (System.gc()) 222M(43%)->14M(3%)
[175.077s][info][gc,start    ] GC(153) Garbage Collection (Allocation Rate)
[175.077s][info][gc,task     ] GC(153) Using 1 workers
[175.077s][info][gc,phases   ] GC(153) Pause Mark Start 0.017ms
[175.104s][info][gc,phases   ] GC(153) Concurrent Mark 27.262ms
[175.105s][info][gc,phases   ] GC(153) Pause Mark End 0.021ms
[175.105s][info][gc,phases   ] GC(153) Concurrent Mark Free 0.002ms
[175.112s][info][gc,phases   ] GC(153) Concurrent Process Non-Strong References 7.242ms
[175.112s][info][gc,phases   ] GC(153) Concurrent Reset Relocation Set 0.002ms
[175.117s][info][gc,phases   ] GC(153) Concurrent Select Relocation Set 5.113ms
[175.117s][info][gc,phases   ] GC(153) Pause Relocate Start 0.011ms
[175.122s][info][gc,phases   ] GC(153) Concurrent Relocate 4.941ms
[175.123s][info][gc,load     ] GC(153) Load: 0.00/0.00/0.00
[175.123s][info][gc,mmu      ] GC(153) MMU: 2ms/98.6%, 5ms/99.5%, 10ms/99.6%, 20ms/99.8%, 50ms/99.9%, 100ms/99.9%
[175.123s][info][gc,marking  ] GC(153) Mark: 1 stripe(s), 2 proactive flush(es), 1 terminate flush(es), 0 completion(s), 0 continuation(s) 
[175.123s][info][gc,marking  ] GC(153) Mark Stack Usage: 32M
[175.123s][info][gc,nmethod  ] GC(153) NMethods: 1984 registered, 359 unregistered
[175.123s][info][gc,metaspace] GC(153) Metaspace: 9M used, 9M committed, 1088M reserved
[175.123s][info][gc,ref      ] GC(153) Soft: 214 encountered, 0 discovered, 0 enqueued
[175.123s][info][gc,ref      ] GC(153) Weak: 809 encountered, 188 discovered, 0 enqueued
[175.123s][info][gc,ref      ] GC(153) Final: 0 encountered, 0 discovered, 0 enqueued
[175.123s][info][gc,ref      ] GC(153) Phantom: 27 encountered, 14 discovered, 0 enqueued
[175.123s][info][gc,reloc    ] GC(153) Small Pages: 209 / 418M, Empty: 264M, Relocated: 2M, In-Place: 0
[175.123s][info][gc,reloc    ] GC(153) Medium Pages: 0 / 0M, Empty: 0M, Relocated: 0M, In-Place: 0
[175.123s][info][gc,reloc    ] GC(153) Large Pages: 0 / 0M, Empty: 0M, Relocated: 0M, In-Place: 0
[175.123s][info][gc,reloc    ] GC(153) Forwarding Usage: 1M
[175.123s][info][gc,heap     ] GC(153) Min Capacity: 8M(2%)
[175.123s][info][gc,heap     ] GC(153) Max Capacity: 512M(100%)
[175.123s][info][gc,heap     ] GC(153) Soft Max Capacity: 512M(100%)
[175.123s][info][gc,heap     ] GC(153)                Mark Start          Mark End        Relocate Start      Relocate End           High               Low         
[175.123s][info][gc,heap     ] GC(153)  Capacity:      512M (100%)        512M (100%)        512M (100%)        512M (100%)        512M (100%)        512M (100%)   
[175.123s][info][gc,heap     ] GC(153)      Free:       94M (18%)          84M (16%)         342M (67%)         486M (95%)         486M (95%)          80M (16%)    
[175.123s][info][gc,heap     ] GC(153)      Used:      418M (82%)         428M (84%)         170M (33%)          26M (5%)          432M (84%)          26M (5%)     
[175.123s][info][gc,heap     ] GC(153)      Live:         -                 6M (1%)            6M (1%)            6M (1%)             -                  -          
[175.123s][info][gc,heap     ] GC(153) Allocated:         -                10M (2%)           16M (3%)           17M (4%)             -                  -          
[175.123s][info][gc,heap     ] GC(153)   Garbage:         -               411M (80%)         147M (29%)           1M (0%)             -                  -          
[175.123s][info][gc,heap     ] GC(153) Reclaimed:         -                  -               264M (52%)         409M (80%)            -                  -          
[175.123s][info][gc          ] GC(153) Garbage Collection (Allocation Rate) 418M(82%)->26M(5%)
[176.380s][info][gc,start    ] GC(154) Garbage Collection (Allocation Rate)
[176.380s][info][gc,task     ] GC(154) Using 1 workers
[176.380s][info][gc,phases   ] GC(154) Pause Mark Start 0.016ms
[176.409s][info][gc,phases   ] GC(154) Concurrent Mark 28.089ms
[176.409s][info][gc,phases   ] GC(154) Pause Mark End 0.016ms
[176.409s][info][gc,phases   ] GC(154) Concurrent Mark Free 0.001ms
[176.416s][info][gc,phases   ] GC(154) Concurrent Process Non-Strong References 7.149ms
[176.416s][info][gc,phases   ] GC(154) Concurrent Reset Relocation Set 0.011ms
[176.420s][info][gc,phases   ] GC(154) Concurrent Select Relocation Set 3.891ms
[176.434s][info][gc,phases   ] GC(154) Pause Relocate Start 0.010ms
[176.440s][info][gc,phases   ] GC(154) Concurrent Relocate 6.559ms
[176.440s][info][gc,load     ] GC(154) Load: 0.00/0.00/0.00
[176.440s][info][gc,mmu      ] GC(154) MMU: 2ms/98.6%, 5ms/99.5%, 10ms/99.6%, 20ms/99.8%, 50ms/99.9%, 100ms/99.9%
[176.440s][info][gc,marking  ] GC(154) Mark: 1 stripe(s), 2 proactive flush(es), 1 terminate flush(es), 0 completion(s), 0 continuation(s) 
[176.440s][info][gc,marking  ] GC(154) Mark Stack Usage: 32M
[176.441s][info][gc,nmethod  ] GC(154) NMethods: 1984 registered, 359 unregistered
[176.441s][info][gc,metaspace] GC(154) Metaspace: 9M used, 9M committed, 1088M reserved
[176.441s][info][gc,ref      ] GC(154) Soft: 214 encountered, 0 discovered, 0 enqueued
[176.441s][info][gc,ref      ] GC(154) Weak: 809 encountered, 189 discovered, 0 enqueued
[176.441s][info][gc,ref      ] GC(154) Final: 0 encountered, 0 discovered, 0 enqueued
[176.441s][info][gc,ref      ] GC(154) Phantom: 27 encountered, 14 discovered, 0 enqueued
[176.441s][info][gc,reloc    ] GC(154) Small Pages: 212 / 424M, Empty: 288M, Relocated: 2M, In-Place: 0
[176.441s][info][gc,reloc    ] GC(154) Medium Pages: 0 / 0M, Empty: 0M, Relocated: 0M, In-Place: 0
[176.441s][info][gc,reloc    ] GC(154) Large Pages: 0 / 0M, Empty: 0M, Relocated: 0M, In-Place: 0
[176.441s][info][gc,reloc    ] GC(154) Forwarding Usage: 1M
[176.441s][info][gc,heap     ] GC(154) Min Capacity: 8M(2%)
[176.441s][info][gc,heap     ] GC(154) Max Capacity: 512M(100%)
[176.441s][info][gc,heap     ] GC(154) Soft Max Capacity: 512M(100%)
[176.441s][info][gc,heap     ] GC(154)                Mark Start          Mark End        Relocate Start      Relocate End           High               Low         
[176.441s][info][gc,heap     ] GC(154)  Capacity:      512M (100%)        512M (100%)        512M (100%)        512M (100%)        512M (100%)        512M (100%)   
[176.441s][info][gc,heap     ] GC(154)      Free:       88M (17%)          78M (15%)         358M (70%)         484M (95%)         484M (95%)          76M (15%)    
[176.441s][info][gc,heap     ] GC(154)      Used:      424M (83%)         434M (85%)         154M (30%)          28M (5%)          436M (85%)          28M (5%)     
[176.441s][info][gc,heap     ] GC(154)      Live:         -                 6M (1%)            6M (1%)            6M (1%)             -                  -          
[176.441s][info][gc,heap     ] GC(154) Allocated:         -                10M (2%)           18M (4%)           19M (4%)             -                  -          
[176.441s][info][gc,heap     ] GC(154)   Garbage:         -               417M (82%)         129M (25%)           1M (0%)             -                  -          
[176.441s][info][gc,heap     ] GC(154) Reclaimed:         -                  -               288M (56%)         415M (81%)            -                  -          
[176.441s][info][gc          ] GC(154) Garbage Collection (Allocation Rate) 424M(83%)->28M(5%)
[177.684s][info][gc,start    ] GC(155) Garbage Collection (Allocation Rate)
[177.684s][info][gc,task     ] GC(155) Using 1 workers
[177.685s][info][gc,phases   ] GC(155) Pause Mark Start 0.019ms
[177.713s][info][gc,phases   ] GC(155) Concurrent Mark 28.699ms
[177.714s][info][gc,phases   ] GC(155) Pause Mark End 0.017ms
[177.714s][info][gc,phases   ] GC(155) Concurrent Mark Free 0.002ms
[177.721s][info][gc,phases   ] GC(155) Concurrent Process Non-Strong References 7.349ms
[177.721s][info][gc,phases   ] GC(155) Concurrent Reset Relocation Set 0.011ms
[177.725s][info][gc,phases   ] GC(155) Concurrent Select Relocation Set 4.015ms
[177.725s][info][gc,phases   ] GC(155) Pause Relocate Start 0.008ms
[177.729s][info][gc,phases   ] GC(155) Concurrent Relocate 3.299ms
[177.729s][info][gc,load     ] GC(155) Load: 0.00/0.00/0.00
[177.729s][info][gc,mmu      ] GC(155) MMU: 2ms/98.6%, 5ms/99.5%, 10ms/99.6%, 20ms/99.8%, 50ms/99.9%, 100ms/99.9%
[177.729s][info][gc,marking  ] GC(155) Mark: 1 stripe(s), 2 proactive flush(es), 1 terminate flush(es), 0 completion(s), 0 continuation(s) 
[177.729s][info][gc,marking  ] GC(155) Mark Stack Usage: 32M
[177.729s][info][gc,nmethod  ] GC(155) NMethods: 1984 registered, 359 unregistered
[177.729s][info][gc,metaspace] GC(155) Metaspace: 9M used, 9M committed, 1088M reserved
[177.729s][info][gc,ref      ] GC(155) Soft: 214 encountered, 0 discovered, 0 enqueued
[177.729s][info][gc,ref      ] GC(155) Weak: 809 encountered, 189 discovered, 0 enqueued
[177.729s][info][gc,ref      ] GC(155) Final: 0 encountered, 0 discovered, 0 enqueued
[177.729s][info][gc,ref      ] GC(155) Phantom: 27 encountered, 14 discovered, 0 enqueued
[177.729s][info][gc,reloc    ] GC(155) Small Pages: 211 / 422M, Empty: 312M, Relocated: 1M, In-Place: 0
[177.729s][info][gc,reloc    ] GC(155) Medium Pages: 0 / 0M, Empty: 0M, Relocated: 0M, In-Place: 0
[177.729s][info][gc,reloc    ] GC(155) Large Pages: 0 / 0M, Empty: 0M, Relocated: 0M, In-Place: 0
[177.729s][info][gc,reloc    ] GC(155) Forwarding Usage: 0M
[177.729s][info][gc,heap     ] GC(155) Min Capacity: 8M(2%)
[177.729s][info][gc,heap     ] GC(155) Max Capacity: 512M(100%)
[177.729s][info][gc,heap     ] GC(155) Soft Max Capacity: 512M(100%)
[177.729s][info][gc,heap     ] GC(155)                Mark Start          Mark End        Relocate Start      Relocate End           High               Low         
[177.729s][info][gc,heap     ] GC(155)  Capacity:      512M (100%)        512M (100%)        512M (100%)        512M (100%)        512M (100%)        512M (100%)   
[177.729s][info][gc,heap     ] GC(155)      Free:       90M (18%)          78M (15%)         386M (75%)         488M (95%)         488M (95%)          76M (15%)    
[177.729s][info][gc,heap     ] GC(155)      Used:      422M (82%)         434M (85%)         126M (25%)          24M (5%)          436M (85%)          24M (5%)     
[177.729s][info][gc,heap     ] GC(155)      Live:         -                 6M (1%)            6M (1%)            6M (1%)             -                  -          
[177.730s][info][gc,heap     ] GC(155) Allocated:         -                12M (2%)           16M (3%)           15M (3%)             -                  -          
[177.730s][info][gc,heap     ] GC(155)   Garbage:         -               415M (81%)         103M (20%)           1M (0%)             -                  -          
[177.730s][info][gc,heap     ] GC(155) Reclaimed:         -                  -               312M (61%)         413M (81%)            -                  -          
[177.730s][info][gc          ] GC(155) Garbage Collection (Allocation Rate) 422M(82%)->24M(5%)
[179.090s][info][gc,start    ] GC(156) Garbage Collection (Allocation Rate)
[179.090s][info][gc,task     ] GC(156) Using 1 workers
[179.090s][info][gc,phases   ] GC(156) Pause Mark Start 0.018ms
[179.117s][info][gc,phases   ] GC(156) Concurrent Mark 26.390ms
[179.117s][info][gc,phases   ] GC(156) Pause Mark End 0.017ms
[179.117s][info][gc,phases   ] GC(156) Concurrent Mark Free 0.002ms
[179.124s][info][gc,phases   ] GC(156) Concurrent Process Non-Strong References 7.204ms
[179.124s][info][gc,phases   ] GC(156) Concurrent Reset Relocation Set 0.008ms
[179.128s][info][gc,phases   ] GC(156) Concurrent Select Relocation Set 3.893ms
[179.128s][info][gc,phases   ] GC(156) Pause Relocate Start 0.009ms
[179.131s][info][gc,phases   ] GC(156) Concurrent Relocate 2.971ms
[179.132s][info][gc,load     ] GC(156) Load: 0.00/0.00/0.00
[179.132s][info][gc,mmu      ] GC(156) MMU: 2ms/98.6%, 5ms/99.5%, 10ms/99.6%, 20ms/99.8%, 50ms/99.9%, 100ms/99.9%
[179.132s][info][gc,marking  ] GC(156) Mark: 1 stripe(s), 2 proactive flush(es), 1 terminate flush(es), 0 completion(s), 0 continuation(s) 
[179.132s][info][gc,marking  ] GC(156) Mark Stack Usage: 32M
[179.132s][info][gc,nmethod  ] GC(156) NMethods: 1984 registered, 359 unregistered
[179.132s][info][gc,metaspace] GC(156) Metaspace: 9M used, 9M committed, 1088M reserved
[179.132s][info][gc,ref      ] GC(156) Soft: 214 encountered, 0 discovered, 0 enqueued
[179.132s][info][gc,ref      ] GC(156) Weak: 809 encountered, 9 discovered, 0 enqueued
[179.132s][info][gc,ref      ] GC(156) Final: 0 encountered, 0 discovered, 0 enqueued
[179.132s][info][gc,ref      ] GC(156) Phantom: 27 encountered, 14 discovered, 0 enqueued
[179.132s][info][gc,reloc    ] GC(156) Small Pages: 226 / 452M, Empty: 344M, Relocated: 1M, In-Place: 0
[179.132s][info][gc,reloc    ] GC(156) Medium Pages: 0 / 0M, Empty: 0M, Relocated: 0M, In-Place: 0
[179.132s][info][gc,reloc    ] GC(156) Large Pages: 0 / 0M, Empty: 0M, Relocated: 0M, In-Place: 0
[179.132s][info][gc,reloc    ] GC(156) Forwarding Usage: 0M
[179.132s][info][gc,heap     ] GC(156) Min Capacity: 8M(2%)
[179.132s][info][gc,heap     ] GC(156) Max Capacity: 512M(100%)
[179.132s][info][gc,heap     ] GC(156) Soft Max Capacity: 512M(100%)
[179.132s][info][gc,heap     ] GC(156)                Mark Start          Mark End        Relocate Start      Relocate End           High               Low         
[179.132s][info][gc,heap     ] GC(156)  Capacity:      512M (100%)        512M (100%)        512M (100%)        512M (100%)        512M (100%)        512M (100%)   
[179.132s][info][gc,heap     ] GC(156)      Free:       60M (12%)          50M (10%)         390M (76%)         490M (96%)         490M (96%)          48M (9%)     
[179.132s][info][gc,heap     ] GC(156)      Used:      452M (88%)         462M (90%)         122M (24%)          22M (4%)          464M (91%)          22M (4%)     
[179.132s][info][gc,heap     ] GC(156)      Live:         -                 6M (1%)            6M (1%)            6M (1%)             -                  -          
[179.132s][info][gc,heap     ] GC(156) Allocated:         -                10M (2%)           14M (3%)           13M (3%)             -                  -          
[179.132s][info][gc,heap     ] GC(156)   Garbage:         -               445M (87%)         101M (20%)           1M (0%)             -                  -          
[179.132s][info][gc,heap     ] GC(156) Reclaimed:         -                  -               344M (67%)         443M (87%)            -                  -          
[179.132s][info][gc          ] GC(156) Garbage Collection (Allocation Rate) 452M(88%)->22M(4%)
[180.090s][info][gc,stats    ] === Garbage Collection Statistics =======================================================================================================================
[180.090s][info][gc,stats    ]                                                              Last 10s              Last 10m              Last 10h                Total
[180.090s][info][gc,stats    ]                                                              Avg / Max             Avg / Max             Avg / Max             Avg / Max
[180.090s][info][gc,stats    ]   Collector: Garbage Collection Cycle                     40.023 / 60.364       36.993 / 60.364       36.993 / 60.364       36.993 / 60.364      ms
[180.090s][info][gc,stats    ]  Contention: Mark Segment Reset Contention                     0 / 2                 0 / 4                 0 / 4                 0 / 4           ops/s
[180.090s][info][gc,stats    ]  Contention: Mark SeqNum Reset Contention                      0 / 2                 0 / 2                 0 / 2                 0 / 2           ops/s
[180.090s][info][gc,stats    ]    Critical: Allocation Stall                                  0 / 0                 0 / 0                 0 / 0                 0 / 0           ops/s
[180.090s][info][gc,stats    ]    Critical: Allocation Stall                              0.000 / 0.000         0.000 / 0.000         0.000 / 0.000         0.000 / 0.000       ms
[180.090s][info][gc,stats    ]    Critical: GC Locker Stall                                   0 / 0                 0 / 0                 0 / 0                 0 / 0           ops/s
[180.090s][info][gc,stats    ]    Critical: GC Locker Stall                               0.000 / 0.000         0.000 / 0.000         0.000 / 0.000         0.000 / 0.000       ms
[180.090s][info][gc,stats    ]    Critical: Relocation Stall                                  0 / 0                 0 / 0                 0 / 0                 0 / 0           ops/s
[180.090s][info][gc,stats    ]    Critical: Relocation Stall                              0.000 / 0.000         0.000 / 0.000         0.000 / 0.000         0.000 / 0.000       ms
[180.090s][info][gc,stats    ]      Memory: Allocation Rate                                 321 / 330             318 / 338             318 / 338             318 / 338         MB/s
[180.090s][info][gc,stats    ]      Memory: Defragment                                        0 / 0                 0 / 0                 0 / 0                 0 / 0           ops/s
[180.090s][info][gc,stats    ]      Memory: Out Of Memory                                     0 / 0                 0 / 0                 0 / 0                 0 / 0           ops/s
[180.090s][info][gc,stats    ]      Memory: Page Cache Flush                                  0 / 0                 0 / 0                 0 / 0                 0 / 0           MB/s
[180.090s][info][gc,stats    ]      Memory: Page Cache Hit L1                               162 / 169             160 / 174             160 / 174             160 / 174         ops/s
[180.090s][info][gc,stats    ]      Memory: Page Cache Hit L2                                 0 / 0                 0 / 0                 0 / 0                 0 / 0           ops/s
[180.090s][info][gc,stats    ]      Memory: Page Cache Hit L3                                 0 / 2                 1 / 77                1 / 77                1 / 77          ops/s
[180.090s][info][gc,stats    ]      Memory: Page Cache Miss                                   0 / 0                 0 / 1                 0 / 1                 0 / 1           ops/s
[180.090s][info][gc,stats    ]      Memory: Uncommit                                          0 / 0                 0 / 0                 0 / 0                 0 / 0           MB/s
[180.090s][info][gc,stats    ]      Memory: Undo Object Allocation Failed                     0 / 2                 0 / 6                 0 / 6                 0 / 6           ops/s
[180.090s][info][gc,stats    ]      Memory: Undo Object Allocation Succeeded                  0 / 3                 0 / 7                 0 / 7                 0 / 7           ops/s
[180.091s][info][gc,stats    ]      Memory: Undo Page Allocation                              1 / 5                 1 / 10                1 / 10                1 / 10          ops/s
[180.091s][info][gc,stats    ]       Phase: Concurrent Mark                              23.573 / 28.699       22.746 / 38.107       22.746 / 38.107       22.746 / 38.107      ms
[180.091s][info][gc,stats    ]       Phase: Concurrent Mark Continue                      0.000 / 0.000         0.000 / 0.000         0.000 / 0.000         0.000 / 0.000       ms
[180.091s][info][gc,stats    ]       Phase: Concurrent Mark Free                          0.002 / 0.002         0.001 / 0.002         0.001 / 0.002         0.001 / 0.002       ms
[180.091s][info][gc,stats    ]       Phase: Concurrent Process Non-Strong References      5.825 / 7.349         4.811 / 7.613         4.811 / 7.613         4.811 / 7.613       ms
[180.091s][info][gc,stats    ]       Phase: Concurrent Relocate                           3.614 / 6.559         3.648 / 8.950         3.648 / 8.950         3.648 / 8.950       ms
[180.091s][info][gc,stats    ]       Phase: Concurrent Reset Relocation Set               0.006 / 0.011         0.007 / 0.015         0.007 / 0.015         0.007 / 0.015       ms
[180.091s][info][gc,stats    ]       Phase: Concurrent Select Relocation Set              4.177 / 5.113         4.453 / 14.681        4.453 / 14.681        4.453 / 14.681      ms
[180.091s][info][gc,stats    ]       Phase: Pause Mark End                                0.018 / 0.021         0.017 / 0.021         0.017 / 0.021         0.017 / 0.021       ms
[180.091s][info][gc,stats    ]       Phase: Pause Mark Start                              0.017 / 0.019         0.017 / 0.027         0.017 / 0.027         0.017 / 0.027       ms
[180.091s][info][gc,stats    ]       Phase: Pause Relocate Start                          0.009 / 0.011         0.009 / 0.012         0.009 / 0.012         0.009 / 0.012       ms
[180.091s][info][gc,stats    ]    Subphase: Concurrent Classes Purge                      0.005 / 0.005         0.020 / 0.583         0.020 / 0.583         0.020 / 0.583       ms
[180.091s][info][gc,stats    ]    Subphase: Concurrent Classes Unlink                     4.841 / 6.088         3.924 / 6.093         3.924 / 6.093         3.924 / 6.093       ms
[180.091s][info][gc,stats    ]    Subphase: Concurrent Mark                              15.691 / 26.449       15.534 / 34.990       15.534 / 34.990       15.534 / 34.990      ms
[180.091s][info][gc,stats    ]    Subphase: Concurrent Mark Try Flush                     0.064 / 0.103         0.060 / 0.187         0.060 / 0.187         0.060 / 0.187       ms
[180.091s][info][gc,stats    ]    Subphase: Concurrent Mark Try Terminate                 2.020 / 8.780         3.394 / 16.488        3.394 / 16.488        3.394 / 16.488      ms
[180.091s][info][gc,stats    ]    Subphase: Concurrent References Enqueue                 0.000 / 0.001         0.001 / 0.005         0.001 / 0.005         0.001 / 0.005       ms
[180.091s][info][gc,stats    ]    Subphase: Concurrent References Process                 0.043 / 0.056         0.048 / 0.114         0.048 / 0.114         0.048 / 0.114       ms
[180.091s][info][gc,stats    ]    Subphase: Concurrent Roots ClassLoaderDataGraph         0.179 / 0.390         0.157 / 0.631         0.157 / 0.631         0.157 / 0.631       ms
[180.091s][info][gc,stats    ]    Subphase: Concurrent Roots CodeCache                    0.000 / 0.000         0.000 / 0.000         0.000 / 0.000         0.000 / 0.000       ms
[180.091s][info][gc,stats    ]    Subphase: Concurrent Roots JavaThreads                  1.158 / 2.165         0.962 / 2.289         0.962 / 2.289         0.962 / 2.289       ms
[180.091s][info][gc,stats    ]    Subphase: Concurrent Roots OopStorageSet                0.037 / 0.061         0.032 / 0.136         0.032 / 0.136         0.032 / 0.136       ms
[180.091s][info][gc,stats    ]    Subphase: Concurrent Weak Roots OopStorageSet           0.505 / 1.127         0.400 / 1.768         0.400 / 1.768         0.400 / 1.768       ms
[180.091s][info][gc,stats    ]    Subphase: Pause Mark Try Complete                       0.000 / 0.000         0.000 / 0.000         0.000 / 0.000         0.000 / 0.000       ms
[180.091s][info][gc,stats    ]      System: Java Threads                                     38 / 38               35 / 41               35 / 41               35 / 41          threads
[180.091s][info][gc,stats    ] =========================================================================================================================================================
[180.480s][info][gc,start    ] GC(157) Garbage Collection (Allocation Rate)
[180.480s][info][gc,task     ] GC(157) Using 1 workers
[180.480s][info][gc,phases   ] GC(157) Pause Mark Start 0.017ms
[180.506s][info][gc,phases   ] GC(157) Concurrent Mark 25.730ms
[180.506s][info][gc,phases   ] GC(157) Pause Mark End 0.013ms
[180.506s][info][gc,phases   ] GC(157) Concurrent Mark Free 0.001ms
[180.514s][info][gc,phases   ] GC(157) Concurrent Process Non-Strong References 6.971ms
[180.514s][info][gc,phases   ] GC(157) Concurrent Reset Relocation Set 0.009ms
[180.517s][info][gc,phases   ] GC(157) Concurrent Select Relocation Set 3.816ms
[180.518s][info][gc,phases   ] GC(157) Pause Relocate Start 0.007ms
[180.523s][info][gc,phases   ] GC(157) Concurrent Relocate 5.481ms
[180.523s][info][gc,load     ] GC(157) Load: 0.00/0.00/0.00
[180.523s][info][gc,mmu      ] GC(157) MMU: 2ms/98.6%, 5ms/99.5%, 10ms/99.6%, 20ms/99.8%, 50ms/99.9%, 100ms/99.9%
[180.523s][info][gc,marking  ] GC(157) Mark: 1 stripe(s), 2 proactive flush(es), 1 terminate flush(es), 0 completion(s), 0 continuation(s) 
[180.523s][info][gc,marking  ] GC(157) Mark Stack Usage: 32M
[180.523s][info][gc,nmethod  ] GC(157) NMethods: 1984 registered, 359 unregistered
[180.523s][info][gc,metaspace] GC(157) Metaspace: 9M used, 9M committed, 1088M reserved
[180.523s][info][gc,ref      ] GC(157) Soft: 214 encountered, 0 discovered, 0 enqueued
[180.523s][info][gc,ref      ] GC(157) Weak: 809 encountered, 9 discovered, 0 enqueued
[180.523s][info][gc,ref      ] GC(157) Final: 0 encountered, 0 discovered, 0 enqueued
[180.523s][info][gc,ref      ] GC(157) Phantom: 27 encountered, 14 discovered, 0 enqueued
[180.523s][info][gc,reloc    ] GC(157) Small Pages: 224 / 448M, Empty: 328M, Relocated: 1M, In-Place: 0
[180.524s][info][gc,reloc    ] GC(157) Medium Pages: 0 / 0M, Empty: 0M, Relocated: 0M, In-Place: 0
[180.524s][info][gc,reloc    ] GC(157) Large Pages: 0 / 0M, Empty: 0M, Relocated: 0M, In-Place: 0
[180.524s][info][gc,reloc    ] GC(157) Forwarding Usage: 0M
[180.524s][info][gc,heap     ] GC(157) Min Capacity: 8M(2%)
[180.524s][info][gc,heap     ] GC(157) Max Capacity: 512M(100%)
[180.524s][info][gc,heap     ] GC(157) Soft Max Capacity: 512M(100%)
[180.524s][info][gc,heap     ] GC(157)                Mark Start          Mark End        Relocate Start      Relocate End           High               Low         
[180.524s][info][gc,heap     ] GC(157)  Capacity:      512M (100%)        512M (100%)        512M (100%)        512M (100%)        512M (100%)        512M (100%)   
[180.524s][info][gc,heap     ] GC(157)      Free:       64M (13%)          54M (11%)         378M (74%)         488M (95%)         488M (95%)          52M (10%)    
[180.524s][info][gc,heap     ] GC(157)      Used:      448M (88%)         458M (89%)         134M (26%)          24M (5%)          460M (90%)          24M (5%)     
[180.524s][info][gc,heap     ] GC(157)      Live:         -                 6M (1%)            6M (1%)            6M (1%)             -                  -          
[180.524s][info][gc,heap     ] GC(157) Allocated:         -                10M (2%)           14M (3%)           15M (3%)             -                  -          
[180.524s][info][gc,heap     ] GC(157)   Garbage:         -               441M (86%)         113M (22%)           1M (0%)             -                  -          
[180.524s][info][gc,heap     ] GC(157) Reclaimed:         -                  -               328M (64%)         439M (86%)            -                  -          
[180.524s][info][gc          ] GC(157) Garbage Collection (Allocation Rate) 448M(88%)->24M(5%)
[180.697s][info][gc,start    ] GC(158) Garbage Collection (System.gc())
[180.697s][info][gc,task     ] GC(158) Using 5 workers
[180.697s][info][gc,phases   ] GC(158) Pause Mark Start 0.016ms
[180.706s][info][gc,phases   ] GC(158) Concurrent Mark 9.220ms
[180.707s][info][gc,phases   ] GC(158) Pause Mark End 0.017ms
[180.707s][info][gc,phases   ] GC(158) Concurrent Mark Free 0.001ms
[180.708s][info][gc,phases   ] GC(158) Concurrent Process Non-Strong References 1.707ms
[180.708s][info][gc,phases   ] GC(158) Concurrent Reset Relocation Set 0.009ms
[180.712s][info][gc,phases   ] GC(158) Concurrent Select Relocation Set 3.658ms
[180.712s][info][gc,phases   ] GC(158) Pause Relocate Start 0.010ms
[180.714s][info][gc,phases   ] GC(158) Concurrent Relocate 1.536ms
[180.714s][info][gc,load     ] GC(158) Load: 0.00/0.00/0.00
[180.714s][info][gc,mmu      ] GC(158) MMU: 2ms/98.6%, 5ms/99.5%, 10ms/99.6%, 20ms/99.8%, 50ms/99.9%, 100ms/99.9%
[180.714s][info][gc,marking  ] GC(158) Mark: 4 stripe(s), 1 proactive flush(es), 1 terminate flush(es), 0 completion(s), 0 continuation(s) 
[180.714s][info][gc,marking  ] GC(158) Mark Stack Usage: 32M
[180.714s][info][gc,nmethod  ] GC(158) NMethods: 1984 registered, 359 unregistered
[180.714s][info][gc,metaspace] GC(158) Metaspace: 9M used, 9M committed, 1088M reserved
[180.714s][info][gc,ref      ] GC(158) Soft: 214 encountered, 0 discovered, 0 enqueued
[180.714s][info][gc,ref      ] GC(158) Weak: 809 encountered, 296 discovered, 0 enqueued
[180.714s][info][gc,ref      ] GC(158) Final: 0 encountered, 0 discovered, 0 enqueued
[180.714s][info][gc,ref      ] GC(158) Phantom: 27 encountered, 20 discovered, 0 enqueued
[180.714s][info][gc,reloc    ] GC(158) Small Pages: 37 / 74M, Empty: 60M, Relocated: 1M, In-Place: 0
[180.714s][info][gc,reloc    ] GC(158) Medium Pages: 0 / 0M, Empty: 0M, Relocated: 0M, In-Place: 0
[180.714s][info][gc,reloc    ] GC(158) Large Pages: 0 / 0M, Empty: 0M, Relocated: 0M, In-Place: 0
[180.714s][info][gc,reloc    ] GC(158) Forwarding Usage: 0M
[180.714s][info][gc,heap     ] GC(158) Min Capacity: 8M(2%)
[180.714s][info][gc,heap     ] GC(158) Max Capacity: 512M(100%)
[180.714s][info][gc,heap     ] GC(158) Soft Max Capacity: 512M(100%)
[180.714s][info][gc,heap     ] GC(158)                Mark Start          Mark End        Relocate Start      Relocate End           High               Low         
[180.714s][info][gc,heap     ] GC(158)  Capacity:      512M (100%)        512M (100%)        512M (100%)        512M (100%)        512M (100%)        512M (100%)   
[180.714s][info][gc,heap     ] GC(158)      Free:      438M (86%)         438M (86%)         498M (97%)         498M (97%)         498M (97%)         438M (86%)    
[180.714s][info][gc,heap     ] GC(158)      Used:       74M (14%)          74M (14%)          14M (3%)           14M (3%)           74M (14%)          14M (3%)     
[180.714s][info][gc,heap     ] GC(158)      Live:         -                 4M (1%)            4M (1%)            4M (1%)             -                  -          
[180.715s][info][gc,heap     ] GC(158) Allocated:         -                 0M (0%)            0M (0%)            0M (0%)             -                  -          
[180.715s][info][gc,heap     ] GC(158)   Garbage:         -                69M (13%)           9M (2%)            9M (2%)             -                  -          
[180.715s][info][gc,heap     ] GC(158) Reclaimed:         -                  -                60M (12%)          60M (12%)            -                  -          
[180.715s][info][gc          ] GC(158) Garbage Collection (System.gc()) 74M(14%)->14M(3%)
[182.080s][info][gc,start    ] GC(159) Garbage Collection (Allocation Rate)
[182.080s][info][gc,task     ] GC(159) Using 1 workers
[182.081s][info][gc,phases   ] GC(159) Pause Mark Start 0.017ms
[182.108s][info][gc,phases   ] GC(159) Concurrent Mark 27.241ms
[182.108s][info][gc,phases   ] GC(159) Pause Mark End 0.016ms
[182.108s][info][gc,phases   ] GC(159) Concurrent Mark Free 0.001ms
[182.113s][info][gc,phases   ] GC(159) Concurrent Process Non-Strong References 5.087ms
[182.113s][info][gc,phases   ] GC(159) Concurrent Reset Relocation Set 0.001ms
[182.119s][info][gc,phases   ] GC(159) Concurrent Select Relocation Set 5.376ms
[182.119s][info][gc,phases   ] GC(159) Pause Relocate Start 0.010ms
[182.123s][info][gc,phases   ] GC(159) Concurrent Relocate 4.167ms
[182.123s][info][gc,load     ] GC(159) Load: 0.00/0.00/0.00
[182.123s][info][gc,mmu      ] GC(159) MMU: 2ms/98.6%, 5ms/99.5%, 10ms/99.6%, 20ms/99.8%, 50ms/99.9%, 100ms/99.9%
[182.123s][info][gc,marking  ] GC(159) Mark: 1 stripe(s), 2 proactive flush(es), 1 terminate flush(es), 0 completion(s), 0 continuation(s) 
[182.123s][info][gc,marking  ] GC(159) Mark Stack Usage: 32M
[182.123s][info][gc,nmethod  ] GC(159) NMethods: 1984 registered, 359 unregistered
[182.123s][info][gc,metaspace] GC(159) Metaspace: 9M used, 9M committed, 1088M reserved
[182.123s][info][gc,ref      ] GC(159) Soft: 214 encountered, 0 discovered, 0 enqueued
[182.124s][info][gc,ref      ] GC(159) Weak: 809 encountered, 189 discovered, 0 enqueued
[182.124s][info][gc,ref      ] GC(159) Final: 0 encountered, 0 discovered, 0 enqueued
[182.124s][info][gc,ref      ] GC(159) Phantom: 27 encountered, 14 discovered, 0 enqueued
[182.124s][info][gc,reloc    ] GC(159) Small Pages: 218 / 436M, Empty: 274M, Relocated: 2M, In-Place: 0
[182.124s][info][gc,reloc    ] GC(159) Medium Pages: 0 / 0M, Empty: 0M, Relocated: 0M, In-Place: 0
[182.124s][info][gc,reloc    ] GC(159) Large Pages: 0 / 0M, Empty: 0M, Relocated: 0M, In-Place: 0
[182.124s][info][gc,reloc    ] GC(159) Forwarding Usage: 1M
[182.124s][info][gc,heap     ] GC(159) Min Capacity: 8M(2%)
[182.124s][info][gc,heap     ] GC(159) Max Capacity: 512M(100%)
[182.124s][info][gc,heap     ] GC(159) Soft Max Capacity: 512M(100%)
[182.124s][info][gc,heap     ] GC(159)                Mark Start          Mark End        Relocate Start      Relocate End           High               Low         
[182.124s][info][gc,heap     ] GC(159)  Capacity:      512M (100%)        512M (100%)        512M (100%)        512M (100%)        512M (100%)        512M (100%)   
[182.124s][info][gc,heap     ] GC(159)      Free:       76M (15%)          66M (13%)         336M (66%)         490M (96%)         490M (96%)          64M (13%)    
[182.124s][info][gc,heap     ] GC(159)      Used:      436M (85%)         446M (87%)         176M (34%)          22M (4%)          448M (88%)          22M (4%)     
[182.124s][info][gc,heap     ] GC(159)      Live:         -                 6M (1%)            6M (1%)            6M (1%)             -                  -          
[182.124s][info][gc,heap     ] GC(159) Allocated:         -                10M (2%)           14M (3%)           13M (3%)             -                  -          
[182.124s][info][gc,heap     ] GC(159)   Garbage:         -               429M (84%)         155M (30%)           1M (0%)             -                  -          
[182.124s][info][gc,heap     ] GC(159) Reclaimed:         -                  -               274M (54%)         427M (84%)            -                  -          
[182.124s][info][gc          ] GC(159) Garbage Collection (Allocation Rate) 436M(85%)->22M(4%)
[183.282s][info][gc,start    ] GC(160) Garbage Collection (Proactive)
[183.282s][info][gc,task     ] GC(160) Using 5 workers
[183.282s][info][gc,phases   ] GC(160) Pause Mark Start 0.017ms
[183.298s][info][gc,phases   ] GC(160) Concurrent Mark 15.214ms
[183.298s][info][gc,phases   ] GC(160) Pause Mark End 0.020ms
[183.298s][info][gc,phases   ] GC(160) Concurrent Mark Free 0.001ms
[183.300s][info][gc,phases   ] GC(160) Concurrent Process Non-Strong References 1.614ms
[183.300s][info][gc,phases   ] GC(160) Concurrent Reset Relocation Set 0.013ms
[183.304s][info][gc,phases   ] GC(160) Concurrent Select Relocation Set 3.949ms
[183.304s][info][gc,phases   ] GC(160) Pause Relocate Start 0.010ms
[183.306s][info][gc,phases   ] GC(160) Concurrent Relocate 1.694ms
[183.306s][info][gc,load     ] GC(160) Load: 0.00/0.00/0.00
[183.306s][info][gc,mmu      ] GC(160) MMU: 2ms/98.6%, 5ms/99.5%, 10ms/99.6%, 20ms/99.8%, 50ms/99.9%, 100ms/99.9%
[183.306s][info][gc,marking  ] GC(160) Mark: 4 stripe(s), 2 proactive flush(es), 1 terminate flush(es), 0 completion(s), 0 continuation(s) 
[183.306s][info][gc,marking  ] GC(160) Mark Stack Usage: 32M
[183.306s][info][gc,nmethod  ] GC(160) NMethods: 1984 registered, 359 unregistered
[183.306s][info][gc,metaspace] GC(160) Metaspace: 9M used, 9M committed, 1088M reserved
[183.306s][info][gc,ref      ] GC(160) Soft: 214 encountered, 0 discovered, 0 enqueued
[183.306s][info][gc,ref      ] GC(160) Weak: 809 encountered, 366 discovered, 0 enqueued
[183.306s][info][gc,ref      ] GC(160) Final: 0 encountered, 0 discovered, 0 enqueued
[183.306s][info][gc,ref      ] GC(160) Phantom: 27 encountered, 23 discovered, 0 enqueued
[183.306s][info][gc,reloc    ] GC(160) Small Pages: 194 / 388M, Empty: 278M, Relocated: 1M, In-Place: 0
[183.306s][info][gc,reloc    ] GC(160) Medium Pages: 0 / 0M, Empty: 0M, Relocated: 0M, In-Place: 0
[183.306s][info][gc,reloc    ] GC(160) Large Pages: 0 / 0M, Empty: 0M, Relocated: 0M, In-Place: 0
[183.306s][info][gc,reloc    ] GC(160) Forwarding Usage: 0M
[183.306s][info][gc,heap     ] GC(160) Min Capacity: 8M(2%)
[183.306s][info][gc,heap     ] GC(160) Max Capacity: 512M(100%)
[183.306s][info][gc,heap     ] GC(160) Soft Max Capacity: 512M(100%)
[183.306s][info][gc,heap     ] GC(160)                Mark Start          Mark End        Relocate Start      Relocate End           High               Low         
[183.306s][info][gc,heap     ] GC(160)  Capacity:      512M (100%)        512M (100%)        512M (100%)        512M (100%)        512M (100%)        512M (100%)   
[183.306s][info][gc,heap     ] GC(160)      Free:      124M (24%)         118M (23%)         394M (77%)         488M (95%)         488M (95%)         118M (23%)    
[183.306s][info][gc,heap     ] GC(160)      Used:      388M (76%)         394M (77%)         118M (23%)          24M (5%)          394M (77%)          24M (5%)     
[183.306s][info][gc,heap     ] GC(160)      Live:         -                 6M (1%)            6M (1%)            6M (1%)             -                  -          
[183.306s][info][gc,heap     ] GC(160) Allocated:         -                 6M (1%)            8M (2%)            7M (2%)             -                  -          
[183.306s][info][gc,heap     ] GC(160)   Garbage:         -               381M (75%)         103M (20%)           9M (2%)             -                  -          
[183.306s][info][gc,heap     ] GC(160) Reclaimed:         -                  -               278M (54%)         371M (73%)            -                  -          
[183.306s][info][gc          ] GC(160) Garbage Collection (Proactive) 388M(76%)->24M(5%)
[184.483s][info][gc,start    ] GC(161) Garbage Collection (Allocation Rate)
[184.484s][info][gc,task     ] GC(161) Using 1 workers
[184.484s][info][gc,phases   ] GC(161) Pause Mark Start 0.018ms
[184.510s][info][gc,phases   ] GC(161) Concurrent Mark 26.399ms
[184.510s][info][gc,phases   ] GC(161) Pause Mark End 0.019ms
[184.511s][info][gc,phases   ] GC(161) Concurrent Mark Free 0.001ms
[184.518s][info][gc,phases   ] GC(161) Concurrent Process Non-Strong References 7.126ms
[184.518s][info][gc,phases   ] GC(161) Concurrent Reset Relocation Set 0.009ms
[184.522s][info][gc,phases   ] GC(161) Concurrent Select Relocation Set 3.844ms
[184.522s][info][gc,phases   ] GC(161) Pause Relocate Start 0.009ms
[184.526s][info][gc,phases   ] GC(161) Concurrent Relocate 3.848ms
[184.526s][info][gc,load     ] GC(161) Load: 0.00/0.00/0.00
[184.526s][info][gc,mmu      ] GC(161) MMU: 2ms/98.6%, 5ms/99.5%, 10ms/99.6%, 20ms/99.8%, 50ms/99.9%, 100ms/99.9%
[184.526s][info][gc,marking  ] GC(161) Mark: 1 stripe(s), 2 proactive flush(es), 1 terminate flush(es), 0 completion(s), 0 continuation(s) 
[184.526s][info][gc,marking  ] GC(161) Mark Stack Usage: 32M
[184.526s][info][gc,nmethod  ] GC(161) NMethods: 1984 registered, 359 unregistered
[184.526s][info][gc,metaspace] GC(161) Metaspace: 9M used, 9M committed, 1088M reserved
[184.526s][info][gc,ref      ] GC(161) Soft: 214 encountered, 0 discovered, 0 enqueued
[184.526s][info][gc,ref      ] GC(161) Weak: 809 encountered, 188 discovered, 0 enqueued
[184.526s][info][gc,ref      ] GC(161) Final: 0 encountered, 0 discovered, 0 enqueued
[184.526s][info][gc,ref      ] GC(161) Phantom: 27 encountered, 14 discovered, 0 enqueued
[184.526s][info][gc,reloc    ] GC(161) Small Pages: 202 / 404M, Empty: 346M, Relocated: 1M, In-Place: 0
[184.526s][info][gc,reloc    ] GC(161) Medium Pages: 0 / 0M, Empty: 0M, Relocated: 0M, In-Place: 0
[184.526s][info][gc,reloc    ] GC(161) Large Pages: 0 / 0M, Empty: 0M, Relocated: 0M, In-Place: 0
[184.526s][info][gc,reloc    ] GC(161) Forwarding Usage: 0M
[184.526s][info][gc,heap     ] GC(161) Min Capacity: 8M(2%)
[184.526s][info][gc,heap     ] GC(161) Max Capacity: 512M(100%)
[184.526s][info][gc,heap     ] GC(161) Soft Max Capacity: 512M(100%)
[184.526s][info][gc,heap     ] GC(161)                Mark Start          Mark End        Relocate Start      Relocate End           High               Low         
[184.526s][info][gc,heap     ] GC(161)  Capacity:      512M (100%)        512M (100%)        512M (100%)        512M (100%)        512M (100%)        512M (100%)   
[184.526s][info][gc,heap     ] GC(161)      Free:      108M (21%)          98M (19%)         440M (86%)         488M (95%)         488M (95%)          96M (19%)    
[184.526s][info][gc,heap     ] GC(161)      Used:      404M (79%)         414M (81%)          72M (14%)          24M (5%)          416M (81%)          24M (5%)     
[184.526s][info][gc,heap     ] GC(161)      Live:         -                 6M (1%)            6M (1%)            6M (1%)             -                  -          
[184.527s][info][gc,heap     ] GC(161) Allocated:         -                10M (2%)           14M (3%)           15M (3%)             -                  -          
[184.527s][info][gc,heap     ] GC(161)   Garbage:         -               397M (78%)          51M (10%)           1M (0%)             -                  -          
[184.527s][info][gc,heap     ] GC(161) Reclaimed:         -                  -               346M (68%)         395M (77%)            -                  -          
[184.527s][info][gc          ] GC(161) Garbage Collection (Allocation Rate) 404M(79%)->24M(5%)
[185.779s][info][gc,start    ] GC(162) Garbage Collection (Allocation Rate)
[185.779s][info][gc,task     ] GC(162) Using 1 workers
[185.779s][info][gc,phases   ] GC(162) Pause Mark Start 0.017ms
[185.805s][info][gc,phases   ] GC(162) Concurrent Mark 26.177ms
[185.806s][info][gc,phases   ] GC(162) Pause Mark End 0.019ms
[185.806s][info][gc,phases   ] GC(162) Concurrent Mark Free 0.002ms
[185.813s][info][gc,phases   ] GC(162) Concurrent Process Non-Strong References 7.086ms
[185.813s][info][gc,phases   ] GC(162) Concurrent Reset Relocation Set 0.005ms
[185.817s][info][gc,phases   ] GC(162) Concurrent Select Relocation Set 4.492ms
[185.818s][info][gc,phases   ] GC(162) Pause Relocate Start 0.010ms
[185.822s][info][gc,phases   ] GC(162) Concurrent Relocate 4.302ms
[185.822s][info][gc,load     ] GC(162) Load: 0.00/0.00/0.00
[185.822s][info][gc,mmu      ] GC(162) MMU: 2ms/98.6%, 5ms/99.5%, 10ms/99.6%, 20ms/99.8%, 50ms/99.9%, 100ms/99.9%
[185.822s][info][gc,marking  ] GC(162) Mark: 1 stripe(s), 2 proactive flush(es), 1 terminate flush(es), 0 completion(s), 0 continuation(s) 
[185.822s][info][gc,marking  ] GC(162) Mark Stack Usage: 32M
[185.822s][info][gc,nmethod  ] GC(162) NMethods: 1984 registered, 359 unregistered
[185.822s][info][gc,metaspace] GC(162) Metaspace: 9M used, 9M committed, 1088M reserved
[185.822s][info][gc,ref      ] GC(162) Soft: 214 encountered, 0 discovered, 0 enqueued
[185.822s][info][gc,ref      ] GC(162) Weak: 809 encountered, 9 discovered, 0 enqueued
[185.822s][info][gc,ref      ] GC(162) Final: 0 encountered, 0 discovered, 0 enqueued
[185.822s][info][gc,ref      ] GC(162) Phantom: 27 encountered, 14 discovered, 0 enqueued
[185.822s][info][gc,reloc    ] GC(162) Small Pages: 212 / 424M, Empty: 374M, Relocated: 1M, In-Place: 0
[185.822s][info][gc,reloc    ] GC(162) Medium Pages: 0 / 0M, Empty: 0M, Relocated: 0M, In-Place: 0
[185.822s][info][gc,reloc    ] GC(162) Large Pages: 0 / 0M, Empty: 0M, Relocated: 0M, In-Place: 0
[185.822s][info][gc,reloc    ] GC(162) Forwarding Usage: 0M
[185.822s][info][gc,heap     ] GC(162) Min Capacity: 8M(2%)
[185.822s][info][gc,heap     ] GC(162) Max Capacity: 512M(100%)
[185.823s][info][gc,heap     ] GC(162) Soft Max Capacity: 512M(100%)
[185.823s][info][gc,heap     ] GC(162)                Mark Start          Mark End        Relocate Start      Relocate End           High               Low         
[185.823s][info][gc,heap     ] GC(162)  Capacity:      512M (100%)        512M (100%)        512M (100%)        512M (100%)        512M (100%)        512M (100%)   
[185.823s][info][gc,heap     ] GC(162)      Free:       88M (17%)          78M (15%)         448M (88%)         488M (95%)         488M (95%)          76M (15%)    
[185.823s][info][gc,heap     ] GC(162)      Used:      424M (83%)         434M (85%)          64M (13%)          24M (5%)          436M (85%)          24M (5%)     
[185.823s][info][gc,heap     ] GC(162)      Live:         -                 6M (1%)            6M (1%)            6M (1%)             -                  -          
[185.823s][info][gc,heap     ] GC(162) Allocated:         -                10M (2%)           14M (3%)           15M (3%)             -                  -          
[185.823s][info][gc,heap     ] GC(162)   Garbage:         -               417M (82%)          43M (9%)            1M (0%)             -                  -          
[185.823s][info][gc,heap     ] GC(162) Reclaimed:         -                  -               374M (73%)         415M (81%)            -                  -          
[185.823s][info][gc          ] GC(162) Garbage Collection (Allocation Rate) 424M(83%)->24M(5%)
[186.980s][info][gc,start    ] GC(163) Garbage Collection (Proactive)
[186.980s][info][gc,task     ] GC(163) Using 5 workers
[186.980s][info][gc,phases   ] GC(163) Pause Mark Start 0.017ms
[186.996s][info][gc,phases   ] GC(163) Concurrent Mark 15.212ms
[186.996s][info][gc,phases   ] GC(163) Pause Mark End 0.017ms
[186.996s][info][gc,phases   ] GC(163) Concurrent Mark Free 0.001ms
[186.998s][info][gc,phases   ] GC(163) Concurrent Process Non-Strong References 1.691ms
[186.998s][info][gc,phases   ] GC(163) Concurrent Reset Relocation Set 0.005ms
[187.002s][info][gc,phases   ] GC(163) Concurrent Select Relocation Set 3.759ms
[187.002s][info][gc,phases   ] GC(163) Pause Relocate Start 0.008ms
[187.004s][info][gc,phases   ] GC(163) Concurrent Relocate 1.830ms
[187.004s][info][gc,load     ] GC(163) Load: 0.00/0.00/0.00
[187.004s][info][gc,mmu      ] GC(163) MMU: 2ms/98.6%, 5ms/99.5%, 10ms/99.6%, 20ms/99.8%, 50ms/99.9%, 100ms/99.9%
[187.004s][info][gc,marking  ] GC(163) Mark: 4 stripe(s), 2 proactive flush(es), 1 terminate flush(es), 0 completion(s), 0 continuation(s) 
[187.004s][info][gc,marking  ] GC(163) Mark Stack Usage: 32M
[187.004s][info][gc,nmethod  ] GC(163) NMethods: 1984 registered, 359 unregistered
[187.004s][info][gc,metaspace] GC(163) Metaspace: 9M used, 9M committed, 1088M reserved
[187.004s][info][gc,ref      ] GC(163) Soft: 214 encountered, 0 discovered, 0 enqueued
[187.004s][info][gc,ref      ] GC(163) Weak: 809 encountered, 450 discovered, 0 enqueued
[187.004s][info][gc,ref      ] GC(163) Final: 0 encountered, 0 discovered, 0 enqueued
[187.004s][info][gc,ref      ] GC(163) Phantom: 27 encountered, 23 discovered, 0 enqueued
[187.004s][info][gc,reloc    ] GC(163) Small Pages: 194 / 388M, Empty: 274M, Relocated: 1M, In-Place: 0
[187.004s][info][gc,reloc    ] GC(163) Medium Pages: 0 / 0M, Empty: 0M, Relocated: 0M, In-Place: 0
[187.004s][info][gc,reloc    ] GC(163) Large Pages: 0 / 0M, Empty: 0M, Relocated: 0M, In-Place: 0
[187.004s][info][gc,reloc    ] GC(163) Forwarding Usage: 0M
[187.004s][info][gc,heap     ] GC(163) Min Capacity: 8M(2%)
[187.004s][info][gc,heap     ] GC(163) Max Capacity: 512M(100%)
[187.004s][info][gc,heap     ] GC(163) Soft Max Capacity: 512M(100%)
[187.004s][info][gc,heap     ] GC(163)                Mark Start          Mark End        Relocate Start      Relocate End           High               Low         
[187.004s][info][gc,heap     ] GC(163)  Capacity:      512M (100%)        512M (100%)        512M (100%)        512M (100%)        512M (100%)        512M (100%)   
[187.004s][info][gc,heap     ] GC(163)      Free:      124M (24%)         118M (23%)         390M (76%)         488M (95%)         488M (95%)         116M (23%)    
[187.004s][info][gc,heap     ] GC(163)      Used:      388M (76%)         394M (77%)         122M (24%)          24M (5%)          396M (77%)          24M (5%)     
[187.004s][info][gc,heap     ] GC(163)      Live:         -                 6M (1%)            6M (1%)            6M (1%)             -                  -          
[187.004s][info][gc,heap     ] GC(163) Allocated:         -                 6M (1%)            8M (2%)            7M (2%)             -                  -          
[187.004s][info][gc,heap     ] GC(163)   Garbage:         -               381M (75%)         107M (21%)           9M (2%)             -                  -          
[187.004s][info][gc,heap     ] GC(163) Reclaimed:         -                  -               274M (54%)         371M (73%)            -                  -          
[187.004s][info][gc          ] GC(163) Garbage Collection (Proactive) 388M(76%)->24M(5%)
[187.595s][info][gc,start    ] GC(164) Garbage Collection (System.gc())
[187.595s][info][gc,task     ] GC(164) Using 5 workers
[187.595s][info][gc,phases   ] GC(164) Pause Mark Start 0.016ms
[187.612s][info][gc,phases   ] GC(164) Concurrent Mark 16.793ms
[187.612s][info][gc,phases   ] GC(164) Pause Mark End 0.016ms
[187.612s][info][gc,phases   ] GC(164) Concurrent Mark Free 0.001ms
[187.614s][info][gc,phases   ] GC(164) Concurrent Process Non-Strong References 1.667ms
[187.614s][info][gc,phases   ] GC(164) Concurrent Reset Relocation Set 0.008ms
[187.618s][info][gc,phases   ] GC(164) Concurrent Select Relocation Set 3.668ms
[187.618s][info][gc,phases   ] GC(164) Pause Relocate Start 0.007ms
[187.619s][info][gc,phases   ] GC(164) Concurrent Relocate 1.493ms
[187.619s][info][gc,load     ] GC(164) Load: 0.00/0.00/0.00
[187.620s][info][gc,mmu      ] GC(164) MMU: 2ms/98.6%, 5ms/99.5%, 10ms/99.6%, 20ms/99.8%, 50ms/99.9%, 100ms/99.9%
[187.620s][info][gc,marking  ] GC(164) Mark: 4 stripe(s), 2 proactive flush(es), 1 terminate flush(es), 0 completion(s), 0 continuation(s) 
[187.620s][info][gc,marking  ] GC(164) Mark Stack Usage: 32M
[187.620s][info][gc,nmethod  ] GC(164) NMethods: 1986 registered, 359 unregistered
[187.620s][info][gc,metaspace] GC(164) Metaspace: 9M used, 9M committed, 1088M reserved
[187.620s][info][gc,ref      ] GC(164) Soft: 214 encountered, 0 discovered, 0 enqueued
[187.620s][info][gc,ref      ] GC(164) Weak: 809 encountered, 130 discovered, 0 enqueued
[187.620s][info][gc,ref      ] GC(164) Final: 0 encountered, 0 discovered, 0 enqueued
[187.620s][info][gc,ref      ] GC(164) Phantom: 27 encountered, 21 discovered, 0 enqueued
[187.620s][info][gc,reloc    ] GC(164) Small Pages: 107 / 214M, Empty: 200M, Relocated: 1M, In-Place: 0
[187.620s][info][gc,reloc    ] GC(164) Medium Pages: 0 / 0M, Empty: 0M, Relocated: 0M, In-Place: 0
[187.620s][info][gc,reloc    ] GC(164) Large Pages: 0 / 0M, Empty: 0M, Relocated: 0M, In-Place: 0
[187.620s][info][gc,reloc    ] GC(164) Forwarding Usage: 0M
[187.620s][info][gc,heap     ] GC(164) Min Capacity: 8M(2%)
[187.620s][info][gc,heap     ] GC(164) Max Capacity: 512M(100%)
[187.620s][info][gc,heap     ] GC(164) Soft Max Capacity: 512M(100%)
[187.620s][info][gc,heap     ] GC(164)                Mark Start          Mark End        Relocate Start      Relocate End           High               Low         
[187.620s][info][gc,heap     ] GC(164)  Capacity:      512M (100%)        512M (100%)        512M (100%)        512M (100%)        512M (100%)        512M (100%)   
[187.620s][info][gc,heap     ] GC(164)      Free:      298M (58%)         298M (58%)         498M (97%)         498M (97%)         498M (97%)         298M (58%)    
[187.620s][info][gc,heap     ] GC(164)      Used:      214M (42%)         214M (42%)          14M (3%)           14M (3%)          214M (42%)          14M (3%)     
[187.620s][info][gc,heap     ] GC(164)      Live:         -                 4M (1%)            4M (1%)            4M (1%)             -                  -          
[187.620s][info][gc,heap     ] GC(164) Allocated:         -                 0M (0%)            0M (0%)            0M (0%)             -                  -          
[187.620s][info][gc,heap     ] GC(164)   Garbage:         -               209M (41%)           9M (2%)            9M (2%)             -                  -          
[187.620s][info][gc,heap     ] GC(164) Reclaimed:         -                  -               200M (39%)         200M (39%)            -                  -          
[187.620s][info][gc          ] GC(164) Garbage Collection (System.gc()) 214M(42%)->14M(3%)
[188.876s][info][gc,start    ] GC(165) Garbage Collection (Allocation Rate)
[188.876s][info][gc,task     ] GC(165) Using 1 workers
[188.877s][info][gc,phases   ] GC(165) Pause Mark Start 0.016ms
[188.904s][info][gc,phases   ] GC(165) Concurrent Mark 27.321ms
[188.904s][info][gc,phases   ] GC(165) Pause Mark End 0.015ms
[188.904s][info][gc,phases   ] GC(165) Concurrent Mark Free 0.001ms
[188.911s][info][gc,phases   ] GC(165) Concurrent Process Non-Strong References 7.197ms
[188.911s][info][gc,phases   ] GC(165) Concurrent Reset Relocation Set 0.002ms
[188.917s][info][gc,phases   ] GC(165) Concurrent Select Relocation Set 5.130ms
[188.917s][info][gc,phases   ] GC(165) Pause Relocate Start 0.007ms
[188.924s][info][gc,phases   ] GC(165) Concurrent Relocate 7.639ms
[188.925s][info][gc,load     ] GC(165) Load: 0.00/0.00/0.00
[188.925s][info][gc,mmu      ] GC(165) MMU: 2ms/98.6%, 5ms/99.5%, 10ms/99.6%, 20ms/99.8%, 50ms/99.9%, 100ms/99.9%
[188.925s][info][gc,marking  ] GC(165) Mark: 1 stripe(s), 2 proactive flush(es), 1 terminate flush(es), 0 completion(s), 0 continuation(s) 
[188.925s][info][gc,marking  ] GC(165) Mark Stack Usage: 32M
[188.925s][info][gc,nmethod  ] GC(165) NMethods: 1987 registered, 359 unregistered
[188.925s][info][gc,metaspace] GC(165) Metaspace: 9M used, 9M committed, 1088M reserved
[188.925s][info][gc,ref      ] GC(165) Soft: 214 encountered, 0 discovered, 0 enqueued
[188.925s][info][gc,ref      ] GC(165) Weak: 809 encountered, 189 discovered, 0 enqueued
[188.925s][info][gc,ref      ] GC(165) Final: 0 encountered, 0 discovered, 0 enqueued
[188.925s][info][gc,ref      ] GC(165) Phantom: 27 encountered, 14 discovered, 0 enqueued
[188.925s][info][gc,reloc    ] GC(165) Small Pages: 205 / 410M, Empty: 244M, Relocated: 2M, In-Place: 0
[188.925s][info][gc,reloc    ] GC(165) Medium Pages: 0 / 0M, Empty: 0M, Relocated: 0M, In-Place: 0
[188.925s][info][gc,reloc    ] GC(165) Large Pages: 0 / 0M, Empty: 0M, Relocated: 0M, In-Place: 0
[188.925s][info][gc,reloc    ] GC(165) Forwarding Usage: 1M
[188.925s][info][gc,heap     ] GC(165) Min Capacity: 8M(2%)
[188.925s][info][gc,heap     ] GC(165) Max Capacity: 512M(100%)
[188.925s][info][gc,heap     ] GC(165) Soft Max Capacity: 512M(100%)
[188.925s][info][gc,heap     ] GC(165)                Mark Start          Mark End        Relocate Start      Relocate End           High               Low         
[188.925s][info][gc,heap     ] GC(165)  Capacity:      512M (100%)        512M (100%)        512M (100%)        512M (100%)        512M (100%)        512M (100%)   
[188.925s][info][gc,heap     ] GC(165)      Free:      102M (20%)          92M (18%)         332M (65%)         486M (95%)         486M (95%)          90M (18%)    
[188.925s][info][gc,heap     ] GC(165)      Used:      410M (80%)         420M (82%)         180M (35%)          26M (5%)          422M (82%)          26M (5%)     
[188.925s][info][gc,heap     ] GC(165)      Live:         -                 6M (1%)            6M (1%)            6M (1%)             -                  -          
[188.925s][info][gc,heap     ] GC(165) Allocated:         -                10M (2%)           14M (3%)           17M (4%)             -                  -          
[188.925s][info][gc,heap     ] GC(165)   Garbage:         -               403M (79%)         159M (31%)           1M (0%)             -                  -          
[188.925s][info][gc,heap     ] GC(165) Reclaimed:         -                  -               244M (48%)         401M (79%)            -                  -          
[188.925s][info][gc          ] GC(165) Garbage Collection (Allocation Rate) 410M(80%)->26M(5%)
[190.078s][info][gc,stats    ] === Garbage Collection Statistics =======================================================================================================================
[190.078s][info][gc,stats    ]                                                              Last 10s              Last 10m              Last 10h                Total
[190.078s][info][gc,stats    ]                                                              Avg / Max             Avg / Max             Avg / Max             Avg / Max
[190.078s][info][gc,stats    ]   Collector: Garbage Collection Cycle                     34.308 / 48.330       36.848 / 60.364       36.848 / 60.364       36.848 / 60.364      ms
[190.078s][info][gc,stats    ]  Contention: Mark Segment Reset Contention                     0 / 2                 0 / 4                 0 / 4                 0 / 4           ops/s
[190.078s][info][gc,stats    ]  Contention: Mark SeqNum Reset Contention                      0 / 1                 0 / 2                 0 / 2                 0 / 2           ops/s
[190.078s][info][gc,stats    ]    Critical: Allocation Stall                                  0 / 0                 0 / 0                 0 / 0                 0 / 0           ops/s
[190.078s][info][gc,stats    ]    Critical: Allocation Stall                              0.000 / 0.000         0.000 / 0.000         0.000 / 0.000         0.000 / 0.000       ms
[190.078s][info][gc,stats    ]    Critical: GC Locker Stall                                   0 / 0                 0 / 0                 0 / 0                 0 / 0           ops/s
[190.078s][info][gc,stats    ]    Critical: GC Locker Stall                               0.000 / 0.000         0.000 / 0.000         0.000 / 0.000         0.000 / 0.000       ms
[190.078s][info][gc,stats    ]    Critical: Relocation Stall                                  0 / 0                 0 / 0                 0 / 0                 0 / 0           ops/s
[190.078s][info][gc,stats    ]    Critical: Relocation Stall                              0.000 / 0.000         0.000 / 0.000         0.000 / 0.000         0.000 / 0.000       ms
[190.078s][info][gc,stats    ]      Memory: Allocation Rate                                 319 / 330             318 / 338             318 / 338             318 / 338         MB/s
[190.078s][info][gc,stats    ]      Memory: Defragment                                        0 / 0                 0 / 0                 0 / 0                 0 / 0           ops/s
[190.078s][info][gc,stats    ]      Memory: Out Of Memory                                     0 / 0                 0 / 0                 0 / 0                 0 / 0           ops/s
[190.078s][info][gc,stats    ]      Memory: Page Cache Flush                                  0 / 0                 0 / 0                 0 / 0                 0 / 0           MB/s
[190.078s][info][gc,stats    ]      Memory: Page Cache Hit L1                               162 / 170             160 / 174             160 / 174             160 / 174         ops/s
[190.078s][info][gc,stats    ]      Memory: Page Cache Hit L2                                 0 / 0                 0 / 0                 0 / 0                 0 / 0           ops/s
[190.078s][info][gc,stats    ]      Memory: Page Cache Hit L3                                 0 / 0                 1 / 77                1 / 77                1 / 77          ops/s
[190.078s][info][gc,stats    ]      Memory: Page Cache Miss                                   0 / 0                 0 / 1                 0 / 1                 0 / 1           ops/s
[190.079s][info][gc,stats    ]      Memory: Uncommit                                          0 / 0                 0 / 0                 0 / 0                 0 / 0           MB/s
[190.079s][info][gc,stats    ]      Memory: Undo Object Allocation Failed                     0 / 1                 0 / 6                 0 / 6                 0 / 6           ops/s
[190.079s][info][gc,stats    ]      Memory: Undo Object Allocation Succeeded                  0 / 2                 0 / 7                 0 / 7                 0 / 7           ops/s
[190.079s][info][gc,stats    ]      Memory: Undo Page Allocation                              1 / 3                 1 / 10                1 / 10                1 / 10          ops/s
[190.079s][info][gc,stats    ]       Phase: Concurrent Mark                              21.034 / 27.321       22.654 / 38.107       22.654 / 38.107       22.654 / 38.107      ms
[190.079s][info][gc,stats    ]       Phase: Concurrent Mark Continue                      0.000 / 0.000         0.000 / 0.000         0.000 / 0.000         0.000 / 0.000       ms
[190.079s][info][gc,stats    ]       Phase: Concurrent Mark Free                          0.001 / 0.002         0.001 / 0.002         0.001 / 0.002         0.001 / 0.002       ms
[190.079s][info][gc,stats    ]       Phase: Concurrent Process Non-Strong References      4.460 / 7.197         4.792 / 7.613         4.792 / 7.613         4.792 / 7.613       ms
[190.079s][info][gc,stats    ]       Phase: Concurrent Relocate                           3.554 / 7.639         3.643 / 8.950         3.643 / 8.950         3.643 / 8.950       ms
[190.079s][info][gc,stats    ]       Phase: Concurrent Reset Relocation Set               0.007 / 0.013         0.007 / 0.015         0.007 / 0.015         0.007 / 0.015       ms
[190.079s][info][gc,stats    ]       Phase: Concurrent Select Relocation Set              4.188 / 5.376         4.438 / 14.681        4.438 / 14.681        4.438 / 14.681      ms
[190.079s][info][gc,stats    ]       Phase: Pause Mark End                                0.017 / 0.020         0.017 / 0.021         0.017 / 0.021         0.017 / 0.021       ms
[190.079s][info][gc,stats    ]       Phase: Pause Mark Start                              0.017 / 0.018         0.017 / 0.027         0.017 / 0.027         0.017 / 0.027       ms
[190.079s][info][gc,stats    ]       Phase: Pause Relocate Start                          0.009 / 0.010         0.009 / 0.012         0.009 / 0.012         0.009 / 0.012       ms
[190.079s][info][gc,stats    ]    Subphase: Concurrent Classes Purge                      0.005 / 0.006         0.019 / 0.583         0.019 / 0.583         0.019 / 0.583       ms
[190.079s][info][gc,stats    ]    Subphase: Concurrent Classes Unlink                     3.644 / 5.960         3.909 / 6.093         3.909 / 6.093         3.909 / 6.093       ms
[190.079s][info][gc,stats    ]    Subphase: Concurrent Mark                              14.346 / 24.798       15.464 / 34.990       15.464 / 34.990       15.464 / 34.990      ms
[190.079s][info][gc,stats    ]    Subphase: Concurrent Mark Try Flush                     0.065 / 0.097         0.060 / 0.187         0.060 / 0.187         0.060 / 0.187       ms
[190.079s][info][gc,stats    ]    Subphase: Concurrent Mark Try Terminate                 3.685 / 11.434        3.410 / 16.488        3.410 / 16.488        3.410 / 16.488      ms
[190.079s][info][gc,stats    ]    Subphase: Concurrent References Enqueue                 0.000 / 0.001         0.001 / 0.005         0.001 / 0.005         0.001 / 0.005       ms
[190.079s][info][gc,stats    ]    Subphase: Concurrent References Process                 0.049 / 0.062         0.048 / 0.114         0.048 / 0.114         0.048 / 0.114       ms
[190.079s][info][gc,stats    ]    Subphase: Concurrent Roots ClassLoaderDataGraph         0.138 / 0.354         0.156 / 0.631         0.156 / 0.631         0.156 / 0.631       ms
[190.079s][info][gc,stats    ]    Subphase: Concurrent Roots CodeCache                    0.000 / 0.000         0.000 / 0.000         0.000 / 0.000         0.000 / 0.000       ms
[190.079s][info][gc,stats    ]    Subphase: Concurrent Roots JavaThreads                  0.906 / 2.223         0.959 / 2.289         0.959 / 2.289         0.959 / 2.289       ms
[190.079s][info][gc,stats    ]    Subphase: Concurrent Roots OopStorageSet                0.032 / 0.061         0.032 / 0.136         0.032 / 0.136         0.032 / 0.136       ms
[190.079s][info][gc,stats    ]    Subphase: Concurrent Weak Roots OopStorageSet           0.362 / 1.109         0.398 / 1.768         0.398 / 1.768         0.398 / 1.768       ms
[190.079s][info][gc,stats    ]    Subphase: Pause Mark Try Complete                       0.000 / 0.000         0.000 / 0.000         0.000 / 0.000         0.000 / 0.000       ms
[190.079s][info][gc,stats    ]      System: Java Threads                                     38 / 38               35 / 41               35 / 41               35 / 41          threads
[190.080s][info][gc,stats    ] =========================================================================================================================================================
[190.187s][info][gc,start    ] GC(166) Garbage Collection (Allocation Rate)
[190.187s][info][gc,task     ] GC(166) Using 1 workers
[190.187s][info][gc,phases   ] GC(166) Pause Mark Start 0.017ms
[190.216s][info][gc,phases   ] GC(166) Concurrent Mark 28.283ms
[190.216s][info][gc,phases   ] GC(166) Pause Mark End 0.017ms
[190.216s][info][gc,phases   ] GC(166) Concurrent Mark Free 0.001ms
[190.223s][info][gc,phases   ] GC(166) Concurrent Process Non-Strong References 7.208ms
[190.223s][info][gc,phases   ] GC(166) Concurrent Reset Relocation Set 0.012ms
[190.229s][info][gc,phases   ] GC(166) Concurrent Select Relocation Set 5.665ms
[190.229s][info][gc,phases   ] GC(166) Pause Relocate Start 0.009ms
[190.234s][info][gc,phases   ] GC(166) Concurrent Relocate 5.017ms
[190.234s][info][gc,load     ] GC(166) Load: 0.00/0.00/0.00
[190.234s][info][gc,mmu      ] GC(166) MMU: 2ms/98.6%, 5ms/99.5%, 10ms/99.6%, 20ms/99.8%, 50ms/99.9%, 100ms/99.9%
[190.234s][info][gc,marking  ] GC(166) Mark: 1 stripe(s), 2 proactive flush(es), 1 terminate flush(es), 0 completion(s), 0 continuation(s) 
[190.234s][info][gc,marking  ] GC(166) Mark Stack Usage: 32M
[190.234s][info][gc,nmethod  ] GC(166) NMethods: 1987 registered, 359 unregistered
[190.234s][info][gc,metaspace] GC(166) Metaspace: 9M used, 9M committed, 1088M reserved
[190.235s][info][gc,ref      ] GC(166) Soft: 214 encountered, 0 discovered, 0 enqueued
[190.235s][info][gc,ref      ] GC(166) Weak: 809 encountered, 189 discovered, 0 enqueued
[190.235s][info][gc,ref      ] GC(166) Final: 0 encountered, 0 discovered, 0 enqueued
[190.235s][info][gc,ref      ] GC(166) Phantom: 27 encountered, 14 discovered, 0 enqueued
[190.235s][info][gc,reloc    ] GC(166) Small Pages: 216 / 432M, Empty: 282M, Relocated: 2M, In-Place: 0
[190.235s][info][gc,reloc    ] GC(166) Medium Pages: 0 / 0M, Empty: 0M, Relocated: 0M, In-Place: 0
[190.235s][info][gc,reloc    ] GC(166) Large Pages: 0 / 0M, Empty: 0M, Relocated: 0M, In-Place: 0
[190.235s][info][gc,reloc    ] GC(166) Forwarding Usage: 1M
[190.235s][info][gc,heap     ] GC(166) Min Capacity: 8M(2%)
[190.235s][info][gc,heap     ] GC(166) Max Capacity: 512M(100%)
[190.235s][info][gc,heap     ] GC(166) Soft Max Capacity: 512M(100%)
[190.235s][info][gc,heap     ] GC(166)                Mark Start          Mark End        Relocate Start      Relocate End           High               Low         
[190.235s][info][gc,heap     ] GC(166)  Capacity:      512M (100%)        512M (100%)        512M (100%)        512M (100%)        512M (100%)        512M (100%)   
[190.235s][info][gc,heap     ] GC(166)      Free:       80M (16%)          70M (14%)         348M (68%)         488M (95%)         488M (95%)          68M (13%)    
[190.235s][info][gc,heap     ] GC(166)      Used:      432M (84%)         442M (86%)         164M (32%)          24M (5%)          444M (87%)          24M (5%)     
[190.235s][info][gc,heap     ] GC(166)      Live:         -                 6M (1%)            6M (1%)            6M (1%)             -                  -          
[190.235s][info][gc,heap     ] GC(166) Allocated:         -                10M (2%)           14M (3%)           15M (3%)             -                  -          
[190.235s][info][gc,heap     ] GC(166)   Garbage:         -               425M (83%)         143M (28%)           1M (0%)             -                  -          
[190.235s][info][gc,heap     ] GC(166) Reclaimed:         -                  -               282M (55%)         423M (83%)            -                  -          
[190.235s][info][gc          ] GC(166) Garbage Collection (Allocation Rate) 432M(84%)->24M(5%)
[191.489s][info][gc,start    ] GC(167) Garbage Collection (Allocation Rate)
[191.490s][info][gc,task     ] GC(167) Using 1 workers
[191.490s][info][gc,phases   ] GC(167) Pause Mark Start 0.017ms
[191.516s][info][gc,phases   ] GC(167) Concurrent Mark 26.139ms
[191.516s][info][gc,phases   ] GC(167) Pause Mark End 0.018ms
[191.516s][info][gc,phases   ] GC(167) Concurrent Mark Free 0.001ms
[191.523s][info][gc,phases   ] GC(167) Concurrent Process Non-Strong References 6.730ms
[191.523s][info][gc,phases   ] GC(167) Concurrent Reset Relocation Set 0.012ms
[191.527s][info][gc,phases   ] GC(167) Concurrent Select Relocation Set 3.925ms
[191.527s][info][gc,phases   ] GC(167) Pause Relocate Start 0.006ms
[191.529s][info][gc,phases   ] GC(167) Concurrent Relocate 1.682ms
[191.529s][info][gc,load     ] GC(167) Load: 0.00/0.00/0.00
[191.529s][info][gc,mmu      ] GC(167) MMU: 2ms/98.6%, 5ms/99.5%, 10ms/99.6%, 20ms/99.8%, 50ms/99.9%, 100ms/99.9%
[191.529s][info][gc,marking  ] GC(167) Mark: 1 stripe(s), 2 proactive flush(es), 1 terminate flush(es), 0 completion(s), 0 continuation(s) 
[191.529s][info][gc,marking  ] GC(167) Mark Stack Usage: 32M
[191.529s][info][gc,nmethod  ] GC(167) NMethods: 1987 registered, 359 unregistered
[191.529s][info][gc,metaspace] GC(167) Metaspace: 9M used, 9M committed, 1088M reserved
[191.529s][info][gc,ref      ] GC(167) Soft: 214 encountered, 0 discovered, 0 enqueued
[191.529s][info][gc,ref      ] GC(167) Weak: 809 encountered, 9 discovered, 0 enqueued
[191.529s][info][gc,ref      ] GC(167) Final: 0 encountered, 0 discovered, 0 enqueued
[191.529s][info][gc,ref      ] GC(167) Phantom: 27 encountered, 14 discovered, 0 enqueued
[191.529s][info][gc,reloc    ] GC(167) Small Pages: 211 / 422M, Empty: 372M, Relocated: 1M, In-Place: 0
[191.529s][info][gc,reloc    ] GC(167) Medium Pages: 0 / 0M, Empty: 0M, Relocated: 0M, In-Place: 0
[191.529s][info][gc,reloc    ] GC(167) Large Pages: 0 / 0M, Empty: 0M, Relocated: 0M, In-Place: 0
[191.529s][info][gc,reloc    ] GC(167) Forwarding Usage: 0M
[191.529s][info][gc,heap     ] GC(167) Min Capacity: 8M(2%)
[191.529s][info][gc,heap     ] GC(167) Max Capacity: 512M(100%)
[191.529s][info][gc,heap     ] GC(167) Soft Max Capacity: 512M(100%)
[191.529s][info][gc,heap     ] GC(167)                Mark Start          Mark End        Relocate Start      Relocate End           High               Low         
[191.529s][info][gc,heap     ] GC(167)  Capacity:      512M (100%)        512M (100%)        512M (100%)        512M (100%)        512M (100%)        512M (100%)   
[191.529s][info][gc,heap     ] GC(167)      Free:       90M (18%)          80M (16%)         448M (88%)         490M (96%)         490M (96%)          78M (15%)    
[191.530s][info][gc,heap     ] GC(167)      Used:      422M (82%)         432M (84%)          64M (13%)          22M (4%)          434M (85%)          22M (4%)     
[191.530s][info][gc,heap     ] GC(167)      Live:         -                 6M (1%)            6M (1%)            6M (1%)             -                  -          
[191.530s][info][gc,heap     ] GC(167) Allocated:         -                10M (2%)           14M (3%)           13M (3%)             -                  -          
[191.530s][info][gc,heap     ] GC(167)   Garbage:         -               415M (81%)          43M (9%)            1M (0%)             -                  -          
[191.530s][info][gc,heap     ] GC(167) Reclaimed:         -                  -               372M (73%)         413M (81%)            -                  -          
[191.530s][info][gc          ] GC(167) Garbage Collection (Allocation Rate) 422M(82%)->22M(4%)
[192.590s][info][gc,start    ] GC(168) Garbage Collection (Proactive)
[192.590s][info][gc,task     ] GC(168) Using 5 workers
[192.590s][info][gc,phases   ] GC(168) Pause Mark Start 0.017ms
[192.598s][info][gc,phases   ] GC(168) Concurrent Mark 7.758ms
[192.598s][info][gc,phases   ] GC(168) Pause Mark End 0.016ms
[192.599s][info][gc,phases   ] GC(168) Concurrent Mark Free 0.001ms
[192.600s][info][gc,phases   ] GC(168) Concurrent Process Non-Strong References 1.528ms
[192.600s][info][gc,phases   ] GC(168) Concurrent Reset Relocation Set 0.005ms
[192.605s][info][gc,phases   ] GC(168) Concurrent Select Relocation Set 4.334ms
[192.605s][info][gc,phases   ] GC(168) Pause Relocate Start 0.008ms
[192.606s][info][gc,phases   ] GC(168) Concurrent Relocate 1.523ms
[192.606s][info][gc,load     ] GC(168) Load: 0.00/0.00/0.00
[192.606s][info][gc,mmu      ] GC(168) MMU: 2ms/98.6%, 5ms/99.5%, 10ms/99.6%, 20ms/99.8%, 50ms/99.9%, 100ms/99.9%
[192.606s][info][gc,marking  ] GC(168) Mark: 4 stripe(s), 2 proactive flush(es), 1 terminate flush(es), 0 completion(s), 0 continuation(s) 
[192.606s][info][gc,marking  ] GC(168) Mark Stack Usage: 32M
[192.606s][info][gc,nmethod  ] GC(168) NMethods: 1987 registered, 359 unregistered
[192.606s][info][gc,metaspace] GC(168) Metaspace: 9M used, 9M committed, 1088M reserved
[192.606s][info][gc,ref      ] GC(168) Soft: 214 encountered, 0 discovered, 0 enqueued
[192.607s][info][gc,ref      ] GC(168) Weak: 809 encountered, 113 discovered, 0 enqueued
[192.607s][info][gc,ref      ] GC(168) Final: 0 encountered, 0 discovered, 0 enqueued
[192.607s][info][gc,ref      ] GC(168) Phantom: 27 encountered, 23 discovered, 0 enqueued
[192.607s][info][gc,reloc    ] GC(168) Small Pages: 180 / 360M, Empty: 286M, Relocated: 1M, In-Place: 0
[192.607s][info][gc,reloc    ] GC(168) Medium Pages: 0 / 0M, Empty: 0M, Relocated: 0M, In-Place: 0
[192.607s][info][gc,reloc    ] GC(168) Large Pages: 0 / 0M, Empty: 0M, Relocated: 0M, In-Place: 0
[192.607s][info][gc,reloc    ] GC(168) Forwarding Usage: 0M
[192.607s][info][gc,heap     ] GC(168) Min Capacity: 8M(2%)
[192.607s][info][gc,heap     ] GC(168) Max Capacity: 512M(100%)
[192.607s][info][gc,heap     ] GC(168) Soft Max Capacity: 512M(100%)
[192.607s][info][gc,heap     ] GC(168)                Mark Start          Mark End        Relocate Start      Relocate End           High               Low         
[192.607s][info][gc,heap     ] GC(168)  Capacity:      512M (100%)        512M (100%)        512M (100%)        512M (100%)        512M (100%)        512M (100%)   
[192.607s][info][gc,heap     ] GC(168)      Free:      152M (30%)         146M (29%)         432M (84%)         488M (95%)         488M (95%)         146M (29%)    
[192.607s][info][gc,heap     ] GC(168)      Used:      360M (70%)         366M (71%)          80M (16%)          24M (5%)          366M (71%)          24M (5%)     
[192.607s][info][gc,heap     ] GC(168)      Live:         -                 6M (1%)            6M (1%)            6M (1%)             -                  -          
[192.607s][info][gc,heap     ] GC(168) Allocated:         -                 6M (1%)            6M (1%)            7M (2%)             -                  -          
[192.607s][info][gc,heap     ] GC(168)   Garbage:         -               353M (69%)          67M (13%)           9M (2%)             -                  -          
[192.607s][info][gc,heap     ] GC(168) Reclaimed:         -                  -               286M (56%)         343M (67%)            -                  -          
[192.607s][info][gc          ] GC(168) Garbage Collection (Proactive) 360M(70%)->24M(5%)
[193.776s][info][gc,start    ] GC(169) Garbage Collection (Proactive)
[193.776s][info][gc,task     ] GC(169) Using 5 workers
[193.776s][info][gc,phases   ] GC(169) Pause Mark Start 0.018ms
[193.792s][info][gc,phases   ] GC(169) Concurrent Mark 15.160ms
[193.792s][info][gc,phases   ] GC(169) Pause Mark End 0.021ms
[193.792s][info][gc,phases   ] GC(169) Concurrent Mark Free 0.002ms
[193.794s][info][gc,phases   ] GC(169) Concurrent Process Non-Strong References 1.697ms
[193.794s][info][gc,phases   ] GC(169) Concurrent Reset Relocation Set 0.005ms
[193.798s][info][gc,phases   ] GC(169) Concurrent Select Relocation Set 3.923ms
[193.798s][info][gc,phases   ] GC(169) Pause Relocate Start 0.010ms
[193.799s][info][gc,phases   ] GC(169) Concurrent Relocate 1.584ms
[193.800s][info][gc,load     ] GC(169) Load: 0.00/0.00/0.00
[193.800s][info][gc,mmu      ] GC(169) MMU: 2ms/98.6%, 5ms/99.5%, 10ms/99.6%, 20ms/99.8%, 50ms/99.9%, 100ms/99.9%
[193.800s][info][gc,marking  ] GC(169) Mark: 4 stripe(s), 2 proactive flush(es), 1 terminate flush(es), 0 completion(s), 0 continuation(s) 
[193.800s][info][gc,marking  ] GC(169) Mark Stack Usage: 32M
[193.800s][info][gc,nmethod  ] GC(169) NMethods: 1987 registered, 359 unregistered
[193.800s][info][gc,metaspace] GC(169) Metaspace: 9M used, 9M committed, 1088M reserved
[193.800s][info][gc,ref      ] GC(169) Soft: 214 encountered, 0 discovered, 0 enqueued
[193.800s][info][gc,ref      ] GC(169) Weak: 809 encountered, 135 discovered, 0 enqueued
[193.800s][info][gc,ref      ] GC(169) Final: 0 encountered, 0 discovered, 0 enqueued
[193.800s][info][gc,ref      ] GC(169) Phantom: 27 encountered, 23 discovered, 0 enqueued
[193.800s][info][gc,reloc    ] GC(169) Small Pages: 198 / 396M, Empty: 330M, Relocated: 1M, In-Place: 0
[193.800s][info][gc,reloc    ] GC(169) Medium Pages: 0 / 0M, Empty: 0M, Relocated: 0M, In-Place: 0
[193.800s][info][gc,reloc    ] GC(169) Large Pages: 0 / 0M, Empty: 0M, Relocated: 0M, In-Place: 0
[193.800s][info][gc,reloc    ] GC(169) Forwarding Usage: 0M
[193.800s][info][gc,heap     ] GC(169) Min Capacity: 8M(2%)
[193.800s][info][gc,heap     ] GC(169) Max Capacity: 512M(100%)
[193.800s][info][gc,heap     ] GC(169) Soft Max Capacity: 512M(100%)
[193.800s][info][gc,heap     ] GC(169)                Mark Start          Mark End        Relocate Start      Relocate End           High               Low         
[193.800s][info][gc,heap     ] GC(169)  Capacity:      512M (100%)        512M (100%)        512M (100%)        512M (100%)        512M (100%)        512M (100%)   
[193.800s][info][gc,heap     ] GC(169)      Free:      116M (23%)         108M (21%)         438M (86%)         488M (95%)         488M (95%)         108M (21%)    
[193.800s][info][gc,heap     ] GC(169)      Used:      396M (77%)         404M (79%)          74M (14%)          24M (5%)          404M (79%)          24M (5%)     
[193.800s][info][gc,heap     ] GC(169)      Live:         -                 6M (1%)            6M (1%)            6M (1%)             -                  -          
[193.800s][info][gc,heap     ] GC(169) Allocated:         -                 8M (2%)            8M (2%)            7M (2%)             -                  -          
[193.800s][info][gc,heap     ] GC(169)   Garbage:         -               389M (76%)          59M (12%)           9M (2%)             -                  -          
[193.800s][info][gc,heap     ] GC(169) Reclaimed:         -                  -               330M (64%)         379M (74%)            -                  -          
[193.800s][info][gc          ] GC(169) Garbage Collection (Proactive) 396M(77%)->24M(5%)
[194.463s][info][gc,start    ] GC(170) Garbage Collection (System.gc())
[194.463s][info][gc,task     ] GC(170) Using 5 workers
[194.464s][info][gc,phases   ] GC(170) Pause Mark Start 0.015ms
[194.471s][info][gc,phases   ] GC(170) Concurrent Mark 6.907ms
[194.471s][info][gc,phases   ] GC(170) Pause Mark End 0.017ms
[194.471s][info][gc,phases   ] GC(170) Concurrent Mark Free 0.001ms
[194.473s][info][gc,phases   ] GC(170) Concurrent Process Non-Strong References 1.710ms
[194.473s][info][gc,phases   ] GC(170) Concurrent Reset Relocation Set 0.006ms
[194.476s][info][gc,phases   ] GC(170) Concurrent Select Relocation Set 3.766ms
[194.476s][info][gc,phases   ] GC(170) Pause Relocate Start 0.008ms
[194.478s][info][gc,phases   ] GC(170) Concurrent Relocate 1.614ms
[194.478s][info][gc,load     ] GC(170) Load: 0.00/0.00/0.00
[194.478s][info][gc,mmu      ] GC(170) MMU: 2ms/98.6%, 5ms/99.5%, 10ms/99.6%, 20ms/99.8%, 50ms/99.9%, 100ms/99.9%
[194.478s][info][gc,marking  ] GC(170) Mark: 4 stripe(s), 2 proactive flush(es), 1 terminate flush(es), 0 completion(s), 0 continuation(s) 
[194.478s][info][gc,marking  ] GC(170) Mark Stack Usage: 32M
[194.479s][info][gc,nmethod  ] GC(170) NMethods: 1989 registered, 359 unregistered
[194.479s][info][gc,metaspace] GC(170) Metaspace: 9M used, 9M committed, 1088M reserved
[194.479s][info][gc,ref      ] GC(170) Soft: 214 encountered, 0 discovered, 0 enqueued
[194.479s][info][gc,ref      ] GC(170) Weak: 809 encountered, 374 discovered, 0 enqueued
[194.479s][info][gc,ref      ] GC(170) Final: 0 encountered, 0 discovered, 0 enqueued
[194.479s][info][gc,ref      ] GC(170) Phantom: 27 encountered, 21 discovered, 0 enqueued
[194.479s][info][gc,reloc    ] GC(170) Small Pages: 118 / 236M, Empty: 222M, Relocated: 1M, In-Place: 0
[194.479s][info][gc,reloc    ] GC(170) Medium Pages: 0 / 0M, Empty: 0M, Relocated: 0M, In-Place: 0
[194.479s][info][gc,reloc    ] GC(170) Large Pages: 0 / 0M, Empty: 0M, Relocated: 0M, In-Place: 0
[194.479s][info][gc,reloc    ] GC(170) Forwarding Usage: 0M
[194.479s][info][gc,heap     ] GC(170) Min Capacity: 8M(2%)
[194.479s][info][gc,heap     ] GC(170) Max Capacity: 512M(100%)
[194.479s][info][gc,heap     ] GC(170) Soft Max Capacity: 512M(100%)
[194.479s][info][gc,heap     ] GC(170)                Mark Start          Mark End        Relocate Start      Relocate End           High               Low         
[194.479s][info][gc,heap     ] GC(170)  Capacity:      512M (100%)        512M (100%)        512M (100%)        512M (100%)        512M (100%)        512M (100%)   
[194.479s][info][gc,heap     ] GC(170)      Free:      276M (54%)         276M (54%)         498M (97%)         498M (97%)         498M (97%)         276M (54%)    
[194.479s][info][gc,heap     ] GC(170)      Used:      236M (46%)         236M (46%)          14M (3%)           14M (3%)          236M (46%)          14M (3%)     
[194.479s][info][gc,heap     ] GC(170)      Live:         -                 4M (1%)            4M (1%)            4M (1%)             -                  -          
[194.479s][info][gc,heap     ] GC(170) Allocated:         -                 0M (0%)            0M (0%)            0M (0%)             -                  -          
[194.479s][info][gc,heap     ] GC(170)   Garbage:         -               231M (45%)           9M (2%)            9M (2%)             -                  -          
[194.479s][info][gc,heap     ] GC(170) Reclaimed:         -                  -               222M (43%)         222M (43%)            -                  -          
[194.479s][info][gc          ] GC(170) Garbage Collection (System.gc()) 236M(46%)->14M(3%)
[195.783s][info][gc,start    ] GC(171) Garbage Collection (Allocation Rate)
[195.783s][info][gc,task     ] GC(171) Using 1 workers
[195.783s][info][gc,phases   ] GC(171) Pause Mark Start 0.017ms
[195.810s][info][gc,phases   ] GC(171) Concurrent Mark 26.917ms
[195.810s][info][gc,phases   ] GC(171) Pause Mark End 0.018ms
[195.810s][info][gc,phases   ] GC(171) Concurrent Mark Free 0.001ms
[195.818s][info][gc,phases   ] GC(171) Concurrent Process Non-Strong References 7.293ms
[195.818s][info][gc,phases   ] GC(171) Concurrent Reset Relocation Set 0.001ms
[195.823s][info][gc,phases   ] GC(171) Concurrent Select Relocation Set 4.806ms
[195.823s][info][gc,phases   ] GC(171) Pause Relocate Start 0.010ms
[195.828s][info][gc,phases   ] GC(171) Concurrent Relocate 4.852ms
[195.828s][info][gc,load     ] GC(171) Load: 0.00/0.00/0.00
[195.828s][info][gc,mmu      ] GC(171) MMU: 2ms/98.6%, 5ms/99.5%, 10ms/99.6%, 20ms/99.8%, 50ms/99.9%, 100ms/99.9%
[195.828s][info][gc,marking  ] GC(171) Mark: 1 stripe(s), 2 proactive flush(es), 1 terminate flush(es), 0 completion(s), 0 continuation(s) 
[195.828s][info][gc,marking  ] GC(171) Mark Stack Usage: 32M
[195.828s][info][gc,nmethod  ] GC(171) NMethods: 1987 registered, 361 unregistered
[195.828s][info][gc,metaspace] GC(171) Metaspace: 9M used, 9M committed, 1088M reserved
[195.828s][info][gc,ref      ] GC(171) Soft: 214 encountered, 0 discovered, 0 enqueued
[195.828s][info][gc,ref      ] GC(171) Weak: 809 encountered, 189 discovered, 0 enqueued
[195.828s][info][gc,ref      ] GC(171) Final: 0 encountered, 0 discovered, 0 enqueued
[195.828s][info][gc,ref      ] GC(171) Phantom: 27 encountered, 14 discovered, 0 enqueued
[195.828s][info][gc,reloc    ] GC(171) Small Pages: 213 / 426M, Empty: 250M, Relocated: 2M, In-Place: 0
[195.828s][info][gc,reloc    ] GC(171) Medium Pages: 0 / 0M, Empty: 0M, Relocated: 0M, In-Place: 0
[195.828s][info][gc,reloc    ] GC(171) Large Pages: 0 / 0M, Empty: 0M, Relocated: 0M, In-Place: 0
[195.828s][info][gc,reloc    ] GC(171) Forwarding Usage: 1M
[195.828s][info][gc,heap     ] GC(171) Min Capacity: 8M(2%)
[195.828s][info][gc,heap     ] GC(171) Max Capacity: 512M(100%)
[195.828s][info][gc,heap     ] GC(171) Soft Max Capacity: 512M(100%)
[195.828s][info][gc,heap     ] GC(171)                Mark Start          Mark End        Relocate Start      Relocate End           High               Low         
[195.828s][info][gc,heap     ] GC(171)  Capacity:      512M (100%)        512M (100%)        512M (100%)        512M (100%)        512M (100%)        512M (100%)   
[195.828s][info][gc,heap     ] GC(171)      Free:       86M (17%)          74M (14%)         320M (63%)         486M (95%)         488M (95%)          72M (14%)    
[195.828s][info][gc,heap     ] GC(171)      Used:      426M (83%)         438M (86%)         192M (38%)          26M (5%)          440M (86%)          24M (5%)     
[195.828s][info][gc,heap     ] GC(171)      Live:         -                 6M (1%)            6M (1%)            6M (1%)             -                  -          
[195.828s][info][gc,heap     ] GC(171) Allocated:         -                12M (2%)           16M (3%)           17M (4%)             -                  -          
[195.828s][info][gc,heap     ] GC(171)   Garbage:         -               419M (82%)         169M (33%)           1M (0%)             -                  -          
[195.828s][info][gc,heap     ] GC(171) Reclaimed:         -                  -               250M (49%)         417M (82%)            -                  -          
[195.829s][info][gc          ] GC(171) Garbage Collection (Allocation Rate) 426M(83%)->26M(5%)
[197.079s][info][gc,start    ] GC(172) Garbage Collection (Allocation Rate)
[197.079s][info][gc,task     ] GC(172) Using 1 workers
[197.079s][info][gc,phases   ] GC(172) Pause Mark Start 0.016ms
[197.107s][info][gc,phases   ] GC(172) Concurrent Mark 27.923ms
[197.108s][info][gc,phases   ] GC(172) Pause Mark End 0.018ms
[197.108s][info][gc,phases   ] GC(172) Concurrent Mark Free 0.001ms
[197.112s][info][gc,phases   ] GC(172) Concurrent Process Non-Strong References 4.428ms
[197.112s][info][gc,phases   ] GC(172) Concurrent Reset Relocation Set 0.014ms
[197.116s][info][gc,phases   ] GC(172) Concurrent Select Relocation Set 3.967ms
[197.116s][info][gc,phases   ] GC(172) Pause Relocate Start 0.006ms
[197.124s][info][gc,phases   ] GC(172) Concurrent Relocate 7.072ms
[197.124s][info][gc,load     ] GC(172) Load: 0.00/0.00/0.00
[197.124s][info][gc,mmu      ] GC(172) MMU: 2ms/98.6%, 5ms/99.5%, 10ms/99.6%, 20ms/99.8%, 50ms/99.9%, 100ms/99.9%
[197.124s][info][gc,marking  ] GC(172) Mark: 1 stripe(s), 2 proactive flush(es), 1 terminate flush(es), 0 completion(s), 0 continuation(s) 
[197.124s][info][gc,marking  ] GC(172) Mark Stack Usage: 32M
[197.124s][info][gc,nmethod  ] GC(172) NMethods: 1987 registered, 361 unregistered
[197.124s][info][gc,metaspace] GC(172) Metaspace: 9M used, 9M committed, 1088M reserved
[197.124s][info][gc,ref      ] GC(172) Soft: 214 encountered, 0 discovered, 0 enqueued
[197.124s][info][gc,ref      ] GC(172) Weak: 809 encountered, 188 discovered, 0 enqueued
[197.124s][info][gc,ref      ] GC(172) Final: 0 encountered, 0 discovered, 0 enqueued
[197.124s][info][gc,ref      ] GC(172) Phantom: 27 encountered, 14 discovered, 0 enqueued
[197.124s][info][gc,reloc    ] GC(172) Small Pages: 214 / 428M, Empty: 296M, Relocated: 2M, In-Place: 0
[197.124s][info][gc,reloc    ] GC(172) Medium Pages: 0 / 0M, Empty: 0M, Relocated: 0M, In-Place: 0
[197.124s][info][gc,reloc    ] GC(172) Large Pages: 0 / 0M, Empty: 0M, Relocated: 0M, In-Place: 0
[197.124s][info][gc,reloc    ] GC(172) Forwarding Usage: 1M
[197.124s][info][gc,heap     ] GC(172) Min Capacity: 8M(2%)
[197.124s][info][gc,heap     ] GC(172) Max Capacity: 512M(100%)
[197.124s][info][gc,heap     ] GC(172) Soft Max Capacity: 512M(100%)
[197.124s][info][gc,heap     ] GC(172)                Mark Start          Mark End        Relocate Start      Relocate End           High               Low         
[197.124s][info][gc,heap     ] GC(172)  Capacity:      512M (100%)        512M (100%)        512M (100%)        512M (100%)        512M (100%)        512M (100%)   
[197.124s][info][gc,heap     ] GC(172)      Free:       84M (16%)          74M (14%)         366M (71%)         488M (95%)         490M (96%)          72M (14%)    
[197.124s][info][gc,heap     ] GC(172)      Used:      428M (84%)         438M (86%)         146M (29%)          24M (5%)          440M (86%)          22M (4%)     
[197.124s][info][gc,heap     ] GC(172)      Live:         -                 6M (1%)            6M (1%)            6M (1%)             -                  -          
[197.124s][info][gc,heap     ] GC(172) Allocated:         -                10M (2%)           14M (3%)           15M (3%)             -                  -          
[197.124s][info][gc,heap     ] GC(172)   Garbage:         -               421M (82%)         125M (25%)           1M (0%)             -                  -          
[197.124s][info][gc,heap     ] GC(172) Reclaimed:         -                  -               296M (58%)         419M (82%)            -                  -          
[197.124s][info][gc          ] GC(172) Garbage Collection (Allocation Rate) 428M(84%)->24M(5%)
[198.079s][info][gc,start    ] GC(173) Garbage Collection (Proactive)
[198.079s][info][gc,task     ] GC(173) Using 5 workers
[198.079s][info][gc,phases   ] GC(173) Pause Mark Start 0.018ms
[198.095s][info][gc,phases   ] GC(173) Concurrent Mark 15.183ms
[198.095s][info][gc,phases   ] GC(173) Pause Mark End 0.017ms
[198.095s][info][gc,phases   ] GC(173) Concurrent Mark Free 0.001ms
[198.097s][info][gc,phases   ] GC(173) Concurrent Process Non-Strong References 1.571ms
[198.097s][info][gc,phases   ] GC(173) Concurrent Reset Relocation Set 0.010ms
[198.100s][info][gc,phases   ] GC(173) Concurrent Select Relocation Set 3.781ms
[198.101s][info][gc,phases   ] GC(173) Pause Relocate Start 0.011ms
[198.102s][info][gc,phases   ] GC(173) Concurrent Relocate 1.132ms
[198.102s][info][gc,load     ] GC(173) Load: 0.00/0.00/0.00
[198.102s][info][gc,mmu      ] GC(173) MMU: 2ms/98.6%, 5ms/99.5%, 10ms/99.6%, 20ms/99.8%, 50ms/99.9%, 100ms/99.9%
[198.102s][info][gc,marking  ] GC(173) Mark: 4 stripe(s), 2 proactive flush(es), 1 terminate flush(es), 0 completion(s), 0 continuation(s) 
[198.102s][info][gc,marking  ] GC(173) Mark Stack Usage: 32M
[198.102s][info][gc,nmethod  ] GC(173) NMethods: 1987 registered, 361 unregistered
[198.102s][info][gc,metaspace] GC(173) Metaspace: 9M used, 9M committed, 1088M reserved
[198.102s][info][gc,ref      ] GC(173) Soft: 214 encountered, 0 discovered, 0 enqueued
[198.102s][info][gc,ref      ] GC(173) Weak: 809 encountered, 489 discovered, 0 enqueued
[198.102s][info][gc,ref      ] GC(173) Final: 0 encountered, 0 discovered, 0 enqueued
[198.102s][info][gc,ref      ] GC(173) Phantom: 27 encountered, 21 discovered, 0 enqueued
[198.102s][info][gc,reloc    ] GC(173) Small Pages: 162 / 324M, Empty: 234M, Relocated: 1M, In-Place: 0
[198.102s][info][gc,reloc    ] GC(173) Medium Pages: 0 / 0M, Empty: 0M, Relocated: 0M, In-Place: 0
[198.102s][info][gc,reloc    ] GC(173) Large Pages: 0 / 0M, Empty: 0M, Relocated: 0M, In-Place: 0
[198.102s][info][gc,reloc    ] GC(173) Forwarding Usage: 0M
[198.102s][info][gc,heap     ] GC(173) Min Capacity: 8M(2%)
[198.102s][info][gc,heap     ] GC(173) Max Capacity: 512M(100%)
[198.102s][info][gc,heap     ] GC(173) Soft Max Capacity: 512M(100%)
[198.102s][info][gc,heap     ] GC(173)                Mark Start          Mark End        Relocate Start      Relocate End           High               Low         
[198.102s][info][gc,heap     ] GC(173)  Capacity:      512M (100%)        512M (100%)        512M (100%)        512M (100%)        512M (100%)        512M (100%)   
[198.103s][info][gc,heap     ] GC(173)      Free:      188M (37%)         182M (36%)         414M (81%)         488M (95%)         488M (95%)         182M (36%)    
[198.103s][info][gc,heap     ] GC(173)      Used:      324M (63%)         330M (64%)          98M (19%)          24M (5%)          330M (64%)          24M (5%)     
[198.103s][info][gc,heap     ] GC(173)      Live:         -                 6M (1%)            6M (1%)            6M (1%)             -                  -          
[198.103s][info][gc,heap     ] GC(173) Allocated:         -                 6M (1%)            8M (2%)            7M (2%)             -                  -          
[198.103s][info][gc,heap     ] GC(173)   Garbage:         -               317M (62%)          83M (16%)           9M (2%)             -                  -          
[198.103s][info][gc,heap     ] GC(173) Reclaimed:         -                  -               234M (46%)         307M (60%)            -                  -          
[198.103s][info][gc          ] GC(173) Garbage Collection (Proactive) 324M(63%)->24M(5%)
[199.282s][info][gc,start    ] GC(174) Garbage Collection (Allocation Rate)
[199.282s][info][gc,task     ] GC(174) Using 1 workers
[199.282s][info][gc,phases   ] GC(174) Pause Mark Start 0.019ms
[199.307s][info][gc,phases   ] GC(174) Concurrent Mark 24.361ms
[199.307s][info][gc,phases   ] GC(174) Pause Mark End 0.013ms
[199.307s][info][gc,phases   ] GC(174) Concurrent Mark Free 0.002ms
[199.312s][info][gc,phases   ] GC(174) Concurrent Process Non-Strong References 4.606ms
[199.312s][info][gc,phases   ] GC(174) Concurrent Reset Relocation Set 0.007ms
[199.316s][info][gc,phases   ] GC(174) Concurrent Select Relocation Set 3.931ms
[199.316s][info][gc,phases   ] GC(174) Pause Relocate Start 0.005ms
[199.320s][info][gc,phases   ] GC(174) Concurrent Relocate 3.806ms
[199.320s][info][gc,load     ] GC(174) Load: 0.00/0.00/0.00
[199.320s][info][gc,mmu      ] GC(174) MMU: 2ms/98.6%, 5ms/99.5%, 10ms/99.6%, 20ms/99.8%, 50ms/99.9%, 100ms/99.9%
[199.320s][info][gc,marking  ] GC(174) Mark: 1 stripe(s), 2 proactive flush(es), 1 terminate flush(es), 0 completion(s), 0 continuation(s) 
[199.320s][info][gc,marking  ] GC(174) Mark Stack Usage: 32M
[199.320s][info][gc,nmethod  ] GC(174) NMethods: 1987 registered, 361 unregistered
[199.320s][info][gc,metaspace] GC(174) Metaspace: 9M used, 9M committed, 1088M reserved
[199.320s][info][gc,ref      ] GC(174) Soft: 214 encountered, 0 discovered, 0 enqueued
[199.320s][info][gc,ref      ] GC(174) Weak: 809 encountered, 9 discovered, 0 enqueued
[199.320s][info][gc,ref      ] GC(174) Final: 0 encountered, 0 discovered, 0 enqueued
[199.320s][info][gc,ref      ] GC(174) Phantom: 27 encountered, 14 discovered, 0 enqueued
[199.320s][info][gc,reloc    ] GC(174) Small Pages: 204 / 408M, Empty: 358M, Relocated: 1M, In-Place: 0
[199.320s][info][gc,reloc    ] GC(174) Medium Pages: 0 / 0M, Empty: 0M, Relocated: 0M, In-Place: 0
[199.320s][info][gc,reloc    ] GC(174) Large Pages: 0 / 0M, Empty: 0M, Relocated: 0M, In-Place: 0
[199.320s][info][gc,reloc    ] GC(174) Forwarding Usage: 0M
[199.320s][info][gc,heap     ] GC(174) Min Capacity: 8M(2%)
[199.320s][info][gc,heap     ] GC(174) Max Capacity: 512M(100%)
[199.320s][info][gc,heap     ] GC(174) Soft Max Capacity: 512M(100%)
[199.320s][info][gc,heap     ] GC(174)                Mark Start          Mark End        Relocate Start      Relocate End           High               Low         
[199.320s][info][gc,heap     ] GC(174)  Capacity:      512M (100%)        512M (100%)        512M (100%)        512M (100%)        512M (100%)        512M (100%)   
[199.320s][info][gc,heap     ] GC(174)      Free:      104M (20%)          94M (18%)         448M (88%)         490M (96%)         490M (96%)          92M (18%)    
[199.320s][info][gc,heap     ] GC(174)      Used:      408M (80%)         418M (82%)          64M (13%)          22M (4%)          420M (82%)          22M (4%)     
[199.320s][info][gc,heap     ] GC(174)      Live:         -                 6M (1%)            6M (1%)            6M (1%)             -                  -          
[199.320s][info][gc,heap     ] GC(174) Allocated:         -                10M (2%)           14M (3%)           13M (3%)             -                  -          
[199.320s][info][gc,heap     ] GC(174)   Garbage:         -               401M (78%)          43M (9%)            1M (0%)             -                  -          
[199.320s][info][gc,heap     ] GC(174) Reclaimed:         -                  -               358M (70%)         399M (78%)            -                  -          
[199.320s][info][gc          ] GC(174) Garbage Collection (Allocation Rate) 408M(80%)->22M(4%)
[200.079s][info][gc,stats    ] === Garbage Collection Statistics =======================================================================================================================
[200.079s][info][gc,stats    ]                                                              Last 10s              Last 10m              Last 10h                Total
[200.079s][info][gc,stats    ]                                                              Avg / Max             Avg / Max             Avg / Max             Avg / Max
[200.079s][info][gc,stats    ]   Collector: Garbage Collection Cycle                     32.402 / 47.244       36.619 / 60.364       36.619 / 60.364       36.619 / 60.364      ms
[200.079s][info][gc,stats    ]  Contention: Mark Segment Reset Contention                     0 / 6                 0 / 6                 0 / 6                 0 / 6           ops/s
[200.079s][info][gc,stats    ]  Contention: Mark SeqNum Reset Contention                      0 / 1                 0 / 2                 0 / 2                 0 / 2           ops/s
[200.079s][info][gc,stats    ]    Critical: Allocation Stall                                  0 / 0                 0 / 0                 0 / 0                 0 / 0           ops/s
[200.079s][info][gc,stats    ]    Critical: Allocation Stall                              0.000 / 0.000         0.000 / 0.000         0.000 / 0.000         0.000 / 0.000       ms
[200.079s][info][gc,stats    ]    Critical: GC Locker Stall                                   0 / 0                 0 / 0                 0 / 0                 0 / 0           ops/s
[200.079s][info][gc,stats    ]    Critical: GC Locker Stall                               0.000 / 0.000         0.000 / 0.000         0.000 / 0.000         0.000 / 0.000       ms
[200.079s][info][gc,stats    ]    Critical: Relocation Stall                                  0 / 0                 0 / 0                 0 / 0                 0 / 0           ops/s
[200.079s][info][gc,stats    ]    Critical: Relocation Stall                              0.000 / 0.000         0.000 / 0.000         0.000 / 0.000         0.000 / 0.000       ms
[200.079s][info][gc,stats    ]      Memory: Allocation Rate                                 324 / 330             319 / 338             319 / 338             319 / 338         MB/s
[200.079s][info][gc,stats    ]      Memory: Defragment                                        0 / 0                 0 / 0                 0 / 0                 0 / 0           ops/s
[200.079s][info][gc,stats    ]      Memory: Out Of Memory                                     0 / 0                 0 / 0                 0 / 0                 0 / 0           ops/s
[200.079s][info][gc,stats    ]      Memory: Page Cache Flush                                  0 / 0                 0 / 0                 0 / 0                 0 / 0           MB/s
[200.079s][info][gc,stats    ]      Memory: Page Cache Hit L1                               165 / 170             160 / 174             160 / 174             160 / 174         ops/s
[200.079s][info][gc,stats    ]      Memory: Page Cache Hit L2                                 0 / 0                 0 / 0                 0 / 0                 0 / 0           ops/s
[200.079s][info][gc,stats    ]      Memory: Page Cache Hit L3                                 0 / 0                 1 / 77                1 / 77                1 / 77          ops/s
[200.079s][info][gc,stats    ]      Memory: Page Cache Miss                                   0 / 0                 0 / 1                 0 / 1                 0 / 1           ops/s
[200.079s][info][gc,stats    ]      Memory: Uncommit                                          0 / 0                 0 / 0                 0 / 0                 0 / 0           MB/s
[200.079s][info][gc,stats    ]      Memory: Undo Object Allocation Failed                     0 / 5                 0 / 6                 0 / 6                 0 / 6           ops/s
[200.079s][info][gc,stats    ]      Memory: Undo Object Allocation Succeeded                  1 / 8                 0 / 8                 0 / 8                 0 / 8           ops/s
[200.079s][info][gc,stats    ]      Memory: Undo Page Allocation                              2 / 4                 1 / 10                1 / 10                1 / 10          ops/s
[200.079s][info][gc,stats    ]       Phase: Concurrent Mark                              19.848 / 28.283       22.509 / 38.107       22.509 / 38.107       22.509 / 38.107      ms
[200.079s][info][gc,stats    ]       Phase: Concurrent Mark Continue                      0.000 / 0.000         0.000 / 0.000         0.000 / 0.000         0.000 / 0.000       ms
[200.079s][info][gc,stats    ]       Phase: Concurrent Mark Free                          0.001 / 0.002         0.001 / 0.002         0.001 / 0.002         0.001 / 0.002       ms
[200.079s][info][gc,stats    ]       Phase: Concurrent Process Non-Strong References      4.086 / 7.293         4.756 / 7.613         4.756 / 7.613         4.756 / 7.613       ms
[200.079s][info][gc,stats    ]       Phase: Concurrent Relocate                           3.142 / 7.072         3.617 / 8.950         3.617 / 8.950         3.617 / 8.950       ms
[200.080s][info][gc,stats    ]       Phase: Concurrent Reset Relocation Set               0.008 / 0.014         0.007 / 0.015         0.007 / 0.015         0.007 / 0.015       ms
[200.080s][info][gc,stats    ]       Phase: Concurrent Select Relocation Set              4.233 / 5.665         4.428 / 14.681        4.428 / 14.681        4.428 / 14.681      ms
[200.080s][info][gc,stats    ]       Phase: Pause Mark End                                0.017 / 0.021         0.017 / 0.021         0.017 / 0.021         0.017 / 0.021       ms
[200.080s][info][gc,stats    ]       Phase: Pause Mark Start                              0.017 / 0.019         0.017 / 0.027         0.017 / 0.027         0.017 / 0.027       ms
[200.080s][info][gc,stats    ]       Phase: Pause Relocate Start                          0.008 / 0.011         0.008 / 0.012         0.008 / 0.012         0.008 / 0.012       ms
[200.080s][info][gc,stats    ]    Subphase: Concurrent Classes Purge                      0.007 / 0.027         0.018 / 0.583         0.018 / 0.583         0.018 / 0.583       ms
[200.080s][info][gc,stats    ]    Subphase: Concurrent Classes Unlink                     3.373 / 6.030         3.881 / 6.093         3.881 / 6.093         3.881 / 6.093       ms
[200.080s][info][gc,stats    ]    Subphase: Concurrent Mark                              12.448 / 25.615       15.296 / 34.990       15.296 / 34.990       15.296 / 34.990      ms
[200.080s][info][gc,stats    ]    Subphase: Concurrent Mark Try Flush                     0.060 / 0.099         0.060 / 0.187         0.060 / 0.187         0.060 / 0.187       ms
[200.080s][info][gc,stats    ]    Subphase: Concurrent Mark Try Terminate                 2.377 / 9.312         3.355 / 16.488        3.355 / 16.488        3.355 / 16.488      ms
[200.080s][info][gc,stats    ]    Subphase: Concurrent References Enqueue                 0.000 / 0.001         0.001 / 0.005         0.001 / 0.005         0.001 / 0.005       ms
[200.080s][info][gc,stats    ]    Subphase: Concurrent References Process                 0.048 / 0.068         0.048 / 0.114         0.048 / 0.114         0.048 / 0.114       ms
[200.080s][info][gc,stats    ]    Subphase: Concurrent Roots ClassLoaderDataGraph         0.125 / 0.348         0.154 / 0.631         0.154 / 0.631         0.154 / 0.631       ms
[200.080s][info][gc,stats    ]    Subphase: Concurrent Roots CodeCache                    0.000 / 0.000         0.000 / 0.000         0.000 / 0.000         0.000 / 0.000       ms
[200.080s][info][gc,stats    ]    Subphase: Concurrent Roots JavaThreads                  0.901 / 2.198         0.956 / 2.289         0.956 / 2.289         0.956 / 2.289       ms
[200.080s][info][gc,stats    ]    Subphase: Concurrent Roots OopStorageSet                0.029 / 0.071         0.032 / 0.136         0.032 / 0.136         0.032 / 0.136       ms
[200.080s][info][gc,stats    ]    Subphase: Concurrent Weak Roots OopStorageSet           0.309 / 1.118         0.393 / 1.768         0.393 / 1.768         0.393 / 1.768       ms
[200.080s][info][gc,stats    ]    Subphase: Pause Mark Try Complete                       0.000 / 0.000         0.000 / 0.000         0.000 / 0.000         0.000 / 0.000       ms
[200.080s][info][gc,stats    ]      System: Java Threads                                     38 / 38               35 / 41               35 / 41               35 / 41          threads
[200.080s][info][gc,stats    ] =========================================================================================================================================================
[200.578s][info][gc,start    ] GC(175) Garbage Collection (Allocation Rate)
[200.579s][info][gc,task     ] GC(175) Using 1 workers
[200.579s][info][gc,phases   ] GC(175) Pause Mark Start 0.018ms
[200.605s][info][gc,phases   ] GC(175) Concurrent Mark 25.684ms
[200.605s][info][gc,phases   ] GC(175) Pause Mark End 0.017ms
[200.605s][info][gc,phases   ] GC(175) Concurrent Mark Free 0.002ms
[200.612s][info][gc,phases   ] GC(175) Concurrent Process Non-Strong References 6.947ms
[200.612s][info][gc,phases   ] GC(175) Concurrent Reset Relocation Set 0.005ms
[200.616s][info][gc,phases   ] GC(175) Concurrent Select Relocation Set 4.528ms
[200.617s][info][gc,phases   ] GC(175) Pause Relocate Start 0.010ms
[200.620s][info][gc,phases   ] GC(175) Concurrent Relocate 3.090ms
[200.620s][info][gc,load     ] GC(175) Load: 0.00/0.00/0.00
[200.620s][info][gc,mmu      ] GC(175) MMU: 2ms/98.6%, 5ms/99.5%, 10ms/99.6%, 20ms/99.8%, 50ms/99.9%, 100ms/99.9%
[200.620s][info][gc,marking  ] GC(175) Mark: 1 stripe(s), 2 proactive flush(es), 1 terminate flush(es), 0 completion(s), 0 continuation(s) 
[200.620s][info][gc,marking  ] GC(175) Mark Stack Usage: 32M
[200.620s][info][gc,nmethod  ] GC(175) NMethods: 1987 registered, 361 unregistered
[200.620s][info][gc,metaspace] GC(175) Metaspace: 9M used, 9M committed, 1088M reserved
[200.620s][info][gc,ref      ] GC(175) Soft: 214 encountered, 0 discovered, 0 enqueued
[200.620s][info][gc,ref      ] GC(175) Weak: 809 encountered, 9 discovered, 0 enqueued
[200.620s][info][gc,ref      ] GC(175) Final: 0 encountered, 0 discovered, 0 enqueued
[200.620s][info][gc,ref      ] GC(175) Phantom: 27 encountered, 14 discovered, 0 enqueued
[200.620s][info][gc,reloc    ] GC(175) Small Pages: 215 / 430M, Empty: 334M, Relocated: 1M, In-Place: 0
[200.620s][info][gc,reloc    ] GC(175) Medium Pages: 0 / 0M, Empty: 0M, Relocated: 0M, In-Place: 0
[200.620s][info][gc,reloc    ] GC(175) Large Pages: 0 / 0M, Empty: 0M, Relocated: 0M, In-Place: 0
[200.620s][info][gc,reloc    ] GC(175) Forwarding Usage: 0M
[200.620s][info][gc,heap     ] GC(175) Min Capacity: 8M(2%)
[200.620s][info][gc,heap     ] GC(175) Max Capacity: 512M(100%)
[200.620s][info][gc,heap     ] GC(175) Soft Max Capacity: 512M(100%)
[200.620s][info][gc,heap     ] GC(175)                Mark Start          Mark End        Relocate Start      Relocate End           High               Low         
[200.620s][info][gc,heap     ] GC(175)  Capacity:      512M (100%)        512M (100%)        512M (100%)        512M (100%)        512M (100%)        512M (100%)   
[200.620s][info][gc,heap     ] GC(175)      Free:       82M (16%)          72M (14%)         402M (79%)         490M (96%)         490M (96%)          70M (14%)    
[200.620s][info][gc,heap     ] GC(175)      Used:      430M (84%)         440M (86%)         110M (21%)          22M (4%)          442M (86%)          22M (4%)     
[200.620s][info][gc,heap     ] GC(175)      Live:         -                 6M (1%)            6M (1%)            6M (1%)             -                  -          
[200.620s][info][gc,heap     ] GC(175) Allocated:         -                10M (2%)           14M (3%)           13M (3%)             -                  -          
[200.620s][info][gc,heap     ] GC(175)   Garbage:         -               423M (83%)          89M (18%)           1M (0%)             -                  -          
[200.621s][info][gc,heap     ] GC(175) Reclaimed:         -                  -               334M (65%)         421M (82%)            -                  -          
[200.621s][info][gc          ] GC(175) Garbage Collection (Allocation Rate) 430M(84%)->22M(4%)
[201.282s][info][gc,start    ] GC(176) Garbage Collection (System.gc())
[201.282s][info][gc,task     ] GC(176) Using 5 workers
[201.282s][info][gc,phases   ] GC(176) Pause Mark Start 0.017ms
[201.297s][info][gc,phases   ] GC(176) Concurrent Mark 14.696ms
[201.297s][info][gc,phases   ] GC(176) Pause Mark End 0.018ms
[201.297s][info][gc,phases   ] GC(176) Concurrent Mark Free 0.001ms
[201.299s][info][gc,phases   ] GC(176) Concurrent Process Non-Strong References 1.713ms
[201.299s][info][gc,phases   ] GC(176) Concurrent Reset Relocation Set 0.009ms
[201.303s][info][gc,phases   ] GC(176) Concurrent Select Relocation Set 3.757ms
[201.303s][info][gc,phases   ] GC(176) Pause Relocate Start 0.009ms
[201.304s][info][gc,phases   ] GC(176) Concurrent Relocate 1.556ms
[201.305s][info][gc,load     ] GC(176) Load: 0.00/0.00/0.00
[201.305s][info][gc,mmu      ] GC(176) MMU: 2ms/98.6%, 5ms/99.5%, 10ms/99.6%, 20ms/99.8%, 50ms/99.9%, 100ms/99.9%
[201.305s][info][gc,marking  ] GC(176) Mark: 4 stripe(s), 1 proactive flush(es), 1 terminate flush(es), 0 completion(s), 0 continuation(s) 
[201.305s][info][gc,marking  ] GC(176) Mark Stack Usage: 32M
[201.305s][info][gc,nmethod  ] GC(176) NMethods: 1988 registered, 361 unregistered
[201.305s][info][gc,metaspace] GC(176) Metaspace: 9M used, 9M committed, 1088M reserved
[201.305s][info][gc,ref      ] GC(176) Soft: 214 encountered, 0 discovered, 0 enqueued
[201.305s][info][gc,ref      ] GC(176) Weak: 809 encountered, 499 discovered, 0 enqueued
[201.305s][info][gc,ref      ] GC(176) Final: 0 encountered, 0 discovered, 0 enqueued
[201.305s][info][gc,ref      ] GC(176) Phantom: 27 encountered, 21 discovered, 0 enqueued
[201.305s][info][gc,reloc    ] GC(176) Small Pages: 117 / 234M, Empty: 222M, Relocated: 1M, In-Place: 0
[201.305s][info][gc,reloc    ] GC(176) Medium Pages: 0 / 0M, Empty: 0M, Relocated: 0M, In-Place: 0
[201.305s][info][gc,reloc    ] GC(176) Large Pages: 0 / 0M, Empty: 0M, Relocated: 0M, In-Place: 0
[201.305s][info][gc,reloc    ] GC(176) Forwarding Usage: 0M
[201.305s][info][gc,heap     ] GC(176) Min Capacity: 8M(2%)
[201.305s][info][gc,heap     ] GC(176) Max Capacity: 512M(100%)
[201.305s][info][gc,heap     ] GC(176) Soft Max Capacity: 512M(100%)
[201.305s][info][gc,heap     ] GC(176)                Mark Start          Mark End        Relocate Start      Relocate End           High               Low         
[201.305s][info][gc,heap     ] GC(176)  Capacity:      512M (100%)        512M (100%)        512M (100%)        512M (100%)        512M (100%)        512M (100%)   
[201.305s][info][gc,heap     ] GC(176)      Free:      278M (54%)         278M (54%)         500M (98%)         500M (98%)         500M (98%)         278M (54%)    
[201.305s][info][gc,heap     ] GC(176)      Used:      234M (46%)         234M (46%)          12M (2%)           12M (2%)          234M (46%)          12M (2%)     
[201.305s][info][gc,heap     ] GC(176)      Live:         -                 4M (1%)            4M (1%)            4M (1%)             -                  -          
[201.305s][info][gc,heap     ] GC(176) Allocated:         -                 0M (0%)            0M (0%)            0M (0%)             -                  -          
[201.305s][info][gc,heap     ] GC(176)   Garbage:         -               229M (45%)           7M (1%)            7M (1%)             -                  -          
[201.305s][info][gc,heap     ] GC(176) Reclaimed:         -                  -               222M (43%)         222M (43%)            -                  -          
[201.305s][info][gc          ] GC(176) Garbage Collection (System.gc()) 234M(46%)->12M(2%)
[202.578s][info][gc,start    ] GC(177) Garbage Collection (Allocation Rate)
[202.578s][info][gc,task     ] GC(177) Using 1 workers
[202.578s][info][gc,phases   ] GC(177) Pause Mark Start 0.018ms
[202.606s][info][gc,phases   ] GC(177) Concurrent Mark 27.619ms
[202.606s][info][gc,phases   ] GC(177) Pause Mark End 0.018ms
[202.606s][info][gc,phases   ] GC(177) Concurrent Mark Free 0.001ms
[202.613s][info][gc,phases   ] GC(177) Concurrent Process Non-Strong References 7.282ms
[202.614s][info][gc,phases   ] GC(177) Concurrent Reset Relocation Set 0.002ms
[202.619s][info][gc,phases   ] GC(177) Concurrent Select Relocation Set 5.116ms
[202.619s][info][gc,phases   ] GC(177) Pause Relocate Start 0.009ms
[202.623s][info][gc,phases   ] GC(177) Concurrent Relocate 4.414ms
[202.623s][info][gc,load     ] GC(177) Load: 0.00/0.00/0.00
[202.623s][info][gc,mmu      ] GC(177) MMU: 2ms/98.6%, 5ms/99.5%, 10ms/99.6%, 20ms/99.8%, 50ms/99.9%, 100ms/99.9%
[202.623s][info][gc,marking  ] GC(177) Mark: 1 stripe(s), 2 proactive flush(es), 1 terminate flush(es), 0 completion(s), 0 continuation(s) 
[202.623s][info][gc,marking  ] GC(177) Mark Stack Usage: 32M
[202.623s][info][gc,nmethod  ] GC(177) NMethods: 1992 registered, 361 unregistered
[202.624s][info][gc,metaspace] GC(177) Metaspace: 9M used, 9M committed, 1088M reserved
[202.624s][info][gc,ref      ] GC(177) Soft: 214 encountered, 0 discovered, 0 enqueued
[202.624s][info][gc,ref      ] GC(177) Weak: 809 encountered, 9 discovered, 0 enqueued
[202.624s][info][gc,ref      ] GC(177) Final: 0 encountered, 0 discovered, 0 enqueued
[202.624s][info][gc,ref      ] GC(177) Phantom: 27 encountered, 14 discovered, 0 enqueued
[202.624s][info][gc,reloc    ] GC(177) Small Pages: 206 / 412M, Empty: 308M, Relocated: 2M, In-Place: 0
[202.624s][info][gc,reloc    ] GC(177) Medium Pages: 0 / 0M, Empty: 0M, Relocated: 0M, In-Place: 0
[202.624s][info][gc,reloc    ] GC(177) Large Pages: 0 / 0M, Empty: 0M, Relocated: 0M, In-Place: 0
[202.624s][info][gc,reloc    ] GC(177) Forwarding Usage: 1M
[202.624s][info][gc,heap     ] GC(177) Min Capacity: 8M(2%)
[202.624s][info][gc,heap     ] GC(177) Max Capacity: 512M(100%)
[202.624s][info][gc,heap     ] GC(177) Soft Max Capacity: 512M(100%)
[202.624s][info][gc,heap     ] GC(177)                Mark Start          Mark End        Relocate Start      Relocate End           High               Low         
[202.624s][info][gc,heap     ] GC(177)  Capacity:      512M (100%)        512M (100%)        512M (100%)        512M (100%)        512M (100%)        512M (100%)   
[202.624s][info][gc,heap     ] GC(177)      Free:      100M (20%)          90M (18%)         394M (77%)         488M (95%)         488M (95%)          88M (17%)    
[202.624s][info][gc,heap     ] GC(177)      Used:      412M (80%)         422M (82%)         118M (23%)          24M (5%)          424M (83%)          24M (5%)     
[202.624s][info][gc,heap     ] GC(177)      Live:         -                 6M (1%)            6M (1%)            6M (1%)             -                  -          
[202.624s][info][gc,heap     ] GC(177) Allocated:         -                10M (2%)           14M (3%)           15M (3%)             -                  -          
[202.624s][info][gc,heap     ] GC(177)   Garbage:         -               405M (79%)          97M (19%)           1M (0%)             -                  -          
[202.624s][info][gc,heap     ] GC(177) Reclaimed:         -                  -               308M (60%)         403M (79%)            -                  -          
[202.624s][info][gc          ] GC(177) Garbage Collection (Allocation Rate) 412M(80%)->24M(5%)
[203.890s][info][gc,start    ] GC(178) Garbage Collection (Allocation Rate)
[203.890s][info][gc,task     ] GC(178) Using 1 workers
[203.890s][info][gc,phases   ] GC(178) Pause Mark Start 0.018ms
[203.917s][info][gc,phases   ] GC(178) Concurrent Mark 26.677ms
[203.917s][info][gc,phases   ] GC(178) Pause Mark End 0.019ms
[203.917s][info][gc,phases   ] GC(178) Concurrent Mark Free 0.001ms
[203.924s][info][gc,phases   ] GC(178) Concurrent Process Non-Strong References 7.264ms
[203.924s][info][gc,phases   ] GC(178) Concurrent Reset Relocation Set 0.009ms
[203.928s][info][gc,phases   ] GC(178) Concurrent Select Relocation Set 4.025ms
[203.929s][info][gc,phases   ] GC(178) Pause Relocate Start 0.009ms
[203.932s][info][gc,phases   ] GC(178) Concurrent Relocate 3.277ms
[203.932s][info][gc,load     ] GC(178) Load: 0.00/0.00/0.00
[203.932s][info][gc,mmu      ] GC(178) MMU: 2ms/98.6%, 5ms/99.5%, 10ms/99.6%, 20ms/99.8%, 50ms/99.9%, 100ms/99.9%
[203.932s][info][gc,marking  ] GC(178) Mark: 1 stripe(s), 2 proactive flush(es), 1 terminate flush(es), 0 completion(s), 0 continuation(s) 
[203.932s][info][gc,marking  ] GC(178) Mark Stack Usage: 32M
[203.932s][info][gc,nmethod  ] GC(178) NMethods: 1992 registered, 361 unregistered
[203.932s][info][gc,metaspace] GC(178) Metaspace: 9M used, 9M committed, 1088M reserved
[203.932s][info][gc,ref      ] GC(178) Soft: 214 encountered, 0 discovered, 0 enqueued
[203.932s][info][gc,ref      ] GC(178) Weak: 809 encountered, 188 discovered, 0 enqueued
[203.932s][info][gc,ref      ] GC(178) Final: 0 encountered, 0 discovered, 0 enqueued
[203.932s][info][gc,ref      ] GC(178) Phantom: 27 encountered, 14 discovered, 0 enqueued
[203.932s][info][gc,reloc    ] GC(178) Small Pages: 215 / 430M, Empty: 352M, Relocated: 1M, In-Place: 0
[203.932s][info][gc,reloc    ] GC(178) Medium Pages: 0 / 0M, Empty: 0M, Relocated: 0M, In-Place: 0
[203.932s][info][gc,reloc    ] GC(178) Large Pages: 0 / 0M, Empty: 0M, Relocated: 0M, In-Place: 0
[203.932s][info][gc,reloc    ] GC(178) Forwarding Usage: 0M
[203.932s][info][gc,heap     ] GC(178) Min Capacity: 8M(2%)
[203.932s][info][gc,heap     ] GC(178) Max Capacity: 512M(100%)
[203.932s][info][gc,heap     ] GC(178) Soft Max Capacity: 512M(100%)
[203.933s][info][gc,heap     ] GC(178)                Mark Start          Mark End        Relocate Start      Relocate End           High               Low         
[203.933s][info][gc,heap     ] GC(178)  Capacity:      512M (100%)        512M (100%)        512M (100%)        512M (100%)        512M (100%)        512M (100%)   
[203.933s][info][gc,heap     ] GC(178)      Free:       82M (16%)          72M (14%)         420M (82%)         488M (95%)         488M (95%)          70M (14%)    
[203.933s][info][gc,heap     ] GC(178)      Used:      430M (84%)         440M (86%)          92M (18%)          24M (5%)          442M (86%)          24M (5%)     
[203.933s][info][gc,heap     ] GC(178)      Live:         -                 6M (1%)            6M (1%)            6M (1%)             -                  -          
[203.933s][info][gc,heap     ] GC(178) Allocated:         -                10M (2%)           14M (3%)           15M (3%)             -                  -          
[203.933s][info][gc,heap     ] GC(178)   Garbage:         -               423M (83%)          71M (14%)           1M (0%)             -                  -          
[203.933s][info][gc,heap     ] GC(178) Reclaimed:         -                  -               352M (69%)         421M (82%)            -                  -          
[203.933s][info][gc          ] GC(178) Garbage Collection (Allocation Rate) 430M(84%)->24M(5%)
[205.089s][info][gc,start    ] GC(179) Garbage Collection (Proactive)
[205.089s][info][gc,task     ] GC(179) Using 5 workers
[205.089s][info][gc,phases   ] GC(179) Pause Mark Start 0.018ms
[205.104s][info][gc,phases   ] GC(179) Concurrent Mark 15.166ms
[205.105s][info][gc,phases   ] GC(179) Pause Mark End 0.019ms
[205.105s][info][gc,phases   ] GC(179) Concurrent Mark Free 0.002ms
[205.106s][info][gc,phases   ] GC(179) Concurrent Process Non-Strong References 1.654ms
[205.107s][info][gc,phases   ] GC(179) Concurrent Reset Relocation Set 0.007ms
[205.111s][info][gc,phases   ] GC(179) Concurrent Select Relocation Set 4.312ms
[205.111s][info][gc,phases   ] GC(179) Pause Relocate Start 0.009ms
[205.113s][info][gc,phases   ] GC(179) Concurrent Relocate 1.969ms
[205.113s][info][gc,load     ] GC(179) Load: 0.00/0.00/0.00
[205.113s][info][gc,mmu      ] GC(179) MMU: 2ms/98.6%, 5ms/99.5%, 10ms/99.6%, 20ms/99.8%, 50ms/99.9%, 100ms/99.9%
[205.113s][info][gc,marking  ] GC(179) Mark: 4 stripe(s), 2 proactive flush(es), 1 terminate flush(es), 0 completion(s), 0 continuation(s) 
[205.113s][info][gc,marking  ] GC(179) Mark Stack Usage: 32M
[205.113s][info][gc,nmethod  ] GC(179) NMethods: 1992 registered, 361 unregistered
[205.113s][info][gc,metaspace] GC(179) Metaspace: 9M used, 9M committed, 1088M reserved
[205.113s][info][gc,ref      ] GC(179) Soft: 214 encountered, 0 discovered, 0 enqueued
[205.113s][info][gc,ref      ] GC(179) Weak: 809 encountered, 301 discovered, 0 enqueued
[205.113s][info][gc,ref      ] GC(179) Final: 0 encountered, 0 discovered, 0 enqueued
[205.113s][info][gc,ref      ] GC(179) Phantom: 27 encountered, 19 discovered, 0 enqueued
[205.113s][info][gc,reloc    ] GC(179) Small Pages: 199 / 398M, Empty: 274M, Relocated: 1M, In-Place: 0
[205.113s][info][gc,reloc    ] GC(179) Medium Pages: 0 / 0M, Empty: 0M, Relocated: 0M, In-Place: 0
[205.113s][info][gc,reloc    ] GC(179) Large Pages: 0 / 0M, Empty: 0M, Relocated: 0M, In-Place: 0
[205.113s][info][gc,reloc    ] GC(179) Forwarding Usage: 0M
[205.113s][info][gc,heap     ] GC(179) Min Capacity: 8M(2%)
[205.114s][info][gc,heap     ] GC(179) Max Capacity: 512M(100%)
[205.114s][info][gc,heap     ] GC(179) Soft Max Capacity: 512M(100%)
[205.114s][info][gc,heap     ] GC(179)                Mark Start          Mark End        Relocate Start      Relocate End           High               Low         
[205.114s][info][gc,heap     ] GC(179)  Capacity:      512M (100%)        512M (100%)        512M (100%)        512M (100%)        512M (100%)        512M (100%)   
[205.114s][info][gc,heap     ] GC(179)      Free:      114M (22%)         106M (21%)         378M (74%)         486M (95%)         486M (95%)         106M (21%)    
[205.114s][info][gc,heap     ] GC(179)      Used:      398M (78%)         406M (79%)         134M (26%)          26M (5%)          406M (79%)          26M (5%)     
[205.114s][info][gc,heap     ] GC(179)      Live:         -                 6M (1%)            6M (1%)            6M (1%)             -                  -          
[205.114s][info][gc,heap     ] GC(179) Allocated:         -                 8M (2%)           10M (2%)            9M (2%)             -                  -          
[205.114s][info][gc,heap     ] GC(179)   Garbage:         -               391M (76%)         117M (23%)           9M (2%)             -                  -          
[205.114s][info][gc,heap     ] GC(179) Reclaimed:         -                  -               274M (54%)         381M (75%)            -                  -          
[205.114s][info][gc          ] GC(179) Garbage Collection (Proactive) 398M(78%)->26M(5%)
[206.284s][info][gc,start    ] GC(180) Garbage Collection (Allocation Rate)
[206.284s][info][gc,task     ] GC(180) Using 1 workers
[206.284s][info][gc,phases   ] GC(180) Pause Mark Start 0.017ms
[206.310s][info][gc,phases   ] GC(180) Concurrent Mark 25.740ms
[206.310s][info][gc,phases   ] GC(180) Pause Mark End 0.019ms
[206.310s][info][gc,phases   ] GC(180) Concurrent Mark Free 0.001ms
[206.317s][info][gc,phases   ] GC(180) Concurrent Process Non-Strong References 7.001ms
[206.317s][info][gc,phases   ] GC(180) Concurrent Reset Relocation Set 0.010ms
[206.322s][info][gc,phases   ] GC(180) Concurrent Select Relocation Set 4.971ms
[206.323s][info][gc,phases   ] GC(180) Pause Relocate Start 0.009ms
[206.327s][info][gc,phases   ] GC(180) Concurrent Relocate 4.323ms
[206.327s][info][gc,load     ] GC(180) Load: 0.00/0.00/0.00
[206.327s][info][gc,mmu      ] GC(180) MMU: 2ms/98.6%, 5ms/99.5%, 10ms/99.6%, 20ms/99.8%, 50ms/99.9%, 100ms/99.9%
[206.327s][info][gc,marking  ] GC(180) Mark: 1 stripe(s), 2 proactive flush(es), 1 terminate flush(es), 0 completion(s), 0 continuation(s) 
[206.327s][info][gc,marking  ] GC(180) Mark Stack Usage: 32M
[206.327s][info][gc,nmethod  ] GC(180) NMethods: 1992 registered, 361 unregistered
[206.327s][info][gc,metaspace] GC(180) Metaspace: 9M used, 9M committed, 1088M reserved
[206.327s][info][gc,ref      ] GC(180) Soft: 214 encountered, 0 discovered, 0 enqueued
[206.327s][info][gc,ref      ] GC(180) Weak: 809 encountered, 9 discovered, 0 enqueued
[206.327s][info][gc,ref      ] GC(180) Final: 0 encountered, 0 discovered, 0 enqueued
[206.327s][info][gc,ref      ] GC(180) Phantom: 27 encountered, 14 discovered, 0 enqueued
[206.327s][info][gc,reloc    ] GC(180) Small Pages: 199 / 398M, Empty: 274M, Relocated: 2M, In-Place: 0
[206.327s][info][gc,reloc    ] GC(180) Medium Pages: 0 / 0M, Empty: 0M, Relocated: 0M, In-Place: 0
[206.327s][info][gc,reloc    ] GC(180) Large Pages: 0 / 0M, Empty: 0M, Relocated: 0M, In-Place: 0
[206.327s][info][gc,reloc    ] GC(180) Forwarding Usage: 0M
[206.328s][info][gc,heap     ] GC(180) Min Capacity: 8M(2%)
[206.328s][info][gc,heap     ] GC(180) Max Capacity: 512M(100%)
[206.328s][info][gc,heap     ] GC(180) Soft Max Capacity: 512M(100%)
[206.328s][info][gc,heap     ] GC(180)                Mark Start          Mark End        Relocate Start      Relocate End           High               Low         
[206.328s][info][gc,heap     ] GC(180)  Capacity:      512M (100%)        512M (100%)        512M (100%)        512M (100%)        512M (100%)        512M (100%)   
[206.328s][info][gc,heap     ] GC(180)      Free:      114M (22%)         104M (20%)         374M (73%)         488M (95%)         488M (95%)         102M (20%)    
[206.328s][info][gc,heap     ] GC(180)      Used:      398M (78%)         408M (80%)         138M (27%)          24M (5%)          410M (80%)          24M (5%)     
[206.328s][info][gc,heap     ] GC(180)      Live:         -                 6M (1%)            6M (1%)            6M (1%)             -                  -          
[206.328s][info][gc,heap     ] GC(180) Allocated:         -                10M (2%)           14M (3%)           15M (3%)             -                  -          
[206.328s][info][gc,heap     ] GC(180)   Garbage:         -               391M (76%)         117M (23%)           1M (0%)             -                  -          
[206.328s][info][gc,heap     ] GC(180) Reclaimed:         -                  -               274M (54%)         389M (76%)            -                  -          
[206.328s][info][gc          ] GC(180) Garbage Collection (Allocation Rate) 398M(78%)->24M(5%)
[207.580s][info][gc,start    ] GC(181) Garbage Collection (Allocation Rate)
[207.581s][info][gc,task     ] GC(181) Using 1 workers
[207.581s][info][gc,phases   ] GC(181) Pause Mark Start 0.017ms
[207.609s][info][gc,phases   ] GC(181) Concurrent Mark 28.267ms
[207.609s][info][gc,phases   ] GC(181) Pause Mark End 0.018ms
[207.609s][info][gc,phases   ] GC(181) Concurrent Mark Free 0.001ms
[207.617s][info][gc,phases   ] GC(181) Concurrent Process Non-Strong References 7.209ms
[207.617s][info][gc,phases   ] GC(181) Concurrent Reset Relocation Set 0.009ms
[207.621s][info][gc,phases   ] GC(181) Concurrent Select Relocation Set 3.843ms
[207.621s][info][gc,phases   ] GC(181) Pause Relocate Start 0.011ms
[207.623s][info][gc,phases   ] GC(181) Concurrent Relocate 1.942ms
[207.623s][info][gc,load     ] GC(181) Load: 0.00/0.00/0.00
[207.623s][info][gc,mmu      ] GC(181) MMU: 2ms/98.6%, 5ms/99.5%, 10ms/99.6%, 20ms/99.8%, 50ms/99.9%, 100ms/99.9%
[207.623s][info][gc,marking  ] GC(181) Mark: 1 stripe(s), 2 proactive flush(es), 1 terminate flush(es), 0 completion(s), 0 continuation(s) 
[207.623s][info][gc,marking  ] GC(181) Mark Stack Usage: 32M
[207.623s][info][gc,nmethod  ] GC(181) NMethods: 1992 registered, 361 unregistered
[207.623s][info][gc,metaspace] GC(181) Metaspace: 9M used, 9M committed, 1088M reserved
[207.623s][info][gc,ref      ] GC(181) Soft: 214 encountered, 0 discovered, 0 enqueued
[207.623s][info][gc,ref      ] GC(181) Weak: 809 encountered, 9 discovered, 0 enqueued
[207.623s][info][gc,ref      ] GC(181) Final: 0 encountered, 0 discovered, 0 enqueued
[207.623s][info][gc,ref      ] GC(181) Phantom: 27 encountered, 14 discovered, 0 enqueued
[207.623s][info][gc,reloc    ] GC(181) Small Pages: 212 / 424M, Empty: 374M, Relocated: 1M, In-Place: 0
[207.623s][info][gc,reloc    ] GC(181) Medium Pages: 0 / 0M, Empty: 0M, Relocated: 0M, In-Place: 0
[207.623s][info][gc,reloc    ] GC(181) Large Pages: 0 / 0M, Empty: 0M, Relocated: 0M, In-Place: 0
[207.623s][info][gc,reloc    ] GC(181) Forwarding Usage: 0M
[207.623s][info][gc,heap     ] GC(181) Min Capacity: 8M(2%)
[207.623s][info][gc,heap     ] GC(181) Max Capacity: 512M(100%)
[207.623s][info][gc,heap     ] GC(181) Soft Max Capacity: 512M(100%)
[207.623s][info][gc,heap     ] GC(181)                Mark Start          Mark End        Relocate Start      Relocate End           High               Low         
[207.623s][info][gc,heap     ] GC(181)  Capacity:      512M (100%)        512M (100%)        512M (100%)        512M (100%)        512M (100%)        512M (100%)   
[207.623s][info][gc,heap     ] GC(181)      Free:       88M (17%)          76M (15%)         446M (87%)         488M (95%)         488M (95%)          74M (14%)    
[207.623s][info][gc,heap     ] GC(181)      Used:      424M (83%)         436M (85%)          66M (13%)          24M (5%)          438M (86%)          24M (5%)     
[207.623s][info][gc,heap     ] GC(181)      Live:         -                 6M (1%)            6M (1%)            6M (1%)             -                  -          
[207.623s][info][gc,heap     ] GC(181) Allocated:         -                12M (2%)           16M (3%)           15M (3%)             -                  -          
[207.623s][info][gc,heap     ] GC(181)   Garbage:         -               417M (82%)          43M (9%)            1M (0%)             -                  -          
[207.624s][info][gc,heap     ] GC(181) Reclaimed:         -                  -               374M (73%)         415M (81%)            -                  -          
[207.624s][info][gc          ] GC(181) Garbage Collection (Allocation Rate) 424M(83%)->24M(5%)
[208.163s][info][gc,start    ] GC(182) Garbage Collection (System.gc())
[208.163s][info][gc,task     ] GC(182) Using 5 workers
[208.164s][info][gc,phases   ] GC(182) Pause Mark Start 0.016ms
[208.181s][info][gc,phases   ] GC(182) Concurrent Mark 17.215ms
[208.181s][info][gc,phases   ] GC(182) Pause Mark End 0.019ms
[208.181s][info][gc,phases   ] GC(182) Concurrent Mark Free 0.001ms
[208.183s][info][gc,phases   ] GC(182) Concurrent Process Non-Strong References 1.757ms
[208.183s][info][gc,phases   ] GC(182) Concurrent Reset Relocation Set 0.004ms
[208.187s][info][gc,phases   ] GC(182) Concurrent Select Relocation Set 3.689ms
[208.187s][info][gc,phases   ] GC(182) Pause Relocate Start 0.009ms
[208.188s][info][gc,phases   ] GC(182) Concurrent Relocate 1.511ms
[208.188s][info][gc,load     ] GC(182) Load: 0.00/0.00/0.00
[208.188s][info][gc,mmu      ] GC(182) MMU: 2ms/98.6%, 5ms/99.5%, 10ms/99.6%, 20ms/99.8%, 50ms/99.9%, 100ms/99.9%
[208.188s][info][gc,marking  ] GC(182) Mark: 4 stripe(s), 2 proactive flush(es), 1 terminate flush(es), 0 completion(s), 0 continuation(s) 
[208.188s][info][gc,marking  ] GC(182) Mark Stack Usage: 32M
[208.189s][info][gc,nmethod  ] GC(182) NMethods: 1994 registered, 361 unregistered
[208.189s][info][gc,metaspace] GC(182) Metaspace: 9M used, 9M committed, 1088M reserved
[208.189s][info][gc,ref      ] GC(182) Soft: 214 encountered, 0 discovered, 0 enqueued
[208.189s][info][gc,ref      ] GC(182) Weak: 809 encountered, 369 discovered, 0 enqueued
[208.189s][info][gc,ref      ] GC(182) Final: 0 encountered, 0 discovered, 0 enqueued
[208.189s][info][gc,ref      ] GC(182) Phantom: 27 encountered, 19 discovered, 0 enqueued
[208.189s][info][gc,reloc    ] GC(182) Small Pages: 95 / 190M, Empty: 178M, Relocated: 1M, In-Place: 0
[208.189s][info][gc,reloc    ] GC(182) Medium Pages: 0 / 0M, Empty: 0M, Relocated: 0M, In-Place: 0
[208.189s][info][gc,reloc    ] GC(182) Large Pages: 0 / 0M, Empty: 0M, Relocated: 0M, In-Place: 0
[208.189s][info][gc,reloc    ] GC(182) Forwarding Usage: 0M
[208.189s][info][gc,heap     ] GC(182) Min Capacity: 8M(2%)
[208.189s][info][gc,heap     ] GC(182) Max Capacity: 512M(100%)
[208.189s][info][gc,heap     ] GC(182) Soft Max Capacity: 512M(100%)
[208.189s][info][gc,heap     ] GC(182)                Mark Start          Mark End        Relocate Start      Relocate End           High               Low         
[208.189s][info][gc,heap     ] GC(182)  Capacity:      512M (100%)        512M (100%)        512M (100%)        512M (100%)        512M (100%)        512M (100%)   
[208.189s][info][gc,heap     ] GC(182)      Free:      322M (63%)         322M (63%)         500M (98%)         500M (98%)         500M (98%)         322M (63%)    
[208.189s][info][gc,heap     ] GC(182)      Used:      190M (37%)         190M (37%)          12M (2%)           12M (2%)          190M (37%)          12M (2%)     
[208.189s][info][gc,heap     ] GC(182)      Live:         -                 4M (1%)            4M (1%)            4M (1%)             -                  -          
[208.189s][info][gc,heap     ] GC(182) Allocated:         -                 0M (0%)            0M (0%)            0M (0%)             -                  -          
[208.189s][info][gc,heap     ] GC(182)   Garbage:         -               185M (36%)           7M (1%)            7M (1%)             -                  -          
[208.189s][info][gc,heap     ] GC(182) Reclaimed:         -                  -               178M (35%)         178M (35%)            -                  -          
[208.189s][info][gc          ] GC(182) Garbage Collection (System.gc()) 190M(37%)->12M(2%)
[209.477s][info][gc,start    ] GC(183) Garbage Collection (Allocation Rate)
[209.477s][info][gc,task     ] GC(183) Using 1 workers
[209.478s][info][gc,phases   ] GC(183) Pause Mark Start 0.018ms
[209.504s][info][gc,phases   ] GC(183) Concurrent Mark 26.297ms
[209.504s][info][gc,phases   ] GC(183) Pause Mark End 0.020ms
[209.504s][info][gc,phases   ] GC(183) Concurrent Mark Free 0.001ms
[209.511s][info][gc,phases   ] GC(183) Concurrent Process Non-Strong References 6.773ms
[209.511s][info][gc,phases   ] GC(183) Concurrent Reset Relocation Set 0.002ms
[209.516s][info][gc,phases   ] GC(183) Concurrent Select Relocation Set 5.026ms
[209.517s][info][gc,phases   ] GC(183) Pause Relocate Start 0.011ms
[209.524s][info][gc,phases   ] GC(183) Concurrent Relocate 6.996ms
[209.524s][info][gc,load     ] GC(183) Load: 0.00/0.00/0.00
[209.524s][info][gc,mmu      ] GC(183) MMU: 2ms/98.6%, 5ms/99.5%, 10ms/99.6%, 20ms/99.8%, 50ms/99.9%, 100ms/99.9%
[209.524s][info][gc,marking  ] GC(183) Mark: 1 stripe(s), 2 proactive flush(es), 1 terminate flush(es), 0 completion(s), 0 continuation(s) 
[209.524s][info][gc,marking  ] GC(183) Mark Stack Usage: 32M
[209.524s][info][gc,nmethod  ] GC(183) NMethods: 1994 registered, 361 unregistered
[209.524s][info][gc,metaspace] GC(183) Metaspace: 9M used, 9M committed, 1088M reserved
[209.524s][info][gc,ref      ] GC(183) Soft: 214 encountered, 0 discovered, 0 enqueued
[209.524s][info][gc,ref      ] GC(183) Weak: 809 encountered, 9 discovered, 0 enqueued
[209.524s][info][gc,ref      ] GC(183) Final: 0 encountered, 0 discovered, 0 enqueued
[209.524s][info][gc,ref      ] GC(183) Phantom: 27 encountered, 14 discovered, 0 enqueued
[209.524s][info][gc,reloc    ] GC(183) Small Pages: 210 / 420M, Empty: 264M, Relocated: 2M, In-Place: 0
[209.524s][info][gc,reloc    ] GC(183) Medium Pages: 0 / 0M, Empty: 0M, Relocated: 0M, In-Place: 0
[209.524s][info][gc,reloc    ] GC(183) Large Pages: 0 / 0M, Empty: 0M, Relocated: 0M, In-Place: 0
[209.524s][info][gc,reloc    ] GC(183) Forwarding Usage: 1M
[209.524s][info][gc,heap     ] GC(183) Min Capacity: 8M(2%)
[209.524s][info][gc,heap     ] GC(183) Max Capacity: 512M(100%)
[209.524s][info][gc,heap     ] GC(183) Soft Max Capacity: 512M(100%)
[209.524s][info][gc,heap     ] GC(183)                Mark Start          Mark End        Relocate Start      Relocate End           High               Low         
[209.524s][info][gc,heap     ] GC(183)  Capacity:      512M (100%)        512M (100%)        512M (100%)        512M (100%)        512M (100%)        512M (100%)   
[209.524s][info][gc,heap     ] GC(183)      Free:       92M (18%)          82M (16%)         340M (66%)         486M (95%)         486M (95%)          78M (15%)    
[209.524s][info][gc,heap     ] GC(183)      Used:      420M (82%)         430M (84%)         172M (34%)          26M (5%)          434M (85%)          26M (5%)     
[209.524s][info][gc,heap     ] GC(183)      Live:         -                 6M (1%)            6M (1%)            6M (1%)             -                  -          
[209.524s][info][gc,heap     ] GC(183) Allocated:         -                10M (2%)           16M (3%)           17M (4%)             -                  -          
[209.524s][info][gc,heap     ] GC(183)   Garbage:         -               413M (81%)         149M (29%)           1M (0%)             -                  -          
[209.525s][info][gc,heap     ] GC(183) Reclaimed:         -                  -               264M (52%)         411M (80%)            -                  -          
[209.525s][info][gc          ] GC(183) Garbage Collection (Allocation Rate) 420M(82%)->26M(5%)
[210.079s][info][gc,stats    ] === Garbage Collection Statistics =======================================================================================================================
[210.079s][info][gc,stats    ]                                                              Last 10s              Last 10m              Last 10h                Total
[210.079s][info][gc,stats    ]                                                              Avg / Max             Avg / Max             Avg / Max             Avg / Max
[210.079s][info][gc,stats    ]   Collector: Garbage Collection Cycle                     37.028 / 46.423       36.639 / 60.364       36.639 / 60.364       36.639 / 60.364      ms
[210.079s][info][gc,stats    ]  Contention: Mark Segment Reset Contention                     0 / 2                 0 / 6                 0 / 6                 0 / 6           ops/s
[210.079s][info][gc,stats    ]  Contention: Mark SeqNum Reset Contention                      0 / 1                 0 / 2                 0 / 2                 0 / 2           ops/s
[210.079s][info][gc,stats    ]    Critical: Allocation Stall                                  0 / 0                 0 / 0                 0 / 0                 0 / 0           ops/s
[210.079s][info][gc,stats    ]    Critical: Allocation Stall                              0.000 / 0.000         0.000 / 0.000         0.000 / 0.000         0.000 / 0.000       ms
[210.079s][info][gc,stats    ]    Critical: GC Locker Stall                                   0 / 0                 0 / 0                 0 / 0                 0 / 0           ops/s
[210.079s][info][gc,stats    ]    Critical: GC Locker Stall                               0.000 / 0.000         0.000 / 0.000         0.000 / 0.000         0.000 / 0.000       ms
[210.079s][info][gc,stats    ]    Critical: Relocation Stall                                  0 / 0                 0 / 0                 0 / 0                 0 / 0           ops/s
[210.079s][info][gc,stats    ]    Critical: Relocation Stall                              0.000 / 0.000         0.000 / 0.000         0.000 / 0.000         0.000 / 0.000       ms
[210.079s][info][gc,stats    ]      Memory: Allocation Rate                                 323 / 332             319 / 338             319 / 338             319 / 338         MB/s
[210.079s][info][gc,stats    ]      Memory: Defragment                                        0 / 0                 0 / 0                 0 / 0                 0 / 0           ops/s
[210.079s][info][gc,stats    ]      Memory: Out Of Memory                                     0 / 0                 0 / 0                 0 / 0                 0 / 0           ops/s
[210.079s][info][gc,stats    ]      Memory: Page Cache Flush                                  0 / 0                 0 / 0                 0 / 0                 0 / 0           MB/s
[210.079s][info][gc,stats    ]      Memory: Page Cache Hit L1                               163 / 166             160 / 174             160 / 174             160 / 174         ops/s
[210.079s][info][gc,stats    ]      Memory: Page Cache Hit L2                                 0 / 0                 0 / 0                 0 / 0                 0 / 0           ops/s
[210.079s][info][gc,stats    ]      Memory: Page Cache Hit L3                                 0 / 0                 1 / 77                1 / 77                1 / 77          ops/s
[210.079s][info][gc,stats    ]      Memory: Page Cache Miss                                   0 / 0                 0 / 1                 0 / 1                 0 / 1           ops/s
[210.079s][info][gc,stats    ]      Memory: Uncommit                                          0 / 0                 0 / 0                 0 / 0                 0 / 0           MB/s
[210.079s][info][gc,stats    ]      Memory: Undo Object Allocation Failed                     0 / 1                 0 / 6                 0 / 6                 0 / 6           ops/s
[210.080s][info][gc,stats    ]      Memory: Undo Object Allocation Succeeded                  0 / 3                 0 / 8                 0 / 8                 0 / 8           ops/s
[210.080s][info][gc,stats    ]      Memory: Undo Page Allocation                              2 / 4                 1 / 10                1 / 10                1 / 10          ops/s
[210.080s][info][gc,stats    ]       Phase: Concurrent Mark                              23.040 / 28.267       22.535 / 38.107       22.535 / 38.107       22.535 / 38.107      ms
[210.080s][info][gc,stats    ]       Phase: Concurrent Mark Continue                      0.000 / 0.000         0.000 / 0.000         0.000 / 0.000         0.000 / 0.000       ms
[210.080s][info][gc,stats    ]       Phase: Concurrent Mark Free                          0.001 / 0.002         0.001 / 0.002         0.001 / 0.002         0.001 / 0.002       ms
[210.080s][info][gc,stats    ]       Phase: Concurrent Process Non-Strong References      5.289 / 7.282         4.782 / 7.613         4.782 / 7.613         4.782 / 7.613       ms
[210.080s][info][gc,stats    ]       Phase: Concurrent Relocate                           3.231 / 6.996         3.598 / 8.950         3.598 / 8.950         3.598 / 8.950       ms
[210.080s][info][gc,stats    ]       Phase: Concurrent Reset Relocation Set               0.006 / 0.010         0.007 / 0.015         0.007 / 0.015         0.007 / 0.015       ms
[210.080s][info][gc,stats    ]       Phase: Concurrent Select Relocation Set              4.363 / 5.116         4.425 / 14.681        4.425 / 14.681        4.425 / 14.681      ms
[210.080s][info][gc,stats    ]       Phase: Pause Mark End                                0.019 / 0.020         0.017 / 0.021         0.017 / 0.021         0.017 / 0.021       ms
[210.080s][info][gc,stats    ]       Phase: Pause Mark Start                              0.017 / 0.018         0.017 / 0.027         0.017 / 0.027         0.017 / 0.027       ms
[210.080s][info][gc,stats    ]       Phase: Pause Relocate Start                          0.009 / 0.011         0.009 / 0.012         0.009 / 0.012         0.009 / 0.012       ms
[210.080s][info][gc,stats    ]    Subphase: Concurrent Classes Purge                      0.005 / 0.005         0.018 / 0.583         0.018 / 0.583         0.018 / 0.583       ms
[210.080s][info][gc,stats    ]    Subphase: Concurrent Classes Unlink                     4.452 / 6.120         3.909 / 6.120         3.909 / 6.120         3.909 / 6.120       ms
[210.080s][info][gc,stats    ]    Subphase: Concurrent Mark                              16.253 / 25.719       15.338 / 34.990       15.338 / 34.990       15.338 / 34.990      ms
[210.080s][info][gc,stats    ]    Subphase: Concurrent Mark Try Flush                     0.060 / 0.100         0.060 / 0.187         0.060 / 0.187         0.060 / 0.187       ms
[210.080s][info][gc,stats    ]    Subphase: Concurrent Mark Try Terminate                 3.857 / 12.722        3.378 / 16.488        3.378 / 16.488        3.378 / 16.488      ms
[210.080s][info][gc,stats    ]    Subphase: Concurrent References Enqueue                 0.000 / 0.000         0.000 / 0.005         0.000 / 0.005         0.000 / 0.005       ms
[210.080s][info][gc,stats    ]    Subphase: Concurrent References Process                 0.043 / 0.064         0.048 / 0.114         0.048 / 0.114         0.048 / 0.114       ms
[210.080s][info][gc,stats    ]    Subphase: Concurrent Roots ClassLoaderDataGraph         0.145 / 0.340         0.154 / 0.631         0.154 / 0.631         0.154 / 0.631       ms
[210.080s][info][gc,stats    ]    Subphase: Concurrent Roots CodeCache                    0.000 / 0.000         0.000 / 0.000         0.000 / 0.000         0.000 / 0.000       ms
[210.080s][info][gc,stats    ]    Subphase: Concurrent Roots JavaThreads                  1.048 / 2.215         0.960 / 2.289         0.960 / 2.289         0.960 / 2.289       ms
[210.080s][info][gc,stats    ]    Subphase: Concurrent Roots OopStorageSet                0.031 / 0.062         0.032 / 0.136         0.032 / 0.136         0.032 / 0.136       ms
[210.080s][info][gc,stats    ]    Subphase: Concurrent Weak Roots OopStorageSet           0.391 / 1.139         0.393 / 1.768         0.393 / 1.768         0.393 / 1.768       ms
[210.081s][info][gc,stats    ]    Subphase: Pause Mark Try Complete                       0.000 / 0.000         0.000 / 0.000         0.000 / 0.000         0.000 / 0.000       ms
[210.081s][info][gc,stats    ]      System: Java Threads                                     38 / 38               35 / 41               35 / 41               35 / 41          threads
[210.081s][info][gc,stats    ] =========================================================================================================================================================
[210.789s][info][gc,start    ] GC(184) Garbage Collection (Allocation Rate)
[210.789s][info][gc,task     ] GC(184) Using 1 workers
[210.790s][info][gc,phases   ] GC(184) Pause Mark Start 0.018ms
[210.814s][info][gc,phases   ] GC(184) Concurrent Mark 24.588ms
[210.814s][info][gc,phases   ] GC(184) Pause Mark End 0.018ms
[210.815s][info][gc,phases   ] GC(184) Concurrent Mark Free 0.002ms
[210.822s][info][gc,phases   ] GC(184) Concurrent Process Non-Strong References 7.385ms
[210.822s][info][gc,phases   ] GC(184) Concurrent Reset Relocation Set 0.011ms
[210.826s][info][gc,phases   ] GC(184) Concurrent Select Relocation Set 3.990ms
[210.826s][info][gc,phases   ] GC(184) Pause Relocate Start 0.009ms
[210.830s][info][gc,phases   ] GC(184) Concurrent Relocate 3.789ms
[210.830s][info][gc,load     ] GC(184) Load: 0.00/0.00/0.00
[210.830s][info][gc,mmu      ] GC(184) MMU: 2ms/98.6%, 5ms/99.5%, 10ms/99.6%, 20ms/99.8%, 50ms/99.9%, 100ms/99.9%
[210.830s][info][gc,marking  ] GC(184) Mark: 1 stripe(s), 2 proactive flush(es), 1 terminate flush(es), 0 completion(s), 0 continuation(s) 
[210.830s][info][gc,marking  ] GC(184) Mark Stack Usage: 32M
[210.830s][info][gc,nmethod  ] GC(184) NMethods: 1994 registered, 361 unregistered
[210.830s][info][gc,metaspace] GC(184) Metaspace: 9M used, 9M committed, 1088M reserved
[210.830s][info][gc,ref      ] GC(184) Soft: 214 encountered, 0 discovered, 0 enqueued
[210.831s][info][gc,ref      ] GC(184) Weak: 809 encountered, 188 discovered, 0 enqueued
[210.831s][info][gc,ref      ] GC(184) Final: 0 encountered, 0 discovered, 0 enqueued
[210.831s][info][gc,ref      ] GC(184) Phantom: 27 encountered, 14 discovered, 0 enqueued
[210.831s][info][gc,reloc    ] GC(184) Small Pages: 216 / 432M, Empty: 320M, Relocated: 1M, In-Place: 0
[210.831s][info][gc,reloc    ] GC(184) Medium Pages: 0 / 0M, Empty: 0M, Relocated: 0M, In-Place: 0
[210.831s][info][gc,reloc    ] GC(184) Large Pages: 0 / 0M, Empty: 0M, Relocated: 0M, In-Place: 0
[210.831s][info][gc,reloc    ] GC(184) Forwarding Usage: 0M
[210.831s][info][gc,heap     ] GC(184) Min Capacity: 8M(2%)
[210.831s][info][gc,heap     ] GC(184) Max Capacity: 512M(100%)
[210.831s][info][gc,heap     ] GC(184) Soft Max Capacity: 512M(100%)
[210.831s][info][gc,heap     ] GC(184)                Mark Start          Mark End        Relocate Start      Relocate End           High               Low         
[210.831s][info][gc,heap     ] GC(184)  Capacity:      512M (100%)        512M (100%)        512M (100%)        512M (100%)        512M (100%)        512M (100%)   
[210.831s][info][gc,heap     ] GC(184)      Free:       80M (16%)          70M (14%)         386M (75%)         490M (96%)         490M (96%)          68M (13%)    
[210.831s][info][gc,heap     ] GC(184)      Used:      432M (84%)         442M (86%)         126M (25%)          22M (4%)          444M (87%)          22M (4%)     
[210.831s][info][gc,heap     ] GC(184)      Live:         -                 6M (1%)            6M (1%)            6M (1%)             -                  -          
[210.831s][info][gc,heap     ] GC(184) Allocated:         -                10M (2%)           14M (3%)           13M (3%)             -                  -          
[210.831s][info][gc,heap     ] GC(184)   Garbage:         -               425M (83%)         105M (21%)           1M (0%)             -                  -          
[210.831s][info][gc,heap     ] GC(184) Reclaimed:         -                  -               320M (63%)         423M (83%)            -                  -          
[210.831s][info][gc          ] GC(184) Garbage Collection (Allocation Rate) 432M(84%)->22M(4%)
[212.077s][info][gc,start    ] GC(185) Garbage Collection (Allocation Rate)
[212.077s][info][gc,task     ] GC(185) Using 1 workers
[212.077s][info][gc,phases   ] GC(185) Pause Mark Start 0.016ms
[212.103s][info][gc,phases   ] GC(185) Concurrent Mark 25.990ms
[212.104s][info][gc,phases   ] GC(185) Pause Mark End 0.014ms
[212.104s][info][gc,phases   ] GC(185) Concurrent Mark Free 0.001ms
[212.111s][info][gc,phases   ] GC(185) Concurrent Process Non-Strong References 7.067ms
[212.111s][info][gc,phases   ] GC(185) Concurrent Reset Relocation Set 0.010ms
[212.115s][info][gc,phases   ] GC(185) Concurrent Select Relocation Set 4.357ms
[212.115s][info][gc,phases   ] GC(185) Pause Relocate Start 0.005ms
[212.119s][info][gc,phases   ] GC(185) Concurrent Relocate 3.538ms
[212.119s][info][gc,load     ] GC(185) Load: 0.00/0.00/0.00
[212.119s][info][gc,mmu      ] GC(185) MMU: 2ms/98.6%, 5ms/99.5%, 10ms/99.6%, 20ms/99.8%, 50ms/99.9%, 100ms/99.9%
[212.119s][info][gc,marking  ] GC(185) Mark: 1 stripe(s), 2 proactive flush(es), 1 terminate flush(es), 0 completion(s), 0 continuation(s) 
[212.119s][info][gc,marking  ] GC(185) Mark Stack Usage: 32M
[212.119s][info][gc,nmethod  ] GC(185) NMethods: 1994 registered, 361 unregistered
[212.119s][info][gc,metaspace] GC(185) Metaspace: 9M used, 9M committed, 1088M reserved
[212.119s][info][gc,ref      ] GC(185) Soft: 214 encountered, 0 discovered, 0 enqueued
[212.119s][info][gc,ref      ] GC(185) Weak: 809 encountered, 9 discovered, 0 enqueued
[212.119s][info][gc,ref      ] GC(185) Final: 0 encountered, 0 discovered, 0 enqueued
[212.119s][info][gc,ref      ] GC(185) Phantom: 27 encountered, 14 discovered, 0 enqueued
[212.119s][info][gc,reloc    ] GC(185) Small Pages: 219 / 438M, Empty: 360M, Relocated: 1M, In-Place: 0
[212.120s][info][gc,reloc    ] GC(185) Medium Pages: 0 / 0M, Empty: 0M, Relocated: 0M, In-Place: 0
[212.120s][info][gc,reloc    ] GC(185) Large Pages: 0 / 0M, Empty: 0M, Relocated: 0M, In-Place: 0
[212.120s][info][gc,reloc    ] GC(185) Forwarding Usage: 0M
[212.120s][info][gc,heap     ] GC(185) Min Capacity: 8M(2%)
[212.120s][info][gc,heap     ] GC(185) Max Capacity: 512M(100%)
[212.120s][info][gc,heap     ] GC(185) Soft Max Capacity: 512M(100%)
[212.120s][info][gc,heap     ] GC(185)                Mark Start          Mark End        Relocate Start      Relocate End           High               Low         
[212.120s][info][gc,heap     ] GC(185)  Capacity:      512M (100%)        512M (100%)        512M (100%)        512M (100%)        512M (100%)        512M (100%)   
[212.120s][info][gc,heap     ] GC(185)      Free:       74M (14%)          64M (13%)         420M (82%)         488M (95%)         488M (95%)          62M (12%)    
[212.120s][info][gc,heap     ] GC(185)      Used:      438M (86%)         448M (88%)          92M (18%)          24M (5%)          450M (88%)          24M (5%)     
[212.120s][info][gc,heap     ] GC(185)      Live:         -                 6M (1%)            6M (1%)            6M (1%)             -                  -          
[212.120s][info][gc,heap     ] GC(185) Allocated:         -                10M (2%)           14M (3%)           15M (3%)             -                  -          
[212.120s][info][gc,heap     ] GC(185)   Garbage:         -               431M (84%)          71M (14%)           1M (0%)             -                  -          
[212.120s][info][gc,heap     ] GC(185) Reclaimed:         -                  -               360M (70%)         429M (84%)            -                  -          
[212.120s][info][gc          ] GC(185) Garbage Collection (Allocation Rate) 438M(86%)->24M(5%)
[213.084s][info][gc,start    ] GC(186) Garbage Collection (Proactive)
[213.084s][info][gc,task     ] GC(186) Using 5 workers
[213.084s][info][gc,phases   ] GC(186) Pause Mark Start 0.017ms
[213.100s][info][gc,phases   ] GC(186) Concurrent Mark 15.244ms
[213.100s][info][gc,phases   ] GC(186) Pause Mark End 0.019ms
[213.100s][info][gc,phases   ] GC(186) Concurrent Mark Free 0.001ms
[213.102s][info][gc,phases   ] GC(186) Concurrent Process Non-Strong References 1.608ms
[213.102s][info][gc,phases   ] GC(186) Concurrent Reset Relocation Set 0.006ms
[213.105s][info][gc,phases   ] GC(186) Concurrent Select Relocation Set 3.846ms
[213.106s][info][gc,phases   ] GC(186) Pause Relocate Start 0.009ms
[213.108s][info][gc,phases   ] GC(186) Concurrent Relocate 2.378ms
[213.108s][info][gc,load     ] GC(186) Load: 0.00/0.00/0.00
[213.108s][info][gc,mmu      ] GC(186) MMU: 2ms/98.6%, 5ms/99.5%, 10ms/99.6%, 20ms/99.8%, 50ms/99.9%, 100ms/99.9%
[213.108s][info][gc,marking  ] GC(186) Mark: 4 stripe(s), 2 proactive flush(es), 1 terminate flush(es), 0 completion(s), 0 continuation(s) 
[213.108s][info][gc,marking  ] GC(186) Mark Stack Usage: 32M
[213.108s][info][gc,nmethod  ] GC(186) NMethods: 1994 registered, 361 unregistered
[213.108s][info][gc,metaspace] GC(186) Metaspace: 9M used, 9M committed, 1088M reserved
[213.108s][info][gc,ref      ] GC(186) Soft: 214 encountered, 0 discovered, 0 enqueued
[213.108s][info][gc,ref      ] GC(186) Weak: 809 encountered, 34 discovered, 0 enqueued
[213.108s][info][gc,ref      ] GC(186) Final: 0 encountered, 0 discovered, 0 enqueued
[213.108s][info][gc,ref      ] GC(186) Phantom: 27 encountered, 23 discovered, 0 enqueued
[213.108s][info][gc,reloc    ] GC(186) Small Pages: 165 / 330M, Empty: 246M, Relocated: 1M, In-Place: 0
[213.108s][info][gc,reloc    ] GC(186) Medium Pages: 0 / 0M, Empty: 0M, Relocated: 0M, In-Place: 0
[213.108s][info][gc,reloc    ] GC(186) Large Pages: 0 / 0M, Empty: 0M, Relocated: 0M, In-Place: 0
[213.108s][info][gc,reloc    ] GC(186) Forwarding Usage: 0M
[213.109s][info][gc,heap     ] GC(186) Min Capacity: 8M(2%)
[213.109s][info][gc,heap     ] GC(186) Max Capacity: 512M(100%)
[213.109s][info][gc,heap     ] GC(186) Soft Max Capacity: 512M(100%)
[213.109s][info][gc,heap     ] GC(186)                Mark Start          Mark End        Relocate Start      Relocate End           High               Low         
[213.109s][info][gc,heap     ] GC(186)  Capacity:      512M (100%)        512M (100%)        512M (100%)        512M (100%)        512M (100%)        512M (100%)   
[213.109s][info][gc,heap     ] GC(186)      Free:      182M (36%)         176M (34%)         420M (82%)         486M (95%)         486M (95%)         174M (34%)    
[213.109s][info][gc,heap     ] GC(186)      Used:      330M (64%)         336M (66%)          92M (18%)          26M (5%)          338M (66%)          26M (5%)     
[213.109s][info][gc,heap     ] GC(186)      Live:         -                 6M (1%)            6M (1%)            6M (1%)             -                  -          
[213.109s][info][gc,heap     ] GC(186) Allocated:         -                 6M (1%)            8M (2%)            9M (2%)             -                  -          
[213.109s][info][gc,heap     ] GC(186)   Garbage:         -               323M (63%)          77M (15%)           9M (2%)             -                  -          
[213.109s][info][gc,heap     ] GC(186) Reclaimed:         -                  -               246M (48%)         313M (61%)            -                  -          
[213.109s][info][gc          ] GC(186) Garbage Collection (Proactive) 330M(64%)->26M(5%)
[214.286s][info][gc,start    ] GC(187) Garbage Collection (Allocation Rate)
[214.286s][info][gc,task     ] GC(187) Using 1 workers
[214.286s][info][gc,phases   ] GC(187) Pause Mark Start 0.018ms
[214.312s][info][gc,phases   ] GC(187) Concurrent Mark 25.910ms
[214.312s][info][gc,phases   ] GC(187) Pause Mark End 0.016ms
[214.312s][info][gc,phases   ] GC(187) Concurrent Mark Free 0.001ms
[214.319s][info][gc,phases   ] GC(187) Concurrent Process Non-Strong References 6.949ms
[214.319s][info][gc,phases   ] GC(187) Concurrent Reset Relocation Set 0.006ms
[214.323s][info][gc,phases   ] GC(187) Concurrent Select Relocation Set 3.857ms
[214.323s][info][gc,phases   ] GC(187) Pause Relocate Start 0.010ms
[214.326s][info][gc,phases   ] GC(187) Concurrent Relocate 2.811ms
[214.326s][info][gc,load     ] GC(187) Load: 0.00/0.00/0.00
[214.326s][info][gc,mmu      ] GC(187) MMU: 2ms/98.6%, 5ms/99.5%, 10ms/99.6%, 20ms/99.8%, 50ms/99.9%, 100ms/99.9%
[214.326s][info][gc,marking  ] GC(187) Mark: 1 stripe(s), 2 proactive flush(es), 1 terminate flush(es), 0 completion(s), 0 continuation(s) 
[214.326s][info][gc,marking  ] GC(187) Mark Stack Usage: 32M
[214.326s][info][gc,nmethod  ] GC(187) NMethods: 1994 registered, 361 unregistered
[214.326s][info][gc,metaspace] GC(187) Metaspace: 9M used, 9M committed, 1088M reserved
[214.326s][info][gc,ref      ] GC(187) Soft: 214 encountered, 0 discovered, 0 enqueued
[214.326s][info][gc,ref      ] GC(187) Weak: 809 encountered, 9 discovered, 0 enqueued
[214.326s][info][gc,ref      ] GC(187) Final: 0 encountered, 0 discovered, 0 enqueued
[214.326s][info][gc,ref      ] GC(187) Phantom: 27 encountered, 14 discovered, 0 enqueued
[214.327s][info][gc,reloc    ] GC(187) Small Pages: 201 / 402M, Empty: 316M, Relocated: 1M, In-Place: 0
[214.327s][info][gc,reloc    ] GC(187) Medium Pages: 0 / 0M, Empty: 0M, Relocated: 0M, In-Place: 0
[214.327s][info][gc,reloc    ] GC(187) Large Pages: 0 / 0M, Empty: 0M, Relocated: 0M, In-Place: 0
[214.327s][info][gc,reloc    ] GC(187) Forwarding Usage: 0M
[214.327s][info][gc,heap     ] GC(187) Min Capacity: 8M(2%)
[214.327s][info][gc,heap     ] GC(187) Max Capacity: 512M(100%)
[214.327s][info][gc,heap     ] GC(187) Soft Max Capacity: 512M(100%)
[214.327s][info][gc,heap     ] GC(187)                Mark Start          Mark End        Relocate Start      Relocate End           High               Low         
[214.327s][info][gc,heap     ] GC(187)  Capacity:      512M (100%)        512M (100%)        512M (100%)        512M (100%)        512M (100%)        512M (100%)   
[214.327s][info][gc,heap     ] GC(187)      Free:      110M (21%)         100M (20%)         412M (80%)         488M (95%)         488M (95%)          96M (19%)    
[214.327s][info][gc,heap     ] GC(187)      Used:      402M (79%)         412M (80%)         100M (20%)          24M (5%)          416M (81%)          24M (5%)     
[214.327s][info][gc,heap     ] GC(187)      Live:         -                 6M (1%)            6M (1%)            6M (1%)             -                  -          
[214.327s][info][gc,heap     ] GC(187) Allocated:         -                10M (2%)           14M (3%)           15M (3%)             -                  -          
[214.327s][info][gc,heap     ] GC(187)   Garbage:         -               395M (77%)          79M (16%)           1M (0%)             -                  -          
[214.327s][info][gc,heap     ] GC(187) Reclaimed:         -                  -               316M (62%)         393M (77%)            -                  -          
[214.327s][info][gc          ] GC(187) Garbage Collection (Allocation Rate) 402M(79%)->24M(5%)
[214.959s][info][gc,start    ] GC(188) Garbage Collection (System.gc())
[214.959s][info][gc,task     ] GC(188) Using 5 workers
[214.959s][info][gc,phases   ] GC(188) Pause Mark Start 0.018ms
[214.980s][info][gc,phases   ] GC(188) Concurrent Mark 20.469ms
[214.980s][info][gc,phases   ] GC(188) Pause Mark End 0.017ms
[214.980s][info][gc,phases   ] GC(188) Concurrent Mark Free 0.001ms
[214.982s][info][gc,phases   ] GC(188) Concurrent Process Non-Strong References 1.678ms
[214.982s][info][gc,phases   ] GC(188) Concurrent Reset Relocation Set 0.008ms
[214.986s][info][gc,phases   ] GC(188) Concurrent Select Relocation Set 3.891ms
[214.986s][info][gc,phases   ] GC(188) Pause Relocate Start 0.008ms
[214.988s][info][gc,phases   ] GC(188) Concurrent Relocate 1.856ms
[214.988s][info][gc,load     ] GC(188) Load: 0.00/0.00/0.00
[214.988s][info][gc,mmu      ] GC(188) MMU: 2ms/98.6%, 5ms/99.5%, 10ms/99.6%, 20ms/99.8%, 50ms/99.9%, 100ms/99.9%
[214.988s][info][gc,marking  ] GC(188) Mark: 4 stripe(s), 1 proactive flush(es), 1 terminate flush(es), 0 completion(s), 0 continuation(s) 
[214.988s][info][gc,marking  ] GC(188) Mark Stack Usage: 32M
[214.988s][info][gc,nmethod  ] GC(188) NMethods: 1995 registered, 361 unregistered
[214.988s][info][gc,metaspace] GC(188) Metaspace: 9M used, 10M committed, 1088M reserved
[214.988s][info][gc,ref      ] GC(188) Soft: 214 encountered, 0 discovered, 0 enqueued
[214.988s][info][gc,ref      ] GC(188) Weak: 809 encountered, 13 discovered, 0 enqueued
[214.988s][info][gc,ref      ] GC(188) Final: 0 encountered, 0 discovered, 0 enqueued
[214.988s][info][gc,ref      ] GC(188) Phantom: 27 encountered, 23 discovered, 0 enqueued
[214.988s][info][gc,reloc    ] GC(188) Small Pages: 111 / 222M, Empty: 208M, Relocated: 1M, In-Place: 0
[214.988s][info][gc,reloc    ] GC(188) Medium Pages: 0 / 0M, Empty: 0M, Relocated: 0M, In-Place: 0
[214.988s][info][gc,reloc    ] GC(188) Large Pages: 0 / 0M, Empty: 0M, Relocated: 0M, In-Place: 0
[214.988s][info][gc,reloc    ] GC(188) Forwarding Usage: 0M
[214.988s][info][gc,heap     ] GC(188) Min Capacity: 8M(2%)
[214.988s][info][gc,heap     ] GC(188) Max Capacity: 512M(100%)
[214.988s][info][gc,heap     ] GC(188) Soft Max Capacity: 512M(100%)
[214.989s][info][gc,heap     ] GC(188)                Mark Start          Mark End        Relocate Start      Relocate End           High               Low         
[214.989s][info][gc,heap     ] GC(188)  Capacity:      512M (100%)        512M (100%)        512M (100%)        512M (100%)        512M (100%)        512M (100%)   
[214.989s][info][gc,heap     ] GC(188)      Free:      290M (57%)         290M (57%)         498M (97%)         498M (97%)         498M (97%)         290M (57%)    
[214.989s][info][gc,heap     ] GC(188)      Used:      222M (43%)         222M (43%)          14M (3%)           14M (3%)          222M (43%)          14M (3%)     
[214.989s][info][gc,heap     ] GC(188)      Live:         -                 4M (1%)            4M (1%)            4M (1%)             -                  -          
[214.989s][info][gc,heap     ] GC(188) Allocated:         -                 0M (0%)            0M (0%)            0M (0%)             -                  -          
[214.989s][info][gc,heap     ] GC(188)   Garbage:         -               217M (42%)           9M (2%)            9M (2%)             -                  -          
[214.989s][info][gc,heap     ] GC(188) Reclaimed:         -                  -               208M (41%)         208M (41%)            -                  -          
[214.989s][info][gc          ] GC(188) Garbage Collection (System.gc()) 222M(43%)->14M(3%)
[216.182s][info][gc,start    ] GC(189) Garbage Collection (Allocation Rate)
[216.182s][info][gc,task     ] GC(189) Using 1 workers
[216.182s][info][gc,phases   ] GC(189) Pause Mark Start 0.019ms
[216.209s][info][gc,phases   ] GC(189) Concurrent Mark 26.703ms
[216.209s][info][gc,phases   ] GC(189) Pause Mark End 0.014ms
[216.209s][info][gc,phases   ] GC(189) Concurrent Mark Free 0.001ms
[216.216s][info][gc,phases   ] GC(189) Concurrent Process Non-Strong References 7.242ms
[216.216s][info][gc,phases   ] GC(189) Concurrent Reset Relocation Set 0.002ms
[216.221s][info][gc,phases   ] GC(189) Concurrent Select Relocation Set 5.008ms
[216.221s][info][gc,phases   ] GC(189) Pause Relocate Start 0.007ms
[216.228s][info][gc,phases   ] GC(189) Concurrent Relocate 6.894ms
[216.228s][info][gc,load     ] GC(189) Load: 0.00/0.00/0.00
[216.228s][info][gc,mmu      ] GC(189) MMU: 2ms/98.6%, 5ms/99.5%, 10ms/99.6%, 20ms/99.8%, 50ms/99.9%, 100ms/99.9%
[216.229s][info][gc,marking  ] GC(189) Mark: 1 stripe(s), 2 proactive flush(es), 1 terminate flush(es), 0 completion(s), 0 continuation(s) 
[216.229s][info][gc,marking  ] GC(189) Mark Stack Usage: 32M
[216.229s][info][gc,nmethod  ] GC(189) NMethods: 1996 registered, 361 unregistered
[216.229s][info][gc,metaspace] GC(189) Metaspace: 9M used, 10M committed, 1088M reserved
[216.229s][info][gc,ref      ] GC(189) Soft: 214 encountered, 0 discovered, 0 enqueued
[216.229s][info][gc,ref      ] GC(189) Weak: 811 encountered, 189 discovered, 0 enqueued
[216.229s][info][gc,ref      ] GC(189) Final: 0 encountered, 0 discovered, 0 enqueued
[216.229s][info][gc,ref      ] GC(189) Phantom: 27 encountered, 25 discovered, 0 enqueued
[216.229s][info][gc,reloc    ] GC(189) Small Pages: 199 / 398M, Empty: 260M, Relocated: 2M, In-Place: 0
[216.229s][info][gc,reloc    ] GC(189) Medium Pages: 0 / 0M, Empty: 0M, Relocated: 0M, In-Place: 0
[216.229s][info][gc,reloc    ] GC(189) Large Pages: 0 / 0M, Empty: 0M, Relocated: 0M, In-Place: 0
[216.229s][info][gc,reloc    ] GC(189) Forwarding Usage: 1M
[216.229s][info][gc,heap     ] GC(189) Min Capacity: 8M(2%)
[216.229s][info][gc,heap     ] GC(189) Max Capacity: 512M(100%)
[216.229s][info][gc,heap     ] GC(189) Soft Max Capacity: 512M(100%)
[216.229s][info][gc,heap     ] GC(189)                Mark Start          Mark End        Relocate Start      Relocate End           High               Low         
[216.229s][info][gc,heap     ] GC(189)  Capacity:      512M (100%)        512M (100%)        512M (100%)        512M (100%)        512M (100%)        512M (100%)   
[216.229s][info][gc,heap     ] GC(189)      Free:      114M (22%)         104M (20%)         360M (70%)         486M (95%)         488M (95%)         100M (20%)    
[216.229s][info][gc,heap     ] GC(189)      Used:      398M (78%)         408M (80%)         152M (30%)          26M (5%)          412M (80%)          24M (5%)     
[216.229s][info][gc,heap     ] GC(189)      Live:         -                 6M (1%)            6M (1%)            6M (1%)             -                  -          
[216.229s][info][gc,heap     ] GC(189) Allocated:         -                10M (2%)           14M (3%)           17M (4%)             -                  -          
[216.229s][info][gc,heap     ] GC(189)   Garbage:         -               391M (76%)         131M (26%)           1M (0%)             -                  -          
[216.229s][info][gc,heap     ] GC(189) Reclaimed:         -                  -               260M (51%)         389M (76%)            -                  -          
[216.229s][info][gc          ] GC(189) Garbage Collection (Allocation Rate) 398M(78%)->26M(5%)
[217.484s][info][gc,start    ] GC(190) Garbage Collection (Allocation Rate)
[217.484s][info][gc,task     ] GC(190) Using 1 workers
[217.484s][info][gc,phases   ] GC(190) Pause Mark Start 0.017ms
[217.512s][info][gc,phases   ] GC(190) Concurrent Mark 27.589ms
[217.512s][info][gc,phases   ] GC(190) Pause Mark End 0.016ms
[217.512s][info][gc,phases   ] GC(190) Concurrent Mark Free 0.001ms
[217.519s][info][gc,phases   ] GC(190) Concurrent Process Non-Strong References 7.229ms
[217.519s][info][gc,phases   ] GC(190) Concurrent Reset Relocation Set 0.011ms
[217.523s][info][gc,phases   ] GC(190) Concurrent Select Relocation Set 3.935ms
[217.524s][info][gc,phases   ] GC(190) Pause Relocate Start 0.009ms
[217.527s][info][gc,phases   ] GC(190) Concurrent Relocate 3.627ms
[217.527s][info][gc,load     ] GC(190) Load: 0.00/0.00/0.00
[217.527s][info][gc,mmu      ] GC(190) MMU: 2ms/98.6%, 5ms/99.5%, 10ms/99.6%, 20ms/99.8%, 50ms/99.9%, 100ms/99.9%
[217.527s][info][gc,marking  ] GC(190) Mark: 1 stripe(s), 2 proactive flush(es), 1 terminate flush(es), 0 completion(s), 0 continuation(s) 
[217.527s][info][gc,marking  ] GC(190) Mark Stack Usage: 32M
[217.527s][info][gc,nmethod  ] GC(190) NMethods: 1996 registered, 361 unregistered
[217.527s][info][gc,metaspace] GC(190) Metaspace: 9M used, 10M committed, 1088M reserved
[217.528s][info][gc,ref      ] GC(190) Soft: 214 encountered, 0 discovered, 0 enqueued
[217.528s][info][gc,ref      ] GC(190) Weak: 811 encountered, 9 discovered, 0 enqueued
[217.528s][info][gc,ref      ] GC(190) Final: 0 encountered, 0 discovered, 0 enqueued
[217.528s][info][gc,ref      ] GC(190) Phantom: 27 encountered, 14 discovered, 0 enqueued
[217.528s][info][gc,reloc    ] GC(190) Small Pages: 211 / 422M, Empty: 328M, Relocated: 1M, In-Place: 0
[217.528s][info][gc,reloc    ] GC(190) Medium Pages: 0 / 0M, Empty: 0M, Relocated: 0M, In-Place: 0
[217.528s][info][gc,reloc    ] GC(190) Large Pages: 0 / 0M, Empty: 0M, Relocated: 0M, In-Place: 0
[217.528s][info][gc,reloc    ] GC(190) Forwarding Usage: 0M
[217.528s][info][gc,heap     ] GC(190) Min Capacity: 8M(2%)
[217.528s][info][gc,heap     ] GC(190) Max Capacity: 512M(100%)
[217.528s][info][gc,heap     ] GC(190) Soft Max Capacity: 512M(100%)
[217.528s][info][gc,heap     ] GC(190)                Mark Start          Mark End        Relocate Start      Relocate End           High               Low         
[217.528s][info][gc,heap     ] GC(190)  Capacity:      512M (100%)        512M (100%)        512M (100%)        512M (100%)        512M (100%)        512M (100%)   
[217.528s][info][gc,heap     ] GC(190)      Free:       90M (18%)          78M (15%)         404M (79%)         488M (95%)         488M (95%)          76M (15%)    
[217.528s][info][gc,heap     ] GC(190)      Used:      422M (82%)         434M (85%)         108M (21%)          24M (5%)          436M (85%)          24M (5%)     
[217.528s][info][gc,heap     ] GC(190)      Live:         -                 6M (1%)            6M (1%)            6M (1%)             -                  -          
[217.528s][info][gc,heap     ] GC(190) Allocated:         -                12M (2%)           14M (3%)           15M (3%)             -                  -          
[217.528s][info][gc,heap     ] GC(190)   Garbage:         -               415M (81%)          87M (17%)           1M (0%)             -                  -          
[217.528s][info][gc,heap     ] GC(190) Reclaimed:         -                  -               328M (64%)         413M (81%)            -                  -          
[217.528s][info][gc          ] GC(190) Garbage Collection (Allocation Rate) 422M(82%)->24M(5%)
[218.779s][info][gc,start    ] GC(191) Garbage Collection (Allocation Rate)
[218.779s][info][gc,task     ] GC(191) Using 1 workers
[218.798s][info][gc,phases   ] GC(191) Pause Mark Start 0.016ms
[218.815s][info][gc,phases   ] GC(191) Concurrent Mark 17.241ms
[218.815s][info][gc,phases   ] GC(191) Pause Mark End 0.012ms
[218.815s][info][gc,phases   ] GC(191) Concurrent Mark Free 0.001ms
[218.822s][info][gc,phases   ] GC(191) Concurrent Process Non-Strong References 6.602ms
[218.822s][info][gc,phases   ] GC(191) Concurrent Reset Relocation Set 0.007ms
[218.826s][info][gc,phases   ] GC(191) Concurrent Select Relocation Set 3.849ms
[218.826s][info][gc,phases   ] GC(191) Pause Relocate Start 0.005ms
[218.830s][info][gc,phases   ] GC(191) Concurrent Relocate 3.781ms
[218.830s][info][gc,load     ] GC(191) Load: 0.00/0.00/0.00
[218.830s][info][gc,mmu      ] GC(191) MMU: 2ms/98.6%, 5ms/99.5%, 10ms/99.6%, 20ms/99.8%, 50ms/99.9%, 100ms/99.9%
[218.830s][info][gc,marking  ] GC(191) Mark: 1 stripe(s), 2 proactive flush(es), 1 terminate flush(es), 0 completion(s), 0 continuation(s) 
[218.830s][info][gc,marking  ] GC(191) Mark Stack Usage: 32M
[218.830s][info][gc,nmethod  ] GC(191) NMethods: 1996 registered, 361 unregistered
[218.830s][info][gc,metaspace] GC(191) Metaspace: 9M used, 10M committed, 1088M reserved
[218.830s][info][gc,ref      ] GC(191) Soft: 214 encountered, 0 discovered, 0 enqueued
[218.830s][info][gc,ref      ] GC(191) Weak: 811 encountered, 9 discovered, 0 enqueued
[218.830s][info][gc,ref      ] GC(191) Final: 0 encountered, 0 discovered, 0 enqueued
[218.830s][info][gc,ref      ] GC(191) Phantom: 27 encountered, 14 discovered, 0 enqueued
[218.830s][info][gc,reloc    ] GC(191) Small Pages: 217 / 434M, Empty: 360M, Relocated: 1M, In-Place: 0
[218.830s][info][gc,reloc    ] GC(191) Medium Pages: 0 / 0M, Empty: 0M, Relocated: 0M, In-Place: 0
[218.830s][info][gc,reloc    ] GC(191) Large Pages: 0 / 0M, Empty: 0M, Relocated: 0M, In-Place: 0
[218.830s][info][gc,reloc    ] GC(191) Forwarding Usage: 0M
[218.830s][info][gc,heap     ] GC(191) Min Capacity: 8M(2%)
[218.830s][info][gc,heap     ] GC(191) Max Capacity: 512M(100%)
[218.830s][info][gc,heap     ] GC(191) Soft Max Capacity: 512M(100%)
[218.830s][info][gc,heap     ] GC(191)                Mark Start          Mark End        Relocate Start      Relocate End           High               Low         
[218.830s][info][gc,heap     ] GC(191)  Capacity:      512M (100%)        512M (100%)        512M (100%)        512M (100%)        512M (100%)        512M (100%)   
[218.830s][info][gc,heap     ] GC(191)      Free:       78M (15%)          70M (14%)         428M (84%)         492M (96%)         492M (96%)          68M (13%)    
[218.830s][info][gc,heap     ] GC(191)      Used:      434M (85%)         442M (86%)          84M (16%)          20M (4%)          444M (87%)          20M (4%)     
[218.830s][info][gc,heap     ] GC(191)      Live:         -                 6M (1%)            6M (1%)            6M (1%)             -                  -          
[218.831s][info][gc,heap     ] GC(191) Allocated:         -                 8M (2%)           10M (2%)           11M (2%)             -                  -          
[218.831s][info][gc,heap     ] GC(191)   Garbage:         -               427M (83%)          67M (13%)           1M (0%)             -                  -          
[218.831s][info][gc,heap     ] GC(191) Reclaimed:         -                  -               360M (70%)         425M (83%)            -                  -          
[218.831s][info][gc          ] GC(191) Garbage Collection (Allocation Rate) 434M(85%)->20M(4%)
[220.090s][info][gc,start    ] GC(192) Garbage Collection (Allocation Rate)
[220.090s][info][gc,stats    ] === Garbage Collection Statistics =======================================================================================================================
[220.090s][info][gc,task     ] GC(192) Using 1 workers
[220.090s][info][gc,stats    ]                                                              Last 10s              Last 10m              Last 10h                Total
[220.090s][info][gc,stats    ]                                                              Avg / Max             Avg / Max             Avg / Max             Avg / Max
[220.090s][info][gc,phases   ] GC(192) Pause Mark Start 0.016ms
[220.090s][info][gc,stats    ]   Collector: Garbage Collection Cycle                     39.750 / 50.867       36.769 / 60.364       36.769 / 60.364       36.769 / 60.364      ms
[220.090s][info][gc,stats    ]  Contention: Mark Segment Reset Contention                     0 / 1                 0 / 6                 0 / 6                 0 / 6           ops/s
[220.090s][info][gc,stats    ]  Contention: Mark SeqNum Reset Contention                      0 / 0                 0 / 2                 0 / 2                 0 / 2           ops/s
[220.090s][info][gc,stats    ]    Critical: Allocation Stall                                  0 / 0                 0 / 0                 0 / 0                 0 / 0           ops/s
[220.090s][info][gc,stats    ]    Critical: Allocation Stall                              0.000 / 0.000         0.000 / 0.000         0.000 / 0.000         0.000 / 0.000       ms
[220.090s][info][gc,stats    ]    Critical: GC Locker Stall                                   0 / 0                 0 / 0                 0 / 0                 0 / 0           ops/s
[220.090s][info][gc,stats    ]    Critical: GC Locker Stall                               0.000 / 0.000         0.000 / 0.000         0.000 / 0.000         0.000 / 0.000       ms
[220.091s][info][gc,stats    ]    Critical: Relocation Stall                                  0 / 0                 0 / 0                 0 / 0                 0 / 0           ops/s
[220.091s][info][gc,stats    ]    Critical: Relocation Stall                              0.000 / 0.000         0.000 / 0.000         0.000 / 0.000         0.000 / 0.000       ms
[220.091s][info][gc,stats    ]      Memory: Allocation Rate                                 323 / 334             319 / 338             319 / 338             319 / 338         MB/s
[220.091s][info][gc,stats    ]      Memory: Defragment                                        0 / 0                 0 / 0                 0 / 0                 0 / 0           ops/s
[220.091s][info][gc,stats    ]      Memory: Out Of Memory                                     0 / 0                 0 / 0                 0 / 0                 0 / 0           ops/s
[220.091s][info][gc,stats    ]      Memory: Page Cache Flush                                  0 / 0                 0 / 0                 0 / 0                 0 / 0           MB/s
[220.091s][info][gc,stats    ]      Memory: Page Cache Hit L1                               163 / 167             161 / 174             161 / 174             161 / 174         ops/s
[220.091s][info][gc,stats    ]      Memory: Page Cache Hit L2                                 0 / 0                 0 / 0                 0 / 0                 0 / 0           ops/s
[220.091s][info][gc,stats    ]      Memory: Page Cache Hit L3                                 0 / 0                 1 / 77                1 / 77                1 / 77          ops/s
[220.091s][info][gc,stats    ]      Memory: Page Cache Miss                                   0 / 0                 0 / 1                 0 / 1                 0 / 1           ops/s
[220.091s][info][gc,stats    ]      Memory: Uncommit                                          0 / 0                 0 / 0                 0 / 0                 0 / 0           MB/s
[220.091s][info][gc,stats    ]      Memory: Undo Object Allocation Failed                     0 / 2                 0 / 6                 0 / 6                 0 / 6           ops/s
[220.091s][info][gc,stats    ]      Memory: Undo Object Allocation Succeeded                  0 / 2                 0 / 8                 0 / 8                 0 / 8           ops/s
[220.091s][info][gc,stats    ]      Memory: Undo Page Allocation                              1 / 2                 1 / 10                1 / 10                1 / 10          ops/s
[220.091s][info][gc,stats    ]       Phase: Concurrent Mark                              22.967 / 27.589       22.553 / 38.107       22.553 / 38.107       22.553 / 38.107      ms
[220.091s][info][gc,stats    ]       Phase: Concurrent Mark Continue                      0.000 / 0.000         0.000 / 0.000         0.000 / 0.000         0.000 / 0.000       ms
[220.091s][info][gc,stats    ]       Phase: Concurrent Mark Free                          0.001 / 0.002         0.001 / 0.002         0.001 / 0.002         0.001 / 0.002       ms
[220.091s][info][gc,stats    ]       Phase: Concurrent Process Non-Strong References      5.720 / 7.385         4.821 / 7.613         4.821 / 7.613         4.821 / 7.613       ms
[220.091s][info][gc,stats    ]       Phase: Concurrent Relocate                           3.584 / 6.894         3.598 / 8.950         3.598 / 8.950         3.598 / 8.950       ms
[220.091s][info][gc,stats    ]       Phase: Concurrent Reset Relocation Set               0.007 / 0.011         0.007 / 0.015         0.007 / 0.015         0.007 / 0.015       ms
[220.091s][info][gc,stats    ]       Phase: Concurrent Select Relocation Set              4.092 / 5.008         4.411 / 14.681        4.411 / 14.681        4.411 / 14.681      ms
[220.091s][info][gc,stats    ]       Phase: Pause Mark End                                0.016 / 0.019         0.017 / 0.021         0.017 / 0.021         0.017 / 0.021       ms
[220.091s][info][gc,stats    ]       Phase: Pause Mark Start                              0.017 / 0.019         0.017 / 0.027         0.017 / 0.027         0.017 / 0.027       ms
[220.091s][info][gc,stats    ]       Phase: Pause Relocate Start                          0.008 / 0.010         0.009 / 0.012         0.009 / 0.012         0.009 / 0.012       ms
[220.091s][info][gc,stats    ]    Subphase: Concurrent Classes Purge                      0.005 / 0.006         0.017 / 0.583         0.017 / 0.583         0.017 / 0.583       ms
[220.091s][info][gc,stats    ]    Subphase: Concurrent Classes Unlink                     4.870 / 6.135         3.949 / 6.135         3.949 / 6.135         3.949 / 6.135       ms
[220.091s][info][gc,stats    ]    Subphase: Concurrent Mark                              17.529 / 24.999       15.411 / 34.990       15.411 / 34.990       15.411 / 34.990      ms
[220.091s][info][gc,stats    ]    Subphase: Concurrent Mark Try Flush                     0.058 / 0.102         0.060 / 0.187         0.060 / 0.187         0.060 / 0.187       ms
[220.091s][info][gc,stats    ]    Subphase: Concurrent Mark Try Terminate                 3.847 / 15.701        3.394 / 16.488        3.394 / 16.488        3.394 / 16.488      ms
[220.092s][info][gc,stats    ]    Subphase: Concurrent References Enqueue                 0.000 / 0.000         0.000 / 0.005         0.000 / 0.005         0.000 / 0.005       ms
[220.092s][info][gc,stats    ]    Subphase: Concurrent References Process                 0.036 / 0.056         0.047 / 0.114         0.047 / 0.114         0.047 / 0.114       ms
[220.092s][info][gc,stats    ]    Subphase: Concurrent Roots ClassLoaderDataGraph         0.174 / 0.335         0.155 / 0.631         0.155 / 0.631         0.155 / 0.631       ms
[220.092s][info][gc,stats    ]    Subphase: Concurrent Roots CodeCache                    0.000 / 0.000         0.000 / 0.000         0.000 / 0.000         0.000 / 0.000       ms
[220.092s][info][gc,stats    ]    Subphase: Concurrent Roots JavaThreads                  1.185 / 2.198         0.967 / 2.289         0.967 / 2.289         0.967 / 2.289       ms
[220.092s][info][gc,stats    ]    Subphase: Concurrent Roots OopStorageSet                0.036 / 0.062         0.032 / 0.136         0.032 / 0.136         0.032 / 0.136       ms
[220.092s][info][gc,stats    ]    Subphase: Concurrent Weak Roots OopStorageSet           0.432 / 1.079         0.395 / 1.768         0.395 / 1.768         0.395 / 1.768       ms
[220.092s][info][gc,stats    ]    Subphase: Pause Mark Try Complete                       0.000 / 0.000         0.000 / 0.000         0.000 / 0.000         0.000 / 0.000       ms
[220.092s][info][gc,stats    ]      System: Java Threads                                     38 / 40               35 / 41               35 / 41               35 / 41          threads
[220.092s][info][gc,stats    ] =========================================================================================================================================================
[220.117s][info][gc,phases   ] GC(192) Concurrent Mark 26.568ms
[220.117s][info][gc,phases   ] GC(192) Pause Mark End 0.013ms
[220.117s][info][gc,phases   ] GC(192) Concurrent Mark Free 0.001ms
[220.122s][info][gc,phases   ] GC(192) Concurrent Process Non-Strong References 5.274ms
[220.122s][info][gc,phases   ] GC(192) Concurrent Reset Relocation Set 0.005ms
[220.127s][info][gc,phases   ] GC(192) Concurrent Select Relocation Set 4.451ms
[220.127s][info][gc,phases   ] GC(192) Pause Relocate Start 0.006ms
[220.131s][info][gc,phases   ] GC(192) Concurrent Relocate 4.077ms
[220.131s][info][gc,load     ] GC(192) Load: 0.00/0.00/0.00
[220.131s][info][gc,mmu      ] GC(192) MMU: 2ms/98.6%, 5ms/99.5%, 10ms/99.6%, 20ms/99.8%, 50ms/99.9%, 100ms/99.9%
[220.131s][info][gc,marking  ] GC(192) Mark: 1 stripe(s), 2 proactive flush(es), 1 terminate flush(es), 0 completion(s), 0 continuation(s) 
[220.131s][info][gc,marking  ] GC(192) Mark Stack Usage: 32M
[220.131s][info][gc,nmethod  ] GC(192) NMethods: 1996 registered, 361 unregistered
[220.131s][info][gc,metaspace] GC(192) Metaspace: 9M used, 10M committed, 1088M reserved
[220.131s][info][gc,ref      ] GC(192) Soft: 214 encountered, 0 discovered, 0 enqueued
[220.132s][info][gc,ref      ] GC(192) Weak: 811 encountered, 9 discovered, 0 enqueued
[220.132s][info][gc,ref      ] GC(192) Final: 0 encountered, 0 discovered, 0 enqueued
[220.132s][info][gc,ref      ] GC(192) Phantom: 27 encountered, 14 discovered, 0 enqueued
[220.132s][info][gc,reloc    ] GC(192) Small Pages: 209 / 418M, Empty: 334M, Relocated: 1M, In-Place: 0
[220.132s][info][gc,reloc    ] GC(192) Medium Pages: 0 / 0M, Empty: 0M, Relocated: 0M, In-Place: 0
[220.132s][info][gc,reloc    ] GC(192) Large Pages: 0 / 0M, Empty: 0M, Relocated: 0M, In-Place: 0
[220.132s][info][gc,reloc    ] GC(192) Forwarding Usage: 0M
[220.132s][info][gc,heap     ] GC(192) Min Capacity: 8M(2%)
[220.132s][info][gc,heap     ] GC(192) Max Capacity: 512M(100%)
[220.132s][info][gc,heap     ] GC(192) Soft Max Capacity: 512M(100%)
[220.132s][info][gc,heap     ] GC(192)                Mark Start          Mark End        Relocate Start      Relocate End           High               Low         
[220.132s][info][gc,heap     ] GC(192)  Capacity:      512M (100%)        512M (100%)        512M (100%)        512M (100%)        512M (100%)        512M (100%)   
[220.132s][info][gc,heap     ] GC(192)      Free:       94M (18%)          84M (16%)         416M (81%)         490M (96%)         490M (96%)          82M (16%)    
[220.132s][info][gc,heap     ] GC(192)      Used:      418M (82%)         428M (84%)          96M (19%)          22M (4%)          430M (84%)          22M (4%)     
[220.132s][info][gc,heap     ] GC(192)      Live:         -                 6M (1%)            6M (1%)            6M (1%)             -                  -          
[220.132s][info][gc,heap     ] GC(192) Allocated:         -                10M (2%)           12M (2%)           13M (3%)             -                  -          
[220.132s][info][gc,heap     ] GC(192)   Garbage:         -               411M (80%)          77M (15%)           1M (0%)             -                  -          
[220.132s][info][gc,heap     ] GC(192) Reclaimed:         -                  -               334M (65%)         409M (80%)            -                  -          
[220.132s][info][gc          ] GC(192) Garbage Collection (Allocation Rate) 418M(82%)->22M(4%)
[221.385s][info][gc,start    ] GC(193) Garbage Collection (Allocation Rate)
[221.385s][info][gc,task     ] GC(193) Using 1 workers
[221.385s][info][gc,phases   ] GC(193) Pause Mark Start 0.019ms
[221.410s][info][gc,phases   ] GC(193) Concurrent Mark 24.998ms
[221.410s][info][gc,phases   ] GC(193) Pause Mark End 0.016ms
[221.411s][info][gc,phases   ] GC(193) Concurrent Mark Free 0.002ms
[221.418s][info][gc,phases   ] GC(193) Concurrent Process Non-Strong References 7.083ms
[221.418s][info][gc,phases   ] GC(193) Concurrent Reset Relocation Set 0.007ms
[221.422s][info][gc,phases   ] GC(193) Concurrent Select Relocation Set 4.290ms
[221.422s][info][gc,phases   ] GC(193) Pause Relocate Start 0.008ms
[221.425s][info][gc,phases   ] GC(193) Concurrent Relocate 2.768ms
[221.425s][info][gc,load     ] GC(193) Load: 0.00/0.00/0.00
[221.425s][info][gc,mmu      ] GC(193) MMU: 2ms/98.6%, 5ms/99.5%, 10ms/99.6%, 20ms/99.8%, 50ms/99.9%, 100ms/99.9%
[221.425s][info][gc,marking  ] GC(193) Mark: 1 stripe(s), 2 proactive flush(es), 1 terminate flush(es), 0 completion(s), 0 continuation(s) 
[221.425s][info][gc,marking  ] GC(193) Mark Stack Usage: 32M
[221.425s][info][gc,nmethod  ] GC(193) NMethods: 1996 registered, 361 unregistered
[221.425s][info][gc,metaspace] GC(193) Metaspace: 9M used, 10M committed, 1088M reserved
[221.425s][info][gc,ref      ] GC(193) Soft: 214 encountered, 0 discovered, 0 enqueued
[221.425s][info][gc,ref      ] GC(193) Weak: 811 encountered, 9 discovered, 0 enqueued
[221.425s][info][gc,ref      ] GC(193) Final: 0 encountered, 0 discovered, 0 enqueued
[221.425s][info][gc,ref      ] GC(193) Phantom: 27 encountered, 14 discovered, 0 enqueued
[221.425s][info][gc,reloc    ] GC(193) Small Pages: 212 / 424M, Empty: 380M, Relocated: 1M, In-Place: 0
[221.426s][info][gc,reloc    ] GC(193) Medium Pages: 0 / 0M, Empty: 0M, Relocated: 0M, In-Place: 0
[221.426s][info][gc,reloc    ] GC(193) Large Pages: 0 / 0M, Empty: 0M, Relocated: 0M, In-Place: 0
[221.426s][info][gc,reloc    ] GC(193) Forwarding Usage: 0M
[221.426s][info][gc,heap     ] GC(193) Min Capacity: 8M(2%)
[221.426s][info][gc,heap     ] GC(193) Max Capacity: 512M(100%)
[221.426s][info][gc,heap     ] GC(193) Soft Max Capacity: 512M(100%)
[221.426s][info][gc,heap     ] GC(193)                Mark Start          Mark End        Relocate Start      Relocate End           High               Low         
[221.426s][info][gc,heap     ] GC(193)  Capacity:      512M (100%)        512M (100%)        512M (100%)        512M (100%)        512M (100%)        512M (100%)   
[221.426s][info][gc,heap     ] GC(193)      Free:       88M (17%)          76M (15%)         454M (89%)         488M (95%)         488M (95%)          74M (14%)    
[221.426s][info][gc,heap     ] GC(193)      Used:      424M (83%)         436M (85%)          58M (11%)          24M (5%)          438M (86%)          24M (5%)     
[221.426s][info][gc,heap     ] GC(193)      Live:         -                 6M (1%)            6M (1%)            6M (1%)             -                  -          
[221.426s][info][gc,heap     ] GC(193) Allocated:         -                12M (2%)           14M (3%)           15M (3%)             -                  -          
[221.426s][info][gc,heap     ] GC(193)   Garbage:         -               417M (82%)          37M (7%)            1M (0%)             -                  -          
[221.426s][info][gc,heap     ] GC(193) Reclaimed:         -                  -               380M (74%)         415M (81%)            -                  -          
[221.426s][info][gc          ] GC(193) Garbage Collection (Allocation Rate) 424M(83%)->24M(5%)
[221.812s][info][gc,start    ] GC(194) Garbage Collection (System.gc())
[221.812s][info][gc,task     ] GC(194) Using 5 workers
[221.812s][info][gc,phases   ] GC(194) Pause Mark Start 0.016ms
[221.829s][info][gc,phases   ] GC(194) Concurrent Mark 17.581ms
[221.830s][info][gc,phases   ] GC(194) Pause Mark End 0.018ms
[221.830s][info][gc,phases   ] GC(194) Concurrent Mark Free 0.001ms
[221.831s][info][gc,phases   ] GC(194) Concurrent Process Non-Strong References 1.761ms
[221.832s][info][gc,phases   ] GC(194) Concurrent Reset Relocation Set 0.003ms
[221.835s][info][gc,phases   ] GC(194) Concurrent Select Relocation Set 3.734ms
[221.835s][info][gc,phases   ] GC(194) Pause Relocate Start 0.007ms
[221.837s][info][gc,phases   ] GC(194) Concurrent Relocate 1.503ms
[221.837s][info][gc,load     ] GC(194) Load: 0.00/0.00/0.00
[221.837s][info][gc,mmu      ] GC(194) MMU: 2ms/98.6%, 5ms/99.5%, 10ms/99.6%, 20ms/99.8%, 50ms/99.9%, 100ms/99.9%
[221.837s][info][gc,marking  ] GC(194) Mark: 4 stripe(s), 1 proactive flush(es), 1 terminate flush(es), 0 completion(s), 0 continuation(s) 
[221.837s][info][gc,marking  ] GC(194) Mark Stack Usage: 32M
[221.837s][info][gc,nmethod  ] GC(194) NMethods: 2001 registered, 361 unregistered
[221.837s][info][gc,metaspace] GC(194) Metaspace: 9M used, 10M committed, 1088M reserved
[221.837s][info][gc,ref      ] GC(194) Soft: 214 encountered, 0 discovered, 0 enqueued
[221.837s][info][gc,ref      ] GC(194) Weak: 811 encountered, 385 discovered, 0 enqueued
[221.837s][info][gc,ref      ] GC(194) Final: 0 encountered, 0 discovered, 0 enqueued
[221.837s][info][gc,ref      ] GC(194) Phantom: 27 encountered, 21 discovered, 0 enqueued
[221.837s][info][gc,reloc    ] GC(194) Small Pages: 73 / 146M, Empty: 134M, Relocated: 1M, In-Place: 0
[221.837s][info][gc,reloc    ] GC(194) Medium Pages: 0 / 0M, Empty: 0M, Relocated: 0M, In-Place: 0
[221.837s][info][gc,reloc    ] GC(194) Large Pages: 0 / 0M, Empty: 0M, Relocated: 0M, In-Place: 0
[221.837s][info][gc,reloc    ] GC(194) Forwarding Usage: 0M
[221.837s][info][gc,heap     ] GC(194) Min Capacity: 8M(2%)
[221.837s][info][gc,heap     ] GC(194) Max Capacity: 512M(100%)
[221.837s][info][gc,heap     ] GC(194) Soft Max Capacity: 512M(100%)
[221.837s][info][gc,heap     ] GC(194)                Mark Start          Mark End        Relocate Start      Relocate End           High               Low         
[221.838s][info][gc,heap     ] GC(194)  Capacity:      512M (100%)        512M (100%)        512M (100%)        512M (100%)        512M (100%)        512M (100%)   
[221.838s][info][gc,heap     ] GC(194)      Free:      366M (71%)         366M (71%)         500M (98%)         500M (98%)         500M (98%)         366M (71%)    
[221.838s][info][gc,heap     ] GC(194)      Used:      146M (29%)         146M (29%)          12M (2%)           12M (2%)          146M (29%)          12M (2%)     
[221.838s][info][gc,heap     ] GC(194)      Live:         -                 4M (1%)            4M (1%)            4M (1%)             -                  -          
[221.838s][info][gc,heap     ] GC(194) Allocated:         -                 0M (0%)            0M (0%)            0M (0%)             -                  -          
[221.838s][info][gc,heap     ] GC(194)   Garbage:         -               141M (28%)           7M (1%)            7M (1%)             -                  -          
[221.838s][info][gc,heap     ] GC(194) Reclaimed:         -                  -               134M (26%)         134M (26%)            -                  -          
[221.838s][info][gc          ] GC(194) Garbage Collection (System.gc()) 146M(29%)->12M(2%)
[222.984s][info][gc,start    ] GC(195) Garbage Collection (Allocation Rate)
[222.984s][info][gc,task     ] GC(195) Using 1 workers
[222.984s][info][gc,phases   ] GC(195) Pause Mark Start 0.018ms
[223.012s][info][gc,phases   ] GC(195) Concurrent Mark 27.425ms
[223.012s][info][gc,phases   ] GC(195) Pause Mark End 0.015ms
[223.012s][info][gc,phases   ] GC(195) Concurrent Mark Free 0.002ms
[223.019s][info][gc,phases   ] GC(195) Concurrent Process Non-Strong References 7.242ms
[223.020s][info][gc,phases   ] GC(195) Concurrent Reset Relocation Set 0.002ms
[223.025s][info][gc,phases   ] GC(195) Concurrent Select Relocation Set 5.150ms
[223.025s][info][gc,phases   ] GC(195) Pause Relocate Start 0.010ms
[223.032s][info][gc,phases   ] GC(195) Concurrent Relocate 6.994ms
[223.032s][info][gc,load     ] GC(195) Load: 0.00/0.00/0.00
[223.032s][info][gc,mmu      ] GC(195) MMU: 2ms/98.6%, 5ms/99.5%, 10ms/99.6%, 20ms/99.8%, 50ms/99.9%, 100ms/99.9%
[223.032s][info][gc,marking  ] GC(195) Mark: 1 stripe(s), 2 proactive flush(es), 1 terminate flush(es), 0 completion(s), 0 continuation(s) 
[223.032s][info][gc,marking  ] GC(195) Mark Stack Usage: 32M
[223.032s][info][gc,nmethod  ] GC(195) NMethods: 2002 registered, 361 unregistered
[223.032s][info][gc,metaspace] GC(195) Metaspace: 9M used, 10M committed, 1088M reserved
[223.032s][info][gc,ref      ] GC(195) Soft: 214 encountered, 0 discovered, 0 enqueued
[223.032s][info][gc,ref      ] GC(195) Weak: 811 encountered, 9 discovered, 0 enqueued
[223.032s][info][gc,ref      ] GC(195) Final: 0 encountered, 0 discovered, 0 enqueued
[223.032s][info][gc,ref      ] GC(195) Phantom: 27 encountered, 14 discovered, 0 enqueued
[223.032s][info][gc,reloc    ] GC(195) Small Pages: 192 / 384M, Empty: 240M, Relocated: 2M, In-Place: 0
[223.032s][info][gc,reloc    ] GC(195) Medium Pages: 0 / 0M, Empty: 0M, Relocated: 0M, In-Place: 0
[223.032s][info][gc,reloc    ] GC(195) Large Pages: 0 / 0M, Empty: 0M, Relocated: 0M, In-Place: 0
[223.032s][info][gc,reloc    ] GC(195) Forwarding Usage: 1M
[223.032s][info][gc,heap     ] GC(195) Min Capacity: 8M(2%)
[223.032s][info][gc,heap     ] GC(195) Max Capacity: 512M(100%)
[223.032s][info][gc,heap     ] GC(195) Soft Max Capacity: 512M(100%)
[223.032s][info][gc,heap     ] GC(195)                Mark Start          Mark End        Relocate Start      Relocate End           High               Low         
[223.033s][info][gc,heap     ] GC(195)  Capacity:      512M (100%)        512M (100%)        512M (100%)        512M (100%)        512M (100%)        512M (100%)   
[223.033s][info][gc,heap     ] GC(195)      Free:      128M (25%)         118M (23%)         354M (69%)         486M (95%)         488M (95%)         116M (23%)    
[223.033s][info][gc,heap     ] GC(195)      Used:      384M (75%)         394M (77%)         158M (31%)          26M (5%)          396M (77%)          24M (5%)     
[223.033s][info][gc,heap     ] GC(195)      Live:         -                 6M (1%)            6M (1%)            6M (1%)             -                  -          
[223.033s][info][gc,heap     ] GC(195) Allocated:         -                10M (2%)           14M (3%)           17M (4%)             -                  -          
[223.033s][info][gc,heap     ] GC(195)   Garbage:         -               377M (74%)         137M (27%)           1M (0%)             -                  -          
[223.033s][info][gc,heap     ] GC(195) Reclaimed:         -                  -               240M (47%)         375M (73%)            -                  -          
[223.033s][info][gc          ] GC(195) Garbage Collection (Allocation Rate) 384M(75%)->26M(5%)
[224.279s][info][gc,start    ] GC(196) Garbage Collection (Allocation Rate)
[224.279s][info][gc,task     ] GC(196) Using 1 workers
[224.279s][info][gc,phases   ] GC(196) Pause Mark Start 0.017ms
[224.307s][info][gc,phases   ] GC(196) Concurrent Mark 27.755ms
[224.307s][info][gc,phases   ] GC(196) Pause Mark End 0.015ms
[224.308s][info][gc,phases   ] GC(196) Concurrent Mark Free 0.001ms
[224.315s][info][gc,phases   ] GC(196) Concurrent Process Non-Strong References 7.375ms
[224.315s][info][gc,phases   ] GC(196) Concurrent Reset Relocation Set 0.012ms
[224.319s][info][gc,phases   ] GC(196) Concurrent Select Relocation Set 3.934ms
[224.319s][info][gc,phases   ] GC(196) Pause Relocate Start 0.005ms
[224.323s][info][gc,phases   ] GC(196) Concurrent Relocate 3.824ms
[224.323s][info][gc,load     ] GC(196) Load: 0.00/0.00/0.00
[224.323s][info][gc,mmu      ] GC(196) MMU: 2ms/98.6%, 5ms/99.5%, 10ms/99.6%, 20ms/99.8%, 50ms/99.9%, 100ms/99.9%
[224.323s][info][gc,marking  ] GC(196) Mark: 1 stripe(s), 2 proactive flush(es), 1 terminate flush(es), 0 completion(s), 0 continuation(s) 
[224.323s][info][gc,marking  ] GC(196) Mark Stack Usage: 32M
[224.323s][info][gc,nmethod  ] GC(196) NMethods: 2002 registered, 361 unregistered
[224.323s][info][gc,metaspace] GC(196) Metaspace: 9M used, 10M committed, 1088M reserved
[224.323s][info][gc,ref      ] GC(196) Soft: 214 encountered, 0 discovered, 0 enqueued
[224.323s][info][gc,ref      ] GC(196) Weak: 811 encountered, 189 discovered, 0 enqueued
[224.323s][info][gc,ref      ] GC(196) Final: 0 encountered, 0 discovered, 0 enqueued
[224.323s][info][gc,ref      ] GC(196) Phantom: 27 encountered, 25 discovered, 0 enqueued
[224.323s][info][gc,reloc    ] GC(196) Small Pages: 208 / 416M, Empty: 314M, Relocated: 1M, In-Place: 0
[224.323s][info][gc,reloc    ] GC(196) Medium Pages: 0 / 0M, Empty: 0M, Relocated: 0M, In-Place: 0
[224.323s][info][gc,reloc    ] GC(196) Large Pages: 0 / 0M, Empty: 0M, Relocated: 0M, In-Place: 0
[224.324s][info][gc,reloc    ] GC(196) Forwarding Usage: 0M
[224.324s][info][gc,heap     ] GC(196) Min Capacity: 8M(2%)
[224.324s][info][gc,heap     ] GC(196) Max Capacity: 512M(100%)
[224.324s][info][gc,heap     ] GC(196) Soft Max Capacity: 512M(100%)
[224.324s][info][gc,heap     ] GC(196)                Mark Start          Mark End        Relocate Start      Relocate End           High               Low         
[224.324s][info][gc,heap     ] GC(196)  Capacity:      512M (100%)        512M (100%)        512M (100%)        512M (100%)        512M (100%)        512M (100%)   
[224.324s][info][gc,heap     ] GC(196)      Free:       96M (19%)          84M (16%)         396M (77%)         488M (95%)         488M (95%)          82M (16%)    
[224.324s][info][gc,heap     ] GC(196)      Used:      416M (81%)         428M (84%)         116M (23%)          24M (5%)          430M (84%)          24M (5%)     
[224.324s][info][gc,heap     ] GC(196)      Live:         -                 6M (1%)            6M (1%)            6M (1%)             -                  -          
[224.324s][info][gc,heap     ] GC(196) Allocated:         -                12M (2%)           14M (3%)           15M (3%)             -                  -          
[224.324s][info][gc,heap     ] GC(196)   Garbage:         -               409M (80%)          95M (19%)           1M (0%)             -                  -          
[224.324s][info][gc,heap     ] GC(196) Reclaimed:         -                  -               314M (61%)         407M (80%)            -                  -          
[224.324s][info][gc          ] GC(196) Garbage Collection (Allocation Rate) 416M(81%)->24M(5%)
[225.583s][info][gc,start    ] GC(197) Garbage Collection (Allocation Rate)
[225.583s][info][gc,task     ] GC(197) Using 1 workers
[225.583s][info][gc,phases   ] GC(197) Pause Mark Start 0.019ms
[225.608s][info][gc,phases   ] GC(197) Concurrent Mark 25.090ms
[225.609s][info][gc,phases   ] GC(197) Pause Mark End 0.016ms
[225.609s][info][gc,phases   ] GC(197) Concurrent Mark Free 0.001ms
[225.616s][info][gc,phases   ] GC(197) Concurrent Process Non-Strong References 7.029ms
[225.616s][info][gc,phases   ] GC(197) Concurrent Reset Relocation Set 0.007ms
[225.620s][info][gc,phases   ] GC(197) Concurrent Select Relocation Set 3.825ms
[225.620s][info][gc,phases   ] GC(197) Pause Relocate Start 0.010ms
[225.624s][info][gc,phases   ] GC(197) Concurrent Relocate 3.819ms
[225.624s][info][gc,load     ] GC(197) Load: 0.00/0.00/0.00
[225.624s][info][gc,mmu      ] GC(197) MMU: 2ms/98.6%, 5ms/99.5%, 10ms/99.6%, 20ms/99.8%, 50ms/99.9%, 100ms/99.9%
[225.624s][info][gc,marking  ] GC(197) Mark: 1 stripe(s), 2 proactive flush(es), 1 terminate flush(es), 0 completion(s), 0 continuation(s) 
[225.624s][info][gc,marking  ] GC(197) Mark Stack Usage: 32M
[225.624s][info][gc,nmethod  ] GC(197) NMethods: 2002 registered, 361 unregistered
[225.624s][info][gc,metaspace] GC(197) Metaspace: 9M used, 10M committed, 1088M reserved
[225.624s][info][gc,ref      ] GC(197) Soft: 214 encountered, 0 discovered, 0 enqueued
[225.624s][info][gc,ref      ] GC(197) Weak: 811 encountered, 9 discovered, 0 enqueued
[225.624s][info][gc,ref      ] GC(197) Final: 0 encountered, 0 discovered, 0 enqueued
[225.624s][info][gc,ref      ] GC(197) Phantom: 27 encountered, 14 discovered, 0 enqueued
[225.624s][info][gc,reloc    ] GC(197) Small Pages: 212 / 424M, Empty: 344M, Relocated: 1M, In-Place: 0
[225.624s][info][gc,reloc    ] GC(197) Medium Pages: 0 / 0M, Empty: 0M, Relocated: 0M, In-Place: 0
[225.624s][info][gc,reloc    ] GC(197) Large Pages: 0 / 0M, Empty: 0M, Relocated: 0M, In-Place: 0
[225.624s][info][gc,reloc    ] GC(197) Forwarding Usage: 0M
[225.624s][info][gc,heap     ] GC(197) Min Capacity: 8M(2%)
[225.624s][info][gc,heap     ] GC(197) Max Capacity: 512M(100%)
[225.624s][info][gc,heap     ] GC(197) Soft Max Capacity: 512M(100%)
[225.624s][info][gc,heap     ] GC(197)                Mark Start          Mark End        Relocate Start      Relocate End           High               Low         
[225.624s][info][gc,heap     ] GC(197)  Capacity:      512M (100%)        512M (100%)        512M (100%)        512M (100%)        512M (100%)        512M (100%)   
[225.624s][info][gc,heap     ] GC(197)      Free:       88M (17%)          78M (15%)         420M (82%)         490M (96%)         490M (96%)          76M (15%)    
[225.624s][info][gc,heap     ] GC(197)      Used:      424M (83%)         434M (85%)          92M (18%)          22M (4%)          436M (85%)          22M (4%)     
[225.624s][info][gc,heap     ] GC(197)      Live:         -                 6M (1%)            6M (1%)            6M (1%)             -                  -          
[225.624s][info][gc,heap     ] GC(197) Allocated:         -                10M (2%)           12M (2%)           13M (3%)             -                  -          
[225.624s][info][gc,heap     ] GC(197)   Garbage:         -               417M (82%)          73M (14%)           1M (0%)             -                  -          
[225.624s][info][gc,heap     ] GC(197) Reclaimed:         -                  -               344M (67%)         415M (81%)            -                  -          
[225.625s][info][gc          ] GC(197) Garbage Collection (Allocation Rate) 424M(83%)->22M(4%)
[226.676s][info][gc,start    ] GC(198) Garbage Collection (Proactive)
[226.676s][info][gc,task     ] GC(198) Using 5 workers
[226.677s][info][gc,phases   ] GC(198) Pause Mark Start 0.018ms
[226.692s][info][gc,phases   ] GC(198) Concurrent Mark 15.166ms
[226.692s][info][gc,phases   ] GC(198) Pause Mark End 0.020ms
[226.692s][info][gc,phases   ] GC(198) Concurrent Mark Free 0.002ms
[226.694s][info][gc,phases   ] GC(198) Concurrent Process Non-Strong References 1.680ms
[226.694s][info][gc,phases   ] GC(198) Concurrent Reset Relocation Set 0.005ms
[226.698s][info][gc,phases   ] GC(198) Concurrent Select Relocation Set 4.254ms
[226.698s][info][gc,phases   ] GC(198) Pause Relocate Start 0.008ms
[226.701s][info][gc,phases   ] GC(198) Concurrent Relocate 2.124ms
[226.701s][info][gc,load     ] GC(198) Load: 0.00/0.00/0.00
[226.701s][info][gc,mmu      ] GC(198) MMU: 2ms/98.6%, 5ms/99.5%, 10ms/99.6%, 20ms/99.8%, 50ms/99.9%, 100ms/99.9%
[226.701s][info][gc,marking  ] GC(198) Mark: 4 stripe(s), 2 proactive flush(es), 1 terminate flush(es), 0 completion(s), 0 continuation(s) 
[226.701s][info][gc,marking  ] GC(198) Mark Stack Usage: 32M
[226.701s][info][gc,nmethod  ] GC(198) NMethods: 2002 registered, 361 unregistered
[226.701s][info][gc,metaspace] GC(198) Metaspace: 9M used, 10M committed, 1088M reserved
[226.701s][info][gc,ref      ] GC(198) Soft: 214 encountered, 0 discovered, 0 enqueued
[226.701s][info][gc,ref      ] GC(198) Weak: 811 encountered, 142 discovered, 0 enqueued
[226.701s][info][gc,ref      ] GC(198) Final: 0 encountered, 0 discovered, 0 enqueued
[226.701s][info][gc,ref      ] GC(198) Phantom: 27 encountered, 22 discovered, 0 enqueued
[226.701s][info][gc,reloc    ] GC(198) Small Pages: 174 / 348M, Empty: 248M, Relocated: 1M, In-Place: 0
[226.701s][info][gc,reloc    ] GC(198) Medium Pages: 0 / 0M, Empty: 0M, Relocated: 0M, In-Place: 0
[226.701s][info][gc,reloc    ] GC(198) Large Pages: 0 / 0M, Empty: 0M, Relocated: 0M, In-Place: 0
[226.701s][info][gc,reloc    ] GC(198) Forwarding Usage: 0M
[226.701s][info][gc,heap     ] GC(198) Min Capacity: 8M(2%)
[226.701s][info][gc,heap     ] GC(198) Max Capacity: 512M(100%)
[226.701s][info][gc,heap     ] GC(198) Soft Max Capacity: 512M(100%)
[226.701s][info][gc,heap     ] GC(198)                Mark Start          Mark End        Relocate Start      Relocate End           High               Low         
[226.701s][info][gc,heap     ] GC(198)  Capacity:      512M (100%)        512M (100%)        512M (100%)        512M (100%)        512M (100%)        512M (100%)   
[226.701s][info][gc,heap     ] GC(198)      Free:      164M (32%)         158M (31%)         404M (79%)         488M (95%)         488M (95%)         158M (31%)    
[226.701s][info][gc,heap     ] GC(198)      Used:      348M (68%)         354M (69%)         108M (21%)          24M (5%)          354M (69%)          24M (5%)     
[226.701s][info][gc,heap     ] GC(198)      Live:         -                 6M (1%)            6M (1%)            6M (1%)             -                  -          
[226.701s][info][gc,heap     ] GC(198) Allocated:         -                 6M (1%)            8M (2%)            7M (2%)             -                  -          
[226.701s][info][gc,heap     ] GC(198)   Garbage:         -               341M (67%)          93M (18%)           9M (2%)             -                  -          
[226.702s][info][gc,heap     ] GC(198) Reclaimed:         -                  -               248M (48%)         331M (65%)            -                  -          
[226.702s][info][gc          ] GC(198) Garbage Collection (Proactive) 348M(68%)->24M(5%)
[227.879s][info][gc,start    ] GC(199) Garbage Collection (Allocation Rate)
[227.879s][info][gc,task     ] GC(199) Using 1 workers
[227.879s][info][gc,phases   ] GC(199) Pause Mark Start 0.018ms
[227.905s][info][gc,phases   ] GC(199) Concurrent Mark 25.671ms
[227.905s][info][gc,phases   ] GC(199) Pause Mark End 0.013ms
[227.905s][info][gc,phases   ] GC(199) Concurrent Mark Free 0.001ms
[227.913s][info][gc,phases   ] GC(199) Concurrent Process Non-Strong References 7.114ms
[227.913s][info][gc,phases   ] GC(199) Concurrent Reset Relocation Set 0.008ms
[227.917s][info][gc,phases   ] GC(199) Concurrent Select Relocation Set 4.171ms
[227.917s][info][gc,phases   ] GC(199) Pause Relocate Start 0.005ms
[227.921s][info][gc,phases   ] GC(199) Concurrent Relocate 4.213ms
[227.921s][info][gc,load     ] GC(199) Load: 0.00/0.00/0.00
[227.921s][info][gc,mmu      ] GC(199) MMU: 2ms/98.6%, 5ms/99.5%, 10ms/99.6%, 20ms/99.8%, 50ms/99.9%, 100ms/99.9%
[227.921s][info][gc,marking  ] GC(199) Mark: 1 stripe(s), 2 proactive flush(es), 1 terminate flush(es), 0 completion(s), 0 continuation(s) 
[227.921s][info][gc,marking  ] GC(199) Mark Stack Usage: 32M
[227.921s][info][gc,nmethod  ] GC(199) NMethods: 2002 registered, 361 unregistered
[227.921s][info][gc,metaspace] GC(199) Metaspace: 9M used, 10M committed, 1088M reserved
[227.921s][info][gc,ref      ] GC(199) Soft: 214 encountered, 0 discovered, 0 enqueued
[227.922s][info][gc,ref      ] GC(199) Weak: 811 encountered, 9 discovered, 0 enqueued
[227.922s][info][gc,ref      ] GC(199) Final: 0 encountered, 0 discovered, 0 enqueued
[227.922s][info][gc,ref      ] GC(199) Phantom: 27 encountered, 14 discovered, 0 enqueued
[227.922s][info][gc,reloc    ] GC(199) Small Pages: 208 / 416M, Empty: 330M, Relocated: 1M, In-Place: 0
[227.922s][info][gc,reloc    ] GC(199) Medium Pages: 0 / 0M, Empty: 0M, Relocated: 0M, In-Place: 0
[227.922s][info][gc,reloc    ] GC(199) Large Pages: 0 / 0M, Empty: 0M, Relocated: 0M, In-Place: 0
[227.922s][info][gc,reloc    ] GC(199) Forwarding Usage: 0M
[227.922s][info][gc,heap     ] GC(199) Min Capacity: 8M(2%)
[227.922s][info][gc,heap     ] GC(199) Max Capacity: 512M(100%)
[227.922s][info][gc,heap     ] GC(199) Soft Max Capacity: 512M(100%)
[227.922s][info][gc,heap     ] GC(199)                Mark Start          Mark End        Relocate Start      Relocate End           High               Low         
[227.922s][info][gc,heap     ] GC(199)  Capacity:      512M (100%)        512M (100%)        512M (100%)        512M (100%)        512M (100%)        512M (100%)   
[227.922s][info][gc,heap     ] GC(199)      Free:       96M (19%)          86M (17%)         412M (80%)         488M (95%)         488M (95%)          84M (16%)    
[227.922s][info][gc,heap     ] GC(199)      Used:      416M (81%)         426M (83%)         100M (20%)          24M (5%)          428M (84%)          24M (5%)     
[227.922s][info][gc,heap     ] GC(199)      Live:         -                 6M (1%)            6M (1%)            6M (1%)             -                  -          
[227.922s][info][gc,heap     ] GC(199) Allocated:         -                10M (2%)           14M (3%)           15M (3%)             -                  -          
[227.922s][info][gc,heap     ] GC(199)   Garbage:         -               409M (80%)          79M (16%)           1M (0%)             -                  -          
[227.922s][info][gc,heap     ] GC(199) Reclaimed:         -                  -               330M (64%)         407M (80%)            -                  -          
[227.922s][info][gc          ] GC(199) Garbage Collection (Allocation Rate) 416M(81%)->24M(5%)
[228.671s][info][gc,start    ] GC(200) Garbage Collection (System.gc())
[228.671s][info][gc,task     ] GC(200) Using 5 workers
[228.671s][info][gc,phases   ] GC(200) Pause Mark Start 0.019ms
[228.692s][info][gc,phases   ] GC(200) Concurrent Mark 19.965ms
[228.692s][info][gc,phases   ] GC(200) Pause Mark End 0.016ms
[228.692s][info][gc,phases   ] GC(200) Concurrent Mark Free 0.001ms
[228.694s][info][gc,phases   ] GC(200) Concurrent Process Non-Strong References 1.740ms
[228.694s][info][gc,phases   ] GC(200) Concurrent Reset Relocation Set 0.006ms
[228.697s][info][gc,phases   ] GC(200) Concurrent Select Relocation Set 3.752ms
[228.697s][info][gc,phases   ] GC(200) Pause Relocate Start 0.007ms
[228.699s][info][gc,phases   ] GC(200) Concurrent Relocate 1.624ms
[228.699s][info][gc,load     ] GC(200) Load: 0.00/0.00/0.00
[228.699s][info][gc,mmu      ] GC(200) MMU: 2ms/98.6%, 5ms/99.5%, 10ms/99.6%, 20ms/99.8%, 50ms/99.9%, 100ms/99.9%
[228.699s][info][gc,marking  ] GC(200) Mark: 4 stripe(s), 2 proactive flush(es), 1 terminate flush(es), 0 completion(s), 0 continuation(s) 
[228.699s][info][gc,marking  ] GC(200) Mark Stack Usage: 32M
[228.699s][info][gc,nmethod  ] GC(200) NMethods: 2002 registered, 365 unregistered
[228.699s][info][gc,metaspace] GC(200) Metaspace: 9M used, 10M committed, 1088M reserved
[228.699s][info][gc,ref      ] GC(200) Soft: 214 encountered, 0 discovered, 0 enqueued
[228.699s][info][gc,ref      ] GC(200) Weak: 811 encountered, 321 discovered, 0 enqueued
[228.699s][info][gc,ref      ] GC(200) Final: 0 encountered, 0 discovered, 0 enqueued
[228.699s][info][gc,ref      ] GC(200) Phantom: 27 encountered, 23 discovered, 0 enqueued
[228.700s][info][gc,reloc    ] GC(200) Small Pages: 133 / 266M, Empty: 254M, Relocated: 1M, In-Place: 0
[228.700s][info][gc,reloc    ] GC(200) Medium Pages: 0 / 0M, Empty: 0M, Relocated: 0M, In-Place: 0
[228.700s][info][gc,reloc    ] GC(200) Large Pages: 0 / 0M, Empty: 0M, Relocated: 0M, In-Place: 0
[228.700s][info][gc,reloc    ] GC(200) Forwarding Usage: 0M
[228.700s][info][gc,heap     ] GC(200) Min Capacity: 8M(2%)
[228.700s][info][gc,heap     ] GC(200) Max Capacity: 512M(100%)
[228.700s][info][gc,heap     ] GC(200) Soft Max Capacity: 512M(100%)
[228.700s][info][gc,heap     ] GC(200)                Mark Start          Mark End        Relocate Start      Relocate End           High               Low         
[228.700s][info][gc,heap     ] GC(200)  Capacity:      512M (100%)        512M (100%)        512M (100%)        512M (100%)        512M (100%)        512M (100%)   
[228.700s][info][gc,heap     ] GC(200)      Free:      246M (48%)         246M (48%)         500M (98%)         500M (98%)         500M (98%)         246M (48%)    
[228.700s][info][gc,heap     ] GC(200)      Used:      266M (52%)         266M (52%)          12M (2%)           12M (2%)          266M (52%)          12M (2%)     
[228.700s][info][gc,heap     ] GC(200)      Live:         -                 4M (1%)            4M (1%)            4M (1%)             -                  -          
[228.700s][info][gc,heap     ] GC(200) Allocated:         -                 0M (0%)            0M (0%)            0M (0%)             -                  -          
[228.700s][info][gc,heap     ] GC(200)   Garbage:         -               261M (51%)           7M (1%)            7M (1%)             -                  -          
[228.700s][info][gc,heap     ] GC(200) Reclaimed:         -                  -               254M (50%)         254M (50%)            -                  -          
[228.700s][info][gc          ] GC(200) Garbage Collection (System.gc()) 266M(52%)->12M(2%)
[229.879s][info][gc,start    ] GC(201) Garbage Collection (Allocation Rate)
[229.879s][info][gc,task     ] GC(201) Using 1 workers
[229.879s][info][gc,phases   ] GC(201) Pause Mark Start 0.019ms
[229.907s][info][gc,phases   ] GC(201) Concurrent Mark 27.638ms
[229.907s][info][gc,phases   ] GC(201) Pause Mark End 0.017ms
[229.907s][info][gc,phases   ] GC(201) Concurrent Mark Free 0.001ms
[229.914s][info][gc,phases   ] GC(201) Concurrent Process Non-Strong References 7.262ms
[229.914s][info][gc,phases   ] GC(201) Concurrent Reset Relocation Set 0.002ms
[229.920s][info][gc,phases   ] GC(201) Concurrent Select Relocation Set 5.099ms
[229.920s][info][gc,phases   ] GC(201) Pause Relocate Start 0.007ms
[229.925s][info][gc,phases   ] GC(201) Concurrent Relocate 5.234ms
[229.925s][info][gc,load     ] GC(201) Load: 0.00/0.00/0.00
[229.925s][info][gc,mmu      ] GC(201) MMU: 2ms/98.6%, 5ms/99.5%, 10ms/99.6%, 20ms/99.8%, 50ms/99.9%, 100ms/99.9%
[229.925s][info][gc,marking  ] GC(201) Mark: 1 stripe(s), 2 proactive flush(es), 1 terminate flush(es), 0 completion(s), 0 continuation(s) 
[229.925s][info][gc,marking  ] GC(201) Mark Stack Usage: 32M
[229.925s][info][gc,nmethod  ] GC(201) NMethods: 2003 registered, 365 unregistered
[229.925s][info][gc,metaspace] GC(201) Metaspace: 9M used, 10M committed, 1088M reserved
[229.925s][info][gc,ref      ] GC(201) Soft: 214 encountered, 0 discovered, 0 enqueued
[229.925s][info][gc,ref      ] GC(201) Weak: 811 encountered, 9 discovered, 0 enqueued
[229.925s][info][gc,ref      ] GC(201) Final: 0 encountered, 0 discovered, 0 enqueued
[229.925s][info][gc,ref      ] GC(201) Phantom: 27 encountered, 14 discovered, 0 enqueued
[229.925s][info][gc,reloc    ] GC(201) Small Pages: 191 / 382M, Empty: 224M, Relocated: 2M, In-Place: 0
[229.925s][info][gc,reloc    ] GC(201) Medium Pages: 0 / 0M, Empty: 0M, Relocated: 0M, In-Place: 0
[229.925s][info][gc,reloc    ] GC(201) Large Pages: 0 / 0M, Empty: 0M, Relocated: 0M, In-Place: 0
[229.925s][info][gc,reloc    ] GC(201) Forwarding Usage: 1M
[229.925s][info][gc,heap     ] GC(201) Min Capacity: 8M(2%)
[229.925s][info][gc,heap     ] GC(201) Max Capacity: 512M(100%)
[229.926s][info][gc,heap     ] GC(201) Soft Max Capacity: 512M(100%)
[229.926s][info][gc,heap     ] GC(201)                Mark Start          Mark End        Relocate Start      Relocate End           High               Low         
[229.926s][info][gc,heap     ] GC(201)  Capacity:      512M (100%)        512M (100%)        512M (100%)        512M (100%)        512M (100%)        512M (100%)   
[229.926s][info][gc,heap     ] GC(201)      Free:      130M (25%)         120M (23%)         340M (66%)         488M (95%)         488M (95%)         118M (23%)    
[229.926s][info][gc,heap     ] GC(201)      Used:      382M (75%)         392M (77%)         172M (34%)          24M (5%)          394M (77%)          24M (5%)     
[229.926s][info][gc,heap     ] GC(201)      Live:         -                 6M (1%)            6M (1%)            6M (1%)             -                  -          
[229.926s][info][gc,heap     ] GC(201) Allocated:         -                10M (2%)           14M (3%)           15M (3%)             -                  -          
[229.926s][info][gc,heap     ] GC(201)   Garbage:         -               375M (73%)         151M (30%)           1M (0%)             -                  -          
[229.926s][info][gc,heap     ] GC(201) Reclaimed:         -                  -               224M (44%)         373M (73%)            -                  -          
[229.926s][info][gc          ] GC(201) Garbage Collection (Allocation Rate) 382M(75%)->24M(5%)
[230.082s][info][gc,stats    ] === Garbage Collection Statistics =======================================================================================================================
[230.082s][info][gc,stats    ]                                                              Last 10s              Last 10m              Last 10h                Total
[230.082s][info][gc,stats    ]                                                              Avg / Max             Avg / Max             Avg / Max             Avg / Max
[230.082s][info][gc,stats    ]   Collector: Garbage Collection Cycle                     38.092 / 47.958       36.834 / 60.364       36.834 / 60.364       36.834 / 60.364      ms
[230.082s][info][gc,stats    ]  Contention: Mark Segment Reset Contention                     0 / 2                 0 / 6                 0 / 6                 0 / 6           ops/s
[230.082s][info][gc,stats    ]  Contention: Mark SeqNum Reset Contention                      0 / 0                 0 / 2                 0 / 2                 0 / 2           ops/s
[230.082s][info][gc,stats    ]    Critical: Allocation Stall                                  0 / 0                 0 / 0                 0 / 0                 0 / 0           ops/s
[230.082s][info][gc,stats    ]    Critical: Allocation Stall                              0.000 / 0.000         0.000 / 0.000         0.000 / 0.000         0.000 / 0.000       ms
[230.082s][info][gc,stats    ]    Critical: GC Locker Stall                                   0 / 0                 0 / 0                 0 / 0                 0 / 0           ops/s
[230.082s][info][gc,stats    ]    Critical: GC Locker Stall                               0.000 / 0.000         0.000 / 0.000         0.000 / 0.000         0.000 / 0.000       ms
[230.082s][info][gc,stats    ]    Critical: Relocation Stall                                  0 / 0                 0 / 0                 0 / 0                 0 / 0           ops/s
[230.082s][info][gc,stats    ]    Critical: Relocation Stall                              0.000 / 0.000         0.000 / 0.000         0.000 / 0.000         0.000 / 0.000       ms
[230.082s][info][gc,stats    ]      Memory: Allocation Rate                                 322 / 338             319 / 338             319 / 338             319 / 338         MB/s
[230.082s][info][gc,stats    ]      Memory: Defragment                                        0 / 0                 0 / 0                 0 / 0                 0 / 0           ops/s
[230.082s][info][gc,stats    ]      Memory: Out Of Memory                                     0 / 0                 0 / 0                 0 / 0                 0 / 0           ops/s
[230.082s][info][gc,stats    ]      Memory: Page Cache Flush                                  0 / 0                 0 / 0                 0 / 0                 0 / 0           MB/s
[230.082s][info][gc,stats    ]      Memory: Page Cache Hit L1                               163 / 170             161 / 174             161 / 174             161 / 174         ops/s
[230.082s][info][gc,stats    ]      Memory: Page Cache Hit L2                                 0 / 0                 0 / 0                 0 / 0                 0 / 0           ops/s
[230.082s][info][gc,stats    ]      Memory: Page Cache Hit L3                                 0 / 0                 1 / 77                1 / 77                1 / 77          ops/s
[230.082s][info][gc,stats    ]      Memory: Page Cache Miss                                   0 / 0                 0 / 1                 0 / 1                 0 / 1           ops/s
[230.082s][info][gc,stats    ]      Memory: Uncommit                                          0 / 0                 0 / 0                 0 / 0                 0 / 0           MB/s
[230.082s][info][gc,stats    ]      Memory: Undo Object Allocation Failed                     0 / 2                 0 / 6                 0 / 6                 0 / 6           ops/s
[230.082s][info][gc,stats    ]      Memory: Undo Object Allocation Succeeded                  0 / 1                 0 / 8                 0 / 8                 0 / 8           ops/s
[230.083s][info][gc,stats    ]      Memory: Undo Page Allocation                              2 / 5                 1 / 10                1 / 10                1 / 10          ops/s
[230.083s][info][gc,stats    ]       Phase: Concurrent Mark                              23.786 / 27.755       22.614 / 38.107       22.614 / 38.107       22.614 / 38.107      ms
[230.083s][info][gc,stats    ]       Phase: Concurrent Mark Continue                      0.000 / 0.000         0.000 / 0.000         0.000 / 0.000         0.000 / 0.000       ms
[230.083s][info][gc,stats    ]       Phase: Concurrent Mark Free                          0.001 / 0.002         0.001 / 0.002         0.001 / 0.002         0.001 / 0.002       ms
[230.083s][info][gc,stats    ]       Phase: Concurrent Process Non-Strong References      5.356 / 7.375         4.848 / 7.613         4.848 / 7.613         4.848 / 7.613       ms
[230.083s][info][gc,stats    ]       Phase: Concurrent Relocate                           3.618 / 6.994         3.599 / 8.950         3.599 / 8.950         3.599 / 8.950       ms
[230.083s][info][gc,stats    ]       Phase: Concurrent Reset Relocation Set               0.006 / 0.012         0.007 / 0.015         0.007 / 0.015         0.007 / 0.015       ms
[230.083s][info][gc,stats    ]       Phase: Concurrent Select Relocation Set              4.266 / 5.150         4.404 / 14.681        4.404 / 14.681        4.404 / 14.681      ms
[230.083s][info][gc,stats    ]       Phase: Pause Mark End                                0.016 / 0.020         0.017 / 0.021         0.017 / 0.021         0.017 / 0.021       ms
[230.083s][info][gc,stats    ]       Phase: Pause Mark Start                              0.018 / 0.019         0.017 / 0.027         0.017 / 0.027         0.017 / 0.027       ms
[230.083s][info][gc,stats    ]       Phase: Pause Relocate Start                          0.007 / 0.010         0.008 / 0.012         0.008 / 0.012         0.008 / 0.012       ms
[230.083s][info][gc,stats    ]    Subphase: Concurrent Classes Purge                      0.008 / 0.030         0.017 / 0.583         0.017 / 0.583         0.017 / 0.583       ms
[230.083s][info][gc,stats    ]    Subphase: Concurrent Classes Unlink                     4.435 / 6.114         3.973 / 6.135         3.973 / 6.135         3.973 / 6.135       ms
[230.083s][info][gc,stats    ]    Subphase: Concurrent Mark                              17.550 / 25.040       15.504 / 34.990       15.504 / 34.990       15.504 / 34.990      ms
[230.083s][info][gc,stats    ]    Subphase: Concurrent Mark Try Flush                     0.062 / 0.106         0.060 / 0.187         0.060 / 0.187         0.060 / 0.187       ms
[230.083s][info][gc,stats    ]    Subphase: Concurrent Mark Try Terminate                 4.427 / 14.788        3.440 / 16.488        3.440 / 16.488        3.440 / 16.488      ms
[230.083s][info][gc,stats    ]    Subphase: Concurrent References Enqueue                 0.000 / 0.001         0.000 / 0.005         0.000 / 0.005         0.000 / 0.005       ms
[230.083s][info][gc,stats    ]    Subphase: Concurrent References Process                 0.041 / 0.080         0.047 / 0.114         0.047 / 0.114         0.047 / 0.114       ms
[230.083s][info][gc,stats    ]    Subphase: Concurrent Roots ClassLoaderDataGraph         0.157 / 0.344         0.155 / 0.631         0.155 / 0.631         0.155 / 0.631       ms
[230.083s][info][gc,stats    ]    Subphase: Concurrent Roots CodeCache                    0.000 / 0.000         0.000 / 0.000         0.000 / 0.000         0.000 / 0.000       ms
[230.083s][info][gc,stats    ]    Subphase: Concurrent Roots JavaThreads                  1.151 / 2.250         0.975 / 2.289         0.975 / 2.289         0.975 / 2.289       ms
[230.083s][info][gc,stats    ]    Subphase: Concurrent Roots OopStorageSet                0.032 / 0.061         0.032 / 0.136         0.032 / 0.136         0.032 / 0.136       ms
[230.083s][info][gc,stats    ]    Subphase: Concurrent Weak Roots OopStorageSet           0.450 / 1.112         0.397 / 1.768         0.397 / 1.768         0.397 / 1.768       ms
[230.083s][info][gc,stats    ]    Subphase: Pause Mark Try Complete                       0.000 / 0.000         0.000 / 0.000         0.000 / 0.000         0.000 / 0.000       ms
[230.083s][info][gc,stats    ]      System: Java Threads                                     40 / 40               35 / 41               35 / 41               35 / 41          threads
[230.083s][info][gc,stats    ] =========================================================================================================================================================
[231.191s][info][gc,start    ] GC(202) Garbage Collection (Allocation Rate)
[231.191s][info][gc,task     ] GC(202) Using 1 workers
[231.191s][info][gc,phases   ] GC(202) Pause Mark Start 0.019ms
[231.219s][info][gc,phases   ] GC(202) Concurrent Mark 27.741ms
[231.219s][info][gc,phases   ] GC(202) Pause Mark End 0.019ms
[231.220s][info][gc,phases   ] GC(202) Concurrent Mark Free 0.002ms
[231.227s][info][gc,phases   ] GC(202) Concurrent Process Non-Strong References 7.404ms
[231.227s][info][gc,phases   ] GC(202) Concurrent Reset Relocation Set 0.010ms
[231.231s][info][gc,phases   ] GC(202) Concurrent Select Relocation Set 4.023ms
[231.231s][info][gc,phases   ] GC(202) Pause Relocate Start 0.007ms
[231.234s][info][gc,phases   ] GC(202) Concurrent Relocate 2.379ms
[231.234s][info][gc,load     ] GC(202) Load: 0.00/0.00/0.00
[231.234s][info][gc,mmu      ] GC(202) MMU: 2ms/98.6%, 5ms/99.5%, 10ms/99.6%, 20ms/99.8%, 50ms/99.9%, 100ms/99.9%
[231.234s][info][gc,marking  ] GC(202) Mark: 1 stripe(s), 2 proactive flush(es), 1 terminate flush(es), 0 completion(s), 0 continuation(s) 
[231.234s][info][gc,marking  ] GC(202) Mark Stack Usage: 32M
[231.234s][info][gc,nmethod  ] GC(202) NMethods: 2003 registered, 365 unregistered
[231.234s][info][gc,metaspace] GC(202) Metaspace: 9M used, 10M committed, 1088M reserved
[231.234s][info][gc,ref      ] GC(202) Soft: 214 encountered, 0 discovered, 0 enqueued
[231.234s][info][gc,ref      ] GC(202) Weak: 811 encountered, 9 discovered, 0 enqueued
[231.234s][info][gc,ref      ] GC(202) Final: 0 encountered, 0 discovered, 0 enqueued
[231.234s][info][gc,ref      ] GC(202) Phantom: 27 encountered, 14 discovered, 0 enqueued
[231.234s][info][gc,reloc    ] GC(202) Small Pages: 212 / 424M, Empty: 346M, Relocated: 1M, In-Place: 0
[231.234s][info][gc,reloc    ] GC(202) Medium Pages: 0 / 0M, Empty: 0M, Relocated: 0M, In-Place: 0
[231.234s][info][gc,reloc    ] GC(202) Large Pages: 0 / 0M, Empty: 0M, Relocated: 0M, In-Place: 0
[231.234s][info][gc,reloc    ] GC(202) Forwarding Usage: 0M
[231.234s][info][gc,heap     ] GC(202) Min Capacity: 8M(2%)
[231.234s][info][gc,heap     ] GC(202) Max Capacity: 512M(100%)
[231.234s][info][gc,heap     ] GC(202) Soft Max Capacity: 512M(100%)
[231.234s][info][gc,heap     ] GC(202)                Mark Start          Mark End        Relocate Start      Relocate End           High               Low         
[231.234s][info][gc,heap     ] GC(202)  Capacity:      512M (100%)        512M (100%)        512M (100%)        512M (100%)        512M (100%)        512M (100%)   
[231.234s][info][gc,heap     ] GC(202)      Free:       88M (17%)          76M (15%)         418M (82%)         488M (95%)         488M (95%)          74M (14%)    
[231.234s][info][gc,heap     ] GC(202)      Used:      424M (83%)         436M (85%)          94M (18%)          24M (5%)          438M (86%)          24M (5%)     
[231.235s][info][gc,heap     ] GC(202)      Live:         -                 6M (1%)            6M (1%)            6M (1%)             -                  -          
[231.235s][info][gc,heap     ] GC(202) Allocated:         -                12M (2%)           16M (3%)           15M (3%)             -                  -          
[231.235s][info][gc,heap     ] GC(202)   Garbage:         -               417M (82%)          71M (14%)           1M (0%)             -                  -          
[231.235s][info][gc,heap     ] GC(202) Reclaimed:         -                  -               346M (68%)         415M (81%)            -                  -          
[231.235s][info][gc          ] GC(202) Garbage Collection (Allocation Rate) 424M(83%)->24M(5%)
[232.487s][info][gc,start    ] GC(203) Garbage Collection (Allocation Rate)
[232.488s][info][gc,task     ] GC(203) Using 1 workers
[232.488s][info][gc,phases   ] GC(203) Pause Mark Start 0.018ms
[232.513s][info][gc,phases   ] GC(203) Concurrent Mark 24.839ms
[232.513s][info][gc,phases   ] GC(203) Pause Mark End 0.014ms
[232.513s][info][gc,phases   ] GC(203) Concurrent Mark Free 0.002ms
[232.520s][info][gc,phases   ] GC(203) Concurrent Process Non-Strong References 7.251ms
[232.520s][info][gc,phases   ] GC(203) Concurrent Reset Relocation Set 0.006ms
[232.525s][info][gc,phases   ] GC(203) Concurrent Select Relocation Set 4.407ms
[232.525s][info][gc,phases   ] GC(203) Pause Relocate Start 0.010ms
[232.528s][info][gc,phases   ] GC(203) Concurrent Relocate 2.655ms
[232.528s][info][gc,load     ] GC(203) Load: 0.00/0.00/0.00
[232.528s][info][gc,mmu      ] GC(203) MMU: 2ms/98.6%, 5ms/99.5%, 10ms/99.6%, 20ms/99.8%, 50ms/99.9%, 100ms/99.9%
[232.528s][info][gc,marking  ] GC(203) Mark: 1 stripe(s), 2 proactive flush(es), 1 terminate flush(es), 0 completion(s), 0 continuation(s) 
[232.528s][info][gc,marking  ] GC(203) Mark Stack Usage: 32M
[232.528s][info][gc,nmethod  ] GC(203) NMethods: 2003 registered, 365 unregistered
[232.528s][info][gc,metaspace] GC(203) Metaspace: 9M used, 10M committed, 1088M reserved
[232.528s][info][gc,ref      ] GC(203) Soft: 214 encountered, 0 discovered, 0 enqueued
[232.528s][info][gc,ref      ] GC(203) Weak: 811 encountered, 9 discovered, 0 enqueued
[232.528s][info][gc,ref      ] GC(203) Final: 0 encountered, 0 discovered, 0 enqueued
[232.528s][info][gc,ref      ] GC(203) Phantom: 27 encountered, 14 discovered, 0 enqueued
[232.528s][info][gc,reloc    ] GC(203) Small Pages: 211 / 422M, Empty: 314M, Relocated: 1M, In-Place: 0
[232.528s][info][gc,reloc    ] GC(203) Medium Pages: 0 / 0M, Empty: 0M, Relocated: 0M, In-Place: 0
[232.528s][info][gc,reloc    ] GC(203) Large Pages: 0 / 0M, Empty: 0M, Relocated: 0M, In-Place: 0
[232.528s][info][gc,reloc    ] GC(203) Forwarding Usage: 0M
[232.528s][info][gc,heap     ] GC(203) Min Capacity: 8M(2%)
[232.528s][info][gc,heap     ] GC(203) Max Capacity: 512M(100%)
[232.528s][info][gc,heap     ] GC(203) Soft Max Capacity: 512M(100%)
[232.528s][info][gc,heap     ] GC(203)                Mark Start          Mark End        Relocate Start      Relocate End           High               Low         
[232.528s][info][gc,heap     ] GC(203)  Capacity:      512M (100%)        512M (100%)        512M (100%)        512M (100%)        512M (100%)        512M (100%)   
[232.528s][info][gc,heap     ] GC(203)      Free:       90M (18%)          80M (16%)         390M (76%)         490M (96%)         490M (96%)          78M (15%)    
[232.528s][info][gc,heap     ] GC(203)      Used:      422M (82%)         432M (84%)         122M (24%)          22M (4%)          434M (85%)          22M (4%)     
[232.528s][info][gc,heap     ] GC(203)      Live:         -                 6M (1%)            6M (1%)            6M (1%)             -                  -          
[232.528s][info][gc,heap     ] GC(203) Allocated:         -                10M (2%)           14M (3%)           13M (3%)             -                  -          
[232.528s][info][gc,heap     ] GC(203)   Garbage:         -               415M (81%)         101M (20%)           1M (0%)             -                  -          
[232.528s][info][gc,heap     ] GC(203) Reclaimed:         -                  -               314M (61%)         413M (81%)            -                  -          
[232.528s][info][gc          ] GC(203) Garbage Collection (Allocation Rate) 422M(82%)->22M(4%)
[233.581s][info][gc,start    ] GC(204) Garbage Collection (Proactive)
[233.581s][info][gc,task     ] GC(204) Using 5 workers
[233.581s][info][gc,phases   ] GC(204) Pause Mark Start 0.018ms
[233.596s][info][gc,phases   ] GC(204) Concurrent Mark 15.162ms
[233.597s][info][gc,phases   ] GC(204) Pause Mark End 0.017ms
[233.597s][info][gc,phases   ] GC(204) Concurrent Mark Free 0.002ms
[233.599s][info][gc,phases   ] GC(204) Concurrent Process Non-Strong References 1.675ms
[233.599s][info][gc,phases   ] GC(204) Concurrent Reset Relocation Set 0.008ms
[233.602s][info][gc,phases   ] GC(204) Concurrent Select Relocation Set 3.798ms
[233.603s][info][gc,phases   ] GC(204) Pause Relocate Start 0.007ms
[233.604s][info][gc,phases   ] GC(204) Concurrent Relocate 1.836ms
[233.604s][info][gc,load     ] GC(204) Load: 0.00/0.00/0.00
[233.605s][info][gc,mmu      ] GC(204) MMU: 2ms/98.6%, 5ms/99.5%, 10ms/99.6%, 20ms/99.8%, 50ms/99.9%, 100ms/99.9%
[233.605s][info][gc,marking  ] GC(204) Mark: 4 stripe(s), 2 proactive flush(es), 1 terminate flush(es), 0 completion(s), 0 continuation(s) 
[233.605s][info][gc,marking  ] GC(204) Mark Stack Usage: 32M
[233.605s][info][gc,nmethod  ] GC(204) NMethods: 2003 registered, 365 unregistered
[233.605s][info][gc,metaspace] GC(204) Metaspace: 9M used, 10M committed, 1088M reserved
[233.605s][info][gc,ref      ] GC(204) Soft: 214 encountered, 0 discovered, 0 enqueued
[233.605s][info][gc,ref      ] GC(204) Weak: 811 encountered, 41 discovered, 0 enqueued
[233.605s][info][gc,ref      ] GC(204) Final: 0 encountered, 0 discovered, 0 enqueued
[233.605s][info][gc,ref      ] GC(204) Phantom: 27 encountered, 23 discovered, 0 enqueued
[233.605s][info][gc,reloc    ] GC(204) Small Pages: 177 / 354M, Empty: 252M, Relocated: 1M, In-Place: 0
[233.605s][info][gc,reloc    ] GC(204) Medium Pages: 0 / 0M, Empty: 0M, Relocated: 0M, In-Place: 0
[233.605s][info][gc,reloc    ] GC(204) Large Pages: 0 / 0M, Empty: 0M, Relocated: 0M, In-Place: 0
[233.605s][info][gc,reloc    ] GC(204) Forwarding Usage: 0M
[233.605s][info][gc,heap     ] GC(204) Min Capacity: 8M(2%)
[233.605s][info][gc,heap     ] GC(204) Max Capacity: 512M(100%)
[233.605s][info][gc,heap     ] GC(204) Soft Max Capacity: 512M(100%)
[233.605s][info][gc,heap     ] GC(204)                Mark Start          Mark End        Relocate Start      Relocate End           High               Low         
[233.605s][info][gc,heap     ] GC(204)  Capacity:      512M (100%)        512M (100%)        512M (100%)        512M (100%)        512M (100%)        512M (100%)   
[233.605s][info][gc,heap     ] GC(204)      Free:      158M (31%)         152M (30%)         402M (79%)         486M (95%)         486M (95%)         150M (29%)    
[233.605s][info][gc,heap     ] GC(204)      Used:      354M (69%)         360M (70%)         110M (21%)          26M (5%)          362M (71%)          26M (5%)     
[233.605s][info][gc,heap     ] GC(204)      Live:         -                 6M (1%)            6M (1%)            6M (1%)             -                  -          
[233.605s][info][gc,heap     ] GC(204) Allocated:         -                 6M (1%)            8M (2%)            9M (2%)             -                  -          
[233.605s][info][gc,heap     ] GC(204)   Garbage:         -               347M (68%)          95M (19%)           9M (2%)             -                  -          
[233.605s][info][gc,heap     ] GC(204) Reclaimed:         -                  -               252M (49%)         337M (66%)            -                  -          
[233.605s][info][gc          ] GC(204) Garbage Collection (Proactive) 354M(69%)->26M(5%)
[234.784s][info][gc,start    ] GC(205) Garbage Collection (Allocation Rate)
[234.785s][info][gc,task     ] GC(205) Using 1 workers
[234.785s][info][gc,phases   ] GC(205) Pause Mark Start 0.018ms
[234.811s][info][gc,phases   ] GC(205) Concurrent Mark 26.368ms
[234.811s][info][gc,phases   ] GC(205) Pause Mark End 0.014ms
[234.811s][info][gc,phases   ] GC(205) Concurrent Mark Free 0.002ms
[234.818s][info][gc,phases   ] GC(205) Concurrent Process Non-Strong References 6.851ms
[234.818s][info][gc,phases   ] GC(205) Concurrent Reset Relocation Set 0.009ms
[234.822s][info][gc,phases   ] GC(205) Concurrent Select Relocation Set 3.822ms
[234.822s][info][gc,phases   ] GC(205) Pause Relocate Start 0.005ms
[234.827s][info][gc,phases   ] GC(205) Concurrent Relocate 4.126ms
[234.827s][info][gc,load     ] GC(205) Load: 0.00/0.00/0.00
[234.827s][info][gc,mmu      ] GC(205) MMU: 2ms/98.6%, 5ms/99.5%, 10ms/99.6%, 20ms/99.8%, 50ms/99.9%, 100ms/99.9%
[234.827s][info][gc,marking  ] GC(205) Mark: 1 stripe(s), 2 proactive flush(es), 1 terminate flush(es), 0 completion(s), 0 continuation(s) 
[234.827s][info][gc,marking  ] GC(205) Mark Stack Usage: 32M
[234.827s][info][gc,nmethod  ] GC(205) NMethods: 2003 registered, 365 unregistered
[234.827s][info][gc,metaspace] GC(205) Metaspace: 9M used, 10M committed, 1088M reserved
[234.827s][info][gc,ref      ] GC(205) Soft: 214 encountered, 0 discovered, 0 enqueued
[234.827s][info][gc,ref      ] GC(205) Weak: 811 encountered, 9 discovered, 0 enqueued
[234.827s][info][gc,ref      ] GC(205) Final: 0 encountered, 0 discovered, 0 enqueued
[234.827s][info][gc,ref      ] GC(205) Phantom: 27 encountered, 14 discovered, 0 enqueued
[234.827s][info][gc,reloc    ] GC(205) Small Pages: 201 / 402M, Empty: 308M, Relocated: 1M, In-Place: 0
[234.827s][info][gc,reloc    ] GC(205) Medium Pages: 0 / 0M, Empty: 0M, Relocated: 0M, In-Place: 0
[234.827s][info][gc,reloc    ] GC(205) Large Pages: 0 / 0M, Empty: 0M, Relocated: 0M, In-Place: 0
[234.827s][info][gc,reloc    ] GC(205) Forwarding Usage: 0M
[234.827s][info][gc,heap     ] GC(205) Min Capacity: 8M(2%)
[234.827s][info][gc,heap     ] GC(205) Max Capacity: 512M(100%)
[234.827s][info][gc,heap     ] GC(205) Soft Max Capacity: 512M(100%)
[234.827s][info][gc,heap     ] GC(205)                Mark Start          Mark End        Relocate Start      Relocate End           High               Low         
[234.827s][info][gc,heap     ] GC(205)  Capacity:      512M (100%)        512M (100%)        512M (100%)        512M (100%)        512M (100%)        512M (100%)   
[234.827s][info][gc,heap     ] GC(205)      Free:      110M (21%)          98M (19%)         404M (79%)         488M (95%)         488M (95%)          98M (19%)    
[234.827s][info][gc,heap     ] GC(205)      Used:      402M (79%)         414M (81%)         108M (21%)          24M (5%)          414M (81%)          24M (5%)     
[234.827s][info][gc,heap     ] GC(205)      Live:         -                 6M (1%)            6M (1%)            6M (1%)             -                  -          
[234.827s][info][gc,heap     ] GC(205) Allocated:         -                12M (2%)           14M (3%)           15M (3%)             -                  -          
[234.827s][info][gc,heap     ] GC(205)   Garbage:         -               395M (77%)          87M (17%)           1M (0%)             -                  -          
[234.827s][info][gc,heap     ] GC(205) Reclaimed:         -                  -               308M (60%)         393M (77%)            -                  -          
[234.827s][info][gc          ] GC(205) Garbage Collection (Allocation Rate) 402M(79%)->24M(5%)
[235.558s][info][gc,start    ] GC(206) Garbage Collection (System.gc())
[235.558s][info][gc,task     ] GC(206) Using 5 workers
[235.559s][info][gc,phases   ] GC(206) Pause Mark Start 0.017ms
[235.571s][info][gc,phases   ] GC(206) Concurrent Mark 12.020ms
[235.571s][info][gc,phases   ] GC(206) Pause Mark End 0.019ms
[235.571s][info][gc,phases   ] GC(206) Concurrent Mark Free 0.001ms
[235.573s][info][gc,phases   ] GC(206) Concurrent Process Non-Strong References 1.797ms
[235.573s][info][gc,phases   ] GC(206) Concurrent Reset Relocation Set 0.007ms
[235.577s][info][gc,phases   ] GC(206) Concurrent Select Relocation Set 3.828ms
[235.577s][info][gc,phases   ] GC(206) Pause Relocate Start 0.010ms
[235.578s][info][gc,phases   ] GC(206) Concurrent Relocate 1.598ms
[235.578s][info][gc,load     ] GC(206) Load: 0.00/0.00/0.00
[235.578s][info][gc,mmu      ] GC(206) MMU: 2ms/98.6%, 5ms/99.5%, 10ms/99.6%, 20ms/99.8%, 50ms/99.9%, 100ms/99.9%
[235.578s][info][gc,marking  ] GC(206) Mark: 4 stripe(s), 2 proactive flush(es), 1 terminate flush(es), 0 completion(s), 0 continuation(s) 
[235.579s][info][gc,marking  ] GC(206) Mark Stack Usage: 32M
[235.579s][info][gc,nmethod  ] GC(206) NMethods: 2003 registered, 365 unregistered
[235.579s][info][gc,metaspace] GC(206) Metaspace: 9M used, 10M committed, 1088M reserved
[235.579s][info][gc,ref      ] GC(206) Soft: 214 encountered, 0 discovered, 0 enqueued
[235.579s][info][gc,ref      ] GC(206) Weak: 811 encountered, 565 discovered, 0 enqueued
[235.579s][info][gc,ref      ] GC(206) Final: 0 encountered, 0 discovered, 0 enqueued
[235.579s][info][gc,ref      ] GC(206) Phantom: 27 encountered, 21 discovered, 0 enqueued
[235.579s][info][gc,reloc    ] GC(206) Small Pages: 133 / 266M, Empty: 252M, Relocated: 1M, In-Place: 0
[235.579s][info][gc,reloc    ] GC(206) Medium Pages: 0 / 0M, Empty: 0M, Relocated: 0M, In-Place: 0
[235.579s][info][gc,reloc    ] GC(206) Large Pages: 0 / 0M, Empty: 0M, Relocated: 0M, In-Place: 0
[235.579s][info][gc,reloc    ] GC(206) Forwarding Usage: 0M
[235.579s][info][gc,heap     ] GC(206) Min Capacity: 8M(2%)
[235.579s][info][gc,heap     ] GC(206) Max Capacity: 512M(100%)
[235.579s][info][gc,heap     ] GC(206) Soft Max Capacity: 512M(100%)
[235.579s][info][gc,heap     ] GC(206)                Mark Start          Mark End        Relocate Start      Relocate End           High               Low         
[235.579s][info][gc,heap     ] GC(206)  Capacity:      512M (100%)        512M (100%)        512M (100%)        512M (100%)        512M (100%)        512M (100%)   
[235.579s][info][gc,heap     ] GC(206)      Free:      246M (48%)         246M (48%)         498M (97%)         498M (97%)         498M (97%)         246M (48%)    
[235.579s][info][gc,heap     ] GC(206)      Used:      266M (52%)         266M (52%)          14M (3%)           14M (3%)          266M (52%)          14M (3%)     
[235.579s][info][gc,heap     ] GC(206)      Live:         -                 4M (1%)            4M (1%)            4M (1%)             -                  -          
[235.579s][info][gc,heap     ] GC(206) Allocated:         -                 0M (0%)            0M (0%)            0M (0%)             -                  -          
[235.579s][info][gc,heap     ] GC(206)   Garbage:         -               261M (51%)           9M (2%)            9M (2%)             -                  -          
[235.579s][info][gc,heap     ] GC(206) Reclaimed:         -                  -               252M (49%)         252M (49%)            -                  -          
[235.579s][info][gc          ] GC(206) Garbage Collection (System.gc()) 266M(52%)->14M(3%)
[236.881s][info][gc,start    ] GC(207) Garbage Collection (Allocation Rate)
[236.881s][info][gc,task     ] GC(207) Using 1 workers
[236.881s][info][gc,phases   ] GC(207) Pause Mark Start 0.017ms
[236.910s][info][gc,phases   ] GC(207) Concurrent Mark 28.759ms
[236.910s][info][gc,phases   ] GC(207) Pause Mark End 0.017ms
[236.910s][info][gc,phases   ] GC(207) Concurrent Mark Free 0.002ms
[236.918s][info][gc,phases   ] GC(207) Concurrent Process Non-Strong References 7.274ms
[236.918s][info][gc,phases   ] GC(207) Concurrent Reset Relocation Set 0.002ms
[236.923s][info][gc,phases   ] GC(207) Concurrent Select Relocation Set 5.112ms
[236.923s][info][gc,phases   ] GC(207) Pause Relocate Start 0.009ms
[236.928s][info][gc,phases   ] GC(207) Concurrent Relocate 4.926ms
[236.928s][info][gc,load     ] GC(207) Load: 0.00/0.00/0.00
[236.928s][info][gc,mmu      ] GC(207) MMU: 2ms/98.6%, 5ms/99.5%, 10ms/99.6%, 20ms/99.8%, 50ms/99.9%, 100ms/99.9%
[236.928s][info][gc,marking  ] GC(207) Mark: 1 stripe(s), 2 proactive flush(es), 1 terminate flush(es), 0 completion(s), 0 continuation(s) 
[236.928s][info][gc,marking  ] GC(207) Mark Stack Usage: 32M
[236.928s][info][gc,nmethod  ] GC(207) NMethods: 2003 registered, 365 unregistered
[236.928s][info][gc,metaspace] GC(207) Metaspace: 9M used, 10M committed, 1088M reserved
[236.928s][info][gc,ref      ] GC(207) Soft: 214 encountered, 0 discovered, 0 enqueued
[236.928s][info][gc,ref      ] GC(207) Weak: 811 encountered, 189 discovered, 0 enqueued
[236.928s][info][gc,ref      ] GC(207) Final: 0 encountered, 0 discovered, 0 enqueued
[236.928s][info][gc,ref      ] GC(207) Phantom: 27 encountered, 25 discovered, 0 enqueued
[236.928s][info][gc,reloc    ] GC(207) Small Pages: 214 / 428M, Empty: 286M, Relocated: 2M, In-Place: 0
[236.928s][info][gc,reloc    ] GC(207) Medium Pages: 0 / 0M, Empty: 0M, Relocated: 0M, In-Place: 0
[236.928s][info][gc,reloc    ] GC(207) Large Pages: 0 / 0M, Empty: 0M, Relocated: 0M, In-Place: 0
[236.928s][info][gc,reloc    ] GC(207) Forwarding Usage: 1M
[236.929s][info][gc,heap     ] GC(207) Min Capacity: 8M(2%)
[236.929s][info][gc,heap     ] GC(207) Max Capacity: 512M(100%)
[236.929s][info][gc,heap     ] GC(207) Soft Max Capacity: 512M(100%)
[236.929s][info][gc,heap     ] GC(207)                Mark Start          Mark End        Relocate Start      Relocate End           High               Low         
[236.929s][info][gc,heap     ] GC(207)  Capacity:      512M (100%)        512M (100%)        512M (100%)        512M (100%)        512M (100%)        512M (100%)   
[236.929s][info][gc,heap     ] GC(207)      Free:       84M (16%)          72M (14%)         354M (69%)         486M (95%)         486M (95%)          70M (14%)    
[236.929s][info][gc,heap     ] GC(207)      Used:      428M (84%)         440M (86%)         158M (31%)          26M (5%)          442M (86%)          26M (5%)     
[236.929s][info][gc,heap     ] GC(207)      Live:         -                 6M (1%)            6M (1%)            6M (1%)             -                  -          
[236.929s][info][gc,heap     ] GC(207) Allocated:         -                12M (2%)           16M (3%)           17M (4%)             -                  -          
[236.929s][info][gc,heap     ] GC(207)   Garbage:         -               421M (82%)         135M (26%)           1M (0%)             -                  -          
[236.929s][info][gc,heap     ] GC(207) Reclaimed:         -                  -               286M (56%)         419M (82%)            -                  -          
[236.929s][info][gc          ] GC(207) Garbage Collection (Allocation Rate) 428M(84%)->26M(5%)
[238.287s][info][gc,start    ] GC(208) Garbage Collection (Allocation Rate)
[238.287s][info][gc,task     ] GC(208) Using 1 workers
[238.287s][info][gc,phases   ] GC(208) Pause Mark Start 0.017ms
[238.316s][info][gc,phases   ] GC(208) Concurrent Mark 29.349ms
[238.317s][info][gc,phases   ] GC(208) Pause Mark End 0.018ms
[238.317s][info][gc,phases   ] GC(208) Concurrent Mark Free 0.002ms
[238.324s][info][gc,phases   ] GC(208) Concurrent Process Non-Strong References 7.476ms
[238.324s][info][gc,phases   ] GC(208) Concurrent Reset Relocation Set 0.012ms
[238.328s][info][gc,phases   ] GC(208) Concurrent Select Relocation Set 3.936ms
[238.328s][info][gc,phases   ] GC(208) Pause Relocate Start 0.010ms
[238.331s][info][gc,phases   ] GC(208) Concurrent Relocate 2.552ms
[238.331s][info][gc,load     ] GC(208) Load: 0.00/0.00/0.00
[238.331s][info][gc,mmu      ] GC(208) MMU: 2ms/98.6%, 5ms/99.5%, 10ms/99.6%, 20ms/99.8%, 50ms/99.9%, 100ms/99.9%
[238.331s][info][gc,marking  ] GC(208) Mark: 1 stripe(s), 2 proactive flush(es), 1 terminate flush(es), 0 completion(s), 0 continuation(s) 
[238.331s][info][gc,marking  ] GC(208) Mark Stack Usage: 32M
[238.331s][info][gc,nmethod  ] GC(208) NMethods: 2003 registered, 365 unregistered
[238.331s][info][gc,metaspace] GC(208) Metaspace: 9M used, 10M committed, 1088M reserved
[238.331s][info][gc,ref      ] GC(208) Soft: 214 encountered, 0 discovered, 0 enqueued
[238.331s][info][gc,ref      ] GC(208) Weak: 811 encountered, 9 discovered, 0 enqueued
[238.331s][info][gc,ref      ] GC(208) Final: 0 encountered, 0 discovered, 0 enqueued
[238.331s][info][gc,ref      ] GC(208) Phantom: 27 encountered, 14 discovered, 0 enqueued
[238.331s][info][gc,reloc    ] GC(208) Small Pages: 219 / 438M, Empty: 348M, Relocated: 1M, In-Place: 0
[238.332s][info][gc,reloc    ] GC(208) Medium Pages: 0 / 0M, Empty: 0M, Relocated: 0M, In-Place: 0
[238.332s][info][gc,reloc    ] GC(208) Large Pages: 0 / 0M, Empty: 0M, Relocated: 0M, In-Place: 0
[238.332s][info][gc,reloc    ] GC(208) Forwarding Usage: 0M
[238.332s][info][gc,heap     ] GC(208) Min Capacity: 8M(2%)
[238.332s][info][gc,heap     ] GC(208) Max Capacity: 512M(100%)
[238.332s][info][gc,heap     ] GC(208) Soft Max Capacity: 512M(100%)
[238.332s][info][gc,heap     ] GC(208)                Mark Start          Mark End        Relocate Start      Relocate End           High               Low         
[238.332s][info][gc,heap     ] GC(208)  Capacity:      512M (100%)        512M (100%)        512M (100%)        512M (100%)        512M (100%)        512M (100%)   
[238.332s][info][gc,heap     ] GC(208)      Free:       74M (14%)          62M (12%)         406M (79%)         488M (95%)         488M (95%)          60M (12%)    
[238.332s][info][gc,heap     ] GC(208)      Used:      438M (86%)         450M (88%)         106M (21%)          24M (5%)          452M (88%)          24M (5%)     
[238.332s][info][gc,heap     ] GC(208)      Live:         -                 6M (1%)            6M (1%)            6M (1%)             -                  -          
[238.332s][info][gc,heap     ] GC(208) Allocated:         -                12M (2%)           16M (3%)           15M (3%)             -                  -          
[238.332s][info][gc,heap     ] GC(208)   Garbage:         -               431M (84%)          83M (16%)           1M (0%)             -                  -          
[238.332s][info][gc,heap     ] GC(208) Reclaimed:         -                  -               348M (68%)         429M (84%)            -                  -          
[238.332s][info][gc          ] GC(208) Garbage Collection (Allocation Rate) 438M(86%)->24M(5%)
[239.380s][info][gc,start    ] GC(209) Garbage Collection (Proactive)
[239.380s][info][gc,task     ] GC(209) Using 5 workers
[239.380s][info][gc,phases   ] GC(209) Pause Mark Start 0.018ms
[239.396s][info][gc,phases   ] GC(209) Concurrent Mark 15.231ms
[239.396s][info][gc,phases   ] GC(209) Pause Mark End 0.018ms
[239.396s][info][gc,phases   ] GC(209) Concurrent Mark Free 0.002ms
[239.398s][info][gc,phases   ] GC(209) Concurrent Process Non-Strong References 1.656ms
[239.398s][info][gc,phases   ] GC(209) Concurrent Reset Relocation Set 0.006ms
[239.402s][info][gc,phases   ] GC(209) Concurrent Select Relocation Set 4.401ms
[239.402s][info][gc,phases   ] GC(209) Pause Relocate Start 0.008ms
[239.405s][info][gc,phases   ] GC(209) Concurrent Relocate 2.572ms
[239.405s][info][gc,load     ] GC(209) Load: 0.00/0.00/0.00
[239.405s][info][gc,mmu      ] GC(209) MMU: 2ms/98.6%, 5ms/99.5%, 10ms/99.6%, 20ms/99.8%, 50ms/99.9%, 100ms/99.9%
[239.405s][info][gc,marking  ] GC(209) Mark: 4 stripe(s), 2 proactive flush(es), 1 terminate flush(es), 0 completion(s), 0 continuation(s) 
[239.405s][info][gc,marking  ] GC(209) Mark Stack Usage: 32M
[239.405s][info][gc,nmethod  ] GC(209) NMethods: 2003 registered, 365 unregistered
[239.405s][info][gc,metaspace] GC(209) Metaspace: 9M used, 10M committed, 1088M reserved
[239.405s][info][gc,ref      ] GC(209) Soft: 214 encountered, 0 discovered, 0 enqueued
[239.405s][info][gc,ref      ] GC(209) Weak: 811 encountered, 23 discovered, 0 enqueued
[239.405s][info][gc,ref      ] GC(209) Final: 0 encountered, 0 discovered, 0 enqueued
[239.405s][info][gc,ref      ] GC(209) Phantom: 27 encountered, 21 discovered, 0 enqueued
[239.405s][info][gc,reloc    ] GC(209) Small Pages: 182 / 364M, Empty: 242M, Relocated: 2M, In-Place: 0
[239.405s][info][gc,reloc    ] GC(209) Medium Pages: 0 / 0M, Empty: 0M, Relocated: 0M, In-Place: 0
[239.406s][info][gc,reloc    ] GC(209) Large Pages: 0 / 0M, Empty: 0M, Relocated: 0M, In-Place: 0
[239.406s][info][gc,reloc    ] GC(209) Forwarding Usage: 0M
[239.406s][info][gc,heap     ] GC(209) Min Capacity: 8M(2%)
[239.406s][info][gc,heap     ] GC(209) Max Capacity: 512M(100%)
[239.406s][info][gc,heap     ] GC(209) Soft Max Capacity: 512M(100%)
[239.406s][info][gc,heap     ] GC(209)                Mark Start          Mark End        Relocate Start      Relocate End           High               Low         
[239.406s][info][gc,heap     ] GC(209)  Capacity:      512M (100%)        512M (100%)        512M (100%)        512M (100%)        512M (100%)        512M (100%)   
[239.406s][info][gc,heap     ] GC(209)      Free:      148M (29%)         142M (28%)         382M (75%)         488M (95%)         488M (95%)         140M (27%)    
[239.406s][info][gc,heap     ] GC(209)      Used:      364M (71%)         370M (72%)         130M (25%)          24M (5%)          372M (73%)          24M (5%)     
[239.406s][info][gc,heap     ] GC(209)      Live:         -                 6M (1%)            6M (1%)            6M (1%)             -                  -          
[239.406s][info][gc,heap     ] GC(209) Allocated:         -                 6M (1%)            8M (2%)            9M (2%)             -                  -          
[239.406s][info][gc,heap     ] GC(209)   Garbage:         -               357M (70%)         115M (23%)           7M (1%)             -                  -          
[239.406s][info][gc,heap     ] GC(209) Reclaimed:         -                  -               242M (47%)         349M (68%)            -                  -          
[239.406s][info][gc          ] GC(209) Garbage Collection (Proactive) 364M(71%)->24M(5%)
[240.090s][info][gc,stats    ] === Garbage Collection Statistics =======================================================================================================================
[240.090s][info][gc,stats    ]                                                              Last 10s              Last 10m              Last 10h                Total
[240.090s][info][gc,stats    ]                                                              Avg / Max             Avg / Max             Avg / Max             Avg / Max
[240.090s][info][gc,stats    ]   Collector: Garbage Collection Cycle                     35.729 / 47.170       36.792 / 60.364       36.792 / 60.364       36.792 / 60.364      ms
[240.090s][info][gc,stats    ]  Contention: Mark Segment Reset Contention                     0 / 1                 0 / 6                 0 / 6                 0 / 6           ops/s
[240.090s][info][gc,stats    ]  Contention: Mark SeqNum Reset Contention                      0 / 0                 0 / 2                 0 / 2                 0 / 2           ops/s
[240.090s][info][gc,stats    ]    Critical: Allocation Stall                                  0 / 0                 0 / 0                 0 / 0                 0 / 0           ops/s
[240.090s][info][gc,stats    ]    Critical: Allocation Stall                              0.000 / 0.000         0.000 / 0.000         0.000 / 0.000         0.000 / 0.000       ms
[240.090s][info][gc,stats    ]    Critical: GC Locker Stall                                   0 / 0                 0 / 0                 0 / 0                 0 / 0           ops/s
[240.090s][info][gc,stats    ]    Critical: GC Locker Stall                               0.000 / 0.000         0.000 / 0.000         0.000 / 0.000         0.000 / 0.000       ms
[240.090s][info][gc,stats    ]    Critical: Relocation Stall                                  0 / 0                 0 / 0                 0 / 0                 0 / 0           ops/s
[240.090s][info][gc,stats    ]    Critical: Relocation Stall                              0.000 / 0.000         0.000 / 0.000         0.000 / 0.000         0.000 / 0.000       ms
[240.090s][info][gc,stats    ]      Memory: Allocation Rate                                 323 / 330             319 / 338             319 / 338             319 / 338         MB/s
[240.090s][info][gc,stats    ]      Memory: Defragment                                        0 / 0                 0 / 0                 0 / 0                 0 / 0           ops/s
[240.091s][info][gc,stats    ]      Memory: Out Of Memory                                     0 / 0                 0 / 0                 0 / 0                 0 / 0           ops/s
[240.091s][info][gc,stats    ]      Memory: Page Cache Flush                                  0 / 0                 0 / 0                 0 / 0                 0 / 0           MB/s
[240.091s][info][gc,stats    ]      Memory: Page Cache Hit L1                               163 / 170             161 / 174             161 / 174             161 / 174         ops/s
[240.091s][info][gc,stats    ]      Memory: Page Cache Hit L2                                 0 / 0                 0 / 0                 0 / 0                 0 / 0           ops/s
[240.091s][info][gc,stats    ]      Memory: Page Cache Hit L3                                 0 / 0                 0 / 77                0 / 77                0 / 77          ops/s
[240.091s][info][gc,stats    ]      Memory: Page Cache Miss                                   0 / 0                 0 / 1                 0 / 1                 0 / 1           ops/s
[240.091s][info][gc,stats    ]      Memory: Uncommit                                          0 / 0                 0 / 0                 0 / 0                 0 / 0           MB/s
[240.091s][info][gc,stats    ]      Memory: Undo Object Allocation Failed                     0 / 1                 0 / 6                 0 / 6                 0 / 6           ops/s
[240.091s][info][gc,stats    ]      Memory: Undo Object Allocation Succeeded                  0 / 1                 0 / 8                 0 / 8                 0 / 8           ops/s
[240.091s][info][gc,stats    ]      Memory: Undo Page Allocation                              2 / 6                 1 / 10                1 / 10                1 / 10          ops/s
[240.091s][info][gc,stats    ]       Phase: Concurrent Mark                              22.433 / 29.349       22.607 / 38.107       22.607 / 38.107       22.607 / 38.107      ms
[240.091s][info][gc,stats    ]       Phase: Concurrent Mark Continue                      0.000 / 0.000         0.000 / 0.000         0.000 / 0.000         0.000 / 0.000       ms
[240.091s][info][gc,stats    ]       Phase: Concurrent Mark Free                          0.002 / 0.002         0.001 / 0.002         0.001 / 0.002         0.001 / 0.002       ms
[240.091s][info][gc,stats    ]       Phase: Concurrent Process Non-Strong References      5.173 / 7.476         4.860 / 7.613         4.860 / 7.613         4.860 / 7.613       ms
[240.091s][info][gc,stats    ]       Phase: Concurrent Relocate                           2.831 / 4.926         3.569 / 8.950         3.569 / 8.950         3.569 / 8.950       ms
[240.091s][info][gc,stats    ]       Phase: Concurrent Reset Relocation Set               0.007 / 0.012         0.007 / 0.015         0.007 / 0.015         0.007 / 0.015       ms
[240.091s][info][gc,stats    ]       Phase: Concurrent Select Relocation Set              4.166 / 5.112         4.394 / 14.681        4.394 / 14.681        4.394 / 14.681      ms
[240.091s][info][gc,stats    ]       Phase: Pause Mark End                                0.017 / 0.019         0.017 / 0.021         0.017 / 0.021         0.017 / 0.021       ms
[240.091s][info][gc,stats    ]       Phase: Pause Mark Start                              0.018 / 0.019         0.017 / 0.027         0.017 / 0.027         0.017 / 0.027       ms
[240.091s][info][gc,stats    ]       Phase: Pause Relocate Start                          0.008 / 0.010         0.008 / 0.012         0.008 / 0.012         0.008 / 0.012       ms
[240.091s][info][gc,stats    ]    Subphase: Concurrent Classes Purge                      0.005 / 0.005         0.016 / 0.583         0.016 / 0.583         0.016 / 0.583       ms
[240.091s][info][gc,stats    ]    Subphase: Concurrent Classes Unlink                     4.282 / 6.150         3.985 / 6.150         3.985 / 6.150         3.985 / 6.150       ms
[240.091s][info][gc,stats    ]    Subphase: Concurrent Mark                              15.109 / 26.849       15.489 / 34.990       15.489 / 34.990       15.489 / 34.990      ms
[240.091s][info][gc,stats    ]    Subphase: Concurrent Mark Try Flush                     0.063 / 0.104         0.060 / 0.187         0.060 / 0.187         0.060 / 0.187       ms
[240.091s][info][gc,stats    ]    Subphase: Concurrent Mark Try Terminate                 3.277 / 8.877         3.434 / 16.488        3.434 / 16.488        3.434 / 16.488      ms
[240.091s][info][gc,stats    ]    Subphase: Concurrent References Enqueue                 0.000 / 0.001         0.000 / 0.005         0.000 / 0.005         0.000 / 0.005       ms
[240.091s][info][gc,stats    ]    Subphase: Concurrent References Process                 0.041 / 0.088         0.047 / 0.114         0.047 / 0.114         0.047 / 0.114       ms
[240.091s][info][gc,stats    ]    Subphase: Concurrent Roots ClassLoaderDataGraph         0.140 / 0.334         0.154 / 0.631         0.154 / 0.631         0.154 / 0.631       ms
[240.092s][info][gc,stats    ]    Subphase: Concurrent Roots CodeCache                    0.000 / 0.000         0.000 / 0.000         0.000 / 0.000         0.000 / 0.000       ms
[240.092s][info][gc,stats    ]    Subphase: Concurrent Roots JavaThreads                  1.010 / 2.228         0.977 / 2.289         0.977 / 2.289         0.977 / 2.289       ms
[240.092s][info][gc,stats    ]    Subphase: Concurrent Roots OopStorageSet                0.031 / 0.062         0.032 / 0.136         0.032 / 0.136         0.032 / 0.136       ms
[240.092s][info][gc,stats    ]    Subphase: Concurrent Weak Roots OopStorageSet           0.408 / 1.238         0.397 / 1.768         0.397 / 1.768         0.397 / 1.768       ms
[240.092s][info][gc,stats    ]    Subphase: Pause Mark Try Complete                       0.000 / 0.000         0.000 / 0.000         0.000 / 0.000         0.000 / 0.000       ms
[240.092s][info][gc,stats    ]      System: Java Threads                                     40 / 40               36 / 41               36 / 41               36 / 41          threads
[240.092s][info][gc,stats    ] =========================================================================================================================================================
[240.691s][info][gc,start    ] GC(210) Garbage Collection (Allocation Rate)
[240.691s][info][gc,task     ] GC(210) Using 1 workers
[240.692s][info][gc,phases   ] GC(210) Pause Mark Start 0.017ms
[240.719s][info][gc,phases   ] GC(210) Concurrent Mark 27.496ms
[240.719s][info][gc,phases   ] GC(210) Pause Mark End 0.017ms
[240.719s][info][gc,phases   ] GC(210) Concurrent Mark Free 0.001ms
[240.727s][info][gc,phases   ] GC(210) Concurrent Process Non-Strong References 7.329ms
[240.727s][info][gc,phases   ] GC(210) Concurrent Reset Relocation Set 0.008ms
[240.733s][info][gc,phases   ] GC(210) Concurrent Select Relocation Set 5.791ms
[240.733s][info][gc,phases   ] GC(210) Pause Relocate Start 0.009ms
[240.738s][info][gc,phases   ] GC(210) Concurrent Relocate 5.375ms
[240.738s][info][gc,load     ] GC(210) Load: 0.00/0.00/0.00
[240.738s][info][gc,mmu      ] GC(210) MMU: 2ms/98.6%, 5ms/99.5%, 10ms/99.6%, 20ms/99.8%, 50ms/99.9%, 100ms/99.9%
[240.738s][info][gc,marking  ] GC(210) Mark: 1 stripe(s), 2 proactive flush(es), 1 terminate flush(es), 0 completion(s), 0 continuation(s) 
[240.739s][info][gc,marking  ] GC(210) Mark Stack Usage: 32M
[240.739s][info][gc,nmethod  ] GC(210) NMethods: 2003 registered, 365 unregistered
[240.739s][info][gc,metaspace] GC(210) Metaspace: 9M used, 10M committed, 1088M reserved
[240.739s][info][gc,ref      ] GC(210) Soft: 214 encountered, 0 discovered, 0 enqueued
[240.739s][info][gc,ref      ] GC(210) Weak: 811 encountered, 188 discovered, 0 enqueued
[240.739s][info][gc,ref      ] GC(210) Final: 0 encountered, 0 discovered, 0 enqueued
[240.739s][info][gc,ref      ] GC(210) Phantom: 27 encountered, 14 discovered, 0 enqueued
[240.739s][info][gc,reloc    ] GC(210) Small Pages: 211 / 422M, Empty: 310M, Relocated: 2M, In-Place: 0
[240.739s][info][gc,reloc    ] GC(210) Medium Pages: 0 / 0M, Empty: 0M, Relocated: 0M, In-Place: 0
[240.739s][info][gc,reloc    ] GC(210) Large Pages: 0 / 0M, Empty: 0M, Relocated: 0M, In-Place: 0
[240.739s][info][gc,reloc    ] GC(210) Forwarding Usage: 1M
[240.739s][info][gc,heap     ] GC(210) Min Capacity: 8M(2%)
[240.739s][info][gc,heap     ] GC(210) Max Capacity: 512M(100%)
[240.739s][info][gc,heap     ] GC(210) Soft Max Capacity: 512M(100%)
[240.739s][info][gc,heap     ] GC(210)                Mark Start          Mark End        Relocate Start      Relocate End           High               Low         
[240.739s][info][gc,heap     ] GC(210)  Capacity:      512M (100%)        512M (100%)        512M (100%)        512M (100%)        512M (100%)        512M (100%)   
[240.739s][info][gc,heap     ] GC(210)      Free:       90M (18%)          80M (16%)         384M (75%)         488M (95%)         488M (95%)          78M (15%)    
[240.739s][info][gc,heap     ] GC(210)      Used:      422M (82%)         432M (84%)         128M (25%)          24M (5%)          434M (85%)          24M (5%)     
[240.739s][info][gc,heap     ] GC(210)      Live:         -                 6M (1%)            6M (1%)            6M (1%)             -                  -          
[240.739s][info][gc,heap     ] GC(210) Allocated:         -                10M (2%)           16M (3%)           15M (3%)             -                  -          
[240.739s][info][gc,heap     ] GC(210)   Garbage:         -               415M (81%)         105M (21%)           1M (0%)             -                  -          
[240.739s][info][gc,heap     ] GC(210) Reclaimed:         -                  -               310M (61%)         413M (81%)            -                  -          
[240.739s][info][gc          ] GC(210) Garbage Collection (Allocation Rate) 422M(82%)->24M(5%)
[241.988s][info][gc,start    ] GC(211) Garbage Collection (Allocation Rate)
[241.988s][info][gc,task     ] GC(211) Using 1 workers
[241.988s][info][gc,phases   ] GC(211) Pause Mark Start 0.013ms
[242.014s][info][gc,phases   ] GC(211) Concurrent Mark 26.036ms
[242.014s][info][gc,phases   ] GC(211) Pause Mark End 0.016ms
[242.014s][info][gc,phases   ] GC(211) Concurrent Mark Free 0.001ms
[242.022s][info][gc,phases   ] GC(211) Concurrent Process Non-Strong References 7.439ms
[242.022s][info][gc,phases   ] GC(211) Concurrent Reset Relocation Set 0.009ms
[242.026s][info][gc,phases   ] GC(211) Concurrent Select Relocation Set 3.977ms
[242.026s][info][gc,phases   ] GC(211) Pause Relocate Start 0.009ms
[242.029s][info][gc,phases   ] GC(211) Concurrent Relocate 2.896ms
[242.029s][info][gc,load     ] GC(211) Load: 0.00/0.00/0.00
[242.029s][info][gc,mmu      ] GC(211) MMU: 2ms/98.6%, 5ms/99.5%, 10ms/99.6%, 20ms/99.8%, 50ms/99.9%, 100ms/99.9%
[242.029s][info][gc,marking  ] GC(211) Mark: 1 stripe(s), 2 proactive flush(es), 1 terminate flush(es), 0 completion(s), 0 continuation(s) 
[242.029s][info][gc,marking  ] GC(211) Mark Stack Usage: 32M
[242.029s][info][gc,nmethod  ] GC(211) NMethods: 2003 registered, 365 unregistered
[242.029s][info][gc,metaspace] GC(211) Metaspace: 9M used, 10M committed, 1088M reserved
[242.029s][info][gc,ref      ] GC(211) Soft: 214 encountered, 0 discovered, 0 enqueued
[242.029s][info][gc,ref      ] GC(211) Weak: 811 encountered, 189 discovered, 0 enqueued
[242.029s][info][gc,ref      ] GC(211) Final: 0 encountered, 0 discovered, 0 enqueued
[242.029s][info][gc,ref      ] GC(211) Phantom: 27 encountered, 25 discovered, 0 enqueued
[242.029s][info][gc,reloc    ] GC(211) Small Pages: 212 / 424M, Empty: 376M, Relocated: 1M, In-Place: 0
[242.029s][info][gc,reloc    ] GC(211) Medium Pages: 0 / 0M, Empty: 0M, Relocated: 0M, In-Place: 0
[242.029s][info][gc,reloc    ] GC(211) Large Pages: 0 / 0M, Empty: 0M, Relocated: 0M, In-Place: 0
[242.030s][info][gc,reloc    ] GC(211) Forwarding Usage: 0M
[242.030s][info][gc,heap     ] GC(211) Min Capacity: 8M(2%)
[242.030s][info][gc,heap     ] GC(211) Max Capacity: 512M(100%)
[242.030s][info][gc,heap     ] GC(211) Soft Max Capacity: 512M(100%)
[242.030s][info][gc,heap     ] GC(211)                Mark Start          Mark End        Relocate Start      Relocate End           High               Low         
[242.030s][info][gc,heap     ] GC(211)  Capacity:      512M (100%)        512M (100%)        512M (100%)        512M (100%)        512M (100%)        512M (100%)   
[242.030s][info][gc,heap     ] GC(211)      Free:       88M (17%)          78M (15%)         450M (88%)         490M (96%)         490M (96%)          76M (15%)    
[242.030s][info][gc,heap     ] GC(211)      Used:      424M (83%)         434M (85%)          62M (12%)          22M (4%)          436M (85%)          22M (4%)     
[242.030s][info][gc,heap     ] GC(211)      Live:         -                 6M (1%)            6M (1%)            6M (1%)             -                  -          
[242.030s][info][gc,heap     ] GC(211) Allocated:         -                10M (2%)           14M (3%)           13M (3%)             -                  -          
[242.030s][info][gc,heap     ] GC(211)   Garbage:         -               417M (82%)          41M (8%)            1M (0%)             -                  -          
[242.030s][info][gc,heap     ] GC(211) Reclaimed:         -                  -               376M (73%)         415M (81%)            -                  -          
[242.030s][info][gc          ] GC(211) Garbage Collection (Allocation Rate) 424M(83%)->22M(4%)
[242.483s][info][gc,start    ] GC(212) Garbage Collection (System.gc())
[242.483s][info][gc,task     ] GC(212) Using 5 workers
[242.484s][info][gc,phases   ] GC(212) Pause Mark Start 0.017ms
[242.495s][info][gc,phases   ] GC(212) Concurrent Mark 11.776ms
[242.496s][info][gc,phases   ] GC(212) Pause Mark End 0.016ms
[242.496s][info][gc,phases   ] GC(212) Concurrent Mark Free 0.001ms
[242.497s][info][gc,phases   ] GC(212) Concurrent Process Non-Strong References 1.702ms
[242.497s][info][gc,phases   ] GC(212) Concurrent Reset Relocation Set 0.003ms
[242.502s][info][gc,phases   ] GC(212) Concurrent Select Relocation Set 4.111ms
[242.502s][info][gc,phases   ] GC(212) Pause Relocate Start 0.007ms
[242.503s][info][gc,phases   ] GC(212) Concurrent Relocate 1.509ms
[242.503s][info][gc,load     ] GC(212) Load: 0.00/0.00/0.00
[242.503s][info][gc,mmu      ] GC(212) MMU: 2ms/98.6%, 5ms/99.5%, 10ms/99.6%, 20ms/99.8%, 50ms/99.9%, 100ms/99.9%
[242.503s][info][gc,marking  ] GC(212) Mark: 4 stripe(s), 1 proactive flush(es), 1 terminate flush(es), 0 completion(s), 0 continuation(s) 
[242.503s][info][gc,marking  ] GC(212) Mark Stack Usage: 32M
[242.503s][info][gc,nmethod  ] GC(212) NMethods: 2003 registered, 366 unregistered
[242.503s][info][gc,metaspace] GC(212) Metaspace: 9M used, 10M committed, 1088M reserved
[242.503s][info][gc,ref      ] GC(212) Soft: 214 encountered, 0 discovered, 0 enqueued
[242.503s][info][gc,ref      ] GC(212) Weak: 811 encountered, 69 discovered, 0 enqueued
[242.504s][info][gc,ref      ] GC(212) Final: 0 encountered, 0 discovered, 0 enqueued
[242.504s][info][gc,ref      ] GC(212) Phantom: 27 encountered, 19 discovered, 0 enqueued
[242.504s][info][gc,reloc    ] GC(212) Small Pages: 83 / 166M, Empty: 154M, Relocated: 1M, In-Place: 0
[242.504s][info][gc,reloc    ] GC(212) Medium Pages: 0 / 0M, Empty: 0M, Relocated: 0M, In-Place: 0
[242.504s][info][gc,reloc    ] GC(212) Large Pages: 0 / 0M, Empty: 0M, Relocated: 0M, In-Place: 0
[242.504s][info][gc,reloc    ] GC(212) Forwarding Usage: 0M
[242.504s][info][gc,heap     ] GC(212) Min Capacity: 8M(2%)
[242.504s][info][gc,heap     ] GC(212) Max Capacity: 512M(100%)
[242.504s][info][gc,heap     ] GC(212) Soft Max Capacity: 512M(100%)
[242.504s][info][gc,heap     ] GC(212)                Mark Start          Mark End        Relocate Start      Relocate End           High               Low         
[242.504s][info][gc,heap     ] GC(212)  Capacity:      512M (100%)        512M (100%)        512M (100%)        512M (100%)        512M (100%)        512M (100%)   
[242.504s][info][gc,heap     ] GC(212)      Free:      346M (68%)         346M (68%)         500M (98%)         500M (98%)         500M (98%)         346M (68%)    
[242.504s][info][gc,heap     ] GC(212)      Used:      166M (32%)         166M (32%)          12M (2%)           12M (2%)          166M (32%)          12M (2%)     
[242.504s][info][gc,heap     ] GC(212)      Live:         -                 4M (1%)            4M (1%)            4M (1%)             -                  -          
[242.504s][info][gc,heap     ] GC(212) Allocated:         -                 0M (0%)            0M (0%)            0M (0%)             -                  -          
[242.504s][info][gc,heap     ] GC(212)   Garbage:         -               161M (31%)           7M (1%)            7M (1%)             -                  -          
[242.504s][info][gc,heap     ] GC(212) Reclaimed:         -                  -               154M (30%)         154M (30%)            -                  -          
[242.504s][info][gc          ] GC(212) Garbage Collection (System.gc()) 166M(32%)->12M(2%)
[243.781s][info][gc,start    ] GC(213) Garbage Collection (Allocation Rate)
[243.782s][info][gc,task     ] GC(213) Using 1 workers
[243.782s][info][gc,phases   ] GC(213) Pause Mark Start 0.018ms
[243.813s][info][gc,phases   ] GC(213) Concurrent Mark 30.658ms
[243.813s][info][gc,phases   ] GC(213) Pause Mark End 0.019ms
[243.813s][info][gc,phases   ] GC(213) Concurrent Mark Free 0.001ms
[243.818s][info][gc,phases   ] GC(213) Concurrent Process Non-Strong References 5.057ms
[243.818s][info][gc,phases   ] GC(213) Concurrent Reset Relocation Set 0.002ms
[243.823s][info][gc,phases   ] GC(213) Concurrent Select Relocation Set 5.203ms
[243.823s][info][gc,phases   ] GC(213) Pause Relocate Start 0.009ms
[243.831s][info][gc,phases   ] GC(213) Concurrent Relocate 7.287ms
[243.831s][info][gc,load     ] GC(213) Load: 0.00/0.00/0.00
[243.831s][info][gc,mmu      ] GC(213) MMU: 2ms/98.6%, 5ms/99.5%, 10ms/99.6%, 20ms/99.8%, 50ms/99.9%, 100ms/99.9%
[243.831s][info][gc,marking  ] GC(213) Mark: 1 stripe(s), 2 proactive flush(es), 1 terminate flush(es), 0 completion(s), 0 continuation(s) 
[243.831s][info][gc,marking  ] GC(213) Mark Stack Usage: 32M
[243.831s][info][gc,nmethod  ] GC(213) NMethods: 2003 registered, 366 unregistered
[243.831s][info][gc,metaspace] GC(213) Metaspace: 9M used, 10M committed, 1088M reserved
[243.831s][info][gc,ref      ] GC(213) Soft: 214 encountered, 0 discovered, 0 enqueued
[243.831s][info][gc,ref      ] GC(213) Weak: 811 encountered, 189 discovered, 0 enqueued
[243.831s][info][gc,ref      ] GC(213) Final: 0 encountered, 0 discovered, 0 enqueued
[243.831s][info][gc,ref      ] GC(213) Phantom: 27 encountered, 25 discovered, 0 enqueued
[243.831s][info][gc,reloc    ] GC(213) Small Pages: 212 / 424M, Empty: 254M, Relocated: 2M, In-Place: 0
[243.831s][info][gc,reloc    ] GC(213) Medium Pages: 0 / 0M, Empty: 0M, Relocated: 0M, In-Place: 0
[243.831s][info][gc,reloc    ] GC(213) Large Pages: 0 / 0M, Empty: 0M, Relocated: 0M, In-Place: 0
[243.831s][info][gc,reloc    ] GC(213) Forwarding Usage: 1M
[243.831s][info][gc,heap     ] GC(213) Min Capacity: 8M(2%)
[243.831s][info][gc,heap     ] GC(213) Max Capacity: 512M(100%)
[243.831s][info][gc,heap     ] GC(213) Soft Max Capacity: 512M(100%)
[243.831s][info][gc,heap     ] GC(213)                Mark Start          Mark End        Relocate Start      Relocate End           High               Low         
[243.831s][info][gc,heap     ] GC(213)  Capacity:      512M (100%)        512M (100%)        512M (100%)        512M (100%)        512M (100%)        512M (100%)   
[243.831s][info][gc,heap     ] GC(213)      Free:       88M (17%)          76M (15%)         328M (64%)         486M (95%)         486M (95%)          74M (14%)    
[243.831s][info][gc,heap     ] GC(213)      Used:      424M (83%)         436M (85%)         184M (36%)          26M (5%)          438M (86%)          26M (5%)     
[243.832s][info][gc,heap     ] GC(213)      Live:         -                 6M (1%)            6M (1%)            6M (1%)             -                  -          
[243.832s][info][gc,heap     ] GC(213) Allocated:         -                12M (2%)           14M (3%)           17M (4%)             -                  -          
[243.832s][info][gc,heap     ] GC(213)   Garbage:         -               417M (82%)         163M (32%)           1M (0%)             -                  -          
[243.832s][info][gc,heap     ] GC(213) Reclaimed:         -                  -               254M (50%)         415M (81%)            -                  -          
[243.832s][info][gc          ] GC(213) Garbage Collection (Allocation Rate) 424M(83%)->26M(5%)
[245.086s][info][gc,start    ] GC(214) Garbage Collection (Allocation Rate)
[245.086s][info][gc,task     ] GC(214) Using 1 workers
[245.087s][info][gc,phases   ] GC(214) Pause Mark Start 0.018ms
[245.113s][info][gc,phases   ] GC(214) Concurrent Mark 26.403ms
[245.113s][info][gc,phases   ] GC(214) Pause Mark End 0.013ms
[245.113s][info][gc,phases   ] GC(214) Concurrent Mark Free 0.002ms
[245.121s][info][gc,phases   ] GC(214) Concurrent Process Non-Strong References 7.329ms
[245.121s][info][gc,phases   ] GC(214) Concurrent Reset Relocation Set 0.013ms
[245.125s][info][gc,phases   ] GC(214) Concurrent Select Relocation Set 3.983ms
[245.125s][info][gc,phases   ] GC(214) Pause Relocate Start 0.005ms
[245.132s][info][gc,phases   ] GC(214) Concurrent Relocate 6.825ms
[245.132s][info][gc,load     ] GC(214) Load: 0.00/0.00/0.00
[245.132s][info][gc,mmu      ] GC(214) MMU: 2ms/98.6%, 5ms/99.5%, 10ms/99.6%, 20ms/99.8%, 50ms/99.9%, 100ms/99.9%
[245.132s][info][gc,marking  ] GC(214) Mark: 1 stripe(s), 2 proactive flush(es), 1 terminate flush(es), 0 completion(s), 0 continuation(s) 
[245.132s][info][gc,marking  ] GC(214) Mark Stack Usage: 32M
[245.132s][info][gc,nmethod  ] GC(214) NMethods: 2003 registered, 366 unregistered
[245.132s][info][gc,metaspace] GC(214) Metaspace: 9M used, 10M committed, 1088M reserved
[245.132s][info][gc,ref      ] GC(214) Soft: 214 encountered, 0 discovered, 0 enqueued
[245.132s][info][gc,ref      ] GC(214) Weak: 811 encountered, 189 discovered, 0 enqueued
[245.132s][info][gc,ref      ] GC(214) Final: 0 encountered, 0 discovered, 0 enqueued
[245.132s][info][gc,ref      ] GC(214) Phantom: 27 encountered, 25 discovered, 0 enqueued
[245.132s][info][gc,reloc    ] GC(214) Small Pages: 216 / 432M, Empty: 328M, Relocated: 2M, In-Place: 0
[245.132s][info][gc,reloc    ] GC(214) Medium Pages: 0 / 0M, Empty: 0M, Relocated: 0M, In-Place: 0
[245.132s][info][gc,reloc    ] GC(214) Large Pages: 0 / 0M, Empty: 0M, Relocated: 0M, In-Place: 0
[245.132s][info][gc,reloc    ] GC(214) Forwarding Usage: 1M
[245.132s][info][gc,heap     ] GC(214) Min Capacity: 8M(2%)
[245.132s][info][gc,heap     ] GC(214) Max Capacity: 512M(100%)
[245.132s][info][gc,heap     ] GC(214) Soft Max Capacity: 512M(100%)
[245.132s][info][gc,heap     ] GC(214)                Mark Start          Mark End        Relocate Start      Relocate End           High               Low         
[245.132s][info][gc,heap     ] GC(214)  Capacity:      512M (100%)        512M (100%)        512M (100%)        512M (100%)        512M (100%)        512M (100%)   
[245.132s][info][gc,heap     ] GC(214)      Free:       80M (16%)          70M (14%)         394M (77%)         488M (95%)         488M (95%)          68M (13%)    
[245.133s][info][gc,heap     ] GC(214)      Used:      432M (84%)         442M (86%)         118M (23%)          24M (5%)          444M (87%)          24M (5%)     
[245.133s][info][gc,heap     ] GC(214)      Live:         -                 6M (1%)            6M (1%)            6M (1%)             -                  -          
[245.133s][info][gc,heap     ] GC(214) Allocated:         -                10M (2%)           14M (3%)           15M (3%)             -                  -          
[245.133s][info][gc,heap     ] GC(214)   Garbage:         -               425M (83%)          97M (19%)           1M (0%)             -                  -          
[245.133s][info][gc,heap     ] GC(214) Reclaimed:         -                  -               328M (64%)         423M (83%)            -                  -          
[245.133s][info][gc          ] GC(214) Garbage Collection (Allocation Rate) 432M(84%)->24M(5%)
[246.178s][info][gc,start    ] GC(215) Garbage Collection (Proactive)
[246.179s][info][gc,task     ] GC(215) Using 5 workers
[246.179s][info][gc,phases   ] GC(215) Pause Mark Start 0.019ms
[246.194s][info][gc,phases   ] GC(215) Concurrent Mark 15.179ms
[246.194s][info][gc,phases   ] GC(215) Pause Mark End 0.017ms
[246.194s][info][gc,phases   ] GC(215) Concurrent Mark Free 0.002ms
[246.196s][info][gc,phases   ] GC(215) Concurrent Process Non-Strong References 1.681ms
[246.196s][info][gc,phases   ] GC(215) Concurrent Reset Relocation Set 0.008ms
[246.200s][info][gc,phases   ] GC(215) Concurrent Select Relocation Set 3.953ms
[246.200s][info][gc,phases   ] GC(215) Pause Relocate Start 0.010ms
[246.202s][info][gc,phases   ] GC(215) Concurrent Relocate 1.558ms
[246.202s][info][gc,load     ] GC(215) Load: 0.00/0.00/0.00
[246.202s][info][gc,mmu      ] GC(215) MMU: 2ms/98.6%, 5ms/99.5%, 10ms/99.6%, 20ms/99.8%, 50ms/99.9%, 100ms/99.9%
[246.202s][info][gc,marking  ] GC(215) Mark: 4 stripe(s), 2 proactive flush(es), 1 terminate flush(es), 0 completion(s), 0 continuation(s) 
[246.202s][info][gc,marking  ] GC(215) Mark Stack Usage: 32M
[246.202s][info][gc,nmethod  ] GC(215) NMethods: 2003 registered, 366 unregistered
[246.202s][info][gc,metaspace] GC(215) Metaspace: 9M used, 10M committed, 1088M reserved
[246.202s][info][gc,ref      ] GC(215) Soft: 214 encountered, 0 discovered, 0 enqueued
[246.202s][info][gc,ref      ] GC(215) Weak: 811 encountered, 277 discovered, 0 enqueued
[246.202s][info][gc,ref      ] GC(215) Final: 0 encountered, 0 discovered, 0 enqueued
[246.202s][info][gc,ref      ] GC(215) Phantom: 27 encountered, 23 discovered, 0 enqueued
[246.202s][info][gc,reloc    ] GC(215) Small Pages: 179 / 358M, Empty: 310M, Relocated: 1M, In-Place: 0
[246.202s][info][gc,reloc    ] GC(215) Medium Pages: 0 / 0M, Empty: 0M, Relocated: 0M, In-Place: 0
[246.202s][info][gc,reloc    ] GC(215) Large Pages: 0 / 0M, Empty: 0M, Relocated: 0M, In-Place: 0
[246.202s][info][gc,reloc    ] GC(215) Forwarding Usage: 0M
[246.202s][info][gc,heap     ] GC(215) Min Capacity: 8M(2%)
[246.202s][info][gc,heap     ] GC(215) Max Capacity: 512M(100%)
[246.202s][info][gc,heap     ] GC(215) Soft Max Capacity: 512M(100%)
[246.202s][info][gc,heap     ] GC(215)                Mark Start          Mark End        Relocate Start      Relocate End           High               Low         
[246.202s][info][gc,heap     ] GC(215)  Capacity:      512M (100%)        512M (100%)        512M (100%)        512M (100%)        512M (100%)        512M (100%)   
[246.203s][info][gc,heap     ] GC(215)      Free:      154M (30%)         148M (29%)         456M (89%)         488M (95%)         488M (95%)         146M (29%)    
[246.203s][info][gc,heap     ] GC(215)      Used:      358M (70%)         364M (71%)          56M (11%)          24M (5%)          366M (71%)          24M (5%)     
[246.203s][info][gc,heap     ] GC(215)      Live:         -                 6M (1%)            6M (1%)            6M (1%)             -                  -          
[246.203s][info][gc,heap     ] GC(215) Allocated:         -                 6M (1%)            8M (2%)            7M (2%)             -                  -          
[246.203s][info][gc,heap     ] GC(215)   Garbage:         -               351M (69%)          41M (8%)            9M (2%)             -                  -          
[246.203s][info][gc,heap     ] GC(215) Reclaimed:         -                  -               310M (61%)         341M (67%)            -                  -          
[246.203s][info][gc          ] GC(215) Garbage Collection (Proactive) 358M(70%)->24M(5%)
[247.489s][info][gc,start    ] GC(216) Garbage Collection (Allocation Rate)
[247.489s][info][gc,task     ] GC(216) Using 1 workers
[247.489s][info][gc,phases   ] GC(216) Pause Mark Start 0.013ms
[247.515s][info][gc,phases   ] GC(216) Concurrent Mark 25.586ms
[247.515s][info][gc,phases   ] GC(216) Pause Mark End 0.018ms
[247.515s][info][gc,phases   ] GC(216) Concurrent Mark Free 0.001ms
[247.523s][info][gc,phases   ] GC(216) Concurrent Process Non-Strong References 7.180ms
[247.523s][info][gc,phases   ] GC(216) Concurrent Reset Relocation Set 0.004ms
[247.527s][info][gc,phases   ] GC(216) Concurrent Select Relocation Set 4.182ms
[247.527s][info][gc,phases   ] GC(216) Pause Relocate Start 0.009ms
[247.530s][info][gc,phases   ] GC(216) Concurrent Relocate 3.064ms
[247.530s][info][gc,load     ] GC(216) Load: 0.00/0.00/0.00
[247.530s][info][gc,mmu      ] GC(216) MMU: 2ms/98.6%, 5ms/99.5%, 10ms/99.6%, 20ms/99.8%, 50ms/99.9%, 100ms/99.9%
[247.530s][info][gc,marking  ] GC(216) Mark: 1 stripe(s), 2 proactive flush(es), 1 terminate flush(es), 0 completion(s), 0 continuation(s) 
[247.530s][info][gc,marking  ] GC(216) Mark Stack Usage: 32M
[247.530s][info][gc,nmethod  ] GC(216) NMethods: 2003 registered, 366 unregistered
[247.530s][info][gc,metaspace] GC(216) Metaspace: 9M used, 10M committed, 1088M reserved
[247.530s][info][gc,ref      ] GC(216) Soft: 214 encountered, 0 discovered, 0 enqueued
[247.530s][info][gc,ref      ] GC(216) Weak: 811 encountered, 9 discovered, 0 enqueued
[247.531s][info][gc,ref      ] GC(216) Final: 0 encountered, 0 discovered, 0 enqueued
[247.531s][info][gc,ref      ] GC(216) Phantom: 27 encountered, 14 discovered, 0 enqueued
[247.531s][info][gc,reloc    ] GC(216) Small Pages: 212 / 424M, Empty: 374M, Relocated: 1M, In-Place: 0
[247.531s][info][gc,reloc    ] GC(216) Medium Pages: 0 / 0M, Empty: 0M, Relocated: 0M, In-Place: 0
[247.531s][info][gc,reloc    ] GC(216) Large Pages: 0 / 0M, Empty: 0M, Relocated: 0M, In-Place: 0
[247.531s][info][gc,reloc    ] GC(216) Forwarding Usage: 0M
[247.531s][info][gc,heap     ] GC(216) Min Capacity: 8M(2%)
[247.531s][info][gc,heap     ] GC(216) Max Capacity: 512M(100%)
[247.531s][info][gc,heap     ] GC(216) Soft Max Capacity: 512M(100%)
[247.531s][info][gc,heap     ] GC(216)                Mark Start          Mark End        Relocate Start      Relocate End           High               Low         
[247.531s][info][gc,heap     ] GC(216)  Capacity:      512M (100%)        512M (100%)        512M (100%)        512M (100%)        512M (100%)        512M (100%)   
[247.531s][info][gc,heap     ] GC(216)      Free:       88M (17%)          78M (15%)         448M (88%)         488M (95%)         488M (95%)          74M (14%)    
[247.531s][info][gc,heap     ] GC(216)      Used:      424M (83%)         434M (85%)          64M (13%)          24M (5%)          438M (86%)          24M (5%)     
[247.531s][info][gc,heap     ] GC(216)      Live:         -                 6M (1%)            6M (1%)            6M (1%)             -                  -          
[247.531s][info][gc,heap     ] GC(216) Allocated:         -                10M (2%)           14M (3%)           15M (3%)             -                  -          
[247.531s][info][gc,heap     ] GC(216)   Garbage:         -               417M (82%)          43M (9%)            1M (0%)             -                  -          
[247.531s][info][gc,heap     ] GC(216) Reclaimed:         -                  -               374M (73%)         415M (81%)            -                  -          
[247.531s][info][gc          ] GC(216) Garbage Collection (Allocation Rate) 424M(83%)->24M(5%)
[248.784s][info][gc,start    ] GC(217) Garbage Collection (Allocation Rate)
[248.784s][info][gc,task     ] GC(217) Using 1 workers
[248.785s][info][gc,phases   ] GC(217) Pause Mark Start 0.018ms
[248.812s][info][gc,phases   ] GC(217) Concurrent Mark 26.802ms
[248.812s][info][gc,phases   ] GC(217) Pause Mark End 0.018ms
[248.812s][info][gc,phases   ] GC(217) Concurrent Mark Free 0.002ms
[248.819s][info][gc,phases   ] GC(217) Concurrent Process Non-Strong References 7.142ms
[248.819s][info][gc,phases   ] GC(217) Concurrent Reset Relocation Set 0.004ms
[248.823s][info][gc,phases   ] GC(217) Concurrent Select Relocation Set 4.202ms
[248.824s][info][gc,phases   ] GC(217) Pause Relocate Start 0.009ms
[248.826s][info][gc,phases   ] GC(217) Concurrent Relocate 2.525ms
[248.826s][info][gc,load     ] GC(217) Load: 0.00/0.00/0.00
[248.826s][info][gc,mmu      ] GC(217) MMU: 2ms/98.6%, 5ms/99.5%, 10ms/99.6%, 20ms/99.8%, 50ms/99.9%, 100ms/99.9%
[248.826s][info][gc,marking  ] GC(217) Mark: 1 stripe(s), 2 proactive flush(es), 1 terminate flush(es), 0 completion(s), 0 continuation(s) 
[248.826s][info][gc,marking  ] GC(217) Mark Stack Usage: 32M
[248.826s][info][gc,nmethod  ] GC(217) NMethods: 2003 registered, 366 unregistered
[248.826s][info][gc,metaspace] GC(217) Metaspace: 9M used, 10M committed, 1088M reserved
[248.826s][info][gc,ref      ] GC(217) Soft: 214 encountered, 0 discovered, 0 enqueued
[248.826s][info][gc,ref      ] GC(217) Weak: 811 encountered, 189 discovered, 0 enqueued
[248.826s][info][gc,ref      ] GC(217) Final: 0 encountered, 0 discovered, 0 enqueued
[248.826s][info][gc,ref      ] GC(217) Phantom: 27 encountered, 25 discovered, 0 enqueued
[248.827s][info][gc,reloc    ] GC(217) Small Pages: 216 / 432M, Empty: 352M, Relocated: 1M, In-Place: 0
[248.827s][info][gc,reloc    ] GC(217) Medium Pages: 0 / 0M, Empty: 0M, Relocated: 0M, In-Place: 0
[248.827s][info][gc,reloc    ] GC(217) Large Pages: 0 / 0M, Empty: 0M, Relocated: 0M, In-Place: 0
[248.827s][info][gc,reloc    ] GC(217) Forwarding Usage: 0M
[248.827s][info][gc,heap     ] GC(217) Min Capacity: 8M(2%)
[248.827s][info][gc,heap     ] GC(217) Max Capacity: 512M(100%)
[248.827s][info][gc,heap     ] GC(217) Soft Max Capacity: 512M(100%)
[248.827s][info][gc,heap     ] GC(217)                Mark Start          Mark End        Relocate Start      Relocate End           High               Low         
[248.827s][info][gc,heap     ] GC(217)  Capacity:      512M (100%)        512M (100%)        512M (100%)        512M (100%)        512M (100%)        512M (100%)   
[248.827s][info][gc,heap     ] GC(217)      Free:       80M (16%)          70M (14%)         418M (82%)         488M (95%)         488M (95%)          68M (13%)    
[248.827s][info][gc,heap     ] GC(217)      Used:      432M (84%)         442M (86%)          94M (18%)          24M (5%)          444M (87%)          24M (5%)     
[248.827s][info][gc,heap     ] GC(217)      Live:         -                 6M (1%)            6M (1%)            6M (1%)             -                  -          
[248.827s][info][gc,heap     ] GC(217) Allocated:         -                10M (2%)           14M (3%)           15M (3%)             -                  -          
[248.827s][info][gc,heap     ] GC(217)   Garbage:         -               425M (83%)          73M (14%)           1M (0%)             -                  -          
[248.827s][info][gc,heap     ] GC(217) Reclaimed:         -                  -               352M (69%)         423M (83%)            -                  -          
[248.827s][info][gc          ] GC(217) Garbage Collection (Allocation Rate) 432M(84%)->24M(5%)
[249.311s][info][gc,start    ] GC(218) Garbage Collection (System.gc())
[249.311s][info][gc,task     ] GC(218) Using 5 workers
[249.311s][info][gc,phases   ] GC(218) Pause Mark Start 0.017ms
[249.323s][info][gc,phases   ] GC(218) Concurrent Mark 11.172ms
[249.323s][info][gc,phases   ] GC(218) Pause Mark End 0.016ms
[249.323s][info][gc,phases   ] GC(218) Concurrent Mark Free 0.001ms
[249.325s][info][gc,phases   ] GC(218) Concurrent Process Non-Strong References 1.801ms
[249.325s][info][gc,phases   ] GC(218) Concurrent Reset Relocation Set 0.007ms
[249.329s][info][gc,phases   ] GC(218) Concurrent Select Relocation Set 3.742ms
[249.329s][info][gc,phases   ] GC(218) Pause Relocate Start 0.009ms
[249.330s][info][gc,phases   ] GC(218) Concurrent Relocate 1.479ms
[249.330s][info][gc,load     ] GC(218) Load: 0.00/0.00/0.00
[249.330s][info][gc,mmu      ] GC(218) MMU: 2ms/98.6%, 5ms/99.5%, 10ms/99.6%, 20ms/99.8%, 50ms/99.9%, 100ms/99.9%
[249.330s][info][gc,marking  ] GC(218) Mark: 4 stripe(s), 1 proactive flush(es), 1 terminate flush(es), 0 completion(s), 0 continuation(s) 
[249.330s][info][gc,marking  ] GC(218) Mark Stack Usage: 32M
[249.330s][info][gc,nmethod  ] GC(218) NMethods: 2003 registered, 366 unregistered
[249.330s][info][gc,metaspace] GC(218) Metaspace: 9M used, 10M committed, 1088M reserved
[249.331s][info][gc,ref      ] GC(218) Soft: 214 encountered, 0 discovered, 0 enqueued
[249.331s][info][gc,ref      ] GC(218) Weak: 811 encountered, 567 discovered, 0 enqueued
[249.331s][info][gc,ref      ] GC(218) Final: 0 encountered, 0 discovered, 0 enqueued
[249.331s][info][gc,ref      ] GC(218) Phantom: 27 encountered, 21 discovered, 0 enqueued
[249.331s][info][gc,reloc    ] GC(218) Small Pages: 88 / 176M, Empty: 162M, Relocated: 1M, In-Place: 0
[249.331s][info][gc,reloc    ] GC(218) Medium Pages: 0 / 0M, Empty: 0M, Relocated: 0M, In-Place: 0
[249.331s][info][gc,reloc    ] GC(218) Large Pages: 0 / 0M, Empty: 0M, Relocated: 0M, In-Place: 0
[249.331s][info][gc,reloc    ] GC(218) Forwarding Usage: 0M
[249.331s][info][gc,heap     ] GC(218) Min Capacity: 8M(2%)
[249.331s][info][gc,heap     ] GC(218) Max Capacity: 512M(100%)
[249.331s][info][gc,heap     ] GC(218) Soft Max Capacity: 512M(100%)
[249.331s][info][gc,heap     ] GC(218)                Mark Start          Mark End        Relocate Start      Relocate End           High               Low         
[249.331s][info][gc,heap     ] GC(218)  Capacity:      512M (100%)        512M (100%)        512M (100%)        512M (100%)        512M (100%)        512M (100%)   
[249.331s][info][gc,heap     ] GC(218)      Free:      336M (66%)         336M (66%)         498M (97%)         498M (97%)         498M (97%)         336M (66%)    
[249.331s][info][gc,heap     ] GC(218)      Used:      176M (34%)         176M (34%)          14M (3%)           14M (3%)          176M (34%)          14M (3%)     
[249.331s][info][gc,heap     ] GC(218)      Live:         -                 4M (1%)            4M (1%)            4M (1%)             -                  -          
[249.331s][info][gc,heap     ] GC(218) Allocated:         -                 0M (0%)            0M (0%)            0M (0%)             -                  -          
[249.331s][info][gc,heap     ] GC(218)   Garbage:         -               171M (33%)           9M (2%)            9M (2%)             -                  -          
[249.331s][info][gc,heap     ] GC(218) Reclaimed:         -                  -               162M (32%)         162M (32%)            -                  -          
[249.331s][info][gc          ] GC(218) Garbage Collection (System.gc()) 176M(34%)->14M(3%)
[250.087s][info][gc,stats    ] === Garbage Collection Statistics =======================================================================================================================
[250.087s][info][gc,stats    ]                                                              Last 10s              Last 10m              Last 10h                Total
[250.087s][info][gc,stats    ]                                                              Avg / Max             Avg / Max             Avg / Max             Avg / Max
[250.087s][info][gc,stats    ]   Collector: Garbage Collection Cycle                     36.583 / 49.403       36.784 / 60.364       36.784 / 60.364       36.784 / 60.364      ms
[250.087s][info][gc,stats    ]  Contention: Mark Segment Reset Contention                     0 / 2                 0 / 6                 0 / 6                 0 / 6           ops/s
[250.087s][info][gc,stats    ]  Contention: Mark SeqNum Reset Contention                      0 / 0                 0 / 2                 0 / 2                 0 / 2           ops/s
[250.087s][info][gc,stats    ]    Critical: Allocation Stall                                  0 / 0                 0 / 0                 0 / 0                 0 / 0           ops/s
[250.087s][info][gc,stats    ]    Critical: Allocation Stall                              0.000 / 0.000         0.000 / 0.000         0.000 / 0.000         0.000 / 0.000       ms
[250.087s][info][gc,stats    ]    Critical: GC Locker Stall                                   0 / 0                 0 / 0                 0 / 0                 0 / 0           ops/s
[250.087s][info][gc,stats    ]    Critical: GC Locker Stall                               0.000 / 0.000         0.000 / 0.000         0.000 / 0.000         0.000 / 0.000       ms
[250.087s][info][gc,stats    ]    Critical: Relocation Stall                                  0 / 0                 0 / 0                 0 / 0                 0 / 0           ops/s
[250.087s][info][gc,stats    ]    Critical: Relocation Stall                              0.000 / 0.000         0.000 / 0.000         0.000 / 0.000         0.000 / 0.000       ms
[250.087s][info][gc,stats    ]      Memory: Allocation Rate                                 321 / 336             319 / 338             319 / 338             319 / 338         MB/s
[250.087s][info][gc,stats    ]      Memory: Defragment                                        0 / 0                 0 / 0                 0 / 0                 0 / 0           ops/s
[250.087s][info][gc,stats    ]      Memory: Out Of Memory                                     0 / 0                 0 / 0                 0 / 0                 0 / 0           ops/s
[250.087s][info][gc,stats    ]      Memory: Page Cache Flush                                  0 / 0                 0 / 0                 0 / 0                 0 / 0           MB/s
[250.087s][info][gc,stats    ]      Memory: Page Cache Hit L1                               163 / 169             161 / 174             161 / 174             161 / 174         ops/s
[250.087s][info][gc,stats    ]      Memory: Page Cache Hit L2                                 0 / 0                 0 / 0                 0 / 0                 0 / 0           ops/s
[250.088s][info][gc,stats    ]      Memory: Page Cache Hit L3                                 0 / 0                 0 / 77                0 / 77                0 / 77          ops/s
[250.088s][info][gc,stats    ]      Memory: Page Cache Miss                                   0 / 0                 0 / 1                 0 / 1                 0 / 1           ops/s
[250.088s][info][gc,stats    ]      Memory: Uncommit                                          0 / 0                 0 / 0                 0 / 0                 0 / 0           MB/s
[250.088s][info][gc,stats    ]      Memory: Undo Object Allocation Failed                     0 / 0                 0 / 6                 0 / 6                 0 / 6           ops/s
[250.088s][info][gc,stats    ]      Memory: Undo Object Allocation Succeeded                  0 / 4                 0 / 8                 0 / 8                 0 / 8           ops/s
[250.088s][info][gc,stats    ]      Memory: Undo Page Allocation                              1 / 5                 1 / 10                1 / 10                1 / 10          ops/s
[250.088s][info][gc,stats    ]       Phase: Concurrent Mark                              22.345 / 30.658       22.596 / 38.107       22.596 / 38.107       22.596 / 38.107      ms
[250.088s][info][gc,stats    ]       Phase: Concurrent Mark Continue                      0.000 / 0.000         0.000 / 0.000         0.000 / 0.000         0.000 / 0.000       ms
[250.088s][info][gc,stats    ]       Phase: Concurrent Mark Free                          0.001 / 0.002         0.001 / 0.002         0.001 / 0.002         0.001 / 0.002       ms
[250.088s][info][gc,stats    ]       Phase: Concurrent Process Non-Strong References      5.184 / 7.439         4.873 / 7.613         4.873 / 7.613         4.873 / 7.613       ms
[250.088s][info][gc,stats    ]       Phase: Concurrent Relocate                           3.613 / 7.287         3.571 / 8.950         3.571 / 8.950         3.571 / 8.950       ms
[250.088s][info][gc,stats    ]       Phase: Concurrent Reset Relocation Set               0.006 / 0.013         0.007 / 0.015         0.007 / 0.015         0.007 / 0.015       ms
[250.088s][info][gc,stats    ]       Phase: Concurrent Select Relocation Set              4.349 / 5.791         4.393 / 14.681        4.393 / 14.681        4.393 / 14.681      ms
[250.088s][info][gc,stats    ]       Phase: Pause Mark End                                0.017 / 0.019         0.017 / 0.021         0.017 / 0.021         0.017 / 0.021       ms
[250.088s][info][gc,stats    ]       Phase: Pause Mark Start                              0.017 / 0.019         0.017 / 0.027         0.017 / 0.027         0.017 / 0.027       ms
[250.088s][info][gc,stats    ]       Phase: Pause Relocate Start                          0.008 / 0.010         0.008 / 0.012         0.008 / 0.012         0.008 / 0.012       ms
[250.088s][info][gc,stats    ]    Subphase: Concurrent Classes Purge                      0.006 / 0.016         0.016 / 0.583         0.016 / 0.583         0.016 / 0.583       ms
[250.088s][info][gc,stats    ]    Subphase: Concurrent Classes Unlink                     4.244 / 6.137         3.996 / 6.150         3.996 / 6.150         3.996 / 6.150       ms
[250.088s][info][gc,stats    ]    Subphase: Concurrent Mark                              14.690 / 27.723       15.458 / 34.990       15.458 / 34.990       15.458 / 34.990      ms
[250.088s][info][gc,stats    ]    Subphase: Concurrent Mark Try Flush                     0.063 / 0.105         0.060 / 0.187         0.060 / 0.187         0.060 / 0.187       ms
[250.088s][info][gc,stats    ]    Subphase: Concurrent Mark Try Terminate                 2.708 / 8.591         3.406 / 16.488        3.406 / 16.488        3.406 / 16.488      ms
[250.088s][info][gc,stats    ]    Subphase: Concurrent References Enqueue                 0.000 / 0.000         0.000 / 0.005         0.000 / 0.005         0.000 / 0.005       ms
[250.088s][info][gc,stats    ]    Subphase: Concurrent References Process                 0.054 / 0.101         0.047 / 0.114         0.047 / 0.114         0.047 / 0.114       ms
[250.088s][info][gc,stats    ]    Subphase: Concurrent Roots ClassLoaderDataGraph         0.148 / 0.363         0.154 / 0.631         0.154 / 0.631         0.154 / 0.631       ms
[250.088s][info][gc,stats    ]    Subphase: Concurrent Roots CodeCache                    0.000 / 0.000         0.000 / 0.000         0.000 / 0.000         0.000 / 0.000       ms
[250.088s][info][gc,stats    ]    Subphase: Concurrent Roots JavaThreads                  1.113 / 2.464         0.982 / 2.464         0.982 / 2.464         0.982 / 2.464       ms
[250.088s][info][gc,stats    ]    Subphase: Concurrent Roots OopStorageSet                0.032 / 0.062         0.032 / 0.136         0.032 / 0.136         0.032 / 0.136       ms
[250.088s][info][gc,stats    ]    Subphase: Concurrent Weak Roots OopStorageSet           0.445 / 1.111         0.399 / 1.768         0.399 / 1.768         0.399 / 1.768       ms
[250.089s][info][gc,stats    ]    Subphase: Pause Mark Try Complete                       0.000 / 0.000         0.000 / 0.000         0.000 / 0.000         0.000 / 0.000       ms
[250.089s][info][gc,stats    ]      System: Java Threads                                     40 / 40               36 / 41               36 / 41               36 / 41          threads
[250.089s][info][gc,stats    ] =========================================================================================================================================================
[250.688s][info][gc,start    ] GC(219) Garbage Collection (Allocation Rate)
[250.688s][info][gc,task     ] GC(219) Using 1 workers
[250.688s][info][gc,phases   ] GC(219) Pause Mark Start 0.018ms
[250.717s][info][gc,phases   ] GC(219) Concurrent Mark 29.248ms
[250.717s][info][gc,phases   ] GC(219) Pause Mark End 0.014ms
[250.718s][info][gc,phases   ] GC(219) Concurrent Mark Free 0.002ms
[250.724s][info][gc,phases   ] GC(219) Concurrent Process Non-Strong References 6.706ms
[250.724s][info][gc,phases   ] GC(219) Concurrent Reset Relocation Set 0.003ms
[250.729s][info][gc,phases   ] GC(219) Concurrent Select Relocation Set 5.080ms
[250.730s][info][gc,phases   ] GC(219) Pause Relocate Start 0.006ms
[250.736s][info][gc,phases   ] GC(219) Concurrent Relocate 6.828ms
[250.737s][info][gc,load     ] GC(219) Load: 0.00/0.00/0.00
[250.737s][info][gc,mmu      ] GC(219) MMU: 2ms/98.6%, 5ms/99.5%, 10ms/99.6%, 20ms/99.8%, 50ms/99.9%, 100ms/99.9%
[250.737s][info][gc,marking  ] GC(219) Mark: 1 stripe(s), 2 proactive flush(es), 1 terminate flush(es), 0 completion(s), 0 continuation(s) 
[250.737s][info][gc,marking  ] GC(219) Mark Stack Usage: 32M
[250.737s][info][gc,nmethod  ] GC(219) NMethods: 2005 registered, 366 unregistered
[250.737s][info][gc,metaspace] GC(219) Metaspace: 9M used, 10M committed, 1088M reserved
[250.737s][info][gc,ref      ] GC(219) Soft: 214 encountered, 0 discovered, 0 enqueued
[250.737s][info][gc,ref      ] GC(219) Weak: 811 encountered, 189 discovered, 0 enqueued
[250.737s][info][gc,ref      ] GC(219) Final: 0 encountered, 0 discovered, 0 enqueued
[250.737s][info][gc,ref      ] GC(219) Phantom: 27 encountered, 25 discovered, 0 enqueued
[250.737s][info][gc,reloc    ] GC(219) Small Pages: 219 / 438M, Empty: 288M, Relocated: 2M, In-Place: 0
[250.737s][info][gc,reloc    ] GC(219) Medium Pages: 0 / 0M, Empty: 0M, Relocated: 0M, In-Place: 0
[250.737s][info][gc,reloc    ] GC(219) Large Pages: 0 / 0M, Empty: 0M, Relocated: 0M, In-Place: 0
[250.737s][info][gc,reloc    ] GC(219) Forwarding Usage: 1M
[250.737s][info][gc,heap     ] GC(219) Min Capacity: 8M(2%)
[250.737s][info][gc,heap     ] GC(219) Max Capacity: 512M(100%)
[250.737s][info][gc,heap     ] GC(219) Soft Max Capacity: 512M(100%)
[250.737s][info][gc,heap     ] GC(219)                Mark Start          Mark End        Relocate Start      Relocate End           High               Low         
[250.737s][info][gc,heap     ] GC(219)  Capacity:      512M (100%)        512M (100%)        512M (100%)        512M (100%)        512M (100%)        512M (100%)   
[250.737s][info][gc,heap     ] GC(219)      Free:       74M (14%)          62M (12%)         348M (68%)         488M (95%)         488M (95%)          60M (12%)    
[250.737s][info][gc,heap     ] GC(219)      Used:      438M (86%)         450M (88%)         164M (32%)          24M (5%)          452M (88%)          24M (5%)     
[250.737s][info][gc,heap     ] GC(219)      Live:         -                 6M (1%)            6M (1%)            6M (1%)             -                  -          
[250.737s][info][gc,heap     ] GC(219) Allocated:         -                12M (2%)           14M (3%)           15M (3%)             -                  -          
[250.737s][info][gc,heap     ] GC(219)   Garbage:         -               431M (84%)         143M (28%)           1M (0%)             -                  -          
[250.737s][info][gc,heap     ] GC(219) Reclaimed:         -                  -               288M (56%)         429M (84%)            -                  -          
[250.737s][info][gc          ] GC(219) Garbage Collection (Allocation Rate) 438M(86%)->24M(5%)
[251.983s][info][gc,start    ] GC(220) Garbage Collection (Proactive)
[251.989s][info][gc,task     ] GC(220) Using 5 workers
[251.989s][info][gc,phases   ] GC(220) Pause Mark Start 0.019ms
[251.998s][info][gc,phases   ] GC(220) Concurrent Mark 9.552ms
[251.999s][info][gc,phases   ] GC(220) Pause Mark End 0.021ms
[251.999s][info][gc,phases   ] GC(220) Concurrent Mark Free 0.001ms
[252.000s][info][gc,phases   ] GC(220) Concurrent Process Non-Strong References 1.678ms
[252.000s][info][gc,phases   ] GC(220) Concurrent Reset Relocation Set 0.011ms
[252.004s][info][gc,phases   ] GC(220) Concurrent Select Relocation Set 3.548ms
[252.004s][info][gc,phases   ] GC(220) Pause Relocate Start 0.009ms
[252.006s][info][gc,phases   ] GC(220) Concurrent Relocate 1.996ms
[252.006s][info][gc,load     ] GC(220) Load: 0.00/0.00/0.00
[252.006s][info][gc,mmu      ] GC(220) MMU: 2ms/98.6%, 5ms/99.5%, 10ms/99.6%, 20ms/99.8%, 50ms/99.9%, 100ms/99.9%
[252.006s][info][gc,marking  ] GC(220) Mark: 4 stripe(s), 2 proactive flush(es), 1 terminate flush(es), 0 completion(s), 0 continuation(s) 
[252.006s][info][gc,marking  ] GC(220) Mark Stack Usage: 32M
[252.006s][info][gc,nmethod  ] GC(220) NMethods: 2005 registered, 366 unregistered
[252.007s][info][gc,metaspace] GC(220) Metaspace: 9M used, 10M committed, 1088M reserved
[252.007s][info][gc,ref      ] GC(220) Soft: 214 encountered, 0 discovered, 0 enqueued
[252.007s][info][gc,ref      ] GC(220) Weak: 811 encountered, 130 discovered, 0 enqueued
[252.007s][info][gc,ref      ] GC(220) Final: 0 encountered, 0 discovered, 0 enqueued
[252.007s][info][gc,ref      ] GC(220) Phantom: 27 encountered, 23 discovered, 0 enqueued
[252.007s][info][gc,reloc    ] GC(220) Small Pages: 211 / 422M, Empty: 280M, Relocated: 1M, In-Place: 0
[252.007s][info][gc,reloc    ] GC(220) Medium Pages: 0 / 0M, Empty: 0M, Relocated: 0M, In-Place: 0
[252.007s][info][gc,reloc    ] GC(220) Large Pages: 0 / 0M, Empty: 0M, Relocated: 0M, In-Place: 0
[252.007s][info][gc,reloc    ] GC(220) Forwarding Usage: 0M
[252.007s][info][gc,heap     ] GC(220) Min Capacity: 8M(2%)
[252.007s][info][gc,heap     ] GC(220) Max Capacity: 512M(100%)
[252.007s][info][gc,heap     ] GC(220) Soft Max Capacity: 512M(100%)
[252.007s][info][gc,heap     ] GC(220)                Mark Start          Mark End        Relocate Start      Relocate End           High               Low         
[252.007s][info][gc,heap     ] GC(220)  Capacity:      512M (100%)        512M (100%)        512M (100%)        512M (100%)        512M (100%)        512M (100%)   
[252.007s][info][gc,heap     ] GC(220)      Free:       90M (18%)          84M (16%)         364M (71%)         488M (95%)         488M (95%)          84M (16%)    
[252.007s][info][gc,heap     ] GC(220)      Used:      422M (82%)         428M (84%)         148M (29%)          24M (5%)          428M (84%)          24M (5%)     
[252.007s][info][gc,heap     ] GC(220)      Live:         -                 6M (1%)            6M (1%)            6M (1%)             -                  -          
[252.007s][info][gc,heap     ] GC(220) Allocated:         -                 6M (1%)            6M (1%)            7M (2%)             -                  -          
[252.007s][info][gc,heap     ] GC(220)   Garbage:         -               415M (81%)         135M (27%)           9M (2%)             -                  -          
[252.007s][info][gc,heap     ] GC(220) Reclaimed:         -                  -               280M (55%)         405M (79%)            -                  -          
[252.007s][info][gc          ] GC(220) Garbage Collection (Proactive) 422M(82%)->24M(5%)
[253.278s][info][gc,start    ] GC(221) Garbage Collection (Allocation Rate)
[253.278s][info][gc,task     ] GC(221) Using 1 workers
[253.278s][info][gc,phases   ] GC(221) Pause Mark Start 0.017ms
[253.304s][info][gc,phases   ] GC(221) Concurrent Mark 25.879ms
[253.305s][info][gc,phases   ] GC(221) Pause Mark End 0.017ms
[253.305s][info][gc,phases   ] GC(221) Concurrent Mark Free 0.002ms
[253.311s][info][gc,phases   ] GC(221) Concurrent Process Non-Strong References 6.512ms
[253.311s][info][gc,phases   ] GC(221) Concurrent Reset Relocation Set 0.010ms
[253.317s][info][gc,phases   ] GC(221) Concurrent Select Relocation Set 5.367ms
[253.317s][info][gc,phases   ] GC(221) Pause Relocate Start 0.007ms
[253.321s][info][gc,phases   ] GC(221) Concurrent Relocate 4.365ms
[253.321s][info][gc,load     ] GC(221) Load: 0.00/0.00/0.00
[253.321s][info][gc,mmu      ] GC(221) MMU: 2ms/98.6%, 5ms/99.5%, 10ms/99.6%, 20ms/99.8%, 50ms/99.9%, 100ms/99.9%
[253.321s][info][gc,marking  ] GC(221) Mark: 1 stripe(s), 2 proactive flush(es), 1 terminate flush(es), 0 completion(s), 0 continuation(s) 
[253.321s][info][gc,marking  ] GC(221) Mark Stack Usage: 32M
[253.321s][info][gc,nmethod  ] GC(221) NMethods: 2005 registered, 366 unregistered
[253.322s][info][gc,metaspace] GC(221) Metaspace: 9M used, 10M committed, 1088M reserved
[253.322s][info][gc,ref      ] GC(221) Soft: 214 encountered, 0 discovered, 0 enqueued
[253.322s][info][gc,ref      ] GC(221) Weak: 811 encountered, 9 discovered, 0 enqueued
[253.322s][info][gc,ref      ] GC(221) Final: 0 encountered, 0 discovered, 0 enqueued
[253.322s][info][gc,ref      ] GC(221) Phantom: 27 encountered, 14 discovered, 0 enqueued
[253.322s][info][gc,reloc    ] GC(221) Small Pages: 214 / 428M, Empty: 348M, Relocated: 2M, In-Place: 0
[253.322s][info][gc,reloc    ] GC(221) Medium Pages: 0 / 0M, Empty: 0M, Relocated: 0M, In-Place: 0
[253.322s][info][gc,reloc    ] GC(221) Large Pages: 0 / 0M, Empty: 0M, Relocated: 0M, In-Place: 0
[253.322s][info][gc,reloc    ] GC(221) Forwarding Usage: 0M
[253.322s][info][gc,heap     ] GC(221) Min Capacity: 8M(2%)
[253.322s][info][gc,heap     ] GC(221) Max Capacity: 512M(100%)
[253.322s][info][gc,heap     ] GC(221) Soft Max Capacity: 512M(100%)
[253.322s][info][gc,heap     ] GC(221)                Mark Start          Mark End        Relocate Start      Relocate End           High               Low         
[253.322s][info][gc,heap     ] GC(221)  Capacity:      512M (100%)        512M (100%)        512M (100%)        512M (100%)        512M (100%)        512M (100%)   
[253.322s][info][gc,heap     ] GC(221)      Free:       84M (16%)          74M (14%)         416M (81%)         488M (95%)         488M (95%)          72M (14%)    
[253.322s][info][gc,heap     ] GC(221)      Used:      428M (84%)         438M (86%)          96M (19%)          24M (5%)          440M (86%)          24M (5%)     
[253.322s][info][gc,heap     ] GC(221)      Live:         -                 6M (1%)            6M (1%)            6M (1%)             -                  -          
[253.322s][info][gc,heap     ] GC(221) Allocated:         -                10M (2%)           16M (3%)           15M (3%)             -                  -          
[253.322s][info][gc,heap     ] GC(221)   Garbage:         -               421M (82%)          73M (14%)           1M (0%)             -                  -          
[253.322s][info][gc,heap     ] GC(221) Reclaimed:         -                  -               348M (68%)         419M (82%)            -                  -          
[253.322s][info][gc          ] GC(221) Garbage Collection (Allocation Rate) 428M(84%)->24M(5%)
[254.589s][info][gc,start    ] GC(222) Garbage Collection (Allocation Rate)
[254.589s][info][gc,task     ] GC(222) Using 1 workers
[254.589s][info][gc,phases   ] GC(222) Pause Mark Start 0.018ms
[254.615s][info][gc,phases   ] GC(222) Concurrent Mark 25.439ms
[254.615s][info][gc,phases   ] GC(222) Pause Mark End 0.019ms
[254.615s][info][gc,phases   ] GC(222) Concurrent Mark Free 0.002ms
[254.622s][info][gc,phases   ] GC(222) Concurrent Process Non-Strong References 7.292ms
[254.622s][info][gc,phases   ] GC(222) Concurrent Reset Relocation Set 0.007ms
[254.626s][info][gc,phases   ] GC(222) Concurrent Select Relocation Set 3.785ms
[254.626s][info][gc,phases   ] GC(222) Pause Relocate Start 0.011ms
[254.629s][info][gc,phases   ] GC(222) Concurrent Relocate 3.053ms
[254.630s][info][gc,load     ] GC(222) Load: 0.00/0.00/0.00
[254.630s][info][gc,mmu      ] GC(222) MMU: 2ms/98.6%, 5ms/99.5%, 10ms/99.6%, 20ms/99.8%, 50ms/99.9%, 100ms/99.9%
[254.630s][info][gc,marking  ] GC(222) Mark: 1 stripe(s), 2 proactive flush(es), 1 terminate flush(es), 0 completion(s), 0 continuation(s) 
[254.630s][info][gc,marking  ] GC(222) Mark Stack Usage: 32M
[254.630s][info][gc,nmethod  ] GC(222) NMethods: 2005 registered, 366 unregistered
[254.630s][info][gc,metaspace] GC(222) Metaspace: 9M used, 10M committed, 1088M reserved
[254.630s][info][gc,ref      ] GC(222) Soft: 214 encountered, 0 discovered, 0 enqueued
[254.630s][info][gc,ref      ] GC(222) Weak: 811 encountered, 189 discovered, 0 enqueued
[254.630s][info][gc,ref      ] GC(222) Final: 0 encountered, 0 discovered, 0 enqueued
[254.630s][info][gc,ref      ] GC(222) Phantom: 27 encountered, 25 discovered, 0 enqueued
[254.630s][info][gc,reloc    ] GC(222) Small Pages: 220 / 440M, Empty: 358M, Relocated: 1M, In-Place: 0
[254.630s][info][gc,reloc    ] GC(222) Medium Pages: 0 / 0M, Empty: 0M, Relocated: 0M, In-Place: 0
[254.630s][info][gc,reloc    ] GC(222) Large Pages: 0 / 0M, Empty: 0M, Relocated: 0M, In-Place: 0
[254.630s][info][gc,reloc    ] GC(222) Forwarding Usage: 0M
[254.630s][info][gc,heap     ] GC(222) Min Capacity: 8M(2%)
[254.630s][info][gc,heap     ] GC(222) Max Capacity: 512M(100%)
[254.630s][info][gc,heap     ] GC(222) Soft Max Capacity: 512M(100%)
[254.630s][info][gc,heap     ] GC(222)                Mark Start          Mark End        Relocate Start      Relocate End           High               Low         
[254.630s][info][gc,heap     ] GC(222)  Capacity:      512M (100%)        512M (100%)        512M (100%)        512M (100%)        512M (100%)        512M (100%)   
[254.630s][info][gc,heap     ] GC(222)      Free:       72M (14%)          62M (12%)         416M (81%)         490M (96%)         490M (96%)          60M (12%)    
[254.630s][info][gc,heap     ] GC(222)      Used:      440M (86%)         450M (88%)          96M (19%)          22M (4%)          452M (88%)          22M (4%)     
[254.630s][info][gc,heap     ] GC(222)      Live:         -                 6M (1%)            6M (1%)            6M (1%)             -                  -          
[254.630s][info][gc,heap     ] GC(222) Allocated:         -                10M (2%)           14M (3%)           13M (3%)             -                  -          
[254.630s][info][gc,heap     ] GC(222)   Garbage:         -               433M (85%)          75M (15%)           1M (0%)             -                  -          
[254.630s][info][gc,heap     ] GC(222) Reclaimed:         -                  -               358M (70%)         431M (84%)            -                  -          
[254.630s][info][gc          ] GC(222) Garbage Collection (Allocation Rate) 440M(86%)->22M(4%)
[255.589s][info][gc,start    ] GC(223) Garbage Collection (Proactive)
[255.589s][info][gc,task     ] GC(223) Using 5 workers
[255.589s][info][gc,phases   ] GC(223) Pause Mark Start 0.018ms
[255.604s][info][gc,phases   ] GC(223) Concurrent Mark 15.187ms
[255.604s][info][gc,phases   ] GC(223) Pause Mark End 0.019ms
[255.604s][info][gc,phases   ] GC(223) Concurrent Mark Free 0.001ms
[255.606s][info][gc,phases   ] GC(223) Concurrent Process Non-Strong References 1.662ms
[255.606s][info][gc,phases   ] GC(223) Concurrent Reset Relocation Set 0.005ms
[255.610s][info][gc,phases   ] GC(223) Concurrent Select Relocation Set 3.812ms
[255.610s][info][gc,phases   ] GC(223) Pause Relocate Start 0.009ms
[255.613s][info][gc,phases   ] GC(223) Concurrent Relocate 2.289ms
[255.613s][info][gc,load     ] GC(223) Load: 0.00/0.00/0.00
[255.613s][info][gc,mmu      ] GC(223) MMU: 2ms/98.6%, 5ms/99.5%, 10ms/99.6%, 20ms/99.8%, 50ms/99.9%, 100ms/99.9%
[255.613s][info][gc,marking  ] GC(223) Mark: 4 stripe(s), 2 proactive flush(es), 1 terminate flush(es), 0 completion(s), 0 continuation(s) 
[255.613s][info][gc,marking  ] GC(223) Mark Stack Usage: 32M
[255.613s][info][gc,nmethod  ] GC(223) NMethods: 2005 registered, 366 unregistered
[255.613s][info][gc,metaspace] GC(223) Metaspace: 9M used, 10M committed, 1088M reserved
[255.613s][info][gc,ref      ] GC(223) Soft: 214 encountered, 0 discovered, 0 enqueued
[255.613s][info][gc,ref      ] GC(223) Weak: 811 encountered, 215 discovered, 0 enqueued
[255.613s][info][gc,ref      ] GC(223) Final: 0 encountered, 0 discovered, 0 enqueued
[255.613s][info][gc,ref      ] GC(223) Phantom: 27 encountered, 21 discovered, 0 enqueued
[255.613s][info][gc,reloc    ] GC(223) Small Pages: 164 / 328M, Empty: 202M, Relocated: 1M, In-Place: 0
[255.613s][info][gc,reloc    ] GC(223) Medium Pages: 0 / 0M, Empty: 0M, Relocated: 0M, In-Place: 0
[255.613s][info][gc,reloc    ] GC(223) Large Pages: 0 / 0M, Empty: 0M, Relocated: 0M, In-Place: 0
[255.613s][info][gc,reloc    ] GC(223) Forwarding Usage: 0M
[255.613s][info][gc,heap     ] GC(223) Min Capacity: 8M(2%)
[255.613s][info][gc,heap     ] GC(223) Max Capacity: 512M(100%)
[255.613s][info][gc,heap     ] GC(223) Soft Max Capacity: 512M(100%)
[255.613s][info][gc,heap     ] GC(223)                Mark Start          Mark End        Relocate Start      Relocate End           High               Low         
[255.613s][info][gc,heap     ] GC(223)  Capacity:      512M (100%)        512M (100%)        512M (100%)        512M (100%)        512M (100%)        512M (100%)   
[255.613s][info][gc,heap     ] GC(223)      Free:      184M (36%)         178M (35%)         378M (74%)         488M (95%)         488M (95%)         176M (34%)    
[255.613s][info][gc,heap     ] GC(223)      Used:      328M (64%)         334M (65%)         134M (26%)          24M (5%)          336M (66%)          24M (5%)     
[255.613s][info][gc,heap     ] GC(223)      Live:         -                 6M (1%)            6M (1%)            6M (1%)             -                  -          
[255.613s][info][gc,heap     ] GC(223) Allocated:         -                 6M (1%)            8M (2%)            7M (2%)             -                  -          
[255.613s][info][gc,heap     ] GC(223)   Garbage:         -               321M (63%)         119M (23%)           9M (2%)             -                  -          
[255.613s][info][gc,heap     ] GC(223) Reclaimed:         -                  -               202M (39%)         311M (61%)            -                  -          
[255.613s][info][gc          ] GC(223) Garbage Collection (Proactive) 328M(64%)->24M(5%)
[256.163s][info][gc,start    ] GC(224) Garbage Collection (System.gc())
[256.163s][info][gc,task     ] GC(224) Using 5 workers
[256.163s][info][gc,phases   ] GC(224) Pause Mark Start 0.017ms
[256.182s][info][gc,phases   ] GC(224) Concurrent Mark 19.228ms
[256.182s][info][gc,phases   ] GC(224) Pause Mark End 0.016ms
[256.182s][info][gc,phases   ] GC(224) Concurrent Mark Free 0.001ms
[256.184s][info][gc,phases   ] GC(224) Concurrent Process Non-Strong References 1.547ms
[256.184s][info][gc,phases   ] GC(224) Concurrent Reset Relocation Set 0.010ms
[256.188s][info][gc,phases   ] GC(224) Concurrent Select Relocation Set 3.760ms
[256.188s][info][gc,phases   ] GC(224) Pause Relocate Start 0.007ms
[256.189s][info][gc,phases   ] GC(224) Concurrent Relocate 1.543ms
[256.190s][info][gc,load     ] GC(224) Load: 0.00/0.00/0.00
[256.190s][info][gc,mmu      ] GC(224) MMU: 2ms/98.6%, 5ms/99.5%, 10ms/99.6%, 20ms/99.8%, 50ms/99.9%, 100ms/99.9%
[256.190s][info][gc,marking  ] GC(224) Mark: 4 stripe(s), 1 proactive flush(es), 1 terminate flush(es), 0 completion(s), 0 continuation(s) 
[256.190s][info][gc,marking  ] GC(224) Mark Stack Usage: 32M
[256.190s][info][gc,nmethod  ] GC(224) NMethods: 2005 registered, 366 unregistered
[256.190s][info][gc,metaspace] GC(224) Metaspace: 9M used, 10M committed, 1088M reserved
[256.190s][info][gc,ref      ] GC(224) Soft: 214 encountered, 0 discovered, 0 enqueued
[256.190s][info][gc,ref      ] GC(224) Weak: 811 encountered, 37 discovered, 0 enqueued
[256.190s][info][gc,ref      ] GC(224) Final: 0 encountered, 0 discovered, 0 enqueued
[256.190s][info][gc,ref      ] GC(224) Phantom: 27 encountered, 21 discovered, 0 enqueued
[256.190s][info][gc,reloc    ] GC(224) Small Pages: 101 / 202M, Empty: 188M, Relocated: 1M, In-Place: 0
[256.190s][info][gc,reloc    ] GC(224) Medium Pages: 0 / 0M, Empty: 0M, Relocated: 0M, In-Place: 0
[256.190s][info][gc,reloc    ] GC(224) Large Pages: 0 / 0M, Empty: 0M, Relocated: 0M, In-Place: 0
[256.190s][info][gc,reloc    ] GC(224) Forwarding Usage: 0M
[256.190s][info][gc,heap     ] GC(224) Min Capacity: 8M(2%)
[256.190s][info][gc,heap     ] GC(224) Max Capacity: 512M(100%)
[256.190s][info][gc,heap     ] GC(224) Soft Max Capacity: 512M(100%)
[256.190s][info][gc,heap     ] GC(224)                Mark Start          Mark End        Relocate Start      Relocate End           High               Low         
[256.190s][info][gc,heap     ] GC(224)  Capacity:      512M (100%)        512M (100%)        512M (100%)        512M (100%)        512M (100%)        512M (100%)   
[256.190s][info][gc,heap     ] GC(224)      Free:      310M (61%)         310M (61%)         498M (97%)         498M (97%)         498M (97%)         310M (61%)    
[256.190s][info][gc,heap     ] GC(224)      Used:      202M (39%)         202M (39%)          14M (3%)           14M (3%)          202M (39%)          14M (3%)     
[256.190s][info][gc,heap     ] GC(224)      Live:         -                 4M (1%)            4M (1%)            4M (1%)             -                  -          
[256.190s][info][gc,heap     ] GC(224) Allocated:         -                 0M (0%)            0M (0%)            0M (0%)             -                  -          
[256.190s][info][gc,heap     ] GC(224)   Garbage:         -               197M (38%)           9M (2%)            9M (2%)             -                  -          
[256.190s][info][gc,heap     ] GC(224) Reclaimed:         -                  -               188M (37%)         188M (37%)            -                  -          
[256.190s][info][gc          ] GC(224) Garbage Collection (System.gc()) 202M(39%)->14M(3%)
[257.385s][info][gc,start    ] GC(225) Garbage Collection (Allocation Rate)
[257.385s][info][gc,task     ] GC(225) Using 1 workers
[257.385s][info][gc,phases   ] GC(225) Pause Mark Start 0.018ms
[257.412s][info][gc,phases   ] GC(225) Concurrent Mark 27.008ms
[257.413s][info][gc,phases   ] GC(225) Pause Mark End 0.020ms
[257.413s][info][gc,phases   ] GC(225) Concurrent Mark Free 0.001ms
[257.420s][info][gc,phases   ] GC(225) Concurrent Process Non-Strong References 7.313ms
[257.420s][info][gc,phases   ] GC(225) Concurrent Reset Relocation Set 0.001ms
[257.425s][info][gc,phases   ] GC(225) Concurrent Select Relocation Set 5.174ms
[257.425s][info][gc,phases   ] GC(225) Pause Relocate Start 0.008ms
[257.430s][info][gc,phases   ] GC(225) Concurrent Relocate 4.674ms
[257.430s][info][gc,load     ] GC(225) Load: 0.00/0.00/0.00
[257.430s][info][gc,mmu      ] GC(225) MMU: 2ms/98.6%, 5ms/99.5%, 10ms/99.6%, 20ms/99.8%, 50ms/99.9%, 100ms/99.9%
[257.430s][info][gc,marking  ] GC(225) Mark: 1 stripe(s), 2 proactive flush(es), 1 terminate flush(es), 0 completion(s), 0 continuation(s) 
[257.430s][info][gc,marking  ] GC(225) Mark Stack Usage: 32M
[257.430s][info][gc,nmethod  ] GC(225) NMethods: 2005 registered, 366 unregistered
[257.430s][info][gc,metaspace] GC(225) Metaspace: 9M used, 10M committed, 1088M reserved
[257.430s][info][gc,ref      ] GC(225) Soft: 214 encountered, 0 discovered, 0 enqueued
[257.430s][info][gc,ref      ] GC(225) Weak: 811 encountered, 9 discovered, 0 enqueued
[257.430s][info][gc,ref      ] GC(225) Final: 0 encountered, 0 discovered, 0 enqueued
[257.431s][info][gc,ref      ] GC(225) Phantom: 27 encountered, 14 discovered, 0 enqueued
[257.431s][info][gc,reloc    ] GC(225) Small Pages: 196 / 392M, Empty: 252M, Relocated: 2M, In-Place: 0
[257.431s][info][gc,reloc    ] GC(225) Medium Pages: 0 / 0M, Empty: 0M, Relocated: 0M, In-Place: 0
[257.431s][info][gc,reloc    ] GC(225) Large Pages: 0 / 0M, Empty: 0M, Relocated: 0M, In-Place: 0
[257.431s][info][gc,reloc    ] GC(225) Forwarding Usage: 1M
[257.431s][info][gc,heap     ] GC(225) Min Capacity: 8M(2%)
[257.431s][info][gc,heap     ] GC(225) Max Capacity: 512M(100%)
[257.431s][info][gc,heap     ] GC(225) Soft Max Capacity: 512M(100%)
[257.431s][info][gc,heap     ] GC(225)                Mark Start          Mark End        Relocate Start      Relocate End           High               Low         
[257.431s][info][gc,heap     ] GC(225)  Capacity:      512M (100%)        512M (100%)        512M (100%)        512M (100%)        512M (100%)        512M (100%)   
[257.431s][info][gc,heap     ] GC(225)      Free:      120M (23%)         110M (21%)         358M (70%)         488M (95%)         488M (95%)         108M (21%)    
[257.431s][info][gc,heap     ] GC(225)      Used:      392M (77%)         402M (79%)         154M (30%)          24M (5%)          404M (79%)          24M (5%)     
[257.431s][info][gc,heap     ] GC(225)      Live:         -                 6M (1%)            6M (1%)            6M (1%)             -                  -          
[257.431s][info][gc,heap     ] GC(225) Allocated:         -                10M (2%)           14M (3%)           15M (3%)             -                  -          
[257.431s][info][gc,heap     ] GC(225)   Garbage:         -               385M (75%)         133M (26%)           1M (0%)             -                  -          
[257.431s][info][gc,heap     ] GC(225) Reclaimed:         -                  -               252M (49%)         383M (75%)            -                  -          
[257.431s][info][gc          ] GC(225) Garbage Collection (Allocation Rate) 392M(77%)->24M(5%)
[258.682s][info][gc,start    ] GC(226) Garbage Collection (Allocation Rate)
[258.682s][info][gc,task     ] GC(226) Using 1 workers
[258.682s][info][gc,phases   ] GC(226) Pause Mark Start 0.018ms
[258.710s][info][gc,phases   ] GC(226) Concurrent Mark 28.442ms
[258.711s][info][gc,phases   ] GC(226) Pause Mark End 0.013ms
[258.711s][info][gc,phases   ] GC(226) Concurrent Mark Free 0.001ms
[258.718s][info][gc,phases   ] GC(226) Concurrent Process Non-Strong References 7.306ms
[258.718s][info][gc,phases   ] GC(226) Concurrent Reset Relocation Set 0.011ms
[258.722s][info][gc,phases   ] GC(226) Concurrent Select Relocation Set 4.022ms
[258.722s][info][gc,phases   ] GC(226) Pause Relocate Start 0.006ms
[258.727s][info][gc,phases   ] GC(226) Concurrent Relocate 4.185ms
[258.727s][info][gc,load     ] GC(226) Load: 0.00/0.00/0.00
[258.727s][info][gc,mmu      ] GC(226) MMU: 2ms/98.6%, 5ms/99.5%, 10ms/99.6%, 20ms/99.8%, 50ms/99.9%, 100ms/99.9%
[258.727s][info][gc,marking  ] GC(226) Mark: 1 stripe(s), 2 proactive flush(es), 1 terminate flush(es), 0 completion(s), 0 continuation(s) 
[258.727s][info][gc,marking  ] GC(226) Mark Stack Usage: 32M
[258.727s][info][gc,nmethod  ] GC(226) NMethods: 2005 registered, 366 unregistered
[258.727s][info][gc,metaspace] GC(226) Metaspace: 9M used, 10M committed, 1088M reserved
[258.727s][info][gc,ref      ] GC(226) Soft: 214 encountered, 0 discovered, 0 enqueued
[258.727s][info][gc,ref      ] GC(226) Weak: 811 encountered, 9 discovered, 0 enqueued
[258.727s][info][gc,ref      ] GC(226) Final: 0 encountered, 0 discovered, 0 enqueued
[258.727s][info][gc,ref      ] GC(226) Phantom: 27 encountered, 14 discovered, 0 enqueued
[258.727s][info][gc,reloc    ] GC(226) Small Pages: 210 / 420M, Empty: 314M, Relocated: 1M, In-Place: 0
[258.727s][info][gc,reloc    ] GC(226) Medium Pages: 0 / 0M, Empty: 0M, Relocated: 0M, In-Place: 0
[258.727s][info][gc,reloc    ] GC(226) Large Pages: 0 / 0M, Empty: 0M, Relocated: 0M, In-Place: 0
[258.727s][info][gc,reloc    ] GC(226) Forwarding Usage: 0M
[258.727s][info][gc,heap     ] GC(226) Min Capacity: 8M(2%)
[258.727s][info][gc,heap     ] GC(226) Max Capacity: 512M(100%)
[258.727s][info][gc,heap     ] GC(226) Soft Max Capacity: 512M(100%)
[258.727s][info][gc,heap     ] GC(226)                Mark Start          Mark End        Relocate Start      Relocate End           High               Low         
[258.727s][info][gc,heap     ] GC(226)  Capacity:      512M (100%)        512M (100%)        512M (100%)        512M (100%)        512M (100%)        512M (100%)   
[258.727s][info][gc,heap     ] GC(226)      Free:       92M (18%)          80M (16%)         392M (77%)         488M (95%)         488M (95%)          78M (15%)    
[258.727s][info][gc,heap     ] GC(226)      Used:      420M (82%)         432M (84%)         120M (23%)          24M (5%)          434M (85%)          24M (5%)     
[258.727s][info][gc,heap     ] GC(226)      Live:         -                 6M (1%)            6M (1%)            6M (1%)             -                  -          
[258.727s][info][gc,heap     ] GC(226) Allocated:         -                12M (2%)           14M (3%)           15M (3%)             -                  -          
[258.727s][info][gc,heap     ] GC(226)   Garbage:         -               413M (81%)          99M (19%)           1M (0%)             -                  -          
[258.727s][info][gc,heap     ] GC(226) Reclaimed:         -                  -               314M (61%)         411M (80%)            -                  -          
[258.727s][info][gc          ] GC(226) Garbage Collection (Allocation Rate) 420M(82%)->24M(5%)
[259.978s][info][gc,start    ] GC(227) Garbage Collection (Allocation Rate)
[259.978s][info][gc,task     ] GC(227) Using 1 workers
[259.978s][info][gc,phases   ] GC(227) Pause Mark Start 0.018ms
[260.006s][info][gc,phases   ] GC(227) Concurrent Mark 27.440ms
[260.006s][info][gc,phases   ] GC(227) Pause Mark End 0.017ms
[260.006s][info][gc,phases   ] GC(227) Concurrent Mark Free 0.001ms
[260.013s][info][gc,phases   ] GC(227) Concurrent Process Non-Strong References 7.119ms
[260.013s][info][gc,phases   ] GC(227) Concurrent Reset Relocation Set 0.007ms
[260.018s][info][gc,phases   ] GC(227) Concurrent Select Relocation Set 3.914ms
[260.018s][info][gc,phases   ] GC(227) Pause Relocate Start 0.009ms
[260.021s][info][gc,phases   ] GC(227) Concurrent Relocate 3.404ms
[260.022s][info][gc,load     ] GC(227) Load: 0.00/0.00/0.00
[260.022s][info][gc,mmu      ] GC(227) MMU: 2ms/98.6%, 5ms/99.5%, 10ms/99.6%, 20ms/99.8%, 50ms/99.9%, 100ms/99.9%
[260.022s][info][gc,marking  ] GC(227) Mark: 1 stripe(s), 2 proactive flush(es), 1 terminate flush(es), 0 completion(s), 0 continuation(s) 
[260.022s][info][gc,marking  ] GC(227) Mark Stack Usage: 32M
[260.022s][info][gc,nmethod  ] GC(227) NMethods: 2005 registered, 366 unregistered
[260.022s][info][gc,metaspace] GC(227) Metaspace: 9M used, 10M committed, 1088M reserved
[260.022s][info][gc,ref      ] GC(227) Soft: 214 encountered, 0 discovered, 0 enqueued
[260.022s][info][gc,ref      ] GC(227) Weak: 811 encountered, 9 discovered, 0 enqueued
[260.022s][info][gc,ref      ] GC(227) Final: 0 encountered, 0 discovered, 0 enqueued
[260.022s][info][gc,ref      ] GC(227) Phantom: 27 encountered, 14 discovered, 0 enqueued
[260.022s][info][gc,reloc    ] GC(227) Small Pages: 212 / 424M, Empty: 302M, Relocated: 1M, In-Place: 0
[260.022s][info][gc,reloc    ] GC(227) Medium Pages: 0 / 0M, Empty: 0M, Relocated: 0M, In-Place: 0
[260.022s][info][gc,reloc    ] GC(227) Large Pages: 0 / 0M, Empty: 0M, Relocated: 0M, In-Place: 0
[260.022s][info][gc,reloc    ] GC(227) Forwarding Usage: 0M
[260.022s][info][gc,heap     ] GC(227) Min Capacity: 8M(2%)
[260.022s][info][gc,heap     ] GC(227) Max Capacity: 512M(100%)
[260.022s][info][gc,heap     ] GC(227) Soft Max Capacity: 512M(100%)
[260.022s][info][gc,heap     ] GC(227)                Mark Start          Mark End        Relocate Start      Relocate End           High               Low         
[260.022s][info][gc,heap     ] GC(227)  Capacity:      512M (100%)        512M (100%)        512M (100%)        512M (100%)        512M (100%)        512M (100%)   
[260.022s][info][gc,heap     ] GC(227)      Free:       88M (17%)          78M (15%)         376M (73%)         490M (96%)         490M (96%)          76M (15%)    
[260.022s][info][gc,heap     ] GC(227)      Used:      424M (83%)         434M (85%)         136M (27%)          22M (4%)          436M (85%)          22M (4%)     
[260.022s][info][gc,heap     ] GC(227)      Live:         -                 6M (1%)            6M (1%)            6M (1%)             -                  -          
[260.022s][info][gc,heap     ] GC(227) Allocated:         -                10M (2%)           14M (3%)           13M (3%)             -                  -          
[260.022s][info][gc,heap     ] GC(227)   Garbage:         -               417M (82%)         115M (23%)           1M (0%)             -                  -          
[260.022s][info][gc,heap     ] GC(227) Reclaimed:         -                  -               302M (59%)         415M (81%)            -                  -          
[260.022s][info][gc          ] GC(227) Garbage Collection (Allocation Rate) 424M(83%)->22M(4%)
[260.088s][info][gc,stats    ] === Garbage Collection Statistics =======================================================================================================================
[260.088s][info][gc,stats    ]                                                              Last 10s              Last 10m              Last 10h                Total
[260.088s][info][gc,stats    ]                                                              Avg / Max             Avg / Max             Avg / Max             Avg / Max
[260.088s][info][gc,stats    ]   Collector: Garbage Collection Cycle                     37.893 / 48.925       36.827 / 60.364       36.827 / 60.364       36.827 / 60.364      ms
[260.088s][info][gc,stats    ]  Contention: Mark Segment Reset Contention                     0 / 1                 0 / 6                 0 / 6                 0 / 6           ops/s
[260.088s][info][gc,stats    ]  Contention: Mark SeqNum Reset Contention                      0 / 1                 0 / 2                 0 / 2                 0 / 2           ops/s
[260.088s][info][gc,stats    ]    Critical: Allocation Stall                                  0 / 0                 0 / 0                 0 / 0                 0 / 0           ops/s
[260.088s][info][gc,stats    ]    Critical: Allocation Stall                              0.000 / 0.000         0.000 / 0.000         0.000 / 0.000         0.000 / 0.000       ms
[260.088s][info][gc,stats    ]    Critical: GC Locker Stall                                   0 / 0                 0 / 0                 0 / 0                 0 / 0           ops/s
[260.088s][info][gc,stats    ]    Critical: GC Locker Stall                               0.000 / 0.000         0.000 / 0.000         0.000 / 0.000         0.000 / 0.000       ms
[260.088s][info][gc,stats    ]    Critical: Relocation Stall                                  0 / 0                 0 / 0                 0 / 0                 0 / 0           ops/s
[260.088s][info][gc,stats    ]    Critical: Relocation Stall                              0.000 / 0.000         0.000 / 0.000         0.000 / 0.000         0.000 / 0.000       ms
[260.088s][info][gc,stats    ]      Memory: Allocation Rate                                 322 / 332             319 / 338             319 / 338             319 / 338         MB/s
[260.088s][info][gc,stats    ]      Memory: Defragment                                        0 / 0                 0 / 0                 0 / 0                 0 / 0           ops/s
[260.088s][info][gc,stats    ]      Memory: Out Of Memory                                     0 / 0                 0 / 0                 0 / 0                 0 / 0           ops/s
[260.088s][info][gc,stats    ]      Memory: Page Cache Flush                                  0 / 0                 0 / 0                 0 / 0                 0 / 0           MB/s
[260.088s][info][gc,stats    ]      Memory: Page Cache Hit L1                               163 / 168             161 / 174             161 / 174             161 / 174         ops/s
[260.088s][info][gc,stats    ]      Memory: Page Cache Hit L2                                 0 / 0                 0 / 0                 0 / 0                 0 / 0           ops/s
[260.088s][info][gc,stats    ]      Memory: Page Cache Hit L3                                 0 / 0                 0 / 77                0 / 77                0 / 77          ops/s
[260.088s][info][gc,stats    ]      Memory: Page Cache Miss                                   0 / 0                 0 / 1                 0 / 1                 0 / 1           ops/s
[260.088s][info][gc,stats    ]      Memory: Uncommit                                          0 / 0                 0 / 0                 0 / 0                 0 / 0           MB/s
[260.088s][info][gc,stats    ]      Memory: Undo Object Allocation Failed                     1 / 10                0 / 10                0 / 10                0 / 10          ops/s
[260.088s][info][gc,stats    ]      Memory: Undo Object Allocation Succeeded                  1 / 11                0 / 11                0 / 11                0 / 11          ops/s
[260.088s][info][gc,stats    ]      Memory: Undo Page Allocation                              1 / 4                 1 / 10                1 / 10                1 / 10          ops/s
[260.088s][info][gc,stats    ]       Phase: Concurrent Mark                              23.047 / 29.248       22.614 / 38.107       22.614 / 38.107       22.614 / 38.107      ms
[260.089s][info][gc,stats    ]       Phase: Concurrent Mark Continue                      0.000 / 0.000         0.000 / 0.000         0.000 / 0.000         0.000 / 0.000       ms
[260.089s][info][gc,stats    ]       Phase: Concurrent Mark Free                          0.001 / 0.002         0.001 / 0.002         0.001 / 0.002         0.001 / 0.002       ms
[260.089s][info][gc,stats    ]       Phase: Concurrent Process Non-Strong References      5.237 / 7.313         4.888 / 7.613         4.888 / 7.613         4.888 / 7.613       ms
[260.089s][info][gc,stats    ]       Phase: Concurrent Relocate                           3.593 / 6.828         3.572 / 8.950         3.572 / 8.950         3.572 / 8.950       ms
[260.089s][info][gc,stats    ]       Phase: Concurrent Reset Relocation Set               0.007 / 0.011         0.007 / 0.015         0.007 / 0.015         0.007 / 0.015       ms
[260.089s][info][gc,stats    ]       Phase: Concurrent Select Relocation Set              4.273 / 5.367         4.388 / 14.681        4.388 / 14.681        4.388 / 14.681      ms
[260.089s][info][gc,stats    ]       Phase: Pause Mark End                                0.017 / 0.021         0.017 / 0.021         0.017 / 0.021         0.017 / 0.021       ms
[260.089s][info][gc,stats    ]       Phase: Pause Mark Start                              0.018 / 0.019         0.017 / 0.027         0.017 / 0.027         0.017 / 0.027       ms
[260.089s][info][gc,stats    ]       Phase: Pause Relocate Start                          0.008 / 0.011         0.008 / 0.012         0.008 / 0.012         0.008 / 0.012       ms
[260.089s][info][gc,stats    ]    Subphase: Concurrent Classes Purge                      0.005 / 0.006         0.015 / 0.583         0.015 / 0.583         0.015 / 0.583       ms
[260.089s][info][gc,stats    ]    Subphase: Concurrent Classes Unlink                     4.440 / 6.135         4.013 / 6.150         4.013 / 6.150         4.013 / 6.150       ms
[260.089s][info][gc,stats    ]    Subphase: Concurrent Mark                              15.860 / 26.466       15.473 / 34.990       15.473 / 34.990       15.473 / 34.990      ms
[260.089s][info][gc,stats    ]    Subphase: Concurrent Mark Try Flush                     0.064 / 0.101         0.060 / 0.187         0.060 / 0.187         0.060 / 0.187       ms
[260.089s][info][gc,stats    ]    Subphase: Concurrent Mark Try Terminate                 3.317 / 14.502        3.403 / 16.488        3.403 / 16.488        3.403 / 16.488      ms
[260.089s][info][gc,stats    ]    Subphase: Concurrent References Enqueue                 0.000 / 0.001         0.000 / 0.005         0.000 / 0.005         0.000 / 0.005       ms
[260.089s][info][gc,stats    ]    Subphase: Concurrent References Process                 0.038 / 0.058         0.047 / 0.114         0.047 / 0.114         0.047 / 0.114       ms
[260.089s][info][gc,stats    ]    Subphase: Concurrent Roots ClassLoaderDataGraph         0.160 / 0.353         0.154 / 0.631         0.154 / 0.631         0.154 / 0.631       ms
[260.089s][info][gc,stats    ]    Subphase: Concurrent Roots CodeCache                    0.000 / 0.000         0.000 / 0.000         0.000 / 0.000         0.000 / 0.000       ms
[260.089s][info][gc,stats    ]    Subphase: Concurrent Roots JavaThreads                  1.031 / 2.311         0.984 / 2.464         0.984 / 2.464         0.984 / 2.464       ms
[260.089s][info][gc,stats    ]    Subphase: Concurrent Roots OopStorageSet                0.032 / 0.064         0.032 / 0.136         0.032 / 0.136         0.032 / 0.136       ms
[260.089s][info][gc,stats    ]    Subphase: Concurrent Weak Roots OopStorageSet           0.389 / 1.122         0.399 / 1.768         0.399 / 1.768         0.399 / 1.768       ms
[260.089s][info][gc,stats    ]    Subphase: Pause Mark Try Complete                       0.000 / 0.000         0.000 / 0.000         0.000 / 0.000         0.000 / 0.000       ms
[260.089s][info][gc,stats    ]      System: Java Threads                                     40 / 40               36 / 41               36 / 41               36 / 41          threads
[260.089s][info][gc,stats    ] =========================================================================================================================================================
[261.087s][info][gc,start    ] GC(228) Garbage Collection (Proactive)
[261.087s][info][gc,task     ] GC(228) Using 5 workers
[261.088s][info][gc,phases   ] GC(228) Pause Mark Start 0.017ms
[261.103s][info][gc,phases   ] GC(228) Concurrent Mark 15.154ms
[261.103s][info][gc,phases   ] GC(228) Pause Mark End 0.018ms
[261.103s][info][gc,phases   ] GC(228) Concurrent Mark Free 0.001ms
[261.105s][info][gc,phases   ] GC(228) Concurrent Process Non-Strong References 1.687ms
[261.105s][info][gc,phases   ] GC(228) Concurrent Reset Relocation Set 0.010ms
[261.109s][info][gc,phases   ] GC(228) Concurrent Select Relocation Set 3.825ms
[261.109s][info][gc,phases   ] GC(228) Pause Relocate Start 0.009ms
[261.111s][info][gc,phases   ] GC(228) Concurrent Relocate 2.168ms
[261.111s][info][gc,load     ] GC(228) Load: 0.00/0.00/0.00
[261.111s][info][gc,mmu      ] GC(228) MMU: 2ms/98.6%, 5ms/99.5%, 10ms/99.6%, 20ms/99.8%, 50ms/99.9%, 100ms/99.9%
[261.111s][info][gc,marking  ] GC(228) Mark: 4 stripe(s), 2 proactive flush(es), 1 terminate flush(es), 0 completion(s), 0 continuation(s) 
[261.111s][info][gc,marking  ] GC(228) Mark Stack Usage: 32M
[261.111s][info][gc,nmethod  ] GC(228) NMethods: 2005 registered, 366 unregistered
[261.111s][info][gc,metaspace] GC(228) Metaspace: 9M used, 10M committed, 1088M reserved
[261.111s][info][gc,ref      ] GC(228) Soft: 214 encountered, 0 discovered, 0 enqueued
[261.112s][info][gc,ref      ] GC(228) Weak: 811 encountered, 452 discovered, 0 enqueued
[261.112s][info][gc,ref      ] GC(228) Final: 0 encountered, 0 discovered, 0 enqueued
[261.112s][info][gc,ref      ] GC(228) Phantom: 27 encountered, 23 discovered, 0 enqueued
[261.112s][info][gc,reloc    ] GC(228) Small Pages: 183 / 366M, Empty: 262M, Relocated: 1M, In-Place: 0
[261.112s][info][gc,reloc    ] GC(228) Medium Pages: 0 / 0M, Empty: 0M, Relocated: 0M, In-Place: 0
[261.112s][info][gc,reloc    ] GC(228) Large Pages: 0 / 0M, Empty: 0M, Relocated: 0M, In-Place: 0
[261.112s][info][gc,reloc    ] GC(228) Forwarding Usage: 0M
[261.112s][info][gc,heap     ] GC(228) Min Capacity: 8M(2%)
[261.112s][info][gc,heap     ] GC(228) Max Capacity: 512M(100%)
[261.112s][info][gc,heap     ] GC(228) Soft Max Capacity: 512M(100%)
[261.112s][info][gc,heap     ] GC(228)                Mark Start          Mark End        Relocate Start      Relocate End           High               Low         
[261.112s][info][gc,heap     ] GC(228)  Capacity:      512M (100%)        512M (100%)        512M (100%)        512M (100%)        512M (100%)        512M (100%)   
[261.112s][info][gc,heap     ] GC(228)      Free:      146M (29%)         140M (27%)         400M (78%)         486M (95%)         486M (95%)         138M (27%)    
[261.112s][info][gc,heap     ] GC(228)      Used:      366M (71%)         372M (73%)         112M (22%)          26M (5%)          374M (73%)          26M (5%)     
[261.112s][info][gc,heap     ] GC(228)      Live:         -                 6M (1%)            6M (1%)            6M (1%)             -                  -          
[261.112s][info][gc,heap     ] GC(228) Allocated:         -                 6M (1%)            8M (2%)            9M (2%)             -                  -          
[261.112s][info][gc,heap     ] GC(228)   Garbage:         -               359M (70%)          97M (19%)           9M (2%)             -                  -          
[261.112s][info][gc,heap     ] GC(228) Reclaimed:         -                  -               262M (51%)         349M (68%)            -                  -          
[261.112s][info][gc          ] GC(228) Garbage Collection (Proactive) 366M(71%)->26M(5%)
[262.384s][info][gc,start    ] GC(229) Garbage Collection (Allocation Rate)
[262.384s][info][gc,task     ] GC(229) Using 1 workers
[262.384s][info][gc,phases   ] GC(229) Pause Mark Start 0.018ms
[262.411s][info][gc,phases   ] GC(229) Concurrent Mark 26.597ms
[262.411s][info][gc,phases   ] GC(229) Pause Mark End 0.017ms
[262.411s][info][gc,phases   ] GC(229) Concurrent Mark Free 0.001ms
[262.418s][info][gc,phases   ] GC(229) Concurrent Process Non-Strong References 7.042ms
[262.418s][info][gc,phases   ] GC(229) Concurrent Reset Relocation Set 0.007ms
[262.422s][info][gc,phases   ] GC(229) Concurrent Select Relocation Set 3.899ms
[262.422s][info][gc,phases   ] GC(229) Pause Relocate Start 0.004ms
[262.426s][info][gc,phases   ] GC(229) Concurrent Relocate 4.147ms
[262.427s][info][gc,load     ] GC(229) Load: 0.00/0.00/0.00
[262.427s][info][gc,mmu      ] GC(229) MMU: 2ms/98.6%, 5ms/99.5%, 10ms/99.6%, 20ms/99.8%, 50ms/99.9%, 100ms/99.9%
[262.427s][info][gc,marking  ] GC(229) Mark: 1 stripe(s), 2 proactive flush(es), 1 terminate flush(es), 0 completion(s), 0 continuation(s) 
[262.427s][info][gc,marking  ] GC(229) Mark Stack Usage: 32M
[262.427s][info][gc,nmethod  ] GC(229) NMethods: 2005 registered, 366 unregistered
[262.427s][info][gc,metaspace] GC(229) Metaspace: 9M used, 10M committed, 1088M reserved
[262.427s][info][gc,ref      ] GC(229) Soft: 214 encountered, 0 discovered, 0 enqueued
[262.427s][info][gc,ref      ] GC(229) Weak: 811 encountered, 9 discovered, 0 enqueued
[262.427s][info][gc,ref      ] GC(229) Final: 0 encountered, 0 discovered, 0 enqueued
[262.427s][info][gc,ref      ] GC(229) Phantom: 27 encountered, 14 discovered, 0 enqueued
[262.427s][info][gc,reloc    ] GC(229) Small Pages: 212 / 424M, Empty: 366M, Relocated: 1M, In-Place: 0
[262.427s][info][gc,reloc    ] GC(229) Medium Pages: 0 / 0M, Empty: 0M, Relocated: 0M, In-Place: 0
[262.427s][info][gc,reloc    ] GC(229) Large Pages: 0 / 0M, Empty: 0M, Relocated: 0M, In-Place: 0
[262.427s][info][gc,reloc    ] GC(229) Forwarding Usage: 0M
[262.427s][info][gc,heap     ] GC(229) Min Capacity: 8M(2%)
[262.427s][info][gc,heap     ] GC(229) Max Capacity: 512M(100%)
[262.427s][info][gc,heap     ] GC(229) Soft Max Capacity: 512M(100%)
[262.427s][info][gc,heap     ] GC(229)                Mark Start          Mark End        Relocate Start      Relocate End           High               Low         
[262.427s][info][gc,heap     ] GC(229)  Capacity:      512M (100%)        512M (100%)        512M (100%)        512M (100%)        512M (100%)        512M (100%)   
[262.427s][info][gc,heap     ] GC(229)      Free:       88M (17%)          78M (15%)         440M (86%)         490M (96%)         490M (96%)          76M (15%)    
[262.427s][info][gc,heap     ] GC(229)      Used:      424M (83%)         434M (85%)          72M (14%)          22M (4%)          436M (85%)          22M (4%)     
[262.427s][info][gc,heap     ] GC(229)      Live:         -                 6M (1%)            6M (1%)            6M (1%)             -                  -          
[262.427s][info][gc,heap     ] GC(229) Allocated:         -                10M (2%)           14M (3%)           13M (3%)             -                  -          
[262.427s][info][gc,heap     ] GC(229)   Garbage:         -               417M (82%)          51M (10%)           1M (0%)             -                  -          
[262.427s][info][gc,heap     ] GC(229) Reclaimed:         -                  -               366M (71%)         415M (81%)            -                  -          
[262.427s][info][gc          ] GC(229) Garbage Collection (Allocation Rate) 424M(83%)->22M(4%)
[263.027s][info][gc,start    ] GC(230) Garbage Collection (System.gc())
[263.027s][info][gc,task     ] GC(230) Using 5 workers
[263.028s][info][gc,phases   ] GC(230) Pause Mark Start 0.017ms
[263.040s][info][gc,phases   ] GC(230) Concurrent Mark 12.194ms
[263.040s][info][gc,phases   ] GC(230) Pause Mark End 0.017ms
[263.040s][info][gc,phases   ] GC(230) Concurrent Mark Free 0.001ms
[263.042s][info][gc,phases   ] GC(230) Concurrent Process Non-Strong References 1.738ms
[263.042s][info][gc,phases   ] GC(230) Concurrent Reset Relocation Set 0.005ms
[263.046s][info][gc,phases   ] GC(230) Concurrent Select Relocation Set 3.794ms
[263.046s][info][gc,phases   ] GC(230) Pause Relocate Start 0.007ms
[263.048s][info][gc,phases   ] GC(230) Concurrent Relocate 1.612ms
[263.048s][info][gc,load     ] GC(230) Load: 0.00/0.00/0.00
[263.048s][info][gc,mmu      ] GC(230) MMU: 2ms/98.6%, 5ms/99.5%, 10ms/99.6%, 20ms/99.8%, 50ms/99.9%, 100ms/99.9%
[263.048s][info][gc,marking  ] GC(230) Mark: 4 stripe(s), 1 proactive flush(es), 1 terminate flush(es), 0 completion(s), 0 continuation(s) 
[263.048s][info][gc,marking  ] GC(230) Mark Stack Usage: 32M
[263.048s][info][gc,nmethod  ] GC(230) NMethods: 2006 registered, 367 unregistered
[263.048s][info][gc,metaspace] GC(230) Metaspace: 9M used, 10M committed, 1088M reserved
[263.048s][info][gc,ref      ] GC(230) Soft: 214 encountered, 0 discovered, 0 enqueued
[263.048s][info][gc,ref      ] GC(230) Weak: 811 encountered, 503 discovered, 0 enqueued
[263.048s][info][gc,ref      ] GC(230) Final: 0 encountered, 0 discovered, 0 enqueued
[263.048s][info][gc,ref      ] GC(230) Phantom: 27 encountered, 21 discovered, 0 enqueued
[263.048s][info][gc,reloc    ] GC(230) Small Pages: 110 / 220M, Empty: 206M, Relocated: 1M, In-Place: 0
[263.048s][info][gc,reloc    ] GC(230) Medium Pages: 0 / 0M, Empty: 0M, Relocated: 0M, In-Place: 0
[263.048s][info][gc,reloc    ] GC(230) Large Pages: 0 / 0M, Empty: 0M, Relocated: 0M, In-Place: 0
[263.048s][info][gc,reloc    ] GC(230) Forwarding Usage: 0M
[263.048s][info][gc,heap     ] GC(230) Min Capacity: 8M(2%)
[263.048s][info][gc,heap     ] GC(230) Max Capacity: 512M(100%)
[263.048s][info][gc,heap     ] GC(230) Soft Max Capacity: 512M(100%)
[263.048s][info][gc,heap     ] GC(230)                Mark Start          Mark End        Relocate Start      Relocate End           High               Low         
[263.048s][info][gc,heap     ] GC(230)  Capacity:      512M (100%)        512M (100%)        512M (100%)        512M (100%)        512M (100%)        512M (100%)   
[263.048s][info][gc,heap     ] GC(230)      Free:      292M (57%)         292M (57%)         498M (97%)         498M (97%)         498M (97%)         292M (57%)    
[263.048s][info][gc,heap     ] GC(230)      Used:      220M (43%)         220M (43%)          14M (3%)           14M (3%)          220M (43%)          14M (3%)     
[263.048s][info][gc,heap     ] GC(230)      Live:         -                 4M (1%)            4M (1%)            4M (1%)             -                  -          
[263.048s][info][gc,heap     ] GC(230) Allocated:         -                 0M (0%)            0M (0%)            0M (0%)             -                  -          
[263.048s][info][gc,heap     ] GC(230)   Garbage:         -               215M (42%)           9M (2%)            9M (2%)             -                  -          
[263.048s][info][gc,heap     ] GC(230) Reclaimed:         -                  -               206M (40%)         206M (40%)            -                  -          
[263.048s][info][gc          ] GC(230) Garbage Collection (System.gc()) 220M(43%)->14M(3%)
[264.383s][info][gc,start    ] GC(231) Garbage Collection (Allocation Rate)
[264.383s][info][gc,task     ] GC(231) Using 1 workers
[264.383s][info][gc,phases   ] GC(231) Pause Mark Start 0.019ms
[264.411s][info][gc,phases   ] GC(231) Concurrent Mark 27.463ms
[264.411s][info][gc,phases   ] GC(231) Pause Mark End 0.015ms
[264.411s][info][gc,phases   ] GC(231) Concurrent Mark Free 0.001ms
[264.416s][info][gc,phases   ] GC(231) Concurrent Process Non-Strong References 5.199ms
[264.416s][info][gc,phases   ] GC(231) Concurrent Reset Relocation Set 0.002ms
[264.422s][info][gc,phases   ] GC(231) Concurrent Select Relocation Set 5.499ms
[264.422s][info][gc,phases   ] GC(231) Pause Relocate Start 0.008ms
[264.429s][info][gc,phases   ] GC(231) Concurrent Relocate 7.288ms
[264.429s][info][gc,load     ] GC(231) Load: 0.00/0.00/0.00
[264.429s][info][gc,mmu      ] GC(231) MMU: 2ms/98.6%, 5ms/99.5%, 10ms/99.6%, 20ms/99.8%, 50ms/99.9%, 100ms/99.9%
[264.429s][info][gc,marking  ] GC(231) Mark: 1 stripe(s), 2 proactive flush(es), 1 terminate flush(es), 0 completion(s), 0 continuation(s) 
[264.429s][info][gc,marking  ] GC(231) Mark Stack Usage: 32M
[264.430s][info][gc,nmethod  ] GC(231) NMethods: 2006 registered, 367 unregistered
[264.430s][info][gc,metaspace] GC(231) Metaspace: 9M used, 10M committed, 1088M reserved
[264.430s][info][gc,ref      ] GC(231) Soft: 214 encountered, 0 discovered, 0 enqueued
[264.430s][info][gc,ref      ] GC(231) Weak: 811 encountered, 9 discovered, 0 enqueued
[264.430s][info][gc,ref      ] GC(231) Final: 0 encountered, 0 discovered, 0 enqueued
[264.430s][info][gc,ref      ] GC(231) Phantom: 27 encountered, 14 discovered, 0 enqueued
[264.430s][info][gc,reloc    ] GC(231) Small Pages: 216 / 432M, Empty: 248M, Relocated: 2M, In-Place: 0
[264.430s][info][gc,reloc    ] GC(231) Medium Pages: 0 / 0M, Empty: 0M, Relocated: 0M, In-Place: 0
[264.430s][info][gc,reloc    ] GC(231) Large Pages: 0 / 0M, Empty: 0M, Relocated: 0M, In-Place: 0
[264.430s][info][gc,reloc    ] GC(231) Forwarding Usage: 1M
[264.430s][info][gc,heap     ] GC(231) Min Capacity: 8M(2%)
[264.430s][info][gc,heap     ] GC(231) Max Capacity: 512M(100%)
[264.430s][info][gc,heap     ] GC(231) Soft Max Capacity: 512M(100%)
[264.430s][info][gc,heap     ] GC(231)                Mark Start          Mark End        Relocate Start      Relocate End           High               Low         
[264.430s][info][gc,heap     ] GC(231)  Capacity:      512M (100%)        512M (100%)        512M (100%)        512M (100%)        512M (100%)        512M (100%)   
[264.430s][info][gc,heap     ] GC(231)      Free:       80M (16%)          70M (14%)         314M (61%)         488M (95%)         488M (95%)          68M (13%)    
[264.430s][info][gc,heap     ] GC(231)      Used:      432M (84%)         442M (86%)         198M (39%)          24M (5%)          444M (87%)          24M (5%)     
[264.430s][info][gc,heap     ] GC(231)      Live:         -                 6M (1%)            6M (1%)            6M (1%)             -                  -          
[264.430s][info][gc,heap     ] GC(231) Allocated:         -                10M (2%)           14M (3%)           15M (3%)             -                  -          
[264.430s][info][gc,heap     ] GC(231)   Garbage:         -               425M (83%)         177M (35%)           1M (0%)             -                  -          
[264.430s][info][gc,heap     ] GC(231) Reclaimed:         -                  -               248M (48%)         423M (83%)            -                  -          
[264.430s][info][gc          ] GC(231) Garbage Collection (Allocation Rate) 432M(84%)->24M(5%)
[265.686s][info][gc,start    ] GC(232) Garbage Collection (Allocation Rate)
[265.686s][info][gc,task     ] GC(232) Using 1 workers
[265.687s][info][gc,phases   ] GC(232) Pause Mark Start 0.018ms
[265.716s][info][gc,phases   ] GC(232) Concurrent Mark 29.021ms
[265.716s][info][gc,phases   ] GC(232) Pause Mark End 0.018ms
[265.716s][info][gc,phases   ] GC(232) Concurrent Mark Free 0.001ms
[265.723s][info][gc,phases   ] GC(232) Concurrent Process Non-Strong References 7.285ms
[265.723s][info][gc,phases   ] GC(232) Concurrent Reset Relocation Set 0.014ms
[265.727s][info][gc,phases   ] GC(232) Concurrent Select Relocation Set 4.019ms
[265.728s][info][gc,phases   ] GC(232) Pause Relocate Start 0.009ms
[265.733s][info][gc,phases   ] GC(232) Concurrent Relocate 4.896ms
[265.733s][info][gc,load     ] GC(232) Load: 0.00/0.00/0.00
[265.733s][info][gc,mmu      ] GC(232) MMU: 2ms/98.6%, 5ms/99.5%, 10ms/99.6%, 20ms/99.8%, 50ms/99.9%, 100ms/99.9%
[265.733s][info][gc,marking  ] GC(232) Mark: 1 stripe(s), 2 proactive flush(es), 1 terminate flush(es), 0 completion(s), 0 continuation(s) 
[265.733s][info][gc,marking  ] GC(232) Mark Stack Usage: 32M
[265.733s][info][gc,nmethod  ] GC(232) NMethods: 2006 registered, 367 unregistered
[265.733s][info][gc,metaspace] GC(232) Metaspace: 9M used, 10M committed, 1088M reserved
[265.733s][info][gc,ref      ] GC(232) Soft: 214 encountered, 0 discovered, 0 enqueued
[265.733s][info][gc,ref      ] GC(232) Weak: 811 encountered, 9 discovered, 0 enqueued
[265.733s][info][gc,ref      ] GC(232) Final: 0 encountered, 0 discovered, 0 enqueued
[265.733s][info][gc,ref      ] GC(232) Phantom: 27 encountered, 14 discovered, 0 enqueued
[265.733s][info][gc,reloc    ] GC(232) Small Pages: 211 / 422M, Empty: 294M, Relocated: 2M, In-Place: 0
[265.733s][info][gc,reloc    ] GC(232) Medium Pages: 0 / 0M, Empty: 0M, Relocated: 0M, In-Place: 0
[265.733s][info][gc,reloc    ] GC(232) Large Pages: 0 / 0M, Empty: 0M, Relocated: 0M, In-Place: 0
[265.733s][info][gc,reloc    ] GC(232) Forwarding Usage: 1M
[265.733s][info][gc,heap     ] GC(232) Min Capacity: 8M(2%)
[265.733s][info][gc,heap     ] GC(232) Max Capacity: 512M(100%)
[265.733s][info][gc,heap     ] GC(232) Soft Max Capacity: 512M(100%)
[265.733s][info][gc,heap     ] GC(232)                Mark Start          Mark End        Relocate Start      Relocate End           High               Low         
[265.733s][info][gc,heap     ] GC(232)  Capacity:      512M (100%)        512M (100%)        512M (100%)        512M (100%)        512M (100%)        512M (100%)   
[265.733s][info][gc,heap     ] GC(232)      Free:       90M (18%)          80M (16%)         370M (72%)         488M (95%)         488M (95%)          78M (15%)    
[265.733s][info][gc,heap     ] GC(232)      Used:      422M (82%)         432M (84%)         142M (28%)          24M (5%)          434M (85%)          24M (5%)     
[265.733s][info][gc,heap     ] GC(232)      Live:         -                 6M (1%)            6M (1%)            6M (1%)             -                  -          
[265.733s][info][gc,heap     ] GC(232) Allocated:         -                10M (2%)           14M (3%)           15M (3%)             -                  -          
[265.733s][info][gc,heap     ] GC(232)   Garbage:         -               415M (81%)         121M (24%)           1M (0%)             -                  -          
[265.733s][info][gc,heap     ] GC(232) Reclaimed:         -                  -               294M (57%)         413M (81%)            -                  -          
[265.734s][info][gc          ] GC(232) Garbage Collection (Allocation Rate) 422M(82%)->24M(5%)
[266.780s][info][gc,start    ] GC(233) Garbage Collection (Proactive)
[266.780s][info][gc,task     ] GC(233) Using 5 workers
[266.780s][info][gc,phases   ] GC(233) Pause Mark Start 0.017ms
[266.795s][info][gc,phases   ] GC(233) Concurrent Mark 15.183ms
[266.795s][info][gc,phases   ] GC(233) Pause Mark End 0.019ms
[266.796s][info][gc,phases   ] GC(233) Concurrent Mark Free 0.001ms
[266.797s][info][gc,phases   ] GC(233) Concurrent Process Non-Strong References 1.723ms
[266.797s][info][gc,phases   ] GC(233) Concurrent Reset Relocation Set 0.010ms
[266.801s][info][gc,phases   ] GC(233) Concurrent Select Relocation Set 3.863ms
[266.802s][info][gc,phases   ] GC(233) Pause Relocate Start 0.009ms
[266.803s][info][gc,phases   ] GC(233) Concurrent Relocate 1.886ms
[266.804s][info][gc,load     ] GC(233) Load: 0.00/0.00/0.00
[266.804s][info][gc,mmu      ] GC(233) MMU: 2ms/98.6%, 5ms/99.5%, 10ms/99.6%, 20ms/99.8%, 50ms/99.9%, 100ms/99.9%
[266.804s][info][gc,marking  ] GC(233) Mark: 4 stripe(s), 2 proactive flush(es), 1 terminate flush(es), 0 completion(s), 0 continuation(s) 
[266.804s][info][gc,marking  ] GC(233) Mark Stack Usage: 32M
[266.804s][info][gc,nmethod  ] GC(233) NMethods: 2006 registered, 367 unregistered
[266.804s][info][gc,metaspace] GC(233) Metaspace: 9M used, 10M committed, 1088M reserved
[266.804s][info][gc,ref      ] GC(233) Soft: 214 encountered, 0 discovered, 0 enqueued
[266.804s][info][gc,ref      ] GC(233) Weak: 811 encountered, 180 discovered, 0 enqueued
[266.804s][info][gc,ref      ] GC(233) Final: 0 encountered, 0 discovered, 0 enqueued
[266.804s][info][gc,ref      ] GC(233) Phantom: 27 encountered, 23 discovered, 0 enqueued
[266.804s][info][gc,reloc    ] GC(233) Small Pages: 176 / 352M, Empty: 268M, Relocated: 1M, In-Place: 0
[266.804s][info][gc,reloc    ] GC(233) Medium Pages: 0 / 0M, Empty: 0M, Relocated: 0M, In-Place: 0
[266.804s][info][gc,reloc    ] GC(233) Large Pages: 0 / 0M, Empty: 0M, Relocated: 0M, In-Place: 0
[266.804s][info][gc,reloc    ] GC(233) Forwarding Usage: 0M
[266.804s][info][gc,heap     ] GC(233) Min Capacity: 8M(2%)
[266.804s][info][gc,heap     ] GC(233) Max Capacity: 512M(100%)
[266.804s][info][gc,heap     ] GC(233) Soft Max Capacity: 512M(100%)
[266.804s][info][gc,heap     ] GC(233)                Mark Start          Mark End        Relocate Start      Relocate End           High               Low         
[266.804s][info][gc,heap     ] GC(233)  Capacity:      512M (100%)        512M (100%)        512M (100%)        512M (100%)        512M (100%)        512M (100%)   
[266.804s][info][gc,heap     ] GC(233)      Free:      160M (31%)         154M (30%)         420M (82%)         488M (95%)         488M (95%)         154M (30%)    
[266.804s][info][gc,heap     ] GC(233)      Used:      352M (69%)         358M (70%)          92M (18%)          24M (5%)          358M (70%)          24M (5%)     
[266.804s][info][gc,heap     ] GC(233)      Live:         -                 6M (1%)            6M (1%)            6M (1%)             -                  -          
[266.804s][info][gc,heap     ] GC(233) Allocated:         -                 6M (1%)            8M (2%)            7M (2%)             -                  -          
[266.804s][info][gc,heap     ] GC(233)   Garbage:         -               345M (67%)          77M (15%)           9M (2%)             -                  -          
[266.804s][info][gc,heap     ] GC(233) Reclaimed:         -                  -               268M (52%)         335M (66%)            -                  -          
[266.804s][info][gc          ] GC(233) Garbage Collection (Proactive) 352M(69%)->24M(5%)
[268.076s][info][gc,start    ] GC(234) Garbage Collection (Allocation Rate)
[268.076s][info][gc,task     ] GC(234) Using 1 workers
[268.076s][info][gc,phases   ] GC(234) Pause Mark Start 0.016ms
[268.102s][info][gc,phases   ] GC(234) Concurrent Mark 24.965ms
[268.102s][info][gc,phases   ] GC(234) Pause Mark End 0.017ms
[268.102s][info][gc,phases   ] GC(234) Concurrent Mark Free 0.001ms
[268.109s][info][gc,phases   ] GC(234) Concurrent Process Non-Strong References 7.213ms
[268.109s][info][gc,phases   ] GC(234) Concurrent Reset Relocation Set 0.007ms
[268.113s][info][gc,phases   ] GC(234) Concurrent Select Relocation Set 3.852ms
[268.113s][info][gc,phases   ] GC(234) Pause Relocate Start 0.010ms
[268.116s][info][gc,phases   ] GC(234) Concurrent Relocate 2.313ms
[268.116s][info][gc,load     ] GC(234) Load: 0.00/0.00/0.00
[268.116s][info][gc,mmu      ] GC(234) MMU: 2ms/98.6%, 5ms/99.5%, 10ms/99.6%, 20ms/99.8%, 50ms/99.9%, 100ms/99.9%
[268.116s][info][gc,marking  ] GC(234) Mark: 1 stripe(s), 2 proactive flush(es), 1 terminate flush(es), 0 completion(s), 0 continuation(s) 
[268.116s][info][gc,marking  ] GC(234) Mark Stack Usage: 32M
[268.116s][info][gc,nmethod  ] GC(234) NMethods: 2006 registered, 367 unregistered
[268.116s][info][gc,metaspace] GC(234) Metaspace: 9M used, 10M committed, 1088M reserved
[268.116s][info][gc,ref      ] GC(234) Soft: 214 encountered, 0 discovered, 0 enqueued
[268.116s][info][gc,ref      ] GC(234) Weak: 811 encountered, 189 discovered, 0 enqueued
[268.116s][info][gc,ref      ] GC(234) Final: 0 encountered, 0 discovered, 0 enqueued
[268.116s][info][gc,ref      ] GC(234) Phantom: 27 encountered, 25 discovered, 0 enqueued
[268.116s][info][gc,reloc    ] GC(234) Small Pages: 208 / 416M, Empty: 358M, Relocated: 1M, In-Place: 0
[268.116s][info][gc,reloc    ] GC(234) Medium Pages: 0 / 0M, Empty: 0M, Relocated: 0M, In-Place: 0
[268.116s][info][gc,reloc    ] GC(234) Large Pages: 0 / 0M, Empty: 0M, Relocated: 0M, In-Place: 0
[268.116s][info][gc,reloc    ] GC(234) Forwarding Usage: 0M
[268.116s][info][gc,heap     ] GC(234) Min Capacity: 8M(2%)
[268.116s][info][gc,heap     ] GC(234) Max Capacity: 512M(100%)
[268.116s][info][gc,heap     ] GC(234) Soft Max Capacity: 512M(100%)
[268.116s][info][gc,heap     ] GC(234)                Mark Start          Mark End        Relocate Start      Relocate End           High               Low         
[268.116s][info][gc,heap     ] GC(234)  Capacity:      512M (100%)        512M (100%)        512M (100%)        512M (100%)        512M (100%)        512M (100%)   
[268.116s][info][gc,heap     ] GC(234)      Free:       96M (19%)          86M (17%)         442M (86%)         492M (96%)         492M (96%)          86M (17%)    
[268.116s][info][gc,heap     ] GC(234)      Used:      416M (81%)         426M (83%)          70M (14%)          20M (4%)          426M (83%)          20M (4%)     
[268.116s][info][gc,heap     ] GC(234)      Live:         -                 6M (1%)            6M (1%)            6M (1%)             -                  -          
[268.116s][info][gc,heap     ] GC(234) Allocated:         -                10M (2%)           12M (2%)           11M (2%)             -                  -          
[268.116s][info][gc,heap     ] GC(234)   Garbage:         -               409M (80%)          51M (10%)           1M (0%)             -                  -          
[268.116s][info][gc,heap     ] GC(234) Reclaimed:         -                  -               358M (70%)         407M (80%)            -                  -          
[268.116s][info][gc          ] GC(234) Garbage Collection (Allocation Rate) 416M(81%)->20M(4%)
[269.387s][info][gc,start    ] GC(235) Garbage Collection (Allocation Rate)
[269.388s][info][gc,task     ] GC(235) Using 1 workers
[269.388s][info][gc,phases   ] GC(235) Pause Mark Start 0.018ms
[269.413s][info][gc,phases   ] GC(235) Concurrent Mark 24.781ms
[269.413s][info][gc,phases   ] GC(235) Pause Mark End 0.017ms
[269.413s][info][gc,phases   ] GC(235) Concurrent Mark Free 0.002ms
[269.420s][info][gc,phases   ] GC(235) Concurrent Process Non-Strong References 7.283ms
[269.420s][info][gc,phases   ] GC(235) Concurrent Reset Relocation Set 0.004ms
[269.424s][info][gc,phases   ] GC(235) Concurrent Select Relocation Set 3.513ms
[269.424s][info][gc,phases   ] GC(235) Pause Relocate Start 0.008ms
[269.428s][info][gc,phases   ] GC(235) Concurrent Relocate 3.722ms
[269.428s][info][gc,load     ] GC(235) Load: 0.00/0.00/0.00
[269.428s][info][gc,mmu      ] GC(235) MMU: 2ms/98.6%, 5ms/99.5%, 10ms/99.6%, 20ms/99.8%, 50ms/99.9%, 100ms/99.9%
[269.428s][info][gc,marking  ] GC(235) Mark: 1 stripe(s), 2 proactive flush(es), 1 terminate flush(es), 0 completion(s), 0 continuation(s) 
[269.428s][info][gc,marking  ] GC(235) Mark Stack Usage: 32M
[269.428s][info][gc,nmethod  ] GC(235) NMethods: 2006 registered, 367 unregistered
[269.428s][info][gc,metaspace] GC(235) Metaspace: 9M used, 10M committed, 1088M reserved
[269.428s][info][gc,ref      ] GC(235) Soft: 214 encountered, 0 discovered, 0 enqueued
[269.428s][info][gc,ref      ] GC(235) Weak: 811 encountered, 9 discovered, 0 enqueued
[269.428s][info][gc,ref      ] GC(235) Final: 0 encountered, 0 discovered, 0 enqueued
[269.428s][info][gc,ref      ] GC(235) Phantom: 27 encountered, 14 discovered, 0 enqueued
[269.428s][info][gc,reloc    ] GC(235) Small Pages: 216 / 432M, Empty: 384M, Relocated: 1M, In-Place: 0
[269.428s][info][gc,reloc    ] GC(235) Medium Pages: 0 / 0M, Empty: 0M, Relocated: 0M, In-Place: 0
[269.428s][info][gc,reloc    ] GC(235) Large Pages: 0 / 0M, Empty: 0M, Relocated: 0M, In-Place: 0
[269.428s][info][gc,reloc    ] GC(235) Forwarding Usage: 0M
[269.428s][info][gc,heap     ] GC(235) Min Capacity: 8M(2%)
[269.428s][info][gc,heap     ] GC(235) Max Capacity: 512M(100%)
[269.428s][info][gc,heap     ] GC(235) Soft Max Capacity: 512M(100%)
[269.428s][info][gc,heap     ] GC(235)                Mark Start          Mark End        Relocate Start      Relocate End           High               Low         
[269.428s][info][gc,heap     ] GC(235)  Capacity:      512M (100%)        512M (100%)        512M (100%)        512M (100%)        512M (100%)        512M (100%)   
[269.428s][info][gc,heap     ] GC(235)      Free:       80M (16%)          70M (14%)         450M (88%)         490M (96%)         490M (96%)          68M (13%)    
[269.428s][info][gc,heap     ] GC(235)      Used:      432M (84%)         442M (86%)          62M (12%)          22M (4%)          444M (87%)          22M (4%)     
[269.428s][info][gc,heap     ] GC(235)      Live:         -                 6M (1%)            6M (1%)            6M (1%)             -                  -          
[269.428s][info][gc,heap     ] GC(235) Allocated:         -                10M (2%)           14M (3%)           13M (3%)             -                  -          
[269.428s][info][gc,heap     ] GC(235)   Garbage:         -               425M (83%)          41M (8%)            1M (0%)             -                  -          
[269.428s][info][gc,heap     ] GC(235) Reclaimed:         -                  -               384M (75%)         423M (83%)            -                  -          
[269.429s][info][gc          ] GC(235) Garbage Collection (Allocation Rate) 432M(84%)->22M(4%)
[269.981s][info][gc,start    ] GC(236) Garbage Collection (System.gc())
[269.981s][info][gc,task     ] GC(236) Using 5 workers
[269.981s][info][gc,phases   ] GC(236) Pause Mark Start 0.016ms
[269.989s][info][gc,phases   ] GC(236) Concurrent Mark 7.556ms
[269.989s][info][gc,phases   ] GC(236) Pause Mark End 0.017ms
[269.989s][info][gc,phases   ] GC(236) Concurrent Mark Free 0.001ms
[269.991s][info][gc,phases   ] GC(236) Concurrent Process Non-Strong References 1.774ms
[269.991s][info][gc,phases   ] GC(236) Concurrent Reset Relocation Set 0.005ms
[269.995s][info][gc,phases   ] GC(236) Concurrent Select Relocation Set 4.382ms
[269.995s][info][gc,phases   ] GC(236) Pause Relocate Start 0.008ms
[269.997s][info][gc,phases   ] GC(236) Concurrent Relocate 1.530ms
[269.997s][info][gc,load     ] GC(236) Load: 0.00/0.00/0.00
[269.997s][info][gc,mmu      ] GC(236) MMU: 2ms/98.6%, 5ms/99.5%, 10ms/99.6%, 20ms/99.8%, 50ms/99.9%, 100ms/99.9%
[269.997s][info][gc,marking  ] GC(236) Mark: 4 stripe(s), 1 proactive flush(es), 1 terminate flush(es), 0 completion(s), 0 continuation(s) 
[269.997s][info][gc,marking  ] GC(236) Mark Stack Usage: 32M
[269.997s][info][gc,nmethod  ] GC(236) NMethods: 2006 registered, 368 unregistered
[269.997s][info][gc,metaspace] GC(236) Metaspace: 9M used, 10M committed, 1088M reserved
[269.997s][info][gc,ref      ] GC(236) Soft: 214 encountered, 0 discovered, 0 enqueued
[269.997s][info][gc,ref      ] GC(236) Weak: 811 encountered, 422 discovered, 0 enqueued
[269.997s][info][gc,ref      ] GC(236) Final: 0 encountered, 0 discovered, 0 enqueued
[269.997s][info][gc,ref      ] GC(236) Phantom: 27 encountered, 21 discovered, 0 enqueued
[269.997s][info][gc,reloc    ] GC(236) Small Pages: 96 / 192M, Empty: 180M, Relocated: 1M, In-Place: 0
[269.997s][info][gc,reloc    ] GC(236) Medium Pages: 0 / 0M, Empty: 0M, Relocated: 0M, In-Place: 0
[269.997s][info][gc,reloc    ] GC(236) Large Pages: 0 / 0M, Empty: 0M, Relocated: 0M, In-Place: 0
[269.997s][info][gc,reloc    ] GC(236) Forwarding Usage: 0M
[269.997s][info][gc,heap     ] GC(236) Min Capacity: 8M(2%)
[269.997s][info][gc,heap     ] GC(236) Max Capacity: 512M(100%)
[269.997s][info][gc,heap     ] GC(236) Soft Max Capacity: 512M(100%)
[269.997s][info][gc,heap     ] GC(236)                Mark Start          Mark End        Relocate Start      Relocate End           High               Low         
[269.997s][info][gc,heap     ] GC(236)  Capacity:      512M (100%)        512M (100%)        512M (100%)        512M (100%)        512M (100%)        512M (100%)   
[269.997s][info][gc,heap     ] GC(236)      Free:      320M (63%)         320M (63%)         500M (98%)         500M (98%)         500M (98%)         320M (63%)    
[269.998s][info][gc,heap     ] GC(236)      Used:      192M (38%)         192M (38%)          12M (2%)           12M (2%)          192M (38%)          12M (2%)     
[269.998s][info][gc,heap     ] GC(236)      Live:         -                 4M (1%)            4M (1%)            4M (1%)             -                  -          
[269.998s][info][gc,heap     ] GC(236) Allocated:         -                 0M (0%)            0M (0%)            0M (0%)             -                  -          
[269.998s][info][gc,heap     ] GC(236)   Garbage:         -               187M (37%)           7M (1%)            7M (1%)             -                  -          
[269.998s][info][gc,heap     ] GC(236) Reclaimed:         -                  -               180M (35%)         180M (35%)            -                  -          
[269.998s][info][gc          ] GC(236) Garbage Collection (System.gc()) 192M(38%)->12M(2%)
[270.090s][info][gc,stats    ] === Garbage Collection Statistics =======================================================================================================================
[270.090s][info][gc,stats    ]                                                              Last 10s              Last 10m              Last 10h                Total
[270.090s][info][gc,stats    ]                                                              Avg / Max             Avg / Max             Avg / Max             Avg / Max
[270.090s][info][gc,stats    ]   Collector: Garbage Collection Cycle                     33.331 / 46.516       36.695 / 60.364       36.695 / 60.364       36.695 / 60.364      ms
[270.090s][info][gc,stats    ]  Contention: Mark Segment Reset Contention                     0 / 1                 0 / 6                 0 / 6                 0 / 6           ops/s
[270.090s][info][gc,stats    ]  Contention: Mark SeqNum Reset Contention                      0 / 1                 0 / 2                 0 / 2                 0 / 2           ops/s
[270.090s][info][gc,stats    ]    Critical: Allocation Stall                                  0 / 0                 0 / 0                 0 / 0                 0 / 0           ops/s
[270.090s][info][gc,stats    ]    Critical: Allocation Stall                              0.000 / 0.000         0.000 / 0.000         0.000 / 0.000         0.000 / 0.000       ms
[270.091s][info][gc,stats    ]    Critical: GC Locker Stall                                   0 / 0                 0 / 0                 0 / 0                 0 / 0           ops/s
[270.091s][info][gc,stats    ]    Critical: GC Locker Stall                               0.000 / 0.000         0.000 / 0.000         0.000 / 0.000         0.000 / 0.000       ms
[270.091s][info][gc,stats    ]    Critical: Relocation Stall                                  0 / 0                 0 / 0                 0 / 0                 0 / 0           ops/s
[270.091s][info][gc,stats    ]    Critical: Relocation Stall                              0.000 / 0.000         0.000 / 0.000         0.000 / 0.000         0.000 / 0.000       ms
[270.091s][info][gc,stats    ]      Memory: Allocation Rate                                 320 / 334             319 / 338             319 / 338             319 / 338         MB/s
[270.091s][info][gc,stats    ]      Memory: Defragment                                        0 / 0                 0 / 0                 0 / 0                 0 / 0           ops/s
[270.091s][info][gc,stats    ]      Memory: Out Of Memory                                     0 / 0                 0 / 0                 0 / 0                 0 / 0           ops/s
[270.091s][info][gc,stats    ]      Memory: Page Cache Flush                                  0 / 0                 0 / 0                 0 / 0                 0 / 0           MB/s
[270.091s][info][gc,stats    ]      Memory: Page Cache Hit L1                               162 / 168             161 / 174             161 / 174             161 / 174         ops/s
[270.091s][info][gc,stats    ]      Memory: Page Cache Hit L2                                 0 / 0                 0 / 0                 0 / 0                 0 / 0           ops/s
[270.091s][info][gc,stats    ]      Memory: Page Cache Hit L3                                 0 / 0                 0 / 77                0 / 77                0 / 77          ops/s
[270.091s][info][gc,stats    ]      Memory: Page Cache Miss                                   0 / 0                 0 / 1                 0 / 1                 0 / 1           ops/s
[270.091s][info][gc,stats    ]      Memory: Uncommit                                          0 / 0                 0 / 0                 0 / 0                 0 / 0           MB/s
[270.091s][info][gc,stats    ]      Memory: Undo Object Allocation Failed                     0 / 1                 0 / 10                0 / 10                0 / 10          ops/s
[270.091s][info][gc,stats    ]      Memory: Undo Object Allocation Succeeded                  0 / 2                 0 / 11                0 / 11                0 / 11          ops/s
[270.091s][info][gc,stats    ]      Memory: Undo Page Allocation                              2 / 4                 1 / 10                1 / 10                1 / 10          ops/s
[270.091s][info][gc,stats    ]       Phase: Concurrent Mark                              20.324 / 29.021       22.527 / 38.107       22.527 / 38.107       22.527 / 38.107      ms
[270.091s][info][gc,stats    ]       Phase: Concurrent Mark Continue                      0.000 / 0.000         0.000 / 0.000         0.000 / 0.000         0.000 / 0.000       ms
[270.091s][info][gc,stats    ]       Phase: Concurrent Mark Free                          0.001 / 0.002         0.001 / 0.002         0.001 / 0.002         0.001 / 0.002       ms
[270.091s][info][gc,stats    ]       Phase: Concurrent Process Non-Strong References      4.549 / 7.285         4.875 / 7.613         4.875 / 7.613         4.875 / 7.613       ms
[270.091s][info][gc,stats    ]       Phase: Concurrent Relocate                           3.284 / 7.288         3.561 / 8.950         3.561 / 8.950         3.561 / 8.950       ms
[270.091s][info][gc,stats    ]       Phase: Concurrent Reset Relocation Set               0.007 / 0.014         0.007 / 0.015         0.007 / 0.015         0.007 / 0.015       ms
[270.091s][info][gc,stats    ]       Phase: Concurrent Select Relocation Set              4.072 / 5.499         4.376 / 14.681        4.376 / 14.681        4.376 / 14.681      ms
[270.091s][info][gc,stats    ]       Phase: Pause Mark End                                0.017 / 0.019         0.017 / 0.021         0.017 / 0.021         0.017 / 0.021       ms
[270.091s][info][gc,stats    ]       Phase: Pause Mark Start                              0.017 / 0.019         0.017 / 0.027         0.017 / 0.027         0.017 / 0.027       ms
[270.091s][info][gc,stats    ]       Phase: Pause Relocate Start                          0.008 / 0.010         0.008 / 0.012         0.008 / 0.012         0.008 / 0.012       ms
[270.091s][info][gc,stats    ]    Subphase: Concurrent Classes Purge                      0.007 / 0.015         0.015 / 0.583         0.015 / 0.583         0.015 / 0.583       ms
[270.091s][info][gc,stats    ]    Subphase: Concurrent Classes Unlink                     3.708 / 6.112         4.002 / 6.150         4.002 / 6.150         4.002 / 6.150       ms
[270.091s][info][gc,stats    ]    Subphase: Concurrent Mark                              13.316 / 26.312       15.382 / 34.990       15.382 / 34.990       15.382 / 34.990      ms
[270.092s][info][gc,stats    ]    Subphase: Concurrent Mark Try Flush                     0.069 / 0.106         0.061 / 0.187         0.061 / 0.187         0.061 / 0.187       ms
[270.092s][info][gc,stats    ]    Subphase: Concurrent Mark Try Terminate                 2.995 / 8.414         3.386 / 16.488        3.386 / 16.488        3.386 / 16.488      ms
[270.092s][info][gc,stats    ]    Subphase: Concurrent References Enqueue                 0.000 / 0.000         0.000 / 0.005         0.000 / 0.005         0.000 / 0.005       ms
[270.092s][info][gc,stats    ]    Subphase: Concurrent References Process                 0.043 / 0.060         0.047 / 0.114         0.047 / 0.114         0.047 / 0.114       ms
[270.092s][info][gc,stats    ]    Subphase: Concurrent Roots ClassLoaderDataGraph         0.135 / 0.358         0.153 / 0.631         0.153 / 0.631         0.153 / 0.631       ms
[270.092s][info][gc,stats    ]    Subphase: Concurrent Roots CodeCache                    0.000 / 0.000         0.000 / 0.000         0.000 / 0.000         0.000 / 0.000       ms
[270.092s][info][gc,stats    ]    Subphase: Concurrent Roots JavaThreads                  0.968 / 2.309         0.983 / 2.464         0.983 / 2.464         0.983 / 2.464       ms
[270.092s][info][gc,stats    ]    Subphase: Concurrent Roots OopStorageSet                0.029 / 0.063         0.032 / 0.136         0.032 / 0.136         0.032 / 0.136       ms
[270.092s][info][gc,stats    ]    Subphase: Concurrent Weak Roots OopStorageSet           0.372 / 1.122         0.398 / 1.768         0.398 / 1.768         0.398 / 1.768       ms
[270.092s][info][gc,stats    ]    Subphase: Pause Mark Try Complete                       0.000 / 0.000         0.000 / 0.000         0.000 / 0.000         0.000 / 0.000       ms
[270.092s][info][gc,stats    ]      System: Java Threads                                     40 / 40               36 / 41               36 / 41               36 / 41          threads
[270.092s][info][gc,stats    ] =========================================================================================================================================================
[271.191s][info][gc,start    ] GC(237) Garbage Collection (Proactive)
[271.191s][info][gc,task     ] GC(237) Using 5 workers
[271.192s][info][gc,phases   ] GC(237) Pause Mark Start 0.018ms
[271.215s][info][gc,phases   ] GC(237) Concurrent Mark 22.969ms
[271.215s][info][gc,phases   ] GC(237) Pause Mark End 0.021ms
[271.215s][info][gc,phases   ] GC(237) Concurrent Mark Free 0.002ms
[271.217s][info][gc,phases   ] GC(237) Concurrent Process Non-Strong References 1.803ms
[271.217s][info][gc,phases   ] GC(237) Concurrent Reset Relocation Set 0.001ms
[271.222s][info][gc,phases   ] GC(237) Concurrent Select Relocation Set 4.751ms
[271.222s][info][gc,phases   ] GC(237) Pause Relocate Start 0.010ms
[271.224s][info][gc,phases   ] GC(237) Concurrent Relocate 2.118ms
[271.224s][info][gc,load     ] GC(237) Load: 0.00/0.00/0.00
[271.224s][info][gc,mmu      ] GC(237) MMU: 2ms/98.6%, 5ms/99.5%, 10ms/99.6%, 20ms/99.8%, 50ms/99.9%, 100ms/99.9%
[271.224s][info][gc,marking  ] GC(237) Mark: 4 stripe(s), 3 proactive flush(es), 1 terminate flush(es), 0 completion(s), 0 continuation(s) 
[271.224s][info][gc,marking  ] GC(237) Mark Stack Usage: 32M
[271.224s][info][gc,nmethod  ] GC(237) NMethods: 2006 registered, 368 unregistered
[271.224s][info][gc,metaspace] GC(237) Metaspace: 9M used, 10M committed, 1088M reserved
[271.224s][info][gc,ref      ] GC(237) Soft: 214 encountered, 0 discovered, 0 enqueued
[271.224s][info][gc,ref      ] GC(237) Weak: 811 encountered, 447 discovered, 0 enqueued
[271.224s][info][gc,ref      ] GC(237) Final: 0 encountered, 0 discovered, 0 enqueued
[271.224s][info][gc,ref      ] GC(237) Phantom: 27 encountered, 23 discovered, 0 enqueued
[271.224s][info][gc,reloc    ] GC(237) Small Pages: 198 / 396M, Empty: 250M, Relocated: 2M, In-Place: 0
[271.224s][info][gc,reloc    ] GC(237) Medium Pages: 0 / 0M, Empty: 0M, Relocated: 0M, In-Place: 0
[271.225s][info][gc,reloc    ] GC(237) Large Pages: 0 / 0M, Empty: 0M, Relocated: 0M, In-Place: 0
[271.225s][info][gc,reloc    ] GC(237) Forwarding Usage: 1M
[271.225s][info][gc,heap     ] GC(237) Min Capacity: 8M(2%)
[271.225s][info][gc,heap     ] GC(237) Max Capacity: 512M(100%)
[271.225s][info][gc,heap     ] GC(237) Soft Max Capacity: 512M(100%)
[271.225s][info][gc,heap     ] GC(237)                Mark Start          Mark End        Relocate Start      Relocate End           High               Low         
[271.225s][info][gc,heap     ] GC(237)  Capacity:      512M (100%)        512M (100%)        512M (100%)        512M (100%)        512M (100%)        512M (100%)   
[271.225s][info][gc,heap     ] GC(237)      Free:      116M (23%)         106M (21%)         354M (69%)         486M (95%)         486M (95%)         106M (21%)    
[271.225s][info][gc,heap     ] GC(237)      Used:      396M (77%)         406M (79%)         158M (31%)          26M (5%)          406M (79%)          26M (5%)     
[271.225s][info][gc,heap     ] GC(237)      Live:         -                 6M (1%)            6M (1%)            6M (1%)             -                  -          
[271.225s][info][gc,heap     ] GC(237) Allocated:         -                10M (2%)           12M (2%)           11M (2%)             -                  -          
[271.225s][info][gc,heap     ] GC(237)   Garbage:         -               389M (76%)         139M (27%)           7M (1%)             -                  -          
[271.225s][info][gc,heap     ] GC(237) Reclaimed:         -                  -               250M (49%)         381M (75%)            -                  -          
[271.225s][info][gc          ] GC(237) Garbage Collection (Proactive) 396M(77%)->26M(5%)
[272.284s][info][gc,start    ] GC(238) Garbage Collection (Allocation Rate)
[272.284s][info][gc,task     ] GC(238) Using 1 workers
[272.284s][info][gc,phases   ] GC(238) Pause Mark Start 0.017ms
[272.312s][info][gc,phases   ] GC(238) Concurrent Mark 27.500ms
[272.312s][info][gc,phases   ] GC(238) Pause Mark End 0.017ms
[272.312s][info][gc,phases   ] GC(238) Concurrent Mark Free 0.001ms
[272.320s][info][gc,phases   ] GC(238) Concurrent Process Non-Strong References 7.370ms
[272.320s][info][gc,phases   ] GC(238) Concurrent Reset Relocation Set 0.011ms
[272.324s][info][gc,phases   ] GC(238) Concurrent Select Relocation Set 3.914ms
[272.324s][info][gc,phases   ] GC(238) Pause Relocate Start 0.006ms
[272.328s][info][gc,phases   ] GC(238) Concurrent Relocate 4.480ms
[272.329s][info][gc,load     ] GC(238) Load: 0.00/0.00/0.00
[272.329s][info][gc,mmu      ] GC(238) MMU: 2ms/98.6%, 5ms/99.5%, 10ms/99.6%, 20ms/99.8%, 50ms/99.9%, 100ms/99.9%
[272.329s][info][gc,marking  ] GC(238) Mark: 1 stripe(s), 2 proactive flush(es), 1 terminate flush(es), 0 completion(s), 0 continuation(s) 
[272.329s][info][gc,marking  ] GC(238) Mark Stack Usage: 32M
[272.329s][info][gc,nmethod  ] GC(238) NMethods: 2006 registered, 368 unregistered
[272.329s][info][gc,metaspace] GC(238) Metaspace: 9M used, 10M committed, 1088M reserved
[272.329s][info][gc,ref      ] GC(238) Soft: 214 encountered, 0 discovered, 0 enqueued
[272.329s][info][gc,ref      ] GC(238) Weak: 811 encountered, 189 discovered, 0 enqueued
[272.329s][info][gc,ref      ] GC(238) Final: 0 encountered, 0 discovered, 0 enqueued
[272.329s][info][gc,ref      ] GC(238) Phantom: 27 encountered, 25 discovered, 0 enqueued
[272.329s][info][gc,reloc    ] GC(238) Small Pages: 186 / 372M, Empty: 284M, Relocated: 2M, In-Place: 0
[272.329s][info][gc,reloc    ] GC(238) Medium Pages: 0 / 0M, Empty: 0M, Relocated: 0M, In-Place: 0
[272.329s][info][gc,reloc    ] GC(238) Large Pages: 0 / 0M, Empty: 0M, Relocated: 0M, In-Place: 0
[272.329s][info][gc,reloc    ] GC(238) Forwarding Usage: 1M
[272.329s][info][gc,heap     ] GC(238) Min Capacity: 8M(2%)
[272.329s][info][gc,heap     ] GC(238) Max Capacity: 512M(100%)
[272.329s][info][gc,heap     ] GC(238) Soft Max Capacity: 512M(100%)
[272.329s][info][gc,heap     ] GC(238)                Mark Start          Mark End        Relocate Start      Relocate End           High               Low         
[272.329s][info][gc,heap     ] GC(238)  Capacity:      512M (100%)        512M (100%)        512M (100%)        512M (100%)        512M (100%)        512M (100%)   
[272.329s][info][gc,heap     ] GC(238)      Free:      140M (27%)         130M (25%)         410M (80%)         488M (95%)         488M (95%)         126M (25%)    
[272.329s][info][gc,heap     ] GC(238)      Used:      372M (73%)         382M (75%)         102M (20%)          24M (5%)          386M (75%)          24M (5%)     
[272.329s][info][gc,heap     ] GC(238)      Live:         -                 6M (1%)            6M (1%)            6M (1%)             -                  -          
[272.329s][info][gc,heap     ] GC(238) Allocated:         -                10M (2%)           14M (3%)           15M (3%)             -                  -          
[272.329s][info][gc,heap     ] GC(238)   Garbage:         -               365M (71%)          81M (16%)           1M (0%)             -                  -          
[272.329s][info][gc,heap     ] GC(238) Reclaimed:         -                  -               284M (55%)         363M (71%)            -                  -          
[272.329s][info][gc          ] GC(238) Garbage Collection (Allocation Rate) 372M(73%)->24M(5%)
[273.486s][info][gc,start    ] GC(239) Garbage Collection (Allocation Rate)
[273.486s][info][gc,task     ] GC(239) Using 1 workers
[273.486s][info][gc,phases   ] GC(239) Pause Mark Start 0.017ms
[273.515s][info][gc,phases   ] GC(239) Concurrent Mark 28.726ms
[273.515s][info][gc,phases   ] GC(239) Pause Mark End 0.017ms
[273.515s][info][gc,phases   ] GC(239) Concurrent Mark Free 0.002ms
[273.523s][info][gc,phases   ] GC(239) Concurrent Process Non-Strong References 7.450ms
[273.523s][info][gc,phases   ] GC(239) Concurrent Reset Relocation Set 0.006ms
[273.527s][info][gc,phases   ] GC(239) Concurrent Select Relocation Set 3.950ms
[273.527s][info][gc,phases   ] GC(239) Pause Relocate Start 0.009ms
[273.530s][info][gc,phases   ] GC(239) Concurrent Relocate 3.051ms
[273.530s][info][gc,load     ] GC(239) Load: 0.00/0.00/0.00
[273.530s][info][gc,mmu      ] GC(239) MMU: 2ms/98.6%, 5ms/99.5%, 10ms/99.6%, 20ms/99.8%, 50ms/99.9%, 100ms/99.9%
[273.530s][info][gc,marking  ] GC(239) Mark: 1 stripe(s), 2 proactive flush(es), 1 terminate flush(es), 0 completion(s), 0 continuation(s) 
[273.530s][info][gc,marking  ] GC(239) Mark Stack Usage: 32M
[273.530s][info][gc,nmethod  ] GC(239) NMethods: 2006 registered, 368 unregistered
[273.530s][info][gc,metaspace] GC(239) Metaspace: 9M used, 10M committed, 1088M reserved
[273.530s][info][gc,ref      ] GC(239) Soft: 214 encountered, 0 discovered, 0 enqueued
[273.530s][info][gc,ref      ] GC(239) Weak: 811 encountered, 9 discovered, 0 enqueued
[273.530s][info][gc,ref      ] GC(239) Final: 0 encountered, 0 discovered, 0 enqueued
[273.530s][info][gc,ref      ] GC(239) Phantom: 27 encountered, 14 discovered, 0 enqueued
[273.530s][info][gc,reloc    ] GC(239) Small Pages: 197 / 394M, Empty: 302M, Relocated: 1M, In-Place: 0
[273.530s][info][gc,reloc    ] GC(239) Medium Pages: 0 / 0M, Empty: 0M, Relocated: 0M, In-Place: 0
[273.530s][info][gc,reloc    ] GC(239) Large Pages: 0 / 0M, Empty: 0M, Relocated: 0M, In-Place: 0
[273.530s][info][gc,reloc    ] GC(239) Forwarding Usage: 0M
[273.530s][info][gc,heap     ] GC(239) Min Capacity: 8M(2%)
[273.530s][info][gc,heap     ] GC(239) Max Capacity: 512M(100%)
[273.531s][info][gc,heap     ] GC(239) Soft Max Capacity: 512M(100%)
[273.531s][info][gc,heap     ] GC(239)                Mark Start          Mark End        Relocate Start      Relocate End           High               Low         
[273.531s][info][gc,heap     ] GC(239)  Capacity:      512M (100%)        512M (100%)        512M (100%)        512M (100%)        512M (100%)        512M (100%)   
[273.531s][info][gc,heap     ] GC(239)      Free:      118M (23%)         106M (21%)         404M (79%)         488M (95%)         488M (95%)         104M (20%)    
[273.531s][info][gc,heap     ] GC(239)      Used:      394M (77%)         406M (79%)         108M (21%)          24M (5%)          408M (80%)          24M (5%)     
[273.531s][info][gc,heap     ] GC(239)      Live:         -                 6M (1%)            6M (1%)            6M (1%)             -                  -          
[273.531s][info][gc,heap     ] GC(239) Allocated:         -                12M (2%)           16M (3%)           15M (3%)             -                  -          
[273.531s][info][gc,heap     ] GC(239)   Garbage:         -               387M (76%)          85M (17%)           1M (0%)             -                  -          
[273.531s][info][gc,heap     ] GC(239) Reclaimed:         -                  -               302M (59%)         385M (75%)            -                  -          
[273.531s][info][gc          ] GC(239) Garbage Collection (Allocation Rate) 394M(77%)->24M(5%)
[274.781s][info][gc,start    ] GC(240) Garbage Collection (Allocation Rate)
[274.781s][info][gc,task     ] GC(240) Using 1 workers
[274.781s][info][gc,phases   ] GC(240) Pause Mark Start 0.019ms
[274.806s][info][gc,phases   ] GC(240) Concurrent Mark 24.855ms
[274.806s][info][gc,phases   ] GC(240) Pause Mark End 0.014ms
[274.806s][info][gc,phases   ] GC(240) Concurrent Mark Free 0.001ms
[274.811s][info][gc,phases   ] GC(240) Concurrent Process Non-Strong References 4.537ms
[274.811s][info][gc,phases   ] GC(240) Concurrent Reset Relocation Set 0.008ms
[274.816s][info][gc,phases   ] GC(240) Concurrent Select Relocation Set 4.489ms
[274.816s][info][gc,phases   ] GC(240) Pause Relocate Start 0.006ms
[274.820s][info][gc,phases   ] GC(240) Concurrent Relocate 3.929ms
[274.820s][info][gc,load     ] GC(240) Load: 0.00/0.00/0.00
[274.820s][info][gc,mmu      ] GC(240) MMU: 2ms/98.6%, 5ms/99.5%, 10ms/99.6%, 20ms/99.8%, 50ms/99.9%, 100ms/99.9%
[274.820s][info][gc,marking  ] GC(240) Mark: 1 stripe(s), 2 proactive flush(es), 1 terminate flush(es), 0 completion(s), 0 continuation(s) 
[274.820s][info][gc,marking  ] GC(240) Mark Stack Usage: 32M
[274.820s][info][gc,nmethod  ] GC(240) NMethods: 2006 registered, 368 unregistered
[274.820s][info][gc,metaspace] GC(240) Metaspace: 9M used, 10M committed, 1088M reserved
[274.820s][info][gc,ref      ] GC(240) Soft: 214 encountered, 0 discovered, 0 enqueued
[274.820s][info][gc,ref      ] GC(240) Weak: 811 encountered, 9 discovered, 0 enqueued
[274.820s][info][gc,ref      ] GC(240) Final: 0 encountered, 0 discovered, 0 enqueued
[274.820s][info][gc,ref      ] GC(240) Phantom: 27 encountered, 14 discovered, 0 enqueued
[274.820s][info][gc,reloc    ] GC(240) Small Pages: 212 / 424M, Empty: 378M, Relocated: 1M, In-Place: 0
[274.820s][info][gc,reloc    ] GC(240) Medium Pages: 0 / 0M, Empty: 0M, Relocated: 0M, In-Place: 0
[274.820s][info][gc,reloc    ] GC(240) Large Pages: 0 / 0M, Empty: 0M, Relocated: 0M, In-Place: 0
[274.820s][info][gc,reloc    ] GC(240) Forwarding Usage: 0M
[274.820s][info][gc,heap     ] GC(240) Min Capacity: 8M(2%)
[274.820s][info][gc,heap     ] GC(240) Max Capacity: 512M(100%)
[274.820s][info][gc,heap     ] GC(240) Soft Max Capacity: 512M(100%)
[274.820s][info][gc,heap     ] GC(240)                Mark Start          Mark End        Relocate Start      Relocate End           High               Low         
[274.820s][info][gc,heap     ] GC(240)  Capacity:      512M (100%)        512M (100%)        512M (100%)        512M (100%)        512M (100%)        512M (100%)   
[274.820s][info][gc,heap     ] GC(240)      Free:       88M (17%)          78M (15%)         454M (89%)         490M (96%)         490M (96%)          78M (15%)    
[274.820s][info][gc,heap     ] GC(240)      Used:      424M (83%)         434M (85%)          58M (11%)          22M (4%)          434M (85%)          22M (4%)     
[274.820s][info][gc,heap     ] GC(240)      Live:         -                 6M (1%)            6M (1%)            6M (1%)             -                  -          
[274.820s][info][gc,heap     ] GC(240) Allocated:         -                10M (2%)           12M (2%)           13M (3%)             -                  -          
[274.820s][info][gc,heap     ] GC(240)   Garbage:         -               417M (82%)          39M (8%)            1M (0%)             -                  -          
[274.821s][info][gc,heap     ] GC(240) Reclaimed:         -                  -               378M (74%)         415M (81%)            -                  -          
[274.821s][info][gc          ] GC(240) Garbage Collection (Allocation Rate) 424M(83%)->22M(4%)
[275.982s][info][gc,start    ] GC(241) Garbage Collection (Proactive)
[275.982s][info][gc,task     ] GC(241) Using 5 workers
[275.983s][info][gc,phases   ] GC(241) Pause Mark Start 0.015ms
[275.994s][info][gc,phases   ] GC(241) Concurrent Mark 11.838ms
[275.995s][info][gc,phases   ] GC(241) Pause Mark End 0.017ms
[275.995s][info][gc,phases   ] GC(241) Concurrent Mark Free 0.001ms
[275.996s][info][gc,phases   ] GC(241) Concurrent Process Non-Strong References 1.693ms
[275.997s][info][gc,phases   ] GC(241) Concurrent Reset Relocation Set 0.003ms
[276.001s][info][gc,phases   ] GC(241) Concurrent Select Relocation Set 3.966ms
[276.001s][info][gc,phases   ] GC(241) Pause Relocate Start 0.010ms
[276.003s][info][gc,phases   ] GC(241) Concurrent Relocate 2.125ms
[276.003s][info][gc,load     ] GC(241) Load: 0.00/0.00/0.00
[276.003s][info][gc,mmu      ] GC(241) MMU: 2ms/98.6%, 5ms/99.5%, 10ms/99.6%, 20ms/99.8%, 50ms/99.9%, 100ms/99.9%
[276.003s][info][gc,marking  ] GC(241) Mark: 4 stripe(s), 4 proactive flush(es), 1 terminate flush(es), 0 completion(s), 0 continuation(s) 
[276.003s][info][gc,marking  ] GC(241) Mark Stack Usage: 32M
[276.003s][info][gc,nmethod  ] GC(241) NMethods: 2006 registered, 368 unregistered
[276.003s][info][gc,metaspace] GC(241) Metaspace: 9M used, 10M committed, 1088M reserved
[276.003s][info][gc,ref      ] GC(241) Soft: 214 encountered, 0 discovered, 0 enqueued
[276.003s][info][gc,ref      ] GC(241) Weak: 811 encountered, 301 discovered, 0 enqueued
[276.003s][info][gc,ref      ] GC(241) Final: 0 encountered, 0 discovered, 0 enqueued
[276.003s][info][gc,ref      ] GC(241) Phantom: 27 encountered, 21 discovered, 0 enqueued
[276.003s][info][gc,reloc    ] GC(241) Small Pages: 196 / 392M, Empty: 282M, Relocated: 1M, In-Place: 0
[276.003s][info][gc,reloc    ] GC(241) Medium Pages: 0 / 0M, Empty: 0M, Relocated: 0M, In-Place: 0
[276.003s][info][gc,reloc    ] GC(241) Large Pages: 0 / 0M, Empty: 0M, Relocated: 0M, In-Place: 0
[276.003s][info][gc,reloc    ] GC(241) Forwarding Usage: 0M
[276.003s][info][gc,heap     ] GC(241) Min Capacity: 8M(2%)
[276.003s][info][gc,heap     ] GC(241) Max Capacity: 512M(100%)
[276.003s][info][gc,heap     ] GC(241) Soft Max Capacity: 512M(100%)
[276.003s][info][gc,heap     ] GC(241)                Mark Start          Mark End        Relocate Start      Relocate End           High               Low         
[276.004s][info][gc,heap     ] GC(241)  Capacity:      512M (100%)        512M (100%)        512M (100%)        512M (100%)        512M (100%)        512M (100%)   
[276.004s][info][gc,heap     ] GC(241)      Free:      120M (23%)         114M (22%)         394M (77%)         488M (95%)         488M (95%)         114M (22%)    
[276.004s][info][gc,heap     ] GC(241)      Used:      392M (77%)         398M (78%)         118M (23%)          24M (5%)          398M (78%)          24M (5%)     
[276.004s][info][gc,heap     ] GC(241)      Live:         -                 6M (1%)            6M (1%)            6M (1%)             -                  -          
[276.004s][info][gc,heap     ] GC(241) Allocated:         -                 6M (1%)            8M (2%)            7M (2%)             -                  -          
[276.004s][info][gc,heap     ] GC(241)   Garbage:         -               385M (75%)         103M (20%)           9M (2%)             -                  -          
[276.004s][info][gc,heap     ] GC(241) Reclaimed:         -                  -               282M (55%)         375M (73%)            -                  -          
[276.004s][info][gc          ] GC(241) Garbage Collection (Proactive) 392M(77%)->24M(5%)
[276.799s][info][gc,start    ] GC(242) Garbage Collection (System.gc())
[276.799s][info][gc,task     ] GC(242) Using 5 workers
[276.799s][info][gc,phases   ] GC(242) Pause Mark Start 0.017ms
[276.809s][info][gc,phases   ] GC(242) Concurrent Mark 9.697ms
[276.809s][info][gc,phases   ] GC(242) Pause Mark End 0.015ms
[276.809s][info][gc,phases   ] GC(242) Concurrent Mark Free 0.001ms
[276.811s][info][gc,phases   ] GC(242) Concurrent Process Non-Strong References 1.751ms
[276.811s][info][gc,phases   ] GC(242) Concurrent Reset Relocation Set 0.009ms
[276.815s][info][gc,phases   ] GC(242) Concurrent Select Relocation Set 3.787ms
[276.815s][info][gc,phases   ] GC(242) Pause Relocate Start 0.008ms
[276.816s][info][gc,phases   ] GC(242) Concurrent Relocate 1.629ms
[276.817s][info][gc,load     ] GC(242) Load: 0.00/0.00/0.00
[276.817s][info][gc,mmu      ] GC(242) MMU: 2ms/98.6%, 5ms/99.5%, 10ms/99.6%, 20ms/99.8%, 50ms/99.9%, 100ms/99.9%
[276.817s][info][gc,marking  ] GC(242) Mark: 4 stripe(s), 2 proactive flush(es), 1 terminate flush(es), 0 completion(s), 0 continuation(s) 
[276.817s][info][gc,marking  ] GC(242) Mark Stack Usage: 32M
[276.817s][info][gc,nmethod  ] GC(242) NMethods: 2006 registered, 368 unregistered
[276.817s][info][gc,metaspace] GC(242) Metaspace: 9M used, 10M committed, 1088M reserved
[276.817s][info][gc,ref      ] GC(242) Soft: 214 encountered, 0 discovered, 0 enqueued
[276.817s][info][gc,ref      ] GC(242) Weak: 811 encountered, 338 discovered, 0 enqueued
[276.817s][info][gc,ref      ] GC(242) Final: 0 encountered, 0 discovered, 0 enqueued
[276.817s][info][gc,ref      ] GC(242) Phantom: 27 encountered, 23 discovered, 0 enqueued
[276.817s][info][gc,reloc    ] GC(242) Small Pages: 139 / 278M, Empty: 264M, Relocated: 1M, In-Place: 0
[276.817s][info][gc,reloc    ] GC(242) Medium Pages: 0 / 0M, Empty: 0M, Relocated: 0M, In-Place: 0
[276.817s][info][gc,reloc    ] GC(242) Large Pages: 0 / 0M, Empty: 0M, Relocated: 0M, In-Place: 0
[276.817s][info][gc,reloc    ] GC(242) Forwarding Usage: 0M
[276.817s][info][gc,heap     ] GC(242) Min Capacity: 8M(2%)
[276.817s][info][gc,heap     ] GC(242) Max Capacity: 512M(100%)
[276.817s][info][gc,heap     ] GC(242) Soft Max Capacity: 512M(100%)
[276.817s][info][gc,heap     ] GC(242)                Mark Start          Mark End        Relocate Start      Relocate End           High               Low         
[276.817s][info][gc,heap     ] GC(242)  Capacity:      512M (100%)        512M (100%)        512M (100%)        512M (100%)        512M (100%)        512M (100%)   
[276.817s][info][gc,heap     ] GC(242)      Free:      234M (46%)         234M (46%)         498M (97%)         498M (97%)         498M (97%)         234M (46%)    
[276.817s][info][gc,heap     ] GC(242)      Used:      278M (54%)         278M (54%)          14M (3%)           14M (3%)          278M (54%)          14M (3%)     
[276.817s][info][gc,heap     ] GC(242)      Live:         -                 4M (1%)            4M (1%)            4M (1%)             -                  -          
[276.817s][info][gc,heap     ] GC(242) Allocated:         -                 0M (0%)            0M (0%)            0M (0%)             -                  -          
[276.817s][info][gc,heap     ] GC(242)   Garbage:         -               273M (53%)           9M (2%)            9M (2%)             -                  -          
[276.817s][info][gc,heap     ] GC(242) Reclaimed:         -                  -               264M (52%)         264M (52%)            -                  -          
[276.817s][info][gc          ] GC(242) Garbage Collection (System.gc()) 278M(54%)->14M(3%)
[278.088s][info][gc,start    ] GC(243) Garbage Collection (Allocation Rate)
[278.089s][info][gc,task     ] GC(243) Using 1 workers
[278.089s][info][gc,phases   ] GC(243) Pause Mark Start 0.018ms
[278.116s][info][gc,phases   ] GC(243) Concurrent Mark 27.238ms
[278.116s][info][gc,phases   ] GC(243) Pause Mark End 0.017ms
[278.116s][info][gc,phases   ] GC(243) Concurrent Mark Free 0.001ms
[278.124s][info][gc,phases   ] GC(243) Concurrent Process Non-Strong References 7.460ms
[278.124s][info][gc,phases   ] GC(243) Concurrent Reset Relocation Set 0.002ms
[278.129s][info][gc,phases   ] GC(243) Concurrent Select Relocation Set 5.064ms
[278.129s][info][gc,phases   ] GC(243) Pause Relocate Start 0.009ms
[278.134s][info][gc,phases   ] GC(243) Concurrent Relocate 4.813ms
[278.134s][info][gc,load     ] GC(243) Load: 0.00/0.00/0.00
[278.134s][info][gc,mmu      ] GC(243) MMU: 2ms/98.6%, 5ms/99.5%, 10ms/99.6%, 20ms/99.8%, 50ms/99.9%, 100ms/99.9%
[278.134s][info][gc,marking  ] GC(243) Mark: 1 stripe(s), 2 proactive flush(es), 1 terminate flush(es), 0 completion(s), 0 continuation(s) 
[278.134s][info][gc,marking  ] GC(243) Mark Stack Usage: 32M
[278.134s][info][gc,nmethod  ] GC(243) NMethods: 2006 registered, 368 unregistered
[278.134s][info][gc,metaspace] GC(243) Metaspace: 9M used, 10M committed, 1088M reserved
[278.134s][info][gc,ref      ] GC(243) Soft: 214 encountered, 0 discovered, 0 enqueued
[278.134s][info][gc,ref      ] GC(243) Weak: 811 encountered, 189 discovered, 0 enqueued
[278.134s][info][gc,ref      ] GC(243) Final: 0 encountered, 0 discovered, 0 enqueued
[278.134s][info][gc,ref      ] GC(243) Phantom: 27 encountered, 25 discovered, 0 enqueued
[278.134s][info][gc,reloc    ] GC(243) Small Pages: 214 / 428M, Empty: 256M, Relocated: 2M, In-Place: 0
[278.134s][info][gc,reloc    ] GC(243) Medium Pages: 0 / 0M, Empty: 0M, Relocated: 0M, In-Place: 0
[278.135s][info][gc,reloc    ] GC(243) Large Pages: 0 / 0M, Empty: 0M, Relocated: 0M, In-Place: 0
[278.135s][info][gc,reloc    ] GC(243) Forwarding Usage: 1M
[278.135s][info][gc,heap     ] GC(243) Min Capacity: 8M(2%)
[278.135s][info][gc,heap     ] GC(243) Max Capacity: 512M(100%)
[278.135s][info][gc,heap     ] GC(243) Soft Max Capacity: 512M(100%)
[278.135s][info][gc,heap     ] GC(243)                Mark Start          Mark End        Relocate Start      Relocate End           High               Low         
[278.135s][info][gc,heap     ] GC(243)  Capacity:      512M (100%)        512M (100%)        512M (100%)        512M (100%)        512M (100%)        512M (100%)   
[278.135s][info][gc,heap     ] GC(243)      Free:       84M (16%)          74M (14%)         326M (64%)         488M (95%)         488M (95%)          72M (14%)    
[278.135s][info][gc,heap     ] GC(243)      Used:      428M (84%)         438M (86%)         186M (36%)          24M (5%)          440M (86%)          24M (5%)     
[278.135s][info][gc,heap     ] GC(243)      Live:         -                 6M (1%)            6M (1%)            6M (1%)             -                  -          
[278.135s][info][gc,heap     ] GC(243) Allocated:         -                10M (2%)           14M (3%)           15M (3%)             -                  -          
[278.135s][info][gc,heap     ] GC(243)   Garbage:         -               421M (82%)         165M (32%)           1M (0%)             -                  -          
[278.135s][info][gc,heap     ] GC(243) Reclaimed:         -                  -               256M (50%)         419M (82%)            -                  -          
[278.135s][info][gc          ] GC(243) Garbage Collection (Allocation Rate) 428M(84%)->24M(5%)
[279.384s][info][gc,start    ] GC(244) Garbage Collection (Allocation Rate)
[279.384s][info][gc,task     ] GC(244) Using 1 workers
[279.384s][info][gc,phases   ] GC(244) Pause Mark Start 0.018ms
[279.411s][info][gc,phases   ] GC(244) Concurrent Mark 26.893ms
[279.411s][info][gc,phases   ] GC(244) Pause Mark End 0.016ms
[279.411s][info][gc,phases   ] GC(244) Concurrent Mark Free 0.001ms
[279.418s][info][gc,phases   ] GC(244) Concurrent Process Non-Strong References 7.309ms
[279.419s][info][gc,phases   ] GC(244) Concurrent Reset Relocation Set 0.013ms
[279.423s][info][gc,phases   ] GC(244) Concurrent Select Relocation Set 3.979ms
[279.423s][info][gc,phases   ] GC(244) Pause Relocate Start 0.009ms
[279.425s][info][gc,phases   ] GC(244) Concurrent Relocate 2.448ms
[279.425s][info][gc,load     ] GC(244) Load: 0.00/0.00/0.00
[279.425s][info][gc,mmu      ] GC(244) MMU: 2ms/98.6%, 5ms/99.5%, 10ms/99.6%, 20ms/99.8%, 50ms/99.9%, 100ms/99.9%
[279.425s][info][gc,marking  ] GC(244) Mark: 1 stripe(s), 2 proactive flush(es), 1 terminate flush(es), 0 completion(s), 0 continuation(s) 
[279.425s][info][gc,marking  ] GC(244) Mark Stack Usage: 32M
[279.425s][info][gc,nmethod  ] GC(244) NMethods: 2006 registered, 368 unregistered
[279.425s][info][gc,metaspace] GC(244) Metaspace: 9M used, 10M committed, 1088M reserved
[279.425s][info][gc,ref      ] GC(244) Soft: 214 encountered, 0 discovered, 0 enqueued
[279.425s][info][gc,ref      ] GC(244) Weak: 811 encountered, 9 discovered, 0 enqueued
[279.425s][info][gc,ref      ] GC(244) Final: 0 encountered, 0 discovered, 0 enqueued
[279.426s][info][gc,ref      ] GC(244) Phantom: 27 encountered, 14 discovered, 0 enqueued
[279.426s][info][gc,reloc    ] GC(244) Small Pages: 212 / 424M, Empty: 342M, Relocated: 1M, In-Place: 0
[279.426s][info][gc,reloc    ] GC(244) Medium Pages: 0 / 0M, Empty: 0M, Relocated: 0M, In-Place: 0
[279.426s][info][gc,reloc    ] GC(244) Large Pages: 0 / 0M, Empty: 0M, Relocated: 0M, In-Place: 0
[279.426s][info][gc,reloc    ] GC(244) Forwarding Usage: 0M
[279.426s][info][gc,heap     ] GC(244) Min Capacity: 8M(2%)
[279.426s][info][gc,heap     ] GC(244) Max Capacity: 512M(100%)
[279.426s][info][gc,heap     ] GC(244) Soft Max Capacity: 512M(100%)
[279.426s][info][gc,heap     ] GC(244)                Mark Start          Mark End        Relocate Start      Relocate End           High               Low         
[279.426s][info][gc,heap     ] GC(244)  Capacity:      512M (100%)        512M (100%)        512M (100%)        512M (100%)        512M (100%)        512M (100%)   
[279.426s][info][gc,heap     ] GC(244)      Free:       88M (17%)          78M (15%)         416M (81%)         490M (96%)         490M (96%)          76M (15%)    
[279.426s][info][gc,heap     ] GC(244)      Used:      424M (83%)         434M (85%)          96M (19%)          22M (4%)          436M (85%)          22M (4%)     
[279.426s][info][gc,heap     ] GC(244)      Live:         -                 6M (1%)            6M (1%)            6M (1%)             -                  -          
[279.426s][info][gc,heap     ] GC(244) Allocated:         -                10M (2%)           14M (3%)           13M (3%)             -                  -          
[279.426s][info][gc,heap     ] GC(244)   Garbage:         -               417M (82%)          75M (15%)           1M (0%)             -                  -          
[279.426s][info][gc,heap     ] GC(244) Reclaimed:         -                  -               342M (67%)         415M (81%)            -                  -          
[279.426s][info][gc          ] GC(244) Garbage Collection (Allocation Rate) 424M(83%)->22M(4%)
[280.078s][info][gc,stats    ] === Garbage Collection Statistics =======================================================================================================================
[280.078s][info][gc,stats    ]                                                              Last 10s              Last 10m              Last 10h                Total
[280.078s][info][gc,stats    ]                                                              Avg / Max             Avg / Max             Avg / Max             Avg / Max
[280.078s][info][gc,stats    ]   Collector: Garbage Collection Cycle                     35.810 / 45.736       36.666 / 60.364       36.666 / 60.364       36.666 / 60.364      ms
[280.078s][info][gc,stats    ]  Contention: Mark Segment Reset Contention                     0 / 3                 0 / 6                 0 / 6                 0 / 6           ops/s
[280.078s][info][gc,stats    ]  Contention: Mark SeqNum Reset Contention                      0 / 0                 0 / 2                 0 / 2                 0 / 2           ops/s
[280.078s][info][gc,stats    ]    Critical: Allocation Stall                                  0 / 0                 0 / 0                 0 / 0                 0 / 0           ops/s
[280.078s][info][gc,stats    ]    Critical: Allocation Stall                              0.000 / 0.000         0.000 / 0.000         0.000 / 0.000         0.000 / 0.000       ms
[280.078s][info][gc,stats    ]    Critical: GC Locker Stall                                   0 / 0                 0 / 0                 0 / 0                 0 / 0           ops/s
[280.078s][info][gc,stats    ]    Critical: GC Locker Stall                               0.000 / 0.000         0.000 / 0.000         0.000 / 0.000         0.000 / 0.000       ms
[280.078s][info][gc,stats    ]    Critical: Relocation Stall                                  0 / 0                 0 / 0                 0 / 0                 0 / 0           ops/s
[280.079s][info][gc,stats    ]    Critical: Relocation Stall                              0.000 / 0.000         0.000 / 0.000         0.000 / 0.000         0.000 / 0.000       ms
[280.079s][info][gc,stats    ]      Memory: Allocation Rate                                 324 / 330             320 / 338             320 / 338             320 / 338         MB/s
[280.079s][info][gc,stats    ]      Memory: Defragment                                        0 / 0                 0 / 0                 0 / 0                 0 / 0           ops/s
[280.079s][info][gc,stats    ]      Memory: Out Of Memory                                     0 / 0                 0 / 0                 0 / 0                 0 / 0           ops/s
[280.079s][info][gc,stats    ]      Memory: Page Cache Flush                                  0 / 0                 0 / 0                 0 / 0                 0 / 0           MB/s
[280.079s][info][gc,stats    ]      Memory: Page Cache Hit L1                               164 / 169             161 / 174             161 / 174             161 / 174         ops/s
[280.079s][info][gc,stats    ]      Memory: Page Cache Hit L2                                 0 / 0                 0 / 0                 0 / 0                 0 / 0           ops/s
[280.079s][info][gc,stats    ]      Memory: Page Cache Hit L3                                 0 / 0                 0 / 77                0 / 77                0 / 77          ops/s
[280.079s][info][gc,stats    ]      Memory: Page Cache Miss                                   0 / 0                 0 / 1                 0 / 1                 0 / 1           ops/s
[280.079s][info][gc,stats    ]      Memory: Uncommit                                          0 / 0                 0 / 0                 0 / 0                 0 / 0           MB/s
[280.079s][info][gc,stats    ]      Memory: Undo Object Allocation Failed                     0 / 1                 0 / 10                0 / 10                0 / 10          ops/s
[280.079s][info][gc,stats    ]      Memory: Undo Object Allocation Succeeded                  0 / 1                 0 / 11                0 / 11                0 / 11          ops/s
[280.079s][info][gc,stats    ]      Memory: Undo Page Allocation                              1 / 3                 1 / 10                1 / 10                1 / 10          ops/s
[280.079s][info][gc,stats    ]       Phase: Concurrent Mark                              22.464 / 28.726       22.525 / 38.107       22.525 / 38.107       22.525 / 38.107      ms
[280.079s][info][gc,stats    ]       Phase: Concurrent Mark Continue                      0.000 / 0.000         0.000 / 0.000         0.000 / 0.000         0.000 / 0.000       ms
[280.079s][info][gc,stats    ]       Phase: Concurrent Mark Free                          0.001 / 0.002         0.001 / 0.002         0.001 / 0.002         0.001 / 0.002       ms
[280.079s][info][gc,stats    ]       Phase: Concurrent Process Non-Strong References      4.922 / 7.460         4.876 / 7.613         4.876 / 7.613         4.876 / 7.613       ms
[280.079s][info][gc,stats    ]       Phase: Concurrent Relocate                           3.074 / 4.813         3.545 / 8.950         3.545 / 8.950         3.545 / 8.950       ms
[280.079s][info][gc,stats    ]       Phase: Concurrent Reset Relocation Set               0.006 / 0.013         0.007 / 0.015         0.007 / 0.015         0.007 / 0.015       ms
[280.079s][info][gc,stats    ]       Phase: Concurrent Select Relocation Set              4.237 / 5.064         4.371 / 14.681        4.371 / 14.681        4.371 / 14.681      ms
[280.079s][info][gc,stats    ]       Phase: Pause Mark End                                0.017 / 0.021         0.017 / 0.021         0.017 / 0.021         0.017 / 0.021       ms
[280.079s][info][gc,stats    ]       Phase: Pause Mark Start                              0.017 / 0.019         0.017 / 0.027         0.017 / 0.027         0.017 / 0.027       ms
[280.079s][info][gc,stats    ]       Phase: Pause Relocate Start                          0.008 / 0.010         0.008 / 0.012         0.008 / 0.012         0.008 / 0.012       ms
[280.079s][info][gc,stats    ]    Subphase: Concurrent Classes Purge                      0.005 / 0.006         0.015 / 0.583         0.015 / 0.583         0.015 / 0.583       ms
[280.079s][info][gc,stats    ]    Subphase: Concurrent Classes Unlink                     4.017 / 6.164         4.002 / 6.164         4.002 / 6.164         4.002 / 6.164       ms
[280.079s][info][gc,stats    ]    Subphase: Concurrent Mark                              15.474 / 26.153       15.385 / 34.990       15.385 / 34.990       15.385 / 34.990      ms
[280.079s][info][gc,stats    ]    Subphase: Concurrent Mark Try Flush                     0.062 / 0.100         0.061 / 0.187         0.061 / 0.187         0.061 / 0.187       ms
[280.079s][info][gc,stats    ]    Subphase: Concurrent Mark Try Terminate                 2.775 / 15.717        3.362 / 16.488        3.362 / 16.488        3.362 / 16.488      ms
[280.079s][info][gc,stats    ]    Subphase: Concurrent References Enqueue                 0.000 / 0.001         0.000 / 0.005         0.000 / 0.005         0.000 / 0.005       ms
[280.080s][info][gc,stats    ]    Subphase: Concurrent References Process                 0.049 / 0.068         0.047 / 0.114         0.047 / 0.114         0.047 / 0.114       ms
[280.080s][info][gc,stats    ]    Subphase: Concurrent Roots ClassLoaderDataGraph         0.142 / 0.356         0.153 / 0.631         0.153 / 0.631         0.153 / 0.631       ms
[280.080s][info][gc,stats    ]    Subphase: Concurrent Roots CodeCache                    0.000 / 0.000         0.000 / 0.000         0.000 / 0.000         0.000 / 0.000       ms
[280.080s][info][gc,stats    ]    Subphase: Concurrent Roots JavaThreads                  1.059 / 2.263         0.985 / 2.464         0.985 / 2.464         0.985 / 2.464       ms
[280.080s][info][gc,stats    ]    Subphase: Concurrent Roots OopStorageSet                0.031 / 0.065         0.032 / 0.136         0.032 / 0.136         0.032 / 0.136       ms
[280.080s][info][gc,stats    ]    Subphase: Concurrent Weak Roots OopStorageSet           0.418 / 1.148         0.398 / 1.768         0.398 / 1.768         0.398 / 1.768       ms
[280.080s][info][gc,stats    ]    Subphase: Pause Mark Try Complete                       0.000 / 0.000         0.000 / 0.000         0.000 / 0.000         0.000 / 0.000       ms
[280.080s][info][gc,stats    ]      System: Java Threads                                     40 / 40               36 / 41               36 / 41               36 / 41          threads
[280.080s][info][gc,stats    ] =========================================================================================================================================================
[280.491s][info][gc,start    ] GC(245) Garbage Collection (Proactive)
[280.491s][info][gc,task     ] GC(245) Using 5 workers
[280.492s][info][gc,phases   ] GC(245) Pause Mark Start 0.017ms
[280.507s][info][gc,phases   ] GC(245) Concurrent Mark 15.202ms
[280.507s][info][gc,phases   ] GC(245) Pause Mark End 0.022ms
[280.507s][info][gc,phases   ] GC(245) Concurrent Mark Free 0.002ms
[280.509s][info][gc,phases   ] GC(245) Concurrent Process Non-Strong References 1.692ms
[280.509s][info][gc,phases   ] GC(245) Concurrent Reset Relocation Set 0.005ms
[280.513s][info][gc,phases   ] GC(245) Concurrent Select Relocation Set 4.276ms
[280.514s][info][gc,phases   ] GC(245) Pause Relocate Start 0.010ms
[280.516s][info][gc,phases   ] GC(245) Concurrent Relocate 2.620ms
[280.516s][info][gc,load     ] GC(245) Load: 0.00/0.00/0.00
[280.516s][info][gc,mmu      ] GC(245) MMU: 2ms/98.6%, 5ms/99.5%, 10ms/99.6%, 20ms/99.8%, 50ms/99.9%, 100ms/99.9%
[280.516s][info][gc,marking  ] GC(245) Mark: 4 stripe(s), 2 proactive flush(es), 1 terminate flush(es), 0 completion(s), 0 continuation(s) 
[280.516s][info][gc,marking  ] GC(245) Mark Stack Usage: 32M
[280.516s][info][gc,nmethod  ] GC(245) NMethods: 2006 registered, 369 unregistered
[280.516s][info][gc,metaspace] GC(245) Metaspace: 9M used, 10M committed, 1088M reserved
[280.516s][info][gc,ref      ] GC(245) Soft: 214 encountered, 0 discovered, 0 enqueued
[280.517s][info][gc,ref      ] GC(245) Weak: 811 encountered, 6 discovered, 0 enqueued
[280.517s][info][gc,ref      ] GC(245) Final: 0 encountered, 0 discovered, 0 enqueued
[280.517s][info][gc,ref      ] GC(245) Phantom: 27 encountered, 23 discovered, 0 enqueued
[280.517s][info][gc,reloc    ] GC(245) Small Pages: 180 / 360M, Empty: 244M, Relocated: 2M, In-Place: 0
[280.517s][info][gc,reloc    ] GC(245) Medium Pages: 0 / 0M, Empty: 0M, Relocated: 0M, In-Place: 0
[280.517s][info][gc,reloc    ] GC(245) Large Pages: 0 / 0M, Empty: 0M, Relocated: 0M, In-Place: 0
[280.517s][info][gc,reloc    ] GC(245) Forwarding Usage: 0M
[280.517s][info][gc,heap     ] GC(245) Min Capacity: 8M(2%)
[280.517s][info][gc,heap     ] GC(245) Max Capacity: 512M(100%)
[280.517s][info][gc,heap     ] GC(245) Soft Max Capacity: 512M(100%)
[280.517s][info][gc,heap     ] GC(245)                Mark Start          Mark End        Relocate Start      Relocate End           High               Low         
[280.517s][info][gc,heap     ] GC(245)  Capacity:      512M (100%)        512M (100%)        512M (100%)        512M (100%)        512M (100%)        512M (100%)   
[280.517s][info][gc,heap     ] GC(245)      Free:      152M (30%)         144M (28%)         388M (76%)         488M (95%)         488M (95%)         144M (28%)    
[280.517s][info][gc,heap     ] GC(245)      Used:      360M (70%)         368M (72%)         124M (24%)          24M (5%)          368M (72%)          24M (5%)     
[280.517s][info][gc,heap     ] GC(245)      Live:         -                 6M (1%)            6M (1%)            6M (1%)             -                  -          
[280.517s][info][gc,heap     ] GC(245) Allocated:         -                 8M (2%)            8M (2%)            9M (2%)             -                  -          
[280.517s][info][gc,heap     ] GC(245)   Garbage:         -               353M (69%)         109M (21%)           7M (1%)             -                  -          
[280.517s][info][gc,heap     ] GC(245) Reclaimed:         -                  -               244M (48%)         345M (68%)            -                  -          
[280.517s][info][gc          ] GC(245) Garbage Collection (Proactive) 360M(70%)->24M(5%)
[281.677s][info][gc,start    ] GC(246) Garbage Collection (Allocation Rate)
[281.677s][info][gc,task     ] GC(246) Using 1 workers
[281.678s][info][gc,phases   ] GC(246) Pause Mark Start 0.017ms
[281.710s][info][gc,phases   ] GC(246) Concurrent Mark 32.531ms
[281.710s][info][gc,phases   ] GC(246) Pause Mark End 0.014ms
[281.710s][info][gc,phases   ] GC(246) Concurrent Mark Free 0.001ms
[281.718s][info][gc,phases   ] GC(246) Concurrent Process Non-Strong References 7.005ms
[281.718s][info][gc,phases   ] GC(246) Concurrent Reset Relocation Set 0.009ms
[281.721s][info][gc,phases   ] GC(246) Concurrent Select Relocation Set 3.825ms
[281.722s][info][gc,phases   ] GC(246) Pause Relocate Start 0.007ms
[281.726s][info][gc,phases   ] GC(246) Concurrent Relocate 4.587ms
[281.726s][info][gc,load     ] GC(246) Load: 0.00/0.00/0.00
[281.726s][info][gc,mmu      ] GC(246) MMU: 2ms/98.6%, 5ms/99.5%, 10ms/99.6%, 20ms/99.8%, 50ms/99.9%, 100ms/99.9%
[281.726s][info][gc,marking  ] GC(246) Mark: 1 stripe(s), 2 proactive flush(es), 1 terminate flush(es), 0 completion(s), 0 continuation(s) 
[281.726s][info][gc,marking  ] GC(246) Mark Stack Usage: 32M
[281.726s][info][gc,nmethod  ] GC(246) NMethods: 2006 registered, 369 unregistered
[281.727s][info][gc,metaspace] GC(246) Metaspace: 9M used, 10M committed, 1088M reserved
[281.727s][info][gc,ref      ] GC(246) Soft: 214 encountered, 0 discovered, 0 enqueued
[281.727s][info][gc,ref      ] GC(246) Weak: 811 encountered, 9 discovered, 0 enqueued
[281.727s][info][gc,ref      ] GC(246) Final: 0 encountered, 0 discovered, 0 enqueued
[281.727s][info][gc,ref      ] GC(246) Phantom: 27 encountered, 14 discovered, 0 enqueued
[281.727s][info][gc,reloc    ] GC(246) Small Pages: 197 / 394M, Empty: 336M, Relocated: 1M, In-Place: 0
[281.727s][info][gc,reloc    ] GC(246) Medium Pages: 0 / 0M, Empty: 0M, Relocated: 0M, In-Place: 0
[281.727s][info][gc,reloc    ] GC(246) Large Pages: 0 / 0M, Empty: 0M, Relocated: 0M, In-Place: 0
[281.727s][info][gc,reloc    ] GC(246) Forwarding Usage: 0M
[281.727s][info][gc,heap     ] GC(246) Min Capacity: 8M(2%)
[281.727s][info][gc,heap     ] GC(246) Max Capacity: 512M(100%)
[281.727s][info][gc,heap     ] GC(246) Soft Max Capacity: 512M(100%)
[281.727s][info][gc,heap     ] GC(246)                Mark Start          Mark End        Relocate Start      Relocate End           High               Low         
[281.727s][info][gc,heap     ] GC(246)  Capacity:      512M (100%)        512M (100%)        512M (100%)        512M (100%)        512M (100%)        512M (100%)   
[281.727s][info][gc,heap     ] GC(246)      Free:      118M (23%)         106M (21%)         438M (86%)         488M (95%)         488M (95%)         104M (20%)    
[281.727s][info][gc,heap     ] GC(246)      Used:      394M (77%)         406M (79%)          74M (14%)          24M (5%)          408M (80%)          24M (5%)     
[281.727s][info][gc,heap     ] GC(246)      Live:         -                 6M (1%)            6M (1%)            6M (1%)             -                  -          
[281.727s][info][gc,heap     ] GC(246) Allocated:         -                12M (2%)           16M (3%)           15M (3%)             -                  -          
[281.727s][info][gc,heap     ] GC(246)   Garbage:         -               387M (76%)          51M (10%)           1M (0%)             -                  -          
[281.727s][info][gc,heap     ] GC(246) Reclaimed:         -                  -               336M (66%)         385M (75%)            -                  -          
[281.727s][info][gc          ] GC(246) Garbage Collection (Allocation Rate) 394M(77%)->24M(5%)
[282.988s][info][gc,start    ] GC(247) Garbage Collection (Allocation Rate)
[282.988s][info][gc,task     ] GC(247) Using 1 workers
[282.988s][info][gc,phases   ] GC(247) Pause Mark Start 0.017ms
[283.016s][info][gc,phases   ] GC(247) Concurrent Mark 27.724ms
[283.016s][info][gc,phases   ] GC(247) Pause Mark End 0.016ms
[283.016s][info][gc,phases   ] GC(247) Concurrent Mark Free 0.002ms
[283.024s][info][gc,phases   ] GC(247) Concurrent Process Non-Strong References 7.477ms
[283.024s][info][gc,phases   ] GC(247) Concurrent Reset Relocation Set 0.005ms
[283.028s][info][gc,phases   ] GC(247) Concurrent Select Relocation Set 3.845ms
[283.028s][info][gc,phases   ] GC(247) Pause Relocate Start 0.004ms
[283.032s][info][gc,phases   ] GC(247) Concurrent Relocate 4.015ms
[283.032s][info][gc,load     ] GC(247) Load: 0.00/0.00/0.00
[283.032s][info][gc,mmu      ] GC(247) MMU: 2ms/98.6%, 5ms/99.5%, 10ms/99.6%, 20ms/99.8%, 50ms/99.9%, 100ms/99.9%
[283.032s][info][gc,marking  ] GC(247) Mark: 1 stripe(s), 2 proactive flush(es), 1 terminate flush(es), 0 completion(s), 0 continuation(s) 
[283.032s][info][gc,marking  ] GC(247) Mark Stack Usage: 32M
[283.032s][info][gc,nmethod  ] GC(247) NMethods: 2006 registered, 369 unregistered
[283.032s][info][gc,metaspace] GC(247) Metaspace: 9M used, 10M committed, 1088M reserved
[283.032s][info][gc,ref      ] GC(247) Soft: 214 encountered, 0 discovered, 0 enqueued
[283.032s][info][gc,ref      ] GC(247) Weak: 811 encountered, 9 discovered, 0 enqueued
[283.032s][info][gc,ref      ] GC(247) Final: 0 encountered, 0 discovered, 0 enqueued
[283.032s][info][gc,ref      ] GC(247) Phantom: 27 encountered, 14 discovered, 0 enqueued
[283.032s][info][gc,reloc    ] GC(247) Small Pages: 218 / 436M, Empty: 346M, Relocated: 1M, In-Place: 0
[283.032s][info][gc,reloc    ] GC(247) Medium Pages: 0 / 0M, Empty: 0M, Relocated: 0M, In-Place: 0
[283.032s][info][gc,reloc    ] GC(247) Large Pages: 0 / 0M, Empty: 0M, Relocated: 0M, In-Place: 0
[283.032s][info][gc,reloc    ] GC(247) Forwarding Usage: 0M
[283.033s][info][gc,heap     ] GC(247) Min Capacity: 8M(2%)
[283.033s][info][gc,heap     ] GC(247) Max Capacity: 512M(100%)
[283.033s][info][gc,heap     ] GC(247) Soft Max Capacity: 512M(100%)
[283.033s][info][gc,heap     ] GC(247)                Mark Start          Mark End        Relocate Start      Relocate End           High               Low         
[283.033s][info][gc,heap     ] GC(247)  Capacity:      512M (100%)        512M (100%)        512M (100%)        512M (100%)        512M (100%)        512M (100%)   
[283.033s][info][gc,heap     ] GC(247)      Free:       76M (15%)          64M (13%)         406M (79%)         486M (95%)         486M (95%)          62M (12%)    
[283.033s][info][gc,heap     ] GC(247)      Used:      436M (85%)         448M (88%)         106M (21%)          26M (5%)          450M (88%)          26M (5%)     
[283.033s][info][gc,heap     ] GC(247)      Live:         -                 6M (1%)            6M (1%)            6M (1%)             -                  -          
[283.033s][info][gc,heap     ] GC(247) Allocated:         -                12M (2%)           16M (3%)           17M (4%)             -                  -          
[283.033s][info][gc,heap     ] GC(247)   Garbage:         -               429M (84%)          83M (16%)           1M (0%)             -                  -          
[283.033s][info][gc,heap     ] GC(247) Reclaimed:         -                  -               346M (68%)         427M (84%)            -                  -          
[283.033s][info][gc          ] GC(247) Garbage Collection (Allocation Rate) 436M(85%)->26M(5%)
[283.577s][info][gc,start    ] GC(248) Garbage Collection (System.gc())
[283.577s][info][gc,task     ] GC(248) Using 5 workers
[283.577s][info][gc,phases   ] GC(248) Pause Mark Start 0.017ms
[283.589s][info][gc,phases   ] GC(248) Concurrent Mark 11.696ms
[283.589s][info][gc,phases   ] GC(248) Pause Mark End 0.019ms
[283.589s][info][gc,phases   ] GC(248) Concurrent Mark Free 0.001ms
[283.591s][info][gc,phases   ] GC(248) Concurrent Process Non-Strong References 1.727ms
[283.591s][info][gc,phases   ] GC(248) Concurrent Reset Relocation Set 0.007ms
[283.595s][info][gc,phases   ] GC(248) Concurrent Select Relocation Set 3.682ms
[283.595s][info][gc,phases   ] GC(248) Pause Relocate Start 0.007ms
[283.596s][info][gc,phases   ] GC(248) Concurrent Relocate 1.602ms
[283.596s][info][gc,load     ] GC(248) Load: 0.00/0.00/0.00
[283.596s][info][gc,mmu      ] GC(248) MMU: 2ms/98.6%, 5ms/99.5%, 10ms/99.6%, 20ms/99.8%, 50ms/99.9%, 100ms/99.9%
[283.596s][info][gc,marking  ] GC(248) Mark: 4 stripe(s), 3 proactive flush(es), 1 terminate flush(es), 0 completion(s), 0 continuation(s) 
[283.596s][info][gc,marking  ] GC(248) Mark Stack Usage: 32M
[283.597s][info][gc,nmethod  ] GC(248) NMethods: 2009 registered, 369 unregistered
[283.597s][info][gc,metaspace] GC(248) Metaspace: 9M used, 10M committed, 1088M reserved
[283.597s][info][gc,ref      ] GC(248) Soft: 214 encountered, 0 discovered, 0 enqueued
[283.597s][info][gc,ref      ] GC(248) Weak: 811 encountered, 336 discovered, 0 enqueued
[283.597s][info][gc,ref      ] GC(248) Final: 0 encountered, 0 discovered, 0 enqueued
[283.597s][info][gc,ref      ] GC(248) Phantom: 27 encountered, 22 discovered, 0 enqueued
[283.597s][info][gc,reloc    ] GC(248) Small Pages: 100 / 200M, Empty: 188M, Relocated: 1M, In-Place: 0
[283.597s][info][gc,reloc    ] GC(248) Medium Pages: 0 / 0M, Empty: 0M, Relocated: 0M, In-Place: 0
[283.597s][info][gc,reloc    ] GC(248) Large Pages: 0 / 0M, Empty: 0M, Relocated: 0M, In-Place: 0
[283.597s][info][gc,reloc    ] GC(248) Forwarding Usage: 0M
[283.597s][info][gc,heap     ] GC(248) Min Capacity: 8M(2%)
[283.597s][info][gc,heap     ] GC(248) Max Capacity: 512M(100%)
[283.597s][info][gc,heap     ] GC(248) Soft Max Capacity: 512M(100%)
[283.597s][info][gc,heap     ] GC(248)                Mark Start          Mark End        Relocate Start      Relocate End           High               Low         
[283.597s][info][gc,heap     ] GC(248)  Capacity:      512M (100%)        512M (100%)        512M (100%)        512M (100%)        512M (100%)        512M (100%)   
[283.597s][info][gc,heap     ] GC(248)      Free:      312M (61%)         312M (61%)         500M (98%)         500M (98%)         500M (98%)         312M (61%)    
[283.597s][info][gc,heap     ] GC(248)      Used:      200M (39%)         200M (39%)          12M (2%)           12M (2%)          200M (39%)          12M (2%)     
[283.597s][info][gc,heap     ] GC(248)      Live:         -                 4M (1%)            4M (1%)            4M (1%)             -                  -          
[283.597s][info][gc,heap     ] GC(248) Allocated:         -                 0M (0%)            0M (0%)            0M (0%)             -                  -          
[283.597s][info][gc,heap     ] GC(248)   Garbage:         -               195M (38%)           7M (1%)            7M (1%)             -                  -          
[283.597s][info][gc,heap     ] GC(248) Reclaimed:         -                  -               188M (37%)         188M (37%)            -                  -          
[283.597s][info][gc          ] GC(248) Garbage Collection (System.gc()) 200M(39%)->12M(2%)
[284.885s][info][gc,start    ] GC(249) Garbage Collection (Allocation Rate)
[284.885s][info][gc,task     ] GC(249) Using 1 workers
[284.886s][info][gc,phases   ] GC(249) Pause Mark Start 0.017ms
[284.913s][info][gc,phases   ] GC(249) Concurrent Mark 27.158ms
[284.913s][info][gc,phases   ] GC(249) Pause Mark End 0.017ms
[284.913s][info][gc,phases   ] GC(249) Concurrent Mark Free 0.002ms
[284.921s][info][gc,phases   ] GC(249) Concurrent Process Non-Strong References 7.402ms
[284.921s][info][gc,phases   ] GC(249) Concurrent Reset Relocation Set 0.002ms
[284.926s][info][gc,phases   ] GC(249) Concurrent Select Relocation Set 5.084ms
[284.926s][info][gc,phases   ] GC(249) Pause Relocate Start 0.010ms
[284.931s][info][gc,phases   ] GC(249) Concurrent Relocate 4.775ms
[284.931s][info][gc,load     ] GC(249) Load: 0.00/0.00/0.00
[284.931s][info][gc,mmu      ] GC(249) MMU: 2ms/98.6%, 5ms/99.5%, 10ms/99.6%, 20ms/99.8%, 50ms/99.9%, 100ms/99.9%
[284.931s][info][gc,marking  ] GC(249) Mark: 1 stripe(s), 2 proactive flush(es), 1 terminate flush(es), 0 completion(s), 0 continuation(s) 
[284.931s][info][gc,marking  ] GC(249) Mark Stack Usage: 32M
[284.931s][info][gc,nmethod  ] GC(249) NMethods: 2011 registered, 369 unregistered
[284.931s][info][gc,metaspace] GC(249) Metaspace: 9M used, 10M committed, 1088M reserved
[284.931s][info][gc,ref      ] GC(249) Soft: 214 encountered, 0 discovered, 0 enqueued
[284.931s][info][gc,ref      ] GC(249) Weak: 811 encountered, 9 discovered, 0 enqueued
[284.931s][info][gc,ref      ] GC(249) Final: 0 encountered, 0 discovered, 0 enqueued
[284.931s][info][gc,ref      ] GC(249) Phantom: 27 encountered, 14 discovered, 0 enqueued
[284.931s][info][gc,reloc    ] GC(249) Small Pages: 212 / 424M, Empty: 278M, Relocated: 2M, In-Place: 0
[284.931s][info][gc,reloc    ] GC(249) Medium Pages: 0 / 0M, Empty: 0M, Relocated: 0M, In-Place: 0
[284.931s][info][gc,reloc    ] GC(249) Large Pages: 0 / 0M, Empty: 0M, Relocated: 0M, In-Place: 0
[284.931s][info][gc,reloc    ] GC(249) Forwarding Usage: 1M
[284.931s][info][gc,heap     ] GC(249) Min Capacity: 8M(2%)
[284.931s][info][gc,heap     ] GC(249) Max Capacity: 512M(100%)
[284.931s][info][gc,heap     ] GC(249) Soft Max Capacity: 512M(100%)
[284.931s][info][gc,heap     ] GC(249)                Mark Start          Mark End        Relocate Start      Relocate End           High               Low         
[284.931s][info][gc,heap     ] GC(249)  Capacity:      512M (100%)        512M (100%)        512M (100%)        512M (100%)        512M (100%)        512M (100%)   
[284.932s][info][gc,heap     ] GC(249)      Free:       88M (17%)          78M (15%)         350M (68%)         488M (95%)         488M (95%)          74M (14%)    
[284.932s][info][gc,heap     ] GC(249)      Used:      424M (83%)         434M (85%)         162M (32%)          24M (5%)          438M (86%)          24M (5%)     
[284.932s][info][gc,heap     ] GC(249)      Live:         -                 6M (1%)            6M (1%)            6M (1%)             -                  -          
[284.932s][info][gc,heap     ] GC(249) Allocated:         -                10M (2%)           16M (3%)           15M (3%)             -                  -          
[284.932s][info][gc,heap     ] GC(249)   Garbage:         -               417M (82%)         139M (27%)           1M (0%)             -                  -          
[284.932s][info][gc,heap     ] GC(249) Reclaimed:         -                  -               278M (54%)         415M (81%)            -                  -          
[284.932s][info][gc          ] GC(249) Garbage Collection (Allocation Rate) 424M(83%)->24M(5%)
[286.291s][info][gc,start    ] GC(250) Garbage Collection (Allocation Rate)
[286.291s][info][gc,task     ] GC(250) Using 1 workers
[286.292s][info][gc,phases   ] GC(250) Pause Mark Start 0.019ms
[286.319s][info][gc,phases   ] GC(250) Concurrent Mark 27.587ms
[286.319s][info][gc,phases   ] GC(250) Pause Mark End 0.018ms
[286.320s][info][gc,phases   ] GC(250) Concurrent Mark Free 0.002ms
[286.327s][info][gc,phases   ] GC(250) Concurrent Process Non-Strong References 7.388ms
[286.327s][info][gc,phases   ] GC(250) Concurrent Reset Relocation Set 0.010ms
[286.331s][info][gc,phases   ] GC(250) Concurrent Select Relocation Set 3.945ms
[286.331s][info][gc,phases   ] GC(250) Pause Relocate Start 0.007ms
[286.336s][info][gc,phases   ] GC(250) Concurrent Relocate 4.558ms
[286.336s][info][gc,load     ] GC(250) Load: 0.00/0.00/0.00
[286.336s][info][gc,mmu      ] GC(250) MMU: 2ms/98.6%, 5ms/99.5%, 10ms/99.6%, 20ms/99.8%, 50ms/99.9%, 100ms/99.9%
[286.336s][info][gc,marking  ] GC(250) Mark: 1 stripe(s), 2 proactive flush(es), 1 terminate flush(es), 0 completion(s), 0 continuation(s) 
[286.336s][info][gc,marking  ] GC(250) Mark Stack Usage: 32M
[286.336s][info][gc,nmethod  ] GC(250) NMethods: 2011 registered, 369 unregistered
[286.336s][info][gc,metaspace] GC(250) Metaspace: 9M used, 10M committed, 1088M reserved
[286.336s][info][gc,ref      ] GC(250) Soft: 214 encountered, 0 discovered, 0 enqueued
[286.336s][info][gc,ref      ] GC(250) Weak: 811 encountered, 9 discovered, 0 enqueued
[286.336s][info][gc,ref      ] GC(250) Final: 0 encountered, 0 discovered, 0 enqueued
[286.336s][info][gc,ref      ] GC(250) Phantom: 27 encountered, 14 discovered, 0 enqueued
[286.336s][info][gc,reloc    ] GC(250) Small Pages: 223 / 446M, Empty: 318M, Relocated: 2M, In-Place: 0
[286.336s][info][gc,reloc    ] GC(250) Medium Pages: 0 / 0M, Empty: 0M, Relocated: 0M, In-Place: 0
[286.336s][info][gc,reloc    ] GC(250) Large Pages: 0 / 0M, Empty: 0M, Relocated: 0M, In-Place: 0
[286.336s][info][gc,reloc    ] GC(250) Forwarding Usage: 1M
[286.336s][info][gc,heap     ] GC(250) Min Capacity: 8M(2%)
[286.336s][info][gc,heap     ] GC(250) Max Capacity: 512M(100%)
[286.336s][info][gc,heap     ] GC(250) Soft Max Capacity: 512M(100%)
[286.336s][info][gc,heap     ] GC(250)                Mark Start          Mark End        Relocate Start      Relocate End           High               Low         
[286.336s][info][gc,heap     ] GC(250)  Capacity:      512M (100%)        512M (100%)        512M (100%)        512M (100%)        512M (100%)        512M (100%)   
[286.336s][info][gc,heap     ] GC(250)      Free:       66M (13%)          54M (11%)         370M (72%)         488M (95%)         488M (95%)          52M (10%)    
[286.336s][info][gc,heap     ] GC(250)      Used:      446M (87%)         458M (89%)         142M (28%)          24M (5%)          460M (90%)          24M (5%)     
[286.336s][info][gc,heap     ] GC(250)      Live:         -                 6M (1%)            6M (1%)            6M (1%)             -                  -          
[286.337s][info][gc,heap     ] GC(250) Allocated:         -                12M (2%)           14M (3%)           15M (3%)             -                  -          
[286.337s][info][gc,heap     ] GC(250)   Garbage:         -               439M (86%)         121M (24%)           1M (0%)             -                  -          
[286.337s][info][gc,heap     ] GC(250) Reclaimed:         -                  -               318M (62%)         437M (86%)            -                  -          
[286.337s][info][gc          ] GC(250) Garbage Collection (Allocation Rate) 446M(87%)->24M(5%)
[287.385s][info][gc,start    ] GC(251) Garbage Collection (Proactive)
[287.385s][info][gc,task     ] GC(251) Using 5 workers
[287.385s][info][gc,phases   ] GC(251) Pause Mark Start 0.018ms
[287.400s][info][gc,phases   ] GC(251) Concurrent Mark 15.186ms
[287.400s][info][gc,phases   ] GC(251) Pause Mark End 0.019ms
[287.401s][info][gc,phases   ] GC(251) Concurrent Mark Free 0.001ms
[287.402s][info][gc,phases   ] GC(251) Concurrent Process Non-Strong References 1.781ms
[287.402s][info][gc,phases   ] GC(251) Concurrent Reset Relocation Set 0.009ms
[287.406s][info][gc,phases   ] GC(251) Concurrent Select Relocation Set 3.841ms
[287.406s][info][gc,phases   ] GC(251) Pause Relocate Start 0.010ms
[287.408s][info][gc,phases   ] GC(251) Concurrent Relocate 1.505ms
[287.408s][info][gc,load     ] GC(251) Load: 0.00/0.00/0.00
[287.408s][info][gc,mmu      ] GC(251) MMU: 2ms/98.6%, 5ms/99.5%, 10ms/99.6%, 20ms/99.8%, 50ms/99.9%, 100ms/99.9%
[287.408s][info][gc,marking  ] GC(251) Mark: 4 stripe(s), 2 proactive flush(es), 1 terminate flush(es), 0 completion(s), 0 continuation(s) 
[287.408s][info][gc,marking  ] GC(251) Mark Stack Usage: 32M
[287.408s][info][gc,nmethod  ] GC(251) NMethods: 2011 registered, 369 unregistered
[287.408s][info][gc,metaspace] GC(251) Metaspace: 9M used, 10M committed, 1088M reserved
[287.408s][info][gc,ref      ] GC(251) Soft: 214 encountered, 0 discovered, 0 enqueued
[287.408s][info][gc,ref      ] GC(251) Weak: 811 encountered, 341 discovered, 0 enqueued
[287.408s][info][gc,ref      ] GC(251) Final: 0 encountered, 0 discovered, 0 enqueued
[287.408s][info][gc,ref      ] GC(251) Phantom: 27 encountered, 23 discovered, 0 enqueued
[287.408s][info][gc,reloc    ] GC(251) Small Pages: 180 / 360M, Empty: 308M, Relocated: 1M, In-Place: 0
[287.409s][info][gc,reloc    ] GC(251) Medium Pages: 0 / 0M, Empty: 0M, Relocated: 0M, In-Place: 0
[287.409s][info][gc,reloc    ] GC(251) Large Pages: 0 / 0M, Empty: 0M, Relocated: 0M, In-Place: 0
[287.409s][info][gc,reloc    ] GC(251) Forwarding Usage: 0M
[287.409s][info][gc,heap     ] GC(251) Min Capacity: 8M(2%)
[287.409s][info][gc,heap     ] GC(251) Max Capacity: 512M(100%)
[287.409s][info][gc,heap     ] GC(251) Soft Max Capacity: 512M(100%)
[287.409s][info][gc,heap     ] GC(251)                Mark Start          Mark End        Relocate Start      Relocate End           High               Low         
[287.409s][info][gc,heap     ] GC(251)  Capacity:      512M (100%)        512M (100%)        512M (100%)        512M (100%)        512M (100%)        512M (100%)   
[287.409s][info][gc,heap     ] GC(251)      Free:      152M (30%)         144M (28%)         450M (88%)         486M (95%)         486M (95%)         144M (28%)    
[287.409s][info][gc,heap     ] GC(251)      Used:      360M (70%)         368M (72%)          62M (12%)          26M (5%)          368M (72%)          26M (5%)     
[287.409s][info][gc,heap     ] GC(251)      Live:         -                 6M (1%)            6M (1%)            6M (1%)             -                  -          
[287.409s][info][gc,heap     ] GC(251) Allocated:         -                 8M (2%)           10M (2%)            9M (2%)             -                  -          
[287.409s][info][gc,heap     ] GC(251)   Garbage:         -               353M (69%)          45M (9%)            9M (2%)             -                  -          
[287.409s][info][gc,heap     ] GC(251) Reclaimed:         -                  -               308M (60%)         343M (67%)            -                  -          
[287.409s][info][gc          ] GC(251) Garbage Collection (Proactive) 360M(70%)->26M(5%)
[288.681s][info][gc,start    ] GC(252) Garbage Collection (Allocation Rate)
[288.681s][info][gc,task     ] GC(252) Using 1 workers
[288.681s][info][gc,phases   ] GC(252) Pause Mark Start 0.018ms
[288.707s][info][gc,phases   ] GC(252) Concurrent Mark 25.834ms
[288.708s][info][gc,phases   ] GC(252) Pause Mark End 0.018ms
[288.708s][info][gc,phases   ] GC(252) Concurrent Mark Free 0.002ms
[288.715s][info][gc,phases   ] GC(252) Concurrent Process Non-Strong References 6.987ms
[288.715s][info][gc,phases   ] GC(252) Concurrent Reset Relocation Set 0.005ms
[288.719s][info][gc,phases   ] GC(252) Concurrent Select Relocation Set 4.291ms
[288.719s][info][gc,phases   ] GC(252) Pause Relocate Start 0.009ms
[288.722s][info][gc,phases   ] GC(252) Concurrent Relocate 2.479ms
[288.722s][info][gc,load     ] GC(252) Load: 0.00/0.00/0.00
[288.722s][info][gc,mmu      ] GC(252) MMU: 2ms/98.6%, 5ms/99.5%, 10ms/99.6%, 20ms/99.8%, 50ms/99.9%, 100ms/99.9%
[288.722s][info][gc,marking  ] GC(252) Mark: 1 stripe(s), 2 proactive flush(es), 1 terminate flush(es), 0 completion(s), 0 continuation(s) 
[288.722s][info][gc,marking  ] GC(252) Mark Stack Usage: 32M
[288.722s][info][gc,nmethod  ] GC(252) NMethods: 2011 registered, 369 unregistered
[288.722s][info][gc,metaspace] GC(252) Metaspace: 9M used, 10M committed, 1088M reserved
[288.722s][info][gc,ref      ] GC(252) Soft: 214 encountered, 0 discovered, 0 enqueued
[288.722s][info][gc,ref      ] GC(252) Weak: 811 encountered, 9 discovered, 0 enqueued
[288.722s][info][gc,ref      ] GC(252) Final: 0 encountered, 0 discovered, 0 enqueued
[288.722s][info][gc,ref      ] GC(252) Phantom: 27 encountered, 14 discovered, 0 enqueued
[288.722s][info][gc,reloc    ] GC(252) Small Pages: 209 / 418M, Empty: 334M, Relocated: 1M, In-Place: 0
[288.722s][info][gc,reloc    ] GC(252) Medium Pages: 0 / 0M, Empty: 0M, Relocated: 0M, In-Place: 0
[288.722s][info][gc,reloc    ] GC(252) Large Pages: 0 / 0M, Empty: 0M, Relocated: 0M, In-Place: 0
[288.722s][info][gc,reloc    ] GC(252) Forwarding Usage: 0M
[288.722s][info][gc,heap     ] GC(252) Min Capacity: 8M(2%)
[288.722s][info][gc,heap     ] GC(252) Max Capacity: 512M(100%)
[288.722s][info][gc,heap     ] GC(252) Soft Max Capacity: 512M(100%)
[288.722s][info][gc,heap     ] GC(252)                Mark Start          Mark End        Relocate Start      Relocate End           High               Low         
[288.722s][info][gc,heap     ] GC(252)  Capacity:      512M (100%)        512M (100%)        512M (100%)        512M (100%)        512M (100%)        512M (100%)   
[288.723s][info][gc,heap     ] GC(252)      Free:       94M (18%)          84M (16%)         414M (81%)         490M (96%)         490M (96%)          82M (16%)    
[288.723s][info][gc,heap     ] GC(252)      Used:      418M (82%)         428M (84%)          98M (19%)          22M (4%)          430M (84%)          22M (4%)     
[288.723s][info][gc,heap     ] GC(252)      Live:         -                 6M (1%)            6M (1%)            6M (1%)             -                  -          
[288.723s][info][gc,heap     ] GC(252) Allocated:         -                10M (2%)           14M (3%)           13M (3%)             -                  -          
[288.723s][info][gc,heap     ] GC(252)   Garbage:         -               411M (80%)          77M (15%)           1M (0%)             -                  -          
[288.723s][info][gc,heap     ] GC(252) Reclaimed:         -                  -               334M (65%)         409M (80%)            -                  -          
[288.723s][info][gc          ] GC(252) Garbage Collection (Allocation Rate) 418M(82%)->22M(4%)
[289.978s][info][gc,start    ] GC(253) Garbage Collection (Allocation Rate)
[289.978s][info][gc,task     ] GC(253) Using 1 workers
[289.978s][info][gc,phases   ] GC(253) Pause Mark Start 0.017ms
[290.004s][info][gc,phases   ] GC(253) Concurrent Mark 26.208ms
[290.005s][info][gc,phases   ] GC(253) Pause Mark End 0.020ms
[290.005s][info][gc,phases   ] GC(253) Concurrent Mark Free 0.002ms
[290.012s][info][gc,phases   ] GC(253) Concurrent Process Non-Strong References 7.148ms
[290.012s][info][gc,phases   ] GC(253) Concurrent Reset Relocation Set 0.008ms
[290.016s][info][gc,phases   ] GC(253) Concurrent Select Relocation Set 4.181ms
[290.016s][info][gc,phases   ] GC(253) Pause Relocate Start 0.010ms
[290.020s][info][gc,phases   ] GC(253) Concurrent Relocate 3.506ms
[290.020s][info][gc,load     ] GC(253) Load: 0.00/0.00/0.00
[290.020s][info][gc,mmu      ] GC(253) MMU: 2ms/98.6%, 5ms/99.5%, 10ms/99.6%, 20ms/99.8%, 50ms/99.9%, 100ms/99.9%
[290.020s][info][gc,marking  ] GC(253) Mark: 1 stripe(s), 2 proactive flush(es), 1 terminate flush(es), 0 completion(s), 0 continuation(s) 
[290.020s][info][gc,marking  ] GC(253) Mark Stack Usage: 32M
[290.020s][info][gc,nmethod  ] GC(253) NMethods: 2011 registered, 369 unregistered
[290.020s][info][gc,metaspace] GC(253) Metaspace: 9M used, 10M committed, 1088M reserved
[290.020s][info][gc,ref      ] GC(253) Soft: 214 encountered, 0 discovered, 0 enqueued
[290.020s][info][gc,ref      ] GC(253) Weak: 811 encountered, 189 discovered, 0 enqueued
[290.020s][info][gc,ref      ] GC(253) Final: 0 encountered, 0 discovered, 0 enqueued
[290.020s][info][gc,ref      ] GC(253) Phantom: 27 encountered, 25 discovered, 0 enqueued
[290.020s][info][gc,reloc    ] GC(253) Small Pages: 214 / 428M, Empty: 346M, Relocated: 1M, In-Place: 0
[290.020s][info][gc,reloc    ] GC(253) Medium Pages: 0 / 0M, Empty: 0M, Relocated: 0M, In-Place: 0
[290.020s][info][gc,reloc    ] GC(253) Large Pages: 0 / 0M, Empty: 0M, Relocated: 0M, In-Place: 0
[290.020s][info][gc,reloc    ] GC(253) Forwarding Usage: 0M
[290.020s][info][gc,heap     ] GC(253) Min Capacity: 8M(2%)
[290.021s][info][gc,heap     ] GC(253) Max Capacity: 512M(100%)
[290.021s][info][gc,heap     ] GC(253) Soft Max Capacity: 512M(100%)
[290.021s][info][gc,heap     ] GC(253)                Mark Start          Mark End        Relocate Start      Relocate End           High               Low         
[290.021s][info][gc,heap     ] GC(253)  Capacity:      512M (100%)        512M (100%)        512M (100%)        512M (100%)        512M (100%)        512M (100%)   
[290.021s][info][gc,heap     ] GC(253)      Free:       84M (16%)          74M (14%)         416M (81%)         488M (95%)         488M (95%)          72M (14%)    
[290.021s][info][gc,heap     ] GC(253)      Used:      428M (84%)         438M (86%)          96M (19%)          24M (5%)          440M (86%)          24M (5%)     
[290.021s][info][gc,heap     ] GC(253)      Live:         -                 6M (1%)            6M (1%)            6M (1%)             -                  -          
[290.021s][info][gc,heap     ] GC(253) Allocated:         -                10M (2%)           14M (3%)           15M (3%)             -                  -          
[290.021s][info][gc,heap     ] GC(253)   Garbage:         -               421M (82%)          75M (15%)           1M (0%)             -                  -          
[290.021s][info][gc,heap     ] GC(253) Reclaimed:         -                  -               346M (68%)         419M (82%)            -                  -          
[290.021s][info][gc          ] GC(253) Garbage Collection (Allocation Rate) 428M(84%)->24M(5%)
[290.087s][info][gc,stats    ] === Garbage Collection Statistics =======================================================================================================================
[290.087s][info][gc,stats    ]                                                              Last 10s              Last 10m              Last 10h                Total
[290.087s][info][gc,stats    ]                                                              Avg / Max             Avg / Max             Avg / Max             Avg / Max
[290.087s][info][gc,stats    ]   Collector: Garbage Collection Cycle                     37.165 / 49.054       36.684 / 60.364       36.684 / 60.364       36.684 / 60.364      ms
[290.087s][info][gc,stats    ]  Contention: Mark Segment Reset Contention                     0 / 0                 0 / 6                 0 / 6                 0 / 6           ops/s
[290.087s][info][gc,stats    ]  Contention: Mark SeqNum Reset Contention                      0 / 2                 0 / 2                 0 / 2                 0 / 2           ops/s
[290.087s][info][gc,stats    ]    Critical: Allocation Stall                                  0 / 0                 0 / 0                 0 / 0                 0 / 0           ops/s
[290.087s][info][gc,stats    ]    Critical: Allocation Stall                              0.000 / 0.000         0.000 / 0.000         0.000 / 0.000         0.000 / 0.000       ms
[290.087s][info][gc,stats    ]    Critical: GC Locker Stall                                   0 / 0                 0 / 0                 0 / 0                 0 / 0           ops/s
[290.088s][info][gc,stats    ]    Critical: GC Locker Stall                               0.000 / 0.000         0.000 / 0.000         0.000 / 0.000         0.000 / 0.000       ms
[290.088s][info][gc,stats    ]    Critical: Relocation Stall                                  0 / 0                 0 / 0                 0 / 0                 0 / 0           ops/s
[290.088s][info][gc,stats    ]    Critical: Relocation Stall                              0.000 / 0.000         0.000 / 0.000         0.000 / 0.000         0.000 / 0.000       ms
[290.088s][info][gc,stats    ]      Memory: Allocation Rate                                 322 / 330             320 / 338             320 / 338             320 / 338         MB/s
[290.088s][info][gc,stats    ]      Memory: Defragment                                        0 / 0                 0 / 0                 0 / 0                 0 / 0           ops/s
[290.088s][info][gc,stats    ]      Memory: Out Of Memory                                     0 / 0                 0 / 0                 0 / 0                 0 / 0           ops/s
[290.088s][info][gc,stats    ]      Memory: Page Cache Flush                                  0 / 0                 0 / 0                 0 / 0                 0 / 0           MB/s
[290.088s][info][gc,stats    ]      Memory: Page Cache Hit L1                               163 / 168             161 / 174             161 / 174             161 / 174         ops/s
[290.088s][info][gc,stats    ]      Memory: Page Cache Hit L2                                 0 / 0                 0 / 0                 0 / 0                 0 / 0           ops/s
[290.088s][info][gc,stats    ]      Memory: Page Cache Hit L3                                 0 / 0                 0 / 77                0 / 77                0 / 77          ops/s
[290.088s][info][gc,stats    ]      Memory: Page Cache Miss                                   0 / 0                 0 / 1                 0 / 1                 0 / 1           ops/s
[290.088s][info][gc,stats    ]      Memory: Uncommit                                          0 / 0                 0 / 0                 0 / 0                 0 / 0           MB/s
[290.088s][info][gc,stats    ]      Memory: Undo Object Allocation Failed                     1 / 10                0 / 10                0 / 10                0 / 10          ops/s
[290.088s][info][gc,stats    ]      Memory: Undo Object Allocation Succeeded                  1 / 9                 0 / 11                0 / 11                0 / 11          ops/s
[290.088s][info][gc,stats    ]      Memory: Undo Page Allocation                              1 / 4                 1 / 10                1 / 10                1 / 10          ops/s
[290.088s][info][gc,stats    ]       Phase: Concurrent Mark                              23.236 / 32.531       22.550 / 38.107       22.550 / 38.107       22.550 / 38.107      ms
[290.088s][info][gc,stats    ]       Phase: Concurrent Mark Continue                      0.000 / 0.000         0.000 / 0.000         0.000 / 0.000         0.000 / 0.000       ms
[290.088s][info][gc,stats    ]       Phase: Concurrent Mark Free                          0.001 / 0.002         0.001 / 0.002         0.001 / 0.002         0.001 / 0.002       ms
[290.088s][info][gc,stats    ]       Phase: Concurrent Process Non-Strong References      5.401 / 7.477         4.895 / 7.613         4.895 / 7.613         4.895 / 7.613       ms
[290.088s][info][gc,stats    ]       Phase: Concurrent Relocate                           3.294 / 4.775         3.536 / 8.950         3.536 / 8.950         3.536 / 8.950       ms
[290.088s][info][gc,stats    ]       Phase: Concurrent Reset Relocation Set               0.007 / 0.010         0.007 / 0.015         0.007 / 0.015         0.007 / 0.015       ms
[290.088s][info][gc,stats    ]       Phase: Concurrent Select Relocation Set              4.108 / 5.084         4.362 / 14.681        4.362 / 14.681        4.362 / 14.681      ms
[290.088s][info][gc,stats    ]       Phase: Pause Mark End                                0.018 / 0.022         0.017 / 0.022         0.017 / 0.022         0.017 / 0.022       ms
[290.088s][info][gc,stats    ]       Phase: Pause Mark Start                              0.017 / 0.019         0.017 / 0.027         0.017 / 0.027         0.017 / 0.027       ms
[290.088s][info][gc,stats    ]       Phase: Pause Relocate Start                          0.008 / 0.010         0.008 / 0.012         0.008 / 0.012         0.008 / 0.012       ms
[290.089s][info][gc,stats    ]    Subphase: Concurrent Classes Purge                      0.007 / 0.022         0.015 / 0.583         0.015 / 0.583         0.015 / 0.583       ms
[290.089s][info][gc,stats    ]    Subphase: Concurrent Classes Unlink                     4.514 / 6.162         4.020 / 6.164         4.020 / 6.164         4.020 / 6.164       ms
[290.089s][info][gc,stats    ]    Subphase: Concurrent Mark                              15.599 / 29.781       15.392 / 34.990       15.392 / 34.990       15.392 / 34.990      ms
[290.089s][info][gc,stats    ]    Subphase: Concurrent Mark Try Flush                     0.065 / 0.108         0.061 / 0.187         0.061 / 0.187         0.061 / 0.187       ms
[290.089s][info][gc,stats    ]    Subphase: Concurrent Mark Try Terminate                 2.964 / 8.500         3.349 / 16.488        3.349 / 16.488        3.349 / 16.488      ms
[290.089s][info][gc,stats    ]    Subphase: Concurrent References Enqueue                 0.000 / 0.001         0.000 / 0.005         0.000 / 0.005         0.000 / 0.005       ms
[290.089s][info][gc,stats    ]    Subphase: Concurrent References Process                 0.038 / 0.058         0.046 / 0.114         0.046 / 0.114         0.046 / 0.114       ms
[290.089s][info][gc,stats    ]    Subphase: Concurrent Roots ClassLoaderDataGraph         0.157 / 0.359         0.153 / 0.631         0.153 / 0.631         0.153 / 0.631       ms
[290.089s][info][gc,stats    ]    Subphase: Concurrent Roots CodeCache                    0.000 / 0.000         0.000 / 0.000         0.000 / 0.000         0.000 / 0.000       ms
[290.089s][info][gc,stats    ]    Subphase: Concurrent Roots JavaThreads                  1.131 / 2.716         0.990 / 2.716         0.990 / 2.716         0.990 / 2.716       ms
[290.089s][info][gc,stats    ]    Subphase: Concurrent Roots OopStorageSet                0.033 / 0.064         0.032 / 0.136         0.032 / 0.136         0.032 / 0.136       ms
[290.089s][info][gc,stats    ]    Subphase: Concurrent Weak Roots OopStorageSet           0.424 / 1.169         0.399 / 1.768         0.399 / 1.768         0.399 / 1.768       ms
[290.089s][info][gc,stats    ]    Subphase: Pause Mark Try Complete                       0.000 / 0.000         0.000 / 0.000         0.000 / 0.000         0.000 / 0.000       ms
[290.089s][info][gc,stats    ]      System: Java Threads                                     40 / 40               36 / 41               36 / 41               36 / 41          threads
[290.089s][info][gc,stats    ] =========================================================================================================================================================
[290.503s][info][gc,start    ] GC(254) Garbage Collection (System.gc())
[290.503s][info][gc,task     ] GC(254) Using 5 workers
[290.503s][info][gc,phases   ] GC(254) Pause Mark Start 0.016ms
[290.525s][info][gc,phases   ] GC(254) Concurrent Mark 21.216ms
[290.525s][info][gc,phases   ] GC(254) Pause Mark End 0.016ms
[290.525s][info][gc,phases   ] GC(254) Concurrent Mark Free 0.001ms
[290.527s][info][gc,phases   ] GC(254) Concurrent Process Non-Strong References 1.732ms
[290.527s][info][gc,phases   ] GC(254) Concurrent Reset Relocation Set 0.007ms
[290.530s][info][gc,phases   ] GC(254) Concurrent Select Relocation Set 3.696ms
[290.530s][info][gc,phases   ] GC(254) Pause Relocate Start 0.008ms
[290.532s][info][gc,phases   ] GC(254) Concurrent Relocate 1.469ms
[290.532s][info][gc,load     ] GC(254) Load: 0.00/0.00/0.00
[290.532s][info][gc,mmu      ] GC(254) MMU: 2ms/98.6%, 5ms/99.5%, 10ms/99.6%, 20ms/99.8%, 50ms/99.9%, 100ms/99.9%
[290.532s][info][gc,marking  ] GC(254) Mark: 4 stripe(s), 1 proactive flush(es), 1 terminate flush(es), 0 completion(s), 0 continuation(s) 
[290.532s][info][gc,marking  ] GC(254) Mark Stack Usage: 32M
[290.532s][info][gc,nmethod  ] GC(254) NMethods: 2011 registered, 369 unregistered
[290.532s][info][gc,metaspace] GC(254) Metaspace: 9M used, 10M committed, 1088M reserved
[290.532s][info][gc,ref      ] GC(254) Soft: 214 encountered, 0 discovered, 0 enqueued
[290.532s][info][gc,ref      ] GC(254) Weak: 811 encountered, 430 discovered, 0 enqueued
[290.532s][info][gc,ref      ] GC(254) Final: 0 encountered, 0 discovered, 0 enqueued
[290.532s][info][gc,ref      ] GC(254) Phantom: 27 encountered, 19 discovered, 0 enqueued
[290.532s][info][gc,reloc    ] GC(254) Small Pages: 87 / 174M, Empty: 160M, Relocated: 1M, In-Place: 0
[290.532s][info][gc,reloc    ] GC(254) Medium Pages: 0 / 0M, Empty: 0M, Relocated: 0M, In-Place: 0
[290.532s][info][gc,reloc    ] GC(254) Large Pages: 0 / 0M, Empty: 0M, Relocated: 0M, In-Place: 0
[290.532s][info][gc,reloc    ] GC(254) Forwarding Usage: 0M
[290.532s][info][gc,heap     ] GC(254) Min Capacity: 8M(2%)
[290.532s][info][gc,heap     ] GC(254) Max Capacity: 512M(100%)
[290.532s][info][gc,heap     ] GC(254) Soft Max Capacity: 512M(100%)
[290.532s][info][gc,heap     ] GC(254)                Mark Start          Mark End        Relocate Start      Relocate End           High               Low         
[290.533s][info][gc,heap     ] GC(254)  Capacity:      512M (100%)        512M (100%)        512M (100%)        512M (100%)        512M (100%)        512M (100%)   
[290.533s][info][gc,heap     ] GC(254)      Free:      338M (66%)         338M (66%)         498M (97%)         498M (97%)         498M (97%)         338M (66%)    
[290.533s][info][gc,heap     ] GC(254)      Used:      174M (34%)         174M (34%)          14M (3%)           14M (3%)          174M (34%)          14M (3%)     
[290.533s][info][gc,heap     ] GC(254)      Live:         -                 4M (1%)            4M (1%)            4M (1%)             -                  -          
[290.533s][info][gc,heap     ] GC(254) Allocated:         -                 0M (0%)            0M (0%)            0M (0%)             -                  -          
[290.533s][info][gc,heap     ] GC(254)   Garbage:         -               169M (33%)           9M (2%)            9M (2%)             -                  -          
[290.533s][info][gc,heap     ] GC(254) Reclaimed:         -                  -               160M (31%)         160M (31%)            -                  -          
[290.533s][info][gc          ] GC(254) Garbage Collection (System.gc()) 174M(34%)->14M(3%)
[291.790s][info][gc,start    ] GC(255) Garbage Collection (Allocation Rate)
[291.790s][info][gc,task     ] GC(255) Using 1 workers
[291.790s][info][gc,phases   ] GC(255) Pause Mark Start 0.018ms
[291.819s][info][gc,phases   ] GC(255) Concurrent Mark 28.996ms
[291.819s][info][gc,phases   ] GC(255) Pause Mark End 0.018ms
[291.819s][info][gc,phases   ] GC(255) Concurrent Mark Free 0.001ms
[291.826s][info][gc,phases   ] GC(255) Concurrent Process Non-Strong References 6.768ms
[291.826s][info][gc,phases   ] GC(255) Concurrent Reset Relocation Set 0.002ms
[291.831s][info][gc,phases   ] GC(255) Concurrent Select Relocation Set 5.141ms
[291.832s][info][gc,phases   ] GC(255) Pause Relocate Start 0.009ms
[291.837s][info][gc,phases   ] GC(255) Concurrent Relocate 5.173ms
[291.837s][info][gc,load     ] GC(255) Load: 0.00/0.00/0.00
[291.837s][info][gc,mmu      ] GC(255) MMU: 2ms/98.6%, 5ms/99.5%, 10ms/99.6%, 20ms/99.8%, 50ms/99.9%, 100ms/99.9%
[291.837s][info][gc,marking  ] GC(255) Mark: 1 stripe(s), 2 proactive flush(es), 1 terminate flush(es), 0 completion(s), 0 continuation(s) 
[291.837s][info][gc,marking  ] GC(255) Mark Stack Usage: 32M
[291.837s][info][gc,nmethod  ] GC(255) NMethods: 2014 registered, 369 unregistered
[291.837s][info][gc,metaspace] GC(255) Metaspace: 9M used, 10M committed, 1088M reserved
[291.837s][info][gc,ref      ] GC(255) Soft: 214 encountered, 0 discovered, 0 enqueued
[291.837s][info][gc,ref      ] GC(255) Weak: 811 encountered, 9 discovered, 0 enqueued
[291.837s][info][gc,ref      ] GC(255) Final: 0 encountered, 0 discovered, 0 enqueued
[291.837s][info][gc,ref      ] GC(255) Phantom: 27 encountered, 14 discovered, 0 enqueued
[291.837s][info][gc,reloc    ] GC(255) Small Pages: 202 / 404M, Empty: 234M, Relocated: 2M, In-Place: 0
[291.837s][info][gc,reloc    ] GC(255) Medium Pages: 0 / 0M, Empty: 0M, Relocated: 0M, In-Place: 0
[291.837s][info][gc,reloc    ] GC(255) Large Pages: 0 / 0M, Empty: 0M, Relocated: 0M, In-Place: 0
[291.837s][info][gc,reloc    ] GC(255) Forwarding Usage: 1M
[291.837s][info][gc,heap     ] GC(255) Min Capacity: 8M(2%)
[291.837s][info][gc,heap     ] GC(255) Max Capacity: 512M(100%)
[291.837s][info][gc,heap     ] GC(255) Soft Max Capacity: 512M(100%)
[291.838s][info][gc,heap     ] GC(255)                Mark Start          Mark End        Relocate Start      Relocate End           High               Low         
[291.838s][info][gc,heap     ] GC(255)  Capacity:      512M (100%)        512M (100%)        512M (100%)        512M (100%)        512M (100%)        512M (100%)   
[291.838s][info][gc,heap     ] GC(255)      Free:      108M (21%)          96M (19%)         328M (64%)         488M (95%)         488M (95%)          94M (18%)    
[291.838s][info][gc,heap     ] GC(255)      Used:      404M (79%)         416M (81%)         184M (36%)          24M (5%)          418M (82%)          24M (5%)     
[291.838s][info][gc,heap     ] GC(255)      Live:         -                 6M (1%)            6M (1%)            6M (1%)             -                  -          
[291.838s][info][gc,heap     ] GC(255) Allocated:         -                12M (2%)           14M (3%)           15M (3%)             -                  -          
[291.838s][info][gc,heap     ] GC(255)   Garbage:         -               397M (78%)         163M (32%)           1M (0%)             -                  -          
[291.838s][info][gc,heap     ] GC(255) Reclaimed:         -                  -               234M (46%)         395M (77%)            -                  -          
[291.838s][info][gc          ] GC(255) Garbage Collection (Allocation Rate) 404M(79%)->24M(5%)
[292.977s][info][gc,start    ] GC(256) Garbage Collection (Allocation Rate)
[292.977s][info][gc,task     ] GC(256) Using 1 workers
[292.977s][info][gc,phases   ] GC(256) Pause Mark Start 0.017ms
[293.001s][info][gc,phases   ] GC(256) Concurrent Mark 24.047ms
[293.001s][info][gc,phases   ] GC(256) Pause Mark End 0.019ms
[293.001s][info][gc,phases   ] GC(256) Concurrent Mark Free 0.001ms
[293.009s][info][gc,phases   ] GC(256) Concurrent Process Non-Strong References 7.453ms
[293.009s][info][gc,phases   ] GC(256) Concurrent Reset Relocation Set 0.014ms
[293.013s][info][gc,phases   ] GC(256) Concurrent Select Relocation Set 3.965ms
[293.013s][info][gc,phases   ] GC(256) Pause Relocate Start 0.008ms
[293.018s][info][gc,phases   ] GC(256) Concurrent Relocate 4.808ms
[293.018s][info][gc,load     ] GC(256) Load: 0.00/0.00/0.00
[293.018s][info][gc,mmu      ] GC(256) MMU: 2ms/98.6%, 5ms/99.5%, 10ms/99.6%, 20ms/99.8%, 50ms/99.9%, 100ms/99.9%
[293.018s][info][gc,marking  ] GC(256) Mark: 1 stripe(s), 2 proactive flush(es), 1 terminate flush(es), 0 completion(s), 0 continuation(s) 
[293.018s][info][gc,marking  ] GC(256) Mark Stack Usage: 32M
[293.018s][info][gc,nmethod  ] GC(256) NMethods: 2014 registered, 369 unregistered
[293.018s][info][gc,metaspace] GC(256) Metaspace: 9M used, 10M committed, 1088M reserved
[293.018s][info][gc,ref      ] GC(256) Soft: 214 encountered, 0 discovered, 0 enqueued
[293.018s][info][gc,ref      ] GC(256) Weak: 811 encountered, 188 discovered, 0 enqueued
[293.018s][info][gc,ref      ] GC(256) Final: 0 encountered, 0 discovered, 0 enqueued
[293.018s][info][gc,ref      ] GC(256) Phantom: 27 encountered, 14 discovered, 0 enqueued
[293.018s][info][gc,reloc    ] GC(256) Small Pages: 199 / 398M, Empty: 234M, Relocated: 1M, In-Place: 0
[293.018s][info][gc,reloc    ] GC(256) Medium Pages: 0 / 0M, Empty: 0M, Relocated: 0M, In-Place: 0
[293.018s][info][gc,reloc    ] GC(256) Large Pages: 0 / 0M, Empty: 0M, Relocated: 0M, In-Place: 0
[293.018s][info][gc,reloc    ] GC(256) Forwarding Usage: 0M
[293.018s][info][gc,heap     ] GC(256) Min Capacity: 8M(2%)
[293.018s][info][gc,heap     ] GC(256) Max Capacity: 512M(100%)
[293.018s][info][gc,heap     ] GC(256) Soft Max Capacity: 512M(100%)
[293.018s][info][gc,heap     ] GC(256)                Mark Start          Mark End        Relocate Start      Relocate End           High               Low         
[293.019s][info][gc,heap     ] GC(256)  Capacity:      512M (100%)        512M (100%)        512M (100%)        512M (100%)        512M (100%)        512M (100%)   
[293.019s][info][gc,heap     ] GC(256)      Free:      114M (22%)         104M (20%)         334M (65%)         488M (95%)         488M (95%)         102M (20%)    
[293.019s][info][gc,heap     ] GC(256)      Used:      398M (78%)         408M (80%)         178M (35%)          24M (5%)          410M (80%)          24M (5%)     
[293.019s][info][gc,heap     ] GC(256)      Live:         -                 6M (1%)            6M (1%)            6M (1%)             -                  -          
[293.019s][info][gc,heap     ] GC(256) Allocated:         -                10M (2%)           14M (3%)           15M (3%)             -                  -          
[293.019s][info][gc,heap     ] GC(256)   Garbage:         -               391M (77%)         157M (31%)           1M (0%)             -                  -          
[293.019s][info][gc,heap     ] GC(256) Reclaimed:         -                  -               234M (46%)         389M (76%)            -                  -          
[293.019s][info][gc          ] GC(256) Garbage Collection (Allocation Rate) 398M(78%)->24M(5%)
[294.186s][info][gc,start    ] GC(257) Garbage Collection (Allocation Rate)
[294.186s][info][gc,task     ] GC(257) Using 1 workers
[294.187s][info][gc,phases   ] GC(257) Pause Mark Start 0.018ms
[294.213s][info][gc,phases   ] GC(257) Concurrent Mark 26.156ms
[294.213s][info][gc,phases   ] GC(257) Pause Mark End 0.015ms
[294.213s][info][gc,phases   ] GC(257) Concurrent Mark Free 0.002ms
[294.220s][info][gc,phases   ] GC(257) Concurrent Process Non-Strong References 7.150ms
[294.220s][info][gc,phases   ] GC(257) Concurrent Reset Relocation Set 0.012ms
[294.224s][info][gc,phases   ] GC(257) Concurrent Select Relocation Set 3.833ms
[294.224s][info][gc,phases   ] GC(257) Pause Relocate Start 0.006ms
[294.227s][info][gc,phases   ] GC(257) Concurrent Relocate 2.757ms
[294.227s][info][gc,load     ] GC(257) Load: 0.00/0.00/0.00
[294.227s][info][gc,mmu      ] GC(257) MMU: 2ms/98.6%, 5ms/99.5%, 10ms/99.6%, 20ms/99.8%, 50ms/99.9%, 100ms/99.9%
[294.227s][info][gc,marking  ] GC(257) Mark: 1 stripe(s), 2 proactive flush(es), 1 terminate flush(es), 0 completion(s), 0 continuation(s) 
[294.227s][info][gc,marking  ] GC(257) Mark Stack Usage: 32M
[294.227s][info][gc,nmethod  ] GC(257) NMethods: 2014 registered, 369 unregistered
[294.227s][info][gc,metaspace] GC(257) Metaspace: 9M used, 10M committed, 1088M reserved
[294.227s][info][gc,ref      ] GC(257) Soft: 214 encountered, 0 discovered, 0 enqueued
[294.227s][info][gc,ref      ] GC(257) Weak: 811 encountered, 189 discovered, 0 enqueued
[294.227s][info][gc,ref      ] GC(257) Final: 0 encountered, 0 discovered, 0 enqueued
[294.228s][info][gc,ref      ] GC(257) Phantom: 27 encountered, 25 discovered, 0 enqueued
[294.228s][info][gc,reloc    ] GC(257) Small Pages: 205 / 410M, Empty: 308M, Relocated: 1M, In-Place: 0
[294.228s][info][gc,reloc    ] GC(257) Medium Pages: 0 / 0M, Empty: 0M, Relocated: 0M, In-Place: 0
[294.228s][info][gc,reloc    ] GC(257) Large Pages: 0 / 0M, Empty: 0M, Relocated: 0M, In-Place: 0
[294.228s][info][gc,reloc    ] GC(257) Forwarding Usage: 0M
[294.228s][info][gc,heap     ] GC(257) Min Capacity: 8M(2%)
[294.228s][info][gc,heap     ] GC(257) Max Capacity: 512M(100%)
[294.228s][info][gc,heap     ] GC(257) Soft Max Capacity: 512M(100%)
[294.228s][info][gc,heap     ] GC(257)                Mark Start          Mark End        Relocate Start      Relocate End           High               Low         
[294.228s][info][gc,heap     ] GC(257)  Capacity:      512M (100%)        512M (100%)        512M (100%)        512M (100%)        512M (100%)        512M (100%)   
[294.228s][info][gc,heap     ] GC(257)      Free:      102M (20%)          90M (18%)         394M (77%)         488M (95%)         488M (95%)          88M (17%)    
[294.228s][info][gc,heap     ] GC(257)      Used:      410M (80%)         422M (82%)         118M (23%)          24M (5%)          424M (83%)          24M (5%)     
[294.228s][info][gc,heap     ] GC(257)      Live:         -                 6M (1%)            6M (1%)            6M (1%)             -                  -          
[294.228s][info][gc,heap     ] GC(257) Allocated:         -                12M (2%)           16M (3%)           15M (3%)             -                  -          
[294.228s][info][gc,heap     ] GC(257)   Garbage:         -               403M (79%)          95M (19%)           1M (0%)             -                  -          
[294.228s][info][gc,heap     ] GC(257) Reclaimed:         -                  -               308M (60%)         401M (79%)            -                  -          
[294.228s][info][gc          ] GC(257) Garbage Collection (Allocation Rate) 410M(80%)->24M(5%)
[295.288s][info][gc,start    ] GC(258) Garbage Collection (Proactive)
[295.288s][info][gc,task     ] GC(258) Using 5 workers
[295.288s][info][gc,phases   ] GC(258) Pause Mark Start 0.017ms
[295.303s][info][gc,phases   ] GC(258) Concurrent Mark 15.252ms
[295.304s][info][gc,phases   ] GC(258) Pause Mark End 0.020ms
[295.304s][info][gc,phases   ] GC(258) Concurrent Mark Free 0.002ms
[295.305s][info][gc,phases   ] GC(258) Concurrent Process Non-Strong References 1.600ms
[295.305s][info][gc,phases   ] GC(258) Concurrent Reset Relocation Set 0.007ms
[295.310s][info][gc,phases   ] GC(258) Concurrent Select Relocation Set 4.322ms
[295.310s][info][gc,phases   ] GC(258) Pause Relocate Start 0.009ms
[295.311s][info][gc,phases   ] GC(258) Concurrent Relocate 1.285ms
[295.311s][info][gc,load     ] GC(258) Load: 0.00/0.00/0.00
[295.311s][info][gc,mmu      ] GC(258) MMU: 2ms/98.6%, 5ms/99.5%, 10ms/99.6%, 20ms/99.8%, 50ms/99.9%, 100ms/99.9%
[295.311s][info][gc,marking  ] GC(258) Mark: 4 stripe(s), 3 proactive flush(es), 1 terminate flush(es), 0 completion(s), 0 continuation(s) 
[295.312s][info][gc,marking  ] GC(258) Mark Stack Usage: 32M
[295.312s][info][gc,nmethod  ] GC(258) NMethods: 2014 registered, 369 unregistered
[295.312s][info][gc,metaspace] GC(258) Metaspace: 9M used, 10M committed, 1088M reserved
[295.312s][info][gc,ref      ] GC(258) Soft: 214 encountered, 0 discovered, 0 enqueued
[295.312s][info][gc,ref      ] GC(258) Weak: 811 encountered, 413 discovered, 0 enqueued
[295.312s][info][gc,ref      ] GC(258) Final: 0 encountered, 0 discovered, 0 enqueued
[295.312s][info][gc,ref      ] GC(258) Phantom: 27 encountered, 21 discovered, 0 enqueued
[295.312s][info][gc,reloc    ] GC(258) Small Pages: 183 / 366M, Empty: 274M, Relocated: 1M, In-Place: 0
[295.312s][info][gc,reloc    ] GC(258) Medium Pages: 0 / 0M, Empty: 0M, Relocated: 0M, In-Place: 0
[295.312s][info][gc,reloc    ] GC(258) Large Pages: 0 / 0M, Empty: 0M, Relocated: 0M, In-Place: 0
[295.312s][info][gc,reloc    ] GC(258) Forwarding Usage: 0M
[295.312s][info][gc,heap     ] GC(258) Min Capacity: 8M(2%)
[295.312s][info][gc,heap     ] GC(258) Max Capacity: 512M(100%)
[295.312s][info][gc,heap     ] GC(258) Soft Max Capacity: 512M(100%)
[295.312s][info][gc,heap     ] GC(258)                Mark Start          Mark End        Relocate Start      Relocate End           High               Low         
[295.312s][info][gc,heap     ] GC(258)  Capacity:      512M (100%)        512M (100%)        512M (100%)        512M (100%)        512M (100%)        512M (100%)   
[295.312s][info][gc,heap     ] GC(258)      Free:      146M (29%)         138M (27%)         412M (80%)         488M (95%)         488M (95%)         138M (27%)    
[295.312s][info][gc,heap     ] GC(258)      Used:      366M (71%)         374M (73%)         100M (20%)          24M (5%)          374M (73%)          24M (5%)     
[295.312s][info][gc,heap     ] GC(258)      Live:         -                 6M (1%)            6M (1%)            6M (1%)             -                  -          
[295.312s][info][gc,heap     ] GC(258) Allocated:         -                 8M (2%)            8M (2%)            7M (2%)             -                  -          
[295.312s][info][gc,heap     ] GC(258)   Garbage:         -               359M (70%)          85M (17%)           9M (2%)             -                  -          
[295.312s][info][gc,heap     ] GC(258) Reclaimed:         -                  -               274M (54%)         349M (68%)            -                  -          
[295.312s][info][gc          ] GC(258) Garbage Collection (Proactive) 366M(71%)->24M(5%)
[296.491s][info][gc,start    ] GC(259) Garbage Collection (Allocation Rate)
[296.510s][info][gc,task     ] GC(259) Using 1 workers
[296.510s][info][gc,phases   ] GC(259) Pause Mark Start 0.016ms
[296.536s][info][gc,phases   ] GC(259) Concurrent Mark 25.291ms
[296.536s][info][gc,phases   ] GC(259) Pause Mark End 0.018ms
[296.536s][info][gc,phases   ] GC(259) Concurrent Mark Free 0.001ms
[296.543s][info][gc,phases   ] GC(259) Concurrent Process Non-Strong References 6.952ms
[296.543s][info][gc,phases   ] GC(259) Concurrent Reset Relocation Set 0.005ms
[296.546s][info][gc,phases   ] GC(259) Concurrent Select Relocation Set 3.062ms
[296.546s][info][gc,phases   ] GC(259) Pause Relocate Start 0.010ms
[296.549s][info][gc,phases   ] GC(259) Concurrent Relocate 2.313ms
[296.549s][info][gc,load     ] GC(259) Load: 0.00/0.00/0.00
[296.549s][info][gc,mmu      ] GC(259) MMU: 2ms/98.6%, 5ms/99.5%, 10ms/99.6%, 20ms/99.8%, 50ms/99.9%, 100ms/99.9%
[296.549s][info][gc,marking  ] GC(259) Mark: 1 stripe(s), 2 proactive flush(es), 1 terminate flush(es), 0 completion(s), 0 continuation(s) 
[296.549s][info][gc,marking  ] GC(259) Mark Stack Usage: 32M
[296.549s][info][gc,nmethod  ] GC(259) NMethods: 2014 registered, 369 unregistered
[296.549s][info][gc,metaspace] GC(259) Metaspace: 9M used, 10M committed, 1088M reserved
[296.549s][info][gc,ref      ] GC(259) Soft: 214 encountered, 0 discovered, 0 enqueued
[296.549s][info][gc,ref      ] GC(259) Weak: 811 encountered, 9 discovered, 0 enqueued
[296.549s][info][gc,ref      ] GC(259) Final: 0 encountered, 0 discovered, 0 enqueued
[296.549s][info][gc,ref      ] GC(259) Phantom: 27 encountered, 14 discovered, 0 enqueued
[296.549s][info][gc,reloc    ] GC(259) Small Pages: 207 / 414M, Empty: 362M, Relocated: 1M, In-Place: 0
[296.549s][info][gc,reloc    ] GC(259) Medium Pages: 0 / 0M, Empty: 0M, Relocated: 0M, In-Place: 0
[296.549s][info][gc,reloc    ] GC(259) Large Pages: 0 / 0M, Empty: 0M, Relocated: 0M, In-Place: 0
[296.549s][info][gc,reloc    ] GC(259) Forwarding Usage: 0M
[296.549s][info][gc,heap     ] GC(259) Min Capacity: 8M(2%)
[296.549s][info][gc,heap     ] GC(259) Max Capacity: 512M(100%)
[296.549s][info][gc,heap     ] GC(259) Soft Max Capacity: 512M(100%)
[296.549s][info][gc,heap     ] GC(259)                Mark Start          Mark End        Relocate Start      Relocate End           High               Low         
[296.549s][info][gc,heap     ] GC(259)  Capacity:      512M (100%)        512M (100%)        512M (100%)        512M (100%)        512M (100%)        512M (100%)   
[296.549s][info][gc,heap     ] GC(259)      Free:       98M (19%)          88M (17%)         446M (87%)         490M (96%)         490M (96%)          86M (17%)    
[296.550s][info][gc,heap     ] GC(259)      Used:      414M (81%)         424M (83%)          66M (13%)          22M (4%)          426M (83%)          22M (4%)     
[296.550s][info][gc,heap     ] GC(259)      Live:         -                 6M (1%)            6M (1%)            6M (1%)             -                  -          
[296.550s][info][gc,heap     ] GC(259) Allocated:         -                10M (2%)           14M (3%)           13M (3%)             -                  -          
[296.550s][info][gc,heap     ] GC(259)   Garbage:         -               407M (80%)          45M (9%)            1M (0%)             -                  -          
[296.550s][info][gc,heap     ] GC(259) Reclaimed:         -                  -               362M (71%)         405M (79%)            -                  -          
[296.550s][info][gc          ] GC(259) Garbage Collection (Allocation Rate) 414M(81%)->22M(4%)
[297.294s][info][gc,start    ] GC(260) Garbage Collection (System.gc())
[297.294s][info][gc,task     ] GC(260) Using 5 workers
[297.294s][info][gc,phases   ] GC(260) Pause Mark Start 0.017ms
[297.303s][info][gc,phases   ] GC(260) Concurrent Mark 8.257ms
[297.303s][info][gc,phases   ] GC(260) Pause Mark End 0.015ms
[297.303s][info][gc,phases   ] GC(260) Concurrent Mark Free 0.001ms
[297.305s][info][gc,phases   ] GC(260) Concurrent Process Non-Strong References 1.713ms
[297.305s][info][gc,phases   ] GC(260) Concurrent Reset Relocation Set 0.003ms
[297.309s][info][gc,phases   ] GC(260) Concurrent Select Relocation Set 3.779ms
[297.309s][info][gc,phases   ] GC(260) Pause Relocate Start 0.007ms
[297.310s][info][gc,phases   ] GC(260) Concurrent Relocate 1.537ms
[297.310s][info][gc,load     ] GC(260) Load: 0.00/0.00/0.00
[297.310s][info][gc,mmu      ] GC(260) MMU: 2ms/98.6%, 5ms/99.5%, 10ms/99.6%, 20ms/99.8%, 50ms/99.9%, 100ms/99.9%
[297.310s][info][gc,marking  ] GC(260) Mark: 4 stripe(s), 1 proactive flush(es), 1 terminate flush(es), 0 completion(s), 0 continuation(s) 
[297.311s][info][gc,marking  ] GC(260) Mark Stack Usage: 32M
[297.311s][info][gc,nmethod  ] GC(260) NMethods: 2016 registered, 369 unregistered
[297.311s][info][gc,metaspace] GC(260) Metaspace: 9M used, 10M committed, 1088M reserved
[297.311s][info][gc,ref      ] GC(260) Soft: 214 encountered, 0 discovered, 0 enqueued
[297.311s][info][gc,ref      ] GC(260) Weak: 811 encountered, 338 discovered, 0 enqueued
[297.311s][info][gc,ref      ] GC(260) Final: 0 encountered, 0 discovered, 0 enqueued
[297.311s][info][gc,ref      ] GC(260) Phantom: 27 encountered, 19 discovered, 0 enqueued
[297.311s][info][gc,reloc    ] GC(260) Small Pages: 128 / 256M, Empty: 244M, Relocated: 1M, In-Place: 0
[297.311s][info][gc,reloc    ] GC(260) Medium Pages: 0 / 0M, Empty: 0M, Relocated: 0M, In-Place: 0
[297.311s][info][gc,reloc    ] GC(260) Large Pages: 0 / 0M, Empty: 0M, Relocated: 0M, In-Place: 0
[297.311s][info][gc,reloc    ] GC(260) Forwarding Usage: 0M
[297.311s][info][gc,heap     ] GC(260) Min Capacity: 8M(2%)
[297.311s][info][gc,heap     ] GC(260) Max Capacity: 512M(100%)
[297.311s][info][gc,heap     ] GC(260) Soft Max Capacity: 512M(100%)
[297.311s][info][gc,heap     ] GC(260)                Mark Start          Mark End        Relocate Start      Relocate End           High               Low         
[297.311s][info][gc,heap     ] GC(260)  Capacity:      512M (100%)        512M (100%)        512M (100%)        512M (100%)        512M (100%)        512M (100%)   
[297.311s][info][gc,heap     ] GC(260)      Free:      256M (50%)         256M (50%)         500M (98%)         500M (98%)         500M (98%)         256M (50%)    
[297.311s][info][gc,heap     ] GC(260)      Used:      256M (50%)         256M (50%)          12M (2%)           12M (2%)          256M (50%)          12M (2%)     
[297.311s][info][gc,heap     ] GC(260)      Live:         -                 4M (1%)            4M (1%)            4M (1%)             -                  -          
[297.311s][info][gc,heap     ] GC(260) Allocated:         -                 0M (0%)            0M (0%)            0M (0%)             -                  -          
[297.311s][info][gc,heap     ] GC(260)   Garbage:         -               251M (49%)           7M (1%)            7M (1%)             -                  -          
[297.311s][info][gc,heap     ] GC(260) Reclaimed:         -                  -               244M (48%)         244M (48%)            -                  -          
[297.311s][info][gc          ] GC(260) Garbage Collection (System.gc()) 256M(50%)->12M(2%)
[298.583s][info][gc,start    ] GC(261) Garbage Collection (Proactive)
[298.583s][info][gc,task     ] GC(261) Using 5 workers
[298.583s][info][gc,phases   ] GC(261) Pause Mark Start 0.018ms
[298.598s][info][gc,phases   ] GC(261) Concurrent Mark 15.145ms
[298.599s][info][gc,phases   ] GC(261) Pause Mark End 0.018ms
[298.599s][info][gc,phases   ] GC(261) Concurrent Mark Free 0.001ms
[298.600s][info][gc,phases   ] GC(261) Concurrent Process Non-Strong References 1.718ms
[298.600s][info][gc,phases   ] GC(261) Concurrent Reset Relocation Set 0.001ms
[298.605s][info][gc,phases   ] GC(261) Concurrent Select Relocation Set 4.859ms
[298.605s][info][gc,phases   ] GC(261) Pause Relocate Start 0.010ms
[298.608s][info][gc,phases   ] GC(261) Concurrent Relocate 2.286ms
[298.608s][info][gc,load     ] GC(261) Load: 0.00/0.00/0.00
[298.608s][info][gc,mmu      ] GC(261) MMU: 2ms/98.6%, 5ms/99.5%, 10ms/99.6%, 20ms/99.8%, 50ms/99.9%, 100ms/99.9%
[298.608s][info][gc,marking  ] GC(261) Mark: 4 stripe(s), 3 proactive flush(es), 1 terminate flush(es), 0 completion(s), 0 continuation(s) 
[298.608s][info][gc,marking  ] GC(261) Mark Stack Usage: 32M
[298.608s][info][gc,nmethod  ] GC(261) NMethods: 2015 registered, 370 unregistered
[298.608s][info][gc,metaspace] GC(261) Metaspace: 9M used, 10M committed, 1088M reserved
[298.608s][info][gc,ref      ] GC(261) Soft: 214 encountered, 0 discovered, 0 enqueued
[298.608s][info][gc,ref      ] GC(261) Weak: 811 encountered, 88 discovered, 0 enqueued
[298.608s][info][gc,ref      ] GC(261) Final: 0 encountered, 0 discovered, 0 enqueued
[298.608s][info][gc,ref      ] GC(261) Phantom: 27 encountered, 19 discovered, 0 enqueued
[298.608s][info][gc,reloc    ] GC(261) Small Pages: 208 / 416M, Empty: 266M, Relocated: 2M, In-Place: 0
[298.608s][info][gc,reloc    ] GC(261) Medium Pages: 0 / 0M, Empty: 0M, Relocated: 0M, In-Place: 0
[298.608s][info][gc,reloc    ] GC(261) Large Pages: 0 / 0M, Empty: 0M, Relocated: 0M, In-Place: 0
[298.608s][info][gc,reloc    ] GC(261) Forwarding Usage: 1M
[298.608s][info][gc,heap     ] GC(261) Min Capacity: 8M(2%)
[298.608s][info][gc,heap     ] GC(261) Max Capacity: 512M(100%)
[298.608s][info][gc,heap     ] GC(261) Soft Max Capacity: 512M(100%)
[298.608s][info][gc,heap     ] GC(261)                Mark Start          Mark End        Relocate Start      Relocate End           High               Low         
[298.608s][info][gc,heap     ] GC(261)  Capacity:      512M (100%)        512M (100%)        512M (100%)        512M (100%)        512M (100%)        512M (100%)   
[298.608s][info][gc,heap     ] GC(261)      Free:       96M (19%)          90M (18%)         354M (69%)         488M (95%)         488M (95%)          88M (17%)    
[298.609s][info][gc,heap     ] GC(261)      Used:      416M (81%)         422M (82%)         158M (31%)          24M (5%)          424M (83%)          24M (5%)     
[298.609s][info][gc,heap     ] GC(261)      Live:         -                 6M (1%)            6M (1%)            6M (1%)             -                  -          
[298.609s][info][gc,heap     ] GC(261) Allocated:         -                 6M (1%)            8M (2%)            9M (2%)             -                  -          
[298.609s][info][gc,heap     ] GC(261)   Garbage:         -               409M (80%)         143M (28%)           7M (1%)             -                  -          
[298.609s][info][gc,heap     ] GC(261) Reclaimed:         -                  -               266M (52%)         401M (79%)            -                  -          
[298.609s][info][gc          ] GC(261) Garbage Collection (Proactive) 416M(81%)->24M(5%)
[299.785s][info][gc,start    ] GC(262) Garbage Collection (Allocation Rate)
[299.786s][info][gc,task     ] GC(262) Using 1 workers
[299.786s][info][gc,phases   ] GC(262) Pause Mark Start 0.017ms
[299.813s][info][gc,phases   ] GC(262) Concurrent Mark 26.611ms
[299.813s][info][gc,phases   ] GC(262) Pause Mark End 0.014ms
[299.813s][info][gc,phases   ] GC(262) Concurrent Mark Free 0.002ms
[299.820s][info][gc,phases   ] GC(262) Concurrent Process Non-Strong References 7.403ms
[299.820s][info][gc,phases   ] GC(262) Concurrent Reset Relocation Set 0.011ms
[299.824s][info][gc,phases   ] GC(262) Concurrent Select Relocation Set 3.916ms
[299.824s][info][gc,phases   ] GC(262) Pause Relocate Start 0.007ms
[299.829s][info][gc,phases   ] GC(262) Concurrent Relocate 4.522ms
[299.829s][info][gc,load     ] GC(262) Load: 0.00/0.00/0.00
[299.829s][info][gc,mmu      ] GC(262) MMU: 2ms/98.6%, 5ms/99.5%, 10ms/99.6%, 20ms/99.8%, 50ms/99.9%, 100ms/99.9%
[299.829s][info][gc,marking  ] GC(262) Mark: 1 stripe(s), 2 proactive flush(es), 1 terminate flush(es), 0 completion(s), 0 continuation(s) 
[299.829s][info][gc,marking  ] GC(262) Mark Stack Usage: 32M
[299.829s][info][gc,nmethod  ] GC(262) NMethods: 2015 registered, 370 unregistered
[299.829s][info][gc,metaspace] GC(262) Metaspace: 9M used, 10M committed, 1088M reserved
[299.829s][info][gc,ref      ] GC(262) Soft: 214 encountered, 0 discovered, 0 enqueued
[299.829s][info][gc,ref      ] GC(262) Weak: 811 encountered, 189 discovered, 0 enqueued
[299.829s][info][gc,ref      ] GC(262) Final: 0 encountered, 0 discovered, 0 enqueued
[299.829s][info][gc,ref      ] GC(262) Phantom: 27 encountered, 25 discovered, 0 enqueued
[299.829s][info][gc,reloc    ] GC(262) Small Pages: 199 / 398M, Empty: 316M, Relocated: 1M, In-Place: 0
[299.829s][info][gc,reloc    ] GC(262) Medium Pages: 0 / 0M, Empty: 0M, Relocated: 0M, In-Place: 0
[299.829s][info][gc,reloc    ] GC(262) Large Pages: 0 / 0M, Empty: 0M, Relocated: 0M, In-Place: 0
[299.829s][info][gc,reloc    ] GC(262) Forwarding Usage: 0M
[299.830s][info][gc,heap     ] GC(262) Min Capacity: 8M(2%)
[299.830s][info][gc,heap     ] GC(262) Max Capacity: 512M(100%)
[299.830s][info][gc,heap     ] GC(262) Soft Max Capacity: 512M(100%)
[299.830s][info][gc,heap     ] GC(262)                Mark Start          Mark End        Relocate Start      Relocate End           High               Low         
[299.830s][info][gc,heap     ] GC(262)  Capacity:      512M (100%)        512M (100%)        512M (100%)        512M (100%)        512M (100%)        512M (100%)   
[299.830s][info][gc,heap     ] GC(262)      Free:      114M (22%)         104M (20%)         416M (81%)         490M (96%)         490M (96%)         102M (20%)    
[299.830s][info][gc,heap     ] GC(262)      Used:      398M (78%)         408M (80%)          96M (19%)          22M (4%)          410M (80%)          22M (4%)     
[299.830s][info][gc,heap     ] GC(262)      Live:         -                 6M (1%)            6M (1%)            6M (1%)             -                  -          
[299.830s][info][gc,heap     ] GC(262) Allocated:         -                10M (2%)           14M (3%)           13M (3%)             -                  -          
[299.830s][info][gc,heap     ] GC(262)   Garbage:         -               391M (77%)          75M (15%)           1M (0%)             -                  -          
[299.830s][info][gc,heap     ] GC(262) Reclaimed:         -                  -               316M (62%)         389M (76%)            -                  -          
[299.830s][info][gc          ] GC(262) Garbage Collection (Allocation Rate) 398M(78%)->22M(4%)
[300.082s][info][gc,stats    ] === Garbage Collection Statistics =======================================================================================================================
[300.082s][info][gc,stats    ]                                                              Last 10s              Last 10m              Last 10h                Total
[300.082s][info][gc,stats    ]                                                              Avg / Max             Avg / Max             Avg / Max             Avg / Max
[300.082s][info][gc,stats    ]   Collector: Garbage Collection Cycle                     36.182 / 58.439       36.666 / 60.364       36.666 / 60.364       36.666 / 60.364      ms
[300.082s][info][gc,stats    ]  Contention: Mark Segment Reset Contention                     0 / 2                 0 / 6                 0 / 6                 0 / 6           ops/s
[300.082s][info][gc,stats    ]  Contention: Mark SeqNum Reset Contention                      0 / 2                 0 / 2                 0 / 2                 0 / 2           ops/s
[300.083s][info][gc,stats    ]    Critical: Allocation Stall                                  0 / 0                 0 / 0                 0 / 0                 0 / 0           ops/s
[300.083s][info][gc,stats    ]    Critical: Allocation Stall                              0.000 / 0.000         0.000 / 0.000         0.000 / 0.000         0.000 / 0.000       ms
[300.083s][info][gc,stats    ]    Critical: GC Locker Stall                                   0 / 0                 0 / 0                 0 / 0                 0 / 0           ops/s
[300.083s][info][gc,stats    ]    Critical: GC Locker Stall                               0.000 / 0.000         0.000 / 0.000         0.000 / 0.000         0.000 / 0.000       ms
[300.083s][info][gc,stats    ]    Critical: Relocation Stall                                  0 / 0                 0 / 0                 0 / 0                 0 / 0           ops/s
[300.083s][info][gc,stats    ]    Critical: Relocation Stall                              0.000 / 0.000         0.000 / 0.000         0.000 / 0.000         0.000 / 0.000       ms
[300.083s][info][gc,stats    ]      Memory: Allocation Rate                                 325 / 336             320 / 338             320 / 338             320 / 338         MB/s
[300.083s][info][gc,stats    ]      Memory: Defragment                                        0 / 0                 0 / 0                 0 / 0                 0 / 0           ops/s
[300.083s][info][gc,stats    ]      Memory: Out Of Memory                                     0 / 0                 0 / 0                 0 / 0                 0 / 0           ops/s
[300.083s][info][gc,stats    ]      Memory: Page Cache Flush                                  0 / 0                 0 / 0                 0 / 0                 0 / 0           MB/s
[300.083s][info][gc,stats    ]      Memory: Page Cache Hit L1                               165 / 172             161 / 174             161 / 174             161 / 174         ops/s
[300.083s][info][gc,stats    ]      Memory: Page Cache Hit L2                                 0 / 0                 0 / 0                 0 / 0                 0 / 0           ops/s
[300.083s][info][gc,stats    ]      Memory: Page Cache Hit L3                                 0 / 0                 0 / 77                0 / 77                0 / 77          ops/s
[300.083s][info][gc,stats    ]      Memory: Page Cache Miss                                   0 / 0                 0 / 1                 0 / 1                 0 / 1           ops/s
[300.083s][info][gc,stats    ]      Memory: Uncommit                                          0 / 0                 0 / 0                 0 / 0                 0 / 0           MB/s
[300.083s][info][gc,stats    ]      Memory: Undo Object Allocation Failed                     1 / 11                0 / 11                0 / 11                0 / 11          ops/s
[300.083s][info][gc,stats    ]      Memory: Undo Object Allocation Succeeded                  1 / 8                 0 / 11                0 / 11                0 / 11          ops/s
[300.083s][info][gc,stats    ]      Memory: Undo Page Allocation                              2 / 5                 1 / 10                1 / 10                1 / 10          ops/s
[300.083s][info][gc,stats    ]       Phase: Concurrent Mark                              21.219 / 28.996       22.505 / 38.107       22.505 / 38.107       22.505 / 38.107      ms
[300.083s][info][gc,stats    ]       Phase: Concurrent Mark Continue                      0.000 / 0.000         0.000 / 0.000         0.000 / 0.000         0.000 / 0.000       ms
[300.083s][info][gc,stats    ]       Phase: Concurrent Mark Free                          0.001 / 0.002         0.001 / 0.002         0.001 / 0.002         0.001 / 0.002       ms
[300.083s][info][gc,stats    ]       Phase: Concurrent Process Non-Strong References      4.721 / 7.453         4.889 / 7.613         4.889 / 7.613         4.889 / 7.613       ms
[300.083s][info][gc,stats    ]       Phase: Concurrent Relocate                           2.905 / 5.173         3.515 / 8.950         3.515 / 8.950         3.515 / 8.950       ms
[300.083s][info][gc,stats    ]       Phase: Concurrent Reset Relocation Set               0.007 / 0.014         0.007 / 0.015         0.007 / 0.015         0.007 / 0.015       ms
[300.083s][info][gc,stats    ]       Phase: Concurrent Select Relocation Set              4.064 / 5.141         4.352 / 14.681        4.352 / 14.681        4.352 / 14.681      ms
[300.083s][info][gc,stats    ]       Phase: Pause Mark End                                0.017 / 0.020         0.017 / 0.022         0.017 / 0.022         0.017 / 0.022       ms
[300.083s][info][gc,stats    ]       Phase: Pause Mark Start                              0.017 / 0.018         0.017 / 0.027         0.017 / 0.027         0.017 / 0.027       ms
[300.083s][info][gc,stats    ]       Phase: Pause Relocate Start                          0.008 / 0.010         0.008 / 0.012         0.008 / 0.012         0.008 / 0.012       ms
[300.083s][info][gc,stats    ]    Subphase: Concurrent Classes Purge                      0.007 / 0.021         0.014 / 0.583         0.014 / 0.583         0.014 / 0.583       ms
[300.084s][info][gc,stats    ]    Subphase: Concurrent Classes Unlink                     3.979 / 6.192         4.019 / 6.192         4.019 / 6.192         4.019 / 6.192       ms
[300.084s][info][gc,stats    ]    Subphase: Concurrent Mark                              14.719 / 26.547       15.367 / 34.990       15.367 / 34.990       15.367 / 34.990      ms
[300.084s][info][gc,stats    ]    Subphase: Concurrent Mark Try Flush                     0.066 / 0.103         0.061 / 0.187         0.061 / 0.187         0.061 / 0.187       ms
[300.084s][info][gc,stats    ]    Subphase: Concurrent Mark Try Terminate                 4.099 / 15.833        3.376 / 16.488        3.376 / 16.488        3.376 / 16.488      ms
[300.084s][info][gc,stats    ]    Subphase: Concurrent References Enqueue                 0.000 / 0.001         0.000 / 0.005         0.000 / 0.005         0.000 / 0.005       ms
[300.084s][info][gc,stats    ]    Subphase: Concurrent References Process                 0.047 / 0.061         0.046 / 0.114         0.046 / 0.114         0.046 / 0.114       ms
[300.084s][info][gc,stats    ]    Subphase: Concurrent Roots ClassLoaderDataGraph         0.128 / 0.356         0.152 / 0.631         0.152 / 0.631         0.152 / 0.631       ms
[300.084s][info][gc,stats    ]    Subphase: Concurrent Roots CodeCache                    0.000 / 0.000         0.000 / 0.000         0.000 / 0.000         0.000 / 0.000       ms
[300.084s][info][gc,stats    ]    Subphase: Concurrent Roots JavaThreads                  0.922 / 2.274         0.988 / 2.716         0.988 / 2.716         0.988 / 2.716       ms
[300.084s][info][gc,stats    ]    Subphase: Concurrent Roots OopStorageSet                0.029 / 0.063         0.032 / 0.136         0.032 / 0.136         0.032 / 0.136       ms
[300.084s][info][gc,stats    ]    Subphase: Concurrent Weak Roots OopStorageSet           0.330 / 1.112         0.396 / 1.768         0.396 / 1.768         0.396 / 1.768       ms
[300.084s][info][gc,stats    ]    Subphase: Pause Mark Try Complete                       0.000 / 0.000         0.000 / 0.000         0.000 / 0.000         0.000 / 0.000       ms
[300.084s][info][gc,stats    ]      System: Java Threads                                     40 / 40               36 / 41               36 / 41               36 / 41          threads
[300.084s][info][gc,stats    ] =========================================================================================================================================================
[300.988s][info][gc,start    ] GC(263) Garbage Collection (Allocation Rate)
[300.988s][info][gc,task     ] GC(263) Using 1 workers
[300.988s][info][gc,phases   ] GC(263) Pause Mark Start 0.017ms
[301.014s][info][gc,phases   ] GC(263) Concurrent Mark 25.798ms
[301.014s][info][gc,phases   ] GC(263) Pause Mark End 0.016ms
[301.014s][info][gc,phases   ] GC(263) Concurrent Mark Free 0.001ms
[301.021s][info][gc,phases   ] GC(263) Concurrent Process Non-Strong References 7.068ms
[301.021s][info][gc,phases   ] GC(263) Concurrent Reset Relocation Set 0.006ms
[301.025s][info][gc,phases   ] GC(263) Concurrent Select Relocation Set 3.822ms
[301.025s][info][gc,phases   ] GC(263) Pause Relocate Start 0.008ms
[301.029s][info][gc,phases   ] GC(263) Concurrent Relocate 4.036ms
[301.029s][info][gc,load     ] GC(263) Load: 0.00/0.00/0.00
[301.029s][info][gc,mmu      ] GC(263) MMU: 2ms/98.6%, 5ms/99.5%, 10ms/99.6%, 20ms/99.8%, 50ms/99.9%, 100ms/99.9%
[301.030s][info][gc,marking  ] GC(263) Mark: 1 stripe(s), 2 proactive flush(es), 1 terminate flush(es), 0 completion(s), 0 continuation(s) 
[301.030s][info][gc,marking  ] GC(263) Mark Stack Usage: 32M
[301.030s][info][gc,nmethod  ] GC(263) NMethods: 2015 registered, 370 unregistered
[301.030s][info][gc,metaspace] GC(263) Metaspace: 9M used, 10M committed, 1088M reserved
[301.030s][info][gc,ref      ] GC(263) Soft: 214 encountered, 0 discovered, 0 enqueued
[301.030s][info][gc,ref      ] GC(263) Weak: 811 encountered, 9 discovered, 0 enqueued
[301.030s][info][gc,ref      ] GC(263) Final: 0 encountered, 0 discovered, 0 enqueued
[301.030s][info][gc,ref      ] GC(263) Phantom: 27 encountered, 14 discovered, 0 enqueued
[301.030s][info][gc,reloc    ] GC(263) Small Pages: 202 / 404M, Empty: 316M, Relocated: 1M, In-Place: 0
[301.030s][info][gc,reloc    ] GC(263) Medium Pages: 0 / 0M, Empty: 0M, Relocated: 0M, In-Place: 0
[301.030s][info][gc,reloc    ] GC(263) Large Pages: 0 / 0M, Empty: 0M, Relocated: 0M, In-Place: 0
[301.030s][info][gc,reloc    ] GC(263) Forwarding Usage: 0M
[301.030s][info][gc,heap     ] GC(263) Min Capacity: 8M(2%)
[301.030s][info][gc,heap     ] GC(263) Max Capacity: 512M(100%)
[301.030s][info][gc,heap     ] GC(263) Soft Max Capacity: 512M(100%)
[301.030s][info][gc,heap     ] GC(263)                Mark Start          Mark End        Relocate Start      Relocate End           High               Low         
[301.030s][info][gc,heap     ] GC(263)  Capacity:      512M (100%)        512M (100%)        512M (100%)        512M (100%)        512M (100%)        512M (100%)   
[301.030s][info][gc,heap     ] GC(263)      Free:      108M (21%)          98M (19%)         410M (80%)         488M (95%)         488M (95%)          96M (19%)    
[301.030s][info][gc,heap     ] GC(263)      Used:      404M (79%)         414M (81%)         102M (20%)          24M (5%)          416M (81%)          24M (5%)     
[301.030s][info][gc,heap     ] GC(263)      Live:         -                 6M (1%)            6M (1%)            6M (1%)             -                  -          
[301.030s][info][gc,heap     ] GC(263) Allocated:         -                10M (2%)           14M (3%)           15M (3%)             -                  -          
[301.030s][info][gc,heap     ] GC(263)   Garbage:         -               397M (78%)          81M (16%)           1M (0%)             -                  -          
[301.030s][info][gc,heap     ] GC(263) Reclaimed:         -                  -               316M (62%)         395M (77%)            -                  -          
[301.030s][info][gc          ] GC(263) Garbage Collection (Allocation Rate) 404M(79%)->24M(5%)
[301.082s][info][gc,heap     ] Uncommitted: 48M(9%)
[302.189s][info][gc,start    ] GC(264) Garbage Collection (Proactive)
[302.191s][info][gc,task     ] GC(264) Using 5 workers
[302.194s][info][gc,phases   ] GC(264) Pause Mark Start 0.015ms
[302.205s][info][gc,phases   ] GC(264) Concurrent Mark 10.603ms
[302.205s][info][gc,phases   ] GC(264) Pause Mark End 0.019ms
[302.205s][info][gc,phases   ] GC(264) Concurrent Mark Free 0.001ms
[302.207s][info][gc,phases   ] GC(264) Concurrent Process Non-Strong References 1.718ms
[302.207s][info][gc,phases   ] GC(264) Concurrent Reset Relocation Set 0.007ms
[302.211s][info][gc,phases   ] GC(264) Concurrent Select Relocation Set 4.331ms
[302.211s][info][gc,phases   ] GC(264) Pause Relocate Start 0.009ms
[302.214s][info][gc,phases   ] GC(264) Concurrent Relocate 2.139ms
[302.214s][info][gc,load     ] GC(264) Load: 0.00/0.00/0.00
[302.214s][info][gc,mmu      ] GC(264) MMU: 2ms/98.6%, 5ms/99.5%, 10ms/99.6%, 20ms/99.8%, 50ms/99.9%, 100ms/99.9%
[302.214s][info][gc,marking  ] GC(264) Mark: 4 stripe(s), 2 proactive flush(es), 1 terminate flush(es), 0 completion(s), 0 continuation(s) 
[302.214s][info][gc,marking  ] GC(264) Mark Stack Usage: 32M
[302.214s][info][gc,nmethod  ] GC(264) NMethods: 2015 registered, 370 unregistered
[302.214s][info][gc,metaspace] GC(264) Metaspace: 9M used, 10M committed, 1088M reserved
[302.214s][info][gc,ref      ] GC(264) Soft: 214 encountered, 0 discovered, 0 enqueued
[302.214s][info][gc,ref      ] GC(264) Weak: 811 encountered, 247 discovered, 0 enqueued
[302.214s][info][gc,ref      ] GC(264) Final: 0 encountered, 0 discovered, 0 enqueued
[302.214s][info][gc,ref      ] GC(264) Phantom: 27 encountered, 20 discovered, 0 enqueued
[302.214s][info][gc,reloc    ] GC(264) Small Pages: 192 / 384M, Empty: 268M, Relocated: 1M, In-Place: 0
[302.214s][info][gc,reloc    ] GC(264) Medium Pages: 0 / 0M, Empty: 0M, Relocated: 0M, In-Place: 0
[302.214s][info][gc,reloc    ] GC(264) Large Pages: 0 / 0M, Empty: 0M, Relocated: 0M, In-Place: 0
[302.214s][info][gc,reloc    ] GC(264) Forwarding Usage: 0M
[302.214s][info][gc,heap     ] GC(264) Min Capacity: 8M(2%)
[302.214s][info][gc,heap     ] GC(264) Max Capacity: 512M(100%)
[302.214s][info][gc,heap     ] GC(264) Soft Max Capacity: 512M(100%)
[302.214s][info][gc,heap     ] GC(264)                Mark Start          Mark End        Relocate Start      Relocate End           High               Low         
[302.214s][info][gc,heap     ] GC(264)  Capacity:      464M (91%)         464M (91%)         464M (91%)         464M (91%)         464M (91%)         464M (91%)    
[302.214s][info][gc,heap     ] GC(264)      Free:      128M (25%)         122M (24%)         388M (76%)         488M (95%)         488M (95%)         122M (24%)    
[302.214s][info][gc,heap     ] GC(264)      Used:      384M (75%)         390M (76%)         124M (24%)          24M (5%)          390M (76%)          24M (5%)     
[302.214s][info][gc,heap     ] GC(264)      Live:         -                 6M (1%)            6M (1%)            6M (1%)             -                  -          
[302.214s][info][gc,heap     ] GC(264) Allocated:         -                 6M (1%)            8M (2%)            7M (2%)             -                  -          
[302.214s][info][gc,heap     ] GC(264)   Garbage:         -               377M (74%)         109M (21%)           9M (2%)             -                  -          
[302.214s][info][gc,heap     ] GC(264) Reclaimed:         -                  -               268M (52%)         367M (72%)            -                  -          
[302.214s][info][gc          ] GC(264) Garbage Collection (Proactive) 384M(75%)->24M(5%)
[303.484s][info][gc,start    ] GC(265) Garbage Collection (Allocation Rate)
[303.484s][info][gc,task     ] GC(265) Using 1 workers
[303.485s][info][gc,phases   ] GC(265) Pause Mark Start 0.019ms
[303.512s][info][gc,phases   ] GC(265) Concurrent Mark 27.578ms
[303.512s][info][gc,phases   ] GC(265) Pause Mark End 0.017ms
[303.513s][info][gc,phases   ] GC(265) Concurrent Mark Free 0.002ms
[303.520s][info][gc,phases   ] GC(265) Concurrent Process Non-Strong References 7.209ms
[303.520s][info][gc,phases   ] GC(265) Concurrent Reset Relocation Set 0.009ms
[303.524s][info][gc,phases   ] GC(265) Concurrent Select Relocation Set 4.352ms
[303.524s][info][gc,phases   ] GC(265) Pause Relocate Start 0.009ms
[303.529s][info][gc,phases   ] GC(265) Concurrent Relocate 4.904ms
[303.530s][info][gc,load     ] GC(265) Load: 0.00/0.00/0.00
[303.530s][info][gc,mmu      ] GC(265) MMU: 2ms/98.6%, 5ms/99.5%, 10ms/99.6%, 20ms/99.8%, 50ms/99.9%, 100ms/99.9%
[303.530s][info][gc,marking  ] GC(265) Mark: 1 stripe(s), 2 proactive flush(es), 1 terminate flush(es), 0 completion(s), 0 continuation(s) 
[303.530s][info][gc,marking  ] GC(265) Mark Stack Usage: 32M
[303.530s][info][gc,nmethod  ] GC(265) NMethods: 2015 registered, 370 unregistered
[303.530s][info][gc,metaspace] GC(265) Metaspace: 9M used, 10M committed, 1088M reserved
[303.530s][info][gc,ref      ] GC(265) Soft: 214 encountered, 0 discovered, 0 enqueued
[303.530s][info][gc,ref      ] GC(265) Weak: 811 encountered, 9 discovered, 0 enqueued
[303.530s][info][gc,ref      ] GC(265) Final: 0 encountered, 0 discovered, 0 enqueued
[303.530s][info][gc,ref      ] GC(265) Phantom: 27 encountered, 14 discovered, 0 enqueued
[303.530s][info][gc,reloc    ] GC(265) Small Pages: 214 / 428M, Empty: 308M, Relocated: 2M, In-Place: 0
[303.530s][info][gc,reloc    ] GC(265) Medium Pages: 0 / 0M, Empty: 0M, Relocated: 0M, In-Place: 0
[303.530s][info][gc,reloc    ] GC(265) Large Pages: 0 / 0M, Empty: 0M, Relocated: 0M, In-Place: 0
[303.530s][info][gc,reloc    ] GC(265) Forwarding Usage: 0M
[303.530s][info][gc,heap     ] GC(265) Min Capacity: 8M(2%)
[303.530s][info][gc,heap     ] GC(265) Max Capacity: 512M(100%)
[303.530s][info][gc,heap     ] GC(265) Soft Max Capacity: 512M(100%)
[303.530s][info][gc,heap     ] GC(265)                Mark Start          Mark End        Relocate Start      Relocate End           High               Low         
[303.530s][info][gc,heap     ] GC(265)  Capacity:      464M (91%)         464M (91%)         464M (91%)         464M (91%)         464M (91%)         464M (91%)    
[303.530s][info][gc,heap     ] GC(265)      Free:       84M (16%)          74M (14%)         378M (74%)         488M (95%)         488M (95%)          72M (14%)    
[303.530s][info][gc,heap     ] GC(265)      Used:      428M (84%)         438M (86%)         134M (26%)          24M (5%)          440M (86%)          24M (5%)     
[303.530s][info][gc,heap     ] GC(265)      Live:         -                 6M (1%)            6M (1%)            6M (1%)             -                  -          
[303.530s][info][gc,heap     ] GC(265) Allocated:         -                10M (2%)           14M (3%)           15M (3%)             -                  -          
[303.530s][info][gc,heap     ] GC(265)   Garbage:         -               421M (82%)         113M (22%)           1M (0%)             -                  -          
[303.530s][info][gc,heap     ] GC(265) Reclaimed:         -                  -               308M (60%)         419M (82%)            -                  -          
[303.530s][info][gc          ] GC(265) Garbage Collection (Allocation Rate) 428M(84%)->24M(5%)
[304.156s][info][gc,start    ] GC(266) Garbage Collection (System.gc())
[304.156s][info][gc,task     ] GC(266) Using 5 workers
[304.156s][info][gc,phases   ] GC(266) Pause Mark Start 0.017ms
[304.179s][info][gc,phases   ] GC(266) Concurrent Mark 22.323ms
[304.179s][info][gc,phases   ] GC(266) Pause Mark End 0.015ms
[304.179s][info][gc,phases   ] GC(266) Concurrent Mark Free 0.001ms
[304.181s][info][gc,phases   ] GC(266) Concurrent Process Non-Strong References 1.733ms
[304.181s][info][gc,phases   ] GC(266) Concurrent Reset Relocation Set 0.010ms
[304.185s][info][gc,phases   ] GC(266) Concurrent Select Relocation Set 3.701ms
[304.185s][info][gc,phases   ] GC(266) Pause Relocate Start 0.007ms
[304.186s][info][gc,phases   ] GC(266) Concurrent Relocate 1.709ms
[304.186s][info][gc,load     ] GC(266) Load: 0.00/0.00/0.00
[304.187s][info][gc,mmu      ] GC(266) MMU: 2ms/98.6%, 5ms/99.5%, 10ms/99.6%, 20ms/99.8%, 50ms/99.9%, 100ms/99.9%
[304.187s][info][gc,marking  ] GC(266) Mark: 4 stripe(s), 2 proactive flush(es), 1 terminate flush(es), 0 completion(s), 0 continuation(s) 
[304.187s][info][gc,marking  ] GC(266) Mark Stack Usage: 32M
[304.187s][info][gc,nmethod  ] GC(266) NMethods: 2015 registered, 370 unregistered
[304.187s][info][gc,metaspace] GC(266) Metaspace: 9M used, 10M committed, 1088M reserved
[304.187s][info][gc,ref      ] GC(266) Soft: 214 encountered, 0 discovered, 0 enqueued
[304.187s][info][gc,ref      ] GC(266) Weak: 811 encountered, 69 discovered, 0 enqueued
[304.187s][info][gc,ref      ] GC(266) Final: 0 encountered, 0 discovered, 0 enqueued
[304.187s][info][gc,ref      ] GC(266) Phantom: 27 encountered, 23 discovered, 0 enqueued
[304.187s][info][gc,reloc    ] GC(266) Small Pages: 110 / 220M, Empty: 206M, Relocated: 1M, In-Place: 0
[304.187s][info][gc,reloc    ] GC(266) Medium Pages: 0 / 0M, Empty: 0M, Relocated: 0M, In-Place: 0
[304.187s][info][gc,reloc    ] GC(266) Large Pages: 0 / 0M, Empty: 0M, Relocated: 0M, In-Place: 0
[304.187s][info][gc,reloc    ] GC(266) Forwarding Usage: 0M
[304.187s][info][gc,heap     ] GC(266) Min Capacity: 8M(2%)
[304.187s][info][gc,heap     ] GC(266) Max Capacity: 512M(100%)
[304.187s][info][gc,heap     ] GC(266) Soft Max Capacity: 512M(100%)
[304.187s][info][gc,heap     ] GC(266)                Mark Start          Mark End        Relocate Start      Relocate End           High               Low         
[304.187s][info][gc,heap     ] GC(266)  Capacity:      464M (91%)         464M (91%)         464M (91%)         464M (91%)         464M (91%)         464M (91%)    
[304.187s][info][gc,heap     ] GC(266)      Free:      292M (57%)         292M (57%)         498M (97%)         498M (97%)         498M (97%)         292M (57%)    
[304.187s][info][gc,heap     ] GC(266)      Used:      220M (43%)         220M (43%)          14M (3%)           14M (3%)          220M (43%)          14M (3%)     
[304.187s][info][gc,heap     ] GC(266)      Live:         -                 4M (1%)            4M (1%)            4M (1%)             -                  -          
[304.187s][info][gc,heap     ] GC(266) Allocated:         -                 0M (0%)            0M (0%)            0M (0%)             -                  -          
[304.187s][info][gc,heap     ] GC(266)   Garbage:         -               215M (42%)           9M (2%)            9M (2%)             -                  -          
[304.187s][info][gc,heap     ] GC(266) Reclaimed:         -                  -               206M (40%)         206M (40%)            -                  -          
[304.187s][info][gc          ] GC(266) Garbage Collection (System.gc()) 220M(43%)->14M(3%)
[305.380s][info][gc,start    ] GC(267) Garbage Collection (Allocation Rate)
[305.381s][info][gc,task     ] GC(267) Using 1 workers
[305.381s][info][gc,phases   ] GC(267) Pause Mark Start 0.017ms
[305.408s][info][gc,phases   ] GC(267) Concurrent Mark 26.966ms
[305.408s][info][gc,phases   ] GC(267) Pause Mark End 0.017ms
[305.408s][info][gc,phases   ] GC(267) Concurrent Mark Free 0.002ms
[305.415s][info][gc,phases   ] GC(267) Concurrent Process Non-Strong References 7.372ms
[305.416s][info][gc,phases   ] GC(267) Concurrent Reset Relocation Set 0.002ms
[305.421s][info][gc,phases   ] GC(267) Concurrent Select Relocation Set 5.389ms
[305.421s][info][gc,phases   ] GC(267) Pause Relocate Start 0.009ms
[305.426s][info][gc,phases   ] GC(267) Concurrent Relocate 5.137ms
[305.426s][info][gc,load     ] GC(267) Load: 0.00/0.00/0.00
[305.426s][info][gc,mmu      ] GC(267) MMU: 2ms/98.6%, 5ms/99.5%, 10ms/99.6%, 20ms/99.8%, 50ms/99.9%, 100ms/99.9%
[305.426s][info][gc,marking  ] GC(267) Mark: 1 stripe(s), 2 proactive flush(es), 1 terminate flush(es), 0 completion(s), 0 continuation(s) 
[305.427s][info][gc,marking  ] GC(267) Mark Stack Usage: 32M
[305.427s][info][gc,nmethod  ] GC(267) NMethods: 2015 registered, 371 unregistered
[305.427s][info][gc,metaspace] GC(267) Metaspace: 9M used, 10M committed, 1088M reserved
[305.427s][info][gc,ref      ] GC(267) Soft: 214 encountered, 0 discovered, 0 enqueued
[305.427s][info][gc,ref      ] GC(267) Weak: 811 encountered, 189 discovered, 0 enqueued
[305.427s][info][gc,ref      ] GC(267) Final: 0 encountered, 0 discovered, 0 enqueued
[305.427s][info][gc,ref      ] GC(267) Phantom: 27 encountered, 25 discovered, 0 enqueued
[305.427s][info][gc,reloc    ] GC(267) Small Pages: 191 / 382M, Empty: 198M, Relocated: 2M, In-Place: 0
[305.427s][info][gc,reloc    ] GC(267) Medium Pages: 0 / 0M, Empty: 0M, Relocated: 0M, In-Place: 0
[305.427s][info][gc,reloc    ] GC(267) Large Pages: 0 / 0M, Empty: 0M, Relocated: 0M, In-Place: 0
[305.427s][info][gc,reloc    ] GC(267) Forwarding Usage: 1M
[305.427s][info][gc,heap     ] GC(267) Min Capacity: 8M(2%)
[305.427s][info][gc,heap     ] GC(267) Max Capacity: 512M(100%)
[305.427s][info][gc,heap     ] GC(267) Soft Max Capacity: 512M(100%)
[305.427s][info][gc,heap     ] GC(267)                Mark Start          Mark End        Relocate Start      Relocate End           High               Low         
[305.427s][info][gc,heap     ] GC(267)  Capacity:      464M (91%)         464M (91%)         464M (91%)         464M (91%)         464M (91%)         464M (91%)    
[305.427s][info][gc,heap     ] GC(267)      Free:      130M (25%)         120M (23%)         314M (61%)         488M (95%)         488M (95%)         118M (23%)    
[305.427s][info][gc,heap     ] GC(267)      Used:      382M (75%)         392M (77%)         198M (39%)          24M (5%)          394M (77%)          24M (5%)     
[305.427s][info][gc,heap     ] GC(267)      Live:         -                 6M (1%)            6M (1%)            6M (1%)             -                  -          
[305.427s][info][gc,heap     ] GC(267) Allocated:         -                10M (2%)           14M (3%)           15M (3%)             -                  -          
[305.427s][info][gc,heap     ] GC(267)   Garbage:         -               375M (73%)         177M (35%)           1M (0%)             -                  -          
[305.427s][info][gc,heap     ] GC(267) Reclaimed:         -                  -               198M (39%)         373M (73%)            -                  -          
[305.427s][info][gc          ] GC(267) Garbage Collection (Allocation Rate) 382M(75%)->24M(5%)
[306.582s][info][gc,start    ] GC(268) Garbage Collection (Allocation Rate)
[306.582s][info][gc,task     ] GC(268) Using 1 workers
[306.582s][info][gc,phases   ] GC(268) Pause Mark Start 0.019ms
[306.611s][info][gc,phases   ] GC(268) Concurrent Mark 29.042ms
[306.612s][info][gc,phases   ] GC(268) Pause Mark End 0.019ms
[306.612s][info][gc,phases   ] GC(268) Concurrent Mark Free 0.001ms
[306.617s][info][gc,phases   ] GC(268) Concurrent Process Non-Strong References 5.145ms
[306.617s][info][gc,phases   ] GC(268) Concurrent Reset Relocation Set 0.013ms
[306.621s][info][gc,phases   ] GC(268) Concurrent Select Relocation Set 3.862ms
[306.621s][info][gc,phases   ] GC(268) Pause Relocate Start 0.009ms
[306.624s][info][gc,phases   ] GC(268) Concurrent Relocate 3.107ms
[306.624s][info][gc,load     ] GC(268) Load: 0.00/0.00/0.00
[306.624s][info][gc,mmu      ] GC(268) MMU: 2ms/98.6%, 5ms/99.5%, 10ms/99.6%, 20ms/99.8%, 50ms/99.9%, 100ms/99.9%
[306.624s][info][gc,marking  ] GC(268) Mark: 1 stripe(s), 2 proactive flush(es), 1 terminate flush(es), 0 completion(s), 0 continuation(s) 
[306.624s][info][gc,marking  ] GC(268) Mark Stack Usage: 32M
[306.624s][info][gc,nmethod  ] GC(268) NMethods: 2015 registered, 371 unregistered
[306.624s][info][gc,metaspace] GC(268) Metaspace: 9M used, 10M committed, 1088M reserved
[306.624s][info][gc,ref      ] GC(268) Soft: 214 encountered, 0 discovered, 0 enqueued
[306.625s][info][gc,ref      ] GC(268) Weak: 811 encountered, 9 discovered, 0 enqueued
[306.625s][info][gc,ref      ] GC(268) Final: 0 encountered, 0 discovered, 0 enqueued
[306.625s][info][gc,ref      ] GC(268) Phantom: 27 encountered, 14 discovered, 0 enqueued
[306.625s][info][gc,reloc    ] GC(268) Small Pages: 197 / 394M, Empty: 256M, Relocated: 1M, In-Place: 0
[306.625s][info][gc,reloc    ] GC(268) Medium Pages: 0 / 0M, Empty: 0M, Relocated: 0M, In-Place: 0
[306.625s][info][gc,reloc    ] GC(268) Large Pages: 0 / 0M, Empty: 0M, Relocated: 0M, In-Place: 0
[306.625s][info][gc,reloc    ] GC(268) Forwarding Usage: 0M
[306.625s][info][gc,heap     ] GC(268) Min Capacity: 8M(2%)
[306.625s][info][gc,heap     ] GC(268) Max Capacity: 512M(100%)
[306.625s][info][gc,heap     ] GC(268) Soft Max Capacity: 512M(100%)
[306.625s][info][gc,heap     ] GC(268)                Mark Start          Mark End        Relocate Start      Relocate End           High               Low         
[306.625s][info][gc,heap     ] GC(268)  Capacity:      464M (91%)         464M (91%)         464M (91%)         464M (91%)         464M (91%)         464M (91%)    
[306.625s][info][gc,heap     ] GC(268)      Free:      118M (23%)         106M (21%)         360M (70%)         488M (95%)         488M (95%)         104M (20%)    
[306.625s][info][gc,heap     ] GC(268)      Used:      394M (77%)         406M (79%)         152M (30%)          24M (5%)          408M (80%)          24M (5%)     
[306.625s][info][gc,heap     ] GC(268)      Live:         -                 6M (1%)            6M (1%)            6M (1%)             -                  -          
[306.625s][info][gc,heap     ] GC(268) Allocated:         -                12M (2%)           14M (3%)           15M (3%)             -                  -          
[306.625s][info][gc,heap     ] GC(268)   Garbage:         -               387M (76%)         131M (26%)           1M (0%)             -                  -          
[306.625s][info][gc,heap     ] GC(268) Reclaimed:         -                  -               256M (50%)         385M (75%)            -                  -          
[306.625s][info][gc          ] GC(268) Garbage Collection (Allocation Rate) 394M(77%)->24M(5%)
[307.877s][info][gc,start    ] GC(269) Garbage Collection (Allocation Rate)
[307.877s][info][gc,task     ] GC(269) Using 1 workers
[307.877s][info][gc,phases   ] GC(269) Pause Mark Start 0.017ms
[307.894s][info][gc,phases   ] GC(269) Concurrent Mark 16.369ms
[307.894s][info][gc,phases   ] GC(269) Pause Mark End 0.016ms
[307.894s][info][gc,phases   ] GC(269) Concurrent Mark Free 0.001ms
[307.902s][info][gc,phases   ] GC(269) Concurrent Process Non-Strong References 7.272ms
[307.902s][info][gc,phases   ] GC(269) Concurrent Reset Relocation Set 0.009ms
[307.905s][info][gc,phases   ] GC(269) Concurrent Select Relocation Set 3.828ms
[307.906s][info][gc,phases   ] GC(269) Pause Relocate Start 0.009ms
[307.908s][info][gc,phases   ] GC(269) Concurrent Relocate 2.452ms
[307.908s][info][gc,load     ] GC(269) Load: 0.00/0.00/0.00
[307.908s][info][gc,mmu      ] GC(269) MMU: 2ms/98.6%, 5ms/99.5%, 10ms/99.6%, 20ms/99.8%, 50ms/99.9%, 100ms/99.9%
[307.908s][info][gc,marking  ] GC(269) Mark: 1 stripe(s), 2 proactive flush(es), 1 terminate flush(es), 0 completion(s), 0 continuation(s) 
[307.908s][info][gc,marking  ] GC(269) Mark Stack Usage: 32M
[307.908s][info][gc,nmethod  ] GC(269) NMethods: 2015 registered, 371 unregistered
[307.908s][info][gc,metaspace] GC(269) Metaspace: 9M used, 10M committed, 1088M reserved
[307.908s][info][gc,ref      ] GC(269) Soft: 214 encountered, 0 discovered, 0 enqueued
[307.908s][info][gc,ref      ] GC(269) Weak: 811 encountered, 9 discovered, 0 enqueued
[307.908s][info][gc,ref      ] GC(269) Final: 0 encountered, 0 discovered, 0 enqueued
[307.908s][info][gc,ref      ] GC(269) Phantom: 27 encountered, 14 discovered, 0 enqueued
[307.908s][info][gc,reloc    ] GC(269) Small Pages: 212 / 424M, Empty: 336M, Relocated: 1M, In-Place: 0
[307.909s][info][gc,reloc    ] GC(269) Medium Pages: 0 / 0M, Empty: 0M, Relocated: 0M, In-Place: 0
[307.909s][info][gc,reloc    ] GC(269) Large Pages: 0 / 0M, Empty: 0M, Relocated: 0M, In-Place: 0
[307.909s][info][gc,reloc    ] GC(269) Forwarding Usage: 0M
[307.909s][info][gc,heap     ] GC(269) Min Capacity: 8M(2%)
[307.909s][info][gc,heap     ] GC(269) Max Capacity: 512M(100%)
[307.909s][info][gc,heap     ] GC(269) Soft Max Capacity: 512M(100%)
[307.909s][info][gc,heap     ] GC(269)                Mark Start          Mark End        Relocate Start      Relocate End           High               Low         
[307.909s][info][gc,heap     ] GC(269)  Capacity:      464M (91%)         464M (91%)         464M (91%)         464M (91%)         464M (91%)         464M (91%)    
[307.909s][info][gc,heap     ] GC(269)      Free:       88M (17%)          80M (16%)         412M (80%)         492M (96%)         492M (96%)          78M (15%)    
[307.909s][info][gc,heap     ] GC(269)      Used:      424M (83%)         432M (84%)         100M (20%)          20M (4%)          434M (85%)          20M (4%)     
[307.909s][info][gc,heap     ] GC(269)      Live:         -                 6M (1%)            6M (1%)            6M (1%)             -                  -          
[307.909s][info][gc,heap     ] GC(269) Allocated:         -                 8M (2%)           12M (2%)           11M (2%)             -                  -          
[307.909s][info][gc,heap     ] GC(269)   Garbage:         -               417M (82%)          81M (16%)           1M (0%)             -                  -          
[307.909s][info][gc,heap     ] GC(269) Reclaimed:         -                  -               336M (66%)         415M (81%)            -                  -          
[307.909s][info][gc          ] GC(269) Garbage Collection (Allocation Rate) 424M(83%)->20M(4%)
[308.981s][info][gc,start    ] GC(270) Garbage Collection (Proactive)
[308.981s][info][gc,task     ] GC(270) Using 5 workers
[308.981s][info][gc,phases   ] GC(270) Pause Mark Start 0.018ms
[308.996s][info][gc,phases   ] GC(270) Concurrent Mark 15.215ms
[308.997s][info][gc,phases   ] GC(270) Pause Mark End 0.018ms
[308.997s][info][gc,phases   ] GC(270) Concurrent Mark Free 0.001ms
[308.998s][info][gc,phases   ] GC(270) Concurrent Process Non-Strong References 1.586ms
[308.998s][info][gc,phases   ] GC(270) Concurrent Reset Relocation Set 0.006ms
[309.003s][info][gc,phases   ] GC(270) Concurrent Select Relocation Set 4.501ms
[309.003s][info][gc,phases   ] GC(270) Pause Relocate Start 0.009ms
[309.006s][info][gc,phases   ] GC(270) Concurrent Relocate 2.910ms
[309.006s][info][gc,load     ] GC(270) Load: 0.00/0.00/0.00
[309.006s][info][gc,mmu      ] GC(270) MMU: 2ms/98.6%, 5ms/99.5%, 10ms/99.6%, 20ms/99.8%, 50ms/99.9%, 100ms/99.9%
[309.006s][info][gc,marking  ] GC(270) Mark: 4 stripe(s), 2 proactive flush(es), 1 terminate flush(es), 0 completion(s), 0 continuation(s) 
[309.006s][info][gc,marking  ] GC(270) Mark Stack Usage: 32M
[309.006s][info][gc,nmethod  ] GC(270) NMethods: 2015 registered, 371 unregistered
[309.006s][info][gc,metaspace] GC(270) Metaspace: 9M used, 10M committed, 1088M reserved
[309.006s][info][gc,ref      ] GC(270) Soft: 214 encountered, 0 discovered, 0 enqueued
[309.006s][info][gc,ref      ] GC(270) Weak: 811 encountered, 231 discovered, 0 enqueued
[309.006s][info][gc,ref      ] GC(270) Final: 0 encountered, 0 discovered, 0 enqueued
[309.006s][info][gc,ref      ] GC(270) Phantom: 27 encountered, 23 discovered, 0 enqueued
[309.006s][info][gc,reloc    ] GC(270) Small Pages: 185 / 370M, Empty: 314M, Relocated: 1M, In-Place: 0
[309.006s][info][gc,reloc    ] GC(270) Medium Pages: 0 / 0M, Empty: 0M, Relocated: 0M, In-Place: 0
[309.006s][info][gc,reloc    ] GC(270) Large Pages: 0 / 0M, Empty: 0M, Relocated: 0M, In-Place: 0
[309.006s][info][gc,reloc    ] GC(270) Forwarding Usage: 0M
[309.006s][info][gc,heap     ] GC(270) Min Capacity: 8M(2%)
[309.006s][info][gc,heap     ] GC(270) Max Capacity: 512M(100%)
[309.006s][info][gc,heap     ] GC(270) Soft Max Capacity: 512M(100%)
[309.007s][info][gc,heap     ] GC(270)                Mark Start          Mark End        Relocate Start      Relocate End           High               Low         
[309.007s][info][gc,heap     ] GC(270)  Capacity:      464M (91%)         464M (91%)         464M (91%)         464M (91%)         464M (91%)         464M (91%)    
[309.007s][info][gc,heap     ] GC(270)      Free:      142M (28%)         134M (26%)         446M (87%)         486M (95%)         486M (95%)         134M (26%)    
[309.007s][info][gc,heap     ] GC(270)      Used:      370M (72%)         378M (74%)          66M (13%)          26M (5%)          378M (74%)          26M (5%)     
[309.007s][info][gc,heap     ] GC(270)      Live:         -                 6M (1%)            6M (1%)            6M (1%)             -                  -          
[309.007s][info][gc,heap     ] GC(270) Allocated:         -                 8M (2%)           10M (2%)            9M (2%)             -                  -          
[309.007s][info][gc,heap     ] GC(270)   Garbage:         -               363M (71%)          49M (10%)           9M (2%)             -                  -          
[309.007s][info][gc,heap     ] GC(270) Reclaimed:         -                  -               314M (61%)         353M (69%)            -                  -          
[309.007s][info][gc          ] GC(270) Garbage Collection (Proactive) 370M(72%)->26M(5%)
[310.077s][info][gc,stats    ] === Garbage Collection Statistics =======================================================================================================================
[310.077s][info][gc,stats    ]                                                              Last 10s              Last 10m              Last 10h                Total
[310.077s][info][gc,stats    ]                                                              Avg / Max             Avg / Max             Avg / Max             Avg / Max
[310.078s][info][gc,stats    ]   Collector: Garbage Collection Cycle                     35.852 / 46.023       36.642 / 60.364       36.642 / 60.364       36.642 / 60.364      ms
[310.078s][info][gc,stats    ]  Contention: Mark Segment Reset Contention                     0 / 1                 0 / 6                 0 / 6                 0 / 6           ops/s
[310.078s][info][gc,stats    ]  Contention: Mark SeqNum Reset Contention                      0 / 1                 0 / 2                 0 / 2                 0 / 2           ops/s
[310.078s][info][gc,stats    ]    Critical: Allocation Stall                                  0 / 0                 0 / 0                 0 / 0                 0 / 0           ops/s
[310.078s][info][gc,stats    ]    Critical: Allocation Stall                              0.000 / 0.000         0.000 / 0.000         0.000 / 0.000         0.000 / 0.000       ms
[310.078s][info][gc,stats    ]    Critical: GC Locker Stall                                   0 / 0                 0 / 0                 0 / 0                 0 / 0           ops/s
[310.078s][info][gc,stats    ]    Critical: GC Locker Stall                               0.000 / 0.000         0.000 / 0.000         0.000 / 0.000         0.000 / 0.000       ms
[310.078s][info][gc,stats    ]    Critical: Relocation Stall                                  0 / 0                 0 / 0                 0 / 0                 0 / 0           ops/s
[310.078s][info][gc,stats    ]    Critical: Relocation Stall                              0.000 / 0.000         0.000 / 0.000         0.000 / 0.000         0.000 / 0.000       ms
[310.078s][info][gc,stats    ]      Memory: Allocation Rate                                 321 / 334             320 / 338             320 / 338             320 / 338         MB/s
[310.078s][info][gc,stats    ]      Memory: Defragment                                        0 / 0                 0 / 0                 0 / 0                 0 / 0           ops/s
[310.078s][info][gc,stats    ]      Memory: Out Of Memory                                     0 / 0                 0 / 0                 0 / 0                 0 / 0           ops/s
[310.078s][info][gc,stats    ]      Memory: Page Cache Flush                                  0 / 0                 0 / 0                 0 / 0                 0 / 0           MB/s
[310.078s][info][gc,stats    ]      Memory: Page Cache Hit L1                               162 / 172             161 / 174             161 / 174             161 / 174         ops/s
[310.078s][info][gc,stats    ]      Memory: Page Cache Hit L2                                 0 / 0                 0 / 0                 0 / 0                 0 / 0           ops/s
[310.078s][info][gc,stats    ]      Memory: Page Cache Hit L3                                 0 / 0                 0 / 77                0 / 77                0 / 77          ops/s
[310.078s][info][gc,stats    ]      Memory: Page Cache Miss                                   0 / 0                 0 / 1                 0 / 1                 0 / 1           ops/s
[310.078s][info][gc,stats    ]      Memory: Uncommit                                          4 / 48                0 / 48                0 / 48                0 / 48          MB/s
[310.078s][info][gc,stats    ]      Memory: Undo Object Allocation Failed                     0 / 1                 0 / 11                0 / 11                0 / 11          ops/s
[310.078s][info][gc,stats    ]      Memory: Undo Object Allocation Succeeded                  0 / 2                 0 / 11                0 / 11                0 / 11          ops/s
[310.078s][info][gc,stats    ]      Memory: Undo Page Allocation                              2 / 3                 1 / 10                1 / 10                1 / 10          ops/s
[310.078s][info][gc,stats    ]       Phase: Concurrent Mark                              21.737 / 29.042       22.482 / 38.107       22.482 / 38.107       22.482 / 38.107      ms
[310.078s][info][gc,stats    ]       Phase: Concurrent Mark Continue                      0.000 / 0.000         0.000 / 0.000         0.000 / 0.000         0.000 / 0.000       ms
[310.078s][info][gc,stats    ]       Phase: Concurrent Mark Free                          0.001 / 0.002         0.001 / 0.002         0.001 / 0.002         0.001 / 0.002       ms
[310.078s][info][gc,stats    ]       Phase: Concurrent Process Non-Strong References      4.888 / 7.372         4.889 / 7.613         4.889 / 7.613         4.889 / 7.613       ms
[310.078s][info][gc,stats    ]       Phase: Concurrent Relocate                           3.299 / 5.137         3.508 / 8.950         3.508 / 8.950         3.508 / 8.950       ms
[310.078s][info][gc,stats    ]       Phase: Concurrent Reset Relocation Set               0.008 / 0.013         0.007 / 0.015         0.007 / 0.015         0.007 / 0.015       ms
[310.078s][info][gc,stats    ]       Phase: Concurrent Select Relocation Set              4.223 / 5.389         4.348 / 14.681        4.348 / 14.681        4.348 / 14.681      ms
[310.078s][info][gc,stats    ]       Phase: Pause Mark End                                0.017 / 0.019         0.017 / 0.022         0.017 / 0.022         0.017 / 0.022       ms
[310.079s][info][gc,stats    ]       Phase: Pause Mark Start                              0.017 / 0.019         0.017 / 0.027         0.017 / 0.027         0.017 / 0.027       ms
[310.079s][info][gc,stats    ]       Phase: Pause Relocate Start                          0.009 / 0.009         0.008 / 0.012         0.008 / 0.012         0.008 / 0.012       ms
[310.079s][info][gc,stats    ]    Subphase: Concurrent Classes Purge                      0.007 / 0.022         0.014 / 0.583         0.014 / 0.583         0.014 / 0.583       ms
[310.079s][info][gc,stats    ]    Subphase: Concurrent Classes Unlink                     3.990 / 6.080         4.018 / 6.192         4.018 / 6.192         4.018 / 6.192       ms
[310.079s][info][gc,stats    ]    Subphase: Concurrent Mark                              15.837 / 26.350       15.380 / 34.990       15.380 / 34.990       15.380 / 34.990      ms
[310.079s][info][gc,stats    ]    Subphase: Concurrent Mark Try Flush                     0.068 / 0.109         0.061 / 0.187         0.061 / 0.187         0.061 / 0.187       ms
[310.079s][info][gc,stats    ]    Subphase: Concurrent Mark Try Terminate                 3.692 / 15.645        3.386 / 16.488        3.386 / 16.488        3.386 / 16.488      ms
[310.079s][info][gc,stats    ]    Subphase: Concurrent References Enqueue                 0.000 / 0.001         0.000 / 0.005         0.000 / 0.005         0.000 / 0.005       ms
[310.079s][info][gc,stats    ]    Subphase: Concurrent References Process                 0.037 / 0.057         0.046 / 0.114         0.046 / 0.114         0.046 / 0.114       ms
[310.079s][info][gc,stats    ]    Subphase: Concurrent Roots ClassLoaderDataGraph         0.132 / 0.354         0.151 / 0.631         0.151 / 0.631         0.151 / 0.631       ms
[310.079s][info][gc,stats    ]    Subphase: Concurrent Roots CodeCache                    0.000 / 0.000         0.000 / 0.000         0.000 / 0.000         0.000 / 0.000       ms
[310.079s][info][gc,stats    ]    Subphase: Concurrent Roots JavaThreads                  1.036 / 2.245         0.989 / 2.716         0.989 / 2.716         0.989 / 2.716       ms
[310.079s][info][gc,stats    ]    Subphase: Concurrent Roots OopStorageSet                0.031 / 0.060         0.032 / 0.136         0.032 / 0.136         0.032 / 0.136       ms
[310.079s][info][gc,stats    ]    Subphase: Concurrent Weak Roots OopStorageSet           0.409 / 1.103         0.397 / 1.768         0.397 / 1.768         0.397 / 1.768       ms
[310.079s][info][gc,stats    ]    Subphase: Pause Mark Try Complete                       0.000 / 0.000         0.000 / 0.000         0.000 / 0.000         0.000 / 0.000       ms
[310.079s][info][gc,stats    ]      System: Java Threads                                     40 / 40               37 / 41               37 / 41               37 / 41          threads
[310.079s][info][gc,stats    ] =========================================================================================================================================================
[310.187s][info][gc,start    ] GC(271) Garbage Collection (Allocation Rate)
[310.187s][info][gc,task     ] GC(271) Using 1 workers
[310.187s][info][gc,phases   ] GC(271) Pause Mark Start 0.014ms
[310.214s][info][gc,phases   ] GC(271) Concurrent Mark 26.944ms
[310.214s][info][gc,phases   ] GC(271) Pause Mark End 0.014ms
[310.214s][info][gc,phases   ] GC(271) Concurrent Mark Free 0.002ms
[310.222s][info][gc,phases   ] GC(271) Concurrent Process Non-Strong References 7.386ms
[310.222s][info][gc,phases   ] GC(271) Concurrent Reset Relocation Set 0.004ms
[310.227s][info][gc,phases   ] GC(271) Concurrent Select Relocation Set 4.861ms
[310.227s][info][gc,phases   ] GC(271) Pause Relocate Start 0.007ms
[310.230s][info][gc,phases   ] GC(271) Concurrent Relocate 3.252ms
[310.230s][info][gc,load     ] GC(271) Load: 0.00/0.00/0.00
[310.230s][info][gc,mmu      ] GC(271) MMU: 2ms/98.6%, 5ms/99.5%, 10ms/99.6%, 20ms/99.8%, 50ms/99.9%, 100ms/99.9%
[310.230s][info][gc,marking  ] GC(271) Mark: 1 stripe(s), 2 proactive flush(es), 1 terminate flush(es), 0 completion(s), 0 continuation(s) 
[310.230s][info][gc,marking  ] GC(271) Mark Stack Usage: 32M
[310.230s][info][gc,nmethod  ] GC(271) NMethods: 2015 registered, 371 unregistered
[310.230s][info][gc,metaspace] GC(271) Metaspace: 9M used, 10M committed, 1088M reserved
[310.230s][info][gc,ref      ] GC(271) Soft: 214 encountered, 0 discovered, 0 enqueued
[310.230s][info][gc,ref      ] GC(271) Weak: 811 encountered, 9 discovered, 0 enqueued
[310.230s][info][gc,ref      ] GC(271) Final: 0 encountered, 0 discovered, 0 enqueued
[310.230s][info][gc,ref      ] GC(271) Phantom: 27 encountered, 14 discovered, 0 enqueued
[310.230s][info][gc,reloc    ] GC(271) Small Pages: 196 / 392M, Empty: 338M, Relocated: 1M, In-Place: 0
[310.230s][info][gc,reloc    ] GC(271) Medium Pages: 0 / 0M, Empty: 0M, Relocated: 0M, In-Place: 0
[310.231s][info][gc,reloc    ] GC(271) Large Pages: 0 / 0M, Empty: 0M, Relocated: 0M, In-Place: 0
[310.231s][info][gc,reloc    ] GC(271) Forwarding Usage: 0M
[310.231s][info][gc,heap     ] GC(271) Min Capacity: 8M(2%)
[310.231s][info][gc,heap     ] GC(271) Max Capacity: 512M(100%)
[310.231s][info][gc,heap     ] GC(271) Soft Max Capacity: 512M(100%)
[310.231s][info][gc,heap     ] GC(271)                Mark Start          Mark End        Relocate Start      Relocate End           High               Low         
[310.231s][info][gc,heap     ] GC(271)  Capacity:      464M (91%)         464M (91%)         464M (91%)         464M (91%)         464M (91%)         464M (91%)    
[310.231s][info][gc,heap     ] GC(271)      Free:      120M (23%)         108M (21%)         442M (86%)         488M (95%)         488M (95%)         106M (21%)    
[310.231s][info][gc,heap     ] GC(271)      Used:      392M (77%)         404M (79%)          70M (14%)          24M (5%)          406M (79%)          24M (5%)     
[310.231s][info][gc,heap     ] GC(271)      Live:         -                 6M (1%)            6M (1%)            6M (1%)             -                  -          
[310.231s][info][gc,heap     ] GC(271) Allocated:         -                12M (2%)           16M (3%)           15M (3%)             -                  -          
[310.231s][info][gc,heap     ] GC(271)   Garbage:         -               385M (75%)          47M (9%)            1M (0%)             -                  -          
[310.231s][info][gc,heap     ] GC(271) Reclaimed:         -                  -               338M (66%)         383M (75%)            -                  -          
[310.231s][info][gc          ] GC(271) Garbage Collection (Allocation Rate) 392M(77%)->24M(5%)
[311.073s][info][gc,start    ] GC(272) Garbage Collection (System.gc())
[311.073s][info][gc,task     ] GC(272) Using 5 workers
[311.073s][info][gc,phases   ] GC(272) Pause Mark Start 0.017ms
[311.091s][info][gc,phases   ] GC(272) Concurrent Mark 17.493ms
[311.091s][info][gc,phases   ] GC(272) Pause Mark End 0.015ms
[311.091s][info][gc,phases   ] GC(272) Concurrent Mark Free 0.001ms
[311.093s][info][gc,phases   ] GC(272) Concurrent Process Non-Strong References 1.741ms
[311.093s][info][gc,phases   ] GC(272) Concurrent Reset Relocation Set 0.004ms
[311.097s][info][gc,phases   ] GC(272) Concurrent Select Relocation Set 3.749ms
[311.097s][info][gc,phases   ] GC(272) Pause Relocate Start 0.007ms
[311.099s][info][gc,phases   ] GC(272) Concurrent Relocate 1.672ms
[311.099s][info][gc,load     ] GC(272) Load: 0.00/0.00/0.00
[311.099s][info][gc,mmu      ] GC(272) MMU: 2ms/98.6%, 5ms/99.5%, 10ms/99.6%, 20ms/99.8%, 50ms/99.9%, 100ms/99.9%
[311.099s][info][gc,marking  ] GC(272) Mark: 4 stripe(s), 1 proactive flush(es), 1 terminate flush(es), 0 completion(s), 0 continuation(s) 
[311.099s][info][gc,marking  ] GC(272) Mark Stack Usage: 32M
[311.099s][info][gc,nmethod  ] GC(272) NMethods: 2015 registered, 372 unregistered
[311.099s][info][gc,metaspace] GC(272) Metaspace: 9M used, 10M committed, 1088M reserved
[311.099s][info][gc,ref      ] GC(272) Soft: 214 encountered, 0 discovered, 0 enqueued
[311.099s][info][gc,ref      ] GC(272) Weak: 811 encountered, 166 discovered, 0 enqueued
[311.099s][info][gc,ref      ] GC(272) Final: 0 encountered, 0 discovered, 0 enqueued
[311.099s][info][gc,ref      ] GC(272) Phantom: 27 encountered, 20 discovered, 0 enqueued
[311.099s][info][gc,reloc    ] GC(272) Small Pages: 145 / 290M, Empty: 278M, Relocated: 1M, In-Place: 0
[311.099s][info][gc,reloc    ] GC(272) Medium Pages: 0 / 0M, Empty: 0M, Relocated: 0M, In-Place: 0
[311.099s][info][gc,reloc    ] GC(272) Large Pages: 0 / 0M, Empty: 0M, Relocated: 0M, In-Place: 0
[311.099s][info][gc,reloc    ] GC(272) Forwarding Usage: 0M
[311.099s][info][gc,heap     ] GC(272) Min Capacity: 8M(2%)
[311.099s][info][gc,heap     ] GC(272) Max Capacity: 512M(100%)
[311.099s][info][gc,heap     ] GC(272) Soft Max Capacity: 512M(100%)
[311.099s][info][gc,heap     ] GC(272)                Mark Start          Mark End        Relocate Start      Relocate End           High               Low         
[311.099s][info][gc,heap     ] GC(272)  Capacity:      464M (91%)         464M (91%)         464M (91%)         464M (91%)         464M (91%)         464M (91%)    
[311.099s][info][gc,heap     ] GC(272)      Free:      222M (43%)         222M (43%)         500M (98%)         500M (98%)         500M (98%)         222M (43%)    
[311.099s][info][gc,heap     ] GC(272)      Used:      290M (57%)         290M (57%)          12M (2%)           12M (2%)          290M (57%)          12M (2%)     
[311.099s][info][gc,heap     ] GC(272)      Live:         -                 4M (1%)            4M (1%)            4M (1%)             -                  -          
[311.099s][info][gc,heap     ] GC(272) Allocated:         -                 0M (0%)            0M (0%)            0M (0%)             -                  -          
[311.099s][info][gc,heap     ] GC(272)   Garbage:         -               285M (56%)           7M (1%)            7M (1%)             -                  -          
[311.099s][info][gc,heap     ] GC(272) Reclaimed:         -                  -               278M (54%)         278M (54%)            -                  -          
[311.099s][info][gc          ] GC(272) Garbage Collection (System.gc()) 290M(57%)->12M(2%)
[312.386s][info][gc,start    ] GC(273) Garbage Collection (Allocation Rate)
[312.386s][info][gc,task     ] GC(273) Using 2 workers
[312.387s][info][gc,phases   ] GC(273) Pause Mark Start 0.017ms
[312.418s][info][gc,phases   ] GC(273) Concurrent Mark 30.742ms
[312.418s][info][gc,phases   ] GC(273) Pause Mark End 0.018ms
[312.418s][info][gc,phases   ] GC(273) Concurrent Mark Free 0.001ms
[312.422s][info][gc,phases   ] GC(273) Concurrent Process Non-Strong References 3.664ms
[312.422s][info][gc,phases   ] GC(273) Concurrent Reset Relocation Set 0.001ms
[312.426s][info][gc,phases   ] GC(273) Concurrent Select Relocation Set 4.910ms
[312.427s][info][gc,phases   ] GC(273) Pause Relocate Start 0.009ms
[312.431s][info][gc,phases   ] GC(273) Concurrent Relocate 4.030ms
[312.431s][info][gc,load     ] GC(273) Load: 0.00/0.00/0.00
[312.431s][info][gc,mmu      ] GC(273) MMU: 2ms/98.6%, 5ms/99.5%, 10ms/99.6%, 20ms/99.8%, 50ms/99.9%, 100ms/99.9%
[312.431s][info][gc,marking  ] GC(273) Mark: 2 stripe(s), 2 proactive flush(es), 1 terminate flush(es), 0 completion(s), 0 continuation(s) 
[312.431s][info][gc,marking  ] GC(273) Mark Stack Usage: 32M
[312.431s][info][gc,nmethod  ] GC(273) NMethods: 2015 registered, 373 unregistered
[312.431s][info][gc,metaspace] GC(273) Metaspace: 9M used, 10M committed, 1088M reserved
[312.431s][info][gc,ref      ] GC(273) Soft: 214 encountered, 0 discovered, 0 enqueued
[312.431s][info][gc,ref      ] GC(273) Weak: 811 encountered, 545 discovered, 0 enqueued
[312.431s][info][gc,ref      ] GC(273) Final: 0 encountered, 0 discovered, 0 enqueued
[312.431s][info][gc,ref      ] GC(273) Phantom: 27 encountered, 14 discovered, 0 enqueued
[312.431s][info][gc,reloc    ] GC(273) Small Pages: 211 / 422M, Empty: 246M, Relocated: 2M, In-Place: 0
[312.431s][info][gc,reloc    ] GC(273) Medium Pages: 0 / 0M, Empty: 0M, Relocated: 0M, In-Place: 0
[312.431s][info][gc,reloc    ] GC(273) Large Pages: 0 / 0M, Empty: 0M, Relocated: 0M, In-Place: 0
[312.431s][info][gc,reloc    ] GC(273) Forwarding Usage: 1M
[312.431s][info][gc,heap     ] GC(273) Min Capacity: 8M(2%)
[312.431s][info][gc,heap     ] GC(273) Max Capacity: 512M(100%)
[312.431s][info][gc,heap     ] GC(273) Soft Max Capacity: 512M(100%)
[312.431s][info][gc,heap     ] GC(273)                Mark Start          Mark End        Relocate Start      Relocate End           High               Low         
[312.431s][info][gc,heap     ] GC(273)  Capacity:      464M (91%)         464M (91%)         464M (91%)         464M (91%)         464M (91%)         464M (91%)    
[312.431s][info][gc,heap     ] GC(273)      Free:       90M (18%)          78M (15%)         322M (63%)         488M (95%)         488M (95%)          78M (15%)    
[312.431s][info][gc,heap     ] GC(273)      Used:      422M (82%)         434M (85%)         190M (37%)          24M (5%)          434M (85%)          24M (5%)     
[312.431s][info][gc,heap     ] GC(273)      Live:         -                 6M (1%)            6M (1%)            6M (1%)             -                  -          
[312.431s][info][gc,heap     ] GC(273) Allocated:         -                12M (2%)           14M (3%)           15M (3%)             -                  -          
[312.432s][info][gc,heap     ] GC(273)   Garbage:         -               415M (81%)         169M (33%)           1M (0%)             -                  -          
[312.432s][info][gc,heap     ] GC(273) Reclaimed:         -                  -               246M (48%)         413M (81%)            -                  -          
[312.432s][info][gc          ] GC(273) Garbage Collection (Allocation Rate) 422M(82%)->24M(5%)
[313.683s][info][gc,start    ] GC(274) Garbage Collection (Allocation Rate)
[313.683s][info][gc,task     ] GC(274) Using 1 workers
[313.683s][info][gc,phases   ] GC(274) Pause Mark Start 0.018ms
[313.711s][info][gc,phases   ] GC(274) Concurrent Mark 27.718ms
[313.711s][info][gc,phases   ] GC(274) Pause Mark End 0.018ms
[313.711s][info][gc,phases   ] GC(274) Concurrent Mark Free 0.001ms
[313.719s][info][gc,phases   ] GC(274) Concurrent Process Non-Strong References 7.317ms
[313.719s][info][gc,phases   ] GC(274) Concurrent Reset Relocation Set 0.011ms
[313.723s][info][gc,phases   ] GC(274) Concurrent Select Relocation Set 4.013ms
[313.723s][info][gc,phases   ] GC(274) Pause Relocate Start 0.009ms
[313.726s][info][gc,phases   ] GC(274) Concurrent Relocate 3.046ms
[313.726s][info][gc,load     ] GC(274) Load: 0.00/0.00/0.00
[313.726s][info][gc,mmu      ] GC(274) MMU: 2ms/98.6%, 5ms/99.5%, 10ms/99.6%, 20ms/99.8%, 50ms/99.9%, 100ms/99.9%
[313.726s][info][gc,marking  ] GC(274) Mark: 1 stripe(s), 2 proactive flush(es), 1 terminate flush(es), 0 completion(s), 0 continuation(s) 
[313.726s][info][gc,marking  ] GC(274) Mark Stack Usage: 32M
[313.726s][info][gc,nmethod  ] GC(274) NMethods: 2015 registered, 373 unregistered
[313.726s][info][gc,metaspace] GC(274) Metaspace: 9M used, 10M committed, 1088M reserved
[313.726s][info][gc,ref      ] GC(274) Soft: 214 encountered, 0 discovered, 0 enqueued
[313.726s][info][gc,ref      ] GC(274) Weak: 811 encountered, 9 discovered, 0 enqueued
[313.726s][info][gc,ref      ] GC(274) Final: 0 encountered, 0 discovered, 0 enqueued
[313.726s][info][gc,ref      ] GC(274) Phantom: 27 encountered, 14 discovered, 0 enqueued
[313.726s][info][gc,reloc    ] GC(274) Small Pages: 212 / 424M, Empty: 340M, Relocated: 1M, In-Place: 0
[313.726s][info][gc,reloc    ] GC(274) Medium Pages: 0 / 0M, Empty: 0M, Relocated: 0M, In-Place: 0
[313.726s][info][gc,reloc    ] GC(274) Large Pages: 0 / 0M, Empty: 0M, Relocated: 0M, In-Place: 0
[313.726s][info][gc,reloc    ] GC(274) Forwarding Usage: 0M
[313.727s][info][gc,heap     ] GC(274) Min Capacity: 8M(2%)
[313.727s][info][gc,heap     ] GC(274) Max Capacity: 512M(100%)
[313.727s][info][gc,heap     ] GC(274) Soft Max Capacity: 512M(100%)
[313.727s][info][gc,heap     ] GC(274)                Mark Start          Mark End        Relocate Start      Relocate End           High               Low         
[313.727s][info][gc,heap     ] GC(274)  Capacity:      464M (91%)         464M (91%)         464M (91%)         464M (91%)         464M (91%)         464M (91%)    
[313.727s][info][gc,heap     ] GC(274)      Free:       88M (17%)          76M (15%)         414M (81%)         488M (95%)         488M (95%)          74M (14%)    
[313.727s][info][gc,heap     ] GC(274)      Used:      424M (83%)         436M (85%)          98M (19%)          24M (5%)          438M (86%)          24M (5%)     
[313.727s][info][gc,heap     ] GC(274)      Live:         -                 6M (1%)            6M (1%)            6M (1%)             -                  -          
[313.727s][info][gc,heap     ] GC(274) Allocated:         -                12M (2%)           14M (3%)           15M (3%)             -                  -          
[313.727s][info][gc,heap     ] GC(274)   Garbage:         -               417M (82%)          77M (15%)           1M (0%)             -                  -          
[313.727s][info][gc,heap     ] GC(274) Reclaimed:         -                  -               340M (66%)         415M (81%)            -                  -          
[313.727s][info][gc          ] GC(274) Garbage Collection (Allocation Rate) 424M(83%)->24M(5%)
[314.979s][info][gc,start    ] GC(275) Garbage Collection (Allocation Rate)
[314.980s][info][gc,task     ] GC(275) Using 1 workers
[314.980s][info][gc,phases   ] GC(275) Pause Mark Start 0.018ms
[315.006s][info][gc,phases   ] GC(275) Concurrent Mark 26.430ms
[315.006s][info][gc,phases   ] GC(275) Pause Mark End 0.016ms
[315.006s][info][gc,phases   ] GC(275) Concurrent Mark Free 0.001ms
[315.013s][info][gc,phases   ] GC(275) Concurrent Process Non-Strong References 6.799ms
[315.013s][info][gc,phases   ] GC(275) Concurrent Reset Relocation Set 0.007ms
[315.019s][info][gc,phases   ] GC(275) Concurrent Select Relocation Set 5.481ms
[315.019s][info][gc,phases   ] GC(275) Pause Relocate Start 0.007ms
[315.026s][info][gc,phases   ] GC(275) Concurrent Relocate 6.867ms
[315.026s][info][gc,load     ] GC(275) Load: 0.00/0.00/0.00
[315.026s][info][gc,mmu      ] GC(275) MMU: 2ms/98.6%, 5ms/99.5%, 10ms/99.6%, 20ms/99.8%, 50ms/99.9%, 100ms/99.9%
[315.026s][info][gc,marking  ] GC(275) Mark: 1 stripe(s), 2 proactive flush(es), 1 terminate flush(es), 0 completion(s), 0 continuation(s) 
[315.026s][info][gc,marking  ] GC(275) Mark Stack Usage: 32M
[315.026s][info][gc,nmethod  ] GC(275) NMethods: 2015 registered, 373 unregistered
[315.026s][info][gc,metaspace] GC(275) Metaspace: 9M used, 10M committed, 1088M reserved
[315.026s][info][gc,ref      ] GC(275) Soft: 214 encountered, 0 discovered, 0 enqueued
[315.026s][info][gc,ref      ] GC(275) Weak: 811 encountered, 9 discovered, 0 enqueued
[315.026s][info][gc,ref      ] GC(275) Final: 0 encountered, 0 discovered, 0 enqueued
[315.026s][info][gc,ref      ] GC(275) Phantom: 27 encountered, 14 discovered, 0 enqueued
[315.026s][info][gc,reloc    ] GC(275) Small Pages: 215 / 430M, Empty: 324M, Relocated: 2M, In-Place: 0
[315.026s][info][gc,reloc    ] GC(275) Medium Pages: 0 / 0M, Empty: 0M, Relocated: 0M, In-Place: 0
[315.026s][info][gc,reloc    ] GC(275) Large Pages: 0 / 0M, Empty: 0M, Relocated: 0M, In-Place: 0
[315.026s][info][gc,reloc    ] GC(275) Forwarding Usage: 1M
[315.026s][info][gc,heap     ] GC(275) Min Capacity: 8M(2%)
[315.026s][info][gc,heap     ] GC(275) Max Capacity: 512M(100%)
[315.026s][info][gc,heap     ] GC(275) Soft Max Capacity: 512M(100%)
[315.027s][info][gc,heap     ] GC(275)                Mark Start          Mark End        Relocate Start      Relocate End           High               Low         
[315.027s][info][gc,heap     ] GC(275)  Capacity:      464M (91%)         464M (91%)         464M (91%)         464M (91%)         464M (91%)         464M (91%)    
[315.027s][info][gc,heap     ] GC(275)      Free:       82M (16%)          72M (14%)         390M (76%)         486M (95%)         488M (95%)          70M (14%)    
[315.027s][info][gc,heap     ] GC(275)      Used:      430M (84%)         440M (86%)         122M (24%)          26M (5%)          442M (86%)          24M (5%)     
[315.027s][info][gc,heap     ] GC(275)      Live:         -                 6M (1%)            6M (1%)            6M (1%)             -                  -          
[315.027s][info][gc,heap     ] GC(275) Allocated:         -                10M (2%)           16M (3%)           17M (4%)             -                  -          
[315.027s][info][gc,heap     ] GC(275)   Garbage:         -               423M (83%)          99M (19%)           1M (0%)             -                  -          
[315.027s][info][gc,heap     ] GC(275) Reclaimed:         -                  -               324M (63%)         421M (82%)            -                  -          
[315.027s][info][gc          ] GC(275) Garbage Collection (Allocation Rate) 430M(84%)->26M(5%)
[316.276s][info][gc,start    ] GC(276) Garbage Collection (Allocation Rate)
[316.276s][info][gc,task     ] GC(276) Using 1 workers
[316.276s][info][gc,phases   ] GC(276) Pause Mark Start 0.017ms
[316.305s][info][gc,phases   ] GC(276) Concurrent Mark 28.392ms
[316.305s][info][gc,phases   ] GC(276) Pause Mark End 0.015ms
[316.305s][info][gc,phases   ] GC(276) Concurrent Mark Free 0.001ms
[316.310s][info][gc,phases   ] GC(276) Concurrent Process Non-Strong References 5.028ms
[316.310s][info][gc,phases   ] GC(276) Concurrent Reset Relocation Set 0.009ms
[316.314s][info][gc,phases   ] GC(276) Concurrent Select Relocation Set 3.998ms
[316.314s][info][gc,phases   ] GC(276) Pause Relocate Start 0.008ms
[316.317s][info][gc,phases   ] GC(276) Concurrent Relocate 2.869ms
[316.317s][info][gc,load     ] GC(276) Load: 0.00/0.00/0.00
[316.317s][info][gc,mmu      ] GC(276) MMU: 2ms/98.6%, 5ms/99.5%, 10ms/99.6%, 20ms/99.8%, 50ms/99.9%, 100ms/99.9%
[316.317s][info][gc,marking  ] GC(276) Mark: 1 stripe(s), 2 proactive flush(es), 1 terminate flush(es), 0 completion(s), 0 continuation(s) 
[316.317s][info][gc,marking  ] GC(276) Mark Stack Usage: 32M
[316.317s][info][gc,nmethod  ] GC(276) NMethods: 2015 registered, 373 unregistered
[316.317s][info][gc,metaspace] GC(276) Metaspace: 9M used, 10M committed, 1088M reserved
[316.317s][info][gc,ref      ] GC(276) Soft: 214 encountered, 0 discovered, 0 enqueued
[316.317s][info][gc,ref      ] GC(276) Weak: 811 encountered, 9 discovered, 0 enqueued
[316.318s][info][gc,ref      ] GC(276) Final: 0 encountered, 0 discovered, 0 enqueued
[316.318s][info][gc,ref      ] GC(276) Phantom: 27 encountered, 14 discovered, 0 enqueued
[316.318s][info][gc,reloc    ] GC(276) Small Pages: 213 / 426M, Empty: 386M, Relocated: 1M, In-Place: 0
[316.318s][info][gc,reloc    ] GC(276) Medium Pages: 0 / 0M, Empty: 0M, Relocated: 0M, In-Place: 0
[316.318s][info][gc,reloc    ] GC(276) Large Pages: 0 / 0M, Empty: 0M, Relocated: 0M, In-Place: 0
[316.318s][info][gc,reloc    ] GC(276) Forwarding Usage: 0M
[316.318s][info][gc,heap     ] GC(276) Min Capacity: 8M(2%)
[316.318s][info][gc,heap     ] GC(276) Max Capacity: 512M(100%)
[316.318s][info][gc,heap     ] GC(276) Soft Max Capacity: 512M(100%)
[316.318s][info][gc,heap     ] GC(276)                Mark Start          Mark End        Relocate Start      Relocate End           High               Low         
[316.318s][info][gc,heap     ] GC(276)  Capacity:      464M (91%)         464M (91%)         464M (91%)         464M (91%)         464M (91%)         464M (91%)    
[316.318s][info][gc,heap     ] GC(276)      Free:       86M (17%)          74M (14%)         456M (89%)         488M (95%)         488M (95%)          72M (14%)    
[316.318s][info][gc,heap     ] GC(276)      Used:      426M (83%)         438M (86%)          56M (11%)          24M (5%)          440M (86%)          24M (5%)     
[316.318s][info][gc,heap     ] GC(276)      Live:         -                 6M (1%)            6M (1%)            6M (1%)             -                  -          
[316.318s][info][gc,heap     ] GC(276) Allocated:         -                12M (2%)           16M (3%)           15M (3%)             -                  -          
[316.318s][info][gc,heap     ] GC(276)   Garbage:         -               419M (82%)          33M (7%)            1M (0%)             -                  -          
[316.318s][info][gc,heap     ] GC(276) Reclaimed:         -                  -               386M (75%)         417M (82%)            -                  -          
[316.318s][info][gc          ] GC(276) Garbage Collection (Allocation Rate) 426M(83%)->24M(5%)
[317.291s][info][gc,start    ] GC(277) Garbage Collection (Proactive)
[317.291s][info][gc,task     ] GC(277) Using 5 workers
[317.292s][info][gc,phases   ] GC(277) Pause Mark Start 0.018ms
[317.307s][info][gc,phases   ] GC(277) Concurrent Mark 15.192ms
[317.307s][info][gc,phases   ] GC(277) Pause Mark End 0.015ms
[317.307s][info][gc,phases   ] GC(277) Concurrent Mark Free 0.001ms
[317.309s][info][gc,phases   ] GC(277) Concurrent Process Non-Strong References 1.640ms
[317.309s][info][gc,phases   ] GC(277) Concurrent Reset Relocation Set 0.004ms
[317.313s][info][gc,phases   ] GC(277) Concurrent Select Relocation Set 4.339ms
[317.313s][info][gc,phases   ] GC(277) Pause Relocate Start 0.008ms
[317.315s][info][gc,phases   ] GC(277) Concurrent Relocate 1.652ms
[317.315s][info][gc,load     ] GC(277) Load: 0.00/0.00/0.00
[317.315s][info][gc,mmu      ] GC(277) MMU: 2ms/98.6%, 5ms/99.5%, 10ms/99.6%, 20ms/99.8%, 50ms/99.9%, 100ms/99.9%
[317.315s][info][gc,marking  ] GC(277) Mark: 4 stripe(s), 2 proactive flush(es), 1 terminate flush(es), 0 completion(s), 0 continuation(s) 
[317.315s][info][gc,marking  ] GC(277) Mark Stack Usage: 32M
[317.315s][info][gc,nmethod  ] GC(277) NMethods: 2015 registered, 373 unregistered
[317.315s][info][gc,metaspace] GC(277) Metaspace: 9M used, 10M committed, 1088M reserved
[317.315s][info][gc,ref      ] GC(277) Soft: 214 encountered, 0 discovered, 0 enqueued
[317.315s][info][gc,ref      ] GC(277) Weak: 811 encountered, 13 discovered, 0 enqueued
[317.315s][info][gc,ref      ] GC(277) Final: 0 encountered, 0 discovered, 0 enqueued
[317.316s][info][gc,ref      ] GC(277) Phantom: 27 encountered, 23 discovered, 0 enqueued
[317.316s][info][gc,reloc    ] GC(277) Small Pages: 169 / 338M, Empty: 292M, Relocated: 1M, In-Place: 0
[317.316s][info][gc,reloc    ] GC(277) Medium Pages: 0 / 0M, Empty: 0M, Relocated: 0M, In-Place: 0
[317.316s][info][gc,reloc    ] GC(277) Large Pages: 0 / 0M, Empty: 0M, Relocated: 0M, In-Place: 0
[317.316s][info][gc,reloc    ] GC(277) Forwarding Usage: 0M
[317.316s][info][gc,heap     ] GC(277) Min Capacity: 8M(2%)
[317.316s][info][gc,heap     ] GC(277) Max Capacity: 512M(100%)
[317.316s][info][gc,heap     ] GC(277) Soft Max Capacity: 512M(100%)
[317.316s][info][gc,heap     ] GC(277)                Mark Start          Mark End        Relocate Start      Relocate End           High               Low         
[317.316s][info][gc,heap     ] GC(277)  Capacity:      464M (91%)         464M (91%)         464M (91%)         464M (91%)         464M (91%)         464M (91%)    
[317.316s][info][gc,heap     ] GC(277)      Free:      174M (34%)         168M (33%)         458M (89%)         488M (95%)         488M (95%)         166M (32%)    
[317.316s][info][gc,heap     ] GC(277)      Used:      338M (66%)         344M (67%)          54M (11%)          24M (5%)          346M (68%)          24M (5%)     
[317.316s][info][gc,heap     ] GC(277)      Live:         -                 6M (1%)            6M (1%)            6M (1%)             -                  -          
[317.316s][info][gc,heap     ] GC(277) Allocated:         -                 6M (1%)            8M (2%)            7M (2%)             -                  -          
[317.316s][info][gc,heap     ] GC(277)   Garbage:         -               331M (65%)          39M (8%)            9M (2%)             -                  -          
[317.316s][info][gc,heap     ] GC(277) Reclaimed:         -                  -               292M (57%)         321M (63%)            -                  -          
[317.316s][info][gc          ] GC(277) Garbage Collection (Proactive) 338M(66%)->24M(5%)
[317.922s][info][gc,start    ] GC(278) Garbage Collection (System.gc())
[317.922s][info][gc,task     ] GC(278) Using 5 workers
[317.922s][info][gc,phases   ] GC(278) Pause Mark Start 0.017ms
[317.932s][info][gc,phases   ] GC(278) Concurrent Mark 9.579ms
[317.932s][info][gc,phases   ] GC(278) Pause Mark End 0.015ms
[317.933s][info][gc,phases   ] GC(278) Concurrent Mark Free 0.001ms
[317.938s][info][gc,phases   ] GC(278) Concurrent Process Non-Strong References 1.729ms
[317.938s][info][gc,phases   ] GC(278) Concurrent Reset Relocation Set 0.003ms
[317.942s][info][gc,phases   ] GC(278) Concurrent Select Relocation Set 3.709ms
[317.942s][info][gc,phases   ] GC(278) Pause Relocate Start 0.007ms
[317.943s][info][gc,phases   ] GC(278) Concurrent Relocate 1.471ms
[317.944s][info][gc,load     ] GC(278) Load: 0.00/0.00/0.00
[317.944s][info][gc,mmu      ] GC(278) MMU: 2ms/98.6%, 5ms/99.5%, 10ms/99.6%, 20ms/99.8%, 50ms/99.9%, 100ms/99.9%
[317.944s][info][gc,marking  ] GC(278) Mark: 4 stripe(s), 1 proactive flush(es), 1 terminate flush(es), 0 completion(s), 0 continuation(s) 
[317.944s][info][gc,marking  ] GC(278) Mark Stack Usage: 32M
[317.944s][info][gc,nmethod  ] GC(278) NMethods: 2015 registered, 373 unregistered
[317.944s][info][gc,metaspace] GC(278) Metaspace: 9M used, 10M committed, 1088M reserved
[317.944s][info][gc,ref      ] GC(278) Soft: 214 encountered, 0 discovered, 0 enqueued
[317.944s][info][gc,ref      ] GC(278) Weak: 811 encountered, 357 discovered, 0 enqueued
[317.944s][info][gc,ref      ] GC(278) Final: 0 encountered, 0 discovered, 0 enqueued
[317.944s][info][gc,ref      ] GC(278) Phantom: 27 encountered, 18 discovered, 0 enqueued
[317.944s][info][gc,reloc    ] GC(278) Small Pages: 109 / 218M, Empty: 204M, Relocated: 1M, In-Place: 0
[317.944s][info][gc,reloc    ] GC(278) Medium Pages: 0 / 0M, Empty: 0M, Relocated: 0M, In-Place: 0
[317.944s][info][gc,reloc    ] GC(278) Large Pages: 0 / 0M, Empty: 0M, Relocated: 0M, In-Place: 0
[317.944s][info][gc,reloc    ] GC(278) Forwarding Usage: 0M
[317.944s][info][gc,heap     ] GC(278) Min Capacity: 8M(2%)
[317.944s][info][gc,heap     ] GC(278) Max Capacity: 512M(100%)
[317.944s][info][gc,heap     ] GC(278) Soft Max Capacity: 512M(100%)
[317.944s][info][gc,heap     ] GC(278)                Mark Start          Mark End        Relocate Start      Relocate End           High               Low         
[317.944s][info][gc,heap     ] GC(278)  Capacity:      464M (91%)         464M (91%)         464M (91%)         464M (91%)         464M (91%)         464M (91%)    
[317.944s][info][gc,heap     ] GC(278)      Free:      294M (57%)         294M (57%)         498M (97%)         498M (97%)         498M (97%)         294M (57%)    
[317.944s][info][gc,heap     ] GC(278)      Used:      218M (43%)         218M (43%)          14M (3%)           14M (3%)          218M (43%)          14M (3%)     
[317.944s][info][gc,heap     ] GC(278)      Live:         -                 4M (1%)            4M (1%)            4M (1%)             -                  -          
[317.944s][info][gc,heap     ] GC(278) Allocated:         -                 0M (0%)            0M (0%)            0M (0%)             -                  -          
[317.944s][info][gc,heap     ] GC(278)   Garbage:         -               213M (42%)           9M (2%)            9M (2%)             -                  -          
[317.944s][info][gc,heap     ] GC(278) Reclaimed:         -                  -               204M (40%)         204M (40%)            -                  -          
[317.944s][info][gc          ] GC(278) Garbage Collection (System.gc()) 218M(43%)->14M(3%)
[319.182s][info][gc,start    ] GC(279) Garbage Collection (Allocation Rate)
[319.182s][info][gc,task     ] GC(279) Using 1 workers
[319.182s][info][gc,phases   ] GC(279) Pause Mark Start 0.017ms
[319.207s][info][gc,phases   ] GC(279) Concurrent Mark 25.389ms
[319.207s][info][gc,phases   ] GC(279) Pause Mark End 0.017ms
[319.208s][info][gc,phases   ] GC(279) Concurrent Mark Free 0.002ms
[319.214s][info][gc,phases   ] GC(279) Concurrent Process Non-Strong References 6.823ms
[319.215s][info][gc,phases   ] GC(279) Concurrent Reset Relocation Set 0.002ms
[319.219s][info][gc,phases   ] GC(279) Concurrent Select Relocation Set 4.864ms
[319.220s][info][gc,phases   ] GC(279) Pause Relocate Start 0.010ms
[319.227s][info][gc,phases   ] GC(279) Concurrent Relocate 7.250ms
[319.227s][info][gc,load     ] GC(279) Load: 0.00/0.00/0.00
[319.227s][info][gc,mmu      ] GC(279) MMU: 2ms/98.6%, 5ms/99.5%, 10ms/99.6%, 20ms/99.8%, 50ms/99.9%, 100ms/99.9%
[319.227s][info][gc,marking  ] GC(279) Mark: 1 stripe(s), 2 proactive flush(es), 1 terminate flush(es), 0 completion(s), 0 continuation(s) 
[319.227s][info][gc,marking  ] GC(279) Mark Stack Usage: 32M
[319.227s][info][gc,nmethod  ] GC(279) NMethods: 2015 registered, 373 unregistered
[319.227s][info][gc,metaspace] GC(279) Metaspace: 9M used, 10M committed, 1088M reserved
[319.227s][info][gc,ref      ] GC(279) Soft: 214 encountered, 0 discovered, 0 enqueued
[319.227s][info][gc,ref      ] GC(279) Weak: 811 encountered, 9 discovered, 0 enqueued
[319.227s][info][gc,ref      ] GC(279) Final: 0 encountered, 0 discovered, 0 enqueued
[319.227s][info][gc,ref      ] GC(279) Phantom: 27 encountered, 14 discovered, 0 enqueued
[319.227s][info][gc,reloc    ] GC(279) Small Pages: 205 / 410M, Empty: 244M, Relocated: 2M, In-Place: 0
[319.227s][info][gc,reloc    ] GC(279) Medium Pages: 0 / 0M, Empty: 0M, Relocated: 0M, In-Place: 0
[319.227s][info][gc,reloc    ] GC(279) Large Pages: 0 / 0M, Empty: 0M, Relocated: 0M, In-Place: 0
[319.227s][info][gc,reloc    ] GC(279) Forwarding Usage: 1M
[319.227s][info][gc,heap     ] GC(279) Min Capacity: 8M(2%)
[319.227s][info][gc,heap     ] GC(279) Max Capacity: 512M(100%)
[319.227s][info][gc,heap     ] GC(279) Soft Max Capacity: 512M(100%)
[319.228s][info][gc,heap     ] GC(279)                Mark Start          Mark End        Relocate Start      Relocate End           High               Low         
[319.228s][info][gc,heap     ] GC(279)  Capacity:      464M (91%)         464M (91%)         464M (91%)         464M (91%)         464M (91%)         464M (91%)    
[319.228s][info][gc,heap     ] GC(279)      Free:      102M (20%)          92M (18%)         332M (65%)         486M (95%)         488M (95%)          90M (18%)    
[319.228s][info][gc,heap     ] GC(279)      Used:      410M (80%)         420M (82%)         180M (35%)          26M (5%)          422M (82%)          24M (5%)     
[319.228s][info][gc,heap     ] GC(279)      Live:         -                 6M (1%)            6M (1%)            6M (1%)             -                  -          
[319.228s][info][gc,heap     ] GC(279) Allocated:         -                10M (2%)           14M (3%)           17M (4%)             -                  -          
[319.228s][info][gc,heap     ] GC(279)   Garbage:         -               403M (79%)         159M (31%)           1M (0%)             -                  -          
[319.228s][info][gc,heap     ] GC(279) Reclaimed:         -                  -               244M (48%)         401M (79%)            -                  -          
[319.228s][info][gc          ] GC(279) Garbage Collection (Allocation Rate) 410M(80%)->26M(5%)
[320.088s][info][gc,stats    ] === Garbage Collection Statistics =======================================================================================================================
[320.088s][info][gc,stats    ]                                                              Last 10s              Last 10m              Last 10h                Total
[320.088s][info][gc,stats    ]                                                              Avg / Max             Avg / Max             Avg / Max             Avg / Max
[320.088s][info][gc,stats    ]   Collector: Garbage Collection Cycle                     37.317 / 46.625       36.664 / 60.364       36.664 / 60.364       36.664 / 60.364      ms
[320.088s][info][gc,stats    ]  Contention: Mark Segment Reset Contention                     0 / 1                 0 / 6                 0 / 6                 0 / 6           ops/s
[320.088s][info][gc,stats    ]  Contention: Mark SeqNum Reset Contention                      0 / 0                 0 / 2                 0 / 2                 0 / 2           ops/s
[320.088s][info][gc,stats    ]    Critical: Allocation Stall                                  0 / 0                 0 / 0                 0 / 0                 0 / 0           ops/s
[320.088s][info][gc,stats    ]    Critical: Allocation Stall                              0.000 / 0.000         0.000 / 0.000         0.000 / 0.000         0.000 / 0.000       ms
[320.088s][info][gc,stats    ]    Critical: GC Locker Stall                                   0 / 0                 0 / 0                 0 / 0                 0 / 0           ops/s
[320.088s][info][gc,stats    ]    Critical: GC Locker Stall                               0.000 / 0.000         0.000 / 0.000         0.000 / 0.000         0.000 / 0.000       ms
[320.088s][info][gc,stats    ]    Critical: Relocation Stall                                  0 / 0                 0 / 0                 0 / 0                 0 / 0           ops/s
[320.088s][info][gc,stats    ]    Critical: Relocation Stall                              0.000 / 0.000         0.000 / 0.000         0.000 / 0.000         0.000 / 0.000       ms
[320.088s][info][gc,stats    ]      Memory: Allocation Rate                                 324 / 332             320 / 338             320 / 338             320 / 338         MB/s
[320.088s][info][gc,stats    ]      Memory: Defragment                                        0 / 0                 0 / 0                 0 / 0                 0 / 0           ops/s
[320.088s][info][gc,stats    ]      Memory: Out Of Memory                                     0 / 0                 0 / 0                 0 / 0                 0 / 0           ops/s
[320.088s][info][gc,stats    ]      Memory: Page Cache Flush                                  0 / 0                 0 / 0                 0 / 0                 0 / 0           MB/s
[320.088s][info][gc,stats    ]      Memory: Page Cache Hit L1                               164 / 169             161 / 174             161 / 174             161 / 174         ops/s
[320.088s][info][gc,stats    ]      Memory: Page Cache Hit L2                                 0 / 0                 0 / 0                 0 / 0                 0 / 0           ops/s
[320.088s][info][gc,stats    ]      Memory: Page Cache Hit L3                                 0 / 0                 0 / 77                0 / 77                0 / 77          ops/s
[320.088s][info][gc,stats    ]      Memory: Page Cache Miss                                   0 / 0                 0 / 1                 0 / 1                 0 / 1           ops/s
[320.088s][info][gc,stats    ]      Memory: Uncommit                                          0 / 0                 0 / 48                0 / 48                0 / 48          MB/s
[320.088s][info][gc,stats    ]      Memory: Undo Object Allocation Failed                     0 / 1                 0 / 11                0 / 11                0 / 11          ops/s
[320.088s][info][gc,stats    ]      Memory: Undo Object Allocation Succeeded                  0 / 2                 0 / 11                0 / 11                0 / 11          ops/s
[320.088s][info][gc,stats    ]      Memory: Undo Page Allocation                              1 / 3                 1 / 10                1 / 10                1 / 10          ops/s
[320.088s][info][gc,stats    ]       Phase: Concurrent Mark                              23.098 / 30.742       22.502 / 38.107       22.502 / 38.107       22.502 / 38.107      ms
[320.088s][info][gc,stats    ]       Phase: Concurrent Mark Continue                      0.000 / 0.000         0.000 / 0.000         0.000 / 0.000         0.000 / 0.000       ms
[320.088s][info][gc,stats    ]       Phase: Concurrent Mark Free                          0.001 / 0.002         0.001 / 0.002         0.001 / 0.002         0.001 / 0.002       ms
[320.089s][info][gc,stats    ]       Phase: Concurrent Process Non-Strong References      4.681 / 7.386         4.882 / 7.613         4.882 / 7.613         4.882 / 7.613       ms
[320.089s][info][gc,stats    ]       Phase: Concurrent Relocate                           3.567 / 7.250         3.510 / 8.950         3.510 / 8.950         3.510 / 8.950       ms
[320.089s][info][gc,stats    ]       Phase: Concurrent Reset Relocation Set               0.005 / 0.011         0.007 / 0.015         0.007 / 0.015         0.007 / 0.015       ms
[320.089s][info][gc,stats    ]       Phase: Concurrent Select Relocation Set              4.436 / 5.481         4.351 / 14.681        4.351 / 14.681        4.351 / 14.681      ms
[320.089s][info][gc,stats    ]       Phase: Pause Mark End                                0.016 / 0.018         0.017 / 0.022         0.017 / 0.022         0.017 / 0.022       ms
[320.089s][info][gc,stats    ]       Phase: Pause Mark Start                              0.017 / 0.018         0.017 / 0.027         0.017 / 0.027         0.017 / 0.027       ms
[320.089s][info][gc,stats    ]       Phase: Pause Relocate Start                          0.008 / 0.010         0.008 / 0.012         0.008 / 0.012         0.008 / 0.012       ms
[320.089s][info][gc,stats    ]    Subphase: Concurrent Classes Purge                      0.007 / 0.016         0.014 / 0.583         0.014 / 0.583         0.014 / 0.583       ms
[320.089s][info][gc,stats    ]    Subphase: Concurrent Classes Unlink                     3.914 / 6.162         4.015 / 6.192         4.015 / 6.192         4.015 / 6.192       ms
[320.089s][info][gc,stats    ]    Subphase: Concurrent Mark                              15.641 / 29.074       15.388 / 34.990       15.388 / 34.990       15.388 / 34.990      ms
[320.089s][info][gc,stats    ]    Subphase: Concurrent Mark Try Flush                     0.066 / 0.097         0.061 / 0.187         0.061 / 0.187         0.061 / 0.187       ms
[320.089s][info][gc,stats    ]    Subphase: Concurrent Mark Try Terminate                 3.815 / 14.677        3.399 / 16.488        3.399 / 16.488        3.399 / 16.488      ms
[320.089s][info][gc,stats    ]    Subphase: Concurrent References Enqueue                 0.000 / 0.000         0.000 / 0.005         0.000 / 0.005         0.000 / 0.005       ms
[320.089s][info][gc,stats    ]    Subphase: Concurrent References Process                 0.042 / 0.110         0.046 / 0.114         0.046 / 0.114         0.046 / 0.114       ms
[320.089s][info][gc,stats    ]    Subphase: Concurrent Roots ClassLoaderDataGraph         0.138 / 0.349         0.151 / 0.631         0.151 / 0.631         0.151 / 0.631       ms
[320.089s][info][gc,stats    ]    Subphase: Concurrent Roots CodeCache                    0.000 / 0.000         0.000 / 0.000         0.000 / 0.000         0.000 / 0.000       ms
[320.089s][info][gc,stats    ]    Subphase: Concurrent Roots JavaThreads                  1.063 / 2.351         0.991 / 2.716         0.991 / 2.716         0.991 / 2.716       ms
[320.089s][info][gc,stats    ]    Subphase: Concurrent Roots OopStorageSet                0.032 / 0.063         0.032 / 0.136         0.032 / 0.136         0.032 / 0.136       ms
[320.089s][info][gc,stats    ]    Subphase: Concurrent Weak Roots OopStorageSet           0.391 / 1.118         0.397 / 1.768         0.397 / 1.768         0.397 / 1.768       ms
[320.089s][info][gc,stats    ]    Subphase: Pause Mark Try Complete                       0.000 / 0.000         0.000 / 0.000         0.000 / 0.000         0.000 / 0.000       ms
[320.089s][info][gc,stats    ]      System: Java Threads                                     40 / 40               37 / 41               37 / 41               37 / 41          threads
[320.089s][info][gc,stats    ] =========================================================================================================================================================
[320.478s][info][gc,start    ] GC(280) Garbage Collection (Allocation Rate)
[320.478s][info][gc,task     ] GC(280) Using 1 workers
[320.478s][info][gc,phases   ] GC(280) Pause Mark Start 0.019ms
[320.506s][info][gc,phases   ] GC(280) Concurrent Mark 27.461ms
[320.506s][info][gc,phases   ] GC(280) Pause Mark End 0.015ms
[320.506s][info][gc,phases   ] GC(280) Concurrent Mark Free 0.001ms
[320.514s][info][gc,phases   ] GC(280) Concurrent Process Non-Strong References 7.402ms
[320.514s][info][gc,phases   ] GC(280) Concurrent Reset Relocation Set 0.013ms
[320.518s][info][gc,phases   ] GC(280) Concurrent Select Relocation Set 3.961ms
[320.518s][info][gc,phases   ] GC(280) Pause Relocate Start 0.009ms
[320.521s][info][gc,phases   ] GC(280) Concurrent Relocate 2.858ms
[320.521s][info][gc,load     ] GC(280) Load: 0.00/0.00/0.00
[320.521s][info][gc,mmu      ] GC(280) MMU: 2ms/98.6%, 5ms/99.5%, 10ms/99.6%, 20ms/99.8%, 50ms/99.9%, 100ms/99.9%
[320.521s][info][gc,marking  ] GC(280) Mark: 1 stripe(s), 2 proactive flush(es), 1 terminate flush(es), 0 completion(s), 0 continuation(s) 
[320.521s][info][gc,marking  ] GC(280) Mark Stack Usage: 32M
[320.521s][info][gc,nmethod  ] GC(280) NMethods: 2015 registered, 373 unregistered
[320.521s][info][gc,metaspace] GC(280) Metaspace: 9M used, 10M committed, 1088M reserved
[320.521s][info][gc,ref      ] GC(280) Soft: 214 encountered, 0 discovered, 0 enqueued
[320.521s][info][gc,ref      ] GC(280) Weak: 811 encountered, 9 discovered, 0 enqueued
[320.521s][info][gc,ref      ] GC(280) Final: 0 encountered, 0 discovered, 0 enqueued
[320.521s][info][gc,ref      ] GC(280) Phantom: 27 encountered, 14 discovered, 0 enqueued
[320.521s][info][gc,reloc    ] GC(280) Small Pages: 217 / 434M, Empty: 320M, Relocated: 1M, In-Place: 0
[320.521s][info][gc,reloc    ] GC(280) Medium Pages: 0 / 0M, Empty: 0M, Relocated: 0M, In-Place: 0
[320.521s][info][gc,reloc    ] GC(280) Large Pages: 0 / 0M, Empty: 0M, Relocated: 0M, In-Place: 0
[320.521s][info][gc,reloc    ] GC(280) Forwarding Usage: 0M
[320.521s][info][gc,heap     ] GC(280) Min Capacity: 8M(2%)
[320.521s][info][gc,heap     ] GC(280) Max Capacity: 512M(100%)
[320.521s][info][gc,heap     ] GC(280) Soft Max Capacity: 512M(100%)
[320.521s][info][gc,heap     ] GC(280)                Mark Start          Mark End        Relocate Start      Relocate End           High               Low         
[320.521s][info][gc,heap     ] GC(280)  Capacity:      464M (91%)         464M (91%)         464M (91%)         464M (91%)         464M (91%)         464M (91%)    
[320.521s][info][gc,heap     ] GC(280)      Free:       78M (15%)          66M (13%)         382M (75%)         488M (95%)         488M (95%)          64M (13%)    
[320.521s][info][gc,heap     ] GC(280)      Used:      434M (85%)         446M (87%)         130M (25%)          24M (5%)          448M (88%)          24M (5%)     
[320.521s][info][gc,heap     ] GC(280)      Live:         -                 6M (1%)            6M (1%)            6M (1%)             -                  -          
[320.521s][info][gc,heap     ] GC(280) Allocated:         -                12M (2%)           16M (3%)           15M (3%)             -                  -          
[320.521s][info][gc,heap     ] GC(280)   Garbage:         -               427M (84%)         107M (21%)           1M (0%)             -                  -          
[320.522s][info][gc,heap     ] GC(280) Reclaimed:         -                  -               320M (63%)         425M (83%)            -                  -          
[320.522s][info][gc          ] GC(280) Garbage Collection (Allocation Rate) 434M(85%)->24M(5%)
[321.690s][info][gc,start    ] GC(281) Garbage Collection (Proactive)
[321.690s][info][gc,task     ] GC(281) Using 5 workers
[321.690s][info][gc,phases   ] GC(281) Pause Mark Start 0.018ms
[321.705s][info][gc,phases   ] GC(281) Concurrent Mark 15.150ms
[321.705s][info][gc,phases   ] GC(281) Pause Mark End 0.019ms
[321.705s][info][gc,phases   ] GC(281) Concurrent Mark Free 0.001ms
[321.707s][info][gc,phases   ] GC(281) Concurrent Process Non-Strong References 1.658ms
[321.707s][info][gc,phases   ] GC(281) Concurrent Reset Relocation Set 0.009ms
[321.712s][info][gc,phases   ] GC(281) Concurrent Select Relocation Set 4.404ms
[321.712s][info][gc,phases   ] GC(281) Pause Relocate Start 0.009ms
[321.714s][info][gc,phases   ] GC(281) Concurrent Relocate 2.011ms
[321.714s][info][gc,load     ] GC(281) Load: 0.00/0.00/0.00
[321.714s][info][gc,mmu      ] GC(281) MMU: 2ms/98.6%, 5ms/99.5%, 10ms/99.6%, 20ms/99.8%, 50ms/99.9%, 100ms/99.9%
[321.714s][info][gc,marking  ] GC(281) Mark: 4 stripe(s), 3 proactive flush(es), 1 terminate flush(es), 0 completion(s), 0 continuation(s) 
[321.714s][info][gc,marking  ] GC(281) Mark Stack Usage: 32M
[321.714s][info][gc,nmethod  ] GC(281) NMethods: 2015 registered, 373 unregistered
[321.714s][info][gc,metaspace] GC(281) Metaspace: 9M used, 10M committed, 1088M reserved
[321.714s][info][gc,ref      ] GC(281) Soft: 214 encountered, 0 discovered, 0 enqueued
[321.714s][info][gc,ref      ] GC(281) Weak: 811 encountered, 251 discovered, 0 enqueued
[321.714s][info][gc,ref      ] GC(281) Final: 0 encountered, 0 discovered, 0 enqueued
[321.714s][info][gc,ref      ] GC(281) Phantom: 27 encountered, 23 discovered, 0 enqueued
[321.714s][info][gc,reloc    ] GC(281) Small Pages: 192 / 384M, Empty: 296M, Relocated: 1M, In-Place: 0
[321.714s][info][gc,reloc    ] GC(281) Medium Pages: 0 / 0M, Empty: 0M, Relocated: 0M, In-Place: 0
[321.714s][info][gc,reloc    ] GC(281) Large Pages: 0 / 0M, Empty: 0M, Relocated: 0M, In-Place: 0
[321.714s][info][gc,reloc    ] GC(281) Forwarding Usage: 0M
[321.714s][info][gc,heap     ] GC(281) Min Capacity: 8M(2%)
[321.714s][info][gc,heap     ] GC(281) Max Capacity: 512M(100%)
[321.714s][info][gc,heap     ] GC(281) Soft Max Capacity: 512M(100%)
[321.714s][info][gc,heap     ] GC(281)                Mark Start          Mark End        Relocate Start      Relocate End           High               Low         
[321.715s][info][gc,heap     ] GC(281)  Capacity:      464M (91%)         464M (91%)         464M (91%)         464M (91%)         464M (91%)         464M (91%)    
[321.715s][info][gc,heap     ] GC(281)      Free:      128M (25%)         122M (24%)         416M (81%)         488M (95%)         488M (95%)         120M (23%)    
[321.715s][info][gc,heap     ] GC(281)      Used:      384M (75%)         390M (76%)          96M (19%)          24M (5%)          392M (77%)          24M (5%)     
[321.715s][info][gc,heap     ] GC(281)      Live:         -                 6M (1%)            6M (1%)            6M (1%)             -                  -          
[321.715s][info][gc,heap     ] GC(281) Allocated:         -                 6M (1%)            8M (2%)            7M (2%)             -                  -          
[321.715s][info][gc,heap     ] GC(281)   Garbage:         -               377M (74%)          81M (16%)           9M (2%)             -                  -          
[321.715s][info][gc,heap     ] GC(281) Reclaimed:         -                  -               296M (58%)         367M (72%)            -                  -          
[321.715s][info][gc          ] GC(281) Garbage Collection (Proactive) 384M(75%)->24M(5%)
[322.890s][info][gc,start    ] GC(282) Garbage Collection (Allocation Rate)
[322.890s][info][gc,task     ] GC(282) Using 1 workers
[322.890s][info][gc,phases   ] GC(282) Pause Mark Start 0.017ms
[322.916s][info][gc,phases   ] GC(282) Concurrent Mark 26.367ms
[322.917s][info][gc,phases   ] GC(282) Pause Mark End 0.016ms
[322.917s][info][gc,phases   ] GC(282) Concurrent Mark Free 0.001ms
[322.924s][info][gc,phases   ] GC(282) Concurrent Process Non-Strong References 7.249ms
[322.924s][info][gc,phases   ] GC(282) Concurrent Reset Relocation Set 0.008ms
[322.928s][info][gc,phases   ] GC(282) Concurrent Select Relocation Set 3.865ms
[322.928s][info][gc,phases   ] GC(282) Pause Relocate Start 0.009ms
[322.933s][info][gc,phases   ] GC(282) Concurrent Relocate 4.550ms
[322.933s][info][gc,load     ] GC(282) Load: 0.00/0.00/0.00
[322.933s][info][gc,mmu      ] GC(282) MMU: 2ms/98.6%, 5ms/99.5%, 10ms/99.6%, 20ms/99.8%, 50ms/99.9%, 100ms/99.9%
[322.933s][info][gc,marking  ] GC(282) Mark: 1 stripe(s), 2 proactive flush(es), 1 terminate flush(es), 0 completion(s), 0 continuation(s) 
[322.933s][info][gc,marking  ] GC(282) Mark Stack Usage: 32M
[322.933s][info][gc,nmethod  ] GC(282) NMethods: 2015 registered, 373 unregistered
[322.933s][info][gc,metaspace] GC(282) Metaspace: 9M used, 10M committed, 1088M reserved
[322.933s][info][gc,ref      ] GC(282) Soft: 214 encountered, 0 discovered, 0 enqueued
[322.933s][info][gc,ref      ] GC(282) Weak: 811 encountered, 9 discovered, 0 enqueued
[322.933s][info][gc,ref      ] GC(282) Final: 0 encountered, 0 discovered, 0 enqueued
[322.933s][info][gc,ref      ] GC(282) Phantom: 27 encountered, 14 discovered, 0 enqueued
[322.933s][info][gc,reloc    ] GC(282) Small Pages: 199 / 398M, Empty: 314M, Relocated: 1M, In-Place: 0
[322.933s][info][gc,reloc    ] GC(282) Medium Pages: 0 / 0M, Empty: 0M, Relocated: 0M, In-Place: 0
[322.933s][info][gc,reloc    ] GC(282) Large Pages: 0 / 0M, Empty: 0M, Relocated: 0M, In-Place: 0
[322.933s][info][gc,reloc    ] GC(282) Forwarding Usage: 0M
[322.933s][info][gc,heap     ] GC(282) Min Capacity: 8M(2%)
[322.933s][info][gc,heap     ] GC(282) Max Capacity: 512M(100%)
[322.933s][info][gc,heap     ] GC(282) Soft Max Capacity: 512M(100%)
[322.933s][info][gc,heap     ] GC(282)                Mark Start          Mark End        Relocate Start      Relocate End           High               Low         
[322.933s][info][gc,heap     ] GC(282)  Capacity:      464M (91%)         464M (91%)         464M (91%)         464M (91%)         464M (91%)         464M (91%)    
[322.933s][info][gc,heap     ] GC(282)      Free:      114M (22%)         104M (20%)         414M (81%)         488M (95%)         488M (95%)         100M (20%)    
[322.933s][info][gc,heap     ] GC(282)      Used:      398M (78%)         408M (80%)          98M (19%)          24M (5%)          412M (80%)          24M (5%)     
[322.934s][info][gc,heap     ] GC(282)      Live:         -                 6M (1%)            6M (1%)            6M (1%)             -                  -          
[322.934s][info][gc,heap     ] GC(282) Allocated:         -                10M (2%)           14M (3%)           15M (3%)             -                  -          
[322.934s][info][gc,heap     ] GC(282)   Garbage:         -               391M (76%)          77M (15%)           1M (0%)             -                  -          
[322.934s][info][gc,heap     ] GC(282) Reclaimed:         -                  -               314M (61%)         389M (76%)            -                  -          
[322.934s][info][gc          ] GC(282) Garbage Collection (Allocation Rate) 398M(78%)->24M(5%)
[324.178s][info][gc,start    ] GC(283) Garbage Collection (Allocation Rate)
[324.179s][info][gc,task     ] GC(283) Using 1 workers
[324.179s][info][gc,phases   ] GC(283) Pause Mark Start 0.018ms
[324.205s][info][gc,phases   ] GC(283) Concurrent Mark 25.753ms
[324.205s][info][gc,phases   ] GC(283) Pause Mark End 0.015ms
[324.205s][info][gc,phases   ] GC(283) Concurrent Mark Free 0.001ms
[324.212s][info][gc,phases   ] GC(283) Concurrent Process Non-Strong References 7.205ms
[324.212s][info][gc,phases   ] GC(283) Concurrent Reset Relocation Set 0.007ms
[324.216s][info][gc,phases   ] GC(283) Concurrent Select Relocation Set 3.813ms
[324.216s][info][gc,phases   ] GC(283) Pause Relocate Start 0.006ms
[324.220s][info][gc,phases   ] GC(283) Concurrent Relocate 3.720ms
[324.220s][info][gc,load     ] GC(283) Load: 0.00/0.00/0.00
[324.220s][info][gc,mmu      ] GC(283) MMU: 2ms/98.6%, 5ms/99.5%, 10ms/99.6%, 20ms/99.8%, 50ms/99.9%, 100ms/99.9%
[324.220s][info][gc,marking  ] GC(283) Mark: 1 stripe(s), 2 proactive flush(es), 1 terminate flush(es), 0 completion(s), 0 continuation(s) 
[324.220s][info][gc,marking  ] GC(283) Mark Stack Usage: 32M
[324.220s][info][gc,nmethod  ] GC(283) NMethods: 2015 registered, 373 unregistered
[324.220s][info][gc,metaspace] GC(283) Metaspace: 9M used, 10M committed, 1088M reserved
[324.220s][info][gc,ref      ] GC(283) Soft: 214 encountered, 0 discovered, 0 enqueued
[324.220s][info][gc,ref      ] GC(283) Weak: 811 encountered, 9 discovered, 0 enqueued
[324.220s][info][gc,ref      ] GC(283) Final: 0 encountered, 0 discovered, 0 enqueued
[324.220s][info][gc,ref      ] GC(283) Phantom: 27 encountered, 14 discovered, 0 enqueued
[324.220s][info][gc,reloc    ] GC(283) Small Pages: 212 / 424M, Empty: 348M, Relocated: 1M, In-Place: 0
[324.220s][info][gc,reloc    ] GC(283) Medium Pages: 0 / 0M, Empty: 0M, Relocated: 0M, In-Place: 0
[324.220s][info][gc,reloc    ] GC(283) Large Pages: 0 / 0M, Empty: 0M, Relocated: 0M, In-Place: 0
[324.220s][info][gc,reloc    ] GC(283) Forwarding Usage: 0M
[324.220s][info][gc,heap     ] GC(283) Min Capacity: 8M(2%)
[324.220s][info][gc,heap     ] GC(283) Max Capacity: 512M(100%)
[324.220s][info][gc,heap     ] GC(283) Soft Max Capacity: 512M(100%)
[324.221s][info][gc,heap     ] GC(283)                Mark Start          Mark End        Relocate Start      Relocate End           High               Low         
[324.221s][info][gc,heap     ] GC(283)  Capacity:      464M (91%)         464M (91%)         464M (91%)         464M (91%)         464M (91%)         464M (91%)    
[324.221s][info][gc,heap     ] GC(283)      Free:       88M (17%)          78M (15%)         422M (82%)         490M (96%)         490M (96%)          76M (15%)    
[324.221s][info][gc,heap     ] GC(283)      Used:      424M (83%)         434M (85%)          90M (18%)          22M (4%)          436M (85%)          22M (4%)     
[324.221s][info][gc,heap     ] GC(283)      Live:         -                 6M (1%)            6M (1%)            6M (1%)             -                  -          
[324.221s][info][gc,heap     ] GC(283) Allocated:         -                10M (2%)           14M (3%)           13M (3%)             -                  -          
[324.221s][info][gc,heap     ] GC(283)   Garbage:         -               417M (82%)          69M (14%)           1M (0%)             -                  -          
[324.221s][info][gc,heap     ] GC(283) Reclaimed:         -                  -               348M (68%)         415M (81%)            -                  -          
[324.221s][info][gc          ] GC(283) Garbage Collection (Allocation Rate) 424M(83%)->22M(4%)
[324.741s][info][gc,start    ] GC(284) Garbage Collection (System.gc())
[324.742s][info][gc,task     ] GC(284) Using 5 workers
[324.742s][info][gc,phases   ] GC(284) Pause Mark Start 0.016ms
[324.764s][info][gc,phases   ] GC(284) Concurrent Mark 22.430ms
[324.764s][info][gc,phases   ] GC(284) Pause Mark End 0.017ms
[324.764s][info][gc,phases   ] GC(284) Concurrent Mark Free 0.001ms
[324.766s][info][gc,phases   ] GC(284) Concurrent Process Non-Strong References 1.723ms
[324.766s][info][gc,phases   ] GC(284) Concurrent Reset Relocation Set 0.006ms
[324.770s][info][gc,phases   ] GC(284) Concurrent Select Relocation Set 3.729ms
[324.770s][info][gc,phases   ] GC(284) Pause Relocate Start 0.007ms
[324.772s][info][gc,phases   ] GC(284) Concurrent Relocate 1.476ms
[324.772s][info][gc,load     ] GC(284) Load: 0.00/0.00/0.00
[324.772s][info][gc,mmu      ] GC(284) MMU: 2ms/98.6%, 5ms/99.5%, 10ms/99.6%, 20ms/99.8%, 50ms/99.9%, 100ms/99.9%
[324.772s][info][gc,marking  ] GC(284) Mark: 4 stripe(s), 2 proactive flush(es), 1 terminate flush(es), 0 completion(s), 0 continuation(s) 
[324.772s][info][gc,marking  ] GC(284) Mark Stack Usage: 32M
[324.772s][info][gc,nmethod  ] GC(284) NMethods: 2015 registered, 374 unregistered
[324.772s][info][gc,metaspace] GC(284) Metaspace: 9M used, 10M committed, 1088M reserved
[324.772s][info][gc,ref      ] GC(284) Soft: 214 encountered, 0 discovered, 0 enqueued
[324.772s][info][gc,ref      ] GC(284) Weak: 811 encountered, 420 discovered, 0 enqueued
[324.772s][info][gc,ref      ] GC(284) Final: 0 encountered, 0 discovered, 0 enqueued
[324.772s][info][gc,ref      ] GC(284) Phantom: 27 encountered, 20 discovered, 0 enqueued
[324.772s][info][gc,reloc    ] GC(284) Small Pages: 96 / 192M, Empty: 180M, Relocated: 1M, In-Place: 0
[324.772s][info][gc,reloc    ] GC(284) Medium Pages: 0 / 0M, Empty: 0M, Relocated: 0M, In-Place: 0
[324.772s][info][gc,reloc    ] GC(284) Large Pages: 0 / 0M, Empty: 0M, Relocated: 0M, In-Place: 0
[324.772s][info][gc,reloc    ] GC(284) Forwarding Usage: 0M
[324.772s][info][gc,heap     ] GC(284) Min Capacity: 8M(2%)
[324.772s][info][gc,heap     ] GC(284) Max Capacity: 512M(100%)
[324.772s][info][gc,heap     ] GC(284) Soft Max Capacity: 512M(100%)
[324.772s][info][gc,heap     ] GC(284)                Mark Start          Mark End        Relocate Start      Relocate End           High               Low         
[324.772s][info][gc,heap     ] GC(284)  Capacity:      464M (91%)         464M (91%)         464M (91%)         464M (91%)         464M (91%)         464M (91%)    
[324.772s][info][gc,heap     ] GC(284)      Free:      320M (63%)         320M (63%)         500M (98%)         500M (98%)         500M (98%)         320M (63%)    
[324.772s][info][gc,heap     ] GC(284)      Used:      192M (38%)         192M (38%)          12M (2%)           12M (2%)          192M (38%)          12M (2%)     
[324.772s][info][gc,heap     ] GC(284)      Live:         -                 4M (1%)            4M (1%)            4M (1%)             -                  -          
[324.772s][info][gc,heap     ] GC(284) Allocated:         -                 0M (0%)            0M (0%)            0M (0%)             -                  -          
[324.772s][info][gc,heap     ] GC(284)   Garbage:         -               187M (37%)           7M (1%)            7M (1%)             -                  -          
[324.772s][info][gc,heap     ] GC(284) Reclaimed:         -                  -               180M (35%)         180M (35%)            -                  -          
[324.772s][info][gc          ] GC(284) Garbage Collection (System.gc()) 192M(38%)->12M(2%)
[325.983s][info][gc,start    ] GC(285) Garbage Collection (Allocation Rate)
[325.983s][info][gc,task     ] GC(285) Using 1 workers
[325.983s][info][gc,phases   ] GC(285) Pause Mark Start 0.017ms
[326.009s][info][gc,phases   ] GC(285) Concurrent Mark 26.122ms
[326.009s][info][gc,phases   ] GC(285) Pause Mark End 0.017ms
[326.009s][info][gc,phases   ] GC(285) Concurrent Mark Free 0.001ms
[326.017s][info][gc,phases   ] GC(285) Concurrent Process Non-Strong References 7.260ms
[326.017s][info][gc,phases   ] GC(285) Concurrent Reset Relocation Set 0.002ms
[326.022s][info][gc,phases   ] GC(285) Concurrent Select Relocation Set 5.207ms
[326.022s][info][gc,phases   ] GC(285) Pause Relocate Start 0.009ms
[326.027s][info][gc,phases   ] GC(285) Concurrent Relocate 5.070ms
[326.028s][info][gc,load     ] GC(285) Load: 0.00/0.00/0.00
[326.028s][info][gc,mmu      ] GC(285) MMU: 2ms/98.6%, 5ms/99.5%, 10ms/99.6%, 20ms/99.8%, 50ms/99.9%, 100ms/99.9%
[326.028s][info][gc,marking  ] GC(285) Mark: 1 stripe(s), 2 proactive flush(es), 1 terminate flush(es), 0 completion(s), 0 continuation(s) 
[326.028s][info][gc,marking  ] GC(285) Mark Stack Usage: 32M
[326.028s][info][gc,nmethod  ] GC(285) NMethods: 2015 registered, 374 unregistered
[326.028s][info][gc,metaspace] GC(285) Metaspace: 9M used, 10M committed, 1088M reserved
[326.028s][info][gc,ref      ] GC(285) Soft: 214 encountered, 0 discovered, 0 enqueued
[326.028s][info][gc,ref      ] GC(285) Weak: 811 encountered, 189 discovered, 0 enqueued
[326.028s][info][gc,ref      ] GC(285) Final: 0 encountered, 0 discovered, 0 enqueued
[326.028s][info][gc,ref      ] GC(285) Phantom: 27 encountered, 25 discovered, 0 enqueued
[326.028s][info][gc,reloc    ] GC(285) Small Pages: 197 / 394M, Empty: 232M, Relocated: 2M, In-Place: 0
[326.028s][info][gc,reloc    ] GC(285) Medium Pages: 0 / 0M, Empty: 0M, Relocated: 0M, In-Place: 0
[326.028s][info][gc,reloc    ] GC(285) Large Pages: 0 / 0M, Empty: 0M, Relocated: 0M, In-Place: 0
[326.028s][info][gc,reloc    ] GC(285) Forwarding Usage: 1M
[326.028s][info][gc,heap     ] GC(285) Min Capacity: 8M(2%)
[326.028s][info][gc,heap     ] GC(285) Max Capacity: 512M(100%)
[326.028s][info][gc,heap     ] GC(285) Soft Max Capacity: 512M(100%)
[326.028s][info][gc,heap     ] GC(285)                Mark Start          Mark End        Relocate Start      Relocate End           High               Low         
[326.028s][info][gc,heap     ] GC(285)  Capacity:      464M (91%)         464M (91%)         464M (91%)         464M (91%)         464M (91%)         464M (91%)    
[326.028s][info][gc,heap     ] GC(285)      Free:      118M (23%)         108M (21%)         336M (66%)         488M (95%)         488M (95%)         106M (21%)    
[326.028s][info][gc,heap     ] GC(285)      Used:      394M (77%)         404M (79%)         176M (34%)          24M (5%)          406M (79%)          24M (5%)     
[326.028s][info][gc,heap     ] GC(285)      Live:         -                 6M (1%)            6M (1%)            6M (1%)             -                  -          
[326.028s][info][gc,heap     ] GC(285) Allocated:         -                10M (2%)           14M (3%)           15M (3%)             -                  -          
[326.028s][info][gc,heap     ] GC(285)   Garbage:         -               387M (76%)         155M (30%)           1M (0%)             -                  -          
[326.028s][info][gc,heap     ] GC(285) Reclaimed:         -                  -               232M (45%)         385M (75%)            -                  -          
[326.028s][info][gc          ] GC(285) Garbage Collection (Allocation Rate) 394M(77%)->24M(5%)
[327.184s][info][gc,start    ] GC(286) Garbage Collection (Allocation Rate)
[327.185s][info][gc,task     ] GC(286) Using 1 workers
[327.185s][info][gc,phases   ] GC(286) Pause Mark Start 0.017ms
[327.211s][info][gc,phases   ] GC(286) Concurrent Mark 26.484ms
[327.212s][info][gc,phases   ] GC(286) Pause Mark End 0.017ms
[327.212s][info][gc,phases   ] GC(286) Concurrent Mark Free 0.001ms
[327.219s][info][gc,phases   ] GC(286) Concurrent Process Non-Strong References 7.279ms
[327.219s][info][gc,phases   ] GC(286) Concurrent Reset Relocation Set 0.013ms
[327.223s][info][gc,phases   ] GC(286) Concurrent Select Relocation Set 4.023ms
[327.223s][info][gc,phases   ] GC(286) Pause Relocate Start 0.012ms
[327.226s][info][gc,phases   ] GC(286) Concurrent Relocate 2.791ms
[327.226s][info][gc,load     ] GC(286) Load: 0.00/0.00/0.00
[327.226s][info][gc,mmu      ] GC(286) MMU: 2ms/98.6%, 5ms/99.5%, 10ms/99.6%, 20ms/99.8%, 50ms/99.9%, 100ms/99.9%
[327.226s][info][gc,marking  ] GC(286) Mark: 1 stripe(s), 2 proactive flush(es), 1 terminate flush(es), 0 completion(s), 0 continuation(s) 
[327.226s][info][gc,marking  ] GC(286) Mark Stack Usage: 32M
[327.226s][info][gc,nmethod  ] GC(286) NMethods: 2015 registered, 374 unregistered
[327.226s][info][gc,metaspace] GC(286) Metaspace: 9M used, 10M committed, 1088M reserved
[327.226s][info][gc,ref      ] GC(286) Soft: 214 encountered, 0 discovered, 0 enqueued
[327.226s][info][gc,ref      ] GC(286) Weak: 811 encountered, 9 discovered, 0 enqueued
[327.226s][info][gc,ref      ] GC(286) Final: 0 encountered, 0 discovered, 0 enqueued
[327.227s][info][gc,ref      ] GC(286) Phantom: 27 encountered, 14 discovered, 0 enqueued
[327.227s][info][gc,reloc    ] GC(286) Small Pages: 199 / 398M, Empty: 300M, Relocated: 1M, In-Place: 0
[327.227s][info][gc,reloc    ] GC(286) Medium Pages: 0 / 0M, Empty: 0M, Relocated: 0M, In-Place: 0
[327.227s][info][gc,reloc    ] GC(286) Large Pages: 0 / 0M, Empty: 0M, Relocated: 0M, In-Place: 0
[327.227s][info][gc,reloc    ] GC(286) Forwarding Usage: 0M
[327.227s][info][gc,heap     ] GC(286) Min Capacity: 8M(2%)
[327.227s][info][gc,heap     ] GC(286) Max Capacity: 512M(100%)
[327.227s][info][gc,heap     ] GC(286) Soft Max Capacity: 512M(100%)
[327.227s][info][gc,heap     ] GC(286)                Mark Start          Mark End        Relocate Start      Relocate End           High               Low         
[327.227s][info][gc,heap     ] GC(286)  Capacity:      464M (91%)         464M (91%)         464M (91%)         464M (91%)         464M (91%)         464M (91%)    
[327.227s][info][gc,heap     ] GC(286)      Free:      114M (22%)         104M (20%)         400M (78%)         490M (96%)         490M (96%)         102M (20%)    
[327.227s][info][gc,heap     ] GC(286)      Used:      398M (78%)         408M (80%)         112M (22%)          22M (4%)          410M (80%)          22M (4%)     
[327.227s][info][gc,heap     ] GC(286)      Live:         -                 6M (1%)            6M (1%)            6M (1%)             -                  -          
[327.227s][info][gc,heap     ] GC(286) Allocated:         -                10M (2%)           14M (3%)           13M (3%)             -                  -          
[327.227s][info][gc,heap     ] GC(286)   Garbage:         -               391M (76%)          91M (18%)           1M (0%)             -                  -          
[327.227s][info][gc,heap     ] GC(286) Reclaimed:         -                  -               300M (59%)         389M (76%)            -                  -          
[327.227s][info][gc          ] GC(286) Garbage Collection (Allocation Rate) 398M(78%)->22M(4%)
[328.481s][info][gc,start    ] GC(287) Garbage Collection (Allocation Rate)
[328.481s][info][gc,task     ] GC(287) Using 1 workers
[328.481s][info][gc,phases   ] GC(287) Pause Mark Start 0.019ms
[328.507s][info][gc,phases   ] GC(287) Concurrent Mark 25.903ms
[328.507s][info][gc,phases   ] GC(287) Pause Mark End 0.019ms
[328.508s][info][gc,phases   ] GC(287) Concurrent Mark Free 0.002ms
[328.515s][info][gc,phases   ] GC(287) Concurrent Process Non-Strong References 7.129ms
[328.515s][info][gc,phases   ] GC(287) Concurrent Reset Relocation Set 0.008ms
[328.520s][info][gc,phases   ] GC(287) Concurrent Select Relocation Set 5.157ms
[328.520s][info][gc,phases   ] GC(287) Pause Relocate Start 0.010ms
[328.527s][info][gc,phases   ] GC(287) Concurrent Relocate 7.023ms
[328.527s][info][gc,load     ] GC(287) Load: 0.00/0.00/0.00
[328.527s][info][gc,mmu      ] GC(287) MMU: 2ms/98.6%, 5ms/99.5%, 10ms/99.6%, 20ms/99.8%, 50ms/99.9%, 100ms/99.9%
[328.527s][info][gc,marking  ] GC(287) Mark: 1 stripe(s), 2 proactive flush(es), 1 terminate flush(es), 0 completion(s), 0 continuation(s) 
[328.527s][info][gc,marking  ] GC(287) Mark Stack Usage: 32M
[328.527s][info][gc,nmethod  ] GC(287) NMethods: 2015 registered, 374 unregistered
[328.527s][info][gc,metaspace] GC(287) Metaspace: 9M used, 10M committed, 1088M reserved
[328.527s][info][gc,ref      ] GC(287) Soft: 214 encountered, 0 discovered, 0 enqueued
[328.528s][info][gc,ref      ] GC(287) Weak: 811 encountered, 9 discovered, 0 enqueued
[328.528s][info][gc,ref      ] GC(287) Final: 0 encountered, 0 discovered, 0 enqueued
[328.528s][info][gc,ref      ] GC(287) Phantom: 27 encountered, 14 discovered, 0 enqueued
[328.528s][info][gc,reloc    ] GC(287) Small Pages: 209 / 418M, Empty: 300M, Relocated: 2M, In-Place: 0
[328.528s][info][gc,reloc    ] GC(287) Medium Pages: 0 / 0M, Empty: 0M, Relocated: 0M, In-Place: 0
[328.528s][info][gc,reloc    ] GC(287) Large Pages: 0 / 0M, Empty: 0M, Relocated: 0M, In-Place: 0
[328.528s][info][gc,reloc    ] GC(287) Forwarding Usage: 0M
[328.528s][info][gc,heap     ] GC(287) Min Capacity: 8M(2%)
[328.528s][info][gc,heap     ] GC(287) Max Capacity: 512M(100%)
[328.528s][info][gc,heap     ] GC(287) Soft Max Capacity: 512M(100%)
[328.528s][info][gc,heap     ] GC(287)                Mark Start          Mark End        Relocate Start      Relocate End           High               Low         
[328.528s][info][gc,heap     ] GC(287)  Capacity:      464M (91%)         464M (91%)         464M (91%)         464M (91%)         464M (91%)         464M (91%)    
[328.528s][info][gc,heap     ] GC(287)      Free:       94M (18%)          84M (16%)         380M (74%)         488M (95%)         488M (95%)          82M (16%)    
[328.528s][info][gc,heap     ] GC(287)      Used:      418M (82%)         428M (84%)         132M (26%)          24M (5%)          430M (84%)          24M (5%)     
[328.528s][info][gc,heap     ] GC(287)      Live:         -                 6M (1%)            6M (1%)            6M (1%)             -                  -          
[328.528s][info][gc,heap     ] GC(287) Allocated:         -                10M (2%)           14M (3%)           15M (3%)             -                  -          
[328.528s][info][gc,heap     ] GC(287)   Garbage:         -               411M (80%)         111M (22%)           1M (0%)             -                  -          
[328.528s][info][gc,heap     ] GC(287) Reclaimed:         -                  -               300M (59%)         409M (80%)            -                  -          
[328.528s][info][gc          ] GC(287) Garbage Collection (Allocation Rate) 418M(82%)->24M(5%)
[329.684s][info][gc,start    ] GC(288) Garbage Collection (Proactive)
[329.684s][info][gc,task     ] GC(288) Using 5 workers
[329.684s][info][gc,phases   ] GC(288) Pause Mark Start 0.018ms
[329.699s][info][gc,phases   ] GC(288) Concurrent Mark 15.196ms
[329.699s][info][gc,phases   ] GC(288) Pause Mark End 0.017ms
[329.700s][info][gc,phases   ] GC(288) Concurrent Mark Free 0.002ms
[329.701s][info][gc,phases   ] GC(288) Concurrent Process Non-Strong References 1.724ms
[329.701s][info][gc,phases   ] GC(288) Concurrent Reset Relocation Set 0.007ms
[329.705s][info][gc,phases   ] GC(288) Concurrent Select Relocation Set 3.755ms
[329.705s][info][gc,phases   ] GC(288) Pause Relocate Start 0.009ms
[329.707s][info][gc,phases   ] GC(288) Concurrent Relocate 1.640ms
[329.707s][info][gc,load     ] GC(288) Load: 0.00/0.00/0.00
[329.707s][info][gc,mmu      ] GC(288) MMU: 2ms/98.6%, 5ms/99.5%, 10ms/99.6%, 20ms/99.8%, 50ms/99.9%, 100ms/99.9%
[329.707s][info][gc,marking  ] GC(288) Mark: 4 stripe(s), 2 proactive flush(es), 1 terminate flush(es), 0 completion(s), 0 continuation(s) 
[329.707s][info][gc,marking  ] GC(288) Mark Stack Usage: 32M
[329.707s][info][gc,nmethod  ] GC(288) NMethods: 2015 registered, 374 unregistered
[329.707s][info][gc,metaspace] GC(288) Metaspace: 9M used, 10M committed, 1088M reserved
[329.707s][info][gc,ref      ] GC(288) Soft: 214 encountered, 0 discovered, 0 enqueued
[329.707s][info][gc,ref      ] GC(288) Weak: 811 encountered, 118 discovered, 0 enqueued
[329.707s][info][gc,ref      ] GC(288) Final: 0 encountered, 0 discovered, 0 enqueued
[329.707s][info][gc,ref      ] GC(288) Phantom: 27 encountered, 19 discovered, 0 enqueued
[329.707s][info][gc,reloc    ] GC(288) Small Pages: 194 / 388M, Empty: 340M, Relocated: 1M, In-Place: 0
[329.707s][info][gc,reloc    ] GC(288) Medium Pages: 0 / 0M, Empty: 0M, Relocated: 0M, In-Place: 0
[329.707s][info][gc,reloc    ] GC(288) Large Pages: 0 / 0M, Empty: 0M, Relocated: 0M, In-Place: 0
[329.707s][info][gc,reloc    ] GC(288) Forwarding Usage: 0M
[329.708s][info][gc,heap     ] GC(288) Min Capacity: 8M(2%)
[329.708s][info][gc,heap     ] GC(288) Max Capacity: 512M(100%)
[329.708s][info][gc,heap     ] GC(288) Soft Max Capacity: 512M(100%)
[329.708s][info][gc,heap     ] GC(288)                Mark Start          Mark End        Relocate Start      Relocate End           High               Low         
[329.708s][info][gc,heap     ] GC(288)  Capacity:      464M (91%)         464M (91%)         464M (91%)         464M (91%)         464M (91%)         464M (91%)    
[329.708s][info][gc,heap     ] GC(288)      Free:      124M (24%)         118M (23%)         456M (89%)         486M (95%)         486M (95%)         116M (23%)    
[329.708s][info][gc,heap     ] GC(288)      Used:      388M (76%)         394M (77%)          56M (11%)          26M (5%)          396M (77%)          26M (5%)     
[329.708s][info][gc,heap     ] GC(288)      Live:         -                 6M (1%)            6M (1%)            6M (1%)             -                  -          
[329.708s][info][gc,heap     ] GC(288) Allocated:         -                 6M (1%)            8M (2%)            9M (2%)             -                  -          
[329.708s][info][gc,heap     ] GC(288)   Garbage:         -               381M (75%)          41M (8%)            9M (2%)             -                  -          
[329.708s][info][gc,heap     ] GC(288) Reclaimed:         -                  -               340M (66%)         371M (73%)            -                  -          
[329.708s][info][gc          ] GC(288) Garbage Collection (Proactive) 388M(76%)->26M(5%)
[330.081s][info][gc,stats    ] === Garbage Collection Statistics =======================================================================================================================
[330.082s][info][gc,stats    ]                                                              Last 10s              Last 10m              Last 10h                Total
[330.082s][info][gc,stats    ]                                                              Avg / Max             Avg / Max             Avg / Max             Avg / Max
[330.082s][info][gc,stats    ]   Collector: Garbage Collection Cycle                     37.624 / 46.396       36.694 / 60.364       36.694 / 60.364       36.694 / 60.364      ms
[330.082s][info][gc,stats    ]  Contention: Mark Segment Reset Contention                     0 / 1                 0 / 6                 0 / 6                 0 / 6           ops/s
[330.082s][info][gc,stats    ]  Contention: Mark SeqNum Reset Contention                      0 / 0                 0 / 2                 0 / 2                 0 / 2           ops/s
[330.082s][info][gc,stats    ]    Critical: Allocation Stall                                  0 / 0                 0 / 0                 0 / 0                 0 / 0           ops/s
[330.082s][info][gc,stats    ]    Critical: Allocation Stall                              0.000 / 0.000         0.000 / 0.000         0.000 / 0.000         0.000 / 0.000       ms
[330.082s][info][gc,stats    ]    Critical: GC Locker Stall                                   0 / 0                 0 / 0                 0 / 0                 0 / 0           ops/s
[330.082s][info][gc,stats    ]    Critical: GC Locker Stall                               0.000 / 0.000         0.000 / 0.000         0.000 / 0.000         0.000 / 0.000       ms
[330.082s][info][gc,stats    ]    Critical: Relocation Stall                                  0 / 0                 0 / 0                 0 / 0                 0 / 0           ops/s
[330.082s][info][gc,stats    ]    Critical: Relocation Stall                              0.000 / 0.000         0.000 / 0.000         0.000 / 0.000         0.000 / 0.000       ms
[330.082s][info][gc,stats    ]      Memory: Allocation Rate                                 322 / 328             320 / 338             320 / 338             320 / 338         MB/s
[330.082s][info][gc,stats    ]      Memory: Defragment                                        0 / 0                 0 / 0                 0 / 0                 0 / 0           ops/s
[330.082s][info][gc,stats    ]      Memory: Out Of Memory                                     0 / 0                 0 / 0                 0 / 0                 0 / 0           ops/s
[330.082s][info][gc,stats    ]      Memory: Page Cache Flush                                  0 / 0                 0 / 0                 0 / 0                 0 / 0           MB/s
[330.082s][info][gc,stats    ]      Memory: Page Cache Hit L1                               163 / 168             161 / 174             161 / 174             161 / 174         ops/s
[330.082s][info][gc,stats    ]      Memory: Page Cache Hit L2                                 0 / 0                 0 / 0                 0 / 0                 0 / 0           ops/s
[330.082s][info][gc,stats    ]      Memory: Page Cache Hit L3                                 0 / 0                 0 / 77                0 / 77                0 / 77          ops/s
[330.082s][info][gc,stats    ]      Memory: Page Cache Miss                                   0 / 0                 0 / 1                 0 / 1                 0 / 1           ops/s
[330.082s][info][gc,stats    ]      Memory: Uncommit                                          0 / 0                 0 / 48                0 / 48                0 / 48          MB/s
[330.082s][info][gc,stats    ]      Memory: Undo Object Allocation Failed                     0 / 2                 0 / 11                0 / 11                0 / 11          ops/s
[330.082s][info][gc,stats    ]      Memory: Undo Object Allocation Succeeded                  0 / 3                 0 / 11                0 / 11                0 / 11          ops/s
[330.082s][info][gc,stats    ]      Memory: Undo Page Allocation                              2 / 4                 1 / 10                1 / 10                1 / 10          ops/s
[330.082s][info][gc,stats    ]       Phase: Concurrent Mark                              23.429 / 27.461       22.531 / 38.107       22.531 / 38.107       22.531 / 38.107      ms
[330.082s][info][gc,stats    ]       Phase: Concurrent Mark Continue                      0.000 / 0.000         0.000 / 0.000         0.000 / 0.000         0.000 / 0.000       ms
[330.082s][info][gc,stats    ]       Phase: Concurrent Mark Free                          0.001 / 0.002         0.001 / 0.002         0.001 / 0.002         0.001 / 0.002       ms
[330.082s][info][gc,stats    ]       Phase: Concurrent Process Non-Strong References      5.403 / 7.402         4.899 / 7.613         4.899 / 7.613         4.899 / 7.613       ms
[330.083s][info][gc,stats    ]       Phase: Concurrent Relocate                           3.460 / 7.023         3.509 / 8.950         3.509 / 8.950         3.509 / 8.950       ms
[330.083s][info][gc,stats    ]       Phase: Concurrent Reset Relocation Set               0.008 / 0.013         0.007 / 0.015         0.007 / 0.015         0.007 / 0.015       ms
[330.083s][info][gc,stats    ]       Phase: Concurrent Select Relocation Set              4.213 / 5.207         4.347 / 14.681        4.347 / 14.681        4.347 / 14.681      ms
[330.083s][info][gc,stats    ]       Phase: Pause Mark End                                0.017 / 0.019         0.017 / 0.022         0.017 / 0.022         0.017 / 0.022       ms
[330.083s][info][gc,stats    ]       Phase: Pause Mark Start                              0.017 / 0.019         0.017 / 0.027         0.017 / 0.027         0.017 / 0.027       ms
[330.083s][info][gc,stats    ]       Phase: Pause Relocate Start                          0.009 / 0.012         0.008 / 0.012         0.008 / 0.012         0.008 / 0.012       ms
[330.083s][info][gc,stats    ]    Subphase: Concurrent Classes Purge                      0.006 / 0.018         0.014 / 0.583         0.014 / 0.583         0.014 / 0.583       ms
[330.083s][info][gc,stats    ]    Subphase: Concurrent Classes Unlink                     4.490 / 6.161         4.030 / 6.192         4.030 / 6.192         4.030 / 6.192       ms
[330.083s][info][gc,stats    ]    Subphase: Concurrent Mark                              17.313 / 24.723       15.444 / 34.990       15.444 / 34.990       15.444 / 34.990      ms
[330.083s][info][gc,stats    ]    Subphase: Concurrent Mark Try Flush                     0.062 / 0.102         0.061 / 0.187         0.061 / 0.187         0.061 / 0.187       ms
[330.083s][info][gc,stats    ]    Subphase: Concurrent Mark Try Terminate                 3.865 / 15.607        3.414 / 16.488        3.414 / 16.488        3.414 / 16.488      ms
[330.083s][info][gc,stats    ]    Subphase: Concurrent References Enqueue                 0.000 / 0.001         0.000 / 0.005         0.000 / 0.005         0.000 / 0.005       ms
[330.083s][info][gc,stats    ]    Subphase: Concurrent References Process                 0.040 / 0.060         0.046 / 0.114         0.046 / 0.114         0.046 / 0.114       ms
[330.083s][info][gc,stats    ]    Subphase: Concurrent Roots ClassLoaderDataGraph         0.145 / 0.364         0.151 / 0.631         0.151 / 0.631         0.151 / 0.631       ms
[330.083s][info][gc,stats    ]    Subphase: Concurrent Roots CodeCache                    0.000 / 0.000         0.000 / 0.000         0.000 / 0.000         0.000 / 0.000       ms
[330.083s][info][gc,stats    ]    Subphase: Concurrent Roots JavaThreads                  1.110 / 2.268         0.995 / 2.716         0.995 / 2.716         0.995 / 2.716       ms
[330.083s][info][gc,stats    ]    Subphase: Concurrent Roots OopStorageSet                0.033 / 0.063         0.032 / 0.136         0.032 / 0.136         0.032 / 0.136       ms
[330.083s][info][gc,stats    ]    Subphase: Concurrent Weak Roots OopStorageSet           0.430 / 1.106         0.398 / 1.768         0.398 / 1.768         0.398 / 1.768       ms
[330.083s][info][gc,stats    ]    Subphase: Pause Mark Try Complete                       0.000 / 0.000         0.000 / 0.000         0.000 / 0.000         0.000 / 0.000       ms
[330.083s][info][gc,stats    ]      System: Java Threads                                     40 / 40               37 / 41               37 / 41               37 / 41          threads
[330.083s][info][gc,stats    ] =========================================================================================================================================================
[330.885s][info][gc,start    ] GC(289) Garbage Collection (Allocation Rate)
[330.885s][info][gc,task     ] GC(289) Using 1 workers
[330.886s][info][gc,phases   ] GC(289) Pause Mark Start 0.017ms
[330.910s][info][gc,phases   ] GC(289) Concurrent Mark 24.426ms
[330.910s][info][gc,phases   ] GC(289) Pause Mark End 0.013ms
[330.910s][info][gc,phases   ] GC(289) Concurrent Mark Free 0.001ms
[330.918s][info][gc,phases   ] GC(289) Concurrent Process Non-Strong References 7.368ms
[330.918s][info][gc,phases   ] GC(289) Concurrent Reset Relocation Set 0.004ms
[330.922s][info][gc,phases   ] GC(289) Concurrent Select Relocation Set 3.704ms
[330.922s][info][gc,phases   ] GC(289) Pause Relocate Start 0.005ms
[330.925s][info][gc,phases   ] GC(289) Concurrent Relocate 3.648ms
[330.925s][info][gc,load     ] GC(289) Load: 0.00/0.00/0.00
[330.925s][info][gc,mmu      ] GC(289) MMU: 2ms/98.6%, 5ms/99.5%, 10ms/99.6%, 20ms/99.8%, 50ms/99.9%, 100ms/99.9%
[330.926s][info][gc,marking  ] GC(289) Mark: 1 stripe(s), 2 proactive flush(es), 1 terminate flush(es), 0 completion(s), 0 continuation(s) 
[330.926s][info][gc,marking  ] GC(289) Mark Stack Usage: 32M
[330.926s][info][gc,nmethod  ] GC(289) NMethods: 2015 registered, 374 unregistered
[330.926s][info][gc,metaspace] GC(289) Metaspace: 9M used, 10M committed, 1088M reserved
[330.926s][info][gc,ref      ] GC(289) Soft: 214 encountered, 0 discovered, 0 enqueued
[330.926s][info][gc,ref      ] GC(289) Weak: 811 encountered, 9 discovered, 0 enqueued
[330.926s][info][gc,ref      ] GC(289) Final: 0 encountered, 0 discovered, 0 enqueued
[330.926s][info][gc,ref      ] GC(289) Phantom: 27 encountered, 14 discovered, 0 enqueued
[330.926s][info][gc,reloc    ] GC(289) Small Pages: 205 / 410M, Empty: 330M, Relocated: 1M, In-Place: 0
[330.926s][info][gc,reloc    ] GC(289) Medium Pages: 0 / 0M, Empty: 0M, Relocated: 0M, In-Place: 0
[330.926s][info][gc,reloc    ] GC(289) Large Pages: 0 / 0M, Empty: 0M, Relocated: 0M, In-Place: 0
[330.926s][info][gc,reloc    ] GC(289) Forwarding Usage: 0M
[330.926s][info][gc,heap     ] GC(289) Min Capacity: 8M(2%)
[330.926s][info][gc,heap     ] GC(289) Max Capacity: 512M(100%)
[330.926s][info][gc,heap     ] GC(289) Soft Max Capacity: 512M(100%)
[330.926s][info][gc,heap     ] GC(289)                Mark Start          Mark End        Relocate Start      Relocate End           High               Low         
[330.926s][info][gc,heap     ] GC(289)  Capacity:      464M (91%)         464M (91%)         464M (91%)         464M (91%)         464M (91%)         464M (91%)    
[330.926s][info][gc,heap     ] GC(289)      Free:      102M (20%)          92M (18%)         418M (82%)         490M (96%)         490M (96%)          90M (18%)    
[330.926s][info][gc,heap     ] GC(289)      Used:      410M (80%)         420M (82%)          94M (18%)          22M (4%)          422M (82%)          22M (4%)     
[330.926s][info][gc,heap     ] GC(289)      Live:         -                 6M (1%)            6M (1%)            6M (1%)             -                  -          
[330.926s][info][gc,heap     ] GC(289) Allocated:         -                10M (2%)           14M (3%)           13M (3%)             -                  -          
[330.926s][info][gc,heap     ] GC(289)   Garbage:         -               403M (79%)          73M (14%)           1M (0%)             -                  -          
[330.926s][info][gc,heap     ] GC(289) Reclaimed:         -                  -               330M (64%)         401M (79%)            -                  -          
[330.926s][info][gc          ] GC(289) Garbage Collection (Allocation Rate) 410M(80%)->22M(4%)
[331.639s][info][gc,start    ] GC(290) Garbage Collection (System.gc())
[331.640s][info][gc,task     ] GC(290) Using 5 workers
[331.640s][info][gc,phases   ] GC(290) Pause Mark Start 0.018ms
[331.649s][info][gc,phases   ] GC(290) Concurrent Mark 9.520ms
[331.649s][info][gc,phases   ] GC(290) Pause Mark End 0.018ms
[331.650s][info][gc,phases   ] GC(290) Concurrent Mark Free 0.001ms
[331.651s][info][gc,phases   ] GC(290) Concurrent Process Non-Strong References 1.742ms
[331.651s][info][gc,phases   ] GC(290) Concurrent Reset Relocation Set 0.007ms
[331.655s][info][gc,phases   ] GC(290) Concurrent Select Relocation Set 3.663ms
[331.655s][info][gc,phases   ] GC(290) Pause Relocate Start 0.009ms
[331.657s][info][gc,phases   ] GC(290) Concurrent Relocate 1.524ms
[331.657s][info][gc,load     ] GC(290) Load: 0.00/0.00/0.00
[331.657s][info][gc,mmu      ] GC(290) MMU: 2ms/98.6%, 5ms/99.5%, 10ms/99.6%, 20ms/99.8%, 50ms/99.9%, 100ms/99.9%
[331.657s][info][gc,marking  ] GC(290) Mark: 4 stripe(s), 1 proactive flush(es), 1 terminate flush(es), 0 completion(s), 0 continuation(s) 
[331.657s][info][gc,marking  ] GC(290) Mark Stack Usage: 32M
[331.657s][info][gc,nmethod  ] GC(290) NMethods: 2015 registered, 374 unregistered
[331.657s][info][gc,metaspace] GC(290) Metaspace: 9M used, 10M committed, 1088M reserved
[331.657s][info][gc,ref      ] GC(290) Soft: 214 encountered, 0 discovered, 0 enqueued
[331.657s][info][gc,ref      ] GC(290) Weak: 811 encountered, 14 discovered, 0 enqueued
[331.657s][info][gc,ref      ] GC(290) Final: 0 encountered, 0 discovered, 0 enqueued
[331.657s][info][gc,ref      ] GC(290) Phantom: 27 encountered, 20 discovered, 0 enqueued
[331.657s][info][gc,reloc    ] GC(290) Small Pages: 124 / 248M, Empty: 236M, Relocated: 1M, In-Place: 0
[331.657s][info][gc,reloc    ] GC(290) Medium Pages: 0 / 0M, Empty: 0M, Relocated: 0M, In-Place: 0
[331.657s][info][gc,reloc    ] GC(290) Large Pages: 0 / 0M, Empty: 0M, Relocated: 0M, In-Place: 0
[331.657s][info][gc,reloc    ] GC(290) Forwarding Usage: 0M
[331.657s][info][gc,heap     ] GC(290) Min Capacity: 8M(2%)
[331.657s][info][gc,heap     ] GC(290) Max Capacity: 512M(100%)
[331.657s][info][gc,heap     ] GC(290) Soft Max Capacity: 512M(100%)
[331.657s][info][gc,heap     ] GC(290)                Mark Start          Mark End        Relocate Start      Relocate End           High               Low         
[331.657s][info][gc,heap     ] GC(290)  Capacity:      464M (91%)         464M (91%)         464M (91%)         464M (91%)         464M (91%)         464M (91%)    
[331.657s][info][gc,heap     ] GC(290)      Free:      264M (52%)         264M (52%)         500M (98%)         500M (98%)         500M (98%)         264M (52%)    
[331.657s][info][gc,heap     ] GC(290)      Used:      248M (48%)         248M (48%)          12M (2%)           12M (2%)          248M (48%)          12M (2%)     
[331.657s][info][gc,heap     ] GC(290)      Live:         -                 4M (1%)            4M (1%)            4M (1%)             -                  -          
[331.658s][info][gc,heap     ] GC(290) Allocated:         -                 0M (0%)            0M (0%)            0M (0%)             -                  -          
[331.658s][info][gc,heap     ] GC(290)   Garbage:         -               243M (47%)           7M (1%)            7M (1%)             -                  -          
[331.658s][info][gc,heap     ] GC(290) Reclaimed:         -                  -               236M (46%)         236M (46%)            -                  -          
[331.658s][info][gc          ] GC(290) Garbage Collection (System.gc()) 248M(48%)->12M(2%)
[332.976s][info][gc,start    ] GC(291) Garbage Collection (Allocation Rate)
[332.976s][info][gc,task     ] GC(291) Using 1 workers
[332.976s][info][gc,phases   ] GC(291) Pause Mark Start 0.018ms
[333.003s][info][gc,phases   ] GC(291) Concurrent Mark 26.781ms
[333.003s][info][gc,phases   ] GC(291) Pause Mark End 0.018ms
[333.003s][info][gc,phases   ] GC(291) Concurrent Mark Free 0.002ms
[333.011s][info][gc,phases   ] GC(291) Concurrent Process Non-Strong References 7.415ms
[333.011s][info][gc,phases   ] GC(291) Concurrent Reset Relocation Set 0.002ms
[333.016s][info][gc,phases   ] GC(291) Concurrent Select Relocation Set 5.091ms
[333.016s][info][gc,phases   ] GC(291) Pause Relocate Start 0.008ms
[333.021s][info][gc,phases   ] GC(291) Concurrent Relocate 4.785ms
[333.021s][info][gc,load     ] GC(291) Load: 0.00/0.00/0.00
[333.021s][info][gc,mmu      ] GC(291) MMU: 2ms/98.6%, 5ms/99.5%, 10ms/99.6%, 20ms/99.8%, 50ms/99.9%, 100ms/99.9%
[333.021s][info][gc,marking  ] GC(291) Mark: 1 stripe(s), 2 proactive flush(es), 1 terminate flush(es), 0 completion(s), 0 continuation(s) 
[333.021s][info][gc,marking  ] GC(291) Mark Stack Usage: 32M
[333.021s][info][gc,nmethod  ] GC(291) NMethods: 2015 registered, 374 unregistered
[333.021s][info][gc,metaspace] GC(291) Metaspace: 9M used, 10M committed, 1088M reserved
[333.021s][info][gc,ref      ] GC(291) Soft: 214 encountered, 0 discovered, 0 enqueued
[333.021s][info][gc,ref      ] GC(291) Weak: 811 encountered, 9 discovered, 0 enqueued
[333.021s][info][gc,ref      ] GC(291) Final: 0 encountered, 0 discovered, 0 enqueued
[333.021s][info][gc,ref      ] GC(291) Phantom: 27 encountered, 14 discovered, 0 enqueued
[333.021s][info][gc,reloc    ] GC(291) Small Pages: 218 / 436M, Empty: 280M, Relocated: 2M, In-Place: 0
[333.021s][info][gc,reloc    ] GC(291) Medium Pages: 0 / 0M, Empty: 0M, Relocated: 0M, In-Place: 0
[333.021s][info][gc,reloc    ] GC(291) Large Pages: 0 / 0M, Empty: 0M, Relocated: 0M, In-Place: 0
[333.021s][info][gc,reloc    ] GC(291) Forwarding Usage: 1M
[333.021s][info][gc,heap     ] GC(291) Min Capacity: 8M(2%)
[333.022s][info][gc,heap     ] GC(291) Max Capacity: 512M(100%)
[333.022s][info][gc,heap     ] GC(291) Soft Max Capacity: 512M(100%)
[333.022s][info][gc,heap     ] GC(291)                Mark Start          Mark End        Relocate Start      Relocate End           High               Low         
[333.022s][info][gc,heap     ] GC(291)  Capacity:      464M (91%)         464M (91%)         464M (91%)         464M (91%)         464M (91%)         464M (91%)    
[333.022s][info][gc,heap     ] GC(291)      Free:       76M (15%)          66M (13%)         342M (67%)         488M (95%)         488M (95%)          64M (13%)    
[333.022s][info][gc,heap     ] GC(291)      Used:      436M (85%)         446M (87%)         170M (33%)          24M (5%)          448M (88%)          24M (5%)     
[333.022s][info][gc,heap     ] GC(291)      Live:         -                 6M (1%)            6M (1%)            6M (1%)             -                  -          
[333.022s][info][gc,heap     ] GC(291) Allocated:         -                10M (2%)           14M (3%)           15M (3%)             -                  -          
[333.022s][info][gc,heap     ] GC(291)   Garbage:         -               429M (84%)         149M (29%)           1M (0%)             -                  -          
[333.022s][info][gc,heap     ] GC(291) Reclaimed:         -                  -               280M (55%)         427M (84%)            -                  -          
[333.022s][info][gc          ] GC(291) Garbage Collection (Allocation Rate) 436M(85%)->24M(5%)
[334.177s][info][gc,start    ] GC(292) Garbage Collection (Proactive)
[334.177s][info][gc,task     ] GC(292) Using 5 workers
[334.178s][info][gc,phases   ] GC(292) Pause Mark Start 0.019ms
[334.193s][info][gc,phases   ] GC(292) Concurrent Mark 15.179ms
[334.193s][info][gc,phases   ] GC(292) Pause Mark End 0.018ms
[334.193s][info][gc,phases   ] GC(292) Concurrent Mark Free 0.002ms
[334.195s][info][gc,phases   ] GC(292) Concurrent Process Non-Strong References 1.738ms
[334.195s][info][gc,phases   ] GC(292) Concurrent Reset Relocation Set 0.010ms
[334.199s][info][gc,phases   ] GC(292) Concurrent Select Relocation Set 3.874ms
[334.199s][info][gc,phases   ] GC(292) Pause Relocate Start 0.009ms
[334.201s][info][gc,phases   ] GC(292) Concurrent Relocate 1.505ms
[334.201s][info][gc,load     ] GC(292) Load: 0.00/0.00/0.00
[334.201s][info][gc,mmu      ] GC(292) MMU: 2ms/98.6%, 5ms/99.5%, 10ms/99.6%, 20ms/99.8%, 50ms/99.9%, 100ms/99.9%
[334.201s][info][gc,marking  ] GC(292) Mark: 4 stripe(s), 2 proactive flush(es), 1 terminate flush(es), 0 completion(s), 0 continuation(s) 
[334.201s][info][gc,marking  ] GC(292) Mark Stack Usage: 32M
[334.201s][info][gc,nmethod  ] GC(292) NMethods: 2015 registered, 374 unregistered
[334.201s][info][gc,metaspace] GC(292) Metaspace: 9M used, 10M committed, 1088M reserved
[334.201s][info][gc,ref      ] GC(292) Soft: 214 encountered, 0 discovered, 0 enqueued
[334.201s][info][gc,ref      ] GC(292) Weak: 811 encountered, 334 discovered, 0 enqueued
[334.201s][info][gc,ref      ] GC(292) Final: 0 encountered, 0 discovered, 0 enqueued
[334.201s][info][gc,ref      ] GC(292) Phantom: 27 encountered, 22 discovered, 0 enqueued
[334.201s][info][gc,reloc    ] GC(292) Small Pages: 191 / 382M, Empty: 286M, Relocated: 1M, In-Place: 0
[334.201s][info][gc,reloc    ] GC(292) Medium Pages: 0 / 0M, Empty: 0M, Relocated: 0M, In-Place: 0
[334.201s][info][gc,reloc    ] GC(292) Large Pages: 0 / 0M, Empty: 0M, Relocated: 0M, In-Place: 0
[334.201s][info][gc,reloc    ] GC(292) Forwarding Usage: 0M
[334.201s][info][gc,heap     ] GC(292) Min Capacity: 8M(2%)
[334.201s][info][gc,heap     ] GC(292) Max Capacity: 512M(100%)
[334.201s][info][gc,heap     ] GC(292) Soft Max Capacity: 512M(100%)
[334.201s][info][gc,heap     ] GC(292)                Mark Start          Mark End        Relocate Start      Relocate End           High               Low         
[334.201s][info][gc,heap     ] GC(292)  Capacity:      464M (91%)         464M (91%)         464M (91%)         464M (91%)         464M (91%)         464M (91%)    
[334.201s][info][gc,heap     ] GC(292)      Free:      130M (25%)         122M (24%)         408M (80%)         488M (95%)         488M (95%)         122M (24%)    
[334.201s][info][gc,heap     ] GC(292)      Used:      382M (75%)         390M (76%)         104M (20%)          24M (5%)          390M (76%)          24M (5%)     
[334.201s][info][gc,heap     ] GC(292)      Live:         -                 6M (1%)            6M (1%)            6M (1%)             -                  -          
[334.201s][info][gc,heap     ] GC(292) Allocated:         -                 8M (2%)            8M (2%)            7M (2%)             -                  -          
[334.201s][info][gc,heap     ] GC(292)   Garbage:         -               375M (73%)          89M (18%)           9M (2%)             -                  -          
[334.201s][info][gc,heap     ] GC(292) Reclaimed:         -                  -               286M (56%)         365M (71%)            -                  -          
[334.202s][info][gc          ] GC(292) Garbage Collection (Proactive) 382M(75%)->24M(5%)
[335.488s][info][gc,start    ] GC(293) Garbage Collection (Allocation Rate)
[335.488s][info][gc,task     ] GC(293) Using 1 workers
[335.488s][info][gc,phases   ] GC(293) Pause Mark Start 0.017ms
[335.516s][info][gc,phases   ] GC(293) Concurrent Mark 27.030ms
[335.516s][info][gc,phases   ] GC(293) Pause Mark End 0.013ms
[335.516s][info][gc,phases   ] GC(293) Concurrent Mark Free 0.001ms
[335.521s][info][gc,phases   ] GC(293) Concurrent Process Non-Strong References 5.300ms
[335.521s][info][gc,phases   ] GC(293) Concurrent Reset Relocation Set 0.007ms
[335.526s][info][gc,phases   ] GC(293) Concurrent Select Relocation Set 4.345ms
[335.526s][info][gc,phases   ] GC(293) Pause Relocate Start 0.007ms
[335.530s][info][gc,phases   ] GC(293) Concurrent Relocate 4.766ms
[335.531s][info][gc,load     ] GC(293) Load: 0.00/0.00/0.00
[335.531s][info][gc,mmu      ] GC(293) MMU: 2ms/98.6%, 5ms/99.5%, 10ms/99.6%, 20ms/99.8%, 50ms/99.9%, 100ms/99.9%
[335.531s][info][gc,marking  ] GC(293) Mark: 1 stripe(s), 2 proactive flush(es), 1 terminate flush(es), 0 completion(s), 0 continuation(s) 
[335.531s][info][gc,marking  ] GC(293) Mark Stack Usage: 32M
[335.531s][info][gc,nmethod  ] GC(293) NMethods: 2015 registered, 374 unregistered
[335.531s][info][gc,metaspace] GC(293) Metaspace: 9M used, 10M committed, 1088M reserved
[335.531s][info][gc,ref      ] GC(293) Soft: 214 encountered, 0 discovered, 0 enqueued
[335.531s][info][gc,ref      ] GC(293) Weak: 811 encountered, 9 discovered, 0 enqueued
[335.531s][info][gc,ref      ] GC(293) Final: 0 encountered, 0 discovered, 0 enqueued
[335.531s][info][gc,ref      ] GC(293) Phantom: 27 encountered, 14 discovered, 0 enqueued
[335.531s][info][gc,reloc    ] GC(293) Small Pages: 216 / 432M, Empty: 286M, Relocated: 1M, In-Place: 0
[335.531s][info][gc,reloc    ] GC(293) Medium Pages: 0 / 0M, Empty: 0M, Relocated: 0M, In-Place: 0
[335.531s][info][gc,reloc    ] GC(293) Large Pages: 0 / 0M, Empty: 0M, Relocated: 0M, In-Place: 0
[335.531s][info][gc,reloc    ] GC(293) Forwarding Usage: 0M
[335.531s][info][gc,heap     ] GC(293) Min Capacity: 8M(2%)
[335.531s][info][gc,heap     ] GC(293) Max Capacity: 512M(100%)
[335.531s][info][gc,heap     ] GC(293) Soft Max Capacity: 512M(100%)
[335.531s][info][gc,heap     ] GC(293)                Mark Start          Mark End        Relocate Start      Relocate End           High               Low         
[335.531s][info][gc,heap     ] GC(293)  Capacity:      464M (91%)         464M (91%)         464M (91%)         464M (91%)         464M (91%)         464M (91%)    
[335.531s][info][gc,heap     ] GC(293)      Free:       80M (16%)          70M (14%)         354M (69%)         490M (96%)         490M (96%)          68M (13%)    
[335.531s][info][gc,heap     ] GC(293)      Used:      432M (84%)         442M (86%)         158M (31%)          22M (4%)          444M (87%)          22M (4%)     
[335.531s][info][gc,heap     ] GC(293)      Live:         -                 6M (1%)            6M (1%)            6M (1%)             -                  -          
[335.531s][info][gc,heap     ] GC(293) Allocated:         -                10M (2%)           12M (2%)           13M (3%)             -                  -          
[335.531s][info][gc,heap     ] GC(293)   Garbage:         -               425M (83%)         139M (27%)           1M (0%)             -                  -          
[335.531s][info][gc,heap     ] GC(293) Reclaimed:         -                  -               286M (56%)         423M (83%)            -                  -          
[335.531s][info][gc          ] GC(293) Garbage Collection (Allocation Rate) 432M(84%)->22M(4%)
[336.877s][info][gc,start    ] GC(294) Garbage Collection (Allocation Rate)
[336.877s][info][gc,task     ] GC(294) Using 1 workers
[336.877s][info][gc,phases   ] GC(294) Pause Mark Start 0.018ms
[336.902s][info][gc,phases   ] GC(294) Concurrent Mark 24.883ms
[336.903s][info][gc,phases   ] GC(294) Pause Mark End 0.019ms
[336.903s][info][gc,phases   ] GC(294) Concurrent Mark Free 0.002ms
[336.910s][info][gc,phases   ] GC(294) Concurrent Process Non-Strong References 7.210ms
[336.910s][info][gc,phases   ] GC(294) Concurrent Reset Relocation Set 0.010ms
[336.914s][info][gc,phases   ] GC(294) Concurrent Select Relocation Set 3.784ms
[336.914s][info][gc,phases   ] GC(294) Pause Relocate Start 0.009ms
[336.917s][info][gc,phases   ] GC(294) Concurrent Relocate 2.398ms
[336.917s][info][gc,load     ] GC(294) Load: 0.00/0.00/0.00
[336.917s][info][gc,mmu      ] GC(294) MMU: 2ms/98.6%, 5ms/99.5%, 10ms/99.6%, 20ms/99.8%, 50ms/99.9%, 100ms/99.9%
[336.917s][info][gc,marking  ] GC(294) Mark: 1 stripe(s), 2 proactive flush(es), 1 terminate flush(es), 0 completion(s), 0 continuation(s) 
[336.917s][info][gc,marking  ] GC(294) Mark Stack Usage: 32M
[336.917s][info][gc,nmethod  ] GC(294) NMethods: 2015 registered, 374 unregistered
[336.917s][info][gc,metaspace] GC(294) Metaspace: 9M used, 10M committed, 1088M reserved
[336.917s][info][gc,ref      ] GC(294) Soft: 214 encountered, 0 discovered, 0 enqueued
[336.917s][info][gc,ref      ] GC(294) Weak: 811 encountered, 9 discovered, 0 enqueued
[336.917s][info][gc,ref      ] GC(294) Final: 0 encountered, 0 discovered, 0 enqueued
[336.917s][info][gc,ref      ] GC(294) Phantom: 27 encountered, 14 discovered, 0 enqueued
[336.917s][info][gc,reloc    ] GC(294) Small Pages: 218 / 436M, Empty: 392M, Relocated: 1M, In-Place: 0
[336.917s][info][gc,reloc    ] GC(294) Medium Pages: 0 / 0M, Empty: 0M, Relocated: 0M, In-Place: 0
[336.917s][info][gc,reloc    ] GC(294) Large Pages: 0 / 0M, Empty: 0M, Relocated: 0M, In-Place: 0
[336.917s][info][gc,reloc    ] GC(294) Forwarding Usage: 0M
[336.917s][info][gc,heap     ] GC(294) Min Capacity: 8M(2%)
[336.917s][info][gc,heap     ] GC(294) Max Capacity: 512M(100%)
[336.917s][info][gc,heap     ] GC(294) Soft Max Capacity: 512M(100%)
[336.917s][info][gc,heap     ] GC(294)                Mark Start          Mark End        Relocate Start      Relocate End           High               Low         
[336.917s][info][gc,heap     ] GC(294)  Capacity:      464M (91%)         464M (91%)         464M (91%)         464M (91%)         464M (91%)         464M (91%)    
[336.917s][info][gc,heap     ] GC(294)      Free:       76M (15%)          66M (13%)         456M (89%)         490M (96%)         490M (96%)          64M (13%)    
[336.917s][info][gc,heap     ] GC(294)      Used:      436M (85%)         446M (87%)          56M (11%)          22M (4%)          448M (88%)          22M (4%)     
[336.917s][info][gc,heap     ] GC(294)      Live:         -                 6M (1%)            6M (1%)            6M (1%)             -                  -          
[336.917s][info][gc,heap     ] GC(294) Allocated:         -                10M (2%)           12M (2%)           13M (3%)             -                  -          
[336.917s][info][gc,heap     ] GC(294)   Garbage:         -               429M (84%)          37M (7%)            1M (0%)             -                  -          
[336.917s][info][gc,heap     ] GC(294) Reclaimed:         -                  -               392M (77%)         427M (84%)            -                  -          
[336.917s][info][gc          ] GC(294) Garbage Collection (Allocation Rate) 436M(85%)->22M(4%)
[338.079s][info][gc,start    ] GC(295) Garbage Collection (Proactive)
[338.079s][info][gc,task     ] GC(295) Using 5 workers
[338.079s][info][gc,phases   ] GC(295) Pause Mark Start 0.017ms
[338.094s][info][gc,phases   ] GC(295) Concurrent Mark 15.174ms
[338.094s][info][gc,phases   ] GC(295) Pause Mark End 0.019ms
[338.094s][info][gc,phases   ] GC(295) Concurrent Mark Free 0.001ms
[338.096s][info][gc,phases   ] GC(295) Concurrent Process Non-Strong References 1.728ms
[338.096s][info][gc,phases   ] GC(295) Concurrent Reset Relocation Set 0.004ms
[338.100s][info][gc,phases   ] GC(295) Concurrent Select Relocation Set 3.768ms
[338.100s][info][gc,phases   ] GC(295) Pause Relocate Start 0.010ms
[338.103s][info][gc,phases   ] GC(295) Concurrent Relocate 2.344ms
[338.103s][info][gc,load     ] GC(295) Load: 0.00/0.00/0.00
[338.103s][info][gc,mmu      ] GC(295) MMU: 2ms/98.6%, 5ms/99.5%, 10ms/99.6%, 20ms/99.8%, 50ms/99.9%, 100ms/99.9%
[338.103s][info][gc,marking  ] GC(295) Mark: 4 stripe(s), 2 proactive flush(es), 1 terminate flush(es), 0 completion(s), 0 continuation(s) 
[338.103s][info][gc,marking  ] GC(295) Mark Stack Usage: 32M
[338.103s][info][gc,nmethod  ] GC(295) NMethods: 2015 registered, 374 unregistered
[338.103s][info][gc,metaspace] GC(295) Metaspace: 9M used, 10M committed, 1088M reserved
[338.103s][info][gc,ref      ] GC(295) Soft: 214 encountered, 0 discovered, 0 enqueued
[338.103s][info][gc,ref      ] GC(295) Weak: 811 encountered, 0 discovered, 0 enqueued
[338.103s][info][gc,ref      ] GC(295) Final: 0 encountered, 0 discovered, 0 enqueued
[338.103s][info][gc,ref      ] GC(295) Phantom: 27 encountered, 21 discovered, 0 enqueued
[338.103s][info][gc,reloc    ] GC(295) Small Pages: 197 / 394M, Empty: 344M, Relocated: 1M, In-Place: 0
[338.103s][info][gc,reloc    ] GC(295) Medium Pages: 0 / 0M, Empty: 0M, Relocated: 0M, In-Place: 0
[338.103s][info][gc,reloc    ] GC(295) Large Pages: 0 / 0M, Empty: 0M, Relocated: 0M, In-Place: 0
[338.103s][info][gc,reloc    ] GC(295) Forwarding Usage: 0M
[338.103s][info][gc,heap     ] GC(295) Min Capacity: 8M(2%)
[338.103s][info][gc,heap     ] GC(295) Max Capacity: 512M(100%)
[338.103s][info][gc,heap     ] GC(295) Soft Max Capacity: 512M(100%)
[338.103s][info][gc,heap     ] GC(295)                Mark Start          Mark End        Relocate Start      Relocate End           High               Low         
[338.103s][info][gc,heap     ] GC(295)  Capacity:      464M (91%)         464M (91%)         464M (91%)         464M (91%)         464M (91%)         464M (91%)    
[338.103s][info][gc,heap     ] GC(295)      Free:      118M (23%)         110M (21%)         452M (88%)         486M (95%)         486M (95%)         110M (21%)    
[338.103s][info][gc,heap     ] GC(295)      Used:      394M (77%)         402M (79%)          60M (12%)          26M (5%)          402M (79%)          26M (5%)     
[338.103s][info][gc,heap     ] GC(295)      Live:         -                 6M (1%)            6M (1%)            6M (1%)             -                  -          
[338.103s][info][gc,heap     ] GC(295) Allocated:         -                 8M (2%)           10M (2%)            9M (2%)             -                  -          
[338.103s][info][gc,heap     ] GC(295)   Garbage:         -               387M (76%)          43M (9%)            9M (2%)             -                  -          
[338.103s][info][gc,heap     ] GC(295) Reclaimed:         -                  -               344M (67%)         377M (74%)            -                  -          
[338.103s][info][gc          ] GC(295) Garbage Collection (Proactive) 394M(77%)->26M(5%)
[338.592s][info][gc,start    ] GC(296) Garbage Collection (System.gc())
[338.592s][info][gc,task     ] GC(296) Using 5 workers
[338.592s][info][gc,phases   ] GC(296) Pause Mark Start 0.017ms
[338.601s][info][gc,phases   ] GC(296) Concurrent Mark 8.741ms
[338.601s][info][gc,phases   ] GC(296) Pause Mark End 0.015ms
[338.615s][info][gc,phases   ] GC(296) Concurrent Mark Free 0.001ms
[338.616s][info][gc,phases   ] GC(296) Concurrent Process Non-Strong References 1.675ms
[338.616s][info][gc,phases   ] GC(296) Concurrent Reset Relocation Set 0.004ms
[338.620s][info][gc,phases   ] GC(296) Concurrent Select Relocation Set 3.777ms
[338.620s][info][gc,phases   ] GC(296) Pause Relocate Start 0.008ms
[338.622s][info][gc,phases   ] GC(296) Concurrent Relocate 1.610ms
[338.622s][info][gc,load     ] GC(296) Load: 0.00/0.00/0.00
[338.622s][info][gc,mmu      ] GC(296) MMU: 2ms/98.6%, 5ms/99.5%, 10ms/99.6%, 20ms/99.8%, 50ms/99.9%, 100ms/99.9%
[338.622s][info][gc,marking  ] GC(296) Mark: 4 stripe(s), 2 proactive flush(es), 1 terminate flush(es), 0 completion(s), 0 continuation(s) 
[338.622s][info][gc,marking  ] GC(296) Mark Stack Usage: 32M
[338.622s][info][gc,nmethod  ] GC(296) NMethods: 2015 registered, 374 unregistered
[338.622s][info][gc,metaspace] GC(296) Metaspace: 9M used, 10M committed, 1088M reserved
[338.622s][info][gc,ref      ] GC(296) Soft: 214 encountered, 0 discovered, 0 enqueued
[338.622s][info][gc,ref      ] GC(296) Weak: 811 encountered, 45 discovered, 0 enqueued
[338.622s][info][gc,ref      ] GC(296) Final: 0 encountered, 0 discovered, 0 enqueued
[338.622s][info][gc,ref      ] GC(296) Phantom: 27 encountered, 23 discovered, 0 enqueued
[338.622s][info][gc,reloc    ] GC(296) Small Pages: 91 / 182M, Empty: 168M, Relocated: 1M, In-Place: 0
[338.622s][info][gc,reloc    ] GC(296) Medium Pages: 0 / 0M, Empty: 0M, Relocated: 0M, In-Place: 0
[338.622s][info][gc,reloc    ] GC(296) Large Pages: 0 / 0M, Empty: 0M, Relocated: 0M, In-Place: 0
[338.622s][info][gc,reloc    ] GC(296) Forwarding Usage: 0M
[338.622s][info][gc,heap     ] GC(296) Min Capacity: 8M(2%)
[338.622s][info][gc,heap     ] GC(296) Max Capacity: 512M(100%)
[338.622s][info][gc,heap     ] GC(296) Soft Max Capacity: 512M(100%)
[338.622s][info][gc,heap     ] GC(296)                Mark Start          Mark End        Relocate Start      Relocate End           High               Low         
[338.623s][info][gc,heap     ] GC(296)  Capacity:      464M (91%)         464M (91%)         464M (91%)         464M (91%)         464M (91%)         464M (91%)    
[338.623s][info][gc,heap     ] GC(296)      Free:      330M (64%)         330M (64%)         498M (97%)         498M (97%)         498M (97%)         330M (64%)    
[338.623s][info][gc,heap     ] GC(296)      Used:      182M (36%)         182M (36%)          14M (3%)           14M (3%)          182M (36%)          14M (3%)     
[338.623s][info][gc,heap     ] GC(296)      Live:         -                 4M (1%)            4M (1%)            4M (1%)             -                  -          
[338.623s][info][gc,heap     ] GC(296) Allocated:         -                 0M (0%)            0M (0%)            0M (0%)             -                  -          
[338.623s][info][gc,heap     ] GC(296)   Garbage:         -               177M (35%)           9M (2%)            9M (2%)             -                  -          
[338.623s][info][gc,heap     ] GC(296) Reclaimed:         -                  -               168M (33%)         168M (33%)            -                  -          
[338.623s][info][gc          ] GC(296) Garbage Collection (System.gc()) 182M(36%)->14M(3%)
[339.881s][info][gc,start    ] GC(297) Garbage Collection (Allocation Rate)
[339.881s][info][gc,task     ] GC(297) Using 1 workers
[339.881s][info][gc,phases   ] GC(297) Pause Mark Start 0.017ms
[339.907s][info][gc,phases   ] GC(297) Concurrent Mark 26.119ms
[339.907s][info][gc,phases   ] GC(297) Pause Mark End 0.017ms
[339.908s][info][gc,phases   ] GC(297) Concurrent Mark Free 0.001ms
[339.915s][info][gc,phases   ] GC(297) Concurrent Process Non-Strong References 7.439ms
[339.915s][info][gc,phases   ] GC(297) Concurrent Reset Relocation Set 0.002ms
[339.920s][info][gc,phases   ] GC(297) Concurrent Select Relocation Set 5.145ms
[339.921s][info][gc,phases   ] GC(297) Pause Relocate Start 0.009ms
[339.925s][info][gc,phases   ] GC(297) Concurrent Relocate 4.845ms
[339.926s][info][gc,load     ] GC(297) Load: 0.00/0.00/0.00
[339.926s][info][gc,mmu      ] GC(297) MMU: 2ms/98.6%, 5ms/99.5%, 10ms/99.6%, 20ms/99.8%, 50ms/99.9%, 100ms/99.9%
[339.926s][info][gc,marking  ] GC(297) Mark: 1 stripe(s), 2 proactive flush(es), 1 terminate flush(es), 0 completion(s), 0 continuation(s) 
[339.926s][info][gc,marking  ] GC(297) Mark Stack Usage: 32M
[339.926s][info][gc,nmethod  ] GC(297) NMethods: 2015 registered, 375 unregistered
[339.926s][info][gc,metaspace] GC(297) Metaspace: 9M used, 10M committed, 1088M reserved
[339.926s][info][gc,ref      ] GC(297) Soft: 214 encountered, 0 discovered, 0 enqueued
[339.926s][info][gc,ref      ] GC(297) Weak: 811 encountered, 189 discovered, 0 enqueued
[339.926s][info][gc,ref      ] GC(297) Final: 0 encountered, 0 discovered, 0 enqueued
[339.926s][info][gc,ref      ] GC(297) Phantom: 27 encountered, 25 discovered, 0 enqueued
[339.926s][info][gc,reloc    ] GC(297) Small Pages: 205 / 410M, Empty: 224M, Relocated: 2M, In-Place: 0
[339.926s][info][gc,reloc    ] GC(297) Medium Pages: 0 / 0M, Empty: 0M, Relocated: 0M, In-Place: 0
[339.926s][info][gc,reloc    ] GC(297) Large Pages: 0 / 0M, Empty: 0M, Relocated: 0M, In-Place: 0
[339.926s][info][gc,reloc    ] GC(297) Forwarding Usage: 1M
[339.926s][info][gc,heap     ] GC(297) Min Capacity: 8M(2%)
[339.926s][info][gc,heap     ] GC(297) Max Capacity: 512M(100%)
[339.926s][info][gc,heap     ] GC(297) Soft Max Capacity: 512M(100%)
[339.926s][info][gc,heap     ] GC(297)                Mark Start          Mark End        Relocate Start      Relocate End           High               Low         
[339.926s][info][gc,heap     ] GC(297)  Capacity:      464M (91%)         464M (91%)         464M (91%)         464M (91%)         464M (91%)         464M (91%)    
[339.926s][info][gc,heap     ] GC(297)      Free:      102M (20%)          92M (18%)         312M (61%)         488M (95%)         488M (95%)          90M (18%)    
[339.926s][info][gc,heap     ] GC(297)      Used:      410M (80%)         420M (82%)         200M (39%)          24M (5%)          422M (82%)          24M (5%)     
[339.926s][info][gc,heap     ] GC(297)      Live:         -                 6M (1%)            6M (1%)            6M (1%)             -                  -          
[339.926s][info][gc,heap     ] GC(297) Allocated:         -                10M (2%)           14M (3%)           15M (3%)             -                  -          
[339.926s][info][gc,heap     ] GC(297)   Garbage:         -               403M (79%)         179M (35%)           1M (0%)             -                  -          
[339.926s][info][gc,heap     ] GC(297) Reclaimed:         -                  -               224M (44%)         401M (79%)            -                  -          
[339.926s][info][gc          ] GC(297) Garbage Collection (Allocation Rate) 410M(80%)->24M(5%)
[340.075s][info][gc,stats    ] === Garbage Collection Statistics =======================================================================================================================
[340.076s][info][gc,stats    ]                                                              Last 10s              Last 10m              Last 10h                Total
[340.076s][info][gc,stats    ]                                                              Avg / Max             Avg / Max             Avg / Max             Avg / Max
[340.076s][info][gc,stats    ]   Collector: Garbage Collection Cycle                     34.120 / 45.171       36.616 / 60.364       36.616 / 60.364       36.616 / 60.364      ms
[340.076s][info][gc,stats    ]  Contention: Mark Segment Reset Contention                     0 / 2                 0 / 6                 0 / 6                 0 / 6           ops/s
[340.076s][info][gc,stats    ]  Contention: Mark SeqNum Reset Contention                      0 / 1                 0 / 2                 0 / 2                 0 / 2           ops/s
[340.076s][info][gc,stats    ]    Critical: Allocation Stall                                  0 / 0                 0 / 0                 0 / 0                 0 / 0           ops/s
[340.076s][info][gc,stats    ]    Critical: Allocation Stall                              0.000 / 0.000         0.000 / 0.000         0.000 / 0.000         0.000 / 0.000       ms
[340.076s][info][gc,stats    ]    Critical: GC Locker Stall                                   0 / 0                 0 / 0                 0 / 0                 0 / 0           ops/s
[340.076s][info][gc,stats    ]    Critical: GC Locker Stall                               0.000 / 0.000         0.000 / 0.000         0.000 / 0.000         0.000 / 0.000       ms
[340.076s][info][gc,stats    ]    Critical: Relocation Stall                                  0 / 0                 0 / 0                 0 / 0                 0 / 0           ops/s
[340.076s][info][gc,stats    ]    Critical: Relocation Stall                              0.000 / 0.000         0.000 / 0.000         0.000 / 0.000         0.000 / 0.000       ms
[340.076s][info][gc,stats    ]      Memory: Allocation Rate                                 319 / 332             320 / 338             320 / 338             320 / 338         MB/s
[340.076s][info][gc,stats    ]      Memory: Defragment                                        0 / 0                 0 / 0                 0 / 0                 0 / 0           ops/s
[340.076s][info][gc,stats    ]      Memory: Out Of Memory                                     0 / 0                 0 / 0                 0 / 0                 0 / 0           ops/s
[340.076s][info][gc,stats    ]      Memory: Page Cache Flush                                  0 / 0                 0 / 0                 0 / 0                 0 / 0           MB/s
[340.076s][info][gc,stats    ]      Memory: Page Cache Hit L1                               162 / 167             161 / 174             161 / 174             161 / 174         ops/s
[340.076s][info][gc,stats    ]      Memory: Page Cache Hit L2                                 0 / 0                 0 / 0                 0 / 0                 0 / 0           ops/s
[340.076s][info][gc,stats    ]      Memory: Page Cache Hit L3                                 0 / 0                 0 / 77                0 / 77                0 / 77          ops/s
[340.076s][info][gc,stats    ]      Memory: Page Cache Miss                                   0 / 0                 0 / 1                 0 / 1                 0 / 1           ops/s
[340.076s][info][gc,stats    ]      Memory: Uncommit                                          0 / 0                 0 / 48                0 / 48                0 / 48          MB/s
[340.076s][info][gc,stats    ]      Memory: Undo Object Allocation Failed                     0 / 0                 0 / 11                0 / 11                0 / 11          ops/s
[340.076s][info][gc,stats    ]      Memory: Undo Object Allocation Succeeded                  0 / 2                 0 / 11                0 / 11                0 / 11          ops/s
[340.076s][info][gc,stats    ]      Memory: Undo Page Allocation                              2 / 4                 1 / 10                1 / 10                1 / 10          ops/s
[340.076s][info][gc,stats    ]       Phase: Concurrent Mark                              19.762 / 27.030       22.447 / 38.107       22.447 / 38.107       22.447 / 38.107      ms
[340.076s][info][gc,stats    ]       Phase: Concurrent Mark Continue                      0.000 / 0.000         0.000 / 0.000         0.000 / 0.000         0.000 / 0.000       ms
[340.076s][info][gc,stats    ]       Phase: Concurrent Mark Free                          0.001 / 0.002         0.001 / 0.002         0.001 / 0.002         0.001 / 0.002       ms
[340.076s][info][gc,stats    ]       Phase: Concurrent Process Non-Strong References      4.624 / 7.439         4.890 / 7.613         4.890 / 7.613         4.890 / 7.613       ms
[340.076s][info][gc,stats    ]       Phase: Concurrent Relocate                           3.047 / 4.845         3.495 / 8.950         3.495 / 8.950         3.495 / 8.950       ms
[340.076s][info][gc,stats    ]       Phase: Concurrent Reset Relocation Set               0.005 / 0.010         0.007 / 0.015         0.007 / 0.015         0.007 / 0.015       ms
[340.077s][info][gc,stats    ]       Phase: Concurrent Select Relocation Set              4.128 / 5.145         4.340 / 14.681        4.340 / 14.681        4.340 / 14.681      ms
[340.077s][info][gc,stats    ]       Phase: Pause Mark End                                0.017 / 0.019         0.017 / 0.022         0.017 / 0.022         0.017 / 0.022       ms
[340.077s][info][gc,stats    ]       Phase: Pause Mark Start                              0.017 / 0.019         0.017 / 0.027         0.017 / 0.027         0.017 / 0.027       ms
[340.077s][info][gc,stats    ]       Phase: Pause Relocate Start                          0.008 / 0.010         0.008 / 0.012         0.008 / 0.012         0.008 / 0.012       ms
[340.077s][info][gc,stats    ]    Subphase: Concurrent Classes Purge                      0.006 / 0.021         0.013 / 0.583         0.013 / 0.583         0.013 / 0.583       ms
[340.077s][info][gc,stats    ]    Subphase: Concurrent Classes Unlink                     3.792 / 6.180         4.022 / 6.192         4.022 / 6.192         4.022 / 6.192       ms
[340.077s][info][gc,stats    ]    Subphase: Concurrent Mark                              12.947 / 24.487       15.361 / 34.990       15.361 / 34.990       15.361 / 34.990      ms
[340.077s][info][gc,stats    ]    Subphase: Concurrent Mark Try Flush                     0.062 / 0.103         0.061 / 0.187         0.061 / 0.187         0.061 / 0.187       ms
[340.077s][info][gc,stats    ]    Subphase: Concurrent Mark Try Terminate                 2.856 / 8.987         3.397 / 16.488        3.397 / 16.488        3.397 / 16.488      ms
[340.077s][info][gc,stats    ]    Subphase: Concurrent References Enqueue                 0.000 / 0.001         0.000 / 0.005         0.000 / 0.005         0.000 / 0.005       ms
[340.077s][info][gc,stats    ]    Subphase: Concurrent References Process                 0.036 / 0.057         0.046 / 0.114         0.046 / 0.114         0.046 / 0.114       ms
[340.077s][info][gc,stats    ]    Subphase: Concurrent Roots ClassLoaderDataGraph         0.133 / 0.365         0.150 / 0.631         0.150 / 0.631         0.150 / 0.631       ms
[340.077s][info][gc,stats    ]    Subphase: Concurrent Roots CodeCache                    0.000 / 0.000         0.000 / 0.000         0.000 / 0.000         0.000 / 0.000       ms
[340.077s][info][gc,stats    ]    Subphase: Concurrent Roots JavaThreads                  0.925 / 2.120         0.992 / 2.716         0.992 / 2.716         0.992 / 2.716       ms
[340.077s][info][gc,stats    ]    Subphase: Concurrent Roots OopStorageSet                0.030 / 0.061         0.032 / 0.136         0.032 / 0.136         0.032 / 0.136       ms
[340.077s][info][gc,stats    ]    Subphase: Concurrent Weak Roots OopStorageSet           0.373 / 1.124         0.397 / 1.768         0.397 / 1.768         0.397 / 1.768       ms
[340.077s][info][gc,stats    ]    Subphase: Pause Mark Try Complete                       0.000 / 0.000         0.000 / 0.000         0.000 / 0.000         0.000 / 0.000       ms
[340.077s][info][gc,stats    ]      System: Java Threads                                     40 / 40               37 / 41               37 / 41               37 / 41          threads
[340.077s][info][gc,stats    ] =========================================================================================================================================================
[341.176s][info][gc,start    ] GC(298) Garbage Collection (Allocation Rate)
[341.176s][info][gc,task     ] GC(298) Using 1 workers
[341.176s][info][gc,phases   ] GC(298) Pause Mark Start 0.020ms
[341.205s][info][gc,phases   ] GC(298) Concurrent Mark 28.804ms
[341.205s][info][gc,phases   ] GC(298) Pause Mark End 0.014ms
[341.206s][info][gc,phases   ] GC(298) Concurrent Mark Free 0.001ms
[341.213s][info][gc,phases   ] GC(298) Concurrent Process Non-Strong References 7.429ms
[341.213s][info][gc,phases   ] GC(298) Concurrent Reset Relocation Set 0.015ms
[341.217s][info][gc,phases   ] GC(298) Concurrent Select Relocation Set 4.043ms
[341.217s][info][gc,phases   ] GC(298) Pause Relocate Start 0.006ms
[341.224s][info][gc,phases   ] GC(298) Concurrent Relocate 7.120ms
[341.225s][info][gc,load     ] GC(298) Load: 0.00/0.00/0.00
[341.225s][info][gc,mmu      ] GC(298) MMU: 2ms/98.6%, 5ms/99.5%, 10ms/99.6%, 20ms/99.8%, 50ms/99.9%, 100ms/99.9%
[341.225s][info][gc,marking  ] GC(298) Mark: 1 stripe(s), 2 proactive flush(es), 1 terminate flush(es), 0 completion(s), 0 continuation(s) 
[341.225s][info][gc,marking  ] GC(298) Mark Stack Usage: 32M
[341.225s][info][gc,nmethod  ] GC(298) NMethods: 2015 registered, 375 unregistered
[341.225s][info][gc,metaspace] GC(298) Metaspace: 9M used, 10M committed, 1088M reserved
[341.225s][info][gc,ref      ] GC(298) Soft: 214 encountered, 0 discovered, 0 enqueued
[341.225s][info][gc,ref      ] GC(298) Weak: 811 encountered, 9 discovered, 0 enqueued
[341.225s][info][gc,ref      ] GC(298) Final: 0 encountered, 0 discovered, 0 enqueued
[341.225s][info][gc,ref      ] GC(298) Phantom: 27 encountered, 14 discovered, 0 enqueued
[341.225s][info][gc,reloc    ] GC(298) Small Pages: 209 / 418M, Empty: 242M, Relocated: 2M, In-Place: 0
[341.225s][info][gc,reloc    ] GC(298) Medium Pages: 0 / 0M, Empty: 0M, Relocated: 0M, In-Place: 0
[341.225s][info][gc,reloc    ] GC(298) Large Pages: 0 / 0M, Empty: 0M, Relocated: 0M, In-Place: 0
[341.225s][info][gc,reloc    ] GC(298) Forwarding Usage: 1M
[341.225s][info][gc,heap     ] GC(298) Min Capacity: 8M(2%)
[341.225s][info][gc,heap     ] GC(298) Max Capacity: 512M(100%)
[341.225s][info][gc,heap     ] GC(298) Soft Max Capacity: 512M(100%)
[341.225s][info][gc,heap     ] GC(298)                Mark Start          Mark End        Relocate Start      Relocate End           High               Low         
[341.225s][info][gc,heap     ] GC(298)  Capacity:      464M (91%)         464M (91%)         464M (91%)         464M (91%)         464M (91%)         464M (91%)    
[341.225s][info][gc,heap     ] GC(298)      Free:       94M (18%)          84M (16%)         322M (63%)         486M (95%)         486M (95%)          80M (16%)    
[341.225s][info][gc,heap     ] GC(298)      Used:      418M (82%)         428M (84%)         190M (37%)          26M (5%)          432M (84%)          26M (5%)     
[341.225s][info][gc,heap     ] GC(298)      Live:         -                 6M (1%)            6M (1%)            6M (1%)             -                  -          
[341.225s][info][gc,heap     ] GC(298) Allocated:         -                10M (2%)           14M (3%)           17M (4%)             -                  -          
[341.225s][info][gc,heap     ] GC(298)   Garbage:         -               411M (80%)         169M (33%)           1M (0%)             -                  -          
[341.225s][info][gc,heap     ] GC(298) Reclaimed:         -                  -               242M (47%)         409M (80%)            -                  -          
[341.225s][info][gc          ] GC(298) Garbage Collection (Allocation Rate) 418M(82%)->26M(5%)
[342.480s][info][gc,start    ] GC(299) Garbage Collection (Allocation Rate)
[342.480s][info][gc,task     ] GC(299) Using 1 workers
[342.480s][info][gc,phases   ] GC(299) Pause Mark Start 0.017ms
[342.507s][info][gc,phases   ] GC(299) Concurrent Mark 26.457ms
[342.507s][info][gc,phases   ] GC(299) Pause Mark End 0.014ms
[342.507s][info][gc,phases   ] GC(299) Concurrent Mark Free 0.001ms
[342.512s][info][gc,phases   ] GC(299) Concurrent Process Non-Strong References 5.294ms
[342.512s][info][gc,phases   ] GC(299) Concurrent Reset Relocation Set 0.013ms
[342.516s][info][gc,phases   ] GC(299) Concurrent Select Relocation Set 4.009ms
[342.516s][info][gc,phases   ] GC(299) Pause Relocate Start 0.006ms
[342.521s][info][gc,phases   ] GC(299) Concurrent Relocate 4.112ms
[342.521s][info][gc,load     ] GC(299) Load: 0.00/0.00/0.00
[342.521s][info][gc,mmu      ] GC(299) MMU: 2ms/98.6%, 5ms/99.5%, 10ms/99.6%, 20ms/99.8%, 50ms/99.9%, 100ms/99.9%
[342.521s][info][gc,marking  ] GC(299) Mark: 1 stripe(s), 2 proactive flush(es), 1 terminate flush(es), 0 completion(s), 0 continuation(s) 
[342.521s][info][gc,marking  ] GC(299) Mark Stack Usage: 32M
[342.521s][info][gc,nmethod  ] GC(299) NMethods: 2015 registered, 375 unregistered
[342.521s][info][gc,metaspace] GC(299) Metaspace: 9M used, 10M committed, 1088M reserved
[342.521s][info][gc,ref      ] GC(299) Soft: 214 encountered, 0 discovered, 0 enqueued
[342.521s][info][gc,ref      ] GC(299) Weak: 811 encountered, 9 discovered, 0 enqueued
[342.521s][info][gc,ref      ] GC(299) Final: 0 encountered, 0 discovered, 0 enqueued
[342.521s][info][gc,ref      ] GC(299) Phantom: 27 encountered, 14 discovered, 0 enqueued
[342.521s][info][gc,reloc    ] GC(299) Small Pages: 214 / 428M, Empty: 318M, Relocated: 1M, In-Place: 0
[342.521s][info][gc,reloc    ] GC(299) Medium Pages: 0 / 0M, Empty: 0M, Relocated: 0M, In-Place: 0
[342.521s][info][gc,reloc    ] GC(299) Large Pages: 0 / 0M, Empty: 0M, Relocated: 0M, In-Place: 0
[342.521s][info][gc,reloc    ] GC(299) Forwarding Usage: 0M
[342.521s][info][gc,heap     ] GC(299) Min Capacity: 8M(2%)
[342.521s][info][gc,heap     ] GC(299) Max Capacity: 512M(100%)
[342.521s][info][gc,heap     ] GC(299) Soft Max Capacity: 512M(100%)
[342.521s][info][gc,heap     ] GC(299)                Mark Start          Mark End        Relocate Start      Relocate End           High               Low         
[342.521s][info][gc,heap     ] GC(299)  Capacity:      464M (91%)         464M (91%)         464M (91%)         464M (91%)         464M (91%)         464M (91%)    
[342.521s][info][gc,heap     ] GC(299)      Free:       84M (16%)          72M (14%)         388M (76%)         488M (95%)         488M (95%)          70M (14%)    
[342.521s][info][gc,heap     ] GC(299)      Used:      428M (84%)         440M (86%)         124M (24%)          24M (5%)          442M (86%)          24M (5%)     
[342.521s][info][gc,heap     ] GC(299)      Live:         -                 6M (1%)            6M (1%)            6M (1%)             -                  -          
[342.521s][info][gc,heap     ] GC(299) Allocated:         -                12M (2%)           14M (3%)           15M (3%)             -                  -          
[342.521s][info][gc,heap     ] GC(299)   Garbage:         -               421M (82%)         103M (20%)           1M (0%)             -                  -          
[342.521s][info][gc,heap     ] GC(299) Reclaimed:         -                  -               318M (62%)         419M (82%)            -                  -          
[342.521s][info][gc          ] GC(299) Garbage Collection (Allocation Rate) 428M(84%)->24M(5%)
[343.683s][info][gc,start    ] GC(300) Garbage Collection (Proactive)
[343.683s][info][gc,task     ] GC(300) Using 5 workers
[343.683s][info][gc,phases   ] GC(300) Pause Mark Start 0.017ms
[343.698s][info][gc,phases   ] GC(300) Concurrent Mark 15.151ms
[343.698s][info][gc,phases   ] GC(300) Pause Mark End 0.017ms
[343.698s][info][gc,phases   ] GC(300) Concurrent Mark Free 0.001ms
[343.700s][info][gc,phases   ] GC(300) Concurrent Process Non-Strong References 1.723ms
[343.700s][info][gc,phases   ] GC(300) Concurrent Reset Relocation Set 0.008ms
[343.705s][info][gc,phases   ] GC(300) Concurrent Select Relocation Set 4.504ms
[343.705s][info][gc,phases   ] GC(300) Pause Relocate Start 0.008ms
[343.708s][info][gc,phases   ] GC(300) Concurrent Relocate 2.603ms
[343.708s][info][gc,load     ] GC(300) Load: 0.00/0.00/0.00
[343.708s][info][gc,mmu      ] GC(300) MMU: 2ms/98.6%, 5ms/99.5%, 10ms/99.6%, 20ms/99.8%, 50ms/99.9%, 100ms/99.9%
[343.708s][info][gc,marking  ] GC(300) Mark: 4 stripe(s), 2 proactive flush(es), 1 terminate flush(es), 0 completion(s), 0 continuation(s) 
[343.708s][info][gc,marking  ] GC(300) Mark Stack Usage: 32M
[343.708s][info][gc,nmethod  ] GC(300) NMethods: 2015 registered, 375 unregistered
[343.708s][info][gc,metaspace] GC(300) Metaspace: 9M used, 10M committed, 1088M reserved
[343.708s][info][gc,ref      ] GC(300) Soft: 214 encountered, 0 discovered, 0 enqueued
[343.708s][info][gc,ref      ] GC(300) Weak: 811 encountered, 251 discovered, 0 enqueued
[343.708s][info][gc,ref      ] GC(300) Final: 0 encountered, 0 discovered, 0 enqueued
[343.708s][info][gc,ref      ] GC(300) Phantom: 27 encountered, 23 discovered, 0 enqueued
[343.708s][info][gc,reloc    ] GC(300) Small Pages: 198 / 396M, Empty: 272M, Relocated: 2M, In-Place: 0
[343.708s][info][gc,reloc    ] GC(300) Medium Pages: 0 / 0M, Empty: 0M, Relocated: 0M, In-Place: 0
[343.708s][info][gc,reloc    ] GC(300) Large Pages: 0 / 0M, Empty: 0M, Relocated: 0M, In-Place: 0
[343.708s][info][gc,reloc    ] GC(300) Forwarding Usage: 0M
[343.708s][info][gc,heap     ] GC(300) Min Capacity: 8M(2%)
[343.708s][info][gc,heap     ] GC(300) Max Capacity: 512M(100%)
[343.708s][info][gc,heap     ] GC(300) Soft Max Capacity: 512M(100%)
[343.708s][info][gc,heap     ] GC(300)                Mark Start          Mark End        Relocate Start      Relocate End           High               Low         
[343.708s][info][gc,heap     ] GC(300)  Capacity:      464M (91%)         464M (91%)         464M (91%)         464M (91%)         464M (91%)         464M (91%)    
[343.708s][info][gc,heap     ] GC(300)      Free:      116M (23%)         110M (21%)         380M (74%)         488M (95%)         488M (95%)         110M (21%)    
[343.708s][info][gc,heap     ] GC(300)      Used:      396M (77%)         402M (79%)         132M (26%)          24M (5%)          402M (79%)          24M (5%)     
[343.708s][info][gc,heap     ] GC(300)      Live:         -                 6M (1%)            6M (1%)            6M (1%)             -                  -          
[343.708s][info][gc,heap     ] GC(300) Allocated:         -                 6M (1%)            8M (2%)            9M (2%)             -                  -          
[343.708s][info][gc,heap     ] GC(300)   Garbage:         -               389M (76%)         117M (23%)           7M (1%)             -                  -          
[343.708s][info][gc,heap     ] GC(300) Reclaimed:         -                  -               272M (53%)         381M (75%)            -                  -          
[343.708s][info][gc          ] GC(300) Garbage Collection (Proactive) 396M(77%)->24M(5%)
[344.885s][info][gc,start    ] GC(301) Garbage Collection (Allocation Rate)
[344.885s][info][gc,task     ] GC(301) Using 1 workers
[344.886s][info][gc,phases   ] GC(301) Pause Mark Start 0.016ms
[344.913s][info][gc,phases   ] GC(301) Concurrent Mark 27.731ms
[344.914s][info][gc,phases   ] GC(301) Pause Mark End 0.017ms
[344.914s][info][gc,phases   ] GC(301) Concurrent Mark Free 0.001ms
[344.921s][info][gc,phases   ] GC(301) Concurrent Process Non-Strong References 7.330ms
[344.921s][info][gc,phases   ] GC(301) Concurrent Reset Relocation Set 0.010ms
[344.925s][info][gc,phases   ] GC(301) Concurrent Select Relocation Set 3.868ms
[344.925s][info][gc,phases   ] GC(301) Pause Relocate Start 0.008ms
[344.928s][info][gc,phases   ] GC(301) Concurrent Relocate 2.844ms
[344.928s][info][gc,load     ] GC(301) Load: 0.00/0.00/0.00
[344.928s][info][gc,mmu      ] GC(301) MMU: 2ms/98.6%, 5ms/99.5%, 10ms/99.6%, 20ms/99.8%, 50ms/99.9%, 100ms/99.9%
[344.928s][info][gc,marking  ] GC(301) Mark: 1 stripe(s), 2 proactive flush(es), 1 terminate flush(es), 0 completion(s), 0 continuation(s) 
[344.928s][info][gc,marking  ] GC(301) Mark Stack Usage: 32M
[344.928s][info][gc,nmethod  ] GC(301) NMethods: 2015 registered, 375 unregistered
[344.928s][info][gc,metaspace] GC(301) Metaspace: 9M used, 10M committed, 1088M reserved
[344.928s][info][gc,ref      ] GC(301) Soft: 214 encountered, 0 discovered, 0 enqueued
[344.928s][info][gc,ref      ] GC(301) Weak: 811 encountered, 189 discovered, 0 enqueued
[344.928s][info][gc,ref      ] GC(301) Final: 0 encountered, 0 discovered, 0 enqueued
[344.928s][info][gc,ref      ] GC(301) Phantom: 27 encountered, 25 discovered, 0 enqueued
[344.928s][info][gc,reloc    ] GC(301) Small Pages: 199 / 398M, Empty: 304M, Relocated: 1M, In-Place: 0
[344.929s][info][gc,reloc    ] GC(301) Medium Pages: 0 / 0M, Empty: 0M, Relocated: 0M, In-Place: 0
[344.929s][info][gc,reloc    ] GC(301) Large Pages: 0 / 0M, Empty: 0M, Relocated: 0M, In-Place: 0
[344.929s][info][gc,reloc    ] GC(301) Forwarding Usage: 0M
[344.929s][info][gc,heap     ] GC(301) Min Capacity: 8M(2%)
[344.929s][info][gc,heap     ] GC(301) Max Capacity: 512M(100%)
[344.929s][info][gc,heap     ] GC(301) Soft Max Capacity: 512M(100%)
[344.929s][info][gc,heap     ] GC(301)                Mark Start          Mark End        Relocate Start      Relocate End           High               Low         
[344.929s][info][gc,heap     ] GC(301)  Capacity:      464M (91%)         464M (91%)         464M (91%)         464M (91%)         464M (91%)         464M (91%)    
[344.929s][info][gc,heap     ] GC(301)      Free:      114M (22%)         102M (20%)         404M (79%)         488M (95%)         488M (95%)          98M (19%)    
[344.929s][info][gc,heap     ] GC(301)      Used:      398M (78%)         410M (80%)         108M (21%)          24M (5%)          414M (81%)          24M (5%)     
[344.929s][info][gc,heap     ] GC(301)      Live:         -                 6M (1%)            6M (1%)            6M (1%)             -                  -          
[344.929s][info][gc,heap     ] GC(301) Allocated:         -                12M (2%)           14M (3%)           15M (3%)             -                  -          
[344.929s][info][gc,heap     ] GC(301)   Garbage:         -               391M (76%)          87M (17%)           1M (0%)             -                  -          
[344.929s][info][gc,heap     ] GC(301) Reclaimed:         -                  -               304M (59%)         389M (76%)            -                  -          
[344.929s][info][gc          ] GC(301) Garbage Collection (Allocation Rate) 398M(78%)->24M(5%)
[345.458s][info][gc,heap,exit] Heap
[345.459s][info][gc,heap,exit]  ZHeap           used 196M, capacity 464M, max capacity 512M
[345.459s][info][gc,heap,exit]  Metaspace       used 10012K, committed 10240K, reserved 1114112K
[345.459s][info][gc,heap,exit]   class space    used 1312K, committed 1408K, reserved 1048576K
